--------- beginning of main
07-04 23:24:39.900  2164  2338 D ConnectivityService: NetReassign [no changes] [c 1] [a 0] [i 1]
07-04 23:24:39.907 22295 22295 D ProcessState: Binder ioctl to enable oneway spam detection failed: Invalid argument
--------- beginning of system
07-04 23:24:39.912  2164  4318 I ActivityTaskManager: START u0 {act=android.intent.action.MAIN cat=[android.intent.category.LAUNCHER] flg=0x10000000 cmp=com.example.batterymanager_utility/.MainActivity} from uid 2000
07-04 23:24:39.915  2164  4318 W ActivityTaskManager: Can't find TaskDisplayArea to determine support for multi window. Task id=475 attached=false
07-04 23:24:39.919  2164  4318 D CompatibilityChangeReporter: Compat change id reported: 174042980; UID 10232; state: DISABLED
07-04 23:24:39.919  2164  4318 D CompatibilityChangeReporter: Compat change id reported: 184838306; UID 10232; state: DISABLED
07-04 23:24:39.920  2164  4318 D CompatibilityChangeReporter: Compat change id reported: 185004937; UID 10232; state: DISABLED
07-04 23:24:39.924  2164  4318 D CompatibilityChangeReporter: Compat change id reported: 168419799; UID 10232; state: DISABLED
07-04 23:24:39.936  2164  2248 W ActivityManager: ProcessRecord{631318a 0:com.example.batterymanager_utility/u0a232}: ART verification disabled
07-04 23:24:39.936  2164  2248 D CompatibilityChangeReporter: Compat change id reported: 135634846; UID 10232; state: DISABLED
07-04 23:24:39.936  2164  2248 D CompatibilityChangeReporter: Compat change id reported: 177438394; UID 10232; state: DISABLED
07-04 23:24:39.936  2164  2248 D CompatibilityChangeReporter: Compat change id reported: 135772972; UID 10232; state: DISABLED
07-04 23:24:39.936  2164  2248 D CompatibilityChangeReporter: Compat change id reported: 135754954; UID 10232; state: ENABLED
07-04 23:24:39.936  2164  2257 D CompatibilityChangeReporter: Compat change id reported: 143937733; UID 10232; state: ENABLED
07-04 23:24:39.945  1085  1085 D Zygote  : Forked child process 22298
07-04 23:24:39.948  2164  2257 I ActivityManager: Start proc 22298:com.example.batterymanager_utility/u0a232 for pre-top-activity {com.example.batterymanager_utility/com.example.batterymanager_utility.MainActivity}
07-04 23:24:39.956 22298 22298 I manager_utilit: Late-enabling -Xcheck:jni
07-04 23:24:39.988 22298 22298 I manager_utilit: Using CollectorTypeCC GC.
07-04 23:24:39.992  5504  5512 I adbd    : jdwp connection from 22298
07-04 23:24:39.994 22298 22298 D ProcessState: Binder ioctl to enable oneway spam detection failed: Invalid argument
07-04 23:24:40.003 22298 22298 D CompatibilityChangeReporter: Compat change id reported: 171979766; UID 10232; state: ENABLED
07-04 23:24:40.008 22298 22298 W ziparchive: Unable to open '/data/app/~~zWMQcn9PA5uBnF0TdEzhPw==/com.example.batterymanager_utility-fT5TlXWIsVxkBbErt2a7XQ==/base.dm': No such file or directory
07-04 23:24:40.009 22298 22298 W ziparchive: Unable to open '/data/app/~~zWMQcn9PA5uBnF0TdEzhPw==/com.example.batterymanager_utility-fT5TlXWIsVxkBbErt2a7XQ==/base.dm': No such file or directory
07-04 23:24:40.030 30641 30641 I A       : onPause
07-04 23:24:40.034  3724  3724 I GsaVoiceInteractionSrv: Handling ACTION_STOP_HOTWORD
07-04 23:24:40.087 22298 22298 D nativeloader: Configuring classloader-namespace for other apk /data/app/~~zWMQcn9PA5uBnF0TdEzhPw==/com.example.batterymanager_utility-fT5TlXWIsVxkBbErt2a7XQ==/base.apk. target_sdk_version=33, uses_libraries=, library_path=/data/app/~~zWMQcn9PA5uBnF0TdEzhPw==/com.example.batterymanager_utility-fT5TlXWIsVxkBbErt2a7XQ==/lib/arm64, permitted_path=/data:/mnt/expand:/data/user/0/com.example.batterymanager_utility
07-04 23:24:40.093 22298 22298 V GraphicsEnvironment: ANGLE Developer option for 'com.example.batterymanager_utility' set to: 'default'
07-04 23:24:40.093 22298 22298 V GraphicsEnvironment: App is not on the allowlist for updatable production driver.
07-04 23:24:40.094 22298 22298 D NetworkSecurityConfig: No Network Security Config specified, using platform default
07-04 23:24:40.095 22298 22298 D NetworkSecurityConfig: No Network Security Config specified, using platform default
07-04 23:24:40.099 22298 22298 I BatteryMgr:App: creating notification channel
07-04 23:24:40.123 22320 22320 D AndroidRuntime: >>>>>> START com.android.internal.os.RuntimeInit uid 2000 <<<<<<
07-04 23:24:40.128 22320 22320 I AndroidRuntime: Using default boot image
07-04 23:24:40.128 22320 22320 I AndroidRuntime: Leaving lock profiling enabled
07-04 23:24:40.128 22320 22320 W libc    : Access denied finding property "odsign.verification.success"
07-04 23:24:40.125 22320 22320 W app_process: type=1400 audit(0.0:457): avc: denied { read } for name="u:object_r:odsign_prop:s0" dev="tmpfs" ino=23665 scontext=u:r:shell:s0 tcontext=u:object_r:odsign_prop:s0 tclass=file permissive=0
07-04 23:24:40.131 22320 22320 W app_process: ART APEX data files are untrusted.
07-04 23:24:40.131 22320 22320 I app_process: Using CollectorTypeCC GC.
07-04 23:24:40.131 22320 22320 E app_process: Error reading named image component header for /system/framework/boot.art, error: Unable to open file "/system/framework/arm64/boot.art" for reading image header
07-04 23:24:40.147 22326 22326 W dex2oat64: Mismatch between dex2oat instruction set features to use (ISA: Arm64 Feature string: -a53,crc,lse,fp16,-dotprod,-sve) and those from CPP defines (ISA: Arm64 Feature string: -a53,-crc,-lse,-fp16,-dotprod,-sve) for the command line:
07-04 23:24:40.147 22326 22326 W dex2oat64: /apex/com.android.art/bin/dex2oat64 --runtime-arg -Xbootclasspath:/apex/com.android.art/javalib/core-oj.jar:/apex/com.android.art/javalib/core-libart.jar:/apex/com.android.art/javalib/okhttp.jar:/apex/com.android.art/javalib/bouncycastle.jar:/apex/com.android.art/javalib/apache-xml.jar:/system/framework/framework.jar:/system/framework/framework-graphics.jar:/system/framework/ext.jar:/system/framework/telephony-common.jar:/system/framework/voip-common.jar:/system/framework/ims-common.jar:/apex/com.android.i18n/javalib/core-icu4j.jar --runtime-arg -Xbootclasspath-locations:/apex/com.android.art/javalib/core-oj.jar:/apex/com.android.art/javalib/core-libart.jar:/apex/com.android.art/javalib/okhttp.jar:/apex/com.android.art/javalib/bouncycastle.jar:/apex/com.android.art/javalib/apache-xml.jar:/system/framework/framework.jar:/system/framework/framework-graphics.jar:/system/framework/ext.jar:/system/framework/telephony-common.jar:/system/framework/voip-common.jar:/system/framework/ims-common.jar:/apex/com.android.i18n/javalib/core-icu4j.jar --base=0x70000000 --dex-file=/apex/com.android.art/javalib/core-oj.jar --dex-location=/apex/com.android.art/javalib/core-oj.jar --dex-file=/apex/com.android.art/javalib/core-libart.jar --dex-location=/apex/com.android.art/javalib/core-libart.jar --dex-file=/apex/com.android.art/javalib/okhttp.jar --dex-location=/apex/com.android.art/javalib/okhttp.jar --dex-file=/apex/com.android.art/javalib/bouncycastle.jar --dex-location=/apex/com.android.art/javalib/bouncycastle.jar --dex-file=/apex/com.android.art/javalib/apache-xml.jar --dex-location=/apex/com.android.art/javalib/apache-xml.jar --dex-file=/system/framework/framework.jar --dex-location=/system/framework/framework.jar --dex-file=/system/framework/framework-graphics.jar --dex-location=/system/framework/framework-graphics.jar --dex-file=/system/framework/ext.jar --dex-location=/system/framework/ext.jar --dex-file=/system/framework/telephony-common.jar --dex-location=/system/framework/telephony-common.jar --dex-file=/system/framework/voip-common.jar --dex-location=/system/framework/voip-common.jar --dex-file=/system/framework/ims-common.jar --dex-location=/system/framework/ims-common.jar --dex-file=/apex/com.android.i18n/javalib/core-icu4j.jar --dex-location=/apex/com.android.i18n/javalib/core-icu4j.jar --image-fd=5 --output-vdex-fd=6 --oat-fd=7 --oat-location=/system/framework/arm64/boot.oat --single-image --image-format=uncompressed --compiler-filter=verify --profile-file=/apex/com.android.art/etc/boot-image.prof --profile-file=/system/etc/boot-image.prof --avoid-storing-invocation --instruction-set=arm64 --instruction-set-features=runtime --runtime-arg -Xms64m --runtime-arg -Xmx64m --dirty-image-objects=/system/etc/dirty-image-objects --instruction-set-variant=kryo385 --instruction-set-features=default --generate-mini-debug-info
07-04 23:24:40.165 22326 22326 I dex2oat64: /apex/com.android.art/bin/dex2oat64 --runtime-arg -Xbootclasspath:/apex/com.android.art/javalib/core-oj.jar:/apex/com.android.art/javalib/core-libart.jar:/apex/com.android.art/javalib/okhttp.jar:/apex/com.android.art/javalib/bouncycastle.jar:/apex/com.android.art/javalib/apache-xml.jar:/system/framework/framework.jar:/system/framework/framework-graphics.jar:/system/framework/ext.jar:/system/framework/telephony-common.jar:/system/framework/voip-common.jar:/system/framework/ims-common.jar:/apex/com.android.i18n/javalib/core-icu4j.jar --runtime-arg -Xbootclasspath-locations:/apex/com.android.art/javalib/core-oj.jar:/apex/com.android.art/javalib/core-libart.jar:/apex/com.android.art/javalib/okhttp.jar:/apex/com.android.art/javalib/bouncycastle.jar:/apex/com.android.art/javalib/apache-xml.jar:/system/framework/framework.jar:/system/framework/framework-graphics.jar:/system/framework/ext.jar:/system/framework/telephony-common.jar:/system/framework/voip-common.jar:/system/framework/ims-common.jar:/apex/com.android.i18n/javalib/core-icu4j.jar --base=0x70000000 --dex-file=/apex/com.android.art/javalib/core-oj.jar --dex-location=/apex/com.android.art/javalib/core-oj.jar --dex-file=/apex/com.android.art/javalib/core-libart.jar --dex-location=/apex/com.android.art/javalib/core-libart.jar --dex-file=/apex/com.android.art/javalib/okhttp.jar --dex-location=/apex/com.android.art/javalib/okhttp.jar --dex-file=/apex/com.android.art/javalib/bouncycastle.jar --dex-location=/apex/com.android.art/javalib/bouncycastle.jar --dex-file=/apex/com.android.art/javalib/apache-xml.jar --dex-location=/apex/com.android.art/javalib/apache-xml.jar --dex-file=/system/framework/framework.jar --dex-location=/system/framework/framework.jar --dex-file=/system/framework/framework-graphics.jar --dex-location=/system/framework/framework-graphics.jar --dex-file=/system/framework/ext.jar --dex-location=/system/framework/ext.jar --dex-file=/system/framework/telephony-common.jar --dex-location=/system/framework/telephony-common.jar --dex-file=/system/framework/voip-common.jar --dex-location=/system/framework/voip-common.jar --dex-file=/system/framework/ims-common.jar --dex-location=/system/framework/ims-common.jar --dex-file=/apex/com.android.i18n/javalib/core-icu4j.jar --dex-location=/apex/com.android.i18n/javalib/core-icu4j.jar --image-fd=5 --output-vdex-fd=6 --oat-fd=7 --oat-location=/system/framework/arm64/boot.oat --single-image --image-format=uncompressed --compiler-filter=verify --profile-file=/apex/com.android.art/etc/boot-image.prof --profile-file=/system/etc/boot-image.prof --avoid-storing-invocation --instruction-set=arm64 --instruction-set-features=runtime --runtime-arg -Xms64m --runtime-arg -Xmx64m --dirty-image-objects=/system/etc/dirty-image-objects --instruction-set-variant=kryo385 --instruction-set-features=default --generate-mini-debug-info
07-04 23:24:40.166 22326 22326 I dex2oat64: setting boot class path to /apex/com.android.art/javalib/core-oj.jar:/apex/com.android.art/javalib/core-libart.jar:/apex/com.android.art/javalib/okhttp.jar:/apex/com.android.art/javalib/bouncycastle.jar:/apex/com.android.art/javalib/apache-xml.jar:/system/framework/framework.jar:/system/framework/framework-graphics.jar:/system/framework/ext.jar:/system/framework/telephony-common.jar:/system/framework/voip-common.jar:/system/framework/ims-common.jar:/apex/com.android.i18n/javalib/core-icu4j.jar
07-04 23:24:40.223  2570  2570 I WallpaperService: engine paused
07-04 23:24:40.243 30641 30641 I A       : (REDACTED) onApplyWindowInsets: systemWindowInsets=%s
07-04 23:24:40.243 30641 30641 I A       : (REDACTED) onApplyWindowInsets: systemWindowInsets=%s
07-04 23:24:40.249  2164  2249 D CompatibilityChangeReporter: Compat change id reported: 158002302; UID 10232; state: ENABLED
07-04 23:24:40.251 22298 22323 I AdrenoGLES-0: QUALCOMM build                   : 781e7d0, I46ff5fc46f
07-04 23:24:40.251 22298 22323 I AdrenoGLES-0: Build Date                       : 12/01/20
07-04 23:24:40.251 22298 22323 I AdrenoGLES-0: OpenGL ES Shader Compiler Version: EV031.31.04.01
07-04 23:24:40.251 22298 22323 I AdrenoGLES-0: Local Branch                     : QPR1
07-04 23:24:40.251 22298 22323 I AdrenoGLES-0: Remote Branch                    : 
07-04 23:24:40.251 22298 22323 I AdrenoGLES-0: Remote Branch                    : 
07-04 23:24:40.251 22298 22323 I AdrenoGLES-0: Reconstruct Branch               : 
07-04 23:24:40.251 22298 22323 I AdrenoGLES-0: Build Config                     : C P 11.0.1 AArch64
07-04 23:24:40.251 22298 22323 I AdrenoGLES-0: Driver Path                      : /vendor/lib64/egl/libGLESv2_adreno.so
07-04 23:24:40.253 22298 22323 I AdrenoGLES-0: PFP: 0x016ee190, ME: 0x00000000
07-04 23:24:40.254 22298 22323 W AdrenoUtils: <ReadGpuID_from_sysfs:197>: Failed to open /sys/class/kgsl/kgsl-3d0/gpu_model
07-04 23:24:40.254 22298 22323 W AdrenoUtils: <ReadGpuID:221>: Failed to read chip ID from gpu_model. Fallback to use the GSL path
07-04 23:24:40.260   739   767 I SDM     : HWCDisplay::GetColorModeCount: Supported color mode count = 5
07-04 23:24:40.260   737   776 E HWComposer: getSupportedContentTypes: getSupportedContentTypes failed for display 0: Unsupported (8)
07-04 23:24:40.261 22298 22323 D hw-ProcessState: Binder ioctl to enable oneway spam detection failed: Invalid argument
07-04 23:24:40.262   687   687 I hwservicemanager: getTransport: Cannot find entry android.hardware.graphics.mapper@4.0::IMapper/default in either framework or device VINTF manifest.
07-04 23:24:40.262 22298 22328 I Gralloc4: mapper 4.x is not supported
07-04 23:24:40.262   687   687 I hwservicemanager: getTransport: Cannot find entry android.hardware.graphics.mapper@3.0::IMapper/default in either framework or device VINTF manifest.
07-04 23:24:40.262 22298 22328 W Gralloc3: mapper 3.x is not supported
07-04 23:24:40.263   687   687 I hwservicemanager: getTransport: Cannot find entry android.hardware.graphics.allocator@4.0::IAllocator/default in either framework or device VINTF manifest.
07-04 23:24:40.264 22298 22328 W Gralloc4: allocator 4.x is not supported
07-04 23:24:40.264   687   687 I hwservicemanager: getTransport: Cannot find entry android.hardware.graphics.allocator@3.0::IAllocator/default in either framework or device VINTF manifest.
07-04 23:24:40.264 22298 22328 W Gralloc3: allocator 3.x is not supported
07-04 23:24:40.280  2164  2245 W ziparchive: Unable to open '/data/app/~~zWMQcn9PA5uBnF0TdEzhPw==/com.example.batterymanager_utility-fT5TlXWIsVxkBbErt2a7XQ==/base.dm': No such file or directory
07-04 23:24:40.282  2164  2245 I ActivityTaskManager: Displayed com.example.batterymanager_utility/.MainActivity: +368ms
07-04 23:24:40.295  3678  3678 I GoogleInputMethodService: GoogleInputMethodService.onFinishInput():3306 
07-04 23:24:40.296  3678  3678 I GoogleInputMethodService: GoogleInputMethodService.updateDeviceLockedStatus():2127 repeatCheckTimes = 0, locked = false
07-04 23:24:40.296  3678  3678 I GoogleInputMethodService: GoogleInputMethodService.onStartInput():1909 onStartInput(EditorInfo{inputType=0x0(NULL) imeOptions=0x0 privateImeOptions=null actionName=UNSPECIFIED actionLabel=null actionId=0 initialSelStart=-1 initialSelEnd=-1 initialCapsMode=0x0 hintText=null label=null packageName=com.example.batterymanager_utility fieldId=-1 fieldName=null extras=null hintLocales=[]}, false)
07-04 23:24:40.296  3678  3678 I GoogleInputMethodService: GoogleInputMethodService.shouldHideHeaderOnInitialState():1990 ShouldHideHeaderOnInitialState = false
07-04 23:24:40.297  2164  2248 W ProcessStats: Tracking association SourceState{a8711d3 com.google.android.googlequicksearchbox:search/10135 BTopFgs #54470} whose proc state 2 is better than process ProcessState{9b58cc3 com.google.android.gms.persistent/10125 pkg=com.google.android.gms} proc state 3 (49 skipped)
07-04 23:24:40.297 30641 30641 I A       : onStop
07-04 23:24:40.298  3678  3678 I GoogleInputMethodService: GoogleInputMethodService.updateDeviceLockedStatus():2127 repeatCheckTimes = 1, locked = false
07-04 23:24:40.460 22326 22326 I dex2oat64: Using CollectorTypeCC GC.
07-04 23:24:40.575  2164  4318 W InputManager-JNI: Input channel object 'bf1e92c Splash Screen com.example.batterymanager_utility (client)' was disposed without first being removed with the input manager!
07-04 23:24:42.248 22326 22326 I dex2oat64: Explicit concurrent copying GC freed 88237(11MB) AllocSpace objects, 5(84KB) LOS objects, 27% free, 15MB/21MB, paused 21us,16us total 90.471ms
07-04 23:24:42.463 22326 22326 I dex2oat64: Explicit concurrent copying GC freed 41961(7495KB) AllocSpace objects, 0(0B) LOS objects, 41% free, 8512KB/14MB, paused 14us,12us total 44.017ms
07-04 23:24:42.919  2164  2338 D ConnectivityService: NetReassign [no changes] [c 0] [a 0] [i 0]
07-04 23:24:42.923 22326 22326 I dex2oat64: dex2oat took 2.777s (5.684s cpu) (threads: 8) arena alloc=0B (0B) java alloc=8512KB (8716512B) native alloc=15MB (16378864B) free=4425KB (4531360B)
07-04 23:24:43.037 22320 22320 D app_process: Time zone APEX ICU file found: /apex/com.android.tzdata/etc/icu/icu_tzdata.dat
07-04 23:24:43.037 22320 22320 D app_process: I18n APEX ICU file found: /apex/com.android.i18n/etc/icu/icudt68l.dat
07-04 23:24:43.093 22320 22320 D ProcessState: Binder ioctl to enable oneway spam detection failed: Invalid argument
07-04 23:24:43.093 22320 22320 D AndroidRuntime: Calling main entry com.android.commands.monkey.Monkey
07-04 23:24:43.096 22320 22320 W Monkey  : args: [-p, e.www.writeroomtest, 1]
07-04 23:24:43.097 22320 22320 W Monkey  :  arg: "-p"
07-04 23:24:43.097 22320 22320 W Monkey  :  arg: "e.www.writeroomtest"
07-04 23:24:43.097 22320 22320 W Monkey  :  arg: "1"
07-04 23:24:43.097 22320 22320 W Monkey  : data="e.www.writeroomtest"
07-04 23:24:43.156  2164  2256 W BroadcastQueue: Skipping deliver [background] BroadcastRecord{e6df3bb u-1 android.net.conn.CONNECTIVITY_CHANGE} to ReceiverList{2b5f0d8 22320 (unknown name)/2000/u-1 remote:d2509b5}: process gone or crashing
07-04 23:24:43.169  2164  4318 I ActivityTaskManager: START u0 {act=android.intent.action.MAIN cat=[android.intent.category.LAUNCHER] flg=0x10200000 cmp=e.www.writeroomtest/.MainActivity} from uid 2000
07-04 23:24:43.171  2164  4318 W ActivityTaskManager: Can't find TaskDisplayArea to determine support for multi window. Task id=476 attached=false
07-04 23:24:43.173  2164  4318 D CompatibilityChangeReporter: Compat change id reported: 174042980; UID 10299; state: DISABLED
07-04 23:24:43.174  2164  4318 D CompatibilityChangeReporter: Compat change id reported: 184838306; UID 10299; state: DISABLED
07-04 23:24:43.175  2164  4318 D CompatibilityChangeReporter: Compat change id reported: 185004937; UID 10299; state: DISABLED
07-04 23:24:43.176  2164  4318 D CompatibilityChangeReporter: Compat change id reported: 181136395; UID 10299; state: DISABLED
07-04 23:24:43.176  2164  4318 D CompatibilityChangeReporter: Compat change id reported: 174042936; UID 10299; state: DISABLED
07-04 23:24:43.179  2164  4318 D CompatibilityChangeReporter: Compat change id reported: 168419799; UID 10299; state: DISABLED
07-04 23:24:43.183 22320 22320 I Monkey  : Events injected: 1
07-04 23:24:43.191  2164  2248 W ActivityManager: ProcessRecord{c054284 0:e.www.writeroomtest/u0a299}: ART verification disabled
07-04 23:24:43.191  2164  2248 D CompatibilityChangeReporter: Compat change id reported: 135634846; UID 10299; state: DISABLED
07-04 23:24:43.191  2164  2248 D CompatibilityChangeReporter: Compat change id reported: 177438394; UID 10299; state: DISABLED
07-04 23:24:43.192  2164  2248 D CompatibilityChangeReporter: Compat change id reported: 135772972; UID 10299; state: DISABLED
07-04 23:24:43.192  2164  2248 D CompatibilityChangeReporter: Compat change id reported: 135754954; UID 10299; state: DISABLED
07-04 23:24:43.192  2164  2257 D CompatibilityChangeReporter: Compat change id reported: 143937733; UID 10299; state: DISABLED
07-04 23:24:43.197 22320 22320 I Monkey  : ## Network stats: elapsed time=28ms (0ms mobile, 0ms wifi, 28ms not connected)
07-04 23:24:43.198 22320 22320 I app_process: System.exit called, status: 0
07-04 23:24:43.198 22320 22320 I AndroidRuntime: VM exiting with result code 0.
07-04 23:24:43.202  1085  1085 D Zygote  : Forked child process 22355
07-04 23:24:43.205  2164  2257 I ActivityManager: Start proc 22355:e.www.writeroomtest/u0a299 for pre-top-activity {e.www.writeroomtest/e.www.writeroomtest.MainActivity}
07-04 23:24:43.207 22355 22355 I w.writeroomtes: Late-enabling -Xcheck:jni
07-04 23:24:43.208  2570  2911 W OpenGLRenderer: Surface doesn't have any previously queued frames, nothing to readback from
07-04 23:24:43.214  2570  2570 I WallpaperService: engine resumed
07-04 23:24:43.215  2570  2911 W OpenGLRenderer: Surface doesn't have any previously queued frames, nothing to readback from
07-04 23:24:43.236 22355 22355 I w.writeroomtes: Using CollectorTypeCC GC.
07-04 23:24:43.240  5504  5512 I adbd    : jdwp connection from 22355
07-04 23:24:43.243 22355 22355 D ProcessState: Binder ioctl to enable oneway spam detection failed: Invalid argument
07-04 23:24:43.251 22355 22355 D CompatibilityChangeReporter: Compat change id reported: 171979766; UID 10299; state: DISABLED
07-04 23:24:43.256 22355 22355 D ApplicationLoaders: Returning zygote-cached class loader: /system/framework/android.test.base.jar
07-04 23:24:43.257 22355 22355 W ziparchive: Unable to open '/data/app/~~5aLGIMfilx1WpPNG1K0ucQ==/e.www.writeroomtest-l5W6cyUbwH3UiIhZ7zaaOQ==/base.dm': No such file or directory
07-04 23:24:43.257 22355 22355 W ziparchive: Unable to open '/data/app/~~5aLGIMfilx1WpPNG1K0ucQ==/e.www.writeroomtest-l5W6cyUbwH3UiIhZ7zaaOQ==/base.dm': No such file or directory
07-04 23:24:43.284 22355 22355 D nativeloader: Configuring classloader-namespace for other apk /data/app/~~5aLGIMfilx1WpPNG1K0ucQ==/e.www.writeroomtest-l5W6cyUbwH3UiIhZ7zaaOQ==/base.apk. target_sdk_version=28, uses_libraries=, library_path=/data/app/~~5aLGIMfilx1WpPNG1K0ucQ==/e.www.writeroomtest-l5W6cyUbwH3UiIhZ7zaaOQ==/lib/arm64, permitted_path=/data:/mnt/expand:/data/user/0/e.www.writeroomtest
07-04 23:24:43.291 22355 22355 V GraphicsEnvironment: ANGLE Developer option for 'e.www.writeroomtest' set to: 'default'
07-04 23:24:43.291 22355 22355 V GraphicsEnvironment: App is not on the allowlist for updatable production driver.
07-04 23:24:43.293 22355 22355 D NetworkSecurityConfig: No Network Security Config specified, using platform default
07-04 23:24:43.293 22355 22355 D NetworkSecurityConfig: No Network Security Config specified, using platform default
07-04 23:24:43.321 22355 22355 W w.writeroomtes: Accessing hidden method Landroid/view/View;->computeFitSystemWindows(Landroid/graphics/Rect;Landroid/graphics/Rect;)Z (unsupported, reflection, allowed)
07-04 23:24:43.321 22355 22355 W w.writeroomtes: Accessing hidden method Landroid/view/ViewGroup;->makeOptionalFitsSystemWindows()V (unsupported, reflection, allowed)
07-04 23:24:43.361  2164  2249 D CompatibilityChangeReporter: Compat change id reported: 158002302; UID 10299; state: ENABLED
07-04 23:24:43.363 22355 22377 I AdrenoGLES-0: QUALCOMM build                   : 781e7d0, I46ff5fc46f
07-04 23:24:43.363 22355 22377 I AdrenoGLES-0: Build Date                       : 12/01/20
07-04 23:24:43.363 22355 22377 I AdrenoGLES-0: OpenGL ES Shader Compiler Version: EV031.31.04.01
07-04 23:24:43.363 22355 22377 I AdrenoGLES-0: Local Branch                     : QPR1
07-04 23:24:43.363 22355 22377 I AdrenoGLES-0: Remote Branch                    : 
07-04 23:24:43.363 22355 22377 I AdrenoGLES-0: Remote Branch                    : 
07-04 23:24:43.363 22355 22377 I AdrenoGLES-0: Reconstruct Branch               : 
07-04 23:24:43.363 22355 22377 I AdrenoGLES-0: Build Config                     : C P 11.0.1 AArch64
07-04 23:24:43.363 22355 22377 I AdrenoGLES-0: Driver Path                      : /vendor/lib64/egl/libGLESv2_adreno.so
07-04 23:24:43.365 22355 22377 I AdrenoGLES-0: PFP: 0x016ee190, ME: 0x00000000
07-04 23:24:43.366 22355 22377 W AdrenoUtils: <ReadGpuID_from_sysfs:197>: Failed to open /sys/class/kgsl/kgsl-3d0/gpu_model
07-04 23:24:43.366 22355 22377 W AdrenoUtils: <ReadGpuID:221>: Failed to read chip ID from gpu_model. Fallback to use the GSL path
07-04 23:24:43.372   739   767 I SDM     : HWCDisplay::GetColorModeCount: Supported color mode count = 5
07-04 23:24:43.372   737   775 E HWComposer: getSupportedContentTypes: getSupportedContentTypes failed for display 0: Unsupported (8)
07-04 23:24:43.373 22355 22377 D hw-ProcessState: Binder ioctl to enable oneway spam detection failed: Invalid argument
07-04 23:24:43.374   687   687 I hwservicemanager: getTransport: Cannot find entry android.hardware.graphics.mapper@4.0::IMapper/default in either framework or device VINTF manifest.
07-04 23:24:43.374 22355 22383 I Gralloc4: mapper 4.x is not supported
07-04 23:24:43.374   687   687 I hwservicemanager: getTransport: Cannot find entry android.hardware.graphics.mapper@3.0::IMapper/default in either framework or device VINTF manifest.
07-04 23:24:43.374 22355 22383 W Gralloc3: mapper 3.x is not supported
07-04 23:24:43.375   687   687 I hwservicemanager: getTransport: Cannot find entry android.hardware.graphics.allocator@4.0::IAllocator/default in either framework or device VINTF manifest.
07-04 23:24:43.375 22355 22383 W Gralloc4: allocator 4.x is not supported
07-04 23:24:43.376   687   687 I hwservicemanager: getTransport: Cannot find entry android.hardware.graphics.allocator@3.0::IAllocator/default in either framework or device VINTF manifest.
07-04 23:24:43.376 22355 22383 W Gralloc3: allocator 3.x is not supported
07-04 23:24:43.387  2164  2245 W ziparchive: Unable to open '/data/app/~~5aLGIMfilx1WpPNG1K0ucQ==/e.www.writeroomtest-l5W6cyUbwH3UiIhZ7zaaOQ==/base.dm': No such file or directory
07-04 23:24:43.388  2164  2245 I ActivityTaskManager: Displayed e.www.writeroomtest/.MainActivity: +216ms
07-04 23:24:43.394  3678  3678 I GoogleInputMethodService: GoogleInputMethodService.onFinishInput():3306 
07-04 23:24:43.395  3678  3678 I GoogleInputMethodService: GoogleInputMethodService.updateDeviceLockedStatus():2127 repeatCheckTimes = 0, locked = false
07-04 23:24:43.395  3678  3678 I GoogleInputMethodService: GoogleInputMethodService.onStartInput():1909 onStartInput(EditorInfo{inputType=0x0(NULL) imeOptions=0x0 privateImeOptions=null actionName=UNSPECIFIED actionLabel=null actionId=0 initialSelStart=-1 initialSelEnd=-1 initialCapsMode=0x0 hintText=null label=null packageName=e.www.writeroomtest fieldId=-1 fieldName=null extras=null hintLocales=[]}, false)
07-04 23:24:43.395  3678  3678 I GoogleInputMethodService: GoogleInputMethodService.shouldHideHeaderOnInitialState():1990 ShouldHideHeaderOnInitialState = false
07-04 23:24:43.396  3678  3678 I GoogleInputMethodService: GoogleInputMethodService.updateDeviceLockedStatus():2127 repeatCheckTimes = 1, locked = false
07-04 23:24:43.681  2164  4318 W InputManager-JNI: Input channel object 'e99ba6d Splash Screen e.www.writeroomtest (client)' was disposed without first being removed with the input manager!
07-04 23:24:43.817  2570  2570 I WallpaperService: engine paused
07-04 23:24:44.397 22389 22389 D ProcessState: Binder ioctl to enable oneway spam detection failed: Invalid argument
07-04 23:24:44.939 22405 22405 D ProcessState: Binder ioctl to enable oneway spam detection failed: Invalid argument
07-04 23:24:44.944  2164  4318 I ActivityManager: Background started FGS: Allowed [callingPackage: com.android.shell; callingUid: 2000; uidState: NONE; intent: Intent { cmp=com.example.batterymanager_utility/.DataCollectionService (has extras) }; code:SYSTEM_UID; tempAllowListReason:<,reasonCode:SYSTEM_ALLOW_LISTED,duration:9223372036854775807,callingUid:-1>; targetSdkVersion:33; callerTargetSdkVersion:-1; startForegroundCount:0; bindFromPackage:null]
07-04 23:24:44.953 22298 22298 I BatteryMgr:DataCollectionService: onStartCommand: begin
07-04 23:24:44.954 22298 22298 I BatteryMgr:DataCollectionService: onStartCommand: sampleRate => 100
07-04 23:24:44.954 22298 22298 I BatteryMgr:DataCollectionService: onStartCommand: rawFields => Timestamp,BATTERY_PROPERTY_CURRENT_NOW,EXTRA_VOLTAGE
07-04 23:24:44.955 22298 22298 I BatteryMgr:DataCollectionService: onStartCommand: notification done
07-04 23:24:44.958 22298 22298 I BatteryMgr:DataCollectionService: started foreground
07-04 23:24:44.966 22298 22408 I BatteryMgr:DataCollectionService: collectData: begin
07-04 23:24:44.971 22298 22408 I BatteryMgr:DataCollectionService: stats => 1688505884971,241562,4105
07-04 23:24:45.079 22298 22408 I BatteryMgr:DataCollectionService: stats => 1688505885078,241562,4105
07-04 23:24:45.194 22298 22408 I BatteryMgr:DataCollectionService: stats => 1688505885194,210937,4105
07-04 23:24:45.308 22298 22408 I BatteryMgr:DataCollectionService: stats => 1688505885308,210937,4105
07-04 23:24:45.431 22298 22408 I BatteryMgr:DataCollectionService: stats => 1688505885431,210937,4105
07-04 23:24:45.548 22298 22408 I BatteryMgr:DataCollectionService: stats => 1688505885547,104375,4105
07-04 23:24:45.665 22298 22408 I BatteryMgr:DataCollectionService: stats => 1688505885664,104375,4105
07-04 23:24:45.785 22298 22408 I BatteryMgr:DataCollectionService: stats => 1688505885784,104375,4105
07-04 23:24:45.901 22298 22408 I BatteryMgr:DataCollectionService: stats => 1688505885900,147187,4105
07-04 23:24:45.945  2164  2338 D ConnectivityService: NetReassign [no changes] [c 0] [a 0] [i 3]
07-04 23:24:46.026 22298 22408 I BatteryMgr:DataCollectionService: stats => 1688505886026,147187,4105
07-04 23:24:46.139 22298 22408 I BatteryMgr:DataCollectionService: stats => 1688505886139,147187,4105
07-04 23:24:46.141 22298 22416 D ProfileInstaller: Installing profile for com.example.batterymanager_utility
07-04 23:24:46.256 22298 22408 I BatteryMgr:DataCollectionService: stats => 1688505886256,181875,4105
07-04 23:24:46.366 22298 22408 I BatteryMgr:DataCollectionService: stats => 1688505886366,181875,4105
07-04 23:24:46.489 22298 22408 I BatteryMgr:DataCollectionService: stats => 1688505886489,181875,4105
07-04 23:24:46.607 22298 22408 I BatteryMgr:DataCollectionService: stats => 1688505886607,92812,4105
07-04 23:24:46.732 22298 22408 I BatteryMgr:DataCollectionService: stats => 1688505886731,92812,4105
07-04 23:24:46.859 22298 22408 I BatteryMgr:DataCollectionService: stats => 1688505886858,92812,4105
07-04 23:24:46.976 22298 22408 I BatteryMgr:DataCollectionService: stats => 1688505886976,113125,4105
07-04 23:24:47.101 22298 22408 I BatteryMgr:DataCollectionService: stats => 1688505887101,113125,4105
07-04 23:24:47.223 22298 22408 I BatteryMgr:DataCollectionService: stats => 1688505887223,113125,4105
07-04 23:24:47.339 22298 22408 I BatteryMgr:DataCollectionService: stats => 1688505887339,116250,4105
07-04 23:24:47.453 22298 22408 I BatteryMgr:DataCollectionService: stats => 1688505887452,116250,4105
07-04 23:24:47.577 22298 22408 I BatteryMgr:DataCollectionService: stats => 1688505887577,116250,4105
07-04 23:24:47.704 22298 22408 I BatteryMgr:DataCollectionService: stats => 1688505887704,110000,4105
07-04 23:24:47.821 22298 22408 I BatteryMgr:DataCollectionService: stats => 1688505887820,110000,4105
07-04 23:24:47.948 22298 22408 I BatteryMgr:DataCollectionService: stats => 1688505887948,110000,4105
07-04 23:24:48.072 22298 22408 I BatteryMgr:DataCollectionService: stats => 1688505888072,123437,4105
07-04 23:24:48.188 22298 22408 I BatteryMgr:DataCollectionService: stats => 1688505888188,123437,4105
07-04 23:24:48.308 22298 22408 I BatteryMgr:DataCollectionService: stats => 1688505888308,123437,4105
07-04 23:24:48.426 22298 22408 I BatteryMgr:DataCollectionService: stats => 1688505888426,127812,4105
07-04 23:24:48.540 22298 22408 I BatteryMgr:DataCollectionService: stats => 1688505888540,127812,4105
07-04 23:24:48.653 22298 22408 I BatteryMgr:DataCollectionService: stats => 1688505888653,127812,4105
07-04 23:24:48.761 22298 22408 I BatteryMgr:DataCollectionService: stats => 1688505888761,203437,4105
07-04 23:24:48.891 22298 22408 I BatteryMgr:DataCollectionService: stats => 1688505888891,203437,4105
07-04 23:24:48.981  2164  2338 D ConnectivityService: NetReassign [no changes] [c 0] [a 1] [i 2]
07-04 23:24:48.999 22298 22408 I BatteryMgr:DataCollectionService: stats => 1688505888999,203437,4105
07-04 23:24:49.129 22298 22408 I BatteryMgr:DataCollectionService: stats => 1688505889129,92187,4105
07-04 23:24:49.245 22298 22408 I BatteryMgr:DataCollectionService: stats => 1688505889245,92187,4105
07-04 23:24:49.360 22298 22408 I BatteryMgr:DataCollectionService: stats => 1688505889360,92187,4105
07-04 23:24:49.478 22298 22408 I BatteryMgr:DataCollectionService: stats => 1688505889478,189687,4105
07-04 23:24:49.609 22298 22408 I BatteryMgr:DataCollectionService: stats => 1688505889608,189687,4105
07-04 23:24:49.721 22298 22408 I BatteryMgr:DataCollectionService: stats => 1688505889721,189687,4105
07-04 23:24:49.831 22298 22408 I BatteryMgr:DataCollectionService: stats => 1688505889831,196562,4105
07-04 23:24:49.947 22298 22408 I BatteryMgr:DataCollectionService: stats => 1688505889947,196562,4105
07-04 23:24:50.054 22298 22408 I BatteryMgr:DataCollectionService: stats => 1688505890054,196562,4105
07-04 23:24:50.177 22298 22408 I BatteryMgr:DataCollectionService: stats => 1688505890177,205625,4105
07-04 23:24:50.300 22298 22408 I BatteryMgr:DataCollectionService: stats => 1688505890299,205625,4105
07-04 23:24:50.426 22298 22408 I BatteryMgr:DataCollectionService: stats => 1688505890426,205625,4105
07-04 23:24:50.549 22298 22408 I BatteryMgr:DataCollectionService: stats => 1688505890549,128437,4105
07-04 23:24:50.676 22298 22408 I BatteryMgr:DataCollectionService: stats => 1688505890676,128437,4105
07-04 23:24:50.789 22298 22408 I BatteryMgr:DataCollectionService: stats => 1688505890788,188125,4105
07-04 23:24:50.901 22298 22408 I BatteryMgr:DataCollectionService: stats => 1688505890901,188125,4105
07-04 23:24:51.030 22298 22408 I BatteryMgr:DataCollectionService: stats => 1688505891030,188125,4105
07-04 23:24:51.150 22298 22408 I BatteryMgr:DataCollectionService: stats => 1688505891150,119062,4105
07-04 23:24:51.266 22298 22408 I BatteryMgr:DataCollectionService: stats => 1688505891266,119062,4105
07-04 23:24:51.379 22298 22408 I BatteryMgr:DataCollectionService: stats => 1688505891379,119062,4105
07-04 23:24:51.500 22298 22408 I BatteryMgr:DataCollectionService: stats => 1688505891499,169062,4105
07-04 23:24:51.621 22298 22408 I BatteryMgr:DataCollectionService: stats => 1688505891621,169062,4105
07-04 23:24:51.745 22298 22408 I BatteryMgr:DataCollectionService: stats => 1688505891745,169062,4105
07-04 23:24:51.866 22298 22408 I BatteryMgr:DataCollectionService: stats => 1688505891866,105312,4105
07-04 23:24:51.976 22298 22408 I BatteryMgr:DataCollectionService: stats => 1688505891976,105312,4105
07-04 23:24:51.999  2164  2338 D ConnectivityService: NetReassign [no changes] [c 0] [a 1] [i 2]
07-04 23:24:52.087 22298 22408 I BatteryMgr:DataCollectionService: stats => 1688505892087,105312,4105
07-04 23:24:52.209 22298 22408 I BatteryMgr:DataCollectionService: stats => 1688505892209,90625,4105
07-04 23:24:52.336 22298 22408 I BatteryMgr:DataCollectionService: stats => 1688505892335,90625,4105
07-04 23:24:52.459 22298 22408 I BatteryMgr:DataCollectionService: stats => 1688505892459,90625,4105
07-04 23:24:52.586 22298 22408 I BatteryMgr:DataCollectionService: stats => 1688505892586,109687,4105
07-04 23:24:52.703 22298 22408 I BatteryMgr:DataCollectionService: stats => 1688505892702,109687,4105
07-04 23:24:52.815 22298 22408 I BatteryMgr:DataCollectionService: stats => 1688505892815,109687,4105
07-04 23:24:52.935 22298 22408 I BatteryMgr:DataCollectionService: stats => 1688505892935,95000,4105
07-04 23:24:53.049 22298 22408 I BatteryMgr:DataCollectionService: stats => 1688505893049,95000,4105
07-04 23:24:53.157 22298 22408 I BatteryMgr:DataCollectionService: stats => 1688505893156,95000,4105
07-04 23:24:53.288 22298 22408 I BatteryMgr:DataCollectionService: stats => 1688505893287,226875,4105
07-04 23:24:53.409 22298 22408 I BatteryMgr:DataCollectionService: stats => 1688505893409,226875,4105
07-04 23:24:53.536 22298 22408 I BatteryMgr:DataCollectionService: stats => 1688505893535,226875,4105
07-04 23:24:53.657 22298 22408 I BatteryMgr:DataCollectionService: stats => 1688505893657,98125,4105
07-04 23:24:53.783 22298 22408 I BatteryMgr:DataCollectionService: stats => 1688505893783,98125,4105
07-04 23:24:53.907 22298 22408 I BatteryMgr:DataCollectionService: stats => 1688505893906,98125,4105
07-04 23:24:54.026 22298 22408 I BatteryMgr:DataCollectionService: stats => 1688505894025,109062,4105
07-04 23:24:54.134 22298 22408 I BatteryMgr:DataCollectionService: stats => 1688505894134,109062,4105
07-04 23:24:54.243 22298 22408 I BatteryMgr:DataCollectionService: stats => 1688505894242,109062,4105
07-04 23:24:54.356 22298 22408 I BatteryMgr:DataCollectionService: stats => 1688505894355,205312,4105
07-04 23:24:54.476 22298 22408 I BatteryMgr:DataCollectionService: stats => 1688505894476,205312,4105
07-04 23:24:54.600 22298 22408 I BatteryMgr:DataCollectionService: stats => 1688505894599,205312,4105
07-04 23:24:54.720 22298 22408 I BatteryMgr:DataCollectionService: stats => 1688505894719,130625,4105
07-04 23:24:54.841 22298 22408 I BatteryMgr:DataCollectionService: stats => 1688505894841,130625,4105
07-04 23:24:54.964 22298 22408 I BatteryMgr:DataCollectionService: stats => 1688505894964,130625,4105
07-04 23:24:55.043  2164  2338 D ConnectivityService: NetReassign [no changes] [c 0] [a 0] [i 3]
07-04 23:24:55.078 22298 22408 I BatteryMgr:DataCollectionService: stats => 1688505895077,121875,4105
07-04 23:24:55.203 22298 22408 I BatteryMgr:DataCollectionService: stats => 1688505895203,121875,4105
07-04 23:24:55.319 22298 22408 I BatteryMgr:DataCollectionService: stats => 1688505895319,121875,4105
07-04 23:24:55.353 30663 30663 D BoundBrokerSvc: onUnbind: Intent { act=com.google.android.gms.inappreach.service.START dat=chimera-action: cmp=com.google.android.gms/.chimera.GmsApiService }
07-04 23:24:55.354  2164  2867 W ProcessStats: Tracking association SourceState{c3a3072 system/1000 BTopFgs #54484} whose proc state 2 is better than process ProcessState{9b58cc3 com.google.android.gms.persistent/10125 pkg=com.google.android.gms} proc state 3 (28 skipped)
07-04 23:24:55.435 22298 22408 I BatteryMgr:DataCollectionService: stats => 1688505895435,203125,4105
07-04 23:24:55.547 22298 22408 I BatteryMgr:DataCollectionService: stats => 1688505895547,203125,4105
07-04 23:24:55.660 22298 22408 I BatteryMgr:DataCollectionService: stats => 1688505895660,203125,4105
07-04 23:24:55.774 22298 22408 I BatteryMgr:DataCollectionService: stats => 1688505895774,145937,4105
07-04 23:24:55.889 22298 22408 I BatteryMgr:DataCollectionService: stats => 1688505895889,145937,4105
07-04 23:24:56.009 22298 22408 I BatteryMgr:DataCollectionService: stats => 1688505896008,145937,4105
07-04 23:24:56.125 22298 22408 I BatteryMgr:DataCollectionService: stats => 1688505896125,114062,4105
07-04 23:24:56.246 22298 22408 I BatteryMgr:DataCollectionService: stats => 1688505896245,114062,4105
07-04 23:24:56.367 22298 22408 I BatteryMgr:DataCollectionService: stats => 1688505896367,114062,4105
07-04 23:24:56.487 22298 22408 I BatteryMgr:DataCollectionService: stats => 1688505896486,143125,4105
07-04 23:24:56.607 22298 22408 I BatteryMgr:DataCollectionService: stats => 1688505896607,143125,4105
07-04 23:24:56.730 22298 22408 I BatteryMgr:DataCollectionService: stats => 1688505896730,143125,4105
07-04 23:24:56.859 22298 22408 I BatteryMgr:DataCollectionService: stats => 1688505896859,135000,4105
07-04 23:24:56.982 22298 22408 I BatteryMgr:DataCollectionService: stats => 1688505896982,135000,4105
07-04 23:24:57.105 22298 22408 I BatteryMgr:DataCollectionService: stats => 1688505897105,110625,4105
07-04 23:24:57.221 22298 22408 I BatteryMgr:DataCollectionService: stats => 1688505897221,110625,4105
07-04 23:24:57.348 22298 22408 I BatteryMgr:DataCollectionService: stats => 1688505897348,110625,4105
07-04 23:24:57.477 22298 22408 I BatteryMgr:DataCollectionService: stats => 1688505897476,106562,4105
07-04 23:24:57.593 22298 22408 I BatteryMgr:DataCollectionService: stats => 1688505897593,106562,4105
07-04 23:24:57.706 22298 22408 I BatteryMgr:DataCollectionService: stats => 1688505897706,106562,4105
07-04 23:24:57.819 22298 22408 I BatteryMgr:DataCollectionService: stats => 1688505897818,169375,4105
07-04 23:24:57.948 22298 22408 I BatteryMgr:DataCollectionService: stats => 1688505897948,169375,4105
07-04 23:24:58.062 22298 22408 I BatteryMgr:DataCollectionService: stats => 1688505898061,169375,4105
07-04 23:24:58.079  2164  2338 D ConnectivityService: NetReassign [no changes] [c 1] [a 0] [i 2]
07-04 23:24:58.184 22298 22408 I BatteryMgr:DataCollectionService: stats => 1688505898183,150000,4105
07-04 23:24:58.304 22298 22408 I BatteryMgr:DataCollectionService: stats => 1688505898304,150000,4105
07-04 23:24:58.419 22298 22408 I BatteryMgr:DataCollectionService: stats => 1688505898418,150000,4105
07-04 23:24:58.544 22298 22408 I BatteryMgr:DataCollectionService: stats => 1688505898544,111875,4105
07-04 23:24:58.659 22298 22408 I BatteryMgr:DataCollectionService: stats => 1688505898659,111875,4105
07-04 23:24:58.777 22298 22408 I BatteryMgr:DataCollectionService: stats => 1688505898776,111875,4105
07-04 23:24:58.890 22298 22408 I BatteryMgr:DataCollectionService: stats => 1688505898890,211562,4105
07-04 23:24:59.007 22298 22408 I BatteryMgr:DataCollectionService: stats => 1688505899007,211562,4105
07-04 23:24:59.135 22298 22408 I BatteryMgr:DataCollectionService: stats => 1688505899135,211562,4105
07-04 23:24:59.261 22298 22408 I BatteryMgr:DataCollectionService: stats => 1688505899261,90000,4105
07-04 23:24:59.372 22298 22408 I BatteryMgr:DataCollectionService: stats => 1688505899372,90000,4105
07-04 23:24:59.486 22298 22408 I BatteryMgr:DataCollectionService: stats => 1688505899486,90000,4105
07-04 23:24:59.606 22298 22408 I BatteryMgr:DataCollectionService: stats => 1688505899606,110625,4105
07-04 23:24:59.719 22298 22408 I BatteryMgr:DataCollectionService: stats => 1688505899719,110625,4105
07-04 23:24:59.846 22298 22408 I BatteryMgr:DataCollectionService: stats => 1688505899846,110625,4105
07-04 23:24:59.956 22298 22408 I BatteryMgr:DataCollectionService: stats => 1688505899956,180000,4105
07-04 23:25:00.011  3655  3912 I AiAiEcho: Predicting[7]: { Feature:1, creation:2023-07-04T21:14:11.371Z, expiry:2023-07-04T22:00:00Z, isExpired: false}, { Feature:1, creation:2023-07-04T22:00:00Z, expiry:2023-07-04T23:00:00Z, isExpired: true}, { Feature:1, creation:2023-07-04T23:00:00Z, expiry:2023-07-05T00:00:00Z, isExpired: true}, { Feature:1, creation:2023-07-05T00:00:00Z, expiry:2023-07-05T01:00:00Z, isExpired: true}, { Feature:1, creation:2023-07-05T01:00:00Z, expiry:2023-07-05T02:00:00Z, isExpired: true}, { Feature:1, creation:2023-07-05T02:00:00Z, expiry:2023-07-05T03:00:00Z, isExpired: true}, { Feature:1, creation:2023-07-05T03:00:00Z, expiry:2023-07-05T03:14:11.371Z, isExpired: true}
07-04 23:25:00.013  3655  3912 I AiAiEcho: EchoTargets: Feature:1
07-04 23:25:00.013  3655  3912 I AiAiEcho: Filtered by AiAi flag check: 
07-04 23:25:00.014  3655  3912 I AiAiEcho: Ranked targets strategy: WEIGHTED, count: 1, ranking metadata: { cardId: WEATHER-569377242, card type: 1, update time: 2023-07-04T21:14:11.371Z, expiration time: 2023-07-04T22:00:00Z, ranking metadata: RankingMetaData(urgency=0.971, priority=0.3, recency=1.0, rankScore=0.29130003, importantTimePoints=# kwj@7bca4) }
07-04 23:25:00.017  3655  3912 I AiAiEcho: #postPredictionTargets: Sending updates to UISurface lockscreen with targets# 1 (types=[1])
07-04 23:25:00.026  2428  2428 W BcSmartspaceCard: No title view to update
07-04 23:25:00.063 22298 22408 I BatteryMgr:DataCollectionService: stats => 1688505900063,180000,4105
07-04 23:25:00.170 22298 22408 I BatteryMgr:DataCollectionService: stats => 1688505900170,180000,4105
07-04 23:25:00.282 22298 22408 I BatteryMgr:DataCollectionService: stats => 1688505900282,117187,4105
07-04 23:25:00.411 22298 22408 I BatteryMgr:DataCollectionService: stats => 1688505900411,117187,4105
07-04 23:25:00.537 22298 22408 I BatteryMgr:DataCollectionService: stats => 1688505900537,117187,4105
07-04 23:25:00.665 22298 22408 I BatteryMgr:DataCollectionService: stats => 1688505900665,103125,4105
07-04 23:25:00.787 22298 22408 I BatteryMgr:DataCollectionService: stats => 1688505900787,103125,4105
07-04 23:25:00.914 22298 22408 I BatteryMgr:DataCollectionService: stats => 1688505900914,103125,4105
07-04 23:25:01.027 22298 22408 I BatteryMgr:DataCollectionService: stats => 1688505901027,115000,4105
07-04 23:25:01.098  2164  2338 D ConnectivityService: NetReassign [no changes] [c 0] [a 0] [i 2]
07-04 23:25:01.143 22298 22408 I BatteryMgr:DataCollectionService: stats => 1688505901143,115000,4105
07-04 23:25:01.260 22298 22408 I BatteryMgr:DataCollectionService: stats => 1688505901260,115000,4105
07-04 23:25:01.386 22298 22408 I BatteryMgr:DataCollectionService: stats => 1688505901386,285625,4105
07-04 23:25:01.501 22298 22408 I BatteryMgr:DataCollectionService: stats => 1688505901501,285625,4105
07-04 23:25:01.621 22298 22408 I BatteryMgr:DataCollectionService: stats => 1688505901621,285625,4105
07-04 23:25:01.748 22298 22408 I BatteryMgr:DataCollectionService: stats => 1688505901748,102500,4105
07-04 23:25:01.875 22298 22408 I BatteryMgr:DataCollectionService: stats => 1688505901874,102500,4105
07-04 23:25:01.987 22298 22408 I BatteryMgr:DataCollectionService: stats => 1688505901987,112812,4105
07-04 23:25:02.106 22298 22408 I BatteryMgr:DataCollectionService: stats => 1688505902106,112812,4105
07-04 23:25:02.219 22298 22408 I BatteryMgr:DataCollectionService: stats => 1688505902219,112812,4105
07-04 23:25:02.331 22298 22408 I BatteryMgr:DataCollectionService: stats => 1688505902331,112812,4105
07-04 23:25:02.454 22298 22408 I BatteryMgr:DataCollectionService: stats => 1688505902454,161875,4105
07-04 23:25:02.572 22298 22408 I BatteryMgr:DataCollectionService: stats => 1688505902572,161875,4105
07-04 23:25:02.701 22298 22408 I BatteryMgr:DataCollectionService: stats => 1688505902701,105000,4105
07-04 23:25:02.822 22298 22408 I BatteryMgr:DataCollectionService: stats => 1688505902822,105000,4105
07-04 23:25:02.933 22298 22408 I BatteryMgr:DataCollectionService: stats => 1688505902933,105000,4105
07-04 23:25:03.042 22298 22408 I BatteryMgr:DataCollectionService: stats => 1688505903042,105000,4105
07-04 23:25:03.155 22298 22408 I BatteryMgr:DataCollectionService: stats => 1688505903155,132187,4105
07-04 23:25:03.267 22298 22408 I BatteryMgr:DataCollectionService: stats => 1688505903267,132187,4105
07-04 23:25:03.380 22298 22408 I BatteryMgr:DataCollectionService: stats => 1688505903380,132187,4105
07-04 23:25:03.500 22298 22408 I BatteryMgr:DataCollectionService: stats => 1688505903500,195312,4105
07-04 23:25:03.619 22298 22408 I BatteryMgr:DataCollectionService: stats => 1688505903619,195312,4105
07-04 23:25:03.742 22298 22408 I BatteryMgr:DataCollectionService: stats => 1688505903741,195312,4105
07-04 23:25:03.871 22298 22408 I BatteryMgr:DataCollectionService: stats => 1688505903871,161875,4105
07-04 23:25:03.998 22298 22408 I BatteryMgr:DataCollectionService: stats => 1688505903998,161875,4105
07-04 23:25:04.118 22298 22408 I BatteryMgr:DataCollectionService: stats => 1688505904118,97187,4105
07-04 23:25:04.133  2164  2338 D ConnectivityService: NetReassign [no changes] [c 0] [a 0] [i 3]
07-04 23:25:04.245 22298 22408 I BatteryMgr:DataCollectionService: stats => 1688505904245,97187,4105
07-04 23:25:04.362 22298 22408 I BatteryMgr:DataCollectionService: stats => 1688505904362,97187,4105
07-04 23:25:04.477 22298 22408 I BatteryMgr:DataCollectionService: stats => 1688505904477,166250,4105
07-04 23:25:04.592 22298 22408 I BatteryMgr:DataCollectionService: stats => 1688505904592,166250,4105
07-04 23:25:04.708 22298 22408 I BatteryMgr:DataCollectionService: stats => 1688505904708,166250,4105
07-04 23:25:04.833 22298 22408 I BatteryMgr:DataCollectionService: stats => 1688505904833,140937,4105
07-04 23:25:04.940  2428  2428 D PowerNotificationWarningsGoogleImpl: isPlugged: false | isOverheated: false | defenderEnabled: false
07-04 23:25:04.945 22298 22408 I BatteryMgr:DataCollectionService: stats => 1688505904945,140937,4114
07-04 23:25:05.054 22298 22408 I BatteryMgr:DataCollectionService: stats => 1688505905054,140937,4114
07-04 23:25:05.162 22298 22408 I BatteryMgr:DataCollectionService: stats => 1688505905162,115000,4114
07-04 23:25:05.276 22298 22408 I BatteryMgr:DataCollectionService: stats => 1688505905276,115000,4114
07-04 23:25:05.395 22298 22408 I BatteryMgr:DataCollectionService: stats => 1688505905395,115000,4114
07-04 23:25:05.504 22298 22408 I BatteryMgr:DataCollectionService: stats => 1688505905504,149062,4114
07-04 23:25:05.615 22298 22408 I BatteryMgr:DataCollectionService: stats => 1688505905615,149062,4114
07-04 23:25:05.723 22298 22408 I BatteryMgr:DataCollectionService: stats => 1688505905723,149062,4114
07-04 23:25:05.850 22298 22408 I BatteryMgr:DataCollectionService: stats => 1688505905850,149062,4114
07-04 23:25:05.973 22298 22408 I BatteryMgr:DataCollectionService: stats => 1688505905973,119062,4114
07-04 23:25:06.095 22298 22408 I BatteryMgr:DataCollectionService: stats => 1688505906095,119062,4114
