--------- beginning of main
07-09 18:45:08.381 32077 32077 D ProcessState: Binder ioctl to enable oneway spam detection failed: Invalid argument
--------- beginning of system
07-09 18:45:08.386  1869  2190 I ActivityTaskManager: START u0 {act=android.intent.action.MAIN cat=[android.intent.category.LAUNCHER] flg=0x10000000 cmp=com.example.batterymanager_utility/.MainActivity} from uid 2000
07-09 18:45:08.387  1869  2190 W ActivityTaskManager: Can't find TaskDisplayArea to determine support for multi window. Task id=145 attached=false
07-09 18:45:08.390  1869  2190 D CompatibilityChangeReporter: Compat change id reported: 174042980; UID 10232; state: DISABLED
07-09 18:45:08.391  1869  2190 D CompatibilityChangeReporter: Compat change id reported: 184838306; UID 10232; state: DISABLED
07-09 18:45:08.391  1869  2190 D CompatibilityChangeReporter: Compat change id reported: 185004937; UID 10232; state: DISABLED
07-09 18:45:08.394  1869  2190 D CompatibilityChangeReporter: Compat change id reported: 168419799; UID 10232; state: DISABLED
07-09 18:45:08.405  1869  1991 W ActivityManager: ProcessRecord{68d17df 0:com.example.batterymanager_utility/u0a232}: ART verification disabled
07-09 18:45:08.405  1869  1991 D CompatibilityChangeReporter: Compat change id reported: 135634846; UID 10232; state: DISABLED
07-09 18:45:08.405  1869  1991 D CompatibilityChangeReporter: Compat change id reported: 177438394; UID 10232; state: DISABLED
07-09 18:45:08.405  1869  1991 D CompatibilityChangeReporter: Compat change id reported: 135772972; UID 10232; state: DISABLED
07-09 18:45:08.405  1869  1991 D CompatibilityChangeReporter: Compat change id reported: 135754954; UID 10232; state: ENABLED
07-09 18:45:08.405  1869  2000 D CompatibilityChangeReporter: Compat change id reported: 143937733; UID 10232; state: ENABLED
07-09 18:45:08.410  1234  1234 D Zygote  : Forked child process 32080
07-09 18:45:08.410  1869  2000 I ActivityManager: Start proc 32080:com.example.batterymanager_utility/u0a232 for pre-top-activity {com.example.batterymanager_utility/com.example.batterymanager_utility.MainActivity}
07-09 18:45:08.415 32080 32080 I manager_utilit: Late-enabling -Xcheck:jni
07-09 18:45:08.442 32080 32080 I manager_utilit: Using CollectorTypeCC GC.
07-09 18:45:08.447 29629 29637 I adbd    : jdwp connection from 32080
07-09 18:45:08.448 32080 32080 D ProcessState: Binder ioctl to enable oneway spam detection failed: Invalid argument
07-09 18:45:08.465 32080 32080 D CompatibilityChangeReporter: Compat change id reported: 171979766; UID 10232; state: ENABLED
07-09 18:45:08.470 32080 32080 W ziparchive: Unable to open '/data/app/~~2vSmAvm2TMVU8HikWnSrRA==/com.example.batterymanager_utility-Z6fgk73bqUYQRuDqAEoMag==/base.dm': No such file or directory
07-09 18:45:08.470 32080 32080 W ziparchive: Unable to open '/data/app/~~2vSmAvm2TMVU8HikWnSrRA==/com.example.batterymanager_utility-Z6fgk73bqUYQRuDqAEoMag==/base.dm': No such file or directory
07-09 18:45:08.501 14289 14289 I A       : onPause
07-09 18:45:08.504 13311 13311 I GsaVoiceInteractionSrv: Handling ACTION_STOP_HOTWORD
07-09 18:45:08.515 32082 32082 D AndroidRuntime: >>>>>> START com.android.internal.os.RuntimeInit uid 2000 <<<<<<
07-09 18:45:08.519 32082 32082 I AndroidRuntime: Using default boot image
07-09 18:45:08.519 32082 32082 I AndroidRuntime: Leaving lock profiling enabled
07-09 18:45:08.519 32082 32082 W libc    : Access denied finding property "odsign.verification.success"
07-09 18:45:08.513 32082 32082 W app_process: type=1400 audit(0.0:167): avc: denied { read } for name="u:object_r:odsign_prop:s0" dev="tmpfs" ino=22689 scontext=u:r:shell:s0 tcontext=u:object_r:odsign_prop:s0 tclass=file permissive=0
07-09 18:45:08.522 32082 32082 W app_process: ART APEX data files are untrusted.
07-09 18:45:08.523 32082 32082 I app_process: Using CollectorTypeCC GC.
07-09 18:45:08.523 32082 32082 E app_process: Error reading named image component header for /system/framework/boot.art, error: Unable to open file "/system/framework/arm64/boot.art" for reading image header
07-09 18:45:08.539 32099 32099 W dex2oat64: Mismatch between dex2oat instruction set features to use (ISA: Arm64 Feature string: -a53,crc,lse,fp16,-dotprod,-sve) and those from CPP defines (ISA: Arm64 Feature string: -a53,-crc,-lse,-fp16,-dotprod,-sve) for the command line:
07-09 18:45:08.539 32099 32099 W dex2oat64: /apex/com.android.art/bin/dex2oat64 --runtime-arg -Xbootclasspath:/apex/com.android.art/javalib/core-oj.jar:/apex/com.android.art/javalib/core-libart.jar:/apex/com.android.art/javalib/okhttp.jar:/apex/com.android.art/javalib/bouncycastle.jar:/apex/com.android.art/javalib/apache-xml.jar:/system/framework/framework.jar:/system/framework/framework-graphics.jar:/system/framework/ext.jar:/system/framework/telephony-common.jar:/system/framework/voip-common.jar:/system/framework/ims-common.jar:/apex/com.android.i18n/javalib/core-icu4j.jar --runtime-arg -Xbootclasspath-locations:/apex/com.android.art/javalib/core-oj.jar:/apex/com.android.art/javalib/core-libart.jar:/apex/com.android.art/javalib/okhttp.jar:/apex/com.android.art/javalib/bouncycastle.jar:/apex/com.android.art/javalib/apache-xml.jar:/system/framework/framework.jar:/system/framework/framework-graphics.jar:/system/framework/ext.jar:/system/framework/telephony-common.jar:/system/framework/voip-common.jar:/system/framework/ims-common.jar:/apex/com.android.i18n/javalib/core-icu4j.jar --base=0x70000000 --dex-file=/apex/com.android.art/javalib/core-oj.jar --dex-location=/apex/com.android.art/javalib/core-oj.jar --dex-file=/apex/com.android.art/javalib/core-libart.jar --dex-location=/apex/com.android.art/javalib/core-libart.jar --dex-file=/apex/com.android.art/javalib/okhttp.jar --dex-location=/apex/com.android.art/javalib/okhttp.jar --dex-file=/apex/com.android.art/javalib/bouncycastle.jar --dex-location=/apex/com.android.art/javalib/bouncycastle.jar --dex-file=/apex/com.android.art/javalib/apache-xml.jar --dex-location=/apex/com.android.art/javalib/apache-xml.jar --dex-file=/system/framework/framework.jar --dex-location=/system/framework/framework.jar --dex-file=/system/framework/framework-graphics.jar --dex-location=/system/framework/framework-graphics.jar --dex-file=/system/framework/ext.jar --dex-location=/system/framework/ext.jar --dex-file=/system/framework/telephony-common.jar --dex-location=/system/framework/telephony-common.jar --dex-file=/system/framework/voip-common.jar --dex-location=/system/framework/voip-common.jar --dex-file=/system/framework/ims-common.jar --dex-location=/system/framework/ims-common.jar --dex-file=/apex/com.android.i18n/javalib/core-icu4j.jar --dex-location=/apex/com.android.i18n/javalib/core-icu4j.jar --image-fd=5 --output-vdex-fd=6 --oat-fd=7 --oat-location=/system/framework/arm64/boot.oat --single-image --image-format=uncompressed --compiler-filter=verify --profile-file=/apex/com.android.art/etc/boot-image.prof --profile-file=/system/etc/boot-image.prof --avoid-storing-invocation --instruction-set=arm64 --instruction-set-features=runtime --runtime-arg -Xms64m --runtime-arg -Xmx64m --dirty-image-objects=/system/etc/dirty-image-objects --instruction-set-variant=kryo385 --instruction-set-features=default --generate-mini-debug-info
07-09 18:45:08.548 32080 32080 D nativeloader: Configuring classloader-namespace for other apk /data/app/~~2vSmAvm2TMVU8HikWnSrRA==/com.example.batterymanager_utility-Z6fgk73bqUYQRuDqAEoMag==/base.apk. target_sdk_version=33, uses_libraries=, library_path=/data/app/~~2vSmAvm2TMVU8HikWnSrRA==/com.example.batterymanager_utility-Z6fgk73bqUYQRuDqAEoMag==/lib/arm64, permitted_path=/data:/mnt/expand:/data/user/0/com.example.batterymanager_utility
07-09 18:45:08.554 32080 32080 V GraphicsEnvironment: ANGLE Developer option for 'com.example.batterymanager_utility' set to: 'default'
07-09 18:45:08.554 32080 32080 V GraphicsEnvironment: App is not on the allowlist for updatable production driver.
07-09 18:45:08.555 32080 32080 D NetworkSecurityConfig: No Network Security Config specified, using platform default
07-09 18:45:08.556 32080 32080 D NetworkSecurityConfig: No Network Security Config specified, using platform default
07-09 18:45:08.558 32099 32099 I dex2oat64: /apex/com.android.art/bin/dex2oat64 --runtime-arg -Xbootclasspath:/apex/com.android.art/javalib/core-oj.jar:/apex/com.android.art/javalib/core-libart.jar:/apex/com.android.art/javalib/okhttp.jar:/apex/com.android.art/javalib/bouncycastle.jar:/apex/com.android.art/javalib/apache-xml.jar:/system/framework/framework.jar:/system/framework/framework-graphics.jar:/system/framework/ext.jar:/system/framework/telephony-common.jar:/system/framework/voip-common.jar:/system/framework/ims-common.jar:/apex/com.android.i18n/javalib/core-icu4j.jar --runtime-arg -Xbootclasspath-locations:/apex/com.android.art/javalib/core-oj.jar:/apex/com.android.art/javalib/core-libart.jar:/apex/com.android.art/javalib/okhttp.jar:/apex/com.android.art/javalib/bouncycastle.jar:/apex/com.android.art/javalib/apache-xml.jar:/system/framework/framework.jar:/system/framework/framework-graphics.jar:/system/framework/ext.jar:/system/framework/telephony-common.jar:/system/framework/voip-common.jar:/system/framework/ims-common.jar:/apex/com.android.i18n/javalib/core-icu4j.jar --base=0x70000000 --dex-file=/apex/com.android.art/javalib/core-oj.jar --dex-location=/apex/com.android.art/javalib/core-oj.jar --dex-file=/apex/com.android.art/javalib/core-libart.jar --dex-location=/apex/com.android.art/javalib/core-libart.jar --dex-file=/apex/com.android.art/javalib/okhttp.jar --dex-location=/apex/com.android.art/javalib/okhttp.jar --dex-file=/apex/com.android.art/javalib/bouncycastle.jar --dex-location=/apex/com.android.art/javalib/bouncycastle.jar --dex-file=/apex/com.android.art/javalib/apache-xml.jar --dex-location=/apex/com.android.art/javalib/apache-xml.jar --dex-file=/system/framework/framework.jar --dex-location=/system/framework/framework.jar --dex-file=/system/framework/framework-graphics.jar --dex-location=/system/framework/framework-graphics.jar --dex-file=/system/framework/ext.jar --dex-location=/system/framework/ext.jar --dex-file=/system/framework/telephony-common.jar --dex-location=/system/framework/telephony-common.jar --dex-file=/system/framework/voip-common.jar --dex-location=/system/framework/voip-common.jar --dex-file=/system/framework/ims-common.jar --dex-location=/system/framework/ims-common.jar --dex-file=/apex/com.android.i18n/javalib/core-icu4j.jar --dex-location=/apex/com.android.i18n/javalib/core-icu4j.jar --image-fd=5 --output-vdex-fd=6 --oat-fd=7 --oat-location=/system/framework/arm64/boot.oat --single-image --image-format=uncompressed --compiler-filter=verify --profile-file=/apex/com.android.art/etc/boot-image.prof --profile-file=/system/etc/boot-image.prof --avoid-storing-invocation --instruction-set=arm64 --instruction-set-features=runtime --runtime-arg -Xms64m --runtime-arg -Xmx64m --dirty-image-objects=/system/etc/dirty-image-objects --instruction-set-variant=kryo385 --instruction-set-features=default --generate-mini-debug-info
07-09 18:45:08.559 32099 32099 I dex2oat64: setting boot class path to /apex/com.android.art/javalib/core-oj.jar:/apex/com.android.art/javalib/core-libart.jar:/apex/com.android.art/javalib/okhttp.jar:/apex/com.android.art/javalib/bouncycastle.jar:/apex/com.android.art/javalib/apache-xml.jar:/system/framework/framework.jar:/system/framework/framework-graphics.jar:/system/framework/ext.jar:/system/framework/telephony-common.jar:/system/framework/voip-common.jar:/system/framework/ims-common.jar:/apex/com.android.i18n/javalib/core-icu4j.jar
07-09 18:45:08.560 32080 32080 I BatteryMgr:App: creating notification channel
07-09 18:45:08.688  2530  2530 I WallpaperService: engine paused
07-09 18:45:08.699  1869  1992 D CompatibilityChangeReporter: Compat change id reported: 158002302; UID 10232; state: ENABLED
07-09 18:45:08.701 32080 32102 I AdrenoGLES-0: QUALCOMM build                   : 781e7d0, I46ff5fc46f
07-09 18:45:08.701 32080 32102 I AdrenoGLES-0: Build Date                       : 12/01/20
07-09 18:45:08.701 32080 32102 I AdrenoGLES-0: OpenGL ES Shader Compiler Version: EV031.31.04.01
07-09 18:45:08.701 32080 32102 I AdrenoGLES-0: Local Branch                     : QPR1
07-09 18:45:08.701 32080 32102 I AdrenoGLES-0: Remote Branch                    : 
07-09 18:45:08.701 32080 32102 I AdrenoGLES-0: Remote Branch                    : 
07-09 18:45:08.701 32080 32102 I AdrenoGLES-0: Reconstruct Branch               : 
07-09 18:45:08.701 32080 32102 I AdrenoGLES-0: Build Config                     : C P 11.0.1 AArch64
07-09 18:45:08.701 32080 32102 I AdrenoGLES-0: Driver Path                      : /vendor/lib64/egl/libGLESv2_adreno.so
07-09 18:45:08.703 32080 32102 I AdrenoGLES-0: PFP: 0x016ee190, ME: 0x00000000
07-09 18:45:08.704 32080 32102 W AdrenoUtils: <ReadGpuID_from_sysfs:197>: Failed to open /sys/class/kgsl/kgsl-3d0/gpu_model
07-09 18:45:08.704 32080 32102 W AdrenoUtils: <ReadGpuID:221>: Failed to read chip ID from gpu_model. Fallback to use the GSL path
07-09 18:45:08.710 14289 14289 I A       : (REDACTED) onApplyWindowInsets: systemWindowInsets=%s
07-09 18:45:08.710 14289 14289 I A       : (REDACTED) onApplyWindowInsets: systemWindowInsets=%s
07-09 18:45:08.710   741   741 I SDM     : HWCDisplay::GetColorModeCount: Supported color mode count = 5
07-09 18:45:08.710   739   773 E HWComposer: getSupportedContentTypes: getSupportedContentTypes failed for display 0: Unsupported (8)
07-09 18:45:08.711 32080 32102 D hw-ProcessState: Binder ioctl to enable oneway spam detection failed: Invalid argument
07-09 18:45:08.712   691   691 I hwservicemanager: getTransport: Cannot find entry android.hardware.graphics.mapper@4.0::IMapper/default in either framework or device VINTF manifest.
07-09 18:45:08.712 32080 32105 I Gralloc4: mapper 4.x is not supported
07-09 18:45:08.712   691   691 I hwservicemanager: getTransport: Cannot find entry android.hardware.graphics.mapper@3.0::IMapper/default in either framework or device VINTF manifest.
07-09 18:45:08.712 32080 32105 W Gralloc3: mapper 3.x is not supported
07-09 18:45:08.713   691   691 I hwservicemanager: getTransport: Cannot find entry android.hardware.graphics.allocator@4.0::IAllocator/default in either framework or device VINTF manifest.
07-09 18:45:08.713 32080 32105 W Gralloc4: allocator 4.x is not supported
07-09 18:45:08.714   691   691 I hwservicemanager: getTransport: Cannot find entry android.hardware.graphics.allocator@3.0::IAllocator/default in either framework or device VINTF manifest.
07-09 18:45:08.714 32080 32105 W Gralloc3: allocator 3.x is not supported
07-09 18:45:08.728  1869  1988 W ziparchive: Unable to open '/data/app/~~2vSmAvm2TMVU8HikWnSrRA==/com.example.batterymanager_utility-Z6fgk73bqUYQRuDqAEoMag==/base.dm': No such file or directory
07-09 18:45:08.729  1869  1988 I ActivityTaskManager: Displayed com.example.batterymanager_utility/.MainActivity: +342ms
07-09 18:45:08.744  3552  3552 I GoogleInputMethodService: GoogleInputMethodService.onFinishInput():3306 
07-09 18:45:08.746  1869  1991 W ProcessStats: Tracking association SourceState{739fedd com.google.android.googlequicksearchbox:search/10135 BTopFgs #25740} whose proc state 2 is better than process ProcessState{125471c com.google.android.gms.persistent/10125 pkg=com.google.android.gms} proc state 3 (31 skipped)
07-09 18:45:08.746  3552  3552 I GoogleInputMethodService: GoogleInputMethodService.updateDeviceLockedStatus():2127 repeatCheckTimes = 0, locked = false
07-09 18:45:08.746  3552  3552 I GoogleInputMethodService: GoogleInputMethodService.onStartInput():1909 onStartInput(EditorInfo{inputType=0x0(NULL) imeOptions=0x0 privateImeOptions=null actionName=UNSPECIFIED actionLabel=null actionId=0 initialSelStart=-1 initialSelEnd=-1 initialCapsMode=0x0 hintText=null label=null packageName=com.example.batterymanager_utility fieldId=-1 fieldName=null extras=null hintLocales=[]}, false)
07-09 18:45:08.746  3552  3552 I GoogleInputMethodService: GoogleInputMethodService.shouldHideHeaderOnInitialState():1990 ShouldHideHeaderOnInitialState = false
07-09 18:45:08.747  3552  3552 I GoogleInputMethodService: GoogleInputMethodService.updateDeviceLockedStatus():2127 repeatCheckTimes = 1, locked = false
07-09 18:45:08.748 14289 14289 I A       : onStop
07-09 18:45:08.857 32099 32099 I dex2oat64: Using CollectorTypeCC GC.
07-09 18:45:09.023  1869  3637 W InputManager-JNI: Input channel object 'ec3a039 Splash Screen com.example.batterymanager_utility (client)' was disposed without first being removed with the input manager!
07-09 18:45:09.773  1869  2231 D ConnectivityService: NetReassign [no changes] [c 1] [a 0] [i 2]
07-09 18:45:10.685 32099 32099 I dex2oat64: Explicit concurrent copying GC freed 88241(11MB) AllocSpace objects, 5(84KB) LOS objects, 27% free, 15MB/21MB, paused 19us,17us total 91.718ms
07-09 18:45:10.898 32099 32099 I dex2oat64: Explicit concurrent copying GC freed 41961(7495KB) AllocSpace objects, 0(0B) LOS objects, 41% free, 8512KB/14MB, paused 14us,12us total 44.298ms
07-09 18:45:11.362 32099 32099 I dex2oat64: dex2oat took 2.825s (5.865s cpu) (threads: 8) arena alloc=0B (0B) java alloc=8512KB (8716512B) native alloc=15MB (16378560B) free=4400KB (4505872B)
07-09 18:45:11.484 32082 32082 D app_process: Time zone APEX ICU file found: /apex/com.android.tzdata/etc/icu/icu_tzdata.dat
07-09 18:45:11.485 32082 32082 D app_process: I18n APEX ICU file found: /apex/com.android.i18n/etc/icu/icudt68l.dat
07-09 18:45:11.528 32082 32082 D ProcessState: Binder ioctl to enable oneway spam detection failed: Invalid argument
07-09 18:45:11.528 32082 32082 D AndroidRuntime: Calling main entry com.android.commands.monkey.Monkey
07-09 18:45:11.531 32082 32082 W Monkey  : args: [-p, e.www.speakertest, 1]
07-09 18:45:11.531 32082 32082 W Monkey  :  arg: "-p"
07-09 18:45:11.531 32082 32082 W Monkey  :  arg: "e.www.speakertest"
07-09 18:45:11.531 32082 32082 W Monkey  :  arg: "1"
07-09 18:45:11.531 32082 32082 W Monkey  : data="e.www.speakertest"
07-09 18:45:11.588  1869  1999 W BroadcastQueue: Skipping deliver [background] BroadcastRecord{84704ec u-1 android.net.conn.CONNECTIVITY_CHANGE} to ReceiverList{44530b5 32082 (unknown name)/2000/u-1 remote:9d2213e}: process gone or crashing
07-09 18:45:11.602  1869  3637 I ActivityTaskManager: START u0 {act=android.intent.action.MAIN cat=[android.intent.category.LAUNCHER] flg=0x10200000 cmp=e.www.speakertest/.MainActivity} from uid 2000
07-09 18:45:11.604  1869  3637 W ActivityTaskManager: Can't find TaskDisplayArea to determine support for multi window. Task id=146 attached=false
07-09 18:45:11.606  1869  3637 D CompatibilityChangeReporter: Compat change id reported: 174042980; UID 10286; state: DISABLED
07-09 18:45:11.607  1869  3637 D CompatibilityChangeReporter: Compat change id reported: 184838306; UID 10286; state: DISABLED
07-09 18:45:11.607  1869  3637 D CompatibilityChangeReporter: Compat change id reported: 185004937; UID 10286; state: DISABLED
07-09 18:45:11.608  1869  3637 D CompatibilityChangeReporter: Compat change id reported: 181136395; UID 10286; state: DISABLED
07-09 18:45:11.608  1869  3637 D CompatibilityChangeReporter: Compat change id reported: 174042936; UID 10286; state: DISABLED
07-09 18:45:11.610  1869  3637 D CompatibilityChangeReporter: Compat change id reported: 168419799; UID 10286; state: DISABLED
07-09 18:45:11.614 32082 32082 I Monkey  : Events injected: 1
07-09 18:45:11.618  1869  1991 W ActivityManager: ProcessRecord{41583d8 0:e.www.speakertest/u0a286}: ART verification disabled
07-09 18:45:11.618  1869  1991 D CompatibilityChangeReporter: Compat change id reported: 135634846; UID 10286; state: DISABLED
07-09 18:45:11.618  1869  1991 D CompatibilityChangeReporter: Compat change id reported: 177438394; UID 10286; state: DISABLED
07-09 18:45:11.618  1869  1991 D CompatibilityChangeReporter: Compat change id reported: 135772972; UID 10286; state: DISABLED
07-09 18:45:11.618  1869  1991 D CompatibilityChangeReporter: Compat change id reported: 135754954; UID 10286; state: DISABLED
07-09 18:45:11.619  1869  2000 D CompatibilityChangeReporter: Compat change id reported: 143937733; UID 10286; state: DISABLED
07-09 18:45:11.624  1234  1234 D Zygote  : Forked child process 32130
07-09 18:45:11.625  1869  2000 I ActivityManager: Start proc 32130:e.www.speakertest/u0a286 for pre-top-activity {e.www.speakertest/e.www.speakertest.MainActivity}
07-09 18:45:11.629 32082 32082 I Monkey  : ## Network stats: elapsed time=27ms (0ms mobile, 0ms wifi, 27ms not connected)
07-09 18:45:11.629 32130 32130 I www.speakertes: Late-enabling -Xcheck:jni
07-09 18:45:11.630 32082 32082 I app_process: System.exit called, status: 0
07-09 18:45:11.630 32082 32082 I AndroidRuntime: VM exiting with result code 0.
07-09 18:45:11.646  2530  2906 W OpenGLRenderer: Surface doesn't have any previously queued frames, nothing to readback from
07-09 18:45:11.650  2530  2530 I WallpaperService: engine resumed
07-09 18:45:11.651  2530  2906 W OpenGLRenderer: Surface doesn't have any previously queued frames, nothing to readback from
07-09 18:45:11.656 32130 32130 I www.speakertes: Using CollectorTypeCC GC.
07-09 18:45:11.661 29629 29637 I adbd    : jdwp connection from 32130
07-09 18:45:11.664 32130 32130 D ProcessState: Binder ioctl to enable oneway spam detection failed: Invalid argument
07-09 18:45:11.672 32130 32130 D CompatibilityChangeReporter: Compat change id reported: 171979766; UID 10286; state: DISABLED
07-09 18:45:11.677 32130 32130 D ApplicationLoaders: Returning zygote-cached class loader: /system/framework/android.test.base.jar
07-09 18:45:11.677 32130 32130 W ziparchive: Unable to open '/data/app/~~kzNP-jwghKYofhlpDdjcWQ==/e.www.speakertest-2bpr7-DbZ4IP8aoQ_MATUw==/base.dm': No such file or directory
07-09 18:45:11.677 32130 32130 W ziparchive: Unable to open '/data/app/~~kzNP-jwghKYofhlpDdjcWQ==/e.www.speakertest-2bpr7-DbZ4IP8aoQ_MATUw==/base.dm': No such file or directory
07-09 18:45:11.704 32130 32130 D nativeloader: Configuring classloader-namespace for other apk /data/app/~~kzNP-jwghKYofhlpDdjcWQ==/e.www.speakertest-2bpr7-DbZ4IP8aoQ_MATUw==/base.apk. target_sdk_version=28, uses_libraries=, library_path=/data/app/~~kzNP-jwghKYofhlpDdjcWQ==/e.www.speakertest-2bpr7-DbZ4IP8aoQ_MATUw==/lib/arm64, permitted_path=/data:/mnt/expand:/data/user/0/e.www.speakertest
07-09 18:45:11.711 32130 32130 V GraphicsEnvironment: ANGLE Developer option for 'e.www.speakertest' set to: 'default'
07-09 18:45:11.711 32130 32130 V GraphicsEnvironment: App is not on the allowlist for updatable production driver.
07-09 18:45:11.712 32130 32130 D NetworkSecurityConfig: No Network Security Config specified, using platform default
07-09 18:45:11.713 32130 32130 D NetworkSecurityConfig: No Network Security Config specified, using platform default
07-09 18:45:11.739 32130 32130 W www.speakertes: Accessing hidden method Landroid/view/View;->computeFitSystemWindows(Landroid/graphics/Rect;Landroid/graphics/Rect;)Z (unsupported, reflection, allowed)
07-09 18:45:11.739 32130 32130 W www.speakertes: Accessing hidden method Landroid/view/ViewGroup;->makeOptionalFitsSystemWindows()V (unsupported, reflection, allowed)
07-09 18:45:11.749  1506  1650 D NuPlayerDriver: NuPlayerDriver(0xe7a01a50) created, clientPid(32130)
07-09 18:45:11.753  1506  1650 E AudioSystem: invalid attributes { Content type: AUDIO_CONTENT_TYPE_UNKNOWN Usage: AUDIO_USAGE_UNKNOWN Source: AUDIO_SOURCE_INVALID Flags: 0x800 Tags:  } when converting to stream
07-09 18:45:11.754  1506 32154 D GenericSource: FileSource remote
07-09 18:45:11.772  1506 32153 I GenericSource: start
07-09 18:45:11.775  1325  1618 I AudioFlinger: openOutput() this 0x7bb688e9d0, module 10 Device type:0x2,@:, SamplingRate 44100, Format 0x1000000, Channels 0x3, flags 0x20031
07-09 18:45:11.776  1869  1992 D CompatibilityChangeReporter: Compat change id reported: 158002302; UID 10286; state: ENABLED
07-09 18:45:11.777  1325  1618 I AudioFlinger: HAL output buffer size 262144 frames, normal sink buffer size 262144 frames
07-09 18:45:11.777  1325  1618 D AudioFlinger: Failed to add event callback
07-09 18:45:11.778  1325 32160 I AudioFlinger: AudioFlinger's thread 0x7c66894010 tid=32160 ready to run
07-09 18:45:11.778 32130 32149 I AdrenoGLES-0: QUALCOMM build                   : 781e7d0, I46ff5fc46f
07-09 18:45:11.778 32130 32149 I AdrenoGLES-0: Build Date                       : 12/01/20
07-09 18:45:11.778 32130 32149 I AdrenoGLES-0: OpenGL ES Shader Compiler Version: EV031.31.04.01
07-09 18:45:11.778 32130 32149 I AdrenoGLES-0: Local Branch                     : QPR1
07-09 18:45:11.778 32130 32149 I AdrenoGLES-0: Remote Branch                    : 
07-09 18:45:11.778 32130 32149 I AdrenoGLES-0: Remote Branch                    : 
07-09 18:45:11.778 32130 32149 I AdrenoGLES-0: Reconstruct Branch               : 
07-09 18:45:11.778 32130 32149 I AdrenoGLES-0: Build Config                     : C P 11.0.1 AArch64
07-09 18:45:11.778 32130 32149 I AdrenoGLES-0: Driver Path                      : /vendor/lib64/egl/libGLESv2_adreno.so
07-09 18:45:11.778  1325 32160 D AudioFlinger: ro.audio.silent is ignored since no output device is set
07-09 18:45:11.779  1325 32160 D AudioFlinger: ro.audio.silent is ignored since no output device is set
07-09 18:45:11.780 32130 32149 I AdrenoGLES-0: PFP: 0x016ee190, ME: 0x00000000
07-09 18:45:11.781 32130 32149 W AdrenoUtils: <ReadGpuID_from_sysfs:197>: Failed to open /sys/class/kgsl/kgsl-3d0/gpu_model
07-09 18:45:11.782 32130 32149 W AdrenoUtils: <ReadGpuID:221>: Failed to read chip ID from gpu_model. Fallback to use the GSL path
07-09 18:45:11.783  1325  1618 D AF::TrackHandle: OpPlayAudio: track:62 usage:0 not muted
07-09 18:45:11.788   741   741 I SDM     : HWCDisplay::GetColorModeCount: Supported color mode count = 5
07-09 18:45:11.788   739  2413 E HWComposer: getSupportedContentTypes: getSupportedContentTypes failed for display 0: Unsupported (8)
07-09 18:45:11.788 32130 32149 D hw-ProcessState: Binder ioctl to enable oneway spam detection failed: Invalid argument
07-09 18:45:11.789   691   691 I hwservicemanager: getTransport: Cannot find entry android.hardware.graphics.mapper@4.0::IMapper/default in either framework or device VINTF manifest.
07-09 18:45:11.789 32130 32162 I Gralloc4: mapper 4.x is not supported
07-09 18:45:11.789   691   691 I hwservicemanager: getTransport: Cannot find entry android.hardware.graphics.mapper@3.0::IMapper/default in either framework or device VINTF manifest.
07-09 18:45:11.789 32130 32162 W Gralloc3: mapper 3.x is not supported
07-09 18:45:11.791   691   691 I hwservicemanager: getTransport: Cannot find entry android.hardware.graphics.allocator@4.0::IAllocator/default in either framework or device VINTF manifest.
07-09 18:45:11.791 32130 32162 W Gralloc4: allocator 4.x is not supported
07-09 18:45:11.791   691   691 I hwservicemanager: getTransport: Cannot find entry android.hardware.graphics.allocator@3.0::IAllocator/default in either framework or device VINTF manifest.
07-09 18:45:11.791 32130 32162 W Gralloc3: allocator 3.x is not supported
07-09 18:45:11.792  1257 11256 I EffectsFactory: EffectCreate() create_effect
07-09 18:45:11.794  1325  1618 W AudioFlinger: moveEffectChain_l() effect chain for session 0 not on source thread 0x7d4a663a70
07-09 18:45:11.801  1869  1988 W ziparchive: Unable to open '/data/app/~~kzNP-jwghKYofhlpDdjcWQ==/e.www.speakertest-2bpr7-DbZ4IP8aoQ_MATUw==/base.dm': No such file or directory
07-09 18:45:11.802  1869  1988 I ActivityTaskManager: Displayed e.www.speakertest/.MainActivity: +198ms
07-09 18:45:11.809  3552  3552 I GoogleInputMethodService: GoogleInputMethodService.onFinishInput():3306 
07-09 18:45:11.810  3552  3552 I GoogleInputMethodService: GoogleInputMethodService.updateDeviceLockedStatus():2127 repeatCheckTimes = 0, locked = false
07-09 18:45:11.811  3552  3552 I GoogleInputMethodService: GoogleInputMethodService.onStartInput():1909 onStartInput(EditorInfo{inputType=0x0(NULL) imeOptions=0x0 privateImeOptions=null actionName=UNSPECIFIED actionLabel=null actionId=0 initialSelStart=-1 initialSelEnd=-1 initialCapsMode=0x0 hintText=null label=null packageName=e.www.speakertest fieldId=-1 fieldName=null extras=null hintLocales=[]}, false)
07-09 18:45:11.811  3552  3552 I GoogleInputMethodService: GoogleInputMethodService.shouldHideHeaderOnInitialState():1990 ShouldHideHeaderOnInitialState = false
07-09 18:45:11.811  3552  3552 I GoogleInputMethodService: GoogleInputMethodService.updateDeviceLockedStatus():2127 repeatCheckTimes = 1, locked = false
07-09 18:45:11.843  1257 11256 D audio_hw_primary: out_set_parameters: enter: usecase(3: compress-offload-playback) kvpairs: routing=2
07-09 18:45:11.848  1257 11256 D audio_hw_primary: out_set_parameters: enter: usecase(3: compress-offload-playback) kvpairs: delay_samples=576;music_offload_avg_bit_rate=192000;music_offload_sample_rate=44100;padding_samples=1339
07-09 18:45:11.902  1257 32167 D audio_route: Apply path: speaker
07-09 18:45:11.902  1257 32167 D audio_hw_primary: enable_snd_device: snd_device(104: vi-feedback)
07-09 18:45:11.902  1257 32167 D audio_route: Apply path: vi-feedback
07-09 18:45:11.902  1257 32167 E audio_hw_utils: audio_extn_utils_send_app_type_cfg: Failed to derive app_type for uc type : 0x1
07-09 18:45:11.902  1257 32167 D ACDB-LOADER: ACDB -> send_audio_cal, acdb_id = 512, path = 1, app id = 0x11132, sample rate = 48000
07-09 18:45:11.902  1257 32167 D ACDB-LOADER: ACDB -> send_asm_topology
07-09 18:45:11.902  1257 32167 D ACDB-LOADER: ACDB -> ACDB_CMD_GET_AUDPROC_STREAM_TOPOLOGY_ID
07-09 18:45:11.902  1257 32167 D ACDB-LOADER: ACDB -> send_adm_topology
07-09 18:45:11.902  1257 32167 D ACDB-LOADER: ACDB -> ACDB_CMD_GET_AUDPROC_COMMON_TOPOLOGY_ID
07-09 18:45:11.902  1257 32167 D ACDB-LOADER: ACDB -> send_audtable
07-09 18:45:11.902  1257 32167 D ACDB-LOADER: ACDB -> ACDB_CMD_GET_AUDPROC_COMMON_TABLE_SIZE
07-09 18:45:11.902  1257 32167 D ACDB-LOADER: ACDB -> ACDB_CMD_GET_AUDPROC_COMMON_TABLE
07-09 18:45:11.902  1257 32167 D ACDB-LOADER: ACDB -> AUDIO_SET_AUDPROC_CAL
07-09 18:45:11.902  1257 32167 D ACDB-LOADER: ACDB -> send_audvoltable
07-09 18:45:11.903  1257 32167 D ACDB-LOADER: ACDB -> ACDB_CMD_GET_AUDPROC_VOL_STEP_TABLE_SIZE
07-09 18:45:11.903  1257 32167 D ACDB-LOADER: ACDB -> ACDB_CMD_GET_AUDPROC_GAIN_DEP_STEP_TABLE, vol index 0
07-09 18:45:11.903  1257 32167 D android.hardware.audio.service: Failed to fetch the lookup information of the device 00000200 
07-09 18:45:11.903  1257 32167 E ACDB-LOADER: Error: ACDB AudProc vol returned = -19
07-09 18:45:11.903  1257 32167 D ACDB-LOADER: ACDB -> AUDIO_SET_VOL_CAL cal type = 12
07-09 18:45:11.903  1257 32167 D ACDB-LOADER: ACDB -> ACDB_CMD_GET_AUDPROC_STREAM_TABLE_SIZE
07-09 18:45:11.903  1257 32167 D ACDB-LOADER: ACDB -> send_audstrmtable
07-09 18:45:11.903  1257 32167 D ACDB-LOADER: ACDB -> ACDB_CMD_GET_AUDPROC_STREAM_TABLE_V2
07-09 18:45:11.903  1257 32167 D ACDB-LOADER: ACDB -> audstrm_cal->cal_type.cal_data.cal_size = 16
07-09 18:45:11.903  1257 32167 D ACDB-LOADER: ACDB -> send_afe_topology
07-09 18:45:11.903  1257 32167 D ACDB-LOADER: ACDB -> ACDB_CMD_GET_AFE_TOPOLOGY_ID
07-09 18:45:11.903  1257 32167 D ACDB-LOADER: ACDB -> GET_AFE_TOPOLOGY_ID for adcd_id 512, Topology Id 10001ccc
07-09 18:45:11.903  1257 32167 D ACDB-LOADER: ACDB -> send_afe_cal
07-09 18:45:11.903  1257 32167 D ACDB-LOADER: ACDB -> ACDB_CMD_GET_AFE_COMMON_TABLE_SIZE
07-09 18:45:11.903  1257 32167 D ACDB-LOADER: ACDB -> ACDB_CMD_GET_AFE_COMMON_TABLE
07-09 18:45:11.903  1257 32167 D ACDB-LOADER: ACDB -> AUDIO_SET_AFE_CAL
07-09 18:45:11.903  1257 32167 D ACDB-LOADER: ACDB -> send_hw_delay : acdb_id = 512 path = 1
07-09 18:45:11.903  1257 32167 D ACDB-LOADER: ACDB -> ACDB_AVSYNC_INFO: ACDB_CMD_GET_DEVICE_PROPERTY
07-09 18:45:11.903  1257 32167 D audio_hw_primary: enable_audio_route: usecase(25) apply and update mixer path: spkr-vi-record vi-feedback
07-09 18:45:11.903  1257 32167 D audio_route: Apply path: spkr-vi-record vi-feedback
07-09 18:45:11.938  1257 32167 I soundtrigger: audio_extn_sound_trigger_update_stream_status: send event 3: usecase id 3, type 0
07-09 18:45:11.938  1257 32167 D sound_trigger_platform: platform_stdev_check_and_update_concurrency: concurrency active 0, tx 0, rx 1, concurrency session_allowed 1
07-09 18:45:11.938  1257 32167 D sound_trigger_platform: platform_stdev_check_concurrency_supported: capture concurrency  allowed, usecase type 0 voice_concur 0 voip_concur 0
07-09 18:45:11.939  1257 32167 D msm8974_platform: Setting audio calibration for snd_device(2) acdb_id(513)
07-09 18:45:11.939  1257 32167 E ACDB-LOADER: [acdb_loader_adsp_set_audio_cal] active device/stream not found (result=-100) for topology 0x1000dffb and apptype 0x11134
07-09 18:45:11.939  1257 32167 E ACDB-LOADER: [acdb_loader_adsp_set_audio_cal] set parameters failed with status -100
07-09 18:45:11.939  1257 32167 D msm8974_platform: Setting audio calibration for snd_device(2) acdb_id(513)
07-09 18:45:11.939  1257 32167 D msm8974_platform: Setting audio calibration for snd_device(2) acdb_id(513)
07-09 18:45:11.939  1257 32167 E ACDB-LOADER: [acdb_loader_adsp_set_audio_cal] active device/stream not found (result=-100) for topology 0x1000dffb and apptype 0x11134
07-09 18:45:11.939  1257 32167 E ACDB-LOADER: [acdb_loader_adsp_set_audio_cal] set parameters failed with status -100
07-09 18:45:11.939  1257 32167 D msm8974_platform: Setting audio calibration for snd_device(2) acdb_id(513)
07-09 18:45:11.939  1257 32167 D audio_hw_waves: print_state_log: send volume table -(0,0.000000,F),(1,0.000000,F),(2,0.000000,F),(3,0.048978,T),(4,0.000000,F),(5,0.000000,F)
07-09 18:45:11.939  1257 32167 D ACDB-LOADER: ACDB -> send_audio_cal, acdb_id = 513, path = 0, app id = 0x11134, sample rate = 48000
07-09 18:45:11.939  1257 32167 D ACDB-LOADER: ACDB -> send_asm_topology
07-09 18:45:11.939  1257 32167 D ACDB-LOADER: ACDB -> ACDB_CMD_GET_AUDPROC_STREAM_TOPOLOGY_ID
07-09 18:45:11.939  1257 32167 D ACDB-LOADER: ACDB -> send_adm_topology
07-09 18:45:11.939  1257 32167 D ACDB-LOADER: ACDB -> ACDB_CMD_GET_AUDPROC_COMMON_TOPOLOGY_ID
07-09 18:45:11.939  1257 32167 D ACDB-LOADER: ACDB -> send_audtable
07-09 18:45:11.939  1257 32167 D ACDB-LOADER: ACDB -> ACDB_CMD_GET_AUDPROC_COMMON_TABLE_SIZE
07-09 18:45:11.939  1257 32167 D ACDB-LOADER: ACDB -> ACDB_CMD_GET_AUDPROC_COMMON_TABLE
07-09 18:45:11.939  1257 32167 D ACDB-LOADER: ACDB -> AUDIO_SET_AUDPROC_CAL
07-09 18:45:11.939  1257 32167 D ACDB-LOADER: ACDB -> send_audvoltable
07-09 18:45:11.939  1257 32167 D ACDB-LOADER: ACDB -> ACDB_CMD_GET_AUDPROC_VOL_STEP_TABLE_SIZE
07-09 18:45:11.939  1257 32167 D ACDB-LOADER: ACDB -> ACDB_CMD_GET_AUDPROC_GAIN_DEP_STEP_TABLE, vol index 0
07-09 18:45:11.939  1257 32167 D android.hardware.audio.service: Failed to fetch the lookup information of the device 00000201 
07-09 18:45:11.939  1257 32167 E ACDB-LOADER: Error: ACDB AudProc vol returned = -19
07-09 18:45:11.939  1257 32167 D ACDB-LOADER: ACDB -> AUDIO_SET_VOL_CAL cal type = 12
07-09 18:45:11.939  1257 32167 D ACDB-LOADER: ACDB -> ACDB_CMD_GET_AUDPROC_STREAM_TABLE_SIZE
07-09 18:45:11.939  1257 32167 D ACDB-LOADER: ACDB -> send_audstrmtable
07-09 18:45:11.939  1257 32167 D ACDB-LOADER: ACDB -> ACDB_CMD_GET_AUDPROC_STREAM_TABLE_V2
07-09 18:45:11.939  1257 32167 D ACDB-LOADER: ACDB -> audstrm_cal->cal_type.cal_data.cal_size = 456
07-09 18:45:11.939  1257 32167 D ACDB-LOADER: ACDB -> send_afe_topology
07-09 18:45:11.939  1257 32167 D ACDB-LOADER: ACDB -> ACDB_CMD_GET_AFE_TOPOLOGY_ID
07-09 18:45:11.939  1257 32167 D ACDB-LOADER: ACDB -> GET_AFE_TOPOLOGY_ID for adcd_id 513, Topology Id 10000ccc
07-09 18:45:11.939  1257 32167 D ACDB-LOADER: ACDB -> send_afe_cal
07-09 18:45:11.939  1257 32167 D ACDB-LOADER: ACDB -> ACDB_CMD_GET_AFE_COMMON_TABLE_SIZE
07-09 18:45:11.939  1257 32167 D ACDB-LOADER: ACDB -> ACDB_CMD_GET_AFE_COMMON_TABLE
07-09 18:45:11.939  1257 32167 D ACDB-LOADER: ACDB -> AUDIO_SET_AFE_CAL
07-09 18:45:11.939  1257 32167 D ACDB-LOADER: ACDB -> send_hw_delay : acdb_id = 513 path = 0
07-09 18:45:11.939  1257 32167 D ACDB-LOADER: ACDB -> ACDB_AVSYNC_INFO: ACDB_CMD_GET_DEVICE_PROPERTY
07-09 18:45:11.939  1257 32167 D audio_hw_primary: enable_audio_route: usecase(3) apply and update mixer path: compress-offload-playback speaker
07-09 18:45:11.939  1257 32167 D audio_route: Apply path: compress-offload-playback speaker
07-09 18:45:11.995  1257 32168 D offload_visualizer: thread enter
07-09 18:45:11.999  1257 32167 D audio_hw_primary: out_write: retry previous failed cal level set
07-09 18:45:12.093  1869  2190 W InputManager-JNI: Input channel object 'af1a16 Splash Screen e.www.speakertest (client)' was disposed without first being removed with the input manager!
07-09 18:45:12.248  2530  2530 I WallpaperService: engine paused
07-09 18:45:12.801  1869  2231 D ConnectivityService: NetReassign [no changes] [c 0] [a 1] [i 3]
07-09 18:45:12.830 32172 32172 D ProcessState: Binder ioctl to enable oneway spam detection failed: Invalid argument
07-09 18:45:13.250 32188 32188 D ProcessState: Binder ioctl to enable oneway spam detection failed: Invalid argument
07-09 18:45:13.255  1869  2190 I ActivityManager: Background started FGS: Allowed [callingPackage: com.android.shell; callingUid: 2000; uidState: NONE; intent: Intent { cmp=com.example.batterymanager_utility/.DataCollectionService (has extras) }; code:SYSTEM_UID; tempAllowListReason:<,reasonCode:SYSTEM_ALLOW_LISTED,duration:9223372036854775807,callingUid:-1>; targetSdkVersion:33; callerTargetSdkVersion:-1; startForegroundCount:0; bindFromPackage:null]
07-09 18:45:13.264 32080 32080 I BatteryMgr:DataCollectionService: onStartCommand: begin
07-09 18:45:13.264 32080 32080 I BatteryMgr:DataCollectionService: onStartCommand: sampleRate => 1
07-09 18:45:13.264 32080 32080 I BatteryMgr:DataCollectionService: onStartCommand: rawFields => Timestamp,BATTERY_PROPERTY_CURRENT_NOW,EXTRA_VOLTAGE
07-09 18:45:13.265 32080 32080 I BatteryMgr:DataCollectionService: onStartCommand: notification done
07-09 18:45:13.268 32080 32080 I BatteryMgr:DataCollectionService: started foreground
07-09 18:45:13.277 32080 32191 I BatteryMgr:DataCollectionService: collectData: begin
07-09 18:45:13.281 32080 32191 I BatteryMgr:DataCollectionService: stats => 1688921113281,260625,4157
07-09 18:45:13.285 32080 32191 I BatteryMgr:DataCollectionService: stats => 1688921113285,260625,4157
07-09 18:45:13.289 32080 32191 I BatteryMgr:DataCollectionService: stats => 1688921113289,260625,4157
07-09 18:45:13.292 32080 32191 I BatteryMgr:DataCollectionService: stats => 1688921113292,260625,4157
07-09 18:45:13.295 32080 32191 I BatteryMgr:DataCollectionService: stats => 1688921113295,260625,4157
07-09 18:45:13.298 32080 32191 I BatteryMgr:DataCollectionService: stats => 1688921113298,260625,4157
07-09 18:45:13.303 32080 32193 I BatteryMgr:DataCollectionService: stats => 1688921113303,362187,4157
07-09 18:45:13.307 32080 32193 I BatteryMgr:DataCollectionService: stats => 1688921113307,362187,4157
07-09 18:45:13.310 32080 32193 I BatteryMgr:DataCollectionService: stats => 1688921113310,362187,4157
07-09 18:45:13.313 32080 32193 I BatteryMgr:DataCollectionService: stats => 1688921113313,362187,4157
07-09 18:45:13.317 32080 32193 I BatteryMgr:DataCollectionService: stats => 1688921113317,362187,4157
07-09 18:45:13.320 32080 32193 I BatteryMgr:DataCollectionService: stats => 1688921113320,362187,4157
07-09 18:45:13.323 32080 32193 I BatteryMgr:DataCollectionService: stats => 1688921113323,362187,4157
07-09 18:45:13.327 32080 32193 I BatteryMgr:DataCollectionService: stats => 1688921113327,362187,4157
07-09 18:45:13.330 32080 32193 I BatteryMgr:DataCollectionService: stats => 1688921113330,362187,4157
07-09 18:45:13.333 32080 32193 I BatteryMgr:DataCollectionService: stats => 1688921113333,362187,4157
07-09 18:45:13.336 32080 32193 I BatteryMgr:DataCollectionService: stats => 1688921113336,362187,4157
07-09 18:45:13.339 32080 32193 I BatteryMgr:DataCollectionService: stats => 1688921113338,362187,4157
07-09 18:45:13.342 32080 32193 I BatteryMgr:DataCollectionService: stats => 1688921113342,362187,4157
07-09 18:45:13.345 32080 32193 I BatteryMgr:DataCollectionService: stats => 1688921113345,362187,4157
07-09 18:45:13.348 32080 32193 I BatteryMgr:DataCollectionService: stats => 1688921113348,362187,4157
07-09 18:45:13.351 32080 32193 I BatteryMgr:DataCollectionService: stats => 1688921113351,362187,4157
07-09 18:45:13.354 32080 32193 I BatteryMgr:DataCollectionService: stats => 1688921113354,362187,4157
07-09 18:45:13.358 32080 32193 I BatteryMgr:DataCollectionService: stats => 1688921113358,362187,4157
07-09 18:45:13.361 32080 32193 I BatteryMgr:DataCollectionService: stats => 1688921113361,362187,4157
07-09 18:45:13.366 32080 32193 I BatteryMgr:DataCollectionService: stats => 1688921113366,362187,4157
07-09 18:45:13.370 32080 32193 I BatteryMgr:DataCollectionService: stats => 1688921113370,362187,4157
07-09 18:45:13.374 32080 32193 I BatteryMgr:DataCollectionService: stats => 1688921113374,362187,4157
07-09 18:45:13.377 32080 32193 I BatteryMgr:DataCollectionService: stats => 1688921113377,362187,4157
07-09 18:45:13.381 32080 32193 I BatteryMgr:DataCollectionService: stats => 1688921113381,362187,4157
07-09 18:45:13.384 32080 32193 I BatteryMgr:DataCollectionService: stats => 1688921113384,362187,4157
07-09 18:45:13.387 32080 32193 I BatteryMgr:DataCollectionService: stats => 1688921113387,362187,4157
07-09 18:45:13.390 32080 32193 I BatteryMgr:DataCollectionService: stats => 1688921113390,362187,4157
07-09 18:45:13.393 32080 32193 I BatteryMgr:DataCollectionService: stats => 1688921113393,362187,4157
07-09 18:45:13.397 32080 32193 I BatteryMgr:DataCollectionService: stats => 1688921113397,362187,4157
07-09 18:45:13.399 32080 32193 I BatteryMgr:DataCollectionService: stats => 1688921113399,362187,4157
07-09 18:45:13.402 32080 32193 I BatteryMgr:DataCollectionService: stats => 1688921113402,362187,4157
07-09 18:45:13.405 32080 32193 I BatteryMgr:DataCollectionService: stats => 1688921113405,362187,4157
07-09 18:45:13.408 32080 32193 I BatteryMgr:DataCollectionService: stats => 1688921113408,362187,4157
07-09 18:45:13.411 32080 32193 I BatteryMgr:DataCollectionService: stats => 1688921113411,362187,4157
07-09 18:45:13.414 32080 32193 I BatteryMgr:DataCollectionService: stats => 1688921113414,362187,4157
07-09 18:45:13.416 32080 32193 I BatteryMgr:DataCollectionService: stats => 1688921113416,362187,4157
07-09 18:45:13.419 32080 32193 I BatteryMgr:DataCollectionService: stats => 1688921113419,362187,4157
07-09 18:45:13.422 32080 32193 I BatteryMgr:DataCollectionService: stats => 1688921113422,362187,4157
07-09 18:45:13.425 32080 32193 I BatteryMgr:DataCollectionService: stats => 1688921113425,362187,4157
07-09 18:45:13.429 32080 32193 I BatteryMgr:DataCollectionService: stats => 1688921113429,362187,4157
07-09 18:45:13.432 32080 32193 I BatteryMgr:DataCollectionService: stats => 1688921113432,362187,4157
07-09 18:45:13.436 32080 32193 I BatteryMgr:DataCollectionService: stats => 1688921113436,362187,4157
07-09 18:45:13.439 32080 32193 I BatteryMgr:DataCollectionService: stats => 1688921113439,362187,4157
07-09 18:45:13.442 32080 32193 I BatteryMgr:DataCollectionService: stats => 1688921113442,362187,4157
07-09 18:45:13.446 32080 32193 I BatteryMgr:DataCollectionService: stats => 1688921113446,362187,4157
07-09 18:45:13.449 32080 32193 I BatteryMgr:DataCollectionService: stats => 1688921113449,362187,4157
07-09 18:45:13.453 32080 32193 I BatteryMgr:DataCollectionService: stats => 1688921113453,362187,4157
07-09 18:45:13.456 32080 32193 I BatteryMgr:DataCollectionService: stats => 1688921113456,362187,4157
07-09 18:45:13.460 32080 32193 I BatteryMgr:DataCollectionService: stats => 1688921113460,362187,4157
07-09 18:45:13.463 32080 32193 I BatteryMgr:DataCollectionService: stats => 1688921113463,362187,4157
07-09 18:45:13.467 32080 32193 I BatteryMgr:DataCollectionService: stats => 1688921113467,362187,4157
07-09 18:45:13.470 32080 32193 I BatteryMgr:DataCollectionService: stats => 1688921113470,362187,4157
07-09 18:45:13.474 32080 32193 I BatteryMgr:DataCollectionService: stats => 1688921113474,362187,4157
07-09 18:45:13.477 32080 32193 I BatteryMgr:DataCollectionService: stats => 1688921113477,362187,4157
07-09 18:45:13.481 32080 32193 I BatteryMgr:DataCollectionService: stats => 1688921113481,362187,4157
07-09 18:45:13.485 32080 32193 I BatteryMgr:DataCollectionService: stats => 1688921113485,362187,4157
07-09 18:45:13.488 32080 32193 I BatteryMgr:DataCollectionService: stats => 1688921113488,362187,4157
07-09 18:45:13.492 32080 32193 I BatteryMgr:DataCollectionService: stats => 1688921113492,362187,4157
07-09 18:45:13.495 32080 32193 I BatteryMgr:DataCollectionService: stats => 1688921113495,362187,4157
07-09 18:45:13.498 32080 32193 I BatteryMgr:DataCollectionService: stats => 1688921113498,362187,4157
07-09 18:45:13.501 32080 32193 I BatteryMgr:DataCollectionService: stats => 1688921113501,362187,4157
07-09 18:45:13.505 32080 32193 I BatteryMgr:DataCollectionService: stats => 1688921113505,362187,4157
07-09 18:45:13.508 32080 32193 I BatteryMgr:DataCollectionService: stats => 1688921113508,362187,4157
07-09 18:45:13.511 32080 32193 I BatteryMgr:DataCollectionService: stats => 1688921113511,362187,4157
07-09 18:45:13.515 32080 32193 I BatteryMgr:DataCollectionService: stats => 1688921113515,362187,4157
07-09 18:45:13.518 32080 32193 I BatteryMgr:DataCollectionService: stats => 1688921113518,362187,4157
07-09 18:45:13.522 32080 32193 I BatteryMgr:DataCollectionService: stats => 1688921113522,362187,4157
07-09 18:45:13.525 32080 32193 I BatteryMgr:DataCollectionService: stats => 1688921113525,362187,4157
07-09 18:45:13.529 32080 32193 I BatteryMgr:DataCollectionService: stats => 1688921113528,362187,4157
07-09 18:45:13.532 32080 32193 I BatteryMgr:DataCollectionService: stats => 1688921113532,362187,4157
07-09 18:45:13.535 32080 32193 I BatteryMgr:DataCollectionService: stats => 1688921113535,362187,4157
07-09 18:45:13.538 32080 32193 I BatteryMgr:DataCollectionService: stats => 1688921113538,362187,4157
07-09 18:45:13.542 32080 32193 I BatteryMgr:DataCollectionService: stats => 1688921113542,362187,4157
07-09 18:45:13.545 32080 32193 I BatteryMgr:DataCollectionService: stats => 1688921113545,362187,4157
07-09 18:45:13.549 32080 32193 I BatteryMgr:DataCollectionService: stats => 1688921113549,362187,4157
07-09 18:45:13.552 32080 32193 I BatteryMgr:DataCollectionService: stats => 1688921113552,362187,4157
07-09 18:45:13.555 32080 32193 I BatteryMgr:DataCollectionService: stats => 1688921113555,362187,4157
07-09 18:45:13.559 32080 32193 I BatteryMgr:DataCollectionService: stats => 1688921113559,362187,4157
07-09 18:45:13.562 32080 32193 I BatteryMgr:DataCollectionService: stats => 1688921113562,362187,4157
07-09 18:45:13.565 32080 32193 I BatteryMgr:DataCollectionService: stats => 1688921113565,362187,4157
07-09 18:45:13.568 32080 32193 I BatteryMgr:DataCollectionService: stats => 1688921113568,362187,4157
07-09 18:45:13.571 32080 32193 I BatteryMgr:DataCollectionService: stats => 1688921113571,362187,4157
07-09 18:45:13.574 32080 32193 I BatteryMgr:DataCollectionService: stats => 1688921113574,362187,4157
07-09 18:45:13.577 32080 32193 I BatteryMgr:DataCollectionService: stats => 1688921113577,362187,4157
07-09 18:45:13.580 32080 32193 I BatteryMgr:DataCollectionService: stats => 1688921113580,362187,4157
07-09 18:45:13.583 32080 32193 I BatteryMgr:DataCollectionService: stats => 1688921113583,362187,4157
07-09 18:45:13.586 32080 32193 I BatteryMgr:DataCollectionService: stats => 1688921113586,362187,4157
07-09 18:45:13.590 32080 32193 I BatteryMgr:DataCollectionService: stats => 1688921113590,362187,4157
07-09 18:45:13.593 32080 32193 I BatteryMgr:DataCollectionService: stats => 1688921113593,362187,4157
07-09 18:45:13.597 32080 32193 I BatteryMgr:DataCollectionService: stats => 1688921113597,362187,4157
07-09 18:45:13.600 32080 32193 I BatteryMgr:DataCollectionService: stats => 1688921113600,362187,4157
07-09 18:45:13.604 32080 32193 I BatteryMgr:DataCollectionService: stats => 1688921113604,362187,4157
07-09 18:45:13.607 32080 32193 I BatteryMgr:DataCollectionService: stats => 1688921113607,362187,4157
07-09 18:45:13.611 32080 32193 I BatteryMgr:DataCollectionService: stats => 1688921113611,362187,4157
07-09 18:45:13.615 32080 32193 I BatteryMgr:DataCollectionService: stats => 1688921113615,362187,4157
07-09 18:45:13.619 32080 32193 I BatteryMgr:DataCollectionService: stats => 1688921113619,362187,4157
07-09 18:45:13.623 32080 32193 I BatteryMgr:DataCollectionService: stats => 1688921113623,362187,4157
07-09 18:45:13.626 32080 32193 I BatteryMgr:DataCollectionService: stats => 1688921113626,362187,4157
07-09 18:45:13.630 32080 32193 I BatteryMgr:DataCollectionService: stats => 1688921113630,362187,4157
07-09 18:45:13.633 32080 32193 I BatteryMgr:DataCollectionService: stats => 1688921113633,362187,4157
07-09 18:45:13.637 32080 32193 I BatteryMgr:DataCollectionService: stats => 1688921113637,362187,4157
07-09 18:45:13.640 32080 32193 I BatteryMgr:DataCollectionService: stats => 1688921113640,362187,4157
07-09 18:45:13.644 32080 32193 I BatteryMgr:DataCollectionService: stats => 1688921113644,362187,4157
07-09 18:45:13.647 32080 32193 I BatteryMgr:DataCollectionService: stats => 1688921113647,221562,4157
07-09 18:45:13.651 32080 32193 I BatteryMgr:DataCollectionService: stats => 1688921113651,221562,4157
07-09 18:45:13.654 32080 32193 I BatteryMgr:DataCollectionService: stats => 1688921113654,221562,4157
07-09 18:45:13.658 32080 32193 I BatteryMgr:DataCollectionService: stats => 1688921113658,221562,4157
07-09 18:45:13.662 32080 32193 I BatteryMgr:DataCollectionService: stats => 1688921113662,221562,4157
07-09 18:45:13.665 32080 32193 I BatteryMgr:DataCollectionService: stats => 1688921113665,221562,4157
