--------- beginning of system
07-11 18:21:09.253   762 11136 I ActivityManager: START u0 {act=android.intent.action.MAIN cat=[android.intent.category.LAUNCHER] flg=0x10000000 cmp=com.example.batterymanager_utility/.MainActivity} from uid 2000
07-11 18:21:09.296   762 32534 I ActivityManager: Start proc 3345:com.example.batterymanager_utility/u0a111 for activity com.example.batterymanager_utility/.MainActivity
--------- beginning of main
07-11 18:21:09.297 26708 26720 V ClearcutMetricXmitter: Transmission is done.
07-11 18:21:09.299  3345  3345 I zygote64: Late-enabling -Xcheck:jni
07-11 18:21:09.379 26305 26305 I GsaVoiceInteractionSrv: Handling ACTION_STOP_HOTWORD
07-11 18:21:09.446  3345  3345 I BatteryMgr:App: creating notification channel
07-11 18:21:09.519  3345  3363 D OpenGLRenderer: HWUI GL Pipeline
07-11 18:21:09.680  3350  3350 D AndroidRuntime: >>>>>> START com.android.internal.os.RuntimeInit uid 2000 <<<<<<
07-11 18:21:09.723  3345  3345 W zygote64: Class androidx.compose.runtime.snapshots.SnapshotStateList failed lock verification and will run slower.
07-11 18:21:09.723  3345  3345 W zygote64: Common causes for lock verification issues are non-optimized dex code
07-11 18:21:09.723  3345  3345 W zygote64: and incorrect proguard optimizations.
07-11 18:21:09.793  3350  3350 D ICU     : Timezone override file found: /data/misc/zoneinfo/current/icu/icu_tzdata.dat
07-11 18:21:09.813  3350  3350 I app_process: The ClassLoaderContext is a special shared library.
07-11 18:21:09.834  3345  3352 I zygote64: Do partial code cache collection, code=30KB, data=20KB
07-11 18:21:09.834  3345  3352 I zygote64: After code cache collection, code=30KB, data=20KB
07-11 18:21:09.834  3345  3352 I zygote64: Increasing code cache capacity to 128KB
07-11 18:21:09.849  3350  3350 D AndroidRuntime: Calling main entry com.android.commands.monkey.Monkey
07-11 18:21:09.853  3350  3350 W Monkey  : args: [-p, x.intervalapp.cpufactorialtest, 1]
07-11 18:21:09.854  3350  3350 W Monkey  :  arg: "-p"
07-11 18:21:09.854  3350  3350 W Monkey  :  arg: "x.intervalapp.cpufactorialtest"
07-11 18:21:09.855  3350  3350 W Monkey  :  arg: "1"
07-11 18:21:09.855  3350  3350 W Monkey  : data="x.intervalapp.cpufactorialtest"
07-11 18:21:09.883   762   777 W BroadcastQueue: Skipping deliver [background] BroadcastRecord{f4694eb u-1 android.net.conn.CONNECTIVITY_CHANGE} to ReceiverList{b2f3248 3350 (unknown name)/2000/u-1 remote:ad69b65}: process gone or crashing
07-11 18:21:09.899   762  1470 I ActivityManager: START u0 {act=android.intent.action.MAIN cat=[android.intent.category.LAUNCHER] flg=0x10200000 cmp=x.intervalapp.cpufactorialtest/.MainActivity} from uid 2000
07-11 18:21:09.899   762  1470 W Binder  : Outgoing transactions from this process must be FLAG_ONEWAY
07-11 18:21:09.899   762  1470 W Binder  : java.lang.Throwable
07-11 18:21:09.899   762  1470 W Binder  : 	at android.os.BinderProxy.transact(Binder.java:752)
07-11 18:21:09.899   762  1470 W Binder  : 	at android.app.IActivityController$Stub$Proxy.activityStarting(IActivityController.java:172)
07-11 18:21:09.899   762  1470 W Binder  : 	at com.android.server.am.ActivityStarter.startActivity(ActivityStarter.java:449)
07-11 18:21:09.899   762  1470 W Binder  : 	at com.android.server.am.ActivityStarter.startActivityLocked(ActivityStarter.java:278)
07-11 18:21:09.899   762  1470 W Binder  : 	at com.android.server.am.ActivityStarter.startActivityMayWait(ActivityStarter.java:817)
07-11 18:21:09.899   762  1470 W Binder  : 	at com.android.server.am.ActivityManagerService.startActivityAsUser(ActivityManagerService.java:4532)
07-11 18:21:09.899   762  1470 W Binder  : 	at com.android.server.am.ActivityManagerService.startActivity(ActivityManagerService.java:4519)
07-11 18:21:09.899   762  1470 W Binder  : 	at android.app.IActivityManager$Stub.onTransact(IActivityManager.java:121)
07-11 18:21:09.899   762  1470 W Binder  : 	at com.android.server.am.ActivityManagerService.onTransact(ActivityManagerService.java:2919)
07-11 18:21:09.899   762  1470 W Binder  : 	at android.os.Binder.execTransact(Binder.java:697)
07-11 18:21:09.913  3350  3350 I Monkey  : Events injected: 1
07-11 18:21:09.930  3350  3350 I Monkey  : ## Network stats: elapsed time=31ms (0ms mobile, 0ms wifi, 31ms not connected)
07-11 18:21:09.933  3350  3350 I com.android.commands.monkey: System.exit called, status: 0
07-11 18:21:09.933  3350  3350 I AndroidRuntime: VM exiting with result code 0.
07-11 18:21:09.948  3345  3363 I Adreno  : QUALCOMM build                   : 8e59954, I0be83d0d26
07-11 18:21:09.948  3345  3363 I Adreno  : Build Date                       : 09/22/17
07-11 18:21:09.948  3345  3363 I Adreno  : OpenGL ES Shader Compiler Version: EV031.21.02.00
07-11 18:21:09.948  3345  3363 I Adreno  : Local Branch                     : O17A
07-11 18:21:09.948  3345  3363 I Adreno  : Remote Branch                    : 
07-11 18:21:09.948  3345  3363 I Adreno  : Remote Branch                    : 
07-11 18:21:09.948  3345  3363 I Adreno  : Reconstruct Branch               : 
07-11 18:21:09.950  3345  3363 D vndksupport: Loading /vendor/lib64/hw/gralloc.msm8992.so from current namespace instead of sphal namespace.
07-11 18:21:09.962  3345  3363 I Adreno  : PFP: 0x00000000, ME: 0x00000000
07-11 18:21:09.968   363   363 W /system/bin/hwservicemanager: getTransport: Cannot find entry android.hardware.configstore@1.0::ISurfaceFlingerConfigs/default in either framework or device manifest.
07-11 18:21:09.970  3345  3363 I zygote64: android::hardware::configstore::V1_0::ISurfaceFlingerConfigs::hasWideColorDisplay retrieved: 0
07-11 18:21:09.971  3345  3345 D Compose Focus: Owner FocusChanged(true)
07-11 18:21:09.971  3345  3363 I OpenGLRenderer: Initialized EGL, version 1.4
07-11 18:21:09.971  3345  3363 D OpenGLRenderer: Swap behavior 2
07-11 18:21:10.032   363   363 W /system/bin/hwservicemanager: getTransport: Cannot find entry android.hardware.graphics.mapper@2.0::IMapper/default in either framework or device manifest.
07-11 18:21:10.033  3345  3363 D vndksupport: Loading /vendor/lib64/hw/android.hardware.graphics.mapper@2.0-impl.so from current namespace instead of sphal namespace.
07-11 18:21:10.034  3345  3363 D vndksupport: Loading /vendor/lib64/hw/gralloc.msm8992.so from current namespace instead of sphal namespace.
07-11 18:21:10.075   762  7906 I WindowManager: Failed to capture screenshot of Token{4a9ba83 ActivityRecord{44f7d32 u0 com.example.batterymanager_utility/.MainActivity t1726}} appWin=Window{5c5ac5c u0 com.example.batterymanager_utility/com.example.batterymanager_utility.MainActivity} drawState=4
07-11 18:21:11.654  3345  3345 I BatteryMgr:DataCollectionService: onStartCommand: begin
07-11 18:21:11.654  3345  3345 I BatteryMgr:DataCollectionService: onStartCommand: sampleRate => 0
07-11 18:21:11.654  3345  3345 I BatteryMgr:DataCollectionService: onStartCommand: rawFields => Timestamp,BATTERY_PROPERTY_CURRENT_NOW,EXTRA_VOLTAGE
07-11 18:21:11.656  3345  3345 I BatteryMgr:DataCollectionService: onStartCommand: notification done
07-11 18:21:11.658  3345  3345 I BatteryMgr:DataCollectionService: started foreground
07-11 18:21:11.660   762   777 E NotificationService: Suppressing notification from package by user request.
07-11 18:21:11.671  3345  3402 I BatteryMgr:DataCollectionService: collectData: begin
07-11 18:21:11.676  3345  3402 I BatteryMgr:DataCollectionService: stats => 1689114071676,-225370,4099
07-11 18:21:11.679  3345  3402 I BatteryMgr:DataCollectionService: stats => 1689114071679,-225370,4099
07-11 18:21:11.682  3345  3402 I BatteryMgr:DataCollectionService: stats => 1689114071682,-225370,4099
07-11 18:21:11.685  3345  3402 I BatteryMgr:DataCollectionService: stats => 1689114071685,-225370,4099
07-11 18:21:11.688  3345  3402 I BatteryMgr:DataCollectionService: stats => 1689114071688,-225370,4099
07-11 18:21:11.691  3345  3402 I BatteryMgr:DataCollectionService: stats => 1689114071691,-225370,4099
07-11 18:21:11.696  3345  3402 I BatteryMgr:DataCollectionService: stats => 1689114071694,-225370,4099
07-11 18:21:11.699  3345  3402 I BatteryMgr:DataCollectionService: stats => 1689114071699,-225370,4099
07-11 18:21:11.703  3345  3402 I BatteryMgr:DataCollectionService: stats => 1689114071703,-225370,4099
07-11 18:21:11.707  3345  3402 I BatteryMgr:DataCollectionService: stats => 1689114071706,-225370,4099
07-11 18:21:11.710  3345  3402 I BatteryMgr:DataCollectionService: stats => 1689114071710,-225370,4099
07-11 18:21:11.714  3345  3402 I BatteryMgr:DataCollectionService: stats => 1689114071713,-225370,4099
07-11 18:21:11.717  3345  3402 I BatteryMgr:DataCollectionService: stats => 1689114071716,-225370,4099
07-11 18:21:11.720  3345  3402 I BatteryMgr:DataCollectionService: stats => 1689114071720,-225370,4099
07-11 18:21:11.723  3345  3402 I BatteryMgr:DataCollectionService: stats => 1689114071723,-225370,4099
07-11 18:21:11.726  3345  3402 I BatteryMgr:DataCollectionService: stats => 1689114071726,-225370,4099
07-11 18:21:11.729  3345  3402 I BatteryMgr:DataCollectionService: stats => 1689114071729,-225370,4099
07-11 18:21:11.732  3345  3402 I BatteryMgr:DataCollectionService: stats => 1689114071732,-225370,4099
07-11 18:21:11.736  3345  3402 I BatteryMgr:DataCollectionService: stats => 1689114071736,-225370,4099
07-11 18:21:11.739  3345  3402 I BatteryMgr:DataCollectionService: stats => 1689114071738,-225370,4099
07-11 18:21:11.741  3345  3402 I BatteryMgr:DataCollectionService: stats => 1689114071741,-225370,4099
07-11 18:21:11.744  3345  3402 I BatteryMgr:DataCollectionService: stats => 1689114071744,-225370,4099
07-11 18:21:11.747  3345  3402 I BatteryMgr:DataCollectionService: stats => 1689114071747,-225370,4099
07-11 18:21:11.751  3345  3402 I BatteryMgr:DataCollectionService: stats => 1689114071751,-225370,4099
07-11 18:21:11.754  3345  3402 I BatteryMgr:DataCollectionService: stats => 1689114071754,-225370,4099
07-11 18:21:11.757  3345  3402 I BatteryMgr:DataCollectionService: stats => 1689114071757,-225370,4099
07-11 18:21:11.760  3345  3402 I BatteryMgr:DataCollectionService: stats => 1689114071760,-225370,4099
07-11 18:21:11.764  3345  3402 I BatteryMgr:DataCollectionService: stats => 1689114071764,-225370,4099
07-11 18:21:11.767  3345  3402 I BatteryMgr:DataCollectionService: stats => 1689114071767,-225370,4099
07-11 18:21:11.771  3345  3402 I BatteryMgr:DataCollectionService: stats => 1689114071770,-225370,4099
07-11 18:21:11.774  3345  3402 I BatteryMgr:DataCollectionService: stats => 1689114071774,-225370,4099
07-11 18:21:11.777  3345  3402 I BatteryMgr:DataCollectionService: stats => 1689114071777,-225370,4099
07-11 18:21:11.780  3345  3402 I BatteryMgr:DataCollectionService: stats => 1689114071780,-225370,4099
07-11 18:21:11.783  3345  3402 I BatteryMgr:DataCollectionService: stats => 1689114071783,-225370,4099
07-11 18:21:11.787  3345  3402 I BatteryMgr:DataCollectionService: stats => 1689114071787,-225370,4099
07-11 18:21:11.790  3345  3402 I BatteryMgr:DataCollectionService: stats => 1689114071790,-225370,4099
07-11 18:21:11.793  3345  3402 I BatteryMgr:DataCollectionService: stats => 1689114071793,-225370,4099
07-11 18:21:11.796  3345  3402 I BatteryMgr:DataCollectionService: stats => 1689114071796,-225370,4099
07-11 18:21:11.799  3345  3402 I BatteryMgr:DataCollectionService: stats => 1689114071799,-225370,4099
07-11 18:21:11.802  3345  3402 I BatteryMgr:DataCollectionService: stats => 1689114071802,-225370,4099
07-11 18:21:11.805  3345  3402 I BatteryMgr:DataCollectionService: stats => 1689114071805,-225370,4099
07-11 18:21:11.808  3345  3402 I BatteryMgr:DataCollectionService: stats => 1689114071808,-225370,4099
07-11 18:21:11.811  3345  3402 I BatteryMgr:DataCollectionService: stats => 1689114071811,-225370,4099
07-11 18:21:11.815  3345  3402 I BatteryMgr:DataCollectionService: stats => 1689114071815,-225370,4099
07-11 18:21:11.818  3345  3402 I BatteryMgr:DataCollectionService: stats => 1689114071818,-225370,4099
07-11 18:21:11.821  3345  3402 I BatteryMgr:DataCollectionService: stats => 1689114071821,-225370,4099
07-11 18:21:11.824  3345  3402 I BatteryMgr:DataCollectionService: stats => 1689114071824,-225370,4099
07-11 18:21:11.827  3345  3402 I BatteryMgr:DataCollectionService: stats => 1689114071827,-225370,4099
07-11 18:21:11.830  3345  3402 I BatteryMgr:DataCollectionService: stats => 1689114071830,-225370,4099
07-11 18:21:11.833  3345  3402 I BatteryMgr:DataCollectionService: stats => 1689114071833,-225370,4099
07-11 18:21:11.835  3345  3402 I BatteryMgr:DataCollectionService: stats => 1689114071835,-225370,4099
07-11 18:21:11.838  3345  3402 I BatteryMgr:DataCollectionService: stats => 1689114071838,-225370,4099
07-11 18:21:11.841  3345  3402 I BatteryMgr:DataCollectionService: stats => 1689114071841,-225370,4099
07-11 18:21:11.843  3345  3402 I BatteryMgr:DataCollectionService: stats => 1689114071843,-225370,4099
07-11 18:21:11.846  3345  3402 I BatteryMgr:DataCollectionService: stats => 1689114071846,-225370,4099
07-11 18:21:11.849  3345  3402 I BatteryMgr:DataCollectionService: stats => 1689114071848,-225370,4099
07-11 18:21:11.851  3345  3402 I BatteryMgr:DataCollectionService: stats => 1689114071851,-225370,4099
07-11 18:21:11.854  3345  3402 I BatteryMgr:DataCollectionService: stats => 1689114071854,-225370,4099
07-11 18:21:11.857  3345  3402 I BatteryMgr:DataCollectionService: stats => 1689114071857,-225370,4099
07-11 18:21:11.859  3345  3402 I BatteryMgr:DataCollectionService: stats => 1689114071859,-225370,4099
07-11 18:21:11.862  3345  3402 I BatteryMgr:DataCollectionService: stats => 1689114071862,-225370,4099
07-11 18:21:11.867  3345  3402 I BatteryMgr:DataCollectionService: stats => 1689114071866,-225370,4099
07-11 18:21:11.870  3345  3402 I BatteryMgr:DataCollectionService: stats => 1689114071869,-225370,4099
07-11 18:21:11.873  3345  3402 I BatteryMgr:DataCollectionService: stats => 1689114071873,-225370,4099
07-11 18:21:11.876  3345  3402 I BatteryMgr:DataCollectionService: stats => 1689114071876,-225370,4099
07-11 18:21:11.879  3345  3402 I BatteryMgr:DataCollectionService: stats => 1689114071879,-225370,4099
07-11 18:21:11.882  3345  3402 I BatteryMgr:DataCollectionService: stats => 1689114071882,-225370,4099
07-11 18:21:11.885  3345  3402 I BatteryMgr:DataCollectionService: stats => 1689114071885,-225370,4099
07-11 18:21:11.888  3345  3402 I BatteryMgr:DataCollectionService: stats => 1689114071888,-225370,4099
07-11 18:21:11.891  3345  3402 I BatteryMgr:DataCollectionService: stats => 1689114071891,-225370,4099
07-11 18:21:11.895  3345  3402 I BatteryMgr:DataCollectionService: stats => 1689114071895,-225370,4099
07-11 18:21:11.899  3345  3402 I BatteryMgr:DataCollectionService: stats => 1689114071899,-225370,4099
07-11 18:21:11.902  3345  3402 I BatteryMgr:DataCollectionService: stats => 1689114071902,-225370,4099
07-11 18:21:11.905  3345  3402 I BatteryMgr:DataCollectionService: stats => 1689114071905,-225370,4099
07-11 18:21:11.908  3345  3402 I BatteryMgr:DataCollectionService: stats => 1689114071908,-225370,4099
07-11 18:21:11.911  3345  3402 I BatteryMgr:DataCollectionService: stats => 1689114071911,-225370,4099
07-11 18:21:11.915  3345  3402 I BatteryMgr:DataCollectionService: stats => 1689114071915,-225370,4099
07-11 18:21:11.918  3345  3402 I BatteryMgr:DataCollectionService: stats => 1689114071918,-225370,4099
07-11 18:21:11.922  3345  3402 I BatteryMgr:DataCollectionService: stats => 1689114071922,-225370,4099
07-11 18:21:11.925  3345  3402 I BatteryMgr:DataCollectionService: stats => 1689114071925,-225370,4099
07-11 18:21:11.929  3345  3402 I BatteryMgr:DataCollectionService: stats => 1689114071929,-225370,4099
07-11 18:21:11.932  3345  3402 I BatteryMgr:DataCollectionService: stats => 1689114071932,-225370,4099
07-11 18:21:11.935  3345  3402 I BatteryMgr:DataCollectionService: stats => 1689114071935,-225370,4099
07-11 18:21:11.939  3345  3402 I BatteryMgr:DataCollectionService: stats => 1689114071938,-225370,4099
07-11 18:21:11.942  3345  3402 I BatteryMgr:DataCollectionService: stats => 1689114071942,-225370,4099
07-11 18:21:11.946  3345  3402 I BatteryMgr:DataCollectionService: stats => 1689114071946,-225370,4099
07-11 18:21:11.949  3345  3402 I BatteryMgr:DataCollectionService: stats => 1689114071949,-225370,4099
07-11 18:21:11.952  3345  3402 I BatteryMgr:DataCollectionService: stats => 1689114071952,-225370,4099
07-11 18:21:11.955  3345  3402 I BatteryMgr:DataCollectionService: stats => 1689114071955,-225370,4099
07-11 18:21:11.959  3345  3402 I BatteryMgr:DataCollectionService: stats => 1689114071958,-225370,4099
07-11 18:21:11.962  3345  3402 I BatteryMgr:DataCollectionService: stats => 1689114071962,-225370,4099
07-11 18:21:11.965  3345  3402 I BatteryMgr:DataCollectionService: stats => 1689114071965,-225370,4099
07-11 18:21:11.969  3345  3402 I BatteryMgr:DataCollectionService: stats => 1689114071968,-225370,4099
07-11 18:21:11.972  3345  3402 I BatteryMgr:DataCollectionService: stats => 1689114071972,-225370,4099
07-11 18:21:11.975  3345  3402 I BatteryMgr:DataCollectionService: stats => 1689114071975,-225370,4099
07-11 18:21:11.978  3345  3402 I BatteryMgr:DataCollectionService: stats => 1689114071978,-225370,4099
07-11 18:21:11.981  3345  3402 I BatteryMgr:DataCollectionService: stats => 1689114071981,-225370,4099
07-11 18:21:11.984  3345  3402 I BatteryMgr:DataCollectionService: stats => 1689114071984,-225370,4099
07-11 18:21:11.987  3345  3402 I BatteryMgr:DataCollectionService: stats => 1689114071987,-225370,4099
07-11 18:21:11.991  3345  3402 I BatteryMgr:DataCollectionService: stats => 1689114071990,-225370,4099
07-11 18:21:11.994  3345  3402 I BatteryMgr:DataCollectionService: stats => 1689114071994,-225370,4099
07-11 18:21:11.998  3345  3402 I BatteryMgr:DataCollectionService: stats => 1689114071997,-225370,4099
07-11 18:21:12.001  3345  3402 I BatteryMgr:DataCollectionService: stats => 1689114072000,-225370,4099
07-11 18:21:12.004  3345  3402 I BatteryMgr:DataCollectionService: stats => 1689114072004,-225370,4099
07-11 18:21:12.007  3345  3402 I BatteryMgr:DataCollectionService: stats => 1689114072007,-225370,4099
07-11 18:21:12.010  3345  3402 I BatteryMgr:DataCollectionService: stats => 1689114072010,-225370,4099
07-11 18:21:12.013  3345  3402 I BatteryMgr:DataCollectionService: stats => 1689114072013,-225370,4099
07-11 18:21:12.016  3345  3402 I BatteryMgr:DataCollectionService: stats => 1689114072016,-225370,4099
07-11 18:21:12.019  3345  3402 I BatteryMgr:DataCollectionService: stats => 1689114072019,-225370,4099
07-11 18:21:12.024  3345  3402 I BatteryMgr:DataCollectionService: stats => 1689114072023,-225370,4099
07-11 18:21:12.027  3345  3402 I BatteryMgr:DataCollectionService: stats => 1689114072027,-225370,4099
07-11 18:21:12.031  3345  3402 I BatteryMgr:DataCollectionService: stats => 1689114072031,-225370,4099
07-11 18:21:12.035  3345  3402 I BatteryMgr:DataCollectionService: stats => 1689114072034,-225370,4099
07-11 18:21:12.038  3345  3402 I BatteryMgr:DataCollectionService: stats => 1689114072038,-225370,4099
07-11 18:21:12.042  3345  3402 I BatteryMgr:DataCollectionService: stats => 1689114072041,-225370,4099
07-11 18:21:12.045  3345  3402 I BatteryMgr:DataCollectionService: stats => 1689114072045,-225370,4099
07-11 18:21:12.049  3345  3402 I BatteryMgr:DataCollectionService: stats => 1689114072048,-225370,4099
07-11 18:21:12.052  3345  3402 I BatteryMgr:DataCollectionService: stats => 1689114072052,-225370,4099
07-11 18:21:12.056  3345  3402 I BatteryMgr:DataCollectionService: stats => 1689114072056,-225370,4099
07-11 18:21:12.060  3345  3402 I BatteryMgr:DataCollectionService: stats => 1689114072060,-225370,4099
07-11 18:21:12.063  3345  3402 I BatteryMgr:DataCollectionService: stats => 1689114072063,-225370,4099
07-11 18:21:12.067  3345  3402 I BatteryMgr:DataCollectionService: stats => 1689114072066,-225370,4099
07-11 18:21:12.070  3345  3402 I BatteryMgr:DataCollectionService: stats => 1689114072070,-225370,4099
07-11 18:21:12.073  3345  3402 I BatteryMgr:DataCollectionService: stats => 1689114072073,-225370,4099
07-11 18:21:12.077  3345  3402 I BatteryMgr:DataCollectionService: stats => 1689114072077,-225370,4099
07-11 18:21:12.080  3345  3402 I BatteryMgr:DataCollectionService: stats => 1689114072080,-225370,4099
07-11 18:21:12.084  3345  3402 I BatteryMgr:DataCollectionService: stats => 1689114072084,-225370,4099
07-11 18:21:12.088  3345  3402 I BatteryMgr:DataCollectionService: stats => 1689114072088,-225370,4099
07-11 18:21:12.091  3345  3402 I BatteryMgr:DataCollectionService: stats => 1689114072091,-225370,4099
07-11 18:21:12.095  3345  3402 I BatteryMgr:DataCollectionService: stats => 1689114072095,-225370,4099
07-11 18:21:12.099  3345  3402 I BatteryMgr:DataCollectionService: stats => 1689114072099,-225370,4099
07-11 18:21:12.102  3345  3402 I BatteryMgr:DataCollectionService: stats => 1689114072102,-225370,4099
07-11 18:21:12.106  3345  3402 I BatteryMgr:DataCollectionService: stats => 1689114072106,-225370,4099
07-11 18:21:12.110  3345  3402 I BatteryMgr:DataCollectionService: stats => 1689114072110,-225370,4099
07-11 18:21:12.113  3345  3402 I BatteryMgr:DataCollectionService: stats => 1689114072113,-225370,4099
07-11 18:21:12.117  3345  3402 I BatteryMgr:DataCollectionService: stats => 1689114072117,-225370,4099
07-11 18:21:12.121  3345  3402 I BatteryMgr:DataCollectionService: stats => 1689114072121,-225370,4099
07-11 18:21:12.125  3345  3402 I BatteryMgr:DataCollectionService: stats => 1689114072125,-225370,4099
07-11 18:21:12.129  3345  3402 I BatteryMgr:DataCollectionService: stats => 1689114072129,-225370,4099
07-11 18:21:12.133  3345  3402 I BatteryMgr:DataCollectionService: stats => 1689114072133,-225370,4099
07-11 18:21:12.137  3345  3402 I BatteryMgr:DataCollectionService: stats => 1689114072137,-225370,4099
07-11 18:21:12.141  3345  3402 I BatteryMgr:DataCollectionService: stats => 1689114072141,-225370,4099
07-11 18:21:12.146  3345  3402 I BatteryMgr:DataCollectionService: stats => 1689114072145,-225370,4099
07-11 18:21:12.149  3345  3402 I BatteryMgr:DataCollectionService: stats => 1689114072149,-225370,4099
07-11 18:21:12.153  3345  3402 I BatteryMgr:DataCollectionService: stats => 1689114072153,-225370,4099
07-11 18:21:12.157  3345  3402 I BatteryMgr:DataCollectionService: stats => 1689114072157,-225370,4099
07-11 18:21:12.162  3345  3402 I BatteryMgr:DataCollectionService: stats => 1689114072162,-225370,4099
07-11 18:21:12.167  3345  3402 I BatteryMgr:DataCollectionService: stats => 1689114072167,-225370,4099
07-11 18:21:12.172  3345  3402 I BatteryMgr:DataCollectionService: stats => 1689114072172,-225370,4099
07-11 18:21:12.176  3345  3402 I BatteryMgr:DataCollectionService: stats => 1689114072176,-225370,4099
07-11 18:21:12.181  3345  3402 I BatteryMgr:DataCollectionService: stats => 1689114072181,-225370,4099
07-11 18:21:12.185  3345  3402 I BatteryMgr:DataCollectionService: stats => 1689114072185,-225370,4099
07-11 18:21:12.190  3345  3402 I BatteryMgr:DataCollectionService: stats => 1689114072190,-225370,4099
07-11 18:21:12.195  3345  3402 I BatteryMgr:DataCollectionService: stats => 1689114072194,-225370,4099
07-11 18:21:12.199  3345  3402 I BatteryMgr:DataCollectionService: stats => 1689114072199,-225370,4099
07-11 18:21:12.205  3345  3402 I BatteryMgr:DataCollectionService: stats => 1689114072205,-225370,4099
07-11 18:21:12.210  3345  3402 I BatteryMgr:DataCollectionService: stats => 1689114072209,-225370,4099
07-11 18:21:12.214  3345  3402 I BatteryMgr:DataCollectionService: stats => 1689114072213,-225370,4099
07-11 18:21:12.217  3345  3402 I BatteryMgr:DataCollectionService: stats => 1689114072217,-225370,4099
07-11 18:21:12.221  3345  3402 I BatteryMgr:DataCollectionService: stats => 1689114072221,-225370,4099
07-11 18:21:12.226  3345  3402 I BatteryMgr:DataCollectionService: stats => 1689114072225,-225370,4099
07-11 18:21:12.230  3345  3402 I BatteryMgr:DataCollectionService: stats => 1689114072229,-225370,4099
07-11 18:21:12.234  3345  3402 I BatteryMgr:DataCollectionService: stats => 1689114072234,-225370,4099
07-11 18:21:12.234  3345  3352 I zygote64: Do partial code cache collection, code=61KB, data=42KB
07-11 18:21:12.235  3345  3352 I zygote64: After code cache collection, code=61KB, data=42KB
07-11 18:21:12.235  3345  3352 I zygote64: Increasing code cache capacity to 256KB
07-11 18:21:12.238  3345  3402 I BatteryMgr:DataCollectionService: stats => 1689114072238,-225370,4099
07-11 18:21:12.242  3345  3402 I BatteryMgr:DataCollectionService: stats => 1689114072242,-225370,4099
07-11 18:21:12.246  3345  3402 I BatteryMgr:DataCollectionService: stats => 1689114072246,-225370,4099
07-11 18:21:12.250  3345  3402 I BatteryMgr:DataCollectionService: stats => 1689114072250,-225370,4099
07-11 18:21:12.254  3345  3402 I BatteryMgr:DataCollectionService: stats => 1689114072254,-225370,4099
07-11 18:21:12.258  3345  3402 I BatteryMgr:DataCollectionService: stats => 1689114072258,-225370,4099
07-11 18:21:12.262  3345  3402 I BatteryMgr:DataCollectionService: stats => 1689114072262,-225370,4099
07-11 18:21:12.266  3345  3402 I BatteryMgr:DataCollectionService: stats => 1689114072265,-225370,4099
07-11 18:21:12.270  3345  3402 I BatteryMgr:DataCollectionService: stats => 1689114072269,-225370,4099
07-11 18:21:12.274  3345  3402 I BatteryMgr:DataCollectionService: stats => 1689114072273,-225370,4099
07-11 18:21:12.277  3345  3402 I BatteryMgr:DataCollectionService: stats => 1689114072277,-225370,4099
07-11 18:21:12.282  3345  3402 I BatteryMgr:DataCollectionService: stats => 1689114072281,-225370,4099
07-11 18:21:12.286  3345  3402 I BatteryMgr:DataCollectionService: stats => 1689114072285,-225370,4099
07-11 18:21:12.290  3345  3402 I BatteryMgr:DataCollectionService: stats => 1689114072289,-225370,4099
07-11 18:21:12.293  3345  3402 I BatteryMgr:DataCollectionService: stats => 1689114072293,-225370,4099
07-11 18:21:12.297  3345  3402 I BatteryMgr:DataCollectionService: stats => 1689114072297,-225370,4099
07-11 18:21:12.301  3345  3402 I BatteryMgr:DataCollectionService: stats => 1689114072300,-225370,4099
07-11 18:21:12.305  3345  3402 I BatteryMgr:DataCollectionService: stats => 1689114072305,-225370,4099
07-11 18:21:12.309  3345  3402 I BatteryMgr:DataCollectionService: stats => 1689114072309,-225370,4099
07-11 18:21:12.315  3345  3402 I BatteryMgr:DataCollectionService: stats => 1689114072315,-225370,4099
07-11 18:21:12.320  3345  3402 I BatteryMgr:DataCollectionService: stats => 1689114072320,-225370,4099
07-11 18:21:12.325  3345  3402 I BatteryMgr:DataCollectionService: stats => 1689114072324,-225370,4099
07-11 18:21:12.328  3345  3402 I BatteryMgr:DataCollectionService: stats => 1689114072328,-225370,4099
07-11 18:21:12.332  3345  3402 I BatteryMgr:DataCollectionService: stats => 1689114072331,-225370,4099
07-11 18:21:12.335  3345  3402 I BatteryMgr:DataCollectionService: stats => 1689114072335,-225370,4099
07-11 18:21:12.338  3345  3402 I BatteryMgr:DataCollectionService: stats => 1689114072338,-225370,4099
07-11 18:21:12.342  3345  3402 I BatteryMgr:DataCollectionService: stats => 1689114072341,-225370,4099
07-11 18:21:12.345  3345  3402 I BatteryMgr:DataCollectionService: stats => 1689114072345,-225370,4099
07-11 18:21:12.348  3345  3402 I BatteryMgr:DataCollectionService: stats => 1689114072348,-225370,4099
07-11 18:21:12.352  3345  3402 I BatteryMgr:DataCollectionService: stats => 1689114072352,-225370,4099
07-11 18:21:12.355  3345  3402 I BatteryMgr:DataCollectionService: stats => 1689114072355,-225370,4099
07-11 18:21:12.358  3345  3402 I BatteryMgr:DataCollectionService: stats => 1689114072358,-225370,4099
07-11 18:21:12.362  3345  3402 I BatteryMgr:DataCollectionService: stats => 1689114072362,-225370,4099
07-11 18:21:12.365  3345  3402 I BatteryMgr:DataCollectionService: stats => 1689114072365,-225370,4099
07-11 18:21:12.368  3345  3402 I BatteryMgr:DataCollectionService: stats => 1689114072368,-225370,4099
07-11 18:21:12.372  3345  3402 I BatteryMgr:DataCollectionService: stats => 1689114072372,-225370,4099
07-11 18:21:12.375  3345  3402 I BatteryMgr:DataCollectionService: stats => 1689114072375,-225370,4099
07-11 18:21:12.379  3345  3402 I BatteryMgr:DataCollectionService: stats => 1689114072379,-225370,4099
07-11 18:21:12.383  3345  3402 I BatteryMgr:DataCollectionService: stats => 1689114072383,-225370,4099
07-11 18:21:12.386  3345  3402 I BatteryMgr:DataCollectionService: stats => 1689114072386,-225370,4099
07-11 18:21:12.390  3345  3402 I BatteryMgr:DataCollectionService: stats => 1689114072390,-225370,4099
07-11 18:21:12.393  3345  3402 I BatteryMgr:DataCollectionService: stats => 1689114072393,-225370,4099
07-11 18:21:12.396  3345  3402 I BatteryMgr:DataCollectionService: stats => 1689114072396,-225370,4099
07-11 18:21:12.400  3345  3402 I BatteryMgr:DataCollectionService: stats => 1689114072400,-225370,4099
07-11 18:21:12.404  3345  3402 I BatteryMgr:DataCollectionService: stats => 1689114072404,-225370,4099
07-11 18:21:12.407  3345  3402 I BatteryMgr:DataCollectionService: stats => 1689114072407,-225370,4099
07-11 18:21:12.411  3345  3402 I BatteryMgr:DataCollectionService: stats => 1689114072411,-225370,4099
07-11 18:21:12.414  3345  3402 I BatteryMgr:DataCollectionService: stats => 1689114072414,-225370,4099
07-11 18:21:12.417  3345  3402 I BatteryMgr:DataCollectionService: stats => 1689114072417,-225370,4099
07-11 18:21:12.421  3345  3402 I BatteryMgr:DataCollectionService: stats => 1689114072421,-225370,4099
07-11 18:21:12.425  3345  3402 I BatteryMgr:DataCollectionService: stats => 1689114072425,-225370,4099
07-11 18:21:12.429  3345  3402 I BatteryMgr:DataCollectionService: stats => 1689114072429,-225370,4099
07-11 18:21:12.433  3345  3402 I BatteryMgr:DataCollectionService: stats => 1689114072433,-225370,4099
07-11 18:21:12.437  3345  3402 I BatteryMgr:DataCollectionService: stats => 1689114072437,-225370,4099
07-11 18:21:12.440  3345  3402 I BatteryMgr:DataCollectionService: stats => 1689114072440,-225370,4099
07-11 18:21:12.444  3345  3402 I BatteryMgr:DataCollectionService: stats => 1689114072444,-225370,4099
07-11 18:21:12.448  3345  3402 I BatteryMgr:DataCollectionService: stats => 1689114072448,-225370,4099
07-11 18:21:12.452  3345  3402 I BatteryMgr:DataCollectionService: stats => 1689114072452,-225370,4099
07-11 18:21:12.456  3345  3402 I BatteryMgr:DataCollectionService: stats => 1689114072456,-225370,4099
07-11 18:21:12.459  3345  3402 I BatteryMgr:DataCollectionService: stats => 1689114072459,-225370,4099
07-11 18:21:12.463  3345  3402 I BatteryMgr:DataCollectionService: stats => 1689114072463,-225370,4099
07-11 18:21:12.467  3345  3402 I BatteryMgr:DataCollectionService: stats => 1689114072467,-225370,4099
07-11 18:21:12.470  3345  3402 I BatteryMgr:DataCollectionService: stats => 1689114072470,-225370,4099
07-11 18:21:12.474  3345  3402 I BatteryMgr:DataCollectionService: stats => 1689114072474,-225370,4099
07-11 18:21:12.477  3345  3402 I BatteryMgr:DataCollectionService: stats => 1689114072477,-225370,4099
07-11 18:21:12.481  3345  3402 I BatteryMgr:DataCollectionService: stats => 1689114072481,-225370,4099
07-11 18:21:12.486  3345  3402 I BatteryMgr:DataCollectionService: stats => 1689114072485,-225370,4099
07-11 18:21:12.489  3345  3402 I BatteryMgr:DataCollectionService: stats => 1689114072489,-225370,4099
07-11 18:21:12.493  3345  3402 I BatteryMgr:DataCollectionService: stats => 1689114072493,-225370,4099
07-11 18:21:12.497  3345  3402 I BatteryMgr:DataCollectionService: stats => 1689114072496,-225370,4099
07-11 18:21:12.500  3345  3402 I BatteryMgr:DataCollectionService: stats => 1689114072500,-225370,4099
07-11 18:21:12.503  3345  3402 I BatteryMgr:DataCollectionService: stats => 1689114072503,-225370,4099
07-11 18:21:12.507  3345  3402 I BatteryMgr:DataCollectionService: stats => 1689114072507,-225370,4099
07-11 18:21:12.510  3345  3402 I BatteryMgr:DataCollectionService: stats => 1689114072510,-225370,4099
07-11 18:21:12.514  3345  3402 I BatteryMgr:DataCollectionService: stats => 1689114072514,-225370,4099
07-11 18:21:12.518  3345  3402 I BatteryMgr:DataCollectionService: stats => 1689114072518,-225370,4099
07-11 18:21:12.523  3345  3402 I BatteryMgr:DataCollectionService: stats => 1689114072523,-225370,4099
07-11 18:21:12.526  3345  3402 I BatteryMgr:DataCollectionService: stats => 1689114072526,-225370,4099
07-11 18:21:12.530  3345  3402 I BatteryMgr:DataCollectionService: stats => 1689114072530,-225370,4099
07-11 18:21:12.534  3345  3402 I BatteryMgr:DataCollectionService: stats => 1689114072534,-225370,4099
07-11 18:21:12.537  3345  3402 I BatteryMgr:DataCollectionService: stats => 1689114072537,-225370,4099
07-11 18:21:12.542  3345  3402 I BatteryMgr:DataCollectionService: stats => 1689114072541,-225370,4099
07-11 18:21:12.546  3345  3402 I BatteryMgr:DataCollectionService: stats => 1689114072546,-225370,4099
07-11 18:21:12.549  3345  3402 I BatteryMgr:DataCollectionService: stats => 1689114072549,-225370,4099
07-11 18:21:12.553  3345  3402 I BatteryMgr:DataCollectionService: stats => 1689114072553,-225370,4099
07-11 18:21:12.557  3345  3402 I BatteryMgr:DataCollectionService: stats => 1689114072557,-225370,4099
07-11 18:21:12.560  3345  3402 I BatteryMgr:DataCollectionService: stats => 1689114072560,-225370,4099
07-11 18:21:12.565  3345  3402 I BatteryMgr:DataCollectionService: stats => 1689114072564,-225370,4099
07-11 18:21:12.569  3345  3402 I BatteryMgr:DataCollectionService: stats => 1689114072568,-225370,4099
07-11 18:21:12.572  3345  3402 I BatteryMgr:DataCollectionService: stats => 1689114072572,-225370,4099
07-11 18:21:12.576  3345  3402 I BatteryMgr:DataCollectionService: stats => 1689114072576,-225370,4099
07-11 18:21:12.579  3345  3402 I BatteryMgr:DataCollectionService: stats => 1689114072579,-225370,4099
07-11 18:21:12.584  3345  3402 I BatteryMgr:DataCollectionService: stats => 1689114072584,-225370,4099
07-11 18:21:12.587  3345  3402 I BatteryMgr:DataCollectionService: stats => 1689114072587,-225370,4099
07-11 18:21:12.591  3345  3402 I BatteryMgr:DataCollectionService: stats => 1689114072591,-225370,4099
07-11 18:21:12.594  3345  3402 I BatteryMgr:DataCollectionService: stats => 1689114072594,-225370,4099
07-11 18:21:12.597  3345  3402 I BatteryMgr:DataCollectionService: stats => 1689114072597,-225370,4099
07-11 18:21:12.601  3345  3402 I BatteryMgr:DataCollectionService: stats => 1689114072601,-225370,4099
07-11 18:21:12.604  3345  3402 I BatteryMgr:DataCollectionService: stats => 1689114072604,-225370,4099
07-11 18:21:12.608  3345  3402 I BatteryMgr:DataCollectionService: stats => 1689114072607,-225370,4099
07-11 18:21:12.611  3345  3402 I BatteryMgr:DataCollectionService: stats => 1689114072611,-225370,4099
07-11 18:21:12.614  3345  3402 I BatteryMgr:DataCollectionService: stats => 1689114072614,-225370,4099
07-11 18:21:12.618  3345  3402 I BatteryMgr:DataCollectionService: stats => 1689114072618,-225370,4099
07-11 18:21:12.621  3345  3402 I BatteryMgr:DataCollectionService: stats => 1689114072621,-225370,4099
07-11 18:21:12.625  3345  3402 I BatteryMgr:DataCollectionService: stats => 1689114072625,-225370,4099
07-11 18:21:12.629  3345  3402 I BatteryMgr:DataCollectionService: stats => 1689114072628,-225370,4099
07-11 18:21:12.632  3345  3402 I BatteryMgr:DataCollectionService: stats => 1689114072632,-225370,4099
07-11 18:21:12.635  3345  3402 I BatteryMgr:DataCollectionService: stats => 1689114072635,-225370,4099
07-11 18:21:12.639  3345  3402 I BatteryMgr:DataCollectionService: stats => 1689114072639,-225370,4099
07-11 18:21:12.643  3345  3402 I BatteryMgr:DataCollectionService: stats => 1689114072643,-225370,4099
07-11 18:21:12.646  3345  3402 I BatteryMgr:DataCollectionService: stats => 1689114072646,-225370,4099
07-11 18:21:12.650  3345  3402 I BatteryMgr:DataCollectionService: stats => 1689114072650,-225370,4099
07-11 18:21:12.653  3345  3402 I BatteryMgr:DataCollectionService: stats => 1689114072653,-225370,4099
07-11 18:21:12.657  3345  3402 I BatteryMgr:DataCollectionService: stats => 1689114072657,-225370,4099
07-11 18:21:12.660  3345  3402 I BatteryMgr:DataCollectionService: stats => 1689114072660,-225370,4099
07-11 18:21:12.664  3345  3402 I BatteryMgr:DataCollectionService: stats => 1689114072664,-225370,4099
07-11 18:21:12.667  3345  3402 I BatteryMgr:DataCollectionService: stats => 1689114072667,-225370,4099
07-11 18:21:12.671  3345  3402 I BatteryMgr:DataCollectionService: stats => 1689114072671,-225370,4099
07-11 18:21:12.675  3345  3402 I BatteryMgr:DataCollectionService: stats => 1689114072675,-225370,4099
07-11 18:21:12.678  3345  3402 I BatteryMgr:DataCollectionService: stats => 1689114072678,-225370,4099
07-11 18:21:12.682  3345  3402 I BatteryMgr:DataCollectionService: stats => 1689114072682,-225370,4099
07-11 18:21:12.685  3345  3402 I BatteryMgr:DataCollectionService: stats => 1689114072685,-225370,4099
07-11 18:21:12.689  3345  3402 I BatteryMgr:DataCollectionService: stats => 1689114072689,-225370,4099
07-11 18:21:12.692  3345  3402 I BatteryMgr:DataCollectionService: stats => 1689114072692,-225370,4099
07-11 18:21:12.697  3345  3402 I BatteryMgr:DataCollectionService: stats => 1689114072697,-225370,4099
07-11 18:21:12.705  3345  3402 I BatteryMgr:DataCollectionService: stats => 1689114072705,-225370,4099
07-11 18:21:12.709  3345  3402 I BatteryMgr:DataCollectionService: stats => 1689114072709,-225370,4099
07-11 18:21:12.713  3345  3402 I BatteryMgr:DataCollectionService: stats => 1689114072713,-225370,4099
07-11 18:21:12.717  3345  3402 I BatteryMgr:DataCollectionService: stats => 1689114072717,-225370,4099
07-11 18:21:12.721  3345  3402 I BatteryMgr:DataCollectionService: stats => 1689114072721,-225370,4099
07-11 18:21:12.725  3345  3402 I BatteryMgr:DataCollectionService: stats => 1689114072725,-225370,4099
07-11 18:21:12.729  3345  3402 I BatteryMgr:DataCollectionService: stats => 1689114072729,-225370,4099
07-11 18:21:12.733  3345  3402 I BatteryMgr:DataCollectionService: stats => 1689114072733,-225370,4099
07-11 18:21:12.736  3345  3402 I BatteryMgr:DataCollectionService: stats => 1689114072736,-225370,4099
07-11 18:21:12.739  3345  3402 I BatteryMgr:DataCollectionService: stats => 1689114072739,-225370,4099
07-11 18:21:12.742  3345  3402 I BatteryMgr:DataCollectionService: stats => 1689114072741,-225370,4099
07-11 18:21:12.744  3345  3402 I BatteryMgr:DataCollectionService: stats => 1689114072744,-225370,4099
07-11 18:21:12.747  3345  3402 I BatteryMgr:DataCollectionService: stats => 1689114072747,-225370,4099
07-11 18:21:12.750  3345  3402 I BatteryMgr:DataCollectionService: stats => 1689114072750,-225370,4099
07-11 18:21:12.753  3345  3402 I BatteryMgr:DataCollectionService: stats => 1689114072753,-225370,4099
07-11 18:21:12.755  3345  3402 I BatteryMgr:DataCollectionService: stats => 1689114072755,-225370,4099
07-11 18:21:12.758  3345  3402 I BatteryMgr:DataCollectionService: stats => 1689114072758,-225370,4099
07-11 18:21:12.761  3345  3402 I BatteryMgr:DataCollectionService: stats => 1689114072761,-225370,4099
07-11 18:21:12.764  3345  3402 I BatteryMgr:DataCollectionService: stats => 1689114072764,-225370,4099
07-11 18:21:12.767  3345  3402 I BatteryMgr:DataCollectionService: stats => 1689114072767,-225370,4099
07-11 18:21:12.770  3345  3402 I BatteryMgr:DataCollectionService: stats => 1689114072770,-225370,4099
07-11 18:21:12.773  3345  3402 I BatteryMgr:DataCollectionService: stats => 1689114072772,-225370,4099
07-11 18:21:12.776  3345  3402 I BatteryMgr:DataCollectionService: stats => 1689114072776,-225370,4099
07-11 18:21:12.779  3345  3402 I BatteryMgr:DataCollectionService: stats => 1689114072779,-225370,4099
07-11 18:21:12.784  3345  3402 I BatteryMgr:DataCollectionService: stats => 1689114072784,-225370,4099
07-11 18:21:12.787  3345  3402 I BatteryMgr:DataCollectionService: stats => 1689114072787,-225370,4099
07-11 18:21:12.791  3345  3402 I BatteryMgr:DataCollectionService: stats => 1689114072790,-225370,4099
07-11 18:21:12.794  3345  3402 I BatteryMgr:DataCollectionService: stats => 1689114072794,-225370,4099
07-11 18:21:12.797  3345  3402 I BatteryMgr:DataCollectionService: stats => 1689114072797,-225370,4099
07-11 18:21:12.801  3345  3402 I BatteryMgr:DataCollectionService: stats => 1689114072801,-225370,4099
07-11 18:21:12.804  3345  3402 I BatteryMgr:DataCollectionService: stats => 1689114072804,-225370,4099
07-11 18:21:12.807  3345  3402 I BatteryMgr:DataCollectionService: stats => 1689114072807,-225370,4099
07-11 18:21:12.810  3345  3402 I BatteryMgr:DataCollectionService: stats => 1689114072810,-225370,4099
07-11 18:21:12.814  3345  3402 I BatteryMgr:DataCollectionService: stats => 1689114072814,-225370,4099
07-11 18:21:12.817  3345  3402 I BatteryMgr:DataCollectionService: stats => 1689114072817,-225370,4099
07-11 18:21:12.820  3345  3402 I BatteryMgr:DataCollectionService: stats => 1689114072820,-225370,4099
07-11 18:21:12.825  3345  3402 I BatteryMgr:DataCollectionService: stats => 1689114072825,-225370,4099
07-11 18:21:12.829  3345  3402 I BatteryMgr:DataCollectionService: stats => 1689114072829,-225370,4099
07-11 18:21:12.833  3345  3402 I BatteryMgr:DataCollectionService: stats => 1689114072832,-225370,4099
07-11 18:21:12.837  3345  3402 I BatteryMgr:DataCollectionService: stats => 1689114072837,-225370,4099
07-11 18:21:12.840  3345  3402 I BatteryMgr:DataCollectionService: stats => 1689114072840,-225370,4099
07-11 18:21:12.844  3345  3402 I BatteryMgr:DataCollectionService: stats => 1689114072844,-225370,4099
07-11 18:21:12.848  3345  3402 I BatteryMgr:DataCollectionService: stats => 1689114072848,-225370,4099
07-11 18:21:12.852  3345  3402 I BatteryMgr:DataCollectionService: stats => 1689114072852,-225370,4099
07-11 18:21:12.856  3345  3402 I BatteryMgr:DataCollectionService: stats => 1689114072856,-225370,4099
07-11 18:21:12.860  3345  3402 I BatteryMgr:DataCollectionService: stats => 1689114072860,-225370,4099
07-11 18:21:12.866  3345  3402 I BatteryMgr:DataCollectionService: stats => 1689114072865,-225370,4099
07-11 18:21:12.872  3345  3402 I BatteryMgr:DataCollectionService: stats => 1689114072872,-225370,4099
07-11 18:21:12.876  3345  3402 I BatteryMgr:DataCollectionService: stats => 1689114072876,-225370,4099
07-11 18:21:12.880  3345  3402 I BatteryMgr:DataCollectionService: stats => 1689114072880,-225370,4099
07-11 18:21:12.885  3345  3402 I BatteryMgr:DataCollectionService: stats => 1689114072885,-225370,4099
07-11 18:21:12.888  3345  3402 I BatteryMgr:DataCollectionService: stats => 1689114072888,-225370,4099
07-11 18:21:12.891  3345  3402 I BatteryMgr:DataCollectionService: stats => 1689114072891,-225370,4099
07-11 18:21:12.894  3345  3402 I BatteryMgr:DataCollectionService: stats => 1689114072894,-225370,4099
07-11 18:21:12.898  3345  3402 I BatteryMgr:DataCollectionService: stats => 1689114072897,-225370,4099
07-11 18:21:12.901  3345  3402 I BatteryMgr:DataCollectionService: stats => 1689114072901,-225370,4099
07-11 18:21:12.904  3345  3402 I BatteryMgr:DataCollectionService: stats => 1689114072904,-225370,4099
07-11 18:21:12.907  3345  3402 I BatteryMgr:DataCollectionService: stats => 1689114072907,-225370,4099
07-11 18:21:12.910  3345  3402 I BatteryMgr:DataCollectionService: stats => 1689114072910,-225370,4099
07-11 18:21:12.913  3345  3402 I BatteryMgr:DataCollectionService: stats => 1689114072913,-225370,4099
07-11 18:21:12.916  3345  3402 I BatteryMgr:DataCollectionService: stats => 1689114072916,-225370,4099
07-11 18:21:12.919  3345  3402 I BatteryMgr:DataCollectionService: stats => 1689114072919,-225370,4099
07-11 18:21:12.923  3345  3402 I BatteryMgr:DataCollectionService: stats => 1689114072922,-225370,4099
07-11 18:21:12.926  3345  3402 I BatteryMgr:DataCollectionService: stats => 1689114072926,-225370,4099
07-11 18:21:12.929  3345  3402 I BatteryMgr:DataCollectionService: stats => 1689114072929,-225370,4099
07-11 18:21:12.932  3345  3402 I BatteryMgr:DataCollectionService: stats => 1689114072932,-225370,4099
07-11 18:21:12.935  3345  3402 I BatteryMgr:DataCollectionService: stats => 1689114072935,-225370,4099
07-11 18:21:12.938  3345  3402 I BatteryMgr:DataCollectionService: stats => 1689114072938,-225370,4099
07-11 18:21:12.941  3345  3402 I BatteryMgr:DataCollectionService: stats => 1689114072941,-225370,4099
07-11 18:21:12.946  3345  3402 I BatteryMgr:DataCollectionService: stats => 1689114072946,-225370,4099
07-11 18:21:12.950  3345  3402 I BatteryMgr:DataCollectionService: stats => 1689114072950,-225370,4099
07-11 18:21:12.953  3345  3402 I BatteryMgr:DataCollectionService: stats => 1689114072953,-225370,4099
07-11 18:21:12.957  3345  3402 I BatteryMgr:DataCollectionService: stats => 1689114072957,-225370,4099
07-11 18:21:12.960  3345  3402 I BatteryMgr:DataCollectionService: stats => 1689114072960,-225370,4099
07-11 18:21:12.963  3345  3402 I BatteryMgr:DataCollectionService: stats => 1689114072963,-225370,4099
07-11 18:21:12.967  3345  3402 I BatteryMgr:DataCollectionService: stats => 1689114072967,-225370,4099
07-11 18:21:12.970  3345  3402 I BatteryMgr:DataCollectionService: stats => 1689114072970,-225370,4099
07-11 18:21:12.974  3345  3402 I BatteryMgr:DataCollectionService: stats => 1689114072974,-225370,4099
07-11 18:21:12.978  3345  3402 I BatteryMgr:DataCollectionService: stats => 1689114072978,-225370,4099
07-11 18:21:12.982  3345  3402 I BatteryMgr:DataCollectionService: stats => 1689114072982,-225370,4099
07-11 18:21:12.986  3345  3402 I BatteryMgr:DataCollectionService: stats => 1689114072986,-225370,4099
07-11 18:21:12.989  3345  3402 I BatteryMgr:DataCollectionService: stats => 1689114072989,-225370,4099
07-11 18:21:12.993  3345  3402 I BatteryMgr:DataCollectionService: stats => 1689114072993,-225370,4099
07-11 18:21:12.997  3345  3402 I BatteryMgr:DataCollectionService: stats => 1689114072997,-225370,4099
07-11 18:21:13.001  3345  3402 I BatteryMgr:DataCollectionService: stats => 1689114073001,-225370,4099
07-11 18:21:13.005  3345  3402 I BatteryMgr:DataCollectionService: stats => 1689114073005,-225370,4099
07-11 18:21:13.008  3345  3402 I BatteryMgr:DataCollectionService: stats => 1689114073008,-225370,4099
07-11 18:21:13.012  3345  3402 I BatteryMgr:DataCollectionService: stats => 1689114073012,-225370,4099
07-11 18:21:13.016  3345  3402 I BatteryMgr:DataCollectionService: stats => 1689114073016,-225370,4099
07-11 18:21:13.019  3345  3402 I BatteryMgr:DataCollectionService: stats => 1689114073019,-225370,4099
07-11 18:21:13.023  3345  3402 I BatteryMgr:DataCollectionService: stats => 1689114073023,-225370,4099
07-11 18:21:13.027  3345  3402 I BatteryMgr:DataCollectionService: stats => 1689114073027,-225370,4099
07-11 18:21:13.031  3345  3402 I BatteryMgr:DataCollectionService: stats => 1689114073031,-225370,4099
07-11 18:21:13.035  3345  3402 I BatteryMgr:DataCollectionService: stats => 1689114073035,-225370,4099
07-11 18:21:13.039  3345  3402 I BatteryMgr:DataCollectionService: stats => 1689114073038,-225370,4099
07-11 18:21:13.042  3345  3402 I BatteryMgr:DataCollectionService: stats => 1689114073042,-225370,4099
07-11 18:21:13.046  3345  3402 I BatteryMgr:DataCollectionService: stats => 1689114073046,-225370,4099
07-11 18:21:13.050  3345  3402 I BatteryMgr:DataCollectionService: stats => 1689114073050,-225370,4099
07-11 18:21:13.054  3345  3402 I BatteryMgr:DataCollectionService: stats => 1689114073054,-225370,4099
07-11 18:21:13.059  3345  3402 I BatteryMgr:DataCollectionService: stats => 1689114073058,-225370,4099
07-11 18:21:13.063  3345  3402 I BatteryMgr:DataCollectionService: stats => 1689114073062,-225370,4099
07-11 18:21:13.067  3345  3402 I BatteryMgr:DataCollectionService: stats => 1689114073066,-225370,4099
07-11 18:21:13.071  3345  3402 I BatteryMgr:DataCollectionService: stats => 1689114073071,-225370,4099
07-11 18:21:13.075  3345  3402 I BatteryMgr:DataCollectionService: stats => 1689114073075,-225370,4099
07-11 18:21:13.080  3345  3402 I BatteryMgr:DataCollectionService: stats => 1689114073080,-225370,4099
07-11 18:21:13.086  3345  3402 I BatteryMgr:DataCollectionService: stats => 1689114073086,-225370,4099
07-11 18:21:13.089  3345  3402 I BatteryMgr:DataCollectionService: stats => 1689114073089,-225370,4099
07-11 18:21:13.093  3345  3402 I BatteryMgr:DataCollectionService: stats => 1689114073093,-225370,4099
07-11 18:21:13.096  3345  3402 I BatteryMgr:DataCollectionService: stats => 1689114073096,-225370,4099
07-11 18:21:13.099  3345  3402 I BatteryMgr:DataCollectionService: stats => 1689114073099,-225370,4099
07-11 18:21:13.103  3345  3402 I BatteryMgr:DataCollectionService: stats => 1689114073103,-225370,4099
07-11 18:21:13.106  3345  3402 I BatteryMgr:DataCollectionService: stats => 1689114073106,-225370,4099
07-11 18:21:13.110  3345  3402 I BatteryMgr:DataCollectionService: stats => 1689114073109,-225370,4099
07-11 18:21:13.113  3345  3402 I BatteryMgr:DataCollectionService: stats => 1689114073113,-225370,4099
07-11 18:21:13.116  3345  3402 I BatteryMgr:DataCollectionService: stats => 1689114073116,-225370,4099
07-11 18:21:13.120  3345  3402 I BatteryMgr:DataCollectionService: stats => 1689114073119,-225370,4099
07-11 18:21:13.123  3345  3402 I BatteryMgr:DataCollectionService: stats => 1689114073123,-225370,4099
07-11 18:21:13.126  3345  3402 I BatteryMgr:DataCollectionService: stats => 1689114073126,-225370,4099
07-11 18:21:13.130  3345  3402 I BatteryMgr:DataCollectionService: stats => 1689114073130,-225370,4099
07-11 18:21:13.134  3345  3402 I BatteryMgr:DataCollectionService: stats => 1689114073134,-225370,4099
07-11 18:21:13.138  3345  3402 I BatteryMgr:DataCollectionService: stats => 1689114073138,-225370,4099
07-11 18:21:13.142  3345  3402 I BatteryMgr:DataCollectionService: stats => 1689114073142,-225370,4099
07-11 18:21:13.146  3345  3402 I BatteryMgr:DataCollectionService: stats => 1689114073146,-225370,4099
