07-05 22:11:15.464 16439 16533 I BatteryMgr:DataCollectionService: stats => 1688587875464,-146972,4235
07-05 22:11:15.486 16439 16533 I BatteryMgr:DataCollectionService: stats => 1688587875485,-146972,4235
07-05 22:11:15.506 16439 16533 I BatteryMgr:DataCollectionService: stats => 1688587875505,-146972,4235
07-05 22:11:15.526 16439 16533 I BatteryMgr:DataCollectionService: stats => 1688587875526,-146972,4235
07-05 22:11:15.560 16439 16533 I BatteryMgr:DataCollectionService: stats => 1688587875559,-146972,4235
07-05 22:11:15.571  4188  4188 D BoundBrokerSvc: onUnbind: Intent { act=com.google.android.gms.inappreach.service.START dat=chimera-action: cmp=com.google.android.gms/.chimera.GmsApiService }
07-05 22:11:15.578 16439 16533 I BatteryMgr:DataCollectionService: stats => 1688587875578,-146972,4235
07-05 22:11:15.594 16439 16533 I BatteryMgr:DataCollectionService: stats => 1688587875593,-146972,4235
07-05 22:11:15.610 16439 16533 I BatteryMgr:DataCollectionService: stats => 1688587875610,-146972,4235
07-05 22:11:15.624 16439 16533 I BatteryMgr:DataCollectionService: stats => 1688587875624,-146972,4235
07-05 22:11:15.641 16439 16533 I BatteryMgr:DataCollectionService: stats => 1688587875641,-146972,4235
07-05 22:11:15.659 16439 16533 I BatteryMgr:DataCollectionService: stats => 1688587875658,-146972,4235
07-05 22:11:15.676 16439 16533 I BatteryMgr:DataCollectionService: stats => 1688587875676,-146972,4235
07-05 22:11:15.702 16439 16533 I BatteryMgr:DataCollectionService: stats => 1688587875702,-146972,4235
07-05 22:11:15.724 16439 16533 I BatteryMgr:DataCollectionService: stats => 1688587875724,-146972,4235
07-05 22:11:15.744 16439 16533 I BatteryMgr:DataCollectionService: stats => 1688587875744,-146972,4235
07-05 22:11:15.770 16439 16533 I BatteryMgr:DataCollectionService: stats => 1688587875770,-146972,4235
07-05 22:11:15.797 16439 16533 I BatteryMgr:DataCollectionService: stats => 1688587875795,-146972,4235
07-05 22:11:15.814 16439 16533 I BatteryMgr:DataCollectionService: stats => 1688587875814,-146972,4235
07-05 22:11:15.832 16439 16533 I BatteryMgr:DataCollectionService: stats => 1688587875831,-146972,4235
07-05 22:11:15.848 16439 16533 I BatteryMgr:DataCollectionService: stats => 1688587875848,-146972,4235
07-05 22:11:15.873 16439 16533 I BatteryMgr:DataCollectionService: stats => 1688587875873,-151855,4235
07-05 22:11:15.895 16439 16533 I BatteryMgr:DataCollectionService: stats => 1688587875895,-151855,4235
07-05 22:11:15.918 16439 16533 I BatteryMgr:DataCollectionService: stats => 1688587875918,-151855,4235
07-05 22:11:15.942 16439 16533 I BatteryMgr:DataCollectionService: stats => 1688587875941,-151855,4235
07-05 22:11:15.958 16439 16533 I BatteryMgr:DataCollectionService: stats => 1688587875958,-151855,4235
07-05 22:11:15.982 16439 16533 I BatteryMgr:DataCollectionService: stats => 1688587875981,-151855,4235
07-05 22:11:16.001 16439 16533 I BatteryMgr:DataCollectionService: stats => 1688587876001,-151855,4235
07-05 22:11:16.017 16439 16533 I BatteryMgr:DataCollectionService: stats => 1688587876017,-151855,4235
07-05 22:11:16.033 16439 16533 I BatteryMgr:DataCollectionService: stats => 1688587876033,-151855,4235
07-05 22:11:16.052 16439 16533 I BatteryMgr:DataCollectionService: stats => 1688587876052,-151855,4235
07-05 22:11:16.068 16439 16533 I BatteryMgr:DataCollectionService: stats => 1688587876068,-151855,4235
07-05 22:11:16.086 16439 16533 I BatteryMgr:DataCollectionService: stats => 1688587876086,-151855,4235
07-05 22:11:16.104 16439 16533 I BatteryMgr:DataCollectionService: stats => 1688587876103,-151855,4235
07-05 22:11:16.120 16439 16533 I BatteryMgr:DataCollectionService: stats => 1688587876120,-151855,4235
07-05 22:11:16.136 16439 16533 I BatteryMgr:DataCollectionService: stats => 1688587876136,-151855,4235
07-05 22:11:16.153 16439 16533 I BatteryMgr:DataCollectionService: stats => 1688587876152,-151855,4235
07-05 22:11:16.169 16439 16533 I BatteryMgr:DataCollectionService: stats => 1688587876168,-151855,4235
07-05 22:11:16.186 16439 16533 I BatteryMgr:DataCollectionService: stats => 1688587876186,-151855,4235
07-05 22:11:16.204 16439 16533 I BatteryMgr:DataCollectionService: stats => 1688587876204,-151855,4235
07-05 22:11:16.223 16439 16533 I BatteryMgr:DataCollectionService: stats => 1688587876223,-151855,4235
07-05 22:11:16.240 16439 16533 I BatteryMgr:DataCollectionService: stats => 1688587876240,-151855,4235
07-05 22:11:16.256 16439 16533 I BatteryMgr:DataCollectionService: stats => 1688587876256,-151855,4235
07-05 22:11:16.272 16439 16533 I BatteryMgr:DataCollectionService: stats => 1688587876272,-151855,4235
07-05 22:11:16.294 16439 16533 I BatteryMgr:DataCollectionService: stats => 1688587876294,-151855,4235
07-05 22:11:16.316 16439 16533 I BatteryMgr:DataCollectionService: stats => 1688587876316,-151855,4235
07-05 22:11:16.337 16439 16533 I BatteryMgr:DataCollectionService: stats => 1688587876337,-151855,4235
07-05 22:11:16.356 16439 16533 I BatteryMgr:DataCollectionService: stats => 1688587876356,-151855,4235
07-05 22:11:16.377 16439 16533 I BatteryMgr:DataCollectionService: stats => 1688587876377,-151855,4235
07-05 22:11:16.397 16439 16533 I BatteryMgr:DataCollectionService: stats => 1688587876397,-151855,4235
07-05 22:11:16.418 16439 16533 I BatteryMgr:DataCollectionService: stats => 1688587876418,-151855,4235
07-05 22:11:16.438 16439 16533 I BatteryMgr:DataCollectionService: stats => 1688587876438,-151855,4235
07-05 22:11:16.459 16439 16533 I BatteryMgr:DataCollectionService: stats => 1688587876459,-151855,4235
07-05 22:11:16.480 16439 16533 I BatteryMgr:DataCollectionService: stats => 1688587876480,-151855,4235
07-05 22:11:16.501 16439 16533 I BatteryMgr:DataCollectionService: stats => 1688587876501,-151855,4235
07-05 22:11:16.532 16439 16533 I BatteryMgr:DataCollectionService: stats => 1688587876532,-151855,4235
07-05 22:11:16.554 16439 16533 I BatteryMgr:DataCollectionService: stats => 1688587876554,-151855,4235
07-05 22:11:16.577 16439 16533 I BatteryMgr:DataCollectionService: stats => 1688587876577,-151855,4235
07-05 22:11:16.599 16439 16533 I BatteryMgr:DataCollectionService: stats => 1688587876599,-151855,4235
07-05 22:11:16.621 16439 16533 I BatteryMgr:DataCollectionService: stats => 1688587876621,-151855,4235
07-05 22:11:16.642 16439 16533 I BatteryMgr:DataCollectionService: stats => 1688587876642,-151855,4235
07-05 22:11:16.662 16439 16533 I BatteryMgr:DataCollectionService: stats => 1688587876662,-151855,4235
07-05 22:11:16.683 16439 16533 I BatteryMgr:DataCollectionService: stats => 1688587876683,-151855,4235
07-05 22:11:16.704 16439 16533 I BatteryMgr:DataCollectionService: stats => 1688587876703,-151855,4235
07-05 22:11:16.723 16439 16533 I BatteryMgr:DataCollectionService: stats => 1688587876723,-151855,4235
07-05 22:11:16.744 16439 16533 I BatteryMgr:DataCollectionService: stats => 1688587876744,-151855,4235
07-05 22:11:16.763 16439 16533 I BatteryMgr:DataCollectionService: stats => 1688587876763,-151855,4235
07-05 22:11:16.783 16439 16533 I BatteryMgr:DataCollectionService: stats => 1688587876783,-151855,4235
07-05 22:11:16.803 16439 16533 I BatteryMgr:DataCollectionService: stats => 1688587876803,-151855,4235
07-05 22:11:16.822 16439 16533 I BatteryMgr:DataCollectionService: stats => 1688587876822,-151855,4235
07-05 22:11:16.843 16439 16533 I BatteryMgr:DataCollectionService: stats => 1688587876843,-151855,4235
07-05 22:11:16.862 16439 16533 I BatteryMgr:DataCollectionService: stats => 1688587876862,-151855,4235
07-05 22:11:16.877 16439 16533 I BatteryMgr:DataCollectionService: stats => 1688587876877,-151855,4235
07-05 22:11:16.904 16439 16533 I BatteryMgr:DataCollectionService: stats => 1688587876902,-151855,4235
07-05 22:11:16.926 16439 16533 I BatteryMgr:DataCollectionService: stats => 1688587876926,-151855,4235
07-05 22:11:16.946 16439 16533 I BatteryMgr:DataCollectionService: stats => 1688587876946,-151855,4235
07-05 22:11:16.965 16439 16533 I BatteryMgr:DataCollectionService: stats => 1688587876965,-151855,4235
07-05 22:11:16.983 16439 16533 I BatteryMgr:DataCollectionService: stats => 1688587876983,-151855,4235
07-05 22:11:17.013 16439 16533 I BatteryMgr:DataCollectionService: stats => 1688587877012,-151855,4235
07-05 22:11:17.031 16439 16533 I BatteryMgr:DataCollectionService: stats => 1688587877031,-151855,4235
07-05 22:11:17.051 16439 16533 I BatteryMgr:DataCollectionService: stats => 1688587877050,-151855,4235
07-05 22:11:17.067 16439 16533 I BatteryMgr:DataCollectionService: stats => 1688587877067,-151855,4235
07-05 22:11:17.084 16439 16533 I BatteryMgr:DataCollectionService: stats => 1688587877084,-151855,4235
07-05 22:11:17.100 16439 16533 I BatteryMgr:DataCollectionService: stats => 1688587877100,-151855,4235
07-05 22:11:17.118 16439 16533 I BatteryMgr:DataCollectionService: stats => 1688587877118,-151855,4235
07-05 22:11:17.136 16439 16533 I BatteryMgr:DataCollectionService: stats => 1688587877136,-151855,4235
07-05 22:11:17.154 16439 16533 I BatteryMgr:DataCollectionService: stats => 1688587877154,-151855,4235
07-05 22:11:17.173 16439 16533 I BatteryMgr:DataCollectionService: stats => 1688587877173,-151855,4235
07-05 22:11:17.188 16439 16533 I BatteryMgr:DataCollectionService: stats => 1688587877188,-151855,4235
07-05 22:11:17.205 16439 16533 I BatteryMgr:DataCollectionService: stats => 1688587877205,-151855,4235
07-05 22:11:17.223 16439 16533 I BatteryMgr:DataCollectionService: stats => 1688587877223,-151855,4235
07-05 22:11:17.240 16439 16533 I BatteryMgr:DataCollectionService: stats => 1688587877240,-151855,4235
07-05 22:11:17.260 16439 16533 I BatteryMgr:DataCollectionService: stats => 1688587877260,-151855,4235
07-05 22:11:17.277 16439 16533 I BatteryMgr:DataCollectionService: stats => 1688587877277,-151855,4235
07-05 22:11:17.294 16439 16533 I BatteryMgr:DataCollectionService: stats => 1688587877294,-151855,4235
07-05 22:11:17.312 16439 16533 I BatteryMgr:DataCollectionService: stats => 1688587877312,-151855,4235
07-05 22:11:17.332 16439 16533 I BatteryMgr:DataCollectionService: stats => 1688587877332,-212890,4235
07-05 22:11:17.353 16439 16533 I BatteryMgr:DataCollectionService: stats => 1688587877352,-212890,4235
07-05 22:11:17.372 16439 16533 I BatteryMgr:DataCollectionService: stats => 1688587877371,-212890,4235
07-05 22:11:17.389 16439 16533 I BatteryMgr:DataCollectionService: stats => 1688587877389,-212890,4235
07-05 22:11:17.411 16439 16533 I BatteryMgr:DataCollectionService: stats => 1688587877410,-212890,4235
07-05 22:11:17.433 16439 16533 I BatteryMgr:DataCollectionService: stats => 1688587877433,-212890,4235
07-05 22:11:17.453 16439 16533 I BatteryMgr:DataCollectionService: stats => 1688587877452,-212890,4235
07-05 22:11:17.474 16439 16533 I BatteryMgr:DataCollectionService: stats => 1688587877474,-212890,4235
07-05 22:11:17.493 16439 16533 I BatteryMgr:DataCollectionService: stats => 1688587877493,-212890,4235
07-05 22:11:17.512 16439 16533 I BatteryMgr:DataCollectionService: stats => 1688587877512,-212890,4235
07-05 22:11:17.540 16439 16533 I BatteryMgr:DataCollectionService: stats => 1688587877539,-212890,4235
07-05 22:11:17.567 16439 16533 I BatteryMgr:DataCollectionService: stats => 1688587877567,-212890,4235
07-05 22:11:17.591 16439 16533 I BatteryMgr:DataCollectionService: stats => 1688587877591,-212890,4235
07-05 22:11:17.612 16439 16533 I BatteryMgr:DataCollectionService: stats => 1688587877612,-212890,4235
07-05 22:11:17.637 16439 16533 I BatteryMgr:DataCollectionService: stats => 1688587877636,-212890,4235
07-05 22:11:17.657 16439 16533 I BatteryMgr:DataCollectionService: stats => 1688587877657,-212890,4235
07-05 22:11:17.684 16439 16533 I BatteryMgr:DataCollectionService: stats => 1688587877684,-212890,4235
07-05 22:11:17.705 16439 16533 I BatteryMgr:DataCollectionService: stats => 1688587877705,-212890,4235
07-05 22:11:17.725  9587  9650 I Finsky  : [3609] nlb.run(33): Stats for Executor: BlockingExecutor nls@6279484[Running, pool size = 0, active threads = 0, queued tasks = 0, completed tasks = 30]
07-05 22:11:17.727  9587  9650 I Finsky  : [3609] nlb.run(33): Stats for Executor: LightweightExecutor nls@32a46d[Running, pool size = 4, active threads = 0, queued tasks = 0, completed tasks = 273]
07-05 22:11:17.731 16439 16533 I BatteryMgr:DataCollectionService: stats => 1688587877730,-212890,4235
07-05 22:11:17.753 16439 16533 I BatteryMgr:DataCollectionService: stats => 1688587877753,-212890,4235
07-05 22:11:17.769  9587  9650 I Finsky  : [3609] nlb.run(33): Stats for Executor: bgExecutor nls@cf768a2[Running, pool size = 4, active threads = 0, queued tasks = 0, completed tasks = 898]
07-05 22:11:17.773 16439 16533 I BatteryMgr:DataCollectionService: stats => 1688587877773,-212890,4235
07-05 22:11:17.789 16439 16533 I BatteryMgr:DataCollectionService: stats => 1688587877789,-212890,4235
07-05 22:11:17.813 16439 16533 I BatteryMgr:DataCollectionService: stats => 1688587877813,-212890,4235
07-05 22:11:17.833 16439 16533 I BatteryMgr:DataCollectionService: stats => 1688587877833,-212890,4235
07-05 22:11:17.858 16439 16533 I BatteryMgr:DataCollectionService: stats => 1688587877858,-212890,4235
07-05 22:11:17.878 16439 16533 I BatteryMgr:DataCollectionService: stats => 1688587877878,-212890,4235
07-05 22:11:17.894 16439 16533 I BatteryMgr:DataCollectionService: stats => 1688587877894,-212890,4235
07-05 22:11:17.914 16439 16533 I BatteryMgr:DataCollectionService: stats => 1688587877914,-212890,4235
07-05 22:11:17.945 16439 16533 I BatteryMgr:DataCollectionService: stats => 1688587877945,-212890,4235
07-05 22:11:17.964 16439 16533 I BatteryMgr:DataCollectionService: stats => 1688587877963,-212890,4235
07-05 22:11:17.979 16439 16533 I BatteryMgr:DataCollectionService: stats => 1688587877979,-212890,4235
07-05 22:11:17.994 16439 16533 I BatteryMgr:DataCollectionService: stats => 1688587877994,-212890,4235
07-05 22:11:18.015 16439 16533 I BatteryMgr:DataCollectionService: stats => 1688587878015,-212890,4235
07-05 22:11:18.038 16439 16533 I BatteryMgr:DataCollectionService: stats => 1688587878038,-212890,4235
07-05 22:11:18.058 16439 16533 I BatteryMgr:DataCollectionService: stats => 1688587878057,-212890,4235
07-05 22:11:18.077 16439 16533 I BatteryMgr:DataCollectionService: stats => 1688587878077,-212890,4235
07-05 22:11:18.093 16439 16533 I BatteryMgr:DataCollectionService: stats => 1688587878093,-212890,4235
07-05 22:11:18.110 16439 16533 I BatteryMgr:DataCollectionService: stats => 1688587878109,-212890,4235
07-05 22:11:18.126 16439 16533 I BatteryMgr:DataCollectionService: stats => 1688587878126,-212890,4235
07-05 22:11:18.142 16439 16533 I BatteryMgr:DataCollectionService: stats => 1688587878142,-212890,4235
07-05 22:11:18.157 16439 16533 I BatteryMgr:DataCollectionService: stats => 1688587878157,-212890,4235
07-05 22:11:18.175 16439 16533 I BatteryMgr:DataCollectionService: stats => 1688587878175,-212890,4235
07-05 22:11:18.194 16439 16533 I BatteryMgr:DataCollectionService: stats => 1688587878194,-212890,4235
07-05 22:11:18.211 16439 16533 I BatteryMgr:DataCollectionService: stats => 1688587878211,-212890,4235
07-05 22:11:18.227 16439 16533 I BatteryMgr:DataCollectionService: stats => 1688587878227,-212890,4235
07-05 22:11:18.244 16439 16533 I BatteryMgr:DataCollectionService: stats => 1688587878244,-212890,4235
07-05 22:11:18.261 16439 16533 I BatteryMgr:DataCollectionService: stats => 1688587878261,-212890,4235
07-05 22:11:18.277 16439 16533 I BatteryMgr:DataCollectionService: stats => 1688587878277,-212890,4235
07-05 22:11:18.294 16439 16533 I BatteryMgr:DataCollectionService: stats => 1688587878294,-212890,4235
07-05 22:11:18.312 16439 16533 I BatteryMgr:DataCollectionService: stats => 1688587878312,-212890,4235
07-05 22:11:18.328 16439 16533 I BatteryMgr:DataCollectionService: stats => 1688587878328,-212890,4235
07-05 22:11:18.345 16439 16533 I BatteryMgr:DataCollectionService: stats => 1688587878344,-212890,4235
07-05 22:11:18.360 16439 16533 I BatteryMgr:DataCollectionService: stats => 1688587878360,-212890,4235
07-05 22:11:18.375 16439 16533 I BatteryMgr:DataCollectionService: stats => 1688587878375,-212890,4235
07-05 22:11:18.392 16439 16533 I BatteryMgr:DataCollectionService: stats => 1688587878392,-212890,4235
07-05 22:11:18.409 16439 16533 I BatteryMgr:DataCollectionService: stats => 1688587878409,-212890,4235
07-05 22:11:18.426 16439 16533 I BatteryMgr:DataCollectionService: stats => 1688587878426,-212890,4235
07-05 22:11:18.441 16439 16533 I BatteryMgr:DataCollectionService: stats => 1688587878441,-212890,4235
07-05 22:11:18.457 16439 16533 I BatteryMgr:DataCollectionService: stats => 1688587878457,-212890,4235
07-05 22:11:18.475 16439 16533 I BatteryMgr:DataCollectionService: stats => 1688587878474,-212890,4235
07-05 22:11:18.490 16439 16533 I BatteryMgr:DataCollectionService: stats => 1688587878490,-212890,4235
07-05 22:11:18.506 16439 16533 I BatteryMgr:DataCollectionService: stats => 1688587878506,-212890,4235
07-05 22:11:18.521 16439 16533 I BatteryMgr:DataCollectionService: stats => 1688587878521,-212890,4235
07-05 22:11:18.542 16439 16533 I BatteryMgr:DataCollectionService: stats => 1688587878542,-212890,4235
07-05 22:11:18.564 16439 16533 I BatteryMgr:DataCollectionService: stats => 1688587878564,-212890,4235
07-05 22:11:18.585 16439 16533 I BatteryMgr:DataCollectionService: stats => 1688587878585,-212890,4235
07-05 22:11:18.605 16439 16533 I BatteryMgr:DataCollectionService: stats => 1688587878605,-212890,4235
07-05 22:11:18.624 16439 16533 I BatteryMgr:DataCollectionService: stats => 1688587878624,-212890,4235
07-05 22:11:18.645 16439 16533 I BatteryMgr:DataCollectionService: stats => 1688587878645,-212890,4235
07-05 22:11:18.665 16439 16533 I BatteryMgr:DataCollectionService: stats => 1688587878665,-212890,4235
07-05 22:11:18.685 16439 16533 I BatteryMgr:DataCollectionService: stats => 1688587878685,-212890,4235
07-05 22:11:18.699  9854  9880 I Finsky:background: [3619] nlb.run(33): Stats for Executor: bgExecutor nls@9fdb34d[Running, pool size = 0, active threads = 0, queued tasks = 0, completed tasks = 0]
07-05 22:11:18.711 16439 16533 I BatteryMgr:DataCollectionService: stats => 1688587878710,-212890,4235
07-05 22:11:18.731 16439 16533 I BatteryMgr:DataCollectionService: stats => 1688587878731,-212890,4235
07-05 22:11:18.751 16439 16533 I BatteryMgr:DataCollectionService: stats => 1688587878751,-212890,4235
07-05 22:11:18.762  9854  9880 I Finsky:background: [3619] nlb.run(33): Stats for Executor: LightweightExecutor nls@834fe02[Running, pool size = 0, active threads = 0, queued tasks = 0, completed tasks = 0]
07-05 22:11:18.771 16439 16533 I BatteryMgr:DataCollectionService: stats => 1688587878771,-212890,4235
07-05 22:11:18.792 16439 16533 I BatteryMgr:DataCollectionService: stats => 1688587878792,-212890,4235
07-05 22:11:18.811 16439 16533 I BatteryMgr:DataCollectionService: stats => 1688587878811,-135742,4235
07-05 22:11:18.831 16439 16533 I BatteryMgr:DataCollectionService: stats => 1688587878831,-135742,4235
07-05 22:11:18.831  9854  9880 I Finsky:background: [3619] nlb.run(33): Stats for Executor: BlockingExecutor nls@b80f313[Running, pool size = 0, active threads = 0, queued tasks = 0, completed tasks = 0]
07-05 22:11:18.852 16439 16533 I BatteryMgr:DataCollectionService: stats => 1688587878851,-135742,4235
07-05 22:11:18.872 16439 16533 I BatteryMgr:DataCollectionService: stats => 1688587878871,-135742,4235
07-05 22:11:18.905 16439 16533 I BatteryMgr:DataCollectionService: stats => 1688587878905,-135742,4235
07-05 22:11:18.930 16439 16533 I BatteryMgr:DataCollectionService: stats => 1688587878929,-135742,4235
07-05 22:11:18.949 16439 16533 I BatteryMgr:DataCollectionService: stats => 1688587878949,-135742,4235
07-05 22:11:18.969 16439 16533 I BatteryMgr:DataCollectionService: stats => 1688587878969,-135742,4235
07-05 22:11:18.988 16439 16533 I BatteryMgr:DataCollectionService: stats => 1688587878988,-135742,4235
07-05 22:11:19.008 16439 16533 I BatteryMgr:DataCollectionService: stats => 1688587879008,-135742,4235
07-05 22:11:19.026 16439 16533 I BatteryMgr:DataCollectionService: stats => 1688587879026,-135742,4235
07-05 22:11:19.044 16439 16533 I BatteryMgr:DataCollectionService: stats => 1688587879044,-135742,4235
07-05 22:11:19.068 16439 16533 I BatteryMgr:DataCollectionService: stats => 1688587879068,-135742,4235
07-05 22:11:19.089 16439 16533 I BatteryMgr:DataCollectionService: stats => 1688587879089,-135742,4235
07-05 22:11:19.105 16439 16533 I BatteryMgr:DataCollectionService: stats => 1688587879105,-135742,4235
07-05 22:11:19.123 16439 16533 I BatteryMgr:DataCollectionService: stats => 1688587879123,-135742,4235
07-05 22:11:19.139 16439 16533 I BatteryMgr:DataCollectionService: stats => 1688587879139,-135742,4235
07-05 22:11:19.157 16439 16533 I BatteryMgr:DataCollectionService: stats => 1688587879157,-135742,4235
07-05 22:11:19.177 16439 16533 I BatteryMgr:DataCollectionService: stats => 1688587879177,-135742,4235
07-05 22:11:19.201 16439 16533 I BatteryMgr:DataCollectionService: stats => 1688587879200,-135742,4235
07-05 22:11:19.217 16439 16533 I BatteryMgr:DataCollectionService: stats => 1688587879217,-135742,4235
07-05 22:11:19.235 16439 16533 I BatteryMgr:DataCollectionService: stats => 1688587879235,-135742,4235
07-05 22:11:19.251 16439 16533 I BatteryMgr:DataCollectionService: stats => 1688587879251,-135742,4235
07-05 22:11:19.269 16439 16533 I BatteryMgr:DataCollectionService: stats => 1688587879269,-135742,4235
07-05 22:11:19.286 16439 16533 I BatteryMgr:DataCollectionService: stats => 1688587879286,-135742,4235
07-05 22:11:19.303 16439 16533 I BatteryMgr:DataCollectionService: stats => 1688587879303,-135742,4235
07-05 22:11:19.320 16439 16533 I BatteryMgr:DataCollectionService: stats => 1688587879320,-135742,4235
07-05 22:11:19.336 16439 16533 I BatteryMgr:DataCollectionService: stats => 1688587879336,-135742,4235
07-05 22:11:19.351 16439 16533 I BatteryMgr:DataCollectionService: stats => 1688587879351,-135742,4235
07-05 22:11:19.368 16439 16533 I BatteryMgr:DataCollectionService: stats => 1688587879368,-135742,4235
07-05 22:11:19.386 16439 16533 I BatteryMgr:DataCollectionService: stats => 1688587879386,-135742,4235
07-05 22:11:19.401 16439 16533 I BatteryMgr:DataCollectionService: stats => 1688587879401,-135742,4235
07-05 22:11:19.419 16439 16533 I BatteryMgr:DataCollectionService: stats => 1688587879419,-135742,4235
07-05 22:11:19.435 16439 16533 I BatteryMgr:DataCollectionService: stats => 1688587879435,-135742,4235
07-05 22:11:19.451 16439 16533 I BatteryMgr:DataCollectionService: stats => 1688587879451,-135742,4235
07-05 22:11:19.472 16439 16533 I BatteryMgr:DataCollectionService: stats => 1688587879472,-135742,4235
07-05 22:11:19.495 16439 16533 I BatteryMgr:DataCollectionService: stats => 1688587879495,-135742,4235
07-05 22:11:19.517 16439 16533 I BatteryMgr:DataCollectionService: stats => 1688587879516,-135742,4235
07-05 22:11:19.536 16439 16533 I BatteryMgr:DataCollectionService: stats => 1688587879536,-135742,4235
07-05 22:11:19.557 16439 16533 I BatteryMgr:DataCollectionService: stats => 1688587879556,-135742,4235
07-05 22:11:19.577 16439 16533 I BatteryMgr:DataCollectionService: stats => 1688587879577,-135742,4235
07-05 22:11:19.602 16439 16533 I BatteryMgr:DataCollectionService: stats => 1688587879602,-135742,4235
07-05 22:11:19.621 16439 16533 I BatteryMgr:DataCollectionService: stats => 1688587879621,-135742,4235
07-05 22:11:19.637 16439 16533 I BatteryMgr:DataCollectionService: stats => 1688587879637,-135742,4235
07-05 22:11:19.658 16439 16533 I BatteryMgr:DataCollectionService: stats => 1688587879658,-135742,4235
07-05 22:11:19.683 16439 16533 I BatteryMgr:DataCollectionService: stats => 1688587879678,-135742,4235
07-05 22:11:19.703 16439 16533 I BatteryMgr:DataCollectionService: stats => 1688587879702,-135742,4235
07-05 22:11:19.723 16439 16533 I BatteryMgr:DataCollectionService: stats => 1688587879723,-135742,4235
07-05 22:11:19.742 16439 16533 I BatteryMgr:DataCollectionService: stats => 1688587879742,-135742,4235
07-05 22:11:19.762 16439 16533 I BatteryMgr:DataCollectionService: stats => 1688587879762,-135742,4235
07-05 22:11:19.783 16439 16533 I BatteryMgr:DataCollectionService: stats => 1688587879782,-135742,4235
07-05 22:11:19.808 16439 16533 I BatteryMgr:DataCollectionService: stats => 1688587879808,-135742,4235
07-05 22:11:19.832 16439 16533 I BatteryMgr:DataCollectionService: stats => 1688587879832,-135742,4235
07-05 22:11:19.858 16439 16533 I BatteryMgr:DataCollectionService: stats => 1688587879858,-135742,4235
07-05 22:11:19.877 16439 16533 I BatteryMgr:DataCollectionService: stats => 1688587879877,-135742,4235
07-05 22:11:19.894 16439 16533 I BatteryMgr:DataCollectionService: stats => 1688587879894,-135742,4235
07-05 22:11:19.909 16439 16533 I BatteryMgr:DataCollectionService: stats => 1688587879909,-135742,4235
07-05 22:11:19.929 16439 16533 I BatteryMgr:DataCollectionService: stats => 1688587879929,-135742,4235
07-05 22:11:19.950 16439 16533 I BatteryMgr:DataCollectionService: stats => 1688587879950,-135742,4235
07-05 22:11:19.971 16439 16533 I BatteryMgr:DataCollectionService: stats => 1688587879968,-135742,4235
07-05 22:11:19.994 16439 16533 I BatteryMgr:DataCollectionService: stats => 1688587879994,-135742,4235
07-05 22:11:20.018 16439 16533 I BatteryMgr:DataCollectionService: stats => 1688587880018,-135742,4235
07-05 22:11:20.042 16439 16533 I BatteryMgr:DataCollectionService: stats => 1688587880042,-135742,4235
07-05 22:11:20.061 16439 16533 I BatteryMgr:DataCollectionService: stats => 1688587880061,-135742,4235
07-05 22:11:20.077 16439 16533 I BatteryMgr:DataCollectionService: stats => 1688587880077,-135742,4235
07-05 22:11:20.095 16439 16533 I BatteryMgr:DataCollectionService: stats => 1688587880095,-135742,4235
07-05 22:11:20.114 16439 16533 I BatteryMgr:DataCollectionService: stats => 1688587880114,-135742,4235
07-05 22:11:20.136 16439 16533 I BatteryMgr:DataCollectionService: stats => 1688587880136,-135742,4235
07-05 22:11:20.153 16439 16533 I BatteryMgr:DataCollectionService: stats => 1688587880153,-135742,4235
07-05 22:11:20.168 16439 16533 I BatteryMgr:DataCollectionService: stats => 1688587880168,-135742,4235
07-05 22:11:20.184 16439 16533 I BatteryMgr:DataCollectionService: stats => 1688587880184,-135742,4235
07-05 22:11:20.210 16439 16533 I BatteryMgr:DataCollectionService: stats => 1688587880210,-135742,4235
07-05 22:11:20.230 16439 16533 I BatteryMgr:DataCollectionService: stats => 1688587880229,-135742,4235
07-05 22:11:20.252 16439 16533 I BatteryMgr:DataCollectionService: stats => 1688587880252,-135742,4235
07-05 22:11:20.269 16439 16533 I BatteryMgr:DataCollectionService: stats => 1688587880269,-166992,4235
07-05 22:11:20.285 16439 16533 I BatteryMgr:DataCollectionService: stats => 1688587880285,-166992,4235
07-05 22:11:20.302 16439 16533 I BatteryMgr:DataCollectionService: stats => 1688587880302,-166992,4235
07-05 22:11:20.324 16439 16533 I BatteryMgr:DataCollectionService: stats => 1688587880324,-166992,4235
07-05 22:11:20.344 16439 16533 I BatteryMgr:DataCollectionService: stats => 1688587880344,-166992,4235
07-05 22:11:20.360 16439 16533 I BatteryMgr:DataCollectionService: stats => 1688587880360,-166992,4235
07-05 22:11:20.376 16439 16533 I BatteryMgr:DataCollectionService: stats => 1688587880376,-166992,4235
07-05 22:11:20.393 16439 16533 I BatteryMgr:DataCollectionService: stats => 1688587880393,-166992,4235
07-05 22:11:20.409 16439 16533 I BatteryMgr:DataCollectionService: stats => 1688587880409,-166992,4235
07-05 22:11:20.424 16439 16533 I BatteryMgr:DataCollectionService: stats => 1688587880424,-166992,4235
07-05 22:11:20.443 16439 16533 I BatteryMgr:DataCollectionService: stats => 1688587880443,-166992,4235
07-05 22:11:20.460 16439 16533 I BatteryMgr:DataCollectionService: stats => 1688587880460,-166992,4235
07-05 22:11:20.476 16439 16533 I BatteryMgr:DataCollectionService: stats => 1688587880476,-166992,4235
07-05 22:11:20.493 16439 16533 I BatteryMgr:DataCollectionService: stats => 1688587880493,-166992,4235
07-05 22:11:20.508 16439 16533 I BatteryMgr:DataCollectionService: stats => 1688587880508,-166992,4235
07-05 22:11:20.525 16439 16533 I BatteryMgr:DataCollectionService: stats => 1688587880525,-166992,4235
07-05 22:11:20.543 16439 16533 I BatteryMgr:DataCollectionService: stats => 1688587880542,-166992,4235
07-05 22:11:20.558 16439 16533 I BatteryMgr:DataCollectionService: stats => 1688587880558,-166992,4235
07-05 22:11:20.574 16439 16533 I BatteryMgr:DataCollectionService: stats => 1688587880574,-166992,4235
07-05 22:11:20.593 16439 16533 I BatteryMgr:DataCollectionService: stats => 1688587880593,-166992,4235
07-05 22:11:20.613 16439 16533 I BatteryMgr:DataCollectionService: stats => 1688587880613,-166992,4235
07-05 22:11:20.632 16439 16533 I BatteryMgr:DataCollectionService: stats => 1688587880632,-166992,4235
07-05 22:11:20.653 16439 16533 I BatteryMgr:DataCollectionService: stats => 1688587880653,-166992,4235
07-05 22:11:20.676 16439 16533 I BatteryMgr:DataCollectionService: stats => 1688587880676,-166992,4235
07-05 22:11:20.696 16439 16533 I BatteryMgr:DataCollectionService: stats => 1688587880695,-166992,4235
07-05 22:11:20.719 16439 16533 I BatteryMgr:DataCollectionService: stats => 1688587880718,-166992,4235
07-05 22:11:20.737 16439 16533 I BatteryMgr:DataCollectionService: stats => 1688587880737,-166992,4235
07-05 22:11:20.756 16439 16533 I BatteryMgr:DataCollectionService: stats => 1688587880756,-166992,4235
07-05 22:11:20.776 16439 16533 I BatteryMgr:DataCollectionService: stats => 1688587880776,-166992,4235
07-05 22:11:20.796 16439 16533 I BatteryMgr:DataCollectionService: stats => 1688587880796,-166992,4235
07-05 22:11:20.817 16439 16533 I BatteryMgr:DataCollectionService: stats => 1688587880817,-166992,4235
07-05 22:11:20.837 16439 16533 I BatteryMgr:DataCollectionService: stats => 1688587880837,-166992,4235
07-05 22:11:20.856 16439 16533 I BatteryMgr:DataCollectionService: stats => 1688587880856,-166992,4235
07-05 22:11:20.874 16439 16533 I BatteryMgr:DataCollectionService: stats => 1688587880874,-166992,4235
07-05 22:11:20.895 16439 16533 I BatteryMgr:DataCollectionService: stats => 1688587880895,-166992,4235
07-05 22:11:20.911 16439 16533 I BatteryMgr:DataCollectionService: stats => 1688587880911,-166992,4235
07-05 22:11:20.928 16439 16533 I BatteryMgr:DataCollectionService: stats => 1688587880928,-166992,4235
07-05 22:11:20.953 16439 16533 I BatteryMgr:DataCollectionService: stats => 1688587880953,-166992,4235
07-05 22:11:20.969 16439 16533 I BatteryMgr:DataCollectionService: stats => 1688587880968,-166992,4235
07-05 22:11:20.992 16439 16533 I BatteryMgr:DataCollectionService: stats => 1688587880992,-166992,4235
07-05 22:11:21.012 16439 16533 I BatteryMgr:DataCollectionService: stats => 1688587881012,-166992,4235
07-05 22:11:21.034 16439 16533 I BatteryMgr:DataCollectionService: stats => 1688587881033,-166992,4235
07-05 22:11:21.053 16439 16533 I BatteryMgr:DataCollectionService: stats => 1688587881053,-166992,4235
07-05 22:11:21.075 16439 16533 I BatteryMgr:DataCollectionService: stats => 1688587881075,-166992,4235
07-05 22:11:21.096 16439 16533 I BatteryMgr:DataCollectionService: stats => 1688587881096,-166992,4235
07-05 22:11:21.115 16439 16533 I BatteryMgr:DataCollectionService: stats => 1688587881115,-166992,4235
07-05 22:11:21.137 16439 16533 I BatteryMgr:DataCollectionService: stats => 1688587881137,-166992,4235
07-05 22:11:21.160 16439 16533 I BatteryMgr:DataCollectionService: stats => 1688587881160,-166992,4235
07-05 22:11:21.183 16439 16533 I BatteryMgr:DataCollectionService: stats => 1688587881183,-166992,4235
07-05 22:11:21.208 16439 16533 I BatteryMgr:DataCollectionService: stats => 1688587881208,-166992,4235
07-05 22:11:21.231 16439 16533 I BatteryMgr:DataCollectionService: stats => 1688587881231,-166992,4235
07-05 22:11:21.253 16439 16533 I BatteryMgr:DataCollectionService: stats => 1688587881253,-166992,4235
07-05 22:11:21.269 16439 16533 I BatteryMgr:DataCollectionService: stats => 1688587881269,-166992,4235
07-05 22:11:21.288 16439 16533 I BatteryMgr:DataCollectionService: stats => 1688587881288,-166992,4235
07-05 22:11:21.308 16439 16533 I BatteryMgr:DataCollectionService: stats => 1688587881308,-166992,4235
07-05 22:11:21.332 16439 16533 I BatteryMgr:DataCollectionService: stats => 1688587881331,-166992,4235
07-05 22:11:21.353 16439 16533 I BatteryMgr:DataCollectionService: stats => 1688587881352,-166992,4235
07-05 22:11:21.374 16439 16533 I BatteryMgr:DataCollectionService: stats => 1688587881374,-166992,4235
07-05 22:11:21.398 16439 16533 I BatteryMgr:DataCollectionService: stats => 1688587881397,-166992,4235
07-05 22:11:21.422 16439 16533 I BatteryMgr:DataCollectionService: stats => 1688587881422,-166992,4235
07-05 22:11:21.443 16439 16533 I BatteryMgr:DataCollectionService: stats => 1688587881443,-166992,4235
07-05 22:11:21.462 16439 16533 I BatteryMgr:DataCollectionService: stats => 1688587881462,-166992,4235
07-05 22:11:21.478 16439 16533 I BatteryMgr:DataCollectionService: stats => 1688587881478,-166992,4235
07-05 22:11:21.497 16439 16533 I BatteryMgr:DataCollectionService: stats => 1688587881495,-166992,4235
07-05 22:11:21.514 16439 16533 I BatteryMgr:DataCollectionService: stats => 1688587881514,-166992,4235
07-05 22:11:21.530 16439 16533 I BatteryMgr:DataCollectionService: stats => 1688587881530,-166992,4235
07-05 22:11:21.549 16439 16533 I BatteryMgr:DataCollectionService: stats => 1688587881549,-166992,4235
07-05 22:11:21.566 16439 16533 I BatteryMgr:DataCollectionService: stats => 1688587881566,-166992,4235
07-05 22:11:21.582 16439 16533 I BatteryMgr:DataCollectionService: stats => 1688587881582,-166992,4235
07-05 22:11:21.603 16439 16533 I BatteryMgr:DataCollectionService: stats => 1688587881597,-166992,4235
07-05 22:11:21.623 16439 16533 I BatteryMgr:DataCollectionService: stats => 1688587881623,-166992,4235
07-05 22:11:21.638 16439 16533 I BatteryMgr:DataCollectionService: stats => 1688587881638,-166992,4235
07-05 22:11:21.656 16439 16533 I BatteryMgr:DataCollectionService: stats => 1688587881656,-166992,4235
07-05 22:11:21.674 16439 16533 I BatteryMgr:DataCollectionService: stats => 1688587881674,-166992,4235
07-05 22:11:21.690 16439 16533 I BatteryMgr:DataCollectionService: stats => 1688587881690,-166992,4235
07-05 22:11:21.707 16439 16533 I BatteryMgr:DataCollectionService: stats => 1688587881707,-166992,4235
07-05 22:11:21.727 16439 16533 I BatteryMgr:DataCollectionService: stats => 1688587881727,-166992,4235
07-05 22:11:21.749 16439 16533 I BatteryMgr:DataCollectionService: stats => 1688587881748,-206542,4235
07-05 22:11:21.768 16439 16533 I BatteryMgr:DataCollectionService: stats => 1688587881768,-206542,4235
07-05 22:11:21.786 16439 16533 I BatteryMgr:DataCollectionService: stats => 1688587881786,-206542,4235
07-05 22:11:21.807 16439 16533 I BatteryMgr:DataCollectionService: stats => 1688587881807,-206542,4235
07-05 22:11:21.827 16439 16533 I BatteryMgr:DataCollectionService: stats => 1688587881827,-206542,4235
07-05 22:11:21.844 16439 16533 I BatteryMgr:DataCollectionService: stats => 1688587881844,-206542,4235
07-05 22:11:21.860 16439 16533 I BatteryMgr:DataCollectionService: stats => 1688587881860,-206542,4235
07-05 22:11:21.882 16439 16533 I BatteryMgr:DataCollectionService: stats => 1688587881882,-206542,4235
07-05 22:11:21.903 16439 16533 I BatteryMgr:DataCollectionService: stats => 1688587881903,-206542,4235
07-05 22:11:21.925 16439 16533 I BatteryMgr:DataCollectionService: stats => 1688587881924,-206542,4235
07-05 22:11:21.948 16439 16533 I BatteryMgr:DataCollectionService: stats => 1688587881948,-206542,4235
07-05 22:11:21.970 16439 16533 I BatteryMgr:DataCollectionService: stats => 1688587881970,-206542,4235
07-05 22:11:21.988 16439 16533 I BatteryMgr:DataCollectionService: stats => 1688587881988,-206542,4235
07-05 22:11:22.011 16439 16533 I BatteryMgr:DataCollectionService: stats => 1688587882011,-206542,4235
07-05 22:11:22.032 16439 16533 I BatteryMgr:DataCollectionService: stats => 1688587882031,-206542,4235
07-05 22:11:22.052 16439 16533 I BatteryMgr:DataCollectionService: stats => 1688587882052,-206542,4235
07-05 22:11:22.072 16439 16533 I BatteryMgr:DataCollectionService: stats => 1688587882072,-206542,4235
07-05 22:11:22.087 16439 16533 I BatteryMgr:DataCollectionService: stats => 1688587882087,-206542,4235
07-05 22:11:22.108 16439 16533 I BatteryMgr:DataCollectionService: stats => 1688587882107,-206542,4235
07-05 22:11:22.128 16439 16533 I BatteryMgr:DataCollectionService: stats => 1688587882128,-206542,4235
07-05 22:11:22.149 16439 16533 I BatteryMgr:DataCollectionService: stats => 1688587882149,-206542,4235
07-05 22:11:22.152  1214  1214 W /system/vendor/bin/ipacm: type=1400 audit(0.0:365864): avc: denied { write } for comm=6E65746C696E6B20736F636B6574 name="ipacm_log_file" dev="tmpfs" ino=20285 scontext=u:r:ipacm:s0 tcontext=u:object_r:ipacm_socket:s0 tclass=sock_file permissive=0
07-05 22:11:22.152  1214  1214 I chatty  : uid=1001(radio) /system/vendor/bin/ipacm identical 1 line
07-05 22:11:22.152  1214  1214 W /system/vendor/bin/ipacm: type=1400 audit(0.0:365866): avc: denied { write } for comm=6E65746C696E6B20736F636B6574 name="ipacm_log_file" dev="tmpfs" ino=20285 scontext=u:r:ipacm:s0 tcontext=u:object_r:ipacm_socket:s0 tclass=sock_file permissive=0
07-05 22:11:22.152  1214  1214 W ipacm   : type=1400 audit(0.0:365867): avc: denied { write } for name="ipacm_log_file" dev="tmpfs" ino=20285 scontext=u:r:ipacm:s0 tcontext=u:object_r:ipacm_socket:s0 tclass=sock_file permissive=0
07-05 22:11:22.152  1214  1214 W ipacm   : type=1400 audit(0.0:365868): avc: denied { write } for name="ipacm_log_file" dev="tmpfs" ino=20285 scontext=u:r:ipacm:s0 tcontext=u:object_r:ipacm_socket:s0 tclass=sock_file permissive=0
07-05 22:11:22.175 16439 16533 I BatteryMgr:DataCollectionService: stats => 1688587882175,-206542,4235
07-05 22:11:22.197 16439 16533 I BatteryMgr:DataCollectionService: stats => 1688587882197,-206542,4235
07-05 22:11:22.217 16439 16533 I BatteryMgr:DataCollectionService: stats => 1688587882217,-206542,4235
07-05 22:11:22.236 16439 16533 I BatteryMgr:DataCollectionService: stats => 1688587882236,-206542,4235
07-05 22:11:22.262 16439 16533 I BatteryMgr:DataCollectionService: stats => 1688587882262,-206542,4235
07-05 22:11:22.284 16439 16533 I BatteryMgr:DataCollectionService: stats => 1688587882284,-206542,4235
07-05 22:11:22.308 16439 16533 I BatteryMgr:DataCollectionService: stats => 1688587882307,-206542,4235
07-05 22:11:22.331 16439 16533 I BatteryMgr:DataCollectionService: stats => 1688587882331,-206542,4235
07-05 22:11:22.353 16439 16533 I BatteryMgr:DataCollectionService: stats => 1688587882353,-206542,4235
07-05 22:11:22.373 16439 16533 I BatteryMgr:DataCollectionService: stats => 1688587882373,-206542,4235
07-05 22:11:22.392 16439 16533 I BatteryMgr:DataCollectionService: stats => 1688587882392,-206542,4235
07-05 22:11:22.415 16439 16533 I BatteryMgr:DataCollectionService: stats => 1688587882415,-206542,4235
07-05 22:11:22.436 16439 16533 I BatteryMgr:DataCollectionService: stats => 1688587882436,-206542,4235
07-05 22:11:22.457 16439 16533 I BatteryMgr:DataCollectionService: stats => 1688587882457,-206542,4235
07-05 22:11:22.482 16439 16533 I BatteryMgr:DataCollectionService: stats => 1688587882482,-206542,4235
07-05 22:11:22.500 16439 16533 I BatteryMgr:DataCollectionService: stats => 1688587882499,-206542,4235
07-05 22:11:22.524 16439 16533 I BatteryMgr:DataCollectionService: stats => 1688587882524,-206542,4235
07-05 22:11:22.549 16439 16533 I BatteryMgr:DataCollectionService: stats => 1688587882549,-206542,4235
07-05 22:11:22.574 16439 16533 I BatteryMgr:DataCollectionService: stats => 1688587882574,-206542,4235
07-05 22:11:22.591 16439 16533 I BatteryMgr:DataCollectionService: stats => 1688587882591,-206542,4235
07-05 22:11:22.608 16439 16533 I BatteryMgr:DataCollectionService: stats => 1688587882608,-206542,4235
07-05 22:11:22.624 16439 16533 I BatteryMgr:DataCollectionService: stats => 1688587882624,-206542,4235
07-05 22:11:22.641 16439 16533 I BatteryMgr:DataCollectionService: stats => 1688587882641,-206542,4235
07-05 22:11:22.657 16439 16533 I BatteryMgr:DataCollectionService: stats => 1688587882657,-206542,4235
07-05 22:11:22.673 16439 16533 I BatteryMgr:DataCollectionService: stats => 1688587882673,-206542,4235
07-05 22:11:22.690 16439 16533 I BatteryMgr:DataCollectionService: stats => 1688587882690,-206542,4235
07-05 22:11:22.706 16439 16533 I BatteryMgr:DataCollectionService: stats => 1688587882705,-206542,4235
07-05 22:11:22.723 16439 16533 I BatteryMgr:DataCollectionService: stats => 1688587882723,-206542,4235
07-05 22:11:22.738 16439 16533 I BatteryMgr:DataCollectionService: stats => 1688587882738,-206542,4235
07-05 22:11:22.758 16439 16533 I BatteryMgr:DataCollectionService: stats => 1688587882758,-206542,4235
07-05 22:11:22.774 16439 16533 I BatteryMgr:DataCollectionService: stats => 1688587882774,-206542,4235
07-05 22:11:22.791 16439 16533 I BatteryMgr:DataCollectionService: stats => 1688587882791,-206542,4235
07-05 22:11:22.808 16439 16533 I BatteryMgr:DataCollectionService: stats => 1688587882808,-206542,4235
07-05 22:11:22.825 16439 16533 I BatteryMgr:DataCollectionService: stats => 1688587882825,-206542,4235
07-05 22:11:22.841 16439 16533 I BatteryMgr:DataCollectionService: stats => 1688587882841,-206542,4235
07-05 22:11:22.861 16439 16533 I BatteryMgr:DataCollectionService: stats => 1688587882861,-206542,4235
07-05 22:11:22.886 16439 16533 I BatteryMgr:DataCollectionService: stats => 1688587882886,-206542,4235
07-05 22:11:22.912 16439 16533 I BatteryMgr:DataCollectionService: stats => 1688587882912,-206542,4235
07-05 22:11:22.937 16439 16533 I BatteryMgr:DataCollectionService: stats => 1688587882937,-206542,4235
07-05 22:11:22.958 16439 16533 I BatteryMgr:DataCollectionService: stats => 1688587882958,-206542,4235
07-05 22:11:22.979 16439 16533 I BatteryMgr:DataCollectionService: stats => 1688587882979,-206542,4235
07-05 22:11:22.999 16439 16533 I BatteryMgr:DataCollectionService: stats => 1688587882998,-206542,4235
07-05 22:11:23.018 16439 16533 I BatteryMgr:DataCollectionService: stats => 1688587883018,-206542,4235
07-05 22:11:23.042 16439 16533 I BatteryMgr:DataCollectionService: stats => 1688587883042,-206542,4235
07-05 22:11:23.062 16439 16533 I BatteryMgr:DataCollectionService: stats => 1688587883062,-206542,4235
07-05 22:11:23.082 16439 16533 I BatteryMgr:DataCollectionService: stats => 1688587883082,-206542,4235
07-05 22:11:23.106 16439 16533 I BatteryMgr:DataCollectionService: stats => 1688587883106,-206542,4235
07-05 22:11:23.125 16439 16533 I BatteryMgr:DataCollectionService: stats => 1688587883125,-206542,4235
07-05 22:11:23.142 16439 16533 I BatteryMgr:DataCollectionService: stats => 1688587883142,-206542,4235
07-05 22:11:23.160 16439 16533 I BatteryMgr:DataCollectionService: stats => 1688587883160,-206542,4235
07-05 22:11:23.177 16439 16533 I BatteryMgr:DataCollectionService: stats => 1688587883177,-206542,4235
07-05 22:11:23.194 16439 16533 I BatteryMgr:DataCollectionService: stats => 1688587883194,-206542,4235
07-05 22:11:23.209 16439 16533 I BatteryMgr:DataCollectionService: stats => 1688587883209,-191406,4235
07-05 22:11:23.224 16439 16533 I BatteryMgr:DataCollectionService: stats => 1688587883224,-191406,4235
07-05 22:11:23.240 16439 16533 I BatteryMgr:DataCollectionService: stats => 1688587883240,-191406,4235
07-05 22:11:23.255 16439 16533 I BatteryMgr:DataCollectionService: stats => 1688587883255,-191406,4235
07-05 22:11:23.272 16439 16533 I BatteryMgr:DataCollectionService: stats => 1688587883272,-191406,4235
07-05 22:11:23.287 16439 16533 I BatteryMgr:DataCollectionService: stats => 1688587883287,-191406,4235
07-05 22:11:23.303 16439 16533 I BatteryMgr:DataCollectionService: stats => 1688587883303,-191406,4235
07-05 22:11:23.320 16439 16533 I BatteryMgr:DataCollectionService: stats => 1688587883320,-191406,4235
07-05 22:11:23.336 16439 16533 I BatteryMgr:DataCollectionService: stats => 1688587883336,-191406,4235
07-05 22:11:23.354 16439 16533 I BatteryMgr:DataCollectionService: stats => 1688587883354,-191406,4235
07-05 22:11:23.372 16439 16533 I BatteryMgr:DataCollectionService: stats => 1688587883372,-191406,4235
07-05 22:11:23.390 16439 16533 I BatteryMgr:DataCollectionService: stats => 1688587883390,-191406,4235
07-05 22:11:23.408 16439 16533 I BatteryMgr:DataCollectionService: stats => 1688587883408,-191406,4235
07-05 22:11:23.429 16439 16533 I BatteryMgr:DataCollectionService: stats => 1688587883429,-191406,4235
07-05 22:11:23.449 16439 16533 I BatteryMgr:DataCollectionService: stats => 1688587883449,-191406,4235
07-05 22:11:23.468 16439 16533 I BatteryMgr:DataCollectionService: stats => 1688587883468,-191406,4235
07-05 22:11:23.487 16439 16533 I BatteryMgr:DataCollectionService: stats => 1688587883487,-191406,4235
07-05 22:11:23.506 16439 16533 I BatteryMgr:DataCollectionService: stats => 1688587883506,-191406,4235
07-05 22:11:23.529 16439 16533 I BatteryMgr:DataCollectionService: stats => 1688587883529,-191406,4235
07-05 22:11:23.549 16439 16533 I BatteryMgr:DataCollectionService: stats => 1688587883549,-191406,4235
07-05 22:11:23.569 16439 16533 I BatteryMgr:DataCollectionService: stats => 1688587883568,-191406,4235
07-05 22:11:23.588 16439 16533 I BatteryMgr:DataCollectionService: stats => 1688587883588,-191406,4235
07-05 22:11:23.610 16439 16533 I BatteryMgr:DataCollectionService: stats => 1688587883610,-191406,4235
07-05 22:11:23.627 16439 16533 I BatteryMgr:DataCollectionService: stats => 1688587883627,-191406,4235
07-05 22:11:23.644 16439 16533 I BatteryMgr:DataCollectionService: stats => 1688587883644,-191406,4235
07-05 22:11:23.663 16439 16533 I BatteryMgr:DataCollectionService: stats => 1688587883662,-191406,4235
07-05 22:11:23.680 16439 16533 I BatteryMgr:DataCollectionService: stats => 1688587883680,-191406,4235
07-05 22:11:23.704 16439 16533 I BatteryMgr:DataCollectionService: stats => 1688587883704,-191406,4235
07-05 22:11:23.727 16439 16533 I BatteryMgr:DataCollectionService: stats => 1688587883727,-191406,4235
07-05 22:11:23.743 16439 16533 I BatteryMgr:DataCollectionService: stats => 1688587883743,-191406,4235
07-05 22:11:23.758 16439 16533 I BatteryMgr:DataCollectionService: stats => 1688587883758,-191406,4235
07-05 22:11:23.775 16439 16533 I BatteryMgr:DataCollectionService: stats => 1688587883775,-191406,4235
07-05 22:11:23.789 16439 16533 I BatteryMgr:DataCollectionService: stats => 1688587883789,-191406,4235
07-05 22:11:23.805 16439 16533 I BatteryMgr:DataCollectionService: stats => 1688587883805,-191406,4235
07-05 22:11:23.821 16439 16533 I BatteryMgr:DataCollectionService: stats => 1688587883821,-191406,4235
07-05 22:11:23.837 16439 16533 I BatteryMgr:DataCollectionService: stats => 1688587883837,-191406,4235
07-05 22:11:23.852 16439 16533 I BatteryMgr:DataCollectionService: stats => 1688587883852,-191406,4235
07-05 22:11:23.867 16439 16533 I BatteryMgr:DataCollectionService: stats => 1688587883867,-191406,4235
07-05 22:11:23.891 16439 16533 I BatteryMgr:DataCollectionService: stats => 1688587883891,-191406,4235
07-05 22:11:23.912 16439 16533 I BatteryMgr:DataCollectionService: stats => 1688587883912,-191406,4235
07-05 22:11:23.928 16439 16533 I BatteryMgr:DataCollectionService: stats => 1688587883928,-191406,4235
07-05 22:11:23.947 16439 16533 I BatteryMgr:DataCollectionService: stats => 1688587883947,-191406,4235
07-05 22:11:23.972 16439 16533 I BatteryMgr:DataCollectionService: stats => 1688587883972,-191406,4235
07-05 22:11:23.992 16439 16533 I BatteryMgr:DataCollectionService: stats => 1688587883992,-191406,4235
07-05 22:11:24.012 16439 16533 I BatteryMgr:DataCollectionService: stats => 1688587884012,-191406,4235
07-05 22:11:24.029 16439 16533 I BatteryMgr:DataCollectionService: stats => 1688587884029,-191406,4235
07-05 22:11:24.053 16439 16533 I BatteryMgr:DataCollectionService: stats => 1688587884053,-191406,4235
07-05 22:11:24.072 16439 16533 I BatteryMgr:DataCollectionService: stats => 1688587884072,-191406,4235
07-05 22:11:24.093 16439 16533 I BatteryMgr:DataCollectionService: stats => 1688587884093,-191406,4235
07-05 22:11:24.113 16439 16533 I BatteryMgr:DataCollectionService: stats => 1688587884113,-191406,4235
07-05 22:11:24.137 16439 16533 I BatteryMgr:DataCollectionService: stats => 1688587884137,-191406,4235
07-05 22:11:24.156 16439 16533 I BatteryMgr:DataCollectionService: stats => 1688587884156,-191406,4235
07-05 22:11:24.176 16439 16533 I BatteryMgr:DataCollectionService: stats => 1688587884176,-191406,4235
07-05 22:11:24.195 16439 16533 I BatteryMgr:DataCollectionService: stats => 1688587884195,-191406,4235
07-05 22:11:24.228 16439 16533 I BatteryMgr:DataCollectionService: stats => 1688587884228,-191406,4235
07-05 22:11:24.244 16439 16533 I BatteryMgr:DataCollectionService: stats => 1688587884244,-191406,4235
07-05 22:11:24.267 16439 16533 I BatteryMgr:DataCollectionService: stats => 1688587884266,-191406,4235
07-05 22:11:24.297 16439 16533 I BatteryMgr:DataCollectionService: stats => 1688587884297,-191406,4235
07-05 22:11:24.313 16439 16533 I BatteryMgr:DataCollectionService: stats => 1688587884313,-191406,4235
07-05 22:11:24.328 16439 16533 I BatteryMgr:DataCollectionService: stats => 1688587884328,-191406,4235
07-05 22:11:24.344 16439 16533 I BatteryMgr:DataCollectionService: stats => 1688587884344,-191406,4235
07-05 22:11:24.365 16439 16533 I BatteryMgr:DataCollectionService: stats => 1688587884365,-191406,4235
07-05 22:11:24.385 16439 16533 I BatteryMgr:DataCollectionService: stats => 1688587884384,-191406,4235
07-05 22:11:24.411 16439 16533 I BatteryMgr:DataCollectionService: stats => 1688587884411,-191406,4235
07-05 22:11:24.430 16439 16533 I BatteryMgr:DataCollectionService: stats => 1688587884430,-191406,4235
07-05 22:11:24.444 16439 16533 I BatteryMgr:DataCollectionService: stats => 1688587884444,-191406,4235
