07-05 00:01:39.095  1338 26883 D CCodecConfig:   c2::float coded.frame-rate.value = 30
07-05 00:01:39.095  1338 26883 D CCodecConfig:   c2::u32 coded.pl.level = 20480
07-05 00:01:39.095  1338 26883 D CCodecConfig:   c2::u32 coded.pl.profile = 20480
07-05 00:01:39.095  1338 26883 D CCodecConfig:   c2::u32 coded.vui.color.matrix = 0
07-05 00:01:39.095  1338 26883 D CCodecConfig:   c2::u32 coded.vui.color.primaries = 0
07-05 00:01:39.095  1338 26883 D CCodecConfig:   c2::u32 coded.vui.color.range = 0
07-05 00:01:39.095  1338 26883 D CCodecConfig:   c2::u32 coded.vui.color.transfer = 0
07-05 00:01:39.095  1338 26883 D CCodecConfig:   c2::u32 default.color.matrix = 0
07-05 00:01:39.095  1338 26883 D CCodecConfig:   c2::u32 default.color.primaries = 3
07-05 00:01:39.095  1338 26883 D CCodecConfig:   c2::u32 default.color.range = 2
07-05 00:01:39.095  1338 26883 D CCodecConfig:   c2::u32 default.color.transfer = 0
07-05 00:01:39.095  1338 26883 D CCodecConfig:   c2::u32 input.buffers.max-size.value = 13271040
07-05 00:01:39.095  1338 26883 D CCodecConfig:   c2::u32 input.delay.value = 4
07-05 00:01:39.095  1338 26883 D CCodecConfig:   string input.media-type.value = "video/avc"
07-05 00:01:39.095  1338 26883 D CCodecConfig:   c2::u32 output.delay.value = 18
07-05 00:01:39.095  1338 26883 D CCodecConfig:   string output.media-type.value = "video/raw"
07-05 00:01:39.095  1338 26883 D CCodecConfig:   c2::u32 raw.color.matrix = 0
07-05 00:01:39.095  1338 26883 D CCodecConfig:   c2::u32 raw.color.primaries = 0
07-05 00:01:39.095  1338 26883 D CCodecConfig:   c2::u32 raw.color.range = 0
07-05 00:01:39.095  1338 26883 D CCodecConfig:   c2::u32 raw.color.transfer = 0
07-05 00:01:39.095  1338 26883 D CCodecConfig:   c2::float raw.hdr-static-info.mastering.blue.x = 1.4013e-45
07-05 00:01:39.095  1338 26883 D CCodecConfig:   c2::float raw.hdr-static-info.mastering.blue.y = 1.4013e-45
07-05 00:01:39.095  1338 26883 D CCodecConfig:   c2::float raw.hdr-
07-05 00:01:39.096  1338 26883 W ColorUtils: expected specified color aspects (0:0:0:0)
07-05 00:01:39.097  1338 26881 D SurfaceUtils: disconnecting from surface 0xe3940018, reason onConfigure
07-05 00:01:39.097  1338 26882 D SurfaceUtils: connecting to surface 0xe3940018, reason connectToSurface
07-05 00:01:39.098  1338 26885 I CCodecConfig: query failed after returning 19 values (BAD_INDEX)
07-05 00:01:39.098  1338 26882 I MediaCodec: [c2.qti.avc.decoder] setting surface generation to 1370175
07-05 00:01:39.098  1338 26882 D SurfaceUtils: disconnecting from surface 0xe3940018, reason connectToSurface(reconnect)
07-05 00:01:39.098  1338 26885 D CCodecConfig: c2 config diff is Dict {
07-05 00:01:39.098  1338 26885 D CCodecConfig:   c2::u32 coded.aac-packaging.value = 0
07-05 00:01:39.098  1338 26885 D CCodecConfig:   c2::u32 coded.bitrate.value = 64000
07-05 00:01:39.098  1338 26885 D CCodecConfig:   c2::u32 coded.pl.level = 0
07-05 00:01:39.098  1338 26885 D CCodecConfig:   c2::u32 coded.pl.profile = 8192
07-05 00:01:39.098  1338 26885 D CCodecConfig:   c2::i32 coding.drc.album-mode.value = 0
07-05 00:01:39.098  1338 26885 D CCodecConfig:   c2::float coding.drc.attenuation-factor.value = 1
07-05 00:01:39.098  1338 26885 D CCodecConfig:   c2::float coding.drc.boost-factor.value = 1
07-05 00:01:39.098  1338 26885 D CCodecConfig:   c2::i32 coding.drc.compression-mode.value = 3
07-05 00:01:39.098  1338 26885 D CCodecConfig:   c2::i32 coding.drc.effect-type.value = 3
07-05 00:01:39.098  1338 26885 D CCodecConfig:   c2::float coding.drc.encoded-level.value = 0.25
07-05 00:01:39.098  1338 26885 D CCodecConfig:   c2::float coding.drc.reference-level.value = -16
07-05 00:01:39.098  1338 26885 D CCodecConfig:   c2::u32 input.buffers.max-size.value = 8192
07-05 00:01:39.098  1338 26885 D CCodecConfig:   c2::u32 input.delay.value = 0
07-05 00:01:39.098  1338 26885 D CCodecConfig:   string input.media-type.value = "audio/mp4a-latm"
07-05 00:01:39.098  1338 26885 D CCodecConfig:   c2::u32 output.delay.value = 2
07-05 00:01:39.098  1338 26885 D CCodecConfig:   c2::float output.drc.output-loudness.value = 0.25
07-05 00:01:39.098  1338 26885 D CCodecConfig:   string output.media-type.value = "audio/raw"
07-05 00:01:39.098  1338 26885 D CCodecConfig:   c2::u32 raw.channel-count.value = 1
07-05 00:01:39.098  1338 26885 D CCodecConfig:   c2::u32 raw.max-channel-count.value = 8
07-05 00:01:39.098  1338 26885 D CCodecConfig:   c2::u32 raw.sample-rate.value = 44100
07-05 00:01:39.098  1338 26885 D CCodecConfig: }
07-05 00:01:39.098  1338 26882 D SurfaceUtils: connecting to surface 0xe3940018, reason connectToSurface(reconnect)
07-05 00:01:39.099  1338 26883 D CCodec  : [c2.qti.avc.decoder] buffers are bound to CCodec for this session
07-05 00:01:39.099  1338 26885 D CCodec  : [c2.android.aac.decoder] buffers are bound to CCodec for this session
07-05 00:01:39.099  1338 26885 D CCodecConfig: no c2 equivalents for durationUs
07-05 00:01:39.099  1338 26885 D CCodecConfig: no c2 equivalents for track-id
07-05 00:01:39.099  1338 26885 D CCodecConfig: no c2 equivalents for language
07-05 00:01:39.099  1338 26885 D CCodecConfig: no c2 equivalents for encoder-delay
07-05 00:01:39.099  1338 26885 D CCodecConfig: no c2 equivalents for encoder-padding
07-05 00:01:39.099  1338 26885 D CCodecConfig: no c2 equivalents for flags
07-05 00:01:39.099  1338 26883 D CCodecConfig: no c2 equivalents for durationUs
07-05 00:01:39.099  1338 26883 D CCodecConfig: no c2 equivalents for frame-count
07-05 00:01:39.099  1338 26883 D CCodecConfig: no c2 equivalents for track-id
07-05 00:01:39.099  1338 26883 D CCodecConfig: no c2 equivalents for language
07-05 00:01:39.099  1338 26883 D CCodecConfig: no c2 equivalents for display-width
07-05 00:01:39.099  1338 26883 D CCodecConfig: no c2 equivalents for display-height
07-05 00:01:39.099 26660 26791 I BatteryMgr:DataCollectionService: stats => 1688508099099,128437,4027
07-05 00:01:39.099  1338 26883 D CCodecConfig: no c2 equivalents for csd-1
07-05 00:01:39.099  1338 26883 D CCodecConfig: no c2 equivalents for native-window
07-05 00:01:39.099  1338 26883 D CCodecConfig: no c2 equivalents for flags
07-05 00:01:39.099  1338 26885 D CCodecConfig: config failed => CORRUPTED
07-05 00:01:39.100  1338 26885 D CCodecConfig: c2 config diff is   c2::u32 raw.channel-count.value = 2
07-05 00:01:39.100  1338 26885 D CCodecConfig:   c2::u32 raw.sample-rate.value = 48000
07-05 00:01:39.100  1338 26883 D CCodecConfig: c2 config diff is   c2::i32 algo.priority.value = 0
07-05 00:01:39.100  1338 26883 D CCodecConfig:   c2::float algo.rate.value = 30
07-05 00:01:39.100  1338 26883 D CCodecConfig:   c2::u32 coded.pl.level = 20489
07-05 00:01:39.100  1338 26883 D CCodecConfig:   c2::u32 coded.pl.profile = 20484
07-05 00:01:39.100  1338 26883 D CCodecConfig:   c2::u32 input.buffers.max-size.value = 737280
07-05 00:01:39.100  1338 26883 D CCodecConfig:   c2::u32 raw.pixel-format.value = 34
07-05 00:01:39.100  1338 26883 D CCodecConfig:   c2::u32 raw.size.height = 720
07-05 00:01:39.100  1338 26883 D CCodecConfig:   c2::u32 raw.size.width = 1280
07-05 00:01:39.100  1338 26885 W Codec2Client: query -- param skipped: index = 1107298332.
07-05 00:01:39.100  1338 26885 D CCodec  : client requested max input size 576, which is smaller than what component recommended (8192); overriding with component recommendation.
07-05 00:01:39.100  1338 26885 W CCodec  : This behavior is subject to change. It is recommended that app developers double check whether the requested max input size is in reasonable range.
07-05 00:01:39.100  1338 26885 D CCodec  : setup formats input: AMessage(what = 0x00000000) = {
07-05 00:01:39.100  1338 26885 D CCodec  :   int32_t aac-drc-album-mode = 0
07-05 00:01:39.100  1338 26885 D CCodec  :   int32_t aac-drc-boost-level = 127
07-05 00:01:39.100  1338 26885 D CCodec  :   int32_t aac-drc-cut-level = 127
07-05 00:01:39.100  1338 26885 D CCodec  :   int32_t aac-drc-effect-type = 3
07-05 00:01:39.100  1338 26885 D CCodec  :   int32_t aac-encoded-target-level = -1
07-05 00:01:39.100  1338 26885 D CCodec  :   int32_t aac-max-output-channel_count = 8
07-05 00:01:39.100  1338 26885 D CCodec  :   int32_t aac-target-ref-level = 64
07-05 00:01:39.100  1338 26885 D CCodec  :   int32_t bitrate = 64000
07-05 00:01:39.100  1338 26885 D CCodec  :   int32_t channel-count = 2
07-05 00:01:39.100  1338 26885 D CCodec  :   int32_t level = 0
07-05 00:01:39.100  1338 26885 D CCodec  :   int32_t max-input-size = 8192
07-05 00:01:39.100  1338 26885 D CCodec  :   string mime = "audio/mp4a-latm"
07-05 00:01:39.100  1338 26885 D CCodec  :   int32_t profile = 2
07-05 00:01:39.100  1338 26885 D CCodec  :   int32_t sample-rate = 48000
07-05 00:01:39.100  1338 26885 D CCodec  : }
07-05 00:01:39.100  1338 26885 D CCodec  : setup formats output: AMessage(what = 0x00000000) = {
07-05 00:01:39.100  1338 26885 D CCodec  :   int32_t aac-drc-album-mode = 0
07-05 00:01:39.100  1338 26885 D CCodec  :   int32_t aac-drc-boost-level = 127
07-05 00:01:39.100  1338 26885 D CCodec  :   int32_t aac-drc-cut-level = 127
07-05 00:01:39.100  1338 26885 D CCodec  :   int32_t aac-drc-effect-type = 3
07-05 00:01:39.100  1338 26885 D CCodec  :   int32_t aac-drc-output-loudness = -1
07-05 00:01:39.100  1338 26885 D CCodec  :   int32_t aac-encoded-target-level = -1
07-05 00:01:39.100  1338 26885 D CCodec  :   int32_t aac-max-output-channel_count = 8
07-05 00:01:39.100  1338 26885 D CCodec  :   int32_t aac-target-ref-level = 64
07-05 00:01:39.100  1338 26885 D CCodec  :   int32_t channel-count = 2
07-05 00:01:39.100  1338 26885 D CCodec  :   string mime = "audio/raw"
07-05 00:01:39.100  1338 26885 D CCodec  :   int32_t sample-rate = 48000
07-05 00:01:39.100  1338 26885 D CCodec  :   int32_t encoder-delay = 2048
07-05 00:01:39.100  1338 26885 D CCodec  :   int32_t encoder-padding = 64
07-05 00:01:39.100  1338 26885 D CCodec  : }
07-05 00:01:39.101  1338 26885 I CCodecConfig: query failed after returning 19 values (BAD_INDEX)
07-05 00:01:39.101  1338 26885 I MediaCodec: MediaCodec will operate in async mode
07-05 00:01:39.101  1338 26884 D MediaCodec: keep callback message for reclaim
07-05 00:01:39.101  1338 26883 W Codec2Client: query -- param skipped: index = 1107298332.
07-05 00:01:39.101  1338 26883 D CCodec  : client requested max input size 183475, which is smaller than what component recommended (737280); overriding with component recommendation.
07-05 00:01:39.101  1338 26883 W CCodec  : This behavior is subject to change. It is recommended that app developers double check whether the requested max input size is in reasonable range.
07-05 00:01:39.101  1338 26883 D CCodec  : setup formats input: AMessage(what = 0x00000000) = {
07-05 00:01:39.101  1338 26883 D CCodec  :   int32_t feature-secure-playback = 0
07-05 00:01:39.101  1338 26883 D CCodec  :   int32_t frame-rate = 30
07-05 00:01:39.101  1338 26883 D CCodec  :   int32_t height = 720
07-05 00:01:39.101  1338 26883 D CCodec  :   int32_t level = 512
07-05 00:01:39.101  1338 26883 D CCodec  :   int32_t max-input-size = 737280
07-05 00:01:39.101  1338 26883 D CCodec  :   string mime = "video/avc"
07-05 00:01:39.101  1338 26883 D CCodec  :   int32_t priority = 0
07-05 00:01:39.101  1338 26883 D CCodec  :   int32_t profile = 8
07-05 00:01:39.101  1338 26883 D CCodec  :   int32_t width = 1280
07-05 00:01:39.101  1338 26883 D CCodec  :   Rect crop(0, 0, 1279, 719)
07-05 00:01:39.101  1338 26883 D CCodec  : }
07-05 00:01:39.101  1338 26883 D CCodec  : setup formats output: AMessage(what = 0x00000000) = {
07-05 00:01:39.101  1338 26883 D CCodec  :   int32_t android._color-format = 2130708361
07-05 00:01:39.101  1338 26883 D CCodec  :   int32_t android._video-scaling = 1
07-05 00:01:39.101  1338 26883 D CCodec  :   int32_t android._dataspace = 260
07-05 00:01:39.101  1338 26883 D CCodec  :   int32_t color-standard = 1
07-05 00:01:39.101  1338 26883 D CCodec  :   int32_t color-range = 2
07-05 00:01:39.101  1338 26883 D CCodec  :   int32_t color-transfer = 3
07-05 00:01:39.101  1338 26883 D CCodec  :   int32_t sar-height = 1
07-05 00:01:39.101  1338 26883 D CCodec  :   int32_t rotation-degrees = 0
07-05 00:01:39.101  1338 26883 D CCodec  :   Buffer hdr-static-info = {
07-05 00:01:39.101  1338 26883 D CCodec  :     00000000:  00 00 00 00 00 00 00 00  00 00 00 00 00 00 00 00  ................
07-05 00:01:39.101  1338 26883 D CCodec  :     00000010:  00 00 00 00 00 00 00 00  00                       .........
07-05 00:01:39.101  1338 26883 D CCodec  :   }
07-05 00:01:39.101  1338 26883 D CCodec  :   int32_t sar-width = 1
07-05 00:01:39.101  1338 26883 D CCodec  :   Rect crop(0, 0, 1279, 719)
07-05 00:01:39.101  1338 26883 D CCodec  :   int32_t width = 1280
07-05 00:01:39.101  1338 26883 D CCodec  :   int32_t feature-secure-playback = 0
07-05 00:01:39.101  1338 26883 D CCodec  :   int32_t frame-rate = 30
07-05 00:01:39.101  1338 26883 D CCodec  :   int32_t height = 720
07-05 00:01:39.101  1338 26883 D CCodec  :   int32_t max-height = 1080
07-05 00:01:39.101  1338 26883 D CCodec  :   int32_t max-width = 1920
07-05 00:01:39.101  1338 26883 D CCodec  :   string mime = "video/raw"
07-05 00:01:39.101  1338 26883 D CCodec  :   int32_t priority = 0
07-05 00:01:39.101  1338 26883 D CCodec  :   int32_t color-format = 2130708361
07-05 00:01:39.101  1338 26883 D CCodec  : }
07-05 00:01:39.102  1338 26885 W Codec2Client: query -- param skipped: index = 1342179345.
07-05 00:01:39.102  1338 26885 W Codec2Client: query -- param skipped: index = 2415921170.
07-05 00:01:39.102  1160  1518 E QC2Prop : SK::kPropInputDelay:0
07-05 00:01:39.102  1338 26885 W Codec2Client: query -- param skipped: index = 1610614798.
07-05 00:01:39.102  1160  1518 E QC2Prop : SK::kPropOutputDelay:0
07-05 00:01:39.102  1338 26883 I CCodecConfig: query failed after returning 17 values (BAD_INDEX)
07-05 00:01:39.102  1338 26883 D CCodecConfig: c2 config diff is   c2::u32 raw.max-size.height = 720
07-05 00:01:39.102  1338 26883 D CCodecConfig:   c2::u32 raw.max-size.width = 1280
07-05 00:01:39.102  1338 26885 D CCodecBufferChannel: [c2.android.aac.decoder#440] Created input block pool with allocatorID 16 => poolID 151 - OK (0)
07-05 00:01:39.103  1359  4630 D BufferPoolAccessor2.0: Destruction - bufferpool2 0x7b1091e188 cached: 0/0M, 0/0% in use; allocs: 255, 98% recycled; transfers: 255, 98% unfetched
07-05 00:01:39.103  1338 26882 I MediaCodec: MediaCodec will operate in async mode
07-05 00:01:39.103  1338 26881 D MediaCodec: keep callback message for reclaim
07-05 00:01:39.103  1338 10168 D BufferPoolAccessor2.0: Destruction - bufferpool2 0xe5243e08 cached: 0/0M, 0/0% in use; allocs: 259, 95% recycled; transfers: 259, 95% unfetched
07-05 00:01:39.104  1338 26885 I CCodecBufferChannel: [c2.android.aac.decoder#440] Created output block pool with allocatorID 16 => poolID 101 - OK
07-05 00:01:39.104  1338 26885 D CCodecBufferChannel: [c2.android.aac.decoder#440] Configured output block pool ids 101 => OK
07-05 00:01:39.104  1160 26886 I QC2V4l2Driver: [avcD_73] Device /dev/video32 opened with fd: 7
07-05 00:01:39.105  1359 26887 D SimpleC2Component: Using output block pool with poolID 101 => got 101 - 0
07-05 00:01:39.107  1359 26887 I C2SoftAacDec: Reconfiguring decoder: 0->48000 Hz, 0->2 channels
07-05 00:01:39.110  1338 26885 D CCodecConfig: c2 config diff is   c2::u32 raw.channel-mask.value = 12
07-05 00:01:39.115  1160  1518 E QC2Prop : SK::kPropInputDelay:0
07-05 00:01:39.116  1160  1518 E QC2Prop : SK::kPropOutputDelay:0
07-05 00:01:39.116  1338 26883 W Codec2Client: query -- param skipped: index = 1342179345.
07-05 00:01:39.116  1338 26883 W Codec2Client: query -- param skipped: index = 2415921170.
07-05 00:01:39.116  1338 26883 W Codec2Client: query -- param skipped: index = 1610614798.
07-05 00:01:39.116  1170  4193 D AudioFlinger: Client defaulted notificationFrames to 12000 for frameCount 24000
07-05 00:01:39.116  1338 26883 D CCodecBufferChannel: [c2.qti.avc.decoder#298] Query input allocators returned 0 params => BAD_INDEX (6)
07-05 00:01:39.117  1338 26883 D CCodecBufferChannel: [c2.qti.avc.decoder#298] Created input block pool with allocatorID 16 => poolID 152 - OK (0)
07-05 00:01:39.117  1338 26883 D CCodecBufferChannel: [c2.qti.avc.decoder#298] Query output allocators returned 0 params => BAD_INDEX (6)
07-05 00:01:39.117  1338 26883 D CCodecBufferChannel: [c2.qti.avc.decoder#298] Query output surface allocator returned 0 params => BAD_INDEX (6)
07-05 00:01:39.117  1338 26883 I CCodecBufferChannel: [c2.qti.avc.decoder#298] Created output block pool with allocatorID 18 => poolID 79 - OK
07-05 00:01:39.118  1338 26883 D CCodecBufferChannel: [c2.qti.avc.decoder#298] Configured output block pool ids 79 => OK
07-05 00:01:39.118  1338 26883 D Codec2-OutputBufferQueue: remote graphic buffer migration 0/0
07-05 00:01:39.118  1338 26883 D Codec2Client: setOutputSurface -- failed to set consumer usage (6/BAD_INDEX)
07-05 00:01:39.118  1338 26883 D Codec2Client: setOutputSurface -- generation=1370175 consumer usage=0x900
07-05 00:01:39.119  1170  4193 D AF::TrackHandle: OpPlayAudio: track:140 usage:1 not muted
07-05 00:01:39.120  1160  1518 D C2BqBuffer: local generation change 1370175 , bqId: 114757231181825 migrated buffers # 0
07-05 00:01:39.120  1338 26883 D Codec2Client: Surface configure completed
07-05 00:01:39.120  1338 26882 W ResourceManagerService: Ignoring request to add new resource entry with value <= 0
07-05 00:01:39.123  1338 31809 D BufferPoolAccessor2.0: Destruction - bufferpool2 0xe5240da8 cached: 0/0M, 0/0% in use; allocs: 174, 93% recycled; transfers: 174, 93% unfetched
07-05 00:01:39.130  1099  1187 I EffectsFactory: EffectCreate() create_effect
07-05 00:01:39.132  1170  4193 W AudioFlinger: moveEffectChain_l() effect chain for session 0 not on source thread 0x7a73cd8a70
07-05 00:01:39.135  1099 31770 D audio_route: Apply path: speaker
07-05 00:01:39.135  1099 31770 D audio_hw_primary: enable_snd_device: snd_device(104: vi-feedback)
07-05 00:01:39.135  1099 31770 D audio_route: Apply path: vi-feedback
07-05 00:01:39.135  1099 31770 E audio_hw_utils: audio_extn_utils_send_app_type_cfg: Failed to derive app_type for uc type : 0x1
07-05 00:01:39.136  1099 31770 D ACDB-LOADER: ACDB -> send_audio_cal, acdb_id = 512, path = 1, app id = 0x11132, sample rate = 48000
07-05 00:01:39.136  1099 31770 D ACDB-LOADER: ACDB -> send_asm_topology
07-05 00:01:39.136  1099 31770 D ACDB-LOADER: ACDB -> ACDB_CMD_GET_AUDPROC_STREAM_TOPOLOGY_ID
07-05 00:01:39.136  1099 31770 D ACDB-LOADER: ACDB -> send_adm_topology
07-05 00:01:39.136  1099 31770 D ACDB-LOADER: ACDB -> ACDB_CMD_GET_AUDPROC_COMMON_TOPOLOGY_ID
07-05 00:01:39.136  1099 31770 D ACDB-LOADER: ACDB -> send_audtable
07-05 00:01:39.136  1099 31770 D ACDB-LOADER: ACDB -> ACDB_CMD_GET_AUDPROC_COMMON_TABLE_SIZE
07-05 00:01:39.136  1099 31770 D ACDB-LOADER: ACDB -> ACDB_CMD_GET_AUDPROC_COMMON_TABLE
07-05 00:01:39.136  1099 31770 D ACDB-LOADER: ACDB -> AUDIO_SET_AUDPROC_CAL
07-05 00:01:39.136  1099 31770 D ACDB-LOADER: ACDB -> send_audvoltable
07-05 00:01:39.136  1099 31770 D ACDB-LOADER: ACDB -> ACDB_CMD_GET_AUDPROC_VOL_STEP_TABLE_SIZE
07-05 00:01:39.136  1099 31770 D ACDB-LOADER: ACDB -> ACDB_CMD_GET_AUDPROC_GAIN_DEP_STEP_TABLE, vol index 0
07-05 00:01:39.136  1099 31770 D android.hardware.audio.service: Failed to fetch the lookup information of the device 00000200 
07-05 00:01:39.136  1099 31770 E ACDB-LOADER: Error: ACDB AudProc vol returned = -19
07-05 00:01:39.136  1099 31770 D ACDB-LOADER: ACDB -> AUDIO_SET_VOL_CAL cal type = 12
07-05 00:01:39.136  1099 31770 D ACDB-LOADER: ACDB -> ACDB_CMD_GET_AUDPROC_STREAM_TABLE_SIZE
07-05 00:01:39.136  1099 31770 D ACDB-LOADER: ACDB -> send_audstrmtable
07-05 00:01:39.136  1099 31770 D ACDB-LOADER: ACDB -> ACDB_CMD_GET_AUDPROC_STREAM_TABLE_V2
07-05 00:01:39.136  1099 31770 D ACDB-LOADER: ACDB -> audstrm_cal->cal_type.cal_data.cal_size = 16
07-05 00:01:39.136  1099 31770 D ACDB-LOADER: ACDB -> send_afe_topology
07-05 00:01:39.136  1099 31770 D ACDB-LOADER: ACDB -> ACDB_CMD_GET_AFE_TOPOLOGY_ID
07-05 00:01:39.136  1099 31770 D ACDB-LOADER: ACDB -> GET_AFE_TOPOLOGY_ID for adcd_id 512, Topology Id 10001ccc
07-05 00:01:39.136  1099 31770 D ACDB-LOADER: ACDB -> send_afe_cal
07-05 00:01:39.136  1099 31770 D ACDB-LOADER: ACDB -> ACDB_CMD_GET_AFE_COMMON_TABLE_SIZE
07-05 00:01:39.136  1099 31770 D ACDB-LOADER: ACDB -> ACDB_CMD_GET_AFE_COMMON_TABLE
07-05 00:01:39.136  1099 31770 D ACDB-LOADER: ACDB -> AUDIO_SET_AFE_CAL
07-05 00:01:39.136  1099 31770 D ACDB-LOADER: ACDB -> send_hw_delay : acdb_id = 512 path = 1
07-05 00:01:39.136  1099 31770 D ACDB-LOADER: ACDB -> ACDB_AVSYNC_INFO: ACDB_CMD_GET_DEVICE_PROPERTY
07-05 00:01:39.136  1099 31770 D audio_hw_primary: enable_audio_route: usecase(25) apply and update mixer path: spkr-vi-record vi-feedback
07-05 00:01:39.136  1099 31770 D audio_route: Apply path: spkr-vi-record vi-feedback
07-05 00:01:39.158  1338 26883 D CCodecConfig: c2 config diff is   c2::u32 raw.color.primaries = 3
07-05 00:01:39.158  1338 26883 D CCodecConfig:   c2::u32 raw.color.range = 2
07-05 00:01:39.158  1338 26883 D CCodecConfig:   c2::u32 raw.crop.height = 720
07-05 00:01:39.158  1338 26883 D CCodecConfig:   c2::u32 raw.crop.left = 0
07-05 00:01:39.158  1338 26883 D CCodecConfig:   c2::u32 raw.crop.top = 0
07-05 00:01:39.158  1338 26883 D CCodecConfig:   c2::u32 raw.crop.width = 1280
07-05 00:01:39.159  1338 26883 D CCodecBuffers: [c2.qti.avc.decoder#298:2D-Output] popFromStashAndRegister: at 0us, output format changed to AMessage(what = 0x00000000) = {
07-05 00:01:39.159  1338 26883 D CCodecBuffers:   int32_t android._color-format = 2130708361
07-05 00:01:39.159  1338 26883 D CCodecBuffers:   int32_t android._video-scaling = 1
07-05 00:01:39.159  1338 26883 D CCodecBuffers:   int32_t android._dataspace = 281214976
07-05 00:01:39.159  1338 26883 D CCodecBuffers:   int32_t color-standard = 3
07-05 00:01:39.159  1338 26883 D CCodecBuffers:   int32_t color-range = 2
07-05 00:01:39.159  1338 26883 D CCodecBuffers:   int32_t color-transfer = 3
07-05 00:01:39.159  1338 26883 D CCodecBuffers:   int32_t sar-height = 1
07-05 00:01:39.159  1338 26883 D CCodecBuffers:   int32_t rotation-degrees = 0
07-05 00:01:39.159  1338 26883 D CCodecBuffers:   Buffer hdr-static-info = {
07-05 00:01:39.159  1338 26883 D CCodecBuffers:     00000000:  00 00 00 00 00 00 00 00  00 00 00 00 00 00 00 00  ................
07-05 00:01:39.159  1338 26883 D CCodecBuffers:     00000010:  00 00 00 00 00 00 00 00  00                       .........
07-05 00:01:39.159  1338 26883 D CCodecBuffers:   }
07-05 00:01:39.159  1338 26883 D CCodecBuffers:   int32_t sar-width = 1
07-05 00:01:39.159  1338 26883 D CCodecBuffers:   Rect crop(0, 0, 1279, 719)
07-05 00:01:39.159  1338 26883 D CCodecBuffers:   int32_t width = 1280
07-05 00:01:39.159  1338 26883 D CCodecBuffers:   int32_t feature-secure-playback = 0
07-05 00:01:39.159  1338 26883 D CCodecBuffers:   int32_t frame-rate = 30
07-05 00:01:39.159  1338 26883 D CCodecBuffers:   int32_t height = 720
07-05 00:01:39.159  1338 26883 D CCodecBuffers:   int32_t max-height = 720
07-05 00:01:39.159  1338 26883 D CCodecBuffers:   int32_t max-width = 1280
07-05 00:01:39.159  1338 26883 D CCodecBuffers:   string mime = "video/raw"
07-05 00:01:39.159  1338 26883 D CCodecBuffers:   int32_t priority = 0
07-05 00:01:39.159  1338 26883 D CCodecBuffers:   int32_t color-format = 2130708361
07-05 00:01:39.159  1338 26883 D CCodecBuffers: }
07-05 00:01:39.160 26719 26737 W MediaPlayerNative: info/warning (3, 0)
07-05 00:01:39.172  1099 31770 I soundtrigger: audio_extn_sound_trigger_update_stream_status: send event 3: usecase id 0, type 0
07-05 00:01:39.172  1099 31770 D sound_trigger_platform: platform_stdev_check_and_update_concurrency: concurrency active 0, tx 0, rx 1, concurrency session_allowed 1
07-05 00:01:39.172  1099 31770 D sound_trigger_platform: platform_stdev_check_concurrency_supported: capture concurrency  allowed, usecase type 0 voice_concur 0 voip_concur 0
07-05 00:01:39.172  1099 31770 D msm8974_platform: Setting audio calibration for snd_device(2) acdb_id(513)
07-05 00:01:39.172  1099 31770 E ACDB-LOADER: [acdb_loader_adsp_set_audio_cal] active device/stream not found (result=-100) for topology 0x1000dffb and apptype 0x11134
07-05 00:01:39.172  1099 31770 E ACDB-LOADER: [acdb_loader_adsp_set_audio_cal] set parameters failed with status -100
07-05 00:01:39.172  1099 31770 D msm8974_platform: Setting audio calibration for snd_device(2) acdb_id(513)
07-05 00:01:39.173  1099 31770 D audio_hw_waves: print_state_log: send volume table -(0,0.000000,F),(1,0.000000,F),(2,0.000000,F),(3,0.000000,T),(4,0.000000,F),(5,0.000000,F)
07-05 00:01:39.173  1099 31770 D ACDB-LOADER: ACDB -> send_audio_cal, acdb_id = 513, path = 0, app id = 0x11134, sample rate = 48000
07-05 00:01:39.173  1099 31770 D ACDB-LOADER: ACDB -> send_asm_topology
07-05 00:01:39.173  1099 31770 D ACDB-LOADER: ACDB -> ACDB_CMD_GET_AUDPROC_STREAM_TOPOLOGY_ID
07-05 00:01:39.173  1099 31770 D ACDB-LOADER: ACDB -> send_adm_topology
07-05 00:01:39.173  1099 31770 D ACDB-LOADER: ACDB -> ACDB_CMD_GET_AUDPROC_COMMON_TOPOLOGY_ID
07-05 00:01:39.173  1099 31770 D ACDB-LOADER: ACDB -> send_audtable
07-05 00:01:39.173  1099 31770 D ACDB-LOADER: ACDB -> ACDB_CMD_GET_AUDPROC_COMMON_TABLE_SIZE
07-05 00:01:39.173  1099 31770 D ACDB-LOADER: ACDB -> ACDB_CMD_GET_AUDPROC_COMMON_TABLE
07-05 00:01:39.173  1099 31770 D ACDB-LOADER: ACDB -> AUDIO_SET_AUDPROC_CAL
07-05 00:01:39.173  1099 31770 D ACDB-LOADER: ACDB -> send_audvoltable
07-05 00:01:39.173  1099 31770 D ACDB-LOADER: ACDB -> ACDB_CMD_GET_AUDPROC_VOL_STEP_TABLE_SIZE
07-05 00:01:39.173  1099 31770 D ACDB-LOADER: ACDB -> ACDB_CMD_GET_AUDPROC_GAIN_DEP_STEP_TABLE, vol index 0
07-05 00:01:39.173  1099 31770 D android.hardware.audio.service: Failed to fetch the lookup information of the device 00000201 
07-05 00:01:39.173  1099 31770 E ACDB-LOADER: Error: ACDB AudProc vol returned = -19
07-05 00:01:39.173  1099 31770 D ACDB-LOADER: ACDB -> AUDIO_SET_VOL_CAL cal type = 12
07-05 00:01:39.173  1099 31770 D ACDB-LOADER: ACDB -> ACDB_CMD_GET_AUDPROC_STREAM_TABLE_SIZE
07-05 00:01:39.173  1099 31770 D ACDB-LOADER: ACDB -> send_audstrmtable
07-05 00:01:39.173  1099 31770 D ACDB-LOADER: ACDB -> ACDB_CMD_GET_AUDPROC_STREAM_TABLE_V2
07-05 00:01:39.173  1099 31770 D ACDB-LOADER: ACDB -> audstrm_cal->cal_type.cal_data.cal_size = 456
07-05 00:01:39.173  1099 31770 D ACDB-LOADER: ACDB -> send_afe_topology
07-05 00:01:39.173  1099 31770 D ACDB-LOADER: ACDB -> ACDB_CMD_GET_AFE_TOPOLOGY_ID
07-05 00:01:39.173  1099 31770 D ACDB-LOADER: ACDB -> GET_AFE_TOPOLOGY_ID for adcd_id 513, Topology Id 10000ccc
07-05 00:01:39.173  1099 31770 D ACDB-LOADER: ACDB -> send_afe_cal
07-05 00:01:39.173  1099 31770 D ACDB-LOADER: ACDB -> ACDB_CMD_GET_AFE_COMMON_TABLE_SIZE
07-05 00:01:39.173  1099 31770 D ACDB-LOADER: ACDB -> ACDB_CMD_GET_AFE_COMMON_TABLE
07-05 00:01:39.173  1099 31770 D ACDB-LOADER: ACDB -> AUDIO_SET_AFE_CAL
07-05 00:01:39.173  1099 31770 D ACDB-LOADER: ACDB -> send_hw_delay : acdb_id = 513 path = 0
07-05 00:01:39.173  1099 31770 D ACDB-LOADER: ACDB -> ACDB_AVSYNC_INFO: ACDB_CMD_GET_DEVICE_PROPERTY
07-05 00:01:39.173  1099 31770 D audio_hw_primary: enable_audio_route: usecase(0) apply and update mixer path: deep-buffer-playback speaker
07-05 00:01:39.173  1099 31770 D audio_route: Apply path: deep-buffer-playback speaker
07-05 00:01:39.205 26660 26791 I BatteryMgr:DataCollectionService: stats => 1688508099205,465000,4027
07-05 00:01:39.234  1099 31770 D audio_hw_primary: out_write: retry previous failed cal level set
07-05 00:01:39.311 26660 26791 I BatteryMgr:DataCollectionService: stats => 1688508099311,465000,4027
07-05 00:01:39.327  1170  1796 D AudioFlinger: mixer(0x7a734f1a70) throttle end: throttle time(50)
07-05 00:01:39.418 26660 26791 I BatteryMgr:DataCollectionService: stats => 1688508099418,465000,4027
07-05 00:01:39.524 26660 26791 I BatteryMgr:DataCollectionService: stats => 1688508099524,465000,4027
07-05 00:01:39.631 26660 26791 I BatteryMgr:DataCollectionService: stats => 1688508099631,282500,4027
07-05 00:01:39.737 26660 26791 I BatteryMgr:DataCollectionService: stats => 1688508099737,282500,4027
07-05 00:01:39.844 26660 26791 I BatteryMgr:DataCollectionService: stats => 1688508099844,282500,4027
07-05 00:01:39.951 26660 26791 I BatteryMgr:DataCollectionService: stats => 1688508099951,180000,4027
07-05 00:01:40.060 26660 26791 I BatteryMgr:DataCollectionService: stats => 1688508100060,180000,4027
07-05 00:01:40.166 26660 26791 I BatteryMgr:DataCollectionService: stats => 1688508100165,180000,4027
07-05 00:01:40.274 26660 26791 I BatteryMgr:DataCollectionService: stats => 1688508100274,275000,4027
07-05 00:01:40.381 26660 26791 I BatteryMgr:DataCollectionService: stats => 1688508100381,275000,4027
07-05 00:01:40.488 26660 26791 I BatteryMgr:DataCollectionService: stats => 1688508100488,275000,4027
07-05 00:01:40.596 26660 26791 I BatteryMgr:DataCollectionService: stats => 1688508100595,164375,4027
07-05 00:01:40.702 26660 26791 I BatteryMgr:DataCollectionService: stats => 1688508100702,164375,4027
07-05 00:01:40.810 26660 26791 I BatteryMgr:DataCollectionService: stats => 1688508100809,164375,4027
07-05 00:01:40.918 26660 26791 I BatteryMgr:DataCollectionService: stats => 1688508100918,164375,4027
07-05 00:01:41.025 26660 26791 I BatteryMgr:DataCollectionService: stats => 1688508101024,174687,4027
07-05 00:01:41.133 26660 26791 I BatteryMgr:DataCollectionService: stats => 1688508101132,174687,4027
07-05 00:01:41.226  2164  2338 D ConnectivityService: NetReassign [no changes] [c 0] [a 0] [i 3]
07-05 00:01:41.238 26660 26791 I BatteryMgr:DataCollectionService: stats => 1688508101238,174687,4027
07-05 00:01:41.344 26660 26791 I BatteryMgr:DataCollectionService: stats => 1688508101344,250000,4027
07-05 00:01:41.451 26660 26791 I BatteryMgr:DataCollectionService: stats => 1688508101451,250000,4027
07-05 00:01:41.557 26660 26791 I BatteryMgr:DataCollectionService: stats => 1688508101557,250000,4027
07-05 00:01:41.664 26660 26791 I BatteryMgr:DataCollectionService: stats => 1688508101663,205000,4027
07-05 00:01:41.770 26660 26791 I BatteryMgr:DataCollectionService: stats => 1688508101769,205000,4027
07-05 00:01:41.876 26660 26791 I BatteryMgr:DataCollectionService: stats => 1688508101876,205000,4027
07-05 00:01:41.983 26660 26791 I BatteryMgr:DataCollectionService: stats => 1688508101982,311562,4027
07-05 00:01:42.091 26660 26791 I BatteryMgr:DataCollectionService: stats => 1688508102090,311562,4027
07-05 00:01:42.199 26660 26791 I BatteryMgr:DataCollectionService: stats => 1688508102199,311562,4027
07-05 00:01:42.306 26660 26791 I BatteryMgr:DataCollectionService: stats => 1688508102306,311562,4027
07-05 00:01:42.412 26660 26791 I BatteryMgr:DataCollectionService: stats => 1688508102412,169062,4027
07-05 00:01:42.519 26660 26791 I BatteryMgr:DataCollectionService: stats => 1688508102519,169062,4027
07-05 00:01:42.627 26660 26791 I BatteryMgr:DataCollectionService: stats => 1688508102627,169062,4027
07-05 00:01:42.735 26660 26791 I BatteryMgr:DataCollectionService: stats => 1688508102735,183437,4027
07-05 00:01:42.841 26660 26791 I BatteryMgr:DataCollectionService: stats => 1688508102841,183437,4027
07-05 00:01:42.948 26660 26791 I BatteryMgr:DataCollectionService: stats => 1688508102948,183437,4027
07-05 00:01:43.055 26660 26791 I BatteryMgr:DataCollectionService: stats => 1688508103055,237187,4027
07-05 00:01:43.163 26660 26791 I BatteryMgr:DataCollectionService: stats => 1688508103163,237187,4027
07-05 00:01:43.270 26660 26791 I BatteryMgr:DataCollectionService: stats => 1688508103270,237187,4027
07-05 00:01:43.377 26660 26791 I BatteryMgr:DataCollectionService: stats => 1688508103377,237187,4027
07-05 00:01:43.486 26660 26791 I BatteryMgr:DataCollectionService: stats => 1688508103486,277187,4027
07-05 00:01:43.594 26660 26791 I BatteryMgr:DataCollectionService: stats => 1688508103593,277187,4027
07-05 00:01:43.701 26660 26791 I BatteryMgr:DataCollectionService: stats => 1688508103701,277187,4027
07-05 00:01:43.809 26660 26791 I BatteryMgr:DataCollectionService: stats => 1688508103808,203437,4027
07-05 00:01:43.915 26660 26791 I BatteryMgr:DataCollectionService: stats => 1688508103914,203437,4027
07-05 00:01:44.021 26660 26791 I BatteryMgr:DataCollectionService: stats => 1688508104021,203437,4027
07-05 00:01:44.053  1338  1443 D NuPlayerDriver: stop(0xe9241550)
07-05 00:01:44.055 26719 26719 V MediaPlayer: resetDrmState:  mDrmInfo=null mDrmProvisioningThread=null mPrepareDrmInProgress=false mActiveDrmScheme=false
07-05 00:01:44.055 26719 26719 V MediaPlayer: cleanDrmObj: mDrmObj=null mDrmSessionId=null
07-05 00:01:44.056  1338  1332 D NuPlayerDriver: reset(0xe9241550) at state 8
07-05 00:01:44.059  1338 26885 D CCodecBuffers: [c2.android.aac.decoder#440:1D-Output.Impl[N]] Client returned a buffer it does not own according to our record: 0
07-05 00:01:44.059  1338 26885 D CCodecBuffers: [c2.android.aac.decoder#440:1D-Output.Impl[N]] Client returned a buffer it does not own according to our record: 1
07-05 00:01:44.059  1338 26885 D CCodecBuffers: [c2.android.aac.decoder#440:1D-Output.Impl[N]] Client returned a buffer it does not own according to our record: 2
07-05 00:01:44.059  1338 26885 D CCodecBuffers: [c2.android.aac.decoder#440:1D-Output.Impl[N]] Client returned a buffer it does not own according to our record: 3
07-05 00:01:44.061  1338 26885 I hw-BpHwBinder: onLastStrongRef automatically unlinking death recipients
07-05 00:01:44.061  1359  4630 I hw-BpHwBinder: onLastStrongRef automatically unlinking death recipients
07-05 00:01:44.062  1359  4630 I hw-BpHwBinder: onLastStrongRef automatically unlinking death recipients
07-05 00:01:44.063  1359  4630 V C2Store : in ~ComponentModule
07-05 00:01:44.063  1359  4630 V C2Store : unloading dll
07-05 00:01:44.073  1160 26886 I QC2V4l2Driver: [avcD_73] Closed device driver with fd: 7
07-05 00:01:44.073  1160 26886 I QC2Comp : NOTE: handleReleaseCodec returning: 0 (OK=0)
07-05 00:01:44.073  1160  1518 I QC2Comp : NOTE: Release returning: 0 (OK=0)
07-05 00:01:44.073  1338 26882 D SurfaceUtils: disconnecting from surface 0xe3940018, reason disconnectFromSurface
07-05 00:01:44.074  1338 26891 I hw-BpHwBinder: onLastStrongRef automatically unlinking death recipients
07-05 00:01:44.074 26719 26800 E BufferQueueProducer: [SurfaceView[x.intervalapp.displaytest/x.intervalapp.displaytest.MainActivity]#1(BLAST Consumer)1](id:685f00000001,api:0,p:-1,c:26719) detachBuffer: BufferQueue has no connected producer
07-05 00:01:44.074  1160  1518 I QC2CompStore: Deleting component(c2.qti.avc.decoder) id(73)
07-05 00:01:44.075  1160  1518 I QC2Comp : [avcD_73] Deallocated component c2.qti.avc.decoder [id=73]
07-05 00:01:44.080  1338 26881 D SurfaceUtils: connecting to surface 0xe3940018, reason onShutdown
07-05 00:01:44.086  1338 26878 D NuPlayerDriver: notifyResetComplete(0xe9241550)
07-05 00:01:44.086  1338  1332 D SurfaceUtils: disconnecting from surface 0xe3949738, reason disconnectNativeWindow
07-05 00:01:44.087  1338  1332 W AMessage: failed to post message as target looper for handler 785 is gone.
07-05 00:01:44.087  1338  1332 W AMessage: failed to post message as target looper for handler 0 is gone.
07-05 00:01:44.089  2164  3043 I MediaFocusControl: abandonAudioFocus() from uid/pid 10303/26719 clientId=android.media.AudioManager@11f43f6
07-05 00:01:44.098 26719 26719 W MediaPlayer: mediaplayer went away with unhandled events
07-05 00:01:44.098 26719 26719 W MediaPlayer: mediaplayer went away with unhandled events
07-05 00:01:44.126 26660 26791 I BatteryMgr:DataCollectionService: stats => 1688508104126,348750,4027
07-05 00:01:44.231 26660 26791 I BatteryMgr:DataCollectionService: stats => 1688508104231,348750,4027
07-05 00:01:44.245  2164  2338 D ConnectivityService: NetReassign [no changes] [c 1] [a 0] [i 3]
07-05 00:01:44.250  1099  1187 D audio_hw_waves: print_state_log: send volume table -(0,0.000000,F),(1,0.000000,F),(2,0.000000,F),(3,0.000000,F),(4,0.000000,F),(5,0.000000,F)
07-05 00:01:44.255  1170  1384 W AudioFlinger: moveEffectChain_l() effect chain for session 0 not on source thread 0x7a734f1a70
07-05 00:01:44.340 26660 26791 I BatteryMgr:DataCollectionService: stats => 1688508104340,348750,4027
07-05 00:01:44.451 26660 26791 I BatteryMgr:DataCollectionService: stats => 1688508104451,145000,4027
07-05 00:01:44.560 26660 26791 I BatteryMgr:DataCollectionService: stats => 1688508104560,145000,4027
07-05 00:01:44.672 26660 26791 I BatteryMgr:DataCollectionService: stats => 1688508104672,145000,4027
07-05 00:01:44.784  2951  2951 D BoundBrokerSvc: onUnbind: Intent { act=com.google.android.contextmanager.service.ContextManagerService.START pkg=com.google.android.gms }
07-05 00:01:44.786 26660 26791 I BatteryMgr:DataCollectionService: stats => 1688508104786,158125,4027
07-05 00:01:44.861  1338 17028 D BufferPoolAccessor2.0: evictor expired: 2, evicted: 0
07-05 00:01:44.862  1359  2462 D BufferPoolAccessor2.0: evictor expired: 1, evicted: 0
07-05 00:01:44.896 26660 26791 I BatteryMgr:DataCollectionService: stats => 1688508104896,158125,4027
07-05 00:01:45.008 26660 26791 I BatteryMgr:DataCollectionService: stats => 1688508105008,158125,4027
07-05 00:01:45.123 26660 26791 I BatteryMgr:DataCollectionService: stats => 1688508105122,158125,4027
07-05 00:01:45.234 26660 26791 I BatteryMgr:DataCollectionService: stats => 1688508105234,165312,4027
07-05 00:01:45.343 26660 26791 I BatteryMgr:DataCollectionService: stats => 1688508105343,165312,4027
07-05 00:01:45.455 26660 26791 I BatteryMgr:DataCollectionService: stats => 1688508105455,165312,4027
07-05 00:01:45.570 26660 26791 I BatteryMgr:DataCollectionService: stats => 1688508105570,146875,4027
07-05 00:01:45.685 26660 26791 I BatteryMgr:DataCollectionService: stats => 1688508105685,146875,4027
07-05 00:01:45.804 26660 26791 I BatteryMgr:DataCollectionService: stats => 1688508105804,146875,4027
07-05 00:01:45.923 26660 26791 I BatteryMgr:DataCollectionService: stats => 1688508105923,144062,4027
07-05 00:01:46.039 26660 26791 I BatteryMgr:DataCollectionService: stats => 1688508106038,144062,4027
07-05 00:01:46.150 26660 26791 I BatteryMgr:DataCollectionService: stats => 1688508106150,144062,4027
07-05 00:01:46.260 26660 26791 I BatteryMgr:DataCollectionService: stats => 1688508106260,139375,4027
07-05 00:01:46.368 26660 26791 I BatteryMgr:DataCollectionService: stats => 1688508106368,139375,4027
07-05 00:01:46.475 26660 26791 I BatteryMgr:DataCollectionService: stats => 1688508106475,139375,4027
07-05 00:01:46.585 26660 26791 I BatteryMgr:DataCollectionService: stats => 1688508106585,201250,4027
07-05 00:01:46.696 26660 26791 I BatteryMgr:DataCollectionService: stats => 1688508106696,201250,4027
07-05 00:01:46.809 26660 26791 I BatteryMgr:DataCollectionService: stats => 1688508106809,201250,4027
07-05 00:01:46.925 26660 26791 I BatteryMgr:DataCollectionService: stats => 1688508106925,179687,4027
07-05 00:01:47.043 26660 26791 I BatteryMgr:DataCollectionService: stats => 1688508107043,179687,4027
07-05 00:01:47.155 26660 26791 I BatteryMgr:DataCollectionService: stats => 1688508107154,179687,4027
07-05 00:01:47.217  1099  1187 D audio_hw_primary: disable_audio_route: usecase(0) reset and update mixer path: deep-buffer-playback speaker
07-05 00:01:47.219  1099  1187 I soundtrigger: audio_extn_sound_trigger_update_stream_status: send event 2: usecase id 0, type 0
07-05 00:01:47.219  1099  1187 D sound_trigger_platform: platform_stdev_check_and_update_concurrency: concurrency active 0, tx 0, rx 0, concurrency session_allowed 1
07-05 00:01:47.219  1099  1187 D sound_trigger_platform: platform_stdev_check_concurrency_supported: capture concurrency  allowed, usecase type 0 voice_concur 0 voip_concur 0
07-05 00:01:47.219  1099  1187 I audio_hw_cirrus_playback: audio_extn_spkr_prot_stop_processing: pcm_tx_close
07-05 00:01:47.229  1099  1187 D audio_hw_primary: disable_audio_route: usecase(25) reset and update mixer path: spkr-vi-record vi-feedback
07-05 00:01:47.229  1099  1187 D audio_hw_primary: disable_snd_device: snd_device(104: vi-feedback)
07-05 00:01:47.261 26660 26791 I BatteryMgr:DataCollectionService: stats => 1688508107261,163125,4027
07-05 00:01:47.270  2164  2338 D ConnectivityService: NetReassign [no changes] [c 0] [a 1] [i 3]
07-05 00:01:47.380 26660 26791 I BatteryMgr:DataCollectionService: stats => 1688508107380,163125,4027
07-05 00:01:47.491 26660 26791 I BatteryMgr:DataCollectionService: stats => 1688508107491,163125,4027
07-05 00:01:47.606 26660 26791 I BatteryMgr:DataCollectionService: stats => 1688508107606,185937,4027
07-05 00:01:47.726 26660 26791 I BatteryMgr:DataCollectionService: stats => 1688508107726,185937,4027
07-05 00:01:47.846 26660 26791 I BatteryMgr:DataCollectionService: stats => 1688508107846,185937,4027
07-05 00:01:47.965 26660 26791 I BatteryMgr:DataCollectionService: stats => 1688508107964,115937,4027
07-05 00:01:48.085 26660 26791 I BatteryMgr:DataCollectionService: stats => 1688508108085,115937,4027
07-05 00:01:48.200 26660 26791 I BatteryMgr:DataCollectionService: stats => 1688508108200,115937,4027
07-05 00:01:48.317 26660 26791 I BatteryMgr:DataCollectionService: stats => 1688508108317,126250,4027
07-05 00:01:48.433 26660 26791 I BatteryMgr:DataCollectionService: stats => 1688508108433,126250,4027
07-05 00:01:48.548 26660 26791 I BatteryMgr:DataCollectionService: stats => 1688508108548,126250,4027
07-05 00:01:48.664 26660 26791 I BatteryMgr:DataCollectionService: stats => 1688508108664,210937,4027
07-05 00:01:48.785 26660 26791 I BatteryMgr:DataCollectionService: stats => 1688508108785,210937,4027
07-05 00:01:48.873  1338 17028 D BufferPoolAccessor2.0: bufferpool2 0xe5242548 : 0(0 size) total buffers - 0(0 size) used buffers - 249/260 (recycle/alloc) - 11/260 (fetch/transfer)
07-05 00:01:48.873  1359  2462 D BufferPoolAccessor2.0: bufferpool2 0x7b109189a8 : 0(0 size) total buffers - 0(0 size) used buffers - 252/256 (recycle/alloc) - 6/256 (fetch/transfer)
07-05 00:01:48.873  1359  2462 D BufferPoolAccessor2.0: evictor expired: 1, evicted: 1
07-05 00:01:48.873  1338 17028 D BufferPoolAccessor2.0: bufferpool2 0xe5243bc8 : 0(0 size) total buffers - 0(0 size) used buffers - 164/174 (recycle/alloc) - 10/174 (fetch/transfer)
07-05 00:01:48.873  1338 17028 D BufferPoolAccessor2.0: evictor expired: 2, evicted: 2
07-05 00:01:48.910 26660 26791 I BatteryMgr:DataCollectionService: stats => 1688508108910,210937,4027
07-05 00:01:49.028 26660 26791 I BatteryMgr:DataCollectionService: stats => 1688508109028,120000,4027
07-05 00:01:49.103  2164 10152 I MediaFocusControl: requestAudioFocus() from uid/pid 10303/26719 AA=USAGE_MEDIA/CONTENT_TYPE_MOVIE clientId=android.media.AudioManager@11f43f6 callingPack=x.intervalapp.displaytest req=1 flags=0x0 sdk=33
07-05 00:01:49.104  2164 10152 I AudioService.FadeOutManager: unfadeOutUid() uid:10303
07-05 00:01:49.125  1338  1332 D NuPlayerDriver: NuPlayerDriver(0xe9241550) created, clientPid(26719)
07-05 00:01:49.135 26660 26791 I BatteryMgr:DataCollectionService: stats => 1688508109135,120000,4027
07-05 00:01:49.138  1338  1332 D SurfaceUtils: connecting to surface 0xe3940018, reason setVideoSurfaceTexture
07-05 00:01:49.141  1338 26893 D NuPlayer: onSetVideoSurface(0xe3949730, no video decoder)
07-05 00:01:49.155  1338 26894 D GenericSource: FileSource remote
07-05 00:01:49.165  1322 31848 I SampleTable: There are reordered frames present.
07-05 00:01:49.176  1322  4135 D MediaBufferGroup: creating MemoryDealer
07-05 00:01:49.186 26719 26719 D MediaPlayerNative: getMetadata
07-05 00:01:49.188  1338 26893 I GenericSource: start
07-05 00:01:49.199  1338 26898 D CCodec  : allocate(c2.qti.avc.decoder)
07-05 00:01:49.201  1338 26900 D CCodec  : allocate(c2.android.aac.decoder)
07-05 00:01:49.203  1338 26898 I CCodec  : setting up 'default' as default (vendor) store
07-05 00:01:49.203  1338 26900 I CCodec  : setting up 'default' as default (vendor) store
07-05 00:01:49.203  1160 15947 I QC2Interface: Created Interface (c2.qti.avc.decoder)
07-05 00:01:49.203  1359  4630 V C2Store : in init
07-05 00:01:49.203  1359  4630 V C2Store : loading dll
07-05 00:01:49.205  1160 15947 E QC2Prop : SK::kPropInputDelay:0
07-05 00:01:49.205  1160 15947 E QC2Prop : SK::kPropOutputDelay:0
07-05 00:01:49.205  1160 15947 I QC2Comp : Create: Allocated component[74] for name c2.qti.avc.decoder
07-05 00:01:49.205  1160 15947 I QC2CompStore: Created component(c2.qti.avc.decoder) id(74)
07-05 00:01:49.206  1338 26898 I CCodec  : Created component [c2.qti.avc.decoder]
07-05 00:01:49.206  1338 26898 D CCodecConfig: read media type: video/avc
07-05 00:01:49.207  1338 26898 D ReflectedParamUpdater: extent() != 1 for single value type: output.buffers.pool-ids.values
07-05 00:01:49.209  1338 26900 I CCodec  : Created component [c2.android.aac.decoder]
07-05 00:01:49.209  1338 26900 D CCodecConfig: read media type: audio/mp4a-latm
07-05 00:01:49.212  1338 26900 D ReflectedParamUpdater: extent() != 1 for single value type: algo.buffers.max-count.values
07-05 00:01:49.212  1338 26898 D CCodecConfig: ignoring local param raw.size (0xd2001800) as it is already supported
07-05 00:01:49.212  1338 26898 D CCodecConfig: ignoring local param default.color (0x5200180b) as it is already supported
07-05 00:01:49.212  1338 26898 D CCodecConfig: ignoring local param raw.hdr-static-info (0xd200180a) as it is already supported
07-05 00:01:49.212  1338 26900 D ReflectedParamUpdater: extent() != 1 for single value type: output.subscribed-indices.values
07-05 00:01:49.213  1338 26900 D ReflectedParamUpdater: extent() != 1 for single value type: input.buffers.allocator-ids.values
07-05 00:01:49.213  1338 26900 D ReflectedParamUpdater: extent() != 1 for single value type: output.buffers.allocator-ids.values
07-05 00:01:49.213  1338 26900 D ReflectedParamUpdater: extent() != 1 for single value type: algo.buffers.allocator-ids.values
07-05 00:01:49.213  1338 26900 D ReflectedParamUpdater: extent() != 1 for single value type: output.buffers.pool-ids.values
07-05 00:01:49.213  1338 26900 D ReflectedParamUpdater: extent() != 1 for single value type: algo.buffers.pool-ids.values
07-05 00:01:49.214  1160 15947 E QC2Prop : SK::kPropInputDelay:0
07-05 00:01:49.214  1160 15947 E QC2Prop : SK::kPropOutputDelay:0
07-05 00:01:49.215  1338 26898 I CCodecConfig: query failed after returning 17 values (BAD_INDEX)
07-05 00:01:49.215  1338 26898 D CCodecConfig: c2 config diff is Dict {
07-05 00:01:49.215  1338 26898 D CCodecConfig:   c2::i32 algo.priority.value = -1
07-05 00:01:49.215  1338 26898 D CCodecConfig:   c2::float algo.rate.value = 4.2039e-44
07-05 00:01:49.215  1338 26898 D CCodecConfig:   c2::u32 algo.secure-mode.value = 0
07-05 00:01:49.215  1338 26898 D CCodecConfig:   c2::float coded.frame-rate.value = 30
07-05 00:01:49.215  1338 26898 D CCodecConfig:   c2::u32 coded.pl.level = 20480
07-05 00:01:49.215  1338 26898 D CCodecConfig:   c2::u32 coded.pl.profile = 20480
07-05 00:01:49.215  1338 26898 D CCodecConfig:   c2::u32 coded.vui.color.matrix = 0
07-05 00:01:49.215  1338 26898 D CCodecConfig:   c2::u32 coded.vui.color.primaries = 0
07-05 00:01:49.215  1338 26898 D CCodecConfig:   c2::u32 coded.vui.color.range = 0
07-05 00:01:49.215  1338 26898 D CCodecConfig:   c2::u32 coded.vui.color.transfer = 0
07-05 00:01:49.215  1338 26898 D CCodecConfig:   c2::u32 default.color.matrix = 0
07-05 00:01:49.215  1338 26898 D CCodecConfig:   c2::u32 default.color.primaries = 3
07-05 00:01:49.215  1338 26898 D CCodecConfig:   c2::u32 default.color.range = 2
07-05 00:01:49.215  1338 26898 D CCodecConfig:   c2::u32 default.color.transfer = 0
07-05 00:01:49.215  1338 26898 D CCodecConfig:   c2::u32 input.buffers.max-size.value = 13271040
07-05 00:01:49.215  1338 26898 D CCodecConfig:   c2::u32 input.delay.value = 4
07-05 00:01:49.215  1338 26898 D CCodecConfig:   string input.media-type.value = "video/avc"
07-05 00:01:49.215  1338 26898 D CCodecConfig:   c2::u32 output.delay.value = 18
07-05 00:01:49.215  1338 26898 D CCodecConfig:   string output.media-type.value = "video/raw"
07-05 00:01:49.215  1338 26898 D CCodecConfig:   c2::u32 raw.color.matrix = 0
07-05 00:01:49.215  1338 26898 D CCodecConfig:   c2::u32 raw.color.primaries = 0
07-05 00:01:49.215  1338 26898 D CCodecConfig:   c2::u32 raw.color.range = 0
07-05 00:01:49.215  1338 26898 D CCodecConfig:   c2::u32 raw.color.transfer = 0
07-05 00:01:49.215  1338 26898 D CCodecConfig:   c2::float raw.hdr-static-info.mastering.blue.x = 1.4013e-45
07-05 00:01:49.215  1338 26898 D CCodecConfig:   c2::float raw.hdr-static-info.mastering.blue.y = 1.4013e-45
07-05 00:01:49.215  1338 26898 D CCodecConfig:   c2::float raw.hdr-
07-05 00:01:49.216  1338 26898 W ColorUtils: expected specified color aspects (0:0:0:0)
07-05 00:01:49.217  1338 26900 I CCodecConfig: query failed after returning 19 values (BAD_INDEX)
07-05 00:01:49.217  1338 26896 D SurfaceUtils: disconnecting from surface 0xe3949738, reason onConfigure
07-05 00:01:49.217  1338 26900 D CCodecConfig: c2 config diff is Dict {
07-05 00:01:49.217  1338 26900 D CCodecConfig:   c2::u32 coded.aac-packaging.value = 0
07-05 00:01:49.217  1338 26900 D CCodecConfig:   c2::u32 coded.bitrate.value = 64000
07-05 00:01:49.217  1338 26900 D CCodecConfig:   c2::u32 coded.pl.level = 0
07-05 00:01:49.217  1338 26900 D CCodecConfig:   c2::u32 coded.pl.profile = 8192
07-05 00:01:49.217  1338 26900 D CCodecConfig:   c2::i32 coding.drc.album-mode.value = 0
07-05 00:01:49.217  1338 26900 D CCodecConfig:   c2::float coding.drc.attenuation-factor.value = 1
07-05 00:01:49.217  1338 26900 D CCodecConfig:   c2::float coding.drc.boost-factor.value = 1
07-05 00:01:49.217  1338 26900 D CCodecConfig:   c2::i32 coding.drc.compression-mode.value = 3
07-05 00:01:49.217  1338 26900 D CCodecConfig:   c2::i32 coding.drc.effect-type.value = 3
07-05 00:01:49.217  1338 26900 D CCodecConfig:   c2::float coding.drc.encoded-level.value = 0.25
