06-12 14:29:39.054 10820 10820 E adbd    : service_to_fd: shell,v2,TERM=xterm-256color,raw:getprop ro.build.version.release
06-12 14:29:39.101 10820 10820 E adbd    : recv: OPEN 00002cce 00000000 003e:73 68 65 6C 6C 2C 76 32 2C 54 45 52 4D 3D 78 74 65 72 6D 2D 32 35 36 63 6F 6C 6F 72 2C 72 61 77 3A 67 65 74 70 72 6F 70 20 72 6F 2E 62 75 69 6C 64 2E 76 65 72 73 69 6F 6E 2E 73 64 6B 00 
06-12 14:29:39.101 10820 10820 E adbd    : service_to_fd: shell,v2,TERM=xterm-256color,raw:getprop ro.build.version.sdk
06-12 14:29:39.132  5301  5414 D SensorService: [SO] 0.555 -0.599 9.912
06-12 14:29:39.154 10820 10820 E adbd    : recv: OPEN 00002cd4 00000000 003d:73 68 65 6C 6C 2C 76 32 2C 54 45 52 4D 3D 78 74 65 72 6D 2D 32 35 36 63 6F 6C 6F 72 2C 72 61 77 3A 61 6D 20 66 6F 72 63 65 2D 73 74 6F 70 20 65 2E 77 77 77 2E 67 70 73 74 65 73 74 00 
06-12 14:29:39.154 10820 10820 E adbd    : service_to_fd: shell,v2,TERM=xterm-256color,raw:am force-stop e.www.gpstest
06-12 14:29:39.222  5301  8010 I ActivityManager: Force stopping e.www.gpstest appid=10219 user=0: from pid 20069
06-12 14:29:39.223  5301  8010 I ActivityManager: Killing 19975:e.www.gpstest/u0a219 (adj 0): stop e.www.gpstest,from pid 20069
06-12 14:29:39.224  5301  8010 W ActivityManager: Force removing ActivityRecord{4f989d5 u0 e.www.gpstest/.MainActivity t763}: app died, no saved state
06-12 14:29:39.231  5301  8010 D InputDispatcher: Focus left window: 19975
06-12 14:29:39.232  5301  8010 I WindowManager: Failed to capture screenshot of Token{5fcc5ea ActivityRecord{4f989d5 u0 e.www.gpstest/.MainActivity t763 f}} appWin=Window{7631443 u0 e.www.gpstest/e.www.gpstest.MainActivity} drawState=4
06-12 14:29:39.233  5301  8010 I WindowManager: Destroying surface Surface(name=e.www.gpstest/e.www.gpstest.MainActivity) called by com.android.server.wm.WindowStateAnimator.destroySurface:2501 com.android.server.wm.WindowStateAnimator.destroySurfaceLocked:985 com.android.server.wm.WindowState.removeImmediately:2403 com.android.server.wm.WindowState.removeIfPossible:2602 com.android.server.wm.WindowState.removeIfPossible:2432 com.android.server.wm.WindowToken.removeAllWindowsIfPossible:143 com.android.server.wm.AppWindowToken.removeIfPossible:606 com.android.server.wm.AppWindowToken.onRemovedFromDisplay:674 
06-12 14:29:39.233  3446  3891 I SurfaceFlinger: id=2942 Removed e.www.gpstest/e.www.gpstest.MainActivity#0 (2/4)
06-12 14:29:39.234  3446  3891 I SurfaceFlinger: id=2942 Removed e.www.gpstest/e.www.gpstest.MainActivity#0 (-2/4)
06-12 14:29:39.238  5301  8010 D InputDispatcher: Focused application released
06-12 14:29:39.240  5301  8010 D CustomFrequencyManagerService: acquireDVFSLockLocked : type : DVFS_MIN_LIMIT  frequency : 1560000  uid : 1000  pid : 5301  pkgName : AMS_ACT_RESUME@CPU_MIN@8
06-12 14:29:39.242  5301  8010 D ActivityManagerPerformance: AMP_acquire() ACT_RESUME
06-12 14:29:39.242  5301  8010 D ActivityManager: isScaleDownAnimationEnabled() : false
06-12 14:29:39.243  5301  8010 D PersonaManagerService: Current focused persona service handled id set to : 0
06-12 14:29:39.245  3446  3446 I Layer   : id=2942 onRemoved e.www.gpstest/e.www.gpstest.MainActivity#0 
06-12 14:29:39.245  5301  8010 D InputDispatcher: Focused application set to: xxxx
06-12 14:29:39.248  3446  3446 I SurfaceFlinger: Display 0 HWC layers:
06-12 14:29:39.248  3446  3446 I SurfaceFlinger:     type    |    handle    | flag |  format   |   source crop (l,t,r,b)    |         frame       | name 
06-12 14:29:39.248  3446  3446 I SurfaceFlinger: ------------+--------------+------+-----------+----------------------------+---------------------+------
06-12 14:29:39.248  3446  3446 I SurfaceFlinger:      Device | 0x7569824f00 | 0000 | RGBA_8888 |   0.0    0.0  720.0   42.0 |    0    0  720   42 | StatusBar#0
06-12 14:29:39.248  3446  3446 I SurfaceFlinger: 
06-12 14:29:39.249  5301  5541 D GameManagerService: handleForegroundChange(). pkgName: com.example.batterymanager_utility, clsName: com.example.batterymanager_utility.MainActivity,FgActivityName:com.example.batterymanager_utility/.MainActivity
06-12 14:29:39.249  5301  8010 D MARsPolicyManager: onPackageResumedFG pkgName = com.example.batterymanager_utility, userId = 0
06-12 14:29:39.249  5301  5541 D GameManagerService: sem_perfomance_mode: 3
06-12 14:29:39.249  5301  5541 D GameManagerService: notifyResumePause(). pkg: com.example.batterymanager_utility, type: 4, isMinimized: false, isTunableApp: false
06-12 14:29:39.249  5301  5541 D GameManagerService:   notifyResumePause(). unexpected mPrevNotiType: -1
06-12 14:29:39.257  5301  5301 D SamsungAlarmManager: Remove alarm for next reason : android.intent.action.PACKAGE_RESTARTED : package: e.www.gpstest
06-12 14:29:39.263  5301  5337 W BroadcastQueue: Background execution not allowed: receiving Intent { act=android.intent.action.PACKAGE_RESTARTED dat=package:e.www.gpstest flg=0x10 (has extras) } to android/com.kddi.android.CpaNotiReceiver
06-12 14:29:39.264  5301  5337 W BroadcastQueue: Background execution not allowed: receiving Intent { act=android.intent.action.PACKAGE_RESTARTED dat=package:e.www.gpstest flg=0x10 (has extras) } to com.sec.android.daemonapp/com.samsung.android.weather.daemon.receiver.ClearDataReceiver
06-12 14:29:39.264  5916  5946 D ProcessObserver_FLP: onProcessDied, 19975/10219
06-12 14:29:39.264  6026  6026 D CarrierSvcBindHelper: No carrier app for: 0
06-12 14:29:39.264  5301  8010 V WindowManager: Relayout Window{c9cfc48 u0 com.example.batterymanager_utility/com.example.batterymanager_utility.MainActivity}: viewVisibility=4 req=720x1280 WM.LayoutParams{(0,0)(fillxfill) sim=#120 ty=1 fl=#81810100 pfl=0x20000 wanim=0x10302fd vsysui=0x600 needsMenuKey=2 colorMode=0 naviIconColor=0}
06-12 14:29:39.265  6026  6026 D CarrierSvcBindHelper: No carrier app for: 1
06-12 14:29:39.266  5916  5946 D ProcessObserver_FLP: onForegroundActivities changed, 19927/10186/true
06-12 14:29:39.266  5916  5971 D EventHandler_FLP: FOREGROUND_ACTIVITY_CHANGE
06-12 14:29:39.268  5301  8272 D GamePkgDataHelper: getGamePkgDataIncServer(). com.example.batterymanager_utility
06-12 14:29:39.268  5301  8272 D GamePkgDataHelper: getSosPolicy(). com.example.batterymanager_utility
06-12 14:29:39.268  5301  8272 D GameManagerService: identifyGamePackage. com.example.batterymanager_utility
06-12 14:29:39.268  5301  8272 D GamePkgDataHelper: getGamePkgData(). com.example.batterymanager_utility
06-12 14:29:39.269  5301  8272 D GameManagerService: identifyGamePackage. com.example.batterymanager_utility
06-12 14:29:39.269  5301  8272 D GamePkgDataHelper: getGamePkgData(). com.example.batterymanager_utility
06-12 14:29:39.270 19927 19927 D ViewRootImpl@2928cee[MainActivity]: Relayout returned: old=[0,0][720,1280] new=[0,0][720,1280] result=0x1 surface={valid=false 0} changed=false
06-12 14:29:39.270  5301  8272 D GameManagerService: identifyGamePackage. com.example.batterymanager_utility
06-12 14:29:39.270  5301  8272 D GamePkgDataHelper: getGamePkgData(). com.example.batterymanager_utility
06-12 14:29:39.273  5301  8272 D GameManagerService: identifyGamePackage. com.example.batterymanager_utility
06-12 14:29:39.273  5301  8272 D GamePkgDataHelper: getGamePkgData(). com.example.batterymanager_utility
06-12 14:29:39.275  5301  8010 D ActivityManager: post active user change for 0 fullscreen true isHomeActivity() false
06-12 14:29:39.281  5301  8010 V WindowManager: Relayout Window{c9cfc48 u0 com.example.batterymanager_utility/com.example.batterymanager_utility.MainActivity}: viewVisibility=0 req=720x1280 WM.LayoutParams{(0,0)(fillxfill) sim=#120 ty=1 fl=#81810100 pfl=0x20000 wanim=0x10302fd vsysui=0x600 needsMenuKey=2 colorMode=0 naviIconColor=0}
06-12 14:29:39.282  3446  3446 I SurfaceFlinger: id=2943 createSurf (720x1280),1 flag=404, com.example.batterymanager_utility/com.example.batterymanager_utility.MainActivity#0
06-12 14:29:39.282  5301  8010 V Surface : sf_framedrop debug : 0x4f4c, game : false, logging : 0
06-12 14:29:39.283  5301  5338 D WindowManager: set systemUiVisibility : systemUiFlags= 0x608 fullscreenStackSysUiFlags= 0x0
06-12 14:29:39.285  5301  8010 D InputDispatcher: Focus entered window: 19927
06-12 14:29:39.287  5916  5946 D GmsLocationManagerService_FLP: Location listener died
06-12 14:29:39.287  5676  5676 D InputEventReceiver: channel 'ClientState{2de76d uid 10219 pid 19975} (client)' ~ Disposing input event receiver.
06-12 14:29:39.287  5916  5946 E RequestManager_FLP: [FusedLocationApi] Location remove bd2bf0d from e.www.gpstest
06-12 14:29:39.288  5676  5676 D InputEventReceiver: channel 'ClientState{2de76d uid 10219 pid 19975} (client)' ~NativeInputEventReceiver.
06-12 14:29:39.288  5916  5946 D RequestManager_FLP: ProcessObserver unregistered
06-12 14:29:39.288 19927 19927 V Surface : sf_framedrop debug : 0x4f4c, game : false, logging : 0
06-12 14:29:39.289  5301  5346 W ActivityManager: setHasOverlayUi called on unknown pid: 19975
06-12 14:29:39.290 19927 19927 D ViewRootImpl@2928cee[MainActivity]: Relayout returned: old=[0,0][720,1280] new=[0,0][720,1280] result=0x7 surface={valid=true 512472363008} changed=true
06-12 14:29:39.294 19927 19945 D mali_winsys: EGLint new_window_surface(egl_winsys_display *, void *, EGLSurface, EGLConfig, egl_winsys_surface **, egl_color_buffer_format *, EGLBoolean) returns 0x3000,  [720x1280]-format:1
06-12 14:29:39.295 19927 19945 D OpenGLRenderer: eglCreateWindowSurface = 0x772b4f7000
06-12 14:29:39.297 19927 19927 D ViewRootImpl@2928cee[MainActivity]: MSG_WINDOW_FOCUS_CHANGED 1
06-12 14:29:39.298 19927 19927 V InputMethodManager: Starting input: tba=android.view.inputmethod.EditorInfo@8115919 nm : com.example.batterymanager_utility ic=null
06-12 14:29:39.298 19927 19927 I InputMethodManager: startInputInner - mService.startInputOrWindowGainedFocus
06-12 14:29:39.299  5301  6042 D InputMethodManagerService: startInputOrWindowGainedFocus : windowGainedFocus 
06-12 14:29:39.299  5301  6042 D InputMethodManagerService: windowGainedFocus: destinationUserId (getCallingUid) = 0
06-12 14:29:39.299  5301  6042 D InputMethodManagerService: windowGainedFocus: currentUserId=0
06-12 14:29:39.299  5301  6042 D InputMethodManagerService: windowGainedFocus: mCurrentFocusedUserId=0
06-12 14:29:39.299  5301  6042 D InputMethodManagerService: windowGainedFocus : lock - currentUserId = 0 destinationUserId = 0
06-12 14:29:39.300  5301  6042 D InputMethodManagerService: windowGainedFocus : mCurrentFocusedUserId - 0 and mSecureKeypadEnabled - false, userSwitched - false
06-12 14:29:39.300  5301  6042 V InputMethodManagerService: windowGainedFocus : reason=WINDOW_FOCUS_GAIN client=android.os.BinderProxy@a795a3a inputContext=null missingMethods= attribute=android.view.inputmethod.EditorInfo@8e8a2d9 nm = com.example.batterymanager_utility controlFlags=#105 softInputMode=#120 windowFlags=#81810100
06-12 14:29:39.300  5301  6042 V InputMethodManagerService: hideCurrentInputLocked : shouldHideSoftInput is false
06-12 14:29:39.300  5301  6042 D InputMethodManagerService: setCurrentInputInfo - inputContext : null eidtorInfo : android.view.inputmethod.EditorInfo@8e8a2d9 missingMethods : 0
06-12 14:29:39.300  5676  5676 I InputMethodWrapper:  call dispatchStartInputWithToken
06-12 14:29:39.300  5676  5676 I InputMethodService: dispatchStartInputWithToken
06-12 14:29:39.301  5676  5676 I SKBD    : SamsungKeypad [IMI] onStartInput - caller pid : 19975, caller uid : 10219
06-12 14:29:39.330  5301  5913 V WindowManager: finishDrawingLocked: mDrawState=COMMIT_DRAW_PENDING Window{c9cfc48 u0 com.example.batterymanager_utility/com.example.batterymanager_utility.MainActivity} in Surface(name=com.example.batterymanager_utility/com.example.batterymanager_utility.MainActivity)
06-12 14:29:39.332  5689  5705 D SystemServicesProxy: updateOverviewLastStackActiveTimeAsync: newTime=1686571712398
06-12 14:29:39.332  5301  6042 D SecContentProvider: query(), uri = 17 selection = isSettingsChangesAllowed
06-12 14:29:39.333  5301  6042 D SecContentProvider: called from android.uid.systemui:10008
06-12 14:29:39.334  5689  5835 D SystemServicesProxy: updateOverviewLastStackActiveTimeAsync: done.
06-12 14:29:39.347  5301  8000 D PackageManager: getComponentMetadataForIconTray : e.www.gpstest.MainActivity does not exist in mServices
06-12 14:29:39.347  5301  8000 D PackageManager: getComponentMetadataForIconTray : e.www.gpstest.MainActivity does not exist in mProviders
06-12 14:29:39.347  5301  8000 D PackageManager: getComponentMetadataForIconTray : e.www.gpstest.MainActivity does not exist in mReceivers
06-12 14:29:39.347  3446  3446 I SurfaceFlinger: id=2944 createSurf (720x1280),-1 flag=20004, com.example.batterymanager_utility/com.example.batterymanager_utility.MainActivity_dim#0
06-12 14:29:39.348  5689  5705 D ApplicationPackageManager: updateItemMetaDataForFixedIconScale: package: e.www.gpstest
06-12 14:29:39.348  5301  8000 D PackageManager: getSelectedMetaData : packageName(e.www.gpstest) or Metadata strings {[Ljava.lang.String;@939409b}
06-12 14:29:39.348  5689  5705 I ApplicationPackageManager: return adaptive icon for e.www.gpstest
06-12 14:29:39.366  3446  3446 I SurfaceFlinger: Display 0 HWC layers:
06-12 14:29:39.366  3446  3446 I SurfaceFlinger:     type    |    handle    | flag |  format   |   source crop (l,t,r,b)    |         frame       | name 
06-12 14:29:39.366  3446  3446 I SurfaceFlinger: ------------+--------------+------+-----------+----------------------------+---------------------+------
06-12 14:29:39.366  3446  3446 I SurfaceFlinger:      Client |              | 0000 |  Unknown  |  -0.2   -0.2   -0.8   -0.8 |    0    0  720 1280 | animation background stackId=1#0
06-12 14:29:39.366  3446  3446 I SurfaceFlinger:      Client | 0x756359f800 | 0002 | RGBA_8888 |   0.0    0.0   31.0 1280.0 |  689    0  720 1280 | com.example.batterymanager_utility/c[...]atterymanager_utility.MainActivity#0
06-12 14:29:39.366  3446  3446 I SurfaceFlinger:      Device | 0x7569824f00 | 0000 | RGBA_8888 |   0.0    0.0  720.0   42.0 |    0    0  720   42 | StatusBar#0
06-12 14:29:39.366  3446  3446 I SurfaceFlinger: 
06-12 14:29:39.382  3446  3446 I SurfaceFlinger: Display 0 HWC layers:
06-12 14:29:39.382  3446  3446 I SurfaceFlinger:     type    |    handle    | flag |  format   |   source crop (l,t,r,b)    |         frame       | name 
06-12 14:29:39.382  3446  3446 I SurfaceFlinger: ------------+--------------+------+-----------+----------------------------+---------------------+------
06-12 14:29:39.382  3446  3446 I SurfaceFlinger:      Client |              | 0000 |  Unknown  |   0.0    0.0   -1.0   -1.0 |    0    0  720 1280 | com.example.batterymanager_utility/c[...]rymanager_utility.MainActivity_dim#0
06-12 14:29:39.382  3446  3446 I SurfaceFlinger:      Client |              | 0000 |  Unknown  |  -0.2   -0.2   -0.8   -0.8 |    0    0  720 1280 | animation background stackId=1#0
06-12 14:29:39.382  3446  3446 I SurfaceFlinger:      Client | 0x756359f800 | 0002 | RGBA_8888 |   0.0    0.0   67.0 1280.0 |  653    0  720 1280 | com.example.batterymanager_utility/c[...]atterymanager_utility.MainActivity#0
06-12 14:29:39.382  3446  3446 I SurfaceFlinger:      Device | 0x7569824f00 | 0000 | RGBA_8888 |   0.0    0.0  720.0   42.0 |    0    0  720   42 | StatusBar#0
06-12 14:29:39.382  3446  3446 I SurfaceFlinger: 
06-12 14:29:39.398  5301  5445 D MdnieScenarioControlService:  packageName : com.example.batterymanager_utility    className : com.example.batterymanager_utility.MainActivity
06-12 14:29:39.399  5301  5445 V MdnieScenarioControlService: setUIMode from UI function(3)
06-12 14:29:39.572  6313  6313 D io_stats: !@ 179,0 r 1084152 35555124 w 766457 16077856 d 42243 8811240 f 244726 248191 iot 875432 749680 th 51200 0 0 pt 0 inp 0 0 93494.421
06-12 14:29:39.732  3446  3446 I SurfaceFlinger: Display 0 HWC layers:
06-12 14:29:39.732  3446  3446 I SurfaceFlinger:     type    |    handle    | flag |  format   |   source crop (l,t,r,b)    |         frame       | name 
06-12 14:29:39.732  3446  3446 I SurfaceFlinger: ------------+--------------+------+-----------+----------------------------+---------------------+------
06-12 14:29:39.732  3446  3446 I SurfaceFlinger:      Device | 0x756359f800 | 0002 | RGBA_8888 |   0.0    0.0  720.0 1280.0 |    0    0  720 1280 | com.example.batterymanager_utility/c[...]atterymanager_utility.MainActivity#0
06-12 14:29:39.732  3446  3446 I SurfaceFlinger:      Device | 0x7569824f00 | 0000 | RGBA_8888 |   0.0    0.0  720.0   42.0 |    0    0  720   42 | StatusBar#0
06-12 14:29:39.732  3446  3446 I SurfaceFlinger: 
06-12 14:29:39.747  5301  5410 I WindowManager: Destroying surface Surface(name=com.example.batterymanager_utility/com.example.batterymanager_utility.MainActivity_dim) called by com.android.server.wm.WindowStateAnimator.destroyTransitionDimSurface:2733 com.android.server.wm.WindowState.onExitAnimationDone:5243 com.android.server.wm.AppWindowAnimator.stepAnimationLocked:508 com.android.server.wm.AppWindowToken.stepAppWindowsAnimation:1659 com.android.server.wm.WindowContainer.stepAppWindowsAnimation:521 com.android.server.wm.WindowContainer.stepAppWindowsAnimation:521 com.android.server.wm.TaskStack.stepAppWindowsAnimation:1948 com.android.server.wm.WindowContainer.stepAppWindowsAnimation:521 
06-12 14:29:39.747  3446  3891 I SurfaceFlinger: id=2944 Removed com.example.batterymanager_utility/com.example.batterymanager_utility.MainActivity_dim#0 (1/5)
06-12 14:29:39.748  3446  3553 I SurfaceFlinger: id=2944 Removed com.example.batterymanager_utility/com.example.batterymanager_utility.MainActivity_dim#0 (-2/5)
06-12 14:29:39.749  5301  5346 D CustomFrequencyManagerService: releaseDVFSLockLocked : Getting Lock type frm List : DVFS_MIN_LIMIT  frequency : 1560000  uid : 1000  pid : 5301  tag : AMS_ACT_RESUME@CPU_MIN@8
06-12 14:29:39.749  5301  5346 D ActivityManagerPerformance: AMP_release() ACT_RESUME
06-12 14:29:39.763  3446  3446 I Layer   : id=2944 onRemoved com.example.batterymanager_utility/com.example.batterymanager_utility.MainActivity_dim#0 
06-12 14:29:41.072  5301  5821 E Watchdog: !@Sync 3114 [2023-06-12 14:29:41.072]
06-12 14:29:41.228  5301  5301 D PreBindingService: handleMessage : 1
06-12 14:29:41.716  3435  3435 I android.hardware.wifi@1.0-service: getLinkLayerStats
06-12 14:29:41.731  6943  6996 D ContactsProvider_EventLog: contents_sample_state: [CONTACT contacts(0) data(0) accounts({}) accounts deleted({}) calls([]) countryIso(NL) userId(0)  ]
06-12 14:29:41.731  6943  6996 D ContactsProvider_EventLog: contents_sample_state: [ agr({})  ]
06-12 14:29:41.731  6943  6996 D ContactsProvider_EventLog: contents_sample_state: [ actCnt({android.process.acore(6943)=1})  ]
06-12 14:29:41.731  6943  6996 D ContactsProvider_EventLog: contents_sample_state: [PROFILE contacts(0) data(0) accounts({})  ]
06-12 14:29:41.731  6943  6996 D ContactsProvider_EventLog: contents_sample_state: [SAPROFILE contacts(1) data(2) accounts({vnd.sec.contact.phone (1)=1})  ]
06-12 14:29:41.736  6943  6996 E ContactsProvider_EventLog: Flush buffer to file cnt : 1 size : 0Kb duration : 3ms lastUpdatedAfter : 60044 ms mFlush_time_threasold : 2000 mCurrentSize : 437
06-12 14:29:42.348 10820 10820 E adbd    : recv: OPEN 00002cef 00000000 0042:73 68 65 6C 6C 2C 76 32 2C 54 45 52 4D 3D 78 74 65 72 6D 2D 32 35 36 63 6F 6C 6F 72 2C 72 61 77 3A 67 65 74 70 72 6F 70 20 72 6F 2E 62 75 69 6C 64 2E 76 65 72 73 69 6F 6E 2E 72 65 6C 65 61 73 65 00 
06-12 14:29:42.349 10820 10820 E adbd    : service_to_fd: shell,v2,TERM=xterm-256color,raw:getprop ro.build.version.release
06-12 14:29:42.420 10820 10820 E adbd    : recv: OPEN 00002cf2 00000000 003e:73 68 65 6C 6C 2C 76 32 2C 54 45 52 4D 3D 78 74 65 72 6D 2D 32 35 36 63 6F 6C 6F 72 2C 72 61 77 3A 67 65 74 70 72 6F 70 20 72 6F 2E 62 75 69 6C 64 2E 76 65 72 73 69 6F 6E 2E 73 64 6B 00 
06-12 14:29:42.420 10820 10820 E adbd    : service_to_fd: shell,v2,TERM=xterm-256color,raw:getprop ro.build.version.sdk
06-12 14:29:42.472 10820 10820 E adbd    : recv: OPEN 00002cf5 00000000 0052:73 68 65 6C 6C 2C 76 32 2C 54 45 52 4D 3D 78 74 65 72 6D 2D 32 35 36 63 6F 6C 6F 72 2C 72 61 77 3A 61 6D 20 66 6F 72 63 65 2D 73 74 6F 70 20 63 6F 6D 2E 65 78 61 6D 70 6C 65 2E 62 61 74 74 65 72 79 6D 61 6E 61 67 65 72 5F 75 74 69 6C 69 74 79 00 
06-12 14:29:42.472 10820 10820 E adbd    : service_to_fd: shell,v2,TERM=xterm-256color,raw:am force-stop com.example.batterymanager_utility
06-12 14:29:42.545  5301  8000 I ActivityManager: Force stopping com.example.batterymanager_utility appid=10186 user=0: from pid 20078
06-12 14:29:42.546  5301  8000 I ActivityManager: Killing 19927:com.example.batterymanager_utility/u0a186 (adj 0): stop com.example.batterymanager_utility,from pid 20078
06-12 14:29:42.547  5301  8000 W ActivityManager: Force removing ActivityRecord{8b2a639 u0 com.example.batterymanager_utility/.MainActivity t762}: app died, no saved state
06-12 14:29:42.554  5301  8000 D InputDispatcher: Focus left window: 19927
06-12 14:29:42.556  5301  8000 I WindowManager: Failed to capture screenshot of Token{bcc547e ActivityRecord{8b2a639 u0 com.example.batterymanager_utility/.MainActivity t762 f}} appWin=Window{c9cfc48 u0 com.example.batterymanager_utility/com.example.batterymanager_utility.MainActivity} drawState=4
06-12 14:29:42.556  5301  8000 D TaskSnapshotCache: removeRunningEntry taskId=762 RunningCache size=0
06-12 14:29:42.556  5301  8000 I WindowManager: Destroying surface Surface(name=com.example.batterymanager_utility/com.example.batterymanager_utility.MainActivity) called by com.android.server.wm.WindowStateAnimator.destroySurface:2501 com.android.server.wm.WindowStateAnimator.destroySurfaceLocked:985 com.android.server.wm.WindowState.removeImmediately:2403 com.android.server.wm.WindowState.removeIfPossible:2602 com.android.server.wm.WindowState.removeIfPossible:2432 com.android.server.wm.WindowToken.removeAllWindowsIfPossible:143 com.android.server.wm.AppWindowToken.removeIfPossible:606 com.android.server.wm.AppWindowToken.onRemovedFromDisplay:674 
06-12 14:29:42.557  3446  3891 I SurfaceFlinger: id=2943 Removed com.example.batterymanager_utility/com.example.batterymanager_utility.MainActivity#0 (1/4)
06-12 14:29:42.557  3446  3891 I SurfaceFlinger: id=2943 Removed com.example.batterymanager_utility/com.example.batterymanager_utility.MainActivity#0 (-2/4)
06-12 14:29:42.561  5301  8000 D InputDispatcher: Focused application released
06-12 14:29:42.562  5301  8000 W MultiScreenManagerService: moveTaskBackToDisplayIfNeeded(): root activity or app is null, task=TaskRecord{117408fd0 #762 A=com.example.batterymanager_utility U=0 StackId=1 sz=0}, rootActivity=null
06-12 14:29:42.562  5301  5301 D MdnieScenarioControlService: Listener Real Multi Window State : true
06-12 14:29:42.565  3446  3446 I Layer   : id=2943 onRemoved com.example.batterymanager_utility/com.example.batterymanager_utility.MainActivity#0 
06-12 14:29:42.569  3446  3446 I SurfaceFlinger: Display 0 HWC layers:
06-12 14:29:42.569  3446  3446 I SurfaceFlinger:     type    |    handle    | flag |  format   |   source crop (l,t,r,b)    |         frame       | name 
06-12 14:29:42.569  3446  3446 I SurfaceFlinger: ------------+--------------+------+-----------+----------------------------+---------------------+------
06-12 14:29:42.569  3446  3446 I SurfaceFlinger:      Device | 0x7569824f00 | 0000 | RGBA_8888 |   0.0    0.0  720.0   42.0 |    0    0  720   42 | StatusBar#0
06-12 14:29:42.569  3446  3446 I SurfaceFlinger: 
06-12 14:29:42.573  3446  3891 I SurfaceFlinger: id=2941 Removed animation background stackId=1#0 (2/3)
06-12 14:29:42.574  3446  3891 I SurfaceFlinger: id=2941 Removed animation background stackId=1#0 (-2/3)
06-12 14:29:42.578  5301  8000 D CustomFrequencyManagerService: acquireDVFSLockLocked : type : DVFS_MIN_LIMIT  frequency : 1560000  uid : 1000  pid : 5301  pkgName : AMS_APP_HOME@CPU_MIN@75
06-12 14:29:42.580  5301  8000 D ActivityManagerPerformance: AMP_acquire() HOME
06-12 14:29:42.580  5301  8000 D PersonaManagerService: Current focused persona service handled id set to : 0
06-12 14:29:42.581  5301  8000 D InputDispatcher: Focused application set to: xxxx
06-12 14:29:42.582  3446  3446 I Layer   : id=2941 onRemoved animation background stackId=1#0 
06-12 14:29:42.583  5301  8000 V WindowManager: rotationForOrientationLw(orient=5, last=0); user=0  sensorRotation=-1 mLidState=-1 mDockMode=0 mHdmiPlugged=false
06-12 14:29:42.585  5301  5541 D GameManagerService: handleForegroundChange(). pkgName: com.sec.android.app.launcher, clsName: com.android.launcher3.Launcher,FgActivityName:com.sec.android.app.launcher/com.android.launcher3.Launcher
06-12 14:29:42.585  5301  8000 D MARsPolicyManager: onPackageResumedFG pkgName = com.sec.android.app.launcher, userId = 0
06-12 14:29:42.585  5301  5541 D GameManagerService: sem_perfomance_mode: 3
06-12 14:29:42.585  5301  5541 D GameManagerService: notifyResumePause(). pkg: com.sec.android.app.launcher, type: 4, isMinimized: false, isTunableApp: false
06-12 14:29:42.585  5301  5541 D GameManagerService:   notifyResumePause(). unexpected mPrevNotiType: -1
06-12 14:29:42.592  5301  5301 D SamsungAlarmManager: Remove alarm for next reason : android.intent.action.PACKAGE_RESTARTED : package: com.example.batterymanager_utility
06-12 14:29:42.594  5301  5337 W BroadcastQueue: Background execution not allowed: receiving Intent { act=android.intent.action.PACKAGE_RESTARTED dat=package:com.example.batterymanager_utility flg=0x10 (has extras) } to android/com.kddi.android.CpaNotiReceiver
06-12 14:29:42.594  6026  6026 D CarrierSvcBindHelper: No carrier app for: 0
06-12 14:29:42.595  6026  6026 D CarrierSvcBindHelper: No carrier app for: 1
06-12 14:29:42.595  5301  5337 W BroadcastQueue: Background execution not allowed: receiving Intent { act=android.intent.action.PACKAGE_RESTARTED dat=package:com.example.batterymanager_utility flg=0x10 (has extras) } to com.sec.android.daemonapp/com.samsung.android.weather.daemon.receiver.ClearDataReceiver
06-12 14:29:42.598  5301  8272 D GamePkgDataHelper: getGamePkgDataIncServer(). com.sec.android.app.launcher
06-12 14:29:42.598  5301  8272 D GamePkgDataHelper: getSosPolicy(). com.sec.android.app.launcher
06-12 14:29:42.599  5301  8272 D GameManagerService: identifyGamePackage. com.sec.android.app.launcher
06-12 14:29:42.599  5301  8272 D GamePkgDataHelper: getGamePkgData(). com.sec.android.app.launcher
06-12 14:29:42.600  5301  8272 D GameManagerService: identifyGamePackage. com.sec.android.app.launcher
06-12 14:29:42.600  6546  6546 I Launcher: onWindowVisibilityChanged : false
06-12 14:29:42.600  5301  8272 D GamePkgDataHelper: getGamePkgData(). com.sec.android.app.launcher
06-12 14:29:42.601  5301  8272 D GameManagerService: identifyGamePackage. com.sec.android.app.launcher
06-12 14:29:42.601  5301  8000 V WindowManager: Relayout Window{927cc16 u0 com.sec.android.app.launcher/com.sec.android.app.launcher.activities.LauncherActivity}: viewVisibility=4 req=720x1280 WM.LayoutParams{(0,0)(fillxfill) sim=#130 ty=1 fl=#81910d00 pfl=0x20000 fmt=-2 wanim=0x10302ea vsysui=0x700 needsMenuKey=2 colorMode=0 naviIconColor=0}
06-12 14:29:42.601  5301  8272 D GamePkgDataHelper: getGamePkgData(). com.sec.android.app.launcher
06-12 14:29:42.601  5301  8272 D GameManagerService: identifyGamePackage. com.sec.android.app.launcher
06-12 14:29:42.601  5301  8272 D GamePkgDataHelper: getGamePkgData(). com.sec.android.app.launcher
06-12 14:29:42.603  6546  6546 D ViewRootImpl@3f4789e[LauncherActivity]: Relayout returned: old=[0,0][720,1280] new=[0,0][720,1280] result=0x1 surface={valid=false 0} changed=false
06-12 14:29:42.604  6546  6546 D HomeContainer: setAlpha : 1.0
06-12 14:29:42.604  6546  6546 V Launcher: Launcher.onResume()
06-12 14:29:42.608 10820 10820 E adbd    : recv: OPEN 00002cf8 00000000 0042:73 68 65 6C 6C 2C 76 32 2C 54 45 52 4D 3D 78 74 65 72 6D 2D 32 35 36 63 6F 6C 6F 72 2C 72 61 77 3A 67 65 74 70 72 6F 70 20 72 6F 2E 62 75 69 6C 64 2E 76 65 72 73 69 6F 6E 2E 72 65 6C 65 61 73 65 00 
06-12 14:29:42.608 10820 10820 E adbd    : service_to_fd: shell,v2,TERM=xterm-256color,raw:getprop ro.build.version.release
06-12 14:29:42.610  6546  6546 D ExternalMethodQueue: Getting and clearing EXTERNAL_METHOD_LIST: null
06-12 14:29:42.611  6546  6595 I LauncherAppWidgetInfo: reinflateWidgetsIfNecessary, Not required: AppWidget(id=2)
06-12 14:29:42.611  6546  6595 I LauncherAppWidgetInfo: reinflateWidgetsIfNecessary, Not required: AppWidget(id=3)
06-12 14:29:42.611  6546  6546 D Launcher: setHotWordDetection : call requestHotWordDetection true
06-12 14:29:42.611  6546  6546 D NotificationHelpTip: last [1635343296], diff [51229686], count [2]
06-12 14:29:42.613  6789  6789 I GsaVoiceInteractionSrv: Handling ACTION_START_HOTWORD
06-12 14:29:42.613  6789  6836 I GsaVoiceInteractionSrv: (REDACTED) disregardHotwordSetting: %b
06-12 14:29:42.614  6789  6836 I GsaVoiceInteractionSrv: Cannot start hotword, hotword has been explicitly disabled.
06-12 14:29:42.617  6546  6546 D Launcher.HomeController: onResume HomeContainer current alpha = 1.0
06-12 14:29:42.617  6546  6546 D AppsCustomAdapter: notifyUpdate : com.android.launcher3.Launcher@8569425
06-12 14:29:42.617  6546  6546 D AppsDragController: needDeferToBind : true , false
06-12 14:29:42.617  6546  6546 D Notification.Badge: App icon badges are disabled
06-12 14:29:42.618  5301  5346 W ActivityManager: setHasOverlayUi called on unknown pid: 19927
06-12 14:29:42.618  5676  5676 D InputEventReceiver: channel 'ClientState{74ef41d uid 10186 pid 19927} (client)' ~ Disposing input event receiver.
06-12 14:29:42.618  6546  6595 D Notification.Badge: LauncherModel:onNotificationFullRefresh() : [0], IconType : [-1]
06-12 14:29:42.618  5676  5676 D InputEventReceiver: channel 'ClientState{74ef41d uid 10186 pid 19927} (client)' ~NativeInputEventReceiver.
06-12 14:29:42.620  5301  5312 D ActivityManager: post active user change for 0 fullscreen true isHomeActivity() true
06-12 14:29:42.620  5301  5312 I WallpaperManagerService: switchPersonaWallpaper is called for personaId-0
06-12 14:29:42.620  5301  5301 D WallpaperManagerService:  force update = false; persona id = 0; current user =0; current persona = 0
06-12 14:29:42.621  6546  6546 I Launcher: onWindowVisibilityChanged : true
06-12 14:29:42.622  5301  5312 V WindowManager: Relayout Window{927cc16 u0 com.sec.android.app.launcher/com.sec.android.app.launcher.activities.LauncherActivity}: viewVisibility=0 req=720x1280 WM.LayoutParams{(0,0)(fillxfill) sim=#130 ty=1 fl=#81910d00 pfl=0x20000 fmt=-2 wanim=0x10302ea vsysui=0x700 needsMenuKey=2 colorMode=0 naviIconColor=0}
06-12 14:29:42.622  3446  3446 I SurfaceFlinger: id=2945 createSurf (720x1280),1 flag=4, com.sec.android.app.launcher/com.sec.android.app.launcher.activities.LauncherActivity#0
06-12 14:29:42.624  5301  5312 V Surface : sf_framedrop debug : 0x4f4c, game : false, logging : 0
06-12 14:29:42.624  5301  5338 D WindowManager: set systemUiVisibility : systemUiFlags= 0x708 fullscreenStackSysUiFlags= 0x0
06-12 14:29:42.627  5301  5312 D InputDispatcher: Focus entered window: 6546
06-12 14:29:42.627  5301  5744 D WindowManager: adjustSystemUiVisibilityLw : vis= 0x708
06-12 14:29:42.627  6546  6546 V Surface : sf_framedrop debug : 0x4f4c, game : false, logging : 0
06-12 14:29:42.628  6546  6546 D ViewRootImpl@3f4789e[LauncherActivity]: Relayout returned: old=[0,0][720,1280] new=[0,0][720,1280] result=0x7 surface={valid=true 511867981824} changed=true
06-12 14:29:42.632  6546  6671 D mali_winsys: EGLint new_window_surface(egl_winsys_display *, void *, EGLSurface, EGLConfig, egl_winsys_surface **, egl_color_buffer_format *, EGLBoolean) returns 0x3000,  [720x1280]-format:1
06-12 14:29:42.633  6546  6671 D OpenGLRenderer: eglCreateWindowSurface = 0x77268160c0
06-12 14:29:42.633  6546  6546 D AppsAdapter: notifyUpdate start : com.android.launcher3.Launcher@8569425
06-12 14:29:42.633  6546  6546 D AppsCustomAdapter: no change items
06-12 14:29:42.633  6546  6546 D AppsAdapter: notifyUpdate end : com.android.launcher3.Launcher@8569425
06-12 14:29:42.633  6546  6546 D ViewRootImpl@3f4789e[LauncherActivity]: MSG_WINDOW_FOCUS_CHANGED 1
06-12 14:29:42.635  6546  6546 V InputMethodManager: Starting input: tba=android.view.inputmethod.EditorInfo@ce5f5ef nm : com.sec.android.app.launcher ic=null
06-12 14:29:42.636  6546  6546 I InputMethodManager: startInputInner - mService.startInputOrWindowGainedFocus
06-12 14:29:42.636  5301  5744 D InputMethodManagerService: startInputOrWindowGainedFocus : windowGainedFocus 
06-12 14:29:42.636  5301  5744 D InputMethodManagerService: windowGainedFocus: destinationUserId (getCallingUid) = 0
06-12 14:29:42.636  5301  5744 D InputMethodManagerService: windowGainedFocus: currentUserId=0
06-12 14:29:42.636  5301  5744 D InputMethodManagerService: windowGainedFocus: mCurrentFocusedUserId=0
06-12 14:29:42.636  5301  5744 D InputMethodManagerService: windowGainedFocus : lock - currentUserId = 0 destinationUserId = 0
06-12 14:29:42.636  5301  5744 D InputMethodManagerService: windowGainedFocus : mCurrentFocusedUserId - 0 and mSecureKeypadEnabled - false, userSwitched - false
06-12 14:29:42.636  5301  5744 V InputMethodManagerService: windowGainedFocus : reason=WINDOW_FOCUS_GAIN client=android.os.BinderProxy@9fe65d8 inputContext=null missingMethods= attribute=android.view.inputmethod.EditorInfo@5d4e702 nm = com.sec.android.app.launcher controlFlags=#104 softInputMode=#130 windowFlags=#81910d00
06-12 14:29:42.636  5301  5744 V InputMethodManagerService: hideCurrentInputLocked : shouldHideSoftInput is false
06-12 14:29:42.636  5301  5744 D InputMethodManagerService: setCurrentInputInfo - inputContext : null eidtorInfo : android.view.inputmethod.EditorInfo@5d4e702 missingMethods : 0
06-12 14:29:42.637  5676  5676 I InputMethodWrapper:  call dispatchStartInputWithToken
06-12 14:29:42.637  5676  5676 I InputMethodService: dispatchStartInputWithToken
06-12 14:29:42.637  5676  5676 I SKBD    : SamsungKeypad [IMI] onStartInput - caller pid : 19975, caller uid : 10219
06-12 14:29:42.649  6546  6546 D DragLayer: DragLayer dispatchDraw, mIsNaviBarPositionChanged = false, mWillOrientationChange = false
06-12 14:29:42.654  5689  6207 D SystemServicesProxy: updateOverviewLastStackActiveTimeAsync: newTime=1686571712398
06-12 14:29:42.654  5301  5312 D SecContentProvider: query(), uri = 17 selection = isSettingsChangesAllowed
06-12 14:29:42.655  5301  5312 D SecContentProvider: called from android.uid.systemui:10008
06-12 14:29:42.655 10820 10820 E adbd    : recv: OPEN 00002cfb 00000000 003e:73 68 65 6C 6C 2C 76 32 2C 54 45 52 4D 3D 78 74 65 72 6D 2D 32 35 36 63 6F 6C 6F 72 2C 72 61 77 3A 67 65 74 70 72 6F 70 20 72 6F 2E 62 75 69 6C 64 2E 76 65 72 73 69 6F 6E 2E 73 64 6B 00 
06-12 14:29:42.656 10820 10820 E adbd    : service_to_fd: shell,v2,TERM=xterm-256color,raw:getprop ro.build.version.sdk
06-12 14:29:42.656  5689  5835 D SystemServicesProxy: updateOverviewLastStackActiveTimeAsync: done.
06-12 14:29:42.657  5301  5744 D PackageManager: getComponentMetadataForIconTray : com.example.batterymanager_utility.MainActivity does not exist in mServices
06-12 14:29:42.657  5301  5744 D PackageManager: getComponentMetadataForIconTray : com.example.batterymanager_utility.MainActivity does not exist in mProviders
06-12 14:29:42.657  5301  5744 D PackageManager: getComponentMetadataForIconTray : com.example.batterymanager_utility.MainActivity does not exist in mReceivers
06-12 14:29:42.658  5689  6207 D ApplicationPackageManager: updateItemMetaDataForFixedIconScale: package: com.example.batterymanager_utility
06-12 14:29:42.658  5301  5744 D PackageManager: getSelectedMetaData : packageName(com.example.batterymanager_utility) or Metadata strings {[Ljava.lang.String;@e6a0a50}
06-12 14:29:42.658  5689  6207 I ApplicationPackageManager: load=com.example.batterymanager_utility, bg=144-144, dr=189-189, forDefault=true, density=0
06-12 14:29:42.661  5301  5744 V WindowManager: finishDrawingLocked: mDrawState=COMMIT_DRAW_PENDING Window{927cc16 u0 com.sec.android.app.launcher/com.sec.android.app.launcher.activities.LauncherActivity} in Surface(name=com.sec.android.app.launcher/com.sec.android.app.launcher.activities.LauncherActivity)
06-12 14:29:42.662  5689  6207 I ApplicationPackageManager: scaled rate=0.72, size=189, alpha=54, hold=102
06-12 14:29:42.662  5689  6207 D ApplicationPackageManager: iconScale: getScale(): 0.72 getAlpha(): 54
06-12 14:29:42.662  5689  5705 D WallpaperService: dispatchAppVisibility onVisibilityChanged(): true
06-12 14:29:42.662  5689  5689 D ImageWallpaper: onOffsetsChanged: xOffset=0.0, yOffset=0.0, xOffsetStep=0.0, yOffsetStep=0.0, xPixels=0, yPixels=0
06-12 14:29:42.663  5689  5689 D ImageWallpaper: newRotation : 0,mLastRotation : 0
06-12 14:29:42.663  5689  5689 D ImageWallpaper: drawFrame:[frame.width()]1280[frame.height()]1280
06-12 14:29:42.663  5689  5689 D ImageWallpaper: surfaceDimensionsChanged=false mDisplayWidth=720 mDisplayHeight=1280
06-12 14:29:42.663  5689  6207 I ApplicationPackageManager: load=com.example.batterymanager_utility-contain, bg=112-112, dr=189-189
06-12 14:29:42.663  5689  5689 D ImageWallpaper: redrawNeeded = false, mOffsetsChanged = false
06-12 14:29:42.663  5689  5689 D ImageWallpaper: Suppressed drawFrame since redraw is not needed and offsets have not changed.
06-12 14:29:42.663  5689  5689 D WallpaperService: updateSurface forceRelayout=false redrawNeeded=false myWidth=1280 myHeight=1280 fixedSize=true x = 0 y = 0 mWidth=1280 mHeight=1280 mIsSleepMode=false
06-12 14:29:42.663  5689  5689 D ImageWallpaper: onVisibilityChanged: mVisible, visible=false, true
06-12 14:29:42.663  5689  5689 D ImageWallpaper: Visibility changed to visible=true
06-12 14:29:42.664  5689  5689 D ImageWallpaper: newRotation : 0,mLastRotation : 0
06-12 14:29:42.664  5689  5689 D ImageWallpaper: drawFrame:[frame.width()]1280[frame.height()]1280
06-12 14:29:42.664  5689  5689 D ImageWallpaper: surfaceDimensionsChanged=false mDisplayWidth=720 mDisplayHeight=1280
06-12 14:29:42.664  5689  5689 D ImageWallpaper: redrawNeeded = false, mOffsetsChanged = false
06-12 14:29:42.664  5689  5689 D ImageWallpaper: Suppressed drawFrame since redraw is not needed and offsets have not changed.
06-12 14:29:42.664  5689  5689 D WallpaperService: reportVisibility onVisibilityChanged visible: true
06-12 14:29:42.664  5301  5410 D SamsungAnimationCreator: createAnimation type:LowEnd transit:13 enter:false wallpaperXoffset:-280 split:false fixedOri:false
06-12 14:29:42.664  5301  5410 D SamsungAnimationCreator: createAnimation displayFrame:Rect(0, 0 - 720, 1280) frame:null insets:null
06-12 14:29:42.666  5689  5689 D WallpaperService: updateSurface forceRelayout=true redrawNeeded=false myWidth=1280 myHeight=1280 fixedSize=true x = 0 y = 0 mWidth=1280 mHeight=1280 mIsSleepMode=false
06-12 14:29:42.670  5301  5312 V WindowManager: Relayout Window{284921e u0 com.android.systemui.ImageWallpaper}: viewVisibility=0 req=1280x1280 WM.LayoutParams{(0,0)(1280x1280) gr=#800033 ty=2013 fl=#10318 fmt=2 wanim=0x103030e colorMode=0 naviIconColor=0}
06-12 14:29:42.677  5689  5689 D ImageWallpaper: onOffsetsChanged: xOffset=0.0, yOffset=0.0, xOffsetStep=0.0, yOffsetStep=0.0, xPixels=0, yPixels=0
06-12 14:29:42.679  5689  5689 D ImageWallpaper: newRotation : 0,mLastRotation : 0
06-12 14:29:42.679  5689  5689 D ImageWallpaper: drawFrame:[frame.width()]1280[frame.height()]1280
06-12 14:29:42.680  5689  5689 D ImageWallpaper: surfaceDimensionsChanged=false mDisplayWidth=720 mDisplayHeight=1280
06-12 14:29:42.680  5689  5689 D ImageWallpaper: redrawNeeded = false, mOffsetsChanged = false
06-12 14:29:42.680  5689  5689 D ImageWallpaper: Suppressed drawFrame since redraw is not needed and offsets have not changed.
06-12 14:29:42.687  3446  3446 I SurfaceFlinger: Display 0 HWC layers:
06-12 14:29:42.687  3446  3446 I SurfaceFlinger:     type    |    handle    | flag |  format   |   source crop (l,t,r,b)    |         frame       | name 
06-12 14:29:42.687  3446  3446 I SurfaceFlinger: ------------+--------------+------+-----------+----------------------------+---------------------+------
06-12 14:29:42.687  3446  3446 I SurfaceFlinger:      Device | 0x7569824a80 | 0002 | RGBx_8888 | 280.0    0.0 1000.0 1280.0 |    0    0  720 1280 | com.android.systemui.ImageWallpaper#0
06-12 14:29:42.687  3446  3446 I SurfaceFlinger:      Device | 0x756359fa40 | 0000 | RGBA_8888 | 120.0  213.0  601.0 1068.0 |    1    1  720 1280 | com.sec.android.app.launcher/com.sec[...]uncher.activities.LauncherActivity#0
06-12 14:29:42.687  3446  3446 I SurfaceFlinger:      Device | 0x7569824f00 | 0000 | RGBA_8888 |   0.0    0.0  720.0   42.0 |    0    0  720   42 | StatusBar#0
06-12 14:29:42.687  3446  3446 I SurfaceFlinger: 
06-12 14:29:42.728  5301  5445 D MdnieScenarioControlService:  packageName : com.sec.android.app.launcher    className : com.sec.android.app.launcher.activities.LauncherActivity
06-12 14:29:42.728  5301  5445 V MdnieScenarioControlService: setUIMode from UI function(3)
06-12 14:29:43.081  5301  5301 D CustomFrequencyManagerService: releaseDVFSLockLocked : Getting Lock type frm List : DVFS_MIN_LIMIT  frequency : 1560000  uid : 1000  pid : 5301  tag : AMS_APP_HOME@CPU_MIN@75
06-12 14:29:43.169  6546  6671 W OpenGLRenderer: Incorrectly called buildLayer on View: WorkspaceCellLayoutChildren, destroying layer...
06-12 14:29:43.169  6546  6671 W OpenGLRenderer: Incorrectly called buildLayer on View: WorkspaceCellLayoutChildren, destroying layer...
06-12 14:29:43.939  5301  5345 W StorageManager: getStorageFullBytes DEFAULT_FULL_THRESHOLD_BYTES : 20971520, threadhold : 20971520
06-12 14:29:43.940  5301  5345 W StorageManager: getStorageLowBytes lowPercent : 5, lowBytes : 1260145254, maxLowBytes : 524288000
06-12 14:29:43.941  5301  5345 W DeviceStorageMonitorService: updateBroadcasts(/data) oldLevel:0, newLevel:0, seq:1
06-12 14:29:43.942  5301  5345 W DeviceStorageMonitorService: updateBroadcasts_filenode(/data) fn_oldLevel:0, fn_newLevel:0, seq:1
06-12 14:29:44.550 15005 15005 D HealthDataStore: Trying to connect with Health Service fails (error code: 5)
06-12 14:29:44.550  5301  5301 D PreBindingService: handleMessage : 1
06-12 14:29:44.565 15005 20085 D HealthDataStore: Service for HealthDataStore is connected
06-12 14:29:44.571 15005 20085 D HealthDataStore: Waiting for initialization of Health framework ...
06-12 14:29:44.576  6313  6313 D io_stats: !@ 179,0 r 1084152 35555124 w 766506 16078536 d 42251 8811488 f 244731 248196 iot 875468 749709 th 51200 0 0 pt 0 inp 0 0 93499.424
06-12 14:29:44.725  3435  3435 I android.hardware.wifi@1.0-service: getLinkLayerStats
06-12 14:29:46.893  5301  8272 D SSRM:k  : SIOP:: AP = 340, PST = 347 (W:30), BAT = 338, USB = 0, CHG = 0
06-12 14:29:47.734  3435  3435 I android.hardware.wifi@1.0-service: getLinkLayerStats
06-12 14:29:47.774 10820 10820 E adbd    : recv: OPEN 00002cfe 00000000 003e:73 68 65 6C 6C 2C 76 32 2C 54 45 52 4D 3D 78 74 65 72 6D 2D 32 35 36 63 6F 6C 6F 72 2C 72 61 77 3A 67 65 74 70 72 6F 70 20 72 6F 2E 62 75 69 6C 64 2E 76 65 72 73 69 6F 6E 2E 73 64 6B 00 
06-12 14:29:47.774 10820 10820 E adbd    : service_to_fd: shell,v2,TERM=xterm-256color,raw:getprop ro.build.version.sdk
06-12 14:29:47.838 10820 10820 E adbd    : recv: OPEN 00002d01 00000000 0045:73 68 65 6C 6C 2C 76 32 2C 54 45 52 4D 3D 78 74 65 72 6D 2D 32 35 36 63 6F 6C 6F 72 2C 72 61 77 3A 6C 6F 67 63 61 74 20 2D 66 20 2F 6D 6E 74 2F 73 64 63 61 72 64 2F 6C 6F 67 63 61 74 2E 74 78 74 20 2D 64 00 
06-12 14:29:47.838 10820 10820 E adbd    : service_to_fd: shell,v2,TERM=xterm-256color,raw:logcat -f /mnt/sdcard/logcat.txt -d
