07-03 16:42:53.259   756   781 W ProcessCpuTracker: Skipping unknown process pid 32658
07-03 16:42:53.260   567 11598 E msm8974_platform: ramp_speaker_gain: Could not get ctl for mixer cmd - Left Speaker Gain or Right Speaker Gain, not applying speaker gain ramp
07-03 16:42:53.260   567 11598 D audio_hw_primary: out_write: retry previous failed cal level set
07-03 16:42:53.261   567 11598 W msm8974_platform: platform_send_gain_dep_cal: Usecase list is empty
07-03 16:42:53.263   584  1626 I OMX-VDEC-1080P: Enabling default extradata for OMX.qcom.video.decoder.avc
07-03 16:42:53.264 13208 13351 I SP      : Registering content_cache.2023013013, url: https://www.gstatic.com/android/keyboard/modelpack/contentcache/202301301334/superpacks_manifest.json, constraints: W:*:*:*, flags: bg, requested: 2023013013, current: 2023013013
07-03 16:42:53.267   584  1626 I OMX-VDEC-1080P: omx_vdec::component_init() success : fd=17
07-03 16:42:53.270   575 32641 D SurfaceUtils: disconnecting from surface 0xee155808, reason onConfigure
07-03 16:42:53.270   575 32642 D SurfaceUtils: connecting to surface 0xee155808, reason connectToSurface
07-03 16:42:53.272   575 32642 I MediaCodec: [OMX.qcom.video.decoder.avc] setting surface generation to 588818
07-03 16:42:53.272   575 32642 D SurfaceUtils: disconnecting from surface 0xee155808, reason connectToSurface(reconnect)
07-03 16:42:53.272   575 32642 D SurfaceUtils: connecting to surface 0xee155808, reason connectToSurface(reconnect)
07-03 16:42:53.276   584 29961 E OMX-VDEC-1080P: Enable/Disable allocate-native-handle allowed only on input port!
07-03 16:42:53.276   584 29961 E OMX-VDEC-1080P: set_parameter: Error: 0x80001019, setting param 0x7f000045
07-03 16:42:53.276   584 29961 E OMXNodeInstance: setParameter(0xee757d44:qcom.decoder.avc, OMX.google.android.index.allocateNativeHandle(0x7f000045): Output:1 en=0) ERROR: UnsupportedSetting(0x80001019)
07-03 16:42:53.276   584 29961 E OMX-VDEC-1080P: Extension: OMX.google.android.index.storeANWBufferInMetadata not implemented
07-03 16:42:53.283   584  1626 E OMX-VDEC-1080P: Extension: OMX.google.android.index.describeColorAspects not implemented
07-03 16:42:53.284   584  1337 E OMX-VDEC-1080P: Extension: OMX.google.android.index.describeHDRStaticInfo not implemented
07-03 16:42:53.285   584   584 E OMX-VDEC-1080P: Extension: OMX.google.android.index.storeANWBufferInMetadata not implemented
07-03 16:42:53.285   584   584 E OMX-VDEC-1080P: Extension: OMX.google.android.index.configureVideoTunnelMode not implemented
07-03 16:42:53.286   584   584 E OMX-VDEC-1080P: Extension: OMX.google.android.index.useAndroidNativeBuffer is supported
07-03 16:42:53.286   584   584 E OMX-VDEC-1080P: get_config: unknown param 1863319556
07-03 16:42:53.286   584   584 E OMXNodeInstance: getConfig(0xee757d44:qcom.decoder.avc, ConfigAndroidVendorExtension(0x6f100004)) ERROR: BadParameter(0x80001005)
07-03 16:42:53.287   575 32642 I MediaCodec: MediaCodec will operate in async mode
07-03 16:42:53.313   584   677 E OMX-VDEC-1080P: Extension: OMX.google.android.index.AndroidNativeBufferConsumerUsage not implemented
07-03 16:42:53.314   575 32643 D SurfaceUtils: set up nativeWindow 0xee155808 for 1280x720, color 0x7fa30c04, rotation 0, usage 0x42002900
07-03 16:42:53.324   428   465 W GrallocMapperPassthrough: buffer descriptor with invalid usage bits 0x2002000
07-03 16:42:53.328   428   465 W GrallocMapperPassthrough: buffer descriptor with invalid usage bits 0x2002000
07-03 16:42:53.330   428  1622 W GrallocMapperPassthrough: buffer descriptor with invalid usage bits 0x2002000
07-03 16:42:53.334   428  3274 W GrallocMapperPassthrough: buffer descriptor with invalid usage bits 0x2002000
07-03 16:42:53.342   428   464 W GrallocMapperPassthrough: buffer descriptor with invalid usage bits 0x2002000
07-03 16:42:53.351   567   730 D AudioFlinger: mixer(0xebe03d00) throttle end: throttle time(52)
07-03 16:42:53.362   584 29961 E OMX-VDEC-1080P: Extension: OMX.google.android.index.AndroidNativeBufferConsumerUsage not implemented
07-03 16:42:53.363   575 32643 D SurfaceUtils: set up nativeWindow 0xee155808 for 1280x720, color 0x7fa30c04, rotation 0, usage 0x42002900
07-03 16:42:53.390   428   465 W GrallocMapperPassthrough: buffer descriptor with invalid usage bits 0x2002000
07-03 16:42:53.410   575 32636 D NuPlayerDriver: notifyListener_l(0xec324280), (5, 1280, 720, -1), loop setting(0, 0)
07-03 16:42:53.410   428   465 W GrallocMapperPassthrough: buffer descriptor with invalid usage bits 0x2002000
07-03 16:42:53.411   575 32636 D NuPlayerDriver: notifyListener_l(0xec324280), (200, 3, 0, -1), loop setting(0, 0)
07-03 16:42:53.414 32615 32628 W MediaPlayerNative: info/warning (3, 0)
07-03 16:42:53.420   575 32640 I NuPlayerRenderer: possible video time jump of 0ms (100100 : 0) or uninitialized media clock, retrying in 100ms
07-03 16:42:53.427   428   428 I Adreno  : Invalid colorspace 0
07-03 16:42:53.538   428  1622 W GrallocMapperPassthrough: buffer descriptor with invalid usage bits 0x2002000
07-03 16:42:53.541   428   428 I Adreno  : Invalid colorspace 0
07-03 16:42:53.554   428   465 W GrallocMapperPassthrough: buffer descriptor with invalid usage bits 0x2002000
07-03 16:42:53.557   428   428 I Adreno  : Invalid colorspace 0
07-03 16:42:53.590   428   428 I chatty  : uid=1000(system) /system/bin/surfaceflinger identical 1 line
07-03 16:42:53.624   428   428 I Adreno  : Invalid colorspace 0
07-03 16:42:53.637 13208 13351 I SP      : Syncing emoticon_content_description (2022081613) with slices: [7a635888cb828dfa2fc744b7b9b50f04], metadata: false
07-03 16:42:53.665 32582 32582 I BatteryMgr:DataCollectionService: onStartCommand: begin
07-03 16:42:53.665 32582 32582 I BatteryMgr:DataCollectionService: onStartCommand: sampleRate => 1000
07-03 16:42:53.666 32582 32582 I BatteryMgr:DataCollectionService: onStartCommand: rawFields => Timestamp,BATTERY_PROPERTY_CURRENT_NOW,EXTRA_VOLTAGE
07-03 16:42:53.668 32582 32582 I BatteryMgr:DataCollectionService: onStartCommand: notification done
07-03 16:42:53.670 32582 32582 I BatteryMgr:DataCollectionService: started foreground
07-03 16:42:53.673   756   782 E NotificationService: Suppressing notification from package by user request.
07-03 16:42:53.675   756   782 E NotificationService: Suppressing notification from package by user request.
07-03 16:42:53.684 32582 32678 I BatteryMgr:DataCollectionService: collectData: begin
07-03 16:42:53.688 32582 32678 I BatteryMgr:DataCollectionService: stats => 1688416973688,-131224,4146
07-03 16:42:53.690   428   428 I Adreno  : Invalid colorspace 0
07-03 16:42:53.723   428   428 I chatty  : uid=1000(system) /system/bin/surfaceflinger identical 1 line
07-03 16:42:53.773   428   428 I Adreno  : Invalid colorspace 0
07-03 16:42:53.803 13208 13351 I SP      : Syncing content_cache (2023013013) with slices: [53515f8b3a3ff6637f37d33dc75fd2da, 8722425f4121ffdea802b1066df73991, fa1da98da1212aad6fb9a8efaff48148], metadata: true
07-03 16:42:53.906   428   428 I Adreno  : Invalid colorspace 0
07-03 16:42:53.966 13208 13351 I SP      : Sync for emoticon_content_description succeeded in 596 ms: no changes
07-03 16:42:54.095 13208 13351 I SP      : GC for 'emoticon_content_description' (10) with ttl of 0 ms took 1 ms (0/1/0)
07-03 16:42:54.103 13208 13351 I SP      : Sync for content_cache succeeded in 305 ms: no changes
07-03 16:42:54.109 13208 13351 I SP      : GC for 'content_cache' (10) with ttl of 0 ms took 6 ms (0/6/0)
07-03 16:42:54.696 32582 32678 I BatteryMgr:DataCollectionService: stats => 1688416974696,-131224,4146
07-03 16:42:55.183   756   791 I zygote64: Explicit concurrent copying GC freed 106207(5MB) AllocSpace objects, 73(2MB) LOS objects, 42% free, 18MB/32MB, paused 225us total 221.995ms
07-03 16:42:55.709 32582 32678 I BatteryMgr:DataCollectionService: stats => 1688416975708,-131224,4146
07-03 16:42:56.619 32582 32686 D ProfileInstaller: Installing profile for com.example.batterymanager_utility
07-03 16:42:56.716 32582 32678 I BatteryMgr:DataCollectionService: stats => 1688416976716,-131224,4146
07-03 16:42:57.335 25183  9870 I PhenotypeProcessReaper: Memory state is: 100
07-03 16:42:57.679   575   713 D NuPlayerDriver: stop(0xec324280)
07-03 16:42:57.680   575   713 D NuPlayerDriver: notifyListener_l(0xec324280), (8, 0, 0, -1), loop setting(0, 0)
07-03 16:42:57.682   756  3151 V MediaRouterService: restoreBluetoothA2dp(false)
07-03 16:42:57.686 32615 32615 V MediaPlayer: resetDrmState:  mDrmInfo=null mDrmProvisioningThread=null mPrepareDrmInProgress=false mActiveDrmScheme=false
07-03 16:42:57.687 32615 32615 V MediaPlayer: cleanDrmObj: mDrmObj=null mDrmSessionId=null
07-03 16:42:57.687   575  1497 D NuPlayerDriver: reset(0xec324280) at state 8
07-03 16:42:57.726 32582 32678 I BatteryMgr:DataCollectionService: stats => 1688416977726,-131224,4146
07-03 16:42:57.730   584 29961 I OMX-VDEC-1080P: omx_vdec::component_deinit() complete
07-03 16:42:57.734   584 29961 I OMX-VDEC-1080P: Exit OMX vdec Destructor: fd=17
07-03 16:42:57.735   575 32642 D SurfaceUtils: disconnecting from surface 0xee155808, reason disconnectFromSurface
07-03 16:42:57.739   575 32641 D SurfaceUtils: connecting to surface 0xee155808, reason onShutdown
07-03 16:42:57.743   575 32636 D NuPlayerDriver: notifyResetComplete(0xec324280)
07-03 16:42:57.743   575  1497 D SurfaceUtils: disconnecting from surface 0xee155008, reason disconnectNativeWindow
07-03 16:42:57.746   756 15230 I MediaFocusControl: abandonAudioFocus() from uid/pid 10193/32615 clientId=android.media.AudioManager@8f93b55
07-03 16:42:57.749 32615 32615 W MediaPlayer: mediaplayer went away with unhandled events
07-03 16:42:57.862   567   712 W msm8974_platform: platform_send_gain_dep_cal: Usecase list is empty
07-03 16:42:57.863   567   712 E volume_listener: check_and_set_gain_dep_cal: Failed to set gain dep cal level
07-03 16:42:57.863   567   712 W msm8974_platform: platform_send_gain_dep_cal: Usecase list is empty
07-03 16:42:57.863   567   712 E volume_listener: check_and_set_gain_dep_cal: Failed to set gain dep cal level
07-03 16:42:57.866   567   712 W AudioFlinger: moveEffectChain_l() effect chain for session 0 not on source thread 0xebe03d00
07-03 16:42:58.165   567   730 D audio_hw_primary: disable_audio_route: usecase(0) reset and update mixer path: deep-buffer-playback
07-03 16:42:58.181   567   730 D audio_hw_primary: disable_snd_device: snd_device(95: vi-feedback)
07-03 16:42:58.181   567   730 D audio_hw_primary: disable_audio_route: usecase(24) reset and update mixer path: spkr-vi-record
07-03 16:42:58.631 32615 32688 D ProfileInstaller: Installing profile for x.intervalapp.displaytest
07-03 16:42:58.741 32582 32678 I BatteryMgr:DataCollectionService: stats => 1688416978740,-131224,4146
07-03 16:42:59.760 32582 32678 I BatteryMgr:DataCollectionService: stats => 1688416979760,-131224,4146
07-03 16:43:00.775 32582 32678 I BatteryMgr:DataCollectionService: stats => 1688416980774,-131224,4146
07-03 16:43:01.792 32582 32678 I BatteryMgr:DataCollectionService: stats => 1688416981792,-131224,4146
07-03 16:43:02.753   756 15228 I MediaFocusControl: requestAudioFocus() from uid/pid 10193/32615 clientId=android.media.AudioManager@8f93b55 callingPack=x.intervalapp.displaytest req=1 flags=0x0 sdk=33
07-03 16:43:02.781   575   713 D NuPlayerDriver: NuPlayerDriver(0xec324300) created, clientPid(32615)
07-03 16:43:02.786   575  1497 D SurfaceUtils: connecting to surface 0xee155808, reason setVideoSurfaceTexture
07-03 16:43:02.787   575 32689 D NuPlayer: onSetVideoSurface(0xee155000, no video decoder)
07-03 16:43:02.796   575 32690 D GenericSource: FileSource remote
07-03 16:43:02.802 32582 32678 I BatteryMgr:DataCollectionService: stats => 1688416982802,-131224,4146
07-03 16:43:02.813   573   697 I SampleTable: There are reordered frames present.
07-03 16:43:02.819   575 32689 D NuPlayerDriver: notifyListener_l(0xec324300), (5, 1280, 720, -1), loop setting(0, 0)
07-03 16:43:02.819   573   697 D MediaBufferGroup: creating MemoryDealer
07-03 16:43:02.820   575 32689 D NuPlayerDriver: notifyListener_l(0xec324300), (1, 0, 0, -1), loop setting(0, 0)
07-03 16:43:02.826 32615 32615 D MediaPlayerNative: getMetadata
07-03 16:43:02.829   756  3110 V MediaRouterService: restoreBluetoothA2dp(false)
07-03 16:43:02.830   575  1349 D NuPlayerDriver: start(0xec324300), state is 4, eos is 0
07-03 16:43:02.830   575 32689 I GenericSource: start
07-03 16:43:02.850   584   584 I OMXMaster: makeComponentInstance(OMX.qcom.video.decoder.avc) in android.hardwar process
07-03 16:43:02.852   584   584 I OMX-VDEC-1080P: component_init: OMX.qcom.video.decoder.avc : fd=7
07-03 16:43:02.852   584   584 I OMX-VDEC-1080P: Capabilities: driver_name = msm_vidc_driver, card = msm_vdec_8974, bus_info = , version = 1, capabilities = 4003000
07-03 16:43:02.865   584   584 I OMX-VDEC-1080P: Enabling default extradata for OMX.qcom.video.decoder.avc
07-03 16:43:02.872   584   584 I OMX-VDEC-1080P: omx_vdec::component_init() success : fd=7
07-03 16:43:02.872   584 11593 I OMXMaster: makeComponentInstance(OMX.google.aac.decoder) in android.hardwar process
07-03 16:43:02.876   575 32692 D SurfaceUtils: disconnecting from surface 0xee155008, reason onConfigure
07-03 16:43:02.877   575 32693 D SurfaceUtils: connecting to surface 0xee155008, reason connectToSurface
07-03 16:43:02.878   575 32693 I MediaCodec: [OMX.qcom.video.decoder.avc] setting surface generation to 588819
07-03 16:43:02.878   575 32693 D SurfaceUtils: disconnecting from surface 0xee155008, reason connectToSurface(reconnect)
07-03 16:43:02.878   575 32693 D SurfaceUtils: connecting to surface 0xee155008, reason connectToSurface(reconnect)
07-03 16:43:02.878   584  1334 E OMXNodeInstance: setConfig(0xef20c6c0:google.aac.decoder, ConfigPriority(0x6f800002)) ERROR: Undefined(0x80001001)
07-03 16:43:02.879   575 32696 I ACodec  : codec does not support config priority (err -2147483648)
07-03 16:43:02.879   584  1626 E OMXNodeInstance: getConfig(0xef20c6c0:google.aac.decoder, ConfigAndroidVendorExtension(0x6f100004)) ERROR: Undefined(0x80001001)
07-03 16:43:02.879   584  1337 E OMX-VDEC-1080P: Enable/Disable allocate-native-handle allowed only on input port!
07-03 16:43:02.879   584  1337 E OMX-VDEC-1080P: set_parameter: Error: 0x80001019, setting param 0x7f000045
07-03 16:43:02.879   584  1337 E OMXNodeInstance: setParameter(0xeda92344:qcom.decoder.avc, OMX.google.android.index.allocateNativeHandle(0x7f000045): Output:1 en=0) ERROR: UnsupportedSetting(0x80001019)
07-03 16:43:02.879   584  1337 E OMX-VDEC-1080P: Extension: OMX.google.android.index.storeANWBufferInMetadata not implemented
07-03 16:43:02.880   575 32696 I MediaCodec: MediaCodec will operate in async mode
07-03 16:43:02.889   584 32700 I SoftAAC2: Reconfiguring decoder: 0->48000 Hz, 0->2 channels
07-03 16:43:02.890   584  1334 E OMX-VDEC-1080P: Extension: OMX.google.android.index.describeColorAspects not implemented
07-03 16:43:02.890   584 12144 E OMX-VDEC-1080P: Extension: OMX.google.android.index.describeHDRStaticInfo not implemented
07-03 16:43:02.891   584 29961 E OMX-VDEC-1080P: Extension: OMX.google.android.index.storeANWBufferInMetadata not implemented
07-03 16:43:02.891   584 29961 E OMX-VDEC-1080P: Extension: OMX.google.android.index.configureVideoTunnelMode not implemented
07-03 16:43:02.891   584 29961 E OMX-VDEC-1080P: Extension: OMX.google.android.index.useAndroidNativeBuffer is supported
07-03 16:43:02.891   584 29961 E OMX-VDEC-1080P: get_config: unknown param 1863319556
07-03 16:43:02.891   584 29961 E OMXNodeInstance: getConfig(0xeda92344:qcom.decoder.avc, ConfigAndroidVendorExtension(0x6f100004)) ERROR: BadParameter(0x80001005)
07-03 16:43:02.893   575 32693 I MediaCodec: MediaCodec will operate in async mode
07-03 16:43:02.906   575 32691 D AudioTrack: Client defaulted notificationFrames to 12000 for frameCount 24000
07-03 16:43:02.909   416   416 W /system/bin/hw/android.hidl.allocator@1.0-service: ashmem_create_region(7680) returning hidl_memory(0x764082b310, 7680)
07-03 16:43:02.910   416   416 W /system/bin/hw/android.hidl.allocator@1.0-service: ashmem_create_region(7680) returning hidl_memory(0x764082b310, 7680)
07-03 16:43:02.911   567 30163 W AudioFlinger: moveEffectChain_l() effect chain for session 0 not on source thread 0xed083640
07-03 16:43:02.912   575 32689 D NuPlayerDriver: notifyListener_l(0xec324300), (6, 0, 0, -1), loop setting(0, 0)
07-03 16:43:02.913   567   730 E volume_listener: check_and_set_gain_dep_cal: Failed to set gain dep cal level
07-03 16:43:02.913   567 11598 D audio_route: Apply path: speaker-protected
07-03 16:43:02.917   584   677 E OMX-VDEC-1080P: Extension: OMX.google.android.index.AndroidNativeBufferConsumerUsage not implemented
07-03 16:43:02.918   575 32694 D SurfaceUtils: set up nativeWindow 0xee155008 for 1280x720, color 0x7fa30c04, rotation 0, usage 0x42002900
07-03 16:43:02.919   567 11598 D audio_hw_primary: enable_snd_device: snd_device(95: vi-feedback)
07-03 16:43:02.919   567 11598 D audio_route: Apply path: vi-feedback
07-03 16:43:02.919   567 11598 D audio_hw_primary: enable_audio_route: usecase(24) apply and update mixer path: spkr-vi-record
07-03 16:43:02.919   567 11598 D audio_route: Apply path: spkr-vi-record
07-03 16:43:02.925   428  3274 W GrallocMapperPassthrough: buffer descriptor with invalid usage bits 0x2002000
07-03 16:43:02.928   428  1622 W GrallocMapperPassthrough: buffer descriptor with invalid usage bits 0x2002000
07-03 16:43:02.931   428   464 W GrallocMapperPassthrough: buffer descriptor with invalid usage bits 0x2002000
07-03 16:43:02.935   428   796 W GrallocMapperPassthrough: buffer descriptor with invalid usage bits 0x2002000
07-03 16:43:02.946   428   465 W GrallocMapperPassthrough: buffer descriptor with invalid usage bits 0x2002000
07-03 16:43:02.948   567 11598 D audio_hw_primary: enable_audio_route: usecase(0) apply and update mixer path: deep-buffer-playback
07-03 16:43:02.948   567 11598 D audio_route: Apply path: deep-buffer-playback
07-03 16:43:02.948   428  3274 W GrallocMapperPassthrough: buffer descriptor with invalid usage bits 0x2002000
07-03 16:43:02.961   584 12145 E OMX-VDEC-1080P: Extension: OMX.google.android.index.AndroidNativeBufferConsumerUsage not implemented
07-03 16:43:02.961   575 32694 D SurfaceUtils: set up nativeWindow 0xee155008 for 1280x720, color 0x7fa30c04, rotation 0, usage 0x42002900
07-03 16:43:02.987   567 11598 E msm8974_platform: ramp_speaker_gain: Could not get ctl for mixer cmd - Left Speaker Gain or Right Speaker Gain, not applying speaker gain ramp
07-03 16:43:02.987   567 11598 D audio_hw_primary: out_write: retry previous failed cal level set
07-03 16:43:02.988   567 11598 W msm8974_platform: platform_send_gain_dep_cal: Usecase list is empty
07-03 16:43:03.008   575 32689 D NuPlayerDriver: notifyListener_l(0xec324300), (5, 1280, 720, -1), loop setting(0, 0)
07-03 16:43:03.008   428   464 W GrallocMapperPassthrough: buffer descriptor with invalid usage bits 0x2002000
07-03 16:43:03.008   575 32689 D NuPlayerDriver: notifyListener_l(0xec324300), (200, 3, 0, -1), loop setting(0, 0)
07-03 16:43:03.008 32615 32628 W MediaPlayerNative: info/warning (3, 0)
07-03 16:43:03.013   428   428 I Adreno  : Invalid colorspace 0
07-03 16:43:03.015   575 32691 I NuPlayerRenderer: possible video time jump of 0ms (100100 : 0) or uninitialized media clock, retrying in 100ms
07-03 16:43:03.076   567   730 D AudioFlinger: mixer(0xebe03d00) throttle end: throttle time(53)
07-03 16:43:03.115   575 32691 I NuPlayerRenderer: possible video time jump of 0ms (100100 : 0) or uninitialized media clock, retrying in 100ms
07-03 16:43:03.218   428   465 W GrallocMapperPassthrough: buffer descriptor with invalid usage bits 0x2002000
07-03 16:43:03.229   428   428 I Adreno  : Invalid colorspace 0
07-03 16:43:03.234   428   464 W GrallocMapperPassthrough: buffer descriptor with invalid usage bits 0x2002000
07-03 16:43:03.245   428   428 I Adreno  : Invalid colorspace 0
07-03 16:43:03.429   428   428 I chatty  : uid=1000(system) /system/bin/surfaceflinger identical 5 lines
07-03 16:43:03.494   428   428 I Adreno  : Invalid colorspace 0
07-03 16:43:03.810 32582 32678 I BatteryMgr:DataCollectionService: stats => 1688416983810,-121001,4146
07-03 16:43:04.833 32582 32678 I BatteryMgr:DataCollectionService: stats => 1688416984833,-121001,4146
07-03 16:43:05.848 32582 32678 I BatteryMgr:DataCollectionService: stats => 1688416985848,-121001,4146
07-03 16:43:06.862 32582 32678 I BatteryMgr:DataCollectionService: stats => 1688416986862,-121001,4146
07-03 16:43:07.801   575  1497 D NuPlayerDriver: stop(0xec324300)
07-03 16:43:07.801   575  1497 D NuPlayerDriver: notifyListener_l(0xec324300), (8, 0, 0, -1), loop setting(0, 0)
07-03 16:43:07.804   756  1488 V MediaRouterService: restoreBluetoothA2dp(false)
07-03 16:43:07.806 32615 32615 V MediaPlayer: resetDrmState:  mDrmInfo=null mDrmProvisioningThread=null mPrepareDrmInProgress=false mActiveDrmScheme=false
07-03 16:43:07.807 32615 32615 V MediaPlayer: cleanDrmObj: mDrmObj=null mDrmSessionId=null
07-03 16:43:07.808   575   575 D NuPlayerDriver: reset(0xec324300) at state 8
07-03 16:43:07.850   584 12144 I OMX-VDEC-1080P: omx_vdec::component_deinit() complete
07-03 16:43:07.856   584 12144 I OMX-VDEC-1080P: Exit OMX vdec Destructor: fd=7
07-03 16:43:07.857   575 32693 D SurfaceUtils: disconnecting from surface 0xee155008, reason disconnectFromSurface
07-03 16:43:07.862   575 32692 D SurfaceUtils: connecting to surface 0xee155008, reason onShutdown
07-03 16:43:07.869   575 32689 D NuPlayerDriver: notifyResetComplete(0xec324300)
07-03 16:43:07.869   575   575 D SurfaceUtils: disconnecting from surface 0xee155808, reason disconnectNativeWindow
07-03 16:43:07.872   756  3110 I MediaFocusControl: abandonAudioFocus() from uid/pid 10193/32615 clientId=android.media.AudioManager@8f93b55
07-03 16:43:07.872 32582 32678 I BatteryMgr:DataCollectionService: stats => 1688416987872,-121001,4146
07-03 16:43:07.892 32615 32615 W MediaPlayer: mediaplayer went away with unhandled events
07-03 16:43:07.982   567   712 W msm8974_platform: platform_send_gain_dep_cal: Usecase list is empty
07-03 16:43:07.982   567   712 E volume_listener: check_and_set_gain_dep_cal: Failed to set gain dep cal level
07-03 16:43:07.982   567   712 W msm8974_platform: platform_send_gain_dep_cal: Usecase list is empty
07-03 16:43:07.982   567   712 E volume_listener: check_and_set_gain_dep_cal: Failed to set gain dep cal level
07-03 16:43:07.983   567   712 W AudioFlinger: moveEffectChain_l() effect chain for session 0 not on source thread 0xebe03d00
07-03 16:43:08.325   567   730 D audio_hw_primary: disable_audio_route: usecase(0) reset and update mixer path: deep-buffer-playback
07-03 16:43:08.370   567   730 D audio_hw_primary: disable_snd_device: snd_device(95: vi-feedback)
07-03 16:43:08.370   567   730 D audio_hw_primary: disable_audio_route: usecase(24) reset and update mixer path: spkr-vi-record
07-03 16:43:08.882 32582 32678 I BatteryMgr:DataCollectionService: stats => 1688416988882,-121001,4146
07-03 16:43:09.896 32582 32678 I BatteryMgr:DataCollectionService: stats => 1688416989896,-121001,4146
07-03 16:43:10.913 32582 32678 I BatteryMgr:DataCollectionService: stats => 1688416990913,-121001,4146
07-03 16:43:11.932 32582 32678 I BatteryMgr:DataCollectionService: stats => 1688416991931,-121001,4146
07-03 16:43:12.885   756   774 I MediaFocusControl: requestAudioFocus() from uid/pid 10193/32615 clientId=android.media.AudioManager@8f93b55 callingPack=x.intervalapp.displaytest req=1 flags=0x0 sdk=33
07-03 16:43:12.912   575   713 D NuPlayerDriver: NuPlayerDriver(0xec324000) created, clientPid(32615)
07-03 16:43:12.918   575   575 D SurfaceUtils: connecting to surface 0xee155008, reason setVideoSurfaceTexture
07-03 16:43:12.919   575 32708 D NuPlayer: onSetVideoSurface(0xee155800, no video decoder)
07-03 16:43:12.928   575 32709 D GenericSource: FileSource remote
07-03 16:43:12.940 32582 32678 I BatteryMgr:DataCollectionService: stats => 1688416992940,-121001,4146
07-03 16:43:12.943   573  1328 I SampleTable: There are reordered frames present.
07-03 16:43:12.949   575 32708 D NuPlayerDriver: notifyListener_l(0xec324000), (5, 1280, 720, -1), loop setting(0, 0)
07-03 16:43:12.949   573   697 D MediaBufferGroup: creating MemoryDealer
07-03 16:43:12.950   575 32708 D NuPlayerDriver: notifyListener_l(0xec324000), (1, 0, 0, -1), loop setting(0, 0)
07-03 16:43:12.956 32615 32615 D MediaPlayerNative: getMetadata
07-03 16:43:12.958   756  2058 V MediaRouterService: restoreBluetoothA2dp(false)
07-03 16:43:12.959   575  1497 D NuPlayerDriver: start(0xec324000), state is 4, eos is 0
07-03 16:43:12.959   575 32708 I GenericSource: start
07-03 16:43:12.976   584  1337 I OMXMaster: makeComponentInstance(OMX.qcom.video.decoder.avc) in android.hardwar process
07-03 16:43:12.977   584  1337 I OMX-VDEC-1080P: component_init: OMX.qcom.video.decoder.avc : fd=7
07-03 16:43:12.977   584  1337 I OMX-VDEC-1080P: Capabilities: driver_name = msm_vidc_driver, card = msm_vdec_8974, bus_info = , version = 1, capabilities = 4003000
07-03 16:43:12.990   584  1337 I OMX-VDEC-1080P: Enabling default extradata for OMX.qcom.video.decoder.avc
07-03 16:43:12.998   584  1337 I OMX-VDEC-1080P: omx_vdec::component_init() success : fd=7
07-03 16:43:12.999   584 11594 I OMXMaster: makeComponentInstance(OMX.google.aac.decoder) in android.hardwar process
07-03 16:43:13.001   575 32711 D SurfaceUtils: disconnecting from surface 0xee155808, reason onConfigure
07-03 16:43:13.002   575 32712 D SurfaceUtils: connecting to surface 0xee155808, reason connectToSurface
07-03 16:43:13.002   575 32712 I MediaCodec: [OMX.qcom.video.decoder.avc] setting surface generation to 588820
07-03 16:43:13.002   575 32712 D SurfaceUtils: disconnecting from surface 0xee155808, reason connectToSurface(reconnect)
07-03 16:43:13.003   575 32712 D SurfaceUtils: connecting to surface 0xee155808, reason connectToSurface(reconnect)
07-03 16:43:13.004   584 12144 E OMX-VDEC-1080P: Enable/Disable allocate-native-handle allowed only on input port!
07-03 16:43:13.004   584 12144 E OMX-VDEC-1080P: set_parameter: Error: 0x80001019, setting param 0x7f000045
07-03 16:43:13.004   584 12144 E OMXNodeInstance: setParameter(0xec3e3944:qcom.decoder.avc, OMX.google.android.index.allocateNativeHandle(0x7f000045): Output:1 en=0) ERROR: UnsupportedSetting(0x80001019)
07-03 16:43:13.004   584 12144 E OMX-VDEC-1080P: Extension: OMX.google.android.index.storeANWBufferInMetadata not implemented
07-03 16:43:13.007   584 29961 E OMXNodeInstance: setConfig(0xef623200:google.aac.decoder, ConfigPriority(0x6f800002)) ERROR: Undefined(0x80001001)
07-03 16:43:13.007   575 32715 I ACodec  : codec does not support config priority (err -2147483648)
07-03 16:43:13.008   584 12145 E OMXNodeInstance: getConfig(0xef623200:google.aac.decoder, ConfigAndroidVendorExtension(0x6f100004)) ERROR: Undefined(0x80001001)
07-03 16:43:13.009   575 32715 I MediaCodec: MediaCodec will operate in async mode
07-03 16:43:13.013   584   584 E OMX-VDEC-1080P: Extension: OMX.google.android.index.describeColorAspects not implemented
07-03 16:43:13.013   584 29961 E OMX-VDEC-1080P: Extension: OMX.google.android.index.describeHDRStaticInfo not implemented
07-03 16:43:13.016   584 11594 E OMX-VDEC-1080P: Extension: OMX.google.android.index.storeANWBufferInMetadata not implemented
07-03 16:43:13.016   584 11594 E OMX-VDEC-1080P: Extension: OMX.google.android.index.configureVideoTunnelMode not implemented
07-03 16:43:13.016   584 11594 E OMX-VDEC-1080P: Extension: OMX.google.android.index.useAndroidNativeBuffer is supported
07-03 16:43:13.016   584 11594 E OMX-VDEC-1080P: get_config: unknown param 1863319556
07-03 16:43:13.016   584 11594 E OMXNodeInstance: getConfig(0xec3e3944:qcom.decoder.avc, ConfigAndroidVendorExtension(0x6f100004)) ERROR: BadParameter(0x80001005)
07-03 16:43:13.019   575 32712 I MediaCodec: MediaCodec will operate in async mode
07-03 16:43:13.020   584 32719 I SoftAAC2: Reconfiguring decoder: 0->48000 Hz, 0->2 channels
07-03 16:43:13.038   584  1337 E OMX-VDEC-1080P: Extension: OMX.google.android.index.AndroidNativeBufferConsumerUsage not implemented
07-03 16:43:13.039   575 32713 D SurfaceUtils: set up nativeWindow 0xee155808 for 1280x720, color 0x7fa30c04, rotation 0, usage 0x42002900
07-03 16:43:13.053   575 32710 D AudioTrack: Client defaulted notificationFrames to 12000 for frameCount 24000
07-03 16:43:13.055   428   465 W GrallocMapperPassthrough: buffer descriptor with invalid usage bits 0x2002000
07-03 16:43:13.057   416   416 W /system/bin/hw/android.hidl.allocator@1.0-service: ashmem_create_region(7680) returning hidl_memory(0x764082b310, 7680)
07-03 16:43:13.058   428  1622 W GrallocMapperPassthrough: buffer descriptor with invalid usage bits 0x2002000
07-03 16:43:13.059   416   416 W /system/bin/hw/android.hidl.allocator@1.0-service: ashmem_create_region(7680) returning hidl_memory(0x764082b310, 7680)
07-03 16:43:13.060   567 12142 W AudioFlinger: moveEffectChain_l() effect chain for session 0 not on source thread 0xed083640
07-03 16:43:13.061   575 32708 D NuPlayerDriver: notifyListener_l(0xec324000), (6, 0, 0, -1), loop setting(0, 0)
07-03 16:43:13.061   567   730 E volume_listener: check_and_set_gain_dep_cal: Failed to set gain dep cal level
07-03 16:43:13.062   567 11598 D audio_route: Apply path: speaker-protected
07-03 16:43:13.065   428   464 W GrallocMapperPassthrough: buffer descriptor with invalid usage bits 0x2002000
07-03 16:43:13.069   428  3274 W GrallocMapperPassthrough: buffer descriptor with invalid usage bits 0x2002000
07-03 16:43:13.072   567 11598 D audio_hw_primary: enable_snd_device: snd_device(95: vi-feedback)
07-03 16:43:13.072   567 11598 D audio_route: Apply path: vi-feedback
07-03 16:43:13.072   567 11598 D audio_hw_primary: enable_audio_route: usecase(24) apply and update mixer path: spkr-vi-record
07-03 16:43:13.072   567 11598 D audio_route: Apply path: spkr-vi-record
07-03 16:43:13.073   428   796 W GrallocMapperPassthrough: buffer descriptor with invalid usage bits 0x2002000
07-03 16:43:13.076   428   465 W GrallocMapperPassthrough: buffer descriptor with invalid usage bits 0x2002000
07-03 16:43:13.091   584 12145 E OMX-VDEC-1080P: Extension: OMX.google.android.index.AndroidNativeBufferConsumerUsage not implemented
07-03 16:43:13.091   575 32713 D SurfaceUtils: set up nativeWindow 0xee155808 for 1280x720, color 0x7fa30c04, rotation 0, usage 0x42002900
07-03 16:43:13.098   567 11598 D audio_hw_primary: enable_audio_route: usecase(0) apply and update mixer path: deep-buffer-playback
07-03 16:43:13.099   567 11598 D audio_route: Apply path: deep-buffer-playback
07-03 16:43:13.136   575 32708 D NuPlayerDriver: notifyListener_l(0xec324000), (5, 1280, 720, -1), loop setting(0, 0)
07-03 16:43:13.136   428   464 W GrallocMapperPassthrough: buffer descriptor with invalid usage bits 0x2002000
07-03 16:43:13.136   575 32708 D NuPlayerDriver: notifyListener_l(0xec324000), (200, 3, 0, -1), loop setting(0, 0)
07-03 16:43:13.137 32615 32627 W MediaPlayerNative: info/warning (3, 0)
07-03 16:43:13.139   567 11598 E msm8974_platform: ramp_speaker_gain: Could not get ctl for mixer cmd - Left Speaker Gain or Right Speaker Gain, not applying speaker gain ramp
07-03 16:43:13.139   567 11598 D audio_hw_primary: out_write: retry previous failed cal level set
07-03 16:43:13.140   567 11598 W msm8974_platform: platform_send_gain_dep_cal: Usecase list is empty
07-03 16:43:13.146   575 32710 I NuPlayerRenderer: possible video time jump of 0ms (100100 : 0) or uninitialized media clock, retrying in 100ms
07-03 16:43:13.149   428   428 I Adreno  : Invalid colorspace 0
07-03 16:43:13.228   567   730 D AudioFlinger: mixer(0xebe03d00) throttle end: throttle time(51)
07-03 16:43:13.246   575 32710 I NuPlayerRenderer: possible video time jump of 0ms (100100 : 0) or uninitialized media clock, retrying in 100ms
07-03 16:43:13.351   428   465 W GrallocMapperPassthrough: buffer descriptor with invalid usage bits 0x2002000
07-03 16:43:13.358   428   464 W GrallocMapperPassthrough: buffer descriptor with invalid usage bits 0x2002000
07-03 16:43:13.365   428   428 I Adreno  : Invalid colorspace 0
07-03 16:43:13.582   428   428 I chatty  : uid=1000(system) /system/bin/surfaceflinger identical 6 lines
07-03 16:43:13.647   428   428 I Adreno  : Invalid colorspace 0
07-03 16:43:13.955 32582 32678 I BatteryMgr:DataCollectionService: stats => 1688416993954,-121001,4146
07-03 16:43:14.969 32582 32678 I BatteryMgr:DataCollectionService: stats => 1688416994968,-121001,4146
07-03 16:43:15.978 32582 32678 I BatteryMgr:DataCollectionService: stats => 1688416995978,-121001,4146
07-03 16:43:16.995 32582 32678 I BatteryMgr:DataCollectionService: stats => 1688416996994,-121001,4146
07-03 16:43:17.932   575  1497 D NuPlayerDriver: stop(0xec324000)
07-03 16:43:17.933   575  1497 D NuPlayerDriver: notifyListener_l(0xec324000), (8, 0, 0, -1), loop setting(0, 0)
07-03 16:43:17.933   756 15226 V MediaRouterService: restoreBluetoothA2dp(false)
07-03 16:43:17.936 32615 32615 V MediaPlayer: resetDrmState:  mDrmInfo=null mDrmProvisioningThread=null mPrepareDrmInProgress=false mActiveDrmScheme=false
07-03 16:43:17.936 32615 32615 V MediaPlayer: cleanDrmObj: mDrmObj=null mDrmSessionId=null
07-03 16:43:17.936   575   575 D NuPlayerDriver: reset(0xec324000) at state 8
07-03 16:43:17.964   584 11593 I OMX-VDEC-1080P: omx_vdec::component_deinit() complete
07-03 16:43:17.969   584 11593 I OMX-VDEC-1080P: Exit OMX vdec Destructor: fd=7
07-03 16:43:17.970   575 32712 D SurfaceUtils: disconnecting from surface 0xee155808, reason disconnectFromSurface
07-03 16:43:17.973   575 32711 D SurfaceUtils: connecting to surface 0xee155808, reason onShutdown
07-03 16:43:17.977   575 32708 D NuPlayerDriver: notifyResetComplete(0xec324000)
07-03 16:43:17.977   575   575 D SurfaceUtils: disconnecting from surface 0xee155008, reason disconnectNativeWindow
07-03 16:43:17.979   756  2063 I MediaFocusControl: abandonAudioFocus() from uid/pid 10193/32615 clientId=android.media.AudioManager@8f93b55
07-03 16:43:17.995 32615 32615 W MediaPlayer: mediaplayer went away with unhandled events
07-03 16:43:18.000 32582 32678 I BatteryMgr:DataCollectionService: stats => 1688416998000,-121001,4146
07-03 16:43:18.093   567   712 W msm8974_platform: platform_send_gain_dep_cal: Usecase list is empty
07-03 16:43:18.093   567   712 E volume_listener: check_and_set_gain_dep_cal: Failed to set gain dep cal level
07-03 16:43:18.093   567   712 W msm8974_platform: platform_send_gain_dep_cal: Usecase list is empty
07-03 16:43:18.093   567   712 E volume_listener: check_and_set_gain_dep_cal: Failed to set gain dep cal level
07-03 16:43:18.094   567   712 W AudioFlinger: moveEffectChain_l() effect chain for session 0 not on source thread 0xebe03d00
07-03 16:43:18.456   567   730 D audio_hw_primary: disable_audio_route: usecase(0) reset and update mixer path: deep-buffer-playback
07-03 16:43:18.503   567   730 D audio_hw_primary: disable_snd_device: snd_device(95: vi-feedback)
07-03 16:43:18.503   567   730 D audio_hw_primary: disable_audio_route: usecase(24) reset and update mixer path: spkr-vi-record
07-03 16:43:19.009 32582 32678 I BatteryMgr:DataCollectionService: stats => 1688416999009,-121001,4146
07-03 16:43:20.023 32582 32678 I BatteryMgr:DataCollectionService: stats => 1688417000023,-121001,4146
07-03 16:43:21.042 32582 32678 I BatteryMgr:DataCollectionService: stats => 1688417001042,-121001,4146
07-03 16:43:22.060 32582 32678 I BatteryMgr:DataCollectionService: stats => 1688417002060,-121001,4146
07-03 16:43:22.993   756  3151 I MediaFocusControl: requestAudioFocus() from uid/pid 10193/32615 clientId=android.media.AudioManager@8f93b55 callingPack=x.intervalapp.displaytest req=1 flags=0x0 sdk=33
07-03 16:43:23.019   575   713 D NuPlayerDriver: NuPlayerDriver(0xec324400) created, clientPid(32615)
07-03 16:43:23.025   575   575 D SurfaceUtils: connecting to surface 0xee155808, reason setVideoSurfaceTexture
07-03 16:43:23.027   575 32726 D NuPlayer: onSetVideoSurface(0xee155000, no video decoder)
07-03 16:43:23.036   575 32727 D GenericSource: FileSource remote
07-03 16:43:23.052   573  1328 I SampleTable: There are reordered frames present.
07-03 16:43:23.058   573   573 D MediaBufferGroup: creating MemoryDealer
07-03 16:43:23.058   575 32726 D NuPlayerDriver: notifyListener_l(0xec324400), (5, 1280, 720, -1), loop setting(0, 0)
07-03 16:43:23.060   575 32726 D NuPlayerDriver: notifyListener_l(0xec324400), (1, 0, 0, -1), loop setting(0, 0)
07-03 16:43:23.068 32582 32678 I BatteryMgr:DataCollectionService: stats => 1688417003068,-121001,4146
07-03 16:43:23.072 32615 32615 D MediaPlayerNative: getMetadata
07-03 16:43:23.075   756  2061 V MediaRouterService: restoreBluetoothA2dp(false)
07-03 16:43:23.076   575  1497 D NuPlayerDriver: start(0xec324400), state is 4, eos is 0
07-03 16:43:23.076   575 32726 I GenericSource: start
07-03 16:43:23.093   584 12144 I OMXMaster: makeComponentInstance(OMX.qcom.video.decoder.avc) in android.hardwar process
07-03 16:43:23.094   584 12144 I OMX-VDEC-1080P: component_init: OMX.qcom.video.decoder.avc : fd=7
07-03 16:43:23.095   584 12144 I OMX-VDEC-1080P: Capabilities: driver_name = msm_vidc_driver, card = msm_vdec_8974, bus_info = , version = 1, capabilities = 4003000
07-03 16:43:23.109   584 12144 I OMX-VDEC-1080P: Enabling default extradata for OMX.qcom.video.decoder.avc
07-03 16:43:23.119   584 12144 I OMX-VDEC-1080P: omx_vdec::component_init() success : fd=7
07-03 16:43:23.119   584  1334 I OMXMaster: makeComponentInstance(OMX.google.aac.decoder) in android.hardwar process
07-03 16:43:23.121   575 32729 D SurfaceUtils: disconnecting from surface 0xee155008, reason onConfigure
07-03 16:43:23.122   575 32730 D SurfaceUtils: connecting to surface 0xee155008, reason connectToSurface
07-03 16:43:23.122   575 32730 I MediaCodec: [OMX.qcom.video.decoder.avc] setting surface generation to 588821
07-03 16:43:23.122   575 32730 D SurfaceUtils: disconnecting from surface 0xee155008, reason connectToSurface(reconnect)
07-03 16:43:23.123   575 32730 D SurfaceUtils: connecting to surface 0xee155008, reason connectToSurface(reconnect)
07-03 16:43:23.124   584 11593 E OMXNodeInstance: setConfig(0xef622ba0:google.aac.decoder, ConfigPriority(0x6f800002)) ERROR: Undefined(0x80001001)
07-03 16:43:23.124   584 12145 E OMX-VDEC-1080P: Enable/Disable allocate-native-handle allowed only on input port!
07-03 16:43:23.124   584 12145 E OMX-VDEC-1080P: set_parameter: Error: 0x80001019, setting param 0x7f000045
07-03 16:43:23.124   584 12145 E OMXNodeInstance: setParameter(0xeda92344:qcom.decoder.avc, OMX.google.android.index.allocateNativeHandle(0x7f000045): Output:1 en=0) ERROR: UnsupportedSetting(0x80001019)
07-03 16:43:23.124   584 12145 E OMX-VDEC-1080P: Extension: OMX.google.android.index.storeANWBufferInMetadata not implemented
07-03 16:43:23.124   575 32733 I ACodec  : codec does not support config priority (err -2147483648)
07-03 16:43:23.125   584 11594 E OMXNodeInstance: getConfig(0xef622ba0:google.aac.decoder, ConfigAndroidVendorExtension(0x6f100004)) ERROR: Undefined(0x80001001)
07-03 16:43:23.128   575 32733 I MediaCodec: MediaCodec will operate in async mode
07-03 16:43:23.134   584   584 E OMX-VDEC-1080P: Extension: OMX.google.android.index.describeColorAspects not implemented
07-03 16:43:23.134   584 11593 E OMX-VDEC-1080P: Extension: OMX.google.android.index.describeHDRStaticInfo not implemented
07-03 16:43:23.136   584 29961 E OMX-VDEC-1080P: Extension: OMX.google.android.index.storeANWBufferInMetadata not implemented
07-03 16:43:23.136   584 29961 E OMX-VDEC-1080P: Extension: OMX.google.android.index.configureVideoTunnelMode not implemented
07-03 16:43:23.136   584 29961 E OMX-VDEC-1080P: Extension: OMX.google.android.index.useAndroidNativeBuffer is supported
07-03 16:43:23.136   584 29961 E OMX-VDEC-1080P: get_config: unknown param 1863319556
07-03 16:43:23.136   584 29961 E OMXNodeInstance: getConfig(0xeda92344:qcom.decoder.avc, ConfigAndroidVendorExtension(0x6f100004)) ERROR: BadParameter(0x80001005)
07-03 16:43:23.138   575 32730 I MediaCodec: MediaCodec will operate in async mode
07-03 16:43:23.139   584 32737 I SoftAAC2: Reconfiguring decoder: 0->48000 Hz, 0->2 channels
07-03 16:43:23.154   575 32728 D AudioTrack: Client defaulted notificationFrames to 12000 for frameCount 24000
07-03 16:43:23.157   416   416 W /system/bin/hw/android.hidl.allocator@1.0-service: ashmem_create_region(7680) returning hidl_memory(0x764082b310, 7680)
07-03 16:43:23.159   584   584 E OMX-VDEC-1080P: Extension: OMX.google.android.index.AndroidNativeBufferConsumerUsage not implemented
07-03 16:43:23.160   575 32731 D SurfaceUtils: set up nativeWindow 0xee155008 for 1280x720, color 0x7fa30c04, rotation 0, usage 0x42002900
07-03 16:43:23.160   416   416 W /system/bin/hw/android.hidl.allocator@1.0-service: ashmem_create_region(7680) returning hidl_memory(0x764082b310, 7680)
07-03 16:43:23.161   567 12142 W AudioFlinger: moveEffectChain_l() effect chain for session 0 not on source thread 0xed083640
07-03 16:43:23.162   575 32726 D NuPlayerDriver: notifyListener_l(0xec324400), (6, 0, 0, -1), loop setting(0, 0)
07-03 16:43:23.163   567   730 E volume_listener: check_and_set_gain_dep_cal: Failed to set gain dep cal level
07-03 16:43:23.164   567 11598 D audio_route: Apply path: speaker-protected
07-03 16:43:23.170   428  3274 W GrallocMapperPassthrough: buffer descriptor with invalid usage bits 0x2002000
07-03 16:43:23.172   567 11598 D audio_hw_primary: enable_snd_device: snd_device(95: vi-feedback)
07-03 16:43:23.172   567 11598 D audio_route: Apply path: vi-feedback
07-03 16:43:23.173   567 11598 D audio_hw_primary: enable_audio_route: usecase(24) apply and update mixer path: spkr-vi-record
07-03 16:43:23.173   567 11598 D audio_route: Apply path: spkr-vi-record
07-03 16:43:23.173   428  1622 W GrallocMapperPassthrough: buffer descriptor with invalid usage bits 0x2002000
07-03 16:43:23.176   428   465 W GrallocMapperPassthrough: buffer descriptor with invalid usage bits 0x2002000
07-03 16:43:23.178   428   464 W GrallocMapperPassthrough: buffer descriptor with invalid usage bits 0x2002000
07-03 16:43:23.198   567 11598 D audio_hw_primary: enable_audio_route: usecase(0) apply and update mixer path: deep-buffer-playback
07-03 16:43:23.198   567 11598 D audio_route: Apply path: deep-buffer-playback
07-03 16:43:23.200   584  1334 E OMX-VDEC-1080P: Extension: OMX.google.android.index.AndroidNativeBufferConsumerUsage not implemented
07-03 16:43:23.201   575 32731 D SurfaceUtils: set up nativeWindow 0xee155008 for 1280x720, color 0x7fa30c04, rotation 0, usage 0x42002900
07-03 16:43:23.216   428  3274 W GrallocMapperPassthrough: buffer descriptor with invalid usage bits 0x2002000
07-03 16:43:23.225   428   796 W GrallocMapperPassthrough: buffer descriptor with invalid usage bits 0x2002000
07-03 16:43:23.236   567 11598 E msm8974_platform: ramp_speaker_gain: Could not get ctl for mixer cmd - Left Speaker Gain or Right Speaker Gain, not applying speaker gain ramp
07-03 16:43:23.236   567 11598 D audio_hw_primary: out_write: retry previous failed cal level set
07-03 16:43:23.237   567 11598 W msm8974_platform: platform_send_gain_dep_cal: Usecase list is empty
07-03 16:43:23.247   575 32726 D NuPlayerDriver: notifyListener_l(0xec324400), (5, 1280, 720, -1), loop setting(0, 0)
07-03 16:43:23.247   428  3274 W GrallocMapperPassthrough: buffer descriptor with invalid usage bits 0x2002000
07-03 16:43:23.247   575 32726 D NuPlayerDriver: notifyListener_l(0xec324400), (200, 3, 0, -1), loop setting(0, 0)
07-03 16:43:23.248 32615 32628 W MediaPlayerNative: info/warning (3, 0)
07-03 16:43:23.250   428   428 I Adreno  : Invalid colorspace 0
07-03 16:43:23.256   575 32728 I NuPlayerRenderer: possible video time jump of 0ms (100100 : 0) or uninitialized media clock, retrying in 100ms
07-03 16:43:23.327   567   730 D AudioFlinger: mixer(0xebe03d00) throttle end: throttle time(51)
07-03 16:43:23.356   575 32728 I NuPlayerRenderer: possible video time jump of 0ms (100100 : 0) or uninitialized media clock, retrying in 100ms
07-03 16:43:23.460   428   465 W GrallocMapperPassthrough: buffer descriptor with invalid usage bits 0x2002000
07-03 16:43:23.466   428   428 I Adreno  : Invalid colorspace 0
07-03 16:43:23.483   428   428 I chatty  : uid=1000(system) /system/bin/surfaceflinger identical 1 line
07-03 16:43:23.499   428   428 I Adreno  : Invalid colorspace 0
07-03 16:43:23.503   428   464 W GrallocMapperPassthrough: buffer descriptor with invalid usage bits 0x2002000
07-03 16:43:23.549   428   428 I Adreno  : Invalid colorspace 0
07-03 16:43:23.715   428   428 I chatty  : uid=1000(system) /system/bin/surfaceflinger identical 3 lines
07-03 16:43:23.747   428   428 I Adreno  : Invalid colorspace 0
07-03 16:43:24.079 32582 32678 I BatteryMgr:DataCollectionService: stats => 1688417004078,-121001,4146
07-03 16:43:25.091 32582 32678 I BatteryMgr:DataCollectionService: stats => 1688417005090,-121001,4146
07-03 16:43:26.101 32582 32678 I BatteryMgr:DataCollectionService: stats => 1688417006101,-121001,4146
07-03 16:43:27.112 32582 32678 I BatteryMgr:DataCollectionService: stats => 1688417007112,-121001,4146
07-03 16:43:28.042   575  1349 D NuPlayerDriver: stop(0xec324400)
07-03 16:43:28.042   575  1349 D NuPlayerDriver: notifyListener_l(0xec324400), (8, 0, 0, -1), loop setting(0, 0)
07-03 16:43:28.045   756  2057 V MediaRouterService: restoreBluetoothA2dp(false)
07-03 16:43:28.048 32615 32615 V MediaPlayer: resetDrmState:  mDrmInfo=null mDrmProvisioningThread=null mPrepareDrmInProgress=false mActiveDrmScheme=false
07-03 16:43:28.048 32615 32615 V MediaPlayer: cleanDrmObj: mDrmObj=null mDrmSessionId=null
07-03 16:43:28.049   575  1497 D NuPlayerDriver: reset(0xec324400) at state 8
07-03 16:43:28.095   584  1334 I OMX-VDEC-1080P: omx_vdec::component_deinit() complete
07-03 16:43:28.101   584  1334 I OMX-VDEC-1080P: Exit OMX vdec Destructor: fd=7
07-03 16:43:28.102   575 32730 D SurfaceUtils: disconnecting from surface 0xee155008, reason disconnectFromSurface
07-03 16:43:28.106   575 32729 D SurfaceUtils: connecting to surface 0xee155008, reason onShutdown
07-03 16:43:28.112   575 32726 D NuPlayerDriver: notifyResetComplete(0xec324400)
07-03 16:43:28.112   575  1497 D SurfaceUtils: disconnecting from surface 0xee155808, reason disconnectNativeWindow
07-03 16:43:28.116   756  3112 I MediaFocusControl: abandonAudioFocus() from uid/pid 10193/32615 clientId=android.media.AudioManager@8f93b55
07-03 16:43:28.119 32582 32678 I BatteryMgr:DataCollectionService: stats => 1688417008119,-121001,4146
07-03 16:43:28.133 32615 32615 W MediaPlayer: mediaplayer went away with unhandled events
07-03 16:43:28.234   567   712 W msm8974_platform: platform_send_gain_dep_cal: Usecase list is empty
07-03 16:43:28.234   567   712 E volume_listener: check_and_set_gain_dep_cal: Failed to set gain dep cal level
07-03 16:43:28.234   567   712 W msm8974_platform: platform_send_gain_dep_cal: Usecase list is empty
07-03 16:43:28.234   567   712 E volume_listener: check_and_set_gain_dep_cal: Failed to set gain dep cal level
07-03 16:43:28.235   567   712 W AudioFlinger: moveEffectChain_l() effect chain for session 0 not on source thread 0xebe03d00
07-03 16:43:28.565   567   730 D audio_hw_primary: disable_audio_route: usecase(0) reset and update mixer path: deep-buffer-playback
07-03 16:43:28.619   567   730 D audio_hw_primary: disable_snd_device: snd_device(95: vi-feedback)
07-03 16:43:28.619   567   730 D audio_hw_primary: disable_audio_route: usecase(24) reset and update mixer path: spkr-vi-record
07-03 16:43:29.130 32582 32678 I BatteryMgr:DataCollectionService: stats => 1688417009130,-121001,4146
07-03 16:43:30.143 32582 32678 I BatteryMgr:DataCollectionService: stats => 1688417010143,-121001,4146
07-03 16:43:31.159 32582 32678 I BatteryMgr:DataCollectionService: stats => 1688417011159,-121001,4146
07-03 16:43:32.180 32582 32678 I BatteryMgr:DataCollectionService: stats => 1688417012180,-121001,4146
07-03 16:43:33.129   756  3108 I MediaFocusControl: requestAudioFocus() from uid/pid 10193/32615 clientId=android.media.AudioManager@8f93b55 callingPack=x.intervalapp.displaytest req=1 flags=0x0 sdk=33
07-03 16:43:33.157   575  1349 D NuPlayerDriver: NuPlayerDriver(0xee113180) created, clientPid(32615)
07-03 16:43:33.162   575  1497 D SurfaceUtils: connecting to surface 0xee155008, reason setVideoSurfaceTexture
07-03 16:43:33.164   575 32744 D NuPlayer: onSetVideoSurface(0xee155800, no video decoder)
07-03 16:43:33.173   575 32745 D GenericSource: FileSource remote
07-03 16:43:33.190 32582 32678 I BatteryMgr:DataCollectionService: stats => 1688417013189,-121001,4146
07-03 16:43:33.191   573   573 I SampleTable: There are reordered frames present.
07-03 16:43:33.197   575 32744 D NuPlayerDriver: notifyListener_l(0xee113180), (5, 1280, 720, -1), loop setting(0, 0)
07-03 16:43:33.197   573 15277 D MediaBufferGroup: creating MemoryDealer
07-03 16:43:33.198   575 32744 D NuPlayerDriver: notifyListener_l(0xee113180), (1, 0, 0, -1), loop setting(0, 0)
07-03 16:43:33.221 32615 32615 D MediaPlayerNative: getMetadata
07-03 16:43:33.224   756 15226 V MediaRouterService: restoreBluetoothA2dp(false)
07-03 16:43:33.226   575  1349 D NuPlayerDriver: start(0xee113180), state is 4, eos is 0
07-03 16:43:33.226   575 32744 I GenericSource: start
07-03 16:43:33.245   584  1626 I OMXMaster: makeComponentInstance(OMX.qcom.video.decoder.avc) in android.hardwar process
07-03 16:43:33.246   584  1626 I OMX-VDEC-1080P: component_init: OMX.qcom.video.decoder.avc : fd=7
07-03 16:43:33.247   584  1626 I OMX-VDEC-1080P: Capabilities: driver_name = msm_vidc_driver, card = msm_vdec_8974, bus_info = , version = 1, capabilities = 4003000
07-03 16:43:33.263   584  1626 I OMX-VDEC-1080P: Enabling default extradata for OMX.qcom.video.decoder.avc
