--------- beginning of system
07-09 21:54:21.432  1733  3570 I ActivityTaskManager: START u0 {act=android.intent.action.MAIN cat=[android.intent.category.LAUNCHER] flg=0x10000000 cmp=com.example.batterymanager_utility/.MainActivity} from uid 2000
--------- beginning of main
07-09 21:54:21.436   565   565 I hwservicemanager: getTransport: Cannot find entry vendor.qti.hardware.iop@2.0::IIop/default in either framework or device manifest.
07-09 21:54:21.442  1733  3570 D CompatibilityInfo: mCompatibilityFlags - 0
07-09 21:54:21.442  1733  3570 D CompatibilityInfo: applicationDensity - 420
07-09 21:54:21.442  1733  3570 D CompatibilityInfo: applicationScale - 1.0
07-09 21:54:21.442  1733  3570 D ActivityTrigger: ActivityTrigger activityPauseTrigger 
07-09 21:54:21.451  1733  1893 W ActivityManager: ProcessRecord{dbfad20 0:com.example.batterymanager_utility/u0a186}: ART verification disabled
07-09 21:54:21.451  1733  1895 E system_server: Invalid ID 0x00000000.
07-09 21:54:21.452  1733  1893 D ActivityManager: Package [com.example.batterymanager_utility] have process
07-09 21:54:21.466   689   689 D Zygote  : Forked child process 16926
07-09 21:54:21.468  1733  1911 I ActivityManager: Start proc 16926:com.example.batterymanager_utility/u0a186 for activity {com.example.batterymanager_utility/com.example.batterymanager_utility.MainActivity}
07-09 21:54:21.468  1733  1911 D ActivityManager: handleProcessStartedLocked mDoneFinishBooting && app.pid != 0 ---> notifyProcessStart, app.processName = com.example.batterymanager_utility, app.info = ApplicationInfo{932e7e4 com.example.batterymanager_utility}, app.hostingType = activity, getHostingName() = ComponentInfo{com.example.batterymanager_utility/com.example.batterymanager_utility.MainActivity}, getIntentFlag() = 0, getIsPackageRunning() = true, app = ProcessRecord{dbfad20 16926:com.example.batterymanager_utility/u0a186}, getExtraData() = null
07-09 21:54:21.472 16926 16926 I manager_utilit: Late-enabling -Xcheck:jni
07-09 21:54:21.508 16926 16926 E manager_utilit: Unknown bits set in runtime_flags: 0x8000
07-09 21:54:21.527  1733  3570 D CompatibilityInfo: mCompatibilityFlags - 0
07-09 21:54:21.527  1733  3570 D CompatibilityInfo: applicationDensity - 420
07-09 21:54:21.527  1733  3570 D CompatibilityInfo: applicationScale - 1.0
07-09 21:54:21.531  1733  3570 D CompatibilityInfo: mCompatibilityFlags - 0
07-09 21:54:21.531  1733  3570 D CompatibilityInfo: applicationDensity - 420
07-09 21:54:21.531  1733  3570 D CompatibilityInfo: applicationScale - 1.0
07-09 21:54:21.532  1733 16945 W IrisConfig: ColorManagerService is not Existed
07-09 21:54:21.534  1733  3570 I qspmsvc-client: inside perf_hint_qspm
07-09 21:54:21.547 13031 13031 I A       : onPause
07-09 21:54:21.549  3167  3167 I HdmBroadcastRecvUpd: (REDACTED) received broadcast: %s
07-09 21:54:21.549  3167  3871 I HdmHotwordRequestListen: (REDACTED) received broadcast: %s
07-09 21:54:21.549  3167  3871 I SodaTriggeringFrontend: (REDACTED) #onConfigUpdate. requester: %s
07-09 21:54:21.550  3167  3873 I SodaTriggeringFrontend: #onConfigUpdate inside sequencer
07-09 21:54:21.550  3167  3873 I HotwordConfigUtils: (REDACTED) Voice Match (Speaker-id) supported : %b 
07-09 21:54:21.550  3167  3873 I HotwordConfigUtils: (REDACTED) hotword enrollment state is enrolled:  %b, speakerId model exist: %b. Voice Match supported : %b 
07-09 21:54:21.550  3167  3873 I HotwordConfigUtils: (REDACTED) isHotwordAvailable():  %b, isHotwordEnabled() %b 
07-09 21:54:21.550  3167  3873 I HotwordConfigUtils: (REDACTED) isHotwordAvailable():  %b, isHotwordEnabled() %b 
07-09 21:54:21.550  3167  3873 I HotwordConfigUtils: (REDACTED) Hotword enrollment state : %s.
07-09 21:54:21.550  3167  3873 I HotwordConfigUtils: (REDACTED) Voice Match (Speaker-id) supported : %b 
07-09 21:54:21.550  3167  3873 I HotwordConfigUtils: (REDACTED) Voice Match (Speaker-id) supported : %b 
07-09 21:54:21.550  3167  3873 I HotwordConfigUtils: (REDACTED) hotword enrollment state is enrolled:  %b, speakerId model exist: %b, voice match supported : %b
07-09 21:54:21.550  3167  3873 I HotwordConfigUtils: (REDACTED) Hotword isNonVoiceMatchHotwordEnabled: %b, isHotwordAvailable : %b, isHotwordEnabled : %b, isVoiceMatchSupported: %b, isHotwordEnrolled: %b.
07-09 21:54:21.550  3167  3873 I SodaTriggeringFrontend: (REDACTED) Ignore the legacy hotword request. voice match enabled %b, isHotwordSupported %b, isIncompleteEnrollmentState %b, nonVoiceMatchHotwordEnabled %b
07-09 21:54:21.695 16926 16926 I Perf    : Connecting to perf service.
07-09 21:54:21.712 16926 16926 I BatteryMgr:App: creating notification channel
07-09 21:54:21.716   565   565 I hwservicemanager: getTransport: Cannot find entry vendor.qti.hardware.iop@2.0::IIop/default in either framework or device manifest.
07-09 21:54:21.716  1077 30746 E ANDR-IOP: IIop:: Iop HAL Service is not available.
07-09 21:54:21.719 16926 16950 E Perf    : Fail to get file list com.example.batterymanager_utility
07-09 21:54:21.720 16926 16950 E Perf    : getFolderSize() : Exception_1 = java.lang.NullPointerException: Attempt to get length of null array
07-09 21:54:21.720 16926 16950 E Perf    : Fail to get file list com.example.batterymanager_utility
07-09 21:54:21.721 16926 16950 E Perf    : getFolderSize() : Exception_1 = java.lang.NullPointerException: Attempt to get length of null array
07-09 21:54:21.803  1733  3582 E WindowManager: App trying to use insecure INPUT_FEATURE_NO_INPUT_CHANNEL flag. Ignoring
07-09 21:54:22.127 16926 16926 W RenderThread: type=1400 audit(0.0:7000): avc: denied { search } for name="kgsl-3d0" dev="sysfs" ino=29187 scontext=u:r:untrusted_app:s0:c186,c256,c512,c768 tcontext=u:object_r:sysfs_kgsl:s0 tclass=dir permissive=0
07-09 21:54:22.132 16926 16951 I AdrenoGLES: QUALCOMM build                   : f2ab992, I401605978b
07-09 21:54:22.132 16926 16951 I AdrenoGLES: Build Date                       : 09/28/19
07-09 21:54:22.132 16926 16951 I AdrenoGLES: OpenGL ES Shader Compiler Version: EV031.27.05.01
07-09 21:54:22.132 16926 16951 I AdrenoGLES: Local Branch                     : 
07-09 21:54:22.132 16926 16951 I AdrenoGLES: Remote Branch                    : 
07-09 21:54:22.132 16926 16951 I AdrenoGLES: Remote Branch                    : 
07-09 21:54:22.132 16926 16951 I AdrenoGLES: Reconstruct Branch               : 
07-09 21:54:22.132 16926 16951 I AdrenoGLES: Build Config                     : S L 8.0.11 AArch64
07-09 21:54:22.137 16948 16948 W app_process: type=1400 audit(0.0:7001): avc: denied { read } for name="u:object_r:device_config_runtime_native_boot_prop:s0" dev="tmpfs" ino=19739 scontext=u:r:shell:s0 tcontext=u:object_r:device_config_runtime_native_boot_prop:s0 tclass=file permissive=0
07-09 21:54:22.137 16948 16948 I chatty  : uid=2000(shell) app_process identical 1 line
07-09 21:54:22.137 16948 16948 W app_process: type=1400 audit(0.0:7003): avc: denied { read } for name="u:object_r:device_config_runtime_native_boot_prop:s0" dev="tmpfs" ino=19739 scontext=u:r:shell:s0 tcontext=u:object_r:device_config_runtime_native_boot_prop:s0 tclass=file permissive=0
07-09 21:54:22.137 16948 16948 D AndroidRuntime: >>>>>> START com.android.internal.os.RuntimeInit uid 2000 <<<<<<
07-09 21:54:22.138 16926 16951 I AdrenoGLES: PFP: 0x005ff112, ME: 0x005ff066
07-09 21:54:22.142 16926 16951 W AdrenoUtils: <ReadGpuID_from_sysfs:194>: Failed to open /sys/class/kgsl/kgsl-3d0/gpu_model
07-09 21:54:22.142 16926 16951 W AdrenoUtils: <ReadGpuID:218>: Failed to read chip ID from gpu_model. Fallback to use the GSL path
07-09 21:54:22.143 16948 16948 E libc    : Access denied finding property "persist.device_config.runtime_native_boot.enable_apex_image"
07-09 21:54:22.143 16948 16948 I AndroidRuntime: Using default boot image
07-09 21:54:22.143 16948 16948 E libc    : Access denied finding property "persist.device_config.runtime_native_boot.disable_lock_profiling"
07-09 21:54:22.143 16948 16948 I AndroidRuntime: Leaving lock profiling enabled
07-09 21:54:22.144 16948 16948 E libc    : Access denied finding property "persist.device_config.runtime_native_boot.enable_generational_cc"
07-09 21:54:22.145   565   565 I hwservicemanager: getTransport: Cannot find entry vendor.display.config@1.7::IDisplayConfig/default in either framework or device manifest.
07-09 21:54:22.146   565   565 I hwservicemanager: getTransport: Cannot find entry vendor.display.config@1.7::IDisplayConfig/default in either framework or device manifest.
07-09 21:54:22.178   565   565 I hwservicemanager: getTransport: Cannot find entry android.hardware.graphics.mapper@3.0::IMapper/default in either framework or device manifest.
07-09 21:54:22.178 16926 16951 W Gralloc3: mapper 3.x is not supported
07-09 21:54:22.203   565   565 I hwservicemanager: getTransport: Cannot find entry vendor.qti.hardware.iop@2.0::IIop/default in either framework or device manifest.
07-09 21:54:22.204  1733  1909 I ActivityTaskManager: Displayed com.example.batterymanager_utility/.MainActivity: +767ms
07-09 21:54:22.204   565   565 I hwservicemanager: getTransport: Cannot find entry vendor.qti.hardware.iop@2.0::IIop/default in either framework or device manifest.
07-09 21:54:22.244  2633  2633 I GoogleInputMethodService: GoogleInputMethodService.onFinishInput():3306 
07-09 21:54:22.245  2633  2633 I GoogleInputMethodService: GoogleInputMethodService.updateDeviceLockedStatus():2127 repeatCheckTimes = 0, locked = false
07-09 21:54:22.245  2633  2633 I GoogleInputMethodService: GoogleInputMethodService.onStartInput():1909 onStartInput(EditorInfo{inputType=0x0(NULL) imeOptions=0x0 privateImeOptions=null actionName=UNSPECIFIED actionLabel=null actionId=0 initialSelStart=-1 initialSelEnd=-1 initialCapsMode=0x0 hintText=null label=null packageName=com.example.batterymanager_utility fieldId=-1 fieldName=null extras=null hintLocales=[]}, false)
07-09 21:54:22.245  2633  2633 I GoogleInputMethodService: GoogleInputMethodService.shouldHideHeaderOnInitialState():1990 ShouldHideHeaderOnInitialState = false
07-09 21:54:22.246  2633  2633 I GoogleInputMethodService: GoogleInputMethodService.updateDeviceLockedStatus():2127 repeatCheckTimes = 1, locked = false
07-09 21:54:22.260  1733  3587 D ActivityTrigger: ActivityTrigger activityStopTrigger 
07-09 21:54:22.264   565   565 E SELinux : avc:  denied  { find } for interface=vendor.qti.hardware.servicetracker::IServicetracker sid=u:r:system_server:s0 pid=1733 scontext=u:r:system_server:s0 tcontext=u:object_r:default_android_hwservice:s0 tclass=hwservice_manager permissive=0
07-09 21:54:22.267 13031 13031 I A       : onStop
07-09 21:54:22.280 16948 16948 D ICU     : Time zone APEX file found: /apex/com.android.tzdata/etc/icu/icu_tzdata.dat
07-09 21:54:22.302 16948 16948 I app_process: The ClassLoaderContext is a special shared library.
07-09 21:54:22.327 16948 16948 W app_process: JNI RegisterNativeMethods: attempt to register 0 native methods for android.media.AudioAttributes
07-09 21:54:22.342 16948 16948 D AndroidRuntime: Calling main entry com.android.commands.monkey.Monkey
07-09 21:54:22.343 16948 16948 W Monkey  : args: [-p, e.www.gyroscopetest, 1]
07-09 21:54:22.344 16948 16948 W Monkey  :  arg: "-p"
07-09 21:54:22.344 16948 16948 W Monkey  :  arg: "e.www.gyroscopetest"
07-09 21:54:22.344 16948 16948 W Monkey  :  arg: "1"
07-09 21:54:22.345 16948 16948 W Monkey  : data="e.www.gyroscopetest"
07-09 21:54:22.385  1733  1910 W BroadcastQueue: Skipping deliver [background] BroadcastRecord{a134f29 u-1 android.net.conn.CONNECTIVITY_CHANGE} to ReceiverList{f0d62ae 16948 (unknown name)/2000/u-1 remote:4ee8ff3}: process gone or crashing
07-09 21:54:22.399  1733  3582 I ActivityTaskManager: START u0 {act=android.intent.action.MAIN cat=[android.intent.category.LAUNCHER] flg=0x10200000 cmp=e.www.gyroscopetest/.MainActivity} from uid 2000
07-09 21:54:22.399  1733  3582 W Binder  : Outgoing transactions from this process must be FLAG_ONEWAY
07-09 21:54:22.399  1733  3582 W Binder  : java.lang.Throwable
07-09 21:54:22.399  1733  3582 W Binder  : 	at android.os.BinderProxy.transact(BinderProxy.java:480)
07-09 21:54:22.399  1733  3582 W Binder  : 	at android.app.IActivityController$Stub$Proxy.activityStarting(IActivityController.java:273)
07-09 21:54:22.399  1733  3582 W Binder  : 	at com.android.server.wm.ActivityStarter.startActivity(ActivityStarter.java:798)
07-09 21:54:22.399  1733  3582 W Binder  : 	at com.android.server.wm.ActivityStarter.startActivity(ActivityStarter.java:587)
07-09 21:54:22.399  1733  3582 W Binder  : 	at com.android.server.wm.ActivityStarter.startActivityMayWait(ActivityStarter.java:1292)
07-09 21:54:22.399  1733  3582 W Binder  : 	at com.android.server.wm.ActivityStarter.execute(ActivityStarter.java:518)
07-09 21:54:22.399  1733  3582 W Binder  : 	at com.android.server.wm.ActivityTaskManagerService.startActivityAsUser(ActivityTaskManagerService.java:1058)
07-09 21:54:22.399  1733  3582 W Binder  : 	at com.android.server.wm.ActivityTaskManagerService.startActivityAsUser(ActivityTaskManagerService.java:1032)
07-09 21:54:22.399  1733  3582 W Binder  : 	at com.android.server.am.ActivityManagerService.startActivityAsUser(ActivityManagerService.java:3759)
07-09 21:54:22.399  1733  3582 W Binder  : 	at android.app.IActivityManager$Stub.onTransact(IActivityManager.java:3588)
07-09 21:54:22.399  1733  3582 W Binder  : 	at com.android.server.am.ActivityManagerService.onTransact(ActivityManagerService.java:2906)
07-09 21:54:22.399  1733  3582 W Binder  : 	at android.os.Binder.execTransactInternal(Binder.java:1021)
07-09 21:54:22.399  1733  3582 W Binder  : 	at android.os.Binder.execTransact(Binder.java:994)
07-09 21:54:22.402   565   565 I hwservicemanager: getTransport: Cannot find entry vendor.qti.hardware.iop@2.0::IIop/default in either framework or device manifest.
07-09 21:54:22.409  1733  3582 D CompatibilityInfo: mCompatibilityFlags - 0
07-09 21:54:22.409  1733  3582 D CompatibilityInfo: applicationDensity - 420
07-09 21:54:22.409  1733  3582 D CompatibilityInfo: applicationScale - 1.0
07-09 21:54:22.409  1733  3582 D ActivityTrigger: ActivityTrigger activityPauseTrigger 
07-09 21:54:22.413 16948 16948 I Monkey  : Events injected: 1
07-09 21:54:22.415  1733  1733 V SettingsProvider: Notifying for 0: content://settings/system/accelerometer_rotation
07-09 21:54:22.426  1733  1895 E system_server: Invalid ID 0x00000000.
07-09 21:54:22.427  1733  1733 V SettingsProvider: Notifying for 0: content://settings/system/accelerometer_rotation
07-09 21:54:22.435 16948 16948 I Monkey  : ## Network stats: elapsed time=32ms (0ms mobile, 0ms wifi, 32ms not connected)
07-09 21:54:22.435  1733  1893 W ActivityManager: ProcessRecord{4f779e0 0:e.www.gyroscopetest/u0a204}: ART verification disabled
07-09 21:54:22.436 16948 16948 I app_process: System.exit called, status: 0
07-09 21:54:22.436 16948 16948 I AndroidRuntime: VM exiting with result code 0.
07-09 21:54:22.436  1733  1893 D ActivityManager: Package [e.www.gyroscopetest] have process
07-09 21:54:22.452   689   689 D Zygote  : Forked child process 16971
07-09 21:54:22.456  1733  1911 I ActivityManager: Start proc 16971:e.www.gyroscopetest/u0a204 for activity {e.www.gyroscopetest/e.www.gyroscopetest.MainActivity}
07-09 21:54:22.458  1733  1911 D ActivityManager: handleProcessStartedLocked mDoneFinishBooting && app.pid != 0 ---> notifyProcessStart, app.processName = e.www.gyroscopetest, app.info = ApplicationInfo{9ddd33f e.www.gyroscopetest}, app.hostingType = activity, getHostingName() = ComponentInfo{e.www.gyroscopetest/e.www.gyroscopetest.MainActivity}, getIntentFlag() = 0, getIsPackageRunning() = true, app = ProcessRecord{4f779e0 16971:e.www.gyroscopetest/u0a204}, getExtraData() = null
07-09 21:54:22.461 16971 16971 I w.gyroscopetes: Late-enabling -Xcheck:jni
07-09 21:54:22.491 16971 16971 E w.gyroscopetes: Unknown bits set in runtime_flags: 0x8000
07-09 21:54:22.514  1733  8753 D CompatibilityInfo: mCompatibilityFlags - 0
07-09 21:54:22.514  1733  8753 D CompatibilityInfo: applicationDensity - 420
07-09 21:54:22.514  1733  8753 D CompatibilityInfo: applicationScale - 1.0
07-09 21:54:22.518  1733  8753 D CompatibilityInfo: mCompatibilityFlags - 0
07-09 21:54:22.518  1733  8753 D CompatibilityInfo: applicationDensity - 420
07-09 21:54:22.518  1733  8753 D CompatibilityInfo: applicationScale - 1.0
07-09 21:54:22.519  1733 16990 W IrisConfig: ColorManagerService is not Existed
07-09 21:54:22.520  1733  8753 I qspmsvc-client: inside perf_hint_qspm
07-09 21:54:22.602 16971 16971 I Perf    : Connecting to perf service.
07-09 21:54:22.612   565   565 I hwservicemanager: getTransport: Cannot find entry vendor.qti.hardware.iop@2.0::IIop/default in either framework or device manifest.
07-09 21:54:22.612  1077 30746 E ANDR-IOP: IIop:: Iop HAL Service is not available.
07-09 21:54:22.614 16971 16993 E Perf    : Fail to get file list e.www.gyroscopetest
07-09 21:54:22.615 16971 16993 E Perf    : getFolderSize() : Exception_1 = java.lang.NullPointerException: Attempt to get length of null array
07-09 21:54:22.615 16971 16993 E Perf    : Fail to get file list e.www.gyroscopetest
07-09 21:54:22.615 16971 16993 E Perf    : getFolderSize() : Exception_1 = java.lang.NullPointerException: Attempt to get length of null array
07-09 21:54:22.681 16971 16971 W w.gyroscopetes: Accessing hidden method Landroid/view/View;->computeFitSystemWindows(Landroid/graphics/Rect;Landroid/graphics/Rect;)Z (greylist, reflection, allowed)
07-09 21:54:22.683 16971 16971 W w.gyroscopetes: Accessing hidden method Landroid/view/ViewGroup;->makeOptionalFitsSystemWindows()V (greylist, reflection, allowed)
07-09 21:54:22.732  1733  8753 E WindowManager: App trying to use insecure INPUT_FEATURE_NO_INPUT_CHANNEL flag. Ignoring
07-09 21:54:22.755 16971 16994 I AdrenoGLES: QUALCOMM build                   : f2ab992, I401605978b
07-09 21:54:22.755 16971 16994 I AdrenoGLES: Build Date                       : 09/28/19
07-09 21:54:22.755 16971 16994 I AdrenoGLES: OpenGL ES Shader Compiler Version: EV031.27.05.01
07-09 21:54:22.755 16971 16994 I AdrenoGLES: Local Branch                     : 
07-09 21:54:22.755 16971 16994 I AdrenoGLES: Remote Branch                    : 
07-09 21:54:22.755 16971 16994 I AdrenoGLES: Remote Branch                    : 
07-09 21:54:22.755 16971 16994 I AdrenoGLES: Reconstruct Branch               : 
07-09 21:54:22.755 16971 16994 I AdrenoGLES: Build Config                     : S L 8.0.11 AArch64
07-09 21:54:22.757 16971 16971 W RenderThread: type=1400 audit(0.0:7004): avc: denied { search } for name="kgsl-3d0" dev="sysfs" ino=29187 scontext=u:r:untrusted_app_27:s0:c204,c256,c512,c768 tcontext=u:object_r:sysfs_kgsl:s0 tclass=dir permissive=0
07-09 21:54:22.763 16971 16994 I AdrenoGLES: PFP: 0x005ff112, ME: 0x005ff066
07-09 21:54:22.766 16971 16994 W AdrenoUtils: <ReadGpuID_from_sysfs:194>: Failed to open /sys/class/kgsl/kgsl-3d0/gpu_model
07-09 21:54:22.767 16971 16994 W AdrenoUtils: <ReadGpuID:218>: Failed to read chip ID from gpu_model. Fallback to use the GSL path
07-09 21:54:22.768   565   565 I hwservicemanager: getTransport: Cannot find entry vendor.display.config@1.7::IDisplayConfig/default in either framework or device manifest.
07-09 21:54:22.769   565   565 I hwservicemanager: getTransport: Cannot find entry vendor.display.config@1.7::IDisplayConfig/default in either framework or device manifest.
07-09 21:54:22.785   565   565 I hwservicemanager: getTransport: Cannot find entry android.hardware.graphics.mapper@3.0::IMapper/default in either framework or device manifest.
07-09 21:54:22.785 16971 16994 W Gralloc3: mapper 3.x is not supported
07-09 21:54:22.800   565   565 I hwservicemanager: getTransport: Cannot find entry vendor.qti.hardware.iop@2.0::IIop/default in either framework or device manifest.
07-09 21:54:22.801  1733  1909 I ActivityTaskManager: Displayed e.www.gyroscopetest/.MainActivity: +399ms
07-09 21:54:22.802   565   565 I hwservicemanager: getTransport: Cannot find entry vendor.qti.hardware.iop@2.0::IIop/default in either framework or device manifest.
07-09 21:54:22.803  2633  2633 I GoogleInputMethodService: GoogleInputMethodService.onFinishInput():3306 
07-09 21:54:22.803  2633  2633 I GoogleInputMethodService: GoogleInputMethodService.updateDeviceLockedStatus():2127 repeatCheckTimes = 0, locked = false
07-09 21:54:22.803  2633  2633 I GoogleInputMethodService: GoogleInputMethodService.onStartInput():1909 onStartInput(EditorInfo{inputType=0x0(NULL) imeOptions=0x0 privateImeOptions=null actionName=UNSPECIFIED actionLabel=null actionId=0 initialSelStart=-1 initialSelEnd=-1 initialCapsMode=0x0 hintText=null label=null packageName=e.www.gyroscopetest fieldId=-1 fieldName=null extras=null hintLocales=[]}, false)
07-09 21:54:22.804  2633  2633 I GoogleInputMethodService: GoogleInputMethodService.shouldHideHeaderOnInitialState():1990 ShouldHideHeaderOnInitialState = false
07-09 21:54:22.804  2633  2633 I GoogleInputMethodService: GoogleInputMethodService.updateDeviceLockedStatus():2127 repeatCheckTimes = 1, locked = false
07-09 21:54:23.148  1733  1893 D ActivityTrigger: ActivityTrigger activityStopTrigger 
07-09 21:54:24.089  1733  3587 D CompatibilityInfo: mCompatibilityFlags - 0
07-09 21:54:24.089  1733  3587 D CompatibilityInfo: applicationDensity - 420
07-09 21:54:24.089  1733  3587 D CompatibilityInfo: applicationScale - 1.0
07-09 21:54:24.090   565   565 E SELinux : avc:  denied  { find } for interface=vendor.qti.hardware.servicetracker::IServicetracker sid=u:r:system_server:s0 pid=1733 scontext=u:r:system_server:s0 tcontext=u:object_r:default_android_hwservice:s0 tclass=hwservice_manager permissive=0
07-09 21:54:24.095 16926 16926 I BatteryMgr:DataCollectionService: onStartCommand: begin
07-09 21:54:24.095 16926 16926 I BatteryMgr:DataCollectionService: onStartCommand: sampleRate => 1
07-09 21:54:24.095 16926 16926 I BatteryMgr:DataCollectionService: onStartCommand: rawFields => Timestamp,BATTERY_PROPERTY_CURRENT_NOW,EXTRA_VOLTAGE
07-09 21:54:24.097 16926 16926 I BatteryMgr:DataCollectionService: onStartCommand: notification done
07-09 21:54:24.100 16926 16926 I BatteryMgr:DataCollectionService: started foreground
07-09 21:54:24.100  1733  1910 E NotificationService: Suppressing notification from package by user request.
07-09 21:54:24.100  1733  1910 I ServiceRecord: ServicesRecord broadcast notify intent package = com.example.batterymanager_utility pid = 16926
07-09 21:54:24.110 16926 17020 I BatteryMgr:DataCollectionService: collectData: begin
07-09 21:54:24.115 16926 17020 I BatteryMgr:DataCollectionService: stats => 1688932464115,-221191,4234
07-09 21:54:24.120 16926 17020 I BatteryMgr:DataCollectionService: stats => 1688932464120,-221191,4234
07-09 21:54:24.124 16926 17020 I BatteryMgr:DataCollectionService: stats => 1688932464124,-221191,4234
07-09 21:54:24.129 16926 17020 I BatteryMgr:DataCollectionService: stats => 1688932464129,-221191,4234
07-09 21:54:24.133 16926 17020 I BatteryMgr:DataCollectionService: stats => 1688932464133,-221191,4234
07-09 21:54:24.137 16926 17020 I BatteryMgr:DataCollectionService: stats => 1688932464137,-221191,4234
07-09 21:54:24.141 16926 17020 I BatteryMgr:DataCollectionService: stats => 1688932464141,-221191,4234
07-09 21:54:24.145 16926 17020 I BatteryMgr:DataCollectionService: stats => 1688932464144,-221191,4234
07-09 21:54:24.149 16926 17020 I BatteryMgr:DataCollectionService: stats => 1688932464149,-221191,4234
07-09 21:54:24.154 16926 17020 I BatteryMgr:DataCollectionService: stats => 1688932464154,-221191,4234
07-09 21:54:24.159 16926 17020 I BatteryMgr:DataCollectionService: stats => 1688932464159,-221191,4234
07-09 21:54:24.164 16926 17020 I BatteryMgr:DataCollectionService: stats => 1688932464164,-221191,4234
07-09 21:54:24.169 16926 17020 I BatteryMgr:DataCollectionService: stats => 1688932464169,-221191,4234
07-09 21:54:24.175 16926 17020 I BatteryMgr:DataCollectionService: stats => 1688932464175,-221191,4234
07-09 21:54:24.179 16926 17020 I BatteryMgr:DataCollectionService: stats => 1688932464179,-221191,4234
07-09 21:54:24.184 16926 17020 I BatteryMgr:DataCollectionService: stats => 1688932464184,-221191,4234
07-09 21:54:24.189 16926 17020 I BatteryMgr:DataCollectionService: stats => 1688932464188,-221191,4234
07-09 21:54:24.192 16926 17020 I BatteryMgr:DataCollectionService: stats => 1688932464192,-221191,4234
07-09 21:54:24.196 16926 17020 I BatteryMgr:DataCollectionService: stats => 1688932464196,-221191,4234
07-09 21:54:24.202 16926 17020 I BatteryMgr:DataCollectionService: stats => 1688932464202,-221191,4234
07-09 21:54:24.206 16926 17020 I BatteryMgr:DataCollectionService: stats => 1688932464206,-221191,4234
07-09 21:54:24.210 16926 17020 I BatteryMgr:DataCollectionService: stats => 1688932464210,-221191,4234
07-09 21:54:24.215 16926 17020 I BatteryMgr:DataCollectionService: stats => 1688932464215,-221191,4234
07-09 21:54:24.219 16926 17020 I BatteryMgr:DataCollectionService: stats => 1688932464219,-221191,4234
07-09 21:54:24.223 16926 17020 I BatteryMgr:DataCollectionService: stats => 1688932464223,-221191,4234
07-09 21:54:24.223   565   565 E SELinux : avc:  denied  { find } for interface=vendor.qti.hardware.servicetracker::IServicetracker sid=u:r:system_server:s0 pid=1733 scontext=u:r:system_server:s0 tcontext=u:object_r:default_android_hwservice:s0 tclass=hwservice_manager permissive=0
07-09 21:54:24.227 16926 17020 I BatteryMgr:DataCollectionService: stats => 1688932464227,-221191,4234
07-09 21:54:24.231 16926 17020 I BatteryMgr:DataCollectionService: stats => 1688932464230,-221191,4234
07-09 21:54:24.237 16926 17020 I BatteryMgr:DataCollectionService: stats => 1688932464237,-221191,4234
07-09 21:54:24.241 16926 17020 I BatteryMgr:DataCollectionService: stats => 1688932464241,-221191,4234
07-09 21:54:24.245 16926 17020 I BatteryMgr:DataCollectionService: stats => 1688932464245,-221191,4234
07-09 21:54:24.249 16926 17020 I BatteryMgr:DataCollectionService: stats => 1688932464249,-221191,4234
07-09 21:54:24.255 16926 17020 I BatteryMgr:DataCollectionService: stats => 1688932464255,-221191,4234
07-09 21:54:24.259 16926 17020 I BatteryMgr:DataCollectionService: stats => 1688932464259,-221191,4234
07-09 21:54:24.264 16926 17020 I BatteryMgr:DataCollectionService: stats => 1688932464264,-221191,4234
07-09 21:54:24.270 16926 17020 I BatteryMgr:DataCollectionService: stats => 1688932464270,-221191,4234
07-09 21:54:24.274 16926 17020 I BatteryMgr:DataCollectionService: stats => 1688932464274,-221191,4234
07-09 21:54:24.279 16926 17020 I BatteryMgr:DataCollectionService: stats => 1688932464279,-221191,4234
07-09 21:54:24.283 16926 17020 I BatteryMgr:DataCollectionService: stats => 1688932464283,-221191,4234
07-09 21:54:24.287 16926 17020 I BatteryMgr:DataCollectionService: stats => 1688932464287,-221191,4234
07-09 21:54:24.292 16926 17020 I BatteryMgr:DataCollectionService: stats => 1688932464291,-221191,4234
07-09 21:54:24.295 16926 17020 I BatteryMgr:DataCollectionService: stats => 1688932464295,-221191,4234
07-09 21:54:24.299 16926 17020 I BatteryMgr:DataCollectionService: stats => 1688932464299,-221191,4234
07-09 21:54:24.302 16926 17020 I BatteryMgr:DataCollectionService: stats => 1688932464302,-221191,4234
07-09 21:54:24.306 16926 17020 I BatteryMgr:DataCollectionService: stats => 1688932464306,-221191,4234
07-09 21:54:24.310 16926 17020 I BatteryMgr:DataCollectionService: stats => 1688932464310,-221191,4234
07-09 21:54:24.314 16926 17020 I BatteryMgr:DataCollectionService: stats => 1688932464314,-221191,4234
07-09 21:54:24.318 16926 17020 I BatteryMgr:DataCollectionService: stats => 1688932464318,-221191,4234
07-09 21:54:24.322 16926 17020 I BatteryMgr:DataCollectionService: stats => 1688932464322,-221191,4234
07-09 21:54:24.326 16926 17020 I BatteryMgr:DataCollectionService: stats => 1688932464326,-221191,4234
07-09 21:54:24.330 16926 17020 I BatteryMgr:DataCollectionService: stats => 1688932464330,-221191,4234
07-09 21:54:24.333 16926 17020 I BatteryMgr:DataCollectionService: stats => 1688932464333,-221191,4234
07-09 21:54:24.338 16926 17020 I BatteryMgr:DataCollectionService: stats => 1688932464338,-221191,4234
07-09 21:54:24.342 16926 17020 I BatteryMgr:DataCollectionService: stats => 1688932464342,-221191,4234
07-09 21:54:24.347 16926 17020 I BatteryMgr:DataCollectionService: stats => 1688932464346,-221191,4234
07-09 21:54:24.350 16926 17020 I BatteryMgr:DataCollectionService: stats => 1688932464350,-221191,4234
07-09 21:54:24.354 16926 17020 I BatteryMgr:DataCollectionService: stats => 1688932464354,-221191,4234
07-09 21:54:24.359 16926 17020 I BatteryMgr:DataCollectionService: stats => 1688932464359,-221191,4234
07-09 21:54:24.362 16926 17020 I BatteryMgr:DataCollectionService: stats => 1688932464362,-221191,4234
07-09 21:54:24.366 16926 17020 I BatteryMgr:DataCollectionService: stats => 1688932464366,-221191,4234
07-09 21:54:24.370 16926 17020 I BatteryMgr:DataCollectionService: stats => 1688932464370,-221191,4234
07-09 21:54:24.374 16926 17020 I BatteryMgr:DataCollectionService: stats => 1688932464374,-221191,4234
07-09 21:54:24.379 16926 17020 I BatteryMgr:DataCollectionService: stats => 1688932464379,-221191,4234
07-09 21:54:24.383 16926 17020 I BatteryMgr:DataCollectionService: stats => 1688932464383,-221191,4234
07-09 21:54:24.387 16926 17020 I BatteryMgr:DataCollectionService: stats => 1688932464387,-221191,4234
07-09 21:54:24.391 16926 17020 I BatteryMgr:DataCollectionService: stats => 1688932464391,-221191,4234
07-09 21:54:24.396 16926 17020 I BatteryMgr:DataCollectionService: stats => 1688932464396,-221191,4234
07-09 21:54:24.400 16926 17020 I BatteryMgr:DataCollectionService: stats => 1688932464400,-221191,4234
07-09 21:54:24.405 16926 17020 I BatteryMgr:DataCollectionService: stats => 1688932464405,-221191,4234
07-09 21:54:24.412 16926 17020 I BatteryMgr:DataCollectionService: stats => 1688932464412,-221191,4234
07-09 21:54:24.419 16926 17020 I BatteryMgr:DataCollectionService: stats => 1688932464418,-221191,4234
07-09 21:54:24.424 16926 17020 I BatteryMgr:DataCollectionService: stats => 1688932464423,-221191,4234
07-09 21:54:24.432 16926 17020 I BatteryMgr:DataCollectionService: stats => 1688932464432,-221191,4234
07-09 21:54:24.437 16926 17020 I BatteryMgr:DataCollectionService: stats => 1688932464437,-221191,4234
07-09 21:54:24.443 16926 17020 I BatteryMgr:DataCollectionService: stats => 1688932464443,-221191,4234
07-09 21:54:24.450 16926 17020 I BatteryMgr:DataCollectionService: stats => 1688932464450,-221191,4234
07-09 21:54:24.456 16926 17020 I BatteryMgr:DataCollectionService: stats => 1688932464456,-221191,4234
07-09 21:54:24.461 16926 17020 I BatteryMgr:DataCollectionService: stats => 1688932464461,-221191,4234
07-09 21:54:24.468 16926 17020 I BatteryMgr:DataCollectionService: stats => 1688932464468,-221191,4234
07-09 21:54:24.473 16926 17020 I BatteryMgr:DataCollectionService: stats => 1688932464473,-221191,4234
07-09 21:54:24.479 16926 17020 I BatteryMgr:DataCollectionService: stats => 1688932464479,-221191,4234
07-09 21:54:24.486 16926 17020 I BatteryMgr:DataCollectionService: stats => 1688932464486,-221191,4234
07-09 21:54:24.491 16926 17020 I BatteryMgr:DataCollectionService: stats => 1688932464491,-221191,4234
07-09 21:54:24.501 16926 17020 I BatteryMgr:DataCollectionService: stats => 1688932464501,-221191,4234
07-09 21:54:24.507 16926 17020 I BatteryMgr:DataCollectionService: stats => 1688932464507,-221191,4234
07-09 21:54:24.513 16926 17020 I BatteryMgr:DataCollectionService: stats => 1688932464513,-221191,4234
07-09 21:54:24.522 16926 17020 I BatteryMgr:DataCollectionService: stats => 1688932464522,-221191,4234
07-09 21:54:24.529 16926 17020 I BatteryMgr:DataCollectionService: stats => 1688932464529,-221191,4234
07-09 21:54:24.536 16926 17020 I BatteryMgr:DataCollectionService: stats => 1688932464535,-221191,4234
07-09 21:54:24.540 16926 17020 I BatteryMgr:DataCollectionService: stats => 1688932464540,-221191,4234
07-09 21:54:24.545 16926 17020 I BatteryMgr:DataCollectionService: stats => 1688932464545,-221191,4234
07-09 21:54:24.549 16926 17020 I BatteryMgr:DataCollectionService: stats => 1688932464549,-221191,4234
07-09 21:54:24.556 16926 17020 I BatteryMgr:DataCollectionService: stats => 1688932464555,-221191,4234
07-09 21:54:24.560 16926 17020 I BatteryMgr:DataCollectionService: stats => 1688932464560,-221191,4234
07-09 21:54:24.564 16926 17020 I BatteryMgr:DataCollectionService: stats => 1688932464564,-221191,4234
07-09 21:54:24.570 16926 17020 I BatteryMgr:DataCollectionService: stats => 1688932464570,-221191,4234
07-09 21:54:24.576 16926 17020 I BatteryMgr:DataCollectionService: stats => 1688932464576,-221191,4234
07-09 21:54:24.583 16926 17020 I BatteryMgr:DataCollectionService: stats => 1688932464583,-221191,4234
07-09 21:54:24.590 16926 17020 I BatteryMgr:DataCollectionService: stats => 1688932464590,-221191,4234
07-09 21:54:24.596 16926 17020 I BatteryMgr:DataCollectionService: stats => 1688932464596,-221191,4234
07-09 21:54:24.603 16926 17020 I BatteryMgr:DataCollectionService: stats => 1688932464603,-221191,4234
07-09 21:54:24.610 16926 17020 I BatteryMgr:DataCollectionService: stats => 1688932464610,-221191,4234
07-09 21:54:24.617 16926 17020 I BatteryMgr:DataCollectionService: stats => 1688932464617,-221191,4234
07-09 21:54:24.625 16926 17020 I BatteryMgr:DataCollectionService: stats => 1688932464625,-221191,4234
07-09 21:54:24.631 16926 17020 I BatteryMgr:DataCollectionService: stats => 1688932464631,-221191,4234
07-09 21:54:24.637 16926 17020 I BatteryMgr:DataCollectionService: stats => 1688932464636,-221191,4234
07-09 21:54:24.644 16926 17020 I BatteryMgr:DataCollectionService: stats => 1688932464644,-221191,4234
07-09 21:54:24.650 16926 17020 I BatteryMgr:DataCollectionService: stats => 1688932464650,-221191,4234
07-09 21:54:24.659 16926 17020 I BatteryMgr:DataCollectionService: stats => 1688932464659,-221191,4234
07-09 21:54:24.665 16926 17020 I BatteryMgr:DataCollectionService: stats => 1688932464665,-221191,4234
07-09 21:54:24.670 16926 17020 I BatteryMgr:DataCollectionService: stats => 1688932464670,-221191,4234
07-09 21:54:24.679 16926 17020 I BatteryMgr:DataCollectionService: stats => 1688932464679,-221191,4234
07-09 21:54:24.686 16926 17020 I BatteryMgr:DataCollectionService: stats => 1688932464686,-221191,4234
07-09 21:54:24.701 16926 17020 I BatteryMgr:DataCollectionService: stats => 1688932464701,-221191,4234
07-09 21:54:24.709 16926 17020 I BatteryMgr:DataCollectionService: stats => 1688932464709,-221191,4234
07-09 21:54:24.718 16926 17020 I BatteryMgr:DataCollectionService: stats => 1688932464717,-221191,4234
07-09 21:54:24.725 16926 17020 I BatteryMgr:DataCollectionService: stats => 1688932464725,-221191,4234
07-09 21:54:24.733 16926 17020 I BatteryMgr:DataCollectionService: stats => 1688932464733,-221191,4234
07-09 21:54:24.743 16926 17020 I BatteryMgr:DataCollectionService: stats => 1688932464743,-221191,4234
07-09 21:54:24.752 16926 17021 I BatteryMgr:DataCollectionService: stats => 1688932464752,-221191,4234
07-09 21:54:24.764 16926 17021 I BatteryMgr:DataCollectionService: stats => 1688932464764,-221191,4234
07-09 21:54:24.771 16926 17021 I BatteryMgr:DataCollectionService: stats => 1688932464771,-221191,4234
07-09 21:54:24.784 16926 17021 I BatteryMgr:DataCollectionService: stats => 1688932464784,-221191,4234
07-09 21:54:24.791 16926 17021 I BatteryMgr:DataCollectionService: stats => 1688932464791,-221191,4234
07-09 21:54:24.801 16926 17021 I BatteryMgr:DataCollectionService: stats => 1688932464801,-221191,4234
07-09 21:54:24.809 16926 17021 I BatteryMgr:DataCollectionService: stats => 1688932464809,-221191,4234
07-09 21:54:24.820 16926 17021 I BatteryMgr:DataCollectionService: stats => 1688932464819,-221191,4234
07-09 21:54:24.829 16926 17021 I BatteryMgr:DataCollectionService: stats => 1688932464829,-221191,4234
07-09 21:54:24.840 16926 17021 I BatteryMgr:DataCollectionService: stats => 1688932464839,-221191,4234
07-09 21:54:24.849 16926 17021 I BatteryMgr:DataCollectionService: stats => 1688932464848,-221191,4234
07-09 21:54:24.859 16926 17021 I BatteryMgr:DataCollectionService: stats => 1688932464859,-221191,4234
07-09 21:54:24.867 16926 17020 I BatteryMgr:DataCollectionService: stats => 1688932464867,-221191,4234
07-09 21:54:24.875 16926 17020 I BatteryMgr:DataCollectionService: stats => 1688932464875,-221191,4234
07-09 21:54:24.883 16926 17020 I BatteryMgr:DataCollectionService: stats => 1688932464883,-221191,4234
07-09 21:54:24.890 16926 17020 I BatteryMgr:DataCollectionService: stats => 1688932464890,-221191,4234
07-09 21:54:24.899 16926 17020 I BatteryMgr:DataCollectionService: stats => 1688932464898,-221191,4234
07-09 21:54:24.907 16926 17020 I BatteryMgr:DataCollectionService: stats => 1688932464907,-221191,4234
07-09 21:54:24.916 16926 17020 I BatteryMgr:DataCollectionService: stats => 1688932464916,-221191,4234
07-09 21:54:24.921 16926 17020 I BatteryMgr:DataCollectionService: stats => 1688932464921,-221191,4234
07-09 21:54:24.927 16926 17020 I BatteryMgr:DataCollectionService: stats => 1688932464927,-221191,4234
07-09 21:54:24.932 16926 17020 I BatteryMgr:DataCollectionService: stats => 1688932464931,-221191,4234
07-09 21:54:24.937 16926 17020 I BatteryMgr:DataCollectionService: stats => 1688932464937,-221191,4234
07-09 21:54:24.942 16926 17020 I BatteryMgr:DataCollectionService: stats => 1688932464942,-221191,4234
07-09 21:54:24.947 16926 17020 I BatteryMgr:DataCollectionService: stats => 1688932464947,-221191,4234
07-09 21:54:24.951 16926 17020 I BatteryMgr:DataCollectionService: stats => 1688932464951,-221191,4234
07-09 21:54:24.957 16926 17020 I BatteryMgr:DataCollectionService: stats => 1688932464957,-221191,4234
07-09 21:54:24.962 16926 17020 I BatteryMgr:DataCollectionService: stats => 1688932464962,-221191,4234
07-09 21:54:24.967 16926 17020 I BatteryMgr:DataCollectionService: stats => 1688932464967,-221191,4234
07-09 21:54:24.973 16926 17020 I BatteryMgr:DataCollectionService: stats => 1688932464973,-221191,4234
07-09 21:54:24.980 16926 17020 I BatteryMgr:DataCollectionService: stats => 1688932464980,-221191,4234
07-09 21:54:24.985 16926 17020 I BatteryMgr:DataCollectionService: stats => 1688932464985,-221191,4234
07-09 21:54:24.990 16926 17020 I BatteryMgr:DataCollectionService: stats => 1688932464990,-221191,4234
07-09 21:54:24.998 16926 17020 I BatteryMgr:DataCollectionService: stats => 1688932464998,-221191,4234
07-09 21:54:25.006 16926 17020 I BatteryMgr:DataCollectionService: stats => 1688932465006,-221191,4234
07-09 21:54:25.014 16926 17020 I BatteryMgr:DataCollectionService: stats => 1688932465014,-221191,4234
07-09 21:54:25.023 16926 17020 I BatteryMgr:DataCollectionService: stats => 1688932465023,-221191,4234
07-09 21:54:25.031 16926 17020 I BatteryMgr:DataCollectionService: stats => 1688932465030,-221191,4234
07-09 21:54:25.040 16926 17020 I BatteryMgr:DataCollectionService: stats => 1688932465040,-221191,4234
07-09 21:54:25.050 16926 17020 I BatteryMgr:DataCollectionService: stats => 1688932465050,-221191,4234
07-09 21:54:25.061 16926 17020 I BatteryMgr:DataCollectionService: stats => 1688932465061,-221191,4234
07-09 21:54:25.071 16926 17020 I BatteryMgr:DataCollectionService: stats => 1688932465071,-221191,4234
07-09 21:54:25.080 16926 17020 I BatteryMgr:DataCollectionService: stats => 1688932465080,-221191,4234
07-09 21:54:25.089 16926 17020 I BatteryMgr:DataCollectionService: stats => 1688932465089,-221191,4234
07-09 21:54:25.098 16926 17020 I BatteryMgr:DataCollectionService: stats => 1688932465098,-221191,4234
07-09 21:54:25.107 16926 17020 I BatteryMgr:DataCollectionService: stats => 1688932465107,-221191,4234
07-09 21:54:25.117 16926 17020 I BatteryMgr:DataCollectionService: stats => 1688932465117,-221191,4234
07-09 21:54:25.127 16926 17020 I BatteryMgr:DataCollectionService: stats => 1688932465127,-221191,4234
07-09 21:54:25.137 16926 17020 I BatteryMgr:DataCollectionService: stats => 1688932465137,-221191,4234
07-09 21:54:25.146 16926 17020 I BatteryMgr:DataCollectionService: stats => 1688932465146,-150390,4234
07-09 21:54:25.155 16926 17020 I BatteryMgr:DataCollectionService: stats => 1688932465155,-150390,4234
07-09 21:54:25.161 16926 17020 I BatteryMgr:DataCollectionService: stats => 1688932465161,-150390,4234
07-09 21:54:25.169 16926 17020 I BatteryMgr:DataCollectionService: stats => 1688932465169,-150390,4234
07-09 21:54:25.176 16926 17021 I BatteryMgr:DataCollectionService: stats => 1688932465176,-150390,4234
07-09 21:54:25.181 16926 17021 I BatteryMgr:DataCollectionService: stats => 1688932465181,-150390,4234
07-09 21:54:25.186 16926 17021 I BatteryMgr:DataCollectionService: stats => 1688932465186,-150390,4234
07-09 21:54:25.200 16926 17021 I BatteryMgr:DataCollectionService: stats => 1688932465200,-150390,4234
07-09 21:54:25.208 16926 17021 I BatteryMgr:DataCollectionService: stats => 1688932465208,-150390,4234
07-09 21:54:25.214 16926 17021 I BatteryMgr:DataCollectionService: stats => 1688932465214,-150390,4234
07-09 21:54:25.219 16926 17021 I BatteryMgr:DataCollectionService: stats => 1688932465219,-150390,4234
07-09 21:54:25.224 16926 17021 I BatteryMgr:DataCollectionService: stats => 1688932465223,-150390,4234
07-09 21:54:25.228 16926 17021 I BatteryMgr:DataCollectionService: stats => 1688932465228,-150390,4234
07-09 21:54:25.234 16926 17021 I BatteryMgr:DataCollectionService: stats => 1688932465234,-150390,4234
07-09 21:54:25.239 16926 17021 I BatteryMgr:DataCollectionService: stats => 1688932465239,-150390,4234
07-09 21:54:25.246 16926 17021 I BatteryMgr:DataCollectionService: stats => 1688932465246,-150390,4234
07-09 21:54:25.251 16926 17021 I BatteryMgr:DataCollectionService: stats => 1688932465251,-150390,4234
07-09 21:54:25.257 16926 17021 I BatteryMgr:DataCollectionService: stats => 1688932465257,-150390,4234
07-09 21:54:25.262 16926 17021 I BatteryMgr:DataCollectionService: stats => 1688932465262,-150390,4234
07-09 21:54:25.267 16926 17021 I BatteryMgr:DataCollectionService: stats => 1688932465267,-150390,4234
07-09 21:54:25.273 16926 17021 I BatteryMgr:DataCollectionService: stats => 1688932465273,-150390,4234
07-09 21:54:25.279 16926 17021 I BatteryMgr:DataCollectionService: stats => 1688932465279,-150390,4234
07-09 21:54:25.284 16926 17021 I BatteryMgr:DataCollectionService: stats => 1688932465284,-150390,4234
07-09 21:54:25.289 16926 17021 I BatteryMgr:DataCollectionService: stats => 1688932465289,-150390,4234
07-09 21:54:25.296 16926 17021 I BatteryMgr:DataCollectionService: stats => 1688932465296,-150390,4234
07-09 21:54:25.305 16926 17021 I BatteryMgr:DataCollectionService: stats => 1688932465305,-150390,4234
07-09 21:54:25.313 16926 17021 I BatteryMgr:DataCollectionService: stats => 1688932465313,-150390,4234
07-09 21:54:25.323 16926 17021 I BatteryMgr:DataCollectionService: stats => 1688932465323,-150390,4234
07-09 21:54:25.334 16926 17021 I BatteryMgr:DataCollectionService: stats => 1688932465334,-150390,4234
07-09 21:54:25.344 16926 17021 I BatteryMgr:DataCollectionService: stats => 1688932465344,-150390,4234
07-09 21:54:25.352 16926 17021 I BatteryMgr:DataCollectionService: stats => 1688932465352,-150390,4234
07-09 21:54:25.362 16926 17021 I BatteryMgr:DataCollectionService: stats => 1688932465362,-150390,4234
07-09 21:54:25.373 16926 17020 I BatteryMgr:DataCollectionService: stats => 1688932465373,-150390,4234
07-09 21:54:25.383 16926 17020 I BatteryMgr:DataCollectionService: stats => 1688932465383,-150390,4234
07-09 21:54:25.392 16926 17020 I BatteryMgr:DataCollectionService: stats => 1688932465392,-150390,4234
07-09 21:54:25.404 16926 17020 I BatteryMgr:DataCollectionService: stats => 1688932465403,-150390,4234
07-09 21:54:25.414 16926 17020 I BatteryMgr:DataCollectionService: stats => 1688932465413,-150390,4234
07-09 21:54:25.422 16926 17020 I BatteryMgr:DataCollectionService: stats => 1688932465422,-150390,4234
07-09 21:54:25.430 16926 17020 I BatteryMgr:DataCollectionService: stats => 1688932465430,-150390,4234
07-09 21:54:25.440 16926 17020 I BatteryMgr:DataCollectionService: stats => 1688932465439,-150390,4234
07-09 21:54:25.446 16926 17020 I BatteryMgr:DataCollectionService: stats => 1688932465446,-150390,4234
07-09 21:54:25.454 16926 17020 I BatteryMgr:DataCollectionService: stats => 1688932465454,-150390,4234
07-09 21:54:25.461 16926 17020 I BatteryMgr:DataCollectionService: stats => 1688932465461,-150390,4234
07-09 21:54:25.467 16926 17020 I BatteryMgr:DataCollectionService: stats => 1688932465467,-150390,4234
07-09 21:54:25.474 16926 17020 I BatteryMgr:DataCollectionService: stats => 1688932465474,-150390,4234
07-09 21:54:25.481 16926 17020 I BatteryMgr:DataCollectionService: stats => 1688932465481,-150390,4234
07-09 21:54:25.487 16926 17020 I BatteryMgr:DataCollectionService: stats => 1688932465487,-150390,4234
07-09 21:54:25.501 16926 17020 I BatteryMgr:DataCollectionService: stats => 1688932465501,-150390,4234
07-09 21:54:25.508 16926 17020 I BatteryMgr:DataCollectionService: stats => 1688932465508,-150390,4234
07-09 21:54:25.516 16926 17020 I BatteryMgr:DataCollectionService: stats => 1688932465516,-150390,4234
07-09 21:54:25.522 16926 17020 I BatteryMgr:DataCollectionService: stats => 1688932465522,-150390,4234
07-09 21:54:25.530 16926 17020 I BatteryMgr:DataCollectionService: stats => 1688932465530,-150390,4234
07-09 21:54:25.537 16926 17020 I BatteryMgr:DataCollectionService: stats => 1688932465537,-150390,4234
07-09 21:54:25.544 16926 17020 I BatteryMgr:DataCollectionService: stats => 1688932465543,-150390,4234
07-09 21:54:25.550 16926 17020 I BatteryMgr:DataCollectionService: stats => 1688932465550,-150390,4234
07-09 21:54:25.557 16926 17020 I BatteryMgr:DataCollectionService: stats => 1688932465557,-150390,4234
07-09 21:54:25.563 16926 17020 I BatteryMgr:DataCollectionService: stats => 1688932465563,-150390,4234
07-09 21:54:25.570 16926 17020 I BatteryMgr:DataCollectionService: stats => 1688932465569,-150390,4234
07-09 21:54:25.580 16926 17020 I BatteryMgr:DataCollectionService: stats => 1688932465580,-150390,4234
07-09 21:54:25.587 16926 17020 I BatteryMgr:DataCollectionService: stats => 1688932465587,-150390,4234
07-09 21:54:25.594 16926 17020 I BatteryMgr:DataCollectionService: stats => 1688932465594,-150390,4234
07-09 21:54:25.601 16926 17020 I BatteryMgr:DataCollectionService: stats => 1688932465601,-150390,4234
07-09 21:54:25.607 16926 17020 I BatteryMgr:DataCollectionService: stats => 1688932465607,-150390,4234
07-09 21:54:25.616 16926 17020 I BatteryMgr:DataCollectionService: stats => 1688932465616,-150390,4234
07-09 21:54:25.624 16926 17020 I BatteryMgr:DataCollectionService: stats => 1688932465624,-150390,4234
07-09 21:54:25.633 16926 17020 I BatteryMgr:DataCollectionService: stats => 1688932465632,-150390,4234
07-09 21:54:25.645 16926 17020 I BatteryMgr:DataCollectionService: stats => 1688932465645,-150390,4234
07-09 21:54:25.654 16926 17020 I BatteryMgr:DataCollectionService: stats => 1688932465654,-150390,4234
07-09 21:54:25.661 16926 17020 I BatteryMgr:DataCollectionService: stats => 1688932465661,-150390,4234
07-09 21:54:25.667 16926 17020 I BatteryMgr:DataCollectionService: stats => 1688932465667,-150390,4234
07-09 21:54:25.674 16926 17020 I BatteryMgr:DataCollectionService: stats => 1688932465673,-150390,4234
07-09 21:54:25.679 16926 17020 I BatteryMgr:DataCollectionService: stats => 1688932465678,-150390,4234
07-09 21:54:25.683 16926 17020 I BatteryMgr:DataCollectionService: stats => 1688932465683,-150390,4234
07-09 21:54:25.687 16926 17020 I BatteryMgr:DataCollectionService: stats => 1688932465687,-150390,4234
07-09 21:54:25.692 16926 17020 I BatteryMgr:DataCollectionService: stats => 1688932465692,-150390,4234
07-09 21:54:25.696 16926 17020 I BatteryMgr:DataCollectionService: stats => 1688932465696,-150390,4234
07-09 21:54:25.700 16926 17020 I BatteryMgr:DataCollectionService: stats => 1688932465700,-150390,4234
07-09 21:54:25.705 16926 17020 I BatteryMgr:DataCollectionService: stats => 1688932465705,-150390,4234
07-09 21:54:25.709 16926 17020 I BatteryMgr:DataCollectionService: stats => 1688932465709,-150390,4234
07-09 21:54:25.714 16926 17020 I BatteryMgr:DataCollectionService: stats => 1688932465714,-150390,4234
07-09 21:54:25.724 16926 17020 I BatteryMgr:DataCollectionService: stats => 1688932465724,-150390,4234
07-09 21:54:25.734 16926 17020 I BatteryMgr:DataCollectionService: stats => 1688932465734,-150390,4234
07-09 21:54:25.740 16926 17020 I BatteryMgr:DataCollectionService: stats => 1688932465740,-150390,4234
07-09 21:54:25.745 16926 17020 I BatteryMgr:DataCollectionService: stats => 1688932465745,-150390,4234
07-09 21:54:25.750 16926 17020 I BatteryMgr:DataCollectionService: stats => 1688932465750,-150390,4234
07-09 21:54:25.756 16926 17020 I BatteryMgr:DataCollectionService: stats => 1688932465756,-150390,4234
07-09 21:54:25.760 16926 17020 I BatteryMgr:DataCollectionService: stats => 1688932465760,-150390,4234
07-09 21:54:25.765 16926 17020 I BatteryMgr:DataCollectionService: stats => 1688932465765,-150390,4234
07-09 21:54:25.772 16926 17020 I BatteryMgr:DataCollectionService: stats => 1688932465772,-150390,4234
07-09 21:54:25.779 16926 17020 I BatteryMgr:DataCollectionService: stats => 1688932465779,-150390,4234
07-09 21:54:25.786 16926 17020 I BatteryMgr:DataCollectionService: stats => 1688932465786,-150390,4234
07-09 21:54:25.794 16926 17020 I BatteryMgr:DataCollectionService: stats => 1688932465793,-150390,4234
07-09 21:54:25.802 16926 17020 I BatteryMgr:DataCollectionService: stats => 1688932465802,-150390,4234
07-09 21:54:25.810 16926 17020 I BatteryMgr:DataCollectionService: stats => 1688932465810,-150390,4234
07-09 21:54:25.819 16926 17020 I BatteryMgr:DataCollectionService: stats => 1688932465819,-150390,4234
07-09 21:54:25.827 16926 17020 I BatteryMgr:DataCollectionService: stats => 1688932465827,-150390,4234
07-09 21:54:25.837 16926 17020 I BatteryMgr:DataCollectionService: stats => 1688932465837,-150390,4234
