07-05 10:59:17.251 15964 16062 I BatteryMgr:DataCollectionService: stats => 1688547557251,-200683,4193
07-05 10:59:17.268 15964 16062 I BatteryMgr:DataCollectionService: stats => 1688547557268,-200683,4193
07-05 10:59:17.288 15964 16062 I BatteryMgr:DataCollectionService: stats => 1688547557287,-200683,4193
07-05 10:59:17.305 15964 16062 I BatteryMgr:DataCollectionService: stats => 1688547557304,-200683,4193
07-05 10:59:17.318 15964 16062 I BatteryMgr:DataCollectionService: stats => 1688547557318,-200683,4193
07-05 10:59:17.334 15964 16062 I BatteryMgr:DataCollectionService: stats => 1688547557334,-200683,4193
07-05 10:59:17.348 15964 16062 I BatteryMgr:DataCollectionService: stats => 1688547557348,-200683,4193
07-05 10:59:17.362 15964 16062 I BatteryMgr:DataCollectionService: stats => 1688547557362,-200683,4193
07-05 10:59:17.377 15964 16062 I BatteryMgr:DataCollectionService: stats => 1688547557377,-200683,4193
07-05 10:59:17.393 15964 16062 I BatteryMgr:DataCollectionService: stats => 1688547557393,-200683,4193
07-05 10:59:17.407 15964 16062 I BatteryMgr:DataCollectionService: stats => 1688547557407,-200683,4193
07-05 10:59:17.423 15964 16062 I BatteryMgr:DataCollectionService: stats => 1688547557423,-200683,4193
07-05 10:59:17.437 15964 16062 I BatteryMgr:DataCollectionService: stats => 1688547557437,-200683,4193
07-05 10:59:17.453 15964 16062 I BatteryMgr:DataCollectionService: stats => 1688547557453,-200683,4193
07-05 10:59:17.468 15964 16062 I BatteryMgr:DataCollectionService: stats => 1688547557468,-200683,4193
07-05 10:59:17.482 15964 16062 I BatteryMgr:DataCollectionService: stats => 1688547557482,-200683,4193
07-05 10:59:17.497 15964 16062 I BatteryMgr:DataCollectionService: stats => 1688547557497,-200683,4193
07-05 10:59:17.515 15964 16062 I BatteryMgr:DataCollectionService: stats => 1688547557515,-200683,4193
07-05 10:59:17.529 15964 16062 I BatteryMgr:DataCollectionService: stats => 1688547557529,-200683,4193
07-05 10:59:17.545 15964 16062 I BatteryMgr:DataCollectionService: stats => 1688547557545,-200683,4193
07-05 10:59:17.561 15964 16062 I BatteryMgr:DataCollectionService: stats => 1688547557561,-200683,4193
07-05 10:59:17.578 15964 16062 I BatteryMgr:DataCollectionService: stats => 1688547557578,-200683,4193
07-05 10:59:17.598 15964 16062 I BatteryMgr:DataCollectionService: stats => 1688547557598,-200683,4193
07-05 10:59:17.614 15964 16062 I BatteryMgr:DataCollectionService: stats => 1688547557614,-200683,4193
07-05 10:59:17.629 15964 16062 I BatteryMgr:DataCollectionService: stats => 1688547557629,-200683,4193
07-05 10:59:17.646 15964 16062 I BatteryMgr:DataCollectionService: stats => 1688547557646,-200683,4193
07-05 10:59:17.662 15964 16062 I BatteryMgr:DataCollectionService: stats => 1688547557662,-200683,4193
07-05 10:59:17.680 15964 16062 I BatteryMgr:DataCollectionService: stats => 1688547557680,-200683,4193
07-05 10:59:17.704 15964 16062 I BatteryMgr:DataCollectionService: stats => 1688547557704,-200683,4193
07-05 10:59:17.722 15964 16062 I BatteryMgr:DataCollectionService: stats => 1688547557722,-200683,4193
07-05 10:59:17.738 15964 16062 I BatteryMgr:DataCollectionService: stats => 1688547557738,-200683,4193
07-05 10:59:17.754 15964 16062 I BatteryMgr:DataCollectionService: stats => 1688547557753,-200683,4193
07-05 10:59:17.769 15964 16062 I BatteryMgr:DataCollectionService: stats => 1688547557769,-200683,4193
07-05 10:59:17.787 15964 16062 I BatteryMgr:DataCollectionService: stats => 1688547557787,-200683,4193
07-05 10:59:17.805 15964 16062 I BatteryMgr:DataCollectionService: stats => 1688547557805,-200683,4193
07-05 10:59:17.821 15964 16062 I BatteryMgr:DataCollectionService: stats => 1688547557821,-200683,4193
07-05 10:59:17.839 15964 16062 I BatteryMgr:DataCollectionService: stats => 1688547557839,-129882,4193
07-05 10:59:17.857 15964 16062 I BatteryMgr:DataCollectionService: stats => 1688547557856,-129882,4193
07-05 10:59:17.871 15964 16062 I BatteryMgr:DataCollectionService: stats => 1688547557871,-129882,4193
07-05 10:59:17.887 15964 16062 I BatteryMgr:DataCollectionService: stats => 1688547557887,-129882,4193
07-05 10:59:17.907 15964 16062 I BatteryMgr:DataCollectionService: stats => 1688547557907,-129882,4193
07-05 10:59:17.925 15964 16062 I BatteryMgr:DataCollectionService: stats => 1688547557925,-129882,4193
07-05 10:59:17.940 15964 16062 I BatteryMgr:DataCollectionService: stats => 1688547557939,-129882,4193
07-05 10:59:17.960 15964 16062 I BatteryMgr:DataCollectionService: stats => 1688547557959,-129882,4193
07-05 10:59:17.979 15964 16062 I BatteryMgr:DataCollectionService: stats => 1688547557979,-129882,4193
07-05 10:59:17.998 15964 16062 I BatteryMgr:DataCollectionService: stats => 1688547557998,-129882,4193
07-05 10:59:18.017 15964 16062 I BatteryMgr:DataCollectionService: stats => 1688547558017,-129882,4193
07-05 10:59:18.037 15964 16062 I BatteryMgr:DataCollectionService: stats => 1688547558037,-129882,4193
07-05 10:59:18.057 15964 16062 I BatteryMgr:DataCollectionService: stats => 1688547558056,-129882,4193
07-05 10:59:18.076 15964 16062 I BatteryMgr:DataCollectionService: stats => 1688547558076,-129882,4193
07-05 10:59:18.092 15964 16062 I BatteryMgr:DataCollectionService: stats => 1688547558092,-129882,4193
07-05 10:59:18.109 15964 16062 I BatteryMgr:DataCollectionService: stats => 1688547558109,-129882,4193
07-05 10:59:18.124 15964 16062 I BatteryMgr:DataCollectionService: stats => 1688547558124,-129882,4193
07-05 10:59:18.139 15964 16062 I BatteryMgr:DataCollectionService: stats => 1688547558139,-129882,4193
07-05 10:59:18.158 15964 16062 I BatteryMgr:DataCollectionService: stats => 1688547558158,-129882,4193
07-05 10:59:18.177 15964 16062 I BatteryMgr:DataCollectionService: stats => 1688547558177,-129882,4193
07-05 10:59:18.192 15964 16062 I BatteryMgr:DataCollectionService: stats => 1688547558192,-129882,4193
07-05 10:59:18.210 15964 16062 I BatteryMgr:DataCollectionService: stats => 1688547558210,-129882,4193
07-05 10:59:18.229 15964 16062 I BatteryMgr:DataCollectionService: stats => 1688547558229,-129882,4193
07-05 10:59:18.246 15964 16062 I BatteryMgr:DataCollectionService: stats => 1688547558246,-129882,4193
07-05 10:59:18.268 15964 16062 I BatteryMgr:DataCollectionService: stats => 1688547558267,-129882,4193
07-05 10:59:18.284 15964 16062 I BatteryMgr:DataCollectionService: stats => 1688547558284,-129882,4193
07-05 10:59:18.299 15964 16062 I BatteryMgr:DataCollectionService: stats => 1688547558299,-129882,4193
07-05 10:59:18.319 15964 16062 I BatteryMgr:DataCollectionService: stats => 1688547558318,-129882,4193
07-05 10:59:18.338 15964 16062 I BatteryMgr:DataCollectionService: stats => 1688547558338,-129882,4193
07-05 10:59:18.359 15964 16062 I BatteryMgr:DataCollectionService: stats => 1688547558359,-129882,4193
07-05 10:59:18.379 15964 16062 I BatteryMgr:DataCollectionService: stats => 1688547558379,-129882,4193
07-05 10:59:18.398 15964 16062 I BatteryMgr:DataCollectionService: stats => 1688547558398,-129882,4193
07-05 10:59:18.418 15964 16062 I BatteryMgr:DataCollectionService: stats => 1688547558418,-129882,4193
07-05 10:59:18.435 15964 16062 I BatteryMgr:DataCollectionService: stats => 1688547558435,-129882,4193
07-05 10:59:18.450 15964 16062 I BatteryMgr:DataCollectionService: stats => 1688547558450,-129882,4193
07-05 10:59:18.465 15964 16062 I BatteryMgr:DataCollectionService: stats => 1688547558465,-129882,4193
07-05 10:59:18.479 15964 16062 I BatteryMgr:DataCollectionService: stats => 1688547558479,-129882,4193
07-05 10:59:18.495 15964 16062 I BatteryMgr:DataCollectionService: stats => 1688547558495,-129882,4193
07-05 10:59:18.508 15964 16062 I BatteryMgr:DataCollectionService: stats => 1688547558508,-129882,4193
07-05 10:59:18.523 15964 16062 I BatteryMgr:DataCollectionService: stats => 1688547558523,-129882,4193
07-05 10:59:18.537 15964 16062 I BatteryMgr:DataCollectionService: stats => 1688547558537,-129882,4193
07-05 10:59:18.554 15964 16062 I BatteryMgr:DataCollectionService: stats => 1688547558554,-129882,4193
07-05 10:59:18.568 15964 16062 I BatteryMgr:DataCollectionService: stats => 1688547558568,-129882,4193
07-05 10:59:18.583 15964 16062 I BatteryMgr:DataCollectionService: stats => 1688547558583,-129882,4193
07-05 10:59:18.597 15964 16062 I BatteryMgr:DataCollectionService: stats => 1688547558597,-129882,4193
07-05 10:59:18.610 15964 16062 I BatteryMgr:DataCollectionService: stats => 1688547558610,-129882,4193
07-05 10:59:18.625 15964 16062 I BatteryMgr:DataCollectionService: stats => 1688547558625,-129882,4193
07-05 10:59:18.639 15964 16062 I BatteryMgr:DataCollectionService: stats => 1688547558639,-129882,4193
07-05 10:59:18.654 15964 16062 I BatteryMgr:DataCollectionService: stats => 1688547558654,-129882,4193
07-05 10:59:18.667 15964 16062 I BatteryMgr:DataCollectionService: stats => 1688547558667,-129882,4193
07-05 10:59:18.684 15964 16062 I BatteryMgr:DataCollectionService: stats => 1688547558684,-129882,4193
07-05 10:59:18.699 15964 16062 I BatteryMgr:DataCollectionService: stats => 1688547558699,-129882,4193
07-05 10:59:18.718 15964 16062 I BatteryMgr:DataCollectionService: stats => 1688547558718,-129882,4193
07-05 10:59:18.738 15964 16062 I BatteryMgr:DataCollectionService: stats => 1688547558738,-129882,4193
07-05 10:59:18.757 15964 16062 I BatteryMgr:DataCollectionService: stats => 1688547558757,-129882,4193
07-05 10:59:18.773 15964 16062 I BatteryMgr:DataCollectionService: stats => 1688547558773,-129882,4193
07-05 10:59:18.788 15964 16062 I BatteryMgr:DataCollectionService: stats => 1688547558788,-129882,4193
07-05 10:59:18.806 15964 16062 I BatteryMgr:DataCollectionService: stats => 1688547558806,-129882,4193
07-05 10:59:18.822 15964 16062 I BatteryMgr:DataCollectionService: stats => 1688547558822,-129882,4193
07-05 10:59:18.839 15964 16062 I BatteryMgr:DataCollectionService: stats => 1688547558839,-129882,4193
07-05 10:59:18.859 15964 16062 I BatteryMgr:DataCollectionService: stats => 1688547558859,-129882,4193
07-05 10:59:18.879 15964 16062 I BatteryMgr:DataCollectionService: stats => 1688547558878,-129882,4193
07-05 10:59:18.896 15964 16062 I BatteryMgr:DataCollectionService: stats => 1688547558896,-129882,4193
07-05 10:59:18.911 15964 16062 I BatteryMgr:DataCollectionService: stats => 1688547558911,-129882,4193
07-05 10:59:18.927 15964 16062 I BatteryMgr:DataCollectionService: stats => 1688547558927,-129882,4193
07-05 10:59:18.951 15964 16062 I BatteryMgr:DataCollectionService: stats => 1688547558951,-129882,4193
07-05 10:59:18.971 15964 16062 I BatteryMgr:DataCollectionService: stats => 1688547558971,-129882,4193
07-05 10:59:18.986 15964 16062 I BatteryMgr:DataCollectionService: stats => 1688547558986,-129882,4193
07-05 10:59:19.002 15964 16062 I BatteryMgr:DataCollectionService: stats => 1688547559001,-129882,4193
07-05 10:59:19.019 15964 16062 I BatteryMgr:DataCollectionService: stats => 1688547559019,-129882,4193
07-05 10:59:19.038 15964 16062 I BatteryMgr:DataCollectionService: stats => 1688547559038,-129882,4193
07-05 10:59:19.057 15964 16062 I BatteryMgr:DataCollectionService: stats => 1688547559057,-129882,4193
07-05 10:59:19.076 15964 16062 I BatteryMgr:DataCollectionService: stats => 1688547559076,-129882,4193
07-05 10:59:19.092 15964 16062 I BatteryMgr:DataCollectionService: stats => 1688547559091,-129882,4193
07-05 10:59:19.109 15964 16062 I BatteryMgr:DataCollectionService: stats => 1688547559109,-129882,4193
07-05 10:59:19.126 15964 16062 I BatteryMgr:DataCollectionService: stats => 1688547559126,-129882,4193
07-05 10:59:19.142 15964 16062 I BatteryMgr:DataCollectionService: stats => 1688547559142,-129882,4193
07-05 10:59:19.159 15964 16062 I BatteryMgr:DataCollectionService: stats => 1688547559159,-129882,4193
07-05 10:59:19.178 15964 16062 I BatteryMgr:DataCollectionService: stats => 1688547559178,-129882,4193
07-05 10:59:19.194 15964 16062 I BatteryMgr:DataCollectionService: stats => 1688547559194,-129882,4193
07-05 10:59:19.210 15964 16062 I BatteryMgr:DataCollectionService: stats => 1688547559210,-129882,4193
07-05 10:59:19.230 15964 16062 I BatteryMgr:DataCollectionService: stats => 1688547559229,-129882,4193
07-05 10:59:19.246 15964 16062 I BatteryMgr:DataCollectionService: stats => 1688547559246,-129882,4193
07-05 10:59:19.261 15964 16062 I BatteryMgr:DataCollectionService: stats => 1688547559261,-129882,4193
07-05 10:59:19.278 15964 16062 I BatteryMgr:DataCollectionService: stats => 1688547559278,-129882,4193
07-05 10:59:19.298 15964 16062 I BatteryMgr:DataCollectionService: stats => 1688547559298,-127441,4193
07-05 10:59:19.318 15964 16062 I BatteryMgr:DataCollectionService: stats => 1688547559317,-127441,4193
07-05 10:59:19.337 15964 16062 I BatteryMgr:DataCollectionService: stats => 1688547559337,-127441,4193
07-05 10:59:19.357 15964 16062 I BatteryMgr:DataCollectionService: stats => 1688547559357,-127441,4193
07-05 10:59:19.377 15964 16062 I BatteryMgr:DataCollectionService: stats => 1688547559377,-127441,4193
07-05 10:59:19.397 15964 16062 I BatteryMgr:DataCollectionService: stats => 1688547559397,-127441,4193
07-05 10:59:19.417 15964 16062 I BatteryMgr:DataCollectionService: stats => 1688547559417,-127441,4193
07-05 10:59:19.438 15964 16062 I BatteryMgr:DataCollectionService: stats => 1688547559438,-127441,4193
07-05 10:59:19.453 15964 16062 I BatteryMgr:DataCollectionService: stats => 1688547559453,-127441,4193
07-05 10:59:19.468 15964 16062 I BatteryMgr:DataCollectionService: stats => 1688547559468,-127441,4193
07-05 10:59:19.485 15964 16062 I BatteryMgr:DataCollectionService: stats => 1688547559485,-127441,4193
07-05 10:59:19.500 15964 16062 I BatteryMgr:DataCollectionService: stats => 1688547559500,-127441,4193
07-05 10:59:19.519 15964 16062 I BatteryMgr:DataCollectionService: stats => 1688547559519,-127441,4193
07-05 10:59:19.539 15964 16062 I BatteryMgr:DataCollectionService: stats => 1688547559539,-127441,4193
07-05 10:59:19.557 15964 16062 I BatteryMgr:DataCollectionService: stats => 1688547559557,-127441,4193
07-05 10:59:19.573 15964 16062 I BatteryMgr:DataCollectionService: stats => 1688547559573,-127441,4193
07-05 10:59:19.588 15964 16062 I BatteryMgr:DataCollectionService: stats => 1688547559587,-127441,4193
07-05 10:59:19.604 15964 16062 I BatteryMgr:DataCollectionService: stats => 1688547559604,-127441,4193
07-05 10:59:19.617 15964 16062 I BatteryMgr:DataCollectionService: stats => 1688547559617,-127441,4193
07-05 10:59:19.632 15964 16062 I BatteryMgr:DataCollectionService: stats => 1688547559632,-127441,4193
07-05 10:59:19.647 15964 16062 I BatteryMgr:DataCollectionService: stats => 1688547559647,-127441,4193
07-05 10:59:19.662 15964 16062 I BatteryMgr:DataCollectionService: stats => 1688547559662,-127441,4193
07-05 10:59:19.676 15964 16062 I BatteryMgr:DataCollectionService: stats => 1688547559676,-127441,4193
07-05 10:59:19.690 15964 16062 I BatteryMgr:DataCollectionService: stats => 1688547559690,-127441,4193
07-05 10:59:19.711 15964 16062 I BatteryMgr:DataCollectionService: stats => 1688547559711,-127441,4193
07-05 10:59:19.724 15964 16062 I BatteryMgr:DataCollectionService: stats => 1688547559724,-127441,4193
07-05 10:59:19.739 15964 16062 I BatteryMgr:DataCollectionService: stats => 1688547559739,-127441,4193
07-05 10:59:19.753 15964 16062 I BatteryMgr:DataCollectionService: stats => 1688547559752,-127441,4193
07-05 10:59:19.766 15964 16062 I BatteryMgr:DataCollectionService: stats => 1688547559765,-127441,4193
07-05 10:59:19.778 15964 16062 I BatteryMgr:DataCollectionService: stats => 1688547559778,-127441,4193
07-05 10:59:19.792 15964 16062 I BatteryMgr:DataCollectionService: stats => 1688547559792,-127441,4193
07-05 10:59:19.809 15964 16062 I BatteryMgr:DataCollectionService: stats => 1688547559809,-127441,4193
07-05 10:59:19.827 15964 16062 I BatteryMgr:DataCollectionService: stats => 1688547559827,-127441,4193
07-05 10:59:19.843 15964 16062 I BatteryMgr:DataCollectionService: stats => 1688547559843,-127441,4193
07-05 10:59:19.858 15964 16062 I BatteryMgr:DataCollectionService: stats => 1688547559858,-127441,4193
07-05 10:59:19.878 15964 16062 I BatteryMgr:DataCollectionService: stats => 1688547559878,-127441,4193
07-05 10:59:19.898 15964 16062 I BatteryMgr:DataCollectionService: stats => 1688547559898,-127441,4193
07-05 10:59:19.917 15964 16062 I BatteryMgr:DataCollectionService: stats => 1688547559917,-127441,4193
07-05 10:59:19.937 15964 16062 I BatteryMgr:DataCollectionService: stats => 1688547559937,-127441,4193
07-05 10:59:19.957 15964 16062 I BatteryMgr:DataCollectionService: stats => 1688547559957,-127441,4193
07-05 10:59:19.973 15964 16062 I BatteryMgr:DataCollectionService: stats => 1688547559972,-127441,4193
07-05 10:59:19.988 15964 16062 I BatteryMgr:DataCollectionService: stats => 1688547559987,-127441,4193
07-05 10:59:20.007 15964 16062 I BatteryMgr:DataCollectionService: stats => 1688547560007,-127441,4193
07-05 10:59:20.027 15964 16062 I BatteryMgr:DataCollectionService: stats => 1688547560027,-127441,4193
07-05 10:59:20.043 15964 16062 I BatteryMgr:DataCollectionService: stats => 1688547560043,-127441,4193
07-05 10:59:20.057 15964 16062 I BatteryMgr:DataCollectionService: stats => 1688547560057,-127441,4193
07-05 10:59:20.077 15964 16062 I BatteryMgr:DataCollectionService: stats => 1688547560077,-127441,4193
07-05 10:59:20.093 15964 16062 I BatteryMgr:DataCollectionService: stats => 1688547560093,-127441,4193
07-05 10:59:20.108 15964 16062 I BatteryMgr:DataCollectionService: stats => 1688547560108,-127441,4193
07-05 10:59:20.127 15964 16062 I BatteryMgr:DataCollectionService: stats => 1688547560127,-127441,4193
07-05 10:59:20.147 15964 16062 I BatteryMgr:DataCollectionService: stats => 1688547560147,-127441,4193
07-05 10:59:20.163 15964 16062 I BatteryMgr:DataCollectionService: stats => 1688547560163,-127441,4193
07-05 10:59:20.177 15964 16062 I BatteryMgr:DataCollectionService: stats => 1688547560177,-127441,4193
07-05 10:59:20.197 15964 16062 I BatteryMgr:DataCollectionService: stats => 1688547560197,-127441,4193
07-05 10:59:20.217 15964 16062 I BatteryMgr:DataCollectionService: stats => 1688547560217,-127441,4193
07-05 10:59:20.237 15964 16062 I BatteryMgr:DataCollectionService: stats => 1688547560237,-127441,4193
07-05 10:59:20.253 15964 16062 I BatteryMgr:DataCollectionService: stats => 1688547560253,-127441,4193
07-05 10:59:20.267 15964 16062 I BatteryMgr:DataCollectionService: stats => 1688547560267,-127441,4193
07-05 10:59:20.284 15964 16062 I BatteryMgr:DataCollectionService: stats => 1688547560283,-127441,4193
07-05 10:59:20.298 15964 16062 I BatteryMgr:DataCollectionService: stats => 1688547560298,-127441,4193
07-05 10:59:20.316 15964 16062 I BatteryMgr:DataCollectionService: stats => 1688547560316,-127441,4193
07-05 10:59:20.332 15964 16062 I BatteryMgr:DataCollectionService: stats => 1688547560332,-127441,4193
07-05 10:59:20.350 15964 16062 I BatteryMgr:DataCollectionService: stats => 1688547560350,-127441,4193
07-05 10:59:20.368 15964 16062 I BatteryMgr:DataCollectionService: stats => 1688547560368,-127441,4193
07-05 10:59:20.387 15964 16062 I BatteryMgr:DataCollectionService: stats => 1688547560387,-127441,4193
07-05 10:59:20.408 15964 16062 I BatteryMgr:DataCollectionService: stats => 1688547560407,-127441,4193
07-05 10:59:20.427 15964 16062 I BatteryMgr:DataCollectionService: stats => 1688547560427,-127441,4193
07-05 10:59:20.446 15964 16062 I BatteryMgr:DataCollectionService: stats => 1688547560446,-127441,4193
07-05 10:59:20.461 15964 16062 I BatteryMgr:DataCollectionService: stats => 1688547560461,-127441,4193
07-05 10:59:20.478 15964 16062 I BatteryMgr:DataCollectionService: stats => 1688547560478,-127441,4193
07-05 10:59:20.497 15964 16062 I BatteryMgr:DataCollectionService: stats => 1688547560497,-127441,4193
07-05 10:59:20.512 15964 16062 I BatteryMgr:DataCollectionService: stats => 1688547560512,-127441,4193
07-05 10:59:20.527 15964 16062 I BatteryMgr:DataCollectionService: stats => 1688547560527,-127441,4193
07-05 10:59:20.547 15964 16062 I BatteryMgr:DataCollectionService: stats => 1688547560547,-127441,4193
07-05 10:59:20.564 15964 16062 I BatteryMgr:DataCollectionService: stats => 1688547560563,-127441,4193
07-05 10:59:20.583 15964 16062 I BatteryMgr:DataCollectionService: stats => 1688547560583,-127441,4193
07-05 10:59:20.602 15964 16062 I BatteryMgr:DataCollectionService: stats => 1688547560602,-127441,4193
07-05 10:59:20.616 15964 16062 I BatteryMgr:DataCollectionService: stats => 1688547560616,-127441,4193
07-05 10:59:20.630 15964 16062 I BatteryMgr:DataCollectionService: stats => 1688547560630,-127441,4193
07-05 10:59:20.645 15964 16062 I BatteryMgr:DataCollectionService: stats => 1688547560645,-127441,4193
07-05 10:59:20.662 15964 16062 I BatteryMgr:DataCollectionService: stats => 1688547560662,-127441,4193
07-05 10:59:20.677 15964 16062 I BatteryMgr:DataCollectionService: stats => 1688547560677,-127441,4193
07-05 10:59:20.692 15964 16062 I BatteryMgr:DataCollectionService: stats => 1688547560692,-127441,4193
07-05 10:59:20.706 15964 16062 I BatteryMgr:DataCollectionService: stats => 1688547560706,-127441,4193
07-05 10:59:20.723 15964 16062 I BatteryMgr:DataCollectionService: stats => 1688547560723,-127441,4193
07-05 10:59:20.737 15964 16062 I BatteryMgr:DataCollectionService: stats => 1688547560737,-127441,4193
07-05 10:59:20.751 15964 16062 I BatteryMgr:DataCollectionService: stats => 1688547560751,-187011,4193
07-05 10:59:20.765 15964 16062 I BatteryMgr:DataCollectionService: stats => 1688547560765,-187011,4193
07-05 10:59:20.778 15964 16062 I BatteryMgr:DataCollectionService: stats => 1688547560778,-187011,4193
07-05 10:59:20.793 15964 16062 I BatteryMgr:DataCollectionService: stats => 1688547560793,-187011,4193
07-05 10:59:20.806 15964 16062 I BatteryMgr:DataCollectionService: stats => 1688547560806,-187011,4193
07-05 10:59:20.819 15964 16062 I BatteryMgr:DataCollectionService: stats => 1688547560819,-187011,4193
07-05 10:59:20.834 15964 16062 I BatteryMgr:DataCollectionService: stats => 1688547560834,-187011,4193
07-05 10:59:20.849 15964 16062 I BatteryMgr:DataCollectionService: stats => 1688547560849,-187011,4193
07-05 10:59:20.864 15964 16062 I BatteryMgr:DataCollectionService: stats => 1688547560864,-187011,4193
07-05 10:59:20.879 15964 16062 I BatteryMgr:DataCollectionService: stats => 1688547560879,-187011,4193
07-05 10:59:20.892 15964 16062 I BatteryMgr:DataCollectionService: stats => 1688547560892,-187011,4193
07-05 10:59:20.904 15964 16062 I BatteryMgr:DataCollectionService: stats => 1688547560904,-187011,4193
07-05 10:59:20.916 15964 16062 I BatteryMgr:DataCollectionService: stats => 1688547560916,-187011,4193
07-05 10:59:20.930 15964 16062 I BatteryMgr:DataCollectionService: stats => 1688547560930,-187011,4193
07-05 10:59:20.945 15964 16062 I BatteryMgr:DataCollectionService: stats => 1688547560945,-187011,4193
07-05 10:59:20.960 15964 16062 I BatteryMgr:DataCollectionService: stats => 1688547560960,-187011,4193
07-05 10:59:20.975 15964 16062 I BatteryMgr:DataCollectionService: stats => 1688547560975,-187011,4193
07-05 10:59:20.988 15964 16062 I BatteryMgr:DataCollectionService: stats => 1688547560988,-187011,4193
07-05 10:59:21.003 15964 16062 I BatteryMgr:DataCollectionService: stats => 1688547561003,-187011,4193
07-05 10:59:21.017 15964 16062 I BatteryMgr:DataCollectionService: stats => 1688547561017,-187011,4193
07-05 10:59:21.031 15964 16062 I BatteryMgr:DataCollectionService: stats => 1688547561031,-187011,4193
07-05 10:59:21.045 15964 16062 I BatteryMgr:DataCollectionService: stats => 1688547561045,-187011,4193
07-05 10:59:21.059 15964 16062 I BatteryMgr:DataCollectionService: stats => 1688547561059,-187011,4193
07-05 10:59:21.069   562   562 E SELinux : avc:  denied  { find } for interface=vendor.qti.hardware.servicetracker::IServicetracker sid=u:r:system_server:s0 pid=1705 scontext=u:r:system_server:s0 tcontext=u:object_r:default_android_hwservice:s0 tclass=hwservice_manager permissive=0
07-05 10:59:21.073 15964 16062 I BatteryMgr:DataCollectionService: stats => 1688547561073,-187011,4193
07-05 10:59:21.411  1705  3275 I ActivityManager: Force stopping e.www.httpsrequesttest appid=10194 user=0: from pid 16103
07-05 10:59:21.412  1705  3275 I ActivityManager: Killing 16009:e.www.httpsrequesttest/u0a194 (adj 0): stop e.www.httpsrequesttest
07-05 10:59:21.414   562   562 E SELinux : avc:  denied  { find } for interface=vendor.qti.hardware.servicetracker::IServicetracker sid=u:r:system_server:s0 pid=1705 scontext=u:r:system_server:s0 tcontext=u:object_r:default_android_hwservice:s0 tclass=hwservice_manager permissive=0
07-05 10:59:21.415  1705  3275 W ActivityTaskManager: Force removing ActivityRecord{44b6de2 u0 e.www.httpsrequesttest/.MainActivity t58 f}: app died, no saved state
07-05 10:59:21.437  1705 16106 W IrisConfig: ColorManagerService is not Existed
07-05 10:59:21.446   686   686 I Zygote  : Process 16009 exited due to signal 9 (Killed)
07-05 10:59:21.449   562   562 I hwservicemanager: getTransport: Cannot find entry vendor.qti.hardware.iop@2.0::IIop/default in either framework or device manifest.
07-05 10:59:21.449  1705  2883 E ANDR-PERF-JNI: UXEngine Trigger - Returning null
07-05 10:59:21.450  1705  1891 I libprocessgroup: Successfully killed process cgroup uid 10194 pid 16009 in 36ms
07-05 10:59:21.456  2395  2395 E PhoneInterfaceManager: [PhoneIntfMgr] getCarrierPackageNamesForIntent: No UICC
07-05 10:59:21.456  2395  2395 D CarrierSvcBindHelper: No carrier app for: 0
07-05 10:59:21.456  2395  2395 E PhoneInterfaceManager: [PhoneIntfMgr] getCarrierPackageNamesForIntent: No UICC
07-05 10:59:21.456  2395  2395 D CarrierSvcBindHelper: No carrier app for: 1
07-05 10:59:21.458  3222  3222 D RegisteredNfcFServicesCache: Service unchanged, not updating
07-05 10:59:21.469   562   562 E SELinux : avc:  denied  { find } for interface=vendor.qti.hardware.servicetracker::IServicetracker sid=u:r:system_server:s0 pid=1705 scontext=u:r:system_server:s0 tcontext=u:object_r:default_android_hwservice:s0 tclass=hwservice_manager permissive=0
07-05 10:59:21.474  1705  1881 W ActivityManager: setHasOverlayUi called on unknown pid: 16009
07-05 10:59:21.495  3498  3498 I A       : onStart
07-05 10:59:21.503  3498  3498 I A       : onResume
07-05 10:59:21.520  3169  3169 I GsaVoiceInteractionSrv: Handling ACTION_START_HOTWORD
07-05 10:59:21.521  3169  3927 I GsaVoiceInteractionSrv: (REDACTED) disregardHotwordSetting: %b
07-05 10:59:21.521  3169  3927 I GsaVoiceInteractionSrv: Cannot start hotword, hotword has been explicitly disabled.
07-05 10:59:21.521  2586  2586 I GoogleInputMethodService: GoogleInputMethodService.onFinishInput():3306 
07-05 10:59:21.523  2586  2586 I GoogleInputMethodService: GoogleInputMethodService.updateDeviceLockedStatus():2127 repeatCheckTimes = 0, locked = false
07-05 10:59:21.523  2586  2586 I GoogleInputMethodService: GoogleInputMethodService.onStartInput():1909 onStartInput(EditorInfo{inputType=0x0(NULL) imeOptions=0x0 privateImeOptions=null actionName=UNSPECIFIED actionLabel=null actionId=0 initialSelStart=-1 initialSelEnd=-1 initialCapsMode=0x0 hintText=null label=null packageName=com.android.launcher3 fieldId=-1 fieldName=null extras=null hintLocales=[]}, false)
07-05 10:59:21.523  2586  2586 I GoogleInputMethodService: GoogleInputMethodService.shouldHideHeaderOnInitialState():1990 ShouldHideHeaderOnInitialState = false
07-05 10:59:21.524  4044  4044 D PredictionService: onRequestPredictionUpdate
07-05 10:59:21.524  4044  4044 D PredictionService: update predictions
07-05 10:59:21.525  2586  2586 I GoogleInputMethodService: GoogleInputMethodService.updateDeviceLockedStatus():2127 repeatCheckTimes = 1, locked = false
07-05 10:59:21.528   562   562 E SELinux : avc:  denied  { find } for interface=vendor.qti.hardware.servicetracker::IServicetracker sid=u:r:system_server:s0 pid=1705 scontext=u:r:system_server:s0 tcontext=u:object_r:default_android_hwservice:s0 tclass=hwservice_manager permissive=0
07-05 10:59:21.530  1705  3248 D CompatibilityInfo: mCompatibilityFlags - 0
07-05 10:59:21.530  1705  3248 D CompatibilityInfo: applicationDensity - 420
07-05 10:59:21.530  1705  3248 D CompatibilityInfo: applicationScale - 1.0
07-05 10:59:21.532   562   562 E SELinux : avc:  denied  { find } for interface=vendor.qti.hardware.servicetracker::IServicetracker sid=u:r:system_server:s0 pid=1705 scontext=u:r:system_server:s0 tcontext=u:object_r:default_android_hwservice:s0 tclass=hwservice_manager permissive=0
07-05 10:59:21.534  3459  3459 D BoundBrokerSvc: onBind: Intent { act=com.google.android.gms.inappreach.service.START dat=chimera-action: cmp=com.google.android.gms/.chimera.GmsApiService }
07-05 10:59:21.534  3459  3459 D BoundBrokerSvc: Loading bound service for intent: Intent { act=com.google.android.gms.inappreach.service.START dat=chimera-action: cmp=com.google.android.gms/.chimera.GmsApiService }
07-05 10:59:24.809  1705  2551 I ActivityManager: Force stopping com.example.batterymanager_utility appid=10186 user=0: from pid 16113
07-05 10:59:24.811  1705  2551 I ActivityManager: Killing 15964:com.example.batterymanager_utility/u0a186 (adj 700): stop com.example.batterymanager_utility
07-05 10:59:24.812   562   562 E SELinux : avc:  denied  { find } for interface=vendor.qti.hardware.servicetracker::IServicetracker sid=u:r:system_server:s0 pid=1705 scontext=u:r:system_server:s0 tcontext=u:object_r:default_android_hwservice:s0 tclass=hwservice_manager permissive=0
07-05 10:59:24.813  1705  2551 W ActivityTaskManager: Force removing ActivityRecord{973d115 u0 com.example.batterymanager_utility/.MainActivity t57 f}: app died, no saved state
07-05 10:59:24.830  2395  2395 E PhoneInterfaceManager: [PhoneIntfMgr] getCarrierPackageNamesForIntent: No UICC
07-05 10:59:24.830  2395  2395 D CarrierSvcBindHelper: No carrier app for: 0
07-05 10:59:24.831  2395  2395 E PhoneInterfaceManager: [PhoneIntfMgr] getCarrierPackageNamesForIntent: No UICC
07-05 10:59:24.831  2395  2395 D CarrierSvcBindHelper: No carrier app for: 1
07-05 10:59:24.832  3222  3222 D RegisteredNfcFServicesCache: Service unchanged, not updating
07-05 10:59:24.846   686   686 I Zygote  : Process 15964 exited due to signal 9 (Killed)
07-05 10:59:24.846  1705  1881 W ActivityManager: setHasOverlayUi called on unknown pid: 15964
07-05 10:59:24.859  1705  1891 I libprocessgroup: Successfully killed process cgroup uid 10186 pid 15964 in 46ms
07-05 10:59:26.480  3311  5014 D FileOperator: Mode change to WRITE_MODE!
07-05 10:59:26.507  2189  2189 I DataSaverController: registerReceiver() : Runnable call registerReceiver()
07-05 10:59:26.509  2189  2189 I DataSaverController: registerReceiver() : queryIntentServices = 0
07-05 10:59:26.509  2189  2189 I DataSaverController: registerReceiver() :  postDelayed Runnable 30000
