07-09 18:08:58.097  1199  1300 I BatteryMgr:DataCollectionService: stats => 1688918938097,-170,4141
07-09 18:08:58.105  1199  1300 I BatteryMgr:DataCollectionService: stats => 1688918938105,-170,4141
07-09 18:08:58.114  1199  1300 I BatteryMgr:DataCollectionService: stats => 1688918938114,-170,4141
07-09 18:08:58.122  1199  1300 I BatteryMgr:DataCollectionService: stats => 1688918938122,-170,4141
07-09 18:08:58.130  1199  1300 I BatteryMgr:DataCollectionService: stats => 1688918938129,-170,4141
07-09 18:08:58.137  1199  1300 I BatteryMgr:DataCollectionService: stats => 1688918938137,-170,4141
07-09 18:08:58.145  1199  1300 I BatteryMgr:DataCollectionService: stats => 1688918938145,-170,4141
07-09 18:08:58.153  1199  1300 I BatteryMgr:DataCollectionService: stats => 1688918938153,-170,4141
07-09 18:08:58.161  1199  1300 I BatteryMgr:DataCollectionService: stats => 1688918938161,-170,4141
07-09 18:08:58.169  1199  1300 I BatteryMgr:DataCollectionService: stats => 1688918938169,-170,4141
07-09 18:08:58.177  1199  1300 I BatteryMgr:DataCollectionService: stats => 1688918938177,-170,4141
07-09 18:08:58.185  1199  1300 I BatteryMgr:DataCollectionService: stats => 1688918938185,-170,4141
07-09 18:08:58.193  1199  1300 I BatteryMgr:DataCollectionService: stats => 1688918938193,-170,4141
07-09 18:08:58.201  1199  1300 I BatteryMgr:DataCollectionService: stats => 1688918938201,-170,4141
07-09 18:08:58.208  1199  1300 I BatteryMgr:DataCollectionService: stats => 1688918938208,-170,4141
07-09 18:08:58.216  1199  1300 I BatteryMgr:DataCollectionService: stats => 1688918938216,-170,4141
07-09 18:08:58.224  1199  1300 I BatteryMgr:DataCollectionService: stats => 1688918938224,-170,4141
07-09 18:08:58.232  1199  1300 I BatteryMgr:DataCollectionService: stats => 1688918938232,-170,4141
07-09 18:08:58.240  1199  1300 I BatteryMgr:DataCollectionService: stats => 1688918938240,-170,4141
07-09 18:08:58.243  3435  3435 I android.hardware.wifi@1.0-service: getLinkLayerStats
07-09 18:08:58.249  1199  1300 I BatteryMgr:DataCollectionService: stats => 1688918938249,-170,4141
07-09 18:08:58.258  1199  1300 I BatteryMgr:DataCollectionService: stats => 1688918938258,-170,4141
07-09 18:08:58.266  1199  1300 I BatteryMgr:DataCollectionService: stats => 1688918938265,-170,4141
07-09 18:08:58.273  1199  1300 I BatteryMgr:DataCollectionService: stats => 1688918938273,-170,4141
07-09 18:08:58.281  1199  1300 I BatteryMgr:DataCollectionService: stats => 1688918938281,-170,4141
07-09 18:08:58.290  1199  1300 I BatteryMgr:DataCollectionService: stats => 1688918938289,-170,4141
07-09 18:08:58.297  1199  1300 I BatteryMgr:DataCollectionService: stats => 1688918938297,-170,4141
07-09 18:08:58.306  1199  1300 I BatteryMgr:DataCollectionService: stats => 1688918938305,-170,4141
07-09 18:08:58.314  1199  1300 I BatteryMgr:DataCollectionService: stats => 1688918938313,-170,4141
07-09 18:08:58.321  1199  1300 I BatteryMgr:DataCollectionService: stats => 1688918938321,-170,4141
07-09 18:08:58.329  1199  1300 I BatteryMgr:DataCollectionService: stats => 1688918938329,-170,4141
07-09 18:08:58.337  1199  1300 I BatteryMgr:DataCollectionService: stats => 1688918938337,-170,4141
07-09 18:08:58.345  1199  1300 I BatteryMgr:DataCollectionService: stats => 1688918938345,-170,4141
07-09 18:08:58.353  1199  1300 I BatteryMgr:DataCollectionService: stats => 1688918938353,-170,4141
07-09 18:08:58.361  1199  1300 I BatteryMgr:DataCollectionService: stats => 1688918938361,-170,4141
07-09 18:08:58.369  1199  1300 I BatteryMgr:DataCollectionService: stats => 1688918938369,-170,4141
07-09 18:08:58.377  1199  1300 I BatteryMgr:DataCollectionService: stats => 1688918938377,-170,4141
07-09 18:08:58.385  1199  1300 I BatteryMgr:DataCollectionService: stats => 1688918938385,-170,4141
07-09 18:08:58.393  1199  1300 I BatteryMgr:DataCollectionService: stats => 1688918938393,-170,4141
07-09 18:08:58.401  1199  1300 I BatteryMgr:DataCollectionService: stats => 1688918938400,-170,4141
07-09 18:08:58.409  1199  1300 I BatteryMgr:DataCollectionService: stats => 1688918938409,-170,4141
07-09 18:08:58.417  1199  1300 I BatteryMgr:DataCollectionService: stats => 1688918938416,-170,4141
07-09 18:08:58.425  1199  1300 I BatteryMgr:DataCollectionService: stats => 1688918938425,-170,4141
07-09 18:08:58.433  1199  1300 I BatteryMgr:DataCollectionService: stats => 1688918938433,-170,4141
07-09 18:08:58.441  1199  1300 I BatteryMgr:DataCollectionService: stats => 1688918938441,-170,4141
07-09 18:08:58.449  1199  1300 I BatteryMgr:DataCollectionService: stats => 1688918938448,-170,4141
07-09 18:08:58.457  1199  1300 I BatteryMgr:DataCollectionService: stats => 1688918938457,-170,4141
07-09 18:08:58.465  1199  1300 I BatteryMgr:DataCollectionService: stats => 1688918938464,-170,4141
07-09 18:08:58.472  1199  1300 I BatteryMgr:DataCollectionService: stats => 1688918938472,-170,4141
07-09 18:08:58.480  1199  1300 I BatteryMgr:DataCollectionService: stats => 1688918938480,-170,4141
07-09 18:08:58.491  1199  1300 I BatteryMgr:DataCollectionService: stats => 1688918938491,-170,4141
07-09 18:08:58.498  1199  1300 I BatteryMgr:DataCollectionService: stats => 1688918938498,-170,4141
07-09 18:08:58.506  1199  1300 I BatteryMgr:DataCollectionService: stats => 1688918938506,-170,4141
07-09 18:08:58.514  1199  1300 I BatteryMgr:DataCollectionService: stats => 1688918938514,-170,4141
07-09 18:08:58.522  1199  1300 I BatteryMgr:DataCollectionService: stats => 1688918938522,-170,4141
07-09 18:08:58.530  1199  1300 I BatteryMgr:DataCollectionService: stats => 1688918938530,-170,4141
07-09 18:08:58.538  1199  1300 I BatteryMgr:DataCollectionService: stats => 1688918938538,-170,4141
07-09 18:08:58.546  1199  1300 I BatteryMgr:DataCollectionService: stats => 1688918938546,-170,4141
07-09 18:08:58.554  1199  1300 I BatteryMgr:DataCollectionService: stats => 1688918938553,-170,4141
07-09 18:08:58.561  1199  1300 I BatteryMgr:DataCollectionService: stats => 1688918938561,-170,4141
07-09 18:08:58.569  1199  1300 I BatteryMgr:DataCollectionService: stats => 1688918938569,-170,4141
07-09 18:08:58.578  1199  1300 I BatteryMgr:DataCollectionService: stats => 1688918938577,-170,4141
07-09 18:08:58.585  1199  1300 I BatteryMgr:DataCollectionService: stats => 1688918938585,-170,4141
07-09 18:08:58.593  1199  1300 I BatteryMgr:DataCollectionService: stats => 1688918938593,-170,4141
07-09 18:08:58.601  1199  1300 I BatteryMgr:DataCollectionService: stats => 1688918938601,-170,4141
07-09 18:08:58.609  1199  1300 I BatteryMgr:DataCollectionService: stats => 1688918938609,-170,4141
07-09 18:08:58.617  1199  1300 I BatteryMgr:DataCollectionService: stats => 1688918938617,-170,4141
07-09 18:08:58.625  1199  1300 I BatteryMgr:DataCollectionService: stats => 1688918938625,-170,4141
07-09 18:08:58.633  1199  1300 I BatteryMgr:DataCollectionService: stats => 1688918938633,-170,4141
07-09 18:08:58.641  1199  1300 I BatteryMgr:DataCollectionService: stats => 1688918938641,-170,4141
07-09 18:08:58.649  1199  1300 I BatteryMgr:DataCollectionService: stats => 1688918938649,-170,4141
07-09 18:08:58.657  1199  1300 I BatteryMgr:DataCollectionService: stats => 1688918938657,-170,4141
07-09 18:08:58.665  1199  1300 I BatteryMgr:DataCollectionService: stats => 1688918938665,-170,4141
07-09 18:08:58.672  1199  1300 I BatteryMgr:DataCollectionService: stats => 1688918938672,-170,4141
07-09 18:08:58.681  1199  1300 I BatteryMgr:DataCollectionService: stats => 1688918938681,-170,4141
07-09 18:08:58.689  1199  1300 I BatteryMgr:DataCollectionService: stats => 1688918938688,-170,4141
07-09 18:08:58.696  1199  1300 I BatteryMgr:DataCollectionService: stats => 1688918938696,-170,4141
07-09 18:08:58.704  1199  1300 I BatteryMgr:DataCollectionService: stats => 1688918938704,-170,4141
07-09 18:08:58.713  1199  1300 I BatteryMgr:DataCollectionService: stats => 1688918938713,-170,4141
07-09 18:08:58.721  1199  1300 I BatteryMgr:DataCollectionService: stats => 1688918938721,-170,4141
07-09 18:08:58.728  1199  1300 I BatteryMgr:DataCollectionService: stats => 1688918938728,-170,4141
07-09 18:08:58.736  1199  1300 I BatteryMgr:DataCollectionService: stats => 1688918938736,-170,4141
07-09 18:08:58.744  1199  1300 I BatteryMgr:DataCollectionService: stats => 1688918938744,-170,4141
07-09 18:08:58.752  1199  1300 I BatteryMgr:DataCollectionService: stats => 1688918938752,-170,4141
07-09 18:08:58.760  1199  1300 I BatteryMgr:DataCollectionService: stats => 1688918938760,-170,4141
07-09 18:08:58.768  1199  1300 I BatteryMgr:DataCollectionService: stats => 1688918938768,-170,4141
07-09 18:08:58.776  1199  1300 I BatteryMgr:DataCollectionService: stats => 1688918938776,-170,4141
07-09 18:08:58.785  1199  1300 I BatteryMgr:DataCollectionService: stats => 1688918938785,-170,4141
07-09 18:08:58.792  1199  1300 I BatteryMgr:DataCollectionService: stats => 1688918938792,-170,4141
07-09 18:08:58.800  1199  1300 I BatteryMgr:DataCollectionService: stats => 1688918938800,-170,4141
07-09 18:08:58.810  1199  1300 I BatteryMgr:DataCollectionService: stats => 1688918938810,-170,4141
07-09 18:08:58.818  1199  1300 I BatteryMgr:DataCollectionService: stats => 1688918938818,-170,4141
07-09 18:08:58.826  1199  1300 I BatteryMgr:DataCollectionService: stats => 1688918938826,-170,4141
07-09 18:08:58.834  1199  1300 I BatteryMgr:DataCollectionService: stats => 1688918938834,-170,4141
07-09 18:08:58.842  1199  1300 I BatteryMgr:DataCollectionService: stats => 1688918938842,-170,4141
07-09 18:08:58.850  1199  1300 I BatteryMgr:DataCollectionService: stats => 1688918938850,-170,4141
07-09 18:08:58.858  1199  1300 I BatteryMgr:DataCollectionService: stats => 1688918938858,-170,4141
07-09 18:08:58.860  3962  4453 E Watchdog: !@Sync 500 [2023-07-09 18:08:58.860]
07-09 18:08:58.866  1199  1300 I BatteryMgr:DataCollectionService: stats => 1688918938866,-170,4141
07-09 18:08:58.874  1199  1300 I BatteryMgr:DataCollectionService: stats => 1688918938874,-170,4141
07-09 18:08:58.882  1199  1300 I BatteryMgr:DataCollectionService: stats => 1688918938882,-170,4141
07-09 18:08:58.890  1199  1300 I BatteryMgr:DataCollectionService: stats => 1688918938890,-170,4141
07-09 18:08:58.899  1199  1300 I BatteryMgr:DataCollectionService: stats => 1688918938899,-170,4141
07-09 18:08:58.907  1199  1300 I BatteryMgr:DataCollectionService: stats => 1688918938907,-170,4141
07-09 18:08:58.915  1199  1300 I BatteryMgr:DataCollectionService: stats => 1688918938915,-170,4141
07-09 18:08:58.923  1199  1300 I BatteryMgr:DataCollectionService: stats => 1688918938922,-170,4141
07-09 18:08:58.930  1199  1300 I BatteryMgr:DataCollectionService: stats => 1688918938930,-170,4141
07-09 18:08:58.938  1199  1300 I BatteryMgr:DataCollectionService: stats => 1688918938938,-170,4141
07-09 18:08:58.946  1199  1300 I BatteryMgr:DataCollectionService: stats => 1688918938946,-170,4141
07-09 18:08:58.954  1199  1300 I BatteryMgr:DataCollectionService: stats => 1688918938954,-170,4141
07-09 18:08:58.962  1199  1300 I BatteryMgr:DataCollectionService: stats => 1688918938962,-170,4141
07-09 18:08:58.970  1199  1300 I BatteryMgr:DataCollectionService: stats => 1688918938970,-170,4141
07-09 18:08:58.978  1199  1300 I BatteryMgr:DataCollectionService: stats => 1688918938978,-170,4141
07-09 18:08:58.986  1199  1300 I BatteryMgr:DataCollectionService: stats => 1688918938986,-170,4141
07-09 18:08:58.994  1199  1300 I BatteryMgr:DataCollectionService: stats => 1688918938994,-170,4141
07-09 18:08:59.002  1199  1300 I BatteryMgr:DataCollectionService: stats => 1688918939002,-170,4141
07-09 18:08:59.010  1199  1300 I BatteryMgr:DataCollectionService: stats => 1688918939010,-170,4141
07-09 18:08:59.018  1199  1300 I BatteryMgr:DataCollectionService: stats => 1688918939018,-170,4141
07-09 18:08:59.026  1199  1300 I BatteryMgr:DataCollectionService: stats => 1688918939026,-170,4141
07-09 18:08:59.034  1199  1300 I BatteryMgr:DataCollectionService: stats => 1688918939034,-170,4141
07-09 18:08:59.042  1199  1300 I BatteryMgr:DataCollectionService: stats => 1688918939041,-170,4141
07-09 18:08:59.049  1199  1300 I BatteryMgr:DataCollectionService: stats => 1688918939049,-170,4141
07-09 18:08:59.058  1199  1300 I BatteryMgr:DataCollectionService: stats => 1688918939057,-170,4141
07-09 18:08:59.065  1199  1300 I BatteryMgr:DataCollectionService: stats => 1688918939065,-170,4141
07-09 18:08:59.073  1199  1300 I BatteryMgr:DataCollectionService: stats => 1688918939073,-170,4141
07-09 18:08:59.081  1199  1300 I BatteryMgr:DataCollectionService: stats => 1688918939081,-170,4141
07-09 18:08:59.089  1199  1300 I BatteryMgr:DataCollectionService: stats => 1688918939088,-170,4141
07-09 18:08:59.096  1199  1300 I BatteryMgr:DataCollectionService: stats => 1688918939096,-170,4141
07-09 18:08:59.104  1199  1300 I BatteryMgr:DataCollectionService: stats => 1688918939104,-170,4141
07-09 18:08:59.112  1199  1300 I BatteryMgr:DataCollectionService: stats => 1688918939112,-170,4141
07-09 18:08:59.120  1199  1300 I BatteryMgr:DataCollectionService: stats => 1688918939120,-170,4141
07-09 18:08:59.128  1199  1300 I BatteryMgr:DataCollectionService: stats => 1688918939128,-170,4141
07-09 18:08:59.136  1199  1300 I BatteryMgr:DataCollectionService: stats => 1688918939136,-170,4141
07-09 18:08:59.144  1199  1300 I BatteryMgr:DataCollectionService: stats => 1688918939144,-170,4141
07-09 18:08:59.152  1199  1300 I BatteryMgr:DataCollectionService: stats => 1688918939152,-170,4141
07-09 18:08:59.160  1199  1300 I BatteryMgr:DataCollectionService: stats => 1688918939159,-170,4141
07-09 18:08:59.168  1199  1300 I BatteryMgr:DataCollectionService: stats => 1688918939167,-170,4141
07-09 18:08:59.175  1199  1300 I BatteryMgr:DataCollectionService: stats => 1688918939175,-170,4141
07-09 18:08:59.184  1199  1300 I BatteryMgr:DataCollectionService: stats => 1688918939183,-170,4141
07-09 18:08:59.191  1199  1300 I BatteryMgr:DataCollectionService: stats => 1688918939191,-170,4141
07-09 18:08:59.199  1199  1300 I BatteryMgr:DataCollectionService: stats => 1688918939199,-170,4141
07-09 18:08:59.208  1199  1300 I BatteryMgr:DataCollectionService: stats => 1688918939208,-170,4141
07-09 18:08:59.216  1199  1300 I BatteryMgr:DataCollectionService: stats => 1688918939216,-170,4141
07-09 18:08:59.223  1199  1300 I BatteryMgr:DataCollectionService: stats => 1688918939223,-170,4141
07-09 18:08:59.232  1199  1300 I BatteryMgr:DataCollectionService: stats => 1688918939231,-170,4141
07-09 18:08:59.240  1199  1300 I BatteryMgr:DataCollectionService: stats => 1688918939239,-170,4141
07-09 18:08:59.248  1199  1300 I BatteryMgr:DataCollectionService: stats => 1688918939248,-170,4141
07-09 18:08:59.256  1199  1300 I BatteryMgr:DataCollectionService: stats => 1688918939256,-170,4141
07-09 18:08:59.264  1199  1300 I BatteryMgr:DataCollectionService: stats => 1688918939264,-170,4141
07-09 18:08:59.272  1199  1300 I BatteryMgr:DataCollectionService: stats => 1688918939272,-170,4141
07-09 18:08:59.280  1199  1300 I BatteryMgr:DataCollectionService: stats => 1688918939280,-170,4141
07-09 18:08:59.288  1199  1300 I BatteryMgr:DataCollectionService: stats => 1688918939288,-170,4141
07-09 18:08:59.295  1199  1300 I BatteryMgr:DataCollectionService: stats => 1688918939295,-170,4141
07-09 18:08:59.303  1199  1300 I BatteryMgr:DataCollectionService: stats => 1688918939303,-170,4141
07-09 18:08:59.312  1199  1300 I BatteryMgr:DataCollectionService: stats => 1688918939312,-170,4141
07-09 18:08:59.319  1199  1300 I BatteryMgr:DataCollectionService: stats => 1688918939319,-170,4141
07-09 18:08:59.327  1199  1300 I BatteryMgr:DataCollectionService: stats => 1688918939327,-170,4141
07-09 18:08:59.335  1199  1300 I BatteryMgr:DataCollectionService: stats => 1688918939334,-170,4141
07-09 18:08:59.342  1199  1300 I BatteryMgr:DataCollectionService: stats => 1688918939342,-170,4141
07-09 18:08:59.350  1199  1300 I BatteryMgr:DataCollectionService: stats => 1688918939350,-170,4141
07-09 18:08:59.358  1199  1300 I BatteryMgr:DataCollectionService: stats => 1688918939358,-170,4141
07-09 18:08:59.366  1199  1300 I BatteryMgr:DataCollectionService: stats => 1688918939366,-170,4141
07-09 18:08:59.374  1199  1300 I BatteryMgr:DataCollectionService: stats => 1688918939374,-170,4141
07-09 18:08:59.382  1199  1300 I BatteryMgr:DataCollectionService: stats => 1688918939382,-170,4141
07-09 18:08:59.390  1199  1300 I BatteryMgr:DataCollectionService: stats => 1688918939390,-170,4141
07-09 18:08:59.397  1199  1300 I BatteryMgr:DataCollectionService: stats => 1688918939397,-170,4141
07-09 18:08:59.405  1199  1300 I BatteryMgr:DataCollectionService: stats => 1688918939405,-170,4141
07-09 18:08:59.413  1199  1300 I BatteryMgr:DataCollectionService: stats => 1688918939413,-170,4141
07-09 18:08:59.421  1199  1300 I BatteryMgr:DataCollectionService: stats => 1688918939421,-170,4141
07-09 18:08:59.428  1199  1300 I BatteryMgr:DataCollectionService: stats => 1688918939428,-170,4141
07-09 18:08:59.436  1199  1300 I BatteryMgr:DataCollectionService: stats => 1688918939436,-170,4141
07-09 18:08:59.444  1199  1300 I BatteryMgr:DataCollectionService: stats => 1688918939444,-170,4141
07-09 18:08:59.452  1199  1300 I BatteryMgr:DataCollectionService: stats => 1688918939452,-170,4141
07-09 18:08:59.460  1199  1300 I BatteryMgr:DataCollectionService: stats => 1688918939460,-170,4141
07-09 18:08:59.468  1199  1300 I BatteryMgr:DataCollectionService: stats => 1688918939468,-170,4141
07-09 18:08:59.475  1199  1300 I BatteryMgr:DataCollectionService: stats => 1688918939475,-170,4141
07-09 18:08:59.484  1199  1300 I BatteryMgr:DataCollectionService: stats => 1688918939483,-170,4141
07-09 18:08:59.491  1199  1300 I BatteryMgr:DataCollectionService: stats => 1688918939491,-170,4141
07-09 18:08:59.499  1199  1300 I BatteryMgr:DataCollectionService: stats => 1688918939499,-170,4141
07-09 18:08:59.507  1199  1300 I BatteryMgr:DataCollectionService: stats => 1688918939507,-170,4141
07-09 18:08:59.515  1199  1300 I BatteryMgr:DataCollectionService: stats => 1688918939515,-170,4141
07-09 18:08:59.523  1199  1300 I BatteryMgr:DataCollectionService: stats => 1688918939523,-170,4141
07-09 18:08:59.531  1199  1300 I BatteryMgr:DataCollectionService: stats => 1688918939531,-170,4141
07-09 18:08:59.538  1199  1300 I BatteryMgr:DataCollectionService: stats => 1688918939538,-170,4141
07-09 18:08:59.546  1199  1300 I BatteryMgr:DataCollectionService: stats => 1688918939546,-170,4141
07-09 18:08:59.554  1199  1300 I BatteryMgr:DataCollectionService: stats => 1688918939554,-170,4141
07-09 18:08:59.561  1199  1300 I BatteryMgr:DataCollectionService: stats => 1688918939561,-170,4141
07-09 18:08:59.569  1199  1300 I BatteryMgr:DataCollectionService: stats => 1688918939569,-170,4141
07-09 18:08:59.577  1199  1300 I BatteryMgr:DataCollectionService: stats => 1688918939577,-170,4141
07-09 18:08:59.585  1199  1300 I BatteryMgr:DataCollectionService: stats => 1688918939585,-170,4141
07-09 18:08:59.593  1199  1300 I BatteryMgr:DataCollectionService: stats => 1688918939593,-170,4141
07-09 18:08:59.601  1199  1300 I BatteryMgr:DataCollectionService: stats => 1688918939600,-170,4141
07-09 18:08:59.609  1199  1300 I BatteryMgr:DataCollectionService: stats => 1688918939609,-170,4141
07-09 18:08:59.618  1199  1300 I BatteryMgr:DataCollectionService: stats => 1688918939618,-170,4141
07-09 18:08:59.626  1199  1300 I BatteryMgr:DataCollectionService: stats => 1688918939626,-170,4141
07-09 18:08:59.633  1199  1300 I BatteryMgr:DataCollectionService: stats => 1688918939633,-170,4141
07-09 18:08:59.641  1199  1300 I BatteryMgr:DataCollectionService: stats => 1688918939641,-170,4141
07-09 18:08:59.649  1199  1300 I BatteryMgr:DataCollectionService: stats => 1688918939649,-170,4141
07-09 18:08:59.656  1199  1300 I BatteryMgr:DataCollectionService: stats => 1688918939656,-170,4141
07-09 18:08:59.664  1199  1300 I BatteryMgr:DataCollectionService: stats => 1688918939664,-170,4141
07-09 18:08:59.672  1199  1300 I BatteryMgr:DataCollectionService: stats => 1688918939672,-170,4141
07-09 18:08:59.679  1199  1300 I BatteryMgr:DataCollectionService: stats => 1688918939679,-170,4141
07-09 18:08:59.687  1199  1300 I BatteryMgr:DataCollectionService: stats => 1688918939687,-170,4141
07-09 18:08:59.694  1199  1300 I BatteryMgr:DataCollectionService: stats => 1688918939694,-170,4141
07-09 18:08:59.702  1199  1300 I BatteryMgr:DataCollectionService: stats => 1688918939702,-170,4141
07-09 18:08:59.710  1199  1300 I BatteryMgr:DataCollectionService: stats => 1688918939710,-170,4141
07-09 18:08:59.718  1199  1300 I BatteryMgr:DataCollectionService: stats => 1688918939717,-170,4141
07-09 18:08:59.725  1199  1300 I BatteryMgr:DataCollectionService: stats => 1688918939725,-170,4141
07-09 18:08:59.733  1199  1300 I BatteryMgr:DataCollectionService: stats => 1688918939733,-170,4141
07-09 18:08:59.740  1199  1300 I BatteryMgr:DataCollectionService: stats => 1688918939740,-170,4141
07-09 18:08:59.748  1199  1300 I BatteryMgr:DataCollectionService: stats => 1688918939748,-170,4141
07-09 18:08:59.756  1199  1300 I BatteryMgr:DataCollectionService: stats => 1688918939755,-170,4141
07-09 18:08:59.763  1199  1300 I BatteryMgr:DataCollectionService: stats => 1688918939763,-170,4141
07-09 18:08:59.770  1199  1300 I BatteryMgr:DataCollectionService: stats => 1688918939770,-170,4141
07-09 18:08:59.778  1199  1300 I BatteryMgr:DataCollectionService: stats => 1688918939778,-170,4141
07-09 18:08:59.786  1199  1300 I BatteryMgr:DataCollectionService: stats => 1688918939786,-170,4141
07-09 18:08:59.793  1199  1300 I BatteryMgr:DataCollectionService: stats => 1688918939793,-170,4141
07-09 18:08:59.800  1199  1300 I BatteryMgr:DataCollectionService: stats => 1688918939800,-170,4141
07-09 18:08:59.808  1199  1300 I BatteryMgr:DataCollectionService: stats => 1688918939808,-170,4141
07-09 18:08:59.816  1199  1300 I BatteryMgr:DataCollectionService: stats => 1688918939815,-170,4141
07-09 18:08:59.824  1199  1300 I BatteryMgr:DataCollectionService: stats => 1688918939823,-170,4141
07-09 18:08:59.831  1199  1300 I BatteryMgr:DataCollectionService: stats => 1688918939831,-170,4141
07-09 18:08:59.838  1199  1300 I BatteryMgr:DataCollectionService: stats => 1688918939838,-170,4141
07-09 18:08:59.846  1199  1300 I BatteryMgr:DataCollectionService: stats => 1688918939846,-170,4141
07-09 18:08:59.854  1199  1300 I BatteryMgr:DataCollectionService: stats => 1688918939853,-170,4141
07-09 18:08:59.861  1199  1300 I BatteryMgr:DataCollectionService: stats => 1688918939861,-170,4141
07-09 18:08:59.868  1199  1300 I BatteryMgr:DataCollectionService: stats => 1688918939868,-170,4141
07-09 18:08:59.876  1199  1300 I BatteryMgr:DataCollectionService: stats => 1688918939876,-170,4141
07-09 18:08:59.884  1199  1300 I BatteryMgr:DataCollectionService: stats => 1688918939884,-170,4141
07-09 18:08:59.892  1199  1300 I BatteryMgr:DataCollectionService: stats => 1688918939892,-170,4141
07-09 18:08:59.900  1199  1300 I BatteryMgr:DataCollectionService: stats => 1688918939900,-170,4141
07-09 18:08:59.908  1199  1300 I BatteryMgr:DataCollectionService: stats => 1688918939908,-170,4141
07-09 18:08:59.915  1199  1300 I BatteryMgr:DataCollectionService: stats => 1688918939915,-170,4141
07-09 18:08:59.923  1199  1300 I BatteryMgr:DataCollectionService: stats => 1688918939923,-170,4141
07-09 18:08:59.930  1199  1300 I BatteryMgr:DataCollectionService: stats => 1688918939930,-170,4141
07-09 18:08:59.938  1199  1300 I BatteryMgr:DataCollectionService: stats => 1688918939938,-170,4141
07-09 18:08:59.946  1199  1300 I BatteryMgr:DataCollectionService: stats => 1688918939946,-170,4141
07-09 18:08:59.953  1199  1300 I BatteryMgr:DataCollectionService: stats => 1688918939953,-170,4141
07-09 18:08:59.954  4959  4959 D io_stats: !@ 179,0 r 275648 9779980 w 136009 2538180 d 8577 1267484 f 36998 37578 iot 177504 148215 th 51200 0 0 pt 0 inp 0 0 15023.569
07-09 18:08:59.961  1199  1300 I BatteryMgr:DataCollectionService: stats => 1688918939961,-170,4141
07-09 18:08:59.969  1199  1300 I BatteryMgr:DataCollectionService: stats => 1688918939969,-170,4141
07-09 18:08:59.977  1199  1300 I BatteryMgr:DataCollectionService: stats => 1688918939977,-170,4141
07-09 18:08:59.984  1199  1300 I BatteryMgr:DataCollectionService: stats => 1688918939984,-170,4141
07-09 18:08:59.992  1199  1300 I BatteryMgr:DataCollectionService: stats => 1688918939991,-170,4141
07-09 18:08:59.999  1199  1300 I BatteryMgr:DataCollectionService: stats => 1688918939999,-170,4141
07-09 18:09:00.000  3962  4051 D SamsungAlarmManager: Expired : 8
07-09 18:09:00.001  3962  4051 V SamsungAlarmManager: Sending to uid : 1000 action=android.intent.action.TIME_TICK alarm=Alarm{7103fd0 type 3 when 15023617 android}
07-09 18:09:00.003  3962  4051 V SamsungAlarmManager: Sending to uid : 10074 action=com.samsung.action.EVERY_MINUTE_CLOCK_UPDATE alarm=Alarm{18962ce type 1 when 1688918940000 com.sec.android.app.launcher}
07-09 18:09:00.008  1199  1300 I BatteryMgr:DataCollectionService: stats => 1688918940008,-170,4141
07-09 18:09:00.009  5487  5487 I Launcher: onReceive: com.samsung.action.EVERY_MINUTE_CLOCK_UPDATE
07-09 18:09:00.010  3962  3962 D SamsungAlarmManager: setExact Intent (T:3/F:1/AC:false) 20230709T181000 - CU:1000/CP:3962
07-09 18:09:00.017  4350  4350 D KeyguardUpdateMonitor: received broadcast android.intent.action.TIME_TICK
07-09 18:09:00.018  4350  4350 D KeyguardServiceBoxContainer: refreshTime() 1
07-09 18:09:00.021  3962  7157 D SamsungAlarmManager: setInexact Intent (T:1/F:0/AC:false) 20230709T181000 - CU:10074/CP:5487
07-09 18:09:00.021  3962  7157 I SamsungAlarmManager: setLocked to kernel - T:2 / 20230709T181000, SetElapsed=15083617, nowELAPSED=15023638
07-09 18:09:00.022  5487  5487 I IconView: applyFromShortcutInfo - start GetLive : com.samsung.android.calendar
07-09 18:09:00.022  5487  5487 I BitmapCacheContainer: getBitmapCache: BitmapCache expired com.samsung.android.calendar/UserHandle{0}
07-09 18:09:00.027  1199  1300 I BatteryMgr:DataCollectionService: stats => 1688918940027,-170,4141
07-09 18:09:00.035  5487  5487 D ApplicationPackageManager: we has com.samsung.android.calendar class. reuse it 
07-09 18:09:00.040  1199  1300 I BatteryMgr:DataCollectionService: stats => 1688918940040,-170,4141
07-09 18:09:00.046  1199  1300 I BatteryMgr:DataCollectionService: stats => 1688918940046,-170,4141
07-09 18:09:00.055  4350  4350 D KeyguardUpdateMonitor: handleStatusBarState( false )
07-09 18:09:00.055  1199  1300 I BatteryMgr:DataCollectionService: stats => 1688918940055,-170,4141
07-09 18:09:00.058  5487  5487 I ApplicationPackageManager: load= live icon for com.samsung.android.calendar, from overlay = false
07-09 18:09:00.059  5487  5487 I LiveIconManager: getLiveIcon: complete(sync_created)
07-09 18:09:00.059  5487  5487 I IconView: applyFromShortcutInfo - end GetLive : com.samsung.android.calendar
07-09 18:09:00.062  5487  5487 I IconView: applyFromApplicationInfo - start GetLive : com.sec.android.app.clockpackage
07-09 18:09:00.063  1199  1300 I BatteryMgr:DataCollectionService: stats => 1688918940063,-170,4141
07-09 18:09:00.066  5487  5487 D ApplicationPackageManager: we has com.sec.android.app.clockpackage class. reuse it 
07-09 18:09:00.066  5487  5487 D LiveIconLoader: getLiveIcon was called in ClockPackage
07-09 18:09:00.067  5487  5487 D LiveIconLoader: getLiveIcon res = com.sec.android.app.clockpackage
07-09 18:09:00.067  1199  1300 I BatteryMgr:DataCollectionService: stats => 1688918940067,-170,4141
07-09 18:09:00.069  5487  5487 D LiveIconLoader: stdIconSize : 84 , targetIconSize : 94
07-09 18:09:00.069  5487  5487 D LiveIconLoader: mIconDpi : 320 , mTargetIconDpi : 280
07-09 18:09:00.072  1199  1300 I BatteryMgr:DataCollectionService: stats => 1688918940072,-170,4141
07-09 18:09:00.077  1199  1300 I BatteryMgr:DataCollectionService: stats => 1688918940077,-170,4141
07-09 18:09:00.081  5487  5487 I ApplicationPackageManager: load= live icon for com.sec.android.app.clockpackage, from overlay = false
07-09 18:09:00.082  5487  5487 I LiveIconManager: getLiveIcon: complete(sync_created)
07-09 18:09:00.082  1199  1300 I BatteryMgr:DataCollectionService: stats => 1688918940082,-170,4141
07-09 18:09:00.082  5487  5487 I IconView: applyFromApplicationInfo - end GetLive : com.sec.android.app.clockpackage
07-09 18:09:00.083  5487  5487 I IconView: applyFromApplicationInfo - start GetLive : com.samsung.android.calendar
07-09 18:09:00.083  5487  5487 I IconView: applyFromApplicationInfo - end GetLive : com.samsung.android.calendar
07-09 18:09:00.088  1199  1300 I BatteryMgr:DataCollectionService: stats => 1688918940088,-170,4141
07-09 18:09:00.092  1199  1300 I BatteryMgr:DataCollectionService: stats => 1688918940092,-170,4141
07-09 18:09:00.096  1199  1300 I BatteryMgr:DataCollectionService: stats => 1688918940096,-170,4141
07-09 18:09:00.100  1199  1300 I BatteryMgr:DataCollectionService: stats => 1688918940100,-170,4141
07-09 18:09:00.105  1199  1300 I BatteryMgr:DataCollectionService: stats => 1688918940105,-170,4141
07-09 18:09:00.109  1199  1300 I BatteryMgr:DataCollectionService: stats => 1688918940109,-170,4141
07-09 18:09:00.113  1199  1300 I BatteryMgr:DataCollectionService: stats => 1688918940113,-170,4141
07-09 18:09:00.118  1199  1300 I BatteryMgr:DataCollectionService: stats => 1688918940118,-170,4141
07-09 18:09:00.122  1199  1300 I BatteryMgr:DataCollectionService: stats => 1688918940122,-170,4141
07-09 18:09:00.126  1199  1300 I BatteryMgr:DataCollectionService: stats => 1688918940126,-170,4141
07-09 18:09:00.130  1199  1300 I BatteryMgr:DataCollectionService: stats => 1688918940130,-170,4141
07-09 18:09:00.134  1199  1300 I BatteryMgr:DataCollectionService: stats => 1688918940134,-170,4141
07-09 18:09:00.138  1199  1300 I BatteryMgr:DataCollectionService: stats => 1688918940138,-170,4141
07-09 18:09:00.142  1199  1300 I BatteryMgr:DataCollectionService: stats => 1688918940142,-170,4141
07-09 18:09:00.148  1199  1300 I BatteryMgr:DataCollectionService: stats => 1688918940148,-170,4141
07-09 18:09:00.153  1199  1300 I BatteryMgr:DataCollectionService: stats => 1688918940153,-170,4141
07-09 18:09:00.158  1199  1300 I BatteryMgr:DataCollectionService: stats => 1688918940158,-170,4141
07-09 18:09:00.164  1199  1300 I BatteryMgr:DataCollectionService: stats => 1688918940164,-170,4141
07-09 18:09:00.170  1199  1300 I BatteryMgr:DataCollectionService: stats => 1688918940169,-170,4141
07-09 18:09:00.175  1199  1300 I BatteryMgr:DataCollectionService: stats => 1688918940175,-170,4141
07-09 18:09:00.181  1199  1300 I BatteryMgr:DataCollectionService: stats => 1688918940181,-170,4141
07-09 18:09:00.186  1199  1300 I BatteryMgr:DataCollectionService: stats => 1688918940186,-170,4141
07-09 18:09:00.193  1199  1300 I BatteryMgr:DataCollectionService: stats => 1688918940193,-170,4141
07-09 18:09:00.198  1199  1300 I BatteryMgr:DataCollectionService: stats => 1688918940198,-170,4141
07-09 18:09:00.205  1199  1300 I BatteryMgr:DataCollectionService: stats => 1688918940205,-170,4141
07-09 18:09:00.211  1199  1300 I BatteryMgr:DataCollectionService: stats => 1688918940211,-170,4141
07-09 18:09:00.217  1199  1300 I BatteryMgr:DataCollectionService: stats => 1688918940217,-170,4141
07-09 18:09:00.224  1199  1300 I BatteryMgr:DataCollectionService: stats => 1688918940224,-170,4141
07-09 18:09:00.230  1199  1300 I BatteryMgr:DataCollectionService: stats => 1688918940230,-170,4141
07-09 18:09:00.236  1199  1300 I BatteryMgr:DataCollectionService: stats => 1688918940236,-170,4141
07-09 18:09:00.242  1199  1300 I BatteryMgr:DataCollectionService: stats => 1688918940242,-170,4141
07-09 18:09:00.249  1199  1300 I BatteryMgr:DataCollectionService: stats => 1688918940249,-170,4141
07-09 18:09:00.255  1199  1300 I BatteryMgr:DataCollectionService: stats => 1688918940255,-170,4141
07-09 18:09:00.262  1199  1300 I BatteryMgr:DataCollectionService: stats => 1688918940262,-170,4141
07-09 18:09:00.269  1199  1300 I BatteryMgr:DataCollectionService: stats => 1688918940269,-170,4141
07-09 18:09:00.275  1199  1300 I BatteryMgr:DataCollectionService: stats => 1688918940275,-170,4141
07-09 18:09:00.282  1199  1300 I BatteryMgr:DataCollectionService: stats => 1688918940282,-170,4141
07-09 18:09:00.289  1199  1300 I BatteryMgr:DataCollectionService: stats => 1688918940289,-170,4141
07-09 18:09:00.296  1199  1300 I BatteryMgr:DataCollectionService: stats => 1688918940296,-170,4141
07-09 18:09:00.302  1199  1300 I BatteryMgr:DataCollectionService: stats => 1688918940302,-170,4141
07-09 18:09:00.309  1199  1300 I BatteryMgr:DataCollectionService: stats => 1688918940309,-170,4141
07-09 18:09:00.316  1199  1300 I BatteryMgr:DataCollectionService: stats => 1688918940316,-170,4141
07-09 18:09:00.324  1199  1300 I BatteryMgr:DataCollectionService: stats => 1688918940324,-170,4141
07-09 18:09:00.332  1199  1300 I BatteryMgr:DataCollectionService: stats => 1688918940331,-170,4141
07-09 18:09:00.339  1199  1300 I BatteryMgr:DataCollectionService: stats => 1688918940339,-170,4141
07-09 18:09:00.347  1199  1300 I BatteryMgr:DataCollectionService: stats => 1688918940346,-170,4141
07-09 18:09:00.354  1199  1300 I BatteryMgr:DataCollectionService: stats => 1688918940354,-170,4141
07-09 18:09:00.362  1199  1300 I BatteryMgr:DataCollectionService: stats => 1688918940361,-170,4141
07-09 18:09:00.368  1199  1300 I BatteryMgr:DataCollectionService: stats => 1688918940368,-170,4141
07-09 18:09:00.376  1199  1300 I BatteryMgr:DataCollectionService: stats => 1688918940376,-170,4141
07-09 18:09:00.383  1199  1300 I BatteryMgr:DataCollectionService: stats => 1688918940383,-170,4141
07-09 18:09:00.391  1199  1300 I BatteryMgr:DataCollectionService: stats => 1688918940390,-170,4141
07-09 18:09:00.398  1199  1300 I BatteryMgr:DataCollectionService: stats => 1688918940398,-170,4141
07-09 18:09:00.406  1199  1300 I BatteryMgr:DataCollectionService: stats => 1688918940406,-170,4141
07-09 18:09:00.414  1199  1300 I BatteryMgr:DataCollectionService: stats => 1688918940414,-170,4141
07-09 18:09:00.422  1199  1300 I BatteryMgr:DataCollectionService: stats => 1688918940422,-170,4141
07-09 18:09:00.430  1199  1300 I BatteryMgr:DataCollectionService: stats => 1688918940430,-170,4141
07-09 18:09:00.437  1199  1300 I BatteryMgr:DataCollectionService: stats => 1688918940437,-170,4141
07-09 18:09:00.445  1199  1300 I BatteryMgr:DataCollectionService: stats => 1688918940445,-170,4141
07-09 18:09:00.452  1199  1300 I BatteryMgr:DataCollectionService: stats => 1688918940452,-170,4141
07-09 18:09:00.460  1199  1300 I BatteryMgr:DataCollectionService: stats => 1688918940460,-170,4141
07-09 18:09:00.467  1199  1300 I BatteryMgr:DataCollectionService: stats => 1688918940467,-170,4141
07-09 18:09:00.475  1199  1300 I BatteryMgr:DataCollectionService: stats => 1688918940474,-170,4141
07-09 18:09:00.482  1199  1300 I BatteryMgr:DataCollectionService: stats => 1688918940482,-170,4141
07-09 18:09:00.490  1199  1300 I BatteryMgr:DataCollectionService: stats => 1688918940490,-170,4141
07-09 18:09:00.497  1199  1300 I BatteryMgr:DataCollectionService: stats => 1688918940497,-170,4141
07-09 18:09:00.504  1199  1300 I BatteryMgr:DataCollectionService: stats => 1688918940504,-170,4141
07-09 18:09:00.512  1199  1300 I BatteryMgr:DataCollectionService: stats => 1688918940512,-170,4141
07-09 18:09:00.519  1199  1300 I BatteryMgr:DataCollectionService: stats => 1688918940519,-170,4141
07-09 18:09:00.527  1199  1300 I BatteryMgr:DataCollectionService: stats => 1688918940527,-170,4141
07-09 18:09:00.534  1199  1300 I BatteryMgr:DataCollectionService: stats => 1688918940534,-170,4141
07-09 18:09:00.541  1199  1300 I BatteryMgr:DataCollectionService: stats => 1688918940541,-170,4141
07-09 18:09:00.549  1199  1300 I BatteryMgr:DataCollectionService: stats => 1688918940549,-170,4141
07-09 18:09:00.556  1199  1300 I BatteryMgr:DataCollectionService: stats => 1688918940556,-170,4141
07-09 18:09:00.563  1199  1300 I BatteryMgr:DataCollectionService: stats => 1688918940563,-170,4141
07-09 18:09:00.570  1199  1300 I BatteryMgr:DataCollectionService: stats => 1688918940570,-170,4141
07-09 18:09:00.578  1199  1300 I BatteryMgr:DataCollectionService: stats => 1688918940578,-170,4141
07-09 18:09:00.585  1199  1300 I BatteryMgr:DataCollectionService: stats => 1688918940585,-170,4141
07-09 18:09:00.593  1199  1300 I BatteryMgr:DataCollectionService: stats => 1688918940593,-170,4141
07-09 18:09:00.600  1199  1300 I BatteryMgr:DataCollectionService: stats => 1688918940600,-170,4141
07-09 18:09:00.607  1199  1300 I BatteryMgr:DataCollectionService: stats => 1688918940607,-170,4141
07-09 18:09:00.614  1199  1300 I BatteryMgr:DataCollectionService: stats => 1688918940614,-170,4141
07-09 18:09:00.622  1199  1300 I BatteryMgr:DataCollectionService: stats => 1688918940622,-170,4141
07-09 18:09:00.629  1199  1300 I BatteryMgr:DataCollectionService: stats => 1688918940629,-170,4141
07-09 18:09:00.636  1199  1300 I BatteryMgr:DataCollectionService: stats => 1688918940636,-170,4141
07-09 18:09:00.644  1199  1300 I BatteryMgr:DataCollectionService: stats => 1688918940644,-170,4141
07-09 18:09:00.651  1199  1300 I BatteryMgr:DataCollectionService: stats => 1688918940651,-170,4141
07-09 18:09:00.659  1199  1300 I BatteryMgr:DataCollectionService: stats => 1688918940658,-170,4141
07-09 18:09:00.666  1199  1300 I BatteryMgr:DataCollectionService: stats => 1688918940666,-170,4141
07-09 18:09:00.673  1199  1300 I BatteryMgr:DataCollectionService: stats => 1688918940673,-170,4141
07-09 18:09:00.680  1199  1300 I BatteryMgr:DataCollectionService: stats => 1688918940680,-170,4141
07-09 18:09:00.688  1199  1300 I BatteryMgr:DataCollectionService: stats => 1688918940687,-170,4141
07-09 18:09:00.695  1199  1300 I BatteryMgr:DataCollectionService: stats => 1688918940695,-170,4141
07-09 18:09:00.703  1199  1300 I BatteryMgr:DataCollectionService: stats => 1688918940702,-170,4141
07-09 18:09:00.710  1199  1300 I BatteryMgr:DataCollectionService: stats => 1688918940710,-170,4141
07-09 18:09:00.717  1199  1300 I BatteryMgr:DataCollectionService: stats => 1688918940717,-170,4141
07-09 18:09:00.724  1199  1300 I BatteryMgr:DataCollectionService: stats => 1688918940724,-170,4141
07-09 18:09:00.731  1199  1300 I BatteryMgr:DataCollectionService: stats => 1688918940731,-170,4141
07-09 18:09:00.739  1199  1300 I BatteryMgr:DataCollectionService: stats => 1688918940738,-170,4141
07-09 18:09:00.746  1199  1300 I BatteryMgr:DataCollectionService: stats => 1688918940746,-170,4141
07-09 18:09:00.754  1199  1300 I BatteryMgr:DataCollectionService: stats => 1688918940753,-170,4141
07-09 18:09:00.761  1199  1300 I BatteryMgr:DataCollectionService: stats => 1688918940761,-170,4141
07-09 18:09:00.769  1199  1300 I BatteryMgr:DataCollectionService: stats => 1688918940769,-170,4141
07-09 18:09:00.776  1199  1300 I BatteryMgr:DataCollectionService: stats => 1688918940776,-170,4141
07-09 18:09:00.784  1199  1300 I BatteryMgr:DataCollectionService: stats => 1688918940783,-170,4141
07-09 18:09:00.790  1199  1300 I BatteryMgr:DataCollectionService: stats => 1688918940790,-170,4141
07-09 18:09:00.798  1199  1300 I BatteryMgr:DataCollectionService: stats => 1688918940798,-170,4141
07-09 18:09:00.805  1199  1300 I BatteryMgr:DataCollectionService: stats => 1688918940805,-170,4141
07-09 18:09:00.813  1199  1300 I BatteryMgr:DataCollectionService: stats => 1688918940813,-170,4141
07-09 18:09:00.820  1199  1300 I BatteryMgr:DataCollectionService: stats => 1688918940820,-170,4141
07-09 18:09:00.828  1199  1300 I BatteryMgr:DataCollectionService: stats => 1688918940827,-170,4141
07-09 18:09:00.835  1199  1300 I BatteryMgr:DataCollectionService: stats => 1688918940835,-170,4141
07-09 18:09:00.843  1199  1300 I BatteryMgr:DataCollectionService: stats => 1688918940843,-170,4141
07-09 18:09:00.850  1199  1300 I BatteryMgr:DataCollectionService: stats => 1688918940850,-170,4141
07-09 18:09:00.857  1199  1300 I BatteryMgr:DataCollectionService: stats => 1688918940857,-170,4141
07-09 18:09:00.865  1199  1300 I BatteryMgr:DataCollectionService: stats => 1688918940865,-170,4141
07-09 18:09:00.872  1199  1300 I BatteryMgr:DataCollectionService: stats => 1688918940872,-170,4141
07-09 18:09:00.879  1199  1300 I BatteryMgr:DataCollectionService: stats => 1688918940879,-170,4141
07-09 18:09:00.887  1199  1300 I BatteryMgr:DataCollectionService: stats => 1688918940887,-170,4141
07-09 18:09:00.894  1199  1300 I BatteryMgr:DataCollectionService: stats => 1688918940894,-170,4141
07-09 18:09:00.902  1199  1300 I BatteryMgr:DataCollectionService: stats => 1688918940902,-170,4141
07-09 18:09:00.909  1199  1300 I BatteryMgr:DataCollectionService: stats => 1688918940909,-170,4141
07-09 18:09:00.914  1199  1204 I zygote64: Do partial code cache collection, code=123KB, data=66KB
07-09 18:09:00.915  1199  1204 I zygote64: After code cache collection, code=123KB, data=66KB
07-09 18:09:00.915  1199  1204 I zygote64: Increasing code cache capacity to 512KB
07-09 18:09:00.918  1199  1300 I BatteryMgr:DataCollectionService: stats => 1688918940918,-170,4141
07-09 18:09:00.927  1199  1300 I BatteryMgr:DataCollectionService: stats => 1688918940927,-170,4141
07-09 18:09:00.934  1199  1300 I BatteryMgr:DataCollectionService: stats => 1688918940934,-170,4141
07-09 18:09:00.943  1199  1300 I BatteryMgr:DataCollectionService: stats => 1688918940943,-170,4141
07-09 18:09:00.950  1199  1300 I BatteryMgr:DataCollectionService: stats => 1688918940950,-170,4141
07-09 18:09:00.958  1199  1300 I BatteryMgr:DataCollectionService: stats => 1688918940958,-170,4141
07-09 18:09:00.965  1199  1300 I BatteryMgr:DataCollectionService: stats => 1688918940965,-170,4141
07-09 18:09:00.972  1199  1300 I BatteryMgr:DataCollectionService: stats => 1688918940972,-170,4141
07-09 18:09:00.980  1199  1300 I BatteryMgr:DataCollectionService: stats => 1688918940979,-170,4141
07-09 18:09:00.987  1199  1300 I BatteryMgr:DataCollectionService: stats => 1688918940987,-170,4141
07-09 18:09:00.994  1199  1300 I BatteryMgr:DataCollectionService: stats => 1688918940994,-170,4141
07-09 18:09:01.001  1199  1300 I BatteryMgr:DataCollectionService: stats => 1688918941001,-170,4141
07-09 18:09:01.008  1199  1300 I BatteryMgr:DataCollectionService: stats => 1688918941008,-170,4141
07-09 18:09:01.016  1199  1300 I BatteryMgr:DataCollectionService: stats => 1688918941016,-170,4141
07-09 18:09:01.023  1199  1300 I BatteryMgr:DataCollectionService: stats => 1688918941023,-170,4141
07-09 18:09:01.030  1199  1300 I BatteryMgr:DataCollectionService: stats => 1688918941030,-170,4141
07-09 18:09:01.038  1199  1300 I BatteryMgr:DataCollectionService: stats => 1688918941038,-170,4141
07-09 18:09:01.045  1199  1300 I BatteryMgr:DataCollectionService: stats => 1688918941045,-170,4141
07-09 18:09:01.052  1199  1300 I BatteryMgr:DataCollectionService: stats => 1688918941052,-170,4141
07-09 18:09:01.060  1199  1300 I BatteryMgr:DataCollectionService: stats => 1688918941060,-170,4141
07-09 18:09:01.067  1199  1300 I BatteryMgr:DataCollectionService: stats => 1688918941067,-170,4141
07-09 18:09:01.074  1199  1300 I BatteryMgr:DataCollectionService: stats => 1688918941074,-170,4141
07-09 18:09:01.082  1199  1300 I BatteryMgr:DataCollectionService: stats => 1688918941082,-170,4141
07-09 18:09:01.089  1199  1300 I BatteryMgr:DataCollectionService: stats => 1688918941089,-170,4141
07-09 18:09:01.096  1199  1300 I BatteryMgr:DataCollectionService: stats => 1688918941096,-170,4141
07-09 18:09:01.103  1199  1300 I BatteryMgr:DataCollectionService: stats => 1688918941103,-170,4141
07-09 18:09:01.111  1199  1300 I BatteryMgr:DataCollectionService: stats => 1688918941110,-170,4141
07-09 18:09:01.118  1199  1300 I BatteryMgr:DataCollectionService: stats => 1688918941118,-170,4141
07-09 18:09:01.124  1199  1300 I BatteryMgr:DataCollectionService: stats => 1688918941124,-170,4141
07-09 18:09:01.131  1199  1300 I BatteryMgr:DataCollectionService: stats => 1688918941131,-170,4141
07-09 18:09:01.139  1199  1300 I BatteryMgr:DataCollectionService: stats => 1688918941139,-170,4141
07-09 18:09:01.147  1199  1300 I BatteryMgr:DataCollectionService: stats => 1688918941147,-170,4141
07-09 18:09:01.154  1199  1300 I BatteryMgr:DataCollectionService: stats => 1688918941154,-170,4141
07-09 18:09:01.161  1199  1300 I BatteryMgr:DataCollectionService: stats => 1688918941161,-170,4141
07-09 18:09:01.168  1199  1300 I BatteryMgr:DataCollectionService: stats => 1688918941168,-170,4141
07-09 18:09:01.175  1199  1300 I BatteryMgr:DataCollectionService: stats => 1688918941175,-170,4141
07-09 18:09:01.183  1199  1300 I BatteryMgr:DataCollectionService: stats => 1688918941183,-170,4141
07-09 18:09:01.190  1199  1300 I BatteryMgr:DataCollectionService: stats => 1688918941190,-170,4141
07-09 18:09:01.197  1199  1300 I BatteryMgr:DataCollectionService: stats => 1688918941197,-170,4141
07-09 18:09:01.205  1199  1300 I BatteryMgr:DataCollectionService: stats => 1688918941205,-170,4141
07-09 18:09:01.212  1199  1300 I BatteryMgr:DataCollectionService: stats => 1688918941212,-170,4141
07-09 18:09:01.219  1199  1300 I BatteryMgr:DataCollectionService: stats => 1688918941219,-170,4141
07-09 18:09:01.226  1199  1300 I BatteryMgr:DataCollectionService: stats => 1688918941226,-170,4141
07-09 18:09:01.233  1199  1300 I BatteryMgr:DataCollectionService: stats => 1688918941233,-170,4141
07-09 18:09:01.241  1199  1300 I BatteryMgr:DataCollectionService: stats => 1688918941241,-170,4141
07-09 18:09:01.248  1199  1300 I BatteryMgr:DataCollectionService: stats => 1688918941248,-170,4141
07-09 18:09:01.252  3435  3435 I android.hardware.wifi@1.0-service: getLinkLayerStats
07-09 18:09:01.255  1199  1300 I BatteryMgr:DataCollectionService: stats => 1688918941255,-170,4141
07-09 18:09:01.263  1199  1300 I BatteryMgr:DataCollectionService: stats => 1688918941263,-170,4141
07-09 18:09:01.270  1199  1300 I BatteryMgr:DataCollectionService: stats => 1688918941270,-170,4141
07-09 18:09:01.277  1199  1300 I BatteryMgr:DataCollectionService: stats => 1688918941277,-170,4141
07-09 18:09:01.284  1199  1300 I BatteryMgr:DataCollectionService: stats => 1688918941284,-170,4141
07-09 18:09:01.292  1199  1300 I BatteryMgr:DataCollectionService: stats => 1688918941292,-170,4141
07-09 18:09:01.299  1199  1300 I BatteryMgr:DataCollectionService: stats => 1688918941299,-170,4141
07-09 18:09:01.306  1199  1300 I BatteryMgr:DataCollectionService: stats => 1688918941306,-170,4141
07-09 18:09:01.314  1199  1300 I BatteryMgr:DataCollectionService: stats => 1688918941314,-170,4141
07-09 18:09:01.322  1199  1300 I BatteryMgr:DataCollectionService: stats => 1688918941322,-170,4141
07-09 18:09:01.329  1199  1300 I BatteryMgr:DataCollectionService: stats => 1688918941329,-170,4141
07-09 18:09:01.336  1199  1300 I BatteryMgr:DataCollectionService: stats => 1688918941336,-170,4141
07-09 18:09:01.342  1199  1300 I BatteryMgr:DataCollectionService: stats => 1688918941342,-170,4141
07-09 18:09:01.349  1199  1300 I BatteryMgr:DataCollectionService: stats => 1688918941349,-170,4141
07-09 18:09:01.356  1199  1300 I BatteryMgr:DataCollectionService: stats => 1688918941356,-170,4141
07-09 18:09:01.363  1199  1300 I BatteryMgr:DataCollectionService: stats => 1688918941363,-170,4141
07-09 18:09:01.369  1199  1300 I BatteryMgr:DataCollectionService: stats => 1688918941369,-170,4141
07-09 18:09:01.375  1199  1300 I BatteryMgr:DataCollectionService: stats => 1688918941375,-170,4141
07-09 18:09:01.382  1199  1300 I BatteryMgr:DataCollectionService: stats => 1688918941382,-170,4141
07-09 18:09:01.389  1199  1300 I BatteryMgr:DataCollectionService: stats => 1688918941389,-170,4141
07-09 18:09:01.396  1199  1300 I BatteryMgr:DataCollectionService: stats => 1688918941396,-170,4141
07-09 18:09:01.403  1199  1300 I BatteryMgr:DataCollectionService: stats => 1688918941403,-170,4141
07-09 18:09:01.410  1199  1300 I BatteryMgr:DataCollectionService: stats => 1688918941410,-170,4141
07-09 18:09:01.418  1199  1300 I BatteryMgr:DataCollectionService: stats => 1688918941418,-170,4141
07-09 18:09:01.425  1199  1300 I BatteryMgr:DataCollectionService: stats => 1688918941425,-170,4141
07-09 18:09:01.432  1199  1300 I BatteryMgr:DataCollectionService: stats => 1688918941432,-170,4141
07-09 18:09:01.439  1199  1300 I BatteryMgr:DataCollectionService: stats => 1688918941439,-170,4141
07-09 18:09:01.447  1199  1300 I BatteryMgr:DataCollectionService: stats => 1688918941446,-170,4141
07-09 18:09:01.454  1199  1300 I BatteryMgr:DataCollectionService: stats => 1688918941454,-170,4141
07-09 18:09:01.460  1199  1300 I BatteryMgr:DataCollectionService: stats => 1688918941460,-170,4141
07-09 18:09:01.467  1199  1300 I BatteryMgr:DataCollectionService: stats => 1688918941467,-170,4141
07-09 18:09:01.475  1199  1300 I BatteryMgr:DataCollectionService: stats => 1688918941475,-170,4141
07-09 18:09:01.482  1199  1300 I BatteryMgr:DataCollectionService: stats => 1688918941482,-170,4141
07-09 18:09:01.489  1199  1300 I BatteryMgr:DataCollectionService: stats => 1688918941489,-170,4141
07-09 18:09:01.496  1199  1300 I BatteryMgr:DataCollectionService: stats => 1688918941496,-170,4141
07-09 18:09:01.503  1199  1300 I BatteryMgr:DataCollectionService: stats => 1688918941503,-170,4141
07-09 18:09:01.510  1199  1300 I BatteryMgr:DataCollectionService: stats => 1688918941510,-170,4141
07-09 18:09:01.518  1199  1300 I BatteryMgr:DataCollectionService: stats => 1688918941517,-170,4141
07-09 18:09:01.524  1199  1300 I BatteryMgr:DataCollectionService: stats => 1688918941524,-170,4141
07-09 18:09:01.531  1199  1300 I BatteryMgr:DataCollectionService: stats => 1688918941531,-170,4141
07-09 18:09:01.538  1199  1300 I BatteryMgr:DataCollectionService: stats => 1688918941538,-170,4141
07-09 18:09:01.545  1199  1300 I BatteryMgr:DataCollectionService: stats => 1688918941545,-170,4141
