07-04 21:27:40.342 11977 12098 I BatteryMgr:DataCollectionService: stats => 1688498860342,96875,4074
07-04 21:27:40.453 11977 12098 I BatteryMgr:DataCollectionService: stats => 1688498860453,213437,4074
07-04 21:27:40.567 11977 12098 I BatteryMgr:DataCollectionService: stats => 1688498860567,213437,4074
07-04 21:27:40.683 11977 12098 I BatteryMgr:DataCollectionService: stats => 1688498860683,213437,4074
07-04 21:27:40.800 11977 12098 I BatteryMgr:DataCollectionService: stats => 1688498860800,136562,4074
07-04 21:27:40.915 11977 12098 I BatteryMgr:DataCollectionService: stats => 1688498860914,136562,4074
07-04 21:27:41.031 11977 12098 I BatteryMgr:DataCollectionService: stats => 1688498861030,136562,4074
07-04 21:27:41.139 11977 12098 I BatteryMgr:DataCollectionService: stats => 1688498861139,115312,4074
07-04 21:27:41.250 11977 12098 I BatteryMgr:DataCollectionService: stats => 1688498861250,115312,4074
07-04 21:27:41.357 11977 12098 I BatteryMgr:DataCollectionService: stats => 1688498861357,115312,4074
07-04 21:27:41.468 11977 12098 I BatteryMgr:DataCollectionService: stats => 1688498861468,115312,4074
07-04 21:27:41.575 11977 12098 I BatteryMgr:DataCollectionService: stats => 1688498861575,200937,4074
07-04 21:27:41.690 11977 12098 I BatteryMgr:DataCollectionService: stats => 1688498861690,200937,4074
07-04 21:27:41.807 11977 12098 I BatteryMgr:DataCollectionService: stats => 1688498861807,200937,4074
07-04 21:27:41.929 11977 12098 I BatteryMgr:DataCollectionService: stats => 1688498861929,114375,4074
07-04 21:27:42.035 11977 12098 I BatteryMgr:DataCollectionService: stats => 1688498862035,114375,4074
07-04 21:27:42.038  2164  2338 D ConnectivityService: NetReassign [no changes] [c 0] [a 0] [i 3]
07-04 21:27:42.147 11977 12098 I BatteryMgr:DataCollectionService: stats => 1688498862147,114375,4074
07-04 21:27:42.259 11977 12098 I BatteryMgr:DataCollectionService: stats => 1688498862258,172500,4074
07-04 21:27:42.374 11977 12098 I BatteryMgr:DataCollectionService: stats => 1688498862374,172500,4074
07-04 21:27:42.483 11977 12098 I BatteryMgr:DataCollectionService: stats => 1688498862483,172500,4074
07-04 21:27:42.590 11977 12098 I BatteryMgr:DataCollectionService: stats => 1688498862590,125937,4074
07-04 21:27:42.698 11977 12098 I BatteryMgr:DataCollectionService: stats => 1688498862698,125937,4074
07-04 21:27:42.807 11977 12098 I BatteryMgr:DataCollectionService: stats => 1688498862807,125937,4074
07-04 21:27:42.920 11977 12098 I BatteryMgr:DataCollectionService: stats => 1688498862920,123437,4074
07-04 21:27:43.038 11977 12098 I BatteryMgr:DataCollectionService: stats => 1688498863038,123437,4074
07-04 21:27:43.153 11977 12098 I BatteryMgr:DataCollectionService: stats => 1688498863153,123437,4074
07-04 21:27:43.272 11977 12098 I BatteryMgr:DataCollectionService: stats => 1688498863272,107500,4074
07-04 21:27:43.387 11977 12098 I BatteryMgr:DataCollectionService: stats => 1688498863387,107500,4074
07-04 21:27:43.501 11977 12098 I BatteryMgr:DataCollectionService: stats => 1688498863501,107500,4074
07-04 21:27:43.617 11977 12098 I BatteryMgr:DataCollectionService: stats => 1688498863617,128125,4074
07-04 21:27:43.725 11977 12098 I BatteryMgr:DataCollectionService: stats => 1688498863725,128125,4074
07-04 21:27:43.833 11977 12098 I BatteryMgr:DataCollectionService: stats => 1688498863833,128125,4074
07-04 21:27:43.941 11977 12098 I BatteryMgr:DataCollectionService: stats => 1688498863941,212812,4074
07-04 21:27:44.048 11977 12098 I BatteryMgr:DataCollectionService: stats => 1688498864048,212812,4074
07-04 21:27:44.167 11977 12098 I BatteryMgr:DataCollectionService: stats => 1688498864166,212812,4074
07-04 21:27:44.274 11977 12098 I BatteryMgr:DataCollectionService: stats => 1688498864274,212812,4074
07-04 21:27:44.389 11977 12098 I BatteryMgr:DataCollectionService: stats => 1688498864389,194375,4074
07-04 21:27:44.502 11977 12098 I BatteryMgr:DataCollectionService: stats => 1688498864502,194375,4074
07-04 21:27:44.615 11977 12098 I BatteryMgr:DataCollectionService: stats => 1688498864615,194375,4074
07-04 21:27:44.729 11977 12098 I BatteryMgr:DataCollectionService: stats => 1688498864729,115312,4074
07-04 21:27:44.836 11977 12098 I BatteryMgr:DataCollectionService: stats => 1688498864836,115312,4074
07-04 21:27:44.944 11977 12098 I BatteryMgr:DataCollectionService: stats => 1688498864944,115312,4074
07-04 21:27:45.050 11977 12098 I BatteryMgr:DataCollectionService: stats => 1688498865050,187500,4074
07-04 21:27:45.057  2164  2338 D ConnectivityService: NetReassign [no changes] [c 1] [a 0] [i 3]
07-04 21:27:45.157 11977 12098 I BatteryMgr:DataCollectionService: stats => 1688498865157,187500,4074
07-04 21:27:45.268 11977 12098 I BatteryMgr:DataCollectionService: stats => 1688498865268,187500,4074
07-04 21:27:45.381 11977 12098 I BatteryMgr:DataCollectionService: stats => 1688498865381,119062,4074
07-04 21:27:45.494 11977 12098 I BatteryMgr:DataCollectionService: stats => 1688498865494,119062,4074
07-04 21:27:45.605 11977 12098 I BatteryMgr:DataCollectionService: stats => 1688498865605,119062,4074
07-04 21:27:45.721 11977 12098 I BatteryMgr:DataCollectionService: stats => 1688498865721,95000,4074
07-04 21:27:45.836 11977 12098 I BatteryMgr:DataCollectionService: stats => 1688498865835,95000,4074
07-04 21:27:45.948 11977 12098 I BatteryMgr:DataCollectionService: stats => 1688498865948,95000,4074
07-04 21:27:46.066 11977 12098 I BatteryMgr:DataCollectionService: stats => 1688498866066,206875,4074
07-04 21:27:46.174 11977 12098 I BatteryMgr:DataCollectionService: stats => 1688498866174,206875,4074
07-04 21:27:46.287 11977 12098 I BatteryMgr:DataCollectionService: stats => 1688498866287,206875,4074
07-04 21:27:46.398 11977 12098 I BatteryMgr:DataCollectionService: stats => 1688498866398,128750,4074
07-04 21:27:46.511 11977 12098 I BatteryMgr:DataCollectionService: stats => 1688498866511,128750,4074
07-04 21:27:46.624 11977 12098 I BatteryMgr:DataCollectionService: stats => 1688498866624,128750,4074
07-04 21:27:46.735 11977 12098 I BatteryMgr:DataCollectionService: stats => 1688498866735,107500,4074
07-04 21:27:46.855 11977 12098 I BatteryMgr:DataCollectionService: stats => 1688498866855,107500,4074
07-04 21:27:46.968 11977 12098 I BatteryMgr:DataCollectionService: stats => 1688498866968,107500,4074
07-04 21:27:47.081 11977 12098 I BatteryMgr:DataCollectionService: stats => 1688498867081,119687,4074
07-04 21:27:47.193 11977 12098 I BatteryMgr:DataCollectionService: stats => 1688498867193,119687,4074
07-04 21:27:47.303 11977 12098 I BatteryMgr:DataCollectionService: stats => 1688498867303,119687,4074
07-04 21:27:47.411 11977 12098 I BatteryMgr:DataCollectionService: stats => 1688498867411,119687,4074
07-04 21:27:47.536 11977 12098 I BatteryMgr:DataCollectionService: stats => 1688498867536,149375,4074
07-04 21:27:47.647 11977 12098 I BatteryMgr:DataCollectionService: stats => 1688498867647,149375,4074
07-04 21:27:47.759 11977 12098 I BatteryMgr:DataCollectionService: stats => 1688498867759,149375,4074
07-04 21:27:47.872 11977 12098 I BatteryMgr:DataCollectionService: stats => 1688498867872,121562,4074
07-04 21:27:47.986 11977 12098 I BatteryMgr:DataCollectionService: stats => 1688498867986,121562,4074
07-04 21:27:48.081  2164  2338 D ConnectivityService: NetReassign [no changes] [c 1] [a 0] [i 3]
07-04 21:27:48.092 11977 12098 I BatteryMgr:DataCollectionService: stats => 1688498868092,121562,4074
07-04 21:27:48.205 11977 12098 I BatteryMgr:DataCollectionService: stats => 1688498868205,137187,4074
07-04 21:27:48.312 11977 12098 I BatteryMgr:DataCollectionService: stats => 1688498868312,137187,4074
07-04 21:27:48.426 11977 12098 I BatteryMgr:DataCollectionService: stats => 1688498868426,137187,4074
07-04 21:27:48.543 11977 12098 I BatteryMgr:DataCollectionService: stats => 1688498868543,107187,4074
07-04 21:27:48.657 11977 12098 I BatteryMgr:DataCollectionService: stats => 1688498868657,107187,4074
07-04 21:27:48.773 11977 12098 I BatteryMgr:DataCollectionService: stats => 1688498868773,107187,4074
07-04 21:27:48.887 11977 12098 I BatteryMgr:DataCollectionService: stats => 1688498868887,197187,4074
07-04 21:27:49.000 11977 12098 I BatteryMgr:DataCollectionService: stats => 1688498869000,197187,4074
07-04 21:27:49.115 11977 12098 I BatteryMgr:DataCollectionService: stats => 1688498869115,197187,4074
07-04 21:27:49.227 11977 12098 I BatteryMgr:DataCollectionService: stats => 1688498869226,229062,4074
07-04 21:27:49.340 11977 12098 I BatteryMgr:DataCollectionService: stats => 1688498869340,229062,4074
07-04 21:27:49.451 11977 12098 I BatteryMgr:DataCollectionService: stats => 1688498869450,229062,4074
07-04 21:27:49.559 11977 12098 I BatteryMgr:DataCollectionService: stats => 1688498869558,198125,4074
07-04 21:27:49.676 11977 12098 I BatteryMgr:DataCollectionService: stats => 1688498869676,198125,4074
07-04 21:27:49.791 11977 12098 I BatteryMgr:DataCollectionService: stats => 1688498869790,198125,4074
07-04 21:27:49.905 11977 12098 I BatteryMgr:DataCollectionService: stats => 1688498869905,126562,4074
07-04 21:27:50.015 11977 12098 I BatteryMgr:DataCollectionService: stats => 1688498870015,126562,4074
07-04 21:27:50.128 11977 12098 I BatteryMgr:DataCollectionService: stats => 1688498870127,126562,4074
07-04 21:27:50.240 11977 12098 I BatteryMgr:DataCollectionService: stats => 1688498870240,122500,4074
07-04 21:27:50.353 11977 12098 I BatteryMgr:DataCollectionService: stats => 1688498870353,122500,4074
07-04 21:27:50.461 11977 12098 I BatteryMgr:DataCollectionService: stats => 1688498870461,122500,4074
07-04 21:27:50.572 11977 12098 I BatteryMgr:DataCollectionService: stats => 1688498870572,122500,4074
07-04 21:27:50.680 11977 12098 I BatteryMgr:DataCollectionService: stats => 1688498870680,200625,4074
07-04 21:27:50.792 11977 12098 I BatteryMgr:DataCollectionService: stats => 1688498870792,200625,4074
07-04 21:27:50.906 11977 12098 I BatteryMgr:DataCollectionService: stats => 1688498870906,200625,4074
07-04 21:27:51.021 11977 12098 I BatteryMgr:DataCollectionService: stats => 1688498871021,132500,4074
07-04 21:27:51.101  2164  2338 D ConnectivityService: NetReassign [no changes] [c 0] [a 1] [i 3]
07-04 21:27:51.133 11977 12098 I BatteryMgr:DataCollectionService: stats => 1688498871133,132500,4074
07-04 21:27:51.250 11977 12098 I BatteryMgr:DataCollectionService: stats => 1688498871249,132500,4074
07-04 21:27:51.366 11977 12098 I BatteryMgr:DataCollectionService: stats => 1688498871366,111250,4074
07-04 21:27:51.481 11977 12098 I BatteryMgr:DataCollectionService: stats => 1688498871481,111250,4074
07-04 21:27:51.589 11977 12098 I BatteryMgr:DataCollectionService: stats => 1688498871589,111250,4074
07-04 21:27:51.697 11977 12098 I BatteryMgr:DataCollectionService: stats => 1688498871697,220312,4074
07-04 21:27:51.805 11977 12098 I BatteryMgr:DataCollectionService: stats => 1688498871805,220312,4074
07-04 21:27:51.913 11977 12098 I BatteryMgr:DataCollectionService: stats => 1688498871913,220312,4074
07-04 21:27:52.022 11977 12098 I BatteryMgr:DataCollectionService: stats => 1688498872022,120312,4074
07-04 21:27:52.136 11977 12098 I BatteryMgr:DataCollectionService: stats => 1688498872136,120312,4074
07-04 21:27:52.259 11977 12098 I BatteryMgr:DataCollectionService: stats => 1688498872259,120312,4074
07-04 21:27:52.372 11977 12098 I BatteryMgr:DataCollectionService: stats => 1688498872372,166250,4074
07-04 21:27:52.486 11977 12098 I BatteryMgr:DataCollectionService: stats => 1688498872486,166250,4074
07-04 21:27:52.603 11977 12098 I BatteryMgr:DataCollectionService: stats => 1688498872603,166250,4074
07-04 21:27:52.713 11977 12098 I BatteryMgr:DataCollectionService: stats => 1688498872713,134062,4074
07-04 21:27:52.827 11977 12098 I BatteryMgr:DataCollectionService: stats => 1688498872827,134062,4074
07-04 21:27:52.938 11977 12098 I BatteryMgr:DataCollectionService: stats => 1688498872938,134062,4074
07-04 21:27:53.051 11977 12098 I BatteryMgr:DataCollectionService: stats => 1688498873051,109062,4074
07-04 21:27:53.166 11977 12098 I BatteryMgr:DataCollectionService: stats => 1688498873165,109062,4074
07-04 21:27:53.280 11977 12098 I BatteryMgr:DataCollectionService: stats => 1688498873280,109062,4074
07-04 21:27:53.393 11977 12098 I BatteryMgr:DataCollectionService: stats => 1688498873393,127812,4074
07-04 21:27:53.508 11977 12098 I BatteryMgr:DataCollectionService: stats => 1688498873508,127812,4074
07-04 21:27:53.624 11977 12098 I BatteryMgr:DataCollectionService: stats => 1688498873624,127812,4074
07-04 21:27:53.738 11977 12098 I BatteryMgr:DataCollectionService: stats => 1688498873738,125937,4074
07-04 21:27:53.846 11977 12098 I BatteryMgr:DataCollectionService: stats => 1688498873845,125937,4074
07-04 21:27:53.954 11977 12098 I BatteryMgr:DataCollectionService: stats => 1688498873954,125937,4074
07-04 21:27:54.061 11977 12098 I BatteryMgr:DataCollectionService: stats => 1688498874061,125937,4074
07-04 21:27:54.129  2164  2338 D ConnectivityService: NetReassign [no changes] [c 0] [a 0] [i 3]
07-04 21:27:54.173 11977 12098 I BatteryMgr:DataCollectionService: stats => 1688498874173,153437,4074
07-04 21:27:54.288 11977 12098 I BatteryMgr:DataCollectionService: stats => 1688498874288,153437,4074
07-04 21:27:54.404 11977 12098 I BatteryMgr:DataCollectionService: stats => 1688498874404,153437,4074
07-04 21:27:54.516 11977 12098 I BatteryMgr:DataCollectionService: stats => 1688498874516,114375,4074
07-04 21:27:54.634 11977 12098 I BatteryMgr:DataCollectionService: stats => 1688498874634,114375,4074
07-04 21:27:54.746 11977 12098 I BatteryMgr:DataCollectionService: stats => 1688498874746,114375,4074
07-04 21:27:54.858 11977 12098 I BatteryMgr:DataCollectionService: stats => 1688498874858,127187,4074
07-04 21:27:54.966 11977 12098 I BatteryMgr:DataCollectionService: stats => 1688498874966,127187,4074
07-04 21:27:55.073 11977 12098 I BatteryMgr:DataCollectionService: stats => 1688498875073,127187,4074
07-04 21:27:55.181 11977 12098 I BatteryMgr:DataCollectionService: stats => 1688498875181,193750,4074
07-04 21:27:55.296 11977 12098 I BatteryMgr:DataCollectionService: stats => 1688498875296,193750,4074
07-04 21:27:55.417 11977 12098 I BatteryMgr:DataCollectionService: stats => 1688498875417,193750,4074
07-04 21:27:55.529 11977 12098 I BatteryMgr:DataCollectionService: stats => 1688498875529,130312,4074
07-04 21:27:55.641 11977 12098 I BatteryMgr:DataCollectionService: stats => 1688498875641,130312,4074
07-04 21:27:55.762 11977 12098 I BatteryMgr:DataCollectionService: stats => 1688498875762,130312,4074
07-04 21:27:55.875 11977 12098 I BatteryMgr:DataCollectionService: stats => 1688498875874,131875,4074
07-04 21:27:55.990 11977 12098 I BatteryMgr:DataCollectionService: stats => 1688498875990,131875,4074
07-04 21:27:56.097 11977 12098 I BatteryMgr:DataCollectionService: stats => 1688498876097,131875,4074
07-04 21:27:56.209 11977 12098 I BatteryMgr:DataCollectionService: stats => 1688498876209,194062,4074
07-04 21:27:56.317 11977 12098 I BatteryMgr:DataCollectionService: stats => 1688498876317,194062,4074
07-04 21:27:56.429 11977 12098 I BatteryMgr:DataCollectionService: stats => 1688498876428,194062,4074
07-04 21:27:56.543 11977 12098 I BatteryMgr:DataCollectionService: stats => 1688498876543,128125,4074
07-04 21:27:56.663 11977 12098 I BatteryMgr:DataCollectionService: stats => 1688498876663,128125,4074
07-04 21:27:56.777 11977 12098 I BatteryMgr:DataCollectionService: stats => 1688498876777,128125,4074
07-04 21:27:56.889 11977 12098 I BatteryMgr:DataCollectionService: stats => 1688498876889,128125,4074
07-04 21:27:57.003 11977 12098 I BatteryMgr:DataCollectionService: stats => 1688498877003,129062,4074
07-04 21:27:57.121 11977 12098 I BatteryMgr:DataCollectionService: stats => 1688498877121,129062,4074
07-04 21:27:57.157  2164  2338 D ConnectivityService: NetReassign [no changes] [c 1] [a 0] [i 3]
07-04 21:27:57.228 11977 12098 I BatteryMgr:DataCollectionService: stats => 1688498877228,129062,4074
07-04 21:27:57.339 11977 12098 I BatteryMgr:DataCollectionService: stats => 1688498877339,143437,4074
07-04 21:27:57.447 11977 12098 I BatteryMgr:DataCollectionService: stats => 1688498877447,143437,4074
07-04 21:27:57.562 11977 12098 I BatteryMgr:DataCollectionService: stats => 1688498877562,143437,4074
07-04 21:27:57.674 11977 12098 I BatteryMgr:DataCollectionService: stats => 1688498877674,115312,4074
07-04 21:27:57.790 11977 12098 I BatteryMgr:DataCollectionService: stats => 1688498877790,115312,4074
07-04 21:27:57.908 11977 12098 I BatteryMgr:DataCollectionService: stats => 1688498877908,115312,4074
07-04 21:27:58.026 11977 12098 I BatteryMgr:DataCollectionService: stats => 1688498878026,113750,4074
07-04 21:27:58.135 11977 12098 I BatteryMgr:DataCollectionService: stats => 1688498878135,113750,4074
07-04 21:27:58.242 11977 12098 I BatteryMgr:DataCollectionService: stats => 1688498878242,113750,4074
07-04 21:27:58.350 11977 12098 I BatteryMgr:DataCollectionService: stats => 1688498878350,110937,4074
07-04 21:27:58.457 11977 12098 I BatteryMgr:DataCollectionService: stats => 1688498878457,110937,4074
07-04 21:27:58.564 11977 12098 I BatteryMgr:DataCollectionService: stats => 1688498878564,110937,4074
07-04 21:27:58.677 11977 12098 I BatteryMgr:DataCollectionService: stats => 1688498878677,113437,4074
07-04 21:27:58.799 11977 12098 I BatteryMgr:DataCollectionService: stats => 1688498878799,113437,4074
07-04 21:27:58.910 11977 12098 I BatteryMgr:DataCollectionService: stats => 1688498878910,113437,4074
07-04 21:27:59.024 11977 12098 I BatteryMgr:DataCollectionService: stats => 1688498879024,113437,4074
07-04 21:27:59.141 11977 12098 I BatteryMgr:DataCollectionService: stats => 1688498879140,113437,4074
07-04 21:27:59.255 11977 12098 I BatteryMgr:DataCollectionService: stats => 1688498879255,113437,4074
07-04 21:27:59.369 11977 12098 I BatteryMgr:DataCollectionService: stats => 1688498879369,116250,4074
07-04 21:27:59.476 11977 12098 I BatteryMgr:DataCollectionService: stats => 1688498879476,116250,4074
07-04 21:27:59.588 11977 12098 I BatteryMgr:DataCollectionService: stats => 1688498879588,116250,4074
07-04 21:27:59.696 11977 12098 I BatteryMgr:DataCollectionService: stats => 1688498879695,193125,4074
07-04 21:27:59.809 11977 12098 I BatteryMgr:DataCollectionService: stats => 1688498879809,193125,4074
07-04 21:27:59.930 11977 12098 I BatteryMgr:DataCollectionService: stats => 1688498879930,193125,4074
07-04 21:28:00.023  3655  3912 I AiAiEcho: Predicting[7]: { Feature:1, creation:2023-07-04T19:26:11.509Z, expiry:2023-07-04T20:00:00Z, isExpired: false}, { Feature:1, creation:2023-07-04T20:00:00Z, expiry:2023-07-04T21:00:00Z, isExpired: true}, { Feature:1, creation:2023-07-04T21:00:00Z, expiry:2023-07-04T22:00:00Z, isExpired: true}, { Feature:1, creation:2023-07-04T22:00:00Z, expiry:2023-07-04T23:00:00Z, isExpired: true}, { Feature:1, creation:2023-07-04T23:00:00Z, expiry:2023-07-05T00:00:00Z, isExpired: true}, { Feature:1, creation:2023-07-05T00:00:00Z, expiry:2023-07-05T01:00:00Z, isExpired: true}, { Feature:1, creation:2023-07-05T01:00:00Z, expiry:2023-07-05T01:26:11.509Z, isExpired: true}
07-04 21:28:00.025  3655  3912 I AiAiEcho: EchoTargets: Feature:1
07-04 21:28:00.025  3655  3912 I AiAiEcho: Filtered by AiAi flag check: 
07-04 21:28:00.025  3655  3912 I AiAiEcho: Ranked targets strategy: WEIGHTED, count: 1, ranking metadata: { cardId: WEATHER-569377242, card type: 1, update time: 2023-07-04T19:26:11.509Z, expiration time: 2023-07-04T20:00:00Z, ranking metadata: RankingMetaData(urgency=0.994, priority=0.3, recency=1.0, rankScore=0.2982, importantTimePoints=# kwj@7bca4) }
07-04 21:28:00.028  3655  3912 I AiAiEcho: #postPredictionTargets: Sending updates to UISurface lockscreen with targets# 1 (types=[1])
07-04 21:28:00.035 11977 12098 I BatteryMgr:DataCollectionService: stats => 1688498880035,143750,4074
07-04 21:28:00.037  2428  2428 W BcSmartspaceCard: No title view to update
07-04 21:28:00.147 11977 12098 I BatteryMgr:DataCollectionService: stats => 1688498880147,143750,4074
07-04 21:28:00.187  2164  2338 D ConnectivityService: NetReassign [no changes] [c 1] [a 0] [i 4]
07-04 21:28:00.257 11977 12098 I BatteryMgr:DataCollectionService: stats => 1688498880257,143750,4074
07-04 21:28:00.369 11977 12098 I BatteryMgr:DataCollectionService: stats => 1688498880369,143750,4074
07-04 21:28:00.483 11977 12098 I BatteryMgr:DataCollectionService: stats => 1688498880483,138437,4074
07-04 21:28:00.592 11977 12098 I BatteryMgr:DataCollectionService: stats => 1688498880592,138437,4074
07-04 21:28:00.700 11977 12098 I BatteryMgr:DataCollectionService: stats => 1688498880699,138437,4074
07-04 21:28:00.807 11977 12098 I BatteryMgr:DataCollectionService: stats => 1688498880807,206562,4074
07-04 21:28:00.925 11977 12098 I BatteryMgr:DataCollectionService: stats => 1688498880924,206562,4074
07-04 21:28:01.039 11977 12098 I BatteryMgr:DataCollectionService: stats => 1688498881039,206562,4074
07-04 21:28:01.159 11977 12098 I BatteryMgr:DataCollectionService: stats => 1688498881159,122187,4074
07-04 21:28:01.276 11977 12098 I BatteryMgr:DataCollectionService: stats => 1688498881276,122187,4074
07-04 21:28:01.390 11977 12098 I BatteryMgr:DataCollectionService: stats => 1688498881390,122187,4074
07-04 21:28:01.505 11977 12098 I BatteryMgr:DataCollectionService: stats => 1688498881505,117187,4074
07-04 21:28:01.623 11977 12098 I BatteryMgr:DataCollectionService: stats => 1688498881622,117187,4074
07-04 21:28:01.730 11977 12098 I BatteryMgr:DataCollectionService: stats => 1688498881730,117187,4074
07-04 21:28:01.837 11977 12098 I BatteryMgr:DataCollectionService: stats => 1688498881837,200625,4074
07-04 21:28:01.948 11977 12098 I BatteryMgr:DataCollectionService: stats => 1688498881947,200625,4074
07-04 21:28:02.068 11977 12098 I BatteryMgr:DataCollectionService: stats => 1688498882068,200625,4074
07-04 21:28:02.186 11977 12098 I BatteryMgr:DataCollectionService: stats => 1688498882186,160937,4074
07-04 21:28:02.305 11977 12098 I BatteryMgr:DataCollectionService: stats => 1688498882305,160937,4074
07-04 21:28:02.423 11977 12098 I BatteryMgr:DataCollectionService: stats => 1688498882423,160937,4074
07-04 21:28:02.540 11977 12098 I BatteryMgr:DataCollectionService: stats => 1688498882540,113750,4074
07-04 21:28:02.657 11977 12098 I BatteryMgr:DataCollectionService: stats => 1688498882657,113750,4074
07-04 21:28:02.775 11977 12098 I BatteryMgr:DataCollectionService: stats => 1688498882775,113750,4074
07-04 21:28:02.884 11977 12098 I BatteryMgr:DataCollectionService: stats => 1688498882884,124375,4074
07-04 21:28:02.996 11977 12098 I BatteryMgr:DataCollectionService: stats => 1688498882996,124375,4074
07-04 21:28:03.109 11977 12098 I BatteryMgr:DataCollectionService: stats => 1688498883109,124375,4074
07-04 21:28:03.215  2164  2338 D ConnectivityService: NetReassign [no changes] [c 1] [a 0] [i 4]
07-04 21:28:03.215 11977 12098 I BatteryMgr:DataCollectionService: stats => 1688498883215,120312,4074
07-04 21:28:03.326 11977 12098 I BatteryMgr:DataCollectionService: stats => 1688498883326,120312,4074
07-04 21:28:03.441 11977 12098 I BatteryMgr:DataCollectionService: stats => 1688498883441,120312,4074
07-04 21:28:03.553 11977 12098 I BatteryMgr:DataCollectionService: stats => 1688498883553,121875,4074
07-04 21:28:03.666 11977 12098 I BatteryMgr:DataCollectionService: stats => 1688498883666,121875,4074
07-04 21:28:03.775 11977 12098 I BatteryMgr:DataCollectionService: stats => 1688498883775,121875,4074
07-04 21:28:03.887 11977 12098 I BatteryMgr:DataCollectionService: stats => 1688498883887,121875,4074
07-04 21:28:03.994 11977 12098 I BatteryMgr:DataCollectionService: stats => 1688498883994,156562,4074
07-04 21:28:04.109 11977 12098 I BatteryMgr:DataCollectionService: stats => 1688498884109,156562,4074
07-04 21:28:04.217 11977 12098 I BatteryMgr:DataCollectionService: stats => 1688498884217,156562,4074
07-04 21:28:04.330 11977 12098 I BatteryMgr:DataCollectionService: stats => 1688498884330,113750,4074
07-04 21:28:04.448 11977 12098 I BatteryMgr:DataCollectionService: stats => 1688498884447,113750,4074
07-04 21:28:04.562 11977 12098 I BatteryMgr:DataCollectionService: stats => 1688498884561,113750,4074
07-04 21:28:04.678 11977 12098 I BatteryMgr:DataCollectionService: stats => 1688498884678,129687,4074
07-04 21:28:04.795 11977 12098 I BatteryMgr:DataCollectionService: stats => 1688498884794,129687,4074
07-04 21:28:04.908 11977 12098 I BatteryMgr:DataCollectionService: stats => 1688498884908,129687,4074
07-04 21:28:05.016 11977 12098 I BatteryMgr:DataCollectionService: stats => 1688498885015,118125,4074
07-04 21:28:05.122 11977 12098 I BatteryMgr:DataCollectionService: stats => 1688498885122,118125,4074
07-04 21:28:05.237 11977 12098 I BatteryMgr:DataCollectionService: stats => 1688498885237,118125,4074
07-04 21:28:05.346 11977 12098 I BatteryMgr:DataCollectionService: stats => 1688498885346,204687,4074
07-04 21:28:05.458 11977 12098 I BatteryMgr:DataCollectionService: stats => 1688498885458,204687,4074
07-04 21:28:05.574 11977 12098 I BatteryMgr:DataCollectionService: stats => 1688498885574,204687,4074
07-04 21:28:05.693 11977 12098 I BatteryMgr:DataCollectionService: stats => 1688498885692,135312,4074
07-04 21:28:05.807 11977 12098 I BatteryMgr:DataCollectionService: stats => 1688498885807,135312,4074
07-04 21:28:05.920 11977 12098 I BatteryMgr:DataCollectionService: stats => 1688498885920,135312,4074
07-04 21:28:06.033 11977 12098 I BatteryMgr:DataCollectionService: stats => 1688498886033,119687,4074
07-04 21:28:06.146 11977 12098 I BatteryMgr:DataCollectionService: stats => 1688498886145,119687,4074
07-04 21:28:06.244  2164  2338 D ConnectivityService: NetReassign [no changes] [c 1] [a 0] [i 3]
07-04 21:28:06.252 11977 12098 I BatteryMgr:DataCollectionService: stats => 1688498886251,119687,4074
07-04 21:28:06.367 11977 12098 I BatteryMgr:DataCollectionService: stats => 1688498886367,205000,4074
07-04 21:28:06.481 11977 12098 I BatteryMgr:DataCollectionService: stats => 1688498886481,205000,4074
07-04 21:28:06.601 11977 12098 I BatteryMgr:DataCollectionService: stats => 1688498886600,205000,4074
07-04 21:28:06.723 11977 12098 I BatteryMgr:DataCollectionService: stats => 1688498886723,117500,4074
07-04 21:28:06.834 11977 12098 I BatteryMgr:DataCollectionService: stats => 1688498886834,117500,4074
07-04 21:28:06.944 11977 12098 I BatteryMgr:DataCollectionService: stats => 1688498886944,117500,4074
07-04 21:28:07.052 11977 12098 I BatteryMgr:DataCollectionService: stats => 1688498887051,186875,4074
07-04 21:28:07.169 11977 12098 I BatteryMgr:DataCollectionService: stats => 1688498887169,186875,4074
07-04 21:28:07.283 11977 12098 I BatteryMgr:DataCollectionService: stats => 1688498887283,186875,4074
07-04 21:28:07.398 11977 12098 I BatteryMgr:DataCollectionService: stats => 1688498887398,186875,4074
07-04 21:28:07.511 11977 12098 I BatteryMgr:DataCollectionService: stats => 1688498887511,230625,4074
07-04 21:28:07.626 11977 12098 I BatteryMgr:DataCollectionService: stats => 1688498887626,230625,4074
07-04 21:28:07.741 11977 12098 I BatteryMgr:DataCollectionService: stats => 1688498887741,230625,4074
07-04 21:28:07.858 11977 12098 I BatteryMgr:DataCollectionService: stats => 1688498887857,134375,4074
07-04 21:28:07.982 11977 12098 I BatteryMgr:DataCollectionService: stats => 1688498887981,134375,4074
07-04 21:28:08.094 11977 12098 I BatteryMgr:DataCollectionService: stats => 1688498888093,134375,4074
07-04 21:28:08.211 11977 12098 I BatteryMgr:DataCollectionService: stats => 1688498888211,140000,4074
07-04 21:28:08.324 11977 12098 I BatteryMgr:DataCollectionService: stats => 1688498888324,140000,4074
07-04 21:28:08.440 11977 12098 I BatteryMgr:DataCollectionService: stats => 1688498888440,140000,4074
07-04 21:28:08.548 11977 12098 I BatteryMgr:DataCollectionService: stats => 1688498888548,134375,4074
07-04 21:28:08.659 11977 12098 I BatteryMgr:DataCollectionService: stats => 1688498888659,134375,4074
07-04 21:28:08.772 11977 12098 I BatteryMgr:DataCollectionService: stats => 1688498888771,134375,4074
07-04 21:28:08.881 11977 12098 I BatteryMgr:DataCollectionService: stats => 1688498888881,169375,4074
07-04 21:28:08.988 11977 12098 I BatteryMgr:DataCollectionService: stats => 1688498888988,169375,4074
07-04 21:28:09.095 11977 12098 I BatteryMgr:DataCollectionService: stats => 1688498889095,169375,4074
07-04 21:28:09.203 11977 12098 I BatteryMgr:DataCollectionService: stats => 1688498889202,101250,4074
07-04 21:28:09.278  2164  2338 D ConnectivityService: NetReassign [no changes] [c 1] [a 0] [i 3]
07-04 21:28:09.311 11977 12098 I BatteryMgr:DataCollectionService: stats => 1688498889311,101250,4074
07-04 21:28:09.425 11977 12098 I BatteryMgr:DataCollectionService: stats => 1688498889425,101250,4074
07-04 21:28:09.542 11977 12098 I BatteryMgr:DataCollectionService: stats => 1688498889542,128437,4074
07-04 21:28:09.651 11977 12098 I BatteryMgr:DataCollectionService: stats => 1688498889651,128437,4074
07-04 21:28:09.764 11977 12098 I BatteryMgr:DataCollectionService: stats => 1688498889764,128437,4074
07-04 21:28:09.885 11977 12098 I BatteryMgr:DataCollectionService: stats => 1688498889884,150000,4074
07-04 21:28:09.998 11977 12098 I BatteryMgr:DataCollectionService: stats => 1688498889998,150000,4074
07-04 21:28:10.110 11977 12098 I BatteryMgr:DataCollectionService: stats => 1688498890110,150000,4074
07-04 21:28:10.223 11977 12098 I BatteryMgr:DataCollectionService: stats => 1688498890223,128437,4074
07-04 21:28:10.331 11977 12098 I BatteryMgr:DataCollectionService: stats => 1688498890331,128437,4074
07-04 21:28:10.439 11977 12098 I BatteryMgr:DataCollectionService: stats => 1688498890439,128437,4074
07-04 21:28:10.547 11977 12098 I BatteryMgr:DataCollectionService: stats => 1688498890547,128437,4074
07-04 21:28:10.672 11977 12098 I BatteryMgr:DataCollectionService: stats => 1688498890672,141875,4074
07-04 21:28:10.781 11977 12098 I BatteryMgr:DataCollectionService: stats => 1688498890781,141875,4074
07-04 21:28:10.891 11977 12098 I BatteryMgr:DataCollectionService: stats => 1688498890891,141875,4074
07-04 21:28:11.004 11977 12098 I BatteryMgr:DataCollectionService: stats => 1688498891003,196562,4074
07-04 21:28:11.121 11977 12098 I BatteryMgr:DataCollectionService: stats => 1688498891121,196562,4074
07-04 21:28:11.234 11977 12098 I BatteryMgr:DataCollectionService: stats => 1688498891234,196562,4074
07-04 21:28:11.346 11977 12098 I BatteryMgr:DataCollectionService: stats => 1688498891345,148125,4074
07-04 21:28:11.454 11977 12098 I BatteryMgr:DataCollectionService: stats => 1688498891454,148125,4074
07-04 21:28:11.561 11977 12098 I BatteryMgr:DataCollectionService: stats => 1688498891561,148125,4074
07-04 21:28:11.674 11977 12098 I BatteryMgr:DataCollectionService: stats => 1688498891674,124375,4074
07-04 21:28:11.796 11977 12098 I BatteryMgr:DataCollectionService: stats => 1688498891796,124375,4074
07-04 21:28:11.905 11977 12098 I BatteryMgr:DataCollectionService: stats => 1688498891905,124375,4074
07-04 21:28:12.013 11977 12098 I BatteryMgr:DataCollectionService: stats => 1688498892013,192500,4074
07-04 21:28:12.132 11977 12098 I BatteryMgr:DataCollectionService: stats => 1688498892132,192500,4074
07-04 21:28:12.244 11977 12098 I BatteryMgr:DataCollectionService: stats => 1688498892243,192500,4074
07-04 21:28:12.304  2164  2338 D ConnectivityService: NetReassign [no changes] [c 0] [a 1] [i 3]
07-04 21:28:12.363 11977 12098 I BatteryMgr:DataCollectionService: stats => 1688498892363,147500,4074
07-04 21:28:12.471 11977 12098 I BatteryMgr:DataCollectionService: stats => 1688498892471,147500,4074
07-04 21:28:12.578 11977 12098 I BatteryMgr:DataCollectionService: stats => 1688498892578,147500,4074
07-04 21:28:12.685 11977 12098 I BatteryMgr:DataCollectionService: stats => 1688498892685,114375,4074
07-04 21:28:12.797 11977 12098 I BatteryMgr:DataCollectionService: stats => 1688498892797,114375,4074
07-04 21:28:12.910 11977 12098 I BatteryMgr:DataCollectionService: stats => 1688498892910,114375,4074
07-04 21:28:13.021 11977 12098 I BatteryMgr:DataCollectionService: stats => 1688498893021,170312,4074
07-04 21:28:13.134 11977 12098 I BatteryMgr:DataCollectionService: stats => 1688498893134,170312,4074
07-04 21:28:13.260 11977 12098 I BatteryMgr:DataCollectionService: stats => 1688498893259,170312,4074
07-04 21:28:13.379 11977 12098 I BatteryMgr:DataCollectionService: stats => 1688498893378,115000,4074
07-04 21:28:13.494 11977 12098 I BatteryMgr:DataCollectionService: stats => 1688498893493,115000,4074
07-04 21:28:13.608 11977 12098 I BatteryMgr:DataCollectionService: stats => 1688498893608,115000,4074
07-04 21:28:13.723 11977 12098 I BatteryMgr:DataCollectionService: stats => 1688498893723,115000,4074
07-04 21:28:13.839 11977 12098 I BatteryMgr:DataCollectionService: stats => 1688498893839,123437,4074
07-04 21:28:13.962 11977 12098 I BatteryMgr:DataCollectionService: stats => 1688498893962,123437,4074
07-04 21:28:14.075 11977 12098 I BatteryMgr:DataCollectionService: stats => 1688498894075,113437,4074
07-04 21:28:14.182 11977 12098 I BatteryMgr:DataCollectionService: stats => 1688498894181,113437,4074
07-04 21:28:14.290 11977 12098 I BatteryMgr:DataCollectionService: stats => 1688498894290,113437,4074
07-04 21:28:14.406 11977 12098 I BatteryMgr:DataCollectionService: stats => 1688498894406,113437,4074
07-04 21:28:14.522 11977 12098 I BatteryMgr:DataCollectionService: stats => 1688498894522,129687,4074
07-04 21:28:14.645 11977 12098 I BatteryMgr:DataCollectionService: stats => 1688498894645,129687,4074
07-04 21:28:14.758 11977 12098 I BatteryMgr:DataCollectionService: stats => 1688498894757,115625,4074
07-04 21:28:14.876 11977 12098 I BatteryMgr:DataCollectionService: stats => 1688498894876,115625,4074
07-04 21:28:14.997 11977 12098 I BatteryMgr:DataCollectionService: stats => 1688498894997,115625,4074
07-04 21:28:15.107 11977 12098 I BatteryMgr:DataCollectionService: stats => 1688498895107,115625,4074
07-04 21:28:15.222 11977 12098 I BatteryMgr:DataCollectionService: stats => 1688498895222,130312,4074
07-04 21:28:15.330 11977 12098 I BatteryMgr:DataCollectionService: stats => 1688498895330,130312,4074
07-04 21:28:15.348  2164  2338 D ConnectivityService: NetReassign [no changes] [c 0] [a 1] [i 2]
07-04 21:28:15.439 11977 12098 I BatteryMgr:DataCollectionService: stats => 1688498895439,130312,4074
07-04 21:28:15.548 11977 12098 I BatteryMgr:DataCollectionService: stats => 1688498895548,210937,4074
07-04 21:28:15.666 11977 12098 I BatteryMgr:DataCollectionService: stats => 1688498895666,210937,4074
07-04 21:28:15.790 11977 12098 I BatteryMgr:DataCollectionService: stats => 1688498895790,210937,4074
07-04 21:28:15.904 11977 12098 I BatteryMgr:DataCollectionService: stats => 1688498895904,106875,4074
07-04 21:28:16.019 11977 12098 I BatteryMgr:DataCollectionService: stats => 1688498896018,106875,4074
07-04 21:28:16.131 11977 12098 I BatteryMgr:DataCollectionService: stats => 1688498896131,106875,4074
07-04 21:28:16.244 11977 12098 I BatteryMgr:DataCollectionService: stats => 1688498896244,129062,4074
07-04 21:28:16.353 11977 12098 I BatteryMgr:DataCollectionService: stats => 1688498896352,129062,4074
07-04 21:28:16.460 11977 12098 I BatteryMgr:DataCollectionService: stats => 1688498896459,129062,4074
07-04 21:28:16.567 11977 12098 I BatteryMgr:DataCollectionService: stats => 1688498896567,169687,4074
07-04 21:28:16.677 11977 12098 I BatteryMgr:DataCollectionService: stats => 1688498896677,169687,4074
07-04 21:28:16.791 11977 12098 I BatteryMgr:DataCollectionService: stats => 1688498896791,169687,4074
07-04 21:28:16.912 11977 12098 I BatteryMgr:DataCollectionService: stats => 1688498896912,105312,4074
07-04 21:28:17.025 11977 12098 I BatteryMgr:DataCollectionService: stats => 1688498897025,105312,4074
07-04 21:28:17.138 11977 12098 I BatteryMgr:DataCollectionService: stats => 1688498897137,105312,4074
07-04 21:28:17.252 11977 12098 I BatteryMgr:DataCollectionService: stats => 1688498897252,84375,4074
07-04 21:28:17.364 11977 12098 I BatteryMgr:DataCollectionService: stats => 1688498897364,84375,4074
07-04 21:28:17.481 11977 12098 I BatteryMgr:DataCollectionService: stats => 1688498897481,84375,4074
07-04 21:28:17.588 11977 12098 I BatteryMgr:DataCollectionService: stats => 1688498897588,110625,4074
07-04 21:28:17.697 11977 12098 I BatteryMgr:DataCollectionService: stats => 1688498897697,110625,4074
07-04 21:28:17.804 11977 12098 I BatteryMgr:DataCollectionService: stats => 1688498897804,110625,4074
07-04 21:28:17.917 11977 12098 I BatteryMgr:DataCollectionService: stats => 1688498897917,110625,4074
07-04 21:28:18.029 11977 12098 I BatteryMgr:DataCollectionService: stats => 1688498898028,116562,4074
07-04 21:28:18.144 11977 12098 I BatteryMgr:DataCollectionService: stats => 1688498898144,116562,4074
07-04 21:28:18.252 11977 12098 I BatteryMgr:DataCollectionService: stats => 1688498898251,116562,4074
07-04 21:28:18.358 11977 12098 I BatteryMgr:DataCollectionService: stats => 1688498898358,198437,4074
07-04 21:28:18.368  2164  2338 D ConnectivityService: NetReassign [no changes] [c 0] [a 1] [i 3]
07-04 21:28:18.472 11977 12098 I BatteryMgr:DataCollectionService: stats => 1688498898472,198437,4074
07-04 21:28:18.590 11977 12098 I BatteryMgr:DataCollectionService: stats => 1688498898590,198437,4074
07-04 21:28:18.702 11977 12098 I BatteryMgr:DataCollectionService: stats => 1688498898702,98125,4074
07-04 21:28:18.814 11977 12098 I BatteryMgr:DataCollectionService: stats => 1688498898814,98125,4074
07-04 21:28:18.925 11977 12098 I BatteryMgr:DataCollectionService: stats => 1688498898925,98125,4074
07-04 21:28:19.033 11977 12098 I BatteryMgr:DataCollectionService: stats => 1688498899032,151875,4074
07-04 21:28:19.156 11977 12098 I BatteryMgr:DataCollectionService: stats => 1688498899156,151875,4074
07-04 21:28:19.273 11977 12098 I BatteryMgr:DataCollectionService: stats => 1688498899272,151875,4074
07-04 21:28:19.386 11977 12098 I BatteryMgr:DataCollectionService: stats => 1688498899386,102812,4074
07-04 21:28:19.498 11977 12098 I BatteryMgr:DataCollectionService: stats => 1688498899497,102812,4074
07-04 21:28:19.612 11977 12098 I BatteryMgr:DataCollectionService: stats => 1688498899612,102812,4074
07-04 21:28:19.724 11977 12098 I BatteryMgr:DataCollectionService: stats => 1688498899724,132500,4074
07-04 21:28:19.836 11977 12098 I BatteryMgr:DataCollectionService: stats => 1688498899836,132500,4074
07-04 21:28:19.943 11977 12098 I BatteryMgr:DataCollectionService: stats => 1688498899943,132500,4074
07-04 21:28:20.050 11977 12098 I BatteryMgr:DataCollectionService: stats => 1688498900050,194062,4074
07-04 21:28:20.160 11977 12098 I BatteryMgr:DataCollectionService: stats => 1688498900160,194062,4074
07-04 21:28:20.284 11977 12098 I BatteryMgr:DataCollectionService: stats => 1688498900284,194062,4074
07-04 21:28:20.397 11977 12098 I BatteryMgr:DataCollectionService: stats => 1688498900397,115000,4074
07-04 21:28:20.512 11977 12098 I BatteryMgr:DataCollectionService: stats => 1688498900512,115000,4074
07-04 21:28:20.624 11977 12098 I BatteryMgr:DataCollectionService: stats => 1688498900624,115000,4074
07-04 21:28:20.736 11977 12098 I BatteryMgr:DataCollectionService: stats => 1688498900736,111562,4074
07-04 21:28:20.849 11977 12098 I BatteryMgr:DataCollectionService: stats => 1688498900849,111562,4074
07-04 21:28:20.963 11977 12098 I BatteryMgr:DataCollectionService: stats => 1688498900962,111562,4074
07-04 21:28:21.076 11977 12098 I BatteryMgr:DataCollectionService: stats => 1688498901076,121250,4074
07-04 21:28:21.184 11977 12098 I BatteryMgr:DataCollectionService: stats => 1688498901184,121250,4074
07-04 21:28:21.290 11977 12098 I BatteryMgr:DataCollectionService: stats => 1688498901289,121250,4074
07-04 21:28:21.379  2164  2338 D ConnectivityService: NetReassign [no changes] [c 0] [a 0] [i 2]
07-04 21:28:21.382 12113 12113 D ProcessState: Binder ioctl to enable oneway spam detection failed: Invalid argument
07-04 21:28:21.390  2164  3790 W ProcessStats: Tracking association SourceState{c3a3072 system/1000 BTopFgs #46848} whose proc state 2 is better than process ProcessState{9b58cc3 com.google.android.gms.persistent/10125 pkg=com.google.android.gms} proc state 3 (8 skipped)
07-04 21:28:21.477 12118 12118 D ProcessState: Binder ioctl to enable oneway spam detection failed: Invalid argument
07-04 21:28:21.759 12129 12129 D ProcessState: Binder ioctl to enable oneway spam detection failed: Invalid argument
07-04 21:28:21.765  2164  3790 I ActivityManager: Force stopping e.www.magneticfieldtest appid=10296 user=0: from pid 12129
07-04 21:28:21.767  2164  3790 I ActivityManager: Killing 12035:e.www.magneticfieldtest/u0a296 (adj 0): stop e.www.magneticfieldtest due to from pid 12129
07-04 21:28:21.768  1133  1133 I sensors-hal: activate_physical_sensor:220, android.sensor.magnetic_field/21 en=0
07-04 21:28:21.770  2164  3790 W ActivityTaskManager: Force removing ActivityRecord{92af2cd u0 e.www.magneticfieldtest/.MainActivity t416 f}}: app died, no saved state
07-04 21:28:21.772  1133  1133 I sensors-hal: activate_physical_sensor:233, android.sensor.magnetic_field/21 en=0 completed
07-04 21:28:21.776  2164  3790 W InputManager-JNI: Input channel object 'd9ddbad e.www.magneticfieldtest/e.www.magneticfieldtest.MainActivity (client)' was disposed without first being removed with the input manager!
07-04 21:28:21.793  2164  3790 D CompatibilityChangeReporter: Compat change id reported: 181136395; UID 10232; state: DISABLED
07-04 21:28:21.794  2164  3790 D CompatibilityChangeReporter: Compat change id reported: 174042936; UID 10232; state: DISABLED
07-04 21:28:21.797  2164  3790 W ActivityTaskManager: Can't find TaskDisplayArea to determine support for multi window. Task id=416 attached=false
07-04 21:28:21.797  2164  3790 W ActivityTaskManager: Can't find TaskDisplayArea to determine support for multi window. Task id=416 attached=false
07-04 21:28:21.797  1085  1085 I Zygote  : Process 12035 exited due to signal 9 (Killed)
07-04 21:28:21.800   737   737 E BpTransactionCompletedListener: Failed to transact (-32)
07-04 21:28:21.804  2164  2290 V ActivityManager: Got obituary of 12035:e.www.magneticfieldtest
07-04 21:28:21.808  2700  2700 E PhoneInterfaceManager: [PhoneIntfMgr] getCarrierPackageNamesForIntentAndPhone: No UICC
07-04 21:28:21.808  2700  2700 D CarrierSvcBindHelper: No carrier app for: 0
07-04 21:28:21.808  2164  2248 W ActivityManager: setHasOverlayUi called on unknown pid: 12035
07-04 21:28:21.813  3814  3814 D RegisteredNfcFServicesCache: Service unchanged, not updating
07-04 21:28:21.819 28490 28490 I EuiccGoogle: [2] EuiccServiceImpl.onCreate: onCreate Single-SIM mode: simCardState is 1
07-04 21:28:21.822  2164  2258 I libprocessgroup: Successfully killed process cgroup uid 10296 pid 12035 in 54ms
07-04 21:28:21.823 28490 12136 I EuiccGoogle: [2485] EuiccServiceImpl.onGetEuiccProfileInfoList: onGetEuiccProfileInfoList: slotId = -1
07-04 21:28:21.826 28490 12136 W EuiccGoogle: [2485] EuiccServiceImpl.onGetEuiccProfileInfoList: slotId=-1. No eUICC is active. Return null.
07-04 21:28:21.839  2570  2911 W OpenGLRenderer: Surface doesn't have any previously queued frames, nothing to readback from
07-04 21:28:21.843  2570  2570 I WallpaperService: engine resumed
07-04 21:28:21.844  2570  2911 W OpenGLRenderer: Surface doesn't have any previously queued frames, nothing to readback from
07-04 21:28:21.850 11977 12008 I OpenGLRenderer: Davey! duration=66918ms; Flags=1, FrameTimelineVsyncId=1862898, IntendedVsync=36745134049268, Vsync=36745150715934, InputEventId=0, HandleInputStart=36745166166173, AnimationStart=36745166170913, PerformTraversalsStart=36745166392215, DrawStart=36745281409362, FrameDeadline=36745167382600, FrameInterval=36745166142475, FrameStartTime=16666666, SyncQueued=36745286782956, SyncStart=36745286873997, IssueDrawCommandsStart=36745287972227, SwapBuffers=36745295237800, FrameCompleted=36812052297107, DequeueBufferDuration=1547604, QueueBufferDuration=599063, GpuCompleted=36812052297107, SwapBuffersCompleted=36745296403582, DisplayPresentTime=0, 
07-04 21:28:21.851  3678  3678 I GoogleInputMethodService: GoogleInputMethodService.onFinishInput():3306 
07-04 21:28:21.852  3678  3678 I GoogleInputMethodService: GoogleInputMethodService.updateDeviceLockedStatus():2127 repeatCheckTimes = 0, locked = false
07-04 21:28:21.852  3678  3678 I GoogleInputMethodService: GoogleInputMethodService.onStartInput():1909 onStartInput(EditorInfo{inputType=0x0(NULL) imeOptions=0x0 privateImeOptions=null actionName=UNSPECIFIED actionLabel=null actionId=0 initialSelStart=-1 initialSelEnd=-1 initialCapsMode=0x0 hintText=null label=null packageName=com.example.batterymanager_utility fieldId=-1 fieldName=null extras=null hintLocales=[]}, false)
07-04 21:28:21.853  3678  3678 I GoogleInputMethodService: GoogleInputMethodService.shouldHideHeaderOnInitialState():1990 ShouldHideHeaderOnInitialState = false
07-04 21:28:21.853  3678  3678 I GoogleInputMethodService: GoogleInputMethodService.updateDeviceLockedStatus():2127 repeatCheckTimes = 1, locked = false
07-04 21:28:22.435  2570  2570 I WallpaperService: engine paused
07-04 21:28:24.419  2164  2338 D ConnectivityService: NetReassign [no changes] [c 0] [a 1] [i 2]
07-04 21:28:25.204 12143 12143 D ProcessState: Binder ioctl to enable oneway spam detection failed: Invalid argument
07-04 21:28:25.213  2164  3790 I ActivityManager: Force stopping com.example.batterymanager_utility appid=10232 user=0: from pid 12143
07-04 21:28:25.214  2164  3790 I ActivityManager: Killing 11977:com.example.batterymanager_utility/u0a232 (adj 0): stop com.example.batterymanager_utility due to from pid 12143
07-04 21:28:25.216  2164  3790 W ActivityTaskManager: Force removing ActivityRecord{488c55 u0 com.example.batterymanager_utility/.MainActivity t415 f}}: app died, no saved state
07-04 21:28:25.223  2164  3790 W InputManager-JNI: Input channel object 'ac8d3b1 com.example.batterymanager_utility/com.example.batterymanager_utility.MainActivity (client)' was disposed without first being removed with the input manager!
07-04 21:28:25.246  2164  3790 W ActivityTaskManager: Can't find TaskDisplayArea to determine support for multi window. Task id=415 attached=false
07-04 21:28:25.246  2164  3790 W ActivityTaskManager: Can't find TaskDisplayArea to determine support for multi window. Task id=415 attached=false
07-04 21:28:25.251  2164  3781 V ActivityManager: Got obituary of 11977:com.example.batterymanager_utility
07-04 21:28:25.251  1085  1085 I Zygote  : Process 11977 exited due to signal 9 (Killed)
07-04 21:28:25.253  2164  2248 W ActivityManager: setHasOverlayUi called on unknown pid: 11977
07-04 21:28:25.254  2700  2700 E PhoneInterfaceManager: [PhoneIntfMgr] getCarrierPackageNamesForIntentAndPhone: No UICC
07-04 21:28:25.254  2700  2700 D CarrierSvcBindHelper: No carrier app for: 0
07-04 21:28:25.258   737   737 E BpTransactionCompletedListener: Failed to transact (-32)
07-04 21:28:25.264  3814  3814 D RegisteredNfcFServicesCache: Service unchanged, not updating
07-04 21:28:25.268  2164  2258 I libprocessgroup: Successfully killed process cgroup uid 10232 pid 11977 in 52ms
07-04 21:28:25.273 30641 30641 I A       : (REDACTED) onApplyWindowInsets: systemWindowInsets=%s
07-04 21:28:25.274 30641 30641 I A       : (REDACTED) onApplyWindowInsets: systemWindowInsets=%s
07-04 21:28:25.284 30641 30641 I A       : onStart
07-04 21:28:25.287  2570  2911 W OpenGLRenderer: Surface doesn't have any previously queued frames, nothing to readback from
07-04 21:28:25.291  3655  3912 I AiAiEcho: Predicting[7]: { Feature:1, creation:2023-07-04T19:26:11.509Z, expiry:2023-07-04T20:00:00Z, isExpired: false}, { Feature:1, creation:2023-07-04T20:00:00Z, expiry:2023-07-04T21:00:00Z, isExpired: true}, { Feature:1, creation:2023-07-04T21:00:00Z, expiry:2023-07-04T22:00:00Z, isExpired: true}, { Feature:1, creation:2023-07-04T22:00:00Z, expiry:2023-07-04T23:00:00Z, isExpired: true}, { Feature:1, creation:2023-07-04T23:00:00Z, expiry:2023-07-05T00:00:00Z, isExpired: true}, { Feature:1, creation:2023-07-05T00:00:00Z, expiry:2023-07-05T01:00:00Z, isExpired: true}, { Feature:1, creation:2023-07-05T01:00:00Z, expiry:2023-07-05T01:26:11.509Z, isExpired: true}
07-04 21:28:25.292  3655  3912 I AiAiEcho: EchoTargets: Feature:1
07-04 21:28:25.292  3655  3912 I AiAiEcho: Filtered by AiAi flag check: 
07-04 21:28:25.292 30641 30641 I A       : onResume
07-04 21:28:25.292  3655  3912 I AiAiEcho: Ranked targets strategy: WEIGHTED, count: 1, ranking metadata: { cardId: WEATHER-569377242, card type: 1, update time: 2023-07-04T19:26:11.509Z, expiration time: 2023-07-04T20:00:00Z, ranking metadata: RankingMetaData(urgency=0.994, priority=0.3, recency=1.0, rankScore=0.2982, importantTimePoints=# kwj@7bca4) }
07-04 21:28:25.295  2570  2570 I WallpaperService: engine resumed
07-04 21:28:25.295  3655  3912 I AiAiEcho: #postPredictionTargets: Sending updates to UISurface home with targets# 1 (types=[1])
07-04 21:28:25.296 30641 30882 I OpenGLRenderer: Davey! duration=408468ms; Flags=1, FrameTimelineVsyncId=1834371, IntendedVsync=36407035211702, Vsync=36407035211702, InputEventId=0, HandleInputStart=36407036281135, AnimationStart=36407036283374, PerformTraversalsStart=36407036283895, DrawStart=36407057412647, FrameDeadline=36407068545034, FrameInterval=36407036179989, FrameStartTime=16666666, SyncQueued=36407060302543, SyncStart=36407060616085, IssueDrawCommandsStart=36407061004679, SwapBuffers=36407062218325, FrameCompleted=36815504052451, DequeueBufferDuration=12812, QueueBufferDuration=705208, GpuCompleted=36815504052451, SwapBuffersCompleted=36407063572752, DisplayPresentTime=0, 
07-04 21:28:25.297  3678  3678 I GoogleInputMethodService: GoogleInputMethodService.onFinishInput():3306 
07-04 21:28:25.297  3724  3724 I GsaVoiceInteractionSrv: Handling ACTION_START_HOTWORD
