06-11 15:49:43.451  1539 14357 D ReflectedParamUpdater: extent() != 1 for single value type: output.subscribed-indices.values
06-11 15:49:43.452  1539 14357 D ReflectedParamUpdater: extent() != 1 for single value type: input.buffers.allocator-ids.values
06-11 15:49:43.453  1539 14357 D ReflectedParamUpdater: extent() != 1 for single value type: output.buffers.allocator-ids.values
06-11 15:49:43.453  1539 14357 D ReflectedParamUpdater: extent() != 1 for single value type: algo.buffers.allocator-ids.values
06-11 15:49:43.454  1539 14357 D ReflectedParamUpdater: extent() != 1 for single value type: output.buffers.pool-ids.values
06-11 15:49:43.454  1539 14357 D ReflectedParamUpdater: extent() != 1 for single value type: algo.buffers.pool-ids.values
06-11 15:49:43.459  1539 14357 I CCodecConfig: query failed after returning 7 values (BAD_INDEX)
06-11 15:49:43.459  1539 14357 D CCodecConfig: c2 config diff is Dict {
06-11 15:49:43.459  1539 14357 D CCodecConfig:   c2::u32 coded.bitrate.value = 64000
06-11 15:49:43.459  1539 14357 D CCodecConfig:   c2::u32 input.buffers.max-size.value = 32768
06-11 15:49:43.459  1539 14357 D CCodecConfig:   c2::u32 input.delay.value = 0
06-11 15:49:43.459  1539 14357 D CCodecConfig:   string input.media-type.value = "audio/vorbis"
06-11 15:49:43.459  1539 14357 D CCodecConfig:   string output.media-type.value = "audio/raw"
06-11 15:49:43.459  1539 14357 D CCodecConfig:   c2::u32 raw.channel-count.value = 1
06-11 15:49:43.459  1539 14357 D CCodecConfig:   c2::u32 raw.sample-rate.value = 48000
06-11 15:49:43.459  1539 14357 D CCodecConfig: }
06-11 15:49:43.462  1539 14357 D CCodec  : [c2.android.vorbis.decoder] buffers are bound to CCodec for this session
06-11 15:49:43.462  1539 14357 D CCodecConfig: no c2 equivalents for durationUs
06-11 15:49:43.462  1539 14357 D CCodecConfig: no c2 equivalents for csd-1
06-11 15:49:43.462  1539 14357 D CCodecConfig: no c2 equivalents for channel-mask
06-11 15:49:43.462  1539 14357 D CCodecConfig: no c2 equivalents for flags
06-11 15:49:43.464  1539 14357 D CCodecConfig: c2 config diff is   c2::u32 coded.bitrate.value = 120000
06-11 15:49:43.466  1539 14357 W Codec2Client: query -- param skipped: index = 1107298332.
06-11 15:49:43.466  1539 14357 D CCodec  : setup formats input: AMessage(what = 0x00000000) = {
06-11 15:49:43.466  1539 14357 D CCodec  :   int32_t bitrate = 120000
06-11 15:49:43.466  1539 14357 D CCodec  :   int32_t channel-count = 1
06-11 15:49:43.466  1539 14357 D CCodec  :   int32_t max-input-size = 32768
06-11 15:49:43.466  1539 14357 D CCodec  :   string mime = "audio/vorbis"
06-11 15:49:43.466  1539 14357 D CCodec  :   int32_t sample-rate = 48000
06-11 15:49:43.466  1539 14357 D CCodec  : }
06-11 15:49:43.467  1539 14357 D CCodec  : setup formats output: AMessage(what = 0x00000000) = {
06-11 15:49:43.467  1539 14357 D CCodec  :   int32_t channel-count = 1
06-11 15:49:43.467  1539 14357 D CCodec  :   string mime = "audio/raw"
06-11 15:49:43.467  1539 14357 D CCodec  :   int32_t sample-rate = 48000
06-11 15:49:43.467  1539 14357 D CCodec  :   int32_t channel-mask = 1
06-11 15:49:43.467  1539 14357 D CCodec  : }
06-11 15:49:43.467  1539 14357 I CCodecConfig: query failed after returning 7 values (BAD_INDEX)
06-11 15:49:43.468  1539 14357 I MediaCodec: MediaCodec will operate in async mode
06-11 15:49:43.468  1539 14356 D MediaCodec: keep callback message for reclaim
06-11 15:49:43.469  1539 14357 W Codec2Client: query -- param skipped: index = 1342179345.
06-11 15:49:43.469  1539 14357 W Codec2Client: query -- param skipped: index = 2415921170.
06-11 15:49:43.472  1539 14357 D CCodecBufferChannel: [c2.android.vorbis.decoder#529] Created input block pool with allocatorID 16 => poolID 136 - OK (0)
06-11 15:49:43.472  1548  2603 D BufferPoolAccessor2.0: bufferpool2 0x7bf5a5c908 : 0(0 size) total buffers - 0(0 size) used buffers - 89/92 (recycle/alloc) - 3/91 (fetch/transfer)
06-11 15:49:43.473  1548  2603 D BufferPoolAccessor2.0: Destruction - bufferpool2 0x7bf5a5c908 cached: 0/0M, 0/0% in use; allocs: 92, 97% recycled; transfers: 91, 97% unfetched
06-11 15:49:43.475  1539 31534 D BufferPoolAccessor2.0: bufferpool2 0xef242d28 : 0(0 size) total buffers - 0(0 size) used buffers - 91/99 (recycle/alloc) - 8/188 (fetch/transfer)
06-11 15:49:43.475  1539 14357 I CCodecBufferChannel: [c2.android.vorbis.decoder#529] Created output block pool with allocatorID 16 => poolID 141 - OK
06-11 15:49:43.475  1539 31534 D BufferPoolAccessor2.0: Destruction - bufferpool2 0xef242d28 cached: 0/0M, 0/0% in use; allocs: 99, 92% recycled; transfers: 188, 96% unfetched
06-11 15:49:43.475  1539 14357 D CCodecBufferChannel: [c2.android.vorbis.decoder#529] Configured output block pool ids 141 => OK
06-11 15:49:43.479  1548 14358 D SimpleC2Component: Using output block pool with poolID 141 => got 141 - 0
06-11 15:49:43.499  1361  4622 D AudioFlinger: Client defaulted notificationFrames to 12000 for frameCount 24000
06-11 15:49:43.502  1361  4622 D AF::TrackHandle: OpPlayAudio: track:179 usage:5 not muted
06-11 15:49:43.505  1917  2394 D ConnectivityService: NetReassign [no changes] [c 0] [a 0] [i 2]
06-11 15:49:43.514  1296  1418 I EffectsFactory: EffectCreate() create_effect
06-11 15:49:43.538 15483 15483 D BoundBrokerSvc: onUnbind: Intent { act=com.google.android.gms.inappreach.service.START dat=chimera-action: cmp=com.google.android.gms/.chimera.GmsApiService }
06-11 15:49:43.543  1296  1296 D audio_hw_primary: out_set_parameters: enter: usecase(1: low-latency-playback) kvpairs: routing=4194304
06-11 15:49:43.547  1296  3654 D audio_route: Apply path: speaker-safe
06-11 15:49:43.547  1296  3654 D audio_hw_primary: enable_snd_device: snd_device(104: vi-feedback)
06-11 15:49:43.548  1296  3654 D audio_route: Apply path: vi-feedback
06-11 15:49:43.548  1296  3654 E audio_hw_utils: audio_extn_utils_send_app_type_cfg: Failed to derive app_type for uc type : 0x1
06-11 15:49:43.548  1296  3654 D ACDB-LOADER: ACDB -> send_audio_cal, acdb_id = 512, path = 1, app id = 0x11132, sample rate = 48000
06-11 15:49:43.548  1296  3654 D ACDB-LOADER: ACDB -> send_asm_topology
06-11 15:49:43.548  1296  3654 D ACDB-LOADER: ACDB -> ACDB_CMD_GET_AUDPROC_STREAM_TOPOLOGY_ID
06-11 15:49:43.548  1296  3654 D ACDB-LOADER: ACDB -> send_adm_topology
06-11 15:49:43.548  1296  3654 D ACDB-LOADER: ACDB -> ACDB_CMD_GET_AUDPROC_COMMON_TOPOLOGY_ID
06-11 15:49:43.548  1296  3654 D ACDB-LOADER: ACDB -> send_audtable
06-11 15:49:43.548  1296  3654 D ACDB-LOADER: ACDB -> ACDB_CMD_GET_AUDPROC_COMMON_TABLE_SIZE
06-11 15:49:43.548  1296  3654 D ACDB-LOADER: ACDB -> ACDB_CMD_GET_AUDPROC_COMMON_TABLE
06-11 15:49:43.548  1296  3654 D ACDB-LOADER: ACDB -> AUDIO_SET_AUDPROC_CAL
06-11 15:49:43.548  1296  3654 D ACDB-LOADER: ACDB -> send_audvoltable
06-11 15:49:43.548  1296  3654 D ACDB-LOADER: ACDB -> ACDB_CMD_GET_AUDPROC_VOL_STEP_TABLE_SIZE
06-11 15:49:43.548  1296  3654 D ACDB-LOADER: ACDB -> ACDB_CMD_GET_AUDPROC_GAIN_DEP_STEP_TABLE, vol index 0
06-11 15:49:43.548  1296  3654 D android.hardware.audio.service: Failed to fetch the lookup information of the device 00000200 
06-11 15:49:43.548  1296  3654 E ACDB-LOADER: Error: ACDB AudProc vol returned = -19
06-11 15:49:43.548  1296  3654 D ACDB-LOADER: ACDB -> AUDIO_SET_VOL_CAL cal type = 12
06-11 15:49:43.548  1296  3654 D ACDB-LOADER: ACDB -> ACDB_CMD_GET_AUDPROC_STREAM_TABLE_SIZE
06-11 15:49:43.548  1296  3654 D ACDB-LOADER: ACDB -> send_audstrmtable
06-11 15:49:43.548  1296  3654 D ACDB-LOADER: ACDB -> ACDB_CMD_GET_AUDPROC_STREAM_TABLE_V2
06-11 15:49:43.548  1296  3654 D ACDB-LOADER: ACDB -> audstrm_cal->cal_type.cal_data.cal_size = 16
06-11 15:49:43.548  1296  3654 D ACDB-LOADER: ACDB -> send_afe_topology
06-11 15:49:43.548  1296  3654 D ACDB-LOADER: ACDB -> ACDB_CMD_GET_AFE_TOPOLOGY_ID
06-11 15:49:43.548  1296  3654 D ACDB-LOADER: ACDB -> GET_AFE_TOPOLOGY_ID for adcd_id 512, Topology Id 10001ccc
06-11 15:49:43.548  1296  3654 D ACDB-LOADER: ACDB -> send_afe_cal
06-11 15:49:43.548  1296  3654 D ACDB-LOADER: ACDB -> ACDB_CMD_GET_AFE_COMMON_TABLE_SIZE
06-11 15:49:43.548  1296  3654 D ACDB-LOADER: ACDB -> ACDB_CMD_GET_AFE_COMMON_TABLE
06-11 15:49:43.548  1296  3654 D ACDB-LOADER: ACDB -> AUDIO_SET_AFE_CAL
06-11 15:49:43.548  1296  3654 D ACDB-LOADER: ACDB -> send_hw_delay : acdb_id = 512 path = 1
06-11 15:49:43.548  1296  3654 D ACDB-LOADER: ACDB -> ACDB_AVSYNC_INFO: ACDB_CMD_GET_DEVICE_PROPERTY
06-11 15:49:43.548  1296  3654 D audio_hw_primary: enable_audio_route: usecase(25) apply and update mixer path: spkr-vi-record vi-feedback
06-11 15:49:43.548  1296  3654 D audio_route: Apply path: spkr-vi-record vi-feedback
06-11 15:49:43.587  1296  3654 D msm8974_platform: Setting audio calibration for snd_device(4) acdb_id(514)
06-11 15:49:43.588  1296  3654 E ACDB-LOADER: [acdb_loader_adsp_set_audio_cal] active device/stream not found (result=-100) for topology 0x1000dffb and apptype 0x11130
06-11 15:49:43.588  1296  3654 E ACDB-LOADER: [acdb_loader_adsp_set_audio_cal] set parameters failed with status -100
06-11 15:49:43.588  1296  3654 D msm8974_platform: Setting audio calibration for snd_device(4) acdb_id(514)
06-11 15:49:43.589  1296  3654 D audio_hw_waves: print_state_log: send volume table -(0,0.000000,F),(1,0.000000,F),(2,0.000000,F),(3,0.000000,F),(4,0.000000,F),(5,0.000000,T)
06-11 15:49:43.589  1296  3654 D ACDB-LOADER: ACDB -> send_audio_cal, acdb_id = 514, path = 0, app id = 0x11130, sample rate = 48000
06-11 15:49:43.589  1296  3654 D ACDB-LOADER: ACDB -> send_asm_topology
06-11 15:49:43.589  1296  3654 D ACDB-LOADER: ACDB -> ACDB_CMD_GET_AUDPROC_STREAM_TOPOLOGY_ID
06-11 15:49:43.589  1296  3654 D ACDB-LOADER: ACDB -> send_adm_topology
06-11 15:49:43.589  1296  3654 D ACDB-LOADER: ACDB -> ACDB_CMD_GET_AUDPROC_COMMON_TOPOLOGY_ID
06-11 15:49:43.589  1296  3654 D ACDB-LOADER: ACDB -> send_audtable
06-11 15:49:43.589  1296  3654 D ACDB-LOADER: ACDB -> ACDB_CMD_GET_AUDPROC_COMMON_TABLE_SIZE
06-11 15:49:43.589  1296  3654 D ACDB-LOADER: ACDB -> ACDB_CMD_GET_AUDPROC_COMMON_TABLE
06-11 15:49:43.589  1296  3654 D ACDB-LOADER: ACDB -> AUDIO_SET_AUDPROC_CAL
06-11 15:49:43.589  1296  3654 D ACDB-LOADER: ACDB -> send_audvoltable
06-11 15:49:43.589  1296  3654 D ACDB-LOADER: ACDB -> ACDB_CMD_GET_AUDPROC_VOL_STEP_TABLE_SIZE
06-11 15:49:43.589  1296  3654 D ACDB-LOADER: ACDB -> ACDB_CMD_GET_AUDPROC_GAIN_DEP_STEP_TABLE, vol index 0
06-11 15:49:43.589  1296  3654 D android.hardware.audio.service: Failed to fetch the lookup information of the device 00000202 
06-11 15:49:43.589  1296  3654 E ACDB-LOADER: Error: ACDB AudProc vol returned = -19
06-11 15:49:43.589  1296  3654 D ACDB-LOADER: ACDB -> AUDIO_SET_VOL_CAL cal type = 12
06-11 15:49:43.589  1296  3654 D ACDB-LOADER: ACDB -> ACDB_CMD_GET_AUDPROC_STREAM_TABLE_SIZE
06-11 15:49:43.589  1296  3654 D ACDB-LOADER: ACDB -> send_audstrmtable
06-11 15:49:43.589  1296  3654 D ACDB-LOADER: ACDB -> ACDB_CMD_GET_AUDPROC_STREAM_TABLE_V2
06-11 15:49:43.589  1296  3654 D ACDB-LOADER: ACDB -> audstrm_cal->cal_type.cal_data.cal_size = 456
06-11 15:49:43.589  1296  3654 D ACDB-LOADER: ACDB -> send_afe_topology
06-11 15:49:43.589  1296  3654 D ACDB-LOADER: ACDB -> ACDB_CMD_GET_AFE_TOPOLOGY_ID
06-11 15:49:43.589  1296  3654 D ACDB-LOADER: ACDB -> GET_AFE_TOPOLOGY_ID for adcd_id 514, Topology Id 10000ccc
06-11 15:49:43.589  1296  3654 D ACDB-LOADER: ACDB -> send_afe_cal
06-11 15:49:43.589  1296  3654 D ACDB-LOADER: ACDB -> ACDB_CMD_GET_AFE_COMMON_TABLE_SIZE
06-11 15:49:43.589  1296  3654 D ACDB-LOADER: ACDB -> ACDB_CMD_GET_AFE_COMMON_TABLE
06-11 15:49:43.589  1296  3654 D ACDB-LOADER: ACDB -> AUDIO_SET_AFE_CAL
06-11 15:49:43.589  1296  3654 D ACDB-LOADER: ACDB -> send_hw_delay : acdb_id = 514 path = 0
06-11 15:49:43.589  1296  3654 D ACDB-LOADER: ACDB -> ACDB_AVSYNC_INFO: ACDB_CMD_GET_DEVICE_PROPERTY
06-11 15:49:43.589  1296  3654 D audio_hw_primary: enable_audio_route: usecase(1) apply and update mixer path: low-latency-playback speaker
06-11 15:49:43.589  1296  3654 D audio_route: Apply path: low-latency-playback speaker
06-11 15:49:43.648  1296  3654 D audio_hw_primary: out_write: retry previous failed cal level set
06-11 15:49:43.669  1296  1296 D audio_hw_waves: print_state_log: send volume table -(0,0.000000,F),(1,0.000000,F),(2,0.000000,F),(3,0.000000,F),(4,0.000000,F),(5,0.302643,T)
06-11 15:49:43.763 14201 14335 I BatteryMgr:DataCollectionService: stats => 1686491383763,190000,4172
06-11 15:49:44.683  1539 14357 D CCodecBufferChannel: [c2.android.vorbis.decoder#529] buffers after EOS ignored (0 us)
06-11 15:49:44.773 14201 14335 I BatteryMgr:DataCollectionService: stats => 1686491384773,230000,4172
06-11 15:49:44.933  1539 14355 D AudioTrack: stop(154): called with 76269 frames delivered
06-11 15:49:45.317  1917  2614 I MediaFocusControl: abandonAudioFocus() from uid/pid 10195/2553 clientId=android.media.AudioManager@2852157
06-11 15:49:45.317  2553 14350 V MediaPlayer: resetDrmState:  mDrmInfo=null mDrmProvisioningThread=null mPrepareDrmInProgress=false mActiveDrmScheme=false
06-11 15:49:45.317  2553 14350 V MediaPlayer: cleanDrmObj: mDrmObj=null mDrmSessionId=null
06-11 15:49:45.318  1539  2618 D NuPlayerDriver: reset(0xf32021d0) at state 6
06-11 15:49:45.325  1539 14357 I hw-BpHwBinder: onLastStrongRef automatically unlinking death recipients
06-11 15:49:45.325  1548  2952 I hw-BpHwBinder: onLastStrongRef automatically unlinking death recipients
06-11 15:49:45.325  1548  2952 I hw-BpHwBinder: onLastStrongRef automatically unlinking death recipients
06-11 15:49:45.326  1548  2952 V C2Store : in ~ComponentModule
06-11 15:49:45.326  1548  2952 V C2Store : unloading dll
06-11 15:49:45.330  1539 14352 D NuPlayerDriver: notifyResetComplete(0xf32021d0)
06-11 15:49:45.331  1539  2618 W AMessage: failed to post message as target looper for handler 0 is gone.
06-11 15:49:45.332  1296  1296 D audio_hw_waves: print_state_log: send volume table -(0,0.000000,F),(1,0.000000,F),(2,0.000000,F),(3,0.000000,F),(4,0.000000,F),(5,0.000000,F)
06-11 15:49:45.741  1323  1323 I sensors-hal: batch_physical_sensor:285, android.sensor.accelerometer/11, period=10000000, max_latency=0
06-11 15:49:45.741  1323  1323 I sensors-hal: batch_physical_sensor:296, android.sensor.accelerometer/11, period=10000000, max_latency=0 request completed
06-11 15:49:45.781 14201 14335 I BatteryMgr:DataCollectionService: stats => 1686491385781,188750,4172
06-11 15:49:46.530  1917  4096 W AlarmManager: Alarms must either supply a PendingIntent or an AlarmReceiver
06-11 15:49:46.536  1917  2394 D ConnectivityService: NetReassign [no changes] [c 1] [a 0] [i 4]
06-11 15:49:46.789 14201 14335 I BatteryMgr:DataCollectionService: stats => 1686491386789,157500,4172
06-11 15:49:47.442  1917  3912 D WifiNl80211Manager: Scan result ready event
06-11 15:49:47.442  1917  3912 D WifiNative: Scan result ready event
06-11 15:49:47.454  1917  2390 D WificondScannerImpl: Filtering out 6 scan results.
06-11 15:49:47.804 14201 14335 I BatteryMgr:DataCollectionService: stats => 1686491387804,240000,4172
06-11 15:49:48.311  1296  1418 D audio_hw_primary: disable_audio_route: usecase(1) reset and update mixer path: low-latency-playback speaker
06-11 15:49:48.313  1296  1418 I audio_hw_cirrus_playback: audio_extn_spkr_prot_stop_processing: pcm_tx_close
06-11 15:49:48.321  1296  1418 D audio_hw_primary: disable_audio_route: usecase(25) reset and update mixer path: spkr-vi-record vi-feedback
06-11 15:49:48.322  1296  1418 D audio_hw_primary: disable_snd_device: snd_device(104: vi-feedback)
06-11 15:49:48.475  1548  2594 D BufferPoolAccessor2.0: evictor expired: 1, evicted: 0
06-11 15:49:48.475  1539 14959 D BufferPoolAccessor2.0: evictor expired: 1, evicted: 0
06-11 15:49:48.813 14201 14335 I BatteryMgr:DataCollectionService: stats => 1686491388813,155937,4172
06-11 15:49:49.557  1917  2394 D ConnectivityService: NetReassign [no changes] [c 0] [a 0] [i 2]
06-11 15:49:49.827 14201 14335 I BatteryMgr:DataCollectionService: stats => 1686491389827,192812,4172
06-11 15:49:50.475  1548  2594 D BufferPoolAccessor2.0: bufferpool2 0x7bf5a5af98 : 0(0 size) total buffers - 0(0 size) used buffers - 89/92 (recycle/alloc) - 3/91 (fetch/transfer)
06-11 15:49:50.476  1548  2594 D BufferPoolAccessor2.0: evictor expired: 1, evicted: 1
06-11 15:49:50.476  1539 14959 D BufferPoolAccessor2.0: bufferpool2 0xef240148 : 0(0 size) total buffers - 0(0 size) used buffers - 89/97 (recycle/alloc) - 8/188 (fetch/transfer)
06-11 15:49:50.476  1539 14959 D BufferPoolAccessor2.0: evictor expired: 1, evicted: 1
06-11 15:49:50.842 14201 14335 I BatteryMgr:DataCollectionService: stats => 1686491390841,198125,4172
06-11 15:49:51.546  1917  2614 W AlarmManager: Alarms must either supply a PendingIntent or an AlarmReceiver
06-11 15:49:51.851 14201 14335 I BatteryMgr:DataCollectionService: stats => 1686491391851,454375,4172
06-11 15:49:52.392  1917  3912 D WifiNl80211Manager: Scan result ready event
06-11 15:49:52.392  1917  3912 D WifiNative: Scan result ready event
06-11 15:49:52.404  1917  2390 D WificondScannerImpl: Filtering out 8 scan results.
06-11 15:49:52.590  1917  2394 D ConnectivityService: NetReassign [no changes] [c 1] [a 0] [i 5]
06-11 15:49:52.863 14201 14335 I BatteryMgr:DataCollectionService: stats => 1686491392863,230937,4172
06-11 15:49:53.872 14201 14335 I BatteryMgr:DataCollectionService: stats => 1686491393872,211562,4172
06-11 15:49:54.887 14201 14335 I BatteryMgr:DataCollectionService: stats => 1686491394887,130937,4172
06-11 15:49:55.612  1917  2394 D ConnectivityService: NetReassign [no changes] [c 1] [a 0] [i 1]
06-11 15:49:55.903 14201 14335 I BatteryMgr:DataCollectionService: stats => 1686491395903,173750,4172
06-11 15:49:56.560  1917  3912 W AlarmManager: Alarms must either supply a PendingIntent or an AlarmReceiver
06-11 15:49:56.912 14201 14335 I BatteryMgr:DataCollectionService: stats => 1686491396911,283125,4172
06-11 15:49:57.511  1917  4544 D WifiNl80211Manager: Scan result ready event
06-11 15:49:57.511  1917  4544 D WifiNative: Scan result ready event
06-11 15:49:57.523  1917  2390 D WificondScannerImpl: Filtering out 5 scan results.
06-11 15:49:57.921 14201 14335 I BatteryMgr:DataCollectionService: stats => 1686491397921,156250,4172
06-11 15:49:58.640  1917  2394 D ConnectivityService: NetReassign [no changes] [c 1] [a 0] [i 5]
06-11 15:49:58.932 14201 14335 I BatteryMgr:DataCollectionService: stats => 1686491398931,140000,4172
06-11 15:49:59.947 14201 14335 I BatteryMgr:DataCollectionService: stats => 1686491399946,130312,4172
06-11 15:50:00.017  3794  4102 I AiAiEcho: Predicting[7]: { Feature:1, creation:2023-06-11T13:27:50.102Z, expiry:2023-06-11T14:00:00Z, isExpired: false}, { Feature:1, creation:2023-06-11T14:00:00Z, expiry:2023-06-11T15:00:00Z, isExpired: true}, { Feature:1, creation:2023-06-11T15:00:00Z, expiry:2023-06-11T16:00:00Z, isExpired: true}, { Feature:1, creation:2023-06-11T16:00:00Z, expiry:2023-06-11T17:00:00Z, isExpired: true}, { Feature:1, creation:2023-06-11T17:00:00Z, expiry:2023-06-11T18:00:00Z, isExpired: true}, { Feature:1, creation:2023-06-11T18:00:00Z, expiry:2023-06-11T19:00:00Z, isExpired: true}, { Feature:1, creation:2023-06-11T19:00:00Z, expiry:2023-06-11T19:27:50.102Z, isExpired: true}
06-11 15:50:00.019  3794  4102 I AiAiEcho: EchoTargets: Feature:1
06-11 15:50:00.019  3794  4102 I AiAiEcho: Filtered by AiAi flag check: 
06-11 15:50:00.020  3794  4102 I AiAiEcho: Ranked targets strategy: WEIGHTED, count: 1, ranking metadata: { cardId: WEATHER-569377243, card type: 1, update time: 2023-06-11T13:27:50.102Z, expiration time: 2023-06-11T14:00:00Z, ranking metadata: RankingMetaData(urgency=0.808, priority=0.3, recency=1.0, rankScore=0.24240002, importantTimePoints=# kwj@7bca4) }
06-11 15:50:00.025  3794  4102 I AiAiEcho: #postPredictionTargets: Sending updates to UISurface lockscreen with targets# 1 (types=[1])
06-11 15:50:00.030  2553  2553 W BcSmartspaceCard: No title view to update
06-11 15:50:00.963 14201 14335 I BatteryMgr:DataCollectionService: stats => 1686491400963,147500,4172
06-11 15:50:01.582  1917  4540 W AlarmManager: Alarms must either supply a PendingIntent or an AlarmReceiver
06-11 15:50:01.658  1917  2394 D ConnectivityService: NetReassign [no changes] [c 1] [a 0] [i 5]
06-11 15:50:01.971 14201 14335 I BatteryMgr:DataCollectionService: stats => 1686491401971,258750,4172
06-11 15:50:02.447  1917  2614 D WifiNl80211Manager: Scan result ready event
06-11 15:50:02.447  1917  2614 D WifiNative: Scan result ready event
06-11 15:50:02.455  1917  2390 D WificondScannerImpl: Filtering out 9 scan results.
06-11 15:50:02.986 14201 14335 I BatteryMgr:DataCollectionService: stats => 1686491402986,222187,4172
06-11 15:50:03.997 14201 14335 I BatteryMgr:DataCollectionService: stats => 1686491403996,202500,4172
06-11 15:50:04.687  1917  2394 D ConnectivityService: NetReassign [no changes] [c 1] [a 0] [i 4]
06-11 15:50:05.006 14201 14335 I BatteryMgr:DataCollectionService: stats => 1686491405006,180937,4172
06-11 15:50:06.019 14201 14335 I BatteryMgr:DataCollectionService: stats => 1686491406019,156562,4172
06-11 15:50:06.601  1917  4544 W AlarmManager: Alarms must either supply a PendingIntent or an AlarmReceiver
06-11 15:50:07.029 14201 14335 I BatteryMgr:DataCollectionService: stats => 1686491407028,267187,4172
06-11 15:50:07.547  1917  2614 D WifiNl80211Manager: Scan result ready event
06-11 15:50:07.548  1917  2614 D WifiNative: Scan result ready event
06-11 15:50:07.559  1917  2390 D WificondScannerImpl: Filtering out 6 scan results.
06-11 15:50:07.710  1917  2394 D ConnectivityService: NetReassign [no changes] [c 0] [a 0] [i 5]
06-11 15:50:08.043 14201 14335 I BatteryMgr:DataCollectionService: stats => 1686491408043,198750,4172
06-11 15:50:09.055 14201 14335 I BatteryMgr:DataCollectionService: stats => 1686491409055,121875,4172
06-11 15:50:10.067 14201 14335 I BatteryMgr:DataCollectionService: stats => 1686491410067,140625,4172
06-11 15:50:10.727  1917  2394 D ConnectivityService: NetReassign [no changes] [c 0] [a 0] [i 4]
06-11 15:50:11.081 14201 14335 I BatteryMgr:DataCollectionService: stats => 1686491411080,180312,4172
06-11 15:50:11.614  1917  4096 W AlarmManager: Alarms must either supply a PendingIntent or an AlarmReceiver
06-11 15:50:12.089 14201 14335 I BatteryMgr:DataCollectionService: stats => 1686491412089,251875,4172
06-11 15:50:12.552  1917  4544 D WifiNl80211Manager: Scan result ready event
06-11 15:50:12.552  1917  4544 D WifiNative: Scan result ready event
06-11 15:50:12.564  1917  2390 D WificondScannerImpl: Filtering out 3 scan results.
06-11 15:50:13.100 14201 14335 I BatteryMgr:DataCollectionService: stats => 1686491413100,222812,4172
06-11 15:50:13.749  1917  2394 D ConnectivityService: NetReassign [no changes] [c 1] [a 0] [i 2]
06-11 15:50:14.110 14201 14335 I BatteryMgr:DataCollectionService: stats => 1686491414110,149375,4172
06-11 15:50:15.120 14201 14335 I BatteryMgr:DataCollectionService: stats => 1686491415120,222187,4172
06-11 15:50:16.130 14201 14335 I BatteryMgr:DataCollectionService: stats => 1686491416130,191875,4172
06-11 15:50:16.632  1917  4540 W AlarmManager: Alarms must either supply a PendingIntent or an AlarmReceiver
06-11 15:50:16.767  1917  2394 D ConnectivityService: NetReassign [no changes] [c 1] [a 0] [i 5]
06-11 15:50:17.138 14201 14335 I BatteryMgr:DataCollectionService: stats => 1686491417138,262500,4172
06-11 15:50:17.520  1917  4540 D WifiNl80211Manager: Scan result ready event
06-11 15:50:17.521  1917  4540 D WifiNative: Scan result ready event
06-11 15:50:17.533  1917  2390 D WificondScannerImpl: Filtering out 10 scan results.
06-11 15:50:17.564  1310  1310 V ContextHubHal: sendMessageToHub
06-11 15:50:17.567  1323  1402 D CHRE    : @ 175236.226: Parsed nanoapp message from host: app ID 0x476f6f676c00100b, endpoint 0x1c, msgType 112, payload size 10
06-11 15:50:17.567  1323  1402 I CHRE    : @ 175236.226: [NanoMinion] received MSG Type 0x70, Version 1, 6 bytes
06-11 15:50:17.567  1323  1402 I CHRE    : @ 175236.227: [AR] request.flush
06-11 15:50:17.567  1323  1402 I CHRE    : @ 175236.227: [AR] send to host, reason=3, sampleSize=0, transitionSize=0, lastAccelTime = 172386918, lastAudioTime = 0 
06-11 15:50:17.567  1323  1402 I CHRE    : @ 175236.227: [NanoMinion] sent MSG Type 0x72, Version 0, 19 bytes, MessageId 96
06-11 15:50:17.575  1323  1323 I sensors-hal: flush_physical_sensor:328, android.sensor.accelerometer/11
06-11 15:50:17.575  1323  1323 I sensors-hal: flush_physical_sensor:336, android.sensor.accelerometer/11 completed
06-11 15:50:17.580  1917  4544 W AppOps  : Noting op not finished: uid 10125 pkg com.google.android.gms code 113 startTime of in progress event=1686491382324
06-11 15:50:17.586  1917  4540 W AppOps  : Noting op not finished: uid 10125 pkg com.google.android.gms code 113 startTime of in progress event=1686491382324
06-11 15:50:18.152 14201 14335 I BatteryMgr:DataCollectionService: stats => 1686491418152,170937,4172
06-11 15:50:19.164 14201 14335 I BatteryMgr:DataCollectionService: stats => 1686491419164,212187,4172
06-11 15:50:19.789  1917  2394 D ConnectivityService: NetReassign [no changes] [c 0] [a 1] [i 3]
06-11 15:50:20.178 14201 14335 I BatteryMgr:DataCollectionService: stats => 1686491420178,137500,4172
06-11 15:50:20.891  1323  1323 I sensors-hal: batch_physical_sensor:285, android.sensor.accelerometer/11, period=10000000, max_latency=0
06-11 15:50:20.891  1323  1323 I sensors-hal: batch_physical_sensor:296, android.sensor.accelerometer/11, period=10000000, max_latency=0 request completed
06-11 15:50:21.190 14201 14335 I BatteryMgr:DataCollectionService: stats => 1686491421190,147187,4172
06-11 15:50:21.656  1917  4544 W AlarmManager: Alarms must either supply a PendingIntent or an AlarmReceiver
06-11 15:50:22.198 14201 14335 I BatteryMgr:DataCollectionService: stats => 1686491422198,243437,4172
06-11 15:50:22.543  1917  4540 D WifiNl80211Manager: Scan result ready event
06-11 15:50:22.543  1917  4540 D WifiNative: Scan result ready event
06-11 15:50:22.557  1917  2390 D WificondScannerImpl: Filtering out 11 scan results.
06-11 15:50:22.808  1917  2394 D ConnectivityService: NetReassign [no changes] [c 1] [a 0] [i 5]
06-11 15:50:23.213 14201 14335 I BatteryMgr:DataCollectionService: stats => 1686491423212,247187,4172
06-11 15:50:24.222 14201 14335 I BatteryMgr:DataCollectionService: stats => 1686491424222,226250,4172
06-11 15:50:25.232 14201 14335 I BatteryMgr:DataCollectionService: stats => 1686491425231,226562,4172
06-11 15:50:25.833  1917  2394 D ConnectivityService: NetReassign [no changes] [c 1] [a 0] [i 5]
06-11 15:50:26.241 14201 14335 I BatteryMgr:DataCollectionService: stats => 1686491426241,362187,4172
06-11 15:50:26.674  1917  4096 W AlarmManager: Alarms must either supply a PendingIntent or an AlarmReceiver
06-11 15:50:27.250 14201 14335 I BatteryMgr:DataCollectionService: stats => 1686491427250,240937,4172
06-11 15:50:27.597  1917  2614 D WifiNl80211Manager: Scan result ready event
06-11 15:50:27.597  1917  2614 D WifiNative: Scan result ready event
06-11 15:50:27.610  1917  2390 D WificondScannerImpl: Filtering out 10 scan results.
06-11 15:50:28.263 14201 14335 I BatteryMgr:DataCollectionService: stats => 1686491428263,144687,4172
06-11 15:50:28.854  1917  2394 D ConnectivityService: NetReassign [no changes] [c 0] [a 0] [i 1]
06-11 15:50:29.280 14201 14335 I BatteryMgr:DataCollectionService: stats => 1686491429280,174062,4172
06-11 15:50:30.295 14201 14335 I BatteryMgr:DataCollectionService: stats => 1686491430295,142500,4172
06-11 15:50:31.308 14201 14335 I BatteryMgr:DataCollectionService: stats => 1686491431308,320625,4172
06-11 15:50:31.689  1917  4540 W AlarmManager: Alarms must either supply a PendingIntent or an AlarmReceiver
06-11 15:50:31.874  1917  2394 D ConnectivityService: NetReassign [no changes] [c 0] [a 0] [i 5]
06-11 15:50:32.315 14201 14335 I BatteryMgr:DataCollectionService: stats => 1686491432315,240000,4172
06-11 15:50:32.578  1917  2614 D WifiNl80211Manager: Scan result ready event
06-11 15:50:32.578  1917  2614 D WifiNative: Scan result ready event
06-11 15:50:32.593  1917  2390 D WificondScannerImpl: Filtering out 10 scan results.
06-11 15:50:33.007 14371 14371 D ProcessState: Binder ioctl to enable oneway spam detection failed: Invalid argument
06-11 15:50:33.017  2553 14374 W RingtonePlayer: STOP command without a player
06-11 15:50:33.025  2553  2615 D PeopleSpaceWidgetMgr: Sbn doesn't contain valid PeopleTileKey: null/0/com.example.batterymanager_utility
06-11 15:50:33.031  2553  2553 V ShadeControllerImpl: NotificationShadeWindow: com.android.systemui.statusbar.phone.NotificationShadeWindowView{7942d07 I.E...... ......ID 0,0-1080,2160} canPanelBeCollapsed(): false
06-11 15:50:33.084 14378 14378 D ProcessState: Binder ioctl to enable oneway spam detection failed: Invalid argument
06-11 15:50:33.287 14397 14397 D ProcessState: Binder ioctl to enable oneway spam detection failed: Invalid argument
06-11 15:50:33.293  1917  2614 I ActivityManager: Force stopping e.www.gpstest appid=10240 user=0: from pid 14397
06-11 15:50:33.294  1917  2614 I ActivityManager: Killing 14251:e.www.gpstest/u0a240 (adj 0): stop e.www.gpstest due to from pid 14397
06-11 15:50:33.295  1917  2614 W ActivityTaskManager: Force removing ActivityRecord{569e6e7 u0 e.www.gpstest/.MainActivity t215 f}}: app died, no saved state
06-11 15:50:33.299  1917  2614 W InputManager-JNI: Input channel object '7354319 e.www.gpstest/e.www.gpstest.MainActivity (client)' was disposed without first being removed with the input manager!
06-11 15:50:33.309  1917  2614 D CompatibilityChangeReporter: Compat change id reported: 181136395; UID 10232; state: DISABLED
06-11 15:50:33.310  1917  2614 D CompatibilityChangeReporter: Compat change id reported: 174042936; UID 10232; state: DISABLED
06-11 15:50:33.312  1917  2614 W ActivityTaskManager: Can't find TaskDisplayArea to determine support for multi window. Task id=215 attached=false
06-11 15:50:33.312  1917  2614 W ActivityTaskManager: Can't find TaskDisplayArea to determine support for multi window. Task id=215 attached=false
06-11 15:50:33.315  1917  2614 W ProcessStats: Tracking association SourceState{329dbb7 system/1000 BTopFgs #84256} whose proc state 2 is better than process ProcessState{9cdae9d com.google.android.gms.persistent/10125 pkg=com.google.android.gms} proc state 3 (12 skipped)
06-11 15:50:33.322  2772  2772 E PhoneInterfaceManager: [PhoneIntfMgr] getCarrierPackageNamesForIntentAndPhone: No UICC
06-11 15:50:33.322  2772  2772 D CarrierSvcBindHelper: No carrier app for: 0
06-11 15:50:33.328  1323  1323 I sensors-hal: batch_physical_sensor:285, android.sensor.accelerometer/11, period=10000000, max_latency=0
06-11 15:50:33.328  1323  1323 I sensors-hal: batch_physical_sensor:296, android.sensor.accelerometer/11, period=10000000, max_latency=0 request completed
06-11 15:50:33.330  1917  2033 W AlarmManager: Unrecognized alarm listener com.android.server.location.gnss.GnssLocationProvider$$ExternalSyntheticLambda1@8e6c3c
06-11 15:50:33.330  1917  2033 W AlarmManager: Unrecognized alarm listener com.android.server.location.gnss.GnssLocationProvider$$ExternalSyntheticLambda0@4068dc5
06-11 15:50:33.333  3867  3867 D RegisteredNfcFServicesCache: Service unchanged, not updating
06-11 15:50:33.339  1279  1279 I Zygote  : Process 14251 exited due to signal 9 (Killed)
06-11 15:50:33.340  1323  1323 I sensors-hal: activate_physical_sensor:220, android.sensor.pressure/61 en=0
06-11 15:50:33.340  1917  2614 V ActivityManager: Got obituary of 14251:e.www.gpstest
06-11 15:50:33.340  1323  1323 I sensors-hal: activate_physical_sensor:233, android.sensor.pressure/61 en=0 completed
06-11 15:50:33.342  6135  6135 I EuiccGoogle: [2] EuiccServiceImpl.onCreate: onCreate Single-SIM mode: simCardState is 1
06-11 15:50:33.342  1917  2046 I libprocessgroup: Successfully killed process cgroup uid 10240 pid 14251 in 45ms
06-11 15:50:33.342  1917  2036 W ActivityManager: setHasOverlayUi called on unknown pid: 14251
06-11 15:50:33.343  1323  1323 I sensors-hal: batch_physical_sensor:285, android.sensor.pressure/61, period=100000000, max_latency=0
06-11 15:50:33.343  1323  1323 I sensors-hal: batch_physical_sensor:296, android.sensor.pressure/61, period=100000000, max_latency=0 request completed
06-11 15:50:33.344  1323  1323 I sensors-hal: activate_physical_sensor:220, android.sensor.pressure/61 en=1
06-11 15:50:33.344  1323  1323 I sensors-hal: get_qmi_debug_flag:245, support_qmi_debug : false
06-11 15:50:33.346  1323  1323 I sensors-hal: activate_physical_sensor:233, android.sensor.pressure/61 en=1 completed
06-11 15:50:33.346   743   743 E BpTransactionCompletedListener: Failed to transact (-32)
06-11 15:50:33.347  6135 14408 I EuiccGoogle: [250] EuiccServiceImpl.onGetEuiccProfileInfoList: onGetEuiccProfileInfoList: slotId = -1
06-11 15:50:33.349  6135 14408 W EuiccGoogle: [250] EuiccServiceImpl.onGetEuiccProfileInfoList: slotId=-1. No eUICC is active. Return null.
06-11 15:50:33.350  1323  1323 I sensors-hal: batch_physical_sensor:285, android.sensor.accelerometer/11, period=200000000, max_latency=2000000000
06-11 15:50:33.350  1323  1323 I sensors-hal: batch_physical_sensor:296, android.sensor.accelerometer/11, period=200000000, max_latency=2000000000 request completed
06-11 15:50:33.351  1323  1323 I sensors-hal: activate_physical_sensor:220, android.sensor.magnetic_field_uncalibrated/141 en=0
06-11 15:50:33.352  1323  1323 I sensors-hal: activate_physical_sensor:233, android.sensor.magnetic_field_uncalibrated/141 en=0 completed
06-11 15:50:33.352  1323  1323 I sensors-hal: activate_physical_sensor:220, android.sensor.gyroscope_uncalibrated/161 en=0
06-11 15:50:33.354  1323  1323 I sensors-hal: activate_physical_sensor:233, android.sensor.gyroscope_uncalibrated/161 en=0 completed
06-11 15:50:33.354  1310  1310 V ContextHubHal: sendMessageToHub
06-11 15:50:33.354  2681  3016 W OpenGLRenderer: Surface doesn't have any previously queued frames, nothing to readback from
06-11 15:50:33.355  1323  1323 I sensors-hal: activate_physical_sensor:220, android.sensor.magnetic_field/21 en=0
06-11 15:50:33.358  2681  2681 I WallpaperService: engine resumed
06-11 15:50:33.359  1323 14406 I sensors-hal: handle_indication_realtime:456,  SCHED_FIFO(10) for qmi_cbk
06-11 15:50:33.359  2681  3016 W OpenGLRenderer: Surface doesn't have any previously queued frames, nothing to readback from
06-11 15:50:33.360  1323  1323 I sensors-hal: activate_physical_sensor:233, android.sensor.magnetic_field/21 en=0 completed
06-11 15:50:33.361  1310  1310 V ContextHubHal: queryApps
06-11 15:50:33.363  1323  1402 D CHRE    : @ 175252.020: Parsed nanoapp message from host: app ID 0x476f6f676c00100d, endpoint 0x20, msgType 144, payload size 10
06-11 15:50:33.364  1323  1402 I CHRE    : @ 175252.020: [NanoMinion] received MSG Type 0x90, Version 1, 6 bytes
06-11 15:50:33.364  1323  1402 I CHRE    : @ 175252.022: [cc] disable
06-11 15:50:33.364  1323  1402 D CHRE    : @ 175252.023: Nanoapp list request from client ID 1
06-11 15:50:33.367 14201 14400 I OpenGLRenderer: Davey! duration=65233ms; Flags=1, FrameTimelineVsyncId=1859169, IntendedVsync=34575501019657, Vsync=34575551019655, InputEventId=0, HandleInputStart=34575561294209, AnimationStart=34575561298220, PerformTraversalsStart=34575561471397, DrawStart=34575806953296, FrameDeadline=34575534352989, FrameInterval=34575561264574, FrameStartTime=16666666, SyncQueued=34575811889963, SyncStart=34575811968765, IssueDrawCommandsStart=34575812337672, SwapBuffers=34575817418766, FrameCompleted=34640734643879, DequeueBufferDuration=17239, QueueBufferDuration=438333, GpuCompleted=34640734643879, SwapBuffersCompleted=34575818409912, DisplayPresentTime=0, 
06-11 15:50:33.368  7741  7741 I GoogleInputMethodService: GoogleInputMethodService.onFinishInput():3307 
06-11 15:50:33.369  7741  7741 I GoogleInputMethodService: GoogleInputMethodService.updateDeviceLockedStatus():2137 repeatCheckTimes = 0, locked = false
06-11 15:50:33.369  7741  7741 I GoogleInputMethodService: GoogleInputMethodService.onStartInput():1917 onStartInput(EditorInfo{inputType=0x0(NULL) imeOptions=0x0 privateImeOptions=null actionName=UNSPECIFIED actionLabel=null actionId=0 initialSelStart=-1 initialSelEnd=-1 initialCapsMode=0x0 hintText=null label=null packageName=com.example.batterymanager_utility fieldId=-1 fieldName=null extras=null hintLocales=[]}, false)
06-11 15:50:33.369  7741  7741 I GoogleInputMethodService: GoogleInputMethodService.shouldHideHeaderOnInitialState():1998 ShouldHideHeaderOnInitialState = false
06-11 15:50:33.369  1310  1310 V ContextHubHal: sendMessageToHub
06-11 15:50:33.369  7741  7741 I GoogleInputMethodService: GoogleInputMethodService.updateDeviceLockedStatus():2137 repeatCheckTimes = 1, locked = false
06-11 15:50:33.370  1310  1310 V ContextHubHal: queryApps
06-11 15:50:33.373  1323  1402 D ASH     : @ 175252.032: SensorType 195 resampler quality 2
06-11 15:50:33.373  1323  1402 D CHRE    : @ 175252.032: Parsed nanoapp message from host: app ID 0x476f6f676c00100b, endpoint 0x1c, msgType 112, payload size 80
06-11 15:50:33.373  1323  1402 I CHRE    : @ 175252.033: [NanoMinion] received MSG Type 0x70, Version 1, 76 bytes
06-11 15:50:33.373  1323  1402 I CHRE    : @ 175252.033: [AR] request.enable latency=2147483647, numTrans=8
06-11 15:50:33.373  1323  1402 I CHRE    : @ 175252.033: [NanoMinion] sent MSG Type 0x71, Version 0, 17 bytes, MessageId 97
06-11 15:50:33.373  1323  1402 I CHRE    : @ 175252.033: [AR] send response=0
06-11 15:50:33.373  1323  1402 D CHRE    : @ 175252.033: Nanoapp list request from client ID 1
06-11 15:50:33.375  1310  1310 V ContextHubHal: queryApps
06-11 15:50:33.380  1323  1402 D CHRE    : @ 175252.037: Nanoapp list request from client ID 1
06-11 15:50:33.954  2681  2681 I WallpaperService: engine paused
06-11 15:50:34.891  1917  2394 D ConnectivityService: NetReassign [no changes] [c 0] [a 0] [i 2]
06-11 15:50:35.852  1323  1323 I sensors-hal: activate_physical_sensor:220, android.sensor.pressure/61 en=0
06-11 15:50:35.854  1323  1323 I sensors-hal: activate_physical_sensor:233, android.sensor.pressure/61 en=0 completed
06-11 15:50:36.563 14415 14415 D ProcessState: Binder ioctl to enable oneway spam detection failed: Invalid argument
06-11 15:50:36.570  1917  2464 I ActivityManager: Force stopping com.example.batterymanager_utility appid=10232 user=0: from pid 14415
06-11 15:50:36.571  1917  2464 I ActivityManager: Killing 14201:com.example.batterymanager_utility/u0a232 (adj 0): stop com.example.batterymanager_utility due to from pid 14415
06-11 15:50:36.573  1917  2464 W ActivityTaskManager: Force removing ActivityRecord{ece1ed3 u0 com.example.batterymanager_utility/.MainActivity t214 f}}: app died, no saved state
06-11 15:50:36.577  1917  2464 W InputManager-JNI: Input channel object '66011a5 com.example.batterymanager_utility/com.example.batterymanager_utility.MainActivity (client)' was disposed without first being removed with the input manager!
06-11 15:50:36.589  1917  2464 W ActivityTaskManager: Can't find TaskDisplayArea to determine support for multi window. Task id=214 attached=false
06-11 15:50:36.590  1917  2464 W ActivityTaskManager: Can't find TaskDisplayArea to determine support for multi window. Task id=214 attached=false
06-11 15:50:36.596  2772  2772 E PhoneInterfaceManager: [PhoneIntfMgr] getCarrierPackageNamesForIntentAndPhone: No UICC
06-11 15:50:36.596  2772  2772 D CarrierSvcBindHelper: No carrier app for: 0
06-11 15:50:36.601  1279  1279 I Zygote  : Process 14201 exited due to signal 9 (Killed)
06-11 15:50:36.601  1917  3913 V ActivityManager: Got obituary of 14201:com.example.batterymanager_utility
06-11 15:50:36.602  1917  2036 W ActivityManager: setHasOverlayUi called on unknown pid: 14201
06-11 15:50:36.604  3867  3867 D RegisteredNfcFServicesCache: Service unchanged, not updating
06-11 15:50:36.611 13703 13703 I A       : (REDACTED) onApplyWindowInsets: systemWindowInsets=%s
06-11 15:50:36.611 13703 13703 I A       : (REDACTED) onApplyWindowInsets: systemWindowInsets=%s
06-11 15:50:36.612  1917  2046 I libprocessgroup: Successfully killed process cgroup uid 10232 pid 14201 in 40ms
06-11 15:50:36.613   743   743 E BpTransactionCompletedListener: Failed to transact (-32)
06-11 15:50:36.627  2681  3016 W OpenGLRenderer: Surface doesn't have any previously queued frames, nothing to readback from
06-11 15:50:36.627 13703 14055 I OpenGLRenderer: Davey! duration=403838ms; Flags=1, FrameTimelineVsyncId=1837055, IntendedVsync=34240166396620, Vsync=34240166396620, InputEventId=0, HandleInputStart=34240167007152, AnimationStart=34240167008714, PerformTraversalsStart=34240167009287, DrawStart=34240186939446, FrameDeadline=34240203729952, FrameInterval=34240166971110, FrameStartTime=16666666, SyncQueued=34240193075905, SyncStart=34240193602571, IssueDrawCommandsStart=34240194647936, SwapBuffers=34240198503509, FrameCompleted=34644005590611, DequeueBufferDuration=22135, QueueBufferDuration=676041, GpuCompleted=34644005590611, SwapBuffersCompleted=34240199984395, DisplayPresentTime=0, 
06-11 15:50:36.632  2681  2681 I WallpaperService: engine resumed
06-11 15:50:36.633  2681  3016 W OpenGLRenderer: Surface doesn't have any previously queued frames, nothing to readback from
06-11 15:50:36.633  3794  4102 I AiAiEcho: Predicting[7]: { Feature:1, creation:2023-06-11T13:27:50.102Z, expiry:2023-06-11T14:00:00Z, isExpired: false}, { Feature:1, creation:2023-06-11T14:00:00Z, expiry:2023-06-11T15:00:00Z, isExpired: true}, { Feature:1, creation:2023-06-11T15:00:00Z, expiry:2023-06-11T16:00:00Z, isExpired: true}, { Feature:1, creation:2023-06-11T16:00:00Z, expiry:2023-06-11T17:00:00Z, isExpired: true}, { Feature:1, creation:2023-06-11T17:00:00Z, expiry:2023-06-11T18:00:00Z, isExpired: true}, { Feature:1, creation:2023-06-11T18:00:00Z, expiry:2023-06-11T19:00:00Z, isExpired: true}, { Feature:1, creation:2023-06-11T19:00:00Z, expiry:2023-06-11T19:27:50.102Z, isExpired: true}
06-11 15:50:36.634 15483 15483 D BoundBrokerSvc: onBind: Intent { act=com.google.android.gms.inappreach.service.START dat=chimera-action: cmp=com.google.android.gms/.chimera.GmsApiService }
06-11 15:50:36.634 15483 15483 D BoundBrokerSvc: Loading bound service for intent: Intent { act=com.google.android.gms.inappreach.service.START dat=chimera-action: cmp=com.google.android.gms/.chimera.GmsApiService }
06-11 15:50:36.634  3794  4102 I AiAiEcho: EchoTargets: Feature:1
06-11 15:50:36.634  3794  4102 I AiAiEcho: Filtered by AiAi flag check: 
06-11 15:50:36.634  3794  4102 I AiAiEcho: Ranked targets strategy: WEIGHTED, count: 1, ranking metadata: { cardId: WEATHER-569377243, card type: 1, update time: 2023-06-11T13:27:50.102Z, expiration time: 2023-06-11T14:00:00Z, ranking metadata: RankingMetaData(urgency=0.79, priority=0.3, recency=1.0, rankScore=0.23700002, importantTimePoints=# kwj@7bca4) }
06-11 15:50:36.635 12376 12376 I GsaVoiceInteractionSrv: Handling ACTION_START_HOTWORD
06-11 15:50:36.635 12376 12427 I GsaVoiceInteractionSrv: (REDACTED) disregardHotwordSetting: %b
06-11 15:50:36.635 12376 12427 I GsaVoiceInteractionSrv: Cannot start hotword, hotword has been explicitly disabled.
06-11 15:50:36.636  3794  4102 I AiAiEcho: #postPredictionTargets: Sending updates to UISurface home with targets# 1 (types=[1])
06-11 15:50:36.638  2922  2922 W BcSmartspaceCard: No title view to update
06-11 15:50:36.645  7741  7741 I GoogleInputMethodService: GoogleInputMethodService.onFinishInput():3307 
06-11 15:50:36.646  7741  7741 I GoogleInputMethodService: GoogleInputMethodService.updateDeviceLockedStatus():2137 repeatCheckTimes = 0, locked = false
06-11 15:50:36.647  7741  7741 I GoogleInputMethodService: GoogleInputMethodService.onStartInput():1917 onStartInput(EditorInfo{inputType=0x0(NULL) imeOptions=0x0 privateImeOptions=null actionName=UNSPECIFIED actionLabel=null actionId=0 initialSelStart=-1 initialSelEnd=-1 initialCapsMode=0x0 hintText=null label=null packageName=com.google.android.apps.nexuslauncher fieldId=-1 fieldName=null extras=null hintLocales=[]}, false)
06-11 15:50:36.647  7741  7741 I GoogleInputMethodService: GoogleInputMethodService.shouldHideHeaderOnInitialState():1998 ShouldHideHeaderOnInitialState = false
06-11 15:50:36.647  7741  7741 I GoogleInputMethodService: GoogleInputMethodService.updateDeviceLockedStatus():2137 repeatCheckTimes = 1, locked = false
06-11 15:50:36.697  1323  1323 I sensors-hal: batch_physical_sensor:285, android.sensor.pressure/61, period=100000000, max_latency=0
06-11 15:50:36.697  1323  1323 I sensors-hal: batch_physical_sensor:296, android.sensor.pressure/61, period=100000000, max_latency=0 request completed
06-11 15:50:36.697  1323  1323 I sensors-hal: activate_physical_sensor:220, android.sensor.pressure/61 en=1
06-11 15:50:36.697  1323  1323 I sensors-hal: get_qmi_debug_flag:245, support_qmi_debug : false
06-11 15:50:36.699  1323  1323 I sensors-hal: activate_physical_sensor:233, android.sensor.pressure/61 en=1 completed
06-11 15:50:36.699  1323  1323 I sensors-hal: activate_physical_sensor:220, android.sensor.pressure/61 en=0
06-11 15:50:36.700  1323  1323 I sensors-hal: activate_physical_sensor:233, android.sensor.pressure/61 en=0 completed
06-11 15:50:36.701  1917  3868 W AlarmManager: Alarms must either supply a PendingIntent or an AlarmReceiver
06-11 15:50:36.703  1323  1323 I sensors-hal: batch_physical_sensor:285, android.sensor.pressure/61, period=100000000, max_latency=0
06-11 15:50:36.703  1323  1323 I sensors-hal: batch_physical_sensor:296, android.sensor.pressure/61, period=100000000, max_latency=0 request completed
06-11 15:50:36.704  1323  1323 I sensors-hal: activate_physical_sensor:220, android.sensor.pressure/61 en=1
06-11 15:50:36.704  1323  1323 I sensors-hal: get_qmi_debug_flag:245, support_qmi_debug : false
06-11 15:50:36.705  1323  1323 I sensors-hal: activate_physical_sensor:233, android.sensor.pressure/61 en=1 completed
06-11 15:50:36.712  1323 14428 I sensors-hal: handle_indication_realtime:456,  SCHED_FIFO(10) for qmi_cbk
06-11 15:50:37.625  1917  3868 D WifiNl80211Manager: Scan result ready event
06-11 15:50:37.625  1917  3868 D WifiNative: Scan result ready event
06-11 15:50:37.634  1917  2390 D WificondScannerImpl: Filtering out 10 scan results.
06-11 15:50:37.644  1917  2386 D PasspointManager: ANQP entry not found for: ae:b9:c2:de:05:20:<Galaxy M118596>
06-11 15:50:37.904  1917  2394 D ConnectivityService: NetReassign [no changes] [c 0] [a 0] [i 3]
06-11 15:50:38.707  1323  1323 I sensors-hal: activate_physical_sensor:220, android.sensor.pressure/61 en=0
06-11 15:50:38.709  1323  1323 I sensors-hal: activate_physical_sensor:233, android.sensor.pressure/61 en=0 completed
06-11 15:50:40.934  1917  2394 D ConnectivityService: NetReassign [no changes] [c 1] [a 0] [i 4]
06-11 15:50:41.932  3812 20925 W MediaProvider: isAppCloneUserPair failed. Users: 0 and 0
06-11 15:50:41.932  3812 20925 W MediaProvider: isAppCloneUserPair for user 0: false
