07-03 15:00:56.012  1301  1301 W ipacm   : type=1400 audit(0.0:5436063): avc: denied { write } for name="ipacm_log_file" dev="tmpfs" ino=28733 scontext=u:r:ipacm:s0 tcontext=u:object_r:ipacm_socket:s0 tclass=sock_file permissive=0
07-03 15:00:56.154 17072 17167 I BatteryMgr:DataCollectionService: stats => 1688389256154,-110839,4252
07-03 15:00:56.232  1301  1301 W ipacm   : type=1400 audit(0.0:5436064): avc: denied { write } for name="ipacm_log_file" dev="tmpfs" ino=28733 scontext=u:r:ipacm:s0 tcontext=u:object_r:ipacm_socket:s0 tclass=sock_file permissive=0
07-03 15:00:56.232  1301  1301 W ipacm   : type=1400 audit(0.0:5436065): avc: denied { write } for name="ipacm_log_file" dev="tmpfs" ino=28733 scontext=u:r:ipacm:s0 tcontext=u:object_r:ipacm_socket:s0 tclass=sock_file permissive=0
07-03 15:00:57.173 17072 17167 I BatteryMgr:DataCollectionService: stats => 1688389257173,-117675,4252
07-03 15:00:57.252  1301  1301 W ipacm   : type=1400 audit(0.0:5436076): avc: denied { write } for name="ipacm_log_file" dev="tmpfs" ino=28733 scontext=u:r:ipacm:s0 tcontext=u:object_r:ipacm_socket:s0 tclass=sock_file permissive=0
07-03 15:00:57.252  1301  1301 I chatty  : uid=1001(radio) /system/vendor/bin/ipacm identical 3 lines
07-03 15:00:57.252  1301  1301 W ipacm   : type=1400 audit(0.0:5436080): avc: denied { write } for name="ipacm_log_file" dev="tmpfs" ino=28733 scontext=u:r:ipacm:s0 tcontext=u:object_r:ipacm_socket:s0 tclass=sock_file permissive=0
07-03 15:00:58.182 17072 17167 I BatteryMgr:DataCollectionService: stats => 1688389258182,-169433,4252
07-03 15:00:58.282  1301  1301 W ipacm   : type=1400 audit(0.0:5436178): avc: denied { write } for name="ipacm_log_file" dev="tmpfs" ino=28733 scontext=u:r:ipacm:s0 tcontext=u:object_r:ipacm_socket:s0 tclass=sock_file permissive=0
07-03 15:00:58.282  1301  1301 I chatty  : uid=1001(radio) /system/vendor/bin/ipacm identical 3 lines
07-03 15:00:58.282  1301  1301 W ipacm   : type=1400 audit(0.0:5436182): avc: denied { write } for name="ipacm_log_file" dev="tmpfs" ino=28733 scontext=u:r:ipacm:s0 tcontext=u:object_r:ipacm_socket:s0 tclass=sock_file permissive=0
07-03 15:00:59.192 17072 17167 I BatteryMgr:DataCollectionService: stats => 1688389259192,-169433,4252
07-03 15:00:59.292  1301  1301 W ipacm   : type=1400 audit(0.0:5436199): avc: denied { write } for name="ipacm_log_file" dev="tmpfs" ino=28733 scontext=u:r:ipacm:s0 tcontext=u:object_r:ipacm_socket:s0 tclass=sock_file permissive=0
07-03 15:00:59.292  1301  1301 I chatty  : uid=1001(radio) /system/vendor/bin/ipacm identical 3 lines
07-03 15:00:59.292  1301  1301 W ipacm   : type=1400 audit(0.0:5436203): avc: denied { write } for name="ipacm_log_file" dev="tmpfs" ino=28733 scontext=u:r:ipacm:s0 tcontext=u:object_r:ipacm_socket:s0 tclass=sock_file permissive=0
07-03 15:01:00.011  3613  3613 D KeyguardUpdateMonitor: received broadcast android.intent.action.TIME_TICK
07-03 15:01:00.020  3613  3613 D KeyguardUpdateMonitor: handleTimeUpdate
07-03 15:01:00.200 17072 17167 I BatteryMgr:DataCollectionService: stats => 1688389260200,-117187,4252
07-03 15:01:00.322  1301  1301 W ipacm   : type=1400 audit(0.0:5436271): avc: denied { write } for name="ipacm_log_file" dev="tmpfs" ino=28733 scontext=u:r:ipacm:s0 tcontext=u:object_r:ipacm_socket:s0 tclass=sock_file permissive=0
07-03 15:01:00.322  1301  1301 I chatty  : uid=1001(radio) /system/vendor/bin/ipacm identical 3 lines
07-03 15:01:00.322  1301  1301 W ipacm   : type=1400 audit(0.0:5436275): avc: denied { write } for name="ipacm_log_file" dev="tmpfs" ino=28733 scontext=u:r:ipacm:s0 tcontext=u:object_r:ipacm_socket:s0 tclass=sock_file permissive=0
07-03 15:01:00.829 15666 15777 I Process : Sending signal. PID: 15666 SIG: 9
07-03 15:01:00.875  1631  3711 I ActivityManager: Process com.google.android.videos (pid 15666) has died: cch+35 CEM 
07-03 15:01:00.877   815   815 I Zygote  : Process 15666 exited due to signal 9 (Killed)
07-03 15:01:00.879  1631  1839 I libprocessgroup: Successfully killed process cgroup uid 10193 pid 15666 in 3ms
07-03 15:01:01.212 17072 17167 I BatteryMgr:DataCollectionService: stats => 1688389261211,-245605,4252
07-03 15:01:01.342  1301  1301 W ipacm   : type=1400 audit(0.0:5436331): avc: denied { write } for name="ipacm_log_file" dev="tmpfs" ino=28733 scontext=u:r:ipacm:s0 tcontext=u:object_r:ipacm_socket:s0 tclass=sock_file permissive=0
07-03 15:01:01.342  1301  1301 I chatty  : uid=1001(radio) /system/vendor/bin/ipacm identical 3 lines
07-03 15:01:01.342  1301  1301 W ipacm   : type=1400 audit(0.0:5436335): avc: denied { write } for name="ipacm_log_file" dev="tmpfs" ino=28733 scontext=u:r:ipacm:s0 tcontext=u:object_r:ipacm_socket:s0 tclass=sock_file permissive=0
07-03 15:01:02.223 17072 17167 I BatteryMgr:DataCollectionService: stats => 1688389262223,-245605,4252
07-03 15:01:02.372  1301  1301 W ipacm   : type=1400 audit(0.0:5436394): avc: denied { write } for name="ipacm_log_file" dev="tmpfs" ino=28733 scontext=u:r:ipacm:s0 tcontext=u:object_r:ipacm_socket:s0 tclass=sock_file permissive=0
07-03 15:01:02.372  1301  1301 I chatty  : uid=1001(radio) /system/vendor/bin/ipacm identical 3 lines
07-03 15:01:02.372  1301  1301 W ipacm   : type=1400 audit(0.0:5436398): avc: denied { write } for name="ipacm_log_file" dev="tmpfs" ino=28733 scontext=u:r:ipacm:s0 tcontext=u:object_r:ipacm_socket:s0 tclass=sock_file permissive=0
07-03 15:01:03.233 17072 17167 I BatteryMgr:DataCollectionService: stats => 1688389263233,-127929,4252
07-03 15:01:03.452  1301  1301 W ipacm   : type=1400 audit(0.0:5436430): avc: denied { write } for name="ipacm_log_file" dev="tmpfs" ino=28733 scontext=u:r:ipacm:s0 tcontext=u:object_r:ipacm_socket:s0 tclass=sock_file permissive=0
07-03 15:01:03.452  1301  1301 I chatty  : uid=1001(radio) /system/vendor/bin/ipacm identical 3 lines
07-03 15:01:03.452  1301  1301 W ipacm   : type=1400 audit(0.0:5436434): avc: denied { write } for name="ipacm_log_file" dev="tmpfs" ino=28733 scontext=u:r:ipacm:s0 tcontext=u:object_r:ipacm_socket:s0 tclass=sock_file permissive=0
07-03 15:01:04.244 17072 17167 I BatteryMgr:DataCollectionService: stats => 1688389264243,-173339,4252
07-03 15:01:04.492  1301  1301 W ipacm   : type=1400 audit(0.0:5436551): avc: denied { write } for name="ipacm_log_file" dev="tmpfs" ino=28733 scontext=u:r:ipacm:s0 tcontext=u:object_r:ipacm_socket:s0 tclass=sock_file permissive=0
07-03 15:01:04.492  1301  1301 I chatty  : uid=1001(radio) /system/vendor/bin/ipacm identical 3 lines
07-03 15:01:04.492  1301  1301 W ipacm   : type=1400 audit(0.0:5436555): avc: denied { write } for name="ipacm_log_file" dev="tmpfs" ino=28733 scontext=u:r:ipacm:s0 tcontext=u:object_r:ipacm_socket:s0 tclass=sock_file permissive=0
07-03 15:01:05.256 17072 17167 I BatteryMgr:DataCollectionService: stats => 1688389265256,-173339,4252
07-03 15:01:05.532  1301  1301 W ipacm   : type=1400 audit(0.0:5436690): avc: denied { write } for name="ipacm_log_file" dev="tmpfs" ino=28733 scontext=u:r:ipacm:s0 tcontext=u:object_r:ipacm_socket:s0 tclass=sock_file permissive=0
07-03 15:01:05.532  1301  1301 I chatty  : uid=1001(radio) /system/vendor/bin/ipacm identical 3 lines
07-03 15:01:05.532  1301  1301 W ipacm   : type=1400 audit(0.0:5436694): avc: denied { write } for name="ipacm_log_file" dev="tmpfs" ino=28733 scontext=u:r:ipacm:s0 tcontext=u:object_r:ipacm_socket:s0 tclass=sock_file permissive=0
07-03 15:01:06.265 17072 17167 I BatteryMgr:DataCollectionService: stats => 1688389266265,-124999,4252
07-03 15:01:07.072  1301  1301 W ipacm   : type=1400 audit(0.0:5436747): avc: denied { write } for name="ipacm_log_file" dev="tmpfs" ino=28733 scontext=u:r:ipacm:s0 tcontext=u:object_r:ipacm_socket:s0 tclass=sock_file permissive=0
07-03 15:01:07.072  1301  1301 I chatty  : uid=1001(radio) /system/vendor/bin/ipacm identical 3 lines
07-03 15:01:07.072  1301  1301 W ipacm   : type=1400 audit(0.0:5436751): avc: denied { write } for name="ipacm_log_file" dev="tmpfs" ino=28733 scontext=u:r:ipacm:s0 tcontext=u:object_r:ipacm_socket:s0 tclass=sock_file permissive=0
07-03 15:01:07.275 17072 17167 I BatteryMgr:DataCollectionService: stats => 1688389267274,-115722,4252
07-03 15:01:08.102  1301  1301 W ipacm   : type=1400 audit(0.0:5436771): avc: denied { write } for name="ipacm_log_file" dev="tmpfs" ino=28733 scontext=u:r:ipacm:s0 tcontext=u:object_r:ipacm_socket:s0 tclass=sock_file permissive=0
07-03 15:01:08.202  1301  1301 I chatty  : uid=1001(radio) /system/vendor/bin/ipacm identical 3 lines
07-03 15:01:08.202  1301  1301 W ipacm   : type=1400 audit(0.0:5436775): avc: denied { write } for name="ipacm_log_file" dev="tmpfs" ino=28733 scontext=u:r:ipacm:s0 tcontext=u:object_r:ipacm_socket:s0 tclass=sock_file permissive=0
07-03 15:01:08.284 17072 17167 I BatteryMgr:DataCollectionService: stats => 1688389268283,-115722,4252
07-03 15:01:09.232  1301  1301 W ipacm   : type=1400 audit(0.0:5436867): avc: denied { write } for name="ipacm_log_file" dev="tmpfs" ino=28733 scontext=u:r:ipacm:s0 tcontext=u:object_r:ipacm_socket:s0 tclass=sock_file permissive=0
07-03 15:01:09.232  1301  1301 I chatty  : uid=1001(radio) /system/vendor/bin/ipacm identical 3 lines
07-03 15:01:09.232  1301  1301 W ipacm   : type=1400 audit(0.0:5436871): avc: denied { write } for name="ipacm_log_file" dev="tmpfs" ino=28733 scontext=u:r:ipacm:s0 tcontext=u:object_r:ipacm_socket:s0 tclass=sock_file permissive=0
07-03 15:01:09.293 17072 17167 I BatteryMgr:DataCollectionService: stats => 1688389269293,-194335,4252
07-03 15:01:10.303 17072 17167 I BatteryMgr:DataCollectionService: stats => 1688389270303,-130371,4252
07-03 15:01:10.452  1301  1301 W ipacm   : type=1400 audit(0.0:5436948): avc: denied { write } for name="ipacm_log_file" dev="tmpfs" ino=28733 scontext=u:r:ipacm:s0 tcontext=u:object_r:ipacm_socket:s0 tclass=sock_file permissive=0
07-03 15:01:10.492  1301  1301 I chatty  : uid=1001(radio) /system/vendor/bin/ipacm identical 3 lines
07-03 15:01:10.492  1301  1301 W ipacm   : type=1400 audit(0.0:5436952): avc: denied { write } for name="ipacm_log_file" dev="tmpfs" ino=28733 scontext=u:r:ipacm:s0 tcontext=u:object_r:ipacm_socket:s0 tclass=sock_file permissive=0
07-03 15:01:10.699 15749 15823 I Finsky  : [5125] nlb.run(33): Stats for Executor: BlockingExecutor nls@5304bb7[Running, pool size = 0, active threads = 0, queued tasks = 0, completed tasks = 18]
07-03 15:01:10.700 15749 15823 I Finsky  : [5125] nlb.run(33): Stats for Executor: LightweightExecutor nls@32c2f24[Running, pool size = 4, active threads = 0, queued tasks = 0, completed tasks = 92]
07-03 15:01:10.854 15749 15823 I Finsky  : [5125] nlb.run(33): Stats for Executor: bgExecutor nls@a053a8d[Running, pool size = 4, active threads = 0, queued tasks = 0, completed tasks = 131]
07-03 15:01:11.312 17072 17167 I BatteryMgr:DataCollectionService: stats => 1688389271312,-126953,4252
07-03 15:01:11.532  1301  1301 W ipacm   : type=1400 audit(0.0:5437100): avc: denied { write } for name="ipacm_log_file" dev="tmpfs" ino=28733 scontext=u:r:ipacm:s0 tcontext=u:object_r:ipacm_socket:s0 tclass=sock_file permissive=0
07-03 15:01:11.532  1301  1301 I chatty  : uid=1001(radio) /system/vendor/bin/ipacm identical 3 lines
07-03 15:01:11.532  1301  1301 W ipacm   : type=1400 audit(0.0:5437104): avc: denied { write } for name="ipacm_log_file" dev="tmpfs" ino=28733 scontext=u:r:ipacm:s0 tcontext=u:object_r:ipacm_socket:s0 tclass=sock_file permissive=0
07-03 15:01:11.631 15960 15981 I Finsky:background: [5135] nlb.run(33): Stats for Executor: bgExecutor nls@17c5b00[Running, pool size = 0, active threads = 0, queued tasks = 0, completed tasks = 0]
07-03 15:01:11.633 15960 15981 I Finsky:background: [5135] nlb.run(33): Stats for Executor: LightweightExecutor nls@7acef39[Running, pool size = 0, active threads = 0, queued tasks = 0, completed tasks = 0]
07-03 15:01:11.827 15960 15981 I Finsky:background: [5135] nlb.run(33): Stats for Executor: BlockingExecutor nls@49b697e[Running, pool size = 0, active threads = 0, queued tasks = 0, completed tasks = 0]
07-03 15:01:12.321 17072 17167 I BatteryMgr:DataCollectionService: stats => 1688389272320,-126953,4252
07-03 15:01:12.572  1301  1301 W ipacm   : type=1400 audit(0.0:5437148): avc: denied { write } for name="ipacm_log_file" dev="tmpfs" ino=28733 scontext=u:r:ipacm:s0 tcontext=u:object_r:ipacm_socket:s0 tclass=sock_file permissive=0
07-03 15:01:12.572  1301  1301 I chatty  : uid=1001(radio) /system/vendor/bin/ipacm identical 3 lines
07-03 15:01:12.572  1301  1301 W ipacm   : type=1400 audit(0.0:5437152): avc: denied { write } for name="ipacm_log_file" dev="tmpfs" ino=28733 scontext=u:r:ipacm:s0 tcontext=u:object_r:ipacm_socket:s0 tclass=sock_file permissive=0
07-03 15:01:13.331 17072 17167 I BatteryMgr:DataCollectionService: stats => 1688389273331,-205566,4252
07-03 15:01:13.932  1301  1301 W ipacm   : type=1400 audit(0.0:5437265): avc: denied { write } for name="ipacm_log_file" dev="tmpfs" ino=28733 scontext=u:r:ipacm:s0 tcontext=u:object_r:ipacm_socket:s0 tclass=sock_file permissive=0
07-03 15:01:13.932  1301  1301 I chatty  : uid=1001(radio) /system/vendor/bin/ipacm identical 3 lines
07-03 15:01:13.932  1301  1301 W ipacm   : type=1400 audit(0.0:5437269): avc: denied { write } for name="ipacm_log_file" dev="tmpfs" ino=28733 scontext=u:r:ipacm:s0 tcontext=u:object_r:ipacm_socket:s0 tclass=sock_file permissive=0
07-03 15:01:14.341 17072 17167 I BatteryMgr:DataCollectionService: stats => 1688389274341,-162597,4252
07-03 15:01:14.952  1301  1301 W ipacm   : type=1400 audit(0.0:5437346): avc: denied { write } for name="ipacm_log_file" dev="tmpfs" ino=28733 scontext=u:r:ipacm:s0 tcontext=u:object_r:ipacm_socket:s0 tclass=sock_file permissive=0
07-03 15:01:14.962  1301  1301 I chatty  : uid=1001(radio) /system/vendor/bin/ipacm identical 3 lines
07-03 15:01:14.962  1301  1301 W ipacm   : type=1400 audit(0.0:5437350): avc: denied { write } for name="ipacm_log_file" dev="tmpfs" ino=28733 scontext=u:r:ipacm:s0 tcontext=u:object_r:ipacm_socket:s0 tclass=sock_file permissive=0
07-03 15:01:15.352 17072 17167 I BatteryMgr:DataCollectionService: stats => 1688389275352,-162597,4252
07-03 15:01:16.252  1301  1301 W ipacm   : type=1400 audit(0.0:5437394): avc: denied { write } for name="ipacm_log_file" dev="tmpfs" ino=28733 scontext=u:r:ipacm:s0 tcontext=u:object_r:ipacm_socket:s0 tclass=sock_file permissive=0
07-03 15:01:16.252  1301  1301 I chatty  : uid=1001(radio) /system/vendor/bin/ipacm identical 3 lines
07-03 15:01:16.252  1301  1301 W ipacm   : type=1400 audit(0.0:5437398): avc: denied { write } for name="ipacm_log_file" dev="tmpfs" ino=28733 scontext=u:r:ipacm:s0 tcontext=u:object_r:ipacm_socket:s0 tclass=sock_file permissive=0
07-03 15:01:16.368 17072 17167 I BatteryMgr:DataCollectionService: stats => 1688389276368,-138183,4252
07-03 15:01:17.312  1301  1301 W ipacm   : type=1400 audit(0.0:5437469): avc: denied { write } for name="ipacm_log_file" dev="tmpfs" ino=28733 scontext=u:r:ipacm:s0 tcontext=u:object_r:ipacm_socket:s0 tclass=sock_file permissive=0
07-03 15:01:17.312  1301  1301 I chatty  : uid=1001(radio) /system/vendor/bin/ipacm identical 3 lines
07-03 15:01:17.312  1301  1301 W ipacm   : type=1400 audit(0.0:5437473): avc: denied { write } for name="ipacm_log_file" dev="tmpfs" ino=28733 scontext=u:r:ipacm:s0 tcontext=u:object_r:ipacm_socket:s0 tclass=sock_file permissive=0
07-03 15:01:17.380 17072 17167 I BatteryMgr:DataCollectionService: stats => 1688389277380,-173828,4252
07-03 15:01:18.391 17072 17167 I BatteryMgr:DataCollectionService: stats => 1688389278390,-173828,4252
07-03 15:01:18.652  1301  1301 W ipacm   : type=1400 audit(0.0:5437549): avc: denied { write } for name="ipacm_log_file" dev="tmpfs" ino=28733 scontext=u:r:ipacm:s0 tcontext=u:object_r:ipacm_socket:s0 tclass=sock_file permissive=0
07-03 15:01:18.652  1301  1301 I chatty  : uid=1001(radio) /system/vendor/bin/ipacm identical 3 lines
07-03 15:01:18.652  1301  1301 W ipacm   : type=1400 audit(0.0:5437553): avc: denied { write } for name="ipacm_log_file" dev="tmpfs" ino=28733 scontext=u:r:ipacm:s0 tcontext=u:object_r:ipacm_socket:s0 tclass=sock_file permissive=0
07-03 15:01:19.401 17072 17167 I BatteryMgr:DataCollectionService: stats => 1688389279401,-129394,4252
07-03 15:01:19.662  1301  1301 W ipacm   : type=1400 audit(0.0:5437597): avc: denied { write } for name="ipacm_log_file" dev="tmpfs" ino=28733 scontext=u:r:ipacm:s0 tcontext=u:object_r:ipacm_socket:s0 tclass=sock_file permissive=0
07-03 15:01:19.662  1301  1301 I chatty  : uid=1001(radio) /system/vendor/bin/ipacm identical 3 lines
07-03 15:01:19.662  1301  1301 W ipacm   : type=1400 audit(0.0:5437601): avc: denied { write } for name="ipacm_log_file" dev="tmpfs" ino=28733 scontext=u:r:ipacm:s0 tcontext=u:object_r:ipacm_socket:s0 tclass=sock_file permissive=0
07-03 15:01:20.119 17194 17196 I cmd     : oneway function results will be dropped but finished with status OK and parcel size 4
07-03 15:01:20.534  1631 10598 I ActivityManager: Force stopping e.www.gpstest appid=10220 user=0: from pid 17210
07-03 15:01:20.535  1631 10598 I ActivityManager: Killing 17118:e.www.gpstest/u0a220 (adj 0): stop e.www.gpstest due to from pid 17210
07-03 15:01:20.537  1631 10598 W ActivityTaskManager: Force removing ActivityRecord{fc3e351 u0 e.www.gpstest/.MainActivity t424 f}}: app died, no saved state
07-03 15:01:20.554  1631  2166 W InputDispatcher: channel 'eaabc68 e.www.gpstest/e.www.gpstest.MainActivity (server)' ~ Consumer closed input channel or an error occurred.  events=0x9
07-03 15:01:20.554  1631  2166 E InputDispatcher: channel 'eaabc68 e.www.gpstest/e.www.gpstest.MainActivity (server)' ~ Channel is unrecoverably broken and will be disposed!
07-03 15:01:20.556   815   815 I Zygote  : Process 17118 exited due to signal 9 (Killed)
07-03 15:01:20.560  1631 10598 W InputDispatcher: Attempted to unregister already unregistered input channel 'eaabc68 e.www.gpstest/e.www.gpstest.MainActivity (server)'
07-03 15:01:20.577  1631  1839 I libprocessgroup: Successfully killed process cgroup uid 10220 pid 17118 in 41ms
07-03 15:01:20.580  1631  4891 W WindowManager: Failed looking up window session=Session{70e7105 17118:u0a10220} callers=com.android.server.wm.WindowManagerService.windowForClientLocked:5467 com.android.server.wm.WindowState$DeathRecipient.binderDied:2818 android.os.IBinder$DeathRecipient.binderDied:305 
07-03 15:01:20.580  1631  4891 I WindowManager: WIN DEATH: null
07-03 15:01:20.588 17210 17212 I cmd     : oneway function results will be dropped but finished with status OK and parcel size 4
07-03 15:01:20.594  1631  1821 W ActivityManager: setHasOverlayUi called on unknown pid: 17118
07-03 15:01:20.595  4072  4072 E PhoneInterfaceManager: [PhoneIntfMgr] getCarrierPackageNamesForIntentAndPhone: No UICC
07-03 15:01:20.596  4072  4072 D CarrierSvcBindHelper: No carrier app for: 0
07-03 15:01:20.603  4072  4072 E PhoneInterfaceManager: [PhoneIntfMgr] getCarrierPackageNamesForIntentAndPhone: No UICC
07-03 15:01:20.603  4072  4072 D CarrierSvcBindHelper: No carrier app for: 1
07-03 15:01:20.611 17072 17072 V Activity: mLastPackageName-com.example.batterymanager_utility.MainActivity
07-03 15:01:20.628  4847  4847 D RegisteredServicesCache: Others service enabled : ComponentInfo{com.google.android.gms/com.google.android.gms.nearby.mediums.nearfieldcommunication.NfcAdvertisingService}
07-03 15:01:20.628  4847  4847 D RegisteredServicesCache: Others service enabled : ComponentInfo{com.google.android.gms/com.google.android.gms.pay.hce.service.PayHceService}
07-03 15:01:20.628  4847  4847 D RegisteredServicesCache: Others service enabled : ComponentInfo{com.google.android.gms/com.google.android.gms.tapandpay.hce.service.TpHceService}
07-03 15:01:20.629  4847  4847 D RegisteredServicesCache: Others service enabled : ComponentInfo{com.google.android.gms/com.google.android.gms.dck.service.DckNfcApduService}
07-03 15:01:20.635  4847  4847 D AidRoutingManager: Default: 0, aid size: 314
07-03 15:01:20.635  4847  4847 D AidRoutingManager: Default: 2, aid size: 0
07-03 15:01:20.635  4847  4847 D AidRoutingManager: Default: 3, aid size: 0
07-03 15:01:20.635  4847  4847 D AidRoutingManager: Default: 0, aid expected size: 0
07-03 15:01:20.635  4847  4847 D AidRoutingManager: Default: 2, aid expected size: 314
07-03 15:01:20.635  4847  4847 D AidRoutingManager: Default: 3, aid expected size: 314
07-03 15:01:20.639  4847  4847 D RegisteredNfcFServicesCache: Service unchanged, not updating
07-03 15:01:20.661 17072 17072 D PureDisplay: package-com.example.batterymanager_utility DYNAMIC_ORIGINAL_MODE open
07-03 15:01:20.664 23581 23581 D PureDisplay: PureDisplayModeChangeReceiver,hdrMode=1
07-03 15:01:20.668 23581 23581 I android_os_HwBinder: HwBinder: Starting thread pool for getting: vendor.pixelworks.hardware.display@1.0::IIris/default
07-03 15:01:20.669   872   942 I IrisService: irisConfigureSet(258, 1, 1)
07-03 15:01:20.670 23581 23581 D PureDisplay: --setIrisDisplayHdrMode- mode =1--result = 0
07-03 15:01:20.670 23581 23581 D PureDisplay: PureDisplayModeChangeReceiver,pureDisplayMode=1
07-03 15:01:20.671 23581 23581 D PureDisplay: isDeviceProvisioned=true
07-03 15:01:20.671 23581 23581 D PureDisplay: isUserSetuped=true
07-03 15:01:20.671 23581 23581 D PureDisplay: setOriginalModeEnable()
07-03 15:01:20.673 23581 23581 I android_os_HwBinder: HwBinder: Starting thread pool for getting: vendor.pixelworks.hardware.display@1.0::IIris/default
07-03 15:01:20.674   872   942 I IrisService: irisConfigureSet(0, 1, 0)
07-03 15:01:20.707 23581 23581 I android_os_HwBinder: HwBinder: Starting thread pool for getting: vendor.pixelworks.hardware.display@1.0::IIris/default
07-03 15:01:20.708   872  9769 I IrisService: irisConfigureSet(41, 1, 0)
07-03 15:01:20.711 23581 23581 I android_os_HwBinder: HwBinder: Starting thread pool for getting: vendor.pixelworks.hardware.display@1.0::IIris/default
07-03 15:01:20.712   872   942 I IrisService: irisConfigureSet(42, 1, 0)
07-03 15:01:20.724 23581 23581 I android_os_HwBinder: HwBinder: Starting thread pool for getting: vendor.pixelworks.hardware.display@1.0::IIris/default
07-03 15:01:20.725   872  9769 I IrisService: irisConfigureSet(40, 1, 0)
07-03 15:01:20.754 30292 30292 I GoogleInputMethodService: GoogleInputMethodService.onFinishInput():3306 
07-03 15:01:20.756 30292 30292 I GoogleInputMethodService: GoogleInputMethodService.updateDeviceLockedStatus():2127 repeatCheckTimes = 0, locked = false
07-03 15:01:20.758 30292 30292 I GoogleInputMethodService: GoogleInputMethodService.onStartInput():1909 onStartInput(EditorInfo{inputType=0x0(NULL) imeOptions=0x0 privateImeOptions=null actionName=UNSPECIFIED actionLabel=null actionId=0 initialSelStart=-1 initialSelEnd=-1 initialCapsMode=0x0 hintText=null label=null packageName=com.example.batterymanager_utility fieldId=-1 fieldName=null extras=null hintLocales=[]}, false)
07-03 15:01:20.758 30292 30292 I GoogleInputMethodService: GoogleInputMethodService.shouldHideHeaderOnInitialState():1990 ShouldHideHeaderOnInitialState = false
07-03 15:01:20.759 30292 30292 I GoogleInputMethodService: GoogleInputMethodService.updateDeviceLockedStatus():2127 repeatCheckTimes = 1, locked = false
07-03 15:01:20.760 23581 23581 I android_os_HwBinder: HwBinder: Starting thread pool for getting: vendor.pixelworks.hardware.display@1.0::IIris/default
07-03 15:01:20.762   872  9769 I IrisService: irisConfigureSet(36, 1, 0)
07-03 15:01:20.782  1301  1301 W ipacm   : type=1400 audit(0.0:5437684): avc: denied { write } for name="ipacm_log_file" dev="tmpfs" ino=28733 scontext=u:r:ipacm:s0 tcontext=u:object_r:ipacm_socket:s0 tclass=sock_file permissive=0
07-03 15:01:20.782  1301  1301 I chatty  : uid=1001(radio) /system/vendor/bin/ipacm identical 3 lines
07-03 15:01:20.782  1301  1301 W ipacm   : type=1400 audit(0.0:5437688): avc: denied { write } for name="ipacm_log_file" dev="tmpfs" ino=28733 scontext=u:r:ipacm:s0 tcontext=u:object_r:ipacm_socket:s0 tclass=sock_file permissive=0
07-03 15:01:20.788 23581 23581 D PureDisplay: getWhiteBalanceAutoMode()0
07-03 15:01:20.793 23581 23581 I android_os_HwBinder: HwBinder: Starting thread pool for getting: vendor.pixelworks.hardware.display@1.0::IIris/default
07-03 15:01:20.793   872   942 I IrisService: irisConfigureSet(39, 1, 1)
07-03 15:01:20.825 23581 23581 I android_os_HwBinder: HwBinder: Starting thread pool for getting: vendor.pixelworks.hardware.display@1.0::IIris/default
07-03 15:01:20.826   872   942 I IrisService: irisConfigureSet(264, 1, 0)
07-03 15:01:20.826 23581 23581 D PureDisplay: PureDisplayModeChangeReceiver,lastclass=com.example.batterymanager_utility.MainActivity
07-03 15:01:20.829 23581 23581 D PureDisplay: PureDisplayModeChangeReceiver,lastpackage=com.example.batterymanager_utility
07-03 15:01:20.831 23581 23581 D PureDisplay: PureDisplayModeChangeReceiver,lastpackage_resume=1
07-03 15:01:21.852  1301  1301 W ipacm   : type=1400 audit(0.0:5437750): avc: denied { write } for name="ipacm_log_file" dev="tmpfs" ino=28733 scontext=u:r:ipacm:s0 tcontext=u:object_r:ipacm_socket:s0 tclass=sock_file permissive=0
07-03 15:01:24.012  1301  1301 I chatty  : uid=1001(radio) /system/vendor/bin/ipacm identical 11 lines
07-03 15:01:24.012  1301  1301 W ipacm   : type=1400 audit(0.0:5437908): avc: denied { write } for name="ipacm_log_file" dev="tmpfs" ino=28733 scontext=u:r:ipacm:s0 tcontext=u:object_r:ipacm_socket:s0 tclass=sock_file permissive=0
07-03 15:01:24.026  1631  3708 I ActivityManager: Force stopping com.example.batterymanager_utility appid=10200 user=0: from pid 17220
07-03 15:01:24.027  1631  3708 I ActivityManager: Killing 17072:com.example.batterymanager_utility/u0a200 (adj 0): stop com.example.batterymanager_utility due to from pid 17220
07-03 15:01:24.029  1631  3708 W ActivityTaskManager: Force removing ActivityRecord{26a48d2 u0 com.example.batterymanager_utility/.MainActivity t423 f}}: app died, no saved state
07-03 15:01:24.069   815   815 I Zygote  : Process 17072 exited due to signal 9 (Killed)
07-03 15:01:24.074  1631  1839 I libprocessgroup: Successfully killed process cgroup uid 10200 pid 17072 in 46ms
07-03 15:01:24.081  4072  4072 E PhoneInterfaceManager: [PhoneIntfMgr] getCarrierPackageNamesForIntentAndPhone: No UICC
07-03 15:01:24.081  4072  4072 D CarrierSvcBindHelper: No carrier app for: 0
07-03 15:01:24.082  4072  4072 E PhoneInterfaceManager: [PhoneIntfMgr] getCarrierPackageNamesForIntentAndPhone: No UICC
07-03 15:01:24.082  4072  4072 D CarrierSvcBindHelper: No carrier app for: 1
07-03 15:01:24.087  1631  3771 E ANDR-PERF-JNI: UXEngine Trigger - Returning null
07-03 15:01:24.092  1301  1301 W ipacm   : type=1400 audit(0.0:5437909): avc: denied { write } for name="ipacm_log_file" dev="tmpfs" ino=28733 scontext=u:r:ipacm:s0 tcontext=u:object_r:ipacm_socket:s0 tclass=sock_file permissive=0
07-03 15:01:24.092  1301  1301 W ipacm   : type=1400 audit(0.0:5437910): avc: denied { write } for name="ipacm_log_file" dev="tmpfs" ino=28733 scontext=u:r:ipacm:s0 tcontext=u:object_r:ipacm_socket:s0 tclass=sock_file permissive=0
07-03 15:01:24.094 29915 29915 I A       : onStart
07-03 15:01:24.103  1631  1821 W ActivityManager: setHasOverlayUi called on unknown pid: 17072
07-03 15:01:24.111  1631  3708 D CompatibilityInfo: mCompatibilityFlags - 0
07-03 15:01:24.111  1631  3708 D CompatibilityInfo: applicationDensity - 420
07-03 15:01:24.111  1631  3708 D CompatibilityInfo: applicationScale - 1.0
07-03 15:01:24.114 20281 20281 D BoundBrokerSvc: onBind: Intent { act=com.google.android.gms.inappreach.service.START dat=chimera-action: cmp=com.google.android.gms/.chimera.GmsApiService }
07-03 15:01:24.114 20281 20281 D BoundBrokerSvc: Loading bound service for intent: Intent { act=com.google.android.gms.inappreach.service.START dat=chimera-action: cmp=com.google.android.gms/.chimera.GmsApiService }
07-03 15:01:24.121  4847  4847 D RegisteredServicesCache: Others service enabled : ComponentInfo{com.google.android.gms/com.google.android.gms.nearby.mediums.nearfieldcommunication.NfcAdvertisingService}
07-03 15:01:24.121  4847  4847 D RegisteredServicesCache: Others service enabled : ComponentInfo{com.google.android.gms/com.google.android.gms.pay.hce.service.PayHceService}
07-03 15:01:24.121  4847  4847 D RegisteredServicesCache: Others service enabled : ComponentInfo{com.google.android.gms/com.google.android.gms.tapandpay.hce.service.TpHceService}
07-03 15:01:24.121  4847  4847 D RegisteredServicesCache: Others service enabled : ComponentInfo{com.google.android.gms/com.google.android.gms.dck.service.DckNfcApduService}
07-03 15:01:24.124  4847  4847 D AidRoutingManager: Default: 0, aid size: 314
07-03 15:01:24.124  4847  4847 D AidRoutingManager: Default: 2, aid size: 0
07-03 15:01:24.124  4847  4847 D AidRoutingManager: Default: 3, aid size: 0
07-03 15:01:24.124  4847  4847 D AidRoutingManager: Default: 0, aid expected size: 0
07-03 15:01:24.124  4847  4847 D AidRoutingManager: Default: 2, aid expected size: 314
07-03 15:01:24.124  4847  4847 D AidRoutingManager: Default: 3, aid expected size: 314
07-03 15:01:24.126  4847  4847 D RegisteredNfcFServicesCache: Service unchanged, not updating
07-03 15:01:24.136 24565 24565 D PureDisplay: package-com.android.launcher3 DYNAMIC_ORIGINAL_MODE open
07-03 15:01:24.138 23581 23581 D PureDisplay: PureDisplayModeChangeReceiver,hdrMode=1
07-03 15:01:24.139 29915 29915 I A       : onResume
07-03 15:01:24.142 29950 29950 I HdmBroadcastRecvUpd: (REDACTED) received broadcast: %s
07-03 15:01:24.142 29950 30071 I HdmHotwordRequestListen: (REDACTED) received broadcast: %s
07-03 15:01:24.142 29950 30071 I SodaTriggeringFrontend: (REDACTED) #onConfigUpdate. requester: %s
07-03 15:01:24.143 29950 30071 I SodaTriggeringFrontend: #onConfigUpdate inside sequencer
07-03 15:01:24.143 29950 30071 I A       : (REDACTED) Voice Match (Speaker-id) supported : %b 
07-03 15:01:24.143 29950 30071 I A       : (REDACTED) hotword enrollment state is enrolled:  %b, speakerId model exist: %b. Voice Match supported : %b 
07-03 15:01:24.143 29950 30071 I A       : (REDACTED) isHotwordAvailable():  %b, isHotwordEnabled() %b 
07-03 15:01:24.143 29950 30071 I A       : (REDACTED) isHotwordAvailable():  %b, isHotwordEnabled() %b 
07-03 15:01:24.143 29950 30071 I A       : (REDACTED) Hotword enrollment state : %s.
07-03 15:01:24.143 29950 30071 I A       : (REDACTED) Voice Match (Speaker-id) supported : %b 
07-03 15:01:24.143 29950 30071 I A       : (REDACTED) Voice Match (Speaker-id) supported : %b 
07-03 15:01:24.143 29950 30071 I A       : (REDACTED) hotword enrollment state is enrolled:  %b, speakerId model exist: %b, voice match supported : %b
07-03 15:01:24.143 29950 30071 I A       : (REDACTED) Hotword isNonVoiceMatchHotwordEnabled: %b, isHotwordAvailable : %b, isHotwordEnabled : %b, isVoiceMatchSupported: %b, isHotwordEnrolled: %b.
07-03 15:01:24.143 29950 30071 I SodaTriggeringFrontend: (REDACTED) Ignore the legacy hotword request. voice match enabled %b, isHotwordSupported %b, isIncompleteEnrollmentState %b, nonVoiceMatchHotwordEnabled %b
07-03 15:01:24.147 23581 23581 I android_os_HwBinder: HwBinder: Starting thread pool for getting: vendor.pixelworks.hardware.display@1.0::IIris/default
07-03 15:01:24.148   872   942 I IrisService: irisConfigureSet(258, 1, 1)
07-03 15:01:24.148 23581 23581 D PureDisplay: --setIrisDisplayHdrMode- mode =1--result = 0
07-03 15:01:24.148 23581 23581 D PureDisplay: PureDisplayModeChangeReceiver,pureDisplayMode=1
07-03 15:01:24.150 23581 23581 D PureDisplay: isDeviceProvisioned=true
07-03 15:01:24.150 23581 23581 D PureDisplay: isUserSetuped=true
07-03 15:01:24.150 23581 23581 D PureDisplay: setOriginalModeEnable()
07-03 15:01:24.152 23581 23581 I android_os_HwBinder: HwBinder: Starting thread pool for getting: vendor.pixelworks.hardware.display@1.0::IIris/default
07-03 15:01:24.152   872   942 I IrisService: irisConfigureSet(0, 1, 0)
07-03 15:01:24.175  5352  5352 D PredictionService: onRequestPredictionUpdate
07-03 15:01:24.176  5352  5352 D PredictionService: update predictions
07-03 15:01:24.189 23581 23581 I android_os_HwBinder: HwBinder: Starting thread pool for getting: vendor.pixelworks.hardware.display@1.0::IIris/default
07-03 15:01:24.189   872   942 I IrisService: irisConfigureSet(41, 1, 0)
07-03 15:01:24.192 23581 23581 I android_os_HwBinder: HwBinder: Starting thread pool for getting: vendor.pixelworks.hardware.display@1.0::IIris/default
07-03 15:01:24.192   872   942 I IrisService: irisConfigureSet(42, 1, 0)
07-03 15:01:24.197 23581 23581 I android_os_HwBinder: HwBinder: Starting thread pool for getting: vendor.pixelworks.hardware.display@1.0::IIris/default
07-03 15:01:24.197   872   942 I IrisService: irisConfigureSet(40, 1, 0)
07-03 15:01:24.198 30292 30292 I GoogleInputMethodService: GoogleInputMethodService.onFinishInput():3306 
07-03 15:01:24.199 30292 30292 I GoogleInputMethodService: GoogleInputMethodService.updateDeviceLockedStatus():2127 repeatCheckTimes = 0, locked = false
07-03 15:01:24.199 30292 30292 I GoogleInputMethodService: GoogleInputMethodService.onStartInput():1909 onStartInput(EditorInfo{inputType=0x0(NULL) imeOptions=0x0 privateImeOptions=null actionName=UNSPECIFIED actionLabel=null actionId=0 initialSelStart=-1 initialSelEnd=-1 initialCapsMode=0x0 hintText=null label=null packageName=com.android.launcher3 fieldId=-1 fieldName=null extras=null hintLocales=[]}, false)
07-03 15:01:24.199 30292 30292 I GoogleInputMethodService: GoogleInputMethodService.shouldHideHeaderOnInitialState():1990 ShouldHideHeaderOnInitialState = false
07-03 15:01:24.199 30292 30292 I GoogleInputMethodService: GoogleInputMethodService.updateDeviceLockedStatus():2127 repeatCheckTimes = 1, locked = false
07-03 15:01:24.223 23581 23581 I android_os_HwBinder: HwBinder: Starting thread pool for getting: vendor.pixelworks.hardware.display@1.0::IIris/default
07-03 15:01:24.225   872   942 I IrisService: irisConfigureSet(36, 1, 0)
07-03 15:01:24.255 23581 23581 D PureDisplay: getWhiteBalanceAutoMode()0
07-03 15:01:24.263 23581 23581 I android_os_HwBinder: HwBinder: Starting thread pool for getting: vendor.pixelworks.hardware.display@1.0::IIris/default
07-03 15:01:24.264   872   942 I IrisService: irisConfigureSet(39, 1, 1)
07-03 15:01:24.293 23581 23581 I android_os_HwBinder: HwBinder: Starting thread pool for getting: vendor.pixelworks.hardware.display@1.0::IIris/default
07-03 15:01:24.294   872  9769 I IrisService: irisConfigureSet(264, 1, 0)
07-03 15:01:25.292  1301  1301 W ipacm   : type=1400 audit(0.0:5438014): avc: denied { write } for name="ipacm_log_file" dev="tmpfs" ino=28733 scontext=u:r:ipacm:s0 tcontext=u:object_r:ipacm_socket:s0 tclass=sock_file permissive=0
