--------- beginning of system
07-10 13:10:25.516   762 21139 I ActivityManager: START u0 {act=android.intent.action.MAIN cat=[android.intent.category.LAUNCHER] flg=0x10000000 cmp=com.example.batterymanager_utility/.MainActivity} from uid 2000
07-10 13:10:25.553   762  3174 I ActivityManager: Start proc 29558:com.example.batterymanager_utility/u0a111 for activity com.example.batterymanager_utility/.MainActivity
--------- beginning of main
07-10 13:10:25.554 29558 29558 I zygote64: Late-enabling -Xcheck:jni
07-10 13:10:25.589  3183 29399 V ClearcutMetricXmitter: Transmission is done.
07-10 13:10:25.648  3081  3081 I GsaVoiceInteractionSrv: Handling ACTION_STOP_HOTWORD
07-10 13:10:25.689 29558 29558 I BatteryMgr:App: creating notification channel
07-10 13:10:25.765 29558 29576 D OpenGLRenderer: HWUI GL Pipeline
07-10 13:10:25.929 29563 29563 D AndroidRuntime: >>>>>> START com.android.internal.os.RuntimeInit uid 2000 <<<<<<
07-10 13:10:25.936 29558 29558 W zygote64: Class androidx.compose.runtime.snapshots.SnapshotStateList failed lock verification and will run slower.
07-10 13:10:25.936 29558 29558 W zygote64: Common causes for lock verification issues are non-optimized dex code
07-10 13:10:25.936 29558 29558 W zygote64: and incorrect proguard optimizations.
07-10 13:10:26.041 29563 29563 D ICU     : Timezone override file found: /data/misc/zoneinfo/current/icu/icu_tzdata.dat
07-10 13:10:26.047 29558 29565 I zygote64: Do partial code cache collection, code=30KB, data=20KB
07-10 13:10:26.047 29558 29565 I zygote64: After code cache collection, code=30KB, data=20KB
07-10 13:10:26.047 29558 29565 I zygote64: Increasing code cache capacity to 128KB
07-10 13:10:26.059 29563 29563 I app_process: The ClassLoaderContext is a special shared library.
07-10 13:10:26.096 29563 29563 D AndroidRuntime: Calling main entry com.android.commands.monkey.Monkey
07-10 13:10:26.102 29563 29563 W Monkey  : args: [-p, e.www.cpufactorialtest, 1]
07-10 13:10:26.103 29563 29563 W Monkey  :  arg: "-p"
07-10 13:10:26.103 29563 29563 W Monkey  :  arg: "e.www.cpufactorialtest"
07-10 13:10:26.103 29563 29563 W Monkey  :  arg: "1"
07-10 13:10:26.104 29563 29563 W Monkey  : data="e.www.cpufactorialtest"
07-10 13:10:26.129   762   777 W BroadcastQueue: Skipping deliver [background] BroadcastRecord{c6106a0 u-1 android.net.conn.CONNECTIVITY_CHANGE} to ReceiverList{514c259 29563 (unknown name)/2000/u-1 remote:525ad5d}: process gone or crashing
07-10 13:10:26.151   762   773 I ActivityManager: START u0 {act=android.intent.action.MAIN cat=[android.intent.category.LAUNCHER] flg=0x10200000 cmp=e.www.cpufactorialtest/.MainActivity} from uid 2000
07-10 13:10:26.151   762   773 W Binder  : Outgoing transactions from this process must be FLAG_ONEWAY
07-10 13:10:26.151   762   773 W Binder  : java.lang.Throwable
07-10 13:10:26.151   762   773 W Binder  : 	at android.os.BinderProxy.transact(Binder.java:752)
07-10 13:10:26.151   762   773 W Binder  : 	at android.app.IActivityController$Stub$Proxy.activityStarting(IActivityController.java:172)
07-10 13:10:26.151   762   773 W Binder  : 	at com.android.server.am.ActivityStarter.startActivity(ActivityStarter.java:449)
07-10 13:10:26.151   762   773 W Binder  : 	at com.android.server.am.ActivityStarter.startActivityLocked(ActivityStarter.java:278)
07-10 13:10:26.151   762   773 W Binder  : 	at com.android.server.am.ActivityStarter.startActivityMayWait(ActivityStarter.java:817)
07-10 13:10:26.151   762   773 W Binder  : 	at com.android.server.am.ActivityManagerService.startActivityAsUser(ActivityManagerService.java:4532)
07-10 13:10:26.151   762   773 W Binder  : 	at com.android.server.am.ActivityManagerService.startActivity(ActivityManagerService.java:4519)
07-10 13:10:26.151   762   773 W Binder  : 	at android.app.IActivityManager$Stub.onTransact(IActivityManager.java:121)
07-10 13:10:26.151   762   773 W Binder  : 	at com.android.server.am.ActivityManagerService.onTransact(ActivityManagerService.java:2919)
07-10 13:10:26.151   762   773 W Binder  : 	at android.os.Binder.execTransact(Binder.java:697)
07-10 13:10:26.167 29558 29576 I Adreno  : QUALCOMM build                   : 8e59954, I0be83d0d26
07-10 13:10:26.167 29558 29576 I Adreno  : Build Date                       : 09/22/17
07-10 13:10:26.167 29558 29576 I Adreno  : OpenGL ES Shader Compiler Version: EV031.21.02.00
07-10 13:10:26.167 29558 29576 I Adreno  : Local Branch                     : O17A
07-10 13:10:26.167 29558 29576 I Adreno  : Remote Branch                    : 
07-10 13:10:26.167 29558 29576 I Adreno  : Remote Branch                    : 
07-10 13:10:26.167 29558 29576 I Adreno  : Reconstruct Branch               : 
07-10 13:10:26.169 29558 29576 D vndksupport: Loading /vendor/lib64/hw/gralloc.msm8992.so from current namespace instead of sphal namespace.
07-10 13:10:26.175 29563 29563 I Monkey  : Events injected: 1
07-10 13:10:26.179 29558 29576 I Adreno  : PFP: 0x00000000, ME: 0x00000000
07-10 13:10:26.185   363   363 W /system/bin/hwservicemanager: getTransport: Cannot find entry android.hardware.configstore@1.0::ISurfaceFlingerConfigs/default in either framework or device manifest.
07-10 13:10:26.187 29558 29576 I zygote64: android::hardware::configstore::V1_0::ISurfaceFlingerConfigs::hasWideColorDisplay retrieved: 0
07-10 13:10:26.187 29558 29576 I OpenGLRenderer: Initialized EGL, version 1.4
07-10 13:10:26.187 29558 29576 D OpenGLRenderer: Swap behavior 2
07-10 13:10:26.192 29558 29558 D Compose Focus: Owner FocusChanged(true)
07-10 13:10:26.227 29563 29563 I Monkey  : ## Network stats: elapsed time=75ms (0ms mobile, 0ms wifi, 75ms not connected)
07-10 13:10:26.228 29563 29563 I com.android.commands.monkey: System.exit called, status: 0
07-10 13:10:26.228 29563 29563 I AndroidRuntime: VM exiting with result code 0.
07-10 13:10:26.238   363   363 W /system/bin/hwservicemanager: getTransport: Cannot find entry android.hardware.graphics.mapper@2.0::IMapper/default in either framework or device manifest.
07-10 13:10:26.239 29558 29576 D vndksupport: Loading /vendor/lib64/hw/android.hardware.graphics.mapper@2.0-impl.so from current namespace instead of sphal namespace.
07-10 13:10:26.242 29558 29576 D vndksupport: Loading /vendor/lib64/hw/gralloc.msm8992.so from current namespace instead of sphal namespace.
07-10 13:10:26.287  1187  1187 I GoogleInputMethodService: GoogleInputMethodService.onFinishInput():3306 
07-10 13:10:26.288  1187  1187 I GoogleInputMethodService: GoogleInputMethodService.updateDeviceLockedStatus():2127 repeatCheckTimes = 0, locked = false
07-10 13:10:26.288  1187  1187 I GoogleInputMethodService: GoogleInputMethodService.onStartInput():1909 onStartInput(EditorInfo{inputType=0x0(NULL) imeOptions=0x0 privateImeOptions=null actionName=UNSPECIFIED actionLabel=null actionId=0 initialSelStart=-1 initialSelEnd=-1 initialCapsMode=0x0 hintText=null label=null packageName=com.example.batterymanager_utility fieldId=-1 fieldName=null extras=null hintLocales=[]}, false)
07-10 13:10:26.288  1187  1187 I GoogleInputMethodService: GoogleInputMethodService.shouldHideHeaderOnInitialState():1990 ShouldHideHeaderOnInitialState = false
07-10 13:10:26.289  1187  1187 I GoogleInputMethodService: GoogleInputMethodService.updateDeviceLockedStatus():2127 repeatCheckTimes = 1, locked = false
07-10 13:10:26.310 29589 29589 I zygote64: Late-enabling -Xcheck:jni
07-10 13:10:26.311   762 13161 I ActivityManager: Start proc 29589:e.www.cpufactorialtest/u0a200 for activity e.www.cpufactorialtest/.MainActivity
07-10 13:10:26.564 29589 29589 I zygote64: Rejecting re-init on previously-failed class java.lang.Class<androidx.core.view.ViewCompat$2>: java.lang.NoClassDefFoundError: Failed resolution of: Landroid/view/View$OnUnhandledKeyEventListener;
07-10 13:10:26.564 29589 29589 I zygote64:   at void androidx.core.view.ViewCompat.setOnApplyWindowInsetsListener(android.view.View, androidx.core.view.OnApplyWindowInsetsListener) (ViewCompat.java:2436)
07-10 13:10:26.564 29589 29589 I zygote64:   at android.view.ViewGroup androidx.appcompat.app.AppCompatDelegateImpl.createSubDecor() (AppCompatDelegateImpl.java:779)
07-10 13:10:26.564 29589 29589 I zygote64:   at void androidx.appcompat.app.AppCompatDelegateImpl.ensureSubDecor() (AppCompatDelegateImpl.java:659)
07-10 13:10:26.564 29589 29589 I zygote64:   at void androidx.appcompat.app.AppCompatDelegateImpl.setContentView(int) (AppCompatDelegateImpl.java:552)
07-10 13:10:26.564 29589 29589 I zygote64:   at void androidx.appcompat.app.AppCompatActivity.setContentView(int) (AppCompatActivity.java:161)
07-10 13:10:26.564 29589 29589 I zygote64:   at void e.www.cpufactorialtest.MainActivity.onCreate(android.os.Bundle) (MainActivity.kt:24)
07-10 13:10:26.564 29589 29589 I zygote64:   at void android.app.Activity.performCreate(android.os.Bundle, android.os.PersistableBundle) (Activity.java:7009)
07-10 13:10:26.564 29589 29589 I zygote64:   at void android.app.Activity.performCreate(android.os.Bundle) (Activity.java:7000)
07-10 13:10:26.564 29589 29589 I zygote64:   at void android.app.Instrumentation.callActivityOnCreate(android.app.Activity, android.os.Bundle) (Instrumentation.java:1214)
07-10 13:10:26.564 29589 29589 I zygote64:   at android.app.Activity android.app.ActivityThread.performLaunchActivity(android.app.ActivityThread$ActivityClientRecord, android.content.Intent) (ActivityThread.java:2731)
07-10 13:10:26.564 29589 29589 I zygote64:   at void android.app.ActivityThread.handleLaunchActivity(android.app.ActivityThread$ActivityClientRecord, android.content.Intent, java.lang.String) (ActivityThread.java:2856)
07-10 13:10:26.564 29589 29589 I zygote64:   at void android.app.ActivityThread.-wrap11(android.app.ActivityThread, android.app.ActivityThread$ActivityClientRecord, android.content.Intent, java.lang.String) (ActivityThread.java:-1)
07-10 13:10:26.564 29589 29589 I zygote64:   at void android.app.ActivityThread$H.handleMessage(android.os.Message) (ActivityThread.java:1589)
07-10 13:10:26.564 29589 29589 I zygote64:   at void android.os.Handler.dispatchMessage(android.os.Message) (Handler.java:106)
07-10 13:10:26.564 29589 29589 I zygote64:   at void android.os.Looper.loop() (Looper.java:164)
07-10 13:10:26.564 29589 29589 I zygote64:   at void android.app.ActivityThread.main(java.lang.String[]) (ActivityThread.java:6494)
07-10 13:10:26.564 29589 29589 I zygote64:   at java.lang.Object java.lang.reflect.Method.invoke(java.lang.Object, java.lang.Object[]) (Method.java:-2)
07-10 13:10:26.564 29589 29589 I zygote64:   at void com.android.internal.os.RuntimeInit$MethodAndArgsCaller.run() (RuntimeInit.java:438)
07-10 13:10:26.564 29589 29589 I zygote64:   at void com.android.internal.os.ZygoteInit.main(java.lang.String[]) (ZygoteInit.java:807)
07-10 13:10:26.564 29589 29589 I zygote64: Caused by: java.lang.ClassNotFoundException: Didn't find class "android.view.View$OnUnhandledKeyEventListener" on path: DexPathList[[zip file "/data/app/e.www.cpufactorialtest-_edcQcRPOzd4ADzjhtgGDA==/base.apk"],nativeLibraryDirectories=[/data/app/e.www.cpufactorialtest-_edcQcRPOzd4ADzjhtgGDA==/lib/arm64, /system/lib64, /vendor/lib64]]
07-10 13:10:26.564 29589 29589 I zygote64:   at java.lang.Class dalvik.system.BaseDexClassLoader.findClass(java.lang.String) (BaseDexClassLoader.java:125)
07-10 13:10:26.564 29589 29589 I zygote64:   at java.lang.Class java.lang.ClassLoader.loadClass(java.lang.String, boolean) (ClassLoader.java:379)
07-10 13:10:26.564 29589 29589 I zygote64:   at java.lang.Class java.lang.ClassLoader.loadClass(java.lang.String) (ClassLoader.java:312)
07-10 13:10:26.564 29589 29589 I zygote64:   at void androidx.core.view.ViewCompat.setOnApplyWindowInsetsListener(android.view.View, androidx.core.view.OnApplyWindowInsetsListener) (ViewCompat.java:2436)
07-10 13:10:26.564 29589 29589 I zygote64:   at android.view.ViewGroup androidx.appcompat.app.AppCompatDelegateImpl.createSubDecor() (AppCompatDelegateImpl.java:779)
07-10 13:10:26.564 29589 29589 I zygote64:   at void androidx.appcompat.app.AppCompatDelegateImpl.ensureSubDecor() (AppCompatDelegateImpl.java:659)
07-10 13:10:26.564 29589 29589 I zygote64:   at void androidx.appcompat.app.AppCompatDelegateImpl.setContentView(int) (AppCompatDelegateImpl.java:552)
07-10 13:10:26.564 29589 29589 I zygote64:   at void androidx.appcompat.app.AppCompatActivity.setContentView(int) (AppCompatActivity.java:161)
07-10 13:10:26.564 29589 29589 I zygote64:   at void e.www.cpufactorialtest.MainActivity.onCreate(android.os.Bundle) (MainActivity.kt:24)
07-10 13:10:26.564 29589 29589 I zygote64:   at void android.app.Activity.performCreate(android.os.Bundle, android.os.PersistableBundle) (Activity.java:7009)
07-10 13:10:26.564 29589 29589 I zygote64:   at void android.app.Activity.performCreate(android.os.Bundle) (Activity.java:7000)
07-10 13:10:26.564 29589 29589 I zygote64:   at void android.app.Instrumentation.callActivityOnCreate(android.app.Activity, android.os.Bundle) (Instrumentation.java:1214)
07-10 13:10:26.564 29589 29589 I zygote64:   at android.app.Activity android.app.ActivityThread.performLaunchActivity(android.app.ActivityThread$ActivityClientRecord, android.content.Intent) (ActivityThread.java:2731)
07-10 13:10:26.564 29589 29589 I zygote64:   at void android.app.ActivityThread.handleLaunchActivity(android.app.ActivityThread$ActivityClientRecord, android.content.Intent, java.lang.String) (ActivityThread.java:2856)
07-10 13:10:26.564 29589 29589 I zygote64:   at void android.app.ActivityThread.-wrap11(android.app.ActivityThread, android.app.ActivityThread$ActivityClientRecord, android.content.Intent, java.lang.String) (ActivityThread.java:-1)
07-10 13:10:26.564 29589 29589 I zygote64:   at void android.app.ActivityThread$H.handleMessage(android.os.Message) (ActivityThread.java:1589)
07-10 13:10:26.564 29589 29589 I zygote64:   at void android.os.Handler.dispatchMessage(android.os.Message) (Handler.java:106)
07-10 13:10:26.564 29589 29589 I zygote64:   at void android.os.Looper.loop() (Looper.java:164)
07-10 13:10:26.565 29589 29589 I zygote64:   at void android.app.ActivityThread.main(java.lang.String[]) (ActivityThread.java:6494)
07-10 13:10:26.565 29589 29589 I zygote64:   at java.lang.Object java.lang.reflect.Method.invoke(java.lang.Object, java.lang.Object[]) (Method.java:-2)
07-10 13:10:26.565 29589 29589 I zygote64:   at void com.android.internal.os.RuntimeInit$MethodAndArgsCaller.run() (RuntimeInit.java:438)
07-10 13:10:26.565 29589 29589 I zygote64:   at void com.android.internal.os.ZygoteInit.main(java.lang.String[]) (ZygoteInit.java:807)
07-10 13:10:26.565 29589 29589 I zygote64: 
07-10 13:10:26.565 29589 29589 I zygote64: Rejecting re-init on previously-failed class java.lang.Class<androidx.core.view.ViewCompat$2>: java.lang.NoClassDefFoundError: Failed resolution of: Landroid/view/View$OnUnhandledKeyEventListener;
07-10 13:10:26.565 29589 29589 I zygote64:   at void androidx.core.view.ViewCompat.setOnApplyWindowInsetsListener(android.view.View, androidx.core.view.OnApplyWindowInsetsListener) (ViewCompat.java:2436)
07-10 13:10:26.565 29589 29589 I zygote64:   at android.view.ViewGroup androidx.appcompat.app.AppCompatDelegateImpl.createSubDecor() (AppCompatDelegateImpl.java:779)
07-10 13:10:26.565 29589 29589 I zygote64:   at void androidx.appcompat.app.AppCompatDelegateImpl.ensureSubDecor() (AppCompatDelegateImpl.java:659)
07-10 13:10:26.565 29589 29589 I zygote64:   at void androidx.appcompat.app.AppCompatDelegateImpl.setContentView(int) (AppCompatDelegateImpl.java:552)
07-10 13:10:26.565 29589 29589 I zygote64:   at void androidx.appcompat.app.AppCompatActivity.setContentView(int) (AppCompatActivity.java:161)
07-10 13:10:26.565 29589 29589 I zygote64:   at void e.www.cpufactorialtest.MainActivity.onCreate(android.os.Bundle) (MainActivity.kt:24)
07-10 13:10:26.565 29589 29589 I zygote64:   at void android.app.Activity.performCreate(android.os.Bundle, android.os.PersistableBundle) (Activity.java:7009)
07-10 13:10:26.565 29589 29589 I zygote64:   at void android.app.Activity.performCreate(android.os.Bundle) (Activity.java:7000)
07-10 13:10:26.565 29589 29589 I zygote64:   at void android.app.Instrumentation.callActivityOnCreate(android.app.Activity, android.os.Bundle) (Instrumentation.java:1214)
07-10 13:10:26.565 29589 29589 I zygote64:   at android.app.Activity android.app.ActivityThread.performLaunchActivity(android.app.ActivityThread$ActivityClientRecord, android.content.Intent) (ActivityThread.java:2731)
07-10 13:10:26.565 29589 29589 I zygote64:   at void android.app.ActivityThread.handleLaunchActivity(android.app.ActivityThread$ActivityClientRecord, android.content.Intent, java.lang.String) (ActivityThread.java:2856)
07-10 13:10:26.565 29589 29589 I zygote64:   at void android.app.ActivityThread.-wrap11(android.app.ActivityThread, android.app.ActivityThread$ActivityClientRecord, android.content.Intent, java.lang.String) (ActivityThread.java:-1)
07-10 13:10:26.565 29589 29589 I zygote64:   at void android.app.ActivityThread$H.handleMessage(android.os.Message) (ActivityThread.java:1589)
07-10 13:10:26.565 29589 29589 I zygote64:   at void android.os.Handler.dispatchMessage(android.os.Message) (Handler.java:106)
07-10 13:10:26.565 29589 29589 I zygote64:   at void android.os.Looper.loop() (Looper.java:164)
07-10 13:10:26.565 29589 29589 I zygote64:   at void android.app.ActivityThread.main(java.lang.String[]) (ActivityThread.java:6494)
07-10 13:10:26.565 29589 29589 I zygote64:   at java.lang.Object java.lang.reflect.Method.invoke(java.lang.Object, java.lang.Object[]) (Method.java:-2)
07-10 13:10:26.565 29589 29589 I zygote64:   at void com.android.internal.os.RuntimeInit$MethodAndArgsCaller.run() (RuntimeInit.java:438)
07-10 13:10:26.565 29589 29589 I zygote64:   at void com.android.internal.os.ZygoteInit.main(java.lang.String[]) (ZygoteInit.java:807)
07-10 13:10:26.565 29589 29589 I zygote64: Caused by: java.lang.ClassNotFoundException: Didn't find class "android.view.View$OnUnhandledKeyEventListener" on path: DexPathList[[zip file "/data/app/e.www.cpufactorialtest-_edcQcRPOzd4ADzjhtgGDA==/base.apk"],nativeLibraryDirectories=[/data/app/e.www.cpufactorialtest-_edcQcRPOzd4ADzjhtgGDA==/lib/arm64, /system/lib64, /vendor/lib64]]
07-10 13:10:26.565 29589 29589 I zygote64:   at java.lang.Class dalvik.system.BaseDexClassLoader.findClass(java.lang.String) (BaseDexClassLoader.java:125)
07-10 13:10:26.565 29589 29589 I zygote64:   at java.lang.Class java.lang.ClassLoader.loadClass(java.lang.String, boolean) (ClassLoader.java:379)
07-10 13:10:26.565 29589 29589 I zygote64:   at java.lang.Class java.lang.ClassLoader.loadClass(java.lang.String) (ClassLoader.java:312)
07-10 13:10:26.565 29589 29589 I zygote64:   at void androidx.core.view.ViewCompat.setOnApplyWindowInsetsListener(android.view.View, androidx.core.view.OnApplyWindowInsetsListener) (ViewCompat.java:2436)
07-10 13:10:26.565 29589 29589 I zygote64:   at android.view.ViewGroup androidx.appcompat.app.AppCompatDelegateImpl.createSubDecor() (AppCompatDelegateImpl.java:779)
07-10 13:10:26.565 29589 29589 I zygote64:   at void androidx.appcompat.app.AppCompatDelegateImpl.ensureSubDecor() (AppCompatDelegateImpl.java:659)
07-10 13:10:26.565 29589 29589 I zygote64:   at void androidx.appcompat.app.AppCompatDelegateImpl.setContentView(int) (AppCompatDelegateImpl.java:552)
07-10 13:10:26.565 29589 29589 I zygote64:   at void androidx.appcompat.app.AppCompatActivity.setContentView(int) (AppCompatActivity.java:161)
07-10 13:10:26.565 29589 29589 I zygote64:   at void e.www.cpufactorialtest.MainActivity.onCreate(android.os.Bundle) (MainActivity.kt:24)
07-10 13:10:26.565 29589 29589 I zygote64:   at void android.app.Activity.performCreate(android.os.Bundle, android.os.PersistableBundle) (Activity.java:7009)
07-10 13:10:26.565 29589 29589 I zygote64:   at void android.app.Activity.performCreate(android.os.Bundle) (Activity.java:7000)
07-10 13:10:26.565 29589 29589 I zygote64:   at void android.app.Instrumentation.callActivityOnCreate(android.app.Activity, android.os.Bundle) (Instrumentation.java:1214)
07-10 13:10:26.565 29589 29589 I zygote64:   at android.app.Activity android.app.ActivityThread.performLaunchActivity(android.app.ActivityThread$ActivityClientRecord, android.content.Intent) (ActivityThread.java:2731)
07-10 13:10:26.565 29589 29589 I zygote64:   at void android.app.ActivityThread.handleLaunchActivity(android.app.ActivityThread$ActivityClientRecord, android.content.Intent, java.lang.String) (ActivityThread.java:2856)
07-10 13:10:26.565 29589 29589 I zygote64:   at void android.app.ActivityThread.-wrap11(android.app.ActivityThread, android.app.ActivityThread$ActivityClientRecord, android.content.Intent, java.lang.String) (ActivityThread.java:-1)
07-10 13:10:26.565 29589 29589 I zygote64:   at void android.app.ActivityThread$H.handleMessage(android.os.Message) (ActivityThread.java:1589)
07-10 13:10:26.565 29589 29589 I zygote64:   at void android.os.Handler.dispatchMessage(android.os.Message) (Handler.java:106)
07-10 13:10:26.565 29589 29589 I zygote64:   at void android.os.Looper.loop() (Looper.java:164)
07-10 13:10:26.565 29589 29589 I zygote64:   at void android.app.ActivityThread.main(java.lang.String[]) (ActivityThread.java:6494)
07-10 13:10:26.565 29589 29589 I zygote64:   at java.lang.Object java.lang.reflect.Method.invoke(java.lang.Object, java.lang.Object[]) (Method.java:-2)
07-10 13:10:26.565 29589 29589 I zygote64:   at void com.android.internal.os.RuntimeInit$MethodAndArgsCaller.run() (RuntimeInit.java:438)
07-10 13:10:26.565 29589 29589 I zygote64:   at void com.android.internal.os.ZygoteInit.main(java.lang.String[]) (ZygoteInit.java:807)
07-10 13:10:26.565 29589 29589 I zygote64: 
07-10 13:10:26.565 29589 29589 I zygote64: Rejecting re-init on previously-failed class java.lang.Class<androidx.core.view.ViewCompat$2>: java.lang.NoClassDefFoundError: Failed resolution of: Landroid/view/View$OnUnhandledKeyEventListener;
07-10 13:10:26.565 29589 29589 I zygote64:   at void androidx.core.view.ViewCompat.setOnApplyWindowInsetsListener(android.view.View, androidx.core.view.OnApplyWindowInsetsListener) (ViewCompat.java:2436)
07-10 13:10:26.565 29589 29589 I zygote64:   at android.view.ViewGroup androidx.appcompat.app.AppCompatDelegateImpl.createSubDecor() (AppCompatDelegateImpl.java:779)
07-10 13:10:26.565 29589 29589 I zygote64:   at void androidx.appcompat.app.AppCompatDelegateImpl.ensureSubDecor() (AppCompatDelegateImpl.java:659)
07-10 13:10:26.565 29589 29589 I zygote64:   at void androidx.appcompat.app.AppCompatDelegateImpl.setContentView(int) (AppCompatDelegateImpl.java:552)
07-10 13:10:26.565 29589 29589 I zygote64:   at void androidx.appcompat.app.AppCompatActivity.setContentView(int) (AppCompatActivity.java:161)
07-10 13:10:26.565 29589 29589 I zygote64:   at void e.www.cpufactorialtest.MainActivity.onCreate(android.os.Bundle) (MainActivity.kt:24)
07-10 13:10:26.565 29589 29589 I zygote64:   at void android.app.Activity.performCreate(android.os.Bundle, android.os.PersistableBundle) (Activity.java:7009)
07-10 13:10:26.565 29589 29589 I zygote64:   at void android.app.Activity.performCreate(android.os.Bundle) (Activity.java:7000)
07-10 13:10:26.565 29589 29589 I zygote64:   at void android.app.Instrumentation.callActivityOnCreate(android.app.Activity, android.os.Bundle) (Instrumentation.java:1214)
07-10 13:10:26.565 29589 29589 I zygote64:   at android.app.Activity android.app.ActivityThread.performLaunchActivity(android.app.ActivityThread$ActivityClientRecord, android.content.Intent) (ActivityThread.java:2731)
07-10 13:10:26.565 29589 29589 I zygote64:   at void android.app.ActivityThread.handleLaunchActivity(android.app.ActivityThread$ActivityClientRecord, android.content.Intent, java.lang.String) (ActivityThread.java:2856)
07-10 13:10:26.566 29589 29589 I zygote64:   at void android.app.ActivityThread.-wrap11(android.app.ActivityThread, android.app.ActivityThread$ActivityClientRecord, android.content.Intent, java.lang.String) (ActivityThread.java:-1)
07-10 13:10:26.566 29589 29589 I zygote64:   at void android.app.ActivityThread$H.handleMessage(android.os.Message) (ActivityThread.java:1589)
07-10 13:10:26.566 29589 29589 I zygote64:   at void android.os.Handler.dispatchMessage(android.os.Message) (Handler.java:106)
07-10 13:10:26.566 29589 29589 I zygote64:   at void android.os.Looper.loop() (Looper.java:164)
07-10 13:10:26.566 29589 29589 I zygote64:   at void android.app.ActivityThread.main(java.lang.String[]) (ActivityThread.java:6494)
07-10 13:10:26.566 29589 29589 I zygote64:   at java.lang.Object java.lang.reflect.Method.invoke(java.lang.Object, java.lang.Object[]) (Method.java:-2)
07-10 13:10:26.566 29589 29589 I zygote64:   at void com.android.internal.os.RuntimeInit$MethodAndArgsCaller.run() (RuntimeInit.java:438)
07-10 13:10:26.566 29589 29589 I zygote64:   at void com.android.internal.os.ZygoteInit.main(java.lang.String[]) (ZygoteInit.java:807)
07-10 13:10:26.566 29589 29589 I zygote64: Caused by: java.lang.ClassNotFoundException: Didn't find class "android.view.View$OnUnhandledKeyEventListener" on path: DexPathList[[zip file "/data/app/e.www.cpufactorialtest-_edcQcRPOzd4ADzjhtgGDA==/base.apk"],nativeLibraryDirectories=[/data/app/e.www.cpufactorialtest-_edcQcRPOzd4ADzjhtgGDA==/lib/arm64, /system/lib64, /vendor/lib64]]
07-10 13:10:26.566 29589 29589 I zygote64:   at java.lang.Class dalvik.system.BaseDexClassLoader.findClass(java.lang.String) (BaseDexClassLoader.java:125)
07-10 13:10:26.566 29589 29589 I zygote64:   at java.lang.Class java.lang.ClassLoader.loadClass(java.lang.String, boolean) (ClassLoader.java:379)
07-10 13:10:26.566 29589 29589 I zygote64:   at java.lang.Class java.lang.ClassLoader.loadClass(java.lang.String) (ClassLoader.java:312)
07-10 13:10:26.566 29589 29589 I zygote64:   at void androidx.core.view.ViewCompat.setOnApplyWindowInsetsListener(android.view.View, androidx.core.view.OnApplyWindowInsetsListener) (ViewCompat.java:2436)
07-10 13:10:26.566 29589 29589 I zygote64:   at android.view.ViewGroup androidx.appcompat.app.AppCompatDelegateImpl.createSubDecor() (AppCompatDelegateImpl.java:779)
07-10 13:10:26.566 29589 29589 I zygote64:   at void androidx.appcompat.app.AppCompatDelegateImpl.ensureSubDecor() (AppCompatDelegateImpl.java:659)
07-10 13:10:26.566 29589 29589 I zygote64:   at void androidx.appcompat.app.AppCompatDelegateImpl.setContentView(int) (AppCompatDelegateImpl.java:552)
07-10 13:10:26.566 29589 29589 I zygote64:   at void androidx.appcompat.app.AppCompatActivity.setContentView(int) (AppCompatActivity.java:161)
07-10 13:10:26.566 29589 29589 I zygote64:   at void e.www.cpufactorialtest.MainActivity.onCreate(android.os.Bundle) (MainActivity.kt:24)
07-10 13:10:26.566 29589 29589 I zygote64:   at void android.app.Activity.performCreate(android.os.Bundle, android.os.PersistableBundle) (Activity.java:7009)
07-10 13:10:26.566 29589 29589 I zygote64:   at void android.app.Activity.performCreate(android.os.Bundle) (Activity.java:7000)
07-10 13:10:26.566 29589 29589 I zygote64:   at void android.app.Instrumentation.callActivityOnCreate(android.app.Activity, android.os.Bundle) (Instrumentation.java:1214)
07-10 13:10:26.566 29589 29589 I zygote64:   at android.app.Activity android.app.ActivityThread.performLaunchActivity(android.app.ActivityThread$ActivityClientRecord, android.content.Intent) (ActivityThread.java:2731)
07-10 13:10:26.566 29589 29589 I zygote64:   at void android.app.ActivityThread.handleLaunchActivity(android.app.ActivityThread$ActivityClientRecord, android.content.Intent, java.lang.String) (ActivityThread.java:2856)
07-10 13:10:26.566 29589 29589 I zygote64:   at void android.app.ActivityThread.-wrap11(android.app.ActivityThread, android.app.ActivityThread$ActivityClientRecord, android.content.Intent, java.lang.String) (ActivityThread.java:-1)
07-10 13:10:26.566 29589 29589 I zygote64:   at void android.app.ActivityThread$H.handleMessage(android.os.Message) (ActivityThread.java:1589)
07-10 13:10:26.566 29589 29589 I zygote64:   at void android.os.Handler.dispatchMessage(android.os.Message) (Handler.java:106)
07-10 13:10:26.566 29589 29589 I zygote64:   at void android.os.Looper.loop() (Looper.java:164)
07-10 13:10:26.566 29589 29589 I zygote64:   at void android.app.ActivityThread.main(java.lang.String[]) (ActivityThread.java:6494)
07-10 13:10:26.566 29589 29589 I zygote64:   at java.lang.Object java.lang.reflect.Method.invoke(java.lang.Object, java.lang.Object[]) (Method.java:-2)
07-10 13:10:26.566 29589 29589 I zygote64:   at void com.android.internal.os.RuntimeInit$MethodAndArgsCaller.run() (RuntimeInit.java:438)
07-10 13:10:26.566 29589 29589 I zygote64:   at void com.android.internal.os.ZygoteInit.main(java.lang.String[]) (ZygoteInit.java:807)
07-10 13:10:26.566 29589 29589 I zygote64: 
07-10 13:10:26.618 29589 29605 D OpenGLRenderer: HWUI GL Pipeline
07-10 13:10:26.870 29589 29605 I Adreno  : QUALCOMM build                   : 8e59954, I0be83d0d26
07-10 13:10:26.870 29589 29605 I Adreno  : Build Date                       : 09/22/17
07-10 13:10:26.870 29589 29605 I Adreno  : OpenGL ES Shader Compiler Version: EV031.21.02.00
07-10 13:10:26.870 29589 29605 I Adreno  : Local Branch                     : O17A
07-10 13:10:26.870 29589 29605 I Adreno  : Remote Branch                    : 
07-10 13:10:26.870 29589 29605 I Adreno  : Remote Branch                    : 
07-10 13:10:26.870 29589 29605 I Adreno  : Reconstruct Branch               : 
07-10 13:10:26.873 29589 29605 D vndksupport: Loading /vendor/lib64/hw/gralloc.msm8992.so from current namespace instead of sphal namespace.
07-10 13:10:26.882 29589 29605 I Adreno  : PFP: 0x00000000, ME: 0x00000000
07-10 13:10:26.887   363   363 W /system/bin/hwservicemanager: getTransport: Cannot find entry android.hardware.configstore@1.0::ISurfaceFlingerConfigs/default in either framework or device manifest.
07-10 13:10:26.889 29589 29605 I zygote64: android::hardware::configstore::V1_0::ISurfaceFlingerConfigs::hasWideColorDisplay retrieved: 0
07-10 13:10:26.890 29589 29605 I OpenGLRenderer: Initialized EGL, version 1.4
07-10 13:10:26.890 29589 29605 D OpenGLRenderer: Swap behavior 2
07-10 13:10:26.902  1187  1187 I GoogleInputMethodService: GoogleInputMethodService.onFinishInput():3306 
07-10 13:10:26.904  1187  1187 I GoogleInputMethodService: GoogleInputMethodService.updateDeviceLockedStatus():2127 repeatCheckTimes = 0, locked = false
07-10 13:10:26.906   363   363 W /system/bin/hwservicemanager: getTransport: Cannot find entry android.hardware.graphics.mapper@2.0::IMapper/default in either framework or device manifest.
07-10 13:10:26.907 29589 29605 D vndksupport: Loading /vendor/lib64/hw/android.hardware.graphics.mapper@2.0-impl.so from current namespace instead of sphal namespace.
07-10 13:10:26.908  1187  1187 I GoogleInputMethodService: GoogleInputMethodService.onStartInput():1909 onStartInput(EditorInfo{inputType=0x0(NULL) imeOptions=0x0 privateImeOptions=null actionName=UNSPECIFIED actionLabel=null actionId=0 initialSelStart=-1 initialSelEnd=-1 initialCapsMode=0x0 hintText=null label=null packageName=e.www.cpufactorialtest fieldId=-1 fieldName=null extras=null hintLocales=[]}, false)
07-10 13:10:26.908  1187  1187 I GoogleInputMethodService: GoogleInputMethodService.shouldHideHeaderOnInitialState():1990 ShouldHideHeaderOnInitialState = false
07-10 13:10:26.908  1187  1187 I GoogleInputMethodService: GoogleInputMethodService.updateDeviceLockedStatus():2127 repeatCheckTimes = 1, locked = false
07-10 13:10:26.908 29589 29605 D vndksupport: Loading /vendor/lib64/hw/gralloc.msm8992.so from current namespace instead of sphal namespace.
07-10 13:10:26.958   762   787 I ActivityManager: Displayed e.www.cpufactorialtest/.MainActivity: +654ms (total +1s416ms)
07-10 13:10:27.167  3183  3183 I A       : GEL#onSaveInstanceState
07-10 13:10:27.307   762  8714 I OpenGLRenderer: Initialized EGL, version 1.4
07-10 13:10:27.307   762  8714 D OpenGLRenderer: Swap behavior 2
07-10 13:10:27.888 29558 29558 I BatteryMgr:DataCollectionService: onStartCommand: begin
07-10 13:10:27.888 29558 29558 I BatteryMgr:DataCollectionService: onStartCommand: sampleRate => 0
07-10 13:10:27.889 29558 29558 I BatteryMgr:DataCollectionService: onStartCommand: rawFields => Timestamp,BATTERY_PROPERTY_CURRENT_NOW,EXTRA_VOLTAGE
07-10 13:10:27.892 29558 29558 I BatteryMgr:DataCollectionService: onStartCommand: notification done
07-10 13:10:27.897 29558 29558 I BatteryMgr:DataCollectionService: started foreground
07-10 13:10:27.900   762   777 E NotificationService: Suppressing notification from package by user request.
07-10 13:10:27.912 29558 29629 I BatteryMgr:DataCollectionService: collectData: begin
07-10 13:10:27.916 29558 29629 I BatteryMgr:DataCollectionService: stats => 1689009027916,-157164,4266
07-10 13:10:27.919 29558 29629 I BatteryMgr:DataCollectionService: stats => 1689009027919,-157164,4266
07-10 13:10:27.922 29558 29629 I BatteryMgr:DataCollectionService: stats => 1689009027922,-157164,4266
07-10 13:10:27.925 29558 29629 I BatteryMgr:DataCollectionService: stats => 1689009027924,-157164,4266
07-10 13:10:27.927 29558 29629 I BatteryMgr:DataCollectionService: stats => 1689009027927,-157164,4266
07-10 13:10:27.931 29558 29629 I BatteryMgr:DataCollectionService: stats => 1689009027930,-157164,4266
07-10 13:10:27.934 29558 29629 I BatteryMgr:DataCollectionService: stats => 1689009027934,-157164,4266
07-10 13:10:27.937 29558 29629 I BatteryMgr:DataCollectionService: stats => 1689009027937,-157164,4266
07-10 13:10:27.941 29558 29629 I BatteryMgr:DataCollectionService: stats => 1689009027941,-157164,4266
07-10 13:10:27.944 29558 29629 I BatteryMgr:DataCollectionService: stats => 1689009027944,-157164,4266
07-10 13:10:27.947 29558 29629 I BatteryMgr:DataCollectionService: stats => 1689009027947,-157164,4266
07-10 13:10:27.951 29558 29629 I BatteryMgr:DataCollectionService: stats => 1689009027950,-157164,4266
07-10 13:10:27.954 29558 29629 I BatteryMgr:DataCollectionService: stats => 1689009027954,-157164,4266
07-10 13:10:27.957 29558 29629 I BatteryMgr:DataCollectionService: stats => 1689009027957,-157164,4266
07-10 13:10:27.960 29558 29629 I BatteryMgr:DataCollectionService: stats => 1689009027960,-157164,4266
07-10 13:10:27.964 29558 29629 I BatteryMgr:DataCollectionService: stats => 1689009027964,-157164,4266
07-10 13:10:27.967 29558 29629 I BatteryMgr:DataCollectionService: stats => 1689009027967,-157164,4266
07-10 13:10:27.970 29558 29629 I BatteryMgr:DataCollectionService: stats => 1689009027970,-157164,4266
07-10 13:10:27.973 29558 29629 I BatteryMgr:DataCollectionService: stats => 1689009027973,-157164,4266
07-10 13:10:27.976 29558 29629 I BatteryMgr:DataCollectionService: stats => 1689009027976,-157164,4266
07-10 13:10:27.980 29558 29629 I BatteryMgr:DataCollectionService: stats => 1689009027980,-157164,4266
07-10 13:10:27.983 29558 29629 I BatteryMgr:DataCollectionService: stats => 1689009027982,-157164,4266
07-10 13:10:27.986 29558 29629 I BatteryMgr:DataCollectionService: stats => 1689009027986,-157164,4266
07-10 13:10:27.989 29558 29629 I BatteryMgr:DataCollectionService: stats => 1689009027989,-157164,4266
07-10 13:10:27.992 29558 29629 I BatteryMgr:DataCollectionService: stats => 1689009027992,-157164,4266
07-10 13:10:27.995 29558 29629 I BatteryMgr:DataCollectionService: stats => 1689009027995,-157164,4266
07-10 13:10:27.998 29558 29629 I BatteryMgr:DataCollectionService: stats => 1689009027998,-157164,4266
07-10 13:10:28.001 29558 29629 I BatteryMgr:DataCollectionService: stats => 1689009028001,-157164,4266
07-10 13:10:28.004 29558 29629 I BatteryMgr:DataCollectionService: stats => 1689009028004,-157164,4266
07-10 13:10:28.006 29558 29629 I BatteryMgr:DataCollectionService: stats => 1689009028006,-157164,4266
07-10 13:10:28.010 29558 29629 I BatteryMgr:DataCollectionService: stats => 1689009028010,-157164,4266
07-10 13:10:28.014 29558 29629 I BatteryMgr:DataCollectionService: stats => 1689009028014,-157164,4266
07-10 13:10:28.017 29558 29629 I BatteryMgr:DataCollectionService: stats => 1689009028017,-157164,4266
07-10 13:10:28.021 29558 29629 I BatteryMgr:DataCollectionService: stats => 1689009028021,-157164,4266
07-10 13:10:28.024 29558 29629 I BatteryMgr:DataCollectionService: stats => 1689009028024,-157164,4266
07-10 13:10:28.027 29558 29629 I BatteryMgr:DataCollectionService: stats => 1689009028027,-157164,4266
07-10 13:10:28.030 29558 29629 I BatteryMgr:DataCollectionService: stats => 1689009028030,-157164,4266
07-10 13:10:28.033 29558 29629 I BatteryMgr:DataCollectionService: stats => 1689009028033,-157164,4266
07-10 13:10:28.036 29558 29629 I BatteryMgr:DataCollectionService: stats => 1689009028036,-157164,4266
07-10 13:10:28.039 29558 29629 I BatteryMgr:DataCollectionService: stats => 1689009028039,-157164,4266
07-10 13:10:28.042 29558 29629 I BatteryMgr:DataCollectionService: stats => 1689009028042,-157164,4266
07-10 13:10:28.045 29558 29629 I BatteryMgr:DataCollectionService: stats => 1689009028045,-157164,4266
07-10 13:10:28.048 29558 29629 I BatteryMgr:DataCollectionService: stats => 1689009028048,-157164,4266
07-10 13:10:28.051 29558 29629 I BatteryMgr:DataCollectionService: stats => 1689009028051,-157164,4266
07-10 13:10:28.054 29558 29629 I BatteryMgr:DataCollectionService: stats => 1689009028054,-157164,4266
07-10 13:10:28.056 29558 29629 I BatteryMgr:DataCollectionService: stats => 1689009028056,-157164,4266
07-10 13:10:28.059 29558 29629 I BatteryMgr:DataCollectionService: stats => 1689009028059,-157164,4266
07-10 13:10:28.062 29558 29629 I BatteryMgr:DataCollectionService: stats => 1689009028062,-157164,4266
07-10 13:10:28.065 29558 29629 I BatteryMgr:DataCollectionService: stats => 1689009028065,-157164,4266
07-10 13:10:28.068 29558 29629 I BatteryMgr:DataCollectionService: stats => 1689009028067,-157164,4266
07-10 13:10:28.070 29558 29629 I BatteryMgr:DataCollectionService: stats => 1689009028070,-157164,4266
07-10 13:10:28.073 29558 29629 I BatteryMgr:DataCollectionService: stats => 1689009028072,-157164,4266
07-10 13:10:28.076 29558 29629 I BatteryMgr:DataCollectionService: stats => 1689009028075,-157164,4266
07-10 13:10:28.078 29558 29629 I BatteryMgr:DataCollectionService: stats => 1689009028078,-157164,4266
07-10 13:10:28.081 29558 29629 I BatteryMgr:DataCollectionService: stats => 1689009028081,-157164,4266
07-10 13:10:28.084 29558 29629 I BatteryMgr:DataCollectionService: stats => 1689009028083,-157164,4266
07-10 13:10:28.086 29558 29629 I BatteryMgr:DataCollectionService: stats => 1689009028086,-157164,4266
07-10 13:10:28.089 29558 29629 I BatteryMgr:DataCollectionService: stats => 1689009028089,-157164,4266
07-10 13:10:28.092 29558 29629 I BatteryMgr:DataCollectionService: stats => 1689009028092,-157164,4266
07-10 13:10:28.094 29558 29629 I BatteryMgr:DataCollectionService: stats => 1689009028094,-157164,4266
07-10 13:10:28.097 29558 29629 I BatteryMgr:DataCollectionService: stats => 1689009028096,-157164,4266
07-10 13:10:28.099 29558 29629 I BatteryMgr:DataCollectionService: stats => 1689009028099,-157164,4266
07-10 13:10:28.102 29558 29629 I BatteryMgr:DataCollectionService: stats => 1689009028102,-157164,4266
07-10 13:10:28.104 29558 29629 I BatteryMgr:DataCollectionService: stats => 1689009028104,-157164,4266
07-10 13:10:28.107 29558 29629 I BatteryMgr:DataCollectionService: stats => 1689009028107,-157164,4266
07-10 13:10:28.109 29558 29629 I BatteryMgr:DataCollectionService: stats => 1689009028109,-157164,4266
07-10 13:10:28.112 29558 29629 I BatteryMgr:DataCollectionService: stats => 1689009028112,-157164,4266
07-10 13:10:28.115 29558 29629 I BatteryMgr:DataCollectionService: stats => 1689009028114,-157164,4266
07-10 13:10:28.117 29558 29629 I BatteryMgr:DataCollectionService: stats => 1689009028117,-157164,4266
07-10 13:10:28.120 29558 29629 I BatteryMgr:DataCollectionService: stats => 1689009028120,-157164,4266
07-10 13:10:28.123 29558 29629 I BatteryMgr:DataCollectionService: stats => 1689009028123,-157164,4266
07-10 13:10:28.127 29558 29629 I BatteryMgr:DataCollectionService: stats => 1689009028126,-157164,4266
07-10 13:10:28.129 29558 29629 I BatteryMgr:DataCollectionService: stats => 1689009028129,-157164,4266
07-10 13:10:28.132 29558 29629 I BatteryMgr:DataCollectionService: stats => 1689009028132,-157164,4266
07-10 13:10:28.135 29558 29629 I BatteryMgr:DataCollectionService: stats => 1689009028135,-157164,4266
07-10 13:10:28.138 29558 29629 I BatteryMgr:DataCollectionService: stats => 1689009028138,-157164,4266
07-10 13:10:28.141 29558 29629 I BatteryMgr:DataCollectionService: stats => 1689009028140,-157164,4266
07-10 13:10:28.143 29558 29629 I BatteryMgr:DataCollectionService: stats => 1689009028143,-157164,4266
07-10 13:10:28.146 29558 29629 I BatteryMgr:DataCollectionService: stats => 1689009028146,-157164,4266
07-10 13:10:28.149 29558 29629 I BatteryMgr:DataCollectionService: stats => 1689009028149,-157164,4266
07-10 13:10:28.152 29558 29629 I BatteryMgr:DataCollectionService: stats => 1689009028152,-157164,4266
07-10 13:10:28.154 29558 29629 I BatteryMgr:DataCollectionService: stats => 1689009028154,-157164,4266
07-10 13:10:28.157 29558 29629 I BatteryMgr:DataCollectionService: stats => 1689009028157,-157164,4266
07-10 13:10:28.160 29558 29629 I BatteryMgr:DataCollectionService: stats => 1689009028160,-157164,4266
07-10 13:10:28.163 29558 29629 I BatteryMgr:DataCollectionService: stats => 1689009028163,-157164,4266
07-10 13:10:28.166 29558 29629 I BatteryMgr:DataCollectionService: stats => 1689009028166,-157164,4266
07-10 13:10:28.169 29558 29629 I BatteryMgr:DataCollectionService: stats => 1689009028169,-157164,4266
07-10 13:10:28.172 29558 29629 I BatteryMgr:DataCollectionService: stats => 1689009028172,-157164,4266
07-10 13:10:28.175 29558 29629 I BatteryMgr:DataCollectionService: stats => 1689009028175,-157164,4266
07-10 13:10:28.178 29558 29629 I BatteryMgr:DataCollectionService: stats => 1689009028178,-157164,4266
07-10 13:10:28.181 29558 29629 I BatteryMgr:DataCollectionService: stats => 1689009028181,-157164,4266
07-10 13:10:28.184 29558 29629 I BatteryMgr:DataCollectionService: stats => 1689009028184,-157164,4266
07-10 13:10:28.187 29558 29629 I BatteryMgr:DataCollectionService: stats => 1689009028187,-157164,4266
07-10 13:10:28.190 29558 29629 I BatteryMgr:DataCollectionService: stats => 1689009028190,-157164,4266
07-10 13:10:28.193 29558 29629 I BatteryMgr:DataCollectionService: stats => 1689009028193,-157164,4266
07-10 13:10:28.196 29558 29629 I BatteryMgr:DataCollectionService: stats => 1689009028196,-157164,4266
07-10 13:10:28.198 29558 29629 I BatteryMgr:DataCollectionService: stats => 1689009028198,-157164,4266
07-10 13:10:28.201 29558 29629 I BatteryMgr:DataCollectionService: stats => 1689009028201,-157164,4266
07-10 13:10:28.204 29558 29629 I BatteryMgr:DataCollectionService: stats => 1689009028204,-157164,4266
07-10 13:10:28.207 29558 29629 I BatteryMgr:DataCollectionService: stats => 1689009028207,-157164,4266
07-10 13:10:28.210 29558 29629 I BatteryMgr:DataCollectionService: stats => 1689009028210,-157164,4266
07-10 13:10:28.214 29558 29629 I BatteryMgr:DataCollectionService: stats => 1689009028213,-157164,4266
07-10 13:10:28.216 29558 29629 I BatteryMgr:DataCollectionService: stats => 1689009028216,-157164,4266
07-10 13:10:28.219 29558 29629 I BatteryMgr:DataCollectionService: stats => 1689009028219,-157164,4266
07-10 13:10:28.222 29558 29629 I BatteryMgr:DataCollectionService: stats => 1689009028222,-157164,4266
07-10 13:10:28.226 29558 29629 I BatteryMgr:DataCollectionService: stats => 1689009028226,-157164,4266
07-10 13:10:28.229 29558 29629 I BatteryMgr:DataCollectionService: stats => 1689009028229,-157164,4266
07-10 13:10:28.232 29558 29629 I BatteryMgr:DataCollectionService: stats => 1689009028232,-157164,4266
07-10 13:10:28.236 29558 29629 I BatteryMgr:DataCollectionService: stats => 1689009028236,-157164,4266
07-10 13:10:28.239 29558 29629 I BatteryMgr:DataCollectionService: stats => 1689009028239,-157164,4266
07-10 13:10:28.242 29558 29629 I BatteryMgr:DataCollectionService: stats => 1689009028242,-157164,4266
07-10 13:10:28.245 29558 29629 I BatteryMgr:DataCollectionService: stats => 1689009028245,-157164,4266
07-10 13:10:28.249 29558 29629 I BatteryMgr:DataCollectionService: stats => 1689009028248,-157164,4266
07-10 13:10:28.252 29558 29629 I BatteryMgr:DataCollectionService: stats => 1689009028251,-157164,4266
07-10 13:10:28.255 29558 29629 I BatteryMgr:DataCollectionService: stats => 1689009028254,-157164,4266
07-10 13:10:28.258 29558 29629 I BatteryMgr:DataCollectionService: stats => 1689009028258,-157164,4266
07-10 13:10:28.261 29558 29629 I BatteryMgr:DataCollectionService: stats => 1689009028261,-157164,4266
07-10 13:10:28.264 29558 29629 I BatteryMgr:DataCollectionService: stats => 1689009028263,-157164,4266
07-10 13:10:28.267 29558 29629 I BatteryMgr:DataCollectionService: stats => 1689009028266,-157164,4266
07-10 13:10:28.270 29558 29629 I BatteryMgr:DataCollectionService: stats => 1689009028270,-157164,4266
07-10 13:10:28.273 29558 29629 I BatteryMgr:DataCollectionService: stats => 1689009028273,-157164,4266
07-10 13:10:28.276 29558 29629 I BatteryMgr:DataCollectionService: stats => 1689009028276,-157164,4266
07-10 13:10:28.279 29558 29629 I BatteryMgr:DataCollectionService: stats => 1689009028279,-157164,4266
07-10 13:10:28.282 29558 29629 I BatteryMgr:DataCollectionService: stats => 1689009028282,-157164,4266
07-10 13:10:28.285 29558 29629 I BatteryMgr:DataCollectionService: stats => 1689009028285,-157164,4266
07-10 13:10:28.289 29558 29629 I BatteryMgr:DataCollectionService: stats => 1689009028288,-157164,4266
07-10 13:10:28.292 29558 29629 I BatteryMgr:DataCollectionService: stats => 1689009028292,-157164,4266
07-10 13:10:28.295 29558 29629 I BatteryMgr:DataCollectionService: stats => 1689009028295,-157164,4266
07-10 13:10:28.298 29558 29629 I BatteryMgr:DataCollectionService: stats => 1689009028298,-157164,4266
07-10 13:10:28.301 29558 29629 I BatteryMgr:DataCollectionService: stats => 1689009028301,-157164,4266
07-10 13:10:28.304 29558 29629 I BatteryMgr:DataCollectionService: stats => 1689009028304,-157164,4266
07-10 13:10:28.307 29558 29629 I BatteryMgr:DataCollectionService: stats => 1689009028307,-157164,4266
07-10 13:10:28.310 29558 29629 I BatteryMgr:DataCollectionService: stats => 1689009028310,-157164,4266
07-10 13:10:28.313 29558 29629 I BatteryMgr:DataCollectionService: stats => 1689009028313,-157164,4266
07-10 13:10:28.316 29558 29629 I BatteryMgr:DataCollectionService: stats => 1689009028316,-157164,4266
07-10 13:10:28.320 29558 29629 I BatteryMgr:DataCollectionService: stats => 1689009028320,-157164,4266
07-10 13:10:28.323 29558 29629 I BatteryMgr:DataCollectionService: stats => 1689009028323,-157164,4266
07-10 13:10:28.326 29558 29629 I BatteryMgr:DataCollectionService: stats => 1689009028326,-157164,4266
07-10 13:10:28.329 29558 29629 I BatteryMgr:DataCollectionService: stats => 1689009028329,-157164,4266
07-10 13:10:28.332 29558 29629 I BatteryMgr:DataCollectionService: stats => 1689009028332,-157164,4266
07-10 13:10:28.335 29558 29629 I BatteryMgr:DataCollectionService: stats => 1689009028335,-157164,4266
07-10 13:10:28.339 29558 29629 I BatteryMgr:DataCollectionService: stats => 1689009028339,-157164,4266
07-10 13:10:28.342 29558 29629 I BatteryMgr:DataCollectionService: stats => 1689009028342,-157164,4266
07-10 13:10:28.346 29558 29629 I BatteryMgr:DataCollectionService: stats => 1689009028346,-157164,4266
07-10 13:10:28.350 29558 29629 I BatteryMgr:DataCollectionService: stats => 1689009028350,-157164,4266
07-10 13:10:28.353 29558 29629 I BatteryMgr:DataCollectionService: stats => 1689009028353,-157164,4266
07-10 13:10:28.356 29558 29629 I BatteryMgr:DataCollectionService: stats => 1689009028356,-157164,4266
07-10 13:10:28.359 29558 29629 I BatteryMgr:DataCollectionService: stats => 1689009028359,-157164,4266
07-10 13:10:28.363 29558 29629 I BatteryMgr:DataCollectionService: stats => 1689009028362,-157164,4266
07-10 13:10:28.366 29558 29629 I BatteryMgr:DataCollectionService: stats => 1689009028366,-157164,4266
07-10 13:10:28.369 29558 29629 I BatteryMgr:DataCollectionService: stats => 1689009028369,-157164,4266
07-10 13:10:28.372 29558 29629 I BatteryMgr:DataCollectionService: stats => 1689009028372,-157164,4266
07-10 13:10:28.376 29558 29629 I BatteryMgr:DataCollectionService: stats => 1689009028376,-157164,4266
07-10 13:10:28.379 29558 29629 I BatteryMgr:DataCollectionService: stats => 1689009028379,-157164,4266
07-10 13:10:28.383 29558 29629 I BatteryMgr:DataCollectionService: stats => 1689009028383,-157164,4266
07-10 13:10:28.386 29558 29629 I BatteryMgr:DataCollectionService: stats => 1689009028386,-157164,4266
07-10 13:10:28.389 29558 29629 I BatteryMgr:DataCollectionService: stats => 1689009028389,-157164,4266
07-10 13:10:28.393 29558 29629 I BatteryMgr:DataCollectionService: stats => 1689009028393,-157164,4266
07-10 13:10:28.396 29558 29629 I BatteryMgr:DataCollectionService: stats => 1689009028396,-157164,4266
07-10 13:10:28.400 29558 29629 I BatteryMgr:DataCollectionService: stats => 1689009028400,-157164,4266
07-10 13:10:28.403 29558 29629 I BatteryMgr:DataCollectionService: stats => 1689009028403,-157164,4266
07-10 13:10:28.406 29558 29629 I BatteryMgr:DataCollectionService: stats => 1689009028406,-157164,4266
07-10 13:10:28.410 29558 29629 I BatteryMgr:DataCollectionService: stats => 1689009028410,-157164,4266
07-10 13:10:28.414 29558 29629 I BatteryMgr:DataCollectionService: stats => 1689009028413,-157164,4266
07-10 13:10:28.417 29558 29629 I BatteryMgr:DataCollectionService: stats => 1689009028417,-157164,4266
07-10 13:10:28.420 29558 29629 I BatteryMgr:DataCollectionService: stats => 1689009028420,-157164,4266
07-10 13:10:28.424 29558 29629 I BatteryMgr:DataCollectionService: stats => 1689009028424,-157164,4266
