--------- beginning of main
07-03 17:20:52.673 17882 17882 D ProcessState: Binder ioctl to enable oneway spam detection failed: Invalid argument
--------- beginning of system
07-03 17:20:52.677  1864  2415 I ActivityTaskManager: START u0 {act=android.intent.action.MAIN cat=[android.intent.category.LAUNCHER] flg=0x10000000 cmp=com.example.batterymanager_utility/.MainActivity} from uid 2000
07-03 17:20:52.678  1864  2415 W ActivityTaskManager: Can't find TaskDisplayArea to determine support for multi window. Task id=463 attached=false
07-03 17:20:52.681  1864  2415 D CompatibilityChangeReporter: Compat change id reported: 174042980; UID 10232; state: DISABLED
07-03 17:20:52.682  1864  2415 D CompatibilityChangeReporter: Compat change id reported: 184838306; UID 10232; state: DISABLED
07-03 17:20:52.682  1864  2415 D CompatibilityChangeReporter: Compat change id reported: 185004937; UID 10232; state: DISABLED
07-03 17:20:52.685  1864  2415 D CompatibilityChangeReporter: Compat change id reported: 168419799; UID 10232; state: DISABLED
07-03 17:20:52.695  1864  1993 W ActivityManager: ProcessRecord{129596c 0:com.example.batterymanager_utility/u0a232}: ART verification disabled
07-03 17:20:52.695  1864  1993 D CompatibilityChangeReporter: Compat change id reported: 135634846; UID 10232; state: DISABLED
07-03 17:20:52.696  1864  1993 D CompatibilityChangeReporter: Compat change id reported: 177438394; UID 10232; state: DISABLED
07-03 17:20:52.696  1864  1993 D CompatibilityChangeReporter: Compat change id reported: 135772972; UID 10232; state: DISABLED
07-03 17:20:52.696  1864  1993 D CompatibilityChangeReporter: Compat change id reported: 135754954; UID 10232; state: ENABLED
07-03 17:20:52.696  1864  2006 D CompatibilityChangeReporter: Compat change id reported: 143937733; UID 10232; state: ENABLED
07-03 17:20:52.701  1232  1232 D Zygote  : Forked child process 17885
07-03 17:20:52.701  1864  2006 I ActivityManager: Start proc 17885:com.example.batterymanager_utility/u0a232 for pre-top-activity {com.example.batterymanager_utility/com.example.batterymanager_utility.MainActivity}
07-03 17:20:52.705 17885 17885 I manager_utilit: Late-enabling -Xcheck:jni
07-03 17:20:52.733 17885 17885 I manager_utilit: Using CollectorTypeCC GC.
07-03 17:20:52.738  3373  3381 I adbd    : jdwp connection from 17885
07-03 17:20:52.742 17885 17885 D ProcessState: Binder ioctl to enable oneway spam detection failed: Invalid argument
07-03 17:20:52.751 17885 17885 D CompatibilityChangeReporter: Compat change id reported: 171979766; UID 10232; state: ENABLED
07-03 17:20:52.756 17885 17885 W ziparchive: Unable to open '/data/app/~~urVxh1ZZA2mGkalhH7phFw==/com.example.batterymanager_utility-EokfPHLGpnc9qkXhdFGdVw==/base.dm': No such file or directory
07-03 17:20:52.757 17885 17885 W ziparchive: Unable to open '/data/app/~~urVxh1ZZA2mGkalhH7phFw==/com.example.batterymanager_utility-EokfPHLGpnc9qkXhdFGdVw==/base.dm': No such file or directory
07-03 17:20:52.791  6363  6363 I A       : onPause
07-03 17:20:52.792 17887 17887 D AndroidRuntime: >>>>>> START com.android.internal.os.RuntimeInit uid 2000 <<<<<<
07-03 17:20:52.795 31564 31564 I GsaVoiceInteractionSrv: Handling ACTION_STOP_HOTWORD
07-03 17:20:52.796 17887 17887 I AndroidRuntime: Using default boot image
07-03 17:20:52.797 17887 17887 I AndroidRuntime: Leaving lock profiling enabled
07-03 17:20:52.797 17887 17887 W libc    : Access denied finding property "odsign.verification.success"
07-03 17:20:52.793 17887 17887 W app_process: type=1400 audit(0.0:1949): avc: denied { read } for name="u:object_r:odsign_prop:s0" dev="tmpfs" ino=18942 scontext=u:r:shell:s0 tcontext=u:object_r:odsign_prop:s0 tclass=file permissive=0
07-03 17:20:52.800 17887 17887 W app_process: ART APEX data files are untrusted.
07-03 17:20:52.800 17887 17887 I app_process: Using CollectorTypeCC GC.
07-03 17:20:52.800 17887 17887 E app_process: Error reading named image component header for /system/framework/boot.art, error: Unable to open file "/system/framework/arm64/boot.art" for reading image header
07-03 17:20:52.817 17904 17904 W dex2oat64: Mismatch between dex2oat instruction set features to use (ISA: Arm64 Feature string: -a53,crc,lse,fp16,-dotprod,-sve) and those from CPP defines (ISA: Arm64 Feature string: -a53,-crc,-lse,-fp16,-dotprod,-sve) for the command line:
07-03 17:20:52.817 17904 17904 W dex2oat64: /apex/com.android.art/bin/dex2oat64 --runtime-arg -Xbootclasspath:/apex/com.android.art/javalib/core-oj.jar:/apex/com.android.art/javalib/core-libart.jar:/apex/com.android.art/javalib/okhttp.jar:/apex/com.android.art/javalib/bouncycastle.jar:/apex/com.android.art/javalib/apache-xml.jar:/system/framework/framework.jar:/system/framework/framework-graphics.jar:/system/framework/ext.jar:/system/framework/telephony-common.jar:/system/framework/voip-common.jar:/system/framework/ims-common.jar:/apex/com.android.i18n/javalib/core-icu4j.jar --runtime-arg -Xbootclasspath-locations:/apex/com.android.art/javalib/core-oj.jar:/apex/com.android.art/javalib/core-libart.jar:/apex/com.android.art/javalib/okhttp.jar:/apex/com.android.art/javalib/bouncycastle.jar:/apex/com.android.art/javalib/apache-xml.jar:/system/framework/framework.jar:/system/framework/framework-graphics.jar:/system/framework/ext.jar:/system/framework/telephony-common.jar:/system/framework/voip-common.jar:/system/framework/ims-common.jar:/apex/com.android.i18n/javalib/core-icu4j.jar --base=0x70000000 --dex-file=/apex/com.android.art/javalib/core-oj.jar --dex-location=/apex/com.android.art/javalib/core-oj.jar --dex-file=/apex/com.android.art/javalib/core-libart.jar --dex-location=/apex/com.android.art/javalib/core-libart.jar --dex-file=/apex/com.android.art/javalib/okhttp.jar --dex-location=/apex/com.android.art/javalib/okhttp.jar --dex-file=/apex/com.android.art/javalib/bouncycastle.jar --dex-location=/apex/com.android.art/javalib/bouncycastle.jar --dex-file=/apex/com.android.art/javalib/apache-xml.jar --dex-location=/apex/com.android.art/javalib/apache-xml.jar --dex-file=/system/framework/framework.jar --dex-location=/system/framework/framework.jar --dex-file=/system/framework/framework-graphics.jar --dex-location=/system/framework/framework-graphics.jar --dex-file=/system/framework/ext.jar --dex-location=/system/framework/ext.jar --dex-file=/system/framework/telephony-common.jar --dex-location=/system/framework/telephony-common.jar --dex-file=/system/framework/voip-common.jar --dex-location=/system/framework/voip-common.jar --dex-file=/system/framework/ims-common.jar --dex-location=/system/framework/ims-common.jar --dex-file=/apex/com.android.i18n/javalib/core-icu4j.jar --dex-location=/apex/com.android.i18n/javalib/core-icu4j.jar --image-fd=5 --output-vdex-fd=6 --oat-fd=7 --oat-location=/system/framework/arm64/boot.oat --single-image --image-format=uncompressed --compiler-filter=verify --profile-file=/apex/com.android.art/etc/boot-image.prof --profile-file=/system/etc/boot-image.prof --avoid-storing-invocation --instruction-set=arm64 --instruction-set-features=runtime --runtime-arg -Xms64m --runtime-arg -Xmx64m --dirty-image-objects=/system/etc/dirty-image-objects --instruction-set-variant=kryo385 --instruction-set-features=default --generate-mini-debug-info
07-03 17:20:52.835 17885 17885 D nativeloader: Configuring classloader-namespace for other apk /data/app/~~urVxh1ZZA2mGkalhH7phFw==/com.example.batterymanager_utility-EokfPHLGpnc9qkXhdFGdVw==/base.apk. target_sdk_version=33, uses_libraries=, library_path=/data/app/~~urVxh1ZZA2mGkalhH7phFw==/com.example.batterymanager_utility-EokfPHLGpnc9qkXhdFGdVw==/lib/arm64, permitted_path=/data:/mnt/expand:/data/user/0/com.example.batterymanager_utility
07-03 17:20:52.835 17904 17904 I dex2oat64: /apex/com.android.art/bin/dex2oat64 --runtime-arg -Xbootclasspath:/apex/com.android.art/javalib/core-oj.jar:/apex/com.android.art/javalib/core-libart.jar:/apex/com.android.art/javalib/okhttp.jar:/apex/com.android.art/javalib/bouncycastle.jar:/apex/com.android.art/javalib/apache-xml.jar:/system/framework/framework.jar:/system/framework/framework-graphics.jar:/system/framework/ext.jar:/system/framework/telephony-common.jar:/system/framework/voip-common.jar:/system/framework/ims-common.jar:/apex/com.android.i18n/javalib/core-icu4j.jar --runtime-arg -Xbootclasspath-locations:/apex/com.android.art/javalib/core-oj.jar:/apex/com.android.art/javalib/core-libart.jar:/apex/com.android.art/javalib/okhttp.jar:/apex/com.android.art/javalib/bouncycastle.jar:/apex/com.android.art/javalib/apache-xml.jar:/system/framework/framework.jar:/system/framework/framework-graphics.jar:/system/framework/ext.jar:/system/framework/telephony-common.jar:/system/framework/voip-common.jar:/system/framework/ims-common.jar:/apex/com.android.i18n/javalib/core-icu4j.jar --base=0x70000000 --dex-file=/apex/com.android.art/javalib/core-oj.jar --dex-location=/apex/com.android.art/javalib/core-oj.jar --dex-file=/apex/com.android.art/javalib/core-libart.jar --dex-location=/apex/com.android.art/javalib/core-libart.jar --dex-file=/apex/com.android.art/javalib/okhttp.jar --dex-location=/apex/com.android.art/javalib/okhttp.jar --dex-file=/apex/com.android.art/javalib/bouncycastle.jar --dex-location=/apex/com.android.art/javalib/bouncycastle.jar --dex-file=/apex/com.android.art/javalib/apache-xml.jar --dex-location=/apex/com.android.art/javalib/apache-xml.jar --dex-file=/system/framework/framework.jar --dex-location=/system/framework/framework.jar --dex-file=/system/framework/framework-graphics.jar --dex-location=/system/framework/framework-graphics.jar --dex-file=/system/framework/ext.jar --dex-location=/system/framework/ext.jar --dex-file=/system/framework/telephony-common.jar --dex-location=/system/framework/telephony-common.jar --dex-file=/system/framework/voip-common.jar --dex-location=/system/framework/voip-common.jar --dex-file=/system/framework/ims-common.jar --dex-location=/system/framework/ims-common.jar --dex-file=/apex/com.android.i18n/javalib/core-icu4j.jar --dex-location=/apex/com.android.i18n/javalib/core-icu4j.jar --image-fd=5 --output-vdex-fd=6 --oat-fd=7 --oat-location=/system/framework/arm64/boot.oat --single-image --image-format=uncompressed --compiler-filter=verify --profile-file=/apex/com.android.art/etc/boot-image.prof --profile-file=/system/etc/boot-image.prof --avoid-storing-invocation --instruction-set=arm64 --instruction-set-features=runtime --runtime-arg -Xms64m --runtime-arg -Xmx64m --dirty-image-objects=/system/etc/dirty-image-objects --instruction-set-variant=kryo385 --instruction-set-features=default --generate-mini-debug-info
07-03 17:20:52.837 17904 17904 I dex2oat64: setting boot class path to /apex/com.android.art/javalib/core-oj.jar:/apex/com.android.art/javalib/core-libart.jar:/apex/com.android.art/javalib/okhttp.jar:/apex/com.android.art/javalib/bouncycastle.jar:/apex/com.android.art/javalib/apache-xml.jar:/system/framework/framework.jar:/system/framework/framework-graphics.jar:/system/framework/ext.jar:/system/framework/telephony-common.jar:/system/framework/voip-common.jar:/system/framework/ims-common.jar:/apex/com.android.i18n/javalib/core-icu4j.jar
07-03 17:20:52.842 17885 17885 V GraphicsEnvironment: ANGLE Developer option for 'com.example.batterymanager_utility' set to: 'default'
07-03 17:20:52.842 17885 17885 V GraphicsEnvironment: App is not on the allowlist for updatable production driver.
07-03 17:20:52.844 17885 17885 D NetworkSecurityConfig: No Network Security Config specified, using platform default
07-03 17:20:52.844 17885 17885 D NetworkSecurityConfig: No Network Security Config specified, using platform default
07-03 17:20:52.849 17885 17885 I BatteryMgr:App: creating notification channel
07-03 17:20:52.986  1864  2354 D ConnectivityService: NetReassign [no changes] [c 0] [a 1] [i 1]
07-03 17:20:52.988  2549  2549 I WallpaperService: engine paused
07-03 17:20:52.991  1864  1994 D CompatibilityChangeReporter: Compat change id reported: 158002302; UID 10232; state: ENABLED
07-03 17:20:52.993 17885 17907 I AdrenoGLES-0: QUALCOMM build                   : 781e7d0, I46ff5fc46f
07-03 17:20:52.993 17885 17907 I AdrenoGLES-0: Build Date                       : 12/01/20
07-03 17:20:52.993 17885 17907 I AdrenoGLES-0: OpenGL ES Shader Compiler Version: EV031.31.04.01
07-03 17:20:52.993 17885 17907 I AdrenoGLES-0: Local Branch                     : QPR1
07-03 17:20:52.993 17885 17907 I AdrenoGLES-0: Remote Branch                    : 
07-03 17:20:52.993 17885 17907 I AdrenoGLES-0: Remote Branch                    : 
07-03 17:20:52.993 17885 17907 I AdrenoGLES-0: Reconstruct Branch               : 
07-03 17:20:52.993 17885 17907 I AdrenoGLES-0: Build Config                     : C P 11.0.1 AArch64
07-03 17:20:52.993 17885 17907 I AdrenoGLES-0: Driver Path                      : /vendor/lib64/egl/libGLESv2_adreno.so
07-03 17:20:52.995 17885 17907 I AdrenoGLES-0: PFP: 0x016ee190, ME: 0x00000000
07-03 17:20:52.996 17885 17907 W AdrenoUtils: <ReadGpuID_from_sysfs:197>: Failed to open /sys/class/kgsl/kgsl-3d0/gpu_model
07-03 17:20:52.996 17885 17907 W AdrenoUtils: <ReadGpuID:221>: Failed to read chip ID from gpu_model. Fallback to use the GSL path
07-03 17:20:53.003   740   765 I SDM     : HWCDisplay::GetColorModeCount: Supported color mode count = 5
07-03 17:20:53.003   738   773 E HWComposer: getSupportedContentTypes: getSupportedContentTypes failed for display 0: Unsupported (8)
07-03 17:20:53.003 17885 17907 D hw-ProcessState: Binder ioctl to enable oneway spam detection failed: Invalid argument
07-03 17:20:53.005   693   693 I hwservicemanager: getTransport: Cannot find entry android.hardware.graphics.mapper@4.0::IMapper/default in either framework or device VINTF manifest.
07-03 17:20:53.005 17885 17911 I Gralloc4: mapper 4.x is not supported
07-03 17:20:53.005   693   693 I hwservicemanager: getTransport: Cannot find entry android.hardware.graphics.mapper@3.0::IMapper/default in either framework or device VINTF manifest.
07-03 17:20:53.005 17885 17911 W Gralloc3: mapper 3.x is not supported
07-03 17:20:53.005  6363  6363 I A       : (REDACTED) onApplyWindowInsets: systemWindowInsets=%s
07-03 17:20:53.005  6363  6363 I A       : (REDACTED) onApplyWindowInsets: systemWindowInsets=%s
07-03 17:20:53.007   693   693 I hwservicemanager: getTransport: Cannot find entry android.hardware.graphics.allocator@4.0::IAllocator/default in either framework or device VINTF manifest.
07-03 17:20:53.007 17885 17911 W Gralloc4: allocator 4.x is not supported
07-03 17:20:53.007   693   693 I hwservicemanager: getTransport: Cannot find entry android.hardware.graphics.allocator@3.0::IAllocator/default in either framework or device VINTF manifest.
07-03 17:20:53.007 17885 17911 W Gralloc3: allocator 3.x is not supported
07-03 17:20:53.022  1864  1990 W ziparchive: Unable to open '/data/app/~~urVxh1ZZA2mGkalhH7phFw==/com.example.batterymanager_utility-EokfPHLGpnc9qkXhdFGdVw==/base.dm': No such file or directory
07-03 17:20:53.023  1864  1990 I ActivityTaskManager: Displayed com.example.batterymanager_utility/.MainActivity: +344ms
07-03 17:20:53.037  4337  4337 I GoogleInputMethodService: GoogleInputMethodService.onFinishInput():3306 
07-03 17:20:53.038  4337  4337 I GoogleInputMethodService: GoogleInputMethodService.updateDeviceLockedStatus():2127 repeatCheckTimes = 0, locked = false
07-03 17:20:53.038  4337  4337 I GoogleInputMethodService: GoogleInputMethodService.onStartInput():1909 onStartInput(EditorInfo{inputType=0x0(NULL) imeOptions=0x0 privateImeOptions=null actionName=UNSPECIFIED actionLabel=null actionId=0 initialSelStart=-1 initialSelEnd=-1 initialCapsMode=0x0 hintText=null label=null packageName=com.example.batterymanager_utility fieldId=-1 fieldName=null extras=null hintLocales=[]}, false)
07-03 17:20:53.038  4337  4337 I GoogleInputMethodService: GoogleInputMethodService.shouldHideHeaderOnInitialState():1990 ShouldHideHeaderOnInitialState = false
07-03 17:20:53.038  4337  4337 I GoogleInputMethodService: GoogleInputMethodService.updateDeviceLockedStatus():2127 repeatCheckTimes = 1, locked = false
07-03 17:20:53.039  1864  1993 W ProcessStats: Tracking association SourceState{9927273 com.google.android.googlequicksearchbox:search/10135 BTopFgs #93382} whose proc state 2 is better than process ProcessState{3d4ea49 com.google.android.gms.persistent/10125 pkg=com.google.android.gms} proc state 3 (37 skipped)
07-03 17:20:53.039  6363  6363 I A       : onStop
07-03 17:20:53.137 17904 17904 I dex2oat64: Using CollectorTypeCC GC.
07-03 17:20:53.317  1864  2415 W InputManager-JNI: Input channel object '2da41be Splash Screen com.example.batterymanager_utility (client)' was disposed without first being removed with the input manager!
07-03 17:20:54.918 17904 17904 I dex2oat64: Explicit concurrent copying GC freed 88255(11MB) AllocSpace objects, 5(84KB) LOS objects, 27% free, 15MB/21MB, paused 23us,14us total 92.248ms
07-03 17:20:55.133 17904 17904 I dex2oat64: Explicit concurrent copying GC freed 41961(7495KB) AllocSpace objects, 0(0B) LOS objects, 41% free, 8512KB/14MB, paused 15us,13us total 43.885ms
07-03 17:20:55.600 17904 17904 I dex2oat64: dex2oat took 2.785s (5.785s cpu) (threads: 8) arena alloc=0B (0B) java alloc=8512KB (8716512B) native alloc=15MB (16378416B) free=4054KB (4151776B)
07-03 17:20:55.723 17887 17887 D app_process: Time zone APEX ICU file found: /apex/com.android.tzdata/etc/icu/icu_tzdata.dat
07-03 17:20:55.723 17887 17887 D app_process: I18n APEX ICU file found: /apex/com.android.i18n/etc/icu/icudt68l.dat
07-03 17:20:55.776 17887 17887 D ProcessState: Binder ioctl to enable oneway spam detection failed: Invalid argument
07-03 17:20:55.776 17887 17887 D AndroidRuntime: Calling main entry com.android.commands.monkey.Monkey
07-03 17:20:55.780 17887 17887 W Monkey  : args: [-p, e.www.microphonetest, 1]
07-03 17:20:55.781 17887 17887 W Monkey  :  arg: "-p"
07-03 17:20:55.781 17887 17887 W Monkey  :  arg: "e.www.microphonetest"
07-03 17:20:55.781 17887 17887 W Monkey  :  arg: "1"
07-03 17:20:55.781 17887 17887 W Monkey  : data="e.www.microphonetest"
07-03 17:20:55.839  1864  2005 W BroadcastQueue: Skipping deliver [background] BroadcastRecord{85094f5 u-1 android.net.conn.CONNECTIVITY_CHANGE} to ReceiverList{230428a 17887 (unknown name)/2000/u-1 remote:28e75df}: process gone or crashing
07-03 17:20:55.851  1864  2415 I ActivityTaskManager: START u0 {act=android.intent.action.MAIN cat=[android.intent.category.LAUNCHER] flg=0x10200000 cmp=e.www.microphonetest/.MainActivity} from uid 2000
07-03 17:20:55.851  1864  2415 W ActivityTaskManager: Can't find TaskDisplayArea to determine support for multi window. Task id=464 attached=false
07-03 17:20:55.854  1864  2415 D CompatibilityChangeReporter: Compat change id reported: 174042980; UID 10303; state: DISABLED
07-03 17:20:55.854  1864  2415 D CompatibilityChangeReporter: Compat change id reported: 184838306; UID 10303; state: DISABLED
07-03 17:20:55.855  1864  2415 D CompatibilityChangeReporter: Compat change id reported: 185004937; UID 10303; state: DISABLED
07-03 17:20:55.855  1864  2415 D CompatibilityChangeReporter: Compat change id reported: 181136395; UID 10303; state: DISABLED
07-03 17:20:55.855  1864  2415 D CompatibilityChangeReporter: Compat change id reported: 174042936; UID 10303; state: DISABLED
07-03 17:20:55.857  1864  2415 D CompatibilityChangeReporter: Compat change id reported: 168419799; UID 10303; state: DISABLED
07-03 17:20:55.861 17887 17887 I Monkey  : Events injected: 1
07-03 17:20:55.870  1864  1993 W ActivityManager: ProcessRecord{644bac4 0:e.www.microphonetest/u0a303}: ART verification disabled
07-03 17:20:55.870  1864  1993 D CompatibilityChangeReporter: Compat change id reported: 135634846; UID 10303; state: DISABLED
07-03 17:20:55.870  1864  1993 D CompatibilityChangeReporter: Compat change id reported: 177438394; UID 10303; state: DISABLED
07-03 17:20:55.870  1864  1993 D CompatibilityChangeReporter: Compat change id reported: 135772972; UID 10303; state: DISABLED
07-03 17:20:55.870  1864  1993 D CompatibilityChangeReporter: Compat change id reported: 135754954; UID 10303; state: DISABLED
07-03 17:20:55.870  1864  2006 D CompatibilityChangeReporter: Compat change id reported: 143937733; UID 10303; state: DISABLED
07-03 17:20:55.871 17887 17887 I Monkey  : ## Network stats: elapsed time=20ms (0ms mobile, 0ms wifi, 20ms not connected)
07-03 17:20:55.871 17887 17887 I app_process: System.exit called, status: 0
07-03 17:20:55.871 17887 17887 I AndroidRuntime: VM exiting with result code 0.
07-03 17:20:55.876  1232  1232 D Zygote  : Forked child process 17937
07-03 17:20:55.876  1864  2006 I ActivityManager: Start proc 17937:e.www.microphonetest/u0a303 for pre-top-activity {e.www.microphonetest/e.www.microphonetest.MainActivity}
07-03 17:20:55.885 17937 17937 I .microphonetes: Late-enabling -Xcheck:jni
07-03 17:20:55.896  2549  2889 W OpenGLRenderer: Surface doesn't have any previously queued frames, nothing to readback from
07-03 17:20:55.900  2549  2549 I WallpaperService: engine resumed
07-03 17:20:55.900  2549  2889 W OpenGLRenderer: Surface doesn't have any previously queued frames, nothing to readback from
07-03 17:20:55.916 17937 17937 I .microphonetes: Using CollectorTypeCC GC.
07-03 17:20:55.920  3373  3381 I adbd    : jdwp connection from 17937
07-03 17:20:55.923 17937 17937 D ProcessState: Binder ioctl to enable oneway spam detection failed: Invalid argument
07-03 17:20:55.932 17937 17937 D CompatibilityChangeReporter: Compat change id reported: 171979766; UID 10303; state: DISABLED
07-03 17:20:55.937 17937 17937 D ApplicationLoaders: Returning zygote-cached class loader: /system/framework/android.test.base.jar
07-03 17:20:55.937 17937 17937 W ziparchive: Unable to open '/data/app/~~RqdGdjZfN6xPT_0PCS9IoA==/e.www.microphonetest-wG4eN2QXGX4pyU4Bfsh5ew==/base.dm': No such file or directory
07-03 17:20:55.937 17937 17937 W ziparchive: Unable to open '/data/app/~~RqdGdjZfN6xPT_0PCS9IoA==/e.www.microphonetest-wG4eN2QXGX4pyU4Bfsh5ew==/base.dm': No such file or directory
07-03 17:20:55.964 17937 17937 D nativeloader: Configuring classloader-namespace for other apk /data/app/~~RqdGdjZfN6xPT_0PCS9IoA==/e.www.microphonetest-wG4eN2QXGX4pyU4Bfsh5ew==/base.apk. target_sdk_version=28, uses_libraries=, library_path=/data/app/~~RqdGdjZfN6xPT_0PCS9IoA==/e.www.microphonetest-wG4eN2QXGX4pyU4Bfsh5ew==/lib/arm64, permitted_path=/data:/mnt/expand:/data/user/0/e.www.microphonetest
07-03 17:20:55.971 17937 17937 V GraphicsEnvironment: ANGLE Developer option for 'e.www.microphonetest' set to: 'default'
07-03 17:20:55.972 17937 17937 V GraphicsEnvironment: App is not on the allowlist for updatable production driver.
07-03 17:20:55.973 17937 17937 D NetworkSecurityConfig: No Network Security Config specified, using platform default
07-03 17:20:55.973 17937 17937 D NetworkSecurityConfig: No Network Security Config specified, using platform default
07-03 17:20:55.994  1864  2354 D ConnectivityService: NetReassign [no changes] [c 0] [a 1] [i 1]
07-03 17:20:56.001 17937 17937 W .microphonetes: Accessing hidden method Landroid/view/View;->computeFitSystemWindows(Landroid/graphics/Rect;Landroid/graphics/Rect;)Z (unsupported, reflection, allowed)
07-03 17:20:56.001 17937 17937 W .microphonetes: Accessing hidden method Landroid/view/ViewGroup;->makeOptionalFitsSystemWindows()V (unsupported, reflection, allowed)
07-03 17:20:56.006  1490 13637 W StagefrightRecorder: stop while neither recording nor paused
07-03 17:20:56.011  1490 13637 D MPEG4Writer: PreAllocation disabled. fallocate : Operation not supported on transport endpoint, 95
07-03 17:20:56.016  1317 17961 I AudioFlinger: AudioFlinger's thread 0x71fd832c60 tid=17961 ready to run
07-03 17:20:56.019  1490 13637 W AudioRecord: createRecord_l(292): Server adjusted notificationFrames from 1024 to 160 for frameCount 2048
07-03 17:20:56.019  1317  8771 W AudioFlinger: acquireAudioSessionId() unknown client 17937 for session 2561
07-03 17:20:56.019  1490 13637 D MediaCodecList: codecHandlesFormat: no format, so no extra checks
07-03 17:20:56.020  1490 17962 D CCodec  : allocate(c2.android.amrnb.encoder)
07-03 17:20:56.021  1490 17962 I CCodec  : setting up 'default' as default (vendor) store
07-03 17:20:56.021  1509  2514 V C2Store : in init
07-03 17:20:56.022  1509  2514 V C2Store : loading dll
07-03 17:20:56.024  1490 17962 I CCodec  : Created component [c2.android.amrnb.encoder]
07-03 17:20:56.024  1490 17962 D CCodecConfig: read media type: audio/3gpp
07-03 17:20:56.026  1490 17962 D ReflectedParamUpdater: extent() != 1 for single value type: algo.buffers.max-count.values
07-03 17:20:56.027  1490 17962 D ReflectedParamUpdater: extent() != 1 for single value type: output.subscribed-indices.values
07-03 17:20:56.027  1490 17962 D ReflectedParamUpdater: extent() != 1 for single value type: input.buffers.allocator-ids.values
07-03 17:20:56.027  1490 17962 D ReflectedParamUpdater: extent() != 1 for single value type: output.buffers.allocator-ids.values
07-03 17:20:56.027  1490 17962 D ReflectedParamUpdater: extent() != 1 for single value type: algo.buffers.allocator-ids.values
07-03 17:20:56.027  1490 17962 D ReflectedParamUpdater: extent() != 1 for single value type: output.buffers.pool-ids.values
07-03 17:20:56.027  1490 17962 D ReflectedParamUpdater: extent() != 1 for single value type: algo.buffers.pool-ids.values
07-03 17:20:56.029  1490 17962 I CCodecConfig: query failed after returning 7 values (BAD_INDEX)
07-03 17:20:56.029  1490 17962 D CCodecConfig: c2 config diff is Dict {
07-03 17:20:56.029  1490 17962 D CCodecConfig:   c2::u32 coded.bitrate.value = 4750
07-03 17:20:56.029  1490 17962 D CCodecConfig:   c2::u32 input.buffers.max-size.value = 8192
07-03 17:20:56.029  1490 17962 D CCodecConfig:   c2::u32 input.delay.value = 0
07-03 17:20:56.029  1490 17962 D CCodecConfig:   string input.media-type.value = "audio/raw"
07-03 17:20:56.029  1490 17962 D CCodecConfig:   string output.media-type.value = "audio/3gpp"
07-03 17:20:56.029  1490 17962 D CCodecConfig:   c2::u32 raw.channel-count.value = 1
07-03 17:20:56.029  1490 17962 D CCodecConfig:   c2::u32 raw.sample-rate.value = 8000
07-03 17:20:56.029  1490 17962 D CCodecConfig: }
07-03 17:20:56.030  1490 17962 I MediaCodec: MediaCodec will operate in async mode
07-03 17:20:56.030  1490 13637 D MediaCodec: shapeMediaFormat: deltas(0): AMessage(what = 0x00000000) = {
07-03 17:20:56.030  1490 13637 D MediaCodec:   }
07-03 17:20:56.030  1490 17962 D CCodec  : [c2.android.amrnb.encoder] buffers are bound to CCodec for this session
07-03 17:20:56.030  1490 17962 D CCodecConfig: no c2 equivalents for flags
07-03 17:20:56.030  1490 17962 D CCodecConfig: no c2 equivalents for encoder
07-03 17:20:56.031  1490 17962 D CCodecConfig: config failed => CORRUPTED
07-03 17:20:56.031  1490 17962 D CCodecConfig: c2 config diff is   c2::u32 coded.bitrate.value = 12200
07-03 17:20:56.031  1490 17962 W Codec2Client: query -- param skipped: index = 1107298332.
07-03 17:20:56.032  1490 17962 D CCodec  : client requested max input size 2048, which is smaller than what component recommended (8192); overriding with component recommendation.
07-03 17:20:56.032  1490 17962 W CCodec  : This behavior is subject to change. It is recommended that app developers double check whether the requested max input size is in reasonable range.
07-03 17:20:56.032  1490 17962 D CCodec  : setup formats input: AMessage(what = 0x00000000) = {
07-03 17:20:56.032  1490 17962 D CCodec  :   int32_t channel-count = 1
07-03 17:20:56.032  1490 17962 D CCodec  :   int32_t max-input-size = 8192
07-03 17:20:56.032  1490 17962 D CCodec  :   string mime = "audio/raw"
07-03 17:20:56.032  1490 17962 D CCodec  :   int32_t sample-rate = 8000
07-03 17:20:56.032  1490 17962 D CCodec  : }
07-03 17:20:56.032  1490 17962 D CCodec  : setup formats output: AMessage(what = 0x00000000) = {
07-03 17:20:56.032  1490 17962 D CCodec  :   int32_t bitrate = 12200
07-03 17:20:56.032  1490 17962 D CCodec  :   int32_t channel-count = 1
07-03 17:20:56.032  1490 17962 D CCodec  :   int32_t max-bitrate = 12200
07-03 17:20:56.032  1490 17962 D CCodec  :   string mime = "audio/3gpp"
07-03 17:20:56.032  1490 17962 D CCodec  :   int32_t sample-rate = 8000
07-03 17:20:56.032  1490 17962 D CCodec  : }
07-03 17:20:56.032  1490 17962 I CCodecConfig: query failed after returning 7 values (BAD_INDEX)
07-03 17:20:56.032  1490 13637 D MediaCodec: keep callback message for reclaim
07-03 17:20:56.032  1490 17962 W Codec2Client: query -- param skipped: index = 1342179345.
07-03 17:20:56.032  1490 17962 W Codec2Client: query -- param skipped: index = 2415921170.
07-03 17:20:56.033  1490 17962 W Codec2Client: query -- param skipped: index = 3254792206.
07-03 17:20:56.033  1490 17962 W Codec2Client: query -- param skipped: index = 3254792194.
07-03 17:20:56.034  1490 17962 D CCodecBufferChannel: [c2.android.amrnb.encoder#992] Created input block pool with allocatorID 16 => poolID 244 - OK (0)
07-03 17:20:56.034  1509  2515 D BufferPoolAccessor2.0: bufferpool2 0x7163c95968 : 0(0 size) total buffers - 0(0 size) used buffers - 3298/3305 (recycle/alloc) - 12/3110 (fetch/transfer)
07-03 17:20:56.034  1509  2515 D BufferPoolAccessor2.0: Destruction - bufferpool2 0x7163c95968 cached: 0/0M, 0/0% in use; allocs: 3305, 100% recycled; transfers: 3110, 100% unfetched
07-03 17:20:56.034  1490 17962 I CCodecBufferChannel: [c2.android.amrnb.encoder#992] Created output block pool with allocatorID 16 => poolID 256 - OK
07-03 17:20:56.034  1490 17962 D CCodecBufferChannel: [c2.android.amrnb.encoder#992] Configured output block pool ids 256 => OK
07-03 17:20:56.034  1490 16892 D BufferPoolAccessor2.0: bufferpool2 0xe7e41108 : 0(0 size) total buffers - 0(0 size) used buffers - 3304/3309 (recycle/alloc) - 5/6608 (fetch/transfer)
07-03 17:20:56.035  1490 16892 D BufferPoolAccessor2.0: Destruction - bufferpool2 0xe7e41108 cached: 0/0M, 0/0% in use; allocs: 3309, 100% recycled; transfers: 6608, 100% unfetched
07-03 17:20:56.035  1509 17963 D SimpleC2Component: Using output block pool with poolID 256 => got 256 - 0
07-03 17:20:56.035  1490 13637 D MPEG4Writer: fpathconf _PC_FILESIZEBITS:64
07-03 17:20:56.035  1490 13637 D MPEG4Writer: File size limit set to 4503599627370495 bytes implicitly
07-03 17:20:56.035  1490 13637 D MPEG4Writer: MP4WtrCtrlHlpLooper Started
07-03 17:20:56.036  1490 13637 I MPEG4Writer: limits: 4503599627370495/0 bytes/us, bit rate: 12200 bps and the estimated moov size 3192 bytes
07-03 17:20:56.036  1490 17959 I MediaCodecSource: MediaCodecSource (audio) starting
07-03 17:20:56.041  1864  4414 I SoundTriggerMiddlewareLogging: setCaptureState[this=com.android.server.soundtrigger_middleware.SoundTriggerMiddlewareImpl@b58e9e6, client=null](true)
07-03 17:20:56.042  1490 17959 I MediaCodecSource: MediaCodecSource (audio) started
07-03 17:20:56.043  1250 17967 D sound_trigger_platform: platform_stdev_check_and_update_concurrency: concurrency active 0, tx 1, rx 0, concurrency session_allowed 1
07-03 17:20:56.043  1250 17967 D audio_hw_primary: enable_snd_device: snd_device(47: handset-mic)
07-03 17:20:56.043  1250 17967 D audio_route: Apply path: handset-mic
07-03 17:20:56.044  1250 17967 I soundtrigger: audio_extn_sound_trigger_update_stream_status: send event 13: usecase id 10, type 1
07-03 17:20:56.044  1250 17967 D sound_trigger_platform: platform_stdev_check_and_update_concurrency: concurrency active 0, tx 1, rx 0, concurrency session_allowed 1
07-03 17:20:56.044  1250 17967 D sound_trigger_platform: platform_stdev_check_concurrency_supported: capture concurrency  allowed, usecase type 1 voice_concur 0 voip_concur 0
07-03 17:20:56.045  1250 17967 D ACDB-LOADER: ACDB -> send_audio_cal, acdb_id = 4, path = 1, app id = 0x11132, sample rate = 48000
07-03 17:20:56.045  1250 17967 D ACDB-LOADER: ACDB -> send_asm_topology
07-03 17:20:56.045  1250 17967 D ACDB-LOADER: ACDB -> ACDB_CMD_GET_AUDPROC_STREAM_TOPOLOGY_ID
07-03 17:20:56.045  1250 17967 D ACDB-LOADER: ACDB -> send_adm_topology
07-03 17:20:56.045  1250 17967 D ACDB-LOADER: ACDB -> ACDB_CMD_GET_AUDPROC_COMMON_TOPOLOGY_ID
07-03 17:20:56.045  1250 17967 D ACDB-LOADER: ACDB -> send_audtable
07-03 17:20:56.045  1250 17967 D ACDB-LOADER: ACDB -> ACDB_CMD_GET_AUDPROC_COMMON_TABLE_SIZE
07-03 17:20:56.045  1250 17967 D ACDB-LOADER: ACDB -> ACDB_CMD_GET_AUDPROC_COMMON_TABLE
07-03 17:20:56.045  1250 17967 D ACDB-LOADER: ACDB -> AUDIO_SET_AUDPROC_CAL
07-03 17:20:56.045  1250 17967 D ACDB-LOADER: ACDB -> send_audvoltable
07-03 17:20:56.045  1250 17967 D ACDB-LOADER: ACDB -> ACDB_CMD_GET_AUDPROC_VOL_STEP_TABLE_SIZE
07-03 17:20:56.045  1250 17967 D ACDB-LOADER: ACDB -> ACDB_CMD_GET_AUDPROC_GAIN_DEP_STEP_TABLE, vol index 0
07-03 17:20:56.045  1250 17967 D android.hardware.audio.service: Failed to fetch the lookup information of the device 00000004 
07-03 17:20:56.045  1250 17967 E ACDB-LOADER: Error: ACDB AudProc vol returned = -19
07-03 17:20:56.045  1250 17967 D ACDB-LOADER: ACDB -> AUDIO_SET_VOL_CAL cal type = 12
07-03 17:20:56.045  1250 17967 D ACDB-LOADER: ACDB -> ACDB_CMD_GET_AUDPROC_STREAM_TABLE_SIZE
07-03 17:20:56.045  1250 17967 D ACDB-LOADER: ACDB -> send_audstrmtable
07-03 17:20:56.045  1250 17967 D ACDB-LOADER: ACDB -> ACDB_CMD_GET_AUDPROC_STREAM_TABLE_V2
07-03 17:20:56.045  1250 17967 D ACDB-LOADER: ACDB -> audstrm_cal->cal_type.cal_data.cal_size = 16
07-03 17:20:56.045  1250 17967 D ACDB-LOADER: ACDB -> send_afe_topology
07-03 17:20:56.045  1250 17967 D ACDB-LOADER: ACDB -> ACDB_CMD_GET_AFE_TOPOLOGY_ID
07-03 17:20:56.045  1250 17967 D ACDB-LOADER: ACDB -> GET_AFE_TOPOLOGY_ID for adcd_id 4, Topology Id 112fb
07-03 17:20:56.045  1250 17967 D ACDB-LOADER: ACDB -> send_afe_cal
07-03 17:20:56.045  1250 17967 D ACDB-LOADER: ACDB -> ACDB_CMD_GET_AFE_COMMON_TABLE_SIZE
07-03 17:20:56.045  1250 17967 D android.hardware.audio.service: Failed to fetch the lookup information of the device 00000004 
07-03 17:20:56.045  1250 17967 E ACDB-LOADER: Error: ACDB_CMD_GET_AFE_COMMON_TABLE_SIZE Returned = -19
07-03 17:20:56.045  1250 17967 D ACDB-LOADER: ACDB -> ACDB_CMD_GET_AFE_COMMON_TABLE
07-03 17:20:56.045  1250 17967 D android.hardware.audio.service: Failed to fetch the lookup information of the device 00000004 
07-03 17:20:56.045  1250 17967 E ACDB-LOADER: Error: ACDB AFE returned = -19
07-03 17:20:56.045  1250 17967 D ACDB-LOADER: ACDB -> AUDIO_SET_AFE_CAL
07-03 17:20:56.045  1250 17967 D ACDB-LOADER: ACDB -> send_hw_delay : acdb_id = 4 path = 1
07-03 17:20:56.045  1250 17967 D ACDB-LOADER: ACDB -> ACDB_AVSYNC_INFO: ACDB_CMD_GET_DEVICE_PROPERTY
07-03 17:20:56.045  1250 17967 D audio_hw_primary: enable_audio_route: usecase(10) apply and update mixer path: audio-record
07-03 17:20:56.045  1250 17967 D audio_route: Apply path: audio-record
07-03 17:20:56.071  1864  1994 D CompatibilityChangeReporter: Compat change id reported: 158002302; UID 10303; state: ENABLED
07-03 17:20:56.073 17937 17956 I AdrenoGLES-0: QUALCOMM build                   : 781e7d0, I46ff5fc46f
07-03 17:20:56.073 17937 17956 I AdrenoGLES-0: Build Date                       : 12/01/20
07-03 17:20:56.073 17937 17956 I AdrenoGLES-0: OpenGL ES Shader Compiler Version: EV031.31.04.01
07-03 17:20:56.073 17937 17956 I AdrenoGLES-0: Local Branch                     : QPR1
07-03 17:20:56.073 17937 17956 I AdrenoGLES-0: Remote Branch                    : 
07-03 17:20:56.073 17937 17956 I AdrenoGLES-0: Remote Branch                    : 
07-03 17:20:56.073 17937 17956 I AdrenoGLES-0: Reconstruct Branch               : 
07-03 17:20:56.073 17937 17956 I AdrenoGLES-0: Build Config                     : C P 11.0.1 AArch64
07-03 17:20:56.073 17937 17956 I AdrenoGLES-0: Driver Path                      : /vendor/lib64/egl/libGLESv2_adreno.so
07-03 17:20:56.075 17937 17956 I AdrenoGLES-0: PFP: 0x016ee190, ME: 0x00000000
07-03 17:20:56.076 17937 17956 W AdrenoUtils: <ReadGpuID_from_sysfs:197>: Failed to open /sys/class/kgsl/kgsl-3d0/gpu_model
07-03 17:20:56.076 17937 17956 W AdrenoUtils: <ReadGpuID:221>: Failed to read chip ID from gpu_model. Fallback to use the GSL path
07-03 17:20:56.081   740   765 I SDM     : HWCDisplay::GetColorModeCount: Supported color mode count = 5
07-03 17:20:56.081   738   773 E HWComposer: getSupportedContentTypes: getSupportedContentTypes failed for display 0: Unsupported (8)
07-03 17:20:56.082 17937 17956 D hw-ProcessState: Binder ioctl to enable oneway spam detection failed: Invalid argument
07-03 17:20:56.083   693   693 I hwservicemanager: getTransport: Cannot find entry android.hardware.graphics.mapper@4.0::IMapper/default in either framework or device VINTF manifest.
07-03 17:20:56.083 17937 17969 I Gralloc4: mapper 4.x is not supported
07-03 17:20:56.083   693   693 I hwservicemanager: getTransport: Cannot find entry android.hardware.graphics.mapper@3.0::IMapper/default in either framework or device VINTF manifest.
07-03 17:20:56.084 17937 17969 W Gralloc3: mapper 3.x is not supported
07-03 17:20:56.085   693   693 I hwservicemanager: getTransport: Cannot find entry android.hardware.graphics.allocator@4.0::IAllocator/default in either framework or device VINTF manifest.
07-03 17:20:56.085 17937 17969 W Gralloc4: allocator 4.x is not supported
07-03 17:20:56.085   693   693 I hwservicemanager: getTransport: Cannot find entry android.hardware.graphics.allocator@3.0::IAllocator/default in either framework or device VINTF manifest.
07-03 17:20:56.085 17937 17969 W Gralloc3: allocator 3.x is not supported
07-03 17:20:56.096  1864  1990 W ziparchive: Unable to open '/data/app/~~RqdGdjZfN6xPT_0PCS9IoA==/e.www.microphonetest-wG4eN2QXGX4pyU4Bfsh5ew==/base.dm': No such file or directory
07-03 17:20:56.097  1864  1990 I ActivityTaskManager: Displayed e.www.microphonetest/.MainActivity: +244ms
07-03 17:20:56.103  4337  4337 I GoogleInputMethodService: GoogleInputMethodService.onFinishInput():3306 
07-03 17:20:56.104  4337  4337 I GoogleInputMethodService: GoogleInputMethodService.updateDeviceLockedStatus():2127 repeatCheckTimes = 0, locked = false
07-03 17:20:56.104  4337  4337 I GoogleInputMethodService: GoogleInputMethodService.onStartInput():1909 onStartInput(EditorInfo{inputType=0x0(NULL) imeOptions=0x0 privateImeOptions=null actionName=UNSPECIFIED actionLabel=null actionId=0 initialSelStart=-1 initialSelEnd=-1 initialCapsMode=0x0 hintText=null label=null packageName=e.www.microphonetest fieldId=-1 fieldName=null extras=null hintLocales=[]}, false)
07-03 17:20:56.104  4337  4337 I GoogleInputMethodService: GoogleInputMethodService.shouldHideHeaderOnInitialState():1990 ShouldHideHeaderOnInitialState = false
07-03 17:20:56.104  4337  4337 I GoogleInputMethodService: GoogleInputMethodService.updateDeviceLockedStatus():2127 repeatCheckTimes = 1, locked = false
07-03 17:20:56.121  1490 17968 I MPEG4Writer: setStartTimestampUs: 58648
07-03 17:20:56.121  1490 17968 I MPEG4Writer: Earliest track starting time: 58648
07-03 17:20:56.390  1864  5066 W InputManager-JNI: Input channel object '7d7fd56 Splash Screen e.www.microphonetest (client)' was disposed without first being removed with the input manager!
07-03 17:20:56.496  2549  2549 I WallpaperService: engine paused
07-03 17:20:57.044 17975 17975 D ProcessState: Binder ioctl to enable oneway spam detection failed: Invalid argument
07-03 17:20:57.394 17991 17991 D ProcessState: Binder ioctl to enable oneway spam detection failed: Invalid argument
07-03 17:20:57.398  1864  5066 I ActivityManager: Background started FGS: Allowed [callingPackage: com.android.shell; callingUid: 2000; uidState: NONE; intent: Intent { cmp=com.example.batterymanager_utility/.DataCollectionService (has extras) }; code:SYSTEM_UID; tempAllowListReason:<,reasonCode:SYSTEM_ALLOW_LISTED,duration:9223372036854775807,callingUid:-1>; targetSdkVersion:33; callerTargetSdkVersion:-1; startForegroundCount:0; bindFromPackage:null]
07-03 17:20:57.409 17885 17885 I BatteryMgr:DataCollectionService: onStartCommand: begin
07-03 17:20:57.409 17885 17885 I BatteryMgr:DataCollectionService: onStartCommand: sampleRate => 1000
07-03 17:20:57.409 17885 17885 I BatteryMgr:DataCollectionService: onStartCommand: rawFields => Timestamp,BATTERY_PROPERTY_CURRENT_NOW,EXTRA_VOLTAGE
07-03 17:20:57.411 17885 17885 I BatteryMgr:DataCollectionService: onStartCommand: notification done
07-03 17:20:57.414 17885 17885 I BatteryMgr:DataCollectionService: started foreground
07-03 17:20:57.424 17885 17994 I BatteryMgr:DataCollectionService: collectData: begin
07-03 17:20:57.429 17885 17994 I BatteryMgr:DataCollectionService: stats => 1688397657429,345937,4181
07-03 17:20:58.442 17885 17994 I BatteryMgr:DataCollectionService: stats => 1688397658442,122812,4181
07-03 17:20:58.481 17885 18002 D ProfileInstaller: Installing profile for com.example.batterymanager_utility
07-03 17:20:59.022  1864  2354 D ConnectivityService: NetReassign [no changes] [c 1] [a 0] [i 3]
07-03 17:20:59.450 17885 17994 I BatteryMgr:DataCollectionService: stats => 1688397659450,124687,4181
07-03 17:21:00.011  3568  3933 I AiAiEcho: Predicting[7]: { Feature:1, creation:2023-07-03T15:14:09.599Z, expiry:2023-07-03T16:00:00Z, isExpired: false}, { Feature:1, creation:2023-07-03T16:00:00Z, expiry:2023-07-03T17:00:00Z, isExpired: true}, { Feature:1, creation:2023-07-03T17:00:00Z, expiry:2023-07-03T18:00:00Z, isExpired: true}, { Feature:1, creation:2023-07-03T18:00:00Z, expiry:2023-07-03T19:00:00Z, isExpired: true}, { Feature:1, creation:2023-07-03T19:00:00Z, expiry:2023-07-03T20:00:00Z, isExpired: true}, { Feature:1, creation:2023-07-03T20:00:00Z, expiry:2023-07-03T21:00:00Z, isExpired: true}, { Feature:1, creation:2023-07-03T21:00:00Z, expiry:2023-07-03T21:14:09.599Z, isExpired: true}
07-03 17:21:00.013  3568  3933 I AiAiEcho: EchoTargets: Feature:1
07-03 17:21:00.013  3568  3933 I AiAiEcho: Filtered by AiAi flag check: 
07-03 17:21:00.013  3568  3933 I AiAiEcho: Ranked targets strategy: WEIGHTED, count: 1, ranking metadata: { cardId: WEATHER-569377243, card type: 1, update time: 2023-07-03T15:14:09.599Z, expiration time: 2023-07-03T16:00:00Z, ranking metadata: RankingMetaData(urgency=0.986, priority=0.3, recency=1.0, rankScore=0.2958, importantTimePoints=# kwj@7bca4) }
07-03 17:21:00.015  3568  3933 I AiAiEcho: #postPredictionTargets: Sending updates to UISurface lockscreen with targets# 1 (types=[1])
07-03 17:21:00.033  2439  2439 W BcSmartspaceCard: No title view to update
07-03 17:21:00.462 17885 17994 I BatteryMgr:DataCollectionService: stats => 1688397660462,110625,4181
07-03 17:21:01.035  1509  2465 D BufferPoolAccessor2.0: evictor expired: 1, evicted: 0
07-03 17:21:01.037  1490 13610 D BufferPoolAccessor2.0: evictor expired: 1, evicted: 0
07-03 17:21:01.098  1490 17962 D BufferPoolAccessor2.0: bufferpool2 0xe7e421e8 : 5(40960 size) total buffers - 4(32768 size) used buffers - 266/271 (recycle/alloc) - 5/532 (fetch/transfer)
07-03 17:21:01.118  1509 17963 D BufferPoolAccessor2.0: bufferpool2 0x7163c89728 : 6(2880 size) total buffers - 1(640 size) used buffers - 262/268 (recycle/alloc) - 1/250 (fetch/transfer)
07-03 17:21:01.474 17885 17994 I BatteryMgr:DataCollectionService: stats => 1688397661474,129687,4181
07-03 17:21:02.037  1864  2354 D ConnectivityService: NetReassign [no changes] [c 1] [a 0] [i 2]
07-03 17:21:02.488 17885 17994 I BatteryMgr:DataCollectionService: stats => 1688397662488,96250,4181
07-03 17:21:03.503 17885 17994 I BatteryMgr:DataCollectionService: stats => 1688397663502,358437,4181
07-03 17:21:04.513 17885 17994 I BatteryMgr:DataCollectionService: stats => 1688397664513,200625,4181
07-03 17:21:05.074  1864  2354 D ConnectivityService: NetReassign [no changes] [c 0] [a 0] [i 4]
07-03 17:21:05.520 17885 17994 I BatteryMgr:DataCollectionService: stats => 1688397665520,181875,4181
07-03 17:21:06.164  1490 17962 D BufferPoolAccessor2.0: bufferpool2 0xe7e421e8 : 5(40960 size) total buffers - 4(32768 size) used buffers - 534/539 (recycle/alloc) - 5/1069 (fetch/transfer)
07-03 17:21:06.237  1509 17963 D BufferPoolAccessor2.0: bufferpool2 0x7163c89728 : 7(3520 size) total buffers - 1(640 size) used buffers - 533/540 (recycle/alloc) - 2/506 (fetch/transfer)
07-03 17:21:06.529 17885 17994 I BatteryMgr:DataCollectionService: stats => 1688397666529,132812,4181
07-03 17:21:07.537 17885 17994 I BatteryMgr:DataCollectionService: stats => 1688397667537,130937,4181
07-03 17:21:08.080 26275 26275 D BoundBrokerSvc: onUnbind: Intent { act=com.google.android.gms.inappreach.service.START dat=chimera-action: cmp=com.google.android.gms/.chimera.GmsApiService }
07-03 17:21:08.081  1864  4414 W ProcessStats: Tracking association SourceState{f4a1850 system/1000 BTopFgs #93397} whose proc state 2 is better than process ProcessState{3d4ea49 com.google.android.gms.persistent/10125 pkg=com.google.android.gms} proc state 3 (31 skipped)
07-03 17:21:08.099  1864  2354 D ConnectivityService: NetReassign [no changes] [c 1] [a 0] [i 2]
07-03 17:21:08.546 17885 17994 I BatteryMgr:DataCollectionService: stats => 1688397668546,107187,4181
07-03 17:21:09.556 17885 17994 I BatteryMgr:DataCollectionService: stats => 1688397669556,110937,4181
07-03 17:21:10.569 17885 17994 I BatteryMgr:DataCollectionService: stats => 1688397670569,109375,4181
07-03 17:21:11.114  1864  2354 D ConnectivityService: NetReassign [no changes] [c 1] [a 0] [i 3]
07-03 17:21:11.234  1490 17962 D BufferPoolAccessor2.0: bufferpool2 0xe7e421e8 : 5(40960 size) total buffers - 4(32768 size) used buffers - 802/807 (recycle/alloc) - 5/1605 (fetch/transfer)
07-03 17:21:11.279  1509 17963 D BufferPoolAccessor2.0: bufferpool2 0x7163c89728 : 7(3520 size) total buffers - 1(640 size) used buffers - 801/808 (recycle/alloc) - 3/759 (fetch/transfer)
07-03 17:21:11.583 17885 17994 I BatteryMgr:DataCollectionService: stats => 1688397671583,130937,4181
07-03 17:21:12.595 17885 17994 I BatteryMgr:DataCollectionService: stats => 1688397672595,100000,4181
07-03 17:21:13.607 17885 17994 I BatteryMgr:DataCollectionService: stats => 1688397673607,127812,4181
07-03 17:21:14.141  1864  2354 D ConnectivityService: NetReassign [no changes] [c 0] [a 1] [i 3]
07-03 17:21:14.615 17885 17994 I BatteryMgr:DataCollectionService: stats => 1688397674615,202187,4181
07-03 17:21:15.622 17885 17994 I BatteryMgr:DataCollectionService: stats => 1688397675622,130000,4181
07-03 17:21:16.299  1490 16892 D BufferPoolAccessor2.0: bufferpool2 0xe7e421e8 : 5(40960 size) total buffers - 4(32768 size) used buffers - 1072/1077 (recycle/alloc) - 5/2146 (fetch/transfer)
07-03 17:21:16.420  1509 17963 D BufferPoolAccessor2.0: bufferpool2 0x7163c89728 : 7(3520 size) total buffers - 1(640 size) used buffers - 1074/1081 (recycle/alloc) - 4/1015 (fetch/transfer)
07-03 17:21:16.634 17885 17994 I BatteryMgr:DataCollectionService: stats => 1688397676634,120000,4181
07-03 17:21:17.167  1864  2354 D ConnectivityService: NetReassign [no changes] [c 1] [a 0] [i 4]
07-03 17:21:17.642 17885 17994 I BatteryMgr:DataCollectionService: stats => 1688397677642,200000,4181
07-03 17:21:18.652 17885 17994 I BatteryMgr:DataCollectionService: stats => 1688397678652,203750,4181
07-03 17:21:19.663 17885 17994 I BatteryMgr:DataCollectionService: stats => 1688397679663,125000,4181
07-03 17:21:20.183  1864  2354 D ConnectivityService: NetReassign [no changes] [c 0] [a 0] [i 4]
07-03 17:21:20.673 17885 17994 I BatteryMgr:DataCollectionService: stats => 1688397680673,153750,4181
07-03 17:21:21.356  1490 17962 D BufferPoolAccessor2.0: bufferpool2 0xe7e421e8 : 5(40960 size) total buffers - 4(32768 size) used buffers - 1341/1346 (recycle/alloc) - 5/2683 (fetch/transfer)
07-03 17:21:21.518  1509 17963 D BufferPoolAccessor2.0: bufferpool2 0x7163c89728 : 7(3520 size) total buffers - 1(640 size) used buffers - 1345/1352 (recycle/alloc) - 4/1271 (fetch/transfer)
07-03 17:21:21.687 17885 17994 I BatteryMgr:DataCollectionService: stats => 1688397681686,125000,4181
07-03 17:21:22.695 17885 17994 I BatteryMgr:DataCollectionService: stats => 1688397682695,107500,4181
07-03 17:21:23.200  1864  2354 D ConnectivityService: NetReassign [no changes] [c 1] [a 0] [i 3]
07-03 17:21:23.703 17885 17994 I BatteryMgr:DataCollectionService: stats => 1688397683703,197187,4181
07-03 17:21:24.711 17885 17994 I BatteryMgr:DataCollectionService: stats => 1688397684711,106250,4181
07-03 17:21:25.724 17885 17994 I BatteryMgr:DataCollectionService: stats => 1688397685723,107500,4181
07-03 17:21:26.224  1864  2354 D ConnectivityService: NetReassign [no changes] [c 1] [a 0] [i 3]
07-03 17:21:26.418  1490 17962 D BufferPoolAccessor2.0: bufferpool2 0xe7e421e8 : 5(40960 size) total buffers - 4(32768 size) used buffers - 1610/1615 (recycle/alloc) - 5/3221 (fetch/transfer)
07-03 17:21:26.582  1509 17963 D BufferPoolAccessor2.0: bufferpool2 0x7163c89728 : 7(3520 size) total buffers - 1(384 size) used buffers - 1613/1620 (recycle/alloc) - 5/1523 (fetch/transfer)
07-03 17:21:26.734 17885 17994 I BatteryMgr:DataCollectionService: stats => 1688397686734,141875,4181
07-03 17:21:27.745 17885 17994 I BatteryMgr:DataCollectionService: stats => 1688397687745,180000,4181
07-03 17:21:28.759 17885 17994 I BatteryMgr:DataCollectionService: stats => 1688397688759,119375,4181
07-03 17:21:29.238  1864  2354 D ConnectivityService: NetReassign [no changes] [c 1] [a 0] [i 3]
07-03 17:21:29.772 17885 17994 I BatteryMgr:DataCollectionService: stats => 1688397689772,107500,4181
07-03 17:21:30.785 17885 17994 I BatteryMgr:DataCollectionService: stats => 1688397690785,113750,4181
07-03 17:21:31.516  1490 17962 D BufferPoolAccessor2.0: bufferpool2 0xe7e421e8 : 5(40960 size) total buffers - 4(32768 size) used buffers - 1881/1886 (recycle/alloc) - 5/3763 (fetch/transfer)
07-03 17:21:31.679  1509 17963 D BufferPoolAccessor2.0: bufferpool2 0x7163c89728 : 7(3520 size) total buffers - 1(640 size) used buffers - 1884/1891 (recycle/alloc) - 7/1778 (fetch/transfer)
07-03 17:21:31.800 17885 17994 I BatteryMgr:DataCollectionService: stats => 1688397691799,119687,4181
