--------- beginning of main
07-04 09:45:13.463 13517 13517 E adbd    : recv: OPEN 000000de 00000000 003a:73 68 65 6C 6C 2C 76 32 2C 54 45 52 4D 3D 73 63 72 65 65 6E 2C 72 61 77 3A 67 65 74 70 72 6F 70 20 72 6F 2E 62 75 69 6C 64 2E 76 65 72 73 69 6F 6E 2E 72 65 6C 65 61 73 65 00 
07-04 09:45:13.463 13517 13517 E adbd    : service_to_fd: shell,v2,TERM=screen,raw:getprop ro.build.version.release
07-04 09:45:13.545 13517 13517 E adbd    : recv: OPEN 000000e1 00000000 0036:73 68 65 6C 6C 2C 76 32 2C 54 45 52 4D 3D 73 63 72 65 65 6E 2C 72 61 77 3A 67 65 74 70 72 6F 70 20 72 6F 2E 62 75 69 6C 64 2E 76 65 72 73 69 6F 6E 2E 73 64 6B 00 
07-04 09:45:13.545 13517 13517 E adbd    : service_to_fd: shell,v2,TERM=screen,raw:getprop ro.build.version.sdk
--------- beginning of system
07-04 09:45:13.622  3437  3437 I android.hardware.wifi@1.0-service: getLinkLayerStats
07-04 09:45:13.808 13517 13517 E adbd    : recv: OPEN 000000e4 00000000 00bc:73 68 65 6C 6C 2C 76 32 2C 54 45 52 4D 3D 73 63 72 65 65 6E 2C 72 61 77 3A 61 6D 20 73 74 61 72 74 20 2D 6E 20 22 63 6F 6D 2E 65 78 61 6D 70 6C 65 2E 62 61 74 74 65 72 79 6D 61 6E 61 67 65 72 5F 75 74 69 6C 69 74 79 2F 63 6F 6D 2E 65 78 61 6D 70 6C 65 2E 62 61 74 74 65 72 79 6D 61 6E 61 67 65 72 5F 75 74 69 6C 69 74 79 2E 4D 61 69 6E 41 63 74 69 76 69 74 79 22 20 2D 61 20 61 6E 64 72 6F 69 64 2E 69 6E 74 65 6E 74 2E 61 63 74 69 6F 6E 2E 4D 41 49 4E 20 2D 63 20 61 6E 64 72 6F 69 64 2E 69 6E 74 65 6E 74 2E 63 61 74 65 67 6F 72 79 2E 4C 41 55 4E 43 48 45 52 00 
07-04 09:45:13.808 13517 13517 E adbd    : service_to_fd: shell,v2,TERM=screen,raw:am start -n "com.example.batterymanager_utility/com.example.batterymanager_utility.MainActivity" -a android.intent.action.MAIN -c android.intent.category.LAUNCHER
07-04 09:45:13.910  3958  3968 I ActivityManager: START u0 {act=android.intent.action.MAIN typ=null flg=0x10000000 cmp=ComponentInfo{com.example.batterymanager_utility/com.example.batterymanager_utility.MainActivity}} from uid 2000
07-04 09:45:13.912  3958  3968 D CustomFrequencyManagerService: acquireDVFSLockLocked : type : DVFS_MIN_LIMIT  frequency : 1560000  uid : 1000  pid : 3958  pkgName : AMS_APP_SWITCH@CPU_MIN@9
07-04 09:45:13.914  3958  3968 D ActivityManagerPerformance: AMP_acquire() APP_SWITCH
07-04 09:45:13.915  3958  5017 D ActivityManagerPerformance: Received MSG_CFMS_HINT_AMS_SWITCH pkgName: com.example.batterymanager_utility
07-04 09:45:13.915  3958  6514 D TelephonyManager: getAllCellInfo : Caller (PID / UID / TID): 3958 / 1000 / 6514
07-04 09:45:13.920  5558  5558 V Launcher: Launcher.onPause()
07-04 09:45:13.920  5558  5558 D Launcher: setHotWordDetection : call requestHotWordDetection false
07-04 09:45:13.923  3958  3958 D MdnieScenarioControlService: Listener Real Multi Window State : false
07-04 09:45:13.927  3958  4029 D ViewRootImpl@f3e1a04[batterymanager_utility]: setView = DecorView@e832a22[batterymanager_utility] TM=true MM=false
07-04 09:45:13.930  3958  4029 D ViewRootImpl@f3e1a04[batterymanager_utility]: dispatchAttachedToWindow
07-04 09:45:13.930  3958  4029 V WindowManager: Relayout Window{c767bed u0 Splash Screen com.example.batterymanager_utility}: viewVisibility=0 req=719x1237 WM.LayoutParams{(0,0)(fillxfill) sim=#20 ty=3 fl=#81830118 pfl=0x20011 wanim=0x10302fd vsysui=0x600 needsMenuKey=2 colorMode=0 naviIconColor=0}
07-04 09:45:13.934  3448  3448 I SurfaceFlinger: id=88 createSurf (720x1280),1 flag=404, Splash Screen com.example.batterymanager_utility#0
07-04 09:45:13.935  3958  4029 V Surface : sf_framedrop debug : 0x4f4c, game : false, logging : 0
07-04 09:45:13.938  3958  4029 D ViewRootImpl@f3e1a04[batterymanager_utility]: Relayout returned: old=[0,0][0,0] new=[0,0][720,1280] result=0x7 surface={valid=true 500782186496} changed=true
07-04 09:45:13.939  3958  5542 D ActivityManager: isScaleDownAnimationEnabled() : false
07-04 09:45:13.940  3958  5542 D StorageManagerService: getExternalStorageMountMode : 3
07-04 09:45:13.940  3958  5542 D StorageManagerService: getExternalStorageMountMode : 3
07-04 09:45:13.940  3958  5542 D StorageManagerService: getExternalStorageMountMode : final mountMode=3, uid : 10168, packageName : com.example.batterymanager_utility
07-04 09:45:13.940  3958  5542 I ApplicationPolicy: isApplicationExternalStorageWhitelisted:com.example.batterymanager_utility user:0
07-04 09:45:13.940  3958  5542 D ApplicationPolicy: isApplicationExternalStorageWhitelisted: DO is not enabled on user 0. Allowed.
07-04 09:45:13.940  3958  5542 D ActivityManager: package  com.example.batterymanager_utility, user - 0 is SDcard whitelisted
07-04 09:45:13.940  3958  5542 I ApplicationPolicy: isApplicationExternalStorageBlacklisted:com.example.batterymanager_utility user:0
07-04 09:45:13.940  3958  5542 D ApplicationPolicy: isApplicationExternalStorageBlacklisted: DO is not enabled on user 0. Allowed.
07-04 09:45:13.950  3958  4029 V WindowManager: finishDrawingLocked: mDrawState=COMMIT_DRAW_PENDING Window{c767bed u0 Splash Screen com.example.batterymanager_utility} in Surface(name=Splash Screen com.example.batterymanager_utility)
07-04 09:45:13.954 14069 14069 E Zygote  : isWhitelistProcess - Process is Whitelisted
07-04 09:45:13.954  3958  5542 I ActivityManager: Start proc 14069:com.example.batterymanager_utility/u0a168 for activity com.example.batterymanager_utility/.MainActivity
07-04 09:45:13.955 14069 14069 E libpersona: scanKnoxPersonas
07-04 09:45:13.955 14069 14069 E libpersona: Couldn't open the File - /data/system/users/0/personalist.xml - No such file or directory
07-04 09:45:13.957 14069 14069 W SELinux : SELinux selinux_android_compute_policy_index : Policy Index[2],  Con:u:r:zygote:s0 RAM:SEPF_SM-J720F_8.0.0_0002, [-1 -1 -1 -1 0 1]
07-04 09:45:13.957 14069 14069 I SELinux : SELinux: seapp_context_lookup: seinfo=untrusted, level=s0:c512,c768, pkgname=com.example.batterymanager_utility 
07-04 09:45:13.958  4345  4345 D WallpaperService: updateSurface forceRelayout=true redrawNeeded=false myWidth=1280 myHeight=1280 fixedSize=true x = 0 y = 0 mWidth=1280 mHeight=1280 mIsSleepMode=false
07-04 09:45:13.960  3958  5482 V WindowManager: Relayout Window{7188091 u0 com.android.systemui.ImageWallpaper}: viewVisibility=0 req=1280x1280 WM.LayoutParams{(0,0)(1280x1280) gr=#800033 ty=2013 fl=#10318 fmt=2 wanim=0x103030e colorMode=0 naviIconColor=0}
07-04 09:45:13.960  3958  5482 V WindowManager: rotationForOrientationLw(orient=-1, last=0); user=0  sensorRotation=-1 mLidState=-1 mDockMode=0 mHdmiPlugged=false
07-04 09:45:13.961 14069 14069 I zygote64: Late-enabling -Xcheck:jni
07-04 09:45:13.962  5444  5444 I GsaVoiceInteractionSrv: Handling ACTION_STOP_HOTWORD
07-04 09:45:13.964  5444  5730 I HwDetectorWithState: (REDACTED) a: %d
07-04 09:45:13.964  4345  4345 D ImageWallpaper: onOffsetsChanged: xOffset=0.0, yOffset=0.0, xOffsetStep=0.0, yOffsetStep=0.0, xPixels=0, yPixels=0
07-04 09:45:13.964  4345  4345 D ImageWallpaper: newRotation : 0,mLastRotation : 0
07-04 09:45:13.964  4345  4345 D ImageWallpaper: drawFrame:[frame.width()]1280[frame.height()]1280
07-04 09:45:13.964  4345  4345 D ImageWallpaper: surfaceDimensionsChanged=false mDisplayWidth=720 mDisplayHeight=1280
07-04 09:45:13.964  4345  4345 D ImageWallpaper: redrawNeeded = false, mOffsetsChanged = false
07-04 09:45:13.964  4345  4345 D ImageWallpaper: Suppressed drawFrame since redraw is not needed and offsets have not changed.
07-04 09:45:13.975 13517 13517 E adbd    : recv: OPEN 000000e7 00000000 003c:73 68 65 6C 6C 2C 76 32 2C 54 45 52 4D 3D 73 63 72 65 65 6E 2C 72 61 77 3A 6D 6F 6E 6B 65 79 20 2D 70 20 65 2E 77 77 77 2E 68 74 74 70 73 72 65 71 75 65 73 74 74 65 73 74 20 31 00 
07-04 09:45:13.975 13517 13517 E adbd    : service_to_fd: shell,v2,TERM=screen,raw:monkey -p e.www.httpsrequesttest 1
07-04 09:45:14.003 14069 14069 D TimaKeyStoreProvider: TimaKeyStore is not enabled: cannot add TimaSignature Service and generateKeyPair Service
07-04 09:45:14.004 14069 14069 D ActivityThread: Added TimaKeyStore provider
07-04 09:45:14.007  3958  5542 I ActivityManager: DSS on for com.example.batterymanager_utility and scale is 1.0
07-04 09:45:14.015  3958  5542 D PersonaManagerService: Current focused persona service handled id set to : 0
07-04 09:45:14.019  3958  5542 D InputDispatcher: Focused application set to: xxxx
07-04 09:45:14.019  3958  5542 D InputDispatcher: Focus left window: 5558
07-04 09:45:14.021  3958  5542 D MARsPolicyManager: onPackageResumedFG pkgName = com.example.batterymanager_utility, userId = 0
07-04 09:45:14.021  3958  4218 D GameManagerService: handleForegroundChange(). pkgName: com.example.batterymanager_utility, clsName: com.example.batterymanager_utility.MainActivity,FgActivityName:com.example.batterymanager_utility/.MainActivity
07-04 09:45:14.021  3958  4218 D GameManagerService: sem_perfomance_mode: 3
07-04 09:45:14.021  3958  4218 D GameManagerService: notifyResumePause(). pkg: com.example.batterymanager_utility, type: 4, isMinimized: false, isTunableApp: false
07-04 09:45:14.021  3958  4218 D GameManagerService:   notifyResumePause(). unexpected mPrevNotiType: -1
07-04 09:45:14.023  3958  5542 D SamsungAnimationCreator: createAnimation type:LowEnd transit:12 enter:false wallpaperXoffset:-280 split:false fixedOri:false
07-04 09:45:14.023  3958  5542 D SamsungAnimationCreator: createAnimation displayFrame:Rect(0, 0 - 720, 1280) frame:null insets:null
07-04 09:45:14.033  3958  6514 D GamePkgDataHelper: getGamePkgDataIncServer(). com.example.batterymanager_utility
07-04 09:45:14.034  3958  6514 D GamePkgDataHelper: getSosPolicy(). com.example.batterymanager_utility
07-04 09:45:14.034  3958  6514 D GameManagerService: identifyGamePackage. com.example.batterymanager_utility
07-04 09:45:14.034  3958  6514 D GamePkgDataHelper: getGamePkgData(). com.example.batterymanager_utility
07-04 09:45:14.035  3958  6514 D GameManagerService: identifyGamePackage. com.example.batterymanager_utility
07-04 09:45:14.035  3958  6514 D GamePkgDataHelper: getGamePkgData(). com.example.batterymanager_utility
07-04 09:45:14.035  3958  3977 D WindowManager: set systemUiVisibility : systemUiFlags= 0x608 fullscreenStackSysUiFlags= 0x0
07-04 09:45:14.036  3958  5542 D WindowManager: adjustSystemUiVisibilityLw : vis= 0x608
07-04 09:45:14.036  3958  6514 D GameManagerService: identifyGamePackage. com.example.batterymanager_utility
07-04 09:45:14.036  3958  6514 D GamePkgDataHelper: getGamePkgData(). com.example.batterymanager_utility
07-04 09:45:14.037  3958  6514 D GameManagerService: identifyGamePackage. com.example.batterymanager_utility
07-04 09:45:14.037  3958  6514 D GamePkgDataHelper: getGamePkgData(). com.example.batterymanager_utility
07-04 09:45:14.040  5558  5558 I Launcher: onWindowVisibilityChanged : false
07-04 09:45:14.045  5558  9780 D OpenGLRenderer: eglDestroySurface = 0x74b3767600
07-04 09:45:14.045  3958  5542 V WindowManager: Relayout Window{a6d100b u0 com.sec.android.app.launcher/com.sec.android.app.launcher.activities.LauncherActivity}: viewVisibility=8 req=720x1280 WM.LayoutParams{(0,0)(fillxfill) sim=#130 ty=1 fl=#81910d00 pfl=0x20000 fmt=-2 wanim=0x10302ea vsysui=0x700 needsMenuKey=2 colorMode=0 naviIconColor=0}
07-04 09:45:14.048 14069 14069 I zygote64: no shared libraies, dex_files: 1
07-04 09:45:14.049  5558  5558 D ViewRootImpl@9b78e6a[LauncherActivity]: Relayout returned: old=[0,0][720,1280] new=[0,0][720,1280] result=0x5 surface={valid=false 0} changed=true
07-04 09:45:14.050  5558  5558 D ViewRootImpl@9b78e6a[LauncherActivity]: MSG_WINDOW_FOCUS_CHANGED 0
07-04 09:45:14.061  4345  4709 D SystemServicesProxy: updateOverviewLastStackActiveTimeAsync: newTime=1688455715388
07-04 09:45:14.062  3958  5482 D SecContentProvider: query(), uri = 17 selection = isSettingsChangesAllowed
07-04 09:45:14.063  3958  5482 D SecContentProvider: called from android.uid.systemui:10009
07-04 09:45:14.063  4345  4547 D SystemServicesProxy: updateOverviewLastStackActiveTimeAsync: done.
07-04 09:45:14.075 14069 14069 I BatteryMgr:App: creating notification channel
07-04 09:45:14.111  3448  3448 I SurfaceFlinger: Display 0 HWC layers:
07-04 09:45:14.111  3448  3448 I SurfaceFlinger:     type    |    handle    | flag |  format   |   source crop (l,t,r,b)    |         frame       | name 
07-04 09:45:14.111  3448  3448 I SurfaceFlinger: ------------+--------------+------+-----------+----------------------------+---------------------+------
07-04 09:45:14.111  3448  3448 I SurfaceFlinger:      Device | 0x7e5f824300 | 0002 | RGBx_8888 | 280.0    0.0 1000.0 1280.0 |    0    0  720 1280 | com.android.systemui.ImageWallpaper#0
07-04 09:45:14.111  3448  3448 I SurfaceFlinger:      Device | 0x7e59303700 | 0000 | RGBA_8888 |  20.0   36.0  700.0 1245.0 |    0    0  720 1280 | com.sec.android.app.launcher/com.sec[...]uncher.activities.LauncherActivity#0
07-04 09:45:14.111  3448  3448 I SurfaceFlinger:      Device | 0x7e59302080 | 0002 | RGBA_8888 |   0.0    0.0  720.0 1279.0 |  134  237  587 1042 | Splash Screen com.example.batterymanager_utility#0
07-04 09:45:14.111  3448  3448 I SurfaceFlinger:      Device | 0x7e4da25100 | 0000 | RGBA_8888 |   0.0    0.0  720.0   42.0 |    0    0  720   42 | StatusBar#0
07-04 09:45:14.111  3448  3448 I SurfaceFlinger: 
07-04 09:45:14.161  3958  4066 D MdnieScenarioControlService:  packageName : com.example.batterymanager_utility    className : com.example.batterymanager_utility.MainActivity
07-04 09:45:14.162  3958  4066 V MdnieScenarioControlService: setUIMode from UI function(3)
07-04 09:45:14.165 14069 14088 D OpenGLRenderer: HWUI GL Pipeline
07-04 09:45:14.172 14069 14069 D ViewRootImpl@941d19f[MainActivity]: setView = DecorView@edee2ec[MainActivity] TM=true MM=false
07-04 09:45:14.174  3958  3968 D ActivityManager: post active user change for 0 fullscreen true isHomeActivity() false
07-04 09:45:14.341 14069 14069 W zygote64: Class androidx.compose.runtime.snapshots.SnapshotStateList failed lock verification and will run slower.
07-04 09:45:14.341 14069 14069 W zygote64: Common causes for lock verification issues are non-optimized dex code
07-04 09:45:14.341 14069 14069 W zygote64: and incorrect proguard optimizations.
07-04 09:45:14.425 14069 14076 I zygote64: Do partial code cache collection, code=30KB, data=19KB
07-04 09:45:14.425 14069 14076 I zygote64: After code cache collection, code=30KB, data=19KB
07-04 09:45:14.425 14069 14076 I zygote64: Increasing code cache capacity to 128KB
07-04 09:45:14.462  3448  3448 I SurfaceFlinger: Display 0 HWC layers:
07-04 09:45:14.462  3448  3448 I SurfaceFlinger:     type    |    handle    | flag |  format   |   source crop (l,t,r,b)    |         frame       | name 
07-04 09:45:14.462  3448  3448 I SurfaceFlinger: ------------+--------------+------+-----------+----------------------------+---------------------+------
07-04 09:45:14.462  3448  3448 I SurfaceFlinger:      Client | 0x7e59302080 | 0002 | RGBA_8888 |   0.0    0.0  720.0 1280.0 |    0    0  720 1280 | Splash Screen com.example.batterymanager_utility#0
07-04 09:45:14.462  3448  3448 I SurfaceFlinger:      Client | 0x7e4da25100 | 0000 | RGBA_8888 |   0.0    0.0  720.0   42.0 |    0    0  720   42 | StatusBar#0
07-04 09:45:14.462  3448  3448 I SurfaceFlinger: 
07-04 09:45:14.464 14069 14069 D ViewRootImpl@941d19f[MainActivity]: dispatchAttachedToWindow
07-04 09:45:14.491  3958  4029 I WindowManager: Destroying surface Surface(name=com.sec.android.app.launcher/com.sec.android.app.launcher.activities.LauncherActivity) called by com.android.server.wm.WindowStateAnimator.destroySurface:2501 com.android.server.wm.WindowStateAnimator.destroySurfaceLocked:985 com.android.server.wm.WindowState.destroyOrSaveSurfaceUnchecked:3670 com.android.server.wm.WindowState.destroySurface:3618 com.android.server.wm.AppWindowToken.destroySurfaces:722 com.android.server.wm.AppWindowToken.destroySurfaces:706 com.android.server.wm.WindowState.onExitAnimationDone:5316 com.android.server.wm.AppWindowAnimator.stepAnimationLocked:508 
07-04 09:45:14.492  3448  5203 I SurfaceFlinger: id=87 Removed com.sec.android.app.launcher/com.sec.android.app.launcher.activities.LauncherActivity#0 (1/4)
07-04 09:45:14.495  3448  3488 I SurfaceFlinger: id=87 Removed com.sec.android.app.launcher/com.sec.android.app.launcher.activities.LauncherActivity#0 (-2/4)
07-04 09:45:14.497  4345  4709 D WallpaperService: dispatchAppVisibility onVisibilityChanged(): false
07-04 09:45:14.498  4345  4345 D ImageWallpaper: onVisibilityChanged: mVisible, visible=true, false
07-04 09:45:14.498  4345  4345 D ImageWallpaper: Visibility changed to visible=false
07-04 09:45:14.498  4345  4345 D WallpaperService: reportVisibility onVisibilityChanged visible: false
07-04 09:45:14.507  3448  3448 I Layer   : id=87 onRemoved com.sec.android.app.launcher/com.sec.android.app.launcher.activities.LauncherActivity#0 
07-04 09:45:14.513  3958  3968 V WindowManager: Relayout Window{d743546 u0 com.example.batterymanager_utility/com.example.batterymanager_utility.MainActivity}: viewVisibility=0 req=719x1237 WM.LayoutParams{(0,0)(fillxfill) sim=#120 ty=1 fl=#81810100 pfl=0x20000 wanim=0x10302fd vsysui=0x600 needsMenuKey=2 colorMode=0 naviIconColor=0}
07-04 09:45:14.514  3448  3448 I SurfaceFlinger: id=89 createSurf (720x1280),1 flag=404, com.example.batterymanager_utility/com.example.batterymanager_utility.MainActivity#0
07-04 09:45:14.516  3958  3968 V Surface : sf_framedrop debug : 0x4f4c, game : false, logging : 0
07-04 09:45:14.519  3958  3968 D InputDispatcher: Focus entered window: 14069
07-04 09:45:14.522 14069 14069 V Surface : sf_framedrop debug : 0x4f4c, game : false, logging : 0
07-04 09:45:14.523 14069 14069 D ViewRootImpl@941d19f[MainActivity]: Relayout returned: old=[0,0][0,0] new=[0,0][720,1280] result=0x7 surface={valid=true 501770825728} changed=true
07-04 09:45:14.529 14069 14088 I OpenGLRenderer: Initialized EGL, version 1.4
07-04 09:45:14.529 14069 14088 D OpenGLRenderer: Swap behavior 2
07-04 09:45:14.534 14069 14088 D libGLESv1: STS_GLApi : DTS, ODTC are not allowed for Package : com.example.batterymanager_utility
07-04 09:45:14.536 14069 14088 D mali_winsys: EGLint new_window_surface(egl_winsys_display *, void *, EGLSurface, EGLConfig, egl_winsys_surface **, egl_color_buffer_format *, EGLBoolean) returns 0x3000,  [720x1280]-format:1
07-04 09:45:14.536 14069 14088 D OpenGLRenderer: eglCreateWindowSurface = 0x74b58cf900
07-04 09:45:14.537 14074 14074 W ADebug  : Failed to get property persist.sys.media.traces
07-04 09:45:14.540 14074 14074 E appproc : Enhanced Zygote ASLR: ro.knox.enhance.zygote.aslr != 1. Enhanced Zygote ASLR is DISABLED!
07-04 09:45:14.540 14074 14074 D AndroidRuntime: >>>>>> START com.android.internal.os.RuntimeInit uid 2000 <<<<<<
07-04 09:45:14.544 14069 14069 D Compose Focus: Owner FocusChanged(true)
07-04 09:45:14.548 14074 14074 D SecNativeFeatureCppIf: encoded
07-04 09:45:14.548 14074 14074 D SecNativeFeatureCppIf: decoding and unzip finish
07-04 09:45:14.548 14074 14074 D SecNativeFeatureCppIf: use unCompDataBuff. encoded
07-04 09:45:14.549 14074 14074 D SecNativeFeatureCppIf: Free unCompDataBuff
07-04 09:45:14.549 14074 14074 D SecNativeFeatureCppIf: encoded
07-04 09:45:14.549 14074 14074 D SecNativeFeatureCppIf: decoding and unzip finish
07-04 09:45:14.549 14074 14074 D SecNativeFeatureCppIf: use unCompDataBuff. encoded
07-04 09:45:14.549 14074 14074 D SecNativeFeatureCppIf: Free unCompDataBuff
07-04 09:45:14.549 14074 14074 D SecNativeFeatureCppIf: encoded
07-04 09:45:14.550 14074 14074 D SecNativeFeatureCppIf: decoding and unzip finish
07-04 09:45:14.550 14074 14074 D SecNativeFeatureCppIf: use unCompDataBuff. encoded
07-04 09:45:14.550 14074 14074 D SecNativeFeatureCppIf: Free unCompDataBuff
07-04 09:45:14.550 14074 14074 D SecNativeFeatureCppIf: encoded
07-04 09:45:14.550 14074 14074 D SecNativeFeatureCppIf: decoding and unzip finish
07-04 09:45:14.550 14074 14074 D SecNativeFeatureCppIf: use unCompDataBuff. encoded
07-04 09:45:14.550 14074 14074 D SecNativeFeatureCppIf: Free unCompDataBuff
07-04 09:45:14.620  3958  3968 V WindowManager: finishDrawingLocked: mDrawState=COMMIT_DRAW_PENDING Window{d743546 u0 com.example.batterymanager_utility/com.example.batterymanager_utility.MainActivity} in Surface(name=com.example.batterymanager_utility/com.example.batterymanager_utility.MainActivity)
07-04 09:45:14.623 14069 14069 D ViewRootImpl@941d19f[MainActivity]: MSG_RESIZED_REPORT: frame=Rect(0, 0 - 720, 1280) ci=Rect(0, 42 - 0, 0) vi=Rect(0, 42 - 0, 0) or=1
07-04 09:45:14.624 14069 14069 D ViewRootImpl@941d19f[MainActivity]: MSG_WINDOW_FOCUS_CHANGED 1
07-04 09:45:14.629 14069 14069 V InputMethodManager: Starting input: tba=android.view.inputmethod.EditorInfo@20ad232 nm : com.example.batterymanager_utility ic=null
07-04 09:45:14.629 14069 14069 I InputMethodManager: startInputInner - mService.startInputOrWindowGainedFocus
07-04 09:45:14.629  3958  3968 D InputMethodManagerService: startInputOrWindowGainedFocus : windowGainedFocus 
07-04 09:45:14.630  3958  3968 D InputMethodManagerService: windowGainedFocus: destinationUserId (getCallingUid) = 0
07-04 09:45:14.630  3958  3968 D InputMethodManagerService: windowGainedFocus: currentUserId=0
07-04 09:45:14.630  3958  3968 D InputMethodManagerService: windowGainedFocus: mCurrentFocusedUserId=0
07-04 09:45:14.630  3958  3968 D InputMethodManagerService: windowGainedFocus : lock - currentUserId = 0 destinationUserId = 0
07-04 09:45:14.630  3958  4029 D ViewRootImpl@f3e1a04[batterymanager_utility]: dispatchDetachedFromWindow
07-04 09:45:14.630  3958  3968 D InputMethodManagerService: windowGainedFocus : mCurrentFocusedUserId - 0 and mSecureKeypadEnabled - false, userSwitched - false
07-04 09:45:14.630  3958  4029 D InputEventReceiver: channel 'c767bed Splash Screen com.example.batterymanager_utility (client)' ~ Disposing input event receiver.
07-04 09:45:14.630  3958  4029 D InputEventReceiver: channel 'c767bed Splash Screen com.example.batterymanager_utility (client)' ~NativeInputEventReceiver.
07-04 09:45:14.631  3958  3968 V InputMethodManagerService: windowGainedFocus : reason=WINDOW_FOCUS_GAIN client=android.os.BinderProxy@83c7f88 inputContext=null missingMethods= attribute=android.view.inputmethod.EditorInfo@cda3307 nm = com.example.batterymanager_utility controlFlags=#105 softInputMode=#120 windowFlags=#81810100
07-04 09:45:14.631  3958  3968 V InputMethodManagerService: hideCurrentInputLocked : shouldHideSoftInput is false
07-04 09:45:14.631  3958  3985 I ActivityManager: Displayed com.example.batterymanager_utility/.MainActivity: +685ms
07-04 09:45:14.632  3958  3968 D InputMethodManagerService: isImeSwitcherDisabledPackage : false
07-04 09:45:14.632  3958  3968 V InputMethodManagerService: Creating new session for client ClientState{2de0c34 uid 10168 pid 14069}
07-04 09:45:14.632  3958  3985 D CustomFrequencyManagerService: acquireDVFSLockLocked : type : DVFS_MIN_LIMIT  frequency : 1560000  uid : 1000  pid : 3958  pkgName : AMS_RESUME_TAIL@CPU_MIN@15
07-04 09:45:14.633  3958  3985 D ActivityManagerPerformance: AMP_acquire() TAIL
07-04 09:45:14.633  3958  3985 D CustomFrequencyManagerService: releaseDVFSLockLocked : Getting Lock type frm List : DVFS_MIN_LIMIT  frequency : 1560000  uid : 1000  pid : 3958  tag : AMS_APP_SWITCH@CPU_MIN@9
07-04 09:45:14.634  3958  3985 D ActivityManagerPerformance: AMP_release() APP_SWITCH
07-04 09:45:14.634  3958  3968 D InputMethodManagerService: setCurrentInputInfo - inputContext : null eidtorInfo : android.view.inputmethod.EditorInfo@cda3307 missingMethods : 0
07-04 09:45:14.634  4340  4340 I InputMethodWrapper:  call dispatchStartInputWithToken
07-04 09:45:14.635  4340  4340 I InputMethodService: dispatchStartInputWithToken
07-04 09:45:14.635  4340  4340 I SKBD    : SamsungKeypad [IMI] onStartInput - caller pid : 14069, caller uid : 10168
07-04 09:45:14.654 14069 14069 V InputMethodManager: Starting input: tba=android.view.inputmethod.EditorInfo@f52eb83 nm : com.example.batterymanager_utility ic=null
07-04 09:45:14.664  5558  5558 D StageManager: saved stages : inStack [1] , outStack[2]
07-04 09:45:14.678  3448  3448 I SurfaceFlinger: Display 0 HWC layers:
07-04 09:45:14.678  3448  3448 I SurfaceFlinger:     type    |    handle    | flag |  format   |   source crop (l,t,r,b)    |         frame       | name 
07-04 09:45:14.678  3448  3448 I SurfaceFlinger: ------------+--------------+------+-----------+----------------------------+---------------------+------
07-04 09:45:14.678  3448  3448 I SurfaceFlinger:      Device | 0x7e592ca4c0 | 0002 | RGBA_8888 |   0.0    0.0  720.0 1280.0 |    0    0  720 1280 | com.example.batterymanager_utility/c[...]atterymanager_utility.MainActivity#0
07-04 09:45:14.678  3448  3448 I SurfaceFlinger:      Device | 0x7e59302080 | 0002 | RGBA_8888 |   0.0    0.0  720.0 1280.0 |    0    0  720 1280 | Splash Screen com.example.batterymanager_utility#0
07-04 09:45:14.678  3448  3448 I SurfaceFlinger:      Device | 0x7e4da25100 | 0000 | RGBA_8888 |   0.0    0.0  720.0   42.0 |    0    0  720   42 | StatusBar#0
07-04 09:45:14.678  3448  3448 I SurfaceFlinger: 
07-04 09:45:14.687 14074 14074 D ICU     : Timezone override file found: /data/misc/zoneinfo/current/icu/icu_tzdata.dat
07-04 09:45:14.716 14074 14074 I app_process: find the special shared library, skip check
07-04 09:45:14.760 14074 14074 D SemCscFeature: Encoded
07-04 09:45:14.763 14074 14074 I chatty  : uid=2000(shell) identical 2 lines
07-04 09:45:14.765 14074 14074 D SemCscFeature: Encoded
07-04 09:45:14.766 14074 14074 E SemAffinityControl: SemAffinityControl: registerfunction enter
07-04 09:45:14.772 14074 14074 D AndroidRuntime: Calling main entry com.android.commands.monkey.Monkey
07-04 09:45:14.802  3958  3976 W BroadcastQueue: Skipping deliver [background] BroadcastRecord{aeea71e u-1 android.net.conn.CONNECTIVITY_CHANGE} to ReceiverList{dbc7bff 14074 (unknown name)/2000/u-1 remote:69b7a0}: process gone or crashing
07-04 09:45:14.808  3958  4029 I WindowManager: Destroying surface Surface(name=Splash Screen com.example.batterymanager_utility) called by com.android.server.wm.WindowStateAnimator.destroySurface:2501 com.android.server.wm.WindowStateAnimator.destroySurfaceLocked:985 com.android.server.wm.WindowState.destroyOrSaveSurfaceUnchecked:3670 com.android.server.wm.WindowState.destroySurface:3618 com.android.server.wm.AppWindowToken.destroySurfaces:722 com.android.server.wm.AppWindowToken.destroySurfaces:706 com.android.server.wm.WindowState.onExitAnimationDone:5316 com.android.server.wm.WindowStateAnimator.stepAnimationLocked:550 
07-04 09:45:14.808  3448  5203 I SurfaceFlinger: id=88 Removed Splash Screen com.example.batterymanager_utility#0 (3/4)
07-04 09:45:14.809  3958  4066 D MdnieScenarioControlService:  packageName : com.example.batterymanager_utility    className : com.example.batterymanager_utility.MainActivity
07-04 09:45:14.809  3958  4066 V MdnieScenarioControlService: setUIMode from UI function(3)
07-04 09:45:14.809  3448  3448 I SurfaceFlinger: Display 0 HWC layers:
07-04 09:45:14.809  3448  3448 I SurfaceFlinger:     type    |    handle    | flag |  format   |   source crop (l,t,r,b)    |         frame       | name 
07-04 09:45:14.809  3448  3448 I SurfaceFlinger: ------------+--------------+------+-----------+----------------------------+---------------------+------
07-04 09:45:14.809  3448  3448 I SurfaceFlinger:      Device | 0x7e592ca4c0 | 0002 | RGBA_8888 |   0.0    0.0  720.0 1280.0 |    0    0  720 1280 | com.example.batterymanager_utility/c[...]atterymanager_utility.MainActivity#0
07-04 09:45:14.809  3448  3448 I SurfaceFlinger:      Device | 0x7e4da25100 | 0000 | RGBA_8888 |   0.0    0.0  720.0   42.0 |    0    0  720   42 | StatusBar#0
07-04 09:45:14.809  3448  3448 I SurfaceFlinger: 
07-04 09:45:14.813  3448  3488 I SurfaceFlinger: id=88 Removed Splash Screen com.example.batterymanager_utility#0 (-2/4)
07-04 09:45:14.821  3958  5482 I ActivityManager: START u0 {act=android.intent.action.MAIN typ=null flg=0x10200000 cmp=ComponentInfo{e.www.httpsrequesttest/e.www.httpsrequesttest.MainActivity}} from uid 2000
07-04 09:45:14.821  3958  5482 W Binder  : Outgoing transactions from this process must be FLAG_ONEWAY
07-04 09:45:14.821  3958  5482 W Binder  : java.lang.Throwable
07-04 09:45:14.821  3958  5482 W Binder  : 	at android.os.BinderProxy.transact(Binder.java:744)
07-04 09:45:14.821  3958  5482 W Binder  : 	at android.app.IActivityController$Stub$Proxy.activityStarting(IActivityController.java:172)
07-04 09:45:14.821  3958  5482 W Binder  : 	at com.android.server.am.ActivityStarter.startActivity(ActivityStarter.java:648)
07-04 09:45:14.821  3958  5482 W Binder  : 	at com.android.server.am.ActivityStarter.startActivityLocked(ActivityStarter.java:410)
07-04 09:45:14.821  3958  5482 W Binder  : 	at com.android.server.am.ActivityStarter.startActivityMayWait(ActivityStarter.java:1283)
07-04 09:45:14.821  3958  5482 W Binder  : 	at com.android.server.am.ActivityManagerService.startActivityAsUser(ActivityManagerService.java:6033)
07-04 09:45:14.821  3958  5482 W Binder  : 	at com.android.server.am.ActivityManagerService.startActivity(ActivityManagerService.java:5885)
07-04 09:45:14.821  3958  5482 W Binder  : 	at android.app.IActivityManager$Stub.onTransact(IActivityManager.java:121)
07-04 09:45:14.821  3958  5482 W Binder  : 	at com.android.server.am.ActivityManagerService.onTransact(ActivityManagerService.java:3861)
07-04 09:45:14.821  3958  5482 W Binder  : 	at android.os.Binder.execTransact(Binder.java:682)
07-04 09:45:14.824  3448  3448 I Layer   : id=88 onRemoved Splash Screen com.example.batterymanager_utility#0 
07-04 09:45:14.829  3958  5482 D CustomFrequencyManagerService: acquireDVFSLockLocked : type : DVFS_MIN_LIMIT  frequency : 1560000  uid : 1000  pid : 3958  pkgName : AMS_APP_SWITCH@CPU_MIN@9
07-04 09:45:14.829  3958  5482 D ActivityManagerPerformance: AMP_acquire() APP_SWITCH
07-04 09:45:14.829  3958  5017 D ActivityManagerPerformance: Received MSG_CFMS_HINT_AMS_SWITCH pkgName: e.www.httpsrequesttest
07-04 09:45:14.837  3958  3968 D ActivityManager: isScaleDownAnimationEnabled() : false
07-04 09:45:14.837  3958  5482 V WindowManager: rotationForOrientationLw(orient=-1, last=0); user=0  sensorRotation=-1 mLidState=-1 mDockMode=0 mHdmiPlugged=false
07-04 09:45:14.837  3958  3968 D StorageManagerService: getExternalStorageMountMode : 1
07-04 09:45:14.837  3958  3968 D StorageManagerService: getExternalStorageMountMode : 3
07-04 09:45:14.838  3958  3968 D StorageManagerService: getExternalStorageMountMode : final mountMode=1, uid : 10167, packageName : e.www.httpsrequesttest
07-04 09:45:14.838  3958  5542 V WindowManager: rotationForOrientationLw(orient=-1, last=0); user=0  sensorRotation=-1 mLidState=-1 mDockMode=0 mHdmiPlugged=false
07-04 09:45:14.838  3958  3968 I ApplicationPolicy: isApplicationExternalStorageWhitelisted:e.www.httpsrequesttest user:0
07-04 09:45:14.838  3958  3968 D ApplicationPolicy: isApplicationExternalStorageWhitelisted: DO is not enabled on user 0. Allowed.
07-04 09:45:14.838  3958  3968 D ActivityManager: package  e.www.httpsrequesttest, user - 0 is SDcard whitelisted
07-04 09:45:14.838  3958  3968 I ApplicationPolicy: isApplicationExternalStorageBlacklisted:e.www.httpsrequesttest user:0
07-04 09:45:14.838  3958  3968 D ApplicationPolicy: isApplicationExternalStorageBlacklisted: DO is not enabled on user 0. Allowed.
07-04 09:45:14.841  3958  4029 D ViewRootImpl@dcd5093[httpsrequesttest]: setView = DecorView@29090c9[httpsrequesttest] TM=true MM=false
07-04 09:45:14.849  3958  3968 I ActivityManager: Start proc 14113:e.www.httpsrequesttest/u0a167 for activity e.www.httpsrequesttest/.MainActivity
07-04 09:45:14.850 14113 14113 E Zygote  : isWhitelistProcess - Process is Whitelisted
07-04 09:45:14.850 14113 14113 E libpersona: scanKnoxPersonas
07-04 09:45:14.850 14113 14113 E libpersona: Couldn't open the File - /data/system/users/0/personalist.xml - No such file or directory
07-04 09:45:14.852 14113 14113 W SELinux : SELinux selinux_android_compute_policy_index : Policy Index[2],  Con:u:r:zygote:s0 RAM:SEPF_SM-J720F_8.0.0_0002, [-1 -1 -1 -1 0 1]
07-04 09:45:14.852 14113 14113 I SELinux : SELinux: seapp_context_lookup: seinfo=untrusted, level=s0:c512,c768, pkgname=e.www.httpsrequesttest 
07-04 09:45:14.854 14113 14113 I zygote64: Late-enabling -Xcheck:jni
07-04 09:45:14.857  3958  4029 D ViewRootImpl@dcd5093[httpsrequesttest]: dispatchAttachedToWindow
07-04 09:45:14.858  3958  4029 V WindowManager: Relayout Window{3aa48d0 u0 Splash Screen e.www.httpsrequesttest}: viewVisibility=0 req=719x1237 WM.LayoutParams{(0,0)(fillxfill) sim=#20 ty=3 fl=#81830118 pfl=0x20011 wanim=0x10302fd vsysui=0x600 needsMenuKey=2 colorMode=0 naviIconColor=0}
07-04 09:45:14.859 14074 14074 I com.android.commands.monkey: System.exit called, status: 0
07-04 09:45:14.859 14074 14074 I AndroidRuntime: VM exiting with result code 0.
07-04 09:45:14.860  3448  3448 I SurfaceFlinger: id=90 createSurf (720x1280),1 flag=404, Splash Screen e.www.httpsrequesttest#0
07-04 09:45:14.861  3958  4029 V Surface : sf_framedrop debug : 0x4f4c, game : false, logging : 0
07-04 09:45:14.863  3958  4029 D InputDispatcher: Focus left window: 14069
07-04 09:45:14.864  3958  4029 D ViewRootImpl@dcd5093[httpsrequesttest]: Relayout returned: old=[0,0][0,0] new=[0,0][720,1280] result=0x7 surface={valid=true 500855091200} changed=true
07-04 09:45:14.865 14069 14069 D ViewRootImpl@941d19f[MainActivity]: MSG_WINDOW_FOCUS_CHANGED 0
07-04 09:45:14.865  3958  4029 D ViewRootImpl@dcd5093[httpsrequesttest]: MSG_RESIZED_REPORT: frame=Rect(0, 0 - 720, 1280) ci=Rect(0, 42 - 0, 0) vi=Rect(0, 42 - 0, 0) or=1
07-04 09:45:14.866  3958  3977 V WindowManager: rotationForOrientationLw(orient=-1, last=0); user=0  sensorRotation=-1 mLidState=-1 mDockMode=0 mHdmiPlugged=false
07-04 09:45:14.870  3958  3977 V WindowManager: rotationForOrientationLw(orient=-1, last=0); user=0  sensorRotation=-1 mLidState=-1 mDockMode=0 mHdmiPlugged=false
07-04 09:45:14.881  3958  4029 V WindowManager: finishDrawingLocked: mDrawState=COMMIT_DRAW_PENDING Window{3aa48d0 u0 Splash Screen e.www.httpsrequesttest} in Surface(name=Splash Screen e.www.httpsrequesttest)
07-04 09:45:14.891 14113 14113 D TimaKeyStoreProvider: TimaKeyStore is not enabled: cannot add TimaSignature Service and generateKeyPair Service
07-04 09:45:14.892 14113 14113 D ActivityThread: Added TimaKeyStore provider
07-04 09:45:14.895  3958  3968 I ActivityManager: DSS on for e.www.httpsrequesttest and scale is 1.0
07-04 09:45:14.902  3958  3968 D PersonaManagerService: Current focused persona service handled id set to : 0
07-04 09:45:14.903  3958  3968 D InputDispatcher: Focused application set to: xxxx
07-04 09:45:14.904  3958  3968 D MARsPolicyManager: onPackageResumedFG pkgName = e.www.httpsrequesttest, userId = 0
07-04 09:45:14.904  3958  4218 D GameManagerService: handleForegroundChange(). pkgName: e.www.httpsrequesttest, clsName: e.www.httpsrequesttest.MainActivity,FgActivityName:e.www.httpsrequesttest/.MainActivity
07-04 09:45:14.904  3958  4218 D GameManagerService: sem_perfomance_mode: 3
07-04 09:45:14.904  3958  4218 D GameManagerService: notifyResumePause(). pkg: e.www.httpsrequesttest, type: 4, isMinimized: false, isTunableApp: false
07-04 09:45:14.904  3958  4218 D GameManagerService:   notifyResumePause(). unexpected mPrevNotiType: -1
07-04 09:45:14.926  3448  3448 V Surface : sf_framedrop debug : 0x4f4c, game : false, logging : 0
07-04 09:45:14.928 14069 14088 D OpenGLRenderer: eglDestroySurface = 0x74b58cf900
07-04 09:45:14.935  3958  3968 D TaskSnapshotCache: putSnapshot mTaskId=25 RunningCache size=1
07-04 09:45:14.938  3448  3448 I SurfaceFlinger: id=91 createSurf (16x16),-1 flag=20004, animation background stackId=1#0
07-04 09:45:14.941  3958  5482 V WindowManager: Relayout Window{d743546 u0 com.example.batterymanager_utility/com.example.batterymanager_utility.MainActivity}: viewVisibility=8 req=720x1280 WM.LayoutParams{(0,0)(fillxfill) sim=#120 ty=1 fl=#81810100 pfl=0x20000 wanim=0x10302fd vsysui=0x600 needsMenuKey=2 colorMode=0 naviIconColor=0}
07-04 09:45:14.944  3448  3448 I SurfaceFlinger: Display 0 HWC layers:
07-04 09:45:14.944  3448  3448 I SurfaceFlinger:     type    |    handle    | flag |  format   |   source crop (l,t,r,b)    |         frame       | name 
07-04 09:45:14.944  3448  3448 I SurfaceFlinger: ------------+--------------+------+-----------+----------------------------+---------------------+------
07-04 09:45:14.944  3448  3448 I SurfaceFlinger:      Client |              | 0000 |  Unknown  |  -0.2   -0.2   -0.8   -0.8 |    0    0  720 1280 | animation background stackId=1#0
07-04 09:45:14.944  3448  3448 I SurfaceFlinger:      Client | 0x7e592ca4c0 | 0002 | RGBA_8888 |   0.0    0.0  720.0 1280.0 |    0    0  720 1279 | com.example.batterymanager_utility/c[...]atterymanager_utility.MainActivity#0
07-04 09:45:14.944  3448  3448 I SurfaceFlinger:      Device | 0x7e4da25100 | 0000 | RGBA_8888 |   0.0    0.0  720.0   42.0 |    0    0  720   42 | StatusBar#0
07-04 09:45:14.944  3448  3448 I SurfaceFlinger: 
07-04 09:45:14.948  3958  6514 D GamePkgDataHelper: getGamePkgDataIncServer(). e.www.httpsrequesttest
07-04 09:45:14.948 14069 14069 D ViewRootImpl@941d19f[MainActivity]: Relayout returned: old=[0,0][720,1280] new=[0,0][720,1280] result=0x5 surface={valid=false 0} changed=true
07-04 09:45:14.948  3958  6514 D GamePkgDataHelper: getSosPolicy(). e.www.httpsrequesttest
07-04 09:45:14.949  3958  3977 D WindowManager: set systemUiVisibility : systemUiFlags= 0x608 fullscreenStackSysUiFlags= 0x0
07-04 09:45:14.949  3958  6514 D GameManagerService: identifyGamePackage. e.www.httpsrequesttest
07-04 09:45:14.949  3958  6514 D GamePkgDataHelper: getGamePkgData(). e.www.httpsrequesttest
07-04 09:45:14.950  3958  6514 D GameManagerService: identifyGamePackage. e.www.httpsrequesttest
07-04 09:45:14.950  3958  6514 D GamePkgDataHelper: getGamePkgData(). e.www.httpsrequesttest
07-04 09:45:14.951  3958  6514 D GameManagerService: identifyGamePackage. e.www.httpsrequesttest
07-04 09:45:14.951  3958  6514 D GamePkgDataHelper: getGamePkgData(). e.www.httpsrequesttest
07-04 09:45:14.951  3958  6514 D GameManagerService: identifyGamePackage. e.www.httpsrequesttest
07-04 09:45:14.951  3958  6514 D GamePkgDataHelper: getGamePkgData(). e.www.httpsrequesttest
07-04 09:45:14.960  4345  4711 D SystemServicesProxy: updateOverviewLastStackActiveTimeAsync: newTime=1688455715388
07-04 09:45:14.960  3958  5542 D SecContentProvider: query(), uri = 17 selection = isSettingsChangesAllowed
07-04 09:45:14.961  3958  5542 D SecContentProvider: called from android.uid.systemui:10009
07-04 09:45:14.961 14113 14113 I zygote64: no shared libraies, dex_files: 1
07-04 09:45:14.961  4345  4547 D SystemServicesProxy: updateOverviewLastStackActiveTimeAsync: done.
07-04 09:45:14.964  3958  3968 D PackageManager: getComponentMetadataForIconTray : com.example.batterymanager_utility.MainActivity does not exist in mServices
07-04 09:45:14.964  3958  3968 D PackageManager: getComponentMetadataForIconTray : com.example.batterymanager_utility.MainActivity does not exist in mProviders
07-04 09:45:14.964  3958  3968 D PackageManager: getComponentMetadataForIconTray : com.example.batterymanager_utility.MainActivity does not exist in mReceivers
07-04 09:45:14.964  4345  4711 D ApplicationPackageManager: updateItemMetaDataForFixedIconScale: package: com.example.batterymanager_utility
07-04 09:45:14.964  3958  3968 D PackageManager: getSelectedMetaData : packageName(com.example.batterymanager_utility) or Metadata strings {[Ljava.lang.String;@70e61e8}
07-04 09:45:14.965  4345  4711 I ApplicationPackageManager: load=com.example.batterymanager_utility, bg=144-144, dr=189-189, forDefault=true, density=0
07-04 09:45:14.968  4345  4711 I ApplicationPackageManager: scaled rate=0.72, size=189, alpha=54, hold=102
07-04 09:45:14.968  4345  4711 D ApplicationPackageManager: iconScale: getScale(): 0.72 getAlpha(): 54
07-04 09:45:14.970  4345  4711 I ApplicationPackageManager: load=com.example.batterymanager_utility-contain, bg=112-112, dr=189-189
07-04 09:45:15.071  3958  4066 D MdnieScenarioControlService:  packageName : e.www.httpsrequesttest    className : e.www.httpsrequesttest.MainActivity
07-04 09:45:15.071  3958  4066 V MdnieScenarioControlService: setUIMode from UI function(3)
07-04 09:45:15.076 14113 14113 I zygote64: Rejecting re-init on previously-failed class java.lang.Class<androidx.core.view.ViewCompat$2>: java.lang.NoClassDefFoundError: Failed resolution of: Landroid/view/View$OnUnhandledKeyEventListener;
07-04 09:45:15.076 14113 14113 I zygote64:   at void androidx.core.view.ViewCompat.setOnApplyWindowInsetsListener(android.view.View, androidx.core.view.OnApplyWindowInsetsListener) (ViewCompat.java:2436)
07-04 09:45:15.076 14113 14113 I zygote64:   at android.view.ViewGroup androidx.appcompat.app.AppCompatDelegateImpl.createSubDecor() (AppCompatDelegateImpl.java:779)
07-04 09:45:15.076 14113 14113 I zygote64:   at void androidx.appcompat.app.AppCompatDelegateImpl.ensureSubDecor() (AppCompatDelegateImpl.java:659)
07-04 09:45:15.076 14113 14113 I zygote64:   at void androidx.appcompat.app.AppCompatDelegateImpl.setContentView(int) (AppCompatDelegateImpl.java:552)
07-04 09:45:15.076 14113 14113 I zygote64:   at void androidx.appcompat.app.AppCompatActivity.setContentView(int) (AppCompatActivity.java:161)
07-04 09:45:15.076 14113 14113 I zygote64:   at void e.www.httpsrequesttest.MainActivity.onCreate(android.os.Bundle) (MainActivity.kt:28)
07-04 09:45:15.076 14113 14113 I zygote64:   at void android.app.Activity.performCreate(android.os.Bundle) (Activity.java:7174)
07-04 09:45:15.076 14113 14113 I zygote64:   at void android.app.Instrumentation.callActivityOnCreate(android.app.Activity, android.os.Bundle) (Instrumentation.java:1220)
07-04 09:45:15.076 14113 14113 I zygote64:   at android.app.Activity android.app.ActivityThread.performLaunchActivity(android.app.ActivityThread$ActivityClientRecord, android.content.Intent) (ActivityThread.java:2910)
07-04 09:45:15.076 14113 14113 I zygote64:   at void android.app.ActivityThread.handleLaunchActivity(android.app.ActivityThread$ActivityClientRecord, android.content.Intent, java.lang.String) (ActivityThread.java:3032)
07-04 09:45:15.076 14113 14113 I zygote64:   at void android.app.ActivityThread.-wrap11(android.app.ActivityThread, android.app.ActivityThread$ActivityClientRecord, android.content.Intent, java.lang.String) (ActivityThread.java:-1)
07-04 09:45:15.076 14113 14113 I zygote64:   at void android.app.ActivityThread$H.handleMessage(android.os.Message) (ActivityThread.java:1696)
07-04 09:45:15.076 14113 14113 I zygote64:   at void android.os.Handler.dispatchMessage(android.os.Message) (Handler.java:105)
07-04 09:45:15.076 14113 14113 I zygote64:   at void android.os.Looper.loop() (Looper.java:164)
07-04 09:45:15.076 14113 14113 I zygote64:   at void android.app.ActivityThread.main(java.lang.String[]) (ActivityThread.java:6940)
07-04 09:45:15.076 14113 14113 I zygote64:   at java.lang.Object java.lang.reflect.Method.invoke(java.lang.Object, java.lang.Object[]) (Method.java:-2)
07-04 09:45:15.076 14113 14113 I zygote64:   at void com.android.internal.os.Zygote$MethodAndArgsCaller.run() (Zygote.java:327)
07-04 09:45:15.076 14113 14113 I zygote64:   at void com.android.internal.os.ZygoteInit.main(java.lang.String[]) (ZygoteInit.java:1374)
07-04 09:45:15.076 14113 14113 I zygote64: Caused by: java.lang.ClassNotFoundException: Didn't find class "android.view.View$OnUnhandledKeyEventListener" on path: DexPathList[[zip file "/data/app/e.www.httpsrequesttest-StpENeP8msEaThfU6Yy6dw==/base.apk"],nativeLibraryDirectories=[/data/app/e.www.httpsrequesttest-StpENeP8msEaThfU6Yy6dw==/lib/arm64, /system/lib64, /vendor/lib64]]
07-04 09:45:15.076 14113 14113 I zygote64:   at java.lang.Class dalvik.system.BaseDexClassLoader.findClass(java.lang.String) (BaseDexClassLoader.java:93)
07-04 09:45:15.076 14113 14113 I zygote64:   at java.lang.Class java.lang.ClassLoader.loadClass(java.lang.String, boolean) (ClassLoader.java:379)
07-04 09:45:15.076 14113 14113 I zygote64:   at java.lang.Class java.lang.ClassLoader.loadClass(java.lang.String) (ClassLoader.java:312)
07-04 09:45:15.076 14113 14113 I zygote64:   at void androidx.core.view.ViewCompat.setOnApplyWindowInsetsListener(android.view.View, androidx.core.view.OnApplyWindowInsetsListener) (ViewCompat.java:2436)
07-04 09:45:15.076 14113 14113 I zygote64:   at android.view.ViewGroup androidx.appcompat.app.AppCompatDelegateImpl.createSubDecor() (AppCompatDelegateImpl.java:779)
07-04 09:45:15.076 14113 14113 I zygote64:   at void androidx.appcompat.app.AppCompatDelegateImpl.ensureSubDecor() (AppCompatDelegateImpl.java:659)
07-04 09:45:15.076 14113 14113 I zygote64:   at void androidx.appcompat.app.AppCompatDelegateImpl.setContentView(int) (AppCompatDelegateImpl.java:552)
07-04 09:45:15.076 14113 14113 I zygote64:   at void androidx.appcompat.app.AppCompatActivity.setContentView(int) (AppCompatActivity.java:161)
07-04 09:45:15.076 14113 14113 I zygote64:   at void e.www.httpsrequesttest.MainActivity.onCreate(android.os.Bundle) (MainActivity.kt:28)
07-04 09:45:15.076 14113 14113 I zygote64:   at void android.app.Activity.performCreate(android.os.Bundle) (Activity.java:7174)
07-04 09:45:15.076 14113 14113 I zygote64:   at void android.app.Instrumentation.callActivityOnCreate(android.app.Activity, android.os.Bundle) (Instrumentation.java:1220)
07-04 09:45:15.076 14113 14113 I zygote64:   at android.app.Activity android.app.ActivityThread.performLaunchActivity(android.app.ActivityThread$ActivityClientRecord, android.content.Intent) (ActivityThread.java:2910)
07-04 09:45:15.076 14113 14113 I zygote64:   at void android.app.ActivityThread.handleLaunchActivity(android.app.ActivityThread$ActivityClientRecord, android.content.Intent, java.lang.String) (ActivityThread.java:3032)
07-04 09:45:15.076 14113 14113 I zygote64:   at void android.app.ActivityThread.-wrap11(android.app.ActivityThread, android.app.ActivityThread$ActivityClientRecord, android.content.Intent, java.lang.String) (ActivityThread.java:-1)
07-04 09:45:15.076 14113 14113 I zygote64:   at void android.app.ActivityThread$H.handleMessage(android.os.Message) (ActivityThread.java:1696)
07-04 09:45:15.076 14113 14113 I zygote64:   at void android.os.Handler.dispatchMessage(android.os.Message) (Handler.java:105)
07-04 09:45:15.076 14113 14113 I zygote64:   at void android.os.Looper.loop() (Looper.java:164)
07-04 09:45:15.076 14113 14113 I zygote64:   at void android.app.ActivityThread.main(java.lang.String[]) (ActivityThread.java:6940)
07-04 09:45:15.076 14113 14113 I zygote64:   at java.lang.Object java.lang.reflect.Method.invoke(java.lang.Object, java.lang.Object[]) (Method.java:-2)
07-04 09:45:15.076 14113 14113 I zygote64:   at void com.android.internal.os.Zygote$MethodAndArgsCaller.run() (Zygote.java:327)
07-04 09:45:15.076 14113 14113 I zygote64:   at void com.android.internal.os.ZygoteInit.main(java.lang.String[]) (ZygoteInit.java:1374)
07-04 09:45:15.076 14113 14113 I zygote64: 
07-04 09:45:15.076 14113 14113 I zygote64: Rejecting re-init on previously-failed class java.lang.Class<androidx.core.view.ViewCompat$2>: java.lang.NoClassDefFoundError: Failed resolution of: Landroid/view/View$OnUnhandledKeyEventListener;
07-04 09:45:15.076 14113 14113 I zygote64:   at void androidx.core.view.ViewCompat.setOnApplyWindowInsetsListener(android.view.View, androidx.core.view.OnApplyWindowInsetsListener) (ViewCompat.java:2436)
07-04 09:45:15.077 14113 14113 I zygote64:   at android.view.ViewGroup androidx.appcompat.app.AppCompatDelegateImpl.createSubDecor() (AppCompatDelegateImpl.java:779)
07-04 09:45:15.077 14113 14113 I zygote64:   at void androidx.appcompat.app.AppCompatDelegateImpl.ensureSubDecor() (AppCompatDelegateImpl.java:659)
07-04 09:45:15.077 14113 14113 I zygote64:   at void androidx.appcompat.app.AppCompatDelegateImpl.setContentView(int) (AppCompatDelegateImpl.java:552)
07-04 09:45:15.077 14113 14113 I zygote64:   at void androidx.appcompat.app.AppCompatActivity.setContentView(int) (AppCompatActivity.java:161)
07-04 09:45:15.077 14113 14113 I zygote64:   at void e.www.httpsrequesttest.MainActivity.onCreate(android.os.Bundle) (MainActivity.kt:28)
07-04 09:45:15.077 14113 14113 I zygote64:   at void android.app.Activity.performCreate(android.os.Bundle) (Activity.java:7174)
07-04 09:45:15.077 14113 14113 I zygote64:   at void android.app.Instrumentation.callActivityOnCreate(android.app.Activity, android.os.Bundle) (Instrumentation.java:1220)
07-04 09:45:15.077 14113 14113 I zygote64:   at android.app.Activity android.app.ActivityThread.performLaunchActivity(android.app.ActivityThread$ActivityClientRecord, android.content.Intent) (ActivityThread.java:2910)
07-04 09:45:15.077 14113 14113 I zygote64:   at void android.app.ActivityThread.handleLaunchActivity(android.app.ActivityThread$ActivityClientRecord, android.content.Intent, java.lang.String) (ActivityThread.java:3032)
07-04 09:45:15.077 14113 14113 I zygote64:   at void android.app.ActivityThread.-wrap11(android.app.ActivityThread, android.app.ActivityThread$ActivityClientRecord, android.content.Intent, java.lang.String) (ActivityThread.java:-1)
07-04 09:45:15.077 14113 14113 I zygote64:   at void android.app.ActivityThread$H.handleMessage(android.os.Message) (ActivityThread.java:1696)
07-04 09:45:15.077 14113 14113 I zygote64:   at void android.os.Handler.dispatchMessage(android.os.Message) (Handler.java:105)
07-04 09:45:15.077 14113 14113 I zygote64:   at void android.os.Looper.loop() (Looper.java:164)
07-04 09:45:15.077 14113 14113 I zygote64:   at void android.app.ActivityThread.main(java.lang.String[]) (ActivityThread.java:6940)
07-04 09:45:15.077 14113 14113 I zygote64:   at java.lang.Object java.lang.reflect.Method.invoke(java.lang.Object, java.lang.Object[]) (Method.java:-2)
