07-04 09:45:33.294 14069 14169 I BatteryMgr:DataCollectionService: stats => 1688456733293,-87,4111
07-04 09:45:33.405 14069 14169 I BatteryMgr:DataCollectionService: stats => 1688456733405,-87,4111
07-04 09:45:33.517 14069 14169 I BatteryMgr:DataCollectionService: stats => 1688456733517,-87,4111
07-04 09:45:33.629 14069 14169 I BatteryMgr:DataCollectionService: stats => 1688456733629,-87,4111
07-04 09:45:33.741 14069 14169 I BatteryMgr:DataCollectionService: stats => 1688456733740,-87,4111
07-04 09:45:33.847 14069 14169 I BatteryMgr:DataCollectionService: stats => 1688456733847,-87,4111
07-04 09:45:33.958 14069 14169 I BatteryMgr:DataCollectionService: stats => 1688456733957,-87,4111
07-04 09:45:34.069 14069 14169 I BatteryMgr:DataCollectionService: stats => 1688456734069,-87,4111
07-04 09:45:34.181 14069 14169 I BatteryMgr:DataCollectionService: stats => 1688456734181,-87,4111
07-04 09:45:34.292 14069 14169 I BatteryMgr:DataCollectionService: stats => 1688456734292,-87,4111
07-04 09:45:34.404 14069 14169 I BatteryMgr:DataCollectionService: stats => 1688456734404,-87,4111
07-04 09:45:34.516 14069 14169 I BatteryMgr:DataCollectionService: stats => 1688456734516,-87,4111
07-04 09:45:34.627 14069 14169 I BatteryMgr:DataCollectionService: stats => 1688456734627,-87,4111
07-04 09:45:34.713  3437  3437 I android.hardware.wifi@1.0-service: getLinkLayerStats
07-04 09:45:34.738 14069 14169 I BatteryMgr:DataCollectionService: stats => 1688456734738,-87,4111
07-04 09:45:34.850 14069 14169 I BatteryMgr:DataCollectionService: stats => 1688456734849,-87,4111
07-04 09:45:34.961 14069 14169 I BatteryMgr:DataCollectionService: stats => 1688456734961,-87,4111
07-04 09:45:35.072 14069 14169 I BatteryMgr:DataCollectionService: stats => 1688456735072,-87,4111
07-04 09:45:35.184 14069 14169 I BatteryMgr:DataCollectionService: stats => 1688456735183,-87,4111
07-04 09:45:35.293 14069 14169 I BatteryMgr:DataCollectionService: stats => 1688456735293,-87,4111
07-04 09:45:35.404 14069 14169 I BatteryMgr:DataCollectionService: stats => 1688456735404,-87,4111
07-04 09:45:35.520 14069 14169 I BatteryMgr:DataCollectionService: stats => 1688456735520,-87,4111
07-04 09:45:35.631 14069 14169 I BatteryMgr:DataCollectionService: stats => 1688456735631,-87,4111
07-04 09:45:35.742 14069 14169 I BatteryMgr:DataCollectionService: stats => 1688456735742,-87,4111
07-04 09:45:35.854 14069 14169 I BatteryMgr:DataCollectionService: stats => 1688456735853,-87,4111
07-04 09:45:35.867  4956  4956 D io_stats: !@ 179,0 r 95925 3644136 w 61485 818464 d 2714 249368 f 21128 21173 iot 69564 55532 th 51200 0 0 pt 0 inp 0 0 1553.186
07-04 09:45:35.965 14069 14169 I BatteryMgr:DataCollectionService: stats => 1688456735965,-87,4111
07-04 09:45:36.076 14069 14169 I BatteryMgr:DataCollectionService: stats => 1688456736076,-87,4111
07-04 09:45:36.187 14069 14169 I BatteryMgr:DataCollectionService: stats => 1688456736187,-87,4111
07-04 09:45:36.299 14069 14169 I BatteryMgr:DataCollectionService: stats => 1688456736299,-87,4111
07-04 09:45:36.410 14069 14169 I BatteryMgr:DataCollectionService: stats => 1688456736410,-87,4111
07-04 09:45:36.522 14069 14169 I BatteryMgr:DataCollectionService: stats => 1688456736521,-87,4111
07-04 09:45:36.632 14069 14169 I BatteryMgr:DataCollectionService: stats => 1688456736632,-87,4111
07-04 09:45:36.743 14069 14169 I BatteryMgr:DataCollectionService: stats => 1688456736743,-87,4111
07-04 09:45:36.854 14069 14169 I BatteryMgr:DataCollectionService: stats => 1688456736854,-87,4111
07-04 09:45:36.966 14069 14169 I BatteryMgr:DataCollectionService: stats => 1688456736966,-87,4111
07-04 09:45:37.078 14069 14169 I BatteryMgr:DataCollectionService: stats => 1688456737078,-87,4111
07-04 09:45:37.189 14069 14169 I BatteryMgr:DataCollectionService: stats => 1688456737189,-87,4111
07-04 09:45:37.301 14069 14169 I BatteryMgr:DataCollectionService: stats => 1688456737301,-87,4111
07-04 09:45:37.413 14069 14169 I BatteryMgr:DataCollectionService: stats => 1688456737413,-87,4111
07-04 09:45:37.524 14069 14169 I BatteryMgr:DataCollectionService: stats => 1688456737524,-87,4111
07-04 09:45:37.636 14069 14169 I BatteryMgr:DataCollectionService: stats => 1688456737635,-87,4111
07-04 09:45:37.727  3437  3437 I android.hardware.wifi@1.0-service: getLinkLayerStats
07-04 09:45:37.747 14069 14169 I BatteryMgr:DataCollectionService: stats => 1688456737747,-87,4111
07-04 09:45:37.859 14069 14169 I BatteryMgr:DataCollectionService: stats => 1688456737858,-87,4111
07-04 09:45:37.970 14069 14169 I BatteryMgr:DataCollectionService: stats => 1688456737970,-87,4111
07-04 09:45:38.081 14069 14169 I BatteryMgr:DataCollectionService: stats => 1688456738081,-87,4111
07-04 09:45:38.192 14069 14169 I BatteryMgr:DataCollectionService: stats => 1688456738192,-87,4111
07-04 09:45:38.303 14069 14169 I BatteryMgr:DataCollectionService: stats => 1688456738303,-87,4111
07-04 09:45:38.415 14069 14169 I BatteryMgr:DataCollectionService: stats => 1688456738414,-87,4111
07-04 09:45:38.523 14069 14169 I BatteryMgr:DataCollectionService: stats => 1688456738523,-87,4111
07-04 09:45:38.635 14069 14169 I BatteryMgr:DataCollectionService: stats => 1688456738635,-87,4111
07-04 09:45:38.747 14069 14169 I BatteryMgr:DataCollectionService: stats => 1688456738746,-87,4111
07-04 09:45:38.857 14069 14169 I BatteryMgr:DataCollectionService: stats => 1688456738856,-87,4111
07-04 09:45:38.967 14069 14169 I BatteryMgr:DataCollectionService: stats => 1688456738967,-87,4111
07-04 09:45:39.078 14069 14169 I BatteryMgr:DataCollectionService: stats => 1688456739078,-87,4111
07-04 09:45:39.190 14069 14169 I BatteryMgr:DataCollectionService: stats => 1688456739189,-87,4111
07-04 09:45:39.296 14069 14169 I BatteryMgr:DataCollectionService: stats => 1688456739296,-87,4111
07-04 09:45:39.407 14069 14169 I BatteryMgr:DataCollectionService: stats => 1688456739406,-87,4111
07-04 09:45:39.518 14069 14169 I BatteryMgr:DataCollectionService: stats => 1688456739518,-87,4111
07-04 09:45:39.630 14069 14169 I BatteryMgr:DataCollectionService: stats => 1688456739630,-87,4111
07-04 09:45:39.741 14069 14169 I BatteryMgr:DataCollectionService: stats => 1688456739741,-87,4111
07-04 09:45:39.852 14069 14169 I BatteryMgr:DataCollectionService: stats => 1688456739852,-87,4111
07-04 09:45:39.964 14069 14169 I BatteryMgr:DataCollectionService: stats => 1688456739964,-87,4111
07-04 09:45:40.075 14069 14169 I BatteryMgr:DataCollectionService: stats => 1688456740075,-87,4111
07-04 09:45:40.186 14069 14169 I BatteryMgr:DataCollectionService: stats => 1688456740186,-87,4111
07-04 09:45:40.297 14069 14169 I BatteryMgr:DataCollectionService: stats => 1688456740296,-87,4111
07-04 09:45:40.403 14069 14169 I BatteryMgr:DataCollectionService: stats => 1688456740403,-87,4111
07-04 09:45:40.514 14069 14169 I BatteryMgr:DataCollectionService: stats => 1688456740514,-87,4111
07-04 09:45:40.625 14069 14169 I BatteryMgr:DataCollectionService: stats => 1688456740625,-87,4111
07-04 09:45:40.732 14069 14169 I BatteryMgr:DataCollectionService: stats => 1688456740732,-87,4111
07-04 09:45:40.748  3437  3437 I android.hardware.wifi@1.0-service: getLinkLayerStats
07-04 09:45:40.843 14069 14169 I BatteryMgr:DataCollectionService: stats => 1688456740842,-87,4111
07-04 09:45:40.954 14069 14169 I BatteryMgr:DataCollectionService: stats => 1688456740953,-87,4111
07-04 09:45:41.064 14069 14169 I BatteryMgr:DataCollectionService: stats => 1688456741064,-87,4111
07-04 09:45:41.175 14069 14169 I BatteryMgr:DataCollectionService: stats => 1688456741175,-87,4111
07-04 09:45:41.282 14069 14169 I BatteryMgr:DataCollectionService: stats => 1688456741282,-87,4111
07-04 09:45:41.391 14069 14169 I BatteryMgr:DataCollectionService: stats => 1688456741391,-87,4111
07-04 09:45:41.502 14069 14169 I BatteryMgr:DataCollectionService: stats => 1688456741502,-87,4111
07-04 09:45:41.512  3958  6514 D SSRM:k  : SIOP:: AP = 250, PST = 254 (W:30), BAT = 237, USB = 0, CHG = 0
07-04 09:45:41.613 14069 14169 I BatteryMgr:DataCollectionService: stats => 1688456741613,-87,4111
07-04 09:45:41.724 14069 14169 I BatteryMgr:DataCollectionService: stats => 1688456741724,-87,4111
07-04 09:45:41.830 14069 14169 I BatteryMgr:DataCollectionService: stats => 1688456741830,-87,4111
07-04 09:45:41.940 14069 14169 I BatteryMgr:DataCollectionService: stats => 1688456741940,-87,4111
07-04 09:45:42.052 14069 14169 I BatteryMgr:DataCollectionService: stats => 1688456742051,-87,4111
07-04 09:45:42.163 14069 14169 I BatteryMgr:DataCollectionService: stats => 1688456742162,-87,4111
07-04 09:45:42.273 14069 14169 I BatteryMgr:DataCollectionService: stats => 1688456742273,-87,4111
07-04 09:45:42.384 14069 14169 I BatteryMgr:DataCollectionService: stats => 1688456742384,-87,4111
07-04 09:45:42.443  3958  4034 D SensorService: [SO] 0.038 -0.148 9.941
07-04 09:45:42.495 14069 14169 I BatteryMgr:DataCollectionService: stats => 1688456742495,-87,4111
07-04 09:45:42.606 14069 14169 I BatteryMgr:DataCollectionService: stats => 1688456742606,-87,4111
07-04 09:45:42.719 14069 14169 I BatteryMgr:DataCollectionService: stats => 1688456742719,-87,4111
07-04 09:45:42.831 14069 14169 I BatteryMgr:DataCollectionService: stats => 1688456742830,-87,4111
07-04 09:45:42.942 14069 14169 I BatteryMgr:DataCollectionService: stats => 1688456742942,-87,4111
07-04 09:45:43.053 14069 14169 I BatteryMgr:DataCollectionService: stats => 1688456743052,-87,4111
07-04 09:45:43.164 14069 14169 I BatteryMgr:DataCollectionService: stats => 1688456743163,-87,4111
07-04 09:45:43.269 14069 14169 I BatteryMgr:DataCollectionService: stats => 1688456743269,-87,4111
07-04 09:45:43.375 14069 14169 I BatteryMgr:DataCollectionService: stats => 1688456743375,-87,4111
07-04 09:45:43.486 14069 14169 I BatteryMgr:DataCollectionService: stats => 1688456743485,-87,4111
07-04 09:45:43.592 14069 14169 I BatteryMgr:DataCollectionService: stats => 1688456743591,-87,4111
07-04 09:45:43.702 14069 14169 I BatteryMgr:DataCollectionService: stats => 1688456743702,-87,4111
07-04 09:45:43.756  3437  3437 I android.hardware.wifi@1.0-service: getLinkLayerStats
07-04 09:45:43.813 14069 14169 I BatteryMgr:DataCollectionService: stats => 1688456743813,-87,4111
07-04 09:45:43.924 14069 14169 I BatteryMgr:DataCollectionService: stats => 1688456743924,-87,4111
07-04 09:45:44.035 14069 14169 I BatteryMgr:DataCollectionService: stats => 1688456744035,-87,4111
07-04 09:45:44.145 14069 14169 I BatteryMgr:DataCollectionService: stats => 1688456744145,-87,4111
07-04 09:45:44.256 14069 14169 I BatteryMgr:DataCollectionService: stats => 1688456744256,-87,4111
07-04 09:45:44.367 14069 14169 I BatteryMgr:DataCollectionService: stats => 1688456744367,-87,4111
07-04 09:45:44.478 14069 14169 I BatteryMgr:DataCollectionService: stats => 1688456744478,-87,4111
07-04 09:45:44.589 14069 14169 I BatteryMgr:DataCollectionService: stats => 1688456744588,-87,4111
07-04 09:45:44.699 14069 14169 I BatteryMgr:DataCollectionService: stats => 1688456744699,-87,4111
07-04 09:45:44.810 14069 14169 I BatteryMgr:DataCollectionService: stats => 1688456744810,-87,4111
07-04 09:45:44.920 14069 14169 I BatteryMgr:DataCollectionService: stats => 1688456744920,-87,4111
07-04 09:45:45.031 14069 14169 I BatteryMgr:DataCollectionService: stats => 1688456745030,-87,4111
07-04 09:45:45.141 14069 14169 I BatteryMgr:DataCollectionService: stats => 1688456745141,-87,4111
07-04 09:45:45.252 14069 14169 I BatteryMgr:DataCollectionService: stats => 1688456745252,-87,4111
07-04 09:45:45.358 14069 14169 I BatteryMgr:DataCollectionService: stats => 1688456745358,-87,4111
07-04 09:45:45.468 14069 14169 I BatteryMgr:DataCollectionService: stats => 1688456745468,-87,4111
07-04 09:45:45.577 14069 14169 I BatteryMgr:DataCollectionService: stats => 1688456745577,-87,4111
07-04 09:45:45.685 14069 14169 I BatteryMgr:DataCollectionService: stats => 1688456745685,-87,4111
07-04 09:45:45.797 14069 14169 I BatteryMgr:DataCollectionService: stats => 1688456745797,-87,4111
07-04 09:45:45.908 14069 14169 I BatteryMgr:DataCollectionService: stats => 1688456745908,-87,4111
07-04 09:45:46.019 14069 14169 I BatteryMgr:DataCollectionService: stats => 1688456746018,-87,4111
07-04 09:45:46.130 14069 14169 I BatteryMgr:DataCollectionService: stats => 1688456746129,-87,4111
07-04 09:45:46.240 14069 14169 I BatteryMgr:DataCollectionService: stats => 1688456746240,-87,4111
07-04 09:45:46.350 14069 14169 I BatteryMgr:DataCollectionService: stats => 1688456746349,-87,4111
07-04 09:45:46.460 14069 14169 I BatteryMgr:DataCollectionService: stats => 1688456746460,-87,4111
07-04 09:45:46.570 14069 14169 I BatteryMgr:DataCollectionService: stats => 1688456746570,-87,4111
07-04 09:45:46.681 14069 14169 I BatteryMgr:DataCollectionService: stats => 1688456746681,-87,4111
07-04 09:45:46.764  3437  3437 I chatty  : uid=1010 wifi@1.0-servic identical 1 line
07-04 09:45:46.794 14069 14169 I BatteryMgr:DataCollectionService: stats => 1688456746794,-87,4111
07-04 09:45:46.905 14069 14169 I BatteryMgr:DataCollectionService: stats => 1688456746905,-87,4111
07-04 09:45:47.015 14069 14169 I BatteryMgr:DataCollectionService: stats => 1688456747015,-87,4111
07-04 09:45:47.126 14069 14169 I BatteryMgr:DataCollectionService: stats => 1688456747126,-87,4111
07-04 09:45:47.237 14069 14169 I BatteryMgr:DataCollectionService: stats => 1688456747237,-87,4111
07-04 09:45:47.347 14069 14169 I BatteryMgr:DataCollectionService: stats => 1688456747346,-87,4111
07-04 09:45:47.457 14069 14169 I BatteryMgr:DataCollectionService: stats => 1688456747457,-87,4111
07-04 09:45:47.568 14069 14169 I BatteryMgr:DataCollectionService: stats => 1688456747567,-87,4111
07-04 09:45:47.679 14069 14169 I BatteryMgr:DataCollectionService: stats => 1688456747678,-87,4111
07-04 09:45:47.789 14069 14169 I BatteryMgr:DataCollectionService: stats => 1688456747789,-87,4111
07-04 09:45:47.895 14069 14169 I BatteryMgr:DataCollectionService: stats => 1688456747895,-87,4111
07-04 09:45:48.005 14069 14169 I BatteryMgr:DataCollectionService: stats => 1688456748005,-87,4111
07-04 09:45:48.116 14069 14169 I BatteryMgr:DataCollectionService: stats => 1688456748116,-87,4111
07-04 09:45:48.226 14069 14169 I BatteryMgr:DataCollectionService: stats => 1688456748226,-87,4111
07-04 09:45:48.337 14069 14169 I BatteryMgr:DataCollectionService: stats => 1688456748337,-87,4111
07-04 09:45:48.448 14069 14169 I BatteryMgr:DataCollectionService: stats => 1688456748448,-87,4111
07-04 09:45:48.559 14069 14169 I BatteryMgr:DataCollectionService: stats => 1688456748558,-87,4111
07-04 09:45:48.669 14069 14169 I BatteryMgr:DataCollectionService: stats => 1688456748669,-87,4111
07-04 09:45:48.780 14069 14169 I BatteryMgr:DataCollectionService: stats => 1688456748780,-87,4111
07-04 09:45:48.885 14069 14169 I BatteryMgr:DataCollectionService: stats => 1688456748885,-87,4111
07-04 09:45:48.995 14069 14169 I BatteryMgr:DataCollectionService: stats => 1688456748995,-87,4111
07-04 09:45:49.106 14069 14169 I BatteryMgr:DataCollectionService: stats => 1688456749105,-87,4111
07-04 09:45:49.216 14069 14169 I BatteryMgr:DataCollectionService: stats => 1688456749216,-87,4111
07-04 09:45:49.327 14069 14169 I BatteryMgr:DataCollectionService: stats => 1688456749327,-87,4111
07-04 09:45:49.437 14069 14169 I BatteryMgr:DataCollectionService: stats => 1688456749437,-87,4111
07-04 09:45:49.548 14069 14169 I BatteryMgr:DataCollectionService: stats => 1688456749548,-87,4111
07-04 09:45:49.659 14069 14169 I BatteryMgr:DataCollectionService: stats => 1688456749658,-87,4111
07-04 09:45:49.769 14069 14169 I BatteryMgr:DataCollectionService: stats => 1688456749769,-87,4111
07-04 09:45:49.786  3437  3437 I android.hardware.wifi@1.0-service: getLinkLayerStats
07-04 09:45:49.880 14069 14169 I BatteryMgr:DataCollectionService: stats => 1688456749879,-87,4111
07-04 09:45:49.976  4345  4697 D NetworkController.MobileSignalController(0/-2): onSignalStrengthsChanged signalStrength=SignalStrength: 12 99 -12 -200 -12 -200 -1 99 2147483647 2147483647 2147483647 2147483647 0 2147483647 0x4 P gsm|lte level=4
07-04 09:45:49.976  4345  4697 D NetworkController.MobileSignalController(0/-2): getMobileIconGroup(): 0
07-04 09:45:49.988 14069 14169 I BatteryMgr:DataCollectionService: stats => 1688456749988,-87,4111
07-04 09:45:50.096 14069 14169 I BatteryMgr:DataCollectionService: stats => 1688456750096,-87,4111
07-04 09:45:50.207 14069 14169 I BatteryMgr:DataCollectionService: stats => 1688456750207,-87,4111
07-04 09:45:50.318 14069 14169 I BatteryMgr:DataCollectionService: stats => 1688456750318,-87,4111
07-04 09:45:50.429 14069 14169 I BatteryMgr:DataCollectionService: stats => 1688456750428,-87,4111
07-04 09:45:50.539 14069 14169 I BatteryMgr:DataCollectionService: stats => 1688456750539,-87,4111
07-04 09:45:50.650 14069 14169 I BatteryMgr:DataCollectionService: stats => 1688456750649,-87,4111
07-04 09:45:50.760 14069 14169 I BatteryMgr:DataCollectionService: stats => 1688456750760,-87,4111
07-04 09:45:50.870 14069 14169 I BatteryMgr:DataCollectionService: stats => 1688456750870,-87,4111
07-04 09:45:50.981 14069 14169 I BatteryMgr:DataCollectionService: stats => 1688456750980,-87,4111
07-04 09:45:51.091 14069 14169 I BatteryMgr:DataCollectionService: stats => 1688456751091,-87,4111
07-04 09:45:51.201 14069 14169 I BatteryMgr:DataCollectionService: stats => 1688456751201,-87,4111
07-04 09:45:51.307 14069 14169 I BatteryMgr:DataCollectionService: stats => 1688456751307,-87,4111
07-04 09:45:51.417 14069 14169 I BatteryMgr:DataCollectionService: stats => 1688456751416,-87,4111
07-04 09:45:51.527 14069 14169 I BatteryMgr:DataCollectionService: stats => 1688456751526,-87,4111
07-04 09:45:51.565  3958  6514 D SSRM:k  : SIOP:: AP = 250, PST = 254 (W:30), BAT = 237, USB = 0, CHG = 0
07-04 09:45:51.637 14069 14169 I BatteryMgr:DataCollectionService: stats => 1688456751637,-87,4111
07-04 09:45:51.746 14069 14169 I BatteryMgr:DataCollectionService: stats => 1688456751746,-87,4111
07-04 09:45:51.856 14069 14169 I BatteryMgr:DataCollectionService: stats => 1688456751856,-87,4111
07-04 09:45:51.966 14069 14169 I BatteryMgr:DataCollectionService: stats => 1688456751966,-87,4111
07-04 09:45:52.072 14069 14169 I BatteryMgr:DataCollectionService: stats => 1688456752072,-87,4111
07-04 09:45:52.177 14069 14169 I BatteryMgr:DataCollectionService: stats => 1688456752177,-87,4111
07-04 09:45:52.283 14069 14169 I BatteryMgr:DataCollectionService: stats => 1688456752282,-87,4111
07-04 09:45:52.388 14069 14169 I BatteryMgr:DataCollectionService: stats => 1688456752388,-87,4111
07-04 09:45:52.498 14069 14169 I BatteryMgr:DataCollectionService: stats => 1688456752498,-87,4111
07-04 09:45:52.509  3958  4034 D SensorService: [SO] 0.067 -0.148 9.941
07-04 09:45:52.608 14069 14169 I BatteryMgr:DataCollectionService: stats => 1688456752608,-87,4111
07-04 09:45:52.719 14069 14169 I BatteryMgr:DataCollectionService: stats => 1688456752718,-87,4111
07-04 09:45:52.796  3437  3437 I android.hardware.wifi@1.0-service: getLinkLayerStats
07-04 09:45:52.828 14069 14169 I BatteryMgr:DataCollectionService: stats => 1688456752828,-87,4111
07-04 09:45:52.939 14069 14169 I BatteryMgr:DataCollectionService: stats => 1688456752939,-87,4111
07-04 09:45:53.049 14069 14169 I BatteryMgr:DataCollectionService: stats => 1688456753049,-87,4111
07-04 09:45:53.159 14069 14169 I BatteryMgr:DataCollectionService: stats => 1688456753159,-87,4111
07-04 09:45:53.278 14069 14169 I BatteryMgr:DataCollectionService: stats => 1688456753278,-87,4111
07-04 09:45:53.388 14069 14169 I BatteryMgr:DataCollectionService: stats => 1688456753388,-87,4111
07-04 09:45:53.498 14069 14169 I BatteryMgr:DataCollectionService: stats => 1688456753498,-87,4111
07-04 09:45:53.604 14069 14169 I BatteryMgr:DataCollectionService: stats => 1688456753604,-87,4111
07-04 09:45:53.714 14069 14169 I BatteryMgr:DataCollectionService: stats => 1688456753713,-87,4111
07-04 09:45:53.824 14069 14169 I BatteryMgr:DataCollectionService: stats => 1688456753824,-87,4111
07-04 09:45:53.934 14069 14169 I BatteryMgr:DataCollectionService: stats => 1688456753934,-87,4111
07-04 09:45:54.045 14069 14169 I BatteryMgr:DataCollectionService: stats => 1688456754044,-87,4111
07-04 09:45:54.155 14069 14169 I BatteryMgr:DataCollectionService: stats => 1688456754155,-87,4111
07-04 09:45:54.265 14069 14169 I BatteryMgr:DataCollectionService: stats => 1688456754265,-87,4111
07-04 09:45:54.375 14069 14169 I BatteryMgr:DataCollectionService: stats => 1688456754375,-87,4111
07-04 09:45:54.486 14069 14169 I BatteryMgr:DataCollectionService: stats => 1688456754486,-117,4111
07-04 09:45:54.597 14069 14169 I BatteryMgr:DataCollectionService: stats => 1688456754596,-117,4111
07-04 09:45:54.690  3958  3968 D BatteryService: !@BatteryListener : batteryPropertiesChanged!
07-04 09:45:54.691  3958  3968 D BatteryService: level:89, scale:100, status:3, health:2, present:true, voltage: 4109, temperature: 238, technology: Li-ion, AC powered:false, USB powered:false, POGO powered:false, Wireless powered:false, icon:17303820, invalid charger:0, maxChargingCurrent:0, maxChargingVoltage:0, chargeCounter:0
07-04 09:45:54.692  3958  3968 D BatteryService: online:1, current avg:-125, charge type:0, power sharing:false, high voltage charger:false, capacity:280000, batterySWSelfDischarging:false, misc_event:0, current_event:0, current_now:-117
07-04 09:45:54.692  3958  3958 D BatteryService: Sending ACTION_BATTERY_CHANGED.
07-04 09:45:54.696  3958  3958 D SamsungPhoneWindowManager: ACTION_BATTERY_CHANGED - Level :: 89, battStatus :: 3
07-04 09:45:54.697  3958  3958 I MotionRecognitionService: On Battery, 0
07-04 09:45:54.697  3958  3958 D MotionRecognitionService:   mCableConnection= 0
07-04 09:45:54.699  3958  3983 D UsbDeviceManager: handleMessage -> MSG_UPDATE_CHARGING_STATE = 0
07-04 09:45:54.701  4345  4345 D KeyguardUpdateMonitor: received broadcast android.intent.action.BATTERY_CHANGED
07-04 09:45:54.704  4345  4345 D BatteryController: onReceive-ACTION_BATTERY_CHANGED : mLevel=89, mBatteryStatus=3
07-04 09:45:54.710  4345  4345 D PowerUI : priorPlugType = 0 mPlugType =  0
07-04 09:45:54.713 14069 14169 I BatteryMgr:DataCollectionService: stats => 1688456754713,-117,4109
07-04 09:45:54.823 14069 14169 I BatteryMgr:DataCollectionService: stats => 1688456754823,-117,4109
07-04 09:45:54.933 14069 14169 I BatteryMgr:DataCollectionService: stats => 1688456754933,-117,4109
07-04 09:45:55.044 14069 14169 I BatteryMgr:DataCollectionService: stats => 1688456755043,-117,4109
07-04 09:45:55.154 14069 14169 I BatteryMgr:DataCollectionService: stats => 1688456755154,-117,4109
07-04 09:45:55.264 14069 14169 I BatteryMgr:DataCollectionService: stats => 1688456755263,-117,4109
07-04 09:45:55.374 14069 14169 I BatteryMgr:DataCollectionService: stats => 1688456755373,-117,4109
07-04 09:45:55.484 14069 14169 I BatteryMgr:DataCollectionService: stats => 1688456755484,-117,4109
07-04 09:45:55.589 14069 14169 I BatteryMgr:DataCollectionService: stats => 1688456755589,-117,4109
07-04 09:45:55.695 14069 14169 I BatteryMgr:DataCollectionService: stats => 1688456755695,-117,4109
07-04 09:45:55.805 14069 14169 I BatteryMgr:DataCollectionService: stats => 1688456755804,-117,4109
07-04 09:45:55.818  3437  3437 I android.hardware.wifi@1.0-service: getLinkLayerStats
07-04 09:45:55.916 14069 14169 I BatteryMgr:DataCollectionService: stats => 1688456755916,-117,4109
07-04 09:45:56.026 14069 14169 I BatteryMgr:DataCollectionService: stats => 1688456756026,-117,4109
07-04 09:45:56.136 14069 14169 I BatteryMgr:DataCollectionService: stats => 1688456756136,-117,4109
07-04 09:45:56.247 14069 14169 I BatteryMgr:DataCollectionService: stats => 1688456756247,-117,4109
07-04 09:45:56.357 14069 14169 I BatteryMgr:DataCollectionService: stats => 1688456756357,-117,4109
07-04 09:45:56.467 14069 14169 I BatteryMgr:DataCollectionService: stats => 1688456756467,-117,4109
07-04 09:45:56.573 14069 14169 I BatteryMgr:DataCollectionService: stats => 1688456756573,-117,4109
07-04 09:45:56.683 14069 14169 I BatteryMgr:DataCollectionService: stats => 1688456756683,-117,4109
07-04 09:45:56.793 14069 14169 I BatteryMgr:DataCollectionService: stats => 1688456756793,-117,4109
07-04 09:45:56.904 14069 14169 I BatteryMgr:DataCollectionService: stats => 1688456756903,-117,4109
07-04 09:45:57.014 14069 14169 I BatteryMgr:DataCollectionService: stats => 1688456757014,-117,4109
07-04 09:45:57.125 14069 14169 I BatteryMgr:DataCollectionService: stats => 1688456757124,-117,4109
07-04 09:45:57.235 14069 14169 I BatteryMgr:DataCollectionService: stats => 1688456757235,-117,4109
07-04 09:45:57.344 14069 14169 I BatteryMgr:DataCollectionService: stats => 1688456757344,-117,4109
07-04 09:45:57.454 14069 14169 I BatteryMgr:DataCollectionService: stats => 1688456757454,-117,4109
07-04 09:45:57.564 14069 14169 I BatteryMgr:DataCollectionService: stats => 1688456757564,-117,4109
07-04 09:45:57.674 14069 14169 I BatteryMgr:DataCollectionService: stats => 1688456757674,-117,4109
07-04 09:45:57.784 14069 14169 I BatteryMgr:DataCollectionService: stats => 1688456757784,-117,4109
07-04 09:45:57.894 14069 14169 I BatteryMgr:DataCollectionService: stats => 1688456757894,-117,4109
07-04 09:45:58.004 14069 14169 I BatteryMgr:DataCollectionService: stats => 1688456758004,-117,4109
07-04 09:45:58.115 14069 14169 I BatteryMgr:DataCollectionService: stats => 1688456758115,-117,4109
07-04 09:45:58.225 14069 14169 I BatteryMgr:DataCollectionService: stats => 1688456758225,-117,4109
07-04 09:45:58.335 14069 14169 I BatteryMgr:DataCollectionService: stats => 1688456758335,-117,4109
07-04 09:45:58.441 14069 14169 I BatteryMgr:DataCollectionService: stats => 1688456758441,-117,4109
07-04 09:45:58.551 14069 14169 I BatteryMgr:DataCollectionService: stats => 1688456758551,-117,4109
07-04 09:45:58.661 14069 14169 I BatteryMgr:DataCollectionService: stats => 1688456758661,-117,4109
07-04 09:45:58.753  3958  3984 W StorageManager: getStorageFullBytes DEFAULT_FULL_THRESHOLD_BYTES : 20971520, threadhold : 20971520
07-04 09:45:58.754  3958  3984 W StorageManager: getStorageLowBytes lowPercent : 5, lowBytes : 1260145254, maxLowBytes : 524288000
07-04 09:45:58.757  3958  3984 W DeviceStorageMonitorService: updateBroadcasts(/data) oldLevel:0, newLevel:0, seq:1
07-04 09:45:58.758  3958  3984 W DeviceStorageMonitorService: updateBroadcasts_filenode(/data) fn_oldLevel:0, fn_newLevel:0, seq:1
07-04 09:45:58.771 14069 14169 I BatteryMgr:DataCollectionService: stats => 1688456758771,-117,4109
07-04 09:45:58.826  3437  3437 I android.hardware.wifi@1.0-service: getLinkLayerStats
07-04 09:45:58.881 14069 14169 I BatteryMgr:DataCollectionService: stats => 1688456758881,-117,4109
07-04 09:45:58.991 14069 14169 I BatteryMgr:DataCollectionService: stats => 1688456758991,-117,4109
07-04 09:45:59.101 14069 14169 I BatteryMgr:DataCollectionService: stats => 1688456759101,-117,4109
07-04 09:45:59.211 14069 14169 I BatteryMgr:DataCollectionService: stats => 1688456759211,-117,4109
07-04 09:45:59.317 14069 14169 I BatteryMgr:DataCollectionService: stats => 1688456759317,-117,4109
07-04 09:45:59.427 14069 14169 I BatteryMgr:DataCollectionService: stats => 1688456759427,-117,4109
07-04 09:45:59.537 14069 14169 I BatteryMgr:DataCollectionService: stats => 1688456759537,-117,4109
07-04 09:45:59.647 14069 14169 I BatteryMgr:DataCollectionService: stats => 1688456759646,-117,4109
07-04 09:45:59.757 14069 14169 I BatteryMgr:DataCollectionService: stats => 1688456759757,-117,4109
07-04 09:45:59.867 14069 14169 I BatteryMgr:DataCollectionService: stats => 1688456759867,-117,4109
07-04 09:45:59.973 14069 14169 I BatteryMgr:DataCollectionService: stats => 1688456759973,-117,4109
07-04 09:46:00.000  3958  4048 D SamsungAlarmManager: Expired : 8
07-04 09:46:00.000  3958  4048 V SamsungAlarmManager: Sending to uid : 1000 action=android.intent.action.TIME_TICK alarm=Alarm{ba72d56 type 3 when 1577321 android}
07-04 09:46:00.001  3958  4048 V SamsungAlarmManager: Sending to uid : 10074 action=com.samsung.action.EVERY_MINUTE_CLOCK_UPDATE alarm=Alarm{91f6ac4 type 1 when 1688456760000 com.sec.android.app.launcher}
07-04 09:46:00.006  3958  3958 D SamsungAlarmManager: setExact Intent (T:3/F:1/AC:false) 20230704T094700 - CU:1000/CP:3958
07-04 09:46:00.006  5558  5558 I Launcher: onReceive: com.samsung.action.EVERY_MINUTE_CLOCK_UPDATE
07-04 09:46:00.006  3958  3958 I SamsungAlarmManager: setLocked to kernel - T:3 / 20230704T094700, SetElapsed=1637321, nowELAPSED=1577327
07-04 09:46:00.009  4345  4345 D KeyguardUpdateMonitor: received broadcast android.intent.action.TIME_TICK
07-04 09:46:00.010  4345  4345 D KeyguardServiceBoxContainer: refreshTime() 1
07-04 09:46:00.015  3958  5542 D SamsungAlarmManager: setInexact Intent (T:1/F:0/AC:false) 20230704T094700 - CU:10074/CP:5558
07-04 09:46:00.016  5558  5558 I IconView: applyFromShortcutInfo - start GetLive : com.samsung.android.calendar
07-04 09:46:00.017  5558  5558 I IconView: applyFromShortcutInfo - end GetLive : com.samsung.android.calendar
07-04 09:46:00.020  5558  5558 I IconView: applyFromApplicationInfo - start GetLive : com.sec.android.app.clockpackage
07-04 09:46:00.032  5558  5558 D ApplicationPackageManager: we has com.sec.android.app.clockpackage class. reuse it 
07-04 09:46:00.032  5558  5558 D LiveIconLoader: getLiveIcon was called in ClockPackage
07-04 09:46:00.035  5558  5558 D LiveIconLoader: getLiveIcon res = com.sec.android.app.clockpackage
07-04 09:46:00.037  5558  5558 D LiveIconLoader: stdIconSize : 84 , targetIconSize : 101
07-04 09:46:00.038  5558  5558 D LiveIconLoader: mIconDpi : 480 , mTargetIconDpi : 280
07-04 09:46:00.038  4345  4345 D KeyguardUpdateMonitor: handleStatusBarState( false )
07-04 09:46:00.062  5558  5558 I ApplicationPackageManager: load= live icon for com.sec.android.app.clockpackage, from overlay = false
07-04 09:46:00.064  5558  5558 I LiveIconManager: getLiveIcon: complete(sync_created)
07-04 09:46:00.064  5558  5558 I IconView: applyFromApplicationInfo - end GetLive : com.sec.android.app.clockpackage
07-04 09:46:00.065  5558  5558 I IconView: applyFromApplicationInfo - start GetLive : com.samsung.android.calendar
07-04 09:46:00.065  5558  5558 I BitmapCacheContainer: getBitmapCache: BitmapCache expired com.samsung.android.calendar/UserHandle{0}
07-04 09:46:00.071  5558  5558 D ApplicationPackageManager: we has com.samsung.android.calendar class. reuse it 
07-04 09:46:00.073  4345  4345 D KeyguardUpdateMonitor: handleStatusBarState( false )
07-04 09:46:00.081 14069 14169 I BatteryMgr:DataCollectionService: stats => 1688456760081,-117,4109
07-04 09:46:00.098  5558  5558 I ApplicationPackageManager: load= live icon for com.samsung.android.calendar, from overlay = false
07-04 09:46:00.099  5558  5558 I LiveIconManager: getLiveIcon: complete(sync_created)
07-04 09:46:00.099  5558  5558 I IconView: applyFromApplicationInfo - end GetLive : com.samsung.android.calendar
07-04 09:46:00.191 14069 14169 I BatteryMgr:DataCollectionService: stats => 1688456760191,-117,4109
07-04 09:46:00.302 14069 14169 I BatteryMgr:DataCollectionService: stats => 1688456760301,-117,4109
07-04 09:46:00.411 14069 14169 I BatteryMgr:DataCollectionService: stats => 1688456760411,-117,4109
07-04 09:46:00.523 14069 14169 I BatteryMgr:DataCollectionService: stats => 1688456760522,-117,4109
07-04 09:46:00.627  3958  4448 E Watchdog: !@Sync 52 [2023-07-04 09:46:00.626]
07-04 09:46:00.633 14069 14169 I BatteryMgr:DataCollectionService: stats => 1688456760633,-117,4109
07-04 09:46:00.744 14069 14169 I BatteryMgr:DataCollectionService: stats => 1688456760743,-117,4109
07-04 09:46:00.853 14069 14169 I BatteryMgr:DataCollectionService: stats => 1688456760853,-117,4109
07-04 09:46:00.894  4956  4956 D io_stats: !@ 179,0 r 95926 3644140 w 61485 818464 d 2714 249368 f 21128 21173 iot 69564 55533 th 51200 0 0 pt 0 inp 0 0 1578.213
07-04 09:46:00.959 14069 14169 I BatteryMgr:DataCollectionService: stats => 1688456760959,-117,4109
07-04 09:46:01.064 14069 14169 I BatteryMgr:DataCollectionService: stats => 1688456761064,-117,4109
07-04 09:46:01.173 14069 14169 I BatteryMgr:DataCollectionService: stats => 1688456761173,-117,4109
07-04 09:46:01.297 14069 14169 I BatteryMgr:DataCollectionService: stats => 1688456761297,-117,4109
07-04 09:46:01.407 14069 14169 I BatteryMgr:DataCollectionService: stats => 1688456761406,-117,4109
07-04 09:46:01.516 14069 14169 I BatteryMgr:DataCollectionService: stats => 1688456761516,-117,4109
07-04 09:46:01.595  3958  6514 D SSRM:k  : SIOP:: AP = 250, PST = 254 (W:30), BAT = 238, USB = 0, CHG = 0
07-04 09:46:01.626 14069 14169 I BatteryMgr:DataCollectionService: stats => 1688456761626,-117,4109
07-04 09:46:01.737 14069 14169 I BatteryMgr:DataCollectionService: stats => 1688456761737,-117,4109
07-04 09:46:01.835  3437  3437 I android.hardware.wifi@1.0-service: getLinkLayerStats
07-04 09:46:01.848 14069 14169 I BatteryMgr:DataCollectionService: stats => 1688456761847,-117,4109
07-04 09:46:01.958 14069 14169 I BatteryMgr:DataCollectionService: stats => 1688456761958,-117,4109
07-04 09:46:02.068 14069 14169 I BatteryMgr:DataCollectionService: stats => 1688456762068,-117,4109
07-04 09:46:02.178 14069 14169 I BatteryMgr:DataCollectionService: stats => 1688456762178,-117,4109
07-04 09:46:02.288 14069 14169 I BatteryMgr:DataCollectionService: stats => 1688456762288,-117,4109
07-04 09:46:02.394 14069 14169 I BatteryMgr:DataCollectionService: stats => 1688456762394,-117,4109
07-04 09:46:02.504 14069 14169 I BatteryMgr:DataCollectionService: stats => 1688456762503,-117,4109
07-04 09:46:02.509  3958  4034 D SensorService: [SO] 0.057 -0.172 9.969
07-04 09:46:02.614 14069 14169 I BatteryMgr:DataCollectionService: stats => 1688456762613,-117,4109
07-04 09:46:02.719 14069 14169 I BatteryMgr:DataCollectionService: stats => 1688456762719,-117,4109
07-04 09:46:02.829 14069 14169 I BatteryMgr:DataCollectionService: stats => 1688456762829,-117,4109
07-04 09:46:02.938 14069 14169 I BatteryMgr:DataCollectionService: stats => 1688456762938,-117,4109
07-04 09:46:03.048 14069 14169 I BatteryMgr:DataCollectionService: stats => 1688456763048,-117,4109
07-04 09:46:03.158 14069 14169 I BatteryMgr:DataCollectionService: stats => 1688456763157,-117,4109
07-04 09:46:03.267 14069 14169 I BatteryMgr:DataCollectionService: stats => 1688456763267,-117,4109
07-04 09:46:03.378 14069 14169 I BatteryMgr:DataCollectionService: stats => 1688456763378,-117,4109
07-04 09:46:03.488 14069 14169 I BatteryMgr:DataCollectionService: stats => 1688456763488,-117,4109
07-04 09:46:03.599 14069 14169 I BatteryMgr:DataCollectionService: stats => 1688456763598,-117,4109
07-04 09:46:03.709 14069 14169 I BatteryMgr:DataCollectionService: stats => 1688456763709,-117,4109
07-04 09:46:03.819 14069 14169 I BatteryMgr:DataCollectionService: stats => 1688456763819,-117,4109
07-04 09:46:03.929 14069 14169 I BatteryMgr:DataCollectionService: stats => 1688456763928,-117,4109
07-04 09:46:04.039 14069 14169 I BatteryMgr:DataCollectionService: stats => 1688456764039,-117,4109
07-04 09:46:04.149 14069 14169 I BatteryMgr:DataCollectionService: stats => 1688456764149,-117,4109
07-04 09:46:04.258 14069 14169 I BatteryMgr:DataCollectionService: stats => 1688456764257,-117,4109
07-04 09:46:04.368 14069 14169 I BatteryMgr:DataCollectionService: stats => 1688456764367,-117,4109
07-04 09:46:04.477 14069 14169 I BatteryMgr:DataCollectionService: stats => 1688456764477,-117,4109
07-04 09:46:04.587 14069 14169 I BatteryMgr:DataCollectionService: stats => 1688456764587,-117,4109
07-04 09:46:04.697 14069 14169 I BatteryMgr:DataCollectionService: stats => 1688456764697,-117,4109
07-04 09:46:04.807 14069 14169 I BatteryMgr:DataCollectionService: stats => 1688456764807,-117,4109
07-04 09:46:04.845  3437  3437 I android.hardware.wifi@1.0-service: getLinkLayerStats
07-04 09:46:04.917 14069 14169 I BatteryMgr:DataCollectionService: stats => 1688456764917,-117,4109
07-04 09:46:05.027 14069 14169 I BatteryMgr:DataCollectionService: stats => 1688456765027,-117,4109
07-04 09:46:05.137 14069 14169 I BatteryMgr:DataCollectionService: stats => 1688456765137,-117,4109
07-04 09:46:05.248 14069 14169 I BatteryMgr:DataCollectionService: stats => 1688456765248,-117,4109
07-04 09:46:05.353 14069 14169 I BatteryMgr:DataCollectionService: stats => 1688456765353,-117,4109
07-04 09:46:05.463 14069 14169 I BatteryMgr:DataCollectionService: stats => 1688456765463,-117,4109
07-04 09:46:05.573 14069 14169 I BatteryMgr:DataCollectionService: stats => 1688456765573,-117,4109
07-04 09:46:05.683 14069 14169 I BatteryMgr:DataCollectionService: stats => 1688456765683,-117,4109
07-04 09:46:05.700  3958  5482 D ConnectivityService: filterNetworkStateForUid() uid: 10025 networkInfo: [type: WIFI[] - WIFI, state: CONNECTED/CONNECTED, reason: (unspecified), extra: "DoodleBoodle", failover: false, available: true, roaming: false, metered: false]
07-04 09:46:05.793 14069 14169 I BatteryMgr:DataCollectionService: stats => 1688456765793,-117,4109
07-04 09:46:05.900  4956  4956 D io_stats: !@ 179,0 r 95926 3644140 w 61489 818496 d 2715 249372 f 21129 21176 iot 69564 55536 th 51200 0 0 pt 0 inp 0 0 1583.219
07-04 09:46:05.903 14069 14169 I BatteryMgr:DataCollectionService: stats => 1688456765903,-117,4109
07-04 09:46:06.013 14069 14169 I BatteryMgr:DataCollectionService: stats => 1688456766013,-117,4109
07-04 09:46:06.123 14069 14169 I BatteryMgr:DataCollectionService: stats => 1688456766122,-117,4109
07-04 09:46:06.233 14069 14169 I BatteryMgr:DataCollectionService: stats => 1688456766233,-117,4109
07-04 09:46:06.282  3958  4302 D WifiConnectivityMonitor:  [|221] []
07-04 09:46:06.343 14069 14169 I BatteryMgr:DataCollectionService: stats => 1688456766342,-117,4109
07-04 09:46:06.452 14069 14169 I BatteryMgr:DataCollectionService: stats => 1688456766452,-117,4109
07-04 09:46:06.562 14069 14169 I BatteryMgr:DataCollectionService: stats => 1688456766561,-117,4109
07-04 09:46:06.672 14069 14169 I BatteryMgr:DataCollectionService: stats => 1688456766671,-117,4109
07-04 09:46:06.782 14069 14169 I BatteryMgr:DataCollectionService: stats => 1688456766781,-117,4109
07-04 09:46:06.891 14069 14169 I BatteryMgr:DataCollectionService: stats => 1688456766891,-117,4109
07-04 09:46:07.002 14069 14169 I BatteryMgr:DataCollectionService: stats => 1688456767002,-117,4109
07-04 09:46:07.108 14069 14169 I BatteryMgr:DataCollectionService: stats => 1688456767108,-117,4109
07-04 09:46:07.218 14069 14169 I BatteryMgr:DataCollectionService: stats => 1688456767218,-117,4109
07-04 09:46:07.327 14069 14169 I BatteryMgr:DataCollectionService: stats => 1688456767327,-117,4109
07-04 09:46:07.436 14069 14169 I BatteryMgr:DataCollectionService: stats => 1688456767436,-117,4109
07-04 09:46:07.546 14069 14169 I BatteryMgr:DataCollectionService: stats => 1688456767546,-117,4109
07-04 09:46:07.656 14069 14169 I BatteryMgr:DataCollectionService: stats => 1688456767656,-117,4109
07-04 09:46:07.766 14069 14169 I BatteryMgr:DataCollectionService: stats => 1688456767765,-117,4109
07-04 09:46:07.853  3437  3437 I android.hardware.wifi@1.0-service: getLinkLayerStats
07-04 09:46:07.876 14069 14169 I BatteryMgr:DataCollectionService: stats => 1688456767875,-117,4109
07-04 09:46:07.985 14069 14169 I BatteryMgr:DataCollectionService: stats => 1688456767985,-117,4109
07-04 09:46:08.095 14069 14169 I BatteryMgr:DataCollectionService: stats => 1688456768095,-117,4109
07-04 09:46:08.205 14069 14169 I BatteryMgr:DataCollectionService: stats => 1688456768204,-117,4109
07-04 09:46:08.315 14069 14169 I BatteryMgr:DataCollectionService: stats => 1688456768315,-117,4109
07-04 09:46:08.425 14069 14169 I BatteryMgr:DataCollectionService: stats => 1688456768425,-117,4109
07-04 09:46:08.534 14069 14169 I BatteryMgr:DataCollectionService: stats => 1688456768534,-117,4109
07-04 09:46:08.645 14069 14169 I BatteryMgr:DataCollectionService: stats => 1688456768645,-117,4109
07-04 09:46:08.755 14069 14169 I BatteryMgr:DataCollectionService: stats => 1688456768754,-117,4109
07-04 09:46:08.860 14069 14169 I BatteryMgr:DataCollectionService: stats => 1688456768860,-117,4109
07-04 09:46:08.970 14069 14169 I BatteryMgr:DataCollectionService: stats => 1688456768969,-117,4109
07-04 09:46:09.079 14069 14169 I BatteryMgr:DataCollectionService: stats => 1688456769079,-117,4109
07-04 09:46:09.189 14069 14169 I BatteryMgr:DataCollectionService: stats => 1688456769189,-117,4109
07-04 09:46:09.298 14069 14169 I BatteryMgr:DataCollectionService: stats => 1688456769298,-117,4109
07-04 09:46:09.361  5400  5552 D ContactsProvider_EventLog: contents_sample_state: [CONTACT contacts(0) data(0) accounts({}) accounts deleted({}) calls([]) countryIso(NL) userId(0)  ]
07-04 09:46:09.361  5400  5552 D ContactsProvider_EventLog: contents_sample_state: [ agr({})  ]
07-04 09:46:09.361  5400  5552 D ContactsProvider_EventLog: contents_sample_state: [ actCnt({android.process.acore(5400)=1})  ]
07-04 09:46:09.361  5400  5552 D ContactsProvider_EventLog: contents_sample_state: [PROFILE contacts(0) data(0) accounts({})  ]
07-04 09:46:09.361  5400  5552 D ContactsProvider_EventLog: contents_sample_state: [SAPROFILE contacts(1) data(1) accounts({vnd.sec.contact.phone (1)=1})  ]
07-04 09:46:09.365  5400  5552 E ContactsProvider_EventLog: Flush buffer to file cnt : 1 size : 0Kb duration : 2ms lastUpdatedAfter : 60108 ms mFlush_time_threasold : 2000 mCurrentSize : 437
07-04 09:46:09.407 14069 14169 I BatteryMgr:DataCollectionService: stats => 1688456769407,-117,4109
07-04 09:46:09.517 14069 14169 I BatteryMgr:DataCollectionService: stats => 1688456769517,-117,4109
07-04 09:46:09.627 14069 14169 I BatteryMgr:DataCollectionService: stats => 1688456769626,-117,4109
07-04 09:46:09.737 14069 14169 I BatteryMgr:DataCollectionService: stats => 1688456769736,-117,4109
07-04 09:46:09.847 14069 14169 I BatteryMgr:DataCollectionService: stats => 1688456769847,-117,4109
07-04 09:46:09.957 14069 14169 I BatteryMgr:DataCollectionService: stats => 1688456769957,-117,4109
07-04 09:46:10.067 14069 14169 I BatteryMgr:DataCollectionService: stats => 1688456770067,-117,4109
07-04 09:46:10.177 14069 14169 I BatteryMgr:DataCollectionService: stats => 1688456770177,-117,4109
07-04 09:46:10.287 14069 14169 I BatteryMgr:DataCollectionService: stats => 1688456770287,-117,4109
07-04 09:46:10.397 14069 14169 I BatteryMgr:DataCollectionService: stats => 1688456770397,-117,4109
07-04 09:46:10.507 14069 14169 I BatteryMgr:DataCollectionService: stats => 1688456770506,-117,4109
07-04 09:46:10.616 14069 14169 I BatteryMgr:DataCollectionService: stats => 1688456770616,-117,4109
07-04 09:46:10.726 14069 14169 I BatteryMgr:DataCollectionService: stats => 1688456770726,-117,4109
07-04 09:46:10.835 14069 14169 I BatteryMgr:DataCollectionService: stats => 1688456770835,-117,4109
07-04 09:46:10.876  3437  3437 I android.hardware.wifi@1.0-service: getLinkLayerStats
07-04 09:46:10.906  4956  4956 D io_stats: !@ 179,0 r 95926 3644140 w 61497 818588 d 2715 249372 f 21130 21177 iot 69568 55538 th 51200 0 0 pt 0 inp 0 0 1588.225
07-04 09:46:10.945 14069 14169 I BatteryMgr:DataCollectionService: stats => 1688456770945,-117,4109
07-04 09:46:11.055 14069 14169 I BatteryMgr:DataCollectionService: stats => 1688456771055,-117,4109
07-04 09:46:11.165 14069 14169 I BatteryMgr:DataCollectionService: stats => 1688456771165,-117,4109
07-04 09:46:11.275 14069 14169 I BatteryMgr:DataCollectionService: stats => 1688456771274,-117,4109
07-04 09:46:11.383 14069 14169 I BatteryMgr:DataCollectionService: stats => 1688456771383,-117,4109
07-04 09:46:11.493 14069 14169 I BatteryMgr:DataCollectionService: stats => 1688456771493,-117,4109
07-04 09:46:11.603 14069 14169 I BatteryMgr:DataCollectionService: stats => 1688456771602,-117,4109
07-04 09:46:11.646  3958  6514 D SSRM:k  : SIOP:: AP = 250, PST = 254 (W:30), BAT = 238, USB = 0, CHG = 0
07-04 09:46:11.713 14069 14169 I BatteryMgr:DataCollectionService: stats => 1688456771712,-117,4109
07-04 09:46:11.822 14069 14169 I BatteryMgr:DataCollectionService: stats => 1688456771822,-117,4109
07-04 09:46:11.931 14069 14169 I BatteryMgr:DataCollectionService: stats => 1688456771931,-117,4109
07-04 09:46:12.041 14069 14169 I BatteryMgr:DataCollectionService: stats => 1688456772041,-117,4109
07-04 09:46:12.151 14069 14169 I BatteryMgr:DataCollectionService: stats => 1688456772151,-117,4109
07-04 09:46:12.260 14069 14169 I BatteryMgr:DataCollectionService: stats => 1688456772260,-117,4109
07-04 09:46:12.370 14069 14169 I BatteryMgr:DataCollectionService: stats => 1688456772370,-117,4109
07-04 09:46:12.479 14069 14169 I BatteryMgr:DataCollectionService: stats => 1688456772479,-117,4109
07-04 09:46:12.509  3958  4034 D SensorService: [SO] 0.062 -0.177 9.917
07-04 09:46:12.589 14069 14169 I BatteryMgr:DataCollectionService: stats => 1688456772589,-117,4109
07-04 09:46:12.699 14069 14169 I BatteryMgr:DataCollectionService: stats => 1688456772698,-117,4109
07-04 09:46:12.809 14069 14169 I BatteryMgr:DataCollectionService: stats => 1688456772808,-117,4109
07-04 09:46:12.918 14069 14169 I BatteryMgr:DataCollectionService: stats => 1688456772918,-117,4109
07-04 09:46:13.028 14069 14169 I BatteryMgr:DataCollectionService: stats => 1688456773028,-117,4109
07-04 09:46:13.138 14069 14169 I BatteryMgr:DataCollectionService: stats => 1688456773138,-117,4109
07-04 09:46:13.247 14069 14169 I BatteryMgr:DataCollectionService: stats => 1688456773247,-117,4109
07-04 09:46:13.353 14069 14169 I BatteryMgr:DataCollectionService: stats => 1688456773353,-117,4109
07-04 09:46:13.458 14069 14169 I BatteryMgr:DataCollectionService: stats => 1688456773458,-117,4109
07-04 09:46:13.563 14069 14169 I BatteryMgr:DataCollectionService: stats => 1688456773563,-117,4109
07-04 09:46:13.670 14069 14169 I BatteryMgr:DataCollectionService: stats => 1688456773670,-117,4109
07-04 09:46:13.780 14069 14169 I BatteryMgr:DataCollectionService: stats => 1688456773780,-117,4109
07-04 09:46:13.884  3437  3437 I android.hardware.wifi@1.0-service: getLinkLayerStats
07-04 09:46:13.889 14069 14169 I BatteryMgr:DataCollectionService: stats => 1688456773889,-117,4109
07-04 09:46:13.999 14069 14169 I BatteryMgr:DataCollectionService: stats => 1688456773999,-117,4109
07-04 09:46:14.109 14069 14169 I BatteryMgr:DataCollectionService: stats => 1688456774109,-117,4109
07-04 09:46:14.214 14069 14169 I BatteryMgr:DataCollectionService: stats => 1688456774214,-117,4109
07-04 09:46:14.324 14069 14169 I BatteryMgr:DataCollectionService: stats => 1688456774323,-117,4109
07-04 09:46:14.434 14069 14169 I BatteryMgr:DataCollectionService: stats => 1688456774434,-117,4109
07-04 09:46:14.543 14069 14169 I BatteryMgr:DataCollectionService: stats => 1688456774543,-117,4109
07-04 09:46:14.653 14069 14169 I BatteryMgr:DataCollectionService: stats => 1688456774653,-117,4109
07-04 09:46:14.763 14069 14169 I BatteryMgr:DataCollectionService: stats => 1688456774763,-117,4109
07-04 09:46:14.872 14069 14169 I BatteryMgr:DataCollectionService: stats => 1688456774872,-117,4109
07-04 09:46:14.982 14069 14169 I BatteryMgr:DataCollectionService: stats => 1688456774982,-117,4109
07-04 09:46:15.092 14069 14169 I BatteryMgr:DataCollectionService: stats => 1688456775092,-117,4109
07-04 09:46:15.202 14069 14169 I BatteryMgr:DataCollectionService: stats => 1688456775202,-117,4109
07-04 09:46:15.312 14069 14169 I BatteryMgr:DataCollectionService: stats => 1688456775312,-117,4109
07-04 09:46:15.420 14069 14169 I BatteryMgr:DataCollectionService: stats => 1688456775420,-117,4109
07-04 09:46:15.530 14069 14169 I BatteryMgr:DataCollectionService: stats => 1688456775530,-117,4109
07-04 09:46:15.640 14069 14169 I BatteryMgr:DataCollectionService: stats => 1688456775640,-117,4109
07-04 09:46:15.750 14069 14169 I BatteryMgr:DataCollectionService: stats => 1688456775749,-117,4109
07-04 09:46:15.859 14069 14169 I BatteryMgr:DataCollectionService: stats => 1688456775859,-117,4109
07-04 09:46:15.912  4956  4956 D io_stats: !@ 179,0 r 95926 3644140 w 61511 818700 d 2716 249376 f 21131 21178 iot 69568 55544 th 51200 0 0 pt 0 inp 0 0 1593.231
07-04 09:46:15.969 14069 14169 I BatteryMgr:DataCollectionService: stats => 1688456775969,-117,4109
07-04 09:46:16.079 14069 14169 I BatteryMgr:DataCollectionService: stats => 1688456776079,-117,4109
07-04 09:46:16.189 14069 14169 I BatteryMgr:DataCollectionService: stats => 1688456776189,-117,4109
07-04 09:46:16.299 14069 14169 I BatteryMgr:DataCollectionService: stats => 1688456776298,-117,4109
07-04 09:46:16.408 14069 14169 I BatteryMgr:DataCollectionService: stats => 1688456776408,-117,4109
07-04 09:46:16.517 14069 14169 I BatteryMgr:DataCollectionService: stats => 1688456776517,-117,4109
07-04 09:46:16.627 14069 14169 I BatteryMgr:DataCollectionService: stats => 1688456776626,-117,4109
07-04 09:46:16.736 14069 14169 I BatteryMgr:DataCollectionService: stats => 1688456776736,-117,4109
07-04 09:46:16.845 14069 14169 I BatteryMgr:DataCollectionService: stats => 1688456776845,-117,4109
07-04 09:46:16.905  3437  3437 I android.hardware.wifi@1.0-service: getLinkLayerStats
07-04 09:46:16.955 14069 14169 I BatteryMgr:DataCollectionService: stats => 1688456776954,-117,4109
07-04 09:46:17.064 14069 14169 I BatteryMgr:DataCollectionService: stats => 1688456777064,-117,4109
07-04 09:46:17.101 13517 13517 E adbd    : recv: OPEN 00000102 00000000 003a:73 68 65 6C 6C 2C 76 32 2C 54 45 52 4D 3D 73 63 72 65 65 6E 2C 72 61 77 3A 67 65 74 70 72 6F 70 20 72 6F 2E 62 75 69 6C 64 2E 76 65 72 73 69 6F 6E 2E 72 65 6C 65 61 73 65 00 
07-04 09:46:17.102 13517 13517 E adbd    : service_to_fd: shell,v2,TERM=screen,raw:getprop ro.build.version.release
07-04 09:46:17.170 14069 14169 I BatteryMgr:DataCollectionService: stats => 1688456777170,-117,4109
07-04 09:46:17.203 13517 13517 E adbd    : recv: OPEN 00000105 00000000 0036:73 68 65 6C 6C 2C 76 32 2C 54 45 52 4D 3D 73 63 72 65 65 6E 2C 72 61 77 3A 67 65 74 70 72 6F 70 20 72 6F 2E 62 75 69 6C 64 2E 76 65 72 73 69 6F 6E 2E 73 64 6B 00 
