07-04 01:10:06.835 10389 10485 I BatteryMgr:DataCollectionService: stats => 1688425806834,-213867,4388
07-04 01:10:06.944 10389 10485 I BatteryMgr:DataCollectionService: stats => 1688425806944,-213867,4388
07-04 01:10:07.022  1301  1301 W ipacm   : type=1400 audit(0.0:8397744): avc: denied { write } for name="ipacm_log_file" dev="tmpfs" ino=28733 scontext=u:r:ipacm:s0 tcontext=u:object_r:ipacm_socket:s0 tclass=sock_file permissive=0
07-04 01:10:07.022  1301  1301 I chatty  : uid=1001(radio) /system/vendor/bin/ipacm identical 1 line
07-04 01:10:07.022  1301  1301 W ipacm   : type=1400 audit(0.0:8397746): avc: denied { write } for name="ipacm_log_file" dev="tmpfs" ino=28733 scontext=u:r:ipacm:s0 tcontext=u:object_r:ipacm_socket:s0 tclass=sock_file permissive=0
07-04 01:10:07.053 10389 10485 I BatteryMgr:DataCollectionService: stats => 1688425807053,-213867,4388
07-04 01:10:07.122  1301  1301 W ipacm   : type=1400 audit(0.0:8397747): avc: denied { write } for name="ipacm_log_file" dev="tmpfs" ino=28733 scontext=u:r:ipacm:s0 tcontext=u:object_r:ipacm_socket:s0 tclass=sock_file permissive=0
07-04 01:10:07.122  1301  1301 W ipacm   : type=1400 audit(0.0:8397748): avc: denied { write } for name="ipacm_log_file" dev="tmpfs" ino=28733 scontext=u:r:ipacm:s0 tcontext=u:object_r:ipacm_socket:s0 tclass=sock_file permissive=0
07-04 01:10:07.163 10389 10485 I BatteryMgr:DataCollectionService: stats => 1688425807163,-213867,4388
07-04 01:10:07.275 10389 10485 I BatteryMgr:DataCollectionService: stats => 1688425807275,-213867,4388
07-04 01:10:07.385 10389 10485 I BatteryMgr:DataCollectionService: stats => 1688425807385,-213867,4388
07-04 01:10:07.495 10389 10485 I BatteryMgr:DataCollectionService: stats => 1688425807495,-213867,4388
07-04 01:10:07.603 10389 10485 I BatteryMgr:DataCollectionService: stats => 1688425807603,-213867,4388
07-04 01:10:07.709 10389 10485 I BatteryMgr:DataCollectionService: stats => 1688425807709,-213867,4388
07-04 01:10:07.817 10389 10485 I BatteryMgr:DataCollectionService: stats => 1688425807817,-213867,4388
07-04 01:10:07.926 10389 10485 I BatteryMgr:DataCollectionService: stats => 1688425807926,-175781,4388
07-04 01:10:08.036 10389 10485 I BatteryMgr:DataCollectionService: stats => 1688425808036,-175781,4388
07-04 01:10:08.143 10389 10485 I BatteryMgr:DataCollectionService: stats => 1688425808143,-175781,4388
07-04 01:10:08.252 10389 10485 I BatteryMgr:DataCollectionService: stats => 1688425808252,-175781,4388
07-04 01:10:08.342  1301  1301 W ipacm   : type=1400 audit(0.0:8397804): avc: denied { write } for name="ipacm_log_file" dev="tmpfs" ino=28733 scontext=u:r:ipacm:s0 tcontext=u:object_r:ipacm_socket:s0 tclass=sock_file permissive=0
07-04 01:10:08.342  1301  1301 I chatty  : uid=1001(radio) /system/vendor/bin/ipacm identical 3 lines
07-04 01:10:08.342  1301  1301 W ipacm   : type=1400 audit(0.0:8397808): avc: denied { write } for name="ipacm_log_file" dev="tmpfs" ino=28733 scontext=u:r:ipacm:s0 tcontext=u:object_r:ipacm_socket:s0 tclass=sock_file permissive=0
07-04 01:10:08.360 10389 10485 I BatteryMgr:DataCollectionService: stats => 1688425808360,-175781,4388
07-04 01:10:08.465 10389 10485 I BatteryMgr:DataCollectionService: stats => 1688425808464,-175781,4388
07-04 01:10:08.532 10435 10449 I pufactorialtes: NativeAlloc concurrent copying GC freed 80019(2252KB) AllocSpace objects, 0(0B) LOS objects, 49% free, 3040KB/6081KB, paused 75us total 113.035ms
07-04 01:10:08.568 10389 10485 I BatteryMgr:DataCollectionService: stats => 1688425808568,-175781,4388
07-04 01:10:08.675 10389 10485 I BatteryMgr:DataCollectionService: stats => 1688425808675,-175781,4388
07-04 01:10:08.782 10389 10485 I BatteryMgr:DataCollectionService: stats => 1688425808782,-175781,4388
07-04 01:10:08.891 10389 10485 I BatteryMgr:DataCollectionService: stats => 1688425808891,-175781,4388
07-04 01:10:08.999 10389 10485 I BatteryMgr:DataCollectionService: stats => 1688425808999,-175781,4388
07-04 01:10:09.109 10389 10485 I BatteryMgr:DataCollectionService: stats => 1688425809109,-175781,4388
07-04 01:10:09.225 10389 10485 I BatteryMgr:DataCollectionService: stats => 1688425809225,-175781,4388
07-04 01:10:09.335 10389 10485 I BatteryMgr:DataCollectionService: stats => 1688425809335,-126953,4388
07-04 01:10:09.382  1301  1301 W ipacm   : type=1400 audit(0.0:8397852): avc: denied { write } for name="ipacm_log_file" dev="tmpfs" ino=28733 scontext=u:r:ipacm:s0 tcontext=u:object_r:ipacm_socket:s0 tclass=sock_file permissive=0
07-04 01:10:09.382  1301  1301 I chatty  : uid=1001(radio) /system/vendor/bin/ipacm identical 3 lines
07-04 01:10:09.382  1301  1301 W ipacm   : type=1400 audit(0.0:8397856): avc: denied { write } for name="ipacm_log_file" dev="tmpfs" ino=28733 scontext=u:r:ipacm:s0 tcontext=u:object_r:ipacm_socket:s0 tclass=sock_file permissive=0
07-04 01:10:09.446 10389 10485 I BatteryMgr:DataCollectionService: stats => 1688425809445,-126953,4388
07-04 01:10:09.555 10389 10485 I BatteryMgr:DataCollectionService: stats => 1688425809555,-126953,4388
07-04 01:10:09.663 10389 10485 I BatteryMgr:DataCollectionService: stats => 1688425809663,-126953,4388
07-04 01:10:09.773 10389 10485 I BatteryMgr:DataCollectionService: stats => 1688425809773,-126953,4388
07-04 01:10:09.879 10389 10485 I BatteryMgr:DataCollectionService: stats => 1688425809879,-126953,4388
07-04 01:10:09.987 10389 10485 I BatteryMgr:DataCollectionService: stats => 1688425809987,-126953,4388
07-04 01:10:10.095 10389 10485 I BatteryMgr:DataCollectionService: stats => 1688425810095,-126953,4388
07-04 01:10:10.203 10389 10485 I BatteryMgr:DataCollectionService: stats => 1688425810203,-126953,4388
07-04 01:10:10.315 10389 10485 I BatteryMgr:DataCollectionService: stats => 1688425810315,-126953,4388
07-04 01:10:10.425 10389 10485 I BatteryMgr:DataCollectionService: stats => 1688425810425,-126953,4388
07-04 01:10:10.531 10389 10485 I BatteryMgr:DataCollectionService: stats => 1688425810531,-126953,4388
07-04 01:10:10.582  1301  1301 W ipacm   : type=1400 audit(0.0:8397912): avc: denied { write } for name="ipacm_log_file" dev="tmpfs" ino=28733 scontext=u:r:ipacm:s0 tcontext=u:object_r:ipacm_socket:s0 tclass=sock_file permissive=0
07-04 01:10:10.582  1301  1301 I chatty  : uid=1001(radio) /system/vendor/bin/ipacm identical 3 lines
07-04 01:10:10.582  1301  1301 W ipacm   : type=1400 audit(0.0:8397916): avc: denied { write } for name="ipacm_log_file" dev="tmpfs" ino=28733 scontext=u:r:ipacm:s0 tcontext=u:object_r:ipacm_socket:s0 tclass=sock_file permissive=0
07-04 01:10:10.610 10435 10449 I pufactorialtes: NativeAlloc concurrent copying GC freed 81458(2329KB) AllocSpace objects, 0(0B) LOS objects, 49% free, 2950KB/5901KB, paused 83us total 110.544ms
07-04 01:10:10.634 10389 10485 I BatteryMgr:DataCollectionService: stats => 1688425810634,-126953,4388
07-04 01:10:10.744 10389 10485 I BatteryMgr:DataCollectionService: stats => 1688425810744,-126953,4388
07-04 01:10:10.854 10389 10485 I BatteryMgr:DataCollectionService: stats => 1688425810854,-144042,4388
07-04 01:10:10.963 10389 10485 I BatteryMgr:DataCollectionService: stats => 1688425810963,-144042,4388
07-04 01:10:11.071 10389 10485 I BatteryMgr:DataCollectionService: stats => 1688425811071,-144042,4388
07-04 01:10:11.181 10389 10485 I BatteryMgr:DataCollectionService: stats => 1688425811180,-144042,4388
07-04 01:10:11.293 10389 10485 I BatteryMgr:DataCollectionService: stats => 1688425811293,-144042,4388
07-04 01:10:11.401 10389 10485 I BatteryMgr:DataCollectionService: stats => 1688425811401,-144042,4388
07-04 01:10:11.511 10389 10485 I BatteryMgr:DataCollectionService: stats => 1688425811511,-144042,4388
07-04 01:10:11.618 10389 10485 I BatteryMgr:DataCollectionService: stats => 1688425811618,-144042,4388
07-04 01:10:11.622  1301  1301 W ipacm   : type=1400 audit(0.0:8398002): avc: denied { write } for name="ipacm_log_file" dev="tmpfs" ino=28733 scontext=u:r:ipacm:s0 tcontext=u:object_r:ipacm_socket:s0 tclass=sock_file permissive=0
07-04 01:10:11.622  1301  1301 I chatty  : uid=1001(radio) /system/vendor/bin/ipacm identical 3 lines
07-04 01:10:11.622  1301  1301 W ipacm   : type=1400 audit(0.0:8398006): avc: denied { write } for name="ipacm_log_file" dev="tmpfs" ino=28733 scontext=u:r:ipacm:s0 tcontext=u:object_r:ipacm_socket:s0 tclass=sock_file permissive=0
07-04 01:10:11.727 10389 10485 I BatteryMgr:DataCollectionService: stats => 1688425811727,-144042,4388
07-04 01:10:11.836 10389 10485 I BatteryMgr:DataCollectionService: stats => 1688425811836,-144042,4388
07-04 01:10:11.945 10389 10485 I BatteryMgr:DataCollectionService: stats => 1688425811945,-144042,4388
07-04 01:10:12.054 10389 10485 I BatteryMgr:DataCollectionService: stats => 1688425812053,-144042,4388
07-04 01:10:12.162 10389 10485 I BatteryMgr:DataCollectionService: stats => 1688425812162,-144042,4388
07-04 01:10:12.271 10389 10485 I BatteryMgr:DataCollectionService: stats => 1688425812271,-144042,4388
07-04 01:10:12.386 10389 10485 I BatteryMgr:DataCollectionService: stats => 1688425812386,-227538,4388
07-04 01:10:12.496 10389 10485 I BatteryMgr:DataCollectionService: stats => 1688425812495,-227538,4388
07-04 01:10:12.599 10389 10485 I BatteryMgr:DataCollectionService: stats => 1688425812599,-227538,4388
07-04 01:10:12.652  1301  1301 W ipacm   : type=1400 audit(0.0:8398098): avc: denied { write } for name="ipacm_log_file" dev="tmpfs" ino=28733 scontext=u:r:ipacm:s0 tcontext=u:object_r:ipacm_socket:s0 tclass=sock_file permissive=0
07-04 01:10:12.652  1301  1301 I chatty  : uid=1001(radio) /system/vendor/bin/ipacm identical 3 lines
07-04 01:10:12.652  1301  1301 W ipacm   : type=1400 audit(0.0:8398102): avc: denied { write } for name="ipacm_log_file" dev="tmpfs" ino=28733 scontext=u:r:ipacm:s0 tcontext=u:object_r:ipacm_socket:s0 tclass=sock_file permissive=0
07-04 01:10:12.670 10435 10449 I pufactorialtes: NativeAlloc concurrent copying GC freed 78584(2240KB) AllocSpace objects, 0(0B) LOS objects, 49% free, 2950KB/5901KB, paused 79us total 100.095ms
07-04 01:10:12.703 10389 10485 I BatteryMgr:DataCollectionService: stats => 1688425812703,-227538,4388
07-04 01:10:12.813 10389 10485 I BatteryMgr:DataCollectionService: stats => 1688425812813,-227538,4388
07-04 01:10:12.921 10389 10485 I BatteryMgr:DataCollectionService: stats => 1688425812921,-227538,4388
07-04 01:10:13.031 10389 10485 I BatteryMgr:DataCollectionService: stats => 1688425813031,-227538,4388
07-04 01:10:13.141 10389 10485 I BatteryMgr:DataCollectionService: stats => 1688425813141,-227538,4388
07-04 01:10:13.248 10389 10485 I BatteryMgr:DataCollectionService: stats => 1688425813248,-227538,4388
07-04 01:10:13.358 10389 10485 I BatteryMgr:DataCollectionService: stats => 1688425813358,-227538,4388
07-04 01:10:13.467 10389 10485 I BatteryMgr:DataCollectionService: stats => 1688425813466,-227538,4388
07-04 01:10:13.576 10389 10485 I BatteryMgr:DataCollectionService: stats => 1688425813576,-227538,4388
07-04 01:10:13.672  1301  1301 W ipacm   : type=1400 audit(0.0:8398179): avc: denied { write } for name="ipacm_log_file" dev="tmpfs" ino=28733 scontext=u:r:ipacm:s0 tcontext=u:object_r:ipacm_socket:s0 tclass=sock_file permissive=0
07-04 01:10:13.672  1301  1301 I chatty  : uid=1001(radio) /system/vendor/bin/ipacm identical 1 line
07-04 01:10:13.672  1301  1301 W ipacm   : type=1400 audit(0.0:8398181): avc: denied { write } for name="ipacm_log_file" dev="tmpfs" ino=28733 scontext=u:r:ipacm:s0 tcontext=u:object_r:ipacm_socket:s0 tclass=sock_file permissive=0
07-04 01:10:13.683 10389 10485 I BatteryMgr:DataCollectionService: stats => 1688425813683,-227538,4388
07-04 01:10:13.702  1301  1301 W ipacm   : type=1400 audit(0.0:8398182): avc: denied { write } for name="ipacm_log_file" dev="tmpfs" ino=28733 scontext=u:r:ipacm:s0 tcontext=u:object_r:ipacm_socket:s0 tclass=sock_file permissive=0
07-04 01:10:13.702  1301  1301 W ipacm   : type=1400 audit(0.0:8398183): avc: denied { write } for name="ipacm_log_file" dev="tmpfs" ino=28733 scontext=u:r:ipacm:s0 tcontext=u:object_r:ipacm_socket:s0 tclass=sock_file permissive=0
07-04 01:10:13.790 10389 10485 I BatteryMgr:DataCollectionService: stats => 1688425813789,-139648,4388
07-04 01:10:13.896 10389 10485 I BatteryMgr:DataCollectionService: stats => 1688425813896,-139648,4388
07-04 01:10:14.005 10389 10485 I BatteryMgr:DataCollectionService: stats => 1688425814005,-139648,4388
07-04 01:10:14.113 10389 10485 I BatteryMgr:DataCollectionService: stats => 1688425814113,-139648,4388
07-04 01:10:14.221 10389 10485 I BatteryMgr:DataCollectionService: stats => 1688425814221,-139648,4388
07-04 01:10:14.331 10389 10485 I BatteryMgr:DataCollectionService: stats => 1688425814331,-139648,4388
07-04 01:10:14.442 10389 10485 I BatteryMgr:DataCollectionService: stats => 1688425814441,-139648,4388
07-04 01:10:14.551 10389 10485 I BatteryMgr:DataCollectionService: stats => 1688425814550,-139648,4388
07-04 01:10:14.657 10389 10485 I BatteryMgr:DataCollectionService: stats => 1688425814657,-139648,4388
07-04 01:10:14.692  1301  1301 W ipacm   : type=1400 audit(0.0:8398302): avc: denied { write } for name="ipacm_log_file" dev="tmpfs" ino=28733 scontext=u:r:ipacm:s0 tcontext=u:object_r:ipacm_socket:s0 tclass=sock_file permissive=0
07-04 01:10:14.692  1301  1301 I chatty  : uid=1001(radio) /system/vendor/bin/ipacm identical 1 line
07-04 01:10:14.692  1301  1301 W ipacm   : type=1400 audit(0.0:8398304): avc: denied { write } for name="ipacm_log_file" dev="tmpfs" ino=28733 scontext=u:r:ipacm:s0 tcontext=u:object_r:ipacm_socket:s0 tclass=sock_file permissive=0
07-04 01:10:14.748 10435 10449 I pufactorialtes: NativeAlloc concurrent copying GC freed 78584(2240KB) AllocSpace objects, 0(0B) LOS objects, 49% free, 2950KB/5901KB, paused 90us total 106.728ms
07-04 01:10:14.761 10389 10485 I BatteryMgr:DataCollectionService: stats => 1688425814761,-139648,4388
07-04 01:10:14.792  1301  1301 W ipacm   : type=1400 audit(0.0:8398305): avc: denied { write } for name="ipacm_log_file" dev="tmpfs" ino=28733 scontext=u:r:ipacm:s0 tcontext=u:object_r:ipacm_socket:s0 tclass=sock_file permissive=0
07-04 01:10:14.792  1301  1301 W ipacm   : type=1400 audit(0.0:8398306): avc: denied { write } for name="ipacm_log_file" dev="tmpfs" ino=28733 scontext=u:r:ipacm:s0 tcontext=u:object_r:ipacm_socket:s0 tclass=sock_file permissive=0
07-04 01:10:14.868 10389 10485 I BatteryMgr:DataCollectionService: stats => 1688425814868,-139648,4388
07-04 01:10:14.977 10389 10485 I BatteryMgr:DataCollectionService: stats => 1688425814977,-139648,4388
07-04 01:10:15.087 10389 10485 I BatteryMgr:DataCollectionService: stats => 1688425815087,-139648,4388
07-04 01:10:15.195 10389 10485 I BatteryMgr:DataCollectionService: stats => 1688425815195,-139648,4388
07-04 01:10:15.302 10389 10485 I BatteryMgr:DataCollectionService: stats => 1688425815302,-162109,4388
07-04 01:10:15.412 10389 10485 I BatteryMgr:DataCollectionService: stats => 1688425815412,-162109,4388
07-04 01:10:15.521 10389 10485 I BatteryMgr:DataCollectionService: stats => 1688425815521,-162109,4388
07-04 01:10:15.628 10389 10485 I BatteryMgr:DataCollectionService: stats => 1688425815628,-162109,4388
07-04 01:10:15.722  1301  1301 W ipacm   : type=1400 audit(0.0:8398431): avc: denied { write } for name="ipacm_log_file" dev="tmpfs" ino=28733 scontext=u:r:ipacm:s0 tcontext=u:object_r:ipacm_socket:s0 tclass=sock_file permissive=0
07-04 01:10:15.722  1301  1301 I chatty  : uid=1001(radio) /system/vendor/bin/ipacm identical 3 lines
07-04 01:10:15.722  1301  1301 W ipacm   : type=1400 audit(0.0:8398435): avc: denied { write } for name="ipacm_log_file" dev="tmpfs" ino=28733 scontext=u:r:ipacm:s0 tcontext=u:object_r:ipacm_socket:s0 tclass=sock_file permissive=0
07-04 01:10:15.735 10389 10485 I BatteryMgr:DataCollectionService: stats => 1688425815735,-162109,4388
07-04 01:10:15.849 10389 10485 I BatteryMgr:DataCollectionService: stats => 1688425815849,-162109,4388
07-04 01:10:15.958 10389 10485 I BatteryMgr:DataCollectionService: stats => 1688425815958,-162109,4388
07-04 01:10:16.066 10389 10485 I BatteryMgr:DataCollectionService: stats => 1688425816066,-162109,4388
07-04 01:10:16.175 10389 10485 I BatteryMgr:DataCollectionService: stats => 1688425816175,-162109,4388
07-04 01:10:16.282 10389 10485 I BatteryMgr:DataCollectionService: stats => 1688425816282,-162109,4388
07-04 01:10:16.396 10389 10485 I BatteryMgr:DataCollectionService: stats => 1688425816396,-162109,4388
07-04 01:10:16.504 10389 10485 I BatteryMgr:DataCollectionService: stats => 1688425816504,-162109,4388
07-04 01:10:16.611 10389 10485 I BatteryMgr:DataCollectionService: stats => 1688425816611,-162109,4388
07-04 01:10:16.717 10389 10485 I BatteryMgr:DataCollectionService: stats => 1688425816717,-216308,4388
07-04 01:10:16.811 10435 10449 I pufactorialtes: NativeAlloc concurrent copying GC freed 78584(2240KB) AllocSpace objects, 0(0B) LOS objects, 49% free, 2950KB/5901KB, paused 74us total 100.999ms
07-04 01:10:16.822 10389 10485 I BatteryMgr:DataCollectionService: stats => 1688425816822,-216308,4388
07-04 01:10:16.842  1301  1301 W ipacm   : type=1400 audit(0.0:8398542): avc: denied { write } for name="ipacm_log_file" dev="tmpfs" ino=28733 scontext=u:r:ipacm:s0 tcontext=u:object_r:ipacm_socket:s0 tclass=sock_file permissive=0
07-04 01:10:16.842  1301  1301 I chatty  : uid=1001(radio) /system/vendor/bin/ipacm identical 3 lines
07-04 01:10:16.842  1301  1301 W ipacm   : type=1400 audit(0.0:8398546): avc: denied { write } for name="ipacm_log_file" dev="tmpfs" ino=28733 scontext=u:r:ipacm:s0 tcontext=u:object_r:ipacm_socket:s0 tclass=sock_file permissive=0
07-04 01:10:16.928 10389 10485 I BatteryMgr:DataCollectionService: stats => 1688425816928,-216308,4388
07-04 01:10:17.036 10389 10485 I BatteryMgr:DataCollectionService: stats => 1688425817036,-216308,4388
07-04 01:10:17.147 10389 10485 I BatteryMgr:DataCollectionService: stats => 1688425817147,-216308,4388
07-04 01:10:17.257 10389 10485 I BatteryMgr:DataCollectionService: stats => 1688425817257,-216308,4388
07-04 01:10:17.366 10389 10485 I BatteryMgr:DataCollectionService: stats => 1688425817366,-216308,4388
07-04 01:10:17.473 10389 10485 I BatteryMgr:DataCollectionService: stats => 1688425817473,-216308,4388
07-04 01:10:17.582 10389 10485 I BatteryMgr:DataCollectionService: stats => 1688425817581,-216308,4388
07-04 01:10:17.689 10389 10485 I BatteryMgr:DataCollectionService: stats => 1688425817689,-216308,4388
07-04 01:10:17.798 10389 10485 I BatteryMgr:DataCollectionService: stats => 1688425817798,-216308,4388
07-04 01:10:17.862  1301  1301 W ipacm   : type=1400 audit(0.0:8398626): avc: denied { write } for name="ipacm_log_file" dev="tmpfs" ino=28733 scontext=u:r:ipacm:s0 tcontext=u:object_r:ipacm_socket:s0 tclass=sock_file permissive=0
07-04 01:10:17.862  1301  1301 I chatty  : uid=1001(radio) /system/vendor/bin/ipacm identical 3 lines
07-04 01:10:17.862  1301  1301 W ipacm   : type=1400 audit(0.0:8398630): avc: denied { write } for name="ipacm_log_file" dev="tmpfs" ino=28733 scontext=u:r:ipacm:s0 tcontext=u:object_r:ipacm_socket:s0 tclass=sock_file permissive=0
07-04 01:10:17.916 10389 10485 I BatteryMgr:DataCollectionService: stats => 1688425817916,-216308,4388
07-04 01:10:18.027 10389 10485 I BatteryMgr:DataCollectionService: stats => 1688425818027,-216308,4388
07-04 01:10:18.137 10389 10485 I BatteryMgr:DataCollectionService: stats => 1688425818137,-216308,4388
07-04 01:10:18.246 10389 10485 I BatteryMgr:DataCollectionService: stats => 1688425818246,-130371,4388
07-04 01:10:18.357 10389 10485 I BatteryMgr:DataCollectionService: stats => 1688425818357,-130371,4388
07-04 01:10:18.465 10389 10485 I BatteryMgr:DataCollectionService: stats => 1688425818465,-130371,4388
07-04 01:10:18.575 10389 10485 I BatteryMgr:DataCollectionService: stats => 1688425818575,-130371,4388
07-04 01:10:18.682 10389 10485 I BatteryMgr:DataCollectionService: stats => 1688425818682,-130371,4388
07-04 01:10:18.788 10389 10485 I BatteryMgr:DataCollectionService: stats => 1688425818788,-130371,4388
07-04 01:10:18.888 10435 10449 I pufactorialtes: NativeAlloc concurrent copying GC freed 78584(2240KB) AllocSpace objects, 0(0B) LOS objects, 49% free, 2950KB/5901KB, paused 75us total 107.223ms
07-04 01:10:18.904 10389 10485 I BatteryMgr:DataCollectionService: stats => 1688425818904,-130371,4388
07-04 01:10:19.011 10389 10485 I BatteryMgr:DataCollectionService: stats => 1688425819011,-130371,4388
07-04 01:10:19.121 10389 10485 I BatteryMgr:DataCollectionService: stats => 1688425819121,-130371,4388
07-04 01:10:19.192  1301  1301 W ipacm   : type=1400 audit(0.0:8398763): avc: denied { write } for name="ipacm_log_file" dev="tmpfs" ino=28733 scontext=u:r:ipacm:s0 tcontext=u:object_r:ipacm_socket:s0 tclass=sock_file permissive=0
07-04 01:10:19.192  1301  1301 I chatty  : uid=1001(radio) /system/vendor/bin/ipacm identical 3 lines
07-04 01:10:19.192  1301  1301 W ipacm   : type=1400 audit(0.0:8398767): avc: denied { write } for name="ipacm_log_file" dev="tmpfs" ino=28733 scontext=u:r:ipacm:s0 tcontext=u:object_r:ipacm_socket:s0 tclass=sock_file permissive=0
07-04 01:10:19.228 10389 10485 I BatteryMgr:DataCollectionService: stats => 1688425819228,-130371,4388
07-04 01:10:19.338 10389 10485 I BatteryMgr:DataCollectionService: stats => 1688425819338,-130371,4388
07-04 01:10:19.445 10389 10485 I BatteryMgr:DataCollectionService: stats => 1688425819445,-130371,4388
07-04 01:10:19.554 10389 10485 I BatteryMgr:DataCollectionService: stats => 1688425819554,-130371,4388
07-04 01:10:19.663 10389 10485 I BatteryMgr:DataCollectionService: stats => 1688425819663,-132324,4388
07-04 01:10:19.768 10389 10485 I BatteryMgr:DataCollectionService: stats => 1688425819767,-132324,4388
07-04 01:10:19.874 10389 10485 I BatteryMgr:DataCollectionService: stats => 1688425819874,-132324,4388
07-04 01:10:19.939 10508 10510 I cmd     : oneway function results will be dropped but finished with status OK and parcel size 4
07-04 01:10:20.242  1301  1301 W ipacm   : type=1400 audit(0.0:8398829): avc: denied { write } for name="ipacm_log_file" dev="tmpfs" ino=28733 scontext=u:r:ipacm:s0 tcontext=u:object_r:ipacm_socket:s0 tclass=sock_file permissive=0
07-04 01:10:20.242  1301  1301 I chatty  : uid=1001(radio) /system/vendor/bin/ipacm identical 3 lines
07-04 01:10:20.242  1301  1301 W ipacm   : type=1400 audit(0.0:8398833): avc: denied { write } for name="ipacm_log_file" dev="tmpfs" ino=28733 scontext=u:r:ipacm:s0 tcontext=u:object_r:ipacm_socket:s0 tclass=sock_file permissive=0
07-04 01:10:20.322  1631  3708 I ActivityManager: Force stopping e.www.cpufactorialtest appid=10239 user=0: from pid 10524
07-04 01:10:20.323  1631  3708 I ActivityManager: Killing 10435:e.www.cpufactorialtest/u0a239 (adj 0): stop e.www.cpufactorialtest due to from pid 10524
07-04 01:10:20.325  1631  3708 W ActivityTaskManager: Force removing ActivityRecord{8d45acc u0 e.www.cpufactorialtest/.MainActivity t770 f}}: app died, no saved state
07-04 01:10:20.360   815   815 I Zygote  : Process 10435 exited due to signal 9 (Killed)
07-04 01:10:20.361 10524 10526 I cmd     : oneway function results will be dropped but finished with status OK and parcel size 4
07-04 01:10:20.365  4072  4072 E PhoneInterfaceManager: [PhoneIntfMgr] getCarrierPackageNamesForIntentAndPhone: No UICC
07-04 01:10:20.365  4072  4072 D CarrierSvcBindHelper: No carrier app for: 0
07-04 01:10:20.366  4072  4072 E PhoneInterfaceManager: [PhoneIntfMgr] getCarrierPackageNamesForIntentAndPhone: No UICC
07-04 01:10:20.366  4072  4072 D CarrierSvcBindHelper: No carrier app for: 1
07-04 01:10:20.370  1631  1839 I libprocessgroup: Successfully killed process cgroup uid 10239 pid 10435 in 45ms
07-04 01:10:20.372  1631  1821 W ActivityManager: setHasOverlayUi called on unknown pid: 10435
07-04 01:10:20.381 10389 10389 V Activity: mLastPackageName-com.example.batterymanager_utility.MainActivity
07-04 01:10:20.393  4847  4847 D RegisteredServicesCache: Others service enabled : ComponentInfo{com.google.android.gms/com.google.android.gms.nearby.mediums.nearfieldcommunication.NfcAdvertisingService}
07-04 01:10:20.393  4847  4847 D RegisteredServicesCache: Others service enabled : ComponentInfo{com.google.android.gms/com.google.android.gms.pay.hce.service.PayHceService}
07-04 01:10:20.394  4847  4847 D RegisteredServicesCache: Others service enabled : ComponentInfo{com.google.android.gms/com.google.android.gms.tapandpay.hce.service.TpHceService}
07-04 01:10:20.394  4847  4847 D RegisteredServicesCache: Others service enabled : ComponentInfo{com.google.android.gms/com.google.android.gms.dck.service.DckNfcApduService}
07-04 01:10:20.396  4847  4847 D AidRoutingManager: Default: 0, aid size: 314
07-04 01:10:20.396  4847  4847 D AidRoutingManager: Default: 2, aid size: 0
07-04 01:10:20.396  4847  4847 D AidRoutingManager: Default: 3, aid size: 0
07-04 01:10:20.396  4847  4847 D AidRoutingManager: Default: 0, aid expected size: 0
07-04 01:10:20.396  4847  4847 D AidRoutingManager: Default: 2, aid expected size: 314
07-04 01:10:20.396  4847  4847 D AidRoutingManager: Default: 3, aid expected size: 314
07-04 01:10:20.398  4847  4847 D RegisteredNfcFServicesCache: Service unchanged, not updating
07-04 01:10:20.429 10389 10389 D PureDisplay: package-com.example.batterymanager_utility DYNAMIC_ORIGINAL_MODE open
07-04 01:10:20.434 23440 23440 D PureDisplay: PureDisplayModeChangeReceiver,hdrMode=1
07-04 01:10:20.438 23440 23440 I android_os_HwBinder: HwBinder: Starting thread pool for getting: vendor.pixelworks.hardware.display@1.0::IIris/default
07-04 01:10:20.443   872   872 I IrisService: irisConfigureSet(258, 1, 1)
07-04 01:10:20.443 23440 23440 D PureDisplay: --setIrisDisplayHdrMode- mode =1--result = 0
07-04 01:10:20.443 23440 23440 D PureDisplay: PureDisplayModeChangeReceiver,pureDisplayMode=1
07-04 01:10:20.444 23440 23440 D PureDisplay: isDeviceProvisioned=true
07-04 01:10:20.445 23440 23440 D PureDisplay: isUserSetuped=true
07-04 01:10:20.445 23440 23440 D PureDisplay: setOriginalModeEnable()
07-04 01:10:20.446 23440 23440 I android_os_HwBinder: HwBinder: Starting thread pool for getting: vendor.pixelworks.hardware.display@1.0::IIris/default
07-04 01:10:20.447   872   872 I IrisService: irisConfigureSet(0, 1, 0)
07-04 01:10:20.476 23440 23440 I android_os_HwBinder: HwBinder: Starting thread pool for getting: vendor.pixelworks.hardware.display@1.0::IIris/default
07-04 01:10:20.478   872   872 I IrisService: irisConfigureSet(41, 1, 0)
07-04 01:10:20.481 23440 23440 I android_os_HwBinder: HwBinder: Starting thread pool for getting: vendor.pixelworks.hardware.display@1.0::IIris/default
07-04 01:10:20.481   872   872 I IrisService: irisConfigureSet(42, 1, 0)
07-04 01:10:20.483 23440 23440 I android_os_HwBinder: HwBinder: Starting thread pool for getting: vendor.pixelworks.hardware.display@1.0::IIris/default
07-04 01:10:20.484   872   872 I IrisService: irisConfigureSet(40, 1, 0)
07-04 01:10:20.496 30292 30292 I GoogleInputMethodService: GoogleInputMethodService.onFinishInput():3306 
07-04 01:10:20.497 30292 30292 I GoogleInputMethodService: GoogleInputMethodService.updateDeviceLockedStatus():2127 repeatCheckTimes = 0, locked = false
07-04 01:10:20.497 30292 30292 I GoogleInputMethodService: GoogleInputMethodService.onStartInput():1909 onStartInput(EditorInfo{inputType=0x0(NULL) imeOptions=0x0 privateImeOptions=null actionName=UNSPECIFIED actionLabel=null actionId=0 initialSelStart=-1 initialSelEnd=-1 initialCapsMode=0x0 hintText=null label=null packageName=com.example.batterymanager_utility fieldId=-1 fieldName=null extras=null hintLocales=[]}, false)
07-04 01:10:20.497 30292 30292 I GoogleInputMethodService: GoogleInputMethodService.shouldHideHeaderOnInitialState():1990 ShouldHideHeaderOnInitialState = false
07-04 01:10:20.497 30292 30292 I GoogleInputMethodService: GoogleInputMethodService.updateDeviceLockedStatus():2127 repeatCheckTimes = 1, locked = false
07-04 01:10:20.508 23440 23440 I android_os_HwBinder: HwBinder: Starting thread pool for getting: vendor.pixelworks.hardware.display@1.0::IIris/default
07-04 01:10:20.509   872   942 I IrisService: irisConfigureSet(36, 1, 0)
07-04 01:10:20.543 23440 23440 D PureDisplay: getWhiteBalanceAutoMode()0
07-04 01:10:20.547 23440 23440 I android_os_HwBinder: HwBinder: Starting thread pool for getting: vendor.pixelworks.hardware.display@1.0::IIris/default
07-04 01:10:20.549   872   942 I IrisService: irisConfigureSet(39, 1, 1)
07-04 01:10:20.576 23440 23440 I android_os_HwBinder: HwBinder: Starting thread pool for getting: vendor.pixelworks.hardware.display@1.0::IIris/default
07-04 01:10:20.577   872   944 I IrisService: irisConfigureSet(264, 1, 0)
07-04 01:10:20.577 23440 23440 D PureDisplay: PureDisplayModeChangeReceiver,lastclass=com.example.batterymanager_utility.MainActivity
07-04 01:10:20.580 23440 23440 D PureDisplay: PureDisplayModeChangeReceiver,lastpackage=com.example.batterymanager_utility
07-04 01:10:20.582 23440 23440 D PureDisplay: PureDisplayModeChangeReceiver,lastpackage_resume=1
07-04 01:10:21.302  1301  1301 W ipacm   : type=1400 audit(0.0:8398880): avc: denied { write } for name="ipacm_log_file" dev="tmpfs" ino=28733 scontext=u:r:ipacm:s0 tcontext=u:object_r:ipacm_socket:s0 tclass=sock_file permissive=0
07-04 01:10:23.382  1301  1301 I chatty  : uid=1001(radio) /system/vendor/bin/ipacm identical 13 lines
07-04 01:10:23.382  1301  1301 W ipacm   : type=1400 audit(0.0:8399046): avc: denied { write } for name="ipacm_log_file" dev="tmpfs" ino=28733 scontext=u:r:ipacm:s0 tcontext=u:object_r:ipacm_socket:s0 tclass=sock_file permissive=0
07-04 01:10:23.745  1631  3705 I ActivityManager: Force stopping com.example.batterymanager_utility appid=10200 user=0: from pid 10533
07-04 01:10:23.746  1631  3705 I ActivityManager: Killing 10389:com.example.batterymanager_utility/u0a200 (adj 0): stop com.example.batterymanager_utility due to from pid 10533
07-04 01:10:23.749  1631  3705 W ActivityTaskManager: Force removing ActivityRecord{bdd2a5b u0 com.example.batterymanager_utility/.MainActivity t769 f}}: app died, no saved state
07-04 01:10:23.778   815   815 I Zygote  : Process 10389 exited due to signal 9 (Killed)
07-04 01:10:23.790  1631  1839 I libprocessgroup: Successfully killed process cgroup uid 10200 pid 10389 in 43ms
07-04 01:10:23.804  4072  4072 E PhoneInterfaceManager: [PhoneIntfMgr] getCarrierPackageNamesForIntentAndPhone: No UICC
07-04 01:10:23.804  4072  4072 D CarrierSvcBindHelper: No carrier app for: 0
07-04 01:10:23.804  4072  4072 E PhoneInterfaceManager: [PhoneIntfMgr] getCarrierPackageNamesForIntentAndPhone: No UICC
07-04 01:10:23.804  4072  4072 D CarrierSvcBindHelper: No carrier app for: 1
07-04 01:10:23.807  1631 22147 E ANDR-PERF-JNI: UXEngine Trigger - Returning null
07-04 01:10:23.817 29915 29915 I A       : onStart
07-04 01:10:23.828  1631  1821 W ActivityManager: setHasOverlayUi called on unknown pid: 10389
07-04 01:10:23.834  1631 10800 D CompatibilityInfo: mCompatibilityFlags - 0
07-04 01:10:23.834  1631 10800 D CompatibilityInfo: applicationDensity - 420
07-04 01:10:23.834  1631 10800 D CompatibilityInfo: applicationScale - 1.0
07-04 01:10:23.837  8471  8471 D BoundBrokerSvc: onBind: Intent { act=com.google.android.gms.inappreach.service.START dat=chimera-action: cmp=com.google.android.gms/.chimera.GmsApiService }
07-04 01:10:23.838  8471  8471 D BoundBrokerSvc: Loading bound service for intent: Intent { act=com.google.android.gms.inappreach.service.START dat=chimera-action: cmp=com.google.android.gms/.chimera.GmsApiService }
07-04 01:10:23.842  4847  4847 D RegisteredServicesCache: Others service enabled : ComponentInfo{com.google.android.gms/com.google.android.gms.nearby.mediums.nearfieldcommunication.NfcAdvertisingService}
07-04 01:10:23.842  4847  4847 D RegisteredServicesCache: Others service enabled : ComponentInfo{com.google.android.gms/com.google.android.gms.pay.hce.service.PayHceService}
07-04 01:10:23.842  4847  4847 D RegisteredServicesCache: Others service enabled : ComponentInfo{com.google.android.gms/com.google.android.gms.tapandpay.hce.service.TpHceService}
07-04 01:10:23.842  4847  4847 D RegisteredServicesCache: Others service enabled : ComponentInfo{com.google.android.gms/com.google.android.gms.dck.service.DckNfcApduService}
07-04 01:10:23.846  4847  4847 D AidRoutingManager: Default: 0, aid size: 314
07-04 01:10:23.846  4847  4847 D AidRoutingManager: Default: 2, aid size: 0
07-04 01:10:23.846  4847  4847 D AidRoutingManager: Default: 3, aid size: 0
07-04 01:10:23.846  4847  4847 D AidRoutingManager: Default: 0, aid expected size: 0
07-04 01:10:23.846  4847  4847 D AidRoutingManager: Default: 2, aid expected size: 314
07-04 01:10:23.846  4847  4847 D AidRoutingManager: Default: 3, aid expected size: 314
07-04 01:10:23.847  4847  4847 D RegisteredNfcFServicesCache: Service unchanged, not updating
07-04 01:10:23.864 24565 24565 D PureDisplay: package-com.android.launcher3 DYNAMIC_ORIGINAL_MODE open
07-04 01:10:23.866 23440 23440 D PureDisplay: PureDisplayModeChangeReceiver,hdrMode=1
07-04 01:10:23.867 29915 29915 I A       : onResume
07-04 01:10:23.869 29950 29950 I HdmBroadcastRecvUpd: (REDACTED) received broadcast: %s
07-04 01:10:23.870 23440 23440 I android_os_HwBinder: HwBinder: Starting thread pool for getting: vendor.pixelworks.hardware.display@1.0::IIris/default
07-04 01:10:23.870 29950 30073 I HdmHotwordRequestListen: (REDACTED) received broadcast: %s
07-04 01:10:23.870 29950 30073 I SodaTriggeringFrontend: (REDACTED) #onConfigUpdate. requester: %s
07-04 01:10:23.870 29950 30073 I SodaTriggeringFrontend: #onConfigUpdate inside sequencer
07-04 01:10:23.870 29950 30073 I A       : (REDACTED) Voice Match (Speaker-id) supported : %b 
07-04 01:10:23.871 29950 30073 I A       : (REDACTED) hotword enrollment state is enrolled:  %b, speakerId model exist: %b. Voice Match supported : %b 
07-04 01:10:23.871 29950 30073 I A       : (REDACTED) isHotwordAvailable():  %b, isHotwordEnabled() %b 
07-04 01:10:23.871 29950 30073 I A       : (REDACTED) isHotwordAvailable():  %b, isHotwordEnabled() %b 
07-04 01:10:23.871 29950 30073 I A       : (REDACTED) Hotword enrollment state : %s.
07-04 01:10:23.871 29950 30073 I A       : (REDACTED) Voice Match (Speaker-id) supported : %b 
07-04 01:10:23.871 29950 30073 I A       : (REDACTED) Voice Match (Speaker-id) supported : %b 
07-04 01:10:23.871 29950 30073 I A       : (REDACTED) hotword enrollment state is enrolled:  %b, speakerId model exist: %b, voice match supported : %b
07-04 01:10:23.871 29950 30073 I A       : (REDACTED) Hotword isNonVoiceMatchHotwordEnabled: %b, isHotwordAvailable : %b, isHotwordEnabled : %b, isVoiceMatchSupported: %b, isHotwordEnrolled: %b.
07-04 01:10:23.871 29950 30073 I SodaTriggeringFrontend: (REDACTED) Ignore the legacy hotword request. voice match enabled %b, isHotwordSupported %b, isIncompleteEnrollmentState %b, nonVoiceMatchHotwordEnabled %b
07-04 01:10:23.879   872   942 I IrisService: irisConfigureSet(258, 1, 1)
07-04 01:10:23.879 23440 23440 D PureDisplay: --setIrisDisplayHdrMode- mode =1--result = 0
07-04 01:10:23.879 23440 23440 D PureDisplay: PureDisplayModeChangeReceiver,pureDisplayMode=1
07-04 01:10:23.881 23440 23440 D PureDisplay: isDeviceProvisioned=true
07-04 01:10:23.881 23440 23440 D PureDisplay: isUserSetuped=true
07-04 01:10:23.881 23440 23440 D PureDisplay: setOriginalModeEnable()
07-04 01:10:23.888 23440 23440 I android_os_HwBinder: HwBinder: Starting thread pool for getting: vendor.pixelworks.hardware.display@1.0::IIris/default
07-04 01:10:23.889   872   872 I IrisService: irisConfigureSet(0, 1, 0)
07-04 01:10:23.907  5352  5352 D PredictionService: onRequestPredictionUpdate
07-04 01:10:23.907  5352  5352 D PredictionService: update predictions
07-04 01:10:23.925 23440 23440 I android_os_HwBinder: HwBinder: Starting thread pool for getting: vendor.pixelworks.hardware.display@1.0::IIris/default
07-04 01:10:23.926   872   872 I IrisService: irisConfigureSet(41, 1, 0)
07-04 01:10:23.929 23440 23440 I android_os_HwBinder: HwBinder: Starting thread pool for getting: vendor.pixelworks.hardware.display@1.0::IIris/default
07-04 01:10:23.929   872   872 I IrisService: irisConfigureSet(42, 1, 0)
07-04 01:10:23.933 23440 23440 I android_os_HwBinder: HwBinder: Starting thread pool for getting: vendor.pixelworks.hardware.display@1.0::IIris/default
07-04 01:10:23.933 30292 30292 I GoogleInputMethodService: GoogleInputMethodService.onFinishInput():3306 
07-04 01:10:23.934 30292 30292 I GoogleInputMethodService: GoogleInputMethodService.updateDeviceLockedStatus():2127 repeatCheckTimes = 0, locked = false
07-04 01:10:23.934 30292 30292 I GoogleInputMethodService: GoogleInputMethodService.onStartInput():1909 onStartInput(EditorInfo{inputType=0x0(NULL) imeOptions=0x0 privateImeOptions=null actionName=UNSPECIFIED actionLabel=null actionId=0 initialSelStart=-1 initialSelEnd=-1 initialCapsMode=0x0 hintText=null label=null packageName=com.android.launcher3 fieldId=-1 fieldName=null extras=null hintLocales=[]}, false)
07-04 01:10:23.934 30292 30292 I GoogleInputMethodService: GoogleInputMethodService.shouldHideHeaderOnInitialState():1990 ShouldHideHeaderOnInitialState = false
07-04 01:10:23.934   872   872 I IrisService: irisConfigureSet(40, 1, 0)
07-04 01:10:23.935 30292 30292 I GoogleInputMethodService: GoogleInputMethodService.updateDeviceLockedStatus():2127 repeatCheckTimes = 1, locked = false
07-04 01:10:23.958 23440 23440 I android_os_HwBinder: HwBinder: Starting thread pool for getting: vendor.pixelworks.hardware.display@1.0::IIris/default
07-04 01:10:23.959   872   872 I IrisService: irisConfigureSet(36, 1, 0)
07-04 01:10:23.975 23440 23440 D PureDisplay: getWhiteBalanceAutoMode()0
07-04 01:10:23.978 23440 23440 I android_os_HwBinder: HwBinder: Starting thread pool for getting: vendor.pixelworks.hardware.display@1.0::IIris/default
07-04 01:10:23.978   872   944 I IrisService: irisConfigureSet(39, 1, 1)
07-04 01:10:24.010 23440 23440 I android_os_HwBinder: HwBinder: Starting thread pool for getting: vendor.pixelworks.hardware.display@1.0::IIris/default
07-04 01:10:24.011   872   944 I IrisService: irisConfigureSet(264, 1, 0)
07-04 01:10:24.422  1301  1301 W ipacm   : type=1400 audit(0.0:8399163): avc: denied { write } for name="ipacm_log_file" dev="tmpfs" ino=28733 scontext=u:r:ipacm:s0 tcontext=u:object_r:ipacm_socket:s0 tclass=sock_file permissive=0
