07-04 19:57:44.317  4204  4920 I A       : (REDACTED) hotword enrollment state is enrolled:  %b, speakerId model exist: %b. Voice Match supported : %b 
07-04 19:57:44.317  4204  4920 I A       : (REDACTED) isHotwordAvailable():  %b, isHotwordEnabled() %b 
07-04 19:57:44.317   973 10233 I IrisService: irisConfigureSet(258, 1, 1)
07-04 19:57:44.317  4204  4920 I A       : (REDACTED) isHotwordAvailable():  %b, isHotwordEnabled() %b 
07-04 19:57:44.317  4204  4920 I A       : (REDACTED) Hotword enrollment state : %s.
07-04 19:57:44.317  4204  4920 I A       : (REDACTED) Voice Match (Speaker-id) supported : %b 
07-04 19:57:44.317  4204  4920 I A       : (REDACTED) Voice Match (Speaker-id) supported : %b 
07-04 19:57:44.317 25555 25555 D PureDisplay: --setIrisDisplayHdrMode- mode =1--result = 0
07-04 19:57:44.317  4204  4920 I A       : (REDACTED) hotword enrollment state is enrolled:  %b, speakerId model exist: %b, voice match supported : %b
07-04 19:57:44.317 25555 25555 D PureDisplay: PureDisplayModeChangeReceiver,pureDisplayMode=1
07-04 19:57:44.317  4204  4920 I A       : (REDACTED) Hotword isNonVoiceMatchHotwordEnabled: %b, isHotwordAvailable : %b, isHotwordEnabled : %b, isVoiceMatchSupported: %b, isHotwordEnrolled: %b.
07-04 19:57:44.317  4204  4920 I SodaTriggeringFrontend: (REDACTED) Ignore the legacy hotword request. voice match enabled %b, isHotwordSupported %b, isIncompleteEnrollmentState %b, nonVoiceMatchHotwordEnabled %b
07-04 19:57:44.318 25555 25555 D PureDisplay: isDeviceProvisioned=true
07-04 19:57:44.318 25555 25555 D PureDisplay: isUserSetuped=true
07-04 19:57:44.318 25555 25555 D PureDisplay: setOriginalModeEnable()
07-04 19:57:44.320 25555 25555 I android_os_HwBinder: HwBinder: Starting thread pool for getting: vendor.pixelworks.hardware.display@1.0::IIris/default
07-04 19:57:44.326   973   973 I IrisService: irisConfigureSet(0, 1, 0)
07-04 19:57:44.342  4942  4942 D PredictionService: onRequestPredictionUpdate
07-04 19:57:44.343  4942  4942 D PredictionService: update predictions
07-04 19:57:44.354 25555 25555 I android_os_HwBinder: HwBinder: Starting thread pool for getting: vendor.pixelworks.hardware.display@1.0::IIris/default
07-04 19:57:44.355   973   973 I IrisService: irisConfigureSet(41, 1, 0)
07-04 19:57:44.357 25555 25555 I android_os_HwBinder: HwBinder: Starting thread pool for getting: vendor.pixelworks.hardware.display@1.0::IIris/default
07-04 19:57:44.358   973   973 I IrisService: irisConfigureSet(42, 1, 0)
07-04 19:57:44.361 25555 25555 I android_os_HwBinder: HwBinder: Starting thread pool for getting: vendor.pixelworks.hardware.display@1.0::IIris/default
07-04 19:57:44.362   973   973 I IrisService: irisConfigureSet(40, 1, 0)
07-04 19:57:44.363 10241 10241 I GoogleInputMethodService: GoogleInputMethodService.onFinishInput():3306 
07-04 19:57:44.364 10241 10241 I GoogleInputMethodService: GoogleInputMethodService.updateDeviceLockedStatus():2127 repeatCheckTimes = 0, locked = false
07-04 19:57:44.364 10241 10241 I GoogleInputMethodService: GoogleInputMethodService.onStartInput():1909 onStartInput(EditorInfo{inputType=0x0(NULL) imeOptions=0x0 privateImeOptions=null actionName=UNSPECIFIED actionLabel=null actionId=0 initialSelStart=-1 initialSelEnd=-1 initialCapsMode=0x0 hintText=null label=null packageName=com.android.launcher3 fieldId=-1 fieldName=null extras=null hintLocales=[]}, false)
07-04 19:57:44.364 10241 10241 I GoogleInputMethodService: GoogleInputMethodService.shouldHideHeaderOnInitialState():1990 ShouldHideHeaderOnInitialState = false
07-04 19:57:44.364 10241 10241 I GoogleInputMethodService: GoogleInputMethodService.updateDeviceLockedStatus():2127 repeatCheckTimes = 1, locked = false
07-04 19:57:44.389 25555 25555 I android_os_HwBinder: HwBinder: Starting thread pool for getting: vendor.pixelworks.hardware.display@1.0::IIris/default
07-04 19:57:44.390   973 10233 I IrisService: irisConfigureSet(36, 1, 0)
07-04 19:57:44.420 25555 25555 D PureDisplay: getWhiteBalanceAutoMode()0
07-04 19:57:44.423 25555 25555 I android_os_HwBinder: HwBinder: Starting thread pool for getting: vendor.pixelworks.hardware.display@1.0::IIris/default
07-04 19:57:44.424   973  1072 I IrisService: irisConfigureSet(39, 1, 1)
07-04 19:57:44.456 25555 25555 I android_os_HwBinder: HwBinder: Starting thread pool for getting: vendor.pixelworks.hardware.display@1.0::IIris/default
07-04 19:57:44.456   973   973 I IrisService: irisConfigureSet(264, 1, 0)
07-04 19:57:49.719  4432  5521 D MediaProvider: CrossUser not enabled.
