07-13 22:30:38.512 10639 10727 I BatteryMgr:DataCollectionService: stats => 1689280238511,-1390136,3595
07-13 22:30:38.516 10639 10727 I BatteryMgr:DataCollectionService: stats => 1689280238516,-1390136,3595
07-13 22:30:38.519 10639 10727 I BatteryMgr:DataCollectionService: stats => 1689280238519,-1390136,3595
07-13 22:30:38.522 10639 10727 I BatteryMgr:DataCollectionService: stats => 1689280238522,-1390136,3595
07-13 22:30:38.525 10639 10727 I BatteryMgr:DataCollectionService: stats => 1689280238525,-1390136,3595
07-13 22:30:38.527 10639 10727 I BatteryMgr:DataCollectionService: stats => 1689280238527,-1390136,3595
07-13 22:30:38.530 10639 10727 I BatteryMgr:DataCollectionService: stats => 1689280238530,-1390136,3595
07-13 22:30:38.533 10639 10727 I BatteryMgr:DataCollectionService: stats => 1689280238533,-1390136,3595
07-13 22:30:38.536 10639 10727 I BatteryMgr:DataCollectionService: stats => 1689280238536,-1390136,3595
07-13 22:30:38.538 10639 10727 I BatteryMgr:DataCollectionService: stats => 1689280238538,-1390136,3595
07-13 22:30:38.544 10639 10727 I BatteryMgr:DataCollectionService: stats => 1689280238544,-1390136,3595
07-13 22:30:38.548 10639 10727 I BatteryMgr:DataCollectionService: stats => 1689280238548,-1390136,3595
07-13 22:30:38.551 10639 10727 I BatteryMgr:DataCollectionService: stats => 1689280238551,-1390136,3595
07-13 22:30:38.556 10639 10727 I BatteryMgr:DataCollectionService: stats => 1689280238556,-1390136,3595
07-13 22:30:38.558 10639 10727 I BatteryMgr:DataCollectionService: stats => 1689280238558,-1390136,3595
07-13 22:30:38.561 10639 10727 I BatteryMgr:DataCollectionService: stats => 1689280238561,-1390136,3595
07-13 22:30:38.563 10639 10727 I BatteryMgr:DataCollectionService: stats => 1689280238563,-1390136,3595
07-13 22:30:38.567 10639 10727 I BatteryMgr:DataCollectionService: stats => 1689280238567,-1390136,3595
07-13 22:30:38.569 10639 10727 I BatteryMgr:DataCollectionService: stats => 1689280238569,-1390136,3595
07-13 22:30:38.572 10639 10727 I BatteryMgr:DataCollectionService: stats => 1689280238572,-1390136,3595
07-13 22:30:38.574 10639 10727 I BatteryMgr:DataCollectionService: stats => 1689280238574,-1390136,3595
07-13 22:30:38.577 10639 10727 I BatteryMgr:DataCollectionService: stats => 1689280238577,-1390136,3595
07-13 22:30:38.580 10639 10727 I BatteryMgr:DataCollectionService: stats => 1689280238580,-1390136,3595
07-13 22:30:38.584 10639 10727 I BatteryMgr:DataCollectionService: stats => 1689280238584,-1390136,3595
07-13 22:30:38.589 10639 10727 I BatteryMgr:DataCollectionService: stats => 1689280238588,-1390136,3595
07-13 22:30:38.592 10639 10727 I BatteryMgr:DataCollectionService: stats => 1689280238592,-1390136,3595
07-13 22:30:38.596 10639 10727 I BatteryMgr:DataCollectionService: stats => 1689280238596,-1390136,3595
07-13 22:30:38.600 10639 10727 I BatteryMgr:DataCollectionService: stats => 1689280238600,-1390136,3595
07-13 22:30:38.603 10639 10727 I BatteryMgr:DataCollectionService: stats => 1689280238603,-1390136,3595
07-13 22:30:38.606 10639 10727 I BatteryMgr:DataCollectionService: stats => 1689280238606,-1390136,3595
07-13 22:30:38.609 10639 10727 I BatteryMgr:DataCollectionService: stats => 1689280238609,-1390136,3595
07-13 22:30:38.613 10639 10727 I BatteryMgr:DataCollectionService: stats => 1689280238613,-1390136,3595
07-13 22:30:38.615 10639 10727 I BatteryMgr:DataCollectionService: stats => 1689280238615,-1390136,3595
07-13 22:30:38.617 10639 10727 I BatteryMgr:DataCollectionService: stats => 1689280238617,-1390136,3595
07-13 22:30:38.623 10639 10727 I BatteryMgr:DataCollectionService: stats => 1689280238623,-1390136,3595
07-13 22:30:38.626 10639 10727 I BatteryMgr:DataCollectionService: stats => 1689280238626,-1390136,3595
07-13 22:30:38.628 10639 10727 I BatteryMgr:DataCollectionService: stats => 1689280238628,-1390136,3595
07-13 22:30:38.631 10639 10727 I BatteryMgr:DataCollectionService: stats => 1689280238631,-1390136,3595
07-13 22:30:38.635 10639 10727 I BatteryMgr:DataCollectionService: stats => 1689280238635,-1390136,3595
07-13 22:30:38.638 10639 10727 I BatteryMgr:DataCollectionService: stats => 1689280238638,-1390136,3595
07-13 22:30:38.640 10639 10727 I BatteryMgr:DataCollectionService: stats => 1689280238640,-1390136,3595
07-13 22:30:38.645 10639 10727 I BatteryMgr:DataCollectionService: stats => 1689280238645,-1390136,3595
07-13 22:30:38.648 10639 10727 I BatteryMgr:DataCollectionService: stats => 1689280238648,-1390136,3595
07-13 22:30:38.650 10639 10727 I BatteryMgr:DataCollectionService: stats => 1689280238650,-1390136,3595
07-13 22:30:38.653 10639 10727 I BatteryMgr:DataCollectionService: stats => 1689280238653,-1390136,3595
07-13 22:30:38.656 10639 10727 I BatteryMgr:DataCollectionService: stats => 1689280238656,-1390136,3595
07-13 22:30:38.658 10639 10727 I BatteryMgr:DataCollectionService: stats => 1689280238658,-1390136,3595
07-13 22:30:38.662 10639 10727 I BatteryMgr:DataCollectionService: stats => 1689280238662,-1390136,3595
07-13 22:30:38.667 10639 10727 I BatteryMgr:DataCollectionService: stats => 1689280238667,-1390136,3595
07-13 22:30:38.670 10639 10727 I BatteryMgr:DataCollectionService: stats => 1689280238670,-1390136,3595
07-13 22:30:38.673 10639 10727 I BatteryMgr:DataCollectionService: stats => 1689280238673,-1390136,3595
07-13 22:30:38.680 10639 10727 I BatteryMgr:DataCollectionService: stats => 1689280238680,-1390136,3595
07-13 22:30:38.683 10639 10727 I BatteryMgr:DataCollectionService: stats => 1689280238683,-1390136,3595
07-13 22:30:38.686 10639 10727 I BatteryMgr:DataCollectionService: stats => 1689280238686,-1390136,3595
07-13 22:30:38.689 10639 10727 I BatteryMgr:DataCollectionService: stats => 1689280238689,-1390136,3595
07-13 22:30:38.692 10639 10727 I BatteryMgr:DataCollectionService: stats => 1689280238692,-1390136,3595
07-13 22:30:38.694 10639 10727 I BatteryMgr:DataCollectionService: stats => 1689280238694,-1390136,3595
07-13 22:30:38.696 10639 10727 I BatteryMgr:DataCollectionService: stats => 1689280238696,-1390136,3595
07-13 22:30:38.700 10639 10727 I BatteryMgr:DataCollectionService: stats => 1689280238700,-1390136,3595
07-13 22:30:38.704 10639 10727 I BatteryMgr:DataCollectionService: stats => 1689280238704,-1390136,3595
07-13 22:30:38.706 10639 10727 I BatteryMgr:DataCollectionService: stats => 1689280238706,-1390136,3595
07-13 22:30:38.709 10639 10727 I BatteryMgr:DataCollectionService: stats => 1689280238709,-1390136,3595
07-13 22:30:38.712 10639 10727 I BatteryMgr:DataCollectionService: stats => 1689280238712,-1390136,3595
07-13 22:30:38.715 10639 10727 I BatteryMgr:DataCollectionService: stats => 1689280238715,-1390136,3595
07-13 22:30:38.718 10639 10727 I BatteryMgr:DataCollectionService: stats => 1689280238718,-1390136,3595
07-13 22:30:38.721 10639 10727 I BatteryMgr:DataCollectionService: stats => 1689280238721,-1390136,3595
07-13 22:30:38.724 10639 10727 I BatteryMgr:DataCollectionService: stats => 1689280238724,-1390136,3595
07-13 22:30:38.727 10639 10727 I BatteryMgr:DataCollectionService: stats => 1689280238727,-1390136,3595
07-13 22:30:38.729 10639 10727 I BatteryMgr:DataCollectionService: stats => 1689280238729,-1390136,3595
07-13 22:30:38.733 10639 10727 I BatteryMgr:DataCollectionService: stats => 1689280238733,-1390136,3595
07-13 22:30:38.736 10639 10727 I BatteryMgr:DataCollectionService: stats => 1689280238736,-1390136,3595
07-13 22:30:38.739 10639 10727 I BatteryMgr:DataCollectionService: stats => 1689280238739,-1390136,3595
07-13 22:30:38.746 10639 10727 I BatteryMgr:DataCollectionService: stats => 1689280238746,-1390136,3595
07-13 22:30:38.749 10639 10727 I BatteryMgr:DataCollectionService: stats => 1689280238749,-1390136,3595
07-13 22:30:38.751 10639 10727 I BatteryMgr:DataCollectionService: stats => 1689280238751,-1390136,3595
07-13 22:30:38.758 10639 10727 I BatteryMgr:DataCollectionService: stats => 1689280238758,-1390136,3595
07-13 22:30:38.761 10639 10727 I BatteryMgr:DataCollectionService: stats => 1689280238761,-1390136,3595
07-13 22:30:38.763 10639 10727 I BatteryMgr:DataCollectionService: stats => 1689280238763,-1390136,3595
07-13 22:30:38.767 10639 10727 I BatteryMgr:DataCollectionService: stats => 1689280238767,-1390136,3595
07-13 22:30:38.769 10639 10727 I BatteryMgr:DataCollectionService: stats => 1689280238769,-1390136,3595
07-13 22:30:38.772 10639 10727 I BatteryMgr:DataCollectionService: stats => 1689280238772,-1390136,3595
07-13 22:30:38.774 10639 10727 I BatteryMgr:DataCollectionService: stats => 1689280238774,-1390136,3595
07-13 22:30:38.778 10639 10727 I BatteryMgr:DataCollectionService: stats => 1689280238778,-1390136,3595
07-13 22:30:38.781 10639 10727 I BatteryMgr:DataCollectionService: stats => 1689280238781,-1390136,3595
07-13 22:30:38.784 10639 10727 I BatteryMgr:DataCollectionService: stats => 1689280238784,-1390136,3595
07-13 22:30:38.788 10639 10727 I BatteryMgr:DataCollectionService: stats => 1689280238788,-1390136,3595
07-13 22:30:38.790 10639 10727 I BatteryMgr:DataCollectionService: stats => 1689280238790,-1390136,3595
07-13 22:30:38.793 10639 10727 I BatteryMgr:DataCollectionService: stats => 1689280238793,-1390136,3595
07-13 22:30:38.796 10639 10727 I BatteryMgr:DataCollectionService: stats => 1689280238796,-1390136,3595
07-13 22:30:38.800 10639 10727 I BatteryMgr:DataCollectionService: stats => 1689280238800,-1390136,3595
07-13 22:30:38.804 10639 10727 I BatteryMgr:DataCollectionService: stats => 1689280238803,-1390136,3595
07-13 22:30:38.806 10639 10727 I BatteryMgr:DataCollectionService: stats => 1689280238806,-1390136,3595
07-13 22:30:38.809 10639 10727 I BatteryMgr:DataCollectionService: stats => 1689280238809,-1390136,3595
07-13 22:30:38.814 10639 10727 I BatteryMgr:DataCollectionService: stats => 1689280238814,-1390136,3595
07-13 22:30:38.816 10639 10727 I BatteryMgr:DataCollectionService: stats => 1689280238816,-1390136,3595
07-13 22:30:38.818 10639 10727 I BatteryMgr:DataCollectionService: stats => 1689280238818,-1390136,3595
07-13 22:30:38.824 10639 10727 I BatteryMgr:DataCollectionService: stats => 1689280238824,-1390136,3595
07-13 22:30:38.827 10639 10727 I BatteryMgr:DataCollectionService: stats => 1689280238827,-1390136,3595
07-13 22:30:38.829 10639 10727 I BatteryMgr:DataCollectionService: stats => 1689280238829,-1390136,3595
07-13 22:30:38.833 10639 10727 I BatteryMgr:DataCollectionService: stats => 1689280238833,-1390136,3595
07-13 22:30:38.837 10639 10727 I BatteryMgr:DataCollectionService: stats => 1689280238837,-1390136,3595
07-13 22:30:38.839 10639 10727 I BatteryMgr:DataCollectionService: stats => 1689280238839,-1390136,3595
07-13 22:30:38.843 10639 10727 I BatteryMgr:DataCollectionService: stats => 1689280238843,-1390136,3595
07-13 22:30:38.847 10639 10727 I BatteryMgr:DataCollectionService: stats => 1689280238847,-1390136,3595
07-13 22:30:38.849 10639 10727 I BatteryMgr:DataCollectionService: stats => 1689280238849,-1390136,3595
07-13 22:30:38.852 10639 10727 I BatteryMgr:DataCollectionService: stats => 1689280238851,-1390136,3595
07-13 22:30:38.855 10639 10727 I BatteryMgr:DataCollectionService: stats => 1689280238855,-1390136,3595
07-13 22:30:38.858 10639 10727 I BatteryMgr:DataCollectionService: stats => 1689280238858,-1390136,3595
07-13 22:30:38.863 10639 10727 I BatteryMgr:DataCollectionService: stats => 1689280238863,-1390136,3595
07-13 22:30:38.868 10639 10727 I BatteryMgr:DataCollectionService: stats => 1689280238868,-1390136,3595
07-13 22:30:38.871 10639 10727 I BatteryMgr:DataCollectionService: stats => 1689280238871,-1390136,3595
07-13 22:30:38.873 10639 10727 I BatteryMgr:DataCollectionService: stats => 1689280238873,-1390136,3595
07-13 22:30:38.877 10639 10727 I BatteryMgr:DataCollectionService: stats => 1689280238877,-1390136,3595
07-13 22:30:38.880 10639 10727 I BatteryMgr:DataCollectionService: stats => 1689280238880,-1390136,3595
07-13 22:30:38.883 10639 10727 I BatteryMgr:DataCollectionService: stats => 1689280238883,-1390136,3595
07-13 22:30:38.885 10639 10727 I BatteryMgr:DataCollectionService: stats => 1689280238885,-1390136,3595
07-13 22:30:38.889 10639 10727 I BatteryMgr:DataCollectionService: stats => 1689280238888,-1390136,3595
07-13 22:30:38.891 10639 10727 I BatteryMgr:DataCollectionService: stats => 1689280238891,-1390136,3595
07-13 22:30:38.894 10639 10727 I BatteryMgr:DataCollectionService: stats => 1689280238894,-1390136,3595
07-13 22:30:38.896 10639 10727 I BatteryMgr:DataCollectionService: stats => 1689280238896,-1390136,3595
07-13 22:30:38.900 10639 10727 I BatteryMgr:DataCollectionService: stats => 1689280238900,-1390136,3595
07-13 22:30:38.903 10639 10727 I BatteryMgr:DataCollectionService: stats => 1689280238903,-1390136,3595
07-13 22:30:38.906 10639 10727 I BatteryMgr:DataCollectionService: stats => 1689280238906,-1390136,3595
07-13 22:30:38.911 10639 10727 I BatteryMgr:DataCollectionService: stats => 1689280238911,-1390136,3595
07-13 22:30:38.915 10639 10727 I BatteryMgr:DataCollectionService: stats => 1689280238915,-1390136,3595
07-13 22:30:38.919 10639 10727 I BatteryMgr:DataCollectionService: stats => 1689280238919,-1390136,3595
07-13 22:30:38.923 10639 10727 I BatteryMgr:DataCollectionService: stats => 1689280238923,-1390136,3595
07-13 22:30:38.926 10639 10727 I BatteryMgr:DataCollectionService: stats => 1689280238926,-1390136,3595
07-13 22:30:38.928 10639 10727 I BatteryMgr:DataCollectionService: stats => 1689280238928,-1390136,3595
07-13 22:30:38.931 10639 10727 I BatteryMgr:DataCollectionService: stats => 1689280238931,-1390136,3595
07-13 22:30:38.935 10639 10727 I BatteryMgr:DataCollectionService: stats => 1689280238935,-1390136,3595
07-13 22:30:38.937 10639 10727 I BatteryMgr:DataCollectionService: stats => 1689280238937,-1390136,3595
07-13 22:30:38.940 10639 10727 I BatteryMgr:DataCollectionService: stats => 1689280238940,-1390136,3595
07-13 22:30:38.944 10639 10727 I BatteryMgr:DataCollectionService: stats => 1689280238944,-1390136,3595
07-13 22:30:38.947 10639 10727 I BatteryMgr:DataCollectionService: stats => 1689280238947,-1390136,3595
07-13 22:30:38.950 10639 10727 I BatteryMgr:DataCollectionService: stats => 1689280238950,-1390136,3595
07-13 22:30:38.952 10639 10727 I BatteryMgr:DataCollectionService: stats => 1689280238952,-1390136,3595
07-13 22:30:38.957 10639 10727 I BatteryMgr:DataCollectionService: stats => 1689280238957,-1390136,3595
07-13 22:30:38.960 10639 10727 I BatteryMgr:DataCollectionService: stats => 1689280238960,-1390136,3595
07-13 22:30:38.962 10639 10727 I BatteryMgr:DataCollectionService: stats => 1689280238962,-1390136,3595
07-13 22:30:38.965 10639 10727 I BatteryMgr:DataCollectionService: stats => 1689280238965,-1390136,3595
07-13 22:30:38.968 10639 10727 I BatteryMgr:DataCollectionService: stats => 1689280238968,-1390136,3595
07-13 22:30:38.971 10639 10727 I BatteryMgr:DataCollectionService: stats => 1689280238971,-1390136,3595
07-13 22:30:38.973 10639 10727 I BatteryMgr:DataCollectionService: stats => 1689280238973,-1390136,3595
07-13 22:30:38.976 10639 10727 I BatteryMgr:DataCollectionService: stats => 1689280238976,-1390136,3595
07-13 22:30:38.979 10639 10727 I BatteryMgr:DataCollectionService: stats => 1689280238979,-1390136,3595
07-13 22:30:38.983 10639 10727 I BatteryMgr:DataCollectionService: stats => 1689280238983,-1390136,3595
07-13 22:30:38.987 10639 10727 I BatteryMgr:DataCollectionService: stats => 1689280238987,-1390136,3595
07-13 22:30:38.990 10639 10727 I BatteryMgr:DataCollectionService: stats => 1689280238990,-1390136,3595
07-13 22:30:38.993 10639 10727 I BatteryMgr:DataCollectionService: stats => 1689280238993,-1390136,3595
07-13 22:30:39.001 10639 10727 I BatteryMgr:DataCollectionService: stats => 1689280239001,-1390136,3595
07-13 22:30:39.004 10639 10727 I BatteryMgr:DataCollectionService: stats => 1689280239004,-1390136,3595
07-13 22:30:39.006 10639 10727 I BatteryMgr:DataCollectionService: stats => 1689280239006,-1390136,3595
07-13 22:30:39.009 10639 10727 I BatteryMgr:DataCollectionService: stats => 1689280239009,-1390136,3595
07-13 22:30:39.012 10639 10727 I BatteryMgr:DataCollectionService: stats => 1689280239012,-1390136,3595
07-13 22:30:39.015 10639 10727 I BatteryMgr:DataCollectionService: stats => 1689280239015,-1390136,3595
07-13 22:30:39.017 10639 10727 I BatteryMgr:DataCollectionService: stats => 1689280239017,-1390136,3595
07-13 22:30:39.019 10639 10727 I BatteryMgr:DataCollectionService: stats => 1689280239019,-1390136,3595
07-13 22:30:39.024 10639 10727 I BatteryMgr:DataCollectionService: stats => 1689280239024,-1390136,3595
07-13 22:30:39.027 10639 10727 I BatteryMgr:DataCollectionService: stats => 1689280239027,-1390136,3595
07-13 22:30:39.029 10639 10727 I BatteryMgr:DataCollectionService: stats => 1689280239029,-1390136,3595
07-13 22:30:39.032 10639 10727 I BatteryMgr:DataCollectionService: stats => 1689280239032,-1390136,3595
07-13 22:30:39.036 10639 10727 I BatteryMgr:DataCollectionService: stats => 1689280239036,-1390136,3595
07-13 22:30:39.039 10639 10727 I BatteryMgr:DataCollectionService: stats => 1689280239039,-1390136,3595
07-13 22:30:39.041 10639 10727 I BatteryMgr:DataCollectionService: stats => 1689280239041,-1390136,3595
07-13 22:30:39.044 10639 10727 I BatteryMgr:DataCollectionService: stats => 1689280239044,-1390136,3595
07-13 22:30:39.047 10639 10727 I BatteryMgr:DataCollectionService: stats => 1689280239047,-1390136,3595
07-13 22:30:39.050 10639 10727 I BatteryMgr:DataCollectionService: stats => 1689280239050,-1390136,3595
07-13 22:30:39.052 10639 10727 I BatteryMgr:DataCollectionService: stats => 1689280239052,-1390136,3595
07-13 22:30:39.055 10639 10727 I BatteryMgr:DataCollectionService: stats => 1689280239055,-1390136,3595
07-13 22:30:39.059 10639 10727 I BatteryMgr:DataCollectionService: stats => 1689280239059,-1390136,3595
07-13 22:30:39.064 10639 10727 I BatteryMgr:DataCollectionService: stats => 1689280239064,-1390136,3595
07-13 22:30:39.068 10639 10727 I BatteryMgr:DataCollectionService: stats => 1689280239068,-1390136,3595
07-13 22:30:39.071 10639 10727 I BatteryMgr:DataCollectionService: stats => 1689280239071,-1390136,3595
07-13 22:30:39.076 10639 10727 I BatteryMgr:DataCollectionService: stats => 1689280239076,-1390136,3595
07-13 22:30:39.080 10639 10727 I BatteryMgr:DataCollectionService: stats => 1689280239080,-1390136,3595
07-13 22:30:39.083 10639 10727 I BatteryMgr:DataCollectionService: stats => 1689280239083,-1390136,3595
07-13 22:30:39.085 10639 10727 I BatteryMgr:DataCollectionService: stats => 1689280239085,-1390136,3595
07-13 22:30:39.088 10639 10727 I BatteryMgr:DataCollectionService: stats => 1689280239088,-1390136,3595
07-13 22:30:39.091 10639 10727 I BatteryMgr:DataCollectionService: stats => 1689280239091,-1390136,3595
07-13 22:30:39.093 10639 10727 I BatteryMgr:DataCollectionService: stats => 1689280239093,-1390136,3595
07-13 22:30:39.095 10639 10727 I BatteryMgr:DataCollectionService: stats => 1689280239095,-1390136,3595
07-13 22:30:39.098 10639 10727 I BatteryMgr:DataCollectionService: stats => 1689280239098,-1390136,3595
07-13 22:30:39.102 10639 10727 I BatteryMgr:DataCollectionService: stats => 1689280239102,-1390136,3595
07-13 22:30:39.105 10639 10727 I BatteryMgr:DataCollectionService: stats => 1689280239105,-1390136,3595
07-13 22:30:39.107 10639 10727 I BatteryMgr:DataCollectionService: stats => 1689280239107,-1390136,3595
07-13 22:30:39.111 10639 10727 I BatteryMgr:DataCollectionService: stats => 1689280239110,-1390136,3595
07-13 22:30:39.113 10639 10727 I BatteryMgr:DataCollectionService: stats => 1689280239113,-1390136,3595
07-13 22:30:39.116 10639 10727 I BatteryMgr:DataCollectionService: stats => 1689280239116,-1390136,3595
07-13 22:30:39.119 10639 10727 I BatteryMgr:DataCollectionService: stats => 1689280239119,-1390136,3595
07-13 22:30:39.122 10639 10727 I BatteryMgr:DataCollectionService: stats => 1689280239122,-1390136,3595
07-13 22:30:39.126 10639 10727 I BatteryMgr:DataCollectionService: stats => 1689280239126,-1390136,3595
07-13 22:30:39.128 10639 10727 I BatteryMgr:DataCollectionService: stats => 1689280239128,-1390136,3595
07-13 22:30:39.131 10639 10727 I BatteryMgr:DataCollectionService: stats => 1689280239131,-1390136,3595
07-13 22:30:39.134 10639 10727 I BatteryMgr:DataCollectionService: stats => 1689280239134,-1390136,3595
07-13 22:30:39.137 10639 10727 I BatteryMgr:DataCollectionService: stats => 1689280239137,-1390136,3595
07-13 22:30:39.139 10639 10727 I BatteryMgr:DataCollectionService: stats => 1689280239139,-1390136,3595
07-13 22:30:39.146 10639 10727 I BatteryMgr:DataCollectionService: stats => 1689280239146,-1390136,3595
07-13 22:30:39.149 10639 10727 I BatteryMgr:DataCollectionService: stats => 1689280239149,-1390136,3595
07-13 22:30:39.151 10639 10727 I BatteryMgr:DataCollectionService: stats => 1689280239151,-1390136,3595
07-13 22:30:39.157 10639 10727 I BatteryMgr:DataCollectionService: stats => 1689280239156,-1390136,3595
07-13 22:30:39.160 10639 10727 I BatteryMgr:DataCollectionService: stats => 1689280239160,-1390136,3595
07-13 22:30:39.162 10639 10727 I BatteryMgr:DataCollectionService: stats => 1689280239162,-1390136,3595
07-13 22:30:39.165 10639 10727 I BatteryMgr:DataCollectionService: stats => 1689280239165,-1390136,3595
07-13 22:30:39.168 10639 10727 I BatteryMgr:DataCollectionService: stats => 1689280239168,-1390136,3595
07-13 22:30:39.171 10639 10727 I BatteryMgr:DataCollectionService: stats => 1689280239171,-1390136,3595
07-13 22:30:39.173 10639 10727 I BatteryMgr:DataCollectionService: stats => 1689280239173,-1390136,3595
07-13 22:30:39.175 10639 10727 I BatteryMgr:DataCollectionService: stats => 1689280239175,-1379393,3595
07-13 22:30:39.179 10639 10727 I BatteryMgr:DataCollectionService: stats => 1689280239179,-1379393,3595
07-13 22:30:39.183 10639 10727 I BatteryMgr:DataCollectionService: stats => 1689280239183,-1379393,3595
07-13 22:30:39.185 10639 10727 I BatteryMgr:DataCollectionService: stats => 1689280239185,-1379393,3595
07-13 22:30:39.190 10639 10727 I BatteryMgr:DataCollectionService: stats => 1689280239190,-1379393,3595
07-13 22:30:39.193 10639 10727 I BatteryMgr:DataCollectionService: stats => 1689280239193,-1379393,3595
07-13 22:30:39.196 10639 10727 I BatteryMgr:DataCollectionService: stats => 1689280239196,-1379393,3595
07-13 22:30:39.199 10639 10727 I BatteryMgr:DataCollectionService: stats => 1689280239199,-1379393,3595
07-13 22:30:39.201 10639 10727 I BatteryMgr:DataCollectionService: stats => 1689280239201,-1379393,3595
07-13 22:30:39.204 10639 10727 I BatteryMgr:DataCollectionService: stats => 1689280239204,-1379393,3595
07-13 22:30:39.206 10639 10727 I BatteryMgr:DataCollectionService: stats => 1689280239206,-1379393,3595
07-13 22:30:39.208 10639 10727 I BatteryMgr:DataCollectionService: stats => 1689280239208,-1379393,3595
07-13 22:30:39.212 10639 10727 I BatteryMgr:DataCollectionService: stats => 1689280239212,-1379393,3595
07-13 22:30:39.213  1961  5241 I VrApi   : FPS=90/90,Prd=29ms,Tear=0,Early=0,Stale=0,Stale2/5/10/max=0/0/0/0,VSnc=0,Lat=-1,Fov=0,CPU4/GPU=2/3,2419/490MHz,OC=FF,TA=0/70/0,SP=N/F/N,Mem=2092MHz,Free=3366MB,PLS=0,Temp=43.0C/0.0C,TW=1.16ms,App=5.85ms,GD=0.12ms,CPU&GPU=8.20ms,LCnt=3(DR0,LM2),GPU%=0.67,CPU%=0.31(W0.48),DSF=1.00,CFL=14.66/19.49,LD=0,SF=1.00
07-13 22:30:39.215 10639 10727 I BatteryMgr:DataCollectionService: stats => 1689280239215,-1379393,3595
07-13 22:30:39.217 10639 10727 I BatteryMgr:DataCollectionService: stats => 1689280239217,-1379393,3595
07-13 22:30:39.220 10639 10727 I BatteryMgr:DataCollectionService: stats => 1689280239220,-1379393,3595
07-13 22:30:39.227 10639 10727 I BatteryMgr:DataCollectionService: stats => 1689280239227,-1379393,3595
07-13 22:30:39.229 10639 10727 I BatteryMgr:DataCollectionService: stats => 1689280239229,-1379393,3595
07-13 22:30:39.233 10639 10727 I BatteryMgr:DataCollectionService: stats => 1689280239233,-1379393,3595
07-13 22:30:39.236  2914  2952 I [CT]    : SP:SPS:SpsTelemetry: processCpuStatsProvider_.userSpaceUsage() = 0.00016942332535631842, processCpuStatsProvider_.kernelSpaceUsage() = 0.00033884665071263684, sum of both = 0.0005082699760689553
07-13 22:30:39.238 10639 10727 I BatteryMgr:DataCollectionService: stats => 1689280239238,-1379393,3595
07-13 22:30:39.240 10639 10727 I BatteryMgr:DataCollectionService: stats => 1689280239240,-1379393,3595
07-13 22:30:39.244 10639 10727 I BatteryMgr:DataCollectionService: stats => 1689280239244,-1379393,3595
07-13 22:30:39.244  2953  3040 W [CT]    : Anchor:SlamAnchorMemoryOSSDKClient: [Throttled count=597] Skipping invalid anchorHandle when attempting to cache AnchorStates
07-13 22:30:39.247 10639 10727 I BatteryMgr:DataCollectionService: stats => 1689280239247,-1379393,3595
07-13 22:30:39.250 10639 10727 I BatteryMgr:DataCollectionService: stats => 1689280239250,-1379393,3595
07-13 22:30:39.253 10639 10727 I BatteryMgr:DataCollectionService: stats => 1689280239253,-1379393,3595
07-13 22:30:39.258 10639 10727 I BatteryMgr:DataCollectionService: stats => 1689280239258,-1379393,3595
07-13 22:30:39.262 10639 10727 I BatteryMgr:DataCollectionService: stats => 1689280239262,-1379393,3595
07-13 22:30:39.265 10639 10727 I BatteryMgr:DataCollectionService: stats => 1689280239265,-1379393,3595
07-13 22:30:39.268 10639 10727 I BatteryMgr:DataCollectionService: stats => 1689280239268,-1379393,3595
07-13 22:30:39.271 10639 10727 I BatteryMgr:DataCollectionService: stats => 1689280239271,-1379393,3595
07-13 22:30:39.274 10639 10727 I BatteryMgr:DataCollectionService: stats => 1689280239273,-1379393,3595
07-13 22:30:39.278 10639 10727 I BatteryMgr:DataCollectionService: stats => 1689280239278,-1379393,3595
07-13 22:30:39.281 10639 10727 I BatteryMgr:DataCollectionService: stats => 1689280239281,-1379393,3595
07-13 22:30:39.284 10639 10727 I BatteryMgr:DataCollectionService: stats => 1689280239284,-1379393,3595
07-13 22:30:39.286 10639 10727 I BatteryMgr:DataCollectionService: stats => 1689280239286,-1379393,3595
07-13 22:30:39.290 10639 10727 I BatteryMgr:DataCollectionService: stats => 1689280239290,-1379393,3595
07-13 22:30:39.293 10639 10727 I BatteryMgr:DataCollectionService: stats => 1689280239293,-1379393,3595
07-13 22:30:39.295 10639 10727 I BatteryMgr:DataCollectionService: stats => 1689280239295,-1379393,3595
07-13 22:30:39.298 10639 10727 I BatteryMgr:DataCollectionService: stats => 1689280239298,-1379393,3595
07-13 22:30:39.303 10639 10727 I BatteryMgr:DataCollectionService: stats => 1689280239302,-1379393,3595
07-13 22:30:39.306 10639 10727 I BatteryMgr:DataCollectionService: stats => 1689280239306,-1379393,3595
07-13 22:30:39.308 10639 10727 I BatteryMgr:DataCollectionService: stats => 1689280239308,-1379393,3595
07-13 22:30:39.313 10639 10727 I BatteryMgr:DataCollectionService: stats => 1689280239313,-1379393,3595
07-13 22:30:39.317 10639 10727 I BatteryMgr:DataCollectionService: stats => 1689280239317,-1379393,3595
07-13 22:30:39.320 10639 10727 I BatteryMgr:DataCollectionService: stats => 1689280239320,-1379393,3595
07-13 22:30:39.324 10639 10727 I BatteryMgr:DataCollectionService: stats => 1689280239324,-1379393,3595
07-13 22:30:39.327 10639 10727 I BatteryMgr:DataCollectionService: stats => 1689280239327,-1379393,3595
07-13 22:30:39.329 10639 10727 I BatteryMgr:DataCollectionService: stats => 1689280239329,-1379393,3595
07-13 22:30:39.331 10639 10727 I BatteryMgr:DataCollectionService: stats => 1689280239331,-1379393,3595
07-13 22:30:39.335 10639 10727 I BatteryMgr:DataCollectionService: stats => 1689280239335,-1379393,3595
07-13 22:30:39.337 10639 10727 I BatteryMgr:DataCollectionService: stats => 1689280239337,-1379393,3595
07-13 22:30:39.340 10639 10727 I BatteryMgr:DataCollectionService: stats => 1689280239340,-1379393,3595
07-13 22:30:39.344 10639 10727 I BatteryMgr:DataCollectionService: stats => 1689280239344,-1379393,3595
07-13 22:30:39.347 10639 10727 I BatteryMgr:DataCollectionService: stats => 1689280239347,-1379393,3595
07-13 22:30:39.349 10639 10727 I BatteryMgr:DataCollectionService: stats => 1689280239349,-1379393,3595
07-13 22:30:39.351 10639 10727 I BatteryMgr:DataCollectionService: stats => 1689280239351,-1379393,3595
07-13 22:30:39.355 10639 10727 I BatteryMgr:DataCollectionService: stats => 1689280239354,-1379393,3595
07-13 22:30:39.358 10639 10727 I BatteryMgr:DataCollectionService: stats => 1689280239358,-1379393,3595
07-13 22:30:39.360 10639 10727 I BatteryMgr:DataCollectionService: stats => 1689280239360,-1379393,3595
07-13 22:30:39.363 10639 10727 I BatteryMgr:DataCollectionService: stats => 1689280239363,-1379393,3595
07-13 22:30:39.366 10639 10727 I BatteryMgr:DataCollectionService: stats => 1689280239366,-1379393,3595
07-13 22:30:39.369 10639 10727 I BatteryMgr:DataCollectionService: stats => 1689280239369,-1379393,3595
07-13 22:30:39.371 10639 10727 I BatteryMgr:DataCollectionService: stats => 1689280239371,-1379393,3595
07-13 22:30:39.374 10639 10727 I BatteryMgr:DataCollectionService: stats => 1689280239374,-1379393,3595
07-13 22:30:39.376 10639 10727 I BatteryMgr:DataCollectionService: stats => 1689280239376,-1379393,3595
07-13 22:30:39.379 10639 10727 I BatteryMgr:DataCollectionService: stats => 1689280239379,-1379393,3595
07-13 22:30:39.384 10639 10727 I BatteryMgr:DataCollectionService: stats => 1689280239384,-1379393,3595
07-13 22:30:39.387 10639 10727 I BatteryMgr:DataCollectionService: stats => 1689280239387,-1379393,3595
07-13 22:30:39.396 10639 10727 I BatteryMgr:DataCollectionService: stats => 1689280239396,-1379393,3595
07-13 22:30:39.402 10639 10727 I BatteryMgr:DataCollectionService: stats => 1689280239402,-1379393,3595
07-13 22:30:39.405 10639 10727 I BatteryMgr:DataCollectionService: stats => 1689280239405,-1379393,3595
07-13 22:30:39.407 10639 10727 I BatteryMgr:DataCollectionService: stats => 1689280239407,-1379393,3595
07-13 22:30:39.410 10639 10727 I BatteryMgr:DataCollectionService: stats => 1689280239410,-1379393,3595
07-13 22:30:39.413 10639 10727 I BatteryMgr:DataCollectionService: stats => 1689280239413,-1379393,3595
07-13 22:30:39.416 10639 10727 I BatteryMgr:DataCollectionService: stats => 1689280239415,-1379393,3595
07-13 22:30:39.418 10639 10727 I BatteryMgr:DataCollectionService: stats => 1689280239418,-1379393,3595
07-13 22:30:39.426 10639 10727 I BatteryMgr:DataCollectionService: stats => 1689280239426,-1379393,3595
07-13 22:30:39.429 10639 10727 I BatteryMgr:DataCollectionService: stats => 1689280239429,-1379393,3595
07-13 22:30:39.431 10639 10727 I BatteryMgr:DataCollectionService: stats => 1689280239431,-1379393,3595
07-13 22:30:39.435 10639 10727 I BatteryMgr:DataCollectionService: stats => 1689280239435,-1379393,3595
07-13 22:30:39.438 10639 10727 I BatteryMgr:DataCollectionService: stats => 1689280239438,-1379393,3595
07-13 22:30:39.441 10639 10727 I BatteryMgr:DataCollectionService: stats => 1689280239441,-1379393,3595
07-13 22:30:39.443 10639 10727 I BatteryMgr:DataCollectionService: stats => 1689280239443,-1379393,3595
07-13 22:30:39.446 10639 10727 I BatteryMgr:DataCollectionService: stats => 1689280239446,-1379393,3595
07-13 22:30:39.449 10639 10727 I BatteryMgr:DataCollectionService: stats => 1689280239449,-1379393,3595
07-13 22:30:39.451 10639 10727 I BatteryMgr:DataCollectionService: stats => 1689280239451,-1379393,3595
07-13 22:30:39.454 10639 10727 I BatteryMgr:DataCollectionService: stats => 1689280239454,-1379393,3595
07-13 22:30:39.458 10639 10727 I BatteryMgr:DataCollectionService: stats => 1689280239458,-1379393,3595
07-13 22:30:39.462 10639 10727 I BatteryMgr:DataCollectionService: stats => 1689280239462,-1379393,3595
07-13 22:30:39.465 10639 10727 I BatteryMgr:DataCollectionService: stats => 1689280239465,-1379393,3595
07-13 22:30:39.469 10639 10727 I BatteryMgr:DataCollectionService: stats => 1689280239469,-1379393,3595
07-13 22:30:39.472 10639 10727 I BatteryMgr:DataCollectionService: stats => 1689280239472,-1379393,3595
07-13 22:30:39.479 10639 10727 I BatteryMgr:DataCollectionService: stats => 1689280239479,-1379393,3595
07-13 22:30:39.482 10639 10727 I BatteryMgr:DataCollectionService: stats => 1689280239482,-1379393,3595
07-13 22:30:39.484 10639 10727 I BatteryMgr:DataCollectionService: stats => 1689280239484,-1379393,3595
07-13 22:30:39.487 10639 10727 I BatteryMgr:DataCollectionService: stats => 1689280239487,-1379393,3595
07-13 22:30:39.490 10639 10727 I BatteryMgr:DataCollectionService: stats => 1689280239490,-1379393,3595
07-13 22:30:39.492 10639 10727 I BatteryMgr:DataCollectionService: stats => 1689280239492,-1379393,3595
07-13 22:30:39.495 10639 10727 I BatteryMgr:DataCollectionService: stats => 1689280239495,-1379393,3595
07-13 22:30:39.497 10639 10727 I BatteryMgr:DataCollectionService: stats => 1689280239497,-1379393,3595
07-13 22:30:39.502 10639 10727 I BatteryMgr:DataCollectionService: stats => 1689280239501,-1379393,3595
07-13 22:30:39.505 10639 10727 I BatteryMgr:DataCollectionService: stats => 1689280239505,-1379393,3595
07-13 22:30:39.508 10639 10727 I BatteryMgr:DataCollectionService: stats => 1689280239508,-1379393,3595
07-13 22:30:39.510 10639 10727 I BatteryMgr:DataCollectionService: stats => 1689280239510,-1379393,3595
07-13 22:30:39.513 10639 10727 I BatteryMgr:DataCollectionService: stats => 1689280239513,-1379393,3595
07-13 22:30:39.516 10639 10727 I BatteryMgr:DataCollectionService: stats => 1689280239516,-1379393,3595
07-13 22:30:39.519 10639 10727 I BatteryMgr:DataCollectionService: stats => 1689280239519,-1379393,3595
07-13 22:30:39.524 10639 10727 I BatteryMgr:DataCollectionService: stats => 1689280239524,-1379393,3595
07-13 22:30:39.527 10639 10727 I BatteryMgr:DataCollectionService: stats => 1689280239527,-1379393,3595
07-13 22:30:39.529 10639 10740 D ProfileInstaller: Installing profile for com.example.batterymanager_utility
07-13 22:30:39.530 10639 10727 I BatteryMgr:DataCollectionService: stats => 1689280239530,-1379393,3595
07-13 22:30:39.532 10639 10727 I BatteryMgr:DataCollectionService: stats => 1689280239532,-1379393,3595
07-13 22:30:39.536 10639 10727 I BatteryMgr:DataCollectionService: stats => 1689280239536,-1379393,3595
07-13 22:30:39.538 10639 10727 I BatteryMgr:DataCollectionService: stats => 1689280239538,-1379393,3595
07-13 22:30:39.541 10639 10727 I BatteryMgr:DataCollectionService: stats => 1689280239541,-1379393,3595
07-13 22:30:39.547 10639 10727 I BatteryMgr:DataCollectionService: stats => 1689280239546,-1379393,3595
07-13 22:30:39.549 10639 10727 I BatteryMgr:DataCollectionService: stats => 1689280239549,-1379393,3595
07-13 22:30:39.552 10639 10727 I BatteryMgr:DataCollectionService: stats => 1689280239552,-1379393,3595
07-13 22:30:39.559 10639 10727 I BatteryMgr:DataCollectionService: stats => 1689280239559,-1379393,3595
07-13 22:30:39.562 10639 10727 I BatteryMgr:DataCollectionService: stats => 1689280239562,-1379393,3595
07-13 22:30:39.564 10639 10727 I BatteryMgr:DataCollectionService: stats => 1689280239564,-1379393,3595
07-13 22:30:39.568 10639 10727 I BatteryMgr:DataCollectionService: stats => 1689280239568,-1379393,3595
07-13 22:30:39.571 10639 10727 I BatteryMgr:DataCollectionService: stats => 1689280239571,-1379393,3595
07-13 22:30:39.573 10639 10727 I BatteryMgr:DataCollectionService: stats => 1689280239573,-1379393,3595
07-13 22:30:39.575 10639 10727 I BatteryMgr:DataCollectionService: stats => 1689280239575,-1379393,3595
07-13 22:30:39.579 10639 10727 I BatteryMgr:DataCollectionService: stats => 1689280239578,-1379393,3595
07-13 22:30:39.583 10639 10727 I BatteryMgr:DataCollectionService: stats => 1689280239583,-1379393,3595
07-13 22:30:39.586 10639 10727 I BatteryMgr:DataCollectionService: stats => 1689280239586,-1379393,3595
07-13 22:30:39.589 10639 10727 I BatteryMgr:DataCollectionService: stats => 1689280239589,-1379393,3595
07-13 22:30:39.592 10639 10727 I BatteryMgr:DataCollectionService: stats => 1689280239592,-1379393,3595
07-13 22:30:39.596 10639 10727 I BatteryMgr:DataCollectionService: stats => 1689280239596,-1379393,3595
07-13 22:30:39.598 10639 10727 I BatteryMgr:DataCollectionService: stats => 1689280239598,-1379393,3595
07-13 22:30:39.601 10639 10727 I BatteryMgr:DataCollectionService: stats => 1689280239601,-1379393,3595
07-13 22:30:39.604 10639 10727 I BatteryMgr:DataCollectionService: stats => 1689280239604,-1379393,3595
07-13 22:30:39.607 10639 10727 I BatteryMgr:DataCollectionService: stats => 1689280239607,-1379393,3595
07-13 22:30:39.609 10639 10727 I BatteryMgr:DataCollectionService: stats => 1689280239609,-1379393,3595
07-13 22:30:39.612 10639 10727 I BatteryMgr:DataCollectionService: stats => 1689280239612,-1379393,3595
07-13 22:30:39.615 10639 10727 I BatteryMgr:DataCollectionService: stats => 1689280239615,-1379393,3595
07-13 22:30:39.618 10639 10727 I BatteryMgr:DataCollectionService: stats => 1689280239617,-1379393,3595
07-13 22:30:39.620 10639 10727 I BatteryMgr:DataCollectionService: stats => 1689280239620,-1379393,3595
07-13 22:30:39.625 10639 10727 I BatteryMgr:DataCollectionService: stats => 1689280239625,-1379393,3595
07-13 22:30:39.628 10639 10727 I BatteryMgr:DataCollectionService: stats => 1689280239628,-1379393,3595
07-13 22:30:39.631 10639 10727 I BatteryMgr:DataCollectionService: stats => 1689280239631,-1379393,3595
07-13 22:30:39.637 10639 10727 I BatteryMgr:DataCollectionService: stats => 1689280239637,-1379393,3595
07-13 22:30:39.640 10639 10727 I BatteryMgr:DataCollectionService: stats => 1689280239640,-1379393,3595
07-13 22:30:39.644 10639 10727 I BatteryMgr:DataCollectionService: stats => 1689280239643,-1379393,3595
07-13 22:30:39.647   974  1307 I Tracking: Vega:MapBuilderBase: Created keyRig with frameID 71520 and uid c52f1c96
07-13 22:30:39.648 10639 10727 I BatteryMgr:DataCollectionService: stats => 1689280239648,-1379393,3595
07-13 22:30:39.652 10639 10727 I BatteryMgr:DataCollectionService: stats => 1689280239652,-1379393,3595
07-13 22:30:39.653   974  1307 I Tracking: KEYPOINT_CACHE: New keyrig added has 161 corners and 196 tracks to immature points that will be used to extract descriptors and insert into the index.
07-13 22:30:39.655 10639 10727 I BatteryMgr:DataCollectionService: stats => 1689280239655,-1379393,3595
07-13 22:30:39.658 10639 10727 I BatteryMgr:DataCollectionService: stats => 1689280239658,-1379393,3595
07-13 22:30:39.659   974  1307 I Tracking: MapCullingTask: Culled 0 L1 nodes, 1 individual keyrigs, and 0 individual points
07-13 22:30:39.660  2051  2730 W DeviceConfigVersionMapBuilder: Missing package(s) when building version map.
07-13 22:30:39.663 10639 10727 I BatteryMgr:DataCollectionService: stats => 1689280239663,-1379393,3595
07-13 22:30:39.666 10639 10727 I BatteryMgr:DataCollectionService: stats => 1689280239666,-1379393,3595
07-13 22:30:39.670 10639 10727 I BatteryMgr:DataCollectionService: stats => 1689280239670,-1379393,3595
07-13 22:30:39.670  1865  2478 E TREX    : Interface version 1 was not found. Check debug build for more information.
07-13 22:30:39.671   974  1307 I Tracking: VegaBAOptimize: Num points adjusted: 983 fixed: 0 Num residuals in-in: 4128 in-out: 251 out-in: 0 fixed (out-out): 0 outside ROI: 0 total: 4379
07-13 22:30:39.673 10639 10727 I BatteryMgr:DataCollectionService: stats => 1689280239673,-1379393,3595
07-13 22:30:39.676   974  1307 I Tracking: VegaBAOptimize: Total: neighbor 3 L1s, adjust 2 L1s. KRs 57  Points 983  Cameras 228  OutsideFixedKR 18  AdjustKR 39  Imus 25
07-13 22:30:39.677 10639 10727 I BatteryMgr:DataCollectionService: stats => 1689280239677,-1379393,3595
07-13 22:30:39.681 10639 10727 I BatteryMgr:DataCollectionService: stats => 1689280239681,-1379393,3595
07-13 22:30:39.684 10639 10727 I BatteryMgr:DataCollectionService: stats => 1689280239684,-1379393,3595
07-13 22:30:39.687 10639 10727 I BatteryMgr:DataCollectionService: stats => 1689280239687,-1379393,3595
07-13 22:30:39.692 10639 10727 I BatteryMgr:DataCollectionService: stats => 1689280239692,-1379393,3595
07-13 22:30:39.695 10639 10727 I BatteryMgr:DataCollectionService: stats => 1689280239695,-1379393,3595
07-13 22:30:39.698 10639 10727 I BatteryMgr:DataCollectionService: stats => 1689280239698,-1379393,3595
07-13 22:30:39.704 10639 10727 I BatteryMgr:DataCollectionService: stats => 1689280239704,-1379393,3595
07-13 22:30:39.709   974  1309 I Tracking: VIPER:DEEP_DESCRIPTOR: Computing Deep Descriptors using gravity orientation.
07-13 22:30:39.718 10639 10727 I BatteryMgr:DataCollectionService: stats => 1689280239718,-1379393,3595
07-13 22:30:39.729 10639 10727 I BatteryMgr:DataCollectionService: stats => 1689280239729,-1379393,3595
07-13 22:30:39.734 10639 10727 I BatteryMgr:DataCollectionService: stats => 1689280239734,-1379393,3595
07-13 22:30:39.738 10639 10727 I BatteryMgr:DataCollectionService: stats => 1689280239738,-1379393,3595
07-13 22:30:39.748   974  1307 I Tracking: VegaBAOptimize: resRemoved = 30, pntRemoved = 1
07-13 22:30:39.748 10639 10727 I BatteryMgr:DataCollectionService: stats => 1689280239748,-1379393,3595
07-13 22:30:39.751 10639 10727 I BatteryMgr:DataCollectionService: stats => 1689280239751,-1379393,3595
07-13 22:30:39.753 10639 10727 I BatteryMgr:DataCollectionService: stats => 1689280239753,-1379393,3595
07-13 22:30:39.761 10639 10727 I BatteryMgr:DataCollectionService: stats => 1689280239760,-1379393,3595
07-13 22:30:39.763 10639 10727 I BatteryMgr:DataCollectionService: stats => 1689280239763,-1379393,3595
07-13 22:30:39.768 10639 10727 I BatteryMgr:DataCollectionService: stats => 1689280239768,-1379393,3595
07-13 22:30:39.772 10639 10727 I BatteryMgr:DataCollectionService: stats => 1689280239772,-1379393,3595
07-13 22:30:39.773   974  1309 I Tracking: VEGA_LOCALIZER: Computed 1009 orb descriptors that will be used for PBR or Orphans descriptor
07-13 22:30:39.773   974  1309 I Tracking: VEGA_LOCALIZER: Computed 1078 udeep descriptors that will be used for PBR or Orphans descriptor
07-13 22:30:39.775 10639 10727 I BatteryMgr:DataCollectionService: stats => 1689280239774,-1379393,3595
07-13 22:30:39.775   974  1307 I Tracking: VEGA_LOCALIZER: Added 71 orb descriptors to the index. It has 17624 descriptors for 1104 points, with stdev 0.4469032287597656 and max 2.7743985652923584.
07-13 22:30:39.777 10639 10727 I BatteryMgr:DataCollectionService: stats => 1689280239777,-1379393,3595
07-13 22:30:39.783 10639 10727 I BatteryMgr:DataCollectionService: stats => 1689280239782,-1379393,3595
07-13 22:30:39.785   974  1307 I Tracking: VEGA_LOCALIZER: Added 70 udeep descriptors to the index. It has 17663 descriptors for 1104 points, with stdev 0.5709080100059509 and max 3.6089000701904297.
07-13 22:30:39.786 10639 10727 I BatteryMgr:DataCollectionService: stats => 1689280239786,-1379393,3595
07-13 22:30:39.792   974  1307 I Tracking: VEGA_LOCALIZER: New descriptors added - Regular: 141, Immature: 0, Resampled by OrphanDescriptors: 0. # Total descriptors: 17624 fallback and 17663 primary.
07-13 22:30:39.792 10639 10728 I BatteryMgr:DataCollectionService: stats => 1689280239792,-1379393,3595
07-13 22:30:39.797 10639 10728 I BatteryMgr:DataCollectionService: stats => 1689280239797,-1379393,3595
07-13 22:30:39.799 10639 10728 I BatteryMgr:DataCollectionService: stats => 1689280239799,-1379393,3595
07-13 22:30:39.804 10639 10728 I BatteryMgr:DataCollectionService: stats => 1689280239804,-1379393,3595
07-13 22:30:39.806 10639 10728 I BatteryMgr:DataCollectionService: stats => 1689280239806,-1379393,3595
07-13 22:30:39.809 10639 10728 I BatteryMgr:DataCollectionService: stats => 1689280239809,-1379393,3595
07-13 22:30:39.811 10639 10728 I BatteryMgr:DataCollectionService: stats => 1689280239811,-1379393,3595
07-13 22:30:39.814 10639 10728 I BatteryMgr:DataCollectionService: stats => 1689280239814,-1379393,3595
07-13 22:30:39.817 10639 10728 I BatteryMgr:DataCollectionService: stats => 1689280239817,-1379393,3595
07-13 22:30:39.819 10639 10728 I BatteryMgr:DataCollectionService: stats => 1689280239819,-1379393,3595
07-13 22:30:39.825 10639 10728 I BatteryMgr:DataCollectionService: stats => 1689280239825,-1379393,3595
07-13 22:30:39.827 10639 10728 I BatteryMgr:DataCollectionService: stats => 1689280239827,-1379393,3595
07-13 22:30:39.830 10639 10728 I BatteryMgr:DataCollectionService: stats => 1689280239830,-1379393,3595
07-13 22:30:39.832 10639 10728 I BatteryMgr:DataCollectionService: stats => 1689280239832,-1379393,3595
07-13 22:30:39.837 10639 10728 I BatteryMgr:DataCollectionService: stats => 1689280239837,-1379393,3595
07-13 22:30:39.839 10639 10728 I BatteryMgr:DataCollectionService: stats => 1689280239839,-1379393,3595
07-13 22:30:39.842 10639 10728 I BatteryMgr:DataCollectionService: stats => 1689280239842,-1379393,3595
07-13 22:30:39.845 10639 10728 I BatteryMgr:DataCollectionService: stats => 1689280239845,-1379393,3595
07-13 22:30:39.848 10639 10728 I BatteryMgr:DataCollectionService: stats => 1689280239848,-1379393,3595
07-13 22:30:39.851 10639 10728 I BatteryMgr:DataCollectionService: stats => 1689280239851,-1379393,3595
07-13 22:30:39.853 10639 10728 I BatteryMgr:DataCollectionService: stats => 1689280239853,-1379393,3595
07-13 22:30:39.855 10639 10728 I BatteryMgr:DataCollectionService: stats => 1689280239855,-1379393,3595
07-13 22:30:39.858 10639 10728 I BatteryMgr:DataCollectionService: stats => 1689280239858,-1379393,3595
07-13 22:30:39.862 10639 10728 I BatteryMgr:DataCollectionService: stats => 1689280239862,-1379393,3595
07-13 22:30:39.865 10639 10728 I BatteryMgr:DataCollectionService: stats => 1689280239865,-1379393,3595
07-13 22:30:39.869 10639 10728 I BatteryMgr:DataCollectionService: stats => 1689280239869,-1379393,3595
07-13 22:30:39.872 10639 10728 I BatteryMgr:DataCollectionService: stats => 1689280239872,-1379393,3595
07-13 22:30:39.876 10639 10728 I BatteryMgr:DataCollectionService: stats => 1689280239876,-1379393,3595
07-13 22:30:39.878  3396  3396 D [SUI] HorizonContentProviderHelper: party_service_in_presence_service GK is enabled for fetchSocialViewer
07-13 22:30:39.881 10639 10728 I BatteryMgr:DataCollectionService: stats => 1689280239881,-1379393,3595
07-13 22:30:39.884 10639 10728 I BatteryMgr:DataCollectionService: stats => 1689280239884,-1379393,3595
07-13 22:30:39.887 10639 10728 I BatteryMgr:DataCollectionService: stats => 1689280239887,-1379393,3595
07-13 22:30:39.890 10639 10728 I BatteryMgr:DataCollectionService: stats => 1689280239890,-1379393,3595
07-13 22:30:39.893 10639 10728 I BatteryMgr:DataCollectionService: stats => 1689280239893,-1379393,3595
07-13 22:30:39.895 10639 10728 I BatteryMgr:DataCollectionService: stats => 1689280239895,-1379393,3595
07-13 22:30:39.897 10639 10728 I BatteryMgr:DataCollectionService: stats => 1689280239897,-1379393,3595
07-13 22:30:39.899 10639 10728 I BatteryMgr:DataCollectionService: stats => 1689280239899,-1379393,3595
07-13 22:30:39.904 10639 10728 I BatteryMgr:DataCollectionService: stats => 1689280239904,-1379393,3595
07-13 22:30:39.907 10639 10728 I BatteryMgr:DataCollectionService: stats => 1689280239907,-1379393,3595
07-13 22:30:39.909 10639 10728 I BatteryMgr:DataCollectionService: stats => 1689280239909,-1379393,3595
07-13 22:30:39.913 10639 10728 I BatteryMgr:DataCollectionService: stats => 1689280239913,-1379393,3595
07-13 22:30:39.917 10639 10728 I BatteryMgr:DataCollectionService: stats => 1689280239917,-1379393,3595
07-13 22:30:39.919 10639 10728 I BatteryMgr:DataCollectionService: stats => 1689280239919,-1379393,3595
07-13 22:30:39.921 10639 10728 I BatteryMgr:DataCollectionService: stats => 1689280239921,-1379393,3595
07-13 22:30:39.925 10639 10728 I BatteryMgr:DataCollectionService: stats => 1689280239925,-1379393,3595
07-13 22:30:39.928 10639 10728 I BatteryMgr:DataCollectionService: stats => 1689280239927,-1379393,3595
07-13 22:30:39.930 10639 10728 I BatteryMgr:DataCollectionService: stats => 1689280239930,-1379393,3595
07-13 22:30:39.932 10639 10728 I BatteryMgr:DataCollectionService: stats => 1689280239932,-1379393,3595
07-13 22:30:39.936 10639 10728 I BatteryMgr:DataCollectionService: stats => 1689280239936,-1379393,3595
07-13 22:30:39.939 10639 10728 I BatteryMgr:DataCollectionService: stats => 1689280239939,-1379393,3595
07-13 22:30:39.943 10639 10728 I BatteryMgr:DataCollectionService: stats => 1689280239943,-1379393,3595
07-13 22:30:39.947 10639 10728 I BatteryMgr:DataCollectionService: stats => 1689280239947,-1379393,3595
07-13 22:30:39.950 10639 10728 I BatteryMgr:DataCollectionService: stats => 1689280239950,-1379393,3595
07-13 22:30:39.953 10639 10728 I BatteryMgr:DataCollectionService: stats => 1689280239953,-1379393,3595
07-13 22:30:39.955  7406  7452 W OsSdk   : failed to extrapolate controller tracking state.
07-13 22:30:39.957  2953  3040 W OsSdk   : failed to extrapolate controller tracking state.
07-13 22:30:39.958 10639 10728 I BatteryMgr:DataCollectionService: stats => 1689280239958,-1379393,3595
07-13 22:30:39.961 10639 10728 I BatteryMgr:DataCollectionService: stats => 1689280239961,-1379393,3595
07-13 22:30:39.964 10639 10728 I BatteryMgr:DataCollectionService: stats => 1689280239964,-1379393,3595
07-13 22:30:39.966 10639 10728 I BatteryMgr:DataCollectionService: stats => 1689280239966,-1379393,3595
07-13 22:30:39.969 10639 10728 I BatteryMgr:DataCollectionService: stats => 1689280239969,-1379393,3595
07-13 22:30:39.972 10639 10728 I BatteryMgr:DataCollectionService: stats => 1689280239972,-1379393,3595
07-13 22:30:39.974 10639 10728 I BatteryMgr:DataCollectionService: stats => 1689280239974,-1379393,3595
07-13 22:30:39.976 10639 10728 I BatteryMgr:DataCollectionService: stats => 1689280239976,-1379393,3595
07-13 22:30:39.981 10639 10728 I BatteryMgr:DataCollectionService: stats => 1689280239981,-1379393,3595
07-13 22:30:39.984 10639 10728 I BatteryMgr:DataCollectionService: stats => 1689280239984,-1379393,3595
07-13 22:30:39.986 10639 10728 I BatteryMgr:DataCollectionService: stats => 1689280239986,-1379393,3595
07-13 22:30:39.988 10639 10728 I BatteryMgr:DataCollectionService: stats => 1689280239988,-1379393,3595
07-13 22:30:39.991 10639 10728 I BatteryMgr:DataCollectionService: stats => 1689280239991,-1379393,3595
