07-13 22:29:40.362 10472 10496 I BatteryMgr:DataCollectionService: stats => 1689280180362,-1162597,3597
07-13 22:29:40.364 10472 10496 I BatteryMgr:DataCollectionService: stats => 1689280180364,-1162597,3597
07-13 22:29:40.367 10472 10496 I BatteryMgr:DataCollectionService: stats => 1689280180367,-1203124,3597
07-13 22:29:40.371 10472 10496 I BatteryMgr:DataCollectionService: stats => 1689280180371,-1203124,3597
07-13 22:29:40.375 10472 10496 I BatteryMgr:DataCollectionService: stats => 1689280180375,-1203124,3597
07-13 22:29:40.378 10472 10496 I BatteryMgr:DataCollectionService: stats => 1689280180378,-1203124,3597
07-13 22:29:40.382 10472 10496 I BatteryMgr:DataCollectionService: stats => 1689280180382,-1203124,3597
07-13 22:29:40.384 10472 10496 I BatteryMgr:DataCollectionService: stats => 1689280180384,-1203124,3597
07-13 22:29:40.389 10472 10496 I BatteryMgr:DataCollectionService: stats => 1689280180389,-1203124,3597
07-13 22:29:40.391   974  1309 I Tracking: VEGA_LOCALIZER: Computed 909 orb descriptors that will be used for PBR or Orphans descriptor
07-13 22:29:40.391   974  1309 I Tracking: VEGA_LOCALIZER: Computed 956 udeep descriptors that will be used for PBR or Orphans descriptor
07-13 22:29:40.394 10472 10496 I BatteryMgr:DataCollectionService: stats => 1689280180394,-1203124,3597
07-13 22:29:40.397 10472 10496 I BatteryMgr:DataCollectionService: stats => 1689280180397,-1203124,3597
07-13 22:29:40.399 10472 10496 I BatteryMgr:DataCollectionService: stats => 1689280180399,-1203124,3597
07-13 22:29:40.402 10472 10496 I BatteryMgr:DataCollectionService: stats => 1689280180402,-1203124,3597
07-13 22:29:40.404 10472 10496 I BatteryMgr:DataCollectionService: stats => 1689280180404,-1203124,3597
07-13 22:29:40.407 10472 10496 I BatteryMgr:DataCollectionService: stats => 1689280180407,-1203124,3597
07-13 22:29:40.409 10472 10496 I BatteryMgr:DataCollectionService: stats => 1689280180409,-1203124,3597
07-13 22:29:40.412 10472 10496 I BatteryMgr:DataCollectionService: stats => 1689280180412,-1203124,3597
07-13 22:29:40.416 10472 10496 I BatteryMgr:DataCollectionService: stats => 1689280180415,-1203124,3597
07-13 22:29:40.419 10472 10496 I BatteryMgr:DataCollectionService: stats => 1689280180418,-1203124,3597
07-13 22:29:40.424 10472 10496 I BatteryMgr:DataCollectionService: stats => 1689280180424,-1203124,3597
07-13 22:29:40.428 10472 10496 I BatteryMgr:DataCollectionService: stats => 1689280180428,-1203124,3597
07-13 22:29:40.434 10472 10496 I BatteryMgr:DataCollectionService: stats => 1689280180434,-1203124,3597
07-13 22:29:40.438 10472 10496 I BatteryMgr:DataCollectionService: stats => 1689280180438,-1203124,3597
07-13 22:29:40.440 10472 10496 I BatteryMgr:DataCollectionService: stats => 1689280180440,-1203124,3597
07-13 22:29:40.443 10472 10496 I BatteryMgr:DataCollectionService: stats => 1689280180443,-1203124,3597
07-13 22:29:40.447 10472 10496 I BatteryMgr:DataCollectionService: stats => 1689280180447,-1203124,3597
07-13 22:29:40.449 10472 10496 I BatteryMgr:DataCollectionService: stats => 1689280180449,-1203124,3597
07-13 22:29:40.452 10472 10496 I BatteryMgr:DataCollectionService: stats => 1689280180452,-1203124,3597
07-13 22:29:40.454 10472 10496 I BatteryMgr:DataCollectionService: stats => 1689280180454,-1203124,3597
07-13 22:29:40.457 10472 10496 I BatteryMgr:DataCollectionService: stats => 1689280180457,-1203124,3597
07-13 22:29:40.458   974  1307 E Tracking: VegaMapSaver: PBR enabled and not T2 mode but no valid PBR found for kr ch[60, 0]
07-13 22:29:40.458   974  1307 E Tracking: VegaMapSaver: PBR enabled and not T2 mode but no valid PBR found for kr ch[59, 0]
07-13 22:29:40.458   974  1307 E Tracking: VegaMapSaver: PBR enabled and not T2 mode but no valid PBR found for kr ch[58, 0]
07-13 22:29:40.458   974  1307 E Tracking: VegaMapSaver: PBR enabled and not T2 mode but no valid PBR found for kr ch[57, 0]
07-13 22:29:40.458   974  1307 E Tracking: VegaMapSaver: PBR enabled and not T2 mode but no valid PBR found for kr ch[56, 0]
07-13 22:29:40.458   974  1307 E Tracking: VegaMapSaver: PBR enabled and not T2 mode but no valid PBR found for kr ch[55, 0]
07-13 22:29:40.458   974  1307 E Tracking: VegaMapSaver: PBR enabled and not T2 mode but no valid PBR found for kr ch[54, 0]
07-13 22:29:40.458   974  1307 E Tracking: VegaMapSaver: PBR enabled and not T2 mode but no valid PBR found for kr ch[53, 0]
07-13 22:29:40.458   974  1307 E Tracking: VegaMapSaver: PBR enabled and not T2 mode but no valid PBR found for kr ch[52, 0]
07-13 22:29:40.458   974  1307 E Tracking: VegaMapSaver: PBR enabled and not T2 mode but no valid PBR found for kr ch[51, 0]
07-13 22:29:40.458   974  1307 E Tracking: VegaMapSaver: PBR enabled and not T2 mode but no valid PBR found for kr ch[50, 0]
07-13 22:29:40.458   974  1307 E Tracking: VegaMapSaver: PBR enabled and not T2 mode but no valid PBR found for kr ch[49, 0]
07-13 22:29:40.458   974  1307 E Tracking: VegaMapSaver: PBR enabled and not T2 mode but no valid PBR found for kr ch[48, 0]
07-13 22:29:40.458   974  1307 E Tracking: VegaMapSaver: PBR enabled and not T2 mode but no valid PBR found for kr ch[47, 0]
07-13 22:29:40.458   974  1307 E Tracking: VegaMapSaver: PBR enabled and not T2 mode but no valid PBR found for kr ch[46, 0]
07-13 22:29:40.458   974  1307 E Tracking: VegaMapSaver: PBR enabled and not T2 mode but no valid PBR found for kr ch[45, 0]
07-13 22:29:40.458   974  1307 E Tracking: VegaMapSaver: PBR enabled and not T2 mode but no valid PBR found for kr ch[44, 0]
07-13 22:29:40.458   974  1307 E Tracking: VegaMapSaver: PBR enabled and not T2 mode but no valid PBR found for kr ch[43, 0]
07-13 22:29:40.458   974  1307 E Tracking: VegaMapSaver: PBR enabled and not T2 mode but no valid PBR found for kr ch[42, 0]
07-13 22:29:40.458   974  1307 E Tracking: VegaMapSaver: PBR enabled and not T2 mode but no valid PBR found for kr ch[41, 0]
07-13 22:29:40.458   974  1307 E Tracking: VegaMapSaver: PBR enabled and not T2 mode but no valid PBR found for kr ch[40, 0]
07-13 22:29:40.458   974  1307 E Tracking: VegaMapSaver: PBR enabled and not T2 mode but no valid PBR found for kr ch[39, 0]
07-13 22:29:40.461 10472 10496 I BatteryMgr:DataCollectionService: stats => 1689280180461,-1203124,3597
07-13 22:29:40.464 10472 10496 I BatteryMgr:DataCollectionService: stats => 1689280180464,-1203124,3597
07-13 22:29:40.466 10472 10496 I BatteryMgr:DataCollectionService: stats => 1689280180466,-1203124,3597
07-13 22:29:40.469 10472 10496 I BatteryMgr:DataCollectionService: stats => 1689280180469,-1203124,3597
07-13 22:29:40.472 10472 10496 I BatteryMgr:DataCollectionService: stats => 1689280180472,-1203124,3597
07-13 22:29:40.474 10472 10496 I BatteryMgr:DataCollectionService: stats => 1689280180474,-1203124,3597
07-13 22:29:40.477 10472 10496 I BatteryMgr:DataCollectionService: stats => 1689280180477,-1203124,3597
07-13 22:29:40.480 10472 10496 I BatteryMgr:DataCollectionService: stats => 1689280180480,-1203124,3597
07-13 22:29:40.483 10472 10496 I BatteryMgr:DataCollectionService: stats => 1689280180483,-1203124,3597
07-13 22:29:40.486 10472 10496 I BatteryMgr:DataCollectionService: stats => 1689280180486,-1203124,3597
07-13 22:29:40.488   974  1307 I Tracking: VEGA_LOCALIZER: Added 3 orb descriptors to the index. It has 17194 descriptors for 1082 points, with stdev 0.44502538442611694 and max 2.814004898071289.
07-13 22:29:40.489 10472 10496 I BatteryMgr:DataCollectionService: stats => 1689280180488,-1203124,3597
07-13 22:29:40.491   974  1307 I Tracking: VEGA_LOCALIZER: Added 6 udeep descriptors to the index. It has 17246 descriptors for 1082 points, with stdev 0.5646383166313171 and max 3.5477211475372314.
07-13 22:29:40.491 10472 10496 I BatteryMgr:DataCollectionService: stats => 1689280180491,-1203124,3597
07-13 22:29:40.494 10472 10496 I BatteryMgr:DataCollectionService: stats => 1689280180494,-1203124,3597
07-13 22:29:40.494   974  1307 I Tracking: VEGA_LOCALIZER: New descriptors added - Regular: 9, Immature: 0, Resampled by OrphanDescriptors: 0. # Total descriptors: 17194 fallback and 17246 primary.
07-13 22:29:40.496 10472 10496 I BatteryMgr:DataCollectionService: stats => 1689280180496,-1203124,3597
07-13 22:29:40.498 10472 10496 I BatteryMgr:DataCollectionService: stats => 1689280180498,-1203124,3597
07-13 22:29:40.502 10472 10496 I BatteryMgr:DataCollectionService: stats => 1689280180502,-1203124,3597
07-13 22:29:40.505 10472 10496 I BatteryMgr:DataCollectionService: stats => 1689280180505,-1203124,3597
07-13 22:29:40.507 10472 10496 I BatteryMgr:DataCollectionService: stats => 1689280180507,-1203124,3597
07-13 22:29:40.510 10472 10496 I BatteryMgr:DataCollectionService: stats => 1689280180510,-1203124,3597
07-13 22:29:40.514 10472 10496 I BatteryMgr:DataCollectionService: stats => 1689280180514,-1203124,3597
07-13 22:29:40.517 10472 10496 I BatteryMgr:DataCollectionService: stats => 1689280180517,-1203124,3597
07-13 22:29:40.519 10472 10496 I BatteryMgr:DataCollectionService: stats => 1689280180519,-1203124,3597
07-13 22:29:40.521 10472 10496 I BatteryMgr:DataCollectionService: stats => 1689280180521,-1203124,3597
07-13 22:29:40.523 10472 10496 I BatteryMgr:DataCollectionService: stats => 1689280180523,-1203124,3597
07-13 22:29:40.526 10472 10496 I BatteryMgr:DataCollectionService: stats => 1689280180526,-1203124,3597
07-13 22:29:40.527  1146  1161 W PendingResolveDisplayRequest: timed out after 5000 ms
07-13 22:29:40.528 10472 10496 I BatteryMgr:DataCollectionService: stats => 1689280180528,-1203124,3597
07-13 22:29:40.530 10472 10496 I BatteryMgr:DataCollectionService: stats => 1689280180530,-1203124,3597
07-13 22:29:40.532 10472 10496 I BatteryMgr:DataCollectionService: stats => 1689280180532,-1203124,3597
07-13 22:29:40.535 10472 10496 I BatteryMgr:DataCollectionService: stats => 1689280180535,-1203124,3597
07-13 22:29:40.537 10472 10496 I BatteryMgr:DataCollectionService: stats => 1689280180537,-1203124,3597
07-13 22:29:40.541 10472 10496 I BatteryMgr:DataCollectionService: stats => 1689280180541,-1203124,3597
07-13 22:29:40.543 10472 10496 I BatteryMgr:DataCollectionService: stats => 1689280180543,-1203124,3597
07-13 22:29:40.546 10472 10496 I BatteryMgr:DataCollectionService: stats => 1689280180546,-1203124,3597
07-13 22:29:40.549 10472 10496 I BatteryMgr:DataCollectionService: stats => 1689280180549,-1203124,3597
07-13 22:29:40.551 10472 10496 I BatteryMgr:DataCollectionService: stats => 1689280180551,-1203124,3597
07-13 22:29:40.554 10472 10496 I BatteryMgr:DataCollectionService: stats => 1689280180554,-1203124,3597
07-13 22:29:40.557 10472 10496 I BatteryMgr:DataCollectionService: stats => 1689280180557,-1203124,3597
07-13 22:29:40.559 10472 10496 I BatteryMgr:DataCollectionService: stats => 1689280180559,-1203124,3597
07-13 22:29:40.561 10472 10496 I BatteryMgr:DataCollectionService: stats => 1689280180561,-1203124,3597
07-13 22:29:40.564 10472 10496 I BatteryMgr:DataCollectionService: stats => 1689280180564,-1203124,3597
07-13 22:29:40.566 10472 10496 I BatteryMgr:DataCollectionService: stats => 1689280180566,-1203124,3597
07-13 22:29:40.568 10472 10496 I BatteryMgr:DataCollectionService: stats => 1689280180568,-1203124,3597
07-13 22:29:40.571 10472 10496 I BatteryMgr:DataCollectionService: stats => 1689280180571,-1203124,3597
07-13 22:29:40.573 10472 10496 I BatteryMgr:DataCollectionService: stats => 1689280180573,-1203124,3597
07-13 22:29:40.575 10472 10496 I BatteryMgr:DataCollectionService: stats => 1689280180575,-1203124,3597
07-13 22:29:40.578 10472 10496 I BatteryMgr:DataCollectionService: stats => 1689280180578,-1203124,3597
07-13 22:29:40.582 10472 10496 I BatteryMgr:DataCollectionService: stats => 1689280180581,-1203124,3597
07-13 22:29:40.584 10472 10496 I BatteryMgr:DataCollectionService: stats => 1689280180584,-1203124,3597
07-13 22:29:40.587 10472 10496 I BatteryMgr:DataCollectionService: stats => 1689280180587,-1203124,3597
07-13 22:29:40.589 10472 10496 I BatteryMgr:DataCollectionService: stats => 1689280180589,-1203124,3597
07-13 22:29:40.590   974  5222 I Tracking: VEGA:PERCEPTUAL_HM: [Throttled count=12] Perceptual HM: no map tracking while exposing 6DoF. Delaying switch to 3DoF for 2.84 seconds.
07-13 22:29:40.593   974  5222 I Tracking: VegaTracker: [Throttled count=12] VegaTracker::track returned 64 track measurement(s) 4 track-to-landmark association(s) and 3 closed track ID(s) while reporting poor tracking quality. (isTrackerHealthy = true, isMapTrackingHealthy = false)
07-13 22:29:40.594 10472 10496 I BatteryMgr:DataCollectionService: stats => 1689280180594,-1203124,3597
07-13 22:29:40.597 10472 10496 I BatteryMgr:DataCollectionService: stats => 1689280180596,-1203124,3597
07-13 22:29:40.599 10472 10496 I BatteryMgr:DataCollectionService: stats => 1689280180599,-1203124,3597
07-13 22:29:40.601 10472 10496 I BatteryMgr:DataCollectionService: stats => 1689280180601,-1203124,3597
07-13 22:29:40.604 10472 10496 I BatteryMgr:DataCollectionService: stats => 1689280180604,-1203124,3597
07-13 22:29:40.606 10472 10496 I BatteryMgr:DataCollectionService: stats => 1689280180606,-1203124,3597
07-13 22:29:40.608 10472 10496 I BatteryMgr:DataCollectionService: stats => 1689280180608,-1203124,3597
07-13 22:29:40.610 10472 10496 I BatteryMgr:DataCollectionService: stats => 1689280180610,-1203124,3597
07-13 22:29:40.612 10472 10496 I BatteryMgr:DataCollectionService: stats => 1689280180612,-1203124,3597
07-13 22:29:40.615 10472 10496 I BatteryMgr:DataCollectionService: stats => 1689280180615,-1203124,3597
07-13 22:29:40.617 10472 10496 I BatteryMgr:DataCollectionService: stats => 1689280180617,-1203124,3597
07-13 22:29:40.621 10472 10496 I BatteryMgr:DataCollectionService: stats => 1689280180621,-1203124,3597
07-13 22:29:40.623 10472 10496 I BatteryMgr:DataCollectionService: stats => 1689280180623,-1203124,3597
07-13 22:29:40.626 10472 10496 I BatteryMgr:DataCollectionService: stats => 1689280180626,-1203124,3597
07-13 22:29:40.628 10472 10496 I BatteryMgr:DataCollectionService: stats => 1689280180628,-1203124,3597
07-13 22:29:40.630 10472 10496 I BatteryMgr:DataCollectionService: stats => 1689280180630,-1203124,3597
07-13 22:29:40.633 10472 10496 I BatteryMgr:DataCollectionService: stats => 1689280180633,-1203124,3597
07-13 22:29:40.636 10472 10496 I BatteryMgr:DataCollectionService: stats => 1689280180636,-1203124,3597
07-13 22:29:40.638 10472 10496 I BatteryMgr:DataCollectionService: stats => 1689280180638,-1203124,3597
07-13 22:29:40.641 10472 10496 I BatteryMgr:DataCollectionService: stats => 1689280180641,-1203124,3597
07-13 22:29:40.643 10472 10496 I BatteryMgr:DataCollectionService: stats => 1689280180643,-1203124,3597
07-13 22:29:40.645 10472 10496 I BatteryMgr:DataCollectionService: stats => 1689280180645,-1203124,3597
07-13 22:29:40.647 10472 10496 I BatteryMgr:DataCollectionService: stats => 1689280180647,-1203124,3597
07-13 22:29:40.650 10472 10496 I BatteryMgr:DataCollectionService: stats => 1689280180650,-1203124,3597
07-13 22:29:40.652 10472 10496 I BatteryMgr:DataCollectionService: stats => 1689280180652,-1203124,3597
07-13 22:29:40.654 10472 10496 I BatteryMgr:DataCollectionService: stats => 1689280180654,-1203124,3597
07-13 22:29:40.656 10472 10496 I BatteryMgr:DataCollectionService: stats => 1689280180656,-1203124,3597
07-13 22:29:40.660 10472 10496 I BatteryMgr:DataCollectionService: stats => 1689280180660,-1203124,3597
07-13 22:29:40.662   974  5222 I Tracking: VegaTracker: [Throttled count=12] Performing big search to recover from bad map tracking or new reloc.
07-13 22:29:40.663 10472 10496 I BatteryMgr:DataCollectionService: stats => 1689280180663,-1203124,3597
07-13 22:29:40.666 10472 10496 I BatteryMgr:DataCollectionService: stats => 1689280180665,-1203124,3597
07-13 22:29:40.668 10472 10496 I BatteryMgr:DataCollectionService: stats => 1689280180668,-1203124,3597
07-13 22:29:40.670   974  5222 W Tracking: VEGA:MAP_TRACKING_HM: [Throttled count=12] Map tracking did not run.
07-13 22:29:40.671 10472 10496 I BatteryMgr:DataCollectionService: stats => 1689280180671,-1203124,3597
07-13 22:29:40.674 10472 10496 I BatteryMgr:DataCollectionService: stats => 1689280180674,-1203124,3597
07-13 22:29:40.677 10472 10496 I BatteryMgr:DataCollectionService: stats => 1689280180677,-1203124,3597
07-13 22:29:40.679 10472 10496 I BatteryMgr:DataCollectionService: stats => 1689280180679,-1203124,3597
07-13 22:29:40.682 10472 10496 I BatteryMgr:DataCollectionService: stats => 1689280180682,-1203124,3597
07-13 22:29:40.684 10472 10496 I BatteryMgr:DataCollectionService: stats => 1689280180684,-1203124,3597
07-13 22:29:40.686 10472 10496 I BatteryMgr:DataCollectionService: stats => 1689280180686,-1203124,3597
07-13 22:29:40.688 10472 10496 I BatteryMgr:DataCollectionService: stats => 1689280180688,-1203124,3597
07-13 22:29:40.691 10472 10496 I BatteryMgr:DataCollectionService: stats => 1689280180691,-1203124,3597
07-13 22:29:40.694 10472 10496 I BatteryMgr:DataCollectionService: stats => 1689280180694,-1203124,3597
07-13 22:29:40.696 10472 10496 I BatteryMgr:DataCollectionService: stats => 1689280180696,-1203124,3597
07-13 22:29:40.700 10472 10496 I BatteryMgr:DataCollectionService: stats => 1689280180700,-1203124,3597
07-13 22:29:40.703 10472 10496 I BatteryMgr:DataCollectionService: stats => 1689280180703,-1203124,3597
07-13 22:29:40.705 10472 10496 I BatteryMgr:DataCollectionService: stats => 1689280180705,-1203124,3597
07-13 22:29:40.708 10472 10496 I BatteryMgr:DataCollectionService: stats => 1689280180708,-1203124,3597
07-13 22:29:40.710 10472 10496 I BatteryMgr:DataCollectionService: stats => 1689280180710,-1203124,3597
07-13 22:29:40.713 10472 10496 I BatteryMgr:DataCollectionService: stats => 1689280180713,-1203124,3597
07-13 22:29:40.716 10472 10496 I BatteryMgr:DataCollectionService: stats => 1689280180716,-1203124,3597
07-13 22:29:40.719 10472 10496 I BatteryMgr:DataCollectionService: stats => 1689280180719,-1203124,3597
07-13 22:29:40.721 10472 10496 I BatteryMgr:DataCollectionService: stats => 1689280180721,-1203124,3597
07-13 22:29:40.723 10472 10496 I BatteryMgr:DataCollectionService: stats => 1689280180723,-1203124,3597
07-13 22:29:40.726 10472 10496 I BatteryMgr:DataCollectionService: stats => 1689280180726,-1203124,3597
07-13 22:29:40.728 10472 10496 I BatteryMgr:DataCollectionService: stats => 1689280180728,-1203124,3597
07-13 22:29:40.730 10472 10496 I BatteryMgr:DataCollectionService: stats => 1689280180730,-1203124,3597
07-13 22:29:40.732 10472 10496 I BatteryMgr:DataCollectionService: stats => 1689280180732,-1203124,3597
07-13 22:29:40.735 10472 10496 I BatteryMgr:DataCollectionService: stats => 1689280180735,-1203124,3597
07-13 22:29:40.737 10472 10496 I BatteryMgr:DataCollectionService: stats => 1689280180737,-1203124,3597
07-13 22:29:40.741 10472 10496 I BatteryMgr:DataCollectionService: stats => 1689280180741,-1203124,3597
07-13 22:29:40.744 10472 10496 I BatteryMgr:DataCollectionService: stats => 1689280180743,-1203124,3597
07-13 22:29:40.747 10472 10496 I BatteryMgr:DataCollectionService: stats => 1689280180747,-1203124,3597
07-13 22:29:40.750 10472 10496 I BatteryMgr:DataCollectionService: stats => 1689280180750,-1203124,3597
07-13 22:29:40.751   974  5222 W Tracking: VEGA:MAP_TRACKING_HM: [Throttled count=35] Bad map tracking: map tracking failed @ Submap id = 1, version = 353333281 with status: 1
07-13 22:29:40.755 10472 10496 I BatteryMgr:DataCollectionService: stats => 1689280180754,-1203124,3597
07-13 22:29:40.758 10472 10496 I BatteryMgr:DataCollectionService: stats => 1689280180758,-1203124,3597
07-13 22:29:40.760 10472 10496 I BatteryMgr:DataCollectionService: stats => 1689280180760,-1203124,3597
07-13 22:29:40.764 10472 10496 I BatteryMgr:DataCollectionService: stats => 1689280180764,-1203124,3597
07-13 22:29:40.766 10472 10496 I BatteryMgr:DataCollectionService: stats => 1689280180766,-1203124,3597
07-13 22:29:40.769 10472 10496 I BatteryMgr:DataCollectionService: stats => 1689280180769,-1203124,3597
07-13 22:29:40.772 10472 10496 I BatteryMgr:DataCollectionService: stats => 1689280180772,-1203124,3597
07-13 22:29:40.774 10472 10496 I BatteryMgr:DataCollectionService: stats => 1689280180774,-1203124,3597
07-13 22:29:40.776 10472 10496 I BatteryMgr:DataCollectionService: stats => 1689280180776,-1203124,3597
07-13 22:29:40.778 10472 10496 I BatteryMgr:DataCollectionService: stats => 1689280180778,-1203124,3597
07-13 22:29:40.782 10472 10496 I BatteryMgr:DataCollectionService: stats => 1689280180782,-1203124,3597
07-13 22:29:40.785 10472 10496 I BatteryMgr:DataCollectionService: stats => 1689280180785,-1203124,3597
07-13 22:29:40.787 10472 10496 I BatteryMgr:DataCollectionService: stats => 1689280180787,-1203124,3597
07-13 22:29:40.789 10472 10496 I BatteryMgr:DataCollectionService: stats => 1689280180789,-1203124,3597
07-13 22:29:40.792 10472 10496 I BatteryMgr:DataCollectionService: stats => 1689280180791,-1203124,3597
07-13 22:29:40.795 10472 10496 I BatteryMgr:DataCollectionService: stats => 1689280180795,-1203124,3597
07-13 22:29:40.797 10472 10496 I BatteryMgr:DataCollectionService: stats => 1689280180797,-1203124,3597
07-13 22:29:40.799 10472 10496 I BatteryMgr:DataCollectionService: stats => 1689280180799,-1203124,3597
07-13 22:29:40.802 10472 10496 I BatteryMgr:DataCollectionService: stats => 1689280180802,-1203124,3597
07-13 22:29:40.804 10472 10496 I BatteryMgr:DataCollectionService: stats => 1689280180804,-1203124,3597
07-13 22:29:40.807 10472 10496 I BatteryMgr:DataCollectionService: stats => 1689280180807,-1203124,3597
07-13 22:29:40.809 10472 10496 I BatteryMgr:DataCollectionService: stats => 1689280180809,-1203124,3597
07-13 22:29:40.812 10472 10496 I BatteryMgr:DataCollectionService: stats => 1689280180812,-1203124,3597
07-13 22:29:40.814 10472 10496 I BatteryMgr:DataCollectionService: stats => 1689280180814,-1203124,3597
07-13 22:29:40.817 10472 10496 I BatteryMgr:DataCollectionService: stats => 1689280180817,-1203124,3597
07-13 22:29:40.820 10472 10496 I BatteryMgr:DataCollectionService: stats => 1689280180820,-1203124,3597
07-13 22:29:40.823 10472 10496 I BatteryMgr:DataCollectionService: stats => 1689280180823,-1203124,3597
07-13 22:29:40.826 10472 10496 I BatteryMgr:DataCollectionService: stats => 1689280180826,-1203124,3597
07-13 22:29:40.829 10472 10496 I BatteryMgr:DataCollectionService: stats => 1689280180829,-1203124,3597
07-13 22:29:40.831 10472 10496 I BatteryMgr:DataCollectionService: stats => 1689280180831,-1203124,3597
07-13 22:29:40.835 10472 10496 I BatteryMgr:DataCollectionService: stats => 1689280180835,-1203124,3597
07-13 22:29:40.837 10472 10496 I BatteryMgr:DataCollectionService: stats => 1689280180837,-1203124,3597
07-13 22:29:40.840 10472 10496 I BatteryMgr:DataCollectionService: stats => 1689280180840,-1203124,3597
07-13 22:29:40.842 10472 10496 I BatteryMgr:DataCollectionService: stats => 1689280180842,-1203124,3597
07-13 22:29:40.845 10472 10496 I BatteryMgr:DataCollectionService: stats => 1689280180845,-1203124,3597
07-13 22:29:40.847 10472 10496 I BatteryMgr:DataCollectionService: stats => 1689280180847,-1203124,3597
07-13 22:29:40.850 10472 10496 I BatteryMgr:DataCollectionService: stats => 1689280180850,-1203124,3597
07-13 22:29:40.852 10472 10496 I BatteryMgr:DataCollectionService: stats => 1689280180852,-1203124,3597
07-13 22:29:40.854 10472 10496 I BatteryMgr:DataCollectionService: stats => 1689280180854,-1203124,3597
07-13 22:29:40.856 10472 10496 I BatteryMgr:DataCollectionService: stats => 1689280180856,-1203124,3597
07-13 22:29:40.860 10472 10496 I BatteryMgr:DataCollectionService: stats => 1689280180860,-1203124,3597
07-13 22:29:40.863 10472 10496 I BatteryMgr:DataCollectionService: stats => 1689280180863,-1203124,3597
07-13 22:29:40.865 10472 10496 I BatteryMgr:DataCollectionService: stats => 1689280180865,-1203124,3597
07-13 22:29:40.867 10472 10496 I BatteryMgr:DataCollectionService: stats => 1689280180867,-1203124,3597
07-13 22:29:40.870 10472 10496 I BatteryMgr:DataCollectionService: stats => 1689280180870,-1203124,3597
07-13 22:29:40.873   974  5228 W Tracking: CONSTELLATION: No tracked objects initialized!!
07-13 22:29:40.873 10472 10496 I BatteryMgr:DataCollectionService: stats => 1689280180873,-1203124,3597
07-13 22:29:40.875 10472 10496 I BatteryMgr:DataCollectionService: stats => 1689280180875,-1203124,3597
07-13 22:29:40.878 10472 10496 I BatteryMgr:DataCollectionService: stats => 1689280180878,-1203124,3597
07-13 22:29:40.880 10472 10496 I BatteryMgr:DataCollectionService: stats => 1689280180880,-1203124,3597
07-13 22:29:40.883 10472 10496 I BatteryMgr:DataCollectionService: stats => 1689280180883,-1203124,3597
07-13 22:29:40.885 10472 10496 I BatteryMgr:DataCollectionService: stats => 1689280180885,-1203124,3597
07-13 22:29:40.887 10472 10496 I BatteryMgr:DataCollectionService: stats => 1689280180887,-1203124,3597
07-13 22:29:40.889 10472 10496 I BatteryMgr:DataCollectionService: stats => 1689280180889,-1203124,3597
07-13 22:29:40.892 10472 10496 I BatteryMgr:DataCollectionService: stats => 1689280180892,-1203124,3597
07-13 22:29:40.894 10472 10496 I BatteryMgr:DataCollectionService: stats => 1689280180894,-1203124,3597
07-13 22:29:40.896 10472 10496 I BatteryMgr:DataCollectionService: stats => 1689280180896,-1203124,3597
07-13 22:29:40.899 10472 10496 I BatteryMgr:DataCollectionService: stats => 1689280180898,-1203124,3597
07-13 22:29:40.903 10472 10496 I BatteryMgr:DataCollectionService: stats => 1689280180903,-1203124,3597
07-13 22:29:40.905 10472 10496 I BatteryMgr:DataCollectionService: stats => 1689280180905,-1203124,3597
07-13 22:29:40.908 10472 10496 I BatteryMgr:DataCollectionService: stats => 1689280180908,-1203124,3597
07-13 22:29:40.911 10472 10496 I BatteryMgr:DataCollectionService: stats => 1689280180911,-1203124,3597
07-13 22:29:40.911   974  5222 W Tracking: FrameToFrameTrackerHelper: Low ratio of valid tracks for available capacity (63/300=0.21<0.50). Verify corner detection and track creation!
07-13 22:29:40.915 10472 10496 I BatteryMgr:DataCollectionService: stats => 1689280180915,-1203124,3597
07-13 22:29:40.918 10472 10496 I BatteryMgr:DataCollectionService: stats => 1689280180918,-1203124,3597
07-13 22:29:40.920 10472 10496 I BatteryMgr:DataCollectionService: stats => 1689280180920,-1203124,3597
07-13 22:29:40.922 10472 10496 I BatteryMgr:DataCollectionService: stats => 1689280180922,-1203124,3597
07-13 22:29:40.924 10472 10496 I BatteryMgr:DataCollectionService: stats => 1689280180924,-1203124,3597
07-13 22:29:40.927 10472 10496 I BatteryMgr:DataCollectionService: stats => 1689280180927,-1203124,3597
07-13 22:29:40.929 10472 10496 I BatteryMgr:DataCollectionService: stats => 1689280180929,-1203124,3597
07-13 22:29:40.932 10472 10496 I BatteryMgr:DataCollectionService: stats => 1689280180932,-1203124,3597
07-13 22:29:40.934 10472 10496 I BatteryMgr:DataCollectionService: stats => 1689280180934,-1203124,3597
07-13 22:29:40.936 10472 10496 I BatteryMgr:DataCollectionService: stats => 1689280180936,-1203124,3597
07-13 22:29:40.940 10472 10496 I BatteryMgr:DataCollectionService: stats => 1689280180940,-1203124,3597
07-13 22:29:40.942 10472 10496 I BatteryMgr:DataCollectionService: stats => 1689280180942,-1203124,3597
07-13 22:29:40.944 10472 10496 I BatteryMgr:DataCollectionService: stats => 1689280180944,-1203124,3597
07-13 22:29:40.947 10472 10496 I BatteryMgr:DataCollectionService: stats => 1689280180947,-1203124,3597
07-13 22:29:40.949 10472 10496 I BatteryMgr:DataCollectionService: stats => 1689280180949,-1203124,3597
07-13 22:29:40.951 10472 10496 I BatteryMgr:DataCollectionService: stats => 1689280180951,-1203124,3597
07-13 22:29:40.954 10472 10496 I BatteryMgr:DataCollectionService: stats => 1689280180954,-1203124,3597
07-13 22:29:40.956 10472 10496 I BatteryMgr:DataCollectionService: stats => 1689280180956,-1203124,3597
07-13 22:29:40.959 10472 10496 I BatteryMgr:DataCollectionService: stats => 1689280180959,-1203124,3597
07-13 22:29:40.961 10472 10496 I BatteryMgr:DataCollectionService: stats => 1689280180961,-1203124,3597
07-13 22:29:40.963 10472 10496 I BatteryMgr:DataCollectionService: stats => 1689280180963,-1203124,3597
07-13 22:29:40.966 10472 10496 I BatteryMgr:DataCollectionService: stats => 1689280180966,-1203124,3597
07-13 22:29:40.968 10472 10496 I BatteryMgr:DataCollectionService: stats => 1689280180968,-1203124,3597
07-13 22:29:40.970 10472 10496 I BatteryMgr:DataCollectionService: stats => 1689280180970,-1203124,3597
07-13 22:29:40.972 10472 10496 I BatteryMgr:DataCollectionService: stats => 1689280180972,-1203124,3597
07-13 22:29:40.975 10472 10496 I BatteryMgr:DataCollectionService: stats => 1689280180975,-1203124,3597
07-13 22:29:40.977 10472 10496 I BatteryMgr:DataCollectionService: stats => 1689280180977,-1203124,3597
07-13 22:29:40.981 10472 10496 I BatteryMgr:DataCollectionService: stats => 1689280180981,-1203124,3597
07-13 22:29:40.984 10472 10496 I BatteryMgr:DataCollectionService: stats => 1689280180984,-1203124,3597
07-13 22:29:40.986 10472 10496 I BatteryMgr:DataCollectionService: stats => 1689280180986,-1203124,3597
07-13 22:29:40.988 10472 10496 I BatteryMgr:DataCollectionService: stats => 1689280180988,-1203124,3597
07-13 22:29:40.991 10472 10496 I BatteryMgr:DataCollectionService: stats => 1689280180991,-1203124,3597
07-13 22:29:40.995 10472 10496 I BatteryMgr:DataCollectionService: stats => 1689280180995,-1203124,3597
07-13 22:29:40.996  1865  2478 I PerformanceManager_ZSF: perfmgr: SetClockLevels: Apply pending clock request change: 2,4 -> 2,3
07-13 22:29:40.996  1865  2450 I Clocks  : ReleaseClocks - start
07-13 22:29:40.997  1865  2450 I Clocks  : ReleaseClocks - end (0.4 ms)
07-13 22:29:40.997  1865  2450 I Clocks  : LockClocks( cpu=2, gpu=3 ) - start
07-13 22:29:40.997  1865  2450 I Clocks  : CPU levels [0, 7]
07-13 22:29:40.997  1865  2450 I Clocks  : GPU levels [0, 5]
07-13 22:29:40.997  1865  2450 I Clocks  : LockClocks( cpu=2, gpu=3 ) - end (0.8 ms)
07-13 22:29:40.998 10472 10496 I BatteryMgr:DataCollectionService: stats => 1689280180998,-1203124,3597
07-13 22:29:41.000 10472 10496 I BatteryMgr:DataCollectionService: stats => 1689280181000,-1203124,3597
07-13 22:29:41.003 10472 10496 I BatteryMgr:DataCollectionService: stats => 1689280181003,-1203124,3597
07-13 22:29:41.006 10472 10496 I BatteryMgr:DataCollectionService: stats => 1689280181006,-1203124,3597
07-13 22:29:41.008 10472 10496 I BatteryMgr:DataCollectionService: stats => 1689280181008,-1203124,3597
07-13 22:29:41.011 10472 10496 I BatteryMgr:DataCollectionService: stats => 1689280181011,-1203124,3597
07-13 22:29:41.013 10472 10496 I BatteryMgr:DataCollectionService: stats => 1689280181013,-1203124,3597
07-13 22:29:41.016 10472 10496 I BatteryMgr:DataCollectionService: stats => 1689280181016,-1203124,3597
07-13 22:29:41.018 10472 10496 I BatteryMgr:DataCollectionService: stats => 1689280181018,-1203124,3597
07-13 22:29:41.021 10472 10496 I BatteryMgr:DataCollectionService: stats => 1689280181021,-1203124,3597
07-13 22:29:41.023 10472 10496 I BatteryMgr:DataCollectionService: stats => 1689280181023,-1203124,3597
07-13 22:29:41.026 10472 10496 I BatteryMgr:DataCollectionService: stats => 1689280181026,-1203124,3597
07-13 22:29:41.028 10472 10496 I BatteryMgr:DataCollectionService: stats => 1689280181028,-1203124,3597
07-13 22:29:41.030 10472 10496 I BatteryMgr:DataCollectionService: stats => 1689280181030,-1203124,3597
07-13 22:29:41.033 10472 10496 I BatteryMgr:DataCollectionService: stats => 1689280181033,-1203124,3597
07-13 22:29:41.036 10472 10496 I BatteryMgr:DataCollectionService: stats => 1689280181036,-1203124,3597
07-13 22:29:41.039 10472 10496 I BatteryMgr:DataCollectionService: stats => 1689280181039,-1203124,3597
07-13 22:29:41.041 10472 10496 I BatteryMgr:DataCollectionService: stats => 1689280181041,-1203124,3597
07-13 22:29:41.043 10472 10496 I BatteryMgr:DataCollectionService: stats => 1689280181043,-1203124,3597
07-13 22:29:41.045 10472 10496 I BatteryMgr:DataCollectionService: stats => 1689280181045,-1203124,3597
07-13 22:29:41.047 10472 10496 I BatteryMgr:DataCollectionService: stats => 1689280181047,-1203124,3597
07-13 22:29:41.050 10472 10496 I BatteryMgr:DataCollectionService: stats => 1689280181050,-1203124,3597
07-13 22:29:41.052 10472 10496 I BatteryMgr:DataCollectionService: stats => 1689280181052,-1203124,3597
07-13 22:29:41.054 10472 10496 I BatteryMgr:DataCollectionService: stats => 1689280181054,-1203124,3597
07-13 22:29:41.056 10472 10496 I BatteryMgr:DataCollectionService: stats => 1689280181056,-1203124,3597
07-13 22:29:41.060 10472 10496 I BatteryMgr:DataCollectionService: stats => 1689280181059,-1203124,3597
07-13 22:29:41.062 10472 10496 I BatteryMgr:DataCollectionService: stats => 1689280181062,-1203124,3597
07-13 22:29:41.065 10472 10496 I BatteryMgr:DataCollectionService: stats => 1689280181065,-1203124,3597
07-13 22:29:41.067 10472 10496 I BatteryMgr:DataCollectionService: stats => 1689280181067,-1203124,3597
07-13 22:29:41.070 10472 10496 I BatteryMgr:DataCollectionService: stats => 1689280181070,-1203124,3597
07-13 22:29:41.074 10472 10496 I BatteryMgr:DataCollectionService: stats => 1689280181074,-1203124,3597
07-13 22:29:41.076 10472 10496 I BatteryMgr:DataCollectionService: stats => 1689280181076,-1203124,3597
07-13 22:29:41.079 10472 10496 I BatteryMgr:DataCollectionService: stats => 1689280181078,-1203124,3597
07-13 22:29:41.081 10472 10496 I BatteryMgr:DataCollectionService: stats => 1689280181081,-1203124,3597
07-13 22:29:41.083 10472 10496 I BatteryMgr:DataCollectionService: stats => 1689280181083,-1203124,3597
07-13 22:29:41.085 10472 10496 I BatteryMgr:DataCollectionService: stats => 1689280181085,-1203124,3597
07-13 22:29:41.088 10472 10496 I BatteryMgr:DataCollectionService: stats => 1689280181088,-1203124,3597
07-13 22:29:41.090 10472 10496 I BatteryMgr:DataCollectionService: stats => 1689280181090,-1203124,3597
07-13 22:29:41.092 10472 10496 I BatteryMgr:DataCollectionService: stats => 1689280181092,-1203124,3597
07-13 22:29:41.094 10472 10496 I BatteryMgr:DataCollectionService: stats => 1689280181094,-1203124,3597
07-13 22:29:41.096 10472 10496 I BatteryMgr:DataCollectionService: stats => 1689280181096,-1203124,3597
07-13 22:29:41.100 10472 10496 I BatteryMgr:DataCollectionService: stats => 1689280181100,-1203124,3597
07-13 22:29:41.102 10472 10496 I BatteryMgr:DataCollectionService: stats => 1689280181102,-1203124,3597
07-13 22:29:41.105 10472 10496 I BatteryMgr:DataCollectionService: stats => 1689280181105,-1203124,3597
07-13 22:29:41.107 10472 10496 I BatteryMgr:DataCollectionService: stats => 1689280181107,-1203124,3597
07-13 22:29:41.109 10472 10496 I BatteryMgr:DataCollectionService: stats => 1689280181109,-1203124,3597
07-13 22:29:41.111 10472 10496 I BatteryMgr:DataCollectionService: stats => 1689280181111,-1203124,3597
07-13 22:29:41.115 10472 10496 I BatteryMgr:DataCollectionService: stats => 1689280181115,-1203124,3597
07-13 22:29:41.117 10472 10496 I BatteryMgr:DataCollectionService: stats => 1689280181117,-1203124,3597
07-13 22:29:41.119 10472 10496 I BatteryMgr:DataCollectionService: stats => 1689280181119,-1203124,3597
07-13 22:29:41.122 10472 10496 I BatteryMgr:DataCollectionService: stats => 1689280181122,-1203124,3597
07-13 22:29:41.124 10472 10496 I BatteryMgr:DataCollectionService: stats => 1689280181124,-1203124,3597
07-13 22:29:41.127 10472 10496 I BatteryMgr:DataCollectionService: stats => 1689280181127,-1203124,3597
07-13 22:29:41.129 10472 10496 I BatteryMgr:DataCollectionService: stats => 1689280181129,-1203124,3597
07-13 22:29:41.131 10472 10496 I BatteryMgr:DataCollectionService: stats => 1689280181131,-1203124,3597
07-13 22:29:41.133 10472 10496 I BatteryMgr:DataCollectionService: stats => 1689280181133,-1203124,3597
07-13 22:29:41.136 10472 10496 I BatteryMgr:DataCollectionService: stats => 1689280181136,-1203124,3597
07-13 22:29:41.138 10472 10496 I BatteryMgr:DataCollectionService: stats => 1689280181138,-1203124,3597
07-13 22:29:41.141 10472 10496 I BatteryMgr:DataCollectionService: stats => 1689280181141,-1203124,3597
07-13 22:29:41.143 10472 10496 I BatteryMgr:DataCollectionService: stats => 1689280181143,-1203124,3597
07-13 22:29:41.146 10472 10496 I BatteryMgr:DataCollectionService: stats => 1689280181146,-1203124,3597
07-13 22:29:41.149 10472 10496 I BatteryMgr:DataCollectionService: stats => 1689280181149,-1203124,3597
07-13 22:29:41.151 10472 10496 I BatteryMgr:DataCollectionService: stats => 1689280181151,-1203124,3597
07-13 22:29:41.154 10472 10496 I BatteryMgr:DataCollectionService: stats => 1689280181154,-1203124,3597
07-13 22:29:41.156 10472 10496 I BatteryMgr:DataCollectionService: stats => 1689280181156,-1203124,3597
07-13 22:29:41.159 10472 10496 I BatteryMgr:DataCollectionService: stats => 1689280181159,-1203124,3597
07-13 22:29:41.162 10472 10496 I BatteryMgr:DataCollectionService: stats => 1689280181162,-1203124,3597
07-13 22:29:41.164 10472 10496 I BatteryMgr:DataCollectionService: stats => 1689280181164,-1203124,3597
07-13 22:29:41.166 10472 10496 I BatteryMgr:DataCollectionService: stats => 1689280181166,-1203124,3597
07-13 22:29:41.168 10472 10496 I BatteryMgr:DataCollectionService: stats => 1689280181168,-1203124,3597
07-13 22:29:41.171 10472 10496 I BatteryMgr:DataCollectionService: stats => 1689280181171,-1203124,3597
07-13 22:29:41.173 10472 10496 I BatteryMgr:DataCollectionService: stats => 1689280181173,-1203124,3597
07-13 22:29:41.175 10472 10496 I BatteryMgr:DataCollectionService: stats => 1689280181175,-1203124,3597
07-13 22:29:41.177 10472 10496 I BatteryMgr:DataCollectionService: stats => 1689280181177,-1203124,3597
07-13 22:29:41.181 10472 10496 I BatteryMgr:DataCollectionService: stats => 1689280181181,-1203124,3597
07-13 22:29:41.184 10472 10496 I BatteryMgr:DataCollectionService: stats => 1689280181184,-1203124,3597
07-13 22:29:41.186 10472 10496 I BatteryMgr:DataCollectionService: stats => 1689280181186,-1203124,3597
07-13 22:29:41.188 10472 10496 I BatteryMgr:DataCollectionService: stats => 1689280181188,-1203124,3597
07-13 22:29:41.190 10472 10496 I BatteryMgr:DataCollectionService: stats => 1689280181190,-1203124,3597
07-13 22:29:41.194 10472 10496 I BatteryMgr:DataCollectionService: stats => 1689280181194,-1203124,3597
07-13 22:29:41.196 10472 10496 I BatteryMgr:DataCollectionService: stats => 1689280181196,-1203124,3597
07-13 22:29:41.199 10472 10496 I BatteryMgr:DataCollectionService: stats => 1689280181199,-1203124,3597
07-13 22:29:41.201 10472 10496 I BatteryMgr:DataCollectionService: stats => 1689280181201,-1203124,3597
07-13 22:29:41.203 10472 10496 I BatteryMgr:DataCollectionService: stats => 1689280181203,-1203124,3597
07-13 22:29:41.206 10472 10496 I BatteryMgr:DataCollectionService: stats => 1689280181206,-1203124,3597
07-13 22:29:41.208 10472 10496 I BatteryMgr:DataCollectionService: stats => 1689280181208,-1203124,3597
07-13 22:29:41.209  1961  5241 I VrApi   : FPS=90/90,Prd=23ms,Tear=0,Early=0,Stale=0,Stale2/5/10/max=0/0/0/0,VSnc=0,Lat=-1,Fov=0,CPU4/GPU=2/4,1171/587MHz,OC=FF,TA=0/70/0,SP=N/F/N,Mem=1353MHz,Free=3353MB,PLS=0,Temp=42.7C/0.0C,TW=0.82ms,App=1.02ms,GD=0.00ms,CPU&GPU=2.06ms,LCnt=1(DR90,LM0),GPU%=0.19,CPU%=0.12(W0.20),DSF=1.00,CFL=14.62/19.47,LD=0,SF=1.00
07-13 22:29:41.210 10472 10496 I BatteryMgr:DataCollectionService: stats => 1689280181210,-1203124,3597
07-13 22:29:41.212 10472 10496 I BatteryMgr:DataCollectionService: stats => 1689280181212,-1203124,3597
07-13 22:29:41.215 10472 10496 I BatteryMgr:DataCollectionService: stats => 1689280181215,-1203124,3597
07-13 22:29:41.217 10472 10496 I BatteryMgr:DataCollectionService: stats => 1689280181217,-1203124,3597
07-13 22:29:41.221 10472 10496 I BatteryMgr:DataCollectionService: stats => 1689280181221,-1203124,3597
07-13 22:29:41.224 10472 10496 I BatteryMgr:DataCollectionService: stats => 1689280181224,-1203124,3597
07-13 22:29:41.229 10472 10496 I BatteryMgr:DataCollectionService: stats => 1689280181229,-1203124,3597
07-13 22:29:41.231 10472 10496 I BatteryMgr:DataCollectionService: stats => 1689280181231,-1203124,3597
07-13 22:29:41.235 10472 10496 I BatteryMgr:DataCollectionService: stats => 1689280181235,-1203124,3597
07-13 22:29:41.238 10472 10496 I BatteryMgr:DataCollectionService: stats => 1689280181238,-1203124,3597
07-13 22:29:41.241 10472 10496 I BatteryMgr:DataCollectionService: stats => 1689280181241,-1203124,3597
07-13 22:29:41.243 10472 10496 I BatteryMgr:DataCollectionService: stats => 1689280181243,-1203124,3597
07-13 22:29:41.245 10472 10496 I BatteryMgr:DataCollectionService: stats => 1689280181245,-1203124,3597
07-13 22:29:41.248 10472 10496 I BatteryMgr:DataCollectionService: stats => 1689280181248,-1203124,3597
07-13 22:29:41.251 10472 10496 I BatteryMgr:DataCollectionService: stats => 1689280181251,-1203124,3597
07-13 22:29:41.253 10472 10496 I BatteryMgr:DataCollectionService: stats => 1689280181253,-1203124,3597
07-13 22:29:41.255 10472 10496 I BatteryMgr:DataCollectionService: stats => 1689280181255,-1203124,3597
07-13 22:29:41.257 10472 10496 I BatteryMgr:DataCollectionService: stats => 1689280181257,-1203124,3597
07-13 22:29:41.260 10472 10496 I BatteryMgr:DataCollectionService: stats => 1689280181260,-1203124,3597
07-13 22:29:41.263 10472 10496 I BatteryMgr:DataCollectionService: stats => 1689280181263,-1203124,3597
07-13 22:29:41.265 10472 10496 I BatteryMgr:DataCollectionService: stats => 1689280181265,-1203124,3597
07-13 22:29:41.267 10472 10496 I BatteryMgr:DataCollectionService: stats => 1689280181267,-1203124,3597
07-13 22:29:41.269 10472 10496 I BatteryMgr:DataCollectionService: stats => 1689280181269,-1203124,3597
07-13 22:29:41.272 10472 10496 I BatteryMgr:DataCollectionService: stats => 1689280181272,-1203124,3597
07-13 22:29:41.274 10472 10496 I BatteryMgr:DataCollectionService: stats => 1689280181274,-1203124,3597
07-13 22:29:41.276 10472 10496 I BatteryMgr:DataCollectionService: stats => 1689280181276,-1203124,3597
07-13 22:29:41.279 10472 10496 I BatteryMgr:DataCollectionService: stats => 1689280181279,-1203124,3597
07-13 22:29:41.281 10472 10496 I BatteryMgr:DataCollectionService: stats => 1689280181281,-1203124,3597
07-13 22:29:41.283 10472 10496 I BatteryMgr:DataCollectionService: stats => 1689280181283,-1203124,3597
07-13 22:29:41.285 10472 10496 I BatteryMgr:DataCollectionService: stats => 1689280181285,-1203124,3597
07-13 22:29:41.287 10472 10496 I BatteryMgr:DataCollectionService: stats => 1689280181287,-1203124,3597
07-13 22:29:41.290 10472 10496 I BatteryMgr:DataCollectionService: stats => 1689280181290,-1203124,3597
07-13 22:29:41.292 10472 10496 I BatteryMgr:DataCollectionService: stats => 1689280181292,-1203124,3597
07-13 22:29:41.294 10472 10496 I BatteryMgr:DataCollectionService: stats => 1689280181294,-1203124,3597
07-13 22:29:41.296 10472 10496 I BatteryMgr:DataCollectionService: stats => 1689280181296,-1203124,3597
07-13 22:29:41.299 10472 10496 I BatteryMgr:DataCollectionService: stats => 1689280181298,-1203124,3597
07-13 22:29:41.302 10472 10496 I BatteryMgr:DataCollectionService: stats => 1689280181302,-1203124,3597
07-13 22:29:41.305 10472 10496 I BatteryMgr:DataCollectionService: stats => 1689280181305,-1203124,3597
07-13 22:29:41.307 10472 10496 I BatteryMgr:DataCollectionService: stats => 1689280181307,-1203124,3597
07-13 22:29:41.309 10472 10496 I BatteryMgr:DataCollectionService: stats => 1689280181309,-1203124,3597
07-13 22:29:41.312 10472 10496 I BatteryMgr:DataCollectionService: stats => 1689280181312,-1203124,3597
07-13 22:29:41.316 10472 10496 I BatteryMgr:DataCollectionService: stats => 1689280181316,-1203124,3597
07-13 22:29:41.318 10472 10496 I BatteryMgr:DataCollectionService: stats => 1689280181318,-1203124,3597
07-13 22:29:41.320 10472 10496 I BatteryMgr:DataCollectionService: stats => 1689280181320,-1203124,3597
07-13 22:29:41.322 10472 10496 I BatteryMgr:DataCollectionService: stats => 1689280181322,-1203124,3597
07-13 22:29:41.325 10472 10496 I BatteryMgr:DataCollectionService: stats => 1689280181324,-1203124,3597
07-13 22:29:41.327 10472 10496 I BatteryMgr:DataCollectionService: stats => 1689280181327,-1203124,3597
07-13 22:29:41.329 10472 10496 I BatteryMgr:DataCollectionService: stats => 1689280181329,-1203124,3597
07-13 22:29:41.331 10472 10496 I BatteryMgr:DataCollectionService: stats => 1689280181331,-1203124,3597
07-13 22:29:41.333 10472 10496 I BatteryMgr:DataCollectionService: stats => 1689280181333,-1203124,3597
07-13 22:29:41.335 10472 10496 I BatteryMgr:DataCollectionService: stats => 1689280181335,-1203124,3597
07-13 22:29:41.338 10472 10496 I BatteryMgr:DataCollectionService: stats => 1689280181338,-1203124,3597
07-13 22:29:41.341 10472 10496 I BatteryMgr:DataCollectionService: stats => 1689280181341,-1203124,3597
07-13 22:29:41.343 10472 10496 I BatteryMgr:DataCollectionService: stats => 1689280181343,-1203124,3597
07-13 22:29:41.345 10472 10496 I BatteryMgr:DataCollectionService: stats => 1689280181345,-1203124,3597
07-13 22:29:41.348 10472 10496 I BatteryMgr:DataCollectionService: stats => 1689280181348,-1203124,3597
07-13 22:29:41.350 10472 10496 I BatteryMgr:DataCollectionService: stats => 1689280181350,-1203124,3597
07-13 22:29:41.353 10472 10496 I BatteryMgr:DataCollectionService: stats => 1689280181353,-1203124,3597
07-13 22:29:41.356 10472 10496 I BatteryMgr:DataCollectionService: stats => 1689280181356,-1203124,3597
07-13 22:29:41.358 10472 10496 I BatteryMgr:DataCollectionService: stats => 1689280181358,-1203124,3597
07-13 22:29:41.361 10472 10496 I BatteryMgr:DataCollectionService: stats => 1689280181361,-1203124,3597
07-13 22:29:41.363 10472 10496 I BatteryMgr:DataCollectionService: stats => 1689280181363,-1209960,3597
07-13 22:29:41.365 10472 10496 I BatteryMgr:DataCollectionService: stats => 1689280181365,-1209960,3597
07-13 22:29:41.367 10472 10496 I BatteryMgr:DataCollectionService: stats => 1689280181367,-1209960,3597
07-13 22:29:41.369 10472 10496 I BatteryMgr:DataCollectionService: stats => 1689280181369,-1209960,3597
07-13 22:29:41.372 10472 10496 I BatteryMgr:DataCollectionService: stats => 1689280181372,-1209960,3597
07-13 22:29:41.374 10472 10496 I BatteryMgr:DataCollectionService: stats => 1689280181374,-1209960,3597
07-13 22:29:41.376 10472 10496 I BatteryMgr:DataCollectionService: stats => 1689280181376,-1209960,3597
07-13 22:29:41.378 10472 10496 I BatteryMgr:DataCollectionService: stats => 1689280181378,-1209960,3597
07-13 22:29:41.383 10472 10496 I BatteryMgr:DataCollectionService: stats => 1689280181383,-1209960,3597
07-13 22:29:41.385 10472 10496 I BatteryMgr:DataCollectionService: stats => 1689280181385,-1209960,3597
07-13 22:29:41.388 10472 10496 I BatteryMgr:DataCollectionService: stats => 1689280181388,-1209960,3597
07-13 22:29:41.390 10472 10496 I BatteryMgr:DataCollectionService: stats => 1689280181390,-1209960,3597
07-13 22:29:41.395 10472 10496 I BatteryMgr:DataCollectionService: stats => 1689280181395,-1209960,3597
07-13 22:29:41.398 10472 10496 I BatteryMgr:DataCollectionService: stats => 1689280181398,-1209960,3597
07-13 22:29:41.400 10472 10496 I BatteryMgr:DataCollectionService: stats => 1689280181400,-1209960,3597
07-13 22:29:41.402 10472 10496 I BatteryMgr:DataCollectionService: stats => 1689280181402,-1209960,3597
07-13 22:29:41.405 10472 10496 I BatteryMgr:DataCollectionService: stats => 1689280181405,-1209960,3597
07-13 22:29:41.407 10472 10496 I BatteryMgr:DataCollectionService: stats => 1689280181407,-1209960,3597
07-13 22:29:41.409 10472 10496 I BatteryMgr:DataCollectionService: stats => 1689280181409,-1209960,3597
07-13 22:29:41.411 10472 10496 I BatteryMgr:DataCollectionService: stats => 1689280181411,-1209960,3597
07-13 22:29:41.413 10472 10496 I BatteryMgr:DataCollectionService: stats => 1689280181413,-1209960,3597
07-13 22:29:41.415 10472 10496 I BatteryMgr:DataCollectionService: stats => 1689280181415,-1209960,3597
07-13 22:29:41.418 10472 10496 I BatteryMgr:DataCollectionService: stats => 1689280181418,-1209960,3597
07-13 22:29:41.421 10472 10496 I BatteryMgr:DataCollectionService: stats => 1689280181421,-1209960,3597
07-13 22:29:41.423 10472 10496 I BatteryMgr:DataCollectionService: stats => 1689280181423,-1209960,3597
07-13 22:29:41.425 10472 10496 I BatteryMgr:DataCollectionService: stats => 1689280181425,-1209960,3597
07-13 22:29:41.427 10472 10496 I BatteryMgr:DataCollectionService: stats => 1689280181427,-1209960,3597
07-13 22:29:41.429 10472 10496 I BatteryMgr:DataCollectionService: stats => 1689280181429,-1209960,3597
07-13 22:29:41.432 10472 10496 I BatteryMgr:DataCollectionService: stats => 1689280181432,-1209960,3597
07-13 22:29:41.434 10472 10496 I BatteryMgr:DataCollectionService: stats => 1689280181434,-1209960,3597
07-13 22:29:41.437 10472 10496 I BatteryMgr:DataCollectionService: stats => 1689280181437,-1209960,3597
07-13 22:29:41.440 10472 10496 I BatteryMgr:DataCollectionService: stats => 1689280181440,-1209960,3597
07-13 22:29:41.442 10472 10496 I BatteryMgr:DataCollectionService: stats => 1689280181442,-1209960,3597
07-13 22:29:41.444 10472 10496 I BatteryMgr:DataCollectionService: stats => 1689280181444,-1209960,3597
07-13 22:29:41.446 10472 10496 I BatteryMgr:DataCollectionService: stats => 1689280181446,-1209960,3597
07-13 22:29:41.449 10472 10496 I BatteryMgr:DataCollectionService: stats => 1689280181449,-1209960,3597
07-13 22:29:41.451 10472 10496 I BatteryMgr:DataCollectionService: stats => 1689280181451,-1209960,3597
07-13 22:29:41.453 10472 10496 I BatteryMgr:DataCollectionService: stats => 1689280181453,-1209960,3597
07-13 22:29:41.455 10472 10496 I BatteryMgr:DataCollectionService: stats => 1689280181455,-1209960,3597
07-13 22:29:41.457 10472 10496 I BatteryMgr:DataCollectionService: stats => 1689280181457,-1209960,3597
07-13 22:29:41.461 10472 10496 I BatteryMgr:DataCollectionService: stats => 1689280181461,-1209960,3597
07-13 22:29:41.464 10472 10496 I BatteryMgr:DataCollectionService: stats => 1689280181464,-1209960,3597
