06-11 22:34:49.116 19421 20148 I Finsky  : [224] jqa.h(1): Completed 0 account content syncs with 0 successful.
06-11 22:34:49.117 19421 19421 I Finsky  : [2] ContentSyncJob.a(1): [ContentSync] Installation state replication succeeded.
06-11 22:34:49.118 19421 19421 I Finsky  : [2] yth.r(4): SCH: jobFinished: 12-1. TimeElapsed: 423ms.
06-11 22:34:49.141 19421 19461 I Finsky  : [150] ybq.accept(38): SCH: Scheduling phonesky job Id: 1-1337, CT: 1686479603524, Constraints: [{ L: 43179202, D: 86379202, C: 1, I: 1, N: 1 }]
06-11 22:34:49.144 19421 19456 I Finsky  : [146] ydr.apply(51): SCH: Scheduling 1 system job(s)
06-11 22:34:49.145 19421 19456 I Finsky  : [146] ytg.d(19): SCH: Scheduling system job Id: 9579, L: 7093582, D: 50293582, C: false, I: false, N: 1
06-11 22:34:49.150 19421 20146 I Finsky  : [222] yut.a(16): SCH: job service finished with id 9569.
06-11 22:34:49.917 20028 20137 I BatteryMgr:DataCollectionService: stats => 1686515689917,109375,4307
06-11 22:34:50.497  1917  2394 D ConnectivityService: NetReassign [no changes] [c 1] [a 0] [i 5]
06-11 22:34:50.935 20028 20137 I BatteryMgr:DataCollectionService: stats => 1686515690935,141562,4307
06-11 22:34:51.878  7595 18849 I CastDatabase: Saving the database
06-11 22:34:51.887  7595 18849 I SQLiteCastStore: [CastNetworkInfo] saved: 0, skipped: 0, [CastDeviceInfo]: saved 0, skipped 0, [Paired Guest Mode DeviceInfo] saved: 0, skipped: 0. [ProbedNetworks]: saved 0, skipped: 0, [ProbedSocketAddress]: saved 0, skipped: 0, [Network-Device pairs]: saved: 0
06-11 22:34:51.950 20028 20137 I BatteryMgr:DataCollectionService: stats => 1686515691950,100312,4307
06-11 22:34:51.982  1917  1917 W NotificationHistory: Attempted to add notif for locked/gone/disabled user 0
06-11 22:34:51.988  3794  4498 W AiAiEcho: SmartspaceNotificationPredictor no parser can handle this notification or notification is invalid
06-11 22:34:51.999  1539  1635 D NuPlayerDriver: NuPlayerDriver(0xf3201370) created, clientPid(2553)
06-11 22:34:52.000  2553  2553 D InterruptionStateProvider: No bubble up: not allowed to bubble: 0|com.example.batterymanager_utility|1|null|10232
06-11 22:34:52.000  2553  2553 D InterruptionStateProvider: No heads up: unimportant notification: 0|com.example.batterymanager_utility|1|null|10232
06-11 22:34:52.001  2553  2615 D PeopleSpaceWidgetMgr: Sbn doesn't contain valid PeopleTileKey: null/0/com.example.batterymanager_utility
06-11 22:34:52.012  1539 20153 D GenericSource: FileSource remote
06-11 22:34:52.026  1917  4568 I MediaFocusControl: requestAudioFocus() from uid/pid 10195/2553 AA=USAGE_NOTIFICATION/CONTENT_TYPE_SONIFICATION clientId=android.media.AudioManager@ce0905c callingPack=com.android.systemui req=3 flags=0x0 sdk=31
06-11 22:34:52.027  1917  4568 I AudioService.FadeOutManager: unfadeOutUid() uid:10195
06-11 22:34:52.532  1539 20152 I GenericSource: start
06-11 22:34:52.537  2553  2553 D MediaRouter: onRestoreRoute() : route=RouteInfo{ name=Phone, description=null, status=null, category=RouteCategory{ name=System types=ROUTE_TYPE_LIVE_AUDIO ROUTE_TYPE_LIVE_VIDEO  groupable=false }, supportedTypes=ROUTE_TYPE_LIVE_AUDIO ROUTE_TYPE_LIVE_VIDEO , presentationDisplay=null }
06-11 22:34:52.538  2553  2553 V MediaRouter: Selecting route: RouteInfo{ name=Phone, description=null, status=null, category=RouteCategory{ name=System types=ROUTE_TYPE_LIVE_AUDIO ROUTE_TYPE_LIVE_VIDEO  groupable=false }, supportedTypes=ROUTE_TYPE_LIVE_AUDIO ROUTE_TYPE_LIVE_VIDEO , presentationDisplay=null }
06-11 22:34:52.547  1539 20157 D CCodec  : allocate(c2.android.vorbis.decoder)
06-11 22:34:52.552  1539 20157 I CCodec  : setting up 'default' as default (vendor) store
06-11 22:34:52.553  1548  2603 V C2Store : in init
06-11 22:34:52.553  1548  2603 V C2Store : loading dll
06-11 22:34:52.563  1539 20157 I CCodec  : Created component [c2.android.vorbis.decoder]
06-11 22:34:52.563  1539 20157 D CCodecConfig: read media type: audio/vorbis
06-11 22:34:52.569  1539 20157 D ReflectedParamUpdater: extent() != 1 for single value type: algo.buffers.max-count.values
06-11 22:34:52.571  1539 20157 D ReflectedParamUpdater: extent() != 1 for single value type: output.subscribed-indices.values
06-11 22:34:52.572  1539 20157 D ReflectedParamUpdater: extent() != 1 for single value type: input.buffers.allocator-ids.values
06-11 22:34:52.572  1539 20157 D ReflectedParamUpdater: extent() != 1 for single value type: output.buffers.allocator-ids.values
06-11 22:34:52.573  1539 20157 D ReflectedParamUpdater: extent() != 1 for single value type: algo.buffers.allocator-ids.values
06-11 22:34:52.573  1539 20157 D ReflectedParamUpdater: extent() != 1 for single value type: output.buffers.pool-ids.values
06-11 22:34:52.573  1539 20157 D ReflectedParamUpdater: extent() != 1 for single value type: algo.buffers.pool-ids.values
06-11 22:34:52.579  1539 20157 I CCodecConfig: query failed after returning 7 values (BAD_INDEX)
06-11 22:34:52.580  1539 20157 D CCodecConfig: c2 config diff is Dict {
06-11 22:34:52.580  1539 20157 D CCodecConfig:   c2::u32 coded.bitrate.value = 64000
06-11 22:34:52.580  1539 20157 D CCodecConfig:   c2::u32 input.buffers.max-size.value = 32768
06-11 22:34:52.580  1539 20157 D CCodecConfig:   c2::u32 input.delay.value = 0
06-11 22:34:52.580  1539 20157 D CCodecConfig:   string input.media-type.value = "audio/vorbis"
06-11 22:34:52.580  1539 20157 D CCodecConfig:   string output.media-type.value = "audio/raw"
06-11 22:34:52.580  1539 20157 D CCodecConfig:   c2::u32 raw.channel-count.value = 1
06-11 22:34:52.580  1539 20157 D CCodecConfig:   c2::u32 raw.sample-rate.value = 48000
06-11 22:34:52.580  1539 20157 D CCodecConfig: }
06-11 22:34:52.585  1539 20157 D CCodec  : [c2.android.vorbis.decoder] buffers are bound to CCodec for this session
06-11 22:34:52.585  1539 20157 D CCodecConfig: no c2 equivalents for durationUs
06-11 22:34:52.585  1539 20157 D CCodecConfig: no c2 equivalents for csd-1
06-11 22:34:52.585  1539 20157 D CCodecConfig: no c2 equivalents for channel-mask
06-11 22:34:52.585  1539 20157 D CCodecConfig: no c2 equivalents for flags
06-11 22:34:52.587  1539 20157 D CCodecConfig: c2 config diff is   c2::u32 coded.bitrate.value = 120000
06-11 22:34:52.590  1539 20157 W Codec2Client: query -- param skipped: index = 1107298332.
06-11 22:34:52.590  1539 20157 D CCodec  : setup formats input: AMessage(what = 0x00000000) = {
06-11 22:34:52.590  1539 20157 D CCodec  :   int32_t bitrate = 120000
06-11 22:34:52.590  1539 20157 D CCodec  :   int32_t channel-count = 1
06-11 22:34:52.590  1539 20157 D CCodec  :   int32_t max-input-size = 32768
06-11 22:34:52.590  1539 20157 D CCodec  :   string mime = "audio/vorbis"
06-11 22:34:52.590  1539 20157 D CCodec  :   int32_t sample-rate = 48000
06-11 22:34:52.590  1539 20157 D CCodec  : }
06-11 22:34:52.590  1539 20157 D CCodec  : setup formats output: AMessage(what = 0x00000000) = {
06-11 22:34:52.590  1539 20157 D CCodec  :   int32_t channel-count = 1
06-11 22:34:52.590  1539 20157 D CCodec  :   string mime = "audio/raw"
06-11 22:34:52.590  1539 20157 D CCodec  :   int32_t sample-rate = 48000
06-11 22:34:52.590  1539 20157 D CCodec  :   int32_t channel-mask = 1
06-11 22:34:52.590  1539 20157 D CCodec  : }
06-11 22:34:52.591  1539 20157 I CCodecConfig: query failed after returning 7 values (BAD_INDEX)
06-11 22:34:52.592  1539 20157 I MediaCodec: MediaCodec will operate in async mode
06-11 22:34:52.592  1539 20156 D MediaCodec: keep callback message for reclaim
06-11 22:34:52.593  1539 20157 W Codec2Client: query -- param skipped: index = 1342179345.
06-11 22:34:52.594  1539 20157 W Codec2Client: query -- param skipped: index = 2415921170.
06-11 22:34:52.597  1539 20157 D CCodecBufferChannel: [c2.android.vorbis.decoder#897] Created input block pool with allocatorID 16 => poolID 272 - OK (0)
06-11 22:34:52.598  1548  4418 D BufferPoolAccessor2.0: bufferpool2 0x7bf5a55568 : 0(0 size) total buffers - 0(0 size) used buffers - 128/131 (recycle/alloc) - 3/130 (fetch/transfer)
06-11 22:34:52.599  1548  4418 D BufferPoolAccessor2.0: Destruction - bufferpool2 0x7bf5a55568 cached: 0/0M, 0/0% in use; allocs: 131, 98% recycled; transfers: 130, 98% unfetched
06-11 22:34:52.601  1539 15018 D BufferPoolAccessor2.0: bufferpool2 0xef2406e8 : 0(0 size) total buffers - 0(0 size) used buffers - 128/136 (recycle/alloc) - 8/266 (fetch/transfer)
06-11 22:34:52.601  1539 15018 D BufferPoolAccessor2.0: Destruction - bufferpool2 0xef2406e8 cached: 0/0M, 0/0% in use; allocs: 136, 94% recycled; transfers: 266, 97% unfetched
06-11 22:34:52.601  1539 20157 I CCodecBufferChannel: [c2.android.vorbis.decoder#897] Created output block pool with allocatorID 16 => poolID 277 - OK
06-11 22:34:52.602  1539 20157 D CCodecBufferChannel: [c2.android.vorbis.decoder#897] Configured output block pool ids 277 => OK
06-11 22:34:52.607  1548 20159 D SimpleC2Component: Using output block pool with poolID 277 => got 277 - 0
06-11 22:34:52.628  1361 23238 D AudioFlinger: Client defaulted notificationFrames to 12000 for frameCount 24000
06-11 22:34:52.632  1361 23238 D AF::TrackHandle: OpPlayAudio: track:331 usage:5 not muted
06-11 22:34:52.648  1296  2407 I EffectsFactory: EffectCreate() create_effect
06-11 22:34:52.681  1296  1419 D audio_hw_primary: out_set_parameters: enter: usecase(1: low-latency-playback) kvpairs: routing=4194304
06-11 22:34:52.693  1296  3654 D audio_hw_primary: select_devices_with_force_switch: changing use case low-latency-playback output device from(2: speaker, acdb 513) to (4: speaker-safe, acdb 514)
06-11 22:34:52.693  1296  3654 D audio_route: Apply path: speaker-safe
06-11 22:34:52.696  1296  3654 D audio_hw_primary: enable_snd_device: snd_device(104: vi-feedback)
06-11 22:34:52.697  1296  3654 D audio_route: Apply path: vi-feedback
06-11 22:34:52.697  1296  3654 E audio_hw_utils: audio_extn_utils_send_app_type_cfg: Failed to derive app_type for uc type : 0x1
06-11 22:34:52.697  1296  3654 D ACDB-LOADER: ACDB -> send_audio_cal, acdb_id = 512, path = 1, app id = 0x11132, sample rate = 48000
06-11 22:34:52.697  1296  3654 D ACDB-LOADER: ACDB -> send_asm_topology
06-11 22:34:52.697  1296  3654 D ACDB-LOADER: ACDB -> ACDB_CMD_GET_AUDPROC_STREAM_TOPOLOGY_ID
06-11 22:34:52.697  1296  3654 D ACDB-LOADER: ACDB -> send_adm_topology
06-11 22:34:52.697  1296  3654 D ACDB-LOADER: ACDB -> ACDB_CMD_GET_AUDPROC_COMMON_TOPOLOGY_ID
06-11 22:34:52.697  1296  3654 D ACDB-LOADER: ACDB -> send_audtable
06-11 22:34:52.697  1296  3654 D ACDB-LOADER: ACDB -> ACDB_CMD_GET_AUDPROC_COMMON_TABLE_SIZE
06-11 22:34:52.697  1296  3654 D ACDB-LOADER: ACDB -> ACDB_CMD_GET_AUDPROC_COMMON_TABLE
06-11 22:34:52.697  1296  3654 D ACDB-LOADER: ACDB -> AUDIO_SET_AUDPROC_CAL
06-11 22:34:52.697  1296  3654 D ACDB-LOADER: ACDB -> send_audvoltable
06-11 22:34:52.697  1296  3654 D ACDB-LOADER: ACDB -> ACDB_CMD_GET_AUDPROC_VOL_STEP_TABLE_SIZE
06-11 22:34:52.697  1296  3654 D ACDB-LOADER: ACDB -> ACDB_CMD_GET_AUDPROC_GAIN_DEP_STEP_TABLE, vol index 0
06-11 22:34:52.697  1296  3654 D android.hardware.audio.service: Failed to fetch the lookup information of the device 00000200 
06-11 22:34:52.697  1296  3654 E ACDB-LOADER: Error: ACDB AudProc vol returned = -19
06-11 22:34:52.697  1296  3654 D ACDB-LOADER: ACDB -> AUDIO_SET_VOL_CAL cal type = 12
06-11 22:34:52.697  1296  3654 D ACDB-LOADER: ACDB -> ACDB_CMD_GET_AUDPROC_STREAM_TABLE_SIZE
06-11 22:34:52.697  1296  3654 D ACDB-LOADER: ACDB -> send_audstrmtable
06-11 22:34:52.697  1296  3654 D ACDB-LOADER: ACDB -> ACDB_CMD_GET_AUDPROC_STREAM_TABLE_V2
06-11 22:34:52.697  1296  3654 D ACDB-LOADER: ACDB -> audstrm_cal->cal_type.cal_data.cal_size = 16
06-11 22:34:52.697  1296  3654 D ACDB-LOADER: ACDB -> send_afe_topology
06-11 22:34:52.697  1296  3654 D ACDB-LOADER: ACDB -> ACDB_CMD_GET_AFE_TOPOLOGY_ID
06-11 22:34:52.697  1296  3654 D ACDB-LOADER: ACDB -> GET_AFE_TOPOLOGY_ID for adcd_id 512, Topology Id 10001ccc
06-11 22:34:52.698  1296  3654 D ACDB-LOADER: ACDB -> send_afe_cal
06-11 22:34:52.698  1296  3654 D ACDB-LOADER: ACDB -> ACDB_CMD_GET_AFE_COMMON_TABLE_SIZE
06-11 22:34:52.698  1296  3654 D ACDB-LOADER: ACDB -> ACDB_CMD_GET_AFE_COMMON_TABLE
06-11 22:34:52.698  1296  3654 D ACDB-LOADER: ACDB -> AUDIO_SET_AFE_CAL
06-11 22:34:52.698  1296  3654 D ACDB-LOADER: ACDB -> send_hw_delay : acdb_id = 512 path = 1
06-11 22:34:52.698  1296  3654 D ACDB-LOADER: ACDB -> ACDB_AVSYNC_INFO: ACDB_CMD_GET_DEVICE_PROPERTY
06-11 22:34:52.698  1296  3654 D audio_hw_primary: enable_audio_route: usecase(25) apply and update mixer path: spkr-vi-record vi-feedback
06-11 22:34:52.698  1296  3654 D audio_route: Apply path: spkr-vi-record vi-feedback
06-11 22:34:52.741  1296  3654 D msm8974_platform: Setting audio calibration for snd_device(4) acdb_id(514)
06-11 22:34:52.741  1296  3654 E ACDB-LOADER: [acdb_loader_adsp_set_audio_cal] active device/stream not found (result=-100) for topology 0x1000dffb and apptype 0x11130
06-11 22:34:52.741  1296  3654 E ACDB-LOADER: [acdb_loader_adsp_set_audio_cal] set parameters failed with status -100
06-11 22:34:52.742  1296  3654 D msm8974_platform: Setting audio calibration for snd_device(4) acdb_id(514)
06-11 22:34:52.742  1296  3654 D audio_hw_waves: print_state_log: send volume table -(0,0.000000,F),(1,0.000000,F),(2,0.000000,F),(3,0.000000,F),(4,0.000000,F),(5,0.000000,T)
06-11 22:34:52.742  1296  3654 D ACDB-LOADER: ACDB -> send_audio_cal, acdb_id = 514, path = 0, app id = 0x11130, sample rate = 48000
06-11 22:34:52.743  1296  3654 D ACDB-LOADER: ACDB -> send_asm_topology
06-11 22:34:52.743  1296  3654 D ACDB-LOADER: ACDB -> ACDB_CMD_GET_AUDPROC_STREAM_TOPOLOGY_ID
06-11 22:34:52.743  1296  3654 D ACDB-LOADER: ACDB -> send_adm_topology
06-11 22:34:52.743  1296  3654 D ACDB-LOADER: ACDB -> ACDB_CMD_GET_AUDPROC_COMMON_TOPOLOGY_ID
06-11 22:34:52.743  1296  3654 D ACDB-LOADER: ACDB -> send_audtable
06-11 22:34:52.743  1296  3654 D ACDB-LOADER: ACDB -> ACDB_CMD_GET_AUDPROC_COMMON_TABLE_SIZE
06-11 22:34:52.743  1296  3654 D ACDB-LOADER: ACDB -> ACDB_CMD_GET_AUDPROC_COMMON_TABLE
06-11 22:34:52.743  1296  3654 D ACDB-LOADER: ACDB -> AUDIO_SET_AUDPROC_CAL
06-11 22:34:52.743  1296  3654 D ACDB-LOADER: ACDB -> send_audvoltable
06-11 22:34:52.743  1296  3654 D ACDB-LOADER: ACDB -> ACDB_CMD_GET_AUDPROC_VOL_STEP_TABLE_SIZE
06-11 22:34:52.743  1296  3654 D ACDB-LOADER: ACDB -> ACDB_CMD_GET_AUDPROC_GAIN_DEP_STEP_TABLE, vol index 0
06-11 22:34:52.743  1296  3654 D android.hardware.audio.service: Failed to fetch the lookup information of the device 00000202 
06-11 22:34:52.743  1296  3654 E ACDB-LOADER: Error: ACDB AudProc vol returned = -19
06-11 22:34:52.743  1296  3654 D ACDB-LOADER: ACDB -> AUDIO_SET_VOL_CAL cal type = 12
06-11 22:34:52.743  1296  3654 D ACDB-LOADER: ACDB -> ACDB_CMD_GET_AUDPROC_STREAM_TABLE_SIZE
06-11 22:34:52.743  1296  3654 D ACDB-LOADER: ACDB -> send_audstrmtable
06-11 22:34:52.743  1296  3654 D ACDB-LOADER: ACDB -> ACDB_CMD_GET_AUDPROC_STREAM_TABLE_V2
06-11 22:34:52.743  1296  3654 D ACDB-LOADER: ACDB -> audstrm_cal->cal_type.cal_data.cal_size = 456
06-11 22:34:52.743  1296  3654 D ACDB-LOADER: ACDB -> send_afe_topology
06-11 22:34:52.743  1296  3654 D ACDB-LOADER: ACDB -> ACDB_CMD_GET_AFE_TOPOLOGY_ID
06-11 22:34:52.743  1296  3654 D ACDB-LOADER: ACDB -> GET_AFE_TOPOLOGY_ID for adcd_id 514, Topology Id 10000ccc
06-11 22:34:52.743  1296  3654 D ACDB-LOADER: ACDB -> send_afe_cal
06-11 22:34:52.743  1296  3654 D ACDB-LOADER: ACDB -> ACDB_CMD_GET_AFE_COMMON_TABLE_SIZE
06-11 22:34:52.743  1296  3654 D ACDB-LOADER: ACDB -> ACDB_CMD_GET_AFE_COMMON_TABLE
06-11 22:34:52.743  1296  3654 D ACDB-LOADER: ACDB -> AUDIO_SET_AFE_CAL
06-11 22:34:52.743  1296  3654 D ACDB-LOADER: ACDB -> send_hw_delay : acdb_id = 514 path = 0
06-11 22:34:52.743  1296  3654 D ACDB-LOADER: ACDB -> ACDB_AVSYNC_INFO: ACDB_CMD_GET_DEVICE_PROPERTY
06-11 22:34:52.743  1296  3654 D audio_hw_primary: enable_audio_route: usecase(1) apply and update mixer path: low-latency-playback speaker
06-11 22:34:52.743  1296  3654 D audio_route: Apply path: low-latency-playback speaker
06-11 22:34:52.806  1296  3654 D audio_hw_primary: out_write: retry previous failed cal level set
06-11 22:34:52.828  1296  1419 D audio_hw_waves: print_state_log: send volume table -(0,0.000000,F),(1,0.000000,F),(2,0.000000,F),(3,0.000000,F),(4,0.000000,F),(5,0.302643,T)
06-11 22:34:52.835 15483 15483 D BoundBrokerSvc: onUnbind: Intent { act=com.google.android.gms.inappreach.service.START dat=chimera-action: cmp=com.google.android.gms/.chimera.GmsApiService }
06-11 22:34:52.962 20028 20137 I BatteryMgr:DataCollectionService: stats => 1686515692962,264062,4307
06-11 22:34:53.536  1917  2394 D ConnectivityService: NetReassign [no changes] [c 0] [a 1] [i 5]
06-11 22:34:53.846  1539 20157 D CCodecBufferChannel: [c2.android.vorbis.decoder#897] buffers after EOS ignored (0 us)
06-11 22:34:53.847  1539 20157 D CCodecBufferChannel: [c2.android.vorbis.decoder#897] buffers after EOS ignored (0 us)
06-11 22:34:53.975 20028 20137 I BatteryMgr:DataCollectionService: stats => 1686515693975,190000,4307
06-11 22:34:54.093  1539 20155 D AudioTrack: stop(346): called with 76269 frames delivered
06-11 22:34:54.167 19421 19429 W android.vendin: Suspending all threads took: 9.034ms
06-11 22:34:54.479  1917  4568 I MediaFocusControl: abandonAudioFocus() from uid/pid 10195/2553 clientId=android.media.AudioManager@ce0905c
06-11 22:34:54.479  2553 20150 V MediaPlayer: resetDrmState:  mDrmInfo=null mDrmProvisioningThread=null mPrepareDrmInProgress=false mActiveDrmScheme=false
06-11 22:34:54.480  2553 20150 V MediaPlayer: cleanDrmObj: mDrmObj=null mDrmSessionId=null
06-11 22:34:54.480  1539 15015 D NuPlayerDriver: reset(0xf3201370) at state 6
06-11 22:34:54.488  1539 20157 I hw-BpHwBinder: onLastStrongRef automatically unlinking death recipients
06-11 22:34:54.488  1548  1706 I hw-BpHwBinder: onLastStrongRef automatically unlinking death recipients
06-11 22:34:54.488  1548  1706 I hw-BpHwBinder: onLastStrongRef automatically unlinking death recipients
06-11 22:34:54.489  1548  1706 V C2Store : in ~ComponentModule
06-11 22:34:54.489  1548  1706 V C2Store : unloading dll
06-11 22:34:54.493  1296  1419 D audio_hw_waves: print_state_log: send volume table -(0,0.000000,F),(1,0.000000,F),(2,0.000000,F),(3,0.000000,F),(4,0.000000,F),(5,0.000000,F)
06-11 22:34:54.495  1539 20152 D NuPlayerDriver: notifyResetComplete(0xf3201370)
06-11 22:34:54.496  1539 15015 W AMessage: failed to post message as target looper for handler 0 is gone.
06-11 22:34:54.988 20028 20137 I BatteryMgr:DataCollectionService: stats => 1686515694988,140937,4307
06-11 22:34:55.995 20028 20137 I BatteryMgr:DataCollectionService: stats => 1686515695995,113437,4307
06-11 22:34:56.553  1917  2394 D ConnectivityService: NetReassign [no changes] [c 0] [a 1] [i 5]
06-11 22:34:57.006 20028 20137 I BatteryMgr:DataCollectionService: stats => 1686515697006,217500,4307
06-11 22:34:57.479  1296  2407 D audio_hw_primary: disable_audio_route: usecase(1) reset and update mixer path: low-latency-playback speaker
06-11 22:34:57.482  1296  2407 I audio_hw_cirrus_playback: audio_extn_spkr_prot_stop_processing: pcm_tx_close
06-11 22:34:57.492  1296  2407 D audio_hw_primary: disable_audio_route: usecase(25) reset and update mixer path: spkr-vi-record vi-feedback
06-11 22:34:57.492  1296  2407 D audio_hw_primary: disable_snd_device: snd_device(104: vi-feedback)
06-11 22:34:57.606  1539 14959 D BufferPoolAccessor2.0: evictor expired: 1, evicted: 0
06-11 22:34:57.606  1548  2594 D BufferPoolAccessor2.0: evictor expired: 1, evicted: 0
06-11 22:34:58.015 20028 20137 I BatteryMgr:DataCollectionService: stats => 1686515698015,164375,4307
06-11 22:34:59.042 20028 20137 I BatteryMgr:DataCollectionService: stats => 1686515699042,106562,4307
06-11 22:34:59.587  1917  2394 D ConnectivityService: NetReassign [no changes] [c 0] [a 1] [i 5]
06-11 22:34:59.614  1539 14959 D BufferPoolAccessor2.0: bufferpool2 0xef240028 : 0(0 size) total buffers - 0(0 size) used buffers - 90/98 (recycle/alloc) - 8/188 (fetch/transfer)
06-11 22:34:59.614  1548  2594 D BufferPoolAccessor2.0: bufferpool2 0x7bf5a60e68 : 0(0 size) total buffers - 0(0 size) used buffers - 89/92 (recycle/alloc) - 3/91 (fetch/transfer)
06-11 22:34:59.614  1548  2594 D BufferPoolAccessor2.0: evictor expired: 1, evicted: 1
06-11 22:34:59.614  1539 14959 D BufferPoolAccessor2.0: evictor expired: 1, evicted: 1
06-11 22:35:00.020  3794  4102 I AiAiEcho: Predicting[7]: { Feature:1, creation:2023-06-11T20:03:49.865Z, expiry:2023-06-11T21:00:00Z, isExpired: false}, { Feature:1, creation:2023-06-11T21:00:00Z, expiry:2023-06-11T22:00:00Z, isExpired: true}, { Feature:1, creation:2023-06-11T22:00:00Z, expiry:2023-06-11T23:00:00Z, isExpired: true}, { Feature:1, creation:2023-06-11T23:00:00Z, expiry:2023-06-12T00:00:00Z, isExpired: true}, { Feature:1, creation:2023-06-12T00:00:00Z, expiry:2023-06-12T01:00:00Z, isExpired: true}, { Feature:1, creation:2023-06-12T01:00:00Z, expiry:2023-06-12T02:00:00Z, isExpired: true}, { Feature:1, creation:2023-06-12T02:00:00Z, expiry:2023-06-12T02:03:49.865Z, isExpired: true}
06-11 22:35:00.022  3794  4102 I AiAiEcho: EchoTargets: Feature:1
06-11 22:35:00.022  3794  4102 I AiAiEcho: Filtered by AiAi flag check: 
06-11 22:35:00.023  3794  4102 I AiAiEcho: Ranked targets strategy: WEIGHTED, count: 1, ranking metadata: { cardId: WEATHER-569377243, card type: 1, update time: 2023-06-11T20:03:49.865Z, expiration time: 2023-06-11T21:00:00Z, ranking metadata: RankingMetaData(urgency=0.447, priority=0.3, recency=1.0, rankScore=0.1341, importantTimePoints=# kwj@7bca4) }
06-11 22:35:00.027  3794  4102 I AiAiEcho: #postPredictionTargets: Sending updates to UISurface lockscreen with targets# 1 (types=[1])
06-11 22:35:00.035  2553  2553 W BcSmartspaceCard: No title view to update
06-11 22:35:00.050 20028 20137 I BatteryMgr:DataCollectionService: stats => 1686515700050,98125,4307
06-11 22:35:01.069 20028 20137 I BatteryMgr:DataCollectionService: stats => 1686515701068,94062,4307
06-11 22:35:02.090 20028 20137 I BatteryMgr:DataCollectionService: stats => 1686515702089,83750,4307
06-11 22:35:02.635  1917  2394 D ConnectivityService: NetReassign [no changes] [c 1] [a 0] [i 5]
06-11 22:35:03.123 20028 20137 I BatteryMgr:DataCollectionService: stats => 1686515703122,90000,4307
06-11 22:35:04.152 20028 20137 I BatteryMgr:DataCollectionService: stats => 1686515704152,149062,4307
06-11 22:35:05.177 20028 20137 I BatteryMgr:DataCollectionService: stats => 1686515705177,76562,4307
06-11 22:35:05.659  1917  2394 D ConnectivityService: NetReassign [no changes] [c 0] [a 0] [i 5]
06-11 22:35:06.209 20028 20137 I BatteryMgr:DataCollectionService: stats => 1686515706209,169062,4307
06-11 22:35:06.920  1917  2348 W ProcessStats: Tracking association SourceState{329dbb7 system/1000 BTopFgs #112580} whose proc state 2 is better than process ProcessState{9cdae9d com.google.android.gms.persistent/10125 pkg=com.google.android.gms} proc state 3 (55 skipped)
06-11 22:35:07.227 20028 20137 I BatteryMgr:DataCollectionService: stats => 1686515707227,151562,4307
06-11 22:35:08.254 20028 20137 I BatteryMgr:DataCollectionService: stats => 1686515708254,95937,4307
06-11 22:35:08.702  1917  2394 D ConnectivityService: NetReassign [no changes] [c 0] [a 1] [i 4]
06-11 22:35:09.281 20028 20137 I BatteryMgr:DataCollectionService: stats => 1686515709281,130625,4307
06-11 22:35:10.308 20028 20137 I BatteryMgr:DataCollectionService: stats => 1686515710308,107500,4307
06-11 22:35:11.326 20028 20137 I BatteryMgr:DataCollectionService: stats => 1686515711326,100000,4307
06-11 22:35:11.744  1917  2394 D ConnectivityService: NetReassign [no changes] [c 1] [a 0] [i 5]
06-11 22:35:12.336 20028 20137 I BatteryMgr:DataCollectionService: stats => 1686515712336,119062,4307
06-11 22:35:13.368 20028 20137 I BatteryMgr:DataCollectionService: stats => 1686515713368,129687,4307
06-11 22:35:14.401 20028 20137 I BatteryMgr:DataCollectionService: stats => 1686515714401,100000,4307
06-11 22:35:14.767  1917  2394 D ConnectivityService: NetReassign [no changes] [c 1] [a 0] [i 5]
06-11 22:35:15.420 20028 20137 I BatteryMgr:DataCollectionService: stats => 1686515715420,171875,4307
06-11 22:35:16.446 20028 20137 I BatteryMgr:DataCollectionService: stats => 1686515716445,128437,4307
06-11 22:35:17.271 20084 20097 W System  : A resource failed to call close. 
06-11 22:35:17.476 20028 20137 I BatteryMgr:DataCollectionService: stats => 1686515717476,133125,4307
06-11 22:35:17.807  1917  2394 D ConnectivityService: NetReassign [no changes] [c 1] [a 0] [i 5]
06-11 22:35:18.508 20028 20137 I BatteryMgr:DataCollectionService: stats => 1686515718508,89375,4307
06-11 22:35:19.529 20028 20137 I BatteryMgr:DataCollectionService: stats => 1686515719529,81250,4307
06-11 22:35:20.559 20028 20137 I BatteryMgr:DataCollectionService: stats => 1686515720559,90937,4307
06-11 22:35:20.847  1917  2394 D ConnectivityService: NetReassign [no changes] [c 0] [a 1] [i 1]
06-11 22:35:21.591 20028 20137 I BatteryMgr:DataCollectionService: stats => 1686515721590,136250,4307
06-11 22:35:22.601 20028 20137 I BatteryMgr:DataCollectionService: stats => 1686515722601,173437,4307
06-11 22:35:23.618 20028 20137 I BatteryMgr:DataCollectionService: stats => 1686515723618,158125,4307
06-11 22:35:23.878  1917  2394 D ConnectivityService: NetReassign [no changes] [c 1] [a 0] [i 5]
06-11 22:35:24.521 19692 19692 I EuiccGoogle: [2] EuiccServiceImpl.onDestroy: onDestroy: EuiccService on destroy.
06-11 22:35:24.522  1917  4923 W ProcessStats: Tracking association SourceState{329dbb7 system/1000 BTopFgs #112582} whose proc state 2 is better than process ProcessState{9cdae9d com.google.android.gms.persistent/10125 pkg=com.google.android.gms} proc state 3 (7 skipped)
06-11 22:35:24.630 20028 20137 I BatteryMgr:DataCollectionService: stats => 1686515724630,110625,4307
06-11 22:35:25.656 20028 20137 I BatteryMgr:DataCollectionService: stats => 1686515725656,147812,4307
06-11 22:35:26.674 20028 20137 I BatteryMgr:DataCollectionService: stats => 1686515726674,89375,4307
06-11 22:35:26.911  1917  2394 D ConnectivityService: NetReassign [no changes] [c 1] [a 0] [i 3]
06-11 22:35:27.701 20028 20137 I BatteryMgr:DataCollectionService: stats => 1686515727700,113750,4307
06-11 22:35:28.730 20028 20137 I BatteryMgr:DataCollectionService: stats => 1686515728730,107187,4307
06-11 22:35:29.750 20028 20137 I BatteryMgr:DataCollectionService: stats => 1686515729750,130312,4307
06-11 22:35:29.944  1917  2394 D ConnectivityService: NetReassign [no changes] [c 1] [a 0] [i 5]
06-11 22:35:30.777 20028 20137 I BatteryMgr:DataCollectionService: stats => 1686515730777,120000,4307
06-11 22:35:31.803 20028 20137 I BatteryMgr:DataCollectionService: stats => 1686515731803,104375,4307
06-11 22:35:32.831 20028 20137 I BatteryMgr:DataCollectionService: stats => 1686515732831,160937,4307
06-11 22:35:32.981  1917  2394 D ConnectivityService: NetReassign [no changes] [c 0] [a 1] [i 5]
06-11 22:35:33.842 20028 20137 I BatteryMgr:DataCollectionService: stats => 1686515733842,163437,4307
06-11 22:35:34.856 20028 20137 I BatteryMgr:DataCollectionService: stats => 1686515734856,153437,4307
06-11 22:35:35.875 20028 20137 I BatteryMgr:DataCollectionService: stats => 1686515735875,69062,4307
06-11 22:35:36.007  1917  2394 D ConnectivityService: NetReassign [no changes] [c 1] [a 0] [i 5]
06-11 22:35:36.892 20028 20137 I BatteryMgr:DataCollectionService: stats => 1686515736892,89687,4307
06-11 22:35:37.912 20028 20137 I BatteryMgr:DataCollectionService: stats => 1686515737912,145312,4307
06-11 22:35:38.937 20028 20137 I BatteryMgr:DataCollectionService: stats => 1686515738937,138437,4307
06-11 22:35:39.050  1917  2394 D ConnectivityService: NetReassign [no changes] [c 1] [a 0] [i 5]
06-11 22:35:39.670  1917  4923 W ProcessStats: Tracking association SourceState{329dbb7 system/1000 BTopFgs #112588} whose proc state 2 is better than process ProcessState{9cdae9d com.google.android.gms.persistent/10125 pkg=com.google.android.gms} proc state 3 (14 skipped)
06-11 22:35:39.959 20028 20137 I BatteryMgr:DataCollectionService: stats => 1686515739959,106562,4307
06-11 22:35:40.994 20028 20137 I BatteryMgr:DataCollectionService: stats => 1686515740994,107187,4307
06-11 22:35:42.022 20028 20137 I BatteryMgr:DataCollectionService: stats => 1686515742022,108437,4307
06-11 22:35:42.071  1917  2394 D ConnectivityService: NetReassign [no changes] [c 1] [a 0] [i 5]
06-11 22:35:42.210 20168 20168 D ProcessState: Binder ioctl to enable oneway spam detection failed: Invalid argument
06-11 22:35:42.220  1917  1917 D CompatibilityChangeReporter: Compat change id reported: 175319604; UID 1000; state: ENABLED
06-11 22:35:42.220  2553 20171 W RingtonePlayer: STOP command without a player
06-11 22:35:42.231  2553  2615 D PeopleSpaceWidgetMgr: Sbn doesn't contain valid PeopleTileKey: null/0/com.example.batterymanager_utility
06-11 22:35:42.236  2553  2553 V ShadeControllerImpl: NotificationShadeWindow: com.android.systemui.statusbar.phone.NotificationShadeWindowView{7942d07 I.E...... ......ID 0,0-1080,2160} canPanelBeCollapsed(): false
06-11 22:35:42.279 20174 20174 D ProcessState: Binder ioctl to enable oneway spam detection failed: Invalid argument
06-11 22:35:42.439 20185 20185 D ProcessState: Binder ioctl to enable oneway spam detection failed: Invalid argument
06-11 22:35:42.445  1917  4568 I ActivityManager: Force stopping e.www.writeroomtest appid=10253 user=0: from pid 20185
06-11 22:35:42.447  1917  4568 I ActivityManager: Killing 20084:e.www.writeroomtest/u0a253 (adj 0): stop e.www.writeroomtest due to from pid 20185
06-11 22:35:42.448  1917  4568 W ActivityTaskManager: Force removing ActivityRecord{4d4e3ab u0 e.www.writeroomtest/.MainActivity t461 f}}: app died, no saved state
06-11 22:35:42.453  1917  4568 W InputManager-JNI: Input channel object '57a8bd6 e.www.writeroomtest/e.www.writeroomtest.MainActivity (client)' was disposed without first being removed with the input manager!
06-11 22:35:42.464  1917  4568 D CompatibilityChangeReporter: Compat change id reported: 181136395; UID 10232; state: DISABLED
06-11 22:35:42.464  1917  4568 D CompatibilityChangeReporter: Compat change id reported: 174042936; UID 10232; state: DISABLED
06-11 22:35:42.466  1917  4568 W ActivityTaskManager: Can't find TaskDisplayArea to determine support for multi window. Task id=461 attached=false
06-11 22:35:42.466  1917  4568 W ActivityTaskManager: Can't find TaskDisplayArea to determine support for multi window. Task id=461 attached=false
06-11 22:35:42.474  1279  1279 I Zygote  : Process 20084 exited due to signal 9 (Killed)
06-11 22:35:42.476  1917  3868 V ActivityManager: Got obituary of 20084:e.www.writeroomtest
06-11 22:35:42.476  1917  2036 W ActivityManager: setHasOverlayUi called on unknown pid: 20084
06-11 22:35:42.479  2772  2772 E PhoneInterfaceManager: [PhoneIntfMgr] getCarrierPackageNamesForIntentAndPhone: No UICC
06-11 22:35:42.479  2772  2772 D CarrierSvcBindHelper: No carrier app for: 0
06-11 22:35:42.479   743   743 E BpTransactionCompletedListener: Failed to transact (-32)
06-11 22:35:42.484  3867  3867 D RegisteredNfcFServicesCache: Service unchanged, not updating
06-11 22:35:42.488 19692 19692 I EuiccGoogle: [2] EuiccServiceImpl.onCreate: onCreate Single-SIM mode: simCardState is 1
06-11 22:35:42.496 19692 20192 I EuiccGoogle: [151] EuiccServiceImpl.onGetEuiccProfileInfoList: onGetEuiccProfileInfoList: slotId = -1
06-11 22:35:42.496  2681  3016 W OpenGLRenderer: Surface doesn't have any previously queued frames, nothing to readback from
06-11 22:35:42.498 19692 20192 W EuiccGoogle: [151] EuiccServiceImpl.onGetEuiccProfileInfoList: slotId=-1. No eUICC is active. Return null.
06-11 22:35:42.498  2681  2681 I WallpaperService: engine resumed
06-11 22:35:42.498 20028 20046 I OpenGLRenderer: Davey! duration=65172ms; Flags=1, FrameTimelineVsyncId=3019168, IntendedVsync=58884703649609, Vsync=58884753649607, InputEventId=0, HandleInputStart=58884758905283, AnimationStart=58884758910022, PerformTraversalsStart=58884759075960, DrawStart=58885007783016, FrameDeadline=58884736982941, FrameInterval=58884758878616, FrameStartTime=16666666, SyncQueued=58885012553589, SyncStart=58885012639266, IssueDrawCommandsStart=58885013160100, SwapBuffers=58885060974792, FrameCompleted=58949875993905, DequeueBufferDuration=28854, QueueBufferDuration=599740, GpuCompleted=58949875993905, SwapBuffersCompleted=58885062038698, DisplayPresentTime=0, 
06-11 22:35:42.499  2681  3016 W OpenGLRenderer: Surface doesn't have any previously queued frames, nothing to readback from
06-11 22:35:42.501  1917  2046 I libprocessgroup: Successfully killed process cgroup uid 10253 pid 20084 in 52ms
06-11 22:35:42.516  7741  7741 I GoogleInputMethodService: GoogleInputMethodService.onFinishInput():3307 
06-11 22:35:42.518  7741  7741 I GoogleInputMethodService: GoogleInputMethodService.updateDeviceLockedStatus():2137 repeatCheckTimes = 0, locked = false
06-11 22:35:42.518  7741  7741 I GoogleInputMethodService: GoogleInputMethodService.onStartInput():1917 onStartInput(EditorInfo{inputType=0x0(NULL) imeOptions=0x0 privateImeOptions=null actionName=UNSPECIFIED actionLabel=null actionId=0 initialSelStart=-1 initialSelEnd=-1 initialCapsMode=0x0 hintText=null label=null packageName=com.example.batterymanager_utility fieldId=-1 fieldName=null extras=null hintLocales=[]}, false)
06-11 22:35:42.518  7741  7741 I GoogleInputMethodService: GoogleInputMethodService.shouldHideHeaderOnInitialState():1998 ShouldHideHeaderOnInitialState = false
06-11 22:35:42.519  7741  7741 I GoogleInputMethodService: GoogleInputMethodService.updateDeviceLockedStatus():2137 repeatCheckTimes = 1, locked = false
06-11 22:35:43.088  2681  2681 I WallpaperService: engine paused
06-11 22:35:45.118  1917  2394 D ConnectivityService: NetReassign [no changes] [c 1] [a 0] [i 5]
06-11 22:35:45.811 20199 20199 D ProcessState: Binder ioctl to enable oneway spam detection failed: Invalid argument
06-11 22:35:45.816  1917  4568 I ActivityManager: Force stopping com.example.batterymanager_utility appid=10232 user=0: from pid 20199
06-11 22:35:45.817  1917  4568 I ActivityManager: Killing 20028:com.example.batterymanager_utility/u0a232 (adj 0): stop com.example.batterymanager_utility due to from pid 20199
06-11 22:35:45.818  1917  4568 W ActivityTaskManager: Force removing ActivityRecord{85a83f9 u0 com.example.batterymanager_utility/.MainActivity t460 f}}: app died, no saved state
06-11 22:35:45.823  1917  4568 W InputManager-JNI: Input channel object 'b8cb792 com.example.batterymanager_utility/com.example.batterymanager_utility.MainActivity (client)' was disposed without first being removed with the input manager!
06-11 22:35:45.836  1917  4568 W ActivityTaskManager: Can't find TaskDisplayArea to determine support for multi window. Task id=460 attached=false
06-11 22:35:45.836  1917  4568 W ActivityTaskManager: Can't find TaskDisplayArea to determine support for multi window. Task id=460 attached=false
06-11 22:35:45.848  1279  1279 I Zygote  : Process 20028 exited due to signal 9 (Killed)
06-11 22:35:45.851  1917  4528 V ActivityManager: Got obituary of 20028:com.example.batterymanager_utility
06-11 22:35:45.851  1917  2036 W ActivityManager: setHasOverlayUi called on unknown pid: 20028
06-11 22:35:45.852 13703 13703 I A       : (REDACTED) onApplyWindowInsets: systemWindowInsets=%s
06-11 22:35:45.852 13703 13703 I A       : (REDACTED) onApplyWindowInsets: systemWindowInsets=%s
06-11 22:35:45.853  2772  2772 E PhoneInterfaceManager: [PhoneIntfMgr] getCarrierPackageNamesForIntentAndPhone: No UICC
06-11 22:35:45.853  2772  2772 D CarrierSvcBindHelper: No carrier app for: 0
06-11 22:35:45.853   743   743 E BpTransactionCompletedListener: Failed to transact (-32)
06-11 22:35:45.862  3867  3867 D RegisteredNfcFServicesCache: Service unchanged, not updating
06-11 22:35:45.863  1917  2046 I libprocessgroup: Successfully killed process cgroup uid 10232 pid 20028 in 45ms
06-11 22:35:45.871 12376 12376 I GsaVoiceInteractionSrv: Handling ACTION_START_HOTWORD
06-11 22:35:45.871 12376 12430 I GsaVoiceInteractionSrv: (REDACTED) disregardHotwordSetting: %b
06-11 22:35:45.871 12376 12430 I GsaVoiceInteractionSrv: Cannot start hotword, hotword has been explicitly disabled.
06-11 22:35:45.876 15483 15483 D BoundBrokerSvc: onBind: Intent { act=com.google.android.gms.inappreach.service.START dat=chimera-action: cmp=com.google.android.gms/.chimera.GmsApiService }
06-11 22:35:45.876 15483 15483 D BoundBrokerSvc: Loading bound service for intent: Intent { act=com.google.android.gms.inappreach.service.START dat=chimera-action: cmp=com.google.android.gms/.chimera.GmsApiService }
06-11 22:35:45.879  2681  3016 W OpenGLRenderer: Surface doesn't have any previously queued frames, nothing to readback from
06-11 22:35:45.879 13703 17265 I OpenGLRenderer: Davey! duration=2257176ms; Flags=1, FrameTimelineVsyncId=2989451, IntendedVsync=56696070000351, Vsync=56696070000351, InputEventId=0, HandleInputStart=56696071550947, AnimationStart=56696071552822, PerformTraversalsStart=56696071553707, DrawStart=56696094961574, FrameDeadline=56696107333683, FrameInterval=56696071476780, FrameStartTime=16666666, SyncQueued=56696097541158, SyncStart=56696098004699, IssueDrawCommandsStart=56696098555012, SwapBuffers=56696099634752, FrameCompleted=58953247391012, DequeueBufferDuration=15781, QueueBufferDuration=637292, GpuCompleted=58953247391012, SwapBuffersCompleted=56696101068033, DisplayPresentTime=0, 
06-11 22:35:45.880  3794  4102 I AiAiEcho: Predicting[7]: { Feature:1, creation:2023-06-11T20:03:49.865Z, expiry:2023-06-11T21:00:00Z, isExpired: false}, { Feature:1, creation:2023-06-11T21:00:00Z, expiry:2023-06-11T22:00:00Z, isExpired: true}, { Feature:1, creation:2023-06-11T22:00:00Z, expiry:2023-06-11T23:00:00Z, isExpired: true}, { Feature:1, creation:2023-06-11T23:00:00Z, expiry:2023-06-12T00:00:00Z, isExpired: true}, { Feature:1, creation:2023-06-12T00:00:00Z, expiry:2023-06-12T01:00:00Z, isExpired: true}, { Feature:1, creation:2023-06-12T01:00:00Z, expiry:2023-06-12T02:00:00Z, isExpired: true}, { Feature:1, creation:2023-06-12T02:00:00Z, expiry:2023-06-12T02:03:49.865Z, isExpired: true}
06-11 22:35:45.880  3794  4102 I AiAiEcho: EchoTargets: Feature:1
06-11 22:35:45.880  3794  4102 I AiAiEcho: Filtered by AiAi flag check: 
06-11 22:35:45.880  3794  4102 I AiAiEcho: Ranked targets strategy: WEIGHTED, count: 1, ranking metadata: { cardId: WEATHER-569377243, card type: 1, update time: 2023-06-11T20:03:49.865Z, expiration time: 2023-06-11T21:00:00Z, ranking metadata: RankingMetaData(urgency=0.412, priority=0.3, recency=1.0, rankScore=0.123600006, importantTimePoints=# kwj@7bca4) }
06-11 22:35:45.881  3794  4102 I AiAiEcho: #postPredictionTargets: Sending updates to UISurface home with targets# 1 (types=[1])
06-11 22:35:45.883  2681  2681 I WallpaperService: engine resumed
06-11 22:35:45.884  2681  3016 W OpenGLRenderer: Surface doesn't have any previously queued frames, nothing to readback from
06-11 22:35:45.886  2922  2922 W BcSmartspaceCard: No title view to update
06-11 22:35:45.898  7741  7741 I GoogleInputMethodService: GoogleInputMethodService.onFinishInput():3307 
06-11 22:35:45.899  7741  7741 I GoogleInputMethodService: GoogleInputMethodService.updateDeviceLockedStatus():2137 repeatCheckTimes = 0, locked = false
06-11 22:35:45.899  7741  7741 I GoogleInputMethodService: GoogleInputMethodService.onStartInput():1917 onStartInput(EditorInfo{inputType=0x0(NULL) imeOptions=0x0 privateImeOptions=null actionName=UNSPECIFIED actionLabel=null actionId=0 initialSelStart=-1 initialSelEnd=-1 initialCapsMode=0x0 hintText=null label=null packageName=com.google.android.apps.nexuslauncher fieldId=-1 fieldName=null extras=null hintLocales=[]}, false)
06-11 22:35:45.899  7741  7741 I GoogleInputMethodService: GoogleInputMethodService.shouldHideHeaderOnInitialState():1998 ShouldHideHeaderOnInitialState = false
06-11 22:35:45.900  7741  7741 I GoogleInputMethodService: GoogleInputMethodService.updateDeviceLockedStatus():2137 repeatCheckTimes = 1, locked = false
06-11 22:35:46.211  3381  3401 I ProcessReaper: Memory state is: 300
06-11 22:35:48.141  1917  2394 D ConnectivityService: NetReassign [no changes] [c 0] [a 1] [i 5]
06-11 22:35:51.148  3812 22243 W MediaProvider: isAppCloneUserPair failed. Users: 0 and 0
06-11 22:35:51.148  3812 22243 W MediaProvider: isAppCloneUserPair for user 0: false
06-11 22:35:51.151  1917  2394 D ConnectivityService: NetReassign [no changes] [c 0] [a 0] [i 3]
