07-12 01:26:07.144 25450 25599 I BatteryMgr:DataCollectionService: stats => 1689117967144,-508788,4203
07-12 01:26:07.145 25450 25599 I BatteryMgr:DataCollectionService: stats => 1689117967145,-508788,4203
07-12 01:26:07.146 25450 25599 I BatteryMgr:DataCollectionService: stats => 1689117967146,-508788,4203
07-12 01:26:07.148 25450 25599 I BatteryMgr:DataCollectionService: stats => 1689117967148,-508788,4203
07-12 01:26:07.150 25450 25599 I BatteryMgr:DataCollectionService: stats => 1689117967150,-508788,4203
07-12 01:26:07.153 25450 25599 I BatteryMgr:DataCollectionService: stats => 1689117967153,-508788,4203
07-12 01:26:07.155 25450 25599 I BatteryMgr:DataCollectionService: stats => 1689117967155,-508788,4203
07-12 01:26:07.158 25450 25599 I BatteryMgr:DataCollectionService: stats => 1689117967158,-508788,4203
07-12 01:26:07.161 25450 25599 I BatteryMgr:DataCollectionService: stats => 1689117967161,-508788,4203
07-12 01:26:07.164 25450 25599 I BatteryMgr:DataCollectionService: stats => 1689117967164,-508788,4203
07-12 01:26:07.166 25450 25599 I BatteryMgr:DataCollectionService: stats => 1689117967166,-508788,4203
07-12 01:26:07.169 25450 25599 I BatteryMgr:DataCollectionService: stats => 1689117967169,-508788,4203
07-12 01:26:07.172 25450 25599 I BatteryMgr:DataCollectionService: stats => 1689117967172,-508788,4203
07-12 01:26:07.174 25450 25599 I BatteryMgr:DataCollectionService: stats => 1689117967174,-508788,4203
07-12 01:26:07.177 25450 25599 I BatteryMgr:DataCollectionService: stats => 1689117967177,-508788,4203
07-12 01:26:07.179 25450 25599 I BatteryMgr:DataCollectionService: stats => 1689117967179,-508788,4203
07-12 01:26:07.182 25450 25599 I BatteryMgr:DataCollectionService: stats => 1689117967182,-508788,4203
07-12 01:26:07.185 25450 25599 I BatteryMgr:DataCollectionService: stats => 1689117967185,-508788,4203
07-12 01:26:07.186 25450 25599 I BatteryMgr:DataCollectionService: stats => 1689117967186,-508788,4203
07-12 01:26:07.188 25450 25599 I BatteryMgr:DataCollectionService: stats => 1689117967188,-508788,4203
07-12 01:26:07.191 25450 25599 I BatteryMgr:DataCollectionService: stats => 1689117967191,-508788,4203
07-12 01:26:07.193 25450 25599 I BatteryMgr:DataCollectionService: stats => 1689117967193,-508788,4203
07-12 01:26:07.195 25450 25599 I BatteryMgr:DataCollectionService: stats => 1689117967195,-508788,4203
07-12 01:26:07.196   735 25530 E mm-camera: <SENSOR><ERROR> 5372: module_sensor_event_control_set_parm: func_tbl for submodule 4 is NULL
07-12 01:26:07.196   735 25530 E mm-camera: <SENSOR><ERROR> 5183: module_sensor_event_control_set_parm: func_tbl for submodule 4 is NULL
07-12 01:26:07.196   735 25530 E mm-camera: <SENSOR><ERROR> 5185: module_sensor_event_control_set_parm: CAM_INTF_META_FLASH_POWER failed
07-12 01:26:07.198 25450 25599 I BatteryMgr:DataCollectionService: stats => 1689117967198,-508788,4203
07-12 01:26:07.202 25450 25599 I BatteryMgr:DataCollectionService: stats => 1689117967202,-508788,4203
07-12 01:26:07.205 25450 25599 I BatteryMgr:DataCollectionService: stats => 1689117967205,-508788,4203
07-12 01:26:07.207 25450 25599 I BatteryMgr:DataCollectionService: stats => 1689117967207,-508788,4203
07-12 01:26:07.209 25450 25599 I BatteryMgr:DataCollectionService: stats => 1689117967209,-508788,4203
07-12 01:26:07.212 25450 25599 I BatteryMgr:DataCollectionService: stats => 1689117967211,-508788,4203
07-12 01:26:07.213 25450 25599 I BatteryMgr:DataCollectionService: stats => 1689117967213,-508788,4203
07-12 01:26:07.216 25450 25599 I BatteryMgr:DataCollectionService: stats => 1689117967216,-508788,4203
07-12 01:26:07.218 25450 25599 I BatteryMgr:DataCollectionService: stats => 1689117967218,-508788,4203
07-12 01:26:07.219 25450 25599 I BatteryMgr:DataCollectionService: stats => 1689117967219,-508788,4203
07-12 01:26:07.221 25450 25599 I BatteryMgr:DataCollectionService: stats => 1689117967221,-508788,4203
07-12 01:26:07.223 25450 25599 I BatteryMgr:DataCollectionService: stats => 1689117967223,-508788,4203
07-12 01:26:07.225 25450 25599 I BatteryMgr:DataCollectionService: stats => 1689117967225,-508788,4203
07-12 01:26:07.229 25450 25599 I BatteryMgr:DataCollectionService: stats => 1689117967229,-508788,4203
07-12 01:26:07.229   735  1567 E QCamera : <HAL><ERROR> translateToHalMetadata: 12955: antibanding(4)
07-12 01:26:07.232 25450 25599 I BatteryMgr:DataCollectionService: stats => 1689117967232,-508788,4203
07-12 01:26:07.236 25450 25599 I BatteryMgr:DataCollectionService: stats => 1689117967236,-508788,4203
07-12 01:26:07.239 25450 25599 I BatteryMgr:DataCollectionService: stats => 1689117967239,-508788,4203
07-12 01:26:07.241 25450 25599 I BatteryMgr:DataCollectionService: stats => 1689117967241,-508788,4203
07-12 01:26:07.244 25450 25599 I BatteryMgr:DataCollectionService: stats => 1689117967244,-508788,4203
07-12 01:26:07.246 25450 25599 I BatteryMgr:DataCollectionService: stats => 1689117967246,-508788,4203
07-12 01:26:07.248 25450 25599 I BatteryMgr:DataCollectionService: stats => 1689117967248,-508788,4203
07-12 01:26:07.251 25450 25599 I BatteryMgr:DataCollectionService: stats => 1689117967251,-508788,4203
07-12 01:26:07.253 25450 25599 I BatteryMgr:DataCollectionService: stats => 1689117967253,-508788,4203
07-12 01:26:07.256 25450 25599 I BatteryMgr:DataCollectionService: stats => 1689117967256,-508788,4203
07-12 01:26:07.258 25450 25599 I BatteryMgr:DataCollectionService: stats => 1689117967258,-508788,4203
07-12 01:26:07.260 25450 25599 I BatteryMgr:DataCollectionService: stats => 1689117967260,-508788,4203
07-12 01:26:07.263 25450 25599 I BatteryMgr:DataCollectionService: stats => 1689117967262,-508788,4203
07-12 01:26:07.265 25450 25599 I BatteryMgr:DataCollectionService: stats => 1689117967265,-508788,4203
07-12 01:26:07.266   735 25530 E mm-camera: <SENSOR><ERROR> 5372: module_sensor_event_control_set_parm: func_tbl for submodule 4 is NULL
07-12 01:26:07.266   735 25530 E mm-camera: <SENSOR><ERROR> 5183: module_sensor_event_control_set_parm: func_tbl for submodule 4 is NULL
07-12 01:26:07.266   735 25530 E mm-camera: <SENSOR><ERROR> 5185: module_sensor_event_control_set_parm: CAM_INTF_META_FLASH_POWER failed
07-12 01:26:07.269 25450 25599 I BatteryMgr:DataCollectionService: stats => 1689117967269,-508788,4203
07-12 01:26:07.272 25450 25599 I BatteryMgr:DataCollectionService: stats => 1689117967272,-508788,4203
07-12 01:26:07.283 25450 25599 I BatteryMgr:DataCollectionService: stats => 1689117967283,-508788,4203
07-12 01:26:07.285   735  1567 E QCamera : <HAL><ERROR> translateToHalMetadata: 12955: antibanding(4)
07-12 01:26:07.286 25450 25599 I BatteryMgr:DataCollectionService: stats => 1689117967286,-508788,4203
07-12 01:26:07.289 25450 25599 I BatteryMgr:DataCollectionService: stats => 1689117967289,-508788,4203
07-12 01:26:07.291 25450 25599 I BatteryMgr:DataCollectionService: stats => 1689117967291,-508788,4203
07-12 01:26:07.293 25450 25599 I BatteryMgr:DataCollectionService: stats => 1689117967293,-508788,4203
07-12 01:26:07.296 25450 25599 I BatteryMgr:DataCollectionService: stats => 1689117967296,-508788,4203
07-12 01:26:07.299 25450 25599 I BatteryMgr:DataCollectionService: stats => 1689117967299,-508788,4203
07-12 01:26:07.302 25450 25599 I BatteryMgr:DataCollectionService: stats => 1689117967302,-508788,4203
07-12 01:26:07.304 25450 25599 I BatteryMgr:DataCollectionService: stats => 1689117967304,-508788,4203
07-12 01:26:07.306 25450 25599 I BatteryMgr:DataCollectionService: stats => 1689117967306,-508788,4203
07-12 01:26:07.308 25450 25599 I BatteryMgr:DataCollectionService: stats => 1689117967308,-508788,4203
07-12 01:26:07.311 25450 25599 I BatteryMgr:DataCollectionService: stats => 1689117967311,-508788,4203
07-12 01:26:07.313 25450 25599 I BatteryMgr:DataCollectionService: stats => 1689117967313,-508788,4203
07-12 01:26:07.316 25450 25599 I BatteryMgr:DataCollectionService: stats => 1689117967316,-508788,4203
07-12 01:26:07.318 25450 25599 I BatteryMgr:DataCollectionService: stats => 1689117967318,-508788,4203
07-12 01:26:07.320 25450 25599 I BatteryMgr:DataCollectionService: stats => 1689117967320,-508788,4203
07-12 01:26:07.322 25450 25599 I BatteryMgr:DataCollectionService: stats => 1689117967322,-508788,4203
07-12 01:26:07.324 25450 25599 I BatteryMgr:DataCollectionService: stats => 1689117967324,-508788,4203
07-12 01:26:07.326 25450 25599 I BatteryMgr:DataCollectionService: stats => 1689117967326,-508788,4203
07-12 01:26:07.328 25450 25599 I BatteryMgr:DataCollectionService: stats => 1689117967328,-508788,4203
07-12 01:26:07.330 25450 25599 I BatteryMgr:DataCollectionService: stats => 1689117967330,-508788,4203
07-12 01:26:07.332 25450 25599 I BatteryMgr:DataCollectionService: stats => 1689117967332,-508788,4203
07-12 01:26:07.335 25450 25599 I BatteryMgr:DataCollectionService: stats => 1689117967335,-508788,4203
07-12 01:26:07.336   735 25530 E mm-camera: <SENSOR><ERROR> 5372: module_sensor_event_control_set_parm: func_tbl for submodule 4 is NULL
07-12 01:26:07.336   735 25530 E mm-camera: <SENSOR><ERROR> 5183: module_sensor_event_control_set_parm: func_tbl for submodule 4 is NULL
07-12 01:26:07.336   735 25530 E mm-camera: <SENSOR><ERROR> 5185: module_sensor_event_control_set_parm: CAM_INTF_META_FLASH_POWER failed
07-12 01:26:07.339 25450 25599 I BatteryMgr:DataCollectionService: stats => 1689117967339,-508788,4203
07-12 01:26:07.342 25450 25599 I BatteryMgr:DataCollectionService: stats => 1689117967342,-508788,4203
07-12 01:26:07.345 25450 25599 I BatteryMgr:DataCollectionService: stats => 1689117967345,-508788,4203
07-12 01:26:07.348 25450 25599 I BatteryMgr:DataCollectionService: stats => 1689117967348,-508788,4203
07-12 01:26:07.349   735  1567 E QCamera : <HAL><ERROR> translateToHalMetadata: 12955: antibanding(4)
07-12 01:26:07.350 25450 25599 I BatteryMgr:DataCollectionService: stats => 1689117967350,-508788,4203
07-12 01:26:07.352 25450 25599 I BatteryMgr:DataCollectionService: stats => 1689117967352,-508788,4203
07-12 01:26:07.353 25450 25599 I BatteryMgr:DataCollectionService: stats => 1689117967353,-508788,4203
07-12 01:26:07.354 25450 25599 I BatteryMgr:DataCollectionService: stats => 1689117967354,-508788,4203
07-12 01:26:07.356 25450 25599 I BatteryMgr:DataCollectionService: stats => 1689117967356,-508788,4203
07-12 01:26:07.358 25450 25599 I BatteryMgr:DataCollectionService: stats => 1689117967358,-508788,4203
07-12 01:26:07.361 25450 25599 I BatteryMgr:DataCollectionService: stats => 1689117967360,-508788,4203
07-12 01:26:07.363 25450 25599 I BatteryMgr:DataCollectionService: stats => 1689117967363,-508788,4203
07-12 01:26:07.365 25450 25599 I BatteryMgr:DataCollectionService: stats => 1689117967365,-508788,4203
07-12 01:26:07.367 25450 25599 I BatteryMgr:DataCollectionService: stats => 1689117967367,-508788,4203
07-12 01:26:07.370 25450 25599 I BatteryMgr:DataCollectionService: stats => 1689117967370,-508788,4203
07-12 01:26:07.374 25450 25599 I BatteryMgr:DataCollectionService: stats => 1689117967374,-508788,4203
07-12 01:26:07.377 25450 25599 I BatteryMgr:DataCollectionService: stats => 1689117967377,-508788,4203
07-12 01:26:07.379 25450 25599 I BatteryMgr:DataCollectionService: stats => 1689117967379,-508788,4203
07-12 01:26:07.382 25450 25599 I BatteryMgr:DataCollectionService: stats => 1689117967382,-508788,4203
07-12 01:26:07.384 25450 25599 I BatteryMgr:DataCollectionService: stats => 1689117967384,-508788,4203
07-12 01:26:07.387 25450 25599 I BatteryMgr:DataCollectionService: stats => 1689117967386,-508788,4203
07-12 01:26:07.389 25450 25599 I BatteryMgr:DataCollectionService: stats => 1689117967389,-508788,4203
07-12 01:26:07.392 25450 25599 I BatteryMgr:DataCollectionService: stats => 1689117967392,-508788,4203
07-12 01:26:07.395 25450 25599 I BatteryMgr:DataCollectionService: stats => 1689117967395,-508788,4203
07-12 01:26:07.397 25450 25599 I BatteryMgr:DataCollectionService: stats => 1689117967397,-508788,4203
07-12 01:26:07.400 25450 25599 I BatteryMgr:DataCollectionService: stats => 1689117967400,-508788,4203
07-12 01:26:07.402 25450 25599 I BatteryMgr:DataCollectionService: stats => 1689117967402,-508788,4203
07-12 01:26:07.405 25450 25599 I BatteryMgr:DataCollectionService: stats => 1689117967405,-508788,4203
07-12 01:26:07.406   735 25530 E mm-camera: <SENSOR><ERROR> 5372: module_sensor_event_control_set_parm: func_tbl for submodule 4 is NULL
07-12 01:26:07.406   735 25530 E mm-camera: <SENSOR><ERROR> 5183: module_sensor_event_control_set_parm: func_tbl for submodule 4 is NULL
07-12 01:26:07.406   735 25530 E mm-camera: <SENSOR><ERROR> 5185: module_sensor_event_control_set_parm: CAM_INTF_META_FLASH_POWER failed
07-12 01:26:07.410 25450 25599 I BatteryMgr:DataCollectionService: stats => 1689117967410,-508788,4203
07-12 01:26:07.422 25450 25599 I BatteryMgr:DataCollectionService: stats => 1689117967422,-508788,4203
07-12 01:26:07.422   735  1569 E QCamera : <HAL><ERROR> translateToHalMetadata: 12955: antibanding(4)
07-12 01:26:07.424 25450 25599 I BatteryMgr:DataCollectionService: stats => 1689117967424,-508788,4203
07-12 01:26:07.427 25450 25599 I BatteryMgr:DataCollectionService: stats => 1689117967426,-508788,4203
07-12 01:26:07.429 25450 25599 I BatteryMgr:DataCollectionService: stats => 1689117967429,-508788,4203
07-12 01:26:07.431 25450 25599 I BatteryMgr:DataCollectionService: stats => 1689117967431,-508788,4203
07-12 01:26:07.434 25450 25599 I BatteryMgr:DataCollectionService: stats => 1689117967434,-508788,4203
07-12 01:26:07.436 25450 25599 I BatteryMgr:DataCollectionService: stats => 1689117967436,-508788,4203
07-12 01:26:07.441 25450 25599 I BatteryMgr:DataCollectionService: stats => 1689117967441,-508788,4203
07-12 01:26:07.444 25450 25599 I BatteryMgr:DataCollectionService: stats => 1689117967444,-508788,4203
07-12 01:26:07.446 25450 25599 I BatteryMgr:DataCollectionService: stats => 1689117967446,-508788,4203
07-12 01:26:07.448 25450 25599 I BatteryMgr:DataCollectionService: stats => 1689117967448,-508788,4203
07-12 01:26:07.450 25450 25599 I BatteryMgr:DataCollectionService: stats => 1689117967450,-508788,4203
07-12 01:26:07.453 25450 25599 I BatteryMgr:DataCollectionService: stats => 1689117967452,-508788,4203
07-12 01:26:07.454 25450 25599 I BatteryMgr:DataCollectionService: stats => 1689117967454,-508788,4203
07-12 01:26:07.457 25450 25599 I BatteryMgr:DataCollectionService: stats => 1689117967457,-508788,4203
07-12 01:26:07.460 25450 25599 I BatteryMgr:DataCollectionService: stats => 1689117967460,-508788,4203
07-12 01:26:07.463 25450 25599 I BatteryMgr:DataCollectionService: stats => 1689117967463,-508788,4203
07-12 01:26:07.465 25450 25599 I BatteryMgr:DataCollectionService: stats => 1689117967465,-508788,4203
07-12 01:26:07.467 25450 25599 I BatteryMgr:DataCollectionService: stats => 1689117967467,-508788,4203
07-12 01:26:07.469 25450 25599 I BatteryMgr:DataCollectionService: stats => 1689117967469,-508788,4203
07-12 01:26:07.471 25450 25599 I BatteryMgr:DataCollectionService: stats => 1689117967471,-508788,4203
07-12 01:26:07.473 25450 25599 I BatteryMgr:DataCollectionService: stats => 1689117967473,-508788,4203
07-12 01:26:07.475 25450 25599 I BatteryMgr:DataCollectionService: stats => 1689117967475,-508788,4203
07-12 01:26:07.477   735 25530 E mm-camera: <SENSOR><ERROR> 5372: module_sensor_event_control_set_parm: func_tbl for submodule 4 is NULL
07-12 01:26:07.477   735 25530 E mm-camera: <SENSOR><ERROR> 5183: module_sensor_event_control_set_parm: func_tbl for submodule 4 is NULL
07-12 01:26:07.477   735 25530 E mm-camera: <SENSOR><ERROR> 5185: module_sensor_event_control_set_parm: CAM_INTF_META_FLASH_POWER failed
07-12 01:26:07.482 25450 25599 I BatteryMgr:DataCollectionService: stats => 1689117967482,-508788,4203
07-12 01:26:07.486   735  1569 E QCamera : <HAL><ERROR> translateToHalMetadata: 12955: antibanding(4)
07-12 01:26:07.486 25450 25599 I BatteryMgr:DataCollectionService: stats => 1689117967486,-508788,4203
07-12 01:26:07.490 25450 25599 I BatteryMgr:DataCollectionService: stats => 1689117967490,-508788,4203
07-12 01:26:07.492 25450 25599 I BatteryMgr:DataCollectionService: stats => 1689117967492,-508788,4203
07-12 01:26:07.493 25450 25599 I BatteryMgr:DataCollectionService: stats => 1689117967493,-508788,4203
07-12 01:26:07.495 25450 25599 I BatteryMgr:DataCollectionService: stats => 1689117967495,-508788,4203
07-12 01:26:07.496 25450 25599 I BatteryMgr:DataCollectionService: stats => 1689117967496,-508788,4203
07-12 01:26:07.498 25450 25599 I BatteryMgr:DataCollectionService: stats => 1689117967498,-508788,4203
07-12 01:26:07.500 25450 25599 I BatteryMgr:DataCollectionService: stats => 1689117967500,-508788,4203
07-12 01:26:07.501 25450 25599 I BatteryMgr:DataCollectionService: stats => 1689117967501,-508788,4203
07-12 01:26:07.503 25450 25599 I BatteryMgr:DataCollectionService: stats => 1689117967503,-508788,4203
07-12 01:26:07.505 25450 25599 I BatteryMgr:DataCollectionService: stats => 1689117967505,-508788,4203
07-12 01:26:07.508 25450 25599 I BatteryMgr:DataCollectionService: stats => 1689117967508,-508788,4203
07-12 01:26:07.511 25450 25599 I BatteryMgr:DataCollectionService: stats => 1689117967511,-508788,4203
07-12 01:26:07.513 25450 25599 I BatteryMgr:DataCollectionService: stats => 1689117967513,-508788,4203
07-12 01:26:07.515 25450 25599 I BatteryMgr:DataCollectionService: stats => 1689117967515,-508788,4203
07-12 01:26:07.517 25450 25599 I BatteryMgr:DataCollectionService: stats => 1689117967517,-508788,4203
07-12 01:26:07.520 25450 25599 I BatteryMgr:DataCollectionService: stats => 1689117967520,-508788,4203
07-12 01:26:07.522 25450 25599 I BatteryMgr:DataCollectionService: stats => 1689117967522,-508788,4203
07-12 01:26:07.525 25450 25599 I BatteryMgr:DataCollectionService: stats => 1689117967525,-508788,4203
07-12 01:26:07.527 25450 25599 I BatteryMgr:DataCollectionService: stats => 1689117967527,-508788,4203
07-12 01:26:07.529 25450 25599 I BatteryMgr:DataCollectionService: stats => 1689117967529,-508788,4203
07-12 01:26:07.531 25450 25599 I BatteryMgr:DataCollectionService: stats => 1689117967531,-508788,4203
07-12 01:26:07.533 25450 25599 I BatteryMgr:DataCollectionService: stats => 1689117967533,-508788,4203
07-12 01:26:07.536 25450 25599 I BatteryMgr:DataCollectionService: stats => 1689117967536,-508788,4203
07-12 01:26:07.538 25450 25599 I BatteryMgr:DataCollectionService: stats => 1689117967538,-508788,4203
07-12 01:26:07.540 25450 25599 I BatteryMgr:DataCollectionService: stats => 1689117967540,-508788,4203
07-12 01:26:07.542 25450 25599 I BatteryMgr:DataCollectionService: stats => 1689117967542,-508788,4203
07-12 01:26:07.545 25450 25599 I BatteryMgr:DataCollectionService: stats => 1689117967545,-508788,4203
07-12 01:26:07.547 25450 25599 I BatteryMgr:DataCollectionService: stats => 1689117967547,-508788,4203
07-12 01:26:07.548   735 25530 E mm-camera: <SENSOR><ERROR> 5372: module_sensor_event_control_set_parm: func_tbl for submodule 4 is NULL
07-12 01:26:07.548   735 25530 E mm-camera: <SENSOR><ERROR> 5183: module_sensor_event_control_set_parm: func_tbl for submodule 4 is NULL
07-12 01:26:07.548   735 25530 E mm-camera: <SENSOR><ERROR> 5185: module_sensor_event_control_set_parm: CAM_INTF_META_FLASH_POWER failed
07-12 01:26:07.552 25450 25599 I BatteryMgr:DataCollectionService: stats => 1689117967552,-508788,4203
07-12 01:26:07.555 25450 25599 I BatteryMgr:DataCollectionService: stats => 1689117967555,-508788,4203
07-12 01:26:07.557 25450 25599 I BatteryMgr:DataCollectionService: stats => 1689117967557,-508788,4203
07-12 01:26:07.558   735  1569 E QCamera : <HAL><ERROR> translateToHalMetadata: 12955: antibanding(4)
07-12 01:26:07.560 25450 25599 I BatteryMgr:DataCollectionService: stats => 1689117967560,-508788,4203
07-12 01:26:07.562 25450 25599 I BatteryMgr:DataCollectionService: stats => 1689117967562,-508788,4203
07-12 01:26:07.564 25450 25599 I BatteryMgr:DataCollectionService: stats => 1689117967564,-508788,4203
07-12 01:26:07.566 25450 25599 I BatteryMgr:DataCollectionService: stats => 1689117967566,-508788,4203
07-12 01:26:07.568 25450 25599 I BatteryMgr:DataCollectionService: stats => 1689117967568,-508788,4203
07-12 01:26:07.571 25450 25599 I BatteryMgr:DataCollectionService: stats => 1689117967570,-508788,4203
07-12 01:26:07.573 25450 25599 I BatteryMgr:DataCollectionService: stats => 1689117967573,-508788,4203
07-12 01:26:07.576 25450 25599 I BatteryMgr:DataCollectionService: stats => 1689117967576,-508788,4203
07-12 01:26:07.578 25450 25599 I BatteryMgr:DataCollectionService: stats => 1689117967578,-508788,4203
07-12 01:26:07.580 25450 25599 I BatteryMgr:DataCollectionService: stats => 1689117967580,-508788,4203
07-12 01:26:07.583 25450 25599 I BatteryMgr:DataCollectionService: stats => 1689117967582,-508788,4203
07-12 01:26:07.585 25450 25599 I BatteryMgr:DataCollectionService: stats => 1689117967585,-508788,4203
07-12 01:26:07.588 25450 25599 I BatteryMgr:DataCollectionService: stats => 1689117967587,-508788,4203
07-12 01:26:07.590 25450 25599 I BatteryMgr:DataCollectionService: stats => 1689117967590,-508788,4203
07-12 01:26:07.593 25450 25599 I BatteryMgr:DataCollectionService: stats => 1689117967593,-508788,4203
07-12 01:26:07.596 25450 25599 I BatteryMgr:DataCollectionService: stats => 1689117967596,-508788,4203
07-12 01:26:07.598 25450 25599 I BatteryMgr:DataCollectionService: stats => 1689117967598,-508788,4203
07-12 01:26:07.601 25450 25599 I BatteryMgr:DataCollectionService: stats => 1689117967601,-508788,4203
07-12 01:26:07.604 25450 25599 I BatteryMgr:DataCollectionService: stats => 1689117967604,-508788,4203
07-12 01:26:07.606 25450 25599 I BatteryMgr:DataCollectionService: stats => 1689117967606,-508788,4203
07-12 01:26:07.608 25450 25599 I BatteryMgr:DataCollectionService: stats => 1689117967608,-508788,4203
07-12 01:26:07.611 25450 25599 I BatteryMgr:DataCollectionService: stats => 1689117967611,-508788,4203
07-12 01:26:07.613 25450 25599 I BatteryMgr:DataCollectionService: stats => 1689117967613,-508788,4203
07-12 01:26:07.616 25450 25599 I BatteryMgr:DataCollectionService: stats => 1689117967616,-508788,4203
07-12 01:26:07.618 25450 25599 I BatteryMgr:DataCollectionService: stats => 1689117967618,-508788,4203
07-12 01:26:07.620   735 25530 E mm-camera: <SENSOR><ERROR> 5372: module_sensor_event_control_set_parm: func_tbl for submodule 4 is NULL
07-12 01:26:07.620   735 25530 E mm-camera: <SENSOR><ERROR> 5183: module_sensor_event_control_set_parm: func_tbl for submodule 4 is NULL
07-12 01:26:07.620   735 25530 E mm-camera: <SENSOR><ERROR> 5185: module_sensor_event_control_set_parm: CAM_INTF_META_FLASH_POWER failed
07-12 01:26:07.623 25450 25599 I BatteryMgr:DataCollectionService: stats => 1689117967623,-508788,4203
07-12 01:26:07.626 25450 25599 I BatteryMgr:DataCollectionService: stats => 1689117967626,-508788,4203
07-12 01:26:07.628 25450 25599 I BatteryMgr:DataCollectionService: stats => 1689117967628,-508788,4203
07-12 01:26:07.629   735  1567 E QCamera : <HAL><ERROR> translateToHalMetadata: 12955: antibanding(4)
07-12 01:26:07.631 25450 25599 I BatteryMgr:DataCollectionService: stats => 1689117967630,-508788,4203
07-12 01:26:07.632 25450 25599 I BatteryMgr:DataCollectionService: stats => 1689117967632,-508788,4203
07-12 01:26:07.634 25450 25599 I BatteryMgr:DataCollectionService: stats => 1689117967634,-508788,4203
07-12 01:26:07.636 25450 25599 I BatteryMgr:DataCollectionService: stats => 1689117967636,-508788,4203
07-12 01:26:07.638 25450 25599 I BatteryMgr:DataCollectionService: stats => 1689117967638,-508788,4203
07-12 01:26:07.640 25450 25599 I BatteryMgr:DataCollectionService: stats => 1689117967640,-508788,4203
07-12 01:26:07.642 25450 25599 I BatteryMgr:DataCollectionService: stats => 1689117967642,-508788,4203
07-12 01:26:07.644 25450 25599 I BatteryMgr:DataCollectionService: stats => 1689117967644,-508788,4203
07-12 01:26:07.646 25450 25599 I BatteryMgr:DataCollectionService: stats => 1689117967646,-508788,4203
07-12 01:26:07.651 25450 25599 I BatteryMgr:DataCollectionService: stats => 1689117967651,-508788,4203
07-12 01:26:07.653 25450 25599 I BatteryMgr:DataCollectionService: stats => 1689117967653,-508788,4203
07-12 01:26:07.656 25450 25599 I BatteryMgr:DataCollectionService: stats => 1689117967656,-508788,4203
07-12 01:26:07.658 25450 25599 I BatteryMgr:DataCollectionService: stats => 1689117967658,-508788,4203
07-12 01:26:07.661 25450 25599 I BatteryMgr:DataCollectionService: stats => 1689117967661,-508788,4203
07-12 01:26:07.666 25450 25599 I BatteryMgr:DataCollectionService: stats => 1689117967666,-508788,4203
07-12 01:26:07.668 25450 25599 I BatteryMgr:DataCollectionService: stats => 1689117967668,-508788,4203
07-12 01:26:07.670 25450 25599 I BatteryMgr:DataCollectionService: stats => 1689117967670,-508788,4203
07-12 01:26:07.672 25450 25599 I BatteryMgr:DataCollectionService: stats => 1689117967672,-508788,4203
07-12 01:26:07.675 25450 25599 I BatteryMgr:DataCollectionService: stats => 1689117967675,-508788,4203
07-12 01:26:07.677 25450 25599 I BatteryMgr:DataCollectionService: stats => 1689117967677,-508788,4203
07-12 01:26:07.680 25450 25599 I BatteryMgr:DataCollectionService: stats => 1689117967680,-508788,4203
07-12 01:26:07.682 25450 25599 I BatteryMgr:DataCollectionService: stats => 1689117967682,-508788,4203
07-12 01:26:07.684 25450 25599 I BatteryMgr:DataCollectionService: stats => 1689117967684,-508788,4203
07-12 01:26:07.687   735 25530 E mm-camera: <SENSOR><ERROR> 5372: module_sensor_event_control_set_parm: func_tbl for submodule 4 is NULL
07-12 01:26:07.687   735 25530 E mm-camera: <SENSOR><ERROR> 5183: module_sensor_event_control_set_parm: func_tbl for submodule 4 is NULL
07-12 01:26:07.687   735 25530 E mm-camera: <SENSOR><ERROR> 5185: module_sensor_event_control_set_parm: CAM_INTF_META_FLASH_POWER failed
07-12 01:26:07.689 25450 25599 I BatteryMgr:DataCollectionService: stats => 1689117967687,-508788,4203
07-12 01:26:07.692 25450 25599 I BatteryMgr:DataCollectionService: stats => 1689117967692,-508788,4203
07-12 01:26:07.696 25450 25599 I BatteryMgr:DataCollectionService: stats => 1689117967696,-508788,4203
07-12 01:26:07.698 25450 25599 I BatteryMgr:DataCollectionService: stats => 1689117967698,-508788,4203
07-12 01:26:07.700   735  1567 E QCamera : <HAL><ERROR> translateToHalMetadata: 12955: antibanding(4)
07-12 01:26:07.700 25450 25599 I BatteryMgr:DataCollectionService: stats => 1689117967700,-508788,4203
07-12 01:26:07.703 25450 25599 I BatteryMgr:DataCollectionService: stats => 1689117967703,-508788,4203
07-12 01:26:07.705 25450 25599 I BatteryMgr:DataCollectionService: stats => 1689117967705,-508788,4203
07-12 01:26:07.706 25450 25599 I BatteryMgr:DataCollectionService: stats => 1689117967706,-508788,4203
07-12 01:26:07.708 25450 25599 I BatteryMgr:DataCollectionService: stats => 1689117967708,-508788,4203
07-12 01:26:07.710 25450 25599 I BatteryMgr:DataCollectionService: stats => 1689117967710,-508788,4203
07-12 01:26:07.712 25450 25599 I BatteryMgr:DataCollectionService: stats => 1689117967712,-508788,4203
07-12 01:26:07.715 25450 25599 I BatteryMgr:DataCollectionService: stats => 1689117967715,-508788,4203
07-12 01:26:07.717 25450 25599 I BatteryMgr:DataCollectionService: stats => 1689117967717,-508788,4203
07-12 01:26:07.720 25450 25599 I BatteryMgr:DataCollectionService: stats => 1689117967720,-508788,4203
07-12 01:26:07.723 25450 25599 I BatteryMgr:DataCollectionService: stats => 1689117967723,-508788,4203
07-12 01:26:07.725 25450 25599 I BatteryMgr:DataCollectionService: stats => 1689117967725,-508788,4203
07-12 01:26:07.728 25450 25599 I BatteryMgr:DataCollectionService: stats => 1689117967728,-508788,4203
07-12 01:26:07.730 25450 25599 I BatteryMgr:DataCollectionService: stats => 1689117967730,-508788,4203
07-12 01:26:07.733 25450 25599 I BatteryMgr:DataCollectionService: stats => 1689117967733,-508788,4203
07-12 01:26:07.736 25450 25599 I BatteryMgr:DataCollectionService: stats => 1689117967736,-508788,4203
07-12 01:26:07.738 25450 25599 I BatteryMgr:DataCollectionService: stats => 1689117967738,-508788,4203
07-12 01:26:07.742 25450 25599 I BatteryMgr:DataCollectionService: stats => 1689117967742,-508788,4203
07-12 01:26:07.745 25450 25599 I BatteryMgr:DataCollectionService: stats => 1689117967745,-508788,4203
07-12 01:26:07.747 25450 25599 I BatteryMgr:DataCollectionService: stats => 1689117967747,-508788,4203
07-12 01:26:07.750 25450 25599 I BatteryMgr:DataCollectionService: stats => 1689117967750,-508788,4203
07-12 01:26:07.753 25450 25599 I BatteryMgr:DataCollectionService: stats => 1689117967753,-508788,4203
07-12 01:26:07.755 25450 25599 I BatteryMgr:DataCollectionService: stats => 1689117967755,-508788,4203
07-12 01:26:07.758 25450 25599 I BatteryMgr:DataCollectionService: stats => 1689117967758,-508788,4203
07-12 01:26:07.760   735 25530 E mm-camera: <SENSOR><ERROR> 5372: module_sensor_event_control_set_parm: func_tbl for submodule 4 is NULL
07-12 01:26:07.760   735 25530 E mm-camera: <SENSOR><ERROR> 5183: module_sensor_event_control_set_parm: func_tbl for submodule 4 is NULL
07-12 01:26:07.760   735 25530 E mm-camera: <SENSOR><ERROR> 5185: module_sensor_event_control_set_parm: CAM_INTF_META_FLASH_POWER failed
07-12 01:26:07.761 25450 25599 I BatteryMgr:DataCollectionService: stats => 1689117967761,-508788,4203
07-12 01:26:07.764 25450 25599 I BatteryMgr:DataCollectionService: stats => 1689117967764,-508788,4203
07-12 01:26:07.768 25450 25599 I BatteryMgr:DataCollectionService: stats => 1689117967768,-508788,4203
07-12 01:26:07.770 25450 25599 I BatteryMgr:DataCollectionService: stats => 1689117967770,-508788,4203
07-12 01:26:07.772   735  1567 E QCamera : <HAL><ERROR> translateToHalMetadata: 12955: antibanding(4)
07-12 01:26:07.773 25450 25599 I BatteryMgr:DataCollectionService: stats => 1689117967773,-508788,4203
07-12 01:26:07.774 25450 25599 I BatteryMgr:DataCollectionService: stats => 1689117967774,-508788,4203
07-12 01:26:07.776 25450 25599 I BatteryMgr:DataCollectionService: stats => 1689117967776,-508788,4203
07-12 01:26:07.778 25450 25599 I BatteryMgr:DataCollectionService: stats => 1689117967778,-508788,4203
07-12 01:26:07.779 25450 25599 I BatteryMgr:DataCollectionService: stats => 1689117967779,-508788,4203
07-12 01:26:07.782 25450 25599 I BatteryMgr:DataCollectionService: stats => 1689117967782,-508788,4203
07-12 01:26:07.783 25450 25599 I BatteryMgr:DataCollectionService: stats => 1689117967783,-508788,4203
07-12 01:26:07.785 25450 25599 I BatteryMgr:DataCollectionService: stats => 1689117967785,-508788,4203
07-12 01:26:07.788 25450 25599 I BatteryMgr:DataCollectionService: stats => 1689117967788,-508788,4203
07-12 01:26:07.791 25450 25599 I BatteryMgr:DataCollectionService: stats => 1689117967791,-508788,4203
07-12 01:26:07.794 25450 25599 I BatteryMgr:DataCollectionService: stats => 1689117967794,-508788,4203
07-12 01:26:07.796 25450 25599 I BatteryMgr:DataCollectionService: stats => 1689117967796,-508788,4203
07-12 01:26:07.799 25450 25599 I BatteryMgr:DataCollectionService: stats => 1689117967799,-508788,4203
07-12 01:26:07.801 25450 25599 I BatteryMgr:DataCollectionService: stats => 1689117967801,-508788,4203
07-12 01:26:07.803 25450 25599 I BatteryMgr:DataCollectionService: stats => 1689117967803,-508788,4203
07-12 01:26:07.806 25450 25599 I BatteryMgr:DataCollectionService: stats => 1689117967806,-508788,4203
07-12 01:26:07.808 25450 25599 I BatteryMgr:DataCollectionService: stats => 1689117967808,-508788,4203
07-12 01:26:07.810  1495  3200 D ConnectivityService: ConnectivityService NetworkRequestInfo binderDied(NetworkRequest [ TRACK_DEFAULT id=352, [ Capabilities: INTERNET&NOT_RESTRICTED&TRUSTED Uid: 10173] ], android.os.BinderProxy@df374f4)
07-12 01:26:07.810  1495 10095 I ActivityManager: Process com.google.android.calendar (pid 23409) has died: cch+85 CEM 
07-12 01:26:07.810   562   562 I hwservicemanager: getTransport: Cannot find entry vendor.qti.hardware.iop@2.0::IIop/default in either framework or device manifest.
07-12 01:26:07.811  1495  2147 D ConnectivityService: releasing NetworkRequest [ TRACK_DEFAULT id=352, [ Capabilities: INTERNET&NOT_RESTRICTED&TRUSTED Uid: 10173] ] (release request)
07-12 01:26:07.813   695   695 I Zygote  : Process 23409 exited due to signal 9 (Killed)
07-12 01:26:07.813   562   562 E SELinux : avc:  denied  { find } for interface=vendor.qti.hardware.servicetracker::IServicetracker sid=u:r:system_server:s0 pid=1495 scontext=u:r:system_server:s0 tcontext=u:object_r:default_android_hwservice:s0 tclass=hwservice_manager permissive=0
07-12 01:26:07.813 25450 25599 I BatteryMgr:DataCollectionService: stats => 1689117967813,-508788,4203
07-12 01:26:07.818 25450 25599 I BatteryMgr:DataCollectionService: stats => 1689117967818,-508788,4203
07-12 01:26:07.823 25450 25599 I BatteryMgr:DataCollectionService: stats => 1689117967822,-508788,4203
07-12 01:26:07.823  1495 10095 I ActivityManager: Process com.android.providers.calendar (pid 23440) has died: cch+75 CEM 
07-12 01:26:07.823   695   695 I Zygote  : Process 23440 exited due to signal 9 (Killed)
07-12 01:26:07.824   562   562 I hwservicemanager: getTransport: Cannot find entry vendor.qti.hardware.iop@2.0::IIop/default in either framework or device manifest.
07-12 01:26:07.825   562   562 E SELinux : avc:  denied  { find } for interface=vendor.qti.hardware.servicetracker::IServicetracker sid=u:r:system_server:s0 pid=1495 scontext=u:r:system_server:s0 tcontext=u:object_r:default_android_hwservice:s0 tclass=hwservice_manager permissive=0
07-12 01:26:07.827   735 25530 E mm-camera: <SENSOR><ERROR> 5372: module_sensor_event_control_set_parm: func_tbl for submodule 4 is NULL
07-12 01:26:07.827   735 25530 E mm-camera: <SENSOR><ERROR> 5183: module_sensor_event_control_set_parm: func_tbl for submodule 4 is NULL
07-12 01:26:07.827   735 25530 E mm-camera: <SENSOR><ERROR> 5185: module_sensor_event_control_set_parm: CAM_INTF_META_FLASH_POWER failed
07-12 01:26:07.831 25450 25599 I BatteryMgr:DataCollectionService: stats => 1689117967831,-508788,4203
07-12 01:26:07.833 25450 25599 I BatteryMgr:DataCollectionService: stats => 1689117967833,-508788,4203
07-12 01:26:07.836 25450 25599 I BatteryMgr:DataCollectionService: stats => 1689117967835,-508788,4203
07-12 01:26:07.838 25450 25599 I BatteryMgr:DataCollectionService: stats => 1689117967838,-508788,4203
07-12 01:26:07.840 25450 25599 I BatteryMgr:DataCollectionService: stats => 1689117967840,-508788,4203
07-12 01:26:07.842 25450 25599 I BatteryMgr:DataCollectionService: stats => 1689117967842,-508788,4203
07-12 01:26:07.845 25450 25599 I BatteryMgr:DataCollectionService: stats => 1689117967845,-508788,4203
07-12 01:26:07.848   735  1567 E QCamera : <HAL><ERROR> translateToHalMetadata: 12955: antibanding(4)
07-12 01:26:07.848 25450 25599 I BatteryMgr:DataCollectionService: stats => 1689117967848,-508788,4203
07-12 01:26:07.852 25450 25599 I BatteryMgr:DataCollectionService: stats => 1689117967851,-508788,4203
07-12 01:26:07.854 25450 25599 I BatteryMgr:DataCollectionService: stats => 1689117967853,-508788,4203
07-12 01:26:07.854  1495  1877 I libprocessgroup: Successfully killed process cgroup uid 10173 pid 23409 in 44ms
07-12 01:26:07.855  1495  1877 I libprocessgroup: Successfully killed process cgroup uid 10088 pid 23440 in 0ms
07-12 01:26:07.856 25450 25599 I BatteryMgr:DataCollectionService: stats => 1689117967856,-508788,4203
07-12 01:26:07.858 25450 25599 I BatteryMgr:DataCollectionService: stats => 1689117967857,-508788,4203
07-12 01:26:07.860 25450 25599 I BatteryMgr:DataCollectionService: stats => 1689117967860,-508788,4203
07-12 01:26:07.862 25450 25599 I BatteryMgr:DataCollectionService: stats => 1689117967862,-508788,4203
07-12 01:26:07.864 25450 25599 I BatteryMgr:DataCollectionService: stats => 1689117967864,-508788,4203
07-12 01:26:07.866 25450 25599 I BatteryMgr:DataCollectionService: stats => 1689117967866,-508788,4203
07-12 01:26:07.868 25450 25599 I BatteryMgr:DataCollectionService: stats => 1689117967868,-508788,4203
07-12 01:26:07.869  1495  3677 D CountryDetector: No listener is left
07-12 01:26:07.869  1495 10095 I ActivityManager: Process android.process.acore (pid 23499) has died: cch+65 CEM 
07-12 01:26:07.869   562   562 I hwservicemanager: getTransport: Cannot find entry vendor.qti.hardware.iop@2.0::IIop/default in either framework or device manifest.
07-12 01:26:07.870 25450 25599 I BatteryMgr:DataCollectionService: stats => 1689117967870,-508788,4203
07-12 01:26:07.871   562   562 E SELinux : avc:  denied  { find } for interface=vendor.qti.hardware.servicetracker::IServicetracker sid=u:r:system_server:s0 pid=1495 scontext=u:r:system_server:s0 tcontext=u:object_r:default_android_hwservice:s0 tclass=hwservice_manager permissive=0
07-12 01:26:07.871   695   695 I Zygote  : Process 23499 exited due to signal 9 (Killed)
07-12 01:26:07.875 25450 25599 I BatteryMgr:DataCollectionService: stats => 1689117967875,-508788,4203
07-12 01:26:07.877 25450 25599 I BatteryMgr:DataCollectionService: stats => 1689117967877,-508788,4203
07-12 01:26:07.879 25450 25599 I BatteryMgr:DataCollectionService: stats => 1689117967879,-508788,4203
07-12 01:26:07.882 25450 25599 I BatteryMgr:DataCollectionService: stats => 1689117967882,-508788,4203
07-12 01:26:07.883 25450 25599 I BatteryMgr:DataCollectionService: stats => 1689117967883,-508788,4203
07-12 01:26:07.885 25450 25599 I BatteryMgr:DataCollectionService: stats => 1689117967885,-508788,4203
07-12 01:26:07.887 25450 25599 I BatteryMgr:DataCollectionService: stats => 1689117967887,-508788,4203
07-12 01:26:07.890 25450 25599 I BatteryMgr:DataCollectionService: stats => 1689117967890,-508788,4203
07-12 01:26:07.891  1495  2197 I ActivityManager: Process com.google.process.gapps (pid 24097) has died: cch+55 CEM 
07-12 01:26:07.891   562   562 I hwservicemanager: getTransport: Cannot find entry vendor.qti.hardware.iop@2.0::IIop/default in either framework or device manifest.
07-12 01:26:07.892   695   695 I Zygote  : Process 24097 exited due to signal 9 (Killed)
07-12 01:26:07.892 25450 25599 I BatteryMgr:DataCollectionService: stats => 1689117967892,-508788,4203
07-12 01:26:07.893   562   562 E SELinux : avc:  denied  { find } for interface=vendor.qti.hardware.servicetracker::IServicetracker sid=u:r:system_server:s0 pid=1495 scontext=u:r:system_server:s0 tcontext=u:object_r:default_android_hwservice:s0 tclass=hwservice_manager permissive=0
07-12 01:26:07.898 11409 11409 I AppBase : AppBase.onTrimMemory():445 onTrimMemory(): 10
07-12 01:26:07.899 11409 11409 I GoogleInputMethodService: GoogleInputMethodService.onTrimMemory():4558 onTrimMemory(): 10
07-12 01:26:07.901   735 25530 E mm-camera: <SENSOR><ERROR> 5372: module_sensor_event_control_set_parm: func_tbl for submodule 4 is NULL
07-12 01:26:07.901   735 25530 E mm-camera: <SENSOR><ERROR> 5183: module_sensor_event_control_set_parm: func_tbl for submodule 4 is NULL
07-12 01:26:07.901   735 25530 E mm-camera: <SENSOR><ERROR> 5185: module_sensor_event_control_set_parm: CAM_INTF_META_FLASH_POWER failed
07-12 01:26:07.906 25450 25599 I BatteryMgr:DataCollectionService: stats => 1689117967906,-508788,4203
07-12 01:26:07.911 25450 25599 I BatteryMgr:DataCollectionService: stats => 1689117967911,-508788,4203
07-12 01:26:07.912   735  1567 E QCamera : <HAL><ERROR> translateToHalMetadata: 12955: antibanding(4)
07-12 01:26:07.913 25450 25599 I BatteryMgr:DataCollectionService: stats => 1689117967913,-508788,4203
07-12 01:26:07.914  1495  1877 I libprocessgroup: Successfully killed process cgroup uid 10080 pid 23499 in 45ms
07-12 01:26:07.915  1495  1877 I libprocessgroup: Successfully killed process cgroup uid 10152 pid 24097 in 0ms
07-12 01:26:07.916 25450 25599 I BatteryMgr:DataCollectionService: stats => 1689117967916,-508788,4203
07-12 01:26:07.922 25450 25599 I BatteryMgr:DataCollectionService: stats => 1689117967922,-508788,4203
07-12 01:26:07.924 25450 25599 I BatteryMgr:DataCollectionService: stats => 1689117967924,-508788,4203
07-12 01:26:07.925 25450 25599 I BatteryMgr:DataCollectionService: stats => 1689117967925,-508788,4203
07-12 01:26:07.927 25450 25599 I BatteryMgr:DataCollectionService: stats => 1689117967926,-508788,4203
07-12 01:26:07.928 25450 25599 I BatteryMgr:DataCollectionService: stats => 1689117967928,-508788,4203
07-12 01:26:07.929 25450 25599 I BatteryMgr:DataCollectionService: stats => 1689117967929,-508788,4203
07-12 01:26:07.932 25450 25599 I BatteryMgr:DataCollectionService: stats => 1689117967932,-508788,4203
07-12 01:26:07.934 25450 25599 I BatteryMgr:DataCollectionService: stats => 1689117967934,-508788,4203
07-12 01:26:07.936 25450 25599 I BatteryMgr:DataCollectionService: stats => 1689117967936,-508788,4203
07-12 01:26:07.938 25450 25599 I BatteryMgr:DataCollectionService: stats => 1689117967938,-508788,4203
07-12 01:26:07.940 25450 25599 I BatteryMgr:DataCollectionService: stats => 1689117967940,-508788,4203
07-12 01:26:07.941  1495  3677 I ActivityManager: Process com.evenwell.AprUploadService (pid 24070) has died: cch+45 CEM 
07-12 01:26:07.942 25450 25599 I BatteryMgr:DataCollectionService: stats => 1689117967942,-508788,4203
07-12 01:26:07.942   562   562 I hwservicemanager: getTransport: Cannot find entry vendor.qti.hardware.iop@2.0::IIop/default in either framework or device manifest.
07-12 01:26:07.942   695   695 I Zygote  : Process 24070 exited due to signal 9 (Killed)
07-12 01:26:07.943   562   562 E SELinux : avc:  denied  { find } for interface=vendor.qti.hardware.servicetracker::IServicetracker sid=u:r:system_server:s0 pid=1495 scontext=u:r:system_server:s0 tcontext=u:object_r:default_android_hwservice:s0 tclass=hwservice_manager permissive=0
07-12 01:26:07.948 25450 25599 I BatteryMgr:DataCollectionService: stats => 1689117967948,-508788,4203
07-12 01:26:07.950 25450 25599 I BatteryMgr:DataCollectionService: stats => 1689117967950,-508788,4203
07-12 01:26:07.952 25450 25599 I BatteryMgr:DataCollectionService: stats => 1689117967952,-508788,4203
07-12 01:26:07.954 25450 25599 I BatteryMgr:DataCollectionService: stats => 1689117967954,-508788,4203
07-12 01:26:07.956 25450 25599 I BatteryMgr:DataCollectionService: stats => 1689117967956,-508788,4203
07-12 01:26:07.959 25450 25599 I BatteryMgr:DataCollectionService: stats => 1689117967958,-508788,4203
07-12 01:26:07.961 25450 25599 I BatteryMgr:DataCollectionService: stats => 1689117967961,-508788,4203
07-12 01:26:07.964 25450 25599 I BatteryMgr:DataCollectionService: stats => 1689117967964,-508788,4203
07-12 01:26:07.967 25450 25599 I BatteryMgr:DataCollectionService: stats => 1689117967967,-508788,4203
07-12 01:26:07.968   735 25530 E mm-camera: <SENSOR><ERROR> 5372: module_sensor_event_control_set_parm: func_tbl for submodule 4 is NULL
07-12 01:26:07.968   735 25530 E mm-camera: <SENSOR><ERROR> 5183: module_sensor_event_control_set_parm: func_tbl for submodule 4 is NULL
07-12 01:26:07.968   735 25530 E mm-camera: <SENSOR><ERROR> 5185: module_sensor_event_control_set_parm: CAM_INTF_META_FLASH_POWER failed
07-12 01:26:07.970 25450 25599 I BatteryMgr:DataCollectionService: stats => 1689117967970,-508788,4203
07-12 01:26:07.974 25450 25599 I BatteryMgr:DataCollectionService: stats => 1689117967974,-508788,4203
07-12 01:26:07.977 25450 25599 I BatteryMgr:DataCollectionService: stats => 1689117967977,-508788,4203
07-12 01:26:07.979 25450 25599 I BatteryMgr:DataCollectionService: stats => 1689117967979,-508788,4203
07-12 01:26:07.979   735  1567 E QCamera : <HAL><ERROR> translateToHalMetadata: 12955: antibanding(4)
07-12 01:26:07.980 25450 25599 I BatteryMgr:DataCollectionService: stats => 1689117967980,-508788,4203
07-12 01:26:07.983 25450 25599 I BatteryMgr:DataCollectionService: stats => 1689117967983,-508788,4203
07-12 01:26:07.984  1495  1877 I libprocessgroup: Successfully killed process cgroup uid 10094 pid 24070 in 42ms
07-12 01:26:07.985 25450 25599 I BatteryMgr:DataCollectionService: stats => 1689117967985,-508788,4203
07-12 01:26:07.986 25450 25599 I BatteryMgr:DataCollectionService: stats => 1689117967986,-508788,4203
07-12 01:26:07.987 25450 25599 I BatteryMgr:DataCollectionService: stats => 1689117967987,-508788,4203
07-12 01:26:07.989 25450 25599 I BatteryMgr:DataCollectionService: stats => 1689117967989,-508788,4203
07-12 01:26:07.990 25450 25599 I BatteryMgr:DataCollectionService: stats => 1689117967990,-508788,4203
07-12 01:26:07.991 25450 25599 I BatteryMgr:DataCollectionService: stats => 1689117967991,-508788,4203
07-12 01:26:07.993 25450 25599 I BatteryMgr:DataCollectionService: stats => 1689117967992,-508788,4203
07-12 01:26:07.995 25450 25599 I BatteryMgr:DataCollectionService: stats => 1689117967995,-508788,4203
07-12 01:26:07.997 25450 25599 I BatteryMgr:DataCollectionService: stats => 1689117967997,-508788,4203
07-12 01:26:07.999 25450 25599 I BatteryMgr:DataCollectionService: stats => 1689117967999,-508788,4203
07-12 01:26:08.004 25450 25599 I BatteryMgr:DataCollectionService: stats => 1689117968003,-508788,4203
07-12 01:26:08.006 25450 25599 I BatteryMgr:DataCollectionService: stats => 1689117968006,-508788,4203
07-12 01:26:08.008 25450 25599 I BatteryMgr:DataCollectionService: stats => 1689117968008,-508788,4203
07-12 01:26:08.010 25450 25599 I BatteryMgr:DataCollectionService: stats => 1689117968010,-508788,4203
07-12 01:26:08.013 25450 25599 I BatteryMgr:DataCollectionService: stats => 1689117968013,-508788,4203
07-12 01:26:08.015 25450 25599 I BatteryMgr:DataCollectionService: stats => 1689117968015,-508788,4203
07-12 01:26:08.018 25450 25599 I BatteryMgr:DataCollectionService: stats => 1689117968017,-508788,4203
07-12 01:26:08.020 25450 25599 I BatteryMgr:DataCollectionService: stats => 1689117968020,-508788,4203
07-12 01:26:08.023 25450 25599 I BatteryMgr:DataCollectionService: stats => 1689117968022,-508788,4203
07-12 01:26:08.025 25450 25599 I BatteryMgr:DataCollectionService: stats => 1689117968025,-508788,4203
07-12 01:26:08.028 25450 25599 I BatteryMgr:DataCollectionService: stats => 1689117968028,-508788,4203
07-12 01:26:08.030 25450 25599 I BatteryMgr:DataCollectionService: stats => 1689117968030,-508788,4203
07-12 01:26:08.033 25450 25599 I BatteryMgr:DataCollectionService: stats => 1689117968032,-508788,4203
07-12 01:26:08.035 25450 25599 I BatteryMgr:DataCollectionService: stats => 1689117968035,-508788,4203
07-12 01:26:08.038 25450 25599 I BatteryMgr:DataCollectionService: stats => 1689117968038,-508788,4203
07-12 01:26:08.042   735 25530 E mm-camera: <SENSOR><ERROR> 5372: module_sensor_event_control_set_parm: func_tbl for submodule 4 is NULL
07-12 01:26:08.042   735 25530 E mm-camera: <SENSOR><ERROR> 5183: module_sensor_event_control_set_parm: func_tbl for submodule 4 is NULL
07-12 01:26:08.042   735 25530 E mm-camera: <SENSOR><ERROR> 5185: module_sensor_event_control_set_parm: CAM_INTF_META_FLASH_POWER failed
07-12 01:26:08.042 25450 25599 I BatteryMgr:DataCollectionService: stats => 1689117968042,-508788,4203
07-12 01:26:08.046 25450 25599 I BatteryMgr:DataCollectionService: stats => 1689117968046,-508788,4203
07-12 01:26:08.050 25450 25599 I BatteryMgr:DataCollectionService: stats => 1689117968050,-482421,4203
07-12 01:26:08.051   735  1567 E QCamera : <HAL><ERROR> translateToHalMetadata: 12955: antibanding(4)
07-12 01:26:08.052 25450 25599 I BatteryMgr:DataCollectionService: stats => 1689117968052,-482421,4203
07-12 01:26:08.056 25450 25599 I BatteryMgr:DataCollectionService: stats => 1689117968056,-482421,4203
07-12 01:26:08.063  1495  2197 I ActivityManager: Process com.google.process.gservices (pid 22601) has died: cch+35 CEM 
07-12 01:26:08.064 25450 25599 I BatteryMgr:DataCollectionService: stats => 1689117968064,-482421,4203
07-12 01:26:08.064   562   562 I hwservicemanager: getTransport: Cannot find entry vendor.qti.hardware.iop@2.0::IIop/default in either framework or device manifest.
07-12 01:26:08.064   695   695 I Zygote  : Process 22601 exited due to signal 9 (Killed)
07-12 01:26:08.065   562   562 E SELinux : avc:  denied  { find } for interface=vendor.qti.hardware.servicetracker::IServicetracker sid=u:r:system_server:s0 pid=1495 scontext=u:r:system_server:s0 tcontext=u:object_r:default_android_hwservice:s0 tclass=hwservice_manager permissive=0
07-12 01:26:08.070 11409 11409 I AppBase : AppBase.onTrimMemory():445 onTrimMemory(): 15
07-12 01:26:08.071 11409 11409 I GoogleInputMethodService: GoogleInputMethodService.onTrimMemory():4558 onTrimMemory(): 15
07-12 01:26:08.074 25450 25599 I BatteryMgr:DataCollectionService: stats => 1689117968074,-482421,4203
07-12 01:26:08.077 25450 25599 I BatteryMgr:DataCollectionService: stats => 1689117968077,-482421,4203
07-12 01:26:08.091 25450 25599 I BatteryMgr:DataCollectionService: stats => 1689117968091,-482421,4203
07-12 01:26:08.091  1495  2197 I ActivityManager: Process com.evenwell.DeviceMonitorControl (pid 24901) has died: cch+25 CEM 
07-12 01:26:08.092   562   562 I hwservicemanager: getTransport: Cannot find entry vendor.qti.hardware.iop@2.0::IIop/default in either framework or device manifest.
07-12 01:26:08.093   695   695 I Zygote  : Process 24901 exited due to signal 9 (Killed)
07-12 01:26:08.093 25450 25599 I BatteryMgr:DataCollectionService: stats => 1689117968093,-482421,4203
07-12 01:26:08.094   562   562 E SELinux : avc:  denied  { find } for interface=vendor.qti.hardware.servicetracker::IServicetracker sid=u:r:system_server:s0 pid=1495 scontext=u:r:system_server:s0 tcontext=u:object_r:default_android_hwservice:s0 tclass=hwservice_manager permissive=0
07-12 01:26:08.099 25450 25599 I BatteryMgr:DataCollectionService: stats => 1689117968099,-482421,4203
07-12 01:26:08.101 25450 25599 I BatteryMgr:DataCollectionService: stats => 1689117968101,-482421,4203
07-12 01:26:08.103 25450 25599 I BatteryMgr:DataCollectionService: stats => 1689117968103,-482421,4203
07-12 01:26:08.104  1495  1877 I libprocessgroup: Successfully killed process cgroup uid 10152 pid 22601 in 40ms
