--------- beginning of system
06-12 13:42:26.599   753 14101 I ActivityManager: START u0 {act=android.intent.action.MAIN cat=[android.intent.category.LAUNCHER] flg=0x10000000 cmp=com.example.batterymanager_utility/.MainActivity} from uid 2000
--------- beginning of main
06-12 13:42:26.638 15805 15805 I zygote64: Late-enabling -Xcheck:jni
06-12 13:42:26.639   753  3813 I ActivityManager: Start proc 15805:com.example.batterymanager_utility/u0a111 for activity com.example.batterymanager_utility/.MainActivity
06-12 13:42:26.662 32380 12912 V ClearcutMetricXmitter: Transmission is done.
06-12 13:42:26.711 27061 27061 I GsaVoiceInteractionSrv: Handling ACTION_STOP_HOTWORD
06-12 13:42:26.773 15805 15805 I BatteryMgr:App: creating notification channel
06-12 13:42:26.848 15805 15823 D OpenGLRenderer: HWUI GL Pipeline
06-12 13:42:27.036 15805 15805 W zygote64: Class androidx.compose.runtime.snapshots.SnapshotStateList failed lock verification and will run slower.
06-12 13:42:27.036 15805 15805 W zygote64: Common causes for lock verification issues are non-optimized dex code
06-12 13:42:27.036 15805 15805 W zygote64: and incorrect proguard optimizations.
06-12 13:42:27.039 15810 15810 D AndroidRuntime: >>>>>> START com.android.internal.os.RuntimeInit uid 2000 <<<<<<
06-12 13:42:27.143 15805 15812 I zygote64: Do partial code cache collection, code=30KB, data=19KB
06-12 13:42:27.143 15805 15812 I zygote64: After code cache collection, code=30KB, data=19KB
06-12 13:42:27.144 15805 15812 I zygote64: Increasing code cache capacity to 128KB
06-12 13:42:27.155 15810 15810 D ICU     : Timezone override file found: /data/misc/zoneinfo/current/icu/icu_tzdata.dat
06-12 13:42:27.175 15810 15810 I app_process: The ClassLoaderContext is a special shared library.
06-12 13:42:27.211 15810 15810 D AndroidRuntime: Calling main entry com.android.commands.monkey.Monkey
06-12 13:42:27.214 15810 15810 W Monkey  : args: [-p, e.www.cpufactorialtest, 1]
06-12 13:42:27.214 15810 15810 W Monkey  :  arg: "-p"
06-12 13:42:27.214 15810 15810 W Monkey  :  arg: "e.www.cpufactorialtest"
06-12 13:42:27.215 15810 15810 W Monkey  :  arg: "1"
06-12 13:42:27.215 15810 15810 W Monkey  : data="e.www.cpufactorialtest"
06-12 13:42:27.243   753   779 W BroadcastQueue: Skipping deliver [background] BroadcastRecord{2dcfe0c u-1 android.net.conn.CONNECTIVITY_CHANGE} to ReceiverList{6c80355 15810 (unknown name)/2000/u-1 remote:671ed5e}: process gone or crashing
06-12 13:42:27.261   753  3808 I ActivityManager: START u0 {act=android.intent.action.MAIN cat=[android.intent.category.LAUNCHER] flg=0x10200000 cmp=e.www.cpufactorialtest/.MainActivity} from uid 2000
06-12 13:42:27.262   753  3808 W Binder  : Outgoing transactions from this process must be FLAG_ONEWAY
06-12 13:42:27.262   753  3808 W Binder  : java.lang.Throwable
06-12 13:42:27.262   753  3808 W Binder  : 	at android.os.BinderProxy.transact(Binder.java:752)
06-12 13:42:27.262   753  3808 W Binder  : 	at android.app.IActivityController$Stub$Proxy.activityStarting(IActivityController.java:172)
06-12 13:42:27.262   753  3808 W Binder  : 	at com.android.server.am.ActivityStarter.startActivity(ActivityStarter.java:449)
06-12 13:42:27.262   753  3808 W Binder  : 	at com.android.server.am.ActivityStarter.startActivityLocked(ActivityStarter.java:278)
06-12 13:42:27.262   753  3808 W Binder  : 	at com.android.server.am.ActivityStarter.startActivityMayWait(ActivityStarter.java:817)
06-12 13:42:27.262   753  3808 W Binder  : 	at com.android.server.am.ActivityManagerService.startActivityAsUser(ActivityManagerService.java:4532)
06-12 13:42:27.262   753  3808 W Binder  : 	at com.android.server.am.ActivityManagerService.startActivity(ActivityManagerService.java:4519)
06-12 13:42:27.262   753  3808 W Binder  : 	at android.app.IActivityManager$Stub.onTransact(IActivityManager.java:121)
06-12 13:42:27.262   753  3808 W Binder  : 	at com.android.server.am.ActivityManagerService.onTransact(ActivityManagerService.java:2919)
06-12 13:42:27.262   753  3808 W Binder  : 	at android.os.Binder.execTransact(Binder.java:697)
06-12 13:42:27.263 15805 15823 I Adreno  : QUALCOMM build                   : 8e59954, I0be83d0d26
06-12 13:42:27.263 15805 15823 I Adreno  : Build Date                       : 09/22/17
06-12 13:42:27.263 15805 15823 I Adreno  : OpenGL ES Shader Compiler Version: EV031.21.02.00
06-12 13:42:27.263 15805 15823 I Adreno  : Local Branch                     : O17A
06-12 13:42:27.263 15805 15823 I Adreno  : Remote Branch                    : 
06-12 13:42:27.263 15805 15823 I Adreno  : Remote Branch                    : 
06-12 13:42:27.263 15805 15823 I Adreno  : Reconstruct Branch               : 
06-12 13:42:27.265 15805 15823 D vndksupport: Loading /vendor/lib64/hw/gralloc.msm8992.so from current namespace instead of sphal namespace.
06-12 13:42:27.279 15805 15823 I Adreno  : PFP: 0x00000000, ME: 0x00000000
06-12 13:42:27.285 15810 15810 I Monkey  : Events injected: 1
06-12 13:42:27.286   362   362 W /system/bin/hwservicemanager: getTransport: Cannot find entry android.hardware.configstore@1.0::ISurfaceFlingerConfigs/default in either framework or device manifest.
06-12 13:42:27.289 15805 15805 D Compose Focus: Owner FocusChanged(true)
06-12 13:42:27.290 15805 15823 I zygote64: android::hardware::configstore::V1_0::ISurfaceFlingerConfigs::hasWideColorDisplay retrieved: 0
06-12 13:42:27.292 15805 15823 I OpenGLRenderer: Initialized EGL, version 1.4
06-12 13:42:27.292 15805 15823 D OpenGLRenderer: Swap behavior 2
06-12 13:42:27.296 15810 15810 I Monkey  : ## Network stats: elapsed time=33ms (0ms mobile, 0ms wifi, 33ms not connected)
06-12 13:42:27.297 15810 15810 I com.android.commands.monkey: System.exit called, status: 0
06-12 13:42:27.297 15810 15810 I AndroidRuntime: VM exiting with result code 0.
06-12 13:42:27.352   362   362 W /system/bin/hwservicemanager: getTransport: Cannot find entry android.hardware.graphics.mapper@2.0::IMapper/default in either framework or device manifest.
06-12 13:42:27.353 15805 15823 D vndksupport: Loading /vendor/lib64/hw/android.hardware.graphics.mapper@2.0-impl.so from current namespace instead of sphal namespace.
06-12 13:42:27.353 15805 15823 D vndksupport: Loading /vendor/lib64/hw/gralloc.msm8992.so from current namespace instead of sphal namespace.
06-12 13:42:27.387 18762 18762 I GoogleInputMethodService: GoogleInputMethodService.onFinishInput():3307 
06-12 13:42:27.389 18762 18762 I GoogleInputMethodService: GoogleInputMethodService.updateDeviceLockedStatus():2137 repeatCheckTimes = 0, locked = false
06-12 13:42:27.389 18762 18762 I GoogleInputMethodService: GoogleInputMethodService.onStartInput():1917 onStartInput(EditorInfo{inputType=0x0(NULL) imeOptions=0x0 privateImeOptions=null actionName=UNSPECIFIED actionLabel=null actionId=0 initialSelStart=-1 initialSelEnd=-1 initialCapsMode=0x0 hintText=null label=null packageName=com.example.batterymanager_utility fieldId=-1 fieldName=null extras=null hintLocales=[]}, false)
06-12 13:42:27.389 18762 18762 I GoogleInputMethodService: GoogleInputMethodService.shouldHideHeaderOnInitialState():1998 ShouldHideHeaderOnInitialState = false
06-12 13:42:27.390 18762 18762 I GoogleInputMethodService: GoogleInputMethodService.updateDeviceLockedStatus():2137 repeatCheckTimes = 1, locked = false
06-12 13:42:27.407 15836 15836 I zygote64: Late-enabling -Xcheck:jni
06-12 13:42:27.407   753  3239 I ActivityManager: Start proc 15836:e.www.cpufactorialtest/u0a210 for activity e.www.cpufactorialtest/.MainActivity
06-12 13:42:27.609 15836 15836 I zygote64: Rejecting re-init on previously-failed class java.lang.Class<androidx.core.view.ViewCompat$2>: java.lang.NoClassDefFoundError: Failed resolution of: Landroid/view/View$OnUnhandledKeyEventListener;
06-12 13:42:27.609 15836 15836 I zygote64:   at void androidx.core.view.ViewCompat.setOnApplyWindowInsetsListener(android.view.View, androidx.core.view.OnApplyWindowInsetsListener) (ViewCompat.java:2436)
06-12 13:42:27.609 15836 15836 I zygote64:   at android.view.ViewGroup androidx.appcompat.app.AppCompatDelegateImpl.createSubDecor() (AppCompatDelegateImpl.java:779)
06-12 13:42:27.609 15836 15836 I zygote64:   at void androidx.appcompat.app.AppCompatDelegateImpl.ensureSubDecor() (AppCompatDelegateImpl.java:659)
06-12 13:42:27.609 15836 15836 I zygote64:   at void androidx.appcompat.app.AppCompatDelegateImpl.setContentView(int) (AppCompatDelegateImpl.java:552)
06-12 13:42:27.609 15836 15836 I zygote64:   at void androidx.appcompat.app.AppCompatActivity.setContentView(int) (AppCompatActivity.java:161)
06-12 13:42:27.609 15836 15836 I zygote64:   at void e.www.cpufactorialtest.MainActivity.onCreate(android.os.Bundle) (MainActivity.kt:24)
06-12 13:42:27.609 15836 15836 I zygote64:   at void android.app.Activity.performCreate(android.os.Bundle, android.os.PersistableBundle) (Activity.java:7009)
06-12 13:42:27.609 15836 15836 I zygote64:   at void android.app.Activity.performCreate(android.os.Bundle) (Activity.java:7000)
06-12 13:42:27.609 15836 15836 I zygote64:   at void android.app.Instrumentation.callActivityOnCreate(android.app.Activity, android.os.Bundle) (Instrumentation.java:1214)
06-12 13:42:27.609 15836 15836 I zygote64:   at android.app.Activity android.app.ActivityThread.performLaunchActivity(android.app.ActivityThread$ActivityClientRecord, android.content.Intent) (ActivityThread.java:2731)
06-12 13:42:27.609 15836 15836 I zygote64:   at void android.app.ActivityThread.handleLaunchActivity(android.app.ActivityThread$ActivityClientRecord, android.content.Intent, java.lang.String) (ActivityThread.java:2856)
06-12 13:42:27.609 15836 15836 I zygote64:   at void android.app.ActivityThread.-wrap11(android.app.ActivityThread, android.app.ActivityThread$ActivityClientRecord, android.content.Intent, java.lang.String) (ActivityThread.java:-1)
06-12 13:42:27.609 15836 15836 I zygote64:   at void android.app.ActivityThread$H.handleMessage(android.os.Message) (ActivityThread.java:1589)
06-12 13:42:27.609 15836 15836 I zygote64:   at void android.os.Handler.dispatchMessage(android.os.Message) (Handler.java:106)
06-12 13:42:27.609 15836 15836 I zygote64:   at void android.os.Looper.loop() (Looper.java:164)
06-12 13:42:27.609 15836 15836 I zygote64:   at void android.app.ActivityThread.main(java.lang.String[]) (ActivityThread.java:6494)
06-12 13:42:27.609 15836 15836 I zygote64:   at java.lang.Object java.lang.reflect.Method.invoke(java.lang.Object, java.lang.Object[]) (Method.java:-2)
06-12 13:42:27.609 15836 15836 I zygote64:   at void com.android.internal.os.RuntimeInit$MethodAndArgsCaller.run() (RuntimeInit.java:438)
06-12 13:42:27.609 15836 15836 I zygote64:   at void com.android.internal.os.ZygoteInit.main(java.lang.String[]) (ZygoteInit.java:807)
06-12 13:42:27.609 15836 15836 I zygote64: Caused by: java.lang.ClassNotFoundException: Didn't find class "android.view.View$OnUnhandledKeyEventListener" on path: DexPathList[[zip file "/data/app/e.www.cpufactorialtest-IVMAMOPqKpJmCH-sIcqUuQ==/base.apk"],nativeLibraryDirectories=[/data/app/e.www.cpufactorialtest-IVMAMOPqKpJmCH-sIcqUuQ==/lib/arm64, /system/lib64, /vendor/lib64]]
06-12 13:42:27.609 15836 15836 I zygote64:   at java.lang.Class dalvik.system.BaseDexClassLoader.findClass(java.lang.String) (BaseDexClassLoader.java:125)
06-12 13:42:27.609 15836 15836 I zygote64:   at java.lang.Class java.lang.ClassLoader.loadClass(java.lang.String, boolean) (ClassLoader.java:379)
06-12 13:42:27.609 15836 15836 I zygote64:   at java.lang.Class java.lang.ClassLoader.loadClass(java.lang.String) (ClassLoader.java:312)
06-12 13:42:27.609 15836 15836 I zygote64:   at void androidx.core.view.ViewCompat.setOnApplyWindowInsetsListener(android.view.View, androidx.core.view.OnApplyWindowInsetsListener) (ViewCompat.java:2436)
06-12 13:42:27.609 15836 15836 I zygote64:   at android.view.ViewGroup androidx.appcompat.app.AppCompatDelegateImpl.createSubDecor() (AppCompatDelegateImpl.java:779)
06-12 13:42:27.609 15836 15836 I zygote64:   at void androidx.appcompat.app.AppCompatDelegateImpl.ensureSubDecor() (AppCompatDelegateImpl.java:659)
06-12 13:42:27.609 15836 15836 I zygote64:   at void androidx.appcompat.app.AppCompatDelegateImpl.setContentView(int) (AppCompatDelegateImpl.java:552)
06-12 13:42:27.609 15836 15836 I zygote64:   at void androidx.appcompat.app.AppCompatActivity.setContentView(int) (AppCompatActivity.java:161)
06-12 13:42:27.609 15836 15836 I zygote64:   at void e.www.cpufactorialtest.MainActivity.onCreate(android.os.Bundle) (MainActivity.kt:24)
06-12 13:42:27.609 15836 15836 I zygote64:   at void android.app.Activity.performCreate(android.os.Bundle, android.os.PersistableBundle) (Activity.java:7009)
06-12 13:42:27.609 15836 15836 I zygote64:   at void android.app.Activity.performCreate(android.os.Bundle) (Activity.java:7000)
06-12 13:42:27.609 15836 15836 I zygote64:   at void android.app.Instrumentation.callActivityOnCreate(android.app.Activity, android.os.Bundle) (Instrumentation.java:1214)
06-12 13:42:27.609 15836 15836 I zygote64:   at android.app.Activity android.app.ActivityThread.performLaunchActivity(android.app.ActivityThread$ActivityClientRecord, android.content.Intent) (ActivityThread.java:2731)
06-12 13:42:27.609 15836 15836 I zygote64:   at void android.app.ActivityThread.handleLaunchActivity(android.app.ActivityThread$ActivityClientRecord, android.content.Intent, java.lang.String) (ActivityThread.java:2856)
06-12 13:42:27.609 15836 15836 I zygote64:   at void android.app.ActivityThread.-wrap11(android.app.ActivityThread, android.app.ActivityThread$ActivityClientRecord, android.content.Intent, java.lang.String) (ActivityThread.java:-1)
06-12 13:42:27.609 15836 15836 I zygote64:   at void android.app.ActivityThread$H.handleMessage(android.os.Message) (ActivityThread.java:1589)
06-12 13:42:27.609 15836 15836 I zygote64:   at void android.os.Handler.dispatchMessage(android.os.Message) (Handler.java:106)
06-12 13:42:27.609 15836 15836 I zygote64:   at void android.os.Looper.loop() (Looper.java:164)
06-12 13:42:27.609 15836 15836 I zygote64:   at void android.app.ActivityThread.main(java.lang.String[]) (ActivityThread.java:6494)
06-12 13:42:27.609 15836 15836 I zygote64:   at java.lang.Object java.lang.reflect.Method.invoke(java.lang.Object, java.lang.Object[]) (Method.java:-2)
06-12 13:42:27.609 15836 15836 I zygote64:   at void com.android.internal.os.RuntimeInit$MethodAndArgsCaller.run() (RuntimeInit.java:438)
06-12 13:42:27.609 15836 15836 I zygote64:   at void com.android.internal.os.ZygoteInit.main(java.lang.String[]) (ZygoteInit.java:807)
06-12 13:42:27.609 15836 15836 I zygote64: 
06-12 13:42:27.609 15836 15836 I zygote64: Rejecting re-init on previously-failed class java.lang.Class<androidx.core.view.ViewCompat$2>: java.lang.NoClassDefFoundError: Failed resolution of: Landroid/view/View$OnUnhandledKeyEventListener;
06-12 13:42:27.609 15836 15836 I zygote64:   at void androidx.core.view.ViewCompat.setOnApplyWindowInsetsListener(android.view.View, androidx.core.view.OnApplyWindowInsetsListener) (ViewCompat.java:2436)
06-12 13:42:27.609 15836 15836 I zygote64:   at android.view.ViewGroup androidx.appcompat.app.AppCompatDelegateImpl.createSubDecor() (AppCompatDelegateImpl.java:779)
06-12 13:42:27.609 15836 15836 I zygote64:   at void androidx.appcompat.app.AppCompatDelegateImpl.ensureSubDecor() (AppCompatDelegateImpl.java:659)
06-12 13:42:27.609 15836 15836 I zygote64:   at void androidx.appcompat.app.AppCompatDelegateImpl.setContentView(int) (AppCompatDelegateImpl.java:552)
06-12 13:42:27.609 15836 15836 I zygote64:   at void androidx.appcompat.app.AppCompatActivity.setContentView(int) (AppCompatActivity.java:161)
06-12 13:42:27.609 15836 15836 I zygote64:   at void e.www.cpufactorialtest.MainActivity.onCreate(android.os.Bundle) (MainActivity.kt:24)
06-12 13:42:27.609 15836 15836 I zygote64:   at void android.app.Activity.performCreate(android.os.Bundle, android.os.PersistableBundle) (Activity.java:7009)
06-12 13:42:27.609 15836 15836 I zygote64:   at void android.app.Activity.performCreate(android.os.Bundle) (Activity.java:7000)
06-12 13:42:27.609 15836 15836 I zygote64:   at void android.app.Instrumentation.callActivityOnCreate(android.app.Activity, android.os.Bundle) (Instrumentation.java:1214)
06-12 13:42:27.609 15836 15836 I zygote64:   at android.app.Activity android.app.ActivityThread.performLaunchActivity(android.app.ActivityThread$ActivityClientRecord, android.content.Intent) (ActivityThread.java:2731)
06-12 13:42:27.609 15836 15836 I zygote64:   at void android.app.ActivityThread.handleLaunchActivity(android.app.ActivityThread$ActivityClientRecord, android.content.Intent, java.lang.String) (ActivityThread.java:2856)
06-12 13:42:27.609 15836 15836 I zygote64:   at void android.app.ActivityThread.-wrap11(android.app.ActivityThread, android.app.ActivityThread$ActivityClientRecord, android.content.Intent, java.lang.String) (ActivityThread.java:-1)
06-12 13:42:27.609 15836 15836 I zygote64:   at void android.app.ActivityThread$H.handleMessage(android.os.Message) (ActivityThread.java:1589)
06-12 13:42:27.609 15836 15836 I zygote64:   at void android.os.Handler.dispatchMessage(android.os.Message) (Handler.java:106)
06-12 13:42:27.609 15836 15836 I zygote64:   at void android.os.Looper.loop() (Looper.java:164)
06-12 13:42:27.609 15836 15836 I zygote64:   at void android.app.ActivityThread.main(java.lang.String[]) (ActivityThread.java:6494)
06-12 13:42:27.610 15836 15836 I zygote64:   at java.lang.Object java.lang.reflect.Method.invoke(java.lang.Object, java.lang.Object[]) (Method.java:-2)
06-12 13:42:27.610 15836 15836 I zygote64:   at void com.android.internal.os.RuntimeInit$MethodAndArgsCaller.run() (RuntimeInit.java:438)
06-12 13:42:27.610 15836 15836 I zygote64:   at void com.android.internal.os.ZygoteInit.main(java.lang.String[]) (ZygoteInit.java:807)
06-12 13:42:27.610 15836 15836 I zygote64: Caused by: java.lang.ClassNotFoundException: Didn't find class "android.view.View$OnUnhandledKeyEventListener" on path: DexPathList[[zip file "/data/app/e.www.cpufactorialtest-IVMAMOPqKpJmCH-sIcqUuQ==/base.apk"],nativeLibraryDirectories=[/data/app/e.www.cpufactorialtest-IVMAMOPqKpJmCH-sIcqUuQ==/lib/arm64, /system/lib64, /vendor/lib64]]
06-12 13:42:27.610 15836 15836 I zygote64:   at java.lang.Class dalvik.system.BaseDexClassLoader.findClass(java.lang.String) (BaseDexClassLoader.java:125)
06-12 13:42:27.610 15836 15836 I zygote64:   at java.lang.Class java.lang.ClassLoader.loadClass(java.lang.String, boolean) (ClassLoader.java:379)
06-12 13:42:27.610 15836 15836 I zygote64:   at java.lang.Class java.lang.ClassLoader.loadClass(java.lang.String) (ClassLoader.java:312)
06-12 13:42:27.610 15836 15836 I zygote64:   at void androidx.core.view.ViewCompat.setOnApplyWindowInsetsListener(android.view.View, androidx.core.view.OnApplyWindowInsetsListener) (ViewCompat.java:2436)
06-12 13:42:27.610 15836 15836 I zygote64:   at android.view.ViewGroup androidx.appcompat.app.AppCompatDelegateImpl.createSubDecor() (AppCompatDelegateImpl.java:779)
06-12 13:42:27.610 15836 15836 I zygote64:   at void androidx.appcompat.app.AppCompatDelegateImpl.ensureSubDecor() (AppCompatDelegateImpl.java:659)
06-12 13:42:27.610 15836 15836 I zygote64:   at void androidx.appcompat.app.AppCompatDelegateImpl.setContentView(int) (AppCompatDelegateImpl.java:552)
06-12 13:42:27.610 15836 15836 I zygote64:   at void androidx.appcompat.app.AppCompatActivity.setContentView(int) (AppCompatActivity.java:161)
06-12 13:42:27.610 15836 15836 I zygote64:   at void e.www.cpufactorialtest.MainActivity.onCreate(android.os.Bundle) (MainActivity.kt:24)
06-12 13:42:27.610 15836 15836 I zygote64:   at void android.app.Activity.performCreate(android.os.Bundle, android.os.PersistableBundle) (Activity.java:7009)
06-12 13:42:27.610 15836 15836 I zygote64:   at void android.app.Activity.performCreate(android.os.Bundle) (Activity.java:7000)
06-12 13:42:27.610 15836 15836 I zygote64:   at void android.app.Instrumentation.callActivityOnCreate(android.app.Activity, android.os.Bundle) (Instrumentation.java:1214)
06-12 13:42:27.610 15836 15836 I zygote64:   at android.app.Activity android.app.ActivityThread.performLaunchActivity(android.app.ActivityThread$ActivityClientRecord, android.content.Intent) (ActivityThread.java:2731)
06-12 13:42:27.610 15836 15836 I zygote64:   at void android.app.ActivityThread.handleLaunchActivity(android.app.ActivityThread$ActivityClientRecord, android.content.Intent, java.lang.String) (ActivityThread.java:2856)
06-12 13:42:27.610 15836 15836 I zygote64:   at void android.app.ActivityThread.-wrap11(android.app.ActivityThread, android.app.ActivityThread$ActivityClientRecord, android.content.Intent, java.lang.String) (ActivityThread.java:-1)
06-12 13:42:27.610 15836 15836 I zygote64:   at void android.app.ActivityThread$H.handleMessage(android.os.Message) (ActivityThread.java:1589)
06-12 13:42:27.610 15836 15836 I zygote64:   at void android.os.Handler.dispatchMessage(android.os.Message) (Handler.java:106)
06-12 13:42:27.610 15836 15836 I zygote64:   at void android.os.Looper.loop() (Looper.java:164)
06-12 13:42:27.610 15836 15836 I zygote64:   at void android.app.ActivityThread.main(java.lang.String[]) (ActivityThread.java:6494)
06-12 13:42:27.610 15836 15836 I zygote64:   at java.lang.Object java.lang.reflect.Method.invoke(java.lang.Object, java.lang.Object[]) (Method.java:-2)
06-12 13:42:27.610 15836 15836 I zygote64:   at void com.android.internal.os.RuntimeInit$MethodAndArgsCaller.run() (RuntimeInit.java:438)
06-12 13:42:27.610 15836 15836 I zygote64:   at void com.android.internal.os.ZygoteInit.main(java.lang.String[]) (ZygoteInit.java:807)
06-12 13:42:27.610 15836 15836 I zygote64: 
06-12 13:42:27.610 15836 15836 I zygote64: Rejecting re-init on previously-failed class java.lang.Class<androidx.core.view.ViewCompat$2>: java.lang.NoClassDefFoundError: Failed resolution of: Landroid/view/View$OnUnhandledKeyEventListener;
06-12 13:42:27.610 15836 15836 I zygote64:   at void androidx.core.view.ViewCompat.setOnApplyWindowInsetsListener(android.view.View, androidx.core.view.OnApplyWindowInsetsListener) (ViewCompat.java:2436)
06-12 13:42:27.610 15836 15836 I zygote64:   at android.view.ViewGroup androidx.appcompat.app.AppCompatDelegateImpl.createSubDecor() (AppCompatDelegateImpl.java:779)
06-12 13:42:27.610 15836 15836 I zygote64:   at void androidx.appcompat.app.AppCompatDelegateImpl.ensureSubDecor() (AppCompatDelegateImpl.java:659)
06-12 13:42:27.610 15836 15836 I zygote64:   at void androidx.appcompat.app.AppCompatDelegateImpl.setContentView(int) (AppCompatDelegateImpl.java:552)
06-12 13:42:27.610 15836 15836 I zygote64:   at void androidx.appcompat.app.AppCompatActivity.setContentView(int) (AppCompatActivity.java:161)
06-12 13:42:27.610 15836 15836 I zygote64:   at void e.www.cpufactorialtest.MainActivity.onCreate(android.os.Bundle) (MainActivity.kt:24)
06-12 13:42:27.610 15836 15836 I zygote64:   at void android.app.Activity.performCreate(android.os.Bundle, android.os.PersistableBundle) (Activity.java:7009)
06-12 13:42:27.610 15836 15836 I zygote64:   at void android.app.Activity.performCreate(android.os.Bundle) (Activity.java:7000)
06-12 13:42:27.610 15836 15836 I zygote64:   at void android.app.Instrumentation.callActivityOnCreate(android.app.Activity, android.os.Bundle) (Instrumentation.java:1214)
06-12 13:42:27.610 15836 15836 I zygote64:   at android.app.Activity android.app.ActivityThread.performLaunchActivity(android.app.ActivityThread$ActivityClientRecord, android.content.Intent) (ActivityThread.java:2731)
06-12 13:42:27.610 15836 15836 I zygote64:   at void android.app.ActivityThread.handleLaunchActivity(android.app.ActivityThread$ActivityClientRecord, android.content.Intent, java.lang.String) (ActivityThread.java:2856)
06-12 13:42:27.610 15836 15836 I zygote64:   at void android.app.ActivityThread.-wrap11(android.app.ActivityThread, android.app.ActivityThread$ActivityClientRecord, android.content.Intent, java.lang.String) (ActivityThread.java:-1)
06-12 13:42:27.610 15836 15836 I zygote64:   at void android.app.ActivityThread$H.handleMessage(android.os.Message) (ActivityThread.java:1589)
06-12 13:42:27.610 15836 15836 I zygote64:   at void android.os.Handler.dispatchMessage(android.os.Message) (Handler.java:106)
06-12 13:42:27.610 15836 15836 I zygote64:   at void android.os.Looper.loop() (Looper.java:164)
06-12 13:42:27.610 15836 15836 I zygote64:   at void android.app.ActivityThread.main(java.lang.String[]) (ActivityThread.java:6494)
06-12 13:42:27.610 15836 15836 I zygote64:   at java.lang.Object java.lang.reflect.Method.invoke(java.lang.Object, java.lang.Object[]) (Method.java:-2)
06-12 13:42:27.610 15836 15836 I zygote64:   at void com.android.internal.os.RuntimeInit$MethodAndArgsCaller.run() (RuntimeInit.java:438)
06-12 13:42:27.610 15836 15836 I zygote64:   at void com.android.internal.os.ZygoteInit.main(java.lang.String[]) (ZygoteInit.java:807)
06-12 13:42:27.610 15836 15836 I zygote64: Caused by: java.lang.ClassNotFoundException: Didn't find class "android.view.View$OnUnhandledKeyEventListener" on path: DexPathList[[zip file "/data/app/e.www.cpufactorialtest-IVMAMOPqKpJmCH-sIcqUuQ==/base.apk"],nativeLibraryDirectories=[/data/app/e.www.cpufactorialtest-IVMAMOPqKpJmCH-sIcqUuQ==/lib/arm64, /system/lib64, /vendor/lib64]]
06-12 13:42:27.610 15836 15836 I zygote64:   at java.lang.Class dalvik.system.BaseDexClassLoader.findClass(java.lang.String) (BaseDexClassLoader.java:125)
06-12 13:42:27.610 15836 15836 I zygote64:   at java.lang.Class java.lang.ClassLoader.loadClass(java.lang.String, boolean) (ClassLoader.java:379)
06-12 13:42:27.610 15836 15836 I zygote64:   at java.lang.Class java.lang.ClassLoader.loadClass(java.lang.String) (ClassLoader.java:312)
06-12 13:42:27.610 15836 15836 I zygote64:   at void androidx.core.view.ViewCompat.setOnApplyWindowInsetsListener(android.view.View, androidx.core.view.OnApplyWindowInsetsListener) (ViewCompat.java:2436)
06-12 13:42:27.610 15836 15836 I zygote64:   at android.view.ViewGroup androidx.appcompat.app.AppCompatDelegateImpl.createSubDecor() (AppCompatDelegateImpl.java:779)
06-12 13:42:27.610 15836 15836 I zygote64:   at void androidx.appcompat.app.AppCompatDelegateImpl.ensureSubDecor() (AppCompatDelegateImpl.java:659)
06-12 13:42:27.610 15836 15836 I zygote64:   at void androidx.appcompat.app.AppCompatDelegateImpl.setContentView(int) (AppCompatDelegateImpl.java:552)
06-12 13:42:27.610 15836 15836 I zygote64:   at void androidx.appcompat.app.AppCompatActivity.setContentView(int) (AppCompatActivity.java:161)
06-12 13:42:27.610 15836 15836 I zygote64:   at void e.www.cpufactorialtest.MainActivity.onCreate(android.os.Bundle) (MainActivity.kt:24)
06-12 13:42:27.610 15836 15836 I zygote64:   at void android.app.Activity.performCreate(android.os.Bundle, android.os.PersistableBundle) (Activity.java:7009)
06-12 13:42:27.610 15836 15836 I zygote64:   at void android.app.Activity.performCreate(android.os.Bundle) (Activity.java:7000)
06-12 13:42:27.610 15836 15836 I zygote64:   at void android.app.Instrumentation.callActivityOnCreate(android.app.Activity, android.os.Bundle) (Instrumentation.java:1214)
06-12 13:42:27.610 15836 15836 I zygote64:   at android.app.Activity android.app.ActivityThread.performLaunchActivity(android.app.ActivityThread$ActivityClientRecord, android.content.Intent) (ActivityThread.java:2731)
06-12 13:42:27.610 15836 15836 I zygote64:   at void android.app.ActivityThread.handleLaunchActivity(android.app.ActivityThread$ActivityClientRecord, android.content.Intent, java.lang.String) (ActivityThread.java:2856)
06-12 13:42:27.610 15836 15836 I zygote64:   at void android.app.ActivityThread.-wrap11(android.app.ActivityThread, android.app.ActivityThread$ActivityClientRecord, android.content.Intent, java.lang.String) (ActivityThread.java:-1)
06-12 13:42:27.610 15836 15836 I zygote64:   at void android.app.ActivityThread$H.handleMessage(android.os.Message) (ActivityThread.java:1589)
06-12 13:42:27.610 15836 15836 I zygote64:   at void android.os.Handler.dispatchMessage(android.os.Message) (Handler.java:106)
06-12 13:42:27.610 15836 15836 I zygote64:   at void android.os.Looper.loop() (Looper.java:164)
06-12 13:42:27.610 15836 15836 I zygote64:   at void android.app.ActivityThread.main(java.lang.String[]) (ActivityThread.java:6494)
06-12 13:42:27.610 15836 15836 I zygote64:   at java.lang.Object java.lang.reflect.Method.invoke(java.lang.Object, java.lang.Object[]) (Method.java:-2)
06-12 13:42:27.610 15836 15836 I zygote64:   at void com.android.internal.os.RuntimeInit$MethodAndArgsCaller.run() (RuntimeInit.java:438)
06-12 13:42:27.610 15836 15836 I zygote64:   at void com.android.internal.os.ZygoteInit.main(java.lang.String[]) (ZygoteInit.java:807)
06-12 13:42:27.610 15836 15836 I zygote64: 
06-12 13:42:27.658 15836 15852 D OpenGLRenderer: HWUI GL Pipeline
06-12 13:42:27.911 15836 15852 I Adreno  : QUALCOMM build                   : 8e59954, I0be83d0d26
06-12 13:42:27.911 15836 15852 I Adreno  : Build Date                       : 09/22/17
06-12 13:42:27.911 15836 15852 I Adreno  : OpenGL ES Shader Compiler Version: EV031.21.02.00
06-12 13:42:27.911 15836 15852 I Adreno  : Local Branch                     : O17A
06-12 13:42:27.911 15836 15852 I Adreno  : Remote Branch                    : 
06-12 13:42:27.911 15836 15852 I Adreno  : Remote Branch                    : 
06-12 13:42:27.911 15836 15852 I Adreno  : Reconstruct Branch               : 
06-12 13:42:27.914 15836 15852 D vndksupport: Loading /vendor/lib64/hw/gralloc.msm8992.so from current namespace instead of sphal namespace.
06-12 13:42:27.922 15836 15852 I Adreno  : PFP: 0x00000000, ME: 0x00000000
06-12 13:42:27.928   362   362 W /system/bin/hwservicemanager: getTransport: Cannot find entry android.hardware.configstore@1.0::ISurfaceFlingerConfigs/default in either framework or device manifest.
06-12 13:42:27.931 15836 15852 I zygote64: android::hardware::configstore::V1_0::ISurfaceFlingerConfigs::hasWideColorDisplay retrieved: 0
06-12 13:42:27.932 18762 18762 I GoogleInputMethodService: GoogleInputMethodService.onFinishInput():3307 
06-12 13:42:27.932 15836 15852 I OpenGLRenderer: Initialized EGL, version 1.4
06-12 13:42:27.932 15836 15852 D OpenGLRenderer: Swap behavior 2
06-12 13:42:27.934   753 16075 D ConnectivityService: ConnectivityService NetworkRequestInfo binderDied(NetworkRequest [ TRACK_DEFAULT id=632, [ Capabilities: INTERNET&NOT_RESTRICTED&TRUSTED&NOT_VPN] ], android.os.BinderProxy@bfffcca)
06-12 13:42:27.934 18762 18762 I GoogleInputMethodService: GoogleInputMethodService.updateDeviceLockedStatus():2137 repeatCheckTimes = 0, locked = false
06-12 13:42:27.934 18762 18762 I GoogleInputMethodService: GoogleInputMethodService.onStartInput():1917 onStartInput(EditorInfo{inputType=0x0(NULL) imeOptions=0x0 privateImeOptions=null actionName=UNSPECIFIED actionLabel=null actionId=0 initialSelStart=-1 initialSelEnd=-1 initialCapsMode=0x0 hintText=null label=null packageName=e.www.cpufactorialtest fieldId=-1 fieldName=null extras=null hintLocales=[]}, false)
06-12 13:42:27.934   753  3815 I ActivityManager: Process com.google.android.ims (pid 12715) has died: cch+6SVC 
06-12 13:42:27.935 18762 18762 I GoogleInputMethodService: GoogleInputMethodService.shouldHideHeaderOnInitialState():1998 ShouldHideHeaderOnInitialState = false
06-12 13:42:27.935   753  1000 D ConnectivityService: releasing NetworkRequest [ TRACK_DEFAULT id=632, [ Capabilities: INTERNET&NOT_RESTRICTED&TRUSTED&NOT_VPN] ] (release request)
06-12 13:42:27.935   753   781 W zygote64: kill(-12715, 9) failed: No such process
06-12 13:42:27.935   753   781 I zygote64: Successfully killed process cgroup uid 10006 pid 12715 in 0ms
06-12 13:42:27.935 18762 18762 I GoogleInputMethodService: GoogleInputMethodService.updateDeviceLockedStatus():2137 repeatCheckTimes = 1, locked = false
06-12 13:42:27.935   753  3815 W ActivityManager: Scheduling restart of crashed service com.google.android.ims/.services.RcsService in 1000ms
06-12 13:42:27.942   362   362 W /system/bin/hwservicemanager: getTransport: Cannot find entry android.hardware.graphics.mapper@2.0::IMapper/default in either framework or device manifest.
06-12 13:42:27.945 15836 15852 D vndksupport: Loading /vendor/lib64/hw/android.hardware.graphics.mapper@2.0-impl.so from current namespace instead of sphal namespace.
06-12 13:42:27.945 15836 15852 D vndksupport: Loading /vendor/lib64/hw/gralloc.msm8992.so from current namespace instead of sphal namespace.
06-12 13:42:27.969   753  3816 D ConnectivityService: ConnectivityService NetworkRequestInfo binderDied(NetworkRequest [ TRACK_DEFAULT id=729, [ Capabilities: INTERNET&NOT_RESTRICTED&TRUSTED&NOT_VPN] ], android.os.BinderProxy@9405e3b)
06-12 13:42:27.969   753  1000 D ConnectivityService: releasing NetworkRequest [ TRACK_DEFAULT id=729, [ Capabilities: INTERNET&NOT_RESTRICTED&TRUSTED&NOT_VPN] ] (release request)
06-12 13:42:27.969   753 28241 I ActivityManager: Process com.google.android.talk (pid 13814) has died: cch+6CEM 
06-12 13:42:27.970   753   781 W zygote64: kill(-13814, 9) failed: No such process
06-12 13:42:27.986   753   789 I ActivityManager: Displayed e.www.cpufactorialtest/.MainActivity: +587ms (total +1s364ms)
06-12 13:42:28.014   753   781 W zygote64: kill(-13814, 9) failed: No such process
06-12 13:42:28.014   753   781 I zygote64: Successfully killed process cgroup uid 10077 pid 13814 in 44ms
06-12 13:42:28.227 32380 32380 I A       : GEL#onSaveInstanceState
06-12 13:42:28.337   753 27542 I OpenGLRenderer: Initialized EGL, version 1.4
06-12 13:42:28.337   753 27542 D OpenGLRenderer: Swap behavior 2
06-12 13:42:28.471   753   762 I zygote64: NativeAlloc concurrent copying GC freed 146575(6MB) AllocSpace objects, 83(3MB) LOS objects, 42% free, 19MB/33MB, paused 159us total 132.640ms
06-12 13:42:28.686 15805 15805 I BatteryMgr:DataCollectionService: onStartCommand: begin
06-12 13:42:28.686 15805 15805 I BatteryMgr:DataCollectionService: onStartCommand: sampleRate => 100
06-12 13:42:28.686 15805 15805 I BatteryMgr:DataCollectionService: onStartCommand: rawFields => Timestamp,BATTERY_PROPERTY_CURRENT_NOW,EXTRA_VOLTAGE
06-12 13:42:28.689 15805 15805 I BatteryMgr:DataCollectionService: onStartCommand: notification done
06-12 13:42:28.692 15805 15805 I BatteryMgr:DataCollectionService: started foreground
06-12 13:42:28.694   753   779 E NotificationService: Suppressing notification from package by user request.
06-12 13:42:28.706 15805 15879 I BatteryMgr:DataCollectionService: collectData: begin
06-12 13:42:28.711 15805 15879 I BatteryMgr:DataCollectionService: stats => 1686591748711,-101012,4286
06-12 13:42:28.817 15805 15879 I BatteryMgr:DataCollectionService: stats => 1686591748817,-101012,4286
06-12 13:42:28.923 15805 15879 I BatteryMgr:DataCollectionService: stats => 1686591748923,-101012,4286
06-12 13:42:28.956   753   779 I ActivityManager: Start proc 15889:com.google.android.ims/u0a6 for service com.google.android.ims/.services.RcsService
06-12 13:42:29.010   753 28241 I ActivityManager: Process com.qualcomm.telephony (pid 11197) has died: cch+6SVC 
06-12 13:42:29.010   753 28241 W ActivityManager: Scheduling restart of crashed service com.qualcomm.atfwd/.AtFwdService in 1000ms
06-12 13:42:29.010   361   361 I ServiceManager: service 'AtCmdFwd' died
06-12 13:42:29.010   753   781 W zygote64: kill(-11197, 9) failed: No such process
06-12 13:42:29.010   753   781 I zygote64: Successfully killed process cgroup uid 1000 pid 11197 in 0ms
06-12 13:42:29.015   753   765 I ActivityManager: Process com.qualcomm.qcrilmsgtunnel (pid 17027) has died: cch+6SVC 
06-12 13:42:29.015   753   765 W ActivityManager: Scheduling restart of crashed service com.qualcomm.qcrilmsgtunnel/.QcrilMsgTunnelService in 10995ms
06-12 13:42:29.017   753   781 W zygote64: kill(-17027, 9) failed: No such process
06-12 13:42:29.017   753   781 I zygote64: Successfully killed process cgroup uid 1001 pid 17027 in 0ms
06-12 13:42:29.021   634  7759 I Atfwd_Sendcmd: AtCmdFwd : binderDied
06-12 13:42:29.022   634  7759 I ServiceManager: Waiting for service AtCmdFwd...
06-12 13:42:29.028 15805 15879 I BatteryMgr:DataCollectionService: stats => 1686591749028,-101012,4286
06-12 13:42:29.039   753  3813 I ActivityManager: Process com.google.android.partnersetup (pid 13802) has died: cch+6CEM 
06-12 13:42:29.039   753   781 W zygote64: kill(-13802, 9) failed: No such process
06-12 13:42:29.039   753   781 I zygote64: Successfully killed process cgroup uid 10027 pid 13802 in 0ms
06-12 13:42:29.046   753  3176 D ConnectivityService: ConnectivityService NetworkRequestInfo binderDied(NetworkRequest [ LISTEN id=725, [ Capabilities: INTERNET&NOT_RESTRICTED&TRUSTED&FOREGROUND] ], android.os.BinderProxy@a5a8ee9)
06-12 13:42:29.046   753  3809 D ConnectivityService: ConnectivityService NetworkRequestInfo binderDied(NetworkRequest [ TRACK_DEFAULT id=727, [ Capabilities: INTERNET&NOT_RESTRICTED&TRUSTED&NOT_VPN] ], android.os.BinderProxy@150076e)
06-12 13:42:29.047   753  1000 D ConnectivityService: releasing NetworkRequest [ TRACK_DEFAULT id=727, [ Capabilities: INTERNET&NOT_RESTRICTED&TRUSTED&NOT_VPN] ] (release request)
06-12 13:42:29.047   753  3164 I ActivityManager: Process com.google.android.apps.nbu.files (pid 12671) has died: cch+6CEM 
06-12 13:42:29.047   753   781 W zygote64: kill(-12671, 9) failed: No such process
06-12 13:42:29.048   753   781 I zygote64: Successfully killed process cgroup uid 10102 pid 12671 in 0ms
06-12 13:42:29.133 15805 15879 I BatteryMgr:DataCollectionService: stats => 1686591749133,-101012,4286
06-12 13:42:29.209 15889 15889 I zygote64: Rejecting re-init on previously-failed class java.lang.Class<aln>: java.lang.NoClassDefFoundError: Failed resolution of: Landroid/os/StrictMode$OnThreadViolationListener;
06-12 13:42:29.210 15889 15889 I zygote64:   at java.lang.Object java.lang.Class.newInstance() (Class.java:-2)
06-12 13:42:29.210 15889 15889 I zygote64:   at android.app.Application android.app.Instrumentation.newApplication(java.lang.Class, android.content.Context) (Instrumentation.java:1102)
06-12 13:42:29.210 15889 15889 I zygote64:   at android.app.Application android.app.Instrumentation.newApplication(java.lang.ClassLoader, java.lang.String, android.content.Context) (Instrumentation.java:1087)
06-12 13:42:29.210 15889 15889 I zygote64:   at android.app.Application android.app.LoadedApk.makeApplication(boolean, android.app.Instrumentation) (LoadedApk.java:983)
06-12 13:42:29.210 15889 15889 I zygote64:   at void android.app.ActivityThread.handleBindApplication(android.app.ActivityThread$AppBindData) (ActivityThread.java:5715)
06-12 13:42:29.210 15889 15889 I zygote64:   at void android.app.ActivityThread.-wrap1(android.app.ActivityThread, android.app.ActivityThread$AppBindData) (ActivityThread.java:-1)
06-12 13:42:29.210 15889 15889 I zygote64:   at void android.app.ActivityThread$H.handleMessage(android.os.Message) (ActivityThread.java:1656)
06-12 13:42:29.210 15889 15889 I zygote64:   at void android.os.Handler.dispatchMessage(android.os.Message) (Handler.java:106)
06-12 13:42:29.210 15889 15889 I zygote64:   at void android.os.Looper.loop() (Looper.java:164)
06-12 13:42:29.210 15889 15889 I zygote64:   at void android.app.ActivityThread.main(java.lang.String[]) (ActivityThread.java:6494)
06-12 13:42:29.210 15889 15889 I zygote64:   at java.lang.Object java.lang.reflect.Method.invoke(java.lang.Object, java.lang.Object[]) (Method.java:-2)
06-12 13:42:29.210 15889 15889 I zygote64:   at void com.android.internal.os.RuntimeInit$MethodAndArgsCaller.run() (RuntimeInit.java:438)
06-12 13:42:29.210 15889 15889 I zygote64:   at void com.android.internal.os.ZygoteInit.main(java.lang.String[]) (ZygoteInit.java:807)
06-12 13:42:29.210 15889 15889 I zygote64: Caused by: java.lang.ClassNotFoundException: Didn't find class "android.os.StrictMode$OnThreadViolationListener" on path: DexPathList[[zip file "/data/app/com.google.android.ims-p_3hR7UiPZCqvqitZwUVQw==/base.apk"],nativeLibraryDirectories=[/data/app/com.google.android.ims-p_3hR7UiPZCqvqitZwUVQw==/lib/arm64, /system/lib64, /vendor/lib64]]
06-12 13:42:29.210 15889 15889 I zygote64:   at java.lang.Class dalvik.system.BaseDexClassLoader.findClass(java.lang.String) (BaseDexClassLoader.java:125)
06-12 13:42:29.210 15889 15889 I zygote64:   at java.lang.Class java.lang.ClassLoader.loadClass(java.lang.String, boolean) (ClassLoader.java:379)
06-12 13:42:29.210 15889 15889 I zygote64:   at java.lang.Class java.lang.ClassLoader.loadClass(java.lang.String) (ClassLoader.java:312)
06-12 13:42:29.210 15889 15889 I zygote64:   at java.lang.Object java.lang.Class.newInstance() (Class.java:-2)
06-12 13:42:29.210 15889 15889 I zygote64:   at android.app.Application android.app.Instrumentation.newApplication(java.lang.Class, android.content.Context) (Instrumentation.java:1102)
06-12 13:42:29.210 15889 15889 I zygote64:   at android.app.Application android.app.Instrumentation.newApplication(java.lang.ClassLoader, java.lang.String, android.content.Context) (Instrumentation.java:1087)
06-12 13:42:29.210 15889 15889 I zygote64:   at android.app.Application android.app.LoadedApk.makeApplication(boolean, android.app.Instrumentation) (LoadedApk.java:983)
06-12 13:42:29.210 15889 15889 I zygote64:   at void android.app.ActivityThread.handleBindApplication(android.app.ActivityThread$AppBindData) (ActivityThread.java:5715)
06-12 13:42:29.210 15889 15889 I zygote64:   at void android.app.ActivityThread.-wrap1(android.app.ActivityThread, android.app.ActivityThread$AppBindData) (ActivityThread.java:-1)
06-12 13:42:29.210 15889 15889 I zygote64:   at void android.app.ActivityThread$H.handleMessage(android.os.Message) (ActivityThread.java:1656)
06-12 13:42:29.210 15889 15889 I zygote64:   at void android.os.Handler.dispatchMessage(android.os.Message) (Handler.java:106)
06-12 13:42:29.210 15889 15889 I zygote64:   at void android.os.Looper.loop() (Looper.java:164)
06-12 13:42:29.210 15889 15889 I zygote64:   at void android.app.ActivityThread.main(java.lang.String[]) (ActivityThread.java:6494)
06-12 13:42:29.210 15889 15889 I zygote64:   at java.lang.Object java.lang.reflect.Method.invoke(java.lang.Object, java.lang.Object[]) (Method.java:-2)
06-12 13:42:29.210 15889 15889 I zygote64:   at void com.android.internal.os.RuntimeInit$MethodAndArgsCaller.run() (RuntimeInit.java:438)
06-12 13:42:29.210 15889 15889 I zygote64:   at void com.android.internal.os.ZygoteInit.main(java.lang.String[]) (ZygoteInit.java:807)
06-12 13:42:29.210 15889 15889 I zygote64: 
06-12 13:42:29.211 15889 15889 I zygote64: Rejecting re-init on previously-failed class java.lang.Class<aln>: java.lang.NoClassDefFoundError: Failed resolution of: Landroid/os/StrictMode$OnThreadViolationListener;
06-12 13:42:29.211 15889 15889 I zygote64:   at java.lang.Object java.lang.Class.newInstance() (Class.java:-2)
06-12 13:42:29.211 15889 15889 I zygote64:   at android.app.Application android.app.Instrumentation.newApplication(java.lang.Class, android.content.Context) (Instrumentation.java:1102)
06-12 13:42:29.211 15889 15889 I zygote64:   at android.app.Application android.app.Instrumentation.newApplication(java.lang.ClassLoader, java.lang.String, android.content.Context) (Instrumentation.java:1087)
06-12 13:42:29.211 15889 15889 I zygote64:   at android.app.Application android.app.LoadedApk.makeApplication(boolean, android.app.Instrumentation) (LoadedApk.java:983)
06-12 13:42:29.211 15889 15889 I zygote64:   at void android.app.ActivityThread.handleBindApplication(android.app.ActivityThread$AppBindData) (ActivityThread.java:5715)
06-12 13:42:29.211 15889 15889 I zygote64:   at void android.app.ActivityThread.-wrap1(android.app.ActivityThread, android.app.ActivityThread$AppBindData) (ActivityThread.java:-1)
06-12 13:42:29.211 15889 15889 I zygote64:   at void android.app.ActivityThread$H.handleMessage(android.os.Message) (ActivityThread.java:1656)
06-12 13:42:29.211 15889 15889 I zygote64:   at void android.os.Handler.dispatchMessage(android.os.Message) (Handler.java:106)
06-12 13:42:29.211 15889 15889 I zygote64:   at void android.os.Looper.loop() (Looper.java:164)
06-12 13:42:29.211 15889 15889 I zygote64:   at void android.app.ActivityThread.main(java.lang.String[]) (ActivityThread.java:6494)
06-12 13:42:29.211 15889 15889 I zygote64:   at java.lang.Object java.lang.reflect.Method.invoke(java.lang.Object, java.lang.Object[]) (Method.java:-2)
06-12 13:42:29.211 15889 15889 I zygote64:   at void com.android.internal.os.RuntimeInit$MethodAndArgsCaller.run() (RuntimeInit.java:438)
06-12 13:42:29.211 15889 15889 I zygote64:   at void com.android.internal.os.ZygoteInit.main(java.lang.String[]) (ZygoteInit.java:807)
06-12 13:42:29.211 15889 15889 I zygote64: Caused by: java.lang.ClassNotFoundException: Didn't find class "android.os.StrictMode$OnThreadViolationListener" on path: DexPathList[[zip file "/data/app/com.google.android.ims-p_3hR7UiPZCqvqitZwUVQw==/base.apk"],nativeLibraryDirectories=[/data/app/com.google.android.ims-p_3hR7UiPZCqvqitZwUVQw==/lib/arm64, /system/lib64, /vendor/lib64]]
06-12 13:42:29.211 15889 15889 I zygote64:   at java.lang.Class dalvik.system.BaseDexClassLoader.findClass(java.lang.String) (BaseDexClassLoader.java:125)
06-12 13:42:29.211 15889 15889 I zygote64:   at java.lang.Class java.lang.ClassLoader.loadClass(java.lang.String, boolean) (ClassLoader.java:379)
06-12 13:42:29.211 15889 15889 I zygote64:   at java.lang.Class java.lang.ClassLoader.loadClass(java.lang.String) (ClassLoader.java:312)
06-12 13:42:29.211 15889 15889 I zygote64:   at java.lang.Object java.lang.Class.newInstance() (Class.java:-2)
06-12 13:42:29.211 15889 15889 I zygote64:   at android.app.Application android.app.Instrumentation.newApplication(java.lang.Class, android.content.Context) (Instrumentation.java:1102)
06-12 13:42:29.211 15889 15889 I zygote64:   at android.app.Application android.app.Instrumentation.newApplication(java.lang.ClassLoader, java.lang.String, android.content.Context) (Instrumentation.java:1087)
06-12 13:42:29.211 15889 15889 I zygote64:   at android.app.Application android.app.LoadedApk.makeApplication(boolean, android.app.Instrumentation) (LoadedApk.java:983)
06-12 13:42:29.211 15889 15889 I zygote64:   at void android.app.ActivityThread.handleBindApplication(android.app.ActivityThread$AppBindData) (ActivityThread.java:5715)
06-12 13:42:29.211 15889 15889 I zygote64:   at void android.app.ActivityThread.-wrap1(android.app.ActivityThread, android.app.ActivityThread$AppBindData) (ActivityThread.java:-1)
06-12 13:42:29.211 15889 15889 I zygote64:   at void android.app.ActivityThread$H.handleMessage(android.os.Message) (ActivityThread.java:1656)
06-12 13:42:29.211 15889 15889 I zygote64:   at void android.os.Handler.dispatchMessage(android.os.Message) (Handler.java:106)
06-12 13:42:29.211 15889 15889 I zygote64:   at void android.os.Looper.loop() (Looper.java:164)
06-12 13:42:29.211 15889 15889 I zygote64:   at void android.app.ActivityThread.main(java.lang.String[]) (ActivityThread.java:6494)
06-12 13:42:29.211 15889 15889 I zygote64:   at java.lang.Object java.lang.reflect.Method.invoke(java.lang.Object, java.lang.Object[]) (Method.java:-2)
06-12 13:42:29.211 15889 15889 I zygote64:   at void com.android.internal.os.RuntimeInit$MethodAndArgsCaller.run() (RuntimeInit.java:438)
06-12 13:42:29.211 15889 15889 I zygote64:   at void com.android.internal.os.ZygoteInit.main(java.lang.String[]) (ZygoteInit.java:807)
06-12 13:42:29.211 15889 15889 I zygote64: 
06-12 13:42:29.211 15889 15889 I zygote64: Rejecting re-init on previously-failed class java.lang.Class<aln>: java.lang.NoClassDefFoundError: Failed resolution of: Landroid/os/StrictMode$OnThreadViolationListener;
06-12 13:42:29.211 15889 15889 I zygote64:   at java.lang.Object java.lang.Class.newInstance() (Class.java:-2)
06-12 13:42:29.211 15889 15889 I zygote64:   at android.app.Application android.app.Instrumentation.newApplication(java.lang.Class, android.content.Context) (Instrumentation.java:1102)
06-12 13:42:29.211 15889 15889 I zygote64:   at android.app.Application android.app.Instrumentation.newApplication(java.lang.ClassLoader, java.lang.String, android.content.Context) (Instrumentation.java:1087)
06-12 13:42:29.211 15889 15889 I zygote64:   at android.app.Application android.app.LoadedApk.makeApplication(boolean, android.app.Instrumentation) (LoadedApk.java:983)
06-12 13:42:29.211 15889 15889 I zygote64:   at void android.app.ActivityThread.handleBindApplication(android.app.ActivityThread$AppBindData) (ActivityThread.java:5715)
06-12 13:42:29.211 15889 15889 I zygote64:   at void android.app.ActivityThread.-wrap1(android.app.ActivityThread, android.app.ActivityThread$AppBindData) (ActivityThread.java:-1)
06-12 13:42:29.211 15889 15889 I zygote64:   at void android.app.ActivityThread$H.handleMessage(android.os.Message) (ActivityThread.java:1656)
06-12 13:42:29.211 15889 15889 I zygote64:   at void android.os.Handler.dispatchMessage(android.os.Message) (Handler.java:106)
06-12 13:42:29.211 15889 15889 I zygote64:   at void android.os.Looper.loop() (Looper.java:164)
06-12 13:42:29.211 15889 15889 I zygote64:   at void android.app.ActivityThread.main(java.lang.String[]) (ActivityThread.java:6494)
06-12 13:42:29.211 15889 15889 I zygote64:   at java.lang.Object java.lang.reflect.Method.invoke(java.lang.Object, java.lang.Object[]) (Method.java:-2)
06-12 13:42:29.211 15889 15889 I zygote64:   at void com.android.internal.os.RuntimeInit$MethodAndArgsCaller.run() (RuntimeInit.java:438)
06-12 13:42:29.211 15889 15889 I zygote64:   at void com.android.internal.os.ZygoteInit.main(java.lang.String[]) (ZygoteInit.java:807)
