07-04 12:29:27.813 14608 14614 I zygote64: After code cache collection, code=60KB, data=44KB
07-04 12:29:27.813 14608 14614 I zygote64: Increasing code cache capacity to 256KB
07-04 12:29:27.921 14608 14706 I BatteryMgr:DataCollectionService: stats => 1688466567921,-146,4071
07-04 12:29:28.018  3962  3985 W StorageManager: getStorageFullBytes DEFAULT_FULL_THRESHOLD_BYTES : 20971520, threadhold : 20971520
07-04 12:29:28.019  3962  3985 W StorageManager: getStorageLowBytes lowPercent : 5, lowBytes : 1260145254, maxLowBytes : 524288000
07-04 12:29:28.022  3962  3985 W DeviceStorageMonitorService: updateBroadcasts(/data) oldLevel:0, newLevel:0, seq:1
07-04 12:29:28.023  3962  3985 W DeviceStorageMonitorService: updateBroadcasts_filenode(/data) fn_oldLevel:0, fn_newLevel:0, seq:1
07-04 12:29:28.033 14608 14706 I BatteryMgr:DataCollectionService: stats => 1688466568033,-146,4071
07-04 12:29:28.145 14608 14706 I BatteryMgr:DataCollectionService: stats => 1688466568145,-146,4071
07-04 12:29:28.257 14608 14706 I BatteryMgr:DataCollectionService: stats => 1688466568257,-146,4071
07-04 12:29:28.369 14608 14706 I BatteryMgr:DataCollectionService: stats => 1688466568369,-146,4071
07-04 12:29:28.481 14608 14706 I BatteryMgr:DataCollectionService: stats => 1688466568481,-146,4071
07-04 12:29:28.593 14608 14706 I BatteryMgr:DataCollectionService: stats => 1688466568593,-146,4071
07-04 12:29:28.705 14608 14706 I BatteryMgr:DataCollectionService: stats => 1688466568705,-146,4071
07-04 12:29:28.817 14608 14706 I BatteryMgr:DataCollectionService: stats => 1688466568817,-146,4071
07-04 12:29:28.929 14608 14706 I BatteryMgr:DataCollectionService: stats => 1688466568929,-146,4071
07-04 12:29:29.041 14608 14706 I BatteryMgr:DataCollectionService: stats => 1688466569041,-146,4071
07-04 12:29:29.154 14608 14706 I BatteryMgr:DataCollectionService: stats => 1688466569154,-146,4071
07-04 12:29:29.232  3433  3433 I android.hardware.wifi@1.0-service: getLinkLayerStats
07-04 12:29:29.266 14608 14706 I BatteryMgr:DataCollectionService: stats => 1688466569266,-146,4071
07-04 12:29:29.379 14608 14706 I BatteryMgr:DataCollectionService: stats => 1688466569378,-146,4071
07-04 12:29:29.491 14608 14706 I BatteryMgr:DataCollectionService: stats => 1688466569491,-146,4071
07-04 12:29:29.603 14608 14706 I BatteryMgr:DataCollectionService: stats => 1688466569603,-146,4071
07-04 12:29:29.716 14608 14706 I BatteryMgr:DataCollectionService: stats => 1688466569715,-146,4071
07-04 12:29:29.828 14608 14706 I BatteryMgr:DataCollectionService: stats => 1688466569828,-146,4071
07-04 12:29:29.940 14608 14706 I BatteryMgr:DataCollectionService: stats => 1688466569940,-146,4071
07-04 12:29:30.052 14608 14706 I BatteryMgr:DataCollectionService: stats => 1688466570052,-146,4071
07-04 12:29:30.127  3962  4450 E Watchdog: !@Sync 84 [2023-07-04 12:29:30.127]
07-04 12:29:30.164 14608 14706 I BatteryMgr:DataCollectionService: stats => 1688466570164,-146,4071
07-04 12:29:30.276 14608 14706 I BatteryMgr:DataCollectionService: stats => 1688466570276,-146,4071
07-04 12:29:30.389 14608 14706 I BatteryMgr:DataCollectionService: stats => 1688466570389,-146,4071
07-04 12:29:30.501 14608 14706 I BatteryMgr:DataCollectionService: stats => 1688466570501,-146,4071
07-04 12:29:30.613 14608 14706 I BatteryMgr:DataCollectionService: stats => 1688466570613,-146,4071
07-04 12:29:30.725 14608 14706 I BatteryMgr:DataCollectionService: stats => 1688466570725,-146,4071
07-04 12:29:30.837 14608 14706 I BatteryMgr:DataCollectionService: stats => 1688466570837,-146,4071
07-04 12:29:30.938  5390  5695 E A       : (REDACTED) Trace %s timed out after %d ms. Complete trace: %s
07-04 12:29:30.938  5390  5695 E A       : com.google.apps.tiktok.tracing.fx: 
07-04 12:29:30.938  5390  5695 E A       : 	at tk_trace.StartupAfterPackageReplaced(Started After:1)
07-04 12:29:30.952 14608 14706 I BatteryMgr:DataCollectionService: stats => 1688466570952,-146,4071
07-04 12:29:31.003  3962 10890 D ConnectivityService: filterNetworkStateForUid() uid: 10025 networkInfo: [type: WIFI[] - WIFI, state: CONNECTED/CONNECTED, reason: (unspecified), extra: "DoodleBoodle", failover: false, available: true, roaming: false, metered: false]
07-04 12:29:31.059 14608 14706 I BatteryMgr:DataCollectionService: stats => 1688466571058,-146,4071
07-04 12:29:31.120  4950  4950 D io_stats: !@ 179,0 r 80189 3049984 w 16667 232256 d 1641 48080 f 4134 4256 iot 39060 32586 th 51200 0 0 pt 0 inp 0 0 2539.192
07-04 12:29:31.170 14608 14706 I BatteryMgr:DataCollectionService: stats => 1688466571170,-146,4071
07-04 12:29:31.283 14608 14706 I BatteryMgr:DataCollectionService: stats => 1688466571282,-146,4071
07-04 12:29:31.396 14608 14706 I BatteryMgr:DataCollectionService: stats => 1688466571395,-146,4071
07-04 12:29:31.508 14608 14706 I BatteryMgr:DataCollectionService: stats => 1688466571508,-146,4071
07-04 12:29:31.620 14608 14706 I BatteryMgr:DataCollectionService: stats => 1688466571620,-146,4071
07-04 12:29:31.732 14608 14706 I BatteryMgr:DataCollectionService: stats => 1688466571732,-146,4071
07-04 12:29:31.844 14608 14706 I BatteryMgr:DataCollectionService: stats => 1688466571844,-146,4071
07-04 12:29:31.957 14608 14706 I BatteryMgr:DataCollectionService: stats => 1688466571957,-146,4071
07-04 12:29:32.069 14608 14706 I BatteryMgr:DataCollectionService: stats => 1688466572069,-146,4071
07-04 12:29:32.181 14608 14706 I BatteryMgr:DataCollectionService: stats => 1688466572181,-146,4071
07-04 12:29:32.251  3433  3433 I android.hardware.wifi@1.0-service: getLinkLayerStats
07-04 12:29:32.293 14608 14706 I BatteryMgr:DataCollectionService: stats => 1688466572293,-146,4071
07-04 12:29:32.405 14608 14706 I BatteryMgr:DataCollectionService: stats => 1688466572405,-146,4071
07-04 12:29:32.517 14608 14706 I BatteryMgr:DataCollectionService: stats => 1688466572517,-146,4071
07-04 12:29:32.629 14608 14706 I BatteryMgr:DataCollectionService: stats => 1688466572629,-146,4071
07-04 12:29:32.741 14608 14706 I BatteryMgr:DataCollectionService: stats => 1688466572741,-146,4071
07-04 12:29:32.853 14608 14706 I BatteryMgr:DataCollectionService: stats => 1688466572853,-146,4071
07-04 12:29:32.966 14608 14706 I BatteryMgr:DataCollectionService: stats => 1688466572966,-146,4071
07-04 12:29:33.078 14608 14706 I BatteryMgr:DataCollectionService: stats => 1688466573078,-146,4071
07-04 12:29:33.190 14608 14706 I BatteryMgr:DataCollectionService: stats => 1688466573190,-146,4071
07-04 12:29:33.302 14608 14706 I BatteryMgr:DataCollectionService: stats => 1688466573302,-146,4071
07-04 12:29:33.414 14608 14706 I BatteryMgr:DataCollectionService: stats => 1688466573414,-146,4071
07-04 12:29:33.526 14608 14706 I BatteryMgr:DataCollectionService: stats => 1688466573526,-146,4071
07-04 12:29:33.618  3962  4037 D SensorService: [SO] 0.072 -0.177 9.931
07-04 12:29:33.638 14608 14706 I BatteryMgr:DataCollectionService: stats => 1688466573637,-146,4071
07-04 12:29:33.750 14608 14706 I BatteryMgr:DataCollectionService: stats => 1688466573749,-146,4071
07-04 12:29:33.756  3962  6491 D SSRM:k  : SIOP:: AP = 270, PST = 275 (W:30), BAT = 254, USB = 0, CHG = 0
07-04 12:29:33.862 14608 14706 I BatteryMgr:DataCollectionService: stats => 1688466573861,-146,4071
07-04 12:29:33.973 14608 14706 I BatteryMgr:DataCollectionService: stats => 1688466573973,-146,4071
07-04 12:29:34.085 14608 14706 I BatteryMgr:DataCollectionService: stats => 1688466574085,-146,4071
07-04 12:29:34.197 14608 14706 I BatteryMgr:DataCollectionService: stats => 1688466574197,-146,4071
07-04 12:29:34.309 14608 14706 I BatteryMgr:DataCollectionService: stats => 1688466574309,-146,4071
07-04 12:29:34.421 14608 14706 I BatteryMgr:DataCollectionService: stats => 1688466574421,-146,4071
07-04 12:29:34.533 14608 14706 I BatteryMgr:DataCollectionService: stats => 1688466574533,-146,4071
07-04 12:29:34.645 14608 14706 I BatteryMgr:DataCollectionService: stats => 1688466574645,-146,4071
07-04 12:29:34.757 14608 14706 I BatteryMgr:DataCollectionService: stats => 1688466574757,-146,4071
07-04 12:29:34.869 14608 14706 I BatteryMgr:DataCollectionService: stats => 1688466574869,-146,4071
07-04 12:29:34.981 14608 14706 I BatteryMgr:DataCollectionService: stats => 1688466574981,-146,4071
07-04 12:29:35.093 14608 14706 I BatteryMgr:DataCollectionService: stats => 1688466575092,-146,4071
07-04 12:29:35.204 14608 14706 I BatteryMgr:DataCollectionService: stats => 1688466575204,-146,4071
07-04 12:29:35.260  3433  3433 I android.hardware.wifi@1.0-service: getLinkLayerStats
07-04 12:29:35.316 14608 14706 I BatteryMgr:DataCollectionService: stats => 1688466575316,-146,4071
07-04 12:29:35.428 14608 14706 I BatteryMgr:DataCollectionService: stats => 1688466575428,-146,4071
07-04 12:29:35.540 14608 14706 I BatteryMgr:DataCollectionService: stats => 1688466575539,-146,4071
07-04 12:29:35.651 14608 14706 I BatteryMgr:DataCollectionService: stats => 1688466575651,-146,4071
07-04 12:29:35.763 14608 14706 I BatteryMgr:DataCollectionService: stats => 1688466575763,-146,4071
07-04 12:29:35.874 14608 14706 I BatteryMgr:DataCollectionService: stats => 1688466575874,-146,4071
07-04 12:29:35.986 14608 14706 I BatteryMgr:DataCollectionService: stats => 1688466575986,-146,4071
07-04 12:29:36.098 14608 14706 I BatteryMgr:DataCollectionService: stats => 1688466576098,-146,4071
07-04 12:29:36.126  4950  4950 D io_stats: !@ 179,0 r 80189 3049984 w 16685 232348 d 1642 48084 f 4134 4258 iot 39068 32591 th 51200 0 0 pt 0 inp 0 0 2544.197
07-04 12:29:36.210 14608 14706 I BatteryMgr:DataCollectionService: stats => 1688466576209,-146,4071
07-04 12:29:36.321 14608 14706 I BatteryMgr:DataCollectionService: stats => 1688466576321,-146,4071
07-04 12:29:36.432 14608 14706 I BatteryMgr:DataCollectionService: stats => 1688466576432,-146,4071
07-04 12:29:36.544 14608 14706 I BatteryMgr:DataCollectionService: stats => 1688466576543,-146,4071
07-04 12:29:36.655 14608 14706 I BatteryMgr:DataCollectionService: stats => 1688466576654,-146,4071
07-04 12:29:36.766 14608 14706 I BatteryMgr:DataCollectionService: stats => 1688466576766,-146,4071
07-04 12:29:36.877 14608 14706 I BatteryMgr:DataCollectionService: stats => 1688466576877,-146,4071
07-04 12:29:36.983 14608 14706 I BatteryMgr:DataCollectionService: stats => 1688466576983,-89,4071
07-04 12:29:37.094 14608 14706 I BatteryMgr:DataCollectionService: stats => 1688466577093,-89,4071
07-04 12:29:37.148  3962 10890 D BatteryService: !@BatteryListener : batteryPropertiesChanged!
07-04 12:29:37.205 14608 14706 I BatteryMgr:DataCollectionService: stats => 1688466577205,-89,4071
07-04 12:29:37.317 14608 14706 I BatteryMgr:DataCollectionService: stats => 1688466577316,-89,4071
07-04 12:29:37.428 14608 14706 I BatteryMgr:DataCollectionService: stats => 1688466577427,-89,4071
07-04 12:29:37.539 14608 14706 I BatteryMgr:DataCollectionService: stats => 1688466577539,-89,4071
07-04 12:29:37.651 14608 14706 I BatteryMgr:DataCollectionService: stats => 1688466577651,-89,4071
07-04 12:29:37.762 14608 14706 I BatteryMgr:DataCollectionService: stats => 1688466577762,-89,4071
07-04 12:29:37.873 14608 14706 I BatteryMgr:DataCollectionService: stats => 1688466577873,-89,4071
07-04 12:29:37.985 14608 14706 I BatteryMgr:DataCollectionService: stats => 1688466577984,-89,4071
07-04 12:29:38.096 14608 14706 I BatteryMgr:DataCollectionService: stats => 1688466578096,-89,4071
07-04 12:29:38.207 14608 14706 I BatteryMgr:DataCollectionService: stats => 1688466578207,-89,4071
07-04 12:29:38.268  3433  3433 I android.hardware.wifi@1.0-service: getLinkLayerStats
07-04 12:29:38.319 14608 14706 I BatteryMgr:DataCollectionService: stats => 1688466578318,-89,4071
07-04 12:29:38.430 14608 14706 I BatteryMgr:DataCollectionService: stats => 1688466578430,-89,4071
07-04 12:29:38.541 14608 14706 I BatteryMgr:DataCollectionService: stats => 1688466578541,-89,4071
07-04 12:29:38.652 14608 14706 I BatteryMgr:DataCollectionService: stats => 1688466578652,-89,4071
07-04 12:29:38.764 14608 14706 I BatteryMgr:DataCollectionService: stats => 1688466578764,-89,4071
07-04 12:29:38.876 14608 14706 I BatteryMgr:DataCollectionService: stats => 1688466578875,-89,4071
07-04 12:29:38.987 14608 14706 I BatteryMgr:DataCollectionService: stats => 1688466578987,-89,4071
07-04 12:29:39.099 14608 14706 I BatteryMgr:DataCollectionService: stats => 1688466579098,-89,4071
07-04 12:29:39.210 14608 14706 I BatteryMgr:DataCollectionService: stats => 1688466579210,-89,4071
07-04 12:29:39.321 14608 14706 I BatteryMgr:DataCollectionService: stats => 1688466579321,-89,4071
07-04 12:29:39.433 14608 14706 I BatteryMgr:DataCollectionService: stats => 1688466579432,-89,4071
07-04 12:29:39.544 14608 14706 I BatteryMgr:DataCollectionService: stats => 1688466579544,-89,4071
07-04 12:29:39.655 14608 14706 I BatteryMgr:DataCollectionService: stats => 1688466579655,-89,4071
07-04 12:29:39.759  5351  5507 D ContactsProvider_EventLog: contents_sample_state: [CONTACT contacts(0) data(0) accounts({}) accounts deleted({}) calls([]) countryIso(NL) userId(0)  ]
07-04 12:29:39.759  5351  5507 D ContactsProvider_EventLog: contents_sample_state: [ agr({})  ]
07-04 12:29:39.759  5351  5507 D ContactsProvider_EventLog: contents_sample_state: [ actCnt({android.process.acore(5351)=1})  ]
07-04 12:29:39.759  5351  5507 D ContactsProvider_EventLog: contents_sample_state: [PROFILE contacts(0) data(0) accounts({})  ]
07-04 12:29:39.759  5351  5507 D ContactsProvider_EventLog: contents_sample_state: [SAPROFILE contacts(1) data(1) accounts({vnd.sec.contact.phone (1)=1})  ]
07-04 12:29:39.763  5351  5507 E ContactsProvider_EventLog: Flush buffer to file cnt : 1 size : 0Kb duration : 3ms lastUpdatedAfter : 60112 ms mFlush_time_threasold : 2000 mCurrentSize : 437
07-04 12:29:39.767 14608 14706 I BatteryMgr:DataCollectionService: stats => 1688466579767,-89,4071
07-04 12:29:39.879 14608 14706 I BatteryMgr:DataCollectionService: stats => 1688466579878,-89,4071
07-04 12:29:39.990 14608 14706 I BatteryMgr:DataCollectionService: stats => 1688466579989,-89,4071
07-04 12:29:40.101 14608 14706 I BatteryMgr:DataCollectionService: stats => 1688466580101,-89,4071
07-04 12:29:40.212 14608 14706 I BatteryMgr:DataCollectionService: stats => 1688466580212,-89,4071
07-04 12:29:40.324 14608 14706 I BatteryMgr:DataCollectionService: stats => 1688466580323,-89,4071
07-04 12:29:40.435 14608 14706 I BatteryMgr:DataCollectionService: stats => 1688466580435,-89,4071
07-04 12:29:40.546 14608 14706 I BatteryMgr:DataCollectionService: stats => 1688466580546,-89,4071
07-04 12:29:40.657 14608 14706 I BatteryMgr:DataCollectionService: stats => 1688466580657,-89,4071
07-04 12:29:40.769 14608 14706 I BatteryMgr:DataCollectionService: stats => 1688466580769,-89,4071
07-04 12:29:40.880 14608 14706 I BatteryMgr:DataCollectionService: stats => 1688466580880,-89,4071
07-04 12:29:40.991 14608 14706 I BatteryMgr:DataCollectionService: stats => 1688466580991,-89,4071
07-04 12:29:41.102 14608 14706 I BatteryMgr:DataCollectionService: stats => 1688466581102,-89,4071
07-04 12:29:41.132  4950  4950 D io_stats: !@ 179,0 r 80189 3049984 w 16692 232472 d 1642 48084 f 4136 4260 iot 39076 32596 th 51200 0 0 pt 0 inp 0 0 2549.203
07-04 12:29:41.213 14608 14706 I BatteryMgr:DataCollectionService: stats => 1688466581213,-89,4071
07-04 12:29:41.277  3433  3433 I android.hardware.wifi@1.0-service: getLinkLayerStats
07-04 12:29:41.324 14608 14706 I BatteryMgr:DataCollectionService: stats => 1688466581324,-89,4071
07-04 12:29:41.436 14608 14706 I BatteryMgr:DataCollectionService: stats => 1688466581436,-89,4071
07-04 12:29:41.547 14608 14706 I BatteryMgr:DataCollectionService: stats => 1688466581547,-89,4071
07-04 12:29:41.658 14608 14706 I BatteryMgr:DataCollectionService: stats => 1688466581658,-89,4071
07-04 12:29:41.769 14608 14706 I BatteryMgr:DataCollectionService: stats => 1688466581769,-89,4071
07-04 12:29:41.880 14608 14706 I BatteryMgr:DataCollectionService: stats => 1688466581880,-89,4071
07-04 12:29:41.991 14608 14706 I BatteryMgr:DataCollectionService: stats => 1688466581991,-89,4071
07-04 12:29:42.103 14608 14706 I BatteryMgr:DataCollectionService: stats => 1688466582102,-89,4071
07-04 12:29:42.214 14608 14706 I BatteryMgr:DataCollectionService: stats => 1688466582214,-89,4071
07-04 12:29:42.325 14608 14706 I BatteryMgr:DataCollectionService: stats => 1688466582325,-89,4071
07-04 12:29:42.436 14608 14706 I BatteryMgr:DataCollectionService: stats => 1688466582436,-89,4071
07-04 12:29:42.548 14608 14706 I BatteryMgr:DataCollectionService: stats => 1688466582547,-89,4071
07-04 12:29:42.659 14608 14706 I BatteryMgr:DataCollectionService: stats => 1688466582659,-89,4071
07-04 12:29:42.770 14608 14706 I BatteryMgr:DataCollectionService: stats => 1688466582770,-89,4071
07-04 12:29:42.881 14608 14706 I BatteryMgr:DataCollectionService: stats => 1688466582881,-89,4071
07-04 12:29:42.992 14608 14706 I BatteryMgr:DataCollectionService: stats => 1688466582992,-89,4071
07-04 12:29:43.103 14608 14706 I BatteryMgr:DataCollectionService: stats => 1688466583103,-89,4071
07-04 12:29:43.215 14608 14706 I BatteryMgr:DataCollectionService: stats => 1688466583215,-89,4071
07-04 12:29:43.326 14608 14706 I BatteryMgr:DataCollectionService: stats => 1688466583326,-89,4071
07-04 12:29:43.437 14608 14706 I BatteryMgr:DataCollectionService: stats => 1688466583437,-89,4071
07-04 12:29:43.548 14608 14706 I BatteryMgr:DataCollectionService: stats => 1688466583548,-89,4071
07-04 12:29:43.618  3962  4037 D SensorService: [SO] 0.081 -0.129 9.917
07-04 12:29:43.659 14608 14706 I BatteryMgr:DataCollectionService: stats => 1688466583659,-89,4071
07-04 12:29:43.770 14608 14706 I BatteryMgr:DataCollectionService: stats => 1688466583770,-89,4071
07-04 12:29:43.821  3962  6491 D SSRM:k  : SIOP:: AP = 270, PST = 275 (W:30), BAT = 254, USB = 0, CHG = 0
07-04 12:29:43.881 14608 14706 I BatteryMgr:DataCollectionService: stats => 1688466583881,-89,4071
07-04 12:29:43.992 14608 14706 I BatteryMgr:DataCollectionService: stats => 1688466583992,-89,4071
07-04 12:29:44.103 14608 14706 I BatteryMgr:DataCollectionService: stats => 1688466584103,-89,4071
07-04 12:29:44.214 14608 14706 I BatteryMgr:DataCollectionService: stats => 1688466584213,-89,4071
07-04 12:29:44.285  3433  3433 I android.hardware.wifi@1.0-service: getLinkLayerStats
07-04 12:29:44.324 14608 14706 I BatteryMgr:DataCollectionService: stats => 1688466584324,-89,4071
07-04 12:29:44.435 14608 14706 I BatteryMgr:DataCollectionService: stats => 1688466584435,-89,4071
07-04 12:29:44.546 14608 14706 I BatteryMgr:DataCollectionService: stats => 1688466584546,-89,4071
07-04 12:29:44.657 14608 14706 I BatteryMgr:DataCollectionService: stats => 1688466584657,-89,4071
07-04 12:29:44.768 14608 14706 I BatteryMgr:DataCollectionService: stats => 1688466584768,-89,4071
07-04 12:29:44.879 14608 14706 I BatteryMgr:DataCollectionService: stats => 1688466584879,-89,4071
07-04 12:29:44.989 14608 14706 I BatteryMgr:DataCollectionService: stats => 1688466584989,-89,4071
07-04 12:29:45.100 14608 14706 I BatteryMgr:DataCollectionService: stats => 1688466585100,-89,4071
07-04 12:29:45.211 14608 14706 I BatteryMgr:DataCollectionService: stats => 1688466585211,-89,4071
07-04 12:29:45.321 14608 14706 I BatteryMgr:DataCollectionService: stats => 1688466585321,-89,4071
07-04 12:29:45.432 14608 14706 I BatteryMgr:DataCollectionService: stats => 1688466585432,-89,4071
07-04 12:29:45.543 14608 14706 I BatteryMgr:DataCollectionService: stats => 1688466585543,-89,4071
07-04 12:29:45.654 14608 14706 I BatteryMgr:DataCollectionService: stats => 1688466585654,-89,4071
07-04 12:29:45.765 14608 14706 I BatteryMgr:DataCollectionService: stats => 1688466585765,-89,4071
07-04 12:29:45.876 14608 14706 I BatteryMgr:DataCollectionService: stats => 1688466585876,-89,4071
07-04 12:29:45.986 14608 14706 I BatteryMgr:DataCollectionService: stats => 1688466585986,-89,4071
07-04 12:29:46.092 14608 14706 I BatteryMgr:DataCollectionService: stats => 1688466586092,-89,4071
07-04 12:29:46.136  4950  4950 D io_stats: !@ 179,0 r 80189 3049984 w 16702 232560 d 1643 48088 f 4137 4261 iot 39076 32601 th 51200 0 0 pt 0 inp 0 0 2554.208
07-04 12:29:46.200 14608 14706 I BatteryMgr:DataCollectionService: stats => 1688466586200,-89,4071
07-04 12:29:46.311 14608 14706 I BatteryMgr:DataCollectionService: stats => 1688466586311,-89,4071
07-04 12:29:46.422 14608 14706 I BatteryMgr:DataCollectionService: stats => 1688466586421,-89,4071
07-04 12:29:46.532 14608 14706 I BatteryMgr:DataCollectionService: stats => 1688466586532,-89,4071
07-04 12:29:46.643 14608 14706 I BatteryMgr:DataCollectionService: stats => 1688466586643,-89,4071
07-04 12:29:46.754 14608 14706 I BatteryMgr:DataCollectionService: stats => 1688466586754,-89,4071
07-04 12:29:46.865 14608 14706 I BatteryMgr:DataCollectionService: stats => 1688466586864,-89,4071
07-04 12:29:46.975 14608 14706 I BatteryMgr:DataCollectionService: stats => 1688466586975,-89,4071
07-04 12:29:47.086 14608 14706 I BatteryMgr:DataCollectionService: stats => 1688466587086,-89,4071
07-04 12:29:47.197 14608 14706 I BatteryMgr:DataCollectionService: stats => 1688466587196,-89,4071
07-04 12:29:47.293  3433  3433 I android.hardware.wifi@1.0-service: getLinkLayerStats
07-04 12:29:47.308 14608 14706 I BatteryMgr:DataCollectionService: stats => 1688466587307,-89,4071
07-04 12:29:47.419 14608 14706 I BatteryMgr:DataCollectionService: stats => 1688466587419,-89,4071
07-04 12:29:47.529 14608 14706 I BatteryMgr:DataCollectionService: stats => 1688466587529,-89,4071
07-04 12:29:47.640 14608 14706 I BatteryMgr:DataCollectionService: stats => 1688466587640,-89,4071
07-04 12:29:47.751 14608 14706 I BatteryMgr:DataCollectionService: stats => 1688466587751,-89,4071
07-04 12:29:47.861 14608 14706 I BatteryMgr:DataCollectionService: stats => 1688466587861,-89,4071
07-04 12:29:47.972 14608 14706 I BatteryMgr:DataCollectionService: stats => 1688466587972,-89,4071
07-04 12:29:48.083 14608 14706 I BatteryMgr:DataCollectionService: stats => 1688466588083,-89,4071
07-04 12:29:48.194 14608 14706 I BatteryMgr:DataCollectionService: stats => 1688466588194,-89,4071
07-04 12:29:48.304 14608 14706 I BatteryMgr:DataCollectionService: stats => 1688466588304,-89,4071
07-04 12:29:48.415 14608 14706 I BatteryMgr:DataCollectionService: stats => 1688466588415,-89,4071
07-04 12:29:48.526 14608 14706 I BatteryMgr:DataCollectionService: stats => 1688466588525,-89,4071
07-04 12:29:48.637 14608 14706 I BatteryMgr:DataCollectionService: stats => 1688466588637,-89,4071
07-04 12:29:48.748 14608 14706 I BatteryMgr:DataCollectionService: stats => 1688466588747,-89,4071
07-04 12:29:48.859 14608 14706 I BatteryMgr:DataCollectionService: stats => 1688466588858,-89,4071
07-04 12:29:48.969 14608 14706 I BatteryMgr:DataCollectionService: stats => 1688466588969,-89,4071
07-04 12:29:49.080 14608 14706 I BatteryMgr:DataCollectionService: stats => 1688466589079,-89,4071
07-04 12:29:49.190 14608 14706 I BatteryMgr:DataCollectionService: stats => 1688466589190,-89,4071
07-04 12:29:49.301 14608 14706 I BatteryMgr:DataCollectionService: stats => 1688466589301,-89,4071
07-04 12:29:49.411 14608 14706 I BatteryMgr:DataCollectionService: stats => 1688466589411,-89,4071
07-04 12:29:49.522 14608 14706 I BatteryMgr:DataCollectionService: stats => 1688466589522,-89,4071
07-04 12:29:49.632 14608 14706 I BatteryMgr:DataCollectionService: stats => 1688466589632,-89,4071
07-04 12:29:49.743 14608 14706 I BatteryMgr:DataCollectionService: stats => 1688466589743,-89,4071
07-04 12:29:49.854 14608 14706 I BatteryMgr:DataCollectionService: stats => 1688466589853,-89,4071
07-04 12:29:49.965 14608 14706 I BatteryMgr:DataCollectionService: stats => 1688466589964,-89,4071
07-04 12:29:50.075 14608 14706 I BatteryMgr:DataCollectionService: stats => 1688466590075,-89,4071
07-04 12:29:50.186 14608 14706 I BatteryMgr:DataCollectionService: stats => 1688466590186,-89,4071
07-04 12:29:50.296 14608 14706 I BatteryMgr:DataCollectionService: stats => 1688466590296,-89,4071
07-04 12:29:50.315  3433  3433 I chatty  : uid=1010 wifi@1.0-servic identical 1 line
07-04 12:29:50.407 14608 14706 I BatteryMgr:DataCollectionService: stats => 1688466590407,-89,4071
07-04 12:29:50.517 14608 14706 I BatteryMgr:DataCollectionService: stats => 1688466590517,-89,4071
07-04 12:29:50.628 14608 14706 I BatteryMgr:DataCollectionService: stats => 1688466590628,-89,4071
07-04 12:29:50.738 14608 14706 I BatteryMgr:DataCollectionService: stats => 1688466590738,-89,4071
07-04 12:29:50.849 14608 14706 I BatteryMgr:DataCollectionService: stats => 1688466590848,-89,4071
07-04 12:29:50.959 14608 14706 I BatteryMgr:DataCollectionService: stats => 1688466590959,-89,4071
07-04 12:29:51.070 14608 14706 I BatteryMgr:DataCollectionService: stats => 1688466591069,-89,4071
07-04 12:29:51.180 14608 14706 I BatteryMgr:DataCollectionService: stats => 1688466591180,-89,4071
07-04 12:29:51.290 14608 14706 I BatteryMgr:DataCollectionService: stats => 1688466591290,-89,4071
07-04 12:29:51.401 14608 14706 I BatteryMgr:DataCollectionService: stats => 1688466591401,-89,4071
07-04 12:29:51.512 14608 14706 I BatteryMgr:DataCollectionService: stats => 1688466591511,-89,4071
07-04 12:29:51.622 14608 14706 I BatteryMgr:DataCollectionService: stats => 1688466591622,-89,4071
07-04 12:29:51.733 14608 14706 I BatteryMgr:DataCollectionService: stats => 1688466591733,-89,4071
07-04 12:29:51.844 14608 14706 I BatteryMgr:DataCollectionService: stats => 1688466591844,-89,4071
07-04 12:29:51.954 14608 14706 I BatteryMgr:DataCollectionService: stats => 1688466591954,-89,4071
07-04 12:29:52.065 14608 14706 I BatteryMgr:DataCollectionService: stats => 1688466592065,-89,4071
07-04 12:29:52.176 14608 14706 I BatteryMgr:DataCollectionService: stats => 1688466592175,-89,4071
07-04 12:29:52.286 14608 14706 I BatteryMgr:DataCollectionService: stats => 1688466592286,-89,4071
07-04 12:29:52.397 14608 14706 I BatteryMgr:DataCollectionService: stats => 1688466592397,-89,4071
07-04 12:29:52.507 14608 14706 I BatteryMgr:DataCollectionService: stats => 1688466592507,-89,4071
07-04 12:29:52.618 14608 14706 I BatteryMgr:DataCollectionService: stats => 1688466592617,-89,4071
07-04 12:29:52.728 14608 14706 I BatteryMgr:DataCollectionService: stats => 1688466592728,-89,4071
07-04 12:29:52.838 14608 14706 I BatteryMgr:DataCollectionService: stats => 1688466592838,-89,4071
07-04 12:29:52.949 14608 14706 I BatteryMgr:DataCollectionService: stats => 1688466592948,-89,4071
07-04 12:29:53.059 14608 14706 I BatteryMgr:DataCollectionService: stats => 1688466593059,-89,4071
07-04 12:29:53.169 14608 14706 I BatteryMgr:DataCollectionService: stats => 1688466593169,-89,4071
07-04 12:29:53.280 14608 14706 I BatteryMgr:DataCollectionService: stats => 1688466593279,-89,4071
07-04 12:29:53.324  3433  3433 I android.hardware.wifi@1.0-service: getLinkLayerStats
07-04 12:29:53.390 14608 14706 I BatteryMgr:DataCollectionService: stats => 1688466593389,-89,4071
07-04 12:29:53.500 14608 14706 I BatteryMgr:DataCollectionService: stats => 1688466593500,-89,4071
07-04 12:29:53.610 14608 14706 I BatteryMgr:DataCollectionService: stats => 1688466593610,-89,4071
07-04 12:29:53.618  3962  4037 D SensorService: [SO] 0.067 -0.168 9.960
07-04 12:29:53.720 14608 14706 I BatteryMgr:DataCollectionService: stats => 1688466593720,-89,4071
07-04 12:29:53.831 14608 14706 I BatteryMgr:DataCollectionService: stats => 1688466593830,-89,4071
07-04 12:29:53.878  3962  6491 D SSRM:k  : SIOP:: AP = 270, PST = 275 (W:30), BAT = 254, USB = 0, CHG = 0
07-04 12:29:53.941 14608 14706 I BatteryMgr:DataCollectionService: stats => 1688466593940,-89,4071
07-04 12:29:54.051 14608 14706 I BatteryMgr:DataCollectionService: stats => 1688466594051,-89,4071
07-04 12:29:54.161 14608 14706 I BatteryMgr:DataCollectionService: stats => 1688466594161,-89,4071
07-04 12:29:54.271 14608 14706 I BatteryMgr:DataCollectionService: stats => 1688466594271,-89,4071
07-04 12:29:54.381 14608 14706 I BatteryMgr:DataCollectionService: stats => 1688466594381,-89,4071
07-04 12:29:54.491 14608 14706 I BatteryMgr:DataCollectionService: stats => 1688466594491,-89,4071
07-04 12:29:54.601 14608 14706 I BatteryMgr:DataCollectionService: stats => 1688466594601,-89,4071
07-04 12:29:54.712 14608 14706 I BatteryMgr:DataCollectionService: stats => 1688466594712,-89,4071
07-04 12:29:54.822 14608 14706 I BatteryMgr:DataCollectionService: stats => 1688466594822,-89,4071
07-04 12:29:54.932 14608 14706 I BatteryMgr:DataCollectionService: stats => 1688466594932,-89,4071
07-04 12:29:55.043 14608 14706 I BatteryMgr:DataCollectionService: stats => 1688466595042,-89,4071
07-04 12:29:55.153 14608 14706 I BatteryMgr:DataCollectionService: stats => 1688466595153,-89,4071
07-04 12:29:55.264 14608 14706 I BatteryMgr:DataCollectionService: stats => 1688466595263,-89,4071
07-04 12:29:55.374 14608 14706 I BatteryMgr:DataCollectionService: stats => 1688466595374,-89,4071
07-04 12:29:55.484 14608 14706 I BatteryMgr:DataCollectionService: stats => 1688466595484,-89,4071
07-04 12:29:55.595 14608 14706 I BatteryMgr:DataCollectionService: stats => 1688466595595,-89,4071
07-04 12:29:55.705 14608 14706 I BatteryMgr:DataCollectionService: stats => 1688466595705,-89,4071
07-04 12:29:55.816 14608 14706 I BatteryMgr:DataCollectionService: stats => 1688466595816,-89,4071
07-04 12:29:55.926 14608 14706 I BatteryMgr:DataCollectionService: stats => 1688466595926,-89,4071
07-04 12:29:56.036 14608 14706 I BatteryMgr:DataCollectionService: stats => 1688466596036,-89,4071
07-04 12:29:56.146  4950  4950 D io_stats: !@ 179,0 r 80189 3049984 w 16713 232612 d 1643 48088 f 4138 4262 iot 39076 32604 th 51200 0 0 pt 0 inp 0 0 2564.217
07-04 12:29:56.147 14608 14706 I BatteryMgr:DataCollectionService: stats => 1688466596147,-89,4071
07-04 12:29:56.257 14608 14706 I BatteryMgr:DataCollectionService: stats => 1688466596257,-89,4071
07-04 12:29:56.333  3433  3433 I android.hardware.wifi@1.0-service: getLinkLayerStats
07-04 12:29:56.367 14608 14706 I BatteryMgr:DataCollectionService: stats => 1688466596367,-89,4071
07-04 12:29:56.477 14608 14706 I BatteryMgr:DataCollectionService: stats => 1688466596477,-89,4071
07-04 12:29:56.588 14608 14706 I BatteryMgr:DataCollectionService: stats => 1688466596587,-89,4071
07-04 12:29:56.698 14608 14706 I BatteryMgr:DataCollectionService: stats => 1688466596697,-89,4071
07-04 12:29:56.808 14608 14706 I BatteryMgr:DataCollectionService: stats => 1688466596808,-89,4071
07-04 12:29:56.918 14608 14706 I BatteryMgr:DataCollectionService: stats => 1688466596918,-89,4071
07-04 12:29:57.027 14608 14706 I BatteryMgr:DataCollectionService: stats => 1688466597027,-89,4071
07-04 12:29:57.137 14608 14706 I BatteryMgr:DataCollectionService: stats => 1688466597137,-89,4071
07-04 12:29:57.207  3962  4307 D WifiConnectivityMonitor:  [|216] []
07-04 12:29:57.247 14608 14706 I BatteryMgr:DataCollectionService: stats => 1688466597247,-89,4071
07-04 12:29:57.357 14608 14706 I BatteryMgr:DataCollectionService: stats => 1688466597357,-89,4071
07-04 12:29:57.467 14608 14706 I BatteryMgr:DataCollectionService: stats => 1688466597467,-89,4071
07-04 12:29:57.577 14608 14706 I BatteryMgr:DataCollectionService: stats => 1688466597577,-89,4071
07-04 12:29:57.687 14608 14706 I BatteryMgr:DataCollectionService: stats => 1688466597687,-89,4071
07-04 12:29:57.797 14608 14706 I BatteryMgr:DataCollectionService: stats => 1688466597797,-89,4071
07-04 12:29:57.907 14608 14706 I BatteryMgr:DataCollectionService: stats => 1688466597907,-89,4071
07-04 12:29:58.017 14608 14706 I BatteryMgr:DataCollectionService: stats => 1688466598017,-89,4071
07-04 12:29:58.128 14608 14706 I BatteryMgr:DataCollectionService: stats => 1688466598127,-89,4071
07-04 12:29:58.237 14608 14706 I BatteryMgr:DataCollectionService: stats => 1688466598237,-89,4071
07-04 12:29:58.347 14608 14706 I BatteryMgr:DataCollectionService: stats => 1688466598347,-89,4071
07-04 12:29:58.458 14608 14706 I BatteryMgr:DataCollectionService: stats => 1688466598457,-89,4071
07-04 12:29:58.568 14608 14706 I BatteryMgr:DataCollectionService: stats => 1688466598567,-89,4071
07-04 12:29:58.678 14608 14706 I BatteryMgr:DataCollectionService: stats => 1688466598678,-89,4071
07-04 12:29:58.788 14608 14706 I BatteryMgr:DataCollectionService: stats => 1688466598788,-89,4071
07-04 12:29:58.899 14608 14706 I BatteryMgr:DataCollectionService: stats => 1688466598899,-89,4071
07-04 12:29:59.009 14608 14706 I BatteryMgr:DataCollectionService: stats => 1688466599009,-89,4071
07-04 12:29:59.119 14608 14706 I BatteryMgr:DataCollectionService: stats => 1688466599119,-89,4071
07-04 12:29:59.229 14608 14706 I BatteryMgr:DataCollectionService: stats => 1688466599229,-89,4071
07-04 12:29:59.339 14608 14706 I BatteryMgr:DataCollectionService: stats => 1688466599339,-89,4071
07-04 12:29:59.341  3433  3433 I android.hardware.wifi@1.0-service: getLinkLayerStats
07-04 12:29:59.449 14608 14706 I BatteryMgr:DataCollectionService: stats => 1688466599449,-89,4071
07-04 12:29:59.559 14608 14706 I BatteryMgr:DataCollectionService: stats => 1688466599559,-89,4071
07-04 12:29:59.669 14608 14706 I BatteryMgr:DataCollectionService: stats => 1688466599669,-89,4071
07-04 12:29:59.779 14608 14706 I BatteryMgr:DataCollectionService: stats => 1688466599779,-89,4071
07-04 12:29:59.889 14608 14706 I BatteryMgr:DataCollectionService: stats => 1688466599889,-89,4071
07-04 12:30:00.000 14608 14706 I BatteryMgr:DataCollectionService: stats => 1688466599999,-89,4071
07-04 12:30:00.000  3962  4050 D SamsungAlarmManager: Expired : 8
07-04 12:30:00.000  3962  4050 I SamsungAlarmManager: setLocked to kernel - T:3 / 20230704T123000, SetElapsed=2568074, nowELAPSED=2568073
07-04 12:30:00.001  3962  4050 V SamsungAlarmManager: Sending to uid : 10074 action=com.samsung.action.EVERY_MINUTE_CLOCK_UPDATE alarm=Alarm{69b3231 type 1 when 1688466600000 com.sec.android.app.launcher}
07-04 12:30:00.003  3962  4050 D SamsungAlarmManager: Expired : 8
07-04 12:30:00.004  3962  4050 V SamsungAlarmManager: Sending to uid : 1000 action=android.intent.action.TIME_TICK alarm=Alarm{ab72697 type 3 when 2568074 android}
07-04 12:30:00.005  5434  5434 I Launcher: onReceive: com.samsung.action.EVERY_MINUTE_CLOCK_UPDATE
07-04 12:30:00.009  3962  3962 D SamsungAlarmManager: setExact Intent (T:3/F:1/AC:false) 20230704T123100 - CU:1000/CP:3962
07-04 12:30:00.010  3962  3962 I SamsungAlarmManager: setLocked to kernel - T:3 / 20230704T123100, SetElapsed=2628073, nowELAPSED=2568083
07-04 12:30:00.012  4351  4351 D KeyguardUpdateMonitor: received broadcast android.intent.action.TIME_TICK
07-04 12:30:00.013  4351  4351 D KeyguardServiceBoxContainer: refreshTime() 1
07-04 12:30:00.018  3962 10890 D SamsungAlarmManager: setInexact Intent (T:1/F:0/AC:false) 20230704T123100 - CU:10074/CP:5434
07-04 12:30:00.019  5434  5434 I IconView: applyFromShortcutInfo - start GetLive : com.samsung.android.calendar
07-04 12:30:00.019  5434  5434 I IconView: applyFromShortcutInfo - end GetLive : com.samsung.android.calendar
07-04 12:30:00.021  5434  5434 I IconView: applyFromApplicationInfo - start GetLive : com.sec.android.app.clockpackage
07-04 12:30:00.030  5434  5434 D ApplicationPackageManager: we has com.sec.android.app.clockpackage class. reuse it 
07-04 12:30:00.031  5434  5434 D LiveIconLoader: getLiveIcon was called in ClockPackage
07-04 12:30:00.034  5434  5434 D LiveIconLoader: getLiveIcon res = com.sec.android.app.clockpackage
07-04 12:30:00.037  4351  4351 D KeyguardUpdateMonitor: handleStatusBarState( false )
07-04 12:30:00.037  5434  5434 D LiveIconLoader: stdIconSize : 84 , targetIconSize : 101
07-04 12:30:00.037  5434  5434 D LiveIconLoader: mIconDpi : 480 , mTargetIconDpi : 280
07-04 12:30:00.052  5434  5434 I ApplicationPackageManager: load= live icon for com.sec.android.app.clockpackage, from overlay = false
07-04 12:30:00.054  5434  5434 I LiveIconManager: getLiveIcon: complete(sync_created)
07-04 12:30:00.055  5434  5434 I IconView: applyFromApplicationInfo - end GetLive : com.sec.android.app.clockpackage
07-04 12:30:00.055  5434  5434 I IconView: applyFromApplicationInfo - start GetLive : com.samsung.android.calendar
07-04 12:30:00.055  5434  5434 I IconView: applyFromApplicationInfo - end GetLive : com.samsung.android.calendar
07-04 12:30:00.064  4351  4351 D KeyguardUpdateMonitor: handleStatusBarState( false )
07-04 12:30:00.106 14608 14706 I BatteryMgr:DataCollectionService: stats => 1688466600106,-89,4071
07-04 12:30:00.138  3962  4450 E Watchdog: !@Sync 85 [2023-07-04 12:30:00.137]
07-04 12:30:00.216 14608 14706 I BatteryMgr:DataCollectionService: stats => 1688466600216,-89,4071
07-04 12:30:00.326 14608 14706 I BatteryMgr:DataCollectionService: stats => 1688466600326,-89,4071
07-04 12:30:00.436 14608 14706 I BatteryMgr:DataCollectionService: stats => 1688466600436,-89,4071
07-04 12:30:00.546 14608 14706 I BatteryMgr:DataCollectionService: stats => 1688466600546,-89,4071
07-04 12:30:00.656 14608 14706 I BatteryMgr:DataCollectionService: stats => 1688466600656,-89,4071
07-04 12:30:00.766 14608 14706 I BatteryMgr:DataCollectionService: stats => 1688466600766,-89,4071
07-04 12:30:00.876 14608 14706 I BatteryMgr:DataCollectionService: stats => 1688466600876,-89,4071
07-04 12:30:00.984 14608 14706 I BatteryMgr:DataCollectionService: stats => 1688466600984,-89,4071
07-04 12:30:01.094 14608 14706 I BatteryMgr:DataCollectionService: stats => 1688466601094,-89,4071
07-04 12:30:01.204 14608 14706 I BatteryMgr:DataCollectionService: stats => 1688466601204,-89,4071
07-04 12:30:01.314 14608 14706 I BatteryMgr:DataCollectionService: stats => 1688466601314,-89,4071
07-04 12:30:01.424 14608 14706 I BatteryMgr:DataCollectionService: stats => 1688466601424,-89,4071
07-04 12:30:01.534 14608 14706 I BatteryMgr:DataCollectionService: stats => 1688466601534,-89,4071
07-04 12:30:01.644 14608 14706 I BatteryMgr:DataCollectionService: stats => 1688466601644,-89,4071
07-04 12:30:01.754 14608 14706 I BatteryMgr:DataCollectionService: stats => 1688466601754,-89,4071
07-04 12:30:01.865 14608 14706 I BatteryMgr:DataCollectionService: stats => 1688466601864,-89,4071
07-04 12:30:01.975 14608 14706 I BatteryMgr:DataCollectionService: stats => 1688466601975,-89,4071
07-04 12:30:02.085 14608 14706 I BatteryMgr:DataCollectionService: stats => 1688466602085,-89,4071
07-04 12:30:02.195 14608 14706 I BatteryMgr:DataCollectionService: stats => 1688466602195,-89,4071
07-04 12:30:02.305 14608 14706 I BatteryMgr:DataCollectionService: stats => 1688466602305,-89,4071
07-04 12:30:02.350  3433  3433 I android.hardware.wifi@1.0-service: getLinkLayerStats
07-04 12:30:02.415 14608 14706 I BatteryMgr:DataCollectionService: stats => 1688466602415,-89,4071
07-04 12:30:02.526 14608 14706 I BatteryMgr:DataCollectionService: stats => 1688466602525,-89,4071
07-04 12:30:02.636 14608 14706 I BatteryMgr:DataCollectionService: stats => 1688466602635,-89,4071
07-04 12:30:02.746 14608 14706 I BatteryMgr:DataCollectionService: stats => 1688466602745,-89,4071
07-04 12:30:02.856 14608 14706 I BatteryMgr:DataCollectionService: stats => 1688466602855,-89,4071
07-04 12:30:02.966 14608 14706 I BatteryMgr:DataCollectionService: stats => 1688466602966,-89,4071
07-04 12:30:03.076 14608 14706 I BatteryMgr:DataCollectionService: stats => 1688466603076,-89,4071
07-04 12:30:03.186 14608 14706 I BatteryMgr:DataCollectionService: stats => 1688466603186,-89,4071
07-04 12:30:03.296 14608 14706 I BatteryMgr:DataCollectionService: stats => 1688466603296,-89,4071
07-04 12:30:03.406 14608 14706 I BatteryMgr:DataCollectionService: stats => 1688466603406,-89,4071
07-04 12:30:03.516 14608 14706 I BatteryMgr:DataCollectionService: stats => 1688466603516,-89,4071
07-04 12:30:03.618  3962  4037 D SensorService: [SO] 0.086 -0.163 9.946
07-04 12:30:03.626 14608 14706 I BatteryMgr:DataCollectionService: stats => 1688466603626,-89,4071
07-04 12:30:03.736 14608 14706 I BatteryMgr:DataCollectionService: stats => 1688466603736,-89,4071
07-04 12:30:03.846 14608 14706 I BatteryMgr:DataCollectionService: stats => 1688466603846,-89,4071
07-04 12:30:03.914  3962  6491 D SSRM:k  : SIOP:: AP = 270, PST = 275 (W:30), BAT = 254, USB = 0, CHG = 0
07-04 12:30:03.956 14608 14706 I BatteryMgr:DataCollectionService: stats => 1688466603956,-89,4071
07-04 12:30:04.066 14608 14706 I BatteryMgr:DataCollectionService: stats => 1688466604066,-89,4071
07-04 12:30:04.176 14608 14706 I BatteryMgr:DataCollectionService: stats => 1688466604176,-89,4071
07-04 12:30:04.286 14608 14706 I BatteryMgr:DataCollectionService: stats => 1688466604286,-89,4071
07-04 12:30:04.396 14608 14706 I BatteryMgr:DataCollectionService: stats => 1688466604396,-89,4071
07-04 12:30:04.506 14608 14706 I BatteryMgr:DataCollectionService: stats => 1688466604506,-89,4071
07-04 12:30:04.616 14608 14706 I BatteryMgr:DataCollectionService: stats => 1688466604616,-89,4071
07-04 12:30:04.727 14608 14706 I BatteryMgr:DataCollectionService: stats => 1688466604726,-89,4071
07-04 12:30:04.836 14608 14706 I BatteryMgr:DataCollectionService: stats => 1688466604836,-89,4071
07-04 12:30:04.946 14608 14706 I BatteryMgr:DataCollectionService: stats => 1688466604946,-89,4071
07-04 12:30:05.056 14608 14706 I BatteryMgr:DataCollectionService: stats => 1688466605056,-89,4071
07-04 12:30:05.166 14608 14706 I BatteryMgr:DataCollectionService: stats => 1688466605166,-89,4071
07-04 12:30:05.277 14608 14706 I BatteryMgr:DataCollectionService: stats => 1688466605277,-89,4071
07-04 12:30:05.372  3433  3433 I android.hardware.wifi@1.0-service: getLinkLayerStats
07-04 12:30:05.388 14608 14706 I BatteryMgr:DataCollectionService: stats => 1688466605387,-89,4071
07-04 12:30:05.498 14608 14706 I BatteryMgr:DataCollectionService: stats => 1688466605497,-89,4071
07-04 12:30:05.608 14608 14706 I BatteryMgr:DataCollectionService: stats => 1688466605607,-89,4071
07-04 12:30:05.717 14608 14706 I BatteryMgr:DataCollectionService: stats => 1688466605717,-89,4071
07-04 12:30:05.827 14608 14706 I BatteryMgr:DataCollectionService: stats => 1688466605827,-89,4071
07-04 12:30:05.937 14608 14706 I BatteryMgr:DataCollectionService: stats => 1688466605937,-89,4071
07-04 12:30:06.047 14608 14706 I BatteryMgr:DataCollectionService: stats => 1688466606047,-89,4071
07-04 12:30:06.157 14608 14706 I BatteryMgr:DataCollectionService: stats => 1688466606156,-89,4071
07-04 12:30:06.267 14608 14706 I BatteryMgr:DataCollectionService: stats => 1688466606267,-89,4071
07-04 12:30:06.377 14608 14706 I BatteryMgr:DataCollectionService: stats => 1688466606377,-89,4071
07-04 12:30:06.487 14608 14706 I BatteryMgr:DataCollectionService: stats => 1688466606487,-89,4071
07-04 12:30:06.597 14608 14706 I BatteryMgr:DataCollectionService: stats => 1688466606596,-89,4071
07-04 12:30:06.707 14608 14706 I BatteryMgr:DataCollectionService: stats => 1688466606706,-89,4071
07-04 12:30:06.817 14608 14706 I BatteryMgr:DataCollectionService: stats => 1688466606817,-89,4071
07-04 12:30:06.927 14608 14706 I BatteryMgr:DataCollectionService: stats => 1688466606927,-89,4071
07-04 12:30:07.037 14608 14706 I BatteryMgr:DataCollectionService: stats => 1688466607036,-89,4071
07-04 12:30:07.147 14608 14706 I BatteryMgr:DataCollectionService: stats => 1688466607147,-89,4071
07-04 12:30:07.252 14608 14706 I BatteryMgr:DataCollectionService: stats => 1688466607252,-99,4071
07-04 12:30:07.362 14608 14706 I BatteryMgr:DataCollectionService: stats => 1688466607362,-99,4071
07-04 12:30:07.404  3962 13436 D BatteryService: !@BatteryListener : batteryPropertiesChanged!
07-04 12:30:07.472 14608 14706 I BatteryMgr:DataCollectionService: stats => 1688466607472,-99,4071
07-04 12:30:07.582 14608 14706 I BatteryMgr:DataCollectionService: stats => 1688466607582,-99,4071
07-04 12:30:07.692 14608 14706 I BatteryMgr:DataCollectionService: stats => 1688466607692,-99,4071
07-04 12:30:07.802 14608 14706 I BatteryMgr:DataCollectionService: stats => 1688466607802,-99,4071
07-04 12:30:07.912 14608 14706 I BatteryMgr:DataCollectionService: stats => 1688466607912,-99,4071
07-04 12:30:08.023 14608 14706 I BatteryMgr:DataCollectionService: stats => 1688466608023,-99,4071
07-04 12:30:08.133 14608 14706 I BatteryMgr:DataCollectionService: stats => 1688466608133,-99,4071
07-04 12:30:08.243 14608 14706 I BatteryMgr:DataCollectionService: stats => 1688466608243,-99,4071
07-04 12:30:08.353 14608 14706 I BatteryMgr:DataCollectionService: stats => 1688466608353,-99,4071
07-04 12:30:08.391  3433  3433 I android.hardware.wifi@1.0-service: getLinkLayerStats
07-04 12:30:08.463 14608 14706 I BatteryMgr:DataCollectionService: stats => 1688466608463,-99,4071
07-04 12:30:08.574 14608 14706 I BatteryMgr:DataCollectionService: stats => 1688466608573,-99,4071
07-04 12:30:08.683 14608 14706 I BatteryMgr:DataCollectionService: stats => 1688466608683,-99,4071
07-04 12:30:08.793 14608 14706 I BatteryMgr:DataCollectionService: stats => 1688466608793,-99,4071
07-04 12:30:08.904 14608 14706 I BatteryMgr:DataCollectionService: stats => 1688466608904,-99,4071
07-04 12:30:09.014 14608 14706 I BatteryMgr:DataCollectionService: stats => 1688466609014,-99,4071
07-04 12:30:09.125 14608 14706 I BatteryMgr:DataCollectionService: stats => 1688466609124,-99,4071
07-04 12:30:09.235 14608 14706 I BatteryMgr:DataCollectionService: stats => 1688466609234,-99,4071
07-04 12:30:09.344 14608 14706 I BatteryMgr:DataCollectionService: stats => 1688466609344,-99,4071
07-04 12:30:09.454 14608 14706 I BatteryMgr:DataCollectionService: stats => 1688466609454,-99,4071
07-04 12:30:09.564 14608 14706 I BatteryMgr:DataCollectionService: stats => 1688466609564,-99,4071
07-04 12:30:09.674 14608 14706 I BatteryMgr:DataCollectionService: stats => 1688466609673,-99,4071
07-04 12:30:09.784 14608 14706 I BatteryMgr:DataCollectionService: stats => 1688466609783,-99,4071
07-04 12:30:09.893 14608 14706 I BatteryMgr:DataCollectionService: stats => 1688466609893,-99,4071
07-04 12:30:10.003 14608 14706 I BatteryMgr:DataCollectionService: stats => 1688466610003,-99,4071
07-04 12:30:10.113 14608 14706 I BatteryMgr:DataCollectionService: stats => 1688466610113,-99,4071
07-04 12:30:10.223 14608 14706 I BatteryMgr:DataCollectionService: stats => 1688466610223,-99,4071
07-04 12:30:10.332 14608 14706 I BatteryMgr:DataCollectionService: stats => 1688466610332,-99,4071
07-04 12:30:10.442 14608 14706 I BatteryMgr:DataCollectionService: stats => 1688466610442,-99,4071
07-04 12:30:10.552 14608 14706 I BatteryMgr:DataCollectionService: stats => 1688466610552,-99,4071
07-04 12:30:10.662 14608 14706 I BatteryMgr:DataCollectionService: stats => 1688466610662,-99,4071
07-04 12:30:10.771 14608 14706 I BatteryMgr:DataCollectionService: stats => 1688466610771,-99,4071
07-04 12:30:10.881 14608 14706 I BatteryMgr:DataCollectionService: stats => 1688466610881,-99,4071
07-04 12:30:10.991 14608 14706 I BatteryMgr:DataCollectionService: stats => 1688466610991,-99,4071
07-04 12:30:11.101 14608 14706 I BatteryMgr:DataCollectionService: stats => 1688466611101,-99,4071
07-04 12:30:11.211 14608 14706 I BatteryMgr:DataCollectionService: stats => 1688466611210,-99,4071
07-04 12:30:11.320 14608 14706 I BatteryMgr:DataCollectionService: stats => 1688466611320,-99,4071
07-04 12:30:11.405  3433  3433 I android.hardware.wifi@1.0-service: getLinkLayerStats
07-04 12:30:11.430 14608 14706 I BatteryMgr:DataCollectionService: stats => 1688466611430,-99,4071
07-04 12:30:11.540 14608 14706 I BatteryMgr:DataCollectionService: stats => 1688466611540,-99,4071
07-04 12:30:11.650 14608 14706 I BatteryMgr:DataCollectionService: stats => 1688466611649,-99,4071
07-04 12:30:11.760 14608 14706 I BatteryMgr:DataCollectionService: stats => 1688466611759,-99,4071
07-04 12:30:11.869 14608 14706 I BatteryMgr:DataCollectionService: stats => 1688466611869,-99,4071
07-04 12:30:11.979 14608 14706 I BatteryMgr:DataCollectionService: stats => 1688466611979,-99,4071
07-04 12:30:12.089 14608 14706 I BatteryMgr:DataCollectionService: stats => 1688466612089,-99,4071
07-04 12:30:12.199 14608 14706 I BatteryMgr:DataCollectionService: stats => 1688466612199,-99,4071
07-04 12:30:12.309 14608 14706 I BatteryMgr:DataCollectionService: stats => 1688466612309,-99,4071
07-04 12:30:12.419 14608 14706 I BatteryMgr:DataCollectionService: stats => 1688466612418,-99,4071
07-04 12:30:12.528 14608 14706 I BatteryMgr:DataCollectionService: stats => 1688466612528,-99,4071
07-04 12:30:12.639 14608 14706 I BatteryMgr:DataCollectionService: stats => 1688466612639,-99,4071
07-04 12:30:12.749 14608 14706 I BatteryMgr:DataCollectionService: stats => 1688466612749,-99,4071
07-04 12:30:12.859 14608 14706 I BatteryMgr:DataCollectionService: stats => 1688466612859,-99,4071
07-04 12:30:12.969 14608 14706 I BatteryMgr:DataCollectionService: stats => 1688466612969,-99,4071
07-04 12:30:13.079 14608 14706 I BatteryMgr:DataCollectionService: stats => 1688466613078,-99,4071
07-04 12:30:13.188 14608 14706 I BatteryMgr:DataCollectionService: stats => 1688466613188,-99,4071
07-04 12:30:13.298 14608 14706 I BatteryMgr:DataCollectionService: stats => 1688466613298,-99,4071
07-04 12:30:13.408 14608 14706 I BatteryMgr:DataCollectionService: stats => 1688466613408,-99,4071
07-04 12:30:13.518 14608 14706 I BatteryMgr:DataCollectionService: stats => 1688466613517,-99,4071
07-04 12:30:13.618  3962  4037 D SensorService: [SO] 0.086 -0.158 9.917
07-04 12:30:13.627 14608 14706 I BatteryMgr:DataCollectionService: stats => 1688466613627,-99,4071
07-04 12:30:13.737 14608 14706 I BatteryMgr:DataCollectionService: stats => 1688466613736,-99,4071
07-04 12:30:13.846 14608 14706 I BatteryMgr:DataCollectionService: stats => 1688466613846,-99,4071
07-04 12:30:13.956 14608 14706 I BatteryMgr:DataCollectionService: stats => 1688466613955,-99,4071
07-04 12:30:13.972  3962  6491 D SSRM:k  : SIOP:: AP = 270, PST = 274 (W:30), BAT = 254, USB = 0, CHG = 0
07-04 12:30:14.066 14608 14706 I BatteryMgr:DataCollectionService: stats => 1688466614065,-99,4071
07-04 12:30:14.175 14608 14706 I BatteryMgr:DataCollectionService: stats => 1688466614175,-99,4071
