--------- beginning of main
06-12 21:14:51.717  8825  8825 D ProcessState: Binder ioctl to enable oneway spam detection failed: Invalid argument
--------- beginning of system
06-12 21:14:51.722  1917  3912 I ActivityTaskManager: START u0 {act=android.intent.action.MAIN cat=[android.intent.category.LAUNCHER] flg=0x10000000 cmp=com.example.batterymanager_utility/.MainActivity} from uid 2000
06-12 21:14:51.724  1917  3912 W ActivityTaskManager: Can't find TaskDisplayArea to determine support for multi window. Task id=955 attached=false
06-12 21:14:51.727  1917  3912 D CompatibilityChangeReporter: Compat change id reported: 174042980; UID 10232; state: DISABLED
06-12 21:14:51.727  1917  3912 D CompatibilityChangeReporter: Compat change id reported: 184838306; UID 10232; state: DISABLED
06-12 21:14:51.727  1917  3912 D CompatibilityChangeReporter: Compat change id reported: 185004937; UID 10232; state: DISABLED
06-12 21:14:51.730  1917  3912 D CompatibilityChangeReporter: Compat change id reported: 168419799; UID 10232; state: DISABLED
06-12 21:14:51.745  1917  2036 D CompatibilityChangeReporter: Compat change id reported: 135634846; UID 10232; state: DISABLED
06-12 21:14:51.746  1917  2036 D CompatibilityChangeReporter: Compat change id reported: 177438394; UID 10232; state: DISABLED
06-12 21:14:51.746  1917  2036 D CompatibilityChangeReporter: Compat change id reported: 135772972; UID 10232; state: DISABLED
06-12 21:14:51.746  1917  2036 D CompatibilityChangeReporter: Compat change id reported: 135754954; UID 10232; state: ENABLED
06-12 21:14:51.746  1917  2045 D CompatibilityChangeReporter: Compat change id reported: 143937733; UID 10232; state: ENABLED
06-12 21:14:51.756  1279  1279 D Zygote  : Forked child process 8831
06-12 21:14:51.756  1917  2045 I ActivityManager: Start proc 8831:com.example.batterymanager_utility/u0a232 for pre-top-activity {com.example.batterymanager_utility/com.example.batterymanager_utility.MainActivity}
06-12 21:14:51.767  8831  8831 I manager_utilit: Late-enabling -Xcheck:jni
06-12 21:14:51.798  8831  8831 I manager_utilit: Using CollectorTypeCC GC.
06-12 21:14:51.802 25477 25485 I adbd    : jdwp connection from 8831
06-12 21:14:51.804  8831  8831 D ProcessState: Binder ioctl to enable oneway spam detection failed: Invalid argument
06-12 21:14:51.813  8831  8831 D CompatibilityChangeReporter: Compat change id reported: 171979766; UID 10232; state: ENABLED
06-12 21:14:51.818  8831  8831 W ziparchive: Unable to open '/data/app/~~pWU1IIo0XYEqkGuy1HqvLw==/com.example.batterymanager_utility-DlzSXtV_TdkMyi3cLBQoLg==/base.dm': No such file or directory
06-12 21:14:51.819  8831  8831 W ziparchive: Unable to open '/data/app/~~pWU1IIo0XYEqkGuy1HqvLw==/com.example.batterymanager_utility-DlzSXtV_TdkMyi3cLBQoLg==/base.dm': No such file or directory
06-12 21:14:51.829  8829  8829 D AndroidRuntime: >>>>>> START com.android.internal.os.RuntimeInit uid 2000 <<<<<<
06-12 21:14:51.833  8829  8829 I AndroidRuntime: Using default boot image
06-12 21:14:51.833  8829  8829 I AndroidRuntime: Leaving lock profiling enabled
06-12 21:14:51.831  8829  8829 W app_process: type=1400 audit(0.0:4746): avc: denied { read } for name="u:object_r:odsign_prop:s0" dev="tmpfs" ino=23947 scontext=u:r:shell:s0 tcontext=u:object_r:odsign_prop:s0 tclass=file permissive=0
06-12 21:14:51.833  8829  8829 W libc    : Access denied finding property "odsign.verification.success"
06-12 21:14:51.836  8829  8829 W app_process: ART APEX data files are untrusted.
06-12 21:14:51.837  8829  8829 I app_process: Using CollectorTypeCC GC.
06-12 21:14:51.837  8829  8829 E app_process: Error reading named image component header for /system/framework/boot.art, error: Unable to open file "/system/framework/arm64/boot.art" for reading image header
06-12 21:14:51.841 12376 12376 I GsaVoiceInteractionSrv: Handling ACTION_STOP_HOTWORD
06-12 21:14:51.853  8850  8850 W dex2oat64: Mismatch between dex2oat instruction set features to use (ISA: Arm64 Feature string: -a53,crc,lse,fp16,-dotprod,-sve) and those from CPP defines (ISA: Arm64 Feature string: -a53,-crc,-lse,-fp16,-dotprod,-sve) for the command line:
06-12 21:14:51.853  8850  8850 W dex2oat64: /apex/com.android.art/bin/dex2oat64 --runtime-arg -Xbootclasspath:/apex/com.android.art/javalib/core-oj.jar:/apex/com.android.art/javalib/core-libart.jar:/apex/com.android.art/javalib/okhttp.jar:/apex/com.android.art/javalib/bouncycastle.jar:/apex/com.android.art/javalib/apache-xml.jar:/system/framework/framework.jar:/system/framework/framework-graphics.jar:/system/framework/ext.jar:/system/framework/telephony-common.jar:/system/framework/voip-common.jar:/system/framework/ims-common.jar:/apex/com.android.i18n/javalib/core-icu4j.jar --runtime-arg -Xbootclasspath-locations:/apex/com.android.art/javalib/core-oj.jar:/apex/com.android.art/javalib/core-libart.jar:/apex/com.android.art/javalib/okhttp.jar:/apex/com.android.art/javalib/bouncycastle.jar:/apex/com.android.art/javalib/apache-xml.jar:/system/framework/framework.jar:/system/framework/framework-graphics.jar:/system/framework/ext.jar:/system/framework/telephony-common.jar:/system/framework/voip-common.jar:/system/framework/ims-common.jar:/apex/com.android.i18n/javalib/core-icu4j.jar --base=0x70000000 --dex-file=/apex/com.android.art/javalib/core-oj.jar --dex-location=/apex/com.android.art/javalib/core-oj.jar --dex-file=/apex/com.android.art/javalib/core-libart.jar --dex-location=/apex/com.android.art/javalib/core-libart.jar --dex-file=/apex/com.android.art/javalib/okhttp.jar --dex-location=/apex/com.android.art/javalib/okhttp.jar --dex-file=/apex/com.android.art/javalib/bouncycastle.jar --dex-location=/apex/com.android.art/javalib/bouncycastle.jar --dex-file=/apex/com.android.art/javalib/apache-xml.jar --dex-location=/apex/com.android.art/javalib/apache-xml.jar --dex-file=/system/framework/framework.jar --dex-location=/system/framework/framework.jar --dex-file=/system/framework/framework-graphics.jar --dex-location=/system/framework/framework-graphics.jar --dex-file=/system/framework/ext.jar --dex-location=/system/framework/ext.jar --dex-file=/system/framework/telephony-common.jar --dex-location=/system/framework/telephony-common.jar --dex-file=/system/framework/voip-common.jar --dex-location=/system/framework/voip-common.jar --dex-file=/system/framework/ims-common.jar --dex-location=/system/framework/ims-common.jar --dex-file=/apex/com.android.i18n/javalib/core-icu4j.jar --dex-location=/apex/com.android.i18n/javalib/core-icu4j.jar --image-fd=5 --output-vdex-fd=6 --oat-fd=7 --oat-location=/system/framework/arm64/boot.oat --single-image --image-format=uncompressed --compiler-filter=verify --profile-file=/apex/com.android.art/etc/boot-image.prof --profile-file=/system/etc/boot-image.prof --avoid-storing-invocation --instruction-set=arm64 --instruction-set-features=runtime --runtime-arg -Xms64m --runtime-arg -Xmx64m --dirty-image-objects=/system/etc/dirty-image-objects --instruction-set-variant=kryo385 --instruction-set-features=default --generate-mini-debug-info
06-12 21:14:51.871  8850  8850 I dex2oat64: /apex/com.android.art/bin/dex2oat64 --runtime-arg -Xbootclasspath:/apex/com.android.art/javalib/core-oj.jar:/apex/com.android.art/javalib/core-libart.jar:/apex/com.android.art/javalib/okhttp.jar:/apex/com.android.art/javalib/bouncycastle.jar:/apex/com.android.art/javalib/apache-xml.jar:/system/framework/framework.jar:/system/framework/framework-graphics.jar:/system/framework/ext.jar:/system/framework/telephony-common.jar:/system/framework/voip-common.jar:/system/framework/ims-common.jar:/apex/com.android.i18n/javalib/core-icu4j.jar --runtime-arg -Xbootclasspath-locations:/apex/com.android.art/javalib/core-oj.jar:/apex/com.android.art/javalib/core-libart.jar:/apex/com.android.art/javalib/okhttp.jar:/apex/com.android.art/javalib/bouncycastle.jar:/apex/com.android.art/javalib/apache-xml.jar:/system/framework/framework.jar:/system/framework/framework-graphics.jar:/system/framework/ext.jar:/system/framework/telephony-common.jar:/system/framework/voip-common.jar:/system/framework/ims-common.jar:/apex/com.android.i18n/javalib/core-icu4j.jar --base=0x70000000 --dex-file=/apex/com.android.art/javalib/core-oj.jar --dex-location=/apex/com.android.art/javalib/core-oj.jar --dex-file=/apex/com.android.art/javalib/core-libart.jar --dex-location=/apex/com.android.art/javalib/core-libart.jar --dex-file=/apex/com.android.art/javalib/okhttp.jar --dex-location=/apex/com.android.art/javalib/okhttp.jar --dex-file=/apex/com.android.art/javalib/bouncycastle.jar --dex-location=/apex/com.android.art/javalib/bouncycastle.jar --dex-file=/apex/com.android.art/javalib/apache-xml.jar --dex-location=/apex/com.android.art/javalib/apache-xml.jar --dex-file=/system/framework/framework.jar --dex-location=/system/framework/framework.jar --dex-file=/system/framework/framework-graphics.jar --dex-location=/system/framework/framework-graphics.jar --dex-file=/system/framework/ext.jar --dex-location=/system/framework/ext.jar --dex-file=/system/framework/telephony-common.jar --dex-location=/system/framework/telephony-common.jar --dex-file=/system/framework/voip-common.jar --dex-location=/system/framework/voip-common.jar --dex-file=/system/framework/ims-common.jar --dex-location=/system/framework/ims-common.jar --dex-file=/apex/com.android.i18n/javalib/core-icu4j.jar --dex-location=/apex/com.android.i18n/javalib/core-icu4j.jar --image-fd=5 --output-vdex-fd=6 --oat-fd=7 --oat-location=/system/framework/arm64/boot.oat --single-image --image-format=uncompressed --compiler-filter=verify --profile-file=/apex/com.android.art/etc/boot-image.prof --profile-file=/system/etc/boot-image.prof --avoid-storing-invocation --instruction-set=arm64 --instruction-set-features=runtime --runtime-arg -Xms64m --runtime-arg -Xmx64m --dirty-image-objects=/system/etc/dirty-image-objects --instruction-set-variant=kryo385 --instruction-set-features=default --generate-mini-debug-info
06-12 21:14:51.873  8850  8850 I dex2oat64: setting boot class path to /apex/com.android.art/javalib/core-oj.jar:/apex/com.android.art/javalib/core-libart.jar:/apex/com.android.art/javalib/okhttp.jar:/apex/com.android.art/javalib/bouncycastle.jar:/apex/com.android.art/javalib/apache-xml.jar:/system/framework/framework.jar:/system/framework/framework-graphics.jar:/system/framework/ext.jar:/system/framework/telephony-common.jar:/system/framework/voip-common.jar:/system/framework/ims-common.jar:/apex/com.android.i18n/javalib/core-icu4j.jar
06-12 21:14:51.983  8831  8831 D nativeloader: Configuring classloader-namespace for other apk /data/app/~~pWU1IIo0XYEqkGuy1HqvLw==/com.example.batterymanager_utility-DlzSXtV_TdkMyi3cLBQoLg==/base.apk. target_sdk_version=33, uses_libraries=, library_path=/data/app/~~pWU1IIo0XYEqkGuy1HqvLw==/com.example.batterymanager_utility-DlzSXtV_TdkMyi3cLBQoLg==/lib/arm64, permitted_path=/data:/mnt/expand:/data/user/0/com.example.batterymanager_utility
06-12 21:14:51.990  8831  8831 V GraphicsEnvironment: ANGLE Developer option for 'com.example.batterymanager_utility' set to: 'default'
06-12 21:14:51.990  8831  8831 V GraphicsEnvironment: App is not on the allowlist for updatable production driver.
06-12 21:14:51.991  8831  8831 D NetworkSecurityConfig: No Network Security Config specified, using platform default
06-12 21:14:51.991  8831  8831 D NetworkSecurityConfig: No Network Security Config specified, using platform default
06-12 21:14:51.997  8831  8831 I BatteryMgr:App: creating notification channel
06-12 21:14:52.036  2681  2681 I WallpaperService: engine paused
06-12 21:14:52.055 23678 23678 I A       : (REDACTED) onApplyWindowInsets: systemWindowInsets=%s
06-12 21:14:52.055 23678 23678 I A       : (REDACTED) onApplyWindowInsets: systemWindowInsets=%s
06-12 21:14:52.171  8850  8850 I dex2oat64: Using CollectorTypeCC GC.
06-12 21:14:52.211  8831  8831 W manager_utilit: Method boolean androidx.compose.runtime.snapshots.SnapshotStateList.conditionalUpdate(kotlin.jvm.functions.Function1) failed lock verification and will run slower.
06-12 21:14:52.211  8831  8831 W manager_utilit: Common causes for lock verification issues are non-optimized dex code
06-12 21:14:52.211  8831  8831 W manager_utilit: and incorrect proguard optimizations.
06-12 21:14:52.211  8831  8831 W manager_utilit: Method java.lang.Object androidx.compose.runtime.snapshots.SnapshotStateList.mutate(kotlin.jvm.functions.Function1) failed lock verification and will run slower.
06-12 21:14:52.212  8831  8831 W manager_utilit: Method void androidx.compose.runtime.snapshots.SnapshotStateList.update(kotlin.jvm.functions.Function1) failed lock verification and will run slower.
06-12 21:14:52.304  1917  2037 D CompatibilityChangeReporter: Compat change id reported: 158002302; UID 10232; state: ENABLED
06-12 21:14:52.306  8831  8853 I AdrenoGLES-0: QUALCOMM build                   : 781e7d0, I46ff5fc46f
06-12 21:14:52.306  8831  8853 I AdrenoGLES-0: Build Date                       : 12/01/20
06-12 21:14:52.306  8831  8853 I AdrenoGLES-0: OpenGL ES Shader Compiler Version: EV031.31.04.01
06-12 21:14:52.306  8831  8853 I AdrenoGLES-0: Local Branch                     : QPR1
06-12 21:14:52.306  8831  8853 I AdrenoGLES-0: Remote Branch                    : 
06-12 21:14:52.306  8831  8853 I AdrenoGLES-0: Remote Branch                    : 
06-12 21:14:52.306  8831  8853 I AdrenoGLES-0: Reconstruct Branch               : 
06-12 21:14:52.306  8831  8853 I AdrenoGLES-0: Build Config                     : C P 11.0.1 AArch64
06-12 21:14:52.306  8831  8853 I AdrenoGLES-0: Driver Path                      : /vendor/lib64/egl/libGLESv2_adreno.so
06-12 21:14:52.308  8831  8853 I AdrenoGLES-0: PFP: 0x016ee190, ME: 0x00000000
06-12 21:14:52.310  8831  8853 W AdrenoUtils: <ReadGpuID_from_sysfs:197>: Failed to open /sys/class/kgsl/kgsl-3d0/gpu_model
06-12 21:14:52.310  8831  8853 W AdrenoUtils: <ReadGpuID:221>: Failed to read chip ID from gpu_model. Fallback to use the GSL path
06-12 21:14:52.315   745   772 I SDM     : HWCDisplay::GetColorModeCount: Supported color mode count = 5
06-12 21:14:52.315   743  3209 E HWComposer: getSupportedContentTypes: getSupportedContentTypes failed for display 0: Unsupported (8)
06-12 21:14:52.316  8831  8853 D hw-ProcessState: Binder ioctl to enable oneway spam detection failed: Invalid argument
06-12 21:14:52.316   696   696 I hwservicemanager: getTransport: Cannot find entry android.hardware.graphics.mapper@4.0::IMapper/default in either framework or device VINTF manifest.
06-12 21:14:52.317  8831  8863 I Gralloc4: mapper 4.x is not supported
06-12 21:14:52.317   696   696 I hwservicemanager: getTransport: Cannot find entry android.hardware.graphics.mapper@3.0::IMapper/default in either framework or device VINTF manifest.
06-12 21:14:52.317  8831  8863 W Gralloc3: mapper 3.x is not supported
06-12 21:14:52.318   696   696 I hwservicemanager: getTransport: Cannot find entry android.hardware.graphics.allocator@4.0::IAllocator/default in either framework or device VINTF manifest.
06-12 21:14:52.318  8831  8863 W Gralloc4: allocator 4.x is not supported
06-12 21:14:52.318   696   696 I hwservicemanager: getTransport: Cannot find entry android.hardware.graphics.allocator@3.0::IAllocator/default in either framework or device VINTF manifest.
06-12 21:14:52.318  8831  8863 W Gralloc3: allocator 3.x is not supported
06-12 21:14:52.335  1917  2033 W ziparchive: Unable to open '/data/app/~~pWU1IIo0XYEqkGuy1HqvLw==/com.example.batterymanager_utility-DlzSXtV_TdkMyi3cLBQoLg==/base.dm': No such file or directory
06-12 21:14:52.336  1917  2033 I ActivityTaskManager: Displayed com.example.batterymanager_utility/.MainActivity: +612ms
06-12 21:14:52.362  1917  2394 D ConnectivityService: NetReassign [no changes] [c 0] [a 0] [i 1]
06-12 21:14:52.368  7741  7741 I GoogleInputMethodService: GoogleInputMethodService.onFinishInput():3307 
06-12 21:14:52.369  7741  7741 I GoogleInputMethodService: GoogleInputMethodService.updateDeviceLockedStatus():2137 repeatCheckTimes = 0, locked = false
06-12 21:14:52.369  7741  7741 I GoogleInputMethodService: GoogleInputMethodService.onStartInput():1917 onStartInput(EditorInfo{inputType=0x0(NULL) imeOptions=0x0 privateImeOptions=null actionName=UNSPECIFIED actionLabel=null actionId=0 initialSelStart=-1 initialSelEnd=-1 initialCapsMode=0x0 hintText=null label=null packageName=com.example.batterymanager_utility fieldId=-1 fieldName=null extras=null hintLocales=[]}, false)
06-12 21:14:52.369  7741  7741 I GoogleInputMethodService: GoogleInputMethodService.shouldHideHeaderOnInitialState():1998 ShouldHideHeaderOnInitialState = false
06-12 21:14:52.369  7741  7741 I GoogleInputMethodService: GoogleInputMethodService.updateDeviceLockedStatus():2137 repeatCheckTimes = 1, locked = false
06-12 21:14:52.372  1917  2036 W ProcessStats: Tracking association SourceState{d2c10c9 com.google.android.googlequicksearchbox:search/10135 BTopFgs #173241} whose proc state 2 is better than process ProcessState{b3e1c com.google.android.gms/10125 pkg=com.google.android.gms} proc state 3 (11 skipped)
06-12 21:14:52.632  1917  4556 W InputManager-JNI: Input channel object '6329527 Splash Screen com.example.batterymanager_utility (client)' was disposed without first being removed with the input manager!
06-12 21:14:53.994  8850  8850 I dex2oat64: Explicit concurrent copying GC freed 88244(11MB) AllocSpace objects, 5(84KB) LOS objects, 27% free, 15MB/21MB, paused 19us,16us total 92.652ms
06-12 21:14:54.211  8850  8850 I dex2oat64: Explicit concurrent copying GC freed 41961(7495KB) AllocSpace objects, 0(0B) LOS objects, 41% free, 8512KB/14MB, paused 13us,12us total 44.836ms
06-12 21:14:54.680  8850  8850 I dex2oat64: dex2oat took 2.829s (5.852s cpu) (threads: 8) arena alloc=0B (0B) java alloc=8512KB (8716512B) native alloc=15MB (16513504B) free=4059KB (4156848B)
06-12 21:14:54.805  8829  8829 D app_process: Time zone APEX ICU file found: /apex/com.android.tzdata/etc/icu/icu_tzdata.dat
06-12 21:14:54.805  8829  8829 D app_process: I18n APEX ICU file found: /apex/com.android.i18n/etc/icu/icudt68l.dat
06-12 21:14:54.883  8829  8829 D ProcessState: Binder ioctl to enable oneway spam detection failed: Invalid argument
06-12 21:14:54.883  8829  8829 D AndroidRuntime: Calling main entry com.android.commands.monkey.Monkey
06-12 21:14:54.891  8829  8829 W Monkey  : args: [-p, e.www.cameratest, 1]
06-12 21:14:54.892  8829  8829 W Monkey  :  arg: "-p"
06-12 21:14:54.892  8829  8829 W Monkey  :  arg: "e.www.cameratest"
06-12 21:14:54.892  8829  8829 W Monkey  :  arg: "1"
06-12 21:14:54.892  8829  8829 W Monkey  : data="e.www.cameratest"
06-12 21:14:54.964  1917  2044 W BroadcastQueue: Skipping deliver [background] BroadcastRecord{aeb0483 u-1 android.net.conn.CONNECTIVITY_CHANGE} to ReceiverList{1c30600 8829 (unknown name)/2000/u-1 remote:24cab3d}: process gone or crashing
06-12 21:14:54.976  1917  3912 I ActivityTaskManager: START u0 {act=android.intent.action.MAIN cat=[android.intent.category.LAUNCHER] flg=0x10200000 cmp=e.www.cameratest/.MainActivity} from uid 2000
06-12 21:14:54.977  1917  3912 W ActivityTaskManager: Can't find TaskDisplayArea to determine support for multi window. Task id=956 attached=false
06-12 21:14:54.979  1917  3912 D CompatibilityChangeReporter: Compat change id reported: 174042980; UID 10273; state: DISABLED
06-12 21:14:54.980  1917  3912 D CompatibilityChangeReporter: Compat change id reported: 184838306; UID 10273; state: DISABLED
06-12 21:14:54.981  1917  3912 D CompatibilityChangeReporter: Compat change id reported: 185004937; UID 10273; state: DISABLED
06-12 21:14:54.985  1917  3912 D CompatibilityChangeReporter: Compat change id reported: 168419799; UID 10273; state: DISABLED
06-12 21:14:54.989  8829  8829 I Monkey  : Events injected: 1
06-12 21:14:54.994  1917  2036 D CompatibilityChangeReporter: Compat change id reported: 135634846; UID 10273; state: DISABLED
06-12 21:14:54.994  1917  2036 D CompatibilityChangeReporter: Compat change id reported: 177438394; UID 10273; state: DISABLED
06-12 21:14:54.994  1917  2036 D CompatibilityChangeReporter: Compat change id reported: 135772972; UID 10273; state: DISABLED
06-12 21:14:54.994  1917  2036 D CompatibilityChangeReporter: Compat change id reported: 135754954; UID 10273; state: DISABLED
06-12 21:14:54.994  1917  2045 D CompatibilityChangeReporter: Compat change id reported: 143937733; UID 10273; state: DISABLED
06-12 21:14:55.001  8829  8829 I Monkey  : ## Network stats: elapsed time=19ms (0ms mobile, 0ms wifi, 19ms not connected)
06-12 21:14:55.002  8829  8829 I app_process: System.exit called, status: 0
06-12 21:14:55.002  8829  8829 I AndroidRuntime: VM exiting with result code 0.
06-12 21:14:55.001  1279  1279 D Zygote  : Forked child process 8884
06-12 21:14:55.002  1917  2045 I ActivityManager: Start proc 8884:e.www.cameratest/u0a273 for pre-top-activity {e.www.cameratest/e.www.cameratest.MainActivity}
06-12 21:14:55.011  8884  8884 I .www.camerates: Late-enabling -Xcheck:jni
06-12 21:14:55.015  2681  3016 W OpenGLRenderer: Surface doesn't have any previously queued frames, nothing to readback from
06-12 21:14:55.019  2681  2681 I WallpaperService: engine resumed
06-12 21:14:55.020  2681  3016 W OpenGLRenderer: Surface doesn't have any previously queued frames, nothing to readback from
06-12 21:14:55.044  8884  8884 I .www.camerates: Using CollectorTypeCC GC.
06-12 21:14:55.048 25477 25485 I adbd    : jdwp connection from 8884
06-12 21:14:55.050  8884  8884 D ProcessState: Binder ioctl to enable oneway spam detection failed: Invalid argument
06-12 21:14:55.059  8884  8884 D CompatibilityChangeReporter: Compat change id reported: 171979766; UID 10273; state: DISABLED
06-12 21:14:55.064  8884  8884 D ApplicationLoaders: Returning zygote-cached class loader: /system/framework/android.test.base.jar
06-12 21:14:55.064  8884  8884 W ziparchive: Unable to open '/data/app/~~QSqtQACiuuOqE2pk8beJvQ==/e.www.cameratest-hWTxUTJWP5ASn6v2rwJuRg==/base.dm': No such file or directory
06-12 21:14:55.064  8884  8884 W ziparchive: Unable to open '/data/app/~~QSqtQACiuuOqE2pk8beJvQ==/e.www.cameratest-hWTxUTJWP5ASn6v2rwJuRg==/base.dm': No such file or directory
06-12 21:14:55.110  8884  8884 D nativeloader: Configuring classloader-namespace for other apk /data/app/~~QSqtQACiuuOqE2pk8beJvQ==/e.www.cameratest-hWTxUTJWP5ASn6v2rwJuRg==/base.apk. target_sdk_version=28, uses_libraries=, library_path=/data/app/~~QSqtQACiuuOqE2pk8beJvQ==/e.www.cameratest-hWTxUTJWP5ASn6v2rwJuRg==/lib/arm64, permitted_path=/data:/mnt/expand:/data/user/0/e.www.cameratest
06-12 21:14:55.118  8884  8884 V GraphicsEnvironment: ANGLE Developer option for 'e.www.cameratest' set to: 'default'
06-12 21:14:55.118  8884  8884 V GraphicsEnvironment: App is not on the allowlist for updatable production driver.
06-12 21:14:55.119  8884  8884 D NetworkSecurityConfig: No Network Security Config specified, using platform default
06-12 21:14:55.119  8884  8884 D NetworkSecurityConfig: No Network Security Config specified, using platform default
06-12 21:14:55.166  8884  8884 W .www.camerates: Accessing hidden method Landroid/view/View;->computeFitSystemWindows(Landroid/graphics/Rect;Landroid/graphics/Rect;)Z (unsupported, reflection, allowed)
06-12 21:14:55.166  8884  8884 W .www.camerates: Accessing hidden method Landroid/view/ViewGroup;->makeOptionalFitsSystemWindows()V (unsupported, reflection, allowed)
06-12 21:14:55.178  8884  8884 I CameraManagerGlobal: Connecting to camera service
06-12 21:14:55.180  1520  2350 W ServiceManager: Permission failure: android.permission.CAMERA_OPEN_CLOSE_LISTENER from uid=10273 pid=8884
06-12 21:14:55.202  1520  2350 I CameraService: CameraService::connect call (PID -1 "e.www.cameratest", camera ID 1) and Camera API version 2
06-12 21:14:55.203  1520  2350 I Camera2ClientBase: Camera 1: Opened. Client: e.www.cameratest (PID 8884, UID 10273)
06-12 21:14:55.203  1520  2350 I CameraDeviceClient: CameraDeviceClient 1: Opened
06-12 21:14:55.204  1520  2350 I CameraProviderManager: Camera device device@3.5/legacy/0 torch status is now NOT_AVAILABLE
06-12 21:14:55.204  1520  2350 I CameraService: onTorchStatusChangedLocked: Torch status changed for cameraId=0, newStatus=0
06-12 21:14:55.204  1303 20717 D CameraThermalHAL: Starting Thermal HAL polling thread
06-12 21:14:55.205  1303 20717 D CameraThermalHAL: Started thermal polling thread successfully
06-12 21:14:55.205  2743  2743 D GRIL-S  : [0514]> UPDATE_DEVICE_STATE DeviceState: Usb:0, Wifi: 1, Wifi AP: 0, Earpiece: 0, Bluetooth: 0, Wireless charging: 0, Screen: 1, Camera: 0, 1, 0, 0, Motion: 1, Bluetooth tethering: 0, Voice: 0, Wifi 2.4G: 1, Radio: 1, Bluetooth connected: 0, Bluetooth media: 0, Wifi Band: 1, Wifi AP Band: 0, Wifi call: 0, mmWave: 0, mCellBackhaul: 0, mHallSensor: 0
06-12 21:14:55.205 24010 24038 I AiAiEcho: Settings changed for uri: content://settings/secure/flashlight_available
06-12 21:14:55.206  2743  3411 D GRIL-S  : [0514]< UPDATE_DEVICE_STATE 
06-12 21:14:55.207  1917  4902 V CameraService_proxy: The activity is N or above and claims to support resizeable-activity. Crop-rotate-scale is disabled.
06-12 21:14:55.207 24010 24049 I AiAiEcho: Predicting[7]: { Feature:1, creation:2023-06-12T19:13:34.711Z, expiry:2023-06-12T20:00:00Z, isExpired: false}, { Feature:1, creation:2023-06-12T20:00:00Z, expiry:2023-06-12T21:00:00Z, isExpired: true}, { Feature:1, creation:2023-06-12T21:00:00Z, expiry:2023-06-12T22:00:00Z, isExpired: true}, { Feature:1, creation:2023-06-12T22:00:00Z, expiry:2023-06-12T23:00:00Z, isExpired: true}, { Feature:1, creation:2023-06-12T23:00:00Z, expiry:2023-06-13T00:00:00Z, isExpired: true}, { Feature:1, creation:2023-06-13T00:00:00Z, expiry:2023-06-13T01:00:00Z, isExpired: true}, { Feature:1, creation:2023-06-13T01:00:00Z, expiry:2023-06-13T01:13:34.711Z, isExpired: true}
06-12 21:14:55.208 24010 24049 I AiAiEcho: EchoTargets: Feature:1
06-12 21:14:55.208 24010 24049 I AiAiEcho: Filtered by AiAi flag check: 
06-12 21:14:55.208 24010 24049 I AiAiEcho: Ranked targets strategy: WEIGHTED, count: 1, ranking metadata: { cardId: WEATHER-569377242, card type: 1, update time: 2023-06-12T19:13:34.711Z, expiration time: 2023-06-12T20:00:00Z, ranking metadata: RankingMetaData(urgency=0.995, priority=0.3, recency=1.0, rankScore=0.2985, importantTimePoints=# kwj@7bca4) }
06-12 21:14:55.209 24010 24049 I AiAiEcho: Predicting[7]: { Feature:1, creation:2023-06-12T19:13:34.711Z, expiry:2023-06-12T20:00:00Z, isExpired: false}, { Feature:1, creation:2023-06-12T20:00:00Z, expiry:2023-06-12T21:00:00Z, isExpired: true}, { Feature:1, creation:2023-06-12T21:00:00Z, expiry:2023-06-12T22:00:00Z, isExpired: true}, { Feature:1, creation:2023-06-12T22:00:00Z, expiry:2023-06-12T23:00:00Z, isExpired: true}, { Feature:1, creation:2023-06-12T23:00:00Z, expiry:2023-06-13T00:00:00Z, isExpired: true}, { Feature:1, creation:2023-06-13T00:00:00Z, expiry:2023-06-13T01:00:00Z, isExpired: true}, { Feature:1, creation:2023-06-13T01:00:00Z, expiry:2023-06-13T01:13:34.711Z, isExpired: true}
06-12 21:14:55.209 24010 24049 I AiAiEcho: EchoTargets: Feature:1
06-12 21:14:55.209 24010 24049 I AiAiEcho: Filtered by AiAi flag check: 
06-12 21:14:55.209 24010 24049 I AiAiEcho: Ranked targets strategy: WEIGHTED, count: 1, ranking metadata: { cardId: WEATHER-569377242, card type: 1, update time: 2023-06-12T19:13:34.711Z, expiration time: 2023-06-12T20:00:00Z, ranking metadata: RankingMetaData(urgency=0.995, priority=0.3, recency=1.0, rankScore=0.2985, importantTimePoints=# kwj@7bca4) }
06-12 21:14:55.209 24010 24049 I AiAiEcho: Predicting[7]: { Feature:1, creation:2023-06-12T19:13:34.711Z, expiry:2023-06-12T20:00:00Z, isExpired: false}, { Feature:1, creation:2023-06-12T20:00:00Z, expiry:2023-06-12T21:00:00Z, isExpired: true}, { Feature:1, creation:2023-06-12T21:00:00Z, expiry:2023-06-12T22:00:00Z, isExpired: true}, { Feature:1, creation:2023-06-12T22:00:00Z, expiry:2023-06-12T23:00:00Z, isExpired: true}, { Feature:1, creation:2023-06-12T23:00:00Z, expiry:2023-06-13T00:00:00Z, isExpired: true}, { Feature:1, creation:2023-06-13T00:00:00Z, expiry:2023-06-13T01:00:00Z, isExpired: true}, { Feature:1, creation:2023-06-13T01:00:00Z, expiry:2023-06-13T01:13:34.711Z, isExpired: true}
06-12 21:14:55.210 24010 24049 I AiAiEcho: EchoTargets: Feature:1
06-12 21:14:55.210 24010 24049 I AiAiEcho: Filtered by AiAi flag check: 
06-12 21:14:55.210 24010 24049 I AiAiEcho: Ranked targets strategy: WEIGHTED, count: 0, ranking metadata: 
06-12 21:14:55.210 24010 24049 I AiAiEcho: #postPredictionTargets: Sending updates to UISurface home with targets# 1 (types=[1])
06-12 21:14:55.211 24010 24049 I AiAiEcho: #postPredictionTargets: Sending updates to UISurface lockscreen with targets# 1 (types=[1])
06-12 21:14:55.211 24010 24049 I AiAiEcho: #postPredictionTargets: Sending updates to UISurface media_data_manager with targets# 0 (types=[])
06-12 21:14:55.212  2553  2553 W BcSmartspaceCard: No title view to update
06-12 21:14:55.212  2922  2922 W BcSmartspaceCard: No title view to update
06-12 21:14:55.223  8884  8884 D hw-ProcessState: Binder ioctl to enable oneway spam detection failed: Invalid argument
06-12 21:14:55.224  1520  2350 D Camera3-Device: Set real time priority for request queue thread (tid 8906)
06-12 21:14:55.236  1917  2037 D CompatibilityChangeReporter: Compat change id reported: 158002302; UID 10273; state: ENABLED
06-12 21:14:55.238  8884  8901 I AdrenoGLES-0: QUALCOMM build                   : 781e7d0, I46ff5fc46f
06-12 21:14:55.238  8884  8901 I AdrenoGLES-0: Build Date                       : 12/01/20
06-12 21:14:55.238  8884  8901 I AdrenoGLES-0: OpenGL ES Shader Compiler Version: EV031.31.04.01
06-12 21:14:55.238  8884  8901 I AdrenoGLES-0: Local Branch                     : QPR1
06-12 21:14:55.238  8884  8901 I AdrenoGLES-0: Remote Branch                    : 
06-12 21:14:55.238  8884  8901 I AdrenoGLES-0: Remote Branch                    : 
06-12 21:14:55.238  8884  8901 I AdrenoGLES-0: Reconstruct Branch               : 
06-12 21:14:55.238  8884  8901 I AdrenoGLES-0: Build Config                     : C P 11.0.1 AArch64
06-12 21:14:55.238  8884  8901 I AdrenoGLES-0: Driver Path                      : /vendor/lib64/egl/libGLESv2_adreno.so
06-12 21:14:55.240  8884  8901 I AdrenoGLES-0: PFP: 0x016ee190, ME: 0x00000000
06-12 21:14:55.241  8884  8901 W AdrenoUtils: <ReadGpuID_from_sysfs:197>: Failed to open /sys/class/kgsl/kgsl-3d0/gpu_model
06-12 21:14:55.241  8884  8901 W AdrenoUtils: <ReadGpuID:221>: Failed to read chip ID from gpu_model. Fallback to use the GSL path
06-12 21:14:55.246   745   772 I SDM     : HWCDisplay::GetColorModeCount: Supported color mode count = 5
06-12 21:14:55.247   743  3209 E HWComposer: getSupportedContentTypes: getSupportedContentTypes failed for display 0: Unsupported (8)
06-12 21:14:55.248   696   696 I hwservicemanager: getTransport: Cannot find entry android.hardware.graphics.mapper@4.0::IMapper/default in either framework or device VINTF manifest.
06-12 21:14:55.248  8884  8909 I Gralloc4: mapper 4.x is not supported
06-12 21:14:55.248   696   696 I hwservicemanager: getTransport: Cannot find entry android.hardware.graphics.mapper@3.0::IMapper/default in either framework or device VINTF manifest.
06-12 21:14:55.248  8884  8909 W Gralloc3: mapper 3.x is not supported
06-12 21:14:55.250   696   696 I hwservicemanager: getTransport: Cannot find entry android.hardware.graphics.allocator@4.0::IAllocator/default in either framework or device VINTF manifest.
06-12 21:14:55.250  8884  8909 W Gralloc4: allocator 4.x is not supported
06-12 21:14:55.250   696   696 I hwservicemanager: getTransport: Cannot find entry android.hardware.graphics.allocator@3.0::IAllocator/default in either framework or device VINTF manifest.
06-12 21:14:55.250  8884  8909 W Gralloc3: allocator 3.x is not supported
06-12 21:14:55.260  1917  2033 W ziparchive: Unable to open '/data/app/~~QSqtQACiuuOqE2pk8beJvQ==/e.www.cameratest-hWTxUTJWP5ASn6v2rwJuRg==/base.dm': No such file or directory
06-12 21:14:55.261  1917  2033 I ActivityTaskManager: Displayed e.www.cameratest/.MainActivity: +283ms
06-12 21:14:55.263  1545  1545 I EaselThermalMonitor: Cooling Device: mnh cur_state 0 max_state 4
06-12 21:14:55.263  1545  1545 I EaselThermalMonitor: Cooling Device: mnh cur_state 0 max_state 4
06-12 21:14:55.263  1303 20717 I CHIUSECASE: Google usecase selected
06-12 21:14:55.263  1303 20717 I CHIUSECASE: LogClassifiedStream: Camera 1 yuv stream type = 0 format = 34 width = 3264 height = 2448
06-12 21:14:55.263  1303 20717 I CHIUSECASE: Use yuv aspect ratio as dummy stream
06-12 21:14:55.265  1545  1545 I EaselThermalMonitor: Cooling Device: mnh cur_state 0 max_state 4
06-12 21:14:55.265  1303 20717 I CHIUSECASE: CreatePipelines: Creating pipelines for CHI usecase: UsecaseGooglePhoto
06-12 21:14:55.266  1303 20717 I CHIUSECASE: GoogleUsecasePipeline: ANDROID_INFO_SUPPORTED_BUFFER_MANAGEMENT_VERSION = 0
06-12 21:14:55.266  1303 20717 D CHIUSECASE: Initialize: RDI resolution: 3280x2464
06-12 21:14:55.266  1303 20717 D CHIUSECASE: [Offline HDR+ Pipeline] CreateChiPipeline: Creating the CHI pipeline.
06-12 21:14:55.266  1303 20717 E GOOGLE_CHINODE_HDRPLUS: CHINODECAPSINFO is smaller than expected
06-12 21:14:55.267  1303 20717 I CHIUSECASE: skip mode 3 for cam 1 and 2
06-12 21:14:55.267  1303 20717 I CHIUSECASE: CameraID: 1, SelectedMode W=3280, H=2464, FPS:30, NumBatchedFrames:1, modeIndex:0
06-12 21:14:55.267  1303 20717 I CHIUSECASE: Initialize: mGcamMinPayloadFrames: 2
06-12 21:14:55.268  1303 20717 I CHIUSECASE: Create: Created a GoogleUsecaseOfflineHdrplusPipeline for camera 1
06-12 21:14:55.268  1303 20717 I CHIUSECASE: GoogleUsecasePipeline: ANDROID_INFO_SUPPORTED_BUFFER_MANAGEMENT_VERSION = 0
06-12 21:14:55.268  1303 20717 D CHIUSECASE: Initialize: RDI resolution: 3280x2464
06-12 21:14:55.268  1303 20717 D CHIUSECASE: [Realtime ZSL Pipeline] CreateChiPipeline: Creating the CHI pipeline.
06-12 21:14:55.268  1303  8912 I native  : gcam.cc:365 Writing AP timing log to /data/camera/ap_3pa.timing
06-12 21:14:55.268  1303  8912 I native  : gcam.cc:371 Creating IpuServiceReferenceThirdPartyIdle
06-12 21:14:55.268  1303  8912 I native  : easel_service_control.cc:275 SuspendReferenceCountIncrement suspend_reference_count_=2
06-12 21:14:55.268  1303  8912 I native  : ipu_wake_lock.cc:69 IpuWakeLock::Request:0x7aababbed8:1
06-12 21:14:55.268  1303  8912 I native  : easel_service_control.cc:326 RunReferenceCountIncrement run_reference_count_=1
06-12 21:14:55.268  1303  8912 I native  : easel_service_control.cc:705 COMMAND_PROCESSOR_3PA: ResumeAsync
06-12 21:14:55.268  1303  8912 I native  : ipu_wake_lock.cc:69 IpuWakeLock::Request:0x79fa2e41d8:9
06-12 21:14:55.268  1303  8912 I native  : easel_service_control.cc:485 COMMAND_PROCESSOR_3PA: WaitUntilRunning
06-12 21:14:55.268  7741  7741 I GoogleInputMethodService: GoogleInputMethodService.onFinishInput():3307 
06-12 21:14:55.269  1303 20717 I goog_warping: Create
06-12 21:14:55.269  1303 20717 D goog_warping: persist.camera.warping.debug is set to 0
06-12 21:14:55.269  1303 20717 D goog_warping: persist.camera.warping.enable is set to 1
06-12 21:14:55.269  1303 20717 D goog_warping: persist.camera.warping.vcmdelay is set to 0
06-12 21:14:55.269  1303 20717 D goog_warping: persist.camera.warping.usegyrodirect is set to 0
06-12 21:14:55.269  1303 20717 D goog_warping: persist.camera.warping.usegyropoll is set to 1
06-12 21:14:55.269  1303 20717 D goog_warping: persist.camera.warping.fdinfo is set to 1
06-12 21:14:55.269  1303 20717 D goog_warping: persist.camera.warping.ftmethod is set to 1
06-12 21:14:55.269  1303 20717 I goog_warping: Warping node in photo mode. No crop is used.
06-12 21:14:55.269  7741  7741 I GoogleInputMethodService: GoogleInputMethodService.updateDeviceLockedStatus():2137 repeatCheckTimes = 0, locked = false
06-12 21:14:55.269  7741  7741 I GoogleInputMethodService: GoogleInputMethodService.onStartInput():1917 onStartInput(EditorInfo{inputType=0x0(NULL) imeOptions=0x0 privateImeOptions=null actionName=UNSPECIFIED actionLabel=null actionId=0 initialSelStart=-1 initialSelEnd=-1 initialCapsMode=0x0 hintText=null label=null packageName=e.www.cameratest fieldId=-1 fieldName=null extras=null hintLocales=[]}, false)
06-12 21:14:55.269  7741  7741 I GoogleInputMethodService: GoogleInputMethodService.shouldHideHeaderOnInitialState():1998 ShouldHideHeaderOnInitialState = false
06-12 21:14:55.270  7741  7741 I GoogleInputMethodService: GoogleInputMethodService.updateDeviceLockedStatus():2137 repeatCheckTimes = 1, locked = false
06-12 21:14:55.271  1303 20717 I GoogleFDNode: Initialize: GoogleFDNode created ensemble detector successfully.
06-12 21:14:55.271  1303 20717 I GoogleFDNode: Initialize: GoogleFDNode uses dedicated thread for Ensemble.
06-12 21:14:55.271  1303 20717 I GoogleFDNode: QueryBufferInfo: [FD] Google FD Node publishing com.google.nexus.experimental2018 | faceSkipFrame to 804f000e
06-12 21:14:55.271  1303 20717 I GoogleFDNode: QueryBufferInfo: [FD] Google FD Node publishing com.google.nexus.experimental2018 | faceLandmark.count to 804f000f
06-12 21:14:55.271  1303 20717 I GoogleFDNode: QueryBufferInfo: [FD] Google FD Node publishing com.google.nexus.experimental2018 | faceLandmark.ids to 804f0010
06-12 21:14:55.271  1303 20717 I GoogleFDNode: QueryBufferInfo: [FD] Google FD Node publishing com.google.nexus.experimental2018 | faceLandmark.xy to 804f0011
06-12 21:14:55.271  1303 20717 I GoogleFDNode: QueryBufferInfo: [FD] Google FD Node publishing com.google.nexus.experimental2018 | faceLandmark.depth to 804f0012
06-12 21:14:55.271  1303 20717 I GoogleFDNode: QueryBufferInfo: [FD] Google FD Node publishing com.google.nexus.experimental2018 | faceOrientation to 804f0014
06-12 21:14:55.272  1303 20717 D CamX    : [DEBUG][PPROC  ] camxipenode.cpp:2360 ProcessingNodeFinalizeInputRequirement() IPE video dimension: 0 x 0
06-12 21:14:55.272  1303 20717 D CamX    : [DEBUG][PPROC  ] camxipenode.cpp:2360 ProcessingNodeFinalizeInputRequirement() IPE video dimension: 0 x 0
06-12 21:14:55.272  1303 20717 D CamX    : [DEBUG][PPROC  ] camxipenode.cpp:2360 ProcessingNodeFinalizeInputRequirement() IPE video dimension: 0 x 0
06-12 21:14:55.272  1303 20717 I CHIUSECASE: skip mode 3 for cam 1 and 2
06-12 21:14:55.272  1303 20717 I CHIUSECASE: CameraID: 1, SelectedMode W=3280, H=2464, FPS:30, NumBatchedFrames:1, modeIndex:0
06-12 21:14:55.272  1303 20717 I CHIUSECASE: Create: Created a GoogleUsecaseRealtimeZslPipeline for camera 1
06-12 21:14:55.272  1303 20717 I CHIUSECASE: LogClassifiedStream: Camera 2 yuv stream type = 0 format = 34 width = 3264 height = 2448
06-12 21:14:55.272  1303 20717 I CHIUSECASE: Use yuv aspect ratio as dummy stream
06-12 21:14:55.272  1303  8913 I native  : easel_service_control.cc:710 COMMAND_PROCESSOR_3PA: EaselManager::Resume
06-12 21:14:55.272  1545  1545 I EaselThermalMonitor: Cooling Device: mnh cur_state 0 max_state 4
06-12 21:14:55.366  1545  1545 I EaselPowerBlue: [TIME_LOGGER] resume took 94 ms
06-12 21:14:55.368  1303  8913 I native  : easel_manager_callback.cc:34 COMMAND_PROCESSOR_3PA on easel started
06-12 21:14:55.368  1303  8912 I native  : session.cc:71 SetEaselPortId:13
06-12 21:14:55.368  1303  8912 I native  : ipu_wake_lock.cc:95 IpuWakeLock::WaitAcquire:0x79fa2e41d8:0
06-12 21:14:55.368  1303  8912 I native  : easel_service_control.cc:326 RunReferenceCountIncrement run_reference_count_=2
06-12 21:14:55.368  1303  8912 I native  : ipu_wake_lock.cc:69 IpuWakeLock::Request:0x7adbab3438:2
06-12 21:14:55.368  1303  8912 I native  : session.cc:71 SetEaselPortId:13
06-12 21:14:55.368  1303  8912 I native  : ipu_wake_lock.cc:95 IpuWakeLock::WaitAcquire:0x7adbab3438:0
06-12 21:14:55.368  1303  8912 I native  : ipu_wake_lock.cc:75 IpuWakeLock::Release:0x79fa2e41d8
06-12 21:14:55.368  1303  8912 I native  : easel_service_control.cc:345 RunReferenceCountDecrement run_reference_count_=1
06-12 21:14:55.368  1303 20767 I native  : ipu_keepalive.cc:85 IpuKeepAliveThread: PING (sync)
06-12 21:14:55.368  1303  8912 I native  : gcam.cc:402 Gcam thread id = 8912
06-12 21:14:55.368  1303  8912 I libgcam : [gcam.cc:441]: Initializing camera 0: device blueline, device code 97df6696b247a2aed6addb76c879acdc, sensor ID 0.
06-12 21:14:55.368  1303  8912 I native  : gcam.cc:462 halide_ipu_set_timeout=2s
06-12 21:14:55.369  1303  8912 I native  : easel_service_control.cc:326 RunReferenceCountIncrement run_reference_count_=2
06-12 21:14:55.369  1303  8912 I native  : ipu_wake_lock.cc:69 IpuWakeLock::Request:0x79fa2e4338:9
06-12 21:14:55.369  1303  8912 I native  : session.cc:71 SetEaselPortId:13
06-12 21:14:55.369  1303  8912 I native  : ipu_wake_lock.cc:95 IpuWakeLock::WaitAcquire:0x79fa2e4338:0
06-12 21:14:55.369  1303  8912 I native  : imx_fine_grain_client.cc:47 Acquire ImxSession Reference. reference_count_=2
06-12 21:14:55.369  1303  8912 I native  : ipu_wake_lock.cc:75 IpuWakeLock::Release:0x79fa2e4338
06-12 21:14:55.369  1303  8912 I native  : easel_service_control.cc:345 RunReferenceCountDecrement run_reference_count_=1
06-12 21:14:55.369  1303  8912 I libgcam : [gcam.cc:557]: Gcam initialized.
06-12 21:14:55.369  1303  8912 I HdrplusProcessing: InitializeGcam: Initialized GCAM.
06-12 21:14:55.373  1545  1560 I EaselThermalMonitor: (Low) mnh_cpu: 40.32, mnh_ipu1: 38.24, mnh_ipu2: 37.89, mnh_lpddr: 38.35
06-12 21:14:55.373  1545  1560 I EaselThermalMonitor: Cooling Device: mnh cur_state 0 max_state 4
06-12 21:14:55.373  1545  1560 I EaselManagerServer: Old thermal condition: 4, new thermal condition: 0
06-12 21:14:55.373  1545  1560 I EaselPowerBlue: [TIME_LOGGER] setClockMode took 0 ms
06-12 21:14:55.373  1545  1545 I EaselThermalMonitor: Cooling Device: mnh cur_state 0 max_state 4
06-12 21:14:55.373  1545  1545 I EaselThermalMonitor: Cooling Device: mnh cur_state 0 max_state 4
06-12 21:14:55.373  1303 20717 I CHIUSECASE: CreatePipelines: Creating pipelines for CHI usecase: UsecaseGooglePhoto1
06-12 21:14:55.373  1303 20717 I CHIUSECASE: GoogleUsecasePipeline: ANDROID_INFO_SUPPORTED_BUFFER_MANAGEMENT_VERSION = 0
06-12 21:14:55.373  1303 20717 D CHIUSECASE: Initialize: RDI resolution: 3280x2464
06-12 21:14:55.373  1303 20717 D CHIUSECASE: [Offline HDR+ Pipeline] CreateChiPipeline: Creating the CHI pipeline.
06-12 21:14:55.373  1917  2394 D ConnectivityService: NetReassign [no changes] [c 0] [a 0] [i 2]
06-12 21:14:55.374  1303 20717 E GOOGLE_CHINODE_HDRPLUS: CHINODECAPSINFO is smaller than expected
06-12 21:14:55.374  1303 20717 I CHIUSECASE: skip mode 3 for cam 1 and 2
06-12 21:14:55.374  1303 20717 I CHIUSECASE: CameraID: 2, SelectedMode W=3280, H=2464, FPS:30, NumBatchedFrames:1, modeIndex:0
06-12 21:14:55.374  1303 20717 I CHIUSECASE: Initialize: mGcamMinPayloadFrames: 2
06-12 21:14:55.375  1303 20717 I CHIUSECASE: Create: Created a GoogleUsecaseOfflineHdrplusPipeline for camera 2
06-12 21:14:55.375  1303  8928 I native  : gcam.cc:365 Writing AP timing log to /data/camera/ap_3pa.timing
06-12 21:14:55.375  1303 20717 I CHIUSECASE: GoogleUsecasePipeline: ANDROID_INFO_SUPPORTED_BUFFER_MANAGEMENT_VERSION = 0
06-12 21:14:55.375  1303 20717 D CHIUSECASE: Initialize: RDI resolution: 3280x2464
06-12 21:14:55.375  1303 20717 D CHIUSECASE: [Realtime ZSL Pipeline] CreateChiPipeline: Creating the CHI pipeline.
06-12 21:14:55.375  1303  8928 I native  : gcam.cc:371 Creating IpuServiceReferenceThirdPartyIdle
06-12 21:14:55.375  1303  8928 I native  : easel_service_control.cc:275 SuspendReferenceCountIncrement suspend_reference_count_=3
06-12 21:14:55.375  1303  8928 I native  : ipu_wake_lock.cc:69 IpuWakeLock::Request:0x7aababb498:1
06-12 21:14:55.375  1303  8928 I native  : easel_service_control.cc:326 RunReferenceCountIncrement run_reference_count_=2
06-12 21:14:55.375  1303  8928 I native  : ipu_wake_lock.cc:69 IpuWakeLock::Request:0x79da5ce1d8:9
06-12 21:14:55.375  1303  8928 I native  : session.cc:71 SetEaselPortId:13
06-12 21:14:55.375  1303  8928 I native  : ipu_wake_lock.cc:95 IpuWakeLock::WaitAcquire:0x79da5ce1d8:0
06-12 21:14:55.375  1303  8928 I native  : ipu_wake_lock.cc:75 IpuWakeLock::Release:0x79da5ce1d8
06-12 21:14:55.375  1303  8928 I native  : easel_service_control.cc:345 RunReferenceCountDecrement run_reference_count_=1
06-12 21:14:55.375  1303  8928 I native  : gcam.cc:402 Gcam thread id = 8928
06-12 21:14:55.375  1303 20767 I native  : ipu_keepalive.cc:71 IpuKeepAliveThread: PING; Ipu running.
06-12 21:14:55.375  1303  8928 I libgcam : [gcam.cc:441]: Initializing camera 0: device blueline, device code 97df6696b247a2aed6addb76c879acdc, sensor ID 0.
06-12 21:14:55.375  1303  8928 I native  : gcam.cc:462 halide_ipu_set_timeout=2s
06-12 21:14:55.375  1303  8928 I native  : easel_service_control.cc:326 RunReferenceCountIncrement run_reference_count_=2
06-12 21:14:55.375  1303  8928 I native  : ipu_wake_lock.cc:69 IpuWakeLock::Request:0x79da5ce338:9
06-12 21:14:55.375  1303  8928 I native  : session.cc:71 SetEaselPortId:13
06-12 21:14:55.375  1303  8928 I native  : ipu_wake_lock.cc:95 IpuWakeLock::WaitAcquire:0x79da5ce338:0
06-12 21:14:55.375  1303  8928 I native  : imx_fine_grain_client.cc:47 Acquire ImxSession Reference. reference_count_=3
06-12 21:14:55.375  1303  8928 I native  : ipu_wake_lock.cc:75 IpuWakeLock::Release:0x79da5ce338
06-12 21:14:55.375  1303  8928 I native  : easel_service_control.cc:345 RunReferenceCountDecrement run_reference_count_=1
06-12 21:14:55.375  1303  8928 I libgcam : [gcam.cc:557]: Gcam initialized.
06-12 21:14:55.375  1303  8928 I HdrplusProcessing: InitializeGcam: Initialized GCAM.
06-12 21:14:55.376  1303 20717 I goog_warping: Create
06-12 21:14:55.376  1303 20717 D goog_warping: persist.camera.warping.debug is set to 0
06-12 21:14:55.376  1303 20717 D goog_warping: persist.camera.warping.enable is set to 1
06-12 21:14:55.376  1303 20717 D goog_warping: persist.camera.warping.vcmdelay is set to 0
06-12 21:14:55.376  1303 20717 D goog_warping: persist.camera.warping.usegyrodirect is set to 0
06-12 21:14:55.376  1303 20717 D goog_warping: persist.camera.warping.usegyropoll is set to 1
06-12 21:14:55.376  1303 20717 D goog_warping: persist.camera.warping.fdinfo is set to 1
06-12 21:14:55.376  1303 20717 D goog_warping: persist.camera.warping.ftmethod is set to 1
06-12 21:14:55.376  1545  1545 I EaselThermalMonitor: Cooling Device: mnh cur_state 0 max_state 4
06-12 21:14:55.376  1303 20717 I goog_warping: Warping node in photo mode. No crop is used.
06-12 21:14:55.377  1303 20717 I GoogleFDNode: Initialize: GoogleFDNode created ensemble detector successfully.
06-12 21:14:55.377  1303 20717 I GoogleFDNode: Initialize: GoogleFDNode uses dedicated thread for Ensemble.
06-12 21:14:55.378  1303 20717 I GoogleFDNode: QueryBufferInfo: [FD] Google FD Node publishing com.google.nexus.experimental2018 | faceSkipFrame to 804f000e
06-12 21:14:55.378  1303 20717 I GoogleFDNode: QueryBufferInfo: [FD] Google FD Node publishing com.google.nexus.experimental2018 | faceLandmark.count to 804f000f
06-12 21:14:55.378  1303 20717 I GoogleFDNode: QueryBufferInfo: [FD] Google FD Node publishing com.google.nexus.experimental2018 | faceLandmark.ids to 804f0010
06-12 21:14:55.378  1303 20717 I GoogleFDNode: QueryBufferInfo: [FD] Google FD Node publishing com.google.nexus.experimental2018 | faceLandmark.xy to 804f0011
06-12 21:14:55.378  1303 20717 I GoogleFDNode: QueryBufferInfo: [FD] Google FD Node publishing com.google.nexus.experimental2018 | faceLandmark.depth to 804f0012
06-12 21:14:55.378  1303 20717 I GoogleFDNode: QueryBufferInfo: [FD] Google FD Node publishing com.google.nexus.experimental2018 | faceOrientation to 804f0014
06-12 21:14:55.378  1303 20717 D CamX    : [DEBUG][PPROC  ] camxipenode.cpp:2360 ProcessingNodeFinalizeInputRequirement() IPE video dimension: 0 x 0
06-12 21:14:55.378  1303 20717 D CamX    : [DEBUG][PPROC  ] camxipenode.cpp:2360 ProcessingNodeFinalizeInputRequirement() IPE video dimension: 0 x 0
06-12 21:14:55.378  1303 20717 D CamX    : [DEBUG][PPROC  ] camxipenode.cpp:2360 ProcessingNodeFinalizeInputRequirement() IPE video dimension: 0 x 0
06-12 21:14:55.378  1303 20717 I CHIUSECASE: skip mode 3 for cam 1 and 2
06-12 21:14:55.378  1303 20717 I CHIUSECASE: CameraID: 2, SelectedMode W=3280, H=2464, FPS:30, NumBatchedFrames:1, modeIndex:0
06-12 21:14:55.378  1303 20717 I CHIUSECASE: Create: Created a GoogleUsecaseRealtimeZslPipeline for camera 2
06-12 21:14:55.378  1303 20717 I CHIUSECASE: Build: building a session with pipeline for camera id 1
06-12 21:14:55.378  1303 20717 I CHIUSECASE: Build: building a session with pipeline for camera id 2
06-12 21:14:55.398  1303 20717 I android.hardware.camera.provider@2.4-service_64: [GOOG_STATS] PDLibData already assigned
06-12 21:14:55.398  1303 20717 I android.hardware.camera.provider@2.4-service_64: [GOOG_STATS] Calling CreatePDLib in QC library
06-12 21:14:55.419  1323  1323 I sensors-hal: batch_physical_sensor:285, android.sensor.gyroscope/41, period=5000000, max_latency=0
06-12 21:14:55.419  1323  1323 I sensors-hal: batch_physical_sensor:296, android.sensor.gyroscope/41, period=5000000, max_latency=0 request completed
06-12 21:14:55.417  1323  1323 W sensors@2.0-ser: type=1400 audit(0.0:4747): avc: denied { read write } for name="diag" dev="tmpfs" ino=14558 scontext=u:r:hal_sensors_default:s0 tcontext=u:object_r:diag_device:s0 tclass=chr_file permissive=0
06-12 21:14:55.419  1323  1323 I sensors-hal: activate_physical_sensor:220, android.sensor.gyroscope/41 en=1
06-12 21:14:55.419  1323  1323 I sensors-hal: get_qmi_debug_flag:245, support_qmi_debug : false
06-12 21:14:55.421  1323  1323 D Diag_Lib:  Diag_LSM_Init: Failed to open handle to diag driver, error = 13
06-12 21:14:55.421  1323  1323 I sensors-hal: get_qmi_debug_flag:245, support_qmi_debug : false
06-12 21:14:55.422  1323  1323 I sensors-hal: activate_physical_sensor:233, android.sensor.gyroscope/41 en=1 completed
