--------- beginning of system
07-03 18:11:54.932  1272  6065 I ActivityTaskManager: START u0 {act=android.intent.action.MAIN cat=[android.intent.category.LAUNCHER] flg=0x10000000 cmp=com.example.batterymanager_utility/.MainActivity} from uid 2000
--------- beginning of main
07-03 18:11:54.935   560   560 I hwservicemanager: getTransport: Cannot find entry vendor.qti.hardware.iop@2.0::IIop/default in either framework or device manifest.
07-03 18:11:54.941  1272  6065 D CompatibilityInfo: mCompatibilityFlags - 0
07-03 18:11:54.941  1272  6065 D CompatibilityInfo: applicationDensity - 420
07-03 18:11:54.941  1272  6065 D CompatibilityInfo: applicationScale - 1.0
07-03 18:11:54.942  1272  6065 D ActivityTrigger: ActivityTrigger activityPauseTrigger 
07-03 18:11:54.951  1272  1346 W ActivityManager: ProcessRecord{1aadee8 0:com.example.batterymanager_utility/u0a186}: ART verification disabled
07-03 18:11:54.952  1272  1346 D ActivityManager: Package [com.example.batterymanager_utility] have process
07-03 18:11:54.963   680   680 D Zygote  : Forked child process 22768
07-03 18:11:54.967  1272  1355 I ActivityManager: Start proc 22768:com.example.batterymanager_utility/u0a186 for activity {com.example.batterymanager_utility/com.example.batterymanager_utility.MainActivity}
07-03 18:11:54.967  1272  1355 D ActivityManager: handleProcessStartedLocked mDoneFinishBooting && app.pid != 0 ---> notifyProcessStart, app.processName = com.example.batterymanager_utility, app.info = ApplicationInfo{d64ef2c com.example.batterymanager_utility}, app.hostingType = activity, getHostingName() = ComponentInfo{com.example.batterymanager_utility/com.example.batterymanager_utility.MainActivity}, getIntentFlag() = 0, getIsPackageRunning() = true, app = ProcessRecord{1aadee8 22768:com.example.batterymanager_utility/u0a186}, getExtraData() = null
07-03 18:11:54.972 22768 22768 I manager_utilit: Late-enabling -Xcheck:jni
07-03 18:11:55.004 22768 22768 E manager_utilit: Unknown bits set in runtime_flags: 0x8000
07-03 18:11:55.026  1272  6065 D CompatibilityInfo: mCompatibilityFlags - 0
07-03 18:11:55.026  1272  6065 D CompatibilityInfo: applicationDensity - 420
07-03 18:11:55.026  1272  6065 D CompatibilityInfo: applicationScale - 1.0
07-03 18:11:55.033  1272  6065 D CompatibilityInfo: mCompatibilityFlags - 0
07-03 18:11:55.033  1272  6065 D CompatibilityInfo: applicationDensity - 420
07-03 18:11:55.033  1272  6065 D CompatibilityInfo: applicationScale - 1.0
07-03 18:11:55.034  1272 22789 W IrisConfig: ColorManagerService is not Existed
07-03 18:11:55.038  1272  6065 I qspmsvc-client: inside perf_hint_qspm
07-03 18:11:55.047 10382 10382 I A       : onPause
07-03 18:11:55.053  4823  4823 I GsaVoiceInteractionSrv: Handling ACTION_STOP_HOTWORD
07-03 18:11:55.054  4823  4986 I HwDetectorWithState: (REDACTED) a: %d
07-03 18:11:55.198 22768 22768 I Perf    : Connecting to perf service.
07-03 18:11:55.217 22768 22768 I BatteryMgr:App: creating notification channel
07-03 18:11:55.220   560   560 I hwservicemanager: getTransport: Cannot find entry vendor.qti.hardware.iop@2.0::IIop/default in either framework or device manifest.
07-03 18:11:55.220  1103  8954 E ANDR-IOP: IIop:: Iop HAL Service is not available.
07-03 18:11:55.224 22768 22793 E Perf    : Fail to get file list com.example.batterymanager_utility
07-03 18:11:55.224 22768 22793 E Perf    : getFolderSize() : Exception_1 = java.lang.NullPointerException: Attempt to get length of null array
07-03 18:11:55.225 22768 22793 E Perf    : Fail to get file list com.example.batterymanager_utility
07-03 18:11:55.225 22768 22793 E Perf    : getFolderSize() : Exception_1 = java.lang.NullPointerException: Attempt to get length of null array
07-03 18:11:55.309  1272  6065 E WindowManager: App trying to use insecure INPUT_FEATURE_NO_INPUT_CHANNEL flag. Ignoring
07-03 18:11:55.444 22785 22785 W app_process: type=1400 audit(0.0:27167): avc: denied { read } for name="u:object_r:device_config_runtime_native_boot_prop:s0" dev="tmpfs" ino=4382 scontext=u:r:shell:s0 tcontext=u:object_r:device_config_runtime_native_boot_prop:s0 tclass=file permissive=0
07-03 18:11:55.444 22785 22785 W app_process: type=1400 audit(0.0:27168): avc: denied { read } for name="u:object_r:device_config_runtime_native_boot_prop:s0" dev="tmpfs" ino=4382 scontext=u:r:shell:s0 tcontext=u:object_r:device_config_runtime_native_boot_prop:s0 tclass=file permissive=0
07-03 18:11:55.444 22785 22785 W app_process: type=1400 audit(0.0:27169): avc: denied { read } for name="u:object_r:device_config_runtime_native_boot_prop:s0" dev="tmpfs" ino=4382 scontext=u:r:shell:s0 tcontext=u:object_r:device_config_runtime_native_boot_prop:s0 tclass=file permissive=0
07-03 18:11:55.444 22785 22785 D AndroidRuntime: >>>>>> START com.android.internal.os.RuntimeInit uid 2000 <<<<<<
07-03 18:11:55.451 22785 22785 E libc    : Access denied finding property "persist.device_config.runtime_native_boot.enable_apex_image"
07-03 18:11:55.451 22785 22785 I AndroidRuntime: Using default boot image
07-03 18:11:55.451 22785 22785 E libc    : Access denied finding property "persist.device_config.runtime_native_boot.disable_lock_profiling"
07-03 18:11:55.451 22785 22785 I AndroidRuntime: Leaving lock profiling enabled
07-03 18:11:55.451 22785 22785 E libc    : Access denied finding property "persist.device_config.runtime_native_boot.enable_generational_cc"
07-03 18:11:55.587 22785 22785 D ICU     : Time zone APEX file found: /apex/com.android.tzdata/etc/icu/icu_tzdata.dat
07-03 18:11:55.608 22785 22785 I app_process: The ClassLoaderContext is a special shared library.
07-03 18:11:55.635 22785 22785 W app_process: JNI RegisterNativeMethods: attempt to register 0 native methods for android.media.AudioAttributes
07-03 18:11:55.650 22785 22785 D AndroidRuntime: Calling main entry com.android.commands.monkey.Monkey
07-03 18:11:55.651 22785 22785 W Monkey  : args: [-p, e.www.ambientlighttest, 1]
07-03 18:11:55.652 22785 22785 W Monkey  :  arg: "-p"
07-03 18:11:55.652 22785 22785 W Monkey  :  arg: "e.www.ambientlighttest"
07-03 18:11:55.652 22785 22785 W Monkey  :  arg: "1"
07-03 18:11:55.653 22785 22785 W Monkey  : data="e.www.ambientlighttest"
07-03 18:11:55.660 22768 22794 I AdrenoGLES: QUALCOMM build                   : f2ab992, I401605978b
07-03 18:11:55.660 22768 22794 I AdrenoGLES: Build Date                       : 09/28/19
07-03 18:11:55.660 22768 22794 I AdrenoGLES: OpenGL ES Shader Compiler Version: EV031.27.05.01
07-03 18:11:55.660 22768 22794 I AdrenoGLES: Local Branch                     : 
07-03 18:11:55.660 22768 22794 I AdrenoGLES: Remote Branch                    : 
07-03 18:11:55.660 22768 22794 I AdrenoGLES: Remote Branch                    : 
07-03 18:11:55.660 22768 22794 I AdrenoGLES: Reconstruct Branch               : 
07-03 18:11:55.660 22768 22794 I AdrenoGLES: Build Config                     : S L 8.0.11 AArch64
07-03 18:11:55.664 22768 22768 W RenderThread: type=1400 audit(0.0:27170): avc: denied { search } for name="kgsl-3d0" dev="sysfs" ino=29187 scontext=u:r:untrusted_app:s0:c186,c256,c512,c768 tcontext=u:object_r:sysfs_kgsl:s0 tclass=dir permissive=0
07-03 18:11:55.668 22768 22794 I AdrenoGLES: PFP: 0x005ff112, ME: 0x005ff066
07-03 18:11:55.671 22768 22794 W AdrenoUtils: <ReadGpuID_from_sysfs:194>: Failed to open /sys/class/kgsl/kgsl-3d0/gpu_model
07-03 18:11:55.671 22768 22794 W AdrenoUtils: <ReadGpuID:218>: Failed to read chip ID from gpu_model. Fallback to use the GSL path
07-03 18:11:55.674   560   560 I hwservicemanager: getTransport: Cannot find entry vendor.display.config@1.7::IDisplayConfig/default in either framework or device manifest.
07-03 18:11:55.674   560   560 I hwservicemanager: getTransport: Cannot find entry vendor.display.config@1.7::IDisplayConfig/default in either framework or device manifest.
07-03 18:11:55.700  1272  1354 W BroadcastQueue: Skipping deliver [background] BroadcastRecord{2329fc7 u-1 android.net.conn.CONNECTIVITY_CHANGE} to ReceiverList{726d9f4 22785 (unknown name)/2000/u-1 remote:c0ddbe1}: process gone or crashing
07-03 18:11:55.702   560   560 I hwservicemanager: getTransport: Cannot find entry android.hardware.graphics.mapper@3.0::IMapper/default in either framework or device manifest.
07-03 18:11:55.702 22768 22794 W Gralloc3: mapper 3.x is not supported
07-03 18:11:55.715  1272  6111 I ActivityTaskManager: START u0 {act=android.intent.action.MAIN cat=[android.intent.category.LAUNCHER] flg=0x10200000 cmp=e.www.ambientlighttest/.MainActivity} from uid 2000
07-03 18:11:55.716  1272  6111 W Binder  : Outgoing transactions from this process must be FLAG_ONEWAY
07-03 18:11:55.716  1272  6111 W Binder  : java.lang.Throwable
07-03 18:11:55.716  1272  6111 W Binder  : 	at android.os.BinderProxy.transact(BinderProxy.java:480)
07-03 18:11:55.716  1272  6111 W Binder  : 	at android.app.IActivityController$Stub$Proxy.activityStarting(IActivityController.java:273)
07-03 18:11:55.716  1272  6111 W Binder  : 	at com.android.server.wm.ActivityStarter.startActivity(ActivityStarter.java:798)
07-03 18:11:55.716  1272  6111 W Binder  : 	at com.android.server.wm.ActivityStarter.startActivity(ActivityStarter.java:587)
07-03 18:11:55.716  1272  6111 W Binder  : 	at com.android.server.wm.ActivityStarter.startActivityMayWait(ActivityStarter.java:1292)
07-03 18:11:55.716  1272  6111 W Binder  : 	at com.android.server.wm.ActivityStarter.execute(ActivityStarter.java:518)
07-03 18:11:55.716  1272  6111 W Binder  : 	at com.android.server.wm.ActivityTaskManagerService.startActivityAsUser(ActivityTaskManagerService.java:1058)
07-03 18:11:55.716  1272  6111 W Binder  : 	at com.android.server.wm.ActivityTaskManagerService.startActivityAsUser(ActivityTaskManagerService.java:1032)
07-03 18:11:55.716  1272  6111 W Binder  : 	at com.android.server.am.ActivityManagerService.startActivityAsUser(ActivityManagerService.java:3759)
07-03 18:11:55.716  1272  6111 W Binder  : 	at android.app.IActivityManager$Stub.onTransact(IActivityManager.java:3588)
07-03 18:11:55.716  1272  6111 W Binder  : 	at com.android.server.am.ActivityManagerService.onTransact(ActivityManagerService.java:2906)
07-03 18:11:55.716  1272  6111 W Binder  : 	at android.os.Binder.execTransactInternal(Binder.java:1021)
07-03 18:11:55.716  1272  6111 W Binder  : 	at android.os.Binder.execTransact(Binder.java:994)
07-03 18:11:55.719   560   560 I hwservicemanager: getTransport: Cannot find entry vendor.qti.hardware.iop@2.0::IIop/default in either framework or device manifest.
07-03 18:11:55.724  1272  6111 D CompatibilityInfo: mCompatibilityFlags - 0
07-03 18:11:55.724  1272  6111 D CompatibilityInfo: applicationDensity - 420
07-03 18:11:55.725  1272  6111 D CompatibilityInfo: applicationScale - 1.0
07-03 18:11:55.725  1272  6111 D ActivityTrigger: ActivityTrigger activityPauseTrigger 
07-03 18:11:55.729 22785 22785 I Monkey  : Events injected: 1
07-03 18:11:55.731  1272  1272 V SettingsProvider: Notifying for 0: content://settings/system/accelerometer_rotation
07-03 18:11:55.739   560   560 I hwservicemanager: getTransport: Cannot find entry vendor.qti.hardware.iop@2.0::IIop/default in either framework or device manifest.
07-03 18:11:55.739  1272  1353 I ActivityTaskManager: Displayed e.www.ambientlighttest/.MainActivity: +806ms
07-03 18:11:55.739   560   560 I hwservicemanager: getTransport: Cannot find entry vendor.qti.hardware.iop@2.0::IIop/default in either framework or device manifest.
07-03 18:11:55.742  1272  1347 E system_server: Invalid ID 0x00000000.
07-03 18:11:55.743  1272  1272 V SettingsProvider: Notifying for 0: content://settings/system/accelerometer_rotation
07-03 18:11:55.749 22785 22785 I Monkey  : ## Network stats: elapsed time=31ms (0ms mobile, 0ms wifi, 31ms not connected)
07-03 18:11:55.750 22785 22785 I app_process: System.exit called, status: 0
07-03 18:11:55.750 22785 22785 I AndroidRuntime: VM exiting with result code 0.
07-03 18:11:55.779 25207 25207 I GoogleInputMethodService: GoogleInputMethodService.onFinishInput():3306 
07-03 18:11:55.780 25207 25207 I GoogleInputMethodService: GoogleInputMethodService.updateDeviceLockedStatus():2127 repeatCheckTimes = 0, locked = false
07-03 18:11:55.780 25207 25207 I GoogleInputMethodService: GoogleInputMethodService.onStartInput():1909 onStartInput(EditorInfo{inputType=0x0(NULL) imeOptions=0x0 privateImeOptions=null actionName=UNSPECIFIED actionLabel=null actionId=0 initialSelStart=-1 initialSelEnd=-1 initialCapsMode=0x0 hintText=null label=null packageName=com.example.batterymanager_utility fieldId=-1 fieldName=null extras=null hintLocales=[]}, false)
07-03 18:11:55.780 25207 25207 I GoogleInputMethodService: GoogleInputMethodService.shouldHideHeaderOnInitialState():1990 ShouldHideHeaderOnInitialState = false
07-03 18:11:55.781 25207 25207 I GoogleInputMethodService: GoogleInputMethodService.updateDeviceLockedStatus():2127 repeatCheckTimes = 1, locked = false
07-03 18:11:55.788  1272  1346 W ActivityManager: ProcessRecord{5b6c789 0:e.www.ambientlighttest/u0a213}: ART verification disabled
07-03 18:11:55.789  1272  1346 D ActivityManager: Package [e.www.ambientlighttest] have process
07-03 18:11:55.790  1272  1346 D ActivityTrigger: ActivityTrigger activityStopTrigger 
07-03 18:11:55.793   560   560 E SELinux : avc:  denied  { find } for interface=vendor.qti.hardware.servicetracker::IServicetracker sid=u:r:system_server:s0 pid=1272 scontext=u:r:system_server:s0 tcontext=u:object_r:default_android_hwservice:s0 tclass=hwservice_manager permissive=0
07-03 18:11:55.796 10382 10382 I A       : onStop
07-03 18:11:55.802   680   680 D Zygote  : Forked child process 22814
07-03 18:11:55.807  1272  1355 I ActivityManager: Start proc 22814:e.www.ambientlighttest/u0a213 for activity {e.www.ambientlighttest/e.www.ambientlighttest.MainActivity}
07-03 18:11:55.807  1272  1355 D ActivityManager: handleProcessStartedLocked mDoneFinishBooting && app.pid != 0 ---> notifyProcessStart, app.processName = e.www.ambientlighttest, app.info = ApplicationInfo{4db3a8 e.www.ambientlighttest}, app.hostingType = activity, getHostingName() = ComponentInfo{e.www.ambientlighttest/e.www.ambientlighttest.MainActivity}, getIntentFlag() = 0, getIsPackageRunning() = true, app = ProcessRecord{5b6c789 22814:e.www.ambientlighttest/u0a213}, getExtraData() = null
07-03 18:11:55.810 22814 22814 I mbientlighttes: Late-enabling -Xcheck:jni
07-03 18:11:55.842 22814 22814 E mbientlighttes: Unknown bits set in runtime_flags: 0x8000
07-03 18:11:55.865  1272  6111 D CompatibilityInfo: mCompatibilityFlags - 0
07-03 18:11:55.865  1272  6111 D CompatibilityInfo: applicationDensity - 420
07-03 18:11:55.865  1272  6111 D CompatibilityInfo: applicationScale - 1.0
07-03 18:11:55.869  1272  6111 D CompatibilityInfo: mCompatibilityFlags - 0
07-03 18:11:55.869  1272  6111 D CompatibilityInfo: applicationDensity - 420
07-03 18:11:55.869  1272  6111 D CompatibilityInfo: applicationScale - 1.0
07-03 18:11:55.870  1272 22833 W IrisConfig: ColorManagerService is not Existed
07-03 18:11:55.873  1272  6111 I qspmsvc-client: inside perf_hint_qspm
07-03 18:11:55.953 22814 22814 I Perf    : Connecting to perf service.
07-03 18:11:55.963   560   560 I hwservicemanager: getTransport: Cannot find entry vendor.qti.hardware.iop@2.0::IIop/default in either framework or device manifest.
07-03 18:11:55.963  1103  8954 E ANDR-IOP: IIop:: Iop HAL Service is not available.
07-03 18:11:55.967 22814 22836 E Perf    : Fail to get file list e.www.ambientlighttest
07-03 18:11:55.967 22814 22836 E Perf    : getFolderSize() : Exception_1 = java.lang.NullPointerException: Attempt to get length of null array
07-03 18:11:55.968 22814 22836 E Perf    : Fail to get file list e.www.ambientlighttest
07-03 18:11:55.968 22814 22836 E Perf    : getFolderSize() : Exception_1 = java.lang.NullPointerException: Attempt to get length of null array
07-03 18:11:56.037 22814 22814 W mbientlighttes: Accessing hidden method Landroid/view/View;->computeFitSystemWindows(Landroid/graphics/Rect;Landroid/graphics/Rect;)Z (greylist, reflection, allowed)
07-03 18:11:56.038 22814 22814 W mbientlighttes: Accessing hidden method Landroid/view/ViewGroup;->makeOptionalFitsSystemWindows()V (greylist, reflection, allowed)
07-03 18:11:56.062   751   988 E qti_sensors_hal: prepareAddMsg: fih_pid:PL2
07-03 18:11:56.082  1272  7867 E WindowManager: App trying to use insecure INPUT_FEATURE_NO_INPUT_CHANNEL flag. Ignoring
07-03 18:11:56.104 22814 22814 W RenderThread: type=1400 audit(0.0:27171): avc: denied { search } for name="kgsl-3d0" dev="sysfs" ino=29187 scontext=u:r:untrusted_app_27:s0:c213,c256,c512,c768 tcontext=u:object_r:sysfs_kgsl:s0 tclass=dir permissive=0
07-03 18:11:56.106 22814 22837 I AdrenoGLES: QUALCOMM build                   : f2ab992, I401605978b
07-03 18:11:56.106 22814 22837 I AdrenoGLES: Build Date                       : 09/28/19
07-03 18:11:56.106 22814 22837 I AdrenoGLES: OpenGL ES Shader Compiler Version: EV031.27.05.01
07-03 18:11:56.106 22814 22837 I AdrenoGLES: Local Branch                     : 
07-03 18:11:56.106 22814 22837 I AdrenoGLES: Remote Branch                    : 
07-03 18:11:56.106 22814 22837 I AdrenoGLES: Remote Branch                    : 
07-03 18:11:56.106 22814 22837 I AdrenoGLES: Reconstruct Branch               : 
07-03 18:11:56.106 22814 22837 I AdrenoGLES: Build Config                     : S L 8.0.11 AArch64
07-03 18:11:56.113 22814 22837 I AdrenoGLES: PFP: 0x005ff112, ME: 0x005ff066
07-03 18:11:56.115 22814 22837 W AdrenoUtils: <ReadGpuID_from_sysfs:194>: Failed to open /sys/class/kgsl/kgsl-3d0/gpu_model
07-03 18:11:56.115 22814 22837 W AdrenoUtils: <ReadGpuID:218>: Failed to read chip ID from gpu_model. Fallback to use the GSL path
07-03 18:11:56.118   560   560 I hwservicemanager: getTransport: Cannot find entry vendor.display.config@1.7::IDisplayConfig/default in either framework or device manifest.
07-03 18:11:56.118   560   560 I hwservicemanager: getTransport: Cannot find entry vendor.display.config@1.7::IDisplayConfig/default in either framework or device manifest.
07-03 18:11:56.133   560   560 I hwservicemanager: getTransport: Cannot find entry android.hardware.graphics.mapper@3.0::IMapper/default in either framework or device manifest.
07-03 18:11:56.133 22814 22837 W Gralloc3: mapper 3.x is not supported
07-03 18:11:56.150 25207 25207 I GoogleInputMethodService: GoogleInputMethodService.onFinishInput():3306 
07-03 18:11:56.151 25207 25207 I GoogleInputMethodService: GoogleInputMethodService.updateDeviceLockedStatus():2127 repeatCheckTimes = 0, locked = false
07-03 18:11:56.151 25207 25207 I GoogleInputMethodService: GoogleInputMethodService.onStartInput():1909 onStartInput(EditorInfo{inputType=0x0(NULL) imeOptions=0x0 privateImeOptions=null actionName=UNSPECIFIED actionLabel=null actionId=0 initialSelStart=-1 initialSelEnd=-1 initialCapsMode=0x0 hintText=null label=null packageName=e.www.ambientlighttest fieldId=-1 fieldName=null extras=null hintLocales=[]}, false)
07-03 18:11:56.151 25207 25207 I GoogleInputMethodService: GoogleInputMethodService.shouldHideHeaderOnInitialState():1990 ShouldHideHeaderOnInitialState = false
07-03 18:11:56.151 25207 25207 I GoogleInputMethodService: GoogleInputMethodService.updateDeviceLockedStatus():2127 repeatCheckTimes = 1, locked = false
07-03 18:11:56.170   779  7045 E ANDR-PERF-MPCTL: poll() has timed out for /sys/module/msm_performance/events/cpu_hotplug
07-03 18:11:56.170   779  7045 E ANDR-PERF-MPCTL: Block on poll()
07-03 18:11:56.494  1272  1346 D ActivityTrigger: ActivityTrigger activityStopTrigger 
07-03 18:11:57.281  1272  7867 D CompatibilityInfo: mCompatibilityFlags - 0
07-03 18:11:57.281  1272  7867 D CompatibilityInfo: applicationDensity - 420
07-03 18:11:57.281  1272  7867 D CompatibilityInfo: applicationScale - 1.0
07-03 18:11:57.282   560   560 E SELinux : avc:  denied  { find } for interface=vendor.qti.hardware.servicetracker::IServicetracker sid=u:r:system_server:s0 pid=1272 scontext=u:r:system_server:s0 tcontext=u:object_r:default_android_hwservice:s0 tclass=hwservice_manager permissive=0
07-03 18:11:57.287 22768 22768 I BatteryMgr:DataCollectionService: onStartCommand: begin
07-03 18:11:57.287 22768 22768 I BatteryMgr:DataCollectionService: onStartCommand: sampleRate => 1000
07-03 18:11:57.287 22768 22768 I BatteryMgr:DataCollectionService: onStartCommand: rawFields => Timestamp,BATTERY_PROPERTY_CURRENT_NOW,EXTRA_VOLTAGE
07-03 18:11:57.288 22768 22768 I BatteryMgr:DataCollectionService: onStartCommand: notification done
07-03 18:11:57.291 22768 22768 I BatteryMgr:DataCollectionService: started foreground
07-03 18:11:57.291  1272  1354 E NotificationService: Suppressing notification from package by user request.
07-03 18:11:57.291  1272  1354 I ServiceRecord: ServicesRecord broadcast notify intent package = com.example.batterymanager_utility pid = 22768
07-03 18:11:57.297 22768 22862 I BatteryMgr:DataCollectionService: collectData: begin
07-03 18:11:57.301 22768 22862 I BatteryMgr:DataCollectionService: stats => 1688400717301,-484863,4211
07-03 18:11:58.309 22768 22862 I BatteryMgr:DataCollectionService: stats => 1688400718308,-349609,4211
07-03 18:11:58.414  4943  4943 I DataSaverController: registerReceiver() : Runnable call registerReceiver()
07-03 18:11:58.417  4943  4943 I DataSaverController: registerReceiver() : queryIntentServices = 0
07-03 18:11:58.417  4943  4943 I DataSaverController: registerReceiver() :  postDelayed Runnable 30000
07-03 18:11:59.170   779  7045 E ANDR-PERF-MPCTL: poll() has timed out for /sys/module/msm_performance/events/cpu_hotplug
07-03 18:11:59.171   779  7045 E ANDR-PERF-MPCTL: Block on poll()
07-03 18:11:59.318 22768 22862 I BatteryMgr:DataCollectionService: stats => 1688400719318,-129882,4211
07-03 18:11:59.324   560   560 E SELinux : avc:  denied  { find } for interface=vendor.qti.hardware.servicetracker::IServicetracker sid=u:r:system_server:s0 pid=1272 scontext=u:r:system_server:s0 tcontext=u:object_r:default_android_hwservice:s0 tclass=hwservice_manager permissive=0
07-03 18:12:00.002  4943  4943 D SystemUIUpdateMonitor: run() curMinutes = 28140012 mLastMinute = 28140011
07-03 18:12:00.003  4943  4943 D SystemUIUpdateMonitor: setTimeHandler() mTimeTICK_receiver.size() = 16
07-03 18:12:00.003  4943  4943 D SystemUIUpdateMonitor: setTimeHandler() newDelay = 59997
07-03 18:12:00.161  6198  7527 D FileOperator: Mode change to WRITE_MODE!
07-03 18:12:00.326 22768 22862 I BatteryMgr:DataCollectionService: stats => 1688400720326,-156738,4211
07-03 18:12:00.480 22768 22870 D ProfileInstaller: Installing profile for com.example.batterymanager_utility
07-03 18:12:00.964  6198  7527 D FileOperator: Mode change to WRITE_MODE!
07-03 18:12:01.336 22768 22862 I BatteryMgr:DataCollectionService: stats => 1688400721336,-156738,4211
07-03 18:12:02.174   779  7045 E ANDR-PERF-MPCTL: poll() has timed out for /sys/module/msm_performance/events/cpu_hotplug
07-03 18:12:02.174   779  7045 E ANDR-PERF-MPCTL: Block on poll()
07-03 18:12:02.346 22768 22862 I BatteryMgr:DataCollectionService: stats => 1688400722346,-120117,4211
07-03 18:12:03.359 22768 22862 I BatteryMgr:DataCollectionService: stats => 1688400723359,-184081,4211
07-03 18:12:04.371 22768 22862 I BatteryMgr:DataCollectionService: stats => 1688400724371,-184081,4211
07-03 18:12:05.180   779  7045 E ANDR-PERF-MPCTL: poll() has timed out for /sys/module/msm_performance/events/cpu_hotplug
07-03 18:12:05.181   779  7045 E ANDR-PERF-MPCTL: Block on poll()
07-03 18:12:05.379 22768 22862 I BatteryMgr:DataCollectionService: stats => 1688400725379,-122070,4211
07-03 18:12:06.387 22768 22862 I BatteryMgr:DataCollectionService: stats => 1688400726387,-117675,4211
07-03 18:12:07.399 22768 22862 I BatteryMgr:DataCollectionService: stats => 1688400727399,-117675,4211
07-03 18:12:08.184   779  7045 E ANDR-PERF-MPCTL: poll() has timed out for /sys/module/msm_performance/events/cpu_hotplug
07-03 18:12:08.185   779  7045 E ANDR-PERF-MPCTL: Block on poll()
07-03 18:12:08.415 22768 22862 I BatteryMgr:DataCollectionService: stats => 1688400728415,-179687,4211
07-03 18:12:09.433 22768 22862 I BatteryMgr:DataCollectionService: stats => 1688400729433,-114746,4211
07-03 18:12:10.437 27083 22873 E memtrack: Couldn't load memtrack module
07-03 18:12:10.437 27083 22873 W android.os.Debug: failed to get memory consumption info: -1
07-03 18:12:10.442 22768 22862 I BatteryMgr:DataCollectionService: stats => 1688400730442,-114746,4211
07-03 18:12:10.886   560   560 E SELinux : avc:  denied  { find } for interface=vendor.qti.hardware.servicetracker::IServicetracker sid=u:r:system_server:s0 pid=1272 scontext=u:r:system_server:s0 tcontext=u:object_r:default_android_hwservice:s0 tclass=hwservice_manager permissive=0
07-03 18:12:10.888   560   560 E SELinux : avc:  denied  { find } for interface=vendor.qti.hardware.servicetracker::IServicetracker sid=u:r:system_server:s0 pid=1272 scontext=u:r:system_server:s0 tcontext=u:object_r:default_android_hwservice:s0 tclass=hwservice_manager permissive=0
07-03 18:12:10.888 27083 27083 D BoundBrokerSvc: onUnbind: Intent { act=com.google.android.gms.inappreach.service.START dat=chimera-action: cmp=com.google.android.gms/.chimera.GmsApiService }
07-03 18:12:11.190   779  7045 E ANDR-PERF-MPCTL: poll() has timed out for /sys/module/msm_performance/events/cpu_hotplug
07-03 18:12:11.191   779  7045 E ANDR-PERF-MPCTL: Block on poll()
07-03 18:12:11.453 22768 22862 I BatteryMgr:DataCollectionService: stats => 1688400731453,-185546,4211
07-03 18:12:12.464 22768 22862 I BatteryMgr:DataCollectionService: stats => 1688400732464,-120605,4211
07-03 18:12:13.476 22768 22862 I BatteryMgr:DataCollectionService: stats => 1688400733475,-157714,4211
07-03 18:12:14.194   779  7045 E ANDR-PERF-MPCTL: poll() has timed out for /sys/module/msm_performance/events/cpu_hotplug
07-03 18:12:14.194   779  7045 E ANDR-PERF-MPCTL: Block on poll()
07-03 18:12:14.491 22768 22862 I BatteryMgr:DataCollectionService: stats => 1688400734491,-157714,4211
07-03 18:12:15.501 22768 22862 I BatteryMgr:DataCollectionService: stats => 1688400735501,-130859,4211
07-03 18:12:16.508 22768 22862 I BatteryMgr:DataCollectionService: stats => 1688400736508,-120117,4211
07-03 18:12:17.198   779  7045 E ANDR-PERF-MPCTL: poll() has timed out for /sys/module/msm_performance/events/cpu_hotplug
07-03 18:12:17.198   779  7045 E ANDR-PERF-MPCTL: Block on poll()
07-03 18:12:17.520 22768 22862 I BatteryMgr:DataCollectionService: stats => 1688400737520,-120117,4211
07-03 18:12:18.531 22768 22862 I BatteryMgr:DataCollectionService: stats => 1688400738531,-190917,4211
07-03 18:12:19.542 22768 22862 I BatteryMgr:DataCollectionService: stats => 1688400739542,-116210,4211
07-03 18:12:20.203   779  7045 E ANDR-PERF-MPCTL: poll() has timed out for /sys/module/msm_performance/events/cpu_hotplug
07-03 18:12:20.204   779  7045 E ANDR-PERF-MPCTL: Block on poll()
07-03 18:12:20.553 22768 22862 I BatteryMgr:DataCollectionService: stats => 1688400740553,-116210,4211
07-03 18:12:21.567 22768 22862 I BatteryMgr:DataCollectionService: stats => 1688400741567,-115234,4211
07-03 18:12:22.576 22768 22862 I BatteryMgr:DataCollectionService: stats => 1688400742576,-159179,4211
07-03 18:12:23.207   779  7045 E ANDR-PERF-MPCTL: poll() has timed out for /sys/module/msm_performance/events/cpu_hotplug
07-03 18:12:23.207   779  7045 E ANDR-PERF-MPCTL: Block on poll()
07-03 18:12:23.586 22768 22862 I BatteryMgr:DataCollectionService: stats => 1688400743586,-159179,4211
07-03 18:12:24.607 22768 22862 I BatteryMgr:DataCollectionService: stats => 1688400744606,-118164,4211
07-03 18:12:25.615 22768 22862 I BatteryMgr:DataCollectionService: stats => 1688400745615,-125976,4211
07-03 18:12:26.210   779  7045 E ANDR-PERF-MPCTL: poll() has timed out for /sys/module/msm_performance/events/cpu_hotplug
07-03 18:12:26.211   779  7045 E ANDR-PERF-MPCTL: Block on poll()
07-03 18:12:26.623 22768 22862 I BatteryMgr:DataCollectionService: stats => 1688400746623,-117675,4211
07-03 18:12:27.636 22768 22862 I BatteryMgr:DataCollectionService: stats => 1688400747636,-117675,4211
07-03 18:12:28.446  4943  4943 I DataSaverController: registerReceiver() : Runnable call registerReceiver()
07-03 18:12:28.448  4943  4943 I DataSaverController: registerReceiver() : queryIntentServices = 0
07-03 18:12:28.448  4943  4943 I DataSaverController: registerReceiver() :  postDelayed Runnable 30000
07-03 18:12:28.647 22768 22862 I BatteryMgr:DataCollectionService: stats => 1688400748646,-190429,4211
07-03 18:12:29.216   779  7045 E ANDR-PERF-MPCTL: poll() has timed out for /sys/module/msm_performance/events/cpu_hotplug
07-03 18:12:29.216   779  7045 E ANDR-PERF-MPCTL: Block on poll()
07-03 18:12:29.657 22768 22862 I BatteryMgr:DataCollectionService: stats => 1688400749657,-117187,4211
07-03 18:12:30.671 22768 22862 I BatteryMgr:DataCollectionService: stats => 1688400750671,-117187,4211
07-03 18:12:31.685 22768 22862 I BatteryMgr:DataCollectionService: stats => 1688400751685,-115234,4211
07-03 18:12:32.220   779  7045 E ANDR-PERF-MPCTL: poll() has timed out for /sys/module/msm_performance/events/cpu_hotplug
07-03 18:12:32.220   779  7045 E ANDR-PERF-MPCTL: Block on poll()
07-03 18:12:32.696 22768 22862 I BatteryMgr:DataCollectionService: stats => 1688400752695,-195312,4211
07-03 18:12:33.706 22768 22862 I BatteryMgr:DataCollectionService: stats => 1688400753706,-195312,4211
07-03 18:12:34.719 22768 22862 I BatteryMgr:DataCollectionService: stats => 1688400754719,-128417,4211
07-03 18:12:35.224   779  7045 E ANDR-PERF-MPCTL: poll() has timed out for /sys/module/msm_performance/events/cpu_hotplug
07-03 18:12:35.224   779  7045 E ANDR-PERF-MPCTL: Block on poll()
07-03 18:12:35.728 22768 22862 I BatteryMgr:DataCollectionService: stats => 1688400755728,-125976,4211
07-03 18:12:36.735 22768 22862 I BatteryMgr:DataCollectionService: stats => 1688400756735,-125976,4211
07-03 18:12:37.746 22768 22862 I BatteryMgr:DataCollectionService: stats => 1688400757746,-134765,4211
07-03 18:12:38.228   779  7045 E ANDR-PERF-MPCTL: poll() has timed out for /sys/module/msm_performance/events/cpu_hotplug
07-03 18:12:38.228   779  7045 E ANDR-PERF-MPCTL: Block on poll()
07-03 18:12:38.760 22768 22862 I BatteryMgr:DataCollectionService: stats => 1688400758759,-137206,4211
07-03 18:12:39.770 22768 22862 I BatteryMgr:DataCollectionService: stats => 1688400759770,-115722,4211
07-03 18:12:40.782 22768 22862 I BatteryMgr:DataCollectionService: stats => 1688400760782,-115722,4211
07-03 18:12:41.231   779  7045 E ANDR-PERF-MPCTL: poll() has timed out for /sys/module/msm_performance/events/cpu_hotplug
07-03 18:12:41.231   779  7045 E ANDR-PERF-MPCTL: Block on poll()
07-03 18:12:41.796 22768 22862 I BatteryMgr:DataCollectionService: stats => 1688400761795,-131835,4211
07-03 18:12:42.811 22768 22862 I BatteryMgr:DataCollectionService: stats => 1688400762811,-188964,4211
07-03 18:12:43.824 22768 22862 I BatteryMgr:DataCollectionService: stats => 1688400763824,-188964,4211
07-03 18:12:44.235   779  7045 E ANDR-PERF-MPCTL: poll() has timed out for /sys/module/msm_performance/events/cpu_hotplug
07-03 18:12:44.235   779  7045 E ANDR-PERF-MPCTL: Block on poll()
07-03 18:12:44.832 22768 22862 I BatteryMgr:DataCollectionService: stats => 1688400764832,-118164,4211
07-03 18:12:45.839 22768 22862 I BatteryMgr:DataCollectionService: stats => 1688400765839,-119628,4211
07-03 18:12:46.847 22768 22862 I BatteryMgr:DataCollectionService: stats => 1688400766847,-119628,4211
07-03 18:12:47.241   779  7045 E ANDR-PERF-MPCTL: poll() has timed out for /sys/module/msm_performance/events/cpu_hotplug
07-03 18:12:47.241   779  7045 E ANDR-PERF-MPCTL: Block on poll()
07-03 18:12:47.857 22768 22862 I BatteryMgr:DataCollectionService: stats => 1688400767857,-173339,4211
07-03 18:12:48.866 22768 22862 I BatteryMgr:DataCollectionService: stats => 1688400768866,-117675,4211
07-03 18:12:49.878 22768 22862 I BatteryMgr:DataCollectionService: stats => 1688400769877,-191894,4211
07-03 18:12:50.247   779  7045 E ANDR-PERF-MPCTL: poll() has timed out for /sys/module/msm_performance/events/cpu_hotplug
07-03 18:12:50.247   779  7045 E ANDR-PERF-MPCTL: Block on poll()
07-03 18:12:50.888 22768 22862 I BatteryMgr:DataCollectionService: stats => 1688400770887,-191894,4211
07-03 18:12:51.901 22768 22862 I BatteryMgr:DataCollectionService: stats => 1688400771901,-118164,4211
07-03 18:12:52.908 22768 22862 I BatteryMgr:DataCollectionService: stats => 1688400772908,-266113,4211
07-03 18:12:53.252   779  7045 E ANDR-PERF-MPCTL: poll() has timed out for /sys/module/msm_performance/events/cpu_hotplug
07-03 18:12:53.253   779  7045 E ANDR-PERF-MPCTL: Block on poll()
07-03 18:12:53.916 22768 22862 I BatteryMgr:DataCollectionService: stats => 1688400773916,-266113,4211
07-03 18:12:54.925 22768 22862 I BatteryMgr:DataCollectionService: stats => 1688400774925,-118164,4211
07-03 18:12:55.936 22768 22862 I BatteryMgr:DataCollectionService: stats => 1688400775936,-120117,4211
07-03 18:12:56.256   779  7045 E ANDR-PERF-MPCTL: poll() has timed out for /sys/module/msm_performance/events/cpu_hotplug
07-03 18:12:56.256   779  7045 E ANDR-PERF-MPCTL: Block on poll()
07-03 18:12:56.950 22768 22862 I BatteryMgr:DataCollectionService: stats => 1688400776949,-120117,4211
07-03 18:12:57.800   560   560 E SELinux : avc:  denied  { find } for interface=vendor.qti.hardware.servicetracker::IServicetracker sid=u:r:system_server:s0 pid=1272 scontext=u:r:system_server:s0 tcontext=u:object_r:default_android_hwservice:s0 tclass=hwservice_manager permissive=0
07-03 18:12:58.173  1272  7867 I ActivityManager: Force stopping e.www.ambientlighttest appid=10213 user=0: from pid 22901
07-03 18:12:58.174  1272  7867 I ActivityManager: Killing 22814:e.www.ambientlighttest/u0a213 (adj 0): stop e.www.ambientlighttest
07-03 18:12:58.176   560   560 E SELinux : avc:  denied  { find } for interface=vendor.qti.hardware.servicetracker::IServicetracker sid=u:r:system_server:s0 pid=1272 scontext=u:r:system_server:s0 tcontext=u:object_r:default_android_hwservice:s0 tclass=hwservice_manager permissive=0
07-03 18:12:58.176  1272  7867 W ActivityTaskManager: Force removing ActivityRecord{6504392 u0 e.www.ambientlighttest/.MainActivity t547 f}: app died, no saved state
07-03 18:12:58.191  1272 22904 W IrisConfig: ColorManagerService is not Existed
07-03 18:12:58.205  5388  5388 E PhoneInterfaceManager: [PhoneIntfMgr] getCarrierPackageNamesForIntent: No UICC
07-03 18:12:58.205  5388  5388 D CarrierSvcBindHelper: No carrier app for: 0
07-03 18:12:58.208  5388  5388 E PhoneInterfaceManager: [PhoneIntfMgr] getCarrierPackageNamesForIntent: No UICC
07-03 18:12:58.208  5388  5388 D CarrierSvcBindHelper: No carrier app for: 1
07-03 18:12:58.208   560   560 I hwservicemanager: getTransport: Cannot find entry vendor.qti.hardware.iop@2.0::IIop/default in either framework or device manifest.
07-03 18:12:58.208  1272 12292 E ANDR-PERF-JNI: UXEngine Trigger - Returning null
07-03 18:12:58.210  6139  6139 D RegisteredNfcFServicesCache: Service unchanged, not updating
07-03 18:12:58.219   680   680 I Zygote  : Process 22814 exited due to signal 9 (Killed)
07-03 18:12:58.221  1272  1356 I libprocessgroup: Successfully killed process cgroup uid 10213 pid 22814 in 46ms
07-03 18:12:58.229   560   560 E SELinux : avc:  denied  { find } for interface=vendor.qti.hardware.servicetracker::IServicetracker sid=u:r:system_server:s0 pid=1272 scontext=u:r:system_server:s0 tcontext=u:object_r:default_android_hwservice:s0 tclass=hwservice_manager permissive=0
07-03 18:12:58.232  1272  1346 W ActivityManager: setHasOverlayUi called on unknown pid: 22814
07-03 18:12:58.236 14690 14690 D PredictionService: onRequestPredictionUpdate
07-03 18:12:58.236 14690 14690 D PredictionService: update predictions
07-03 18:12:58.238 10382 10382 I A       : onStart
07-03 18:12:58.243 10382 10382 I A       : onResume
07-03 18:12:58.250  4823  4823 I GsaVoiceInteractionSrv: Handling ACTION_START_HOTWORD
07-03 18:12:58.251  4823  4985 I GsaVoiceInteractionSrv: (REDACTED) disregardHotwordSetting: %b
07-03 18:12:58.251  4823  4985 I GsaVoiceInteractionSrv: Cannot start hotword, hotword has been explicitly disabled.
07-03 18:12:58.258   560   560 E SELinux : avc:  denied  { find } for interface=vendor.qti.hardware.servicetracker::IServicetracker sid=u:r:system_server:s0 pid=1272 scontext=u:r:system_server:s0 tcontext=u:object_r:default_android_hwservice:s0 tclass=hwservice_manager permissive=0
07-03 18:12:58.282  1272  6132 D CompatibilityInfo: mCompatibilityFlags - 0
07-03 18:12:58.282  1272  6132 D CompatibilityInfo: applicationDensity - 420
07-03 18:12:58.282  1272  6132 D CompatibilityInfo: applicationScale - 1.0
07-03 18:12:58.282 25207 25207 I GoogleInputMethodService: GoogleInputMethodService.onFinishInput():3306 
07-03 18:12:58.283   560   560 E SELinux : avc:  denied  { find } for interface=vendor.qti.hardware.servicetracker::IServicetracker sid=u:r:system_server:s0 pid=1272 scontext=u:r:system_server:s0 tcontext=u:object_r:default_android_hwservice:s0 tclass=hwservice_manager permissive=0
07-03 18:12:58.284 25207 25207 I GoogleInputMethodService: GoogleInputMethodService.updateDeviceLockedStatus():2127 repeatCheckTimes = 0, locked = false
07-03 18:12:58.284 25207 25207 I GoogleInputMethodService: GoogleInputMethodService.onStartInput():1909 onStartInput(EditorInfo{inputType=0x0(NULL) imeOptions=0x0 privateImeOptions=null actionName=UNSPECIFIED actionLabel=null actionId=0 initialSelStart=-1 initialSelEnd=-1 initialCapsMode=0x0 hintText=null label=null packageName=com.android.launcher3 fieldId=-1 fieldName=null extras=null hintLocales=[]}, false)
07-03 18:12:58.284 25207 25207 I GoogleInputMethodService: GoogleInputMethodService.shouldHideHeaderOnInitialState():1990 ShouldHideHeaderOnInitialState = false
07-03 18:12:58.285 25207 25207 I GoogleInputMethodService: GoogleInputMethodService.updateDeviceLockedStatus():2127 repeatCheckTimes = 1, locked = false
07-03 18:12:58.285 27083 27083 D BoundBrokerSvc: onBind: Intent { act=com.google.android.gms.inappreach.service.START dat=chimera-action: cmp=com.google.android.gms/.chimera.GmsApiService }
07-03 18:12:58.285 27083 27083 D BoundBrokerSvc: Loading bound service for intent: Intent { act=com.google.android.gms.inappreach.service.START dat=chimera-action: cmp=com.google.android.gms/.chimera.GmsApiService }
07-03 18:12:58.449  4943  4943 I DataSaverController: registerReceiver() : Runnable call registerReceiver()
07-03 18:12:58.451  4943  4943 I DataSaverController: registerReceiver() : queryIntentServices = 0
07-03 18:12:58.451  4943  4943 I DataSaverController: registerReceiver() :  postDelayed Runnable 30000
07-03 18:12:59.259   779  7045 E ANDR-PERF-MPCTL: poll() has timed out for /sys/module/msm_performance/events/cpu_hotplug
07-03 18:12:59.259   779  7045 E ANDR-PERF-MPCTL: Block on poll()
07-03 18:13:00.003  4943  4943 D SystemUIUpdateMonitor: run() curMinutes = 28140013 mLastMinute = 28140012
07-03 18:13:00.003  4943  4943 D SystemUIUpdateMonitor: setTimeHandler() mTimeTICK_receiver.size() = 16
07-03 18:13:00.003  4943  4943 D SystemUIUpdateMonitor: setTimeHandler() newDelay = 59997
07-03 18:13:01.613  1272  6132 I ActivityManager: Force stopping com.example.batterymanager_utility appid=10186 user=0: from pid 22911
07-03 18:13:01.614  1272  6132 I ActivityManager: Killing 22768:com.example.batterymanager_utility/u0a186 (adj 700): stop com.example.batterymanager_utility
07-03 18:13:01.616   560   560 E SELinux : avc:  denied  { find } for interface=vendor.qti.hardware.servicetracker::IServicetracker sid=u:r:system_server:s0 pid=1272 scontext=u:r:system_server:s0 tcontext=u:object_r:default_android_hwservice:s0 tclass=hwservice_manager permissive=0
07-03 18:13:01.617  1272  6132 W ActivityTaskManager: Force removing ActivityRecord{e1985 u0 com.example.batterymanager_utility/.MainActivity t546 f}: app died, no saved state
07-03 18:13:01.639  5388  5388 E PhoneInterfaceManager: [PhoneIntfMgr] getCarrierPackageNamesForIntent: No UICC
07-03 18:13:01.639  5388  5388 D CarrierSvcBindHelper: No carrier app for: 0
07-03 18:13:01.641  5388  5388 E PhoneInterfaceManager: [PhoneIntfMgr] getCarrierPackageNamesForIntent: No UICC
07-03 18:13:01.641  5388  5388 D CarrierSvcBindHelper: No carrier app for: 1
07-03 18:13:01.642  6139  6139 D RegisteredNfcFServicesCache: Service unchanged, not updating
07-03 18:13:01.652   680   680 I Zygote  : Process 22768 exited due to signal 9 (Killed)
07-03 18:13:01.653  1272  1346 W ActivityManager: setHasOverlayUi called on unknown pid: 22768
07-03 18:13:01.663  1272  1356 I libprocessgroup: Successfully killed process cgroup uid 10186 pid 22768 in 46ms
07-03 18:13:02.263   779  7045 E ANDR-PERF-MPCTL: poll() has timed out for /sys/module/msm_performance/events/cpu_hotplug
07-03 18:13:02.263   779  7045 E ANDR-PERF-MPCTL: Block on poll()
07-03 18:13:03.355  6198  7527 D FileOperator: Mode change to WRITE_MODE!
07-03 18:13:05.266   779  7045 E ANDR-PERF-MPCTL: poll() has timed out for /sys/module/msm_performance/events/cpu_hotplug
07-03 18:13:05.267   779  7045 E ANDR-PERF-MPCTL: Block on poll()
