--------- beginning of main
07-02 20:31:08.400 16290 16290 D ProcessState: Binder ioctl to enable oneway spam detection failed: Invalid argument
--------- beginning of system
07-02 20:31:08.405  1864  5069 I ActivityTaskManager: START u0 {act=android.intent.action.MAIN cat=[android.intent.category.LAUNCHER] flg=0x10000000 cmp=com.example.batterymanager_utility/.MainActivity} from uid 2000
07-02 20:31:08.407  1864  5069 W ActivityTaskManager: Can't find TaskDisplayArea to determine support for multi window. Task id=163 attached=false
07-02 20:31:08.410  1864  5069 D CompatibilityChangeReporter: Compat change id reported: 174042980; UID 10232; state: DISABLED
07-02 20:31:08.410  1864  5069 D CompatibilityChangeReporter: Compat change id reported: 184838306; UID 10232; state: DISABLED
07-02 20:31:08.411  1864  5069 D CompatibilityChangeReporter: Compat change id reported: 185004937; UID 10232; state: DISABLED
07-02 20:31:08.414  1864  5069 D CompatibilityChangeReporter: Compat change id reported: 168419799; UID 10232; state: DISABLED
07-02 20:31:08.427  1864  1993 W ActivityManager: ProcessRecord{d97bed8 0:com.example.batterymanager_utility/u0a232}: ART verification disabled
07-02 20:31:08.427  1864  1993 D CompatibilityChangeReporter: Compat change id reported: 135634846; UID 10232; state: DISABLED
07-02 20:31:08.427  1864  1993 D CompatibilityChangeReporter: Compat change id reported: 177438394; UID 10232; state: DISABLED
07-02 20:31:08.427  1864  1993 D CompatibilityChangeReporter: Compat change id reported: 135772972; UID 10232; state: DISABLED
07-02 20:31:08.427  1864  1993 D CompatibilityChangeReporter: Compat change id reported: 135754954; UID 10232; state: ENABLED
07-02 20:31:08.427  1864  2006 D CompatibilityChangeReporter: Compat change id reported: 143937733; UID 10232; state: ENABLED
07-02 20:31:08.432  1232  1232 D Zygote  : Forked child process 16305
07-02 20:31:08.434  1864  2006 I ActivityManager: Start proc 16305:com.example.batterymanager_utility/u0a232 for pre-top-activity {com.example.batterymanager_utility/com.example.batterymanager_utility.MainActivity}
07-02 20:31:08.438 16305 16305 I manager_utilit: Late-enabling -Xcheck:jni
07-02 20:31:08.465 16305 16305 I manager_utilit: Using CollectorTypeCC GC.
07-02 20:31:08.471 17171 17179 I adbd    : jdwp connection from 16305
07-02 20:31:08.474 16305 16305 D ProcessState: Binder ioctl to enable oneway spam detection failed: Invalid argument
07-02 20:31:08.483 16305 16305 D CompatibilityChangeReporter: Compat change id reported: 171979766; UID 10232; state: ENABLED
07-02 20:31:08.489 16305 16305 W ziparchive: Unable to open '/data/app/~~in3MhAK2v7Oops6SEoCeUA==/com.example.batterymanager_utility-eW3YlkzMvRfdKszUeHpHnQ==/base.dm': No such file or directory
07-02 20:31:08.489 16305 16305 W ziparchive: Unable to open '/data/app/~~in3MhAK2v7Oops6SEoCeUA==/com.example.batterymanager_utility-eW3YlkzMvRfdKszUeHpHnQ==/base.dm': No such file or directory
07-02 20:31:08.519  6363  6363 I A       : onPause
07-02 20:31:08.522  6540  6540 I GsaVoiceInteractionSrv: Handling ACTION_STOP_HOTWORD
07-02 20:31:08.531 16306 16306 D AndroidRuntime: >>>>>> START com.android.internal.os.RuntimeInit uid 2000 <<<<<<
07-02 20:31:08.536 16306 16306 I AndroidRuntime: Using default boot image
07-02 20:31:08.536 16306 16306 I AndroidRuntime: Leaving lock profiling enabled
07-02 20:31:08.534 16306 16306 W app_process: type=1400 audit(0.0:1665): avc: denied { read } for name="u:object_r:odsign_prop:s0" dev="tmpfs" ino=18942 scontext=u:r:shell:s0 tcontext=u:object_r:odsign_prop:s0 tclass=file permissive=0
07-02 20:31:08.536 16306 16306 W libc    : Access denied finding property "odsign.verification.success"
07-02 20:31:08.539 16306 16306 W app_process: ART APEX data files are untrusted.
07-02 20:31:08.540 16306 16306 I app_process: Using CollectorTypeCC GC.
07-02 20:31:08.540 16306 16306 E app_process: Error reading named image component header for /system/framework/boot.art, error: Unable to open file "/system/framework/arm64/boot.art" for reading image header
07-02 20:31:08.556 16331 16331 W dex2oat64: Mismatch between dex2oat instruction set features to use (ISA: Arm64 Feature string: -a53,crc,lse,fp16,-dotprod,-sve) and those from CPP defines (ISA: Arm64 Feature string: -a53,-crc,-lse,-fp16,-dotprod,-sve) for the command line:
07-02 20:31:08.556 16331 16331 W dex2oat64: /apex/com.android.art/bin/dex2oat64 --runtime-arg -Xbootclasspath:/apex/com.android.art/javalib/core-oj.jar:/apex/com.android.art/javalib/core-libart.jar:/apex/com.android.art/javalib/okhttp.jar:/apex/com.android.art/javalib/bouncycastle.jar:/apex/com.android.art/javalib/apache-xml.jar:/system/framework/framework.jar:/system/framework/framework-graphics.jar:/system/framework/ext.jar:/system/framework/telephony-common.jar:/system/framework/voip-common.jar:/system/framework/ims-common.jar:/apex/com.android.i18n/javalib/core-icu4j.jar --runtime-arg -Xbootclasspath-locations:/apex/com.android.art/javalib/core-oj.jar:/apex/com.android.art/javalib/core-libart.jar:/apex/com.android.art/javalib/okhttp.jar:/apex/com.android.art/javalib/bouncycastle.jar:/apex/com.android.art/javalib/apache-xml.jar:/system/framework/framework.jar:/system/framework/framework-graphics.jar:/system/framework/ext.jar:/system/framework/telephony-common.jar:/system/framework/voip-common.jar:/system/framework/ims-common.jar:/apex/com.android.i18n/javalib/core-icu4j.jar --base=0x70000000 --dex-file=/apex/com.android.art/javalib/core-oj.jar --dex-location=/apex/com.android.art/javalib/core-oj.jar --dex-file=/apex/com.android.art/javalib/core-libart.jar --dex-location=/apex/com.android.art/javalib/core-libart.jar --dex-file=/apex/com.android.art/javalib/okhttp.jar --dex-location=/apex/com.android.art/javalib/okhttp.jar --dex-file=/apex/com.android.art/javalib/bouncycastle.jar --dex-location=/apex/com.android.art/javalib/bouncycastle.jar --dex-file=/apex/com.android.art/javalib/apache-xml.jar --dex-location=/apex/com.android.art/javalib/apache-xml.jar --dex-file=/system/framework/framework.jar --dex-location=/system/framework/framework.jar --dex-file=/system/framework/framework-graphics.jar --dex-location=/system/framework/framework-graphics.jar --dex-file=/system/framework/ext.jar --dex-location=/system/framework/ext.jar --dex-file=/system/framework/telephony-common.jar --dex-location=/system/framework/telephony-common.jar --dex-file=/system/framework/voip-common.jar --dex-location=/system/framework/voip-common.jar --dex-file=/system/framework/ims-common.jar --dex-location=/system/framework/ims-common.jar --dex-file=/apex/com.android.i18n/javalib/core-icu4j.jar --dex-location=/apex/com.android.i18n/javalib/core-icu4j.jar --image-fd=5 --output-vdex-fd=6 --oat-fd=7 --oat-location=/system/framework/arm64/boot.oat --single-image --image-format=uncompressed --compiler-filter=verify --profile-file=/apex/com.android.art/etc/boot-image.prof --profile-file=/system/etc/boot-image.prof --avoid-storing-invocation --instruction-set=arm64 --instruction-set-features=runtime --runtime-arg -Xms64m --runtime-arg -Xmx64m --dirty-image-objects=/system/etc/dirty-image-objects --instruction-set-variant=kryo385 --instruction-set-features=default --generate-mini-debug-info
07-02 20:31:08.567 16305 16305 D nativeloader: Configuring classloader-namespace for other apk /data/app/~~in3MhAK2v7Oops6SEoCeUA==/com.example.batterymanager_utility-eW3YlkzMvRfdKszUeHpHnQ==/base.apk. target_sdk_version=33, uses_libraries=, library_path=/data/app/~~in3MhAK2v7Oops6SEoCeUA==/com.example.batterymanager_utility-eW3YlkzMvRfdKszUeHpHnQ==/lib/arm64, permitted_path=/data:/mnt/expand:/data/user/0/com.example.batterymanager_utility
07-02 20:31:08.574 16305 16305 V GraphicsEnvironment: ANGLE Developer option for 'com.example.batterymanager_utility' set to: 'default'
07-02 20:31:08.574 16305 16305 V GraphicsEnvironment: App is not on the allowlist for updatable production driver.
07-02 20:31:08.575 16331 16331 I dex2oat64: /apex/com.android.art/bin/dex2oat64 --runtime-arg -Xbootclasspath:/apex/com.android.art/javalib/core-oj.jar:/apex/com.android.art/javalib/core-libart.jar:/apex/com.android.art/javalib/okhttp.jar:/apex/com.android.art/javalib/bouncycastle.jar:/apex/com.android.art/javalib/apache-xml.jar:/system/framework/framework.jar:/system/framework/framework-graphics.jar:/system/framework/ext.jar:/system/framework/telephony-common.jar:/system/framework/voip-common.jar:/system/framework/ims-common.jar:/apex/com.android.i18n/javalib/core-icu4j.jar --runtime-arg -Xbootclasspath-locations:/apex/com.android.art/javalib/core-oj.jar:/apex/com.android.art/javalib/core-libart.jar:/apex/com.android.art/javalib/okhttp.jar:/apex/com.android.art/javalib/bouncycastle.jar:/apex/com.android.art/javalib/apache-xml.jar:/system/framework/framework.jar:/system/framework/framework-graphics.jar:/system/framework/ext.jar:/system/framework/telephony-common.jar:/system/framework/voip-common.jar:/system/framework/ims-common.jar:/apex/com.android.i18n/javalib/core-icu4j.jar --base=0x70000000 --dex-file=/apex/com.android.art/javalib/core-oj.jar --dex-location=/apex/com.android.art/javalib/core-oj.jar --dex-file=/apex/com.android.art/javalib/core-libart.jar --dex-location=/apex/com.android.art/javalib/core-libart.jar --dex-file=/apex/com.android.art/javalib/okhttp.jar --dex-location=/apex/com.android.art/javalib/okhttp.jar --dex-file=/apex/com.android.art/javalib/bouncycastle.jar --dex-location=/apex/com.android.art/javalib/bouncycastle.jar --dex-file=/apex/com.android.art/javalib/apache-xml.jar --dex-location=/apex/com.android.art/javalib/apache-xml.jar --dex-file=/system/framework/framework.jar --dex-location=/system/framework/framework.jar --dex-file=/system/framework/framework-graphics.jar --dex-location=/system/framework/framework-graphics.jar --dex-file=/system/framework/ext.jar --dex-location=/system/framework/ext.jar --dex-file=/system/framework/telephony-common.jar --dex-location=/system/framework/telephony-common.jar --dex-file=/system/framework/voip-common.jar --dex-location=/system/framework/voip-common.jar --dex-file=/system/framework/ims-common.jar --dex-location=/system/framework/ims-common.jar --dex-file=/apex/com.android.i18n/javalib/core-icu4j.jar --dex-location=/apex/com.android.i18n/javalib/core-icu4j.jar --image-fd=5 --output-vdex-fd=6 --oat-fd=7 --oat-location=/system/framework/arm64/boot.oat --single-image --image-format=uncompressed --compiler-filter=verify --profile-file=/apex/com.android.art/etc/boot-image.prof --profile-file=/system/etc/boot-image.prof --avoid-storing-invocation --instruction-set=arm64 --instruction-set-features=runtime --runtime-arg -Xms64m --runtime-arg -Xmx64m --dirty-image-objects=/system/etc/dirty-image-objects --instruction-set-variant=kryo385 --instruction-set-features=default --generate-mini-debug-info
07-02 20:31:08.575 16305 16305 D NetworkSecurityConfig: No Network Security Config specified, using platform default
07-02 20:31:08.575 16305 16305 D NetworkSecurityConfig: No Network Security Config specified, using platform default
07-02 20:31:08.576 16331 16331 I dex2oat64: setting boot class path to /apex/com.android.art/javalib/core-oj.jar:/apex/com.android.art/javalib/core-libart.jar:/apex/com.android.art/javalib/okhttp.jar:/apex/com.android.art/javalib/bouncycastle.jar:/apex/com.android.art/javalib/apache-xml.jar:/system/framework/framework.jar:/system/framework/framework-graphics.jar:/system/framework/ext.jar:/system/framework/telephony-common.jar:/system/framework/voip-common.jar:/system/framework/ims-common.jar:/apex/com.android.i18n/javalib/core-icu4j.jar
07-02 20:31:08.580 16305 16305 I BatteryMgr:App: creating notification channel
07-02 20:31:08.714  2549  2549 I WallpaperService: engine paused
07-02 20:31:08.723  1864  1994 D CompatibilityChangeReporter: Compat change id reported: 158002302; UID 10232; state: ENABLED
07-02 20:31:08.725 16305 16335 I AdrenoGLES-0: QUALCOMM build                   : 781e7d0, I46ff5fc46f
07-02 20:31:08.725 16305 16335 I AdrenoGLES-0: Build Date                       : 12/01/20
07-02 20:31:08.725 16305 16335 I AdrenoGLES-0: OpenGL ES Shader Compiler Version: EV031.31.04.01
07-02 20:31:08.725 16305 16335 I AdrenoGLES-0: Local Branch                     : QPR1
07-02 20:31:08.725 16305 16335 I AdrenoGLES-0: Remote Branch                    : 
07-02 20:31:08.725 16305 16335 I AdrenoGLES-0: Remote Branch                    : 
07-02 20:31:08.725 16305 16335 I AdrenoGLES-0: Reconstruct Branch               : 
07-02 20:31:08.725 16305 16335 I AdrenoGLES-0: Build Config                     : C P 11.0.1 AArch64
07-02 20:31:08.725 16305 16335 I AdrenoGLES-0: Driver Path                      : /vendor/lib64/egl/libGLESv2_adreno.so
07-02 20:31:08.727 16305 16335 I AdrenoGLES-0: PFP: 0x016ee190, ME: 0x00000000
07-02 20:31:08.728 16305 16335 W AdrenoUtils: <ReadGpuID_from_sysfs:197>: Failed to open /sys/class/kgsl/kgsl-3d0/gpu_model
07-02 20:31:08.728 16305 16335 W AdrenoUtils: <ReadGpuID:221>: Failed to read chip ID from gpu_model. Fallback to use the GSL path
07-02 20:31:08.735  6363  6363 I A       : (REDACTED) onApplyWindowInsets: systemWindowInsets=%s
07-02 20:31:08.735  6363  6363 I A       : (REDACTED) onApplyWindowInsets: systemWindowInsets=%s
07-02 20:31:08.737   740   740 I SDM     : HWCDisplay::GetColorModeCount: Supported color mode count = 5
07-02 20:31:08.737   738  1061 E HWComposer: getSupportedContentTypes: getSupportedContentTypes failed for display 0: Unsupported (8)
07-02 20:31:08.737 16305 16335 D hw-ProcessState: Binder ioctl to enable oneway spam detection failed: Invalid argument
07-02 20:31:08.738   693   693 I hwservicemanager: getTransport: Cannot find entry android.hardware.graphics.mapper@4.0::IMapper/default in either framework or device VINTF manifest.
07-02 20:31:08.739 16305 16341 I Gralloc4: mapper 4.x is not supported
07-02 20:31:08.739   693   693 I hwservicemanager: getTransport: Cannot find entry android.hardware.graphics.mapper@3.0::IMapper/default in either framework or device VINTF manifest.
07-02 20:31:08.739 16305 16341 W Gralloc3: mapper 3.x is not supported
07-02 20:31:08.740   693   693 I hwservicemanager: getTransport: Cannot find entry android.hardware.graphics.allocator@4.0::IAllocator/default in either framework or device VINTF manifest.
07-02 20:31:08.740 16305 16341 W Gralloc4: allocator 4.x is not supported
07-02 20:31:08.740   693   693 I hwservicemanager: getTransport: Cannot find entry android.hardware.graphics.allocator@3.0::IAllocator/default in either framework or device VINTF manifest.
07-02 20:31:08.740 16305 16341 W Gralloc3: allocator 3.x is not supported
07-02 20:31:08.755  1864  1990 W ziparchive: Unable to open '/data/app/~~in3MhAK2v7Oops6SEoCeUA==/com.example.batterymanager_utility-eW3YlkzMvRfdKszUeHpHnQ==/base.dm': No such file or directory
07-02 20:31:08.756  1864  1990 I ActivityTaskManager: Displayed com.example.batterymanager_utility/.MainActivity: +349ms
07-02 20:31:08.771  4337  4337 I GoogleInputMethodService: GoogleInputMethodService.onFinishInput():3306 
07-02 20:31:08.772  4337  4337 I GoogleInputMethodService: GoogleInputMethodService.updateDeviceLockedStatus():2127 repeatCheckTimes = 0, locked = false
07-02 20:31:08.772  4337  4337 I GoogleInputMethodService: GoogleInputMethodService.onStartInput():1909 onStartInput(EditorInfo{inputType=0x0(NULL) imeOptions=0x0 privateImeOptions=null actionName=UNSPECIFIED actionLabel=null actionId=0 initialSelStart=-1 initialSelEnd=-1 initialCapsMode=0x0 hintText=null label=null packageName=com.example.batterymanager_utility fieldId=-1 fieldName=null extras=null hintLocales=[]}, false)
07-02 20:31:08.772  4337  4337 I GoogleInputMethodService: GoogleInputMethodService.shouldHideHeaderOnInitialState():1990 ShouldHideHeaderOnInitialState = false
07-02 20:31:08.773  4337  4337 I GoogleInputMethodService: GoogleInputMethodService.updateDeviceLockedStatus():2127 repeatCheckTimes = 1, locked = false
07-02 20:31:08.773  6363  6363 I A       : onStop
07-02 20:31:08.773  1864  1993 W ProcessStats: Tracking association SourceState{20ab21c com.google.android.googlequicksearchbox:search/10135 BTopFgs #43136} whose proc state 2 is better than process ProcessState{3d4ea49 com.google.android.gms.persistent/10125 pkg=com.google.android.gms (sub)} proc state 3 (16 skipped)
07-02 20:31:08.871 16331 16331 I dex2oat64: Using CollectorTypeCC GC.
07-02 20:31:09.049  1864  3666 W InputManager-JNI: Input channel object 'f9e39bb Splash Screen com.example.batterymanager_utility (client)' was disposed without first being removed with the input manager!
07-02 20:31:10.133  1864  2354 D ConnectivityService: NetReassign [no changes] [c 1] [a 0] [i 3]
07-02 20:31:10.684 16331 16331 I dex2oat64: Explicit concurrent copying GC freed 88239(11MB) AllocSpace objects, 5(84KB) LOS objects, 27% free, 15MB/21MB, paused 19us,15us total 92.009ms
07-02 20:31:10.899 16331 16331 I dex2oat64: Explicit concurrent copying GC freed 41961(7495KB) AllocSpace objects, 0(0B) LOS objects, 41% free, 8512KB/14MB, paused 18us,13us total 44.384ms
07-02 20:31:11.360 16331 16331 I dex2oat64: dex2oat took 2.806s (5.760s cpu) (threads: 8) arena alloc=0B (0B) java alloc=8512KB (8716512B) native alloc=15MB (16378464B) free=4037KB (4134704B)
07-02 20:31:11.474 16306 16306 D app_process: Time zone APEX ICU file found: /apex/com.android.tzdata/etc/icu/icu_tzdata.dat
07-02 20:31:11.474 16306 16306 D app_process: I18n APEX ICU file found: /apex/com.android.i18n/etc/icu/icudt68l.dat
07-02 20:31:11.517 16306 16306 D ProcessState: Binder ioctl to enable oneway spam detection failed: Invalid argument
07-02 20:31:11.517 16306 16306 D AndroidRuntime: Calling main entry com.android.commands.monkey.Monkey
07-02 20:31:11.520 16306 16306 W Monkey  : args: [-p, e.www.gpstest, 1]
07-02 20:31:11.520 16306 16306 W Monkey  :  arg: "-p"
07-02 20:31:11.520 16306 16306 W Monkey  :  arg: "e.www.gpstest"
07-02 20:31:11.520 16306 16306 W Monkey  :  arg: "1"
07-02 20:31:11.520 16306 16306 W Monkey  : data="e.www.gpstest"
07-02 20:31:11.577  1864  2005 W BroadcastQueue: Skipping deliver [background] BroadcastRecord{6affd6 u-1 android.net.conn.CONNECTIVITY_CHANGE} to ReceiverList{d065257 16306 (unknown name)/2000/u-1 remote:4140398}: process gone or crashing
07-02 20:31:11.588  1864  3666 I ActivityTaskManager: START u0 {act=android.intent.action.MAIN cat=[android.intent.category.LAUNCHER] flg=0x10200000 cmp=e.www.gpstest/.MainActivity} from uid 2000
07-02 20:31:11.590  1864  3666 W ActivityTaskManager: Can't find TaskDisplayArea to determine support for multi window. Task id=164 attached=false
07-02 20:31:11.594  1864  3666 D CompatibilityChangeReporter: Compat change id reported: 174042980; UID 10286; state: DISABLED
07-02 20:31:11.594  1864  3666 D CompatibilityChangeReporter: Compat change id reported: 184838306; UID 10286; state: DISABLED
07-02 20:31:11.594  1864  3666 D CompatibilityChangeReporter: Compat change id reported: 185004937; UID 10286; state: DISABLED
07-02 20:31:11.595  1864  3666 D CompatibilityChangeReporter: Compat change id reported: 181136395; UID 10286; state: DISABLED
07-02 20:31:11.595  1864  3666 D CompatibilityChangeReporter: Compat change id reported: 174042936; UID 10286; state: DISABLED
07-02 20:31:11.598  1864  3666 D CompatibilityChangeReporter: Compat change id reported: 168419799; UID 10286; state: DISABLED
07-02 20:31:11.601 16306 16306 I Monkey  : Events injected: 1
07-02 20:31:11.615  1864  1993 W ActivityManager: ProcessRecord{b04c429 0:e.www.gpstest/u0a286}: ART verification disabled
07-02 20:31:11.615  1864  1993 D CompatibilityChangeReporter: Compat change id reported: 135634846; UID 10286; state: DISABLED
07-02 20:31:11.616  1864  1993 D CompatibilityChangeReporter: Compat change id reported: 177438394; UID 10286; state: DISABLED
07-02 20:31:11.616  1864  1993 D CompatibilityChangeReporter: Compat change id reported: 135772972; UID 10286; state: DISABLED
07-02 20:31:11.616  1864  1993 D CompatibilityChangeReporter: Compat change id reported: 135754954; UID 10286; state: DISABLED
07-02 20:31:11.616  1864  2006 D CompatibilityChangeReporter: Compat change id reported: 143937733; UID 10286; state: DISABLED
07-02 20:31:11.616 16306 16306 I Monkey  : ## Network stats: elapsed time=24ms (0ms mobile, 0ms wifi, 24ms not connected)
07-02 20:31:11.617 16306 16306 I app_process: System.exit called, status: 0
07-02 20:31:11.617 16306 16306 I AndroidRuntime: VM exiting with result code 0.
07-02 20:31:11.625  1232  1232 D Zygote  : Forked child process 16369
07-02 20:31:11.625  1864  2006 I ActivityManager: Start proc 16369:e.www.gpstest/u0a286 for pre-top-activity {e.www.gpstest/e.www.gpstest.MainActivity}
07-02 20:31:11.629  2549  2889 W OpenGLRenderer: Surface doesn't have any previously queued frames, nothing to readback from
07-02 20:31:11.633  2549  2549 I WallpaperService: engine resumed
07-02 20:31:11.634  2549  2889 W OpenGLRenderer: Surface doesn't have any previously queued frames, nothing to readback from
07-02 20:31:11.634 16369 16369 I e.www.gpstest: Late-enabling -Xcheck:jni
07-02 20:31:11.663 16369 16369 I e.www.gpstest: Using CollectorTypeCC GC.
07-02 20:31:11.667 17171 17179 I adbd    : jdwp connection from 16369
07-02 20:31:11.669 16369 16369 D ProcessState: Binder ioctl to enable oneway spam detection failed: Invalid argument
07-02 20:31:11.678 16369 16369 D CompatibilityChangeReporter: Compat change id reported: 171979766; UID 10286; state: DISABLED
07-02 20:31:11.683 16369 16369 D ApplicationLoaders: Returning zygote-cached class loader: /system/framework/android.test.base.jar
07-02 20:31:11.684 16369 16369 W ziparchive: Unable to open '/data/app/~~dom905pOAmpTzc0Pz4mMig==/e.www.gpstest-nsoPocqz5FQ1PfyZMnJUuQ==/base.dm': No such file or directory
07-02 20:31:11.684 16369 16369 W ziparchive: Unable to open '/data/app/~~dom905pOAmpTzc0Pz4mMig==/e.www.gpstest-nsoPocqz5FQ1PfyZMnJUuQ==/base.dm': No such file or directory
07-02 20:31:11.714 16369 16369 D nativeloader: Configuring classloader-namespace for other apk /data/app/~~dom905pOAmpTzc0Pz4mMig==/e.www.gpstest-nsoPocqz5FQ1PfyZMnJUuQ==/base.apk. target_sdk_version=28, uses_libraries=, library_path=/data/app/~~dom905pOAmpTzc0Pz4mMig==/e.www.gpstest-nsoPocqz5FQ1PfyZMnJUuQ==/lib/arm64, permitted_path=/data:/mnt/expand:/data/user/0/e.www.gpstest
07-02 20:31:11.721 16369 16369 V GraphicsEnvironment: ANGLE Developer option for 'e.www.gpstest' set to: 'default'
07-02 20:31:11.722 16369 16369 V GraphicsEnvironment: App is not on the allowlist for updatable production driver.
07-02 20:31:11.723 16369 16369 D NetworkSecurityConfig: No Network Security Config specified, using platform default
07-02 20:31:11.723 16369 16369 D NetworkSecurityConfig: No Network Security Config specified, using platform default
07-02 20:31:11.750 16369 16369 W e.www.gpstest: Accessing hidden method Landroid/view/View;->computeFitSystemWindows(Landroid/graphics/Rect;Landroid/graphics/Rect;)Z (unsupported, reflection, allowed)
07-02 20:31:11.751 16369 16369 W e.www.gpstest: Accessing hidden method Landroid/view/ViewGroup;->makeOptionalFitsSystemWindows()V (unsupported, reflection, allowed)
07-02 20:31:11.775  4101  4183 I FusedLocation: stationary throttling engaged [CONTEXT service_id=6 ]
07-02 20:31:11.787  1864  1994 D CompatibilityChangeReporter: Compat change id reported: 158002302; UID 10286; state: ENABLED
07-02 20:31:11.788 16369 16387 I AdrenoGLES-0: QUALCOMM build                   : 781e7d0, I46ff5fc46f
07-02 20:31:11.788 16369 16387 I AdrenoGLES-0: Build Date                       : 12/01/20
07-02 20:31:11.788 16369 16387 I AdrenoGLES-0: OpenGL ES Shader Compiler Version: EV031.31.04.01
07-02 20:31:11.788 16369 16387 I AdrenoGLES-0: Local Branch                     : QPR1
07-02 20:31:11.788 16369 16387 I AdrenoGLES-0: Remote Branch                    : 
07-02 20:31:11.788 16369 16387 I AdrenoGLES-0: Remote Branch                    : 
07-02 20:31:11.788 16369 16387 I AdrenoGLES-0: Reconstruct Branch               : 
07-02 20:31:11.788 16369 16387 I AdrenoGLES-0: Build Config                     : C P 11.0.1 AArch64
07-02 20:31:11.788 16369 16387 I AdrenoGLES-0: Driver Path                      : /vendor/lib64/egl/libGLESv2_adreno.so
07-02 20:31:11.791 16369 16387 I AdrenoGLES-0: PFP: 0x016ee190, ME: 0x00000000
07-02 20:31:11.792 16369 16387 W AdrenoUtils: <ReadGpuID_from_sysfs:197>: Failed to open /sys/class/kgsl/kgsl-3d0/gpu_model
07-02 20:31:11.792 16369 16387 W AdrenoUtils: <ReadGpuID:221>: Failed to read chip ID from gpu_model. Fallback to use the GSL path
07-02 20:31:11.798   740   740 I SDM     : HWCDisplay::GetColorModeCount: Supported color mode count = 5
07-02 20:31:11.798   738  2421 E HWComposer: getSupportedContentTypes: getSupportedContentTypes failed for display 0: Unsupported (8)
07-02 20:31:11.799 16369 16387 D hw-ProcessState: Binder ioctl to enable oneway spam detection failed: Invalid argument
07-02 20:31:11.799   693   693 I hwservicemanager: getTransport: Cannot find entry android.hardware.graphics.mapper@4.0::IMapper/default in either framework or device VINTF manifest.
07-02 20:31:11.799 16369 16391 I Gralloc4: mapper 4.x is not supported
07-02 20:31:11.800   693   693 I hwservicemanager: getTransport: Cannot find entry android.hardware.graphics.mapper@3.0::IMapper/default in either framework or device VINTF manifest.
07-02 20:31:11.800 16369 16391 W Gralloc3: mapper 3.x is not supported
07-02 20:31:11.801   693   693 I hwservicemanager: getTransport: Cannot find entry android.hardware.graphics.allocator@4.0::IAllocator/default in either framework or device VINTF manifest.
07-02 20:31:11.801 16369 16391 W Gralloc4: allocator 4.x is not supported
07-02 20:31:11.801   693   693 I hwservicemanager: getTransport: Cannot find entry android.hardware.graphics.allocator@3.0::IAllocator/default in either framework or device VINTF manifest.
07-02 20:31:11.801 16369 16391 W Gralloc3: allocator 3.x is not supported
07-02 20:31:11.812  1864  1990 W ziparchive: Unable to open '/data/app/~~dom905pOAmpTzc0Pz4mMig==/e.www.gpstest-nsoPocqz5FQ1PfyZMnJUuQ==/base.dm': No such file or directory
07-02 20:31:11.813  1864  1990 I ActivityTaskManager: Displayed e.www.gpstest/.MainActivity: +223ms
07-02 20:31:11.820  4337  4337 I GoogleInputMethodService: GoogleInputMethodService.onFinishInput():3306 
07-02 20:31:11.820  4337  4337 I GoogleInputMethodService: GoogleInputMethodService.updateDeviceLockedStatus():2127 repeatCheckTimes = 0, locked = false
07-02 20:31:11.820  4337  4337 I GoogleInputMethodService: GoogleInputMethodService.onStartInput():1909 onStartInput(EditorInfo{inputType=0x0(NULL) imeOptions=0x0 privateImeOptions=null actionName=UNSPECIFIED actionLabel=null actionId=0 initialSelStart=-1 initialSelEnd=-1 initialCapsMode=0x0 hintText=null label=null packageName=e.www.gpstest fieldId=-1 fieldName=null extras=null hintLocales=[]}, false)
07-02 20:31:11.820  4337  4337 I GoogleInputMethodService: GoogleInputMethodService.shouldHideHeaderOnInitialState():1990 ShouldHideHeaderOnInitialState = false
07-02 20:31:11.821  4337  4337 I GoogleInputMethodService: GoogleInputMethodService.updateDeviceLockedStatus():2127 repeatCheckTimes = 1, locked = false
07-02 20:31:12.105  1864  6246 W InputManager-JNI: Input channel object '6b3bcf3 Splash Screen e.www.gpstest (client)' was disposed without first being removed with the input manager!
07-02 20:31:12.242  2549  2549 I WallpaperService: engine paused
07-02 20:31:12.769 16398 16398 D ProcessState: Binder ioctl to enable oneway spam detection failed: Invalid argument
07-02 20:31:13.149  1864  2354 D ConnectivityService: NetReassign [no changes] [c 1] [a 0] [i 3]
07-02 20:31:13.193 16414 16414 D ProcessState: Binder ioctl to enable oneway spam detection failed: Invalid argument
07-02 20:31:13.198  1864  6246 I ActivityManager: Background started FGS: Allowed [callingPackage: com.android.shell; callingUid: 2000; uidState: NONE; intent: Intent { cmp=com.example.batterymanager_utility/.DataCollectionService (has extras) }; code:SYSTEM_UID; tempAllowListReason:<,reasonCode:SYSTEM_ALLOW_LISTED,duration:9223372036854775807,callingUid:-1>; targetSdkVersion:33; callerTargetSdkVersion:-1; startForegroundCount:0; bindFromPackage:null]
07-02 20:31:13.208 16305 16305 I BatteryMgr:DataCollectionService: onStartCommand: begin
07-02 20:31:13.208 16305 16305 I BatteryMgr:DataCollectionService: onStartCommand: sampleRate => 1000
07-02 20:31:13.208 16305 16305 I BatteryMgr:DataCollectionService: onStartCommand: rawFields => Timestamp,BATTERY_PROPERTY_CURRENT_NOW,EXTRA_VOLTAGE
07-02 20:31:13.209 16305 16305 I BatteryMgr:DataCollectionService: onStartCommand: notification done
07-02 20:31:13.212 16305 16305 I BatteryMgr:DataCollectionService: started foreground
07-02 20:31:13.220 16305 16417 I BatteryMgr:DataCollectionService: collectData: begin
07-02 20:31:13.224 16305 16417 I BatteryMgr:DataCollectionService: stats => 1688322673224,172812,4187
07-02 20:31:14.250 16305 16417 I BatteryMgr:DataCollectionService: stats => 1688322674249,95625,4187
07-02 20:31:14.631 16305 16425 D ProfileInstaller: Installing profile for com.example.batterymanager_utility
07-02 20:31:15.268 16305 16417 I BatteryMgr:DataCollectionService: stats => 1688322675268,72812,4187
07-02 20:31:16.199  1864  2354 D ConnectivityService: NetReassign [no changes] [c 0] [a 1] [i 4]
07-02 20:31:16.284 16305 16417 I BatteryMgr:DataCollectionService: stats => 1688322676283,77187,4187
07-02 20:31:17.308 16305 16417 I BatteryMgr:DataCollectionService: stats => 1688322677308,105625,4187
07-02 20:31:18.338 16305 16417 I BatteryMgr:DataCollectionService: stats => 1688322678337,102187,4187
07-02 20:31:19.222  1864  2354 D ConnectivityService: NetReassign [no changes] [c 1] [a 0] [i 3]
07-02 20:31:19.368 16305 16417 I BatteryMgr:DataCollectionService: stats => 1688322679367,115000,4187
07-02 20:31:20.387 16305 16417 I BatteryMgr:DataCollectionService: stats => 1688322680386,170937,4187
07-02 20:31:21.401 16305 16417 I BatteryMgr:DataCollectionService: stats => 1688322681401,167187,4187
07-02 20:31:22.259  1864  2354 D ConnectivityService: NetReassign [no changes] [c 0] [a 1] [i 3]
07-02 20:31:22.411 16305 16417 I BatteryMgr:DataCollectionService: stats => 1688322682411,179062,4187
07-02 20:31:23.430 16305 16417 I BatteryMgr:DataCollectionService: stats => 1688322683430,88437,4187
07-02 20:31:23.444  1864  1864 W NotificationHistory: Attempted to add notif for locked/gone/disabled user 0
07-02 20:31:23.450  3568  4435 W AiAiEcho: SmartspaceNotificationPredictor no parser can handle this notification or notification is invalid
07-02 20:31:23.459  1490 13637 D NuPlayerDriver: NuPlayerDriver(0xebf41690) created, clientPid(2439)
07-02 20:31:23.459  2439  2439 D InterruptionStateProvider: No bubble up: not allowed to bubble: 0|com.example.batterymanager_utility|1|null|10232
07-02 20:31:23.460  2439  2439 D InterruptionStateProvider: No heads up: unimportant notification: 0|com.example.batterymanager_utility|1|null|10232
07-02 20:31:23.460  2439  2485 D PeopleSpaceWidgetMgr: Sbn doesn't contain valid PeopleTileKey: null/0/com.example.batterymanager_utility
07-02 20:31:23.472  1490 16430 D GenericSource: FileSource remote
07-02 20:31:23.485  1864  6246 I MediaFocusControl: requestAudioFocus() from uid/pid 10195/2439 AA=USAGE_NOTIFICATION/CONTENT_TYPE_SONIFICATION clientId=android.media.AudioManager@58c5200 callingPack=com.android.systemui req=3 flags=0x0 sdk=31
07-02 20:31:23.485  1864  6246 I AudioService.FadeOutManager: unfadeOutUid() uid:10195
07-02 20:31:23.867  4082  4082 D BoundBrokerSvc: onUnbind: Intent { act=com.google.android.gms.inappreach.service.START dat=chimera-action: cmp=com.google.android.gms/.chimera.GmsApiService }
07-02 20:31:23.990  1490 16429 I GenericSource: start
07-02 20:31:23.995  2439  2439 D MediaRouter: onRestoreRoute() : route=RouteInfo{ name=Phone, description=null, status=null, category=RouteCategory{ name=System types=ROUTE_TYPE_LIVE_AUDIO ROUTE_TYPE_LIVE_VIDEO  groupable=false }, supportedTypes=ROUTE_TYPE_LIVE_AUDIO ROUTE_TYPE_LIVE_VIDEO , presentationDisplay=null }
07-02 20:31:23.995  2439  2439 V MediaRouter: Selecting route: RouteInfo{ name=Phone, description=null, status=null, category=RouteCategory{ name=System types=ROUTE_TYPE_LIVE_AUDIO ROUTE_TYPE_LIVE_VIDEO  groupable=false }, supportedTypes=ROUTE_TYPE_LIVE_AUDIO ROUTE_TYPE_LIVE_VIDEO , presentationDisplay=null }
07-02 20:31:24.004  1490 16434 D CCodec  : allocate(c2.android.vorbis.decoder)
07-02 20:31:24.008  1490 16434 I CCodec  : setting up 'default' as default (vendor) store
07-02 20:31:24.009  1509 14565 V C2Store : in init
07-02 20:31:24.009  1509 14565 V C2Store : loading dll
07-02 20:31:24.015  1490 16434 I CCodec  : Created component [c2.android.vorbis.decoder]
07-02 20:31:24.016  1490 16434 D CCodecConfig: read media type: audio/vorbis
07-02 20:31:24.019  1490 16434 D ReflectedParamUpdater: extent() != 1 for single value type: algo.buffers.max-count.values
07-02 20:31:24.020  1490 16434 D ReflectedParamUpdater: extent() != 1 for single value type: output.subscribed-indices.values
07-02 20:31:24.021  1490 16434 D ReflectedParamUpdater: extent() != 1 for single value type: input.buffers.allocator-ids.values
07-02 20:31:24.021  1490 16434 D ReflectedParamUpdater: extent() != 1 for single value type: output.buffers.allocator-ids.values
07-02 20:31:24.021  1490 16434 D ReflectedParamUpdater: extent() != 1 for single value type: algo.buffers.allocator-ids.values
07-02 20:31:24.021  1490 16434 D ReflectedParamUpdater: extent() != 1 for single value type: output.buffers.pool-ids.values
07-02 20:31:24.022  1490 16434 D ReflectedParamUpdater: extent() != 1 for single value type: algo.buffers.pool-ids.values
07-02 20:31:24.026  1490 16434 I CCodecConfig: query failed after returning 7 values (BAD_INDEX)
07-02 20:31:24.026  1490 16434 D CCodecConfig: c2 config diff is Dict {
07-02 20:31:24.026  1490 16434 D CCodecConfig:   c2::u32 coded.bitrate.value = 64000
07-02 20:31:24.026  1490 16434 D CCodecConfig:   c2::u32 input.buffers.max-size.value = 32768
07-02 20:31:24.026  1490 16434 D CCodecConfig:   c2::u32 input.delay.value = 0
07-02 20:31:24.026  1490 16434 D CCodecConfig:   string input.media-type.value = "audio/vorbis"
07-02 20:31:24.026  1490 16434 D CCodecConfig:   string output.media-type.value = "audio/raw"
07-02 20:31:24.026  1490 16434 D CCodecConfig:   c2::u32 raw.channel-count.value = 1
07-02 20:31:24.026  1490 16434 D CCodecConfig:   c2::u32 raw.sample-rate.value = 48000
07-02 20:31:24.026  1490 16434 D CCodecConfig: }
07-02 20:31:24.028  1490 16434 D CCodec  : [c2.android.vorbis.decoder] buffers are bound to CCodec for this session
07-02 20:31:24.028  1490 16434 D CCodecConfig: no c2 equivalents for durationUs
07-02 20:31:24.028  1490 16434 D CCodecConfig: no c2 equivalents for csd-1
07-02 20:31:24.029  1490 16434 D CCodecConfig: no c2 equivalents for channel-mask
07-02 20:31:24.029  1490 16434 D CCodecConfig: no c2 equivalents for flags
07-02 20:31:24.030  1490 16434 D CCodecConfig: c2 config diff is   c2::u32 coded.bitrate.value = 120000
07-02 20:31:24.031  1490 16434 W Codec2Client: query -- param skipped: index = 1107298332.
07-02 20:31:24.031  1490 16434 D CCodec  : setup formats input: AMessage(what = 0x00000000) = {
07-02 20:31:24.031  1490 16434 D CCodec  :   int32_t bitrate = 120000
07-02 20:31:24.031  1490 16434 D CCodec  :   int32_t channel-count = 1
07-02 20:31:24.031  1490 16434 D CCodec  :   int32_t max-input-size = 32768
07-02 20:31:24.031  1490 16434 D CCodec  :   string mime = "audio/vorbis"
07-02 20:31:24.031  1490 16434 D CCodec  :   int32_t sample-rate = 48000
07-02 20:31:24.031  1490 16434 D CCodec  : }
07-02 20:31:24.031  1490 16434 D CCodec  : setup formats output: AMessage(what = 0x00000000) = {
07-02 20:31:24.031  1490 16434 D CCodec  :   int32_t channel-count = 1
07-02 20:31:24.031  1490 16434 D CCodec  :   string mime = "audio/raw"
07-02 20:31:24.031  1490 16434 D CCodec  :   int32_t sample-rate = 48000
07-02 20:31:24.031  1490 16434 D CCodec  :   int32_t channel-mask = 1
07-02 20:31:24.031  1490 16434 D CCodec  : }
07-02 20:31:24.031  1490 16434 I CCodecConfig: query failed after returning 7 values (BAD_INDEX)
07-02 20:31:24.031  1490 16434 I MediaCodec: MediaCodec will operate in async mode
07-02 20:31:24.031  1490 16433 D MediaCodec: keep callback message for reclaim
07-02 20:31:24.032  1490 16434 W Codec2Client: query -- param skipped: index = 1342179345.
07-02 20:31:24.032  1490 16434 W Codec2Client: query -- param skipped: index = 2415921170.
07-02 20:31:24.035  1490 16434 D CCodecBufferChannel: [c2.android.vorbis.decoder#314] Created input block pool with allocatorID 16 => poolID 101 - OK (0)
07-02 20:31:24.036  1509  2514 D BufferPoolAccessor2.0: bufferpool2 0x7163c8be78 : 0(0 size) total buffers - 0(0 size) used buffers - 89/92 (recycle/alloc) - 3/91 (fetch/transfer)
07-02 20:31:24.036  1509  2514 D BufferPoolAccessor2.0: Destruction - bufferpool2 0x7163c8be78 cached: 0/0M, 0/0% in use; allocs: 92, 97% recycled; transfers: 91, 97% unfetched
07-02 20:31:24.037  1490 13581 D BufferPoolAccessor2.0: bufferpool2 0xe7e42428 : 0(0 size) total buffers - 0(0 size) used buffers - 90/98 (recycle/alloc) - 8/188 (fetch/transfer)
07-02 20:31:24.037  1490 13581 D BufferPoolAccessor2.0: Destruction - bufferpool2 0xe7e42428 cached: 0/0M, 0/0% in use; allocs: 98, 92% recycled; transfers: 188, 96% unfetched
07-02 20:31:24.038  1490 16434 I CCodecBufferChannel: [c2.android.vorbis.decoder#314] Created output block pool with allocatorID 16 => poolID 113 - OK
07-02 20:31:24.038  1490 16434 D CCodecBufferChannel: [c2.android.vorbis.decoder#314] Configured output block pool ids 113 => OK
07-02 20:31:24.039  1509 16435 D SimpleC2Component: Using output block pool with poolID 113 => got 113 - 0
07-02 20:31:24.055  1317  3946 D AudioFlinger: Client defaulted notificationFrames to 12000 for frameCount 24000
07-02 20:31:24.057  1317  3946 D AF::TrackHandle: OpPlayAudio: track:147 usage:5 not muted
07-02 20:31:24.068  1250  1250 I EffectsFactory: EffectCreate() create_effect
07-02 20:31:24.097  1250  1362 D audio_hw_primary: out_set_parameters: enter: usecase(1: low-latency-playback) kvpairs: routing=4194304
07-02 20:31:24.103  1250  3496 D audio_route: Apply path: speaker-safe
07-02 20:31:24.103  1250  3496 D audio_hw_primary: enable_snd_device: snd_device(104: vi-feedback)
07-02 20:31:24.103  1250  3496 D audio_route: Apply path: vi-feedback
07-02 20:31:24.103  1250  3496 E audio_hw_utils: audio_extn_utils_send_app_type_cfg: Failed to derive app_type for uc type : 0x1
07-02 20:31:24.103  1250  3496 D ACDB-LOADER: ACDB -> send_audio_cal, acdb_id = 512, path = 1, app id = 0x11132, sample rate = 48000
07-02 20:31:24.103  1250  3496 D ACDB-LOADER: ACDB -> send_asm_topology
07-02 20:31:24.103  1250  3496 D ACDB-LOADER: ACDB -> ACDB_CMD_GET_AUDPROC_STREAM_TOPOLOGY_ID
07-02 20:31:24.104  1250  3496 D ACDB-LOADER: ACDB -> send_adm_topology
07-02 20:31:24.104  1250  3496 D ACDB-LOADER: ACDB -> ACDB_CMD_GET_AUDPROC_COMMON_TOPOLOGY_ID
07-02 20:31:24.104  1250  3496 D ACDB-LOADER: ACDB -> send_audtable
07-02 20:31:24.104  1250  3496 D ACDB-LOADER: ACDB -> ACDB_CMD_GET_AUDPROC_COMMON_TABLE_SIZE
07-02 20:31:24.104  1250  3496 D ACDB-LOADER: ACDB -> ACDB_CMD_GET_AUDPROC_COMMON_TABLE
07-02 20:31:24.104  1250  3496 D ACDB-LOADER: ACDB -> AUDIO_SET_AUDPROC_CAL
07-02 20:31:24.104  1250  3496 D ACDB-LOADER: ACDB -> send_audvoltable
07-02 20:31:24.104  1250  3496 D ACDB-LOADER: ACDB -> ACDB_CMD_GET_AUDPROC_VOL_STEP_TABLE_SIZE
07-02 20:31:24.104  1250  3496 D ACDB-LOADER: ACDB -> ACDB_CMD_GET_AUDPROC_GAIN_DEP_STEP_TABLE, vol index 0
07-02 20:31:24.104  1250  3496 D android.hardware.audio.service: Failed to fetch the lookup information of the device 00000200 
07-02 20:31:24.104  1250  3496 E ACDB-LOADER: Error: ACDB AudProc vol returned = -19
07-02 20:31:24.104  1250  3496 D ACDB-LOADER: ACDB -> AUDIO_SET_VOL_CAL cal type = 12
07-02 20:31:24.104  1250  3496 D ACDB-LOADER: ACDB -> ACDB_CMD_GET_AUDPROC_STREAM_TABLE_SIZE
07-02 20:31:24.104  1250  3496 D ACDB-LOADER: ACDB -> send_audstrmtable
07-02 20:31:24.104  1250  3496 D ACDB-LOADER: ACDB -> ACDB_CMD_GET_AUDPROC_STREAM_TABLE_V2
07-02 20:31:24.104  1250  3496 D ACDB-LOADER: ACDB -> audstrm_cal->cal_type.cal_data.cal_size = 16
07-02 20:31:24.104  1250  3496 D ACDB-LOADER: ACDB -> send_afe_topology
07-02 20:31:24.104  1250  3496 D ACDB-LOADER: ACDB -> ACDB_CMD_GET_AFE_TOPOLOGY_ID
07-02 20:31:24.104  1250  3496 D ACDB-LOADER: ACDB -> GET_AFE_TOPOLOGY_ID for adcd_id 512, Topology Id 10001ccc
07-02 20:31:24.104  1250  3496 D ACDB-LOADER: ACDB -> send_afe_cal
07-02 20:31:24.104  1250  3496 D ACDB-LOADER: ACDB -> ACDB_CMD_GET_AFE_COMMON_TABLE_SIZE
07-02 20:31:24.104  1250  3496 D ACDB-LOADER: ACDB -> ACDB_CMD_GET_AFE_COMMON_TABLE
07-02 20:31:24.104  1250  3496 D ACDB-LOADER: ACDB -> AUDIO_SET_AFE_CAL
07-02 20:31:24.104  1250  3496 D ACDB-LOADER: ACDB -> send_hw_delay : acdb_id = 512 path = 1
07-02 20:31:24.104  1250  3496 D ACDB-LOADER: ACDB -> ACDB_AVSYNC_INFO: ACDB_CMD_GET_DEVICE_PROPERTY
07-02 20:31:24.104  1250  3496 D audio_hw_primary: enable_audio_route: usecase(25) apply and update mixer path: spkr-vi-record vi-feedback
07-02 20:31:24.104  1250  3496 D audio_route: Apply path: spkr-vi-record vi-feedback
07-02 20:31:24.149  1250  3496 D msm8974_platform: Setting audio calibration for snd_device(4) acdb_id(514)
07-02 20:31:24.150  1250  3496 E ACDB-LOADER: [acdb_loader_adsp_set_audio_cal] active device/stream not found (result=-100) for topology 0x1000dffb and apptype 0x11130
07-02 20:31:24.150  1250  3496 E ACDB-LOADER: [acdb_loader_adsp_set_audio_cal] set parameters failed with status -100
07-02 20:31:24.150  1250  3496 D msm8974_platform: Setting audio calibration for snd_device(4) acdb_id(514)
07-02 20:31:24.151  1250  3496 D audio_hw_waves: print_state_log: send volume table -(0,0.000000,F),(1,0.000000,F),(2,0.000000,F),(3,0.000000,F),(4,0.000000,F),(5,0.000000,T)
07-02 20:31:24.151  1250  3496 D ACDB-LOADER: ACDB -> send_audio_cal, acdb_id = 514, path = 0, app id = 0x11130, sample rate = 48000
07-02 20:31:24.151  1250  3496 D ACDB-LOADER: ACDB -> send_asm_topology
07-02 20:31:24.151  1250  3496 D ACDB-LOADER: ACDB -> ACDB_CMD_GET_AUDPROC_STREAM_TOPOLOGY_ID
07-02 20:31:24.151  1250  3496 D ACDB-LOADER: ACDB -> send_adm_topology
07-02 20:31:24.151  1250  3496 D ACDB-LOADER: ACDB -> ACDB_CMD_GET_AUDPROC_COMMON_TOPOLOGY_ID
07-02 20:31:24.151  1250  3496 D ACDB-LOADER: ACDB -> send_audtable
07-02 20:31:24.151  1250  3496 D ACDB-LOADER: ACDB -> ACDB_CMD_GET_AUDPROC_COMMON_TABLE_SIZE
07-02 20:31:24.151  1250  3496 D ACDB-LOADER: ACDB -> ACDB_CMD_GET_AUDPROC_COMMON_TABLE
07-02 20:31:24.151  1250  3496 D ACDB-LOADER: ACDB -> AUDIO_SET_AUDPROC_CAL
07-02 20:31:24.151  1250  3496 D ACDB-LOADER: ACDB -> send_audvoltable
07-02 20:31:24.151  1250  3496 D ACDB-LOADER: ACDB -> ACDB_CMD_GET_AUDPROC_VOL_STEP_TABLE_SIZE
07-02 20:31:24.151  1250  3496 D ACDB-LOADER: ACDB -> ACDB_CMD_GET_AUDPROC_GAIN_DEP_STEP_TABLE, vol index 0
07-02 20:31:24.151  1250  3496 D android.hardware.audio.service: Failed to fetch the lookup information of the device 00000202 
07-02 20:31:24.151  1250  3496 E ACDB-LOADER: Error: ACDB AudProc vol returned = -19
07-02 20:31:24.151  1250  3496 D ACDB-LOADER: ACDB -> AUDIO_SET_VOL_CAL cal type = 12
07-02 20:31:24.151  1250  3496 D ACDB-LOADER: ACDB -> ACDB_CMD_GET_AUDPROC_STREAM_TABLE_SIZE
07-02 20:31:24.151  1250  3496 D ACDB-LOADER: ACDB -> send_audstrmtable
07-02 20:31:24.151  1250  3496 D ACDB-LOADER: ACDB -> ACDB_CMD_GET_AUDPROC_STREAM_TABLE_V2
07-02 20:31:24.151  1250  3496 D ACDB-LOADER: ACDB -> audstrm_cal->cal_type.cal_data.cal_size = 456
07-02 20:31:24.151  1250  3496 D ACDB-LOADER: ACDB -> send_afe_topology
07-02 20:31:24.151  1250  3496 D ACDB-LOADER: ACDB -> ACDB_CMD_GET_AFE_TOPOLOGY_ID
07-02 20:31:24.151  1250  3496 D ACDB-LOADER: ACDB -> GET_AFE_TOPOLOGY_ID for adcd_id 514, Topology Id 10000ccc
07-02 20:31:24.151  1250  3496 D ACDB-LOADER: ACDB -> send_afe_cal
07-02 20:31:24.151  1250  3496 D ACDB-LOADER: ACDB -> ACDB_CMD_GET_AFE_COMMON_TABLE_SIZE
07-02 20:31:24.151  1250  3496 D ACDB-LOADER: ACDB -> ACDB_CMD_GET_AFE_COMMON_TABLE
07-02 20:31:24.151  1250  3496 D ACDB-LOADER: ACDB -> AUDIO_SET_AFE_CAL
07-02 20:31:24.152  1250  3496 D ACDB-LOADER: ACDB -> send_hw_delay : acdb_id = 514 path = 0
07-02 20:31:24.152  1250  3496 D ACDB-LOADER: ACDB -> ACDB_AVSYNC_INFO: ACDB_CMD_GET_DEVICE_PROPERTY
07-02 20:31:24.152  1250  3496 D audio_hw_primary: enable_audio_route: usecase(1) apply and update mixer path: low-latency-playback speaker
07-02 20:31:24.152  1250  3496 D audio_route: Apply path: low-latency-playback speaker
07-02 20:31:24.216  1250  3496 D audio_hw_primary: out_write: retry previous failed cal level set
07-02 20:31:24.238  1250  1362 D audio_hw_waves: print_state_log: send volume table -(0,0.000000,F),(1,0.000000,F),(2,0.000000,F),(3,0.000000,F),(4,0.000000,F),(5,0.302643,T)
07-02 20:31:24.441 16305 16417 I BatteryMgr:DataCollectionService: stats => 1688322684441,141875,4187
07-02 20:31:25.286  1864  2354 D ConnectivityService: NetReassign [no changes] [c 1] [a 0] [i 3]
07-02 20:31:25.453 16305 16417 I BatteryMgr:DataCollectionService: stats => 1688322685453,142500,4187
07-02 20:31:25.467  1490 16434 D CCodecBufferChannel: [c2.android.vorbis.decoder#314] buffers after EOS ignored (0 us)
07-02 20:31:25.468  1490 16434 D CCodecBufferChannel: [c2.android.vorbis.decoder#314] buffers after EOS ignored (0 us)
07-02 20:31:25.469  1490 16434 D CCodecBufferChannel: [c2.android.vorbis.decoder#314] buffers after EOS ignored (0 us)
07-02 20:31:25.472  1490 16432 D AudioTrack: stop(122): called with 76269 frames delivered
07-02 20:31:25.882  1864  3666 I MediaFocusControl: abandonAudioFocus() from uid/pid 10195/2439 clientId=android.media.AudioManager@58c5200
07-02 20:31:25.883  2439 16427 V MediaPlayer: resetDrmState:  mDrmInfo=null mDrmProvisioningThread=null mPrepareDrmInProgress=false mActiveDrmScheme=false
07-02 20:31:25.883  2439 16427 V MediaPlayer: cleanDrmObj: mDrmObj=null mDrmSessionId=null
07-02 20:31:25.884  1490 13637 D NuPlayerDriver: reset(0xebf41690) at state 6
07-02 20:31:25.890  1490 16434 I hw-BpHwBinder: onLastStrongRef automatically unlinking death recipients
07-02 20:31:25.890  1509  2835 I hw-BpHwBinder: onLastStrongRef automatically unlinking death recipients
07-02 20:31:25.890  1509  2835 I hw-BpHwBinder: onLastStrongRef automatically unlinking death recipients
07-02 20:31:25.891  1509  2835 V C2Store : in ~ComponentModule
07-02 20:31:25.891  1509  2835 V C2Store : unloading dll
07-02 20:31:25.895  1490 16429 D NuPlayerDriver: notifyResetComplete(0xebf41690)
07-02 20:31:25.895  1490 13637 W AMessage: failed to post message as target looper for handler 0 is gone.
07-02 20:31:25.901  1250  1362 D audio_hw_waves: print_state_log: send volume table -(0,0.000000,F),(1,0.000000,F),(2,0.000000,F),(3,0.000000,F),(4,0.000000,F),(5,0.000000,F)
07-02 20:31:26.466 16305 16417 I BatteryMgr:DataCollectionService: stats => 1688322686466,134375,4187
07-02 20:31:27.476 16305 16417 I BatteryMgr:DataCollectionService: stats => 1688322687476,177500,4187
07-02 20:31:28.311  1864  2354 D ConnectivityService: NetReassign [no changes] [c 1] [a 0] [i 2]
07-02 20:31:28.487 16305 16417 I BatteryMgr:DataCollectionService: stats => 1688322688487,192812,4187
07-02 20:31:28.882  1250  1362 D audio_hw_primary: disable_audio_route: usecase(1) reset and update mixer path: low-latency-playback speaker
07-02 20:31:28.885  1250  1362 I audio_hw_cirrus_playback: audio_extn_spkr_prot_stop_processing: pcm_tx_close
07-02 20:31:28.898  1250  1362 D audio_hw_primary: disable_audio_route: usecase(25) reset and update mixer path: spkr-vi-record vi-feedback
07-02 20:31:28.898  1250  1362 D audio_hw_primary: disable_snd_device: snd_device(104: vi-feedback)
07-02 20:31:29.043  1509  2465 D BufferPoolAccessor2.0: evictor expired: 1, evicted: 0
07-02 20:31:29.043  1490 13610 D BufferPoolAccessor2.0: evictor expired: 1, evicted: 0
07-02 20:31:29.501 16305 16417 I BatteryMgr:DataCollectionService: stats => 1688322689501,107500,4187
07-02 20:31:30.528 16305 16417 I BatteryMgr:DataCollectionService: stats => 1688322690527,348437,4187
07-02 20:31:31.060  1490 13610 D BufferPoolAccessor2.0: bufferpool2 0xe7e41468 : 0(0 size) total buffers - 0(0 size) used buffers - 91/99 (recycle/alloc) - 8/188 (fetch/transfer)
07-02 20:31:31.060  1509  2465 D BufferPoolAccessor2.0: bufferpool2 0x7163c95e08 : 0(0 size) total buffers - 0(0 size) used buffers - 89/92 (recycle/alloc) - 3/91 (fetch/transfer)
07-02 20:31:31.060  1509  2465 D BufferPoolAccessor2.0: evictor expired: 1, evicted: 1
07-02 20:31:31.060  1490 13610 D BufferPoolAccessor2.0: evictor expired: 1, evicted: 1
07-02 20:31:31.358  1864  2354 D ConnectivityService: NetReassign [no changes] [c 1] [a 0] [i 4]
07-02 20:31:31.488  1864  1881 I system_server: Background young concurrent copying GC freed 1186165(33MB) AllocSpace objects, 77(1924KB) LOS objects, 42% free, 46MB/81MB, paused 363us,219us total 133.969ms
07-02 20:31:31.520  1864  1883 W System  : A resource failed to call release. 
07-02 20:31:31.521  1864  1883 W System  : A resource failed to call release. 
07-02 20:31:31.525  1864  1883 W System  : A resource failed to call close. 
07-02 20:31:31.525  1864  1883 W System  : A resource failed to call release. 
07-02 20:31:31.526  1864  1883 W System  : A resource failed to call release. 
07-02 20:31:31.527  1864  1883 W System  : A resource failed to call close. 
07-02 20:31:31.528  1864  1883 W System  : A resource failed to call release. 
07-02 20:31:31.528  1864  1883 W System  : A resource failed to call release. 
07-02 20:31:31.534 16305 16417 I BatteryMgr:DataCollectionService: stats => 1688322691534,260312,4187
07-02 20:31:32.551 16305 16417 I BatteryMgr:DataCollectionService: stats => 1688322692551,160000,4187
