07-02 21:27:49.796  3568  3933 I AiAiEcho: #postPredictionTargets: Sending updates to UISurface lockscreen with targets# 1 (types=[1])
07-02 21:27:49.797  3568  3933 I AiAiEcho: #postPredictionTargets: Sending updates to UISurface media_data_manager with targets# 0 (types=[])
07-02 21:27:49.798  3568  3933 I AiAiEcho: #postPredictionTargets: Sending updates to UISurface home with targets# 1 (types=[1])
07-02 21:27:49.804  2792  2792 W BcSmartspaceCard: No title view to update
07-02 21:27:49.804  2439  2439 W BcSmartspaceCard: No title view to update
07-02 21:27:49.806  2439  2439 W PageIndicator: Current dot index invalid. Cannot set current page offset.
07-02 21:27:49.806  2792  2792 W PageIndicator: Current dot index invalid. Cannot set current page offset.
07-02 21:27:49.806  2439  2439 W PageIndicator: Current dot index invalid. Cannot set current page offset.
07-02 21:27:49.806  2792  2792 W PageIndicator: Current dot index invalid. Cannot set current page offset.
07-02 21:27:49.806  2792  2792 W PageIndicator: Current dot index invalid. Cannot set current page offset.
07-02 21:27:50.785 22056 22156 I BatteryMgr:DataCollectionService: stats => 1688326070784,164375,4108
07-02 21:27:50.935  4101 18699 I AlarmManager: setExactAndAllowWhileIdle [name: GCM_HB_ALARM type: 2 triggerAtMillis: 27238637]
07-02 21:27:50.958  6363  6363 I GnpSdk  : (REDACTED) Intent received for action [%s] package [%s].
07-02 21:27:50.958  6363  6363 I GnpSdk  : Phenotype initialization called.
07-02 21:27:50.959  6363  6363 I GnpSdk  : (REDACTED) Validation OK for action [%s].
07-02 21:27:50.960  6363  6363 I GnpSdk  : (REDACTED) Submitting Broadcast execution [%d] to tiktok executor.
07-02 21:27:50.960  6363 22168 I GnpSdk  : (REDACTED) Executing action in BroadcastReceiver [%s].
07-02 21:27:50.998  4101  4101 D BoundBrokerSvc: onBind: Intent { act=com.google.android.gms.auth.account.workaccount.START dat=chimera-action: cmp=com.google.android.gms/.chimera.PersistentApiService }
07-02 21:27:50.998  4101  4101 D BoundBrokerSvc: Loading bound service for intent: Intent { act=com.google.android.gms.auth.account.workaccount.START dat=chimera-action: cmp=com.google.android.gms/.chimera.PersistentApiService }
07-02 21:27:51.000  6363 22167 I A       : Chime Filter is invoked.
07-02 21:27:51.030  6363  6478 I A       : (REDACTED) GMSCore Auth returned %d accounts.
07-02 21:27:51.030  6363  6478 I A       : (REDACTED) GoogleOwnersProvider returned %d accounts.
07-02 21:27:51.041  6363 22167 I A       : Notification was not filtered.
07-02 21:27:51.063  6363 22168 I GnpSdk  : (REDACTED) Finished Broadcast execution [%d].
07-02 21:27:51.067  6363  6363 W PCP.GcmUtils: GCM push is empty or missing raw_data_key.
07-02 21:27:51.067  6363  6363 I NotificationFullFlow: Step 1: GcmBroadcastReceiver:onReceive
07-02 21:27:51.067  6363  6363 I GcmBroadcastReceiver: #processIntentDefault
07-02 21:27:51.069  4101  4101 W GCM     : broadcast intent callback: result=CANCELLED forIntent { act=com.google.android.c2dm.intent.RECEIVE pkg=com.google.android.googlequicksearchbox (has extras) }
07-02 21:27:51.804 22056 22156 I BatteryMgr:DataCollectionService: stats => 1688326071804,283437,4108
07-02 21:27:52.392  1864  2354 D ConnectivityService: NetReassign [no changes] [c 0] [a 0] [i 3]
07-02 21:27:52.822 22056 22156 I BatteryMgr:DataCollectionService: stats => 1688326072822,114375,4108
07-02 21:27:53.836 22056 22156 I BatteryMgr:DataCollectionService: stats => 1688326073836,142812,4108
07-02 21:27:54.862 22056 22156 I BatteryMgr:DataCollectionService: stats => 1688326074862,194375,4108
07-02 21:27:54.878  1864  1864 W NotificationHistory: Attempted to add notif for locked/gone/disabled user 0
07-02 21:27:54.882  3568  4435 W AiAiEcho: SmartspaceNotificationPredictor no parser can handle this notification or notification is invalid
07-02 21:27:54.892  2439  2439 D InterruptionStateProvider: No bubble up: not allowed to bubble: 0|com.example.batterymanager_utility|1|null|10232
07-02 21:27:54.892  2439  2439 D InterruptionStateProvider: No heads up: unimportant notification: 0|com.example.batterymanager_utility|1|null|10232
07-02 21:27:54.893  2439  2485 D PeopleSpaceWidgetMgr: Sbn doesn't contain valid PeopleTileKey: null/0/com.example.batterymanager_utility
07-02 21:27:54.897  1490  2506 D NuPlayerDriver: NuPlayerDriver(0xebf421d0) created, clientPid(2439)
07-02 21:27:54.908  1490 22184 D GenericSource: FileSource remote
07-02 21:27:54.922  1864  6246 I MediaFocusControl: requestAudioFocus() from uid/pid 10195/2439 AA=USAGE_NOTIFICATION/CONTENT_TYPE_SONIFICATION clientId=android.media.AudioManager@15a5675 callingPack=com.android.systemui req=3 flags=0x0 sdk=31
07-02 21:27:54.923  1864  6246 I AudioService.FadeOutManager: unfadeOutUid() uid:10195
07-02 21:27:55.028  6363  6384 W earchbox:searc: Suspending all threads took: 7.585ms
07-02 21:27:55.348  4082  4082 D BoundBrokerSvc: onUnbind: Intent { act=com.google.android.gms.inappreach.service.START dat=chimera-action: cmp=com.google.android.gms/.chimera.GmsApiService }
07-02 21:27:55.421  1864  2354 D ConnectivityService: NetReassign [no changes] [c 0] [a 0] [i 3]
07-02 21:27:55.425  1490 22183 I GenericSource: start
07-02 21:27:55.427  2439  2439 D MediaRouter: onRestoreRoute() : route=RouteInfo{ name=Phone, description=null, status=null, category=RouteCategory{ name=System types=ROUTE_TYPE_LIVE_AUDIO ROUTE_TYPE_LIVE_VIDEO  groupable=false }, supportedTypes=ROUTE_TYPE_LIVE_AUDIO ROUTE_TYPE_LIVE_VIDEO , presentationDisplay=null }
07-02 21:27:55.427  2439  2439 V MediaRouter: Selecting route: RouteInfo{ name=Phone, description=null, status=null, category=RouteCategory{ name=System types=ROUTE_TYPE_LIVE_AUDIO ROUTE_TYPE_LIVE_VIDEO  groupable=false }, supportedTypes=ROUTE_TYPE_LIVE_AUDIO ROUTE_TYPE_LIVE_VIDEO , presentationDisplay=null }
07-02 21:27:55.434  1490 22188 D CCodec  : allocate(c2.android.vorbis.decoder)
07-02 21:27:55.438  1490 22188 I CCodec  : setting up 'default' as default (vendor) store
07-02 21:27:55.438  1509  2515 V C2Store : in init
07-02 21:27:55.439  1509  2515 V C2Store : loading dll
07-02 21:27:55.444  1490 22188 I CCodec  : Created component [c2.android.vorbis.decoder]
07-02 21:27:55.445  1490 22188 D CCodecConfig: read media type: audio/vorbis
07-02 21:27:55.448  1490 22188 D ReflectedParamUpdater: extent() != 1 for single value type: algo.buffers.max-count.values
07-02 21:27:55.449  1490 22188 D ReflectedParamUpdater: extent() != 1 for single value type: output.subscribed-indices.values
07-02 21:27:55.450  1490 22188 D ReflectedParamUpdater: extent() != 1 for single value type: input.buffers.allocator-ids.values
07-02 21:27:55.450  1490 22188 D ReflectedParamUpdater: extent() != 1 for single value type: output.buffers.allocator-ids.values
07-02 21:27:55.450  1490 22188 D ReflectedParamUpdater: extent() != 1 for single value type: algo.buffers.allocator-ids.values
07-02 21:27:55.450  1490 22188 D ReflectedParamUpdater: extent() != 1 for single value type: output.buffers.pool-ids.values
07-02 21:27:55.450  1490 22188 D ReflectedParamUpdater: extent() != 1 for single value type: algo.buffers.pool-ids.values
07-02 21:27:55.454  1490 22188 I CCodecConfig: query failed after returning 7 values (BAD_INDEX)
07-02 21:27:55.454  1490 22188 D CCodecConfig: c2 config diff is Dict {
07-02 21:27:55.454  1490 22188 D CCodecConfig:   c2::u32 coded.bitrate.value = 64000
07-02 21:27:55.454  1490 22188 D CCodecConfig:   c2::u32 input.buffers.max-size.value = 32768
07-02 21:27:55.454  1490 22188 D CCodecConfig:   c2::u32 input.delay.value = 0
07-02 21:27:55.454  1490 22188 D CCodecConfig:   string input.media-type.value = "audio/vorbis"
07-02 21:27:55.454  1490 22188 D CCodecConfig:   string output.media-type.value = "audio/raw"
07-02 21:27:55.454  1490 22188 D CCodecConfig:   c2::u32 raw.channel-count.value = 1
07-02 21:27:55.454  1490 22188 D CCodecConfig:   c2::u32 raw.sample-rate.value = 48000
07-02 21:27:55.454  1490 22188 D CCodecConfig: }
07-02 21:27:55.456  1490 22188 D CCodec  : [c2.android.vorbis.decoder] buffers are bound to CCodec for this session
07-02 21:27:55.456  1490 22188 D CCodecConfig: no c2 equivalents for durationUs
07-02 21:27:55.457  1490 22188 D CCodecConfig: no c2 equivalents for csd-1
07-02 21:27:55.457  1490 22188 D CCodecConfig: no c2 equivalents for channel-mask
07-02 21:27:55.457  1490 22188 D CCodecConfig: no c2 equivalents for flags
07-02 21:27:55.457  1490 22188 D CCodecConfig: c2 config diff is   c2::u32 coded.bitrate.value = 120000
07-02 21:27:55.458  1490 22188 W Codec2Client: query -- param skipped: index = 1107298332.
07-02 21:27:55.459  1490 22188 D CCodec  : setup formats input: AMessage(what = 0x00000000) = {
07-02 21:27:55.459  1490 22188 D CCodec  :   int32_t bitrate = 120000
07-02 21:27:55.459  1490 22188 D CCodec  :   int32_t channel-count = 1
07-02 21:27:55.459  1490 22188 D CCodec  :   int32_t max-input-size = 32768
07-02 21:27:55.459  1490 22188 D CCodec  :   string mime = "audio/vorbis"
07-02 21:27:55.459  1490 22188 D CCodec  :   int32_t sample-rate = 48000
07-02 21:27:55.459  1490 22188 D CCodec  : }
07-02 21:27:55.459  1490 22188 D CCodec  : setup formats output: AMessage(what = 0x00000000) = {
07-02 21:27:55.459  1490 22188 D CCodec  :   int32_t channel-count = 1
07-02 21:27:55.459  1490 22188 D CCodec  :   string mime = "audio/raw"
07-02 21:27:55.459  1490 22188 D CCodec  :   int32_t sample-rate = 48000
07-02 21:27:55.459  1490 22188 D CCodec  :   int32_t channel-mask = 1
07-02 21:27:55.459  1490 22188 D CCodec  : }
07-02 21:27:55.459  1490 22188 I CCodecConfig: query failed after returning 7 values (BAD_INDEX)
07-02 21:27:55.460  1490 22188 I MediaCodec: MediaCodec will operate in async mode
07-02 21:27:55.460  1490 22187 D MediaCodec: keep callback message for reclaim
07-02 21:27:55.460  1490 22188 W Codec2Client: query -- param skipped: index = 1342179345.
07-02 21:27:55.460  1490 22188 W Codec2Client: query -- param skipped: index = 2415921170.
07-02 21:27:55.463  1490 22188 D CCodecBufferChannel: [c2.android.vorbis.decoder#137] Created input block pool with allocatorID 16 => poolID 126 - OK (0)
07-02 21:27:55.463  1509  2835 D BufferPoolAccessor2.0: bufferpool2 0x7163c8ae48 : 0(0 size) total buffers - 0(0 size) used buffers - 89/92 (recycle/alloc) - 3/91 (fetch/transfer)
07-02 21:27:55.463  1509  2835 D BufferPoolAccessor2.0: Destruction - bufferpool2 0x7163c8ae48 cached: 0/0M, 0/0% in use; allocs: 92, 97% recycled; transfers: 91, 97% unfetched
07-02 21:27:55.466  1490 16004 D BufferPoolAccessor2.0: bufferpool2 0xe7e41468 : 0(0 size) total buffers - 0(0 size) used buffers - 90/98 (recycle/alloc) - 8/188 (fetch/transfer)
07-02 21:27:55.466  1490 16004 D BufferPoolAccessor2.0: Destruction - bufferpool2 0xe7e41468 cached: 0/0M, 0/0% in use; allocs: 98, 92% recycled; transfers: 188, 96% unfetched
07-02 21:27:55.466  1490 22188 I CCodecBufferChannel: [c2.android.vorbis.decoder#137] Created output block pool with allocatorID 16 => poolID 138 - OK
07-02 21:27:55.467  1490 22188 D CCodecBufferChannel: [c2.android.vorbis.decoder#137] Configured output block pool ids 138 => OK
07-02 21:27:55.470  1509 22189 D SimpleC2Component: Using output block pool with poolID 138 => got 138 - 0
07-02 21:27:55.489  1317  1599 D AudioFlinger: Client defaulted notificationFrames to 12000 for frameCount 24000
07-02 21:27:55.491  1317  1599 D AF::TrackHandle: OpPlayAudio: track:172 usage:5 not muted
07-02 21:27:55.501  1250 21108 I EffectsFactory: EffectCreate() create_effect
07-02 21:27:55.530  1250 21108 D audio_hw_primary: out_set_parameters: enter: usecase(1: low-latency-playback) kvpairs: routing=4194304
07-02 21:27:55.535  1250  3496 D audio_route: Apply path: speaker-safe
07-02 21:27:55.536  1250  3496 D audio_hw_primary: enable_snd_device: snd_device(104: vi-feedback)
07-02 21:27:55.536  1250  3496 D audio_route: Apply path: vi-feedback
07-02 21:27:55.536  1250  3496 E audio_hw_utils: audio_extn_utils_send_app_type_cfg: Failed to derive app_type for uc type : 0x1
07-02 21:27:55.536  1250  3496 D ACDB-LOADER: ACDB -> send_audio_cal, acdb_id = 512, path = 1, app id = 0x11132, sample rate = 48000
07-02 21:27:55.536  1250  3496 D ACDB-LOADER: ACDB -> send_asm_topology
07-02 21:27:55.536  1250  3496 D ACDB-LOADER: ACDB -> ACDB_CMD_GET_AUDPROC_STREAM_TOPOLOGY_ID
07-02 21:27:55.536  1250  3496 D ACDB-LOADER: ACDB -> send_adm_topology
07-02 21:27:55.536  1250  3496 D ACDB-LOADER: ACDB -> ACDB_CMD_GET_AUDPROC_COMMON_TOPOLOGY_ID
07-02 21:27:55.536  1250  3496 D ACDB-LOADER: ACDB -> send_audtable
07-02 21:27:55.536  1250  3496 D ACDB-LOADER: ACDB -> ACDB_CMD_GET_AUDPROC_COMMON_TABLE_SIZE
07-02 21:27:55.536  1250  3496 D ACDB-LOADER: ACDB -> ACDB_CMD_GET_AUDPROC_COMMON_TABLE
07-02 21:27:55.536  1250  3496 D ACDB-LOADER: ACDB -> AUDIO_SET_AUDPROC_CAL
07-02 21:27:55.536  1250  3496 D ACDB-LOADER: ACDB -> send_audvoltable
07-02 21:27:55.536  1250  3496 D ACDB-LOADER: ACDB -> ACDB_CMD_GET_AUDPROC_VOL_STEP_TABLE_SIZE
07-02 21:27:55.536  1250  3496 D ACDB-LOADER: ACDB -> ACDB_CMD_GET_AUDPROC_GAIN_DEP_STEP_TABLE, vol index 0
07-02 21:27:55.536  1250  3496 D android.hardware.audio.service: Failed to fetch the lookup information of the device 00000200 
07-02 21:27:55.536  1250  3496 E ACDB-LOADER: Error: ACDB AudProc vol returned = -19
07-02 21:27:55.536  1250  3496 D ACDB-LOADER: ACDB -> AUDIO_SET_VOL_CAL cal type = 12
07-02 21:27:55.536  1250  3496 D ACDB-LOADER: ACDB -> ACDB_CMD_GET_AUDPROC_STREAM_TABLE_SIZE
07-02 21:27:55.536  1250  3496 D ACDB-LOADER: ACDB -> send_audstrmtable
07-02 21:27:55.537  1250  3496 D ACDB-LOADER: ACDB -> ACDB_CMD_GET_AUDPROC_STREAM_TABLE_V2
07-02 21:27:55.537  1250  3496 D ACDB-LOADER: ACDB -> audstrm_cal->cal_type.cal_data.cal_size = 16
07-02 21:27:55.537  1250  3496 D ACDB-LOADER: ACDB -> send_afe_topology
07-02 21:27:55.537  1250  3496 D ACDB-LOADER: ACDB -> ACDB_CMD_GET_AFE_TOPOLOGY_ID
07-02 21:27:55.537  1250  3496 D ACDB-LOADER: ACDB -> GET_AFE_TOPOLOGY_ID for adcd_id 512, Topology Id 10001ccc
07-02 21:27:55.537  1250  3496 D ACDB-LOADER: ACDB -> send_afe_cal
07-02 21:27:55.537  1250  3496 D ACDB-LOADER: ACDB -> ACDB_CMD_GET_AFE_COMMON_TABLE_SIZE
07-02 21:27:55.537  1250  3496 D ACDB-LOADER: ACDB -> ACDB_CMD_GET_AFE_COMMON_TABLE
07-02 21:27:55.537  1250  3496 D ACDB-LOADER: ACDB -> AUDIO_SET_AFE_CAL
07-02 21:27:55.537  1250  3496 D ACDB-LOADER: ACDB -> send_hw_delay : acdb_id = 512 path = 1
07-02 21:27:55.537  1250  3496 D ACDB-LOADER: ACDB -> ACDB_AVSYNC_INFO: ACDB_CMD_GET_DEVICE_PROPERTY
07-02 21:27:55.537  1250  3496 D audio_hw_primary: enable_audio_route: usecase(25) apply and update mixer path: spkr-vi-record vi-feedback
07-02 21:27:55.537  1250  3496 D audio_route: Apply path: spkr-vi-record vi-feedback
07-02 21:27:55.581  1250  3496 D msm8974_platform: Setting audio calibration for snd_device(4) acdb_id(514)
07-02 21:27:55.581  1250  3496 E ACDB-LOADER: [acdb_loader_adsp_set_audio_cal] active device/stream not found (result=-100) for topology 0x1000dffb and apptype 0x11130
07-02 21:27:55.581  1250  3496 E ACDB-LOADER: [acdb_loader_adsp_set_audio_cal] set parameters failed with status -100
07-02 21:27:55.581  1250  3496 D msm8974_platform: Setting audio calibration for snd_device(4) acdb_id(514)
07-02 21:27:55.582  1250  3496 D audio_hw_waves: print_state_log: send volume table -(0,0.000000,F),(1,0.000000,F),(2,0.000000,F),(3,0.000000,F),(4,0.000000,F),(5,0.000000,T)
07-02 21:27:55.582  1250  3496 D ACDB-LOADER: ACDB -> send_audio_cal, acdb_id = 514, path = 0, app id = 0x11130, sample rate = 48000
07-02 21:27:55.582  1250  3496 D ACDB-LOADER: ACDB -> send_asm_topology
07-02 21:27:55.582  1250  3496 D ACDB-LOADER: ACDB -> ACDB_CMD_GET_AUDPROC_STREAM_TOPOLOGY_ID
07-02 21:27:55.582  1250  3496 D ACDB-LOADER: ACDB -> send_adm_topology
07-02 21:27:55.582  1250  3496 D ACDB-LOADER: ACDB -> ACDB_CMD_GET_AUDPROC_COMMON_TOPOLOGY_ID
07-02 21:27:55.582  1250  3496 D ACDB-LOADER: ACDB -> send_audtable
07-02 21:27:55.582  1250  3496 D ACDB-LOADER: ACDB -> ACDB_CMD_GET_AUDPROC_COMMON_TABLE_SIZE
07-02 21:27:55.582  1250  3496 D ACDB-LOADER: ACDB -> ACDB_CMD_GET_AUDPROC_COMMON_TABLE
07-02 21:27:55.582  1250  3496 D ACDB-LOADER: ACDB -> AUDIO_SET_AUDPROC_CAL
07-02 21:27:55.582  1250  3496 D ACDB-LOADER: ACDB -> send_audvoltable
07-02 21:27:55.582  1250  3496 D ACDB-LOADER: ACDB -> ACDB_CMD_GET_AUDPROC_VOL_STEP_TABLE_SIZE
07-02 21:27:55.582  1250  3496 D ACDB-LOADER: ACDB -> ACDB_CMD_GET_AUDPROC_GAIN_DEP_STEP_TABLE, vol index 0
07-02 21:27:55.582  1250  3496 D android.hardware.audio.service: Failed to fetch the lookup information of the device 00000202 
07-02 21:27:55.582  1250  3496 E ACDB-LOADER: Error: ACDB AudProc vol returned = -19
07-02 21:27:55.582  1250  3496 D ACDB-LOADER: ACDB -> AUDIO_SET_VOL_CAL cal type = 12
07-02 21:27:55.582  1250  3496 D ACDB-LOADER: ACDB -> ACDB_CMD_GET_AUDPROC_STREAM_TABLE_SIZE
07-02 21:27:55.582  1250  3496 D ACDB-LOADER: ACDB -> send_audstrmtable
07-02 21:27:55.582  1250  3496 D ACDB-LOADER: ACDB -> ACDB_CMD_GET_AUDPROC_STREAM_TABLE_V2
07-02 21:27:55.582  1250  3496 D ACDB-LOADER: ACDB -> audstrm_cal->cal_type.cal_data.cal_size = 456
07-02 21:27:55.582  1250  3496 D ACDB-LOADER: ACDB -> send_afe_topology
07-02 21:27:55.582  1250  3496 D ACDB-LOADER: ACDB -> ACDB_CMD_GET_AFE_TOPOLOGY_ID
07-02 21:27:55.582  1250  3496 D ACDB-LOADER: ACDB -> GET_AFE_TOPOLOGY_ID for adcd_id 514, Topology Id 10000ccc
07-02 21:27:55.582  1250  3496 D ACDB-LOADER: ACDB -> send_afe_cal
07-02 21:27:55.582  1250  3496 D ACDB-LOADER: ACDB -> ACDB_CMD_GET_AFE_COMMON_TABLE_SIZE
07-02 21:27:55.582  1250  3496 D ACDB-LOADER: ACDB -> ACDB_CMD_GET_AFE_COMMON_TABLE
07-02 21:27:55.582  1250  3496 D ACDB-LOADER: ACDB -> AUDIO_SET_AFE_CAL
07-02 21:27:55.583  1250  3496 D ACDB-LOADER: ACDB -> send_hw_delay : acdb_id = 514 path = 0
07-02 21:27:55.583  1250  3496 D ACDB-LOADER: ACDB -> ACDB_AVSYNC_INFO: ACDB_CMD_GET_DEVICE_PROPERTY
07-02 21:27:55.583  1250  3496 D audio_hw_primary: enable_audio_route: usecase(1) apply and update mixer path: low-latency-playback speaker
07-02 21:27:55.583  1250  3496 D audio_route: Apply path: low-latency-playback speaker
07-02 21:27:55.643  1250  3496 D audio_hw_primary: out_write: retry previous failed cal level set
07-02 21:27:55.666  1250  2367 D audio_hw_waves: print_state_log: send volume table -(0,0.000000,F),(1,0.000000,F),(2,0.000000,F),(3,0.000000,F),(4,0.000000,F),(5,0.302643,T)
07-02 21:27:55.873 22056 22156 I BatteryMgr:DataCollectionService: stats => 1688326075873,136875,4108
07-02 21:27:56.679  1490 22188 D CCodecBufferChannel: [c2.android.vorbis.decoder#137] buffers after EOS ignored (0 us)
07-02 21:27:56.681  1490 22188 D CCodecBufferChannel: [c2.android.vorbis.decoder#137] buffers after EOS ignored (0 us)
07-02 21:27:56.886 22056 22156 I BatteryMgr:DataCollectionService: stats => 1688326076886,147500,4108
07-02 21:27:56.921  1490 22186 D AudioTrack: stop(147): called with 76269 frames delivered
07-02 21:27:57.317  1864  5068 I MediaFocusControl: abandonAudioFocus() from uid/pid 10195/2439 clientId=android.media.AudioManager@15a5675
07-02 21:27:57.318  2439 22181 V MediaPlayer: resetDrmState:  mDrmInfo=null mDrmProvisioningThread=null mPrepareDrmInProgress=false mActiveDrmScheme=false
07-02 21:27:57.318  2439 22181 V MediaPlayer: cleanDrmObj: mDrmObj=null mDrmSessionId=null
07-02 21:27:57.318  1490  1490 D NuPlayerDriver: reset(0xebf421d0) at state 6
07-02 21:27:57.325  1490 22188 I hw-BpHwBinder: onLastStrongRef automatically unlinking death recipients
07-02 21:27:57.325  1509  2835 I hw-BpHwBinder: onLastStrongRef automatically unlinking death recipients
07-02 21:27:57.325  1509  2835 I hw-BpHwBinder: onLastStrongRef automatically unlinking death recipients
07-02 21:27:57.327  1509  2835 V C2Store : in ~ComponentModule
07-02 21:27:57.327  1509  2835 V C2Store : unloading dll
07-02 21:27:57.329  1490 22183 D NuPlayerDriver: notifyResetComplete(0xebf421d0)
07-02 21:27:57.330  1490  1490 W AMessage: failed to post message as target looper for handler 0 is gone.
07-02 21:27:57.330  1250 21108 D audio_hw_waves: print_state_log: send volume table -(0,0.000000,F),(1,0.000000,F),(2,0.000000,F),(3,0.000000,F),(4,0.000000,F),(5,0.000000,F)
07-02 21:27:57.899 22056 22156 I BatteryMgr:DataCollectionService: stats => 1688326077899,163125,4108
07-02 21:27:58.439  1864  2354 D ConnectivityService: NetReassign [no changes] [c 1] [a 0] [i 4]
07-02 21:27:58.910 22056 22156 I BatteryMgr:DataCollectionService: stats => 1688326078910,147812,4108
07-02 21:27:59.919 22056 22156 I BatteryMgr:DataCollectionService: stats => 1688326079919,154375,4108
07-02 21:28:00.010  3568  3933 I AiAiEcho: Predicting[7]: { Feature:1, creation:2023-07-02T19:27:49.611Z, expiry:2023-07-02T20:00:00Z, isExpired: false}, { Feature:1, creation:2023-07-02T20:00:00Z, expiry:2023-07-02T21:00:00Z, isExpired: true}, { Feature:1, creation:2023-07-02T21:00:00Z, expiry:2023-07-02T22:00:00Z, isExpired: true}, { Feature:1, creation:2023-07-02T22:00:00Z, expiry:2023-07-02T23:00:00Z, isExpired: true}, { Feature:1, creation:2023-07-02T23:00:00Z, expiry:2023-07-03T00:00:00Z, isExpired: true}, { Feature:1, creation:2023-07-03T00:00:00Z, expiry:2023-07-03T01:00:00Z, isExpired: true}, { Feature:1, creation:2023-07-03T01:00:00Z, expiry:2023-07-03T01:27:49.611Z, isExpired: true}
07-02 21:28:00.011  3568  3933 I AiAiEcho: EchoTargets: Feature:1
07-02 21:28:00.011  3568  3933 I AiAiEcho: Filtered by AiAi flag check: 
07-02 21:28:00.012  3568  3933 I AiAiEcho: Ranked targets strategy: WEIGHTED, count: 1, ranking metadata: { cardId: WEATHER-569377242, card type: 1, update time: 2023-07-02T19:27:49.611Z, expiration time: 2023-07-02T20:00:00Z, ranking metadata: RankingMetaData(urgency=0.996, priority=0.3, recency=1.0, rankScore=0.29880002, importantTimePoints=# kwj@7bca4) }
07-02 21:28:00.014  3568  3933 I AiAiEcho: #postPredictionTargets: Sending updates to UISurface lockscreen with targets# 1 (types=[1])
07-02 21:28:00.031  2439  2439 W BcSmartspaceCard: No title view to update
07-02 21:28:00.316  1250 21108 D audio_hw_primary: disable_audio_route: usecase(1) reset and update mixer path: low-latency-playback speaker
07-02 21:28:00.319  1250 21108 I audio_hw_cirrus_playback: audio_extn_spkr_prot_stop_processing: pcm_tx_close
07-02 21:28:00.329  1250 21108 D audio_hw_primary: disable_audio_route: usecase(25) reset and update mixer path: spkr-vi-record vi-feedback
07-02 21:28:00.329  1250 21108 D audio_hw_primary: disable_snd_device: snd_device(104: vi-feedback)
07-02 21:28:00.464  1509  2465 D BufferPoolAccessor2.0: evictor expired: 1, evicted: 0
07-02 21:28:00.945 22056 22156 I BatteryMgr:DataCollectionService: stats => 1688326080945,202812,4108
07-02 21:28:01.464  1490 13610 D BufferPoolAccessor2.0: evictor expired: 1, evicted: 0
07-02 21:28:01.467  1864  2354 D ConnectivityService: NetReassign [no changes] [c 0] [a 0] [i 3]
07-02 21:28:01.956 22056 22156 I BatteryMgr:DataCollectionService: stats => 1688326081956,121875,4108
07-02 21:28:02.465  1490 13610 D BufferPoolAccessor2.0: bufferpool2 0xe7e41e88 : 0(0 size) total buffers - 0(0 size) used buffers - 90/98 (recycle/alloc) - 8/188 (fetch/transfer)
07-02 21:28:02.465  1490 13610 D BufferPoolAccessor2.0: evictor expired: 1, evicted: 1
07-02 21:28:02.465  1509  2465 D BufferPoolAccessor2.0: bufferpool2 0x7163c8ae48 : 0(0 size) total buffers - 0(0 size) used buffers - 89/92 (recycle/alloc) - 3/91 (fetch/transfer)
07-02 21:28:02.465  1509  2465 D BufferPoolAccessor2.0: evictor expired: 1, evicted: 1
07-02 21:28:02.972 22056 22156 I BatteryMgr:DataCollectionService: stats => 1688326082971,139687,4108
07-02 21:28:03.993 22056 22156 I BatteryMgr:DataCollectionService: stats => 1688326083993,98750,4108
07-02 21:28:04.506  1864  2354 D ConnectivityService: NetReassign [no changes] [c 0] [a 0] [i 4]
07-02 21:28:05.017 22056 22156 I BatteryMgr:DataCollectionService: stats => 1688326085017,84062,4108
07-02 21:28:06.004  4101  4101 D BoundBrokerSvc: onUnbind: Intent { act=com.google.android.gms.auth.account.workaccount.START dat=chimera-action: cmp=com.google.android.gms/.chimera.PersistentApiService }
07-02 21:28:06.028 22056 22156 I BatteryMgr:DataCollectionService: stats => 1688326086028,79375,4108
07-02 21:28:07.046 22056 22156 I BatteryMgr:DataCollectionService: stats => 1688326087046,194062,4108
07-02 21:28:07.525  1864  2354 D ConnectivityService: NetReassign [no changes] [c 0] [a 0] [i 4]
07-02 21:28:08.070 22056 22156 I BatteryMgr:DataCollectionService: stats => 1688326088070,92500,4108
07-02 21:28:09.098 22056 22156 I BatteryMgr:DataCollectionService: stats => 1688326089098,116250,4108
07-02 21:28:10.126 22056 22156 I BatteryMgr:DataCollectionService: stats => 1688326090125,166562,4108
07-02 21:28:10.561  1864  2354 D ConnectivityService: NetReassign [no changes] [c 0] [a 1] [i 3]
07-02 21:28:11.157 22056 22156 I BatteryMgr:DataCollectionService: stats => 1688326091157,186875,4108
07-02 21:28:12.186 22056 22156 I BatteryMgr:DataCollectionService: stats => 1688326092186,245625,4108
07-02 21:28:13.204 22056 22156 I BatteryMgr:DataCollectionService: stats => 1688326093203,102500,4108
07-02 21:28:13.614  1864  2354 D ConnectivityService: NetReassign [no changes] [c 1] [a 0] [i 4]
07-02 21:28:14.221 22056 22156 I BatteryMgr:DataCollectionService: stats => 1688326094220,105000,4108
07-02 21:28:15.246 22056 22156 I BatteryMgr:DataCollectionService: stats => 1688326095246,102187,4108
07-02 21:28:16.269 22056 22156 I BatteryMgr:DataCollectionService: stats => 1688326096269,133437,4108
07-02 21:28:16.636  1864  2354 D ConnectivityService: NetReassign [no changes] [c 1] [a 0] [i 3]
07-02 21:28:17.288 22056 22156 I BatteryMgr:DataCollectionService: stats => 1688326097288,139687,4108
07-02 21:28:18.312 22056 22156 I BatteryMgr:DataCollectionService: stats => 1688326098312,113125,4108
07-02 21:28:19.337 22056 22156 I BatteryMgr:DataCollectionService: stats => 1688326099337,88125,4108
07-02 21:28:19.663  1864  2354 D ConnectivityService: NetReassign [no changes] [c 0] [a 0] [i 4]
07-02 21:28:20.352 22056 22156 I BatteryMgr:DataCollectionService: stats => 1688326100351,83437,4108
07-02 21:28:21.376 22056 22156 I BatteryMgr:DataCollectionService: stats => 1688326101375,102187,4108
07-02 21:28:22.398 22056 22156 I BatteryMgr:DataCollectionService: stats => 1688326102398,283437,4108
07-02 21:28:22.695  1864  2354 D ConnectivityService: NetReassign [no changes] [c 0] [a 0] [i 3]
07-02 21:28:23.425 22056 22156 I BatteryMgr:DataCollectionService: stats => 1688326103425,93750,4108
07-02 21:28:24.442 22056 22156 I BatteryMgr:DataCollectionService: stats => 1688326104442,127187,4108
07-02 21:28:25.450 22056 22156 I BatteryMgr:DataCollectionService: stats => 1688326105450,121875,4108
07-02 21:28:25.715  1864  2354 D ConnectivityService: NetReassign [no changes] [c 0] [a 1] [i 3]
07-02 21:28:26.478 22056 22156 I BatteryMgr:DataCollectionService: stats => 1688326106478,77500,4108
07-02 21:28:27.498 22056 22156 I BatteryMgr:DataCollectionService: stats => 1688326107498,92812,4108
07-02 21:28:28.525 22056 22156 I BatteryMgr:DataCollectionService: stats => 1688326108524,190937,4108
07-02 21:28:28.755  1864  2354 D ConnectivityService: NetReassign [no changes] [c 1] [a 0] [i 3]
07-02 21:28:29.551 22056 22156 I BatteryMgr:DataCollectionService: stats => 1688326109551,158125,4108
07-02 21:28:30.569 22056 22156 I BatteryMgr:DataCollectionService: stats => 1688326110569,117812,4108
07-02 21:28:31.594 22056 22156 I BatteryMgr:DataCollectionService: stats => 1688326111594,148437,4108
07-02 21:28:31.793  1864  2354 D ConnectivityService: NetReassign [no changes] [c 1] [a 0] [i 3]
07-02 21:28:32.611 22056 22156 I BatteryMgr:DataCollectionService: stats => 1688326112610,118125,4108
07-02 21:28:33.639 22056 22156 I BatteryMgr:DataCollectionService: stats => 1688326113639,103125,4108
07-02 21:28:34.673 22056 22156 I BatteryMgr:DataCollectionService: stats => 1688326114672,99062,4108
07-02 21:28:34.822  1864  2354 D ConnectivityService: NetReassign [no changes] [c 0] [a 0] [i 3]
07-02 21:28:35.691 22056 22156 I BatteryMgr:DataCollectionService: stats => 1688326115691,92187,4108
07-02 21:28:36.715 22056 22156 I BatteryMgr:DataCollectionService: stats => 1688326116715,95625,4108
07-02 21:28:37.744 22056 22156 I BatteryMgr:DataCollectionService: stats => 1688326117743,186562,4108
07-02 21:28:37.859  1864  2354 D ConnectivityService: NetReassign [no changes] [c 1] [a 0] [i 3]
07-02 21:28:38.769 22056 22156 I BatteryMgr:DataCollectionService: stats => 1688326118769,86250,4108
07-02 21:28:39.793 22056 22156 I BatteryMgr:DataCollectionService: stats => 1688326119793,80937,4108
07-02 21:28:40.812 22056 22156 I BatteryMgr:DataCollectionService: stats => 1688326120811,87187,4108
07-02 21:28:40.894  1864  2354 D ConnectivityService: NetReassign [no changes] [c 0] [a 1] [i 2]
07-02 21:28:41.833 22056 22156 I BatteryMgr:DataCollectionService: stats => 1688326121833,118437,4108
07-02 21:28:42.862 22056 22156 I BatteryMgr:DataCollectionService: stats => 1688326122862,167500,4108
07-02 21:28:43.880 22056 22156 I BatteryMgr:DataCollectionService: stats => 1688326123879,168750,4108
07-02 21:28:43.909  1864  2354 D ConnectivityService: NetReassign [no changes] [c 0] [a 0] [i 3]
07-02 21:28:44.890 22056 22156 I BatteryMgr:DataCollectionService: stats => 1688326124890,131875,4108
07-02 21:28:45.114 22198 22198 D ProcessState: Binder ioctl to enable oneway spam detection failed: Invalid argument
07-02 21:28:45.123  2439 22201 W RingtonePlayer: STOP command without a player
07-02 21:28:45.133  2439  2485 D PeopleSpaceWidgetMgr: Sbn doesn't contain valid PeopleTileKey: null/0/com.example.batterymanager_utility
07-02 21:28:45.136  2439  2439 V ShadeControllerImpl: NotificationShadeWindow: com.android.systemui.statusbar.phone.NotificationShadeWindowView{5f88382 I.E...... ......ID 0,0-1080,2160} canPanelBeCollapsed(): false
07-02 21:28:45.209 22204 22204 D ProcessState: Binder ioctl to enable oneway spam detection failed: Invalid argument
07-02 21:28:45.475 22215 22215 D ProcessState: Binder ioctl to enable oneway spam detection failed: Invalid argument
07-02 21:28:45.480  1864  6246 I ActivityManager: Force stopping e.www.gpstest appid=10286 user=0: from pid 22215
07-02 21:28:45.481  1864  6246 I ActivityManager: Killing 22108:e.www.gpstest/u0a286 (adj 0): stop e.www.gpstest due to from pid 22215
07-02 21:28:45.482  1864  6246 W ActivityTaskManager: Force removing ActivityRecord{c9a9962 u0 e.www.gpstest/.MainActivity t214 f}}: app died, no saved state
07-02 21:28:45.487  1864  6246 W InputManager-JNI: Input channel object '732d70e e.www.gpstest/e.www.gpstest.MainActivity (client)' was disposed without first being removed with the input manager!
07-02 21:28:45.497  1864  6246 D CompatibilityChangeReporter: Compat change id reported: 181136395; UID 10232; state: DISABLED
07-02 21:28:45.497  1864  6246 D CompatibilityChangeReporter: Compat change id reported: 174042936; UID 10232; state: DISABLED
07-02 21:28:45.500  1864  6246 W ActivityTaskManager: Can't find TaskDisplayArea to determine support for multi window. Task id=214 attached=false
07-02 21:28:45.500  1864  6246 W ActivityTaskManager: Can't find TaskDisplayArea to determine support for multi window. Task id=214 attached=false
07-02 21:28:45.504  1864  6246 W ProcessStats: Tracking association SourceState{f4a1850 system/1000 BTopFgs #45575} whose proc state 2 is better than process ProcessState{3d4ea49 com.google.android.gms.persistent/10125 pkg=com.google.android.gms} proc state 3 (13 skipped)
07-02 21:28:45.513  1864  5058 V ActivityManager: Got obituary of 22108:e.www.gpstest
07-02 21:28:45.514  1864  1993 W ActivityManager: setHasOverlayUi called on unknown pid: 22108
07-02 21:28:45.514  1232  1232 I Zygote  : Process 22108 exited due to signal 9 (Killed)
07-02 21:28:45.514  4101  4114 I FusedLocation: stationary throttling disengaged [CONTEXT service_id=6 ]
07-02 21:28:45.515  2626  2626 E PhoneInterfaceManager: [PhoneIntfMgr] getCarrierPackageNamesForIntentAndPhone: No UICC
07-02 21:28:45.515  2626  2626 D CarrierSvcBindHelper: No carrier app for: 0
07-02 21:28:45.516   738   738 E BpTransactionCompletedListener: Failed to transact (-32)
07-02 21:28:45.524  3648  3648 D RegisteredNfcFServicesCache: Service unchanged, not updating
07-02 21:28:45.530 10286 10286 I EuiccGoogle: [2] EuiccServiceImpl.onCreate: onCreate Single-SIM mode: simCardState is 1
07-02 21:28:45.534 10286 22221 I EuiccGoogle: [278] EuiccServiceImpl.onGetEuiccProfileInfoList: onGetEuiccProfileInfoList: slotId = -1
07-02 21:28:45.535 10286 22221 W EuiccGoogle: [278] EuiccServiceImpl.onGetEuiccProfileInfoList: slotId=-1. No eUICC is active. Return null.
07-02 21:28:45.545  1864  2013 I libprocessgroup: Successfully killed process cgroup uid 10286 pid 22108 in 62ms
07-02 21:28:45.547 22056 22075 I OpenGLRenderer: Davey! duration=65438ms; Flags=1, FrameTimelineVsyncId=1031489, IntendedVsync=24720176261787, Vsync=24720209595119, InputEventId=0, HandleInputStart=24720215742589, AnimationStart=24720215747068, PerformTraversalsStart=24720215931703, DrawStart=24720330447288, FrameDeadline=24720209595119, FrameInterval=24720215715558, FrameStartTime=16666666, SyncQueued=24720334842080, SyncStart=24720334919944, IssueDrawCommandsStart=24720335327549, SwapBuffers=24720340310935, FrameCompleted=24785615050302, DequeueBufferDuration=14375, QueueBufferDuration=1112760, GpuCompleted=24785615050302, SwapBuffersCompleted=24720341947289, DisplayPresentTime=0, 
07-02 21:28:45.551  2549  2889 W OpenGLRenderer: Surface doesn't have any previously queued frames, nothing to readback from
07-02 21:28:45.555  2549  2549 I WallpaperService: engine resumed
07-02 21:28:45.556  2549  2889 W OpenGLRenderer: Surface doesn't have any previously queued frames, nothing to readback from
07-02 21:28:45.566  4337  4337 I GoogleInputMethodService: GoogleInputMethodService.onFinishInput():3306 
07-02 21:28:45.567  4337  4337 I GoogleInputMethodService: GoogleInputMethodService.updateDeviceLockedStatus():2127 repeatCheckTimes = 0, locked = false
07-02 21:28:45.567  4337  4337 I GoogleInputMethodService: GoogleInputMethodService.onStartInput():1909 onStartInput(EditorInfo{inputType=0x0(NULL) imeOptions=0x0 privateImeOptions=null actionName=UNSPECIFIED actionLabel=null actionId=0 initialSelStart=-1 initialSelEnd=-1 initialCapsMode=0x0 hintText=null label=null packageName=com.example.batterymanager_utility fieldId=-1 fieldName=null extras=null hintLocales=[]}, false)
07-02 21:28:45.567  4337  4337 I GoogleInputMethodService: GoogleInputMethodService.shouldHideHeaderOnInitialState():1990 ShouldHideHeaderOnInitialState = false
07-02 21:28:45.568  4337  4337 I GoogleInputMethodService: GoogleInputMethodService.updateDeviceLockedStatus():2127 repeatCheckTimes = 1, locked = false
07-02 21:28:46.153  2549  2549 I WallpaperService: engine paused
07-02 21:28:46.926  1864  2354 D ConnectivityService: NetReassign [no changes] [c 0] [a 0] [i 2]
07-02 21:28:48.856 22229 22229 D ProcessState: Binder ioctl to enable oneway spam detection failed: Invalid argument
07-02 21:28:48.862  1864  5058 I ActivityManager: Force stopping com.example.batterymanager_utility appid=10232 user=0: from pid 22229
07-02 21:28:48.863  1864  5058 I ActivityManager: Killing 22056:com.example.batterymanager_utility/u0a232 (adj 0): stop com.example.batterymanager_utility due to from pid 22229
07-02 21:28:48.865  1864  5058 W ActivityTaskManager: Force removing ActivityRecord{540b5ec u0 com.example.batterymanager_utility/.MainActivity t213 f}}: app died, no saved state
07-02 21:28:48.870  1864  5058 W InputManager-JNI: Input channel object '5b20476 com.example.batterymanager_utility/com.example.batterymanager_utility.MainActivity (client)' was disposed without first being removed with the input manager!
07-02 21:28:48.885  1864  5058 W ActivityTaskManager: Can't find TaskDisplayArea to determine support for multi window. Task id=213 attached=false
07-02 21:28:48.885  1864  5058 W ActivityTaskManager: Can't find TaskDisplayArea to determine support for multi window. Task id=213 attached=false
07-02 21:28:48.895  2626  2626 E PhoneInterfaceManager: [PhoneIntfMgr] getCarrierPackageNamesForIntentAndPhone: No UICC
07-02 21:28:48.895  2626  2626 D CarrierSvcBindHelper: No carrier app for: 0
07-02 21:28:48.900  1232  1232 I Zygote  : Process 22056 exited due to signal 9 (Killed)
07-02 21:28:48.901  1864  2530 V ActivityManager: Got obituary of 22056:com.example.batterymanager_utility
07-02 21:28:48.903  3648  3648 D RegisteredNfcFServicesCache: Service unchanged, not updating
07-02 21:28:48.905  1864  1993 W ActivityManager: setHasOverlayUi called on unknown pid: 22056
07-02 21:28:48.905  6363  6363 I A       : (REDACTED) onApplyWindowInsets: systemWindowInsets=%s
07-02 21:28:48.905  6363  6363 I A       : (REDACTED) onApplyWindowInsets: systemWindowInsets=%s
07-02 21:28:48.909  1864  2013 I libprocessgroup: Successfully killed process cgroup uid 10232 pid 22056 in 45ms
07-02 21:28:48.911  2549  2889 W OpenGLRenderer: Surface doesn't have any previously queued frames, nothing to readback from
07-02 21:28:48.914  6363  6363 I A       : onStart
07-02 21:28:48.915  2549  2549 I WallpaperService: engine resumed
07-02 21:28:48.916  2549  2889 W OpenGLRenderer: Surface doesn't have any previously queued frames, nothing to readback from
07-02 21:28:48.920  6363  6363 I A       : onResume
07-02 21:28:48.921  3568  3933 I AiAiEcho: Predicting[7]: { Feature:1, creation:2023-07-02T19:27:49.611Z, expiry:2023-07-02T20:00:00Z, isExpired: false}, { Feature:1, creation:2023-07-02T20:00:00Z, expiry:2023-07-02T21:00:00Z, isExpired: true}, { Feature:1, creation:2023-07-02T21:00:00Z, expiry:2023-07-02T22:00:00Z, isExpired: true}, { Feature:1, creation:2023-07-02T22:00:00Z, expiry:2023-07-02T23:00:00Z, isExpired: true}, { Feature:1, creation:2023-07-02T23:00:00Z, expiry:2023-07-03T00:00:00Z, isExpired: true}, { Feature:1, creation:2023-07-03T00:00:00Z, expiry:2023-07-03T01:00:00Z, isExpired: true}, { Feature:1, creation:2023-07-03T01:00:00Z, expiry:2023-07-03T01:27:49.611Z, isExpired: true}
07-02 21:28:48.921  3568  3933 I AiAiEcho: EchoTargets: Feature:1
07-02 21:28:48.921  3568  3933 I AiAiEcho: Filtered by AiAi flag check: 
07-02 21:28:48.921  3568  3933 I AiAiEcho: Ranked targets strategy: WEIGHTED, count: 1, ranking metadata: { cardId: WEATHER-569377242, card type: 1, update time: 2023-07-02T19:27:49.611Z, expiration time: 2023-07-02T20:00:00Z, ranking metadata: RankingMetaData(urgency=0.995, priority=0.3, recency=1.0, rankScore=0.2985, importantTimePoints=# kwj@7bca4) }
07-02 21:28:48.922  3568  3933 I AiAiEcho: #postPredictionTargets: Sending updates to UISurface home with targets# 1 (types=[1])
07-02 21:28:48.922  6540  6540 I GsaVoiceInteractionSrv: Handling ACTION_START_HOTWORD
07-02 21:28:48.922  6540  6588 I GsaVoiceInteractionSrv: (REDACTED) disregardHotwordSetting: %b
07-02 21:28:48.922  6540  6588 I GsaVoiceInteractionSrv: Cannot start hotword, hotword has been explicitly disabled.
07-02 21:28:48.923  2792  2792 W BcSmartspaceCard: No title view to update
07-02 21:28:48.925  4082  4082 D BoundBrokerSvc: onBind: Intent { act=com.google.android.gms.inappreach.service.START dat=chimera-action: cmp=com.google.android.gms/.chimera.GmsApiService }
07-02 21:28:48.925  4082  4082 D BoundBrokerSvc: Loading bound service for intent: Intent { act=com.google.android.gms.inappreach.service.START dat=chimera-action: cmp=com.google.android.gms/.chimera.GmsApiService }
07-02 21:28:48.928   738   738 E BpTransactionCompletedListener: Failed to transact (-32)
07-02 21:28:48.933  6363  6562 I OpenGLRenderer: Davey! duration=135492ms; Flags=1, FrameTimelineVsyncId=1024524, IntendedVsync=24653492023069, Vsync=24653492023069, InputEventId=0, HandleInputStart=24653492893077, AnimationStart=24653492894640, PerformTraversalsStart=24653492895161, DrawStart=24653519719382, FrameDeadline=24653529356401, FrameInterval=24653492788129, FrameStartTime=16666666, SyncQueued=24653522322559, SyncStart=24653522753757, IssueDrawCommandsStart=24653523200112, SwapBuffers=24653524193497, FrameCompleted=24788984856887, DequeueBufferDuration=13645, QueueBufferDuration=570729, GpuCompleted=24788984856887, SwapBuffersCompleted=24653525550945, DisplayPresentTime=939004963320761352, 
07-02 21:28:48.933  4337  4337 I GoogleInputMethodService: GoogleInputMethodService.onFinishInput():3306 
07-02 21:28:48.934  4337  4337 I GoogleInputMethodService: GoogleInputMethodService.updateDeviceLockedStatus():2127 repeatCheckTimes = 0, locked = false
07-02 21:28:48.934  4337  4337 I GoogleInputMethodService: GoogleInputMethodService.onStartInput():1909 onStartInput(EditorInfo{inputType=0x0(NULL) imeOptions=0x0 privateImeOptions=null actionName=UNSPECIFIED actionLabel=null actionId=0 initialSelStart=-1 initialSelEnd=-1 initialCapsMode=0x0 hintText=null label=null packageName=com.google.android.apps.nexuslauncher fieldId=-1 fieldName=null extras=null hintLocales=[]}, false)
07-02 21:28:48.934  4337  4337 I GoogleInputMethodService: GoogleInputMethodService.shouldHideHeaderOnInitialState():1990 ShouldHideHeaderOnInitialState = false
07-02 21:28:48.934  4337  4337 I GoogleInputMethodService: GoogleInputMethodService.updateDeviceLockedStatus():2127 repeatCheckTimes = 1, locked = false
07-02 21:28:49.945  1864  2354 D ConnectivityService: NetReassign [no changes] [c 0] [a 1] [i 1]
07-02 21:28:52.971  1864  2354 D ConnectivityService: NetReassign [no changes] [c 1] [a 0] [i 2]
07-02 21:28:54.265  3713  4373 W MediaProvider: isAppCloneUserPair failed. Users: 0 and 0
07-02 21:28:54.265  3713  4373 W MediaProvider: isAppCloneUserPair for user 0: false
