--------- beginning of system
07-10 11:53:07.829  1663  3744 I ActivityTaskManager: START u0 {act=android.intent.action.MAIN cat=[android.intent.category.LAUNCHER] flg=0x10000000 cmp=com.example.batterymanager_utility/.MainActivity} from uid 2000
--------- beginning of main
07-10 11:53:07.834   561   561 I hwservicemanager: getTransport: Cannot find entry vendor.qti.hardware.iop@2.0::IIop/default in either framework or device manifest.
07-10 11:53:07.841  1663  3744 D CompatibilityInfo: mCompatibilityFlags - 0
07-10 11:53:07.841  1663  3744 D CompatibilityInfo: applicationDensity - 420
07-10 11:53:07.841  1663  3744 D CompatibilityInfo: applicationScale - 1.0
07-10 11:53:07.841  1663  3744 D ActivityTrigger: ActivityTrigger activityPauseTrigger 
07-10 11:53:07.853  1663  1868 W ActivityManager: ProcessRecord{347d9a7 0:com.example.batterymanager_utility/u0a186}: ART verification disabled
07-10 11:53:07.853  1663  1869 E system_server: Invalid ID 0x00000000.
07-10 11:53:07.854  1663  1868 D ActivityManager: Package [com.example.batterymanager_utility] have process
07-10 11:53:07.867   687   687 D Zygote  : Forked child process 11980
07-10 11:53:07.870  1663  1892 I ActivityManager: Start proc 11980:com.example.batterymanager_utility/u0a186 for activity {com.example.batterymanager_utility/com.example.batterymanager_utility.MainActivity}
07-10 11:53:07.870  1663  1892 D ActivityManager: handleProcessStartedLocked mDoneFinishBooting && app.pid != 0 ---> notifyProcessStart, app.processName = com.example.batterymanager_utility, app.info = ApplicationInfo{781bdbb com.example.batterymanager_utility}, app.hostingType = activity, getHostingName() = ComponentInfo{com.example.batterymanager_utility/com.example.batterymanager_utility.MainActivity}, getIntentFlag() = 0, getIsPackageRunning() = true, app = ProcessRecord{347d9a7 11980:com.example.batterymanager_utility/u0a186}, getExtraData() = null
07-10 11:53:07.874 11980 11980 I manager_utilit: Late-enabling -Xcheck:jni
07-10 11:53:07.912 11980 11980 E manager_utilit: Unknown bits set in runtime_flags: 0x8000
07-10 11:53:07.933  1663  2189 D CompatibilityInfo: mCompatibilityFlags - 0
07-10 11:53:07.933  1663  2189 D CompatibilityInfo: applicationDensity - 420
07-10 11:53:07.933  1663  2189 D CompatibilityInfo: applicationScale - 1.0
07-10 11:53:07.937  1663  2189 D CompatibilityInfo: mCompatibilityFlags - 0
07-10 11:53:07.937  1663  2189 D CompatibilityInfo: applicationDensity - 420
07-10 11:53:07.937  1663  2189 D CompatibilityInfo: applicationScale - 1.0
07-10 11:53:07.939  1663 12001 W IrisConfig: ColorManagerService is not Existed
07-10 11:53:07.941  1663  2189 I qspmsvc-client: inside perf_hint_qspm
07-10 11:53:07.947  3484  3484 I A       : onPause
07-10 11:53:07.954  3194  3194 I HdmBroadcastRecvUpd: (REDACTED) received broadcast: %s
07-10 11:53:07.955  3194  3964 I HdmHotwordRequestListen: (REDACTED) received broadcast: %s
07-10 11:53:07.955  3194  3964 I SodaTriggeringFrontend: (REDACTED) #onConfigUpdate. requester: %s
07-10 11:53:07.955  3194  3962 I SodaTriggeringFrontend: #onConfigUpdate inside sequencer
07-10 11:53:07.955  3194  3962 I HotwordConfigUtils: (REDACTED) Voice Match (Speaker-id) supported : %b 
07-10 11:53:07.955  3194  3962 I HotwordConfigUtils: (REDACTED) hotword enrollment state is enrolled:  %b, speakerId model exist: %b. Voice Match supported : %b 
07-10 11:53:07.955  3194  3962 I HotwordConfigUtils: (REDACTED) isHotwordAvailable():  %b, isHotwordEnabled() %b 
07-10 11:53:07.955  3194  3962 I HotwordConfigUtils: (REDACTED) isHotwordAvailable():  %b, isHotwordEnabled() %b 
07-10 11:53:07.955  3194  3962 I HotwordConfigUtils: (REDACTED) Hotword enrollment state : %s.
07-10 11:53:07.955  3194  3962 I HotwordConfigUtils: (REDACTED) Voice Match (Speaker-id) supported : %b 
07-10 11:53:07.956  3194  3962 I HotwordConfigUtils: (REDACTED) Voice Match (Speaker-id) supported : %b 
07-10 11:53:07.956  3194  3962 I HotwordConfigUtils: (REDACTED) hotword enrollment state is enrolled:  %b, speakerId model exist: %b, voice match supported : %b
07-10 11:53:07.956  3194  3962 I HotwordConfigUtils: (REDACTED) Hotword isNonVoiceMatchHotwordEnabled: %b, isHotwordAvailable : %b, isHotwordEnabled : %b, isVoiceMatchSupported: %b, isHotwordEnrolled: %b.
07-10 11:53:07.956  3194  3962 I SodaTriggeringFrontend: (REDACTED) Ignore the legacy hotword request. voice match enabled %b, isHotwordSupported %b, isIncompleteEnrollmentState %b, nonVoiceMatchHotwordEnabled %b
07-10 11:53:08.104 11980 11980 I Perf    : Connecting to perf service.
07-10 11:53:08.122 11980 11980 I BatteryMgr:App: creating notification channel
07-10 11:53:08.124   561   561 I hwservicemanager: getTransport: Cannot find entry vendor.qti.hardware.iop@2.0::IIop/default in either framework or device manifest.
07-10 11:53:08.125  1036  1036 E ANDR-IOP: IIop:: Iop HAL Service is not available.
07-10 11:53:08.127 11980 12004 E Perf    : Fail to get file list com.example.batterymanager_utility
07-10 11:53:08.127 11980 12004 E Perf    : getFolderSize() : Exception_1 = java.lang.NullPointerException: Attempt to get length of null array
07-10 11:53:08.127 11980 12004 E Perf    : Fail to get file list com.example.batterymanager_utility
07-10 11:53:08.127 11980 12004 E Perf    : getFolderSize() : Exception_1 = java.lang.NullPointerException: Attempt to get length of null array
07-10 11:53:08.211  1663  2189 E WindowManager: App trying to use insecure INPUT_FEATURE_NO_INPUT_CHANNEL flag. Ignoring
07-10 11:53:08.436 11986 11986 D AndroidRuntime: >>>>>> START com.android.internal.os.RuntimeInit uid 2000 <<<<<<
07-10 11:53:08.444 11986 11986 W app_process: type=1400 audit(0.0:305): avc: denied { read } for name="u:object_r:device_config_runtime_native_boot_prop:s0" dev="tmpfs" ino=13940 scontext=u:r:shell:s0 tcontext=u:object_r:device_config_runtime_native_boot_prop:s0 tclass=file permissive=0
07-10 11:53:08.444 11986 11986 W app_process: type=1400 audit(0.0:306): avc: denied { read } for name="u:object_r:device_config_runtime_native_boot_prop:s0" dev="tmpfs" ino=13940 scontext=u:r:shell:s0 tcontext=u:object_r:device_config_runtime_native_boot_prop:s0 tclass=file permissive=0
07-10 11:53:08.444 11986 11986 W app_process: type=1400 audit(0.0:307): avc: denied { read } for name="u:object_r:device_config_runtime_native_boot_prop:s0" dev="tmpfs" ino=13940 scontext=u:r:shell:s0 tcontext=u:object_r:device_config_runtime_native_boot_prop:s0 tclass=file permissive=0
07-10 11:53:08.451 11986 11986 E libc    : Access denied finding property "persist.device_config.runtime_native_boot.enable_apex_image"
07-10 11:53:08.451 11986 11986 I AndroidRuntime: Using default boot image
07-10 11:53:08.451 11986 11986 E libc    : Access denied finding property "persist.device_config.runtime_native_boot.disable_lock_profiling"
07-10 11:53:08.451 11986 11986 I AndroidRuntime: Leaving lock profiling enabled
07-10 11:53:08.451 11986 11986 E libc    : Access denied finding property "persist.device_config.runtime_native_boot.enable_generational_cc"
07-10 11:53:08.544 11980 12005 I AdrenoGLES: QUALCOMM build                   : f2ab992, I401605978b
07-10 11:53:08.544 11980 12005 I AdrenoGLES: Build Date                       : 09/28/19
07-10 11:53:08.544 11980 12005 I AdrenoGLES: OpenGL ES Shader Compiler Version: EV031.27.05.01
07-10 11:53:08.544 11980 12005 I AdrenoGLES: Local Branch                     : 
07-10 11:53:08.544 11980 12005 I AdrenoGLES: Remote Branch                    : 
07-10 11:53:08.544 11980 12005 I AdrenoGLES: Remote Branch                    : 
07-10 11:53:08.544 11980 12005 I AdrenoGLES: Reconstruct Branch               : 
07-10 11:53:08.544 11980 12005 I AdrenoGLES: Build Config                     : S L 8.0.11 AArch64
07-10 11:53:08.554 11980 11980 W RenderThread: type=1400 audit(0.0:308): avc: denied { search } for name="kgsl-3d0" dev="sysfs" ino=29187 scontext=u:r:untrusted_app:s0:c186,c256,c512,c768 tcontext=u:object_r:sysfs_kgsl:s0 tclass=dir permissive=0
07-10 11:53:08.562 11980 12005 I AdrenoGLES: PFP: 0x005ff112, ME: 0x005ff066
07-10 11:53:08.565 11980 12005 W AdrenoUtils: <ReadGpuID_from_sysfs:194>: Failed to open /sys/class/kgsl/kgsl-3d0/gpu_model
07-10 11:53:08.565 11980 12005 W AdrenoUtils: <ReadGpuID:218>: Failed to read chip ID from gpu_model. Fallback to use the GSL path
07-10 11:53:08.568   561   561 I hwservicemanager: getTransport: Cannot find entry vendor.display.config@1.7::IDisplayConfig/default in either framework or device manifest.
07-10 11:53:08.569   561   561 I hwservicemanager: getTransport: Cannot find entry vendor.display.config@1.7::IDisplayConfig/default in either framework or device manifest.
07-10 11:53:08.601   561   561 I hwservicemanager: getTransport: Cannot find entry android.hardware.graphics.mapper@3.0::IMapper/default in either framework or device manifest.
07-10 11:53:08.602 11980 12005 W Gralloc3: mapper 3.x is not supported
07-10 11:53:08.632   561   561 I hwservicemanager: getTransport: Cannot find entry vendor.qti.hardware.iop@2.0::IIop/default in either framework or device manifest.
07-10 11:53:08.632  1663  1890 I ActivityTaskManager: Displayed com.example.batterymanager_utility/.MainActivity: +799ms
07-10 11:53:08.633   561   561 I hwservicemanager: getTransport: Cannot find entry vendor.qti.hardware.iop@2.0::IIop/default in either framework or device manifest.
07-10 11:53:08.671  2588  2588 I GoogleInputMethodService: GoogleInputMethodService.onFinishInput():3306 
07-10 11:53:08.672  2588  2588 I GoogleInputMethodService: GoogleInputMethodService.updateDeviceLockedStatus():2127 repeatCheckTimes = 0, locked = false
07-10 11:53:08.672  2588  2588 I GoogleInputMethodService: GoogleInputMethodService.onStartInput():1909 onStartInput(EditorInfo{inputType=0x0(NULL) imeOptions=0x0 privateImeOptions=null actionName=UNSPECIFIED actionLabel=null actionId=0 initialSelStart=-1 initialSelEnd=-1 initialCapsMode=0x0 hintText=null label=null packageName=com.example.batterymanager_utility fieldId=-1 fieldName=null extras=null hintLocales=[]}, false)
07-10 11:53:08.672  2588  2588 I GoogleInputMethodService: GoogleInputMethodService.shouldHideHeaderOnInitialState():1990 ShouldHideHeaderOnInitialState = false
07-10 11:53:08.673  2588  2588 I GoogleInputMethodService: GoogleInputMethodService.updateDeviceLockedStatus():2127 repeatCheckTimes = 1, locked = false
07-10 11:53:08.684  1663  2189 D ActivityTrigger: ActivityTrigger activityStopTrigger 
07-10 11:53:08.687   561   561 E SELinux : avc:  denied  { find } for interface=vendor.qti.hardware.servicetracker::IServicetracker sid=u:r:system_server:s0 pid=1663 scontext=u:r:system_server:s0 tcontext=u:object_r:default_android_hwservice:s0 tclass=hwservice_manager permissive=0
07-10 11:53:08.690  3484  3484 I A       : onStop
07-10 11:53:08.749 11986 11986 D ICU     : Time zone APEX file found: /apex/com.android.tzdata/etc/icu/icu_tzdata.dat
07-10 11:53:08.768 11986 11986 I app_process: The ClassLoaderContext is a special shared library.
07-10 11:53:08.794 11986 11986 W app_process: JNI RegisterNativeMethods: attempt to register 0 native methods for android.media.AudioAttributes
07-10 11:53:08.809 11986 11986 D AndroidRuntime: Calling main entry com.android.commands.monkey.Monkey
07-10 11:53:08.810 11986 11986 W Monkey  : args: [-p, e.www.writelocaltest, 1]
07-10 11:53:08.811 11986 11986 W Monkey  :  arg: "-p"
07-10 11:53:08.811 11986 11986 W Monkey  :  arg: "e.www.writelocaltest"
07-10 11:53:08.812 11986 11986 W Monkey  :  arg: "1"
07-10 11:53:08.812 11986 11986 W Monkey  : data="e.www.writelocaltest"
07-10 11:53:08.854  1663  1891 W BroadcastQueue: Skipping deliver [background] BroadcastRecord{e7c74e4 u-1 android.net.conn.CONNECTIVITY_CHANGE} to ReceiverList{2f36d4d 11986 (unknown name)/2000/u-1 remote:3e96276}: process gone or crashing
07-10 11:53:08.869  1663  9032 I ActivityTaskManager: START u0 {act=android.intent.action.MAIN cat=[android.intent.category.LAUNCHER] flg=0x10200000 cmp=e.www.writelocaltest/.MainActivity} from uid 2000
07-10 11:53:08.870  1663  9032 W Binder  : Outgoing transactions from this process must be FLAG_ONEWAY
07-10 11:53:08.870  1663  9032 W Binder  : java.lang.Throwable
07-10 11:53:08.870  1663  9032 W Binder  : 	at android.os.BinderProxy.transact(BinderProxy.java:480)
07-10 11:53:08.870  1663  9032 W Binder  : 	at android.app.IActivityController$Stub$Proxy.activityStarting(IActivityController.java:273)
07-10 11:53:08.870  1663  9032 W Binder  : 	at com.android.server.wm.ActivityStarter.startActivity(ActivityStarter.java:798)
07-10 11:53:08.870  1663  9032 W Binder  : 	at com.android.server.wm.ActivityStarter.startActivity(ActivityStarter.java:587)
07-10 11:53:08.870  1663  9032 W Binder  : 	at com.android.server.wm.ActivityStarter.startActivityMayWait(ActivityStarter.java:1292)
07-10 11:53:08.870  1663  9032 W Binder  : 	at com.android.server.wm.ActivityStarter.execute(ActivityStarter.java:518)
07-10 11:53:08.870  1663  9032 W Binder  : 	at com.android.server.wm.ActivityTaskManagerService.startActivityAsUser(ActivityTaskManagerService.java:1058)
07-10 11:53:08.870  1663  9032 W Binder  : 	at com.android.server.wm.ActivityTaskManagerService.startActivityAsUser(ActivityTaskManagerService.java:1032)
07-10 11:53:08.870  1663  9032 W Binder  : 	at com.android.server.am.ActivityManagerService.startActivityAsUser(ActivityManagerService.java:3759)
07-10 11:53:08.870  1663  9032 W Binder  : 	at android.app.IActivityManager$Stub.onTransact(IActivityManager.java:3588)
07-10 11:53:08.870  1663  9032 W Binder  : 	at com.android.server.am.ActivityManagerService.onTransact(ActivityManagerService.java:2906)
07-10 11:53:08.870  1663  9032 W Binder  : 	at android.os.Binder.execTransactInternal(Binder.java:1021)
07-10 11:53:08.870  1663  9032 W Binder  : 	at android.os.Binder.execTransact(Binder.java:994)
07-10 11:53:08.878   561   561 I hwservicemanager: getTransport: Cannot find entry vendor.qti.hardware.iop@2.0::IIop/default in either framework or device manifest.
07-10 11:53:08.883  1663  9032 D CompatibilityInfo: mCompatibilityFlags - 0
07-10 11:53:08.883  1663  9032 D CompatibilityInfo: applicationDensity - 420
07-10 11:53:08.883  1663  9032 D CompatibilityInfo: applicationScale - 1.0
07-10 11:53:08.883  1663  9032 D ActivityTrigger: ActivityTrigger activityPauseTrigger 
07-10 11:53:08.886 11986 11986 I Monkey  : Events injected: 1
07-10 11:53:08.888  1663  1663 V SettingsProvider: Notifying for 0: content://settings/system/accelerometer_rotation
07-10 11:53:08.895  1663  1869 E system_server: Invalid ID 0x00000000.
07-10 11:53:08.897  1663  1663 V SettingsProvider: Notifying for 0: content://settings/system/accelerometer_rotation
07-10 11:53:08.906  1663  1868 W ActivityManager: ProcessRecord{ec30567 0:e.www.writelocaltest/u0a193}: ART verification disabled
07-10 11:53:08.906  1663  1868 D ActivityManager: Package [e.www.writelocaltest] have process
07-10 11:53:08.907 11986 11986 I Monkey  : ## Network stats: elapsed time=33ms (0ms mobile, 0ms wifi, 33ms not connected)
07-10 11:53:08.908 11986 11986 I app_process: System.exit called, status: 0
07-10 11:53:08.908 11986 11986 I AndroidRuntime: VM exiting with result code 0.
07-10 11:53:08.925   687   687 D Zygote  : Forked child process 12025
07-10 11:53:08.933 12025 12025 I .writelocaltes: Late-enabling -Xcheck:jni
07-10 11:53:08.937  1663  1892 I ActivityManager: Start proc 12025:e.www.writelocaltest/u0a193 for activity {e.www.writelocaltest/e.www.writelocaltest.MainActivity}
07-10 11:53:08.938  1663  1892 D ActivityManager: handleProcessStartedLocked mDoneFinishBooting && app.pid != 0 ---> notifyProcessStart, app.processName = e.www.writelocaltest, app.info = ApplicationInfo{2299db2 e.www.writelocaltest}, app.hostingType = activity, getHostingName() = ComponentInfo{e.www.writelocaltest/e.www.writelocaltest.MainActivity}, getIntentFlag() = 0, getIsPackageRunning() = true, app = ProcessRecord{ec30567 12025:e.www.writelocaltest/u0a193}, getExtraData() = null
07-10 11:53:08.964 12025 12025 E .writelocaltes: Unknown bits set in runtime_flags: 0x8000
07-10 11:53:08.968   561   561 E SELinux : avc:  denied  { find } for interface=vendor.qti.hardware.servicetracker::IServicetracker sid=u:r:system_server:s0 pid=1663 scontext=u:r:system_server:s0 tcontext=u:object_r:default_android_hwservice:s0 tclass=hwservice_manager permissive=0
07-10 11:53:08.988  1663  2189 D CompatibilityInfo: mCompatibilityFlags - 0
07-10 11:53:08.988  1663  2189 D CompatibilityInfo: applicationDensity - 420
07-10 11:53:08.988  1663  2189 D CompatibilityInfo: applicationScale - 1.0
07-10 11:53:08.992  1663  2189 D CompatibilityInfo: mCompatibilityFlags - 0
07-10 11:53:08.992  1663  2189 D CompatibilityInfo: applicationDensity - 420
07-10 11:53:08.992  1663  2189 D CompatibilityInfo: applicationScale - 1.0
07-10 11:53:08.993  1663 12044 W IrisConfig: ColorManagerService is not Existed
07-10 11:53:08.996  1663  2189 I qspmsvc-client: inside perf_hint_qspm
07-10 11:53:09.077 12025 12025 I Perf    : Connecting to perf service.
07-10 11:53:09.088   561   561 I hwservicemanager: getTransport: Cannot find entry vendor.qti.hardware.iop@2.0::IIop/default in either framework or device manifest.
07-10 11:53:09.088  1036  1036 E ANDR-IOP: IIop:: Iop HAL Service is not available.
07-10 11:53:09.097 12025 12047 E Perf    : Fail to get file list e.www.writelocaltest
07-10 11:53:09.098 12025 12047 E Perf    : getFolderSize() : Exception_1 = java.lang.NullPointerException: Attempt to get length of null array
07-10 11:53:09.098 12025 12047 E Perf    : Fail to get file list e.www.writelocaltest
07-10 11:53:09.098 12025 12047 E Perf    : getFolderSize() : Exception_1 = java.lang.NullPointerException: Attempt to get length of null array
07-10 11:53:09.165 12025 12025 W .writelocaltes: Accessing hidden method Landroid/view/View;->computeFitSystemWindows(Landroid/graphics/Rect;Landroid/graphics/Rect;)Z (greylist, reflection, allowed)
07-10 11:53:09.167 12025 12025 W .writelocaltes: Accessing hidden method Landroid/view/ViewGroup;->makeOptionalFitsSystemWindows()V (greylist, reflection, allowed)
07-10 11:53:09.201  1663  3744 E WindowManager: App trying to use insecure INPUT_FEATURE_NO_INPUT_CHANNEL flag. Ignoring
07-10 11:53:09.224 12025 12025 W RenderThread: type=1400 audit(0.0:309): avc: denied { search } for name="kgsl-3d0" dev="sysfs" ino=29187 scontext=u:r:untrusted_app_27:s0:c193,c256,c512,c768 tcontext=u:object_r:sysfs_kgsl:s0 tclass=dir permissive=0
07-10 11:53:09.227 12025 12048 I AdrenoGLES: QUALCOMM build                   : f2ab992, I401605978b
07-10 11:53:09.227 12025 12048 I AdrenoGLES: Build Date                       : 09/28/19
07-10 11:53:09.227 12025 12048 I AdrenoGLES: OpenGL ES Shader Compiler Version: EV031.27.05.01
07-10 11:53:09.227 12025 12048 I AdrenoGLES: Local Branch                     : 
07-10 11:53:09.227 12025 12048 I AdrenoGLES: Remote Branch                    : 
07-10 11:53:09.227 12025 12048 I AdrenoGLES: Remote Branch                    : 
07-10 11:53:09.227 12025 12048 I AdrenoGLES: Reconstruct Branch               : 
07-10 11:53:09.227 12025 12048 I AdrenoGLES: Build Config                     : S L 8.0.11 AArch64
07-10 11:53:09.235 12025 12048 I AdrenoGLES: PFP: 0x005ff112, ME: 0x005ff066
07-10 11:53:09.238 12025 12048 W AdrenoUtils: <ReadGpuID_from_sysfs:194>: Failed to open /sys/class/kgsl/kgsl-3d0/gpu_model
07-10 11:53:09.238 12025 12048 W AdrenoUtils: <ReadGpuID:218>: Failed to read chip ID from gpu_model. Fallback to use the GSL path
07-10 11:53:09.240   561   561 I hwservicemanager: getTransport: Cannot find entry vendor.display.config@1.7::IDisplayConfig/default in either framework or device manifest.
07-10 11:53:09.240   561   561 I hwservicemanager: getTransport: Cannot find entry vendor.display.config@1.7::IDisplayConfig/default in either framework or device manifest.
07-10 11:53:09.256   561   561 I hwservicemanager: getTransport: Cannot find entry android.hardware.graphics.mapper@3.0::IMapper/default in either framework or device manifest.
07-10 11:53:09.256 12025 12048 W Gralloc3: mapper 3.x is not supported
07-10 11:53:09.271   561   561 I hwservicemanager: getTransport: Cannot find entry vendor.qti.hardware.iop@2.0::IIop/default in either framework or device manifest.
07-10 11:53:09.271  1663  1890 I ActivityTaskManager: Displayed e.www.writelocaltest/.MainActivity: +400ms
07-10 11:53:09.271   561   561 I hwservicemanager: getTransport: Cannot find entry vendor.qti.hardware.iop@2.0::IIop/default in either framework or device manifest.
07-10 11:53:09.273  2588  2588 I GoogleInputMethodService: GoogleInputMethodService.onFinishInput():3306 
07-10 11:53:09.274  2588  2588 I GoogleInputMethodService: GoogleInputMethodService.updateDeviceLockedStatus():2127 repeatCheckTimes = 0, locked = false
07-10 11:53:09.274  2588  2588 I GoogleInputMethodService: GoogleInputMethodService.onStartInput():1909 onStartInput(EditorInfo{inputType=0x0(NULL) imeOptions=0x0 privateImeOptions=null actionName=UNSPECIFIED actionLabel=null actionId=0 initialSelStart=-1 initialSelEnd=-1 initialCapsMode=0x0 hintText=null label=null packageName=e.www.writelocaltest fieldId=-1 fieldName=null extras=null hintLocales=[]}, false)
07-10 11:53:09.274  2588  2588 I GoogleInputMethodService: GoogleInputMethodService.shouldHideHeaderOnInitialState():1990 ShouldHideHeaderOnInitialState = false
07-10 11:53:09.275  2588  2588 I GoogleInputMethodService: GoogleInputMethodService.updateDeviceLockedStatus():2127 repeatCheckTimes = 1, locked = false
07-10 11:53:09.617  1663  1868 D ActivityTrigger: ActivityTrigger activityStopTrigger 
07-10 11:53:10.551  1663  3744 D CompatibilityInfo: mCompatibilityFlags - 0
07-10 11:53:10.551  1663  3744 D CompatibilityInfo: applicationDensity - 420
07-10 11:53:10.551  1663  3744 D CompatibilityInfo: applicationScale - 1.0
07-10 11:53:10.552   561   561 E SELinux : avc:  denied  { find } for interface=vendor.qti.hardware.servicetracker::IServicetracker sid=u:r:system_server:s0 pid=1663 scontext=u:r:system_server:s0 tcontext=u:object_r:default_android_hwservice:s0 tclass=hwservice_manager permissive=0
07-10 11:53:10.555 11980 11980 I BatteryMgr:DataCollectionService: onStartCommand: begin
07-10 11:53:10.555 11980 11980 I BatteryMgr:DataCollectionService: onStartCommand: sampleRate => 0
07-10 11:53:10.556 11980 11980 I BatteryMgr:DataCollectionService: onStartCommand: rawFields => Timestamp,BATTERY_PROPERTY_CURRENT_NOW,EXTRA_VOLTAGE
07-10 11:53:10.557 11980 11980 I BatteryMgr:DataCollectionService: onStartCommand: notification done
07-10 11:53:10.559 11980 11980 I BatteryMgr:DataCollectionService: started foreground
07-10 11:53:10.559  1663  1891 E NotificationService: Suppressing notification from package by user request.
07-10 11:53:10.559  1663  1891 I ServiceRecord: ServicesRecord broadcast notify intent package = com.example.batterymanager_utility pid = 11980
07-10 11:53:10.566 11980 12073 I BatteryMgr:DataCollectionService: collectData: begin
07-10 11:53:10.569 11980 12073 I BatteryMgr:DataCollectionService: stats => 1688982790569,-246581,4276
07-10 11:53:10.571 11980 12073 I BatteryMgr:DataCollectionService: stats => 1688982790571,-246581,4276
07-10 11:53:10.573 11980 12073 I BatteryMgr:DataCollectionService: stats => 1688982790573,-246581,4276
07-10 11:53:10.574 11980 12073 I BatteryMgr:DataCollectionService: stats => 1688982790574,-246581,4276
07-10 11:53:10.575 11980 12073 I BatteryMgr:DataCollectionService: stats => 1688982790575,-246581,4276
07-10 11:53:10.577 11980 12073 I BatteryMgr:DataCollectionService: stats => 1688982790577,-246581,4276
07-10 11:53:10.579 11980 12073 I BatteryMgr:DataCollectionService: stats => 1688982790578,-246581,4276
07-10 11:53:10.581 11980 12073 I BatteryMgr:DataCollectionService: stats => 1688982790581,-246581,4276
07-10 11:53:10.584 11980 12073 I BatteryMgr:DataCollectionService: stats => 1688982790584,-246581,4276
07-10 11:53:10.585 11980 12073 I BatteryMgr:DataCollectionService: stats => 1688982790585,-246581,4276
07-10 11:53:10.587 11980 12073 I BatteryMgr:DataCollectionService: stats => 1688982790587,-246581,4276
07-10 11:53:10.588 11980 12073 I BatteryMgr:DataCollectionService: stats => 1688982790588,-246581,4276
07-10 11:53:10.590 11980 12073 I BatteryMgr:DataCollectionService: stats => 1688982790590,-246581,4276
07-10 11:53:10.593 11980 12073 I BatteryMgr:DataCollectionService: stats => 1688982790593,-246581,4276
07-10 11:53:10.595 11980 12073 I BatteryMgr:DataCollectionService: stats => 1688982790595,-246581,4276
07-10 11:53:10.598 11980 12073 I BatteryMgr:DataCollectionService: stats => 1688982790598,-246581,4276
07-10 11:53:10.602 11980 12073 I BatteryMgr:DataCollectionService: stats => 1688982790601,-246581,4276
07-10 11:53:10.604 11980 12073 I BatteryMgr:DataCollectionService: stats => 1688982790604,-246581,4276
07-10 11:53:10.606 11980 12073 I BatteryMgr:DataCollectionService: stats => 1688982790606,-246581,4276
07-10 11:53:10.609 11980 12073 I BatteryMgr:DataCollectionService: stats => 1688982790609,-246581,4276
07-10 11:53:10.611 11980 12073 I BatteryMgr:DataCollectionService: stats => 1688982790611,-246581,4276
07-10 11:53:10.614 11980 12073 I BatteryMgr:DataCollectionService: stats => 1688982790614,-246581,4276
07-10 11:53:10.616 11980 12073 I BatteryMgr:DataCollectionService: stats => 1688982790616,-246581,4276
07-10 11:53:10.619 11980 12073 I BatteryMgr:DataCollectionService: stats => 1688982790619,-246581,4276
07-10 11:53:10.621 11980 12073 I BatteryMgr:DataCollectionService: stats => 1688982790621,-246581,4276
07-10 11:53:10.622 11980 12073 I BatteryMgr:DataCollectionService: stats => 1688982790622,-246581,4276
07-10 11:53:10.624 11980 12073 I BatteryMgr:DataCollectionService: stats => 1688982790624,-246581,4276
07-10 11:53:10.626 11980 12073 I BatteryMgr:DataCollectionService: stats => 1688982790626,-246581,4276
07-10 11:53:10.628 11980 12073 I BatteryMgr:DataCollectionService: stats => 1688982790628,-246581,4276
07-10 11:53:10.630 11980 12073 I BatteryMgr:DataCollectionService: stats => 1688982790630,-246581,4276
07-10 11:53:10.632 11980 12073 I BatteryMgr:DataCollectionService: stats => 1688982790632,-246581,4276
07-10 11:53:10.634 11980 12073 I BatteryMgr:DataCollectionService: stats => 1688982790634,-246581,4276
07-10 11:53:10.637 11980 12073 I BatteryMgr:DataCollectionService: stats => 1688982790637,-246581,4276
07-10 11:53:10.639 11980 12073 I BatteryMgr:DataCollectionService: stats => 1688982790639,-246581,4276
07-10 11:53:10.641 11980 12073 I BatteryMgr:DataCollectionService: stats => 1688982790640,-246581,4276
07-10 11:53:10.642 11980 12073 I BatteryMgr:DataCollectionService: stats => 1688982790642,-246581,4276
07-10 11:53:10.644 11980 12073 I BatteryMgr:DataCollectionService: stats => 1688982790644,-246581,4276
07-10 11:53:10.645 11980 12073 I BatteryMgr:DataCollectionService: stats => 1688982790645,-246581,4276
07-10 11:53:10.646 11980 12073 I BatteryMgr:DataCollectionService: stats => 1688982790646,-246581,4276
07-10 11:53:10.648 11980 12073 I BatteryMgr:DataCollectionService: stats => 1688982790648,-246581,4276
07-10 11:53:10.650 11980 12073 I BatteryMgr:DataCollectionService: stats => 1688982790650,-246581,4276
07-10 11:53:10.652 11980 12073 I BatteryMgr:DataCollectionService: stats => 1688982790652,-246581,4276
07-10 11:53:10.655 11980 12073 I BatteryMgr:DataCollectionService: stats => 1688982790655,-246581,4276
07-10 11:53:10.657 11980 12073 I BatteryMgr:DataCollectionService: stats => 1688982790656,-246581,4276
07-10 11:53:10.658 11980 12073 I BatteryMgr:DataCollectionService: stats => 1688982790658,-246581,4276
07-10 11:53:10.660 11980 12073 I BatteryMgr:DataCollectionService: stats => 1688982790660,-246581,4276
07-10 11:53:10.662 11980 12073 I BatteryMgr:DataCollectionService: stats => 1688982790662,-246581,4276
07-10 11:53:10.663 11980 12073 I BatteryMgr:DataCollectionService: stats => 1688982790663,-246581,4276
07-10 11:53:10.665 11980 12073 I BatteryMgr:DataCollectionService: stats => 1688982790665,-246581,4276
07-10 11:53:10.667 11980 12073 I BatteryMgr:DataCollectionService: stats => 1688982790667,-246581,4276
07-10 11:53:10.669 11980 12073 I BatteryMgr:DataCollectionService: stats => 1688982790669,-246581,4276
07-10 11:53:10.672 11980 12073 I BatteryMgr:DataCollectionService: stats => 1688982790672,-246581,4276
07-10 11:53:10.674 11980 12073 I BatteryMgr:DataCollectionService: stats => 1688982790674,-246581,4276
07-10 11:53:10.675 11980 12073 I BatteryMgr:DataCollectionService: stats => 1688982790675,-246581,4276
07-10 11:53:10.678 11980 12073 I BatteryMgr:DataCollectionService: stats => 1688982790677,-246581,4276
07-10 11:53:10.680 11980 12073 I BatteryMgr:DataCollectionService: stats => 1688982790680,-246581,4276
07-10 11:53:10.682 11980 12073 I BatteryMgr:DataCollectionService: stats => 1688982790682,-246581,4276
07-10 11:53:10.686 11980 12073 I BatteryMgr:DataCollectionService: stats => 1688982790686,-246581,4276
07-10 11:53:10.689 11980 12073 I BatteryMgr:DataCollectionService: stats => 1688982790689,-246581,4276
07-10 11:53:10.691 11980 12073 I BatteryMgr:DataCollectionService: stats => 1688982790691,-246581,4276
07-10 11:53:10.693 11980 12073 I BatteryMgr:DataCollectionService: stats => 1688982790693,-246581,4276
07-10 11:53:10.695 11980 12073 I BatteryMgr:DataCollectionService: stats => 1688982790695,-246581,4276
07-10 11:53:10.697 11980 12073 I BatteryMgr:DataCollectionService: stats => 1688982790697,-246581,4276
07-10 11:53:10.700 11980 12073 I BatteryMgr:DataCollectionService: stats => 1688982790700,-246581,4276
07-10 11:53:10.702 11980 12073 I BatteryMgr:DataCollectionService: stats => 1688982790702,-246581,4276
07-10 11:53:10.704 11980 12073 I BatteryMgr:DataCollectionService: stats => 1688982790703,-246581,4276
07-10 11:53:10.706 11980 12073 I BatteryMgr:DataCollectionService: stats => 1688982790706,-246581,4276
07-10 11:53:10.708 11980 12073 I BatteryMgr:DataCollectionService: stats => 1688982790708,-246581,4276
07-10 11:53:10.709 11980 12073 I BatteryMgr:DataCollectionService: stats => 1688982790709,-246581,4276
07-10 11:53:10.711 11980 12073 I BatteryMgr:DataCollectionService: stats => 1688982790711,-246581,4276
07-10 11:53:10.712 11980 12073 I BatteryMgr:DataCollectionService: stats => 1688982790712,-246581,4276
07-10 11:53:10.713 11980 12073 I BatteryMgr:DataCollectionService: stats => 1688982790713,-246581,4276
07-10 11:53:10.715 11980 12073 I BatteryMgr:DataCollectionService: stats => 1688982790714,-246581,4276
07-10 11:53:10.716 11980 12073 I BatteryMgr:DataCollectionService: stats => 1688982790716,-246581,4276
07-10 11:53:10.717 11980 12073 I BatteryMgr:DataCollectionService: stats => 1688982790717,-246581,4276
07-10 11:53:10.718 11980 12073 I BatteryMgr:DataCollectionService: stats => 1688982790718,-246581,4276
07-10 11:53:10.721 11980 12073 I BatteryMgr:DataCollectionService: stats => 1688982790721,-246581,4276
07-10 11:53:10.723 11980 12073 I BatteryMgr:DataCollectionService: stats => 1688982790723,-246581,4276
07-10 11:53:10.725 11980 12073 I BatteryMgr:DataCollectionService: stats => 1688982790725,-246581,4276
07-10 11:53:10.726 11980 12073 I BatteryMgr:DataCollectionService: stats => 1688982790726,-246581,4276
07-10 11:53:10.728 11980 12073 I BatteryMgr:DataCollectionService: stats => 1688982790728,-246581,4276
07-10 11:53:10.730 11980 12073 I BatteryMgr:DataCollectionService: stats => 1688982790729,-246581,4276
07-10 11:53:10.731 11980 12073 I BatteryMgr:DataCollectionService: stats => 1688982790731,-246581,4276
07-10 11:53:10.733 11980 12073 I BatteryMgr:DataCollectionService: stats => 1688982790732,-246581,4276
07-10 11:53:10.734 11980 12073 I BatteryMgr:DataCollectionService: stats => 1688982790734,-246581,4276
07-10 11:53:10.735 11980 12073 I BatteryMgr:DataCollectionService: stats => 1688982790735,-246581,4276
07-10 11:53:10.737 11980 12073 I BatteryMgr:DataCollectionService: stats => 1688982790737,-246581,4276
07-10 11:53:10.739 11980 12073 I BatteryMgr:DataCollectionService: stats => 1688982790739,-246581,4276
07-10 11:53:10.742 11980 12073 I BatteryMgr:DataCollectionService: stats => 1688982790742,-246581,4276
07-10 11:53:10.744 11980 12073 I BatteryMgr:DataCollectionService: stats => 1688982790744,-246581,4276
07-10 11:53:10.747 11980 12073 I BatteryMgr:DataCollectionService: stats => 1688982790747,-246581,4276
07-10 11:53:10.749 11980 12073 I BatteryMgr:DataCollectionService: stats => 1688982790749,-246581,4276
07-10 11:53:10.751 11980 12073 I BatteryMgr:DataCollectionService: stats => 1688982790751,-246581,4276
07-10 11:53:10.753 11980 12073 I BatteryMgr:DataCollectionService: stats => 1688982790753,-246581,4276
07-10 11:53:10.754 11980 12073 I BatteryMgr:DataCollectionService: stats => 1688982790754,-246581,4276
07-10 11:53:10.757 11980 12073 I BatteryMgr:DataCollectionService: stats => 1688982790757,-246581,4276
07-10 11:53:10.760 11980 12073 I BatteryMgr:DataCollectionService: stats => 1688982790760,-246581,4276
07-10 11:53:10.762 11980 12073 I BatteryMgr:DataCollectionService: stats => 1688982790762,-246581,4276
07-10 11:53:10.764 11980 12073 I BatteryMgr:DataCollectionService: stats => 1688982790763,-246581,4276
07-10 11:53:10.765 11980 12073 I BatteryMgr:DataCollectionService: stats => 1688982790765,-246581,4276
07-10 11:53:10.767 11980 12073 I BatteryMgr:DataCollectionService: stats => 1688982790767,-246581,4276
07-10 11:53:10.769 11980 12073 I BatteryMgr:DataCollectionService: stats => 1688982790769,-246581,4276
07-10 11:53:10.771 11980 12073 I BatteryMgr:DataCollectionService: stats => 1688982790771,-246581,4276
07-10 11:53:10.773 11980 12073 I BatteryMgr:DataCollectionService: stats => 1688982790773,-246581,4276
07-10 11:53:10.775 11980 12073 I BatteryMgr:DataCollectionService: stats => 1688982790775,-246581,4276
07-10 11:53:10.778 11980 12073 I BatteryMgr:DataCollectionService: stats => 1688982790778,-246581,4276
07-10 11:53:10.780 11980 12073 I BatteryMgr:DataCollectionService: stats => 1688982790780,-246581,4276
07-10 11:53:10.782 11980 12073 I BatteryMgr:DataCollectionService: stats => 1688982790782,-246581,4276
07-10 11:53:10.784 11980 12073 I BatteryMgr:DataCollectionService: stats => 1688982790784,-246581,4276
07-10 11:53:10.785 11980 12073 I BatteryMgr:DataCollectionService: stats => 1688982790785,-246581,4276
07-10 11:53:10.787 11980 12073 I BatteryMgr:DataCollectionService: stats => 1688982790787,-246581,4276
07-10 11:53:10.789 11980 12073 I BatteryMgr:DataCollectionService: stats => 1688982790789,-246581,4276
07-10 11:53:10.791 11980 12073 I BatteryMgr:DataCollectionService: stats => 1688982790791,-246581,4276
07-10 11:53:10.794 11980 12073 I BatteryMgr:DataCollectionService: stats => 1688982790793,-246581,4276
07-10 11:53:10.796 11980 12073 I BatteryMgr:DataCollectionService: stats => 1688982790796,-246581,4276
07-10 11:53:10.798 11980 12073 I BatteryMgr:DataCollectionService: stats => 1688982790798,-246581,4276
07-10 11:53:10.800 11980 12073 I BatteryMgr:DataCollectionService: stats => 1688982790800,-246581,4276
07-10 11:53:10.802 11980 12073 I BatteryMgr:DataCollectionService: stats => 1688982790802,-246581,4276
07-10 11:53:10.804 11980 12073 I BatteryMgr:DataCollectionService: stats => 1688982790804,-246581,4276
07-10 11:53:10.806 11980 12073 I BatteryMgr:DataCollectionService: stats => 1688982790806,-246581,4276
07-10 11:53:10.808 11980 12073 I BatteryMgr:DataCollectionService: stats => 1688982790808,-246581,4276
07-10 11:53:10.812 11980 12073 I BatteryMgr:DataCollectionService: stats => 1688982790811,-246581,4276
07-10 11:53:10.814 11980 12073 I BatteryMgr:DataCollectionService: stats => 1688982790814,-246581,4276
07-10 11:53:10.816 11980 12073 I BatteryMgr:DataCollectionService: stats => 1688982790815,-246581,4276
07-10 11:53:10.817 11980 12073 I BatteryMgr:DataCollectionService: stats => 1688982790817,-246581,4276
07-10 11:53:10.818 11980 12073 I BatteryMgr:DataCollectionService: stats => 1688982790818,-246581,4276
07-10 11:53:10.820 11980 12073 I BatteryMgr:DataCollectionService: stats => 1688982790820,-246581,4276
07-10 11:53:10.822 11980 12073 I BatteryMgr:DataCollectionService: stats => 1688982790822,-246581,4276
07-10 11:53:10.824 11980 12073 I BatteryMgr:DataCollectionService: stats => 1688982790824,-246581,4276
07-10 11:53:10.827 11980 12073 I BatteryMgr:DataCollectionService: stats => 1688982790827,-246581,4276
07-10 11:53:10.830 11980 12073 I BatteryMgr:DataCollectionService: stats => 1688982790830,-246581,4276
07-10 11:53:10.833 11980 12073 I BatteryMgr:DataCollectionService: stats => 1688982790833,-246581,4276
07-10 11:53:10.834 11980 12073 I BatteryMgr:DataCollectionService: stats => 1688982790834,-246581,4276
07-10 11:53:10.836 11980 12073 I BatteryMgr:DataCollectionService: stats => 1688982790836,-246581,4276
07-10 11:53:10.838 11980 12073 I BatteryMgr:DataCollectionService: stats => 1688982790837,-246581,4276
07-10 11:53:10.839 11980 12073 I BatteryMgr:DataCollectionService: stats => 1688982790839,-246581,4276
07-10 11:53:10.841 11980 12073 I BatteryMgr:DataCollectionService: stats => 1688982790841,-246581,4276
07-10 11:53:10.844 11980 12073 I BatteryMgr:DataCollectionService: stats => 1688982790844,-246581,4276
07-10 11:53:10.847 11980 12073 I BatteryMgr:DataCollectionService: stats => 1688982790847,-246581,4276
07-10 11:53:10.849 11980 12073 I BatteryMgr:DataCollectionService: stats => 1688982790849,-246581,4276
07-10 11:53:10.851 11980 12073 I BatteryMgr:DataCollectionService: stats => 1688982790851,-246581,4276
07-10 11:53:10.852 11980 12073 I BatteryMgr:DataCollectionService: stats => 1688982790852,-246581,4276
07-10 11:53:10.853 11980 12073 I BatteryMgr:DataCollectionService: stats => 1688982790853,-246581,4276
07-10 11:53:10.855 11980 12073 I BatteryMgr:DataCollectionService: stats => 1688982790855,-246581,4276
07-10 11:53:10.856 11980 12073 I BatteryMgr:DataCollectionService: stats => 1688982790856,-246581,4276
07-10 11:53:10.858 11980 12073 I BatteryMgr:DataCollectionService: stats => 1688982790858,-246581,4276
07-10 11:53:10.859 11980 12073 I BatteryMgr:DataCollectionService: stats => 1688982790859,-246581,4276
07-10 11:53:10.863 11980 12073 I BatteryMgr:DataCollectionService: stats => 1688982790863,-246581,4276
07-10 11:53:10.866 11980 12073 I BatteryMgr:DataCollectionService: stats => 1688982790866,-246581,4276
07-10 11:53:10.868 11980 12073 I BatteryMgr:DataCollectionService: stats => 1688982790868,-246581,4276
07-10 11:53:10.869 11980 12073 I BatteryMgr:DataCollectionService: stats => 1688982790869,-246581,4276
07-10 11:53:10.871 11980 12073 I BatteryMgr:DataCollectionService: stats => 1688982790871,-246581,4276
07-10 11:53:10.873 11980 12073 I BatteryMgr:DataCollectionService: stats => 1688982790873,-246581,4276
07-10 11:53:10.875 11980 12073 I BatteryMgr:DataCollectionService: stats => 1688982790875,-246581,4276
07-10 11:53:10.877 11980 12073 I BatteryMgr:DataCollectionService: stats => 1688982790877,-246581,4276
07-10 11:53:10.879 11980 12073 I BatteryMgr:DataCollectionService: stats => 1688982790879,-246581,4276
07-10 11:53:10.883 11980 12073 I BatteryMgr:DataCollectionService: stats => 1688982790883,-246581,4276
07-10 11:53:10.886 11980 12073 I BatteryMgr:DataCollectionService: stats => 1688982790886,-246581,4276
07-10 11:53:10.888 11980 12073 I BatteryMgr:DataCollectionService: stats => 1688982790888,-246581,4276
07-10 11:53:10.890 11980 12073 I BatteryMgr:DataCollectionService: stats => 1688982790890,-246581,4276
07-10 11:53:10.893 11980 12073 I BatteryMgr:DataCollectionService: stats => 1688982790893,-246581,4276
07-10 11:53:10.895 11980 12073 I BatteryMgr:DataCollectionService: stats => 1688982790895,-246581,4276
07-10 11:53:10.898 11980 12073 I BatteryMgr:DataCollectionService: stats => 1688982790898,-246581,4276
07-10 11:53:10.901 11980 12073 I BatteryMgr:DataCollectionService: stats => 1688982790901,-246581,4276
07-10 11:53:10.904 11980 12073 I BatteryMgr:DataCollectionService: stats => 1688982790904,-246581,4276
07-10 11:53:10.906 11980 12073 I BatteryMgr:DataCollectionService: stats => 1688982790906,-246581,4276
07-10 11:53:10.908 11980 12073 I BatteryMgr:DataCollectionService: stats => 1688982790908,-246581,4276
07-10 11:53:10.911 11980 12073 I BatteryMgr:DataCollectionService: stats => 1688982790911,-246581,4276
07-10 11:53:10.913 11980 12073 I BatteryMgr:DataCollectionService: stats => 1688982790913,-246581,4276
07-10 11:53:10.917 11980 12073 I BatteryMgr:DataCollectionService: stats => 1688982790917,-246581,4276
07-10 11:53:10.921 11980 12073 I BatteryMgr:DataCollectionService: stats => 1688982790921,-246581,4276
07-10 11:53:10.924 11980 12073 I BatteryMgr:DataCollectionService: stats => 1688982790924,-246581,4276
07-10 11:53:10.927 11980 12073 I BatteryMgr:DataCollectionService: stats => 1688982790927,-246581,4276
07-10 11:53:10.929 11980 12073 I BatteryMgr:DataCollectionService: stats => 1688982790929,-246581,4276
07-10 11:53:10.933 11980 12073 I BatteryMgr:DataCollectionService: stats => 1688982790933,-246581,4276
07-10 11:53:10.938 11980 12073 I BatteryMgr:DataCollectionService: stats => 1688982790937,-246581,4276
07-10 11:53:10.944 11980 12073 I BatteryMgr:DataCollectionService: stats => 1688982790944,-246581,4276
07-10 11:53:10.949 11980 12073 I BatteryMgr:DataCollectionService: stats => 1688982790949,-246581,4276
07-10 11:53:10.954 11980 12073 I BatteryMgr:DataCollectionService: stats => 1688982790954,-246581,4276
07-10 11:53:10.958 11980 12073 I BatteryMgr:DataCollectionService: stats => 1688982790958,-246581,4276
07-10 11:53:10.961 11980 12073 I BatteryMgr:DataCollectionService: stats => 1688982790961,-246581,4276
07-10 11:53:10.964 11980 12073 I BatteryMgr:DataCollectionService: stats => 1688982790964,-246581,4276
07-10 11:53:10.968 11980 12073 I BatteryMgr:DataCollectionService: stats => 1688982790968,-246581,4276
07-10 11:53:10.974 11980 12073 I BatteryMgr:DataCollectionService: stats => 1688982790974,-246581,4276
07-10 11:53:10.977 11980 12073 I BatteryMgr:DataCollectionService: stats => 1688982790977,-246581,4276
07-10 11:53:10.981 11980 12073 I BatteryMgr:DataCollectionService: stats => 1688982790981,-246581,4276
07-10 11:53:10.985 11980 12073 I BatteryMgr:DataCollectionService: stats => 1688982790985,-246581,4276
07-10 11:53:10.990 11980 12073 I BatteryMgr:DataCollectionService: stats => 1688982790990,-246581,4276
07-10 11:53:10.994 11980 12073 I BatteryMgr:DataCollectionService: stats => 1688982790994,-246581,4276
07-10 11:53:10.997 11980 12073 I BatteryMgr:DataCollectionService: stats => 1688982790997,-246581,4276
07-10 11:53:11.000 11980 12073 I BatteryMgr:DataCollectionService: stats => 1688982791000,-246581,4276
07-10 11:53:11.004 11980 12073 I BatteryMgr:DataCollectionService: stats => 1688982791004,-246581,4276
07-10 11:53:11.006 11980 12073 I BatteryMgr:DataCollectionService: stats => 1688982791006,-246581,4276
07-10 11:53:11.008 11980 12073 I BatteryMgr:DataCollectionService: stats => 1688982791008,-246581,4276
07-10 11:53:11.011 11980 12073 I BatteryMgr:DataCollectionService: stats => 1688982791011,-246581,4276
07-10 11:53:11.013 11980 12073 I BatteryMgr:DataCollectionService: stats => 1688982791013,-246581,4276
07-10 11:53:11.014 11980 12073 I BatteryMgr:DataCollectionService: stats => 1688982791014,-246581,4276
07-10 11:53:11.016 11980 12073 I BatteryMgr:DataCollectionService: stats => 1688982791016,-246581,4276
07-10 11:53:11.018 11980 12073 I BatteryMgr:DataCollectionService: stats => 1688982791018,-246581,4276
07-10 11:53:11.021 11980 12073 I BatteryMgr:DataCollectionService: stats => 1688982791021,-246581,4276
07-10 11:53:11.026 11980 12073 I BatteryMgr:DataCollectionService: stats => 1688982791026,-246581,4276
07-10 11:53:11.029 11980 12073 I BatteryMgr:DataCollectionService: stats => 1688982791029,-246581,4276
07-10 11:53:11.032 11980 12073 I BatteryMgr:DataCollectionService: stats => 1688982791032,-246581,4276
07-10 11:53:11.034 11980 12073 I BatteryMgr:DataCollectionService: stats => 1688982791034,-246581,4276
07-10 11:53:11.036 11980 12073 I BatteryMgr:DataCollectionService: stats => 1688982791036,-246581,4276
07-10 11:53:11.040 11980 12073 I BatteryMgr:DataCollectionService: stats => 1688982791040,-246581,4276
07-10 11:53:11.044 11980 12073 I BatteryMgr:DataCollectionService: stats => 1688982791044,-246581,4276
07-10 11:53:11.048 11980 12073 I BatteryMgr:DataCollectionService: stats => 1688982791048,-246581,4276
07-10 11:53:11.051 11980 12073 I BatteryMgr:DataCollectionService: stats => 1688982791051,-246581,4276
07-10 11:53:11.054 11980 12073 I BatteryMgr:DataCollectionService: stats => 1688982791053,-246581,4276
07-10 11:53:11.057 11980 12073 I BatteryMgr:DataCollectionService: stats => 1688982791057,-246581,4276
07-10 11:53:11.061 11980 12073 I BatteryMgr:DataCollectionService: stats => 1688982791061,-246581,4276
07-10 11:53:11.065 11980 12073 I BatteryMgr:DataCollectionService: stats => 1688982791065,-246581,4276
07-10 11:53:11.067 11980 12073 I BatteryMgr:DataCollectionService: stats => 1688982791067,-246581,4276
07-10 11:53:11.071 11980 12073 I BatteryMgr:DataCollectionService: stats => 1688982791071,-246581,4276
07-10 11:53:11.075 11980 12073 I BatteryMgr:DataCollectionService: stats => 1688982791075,-246581,4276
07-10 11:53:11.080 11980 12073 I BatteryMgr:DataCollectionService: stats => 1688982791080,-246581,4276
07-10 11:53:11.084 11980 12073 I BatteryMgr:DataCollectionService: stats => 1688982791083,-246581,4276
07-10 11:53:11.086 11980 12073 I BatteryMgr:DataCollectionService: stats => 1688982791086,-246581,4276
07-10 11:53:11.089 11980 12073 I BatteryMgr:DataCollectionService: stats => 1688982791089,-246581,4276
07-10 11:53:11.094 11980 12073 I BatteryMgr:DataCollectionService: stats => 1688982791094,-246581,4276
07-10 11:53:11.098 11980 12073 I BatteryMgr:DataCollectionService: stats => 1688982791098,-246581,4276
07-10 11:53:11.101 11980 12073 I BatteryMgr:DataCollectionService: stats => 1688982791101,-246581,4276
07-10 11:53:11.104 11980 12073 I BatteryMgr:DataCollectionService: stats => 1688982791104,-246581,4276
07-10 11:53:11.107 11980 12073 I BatteryMgr:DataCollectionService: stats => 1688982791107,-246581,4276
07-10 11:53:11.112 11980 12073 I BatteryMgr:DataCollectionService: stats => 1688982791112,-246581,4276
07-10 11:53:11.115 11980 12073 I BatteryMgr:DataCollectionService: stats => 1688982791115,-246581,4276
07-10 11:53:11.120 11980 12073 I BatteryMgr:DataCollectionService: stats => 1688982791120,-246581,4276
07-10 11:53:11.123 11980 12073 I BatteryMgr:DataCollectionService: stats => 1688982791123,-246581,4276
07-10 11:53:11.130 11980 12073 I BatteryMgr:DataCollectionService: stats => 1688982791130,-246581,4276
07-10 11:53:11.134 11980 12073 I BatteryMgr:DataCollectionService: stats => 1688982791134,-246581,4276
07-10 11:53:11.136 11980 12073 I BatteryMgr:DataCollectionService: stats => 1688982791136,-246581,4276
07-10 11:53:11.139 11980 12073 I BatteryMgr:DataCollectionService: stats => 1688982791139,-246581,4276
07-10 11:53:11.145 11980 12073 I BatteryMgr:DataCollectionService: stats => 1688982791145,-246581,4276
07-10 11:53:11.150 11980 12073 I BatteryMgr:DataCollectionService: stats => 1688982791150,-246581,4276
07-10 11:53:11.154 11980 12073 I BatteryMgr:DataCollectionService: stats => 1688982791154,-246581,4276
07-10 11:53:11.158 11980 12073 I BatteryMgr:DataCollectionService: stats => 1688982791157,-246581,4276
07-10 11:53:11.163 11980 12073 I BatteryMgr:DataCollectionService: stats => 1688982791163,-246581,4276
07-10 11:53:11.167 11980 12073 I BatteryMgr:DataCollectionService: stats => 1688982791167,-246581,4276
07-10 11:53:11.172 11980 12073 I BatteryMgr:DataCollectionService: stats => 1688982791172,-246581,4276
07-10 11:53:11.175 11980 12073 I BatteryMgr:DataCollectionService: stats => 1688982791175,-246581,4276
07-10 11:53:11.180 11980 12073 I BatteryMgr:DataCollectionService: stats => 1688982791180,-246581,4276
07-10 11:53:11.184 11980 12073 I BatteryMgr:DataCollectionService: stats => 1688982791183,-246581,4276
07-10 11:53:11.188 11980 12073 I BatteryMgr:DataCollectionService: stats => 1688982791187,-246581,4276
07-10 11:53:11.191 11980 12073 I BatteryMgr:DataCollectionService: stats => 1688982791191,-246581,4276
07-10 11:53:11.195 11980 12073 I BatteryMgr:DataCollectionService: stats => 1688982791195,-246581,4276
07-10 11:53:11.199 11980 12073 I BatteryMgr:DataCollectionService: stats => 1688982791198,-246581,4276
07-10 11:53:11.203 11980 12073 I BatteryMgr:DataCollectionService: stats => 1688982791203,-246581,4276
07-10 11:53:11.206 11980 12073 I BatteryMgr:DataCollectionService: stats => 1688982791206,-246581,4276
07-10 11:53:11.210 11980 12073 I BatteryMgr:DataCollectionService: stats => 1688982791210,-246581,4276
07-10 11:53:11.216 11980 12073 I BatteryMgr:DataCollectionService: stats => 1688982791215,-246581,4276
07-10 11:53:11.221 11980 12073 I BatteryMgr:DataCollectionService: stats => 1688982791220,-246581,4276
07-10 11:53:11.227 11980 12073 I BatteryMgr:DataCollectionService: stats => 1688982791227,-246581,4276
07-10 11:53:11.232 11980 12073 I BatteryMgr:DataCollectionService: stats => 1688982791232,-246581,4276
07-10 11:53:11.235 11980 12073 I BatteryMgr:DataCollectionService: stats => 1688982791235,-246581,4276
07-10 11:53:11.239 11980 12073 I BatteryMgr:DataCollectionService: stats => 1688982791239,-246581,4276
07-10 11:53:11.244 11980 12073 I BatteryMgr:DataCollectionService: stats => 1688982791244,-246581,4276
07-10 11:53:11.248 11980 12073 I BatteryMgr:DataCollectionService: stats => 1688982791248,-246581,4276
07-10 11:53:11.253 11980 12073 I BatteryMgr:DataCollectionService: stats => 1688982791253,-246581,4276
07-10 11:53:11.257 11980 12073 I BatteryMgr:DataCollectionService: stats => 1688982791256,-168945,4276
07-10 11:53:11.261 11980 12073 I BatteryMgr:DataCollectionService: stats => 1688982791261,-168945,4276
07-10 11:53:11.266 11980 12073 I BatteryMgr:DataCollectionService: stats => 1688982791265,-168945,4276
