07-05 17:21:32.710 22334 22478 I BatteryMgr:DataCollectionService: stats => 1688570492710,309375,4094
07-05 17:21:32.724 22334 22478 I BatteryMgr:DataCollectionService: stats => 1688570492724,309375,4094
07-05 17:21:32.737 22334 22478 I BatteryMgr:DataCollectionService: stats => 1688570492737,309375,4094
07-05 17:21:32.750 22334 22478 I BatteryMgr:DataCollectionService: stats => 1688570492750,309375,4094
07-05 17:21:32.763 22334 22478 I BatteryMgr:DataCollectionService: stats => 1688570492763,309375,4094
07-05 17:21:32.776 22334 22478 I BatteryMgr:DataCollectionService: stats => 1688570492776,309375,4094
07-05 17:21:32.790 22334 22478 I BatteryMgr:DataCollectionService: stats => 1688570492790,309375,4094
07-05 17:21:32.802 22334 22478 I BatteryMgr:DataCollectionService: stats => 1688570492802,309375,4094
07-05 17:21:32.815 22334 22478 I BatteryMgr:DataCollectionService: stats => 1688570492815,309375,4094
07-05 17:21:32.828 22334 22478 I BatteryMgr:DataCollectionService: stats => 1688570492828,309375,4094
07-05 17:21:32.841 22334 22478 I BatteryMgr:DataCollectionService: stats => 1688570492841,309375,4094
07-05 17:21:32.854 22334 22478 I BatteryMgr:DataCollectionService: stats => 1688570492854,309375,4094
07-05 17:21:32.867 22334 22478 I BatteryMgr:DataCollectionService: stats => 1688570492867,309375,4094
07-05 17:21:32.881 22334 22478 I BatteryMgr:DataCollectionService: stats => 1688570492881,309375,4094
07-05 17:21:32.894 22334 22478 I BatteryMgr:DataCollectionService: stats => 1688570492894,309375,4094
07-05 17:21:32.907 22334 22478 I BatteryMgr:DataCollectionService: stats => 1688570492907,309375,4094
07-05 17:21:32.920 22334 22478 I BatteryMgr:DataCollectionService: stats => 1688570492920,309375,4094
07-05 17:21:32.934 22334 22478 I BatteryMgr:DataCollectionService: stats => 1688570492934,309375,4094
07-05 17:21:32.948 22334 22478 I BatteryMgr:DataCollectionService: stats => 1688570492948,309375,4094
07-05 17:21:32.961 22334 22478 I BatteryMgr:DataCollectionService: stats => 1688570492960,306562,4094
07-05 17:21:32.974 22334 22478 I BatteryMgr:DataCollectionService: stats => 1688570492974,306562,4094
07-05 17:21:32.987 22334 22478 I BatteryMgr:DataCollectionService: stats => 1688570492987,306562,4094
07-05 17:21:33.000 22334 22478 I BatteryMgr:DataCollectionService: stats => 1688570493000,306562,4094
07-05 17:21:33.014 22334 22478 I BatteryMgr:DataCollectionService: stats => 1688570493014,306562,4094
07-05 17:21:33.027 22334 22478 I BatteryMgr:DataCollectionService: stats => 1688570493027,306562,4094
07-05 17:21:33.041 22334 22478 I BatteryMgr:DataCollectionService: stats => 1688570493041,306562,4094
07-05 17:21:33.054 22334 22478 I BatteryMgr:DataCollectionService: stats => 1688570493054,306562,4094
07-05 17:21:33.068 22334 22478 I BatteryMgr:DataCollectionService: stats => 1688570493068,306562,4094
07-05 17:21:33.082 22334 22478 I BatteryMgr:DataCollectionService: stats => 1688570493081,306562,4094
07-05 17:21:33.095 22334 22478 I BatteryMgr:DataCollectionService: stats => 1688570493095,306562,4094
07-05 17:21:33.108 22334 22478 I BatteryMgr:DataCollectionService: stats => 1688570493108,306562,4094
07-05 17:21:33.121 22334 22478 I BatteryMgr:DataCollectionService: stats => 1688570493121,306562,4094
07-05 17:21:33.134 22334 22478 I BatteryMgr:DataCollectionService: stats => 1688570493134,306562,4094
07-05 17:21:33.147 22334 22478 I BatteryMgr:DataCollectionService: stats => 1688570493147,306562,4094
07-05 17:21:33.161 22334 22478 I BatteryMgr:DataCollectionService: stats => 1688570493161,306562,4094
07-05 17:21:33.174 22334 22478 I BatteryMgr:DataCollectionService: stats => 1688570493174,306562,4094
07-05 17:21:33.187 22334 22478 I BatteryMgr:DataCollectionService: stats => 1688570493187,306562,4094
07-05 17:21:33.200 22334 22478 I BatteryMgr:DataCollectionService: stats => 1688570493200,306562,4094
07-05 17:21:33.213 22334 22478 I BatteryMgr:DataCollectionService: stats => 1688570493213,306562,4094
07-05 17:21:33.227 22334 22478 I BatteryMgr:DataCollectionService: stats => 1688570493227,306562,4094
07-05 17:21:33.240 22334 22478 I BatteryMgr:DataCollectionService: stats => 1688570493240,306562,4094
07-05 17:21:33.254 22334 22478 I BatteryMgr:DataCollectionService: stats => 1688570493254,306562,4094
07-05 17:21:33.267 22334 22478 I BatteryMgr:DataCollectionService: stats => 1688570493267,306562,4094
07-05 17:21:33.280 22334 22478 I BatteryMgr:DataCollectionService: stats => 1688570493280,306562,4094
07-05 17:21:33.293 22334 22478 I BatteryMgr:DataCollectionService: stats => 1688570493293,306562,4094
07-05 17:21:33.306 22334 22478 I BatteryMgr:DataCollectionService: stats => 1688570493306,298125,4094
07-05 17:21:33.319 22334 22478 I BatteryMgr:DataCollectionService: stats => 1688570493319,298125,4094
07-05 17:21:33.333 22334 22478 I BatteryMgr:DataCollectionService: stats => 1688570493333,298125,4094
07-05 17:21:33.333  1502  1502 I EaselThermalMonitor: Cooling Device: mnh cur_state 0 max_state 4
07-05 17:21:33.333  1502  1502 I EaselThermalMonitor: Cooling Device: mnh cur_state 0 max_state 4
07-05 17:21:33.346 22334 22478 I BatteryMgr:DataCollectionService: stats => 1688570493346,298125,4094
07-05 17:21:33.359 22334 22478 I BatteryMgr:DataCollectionService: stats => 1688570493359,298125,4094
07-05 17:21:33.372 22334 22478 I BatteryMgr:DataCollectionService: stats => 1688570493372,298125,4094
07-05 17:21:33.385 22334 22478 I BatteryMgr:DataCollectionService: stats => 1688570493385,298125,4094
07-05 17:21:33.399 22334 22478 I BatteryMgr:DataCollectionService: stats => 1688570493399,298125,4094
07-05 17:21:33.413 22334 22478 I BatteryMgr:DataCollectionService: stats => 1688570493413,298125,4094
07-05 17:21:33.426 22334 22478 I BatteryMgr:DataCollectionService: stats => 1688570493426,298125,4094
07-05 17:21:33.439 22334 22478 I BatteryMgr:DataCollectionService: stats => 1688570493439,298125,4094
07-05 17:21:33.453 22334 22478 I BatteryMgr:DataCollectionService: stats => 1688570493453,298125,4094
07-05 17:21:33.466 22334 22478 I BatteryMgr:DataCollectionService: stats => 1688570493466,298125,4094
07-05 17:21:33.479 22334 22478 I BatteryMgr:DataCollectionService: stats => 1688570493479,298125,4094
07-05 17:21:33.493 22334 22478 I BatteryMgr:DataCollectionService: stats => 1688570493493,298125,4094
07-05 17:21:33.506 22334 22478 I BatteryMgr:DataCollectionService: stats => 1688570493506,298125,4094
07-05 17:21:33.520 22334 22478 I BatteryMgr:DataCollectionService: stats => 1688570493520,298125,4094
07-05 17:21:33.533 22334 22478 I BatteryMgr:DataCollectionService: stats => 1688570493533,298125,4094
07-05 17:21:33.546 22334 22478 I BatteryMgr:DataCollectionService: stats => 1688570493546,298125,4094
07-05 17:21:33.559 22334 22478 I BatteryMgr:DataCollectionService: stats => 1688570493559,298125,4094
07-05 17:21:33.573 22334 22478 I BatteryMgr:DataCollectionService: stats => 1688570493573,298125,4094
07-05 17:21:33.586 22334 22478 I BatteryMgr:DataCollectionService: stats => 1688570493586,298125,4094
07-05 17:21:33.599 22334 22478 I BatteryMgr:DataCollectionService: stats => 1688570493599,298125,4094
07-05 17:21:33.612 22334 22478 I BatteryMgr:DataCollectionService: stats => 1688570493612,298125,4094
07-05 17:21:33.625 22334 22478 I BatteryMgr:DataCollectionService: stats => 1688570493625,298125,4094
07-05 17:21:33.638 22334 22478 I BatteryMgr:DataCollectionService: stats => 1688570493638,298125,4094
07-05 17:21:33.651 22334 22478 I BatteryMgr:DataCollectionService: stats => 1688570493651,298125,4094
07-05 17:21:33.664 22334 22478 I BatteryMgr:DataCollectionService: stats => 1688570493664,352500,4094
07-05 17:21:33.677 22334 22478 I BatteryMgr:DataCollectionService: stats => 1688570493677,352500,4094
07-05 17:21:33.691 22334 22478 I BatteryMgr:DataCollectionService: stats => 1688570493690,352500,4094
07-05 17:21:33.703 22334 22478 I BatteryMgr:DataCollectionService: stats => 1688570493703,352500,4094
07-05 17:21:33.717 22334 22478 I BatteryMgr:DataCollectionService: stats => 1688570493717,352500,4094
07-05 17:21:33.730 22334 22478 I BatteryMgr:DataCollectionService: stats => 1688570493730,352500,4094
07-05 17:21:33.743 22334 22478 I BatteryMgr:DataCollectionService: stats => 1688570493743,352500,4094
07-05 17:21:33.756 22334 22478 I BatteryMgr:DataCollectionService: stats => 1688570493756,352500,4094
07-05 17:21:33.770 22334 22478 I BatteryMgr:DataCollectionService: stats => 1688570493769,352500,4094
07-05 17:21:33.783 22334 22478 I BatteryMgr:DataCollectionService: stats => 1688570493783,352500,4094
07-05 17:21:33.796 22334 22478 I BatteryMgr:DataCollectionService: stats => 1688570493796,352500,4094
07-05 17:21:33.809 22334 22478 I BatteryMgr:DataCollectionService: stats => 1688570493809,352500,4094
07-05 17:21:33.823 22334 22478 I BatteryMgr:DataCollectionService: stats => 1688570493822,352500,4094
07-05 17:21:33.836 22334 22478 I BatteryMgr:DataCollectionService: stats => 1688570493836,352500,4094
07-05 17:21:33.849 22334 22478 I BatteryMgr:DataCollectionService: stats => 1688570493849,352500,4094
07-05 17:21:33.863 22334 22478 I BatteryMgr:DataCollectionService: stats => 1688570493862,352500,4094
07-05 17:21:33.876 22334 22478 I BatteryMgr:DataCollectionService: stats => 1688570493876,352500,4094
07-05 17:21:33.889 22334 22478 I BatteryMgr:DataCollectionService: stats => 1688570493889,352500,4094
07-05 17:21:33.903 22334 22478 I BatteryMgr:DataCollectionService: stats => 1688570493903,352500,4094
07-05 17:21:33.916 22334 22478 I BatteryMgr:DataCollectionService: stats => 1688570493916,352500,4094
07-05 17:21:33.929 22334 22478 I BatteryMgr:DataCollectionService: stats => 1688570493929,352500,4094
07-05 17:21:33.943 22334 22478 I BatteryMgr:DataCollectionService: stats => 1688570493943,352500,4094
07-05 17:21:33.956 22334 22478 I BatteryMgr:DataCollectionService: stats => 1688570493956,352500,4094
07-05 17:21:33.969 22334 22478 I BatteryMgr:DataCollectionService: stats => 1688570493969,352500,4094
07-05 17:21:33.982 22334 22478 I BatteryMgr:DataCollectionService: stats => 1688570493982,352500,4094
07-05 17:21:33.996 22334 22478 I BatteryMgr:DataCollectionService: stats => 1688570493996,352500,4094
07-05 17:21:34.009 22334 22478 I BatteryMgr:DataCollectionService: stats => 1688570494009,292187,4094
07-05 17:21:34.022 22334 22478 I BatteryMgr:DataCollectionService: stats => 1688570494022,292187,4094
07-05 17:21:34.035 22334 22478 I BatteryMgr:DataCollectionService: stats => 1688570494035,292187,4094
07-05 17:21:34.048 22334 22478 I BatteryMgr:DataCollectionService: stats => 1688570494048,292187,4094
07-05 17:21:34.062 22334 22478 I BatteryMgr:DataCollectionService: stats => 1688570494062,292187,4094
07-05 17:21:34.076 22334 22478 I BatteryMgr:DataCollectionService: stats => 1688570494075,292187,4094
07-05 17:21:34.088 22334 22478 I BatteryMgr:DataCollectionService: stats => 1688570494088,292187,4094
07-05 17:21:34.101 22334 22478 I BatteryMgr:DataCollectionService: stats => 1688570494101,292187,4094
07-05 17:21:34.114 22334 22478 I BatteryMgr:DataCollectionService: stats => 1688570494114,292187,4094
07-05 17:21:34.128 22334 22478 I BatteryMgr:DataCollectionService: stats => 1688570494127,292187,4094
07-05 17:21:34.141 22334 22478 I BatteryMgr:DataCollectionService: stats => 1688570494141,292187,4094
07-05 17:21:34.155 22334 22478 I BatteryMgr:DataCollectionService: stats => 1688570494154,292187,4094
07-05 17:21:34.168 22334 22478 I BatteryMgr:DataCollectionService: stats => 1688570494168,292187,4094
07-05 17:21:34.182 22334 22478 I BatteryMgr:DataCollectionService: stats => 1688570494182,292187,4094
07-05 17:21:34.195 22334 22478 I BatteryMgr:DataCollectionService: stats => 1688570494195,292187,4094
07-05 17:21:34.208 22334 22478 I BatteryMgr:DataCollectionService: stats => 1688570494208,292187,4094
07-05 17:21:34.221 22334 22478 I BatteryMgr:DataCollectionService: stats => 1688570494221,292187,4094
07-05 17:21:34.234 22334 22478 I BatteryMgr:DataCollectionService: stats => 1688570494234,292187,4094
07-05 17:21:34.247 22334 22478 I BatteryMgr:DataCollectionService: stats => 1688570494247,292187,4094
07-05 17:21:34.261 22334 22478 I BatteryMgr:DataCollectionService: stats => 1688570494261,292187,4094
07-05 17:21:34.274 22334 22478 I BatteryMgr:DataCollectionService: stats => 1688570494274,292187,4094
07-05 17:21:34.287 22334 22478 I BatteryMgr:DataCollectionService: stats => 1688570494286,292187,4094
07-05 17:21:34.300 22334 22478 I BatteryMgr:DataCollectionService: stats => 1688570494300,292187,4094
07-05 17:21:34.313 22334 22478 I BatteryMgr:DataCollectionService: stats => 1688570494313,292187,4094
07-05 17:21:34.326 22334 22478 I BatteryMgr:DataCollectionService: stats => 1688570494326,292187,4094
07-05 17:21:34.340 22334 22478 I BatteryMgr:DataCollectionService: stats => 1688570494340,292187,4094
07-05 17:21:34.353 22334 22478 I BatteryMgr:DataCollectionService: stats => 1688570494353,292187,4094
07-05 17:21:34.366 22334 22478 I BatteryMgr:DataCollectionService: stats => 1688570494366,298437,4094
07-05 17:21:34.379 22334 22478 I BatteryMgr:DataCollectionService: stats => 1688570494379,298437,4094
07-05 17:21:34.393 22334 22478 I BatteryMgr:DataCollectionService: stats => 1688570494393,298437,4094
07-05 17:21:34.406 22334 22478 I BatteryMgr:DataCollectionService: stats => 1688570494406,298437,4094
07-05 17:21:34.420 22334 22478 I BatteryMgr:DataCollectionService: stats => 1688570494419,298437,4094
07-05 17:21:34.433 22334 22478 I BatteryMgr:DataCollectionService: stats => 1688570494432,298437,4094
07-05 17:21:34.446 22334 22478 I BatteryMgr:DataCollectionService: stats => 1688570494445,298437,4094
07-05 17:21:34.459 22334 22478 I BatteryMgr:DataCollectionService: stats => 1688570494458,298437,4094
07-05 17:21:34.471 22334 22478 I BatteryMgr:DataCollectionService: stats => 1688570494471,298437,4094
07-05 17:21:34.485 22334 22478 I BatteryMgr:DataCollectionService: stats => 1688570494484,298437,4094
07-05 17:21:34.497 22334 22478 I BatteryMgr:DataCollectionService: stats => 1688570494497,298437,4094
07-05 17:21:34.510 22334 22478 I BatteryMgr:DataCollectionService: stats => 1688570494510,298437,4094
07-05 17:21:34.523 22334 22478 I BatteryMgr:DataCollectionService: stats => 1688570494523,298437,4094
07-05 17:21:34.537 22334 22478 I BatteryMgr:DataCollectionService: stats => 1688570494537,298437,4094
07-05 17:21:34.550 22334 22478 I BatteryMgr:DataCollectionService: stats => 1688570494550,298437,4094
07-05 17:21:34.563 22334 22478 I BatteryMgr:DataCollectionService: stats => 1688570494563,298437,4094
07-05 17:21:34.576 22334 22478 I BatteryMgr:DataCollectionService: stats => 1688570494576,298437,4094
07-05 17:21:34.590 22334 22478 I BatteryMgr:DataCollectionService: stats => 1688570494589,298437,4094
07-05 17:21:34.603 22334 22478 I BatteryMgr:DataCollectionService: stats => 1688570494603,298437,4094
07-05 17:21:34.616 22334 22478 I BatteryMgr:DataCollectionService: stats => 1688570494616,298437,4094
07-05 17:21:34.629 22334 22478 I BatteryMgr:DataCollectionService: stats => 1688570494629,298437,4094
07-05 17:21:34.643 22334 22478 I BatteryMgr:DataCollectionService: stats => 1688570494643,298437,4094
07-05 17:21:34.657 22334 22478 I BatteryMgr:DataCollectionService: stats => 1688570494657,298437,4094
07-05 17:21:34.671 22334 22478 I BatteryMgr:DataCollectionService: stats => 1688570494671,298437,4094
07-05 17:21:34.684 22334 22478 I BatteryMgr:DataCollectionService: stats => 1688570494684,298437,4094
07-05 17:21:34.697 22334 22478 I BatteryMgr:DataCollectionService: stats => 1688570494697,298437,4094
07-05 17:21:34.710 22334 22478 I BatteryMgr:DataCollectionService: stats => 1688570494710,407500,4094
07-05 17:21:34.723 22334 22478 I BatteryMgr:DataCollectionService: stats => 1688570494723,407500,4094
07-05 17:21:34.736 22334 22478 I BatteryMgr:DataCollectionService: stats => 1688570494736,407500,4094
07-05 17:21:34.750 22334 22478 I BatteryMgr:DataCollectionService: stats => 1688570494750,407500,4094
07-05 17:21:34.763 22334 22478 I BatteryMgr:DataCollectionService: stats => 1688570494763,407500,4094
07-05 17:21:34.775 22334 22478 I BatteryMgr:DataCollectionService: stats => 1688570494775,407500,4094
07-05 17:21:34.788 22334 22478 I BatteryMgr:DataCollectionService: stats => 1688570494788,407500,4094
07-05 17:21:34.801 22334 22478 I BatteryMgr:DataCollectionService: stats => 1688570494801,407500,4094
07-05 17:21:34.814 22334 22478 I BatteryMgr:DataCollectionService: stats => 1688570494814,407500,4094
07-05 17:21:34.828 22334 22478 I BatteryMgr:DataCollectionService: stats => 1688570494828,407500,4094
07-05 17:21:34.841 22334 22478 I BatteryMgr:DataCollectionService: stats => 1688570494841,407500,4094
07-05 17:21:34.855 22334 22478 I BatteryMgr:DataCollectionService: stats => 1688570494854,407500,4094
07-05 17:21:34.868 22334 22478 I BatteryMgr:DataCollectionService: stats => 1688570494868,407500,4094
07-05 17:21:34.881 22334 22478 I BatteryMgr:DataCollectionService: stats => 1688570494881,407500,4094
07-05 17:21:34.895 22334 22478 I BatteryMgr:DataCollectionService: stats => 1688570494895,407500,4094
07-05 17:21:34.908 22334 22478 I BatteryMgr:DataCollectionService: stats => 1688570494908,407500,4094
07-05 17:21:34.922 22334 22478 I BatteryMgr:DataCollectionService: stats => 1688570494922,407500,4094
07-05 17:21:34.935 22334 22478 I BatteryMgr:DataCollectionService: stats => 1688570494935,407500,4094
07-05 17:21:34.948 22334 22478 I BatteryMgr:DataCollectionService: stats => 1688570494948,407500,4094
07-05 17:21:34.962 22334 22478 I BatteryMgr:DataCollectionService: stats => 1688570494961,407500,4094
07-05 17:21:34.975 22334 22478 I BatteryMgr:DataCollectionService: stats => 1688570494975,407500,4094
07-05 17:21:34.989 22334 22478 I BatteryMgr:DataCollectionService: stats => 1688570494989,407500,4094
07-05 17:21:35.004 22334 22478 I BatteryMgr:DataCollectionService: stats => 1688570495004,407500,4094
07-05 17:21:35.015  1871  2225 D ConnectivityService: NetReassign [no changes] [c 0] [a 1] [i 2]
07-05 17:21:35.018 22334 22478 I BatteryMgr:DataCollectionService: stats => 1688570495018,407500,4094
07-05 17:21:35.031 22334 22478 I BatteryMgr:DataCollectionService: stats => 1688570495031,407500,4094
07-05 17:21:35.044 22334 22478 I BatteryMgr:DataCollectionService: stats => 1688570495044,407500,4094
07-05 17:21:35.057 22334 22478 I BatteryMgr:DataCollectionService: stats => 1688570495057,292812,4094
07-05 17:21:35.071 22334 22478 I BatteryMgr:DataCollectionService: stats => 1688570495071,292812,4094
07-05 17:21:35.084 22334 22478 I BatteryMgr:DataCollectionService: stats => 1688570495083,292812,4094
07-05 17:21:35.096 22334 22478 I BatteryMgr:DataCollectionService: stats => 1688570495096,292812,4094
07-05 17:21:35.109 22334 22478 I BatteryMgr:DataCollectionService: stats => 1688570495109,292812,4094
07-05 17:21:35.123 22334 22478 I BatteryMgr:DataCollectionService: stats => 1688570495123,292812,4094
07-05 17:21:35.136 22334 22478 I BatteryMgr:DataCollectionService: stats => 1688570495136,292812,4094
07-05 17:21:35.149 22334 22478 I BatteryMgr:DataCollectionService: stats => 1688570495149,292812,4094
07-05 17:21:35.162 22334 22478 I BatteryMgr:DataCollectionService: stats => 1688570495162,292812,4094
07-05 17:21:35.175 22334 22478 I BatteryMgr:DataCollectionService: stats => 1688570495175,292812,4094
07-05 17:21:35.188 22334 22478 I BatteryMgr:DataCollectionService: stats => 1688570495188,292812,4094
07-05 17:21:35.201 22334 22478 I BatteryMgr:DataCollectionService: stats => 1688570495201,292812,4094
07-05 17:21:35.214 22334 22478 I BatteryMgr:DataCollectionService: stats => 1688570495214,292812,4094
07-05 17:21:35.227 22334 22478 I BatteryMgr:DataCollectionService: stats => 1688570495227,292812,4094
07-05 17:21:35.240 22334 22478 I BatteryMgr:DataCollectionService: stats => 1688570495240,292812,4094
07-05 17:21:35.254 22334 22478 I BatteryMgr:DataCollectionService: stats => 1688570495254,292812,4094
07-05 17:21:35.267 22334 22478 I BatteryMgr:DataCollectionService: stats => 1688570495267,292812,4094
07-05 17:21:35.280 22334 22478 I BatteryMgr:DataCollectionService: stats => 1688570495280,292812,4094
07-05 17:21:35.293 22334 22478 I BatteryMgr:DataCollectionService: stats => 1688570495293,292812,4094
07-05 17:21:35.306 22334 22478 I BatteryMgr:DataCollectionService: stats => 1688570495306,292812,4094
07-05 17:21:35.319 22334 22478 I BatteryMgr:DataCollectionService: stats => 1688570495319,292812,4094
07-05 17:21:35.332 22334 22478 I BatteryMgr:DataCollectionService: stats => 1688570495332,292812,4094
07-05 17:21:35.334  1502  1502 I EaselThermalMonitor: Cooling Device: mnh cur_state 0 max_state 4
07-05 17:21:35.334  1502  1502 I EaselThermalMonitor: Cooling Device: mnh cur_state 0 max_state 4
07-05 17:21:35.345 22334 22478 I BatteryMgr:DataCollectionService: stats => 1688570495345,292812,4094
07-05 17:21:35.358 22334 22478 I BatteryMgr:DataCollectionService: stats => 1688570495358,292812,4094
07-05 17:21:35.371 22334 22478 I BatteryMgr:DataCollectionService: stats => 1688570495371,292812,4094
07-05 17:21:35.385 22334 22478 I BatteryMgr:DataCollectionService: stats => 1688570495385,292812,4094
07-05 17:21:35.398 22334 22478 I BatteryMgr:DataCollectionService: stats => 1688570495398,292812,4094
07-05 17:21:35.411 22334 22478 I BatteryMgr:DataCollectionService: stats => 1688570495411,329062,4094
07-05 17:21:35.424 22334 22478 I BatteryMgr:DataCollectionService: stats => 1688570495424,329062,4094
07-05 17:21:35.437 22334 22478 I BatteryMgr:DataCollectionService: stats => 1688570495437,329062,4094
07-05 17:21:35.450 22334 22478 I BatteryMgr:DataCollectionService: stats => 1688570495450,329062,4094
07-05 17:21:35.463 22334 22478 I BatteryMgr:DataCollectionService: stats => 1688570495463,329062,4094
07-05 17:21:35.476 22334 22478 I BatteryMgr:DataCollectionService: stats => 1688570495476,329062,4094
07-05 17:21:35.489 22334 22478 I BatteryMgr:DataCollectionService: stats => 1688570495489,329062,4094
07-05 17:21:35.503 22334 22478 I BatteryMgr:DataCollectionService: stats => 1688570495503,329062,4094
07-05 17:21:35.515 22334 22478 I BatteryMgr:DataCollectionService: stats => 1688570495515,329062,4094
07-05 17:21:35.528 22334 22478 I BatteryMgr:DataCollectionService: stats => 1688570495528,329062,4094
07-05 17:21:35.541 22334 22478 I BatteryMgr:DataCollectionService: stats => 1688570495541,329062,4094
07-05 17:21:35.555 22334 22478 I BatteryMgr:DataCollectionService: stats => 1688570495555,329062,4094
07-05 17:21:35.568 22334 22478 I BatteryMgr:DataCollectionService: stats => 1688570495568,329062,4094
07-05 17:21:35.581 22334 22478 I BatteryMgr:DataCollectionService: stats => 1688570495581,329062,4094
07-05 17:21:35.594 22334 22478 I BatteryMgr:DataCollectionService: stats => 1688570495594,329062,4094
07-05 17:21:35.608 22334 22478 I BatteryMgr:DataCollectionService: stats => 1688570495607,329062,4094
07-05 17:21:35.621 22334 22478 I BatteryMgr:DataCollectionService: stats => 1688570495620,329062,4094
07-05 17:21:35.633 22334 22478 I BatteryMgr:DataCollectionService: stats => 1688570495633,329062,4094
07-05 17:21:35.647 22334 22478 I BatteryMgr:DataCollectionService: stats => 1688570495647,329062,4094
07-05 17:21:35.660 22334 22478 I BatteryMgr:DataCollectionService: stats => 1688570495660,329062,4094
07-05 17:21:35.673 22334 22478 I BatteryMgr:DataCollectionService: stats => 1688570495673,329062,4094
07-05 17:21:35.686 22334 22478 I BatteryMgr:DataCollectionService: stats => 1688570495686,329062,4094
07-05 17:21:35.699 22334 22478 I BatteryMgr:DataCollectionService: stats => 1688570495699,329062,4094
07-05 17:21:35.713 22334 22478 I BatteryMgr:DataCollectionService: stats => 1688570495713,329062,4094
07-05 17:21:35.727 22334 22478 I BatteryMgr:DataCollectionService: stats => 1688570495727,329062,4094
07-05 17:21:35.740 22334 22478 I BatteryMgr:DataCollectionService: stats => 1688570495740,329062,4094
07-05 17:21:35.753 22334 22478 I BatteryMgr:DataCollectionService: stats => 1688570495753,329062,4094
07-05 17:21:35.766 22334 22478 I BatteryMgr:DataCollectionService: stats => 1688570495766,263437,4094
07-05 17:21:35.779 22334 22478 I BatteryMgr:DataCollectionService: stats => 1688570495779,263437,4094
07-05 17:21:35.793 22334 22478 I BatteryMgr:DataCollectionService: stats => 1688570495793,263437,4094
07-05 17:21:35.806 22334 22478 I BatteryMgr:DataCollectionService: stats => 1688570495806,263437,4094
07-05 17:21:35.820 22334 22478 I BatteryMgr:DataCollectionService: stats => 1688570495820,263437,4094
07-05 17:21:35.833 22334 22478 I BatteryMgr:DataCollectionService: stats => 1688570495833,263437,4094
07-05 17:21:35.846 22334 22478 I BatteryMgr:DataCollectionService: stats => 1688570495846,263437,4094
07-05 17:21:35.860 22334 22478 I BatteryMgr:DataCollectionService: stats => 1688570495860,263437,4094
07-05 17:21:35.873 22334 22478 I BatteryMgr:DataCollectionService: stats => 1688570495873,263437,4094
07-05 17:21:35.886 22334 22478 I BatteryMgr:DataCollectionService: stats => 1688570495886,263437,4094
07-05 17:21:35.899 22334 22478 I BatteryMgr:DataCollectionService: stats => 1688570495899,263437,4094
07-05 17:21:35.913 22334 22478 I BatteryMgr:DataCollectionService: stats => 1688570495913,263437,4094
07-05 17:21:35.926 22334 22478 I BatteryMgr:DataCollectionService: stats => 1688570495926,263437,4094
07-05 17:21:35.939 22334 22478 I BatteryMgr:DataCollectionService: stats => 1688570495939,263437,4094
07-05 17:21:35.952 22334 22478 I BatteryMgr:DataCollectionService: stats => 1688570495952,263437,4094
07-05 17:21:35.966 22334 22478 I BatteryMgr:DataCollectionService: stats => 1688570495966,263437,4094
07-05 17:21:35.980 22334 22478 I BatteryMgr:DataCollectionService: stats => 1688570495980,263437,4094
07-05 17:21:35.994 22334 22478 I BatteryMgr:DataCollectionService: stats => 1688570495994,263437,4094
07-05 17:21:36.007 22334 22478 I BatteryMgr:DataCollectionService: stats => 1688570496007,263437,4094
07-05 17:21:36.020 22334 22478 I BatteryMgr:DataCollectionService: stats => 1688570496020,263437,4094
07-05 17:21:36.034 22334 22478 I BatteryMgr:DataCollectionService: stats => 1688570496034,263437,4094
07-05 17:21:36.047 22334 22478 I BatteryMgr:DataCollectionService: stats => 1688570496047,263437,4094
07-05 17:21:36.060 22334 22478 I BatteryMgr:DataCollectionService: stats => 1688570496060,263437,4094
07-05 17:21:36.073 22334 22478 I BatteryMgr:DataCollectionService: stats => 1688570496073,263437,4094
07-05 17:21:36.087 22334 22478 I BatteryMgr:DataCollectionService: stats => 1688570496087,263437,4094
07-05 17:21:36.100 22334 22478 I BatteryMgr:DataCollectionService: stats => 1688570496100,263437,4094
07-05 17:21:36.113 22334 22478 I BatteryMgr:DataCollectionService: stats => 1688570496113,314687,4094
07-05 17:21:36.126 22334 22478 I BatteryMgr:DataCollectionService: stats => 1688570496126,314687,4094
07-05 17:21:36.140 22334 22478 I BatteryMgr:DataCollectionService: stats => 1688570496140,314687,4094
07-05 17:21:36.153 22334 22478 I BatteryMgr:DataCollectionService: stats => 1688570496153,314687,4094
07-05 17:21:36.166 22334 22478 I BatteryMgr:DataCollectionService: stats => 1688570496166,314687,4094
07-05 17:21:36.179 22334 22478 I BatteryMgr:DataCollectionService: stats => 1688570496179,314687,4094
07-05 17:21:36.193 22334 22478 I BatteryMgr:DataCollectionService: stats => 1688570496193,314687,4094
07-05 17:21:36.206 22334 22478 I BatteryMgr:DataCollectionService: stats => 1688570496206,314687,4094
07-05 17:21:36.219 22334 22478 I BatteryMgr:DataCollectionService: stats => 1688570496219,314687,4094
07-05 17:21:36.232 22334 22478 I BatteryMgr:DataCollectionService: stats => 1688570496232,314687,4094
07-05 17:21:36.245 22334 22478 I BatteryMgr:DataCollectionService: stats => 1688570496245,314687,4094
07-05 17:21:36.258 22334 22478 I BatteryMgr:DataCollectionService: stats => 1688570496258,314687,4094
07-05 17:21:36.271 22334 22478 I BatteryMgr:DataCollectionService: stats => 1688570496271,314687,4094
07-05 17:21:36.285 22334 22478 I BatteryMgr:DataCollectionService: stats => 1688570496284,314687,4094
07-05 17:21:36.298 22334 22478 I BatteryMgr:DataCollectionService: stats => 1688570496298,314687,4094
07-05 17:21:36.311 22334 22478 I BatteryMgr:DataCollectionService: stats => 1688570496311,314687,4094
07-05 17:21:36.325 22334 22478 I BatteryMgr:DataCollectionService: stats => 1688570496325,314687,4094
07-05 17:21:36.338 22334 22478 I BatteryMgr:DataCollectionService: stats => 1688570496338,314687,4094
07-05 17:21:36.352 22334 22478 I BatteryMgr:DataCollectionService: stats => 1688570496352,314687,4094
07-05 17:21:36.365 22334 22478 I BatteryMgr:DataCollectionService: stats => 1688570496365,314687,4094
07-05 17:21:36.378 22334 22478 I BatteryMgr:DataCollectionService: stats => 1688570496378,314687,4094
07-05 17:21:36.391 22334 22478 I BatteryMgr:DataCollectionService: stats => 1688570496391,314687,4094
07-05 17:21:36.405 22334 22478 I BatteryMgr:DataCollectionService: stats => 1688570496405,314687,4094
07-05 17:21:36.418 22334 22478 I BatteryMgr:DataCollectionService: stats => 1688570496418,314687,4094
07-05 17:21:36.431 22334 22478 I BatteryMgr:DataCollectionService: stats => 1688570496431,314687,4094
07-05 17:21:36.444 22334 22478 I BatteryMgr:DataCollectionService: stats => 1688570496444,314687,4094
07-05 17:21:36.458 22334 22478 I BatteryMgr:DataCollectionService: stats => 1688570496458,258437,4094
07-05 17:21:36.471 22334 22478 I BatteryMgr:DataCollectionService: stats => 1688570496471,258437,4094
07-05 17:21:36.484 22334 22478 I BatteryMgr:DataCollectionService: stats => 1688570496484,258437,4094
07-05 17:21:36.498 22334 22478 I BatteryMgr:DataCollectionService: stats => 1688570496498,258437,4094
07-05 17:21:36.511 22334 22478 I BatteryMgr:DataCollectionService: stats => 1688570496511,258437,4094
07-05 17:21:36.524 22334 22478 I BatteryMgr:DataCollectionService: stats => 1688570496524,258437,4094
07-05 17:21:36.537 22334 22478 I BatteryMgr:DataCollectionService: stats => 1688570496537,258437,4094
07-05 17:21:36.550 22334 22478 I BatteryMgr:DataCollectionService: stats => 1688570496550,258437,4094
07-05 17:21:36.563 22334 22478 I BatteryMgr:DataCollectionService: stats => 1688570496563,258437,4094
07-05 17:21:36.576 22334 22478 I BatteryMgr:DataCollectionService: stats => 1688570496576,258437,4094
07-05 17:21:36.589 22334 22478 I BatteryMgr:DataCollectionService: stats => 1688570496589,258437,4094
07-05 17:21:36.603 22334 22478 I BatteryMgr:DataCollectionService: stats => 1688570496603,258437,4094
07-05 17:21:36.616 22334 22478 I BatteryMgr:DataCollectionService: stats => 1688570496616,258437,4094
07-05 17:21:36.629 22334 22478 I BatteryMgr:DataCollectionService: stats => 1688570496629,258437,4094
07-05 17:21:36.642 22334 22478 I BatteryMgr:DataCollectionService: stats => 1688570496642,258437,4094
07-05 17:21:36.655 22334 22478 I BatteryMgr:DataCollectionService: stats => 1688570496655,258437,4094
07-05 17:21:36.668 22334 22478 I BatteryMgr:DataCollectionService: stats => 1688570496668,258437,4094
07-05 17:21:36.681 22334 22478 I BatteryMgr:DataCollectionService: stats => 1688570496681,258437,4094
07-05 17:21:36.694 22334 22478 I BatteryMgr:DataCollectionService: stats => 1688570496694,258437,4094
07-05 17:21:36.708 22334 22478 I BatteryMgr:DataCollectionService: stats => 1688570496708,258437,4094
07-05 17:21:36.721 22334 22478 I BatteryMgr:DataCollectionService: stats => 1688570496721,258437,4094
07-05 17:21:36.735 22334 22478 I BatteryMgr:DataCollectionService: stats => 1688570496735,258437,4094
07-05 17:21:36.748 22334 22478 I BatteryMgr:DataCollectionService: stats => 1688570496748,258437,4094
07-05 17:21:36.761 22334 22478 I BatteryMgr:DataCollectionService: stats => 1688570496761,258437,4094
07-05 17:21:36.774 22334 22478 I BatteryMgr:DataCollectionService: stats => 1688570496774,258437,4094
07-05 17:21:36.788 22334 22478 I BatteryMgr:DataCollectionService: stats => 1688570496788,258437,4094
07-05 17:21:36.801 22334 22478 I BatteryMgr:DataCollectionService: stats => 1688570496801,258437,4094
07-05 17:21:36.814 22334 22478 I BatteryMgr:DataCollectionService: stats => 1688570496814,276875,4094
07-05 17:21:36.827 22334 22478 I BatteryMgr:DataCollectionService: stats => 1688570496827,276875,4094
07-05 17:21:36.840 22334 22478 I BatteryMgr:DataCollectionService: stats => 1688570496840,276875,4094
07-05 17:21:36.854 22334 22478 I BatteryMgr:DataCollectionService: stats => 1688570496854,276875,4094
07-05 17:21:36.867 22334 22478 I BatteryMgr:DataCollectionService: stats => 1688570496867,276875,4094
07-05 17:21:36.880 22334 22478 I BatteryMgr:DataCollectionService: stats => 1688570496880,276875,4094
07-05 17:21:36.893 22334 22478 I BatteryMgr:DataCollectionService: stats => 1688570496893,276875,4094
07-05 17:21:36.907 22334 22478 I BatteryMgr:DataCollectionService: stats => 1688570496907,276875,4094
07-05 17:21:36.920 22334 22478 I BatteryMgr:DataCollectionService: stats => 1688570496920,276875,4094
07-05 17:21:36.933 22334 22478 I BatteryMgr:DataCollectionService: stats => 1688570496933,276875,4094
07-05 17:21:36.946 22334 22478 I BatteryMgr:DataCollectionService: stats => 1688570496946,276875,4094
07-05 17:21:36.960 22334 22478 I BatteryMgr:DataCollectionService: stats => 1688570496960,276875,4094
07-05 17:21:36.973 22334 22478 I BatteryMgr:DataCollectionService: stats => 1688570496973,276875,4094
07-05 17:21:36.986 22334 22478 I BatteryMgr:DataCollectionService: stats => 1688570496986,276875,4094
07-05 17:21:36.999 22334 22478 I BatteryMgr:DataCollectionService: stats => 1688570496999,276875,4094
07-05 17:21:37.012 22334 22478 I BatteryMgr:DataCollectionService: stats => 1688570497012,276875,4094
07-05 17:21:37.024 22334 22478 I BatteryMgr:DataCollectionService: stats => 1688570497024,276875,4094
07-05 17:21:37.037 22334 22478 I BatteryMgr:DataCollectionService: stats => 1688570497037,276875,4094
07-05 17:21:37.050 22334 22478 I BatteryMgr:DataCollectionService: stats => 1688570497050,276875,4094
07-05 17:21:37.064 22334 22478 I BatteryMgr:DataCollectionService: stats => 1688570497064,276875,4094
07-05 17:21:37.076 22334 22478 I BatteryMgr:DataCollectionService: stats => 1688570497076,276875,4094
07-05 17:21:37.089 22334 22478 I BatteryMgr:DataCollectionService: stats => 1688570497089,276875,4094
07-05 17:21:37.102 22334 22478 I BatteryMgr:DataCollectionService: stats => 1688570497102,276875,4094
07-05 17:21:37.115 22334 22478 I BatteryMgr:DataCollectionService: stats => 1688570497115,276875,4094
07-05 17:21:37.128 22334 22478 I BatteryMgr:DataCollectionService: stats => 1688570497128,276875,4094
07-05 17:21:37.141 22334 22478 I BatteryMgr:DataCollectionService: stats => 1688570497141,276875,4094
07-05 17:21:37.154 22334 22478 I BatteryMgr:DataCollectionService: stats => 1688570497154,276875,4094
07-05 17:21:37.167 22334 22478 I BatteryMgr:DataCollectionService: stats => 1688570497167,314375,4094
07-05 17:21:37.182 22334 22478 I BatteryMgr:DataCollectionService: stats => 1688570497182,314375,4094
07-05 17:21:37.186  1257  2027 W libgcam : [ae.cc:778]: RunAe: No similar examples during short AE!
07-05 17:21:37.186  1257 22489 W libgcam : [ae.cc:778]: RunAe: No similar examples during long AE!
07-05 17:21:37.187  1257  2027 I libgcam : [fast_ae_lib.cc:370]: Resetting motion metering for sensor 1: time since last stats image = 15.0205 sec
07-05 17:21:37.196 22334 22478 I BatteryMgr:DataCollectionService: stats => 1688570497196,314375,4094
07-05 17:21:37.209 22334 22478 I BatteryMgr:DataCollectionService: stats => 1688570497209,314375,4094
07-05 17:21:37.223 22334 22478 I BatteryMgr:DataCollectionService: stats => 1688570497222,314375,4094
07-05 17:21:37.236 22334 22478 I BatteryMgr:DataCollectionService: stats => 1688570497236,314375,4094
07-05 17:21:37.250 22334 22478 I BatteryMgr:DataCollectionService: stats => 1688570497250,314375,4094
07-05 17:21:37.263 22334 22478 I BatteryMgr:DataCollectionService: stats => 1688570497263,314375,4094
07-05 17:21:37.277 22334 22478 I BatteryMgr:DataCollectionService: stats => 1688570497276,314375,4094
07-05 17:21:37.290 22334 22478 I BatteryMgr:DataCollectionService: stats => 1688570497290,314375,4094
07-05 17:21:37.303 22334 22478 I BatteryMgr:DataCollectionService: stats => 1688570497303,314375,4094
07-05 17:21:37.316 22334 22478 I BatteryMgr:DataCollectionService: stats => 1688570497316,314375,4094
07-05 17:21:37.324  1257  2031 E android.hardware.camera.provider@2.4-service_64: Failed to obtain metadata value of lens_vcm_position for frame 3 because data pointer is null.
07-05 17:21:37.324  1257  2031 E goog_warping: Cannot get per-frame metadata.
07-05 17:21:37.325  1257  2028 I CHIUSECASE: operator(): stream buffer cache notifies the manager for refilling
07-05 17:21:37.326  1257  2028 I CHIUSECASE: GetBuffer: StreamBufferCache for stream 0x78211ad038 refilled before time out.
07-05 17:21:37.331 22334 22478 I BatteryMgr:DataCollectionService: stats => 1688570497331,314375,4094
07-05 17:21:37.334  1502  1502 I EaselThermalMonitor: Cooling Device: mnh cur_state 0 max_state 4
07-05 17:21:37.334  1502  1502 I EaselThermalMonitor: Cooling Device: mnh cur_state 0 max_state 4
07-05 17:21:37.344 22334 22478 I BatteryMgr:DataCollectionService: stats => 1688570497344,314375,4094
07-05 17:21:37.348  1257  2032 I CHIUSECASE: UpdateResultAndInflightRequests: all inflight requests have been processed. Notify stream buffer cache manager to flush.
07-05 17:21:37.349  1257 22454 I CHIUSECASE: RefillReturnThreadLoop: StreamBufferCacheManager flushed SBC for stream 0x78211ad038.
07-05 17:21:37.358 22334 22478 I BatteryMgr:DataCollectionService: stats => 1688570497358,314375,4094
07-05 17:21:37.372 22334 22478 I BatteryMgr:DataCollectionService: stats => 1688570497371,314375,4094
07-05 17:21:37.384 22334 22478 I BatteryMgr:DataCollectionService: stats => 1688570497384,314375,4094
07-05 17:21:37.397 22334 22478 I BatteryMgr:DataCollectionService: stats => 1688570497397,314375,4094
07-05 17:21:37.411 22334 22478 I BatteryMgr:DataCollectionService: stats => 1688570497411,314375,4094
07-05 17:21:37.424 22334 22478 I BatteryMgr:DataCollectionService: stats => 1688570497424,314375,4094
07-05 17:21:37.438 22334 22478 I BatteryMgr:DataCollectionService: stats => 1688570497438,314375,4094
07-05 17:21:37.452 22334 22478 I BatteryMgr:DataCollectionService: stats => 1688570497452,314375,4094
07-05 17:21:37.466 22334 22478 I BatteryMgr:DataCollectionService: stats => 1688570497465,314375,4094
07-05 17:21:37.479 22334 22478 I BatteryMgr:DataCollectionService: stats => 1688570497478,314375,4094
07-05 17:21:37.492 22334 22478 I BatteryMgr:DataCollectionService: stats => 1688570497492,314375,4094
07-05 17:21:37.505 22334 22478 I BatteryMgr:DataCollectionService: stats => 1688570497505,354687,4094
07-05 17:21:37.518 22334 22478 I BatteryMgr:DataCollectionService: stats => 1688570497518,354687,4094
07-05 17:21:37.531 22334 22478 I BatteryMgr:DataCollectionService: stats => 1688570497531,354687,4094
07-05 17:21:37.544 22334 22478 I BatteryMgr:DataCollectionService: stats => 1688570497544,354687,4094
07-05 17:21:37.558 22334 22478 I BatteryMgr:DataCollectionService: stats => 1688570497558,354687,4094
07-05 17:21:37.571 22334 22478 I BatteryMgr:DataCollectionService: stats => 1688570497571,354687,4094
07-05 17:21:37.584 22334 22478 I BatteryMgr:DataCollectionService: stats => 1688570497584,354687,4094
07-05 17:21:37.598 22334 22478 I BatteryMgr:DataCollectionService: stats => 1688570497597,354687,4094
07-05 17:21:37.610 22334 22478 I BatteryMgr:DataCollectionService: stats => 1688570497610,354687,4094
07-05 17:21:37.624 22334 22478 I BatteryMgr:DataCollectionService: stats => 1688570497624,354687,4094
07-05 17:21:37.637 22334 22478 I BatteryMgr:DataCollectionService: stats => 1688570497637,354687,4094
07-05 17:21:37.650 22334 22478 I BatteryMgr:DataCollectionService: stats => 1688570497650,354687,4094
07-05 17:21:37.663 22334 22478 I BatteryMgr:DataCollectionService: stats => 1688570497663,354687,4094
07-05 17:21:37.676 22334 22478 I BatteryMgr:DataCollectionService: stats => 1688570497676,354687,4094
07-05 17:21:37.690 22334 22478 I BatteryMgr:DataCollectionService: stats => 1688570497690,354687,4094
07-05 17:21:37.703 22334 22478 I BatteryMgr:DataCollectionService: stats => 1688570497703,354687,4094
07-05 17:21:37.716 22334 22478 I BatteryMgr:DataCollectionService: stats => 1688570497716,354687,4094
07-05 17:21:37.729 22334 22478 I BatteryMgr:DataCollectionService: stats => 1688570497729,354687,4094
07-05 17:21:37.742 22334 22478 I BatteryMgr:DataCollectionService: stats => 1688570497742,354687,4094
07-05 17:21:37.754 22334 22478 I BatteryMgr:DataCollectionService: stats => 1688570497754,354687,4094
07-05 17:21:37.767 22334 22478 I BatteryMgr:DataCollectionService: stats => 1688570497767,354687,4094
07-05 17:21:37.779 22334 22478 I BatteryMgr:DataCollectionService: stats => 1688570497779,354687,4094
07-05 17:21:37.793 22334 22478 I BatteryMgr:DataCollectionService: stats => 1688570497793,354687,4094
07-05 17:21:37.806 22334 22478 I BatteryMgr:DataCollectionService: stats => 1688570497806,354687,4094
07-05 17:21:37.819 22334 22478 I BatteryMgr:DataCollectionService: stats => 1688570497819,354687,4094
07-05 17:21:37.832 22334 22478 I BatteryMgr:DataCollectionService: stats => 1688570497832,354687,4094
07-05 17:21:37.845 22334 22478 I BatteryMgr:DataCollectionService: stats => 1688570497845,354687,4094
07-05 17:21:37.858 22334 22478 I BatteryMgr:DataCollectionService: stats => 1688570497858,354687,4094
07-05 17:21:37.870 22334 22478 I BatteryMgr:DataCollectionService: stats => 1688570497870,266875,4094
07-05 17:21:37.883 22334 22478 I BatteryMgr:DataCollectionService: stats => 1688570497883,266875,4094
07-05 17:21:37.896 22334 22478 I BatteryMgr:DataCollectionService: stats => 1688570497896,266875,4094
07-05 17:21:37.909 22334 22478 I BatteryMgr:DataCollectionService: stats => 1688570497909,266875,4094
07-05 17:21:37.923 22334 22478 I BatteryMgr:DataCollectionService: stats => 1688570497923,266875,4094
07-05 17:21:37.936 22334 22478 I BatteryMgr:DataCollectionService: stats => 1688570497936,266875,4094
07-05 17:21:37.950 22334 22478 I BatteryMgr:DataCollectionService: stats => 1688570497950,266875,4094
07-05 17:21:37.963 22334 22478 I BatteryMgr:DataCollectionService: stats => 1688570497963,266875,4094
07-05 17:21:37.976 22334 22478 I BatteryMgr:DataCollectionService: stats => 1688570497976,266875,4094
07-05 17:21:37.989 22334 22478 I BatteryMgr:DataCollectionService: stats => 1688570497989,266875,4094
07-05 17:21:38.002 22334 22478 I BatteryMgr:DataCollectionService: stats => 1688570498002,266875,4094
07-05 17:21:38.015 22334 22478 I BatteryMgr:DataCollectionService: stats => 1688570498015,266875,4094
07-05 17:21:38.028 22334 22478 I BatteryMgr:DataCollectionService: stats => 1688570498028,266875,4094
07-05 17:21:38.043 22334 22478 I BatteryMgr:DataCollectionService: stats => 1688570498043,266875,4094
07-05 17:21:38.050  1871  2225 D ConnectivityService: NetReassign [no changes] [c 1] [a 0] [i 3]
07-05 17:21:38.056 22334 22478 I BatteryMgr:DataCollectionService: stats => 1688570498056,266875,4094
07-05 17:21:38.069 22334 22478 I BatteryMgr:DataCollectionService: stats => 1688570498069,266875,4094
07-05 17:21:38.083 22334 22478 I BatteryMgr:DataCollectionService: stats => 1688570498083,266875,4094
07-05 17:21:38.097 22334 22478 I BatteryMgr:DataCollectionService: stats => 1688570498097,266875,4094
07-05 17:21:38.111 22334 22478 I BatteryMgr:DataCollectionService: stats => 1688570498111,266875,4094
07-05 17:21:38.124 22334 22478 I BatteryMgr:DataCollectionService: stats => 1688570498124,266875,4094
07-05 17:21:38.137 22334 22478 I BatteryMgr:DataCollectionService: stats => 1688570498137,266875,4094
07-05 17:21:38.150 22334 22478 I BatteryMgr:DataCollectionService: stats => 1688570498150,266875,4094
07-05 17:21:38.163 22334 22478 I BatteryMgr:DataCollectionService: stats => 1688570498163,266875,4094
07-05 17:21:38.176 22334 22478 I BatteryMgr:DataCollectionService: stats => 1688570498176,266875,4094
07-05 17:21:38.189 22334 22478 I BatteryMgr:DataCollectionService: stats => 1688570498189,266875,4094
07-05 17:21:38.203 22334 22478 I BatteryMgr:DataCollectionService: stats => 1688570498203,352500,4094
07-05 17:21:38.213  1871  7427 D TelephonyManager: requestModemActivityInfo: Sending result to app: ModemActivityInfo{ mTimestamp=27734284 mSleepTimeMs=17557963 mIdleTimeMs=10037271 mTxTimeMs[]=[0, 0, 0, 0, 0] mRxTimeMs=106582}
07-05 17:21:38.217 22334 22478 I BatteryMgr:DataCollectionService: stats => 1688570498217,352500,4094
07-05 17:21:38.230 22334 22478 I BatteryMgr:DataCollectionService: stats => 1688570498230,352500,4094
07-05 17:21:38.232  1871  2012 E system_server: Cannot read thread CPU times for PID 1871
07-05 17:21:38.244 22334 22478 I BatteryMgr:DataCollectionService: stats => 1688570498244,352500,4094
07-05 17:21:38.257 22334 22478 I BatteryMgr:DataCollectionService: stats => 1688570498257,352500,4094
07-05 17:21:38.269 22334 22478 I BatteryMgr:DataCollectionService: stats => 1688570498269,352500,4094
07-05 17:21:38.281 22334 22478 I BatteryMgr:DataCollectionService: stats => 1688570498281,352500,4094
07-05 17:21:38.294 22334 22478 I BatteryMgr:DataCollectionService: stats => 1688570498294,352500,4094
07-05 17:21:38.307 22334 22478 I BatteryMgr:DataCollectionService: stats => 1688570498307,352500,4094
07-05 17:21:38.320 22334 22478 I BatteryMgr:DataCollectionService: stats => 1688570498320,352500,4094
07-05 17:21:38.334 22334 22478 I BatteryMgr:DataCollectionService: stats => 1688570498334,352500,4094
07-05 17:21:38.346 22334 22478 I BatteryMgr:DataCollectionService: stats => 1688570498346,352500,4094
07-05 17:21:38.359 22334 22478 I BatteryMgr:DataCollectionService: stats => 1688570498359,352500,4094
07-05 17:21:38.372 22334 22478 I BatteryMgr:DataCollectionService: stats => 1688570498372,352500,4094
07-05 17:21:38.385 22334 22478 I BatteryMgr:DataCollectionService: stats => 1688570498385,352500,4094
07-05 17:21:38.398 22334 22478 I BatteryMgr:DataCollectionService: stats => 1688570498398,352500,4094
07-05 17:21:38.412 22334 22478 I BatteryMgr:DataCollectionService: stats => 1688570498411,352500,4094
07-05 17:21:38.425 22334 22478 I BatteryMgr:DataCollectionService: stats => 1688570498425,352500,4094
07-05 17:21:38.438 22334 22478 I BatteryMgr:DataCollectionService: stats => 1688570498438,352500,4094
07-05 17:21:38.452 22334 22478 I BatteryMgr:DataCollectionService: stats => 1688570498452,352500,4094
07-05 17:21:38.465 22334 22478 I BatteryMgr:DataCollectionService: stats => 1688570498465,352500,4094
07-05 17:21:38.478 22334 22478 I BatteryMgr:DataCollectionService: stats => 1688570498478,352500,4094
07-05 17:21:38.491 22334 22478 I BatteryMgr:DataCollectionService: stats => 1688570498491,352500,4094
07-05 17:21:38.505 22334 22478 I BatteryMgr:DataCollectionService: stats => 1688570498505,352500,4094
07-05 17:21:38.517 22334 22478 I BatteryMgr:DataCollectionService: stats => 1688570498517,352500,4094
07-05 17:21:38.530 22334 22478 I BatteryMgr:DataCollectionService: stats => 1688570498530,352500,4094
07-05 17:21:38.543 22334 22478 I BatteryMgr:DataCollectionService: stats => 1688570498543,352500,4094
07-05 17:21:38.556 22334 22478 I BatteryMgr:DataCollectionService: stats => 1688570498556,352500,4094
07-05 17:21:38.569 22334 22478 I BatteryMgr:DataCollectionService: stats => 1688570498569,344062,4094
07-05 17:21:38.582 22334 22478 I BatteryMgr:DataCollectionService: stats => 1688570498582,344062,4094
07-05 17:21:38.596 22334 22478 I BatteryMgr:DataCollectionService: stats => 1688570498595,344062,4094
07-05 17:21:38.609 22334 22478 I BatteryMgr:DataCollectionService: stats => 1688570498609,344062,4094
07-05 17:21:38.622 22334 22478 I BatteryMgr:DataCollectionService: stats => 1688570498621,344062,4094
07-05 17:21:38.635 22334 22478 I BatteryMgr:DataCollectionService: stats => 1688570498635,344062,4094
07-05 17:21:38.648 22334 22478 I BatteryMgr:DataCollectionService: stats => 1688570498648,344062,4094
07-05 17:21:38.661 22334 22478 I BatteryMgr:DataCollectionService: stats => 1688570498661,344062,4094
07-05 17:21:38.674 22334 22478 I BatteryMgr:DataCollectionService: stats => 1688570498674,344062,4094
07-05 17:21:38.687 22334 22478 I BatteryMgr:DataCollectionService: stats => 1688570498687,344062,4094
07-05 17:21:38.702 22334 22478 I BatteryMgr:DataCollectionService: stats => 1688570498702,344062,4094
07-05 17:21:38.718 22334 22478 I BatteryMgr:DataCollectionService: stats => 1688570498718,344062,4094
07-05 17:21:38.732 22334 22478 I BatteryMgr:DataCollectionService: stats => 1688570498732,344062,4094
07-05 17:21:38.745 22334 22478 I BatteryMgr:DataCollectionService: stats => 1688570498745,344062,4094
07-05 17:21:38.758 22334 22478 I BatteryMgr:DataCollectionService: stats => 1688570498758,344062,4094
07-05 17:21:38.771 22334 22478 I BatteryMgr:DataCollectionService: stats => 1688570498771,344062,4094
07-05 17:21:38.785 22334 22478 I BatteryMgr:DataCollectionService: stats => 1688570498785,344062,4094
07-05 17:21:38.799 22334 22478 I BatteryMgr:DataCollectionService: stats => 1688570498799,344062,4094
07-05 17:21:38.812 22334 22478 I BatteryMgr:DataCollectionService: stats => 1688570498812,344062,4094
07-05 17:21:38.825 22334 22478 I BatteryMgr:DataCollectionService: stats => 1688570498825,344062,4094
07-05 17:21:38.839 22334 22478 I BatteryMgr:DataCollectionService: stats => 1688570498839,344062,4094
07-05 17:21:38.852 22334 22478 I BatteryMgr:DataCollectionService: stats => 1688570498852,344062,4094
07-05 17:21:38.866 22334 22478 I BatteryMgr:DataCollectionService: stats => 1688570498866,344062,4094
07-05 17:21:38.879 22334 22478 I BatteryMgr:DataCollectionService: stats => 1688570498879,344062,4094
07-05 17:21:38.891 22334 22478 I BatteryMgr:DataCollectionService: stats => 1688570498891,344062,4094
