07-03 11:43:53.708  2065 26233 E mm-camera: <IFACE ><ERROR> 2441: iface_axi_handle_sof_event: Event SOF session 5 VFE1, src 0 with frame_id 750 ts: 160208839374000
07-03 11:43:53.711  2065 26183 E mm-camera: <ISP   ><ERROR> 172: sce40_select_table: aec_ratio 0.000000
07-03 11:43:53.712  2065 26171 E QMI_FW  : qmi_cci_get_ref: ref count increased 2
07-03 11:43:53.741  2065 26233 E mm-camera: <IFACE ><ERROR> 2441: iface_axi_handle_sof_event: Event SOF session 5 VFE1, src 0 with frame_id 751 ts: 160208872702000
07-03 11:43:53.744  2065 26171 E QMI_FW  : qmi_cci_get_ref: ref count increased 2
07-03 11:43:53.775  2065 26233 E mm-camera: <IFACE ><ERROR> 2441: iface_axi_handle_sof_event: Event SOF session 5 VFE1, src 0 with frame_id 752 ts: 160208906032000
07-03 11:43:53.779  2065 26171 E QMI_FW  : qmi_cci_get_ref: ref count increased 2
07-03 11:43:53.779  2065 26183 E mm-camera: <ISP   ><ERROR> 172: sce40_select_table: aec_ratio 0.000000
07-03 11:43:53.808  2065 26233 E mm-camera: <IFACE ><ERROR> 2441: iface_axi_handle_sof_event: Event SOF session 5 VFE1, src 0 with frame_id 753 ts: 160208939360000
07-03 11:43:53.811  2065 26183 E mm-camera: <ISP   ><ERROR> 172: sce40_select_table: aec_ratio 0.000000
07-03 11:43:53.813  2065 26171 E QMI_FW  : qmi_cci_get_ref: ref count increased 2
07-03 11:43:53.843  2065 26233 E mm-camera: <IFACE ><ERROR> 2441: iface_axi_handle_sof_event: Event SOF session 5 VFE1, src 0 with frame_id 754 ts: 160208972691000
07-03 11:43:53.846  2065 26183 E mm-camera: <ISP   ><ERROR> 172: sce40_select_table: aec_ratio 0.000000
07-03 11:43:53.846  2065 26171 E QMI_FW  : qmi_cci_get_ref: ref count increased 2
07-03 11:43:53.874  2065 26233 E mm-camera: <IFACE ><ERROR> 2441: iface_axi_handle_sof_event: Event SOF session 5 VFE1, src 0 with frame_id 755 ts: 160209006019000
07-03 11:43:53.878  2065 26183 E mm-camera: <ISP   ><ERROR> 172: sce40_select_table: aec_ratio 0.000000
07-03 11:43:53.883  2065 26171 E QMI_FW  : qmi_cci_get_ref: ref count increased 2
07-03 11:43:53.908  2065 26233 E mm-camera: <IFACE ><ERROR> 2441: iface_axi_handle_sof_event: Event SOF session 5 VFE1, src 0 with frame_id 756 ts: 160209039351000
07-03 11:43:53.910  2065 26183 E mm-camera: <ISP   ><ERROR> 172: sce40_select_table: aec_ratio 0.000000
07-03 11:43:53.923  2065 26171 E QMI_FW  : qmi_cci_get_ref: ref count increased 2
07-03 11:43:53.941  2065 26233 E mm-camera: <IFACE ><ERROR> 2441: iface_axi_handle_sof_event: Event SOF session 5 VFE1, src 0 with frame_id 757 ts: 160209072679000
07-03 11:43:53.944  2065 26171 E QMI_FW  : qmi_cci_get_ref: ref count increased 2
07-03 11:43:53.944  2065 26183 E mm-camera: <ISP   ><ERROR> 172: sce40_select_table: aec_ratio 0.000000
07-03 11:43:53.974  2065 26233 E mm-camera: <IFACE ><ERROR> 2441: iface_axi_handle_sof_event: Event SOF session 5 VFE1, src 0 with frame_id 758 ts: 160209106015000
07-03 11:43:53.977  2065 26171 E QMI_FW  : qmi_cci_get_ref: ref count increased 2
07-03 11:43:54.008  2065 26233 E mm-camera: <IFACE ><ERROR> 2441: iface_axi_handle_sof_event: Event SOF session 5 VFE1, src 0 with frame_id 759 ts: 160209139543000
07-03 11:43:54.014  2065 26171 E QMI_FW  : qmi_cci_get_ref: ref count increased 2
07-03 11:43:54.017  2065 26183 E mm-camera: <ISP   ><ERROR> 172: sce40_select_table: aec_ratio 0.000000
07-03 11:43:54.023 26085 26253 I BatteryMgr:DataCollectionService: stats => 1688377434023,-264160,4320
07-03 11:43:54.041  2065 26233 E mm-camera: <IFACE ><ERROR> 2441: iface_axi_handle_sof_event: Event SOF session 5 VFE1, src 0 with frame_id 760 ts: 160209172692000
07-03 11:43:54.045  2065 26171 E QMI_FW  : qmi_cci_get_ref: ref count increased 2
07-03 11:43:54.074  2065 26233 E mm-camera: <IFACE ><ERROR> 2441: iface_axi_handle_sof_event: Event SOF session 5 VFE1, src 0 with frame_id 761 ts: 160209205995000
07-03 11:43:54.077  2065 26183 E mm-camera: <ISP   ><ERROR> 172: sce40_select_table: aec_ratio 0.000000
07-03 11:43:54.077  2065 26171 E QMI_FW  : qmi_cci_get_ref: ref count increased 2
07-03 11:43:54.108  2065 26233 E mm-camera: <IFACE ><ERROR> 2441: iface_axi_handle_sof_event: Event SOF session 5 VFE1, src 0 with frame_id 762 ts: 160209239327000
07-03 11:43:54.109  2065 26171 E QMI_FW  : qmi_cci_get_ref: ref count increased 2
07-03 11:43:54.141  2065 26233 E mm-camera: <IFACE ><ERROR> 2441: iface_axi_handle_sof_event: Event SOF session 5 VFE1, src 0 with frame_id 763 ts: 160209272673000
07-03 11:43:54.143  2065 26171 E QMI_FW  : qmi_cci_get_ref: ref count increased 2
07-03 11:43:54.144  2065 26183 E mm-camera: <ISP   ><ERROR> 172: sce40_select_table: aec_ratio 0.000000
07-03 11:43:54.174  2065 26233 E mm-camera: <IFACE ><ERROR> 2441: iface_axi_handle_sof_event: Event SOF session 5 VFE1, src 0 with frame_id 764 ts: 160209305983000
07-03 11:43:54.176  2065 26171 E QMI_FW  : qmi_cci_get_ref: ref count increased 2
07-03 11:43:54.208  2065 26233 E mm-camera: <IFACE ><ERROR> 2441: iface_axi_handle_sof_event: Event SOF session 5 VFE1, src 0 with frame_id 765 ts: 160209339314000
07-03 11:43:54.209  2065 26171 E QMI_FW  : qmi_cci_get_ref: ref count increased 2
07-03 11:43:54.210  2065 26183 E mm-camera: <ISP   ><ERROR> 172: sce40_select_table: aec_ratio 0.000000
07-03 11:43:54.241  2065 26233 E mm-camera: <IFACE ><ERROR> 2441: iface_axi_handle_sof_event: Event SOF session 5 VFE1, src 0 with frame_id 766 ts: 160209372642000
07-03 11:43:54.243  2065 26171 E QMI_FW  : qmi_cci_get_ref: ref count increased 2
07-03 11:43:54.274  2065 26233 E mm-camera: <IFACE ><ERROR> 2441: iface_axi_handle_sof_event: Event SOF session 5 VFE1, src 0 with frame_id 767 ts: 160209405970000
07-03 11:43:54.277  2065 26171 E QMI_FW  : qmi_cci_get_ref: ref count increased 2
07-03 11:43:54.279  2065 26183 E mm-camera: <ISP   ><ERROR> 172: sce40_select_table: aec_ratio 0.000000
07-03 11:43:54.308  2065 26233 E mm-camera: <IFACE ><ERROR> 2441: iface_axi_handle_sof_event: Event SOF session 5 VFE1, src 0 with frame_id 768 ts: 160209439300000
07-03 11:43:54.313  2065 26171 E QMI_FW  : qmi_cci_get_ref: ref count increased 2
07-03 11:43:54.313  2065 26171 E QMI_FW  : qmi_cci_get_ref: ref count increased 2
07-03 11:43:54.341  2065 26233 E mm-camera: <IFACE ><ERROR> 2441: iface_axi_handle_sof_event: Event SOF session 5 VFE1, src 0 with frame_id 769 ts: 160209472629000
07-03 11:43:54.343  2065 26171 E QMI_FW  : qmi_cci_get_ref: ref count increased 2
07-03 11:43:54.344  2065 26183 E mm-camera: <ISP   ><ERROR> 172: sce40_select_table: aec_ratio 0.000000
07-03 11:43:54.374  2065 26233 E mm-camera: <IFACE ><ERROR> 2441: iface_axi_handle_sof_event: Event SOF session 5 VFE1, src 0 with frame_id 770 ts: 160209505960000
07-03 11:43:54.376  2065 26171 E QMI_FW  : qmi_cci_get_ref: ref count increased 2
07-03 11:43:54.408  2065 26233 E mm-camera: <IFACE ><ERROR> 2441: iface_axi_handle_sof_event: Event SOF session 5 VFE1, src 0 with frame_id 771 ts: 160209539287000
07-03 11:43:54.410  2065 26171 E QMI_FW  : qmi_cci_get_ref: ref count increased 2
07-03 11:43:54.414  2065 26183 E mm-camera: <ISP   ><ERROR> 172: sce40_select_table: aec_ratio 0.000000
07-03 11:43:54.441  2065 26233 E mm-camera: <IFACE ><ERROR> 2441: iface_axi_handle_sof_event: Event SOF session 5 VFE1, src 0 with frame_id 772 ts: 160209572616000
07-03 11:43:54.443  2065 26171 E QMI_FW  : qmi_cci_get_ref: ref count increased 2
07-03 11:43:54.474  2065 26233 E mm-camera: <IFACE ><ERROR> 2441: iface_axi_handle_sof_event: Event SOF session 5 VFE1, src 0 with frame_id 773 ts: 160209605945000
07-03 11:43:54.478  2065 26171 E QMI_FW  : qmi_cci_get_ref: ref count increased 2
07-03 11:43:54.479  2065 26183 E mm-camera: <ISP   ><ERROR> 172: sce40_select_table: aec_ratio 0.000000
07-03 11:43:54.508  2065 26233 E mm-camera: <IFACE ><ERROR> 2441: iface_axi_handle_sof_event: Event SOF session 5 VFE1, src 0 with frame_id 774 ts: 160209639274000
07-03 11:43:54.509  2065 26171 E QMI_FW  : qmi_cci_get_ref: ref count increased 2
07-03 11:43:54.541  2065 26233 E mm-camera: <IFACE ><ERROR> 2441: iface_axi_handle_sof_event: Event SOF session 5 VFE1, src 0 with frame_id 775 ts: 160209672806000
07-03 11:43:54.543  2065 26183 E mm-camera: <ISP   ><ERROR> 172: sce40_select_table: aec_ratio 0.000000
07-03 11:43:54.543  2065 26171 E QMI_FW  : qmi_cci_get_ref: ref count increased 2
07-03 11:43:54.574  2065 26233 E mm-camera: <IFACE ><ERROR> 2441: iface_axi_handle_sof_event: Event SOF session 5 VFE1, src 0 with frame_id 776 ts: 160209705935000
07-03 11:43:54.577  2065 26171 E QMI_FW  : qmi_cci_get_ref: ref count increased 2
07-03 11:43:54.608  2065 26233 E mm-camera: <IFACE ><ERROR> 2441: iface_axi_handle_sof_event: Event SOF session 5 VFE1, src 0 with frame_id 777 ts: 160209739263000
07-03 11:43:54.609  2065 26171 E QMI_FW  : qmi_cci_get_ref: ref count increased 2
07-03 11:43:54.610  2065 26183 E mm-camera: <ISP   ><ERROR> 172: sce40_select_table: aec_ratio 0.000000
07-03 11:43:54.641  2065 26233 E mm-camera: <IFACE ><ERROR> 2441: iface_axi_handle_sof_event: Event SOF session 5 VFE1, src 0 with frame_id 778 ts: 160209772599000
07-03 11:43:54.643  2065 26171 E QMI_FW  : qmi_cci_get_ref: ref count increased 2
07-03 11:43:54.674  2065 26233 E mm-camera: <IFACE ><ERROR> 2441: iface_axi_handle_sof_event: Event SOF session 5 VFE1, src 0 with frame_id 779 ts: 160209805922000
07-03 11:43:54.677  2065 26183 E mm-camera: <ISP   ><ERROR> 172: sce40_select_table: aec_ratio 0.000000
07-03 11:43:54.677  2065 26171 E QMI_FW  : qmi_cci_get_ref: ref count increased 2
07-03 11:43:54.708  2065 26233 E mm-camera: <IFACE ><ERROR> 2441: iface_axi_handle_sof_event: Event SOF session 5 VFE1, src 0 with frame_id 780 ts: 160209839252000
07-03 11:43:54.709  2065 26171 E QMI_FW  : qmi_cci_get_ref: ref count increased 2
07-03 11:43:54.741  2065 26233 E mm-camera: <IFACE ><ERROR> 2441: iface_axi_handle_sof_event: Event SOF session 5 VFE1, src 0 with frame_id 781 ts: 160209872600000
07-03 11:43:54.743  2065 26171 E QMI_FW  : qmi_cci_get_ref: ref count increased 2
07-03 11:43:54.744  2065 26183 E mm-camera: <ISP   ><ERROR> 172: sce40_select_table: aec_ratio 0.000000
07-03 11:43:54.774  2065 26233 E mm-camera: <IFACE ><ERROR> 2441: iface_axi_handle_sof_event: Event SOF session 5 VFE1, src 0 with frame_id 782 ts: 160209905906000
07-03 11:43:54.777  2065 26171 E QMI_FW  : qmi_cci_get_ref: ref count increased 2
07-03 11:43:54.809  2065 26233 E mm-camera: <IFACE ><ERROR> 2441: iface_axi_handle_sof_event: Event SOF session 5 VFE1, src 0 with frame_id 783 ts: 160209939258000
07-03 11:43:54.812  2065 26171 E QMI_FW  : qmi_cci_get_ref: ref count increased 2
07-03 11:43:54.813  2065 26183 E mm-camera: <ISP   ><ERROR> 172: sce40_select_table: aec_ratio 0.000000
07-03 11:43:54.850  2065 26233 E mm-camera: <IFACE ><ERROR> 2441: iface_axi_handle_sof_event: Event SOF session 5 VFE1, src 0 with frame_id 784 ts: 160209972565000
07-03 11:43:54.853  2065 26171 E QMI_FW  : qmi_cci_get_ref: ref count increased 2
07-03 11:43:54.875  2065 26233 E mm-camera: <IFACE ><ERROR> 2441: iface_axi_handle_sof_event: Event SOF session 5 VFE1, src 0 with frame_id 785 ts: 160210005896000
07-03 11:43:54.878  2065 26171 E QMI_FW  : qmi_cci_get_ref: ref count increased 2
07-03 11:43:54.878  2065 26183 E mm-camera: <ISP   ><ERROR> 172: sce40_select_table: aec_ratio 0.000000
07-03 11:43:54.908  2065 26233 E mm-camera: <IFACE ><ERROR> 2441: iface_axi_handle_sof_event: Event SOF session 5 VFE1, src 0 with frame_id 786 ts: 160210039223000
07-03 11:43:54.916  2065 26171 E QMI_FW  : qmi_cci_get_ref: ref count increased 2
07-03 11:43:54.941  2065 26233 E mm-camera: <IFACE ><ERROR> 2441: iface_axi_handle_sof_event: Event SOF session 5 VFE1, src 0 with frame_id 787 ts: 160210072558000
07-03 11:43:54.943  2065 26183 E mm-camera: <ISP   ><ERROR> 172: sce40_select_table: aec_ratio 0.000000
07-03 11:43:54.947  2065 26171 E QMI_FW  : qmi_cci_get_ref: ref count increased 2
07-03 11:43:54.974  2065 26233 E mm-camera: <IFACE ><ERROR> 2441: iface_axi_handle_sof_event: Event SOF session 5 VFE1, src 0 with frame_id 788 ts: 160210105882000
07-03 11:43:54.980  2065 26171 E QMI_FW  : qmi_cci_get_ref: ref count increased 2
07-03 11:43:55.008  2065 26233 E mm-camera: <IFACE ><ERROR> 2441: iface_axi_handle_sof_event: Event SOF session 5 VFE1, src 0 with frame_id 789 ts: 160210139211000
07-03 11:43:55.010  2065 26171 E QMI_FW  : qmi_cci_get_ref: ref count increased 2
07-03 11:43:55.011  2065 26183 E mm-camera: <ISP   ><ERROR> 172: sce40_select_table: aec_ratio 0.000000
07-03 11:43:55.034 26085 26253 I BatteryMgr:DataCollectionService: stats => 1688377435032,-345702,4320
07-03 11:43:55.041  2065 26233 E mm-camera: <IFACE ><ERROR> 2441: iface_axi_handle_sof_event: Event SOF session 5 VFE1, src 0 with frame_id 790 ts: 160210172547000
07-03 11:43:55.043  2065 26171 E QMI_FW  : qmi_cci_get_ref: ref count increased 2
07-03 11:43:55.074  2065 26233 E mm-camera: <IFACE ><ERROR> 2441: iface_axi_handle_sof_event: Event SOF session 5 VFE1, src 0 with frame_id 791 ts: 160210205869000
07-03 11:43:55.077  2065 26183 E mm-camera: <ISP   ><ERROR> 172: sce40_select_table: aec_ratio 0.000000
07-03 11:43:55.078  2065 26171 E QMI_FW  : qmi_cci_get_ref: ref count increased 2
07-03 11:43:55.108  2065 26233 E mm-camera: <IFACE ><ERROR> 2441: iface_axi_handle_sof_event: Event SOF session 5 VFE1, src 0 with frame_id 792 ts: 160210239199000
07-03 11:43:55.110  2065 26171 E QMI_FW  : qmi_cci_get_ref: ref count increased 2
07-03 11:43:55.141  2065 26233 E mm-camera: <IFACE ><ERROR> 2441: iface_axi_handle_sof_event: Event SOF session 5 VFE1, src 0 with frame_id 793 ts: 160210272528000
07-03 11:43:55.144  2065 26183 E mm-camera: <ISP   ><ERROR> 172: sce40_select_table: aec_ratio 0.000000
07-03 11:43:55.147  2065 26171 E QMI_FW  : qmi_cci_get_ref: ref count increased 2
07-03 11:43:55.174  2065 26233 E mm-camera: <IFACE ><ERROR> 2441: iface_axi_handle_sof_event: Event SOF session 5 VFE1, src 0 with frame_id 794 ts: 160210305857000
07-03 11:43:55.181  2065 26171 E QMI_FW  : qmi_cci_get_ref: ref count increased 2
07-03 11:43:55.208  2065 26233 E mm-camera: <IFACE ><ERROR> 2441: iface_axi_handle_sof_event: Event SOF session 5 VFE1, src 0 with frame_id 795 ts: 160210339187000
07-03 11:43:55.210  2065 26171 E QMI_FW  : qmi_cci_get_ref: ref count increased 2
07-03 11:43:55.214  2065 26183 E mm-camera: <ISP   ><ERROR> 172: sce40_select_table: aec_ratio 0.000000
07-03 11:43:55.242  2065 26233 E mm-camera: <IFACE ><ERROR> 2441: iface_axi_handle_sof_event: Event SOF session 5 VFE1, src 0 with frame_id 796 ts: 160210372516000
07-03 11:43:55.245  2065 26171 E QMI_FW  : qmi_cci_get_ref: ref count increased 2
07-03 11:43:55.246  2065 26183 E mm-camera: <ISP   ><ERROR> 172: sce40_select_table: aec_ratio 0.000000
07-03 11:43:55.274  2065 26233 E mm-camera: <IFACE ><ERROR> 2441: iface_axi_handle_sof_event: Event SOF session 5 VFE1, src 0 with frame_id 797 ts: 160210405845000
07-03 11:43:55.277  2065 26183 E mm-camera: <ISP   ><ERROR> 172: sce40_select_table: aec_ratio 0.000000
07-03 11:43:55.280  2065 26171 E QMI_FW  : qmi_cci_get_ref: ref count increased 2
07-03 11:43:55.308  2065 26233 E mm-camera: <IFACE ><ERROR> 2441: iface_axi_handle_sof_event: Event SOF session 5 VFE1, src 0 with frame_id 798 ts: 160210439332000
07-03 11:43:55.311  2065 26183 E mm-camera: <ISP   ><ERROR> 172: sce40_select_table: aec_ratio 0.000000
07-03 11:43:55.313  2065 26171 E QMI_FW  : qmi_cci_get_ref: ref count increased 2
07-03 11:43:55.341  2065 26233 E mm-camera: <IFACE ><ERROR> 2441: iface_axi_handle_sof_event: Event SOF session 5 VFE1, src 0 with frame_id 799 ts: 160210472553000
07-03 11:43:55.345  2065 26183 E mm-camera: <ISP   ><ERROR> 172: sce40_select_table: aec_ratio 0.000000
07-03 11:43:55.348  2065 26171 E QMI_FW  : qmi_cci_get_ref: ref count increased 2
07-03 11:43:55.378  2065 26233 E mm-camera: <IFACE ><ERROR> 2441: iface_axi_handle_sof_event: Event SOF session 5 VFE1, src 0 with frame_id 800 ts: 160210505832000
07-03 11:43:55.381  2065 26171 E QMI_FW  : qmi_cci_get_ref: ref count increased 2
07-03 11:43:55.381  2065 26171 E QMI_FW  : qmi_cci_get_ref: ref count increased 2
07-03 11:43:55.383  2065 26183 E mm-camera: <ISP   ><ERROR> 172: sce40_select_table: aec_ratio 0.000000
07-03 11:43:55.408  2065 26233 E mm-camera: <IFACE ><ERROR> 2441: iface_axi_handle_sof_event: Event SOF session 5 VFE1, src 0 with frame_id 801 ts: 160210539161000
07-03 11:43:55.412  2065 26171 E QMI_FW  : qmi_cci_get_ref: ref count increased 2
07-03 11:43:55.441  2065 26233 E mm-camera: <IFACE ><ERROR> 2441: iface_axi_handle_sof_event: Event SOF session 5 VFE1, src 0 with frame_id 802 ts: 160210572490000
07-03 11:43:55.444  2065 26171 E QMI_FW  : qmi_cci_get_ref: ref count increased 2
07-03 11:43:55.444  2065 26183 E mm-camera: <ISP   ><ERROR> 172: sce40_select_table: aec_ratio 0.000000
07-03 11:43:55.474  2065 26233 E mm-camera: <IFACE ><ERROR> 2441: iface_axi_handle_sof_event: Event SOF session 5 VFE1, src 0 with frame_id 803 ts: 160210605819000
07-03 11:43:55.477  2065 26171 E QMI_FW  : qmi_cci_get_ref: ref count increased 2
07-03 11:43:55.508  2065 26233 E mm-camera: <IFACE ><ERROR> 2441: iface_axi_handle_sof_event: Event SOF session 5 VFE1, src 0 with frame_id 804 ts: 160210639149000
07-03 11:43:55.510  2065 26171 E QMI_FW  : qmi_cci_get_ref: ref count increased 2
07-03 11:43:55.516  2065 26183 E mm-camera: <ISP   ><ERROR> 172: sce40_select_table: aec_ratio 0.000000
07-03 11:43:55.522  1301  1301 W ipacm   : type=1400 audit(0.0:4610948): avc: denied { write } for name="ipacm_log_file" dev="tmpfs" ino=28733 scontext=u:r:ipacm:s0 tcontext=u:object_r:ipacm_socket:s0 tclass=sock_file permissive=0
07-03 11:43:55.522  1301  1301 I chatty  : uid=1001(radio) /system/vendor/bin/ipacm identical 3 lines
07-03 11:43:55.522  1301  1301 W ipacm   : type=1400 audit(0.0:4610952): avc: denied { write } for name="ipacm_log_file" dev="tmpfs" ino=28733 scontext=u:r:ipacm:s0 tcontext=u:object_r:ipacm_socket:s0 tclass=sock_file permissive=0
07-03 11:43:55.541  2065 26233 E mm-camera: <IFACE ><ERROR> 2441: iface_axi_handle_sof_event: Event SOF session 5 VFE1, src 0 with frame_id 805 ts: 160210672790000
07-03 11:43:55.543  2065 26171 E QMI_FW  : qmi_cci_get_ref: ref count increased 2
07-03 11:43:55.574  2065 26233 E mm-camera: <IFACE ><ERROR> 2441: iface_axi_handle_sof_event: Event SOF session 5 VFE1, src 0 with frame_id 806 ts: 160210705808000
07-03 11:43:55.579  2065 26183 E mm-camera: <ISP   ><ERROR> 172: sce40_select_table: aec_ratio 0.000000
07-03 11:43:55.582  2065 26171 E QMI_FW  : qmi_cci_get_ref: ref count increased 2
07-03 11:43:55.616  2065 26233 E mm-camera: <IFACE ><ERROR> 2441: iface_axi_handle_sof_event: Event SOF session 5 VFE1, src 0 with frame_id 807 ts: 160210739136000
07-03 11:43:55.620  2065 26171 E QMI_FW  : qmi_cci_get_ref: ref count increased 2
07-03 11:43:55.644  2065 26233 E mm-camera: <IFACE ><ERROR> 2441: iface_axi_handle_sof_event: Event SOF session 5 VFE1, src 0 with frame_id 808 ts: 160210772465000
07-03 11:43:55.646  2065 26171 E QMI_FW  : qmi_cci_get_ref: ref count increased 2
07-03 11:43:55.649  2065 26183 E mm-camera: <ISP   ><ERROR> 172: sce40_select_table: aec_ratio 0.000000
07-03 11:43:55.674  2065 26233 E mm-camera: <IFACE ><ERROR> 2441: iface_axi_handle_sof_event: Event SOF session 5 VFE1, src 0 with frame_id 809 ts: 160210805795000
07-03 11:43:55.676  2065 26171 E QMI_FW  : qmi_cci_get_ref: ref count increased 2
07-03 11:43:55.707  2065 26233 E mm-camera: <IFACE ><ERROR> 2441: iface_axi_handle_sof_event: Event SOF session 5 VFE1, src 0 with frame_id 810 ts: 160210839126000
07-03 11:43:55.710  2065 26183 E mm-camera: <ISP   ><ERROR> 172: sce40_select_table: aec_ratio 0.000000
07-03 11:43:55.710  2065 26171 E QMI_FW  : qmi_cci_get_ref: ref count increased 2
07-03 11:43:55.741  2065 26233 E mm-camera: <IFACE ><ERROR> 2441: iface_axi_handle_sof_event: Event SOF session 5 VFE1, src 0 with frame_id 811 ts: 160210872456000
07-03 11:43:55.742  2065 26171 E QMI_FW  : qmi_cci_get_ref: ref count increased 2
07-03 11:43:55.775  2065 26233 E mm-camera: <IFACE ><ERROR> 2441: iface_axi_handle_sof_event: Event SOF session 5 VFE1, src 0 with frame_id 812 ts: 160210905784000
07-03 11:43:55.777  2065 26171 E QMI_FW  : qmi_cci_get_ref: ref count increased 2
07-03 11:43:55.779  2065 26183 E mm-camera: <ISP   ><ERROR> 172: sce40_select_table: aec_ratio 0.000000
07-03 11:43:55.807  2065 26233 E mm-camera: <IFACE ><ERROR> 2441: iface_axi_handle_sof_event: Event SOF session 5 VFE1, src 0 with frame_id 813 ts: 160210939114000
07-03 11:43:55.809  2065 26171 E QMI_FW  : qmi_cci_get_ref: ref count increased 2
07-03 11:43:55.841  2065 26233 E mm-camera: <IFACE ><ERROR> 2441: iface_axi_handle_sof_event: Event SOF session 5 VFE1, src 0 with frame_id 814 ts: 160210972440000
07-03 11:43:55.843  2065 26171 E QMI_FW  : qmi_cci_get_ref: ref count increased 2
07-03 11:43:55.844  2065 26183 E mm-camera: <ISP   ><ERROR> 172: sce40_select_table: aec_ratio 0.000000
07-03 11:43:55.874  2065 26233 E mm-camera: <IFACE ><ERROR> 2441: iface_axi_handle_sof_event: Event SOF session 5 VFE1, src 0 with frame_id 815 ts: 160211005769000
07-03 11:43:55.877  2065 26171 E QMI_FW  : qmi_cci_get_ref: ref count increased 2
07-03 11:43:55.907  2065 26233 E mm-camera: <IFACE ><ERROR> 2441: iface_axi_handle_sof_event: Event SOF session 5 VFE1, src 0 with frame_id 816 ts: 160211039102000
07-03 11:43:55.915  2065 26171 E QMI_FW  : qmi_cci_get_ref: ref count increased 2
07-03 11:43:55.918  2065 26183 E mm-camera: <ISP   ><ERROR> 172: sce40_select_table: aec_ratio 0.000000
07-03 11:43:55.942  2065 26233 E mm-camera: <IFACE ><ERROR> 2441: iface_axi_handle_sof_event: Event SOF session 5 VFE1, src 0 with frame_id 817 ts: 160211072429000
07-03 11:43:55.944  2065 26171 E QMI_FW  : qmi_cci_get_ref: ref count increased 2
07-03 11:43:55.974  2065 26233 E mm-camera: <IFACE ><ERROR> 2441: iface_axi_handle_sof_event: Event SOF session 5 VFE1, src 0 with frame_id 818 ts: 160211105791000
07-03 11:43:55.978  2065 26183 E mm-camera: <ISP   ><ERROR> 172: sce40_select_table: aec_ratio 0.000000
07-03 11:43:55.981  2065 26171 E QMI_FW  : qmi_cci_get_ref: ref count increased 2
07-03 11:43:56.008  2065 26233 E mm-camera: <IFACE ><ERROR> 2441: iface_axi_handle_sof_event: Event SOF session 5 VFE1, src 0 with frame_id 819 ts: 160211139099000
07-03 11:43:56.013  2065 26171 E QMI_FW  : qmi_cci_get_ref: ref count increased 2
07-03 11:43:56.041  2065 26233 E mm-camera: <IFACE ><ERROR> 2441: iface_axi_handle_sof_event: Event SOF session 5 VFE1, src 0 with frame_id 820 ts: 160211172414000
07-03 11:43:56.044  2065 26183 E mm-camera: <ISP   ><ERROR> 172: sce40_select_table: aec_ratio 0.000000
07-03 11:43:56.047 26085 26253 I BatteryMgr:DataCollectionService: stats => 1688377436046,-298339,4320
07-03 11:43:56.047  2065 26171 E QMI_FW  : qmi_cci_get_ref: ref count increased 2
07-03 11:43:56.076  2065 26233 E mm-camera: <IFACE ><ERROR> 2441: iface_axi_handle_sof_event: Event SOF session 5 VFE1, src 0 with frame_id 821 ts: 160211205745000
07-03 11:43:56.079  2065 26171 E QMI_FW  : qmi_cci_get_ref: ref count increased 2
07-03 11:43:56.108  2065 26233 E mm-camera: <IFACE ><ERROR> 2441: iface_axi_handle_sof_event: Event SOF session 5 VFE1, src 0 with frame_id 822 ts: 160211239073000
07-03 11:43:56.111  2065 26183 E mm-camera: <ISP   ><ERROR> 172: sce40_select_table: aec_ratio 0.000000
07-03 11:43:56.119  2065 26171 E QMI_FW  : qmi_cci_get_ref: ref count increased 2
07-03 11:43:56.141  2065 26233 E mm-camera: <IFACE ><ERROR> 2441: iface_axi_handle_sof_event: Event SOF session 5 VFE1, src 0 with frame_id 823 ts: 160211272404000
07-03 11:43:56.143  2065 26171 E QMI_FW  : qmi_cci_get_ref: ref count increased 2
07-03 11:43:56.174  2065 26233 E mm-camera: <IFACE ><ERROR> 2441: iface_axi_handle_sof_event: Event SOF session 5 VFE1, src 0 with frame_id 824 ts: 160211305733000
07-03 11:43:56.177  2065 26183 E mm-camera: <ISP   ><ERROR> 172: sce40_select_table: aec_ratio 0.000000
07-03 11:43:56.182  2065 26171 E QMI_FW  : qmi_cci_get_ref: ref count increased 2
07-03 11:43:56.209  2065 26233 E mm-camera: <IFACE ><ERROR> 2441: iface_axi_handle_sof_event: Event SOF session 5 VFE1, src 0 with frame_id 825 ts: 160211339060000
07-03 11:43:56.211  2065 26171 E QMI_FW  : qmi_cci_get_ref: ref count increased 2
07-03 11:43:56.241  2065 26233 E mm-camera: <IFACE ><ERROR> 2441: iface_axi_handle_sof_event: Event SOF session 5 VFE1, src 0 with frame_id 826 ts: 160211372390000
07-03 11:43:56.243  2065 26171 E QMI_FW  : qmi_cci_get_ref: ref count increased 2
07-03 11:43:56.243  2065 26183 E mm-camera: <ISP   ><ERROR> 172: sce40_select_table: aec_ratio 0.000000
07-03 11:43:56.274  2065 26233 E mm-camera: <IFACE ><ERROR> 2441: iface_axi_handle_sof_event: Event SOF session 5 VFE1, src 0 with frame_id 827 ts: 160211405721000
07-03 11:43:56.277  2065 26171 E QMI_FW  : qmi_cci_get_ref: ref count increased 2
07-03 11:43:56.309  2065 26233 E mm-camera: <IFACE ><ERROR> 2441: iface_axi_handle_sof_event: Event SOF session 5 VFE1, src 0 with frame_id 828 ts: 160211439051000
07-03 11:43:56.312  2065 26171 E QMI_FW  : qmi_cci_get_ref: ref count increased 2
07-03 11:43:56.312  2065 26183 E mm-camera: <ISP   ><ERROR> 172: sce40_select_table: aec_ratio 0.000000
07-03 11:43:56.341  2065 26233 E mm-camera: <IFACE ><ERROR> 2441: iface_axi_handle_sof_event: Event SOF session 5 VFE1, src 0 with frame_id 829 ts: 160211472380000
07-03 11:43:56.344  2065 26171 E QMI_FW  : qmi_cci_get_ref: ref count increased 2
07-03 11:43:56.374  2065 26233 E mm-camera: <IFACE ><ERROR> 2441: iface_axi_handle_sof_event: Event SOF session 5 VFE1, src 0 with frame_id 830 ts: 160211505707000
07-03 11:43:56.377  2065 26183 E mm-camera: <ISP   ><ERROR> 172: sce40_select_table: aec_ratio 0.000000
07-03 11:43:56.377  2065 26171 E QMI_FW  : qmi_cci_get_ref: ref count increased 2
07-03 11:43:56.408  2065 26233 E mm-camera: <IFACE ><ERROR> 2441: iface_axi_handle_sof_event: Event SOF session 5 VFE1, src 0 with frame_id 831 ts: 160211539036000
07-03 11:43:56.417  2065 26171 E QMI_FW  : qmi_cci_get_ref: ref count increased 2
07-03 11:43:56.441  2065 26233 E mm-camera: <IFACE ><ERROR> 2441: iface_axi_handle_sof_event: Event SOF session 5 VFE1, src 0 with frame_id 832 ts: 160211572566000
07-03 11:43:56.443  2065 26183 E mm-camera: <ISP   ><ERROR> 172: sce40_select_table: aec_ratio 0.000000
07-03 11:43:56.444  2065 26171 E QMI_FW  : qmi_cci_get_ref: ref count increased 2
07-03 11:43:56.445  2065 26171 E QMI_FW  : qmi_cci_get_ref: ref count increased 2
07-03 11:43:56.474  2065 26233 E mm-camera: <IFACE ><ERROR> 2441: iface_axi_handle_sof_event: Event SOF session 5 VFE1, src 0 with frame_id 833 ts: 160211605695000
07-03 11:43:56.476  2065 26171 E QMI_FW  : qmi_cci_get_ref: ref count increased 2
07-03 11:43:56.508  2065 26233 E mm-camera: <IFACE ><ERROR> 2441: iface_axi_handle_sof_event: Event SOF session 5 VFE1, src 0 with frame_id 834 ts: 160211639024000
07-03 11:43:56.512  2065 26183 E mm-camera: <ISP   ><ERROR> 172: sce40_select_table: aec_ratio 0.000000
07-03 11:43:56.513  2065 26171 E QMI_FW  : qmi_cci_get_ref: ref count increased 2
07-03 11:43:56.541  2065 26233 E mm-camera: <IFACE ><ERROR> 2441: iface_axi_handle_sof_event: Event SOF session 5 VFE1, src 0 with frame_id 835 ts: 160211672366000
07-03 11:43:56.543  2065 26171 E QMI_FW  : qmi_cci_get_ref: ref count increased 2
07-03 11:43:56.572  1301  1301 W ipacm   : type=1400 audit(0.0:4611002): avc: denied { write } for name="ipacm_log_file" dev="tmpfs" ino=28733 scontext=u:r:ipacm:s0 tcontext=u:object_r:ipacm_socket:s0 tclass=sock_file permissive=0
07-03 11:43:56.572  1301  1301 I chatty  : uid=1001(radio) /system/vendor/bin/ipacm identical 3 lines
07-03 11:43:56.572  1301  1301 W ipacm   : type=1400 audit(0.0:4611006): avc: denied { write } for name="ipacm_log_file" dev="tmpfs" ino=28733 scontext=u:r:ipacm:s0 tcontext=u:object_r:ipacm_socket:s0 tclass=sock_file permissive=0
07-03 11:43:56.574  2065 26233 E mm-camera: <IFACE ><ERROR> 2441: iface_axi_handle_sof_event: Event SOF session 5 VFE1, src 0 with frame_id 836 ts: 160211705682000
07-03 11:43:56.579  2065 26183 E mm-camera: <ISP   ><ERROR> 172: sce40_select_table: aec_ratio 0.000000
07-03 11:43:56.580  2065 26171 E QMI_FW  : qmi_cci_get_ref: ref count increased 2
07-03 11:43:56.608  2065 26233 E mm-camera: <IFACE ><ERROR> 2441: iface_axi_handle_sof_event: Event SOF session 5 VFE1, src 0 with frame_id 837 ts: 160211739020000
07-03 11:43:56.610  2065 26171 E QMI_FW  : qmi_cci_get_ref: ref count increased 2
07-03 11:43:56.641  2065 26233 E mm-camera: <IFACE ><ERROR> 2441: iface_axi_handle_sof_event: Event SOF session 5 VFE1, src 0 with frame_id 838 ts: 160211772341000
07-03 11:43:56.644  2065 26171 E QMI_FW  : qmi_cci_get_ref: ref count increased 2
07-03 11:43:56.649  2065 26183 E mm-camera: <ISP   ><ERROR> 172: sce40_select_table: aec_ratio 0.000000
07-03 11:43:56.674  2065 26233 E mm-camera: <IFACE ><ERROR> 2441: iface_axi_handle_sof_event: Event SOF session 5 VFE1, src 0 with frame_id 839 ts: 160211805678000
07-03 11:43:56.681  2065 26171 E QMI_FW  : qmi_cci_get_ref: ref count increased 2
07-03 11:43:56.707  2065 26233 E mm-camera: <IFACE ><ERROR> 2441: iface_axi_handle_sof_event: Event SOF session 5 VFE1, src 0 with frame_id 840 ts: 160211838999000
07-03 11:43:56.710  2065 26183 E mm-camera: <ISP   ><ERROR> 172: sce40_select_table: aec_ratio 0.000000
07-03 11:43:56.713  2065 26171 E QMI_FW  : qmi_cci_get_ref: ref count increased 2
07-03 11:43:56.741  2065 26233 E mm-camera: <IFACE ><ERROR> 2441: iface_axi_handle_sof_event: Event SOF session 5 VFE1, src 0 with frame_id 841 ts: 160211872328000
07-03 11:43:56.747  2065 26171 E QMI_FW  : qmi_cci_get_ref: ref count increased 2
07-03 11:43:56.774  2065 26233 E mm-camera: <IFACE ><ERROR> 2441: iface_axi_handle_sof_event: Event SOF session 5 VFE1, src 0 with frame_id 842 ts: 160211905860000
07-03 11:43:56.776  2065 26171 E QMI_FW  : qmi_cci_get_ref: ref count increased 2
07-03 11:43:56.776  2065 26183 E mm-camera: <ISP   ><ERROR> 172: sce40_select_table: aec_ratio 0.000000
07-03 11:43:56.807  2065 26233 E mm-camera: <IFACE ><ERROR> 2441: iface_axi_handle_sof_event: Event SOF session 5 VFE1, src 0 with frame_id 843 ts: 160211938987000
07-03 11:43:56.809  2065 26171 E QMI_FW  : qmi_cci_get_ref: ref count increased 2
07-03 11:43:56.841  2065 26233 E mm-camera: <IFACE ><ERROR> 2441: iface_axi_handle_sof_event: Event SOF session 5 VFE1, src 0 with frame_id 844 ts: 160211972324000
07-03 11:43:56.842  2065 26171 E QMI_FW  : qmi_cci_get_ref: ref count increased 2
07-03 11:43:56.843  2065 26183 E mm-camera: <ISP   ><ERROR> 172: sce40_select_table: aec_ratio 0.000000
07-03 11:43:56.874  2065 26233 E mm-camera: <IFACE ><ERROR> 2441: iface_axi_handle_sof_event: Event SOF session 5 VFE1, src 0 with frame_id 845 ts: 160212005645000
07-03 11:43:56.875  2065 26171 E QMI_FW  : qmi_cci_get_ref: ref count increased 2
07-03 11:43:56.907  2065 26233 E mm-camera: <IFACE ><ERROR> 2441: iface_axi_handle_sof_event: Event SOF session 5 VFE1, src 0 with frame_id 846 ts: 160212038975000
07-03 11:43:56.909  2065 26183 E mm-camera: <ISP   ><ERROR> 172: sce40_select_table: aec_ratio 0.000000
07-03 11:43:56.912  2065 26171 E QMI_FW  : qmi_cci_get_ref: ref count increased 2
07-03 11:43:56.941  2065 26233 E mm-camera: <IFACE ><ERROR> 2441: iface_axi_handle_sof_event: Event SOF session 5 VFE1, src 0 with frame_id 847 ts: 160212072304000
07-03 11:43:56.945  2065 26171 E QMI_FW  : qmi_cci_get_ref: ref count increased 2
07-03 11:43:56.975  2065 26233 E mm-camera: <IFACE ><ERROR> 2441: iface_axi_handle_sof_event: Event SOF session 5 VFE1, src 0 with frame_id 848 ts: 160212105632000
07-03 11:43:56.977  2065 26183 E mm-camera: <ISP   ><ERROR> 172: sce40_select_table: aec_ratio 0.000000
07-03 11:43:56.979  2065 26171 E QMI_FW  : qmi_cci_get_ref: ref count increased 2
07-03 11:43:57.007  2065 26233 E mm-camera: <IFACE ><ERROR> 2441: iface_axi_handle_sof_event: Event SOF session 5 VFE1, src 0 with frame_id 849 ts: 160212138963000
07-03 11:43:57.013  2065 26171 E QMI_FW  : qmi_cci_get_ref: ref count increased 2
07-03 11:43:57.041  2065 26233 E mm-camera: <IFACE ><ERROR> 2441: iface_axi_handle_sof_event: Event SOF session 5 VFE1, src 0 with frame_id 850 ts: 160212172290000
07-03 11:43:57.042  2065 26171 E QMI_FW  : qmi_cci_get_ref: ref count increased 2
07-03 11:43:57.043  2065 26183 E mm-camera: <ISP   ><ERROR> 172: sce40_select_table: aec_ratio 0.000000
07-03 11:43:57.062 26085 26253 I BatteryMgr:DataCollectionService: stats => 1688377437061,-298339,4320
07-03 11:43:57.074  2065 26233 E mm-camera: <IFACE ><ERROR> 2441: iface_axi_handle_sof_event: Event SOF session 5 VFE1, src 0 with frame_id 851 ts: 160212205623000
07-03 11:43:57.076  2065 26171 E QMI_FW  : qmi_cci_get_ref: ref count increased 2
07-03 11:43:57.109  2065 26233 E mm-camera: <IFACE ><ERROR> 2441: iface_axi_handle_sof_event: Event SOF session 5 VFE1, src 0 with frame_id 852 ts: 160212238952000
07-03 11:43:57.116  2065 26183 E mm-camera: <ISP   ><ERROR> 172: sce40_select_table: aec_ratio 0.000000
07-03 11:43:57.117  2065 26171 E QMI_FW  : qmi_cci_get_ref: ref count increased 2
07-03 11:43:57.141  2065 26233 E mm-camera: <IFACE ><ERROR> 2441: iface_axi_handle_sof_event: Event SOF session 5 VFE1, src 0 with frame_id 853 ts: 160212272277000
07-03 11:43:57.144  2065 26171 E QMI_FW  : qmi_cci_get_ref: ref count increased 2
07-03 11:43:57.174  2065 26233 E mm-camera: <IFACE ><ERROR> 2441: iface_axi_handle_sof_event: Event SOF session 5 VFE1, src 0 with frame_id 854 ts: 160212305620000
07-03 11:43:57.177  2065 26183 E mm-camera: <ISP   ><ERROR> 172: sce40_select_table: aec_ratio 0.000000
07-03 11:43:57.177  2065 26171 E QMI_FW  : qmi_cci_get_ref: ref count increased 2
07-03 11:43:57.207  2065 26233 E mm-camera: <IFACE ><ERROR> 2441: iface_axi_handle_sof_event: Event SOF session 5 VFE1, src 0 with frame_id 855 ts: 160212338936000
07-03 11:43:57.210  2065 26171 E QMI_FW  : qmi_cci_get_ref: ref count increased 2
07-03 11:43:57.241  2065 26233 E mm-camera: <IFACE ><ERROR> 2441: iface_axi_handle_sof_event: Event SOF session 5 VFE1, src 0 with frame_id 856 ts: 160212372266000
07-03 11:43:57.244  2065 26183 E mm-camera: <ISP   ><ERROR> 172: sce40_select_table: aec_ratio 0.000000
07-03 11:43:57.247  2065 26171 E QMI_FW  : qmi_cci_get_ref: ref count increased 2
07-03 11:43:57.274  2065 26233 E mm-camera: <IFACE ><ERROR> 2441: iface_axi_handle_sof_event: Event SOF session 5 VFE1, src 0 with frame_id 857 ts: 160212405594000
07-03 11:43:57.280  2065 26171 E QMI_FW  : qmi_cci_get_ref: ref count increased 2
07-03 11:43:57.305  1631  3711 D CompatibilityInfo: mCompatibilityFlags - 0
07-03 11:43:57.305  1631  3711 D CompatibilityInfo: applicationDensity - 420
07-03 11:43:57.305  1631  3711 D CompatibilityInfo: applicationScale - 1.0
07-03 11:43:57.309  2065 26233 E mm-camera: <IFACE ><ERROR> 2441: iface_axi_handle_sof_event: Event SOF session 5 VFE1, src 0 with frame_id 858 ts: 160212438935000
07-03 11:43:57.311  2065 26171 E QMI_FW  : qmi_cci_get_ref: ref count increased 2
07-03 11:43:57.311  2065 26183 E mm-camera: <ISP   ><ERROR> 172: sce40_select_table: aec_ratio 0.000000
07-03 11:43:57.317 20281 20281 D BoundBrokerSvc: onBind: Intent { act=com.google.android.gms.potokens.service.START dat=chimera-action: cmp=com.google.android.gms/.chimera.GmsApiService }
07-03 11:43:57.317 20281 20281 D BoundBrokerSvc: Loading bound service for intent: Intent { act=com.google.android.gms.potokens.service.START dat=chimera-action: cmp=com.google.android.gms/.chimera.GmsApiService }
07-03 11:43:57.344  2065 26233 E mm-camera: <IFACE ><ERROR> 2441: iface_axi_handle_sof_event: Event SOF session 5 VFE1, src 0 with frame_id 859 ts: 160212472251000
07-03 11:43:57.346  2065 26171 E QMI_FW  : qmi_cci_get_ref: ref count increased 2
07-03 11:43:57.374  2065 26233 E mm-camera: <IFACE ><ERROR> 2441: iface_axi_handle_sof_event: Event SOF session 5 VFE1, src 0 with frame_id 860 ts: 160212505775000
07-03 11:43:57.377  2065 26183 E mm-camera: <ISP   ><ERROR> 172: sce40_select_table: aec_ratio 0.000000
07-03 11:43:57.379  2065 26171 E QMI_FW  : qmi_cci_get_ref: ref count increased 2
07-03 11:43:57.407  2065 26233 E mm-camera: <IFACE ><ERROR> 2441: iface_axi_handle_sof_event: Event SOF session 5 VFE1, src 0 with frame_id 861 ts: 160212538912000
07-03 11:43:57.410  2065 26171 E QMI_FW  : qmi_cci_get_ref: ref count increased 2
07-03 11:43:57.441  2065 26233 E mm-camera: <IFACE ><ERROR> 2441: iface_axi_handle_sof_event: Event SOF session 5 VFE1, src 0 with frame_id 862 ts: 160212572242000
07-03 11:43:57.443  2065 26171 E QMI_FW  : qmi_cci_get_ref: ref count increased 2
07-03 11:43:57.444  2065 26183 E mm-camera: <ISP   ><ERROR> 172: sce40_select_table: aec_ratio 0.000000
07-03 11:43:57.474  2065 26233 E mm-camera: <IFACE ><ERROR> 2441: iface_axi_handle_sof_event: Event SOF session 5 VFE1, src 0 with frame_id 863 ts: 160212605569000
07-03 11:43:57.475  2065 26171 E QMI_FW  : qmi_cci_get_ref: ref count increased 2
07-03 11:43:57.508  2065 26233 E mm-camera: <IFACE ><ERROR> 2441: iface_axi_handle_sof_event: Event SOF session 5 VFE1, src 0 with frame_id 864 ts: 160212638898000
07-03 11:43:57.511  2065 26183 E mm-camera: <ISP   ><ERROR> 172: sce40_select_table: aec_ratio 0.000000
07-03 11:43:57.511  2065 26171 E QMI_FW  : qmi_cci_get_ref: ref count increased 2
07-03 11:43:57.511  2065 26171 E QMI_FW  : qmi_cci_get_ref: ref count increased 2
07-03 11:43:57.541  2065 26233 E mm-camera: <IFACE ><ERROR> 2441: iface_axi_handle_sof_event: Event SOF session 5 VFE1, src 0 with frame_id 865 ts: 160212672228000
07-03 11:43:57.542  2065 26171 E QMI_FW  : qmi_cci_get_ref: ref count increased 2
07-03 11:43:57.575  2065 26233 E mm-camera: <IFACE ><ERROR> 2441: iface_axi_handle_sof_event: Event SOF session 5 VFE1, src 0 with frame_id 866 ts: 160212705558000
07-03 11:43:57.577  2065 26171 E QMI_FW  : qmi_cci_get_ref: ref count increased 2
07-03 11:43:57.581  2065 26183 E mm-camera: <ISP   ><ERROR> 172: sce40_select_table: aec_ratio 0.000000
07-03 11:43:57.607  2065 26233 E mm-camera: <IFACE ><ERROR> 2441: iface_axi_handle_sof_event: Event SOF session 5 VFE1, src 0 with frame_id 867 ts: 160212738885000
07-03 11:43:57.609  2065 26171 E QMI_FW  : qmi_cci_get_ref: ref count increased 2
07-03 11:43:57.640  2065 26233 E mm-camera: <IFACE ><ERROR> 2441: iface_axi_handle_sof_event: Event SOF session 5 VFE1, src 0 with frame_id 868 ts: 160212772216000
07-03 11:43:57.642  2065 26171 E QMI_FW  : qmi_cci_get_ref: ref count increased 2
07-03 11:43:57.643  2065 26183 E mm-camera: <ISP   ><ERROR> 172: sce40_select_table: aec_ratio 0.000000
07-03 11:43:57.672  1301  1301 W ipacm   : type=1400 audit(0.0:4611152): avc: denied { write } for name="ipacm_log_file" dev="tmpfs" ino=28733 scontext=u:r:ipacm:s0 tcontext=u:object_r:ipacm_socket:s0 tclass=sock_file permissive=0
07-03 11:43:57.674  2065 26233 E mm-camera: <IFACE ><ERROR> 2441: iface_axi_handle_sof_event: Event SOF session 5 VFE1, src 0 with frame_id 869 ts: 160212805558000
07-03 11:43:57.676  2065 26171 E QMI_FW  : qmi_cci_get_ref: ref count increased 2
07-03 11:43:57.692  1301  1301 I chatty  : uid=1001(radio) /system/vendor/bin/ipacm expire 3 lines
07-03 11:43:57.692  1301  1301 W ipacm   : type=1400 audit(0.0:4611156): avc: denied { write } for name="ipacm_log_file" dev="tmpfs" ino=28733 scontext=u:r:ipacm:s0 tcontext=u:object_r:ipacm_socket:s0 tclass=sock_file permissive=0
07-03 11:43:57.707  2065 26233 E mm-camera: <IFACE ><ERROR> 2441: iface_axi_handle_sof_event: Event SOF session 5 VFE1, src 0 with frame_id 870 ts: 160212838873000
07-03 11:43:57.712  2065 26183 E mm-camera: <ISP   ><ERROR> 172: sce40_select_table: aec_ratio 0.000000
07-03 11:43:57.714  2065 26171 E QMI_FW  : qmi_cci_get_ref: ref count increased 2
07-03 11:43:57.741  2065 26233 E mm-camera: <IFACE ><ERROR> 2441: iface_axi_handle_sof_event: Event SOF session 5 VFE1, src 0 with frame_id 871 ts: 160212872227000
07-03 11:43:57.746  2065 26171 E QMI_FW  : qmi_cci_get_ref: ref count increased 2
07-03 11:43:57.774  2065 26233 E mm-camera: <IFACE ><ERROR> 2441: iface_axi_handle_sof_event: Event SOF session 5 VFE1, src 0 with frame_id 872 ts: 160212905532000
07-03 11:43:57.777  2065 26183 E mm-camera: <ISP   ><ERROR> 172: sce40_select_table: aec_ratio 0.000000
07-03 11:43:57.778  2065 26171 E QMI_FW  : qmi_cci_get_ref: ref count increased 2
07-03 11:43:57.807  2065 26233 E mm-camera: <IFACE ><ERROR> 2441: iface_axi_handle_sof_event: Event SOF session 5 VFE1, src 0 with frame_id 873 ts: 160212938861000
07-03 11:43:57.810  2065 26171 E QMI_FW  : qmi_cci_get_ref: ref count increased 2
07-03 11:43:57.841  2065 26233 E mm-camera: <IFACE ><ERROR> 2441: iface_axi_handle_sof_event: Event SOF session 5 VFE1, src 0 with frame_id 874 ts: 160212972196000
07-03 11:43:57.843  2065 26171 E QMI_FW  : qmi_cci_get_ref: ref count increased 2
07-03 11:43:57.844  2065 26183 E mm-camera: <ISP   ><ERROR> 172: sce40_select_table: aec_ratio 0.000000
07-03 11:43:57.874  2065 26233 E mm-camera: <IFACE ><ERROR> 2441: iface_axi_handle_sof_event: Event SOF session 5 VFE1, src 0 with frame_id 875 ts: 160213005520000
07-03 11:43:57.875  2065 26171 E QMI_FW  : qmi_cci_get_ref: ref count increased 2
07-03 11:43:57.907  2065 26233 E mm-camera: <IFACE ><ERROR> 2441: iface_axi_handle_sof_event: Event SOF session 5 VFE1, src 0 with frame_id 876 ts: 160213038852000
07-03 11:43:57.909  2065 26183 E mm-camera: <ISP   ><ERROR> 172: sce40_select_table: aec_ratio 0.000000
07-03 11:43:57.912  2065 26171 E QMI_FW  : qmi_cci_get_ref: ref count increased 2
07-03 11:43:57.940  2065 26233 E mm-camera: <IFACE ><ERROR> 2441: iface_axi_handle_sof_event: Event SOF session 5 VFE1, src 0 with frame_id 877 ts: 160213072179000
07-03 11:43:57.943  2065 26171 E QMI_FW  : qmi_cci_get_ref: ref count increased 2
07-03 11:43:57.974  2065 26233 E mm-camera: <IFACE ><ERROR> 2441: iface_axi_handle_sof_event: Event SOF session 5 VFE1, src 0 with frame_id 878 ts: 160213105507000
07-03 11:43:57.975  2065 26171 E QMI_FW  : qmi_cci_get_ref: ref count increased 2
07-03 11:43:57.977  2065 26183 E mm-camera: <ISP   ><ERROR> 172: sce40_select_table: aec_ratio 0.000000
07-03 11:43:58.008  2065 26233 E mm-camera: <IFACE ><ERROR> 2441: iface_axi_handle_sof_event: Event SOF session 5 VFE1, src 0 with frame_id 879 ts: 160213138834000
07-03 11:43:58.010  2065 26171 E QMI_FW  : qmi_cci_get_ref: ref count increased 2
07-03 11:43:58.042  2065 26233 E mm-camera: <IFACE ><ERROR> 2441: iface_axi_handle_sof_event: Event SOF session 5 VFE1, src 0 with frame_id 880 ts: 160213172164000
07-03 11:43:58.043  2065 26171 E QMI_FW  : qmi_cci_get_ref: ref count increased 2
07-03 11:43:58.045  2065 26183 E mm-camera: <ISP   ><ERROR> 172: sce40_select_table: aec_ratio 0.000000
07-03 11:43:58.073 26085 26253 I BatteryMgr:DataCollectionService: stats => 1688377438072,-276855,4320
07-03 11:43:58.075  2065 26233 E mm-camera: <IFACE ><ERROR> 2441: iface_axi_handle_sof_event: Event SOF session 5 VFE1, src 0 with frame_id 881 ts: 160213205496000
07-03 11:43:58.077  2065 26171 E QMI_FW  : qmi_cci_get_ref: ref count increased 2
07-03 11:43:58.107  2065 26233 E mm-camera: <IFACE ><ERROR> 2441: iface_axi_handle_sof_event: Event SOF session 5 VFE1, src 0 with frame_id 882 ts: 160213238829000
07-03 11:43:58.109  2065 26171 E QMI_FW  : qmi_cci_get_ref: ref count increased 2
07-03 11:43:58.110  2065 26183 E mm-camera: <ISP   ><ERROR> 172: sce40_select_table: aec_ratio 0.000000
07-03 11:43:58.140  2065 26233 E mm-camera: <IFACE ><ERROR> 2441: iface_axi_handle_sof_event: Event SOF session 5 VFE1, src 0 with frame_id 883 ts: 160213272154000
07-03 11:43:58.150  2065 26171 E QMI_FW  : qmi_cci_get_ref: ref count increased 2
07-03 11:43:58.176  2065 26233 E mm-camera: <IFACE ><ERROR> 2441: iface_axi_handle_sof_event: Event SOF session 5 VFE1, src 0 with frame_id 884 ts: 160213305482000
07-03 11:43:58.180  2065 26183 E mm-camera: <ISP   ><ERROR> 172: sce40_select_table: aec_ratio 0.000000
07-03 11:43:58.181  2065 26171 E QMI_FW  : qmi_cci_get_ref: ref count increased 2
07-03 11:43:58.207  2065 26233 E mm-camera: <IFACE ><ERROR> 2441: iface_axi_handle_sof_event: Event SOF session 5 VFE1, src 0 with frame_id 885 ts: 160213338810000
07-03 11:43:58.212  2065 26171 E QMI_FW  : qmi_cci_get_ref: ref count increased 2
07-03 11:43:58.241  2065 26233 E mm-camera: <IFACE ><ERROR> 2441: iface_axi_handle_sof_event: Event SOF session 5 VFE1, src 0 with frame_id 886 ts: 160213372141000
07-03 11:43:58.243  2065 26171 E QMI_FW  : qmi_cci_get_ref: ref count increased 2
07-03 11:43:58.244  2065 26183 E mm-camera: <ISP   ><ERROR> 172: sce40_select_table: aec_ratio 0.000000
07-03 11:43:58.274  2065 26233 E mm-camera: <IFACE ><ERROR> 2441: iface_axi_handle_sof_event: Event SOF session 5 VFE1, src 0 with frame_id 887 ts: 160213405470000
07-03 11:43:58.276  2065 26171 E QMI_FW  : qmi_cci_get_ref: ref count increased 2
07-03 11:43:58.307  2065 26233 E mm-camera: <IFACE ><ERROR> 2441: iface_axi_handle_sof_event: Event SOF session 5 VFE1, src 0 with frame_id 888 ts: 160213438807000
07-03 11:43:58.310  2065 26171 E QMI_FW  : qmi_cci_get_ref: ref count increased 2
07-03 11:43:58.311  2065 26183 E mm-camera: <ISP   ><ERROR> 172: sce40_select_table: aec_ratio 0.000000
07-03 11:43:58.341  1631  9287 I ActivityManager: Killing 22390:com.google.android.apps.turbo:ssb/u0a129 (adj 945): empty for 1802s
07-03 11:43:58.342  2065 26233 E mm-camera: <IFACE ><ERROR> 2441: iface_axi_handle_sof_event: Event SOF session 5 VFE1, src 0 with frame_id 889 ts: 160213472128000
07-03 11:43:58.348  2065 26171 E QMI_FW  : qmi_cci_get_ref: ref count increased 2
07-03 11:43:58.350  1631  9287 I ActivityManager: Killing 21741:com.google.android.tts/u0a150 (adj 945): empty for 1802s
07-03 11:43:58.375  2065 26233 E mm-camera: <IFACE ><ERROR> 2441: iface_axi_handle_sof_event: Event SOF session 5 VFE1, src 0 with frame_id 890 ts: 160213505456000
07-03 11:43:58.377  2065 26171 E QMI_FW  : qmi_cci_get_ref: ref count increased 2
07-03 11:43:58.377  2065 26183 E mm-camera: <ISP   ><ERROR> 172: sce40_select_table: aec_ratio 0.000000
07-03 11:43:58.382   815   815 I Zygote  : Process 22390 exited due to signal 9 (Killed)
07-03 11:43:58.388  1631  1839 I libprocessgroup: Successfully killed process cgroup uid 10129 pid 22390 in 38ms
07-03 11:43:58.388   815   815 I Zygote  : Process 21741 exited due to signal 9 (Killed)
07-03 11:43:58.389  1631  1839 I libprocessgroup: Successfully killed process cgroup uid 10150 pid 21741 in 0ms
07-03 11:43:58.408  2065 26233 E mm-camera: <IFACE ><ERROR> 2441: iface_axi_handle_sof_event: Event SOF session 5 VFE1, src 0 with frame_id 891 ts: 160213538783000
07-03 11:43:58.409  2065 26171 E QMI_FW  : qmi_cci_get_ref: ref count increased 2
07-03 11:43:58.442  2065 26233 E mm-camera: <IFACE ><ERROR> 2441: iface_axi_handle_sof_event: Event SOF session 5 VFE1, src 0 with frame_id 892 ts: 160213572116000
07-03 11:43:58.445  2065 26171 E QMI_FW  : qmi_cci_get_ref: ref count increased 2
07-03 11:43:58.445  2065 26183 E mm-camera: <ISP   ><ERROR> 172: sce40_select_table: aec_ratio 0.000000
07-03 11:43:58.474  2065 26233 E mm-camera: <IFACE ><ERROR> 2441: iface_axi_handle_sof_event: Event SOF session 5 VFE1, src 0 with frame_id 893 ts: 160213605446000
07-03 11:43:58.476  2065 26171 E QMI_FW  : qmi_cci_get_ref: ref count increased 2
07-03 11:43:58.507  2065 26233 E mm-camera: <IFACE ><ERROR> 2441: iface_axi_handle_sof_event: Event SOF session 5 VFE1, src 0 with frame_id 894 ts: 160213638776000
07-03 11:43:58.509  2065 26171 E QMI_FW  : qmi_cci_get_ref: ref count increased 2
07-03 11:43:58.510  2065 26183 E mm-camera: <ISP   ><ERROR> 172: sce40_select_table: aec_ratio 0.000000
07-03 11:43:58.524  2065  2435 I QCamera : <HAL><INFO> translateToHalMetadata: 16871: [ssan Ai] mDeviceRotation = 0
07-03 11:43:58.524  2065  2435 E QCamera : <HAL><ERROR> translateToHalMetadata: 16917: pengpeng mHmdCameraMode = 0
07-03 11:43:58.542  2065 26233 E mm-camera: <IFACE ><ERROR> 2441: iface_axi_handle_sof_event: Event SOF session 5 VFE1, src 0 with frame_id 895 ts: 160213672103000
07-03 11:43:58.547  2065 26171 I mm-camera: <STATS_AEC >< INFO> 3613: aec_port_proc_downstream_ctrl: AEC_SET_PARAM_MANUAL_EXP_TIME:is_exp_time_valid=1,exp_time=0.000013
07-03 11:43:58.549  2065 26171 E mm-camera: <SENSOR><ERROR> 5476: module_sensor_event_control_set_parm: func_tbl for submodule 4 is NULL
07-03 11:43:58.549  2065 26171 E mm-camera: <SENSOR><ERROR> 5287: module_sensor_event_control_set_parm: func_tbl for submodule 4 is NULL
07-03 11:43:58.549  2065 26171 E mm-camera: <SENSOR><ERROR> 5289: module_sensor_event_control_set_parm: CAM_INTF_META_FLASH_POWER failed
07-03 11:43:58.552  2065 26171 E QMI_FW  : qmi_cci_get_ref: ref count increased 2
07-03 11:43:58.578  2065 26233 E mm-camera: <IFACE ><ERROR> 2441: iface_axi_handle_sof_event: Event SOF session 5 VFE1, src 0 with frame_id 896 ts: 160213705435000
07-03 11:43:58.582  2065 26183 E mm-camera: <ISP   ><ERROR> 172: sce40_select_table: aec_ratio 0.000000
07-03 11:43:58.583  2065 26171 E QMI_FW  : qmi_cci_get_ref: ref count increased 2
07-03 11:43:58.583  2065 26171 E QMI_FW  : qmi_cci_get_ref: ref count increased 2
07-03 11:43:58.607  2065 26233 E mm-camera: <IFACE ><ERROR> 2441: iface_axi_handle_sof_event: Event SOF session 5 VFE1, src 0 with frame_id 897 ts: 160213738761000
07-03 11:43:58.610  2065 26183 E mm-camera: <ISP   ><ERROR> 172: sce40_select_table: aec_ratio 0.000000
07-03 11:43:58.612  2065 26171 E QMI_FW  : qmi_cci_get_ref: ref count increased 2
07-03 11:43:58.642  2065 26233 E mm-camera: <IFACE ><ERROR> 2441: iface_axi_handle_sof_event: Event SOF session 5 VFE1, src 0 with frame_id 898 ts: 160213772092000
07-03 11:43:58.644  2065 26171 E QMI_FW  : qmi_cci_get_ref: ref count increased 2
07-03 11:43:58.653  2065 26183 E mm-camera: <ISP   ><ERROR> 172: sce40_select_table: aec_ratio 0.000000
07-03 11:43:58.664   931  1005 E SurfaceFlinger: setDesiredDisplayConfigSpecs: failed to call setDesiredDisplayConfigSpecs: -22
