--------- beginning of main
07-03 12:26:12.497 19503 19503 D ProcessState: Binder ioctl to enable oneway spam detection failed: Invalid argument
--------- beginning of system
07-03 12:26:12.502  1864  5066 I ActivityTaskManager: START u0 {act=android.intent.action.MAIN cat=[android.intent.category.LAUNCHER] flg=0x10000000 cmp=com.example.batterymanager_utility/.MainActivity} from uid 2000
07-03 12:26:12.503  1864  5066 W ActivityTaskManager: Can't find TaskDisplayArea to determine support for multi window. Task id=275 attached=false
07-03 12:26:12.506  1864  5066 D CompatibilityChangeReporter: Compat change id reported: 174042980; UID 10232; state: DISABLED
07-03 12:26:12.507  1864  5066 D CompatibilityChangeReporter: Compat change id reported: 184838306; UID 10232; state: DISABLED
07-03 12:26:12.507  1864  5066 D CompatibilityChangeReporter: Compat change id reported: 185004937; UID 10232; state: DISABLED
07-03 12:26:12.511  1864  5066 D CompatibilityChangeReporter: Compat change id reported: 168419799; UID 10232; state: DISABLED
07-03 12:26:12.522  1864  1993 W ActivityManager: ProcessRecord{2127a78 0:com.example.batterymanager_utility/u0a232}: ART verification disabled
07-03 12:26:12.522  1864  1993 D CompatibilityChangeReporter: Compat change id reported: 135634846; UID 10232; state: DISABLED
07-03 12:26:12.522  1864  1993 D CompatibilityChangeReporter: Compat change id reported: 177438394; UID 10232; state: DISABLED
07-03 12:26:12.522  1864  1993 D CompatibilityChangeReporter: Compat change id reported: 135772972; UID 10232; state: DISABLED
07-03 12:26:12.522  1864  1993 D CompatibilityChangeReporter: Compat change id reported: 135754954; UID 10232; state: ENABLED
07-03 12:26:12.522  1864  2006 D CompatibilityChangeReporter: Compat change id reported: 143937733; UID 10232; state: ENABLED
07-03 12:26:12.528  1232  1232 D Zygote  : Forked child process 19507
07-03 12:26:12.529  1864  2006 I ActivityManager: Start proc 19507:com.example.batterymanager_utility/u0a232 for pre-top-activity {com.example.batterymanager_utility/com.example.batterymanager_utility.MainActivity}
07-03 12:26:12.533 19507 19507 I manager_utilit: Late-enabling -Xcheck:jni
07-03 12:26:12.560 19507 19507 I manager_utilit: Using CollectorTypeCC GC.
07-03 12:26:12.565 11766 11774 I adbd    : jdwp connection from 19507
07-03 12:26:12.567 19507 19507 D ProcessState: Binder ioctl to enable oneway spam detection failed: Invalid argument
07-03 12:26:12.576 19507 19507 D CompatibilityChangeReporter: Compat change id reported: 171979766; UID 10232; state: ENABLED
07-03 12:26:12.581 19507 19507 W ziparchive: Unable to open '/data/app/~~nmlEoghTyFXst3Gu5XV5GQ==/com.example.batterymanager_utility-gP9Pjf_7r5LWPwMw4Ju_qA==/base.dm': No such file or directory
07-03 12:26:12.581 19507 19507 W ziparchive: Unable to open '/data/app/~~nmlEoghTyFXst3Gu5XV5GQ==/com.example.batterymanager_utility-gP9Pjf_7r5LWPwMw4Ju_qA==/base.dm': No such file or directory
07-03 12:26:12.620  6363  6363 I A       : onPause
07-03 12:26:12.623 31564 31564 I GsaVoiceInteractionSrv: Handling ACTION_STOP_HOTWORD
07-03 12:26:12.634 19508 19508 D AndroidRuntime: >>>>>> START com.android.internal.os.RuntimeInit uid 2000 <<<<<<
07-03 12:26:12.639 19508 19508 I AndroidRuntime: Using default boot image
07-03 12:26:12.639 19508 19508 I AndroidRuntime: Leaving lock profiling enabled
07-03 12:26:12.633 19508 19508 W app_process: type=1400 audit(0.0:1800): avc: denied { read } for name="u:object_r:odsign_prop:s0" dev="tmpfs" ino=18942 scontext=u:r:shell:s0 tcontext=u:object_r:odsign_prop:s0 tclass=file permissive=0
07-03 12:26:12.639 19508 19508 W libc    : Access denied finding property "odsign.verification.success"
07-03 12:26:12.642 19508 19508 W app_process: ART APEX data files are untrusted.
07-03 12:26:12.642 19508 19508 I app_process: Using CollectorTypeCC GC.
07-03 12:26:12.642 19508 19508 E app_process: Error reading named image component header for /system/framework/boot.art, error: Unable to open file "/system/framework/arm64/boot.art" for reading image header
07-03 12:26:12.658 19525 19525 W dex2oat64: Mismatch between dex2oat instruction set features to use (ISA: Arm64 Feature string: -a53,crc,lse,fp16,-dotprod,-sve) and those from CPP defines (ISA: Arm64 Feature string: -a53,-crc,-lse,-fp16,-dotprod,-sve) for the command line:
07-03 12:26:12.658 19525 19525 W dex2oat64: /apex/com.android.art/bin/dex2oat64 --runtime-arg -Xbootclasspath:/apex/com.android.art/javalib/core-oj.jar:/apex/com.android.art/javalib/core-libart.jar:/apex/com.android.art/javalib/okhttp.jar:/apex/com.android.art/javalib/bouncycastle.jar:/apex/com.android.art/javalib/apache-xml.jar:/system/framework/framework.jar:/system/framework/framework-graphics.jar:/system/framework/ext.jar:/system/framework/telephony-common.jar:/system/framework/voip-common.jar:/system/framework/ims-common.jar:/apex/com.android.i18n/javalib/core-icu4j.jar --runtime-arg -Xbootclasspath-locations:/apex/com.android.art/javalib/core-oj.jar:/apex/com.android.art/javalib/core-libart.jar:/apex/com.android.art/javalib/okhttp.jar:/apex/com.android.art/javalib/bouncycastle.jar:/apex/com.android.art/javalib/apache-xml.jar:/system/framework/framework.jar:/system/framework/framework-graphics.jar:/system/framework/ext.jar:/system/framework/telephony-common.jar:/system/framework/voip-common.jar:/system/framework/ims-common.jar:/apex/com.android.i18n/javalib/core-icu4j.jar --base=0x70000000 --dex-file=/apex/com.android.art/javalib/core-oj.jar --dex-location=/apex/com.android.art/javalib/core-oj.jar --dex-file=/apex/com.android.art/javalib/core-libart.jar --dex-location=/apex/com.android.art/javalib/core-libart.jar --dex-file=/apex/com.android.art/javalib/okhttp.jar --dex-location=/apex/com.android.art/javalib/okhttp.jar --dex-file=/apex/com.android.art/javalib/bouncycastle.jar --dex-location=/apex/com.android.art/javalib/bouncycastle.jar --dex-file=/apex/com.android.art/javalib/apache-xml.jar --dex-location=/apex/com.android.art/javalib/apache-xml.jar --dex-file=/system/framework/framework.jar --dex-location=/system/framework/framework.jar --dex-file=/system/framework/framework-graphics.jar --dex-location=/system/framework/framework-graphics.jar --dex-file=/system/framework/ext.jar --dex-location=/system/framework/ext.jar --dex-file=/system/framework/telephony-common.jar --dex-location=/system/framework/telephony-common.jar --dex-file=/system/framework/voip-common.jar --dex-location=/system/framework/voip-common.jar --dex-file=/system/framework/ims-common.jar --dex-location=/system/framework/ims-common.jar --dex-file=/apex/com.android.i18n/javalib/core-icu4j.jar --dex-location=/apex/com.android.i18n/javalib/core-icu4j.jar --image-fd=5 --output-vdex-fd=6 --oat-fd=7 --oat-location=/system/framework/arm64/boot.oat --single-image --image-format=uncompressed --compiler-filter=verify --profile-file=/apex/com.android.art/etc/boot-image.prof --profile-file=/system/etc/boot-image.prof --avoid-storing-invocation --instruction-set=arm64 --instruction-set-features=runtime --runtime-arg -Xms64m --runtime-arg -Xmx64m --dirty-image-objects=/system/etc/dirty-image-objects --instruction-set-variant=kryo385 --instruction-set-features=default --generate-mini-debug-info
07-03 12:26:12.660 19507 19507 D nativeloader: Configuring classloader-namespace for other apk /data/app/~~nmlEoghTyFXst3Gu5XV5GQ==/com.example.batterymanager_utility-gP9Pjf_7r5LWPwMw4Ju_qA==/base.apk. target_sdk_version=33, uses_libraries=, library_path=/data/app/~~nmlEoghTyFXst3Gu5XV5GQ==/com.example.batterymanager_utility-gP9Pjf_7r5LWPwMw4Ju_qA==/lib/arm64, permitted_path=/data:/mnt/expand:/data/user/0/com.example.batterymanager_utility
07-03 12:26:12.666 19507 19507 V GraphicsEnvironment: ANGLE Developer option for 'com.example.batterymanager_utility' set to: 'default'
07-03 12:26:12.666 19507 19507 V GraphicsEnvironment: App is not on the allowlist for updatable production driver.
07-03 12:26:12.667 19507 19507 D NetworkSecurityConfig: No Network Security Config specified, using platform default
07-03 12:26:12.668 19507 19507 D NetworkSecurityConfig: No Network Security Config specified, using platform default
07-03 12:26:12.672 19507 19507 I BatteryMgr:App: creating notification channel
07-03 12:26:12.677 19525 19525 I dex2oat64: /apex/com.android.art/bin/dex2oat64 --runtime-arg -Xbootclasspath:/apex/com.android.art/javalib/core-oj.jar:/apex/com.android.art/javalib/core-libart.jar:/apex/com.android.art/javalib/okhttp.jar:/apex/com.android.art/javalib/bouncycastle.jar:/apex/com.android.art/javalib/apache-xml.jar:/system/framework/framework.jar:/system/framework/framework-graphics.jar:/system/framework/ext.jar:/system/framework/telephony-common.jar:/system/framework/voip-common.jar:/system/framework/ims-common.jar:/apex/com.android.i18n/javalib/core-icu4j.jar --runtime-arg -Xbootclasspath-locations:/apex/com.android.art/javalib/core-oj.jar:/apex/com.android.art/javalib/core-libart.jar:/apex/com.android.art/javalib/okhttp.jar:/apex/com.android.art/javalib/bouncycastle.jar:/apex/com.android.art/javalib/apache-xml.jar:/system/framework/framework.jar:/system/framework/framework-graphics.jar:/system/framework/ext.jar:/system/framework/telephony-common.jar:/system/framework/voip-common.jar:/system/framework/ims-common.jar:/apex/com.android.i18n/javalib/core-icu4j.jar --base=0x70000000 --dex-file=/apex/com.android.art/javalib/core-oj.jar --dex-location=/apex/com.android.art/javalib/core-oj.jar --dex-file=/apex/com.android.art/javalib/core-libart.jar --dex-location=/apex/com.android.art/javalib/core-libart.jar --dex-file=/apex/com.android.art/javalib/okhttp.jar --dex-location=/apex/com.android.art/javalib/okhttp.jar --dex-file=/apex/com.android.art/javalib/bouncycastle.jar --dex-location=/apex/com.android.art/javalib/bouncycastle.jar --dex-file=/apex/com.android.art/javalib/apache-xml.jar --dex-location=/apex/com.android.art/javalib/apache-xml.jar --dex-file=/system/framework/framework.jar --dex-location=/system/framework/framework.jar --dex-file=/system/framework/framework-graphics.jar --dex-location=/system/framework/framework-graphics.jar --dex-file=/system/framework/ext.jar --dex-location=/system/framework/ext.jar --dex-file=/system/framework/telephony-common.jar --dex-location=/system/framework/telephony-common.jar --dex-file=/system/framework/voip-common.jar --dex-location=/system/framework/voip-common.jar --dex-file=/system/framework/ims-common.jar --dex-location=/system/framework/ims-common.jar --dex-file=/apex/com.android.i18n/javalib/core-icu4j.jar --dex-location=/apex/com.android.i18n/javalib/core-icu4j.jar --image-fd=5 --output-vdex-fd=6 --oat-fd=7 --oat-location=/system/framework/arm64/boot.oat --single-image --image-format=uncompressed --compiler-filter=verify --profile-file=/apex/com.android.art/etc/boot-image.prof --profile-file=/system/etc/boot-image.prof --avoid-storing-invocation --instruction-set=arm64 --instruction-set-features=runtime --runtime-arg -Xms64m --runtime-arg -Xmx64m --dirty-image-objects=/system/etc/dirty-image-objects --instruction-set-variant=kryo385 --instruction-set-features=default --generate-mini-debug-info
07-03 12:26:12.678 19525 19525 I dex2oat64: setting boot class path to /apex/com.android.art/javalib/core-oj.jar:/apex/com.android.art/javalib/core-libart.jar:/apex/com.android.art/javalib/okhttp.jar:/apex/com.android.art/javalib/bouncycastle.jar:/apex/com.android.art/javalib/apache-xml.jar:/system/framework/framework.jar:/system/framework/framework-graphics.jar:/system/framework/ext.jar:/system/framework/telephony-common.jar:/system/framework/voip-common.jar:/system/framework/ims-common.jar:/apex/com.android.i18n/javalib/core-icu4j.jar
07-03 12:26:12.801  2549  2549 I WallpaperService: engine paused
07-03 12:26:12.814  1864  1994 D CompatibilityChangeReporter: Compat change id reported: 158002302; UID 10232; state: ENABLED
07-03 12:26:12.815 19507 19528 I AdrenoGLES-0: QUALCOMM build                   : 781e7d0, I46ff5fc46f
07-03 12:26:12.815 19507 19528 I AdrenoGLES-0: Build Date                       : 12/01/20
07-03 12:26:12.815 19507 19528 I AdrenoGLES-0: OpenGL ES Shader Compiler Version: EV031.31.04.01
07-03 12:26:12.815 19507 19528 I AdrenoGLES-0: Local Branch                     : QPR1
07-03 12:26:12.815 19507 19528 I AdrenoGLES-0: Remote Branch                    : 
07-03 12:26:12.815 19507 19528 I AdrenoGLES-0: Remote Branch                    : 
07-03 12:26:12.815 19507 19528 I AdrenoGLES-0: Reconstruct Branch               : 
07-03 12:26:12.815 19507 19528 I AdrenoGLES-0: Build Config                     : C P 11.0.1 AArch64
07-03 12:26:12.815 19507 19528 I AdrenoGLES-0: Driver Path                      : /vendor/lib64/egl/libGLESv2_adreno.so
07-03 12:26:12.818 19507 19528 I AdrenoGLES-0: PFP: 0x016ee190, ME: 0x00000000
07-03 12:26:12.819 19507 19528 W AdrenoUtils: <ReadGpuID_from_sysfs:197>: Failed to open /sys/class/kgsl/kgsl-3d0/gpu_model
07-03 12:26:12.819 19507 19528 W AdrenoUtils: <ReadGpuID:221>: Failed to read chip ID from gpu_model. Fallback to use the GSL path
07-03 12:26:12.823  6363  6363 I A       : (REDACTED) onApplyWindowInsets: systemWindowInsets=%s
07-03 12:26:12.823  6363  6363 I A       : (REDACTED) onApplyWindowInsets: systemWindowInsets=%s
07-03 12:26:12.825   740   765 I SDM     : HWCDisplay::GetColorModeCount: Supported color mode count = 5
07-03 12:26:12.825   738  2422 E HWComposer: getSupportedContentTypes: getSupportedContentTypes failed for display 0: Unsupported (8)
07-03 12:26:12.826 19507 19528 D hw-ProcessState: Binder ioctl to enable oneway spam detection failed: Invalid argument
07-03 12:26:12.826   693   693 I hwservicemanager: getTransport: Cannot find entry android.hardware.graphics.mapper@4.0::IMapper/default in either framework or device VINTF manifest.
07-03 12:26:12.827 19507 19531 I Gralloc4: mapper 4.x is not supported
07-03 12:26:12.827   693   693 I hwservicemanager: getTransport: Cannot find entry android.hardware.graphics.mapper@3.0::IMapper/default in either framework or device VINTF manifest.
07-03 12:26:12.827 19507 19531 W Gralloc3: mapper 3.x is not supported
07-03 12:26:12.828   693   693 I hwservicemanager: getTransport: Cannot find entry android.hardware.graphics.allocator@4.0::IAllocator/default in either framework or device VINTF manifest.
07-03 12:26:12.828 19507 19531 W Gralloc4: allocator 4.x is not supported
07-03 12:26:12.828   693   693 I hwservicemanager: getTransport: Cannot find entry android.hardware.graphics.allocator@3.0::IAllocator/default in either framework or device VINTF manifest.
07-03 12:26:12.828 19507 19531 W Gralloc3: allocator 3.x is not supported
07-03 12:26:12.843  1864  1990 W ziparchive: Unable to open '/data/app/~~nmlEoghTyFXst3Gu5XV5GQ==/com.example.batterymanager_utility-gP9Pjf_7r5LWPwMw4Ju_qA==/base.dm': No such file or directory
07-03 12:26:12.844  1864  1990 I ActivityTaskManager: Displayed com.example.batterymanager_utility/.MainActivity: +340ms
07-03 12:26:12.857  4337  4337 I GoogleInputMethodService: GoogleInputMethodService.onFinishInput():3306 
07-03 12:26:12.858  4337  4337 I GoogleInputMethodService: GoogleInputMethodService.updateDeviceLockedStatus():2127 repeatCheckTimes = 0, locked = false
07-03 12:26:12.858  4337  4337 I GoogleInputMethodService: GoogleInputMethodService.onStartInput():1909 onStartInput(EditorInfo{inputType=0x0(NULL) imeOptions=0x0 privateImeOptions=null actionName=UNSPECIFIED actionLabel=null actionId=0 initialSelStart=-1 initialSelEnd=-1 initialCapsMode=0x0 hintText=null label=null packageName=com.example.batterymanager_utility fieldId=-1 fieldName=null extras=null hintLocales=[]}, false)
07-03 12:26:12.858  4337  4337 I GoogleInputMethodService: GoogleInputMethodService.shouldHideHeaderOnInitialState():1990 ShouldHideHeaderOnInitialState = false
07-03 12:26:12.858  4337  4337 I GoogleInputMethodService: GoogleInputMethodService.updateDeviceLockedStatus():2127 repeatCheckTimes = 1, locked = false
07-03 12:26:12.861  1864  1993 W ProcessStats: Tracking association SourceState{eae38b4 com.google.android.googlequicksearchbox:search/10135 BTopFgs #71680} whose proc state 2 is better than process ProcessState{3d4ea49 com.google.android.gms.persistent/10125 pkg=com.google.android.gms} proc state 3 (62 skipped)
07-03 12:26:12.861  6363  6363 I A       : onStop
07-03 12:26:12.972 19525 19525 I dex2oat64: Using CollectorTypeCC GC.
07-03 12:26:13.135  1864  4414 W InputManager-JNI: Input channel object '9c340ea Splash Screen com.example.batterymanager_utility (client)' was disposed without first being removed with the input manager!
07-03 12:26:13.707  1864  2354 D ConnectivityService: NetReassign [no changes] [c 0] [a 0] [i 0]
07-03 12:26:14.777 19525 19525 I dex2oat64: Explicit concurrent copying GC freed 88227(11MB) AllocSpace objects, 5(84KB) LOS objects, 27% free, 15MB/21MB, paused 20us,15us total 91.033ms
07-03 12:26:14.991 19525 19525 I dex2oat64: Explicit concurrent copying GC freed 41961(7495KB) AllocSpace objects, 0(0B) LOS objects, 41% free, 8512KB/14MB, paused 15us,13us total 44.437ms
07-03 12:26:15.451 19525 19525 I dex2oat64: dex2oat took 2.795s (5.748s cpu) (threads: 8) arena alloc=0B (0B) java alloc=8512KB (8716512B) native alloc=15MB (16374256B) free=4028KB (4125152B)
07-03 12:26:15.571 19508 19508 D app_process: Time zone APEX ICU file found: /apex/com.android.tzdata/etc/icu/icu_tzdata.dat
07-03 12:26:15.572 19508 19508 D app_process: I18n APEX ICU file found: /apex/com.android.i18n/etc/icu/icudt68l.dat
07-03 12:26:15.614 19508 19508 D ProcessState: Binder ioctl to enable oneway spam detection failed: Invalid argument
07-03 12:26:15.614 19508 19508 D AndroidRuntime: Calling main entry com.android.commands.monkey.Monkey
07-03 12:26:15.615 19508 19508 W Monkey  : args: [-p, e.www.cpufactorialtest, 1]
07-03 12:26:15.615 19508 19508 W Monkey  :  arg: "-p"
07-03 12:26:15.615 19508 19508 W Monkey  :  arg: "e.www.cpufactorialtest"
07-03 12:26:15.616 19508 19508 W Monkey  :  arg: "1"
07-03 12:26:15.616 19508 19508 W Monkey  : data="e.www.cpufactorialtest"
07-03 12:26:15.672  1864  2005 W BroadcastQueue: Skipping deliver [background] BroadcastRecord{72b9a77 u-1 android.net.conn.CONNECTIVITY_CHANGE} to ReceiverList{5ab36e4 19508 (unknown name)/2000/u-1 remote:f42cb11}: process gone or crashing
07-03 12:26:15.685  1864  5066 I ActivityTaskManager: START u0 {act=android.intent.action.MAIN cat=[android.intent.category.LAUNCHER] flg=0x10200000 cmp=e.www.cpufactorialtest/.MainActivity} from uid 2000
07-03 12:26:15.685  1864  5066 W ActivityTaskManager: Can't find TaskDisplayArea to determine support for multi window. Task id=276 attached=false
07-03 12:26:15.687  1864  5066 D CompatibilityChangeReporter: Compat change id reported: 174042980; UID 10290; state: DISABLED
07-03 12:26:15.688  1864  5066 D CompatibilityChangeReporter: Compat change id reported: 184838306; UID 10290; state: DISABLED
07-03 12:26:15.688  1864  5066 D CompatibilityChangeReporter: Compat change id reported: 185004937; UID 10290; state: DISABLED
07-03 12:26:15.689  1864  5066 D CompatibilityChangeReporter: Compat change id reported: 181136395; UID 10290; state: DISABLED
07-03 12:26:15.689  1864  5066 D CompatibilityChangeReporter: Compat change id reported: 174042936; UID 10290; state: DISABLED
07-03 12:26:15.692  1864  5066 D CompatibilityChangeReporter: Compat change id reported: 168419799; UID 10290; state: DISABLED
07-03 12:26:15.695 19508 19508 I Monkey  : Events injected: 1
07-03 12:26:15.705  1864  1993 W ActivityManager: ProcessRecord{d3efc4e 0:e.www.cpufactorialtest/u0a290}: ART verification disabled
07-03 12:26:15.705  1864  1993 D CompatibilityChangeReporter: Compat change id reported: 135634846; UID 10290; state: DISABLED
07-03 12:26:15.705  1864  1993 D CompatibilityChangeReporter: Compat change id reported: 177438394; UID 10290; state: DISABLED
07-03 12:26:15.705  1864  1993 D CompatibilityChangeReporter: Compat change id reported: 135772972; UID 10290; state: DISABLED
07-03 12:26:15.705  1864  1993 D CompatibilityChangeReporter: Compat change id reported: 135754954; UID 10290; state: DISABLED
07-03 12:26:15.705  1864  2006 D CompatibilityChangeReporter: Compat change id reported: 143937733; UID 10290; state: DISABLED
07-03 12:26:15.706 19508 19508 I Monkey  : ## Network stats: elapsed time=21ms (0ms mobile, 0ms wifi, 21ms not connected)
07-03 12:26:15.706 19508 19508 I app_process: System.exit called, status: 0
07-03 12:26:15.706 19508 19508 I AndroidRuntime: VM exiting with result code 0.
07-03 12:26:15.715  1232  1232 D Zygote  : Forked child process 19558
07-03 12:26:15.716  1864  2006 I ActivityManager: Start proc 19558:e.www.cpufactorialtest/u0a290 for pre-top-activity {e.www.cpufactorialtest/e.www.cpufactorialtest.MainActivity}
07-03 12:26:15.719 19558 19558 I pufactorialtes: Late-enabling -Xcheck:jni
07-03 12:26:15.726  2549  2889 W OpenGLRenderer: Surface doesn't have any previously queued frames, nothing to readback from
07-03 12:26:15.730  2549  2549 I WallpaperService: engine resumed
07-03 12:26:15.730  2549  2889 W OpenGLRenderer: Surface doesn't have any previously queued frames, nothing to readback from
07-03 12:26:15.747 19558 19558 I pufactorialtes: Using CollectorTypeCC GC.
07-03 12:26:15.752 11766 11774 I adbd    : jdwp connection from 19558
07-03 12:26:15.754 19558 19558 D ProcessState: Binder ioctl to enable oneway spam detection failed: Invalid argument
07-03 12:26:15.762 19558 19558 D CompatibilityChangeReporter: Compat change id reported: 171979766; UID 10290; state: DISABLED
07-03 12:26:15.767 19558 19558 D ApplicationLoaders: Returning zygote-cached class loader: /system/framework/android.test.base.jar
07-03 12:26:15.768 19558 19558 W ziparchive: Unable to open '/data/app/~~qhXlG6OIj0urLlN6n70W5g==/e.www.cpufactorialtest-tnE5EJPXvoHIBEa3gIr7Ug==/base.dm': No such file or directory
07-03 12:26:15.768 19558 19558 W ziparchive: Unable to open '/data/app/~~qhXlG6OIj0urLlN6n70W5g==/e.www.cpufactorialtest-tnE5EJPXvoHIBEa3gIr7Ug==/base.dm': No such file or directory
07-03 12:26:15.795 19558 19558 D nativeloader: Configuring classloader-namespace for other apk /data/app/~~qhXlG6OIj0urLlN6n70W5g==/e.www.cpufactorialtest-tnE5EJPXvoHIBEa3gIr7Ug==/base.apk. target_sdk_version=28, uses_libraries=, library_path=/data/app/~~qhXlG6OIj0urLlN6n70W5g==/e.www.cpufactorialtest-tnE5EJPXvoHIBEa3gIr7Ug==/lib/arm64, permitted_path=/data:/mnt/expand:/data/user/0/e.www.cpufactorialtest
07-03 12:26:15.801 19558 19558 V GraphicsEnvironment: ANGLE Developer option for 'e.www.cpufactorialtest' set to: 'default'
07-03 12:26:15.802 19558 19558 V GraphicsEnvironment: App is not on the allowlist for updatable production driver.
07-03 12:26:15.803 19558 19558 D NetworkSecurityConfig: No Network Security Config specified, using platform default
07-03 12:26:15.803 19558 19558 D NetworkSecurityConfig: No Network Security Config specified, using platform default
07-03 12:26:15.830 19558 19558 W pufactorialtes: Accessing hidden method Landroid/view/View;->computeFitSystemWindows(Landroid/graphics/Rect;Landroid/graphics/Rect;)Z (unsupported, reflection, allowed)
07-03 12:26:15.830 19558 19558 W pufactorialtes: Accessing hidden method Landroid/view/ViewGroup;->makeOptionalFitsSystemWindows()V (unsupported, reflection, allowed)
07-03 12:26:15.914  1864  1994 D CompatibilityChangeReporter: Compat change id reported: 158002302; UID 10290; state: ENABLED
07-03 12:26:15.915 19558 19575 I AdrenoGLES-0: QUALCOMM build                   : 781e7d0, I46ff5fc46f
07-03 12:26:15.915 19558 19575 I AdrenoGLES-0: Build Date                       : 12/01/20
07-03 12:26:15.915 19558 19575 I AdrenoGLES-0: OpenGL ES Shader Compiler Version: EV031.31.04.01
07-03 12:26:15.915 19558 19575 I AdrenoGLES-0: Local Branch                     : QPR1
07-03 12:26:15.915 19558 19575 I AdrenoGLES-0: Remote Branch                    : 
07-03 12:26:15.915 19558 19575 I AdrenoGLES-0: Remote Branch                    : 
07-03 12:26:15.915 19558 19575 I AdrenoGLES-0: Reconstruct Branch               : 
07-03 12:26:15.915 19558 19575 I AdrenoGLES-0: Build Config                     : C P 11.0.1 AArch64
07-03 12:26:15.915 19558 19575 I AdrenoGLES-0: Driver Path                      : /vendor/lib64/egl/libGLESv2_adreno.so
07-03 12:26:15.917 19558 19575 I AdrenoGLES-0: PFP: 0x016ee190, ME: 0x00000000
07-03 12:26:15.918 19558 19575 W AdrenoUtils: <ReadGpuID_from_sysfs:197>: Failed to open /sys/class/kgsl/kgsl-3d0/gpu_model
07-03 12:26:15.918 19558 19575 W AdrenoUtils: <ReadGpuID:221>: Failed to read chip ID from gpu_model. Fallback to use the GSL path
07-03 12:26:15.924   740   765 I SDM     : HWCDisplay::GetColorModeCount: Supported color mode count = 5
07-03 12:26:15.924   738  1061 E HWComposer: getSupportedContentTypes: getSupportedContentTypes failed for display 0: Unsupported (8)
07-03 12:26:15.924 19558 19575 D hw-ProcessState: Binder ioctl to enable oneway spam detection failed: Invalid argument
07-03 12:26:15.925   693   693 I hwservicemanager: getTransport: Cannot find entry android.hardware.graphics.mapper@4.0::IMapper/default in either framework or device VINTF manifest.
07-03 12:26:15.925 19558 19578 I Gralloc4: mapper 4.x is not supported
07-03 12:26:15.925   693   693 I hwservicemanager: getTransport: Cannot find entry android.hardware.graphics.mapper@3.0::IMapper/default in either framework or device VINTF manifest.
07-03 12:26:15.925 19558 19578 W Gralloc3: mapper 3.x is not supported
07-03 12:26:15.927   693   693 I hwservicemanager: getTransport: Cannot find entry android.hardware.graphics.allocator@4.0::IAllocator/default in either framework or device VINTF manifest.
07-03 12:26:15.927 19558 19578 W Gralloc4: allocator 4.x is not supported
07-03 12:26:15.927   693   693 I hwservicemanager: getTransport: Cannot find entry android.hardware.graphics.allocator@3.0::IAllocator/default in either framework or device VINTF manifest.
07-03 12:26:15.927 19558 19578 W Gralloc3: allocator 3.x is not supported
07-03 12:26:15.937  1864  1990 W ziparchive: Unable to open '/data/app/~~qhXlG6OIj0urLlN6n70W5g==/e.www.cpufactorialtest-tnE5EJPXvoHIBEa3gIr7Ug==/base.dm': No such file or directory
07-03 12:26:15.938  1864  1990 I ActivityTaskManager: Displayed e.www.cpufactorialtest/.MainActivity: +252ms
07-03 12:26:15.955  4337  4337 I GoogleInputMethodService: GoogleInputMethodService.onFinishInput():3306 
07-03 12:26:15.955  4337  4337 I GoogleInputMethodService: GoogleInputMethodService.updateDeviceLockedStatus():2127 repeatCheckTimes = 0, locked = false
07-03 12:26:15.955  4337  4337 I GoogleInputMethodService: GoogleInputMethodService.onStartInput():1909 onStartInput(EditorInfo{inputType=0x0(NULL) imeOptions=0x0 privateImeOptions=null actionName=UNSPECIFIED actionLabel=null actionId=0 initialSelStart=-1 initialSelEnd=-1 initialCapsMode=0x0 hintText=null label=null packageName=e.www.cpufactorialtest fieldId=-1 fieldName=null extras=null hintLocales=[]}, false)
07-03 12:26:15.955  4337  4337 I GoogleInputMethodService: GoogleInputMethodService.shouldHideHeaderOnInitialState():1990 ShouldHideHeaderOnInitialState = false
07-03 12:26:15.956  4337  4337 I GoogleInputMethodService: GoogleInputMethodService.updateDeviceLockedStatus():2127 repeatCheckTimes = 1, locked = false
07-03 12:26:16.238  1864  4414 W InputManager-JNI: Input channel object '856dd50 Splash Screen e.www.cpufactorialtest (client)' was disposed without first being removed with the input manager!
07-03 12:26:16.343  2549  2549 I WallpaperService: engine paused
07-03 12:26:16.738  1864  2354 D ConnectivityService: NetReassign [no changes] [c 0] [a 0] [i 3]
07-03 12:26:16.917 19584 19584 D ProcessState: Binder ioctl to enable oneway spam detection failed: Invalid argument
07-03 12:26:17.365 19600 19600 D ProcessState: Binder ioctl to enable oneway spam detection failed: Invalid argument
07-03 12:26:17.371  1864  5060 I ActivityManager: Background started FGS: Allowed [callingPackage: com.android.shell; callingUid: 2000; uidState: NONE; intent: Intent { cmp=com.example.batterymanager_utility/.DataCollectionService (has extras) }; code:SYSTEM_UID; tempAllowListReason:<,reasonCode:SYSTEM_ALLOW_LISTED,duration:9223372036854775807,callingUid:-1>; targetSdkVersion:33; callerTargetSdkVersion:-1; startForegroundCount:0; bindFromPackage:null]
07-03 12:26:17.380 19507 19507 I BatteryMgr:DataCollectionService: onStartCommand: begin
07-03 12:26:17.380 19507 19507 I BatteryMgr:DataCollectionService: onStartCommand: sampleRate => 1000
07-03 12:26:17.380 19507 19507 I BatteryMgr:DataCollectionService: onStartCommand: rawFields => Timestamp,BATTERY_PROPERTY_CURRENT_NOW,EXTRA_VOLTAGE
07-03 12:26:17.381 19507 19507 I BatteryMgr:DataCollectionService: onStartCommand: notification done
07-03 12:26:17.384 19507 19507 I BatteryMgr:DataCollectionService: started foreground
07-03 12:26:17.392 19507 19603 I BatteryMgr:DataCollectionService: collectData: begin
07-03 12:26:17.396 19507 19603 I BatteryMgr:DataCollectionService: stats => 1688379977396,244375,4126
07-03 12:26:17.788 19507 19611 D ProfileInstaller: Installing profile for com.example.batterymanager_utility
07-03 12:26:18.410 19507 19603 I BatteryMgr:DataCollectionService: stats => 1688379978410,75625,4126
07-03 12:26:19.430 19507 19603 I BatteryMgr:DataCollectionService: stats => 1688379979430,112187,4126
07-03 12:26:19.774  1864  2354 D ConnectivityService: NetReassign [no changes] [c 0] [a 0] [i 3]
07-03 12:26:20.451 19507 19603 I BatteryMgr:DataCollectionService: stats => 1688379980451,78125,4126
07-03 12:26:21.473 19507 19603 I BatteryMgr:DataCollectionService: stats => 1688379981473,117812,4126
07-03 12:26:22.494 19507 19603 I BatteryMgr:DataCollectionService: stats => 1688379982494,99375,4126
07-03 12:26:22.809  1864  2354 D ConnectivityService: NetReassign [no changes] [c 0] [a 1] [i 3]
07-03 12:26:23.513 19507 19603 I BatteryMgr:DataCollectionService: stats => 1688379983513,114375,4126
07-03 12:26:24.527 19507 19603 I BatteryMgr:DataCollectionService: stats => 1688379984527,127187,4126
07-03 12:26:25.537 19507 19603 I BatteryMgr:DataCollectionService: stats => 1688379985537,90000,4126
07-03 12:26:25.835  1864  2354 D ConnectivityService: NetReassign [no changes] [c 1] [a 0] [i 3]
07-03 12:26:26.137  1864  5060 W ProcessStats: Tracking association SourceState{f4a1850 system/1000 BTopFgs #71699} whose proc state 2 is better than process ProcessState{3d4ea49 com.google.android.gms.persistent/10125 pkg=com.google.android.gms} proc state 3 (40 skipped)
07-03 12:26:26.146  4101  4101 D BoundBrokerSvc: onUnbind: Intent { act=com.google.android.gms.auth.account.workaccount.START dat=chimera-action: cmp=com.google.android.gms/.chimera.PersistentApiService }
07-03 12:26:26.562 19507 19603 I BatteryMgr:DataCollectionService: stats => 1688379986561,130312,4126
07-03 12:26:27.591 19507 19603 I BatteryMgr:DataCollectionService: stats => 1688379987591,89375,4126
07-03 12:26:27.610  1864  1864 W NotificationHistory: Attempted to add notif for locked/gone/disabled user 0
07-03 12:26:27.617  3568  4435 W AiAiEcho: SmartspaceNotificationPredictor no parser can handle this notification or notification is invalid
07-03 12:26:27.623  2439  2439 D InterruptionStateProvider: No bubble up: not allowed to bubble: 0|com.example.batterymanager_utility|1|null|10232
07-03 12:26:27.624  2439  2439 D InterruptionStateProvider: No heads up: unimportant notification: 0|com.example.batterymanager_utility|1|null|10232
07-03 12:26:27.624  2439  2485 D PeopleSpaceWidgetMgr: Sbn doesn't contain valid PeopleTileKey: null/0/com.example.batterymanager_utility
07-03 12:26:27.628  1490  1490 D NuPlayerDriver: NuPlayerDriver(0xebf40d30) created, clientPid(2439)
07-03 12:26:27.639  1490 19617 D GenericSource: FileSource remote
07-03 12:26:27.654  1864  5060 I MediaFocusControl: requestAudioFocus() from uid/pid 10195/2439 AA=USAGE_NOTIFICATION/CONTENT_TYPE_SONIFICATION clientId=android.media.AudioManager@3fbaa2d callingPack=com.android.systemui req=3 flags=0x0 sdk=31
07-03 12:26:27.655  1864  5060 I AudioService.FadeOutManager: unfadeOutUid() uid:10195
07-03 12:26:27.950 30108 30108 D BoundBrokerSvc: onUnbind: Intent { act=com.google.android.gms.inappreach.service.START dat=chimera-action: cmp=com.google.android.gms/.chimera.GmsApiService }
07-03 12:26:28.159  2439  2439 D MediaRouter: onRestoreRoute() : route=RouteInfo{ name=Phone, description=null, status=null, category=RouteCategory{ name=System types=ROUTE_TYPE_LIVE_AUDIO ROUTE_TYPE_LIVE_VIDEO  groupable=false }, supportedTypes=ROUTE_TYPE_LIVE_AUDIO ROUTE_TYPE_LIVE_VIDEO , presentationDisplay=null }
07-03 12:26:28.159  2439  2439 V MediaRouter: Selecting route: RouteInfo{ name=Phone, description=null, status=null, category=RouteCategory{ name=System types=ROUTE_TYPE_LIVE_AUDIO ROUTE_TYPE_LIVE_VIDEO  groupable=false }, supportedTypes=ROUTE_TYPE_LIVE_AUDIO ROUTE_TYPE_LIVE_VIDEO , presentationDisplay=null }
07-03 12:26:28.159  1490 19616 I GenericSource: start
07-03 12:26:28.170  1490 19621 D CCodec  : allocate(c2.android.vorbis.decoder)
07-03 12:26:28.174  1490 19621 I CCodec  : setting up 'default' as default (vendor) store
07-03 12:26:28.175  1509 14565 V C2Store : in init
07-03 12:26:28.175  1509 14565 V C2Store : loading dll
07-03 12:26:28.182  1490 19621 I CCodec  : Created component [c2.android.vorbis.decoder]
07-03 12:26:28.182  1490 19621 D CCodecConfig: read media type: audio/vorbis
07-03 12:26:28.186  1490 19621 D ReflectedParamUpdater: extent() != 1 for single value type: algo.buffers.max-count.values
07-03 12:26:28.186  1490 19621 D ReflectedParamUpdater: extent() != 1 for single value type: output.subscribed-indices.values
07-03 12:26:28.187  1490 19621 D ReflectedParamUpdater: extent() != 1 for single value type: input.buffers.allocator-ids.values
07-03 12:26:28.187  1490 19621 D ReflectedParamUpdater: extent() != 1 for single value type: output.buffers.allocator-ids.values
07-03 12:26:28.187  1490 19621 D ReflectedParamUpdater: extent() != 1 for single value type: algo.buffers.allocator-ids.values
07-03 12:26:28.188  1490 19621 D ReflectedParamUpdater: extent() != 1 for single value type: output.buffers.pool-ids.values
07-03 12:26:28.188  1490 19621 D ReflectedParamUpdater: extent() != 1 for single value type: algo.buffers.pool-ids.values
07-03 12:26:28.191  1490 19621 I CCodecConfig: query failed after returning 7 values (BAD_INDEX)
07-03 12:26:28.191  1490 19621 D CCodecConfig: c2 config diff is Dict {
07-03 12:26:28.191  1490 19621 D CCodecConfig:   c2::u32 coded.bitrate.value = 64000
07-03 12:26:28.191  1490 19621 D CCodecConfig:   c2::u32 input.buffers.max-size.value = 32768
07-03 12:26:28.191  1490 19621 D CCodecConfig:   c2::u32 input.delay.value = 0
07-03 12:26:28.191  1490 19621 D CCodecConfig:   string input.media-type.value = "audio/vorbis"
07-03 12:26:28.191  1490 19621 D CCodecConfig:   string output.media-type.value = "audio/raw"
07-03 12:26:28.191  1490 19621 D CCodecConfig:   c2::u32 raw.channel-count.value = 1
07-03 12:26:28.191  1490 19621 D CCodecConfig:   c2::u32 raw.sample-rate.value = 48000
07-03 12:26:28.191  1490 19621 D CCodecConfig: }
07-03 12:26:28.193  1490 19621 D CCodec  : [c2.android.vorbis.decoder] buffers are bound to CCodec for this session
07-03 12:26:28.193  1490 19621 D CCodecConfig: no c2 equivalents for durationUs
07-03 12:26:28.193  1490 19621 D CCodecConfig: no c2 equivalents for csd-1
07-03 12:26:28.193  1490 19621 D CCodecConfig: no c2 equivalents for channel-mask
07-03 12:26:28.193  1490 19621 D CCodecConfig: no c2 equivalents for flags
07-03 12:26:28.194  1490 19621 D CCodecConfig: c2 config diff is   c2::u32 coded.bitrate.value = 120000
07-03 12:26:28.194  1490 19621 W Codec2Client: query -- param skipped: index = 1107298332.
07-03 12:26:28.195  1490 19621 D CCodec  : setup formats input: AMessage(what = 0x00000000) = {
07-03 12:26:28.195  1490 19621 D CCodec  :   int32_t bitrate = 120000
07-03 12:26:28.195  1490 19621 D CCodec  :   int32_t channel-count = 1
07-03 12:26:28.195  1490 19621 D CCodec  :   int32_t max-input-size = 32768
07-03 12:26:28.195  1490 19621 D CCodec  :   string mime = "audio/vorbis"
07-03 12:26:28.195  1490 19621 D CCodec  :   int32_t sample-rate = 48000
07-03 12:26:28.195  1490 19621 D CCodec  : }
07-03 12:26:28.195  1490 19621 D CCodec  : setup formats output: AMessage(what = 0x00000000) = {
07-03 12:26:28.195  1490 19621 D CCodec  :   int32_t channel-count = 1
07-03 12:26:28.195  1490 19621 D CCodec  :   string mime = "audio/raw"
07-03 12:26:28.195  1490 19621 D CCodec  :   int32_t sample-rate = 48000
07-03 12:26:28.195  1490 19621 D CCodec  :   int32_t channel-mask = 1
07-03 12:26:28.195  1490 19621 D CCodec  : }
07-03 12:26:28.195  1490 19621 I CCodecConfig: query failed after returning 7 values (BAD_INDEX)
07-03 12:26:28.195  1490 19621 I MediaCodec: MediaCodec will operate in async mode
07-03 12:26:28.196  1490 19620 D MediaCodec: keep callback message for reclaim
07-03 12:26:28.196  1490 19621 W Codec2Client: query -- param skipped: index = 1342179345.
07-03 12:26:28.196  1490 19621 W Codec2Client: query -- param skipped: index = 2415921170.
07-03 12:26:28.198  1490 19621 D CCodecBufferChannel: [c2.android.vorbis.decoder#979] Created input block pool with allocatorID 16 => poolID 158 - OK (0)
07-03 12:26:28.198  1509  2502 D BufferPoolAccessor2.0: bufferpool2 0x7163c8b538 : 0(0 size) total buffers - 0(0 size) used buffers - 89/92 (recycle/alloc) - 3/91 (fetch/transfer)
07-03 12:26:28.198  1509  2502 D BufferPoolAccessor2.0: Destruction - bufferpool2 0x7163c8b538 cached: 0/0M, 0/0% in use; allocs: 92, 97% recycled; transfers: 91, 97% unfetched
07-03 12:26:28.201  1490 13581 D BufferPoolAccessor2.0: bufferpool2 0xe7e42788 : 0(0 size) total buffers - 0(0 size) used buffers - 91/99 (recycle/alloc) - 8/188 (fetch/transfer)
07-03 12:26:28.201  1490 13581 D BufferPoolAccessor2.0: Destruction - bufferpool2 0xe7e42788 cached: 0/0M, 0/0% in use; allocs: 99, 92% recycled; transfers: 188, 96% unfetched
07-03 12:26:28.201  1490 19621 I CCodecBufferChannel: [c2.android.vorbis.decoder#979] Created output block pool with allocatorID 16 => poolID 170 - OK
07-03 12:26:28.202  1490 19621 D CCodecBufferChannel: [c2.android.vorbis.decoder#979] Configured output block pool ids 170 => OK
07-03 12:26:28.204  1509 19622 D SimpleC2Component: Using output block pool with poolID 170 => got 170 - 0
07-03 12:26:28.219  1317  3945 D AudioFlinger: Client defaulted notificationFrames to 12000 for frameCount 24000
07-03 12:26:28.221  1317  3945 D AF::TrackHandle: OpPlayAudio: track:206 usage:5 not muted
07-03 12:26:28.231  1250  1364 I EffectsFactory: EffectCreate() create_effect
07-03 12:26:28.261  1250  1364 D audio_hw_primary: out_set_parameters: enter: usecase(1: low-latency-playback) kvpairs: routing=4194304
07-03 12:26:28.268  1250  3496 D audio_route: Apply path: speaker-safe
07-03 12:26:28.268  1250  3496 D audio_hw_primary: enable_snd_device: snd_device(104: vi-feedback)
07-03 12:26:28.268  1250  3496 D audio_route: Apply path: vi-feedback
07-03 12:26:28.268  1250  3496 E audio_hw_utils: audio_extn_utils_send_app_type_cfg: Failed to derive app_type for uc type : 0x1
07-03 12:26:28.268  1250  3496 D ACDB-LOADER: ACDB -> send_audio_cal, acdb_id = 512, path = 1, app id = 0x11132, sample rate = 48000
07-03 12:26:28.268  1250  3496 D ACDB-LOADER: ACDB -> send_asm_topology
07-03 12:26:28.268  1250  3496 D ACDB-LOADER: ACDB -> ACDB_CMD_GET_AUDPROC_STREAM_TOPOLOGY_ID
07-03 12:26:28.268  1250  3496 D ACDB-LOADER: ACDB -> send_adm_topology
07-03 12:26:28.268  1250  3496 D ACDB-LOADER: ACDB -> ACDB_CMD_GET_AUDPROC_COMMON_TOPOLOGY_ID
07-03 12:26:28.268  1250  3496 D ACDB-LOADER: ACDB -> send_audtable
07-03 12:26:28.268  1250  3496 D ACDB-LOADER: ACDB -> ACDB_CMD_GET_AUDPROC_COMMON_TABLE_SIZE
07-03 12:26:28.268  1250  3496 D ACDB-LOADER: ACDB -> ACDB_CMD_GET_AUDPROC_COMMON_TABLE
07-03 12:26:28.268  1250  3496 D ACDB-LOADER: ACDB -> AUDIO_SET_AUDPROC_CAL
07-03 12:26:28.269  1250  3496 D ACDB-LOADER: ACDB -> send_audvoltable
07-03 12:26:28.269  1250  3496 D ACDB-LOADER: ACDB -> ACDB_CMD_GET_AUDPROC_VOL_STEP_TABLE_SIZE
07-03 12:26:28.269  1250  3496 D ACDB-LOADER: ACDB -> ACDB_CMD_GET_AUDPROC_GAIN_DEP_STEP_TABLE, vol index 0
07-03 12:26:28.269  1250  3496 D android.hardware.audio.service: Failed to fetch the lookup information of the device 00000200 
07-03 12:26:28.269  1250  3496 E ACDB-LOADER: Error: ACDB AudProc vol returned = -19
07-03 12:26:28.269  1250  3496 D ACDB-LOADER: ACDB -> AUDIO_SET_VOL_CAL cal type = 12
07-03 12:26:28.269  1250  3496 D ACDB-LOADER: ACDB -> ACDB_CMD_GET_AUDPROC_STREAM_TABLE_SIZE
07-03 12:26:28.269  1250  3496 D ACDB-LOADER: ACDB -> send_audstrmtable
07-03 12:26:28.269  1250  3496 D ACDB-LOADER: ACDB -> ACDB_CMD_GET_AUDPROC_STREAM_TABLE_V2
07-03 12:26:28.269  1250  3496 D ACDB-LOADER: ACDB -> audstrm_cal->cal_type.cal_data.cal_size = 16
07-03 12:26:28.269  1250  3496 D ACDB-LOADER: ACDB -> send_afe_topology
07-03 12:26:28.269  1250  3496 D ACDB-LOADER: ACDB -> ACDB_CMD_GET_AFE_TOPOLOGY_ID
07-03 12:26:28.269  1250  3496 D ACDB-LOADER: ACDB -> GET_AFE_TOPOLOGY_ID for adcd_id 512, Topology Id 10001ccc
07-03 12:26:28.269  1250  3496 D ACDB-LOADER: ACDB -> send_afe_cal
07-03 12:26:28.269  1250  3496 D ACDB-LOADER: ACDB -> ACDB_CMD_GET_AFE_COMMON_TABLE_SIZE
07-03 12:26:28.269  1250  3496 D ACDB-LOADER: ACDB -> ACDB_CMD_GET_AFE_COMMON_TABLE
07-03 12:26:28.269  1250  3496 D ACDB-LOADER: ACDB -> AUDIO_SET_AFE_CAL
07-03 12:26:28.269  1250  3496 D ACDB-LOADER: ACDB -> send_hw_delay : acdb_id = 512 path = 1
07-03 12:26:28.269  1250  3496 D ACDB-LOADER: ACDB -> ACDB_AVSYNC_INFO: ACDB_CMD_GET_DEVICE_PROPERTY
07-03 12:26:28.269  1250  3496 D audio_hw_primary: enable_audio_route: usecase(25) apply and update mixer path: spkr-vi-record vi-feedback
07-03 12:26:28.269  1250  3496 D audio_route: Apply path: spkr-vi-record vi-feedback
07-03 12:26:28.306  1250  3496 D msm8974_platform: Setting audio calibration for snd_device(4) acdb_id(514)
07-03 12:26:28.306  1250  3496 E ACDB-LOADER: [acdb_loader_adsp_set_audio_cal] active device/stream not found (result=-100) for topology 0x1000dffb and apptype 0x11130
07-03 12:26:28.306  1250  3496 E ACDB-LOADER: [acdb_loader_adsp_set_audio_cal] set parameters failed with status -100
07-03 12:26:28.306  1250  3496 D msm8974_platform: Setting audio calibration for snd_device(4) acdb_id(514)
07-03 12:26:28.306  1250  3496 D audio_hw_waves: print_state_log: send volume table -(0,0.000000,F),(1,0.000000,F),(2,0.000000,F),(3,0.000000,F),(4,0.000000,F),(5,0.000000,T)
07-03 12:26:28.306  1250  3496 D ACDB-LOADER: ACDB -> send_audio_cal, acdb_id = 514, path = 0, app id = 0x11130, sample rate = 48000
07-03 12:26:28.306  1250  3496 D ACDB-LOADER: ACDB -> send_asm_topology
07-03 12:26:28.306  1250  3496 D ACDB-LOADER: ACDB -> ACDB_CMD_GET_AUDPROC_STREAM_TOPOLOGY_ID
07-03 12:26:28.306  1250  3496 D ACDB-LOADER: ACDB -> send_adm_topology
07-03 12:26:28.306  1250  3496 D ACDB-LOADER: ACDB -> ACDB_CMD_GET_AUDPROC_COMMON_TOPOLOGY_ID
07-03 12:26:28.306  1250  3496 D ACDB-LOADER: ACDB -> send_audtable
07-03 12:26:28.306  1250  3496 D ACDB-LOADER: ACDB -> ACDB_CMD_GET_AUDPROC_COMMON_TABLE_SIZE
07-03 12:26:28.306  1250  3496 D ACDB-LOADER: ACDB -> ACDB_CMD_GET_AUDPROC_COMMON_TABLE
07-03 12:26:28.306  1250  3496 D ACDB-LOADER: ACDB -> AUDIO_SET_AUDPROC_CAL
07-03 12:26:28.306  1250  3496 D ACDB-LOADER: ACDB -> send_audvoltable
07-03 12:26:28.306  1250  3496 D ACDB-LOADER: ACDB -> ACDB_CMD_GET_AUDPROC_VOL_STEP_TABLE_SIZE
07-03 12:26:28.306  1250  3496 D ACDB-LOADER: ACDB -> ACDB_CMD_GET_AUDPROC_GAIN_DEP_STEP_TABLE, vol index 0
07-03 12:26:28.306  1250  3496 D android.hardware.audio.service: Failed to fetch the lookup information of the device 00000202 
07-03 12:26:28.306  1250  3496 E ACDB-LOADER: Error: ACDB AudProc vol returned = -19
07-03 12:26:28.306  1250  3496 D ACDB-LOADER: ACDB -> AUDIO_SET_VOL_CAL cal type = 12
07-03 12:26:28.306  1250  3496 D ACDB-LOADER: ACDB -> ACDB_CMD_GET_AUDPROC_STREAM_TABLE_SIZE
07-03 12:26:28.306  1250  3496 D ACDB-LOADER: ACDB -> send_audstrmtable
07-03 12:26:28.306  1250  3496 D ACDB-LOADER: ACDB -> ACDB_CMD_GET_AUDPROC_STREAM_TABLE_V2
07-03 12:26:28.306  1250  3496 D ACDB-LOADER: ACDB -> audstrm_cal->cal_type.cal_data.cal_size = 456
07-03 12:26:28.306  1250  3496 D ACDB-LOADER: ACDB -> send_afe_topology
07-03 12:26:28.306  1250  3496 D ACDB-LOADER: ACDB -> ACDB_CMD_GET_AFE_TOPOLOGY_ID
07-03 12:26:28.306  1250  3496 D ACDB-LOADER: ACDB -> GET_AFE_TOPOLOGY_ID for adcd_id 514, Topology Id 10000ccc
07-03 12:26:28.306  1250  3496 D ACDB-LOADER: ACDB -> send_afe_cal
07-03 12:26:28.306  1250  3496 D ACDB-LOADER: ACDB -> ACDB_CMD_GET_AFE_COMMON_TABLE_SIZE
07-03 12:26:28.307  1250  3496 D ACDB-LOADER: ACDB -> ACDB_CMD_GET_AFE_COMMON_TABLE
07-03 12:26:28.307  1250  3496 D ACDB-LOADER: ACDB -> AUDIO_SET_AFE_CAL
07-03 12:26:28.307  1250  3496 D ACDB-LOADER: ACDB -> send_hw_delay : acdb_id = 514 path = 0
07-03 12:26:28.307  1250  3496 D ACDB-LOADER: ACDB -> ACDB_AVSYNC_INFO: ACDB_CMD_GET_DEVICE_PROPERTY
07-03 12:26:28.307  1250  3496 D audio_hw_primary: enable_audio_route: usecase(1) apply and update mixer path: low-latency-playback speaker
07-03 12:26:28.307  1250  3496 D audio_route: Apply path: low-latency-playback speaker
07-03 12:26:28.362  1250  3496 D audio_hw_primary: out_write: retry previous failed cal level set
07-03 12:26:28.383  1250  1364 D audio_hw_waves: print_state_log: send volume table -(0,0.000000,F),(1,0.000000,F),(2,0.000000,F),(3,0.000000,F),(4,0.000000,F),(5,0.302643,T)
07-03 12:26:28.601 19507 19603 I BatteryMgr:DataCollectionService: stats => 1688379988601,153437,4126
07-03 12:26:28.852  1864  2354 D ConnectivityService: NetReassign [no changes] [c 0] [a 0] [i 2]
07-03 12:26:29.410  1490 19621 D CCodecBufferChannel: [c2.android.vorbis.decoder#979] buffers after EOS ignored (0 us)
07-03 12:26:29.614 19507 19603 I BatteryMgr:DataCollectionService: stats => 1688379989614,136562,4126
07-03 12:26:29.661  1490 19619 D AudioTrack: stop(181): called with 76269 frames delivered
07-03 12:26:30.027  1864  1886 I MediaFocusControl: abandonAudioFocus() from uid/pid 10195/2439 clientId=android.media.AudioManager@3fbaa2d
07-03 12:26:30.028  2439 19614 V MediaPlayer: resetDrmState:  mDrmInfo=null mDrmProvisioningThread=null mPrepareDrmInProgress=false mActiveDrmScheme=false
07-03 12:26:30.028  2439 19614 V MediaPlayer: cleanDrmObj: mDrmObj=null mDrmSessionId=null
07-03 12:26:30.029  1490  1490 D NuPlayerDriver: reset(0xebf40d30) at state 6
07-03 12:26:30.035  1490 19621 I hw-BpHwBinder: onLastStrongRef automatically unlinking death recipients
07-03 12:26:30.036  1509 14565 I hw-BpHwBinder: onLastStrongRef automatically unlinking death recipients
07-03 12:26:30.036  1509 14565 I hw-BpHwBinder: onLastStrongRef automatically unlinking death recipients
07-03 12:26:30.037  1509 14565 V C2Store : in ~ComponentModule
07-03 12:26:30.037  1509 14565 V C2Store : unloading dll
07-03 12:26:30.041  1490 19616 D NuPlayerDriver: notifyResetComplete(0xebf40d30)
07-03 12:26:30.041  1490  1490 W AMessage: failed to post message as target looper for handler 0 is gone.
07-03 12:26:30.045  1250  1364 D audio_hw_waves: print_state_log: send volume table -(0,0.000000,F),(1,0.000000,F),(2,0.000000,F),(3,0.000000,F),(4,0.000000,F),(5,0.000000,F)
07-03 12:26:30.626 19507 19603 I BatteryMgr:DataCollectionService: stats => 1688379990626,139375,4126
07-03 12:26:31.639 19507 19603 I BatteryMgr:DataCollectionService: stats => 1688379991639,147812,4126
07-03 12:26:31.879  1864  2354 D ConnectivityService: NetReassign [no changes] [c 1] [a 0] [i 4]
07-03 12:26:32.650 19507 19603 I BatteryMgr:DataCollectionService: stats => 1688379992650,148437,4126
07-03 12:26:33.028  1250  2367 D audio_hw_primary: disable_audio_route: usecase(1) reset and update mixer path: low-latency-playback speaker
07-03 12:26:33.030  1250  2367 I audio_hw_cirrus_playback: audio_extn_spkr_prot_stop_processing: pcm_tx_close
07-03 12:26:33.038  1250  2367 D audio_hw_primary: disable_audio_route: usecase(25) reset and update mixer path: spkr-vi-record vi-feedback
07-03 12:26:33.038  1250  2367 D audio_hw_primary: disable_snd_device: snd_device(104: vi-feedback)
07-03 12:26:33.207  1490 13610 D BufferPoolAccessor2.0: evictor expired: 1, evicted: 0
07-03 12:26:33.207  1509  2465 D BufferPoolAccessor2.0: evictor expired: 1, evicted: 0
07-03 12:26:33.660 19507 19603 I BatteryMgr:DataCollectionService: stats => 1688379993660,101562,4126
07-03 12:26:34.675 19507 19603 I BatteryMgr:DataCollectionService: stats => 1688379994674,124375,4126
07-03 12:26:34.901  1864  2354 D ConnectivityService: NetReassign [no changes] [c 0] [a 0] [i 4]
07-03 12:26:35.217  1490 13610 D BufferPoolAccessor2.0: bufferpool2 0xe7e41468 : 0(0 size) total buffers - 0(0 size) used buffers - 89/97 (recycle/alloc) - 8/188 (fetch/transfer)
07-03 12:26:35.217  1490 13610 D BufferPoolAccessor2.0: evictor expired: 1, evicted: 1
07-03 12:26:35.217  1509  2465 D BufferPoolAccessor2.0: bufferpool2 0x7163c8b538 : 0(0 size) total buffers - 0(0 size) used buffers - 89/92 (recycle/alloc) - 3/91 (fetch/transfer)
07-03 12:26:35.217  1509  2465 D BufferPoolAccessor2.0: evictor expired: 1, evicted: 1
07-03 12:26:35.691 19507 19603 I BatteryMgr:DataCollectionService: stats => 1688379995691,144062,4126
07-03 12:26:36.711 19507 19603 I BatteryMgr:DataCollectionService: stats => 1688379996711,77187,4126
07-03 12:26:37.731 19507 19603 I BatteryMgr:DataCollectionService: stats => 1688379997731,104375,4126
07-03 12:26:37.918  1864  2354 D ConnectivityService: NetReassign [no changes] [c 0] [a 1] [i 3]
07-03 12:26:38.759 19507 19603 I BatteryMgr:DataCollectionService: stats => 1688379998759,159062,4126
07-03 12:26:39.784 19507 19603 I BatteryMgr:DataCollectionService: stats => 1688379999784,194062,4126
07-03 12:26:40.804 19507 19603 I BatteryMgr:DataCollectionService: stats => 1688380000804,168125,4126
