--------- beginning of system
06-11 19:49:22.331   753  3808 I ActivityManager: START u0 {act=android.intent.action.MAIN cat=[android.intent.category.LAUNCHER] flg=0x10000000 cmp=com.example.batterymanager_utility/.MainActivity} from uid 2000
--------- beginning of main
06-11 19:49:22.365 32380 32416 V ClearcutMetricXmitter: Transmission is done.
06-11 19:49:22.370   753 12387 I ActivityManager: Start proc 5319:com.example.batterymanager_utility/u0a111 for activity com.example.batterymanager_utility/.MainActivity
06-11 19:49:22.373  5319  5319 I zygote64: Late-enabling -Xcheck:jni
06-11 19:49:22.444 27061 27061 I GsaVoiceInteractionSrv: Handling ACTION_STOP_HOTWORD
06-11 19:49:22.506  5319  5319 I BatteryMgr:App: creating notification channel
06-11 19:49:22.584  5319  5337 D OpenGLRenderer: HWUI GL Pipeline
06-11 19:49:22.753  5324  5324 D AndroidRuntime: >>>>>> START com.android.internal.os.RuntimeInit uid 2000 <<<<<<
06-11 19:49:22.755  5319  5319 W zygote64: Class androidx.compose.runtime.snapshots.SnapshotStateList failed lock verification and will run slower.
06-11 19:49:22.755  5319  5319 W zygote64: Common causes for lock verification issues are non-optimized dex code
06-11 19:49:22.755  5319  5319 W zygote64: and incorrect proguard optimizations.
06-11 19:49:22.856  5319  5326 I zygote64: Do partial code cache collection, code=30KB, data=19KB
06-11 19:49:22.856  5319  5326 I zygote64: After code cache collection, code=30KB, data=19KB
06-11 19:49:22.857  5319  5326 I zygote64: Increasing code cache capacity to 128KB
06-11 19:49:22.862  5324  5324 D ICU     : Timezone override file found: /data/misc/zoneinfo/current/icu/icu_tzdata.dat
06-11 19:49:22.881  5324  5324 I app_process: The ClassLoaderContext is a special shared library.
06-11 19:49:22.921  5324  5324 D AndroidRuntime: Calling main entry com.android.commands.monkey.Monkey
06-11 19:49:22.925  5324  5324 W Monkey  : args: [-p, x.intervalapp.cpufactorialtest, 1]
06-11 19:49:22.925  5324  5324 W Monkey  :  arg: "-p"
06-11 19:49:22.925  5324  5324 W Monkey  :  arg: "x.intervalapp.cpufactorialtest"
06-11 19:49:22.925  5324  5324 W Monkey  :  arg: "1"
06-11 19:49:22.926  5324  5324 W Monkey  : data="x.intervalapp.cpufactorialtest"
06-11 19:49:22.953   753   779 W BroadcastQueue: Skipping deliver [background] BroadcastRecord{ad23bf1 u-1 android.net.conn.CONNECTIVITY_CHANGE} to ReceiverList{72d23d6 5324 (unknown name)/2000/u-1 remote:af5ad7b}: process gone or crashing
06-11 19:49:22.968   753  3377 I ActivityManager: START u0 {act=android.intent.action.MAIN cat=[android.intent.category.LAUNCHER] flg=0x10200000 cmp=x.intervalapp.cpufactorialtest/.MainActivity} from uid 2000
06-11 19:49:22.968   753  3377 W Binder  : Outgoing transactions from this process must be FLAG_ONEWAY
06-11 19:49:22.968   753  3377 W Binder  : java.lang.Throwable
06-11 19:49:22.968   753  3377 W Binder  : 	at android.os.BinderProxy.transact(Binder.java:752)
06-11 19:49:22.968   753  3377 W Binder  : 	at android.app.IActivityController$Stub$Proxy.activityStarting(IActivityController.java:172)
06-11 19:49:22.968   753  3377 W Binder  : 	at com.android.server.am.ActivityStarter.startActivity(ActivityStarter.java:449)
06-11 19:49:22.968   753  3377 W Binder  : 	at com.android.server.am.ActivityStarter.startActivityLocked(ActivityStarter.java:278)
06-11 19:49:22.968   753  3377 W Binder  : 	at com.android.server.am.ActivityStarter.startActivityMayWait(ActivityStarter.java:817)
06-11 19:49:22.968   753  3377 W Binder  : 	at com.android.server.am.ActivityManagerService.startActivityAsUser(ActivityManagerService.java:4532)
06-11 19:49:22.968   753  3377 W Binder  : 	at com.android.server.am.ActivityManagerService.startActivity(ActivityManagerService.java:4519)
06-11 19:49:22.968   753  3377 W Binder  : 	at android.app.IActivityManager$Stub.onTransact(IActivityManager.java:121)
06-11 19:49:22.968   753  3377 W Binder  : 	at com.android.server.am.ActivityManagerService.onTransact(ActivityManagerService.java:2919)
06-11 19:49:22.968   753  3377 W Binder  : 	at android.os.Binder.execTransact(Binder.java:697)
06-11 19:49:22.973  5319  5337 I Adreno  : QUALCOMM build                   : 8e59954, I0be83d0d26
06-11 19:49:22.973  5319  5337 I Adreno  : Build Date                       : 09/22/17
06-11 19:49:22.973  5319  5337 I Adreno  : OpenGL ES Shader Compiler Version: EV031.21.02.00
06-11 19:49:22.973  5319  5337 I Adreno  : Local Branch                     : O17A
06-11 19:49:22.973  5319  5337 I Adreno  : Remote Branch                    : 
06-11 19:49:22.973  5319  5337 I Adreno  : Remote Branch                    : 
06-11 19:49:22.973  5319  5337 I Adreno  : Reconstruct Branch               : 
06-11 19:49:22.974  5319  5337 D vndksupport: Loading /vendor/lib64/hw/gralloc.msm8992.so from current namespace instead of sphal namespace.
06-11 19:49:22.984  5319  5337 I Adreno  : PFP: 0x00000000, ME: 0x00000000
06-11 19:49:22.988   362   362 W /system/bin/hwservicemanager: getTransport: Cannot find entry android.hardware.configstore@1.0::ISurfaceFlingerConfigs/default in either framework or device manifest.
06-11 19:49:22.991  5319  5337 I zygote64: android::hardware::configstore::V1_0::ISurfaceFlingerConfigs::hasWideColorDisplay retrieved: 0
06-11 19:49:22.992  5319  5337 I OpenGLRenderer: Initialized EGL, version 1.4
06-11 19:49:22.992  5319  5337 D OpenGLRenderer: Swap behavior 2
06-11 19:49:22.993  5324  5324 I Monkey  : Events injected: 1
06-11 19:49:23.000  5319  5319 D Compose Focus: Owner FocusChanged(true)
06-11 19:49:23.010  5324  5324 I Monkey  : ## Network stats: elapsed time=42ms (0ms mobile, 0ms wifi, 42ms not connected)
06-11 19:49:23.012  5324  5324 I com.android.commands.monkey: System.exit called, status: 0
06-11 19:49:23.012  5324  5324 I AndroidRuntime: VM exiting with result code 0.
06-11 19:49:23.055   362   362 W /system/bin/hwservicemanager: getTransport: Cannot find entry android.hardware.graphics.mapper@2.0::IMapper/default in either framework or device manifest.
06-11 19:49:23.056  5319  5337 D vndksupport: Loading /vendor/lib64/hw/android.hardware.graphics.mapper@2.0-impl.so from current namespace instead of sphal namespace.
06-11 19:49:23.057  5319  5337 D vndksupport: Loading /vendor/lib64/hw/gralloc.msm8992.so from current namespace instead of sphal namespace.
06-11 19:49:23.093 18762 18762 I GoogleInputMethodService: GoogleInputMethodService.onFinishInput():3307 
06-11 19:49:23.094 18762 18762 I GoogleInputMethodService: GoogleInputMethodService.updateDeviceLockedStatus():2137 repeatCheckTimes = 0, locked = false
06-11 19:49:23.094 18762 18762 I GoogleInputMethodService: GoogleInputMethodService.onStartInput():1917 onStartInput(EditorInfo{inputType=0x0(NULL) imeOptions=0x0 privateImeOptions=null actionName=UNSPECIFIED actionLabel=null actionId=0 initialSelStart=-1 initialSelEnd=-1 initialCapsMode=0x0 hintText=null label=null packageName=com.example.batterymanager_utility fieldId=-1 fieldName=null extras=null hintLocales=[]}, false)
06-11 19:49:23.094 18762 18762 I GoogleInputMethodService: GoogleInputMethodService.shouldHideHeaderOnInitialState():1998 ShouldHideHeaderOnInitialState = false
06-11 19:49:23.095 18762 18762 I GoogleInputMethodService: GoogleInputMethodService.updateDeviceLockedStatus():2137 repeatCheckTimes = 1, locked = false
06-11 19:49:23.120   753   764 I ActivityManager: Start proc 5350:x.intervalapp.cpufactorialtest/u0a196 for activity x.intervalapp.cpufactorialtest/.MainActivity
06-11 19:49:23.121  5350  5350 I zygote64: Late-enabling -Xcheck:jni
06-11 19:49:23.424  5350  5361 I zygote64: Background concurrent copying GC freed 2514(1368KB) AllocSpace objects, 0(0B) LOS objects, 61% free, 950KB/2MB, paused 6.926ms total 16.441ms
06-11 19:49:24.087   753 27542 I OpenGLRenderer: Initialized EGL, version 1.4
06-11 19:49:24.087   753 27542 D OpenGLRenderer: Swap behavior 2
06-11 19:49:24.192   753   762 I zygote64: NativeAlloc concurrent copying GC freed 64567(3MB) AllocSpace objects, 41(1620KB) LOS objects, 42% free, 18MB/31MB, paused 108us total 104.621ms
06-11 19:49:24.449  5319  5319 I BatteryMgr:DataCollectionService: onStartCommand: begin
06-11 19:49:24.450  5319  5319 I BatteryMgr:DataCollectionService: onStartCommand: sampleRate => 1000
06-11 19:49:24.450  5319  5319 I BatteryMgr:DataCollectionService: onStartCommand: rawFields => Timestamp,BATTERY_PROPERTY_CURRENT_NOW,EXTRA_VOLTAGE
06-11 19:49:24.452  5319  5319 I BatteryMgr:DataCollectionService: onStartCommand: notification done
06-11 19:49:24.455  5319  5319 I BatteryMgr:DataCollectionService: started foreground
06-11 19:49:24.456   753   779 E NotificationService: Suppressing notification from package by user request.
06-11 19:49:24.469  5319  5390 I BatteryMgr:DataCollectionService: collectData: begin
06-11 19:49:24.473  5319  5390 I BatteryMgr:DataCollectionService: stats => 1686527364473,-91399,4141
06-11 19:49:25.489  5319  5390 I BatteryMgr:DataCollectionService: stats => 1686527365489,-91399,4141
06-11 19:49:26.505  5319  5390 I BatteryMgr:DataCollectionService: stats => 1686527366504,-91399,4141
06-11 19:49:27.514  5319  5390 I BatteryMgr:DataCollectionService: stats => 1686527367514,-91399,4141
06-11 19:49:28.230  5319  5403 D ProfileInstaller: Installing profile for com.example.batterymanager_utility
06-11 19:49:28.528  5319  5390 I BatteryMgr:DataCollectionService: stats => 1686527368528,-91399,4141
06-11 19:49:29.543  5319  5390 I BatteryMgr:DataCollectionService: stats => 1686527369542,-91399,4141
06-11 19:49:30.560  5319  5390 I BatteryMgr:DataCollectionService: stats => 1686527370559,-91399,4141
06-11 19:49:31.126   753   782 I WifiService: requestActivityInfo uid=1000
06-11 19:49:31.126   753   782 I WifiService: reportActivityInfo uid=1000
06-11 19:49:31.126   753   782 I WifiService: getSupportedFeatures uid=1000
06-11 19:49:31.165   753   782 E BatteryExternalStatsWorker: no controller energy info supplied for bluetooth
06-11 19:49:31.575  5319  5390 I BatteryMgr:DataCollectionService: stats => 1686527371575,-91399,4141
06-11 19:49:32.341   753   779 W ActivityManager: Launch timeout has expired, giving up wake lock!
06-11 19:49:32.595  5319  5390 I BatteryMgr:DataCollectionService: stats => 1686527372595,-91399,4141
06-11 19:49:33.605  5319  5390 I BatteryMgr:DataCollectionService: stats => 1686527373605,-91399,4141
06-11 19:49:34.620  5319  5390 I BatteryMgr:DataCollectionService: stats => 1686527374619,-91399,4141
06-11 19:49:35.635  5319  5390 I BatteryMgr:DataCollectionService: stats => 1686527375635,-91399,4141
06-11 19:49:36.651  5319  5390 I BatteryMgr:DataCollectionService: stats => 1686527376651,-1066125,4141
06-11 19:49:37.666  5319  5390 I BatteryMgr:DataCollectionService: stats => 1686527377666,-1066125,4141
06-11 19:49:38.682  5319  5390 I BatteryMgr:DataCollectionService: stats => 1686527378681,-1066125,4141
06-11 19:49:39.698  5319  5390 I BatteryMgr:DataCollectionService: stats => 1686527379698,-1066125,4141
06-11 19:49:40.718  5319  5390 I BatteryMgr:DataCollectionService: stats => 1686527380717,-1066125,4141
06-11 19:49:41.732  5319  5390 I BatteryMgr:DataCollectionService: stats => 1686527381732,-1066125,4141
06-11 19:49:42.748  5319  5390 I BatteryMgr:DataCollectionService: stats => 1686527382747,-1066125,4141
06-11 19:49:43.758  5319  5390 I BatteryMgr:DataCollectionService: stats => 1686527383758,-1066125,4141
06-11 19:49:44.768  5319  5390 I BatteryMgr:DataCollectionService: stats => 1686527384767,-1066125,4141
06-11 19:49:45.777  5319  5390 I BatteryMgr:DataCollectionService: stats => 1686527385777,-1066125,4141
06-11 19:49:46.785  5319  5390 I BatteryMgr:DataCollectionService: stats => 1686527386785,-1066125,4141
06-11 19:49:47.793  5319  5390 I BatteryMgr:DataCollectionService: stats => 1686527387793,-1066125,4141
06-11 19:49:48.801  5319  5390 I BatteryMgr:DataCollectionService: stats => 1686527388801,-1066125,4141
06-11 19:49:48.844   753   753 I ActivityManager: Start proc 5411:com.google.android.gm/u0a92 for service com.google.android.gm/com.google.android.libraries.internal.growth.growthkit.internal.jobs.impl.GrowthKitJobService
06-11 19:49:49.072  5411  5411 W ResourceType: ResTable_typeSpec entry count inconsistent: given 115, previously 119
06-11 19:49:49.072  5411  5411 W ResourceType: ResTable_typeSpec entry count inconsistent: given 4043, previously 4074
06-11 19:49:49.072  5411  5411 W ResourceType: ResTable_typeSpec entry count inconsistent: given 5038, previously 5084
06-11 19:49:49.073  5411  5411 W ResourceType: ResTable_typeSpec entry count inconsistent: given 3705, previously 3722
06-11 19:49:49.079  5411  5411 W ResourceType: ResTable_typeSpec entry count inconsistent: given 3723, previously 3722
06-11 19:49:49.080  5411  5411 W ResourceType: ResTable_typeSpec entry count inconsistent: given 495, previously 3647
06-11 19:49:49.372  5411  5411 I zygote64: Rejecting re-init on previously-failed class java.lang.Class<jye>: java.lang.NoClassDefFoundError: Failed resolution of: Landroid/graphics/ImageDecoder$OnHeaderDecodedListener;
06-11 19:49:49.373  5411  5411 I zygote64:   at boolean com.android.mail.providers.GmailAccountCacheProvider.onCreate() (PG:9)
06-11 19:49:49.373  5411  5411 I zygote64:   at void android.content.ContentProvider.attachInfo(android.content.Context, android.content.pm.ProviderInfo, boolean) (ContentProvider.java:1919)
06-11 19:49:49.373  5411  5411 I zygote64:   at void android.content.ContentProvider.attachInfo(android.content.Context, android.content.pm.ProviderInfo) (ContentProvider.java:1894)
06-11 19:49:49.373  5411  5411 I zygote64:   at android.app.ContentProviderHolder android.app.ActivityThread.installProvider(android.content.Context, android.app.ContentProviderHolder, android.content.pm.ProviderInfo, boolean, boolean, boolean) (ActivityThread.java:6239)
06-11 19:49:49.373  5411  5411 I zygote64:   at void android.app.ActivityThread.installContentProviders(android.content.Context, java.util.List) (ActivityThread.java:5805)
06-11 19:49:49.373  5411  5411 I zygote64:   at void android.app.ActivityThread.handleBindApplication(android.app.ActivityThread$AppBindData) (ActivityThread.java:5722)
06-11 19:49:49.373  5411  5411 I zygote64:   at void android.app.ActivityThread.-wrap1(android.app.ActivityThread, android.app.ActivityThread$AppBindData) (ActivityThread.java:-1)
06-11 19:49:49.373  5411  5411 I zygote64:   at void android.app.ActivityThread$H.handleMessage(android.os.Message) (ActivityThread.java:1656)
06-11 19:49:49.373  5411  5411 I zygote64:   at void android.os.Handler.dispatchMessage(android.os.Message) (Handler.java:106)
06-11 19:49:49.373  5411  5411 I zygote64:   at void android.os.Looper.loop() (Looper.java:164)
06-11 19:49:49.373  5411  5411 I zygote64:   at void android.app.ActivityThread.main(java.lang.String[]) (ActivityThread.java:6494)
06-11 19:49:49.373  5411  5411 I zygote64:   at java.lang.Object java.lang.reflect.Method.invoke(java.lang.Object, java.lang.Object[]) (Method.java:-2)
06-11 19:49:49.373  5411  5411 I zygote64:   at void com.android.internal.os.RuntimeInit$MethodAndArgsCaller.run() (RuntimeInit.java:438)
06-11 19:49:49.373  5411  5411 I zygote64:   at void com.android.internal.os.ZygoteInit.main(java.lang.String[]) (ZygoteInit.java:807)
06-11 19:49:49.373  5411  5411 I zygote64: Caused by: java.lang.ClassNotFoundException: Didn't find class "android.graphics.ImageDecoder$OnHeaderDecodedListener" on path: DexPathList[[zip file "/data/app/com.google.android.gm-Cxskg8b4ZGs9_HQQFdtSEg==/base.apk", zip file "/data/app/com.google.android.gm-Cxskg8b4ZGs9_HQQFdtSEg==/split_config.arm64_v8a.apk", zip file "/data/app/com.google.android.gm-Cxskg8b4ZGs9_HQQFdtSEg==/split_config.en.apk", zip file "/data/app/com.google.android.gm-Cxskg8b4ZGs9_HQQFdtSEg==/split_config.xxhdpi.apk"],nativeLibraryDirectories=[/data/app/com.google.android.gm-Cxskg8b4ZGs9_HQQFdtSEg==/lib/arm64, /data/app/com.google.android.gm-Cxskg8b4ZGs9_HQQFdtSEg==/base.apk!/lib/arm64-v8a, /data/app/com.google.android.gm-Cxskg8b4ZGs9_HQQFdtSEg==/split_config.arm64_v8a.apk!/lib/arm64-v8a, /data/app/com.google.android.gm-Cxskg8b4ZGs9_HQQFdtSEg==/split_config.en.apk!/lib/arm64-v8a, /data/app/com.google.android.gm-Cxskg8b4ZGs9_HQQFdtSEg==/split_config.xxhdpi.apk!/lib/arm64-v8a, /system/lib64, /vendor/lib64]]
06-11 19:49:49.373  5411  5411 I zygote64:   at java.lang.Class dalvik.system.BaseDexClassLoader.findClass(java.lang.String) (BaseDexClassLoader.java:125)
06-11 19:49:49.373  5411  5411 I zygote64:   at java.lang.Class java.lang.ClassLoader.loadClass(java.lang.String, boolean) (ClassLoader.java:379)
06-11 19:49:49.373  5411  5411 I zygote64:   at java.lang.Class java.lang.ClassLoader.loadClass(java.lang.String) (ClassLoader.java:312)
06-11 19:49:49.373  5411  5411 I zygote64:   at boolean com.android.mail.providers.GmailAccountCacheProvider.onCreate() (PG:9)
06-11 19:49:49.373  5411  5411 I zygote64:   at void android.content.ContentProvider.attachInfo(android.content.Context, android.content.pm.ProviderInfo, boolean) (ContentProvider.java:1919)
06-11 19:49:49.373  5411  5411 I zygote64:   at void android.content.ContentProvider.attachInfo(android.content.Context, android.content.pm.ProviderInfo) (ContentProvider.java:1894)
06-11 19:49:49.373  5411  5411 I zygote64:   at android.app.ContentProviderHolder android.app.ActivityThread.installProvider(android.content.Context, android.app.ContentProviderHolder, android.content.pm.ProviderInfo, boolean, boolean, boolean) (ActivityThread.java:6239)
06-11 19:49:49.373  5411  5411 I zygote64:   at void android.app.ActivityThread.installContentProviders(android.content.Context, java.util.List) (ActivityThread.java:5805)
06-11 19:49:49.373  5411  5411 I zygote64:   at void android.app.ActivityThread.handleBindApplication(android.app.ActivityThread$AppBindData) (ActivityThread.java:5722)
06-11 19:49:49.373  5411  5411 I zygote64:   at void android.app.ActivityThread.-wrap1(android.app.ActivityThread, android.app.ActivityThread$AppBindData) (ActivityThread.java:-1)
06-11 19:49:49.373  5411  5411 I zygote64:   at void android.app.ActivityThread$H.handleMessage(android.os.Message) (ActivityThread.java:1656)
06-11 19:49:49.373  5411  5411 I zygote64:   at void android.os.Handler.dispatchMessage(android.os.Message) (Handler.java:106)
06-11 19:49:49.373  5411  5411 I zygote64:   at void android.os.Looper.loop() (Looper.java:164)
06-11 19:49:49.373  5411  5411 I zygote64:   at void android.app.ActivityThread.main(java.lang.String[]) (ActivityThread.java:6494)
06-11 19:49:49.373  5411  5411 I zygote64:   at java.lang.Object java.lang.reflect.Method.invoke(java.lang.Object, java.lang.Object[]) (Method.java:-2)
06-11 19:49:49.373  5411  5411 I zygote64:   at void com.android.internal.os.RuntimeInit$MethodAndArgsCaller.run() (RuntimeInit.java:438)
06-11 19:49:49.373  5411  5411 I zygote64:   at void com.android.internal.os.ZygoteInit.main(java.lang.String[]) (ZygoteInit.java:807)
06-11 19:49:49.373  5411  5411 I zygote64: 
06-11 19:49:49.374  5411  5411 I zygote64: Rejecting re-init on previously-failed class java.lang.Class<jye>: java.lang.NoClassDefFoundError: Failed resolution of: Landroid/graphics/ImageDecoder$OnHeaderDecodedListener;
06-11 19:49:49.374  5411  5411 I zygote64:   at boolean com.android.mail.providers.GmailAccountCacheProvider.onCreate() (PG:9)
06-11 19:49:49.374  5411  5411 I zygote64:   at void android.content.ContentProvider.attachInfo(android.content.Context, android.content.pm.ProviderInfo, boolean) (ContentProvider.java:1919)
06-11 19:49:49.374  5411  5411 I zygote64:   at void android.content.ContentProvider.attachInfo(android.content.Context, android.content.pm.ProviderInfo) (ContentProvider.java:1894)
06-11 19:49:49.374  5411  5411 I zygote64:   at android.app.ContentProviderHolder android.app.ActivityThread.installProvider(android.content.Context, android.app.ContentProviderHolder, android.content.pm.ProviderInfo, boolean, boolean, boolean) (ActivityThread.java:6239)
06-11 19:49:49.374  5411  5411 I zygote64:   at void android.app.ActivityThread.installContentProviders(android.content.Context, java.util.List) (ActivityThread.java:5805)
06-11 19:49:49.374  5411  5411 I zygote64:   at void android.app.ActivityThread.handleBindApplication(android.app.ActivityThread$AppBindData) (ActivityThread.java:5722)
06-11 19:49:49.374  5411  5411 I zygote64:   at void android.app.ActivityThread.-wrap1(android.app.ActivityThread, android.app.ActivityThread$AppBindData) (ActivityThread.java:-1)
06-11 19:49:49.374  5411  5411 I zygote64:   at void android.app.ActivityThread$H.handleMessage(android.os.Message) (ActivityThread.java:1656)
06-11 19:49:49.374  5411  5411 I zygote64:   at void android.os.Handler.dispatchMessage(android.os.Message) (Handler.java:106)
06-11 19:49:49.374  5411  5411 I zygote64:   at void android.os.Looper.loop() (Looper.java:164)
06-11 19:49:49.374  5411  5411 I zygote64:   at void android.app.ActivityThread.main(java.lang.String[]) (ActivityThread.java:6494)
06-11 19:49:49.374  5411  5411 I zygote64:   at java.lang.Object java.lang.reflect.Method.invoke(java.lang.Object, java.lang.Object[]) (Method.java:-2)
06-11 19:49:49.374  5411  5411 I zygote64:   at void com.android.internal.os.RuntimeInit$MethodAndArgsCaller.run() (RuntimeInit.java:438)
06-11 19:49:49.374  5411  5411 I zygote64:   at void com.android.internal.os.ZygoteInit.main(java.lang.String[]) (ZygoteInit.java:807)
06-11 19:49:49.374  5411  5411 I zygote64: Caused by: java.lang.ClassNotFoundException: Didn't find class "android.graphics.ImageDecoder$OnHeaderDecodedListener" on path: DexPathList[[zip file "/data/app/com.google.android.gm-Cxskg8b4ZGs9_HQQFdtSEg==/base.apk", zip file "/data/app/com.google.android.gm-Cxskg8b4ZGs9_HQQFdtSEg==/split_config.arm64_v8a.apk", zip file "/data/app/com.google.android.gm-Cxskg8b4ZGs9_HQQFdtSEg==/split_config.en.apk", zip file "/data/app/com.google.android.gm-Cxskg8b4ZGs9_HQQFdtSEg==/split_config.xxhdpi.apk"],nativeLibraryDirectories=[/data/app/com.google.android.gm-Cxskg8b4ZGs9_HQQFdtSEg==/lib/arm64, /data/app/com.google.android.gm-Cxskg8b4ZGs9_HQQFdtSEg==/base.apk!/lib/arm64-v8a, /data/app/com.google.android.gm-Cxskg8b4ZGs9_HQQFdtSEg==/split_config.arm64_v8a.apk!/lib/arm64-v8a, /data/app/com.google.android.gm-Cxskg8b4ZGs9_HQQFdtSEg==/split_config.en.apk!/lib/arm64-v8a, /data/app/com.google.android.gm-Cxskg8b4ZGs9_HQQFdtSEg==/split_config.xxhdpi.apk!/lib/arm64-v8a, /system/lib64, /vendor/lib64]]
06-11 19:49:49.374  5411  5411 I zygote64:   at java.lang.Class dalvik.system.BaseDexClassLoader.findClass(java.lang.String) (BaseDexClassLoader.java:125)
06-11 19:49:49.374  5411  5411 I zygote64:   at java.lang.Class java.lang.ClassLoader.loadClass(java.lang.String, boolean) (ClassLoader.java:379)
06-11 19:49:49.374  5411  5411 I zygote64:   at java.lang.Class java.lang.ClassLoader.loadClass(java.lang.String) (ClassLoader.java:312)
06-11 19:49:49.374  5411  5411 I zygote64:   at boolean com.android.mail.providers.GmailAccountCacheProvider.onCreate() (PG:9)
06-11 19:49:49.374  5411  5411 I zygote64:   at void android.content.ContentProvider.attachInfo(android.content.Context, android.content.pm.ProviderInfo, boolean) (ContentProvider.java:1919)
06-11 19:49:49.374  5411  5411 I zygote64:   at void android.content.ContentProvider.attachInfo(android.content.Context, android.content.pm.ProviderInfo) (ContentProvider.java:1894)
06-11 19:49:49.374  5411  5411 I zygote64:   at android.app.ContentProviderHolder android.app.ActivityThread.installProvider(android.content.Context, android.app.ContentProviderHolder, android.content.pm.ProviderInfo, boolean, boolean, boolean) (ActivityThread.java:6239)
06-11 19:49:49.374  5411  5411 I zygote64:   at void android.app.ActivityThread.installContentProviders(android.content.Context, java.util.List) (ActivityThread.java:5805)
06-11 19:49:49.374  5411  5411 I zygote64:   at void android.app.ActivityThread.handleBindApplication(android.app.ActivityThread$AppBindData) (ActivityThread.java:5722)
06-11 19:49:49.374  5411  5411 I zygote64:   at void android.app.ActivityThread.-wrap1(android.app.ActivityThread, android.app.ActivityThread$AppBindData) (ActivityThread.java:-1)
06-11 19:49:49.374  5411  5411 I zygote64:   at void android.app.ActivityThread$H.handleMessage(android.os.Message) (ActivityThread.java:1656)
06-11 19:49:49.374  5411  5411 I zygote64:   at void android.os.Handler.dispatchMessage(android.os.Message) (Handler.java:106)
06-11 19:49:49.374  5411  5411 I zygote64:   at void android.os.Looper.loop() (Looper.java:164)
06-11 19:49:49.374  5411  5411 I zygote64:   at void android.app.ActivityThread.main(java.lang.String[]) (ActivityThread.java:6494)
06-11 19:49:49.374  5411  5411 I zygote64:   at java.lang.Object java.lang.reflect.Method.invoke(java.lang.Object, java.lang.Object[]) (Method.java:-2)
06-11 19:49:49.374  5411  5411 I zygote64:   at void com.android.internal.os.RuntimeInit$MethodAndArgsCaller.run() (RuntimeInit.java:438)
06-11 19:49:49.374  5411  5411 I zygote64:   at void com.android.internal.os.ZygoteInit.main(java.lang.String[]) (ZygoteInit.java:807)
06-11 19:49:49.374  5411  5411 I zygote64: 
06-11 19:49:49.374  5411  5411 I zygote64: Rejecting re-init on previously-failed class java.lang.Class<jye>: java.lang.NoClassDefFoundError: Failed resolution of: Landroid/graphics/ImageDecoder$OnHeaderDecodedListener;
06-11 19:49:49.374  5411  5411 I zygote64:   at boolean com.android.mail.providers.GmailAccountCacheProvider.onCreate() (PG:9)
06-11 19:49:49.374  5411  5411 I zygote64:   at void android.content.ContentProvider.attachInfo(android.content.Context, android.content.pm.ProviderInfo, boolean) (ContentProvider.java:1919)
06-11 19:49:49.374  5411  5411 I zygote64:   at void android.content.ContentProvider.attachInfo(android.content.Context, android.content.pm.ProviderInfo) (ContentProvider.java:1894)
06-11 19:49:49.374  5411  5411 I zygote64:   at android.app.ContentProviderHolder android.app.ActivityThread.installProvider(android.content.Context, android.app.ContentProviderHolder, android.content.pm.ProviderInfo, boolean, boolean, boolean) (ActivityThread.java:6239)
06-11 19:49:49.374  5411  5411 I zygote64:   at void android.app.ActivityThread.installContentProviders(android.content.Context, java.util.List) (ActivityThread.java:5805)
06-11 19:49:49.374  5411  5411 I zygote64:   at void android.app.ActivityThread.handleBindApplication(android.app.ActivityThread$AppBindData) (ActivityThread.java:5722)
06-11 19:49:49.374  5411  5411 I zygote64:   at void android.app.ActivityThread.-wrap1(android.app.ActivityThread, android.app.ActivityThread$AppBindData) (ActivityThread.java:-1)
06-11 19:49:49.374  5411  5411 I zygote64:   at void android.app.ActivityThread$H.handleMessage(android.os.Message) (ActivityThread.java:1656)
06-11 19:49:49.374  5411  5411 I zygote64:   at void android.os.Handler.dispatchMessage(android.os.Message) (Handler.java:106)
06-11 19:49:49.374  5411  5411 I zygote64:   at void android.os.Looper.loop() (Looper.java:164)
06-11 19:49:49.374  5411  5411 I zygote64:   at void android.app.ActivityThread.main(java.lang.String[]) (ActivityThread.java:6494)
06-11 19:49:49.374  5411  5411 I zygote64:   at java.lang.Object java.lang.reflect.Method.invoke(java.lang.Object, java.lang.Object[]) (Method.java:-2)
06-11 19:49:49.374  5411  5411 I zygote64:   at void com.android.internal.os.RuntimeInit$MethodAndArgsCaller.run() (RuntimeInit.java:438)
06-11 19:49:49.374  5411  5411 I zygote64:   at void com.android.internal.os.ZygoteInit.main(java.lang.String[]) (ZygoteInit.java:807)
06-11 19:49:49.374  5411  5411 I zygote64: Caused by: java.lang.ClassNotFoundException: Didn't find class "android.graphics.ImageDecoder$OnHeaderDecodedListener" on path: DexPathList[[zip file "/data/app/com.google.android.gm-Cxskg8b4ZGs9_HQQFdtSEg==/base.apk", zip file "/data/app/com.google.android.gm-Cxskg8b4ZGs9_HQQFdtSEg==/split_config.arm64_v8a.apk", zip file "/data/app/com.google.android.gm-Cxskg8b4ZGs9_HQQFdtSEg==/split_config.en.apk", zip file "/data/app/com.google.android.gm-Cxskg8b4ZGs9_HQQFdtSEg==/split_config.xxhdpi.apk"],nativeLibraryDirectories=[/data/app/com.google.android.gm-Cxskg8b4ZGs9_HQQFdtSEg==/lib/arm64, /data/app/com.google.android.gm-Cxskg8b4ZGs9_HQQFdtSEg==/base.apk!/lib/arm64-v8a, /data/app/com.google.android.gm-Cxskg8b4ZGs9_HQQFdtSEg==/split_config.arm64_v8a.apk!/lib/arm64-v8a, /data/app/com.google.android.gm-Cxskg8b4ZGs9_HQQFdtSEg==/split_config.en.apk!/lib/arm64-v8a, /data/app/com.google.android.gm-Cxskg8b4ZGs9_HQQFdtSEg==/split_config.xxhdpi.apk!/lib/arm64-v8a, /system/lib64, /vendor/lib64]]
06-11 19:49:49.374  5411  5411 I zygote64:   at java.lang.Class dalvik.system.BaseDexClassLoader.findClass(java.lang.String) (BaseDexClassLoader.java:125)
06-11 19:49:49.374  5411  5411 I zygote64:   at java.lang.Class java.lang.ClassLoader.loadClass(java.lang.String, boolean) (ClassLoader.java:379)
06-11 19:49:49.374  5411  5411 I zygote64:   at java.lang.Class java.lang.ClassLoader.loadClass(java.lang.String) (ClassLoader.java:312)
06-11 19:49:49.374  5411  5411 I zygote64:   at boolean com.android.mail.providers.GmailAccountCacheProvider.onCreate() (PG:9)
06-11 19:49:49.374  5411  5411 I zygote64:   at void android.content.ContentProvider.attachInfo(android.content.Context, android.content.pm.ProviderInfo, boolean) (ContentProvider.java:1919)
06-11 19:49:49.374  5411  5411 I zygote64:   at void android.content.ContentProvider.attachInfo(android.content.Context, android.content.pm.ProviderInfo) (ContentProvider.java:1894)
06-11 19:49:49.375  5411  5411 I zygote64:   at android.app.ContentProviderHolder android.app.ActivityThread.installProvider(android.content.Context, android.app.ContentProviderHolder, android.content.pm.ProviderInfo, boolean, boolean, boolean) (ActivityThread.java:6239)
06-11 19:49:49.375  5411  5411 I zygote64:   at void android.app.ActivityThread.installContentProviders(android.content.Context, java.util.List) (ActivityThread.java:5805)
06-11 19:49:49.375  5411  5411 I zygote64:   at void android.app.ActivityThread.handleBindApplication(android.app.ActivityThread$AppBindData) (ActivityThread.java:5722)
06-11 19:49:49.375  5411  5411 I zygote64:   at void android.app.ActivityThread.-wrap1(android.app.ActivityThread, android.app.ActivityThread$AppBindData) (ActivityThread.java:-1)
06-11 19:49:49.375  5411  5411 I zygote64:   at void android.app.ActivityThread$H.handleMessage(android.os.Message) (ActivityThread.java:1656)
06-11 19:49:49.375  5411  5411 I zygote64:   at void android.os.Handler.dispatchMessage(android.os.Message) (Handler.java:106)
06-11 19:49:49.375  5411  5411 I zygote64:   at void android.os.Looper.loop() (Looper.java:164)
06-11 19:49:49.375  5411  5411 I zygote64:   at void android.app.ActivityThread.main(java.lang.String[]) (ActivityThread.java:6494)
06-11 19:49:49.375  5411  5411 I zygote64:   at java.lang.Object java.lang.reflect.Method.invoke(java.lang.Object, java.lang.Object[]) (Method.java:-2)
06-11 19:49:49.375  5411  5411 I zygote64:   at void com.android.internal.os.RuntimeInit$MethodAndArgsCaller.run() (RuntimeInit.java:438)
06-11 19:49:49.375  5411  5411 I zygote64:   at void com.android.internal.os.ZygoteInit.main(java.lang.String[]) (ZygoteInit.java:807)
06-11 19:49:49.375  5411  5411 I zygote64: 
06-11 19:49:49.419  5411  5411 D ActivityThread: Loading provider com.google.android.gm.sapi: com.google.android.gm.sapi.SapiUiProvider
06-11 19:49:49.777 13079 13079 D BoundBrokerSvc: onBind: Intent { act=com.google.android.gms.phenotype.service.START pkg=com.google.android.gms }
06-11 19:49:49.777 13079 13079 D BoundBrokerSvc: Loading bound service for intent: Intent { act=com.google.android.gms.phenotype.service.START pkg=com.google.android.gms }
06-11 19:49:49.806  5319  5390 I BatteryMgr:DataCollectionService: stats => 1686527389806,-1066125,4141
06-11 19:49:50.144 13079 13079 D BoundBrokerSvc: onBind: Intent { act=com.google.android.gms.pseudonymous.service.START pkg=com.google.android.gms }
06-11 19:49:50.144 13079 13079 D BoundBrokerSvc: Loading bound service for intent: Intent { act=com.google.android.gms.pseudonymous.service.START pkg=com.google.android.gms }
06-11 19:49:50.204  5411  5446 I org.webrtc.Logging: CrashStartupListener: Checking conference crashes for 2 account(s).
06-11 19:49:50.206  5411  5455 W zygote64: Unsupported class loader
06-11 19:49:50.214  5411  5455 W zygote64: Skipping duplicate class check due to unsupported classloader
06-11 19:49:50.269  5411  5455 W ResourceType: ResTable_typeSpec entry count inconsistent: given 86, previously 88
06-11 19:49:50.269  5411  5455 W ResourceType: ResTable_typeSpec entry count inconsistent: given 144, previously 146
06-11 19:49:50.270  5411  5455 W ResourceType: ResTable_typeSpec entry count inconsistent: given 3401, previously 3404
06-11 19:49:50.270  5411  5455 W ResourceType: ResTable_typeSpec entry count inconsistent: given 480, previously 4520
06-11 19:49:50.361  5411  5455 W zygote64: Unsupported class loader
06-11 19:49:50.405  5411  5455 W zygote64: Skipping duplicate class check due to unsupported classloader
06-11 19:49:50.533  5411  5465 D StrictMode: StrictMode policy violation: android.os.StrictMode$StrictModeDiskReadViolation: policy=65599 violation=2
06-11 19:49:50.533  5411  5465 D StrictMode: 	at android.os.StrictMode$AndroidBlockGuardPolicy.onReadFromDisk(StrictMode.java:1440)
06-11 19:49:50.533  5411  5465 D StrictMode: 	at java.io.UnixFileSystem.checkAccess(UnixFileSystem.java:251)
06-11 19:49:50.533  5411  5465 D StrictMode: 	at java.io.File.exists(File.java:807)
06-11 19:49:50.533  5411  5465 D StrictMode: 	at android.app.ContextImpl.ensurePrivateDirExists(ContextImpl.java:572)
06-11 19:49:50.533  5411  5465 D StrictMode: 	at android.app.ContextImpl.ensurePrivateDirExists(ContextImpl.java:563)
06-11 19:49:50.533  5411  5465 D StrictMode: 	at android.app.ContextImpl.getPreferencesDir(ContextImpl.java:519)
06-11 19:49:50.533  5411  5465 D StrictMode: 	at android.app.ContextImpl.getSharedPreferencesPath(ContextImpl.java:714)
06-11 19:49:50.533  5411  5465 D StrictMode: 	at android.app.ContextImpl.getSharedPreferences(ContextImpl.java:368)
06-11 19:49:50.533  5411  5465 D StrictMode: 	at android.content.ContextWrapper.getSharedPreferences(ContextWrapper.java:167)
06-11 19:49:50.533  5411  5465 D StrictMode: 	at irn.<init>(PG:2)
06-11 19:49:50.533  5411  5465 D StrictMode: 	at hke.<init>(Unknown Source:12)
06-11 19:49:50.533  5411  5465 D StrictMode: 	at hke.m(PG:2)
06-11 19:49:50.533  5411  5465 D StrictMode: 	at ovi.a(PG:4)
06-11 19:49:50.533  5411  5465 D StrictMode: 	at pgv.b(PG:1)
06-11 19:49:50.533  5411  5465 D StrictMode: 	at aaud.g(PG:3)
06-11 19:49:50.533  5411  5465 D StrictMode: 	at aaud.c(PG:1)
06-11 19:49:50.533  5411  5465 D StrictMode: 	at vzl.v(Unknown Source:4)
06-11 19:49:50.533  5411  5465 D StrictMode: 	at tgn.a(PG:13)
06-11 19:49:50.533  5411  5465 D StrictMode: 	at avsj.a(PG:3)
06-11 19:49:50.533  5411  5465 D StrictMode: 	at avrv.c(PG:2)
06-11 19:49:50.533  5411  5465 D StrictMode: 	at avrx.run(PG:9)
06-11 19:49:50.533  5411  5465 D StrictMode: 	at yzx.run(PG:1)
06-11 19:49:50.533  5411  5465 D StrictMode: 	at java.util.concurrent.ThreadPoolExecutor.runWorker(ThreadPoolExecutor.java:1162)
06-11 19:49:50.533  5411  5465 D StrictMode: 	at java.util.concurrent.ThreadPoolExecutor$Worker.run(ThreadPoolExecutor.java:636)
06-11 19:49:50.533  5411  5465 D StrictMode: 	at xax.run(PG:14)
06-11 19:49:50.533  5411  5465 D StrictMode: 	at java.lang.Thread.run(Thread.java:764)
06-11 19:49:50.533  5411  5465 D StrictMode: 	at zaa.run(PG:6)
06-11 19:49:50.539  5411  5465 D StrictMode: StrictMode policy violation: android.os.StrictMode$StrictModeDiskReadViolation: policy=65599 violation=2
06-11 19:49:50.539  5411  5465 D StrictMode: 	at android.os.StrictMode$AndroidBlockGuardPolicy.onReadFromDisk(StrictMode.java:1440)
06-11 19:49:50.539  5411  5465 D StrictMode: 	at android.app.SharedPreferencesImpl.awaitLoadedLocked(SharedPreferencesImpl.java:234)
06-11 19:49:50.539  5411  5465 D StrictMode: 	at android.app.SharedPreferencesImpl.edit(SharedPreferencesImpl.java:315)
06-11 19:49:50.539  5411  5465 D StrictMode: 	at irn.<init>(PG:2)
06-11 19:49:50.539  5411  5465 D StrictMode: 	at hke.<init>(Unknown Source:12)
06-11 19:49:50.539  5411  5465 D StrictMode: 	at hke.m(PG:2)
06-11 19:49:50.539  5411  5465 D StrictMode: 	at ovi.a(PG:4)
06-11 19:49:50.539  5411  5465 D StrictMode: 	at pgv.b(PG:1)
06-11 19:49:50.539  5411  5465 D StrictMode: 	at aaud.g(PG:3)
06-11 19:49:50.539  5411  5465 D StrictMode: 	at aaud.c(PG:1)
06-11 19:49:50.539  5411  5465 D StrictMode: 	at vzl.v(Unknown Source:4)
06-11 19:49:50.539  5411  5465 D StrictMode: 	at tgn.a(PG:13)
06-11 19:49:50.539  5411  5465 D StrictMode: 	at avsj.a(PG:3)
06-11 19:49:50.539  5411  5465 D StrictMode: 	at avrv.c(PG:2)
06-11 19:49:50.539  5411  5465 D StrictMode: 	at avrx.run(PG:9)
06-11 19:49:50.539  5411  5465 D StrictMode: 	at yzx.run(PG:1)
06-11 19:49:50.539  5411  5465 D StrictMode: 	at java.util.concurrent.ThreadPoolExecutor.runWorker(ThreadPoolExecutor.java:1162)
06-11 19:49:50.539  5411  5465 D StrictMode: 	at java.util.concurrent.ThreadPoolExecutor$Worker.run(ThreadPoolExecutor.java:636)
06-11 19:49:50.539  5411  5465 D StrictMode: 	at xax.run(PG:14)
06-11 19:49:50.539  5411  5465 D StrictMode: 	at java.lang.Thread.run(Thread.java:764)
06-11 19:49:50.539  5411  5465 D StrictMode: 	at zaa.run(PG:6)
06-11 19:49:50.555  5411  5464 D StrictMode: StrictMode policy violation: android.os.StrictMode$StrictModeDiskReadViolation: policy=65599 violation=2
06-11 19:49:50.555  5411  5464 D StrictMode: 	at android.os.StrictMode$AndroidBlockGuardPolicy.onReadFromDisk(StrictMode.java:1440)
06-11 19:49:50.555  5411  5464 D StrictMode: 	at java.io.UnixFileSystem.checkAccess(UnixFileSystem.java:251)
06-11 19:49:50.555  5411  5464 D StrictMode: 	at java.io.File.exists(File.java:807)
06-11 19:49:50.555  5411  5464 D StrictMode: 	at android.app.ContextImpl.ensurePrivateDirExists(ContextImpl.java:572)
06-11 19:49:50.555  5411  5464 D StrictMode: 	at android.app.ContextImpl.ensurePrivateDirExists(ContextImpl.java:563)
06-11 19:49:50.555  5411  5464 D StrictMode: 	at android.app.ContextImpl.getPreferencesDir(ContextImpl.java:519)
06-11 19:49:50.555  5411  5464 D StrictMode: 	at android.app.ContextImpl.getSharedPreferencesPath(ContextImpl.java:714)
06-11 19:49:50.555  5411  5464 D StrictMode: 	at android.app.ContextImpl.getSharedPreferences(ContextImpl.java:368)
06-11 19:49:50.555  5411  5464 D StrictMode: 	at android.content.ContextWrapper.getSharedPreferences(ContextWrapper.java:167)
06-11 19:49:50.555  5411  5464 D StrictMode: 	at irn.<init>(PG:2)
06-11 19:49:50.555  5411  5464 D StrictMode: 	at hke.<init>(Unknown Source:12)
06-11 19:49:50.555  5411  5464 D StrictMode: 	at hke.m(PG:2)
06-11 19:49:50.555  5411  5464 D StrictMode: 	at ovi.a(PG:4)
06-11 19:49:50.555  5411  5464 D StrictMode: 	at pgv.b(PG:1)
06-11 19:49:50.555  5411  5464 D StrictMode: 	at aaud.g(PG:3)
06-11 19:49:50.555  5411  5464 D StrictMode: 	at aaud.c(PG:1)
06-11 19:49:50.555  5411  5464 D StrictMode: 	at vzl.v(Unknown Source:4)
06-11 19:49:50.555  5411  5464 D StrictMode: 	at tgn.a(PG:13)
06-11 19:49:50.555  5411  5464 D StrictMode: 	at avsj.a(PG:3)
06-11 19:49:50.555  5411  5464 D StrictMode: 	at avrv.c(PG:2)
06-11 19:49:50.555  5411  5464 D StrictMode: 	at avrx.run(PG:9)
06-11 19:49:50.555  5411  5464 D StrictMode: 	at yzx.run(PG:1)
06-11 19:49:50.555  5411  5464 D StrictMode: 	at java.util.concurrent.ThreadPoolExecutor.runWorker(ThreadPoolExecutor.java:1162)
06-11 19:49:50.555  5411  5464 D StrictMode: 	at java.util.concurrent.ThreadPoolExecutor$Worker.run(ThreadPoolExecutor.java:636)
06-11 19:49:50.555  5411  5464 D StrictMode: 	at xax.run(PG:14)
06-11 19:49:50.555  5411  5464 D StrictMode: 	at java.lang.Thread.run(Thread.java:764)
06-11 19:49:50.555  5411  5464 D StrictMode: 	at zaa.run(PG:6)
06-11 19:49:50.562  5411  5464 D StrictMode: StrictMode policy violation: android.os.StrictMode$StrictModeDiskReadViolation: policy=65599 violation=2
06-11 19:49:50.562  5411  5464 D StrictMode: 	at android.os.StrictMode$AndroidBlockGuardPolicy.onReadFromDisk(StrictMode.java:1440)
06-11 19:49:50.562  5411  5464 D StrictMode: 	at android.app.SharedPreferencesImpl.awaitLoadedLocked(SharedPreferencesImpl.java:234)
06-11 19:49:50.562  5411  5464 D StrictMode: 	at android.app.SharedPreferencesImpl.edit(SharedPreferencesImpl.java:315)
06-11 19:49:50.562  5411  5464 D StrictMode: 	at irn.<init>(PG:2)
06-11 19:49:50.562  5411  5464 D StrictMode: 	at hke.<init>(Unknown Source:12)
06-11 19:49:50.562  5411  5464 D StrictMode: 	at hke.m(PG:2)
06-11 19:49:50.562  5411  5464 D StrictMode: 	at ovi.a(PG:4)
06-11 19:49:50.562  5411  5464 D StrictMode: 	at pgv.b(PG:1)
06-11 19:49:50.562  5411  5464 D StrictMode: 	at aaud.g(PG:3)
06-11 19:49:50.562  5411  5464 D StrictMode: 	at aaud.c(PG:1)
06-11 19:49:50.562  5411  5464 D StrictMode: 	at vzl.v(Unknown Source:4)
06-11 19:49:50.562  5411  5464 D StrictMode: 	at tgn.a(PG:13)
06-11 19:49:50.562  5411  5464 D StrictMode: 	at avsj.a(PG:3)
06-11 19:49:50.562  5411  5464 D StrictMode: 	at avrv.c(PG:2)
06-11 19:49:50.562  5411  5464 D StrictMode: 	at avrx.run(PG:9)
06-11 19:49:50.562  5411  5464 D StrictMode: 	at yzx.run(PG:1)
06-11 19:49:50.562  5411  5464 D StrictMode: 	at java.util.concurrent.ThreadPoolExecutor.runWorker(ThreadPoolExecutor.java:1162)
06-11 19:49:50.562  5411  5464 D StrictMode: 	at java.util.concurrent.ThreadPoolExecutor$Worker.run(ThreadPoolExecutor.java:636)
06-11 19:49:50.562  5411  5464 D StrictMode: 	at xax.run(PG:14)
06-11 19:49:50.562  5411  5464 D StrictMode: 	at java.lang.Thread.run(Thread.java:764)
06-11 19:49:50.562  5411  5464 D StrictMode: 	at zaa.run(PG:6)
06-11 19:49:50.811  5319  5390 I BatteryMgr:DataCollectionService: stats => 1686527390811,-1066125,4141
06-11 19:49:50.929 14861 22658 I MdiSyncModule: (REDACTED) Receiving API connection from package '%s'...
06-11 19:49:50.933 14861 22658 I MdiSyncModule: API connection successful!
06-11 19:49:50.939 14861 14895 I MdiSyncModule: (REDACTED) Receiving API connection from package '%s'...
06-11 19:49:50.947 14861 14895 I MdiSyncModule: API connection successful!
06-11 19:49:50.976  5411  5445 I zygote64: Rejecting re-init on previously-failed class java.lang.Class<pu>: java.lang.NoClassDefFoundError: Failed resolution of: Landroid/window/OnBackInvokedCallback;
06-11 19:49:50.980  5411  5445 I zygote64:   at few fez.a(android.database.sqlite.SQLiteDatabase) (PG:3)
06-11 19:49:50.980  5411  5445 I zygote64:   at void fez.onConfigure(android.database.sqlite.SQLiteDatabase) (PG:5)
06-11 19:49:50.980  5411  5445 I zygote64:   at android.database.sqlite.SQLiteDatabase android.database.sqlite.SQLiteOpenHelper.getDatabaseLocked(boolean) (SQLiteOpenHelper.java:309)
06-11 19:49:50.980  5411  5445 I zygote64:   at android.database.sqlite.SQLiteDatabase android.database.sqlite.SQLiteOpenHelper.getWritableDatabase() (SQLiteOpenHelper.java:238)
06-11 19:49:50.980  5411  5445 I zygote64:   at android.database.sqlite.SQLiteDatabase fez.c() (PG:1)
06-11 19:49:50.980  5411  5445 I zygote64:   at feo fez.b() (PG:6)
06-11 19:49:50.980  5411  5445 I zygote64:   at feo ffa.a() (PG:-1)
06-11 19:49:50.980  5411  5445 I zygote64:   at boolean fdo.t() (PG:-1)
06-11 19:49:50.980  5411  5445 I zygote64:   at void fdo.O() (PG:-1)
06-11 19:49:50.980  5411  5445 I zygote64:   at void fsp.run() (PG:23)
06-11 19:49:50.980  5411  5445 I zygote64:   at void fsy.run() (PG:9)
06-11 19:49:50.980  5411  5445 I zygote64:   at void yzx.run() (PG:1)
06-11 19:49:50.980  5411  5445 I zygote64:   at void java.util.concurrent.ThreadPoolExecutor.runWorker(java.util.concurrent.ThreadPoolExecutor$Worker) (ThreadPoolExecutor.java:1162)
06-11 19:49:50.981  5411  5445 I zygote64:   at void java.util.concurrent.ThreadPoolExecutor$Worker.run() (ThreadPoolExecutor.java:636)
06-11 19:49:50.981  5411  5445 I zygote64:   at void xax.run() (PG:14)
06-11 19:49:50.981  5411  5445 I zygote64:   at void java.lang.Thread.run() (Thread.java:764)
06-11 19:49:50.981  5411  5445 I zygote64:   at void zaa.run() (PG:6)
06-11 19:49:50.981  5411  5445 I zygote64: Caused by: java.lang.ClassNotFoundException: Didn't find class "android.window.OnBackInvokedCallback" on path: DexPathList[[zip file "/data/app/com.google.android.gm-Cxskg8b4ZGs9_HQQFdtSEg==/base.apk", zip file "/data/app/com.google.android.gm-Cxskg8b4ZGs9_HQQFdtSEg==/split_config.arm64_v8a.apk", zip file "/data/app/com.google.android.gm-Cxskg8b4ZGs9_HQQFdtSEg==/split_config.en.apk", zip file "/data/app/com.google.android.gm-Cxskg8b4ZGs9_HQQFdtSEg==/split_config.xxhdpi.apk"],nativeLibraryDirectories=[/data/app/com.google.android.gm-Cxskg8b4ZGs9_HQQFdtSEg==/lib/arm64, /data/app/com.google.android.gm-Cxskg8b4ZGs9_HQQFdtSEg==/base.apk!/lib/arm64-v8a, /data/app/com.google.android.gm-Cxskg8b4ZGs9_HQQFdtSEg==/split_config.arm64_v8a.apk!/lib/arm64-v8a, /data/app/com.google.android.gm-Cxskg8b4ZGs9_HQQFdtSEg==/split_config.en.apk!/lib/arm64-v8a, /data/app/com.google.android.gm-Cxskg8b4ZGs9_HQQFdtSEg==/split_config.xxhdpi.apk!/lib/arm64-v8a, /system/lib64, /vendor/lib64]]
06-11 19:49:50.981  5411  5445 I zygote64:   at java.lang.Class dalvik.system.BaseDexClassLoader.findClass(java.lang.String) (BaseDexClassLoader.java:125)
06-11 19:49:50.981  5411  5445 I zygote64:   at java.lang.Class java.lang.ClassLoader.loadClass(java.lang.String, boolean) (ClassLoader.java:379)
06-11 19:49:50.981  5411  5445 I zygote64:   at java.lang.Class java.lang.ClassLoader.loadClass(java.lang.String) (ClassLoader.java:312)
06-11 19:49:50.981  5411  5445 I zygote64:   at few fez.a(android.database.sqlite.SQLiteDatabase) (PG:3)
06-11 19:49:50.981  5411  5445 I zygote64:   at void fez.onConfigure(android.database.sqlite.SQLiteDatabase) (PG:5)
06-11 19:49:50.981  5411  5445 I zygote64:   at android.database.sqlite.SQLiteDatabase android.database.sqlite.SQLiteOpenHelper.getDatabaseLocked(boolean) (SQLiteOpenHelper.java:309)
06-11 19:49:50.981  5411  5445 I zygote64:   at android.database.sqlite.SQLiteDatabase android.database.sqlite.SQLiteOpenHelper.getWritableDatabase() (SQLiteOpenHelper.java:238)
06-11 19:49:50.981  5411  5445 I zygote64:   at android.database.sqlite.SQLiteDatabase fez.c() (PG:1)
06-11 19:49:50.981  5411  5445 I zygote64:   at feo fez.b() (PG:6)
06-11 19:49:50.981  5411  5445 I zygote64:   at feo ffa.a() (PG:-1)
06-11 19:49:50.985  5411  5445 I zygote64:   at boolean fdo.t() (PG:-1)
06-11 19:49:50.985  5411  5445 I zygote64:   at void fdo.O() (PG:-1)
06-11 19:49:50.985  5411  5445 I zygote64:   at void fsp.run() (PG:23)
06-11 19:49:50.985  5411  5445 I zygote64:   at void fsy.run() (PG:9)
06-11 19:49:50.985  5411  5445 I zygote64:   at void yzx.run() (PG:1)
06-11 19:49:50.985  5411  5445 I zygote64:   at void java.util.concurrent.ThreadPoolExecutor.runWorker(java.util.concurrent.ThreadPoolExecutor$Worker) (ThreadPoolExecutor.java:1162)
06-11 19:49:50.985  5411  5445 I zygote64:   at void java.util.concurrent.ThreadPoolExecutor$Worker.run() (ThreadPoolExecutor.java:636)
06-11 19:49:50.985  5411  5445 I zygote64:   at void xax.run() (PG:14)
06-11 19:49:50.985  5411  5445 I zygote64:   at void java.lang.Thread.run() (Thread.java:764)
06-11 19:49:50.985  5411  5445 I zygote64:   at void zaa.run() (PG:6)
06-11 19:49:50.985  5411  5445 I zygote64: 
06-11 19:49:51.001  5411  5445 I zygote64: Rejecting re-init on previously-failed class java.lang.Class<pu>: java.lang.NoClassDefFoundError: Failed resolution of: Landroid/window/OnBackInvokedCallback;
06-11 19:49:51.001  5411  5445 I zygote64:   at few fez.a(android.database.sqlite.SQLiteDatabase) (PG:3)
06-11 19:49:51.001  5411  5445 I zygote64:   at void fez.onConfigure(android.database.sqlite.SQLiteDatabase) (PG:5)
06-11 19:49:51.012  5411  5445 I zygote64:   at android.database.sqlite.SQLiteDatabase android.database.sqlite.SQLiteOpenHelper.getDatabaseLocked(boolean) (SQLiteOpenHelper.java:309)
06-11 19:49:51.012  5411  5445 I zygote64:   at android.database.sqlite.SQLiteDatabase android.database.sqlite.SQLiteOpenHelper.getWritableDatabase() (SQLiteOpenHelper.java:238)
06-11 19:49:51.012  5411  5445 I zygote64:   at android.database.sqlite.SQLiteDatabase fez.c() (PG:1)
06-11 19:49:51.012  5411  5445 I zygote64:   at feo fez.b() (PG:6)
06-11 19:49:51.012  5411  5445 I zygote64:   at feo ffa.a() (PG:-1)
06-11 19:49:51.012  5411  5445 I zygote64:   at boolean fdo.t() (PG:-1)
06-11 19:49:51.012  5411  5445 I zygote64:   at void fdo.O() (PG:-1)
06-11 19:49:51.012  5411  5445 I zygote64:   at void fsp.run() (PG:23)
06-11 19:49:51.012  5411  5445 I zygote64:   at void fsy.run() (PG:9)
06-11 19:49:51.012  5411  5445 I zygote64:   at void yzx.run() (PG:1)
06-11 19:49:51.012  5411  5445 I zygote64:   at void java.util.concurrent.ThreadPoolExecutor.runWorker(java.util.concurrent.ThreadPoolExecutor$Worker) (ThreadPoolExecutor.java:1162)
06-11 19:49:51.012  5411  5445 I zygote64:   at void java.util.concurrent.ThreadPoolExecutor$Worker.run() (ThreadPoolExecutor.java:636)
06-11 19:49:51.012  5411  5445 I zygote64:   at void xax.run() (PG:14)
06-11 19:49:51.012  5411  5445 I zygote64:   at void java.lang.Thread.run() (Thread.java:764)
06-11 19:49:51.012  5411  5445 I zygote64:   at void zaa.run() (PG:6)
