07-13 17:05:54.518  3436 19399 D ExynosCamera3: [CAM_ID(1)][]-DEBUG(m_handleInternalFrame[8816]):[EJ] Pass the frame to handleBayerBuffer 66 / m_isNeedRequestFrame = 1, m_isNeedInternalFrame = 0
07-13 17:05:54.525 19282 19421 I BatteryMgr:DataCollectionService: stats => 1689260754525,-155,4176
07-13 17:05:54.541  3436 19397 W ExynosCamera3: [CAM_ID(1)][]-WARN(m_previewStreamISPPipeThreadFunc[6613]):wait timeout
07-13 17:05:54.543  3436 19396 W ExynosCamera3: [CAM_ID(1)][]-WARN(m_previewStreamVRAPipeThreadFunc[6650]):wait timeout
07-13 17:05:54.551  3436 19399 D ExynosCamera3: [CAM_ID(1)][]-DEBUG(m_handleInternalFrame[8816]):[EJ] Pass the frame to handleBayerBuffer 67 / m_isNeedRequestFrame = 1, m_isNeedInternalFrame = 0
07-13 17:05:54.584  3436 19399 D ExynosCamera3: [CAM_ID(1)][]-DEBUG(m_handleInternalFrame[8816]):[EJ] Pass the frame to handleBayerBuffer 68 / m_isNeedRequestFrame = 1, m_isNeedInternalFrame = 0
07-13 17:05:54.617  3436 19399 D ExynosCamera3: [CAM_ID(1)][]-DEBUG(m_handleInternalFrame[8816]):[EJ] Pass the frame to handleBayerBuffer 69 / m_isNeedRequestFrame = 1, m_isNeedInternalFrame = 0
07-13 17:05:54.623  3436 19390 W ExynosCameraMCPipe: [CAM_ID(1)][PIPE_ISP]-WARN(m_putBuffer[1530]):inputFrameQ wait timeout
07-13 17:05:54.623  3436 19390 W ExynosCameraMCPipe: [CAM_ID(1)][PIPE_ISP]-WARN(m_putBufferThreadFunc[1471]):m_putbuffer fail, ret(-110)
07-13 17:05:54.637  3436 19391 W ExynosCameraMCPipe: [CAM_ID(1)][PIPE_ISP]-WARN(m_getBuffer[1976]):requestFrameQ wait timeout
07-13 17:05:54.637  3436 19391 W ExynosCameraMCPipe: [CAM_ID(1)][PIPE_ISP]-WARN(m_getBufferThreadFunc[1492]):m_getBuffer fail, ret(-110)
07-13 17:05:54.651  3436 19399 D ExynosCamera3: [CAM_ID(1)][]-DEBUG(m_handleInternalFrame[8816]):[EJ] Pass the frame to handleBayerBuffer 70 / m_isNeedRequestFrame = 1, m_isNeedInternalFrame = 0
07-13 17:05:54.687  3436 19399 D ExynosCamera3: [CAM_ID(1)][]-DEBUG(m_handleInternalFrame[8816]):[EJ] Pass the frame to handleBayerBuffer 71 / m_isNeedRequestFrame = 1, m_isNeedInternalFrame = 0
07-13 17:05:54.692  3436 19397 W ExynosCamera3: [CAM_ID(1)][]-WARN(m_previewStreamISPPipeThreadFunc[6613]):wait timeout
07-13 17:05:54.693  3436 19396 W ExynosCamera3: [CAM_ID(1)][]-WARN(m_previewStreamVRAPipeThreadFunc[6650]):wait timeout
07-13 17:05:54.718  3436 19399 D ExynosCamera3: [CAM_ID(1)][]-DEBUG(m_handleInternalFrame[8816]):[EJ] Pass the frame to handleBayerBuffer 72 / m_isNeedRequestFrame = 1, m_isNeedInternalFrame = 0
07-13 17:05:54.751  3436 19399 D ExynosCamera3: [CAM_ID(1)][]-DEBUG(m_handleInternalFrame[8816]):[EJ] Pass the frame to handleBayerBuffer 73 / m_isNeedRequestFrame = 1, m_isNeedInternalFrame = 0
07-13 17:05:54.784  3436 19399 D ExynosCamera3: [CAM_ID(1)][]-DEBUG(m_handleInternalFrame[8816]):[EJ] Pass the frame to handleBayerBuffer 74 / m_isNeedRequestFrame = 1, m_isNeedInternalFrame = 0
07-13 17:05:54.817  3436 19399 D ExynosCamera3: [CAM_ID(1)][]-DEBUG(m_handleInternalFrame[8816]):[EJ] Pass the frame to handleBayerBuffer 75 / m_isNeedRequestFrame = 1, m_isNeedInternalFrame = 0
07-13 17:05:54.842  3436 19397 W ExynosCamera3: [CAM_ID(1)][]-WARN(m_previewStreamISPPipeThreadFunc[6613]):wait timeout
07-13 17:05:54.843  3436 19396 W ExynosCamera3: [CAM_ID(1)][]-WARN(m_previewStreamVRAPipeThreadFunc[6650]):wait timeout
07-13 17:05:54.851  3436 19399 D ExynosCamera3: [CAM_ID(1)][]-DEBUG(m_handleInternalFrame[8816]):[EJ] Pass the frame to handleBayerBuffer 76 / m_isNeedRequestFrame = 1, m_isNeedInternalFrame = 0
07-13 17:05:54.884  3436 19399 D ExynosCamera3: [CAM_ID(1)][]-DEBUG(m_handleInternalFrame[8816]):[EJ] Pass the frame to handleBayerBuffer 77 / m_isNeedRequestFrame = 1, m_isNeedInternalFrame = 0
07-13 17:05:54.886  3959  6457 D BatteryService: !@BatteryListener : batteryPropertiesChanged!
07-13 17:05:54.886  3959  6457 D BatteryService: level:94, scale:100, status:3, health:2, present:true, voltage: 4134, temperature: 283, technology: Li-ion, AC powered:false, USB powered:false, POGO powered:false, Wireless powered:false, icon:17303820, invalid charger:0, maxChargingCurrent:0, maxChargingVoltage:0, chargeCounter:0
07-13 17:05:54.886  3959  6457 D BatteryService: online:1, current avg:-171, charge type:0, power sharing:false, high voltage charger:false, capacity:280000, batterySWSelfDischarging:false, misc_event:0, current_event:0, current_now:-241
07-13 17:05:54.887  3959  3959 D BatteryService: Sending ACTION_BATTERY_CHANGED.
07-13 17:05:54.888  3959  3959 D SamsungPhoneWindowManager: ACTION_BATTERY_CHANGED - Level :: 94, battStatus :: 3
07-13 17:05:54.889  3959  3959 I MotionRecognitionService: On Battery, 0
07-13 17:05:54.889  3959  3959 D MotionRecognitionService:   mCableConnection= 0
07-13 17:05:54.890  3959  3983 D UsbDeviceManager: handleMessage -> MSG_UPDATE_CHARGING_STATE = 0
07-13 17:05:54.890  4343  4343 D KeyguardUpdateMonitor: received broadcast android.intent.action.BATTERY_CHANGED
07-13 17:05:54.893  4343  4343 D BatteryController: onReceive-ACTION_BATTERY_CHANGED : mLevel=94, mBatteryStatus=3
07-13 17:05:54.896  4343  4343 D PowerUI : priorPlugType = 0 mPlugType =  0
07-13 17:05:54.917  3436 19399 D ExynosCamera3: [CAM_ID(1)][]-DEBUG(m_handleInternalFrame[8816]):[EJ] Pass the frame to handleBayerBuffer 78 / m_isNeedRequestFrame = 1, m_isNeedInternalFrame = 0
07-13 17:05:54.951  3436 19399 D ExynosCamera3: [CAM_ID(1)][]-DEBUG(m_handleInternalFrame[8816]):[EJ] Pass the frame to handleBayerBuffer 79 / m_isNeedRequestFrame = 1, m_isNeedInternalFrame = 0
07-13 17:05:54.984  3436 19399 D ExynosCamera3: [CAM_ID(1)][]-DEBUG(m_handleInternalFrame[8816]):[EJ] Pass the frame to handleBayerBuffer 80 / m_isNeedRequestFrame = 1, m_isNeedInternalFrame = 0
07-13 17:05:54.992  3436 19397 W ExynosCamera3: [CAM_ID(1)][]-WARN(m_previewStreamISPPipeThreadFunc[6613]):wait timeout
07-13 17:05:54.993  3436 19396 W ExynosCamera3: [CAM_ID(1)][]-WARN(m_previewStreamVRAPipeThreadFunc[6650]):wait timeout
07-13 17:05:55.017  3436 19399 D ExynosCamera3: [CAM_ID(1)][]-DEBUG(m_handleInternalFrame[8816]):[EJ] Pass the frame to handleBayerBuffer 81 / m_isNeedRequestFrame = 1, m_isNeedInternalFrame = 0
07-13 17:05:55.054  3436 19399 D ExynosCamera3: [CAM_ID(1)][]-DEBUG(m_handleInternalFrame[8816]):[EJ] Pass the frame to handleBayerBuffer 82 / m_isNeedRequestFrame = 1, m_isNeedInternalFrame = 0
07-13 17:05:55.084  3436 19399 D ExynosCamera3: [CAM_ID(1)][]-DEBUG(m_handleInternalFrame[8816]):[EJ] Pass the frame to handleBayerBuffer 83 / m_isNeedRequestFrame = 1, m_isNeedInternalFrame = 0
07-13 17:05:55.117  3436 19399 D ExynosCamera3: [CAM_ID(1)][]-DEBUG(m_handleInternalFrame[8816]):[EJ] Pass the frame to handleBayerBuffer 84 / m_isNeedRequestFrame = 1, m_isNeedInternalFrame = 0
07-13 17:05:55.142  3436 19397 W ExynosCamera3: [CAM_ID(1)][]-WARN(m_previewStreamISPPipeThreadFunc[6613]):wait timeout
07-13 17:05:55.143  3436 19396 W ExynosCamera3: [CAM_ID(1)][]-WARN(m_previewStreamVRAPipeThreadFunc[6650]):wait timeout
07-13 17:05:55.150  3436 19399 D ExynosCamera3: [CAM_ID(1)][]-DEBUG(m_handleInternalFrame[8816]):[EJ] Pass the frame to handleBayerBuffer 85 / m_isNeedRequestFrame = 1, m_isNeedInternalFrame = 0
07-13 17:05:55.173  3436 19390 W ExynosCameraMCPipe: [CAM_ID(1)][PIPE_ISP]-WARN(m_putBuffer[1530]):inputFrameQ wait timeout
07-13 17:05:55.173  3436 19390 W ExynosCameraMCPipe: [CAM_ID(1)][PIPE_ISP]-WARN(m_putBufferThreadFunc[1471]):m_putbuffer fail, ret(-110)
07-13 17:05:55.184  3436 19399 D ExynosCamera3: [CAM_ID(1)][]-DEBUG(m_handleInternalFrame[8816]):[EJ] Pass the frame to handleBayerBuffer 86 / m_isNeedRequestFrame = 1, m_isNeedInternalFrame = 0
07-13 17:05:55.187  3436 19391 W ExynosCameraMCPipe: [CAM_ID(1)][PIPE_ISP]-WARN(m_getBuffer[1976]):requestFrameQ wait timeout
07-13 17:05:55.188  3436 19391 W ExynosCameraMCPipe: [CAM_ID(1)][PIPE_ISP]-WARN(m_getBufferThreadFunc[1492]):m_getBuffer fail, ret(-110)
07-13 17:05:55.217  3436 19399 D ExynosCamera3: [CAM_ID(1)][]-DEBUG(m_handleInternalFrame[8816]):[EJ] Pass the frame to handleBayerBuffer 87 / m_isNeedRequestFrame = 1, m_isNeedInternalFrame = 0
07-13 17:05:55.220  3959  6457 I EDMNativeHelperService: isCameraEnabled
07-13 17:05:55.250  3436 19399 D ExynosCamera3: [CAM_ID(1)][]-DEBUG(m_handleInternalFrame[8816]):[EJ] Pass the frame to handleBayerBuffer 88 / m_isNeedRequestFrame = 1, m_isNeedInternalFrame = 0
07-13 17:05:55.284  3436 19399 D ExynosCamera3: [CAM_ID(1)][]-DEBUG(m_handleInternalFrame[8816]):[EJ] Pass the frame to handleBayerBuffer 89 / m_isNeedRequestFrame = 1, m_isNeedInternalFrame = 0
07-13 17:05:55.288  4954  4954 D io_stats: !@ 179,0 r 135942 5088408 w 32121 495188 d 3147 114488 f 6951 7145 iot 67764 57977 th 51200 0 0 pt 0 inp 0 0 4316.636
07-13 17:05:55.292  3436 19397 W ExynosCamera3: [CAM_ID(1)][]-WARN(m_previewStreamISPPipeThreadFunc[6613]):wait timeout
07-13 17:05:55.293  3436 19396 W ExynosCamera3: [CAM_ID(1)][]-WARN(m_previewStreamVRAPipeThreadFunc[6650]):wait timeout
07-13 17:05:55.317  3436 19399 D ExynosCamera3: [CAM_ID(1)][]-DEBUG(m_handleInternalFrame[8816]):[EJ] Pass the frame to handleBayerBuffer 90 / m_isNeedRequestFrame = 1, m_isNeedInternalFrame = 0
07-13 17:05:55.350  3436 19399 D ExynosCamera3: [CAM_ID(1)][]-DEBUG(m_handleInternalFrame[8816]):[EJ] Pass the frame to handleBayerBuffer 91 / m_isNeedRequestFrame = 1, m_isNeedInternalFrame = 0
07-13 17:05:55.384  3436 19399 D ExynosCamera3: [CAM_ID(1)][]-DEBUG(m_handleInternalFrame[8816]):[EJ] Pass the frame to handleBayerBuffer 92 / m_isNeedRequestFrame = 1, m_isNeedInternalFrame = 0
07-13 17:05:55.417  3436 19399 D ExynosCamera3: [CAM_ID(1)][]-DEBUG(m_handleInternalFrame[8816]):[EJ] Pass the frame to handleBayerBuffer 93 / m_isNeedRequestFrame = 1, m_isNeedInternalFrame = 0
07-13 17:05:55.443  3436 19397 W ExynosCamera3: [CAM_ID(1)][]-WARN(m_previewStreamISPPipeThreadFunc[6613]):wait timeout
07-13 17:05:55.444  3436 19396 W ExynosCamera3: [CAM_ID(1)][]-WARN(m_previewStreamVRAPipeThreadFunc[6650]):wait timeout
07-13 17:05:55.450  3436 19399 D ExynosCamera3: [CAM_ID(1)][]-DEBUG(m_handleInternalFrame[8816]):[EJ] Pass the frame to handleBayerBuffer 94 / m_isNeedRequestFrame = 1, m_isNeedInternalFrame = 0
07-13 17:05:55.484  3436 19399 D ExynosCamera3: [CAM_ID(1)][]-DEBUG(m_handleInternalFrame[8816]):[EJ] Pass the frame to handleBayerBuffer 95 / m_isNeedRequestFrame = 1, m_isNeedInternalFrame = 0
07-13 17:05:55.517  3436 19399 D ExynosCamera3: [CAM_ID(1)][]-DEBUG(m_handleInternalFrame[8816]):[EJ] Pass the frame to handleBayerBuffer 96 / m_isNeedRequestFrame = 1, m_isNeedInternalFrame = 0
07-13 17:05:55.531 19282 19421 I BatteryMgr:DataCollectionService: stats => 1689260755531,-241,4134
07-13 17:05:55.550  3436 19399 D ExynosCamera3: [CAM_ID(1)][]-DEBUG(m_handleInternalFrame[8816]):[EJ] Pass the frame to handleBayerBuffer 97 / m_isNeedRequestFrame = 1, m_isNeedInternalFrame = 0
07-13 17:05:55.583  3436 19399 D ExynosCamera3: [CAM_ID(1)][]-DEBUG(m_handleInternalFrame[8816]):[EJ] Pass the frame to handleBayerBuffer 98 / m_isNeedRequestFrame = 1, m_isNeedInternalFrame = 0
07-13 17:05:55.593  3436 19397 W ExynosCamera3: [CAM_ID(1)][]-WARN(m_previewStreamISPPipeThreadFunc[6613]):wait timeout
07-13 17:05:55.594  3436 19396 W ExynosCamera3: [CAM_ID(1)][]-WARN(m_previewStreamVRAPipeThreadFunc[6650]):wait timeout
07-13 17:05:55.617  3436 19399 D ExynosCamera3: [CAM_ID(1)][]-DEBUG(m_handleInternalFrame[8816]):[EJ] Pass the frame to handleBayerBuffer 99 / m_isNeedRequestFrame = 1, m_isNeedInternalFrame = 0
07-13 17:05:55.650  3436 19399 D ExynosCamera3: [CAM_ID(1)][]-DEBUG(m_handleInternalFrame[8816]):[EJ] Pass the frame to handleBayerBuffer 100 / m_isNeedRequestFrame = 1, m_isNeedInternalFrame = 0
07-13 17:05:55.683  3436 19399 D ExynosCamera3: [CAM_ID(1)][]-DEBUG(m_handleInternalFrame[8816]):[EJ] Pass the frame to handleBayerBuffer 101 / m_isNeedRequestFrame = 1, m_isNeedInternalFrame = 0
07-13 17:05:55.717  3436 19399 D ExynosCamera3: [CAM_ID(1)][]-DEBUG(m_handleInternalFrame[8816]):[EJ] Pass the frame to handleBayerBuffer 102 / m_isNeedRequestFrame = 1, m_isNeedInternalFrame = 0
07-13 17:05:55.724  3436 19390 W ExynosCameraMCPipe: [CAM_ID(1)][PIPE_ISP]-WARN(m_putBuffer[1530]):inputFrameQ wait timeout
07-13 17:05:55.724  3436 19390 W ExynosCameraMCPipe: [CAM_ID(1)][PIPE_ISP]-WARN(m_putBufferThreadFunc[1471]):m_putbuffer fail, ret(-110)
07-13 17:05:55.738  3436 19391 W ExynosCameraMCPipe: [CAM_ID(1)][PIPE_ISP]-WARN(m_getBuffer[1976]):requestFrameQ wait timeout
07-13 17:05:55.738  3436 19391 W ExynosCameraMCPipe: [CAM_ID(1)][PIPE_ISP]-WARN(m_getBufferThreadFunc[1492]):m_getBuffer fail, ret(-110)
07-13 17:05:55.743  3436 19397 W ExynosCamera3: [CAM_ID(1)][]-WARN(m_previewStreamISPPipeThreadFunc[6613]):wait timeout
07-13 17:05:55.744  3436 19396 W ExynosCamera3: [CAM_ID(1)][]-WARN(m_previewStreamVRAPipeThreadFunc[6650]):wait timeout
07-13 17:05:55.750  3436 19399 D ExynosCamera3: [CAM_ID(1)][]-DEBUG(m_handleInternalFrame[8816]):[EJ] Pass the frame to handleBayerBuffer 103 / m_isNeedRequestFrame = 1, m_isNeedInternalFrame = 0
07-13 17:05:55.785  3436 19399 D ExynosCamera3: [CAM_ID(1)][]-DEBUG(m_handleInternalFrame[8816]):[EJ] Pass the frame to handleBayerBuffer 104 / m_isNeedRequestFrame = 1, m_isNeedInternalFrame = 0
07-13 17:05:55.817  3436 19399 D ExynosCamera3: [CAM_ID(1)][]-DEBUG(m_handleInternalFrame[8816]):[EJ] Pass the frame to handleBayerBuffer 105 / m_isNeedRequestFrame = 1, m_isNeedInternalFrame = 0
07-13 17:05:55.850  3436 19399 D ExynosCamera3: [CAM_ID(1)][]-DEBUG(m_handleInternalFrame[8816]):[EJ] Pass the frame to handleBayerBuffer 106 / m_isNeedRequestFrame = 1, m_isNeedInternalFrame = 0
07-13 17:05:55.883  3436 19399 D ExynosCamera3: [CAM_ID(1)][]-DEBUG(m_handleInternalFrame[8816]):[EJ] Pass the frame to handleBayerBuffer 107 / m_isNeedRequestFrame = 1, m_isNeedInternalFrame = 0
07-13 17:05:55.893  3436 19397 W ExynosCamera3: [CAM_ID(1)][]-WARN(m_previewStreamISPPipeThreadFunc[6613]):wait timeout
07-13 17:05:55.894  3436 19396 W ExynosCamera3: [CAM_ID(1)][]-WARN(m_previewStreamVRAPipeThreadFunc[6650]):wait timeout
07-13 17:05:55.917  3436 19399 D ExynosCamera3: [CAM_ID(1)][]-DEBUG(m_handleInternalFrame[8816]):[EJ] Pass the frame to handleBayerBuffer 108 / m_isNeedRequestFrame = 1, m_isNeedInternalFrame = 0
07-13 17:05:55.950  3436 19399 D ExynosCamera3: [CAM_ID(1)][]-DEBUG(m_handleInternalFrame[8816]):[EJ] Pass the frame to handleBayerBuffer 109 / m_isNeedRequestFrame = 1, m_isNeedInternalFrame = 0
07-13 17:05:55.983  3436 19399 D ExynosCamera3: [CAM_ID(1)][]-DEBUG(m_handleInternalFrame[8816]):[EJ] Pass the frame to handleBayerBuffer 110 / m_isNeedRequestFrame = 1, m_isNeedInternalFrame = 0
07-13 17:05:56.015  3959  4328 E TaskPersister: File error accessing recents directory (directory doesn't exist?).
07-13 17:05:56.016  3436 19399 D ExynosCamera3: [CAM_ID(1)][]-DEBUG(m_handleInternalFrame[8816]):[EJ] Pass the frame to handleBayerBuffer 111 / m_isNeedRequestFrame = 1, m_isNeedInternalFrame = 0
07-13 17:05:56.043  3436 19397 W ExynosCamera3: [CAM_ID(1)][]-WARN(m_previewStreamISPPipeThreadFunc[6613]):wait timeout
07-13 17:05:56.044  3436 19396 W ExynosCamera3: [CAM_ID(1)][]-WARN(m_previewStreamVRAPipeThreadFunc[6650]):wait timeout
07-13 17:05:56.050  3436 19399 D ExynosCamera3: [CAM_ID(1)][]-DEBUG(m_handleInternalFrame[8816]):[EJ] Pass the frame to handleBayerBuffer 112 / m_isNeedRequestFrame = 1, m_isNeedInternalFrame = 0
07-13 17:05:56.083  3436 19399 D ExynosCamera3: [CAM_ID(1)][]-DEBUG(m_handleInternalFrame[8816]):[EJ] Pass the frame to handleBayerBuffer 113 / m_isNeedRequestFrame = 1, m_isNeedInternalFrame = 0
07-13 17:05:56.119  3436 19399 D ExynosCamera3: [CAM_ID(1)][]-DEBUG(m_handleInternalFrame[8816]):[EJ] Pass the frame to handleBayerBuffer 114 / m_isNeedRequestFrame = 1, m_isNeedInternalFrame = 0
07-13 17:05:56.149  3436 19399 D ExynosCamera3: [CAM_ID(1)][]-DEBUG(m_handleInternalFrame[8816]):[EJ] Pass the frame to handleBayerBuffer 115 / m_isNeedRequestFrame = 1, m_isNeedInternalFrame = 0
07-13 17:05:56.183  3436 19399 D ExynosCamera3: [CAM_ID(1)][]-DEBUG(m_handleInternalFrame[8816]):[EJ] Pass the frame to handleBayerBuffer 116 / m_isNeedRequestFrame = 1, m_isNeedInternalFrame = 0
07-13 17:05:56.194  3436 19397 W ExynosCamera3: [CAM_ID(1)][]-WARN(m_previewStreamISPPipeThreadFunc[6613]):wait timeout
07-13 17:05:56.194  3436 19396 W ExynosCamera3: [CAM_ID(1)][]-WARN(m_previewStreamVRAPipeThreadFunc[6650]):wait timeout
07-13 17:05:56.216  3436 19399 D ExynosCamera3: [CAM_ID(1)][]-DEBUG(m_handleInternalFrame[8816]):[EJ] Pass the frame to handleBayerBuffer 117 / m_isNeedRequestFrame = 1, m_isNeedInternalFrame = 0
07-13 17:05:56.222  3959  6457 I EDMNativeHelperService: isCameraEnabled
07-13 17:05:56.250  3436 19399 D ExynosCamera3: [CAM_ID(1)][]-DEBUG(m_handleInternalFrame[8816]):[EJ] Pass the frame to handleBayerBuffer 118 / m_isNeedRequestFrame = 1, m_isNeedInternalFrame = 0
07-13 17:05:56.274  3436 19390 W ExynosCameraMCPipe: [CAM_ID(1)][PIPE_ISP]-WARN(m_putBuffer[1530]):inputFrameQ wait timeout
07-13 17:05:56.274  3436 19390 W ExynosCameraMCPipe: [CAM_ID(1)][PIPE_ISP]-WARN(m_putBufferThreadFunc[1471]):m_putbuffer fail, ret(-110)
07-13 17:05:56.283  3436 19399 D ExynosCamera3: [CAM_ID(1)][]-DEBUG(m_handleInternalFrame[8816]):[EJ] Pass the frame to handleBayerBuffer 119 / m_isNeedRequestFrame = 1, m_isNeedInternalFrame = 0
07-13 17:05:56.288  3436 19391 W ExynosCameraMCPipe: [CAM_ID(1)][PIPE_ISP]-WARN(m_getBuffer[1976]):requestFrameQ wait timeout
07-13 17:05:56.288  3436 19391 W ExynosCameraMCPipe: [CAM_ID(1)][PIPE_ISP]-WARN(m_getBufferThreadFunc[1492]):m_getBuffer fail, ret(-110)
07-13 17:05:56.316  3436 19399 D ExynosCamera3: [CAM_ID(1)][]-DEBUG(m_handleInternalFrame[8816]):[EJ] Pass the frame to handleBayerBuffer 120 / m_isNeedRequestFrame = 1, m_isNeedInternalFrame = 0
07-13 17:05:56.344  3436 19397 W ExynosCamera3: [CAM_ID(1)][]-WARN(m_previewStreamISPPipeThreadFunc[6613]):wait timeout
07-13 17:05:56.345  3436 19396 W ExynosCamera3: [CAM_ID(1)][]-WARN(m_previewStreamVRAPipeThreadFunc[6650]):wait timeout
07-13 17:05:56.349  3436 19399 D ExynosCamera3: [CAM_ID(1)][]-DEBUG(m_handleInternalFrame[8816]):[EJ] Pass the frame to handleBayerBuffer 121 / m_isNeedRequestFrame = 1, m_isNeedInternalFrame = 0
07-13 17:05:56.387  3436 19399 D ExynosCamera3: [CAM_ID(1)][]-DEBUG(m_handleInternalFrame[8816]):[EJ] Pass the frame to handleBayerBuffer 122 / m_isNeedRequestFrame = 1, m_isNeedInternalFrame = 0
07-13 17:05:56.416  3436 19399 D ExynosCamera3: [CAM_ID(1)][]-DEBUG(m_handleInternalFrame[8816]):[EJ] Pass the frame to handleBayerBuffer 123 / m_isNeedRequestFrame = 1, m_isNeedInternalFrame = 0
07-13 17:05:56.449  3436 19399 D ExynosCamera3: [CAM_ID(1)][]-DEBUG(m_handleInternalFrame[8816]):[EJ] Pass the frame to handleBayerBuffer 124 / m_isNeedRequestFrame = 1, m_isNeedInternalFrame = 0
07-13 17:05:56.476  3435  3435 I android.hardware.wifi@1.0-service: getLinkLayerStats
07-13 17:05:56.483  3436 19399 D ExynosCamera3: [CAM_ID(1)][]-DEBUG(m_handleInternalFrame[8816]):[EJ] Pass the frame to handleBayerBuffer 125 / m_isNeedRequestFrame = 1, m_isNeedInternalFrame = 0
07-13 17:05:56.494  3436 19397 W ExynosCamera3: [CAM_ID(1)][]-WARN(m_previewStreamISPPipeThreadFunc[6613]):wait timeout
07-13 17:05:56.495  3436 19396 W ExynosCamera3: [CAM_ID(1)][]-WARN(m_previewStreamVRAPipeThreadFunc[6650]):wait timeout
07-13 17:05:56.516  3436 19399 D ExynosCamera3: [CAM_ID(1)][]-DEBUG(m_handleInternalFrame[8816]):[EJ] Pass the frame to handleBayerBuffer 126 / m_isNeedRequestFrame = 1, m_isNeedInternalFrame = 0
07-13 17:05:56.537 19282 19421 I BatteryMgr:DataCollectionService: stats => 1689260756537,-241,4134
07-13 17:05:56.551 19282 19430 D ProfileInstaller: Installing profile for com.example.batterymanager_utility
07-13 17:05:56.552  3436 19399 D ExynosCamera3: [CAM_ID(1)][]-DEBUG(m_handleInternalFrame[8816]):[EJ] Pass the frame to handleBayerBuffer 127 / m_isNeedRequestFrame = 1, m_isNeedInternalFrame = 0
07-13 17:05:56.583  3436 19399 D ExynosCamera3: [CAM_ID(1)][]-DEBUG(m_handleInternalFrame[8816]):[EJ] Pass the frame to handleBayerBuffer 128 / m_isNeedRequestFrame = 1, m_isNeedInternalFrame = 0
07-13 17:05:56.616  3436 19399 D ExynosCamera3: [CAM_ID(1)][]-DEBUG(m_handleInternalFrame[8816]):[EJ] Pass the frame to handleBayerBuffer 129 / m_isNeedRequestFrame = 1, m_isNeedInternalFrame = 0
07-13 17:05:56.644  3436 19397 W ExynosCamera3: [CAM_ID(1)][]-WARN(m_previewStreamISPPipeThreadFunc[6613]):wait timeout
07-13 17:05:56.645  3436 19396 W ExynosCamera3: [CAM_ID(1)][]-WARN(m_previewStreamVRAPipeThreadFunc[6650]):wait timeout
07-13 17:05:56.649  3436 19399 D ExynosCamera3: [CAM_ID(1)][]-DEBUG(m_handleInternalFrame[8816]):[EJ] Pass the frame to handleBayerBuffer 130 / m_isNeedRequestFrame = 1, m_isNeedInternalFrame = 0
07-13 17:05:56.682  3436 19399 D ExynosCamera3: [CAM_ID(1)][]-DEBUG(m_handleInternalFrame[8816]):[EJ] Pass the frame to handleBayerBuffer 131 / m_isNeedRequestFrame = 1, m_isNeedInternalFrame = 0
07-13 17:05:56.720  3436 19399 D ExynosCamera3: [CAM_ID(1)][]-DEBUG(m_handleInternalFrame[8816]):[EJ] Pass the frame to handleBayerBuffer 132 / m_isNeedRequestFrame = 1, m_isNeedInternalFrame = 0
07-13 17:05:56.748  3436 19398 E ExynosCamera3: [CAM_ID(1)][]-ERR(m_monitorThreadFunc[9173]):(0)
07-13 17:05:56.748  3436 19398 E ExynosCamera3: [CAM_ID(1)][]-ERR(m_monitorThreadFunc[9175]):ERROR_DQ_BLOCKED) ; ERROR_DQ_BLOCKED_COUNT =20
07-13 17:05:56.748  3436 19398 D ExynosCamera3: [CAM_ID(1)][]-DEBUG(dump[1946]):
07-13 17:05:56.749  3436 19399 D ExynosCamera3: [CAM_ID(1)][]-DEBUG(m_handleInternalFrame[8816]):[EJ] Pass the frame to handleBayerBuffer 133 / m_isNeedRequestFrame = 1, m_isNeedInternalFrame = 0
07-13 17:05:56.786  3436 19399 D ExynosCamera3: [CAM_ID(1)][]-DEBUG(m_handleInternalFrame[8816]):[EJ] Pass the frame to handleBayerBuffer 134 / m_isNeedRequestFrame = 1, m_isNeedInternalFrame = 0
07-13 17:05:56.794  3436 19397 W ExynosCamera3: [CAM_ID(1)][]-WARN(m_previewStreamISPPipeThreadFunc[6613]):wait timeout
07-13 17:05:56.795  3436 19396 W ExynosCamera3: [CAM_ID(1)][]-WARN(m_previewStreamVRAPipeThreadFunc[6650]):wait timeout
07-13 17:05:56.816  3436 19399 D ExynosCamera3: [CAM_ID(1)][]-DEBUG(m_handleInternalFrame[8816]):[EJ] Pass the frame to handleBayerBuffer 135 / m_isNeedRequestFrame = 1, m_isNeedInternalFrame = 0
07-13 17:05:56.824  3436 19390 W ExynosCameraMCPipe: [CAM_ID(1)][PIPE_ISP]-WARN(m_putBuffer[1530]):inputFrameQ wait timeout
07-13 17:05:56.824  3436 19390 W ExynosCameraMCPipe: [CAM_ID(1)][PIPE_ISP]-WARN(m_putBufferThreadFunc[1471]):m_putbuffer fail, ret(-110)
07-13 17:05:56.838  3436 19391 W ExynosCameraMCPipe: [CAM_ID(1)][PIPE_ISP]-WARN(m_getBuffer[1976]):requestFrameQ wait timeout
07-13 17:05:56.838  3436 19391 W ExynosCameraMCPipe: [CAM_ID(1)][PIPE_ISP]-WARN(m_getBufferThreadFunc[1492]):m_getBuffer fail, ret(-110)
07-13 17:05:56.849  3436 19399 D ExynosCamera3: [CAM_ID(1)][]-DEBUG(m_handleInternalFrame[8816]):[EJ] Pass the frame to handleBayerBuffer 136 / m_isNeedRequestFrame = 1, m_isNeedInternalFrame = 0
07-13 17:05:56.883  3436 19399 D ExynosCamera3: [CAM_ID(1)][]-DEBUG(m_handleInternalFrame[8816]):[EJ] Pass the frame to handleBayerBuffer 137 / m_isNeedRequestFrame = 1, m_isNeedInternalFrame = 0
07-13 17:05:56.916  3436 19399 D ExynosCamera3: [CAM_ID(1)][]-DEBUG(m_handleInternalFrame[8816]):[EJ] Pass the frame to handleBayerBuffer 138 / m_isNeedRequestFrame = 1, m_isNeedInternalFrame = 0
07-13 17:05:56.945  3436 19397 W ExynosCamera3: [CAM_ID(1)][]-WARN(m_previewStreamISPPipeThreadFunc[6613]):wait timeout
07-13 17:05:56.945  3436 19396 W ExynosCamera3: [CAM_ID(1)][]-WARN(m_previewStreamVRAPipeThreadFunc[6650]):wait timeout
07-13 17:05:56.949  3436 19399 D ExynosCamera3: [CAM_ID(1)][]-DEBUG(m_handleInternalFrame[8816]):[EJ] Pass the frame to handleBayerBuffer 139 / m_isNeedRequestFrame = 1, m_isNeedInternalFrame = 0
07-13 17:05:56.982  3436 19399 D ExynosCamera3: [CAM_ID(1)][]-DEBUG(m_handleInternalFrame[8816]):[EJ] Pass the frame to handleBayerBuffer 140 / m_isNeedRequestFrame = 1, m_isNeedInternalFrame = 0
07-13 17:05:57.016  3436 19399 D ExynosCamera3: [CAM_ID(1)][]-DEBUG(m_handleInternalFrame[8816]):[EJ] Pass the frame to handleBayerBuffer 141 / m_isNeedRequestFrame = 1, m_isNeedInternalFrame = 0
07-13 17:05:57.049  3436 19399 D ExynosCamera3: [CAM_ID(1)][]-DEBUG(m_handleInternalFrame[8816]):[EJ] Pass the frame to handleBayerBuffer 142 / m_isNeedRequestFrame = 1, m_isNeedInternalFrame = 0
07-13 17:05:57.082  3436 19399 D ExynosCamera3: [CAM_ID(1)][]-DEBUG(m_handleInternalFrame[8816]):[EJ] Pass the frame to handleBayerBuffer 143 / m_isNeedRequestFrame = 1, m_isNeedInternalFrame = 0
07-13 17:05:57.095  3436 19397 W ExynosCamera3: [CAM_ID(1)][]-WARN(m_previewStreamISPPipeThreadFunc[6613]):wait timeout
07-13 17:05:57.095  3436 19396 W ExynosCamera3: [CAM_ID(1)][]-WARN(m_previewStreamVRAPipeThreadFunc[6650]):wait timeout
07-13 17:05:57.115  3436 19399 D ExynosCamera3: [CAM_ID(1)][]-DEBUG(m_handleInternalFrame[8816]):[EJ] Pass the frame to handleBayerBuffer 144 / m_isNeedRequestFrame = 1, m_isNeedInternalFrame = 0
07-13 17:05:57.149  3436 19399 D ExynosCamera3: [CAM_ID(1)][]-DEBUG(m_handleInternalFrame[8816]):[EJ] Pass the frame to handleBayerBuffer 145 / m_isNeedRequestFrame = 1, m_isNeedInternalFrame = 0
07-13 17:05:57.182  3436 19399 D ExynosCamera3: [CAM_ID(1)][]-DEBUG(m_handleInternalFrame[8816]):[EJ] Pass the frame to handleBayerBuffer 146 / m_isNeedRequestFrame = 1, m_isNeedInternalFrame = 0
07-13 17:05:57.216  3436 19399 D ExynosCamera3: [CAM_ID(1)][]-DEBUG(m_handleInternalFrame[8816]):[EJ] Pass the frame to handleBayerBuffer 147 / m_isNeedRequestFrame = 1, m_isNeedInternalFrame = 0
07-13 17:05:57.224  3959  6457 I EDMNativeHelperService: isCameraEnabled
07-13 17:05:57.224  3959 15483 I EDMNativeHelperService: isCameraEnabled
07-13 17:05:57.226  3589  3954 D Camera3-Device: submitRequestsHelper: mInterfaceLock.lock()
07-13 17:05:57.226  3589  3954 D Camera3-Status: markComponent: Component 1 is now active
07-13 17:05:57.226  3589  3954 D Camera3-Device: submitRequestsHelper: mInterfaceLock.unlock()
07-13 17:05:57.233  3589 19355 D Camera3-Status: markComponent: Component 2 is now active
07-13 17:05:57.234  3589 19355 D Camera3-Status: markComponent: Component 0 is now active
07-13 17:05:57.236  3436  3436 D ExynosCameraBufferManager: [CAM_ID(1)][ZSL_STREAM_BUF]-DEBUG(getIndexByHandle[4090]): assigned new buffer handle(0x0) Index(31)
07-13 17:05:57.245  3436 19397 W ExynosCamera3: [CAM_ID(1)][]-WARN(m_previewStreamISPPipeThreadFunc[6613]):wait timeout
07-13 17:05:57.246  3436 19396 W ExynosCamera3: [CAM_ID(1)][]-WARN(m_previewStreamVRAPipeThreadFunc[6650]):wait timeout
07-13 17:05:57.249  3436 19399 D ExynosCamera3: [CAM_ID(1)][]-DEBUG(m_handleInternalFrame[8816]):[EJ] Pass the frame to handleBayerBuffer 148 / m_isNeedRequestFrame = 1, m_isNeedInternalFrame = 0
07-13 17:05:57.286  3436 19399 D ExynosCamera3: [CAM_ID(1)][]-DEBUG(m_handleInternalFrame[8816]):[EJ] Pass the frame to handleBayerBuffer 149 / m_isNeedRequestFrame = 0, m_isNeedInternalFrame = 1
07-13 17:05:57.287  3589 19355 D Camera3-Status: markComponent: Component 1 is now idle
07-13 17:05:57.315  3436 19399 D ExynosCamera3: [CAM_ID(1)][]-DEBUG(m_handleInternalFrame[8816]):[EJ] Pass the frame to handleBayerBuffer 150 / m_isNeedRequestFrame = 0, m_isNeedInternalFrame = 1
07-13 17:05:57.316  3436 19394 D ExynosCamera3: [CAM_ID(1)][]-DEBUG(m_previewFrameHandler[2457]):Use ZSL Service Buffer. framecount 153 bufferIndex 31
07-13 17:05:57.316  3436 19388 D ExynosCameraMCPipe: [CAM_ID(1)][PIPE_3AA]-DEBUG(m_putBuffer[1621]):Skip to get buffer from bufferMgr.                        pipeId(6), frameCount(153) bufferIndex 31)
07-13 17:05:57.320  3436 19388 D ExynosCameraMCPipe: [CAM_ID(1)][PIPE_3AA]-DEBUG(m_checkNodeGroupInfo[3655]):(3AA_PREVIEW):vid(22), request(0 -> 1), oldCropSize(0, 0, 3264, 2448 / 0, 0, 3264, 2448) -> newCropSize(0, 0, 3264, 2448 / 0, 0, 3264, 2448)
07-13 17:05:57.349  3436 19399 D ExynosCamera3: [CAM_ID(1)][]-DEBUG(m_handleInternalFrame[8816]):[EJ] Pass the frame to handleBayerBuffer 151 / m_isNeedRequestFrame = 1, m_isNeedInternalFrame = 0
07-13 17:05:57.349  3436 19388 I ExynosCameraMCPipe: [CAM_ID(1)][PIPE_3AA]-INFO(m_putBuffer[1552]):Internal Frame(5), frameCount(154), (1)
07-13 17:05:57.349  3436 19388 D ExynosCameraMCPipe: [CAM_ID(1)][PIPE_3AA]-DEBUG(m_checkNodeGroupInfo[3655]):(3AA_PREVIEW):vid(22), request(1 -> 0), oldCropSize(0, 0, 3264, 2448 / 0, 0, 3264, 2448) -> newCropSize(0, 0, 3264, 2448 / 0, 0, 3264, 2448)
07-13 17:05:57.375  3436 19390 W ExynosCameraMCPipe: [CAM_ID(1)][PIPE_ISP]-WARN(m_putBuffer[1530]):inputFrameQ wait timeout
07-13 17:05:57.375  3436 19390 W ExynosCameraMCPipe: [CAM_ID(1)][PIPE_ISP]-WARN(m_putBufferThreadFunc[1471]):m_putbuffer fail, ret(-110)
07-13 17:05:57.382  3436 19399 D ExynosCamera3: [CAM_ID(1)][]-DEBUG(m_handleInternalFrame[8816]):[EJ] Pass the frame to handleBayerBuffer 152 / m_isNeedRequestFrame = 1, m_isNeedInternalFrame = 0
07-13 17:05:57.389  3436 19391 W ExynosCameraMCPipe: [CAM_ID(1)][PIPE_ISP]-WARN(m_getBuffer[1976]):requestFrameQ wait timeout
07-13 17:05:57.389  3436 19391 W ExynosCameraMCPipe: [CAM_ID(1)][PIPE_ISP]-WARN(m_getBufferThreadFunc[1492]):m_getBuffer fail, ret(-110)
07-13 17:05:57.395  3436 19397 W ExynosCamera3: [CAM_ID(1)][]-WARN(m_previewStreamISPPipeThreadFunc[6613]):wait timeout
07-13 17:05:57.396  3436 19396 W ExynosCamera3: [CAM_ID(1)][]-WARN(m_previewStreamVRAPipeThreadFunc[6650]):wait timeout
07-13 17:05:57.420  3436 19395 D ExynosCameraBufferManager: [CAM_ID(1)][ZSL_STREAM_BUF]-DEBUG(m_release[4516]):bufIndex(31)
07-13 17:05:57.420  3436 19395 D ExynosCameraBufferManager: [CAM_ID(1)][ZSL_STREAM_BUF]-DEBUG(m_removeFence[4482]):list is empty
07-13 17:05:57.420  3436 19390 W ExynosCameraMCPipe: [CAM_ID(1)][PIPE_ISP]-WARN(m_putBuffer[1712]):Capture node putbuffer is Zero, frameCount(153)
07-13 17:05:57.424  3589  3936 D Camera3-Status: markComponent: Component 2 is now idle
07-13 17:05:57.435  3436 19391 E ExynosCameraMCPipe: [CAM_ID(1)][PIPE_ISP]-ERR(m_getBuffer[2321]):frameCount(153)                    : captureNodeCount == 0 || checkRet(0) != NO_ERROR.                    so, setFrameState(FRAME_STATE_SKIPPED)
07-13 17:05:57.436  3436 19397 W ExynosCamera3: [CAM_ID(1)][]-WARN(m_handlePreviewFrame[7077]):Skipped frame. Force callback result. frameCount 153
07-13 17:05:57.438  3589  3936 D Camera3-Status: markComponent: Component 0 is now idle
07-13 17:05:57.448  3436 19399 D ExynosCamera3: [CAM_ID(1)][]-DEBUG(m_handleInternalFrame[8816]):[EJ] Pass the frame to handleBayerBuffer 154 / m_isNeedRequestFrame = 1, m_isNeedInternalFrame = 0
07-13 17:05:57.482  3436 19399 D ExynosCamera3: [CAM_ID(1)][]-DEBUG(m_handleInternalFrame[8816]):[EJ] Pass the frame to handleBayerBuffer 155 / m_isNeedRequestFrame = 1, m_isNeedInternalFrame = 0
07-13 17:05:57.519  3436 19399 D ExynosCamera3: [CAM_ID(1)][]-DEBUG(m_handleInternalFrame[8816]):[EJ] Pass the frame to handleBayerBuffer 156 / m_isNeedRequestFrame = 1, m_isNeedInternalFrame = 0
07-13 17:05:57.543 19282 19421 I BatteryMgr:DataCollectionService: stats => 1689260757543,-241,4134
07-13 17:05:57.546  3436 19396 W ExynosCamera3: [CAM_ID(1)][]-WARN(m_previewStreamVRAPipeThreadFunc[6650]):wait timeout
07-13 17:05:57.548  3436 19399 D ExynosCamera3: [CAM_ID(1)][]-DEBUG(m_handleInternalFrame[8816]):[EJ] Pass the frame to handleBayerBuffer 157 / m_isNeedRequestFrame = 1, m_isNeedInternalFrame = 0
07-13 17:05:57.582  3436 19399 D ExynosCamera3: [CAM_ID(1)][]-DEBUG(m_handleInternalFrame[8816]):[EJ] Pass the frame to handleBayerBuffer 158 / m_isNeedRequestFrame = 1, m_isNeedInternalFrame = 0
07-13 17:05:57.587  3436 19397 W ExynosCamera3: [CAM_ID(1)][]-WARN(m_previewStreamISPPipeThreadFunc[6613]):wait timeout
07-13 17:05:57.615  3436 19399 D ExynosCamera3: [CAM_ID(1)][]-DEBUG(m_handleInternalFrame[8816]):[EJ] Pass the frame to handleBayerBuffer 159 / m_isNeedRequestFrame = 1, m_isNeedInternalFrame = 0
07-13 17:05:57.648  3436 19399 D ExynosCamera3: [CAM_ID(1)][]-DEBUG(m_handleInternalFrame[8816]):[EJ] Pass the frame to handleBayerBuffer 160 / m_isNeedRequestFrame = 1, m_isNeedInternalFrame = 0
07-13 17:05:57.682  3436 19399 D ExynosCamera3: [CAM_ID(1)][]-DEBUG(m_handleInternalFrame[8816]):[EJ] Pass the frame to handleBayerBuffer 161 / m_isNeedRequestFrame = 1, m_isNeedInternalFrame = 0
07-13 17:05:57.696  3436 19396 W ExynosCamera3: [CAM_ID(1)][]-WARN(m_previewStreamVRAPipeThreadFunc[6650]):wait timeout
07-13 17:05:57.715  3436 19399 D ExynosCamera3: [CAM_ID(1)][]-DEBUG(m_handleInternalFrame[8816]):[EJ] Pass the frame to handleBayerBuffer 162 / m_isNeedRequestFrame = 1, m_isNeedInternalFrame = 0
07-13 17:05:57.737  3436 19397 W ExynosCamera3: [CAM_ID(1)][]-WARN(m_previewStreamISPPipeThreadFunc[6613]):wait timeout
07-13 17:05:57.748  3436 19399 D ExynosCamera3: [CAM_ID(1)][]-DEBUG(m_handleInternalFrame[8816]):[EJ] Pass the frame to handleBayerBuffer 163 / m_isNeedRequestFrame = 1, m_isNeedInternalFrame = 0
07-13 17:05:57.781  3436 19399 D ExynosCamera3: [CAM_ID(1)][]-DEBUG(m_handleInternalFrame[8816]):[EJ] Pass the frame to handleBayerBuffer 164 / m_isNeedRequestFrame = 1, m_isNeedInternalFrame = 0
07-13 17:05:57.815  3436 19399 D ExynosCamera3: [CAM_ID(1)][]-DEBUG(m_handleInternalFrame[8816]):[EJ] Pass the frame to handleBayerBuffer 165 / m_isNeedRequestFrame = 1, m_isNeedInternalFrame = 0
07-13 17:05:57.846  3436 19396 W ExynosCamera3: [CAM_ID(1)][]-WARN(m_previewStreamVRAPipeThreadFunc[6650]):wait timeout
07-13 17:05:57.852  3436 19399 D ExynosCamera3: [CAM_ID(1)][]-DEBUG(m_handleInternalFrame[8816]):[EJ] Pass the frame to handleBayerBuffer 166 / m_isNeedRequestFrame = 1, m_isNeedInternalFrame = 0
07-13 17:05:57.881  3436 19399 D ExynosCamera3: [CAM_ID(1)][]-DEBUG(m_handleInternalFrame[8816]):[EJ] Pass the frame to handleBayerBuffer 167 / m_isNeedRequestFrame = 1, m_isNeedInternalFrame = 0
07-13 17:05:57.887  3436 19397 W ExynosCamera3: [CAM_ID(1)][]-WARN(m_previewStreamISPPipeThreadFunc[6613]):wait timeout
07-13 17:05:57.915  3436 19399 D ExynosCamera3: [CAM_ID(1)][]-DEBUG(m_handleInternalFrame[8816]):[EJ] Pass the frame to handleBayerBuffer 168 / m_isNeedRequestFrame = 1, m_isNeedInternalFrame = 0
07-13 17:05:57.948  3436 19399 D ExynosCamera3: [CAM_ID(1)][]-DEBUG(m_handleInternalFrame[8816]):[EJ] Pass the frame to handleBayerBuffer 169 / m_isNeedRequestFrame = 1, m_isNeedInternalFrame = 0
07-13 17:05:57.972  3436 19390 W ExynosCameraMCPipe: [CAM_ID(1)][PIPE_ISP]-WARN(m_putBuffer[1530]):inputFrameQ wait timeout
07-13 17:05:57.972  3436 19390 W ExynosCameraMCPipe: [CAM_ID(1)][PIPE_ISP]-WARN(m_putBufferThreadFunc[1471]):m_putbuffer fail, ret(-110)
07-13 17:05:57.981  3436 19399 D ExynosCamera3: [CAM_ID(1)][]-DEBUG(m_handleInternalFrame[8816]):[EJ] Pass the frame to handleBayerBuffer 170 / m_isNeedRequestFrame = 1, m_isNeedInternalFrame = 0
07-13 17:05:57.985  3436 19391 W ExynosCameraMCPipe: [CAM_ID(1)][PIPE_ISP]-WARN(m_getBuffer[1976]):requestFrameQ wait timeout
07-13 17:05:57.985  3436 19391 W ExynosCameraMCPipe: [CAM_ID(1)][PIPE_ISP]-WARN(m_getBufferThreadFunc[1492]):m_getBuffer fail, ret(-110)
07-13 17:05:57.997  3436 19396 W ExynosCamera3: [CAM_ID(1)][]-WARN(m_previewStreamVRAPipeThreadFunc[6650]):wait timeout
07-13 17:05:58.015  3436 19399 D ExynosCamera3: [CAM_ID(1)][]-DEBUG(m_handleInternalFrame[8816]):[EJ] Pass the frame to handleBayerBuffer 171 / m_isNeedRequestFrame = 1, m_isNeedInternalFrame = 0
07-13 17:05:58.038  3436 19397 W ExynosCamera3: [CAM_ID(1)][]-WARN(m_previewStreamISPPipeThreadFunc[6613]):wait timeout
07-13 17:05:58.048  3436 19399 D ExynosCamera3: [CAM_ID(1)][]-DEBUG(m_handleInternalFrame[8816]):[EJ] Pass the frame to handleBayerBuffer 172 / m_isNeedRequestFrame = 1, m_isNeedInternalFrame = 0
07-13 17:05:58.082  3436 19399 D ExynosCamera3: [CAM_ID(1)][]-DEBUG(m_handleInternalFrame[8816]):[EJ] Pass the frame to handleBayerBuffer 173 / m_isNeedRequestFrame = 1, m_isNeedInternalFrame = 0
07-13 17:05:58.115  3436 19399 D ExynosCamera3: [CAM_ID(1)][]-DEBUG(m_handleInternalFrame[8816]):[EJ] Pass the frame to handleBayerBuffer 174 / m_isNeedRequestFrame = 1, m_isNeedInternalFrame = 0
07-13 17:05:58.147  3436 19396 W ExynosCamera3: [CAM_ID(1)][]-WARN(m_previewStreamVRAPipeThreadFunc[6650]):wait timeout
07-13 17:05:58.148  3436 19399 D ExynosCamera3: [CAM_ID(1)][]-DEBUG(m_handleInternalFrame[8816]):[EJ] Pass the frame to handleBayerBuffer 175 / m_isNeedRequestFrame = 1, m_isNeedInternalFrame = 0
07-13 17:05:58.181  3436 19399 D ExynosCamera3: [CAM_ID(1)][]-DEBUG(m_handleInternalFrame[8816]):[EJ] Pass the frame to handleBayerBuffer 176 / m_isNeedRequestFrame = 1, m_isNeedInternalFrame = 0
07-13 17:05:58.186  3959  6689 D SSRM:k  : SIOP:: AP = 300, PST = 294 (W:30), BAT = 283, USB = 0, CHG = 0
07-13 17:05:58.188  3436 19397 W ExynosCamera3: [CAM_ID(1)][]-WARN(m_previewStreamISPPipeThreadFunc[6613]):wait timeout
07-13 17:05:58.214  3436 19399 D ExynosCamera3: [CAM_ID(1)][]-DEBUG(m_handleInternalFrame[8816]):[EJ] Pass the frame to handleBayerBuffer 177 / m_isNeedRequestFrame = 1, m_isNeedInternalFrame = 0
07-13 17:05:58.226  3959 15483 I EDMNativeHelperService: isCameraEnabled
07-13 17:05:58.248  3436 19399 D ExynosCamera3: [CAM_ID(1)][]-DEBUG(m_handleInternalFrame[8816]):[EJ] Pass the frame to handleBayerBuffer 178 / m_isNeedRequestFrame = 1, m_isNeedInternalFrame = 0
07-13 17:05:58.281  3436 19399 D ExynosCamera3: [CAM_ID(1)][]-DEBUG(m_handleInternalFrame[8816]):[EJ] Pass the frame to handleBayerBuffer 179 / m_isNeedRequestFrame = 1, m_isNeedInternalFrame = 0
07-13 17:05:58.297  3436 19396 W ExynosCamera3: [CAM_ID(1)][]-WARN(m_previewStreamVRAPipeThreadFunc[6650]):wait timeout
07-13 17:05:58.314  3436 19399 D ExynosCamera3: [CAM_ID(1)][]-DEBUG(m_handleInternalFrame[8816]):[EJ] Pass the frame to handleBayerBuffer 180 / m_isNeedRequestFrame = 1, m_isNeedInternalFrame = 0
07-13 17:05:58.338  3436 19397 W ExynosCamera3: [CAM_ID(1)][]-WARN(m_previewStreamISPPipeThreadFunc[6613]):wait timeout
07-13 17:05:58.348  3436 19399 D ExynosCamera3: [CAM_ID(1)][]-DEBUG(m_handleInternalFrame[8816]):[EJ] Pass the frame to handleBayerBuffer 181 / m_isNeedRequestFrame = 1, m_isNeedInternalFrame = 0
07-13 17:05:58.385  3436 19399 D ExynosCamera3: [CAM_ID(1)][]-DEBUG(m_handleInternalFrame[8816]):[EJ] Pass the frame to handleBayerBuffer 182 / m_isNeedRequestFrame = 1, m_isNeedInternalFrame = 0
07-13 17:05:58.414  3436 19399 D ExynosCamera3: [CAM_ID(1)][]-DEBUG(m_handleInternalFrame[8816]):[EJ] Pass the frame to handleBayerBuffer 183 / m_isNeedRequestFrame = 1, m_isNeedInternalFrame = 0
07-13 17:05:58.447  3436 19396 W ExynosCamera3: [CAM_ID(1)][]-WARN(m_previewStreamVRAPipeThreadFunc[6650]):wait timeout
07-13 17:05:58.448  3436 19399 D ExynosCamera3: [CAM_ID(1)][]-DEBUG(m_handleInternalFrame[8816]):[EJ] Pass the frame to handleBayerBuffer 184 / m_isNeedRequestFrame = 1, m_isNeedInternalFrame = 0
07-13 17:05:58.481  3436 19399 D ExynosCamera3: [CAM_ID(1)][]-DEBUG(m_handleInternalFrame[8816]):[EJ] Pass the frame to handleBayerBuffer 185 / m_isNeedRequestFrame = 1, m_isNeedInternalFrame = 0
07-13 17:05:58.488  3436 19397 W ExynosCamera3: [CAM_ID(1)][]-WARN(m_previewStreamISPPipeThreadFunc[6613]):wait timeout
07-13 17:05:58.514  3436 19399 D ExynosCamera3: [CAM_ID(1)][]-DEBUG(m_handleInternalFrame[8816]):[EJ] Pass the frame to handleBayerBuffer 186 / m_isNeedRequestFrame = 1, m_isNeedInternalFrame = 0
07-13 17:05:58.522  3436 19390 W ExynosCameraMCPipe: [CAM_ID(1)][PIPE_ISP]-WARN(m_putBuffer[1530]):inputFrameQ wait timeout
07-13 17:05:58.522  3436 19390 W ExynosCameraMCPipe: [CAM_ID(1)][PIPE_ISP]-WARN(m_putBufferThreadFunc[1471]):m_putbuffer fail, ret(-110)
07-13 17:05:58.535  3436 19391 W ExynosCameraMCPipe: [CAM_ID(1)][PIPE_ISP]-WARN(m_getBuffer[1976]):requestFrameQ wait timeout
07-13 17:05:58.535  3436 19391 W ExynosCameraMCPipe: [CAM_ID(1)][PIPE_ISP]-WARN(m_getBufferThreadFunc[1492]):m_getBuffer fail, ret(-110)
07-13 17:05:58.551  3436 19399 D ExynosCamera3: [CAM_ID(1)][]-DEBUG(m_handleInternalFrame[8816]):[EJ] Pass the frame to handleBayerBuffer 187 / m_isNeedRequestFrame = 1, m_isNeedInternalFrame = 0
07-13 17:05:58.554 19282 19421 I BatteryMgr:DataCollectionService: stats => 1689260758553,-241,4134
07-13 17:05:58.581  3436 19399 D ExynosCamera3: [CAM_ID(1)][]-DEBUG(m_handleInternalFrame[8816]):[EJ] Pass the frame to handleBayerBuffer 188 / m_isNeedRequestFrame = 1, m_isNeedInternalFrame = 0
07-13 17:05:58.598  3436 19396 W ExynosCamera3: [CAM_ID(1)][]-WARN(m_previewStreamVRAPipeThreadFunc[6650]):wait timeout
07-13 17:05:58.615  3436 19399 D ExynosCamera3: [CAM_ID(1)][]-DEBUG(m_handleInternalFrame[8816]):[EJ] Pass the frame to handleBayerBuffer 189 / m_isNeedRequestFrame = 1, m_isNeedInternalFrame = 0
07-13 17:05:58.638  3436 19397 W ExynosCamera3: [CAM_ID(1)][]-WARN(m_previewStreamISPPipeThreadFunc[6613]):wait timeout
07-13 17:05:58.648  3436 19399 D ExynosCamera3: [CAM_ID(1)][]-DEBUG(m_handleInternalFrame[8816]):[EJ] Pass the frame to handleBayerBuffer 190 / m_isNeedRequestFrame = 1, m_isNeedInternalFrame = 0
07-13 17:05:58.681  3436 19399 D ExynosCamera3: [CAM_ID(1)][]-DEBUG(m_handleInternalFrame[8816]):[EJ] Pass the frame to handleBayerBuffer 191 / m_isNeedRequestFrame = 1, m_isNeedInternalFrame = 0
07-13 17:05:58.718  3436 19399 D ExynosCamera3: [CAM_ID(1)][]-DEBUG(m_handleInternalFrame[8816]):[EJ] Pass the frame to handleBayerBuffer 192 / m_isNeedRequestFrame = 1, m_isNeedInternalFrame = 0
07-13 17:05:58.747  3436 19399 D ExynosCamera3: [CAM_ID(1)][]-DEBUG(m_handleInternalFrame[8816]):[EJ] Pass the frame to handleBayerBuffer 193 / m_isNeedRequestFrame = 1, m_isNeedInternalFrame = 0
07-13 17:05:58.748  3436 19396 W ExynosCamera3: [CAM_ID(1)][]-WARN(m_previewStreamVRAPipeThreadFunc[6650]):wait timeout
07-13 17:05:58.781  3436 19399 D ExynosCamera3: [CAM_ID(1)][]-DEBUG(m_handleInternalFrame[8816]):[EJ] Pass the frame to handleBayerBuffer 194 / m_isNeedRequestFrame = 1, m_isNeedInternalFrame = 0
07-13 17:05:58.789  3436 19397 W ExynosCamera3: [CAM_ID(1)][]-WARN(m_previewStreamISPPipeThreadFunc[6613]):wait timeout
07-13 17:05:58.818  3436 19399 D ExynosCamera3: [CAM_ID(1)][]-DEBUG(m_handleInternalFrame[8816]):[EJ] Pass the frame to handleBayerBuffer 195 / m_isNeedRequestFrame = 1, m_isNeedInternalFrame = 0
07-13 17:05:58.847  3436 19399 D ExynosCamera3: [CAM_ID(1)][]-DEBUG(m_handleInternalFrame[8816]):[EJ] Pass the frame to handleBayerBuffer 196 / m_isNeedRequestFrame = 1, m_isNeedInternalFrame = 0
07-13 17:05:58.881  3436 19399 D ExynosCamera3: [CAM_ID(1)][]-DEBUG(m_handleInternalFrame[8816]):[EJ] Pass the frame to handleBayerBuffer 197 / m_isNeedRequestFrame = 1, m_isNeedInternalFrame = 0
07-13 17:05:58.898  3436 19396 W ExynosCamera3: [CAM_ID(1)][]-WARN(m_previewStreamVRAPipeThreadFunc[6650]):wait timeout
07-13 17:05:58.914  3436 19399 D ExynosCamera3: [CAM_ID(1)][]-DEBUG(m_handleInternalFrame[8816]):[EJ] Pass the frame to handleBayerBuffer 198 / m_isNeedRequestFrame = 1, m_isNeedInternalFrame = 0
07-13 17:05:58.939  3436 19397 W ExynosCamera3: [CAM_ID(1)][]-WARN(m_previewStreamISPPipeThreadFunc[6613]):wait timeout
07-13 17:05:58.947  3436 19399 D ExynosCamera3: [CAM_ID(1)][]-DEBUG(m_handleInternalFrame[8816]):[EJ] Pass the frame to handleBayerBuffer 199 / m_isNeedRequestFrame = 1, m_isNeedInternalFrame = 0
07-13 17:05:58.980  3436 19399 D ExynosCamera3: [CAM_ID(1)][]-DEBUG(m_handleInternalFrame[8816]):[EJ] Pass the frame to handleBayerBuffer 200 / m_isNeedRequestFrame = 1, m_isNeedInternalFrame = 0
07-13 17:05:59.014  3436 19399 D ExynosCamera3: [CAM_ID(1)][]-DEBUG(m_handleInternalFrame[8816]):[EJ] Pass the frame to handleBayerBuffer 201 / m_isNeedRequestFrame = 1, m_isNeedInternalFrame = 0
07-13 17:05:59.047  3436 19399 D ExynosCamera3: [CAM_ID(1)][]-DEBUG(m_handleInternalFrame[8816]):[EJ] Pass the frame to handleBayerBuffer 202 / m_isNeedRequestFrame = 1, m_isNeedInternalFrame = 0
07-13 17:05:59.048  3436 19396 W ExynosCamera3: [CAM_ID(1)][]-WARN(m_previewStreamVRAPipeThreadFunc[6650]):wait timeout
07-13 17:05:59.072  3436 19390 W ExynosCameraMCPipe: [CAM_ID(1)][PIPE_ISP]-WARN(m_putBuffer[1530]):inputFrameQ wait timeout
07-13 17:05:59.072  3436 19390 W ExynosCameraMCPipe: [CAM_ID(1)][PIPE_ISP]-WARN(m_putBufferThreadFunc[1471]):m_putbuffer fail, ret(-110)
07-13 17:05:59.080  3436 19399 D ExynosCamera3: [CAM_ID(1)][]-DEBUG(m_handleInternalFrame[8816]):[EJ] Pass the frame to handleBayerBuffer 203 / m_isNeedRequestFrame = 1, m_isNeedInternalFrame = 0
07-13 17:05:59.085  3436 19391 W ExynosCameraMCPipe: [CAM_ID(1)][PIPE_ISP]-WARN(m_getBuffer[1976]):requestFrameQ wait timeout
07-13 17:05:59.086  3436 19391 W ExynosCameraMCPipe: [CAM_ID(1)][PIPE_ISP]-WARN(m_getBufferThreadFunc[1492]):m_getBuffer fail, ret(-110)
07-13 17:05:59.089  3436 19397 W ExynosCamera3: [CAM_ID(1)][]-WARN(m_previewStreamISPPipeThreadFunc[6613]):wait timeout
07-13 17:05:59.114  3436 19399 D ExynosCamera3: [CAM_ID(1)][]-DEBUG(m_handleInternalFrame[8816]):[EJ] Pass the frame to handleBayerBuffer 204 / m_isNeedRequestFrame = 1, m_isNeedInternalFrame = 0
07-13 17:05:59.147  3436 19399 D ExynosCamera3: [CAM_ID(1)][]-DEBUG(m_handleInternalFrame[8816]):[EJ] Pass the frame to handleBayerBuffer 205 / m_isNeedRequestFrame = 1, m_isNeedInternalFrame = 0
07-13 17:05:59.180  3436 19399 D ExynosCamera3: [CAM_ID(1)][]-DEBUG(m_handleInternalFrame[8816]):[EJ] Pass the frame to handleBayerBuffer 206 / m_isNeedRequestFrame = 1, m_isNeedInternalFrame = 0
07-13 17:05:59.199  3436 19396 W ExynosCamera3: [CAM_ID(1)][]-WARN(m_previewStreamVRAPipeThreadFunc[6650]):wait timeout
07-13 17:05:59.214  3436 19399 D ExynosCamera3: [CAM_ID(1)][]-DEBUG(m_handleInternalFrame[8816]):[EJ] Pass the frame to handleBayerBuffer 207 / m_isNeedRequestFrame = 1, m_isNeedInternalFrame = 0
07-13 17:05:59.228  3959 15483 I EDMNativeHelperService: isCameraEnabled
07-13 17:05:59.239  3436 19397 W ExynosCamera3: [CAM_ID(1)][]-WARN(m_previewStreamISPPipeThreadFunc[6613]):wait timeout
07-13 17:05:59.247  3436 19399 D ExynosCamera3: [CAM_ID(1)][]-DEBUG(m_handleInternalFrame[8816]):[EJ] Pass the frame to handleBayerBuffer 208 / m_isNeedRequestFrame = 1, m_isNeedInternalFrame = 0
07-13 17:05:59.281  3436 19399 D ExynosCamera3: [CAM_ID(1)][]-DEBUG(m_handleInternalFrame[8816]):[EJ] Pass the frame to handleBayerBuffer 209 / m_isNeedRequestFrame = 1, m_isNeedInternalFrame = 0
07-13 17:05:59.314  3436 19399 D ExynosCamera3: [CAM_ID(1)][]-DEBUG(m_handleInternalFrame[8816]):[EJ] Pass the frame to handleBayerBuffer 210 / m_isNeedRequestFrame = 1, m_isNeedInternalFrame = 0
07-13 17:05:59.347  3436 19399 D ExynosCamera3: [CAM_ID(1)][]-DEBUG(m_handleInternalFrame[8816]):[EJ] Pass the frame to handleBayerBuffer 211 / m_isNeedRequestFrame = 1, m_isNeedInternalFrame = 0
07-13 17:05:59.349  3436 19396 W ExynosCamera3: [CAM_ID(1)][]-WARN(m_previewStreamVRAPipeThreadFunc[6650]):wait timeout
07-13 17:05:59.380  3436 19399 D ExynosCamera3: [CAM_ID(1)][]-DEBUG(m_handleInternalFrame[8816]):[EJ] Pass the frame to handleBayerBuffer 212 / m_isNeedRequestFrame = 1, m_isNeedInternalFrame = 0
07-13 17:05:59.389  3436 19397 W ExynosCamera3: [CAM_ID(1)][]-WARN(m_previewStreamISPPipeThreadFunc[6613]):wait timeout
07-13 17:05:59.414  3436 19399 D ExynosCamera3: [CAM_ID(1)][]-DEBUG(m_handleInternalFrame[8816]):[EJ] Pass the frame to handleBayerBuffer 213 / m_isNeedRequestFrame = 1, m_isNeedInternalFrame = 0
07-13 17:05:59.447  3436 19399 D ExynosCamera3: [CAM_ID(1)][]-DEBUG(m_handleInternalFrame[8816]):[EJ] Pass the frame to handleBayerBuffer 214 / m_isNeedRequestFrame = 1, m_isNeedInternalFrame = 0
07-13 17:05:59.480  3436 19399 D ExynosCamera3: [CAM_ID(1)][]-DEBUG(m_handleInternalFrame[8816]):[EJ] Pass the frame to handleBayerBuffer 215 / m_isNeedRequestFrame = 1, m_isNeedInternalFrame = 0
07-13 17:05:59.481  3435  3435 I android.hardware.wifi@1.0-service: getLinkLayerStats
07-13 17:05:59.499  3436 19396 W ExynosCamera3: [CAM_ID(1)][]-WARN(m_previewStreamVRAPipeThreadFunc[6650]):wait timeout
07-13 17:05:59.513  3436 19399 D ExynosCamera3: [CAM_ID(1)][]-DEBUG(m_handleInternalFrame[8816]):[EJ] Pass the frame to handleBayerBuffer 216 / m_isNeedRequestFrame = 1, m_isNeedInternalFrame = 0
07-13 17:05:59.540  3436 19397 W ExynosCamera3: [CAM_ID(1)][]-WARN(m_previewStreamISPPipeThreadFunc[6613]):wait timeout
07-13 17:05:59.547  3436 19399 D ExynosCamera3: [CAM_ID(1)][]-DEBUG(m_handleInternalFrame[8816]):[EJ] Pass the frame to handleBayerBuffer 217 / m_isNeedRequestFrame = 1, m_isNeedInternalFrame = 0
07-13 17:05:59.559 19282 19421 I BatteryMgr:DataCollectionService: stats => 1689260759559,-241,4134
07-13 17:05:59.580  3436 19399 D ExynosCamera3: [CAM_ID(1)][]-DEBUG(m_handleInternalFrame[8816]):[EJ] Pass the frame to handleBayerBuffer 218 / m_isNeedRequestFrame = 1, m_isNeedInternalFrame = 0
07-13 17:05:59.613  3436 19399 D ExynosCamera3: [CAM_ID(1)][]-DEBUG(m_handleInternalFrame[8816]):[EJ] Pass the frame to handleBayerBuffer 219 / m_isNeedRequestFrame = 1, m_isNeedInternalFrame = 0
07-13 17:05:59.623  3436 19390 W ExynosCameraMCPipe: [CAM_ID(1)][PIPE_ISP]-WARN(m_putBuffer[1530]):inputFrameQ wait timeout
07-13 17:05:59.623  3436 19390 W ExynosCameraMCPipe: [CAM_ID(1)][PIPE_ISP]-WARN(m_putBufferThreadFunc[1471]):m_putbuffer fail, ret(-110)
07-13 17:05:59.636  3436 19391 W ExynosCameraMCPipe: [CAM_ID(1)][PIPE_ISP]-WARN(m_getBuffer[1976]):requestFrameQ wait timeout
07-13 17:05:59.636  3436 19391 W ExynosCameraMCPipe: [CAM_ID(1)][PIPE_ISP]-WARN(m_getBufferThreadFunc[1492]):m_getBuffer fail, ret(-110)
07-13 17:05:59.647  3436 19399 D ExynosCamera3: [CAM_ID(1)][]-DEBUG(m_handleInternalFrame[8816]):[EJ] Pass the frame to handleBayerBuffer 220 / m_isNeedRequestFrame = 1, m_isNeedInternalFrame = 0
07-13 17:05:59.649  3436 19396 W ExynosCamera3: [CAM_ID(1)][]-WARN(m_previewStreamVRAPipeThreadFunc[6650]):wait timeout
07-13 17:05:59.680  3436 19399 D ExynosCamera3: [CAM_ID(1)][]-DEBUG(m_handleInternalFrame[8816]):[EJ] Pass the frame to handleBayerBuffer 221 / m_isNeedRequestFrame = 1, m_isNeedInternalFrame = 0
