06-12 11:05:10.341  7436  7512 I BatteryMgr:DataCollectionService: stats => 1686582310340,-98571,4215
06-12 11:05:10.458  7436  7512 I BatteryMgr:DataCollectionService: stats => 1686582310457,-98571,4215
06-12 11:05:10.574  7436  7512 I BatteryMgr:DataCollectionService: stats => 1686582310573,-98571,4215
06-12 11:05:10.689  7436  7512 I BatteryMgr:DataCollectionService: stats => 1686582310689,-98571,4215
06-12 11:05:10.806  7436  7512 I BatteryMgr:DataCollectionService: stats => 1686582310805,-98571,4215
06-12 11:05:10.921  7436  7512 I BatteryMgr:DataCollectionService: stats => 1686582310920,-98571,4215
06-12 11:05:11.038  7436  7512 I BatteryMgr:DataCollectionService: stats => 1686582311038,-98571,4215
06-12 11:05:11.154  7436  7512 I BatteryMgr:DataCollectionService: stats => 1686582311153,-98571,4215
06-12 11:05:11.271  7436  7512 I BatteryMgr:DataCollectionService: stats => 1686582311271,-98571,4215
06-12 11:05:11.388  7436  7512 I BatteryMgr:DataCollectionService: stats => 1686582311387,-98571,4215
06-12 11:05:11.506  7436  7512 I BatteryMgr:DataCollectionService: stats => 1686582311505,-98571,4215
06-12 11:05:11.621  7436  7512 I BatteryMgr:DataCollectionService: stats => 1686582311620,-98571,4215
06-12 11:05:11.746  7436  7512 I BatteryMgr:DataCollectionService: stats => 1686582311746,-98571,4215
06-12 11:05:11.860  7436  7512 I BatteryMgr:DataCollectionService: stats => 1686582311859,-98571,4215
06-12 11:05:11.975  7436  7512 I BatteryMgr:DataCollectionService: stats => 1686582311974,-98571,4215
06-12 11:05:12.087  7436  7512 I BatteryMgr:DataCollectionService: stats => 1686582312086,-98571,4215
06-12 11:05:12.203  7436  7512 I BatteryMgr:DataCollectionService: stats => 1686582312203,-98571,4215
06-12 11:05:12.317  7436  7512 I BatteryMgr:DataCollectionService: stats => 1686582312317,-98571,4215
06-12 11:05:12.433  7436  7512 I BatteryMgr:DataCollectionService: stats => 1686582312432,-98571,4215
06-12 11:05:12.549  7436  7512 I BatteryMgr:DataCollectionService: stats => 1686582312549,-98571,4215
06-12 11:05:12.669  7436  7512 I BatteryMgr:DataCollectionService: stats => 1686582312669,-98571,4215
06-12 11:05:12.786  7436  7512 I BatteryMgr:DataCollectionService: stats => 1686582312786,-98571,4215
06-12 11:05:12.901  7436  7512 I BatteryMgr:DataCollectionService: stats => 1686582312900,-98571,4215
06-12 11:05:13.017  7436  7512 I BatteryMgr:DataCollectionService: stats => 1686582313017,-98571,4215
06-12 11:05:13.137  7436  7512 I BatteryMgr:DataCollectionService: stats => 1686582313137,-98571,4215
06-12 11:05:13.259  7436  7512 I BatteryMgr:DataCollectionService: stats => 1686582313259,-98571,4215
06-12 11:05:13.376  7436  7512 I BatteryMgr:DataCollectionService: stats => 1686582313376,-98571,4215
06-12 11:05:13.491  7436  7512 I BatteryMgr:DataCollectionService: stats => 1686582313490,-98571,4215
06-12 11:05:13.607  7436  7512 I BatteryMgr:DataCollectionService: stats => 1686582313607,-98571,4215
06-12 11:05:13.763  7436  7512 I BatteryMgr:DataCollectionService: stats => 1686582313763,-98571,4215
06-12 11:05:13.877  7436  7512 I BatteryMgr:DataCollectionService: stats => 1686582313876,-98571,4215
06-12 11:05:13.993  7436  7512 I BatteryMgr:DataCollectionService: stats => 1686582313993,-98571,4215
06-12 11:05:14.109  7436  7512 I BatteryMgr:DataCollectionService: stats => 1686582314108,-98571,4215
06-12 11:05:14.224  7436  7512 I BatteryMgr:DataCollectionService: stats => 1686582314223,-98571,4215
06-12 11:05:14.337  7436  7512 I BatteryMgr:DataCollectionService: stats => 1686582314336,-98571,4215
06-12 11:05:14.453  7436  7512 I BatteryMgr:DataCollectionService: stats => 1686582314453,-98571,4215
06-12 11:05:14.571  7436  7512 I BatteryMgr:DataCollectionService: stats => 1686582314571,-98571,4215
06-12 11:05:14.680  7436  7512 I BatteryMgr:DataCollectionService: stats => 1686582314680,-98571,4215
06-12 11:05:14.793  7436  7512 I BatteryMgr:DataCollectionService: stats => 1686582314792,-98571,4215
06-12 11:05:14.911  7436  7512 I BatteryMgr:DataCollectionService: stats => 1686582314910,-98571,4215
06-12 11:05:15.026  7436  7512 I BatteryMgr:DataCollectionService: stats => 1686582315026,-98571,4215
06-12 11:05:15.143  7436  7512 I BatteryMgr:DataCollectionService: stats => 1686582315143,-98571,4215
06-12 11:05:15.259  7436  7512 I BatteryMgr:DataCollectionService: stats => 1686582315258,-98571,4215
06-12 11:05:15.378  7436  7512 I BatteryMgr:DataCollectionService: stats => 1686582315377,-98571,4215
06-12 11:05:15.494  7436  7512 I BatteryMgr:DataCollectionService: stats => 1686582315494,-98571,4215
06-12 11:05:15.607  7436  7512 I BatteryMgr:DataCollectionService: stats => 1686582315607,-98571,4215
06-12 11:05:15.730  7436  7512 I BatteryMgr:DataCollectionService: stats => 1686582315730,-98571,4215
06-12 11:05:15.845  7436  7512 I BatteryMgr:DataCollectionService: stats => 1686582315845,-98571,4215
06-12 11:05:15.960  7436  7512 I BatteryMgr:DataCollectionService: stats => 1686582315959,-98571,4215
06-12 11:05:16.075  7436  7512 I BatteryMgr:DataCollectionService: stats => 1686582316075,-98571,4215
06-12 11:05:16.193  7436  7512 I BatteryMgr:DataCollectionService: stats => 1686582316193,-102233,4215
06-12 11:05:16.311  7436  7512 I BatteryMgr:DataCollectionService: stats => 1686582316311,-102233,4215
06-12 11:05:16.427  7436  7512 I BatteryMgr:DataCollectionService: stats => 1686582316426,-102233,4215
06-12 11:05:16.543  7436  7512 I BatteryMgr:DataCollectionService: stats => 1686582316542,-102233,4215
06-12 11:05:16.660  7436  7512 I BatteryMgr:DataCollectionService: stats => 1686582316659,-102233,4215
06-12 11:05:16.777  7436  7512 I BatteryMgr:DataCollectionService: stats => 1686582316776,-102233,4215
06-12 11:05:16.893  7436  7512 I BatteryMgr:DataCollectionService: stats => 1686582316892,-102233,4215
06-12 11:05:17.007  7436  7512 I BatteryMgr:DataCollectionService: stats => 1686582317007,-102233,4215
06-12 11:05:17.121  7436  7512 I BatteryMgr:DataCollectionService: stats => 1686582317121,-102233,4215
06-12 11:05:17.236  7436  7512 I BatteryMgr:DataCollectionService: stats => 1686582317236,-102233,4215
06-12 11:05:17.352  7436  7512 I BatteryMgr:DataCollectionService: stats => 1686582317352,-102233,4215
06-12 11:05:17.470  7436  7512 I BatteryMgr:DataCollectionService: stats => 1686582317470,-102233,4215
06-12 11:05:17.590  7436  7512 I BatteryMgr:DataCollectionService: stats => 1686582317590,-102233,4215
06-12 11:05:17.702  7436  7512 I BatteryMgr:DataCollectionService: stats => 1686582317702,-102233,4215
06-12 11:05:17.817  7436  7512 I BatteryMgr:DataCollectionService: stats => 1686582317817,-102233,4215
06-12 11:05:17.934  7436  7512 I BatteryMgr:DataCollectionService: stats => 1686582317934,-102233,4215
06-12 11:05:18.049  7436  7512 I BatteryMgr:DataCollectionService: stats => 1686582318049,-102233,4215
06-12 11:05:18.164  7436  7512 I BatteryMgr:DataCollectionService: stats => 1686582318163,-102233,4215
06-12 11:05:18.277  7436  7512 I BatteryMgr:DataCollectionService: stats => 1686582318277,-102233,4215
06-12 11:05:18.394  7436  7512 I BatteryMgr:DataCollectionService: stats => 1686582318394,-102233,4215
06-12 11:05:18.507  7436  7512 I BatteryMgr:DataCollectionService: stats => 1686582318507,-102233,4215
06-12 11:05:18.622  7436  7512 I BatteryMgr:DataCollectionService: stats => 1686582318622,-102233,4215
06-12 11:05:18.737  7436  7512 I BatteryMgr:DataCollectionService: stats => 1686582318737,-102233,4215
06-12 11:05:18.853  7436  7512 I BatteryMgr:DataCollectionService: stats => 1686582318853,-102233,4215
06-12 11:05:18.967  7436  7512 I BatteryMgr:DataCollectionService: stats => 1686582318966,-102233,4215
06-12 11:05:19.083  7436  7512 I BatteryMgr:DataCollectionService: stats => 1686582319083,-102233,4215
06-12 11:05:19.197  7436  7512 I BatteryMgr:DataCollectionService: stats => 1686582319196,-102233,4215
06-12 11:05:19.314  7436  7512 I BatteryMgr:DataCollectionService: stats => 1686582319314,-102233,4215
06-12 11:05:19.428  7436  7512 I BatteryMgr:DataCollectionService: stats => 1686582319428,-102233,4215
06-12 11:05:19.545  7436  7512 I BatteryMgr:DataCollectionService: stats => 1686582319544,-102233,4215
06-12 11:05:19.660  7436  7512 I BatteryMgr:DataCollectionService: stats => 1686582319660,-102233,4215
06-12 11:05:19.777  7436  7512 I BatteryMgr:DataCollectionService: stats => 1686582319777,-102233,4215
06-12 11:05:19.893  7436  7512 I BatteryMgr:DataCollectionService: stats => 1686582319893,-102233,4215
06-12 11:05:20.010  7436  7512 I BatteryMgr:DataCollectionService: stats => 1686582320009,-102233,4215
06-12 11:05:20.125  7436  7512 I BatteryMgr:DataCollectionService: stats => 1686582320125,-102233,4215
06-12 11:05:20.240  7436  7512 I BatteryMgr:DataCollectionService: stats => 1686582320239,-102233,4215
06-12 11:05:20.354  7436  7512 I BatteryMgr:DataCollectionService: stats => 1686582320354,-102233,4215
06-12 11:05:20.469  7436  7512 I BatteryMgr:DataCollectionService: stats => 1686582320468,-102233,4215
06-12 11:05:20.586  7436  7512 I BatteryMgr:DataCollectionService: stats => 1686582320586,-102233,4215
06-12 11:05:20.695  7436  7512 I BatteryMgr:DataCollectionService: stats => 1686582320695,-102233,4215
06-12 11:05:20.810  7436  7512 I BatteryMgr:DataCollectionService: stats => 1686582320810,-102233,4215
06-12 11:05:20.924  7436  7512 I BatteryMgr:DataCollectionService: stats => 1686582320924,-102233,4215
06-12 11:05:21.038  7436  7512 I BatteryMgr:DataCollectionService: stats => 1686582321038,-102233,4215
06-12 11:05:21.151  7436  7512 I BatteryMgr:DataCollectionService: stats => 1686582321151,-102233,4215
06-12 11:05:21.265  7436  7512 I BatteryMgr:DataCollectionService: stats => 1686582321265,-102233,4215
06-12 11:05:21.379  7436  7512 I BatteryMgr:DataCollectionService: stats => 1686582321379,-102233,4215
06-12 11:05:21.494  7436  7512 I BatteryMgr:DataCollectionService: stats => 1686582321494,-102233,4215
06-12 11:05:21.610  7436  7512 I BatteryMgr:DataCollectionService: stats => 1686582321610,-102233,4215
06-12 11:05:21.725  7436  7512 I BatteryMgr:DataCollectionService: stats => 1686582321724,-102233,4215
06-12 11:05:21.836  7436  7512 I BatteryMgr:DataCollectionService: stats => 1686582321836,-102233,4215
06-12 11:05:21.951  7436  7512 I BatteryMgr:DataCollectionService: stats => 1686582321950,-102233,4215
06-12 11:05:22.066  7436  7512 I BatteryMgr:DataCollectionService: stats => 1686582322066,-102233,4215
06-12 11:05:22.179  7436  7512 I BatteryMgr:DataCollectionService: stats => 1686582322179,-102233,4215
06-12 11:05:22.293  7436  7512 I BatteryMgr:DataCollectionService: stats => 1686582322293,-102233,4215
06-12 11:05:22.407  7436  7512 I BatteryMgr:DataCollectionService: stats => 1686582322407,-102233,4215
06-12 11:05:22.522  7436  7512 I BatteryMgr:DataCollectionService: stats => 1686582322522,-102233,4215
06-12 11:05:22.638  7436  7512 I BatteryMgr:DataCollectionService: stats => 1686582322637,-102233,4215
06-12 11:05:22.753  7436  7512 I BatteryMgr:DataCollectionService: stats => 1686582322753,-102233,4215
06-12 11:05:22.866  7436  7512 I BatteryMgr:DataCollectionService: stats => 1686582322866,-102233,4215
06-12 11:05:22.982  7436  7512 I BatteryMgr:DataCollectionService: stats => 1686582322982,-102233,4215
06-12 11:05:23.098  7436  7512 I BatteryMgr:DataCollectionService: stats => 1686582323098,-102233,4215
06-12 11:05:23.213  7436  7512 I BatteryMgr:DataCollectionService: stats => 1686582323213,-102233,4215
06-12 11:05:23.327  7436  7512 I BatteryMgr:DataCollectionService: stats => 1686582323327,-102233,4215
06-12 11:05:23.443  7436  7512 I BatteryMgr:DataCollectionService: stats => 1686582323443,-102233,4215
06-12 11:05:23.556  7436  7512 I BatteryMgr:DataCollectionService: stats => 1686582323556,-102233,4215
06-12 11:05:23.681  7436  7512 I BatteryMgr:DataCollectionService: stats => 1686582323681,-102233,4215
06-12 11:05:23.793  7436  7512 I BatteryMgr:DataCollectionService: stats => 1686582323793,-102233,4215
06-12 11:05:23.907  7436  7512 I BatteryMgr:DataCollectionService: stats => 1686582323906,-102233,4215
06-12 11:05:24.021  7436  7512 I BatteryMgr:DataCollectionService: stats => 1686582324020,-102233,4215
06-12 11:05:24.135  7436  7512 I BatteryMgr:DataCollectionService: stats => 1686582324135,-102233,4215
06-12 11:05:24.250  7436  7512 I BatteryMgr:DataCollectionService: stats => 1686582324250,-102233,4215
06-12 11:05:24.366  7436  7512 I BatteryMgr:DataCollectionService: stats => 1686582324366,-102233,4215
06-12 11:05:24.480  7436  7512 I BatteryMgr:DataCollectionService: stats => 1686582324479,-102233,4215
06-12 11:05:24.595  7436  7512 I BatteryMgr:DataCollectionService: stats => 1686582324594,-102233,4215
06-12 11:05:24.711  7436  7512 I BatteryMgr:DataCollectionService: stats => 1686582324710,-102233,4215
06-12 11:05:24.826  7436  7512 I BatteryMgr:DataCollectionService: stats => 1686582324826,-102233,4215
06-12 11:05:24.942  7436  7512 I BatteryMgr:DataCollectionService: stats => 1686582324942,-102233,4215
06-12 11:05:25.056  7436  7512 I BatteryMgr:DataCollectionService: stats => 1686582325056,-102233,4215
06-12 11:05:25.170  7436  7512 I BatteryMgr:DataCollectionService: stats => 1686582325170,-102233,4215
06-12 11:05:25.284  7436  7512 I BatteryMgr:DataCollectionService: stats => 1686582325283,-102233,4215
06-12 11:05:25.399  7436  7512 I BatteryMgr:DataCollectionService: stats => 1686582325398,-102233,4215
06-12 11:05:25.446   753  3242 D WificondControl: Scan result ready event
06-12 11:05:25.497 16034 16733 I ChimeraSrvcProxy: NullBinder for android.net.action.RECOMMEND_NETWORKS triggering remote TransactionTooLargeException due to Service without Chimera impl
06-12 11:05:25.505  7436  7512 I BatteryMgr:DataCollectionService: stats => 1686582325505,-102233,4215
06-12 11:05:25.617  7436  7512 I BatteryMgr:DataCollectionService: stats => 1686582325617,-102233,4215
06-12 11:05:25.731  7436  7512 I BatteryMgr:DataCollectionService: stats => 1686582325731,-102233,4215
06-12 11:05:25.847  7436  7512 I BatteryMgr:DataCollectionService: stats => 1686582325846,-102233,4215
06-12 11:05:25.960  7436  7512 I BatteryMgr:DataCollectionService: stats => 1686582325960,-102233,4215
06-12 11:05:26.073  7436  7512 I BatteryMgr:DataCollectionService: stats => 1686582326073,-102233,4215
06-12 11:05:26.193  7436  7512 I BatteryMgr:DataCollectionService: stats => 1686582326192,-102233,4215
06-12 11:05:26.306  7436  7512 I BatteryMgr:DataCollectionService: stats => 1686582326306,-102233,4215
06-12 11:05:26.419  7436  7512 I BatteryMgr:DataCollectionService: stats => 1686582326419,-102233,4215
06-12 11:05:26.532  7436  7512 I BatteryMgr:DataCollectionService: stats => 1686582326532,-102233,4215
06-12 11:05:26.650  7436  7512 I BatteryMgr:DataCollectionService: stats => 1686582326650,-102233,4215
06-12 11:05:26.761  7436  7512 I BatteryMgr:DataCollectionService: stats => 1686582326761,-102233,4215
06-12 11:05:26.875  7436  7512 I BatteryMgr:DataCollectionService: stats => 1686582326875,-102233,4215
06-12 11:05:26.988  7436  7512 I BatteryMgr:DataCollectionService: stats => 1686582326988,-102233,4215
06-12 11:05:27.103  7436  7512 I BatteryMgr:DataCollectionService: stats => 1686582327102,-102233,4215
06-12 11:05:27.218  7436  7512 I BatteryMgr:DataCollectionService: stats => 1686582327217,-102233,4215
06-12 11:05:27.332  7436  7512 I BatteryMgr:DataCollectionService: stats => 1686582327332,-102233,4215
06-12 11:05:27.449  7436  7512 I BatteryMgr:DataCollectionService: stats => 1686582327449,-102233,4215
06-12 11:05:27.563  7436  7512 I BatteryMgr:DataCollectionService: stats => 1686582327563,-102233,4215
06-12 11:05:27.677  7436  7512 I BatteryMgr:DataCollectionService: stats => 1686582327677,-102233,4215
06-12 11:05:27.794  7436  7512 I BatteryMgr:DataCollectionService: stats => 1686582327793,-102233,4215
06-12 11:05:27.908  7436  7512 I BatteryMgr:DataCollectionService: stats => 1686582327907,-102233,4215
06-12 11:05:28.023  7436  7512 I BatteryMgr:DataCollectionService: stats => 1686582328022,-102233,4215
06-12 11:05:28.135  7436  7512 I BatteryMgr:DataCollectionService: stats => 1686582328135,-102233,4215
06-12 11:05:28.250  7436  7512 I BatteryMgr:DataCollectionService: stats => 1686582328249,-102233,4215
06-12 11:05:28.366  7436  7512 I BatteryMgr:DataCollectionService: stats => 1686582328366,-102233,4215
06-12 11:05:28.480  7436  7512 I BatteryMgr:DataCollectionService: stats => 1686582328479,-102233,4215
06-12 11:05:28.595  7436  7512 I BatteryMgr:DataCollectionService: stats => 1686582328595,-102233,4215
06-12 11:05:28.707  7436  7512 I BatteryMgr:DataCollectionService: stats => 1686582328707,-102233,4215
06-12 11:05:28.823  7436  7512 I BatteryMgr:DataCollectionService: stats => 1686582328823,-102233,4215
06-12 11:05:28.939  7436  7512 I BatteryMgr:DataCollectionService: stats => 1686582328938,-102233,4215
06-12 11:05:29.056  7436  7512 I BatteryMgr:DataCollectionService: stats => 1686582329056,-102233,4215
06-12 11:05:29.171  7436  7512 I BatteryMgr:DataCollectionService: stats => 1686582329171,-102233,4215
06-12 11:05:29.286  7436  7512 I BatteryMgr:DataCollectionService: stats => 1686582329286,-102233,4215
06-12 11:05:29.399  7436  7512 I BatteryMgr:DataCollectionService: stats => 1686582329399,-102233,4215
06-12 11:05:29.514  7436  7512 I BatteryMgr:DataCollectionService: stats => 1686582329514,-102233,4215
06-12 11:05:29.627  7436  7512 I BatteryMgr:DataCollectionService: stats => 1686582329627,-102233,4215
06-12 11:05:29.737  7436  7512 I BatteryMgr:DataCollectionService: stats => 1686582329737,-102233,4215
06-12 11:05:29.850  7436  7512 I BatteryMgr:DataCollectionService: stats => 1686582329850,-102233,4215
06-12 11:05:29.964  7436  7512 I BatteryMgr:DataCollectionService: stats => 1686582329963,-102233,4215
06-12 11:05:30.080  7436  7512 I BatteryMgr:DataCollectionService: stats => 1686582330079,-102233,4215
06-12 11:05:30.193  7436  7512 I BatteryMgr:DataCollectionService: stats => 1686582330193,-102233,4215
06-12 11:05:30.307  7436  7512 I BatteryMgr:DataCollectionService: stats => 1686582330307,-102233,4215
06-12 11:05:30.420  7436  7512 I BatteryMgr:DataCollectionService: stats => 1686582330420,-102233,4215
06-12 11:05:30.535  7436  7512 I BatteryMgr:DataCollectionService: stats => 1686582330535,-102233,4215
06-12 11:05:30.649  7436  7512 I BatteryMgr:DataCollectionService: stats => 1686582330649,-102233,4215
06-12 11:05:30.764  7436  7512 I BatteryMgr:DataCollectionService: stats => 1686582330763,-102233,4215
06-12 11:05:30.880  7436  7512 I BatteryMgr:DataCollectionService: stats => 1686582330880,-102233,4215
06-12 11:05:30.995  7436  7512 I BatteryMgr:DataCollectionService: stats => 1686582330995,-102233,4215
06-12 11:05:31.107  7436  7512 I BatteryMgr:DataCollectionService: stats => 1686582331106,-102233,4215
06-12 11:05:31.223  7436  7512 I BatteryMgr:DataCollectionService: stats => 1686582331222,-102233,4215
06-12 11:05:31.337  7436  7512 I BatteryMgr:DataCollectionService: stats => 1686582331336,-102233,4215
06-12 11:05:31.449  7436  7512 I BatteryMgr:DataCollectionService: stats => 1686582331449,-102233,4215
06-12 11:05:31.561  7436  7512 I BatteryMgr:DataCollectionService: stats => 1686582331561,-102233,4215
06-12 11:05:31.676  7436  7512 I BatteryMgr:DataCollectionService: stats => 1686582331675,-102233,4215
06-12 11:05:31.789  7436  7512 I BatteryMgr:DataCollectionService: stats => 1686582331789,-102233,4215
06-12 11:05:31.904  7436  7512 I BatteryMgr:DataCollectionService: stats => 1686582331904,-102233,4215
06-12 11:05:32.020  7436  7512 I BatteryMgr:DataCollectionService: stats => 1686582332019,-102233,4215
06-12 11:05:32.133  7436  7512 I BatteryMgr:DataCollectionService: stats => 1686582332133,-102233,4215
06-12 11:05:32.246  7436  7512 I BatteryMgr:DataCollectionService: stats => 1686582332246,-102233,4215
06-12 11:05:32.358  7436  7512 I BatteryMgr:DataCollectionService: stats => 1686582332358,-102233,4215
06-12 11:05:32.471  7436  7512 I BatteryMgr:DataCollectionService: stats => 1686582332471,-102233,4215
06-12 11:05:32.583  7436  7512 I BatteryMgr:DataCollectionService: stats => 1686582332583,-102233,4215
06-12 11:05:32.709  7436  7512 I BatteryMgr:DataCollectionService: stats => 1686582332709,-102233,4215
06-12 11:05:32.822  7436  7512 I BatteryMgr:DataCollectionService: stats => 1686582332822,-102233,4215
06-12 11:05:32.934  7436  7512 I BatteryMgr:DataCollectionService: stats => 1686582332934,-102233,4215
06-12 11:05:33.047  7436  7512 I BatteryMgr:DataCollectionService: stats => 1686582333047,-102233,4215
06-12 11:05:33.160  7436  7512 I BatteryMgr:DataCollectionService: stats => 1686582333160,-102233,4215
06-12 11:05:33.276  7436  7512 I BatteryMgr:DataCollectionService: stats => 1686582333276,-102233,4215
06-12 11:05:33.389  7436  7512 I BatteryMgr:DataCollectionService: stats => 1686582333389,-102233,4215
06-12 11:05:33.503  7436  7512 I BatteryMgr:DataCollectionService: stats => 1686582333503,-102233,4215
06-12 11:05:33.620  7436  7512 I BatteryMgr:DataCollectionService: stats => 1686582333620,-102233,4215
06-12 11:05:33.737  7436  7512 I BatteryMgr:DataCollectionService: stats => 1686582333737,-102233,4215
06-12 11:05:33.850  7436  7512 I BatteryMgr:DataCollectionService: stats => 1686582333849,-102233,4215
06-12 11:05:33.963  7436  7512 I BatteryMgr:DataCollectionService: stats => 1686582333963,-102233,4215
06-12 11:05:34.077  7436  7512 I BatteryMgr:DataCollectionService: stats => 1686582334076,-102233,4215
06-12 11:05:34.192  7436  7512 I BatteryMgr:DataCollectionService: stats => 1686582334192,-102233,4215
06-12 11:05:34.306  7436  7512 I BatteryMgr:DataCollectionService: stats => 1686582334306,-102233,4215
06-12 11:05:34.419  7436  7512 I BatteryMgr:DataCollectionService: stats => 1686582334418,-102233,4215
06-12 11:05:34.535  7436  7512 I BatteryMgr:DataCollectionService: stats => 1686582334535,-102233,4215
06-12 11:05:34.648  7436  7512 I BatteryMgr:DataCollectionService: stats => 1686582334648,-102233,4215
06-12 11:05:34.763  7436  7512 I BatteryMgr:DataCollectionService: stats => 1686582334763,-102233,4215
06-12 11:05:34.875  7436  7512 I BatteryMgr:DataCollectionService: stats => 1686582334875,-102233,4215
06-12 11:05:34.988  7436  7512 I BatteryMgr:DataCollectionService: stats => 1686582334988,-102233,4215
06-12 11:05:35.102  7436  7512 I BatteryMgr:DataCollectionService: stats => 1686582335102,-102233,4215
06-12 11:05:35.218  7436  7512 I BatteryMgr:DataCollectionService: stats => 1686582335217,-102233,4215
06-12 11:05:35.332  7436  7512 I BatteryMgr:DataCollectionService: stats => 1686582335331,-102233,4215
06-12 11:05:35.444  7436  7512 I BatteryMgr:DataCollectionService: stats => 1686582335443,-102233,4215
06-12 11:05:35.556  7436  7512 I BatteryMgr:DataCollectionService: stats => 1686582335556,-102233,4215
06-12 11:05:35.670  7436  7512 I BatteryMgr:DataCollectionService: stats => 1686582335669,-102233,4215
06-12 11:05:35.781  7436  7512 I BatteryMgr:DataCollectionService: stats => 1686582335781,-102233,4215
06-12 11:05:35.899  7436  7512 I BatteryMgr:DataCollectionService: stats => 1686582335899,-102233,4215
06-12 11:05:36.013  7436  7512 I BatteryMgr:DataCollectionService: stats => 1686582336012,-102233,4215
06-12 11:05:36.126  7436  7512 I BatteryMgr:DataCollectionService: stats => 1686582336126,-102233,4215
06-12 11:05:36.238  7436  7512 I BatteryMgr:DataCollectionService: stats => 1686582336237,-102233,4215
06-12 11:05:36.359  7436  7512 I BatteryMgr:DataCollectionService: stats => 1686582336359,-102233,4215
06-12 11:05:36.472  7436  7512 I BatteryMgr:DataCollectionService: stats => 1686582336472,-102233,4215
06-12 11:05:36.586  7436  7512 I BatteryMgr:DataCollectionService: stats => 1686582336586,-102233,4215
06-12 11:05:36.700  7436  7512 I BatteryMgr:DataCollectionService: stats => 1686582336700,-102233,4215
06-12 11:05:36.816  7436  7512 I BatteryMgr:DataCollectionService: stats => 1686582336816,-102233,4215
06-12 11:05:36.929  7436  7512 I BatteryMgr:DataCollectionService: stats => 1686582336929,-102233,4215
06-12 11:05:37.043  7436  7512 I BatteryMgr:DataCollectionService: stats => 1686582337043,-102233,4215
06-12 11:05:37.155  7436  7512 I BatteryMgr:DataCollectionService: stats => 1686582337155,-102233,4215
06-12 11:05:37.269  7436  7512 I BatteryMgr:DataCollectionService: stats => 1686582337269,-102233,4215
06-12 11:05:37.383  7436  7512 I BatteryMgr:DataCollectionService: stats => 1686582337383,-102233,4215
06-12 11:05:37.496  7436  7512 I BatteryMgr:DataCollectionService: stats => 1686582337496,-102233,4215
06-12 11:05:37.610  7436  7512 I BatteryMgr:DataCollectionService: stats => 1686582337609,-102233,4215
06-12 11:05:37.725  7436  7512 I BatteryMgr:DataCollectionService: stats => 1686582337725,-102233,4215
06-12 11:05:37.840  7436  7512 I BatteryMgr:DataCollectionService: stats => 1686582337839,-102233,4215
06-12 11:05:37.953  7436  7512 I BatteryMgr:DataCollectionService: stats => 1686582337953,-102233,4215
06-12 11:05:38.069  7436  7512 I BatteryMgr:DataCollectionService: stats => 1686582338069,-102233,4215
06-12 11:05:38.183  7436  7512 I BatteryMgr:DataCollectionService: stats => 1686582338182,-102233,4215
06-12 11:05:38.300  7436  7512 I BatteryMgr:DataCollectionService: stats => 1686582338300,-102233,4215
06-12 11:05:38.416  7436  7512 I BatteryMgr:DataCollectionService: stats => 1686582338416,-102233,4215
06-12 11:05:38.532  7436  7512 I BatteryMgr:DataCollectionService: stats => 1686582338532,-102233,4215
06-12 11:05:38.647  7436  7512 I BatteryMgr:DataCollectionService: stats => 1686582338647,-102233,4215
06-12 11:05:38.758  7436  7512 I BatteryMgr:DataCollectionService: stats => 1686582338758,-102233,4215
06-12 11:05:38.873  7436  7512 I BatteryMgr:DataCollectionService: stats => 1686582338873,-102233,4215
06-12 11:05:38.984  7436  7512 I BatteryMgr:DataCollectionService: stats => 1686582338984,-102233,4215
06-12 11:05:39.098  7436  7512 I BatteryMgr:DataCollectionService: stats => 1686582339098,-102233,4215
06-12 11:05:39.212  7436  7512 I BatteryMgr:DataCollectionService: stats => 1686582339212,-102233,4215
06-12 11:05:39.326  7436  7512 I BatteryMgr:DataCollectionService: stats => 1686582339326,-102233,4215
06-12 11:05:39.440  7436  7512 I BatteryMgr:DataCollectionService: stats => 1686582339440,-102233,4215
06-12 11:05:39.557  7436  7512 I BatteryMgr:DataCollectionService: stats => 1686582339557,-102233,4215
06-12 11:05:39.670  7436  7512 I BatteryMgr:DataCollectionService: stats => 1686582339670,-102233,4215
06-12 11:05:39.782  7436  7512 I BatteryMgr:DataCollectionService: stats => 1686582339782,-102233,4215
06-12 11:05:39.895  7436  7512 I BatteryMgr:DataCollectionService: stats => 1686582339895,-102233,4215
06-12 11:05:40.010  7436  7512 I BatteryMgr:DataCollectionService: stats => 1686582340009,-102233,4215
06-12 11:05:40.126  7436  7512 I BatteryMgr:DataCollectionService: stats => 1686582340126,-102233,4215
06-12 11:05:40.239  7436  7512 I BatteryMgr:DataCollectionService: stats => 1686582340238,-102233,4215
06-12 11:05:40.354  7436  7512 I BatteryMgr:DataCollectionService: stats => 1686582340353,-102233,4215
06-12 11:05:40.467  7436  7512 I BatteryMgr:DataCollectionService: stats => 1686582340467,-102233,4215
06-12 11:05:40.580  7436  7512 I BatteryMgr:DataCollectionService: stats => 1686582340580,-102233,4215
06-12 11:05:40.695  7436  7512 I BatteryMgr:DataCollectionService: stats => 1686582340695,-102233,4215
06-12 11:05:40.809  7436  7512 I BatteryMgr:DataCollectionService: stats => 1686582340809,-102233,4215
06-12 11:05:40.923  7436  7512 I BatteryMgr:DataCollectionService: stats => 1686582340923,-102233,4215
06-12 11:05:41.038  7436  7512 I BatteryMgr:DataCollectionService: stats => 1686582341038,-102233,4215
06-12 11:05:41.151  7436  7512 I BatteryMgr:DataCollectionService: stats => 1686582341150,-102233,4215
06-12 11:05:41.263  7436  7512 I BatteryMgr:DataCollectionService: stats => 1686582341263,-102233,4215
06-12 11:05:41.376  7436  7512 I BatteryMgr:DataCollectionService: stats => 1686582341375,-102233,4215
06-12 11:05:41.489  7436  7512 I BatteryMgr:DataCollectionService: stats => 1686582341489,-102233,4215
06-12 11:05:41.601  7436  7512 I BatteryMgr:DataCollectionService: stats => 1686582341601,-102233,4215
06-12 11:05:41.719  7436  7512 I BatteryMgr:DataCollectionService: stats => 1686582341718,-102233,4215
06-12 11:05:41.827  7436  7512 I BatteryMgr:DataCollectionService: stats => 1686582341827,-102233,4215
06-12 11:05:41.940  7436  7512 I BatteryMgr:DataCollectionService: stats => 1686582341940,-102233,4215
06-12 11:05:42.058  7436  7512 I BatteryMgr:DataCollectionService: stats => 1686582342057,-102233,4215
06-12 11:05:42.171  7436  7512 I BatteryMgr:DataCollectionService: stats => 1686582342171,-102233,4215
06-12 11:05:42.285  7436  7512 I BatteryMgr:DataCollectionService: stats => 1686582342285,-102233,4215
06-12 11:05:42.397  7436  7512 I BatteryMgr:DataCollectionService: stats => 1686582342397,-102233,4215
06-12 11:05:42.512  7436  7512 I BatteryMgr:DataCollectionService: stats => 1686582342511,-102233,4215
06-12 11:05:42.624  7436  7512 I BatteryMgr:DataCollectionService: stats => 1686582342624,-102233,4215
06-12 11:05:42.736  7436  7512 I BatteryMgr:DataCollectionService: stats => 1686582342736,-102233,4215
06-12 11:05:42.850  7436  7512 I BatteryMgr:DataCollectionService: stats => 1686582342850,-102233,4215
06-12 11:05:42.963  7436  7512 I BatteryMgr:DataCollectionService: stats => 1686582342962,-102233,4215
06-12 11:05:43.079  7436  7512 I BatteryMgr:DataCollectionService: stats => 1686582343079,-102233,4215
06-12 11:05:43.193  7436  7512 I BatteryMgr:DataCollectionService: stats => 1686582343192,-102233,4215
06-12 11:05:43.307  7436  7512 I BatteryMgr:DataCollectionService: stats => 1686582343306,-102233,4215
06-12 11:05:43.419  7436  7512 I BatteryMgr:DataCollectionService: stats => 1686582343419,-102233,4215
06-12 11:05:43.532  7436  7512 I BatteryMgr:DataCollectionService: stats => 1686582343532,-102233,4215
06-12 11:05:43.645  7436  7512 I BatteryMgr:DataCollectionService: stats => 1686582343645,-102233,4215
06-12 11:05:43.759  7436  7512 I BatteryMgr:DataCollectionService: stats => 1686582343759,-102233,4215
06-12 11:05:43.876  7436  7512 I BatteryMgr:DataCollectionService: stats => 1686582343875,-102233,4215
06-12 11:05:43.993  7436  7512 I BatteryMgr:DataCollectionService: stats => 1686582343993,-102233,4215
06-12 11:05:44.109  7436  7512 I BatteryMgr:DataCollectionService: stats => 1686582344109,-102233,4215
06-12 11:05:44.223  7436  7512 I BatteryMgr:DataCollectionService: stats => 1686582344223,-102233,4215
06-12 11:05:44.335  7436  7512 I BatteryMgr:DataCollectionService: stats => 1686582344335,-102233,4215
06-12 11:05:44.446  7436  7512 I BatteryMgr:DataCollectionService: stats => 1686582344446,-102233,4215
06-12 11:05:44.559  7436  7512 I BatteryMgr:DataCollectionService: stats => 1686582344558,-102233,4215
06-12 11:05:44.671  7436  7512 I BatteryMgr:DataCollectionService: stats => 1686582344671,-102233,4215
06-12 11:05:44.783  7436  7512 I BatteryMgr:DataCollectionService: stats => 1686582344782,-102233,4215
06-12 11:05:44.895  7436  7512 I BatteryMgr:DataCollectionService: stats => 1686582344894,-102233,4215
06-12 11:05:45.007  7436  7512 I BatteryMgr:DataCollectionService: stats => 1686582345007,-102233,4215
06-12 11:05:45.119  7436  7512 I BatteryMgr:DataCollectionService: stats => 1686582345119,-102233,4215
06-12 11:05:45.232  7436  7512 I BatteryMgr:DataCollectionService: stats => 1686582345232,-102233,4215
06-12 11:05:45.345  7436  7512 I BatteryMgr:DataCollectionService: stats => 1686582345345,-102233,4215
06-12 11:05:45.458  7436  7512 I BatteryMgr:DataCollectionService: stats => 1686582345458,-102233,4215
06-12 11:05:45.571  7436  7512 I BatteryMgr:DataCollectionService: stats => 1686582345571,-102233,4215
06-12 11:05:45.684  7436  7512 I BatteryMgr:DataCollectionService: stats => 1686582345683,-102233,4215
06-12 11:05:45.798  7436  7512 I BatteryMgr:DataCollectionService: stats => 1686582345798,-102233,4215
06-12 11:05:45.912  7436  7512 I BatteryMgr:DataCollectionService: stats => 1686582345912,-102233,4215
06-12 11:05:46.024  7436  7512 I BatteryMgr:DataCollectionService: stats => 1686582346024,-102233,4215
06-12 11:05:46.136  7436  7512 I BatteryMgr:DataCollectionService: stats => 1686582346136,-102233,4215
06-12 11:05:46.250  7436  7512 I BatteryMgr:DataCollectionService: stats => 1686582346249,-102233,4215
06-12 11:05:46.364  7436  7512 I BatteryMgr:DataCollectionService: stats => 1686582346364,-102233,4215
06-12 11:05:46.477  7436  7512 I BatteryMgr:DataCollectionService: stats => 1686582346476,-102233,4215
06-12 11:05:46.589  7436  7512 I BatteryMgr:DataCollectionService: stats => 1686582346589,-102233,4215
06-12 11:05:46.703  7436  7512 I BatteryMgr:DataCollectionService: stats => 1686582346703,-102233,4215
06-12 11:05:46.816  7436  7512 I BatteryMgr:DataCollectionService: stats => 1686582346816,-102233,4215
06-12 11:05:46.929  7436  7512 I BatteryMgr:DataCollectionService: stats => 1686582346929,-102233,4215
06-12 11:05:47.042  7436  7512 I BatteryMgr:DataCollectionService: stats => 1686582347042,-102233,4215
06-12 11:05:47.155  7436  7512 I BatteryMgr:DataCollectionService: stats => 1686582347154,-102233,4215
06-12 11:05:47.270  7436  7512 I BatteryMgr:DataCollectionService: stats => 1686582347269,-102233,4215
06-12 11:05:47.388  7436  7512 I BatteryMgr:DataCollectionService: stats => 1686582347388,-102233,4215
06-12 11:05:47.504  7436  7512 I BatteryMgr:DataCollectionService: stats => 1686582347504,-102233,4215
06-12 11:05:47.619  7436  7512 I BatteryMgr:DataCollectionService: stats => 1686582347617,-102233,4215
06-12 11:05:47.732  7436  7512 I BatteryMgr:DataCollectionService: stats => 1686582347732,-102233,4215
06-12 11:05:47.844  7436  7512 I BatteryMgr:DataCollectionService: stats => 1686582347843,-102233,4215
06-12 11:05:47.955  7436  7512 I BatteryMgr:DataCollectionService: stats => 1686582347955,-102233,4215
06-12 11:05:48.069  7436  7512 I BatteryMgr:DataCollectionService: stats => 1686582348069,-102233,4215
06-12 11:05:48.182  7436  7512 I BatteryMgr:DataCollectionService: stats => 1686582348181,-102233,4215
06-12 11:05:48.299  7436  7512 I BatteryMgr:DataCollectionService: stats => 1686582348298,-102233,4215
06-12 11:05:48.413  7436  7512 I BatteryMgr:DataCollectionService: stats => 1686582348413,-109252,4215
06-12 11:05:48.527  7436  7512 I BatteryMgr:DataCollectionService: stats => 1686582348527,-109252,4215
06-12 11:05:48.641  7436  7512 I BatteryMgr:DataCollectionService: stats => 1686582348641,-109252,4215
06-12 11:05:48.754  7436  7512 I BatteryMgr:DataCollectionService: stats => 1686582348754,-109252,4215
06-12 11:05:48.870  7436  7512 I BatteryMgr:DataCollectionService: stats => 1686582348869,-109252,4215
06-12 11:05:48.984  7436  7512 I BatteryMgr:DataCollectionService: stats => 1686582348984,-109252,4215
06-12 11:05:49.097  7436  7512 I BatteryMgr:DataCollectionService: stats => 1686582349097,-109252,4215
06-12 11:05:49.212  7436  7512 I BatteryMgr:DataCollectionService: stats => 1686582349211,-109252,4215
06-12 11:05:49.323  7436  7512 I BatteryMgr:DataCollectionService: stats => 1686582349323,-109252,4215
06-12 11:05:49.444  7436  7512 I BatteryMgr:DataCollectionService: stats => 1686582349444,-109252,4215
06-12 11:05:49.558  7436  7512 I BatteryMgr:DataCollectionService: stats => 1686582349557,-109252,4215
06-12 11:05:49.672  7436  7512 I BatteryMgr:DataCollectionService: stats => 1686582349672,-109252,4215
06-12 11:05:49.786  7436  7512 I BatteryMgr:DataCollectionService: stats => 1686582349786,-109252,4215
06-12 11:05:49.899  7436  7512 I BatteryMgr:DataCollectionService: stats => 1686582349899,-109252,4215
06-12 11:05:50.013  7436  7512 I BatteryMgr:DataCollectionService: stats => 1686582350013,-109252,4215
06-12 11:05:50.129  7436  7512 I BatteryMgr:DataCollectionService: stats => 1686582350128,-109252,4215
06-12 11:05:50.246  7436  7512 I BatteryMgr:DataCollectionService: stats => 1686582350246,-109252,4215
06-12 11:05:50.360  7436  7512 I BatteryMgr:DataCollectionService: stats => 1686582350359,-109252,4215
06-12 11:05:50.471  7436  7512 I BatteryMgr:DataCollectionService: stats => 1686582350471,-109252,4215
06-12 11:05:50.584  7436  7512 I BatteryMgr:DataCollectionService: stats => 1686582350583,-109252,4215
06-12 11:05:50.697  7436  7512 I BatteryMgr:DataCollectionService: stats => 1686582350696,-109252,4215
06-12 11:05:50.810  7436  7512 I BatteryMgr:DataCollectionService: stats => 1686582350810,-109252,4215
06-12 11:05:50.924  7436  7512 I BatteryMgr:DataCollectionService: stats => 1686582350924,-109252,4215
06-12 11:05:51.042  7436  7512 I BatteryMgr:DataCollectionService: stats => 1686582351041,-109252,4215
06-12 11:05:51.154  7436  7512 I BatteryMgr:DataCollectionService: stats => 1686582351154,-109252,4215
06-12 11:05:51.266  7436  7512 I BatteryMgr:DataCollectionService: stats => 1686582351266,-109252,4215
06-12 11:05:51.380  7436  7512 I BatteryMgr:DataCollectionService: stats => 1686582351380,-109252,4215
06-12 11:05:51.493  7436  7512 I BatteryMgr:DataCollectionService: stats => 1686582351493,-109252,4215
06-12 11:05:51.605  7436  7512 I BatteryMgr:DataCollectionService: stats => 1686582351604,-109252,4215
06-12 11:05:51.719  7436  7512 I BatteryMgr:DataCollectionService: stats => 1686582351719,-109252,4215
06-12 11:05:51.827  7436  7512 I BatteryMgr:DataCollectionService: stats => 1686582351827,-109252,4215
06-12 11:05:51.887   753   779 E NotificationService: Suppressing notification from package by user request.
06-12 11:05:52.088   753 15608 I ActivityManager: Force stopping e.www.httpsrequesttest appid=10208 user=0: from pid 7560
06-12 11:05:52.088   753 15608 I ActivityManager: Killing 7468:e.www.httpsrequesttest/u0a208 (adj 0): stop e.www.httpsrequesttest
06-12 11:05:52.089   753 15608 W ActivityManager: Force removing ActivityRecord{fef4261 u0 e.www.httpsrequesttest/.MainActivity t1333}: app died, no saved state
06-12 11:05:52.089   753   781 W zygote64: kill(-7468, 9) failed: No such process
06-12 11:05:52.094   753 15608 I WindowManager: Failed to capture screenshot of Token{71f0186 ActivityRecord{fef4261 u0 e.www.httpsrequesttest/.MainActivity t1333 f}} appWin=Window{18a003c u0 e.www.httpsrequesttest/e.www.httpsrequesttest.MainActivity} drawState=4
06-12 11:05:52.122  1539  1539 D CarrierSvcBindHelper: No carrier app for: 0
06-12 11:05:52.131   753   781 W zygote64: kill(-7468, 9) failed: No such process
06-12 11:05:52.131   753   781 I zygote64: Successfully killed process cgroup uid 10208 pid 7468 in 42ms
06-12 11:05:52.133   753   789 W ActivityManager: setHasOverlayUi called on unknown pid: 7468
06-12 11:05:52.138  3126  3126 D RegisteredNfcFServicesCache: Service unchanged, not updating
06-12 11:05:52.178 18762 18762 I GoogleInputMethodService: GoogleInputMethodService.onFinishInput():3307 
06-12 11:05:52.180 18762 18762 I GoogleInputMethodService: GoogleInputMethodService.updateDeviceLockedStatus():2137 repeatCheckTimes = 0, locked = false
06-12 11:05:52.180 18762 18762 I GoogleInputMethodService: GoogleInputMethodService.onStartInput():1917 onStartInput(EditorInfo{inputType=0x0(NULL) imeOptions=0x0 privateImeOptions=null actionName=UNSPECIFIED actionLabel=null actionId=0 initialSelStart=-1 initialSelEnd=-1 initialCapsMode=0x0 hintText=null label=null packageName=com.example.batterymanager_utility fieldId=-1 fieldName=null extras=null hintLocales=[]}, false)
06-12 11:05:52.180 18762 18762 I GoogleInputMethodService: GoogleInputMethodService.shouldHideHeaderOnInitialState():1998 ShouldHideHeaderOnInitialState = false
06-12 11:05:52.181 18762 18762 I GoogleInputMethodService: GoogleInputMethodService.updateDeviceLockedStatus():2137 repeatCheckTimes = 1, locked = false
06-12 11:05:55.358   753  3164 I ActivityManager: Force stopping com.example.batterymanager_utility appid=10111 user=0: from pid 7569
06-12 11:05:55.359   753  3164 I ActivityManager: Killing 7436:com.example.batterymanager_utility/u0a111 (adj 0): stop com.example.batterymanager_utility
06-12 11:05:55.359   753  3164 W ActivityManager: Force removing ActivityRecord{807826 u0 com.example.batterymanager_utility/.MainActivity t1332}: app died, no saved state
06-12 11:05:55.360   753   781 W zygote64: kill(-7436, 9) failed: No such process
06-12 11:05:55.365   753  3164 I WindowManager: Failed to capture screenshot of Token{eb2ec67 ActivityRecord{807826 u0 com.example.batterymanager_utility/.MainActivity t1332 f}} appWin=Window{c344aae u0 com.example.batterymanager_utility/com.example.batterymanager_utility.MainActivity} drawState=4
06-12 11:05:55.399  1539  1539 D CarrierSvcBindHelper: No carrier app for: 0
06-12 11:05:55.406   753   781 W zygote64: kill(-7436, 9) failed: No such process
06-12 11:05:55.406   753   781 I zygote64: Successfully killed process cgroup uid 10111 pid 7436 in 46ms
06-12 11:05:55.410   753   789 W ActivityManager: setHasOverlayUi called on unknown pid: 7436
06-12 11:05:55.413  3126  3126 D RegisteredNfcFServicesCache: Service unchanged, not updating
06-12 11:05:55.429 32380 32380 D PrimesStartupMeasure: Error handling StartupMeasure's onActivityResume
06-12 11:05:55.429 32380 32380 D PrimesStartupMeasure: java.lang.NullPointerException: Attempt to invoke virtual method 'android.view.ViewTreeObserver android.view.View.getViewTreeObserver()' on a null object reference
06-12 11:05:55.429 32380 32380 D PrimesStartupMeasure: 	at com.google.android.libraries.performance.primes.metrics.h.m.onActivityResumed(PG:3)
06-12 11:05:55.429 32380 32380 D PrimesStartupMeasure: 	at android.app.Application.dispatchActivityResumed(Application.java:216)
06-12 11:05:55.429 32380 32380 D PrimesStartupMeasure: 	at android.app.Activity.onResume(Activity.java:1313)
06-12 11:05:55.429 32380 32380 D PrimesStartupMeasure: 	at com.android.launcher3.Launcher.onResume(PG:1)
06-12 11:05:55.429 32380 32380 D PrimesStartupMeasure: 	at android.app.Instrumentation.callActivityOnResume(Instrumentation.java:1355)
06-12 11:05:55.429 32380 32380 D PrimesStartupMeasure: 	at android.app.Activity.performResume(Activity.java:7117)
06-12 11:05:55.429 32380 32380 D PrimesStartupMeasure: 	at android.app.ActivityThread.performResumeActivity(ActivityThread.java:3556)
06-12 11:05:55.429 32380 32380 D PrimesStartupMeasure: 	at android.app.ActivityThread.handleResumeActivity(ActivityThread.java:3621)
06-12 11:05:55.429 32380 32380 D PrimesStartupMeasure: 	at android.app.ActivityThread$H.handleMessage(ActivityThread.java:1638)
06-12 11:05:55.429 32380 32380 D PrimesStartupMeasure: 	at android.os.Handler.dispatchMessage(Handler.java:106)
06-12 11:05:55.429 32380 32380 D PrimesStartupMeasure: 	at android.os.Looper.loop(Looper.java:164)
06-12 11:05:55.429 32380 32380 D PrimesStartupMeasure: 	at android.app.ActivityThread.main(ActivityThread.java:6494)
06-12 11:05:55.429 32380 32380 D PrimesStartupMeasure: 	at java.lang.reflect.Method.invoke(Native Method)
06-12 11:05:55.429 32380 32380 D PrimesStartupMeasure: 	at com.android.internal.os.RuntimeInit$MethodAndArgsCaller.run(RuntimeInit.java:438)
06-12 11:05:55.429 32380 32380 D PrimesStartupMeasure: 	at com.android.internal.os.ZygoteInit.main(ZygoteInit.java:807)
06-12 11:05:55.436   428   428 D SurfaceFlinger: duplicate layer name: changing com.google.android.googlequicksearchbox/com.google.android.launcher.GEL to com.google.android.googlequicksearchbox/com.google.android.launcher.GEL#1
06-12 11:05:55.448 27061 27061 I GsaVoiceInteractionSrv: Handling ACTION_START_HOTWORD
06-12 11:05:55.448 27061 27108 I GsaVoiceInteractionSrv: (REDACTED) disregardHotwordSetting: %b
06-12 11:05:55.448 27061 27108 I GsaVoiceInteractionSrv: Cannot start hotword, hotword has been explicitly disabled.
06-12 11:05:55.460 18762 18762 I GoogleInputMethodService: GoogleInputMethodService.onFinishInput():3307 
06-12 11:05:55.461 18762 18762 I GoogleInputMethodService: GoogleInputMethodService.updateDeviceLockedStatus():2137 repeatCheckTimes = 0, locked = false
06-12 11:05:55.461 18762 18762 I GoogleInputMethodService: GoogleInputMethodService.onStartInput():1917 onStartInput(EditorInfo{inputType=0x0(NULL) imeOptions=0x0 privateImeOptions=null actionName=UNSPECIFIED actionLabel=null actionId=0 initialSelStart=-1 initialSelEnd=-1 initialCapsMode=0x0 hintText=null label=null packageName=com.google.android.googlequicksearchbox fieldId=-1 fieldName=null extras=null hintLocales=[]}, false)
06-12 11:05:55.461 18762 18762 I GoogleInputMethodService: GoogleInputMethodService.shouldHideHeaderOnInitialState():1998 ShouldHideHeaderOnInitialState = false
06-12 11:05:55.463 18762 18762 I GoogleInputMethodService: GoogleInputMethodService.updateDeviceLockedStatus():2137 repeatCheckTimes = 1, locked = false
06-12 11:05:56.001 32380 32415 W OpenGLRenderer: Incorrectly called buildLayer on View: ShortcutAndWidgetContainer, destroying layer...
