07-06 01:42:57.399 24329 24467 I BatteryMgr:DataCollectionService: stats => 1688600577399,-167,4096
07-06 01:42:57.415 24329 24467 I BatteryMgr:DataCollectionService: stats => 1688600577415,-167,4096
07-06 01:42:57.431 24329 24467 I BatteryMgr:DataCollectionService: stats => 1688600577431,-167,4096
07-06 01:42:57.447 24329 24467 I BatteryMgr:DataCollectionService: stats => 1688600577447,-167,4096
07-06 01:42:57.464 24329 24467 I BatteryMgr:DataCollectionService: stats => 1688600577464,-167,4096
07-06 01:42:57.481 24329 24467 I BatteryMgr:DataCollectionService: stats => 1688600577480,-167,4096
07-06 01:42:57.497 24329 24467 I BatteryMgr:DataCollectionService: stats => 1688600577497,-167,4096
07-06 01:42:57.514 24329 24467 I BatteryMgr:DataCollectionService: stats => 1688600577514,-167,4096
07-06 01:42:57.530 24329 24467 I BatteryMgr:DataCollectionService: stats => 1688600577530,-167,4096
07-06 01:42:57.547 24329 24467 I BatteryMgr:DataCollectionService: stats => 1688600577547,-167,4096
07-06 01:42:57.563 24329 24467 I BatteryMgr:DataCollectionService: stats => 1688600577563,-167,4096
07-06 01:42:57.580 24329 24467 I BatteryMgr:DataCollectionService: stats => 1688600577580,-167,4096
07-06 01:42:57.597 24329 24467 I BatteryMgr:DataCollectionService: stats => 1688600577597,-167,4096
07-06 01:42:57.613 24329 24467 I BatteryMgr:DataCollectionService: stats => 1688600577613,-167,4096
07-06 01:42:57.630 24329 24467 I BatteryMgr:DataCollectionService: stats => 1688600577630,-167,4096
07-06 01:42:57.647 24329 24467 I BatteryMgr:DataCollectionService: stats => 1688600577647,-167,4096
07-06 01:42:57.663 24329 24467 I BatteryMgr:DataCollectionService: stats => 1688600577663,-167,4096
07-06 01:42:57.680 24329 24467 I BatteryMgr:DataCollectionService: stats => 1688600577680,-167,4096
07-06 01:42:57.697 24329 24467 I BatteryMgr:DataCollectionService: stats => 1688600577697,-167,4096
07-06 01:42:57.714 24329 24467 I BatteryMgr:DataCollectionService: stats => 1688600577714,-167,4096
07-06 01:42:57.730 24329 24467 I BatteryMgr:DataCollectionService: stats => 1688600577730,-167,4096
07-06 01:42:57.747 24329 24467 I BatteryMgr:DataCollectionService: stats => 1688600577747,-167,4096
07-06 01:42:57.763 24329 24467 I BatteryMgr:DataCollectionService: stats => 1688600577763,-167,4096
07-06 01:42:57.780 24329 24467 I BatteryMgr:DataCollectionService: stats => 1688600577780,-167,4096
07-06 01:42:57.781  3963  4451 E Watchdog: !@Sync 334 [2023-07-06 01:42:57.781]
07-06 01:42:57.797 24329 24467 I BatteryMgr:DataCollectionService: stats => 1688600577797,-167,4096
07-06 01:42:57.813 24329 24467 I BatteryMgr:DataCollectionService: stats => 1688600577813,-167,4096
07-06 01:42:57.830 24329 24467 I BatteryMgr:DataCollectionService: stats => 1688600577830,-167,4096
07-06 01:42:57.846 24329 24467 I BatteryMgr:DataCollectionService: stats => 1688600577846,-167,4096
07-06 01:42:57.863 24329 24467 I BatteryMgr:DataCollectionService: stats => 1688600577863,-167,4096
07-06 01:42:57.879 24329 24467 I BatteryMgr:DataCollectionService: stats => 1688600577879,-167,4096
07-06 01:42:57.896 24329 24467 I BatteryMgr:DataCollectionService: stats => 1688600577896,-167,4096
07-06 01:42:57.913 24329 24467 I BatteryMgr:DataCollectionService: stats => 1688600577913,-167,4096
07-06 01:42:57.929 24329 24467 I BatteryMgr:DataCollectionService: stats => 1688600577929,-167,4096
07-06 01:42:57.946 24329 24467 I BatteryMgr:DataCollectionService: stats => 1688600577945,-167,4096
07-06 01:42:57.962 24329 24467 I BatteryMgr:DataCollectionService: stats => 1688600577962,-167,4096
07-06 01:42:57.978 24329 24467 I BatteryMgr:DataCollectionService: stats => 1688600577978,-167,4096
07-06 01:42:57.995 24329 24467 I BatteryMgr:DataCollectionService: stats => 1688600577995,-167,4096
07-06 01:42:58.011 24329 24467 I BatteryMgr:DataCollectionService: stats => 1688600578011,-167,4096
07-06 01:42:58.028 24329 24467 I BatteryMgr:DataCollectionService: stats => 1688600578028,-167,4096
07-06 01:42:58.030  3963  4035 D SensorService: [SO] 0.091 -0.201 9.917
07-06 01:42:58.045 24329 24467 I BatteryMgr:DataCollectionService: stats => 1688600578045,-167,4096
07-06 01:42:58.061 24329 24467 I BatteryMgr:DataCollectionService: stats => 1688600578061,-167,4096
07-06 01:42:58.078 24329 24467 I BatteryMgr:DataCollectionService: stats => 1688600578078,-167,4096
07-06 01:42:58.094 24329 24467 I BatteryMgr:DataCollectionService: stats => 1688600578094,-167,4096
07-06 01:42:58.111 24329 24467 I BatteryMgr:DataCollectionService: stats => 1688600578111,-167,4096
07-06 01:42:58.127 24329 24467 I BatteryMgr:DataCollectionService: stats => 1688600578127,-167,4096
07-06 01:42:58.143 24329 24467 I BatteryMgr:DataCollectionService: stats => 1688600578143,-167,4096
07-06 01:42:58.160 24329 24467 I BatteryMgr:DataCollectionService: stats => 1688600578160,-167,4096
07-06 01:42:58.177 24329 24467 I BatteryMgr:DataCollectionService: stats => 1688600578177,-167,4096
07-06 01:42:58.193 24329 24467 I BatteryMgr:DataCollectionService: stats => 1688600578193,-167,4096
07-06 01:42:58.212 24329 24467 I BatteryMgr:DataCollectionService: stats => 1688600578211,-167,4096
07-06 01:42:58.228 24329 24467 I BatteryMgr:DataCollectionService: stats => 1688600578228,-167,4096
07-06 01:42:58.245 24329 24467 I BatteryMgr:DataCollectionService: stats => 1688600578245,-167,4096
07-06 01:42:58.261 24329 24467 I BatteryMgr:DataCollectionService: stats => 1688600578261,-167,4096
07-06 01:42:58.277 24329 24467 I BatteryMgr:DataCollectionService: stats => 1688600578277,-167,4096
07-06 01:42:58.294 24329 24467 I BatteryMgr:DataCollectionService: stats => 1688600578294,-167,4096
07-06 01:42:58.310 24329 24467 I BatteryMgr:DataCollectionService: stats => 1688600578310,-167,4096
07-06 01:42:58.334 24329 24467 I BatteryMgr:DataCollectionService: stats => 1688600578334,-167,4096
07-06 01:42:58.348 24329 24467 I BatteryMgr:DataCollectionService: stats => 1688600578348,-167,4096
07-06 01:42:58.362 24329 24467 I BatteryMgr:DataCollectionService: stats => 1688600578362,-167,4096
07-06 01:42:58.376 24329 24467 I BatteryMgr:DataCollectionService: stats => 1688600578376,-167,4096
07-06 01:42:58.389 24329 24467 I BatteryMgr:DataCollectionService: stats => 1688600578389,-167,4096
07-06 01:42:58.403 24329 24467 I BatteryMgr:DataCollectionService: stats => 1688600578403,-167,4096
07-06 01:42:58.418 24329 24467 I BatteryMgr:DataCollectionService: stats => 1688600578418,-167,4096
07-06 01:42:58.434 24329 24467 I BatteryMgr:DataCollectionService: stats => 1688600578434,-167,4096
07-06 01:42:58.451 24329 24467 I BatteryMgr:DataCollectionService: stats => 1688600578451,-167,4096
07-06 01:42:58.467 24329 24467 I BatteryMgr:DataCollectionService: stats => 1688600578467,-167,4096
07-06 01:42:58.484 24329 24467 I BatteryMgr:DataCollectionService: stats => 1688600578484,-167,4096
07-06 01:42:58.500 24329 24467 I BatteryMgr:DataCollectionService: stats => 1688600578500,-167,4096
07-06 01:42:58.517 24329 24467 I BatteryMgr:DataCollectionService: stats => 1688600578517,-167,4096
07-06 01:42:58.534 24329 24467 I BatteryMgr:DataCollectionService: stats => 1688600578533,-167,4096
07-06 01:42:58.550 24329 24467 I BatteryMgr:DataCollectionService: stats => 1688600578550,-167,4096
07-06 01:42:58.566 24329 24467 I BatteryMgr:DataCollectionService: stats => 1688600578566,-167,4096
07-06 01:42:58.583 24329 24467 I BatteryMgr:DataCollectionService: stats => 1688600578583,-167,4096
07-06 01:42:58.599 24329 24467 I BatteryMgr:DataCollectionService: stats => 1688600578599,-167,4096
07-06 01:42:58.616 24329 24467 I BatteryMgr:DataCollectionService: stats => 1688600578616,-167,4096
07-06 01:42:58.633 24329 24467 I BatteryMgr:DataCollectionService: stats => 1688600578633,-167,4096
07-06 01:42:58.649 24329 24467 I BatteryMgr:DataCollectionService: stats => 1688600578649,-167,4096
07-06 01:42:58.666 24329 24467 I BatteryMgr:DataCollectionService: stats => 1688600578666,-167,4096
07-06 01:42:58.682 24329 24467 I BatteryMgr:DataCollectionService: stats => 1688600578682,-167,4096
07-06 01:42:58.699 24329 24467 I BatteryMgr:DataCollectionService: stats => 1688600578699,-167,4096
07-06 01:42:58.715 24329 24467 I BatteryMgr:DataCollectionService: stats => 1688600578715,-167,4096
07-06 01:42:58.732 24329 24467 I BatteryMgr:DataCollectionService: stats => 1688600578732,-167,4096
07-06 01:42:58.748 24329 24467 I BatteryMgr:DataCollectionService: stats => 1688600578748,-167,4096
07-06 01:42:58.765 24329 24467 I BatteryMgr:DataCollectionService: stats => 1688600578765,-167,4096
07-06 01:42:58.782 24329 24467 I BatteryMgr:DataCollectionService: stats => 1688600578781,-167,4096
07-06 01:42:58.798 24329 24467 I BatteryMgr:DataCollectionService: stats => 1688600578798,-167,4096
07-06 01:42:58.814 24329 24467 I BatteryMgr:DataCollectionService: stats => 1688600578814,-167,4096
07-06 01:42:58.831 24329 24467 I BatteryMgr:DataCollectionService: stats => 1688600578831,-167,4096
07-06 01:42:58.847 24329 24467 I BatteryMgr:DataCollectionService: stats => 1688600578847,-167,4096
07-06 01:42:58.864 24329 24467 I BatteryMgr:DataCollectionService: stats => 1688600578864,-167,4096
07-06 01:42:58.880 24329 24467 I BatteryMgr:DataCollectionService: stats => 1688600578880,-167,4096
07-06 01:42:58.898 24329 24467 I BatteryMgr:DataCollectionService: stats => 1688600578898,-167,4096
07-06 01:42:58.914 24329 24467 I BatteryMgr:DataCollectionService: stats => 1688600578914,-167,4096
07-06 01:42:58.930 24329 24467 I BatteryMgr:DataCollectionService: stats => 1688600578930,-167,4096
07-06 01:42:58.947 24329 24467 I BatteryMgr:DataCollectionService: stats => 1688600578947,-167,4096
07-06 01:42:58.963 24329 24467 I BatteryMgr:DataCollectionService: stats => 1688600578963,-167,4096
07-06 01:42:58.980 24329 24467 I BatteryMgr:DataCollectionService: stats => 1688600578980,-167,4096
07-06 01:42:58.996 24329 24467 I BatteryMgr:DataCollectionService: stats => 1688600578996,-167,4096
07-06 01:42:59.013 24329 24467 I BatteryMgr:DataCollectionService: stats => 1688600579013,-167,4096
07-06 01:42:59.030 24329 24467 I BatteryMgr:DataCollectionService: stats => 1688600579029,-167,4096
07-06 01:42:59.046 24329 24467 I BatteryMgr:DataCollectionService: stats => 1688600579046,-167,4096
07-06 01:42:59.062 24329 24467 I BatteryMgr:DataCollectionService: stats => 1688600579062,-167,4096
07-06 01:42:59.079 24329 24467 I BatteryMgr:DataCollectionService: stats => 1688600579079,-167,4096
07-06 01:42:59.095 24329 24467 I BatteryMgr:DataCollectionService: stats => 1688600579095,-167,4096
07-06 01:42:59.112 24329 24467 I BatteryMgr:DataCollectionService: stats => 1688600579112,-167,4096
07-06 01:42:59.129 24329 24467 I BatteryMgr:DataCollectionService: stats => 1688600579128,-167,4096
07-06 01:42:59.145 24329 24467 I BatteryMgr:DataCollectionService: stats => 1688600579145,-167,4096
07-06 01:42:59.162 24329 24467 I BatteryMgr:DataCollectionService: stats => 1688600579161,-167,4096
07-06 01:42:59.178 24329 24467 I BatteryMgr:DataCollectionService: stats => 1688600579178,-167,4096
07-06 01:42:59.194 24329 24467 I BatteryMgr:DataCollectionService: stats => 1688600579194,-167,4096
07-06 01:42:59.211 24329 24467 I BatteryMgr:DataCollectionService: stats => 1688600579210,-167,4096
07-06 01:42:59.227 24329 24467 I BatteryMgr:DataCollectionService: stats => 1688600579227,-167,4096
07-06 01:42:59.244 24329 24467 I BatteryMgr:DataCollectionService: stats => 1688600579244,-167,4096
07-06 01:42:59.260 24329 24467 I BatteryMgr:DataCollectionService: stats => 1688600579260,-167,4096
07-06 01:42:59.277 24329 24467 I BatteryMgr:DataCollectionService: stats => 1688600579277,-167,4096
07-06 01:42:59.293 24329 24467 I BatteryMgr:DataCollectionService: stats => 1688600579293,-167,4096
07-06 01:42:59.310 24329 24467 I BatteryMgr:DataCollectionService: stats => 1688600579310,-167,4096
07-06 01:42:59.323  3435  3435 I android.hardware.wifi@1.0-service: getLinkLayerStats
07-06 01:42:59.326 24329 24467 I BatteryMgr:DataCollectionService: stats => 1688600579326,-167,4096
07-06 01:42:59.343 24329 24467 I BatteryMgr:DataCollectionService: stats => 1688600579342,-167,4096
07-06 01:42:59.359 24329 24467 I BatteryMgr:DataCollectionService: stats => 1688600579359,-167,4096
07-06 01:42:59.375 24329 24467 I BatteryMgr:DataCollectionService: stats => 1688600579375,-167,4096
07-06 01:42:59.392 24329 24467 I BatteryMgr:DataCollectionService: stats => 1688600579392,-167,4096
07-06 01:42:59.408 24329 24467 I BatteryMgr:DataCollectionService: stats => 1688600579408,-167,4096
07-06 01:42:59.425 24329 24467 I BatteryMgr:DataCollectionService: stats => 1688600579425,-167,4096
07-06 01:42:59.441 24329 24467 I BatteryMgr:DataCollectionService: stats => 1688600579441,-167,4096
07-06 01:42:59.457 24329 24467 I BatteryMgr:DataCollectionService: stats => 1688600579457,-167,4096
07-06 01:42:59.473 24329 24467 I BatteryMgr:DataCollectionService: stats => 1688600579473,-167,4096
07-06 01:42:59.490 24329 24467 I BatteryMgr:DataCollectionService: stats => 1688600579490,-167,4096
07-06 01:42:59.506 24329 24467 I BatteryMgr:DataCollectionService: stats => 1688600579506,-167,4096
07-06 01:42:59.523 24329 24467 I BatteryMgr:DataCollectionService: stats => 1688600579523,-167,4096
07-06 01:42:59.539 24329 24467 I BatteryMgr:DataCollectionService: stats => 1688600579539,-167,4096
07-06 01:42:59.556 24329 24467 I BatteryMgr:DataCollectionService: stats => 1688600579555,-167,4096
07-06 01:42:59.572 24329 24467 I BatteryMgr:DataCollectionService: stats => 1688600579572,-167,4096
07-06 01:42:59.589 24329 24467 I BatteryMgr:DataCollectionService: stats => 1688600579588,-167,4096
07-06 01:42:59.605 24329 24467 I BatteryMgr:DataCollectionService: stats => 1688600579605,-167,4096
07-06 01:42:59.622 24329 24467 I BatteryMgr:DataCollectionService: stats => 1688600579622,-167,4096
07-06 01:42:59.638 24329 24467 I BatteryMgr:DataCollectionService: stats => 1688600579638,-167,4096
07-06 01:42:59.655 24329 24467 I BatteryMgr:DataCollectionService: stats => 1688600579655,-167,4096
07-06 01:42:59.671 24329 24467 I BatteryMgr:DataCollectionService: stats => 1688600579671,-167,4096
07-06 01:42:59.688 24329 24467 I BatteryMgr:DataCollectionService: stats => 1688600579688,-167,4096
07-06 01:42:59.704 24329 24467 I BatteryMgr:DataCollectionService: stats => 1688600579704,-167,4096
07-06 01:42:59.721 24329 24467 I BatteryMgr:DataCollectionService: stats => 1688600579721,-167,4096
07-06 01:42:59.738 24329 24467 I BatteryMgr:DataCollectionService: stats => 1688600579738,-167,4096
07-06 01:42:59.755 24329 24467 I BatteryMgr:DataCollectionService: stats => 1688600579755,-167,4096
07-06 01:42:59.768 24329 24467 I BatteryMgr:DataCollectionService: stats => 1688600579768,-167,4096
07-06 01:42:59.782 24329 24467 I BatteryMgr:DataCollectionService: stats => 1688600579782,-167,4096
07-06 01:42:59.795 24329 24467 I BatteryMgr:DataCollectionService: stats => 1688600579795,-167,4096
07-06 01:42:59.809 24329 24467 I BatteryMgr:DataCollectionService: stats => 1688600579809,-167,4096
07-06 01:42:59.822 24329 24467 I BatteryMgr:DataCollectionService: stats => 1688600579822,-167,4096
07-06 01:42:59.839 24329 24467 I BatteryMgr:DataCollectionService: stats => 1688600579839,-167,4096
07-06 01:42:59.855 24329 24467 I BatteryMgr:DataCollectionService: stats => 1688600579855,-167,4096
07-06 01:42:59.871 24329 24467 I BatteryMgr:DataCollectionService: stats => 1688600579871,-167,4096
07-06 01:42:59.888 24329 24467 I BatteryMgr:DataCollectionService: stats => 1688600579888,-167,4096
07-06 01:42:59.904 24329 24467 I BatteryMgr:DataCollectionService: stats => 1688600579904,-167,4096
07-06 01:42:59.921 24329 24467 I BatteryMgr:DataCollectionService: stats => 1688600579921,-167,4096
07-06 01:42:59.937 24329 24467 I BatteryMgr:DataCollectionService: stats => 1688600579937,-167,4096
07-06 01:42:59.954 24329 24467 I BatteryMgr:DataCollectionService: stats => 1688600579954,-167,4096
07-06 01:42:59.970 24329 24467 I BatteryMgr:DataCollectionService: stats => 1688600579970,-167,4096
07-06 01:42:59.986 24329 24467 I BatteryMgr:DataCollectionService: stats => 1688600579986,-167,4096
07-06 01:43:00.000  3963  4048 D SamsungAlarmManager: Expired : 8
07-06 01:43:00.001  3963  4048 V SamsungAlarmManager: Sending to uid : 1000 action=android.intent.action.TIME_TICK alarm=Alarm{95ef55a type 3 when 10043020 android}
07-06 01:43:00.003 24329 24467 I BatteryMgr:DataCollectionService: stats => 1688600580003,-167,4096
07-06 01:43:00.007  3963  3963 D SamsungAlarmManager: setExact Intent (T:3/F:1/AC:false) 20230706T014400 - CU:1000/CP:3963
07-06 01:43:00.009  4352  4352 D KeyguardUpdateMonitor: received broadcast android.intent.action.TIME_TICK
07-06 01:43:00.010  4352  4352 D KeyguardServiceBoxContainer: refreshTime() 1
07-06 01:43:00.020 24329 24467 I BatteryMgr:DataCollectionService: stats => 1688600580020,-167,4096
07-06 01:43:00.037 24329 24467 I BatteryMgr:DataCollectionService: stats => 1688600580037,-167,4096
07-06 01:43:00.043  4352  4352 D KeyguardUpdateMonitor: handleStatusBarState( false )
07-06 01:43:00.055 24329 24467 I BatteryMgr:DataCollectionService: stats => 1688600580055,-167,4096
07-06 01:43:00.065  4352  4352 D KeyguardUpdateMonitor: handleStatusBarState( false )
07-06 01:43:00.070 24329 24467 I BatteryMgr:DataCollectionService: stats => 1688600580070,-167,4096
07-06 01:43:00.083 24329 24467 I BatteryMgr:DataCollectionService: stats => 1688600580083,-167,4096
07-06 01:43:00.097 24329 24467 I BatteryMgr:DataCollectionService: stats => 1688600580097,-167,4096
07-06 01:43:00.110 24329 24467 I BatteryMgr:DataCollectionService: stats => 1688600580110,-167,4096
07-06 01:43:00.123 24329 24467 I BatteryMgr:DataCollectionService: stats => 1688600580123,-167,4096
07-06 01:43:00.137 24329 24467 I BatteryMgr:DataCollectionService: stats => 1688600580137,-167,4096
07-06 01:43:00.152 24329 24467 I BatteryMgr:DataCollectionService: stats => 1688600580152,-167,4096
07-06 01:43:00.167 24329 24467 I BatteryMgr:DataCollectionService: stats => 1688600580167,-167,4096
07-06 01:43:00.182 24329 24467 I BatteryMgr:DataCollectionService: stats => 1688600580182,-167,4096
07-06 01:43:00.197 24329 24467 I BatteryMgr:DataCollectionService: stats => 1688600580197,-167,4096
07-06 01:43:00.211 24329 24467 I BatteryMgr:DataCollectionService: stats => 1688600580211,-167,4096
07-06 01:43:00.226 24329 24467 I BatteryMgr:DataCollectionService: stats => 1688600580226,-167,4096
07-06 01:43:00.242 24329 24467 I BatteryMgr:DataCollectionService: stats => 1688600580242,-167,4096
07-06 01:43:00.257 24329 24467 I BatteryMgr:DataCollectionService: stats => 1688600580257,-167,4096
07-06 01:43:00.273 24329 24467 I BatteryMgr:DataCollectionService: stats => 1688600580273,-167,4096
07-06 01:43:00.290 24329 24467 I BatteryMgr:DataCollectionService: stats => 1688600580290,-167,4096
07-06 01:43:00.306 24329 24467 I BatteryMgr:DataCollectionService: stats => 1688600580306,-167,4096
07-06 01:43:00.323 24329 24467 I BatteryMgr:DataCollectionService: stats => 1688600580323,-167,4096
07-06 01:43:00.340 24329 24467 I BatteryMgr:DataCollectionService: stats => 1688600580340,-167,4096
07-06 01:43:00.360 24329 24467 I BatteryMgr:DataCollectionService: stats => 1688600580360,-167,4096
07-06 01:43:00.374 24329 24467 I BatteryMgr:DataCollectionService: stats => 1688600580374,-167,4096
07-06 01:43:00.387 24329 24467 I BatteryMgr:DataCollectionService: stats => 1688600580387,-167,4096
07-06 01:43:00.401 24329 24467 I BatteryMgr:DataCollectionService: stats => 1688600580401,-167,4096
07-06 01:43:00.417 24329 24467 I BatteryMgr:DataCollectionService: stats => 1688600580416,-167,4096
07-06 01:43:00.434 24329 24467 I BatteryMgr:DataCollectionService: stats => 1688600580433,-167,4096
07-06 01:43:00.450 24329 24467 I BatteryMgr:DataCollectionService: stats => 1688600580450,-167,4096
07-06 01:43:00.466 24329 24467 I BatteryMgr:DataCollectionService: stats => 1688600580466,-167,4096
07-06 01:43:00.483 24329 24467 I BatteryMgr:DataCollectionService: stats => 1688600580483,-167,4096
07-06 01:43:00.499 24329 24467 I BatteryMgr:DataCollectionService: stats => 1688600580499,-167,4096
07-06 01:43:00.516 24329 24467 I BatteryMgr:DataCollectionService: stats => 1688600580516,-167,4096
07-06 01:43:00.532 24329 24467 I BatteryMgr:DataCollectionService: stats => 1688600580532,-167,4096
07-06 01:43:00.549 24329 24467 I BatteryMgr:DataCollectionService: stats => 1688600580548,-167,4096
07-06 01:43:00.566 24329 24467 I BatteryMgr:DataCollectionService: stats => 1688600580566,-167,4096
07-06 01:43:00.582 24329 24467 I BatteryMgr:DataCollectionService: stats => 1688600580582,-167,4096
07-06 01:43:00.599 24329 24467 I BatteryMgr:DataCollectionService: stats => 1688600580599,-167,4096
07-06 01:43:00.615 24329 24467 I BatteryMgr:DataCollectionService: stats => 1688600580615,-167,4096
07-06 01:43:00.632 24329 24467 I BatteryMgr:DataCollectionService: stats => 1688600580631,-167,4096
07-06 01:43:00.648 24329 24467 I BatteryMgr:DataCollectionService: stats => 1688600580648,-167,4096
07-06 01:43:00.664 24329 24467 I BatteryMgr:DataCollectionService: stats => 1688600580664,-167,4096
07-06 01:43:00.680 24329 24467 I BatteryMgr:DataCollectionService: stats => 1688600580680,-167,4096
07-06 01:43:00.697 24329 24467 I BatteryMgr:DataCollectionService: stats => 1688600580697,-167,4096
07-06 01:43:00.714 24329 24467 I BatteryMgr:DataCollectionService: stats => 1688600580713,-167,4096
07-06 01:43:00.730 24329 24467 I BatteryMgr:DataCollectionService: stats => 1688600580730,-167,4096
07-06 01:43:00.746 24329 24467 I BatteryMgr:DataCollectionService: stats => 1688600580746,-167,4096
07-06 01:43:00.763 24329 24467 I BatteryMgr:DataCollectionService: stats => 1688600580763,-167,4096
07-06 01:43:00.780 24329 24467 I BatteryMgr:DataCollectionService: stats => 1688600580780,-167,4096
07-06 01:43:00.797 24329 24467 I BatteryMgr:DataCollectionService: stats => 1688600580797,-167,4096
07-06 01:43:00.814 24329 24467 I BatteryMgr:DataCollectionService: stats => 1688600580814,-167,4096
07-06 01:43:00.831 24329 24467 I BatteryMgr:DataCollectionService: stats => 1688600580831,-167,4096
07-06 01:43:00.847 24329 24467 I BatteryMgr:DataCollectionService: stats => 1688600580847,-167,4096
07-06 01:43:00.864 24329 24467 I BatteryMgr:DataCollectionService: stats => 1688600580864,-167,4096
07-06 01:43:00.880 24329 24467 I BatteryMgr:DataCollectionService: stats => 1688600580880,-167,4096
07-06 01:43:00.897 24329 24467 I BatteryMgr:DataCollectionService: stats => 1688600580897,-167,4096
07-06 01:43:00.913 24329 24467 I BatteryMgr:DataCollectionService: stats => 1688600580913,-167,4096
07-06 01:43:00.930 24329 24467 I BatteryMgr:DataCollectionService: stats => 1688600580930,-167,4096
07-06 01:43:00.946 24329 24467 I BatteryMgr:DataCollectionService: stats => 1688600580946,-167,4096
07-06 01:43:00.963 24329 24467 I BatteryMgr:DataCollectionService: stats => 1688600580963,-167,4096
07-06 01:43:00.980 24329 24467 I BatteryMgr:DataCollectionService: stats => 1688600580979,-167,4096
07-06 01:43:00.996 24329 24467 I BatteryMgr:DataCollectionService: stats => 1688600580996,-167,4096
07-06 01:43:01.012 24329 24467 I BatteryMgr:DataCollectionService: stats => 1688600581012,-167,4096
07-06 01:43:01.029 24329 24467 I BatteryMgr:DataCollectionService: stats => 1688600581029,-167,4096
07-06 01:43:01.046 24329 24467 I BatteryMgr:DataCollectionService: stats => 1688600581046,-167,4096
07-06 01:43:01.062 24329 24467 I BatteryMgr:DataCollectionService: stats => 1688600581062,-167,4096
07-06 01:43:01.079 24329 24467 I BatteryMgr:DataCollectionService: stats => 1688600581078,-167,4096
07-06 01:43:01.095 24329 24467 I BatteryMgr:DataCollectionService: stats => 1688600581095,-167,4096
07-06 01:43:01.112 24329 24467 I BatteryMgr:DataCollectionService: stats => 1688600581112,-167,4096
07-06 01:43:01.128 24329 24467 I BatteryMgr:DataCollectionService: stats => 1688600581128,-167,4096
07-06 01:43:01.145 24329 24467 I BatteryMgr:DataCollectionService: stats => 1688600581145,-167,4096
07-06 01:43:01.161 24329 24467 I BatteryMgr:DataCollectionService: stats => 1688600581161,-167,4096
07-06 01:43:01.178 24329 24467 I BatteryMgr:DataCollectionService: stats => 1688600581178,-167,4096
07-06 01:43:01.194 24329 24467 I BatteryMgr:DataCollectionService: stats => 1688600581194,-167,4096
07-06 01:43:01.211 24329 24467 I BatteryMgr:DataCollectionService: stats => 1688600581211,-167,4096
07-06 01:43:01.225 24329 24467 I BatteryMgr:DataCollectionService: stats => 1688600581225,-167,4096
07-06 01:43:01.238 24329 24467 I BatteryMgr:DataCollectionService: stats => 1688600581238,-167,4096
07-06 01:43:01.252 24329 24467 I BatteryMgr:DataCollectionService: stats => 1688600581252,-167,4096
07-06 01:43:01.268 24329 24467 I BatteryMgr:DataCollectionService: stats => 1688600581268,-167,4096
07-06 01:43:01.284 24329 24467 I BatteryMgr:DataCollectionService: stats => 1688600581284,-167,4096
07-06 01:43:01.302 24329 24467 I BatteryMgr:DataCollectionService: stats => 1688600581301,-167,4096
07-06 01:43:01.317 24329 24467 I BatteryMgr:DataCollectionService: stats => 1688600581317,-167,4096
07-06 01:43:01.334 24329 24467 I BatteryMgr:DataCollectionService: stats => 1688600581334,-167,4096
07-06 01:43:01.350 24329 24467 I BatteryMgr:DataCollectionService: stats => 1688600581350,-167,4096
07-06 01:43:01.367 24329 24467 I BatteryMgr:DataCollectionService: stats => 1688600581367,-167,4096
07-06 01:43:01.384 24329 24467 I BatteryMgr:DataCollectionService: stats => 1688600581384,-167,4096
07-06 01:43:01.401 24329 24467 I BatteryMgr:DataCollectionService: stats => 1688600581401,-167,4096
07-06 01:43:01.417 24329 24467 I BatteryMgr:DataCollectionService: stats => 1688600581417,-167,4096
07-06 01:43:01.434 24329 24467 I BatteryMgr:DataCollectionService: stats => 1688600581434,-167,4096
07-06 01:43:01.450 24329 24467 I BatteryMgr:DataCollectionService: stats => 1688600581450,-167,4096
07-06 01:43:01.467 24329 24467 I BatteryMgr:DataCollectionService: stats => 1688600581467,-167,4096
07-06 01:43:01.483 24329 24467 I BatteryMgr:DataCollectionService: stats => 1688600581483,-167,4096
07-06 01:43:01.500 24329 24467 I BatteryMgr:DataCollectionService: stats => 1688600581499,-167,4096
07-06 01:43:01.516 24329 24467 I BatteryMgr:DataCollectionService: stats => 1688600581516,-167,4096
07-06 01:43:01.533 24329 24467 I BatteryMgr:DataCollectionService: stats => 1688600581533,-167,4096
07-06 01:43:01.549 24329 24467 I BatteryMgr:DataCollectionService: stats => 1688600581549,-167,4096
07-06 01:43:01.566 24329 24467 I BatteryMgr:DataCollectionService: stats => 1688600581566,-167,4096
07-06 01:43:01.582 24329 24467 I BatteryMgr:DataCollectionService: stats => 1688600581582,-167,4096
07-06 01:43:01.599 24329 24467 I BatteryMgr:DataCollectionService: stats => 1688600581599,-167,4096
07-06 01:43:01.615 24329 24467 I BatteryMgr:DataCollectionService: stats => 1688600581615,-167,4096
07-06 01:43:01.632 24329 24467 I BatteryMgr:DataCollectionService: stats => 1688600581632,-167,4096
07-06 01:43:01.649 24329 24467 I BatteryMgr:DataCollectionService: stats => 1688600581648,-167,4096
07-06 01:43:01.665 24329 24467 I BatteryMgr:DataCollectionService: stats => 1688600581665,-167,4096
07-06 01:43:01.682 24329 24467 I BatteryMgr:DataCollectionService: stats => 1688600581682,-167,4096
07-06 01:43:01.698 24329 24467 I BatteryMgr:DataCollectionService: stats => 1688600581698,-167,4096
07-06 01:43:01.714 24329 24467 I BatteryMgr:DataCollectionService: stats => 1688600581714,-167,4096
07-06 01:43:01.730 24329 24467 I BatteryMgr:DataCollectionService: stats => 1688600581730,-167,4096
07-06 01:43:01.747 24329 24467 I BatteryMgr:DataCollectionService: stats => 1688600581747,-167,4096
07-06 01:43:01.763 24329 24467 I BatteryMgr:DataCollectionService: stats => 1688600581763,-167,4096
07-06 01:43:01.780 24329 24467 I BatteryMgr:DataCollectionService: stats => 1688600581780,-167,4096
07-06 01:43:01.796 24329 24467 I BatteryMgr:DataCollectionService: stats => 1688600581796,-167,4096
07-06 01:43:01.813 24329 24467 I BatteryMgr:DataCollectionService: stats => 1688600581813,-167,4096
07-06 01:43:01.829 24329 24467 I BatteryMgr:DataCollectionService: stats => 1688600581829,-167,4096
07-06 01:43:01.846 24329 24467 I BatteryMgr:DataCollectionService: stats => 1688600581846,-167,4096
07-06 01:43:01.862 24329 24467 I BatteryMgr:DataCollectionService: stats => 1688600581862,-167,4096
07-06 01:43:01.878 24329 24467 I BatteryMgr:DataCollectionService: stats => 1688600581878,-167,4096
07-06 01:43:01.895 24329 24467 I BatteryMgr:DataCollectionService: stats => 1688600581895,-167,4096
07-06 01:43:01.912 24329 24467 I BatteryMgr:DataCollectionService: stats => 1688600581912,-167,4096
07-06 01:43:01.927 24329 24467 I BatteryMgr:DataCollectionService: stats => 1688600581927,-167,4096
07-06 01:43:01.942 24329 24467 I BatteryMgr:DataCollectionService: stats => 1688600581942,-167,4096
07-06 01:43:01.957 24329 24467 I BatteryMgr:DataCollectionService: stats => 1688600581957,-167,4096
07-06 01:43:01.973 24329 24467 I BatteryMgr:DataCollectionService: stats => 1688600581973,-167,4096
07-06 01:43:01.989 24329 24467 I BatteryMgr:DataCollectionService: stats => 1688600581989,-167,4096
07-06 01:43:02.006 24329 24467 I BatteryMgr:DataCollectionService: stats => 1688600582006,-167,4096
07-06 01:43:02.022 24329 24467 I BatteryMgr:DataCollectionService: stats => 1688600582022,-167,4096
07-06 01:43:02.038 24329 24467 I BatteryMgr:DataCollectionService: stats => 1688600582038,-167,4096
07-06 01:43:02.055 24329 24467 I BatteryMgr:DataCollectionService: stats => 1688600582055,-167,4096
07-06 01:43:02.071 24329 24467 I BatteryMgr:DataCollectionService: stats => 1688600582071,-167,4096
07-06 01:43:02.088 24329 24467 I BatteryMgr:DataCollectionService: stats => 1688600582087,-167,4096
07-06 01:43:02.104 24329 24467 I BatteryMgr:DataCollectionService: stats => 1688600582104,-167,4096
07-06 01:43:02.120 24329 24467 I BatteryMgr:DataCollectionService: stats => 1688600582120,-167,4096
07-06 01:43:02.137 24329 24467 I BatteryMgr:DataCollectionService: stats => 1688600582137,-167,4096
07-06 01:43:02.153 24329 24467 I BatteryMgr:DataCollectionService: stats => 1688600582153,-167,4096
07-06 01:43:02.169 24329 24467 I BatteryMgr:DataCollectionService: stats => 1688600582169,-167,4096
07-06 01:43:02.186 24329 24467 I BatteryMgr:DataCollectionService: stats => 1688600582186,-167,4096
07-06 01:43:02.203 24329 24467 I BatteryMgr:DataCollectionService: stats => 1688600582202,-167,4096
07-06 01:43:02.218 24329 24467 I BatteryMgr:DataCollectionService: stats => 1688600582218,-167,4096
07-06 01:43:02.234 24329 24467 I BatteryMgr:DataCollectionService: stats => 1688600582234,-167,4096
07-06 01:43:02.250 24329 24467 I BatteryMgr:DataCollectionService: stats => 1688600582250,-167,4096
07-06 01:43:02.266 24329 24467 I BatteryMgr:DataCollectionService: stats => 1688600582266,-167,4096
07-06 01:43:02.282 24329 24467 I BatteryMgr:DataCollectionService: stats => 1688600582282,-167,4096
07-06 01:43:02.300 24329 24467 I BatteryMgr:DataCollectionService: stats => 1688600582299,-167,4096
07-06 01:43:02.316 24329 24467 I BatteryMgr:DataCollectionService: stats => 1688600582316,-167,4096
07-06 01:43:02.332 24329 24467 I BatteryMgr:DataCollectionService: stats => 1688600582332,-167,4096
07-06 01:43:02.348 24329 24467 I BatteryMgr:DataCollectionService: stats => 1688600582348,-167,4096
07-06 01:43:02.349  3435  3435 I android.hardware.wifi@1.0-service: getLinkLayerStats
07-06 01:43:02.365 24329 24467 I BatteryMgr:DataCollectionService: stats => 1688600582365,-167,4096
07-06 01:43:02.382 24329 24467 I BatteryMgr:DataCollectionService: stats => 1688600582382,-167,4096
07-06 01:43:02.399 24329 24467 I BatteryMgr:DataCollectionService: stats => 1688600582398,-167,4096
07-06 01:43:02.415 24329 24467 I BatteryMgr:DataCollectionService: stats => 1688600582415,-167,4096
07-06 01:43:02.431 24329 24467 I BatteryMgr:DataCollectionService: stats => 1688600582431,-167,4096
07-06 01:43:02.448 24329 24467 I BatteryMgr:DataCollectionService: stats => 1688600582448,-167,4096
07-06 01:43:02.465 24329 24467 I BatteryMgr:DataCollectionService: stats => 1688600582464,-167,4096
07-06 01:43:02.481 24329 24467 I BatteryMgr:DataCollectionService: stats => 1688600582481,-167,4096
07-06 01:43:02.497 24329 24467 I BatteryMgr:DataCollectionService: stats => 1688600582497,-167,4096
07-06 01:43:02.514 24329 24467 I BatteryMgr:DataCollectionService: stats => 1688600582514,-167,4096
07-06 01:43:02.530 24329 24467 I BatteryMgr:DataCollectionService: stats => 1688600582530,-167,4096
07-06 01:43:02.546 24329 24467 I BatteryMgr:DataCollectionService: stats => 1688600582546,-167,4096
07-06 01:43:02.563 24329 24467 I BatteryMgr:DataCollectionService: stats => 1688600582563,-167,4096
07-06 01:43:02.579 24329 24467 I BatteryMgr:DataCollectionService: stats => 1688600582579,-167,4096
07-06 01:43:02.596 24329 24467 I BatteryMgr:DataCollectionService: stats => 1688600582596,-167,4096
07-06 01:43:02.612 24329 24467 I BatteryMgr:DataCollectionService: stats => 1688600582612,-167,4096
07-06 01:43:02.628 24329 24467 I BatteryMgr:DataCollectionService: stats => 1688600582628,-167,4096
07-06 01:43:02.645 24329 24467 I BatteryMgr:DataCollectionService: stats => 1688600582645,-167,4096
07-06 01:43:02.661 24329 24467 I BatteryMgr:DataCollectionService: stats => 1688600582661,-167,4096
07-06 01:43:02.678 24329 24467 I BatteryMgr:DataCollectionService: stats => 1688600582678,-167,4096
07-06 01:43:02.694 24329 24467 I BatteryMgr:DataCollectionService: stats => 1688600582694,-167,4096
07-06 01:43:02.711 24329 24467 I BatteryMgr:DataCollectionService: stats => 1688600582711,-167,4096
07-06 01:43:02.727 24329 24467 I BatteryMgr:DataCollectionService: stats => 1688600582727,-167,4096
07-06 01:43:02.743 24329 24467 I BatteryMgr:DataCollectionService: stats => 1688600582743,-167,4096
07-06 01:43:02.760 24329 24467 I BatteryMgr:DataCollectionService: stats => 1688600582760,-167,4096
07-06 01:43:02.776 24329 24467 I BatteryMgr:DataCollectionService: stats => 1688600582776,-167,4096
07-06 01:43:02.793 24329 24467 I BatteryMgr:DataCollectionService: stats => 1688600582793,-167,4096
07-06 01:43:02.809 24329 24467 I BatteryMgr:DataCollectionService: stats => 1688600582809,-167,4096
07-06 01:43:02.826 24329 24467 I BatteryMgr:DataCollectionService: stats => 1688600582826,-167,4096
07-06 01:43:02.843 24329 24467 I BatteryMgr:DataCollectionService: stats => 1688600582842,-167,4096
07-06 01:43:02.859 24329 24467 I BatteryMgr:DataCollectionService: stats => 1688600582859,-167,4096
07-06 01:43:02.875 24329 24467 I BatteryMgr:DataCollectionService: stats => 1688600582875,-167,4096
07-06 01:43:02.892 24329 24467 I BatteryMgr:DataCollectionService: stats => 1688600582892,-167,4096
07-06 01:43:02.915 24329 24467 I BatteryMgr:DataCollectionService: stats => 1688600582915,-167,4096
07-06 01:43:02.931 24329 24467 I BatteryMgr:DataCollectionService: stats => 1688600582931,-167,4096
07-06 01:43:02.948 24329 24467 I BatteryMgr:DataCollectionService: stats => 1688600582948,-167,4096
07-06 01:43:02.965 24329 24467 I BatteryMgr:DataCollectionService: stats => 1688600582965,-167,4096
07-06 01:43:02.981 24329 24467 I BatteryMgr:DataCollectionService: stats => 1688600582981,-167,4096
07-06 01:43:02.998 24329 24467 I BatteryMgr:DataCollectionService: stats => 1688600582998,-167,4096
07-06 01:43:03.015 24329 24467 I BatteryMgr:DataCollectionService: stats => 1688600583015,-167,4096
07-06 01:43:03.030 24329 24467 I BatteryMgr:DataCollectionService: stats => 1688600583030,-167,4096
07-06 01:43:03.044 24329 24467 I BatteryMgr:DataCollectionService: stats => 1688600583044,-167,4096
07-06 01:43:03.057 24329 24467 I BatteryMgr:DataCollectionService: stats => 1688600583057,-167,4096
07-06 01:43:03.071 24329 24467 I BatteryMgr:DataCollectionService: stats => 1688600583071,-167,4096
07-06 01:43:03.085 24329 24467 I BatteryMgr:DataCollectionService: stats => 1688600583085,-167,4096
07-06 01:43:03.100 24329 24467 I BatteryMgr:DataCollectionService: stats => 1688600583100,-167,4096
07-06 01:43:03.117 24329 24467 I BatteryMgr:DataCollectionService: stats => 1688600583116,-167,4096
07-06 01:43:03.133 24329 24467 I BatteryMgr:DataCollectionService: stats => 1688600583133,-167,4096
07-06 01:43:03.149 24329 24467 I BatteryMgr:DataCollectionService: stats => 1688600583149,-167,4096
07-06 01:43:03.165 24329 24467 I BatteryMgr:DataCollectionService: stats => 1688600583165,-167,4096
07-06 01:43:03.181 24329 24467 I BatteryMgr:DataCollectionService: stats => 1688600583181,-167,4096
07-06 01:43:03.197 24329 24467 I BatteryMgr:DataCollectionService: stats => 1688600583197,-167,4096
07-06 01:43:03.213 24329 24467 I BatteryMgr:DataCollectionService: stats => 1688600583213,-167,4096
07-06 01:43:03.230 24329 24467 I BatteryMgr:DataCollectionService: stats => 1688600583230,-167,4096
07-06 01:43:03.246 24329 24467 I BatteryMgr:DataCollectionService: stats => 1688600583246,-167,4096
07-06 01:43:03.263 24329 24467 I BatteryMgr:DataCollectionService: stats => 1688600583263,-167,4096
07-06 01:43:03.279 24329 24467 I BatteryMgr:DataCollectionService: stats => 1688600583279,-167,4096
07-06 01:43:03.296 24329 24467 I BatteryMgr:DataCollectionService: stats => 1688600583296,-167,4096
07-06 01:43:03.313 24329 24467 I BatteryMgr:DataCollectionService: stats => 1688600583313,-167,4096
07-06 01:43:03.330 24329 24467 I BatteryMgr:DataCollectionService: stats => 1688600583329,-167,4096
07-06 01:43:03.346 24329 24467 I BatteryMgr:DataCollectionService: stats => 1688600583346,-167,4096
07-06 01:43:03.363 24329 24467 I BatteryMgr:DataCollectionService: stats => 1688600583363,-167,4096
07-06 01:43:03.379 24329 24467 I BatteryMgr:DataCollectionService: stats => 1688600583379,-167,4096
07-06 01:43:03.395 24329 24467 I BatteryMgr:DataCollectionService: stats => 1688600583395,-167,4096
07-06 01:43:03.411 24329 24467 I BatteryMgr:DataCollectionService: stats => 1688600583411,-167,4096
07-06 01:43:03.428 24329 24467 I BatteryMgr:DataCollectionService: stats => 1688600583428,-167,4096
07-06 01:43:03.444 24329 24467 I BatteryMgr:DataCollectionService: stats => 1688600583444,-167,4096
07-06 01:43:03.459 24329 24467 I BatteryMgr:DataCollectionService: stats => 1688600583459,-167,4096
07-06 01:43:03.475 24329 24467 I BatteryMgr:DataCollectionService: stats => 1688600583475,-167,4096
07-06 01:43:03.490 24329 24467 I BatteryMgr:DataCollectionService: stats => 1688600583490,-167,4096
07-06 01:43:03.507 24329 24467 I BatteryMgr:DataCollectionService: stats => 1688600583506,-167,4096
07-06 01:43:03.523 24329 24467 I BatteryMgr:DataCollectionService: stats => 1688600583523,-167,4096
07-06 01:43:03.540 24329 24467 I BatteryMgr:DataCollectionService: stats => 1688600583540,-167,4096
07-06 01:43:03.556 24329 24467 I BatteryMgr:DataCollectionService: stats => 1688600583556,-167,4096
07-06 01:43:03.572 24329 24467 I BatteryMgr:DataCollectionService: stats => 1688600583572,-167,4096
07-06 01:43:03.589 24329 24467 I BatteryMgr:DataCollectionService: stats => 1688600583589,-167,4096
07-06 01:43:03.605 24329 24467 I BatteryMgr:DataCollectionService: stats => 1688600583605,-167,4096
07-06 01:43:03.621 24329 24467 I BatteryMgr:DataCollectionService: stats => 1688600583621,-167,4096
07-06 01:43:03.638 24329 24467 I BatteryMgr:DataCollectionService: stats => 1688600583638,-167,4096
07-06 01:43:03.654 24329 24467 I BatteryMgr:DataCollectionService: stats => 1688600583654,-167,4096
07-06 01:43:03.670 24329 24467 I BatteryMgr:DataCollectionService: stats => 1688600583670,-167,4096
07-06 01:43:03.686 24329 24467 I BatteryMgr:DataCollectionService: stats => 1688600583686,-167,4096
07-06 01:43:03.702 24329 24467 I BatteryMgr:DataCollectionService: stats => 1688600583702,-167,4096
07-06 01:43:03.718 24329 24467 I BatteryMgr:DataCollectionService: stats => 1688600583718,-167,4096
07-06 01:43:03.735 24329 24467 I BatteryMgr:DataCollectionService: stats => 1688600583734,-167,4096
07-06 01:43:03.751 24329 24467 I BatteryMgr:DataCollectionService: stats => 1688600583751,-167,4096
07-06 01:43:03.768 24329 24467 I BatteryMgr:DataCollectionService: stats => 1688600583768,-167,4096
07-06 01:43:03.784 24329 24467 I BatteryMgr:DataCollectionService: stats => 1688600583784,-167,4096
07-06 01:43:03.801 24329 24467 I BatteryMgr:DataCollectionService: stats => 1688600583801,-167,4096
07-06 01:43:03.817 24329 24467 I BatteryMgr:DataCollectionService: stats => 1688600583817,-167,4096
07-06 01:43:03.835 24329 24467 I BatteryMgr:DataCollectionService: stats => 1688600583835,-167,4096
07-06 01:43:03.851 24329 24467 I BatteryMgr:DataCollectionService: stats => 1688600583851,-167,4096
07-06 01:43:03.867 24329 24467 I BatteryMgr:DataCollectionService: stats => 1688600583867,-167,4096
07-06 01:43:03.884 24329 24467 I BatteryMgr:DataCollectionService: stats => 1688600583883,-167,4096
07-06 01:43:03.900 24329 24467 I BatteryMgr:DataCollectionService: stats => 1688600583900,-167,4096
07-06 01:43:03.917 24329 24467 I BatteryMgr:DataCollectionService: stats => 1688600583917,-167,4096
07-06 01:43:03.934 24329 24467 I BatteryMgr:DataCollectionService: stats => 1688600583934,-167,4096
07-06 01:43:03.950 24329 24467 I BatteryMgr:DataCollectionService: stats => 1688600583950,-167,4096
07-06 01:43:03.966 24329 24467 I BatteryMgr:DataCollectionService: stats => 1688600583966,-167,4096
07-06 01:43:03.983 24329 24467 I BatteryMgr:DataCollectionService: stats => 1688600583983,-167,4096
07-06 01:43:04.000 24329 24467 I BatteryMgr:DataCollectionService: stats => 1688600583999,-167,4096
07-06 01:43:04.016 24329 24467 I BatteryMgr:DataCollectionService: stats => 1688600584015,-167,4096
07-06 01:43:04.032 24329 24467 I BatteryMgr:DataCollectionService: stats => 1688600584032,-167,4096
07-06 01:43:04.048 24329 24467 I BatteryMgr:DataCollectionService: stats => 1688600584048,-167,4096
07-06 01:43:04.065 24329 24467 I BatteryMgr:DataCollectionService: stats => 1688600584065,-167,4096
07-06 01:43:04.081 24329 24467 I BatteryMgr:DataCollectionService: stats => 1688600584081,-167,4096
07-06 01:43:04.098 24329 24467 I BatteryMgr:DataCollectionService: stats => 1688600584097,-167,4096
07-06 01:43:04.114 24329 24467 I BatteryMgr:DataCollectionService: stats => 1688600584114,-167,4096
07-06 01:43:04.130 24329 24467 I BatteryMgr:DataCollectionService: stats => 1688600584130,-167,4096
07-06 01:43:04.146 24329 24467 I BatteryMgr:DataCollectionService: stats => 1688600584146,-167,4096
07-06 01:43:04.163 24329 24467 I BatteryMgr:DataCollectionService: stats => 1688600584163,-167,4096
07-06 01:43:04.179 24329 24467 I BatteryMgr:DataCollectionService: stats => 1688600584179,-167,4096
07-06 01:43:04.195 24329 24467 I BatteryMgr:DataCollectionService: stats => 1688600584195,-167,4096
07-06 01:43:04.211 24329 24467 I BatteryMgr:DataCollectionService: stats => 1688600584211,-167,4096
07-06 01:43:04.228 24329 24467 I BatteryMgr:DataCollectionService: stats => 1688600584228,-167,4096
07-06 01:43:04.245 24329 24467 I BatteryMgr:DataCollectionService: stats => 1688600584245,-167,4096
07-06 01:43:04.262 24329 24467 I BatteryMgr:DataCollectionService: stats => 1688600584262,-167,4096
07-06 01:43:04.278 24329 24467 I BatteryMgr:DataCollectionService: stats => 1688600584278,-167,4096
07-06 01:43:04.294 24329 24467 I BatteryMgr:DataCollectionService: stats => 1688600584294,-167,4096
07-06 01:43:04.311 24329 24467 I BatteryMgr:DataCollectionService: stats => 1688600584311,-167,4096
07-06 01:43:04.327 24329 24467 I BatteryMgr:DataCollectionService: stats => 1688600584327,-167,4096
07-06 01:43:04.343 24329 24467 I BatteryMgr:DataCollectionService: stats => 1688600584343,-167,4096
07-06 01:43:04.359 24329 24467 I BatteryMgr:DataCollectionService: stats => 1688600584359,-167,4096
07-06 01:43:04.376 24329 24467 I BatteryMgr:DataCollectionService: stats => 1688600584376,-167,4096
07-06 01:43:04.392 24329 24467 I BatteryMgr:DataCollectionService: stats => 1688600584392,-167,4096
07-06 01:43:04.409 24329 24467 I BatteryMgr:DataCollectionService: stats => 1688600584409,-167,4096
07-06 01:43:04.409  3963  6536 D SSRM:k  : SIOP:: AP = 240, PST = 240 (W:30), BAT = 229, USB = 0, CHG = 0
07-06 01:43:04.425 24329 24467 I BatteryMgr:DataCollectionService: stats => 1688600584425,-167,4096
07-06 01:43:04.442 24329 24467 I BatteryMgr:DataCollectionService: stats => 1688600584442,-167,4096
07-06 01:43:04.459 24329 24467 I BatteryMgr:DataCollectionService: stats => 1688600584458,-167,4096
07-06 01:43:04.475 24329 24467 I BatteryMgr:DataCollectionService: stats => 1688600584474,-167,4096
07-06 01:43:04.491 24329 24467 I BatteryMgr:DataCollectionService: stats => 1688600584491,-167,4096
07-06 01:43:04.507 24329 24467 I BatteryMgr:DataCollectionService: stats => 1688600584507,-167,4096
07-06 01:43:04.524 24329 24467 I BatteryMgr:DataCollectionService: stats => 1688600584524,-167,4096
07-06 01:43:04.540 24329 24467 I BatteryMgr:DataCollectionService: stats => 1688600584540,-167,4096
07-06 01:43:04.557 24329 24467 I BatteryMgr:DataCollectionService: stats => 1688600584557,-167,4096
07-06 01:43:04.573 24329 24467 I BatteryMgr:DataCollectionService: stats => 1688600584573,-167,4096
07-06 01:43:04.589 24329 24467 I BatteryMgr:DataCollectionService: stats => 1688600584589,-167,4096
07-06 01:43:04.600  4949  4949 D io_stats: !@ 179,0 r 92706 3353480 w 43067 683572 d 4090 117992 f 10504 10939 iot 60760 50561 th 51200 0 0 pt 0 inp 0 0 10047.618
07-06 01:43:04.606 24329 24467 I BatteryMgr:DataCollectionService: stats => 1688600584606,-167,4096
07-06 01:43:04.622 24329 24467 I BatteryMgr:DataCollectionService: stats => 1688600584622,-167,4096
07-06 01:43:04.638 24329 24467 I BatteryMgr:DataCollectionService: stats => 1688600584638,-167,4096
07-06 01:43:04.655 24329 24467 I BatteryMgr:DataCollectionService: stats => 1688600584655,-167,4096
07-06 01:43:04.671 24329 24467 I BatteryMgr:DataCollectionService: stats => 1688600584671,-167,4096
07-06 01:43:04.687 24329 24467 I BatteryMgr:DataCollectionService: stats => 1688600584687,-167,4096
07-06 01:43:04.703 24329 24467 I BatteryMgr:DataCollectionService: stats => 1688600584703,-167,4096
07-06 01:43:04.719 24329 24467 I BatteryMgr:DataCollectionService: stats => 1688600584719,-167,4096
07-06 01:43:04.735 24329 24467 I BatteryMgr:DataCollectionService: stats => 1688600584735,-167,4096
07-06 01:43:04.752 24329 24467 I BatteryMgr:DataCollectionService: stats => 1688600584752,-167,4096
07-06 01:43:04.769 24329 24467 I BatteryMgr:DataCollectionService: stats => 1688600584769,-167,4096
07-06 01:43:04.785 24329 24467 I BatteryMgr:DataCollectionService: stats => 1688600584785,-167,4096
07-06 01:43:04.801 24329 24467 I BatteryMgr:DataCollectionService: stats => 1688600584801,-167,4096
07-06 01:43:04.818 24329 24467 I BatteryMgr:DataCollectionService: stats => 1688600584817,-167,4096
07-06 01:43:04.834 24329 24467 I BatteryMgr:DataCollectionService: stats => 1688600584834,-167,4096
07-06 01:43:04.851 24329 24467 I BatteryMgr:DataCollectionService: stats => 1688600584851,-167,4096
07-06 01:43:04.867 24329 24467 I BatteryMgr:DataCollectionService: stats => 1688600584867,-167,4096
07-06 01:43:04.883 24329 24467 I BatteryMgr:DataCollectionService: stats => 1688600584883,-167,4096
07-06 01:43:04.900 24329 24467 I BatteryMgr:DataCollectionService: stats => 1688600584899,-167,4096
07-06 01:43:04.916 24329 24467 I BatteryMgr:DataCollectionService: stats => 1688600584916,-167,4096
07-06 01:43:04.932 24329 24467 I BatteryMgr:DataCollectionService: stats => 1688600584932,-167,4096
07-06 01:43:04.949 24329 24467 I BatteryMgr:DataCollectionService: stats => 1688600584949,-167,4096
07-06 01:43:04.966 24329 24467 I BatteryMgr:DataCollectionService: stats => 1688600584966,-167,4096
07-06 01:43:04.982 24329 24467 I BatteryMgr:DataCollectionService: stats => 1688600584982,-167,4096
07-06 01:43:04.997 24329 24467 I BatteryMgr:DataCollectionService: stats => 1688600584997,-167,4096
07-06 01:43:05.013 24329 24467 I BatteryMgr:DataCollectionService: stats => 1688600585013,-167,4096
07-06 01:43:05.029 24329 24467 I BatteryMgr:DataCollectionService: stats => 1688600585029,-167,4096
07-06 01:43:05.046 24329 24467 I BatteryMgr:DataCollectionService: stats => 1688600585045,-167,4096
07-06 01:43:05.062 24329 24467 I BatteryMgr:DataCollectionService: stats => 1688600585062,-167,4096
07-06 01:43:05.078 24329 24467 I BatteryMgr:DataCollectionService: stats => 1688600585078,-167,4096
07-06 01:43:05.092 24329 24467 I BatteryMgr:DataCollectionService: stats => 1688600585092,-167,4096
07-06 01:43:05.105 24329 24467 I BatteryMgr:DataCollectionService: stats => 1688600585105,-167,4096
07-06 01:43:05.119 24329 24467 I BatteryMgr:DataCollectionService: stats => 1688600585119,-167,4096
07-06 01:43:05.132 24329 24467 I BatteryMgr:DataCollectionService: stats => 1688600585132,-167,4096
07-06 01:43:05.148 24329 24467 I BatteryMgr:DataCollectionService: stats => 1688600585148,-167,4096
07-06 01:43:05.166 24329 24467 I BatteryMgr:DataCollectionService: stats => 1688600585166,-167,4096
07-06 01:43:05.182 24329 24467 I BatteryMgr:DataCollectionService: stats => 1688600585182,-167,4096
07-06 01:43:05.197 24329 24467 I BatteryMgr:DataCollectionService: stats => 1688600585197,-167,4096
07-06 01:43:05.213 24329 24467 I BatteryMgr:DataCollectionService: stats => 1688600585213,-167,4096
07-06 01:43:05.229 24329 24467 I BatteryMgr:DataCollectionService: stats => 1688600585229,-167,4096
07-06 01:43:05.245 24329 24467 I BatteryMgr:DataCollectionService: stats => 1688600585245,-167,4096
07-06 01:43:05.261 24329 24467 I BatteryMgr:DataCollectionService: stats => 1688600585261,-167,4096
07-06 01:43:05.278 24329 24467 I BatteryMgr:DataCollectionService: stats => 1688600585278,-167,4096
07-06 01:43:05.294 24329 24467 I BatteryMgr:DataCollectionService: stats => 1688600585294,-167,4096
