06-12 20:24:46.246 17975 17975 I zygote64:   at void android.app.ActivityThread.-wrap11(android.app.ActivityThread, android.app.ActivityThread$ActivityClientRecord, android.content.Intent, java.lang.String) (ActivityThread.java:-1)
06-12 20:24:46.246 17975 17975 I zygote64:   at void android.app.ActivityThread$H.handleMessage(android.os.Message) (ActivityThread.java:1696)
06-12 20:24:46.246 17975 17975 I zygote64:   at void android.os.Handler.dispatchMessage(android.os.Message) (Handler.java:105)
06-12 20:24:46.246 17975 17975 I zygote64:   at void android.os.Looper.loop() (Looper.java:164)
06-12 20:24:46.246 17975 17975 I zygote64:   at void android.app.ActivityThread.main(java.lang.String[]) (ActivityThread.java:6940)
06-12 20:24:46.246 17975 17975 I zygote64:   at java.lang.Object java.lang.reflect.Method.invoke(java.lang.Object, java.lang.Object[]) (Method.java:-2)
06-12 20:24:46.246 17975 17975 I zygote64:   at void com.android.internal.os.Zygote$MethodAndArgsCaller.run() (Zygote.java:327)
06-12 20:24:46.246 17975 17975 I zygote64:   at void com.android.internal.os.ZygoteInit.main(java.lang.String[]) (ZygoteInit.java:1374)
06-12 20:24:46.246 17975 17975 I zygote64: Caused by: java.lang.ClassNotFoundException: Didn't find class "android.view.View$OnUnhandledKeyEventListener" on path: DexPathList[[zip file "/data/app/e.www.httpsrequesttest-Uois__4uB9B0CJuezaYeog==/base.apk"],nativeLibraryDirectories=[/data/app/e.www.httpsrequesttest-Uois__4uB9B0CJuezaYeog==/lib/arm64, /system/lib64, /vendor/lib64]]
06-12 20:24:46.246 17975 17975 I zygote64:   at java.lang.Class dalvik.system.BaseDexClassLoader.findClass(java.lang.String) (BaseDexClassLoader.java:93)
06-12 20:24:46.246 17975 17975 I zygote64:   at java.lang.Class java.lang.ClassLoader.loadClass(java.lang.String, boolean) (ClassLoader.java:379)
06-12 20:24:46.246 17975 17975 I zygote64:   at java.lang.Class java.lang.ClassLoader.loadClass(java.lang.String) (ClassLoader.java:312)
06-12 20:24:46.246 17975 17975 I zygote64:   at void androidx.core.view.ViewCompat.setOnApplyWindowInsetsListener(android.view.View, androidx.core.view.OnApplyWindowInsetsListener) (ViewCompat.java:2436)
06-12 20:24:46.246 17975 17975 I zygote64:   at android.view.ViewGroup androidx.appcompat.app.AppCompatDelegateImpl.createSubDecor() (AppCompatDelegateImpl.java:779)
06-12 20:24:46.246 17975 17975 I zygote64:   at void androidx.appcompat.app.AppCompatDelegateImpl.ensureSubDecor() (AppCompatDelegateImpl.java:659)
06-12 20:24:46.246 17975 17975 I zygote64:   at void androidx.appcompat.app.AppCompatDelegateImpl.setContentView(int) (AppCompatDelegateImpl.java:552)
06-12 20:24:46.246 17975 17975 I zygote64:   at void androidx.appcompat.app.AppCompatActivity.setContentView(int) (AppCompatActivity.java:161)
06-12 20:24:46.246 17975 17975 I zygote64:   at void e.www.httpsrequesttest.MainActivity.onCreate(android.os.Bundle) (MainActivity.kt:28)
06-12 20:24:46.246 17975 17975 I zygote64:   at void android.app.Activity.performCreate(android.os.Bundle) (Activity.java:7174)
06-12 20:24:46.246 17975 17975 I zygote64:   at void android.app.Instrumentation.callActivityOnCreate(android.app.Activity, android.os.Bundle) (Instrumentation.java:1220)
06-12 20:24:46.246 17975 17975 I zygote64:   at android.app.Activity android.app.ActivityThread.performLaunchActivity(android.app.ActivityThread$ActivityClientRecord, android.content.Intent) (ActivityThread.java:2910)
06-12 20:24:46.246 17975 17975 I zygote64:   at void android.app.ActivityThread.handleLaunchActivity(android.app.ActivityThread$ActivityClientRecord, android.content.Intent, java.lang.String) (ActivityThread.java:3032)
06-12 20:24:46.246 17975 17975 I zygote64:   at void android.app.ActivityThread.-wrap11(android.app.ActivityThread, android.app.ActivityThread$ActivityClientRecord, android.content.Intent, java.lang.String) (ActivityThread.java:-1)
06-12 20:24:46.246 17975 17975 I zygote64:   at void android.app.ActivityThread$H.handleMessage(android.os.Message) (ActivityThread.java:1696)
06-12 20:24:46.246 17975 17975 I zygote64:   at void android.os.Handler.dispatchMessage(android.os.Message) (Handler.java:105)
06-12 20:24:46.246 17975 17975 I zygote64:   at void android.os.Looper.loop() (Looper.java:164)
06-12 20:24:46.246 17975 17975 I zygote64:   at void android.app.ActivityThread.main(java.lang.String[]) (ActivityThread.java:6940)
06-12 20:24:46.246 17975 17975 I zygote64:   at java.lang.Object java.lang.reflect.Method.invoke(java.lang.Object, java.lang.Object[]) (Method.java:-2)
06-12 20:24:46.246 17975 17975 I zygote64:   at void com.android.internal.os.Zygote$MethodAndArgsCaller.run() (Zygote.java:327)
06-12 20:24:46.246 17975 17975 I zygote64:   at void com.android.internal.os.ZygoteInit.main(java.lang.String[]) (ZygoteInit.java:1374)
06-12 20:24:46.246 17975 17975 I zygote64: 
06-12 20:24:46.246 17975 17975 I zygote64: Rejecting re-init on previously-failed class java.lang.Class<androidx.core.view.ViewCompat$2>: java.lang.NoClassDefFoundError: Failed resolution of: Landroid/view/View$OnUnhandledKeyEventListener;
06-12 20:24:46.246 17975 17975 I zygote64:   at void androidx.core.view.ViewCompat.setOnApplyWindowInsetsListener(android.view.View, androidx.core.view.OnApplyWindowInsetsListener) (ViewCompat.java:2436)
06-12 20:24:46.246 17975 17975 I zygote64:   at android.view.ViewGroup androidx.appcompat.app.AppCompatDelegateImpl.createSubDecor() (AppCompatDelegateImpl.java:779)
06-12 20:24:46.246 17975 17975 I zygote64:   at void androidx.appcompat.app.AppCompatDelegateImpl.ensureSubDecor() (AppCompatDelegateImpl.java:659)
06-12 20:24:46.246 17975 17975 I zygote64:   at void androidx.appcompat.app.AppCompatDelegateImpl.setContentView(int) (AppCompatDelegateImpl.java:552)
06-12 20:24:46.246 17975 17975 I zygote64:   at void androidx.appcompat.app.AppCompatActivity.setContentView(int) (AppCompatActivity.java:161)
06-12 20:24:46.246 17975 17975 I zygote64:   at void e.www.httpsrequesttest.MainActivity.onCreate(android.os.Bundle) (MainActivity.kt:28)
06-12 20:24:46.246 17975 17975 I zygote64:   at void android.app.Activity.performCreate(android.os.Bundle) (Activity.java:7174)
06-12 20:24:46.246 17975 17975 I zygote64:   at void android.app.Instrumentation.callActivityOnCreate(android.app.Activity, android.os.Bundle) (Instrumentation.java:1220)
06-12 20:24:46.246 17975 17975 I zygote64:   at android.app.Activity android.app.ActivityThread.performLaunchActivity(android.app.ActivityThread$ActivityClientRecord, android.content.Intent) (ActivityThread.java:2910)
06-12 20:24:46.246 17975 17975 I zygote64:   at void android.app.ActivityThread.handleLaunchActivity(android.app.ActivityThread$ActivityClientRecord, android.content.Intent, java.lang.String) (ActivityThread.java:3032)
06-12 20:24:46.246 17975 17975 I zygote64:   at void android.app.ActivityThread.-wrap11(android.app.ActivityThread, android.app.ActivityThread$ActivityClientRecord, android.content.Intent, java.lang.String) (ActivityThread.java:-1)
06-12 20:24:46.246 17975 17975 I zygote64:   at void android.app.ActivityThread$H.handleMessage(android.os.Message) (ActivityThread.java:1696)
06-12 20:24:46.246 17975 17975 I zygote64:   at void android.os.Handler.dispatchMessage(android.os.Message) (Handler.java:105)
06-12 20:24:46.246 17975 17975 I zygote64:   at void android.os.Looper.loop() (Looper.java:164)
06-12 20:24:46.246 17975 17975 I zygote64:   at void android.app.ActivityThread.main(java.lang.String[]) (ActivityThread.java:6940)
06-12 20:24:46.246 17975 17975 I zygote64:   at java.lang.Object java.lang.reflect.Method.invoke(java.lang.Object, java.lang.Object[]) (Method.java:-2)
06-12 20:24:46.246 17975 17975 I zygote64:   at void com.android.internal.os.Zygote$MethodAndArgsCaller.run() (Zygote.java:327)
06-12 20:24:46.246 17975 17975 I zygote64:   at void com.android.internal.os.ZygoteInit.main(java.lang.String[]) (ZygoteInit.java:1374)
06-12 20:24:46.246 17975 17975 I zygote64: Caused by: java.lang.ClassNotFoundException: Didn't find class "android.view.View$OnUnhandledKeyEventListener" on path: DexPathList[[zip file "/data/app/e.www.httpsrequesttest-Uois__4uB9B0CJuezaYeog==/base.apk"],nativeLibraryDirectories=[/data/app/e.www.httpsrequesttest-Uois__4uB9B0CJuezaYeog==/lib/arm64, /system/lib64, /vendor/lib64]]
06-12 20:24:46.246 17975 17975 I zygote64:   at java.lang.Class dalvik.system.BaseDexClassLoader.findClass(java.lang.String) (BaseDexClassLoader.java:93)
06-12 20:24:46.246 17975 17975 I zygote64:   at java.lang.Class java.lang.ClassLoader.loadClass(java.lang.String, boolean) (ClassLoader.java:379)
06-12 20:24:46.246 17975 17975 I zygote64:   at java.lang.Class java.lang.ClassLoader.loadClass(java.lang.String) (ClassLoader.java:312)
06-12 20:24:46.246 17975 17975 I zygote64:   at void androidx.core.view.ViewCompat.setOnApplyWindowInsetsListener(android.view.View, androidx.core.view.OnApplyWindowInsetsListener) (ViewCompat.java:2436)
06-12 20:24:46.246 17975 17975 I zygote64:   at android.view.ViewGroup androidx.appcompat.app.AppCompatDelegateImpl.createSubDecor() (AppCompatDelegateImpl.java:779)
06-12 20:24:46.246 17975 17975 I zygote64:   at void androidx.appcompat.app.AppCompatDelegateImpl.ensureSubDecor() (AppCompatDelegateImpl.java:659)
06-12 20:24:46.246 17975 17975 I zygote64:   at void androidx.appcompat.app.AppCompatDelegateImpl.setContentView(int) (AppCompatDelegateImpl.java:552)
06-12 20:24:46.246 17975 17975 I zygote64:   at void androidx.appcompat.app.AppCompatActivity.setContentView(int) (AppCompatActivity.java:161)
06-12 20:24:46.247 17975 17975 I zygote64:   at void e.www.httpsrequesttest.MainActivity.onCreate(android.os.Bundle) (MainActivity.kt:28)
06-12 20:24:46.247 17975 17975 I zygote64:   at void android.app.Activity.performCreate(android.os.Bundle) (Activity.java:7174)
06-12 20:24:46.247 17975 17975 I zygote64:   at void android.app.Instrumentation.callActivityOnCreate(android.app.Activity, android.os.Bundle) (Instrumentation.java:1220)
06-12 20:24:46.247 17975 17975 I zygote64:   at android.app.Activity android.app.ActivityThread.performLaunchActivity(android.app.ActivityThread$ActivityClientRecord, android.content.Intent) (ActivityThread.java:2910)
06-12 20:24:46.247 17975 17975 I zygote64:   at void android.app.ActivityThread.handleLaunchActivity(android.app.ActivityThread$ActivityClientRecord, android.content.Intent, java.lang.String) (ActivityThread.java:3032)
06-12 20:24:46.247 17975 17975 I zygote64:   at void android.app.ActivityThread.-wrap11(android.app.ActivityThread, android.app.ActivityThread$ActivityClientRecord, android.content.Intent, java.lang.String) (ActivityThread.java:-1)
06-12 20:24:46.247 17975 17975 I zygote64:   at void android.app.ActivityThread$H.handleMessage(android.os.Message) (ActivityThread.java:1696)
06-12 20:24:46.247 17975 17975 I zygote64:   at void android.os.Handler.dispatchMessage(android.os.Message) (Handler.java:105)
06-12 20:24:46.247 17975 17975 I zygote64:   at void android.os.Looper.loop() (Looper.java:164)
06-12 20:24:46.247 17975 17975 I zygote64:   at void android.app.ActivityThread.main(java.lang.String[]) (ActivityThread.java:6940)
06-12 20:24:46.247 17975 17975 I zygote64:   at java.lang.Object java.lang.reflect.Method.invoke(java.lang.Object, java.lang.Object[]) (Method.java:-2)
06-12 20:24:46.247 17975 17975 I zygote64:   at void com.android.internal.os.Zygote$MethodAndArgsCaller.run() (Zygote.java:327)
06-12 20:24:46.247 17975 17975 I zygote64:   at void com.android.internal.os.ZygoteInit.main(java.lang.String[]) (ZygoteInit.java:1374)
06-12 20:24:46.247 17975 17975 I zygote64: 
06-12 20:24:46.280  5301  5445 D MdnieScenarioControlService:  packageName : e.www.httpsrequesttest    className : e.www.httpsrequesttest.MainActivity
06-12 20:24:46.280  5301  5445 V MdnieScenarioControlService: setUIMode from UI function(3)
06-12 20:24:46.290 17975 17992 D OpenGLRenderer: HWUI GL Pipeline
06-12 20:24:46.296 17975 17975 D ViewRootImpl@6814da1[MainActivity]: setView = DecorView@63b4bc6[MainActivity] TM=true MM=false
06-12 20:24:46.297  5301  7997 D ActivityManager: post active user change for 0 fullscreen true isHomeActivity() false
06-12 20:24:46.314 17975 17993 D NetworkSecurityConfig: No Network Security Config specified, using platform default
06-12 20:24:46.318 17975 17975 D ViewRootImpl@6814da1[MainActivity]: dispatchAttachedToWindow
06-12 20:24:46.329  5301  7997 V WindowManager: Relayout Window{da3ee2c u0 e.www.httpsrequesttest/e.www.httpsrequesttest.MainActivity}: viewVisibility=0 req=719x1237 WM.LayoutParams{(0,0)(fillxfill) sim=#120 ty=1 fl=#81810100 pfl=0x20000 wanim=0x10302fd vsysui=0x600 needsMenuKey=2 colorMode=0 naviIconColor=0}
06-12 20:24:46.335  3446  3446 I SurfaceFlinger: id=3623 createSurf (720x1280),1 flag=404, e.www.httpsrequesttest/e.www.httpsrequesttest.MainActivity#0
06-12 20:24:46.337  5301  7997 V Surface : sf_framedrop debug : 0x4f4c, game : false, logging : 0
06-12 20:24:46.342  5301  7997 D InputDispatcher: Focus entered window: 17975
06-12 20:24:46.345 17975 17975 V Surface : sf_framedrop debug : 0x4f4c, game : false, logging : 0
06-12 20:24:46.346 17975 17975 D ViewRootImpl@6814da1[MainActivity]: Relayout returned: old=[0,0][0,0] new=[0,0][720,1280] result=0x7 surface={valid=true 512472305664} changed=true
06-12 20:24:46.352 17975 17992 I OpenGLRenderer: Initialized EGL, version 1.4
06-12 20:24:46.352 17975 17992 D OpenGLRenderer: Swap behavior 2
06-12 20:24:46.355  3446  3446 I SurfaceFlinger: Display 0 HWC layers:
06-12 20:24:46.355  3446  3446 I SurfaceFlinger:     type    |    handle    | flag |  format   |   source crop (l,t,r,b)    |         frame       | name 
06-12 20:24:46.355  3446  3446 I SurfaceFlinger: ------------+--------------+------+-----------+----------------------------+---------------------+------
06-12 20:24:46.355  3446  3446 I SurfaceFlinger:      Client |              | 0000 |  Unknown  |  -0.2   -0.2   -0.8   -0.8 |    0    0  720 1280 | animation background stackId=1#0
06-12 20:24:46.355  3446  3446 I SurfaceFlinger:      Client | 0x7569825440 | 0002 | RGBA_8888 |   0.0    0.0  720.0 1279.0 |   16   29  703 1250 | com.example.batterymanager_utility/c[...]atterymanager_utility.MainActivity#0
06-12 20:24:46.355  3446  3446 I SurfaceFlinger:      Device | 0x75698243c0 | 0002 | RGBA_8888 |   0.0    0.0  720.0 1024.0 |   16  303  703 1280 | Splash Screen e.www.httpsrequesttest#0
06-12 20:24:46.355  3446  3446 I SurfaceFlinger:      Device | 0x7569824300 | 0000 | RGBA_8888 |   0.0    0.0  720.0   42.0 |    0    0  720   42 | StatusBar#0
06-12 20:24:46.355  3446  3446 I SurfaceFlinger: 
06-12 20:24:46.359 17975 17975 D ViewRootImpl@6814da1[MainActivity]: MSG_RESIZED_REPORT: frame=Rect(0, 0 - 720, 1280) ci=Rect(0, 42 - 0, 0) vi=Rect(0, 42 - 0, 0) or=1
06-12 20:24:46.359 17975 17975 D ViewRootImpl@6814da1[MainActivity]: MSG_WINDOW_FOCUS_CHANGED 1
06-12 20:24:46.361 17975 17975 V InputMethodManager: Starting input: tba=android.view.inputmethod.EditorInfo@5905e52 nm : e.www.httpsrequesttest ic=null
06-12 20:24:46.361 17975 17992 D libGLESv1: STS_GLApi : DTS, ODTC are not allowed for Package : e.www.httpsrequesttest
06-12 20:24:46.362 17975 17975 I InputMethodManager: startInputInner - mService.startInputOrWindowGainedFocus
06-12 20:24:46.362  5301  7997 D InputMethodManagerService: startInputOrWindowGainedFocus : windowGainedFocus 
06-12 20:24:46.362  5301  7997 D InputMethodManagerService: windowGainedFocus: destinationUserId (getCallingUid) = 0
06-12 20:24:46.362  5301  7997 D InputMethodManagerService: windowGainedFocus: currentUserId=0
06-12 20:24:46.362  5301  7997 D InputMethodManagerService: windowGainedFocus: mCurrentFocusedUserId=0
06-12 20:24:46.363  5301  7997 D InputMethodManagerService: windowGainedFocus : lock - currentUserId = 0 destinationUserId = 0
06-12 20:24:46.363  5301  7997 D InputMethodManagerService: windowGainedFocus : mCurrentFocusedUserId - 0 and mSecureKeypadEnabled - false, userSwitched - false
06-12 20:24:46.363 17975 17992 D mali_winsys: EGLint new_window_surface(egl_winsys_display *, void *, EGLSurface, EGLConfig, egl_winsys_surface **, egl_color_buffer_format *, EGLBoolean) returns 0x3000,  [720x1280]-format:1
06-12 20:24:46.363 17975 17992 D OpenGLRenderer: eglCreateWindowSurface = 0x7743bfc800
06-12 20:24:46.363  5301  7997 V InputMethodManagerService: windowGainedFocus : reason=WINDOW_FOCUS_GAIN client=android.os.BinderProxy@56187e inputContext=null missingMethods= attribute=android.view.inputmethod.EditorInfo@36600f5 nm = e.www.httpsrequesttest controlFlags=#104 softInputMode=#120 windowFlags=#81810100
06-12 20:24:46.363  5301  7997 V InputMethodManagerService: hideCurrentInputLocked : shouldHideSoftInput is false
06-12 20:24:46.363  5301  7997 D InputMethodManagerService: isImeSwitcherDisabledPackage : false
06-12 20:24:46.363  5301  7997 V InputMethodManagerService: Creating new session for client ClientState{9373e8a uid 10231 pid 17975}
06-12 20:24:46.364  5301  7997 D InputMethodManagerService: setCurrentInputInfo - inputContext : null eidtorInfo : android.view.inputmethod.EditorInfo@36600f5 missingMethods : 0
06-12 20:24:46.365  5676  5676 I InputMethodWrapper:  call dispatchStartInputWithToken
06-12 20:24:46.365  5676  5676 I InputMethodService: dispatchStartInputWithToken
06-12 20:24:46.365 17975 17975 V InputMethodManager: Starting input: tba=android.view.inputmethod.EditorInfo@a15523 nm : e.www.httpsrequesttest ic=null
06-12 20:24:46.365  5676  5676 I SKBD    : SamsungKeypad [IMI] onStartInput - caller pid : 17975, caller uid : 10231
06-12 20:24:46.382  5301  6042 V WindowManager: finishDrawingLocked: mDrawState=COMMIT_DRAW_PENDING Window{da3ee2c u0 e.www.httpsrequesttest/e.www.httpsrequesttest.MainActivity} in Surface(name=e.www.httpsrequesttest/e.www.httpsrequesttest.MainActivity)
06-12 20:24:46.384  5301  6042 D PowerManagerService: [api]  override the screen timeout by mNotificationLightScreenOverride
06-12 20:24:46.392  5301  5410 D ViewRootImpl@17e6ada[httpsrequesttest]: dispatchDetachedFromWindow
06-12 20:24:46.392  5301  5410 D InputEventReceiver: channel '5fe1b0b Splash Screen e.www.httpsrequesttest (client)' ~ Disposing input event receiver.
06-12 20:24:46.392  5301  5410 D InputEventReceiver: channel '5fe1b0b Splash Screen e.www.httpsrequesttest (client)' ~NativeInputEventReceiver.
06-12 20:24:46.397  5301  5346 I ActivityManager: Displayed e.www.httpsrequesttest/.MainActivity: +340ms
06-12 20:24:46.403  3446  3446 I SurfaceFlinger: Display 0 HWC layers:
06-12 20:24:46.403  3446  3446 I SurfaceFlinger:     type    |    handle    | flag |  format   |   source crop (l,t,r,b)    |         frame       | name 
06-12 20:24:46.403  3446  3446 I SurfaceFlinger: ------------+--------------+------+-----------+----------------------------+---------------------+------
06-12 20:24:46.403  3446  3446 I SurfaceFlinger:      Client |              | 0000 |  Unknown  |  -0.2   -0.2   -0.8   -0.8 |    0    0  720 1280 | animation background stackId=1#0
06-12 20:24:46.403  3446  3446 I SurfaceFlinger:      Client | 0x7569825440 | 0002 | RGBA_8888 |   0.0    0.0  720.0 1280.0 |   18   32  702 1249 | com.example.batterymanager_utility/c[...]atterymanager_utility.MainActivity#0
06-12 20:24:46.403  3446  3446 I SurfaceFlinger:      Device | 0x7569824540 | 0002 | RGBA_8888 |   0.0    0.0  719.0 1138.0 |    9  171  710 1280 | e.www.httpsrequesttest/e.www.httpsrequesttest.MainActivity#0
06-12 20:24:46.403  3446  3446 I SurfaceFlinger:      Device | 0x75698243c0 | 0002 | RGBA_8888 |   0.0    0.0  719.0 1138.0 |    9  171  710 1280 | Splash Screen e.www.httpsrequesttest#0
06-12 20:24:46.403  3446  3446 I SurfaceFlinger:      Device | 0x7569824300 | 0000 | RGBA_8888 |   0.0    0.0  720.0   42.0 |    0    0  720   42 | StatusBar#0
06-12 20:24:46.403  3446  3446 I SurfaceFlinger: 
06-12 20:24:46.433  5301  5410 I WindowManager: Destroying surface Surface(name=Splash Screen e.www.httpsrequesttest) called by com.android.server.wm.WindowStateAnimator.destroySurface:2501 com.android.server.wm.WindowStateAnimator.destroySurfaceLocked:985 com.android.server.wm.WindowState.destroyOrSaveSurfaceUnchecked:3670 com.android.server.wm.WindowState.destroySurface:3618 com.android.server.wm.AppWindowToken.destroySurfaces:722 com.android.server.wm.AppWindowToken.destroySurfaces:706 com.android.server.wm.WindowState.onExitAnimationDone:5316 com.android.server.wm.WindowStateAnimator.stepAnimationLocked:550 
06-12 20:24:46.434  3446  3891 I SurfaceFlinger: id=3621 Removed Splash Screen e.www.httpsrequesttest#0 (4/6)
06-12 20:24:46.437  3446  3446 I SurfaceFlinger: Display 0 HWC layers:
06-12 20:24:46.437  3446  3446 I SurfaceFlinger:     type    |    handle    | flag |  format   |   source crop (l,t,r,b)    |         frame       | name 
06-12 20:24:46.437  3446  3446 I SurfaceFlinger: ------------+--------------+------+-----------+----------------------------+---------------------+------
06-12 20:24:46.437  3446  3446 I SurfaceFlinger:      Client |              | 0000 |  Unknown  |  -0.2   -0.2   -0.8   -0.8 |    0    0  720 1280 | animation background stackId=1#0
06-12 20:24:46.437  3446  3446 I SurfaceFlinger:      Client | 0x7569825440 | 0002 | RGBA_8888 |   0.0    0.0  720.0 1280.0 |   18   32  702 1248 | com.example.batterymanager_utility/c[...]atterymanager_utility.MainActivity#0
06-12 20:24:46.437  3446  3446 I SurfaceFlinger:      Device | 0x7569824540 | 0002 | RGBA_8888 |   0.0    0.0  720.0 1191.0 |    6  109  714 1280 | e.www.httpsrequesttest/e.www.httpsrequesttest.MainActivity#0
06-12 20:24:46.437  3446  3446 I SurfaceFlinger:      Device | 0x7569824300 | 0000 | RGBA_8888 |   0.0    0.0  720.0   42.0 |    0    0  720   42 | StatusBar#0
06-12 20:24:46.437  3446  3446 I SurfaceFlinger: 
06-12 20:24:46.438  3446  3553 I SurfaceFlinger: id=3621 Removed Splash Screen e.www.httpsrequesttest#0 (-2/6)
06-12 20:24:46.449  3446  3446 I Layer   : id=3621 onRemoved Splash Screen e.www.httpsrequesttest#0 
06-12 20:24:46.603  5301  5301 D CustomFrequencyManagerService: releaseDVFSLockLocked : Getting Lock type frm List : DVFS_MIN_LIMIT  frequency : 1560000  uid : 1000  pid : 5301  tag : AMS_RESUME_TAIL@CPU_MIN@20
06-12 20:24:46.634  5301  5410 I WindowManager: Destroying surface Surface(name=com.example.batterymanager_utility/com.example.batterymanager_utility.MainActivity) called by com.android.server.wm.WindowStateAnimator.destroySurface:2501 com.android.server.wm.WindowStateAnimator.destroySurfaceLocked:985 com.android.server.wm.WindowState.destroyOrSaveSurfaceUnchecked:3670 com.android.server.wm.WindowState.destroySurface:3618 com.android.server.wm.AppWindowToken.destroySurfaces:722 com.android.server.wm.AppWindowToken.destroySurfaces:706 com.android.server.wm.WindowState.onExitAnimationDone:5316 com.android.server.wm.WindowStateAnimator.stepAnimationLocked:550 
06-12 20:24:46.634  3446  3891 I SurfaceFlinger: id=3620 Removed com.example.batterymanager_utility/com.example.batterymanager_utility.MainActivity#0 (2/5)
06-12 20:24:46.634  5301  5346 D CustomFrequencyManagerService: acquireDVFSLockLocked : type : DVFS_MIN_LIMIT  frequency : 1560000  uid : 1000  pid : 5301  pkgName : AMS_RESUME_TAIL@CPU_MIN@20
06-12 20:24:46.634  5301  5346 D ActivityManagerPerformance: AMP_acquire() TAIL
06-12 20:24:46.634  5301  5346 D CustomFrequencyManagerService: releaseDVFSLockLocked : Getting Lock type frm List : DVFS_MIN_LIMIT  frequency : 1560000  uid : 1000  pid : 5301  tag : AMS_APP_SWITCH@CPU_MIN@69
06-12 20:24:46.635  5301  5346 D ActivityManagerPerformance: AMP_release() APP_SWITCH
06-12 20:24:46.635  3446  3446 I SurfaceFlinger: Display 0 HWC layers:
06-12 20:24:46.635  3446  3446 I SurfaceFlinger:     type    |    handle    | flag |  format   |   source crop (l,t,r,b)    |         frame       | name 
06-12 20:24:46.635  3446  3446 I SurfaceFlinger: ------------+--------------+------+-----------+----------------------------+---------------------+------
06-12 20:24:46.635  3446  3446 I SurfaceFlinger:      Device | 0x7569824540 | 0002 | RGBA_8888 |   0.0    0.0  720.0 1280.0 |    0    0  720 1280 | e.www.httpsrequesttest/e.www.httpsrequesttest.MainActivity#0
06-12 20:24:46.635  3446  3446 I SurfaceFlinger:      Device | 0x7569824300 | 0000 | RGBA_8888 |   0.0    0.0  720.0   42.0 |    0    0  720   42 | StatusBar#0
06-12 20:24:46.635  3446  3446 I SurfaceFlinger: 
06-12 20:24:46.637  3446  3553 I SurfaceFlinger: id=3620 Removed com.example.batterymanager_utility/com.example.batterymanager_utility.MainActivity#0 (-2/5)
06-12 20:24:46.649  3446  3446 I Layer   : id=3620 onRemoved com.example.batterymanager_utility/com.example.batterymanager_utility.MainActivity#0 
06-12 20:24:46.743  5301  5653 I OpenGLRenderer: Initialized EGL, version 1.4
06-12 20:24:46.743  5301  5653 D OpenGLRenderer: Swap behavior 2
06-12 20:24:46.789  5301  5445 D MdnieScenarioControlService:  packageName : e.www.httpsrequesttest    className : e.www.httpsrequesttest.MainActivity
06-12 20:24:46.789  5301  5445 V MdnieScenarioControlService: setUIMode from UI function(3)
06-12 20:24:47.174 10820 10820 E adbd    : recv: OPEN 00008a7c 00000000 0076:73 68 65 6C 6C 2C 76 32 2C 54 45 52 4D 3D 78 74 65 72 6D 2D 32 35 36 63 6F 6C 6F 72 2C 72 61 77 3A 64 75 6D 70 73 79 73 20 61 63 74 69 76 69 74 79 20 72 65 63 65 6E 74 73 20 7C 20 67 72 65 70 20 22 52 65 63 65 6E 74 20 23 30 22 20 7C 20 63 75 74 20 2D 64 20 22 3D 22 20 2D 66 32 20 7C 20 67 72 65 70 20 2D 6F 20 2D 70 20 22 5B 61 2D 7A 7C 2E 5D 2A 22 00 
06-12 20:24:47.174 10820 10820 E adbd    : service_to_fd: shell,v2,TERM=xterm-256color,raw:dumpsys activity recents | grep "Recent #0" | cut -d "=" -f2 | grep -o -p "[a-z|.]*"
06-12 20:24:47.235  5301  5301 D CustomFrequencyManagerService: releaseDVFSLockLocked : Getting Lock type frm List : DVFS_MIN_LIMIT  frequency : 1560000  uid : 1000  pid : 5301  tag : AMS_RESUME_TAIL@CPU_MIN@20
06-12 20:24:47.249 10820 10820 E adbd    : recv: OPEN 00008a7f 00000000 0042:73 68 65 6C 6C 2C 76 32 2C 54 45 52 4D 3D 78 74 65 72 6D 2D 32 35 36 63 6F 6C 6F 72 2C 72 61 77 3A 67 65 74 70 72 6F 70 20 72 6F 2E 62 75 69 6C 64 2E 76 65 72 73 69 6F 6E 2E 72 65 6C 65 61 73 65 00 
06-12 20:24:47.250 10820 10820 E adbd    : service_to_fd: shell,v2,TERM=xterm-256color,raw:getprop ro.build.version.release
06-12 20:24:47.299 10820 10820 E adbd    : recv: OPEN 00008a82 00000000 003e:73 68 65 6C 6C 2C 76 32 2C 54 45 52 4D 3D 78 74 65 72 6D 2D 32 35 36 63 6F 6C 6F 72 2C 72 61 77 3A 67 65 74 70 72 6F 70 20 72 6F 2E 62 75 69 6C 64 2E 76 65 72 73 69 6F 6E 2E 73 64 6B 00 
06-12 20:24:47.299 10820 10820 E adbd    : service_to_fd: shell,v2,TERM=xterm-256color,raw:getprop ro.build.version.sdk
06-12 20:24:47.314  5301  5301 D PreBindingService: handleMessage : 1
06-12 20:24:47.352 10820 10820 E adbd    : recv: OPEN 00008a85 00000000 0042:73 68 65 6C 6C 2C 76 32 2C 54 45 52 4D 3D 78 74 65 72 6D 2D 32 35 36 63 6F 6C 6F 72 2C 72 61 77 3A 67 65 74 70 72 6F 70 20 72 6F 2E 62 75 69 6C 64 2E 76 65 72 73 69 6F 6E 2E 72 65 6C 65 61 73 65 00 
06-12 20:24:47.352 10820 10820 E adbd    : service_to_fd: shell,v2,TERM=xterm-256color,raw:getprop ro.build.version.release
06-12 20:24:47.397 10820 10820 E adbd    : recv: OPEN 00008a88 00000000 003e:73 68 65 6C 6C 2C 76 32 2C 54 45 52 4D 3D 78 74 65 72 6D 2D 32 35 36 63 6F 6C 6F 72 2C 72 61 77 3A 67 65 74 70 72 6F 70 20 72 6F 2E 62 75 69 6C 64 2E 76 65 72 73 69 6F 6E 2E 73 64 6B 00 
06-12 20:24:47.397 10820 10820 E adbd    : service_to_fd: shell,v2,TERM=xterm-256color,raw:getprop ro.build.version.sdk
06-12 20:24:47.440 10820 10820 E adbd    : recv: OPEN 00008a8b 00000000 0102:73 68 65 6C 6C 2C 76 32 2C 54 45 52 4D 3D 78 74 65 72 6D 2D 32 35 36 63 6F 6C 6F 72 2C 72 61 77 3A 61 6D 20 73 74 61 72 74 2D 66 6F 72 65 67 72 6F 75 6E 64 2D 73 65 72 76 69 63 65 20 2D 6E 20 22 63 6F 6D 2E 65 78 61 6D 70 6C 65 2E 62 61 74 74 65 72 79 6D 61 6E 61 67 65 72 5F 75 74 69 6C 69 74 79 2F 63 6F 6D 2E 65 78 61 6D 70 6C 65 2E 62 61 74 74 65 72 79 6D 61 6E 61 67 65 72 5F 75 74 69 6C 69 74 79 2E 44 61 74 61 43 6F 6C 6C 65 63 74 69 6F 6E 53 65 72 76 69 63 65 22 20 2D 2D 65 69 20 73 61 6D 70 6C 65 52 61 74 65 20 31 30 30 20 2D 2D 65 73 20 22 64 61 74 61 46 69 65 6C 64 73 22 20 22 42 41 54 54 45 52 59 5F 50 52 4F 50 45 52 54 59 5F 43 55 52 52 45 4E 54 5F 4E 4F 57 2C 45 58 54 52 41 5F 56 4F 4C 54 41 47 45 22 20 2D 2D 65 7A 20 74 6F 43 53 56 20 66 61 6C 73 65 00 
06-12 20:24:47.440 10820 10820 E adbd    : service_to_fd: shell,v2,TERM=xterm-256color,raw:am start-foreground-service -n "com.example.batterymanager_utility/com.example.batterymanager_utility.DataCollectionService" --ei sampleRate 100 --es "dataFields" "BATTERY_PROPERTY_CURRENT_NOW,EXTRA_VOLTAGE" --ez toCSV false
06-12 20:24:47.511 17934 17934 I BatteryMgr:DataCollectionService: onStartCommand: begin
06-12 20:24:47.512 17934 17934 I BatteryMgr:DataCollectionService: onStartCommand: sampleRate => 100
06-12 20:24:47.512 17934 17934 I BatteryMgr:DataCollectionService: onStartCommand: rawFields => Timestamp,BATTERY_PROPERTY_CURRENT_NOW,EXTRA_VOLTAGE
06-12 20:24:47.514 17934 17934 I BatteryMgr:DataCollectionService: onStartCommand: notification done
06-12 20:24:47.516 17934 17934 D Notification: allPendingIntents
06-12 20:24:47.517 17934 17934 I BatteryMgr:DataCollectionService: started foreground
06-12 20:24:47.520  5301  5337 D ApplicationPolicy: isStatusBarNotificationAllowedAsUser: packageName = android,userId = 0
06-12 20:24:47.520  5301  5337 D API test: getContainerInfo: value is 
06-12 20:24:47.520  5301  5337 D ApplicationPolicy: isStatusBarNotificationAllowedAsUser: packageName = android,userId = 0
06-12 20:24:47.520  5301  5337 D API test: getContainerInfo: value is 
06-12 20:24:47.521  5301  5337 E NotificationService: Suppressing notification from package by user request.
06-12 20:24:47.521  5301  5337 D ApplicationPolicy: isStatusBarNotificationAllowedAsUser: packageName = com.example.batterymanager_utility,userId = 0
06-12 20:24:47.521  5301  5337 D API test: getContainerInfo: value is 
06-12 20:24:47.522  5301  5337 D ApplicationPolicy: isStatusBarNotificationAllowedAsUser: packageName = com.example.batterymanager_utility,userId = 0
06-12 20:24:47.522  5301  5337 D API test: getContainerInfo: value is 
06-12 20:24:47.524  5301  5301 I AccessibilityManagerService: semOnLightNotification(null), bIsFlashOn : false
06-12 20:24:47.524  5301  5301 D AccessibilityManagerService: Can't use light notification
06-12 20:24:47.525  5301  5301 D AudioService: getStreamVolume 5 index 110
06-12 20:24:47.527  5301  6042 D Notification: allPendingIntents
06-12 20:24:47.528  5301  5702 D Notification: allPendingIntents
06-12 20:24:47.528  5689  5689 D StatusBar: addNotification key=0|com.example.batterymanager_utility|1|null|10186 fullscreen:false
06-12 20:24:47.528  5301  7997 D Notification: allPendingIntents
06-12 20:24:47.530  5871  5871 W SANotification4O: NotificationListener.onNotificationPosted-Socket is not available
06-12 20:24:47.532 17934 18031 I BatteryMgr:DataCollectionService: collectData: begin
06-12 20:24:47.538 17934 18031 I BatteryMgr:DataCollectionService: stats => 1686594287538,-140,4200
06-12 20:24:47.591  5689  5689 D KeyguardUpdateMonitor: handleStatusBarState( false )
06-12 20:24:47.649 17934 18031 I BatteryMgr:DataCollectionService: stats => 1686594287649,-140,4200
06-12 20:24:47.730 10820 10820 E adbd    : recv: OPEN 00008a8e 00000000 0042:73 68 65 6C 6C 2C 76 32 2C 54 45 52 4D 3D 78 74 65 72 6D 2D 32 35 36 63 6F 6C 6F 72 2C 72 61 77 3A 67 65 74 70 72 6F 70 20 72 6F 2E 62 75 69 6C 64 2E 76 65 72 73 69 6F 6E 2E 72 65 6C 65 61 73 65 00 
06-12 20:24:47.730 10820 10820 E adbd    : service_to_fd: shell,v2,TERM=xterm-256color,raw:getprop ro.build.version.release
06-12 20:24:47.762 17934 18031 I BatteryMgr:DataCollectionService: stats => 1686594287762,-140,4200
06-12 20:24:47.802 10820 10820 E adbd    : recv: OPEN 00008a91 00000000 003e:73 68 65 6C 6C 2C 76 32 2C 54 45 52 4D 3D 78 74 65 72 6D 2D 32 35 36 63 6F 6C 6F 72 2C 72 61 77 3A 67 65 74 70 72 6F 70 20 72 6F 2E 62 75 69 6C 64 2E 76 65 72 73 69 6F 6E 2E 73 64 6B 00 
06-12 20:24:47.803 10820 10820 E adbd    : service_to_fd: shell,v2,TERM=xterm-256color,raw:getprop ro.build.version.sdk
06-12 20:24:47.873 17934 18031 I BatteryMgr:DataCollectionService: stats => 1686594287873,-140,4200
06-12 20:24:47.986 17934 18031 I BatteryMgr:DataCollectionService: stats => 1686594287986,-140,4200
06-12 20:24:48.062  5301  5301 D PreBindingService: handleMessage : 1
06-12 20:24:48.100 17934 18031 I BatteryMgr:DataCollectionService: stats => 1686594288100,-140,4200
06-12 20:24:48.213 17934 18031 I BatteryMgr:DataCollectionService: stats => 1686594288213,-140,4200
06-12 20:24:48.236  3435  3435 I android.hardware.wifi@1.0-service: getLinkLayerStats
06-12 20:24:48.317  5301  5414 D SensorService: [SO] 0.613 -0.599 9.912
06-12 20:24:48.340 17934 18031 I BatteryMgr:DataCollectionService: stats => 1686594288340,-140,4200
06-12 20:24:48.454 17934 18031 I BatteryMgr:DataCollectionService: stats => 1686594288454,-140,4200
06-12 20:24:48.568 17934 18031 I BatteryMgr:DataCollectionService: stats => 1686594288567,-140,4200
06-12 20:24:48.681 17934 18031 I BatteryMgr:DataCollectionService: stats => 1686594288680,-140,4200
06-12 20:24:48.794 17934 18031 I BatteryMgr:DataCollectionService: stats => 1686594288794,-140,4200
06-12 20:24:48.908 17934 18031 I BatteryMgr:DataCollectionService: stats => 1686594288908,-140,4200
06-12 20:24:48.948  9136  9193 D ScanRecord: Not a Multi Manu data
06-12 20:24:48.949  9136  9193 I chatty  : uid=1002(bluetooth) BT Service Call identical 11 lines
06-12 20:24:48.949  9136  9193 D ScanRecord: Not a Multi Manu data
06-12 20:24:49.021 17934 18031 I BatteryMgr:DataCollectionService: stats => 1686594289021,-140,4200
06-12 20:24:49.135 17934 18031 I BatteryMgr:DataCollectionService: stats => 1686594289135,-140,4200
06-12 20:24:49.248 17934 18031 I BatteryMgr:DataCollectionService: stats => 1686594289248,-140,4200
06-12 20:24:49.355 17934 18031 I BatteryMgr:DataCollectionService: stats => 1686594289355,-140,4200
06-12 20:24:49.465 17934 18031 I BatteryMgr:DataCollectionService: stats => 1686594289464,-140,4200
06-12 20:24:49.579 17934 18031 I BatteryMgr:DataCollectionService: stats => 1686594289578,-140,4200
06-12 20:24:49.692 17934 18031 I BatteryMgr:DataCollectionService: stats => 1686594289691,-140,4200
06-12 20:24:49.805 17934 18031 I BatteryMgr:DataCollectionService: stats => 1686594289805,-140,4200
06-12 20:24:49.918 17934 18031 I BatteryMgr:DataCollectionService: stats => 1686594289918,-140,4200
06-12 20:24:50.032 17934 18031 I BatteryMgr:DataCollectionService: stats => 1686594290031,-140,4200
06-12 20:24:50.145 17934 18031 I BatteryMgr:DataCollectionService: stats => 1686594290144,-140,4200
06-12 20:24:50.192  6313  6313 D io_stats: !@ 179,0 r 1203899 39340492 w 852367 17114244 d 48262 9114428 f 267130 271342 iot 961212 823697 th 51200 0 0 pt 0 inp 0 0 113896.719
06-12 20:24:50.258 17934 18031 I BatteryMgr:DataCollectionService: stats => 1686594290257,-140,4200
06-12 20:24:50.365 17934 18031 I BatteryMgr:DataCollectionService: stats => 1686594290365,-140,4200
06-12 20:24:50.469 17934 18031 I BatteryMgr:DataCollectionService: stats => 1686594290469,-140,4200
06-12 20:24:50.581 17934 18031 I BatteryMgr:DataCollectionService: stats => 1686594290581,-140,4200
06-12 20:24:50.694 17934 18031 I BatteryMgr:DataCollectionService: stats => 1686594290694,-140,4200
06-12 20:24:50.807 17934 18031 I BatteryMgr:DataCollectionService: stats => 1686594290806,-140,4200
06-12 20:24:50.920 17934 18031 I BatteryMgr:DataCollectionService: stats => 1686594290919,-140,4200
06-12 20:24:51.032 17934 18031 I BatteryMgr:DataCollectionService: stats => 1686594291032,-140,4200
06-12 20:24:51.145 17934 18031 I BatteryMgr:DataCollectionService: stats => 1686594291145,-140,4200
06-12 20:24:51.246  3435  3435 I android.hardware.wifi@1.0-service: getLinkLayerStats
06-12 20:24:51.258 17934 18031 I BatteryMgr:DataCollectionService: stats => 1686594291258,-140,4200
06-12 20:24:51.365 17934 18031 I BatteryMgr:DataCollectionService: stats => 1686594291365,-140,4200
06-12 20:24:51.471 17934 18031 I BatteryMgr:DataCollectionService: stats => 1686594291471,-140,4200
06-12 20:24:51.531 17934 18047 D ProfileInstaller: Installing profile for com.example.batterymanager_utility
06-12 20:24:51.584 17934 18031 I BatteryMgr:DataCollectionService: stats => 1686594291584,-140,4200
06-12 20:24:51.696 17934 18031 I BatteryMgr:DataCollectionService: stats => 1686594291696,-140,4200
06-12 20:24:51.808 17934 18031 I BatteryMgr:DataCollectionService: stats => 1686594291808,-140,4200
06-12 20:24:51.921 17934 18031 I BatteryMgr:DataCollectionService: stats => 1686594291921,-140,4200
06-12 20:24:52.034 17934 18031 I BatteryMgr:DataCollectionService: stats => 1686594292034,-140,4200
06-12 20:24:52.147 17934 18031 I BatteryMgr:DataCollectionService: stats => 1686594292147,-140,4200
06-12 20:24:52.260 17934 18031 I BatteryMgr:DataCollectionService: stats => 1686594292259,-140,4200
06-12 20:24:52.367 17934 18031 I BatteryMgr:DataCollectionService: stats => 1686594292367,-140,4200
06-12 20:24:52.473 17934 18031 I BatteryMgr:DataCollectionService: stats => 1686594292473,-140,4200
06-12 20:24:52.585 17934 18031 I BatteryMgr:DataCollectionService: stats => 1686594292585,-140,4200
06-12 20:24:52.697 17934 18031 I BatteryMgr:DataCollectionService: stats => 1686594292697,-140,4200
06-12 20:24:52.810 17934 18031 I BatteryMgr:DataCollectionService: stats => 1686594292810,-140,4200
06-12 20:24:52.923 17934 18031 I BatteryMgr:DataCollectionService: stats => 1686594292923,-140,4200
06-12 20:24:53.036 17934 18031 I BatteryMgr:DataCollectionService: stats => 1686594293035,-140,4200
06-12 20:24:53.148 17934 18031 I BatteryMgr:DataCollectionService: stats => 1686594293148,-140,4200
06-12 20:24:53.261 17934 18031 I BatteryMgr:DataCollectionService: stats => 1686594293260,-140,4200
06-12 20:24:53.369 17934 18031 I BatteryMgr:DataCollectionService: stats => 1686594293369,-140,4200
06-12 20:24:53.481 17934 18031 I BatteryMgr:DataCollectionService: stats => 1686594293481,-140,4200
06-12 20:24:53.594 17934 18031 I BatteryMgr:DataCollectionService: stats => 1686594293593,-140,4200
06-12 20:24:53.707 17934 18031 I BatteryMgr:DataCollectionService: stats => 1686594293706,-140,4200
06-12 20:24:53.820 17934 18031 I BatteryMgr:DataCollectionService: stats => 1686594293819,-140,4200
06-12 20:24:53.932 17934 18031 I BatteryMgr:DataCollectionService: stats => 1686594293932,-140,4200
06-12 20:24:54.044 17934 18031 I BatteryMgr:DataCollectionService: stats => 1686594294044,-140,4200
06-12 20:24:54.157 17934 18031 I BatteryMgr:DataCollectionService: stats => 1686594294156,-140,4200
06-12 20:24:54.255  3435  3435 I android.hardware.wifi@1.0-service: getLinkLayerStats
06-12 20:24:54.270 17934 18031 I BatteryMgr:DataCollectionService: stats => 1686594294269,-140,4200
06-12 20:24:54.377 17934 18031 I BatteryMgr:DataCollectionService: stats => 1686594294377,-140,4200
06-12 20:24:54.489 17934 18031 I BatteryMgr:DataCollectionService: stats => 1686594294489,-140,4200
06-12 20:24:54.601 17934 18031 I BatteryMgr:DataCollectionService: stats => 1686594294601,-140,4200
06-12 20:24:54.716 17934 18031 I BatteryMgr:DataCollectionService: stats => 1686594294715,-140,4200
06-12 20:24:54.828 17934 18031 I BatteryMgr:DataCollectionService: stats => 1686594294828,-140,4200
06-12 20:24:54.941 17934 18031 I BatteryMgr:DataCollectionService: stats => 1686594294941,-140,4200
06-12 20:24:55.054 17934 18031 I BatteryMgr:DataCollectionService: stats => 1686594295053,-140,4200
06-12 20:24:55.166 17934 18031 I BatteryMgr:DataCollectionService: stats => 1686594295165,-140,4200
06-12 20:24:55.196  6313  6313 D io_stats: !@ 179,0 r 1203899 39340492 w 852374 17114276 d 48262 9114428 f 267130 271342 iot 961212 823698 th 51200 0 0 pt 0 inp 0 0 113901.725
06-12 20:24:55.279 17934 18031 I BatteryMgr:DataCollectionService: stats => 1686594295278,-140,4200
06-12 20:24:55.385 17934 18031 I BatteryMgr:DataCollectionService: stats => 1686594295385,-140,4200
06-12 20:24:55.492 17934 18031 I BatteryMgr:DataCollectionService: stats => 1686594295491,-140,4200
06-12 20:24:55.604 17934 18031 I BatteryMgr:DataCollectionService: stats => 1686594295604,-140,4200
06-12 20:24:55.716 17934 18031 I BatteryMgr:DataCollectionService: stats => 1686594295716,-140,4200
06-12 20:24:55.732  5301  8272 D SSRM:k  : SIOP:: AP = 330, PST = 332 (W:30), BAT = 320, USB = 0, CHG = 0
06-12 20:24:55.829 17934 18031 I BatteryMgr:DataCollectionService: stats => 1686594295829,-140,4200
06-12 20:24:55.941 17934 18031 I BatteryMgr:DataCollectionService: stats => 1686594295941,-140,4200
06-12 20:24:56.053 17934 18031 I BatteryMgr:DataCollectionService: stats => 1686594296053,-140,4200
06-12 20:24:56.166 17934 18031 I BatteryMgr:DataCollectionService: stats => 1686594296166,-140,4200
06-12 20:24:56.279 17934 18031 I BatteryMgr:DataCollectionService: stats => 1686594296278,-140,4200
06-12 20:24:56.386 17934 18031 I BatteryMgr:DataCollectionService: stats => 1686594296386,-140,4200
06-12 20:24:56.499 17934 18031 I BatteryMgr:DataCollectionService: stats => 1686594296498,-140,4200
06-12 20:24:56.611 17934 18031 I BatteryMgr:DataCollectionService: stats => 1686594296611,-140,4200
06-12 20:24:56.724 17934 18031 I BatteryMgr:DataCollectionService: stats => 1686594296723,-140,4200
06-12 20:24:56.835 17934 17939 I zygote64: Do partial code cache collection, code=61KB, data=44KB
06-12 20:24:56.836 17934 17939 I zygote64: After code cache collection, code=61KB, data=44KB
06-12 20:24:56.837 17934 17939 I zygote64: Increasing code cache capacity to 256KB
06-12 20:24:56.837 17934 18031 I BatteryMgr:DataCollectionService: stats => 1686594296836,-140,4200
06-12 20:24:56.949 17934 18031 I BatteryMgr:DataCollectionService: stats => 1686594296949,-140,4200
06-12 20:24:57.062 17934 18031 I BatteryMgr:DataCollectionService: stats => 1686594297061,-140,4200
06-12 20:24:57.174 17934 18031 I BatteryMgr:DataCollectionService: stats => 1686594297173,-140,4200
06-12 20:24:57.277  3435  3435 I android.hardware.wifi@1.0-service: getLinkLayerStats
06-12 20:24:57.286 17934 18031 I BatteryMgr:DataCollectionService: stats => 1686594297286,-140,4200
06-12 20:24:57.342  5301  5821 E Watchdog: !@Sync 3794 [2023-06-12 20:24:57.341]
06-12 20:24:57.393 17934 18031 I BatteryMgr:DataCollectionService: stats => 1686594297393,-140,4200
06-12 20:24:57.503 17934 18031 I BatteryMgr:DataCollectionService: stats => 1686594297503,-140,4200
06-12 20:24:57.616 17934 18031 I BatteryMgr:DataCollectionService: stats => 1686594297616,-140,4200
06-12 20:24:57.728 17934 18031 I BatteryMgr:DataCollectionService: stats => 1686594297727,-140,4200
06-12 20:24:57.840 17934 18031 I BatteryMgr:DataCollectionService: stats => 1686594297839,-140,4200
06-12 20:24:57.952 17934 18031 I BatteryMgr:DataCollectionService: stats => 1686594297952,-140,4200
06-12 20:24:58.064 17934 18031 I BatteryMgr:DataCollectionService: stats => 1686594298064,-140,4200
06-12 20:24:58.176 17934 18031 I BatteryMgr:DataCollectionService: stats => 1686594298176,-140,4200
06-12 20:24:58.289 17934 18031 I BatteryMgr:DataCollectionService: stats => 1686594298289,-140,4200
06-12 20:24:58.316  5301  5414 D SensorService: [SO] 0.594 -0.594 9.917
06-12 20:24:58.396 17934 18031 I BatteryMgr:DataCollectionService: stats => 1686594298395,-140,4200
06-12 20:24:58.507 17934 18031 I BatteryMgr:DataCollectionService: stats => 1686594298507,-140,4200
06-12 20:24:58.620 17934 18031 I BatteryMgr:DataCollectionService: stats => 1686594298619,-140,4200
06-12 20:24:58.732 17934 18031 I BatteryMgr:DataCollectionService: stats => 1686594298731,-140,4200
06-12 20:24:58.844 17934 18031 I BatteryMgr:DataCollectionService: stats => 1686594298844,-140,4200
06-12 20:24:58.956 17934 18031 I BatteryMgr:DataCollectionService: stats => 1686594298956,-140,4200
06-12 20:24:59.068 17934 18031 I BatteryMgr:DataCollectionService: stats => 1686594299068,-140,4200
06-12 20:24:59.180 17934 18031 I BatteryMgr:DataCollectionService: stats => 1686594299180,-140,4200
06-12 20:24:59.292 17934 18031 I BatteryMgr:DataCollectionService: stats => 1686594299292,-140,4200
06-12 20:24:59.399 17934 18031 I BatteryMgr:DataCollectionService: stats => 1686594299399,-140,4200
06-12 20:24:59.512 17934 18031 I BatteryMgr:DataCollectionService: stats => 1686594299512,-140,4200
06-12 20:24:59.624 17934 18031 I BatteryMgr:DataCollectionService: stats => 1686594299624,-140,4200
06-12 20:24:59.737 17934 18031 I BatteryMgr:DataCollectionService: stats => 1686594299736,-140,4200
06-12 20:24:59.849 17934 18031 I BatteryMgr:DataCollectionService: stats => 1686594299849,-140,4200
06-12 20:24:59.961 17934 18031 I BatteryMgr:DataCollectionService: stats => 1686594299961,-140,4200
06-12 20:25:00.000  5301  5428 D SamsungAlarmManager: Expired : 8
06-12 20:25:00.001  5301  5428 V SamsungAlarmManager: Sending to uid : 1000 action=android.intent.action.TIME_TICK alarm=Alarm{e779d2e type 3 when 278114999 android}
06-12 20:25:00.002  5301  5428 D PowerManagerService: [api]  override the screen timeout by mNotificationLightScreenOverride
06-12 20:25:00.003  5301  5428 V SamsungAlarmManager: Sending to uid : 10074 action=com.samsung.action.EVERY_MINUTE_CLOCK_UPDATE alarm=Alarm{a953a5c type 1 when 1686594300000 com.sec.android.app.launcher}
06-12 20:25:00.010  5301  5301 D SamsungAlarmManager: setExact Intent (T:3/F:1/AC:false) 20230612T202600 - CU:1000/CP:5301
06-12 20:25:00.010  6546  6546 I Launcher: onReceive: com.samsung.action.EVERY_MINUTE_CLOCK_UPDATE
06-12 20:25:00.010  5301  5301 I SamsungAlarmManager: setLocked to kernel - T:3 / 20230612T202600, SetElapsed=278174999, nowELAPSED=278115009
06-12 20:25:00.013  5689  5689 D KeyguardUpdateMonitor: received broadcast android.intent.action.TIME_TICK
06-12 20:25:00.013  5689  5689 D KeyguardServiceBoxContainer: refreshTime() 1
06-12 20:25:00.021  5301  5702 D SamsungAlarmManager: setInexact Intent (T:1/F:0/AC:false) 20230612T202600 - CU:10074/CP:6546
06-12 20:25:00.022  6546  6546 I IconView: applyFromShortcutInfo - start GetLive : com.samsung.android.calendar
06-12 20:25:00.022  6546  6546 I IconView: applyFromShortcutInfo - end GetLive : com.samsung.android.calendar
06-12 20:25:00.024  6546  6546 I IconView: applyFromApplicationInfo - start GetLive : com.sec.android.app.clockpackage
06-12 20:25:00.035  6546  6546 D ApplicationPackageManager: we has com.sec.android.app.clockpackage class. reuse it 
06-12 20:25:00.035  6546  6546 D LiveIconLoader: getLiveIcon was called in ClockPackage
06-12 20:25:00.037  6546  6546 D LiveIconLoader: getLiveIcon res = com.sec.android.app.clockpackage
06-12 20:25:00.041  6546  6546 D LiveIconLoader: stdIconSize : 84 , targetIconSize : 94
06-12 20:25:00.041  6546  6546 D LiveIconLoader: mIconDpi : 320 , mTargetIconDpi : 280
06-12 20:25:00.044  5689  5689 D KeyguardUpdateMonitor: handleStatusBarState( false )
06-12 20:25:00.060  6546  6546 I ApplicationPackageManager: load= live icon for com.sec.android.app.clockpackage, from overlay = false
06-12 20:25:00.062  6546  6546 I LiveIconManager: getLiveIcon: complete(sync_created)
06-12 20:25:00.062  6546  6546 I IconView: applyFromApplicationInfo - end GetLive : com.sec.android.app.clockpackage
06-12 20:25:00.063  6546  6546 I IconView: applyFromApplicationInfo - start GetLive : com.samsung.android.calendar
06-12 20:25:00.063  6546  6546 I IconView: applyFromApplicationInfo - end GetLive : com.samsung.android.calendar
06-12 20:25:00.066  5301  5301 D PowerManagerService: [api]  override the screen timeout by mNotificationLightScreenOverride
06-12 20:25:00.070 17934 18031 I BatteryMgr:DataCollectionService: stats => 1686594300069,-140,4200
06-12 20:25:00.178 17934 18031 I BatteryMgr:DataCollectionService: stats => 1686594300178,-140,4200
06-12 20:25:00.201  6313  6313 D io_stats: !@ 179,0 r 1203899 39340492 w 852391 17114672 d 48264 9114436 f 267133 271345 iot 961228 823709 th 51200 0 0 pt 0 inp 0 0 113906.728
06-12 20:25:00.290 17934 18031 I BatteryMgr:DataCollectionService: stats => 1686594300290,-140,4200
06-12 20:25:00.293  3435  3435 I android.hardware.wifi@1.0-service: getLinkLayerStats
06-12 20:25:00.404 17934 18031 I BatteryMgr:DataCollectionService: stats => 1686594300404,-140,4200
06-12 20:25:00.510 17934 18031 I BatteryMgr:DataCollectionService: stats => 1686594300510,-140,4200
06-12 20:25:00.622 17934 18031 I BatteryMgr:DataCollectionService: stats => 1686594300622,-140,4200
06-12 20:25:00.734 17934 18031 I BatteryMgr:DataCollectionService: stats => 1686594300734,-140,4200
06-12 20:25:00.847 17934 18031 I BatteryMgr:DataCollectionService: stats => 1686594300846,-140,4200
06-12 20:25:00.959 17934 18031 I BatteryMgr:DataCollectionService: stats => 1686594300958,-140,4200
06-12 20:25:01.071 17934 18031 I BatteryMgr:DataCollectionService: stats => 1686594301071,-140,4200
06-12 20:25:01.183 17934 18031 I BatteryMgr:DataCollectionService: stats => 1686594301183,-140,4200
06-12 20:25:01.296 17934 18031 I BatteryMgr:DataCollectionService: stats => 1686594301295,-140,4200
06-12 20:25:01.406 17934 18031 I BatteryMgr:DataCollectionService: stats => 1686594301406,-140,4200
06-12 20:25:01.518 17934 18031 I BatteryMgr:DataCollectionService: stats => 1686594301517,-140,4200
06-12 20:25:01.630 17934 18031 I BatteryMgr:DataCollectionService: stats => 1686594301630,-140,4200
06-12 20:25:01.742 17934 18031 I BatteryMgr:DataCollectionService: stats => 1686594301742,-140,4200
06-12 20:25:01.854 17934 18031 I BatteryMgr:DataCollectionService: stats => 1686594301853,-140,4200
06-12 20:25:01.966 17934 18031 I BatteryMgr:DataCollectionService: stats => 1686594301966,-140,4200
06-12 20:25:01.988  5301  5345 W StorageManager: getStorageFullBytes DEFAULT_FULL_THRESHOLD_BYTES : 20971520, threadhold : 20971520
06-12 20:25:01.989  5301  5345 W StorageManager: getStorageLowBytes lowPercent : 5, lowBytes : 1260145254, maxLowBytes : 524288000
