07-06 13:37:59.230 22401 22498 I BatteryMgr:DataCollectionService: stats => 1688643479230,-135742,4110
07-06 13:37:59.237 22401 22498 I BatteryMgr:DataCollectionService: stats => 1688643479237,-135742,4110
07-06 13:37:59.242 22401 22498 I BatteryMgr:DataCollectionService: stats => 1688643479242,-135742,4110
07-06 13:37:59.247 22401 22498 I BatteryMgr:DataCollectionService: stats => 1688643479246,-135742,4110
07-06 13:37:59.250 22401 22498 I BatteryMgr:DataCollectionService: stats => 1688643479250,-135742,4110
07-06 13:37:59.256 22401 22498 I BatteryMgr:DataCollectionService: stats => 1688643479256,-135742,4110
07-06 13:37:59.261 22401 22498 I BatteryMgr:DataCollectionService: stats => 1688643479260,-135742,4110
07-06 13:37:59.265 22401 22498 I BatteryMgr:DataCollectionService: stats => 1688643479265,-135742,4110
07-06 13:37:59.269 22401 22498 I BatteryMgr:DataCollectionService: stats => 1688643479269,-135742,4110
07-06 13:37:59.274 22401 22498 I BatteryMgr:DataCollectionService: stats => 1688643479274,-135742,4110
07-06 13:37:59.278 22401 22498 I BatteryMgr:DataCollectionService: stats => 1688643479278,-135742,4110
07-06 13:37:59.282 22401 22498 I BatteryMgr:DataCollectionService: stats => 1688643479282,-135742,4110
07-06 13:37:59.287 22401 22498 I BatteryMgr:DataCollectionService: stats => 1688643479287,-135742,4110
07-06 13:37:59.291 22401 22498 I BatteryMgr:DataCollectionService: stats => 1688643479291,-135742,4110
07-06 13:37:59.296 22401 22498 I BatteryMgr:DataCollectionService: stats => 1688643479296,-135742,4110
07-06 13:37:59.301 22401 22498 I BatteryMgr:DataCollectionService: stats => 1688643479301,-135742,4110
07-06 13:37:59.305 22401 22498 I BatteryMgr:DataCollectionService: stats => 1688643479305,-135742,4110
07-06 13:37:59.310 22401 22498 I BatteryMgr:DataCollectionService: stats => 1688643479309,-135742,4110
07-06 13:37:59.314 22401 22498 I BatteryMgr:DataCollectionService: stats => 1688643479314,-135742,4110
07-06 13:37:59.319 22401 22498 I BatteryMgr:DataCollectionService: stats => 1688643479319,-135742,4110
07-06 13:37:59.323 22401 22498 I BatteryMgr:DataCollectionService: stats => 1688643479323,-135742,4110
07-06 13:37:59.328 22401 22498 I BatteryMgr:DataCollectionService: stats => 1688643479328,-135742,4110
07-06 13:37:59.332 22401 22498 I BatteryMgr:DataCollectionService: stats => 1688643479332,-135742,4110
07-06 13:37:59.337 22401 22498 I BatteryMgr:DataCollectionService: stats => 1688643479337,-135742,4110
07-06 13:37:59.337   564   564 E SELinux : avc:  denied  { find } for interface=vendor.qti.hardware.servicetracker::IServicetracker sid=u:r:system_server:s0 pid=1611 scontext=u:r:system_server:s0 tcontext=u:object_r:default_android_hwservice:s0 tclass=hwservice_manager permissive=0
07-06 13:37:59.339   564   564 E SELinux : avc:  denied  { find } for interface=vendor.qti.hardware.servicetracker::IServicetracker sid=u:r:system_server:s0 pid=1611 scontext=u:r:system_server:s0 tcontext=u:object_r:default_android_hwservice:s0 tclass=hwservice_manager permissive=0
07-06 13:37:59.340  3461  3461 D BoundBrokerSvc: onUnbind: Intent { act=com.google.android.gms.inappreach.service.START dat=chimera-action: cmp=com.google.android.gms/.chimera.GmsApiService }
07-06 13:37:59.349 22401 22498 I BatteryMgr:DataCollectionService: stats => 1688643479349,-135742,4110
07-06 13:37:59.354 22401 22498 I BatteryMgr:DataCollectionService: stats => 1688643479354,-135742,4110
07-06 13:37:59.358 22401 22498 I BatteryMgr:DataCollectionService: stats => 1688643479358,-135742,4110
07-06 13:37:59.362 22401 22498 I BatteryMgr:DataCollectionService: stats => 1688643479362,-135742,4110
07-06 13:37:59.367 22401 22498 I BatteryMgr:DataCollectionService: stats => 1688643479367,-135742,4110
07-06 13:37:59.371 22401 22498 I BatteryMgr:DataCollectionService: stats => 1688643479371,-135742,4110
07-06 13:37:59.375 22401 22498 I BatteryMgr:DataCollectionService: stats => 1688643479375,-135742,4110
07-06 13:37:59.379 22401 22498 I BatteryMgr:DataCollectionService: stats => 1688643479379,-135742,4110
07-06 13:37:59.382 22401 22498 I BatteryMgr:DataCollectionService: stats => 1688643479382,-135742,4110
07-06 13:37:59.385 22401 22498 I BatteryMgr:DataCollectionService: stats => 1688643479385,-135742,4110
07-06 13:37:59.388 22401 22498 I BatteryMgr:DataCollectionService: stats => 1688643479388,-135742,4110
07-06 13:37:59.391 22401 22498 I BatteryMgr:DataCollectionService: stats => 1688643479391,-135742,4110
07-06 13:37:59.394 22401 22498 I BatteryMgr:DataCollectionService: stats => 1688643479394,-135742,4110
07-06 13:37:59.397 22401 22498 I BatteryMgr:DataCollectionService: stats => 1688643479397,-135742,4110
07-06 13:37:59.400 22401 22498 I BatteryMgr:DataCollectionService: stats => 1688643479400,-135742,4110
07-06 13:37:59.403 22401 22498 I BatteryMgr:DataCollectionService: stats => 1688643479403,-135742,4110
07-06 13:37:59.407 22401 22498 I BatteryMgr:DataCollectionService: stats => 1688643479407,-135742,4110
07-06 13:37:59.409 22401 22498 I BatteryMgr:DataCollectionService: stats => 1688643479409,-135742,4110
07-06 13:37:59.414 22401 22498 I BatteryMgr:DataCollectionService: stats => 1688643479414,-135742,4110
07-06 13:37:59.417 22401 22498 I BatteryMgr:DataCollectionService: stats => 1688643479417,-135742,4110
07-06 13:37:59.421 22401 22498 I BatteryMgr:DataCollectionService: stats => 1688643479420,-135742,4110
07-06 13:37:59.424 22401 22498 I BatteryMgr:DataCollectionService: stats => 1688643479424,-135742,4110
07-06 13:37:59.428 22401 22498 I BatteryMgr:DataCollectionService: stats => 1688643479428,-135742,4110
07-06 13:37:59.431 22401 22498 I BatteryMgr:DataCollectionService: stats => 1688643479431,-135742,4110
07-06 13:37:59.435 22401 22498 I BatteryMgr:DataCollectionService: stats => 1688643479435,-135742,4110
07-06 13:37:59.439 22401 22498 I BatteryMgr:DataCollectionService: stats => 1688643479439,-135742,4110
07-06 13:37:59.442 22401 22498 I BatteryMgr:DataCollectionService: stats => 1688643479442,-135742,4110
07-06 13:37:59.446 22401 22498 I BatteryMgr:DataCollectionService: stats => 1688643479446,-135742,4110
07-06 13:37:59.449 22401 22498 I BatteryMgr:DataCollectionService: stats => 1688643479449,-135742,4110
07-06 13:37:59.453 22401 22498 I BatteryMgr:DataCollectionService: stats => 1688643479453,-135742,4110
07-06 13:37:59.457 22401 22498 I BatteryMgr:DataCollectionService: stats => 1688643479457,-135742,4110
07-06 13:37:59.463 22401 22498 I BatteryMgr:DataCollectionService: stats => 1688643479463,-135742,4110
07-06 13:37:59.467 22401 22498 I BatteryMgr:DataCollectionService: stats => 1688643479467,-135742,4110
07-06 13:37:59.471 22401 22498 I BatteryMgr:DataCollectionService: stats => 1688643479471,-135742,4110
07-06 13:37:59.476 22401 22498 I BatteryMgr:DataCollectionService: stats => 1688643479476,-135742,4110
07-06 13:37:59.481 22401 22498 I BatteryMgr:DataCollectionService: stats => 1688643479481,-135742,4110
07-06 13:37:59.485 22401 22498 I BatteryMgr:DataCollectionService: stats => 1688643479485,-135742,4110
07-06 13:37:59.490 22401 22498 I BatteryMgr:DataCollectionService: stats => 1688643479490,-135742,4110
07-06 13:37:59.497 22401 22498 I BatteryMgr:DataCollectionService: stats => 1688643479497,-135742,4110
07-06 13:37:59.504 22401 22498 I BatteryMgr:DataCollectionService: stats => 1688643479504,-135742,4110
07-06 13:37:59.510 22401 22498 I BatteryMgr:DataCollectionService: stats => 1688643479510,-135742,4110
07-06 13:37:59.516 22401 22498 I BatteryMgr:DataCollectionService: stats => 1688643479516,-135742,4110
07-06 13:37:59.522 22401 22498 I BatteryMgr:DataCollectionService: stats => 1688643479522,-135742,4110
07-06 13:37:59.529 22401 22498 I BatteryMgr:DataCollectionService: stats => 1688643479529,-135742,4110
07-06 13:37:59.535 22401 22498 I BatteryMgr:DataCollectionService: stats => 1688643479535,-135742,4110
07-06 13:37:59.541 22401 22498 I BatteryMgr:DataCollectionService: stats => 1688643479541,-135742,4110
07-06 13:37:59.547 22401 22498 I BatteryMgr:DataCollectionService: stats => 1688643479547,-135742,4110
07-06 13:37:59.553 22401 22498 I BatteryMgr:DataCollectionService: stats => 1688643479553,-135742,4110
07-06 13:37:59.559 22401 22498 I BatteryMgr:DataCollectionService: stats => 1688643479559,-135742,4110
07-06 13:37:59.564 22401 22498 I BatteryMgr:DataCollectionService: stats => 1688643479564,-135742,4110
07-06 13:37:59.570 22401 22498 I BatteryMgr:DataCollectionService: stats => 1688643479570,-181640,4110
07-06 13:37:59.577 22401 22498 I BatteryMgr:DataCollectionService: stats => 1688643479577,-181640,4110
07-06 13:37:59.583 22401 22498 I BatteryMgr:DataCollectionService: stats => 1688643479583,-181640,4110
07-06 13:37:59.589 22401 22498 I BatteryMgr:DataCollectionService: stats => 1688643479589,-181640,4110
07-06 13:37:59.594 22401 22498 I BatteryMgr:DataCollectionService: stats => 1688643479594,-181640,4110
07-06 13:37:59.600 22401 22498 I BatteryMgr:DataCollectionService: stats => 1688643479600,-181640,4110
07-06 13:37:59.606 22401 22498 I BatteryMgr:DataCollectionService: stats => 1688643479605,-181640,4110
07-06 13:37:59.611 22401 22498 I BatteryMgr:DataCollectionService: stats => 1688643479611,-181640,4110
07-06 13:37:59.619 22401 22498 I BatteryMgr:DataCollectionService: stats => 1688643479619,-181640,4110
07-06 13:37:59.625 22401 22498 I BatteryMgr:DataCollectionService: stats => 1688643479625,-181640,4110
07-06 13:37:59.631 22401 22498 I BatteryMgr:DataCollectionService: stats => 1688643479631,-181640,4110
07-06 13:37:59.639 22401 22498 I BatteryMgr:DataCollectionService: stats => 1688643479639,-181640,4110
07-06 13:37:59.645 22401 22498 I BatteryMgr:DataCollectionService: stats => 1688643479645,-181640,4110
07-06 13:37:59.651 22401 22498 I BatteryMgr:DataCollectionService: stats => 1688643479651,-181640,4110
07-06 13:37:59.657 22401 22498 I BatteryMgr:DataCollectionService: stats => 1688643479657,-181640,4110
07-06 13:37:59.663 22401 22498 I BatteryMgr:DataCollectionService: stats => 1688643479663,-181640,4110
07-06 13:37:59.670 22401 22498 I BatteryMgr:DataCollectionService: stats => 1688643479670,-181640,4110
07-06 13:37:59.676 22401 22498 I BatteryMgr:DataCollectionService: stats => 1688643479676,-181640,4110
07-06 13:37:59.682 22401 22498 I BatteryMgr:DataCollectionService: stats => 1688643479682,-181640,4110
07-06 13:37:59.689 22401 22498 I BatteryMgr:DataCollectionService: stats => 1688643479689,-181640,4110
07-06 13:37:59.698 22401 22498 I BatteryMgr:DataCollectionService: stats => 1688643479697,-181640,4110
07-06 13:37:59.704 22401 22498 I BatteryMgr:DataCollectionService: stats => 1688643479704,-181640,4110
07-06 13:37:59.710 22401 22498 I BatteryMgr:DataCollectionService: stats => 1688643479710,-181640,4110
07-06 13:37:59.717 22401 22498 I BatteryMgr:DataCollectionService: stats => 1688643479717,-181640,4110
07-06 13:37:59.726 22401 22498 I BatteryMgr:DataCollectionService: stats => 1688643479726,-181640,4110
07-06 13:37:59.732 22401 22498 I BatteryMgr:DataCollectionService: stats => 1688643479732,-181640,4110
07-06 13:37:59.739 22401 22498 I BatteryMgr:DataCollectionService: stats => 1688643479739,-181640,4110
07-06 13:37:59.745 22401 22498 I BatteryMgr:DataCollectionService: stats => 1688643479745,-181640,4110
07-06 13:37:59.751 22401 22498 I BatteryMgr:DataCollectionService: stats => 1688643479751,-181640,4110
07-06 13:37:59.756 22401 22498 I BatteryMgr:DataCollectionService: stats => 1688643479756,-181640,4110
07-06 13:37:59.761 22401 22498 I BatteryMgr:DataCollectionService: stats => 1688643479761,-181640,4110
07-06 13:37:59.766 22401 22498 I BatteryMgr:DataCollectionService: stats => 1688643479766,-181640,4110
07-06 13:37:59.772 22401 22498 I BatteryMgr:DataCollectionService: stats => 1688643479772,-181640,4110
07-06 13:37:59.777 22401 22498 I BatteryMgr:DataCollectionService: stats => 1688643479777,-181640,4110
07-06 13:37:59.782 22401 22498 I BatteryMgr:DataCollectionService: stats => 1688643479782,-181640,4110
07-06 13:37:59.787 22401 22498 I BatteryMgr:DataCollectionService: stats => 1688643479787,-181640,4110
07-06 13:37:59.791 22401 22498 I BatteryMgr:DataCollectionService: stats => 1688643479791,-181640,4110
07-06 13:37:59.797 22401 22498 I BatteryMgr:DataCollectionService: stats => 1688643479797,-181640,4110
07-06 13:37:59.802 22401 22498 I BatteryMgr:DataCollectionService: stats => 1688643479802,-181640,4110
07-06 13:37:59.807 22401 22498 I BatteryMgr:DataCollectionService: stats => 1688643479807,-181640,4110
07-06 13:37:59.812 22401 22498 I BatteryMgr:DataCollectionService: stats => 1688643479812,-181640,4110
07-06 13:37:59.816 22401 22498 I BatteryMgr:DataCollectionService: stats => 1688643479816,-181640,4110
07-06 13:37:59.821 22401 22498 I BatteryMgr:DataCollectionService: stats => 1688643479821,-181640,4110
07-06 13:37:59.825 22401 22498 I BatteryMgr:DataCollectionService: stats => 1688643479825,-181640,4110
07-06 13:37:59.830 22401 22498 I BatteryMgr:DataCollectionService: stats => 1688643479830,-181640,4110
07-06 13:37:59.834 22401 22498 I BatteryMgr:DataCollectionService: stats => 1688643479834,-181640,4110
07-06 13:37:59.839 22401 22498 I BatteryMgr:DataCollectionService: stats => 1688643479839,-181640,4110
07-06 13:37:59.844 22401 22498 I BatteryMgr:DataCollectionService: stats => 1688643479844,-181640,4110
07-06 13:37:59.849 22401 22498 I BatteryMgr:DataCollectionService: stats => 1688643479849,-181640,4110
07-06 13:37:59.853 22401 22498 I BatteryMgr:DataCollectionService: stats => 1688643479853,-181640,4110
07-06 13:37:59.857 22401 22498 I BatteryMgr:DataCollectionService: stats => 1688643479857,-181640,4110
07-06 13:37:59.861 22401 22498 I BatteryMgr:DataCollectionService: stats => 1688643479861,-181640,4110
07-06 13:37:59.866 22401 22498 I BatteryMgr:DataCollectionService: stats => 1688643479866,-181640,4110
07-06 13:37:59.870 22401 22498 I BatteryMgr:DataCollectionService: stats => 1688643479870,-181640,4110
07-06 13:37:59.875 22401 22498 I BatteryMgr:DataCollectionService: stats => 1688643479875,-181640,4110
07-06 13:37:59.879 22401 22498 I BatteryMgr:DataCollectionService: stats => 1688643479879,-181640,4110
07-06 13:37:59.884 22401 22498 I BatteryMgr:DataCollectionService: stats => 1688643479884,-181640,4110
07-06 13:37:59.888 22401 22498 I BatteryMgr:DataCollectionService: stats => 1688643479888,-181640,4110
07-06 13:37:59.891 22401 22498 I BatteryMgr:DataCollectionService: stats => 1688643479891,-181640,4110
07-06 13:37:59.895 22401 22498 I BatteryMgr:DataCollectionService: stats => 1688643479895,-181640,4110
07-06 13:37:59.898 22401 22498 I BatteryMgr:DataCollectionService: stats => 1688643479898,-181640,4110
07-06 13:37:59.901 22401 22498 I BatteryMgr:DataCollectionService: stats => 1688643479901,-181640,4110
07-06 13:37:59.904 22401 22498 I BatteryMgr:DataCollectionService: stats => 1688643479904,-181640,4110
07-06 13:37:59.908 22401 22498 I BatteryMgr:DataCollectionService: stats => 1688643479908,-181640,4110
07-06 13:37:59.910 22401 22498 I BatteryMgr:DataCollectionService: stats => 1688643479910,-181640,4110
07-06 13:37:59.914 22401 22498 I BatteryMgr:DataCollectionService: stats => 1688643479914,-181640,4110
07-06 13:37:59.917 22401 22498 I BatteryMgr:DataCollectionService: stats => 1688643479917,-181640,4110
07-06 13:37:59.919 22401 22498 I BatteryMgr:DataCollectionService: stats => 1688643479919,-181640,4110
07-06 13:37:59.926 22401 22498 I BatteryMgr:DataCollectionService: stats => 1688643479926,-181640,4110
07-06 13:37:59.929 22401 22498 I BatteryMgr:DataCollectionService: stats => 1688643479929,-181640,4110
07-06 13:37:59.932 22401 22498 I BatteryMgr:DataCollectionService: stats => 1688643479932,-181640,4110
07-06 13:37:59.938 22401 22498 I BatteryMgr:DataCollectionService: stats => 1688643479938,-181640,4110
07-06 13:37:59.942 22401 22498 I BatteryMgr:DataCollectionService: stats => 1688643479942,-181640,4110
07-06 13:37:59.947 22401 22498 I BatteryMgr:DataCollectionService: stats => 1688643479947,-181640,4110
07-06 13:37:59.950 22401 22498 I BatteryMgr:DataCollectionService: stats => 1688643479950,-181640,4110
07-06 13:37:59.953 22401 22498 I BatteryMgr:DataCollectionService: stats => 1688643479953,-181640,4110
07-06 13:37:59.957 22401 22498 I BatteryMgr:DataCollectionService: stats => 1688643479957,-181640,4110
07-06 13:37:59.964 22401 22498 I BatteryMgr:DataCollectionService: stats => 1688643479964,-181640,4110
07-06 13:37:59.968 22401 22498 I BatteryMgr:DataCollectionService: stats => 1688643479968,-181640,4110
07-06 13:37:59.974 22401 22498 I BatteryMgr:DataCollectionService: stats => 1688643479974,-181640,4110
07-06 13:37:59.977 22401 22498 I BatteryMgr:DataCollectionService: stats => 1688643479977,-181640,4110
07-06 13:37:59.980 22401 22498 I BatteryMgr:DataCollectionService: stats => 1688643479980,-181640,4110
07-06 13:37:59.985 22401 22498 I BatteryMgr:DataCollectionService: stats => 1688643479985,-181640,4110
07-06 13:37:59.989 22401 22498 I BatteryMgr:DataCollectionService: stats => 1688643479989,-181640,4110
07-06 13:37:59.994 22401 22498 I BatteryMgr:DataCollectionService: stats => 1688643479994,-181640,4110
07-06 13:37:59.995  1611  1884 E BatteryExternalStatsWorker: no controller energy info supplied for bluetooth
07-06 13:37:59.997 22401 22498 I BatteryMgr:DataCollectionService: stats => 1688643479997,-181640,4110
07-06 13:38:00.001 22401 22498 I BatteryMgr:DataCollectionService: stats => 1688643480001,-181640,4110
07-06 13:38:00.007 22401 22498 I BatteryMgr:DataCollectionService: stats => 1688643480007,-181640,4110
07-06 13:38:00.011 22401 22498 I BatteryMgr:DataCollectionService: stats => 1688643480011,-181640,4110
07-06 13:38:00.014  2182  2182 D SystemUIUpdateMonitor: run() curMinutes = 28144058 mLastMinute = 28144057
07-06 13:38:00.014  2182  2182 D SystemUIUpdateMonitor: setTimeHandler() mTimeTICK_receiver.size() = 16
07-06 13:38:00.014  2182  2182 D SystemUIUpdateMonitor: setTimeHandler() newDelay = 59986
07-06 13:38:00.016 22401 22498 I BatteryMgr:DataCollectionService: stats => 1688643480016,-181640,4110
07-06 13:38:00.021 22401 22498 I BatteryMgr:DataCollectionService: stats => 1688643480021,-181640,4110
07-06 13:38:00.025 22401 22498 I BatteryMgr:DataCollectionService: stats => 1688643480025,-181640,4110
07-06 13:38:00.029 22401 22498 I BatteryMgr:DataCollectionService: stats => 1688643480029,-181640,4110
07-06 13:38:00.031   696  1228 I netd    : tetherGetStats() <3.26ms>
07-06 13:38:00.034 22401 22498 I BatteryMgr:DataCollectionService: stats => 1688643480034,-181640,4110
07-06 13:38:00.042 22401 22498 I BatteryMgr:DataCollectionService: stats => 1688643480042,-181640,4110
07-06 13:38:00.045 22401 22498 I BatteryMgr:DataCollectionService: stats => 1688643480045,-181640,4110
07-06 13:38:00.052 22401 22498 I BatteryMgr:DataCollectionService: stats => 1688643480052,-181640,4110
07-06 13:38:00.056 22401 22498 I BatteryMgr:DataCollectionService: stats => 1688643480056,-181640,4110
07-06 13:38:00.060 22401 22498 I BatteryMgr:DataCollectionService: stats => 1688643480060,-181640,4110
07-06 13:38:00.063 22401 22498 I BatteryMgr:DataCollectionService: stats => 1688643480063,-181640,4110
07-06 13:38:00.068 22401 22498 I BatteryMgr:DataCollectionService: stats => 1688643480068,-181640,4110
07-06 13:38:00.071 22401 22498 I BatteryMgr:DataCollectionService: stats => 1688643480071,-181640,4110
07-06 13:38:00.075 22401 22498 I BatteryMgr:DataCollectionService: stats => 1688643480075,-181640,4110
07-06 13:38:00.078  3322  3322 D DataBatteryUsageRecord: type: WIFI mIsCharging: false diffBytes: 2962759 lastBytes: 169927750 currentBytes: 172890509
07-06 13:38:00.078 22401 22498 I BatteryMgr:DataCollectionService: stats => 1688643480078,-181640,4110
07-06 13:38:00.079  3322  3322 D DataBatteryUsageRecord: type: MOBILE mIsCharging: false diffBytes: 0 lastBytes: 0 currentBytes: 0
07-06 13:38:00.080  3322  3322 I PowerLog.PwlUtils: fusedValue = true
07-06 13:38:00.080  3322  3322 I AlarmRecord: getAlarmDumpInfo()
07-06 13:38:00.083 22401 22498 I BatteryMgr:DataCollectionService: stats => 1688643480083,-181640,4110
07-06 13:38:00.087 22401 22498 I BatteryMgr:DataCollectionService: stats => 1688643480087,-181640,4110
07-06 13:38:00.090 22401 22498 I BatteryMgr:DataCollectionService: stats => 1688643480090,-181640,4110
07-06 13:38:00.094 22401 22498 I BatteryMgr:DataCollectionService: stats => 1688643480094,-181640,4110
07-06 13:38:00.097 22401 22498 I BatteryMgr:DataCollectionService: stats => 1688643480097,-181640,4110
07-06 13:38:00.101 22401 22498 I BatteryMgr:DataCollectionService: stats => 1688643480101,-181640,4110
07-06 13:38:00.104 22401 22498 I BatteryMgr:DataCollectionService: stats => 1688643480104,-181640,4110
07-06 13:38:00.107 22401 22498 I BatteryMgr:DataCollectionService: stats => 1688643480107,-181640,4110
07-06 13:38:00.111 22401 22498 I BatteryMgr:DataCollectionService: stats => 1688643480111,-181640,4110
07-06 13:38:00.115 22401 22498 I BatteryMgr:DataCollectionService: stats => 1688643480115,-181640,4110
07-06 13:38:00.119 22401 22498 I BatteryMgr:DataCollectionService: stats => 1688643480119,-181640,4110
07-06 13:38:00.122 22401 22498 I BatteryMgr:DataCollectionService: stats => 1688643480122,-181640,4110
07-06 13:38:00.126 22401 22498 I BatteryMgr:DataCollectionService: stats => 1688643480126,-181640,4110
07-06 13:38:00.130 22401 22498 I BatteryMgr:DataCollectionService: stats => 1688643480130,-181640,4110
07-06 13:38:00.133 22401 22498 I BatteryMgr:DataCollectionService: stats => 1688643480133,-181640,4110
07-06 13:38:00.136 22401 22498 I BatteryMgr:DataCollectionService: stats => 1688643480136,-181640,4110
07-06 13:38:00.139  3322  3322 I PowerCalculator: writeToTable: 20230706133800,180,1.0,31.7,(0.0,1:1:5),2962759,0,9.05,86,28.0,P0Q0,3:0,,,,(),,0,6,0,B0,1700,(),0,0,0,0,,-1
07-06 13:38:00.139  3322  3322 D FileOperator: Mode change to WRITE_MODE!
07-06 13:38:00.139 22401 22498 I BatteryMgr:DataCollectionService: stats => 1688643480139,-181640,4110
07-06 13:38:00.143 22401 22498 I BatteryMgr:DataCollectionService: stats => 1688643480143,-181640,4110
07-06 13:38:00.146 22401 22498 I BatteryMgr:DataCollectionService: stats => 1688643480146,-181640,4110
07-06 13:38:00.150 22401 22498 I BatteryMgr:DataCollectionService: stats => 1688643480150,-181640,4110
07-06 13:38:00.153 22401 22498 I BatteryMgr:DataCollectionService: stats => 1688643480153,-181640,4110
07-06 13:38:00.156 22401 22498 I BatteryMgr:DataCollectionService: stats => 1688643480156,-181640,4110
07-06 13:38:00.158  3322  9588 I PowerLog.PwlUtils: fusedValue = true
07-06 13:38:00.158  3322  9588 I DataBatteryUsageRecord: setDataUsageUpdateFlag!!
07-06 13:38:00.158  3322  9588 D DataBatteryUsageRecord: updateBatteryUsageRecord!!
07-06 13:38:00.159  3322  9588 D DataBatteryUsageRecord: processAppDataUsage!!
07-06 13:38:00.160 22401 22498 I BatteryMgr:DataCollectionService: stats => 1688643480160,-181640,4110
07-06 13:38:00.163 22401 22498 I BatteryMgr:DataCollectionService: stats => 1688643480163,-181640,4110
07-06 13:38:00.164  3322  3322 D FileOperator: Mode change to WRITE_MODE!
07-06 13:38:00.164  3322  3322 D FileOperator: Mode change to WRITE_MODE!
07-06 13:38:00.166 22401 22498 I BatteryMgr:DataCollectionService: stats => 1688643480166,-181640,4110
07-06 13:38:00.169 22401 22498 I BatteryMgr:DataCollectionService: stats => 1688643480169,-181640,4110
07-06 13:38:00.172 22401 22498 I BatteryMgr:DataCollectionService: stats => 1688643480172,-181640,4110
07-06 13:38:00.175 22401 22498 I BatteryMgr:DataCollectionService: stats => 1688643480175,-181640,4110
07-06 13:38:00.178 22401 22498 I BatteryMgr:DataCollectionService: stats => 1688643480178,-181640,4110
07-06 13:38:00.181 22401 22498 I BatteryMgr:DataCollectionService: stats => 1688643480181,-181640,4110
07-06 13:38:00.183  3322  9588 I DataBatteryUsageRecord: Not in recrods,sipper.drainType = UNACCOUNTED,percentOfTotal = 0.15044157698423138
07-06 13:38:00.183  3322  9588 I DataBatteryUsageRecord: rawRealtimeUs = 8043731000
07-06 13:38:00.185 22401 22498 I BatteryMgr:DataCollectionService: stats => 1688643480185,-181640,4110
07-06 13:38:00.187 22401 22498 I BatteryMgr:DataCollectionService: stats => 1688643480187,-181640,4110
07-06 13:38:00.191 22401 22498 I BatteryMgr:DataCollectionService: stats => 1688643480190,-181640,4110
07-06 13:38:00.191  3322  9588 I DataBatteryUsageRecord: getDataUsageToFile!!
07-06 13:38:00.192  3322  9588 I PowerLog.PwlUtils: fusedValue = true
07-06 13:38:00.194 22401 22498 I BatteryMgr:DataCollectionService: stats => 1688643480194,-181640,4110
07-06 13:38:00.198 22401 22498 I BatteryMgr:DataCollectionService: stats => 1688643480198,-181640,4110
07-06 13:38:00.199  3322  9588 D LOG_TAG : getWakelockUsageNew()!!
07-06 13:38:00.200  3322  9588 D PowerCalculator: saveUsageMapToFile 
07-06 13:38:00.200  3322  9588 D FileOperator: Mode change to WRITE_MODE!
07-06 13:38:00.201 22401 22498 I BatteryMgr:DataCollectionService: stats => 1688643480201,-181640,4110
07-06 13:38:00.201  3322  9588 D PowerCalculator: saveUsageMapToFile 
07-06 13:38:00.202  3322  9588 D FileOperator: Mode change to WRITE_MODE!
07-06 13:38:00.204  3322  9588 I PowerLog.PwlUtils: fusedValue = true
07-06 13:38:00.204  3322  9588 D PowerCalculator: topApCounter com.example.batterymanager_utility
07-06 13:38:00.204  3322  9588 D PowerCalculator: topApCounter e.www.httpsrequesttest
07-06 13:38:00.204  3322  9588 D PowerCalculator: topApCounter com.example.batterymanager_utility
07-06 13:38:00.204  3322  9588 D PowerCalculator: topApCounter e.www.cpufactorialtest
07-06 13:38:00.204 22401 22498 I BatteryMgr:DataCollectionService: stats => 1688643480204,-181640,4110
07-06 13:38:00.207 22401 22498 I BatteryMgr:DataCollectionService: stats => 1688643480207,-181640,4110
07-06 13:38:00.211 22401 22498 I BatteryMgr:DataCollectionService: stats => 1688643480210,-181640,4110
07-06 13:38:00.214 22401 22498 I BatteryMgr:DataCollectionService: stats => 1688643480214,-181640,4110
07-06 13:38:00.217 22401 22498 I BatteryMgr:DataCollectionService: stats => 1688643480217,-181640,4110
07-06 13:38:00.220 22401 22498 I BatteryMgr:DataCollectionService: stats => 1688643480220,-181640,4110
07-06 13:38:00.223 22401 22498 I BatteryMgr:DataCollectionService: stats => 1688643480223,-181640,4110
07-06 13:38:00.226 22401 22498 I BatteryMgr:DataCollectionService: stats => 1688643480226,-181640,4110
07-06 13:38:00.228 22401 22498 I BatteryMgr:DataCollectionService: stats => 1688643480228,-181640,4110
07-06 13:38:00.232 22401 22498 I BatteryMgr:DataCollectionService: stats => 1688643480232,-181640,4110
07-06 13:38:00.235 22401 22498 I BatteryMgr:DataCollectionService: stats => 1688643480235,-181640,4110
07-06 13:38:00.238 22401 22498 I BatteryMgr:DataCollectionService: stats => 1688643480237,-181640,4110
07-06 13:38:00.242 22401 22498 I BatteryMgr:DataCollectionService: stats => 1688643480242,-181640,4110
07-06 13:38:00.245 22401 22498 I BatteryMgr:DataCollectionService: stats => 1688643480245,-181640,4110
07-06 13:38:00.248 22401 22498 I BatteryMgr:DataCollectionService: stats => 1688643480248,-181640,4110
07-06 13:38:00.251 22401 22498 I BatteryMgr:DataCollectionService: stats => 1688643480251,-181640,4110
07-06 13:38:00.255 22401 22498 I BatteryMgr:DataCollectionService: stats => 1688643480255,-181640,4110
07-06 13:38:00.258 22401 22498 I BatteryMgr:DataCollectionService: stats => 1688643480258,-181640,4110
07-06 13:38:00.261 22401 22498 I BatteryMgr:DataCollectionService: stats => 1688643480261,-181640,4110
07-06 13:38:00.265 22401 22498 I BatteryMgr:DataCollectionService: stats => 1688643480265,-181640,4110
07-06 13:38:00.268 22401 22498 I BatteryMgr:DataCollectionService: stats => 1688643480268,-181640,4110
07-06 13:38:00.271 22401 22498 I BatteryMgr:DataCollectionService: stats => 1688643480271,-181640,4110
07-06 13:38:00.274 22401 22498 I BatteryMgr:DataCollectionService: stats => 1688643480274,-181640,4110
07-06 13:38:00.279 22401 22498 I BatteryMgr:DataCollectionService: stats => 1688643480279,-181640,4110
07-06 13:38:00.282 22401 22498 I BatteryMgr:DataCollectionService: stats => 1688643480282,-181640,4110
07-06 13:38:00.285 22401 22498 I BatteryMgr:DataCollectionService: stats => 1688643480285,-181640,4110
07-06 13:38:00.289 22401 22498 I BatteryMgr:DataCollectionService: stats => 1688643480288,-181640,4110
07-06 13:38:00.292 22401 22498 I BatteryMgr:DataCollectionService: stats => 1688643480292,-181640,4110
07-06 13:38:00.295 22401 22498 I BatteryMgr:DataCollectionService: stats => 1688643480295,-181640,4110
07-06 13:38:00.299 22401 22498 I BatteryMgr:DataCollectionService: stats => 1688643480299,-181640,4110
07-06 13:38:00.302 22401 22498 I BatteryMgr:DataCollectionService: stats => 1688643480302,-181640,4110
07-06 13:38:00.305 22401 22498 I BatteryMgr:DataCollectionService: stats => 1688643480305,-181640,4110
07-06 13:38:00.308 22401 22498 I BatteryMgr:DataCollectionService: stats => 1688643480308,-181640,4110
07-06 13:38:00.311 22401 22498 I BatteryMgr:DataCollectionService: stats => 1688643480311,-181640,4110
07-06 13:38:00.314 22401 22498 I BatteryMgr:DataCollectionService: stats => 1688643480314,-181640,4110
07-06 13:38:00.317 22401 22498 I BatteryMgr:DataCollectionService: stats => 1688643480317,-181640,4110
07-06 13:38:00.320 22401 22498 I BatteryMgr:DataCollectionService: stats => 1688643480320,-181640,4110
07-06 13:38:00.324 22401 22498 I BatteryMgr:DataCollectionService: stats => 1688643480324,-181640,4110
07-06 13:38:00.327 22401 22498 I BatteryMgr:DataCollectionService: stats => 1688643480327,-181640,4110
07-06 13:38:00.330 22401 22498 I BatteryMgr:DataCollectionService: stats => 1688643480330,-181640,4110
07-06 13:38:00.333 22401 22498 I BatteryMgr:DataCollectionService: stats => 1688643480333,-181640,4110
07-06 13:38:00.336 22401 22498 I BatteryMgr:DataCollectionService: stats => 1688643480336,-181640,4110
07-06 13:38:00.339 22401 22498 I BatteryMgr:DataCollectionService: stats => 1688643480339,-181640,4110
07-06 13:38:00.341 22401 22498 I BatteryMgr:DataCollectionService: stats => 1688643480341,-181640,4110
07-06 13:38:00.344 22401 22498 I BatteryMgr:DataCollectionService: stats => 1688643480344,-181640,4110
07-06 13:38:00.348 22401 22498 I BatteryMgr:DataCollectionService: stats => 1688643480348,-181640,4110
07-06 13:38:00.351 22401 22498 I BatteryMgr:DataCollectionService: stats => 1688643480351,-181640,4110
07-06 13:38:00.354 22401 22498 I BatteryMgr:DataCollectionService: stats => 1688643480354,-181640,4110
07-06 13:38:00.357 22401 22498 I BatteryMgr:DataCollectionService: stats => 1688643480357,-181640,4110
07-06 13:38:00.360 22401 22498 I BatteryMgr:DataCollectionService: stats => 1688643480360,-181640,4110
07-06 13:38:00.363 22401 22498 I BatteryMgr:DataCollectionService: stats => 1688643480363,-181640,4110
07-06 13:38:00.366 22401 22498 I BatteryMgr:DataCollectionService: stats => 1688643480366,-181640,4110
07-06 13:38:00.369 22401 22498 I BatteryMgr:DataCollectionService: stats => 1688643480369,-181640,4110
07-06 13:38:00.372 22401 22498 I BatteryMgr:DataCollectionService: stats => 1688643480372,-181640,4110
07-06 13:38:00.376 22401 22498 I BatteryMgr:DataCollectionService: stats => 1688643480376,-181640,4110
07-06 13:38:00.379 22401 22498 I BatteryMgr:DataCollectionService: stats => 1688643480379,-181640,4110
07-06 13:38:00.382 22401 22498 I BatteryMgr:DataCollectionService: stats => 1688643480382,-181640,4110
07-06 13:38:00.385 22401 22498 I BatteryMgr:DataCollectionService: stats => 1688643480385,-181640,4110
07-06 13:38:00.388 22401 22498 I BatteryMgr:DataCollectionService: stats => 1688643480388,-181640,4110
07-06 13:38:00.392 22401 22498 I BatteryMgr:DataCollectionService: stats => 1688643480392,-181640,4110
07-06 13:38:00.395 22401 22498 I BatteryMgr:DataCollectionService: stats => 1688643480395,-181640,4110
07-06 13:38:00.398 22401 22498 I BatteryMgr:DataCollectionService: stats => 1688643480398,-181640,4110
07-06 13:38:00.401 22401 22498 I BatteryMgr:DataCollectionService: stats => 1688643480401,-181640,4110
07-06 13:38:00.404 22401 22498 I BatteryMgr:DataCollectionService: stats => 1688643480404,-181640,4110
07-06 13:38:00.407 22401 22498 I BatteryMgr:DataCollectionService: stats => 1688643480407,-181640,4110
07-06 13:38:00.410 22401 22498 I BatteryMgr:DataCollectionService: stats => 1688643480410,-181640,4110
07-06 13:38:00.414 22401 22498 I BatteryMgr:DataCollectionService: stats => 1688643480414,-181640,4110
07-06 13:38:00.417 22401 22498 I BatteryMgr:DataCollectionService: stats => 1688643480417,-181640,4110
07-06 13:38:00.421 22401 22498 I BatteryMgr:DataCollectionService: stats => 1688643480421,-181640,4110
07-06 13:38:00.425 22401 22498 I BatteryMgr:DataCollectionService: stats => 1688643480425,-181640,4110
07-06 13:38:00.428 22401 22498 I BatteryMgr:DataCollectionService: stats => 1688643480428,-181640,4110
07-06 13:38:00.432 22401 22498 I BatteryMgr:DataCollectionService: stats => 1688643480432,-181640,4110
07-06 13:38:00.436 22401 22498 I BatteryMgr:DataCollectionService: stats => 1688643480436,-181640,4110
07-06 13:38:00.437  1611  1702 I system_server: Background concurrent copying GC freed 505592(15MB) AllocSpace objects, 55(2160KB) LOS objects, 42% free, 23MB/40MB, paused 206us total 391.463ms
07-06 13:38:00.439 22401 22498 I BatteryMgr:DataCollectionService: stats => 1688643480439,-181640,4110
07-06 13:38:00.442 22401 22498 I BatteryMgr:DataCollectionService: stats => 1688643480442,-181640,4110
07-06 13:38:00.445 22401 22498 I BatteryMgr:DataCollectionService: stats => 1688643480445,-181640,4110
07-06 13:38:00.448 22401 22498 I BatteryMgr:DataCollectionService: stats => 1688643480448,-181640,4110
07-06 13:38:00.451 22401 22498 I BatteryMgr:DataCollectionService: stats => 1688643480451,-181640,4110
07-06 13:38:00.454 22401 22498 I BatteryMgr:DataCollectionService: stats => 1688643480454,-181640,4110
07-06 13:38:00.457 22401 22498 I BatteryMgr:DataCollectionService: stats => 1688643480457,-181640,4110
07-06 13:38:00.460 22401 22498 I BatteryMgr:DataCollectionService: stats => 1688643480460,-181640,4110
07-06 13:38:00.463 22401 22498 I BatteryMgr:DataCollectionService: stats => 1688643480463,-181640,4110
07-06 13:38:00.466 22401 22498 I BatteryMgr:DataCollectionService: stats => 1688643480466,-181640,4110
07-06 13:38:00.469 22401 22498 I BatteryMgr:DataCollectionService: stats => 1688643480469,-181640,4110
07-06 13:38:00.471 22401 22498 I BatteryMgr:DataCollectionService: stats => 1688643480471,-181640,4110
07-06 13:38:00.474 22401 22498 I BatteryMgr:DataCollectionService: stats => 1688643480474,-181640,4110
07-06 13:38:00.477 22401 22498 I BatteryMgr:DataCollectionService: stats => 1688643480477,-181640,4110
07-06 13:38:00.480 22401 22498 I BatteryMgr:DataCollectionService: stats => 1688643480480,-181640,4110
07-06 13:38:00.483 22401 22498 I BatteryMgr:DataCollectionService: stats => 1688643480483,-181640,4110
07-06 13:38:00.486 22401 22498 I BatteryMgr:DataCollectionService: stats => 1688643480486,-181640,4110
07-06 13:38:00.489 22401 22498 I BatteryMgr:DataCollectionService: stats => 1688643480489,-181640,4110
07-06 13:38:00.493 22401 22498 I BatteryMgr:DataCollectionService: stats => 1688643480493,-181640,4110
07-06 13:38:00.497 22401 22498 I BatteryMgr:DataCollectionService: stats => 1688643480497,-181640,4110
07-06 13:38:00.500 22401 22498 I BatteryMgr:DataCollectionService: stats => 1688643480500,-181640,4110
07-06 13:38:00.502 22401 22498 I BatteryMgr:DataCollectionService: stats => 1688643480502,-181640,4110
07-06 13:38:00.505 22401 22498 I BatteryMgr:DataCollectionService: stats => 1688643480505,-181640,4110
07-06 13:38:00.508 22401 22498 I BatteryMgr:DataCollectionService: stats => 1688643480508,-181640,4110
07-06 13:38:00.510 22401 22498 I BatteryMgr:DataCollectionService: stats => 1688643480510,-181640,4110
07-06 13:38:00.513 22401 22498 I BatteryMgr:DataCollectionService: stats => 1688643480513,-181640,4110
07-06 13:38:00.516 22401 22498 I BatteryMgr:DataCollectionService: stats => 1688643480516,-181640,4110
07-06 13:38:00.519 22401 22498 I BatteryMgr:DataCollectionService: stats => 1688643480519,-181640,4110
07-06 13:38:00.522 22401 22498 I BatteryMgr:DataCollectionService: stats => 1688643480522,-181640,4110
07-06 13:38:00.524 22401 22498 I BatteryMgr:DataCollectionService: stats => 1688643480524,-181640,4110
07-06 13:38:00.527 22401 22498 I BatteryMgr:DataCollectionService: stats => 1688643480527,-181640,4110
07-06 13:38:00.530 22401 22498 I BatteryMgr:DataCollectionService: stats => 1688643480530,-181640,4110
07-06 13:38:00.533 22401 22498 I BatteryMgr:DataCollectionService: stats => 1688643480533,-181640,4110
07-06 13:38:00.537 22401 22498 I BatteryMgr:DataCollectionService: stats => 1688643480537,-181640,4110
07-06 13:38:00.541 22401 22498 I BatteryMgr:DataCollectionService: stats => 1688643480541,-181640,4110
07-06 13:38:00.545 22401 22498 I BatteryMgr:DataCollectionService: stats => 1688643480545,-181640,4110
07-06 13:38:00.549 22401 22498 I BatteryMgr:DataCollectionService: stats => 1688643480549,-181640,4110
07-06 13:38:00.553 22401 22498 I BatteryMgr:DataCollectionService: stats => 1688643480553,-181640,4110
07-06 13:38:00.557 22401 22498 I BatteryMgr:DataCollectionService: stats => 1688643480557,-181640,4110
07-06 13:38:00.561 22401 22498 I BatteryMgr:DataCollectionService: stats => 1688643480561,-181640,4110
07-06 13:38:00.565 22401 22498 I BatteryMgr:DataCollectionService: stats => 1688643480565,-181640,4110
07-06 13:38:00.569 22401 22498 I BatteryMgr:DataCollectionService: stats => 1688643480569,-181640,4110
07-06 13:38:00.574 22401 22498 I BatteryMgr:DataCollectionService: stats => 1688643480574,-181640,4110
07-06 13:38:00.579 22401 22498 I BatteryMgr:DataCollectionService: stats => 1688643480579,-181640,4110
07-06 13:38:00.583 22401 22498 I BatteryMgr:DataCollectionService: stats => 1688643480583,-181640,4110
07-06 13:38:00.588 22401 22498 I BatteryMgr:DataCollectionService: stats => 1688643480588,-181640,4110
07-06 13:38:00.592 22401 22498 I BatteryMgr:DataCollectionService: stats => 1688643480592,-181640,4110
07-06 13:38:00.597 22401 22498 I BatteryMgr:DataCollectionService: stats => 1688643480597,-181640,4110
07-06 13:38:00.602 22401 22498 I BatteryMgr:DataCollectionService: stats => 1688643480602,-181640,4110
07-06 13:38:00.606 22401 22498 I BatteryMgr:DataCollectionService: stats => 1688643480606,-181640,4110
07-06 13:38:00.611 22401 22498 I BatteryMgr:DataCollectionService: stats => 1688643480611,-181640,4110
07-06 13:38:00.617 22401 22498 I BatteryMgr:DataCollectionService: stats => 1688643480617,-181640,4110
07-06 13:38:00.622 22401 22498 I BatteryMgr:DataCollectionService: stats => 1688643480622,-181640,4110
07-06 13:38:00.629 22401 22498 I BatteryMgr:DataCollectionService: stats => 1688643480629,-181640,4110
07-06 13:38:00.635 22401 22498 I BatteryMgr:DataCollectionService: stats => 1688643480635,-181640,4110
07-06 13:38:00.641 22401 22498 I BatteryMgr:DataCollectionService: stats => 1688643480641,-181640,4110
07-06 13:38:00.646 22401 22498 I BatteryMgr:DataCollectionService: stats => 1688643480646,-181640,4110
07-06 13:38:00.653 22401 22498 I BatteryMgr:DataCollectionService: stats => 1688643480652,-181640,4110
07-06 13:38:00.659 22401 22498 I BatteryMgr:DataCollectionService: stats => 1688643480659,-181640,4110
07-06 13:38:00.665 22401 22498 I BatteryMgr:DataCollectionService: stats => 1688643480665,-181640,4110
07-06 13:38:00.670 22401 22498 I BatteryMgr:DataCollectionService: stats => 1688643480670,-181640,4110
07-06 13:38:00.676 22401 22498 I BatteryMgr:DataCollectionService: stats => 1688643480676,-181640,4110
07-06 13:38:00.682 22401 22498 I BatteryMgr:DataCollectionService: stats => 1688643480682,-181640,4110
07-06 13:38:00.688 22401 22498 I BatteryMgr:DataCollectionService: stats => 1688643480688,-181640,4110
07-06 13:38:00.696 22401 22498 I BatteryMgr:DataCollectionService: stats => 1688643480695,-181640,4110
07-06 13:38:00.701 22401 22498 I BatteryMgr:DataCollectionService: stats => 1688643480701,-181640,4110
07-06 13:38:00.707 22401 22498 I BatteryMgr:DataCollectionService: stats => 1688643480707,-181640,4110
07-06 13:38:00.713 22401 22498 I BatteryMgr:DataCollectionService: stats => 1688643480713,-181640,4110
07-06 13:38:00.719 22401 22498 I BatteryMgr:DataCollectionService: stats => 1688643480718,-181640,4110
07-06 13:38:00.724 22401 22498 I BatteryMgr:DataCollectionService: stats => 1688643480724,-181640,4110
07-06 13:38:00.731 22401 22498 I BatteryMgr:DataCollectionService: stats => 1688643480731,-181640,4110
07-06 13:38:00.738 22401 22498 I BatteryMgr:DataCollectionService: stats => 1688643480738,-181640,4110
07-06 13:38:00.745 22401 22498 I BatteryMgr:DataCollectionService: stats => 1688643480744,-181640,4110
07-06 13:38:00.750 22401 22498 I BatteryMgr:DataCollectionService: stats => 1688643480750,-181640,4110
07-06 13:38:00.760 22401 22498 I BatteryMgr:DataCollectionService: stats => 1688643480759,-181640,4110
07-06 13:38:00.766 22401 22498 I BatteryMgr:DataCollectionService: stats => 1688643480766,-181640,4110
07-06 13:38:00.773 22401 22498 I BatteryMgr:DataCollectionService: stats => 1688643480773,-181640,4110
07-06 13:38:00.780 22401 22498 I BatteryMgr:DataCollectionService: stats => 1688643480779,-181640,4110
07-06 13:38:00.785 22401 22498 I BatteryMgr:DataCollectionService: stats => 1688643480785,-181640,4110
07-06 13:38:00.791 22401 22498 I BatteryMgr:DataCollectionService: stats => 1688643480791,-181640,4110
07-06 13:38:00.797 22401 22498 I BatteryMgr:DataCollectionService: stats => 1688643480797,-181640,4110
07-06 13:38:00.802 22401 22498 I BatteryMgr:DataCollectionService: stats => 1688643480802,-181640,4110
07-06 13:38:00.809 22401 22498 I BatteryMgr:DataCollectionService: stats => 1688643480809,-181640,4110
07-06 13:38:00.815 22401 22498 I BatteryMgr:DataCollectionService: stats => 1688643480815,-181640,4110
07-06 13:38:00.821 22401 22498 I BatteryMgr:DataCollectionService: stats => 1688643480821,-181640,4110
07-06 13:38:00.828 22401 22498 I BatteryMgr:DataCollectionService: stats => 1688643480828,-181640,4110
07-06 13:38:00.835 22401 22498 I BatteryMgr:DataCollectionService: stats => 1688643480835,-181640,4110
07-06 13:38:00.840 22401 22498 I BatteryMgr:DataCollectionService: stats => 1688643480840,-181640,4110
07-06 13:38:00.847 22401 22498 I BatteryMgr:DataCollectionService: stats => 1688643480847,-181640,4110
07-06 13:38:00.853 22401 22498 I BatteryMgr:DataCollectionService: stats => 1688643480853,-181640,4110
07-06 13:38:00.858 22401 22498 I BatteryMgr:DataCollectionService: stats => 1688643480858,-181640,4110
07-06 13:38:00.864 22401 22498 I BatteryMgr:DataCollectionService: stats => 1688643480864,-181640,4110
07-06 13:38:00.870 22401 22498 I BatteryMgr:DataCollectionService: stats => 1688643480870,-181640,4110
07-06 13:38:00.876 22401 22498 I BatteryMgr:DataCollectionService: stats => 1688643480876,-181640,4110
07-06 13:38:00.881 22401 22498 I BatteryMgr:DataCollectionService: stats => 1688643480881,-181640,4110
07-06 13:38:00.887 22401 22498 I BatteryMgr:DataCollectionService: stats => 1688643480887,-181640,4110
07-06 13:38:00.894 22401 22498 I BatteryMgr:DataCollectionService: stats => 1688643480893,-181640,4110
07-06 13:38:00.900 22401 22498 I BatteryMgr:DataCollectionService: stats => 1688643480900,-181640,4110
07-06 13:38:00.906 22401 22498 I BatteryMgr:DataCollectionService: stats => 1688643480906,-181640,4110
07-06 13:38:00.912 22401 22498 I BatteryMgr:DataCollectionService: stats => 1688643480912,-181640,4110
07-06 13:38:00.918 22401 22498 I BatteryMgr:DataCollectionService: stats => 1688643480918,-181640,4110
07-06 13:38:00.923 22401 22498 I BatteryMgr:DataCollectionService: stats => 1688643480923,-181640,4110
07-06 13:38:00.931 22401 22498 I BatteryMgr:DataCollectionService: stats => 1688643480930,-181640,4110
07-06 13:38:00.937 22401 22498 I BatteryMgr:DataCollectionService: stats => 1688643480937,-181640,4110
07-06 13:38:00.942 22401 22498 I BatteryMgr:DataCollectionService: stats => 1688643480942,-181640,4110
07-06 13:38:00.948 22401 22498 I BatteryMgr:DataCollectionService: stats => 1688643480948,-181640,4110
07-06 13:38:00.954 22401 22498 I BatteryMgr:DataCollectionService: stats => 1688643480953,-181640,4110
07-06 13:38:00.960 22401 22498 I BatteryMgr:DataCollectionService: stats => 1688643480960,-181640,4110
07-06 13:38:00.966 22401 22498 I BatteryMgr:DataCollectionService: stats => 1688643480966,-181640,4110
07-06 13:38:00.973 22401 22498 I BatteryMgr:DataCollectionService: stats => 1688643480973,-181640,4110
07-06 13:38:00.979 22401 22498 I BatteryMgr:DataCollectionService: stats => 1688643480979,-181640,4110
07-06 13:38:00.985 22401 22498 I BatteryMgr:DataCollectionService: stats => 1688643480984,-181640,4110
07-06 13:38:00.990 22401 22498 I BatteryMgr:DataCollectionService: stats => 1688643480990,-181640,4110
07-06 13:38:00.996 22401 22498 I BatteryMgr:DataCollectionService: stats => 1688643480996,-181640,4110
07-06 13:38:01.001 22401 22498 I BatteryMgr:DataCollectionService: stats => 1688643481001,-181640,4110
07-06 13:38:01.009 22401 22498 I BatteryMgr:DataCollectionService: stats => 1688643481009,-181640,4110
07-06 13:38:01.016 22401 22498 I BatteryMgr:DataCollectionService: stats => 1688643481016,-181640,4110
07-06 13:38:01.022 22401 22498 I BatteryMgr:DataCollectionService: stats => 1688643481022,-181640,4110
07-06 13:38:01.028 22401 22498 I BatteryMgr:DataCollectionService: stats => 1688643481028,-181640,4110
07-06 13:38:01.034 22401 22498 I BatteryMgr:DataCollectionService: stats => 1688643481034,-134277,4110
07-06 13:38:01.040 22401 22498 I BatteryMgr:DataCollectionService: stats => 1688643481040,-134277,4110
07-06 13:38:01.048 22401 22498 I BatteryMgr:DataCollectionService: stats => 1688643481047,-134277,4110
07-06 13:38:01.054 22401 22498 I BatteryMgr:DataCollectionService: stats => 1688643481054,-134277,4110
07-06 13:38:01.060 22401 22498 I BatteryMgr:DataCollectionService: stats => 1688643481060,-134277,4110
07-06 13:38:01.067 22401 22498 I BatteryMgr:DataCollectionService: stats => 1688643481067,-134277,4110
07-06 13:38:01.072 22401 22498 I BatteryMgr:DataCollectionService: stats => 1688643481072,-134277,4110
07-06 13:38:01.078 22401 22498 I BatteryMgr:DataCollectionService: stats => 1688643481078,-134277,4110
07-06 13:38:01.084 22401 22498 I BatteryMgr:DataCollectionService: stats => 1688643481084,-134277,4110
07-06 13:38:01.090 22401 22498 I BatteryMgr:DataCollectionService: stats => 1688643481090,-134277,4110
07-06 13:38:01.096 22401 22498 I BatteryMgr:DataCollectionService: stats => 1688643481096,-134277,4110
07-06 13:38:01.101  2182  2182 I DataSaverController: registerReceiver() : Runnable call registerReceiver()
07-06 13:38:01.102 22401 22498 I BatteryMgr:DataCollectionService: stats => 1688643481102,-134277,4110
07-06 13:38:01.103  2182  2182 I DataSaverController: registerReceiver() : queryIntentServices = 0
07-06 13:38:01.103  2182  2182 I DataSaverController: registerReceiver() :  postDelayed Runnable 30000
07-06 13:38:01.109 22401 22498 I BatteryMgr:DataCollectionService: stats => 1688643481109,-134277,4110
07-06 13:38:01.114 22401 22498 I BatteryMgr:DataCollectionService: stats => 1688643481114,-134277,4110
07-06 13:38:01.120 22401 22498 I BatteryMgr:DataCollectionService: stats => 1688643481120,-134277,4110
07-06 13:38:01.126 22401 22498 I BatteryMgr:DataCollectionService: stats => 1688643481126,-134277,4110
07-06 13:38:01.132 22401 22498 I BatteryMgr:DataCollectionService: stats => 1688643481132,-134277,4110
07-06 13:38:01.139 22401 22498 I BatteryMgr:DataCollectionService: stats => 1688643481139,-134277,4110
07-06 13:38:01.144 22401 22498 I BatteryMgr:DataCollectionService: stats => 1688643481144,-134277,4110
07-06 13:38:01.155 22401 22498 I BatteryMgr:DataCollectionService: stats => 1688643481155,-134277,4110
07-06 13:38:01.161 22401 22498 I BatteryMgr:DataCollectionService: stats => 1688643481161,-134277,4110
07-06 13:38:01.168 22401 22498 I BatteryMgr:DataCollectionService: stats => 1688643481168,-134277,4110
07-06 13:38:01.175 22401 22498 I BatteryMgr:DataCollectionService: stats => 1688643481175,-134277,4110
07-06 13:38:01.182 22401 22498 I BatteryMgr:DataCollectionService: stats => 1688643481182,-134277,4110
07-06 13:38:01.188 22401 22498 I BatteryMgr:DataCollectionService: stats => 1688643481188,-134277,4110
07-06 13:38:01.194 22401 22498 I BatteryMgr:DataCollectionService: stats => 1688643481194,-134277,4110
07-06 13:38:01.203 22401 22498 I BatteryMgr:DataCollectionService: stats => 1688643481203,-134277,4110
07-06 13:38:01.210 22401 22498 I BatteryMgr:DataCollectionService: stats => 1688643481210,-134277,4110
07-06 13:38:01.219 22401 22498 I BatteryMgr:DataCollectionService: stats => 1688643481219,-134277,4110
07-06 13:38:01.225 22401 22498 I BatteryMgr:DataCollectionService: stats => 1688643481225,-134277,4110
07-06 13:38:01.231 22401 22498 I BatteryMgr:DataCollectionService: stats => 1688643481230,-134277,4110
07-06 13:38:01.236 22401 22498 I BatteryMgr:DataCollectionService: stats => 1688643481236,-134277,4110
07-06 13:38:01.242 22401 22498 I BatteryMgr:DataCollectionService: stats => 1688643481242,-134277,4110
07-06 13:38:01.248 22401 22498 I BatteryMgr:DataCollectionService: stats => 1688643481248,-134277,4110
07-06 13:38:01.254 22401 22498 I BatteryMgr:DataCollectionService: stats => 1688643481254,-134277,4110
07-06 13:38:01.260 22401 22498 I BatteryMgr:DataCollectionService: stats => 1688643481260,-134277,4110
07-06 13:38:01.271 22401 22498 I BatteryMgr:DataCollectionService: stats => 1688643481271,-134277,4110
07-06 13:38:01.278 22401 22498 I BatteryMgr:DataCollectionService: stats => 1688643481278,-134277,4110
07-06 13:38:01.286 22401 22498 I BatteryMgr:DataCollectionService: stats => 1688643481286,-134277,4110
07-06 13:38:01.294 22401 22498 I BatteryMgr:DataCollectionService: stats => 1688643481294,-134277,4110
