--------- beginning of main
06-12 12:59:22.703  5871  5871 I SHealth_Provider - HealthProviderReceiver: onReceive() : Action = android.intent.action.PACKAGE_REMOVED
06-12 12:59:22.703  5871  5871 I SHealth_Provider - HealthProviderReceiver: onReceive() : This is not samsung health package.
06-12 12:59:22.705  5871  5871 D SANotification4O: NotificationPackageReceiver.onReceive-action:android.intent.action.PACKAGE_REMOVED mUserId0
06-12 12:59:22.707  5871  5871 I ICHostManager: ICHostManager, getInstance processId:5871
06-12 12:59:22.707  5871  5871 I ICHostManager: ICHostManager getInstance threadId: 5871
06-12 12:59:22.707  5871  5871 I ICHostManager: value mICHostManager:  com.samsung.android.hostmanager.service.ICHostManager@db3e43f
06-12 12:59:22.707  5871  5871 I ICHostManager: ICHostManager, getInstance processId:5871
06-12 12:59:22.707  5871  5871 I ICHostManager: ICHostManager getInstance threadId: 5871
06-12 12:59:22.707  5871  5871 I ICHostManager: value mICHostManager:  com.samsung.android.hostmanager.service.ICHostManager@db3e43f
06-12 12:59:22.707  5871  5871 I ICHostManager: ST::getAllWearableStatus()::DeviceManager list size = 0
06-12 12:59:22.708  5871  5871 I WearableDeviceFactory: getConnectedDeviceIdByType()::deviceType = Gear, size = 0
06-12 12:59:22.708  5301  5546 D UcmService: readPersistentServicesLocked is called...
06-12 12:59:22.708  5871  5871 I PM:HMPackageBroadcastReceiver: onReceive()-->android.intent.action.PACKAGE_REMOVED
06-12 12:59:22.708  5871  5871 I WearableDeviceFactory: getConnectedDeviceIdByType()::deviceType = Gear, size = 0
06-12 12:59:22.708  5871  5871 I WearableDeviceFactory: getDeviceManager() deviceID = null mDeviceManagerList = {}
06-12 12:59:22.708  5301  5442 I InputReader: Reconfiguring input devices.  changes=0x00000010
06-12 12:59:22.709  5871  5871 I PM:HMPackageBroadcastReceiver: forReplacing = true, intent = Intent { act=android.intent.action.PACKAGE_REMOVED dat=package:com.example.batterymanager_utility flg=0x4000010 (has extras) }
06-12 12:59:22.709  5871  5871 I PM:HMPackageBroadcastReceiver: App will be updated Case.
06-12 12:59:22.711  5871  5871 I HMPackageReceiver: onReceive:android.intent.action.PACKAGE_REMOVED
06-12 12:59:22.711  6695  6695 W SAPackageEventReceiver: PACKAGE_REMOVED intent came late : com.example.batterymanager_utility
06-12 12:59:22.711  9092  9092 D BeaconManager[8.0.24.0]: BeaconService.PackageReceiver - action:android.intent.action.PACKAGE_REMOVED, package:com.example.batterymanager_utility
06-12 12:59:22.715  6789  6789 I GsaVoiceInteractionSrv: (REDACTED) O received %s
06-12 12:59:22.716  5871  5871 E HMPackageReceiver: this package will be replased, skip this package
06-12 12:59:22.716  5871  5871 E HMPackageReceiver: This package will be replaced = com.example.batterymanager_utility
06-12 12:59:22.716  5871  5871 D SAEmailProviderImpl: check email package status by action android.intent.action.PACKAGE_REMOVED
06-12 12:59:22.717  9277  9277 I Finsky  : [2] vty.g(0): vty - Received: android.intent.action.PACKAGE_REMOVED, [CPZqccH6UYIfBlmeVTJ5dE0qJsfxIuFjQpsmBq2XUG8]
06-12 12:59:22.719 10896 10932 I SystemBroadcastReceiver: [#CMH#] Received broadcast 
06-12 12:59:22.720 10896 10932 I ControllerEventHandler: [#CMH#] onPackageRemoved  null
06-12 12:59:22.720 10896 10932 I SystemBroadcastReceiver: [#CMH#] onReceive completed 
06-12 12:59:22.723  5871  5871 D SAEmailConfig: Email is one apk type.
06-12 12:59:22.736  5301  5546 D UcmService: onReceive android.intent.action.PACKAGE_ADDED
06-12 12:59:22.736  5301  5546 D UcmService: Package update in userId-0 and uid-10186
06-12 12:59:22.736  5301  5546 D UcmService: isSystemUCMPlugin pkgName-com.example.batterymanager_utility
06-12 12:59:22.736  5301  5546 D UcmService: isPCSCService pkgName-com.example.batterymanager_utility
06-12 12:59:22.738  5689  5689 D KeyguardUpdateMonitor: received broadcast android.intent.action.PACKAGE_ADDED
06-12 12:59:22.738  5689  5689 D MetadataParser: onPackageUpdated() key = com.example.batterymanager_utility
06-12 12:59:22.741  5916  5971 D EventHandler_FLP: PACKAGE_ADDED
06-12 12:59:22.742  5916  5971 D PackageInfoManager_FLP: action : ACTION_PACKAGE_ADDED, packageName = com.example.batterymanager_utility
06-12 12:59:22.745  9277 11114 I Finsky  : [7730] okk.run(16): Wrote row to frosting DB: 5742
06-12 12:59:22.745  9277 11395 I Finsky  : [7745] pxj.accept(12): IQ: handled package removed
06-12 12:59:22.748  5871  5871 I SHealth_Provider - HealthProviderReceiver: onReceive() : Action = android.intent.action.PACKAGE_ADDED
06-12 12:59:22.748  5871  5871 I SHealth_Provider - HealthProviderReceiver: onReceive() : This is not samsung health package.
06-12 12:59:22.749  5871  5871 D SANotification4O: NotificationPackageReceiver.onReceive-action:android.intent.action.PACKAGE_ADDED mUserId0
06-12 12:59:22.749  5871  5871 I ICHostManager: ICHostManager, getInstance processId:5871
06-12 12:59:22.750  5871  5871 I ICHostManager: ICHostManager getInstance threadId: 5871
06-12 12:59:22.750  5871  5871 I ICHostManager: value mICHostManager:  com.samsung.android.hostmanager.service.ICHostManager@db3e43f
06-12 12:59:22.750  5871  5871 I ICHostManager: ICHostManager, getInstance processId:5871
06-12 12:59:22.750  5871  5871 I ICHostManager: ICHostManager getInstance threadId: 5871
06-12 12:59:22.750  5871  5871 I ICHostManager: value mICHostManager:  com.samsung.android.hostmanager.service.ICHostManager@db3e43f
06-12 12:59:22.750  5871  5871 I ICHostManager: ST::getAllWearableStatus()::DeviceManager list size = 0
06-12 12:59:22.750  6695  6695 I SAPackageEventReceiver: App com.example.batterymanager_utility was installed.
06-12 12:59:22.750  5871  5871 I WearableDeviceFactory: getConnectedDeviceIdByType()::deviceType = Gear, size = 0
06-12 12:59:22.750  5871  5871 I PM:HMPackageBroadcastReceiver: onReceive()-->android.intent.action.PACKAGE_ADDED
06-12 12:59:22.750  5871  5871 I WearableDeviceFactory: getConnectedDeviceIdByType()::deviceType = Gear, size = 0
06-12 12:59:22.750  5871  5871 I WearableDeviceFactory: getDeviceManager() deviceID = null mDeviceManagerList = {}
06-12 12:59:22.750  5871  5871 I PM:HMPackageBroadcastReceiver: isEssentialProvider(com.example.batterymanager_utility) = false
06-12 12:59:22.750  6695  6695 D SAPackageEventReceiver: registerService : com.example.batterymanager_utility
06-12 12:59:22.751  5871  5871 I PM:HMPackageBroadcastReceiver: forReplacing = true, intent = Intent { act=android.intent.action.PACKAGE_ADDED dat=package:com.example.batterymanager_utility flg=0x4000010 (has extras) }
06-12 12:59:22.751  5871  5871 I PM:HMPackageBroadcastReceiver: App Updated Case.
06-12 12:59:22.751  5871  5871 I PM:HMPackageBroadcastReceiver: isCompanionApp START
06-12 12:59:22.751  5871  5871 I PM:HMPackageBroadcastReceiver: isCompanionApp package updated case.
06-12 12:59:22.752  5301  5442 I InputReader: Reconfiguring input devices.  changes=0x00000010
06-12 12:59:22.752  9092  9092 D BeaconManager[8.0.24.0]: BeaconService.PackageReceiver - action:android.intent.action.PACKAGE_ADDED, package:com.example.batterymanager_utility
06-12 12:59:22.754  6789  6789 I GsaVoiceInteractionSrv: (REDACTED) O received %s
06-12 12:59:22.757  5871  5871 I CommonUtils: isCompanionApp packageInfo is not NULL
06-12 12:59:22.757  5871  5871 I CommonUtils: isCompanionApp packageInfo = PackageInfo{6b9f367 com.example.batterymanager_utility}
06-12 12:59:22.757  5871  5871 I CommonUtils: isCompanionApp reqPermission = android.permission.READ_EXTERNAL_STORAGE
06-12 12:59:22.757 10896 10932 I SystemBroadcastReceiver: [#CMH#] Received broadcast 
06-12 12:59:22.757  5871  5871 I CommonUtils: isCompanionApp reqPermission = android.permission.WRITE_EXTERNAL_STORAGE
06-12 12:59:22.757  5871  5871 I CommonUtils: isCompanionApp reqPermission = android.permission.WAKE_LOCK
06-12 12:59:22.757  5871  5871 I CommonUtils: isCompanionApp reqPermission = android.permission.FOREGROUND_SERVICE
06-12 12:59:22.757  5871  5871 I CommonUtils: isCompanionApp reqPermission = android.permission.HIGH_SAMPLING_RATE_SENSORS
06-12 12:59:22.757 10896 10932 I ControllerEventHandler: [#CMH#] onPackageAdded  null
06-12 12:59:22.758  5871  5871 I PM:HMPackageBroadcastReceiver: isCompanionApp(com.example.batterymanager_utility) = false
06-12 12:59:22.758 10896 10932 I SystemBroadcastReceiver: [#CMH#] onReceive completed 
06-12 12:59:22.763  5871  5871 I PM:HMPackageBroadcastReceiver: isWatchApp(com.example.batterymanager_utility) = false
06-12 12:59:22.764  4914  4927 I zygote64: Background concurrent copying GC freed 207960(8MB) AllocSpace objects, 28(560KB) LOS objects, 49% free, 11MB/23MB, paused 970us total 130.730ms
--------- beginning of system
06-12 12:59:22.766  5301 11718 D CryptdConnector: SND -> {1226 cryptfs getpwtype}
06-12 12:59:22.766  5689  5701 I zygote64: Background concurrent copying GC freed 173371(6MB) AllocSpace objects, 1(20KB) LOS objects, 49% free, 7MB/15MB, paused 2.724ms total 118.026ms
06-12 12:59:22.767  3334  3352 D VoldCryptCmdListener: cryptfs getpwtype
06-12 12:59:22.768  5301  5448 D CryptdConnector: RCV <- {213 1226 pin}
06-12 12:59:22.768  5871  5871 D FileEncryptionUtils: can't call the createDeviceProtectedStorageContext
06-12 12:59:22.770  5871  5871 I PM:HMPackageBroadcastReceiver: onReceive(), com.example.batterymanager_utility is installed, requesting to sync...
06-12 12:59:22.770  5871  5871 I StatusUtils: ST::putTimeStampFromPref TIMESTAMP PUT!!::package added1686567562770null
06-12 12:59:22.770  5871  5871 I WearableDeviceFactory: getDeviceManager() deviceID = null mDeviceManagerList = {}
06-12 12:59:22.770  5871  5871 E StatusUtils: ST::StatusUtils::getDeviceType::deviceInfo is null
06-12 12:59:22.770  5871  5871 I StatusUtils: ST::StatusUtils::getDeviceType::deviceType = null
06-12 12:59:22.771  5871  5871 E StatusUtils: ST::deviceType is null
06-12 12:59:22.771  5871  5871 I StatusUtils: ST::StatusUtils::isRequiredPacakgeWearable()::deviceID=[null] packageName=[com.example.batterymanager_utility]
06-12 12:59:22.771  5871  5871 I WearableDeviceFactory: getDeviceManager() deviceID = null mDeviceManagerList = {}
06-12 12:59:22.771  5871  5871 E ManagerUtils: DeviceManager is null
06-12 12:59:22.771  5871  5871 I StatusUtils: ST::StatusUtils::isRequiredPacakgeWearable::packageName=[com.example.batterymanager_utility] ret=false
06-12 12:59:22.771  5871  5871 D SAEmailProviderImpl: check email package status by action android.intent.action.PACKAGE_ADDED
06-12 12:59:22.774  5871  5871 D SAEmailConfig: Email is one apk type.
06-12 12:59:22.775  9277  9277 I Finsky  : [2] jkp.f(1): AIM: AppInfoCacheUpdater -> invalidating apps: [com.example.batterymanager_utility]
06-12 12:59:22.776  5301  5442 I InputReader: Reconfiguring input devices.  changes=0x00000010
06-12 12:59:22.777  9277  9328 I Finsky  : [7673] jmm.a(5): AIM: AppInfoManager-Perf > OnDeviceAppInfo > cacheHitCount=1, cacheMissCount=0. Missed  in cache (limit 10) : []
06-12 12:59:22.778  9277  9328 I Finsky  : [7673] jkc.apply(110): AIM: Got app ownership map. App counts: . Unique apps: 0
06-12 12:59:22.778 10896 10932 I SystemBroadcastReceiver: [#CMH#] Received broadcast 
06-12 12:59:22.779  5871  5871 I WearableDeviceFactory: getConnectedDeviceIdByType()::deviceType = Gear, size = 0
06-12 12:59:22.779 10896 10932 I SystemBroadcastReceiver: [#CMH#] onReceive completed 
06-12 12:59:22.779  5871  5871 I PM:HMPackageBroadcastReceiver: onReceive()-->android.intent.action.PACKAGE_REPLACED
06-12 12:59:22.779  5871  5871 I WearableDeviceFactory: getConnectedDeviceIdByType()::deviceType = Gear, size = 0
06-12 12:59:22.779  5301  5301 D StorageManagerService: getExternalStorageMountMode : 1
06-12 12:59:22.779  5301  5546 D UcmService: onReceive android.intent.action.PACKAGE_REPLACED
06-12 12:59:22.779  5301  5546 D UcmService: Package update in userId-0 and uid-10186
06-12 12:59:22.779  5871  5871 I WearableDeviceFactory: getDeviceManager() deviceID = null mDeviceManagerList = {}
06-12 12:59:22.779  5301  5546 D UcmService: isUCMPlugin pkgName-com.example.batterymanager_utility
06-12 12:59:22.779  5871  5871 I PM:HMPackageBroadcastReceiver: Updated package: com.example.batterymanager_utility
06-12 12:59:22.779  5301  5546 D UcmService: enforcePermission : com.example.batterymanager_utility
06-12 12:59:22.779  5301  5546 D UcmService: isPCSCService pkgName-com.example.batterymanager_utility
06-12 12:59:22.779  5301  5546 D UcmService: Updated app is not valid UCM plugin so ignoring refresh agent list....
06-12 12:59:22.779  5871  5871 I PM:HMPackageBroadcastReceiver: isPluginupdatecase(com.example.batterymanager_utility) = false
06-12 12:59:22.779  5301  5301 D StorageManagerService: getExternalStorageMountMode : 3
06-12 12:59:22.779  9277  9277 I Finsky  : [2] jlg.g(1): AIM: AppInfoManager-Perf > getApps > called for 1 apps
06-12 12:59:22.780  5301  5301 D StorageManagerService: getExternalStorageMountMode : final mountMode=1, uid : 1000, packageName : com.android.keychain
06-12 12:59:22.780  5301  5301 I ApplicationPolicy: isApplicationExternalStorageWhitelisted:com.android.keychain user:0
06-12 12:59:22.780  5301  5301 D ApplicationPolicy: isApplicationExternalStorageWhitelisted: DO is not enabled on user 0. Allowed.
06-12 12:59:22.780  5301  5301 D ActivityManager: package  com.android.keychain, user - 0 is SDcard whitelisted
06-12 12:59:22.780  5301  5301 I ApplicationPolicy: isApplicationExternalStorageBlacklisted:com.android.keychain user:0
06-12 12:59:22.780  5301  5301 D ApplicationPolicy: isApplicationExternalStorageBlacklisted: DO is not enabled on user 0. Allowed.
06-12 12:59:22.782  9277  9324 I Finsky  : [7671] jmm.a(5): AIM: AppInfoManager-Perf > OnDeviceAppInfo > cacheHitCount=0, cacheMissCount=1. Missed  in cache (limit 10) : [com.example.batterymanager_utility]
06-12 12:59:22.783  9277  9277 I Finsky  : [2] vty.g(0): vty - Received: android.intent.action.PACKAGE_ADDED, [CPZqccH6UYIfBlmeVTJ5dE0qJsfxIuFjQpsmBq2XUG8]
06-12 12:59:22.786  9277 11114 I Finsky  : [7730] okk.run(16): Wrote row to frosting DB: 5743
06-12 12:59:22.786  9277  9324 I Finsky  : [7671] jkc.apply(110): AIM: Got app ownership map. App counts: . Unique apps: 0
06-12 12:59:22.791  5689  5699 W JavaBinder: BinderProxy is being destroyed but the application did not call unlinkToDeath to unlink all of its death recipients beforehand.  Releasing leaked death recipient: com.android.systemui.qs.external.TileLifecycleManager
06-12 12:59:22.794  5689  5699 I chatty  : uid=10008(u0_a8) FinalizerDaemon identical 7 lines
06-12 12:59:22.794  5689  5699 W JavaBinder: BinderProxy is being destroyed but the application did not call unlinkToDeath to unlink all of its death recipients beforehand.  Releasing leaked death recipient: com.android.systemui.qs.external.TileLifecycleManager
06-12 12:59:22.795  9277  9277 I Finsky  : [2] qtt.afS(1): DTU: Received onPackageAdded, replacing: true
06-12 12:59:22.804  5301  5301 I ActivityManager: Start proc 11398:com.android.keychain/1000 for service com.android.keychain/.KeyChainService
06-12 12:59:22.805  5301  5301 D KnoxMUMContainerPolicy: mPackageReceiver : action - android.intent.action.PACKAGE_REMOVED
06-12 12:59:22.806 11398 11398 E Zygote  : isWhitelistProcess - Process is Whitelisted
06-12 12:59:22.807 11398 11398 E libpersona: scanKnoxPersonas
06-12 12:59:22.807  6026  6026 I CarrierVvmPackageInstalledReceiver.onReceive: intent.getAction() android.intent.action.PACKAGE_REMOVED packageName :com.example.batterymanager_utility
06-12 12:59:22.808  6789  6789 I GsaVoiceInteractionSrv: (REDACTED) O received %s
06-12 12:59:22.808  5301  5336 D AccessibilityManagerService: readMagniferWindowEnabledSettingLocked() magniferWindowEnabled = false/ userState.mIsMagniferWindowEnabled = false
06-12 12:59:22.809  5301  5301 I HarmonyEASService: onReceive : android.intent.action.PACKAGE_REMOVED for 0
06-12 12:59:22.809  5301  5336 I AccessibilityManagerService: semIsAccessibilityServiceEnabled()
06-12 12:59:22.809  5301  5336 I AccessibilityManagerService: accesibilityService is null
06-12 12:59:22.811  5301  6043 D TelecomUtils: isAdditionalPrivilegedDialer: com.android.phone
06-12 12:59:22.813  5301  5336 D EnterpriseDeviceManagerService: onPackageUpdateFinished - packageName: com.example.batterymanager_utility, uid: 10186
06-12 12:59:22.814  5301  5301 D EnterpriseLicenseService: package removed. userId = 0
06-12 12:59:22.819 11398 11398 E libpersona: Couldn't open the File - /data/system/users/0/personalist.xml - No such file or directory
06-12 12:59:22.822 11398 11398 W SELinux : SELinux selinux_android_compute_policy_index : Policy Index[2],  Con:u:r:zygote:s0 RAM:SEPF_SM-J720F_8.0.0_0002, [-1 -1 -1 -1 0 1]
06-12 12:59:22.823  5301  5336 D EnterpriseDeviceManagerService: Package has changed for user 0
06-12 12:59:22.823  5301  5336 D EnterpriseDeviceManagerService: Admin package name: com.google.android.gms
06-12 12:59:22.823  5301  5336 D EnterpriseDeviceManagerService: Admin package name: com.google.android.gms
06-12 12:59:22.824  5301  5301 E SDAgentPackageStateReceiver: Not going to handle 'com.example.batterymanager_utility'!
06-12 12:59:22.824  5301  5301 D EnterprisePremiumVpnPolicyServiceV2: Vpn Receiver : android.intent.action.PACKAGE_REMOVED
06-12 12:59:22.824  5301  5463 I EnterprisePremiumVpnPolicyServiceV2: vpn handle : Message received
06-12 12:59:22.824  5301  5463 D EnterprisePremiumVpnPolicyServiceV2: Package removal intent is reached
06-12 12:59:22.824  5301  5301 D KnoxVpnEngineService: Vpn Receiver : android.intent.action.PACKAGE_REMOVED
06-12 12:59:22.824  5301  5463 D EnterprisePremiumVpnPolicyServiceV2: handleActionPackageRemoved : packageName = com.example.batterymanager_utility : replacing = true
06-12 12:59:22.824  5301  5465 I KnoxVpnEngineService: vpn handle : Message received
06-12 12:59:22.826  6026  6026 E VvmPkgInstalledRcvr: cannot create TelephonyManager from ComponentInfo{com.android.phone/com.android.services.telephony.TelephonyConnectionService}, [****], UserHandle{0}
06-12 12:59:22.826  5301  5465 D KnoxVpnEngineService: handleActionPackageRemoved
06-12 12:59:22.826 11398 11398 I SELinux : SELinux: seapp_context_lookup: seinfo=platform, pkgname=com.android.keychain 
06-12 12:59:22.826  5301  5465 D KnoxVpnEngineService: handleActionPackageRemoved : packageName = 0_com.example.batterymanager_utility : replacing = true
06-12 12:59:22.826  5301  5465 D KnoxVpnEngineService: vpn handle : package removed: package being updated
06-12 12:59:22.827  5301  5301 I GameManagerService: PkgInstallationReceiver, onReceive(),  begin, action: android.intent.action.PACKAGE_REMOVED
06-12 12:59:22.827  5301  5301 D UniversalCredentialManagerService: inside mPkgReciever onReceive : android.intent.action.PACKAGE_REMOVED
06-12 12:59:22.827  5301  5301 D UniversalCredentialManagerService: ACTION_PACKAGE_REMOVED : replacingApp -true
06-12 12:59:22.827  5301  5301 D UniversalCredentialManagerService: ACTION_PACKAGE_REMOVED : No need to cleanup db entries for app update
06-12 12:59:22.832  9277 11114 I Finsky  : [7730] okk.run(16): Wrote row to frosting DB: 5744
06-12 12:59:22.842  6026  6026 E VvmPkgInstalledRcvr: cannot create TelephonyManager from ComponentInfo{com.android.phone/com.android.services.telephony.TelephonyConnectionService}, [****], UserHandle{0}
06-12 12:59:22.844  9277  9316 I Finsky  : [7667] jmj.a(11): AIM: AppInfoManager-Perf > ItemModel > CacheSize=61, cacheHitCount=0, cacheMissCount=0, total appsWithNoServerDataCount=4. Missed  in cache (limit 10) : []
06-12 12:59:22.850  5301  8000 W BroadcastQueue: Background execution not allowed: receiving Intent { act=android.intent.action.PACKAGE_REMOVED dat=package:com.example.batterymanager_utility flg=0x4000010 (has extras) } to android/com.kddi.android.CpaNotiReceiver
06-12 12:59:22.854  5301  5301 V EnterpriseBillingAsyncHandler: packageModificationReceiver - onreceive - start - android.intent.action.PACKAGE_REMOVED
06-12 12:59:22.854  5301  5337 W BroadcastQueue: Background execution not allowed: receiving Intent { act=android.intent.action.PACKAGE_REMOVED dat=package:com.example.batterymanager_utility flg=0x4000010 (has extras) } to com.android.vending/com.google.android.finsky.packagemonitor.impl.PackageMonitorReceiverImpl$RegisteredReceiver
06-12 12:59:22.855  5301  5613 V EnterpriseBillingPolicyInternal: packageModification -  start - android.intent.action.PACKAGE_REMOVED
06-12 12:59:22.855  5301  5613 V EnterpriseBillingPolicyInternal: uID is 10186
06-12 12:59:22.855  5301  5613 V EnterpriseBillingPolicyInternal: Removed Packageuid is0
06-12 12:59:22.855  5301  5613 V EnterpriseBillingPolicyStorage: getProfileForApplication - enter
06-12 12:59:22.855  9633  9722 W SearchServiceCore: Abort, client detached.
06-12 12:59:22.856  5301  5613 V EnterpriseBillingPolicyStorage: getProfileForApplication - exit null : containerId = 0
06-12 12:59:22.856  5301  5613 V EnterpriseBillingPolicyInternal: packageModificationReceiver - onreceive - personal application - profile null
06-12 12:59:22.856  9633  9722 W SearchServiceCore: Abort, client detached.
06-12 12:59:22.857  5301  5301 D SdpManagerService.receiver: onReceive - android.intent.action.PACKAGE_REMOVED
06-12 12:59:22.857  5301  5301 D SdpManagerService.receiver: On android.intent.action.PACKAGE_REMOVED : DATA = package:com.example.batterymanager_utility, UID = 10186, UserId = 0, Is replacing? true
06-12 12:59:22.857  5301  5301 D SdpManagerService.receiver: On android.intent.action.PACKAGE_REMOVED : Skipped!
06-12 12:59:22.857  9277  9277 I Finsky  : [2] jkp.f(1): AIM: AppInfoCacheUpdater -> invalidating apps: [com.example.batterymanager_utility]
06-12 12:59:22.858  9277  9277 I Finsky  : [2] jlg.g(1): AIM: AppInfoManager-Perf > getApps > called for 1 apps
06-12 12:59:22.859  5301  5301 D BackupManagerService: Received broadcast Intent { act=android.intent.action.PACKAGE_REMOVED dat=package:com.example.batterymanager_utility flg=0x4000010 (has extras) }
06-12 12:59:22.859  5301  5342 V MARsPolicyManager: onPackageStatusChange packageName = com.example.batterymanager_utility, userID = 0
06-12 12:59:22.859  5301  5342 V MARsPolicyManager: handlePackageStatusChange isReInstall don't care!
06-12 12:59:22.860  9277 11114 I Finsky  : [7730] okk.run(16): Wrote row to frosting DB: 5745
06-12 12:59:22.862  5301  5301 D UpdateReceiver:: Action: android.intent.action.PACKAGE_ADDED
06-12 12:59:22.862  5301  5301 D KnoxMUMContainerPolicy: mPackageReceiver : action - android.intent.action.PACKAGE_ADDED
06-12 12:59:22.867  5301  5337 W BroadcastQueue: Background execution not allowed: receiving Intent { act=android.intent.action.PACKAGE_REMOVED dat=package:com.example.batterymanager_utility flg=0x4000010 (has extras) } to com.android.vending/com.google.android.finsky.packagemonitor.backgroundimpl.BackgroundPackageMonitorReceiverImpl$RegisteredReceiver
06-12 12:59:22.868  5301  5337 W BroadcastQueue: Background execution not allowed: receiving Intent { act=android.intent.action.PACKAGE_REMOVED dat=package:com.example.batterymanager_utility flg=0x4000010 (has extras) } to com.android.vending/com.google.android.finsky.instantapps.appmanagement.InstantAppRemoveMonitor
06-12 12:59:22.868  9277 11153 I System.out: (HTTPLog)-Static: isSBSettingEnabled false
06-12 12:59:22.869  9277 11153 I System.out: (HTTPLog)-Static: isSBSettingEnabled false
06-12 12:59:22.874 11049 11049 D GOS:GameServiceReceiver: action : android.intent.action.PACKAGE_REMOVED
06-12 12:59:22.874 11049 11049 D GOS:GameServiceReceiver: replacing. ignore
06-12 12:59:22.875  5301  5301 W ResourceType: ResTable_typeSpec entry count inconsistent: given 83, previously 85
06-12 12:59:22.875  5301  5301 W ResourceType: ResTable_typeSpec entry count inconsistent: given 144, previously 146
06-12 12:59:22.876  5301  5301 W ResourceType: ResTable_typeSpec entry count inconsistent: given 3394, previously 3397
06-12 12:59:22.876  5301  5336 W ResourceType: ResTable_typeSpec entry count inconsistent: given 83, previously 85
06-12 12:59:22.876  5301  5301 W ResourceType: ResTable_typeSpec entry count inconsistent: given 478, previously 4400
06-12 12:59:22.876  5301  5336 W ResourceType: ResTable_typeSpec entry count inconsistent: given 144, previously 146
06-12 12:59:22.876  5301  5336 W ResourceType: ResTable_typeSpec entry count inconsistent: given 3394, previously 3397
06-12 12:59:22.876  5301  5336 W ResourceType: ResTable_typeSpec entry count inconsistent: given 478, previously 4400
06-12 12:59:22.877 11398 11398 D TimaKeyStoreProvider: TimaKeyStore is not enabled: cannot add TimaSignature Service and generateKeyPair Service
06-12 12:59:22.878 11398 11398 D ActivityThread: Added TimaKeyStore provider
06-12 12:59:22.882  5301  5336 W ResourceType: ResTable_typeSpec entry count inconsistent: given 83, previously 85
06-12 12:59:22.882  5301  5336 W ResourceType: ResTable_typeSpec entry count inconsistent: given 144, previously 146
06-12 12:59:22.882  5301  5336 W ResourceType: ResTable_typeSpec entry count inconsistent: given 3394, previously 3397
06-12 12:59:22.882  5301  5336 W ResourceType: ResTable_typeSpec entry count inconsistent: given 478, previously 4400
06-12 12:59:22.890  5301  5336 W ResourceType: ResTable_typeSpec entry count inconsistent: given 3342, previously 3345
06-12 12:59:22.890  5301  5336 W ResourceType: ResTable_typeSpec entry count inconsistent: given 3669, previously 3671
06-12 12:59:22.890  5301  5336 W ResourceType: ResTable_typeSpec entry count inconsistent: given 430, previously 2927
06-12 12:59:22.891  5301  5301 W ResourceType: ResTable_typeSpec entry count inconsistent: given 115, previously 119
06-12 12:59:22.891  5301  5301 W ResourceType: ResTable_typeSpec entry count inconsistent: given 4043, previously 4074
06-12 12:59:22.891  5301  5301 W ResourceType: ResTable_typeSpec entry count inconsistent: given 5038, previously 5084
06-12 12:59:22.891  5301  5301 W ResourceType: ResTable_typeSpec entry count inconsistent: given 3705, previously 3722
06-12 12:59:22.892  5301  6059 I ActivityManager: DSS on for com.android.keychain and scale is 1.0
06-12 12:59:22.892  5301  5301 W ResourceType: ResTable_typeSpec entry count inconsistent: given 3723, previously 3722
06-12 12:59:22.892  5301  5301 W ResourceType: ResTable_typeSpec entry count inconsistent: given 495, previously 3647
06-12 12:59:22.902  9277  9324 I Finsky  : [7671] jmm.a(5): AIM: AppInfoManager-Perf > OnDeviceAppInfo > cacheHitCount=0, cacheMissCount=1. Missed  in cache (limit 10) : [com.example.batterymanager_utility]
06-12 12:59:22.906  5301  8010 D ConnectivityService: filterNetworkStateForUid() uid: 10044 networkInfo: [type: WIFI[] - WIFI, state: CONNECTED/CONNECTED, reason: (unspecified), extra: "DoodleBoodle", failover: false, available: true, roaming: false, metered: false]
06-12 12:59:22.908  5301 14321 D ConnectivityService: filterNetworkStateForUid() uid: 10044 networkInfo: [type: WIFI[] - WIFI, state: CONNECTED/CONNECTED, reason: (unspecified), extra: "DoodleBoodle", failover: false, available: true, roaming: false, metered: false]
06-12 12:59:22.921  9277 11414 I System.out: (HTTPLog)-Static: isSBSettingEnabled false
06-12 12:59:22.921  9277  9308 I Finsky  : [7661] jmm.a(5): AIM: AppInfoManager-Perf > OnDeviceAppInfo > cacheHitCount=1, cacheMissCount=0. Missed  in cache (limit 10) : []
06-12 12:59:22.922  9277 11414 I System.out: (HTTPLog)-Static: isSBSettingEnabled false
06-12 12:59:22.925  9277  9308 I Finsky  : [7661] jkc.apply(110): AIM: Got app ownership map. App counts: . Unique apps: 0
06-12 12:59:22.926  9277  9308 I Finsky  : [7661] jkc.apply(110): AIM: Got app ownership map. App counts: . Unique apps: 0
06-12 12:59:22.928  9277  9308 I Finsky  : [7661] ygj.accept(34): SCH: Scheduling phonesky job Id: 12-1, CT: 1686567562773, Constraints: [{ L: 15000, D: 86400000, C: 1, I: 1, N: 1 }]
06-12 12:59:22.935 11398 11398 I zygote64: find the special shared library, skip check
06-12 12:59:22.939  5301 11442 D ConnectivityService: filterNetworkStateForUid() uid: 10044 networkInfo: [type: WIFI[] - WIFI, state: CONNECTED/CONNECTED, reason: (unspecified), extra: "DoodleBoodle", failover: false, available: true, roaming: false, metered: false]
06-12 12:59:22.940  5301 11442 D ConnectivityService: filterNetworkStateForUid() uid: 10044 networkInfo: [type: WIFI[] - WIFI, state: CONNECTED/CONNECTED, reason: (unspecified), extra: "DoodleBoodle", failover: false, available: true, roaming: false, metered: false]
06-12 12:59:22.944  5301  8000 W BroadcastQueue: Background execution not allowed: receiving Intent { act=android.intent.action.PACKAGE_REMOVED dat=package:com.example.batterymanager_utility flg=0x4000010 (has extras) } to com.facebook.katana/com.facebook.feed.platformads.AppInstallReceiver
06-12 12:59:22.945  5301  5301 W ResourceType: ResTable_typeSpec entry count inconsistent: given 43, previously 56
06-12 12:59:22.945  5301  5301 W ResourceType: ResTable_typeSpec entry count inconsistent: given 1669, previously 1683
06-12 12:59:22.945  5301  5337 W BroadcastQueue: Background execution not allowed: receiving Intent { act=android.intent.action.PACKAGE_REMOVED dat=package:com.example.batterymanager_utility flg=0x4000010 (has extras) } to com.google.android.apps.maps/com.google.android.libraries.social.peoplekit.thirdparty.viewcontrollers.ThirdPartyReceiver
06-12 12:59:22.945  5301  5301 W ResourceType: ResTable_typeSpec entry count inconsistent: given 348, previously 2601
06-12 12:59:22.945  5301  5337 W BroadcastQueue: Background execution not allowed: receiving Intent { act=android.intent.action.PACKAGE_REMOVED dat=package:com.example.batterymanager_utility flg=0x4000010 (has extras) } to com.google.android.gms/.games.chimera.GamesSystemBroadcastReceiverProxy
06-12 12:59:22.946  5301  5337 W BroadcastQueue: Background execution not allowed: receiving Intent { act=android.intent.action.PACKAGE_REMOVED dat=package:com.example.batterymanager_utility flg=0x4000010 (has extras) } to com.google.android.gms/.chimera.GmsIntentOperationService$PersistentTrustedReceiver
06-12 12:59:22.946  5301  5337 W BroadcastQueue: Background execution not allowed: receiving Intent { act=android.intent.action.PACKAGE_REMOVED dat=package:com.example.batterymanager_utility flg=0x4000010 (has extras) } to com.google.android.googlequicksearchbox/com.google.android.apps.gsa.googlequicksearchbox.GelStubAppWatcher
06-12 12:59:22.949  5301  5337 W BroadcastQueue: Background execution not allowed: receiving Intent { act=android.intent.action.PACKAGE_REMOVED dat=package:com.example.batterymanager_utility flg=0x4000010 (has extras) } to com.samsung.android.SettingsReceiver/.networkconnect.NetworkConnectReceiver
06-12 12:59:22.953  9277  9324 I Finsky  : [7671] yiv.apply(44): SCH: Scheduling 1 system job(s)
06-12 12:59:22.954  5301  5301 W ResourceType: ResTable_typeSpec entry count inconsistent: given 1815, previously 1814
06-12 12:59:22.954  5301  5301 W ResourceType: ResTable_typeSpec entry count inconsistent: given 93, previously 108
06-12 12:59:22.954  5301  5301 W ResourceType: ResTable_typeSpec entry count inconsistent: given 262, previously 1832
06-12 12:59:22.954  9277  9324 I Finsky  : [7671] yyn.d(4): SCH: Scheduling system job Id: 9629, L: 14820, D: 61448405, C: false, I: false, N: 1
06-12 12:59:22.957 11229 11229 D AssistantMenuReceiver: [c] AssistantMenuReceiver:android.intent.action.PACKAGE_REMOVED
06-12 12:59:22.958 11229 11229 D AssistantMenuReceiver: [c] PACKAGE_REMOVED : com.example.batterymanager_utility
06-12 12:59:22.958 11229 11229 W ContextImpl: Calling a method in the system process without a qualified user: android.app.ContextImpl.startService:1483 android.content.ContextWrapper.startService:663 android.content.ContextWrapper.startService:663 com.samsung.android.app.assistantmenu.AssistantMenuReceiver.onReceive:473 android.app.ActivityThread.handleReceiver:3392 
06-12 12:59:22.966  9277  9308 I Finsky  : [7661] jmj.a(11): AIM: AppInfoManager-Perf > ItemModel > CacheSize=61, cacheHitCount=0, cacheMissCount=0, total appsWithNoServerDataCount=4. Missed  in cache (limit 10) : []
06-12 12:59:22.968  5301  5301 D ApplicationPolicy: packageInstalledForExternalStorage com.example.batterymanager_utility
06-12 12:59:22.969  5301  5301 D ApplicationPolicy: checkExternalStoragePkg - uid - 1000, key - PackageNameExternalStorageWhiteList, packageName- com.example.batterymanager_utility
06-12 12:59:22.969  5301  5301 D ApplicationPolicy: checkExternalStoragePkg : Not match found
06-12 12:59:22.969  5301  5301 D ApplicationPolicy: checkExternalStoragePkg - uid - 1000, key - PackageNameExternalStorageBlackList, packageName- com.example.batterymanager_utility
06-12 12:59:22.969  5301  5301 D ApplicationPolicy: checkExternalStoragePkg - uid - 10025, key - PackageNameExternalStorageWhiteList, packageName- com.example.batterymanager_utility
06-12 12:59:22.969  5301  5301 I chatty  : uid=1000 system_server identical 2 lines
06-12 12:59:22.969  5301  5301 D ApplicationPolicy: checkExternalStoragePkg - uid - 10025, key - PackageNameExternalStorageBlackList, packageName- com.example.batterymanager_utility
06-12 12:59:22.969  5301  5301 D ApplicationPolicy: checkExternalStoragePkg : Not match found
06-12 12:59:22.969  5301  5301 D PackageManager: Shame on you for calling the hidden API queryBroadcastReceivers(). Shame!
06-12 12:59:22.969  5301  5301 E SDAgentPackageStateReceiver: Not going to handle 'com.example.batterymanager_utility'!
06-12 12:59:22.969  5301  5301 D EnterprisePremiumVpnPolicyServiceV2: Vpn Receiver : android.intent.action.PACKAGE_ADDED
06-12 12:59:22.969  5301  5301 D KnoxVpnEngineService: Vpn Receiver : android.intent.action.PACKAGE_ADDED
06-12 12:59:22.969  5301  5463 I EnterprisePremiumVpnPolicyServiceV2: vpn handle : Message received
06-12 12:59:22.969  5301  5463 D EnterprisePremiumVpnPolicyServiceV2: vpn handle : Handle MSG package add
06-12 12:59:22.970  5301  5465 I KnoxVpnEngineService: vpn handle : Message received
06-12 12:59:22.970  5301  5465 D KnoxVpnEngineService: vpn handle : Handle MSG package add
06-12 12:59:22.970  5301  5465 D KnoxVpnEngineService: vpn handle : package added: package being updated
06-12 12:59:22.971  6026  6026 D CarrierSvcBindHelper: No carrier app for: 0
06-12 12:59:22.972  5301 11442 D SamsungAlarmManager: setInexact Listener (T:2/F:0/AC:false) 20230612T130422 - CU:1000/CP:5301
06-12 12:59:22.972  6026  6026 D CarrierSvcBindHelper: No carrier app for: 1
06-12 12:59:22.972  5301 11442 I SamsungAlarmManager: setLocked to kernel - T:2 / 20230612T130422, SetElapsed=251677291, nowELAPSED=251377971
06-12 12:59:22.973  6026  6026 D CarrierSvcBindHelper: No carrier app for: 0
06-12 12:59:22.973  6026  6026 D CarrierSvcBindHelper: No carrier app for: 1
06-12 12:59:22.974  6026  6026 I CarrierVvmPackageInstalledReceiver.onReceive: intent.getAction() android.intent.action.PACKAGE_ADDED packageName :com.example.batterymanager_utility
06-12 12:59:22.977  5301  8000 D TelecomUtils: isAdditionalPrivilegedDialer: com.android.phone
06-12 12:59:22.981  5301  5301 I GameManagerService: PkgInstallationReceiver, onReceive(),  begin, action: android.intent.action.PACKAGE_ADDED
06-12 12:59:22.984  5301 11442 I SamsungAlarmManager: setLocked to kernel - T:2 / 20230612T130531, SetElapsed=251746164, nowELAPSED=251377983
06-12 12:59:22.984  5301  5336 W SearchableInfo: Invalid searchable metadata for com.samsung.android.messaging/com.samsung.android.withtalk.ui.recipientspicker.PickerActivity: Search label must be a resource reference.
06-12 12:59:22.984  5301 11442 D SamsungAlarmManager: setInexact Listener (T:2/F:0/AC:false) 20230612T130934 - CU:1000/CP:5301
06-12 12:59:22.985  5301 11442 D ConnectivityService: filterNetworkStateForUid() uid: 10044 networkInfo: [type: WIFI[] - WIFI, state: CONNECTED/CONNECTED, reason: (unspecified), extra: "DoodleBoodle", failover: false, available: true, roaming: false, metered: false]
06-12 12:59:22.985  9277  9316 I Finsky  : [7667] jmj.a(11): AIM: AppInfoManager-Perf > ItemModel > CacheSize=61, cacheHitCount=0, cacheMissCount=0, total appsWithNoServerDataCount=4. Missed  in cache (limit 10) : []
06-12 12:59:22.987  9277  9316 I Finsky  : [7667] jmj.a(11): AIM: AppInfoManager-Perf > ItemModel > CacheSize=61, cacheHitCount=0, cacheMissCount=0, total appsWithNoServerDataCount=4. Missed  in cache (limit 10) : []
06-12 12:59:22.989  5301  8000 D StorageManagerService: getExternalStorageMountMode : 1
06-12 12:59:22.989  5301 11442 D SamsungAlarmManager: setInexact Listener (T:2/F:0/AC:false) 20230612T125937 - CU:1000/CP:5301
06-12 12:59:22.989  5301 11442 I SamsungAlarmManager: setLocked to kernel - T:2 / 20230612T125937, SetElapsed=251392784, nowELAPSED=251377988
06-12 12:59:22.990  5301  8000 D StorageManagerService: getExternalStorageMountMode : 3
06-12 12:59:22.990  5301  8000 D StorageManagerService: getExternalStorageMountMode : final mountMode=1, uid : 10108, packageName : com.samsung.android.app.watchmanagerstub
06-12 12:59:22.990  5301  8000 I ApplicationPolicy: isApplicationExternalStorageWhitelisted:com.samsung.android.app.watchmanagerstub user:0
06-12 12:59:22.991  5301  8000 D ApplicationPolicy: isApplicationExternalStorageWhitelisted: DO is not enabled on user 0. Allowed.
06-12 12:59:22.991  5301  8000 D ActivityManager: package  com.samsung.android.app.watchmanagerstub, user - 0 is SDcard whitelisted
06-12 12:59:22.991  5301  8000 I ApplicationPolicy: isApplicationExternalStorageBlacklisted:com.samsung.android.app.watchmanagerstub user:0
06-12 12:59:22.991  5301  8000 D ApplicationPolicy: isApplicationExternalStorageBlacklisted: DO is not enabled on user 0. Allowed.
06-12 12:59:22.993  6026  6026 E VvmPkgInstalledRcvr: cannot create TelephonyManager from ComponentInfo{com.android.phone/com.android.services.telephony.TelephonyConnectionService}, [****], UserHandle{0}
06-12 12:59:22.993  9277  9308 I Finsky  : [7661] ish.accept(30): AIM: AppInfoManager-Perf > getApps > data collection finished
06-12 12:59:22.994  9277  9308 I Finsky  : [7661] iyr.run(40): AIM: AppInfoManager-Perf > maybeDestroyAppInfoManager is called. actives = 1
06-12 12:59:22.995  9277  9308 I Finsky  : [7661] ish.accept(30): AIM: AppInfoManager-Perf > getApps > data collection finished
06-12 12:59:22.995  9277  9308 I Finsky  : [7661] iyr.run(40): AIM: AppInfoManager-Perf > maybeDestroyAppInfoManager is called. actives = 0
06-12 12:59:23.000  8099  8099 I zygote64: Deoptimizing void rps.<init>(android.content.Context) due to JIT inline cache
06-12 12:59:23.011 11429 11429 E Zygote  : isWhitelistProcess - Process is Whitelisted
06-12 12:59:23.012 11429 11429 E libpersona: scanKnoxPersonas
06-12 12:59:23.012 11429 11429 E libpersona: Couldn't open the File - /data/system/users/0/personalist.xml - No such file or directory
06-12 12:59:23.013 11429 11429 W SELinux : SELinux selinux_android_compute_policy_index : Policy Index[2],  Con:u:r:zygote:s0 RAM:SEPF_SM-J720F_8.0.0_0002, [-1 -1 -1 -1 0 1]
06-12 12:59:23.014 11429 11429 I SELinux : SELinux: seapp_context_lookup: seinfo=platform, level=s0:c512,c768, pkgname=com.samsung.android.app.watchmanagerstub 
06-12 12:59:23.017  5301  8000 I ActivityManager: Start proc 11429:com.samsung.android.app.watchmanagerstub/u0a108 for broadcast com.samsung.android.app.watchmanagerstub/com.sec.android.applicationmgr.WMStubBroadCastReceiver
06-12 12:59:23.017  6026  6026 E VvmPkgInstalledRcvr: cannot create TelephonyManager from ComponentInfo{com.android.phone/com.android.services.telephony.TelephonyConnectionService}, [****], UserHandle{0}
06-12 12:59:23.018  6026  6026 D ImsResolver: maybeAddedImsService, packageName: com.example.batterymanager_utility
06-12 12:59:23.018 10820 10820 E adbd    : recv: OPEN 000000f1 00000000 0042:73 68 65 6C 6C 2C 76 32 2C 54 45 52 4D 3D 78 74 65 72 6D 2D 32 35 36 63 6F 6C 6F 72 2C 72 61 77 3A 67 65 74 70 72 6F 70 20 72 6F 2E 62 75 69 6C 64 2E 76 65 72 73 69 6F 6E 2E 72 65 6C 65 61 73 65 00 
06-12 12:59:23.019 10820 10820 E adbd    : service_to_fd: shell,v2,TERM=xterm-256color,raw:getprop ro.build.version.release
06-12 12:59:23.019  6026  6026 D CarrierConfigLoader: mHandler: 9 phoneId: 0
06-12 12:59:23.026  9277  9305 I Finsky  : [7659] jwt.aaB(78): [ContentSync] finished, scheduled=true
06-12 12:59:23.027  9277  9324 I Finsky  : [7671] ygj.accept(34): SCH: Scheduling phonesky job Id: 12-1, CT: 1686567562883, Constraints: [{ L: 15000, D: 86400000, C: 1, I: 1, N: 1 }]
06-12 12:59:23.040  5301  5301 W ResourceType: ResTable_typeSpec entry count inconsistent: given 23, previously 37
06-12 12:59:23.041  5301  5301 W ResourceType: ResTable_typeSpec entry count inconsistent: given 810, previously 2108
06-12 12:59:23.041  5301  5301 W ResourceType: ResTable_typeSpec entry count inconsistent: given 1465, previously 1468
06-12 12:59:23.041  5301  5301 W ResourceType: ResTable_typeSpec entry count inconsistent: given 368, previously 2811
06-12 12:59:23.049  9277  9316 I Finsky  : [7667] yiv.apply(44): SCH: Scheduling 0 system job(s)
06-12 12:59:23.051  9277  9316 I Finsky  : [7667] jwt.aaB(78): [ContentSync] finished, scheduled=true
06-12 12:59:23.052  4914 11424 I Auth    : [SupervisedAccountIntentOperation] onHandleIntent(): android.intent.action.PACKAGE_ADDED
06-12 12:59:23.053  5301  5301 V EnterpriseBillingAsyncHandler: packageModificationReceiver - onreceive - start - android.intent.action.PACKAGE_ADDED
06-12 12:59:23.053  5301  5613 V EnterpriseBillingPolicyInternal: packageModification -  start - android.intent.action.PACKAGE_ADDED
06-12 12:59:23.054  5301  5613 V EnterpriseBillingPolicyInternal: uID is 10186
06-12 12:59:23.054  5301  5613 V EnterpriseBillingPolicyInternal: Removed Packageuid is0
06-12 12:59:23.054  5301  5613 V EnterpriseBillingPolicyStorage: getProfileForApplication - enter
06-12 12:59:23.055  5301  5613 V EnterpriseBillingPolicyStorage: getProfileForApplication - exit null : containerId = 0
06-12 12:59:23.055  5301  5613 V EnterpriseBillingPolicyInternal: packageModificationReceiver - onreceive - personal application - profile null
06-12 12:59:23.059  5301  5301 I PersonaManagerService::Proxy: newPackage is com.example.batterymanager_utility
06-12 12:59:23.061  5301  5301 I DefaultDialerCache: Refreshing default dialer for user 0: now com.samsung.android.contacts
06-12 12:59:23.062  5301  5301 D BackupManagerService: Received broadcast Intent { act=android.intent.action.PACKAGE_ADDED dat=package:com.example.batterymanager_utility flg=0x4000010 (has extras) }
06-12 12:59:23.062  5301  5342 V MARsPolicyManager: onPackageStatusChange packageName = com.example.batterymanager_utility, userID = 0
06-12 12:59:23.062  5301  5301 V BackupManagerService: removePackageParticipantsLocked: uid=10186 #1
06-12 12:59:23.071 11429 11429 D TimaKeyStoreProvider: TimaKeyStore is not enabled: cannot add TimaSignature Service and generateKeyPair Service
06-12 12:59:23.071 11429 11429 D ActivityThread: Added TimaKeyStore provider
06-12 12:59:23.085  5301  5301 V BackupManagerService: addPackageParticipantsLocked: #1
06-12 12:59:23.085  5301  5301 V BackupManagerService: Examining com.example.batterymanager_utility for backup agent
06-12 12:59:23.089 10820 10820 E adbd    : recv: OPEN 000000f4 00000000 003e:73 68 65 6C 6C 2C 76 32 2C 54 45 52 4D 3D 78 74 65 72 6D 2D 32 35 36 63 6F 6C 6F 72 2C 72 61 77 3A 67 65 74 70 72 6F 70 20 72 6F 2E 62 75 69 6C 64 2E 76 65 72 73 69 6F 6E 2E 73 64 6B 00 
06-12 12:59:23.089 10820 10820 E adbd    : service_to_fd: shell,v2,TERM=xterm-256color,raw:getprop ro.build.version.sdk
06-12 12:59:23.097  5301  5311 I ActivityManager: DSS on for com.samsung.android.app.watchmanagerstub and scale is 1.0
06-12 12:59:23.141  8099 11428 I Fitness : (REDACTED) FitCleanupIntentOperation received Intent %s
06-12 12:59:23.142 10820 10820 E adbd    : recv: OPEN 000000f7 00000000 00c4:73 68 65 6C 6C 2C 76 32 2C 54 45 52 4D 3D 78 74 65 72 6D 2D 32 35 36 63 6F 6C 6F 72 2C 72 61 77 3A 61 6D 20 73 74 61 72 74 20 2D 6E 20 22 63 6F 6D 2E 65 78 61 6D 70 6C 65 2E 62 61 74 74 65 72 79 6D 61 6E 61 67 65 72 5F 75 74 69 6C 69 74 79 2F 63 6F 6D 2E 65 78 61 6D 70 6C 65 2E 62 61 74 74 65 72 79 6D 61 6E 61 67 65 72 5F 75 74 69 6C 69 74 79 2E 4D 61 69 6E 41 63 74 69 76 69 74 79 22 20 2D 61 20 61 6E 64 72 6F 69 64 2E 69 6E 74 65 6E 74 2E 61 63 74 69 6F 6E 2E 4D 41 49 4E 20 2D 63 20 61 6E 64 72 6F 69 64 2E 69 6E 74 65 6E 74 2E 63 61 74 65 67 6F 72 79 2E 4C 41 55 4E 43 48 45 52 00 
06-12 12:59:23.142 10820 10820 E adbd    : service_to_fd: shell,v2,TERM=xterm-256color,raw:am start -n "com.example.batterymanager_utility/com.example.batterymanager_utility.MainActivity" -a android.intent.action.MAIN -c android.intent.category.LAUNCHER
06-12 12:59:23.145  5301  5301 D UpdateReceiver:: Action: android.intent.action.PACKAGE_REPLACED
06-12 12:59:23.150  5301  5301 D PackageManager: Shame on you for calling the hidden API queryBroadcastReceivers(). Shame!
06-12 12:59:23.150  5301  5301 I GameManagerService: PkgInstallationReceiver, onReceive(),  begin, action: android.intent.action.PACKAGE_REPLACED
06-12 12:59:23.151  5301  5301 V AlarmManagerEXT: com.example.batterymanager_utility(10186) is removed.
06-12 12:59:23.151  5301  5301 D AccessibilityManagerService: checkUniversalSwitchState start:
06-12 12:59:23.151  5301  5301 D AccessibilityManagerService: checkUniversalSwitchState universalSwitchEnabled:false
06-12 12:59:23.151  5301  5301 D AccessibilityManagerService: updateInputFilter universalSwitchState:false
06-12 12:59:23.151  5301  5301 D AccessibilityManagerService: updateInputFilter userState.mIsUniversalSwitchEnabled:false
06-12 12:59:23.152  5301  5301 D KnoxMUMContainerPolicy: packageInstalledForSBAExternalStorage com.example.batterymanager_utility
06-12 12:59:23.169  4914  4914 D BoundBrokerSvc: onBind: Intent { act=com.google.android.gms.common.BIND_SHARED_PREFS pkg=com.google.android.gms }
06-12 12:59:23.169  4914  4914 D BoundBrokerSvc: Loading bound service for intent: Intent { act=com.google.android.gms.common.BIND_SHARED_PREFS pkg=com.google.android.gms }
06-12 12:59:23.175 11429 11429 I zygote64: no shared libraies, dex_files: 1
06-12 12:59:23.184  5301  5336 W ResourceType: ResTable_typeSpec entry count inconsistent: given 3287, previously 8388
06-12 12:59:23.184  5301  5336 W ResourceType: ResTable_typeSpec entry count inconsistent: given 5209, previously 5208
06-12 12:59:23.184  5301  5336 W ResourceType: ResTable_typeSpec entry count inconsistent: given 510, previously 5005
06-12 12:59:23.186  8099 11426 I FontLog : (REDACTED) Package %s has no metadata
06-12 12:59:23.198  5301  5336 W SearchableInfo: Invalid searchable metadata for com.samsung.android.messaging/com.samsung.android.withtalk.ui.recipientspicker.PickerActivity: Search label must be a resource reference.
06-12 12:59:23.200  8099  8252 D BluetoothAdapter: STATE_BLE_ON
06-12 12:59:23.208  4914  4914 D BoundBrokerSvc: onBind: Intent { act=com.google.android.gms.checkin.START pkg=com.google.android.gms }
06-12 12:59:23.208  4914  4914 D BoundBrokerSvc: Loading bound service for intent: Intent { act=com.google.android.gms.checkin.START pkg=com.google.android.gms }
06-12 12:59:23.212  4914  4914 D BoundBrokerSvc: onUnbind: Intent { act=com.google.android.gms.common.BIND_SHARED_PREFS pkg=com.google.android.gms }
06-12 12:59:23.226 11429 11429 D WMStubBroadCastReceiver: onReceive::android.intent.action.PACKAGE_REMOVED
06-12 12:59:23.226 11429 11429 D WMStubBroadCastReceiver: ACTION_PACKAGE_REMOVED : com.example.batterymanager_utility, upgrade : true
06-12 12:59:23.227  5301  5336 I PrintManagerService: onPackageModified com.example.batterymanager_utility
06-12 12:59:23.227  5301  5336 I PrintManagerService:  - hadPrintService false
06-12 12:59:23.227  5301  5336 I PrintManagerService:  - hasPrintService false
06-12 12:59:23.227  5301  5336 I RemotePrintSpooler: [user: 0] bindLocked() 
06-12 12:59:23.232  8099  8252 W ChimeraUtils: Module com.google.android.gms.nearby_en missing resource null(0)
06-12 12:59:23.234  5301  5336 D StorageManagerService: getExternalStorageMountMode : 1
06-12 12:59:23.234  5301  5336 D StorageManagerService: getExternalStorageMountMode : 3
06-12 12:59:23.234  5301  5336 D StorageManagerService: getExternalStorageMountMode : final mountMode=1, uid : 10127, packageName : com.android.printspooler
06-12 12:59:23.235  5301  5336 I ApplicationPolicy: isApplicationExternalStorageWhitelisted:com.android.printspooler user:0
06-12 12:59:23.235  5301  5336 D ApplicationPolicy: isApplicationExternalStorageWhitelisted: DO is not enabled on user 0. Allowed.
06-12 12:59:23.235  5301  5336 D ActivityManager: package  com.android.printspooler, user - 0 is SDcard whitelisted
06-12 12:59:23.235  5301  5336 I ApplicationPolicy: isApplicationExternalStorageBlacklisted:com.android.printspooler user:0
06-12 12:59:23.235  5301  5336 D ApplicationPolicy: isApplicationExternalStorageBlacklisted: DO is not enabled on user 0. Allowed.
06-12 12:59:23.239  4914  7942 I Icing   : Indexing com.google.android.gms-apps from com.google.android.gms
06-12 12:59:23.256  5301  5336 I ActivityManager: Start proc 11465:com.android.printspooler/u0a127 for service com.android.printspooler/.model.PrintSpoolerService
06-12 12:59:23.257  5301  5336 I RemotePrintSpooler: bindLocked waiting. remainingMillis: 8000
06-12 12:59:23.257 11465 11465 E Zygote  : isWhitelistProcess - Process is Whitelisted
06-12 12:59:23.258 11465 11465 E libpersona: scanKnoxPersonas
06-12 12:59:23.258 11465 11465 E libpersona: Couldn't open the File - /data/system/users/0/personalist.xml - No such file or directory
06-12 12:59:23.260  4914  7942 I Icing   : Indexing done com.google.android.gms-apps
06-12 12:59:23.262 11465 11465 W SELinux : SELinux selinux_android_compute_policy_index : Policy Index[2],  Con:u:r:zygote:s0 RAM:SEPF_SM-J720F_8.0.0_0002, [-1 -1 -1 -1 0 1]
