07-06 01:11:05.526  1705  1890 D ActivityManager: handleProcessStartedLocked mDoneFinishBooting && app.pid != 0 ---> notifyProcessStart, app.processName = com.google.android.apps.turbo, app.info = ApplicationInfo{75a9121 com.google.android.apps.turbo}, app.hostingType = broadcast, getHostingName() = ComponentInfo{com.google.android.apps.turbo/com.google.android.apps.turbo.nudges.broadcasts.BatteryStatusChangedReceiver}, getIntentFlag() = 16777236, getIsPackageRunning() = false, app = ProcessRecord{a4e0946 11363:com.google.android.apps.turbo/u0a151}, getExtraData() = Bundle[{BROADCAST_INTENT=Intent { act=android.intent.action.BATTERY_LEVEL_CHANGED flg=0x1000010 (has extras) }, CALLER_PACKAGE=android}]
07-06 01:11:05.535 11252 11348 I BatteryMgr:DataCollectionService: stats => 1688598665535,-429687,4033
07-06 01:11:05.544 11363 11363 E roid.apps.turb: Not starting debugger since process cannot load the jdwp agent.
07-06 01:11:05.550 11252 11348 I BatteryMgr:DataCollectionService: stats => 1688598665550,-429687,4033
07-06 01:11:05.559  1705  2551 D CompatibilityInfo: mCompatibilityFlags - 0
07-06 01:11:05.559  1705  2551 D CompatibilityInfo: applicationDensity - 420
07-06 01:11:05.559  1705  2551 D CompatibilityInfo: applicationScale - 1.0
07-06 01:11:05.562  1705  2551 D CompatibilityInfo: mCompatibilityFlags - 0
07-06 01:11:05.562  1705  2551 D CompatibilityInfo: applicationDensity - 420
07-06 01:11:05.562  1705  2551 D CompatibilityInfo: applicationScale - 1.0
07-06 01:11:05.565 11252 11348 I BatteryMgr:DataCollectionService: stats => 1688598665565,-429687,4033
07-06 01:11:05.577 11252 11348 I BatteryMgr:DataCollectionService: stats => 1688598665577,-429687,4033
07-06 01:11:05.580 11363 11363 I roid.apps.turb: The ClassLoaderContext is a special shared library.
07-06 01:11:05.589 11252 11348 I BatteryMgr:DataCollectionService: stats => 1688598665589,-429687,4033
07-06 01:11:05.602 11252 11348 I BatteryMgr:DataCollectionService: stats => 1688598665602,-429687,4033
07-06 01:11:05.614 11252 11348 I BatteryMgr:DataCollectionService: stats => 1688598665614,-429687,4033
07-06 01:11:05.626 11252 11348 I BatteryMgr:DataCollectionService: stats => 1688598665626,-429687,4033
07-06 01:11:05.630 11363 11363 I Perf    : Connecting to perf service.
07-06 01:11:05.638 11252 11348 I BatteryMgr:DataCollectionService: stats => 1688598665638,-429687,4033
07-06 01:11:05.650 11252 11348 I BatteryMgr:DataCollectionService: stats => 1688598665650,-429687,4033
07-06 01:11:05.662 11252 11348 I BatteryMgr:DataCollectionService: stats => 1688598665662,-429687,4033
07-06 01:11:05.674 11252 11348 I BatteryMgr:DataCollectionService: stats => 1688598665674,-429687,4033
07-06 01:11:05.686 11252 11348 I BatteryMgr:DataCollectionService: stats => 1688598665686,-429687,4033
07-06 01:11:05.699 11252 11348 I BatteryMgr:DataCollectionService: stats => 1688598665698,-429687,4033
07-06 01:11:05.711 11252 11348 I BatteryMgr:DataCollectionService: stats => 1688598665711,-429687,4033
07-06 01:11:05.719   562   562 I hwservicemanager: getTransport: Cannot find entry vendor.qti.hardware.iop@2.0::IIop/default in either framework or device manifest.
07-06 01:11:05.720  1019  8263 E ANDR-IOP: IIop:: Iop HAL Service is not available.
07-06 01:11:05.725 11252 11348 I BatteryMgr:DataCollectionService: stats => 1688598665725,-429687,4033
07-06 01:11:05.726 11363 11390 E Perf    : Fail to get file list com.google.android.apps.turbo
07-06 01:11:05.726 11363 11390 E Perf    : getFolderSize() : Exception_1 = java.lang.NullPointerException: Attempt to get length of null array
07-06 01:11:05.726 11363 11390 E Perf    : Fail to get file list com.google.android.apps.turbo
07-06 01:11:05.726 11363 11390 E Perf    : getFolderSize() : Exception_1 = java.lang.NullPointerException: Attempt to get length of null array
07-06 01:11:05.726 11363 11390 E Perf    : Fail to get file list oat
07-06 01:11:05.727 11363 11390 E Perf    : getFolderSize() : Exception_1 = java.lang.NullPointerException: Attempt to get length of null array
07-06 01:11:05.735   562   562 E SELinux : avc:  denied  { find } for interface=vendor.qti.hardware.servicetracker::IServicetracker sid=u:r:system_server:s0 pid=1705 scontext=u:r:system_server:s0 tcontext=u:object_r:default_android_hwservice:s0 tclass=hwservice_manager permissive=0
07-06 01:11:05.738 11252 11348 I BatteryMgr:DataCollectionService: stats => 1688598665738,-429687,4033
07-06 01:11:05.739   562   562 E SELinux : avc:  denied  { find } for interface=vendor.qti.hardware.servicetracker::IServicetracker sid=u:r:system_server:s0 pid=1705 scontext=u:r:system_server:s0 tcontext=u:object_r:default_android_hwservice:s0 tclass=hwservice_manager permissive=0
07-06 01:11:05.740  1705  2338 D CompatibilityInfo: mCompatibilityFlags - 0
07-06 01:11:05.740  1705  2338 D CompatibilityInfo: applicationDensity - 420
07-06 01:11:05.740  1705  2338 D CompatibilityInfo: applicationScale - 1.0
07-06 01:11:05.742   562   562 E SELinux : avc:  denied  { find } for interface=vendor.qti.hardware.servicetracker::IServicetracker sid=u:r:system_server:s0 pid=1705 scontext=u:r:system_server:s0 tcontext=u:object_r:default_android_hwservice:s0 tclass=hwservice_manager permissive=0
07-06 01:11:05.743  2834  2834 D BoundBrokerSvc: onBind: Intent { act=com.google.android.gms.phenotype.service.START pkg=com.google.android.gms }
07-06 01:11:05.743  2834  2834 D BoundBrokerSvc: Loading bound service for intent: Intent { act=com.google.android.gms.phenotype.service.START pkg=com.google.android.gms }
07-06 01:11:05.751 11252 11348 I BatteryMgr:DataCollectionService: stats => 1688598665751,-429687,4033
07-06 01:11:05.763 11252 11348 I BatteryMgr:DataCollectionService: stats => 1688598665763,-429687,4033
07-06 01:11:05.775 11252 11348 I BatteryMgr:DataCollectionService: stats => 1688598665775,-429687,4033
07-06 01:11:05.787 11252 11348 I BatteryMgr:DataCollectionService: stats => 1688598665787,-429687,4033
07-06 01:11:05.800 11252 11348 I BatteryMgr:DataCollectionService: stats => 1688598665800,-429687,4033
07-06 01:11:05.812 11252 11348 I BatteryMgr:DataCollectionService: stats => 1688598665812,-429687,4033
07-06 01:11:05.817   562   562 E SELinux : avc:  denied  { find } for interface=vendor.qti.hardware.servicetracker::IServicetracker sid=u:r:system_server:s0 pid=1705 scontext=u:r:system_server:s0 tcontext=u:object_r:default_android_hwservice:s0 tclass=hwservice_manager permissive=0
07-06 01:11:05.824 11252 11348 I BatteryMgr:DataCollectionService: stats => 1688598665824,-429687,4033
07-06 01:11:05.837 11252 11348 I BatteryMgr:DataCollectionService: stats => 1688598665837,-429687,4033
07-06 01:11:05.849 11252 11348 I BatteryMgr:DataCollectionService: stats => 1688598665849,-429687,4033
07-06 01:11:05.861 11252 11348 I BatteryMgr:DataCollectionService: stats => 1688598665861,-429687,4033
07-06 01:11:05.873 11252 11348 I BatteryMgr:DataCollectionService: stats => 1688598665873,-429687,4033
07-06 01:11:05.886 11252 11348 I BatteryMgr:DataCollectionService: stats => 1688598665886,-429687,4033
07-06 01:11:05.898 11252 11348 I BatteryMgr:DataCollectionService: stats => 1688598665898,-429687,4033
07-06 01:11:05.910 11252 11348 I BatteryMgr:DataCollectionService: stats => 1688598665910,-429687,4033
07-06 01:11:05.923 11252 11348 I BatteryMgr:DataCollectionService: stats => 1688598665923,-429687,4033
07-06 01:11:05.936 11252 11348 I BatteryMgr:DataCollectionService: stats => 1688598665936,-429687,4033
07-06 01:11:05.948 11252 11348 I BatteryMgr:DataCollectionService: stats => 1688598665948,-429687,4033
07-06 01:11:05.961 11252 11348 I BatteryMgr:DataCollectionService: stats => 1688598665961,-429687,4033
07-06 01:11:05.973 11252 11348 I BatteryMgr:DataCollectionService: stats => 1688598665973,-429687,4033
07-06 01:11:05.985 11252 11348 I BatteryMgr:DataCollectionService: stats => 1688598665985,-429687,4033
07-06 01:11:05.998 11252 11348 I BatteryMgr:DataCollectionService: stats => 1688598665998,-429687,4033
07-06 01:11:06.011 11252 11348 I BatteryMgr:DataCollectionService: stats => 1688598666011,-429687,4033
07-06 01:11:06.023 11252 11348 I BatteryMgr:DataCollectionService: stats => 1688598666023,-429687,4033
07-06 01:11:06.036 11252 11348 I BatteryMgr:DataCollectionService: stats => 1688598666036,-429687,4033
07-06 01:11:06.048 11252 11348 I BatteryMgr:DataCollectionService: stats => 1688598666048,-429687,4033
07-06 01:11:06.061 11252 11348 I BatteryMgr:DataCollectionService: stats => 1688598666061,-429687,4033
07-06 01:11:06.073 11252 11348 I BatteryMgr:DataCollectionService: stats => 1688598666073,-429687,4033
07-06 01:11:06.085 11252 11348 I BatteryMgr:DataCollectionService: stats => 1688598666085,-429687,4033
07-06 01:11:06.098 11252 11348 I BatteryMgr:DataCollectionService: stats => 1688598666098,-429687,4033
07-06 01:11:06.112 11252 11348 I BatteryMgr:DataCollectionService: stats => 1688598666112,-429687,4033
07-06 01:11:06.126 11252 11348 I BatteryMgr:DataCollectionService: stats => 1688598666126,-429687,4033
07-06 01:11:06.140 11252 11348 I BatteryMgr:DataCollectionService: stats => 1688598666140,-429687,4033
07-06 01:11:06.154 11252 11348 I BatteryMgr:DataCollectionService: stats => 1688598666154,-429687,4033
07-06 01:11:06.168 11252 11348 I BatteryMgr:DataCollectionService: stats => 1688598666168,-429687,4033
07-06 01:11:06.181 11252 11348 I BatteryMgr:DataCollectionService: stats => 1688598666181,-429687,4033
07-06 01:11:06.195 11252 11348 I BatteryMgr:DataCollectionService: stats => 1688598666195,-429687,4033
07-06 01:11:06.209 11252 11348 I BatteryMgr:DataCollectionService: stats => 1688598666209,-429687,4033
07-06 01:11:06.223 11252 11348 I BatteryMgr:DataCollectionService: stats => 1688598666223,-429687,4033
07-06 01:11:06.238 11252 11348 I BatteryMgr:DataCollectionService: stats => 1688598666238,-429687,4033
07-06 01:11:06.252 11252 11348 I BatteryMgr:DataCollectionService: stats => 1688598666251,-429687,4033
07-06 01:11:06.266 11252 11348 I BatteryMgr:DataCollectionService: stats => 1688598666265,-429687,4033
07-06 01:11:06.279 11252 11348 I BatteryMgr:DataCollectionService: stats => 1688598666279,-429687,4033
07-06 01:11:06.293 11252 11348 I BatteryMgr:DataCollectionService: stats => 1688598666293,-429687,4033
07-06 01:11:06.307 11252 11348 I BatteryMgr:DataCollectionService: stats => 1688598666307,-429687,4033
07-06 01:11:06.320 11252 11348 I BatteryMgr:DataCollectionService: stats => 1688598666320,-429687,4033
07-06 01:11:06.334 11252 11348 I BatteryMgr:DataCollectionService: stats => 1688598666334,-429687,4033
07-06 01:11:06.349 11252 11348 I BatteryMgr:DataCollectionService: stats => 1688598666349,-429687,4033
07-06 01:11:06.363 11252 11348 I BatteryMgr:DataCollectionService: stats => 1688598666363,-429687,4033
07-06 01:11:06.378 11252 11348 I BatteryMgr:DataCollectionService: stats => 1688598666377,-429687,4033
07-06 01:11:06.391 11252 11348 I BatteryMgr:DataCollectionService: stats => 1688598666391,-429687,4033
07-06 01:11:06.406 11252 11348 I BatteryMgr:DataCollectionService: stats => 1688598666406,-429687,4033
07-06 01:11:06.420 11252 11348 I BatteryMgr:DataCollectionService: stats => 1688598666420,-429687,4033
07-06 01:11:06.434 11252 11348 I BatteryMgr:DataCollectionService: stats => 1688598666434,-429687,4033
07-06 01:11:06.448 11252 11348 I BatteryMgr:DataCollectionService: stats => 1688598666448,-429687,4033
07-06 01:11:06.462 11252 11348 I BatteryMgr:DataCollectionService: stats => 1688598666462,-429687,4033
07-06 01:11:06.477 11252 11348 I BatteryMgr:DataCollectionService: stats => 1688598666477,-429687,4033
07-06 01:11:06.491 11252 11348 I BatteryMgr:DataCollectionService: stats => 1688598666491,-429687,4033
07-06 01:11:06.505 11252 11348 I BatteryMgr:DataCollectionService: stats => 1688598666505,-429687,4033
07-06 01:11:06.519 11252 11348 I BatteryMgr:DataCollectionService: stats => 1688598666519,-429687,4033
07-06 01:11:06.532 11252 11348 I BatteryMgr:DataCollectionService: stats => 1688598666532,-429687,4033
07-06 01:11:06.548 11252 11348 I BatteryMgr:DataCollectionService: stats => 1688598666548,-429687,4033
07-06 01:11:06.562 11252 11348 I BatteryMgr:DataCollectionService: stats => 1688598666562,-429687,4033
07-06 01:11:06.576 11252 11348 I BatteryMgr:DataCollectionService: stats => 1688598666576,-429687,4033
07-06 01:11:06.590 11252 11348 I BatteryMgr:DataCollectionService: stats => 1688598666590,-429687,4033
07-06 01:11:06.604 11252 11348 I BatteryMgr:DataCollectionService: stats => 1688598666604,-429687,4033
07-06 01:11:06.619 11252 11348 I BatteryMgr:DataCollectionService: stats => 1688598666619,-429687,4033
07-06 01:11:06.633 11252 11348 I BatteryMgr:DataCollectionService: stats => 1688598666633,-429687,4033
07-06 01:11:06.648 11252 11348 I BatteryMgr:DataCollectionService: stats => 1688598666648,-429687,4033
07-06 01:11:06.662 11252 11348 I BatteryMgr:DataCollectionService: stats => 1688598666662,-429687,4033
07-06 01:11:06.676 11252 11348 I BatteryMgr:DataCollectionService: stats => 1688598666675,-429687,4033
07-06 01:11:06.690 11252 11348 I BatteryMgr:DataCollectionService: stats => 1688598666690,-429687,4033
07-06 01:11:06.704 11252 11348 I BatteryMgr:DataCollectionService: stats => 1688598666704,-429687,4033
07-06 01:11:06.719 11252 11348 I BatteryMgr:DataCollectionService: stats => 1688598666719,-429687,4033
07-06 01:11:06.732 11252 11348 I BatteryMgr:DataCollectionService: stats => 1688598666732,-429687,4033
07-06 01:11:06.748 11252 11348 I BatteryMgr:DataCollectionService: stats => 1688598666748,-429687,4033
07-06 01:11:06.762 11252 11348 I BatteryMgr:DataCollectionService: stats => 1688598666762,-429687,4033
07-06 01:11:06.776 11252 11348 I BatteryMgr:DataCollectionService: stats => 1688598666776,-429687,4033
07-06 01:11:06.791 11252 11348 I BatteryMgr:DataCollectionService: stats => 1688598666791,-429687,4033
07-06 01:11:06.806 11252 11348 I BatteryMgr:DataCollectionService: stats => 1688598666805,-429687,4033
07-06 01:11:06.819 11252 11348 I BatteryMgr:DataCollectionService: stats => 1688598666819,-429687,4033
07-06 01:11:06.834 11252 11348 I BatteryMgr:DataCollectionService: stats => 1688598666834,-429687,4033
07-06 01:11:06.849 11252 11348 I BatteryMgr:DataCollectionService: stats => 1688598666849,-429687,4033
07-06 01:11:06.863 11252 11348 I BatteryMgr:DataCollectionService: stats => 1688598666862,-427734,4033
07-06 01:11:06.878 11252 11348 I BatteryMgr:DataCollectionService: stats => 1688598666878,-427734,4033
07-06 01:11:06.892 11252 11348 I BatteryMgr:DataCollectionService: stats => 1688598666892,-427734,4033
07-06 01:11:06.907 11252 11348 I BatteryMgr:DataCollectionService: stats => 1688598666907,-427734,4033
07-06 01:11:06.921 11252 11348 I BatteryMgr:DataCollectionService: stats => 1688598666921,-427734,4033
07-06 01:11:06.936 11252 11348 I BatteryMgr:DataCollectionService: stats => 1688598666936,-427734,4033
07-06 01:11:06.950 11252 11348 I BatteryMgr:DataCollectionService: stats => 1688598666950,-427734,4033
07-06 01:11:06.963 11252 11348 I BatteryMgr:DataCollectionService: stats => 1688598666963,-427734,4033
07-06 01:11:06.978 11252 11348 I BatteryMgr:DataCollectionService: stats => 1688598666978,-427734,4033
07-06 01:11:06.992 11252 11348 I BatteryMgr:DataCollectionService: stats => 1688598666992,-427734,4033
07-06 01:11:07.008 11252 11348 I BatteryMgr:DataCollectionService: stats => 1688598667008,-427734,4033
07-06 01:11:07.022 11252 11348 I BatteryMgr:DataCollectionService: stats => 1688598667022,-427734,4033
07-06 01:11:07.038 11252 11348 I BatteryMgr:DataCollectionService: stats => 1688598667038,-427734,4033
07-06 01:11:07.052 11252 11348 I BatteryMgr:DataCollectionService: stats => 1688598667052,-427734,4033
07-06 01:11:07.067 11252 11348 I BatteryMgr:DataCollectionService: stats => 1688598667067,-427734,4033
07-06 01:11:07.082 11252 11348 I BatteryMgr:DataCollectionService: stats => 1688598667082,-427734,4033
07-06 01:11:07.097 11252 11348 I BatteryMgr:DataCollectionService: stats => 1688598667097,-427734,4033
07-06 01:11:07.111 11252 11348 I BatteryMgr:DataCollectionService: stats => 1688598667111,-427734,4033
07-06 01:11:07.126 11252 11348 I BatteryMgr:DataCollectionService: stats => 1688598667126,-427734,4033
07-06 01:11:07.140 11252 11348 I BatteryMgr:DataCollectionService: stats => 1688598667140,-427734,4033
07-06 01:11:07.154 11252 11348 I BatteryMgr:DataCollectionService: stats => 1688598667154,-427734,4033
07-06 01:11:07.169 11252 11348 I BatteryMgr:DataCollectionService: stats => 1688598667169,-427734,4033
07-06 01:11:07.183 11252 11348 I BatteryMgr:DataCollectionService: stats => 1688598667183,-427734,4033
07-06 01:11:07.199 11252 11348 I BatteryMgr:DataCollectionService: stats => 1688598667199,-427734,4033
07-06 01:11:07.214 11252 11348 I BatteryMgr:DataCollectionService: stats => 1688598667214,-427734,4033
07-06 01:11:07.229 11252 11348 I BatteryMgr:DataCollectionService: stats => 1688598667229,-427734,4033
07-06 01:11:07.243 11252 11348 I BatteryMgr:DataCollectionService: stats => 1688598667243,-427734,4033
07-06 01:11:07.257 11252 11348 I BatteryMgr:DataCollectionService: stats => 1688598667257,-427734,4033
07-06 01:11:07.271 11252 11348 I BatteryMgr:DataCollectionService: stats => 1688598667271,-427734,4033
07-06 01:11:07.285 11252 11348 I BatteryMgr:DataCollectionService: stats => 1688598667285,-427734,4033
07-06 01:11:07.299 11252 11348 I BatteryMgr:DataCollectionService: stats => 1688598667299,-427734,4033
07-06 01:11:07.313 11252 11348 I BatteryMgr:DataCollectionService: stats => 1688598667313,-427734,4033
07-06 01:11:07.328 11252 11348 I BatteryMgr:DataCollectionService: stats => 1688598667328,-427734,4033
07-06 01:11:07.342 11252 11348 I BatteryMgr:DataCollectionService: stats => 1688598667342,-427734,4033
07-06 01:11:07.360 11252 11348 I BatteryMgr:DataCollectionService: stats => 1688598667360,-427734,4033
07-06 01:11:07.375 11252 11348 I BatteryMgr:DataCollectionService: stats => 1688598667375,-427734,4033
07-06 01:11:07.390 11252 11348 I BatteryMgr:DataCollectionService: stats => 1688598667390,-427734,4033
07-06 01:11:07.404 11252 11348 I BatteryMgr:DataCollectionService: stats => 1688598667404,-427734,4033
07-06 01:11:07.418 11252 11348 I BatteryMgr:DataCollectionService: stats => 1688598667418,-427734,4033
07-06 01:11:07.432 11252 11348 I BatteryMgr:DataCollectionService: stats => 1688598667432,-427734,4033
07-06 01:11:07.448 11252 11348 I BatteryMgr:DataCollectionService: stats => 1688598667448,-427734,4033
07-06 01:11:07.462 11252 11348 I BatteryMgr:DataCollectionService: stats => 1688598667462,-427734,4033
07-06 01:11:07.476 11252 11348 I BatteryMgr:DataCollectionService: stats => 1688598667476,-427734,4033
07-06 01:11:07.490 11252 11348 I BatteryMgr:DataCollectionService: stats => 1688598667490,-427734,4033
07-06 01:11:07.504 11252 11348 I BatteryMgr:DataCollectionService: stats => 1688598667504,-427734,4033
07-06 01:11:07.519 11252 11348 I BatteryMgr:DataCollectionService: stats => 1688598667519,-427734,4033
07-06 01:11:07.533 11252 11348 I BatteryMgr:DataCollectionService: stats => 1688598667533,-427734,4033
07-06 01:11:07.549 11252 11348 I BatteryMgr:DataCollectionService: stats => 1688598667549,-427734,4033
07-06 01:11:07.563 11252 11348 I BatteryMgr:DataCollectionService: stats => 1688598667562,-427734,4033
07-06 01:11:07.577 11252 11348 I BatteryMgr:DataCollectionService: stats => 1688598667577,-427734,4033
07-06 01:11:07.591 11252 11348 I BatteryMgr:DataCollectionService: stats => 1688598667591,-427734,4033
07-06 01:11:07.603 11252 11348 I BatteryMgr:DataCollectionService: stats => 1688598667603,-427734,4033
07-06 01:11:07.615 11252 11348 I BatteryMgr:DataCollectionService: stats => 1688598667615,-427734,4033
07-06 01:11:07.628 11252 11348 I BatteryMgr:DataCollectionService: stats => 1688598667628,-427734,4033
07-06 01:11:07.648 11252 11348 I BatteryMgr:DataCollectionService: stats => 1688598667648,-427734,4033
07-06 01:11:07.660 11252 11348 I BatteryMgr:DataCollectionService: stats => 1688598667660,-427734,4033
07-06 01:11:07.673 11252 11348 I BatteryMgr:DataCollectionService: stats => 1688598667673,-427734,4033
07-06 01:11:07.687 11252 11348 I BatteryMgr:DataCollectionService: stats => 1688598667687,-427734,4033
07-06 01:11:07.700 11252 11348 I BatteryMgr:DataCollectionService: stats => 1688598667700,-427734,4033
07-06 01:11:07.713 11252 11348 I BatteryMgr:DataCollectionService: stats => 1688598667713,-427734,4033
07-06 01:11:07.728 11252 11348 I BatteryMgr:DataCollectionService: stats => 1688598667728,-427734,4033
07-06 01:11:07.742 11252 11348 I BatteryMgr:DataCollectionService: stats => 1688598667742,-427734,4033
07-06 01:11:07.756 11252 11348 I BatteryMgr:DataCollectionService: stats => 1688598667756,-427734,4033
07-06 01:11:07.770 11252 11348 I BatteryMgr:DataCollectionService: stats => 1688598667770,-427734,4033
07-06 01:11:07.783 11252 11348 I BatteryMgr:DataCollectionService: stats => 1688598667783,-427734,4033
07-06 01:11:07.798 11252 11348 I BatteryMgr:DataCollectionService: stats => 1688598667798,-427734,4033
07-06 01:11:07.812 11252 11348 I BatteryMgr:DataCollectionService: stats => 1688598667812,-427734,4033
07-06 01:11:07.826 11252 11348 I BatteryMgr:DataCollectionService: stats => 1688598667826,-427734,4033
07-06 01:11:07.840 11252 11348 I BatteryMgr:DataCollectionService: stats => 1688598667839,-427734,4033
07-06 01:11:07.853 11252 11348 I BatteryMgr:DataCollectionService: stats => 1688598667853,-427734,4033
07-06 01:11:07.868 11252 11348 I BatteryMgr:DataCollectionService: stats => 1688598667868,-427734,4033
07-06 01:11:07.881 11252 11348 I BatteryMgr:DataCollectionService: stats => 1688598667881,-427734,4033
07-06 01:11:07.896 11252 11348 I BatteryMgr:DataCollectionService: stats => 1688598667895,-427734,4033
07-06 01:11:07.910 11252 11348 I BatteryMgr:DataCollectionService: stats => 1688598667910,-427734,4033
07-06 01:11:07.923 11252 11348 I BatteryMgr:DataCollectionService: stats => 1688598667923,-427734,4033
07-06 01:11:07.937 11252 11348 I BatteryMgr:DataCollectionService: stats => 1688598667937,-427734,4033
07-06 01:11:07.951 11252 11348 I BatteryMgr:DataCollectionService: stats => 1688598667951,-427734,4033
07-06 01:11:07.965 11252 11348 I BatteryMgr:DataCollectionService: stats => 1688598667965,-427734,4033
07-06 01:11:07.979 11252 11348 I BatteryMgr:DataCollectionService: stats => 1688598667979,-427734,4033
07-06 01:11:07.992 11252 11348 I BatteryMgr:DataCollectionService: stats => 1688598667992,-427734,4033
07-06 01:11:08.007 11252 11348 I BatteryMgr:DataCollectionService: stats => 1688598668007,-427734,4033
07-06 01:11:08.021 11252 11348 I BatteryMgr:DataCollectionService: stats => 1688598668021,-427734,4033
07-06 01:11:08.035 11252 11348 I BatteryMgr:DataCollectionService: stats => 1688598668035,-427734,4033
07-06 01:11:08.050 11252 11348 I BatteryMgr:DataCollectionService: stats => 1688598668050,-427734,4033
07-06 01:11:08.064 11252 11348 I BatteryMgr:DataCollectionService: stats => 1688598668064,-427734,4033
07-06 01:11:08.078 11252 11348 I BatteryMgr:DataCollectionService: stats => 1688598668078,-427734,4033
07-06 01:11:08.092 11252 11348 I BatteryMgr:DataCollectionService: stats => 1688598668092,-427734,4033
07-06 01:11:08.107 11252 11348 I BatteryMgr:DataCollectionService: stats => 1688598668107,-427734,4033
07-06 01:11:08.120 11252 11348 I BatteryMgr:DataCollectionService: stats => 1688598668120,-427734,4033
07-06 01:11:08.134 11252 11348 I BatteryMgr:DataCollectionService: stats => 1688598668134,-427734,4033
07-06 01:11:08.149 11252 11348 I BatteryMgr:DataCollectionService: stats => 1688598668149,-427734,4033
07-06 01:11:08.162 11252 11348 I BatteryMgr:DataCollectionService: stats => 1688598668162,-427734,4033
07-06 01:11:08.177 11252 11348 I BatteryMgr:DataCollectionService: stats => 1688598668177,-427734,4033
07-06 01:11:08.190 11252 11348 I BatteryMgr:DataCollectionService: stats => 1688598668190,-427734,4033
07-06 01:11:08.204 11252 11348 I BatteryMgr:DataCollectionService: stats => 1688598668204,-427734,4033
07-06 01:11:08.218 11252 11348 I BatteryMgr:DataCollectionService: stats => 1688598668218,-427734,4033
07-06 01:11:08.232 11252 11348 I BatteryMgr:DataCollectionService: stats => 1688598668232,-427734,4033
07-06 01:11:08.248 11252 11348 I BatteryMgr:DataCollectionService: stats => 1688598668248,-427734,4033
07-06 01:11:08.262 11252 11348 I BatteryMgr:DataCollectionService: stats => 1688598668262,-427734,4033
07-06 01:11:08.276 11252 11348 I BatteryMgr:DataCollectionService: stats => 1688598668276,-427734,4033
07-06 01:11:08.290 11252 11348 I BatteryMgr:DataCollectionService: stats => 1688598668290,-427734,4033
07-06 01:11:08.304 11252 11348 I BatteryMgr:DataCollectionService: stats => 1688598668304,-427734,4033
07-06 01:11:08.319 11252 11348 I BatteryMgr:DataCollectionService: stats => 1688598668319,-427734,4033
07-06 01:11:08.333 11252 11348 I BatteryMgr:DataCollectionService: stats => 1688598668333,-488281,4033
07-06 01:11:08.348 11252 11348 I BatteryMgr:DataCollectionService: stats => 1688598668348,-488281,4033
07-06 01:11:08.362 11252 11348 I BatteryMgr:DataCollectionService: stats => 1688598668362,-488281,4033
07-06 01:11:08.377 11252 11348 I BatteryMgr:DataCollectionService: stats => 1688598668377,-488281,4033
07-06 01:11:08.391 11252 11348 I BatteryMgr:DataCollectionService: stats => 1688598668391,-488281,4033
07-06 01:11:08.405 11252 11348 I BatteryMgr:DataCollectionService: stats => 1688598668404,-488281,4033
07-06 01:11:08.420 11252 11348 I BatteryMgr:DataCollectionService: stats => 1688598668420,-488281,4033
07-06 01:11:08.434 11252 11348 I BatteryMgr:DataCollectionService: stats => 1688598668434,-488281,4033
07-06 01:11:08.449 11252 11348 I BatteryMgr:DataCollectionService: stats => 1688598668449,-488281,4033
07-06 01:11:08.463 11252 11348 I BatteryMgr:DataCollectionService: stats => 1688598668463,-488281,4033
07-06 01:11:08.478 11252 11348 I BatteryMgr:DataCollectionService: stats => 1688598668478,-488281,4033
07-06 01:11:08.493 11252 11348 I BatteryMgr:DataCollectionService: stats => 1688598668492,-488281,4033
07-06 01:11:08.508 11252 11348 I BatteryMgr:DataCollectionService: stats => 1688598668508,-488281,4033
07-06 01:11:08.522 11252 11348 I BatteryMgr:DataCollectionService: stats => 1688598668522,-488281,4033
07-06 01:11:08.537 11252 11348 I BatteryMgr:DataCollectionService: stats => 1688598668537,-488281,4033
07-06 01:11:08.550 11252 11348 I BatteryMgr:DataCollectionService: stats => 1688598668550,-488281,4033
07-06 01:11:08.565 11252 11348 I BatteryMgr:DataCollectionService: stats => 1688598668564,-488281,4033
07-06 01:11:08.579 11252 11348 I BatteryMgr:DataCollectionService: stats => 1688598668579,-488281,4033
07-06 01:11:08.593 11252 11348 I BatteryMgr:DataCollectionService: stats => 1688598668593,-488281,4033
07-06 01:11:08.607 11252 11348 I BatteryMgr:DataCollectionService: stats => 1688598668607,-488281,4033
07-06 01:11:08.626 11252 11348 I BatteryMgr:DataCollectionService: stats => 1688598668626,-488281,4033
07-06 01:11:08.640 11252 11348 I BatteryMgr:DataCollectionService: stats => 1688598668640,-488281,4033
07-06 01:11:08.653 11252 11348 I BatteryMgr:DataCollectionService: stats => 1688598668653,-488281,4033
07-06 01:11:08.668 11252 11348 I BatteryMgr:DataCollectionService: stats => 1688598668668,-488281,4033
07-06 01:11:08.682 11252 11348 I BatteryMgr:DataCollectionService: stats => 1688598668682,-488281,4033
07-06 01:11:08.696 11252 11348 I BatteryMgr:DataCollectionService: stats => 1688598668696,-488281,4033
07-06 01:11:08.710 11252 11348 I BatteryMgr:DataCollectionService: stats => 1688598668710,-488281,4033
07-06 01:11:08.724 11252 11348 I BatteryMgr:DataCollectionService: stats => 1688598668724,-488281,4033
07-06 01:11:08.739 11252 11348 I BatteryMgr:DataCollectionService: stats => 1688598668739,-488281,4033
07-06 01:11:08.753 11252 11348 I BatteryMgr:DataCollectionService: stats => 1688598668753,-488281,4033
07-06 01:11:08.770 11252 11348 I BatteryMgr:DataCollectionService: stats => 1688598668770,-488281,4033
07-06 01:11:08.784 11252 11348 I BatteryMgr:DataCollectionService: stats => 1688598668784,-488281,4033
07-06 01:11:08.800 11252 11348 I BatteryMgr:DataCollectionService: stats => 1688598668800,-488281,4033
07-06 01:11:08.814 11252 11348 I BatteryMgr:DataCollectionService: stats => 1688598668814,-488281,4033
07-06 01:11:08.828 11252 11348 I BatteryMgr:DataCollectionService: stats => 1688598668828,-488281,4033
07-06 01:11:08.842 11252 11348 I BatteryMgr:DataCollectionService: stats => 1688598668842,-488281,4033
07-06 01:11:08.856 11252 11348 I BatteryMgr:DataCollectionService: stats => 1688598668856,-488281,4033
07-06 01:11:08.870 11252 11348 I BatteryMgr:DataCollectionService: stats => 1688598668870,-488281,4033
07-06 01:11:08.884 11252 11348 I BatteryMgr:DataCollectionService: stats => 1688598668884,-488281,4033
07-06 01:11:08.900 11252 11348 I BatteryMgr:DataCollectionService: stats => 1688598668900,-488281,4033
07-06 01:11:08.914 11252 11348 I BatteryMgr:DataCollectionService: stats => 1688598668914,-488281,4033
07-06 01:11:08.929 11252 11348 I BatteryMgr:DataCollectionService: stats => 1688598668929,-488281,4033
07-06 01:11:08.943 11252 11348 I BatteryMgr:DataCollectionService: stats => 1688598668943,-488281,4033
07-06 01:11:08.958 11252 11348 I BatteryMgr:DataCollectionService: stats => 1688598668958,-488281,4033
07-06 01:11:08.972 11252 11348 I BatteryMgr:DataCollectionService: stats => 1688598668972,-488281,4033
07-06 01:11:08.987 11252 11348 I BatteryMgr:DataCollectionService: stats => 1688598668987,-488281,4033
07-06 01:11:09.001 11252 11348 I BatteryMgr:DataCollectionService: stats => 1688598669001,-488281,4033
07-06 01:11:09.015 11252 11348 I BatteryMgr:DataCollectionService: stats => 1688598669015,-488281,4033
07-06 01:11:09.030 11252 11348 I BatteryMgr:DataCollectionService: stats => 1688598669029,-488281,4033
07-06 01:11:09.043 11252 11348 I BatteryMgr:DataCollectionService: stats => 1688598669043,-488281,4033
07-06 01:11:09.058 11252 11348 I BatteryMgr:DataCollectionService: stats => 1688598669058,-488281,4033
07-06 01:11:09.072 11252 11348 I BatteryMgr:DataCollectionService: stats => 1688598669072,-488281,4033
07-06 01:11:09.087 11252 11348 I BatteryMgr:DataCollectionService: stats => 1688598669087,-488281,4033
07-06 01:11:09.101 11252 11348 I BatteryMgr:DataCollectionService: stats => 1688598669101,-488281,4033
07-06 01:11:09.115 11252 11348 I BatteryMgr:DataCollectionService: stats => 1688598669115,-488281,4033
07-06 01:11:09.128 11252 11348 I BatteryMgr:DataCollectionService: stats => 1688598669128,-488281,4033
07-06 01:11:09.141 11252 11348 I BatteryMgr:DataCollectionService: stats => 1688598669141,-488281,4033
07-06 01:11:09.154 11252 11348 I BatteryMgr:DataCollectionService: stats => 1688598669154,-488281,4033
07-06 01:11:09.168 11252 11348 I BatteryMgr:DataCollectionService: stats => 1688598669168,-488281,4033
07-06 01:11:09.182 11252 11348 I BatteryMgr:DataCollectionService: stats => 1688598669182,-488281,4033
07-06 01:11:09.198 11252 11348 I BatteryMgr:DataCollectionService: stats => 1688598669198,-488281,4033
07-06 01:11:09.212 11252 11348 I BatteryMgr:DataCollectionService: stats => 1688598669212,-488281,4033
07-06 01:11:09.228 11252 11348 I BatteryMgr:DataCollectionService: stats => 1688598669228,-488281,4033
07-06 01:11:09.242 11252 11348 I BatteryMgr:DataCollectionService: stats => 1688598669242,-488281,4033
07-06 01:11:09.257 11252 11348 I BatteryMgr:DataCollectionService: stats => 1688598669257,-488281,4033
07-06 01:11:09.270 11252 11348 I BatteryMgr:DataCollectionService: stats => 1688598669270,-488281,4033
07-06 01:11:09.283 11252 11348 I BatteryMgr:DataCollectionService: stats => 1688598669283,-488281,4033
07-06 01:11:09.296 11252 11348 I BatteryMgr:DataCollectionService: stats => 1688598669296,-488281,4033
07-06 01:11:09.309 11252 11348 I BatteryMgr:DataCollectionService: stats => 1688598669309,-488281,4033
07-06 01:11:09.322 11252 11348 I BatteryMgr:DataCollectionService: stats => 1688598669322,-488281,4033
07-06 01:11:09.335 11252 11348 I BatteryMgr:DataCollectionService: stats => 1688598669335,-488281,4033
07-06 01:11:09.347 11252 11348 I BatteryMgr:DataCollectionService: stats => 1688598669347,-488281,4033
07-06 01:11:09.360 11252 11348 I BatteryMgr:DataCollectionService: stats => 1688598669360,-488281,4033
07-06 01:11:09.372 11252 11348 I BatteryMgr:DataCollectionService: stats => 1688598669372,-488281,4033
07-06 01:11:09.385 11252 11348 I BatteryMgr:DataCollectionService: stats => 1688598669385,-488281,4033
07-06 01:11:09.397 11252 11348 I BatteryMgr:DataCollectionService: stats => 1688598669397,-488281,4033
07-06 01:11:09.410 11252 11348 I BatteryMgr:DataCollectionService: stats => 1688598669410,-488281,4033
07-06 01:11:09.422 11252 11348 I BatteryMgr:DataCollectionService: stats => 1688598669422,-488281,4033
07-06 01:11:09.434 11252 11348 I BatteryMgr:DataCollectionService: stats => 1688598669434,-488281,4033
07-06 01:11:09.448 11252 11348 I BatteryMgr:DataCollectionService: stats => 1688598669448,-488281,4033
07-06 01:11:09.460 11252 11348 I BatteryMgr:DataCollectionService: stats => 1688598669460,-488281,4033
07-06 01:11:09.473 11252 11348 I BatteryMgr:DataCollectionService: stats => 1688598669473,-488281,4033
07-06 01:11:09.486 11252 11348 I BatteryMgr:DataCollectionService: stats => 1688598669486,-488281,4033
07-06 01:11:09.499 11252 11348 I BatteryMgr:DataCollectionService: stats => 1688598669499,-488281,4033
07-06 01:11:09.511 11252 11348 I BatteryMgr:DataCollectionService: stats => 1688598669511,-488281,4033
07-06 01:11:09.525 11252 11348 I BatteryMgr:DataCollectionService: stats => 1688598669525,-488281,4033
07-06 01:11:09.537 11252 11348 I BatteryMgr:DataCollectionService: stats => 1688598669537,-488281,4033
07-06 01:11:09.550 11252 11348 I BatteryMgr:DataCollectionService: stats => 1688598669550,-488281,4033
07-06 01:11:09.563 11252 11348 I BatteryMgr:DataCollectionService: stats => 1688598669562,-488281,4033
07-06 01:11:09.575 11252 11348 I BatteryMgr:DataCollectionService: stats => 1688598669575,-488281,4033
07-06 01:11:09.588 11252 11348 I BatteryMgr:DataCollectionService: stats => 1688598669588,-488281,4033
07-06 01:11:09.600 11252 11348 I BatteryMgr:DataCollectionService: stats => 1688598669600,-488281,4033
07-06 01:11:09.613 11252 11348 I BatteryMgr:DataCollectionService: stats => 1688598669613,-488281,4033
07-06 01:11:09.626 11252 11348 I BatteryMgr:DataCollectionService: stats => 1688598669626,-488281,4033
07-06 01:11:09.638 11252 11348 I BatteryMgr:DataCollectionService: stats => 1688598669638,-488281,4033
07-06 01:11:09.651 11252 11348 I BatteryMgr:DataCollectionService: stats => 1688598669651,-488281,4033
07-06 01:11:09.663 11252 11348 I BatteryMgr:DataCollectionService: stats => 1688598669663,-488281,4033
07-06 01:11:09.676 11252 11348 I BatteryMgr:DataCollectionService: stats => 1688598669676,-488281,4033
07-06 01:11:09.689 11252 11348 I BatteryMgr:DataCollectionService: stats => 1688598669689,-488281,4033
07-06 01:11:09.701 11252 11348 I BatteryMgr:DataCollectionService: stats => 1688598669701,-488281,4033
07-06 01:11:09.714 11252 11348 I BatteryMgr:DataCollectionService: stats => 1688598669714,-488281,4033
07-06 01:11:09.727 11252 11348 I BatteryMgr:DataCollectionService: stats => 1688598669727,-488281,4033
07-06 01:11:09.739 11252 11348 I BatteryMgr:DataCollectionService: stats => 1688598669739,-488281,4033
07-06 01:11:09.752 11252 11348 I BatteryMgr:DataCollectionService: stats => 1688598669752,-488281,4033
07-06 01:11:09.764 11252 11348 I BatteryMgr:DataCollectionService: stats => 1688598669764,-488281,4033
07-06 01:11:09.777 11252 11348 I BatteryMgr:DataCollectionService: stats => 1688598669777,-488281,4033
07-06 01:11:09.790 11252 11348 I BatteryMgr:DataCollectionService: stats => 1688598669790,-488281,4033
07-06 01:11:09.803 11252 11348 I BatteryMgr:DataCollectionService: stats => 1688598669803,-494140,4033
07-06 01:11:09.816 11252 11348 I BatteryMgr:DataCollectionService: stats => 1688598669816,-494140,4033
07-06 01:11:09.828 11252 11348 I BatteryMgr:DataCollectionService: stats => 1688598669828,-494140,4033
07-06 01:11:09.841 11252 11348 I BatteryMgr:DataCollectionService: stats => 1688598669841,-494140,4033
07-06 01:11:09.854 11252 11348 I BatteryMgr:DataCollectionService: stats => 1688598669854,-494140,4033
07-06 01:11:09.867 11252 11348 I BatteryMgr:DataCollectionService: stats => 1688598669867,-494140,4033
07-06 01:11:09.879 11252 11348 I BatteryMgr:DataCollectionService: stats => 1688598669879,-494140,4033
07-06 01:11:09.892 11252 11348 I BatteryMgr:DataCollectionService: stats => 1688598669892,-494140,4033
07-06 01:11:09.905 11252 11348 I BatteryMgr:DataCollectionService: stats => 1688598669904,-494140,4033
07-06 01:11:09.918 11252 11348 I BatteryMgr:DataCollectionService: stats => 1688598669918,-494140,4033
07-06 01:11:09.931 11252 11348 I BatteryMgr:DataCollectionService: stats => 1688598669931,-494140,4033
07-06 01:11:09.943 11252 11348 I BatteryMgr:DataCollectionService: stats => 1688598669943,-494140,4033
07-06 01:11:09.956 11252 11348 I BatteryMgr:DataCollectionService: stats => 1688598669956,-494140,4033
07-06 01:11:09.969 11252 11348 I BatteryMgr:DataCollectionService: stats => 1688598669969,-494140,4033
07-06 01:11:09.981 11252 11348 I BatteryMgr:DataCollectionService: stats => 1688598669981,-494140,4033
07-06 01:11:09.994 11252 11348 I BatteryMgr:DataCollectionService: stats => 1688598669994,-494140,4033
07-06 01:11:10.007 11252 11348 I BatteryMgr:DataCollectionService: stats => 1688598670007,-494140,4033
07-06 01:11:10.020 11252 11348 I BatteryMgr:DataCollectionService: stats => 1688598670020,-494140,4033
07-06 01:11:10.033 11252 11348 I BatteryMgr:DataCollectionService: stats => 1688598670033,-494140,4033
07-06 01:11:10.043  1705  1895 E BatteryExternalStatsWorker: no controller energy info supplied for bluetooth
07-06 01:11:10.047 11252 11348 I BatteryMgr:DataCollectionService: stats => 1688598670047,-494140,4033
07-06 01:11:10.060 11252 11348 I BatteryMgr:DataCollectionService: stats => 1688598670060,-494140,4033
07-06 01:11:10.072 11252 11348 I BatteryMgr:DataCollectionService: stats => 1688598670072,-494140,4033
07-06 01:11:10.077   685  2225 I netd    : tetherGetStats() <2.86ms>
07-06 01:11:10.085 11252 11348 I BatteryMgr:DataCollectionService: stats => 1688598670085,-494140,4033
07-06 01:11:10.098 11252 11348 I BatteryMgr:DataCollectionService: stats => 1688598670098,-494140,4033
07-06 01:11:10.102  3311  3311 D DataBatteryUsageRecord: type: WIFI mIsCharging: false diffBytes: 1150100 lastBytes: 97544265 currentBytes: 98694365
07-06 01:11:10.103  3311  3311 D DataBatteryUsageRecord: type: MOBILE mIsCharging: false diffBytes: 0 lastBytes: 0 currentBytes: 0
07-06 01:11:10.110 11252 11348 I BatteryMgr:DataCollectionService: stats => 1688598670110,-494140,4033
07-06 01:11:10.123 11252 11348 I BatteryMgr:DataCollectionService: stats => 1688598670123,-494140,4033
07-06 01:11:10.136 11252 11348 I BatteryMgr:DataCollectionService: stats => 1688598670136,-494140,4033
07-06 01:11:10.149 11252 11348 I BatteryMgr:DataCollectionService: stats => 1688598670149,-494140,4033
07-06 01:11:10.157  3311  3311 I PowerLog.PwlUtils: fusedValue = true
07-06 01:11:10.157  3311  3311 I AlarmRecord: getAlarmDumpInfo()
07-06 01:11:10.163 11252 11348 I BatteryMgr:DataCollectionService: stats => 1688598670163,-494140,4033
07-06 01:11:10.176 11252 11348 I BatteryMgr:DataCollectionService: stats => 1688598670176,-494140,4033
07-06 01:11:10.196 11252 11348 I BatteryMgr:DataCollectionService: stats => 1688598670196,-494140,4033
07-06 01:11:10.209 11252 11348 I BatteryMgr:DataCollectionService: stats => 1688598670209,-494140,4033
07-06 01:11:10.222 11252 11348 I BatteryMgr:DataCollectionService: stats => 1688598670222,-494140,4033
07-06 01:11:10.235 11252 11348 I BatteryMgr:DataCollectionService: stats => 1688598670235,-494140,4033
07-06 01:11:10.235  3311  3311 I PowerCalculator: writeToTable: 20230706011110,180,1.0,36.6,(0.0,1:2:4,6:0:1),1150100,0,15.75,84,27.8,P0Q0,3:0,,,,(),,0,6,0,B0,1944,(),0,0,0,0,,-1
07-06 01:11:10.236  3311  3311 D FileOperator: Mode change to WRITE_MODE!
07-06 01:11:10.247  3311 21996 I PowerLog.PwlUtils: fusedValue = true
07-06 01:11:10.248  3311 21996 I DataBatteryUsageRecord: setDataUsageUpdateFlag!!
07-06 01:11:10.248  3311 21996 D DataBatteryUsageRecord: updateBatteryUsageRecord!!
07-06 01:11:10.248  3311 21996 D DataBatteryUsageRecord: processAppDataUsage!!
07-06 01:11:10.248 11252 11348 I BatteryMgr:DataCollectionService: stats => 1688598670248,-494140,4033
07-06 01:11:10.252  3311  3311 D FileOperator: Mode change to WRITE_MODE!
07-06 01:11:10.253  3311  3311 D FileOperator: Mode change to WRITE_MODE!
07-06 01:11:10.261 11252 11348 I BatteryMgr:DataCollectionService: stats => 1688598670261,-494140,4033
07-06 01:11:10.273 11252 11348 I BatteryMgr:DataCollectionService: stats => 1688598670273,-494140,4033
07-06 01:11:10.286 11252 11348 I BatteryMgr:DataCollectionService: stats => 1688598670286,-494140,4033
07-06 01:11:10.287  3311 21996 I DataBatteryUsageRecord: Not in recrods,sipper.drainType = UNACCOUNTED,percentOfTotal = 0.21732996057649273
07-06 01:11:10.288  3311 21996 I DataBatteryUsageRecord: rawRealtimeUs = 55910722000
07-06 01:11:10.295  3311 21996 I DataBatteryUsageRecord: getDataUsageToFile!!
07-06 01:11:10.296  3311 21996 I PowerLog.PwlUtils: fusedValue = true
07-06 01:11:10.298 11252 11348 I BatteryMgr:DataCollectionService: stats => 1688598670298,-494140,4033
07-06 01:11:10.304  3311 21996 D LOG_TAG : getWakelockUsageNew()!!
07-06 01:11:10.304  3311 21996 D PowerCalculator: saveUsageMapToFile 
07-06 01:11:10.304  3311 21996 D FileOperator: Mode change to WRITE_MODE!
07-06 01:11:10.306  3311 21996 D PowerCalculator: saveUsageMapToFile 
07-06 01:11:10.307  3311 21996 D FileOperator: Mode change to WRITE_MODE!
07-06 01:11:10.309  3311 21996 I PowerLog.PwlUtils: fusedValue = true
07-06 01:11:10.309  3311 21996 D PowerCalculator: topApCounter com.example.batterymanager_utility
07-06 01:11:10.309  3311 21996 D PowerCalculator: topApCounter x.intervalapp.cpufactorialtest
07-06 01:11:10.309  3311 21996 D PowerCalculator: topApCounter com.example.batterymanager_utility
07-06 01:11:10.309  3311 21996 D PowerCalculator: topApCounter x.intervalapp.cpufactorialtest
07-06 01:11:10.311 11252 11348 I BatteryMgr:DataCollectionService: stats => 1688598670311,-494140,4033
07-06 01:11:10.324 11252 11348 I BatteryMgr:DataCollectionService: stats => 1688598670324,-494140,4033
07-06 01:11:10.339 11252 11348 I BatteryMgr:DataCollectionService: stats => 1688598670339,-494140,4033
07-06 01:11:10.351 11252 11348 I BatteryMgr:DataCollectionService: stats => 1688598670351,-494140,4033
07-06 01:11:10.364 11252 11348 I BatteryMgr:DataCollectionService: stats => 1688598670364,-494140,4033
07-06 01:11:10.377 11252 11348 I BatteryMgr:DataCollectionService: stats => 1688598670377,-494140,4033
07-06 01:11:10.389 11252 11348 I BatteryMgr:DataCollectionService: stats => 1688598670389,-494140,4033
07-06 01:11:10.401 11252 11348 I BatteryMgr:DataCollectionService: stats => 1688598670401,-494140,4033
07-06 01:11:10.414 11252 11348 I BatteryMgr:DataCollectionService: stats => 1688598670414,-494140,4033
07-06 01:11:10.427 11252 11348 I BatteryMgr:DataCollectionService: stats => 1688598670426,-494140,4033
07-06 01:11:10.439 11252 11348 I BatteryMgr:DataCollectionService: stats => 1688598670439,-494140,4033
07-06 01:11:10.452 11252 11348 I BatteryMgr:DataCollectionService: stats => 1688598670452,-494140,4033
07-06 01:11:10.465 11252 11348 I BatteryMgr:DataCollectionService: stats => 1688598670464,-494140,4033
07-06 01:11:10.477 11252 11348 I BatteryMgr:DataCollectionService: stats => 1688598670477,-494140,4033
07-06 01:11:10.490 11252 11348 I BatteryMgr:DataCollectionService: stats => 1688598670490,-494140,4033
07-06 01:11:10.503 11252 11348 I BatteryMgr:DataCollectionService: stats => 1688598670503,-494140,4033
07-06 01:11:10.515 11252 11348 I BatteryMgr:DataCollectionService: stats => 1688598670515,-494140,4033
07-06 01:11:10.528 11252 11348 I BatteryMgr:DataCollectionService: stats => 1688598670528,-494140,4033
07-06 01:11:10.540 11252 11348 I BatteryMgr:DataCollectionService: stats => 1688598670540,-494140,4033
07-06 01:11:10.552 11252 11348 I BatteryMgr:DataCollectionService: stats => 1688598670552,-494140,4033
07-06 01:11:10.564 11252 11348 I BatteryMgr:DataCollectionService: stats => 1688598670564,-494140,4033
07-06 01:11:10.576 11252 11348 I BatteryMgr:DataCollectionService: stats => 1688598670576,-494140,4033
07-06 01:11:10.588 11252 11348 I BatteryMgr:DataCollectionService: stats => 1688598670588,-494140,4033
07-06 01:11:10.607 11252 11348 I BatteryMgr:DataCollectionService: stats => 1688598670607,-494140,4033
07-06 01:11:10.619 11252 11348 I BatteryMgr:DataCollectionService: stats => 1688598670619,-494140,4033
07-06 01:11:10.631 11252 11348 I BatteryMgr:DataCollectionService: stats => 1688598670631,-494140,4033
07-06 01:11:10.644 11252 11348 I BatteryMgr:DataCollectionService: stats => 1688598670644,-494140,4033
07-06 01:11:10.656 11252 11348 I BatteryMgr:DataCollectionService: stats => 1688598670656,-494140,4033
07-06 01:11:10.673 11252 11348 I BatteryMgr:DataCollectionService: stats => 1688598670673,-494140,4033
07-06 01:11:10.685 11252 11348 I BatteryMgr:DataCollectionService: stats => 1688598670685,-494140,4033
07-06 01:11:10.697 11252 11348 I BatteryMgr:DataCollectionService: stats => 1688598670697,-494140,4033
07-06 01:11:10.709 11252 11348 I BatteryMgr:DataCollectionService: stats => 1688598670709,-494140,4033
07-06 01:11:10.722 11252 11348 I BatteryMgr:DataCollectionService: stats => 1688598670722,-494140,4033
07-06 01:11:10.734 11252 11348 I BatteryMgr:DataCollectionService: stats => 1688598670734,-494140,4033
07-06 01:11:10.746 11252 11348 I BatteryMgr:DataCollectionService: stats => 1688598670746,-494140,4033
07-06 01:11:10.758 11252 11348 I BatteryMgr:DataCollectionService: stats => 1688598670758,-494140,4033
07-06 01:11:10.770 11252 11348 I BatteryMgr:DataCollectionService: stats => 1688598670770,-494140,4033
07-06 01:11:10.782 11252 11348 I BatteryMgr:DataCollectionService: stats => 1688598670782,-494140,4033
07-06 01:11:10.796 11252 11348 I BatteryMgr:DataCollectionService: stats => 1688598670796,-494140,4033
07-06 01:11:10.809 11252 11348 I BatteryMgr:DataCollectionService: stats => 1688598670808,-494140,4033
07-06 01:11:10.821 11252 11348 I BatteryMgr:DataCollectionService: stats => 1688598670821,-494140,4033
07-06 01:11:10.833 11252 11348 I BatteryMgr:DataCollectionService: stats => 1688598670833,-494140,4033
07-06 01:11:10.846 11252 11348 I BatteryMgr:DataCollectionService: stats => 1688598670846,-494140,4033
07-06 01:11:10.858 11252 11348 I BatteryMgr:DataCollectionService: stats => 1688598670858,-494140,4033
07-06 01:11:10.870 11252 11348 I BatteryMgr:DataCollectionService: stats => 1688598670870,-494140,4033
07-06 01:11:10.883 11252 11348 I BatteryMgr:DataCollectionService: stats => 1688598670882,-494140,4033
07-06 01:11:10.895 11252 11348 I BatteryMgr:DataCollectionService: stats => 1688598670895,-494140,4033
07-06 01:11:10.907 11252 11348 I BatteryMgr:DataCollectionService: stats => 1688598670907,-494140,4033
07-06 01:11:10.920 11252 11348 I BatteryMgr:DataCollectionService: stats => 1688598670920,-494140,4033
07-06 01:11:10.932 11252 11348 I BatteryMgr:DataCollectionService: stats => 1688598670932,-494140,4033
07-06 01:11:10.944 11252 11348 I BatteryMgr:DataCollectionService: stats => 1688598670944,-494140,4033
07-06 01:11:10.957 11252 11348 I BatteryMgr:DataCollectionService: stats => 1688598670957,-494140,4033
07-06 01:11:10.969 11252 11348 I BatteryMgr:DataCollectionService: stats => 1688598670969,-494140,4033
07-06 01:11:10.982 11252 11348 I BatteryMgr:DataCollectionService: stats => 1688598670982,-494140,4033
07-06 01:11:10.994 11252 11348 I BatteryMgr:DataCollectionService: stats => 1688598670994,-494140,4033
07-06 01:11:11.007 11252 11348 I BatteryMgr:DataCollectionService: stats => 1688598671007,-494140,4033
07-06 01:11:11.019 11252 11348 I BatteryMgr:DataCollectionService: stats => 1688598671019,-494140,4033
07-06 01:11:11.031 11252 11348 I BatteryMgr:DataCollectionService: stats => 1688598671031,-494140,4033
07-06 01:11:11.043 11252 11348 I BatteryMgr:DataCollectionService: stats => 1688598671043,-494140,4033
07-06 01:11:11.056 11252 11348 I BatteryMgr:DataCollectionService: stats => 1688598671056,-494140,4033
07-06 01:11:11.068 11252 11348 I BatteryMgr:DataCollectionService: stats => 1688598671068,-494140,4033
07-06 01:11:11.081 11252 11348 I BatteryMgr:DataCollectionService: stats => 1688598671081,-494140,4033
07-06 01:11:11.093 11252 11348 I BatteryMgr:DataCollectionService: stats => 1688598671093,-494140,4033
07-06 01:11:11.106 11252 11348 I BatteryMgr:DataCollectionService: stats => 1688598671106,-494140,4033
07-06 01:11:11.118 11252 11348 I BatteryMgr:DataCollectionService: stats => 1688598671118,-494140,4033
07-06 01:11:11.131 11252 11348 I BatteryMgr:DataCollectionService: stats => 1688598671130,-494140,4033
07-06 01:11:11.143 11252 11348 I BatteryMgr:DataCollectionService: stats => 1688598671143,-494140,4033
07-06 01:11:11.156 11252 11348 I BatteryMgr:DataCollectionService: stats => 1688598671156,-494140,4033
07-06 01:11:11.168 11252 11348 I BatteryMgr:DataCollectionService: stats => 1688598671168,-494140,4033
07-06 01:11:11.180 11252 11348 I BatteryMgr:DataCollectionService: stats => 1688598671180,-494140,4033
07-06 01:11:11.192 11252 11348 I BatteryMgr:DataCollectionService: stats => 1688598671192,-494140,4033
07-06 01:11:11.205 11252 11348 I BatteryMgr:DataCollectionService: stats => 1688598671205,-494140,4033
07-06 01:11:11.217 11252 11348 I BatteryMgr:DataCollectionService: stats => 1688598671217,-494140,4033
