--------- beginning of main
07-05 14:23:36.050  6064  6105 W droid.apps.doc: Accessing hidden field Ljava/util/Collections$SynchronizedCollection;->mutex:Ljava/lang/Object; (max-target-o, reflection, denied)
07-05 14:23:36.051  6064  6105 W droid.apps.doc: Accessing hidden method Ljava/util/Collections$SynchronizedSet;-><init>(Ljava/util/Set;Ljava/lang/Object;)V (max-target-o, reflection, denied)
07-05 14:23:36.051  6064  6105 W droid.apps.doc: Accessing hidden method Ljava/util/Collections$SynchronizedCollection;-><init>(Ljava/util/Collection;Ljava/lang/Object;)V (max-target-o, reflection, denied)
07-05 14:23:36.063  5919  6025 D nativeloader: Configuring classloader-namespace for other apk /system/framework/com.android.location.provider.jar. target_sdk_version=33, uses_libraries=ALL, library_path=/data/app/~~kt773cXOZ5q87Bm33E0odg==/com.google.android.gms-4rU_AnzKy5xfDlFyP73NmA==/lib/arm64:/data/app/~~kt773cXOZ5q87Bm33E0odg==/com.google.android.gms-4rU_AnzKy5xfDlFyP73NmA==/base.apk!/lib/arm64-v8a, permitted_path=/data:/mnt/expand:/data/user/0/com.google.android.gms
07-05 14:23:36.076  5919  6025 D nativeloader: Configuring classloader-namespace for other apk /data/app/~~kt773cXOZ5q87Bm33E0odg==/com.google.android.gms-4rU_AnzKy5xfDlFyP73NmA==/base.apk. target_sdk_version=33, uses_libraries=, library_path=/data/app/~~kt773cXOZ5q87Bm33E0odg==/com.google.android.gms-4rU_AnzKy5xfDlFyP73NmA==/lib/arm64:/data/app/~~kt773cXOZ5q87Bm33E0odg==/com.google.android.gms-4rU_AnzKy5xfDlFyP73NmA==/base.apk!/lib/arm64-v8a, permitted_path=/data:/mnt/expand:/data/user/0/com.google.android.gms
07-05 14:23:36.101  3360 24433 I PeopleChimeraService: onService. callbacks = awed@3153856, request = com.google.android.gms.common.internal.GetServiceRequest@fb760d7
07-05 14:23:36.110  3360 24433 I PeopleChimeraService: onService. callbacks = awed@7c483e2, request = com.google.android.gms.common.internal.GetServiceRequest@1a73373
07-05 14:23:36.119  3360 24433 I MdiSyncModule: (REDACTED) Receiving API connection from package '%s'...
07-05 14:23:36.124  5919  6025 V NativeCrypto: Registering com/google/android/gms/org/conscrypt/NativeCrypto's 295 native methods...
07-05 14:23:36.129  3360  4972 I PeopleChimeraService: onService. callbacks = awed@b2afc2e, request = com.google.android.gms.common.internal.GetServiceRequest@3b793cf
07-05 14:23:36.144  3360 24433 I MdiSyncModule: API connection successful!
07-05 14:23:36.157  6064  6127 E DocsApplication: from onCreate Completable for sending summary about blocked SyncRequests
07-05 14:23:36.157  6064  6127 E DocsApplication: java.lang.IllegalStateException
07-05 14:23:36.157  6064  6127 E DocsApplication: 	at eye.h(PG:7)
07-05 14:23:36.157  6064  6127 E DocsApplication: 	at emc.lambda$onCreate$4$com-google-android-apps-docs-DocsApplication(PG:36)
07-05 14:23:36.157  6064  6127 E DocsApplication: 	at dyd.run(PG:1)
07-05 14:23:36.157  6064  6127 E DocsApplication: 	at tbt.d(PG:3)
07-05 14:23:36.157  6064  6127 E DocsApplication: 	at szc.e(PG:1)
07-05 14:23:36.157  6064  6127 E DocsApplication: 	at tcc$a.run(PG:1)
07-05 14:23:36.157  6064  6127 E DocsApplication: 	at szn$a.run(PG:2)
07-05 14:23:36.157  6064  6127 E DocsApplication: 	at tgf.run(PG:2)
07-05 14:23:36.157  6064  6127 E DocsApplication: 	at tgf.call(PG:1)
07-05 14:23:36.157  6064  6127 E DocsApplication: 	at java.util.concurrent.FutureTask.run(FutureTask.java:264)
07-05 14:23:36.157  6064  6127 E DocsApplication: 	at java.util.concurrent.ScheduledThreadPoolExecutor$ScheduledFutureTask.run(ScheduledThreadPoolExecutor.java:307)
07-05 14:23:36.157  6064  6127 E DocsApplication: 	at java.util.concurrent.ThreadPoolExecutor.runWorker(ThreadPoolExecutor.java:1137)
07-05 14:23:36.157  6064  6127 E DocsApplication: 	at java.util.concurrent.ThreadPoolExecutor$Worker.run(ThreadPoolExecutor.java:637)
07-05 14:23:36.157  6064  6127 E DocsApplication: 	at java.lang.Thread.run(Thread.java:1012)
07-05 14:23:36.157  6064  6127 E DocsApplication: from onCreate Completable for sending summary about blocked SyncRequests
07-05 14:23:36.157  6064  6127 E DocsApplication: java.lang.IllegalStateException
07-05 14:23:36.157  6064  6127 E DocsApplication: 	at eye.h(PG:7)
07-05 14:23:36.157  6064  6127 E DocsApplication: 	at emc.lambda$onCreate$4$com-google-android-apps-docs-DocsApplication(PG:36)
07-05 14:23:36.157  6064  6127 E DocsApplication: 	at dyd.run(PG:1)
07-05 14:23:36.157  6064  6127 E DocsApplication: 	at tbt.d(PG:3)
07-05 14:23:36.157  6064  6127 E DocsApplication: 	at szc.e(PG:1)
07-05 14:23:36.157  6064  6127 E DocsApplication: 	at tcc$a.run(PG:1)
07-05 14:23:36.157  6064  6127 E DocsApplication: 	at szn$a.run(PG:2)
07-05 14:23:36.157  6064  6127 E DocsApplication: 	at tgf.run(PG:2)
07-05 14:23:36.157  6064  6127 E DocsApplication: 	at tgf.call(PG:1)
07-05 14:23:36.157  6064  6127 E DocsApplication: 	at java.util.concurrent.FutureTask.run(FutureTask.java:264)
07-05 14:23:36.157  6064  6127 E DocsApplication: 	at java.util.concurrent.ScheduledThreadPoolExecutor$ScheduledFutureTask.run(ScheduledThreadPoolExecutor.java:307)
07-05 14:23:36.157  6064  6127 E DocsApplication: 	at java.util.concurrent.ThreadPoolExecutor.runWorker(ThreadPoolExecutor.java:1137)
07-05 14:23:36.157  6064  6127 E DocsApplication: 	at java.util.concurrent.ThreadPoolExecutor$Worker.run(ThreadPoolExecutor.java:637)
07-05 14:23:36.157  6064  6127 E DocsApplication: 	at java.lang.Thread.run(Thread.java:1012)
07-05 14:23:36.160  6064  6064 W Primes  : Primes not initialized, returning default (no-op) Primes instance which will ignore all calls. Please call Primes.initialize(...) before using any Primes API.
07-05 14:23:36.160  6064  6064 W Primes  : qci: FULL
07-05 14:23:36.160  6064  6064 W Primes  : 	at nkq.a(PG:1)
07-05 14:23:36.160  6064  6064 W Primes  : 	at gkz.cU(PG:14)
07-05 14:23:36.160  6064  6064 W Primes  : 	at rwm.cU(PG:1)
07-05 14:23:36.160  6064  6064 W Primes  : 	at eqf.cU(PG:17)
07-05 14:23:36.160  6064  6064 W Primes  : 	at rwm.cU(PG:1)
07-05 14:23:36.160  6064  6064 W Primes  : 	at gdq.cU(PG:67)
07-05 14:23:36.160  6064  6064 W Primes  : 	at rwm.cU(PG:1)
07-05 14:23:36.160  6064  6064 W Primes  : 	at igo.provideInitializers(PG:9)
07-05 14:23:36.160  6064  6064 W Primes  : 	at com.google.android.apps.docs.drive.inject.corecomponentfactory.CoreComponentFactoryImpl.getSingletonComponent(PG:4)
07-05 14:23:36.160  6064  6064 W Primes  : 	at emc.onCreate(PG:10)
07-05 14:23:36.160  6064  6064 W Primes  : 	at com.google.android.apps.docs.drive.DriveApplication.onCreate(PG:45)
07-05 14:23:36.160  6064  6064 W Primes  : 	at android.app.Instrumentation.callApplicationOnCreate(Instrumentation.java:1211)
07-05 14:23:36.160  6064  6064 W Primes  : 	at android.app.ActivityThread.handleBindApplication(ActivityThread.java:6728)
07-05 14:23:36.160  6064  6064 W Primes  : 	at android.app.ActivityThread.access$1500(ActivityThread.java:247)
07-05 14:23:36.160  6064  6064 W Primes  : 	at android.app.ActivityThread$H.handleMessage(ActivityThread.java:2057)
07-05 14:23:36.160  6064  6064 W Primes  : 	at android.os.Handler.dispatchMessage(Handler.java:106)
07-05 14:23:36.160  6064  6064 W Primes  : 	at android.os.Looper.loopOnce(Looper.java:201)
07-05 14:23:36.160  6064  6064 W Primes  : 	at android.os.Looper.loop(Looper.java:288)
07-05 14:23:36.160  6064  6064 W Primes  : 	at android.app.ActivityThread.main(ActivityThread.java:7842)
07-05 14:23:36.160  6064  6064 W Primes  : 	at java.lang.reflect.Method.invoke(Native Method)
07-05 14:23:36.160  6064  6064 W Primes  : 	at com.android.internal.os.RuntimeInit$MethodAndArgsCaller.run(RuntimeInit.java:548)
07-05 14:23:36.160  6064  6064 W Primes  : 	at com.android.internal.os.ZygoteInit.main(ZygoteInit.java:1003)
07-05 14:23:36.160  6064  6064 W Primes  : Primes not initialized, returning default (no-op) Primes instance which will ignore all calls. Please call Primes.initialize(...) before using any Primes API.
07-05 14:23:36.160  6064  6064 W Primes  : qci: FULL
07-05 14:23:36.160  6064  6064 W Primes  : 	at nkq.a(PG:1)
07-05 14:23:36.160  6064  6064 W Primes  : 	at gkz.cU(PG:14)
07-05 14:23:36.160  6064  6064 W Primes  : 	at rwm.cU(PG:1)
07-05 14:23:36.160  6064  6064 W Primes  : 	at eqf.cU(PG:17)
07-05 14:23:36.160  6064  6064 W Primes  : 	at rwm.cU(PG:1)
07-05 14:23:36.160  6064  6064 W Primes  : 	at gdq.cU(PG:67)
07-05 14:23:36.160  6064  6064 W Primes  : 	at rwm.cU(PG:1)
07-05 14:23:36.160  6064  6064 W Primes  : 	at igo.provideInitializers(PG:9)
07-05 14:23:36.160  6064  6064 W Primes  : 	at com.google.android.apps.docs.drive.inject.corecomponentfactory.CoreComponentFactoryImpl.getSingletonComponent(PG:4)
07-05 14:23:36.160  6064  6064 W Primes  : 	at emc.onCreate(PG:10)
07-05 14:23:36.160  6064  6064 W Primes  : 	at com.google.android.apps.docs.drive.DriveApplication.onCreate(PG:45)
07-05 14:23:36.160  6064  6064 W Primes  : 	at android.app.Instrumentation.callApplicationOnCreate(Instrumentation.java:1211)
07-05 14:23:36.160  6064  6064 W Primes  : 	at android.app.ActivityThread.handleBindApplication(ActivityThread.java:6728)
07-05 14:23:36.160  6064  6064 W Primes  : 	at android.app.ActivityThread.access$1500(ActivityThread.java:247)
07-05 14:23:36.160  6064  6064 W Primes  : 	at android.app.ActivityThread$H.handleMessage(ActivityThread.java:2057)
07-05 14:23:36.160  6064  6064 W Primes  : 	at android.os.Handler.dispatchMessage(Handler.java:106)
07-05 14:23:36.160  6064  6064 W Primes  : 	at android.os.Looper.loopOnce(Looper.java:201)
07-05 14:23:36.160  6064  6064 W Primes  : 	at android.os.Looper.loop(Looper.java:288)
07-05 14:23:36.160  6064  6064 W Primes  : 	at android.app.ActivityThread.main(ActivityThread.java:7842)
07-05 14:23:36.160  6064  6064 W Primes  : 	at java.lang.reflect.Method.invoke(Native Method)
07-05 14:23:36.160  6064  6064 W Primes  : 	at com.android.internal.os.RuntimeInit$MethodAndArgsCaller.run(RuntimeInit.java:548)
07-05 14:23:36.160  6064  6064 W Primes  : 	at com.android.internal.os.ZygoteInit.main(ZygoteInit.java:1003)
07-05 14:23:36.173  5919  5990 I FA      : App measurement initialized, version: 80006
07-05 14:23:36.173  5919  5990 I FA      : To enable debug logging run: adb shell setprop log.tag.FA VERBOSE
07-05 14:23:36.173  5919  5990 I FA      : To enable faster debug mode event logging run:
07-05 14:23:36.173  5919  5990 I FA      :   adb shell setprop debug.firebase.analytics.app com.google.android.apps.chromecast.app
07-05 14:23:36.177  3360  3360 D BoundBrokerSvc: onBind: Intent { act=com.google.android.gms.measurement.START pkg=com.google.android.gms }
07-05 14:23:36.177  3360  3360 D BoundBrokerSvc: Loading bound service for intent: Intent { act=com.google.android.gms.measurement.START pkg=com.google.android.gms }
07-05 14:23:36.185  2850  4598 I FontLog : (REDACTED) Received query %s, URI %s
07-05 14:23:36.185  2850  4598 I FontLog : (REDACTED) Query [%s] resolved to %s
07-05 14:23:36.185  2850  4598 I FontLog : (REDACTED) Fetch %s end status %s
07-05 14:23:36.192  2850  4598 I FontLog : (REDACTED) Pulling font file for id = %d, cache size = %d
07-05 14:23:36.200  2850  4598 I FontLog : (REDACTED) Pulling font file for id = %d, cache size = %d
07-05 14:23:36.202  5919  6025 I ProviderInstaller: Installed default security provider GmsCore_OpenSSL
07-05 14:23:36.214  6220  6220 D ProcessState: Binder ioctl to enable oneway spam detection failed: Invalid argument
--------- beginning of system
07-05 14:23:36.217  1871 11595 I ActivityTaskManager: START u0 {act=android.intent.action.MAIN cat=[android.intent.category.LAUNCHER] flg=0x10000000 cmp=com.example.batterymanager_utility/.MainActivity} from uid 2000
07-05 14:23:36.218  1871 11595 W ActivityTaskManager: Can't find TaskDisplayArea to determine support for multi window. Task id=182 attached=false
07-05 14:23:36.220  1871 11595 D CompatibilityChangeReporter: Compat change id reported: 174042980; UID 10232; state: DISABLED
07-05 14:23:36.220  1871 11595 D CompatibilityChangeReporter: Compat change id reported: 184838306; UID 10232; state: DISABLED
07-05 14:23:36.220  1871 11595 D CompatibilityChangeReporter: Compat change id reported: 185004937; UID 10232; state: DISABLED
07-05 14:23:36.224  1871 11595 D CompatibilityChangeReporter: Compat change id reported: 168419799; UID 10232; state: DISABLED
07-05 14:23:36.224  3854  3984 I A       : (REDACTED) The setting %s has not been set, or the string value is not a number
07-05 14:23:36.225  1871  3632 D ConnectivityService: requestNetwork for uid/pid:10135/3854 activeRequest: null callbackRequest: 379 [NetworkRequest [ REQUEST id=380, [ Capabilities: INTERNET&NOT_RESTRICTED&TRUSTED&NOT_VCN_MANAGED Uid: 10135 RequestorUid: 10135 RequestorPkg: com.google.android.googlequicksearchbox UnderlyingNetworks: Null] ]] callback flags: 0 order: 2147483647
07-05 14:23:36.226  1871  2203 D WifiNetworkFactory: got request NetworkRequest [ REQUEST id=380, [ Capabilities: INTERNET&NOT_RESTRICTED&TRUSTED&NOT_VCN_MANAGED Uid: 10135 RequestorUid: 10135 RequestorPkg: com.google.android.googlequicksearchbox UnderlyingNetworks: Null] ]
07-05 14:23:36.226  1871  2203 D UntrustedWifiNetworkFactory: got request NetworkRequest [ REQUEST id=380, [ Capabilities: INTERNET&NOT_RESTRICTED&TRUSTED&NOT_VCN_MANAGED Uid: 10135 RequestorUid: 10135 RequestorPkg: com.google.android.googlequicksearchbox UnderlyingNetworks: Null] ]
07-05 14:23:36.226  1871  2203 D OemPaidWifiNetworkFactory: got request NetworkRequest [ REQUEST id=380, [ Capabilities: INTERNET&NOT_RESTRICTED&TRUSTED&NOT_VCN_MANAGED Uid: 10135 RequestorUid: 10135 RequestorPkg: com.google.android.googlequicksearchbox UnderlyingNetworks: Null] ]
07-05 14:23:36.226  1871  2203 D MultiInternetWifiNetworkFactory: got request NetworkRequest [ REQUEST id=380, [ Capabilities: INTERNET&NOT_RESTRICTED&TRUSTED&NOT_VCN_MANAGED Uid: 10135 RequestorUid: 10135 RequestorPkg: com.google.android.googlequicksearchbox UnderlyingNetworks: Null] ]
07-05 14:23:36.226  1871  2225 D ConnectivityService: NetReassign [380 : null → 100] [c 0] [a 0] [i 1]
07-05 14:23:36.229  3854  4083 I A       : (REDACTED) Log SVR opt in status: %s.
07-05 14:23:36.229  3854  4051 I A       : (REDACTED) Log AOL opt in status: %s.
07-05 14:23:36.235  3854  3867 I earchbox:searc: Method exceeds compiler instruction limit: 20386 in java.lang.Object com.google.android.apps.gsa.binaries.velvet.app.apk.a()
07-05 14:23:36.245  1871  1987 W ActivityManager: ProcessRecord{99fc7c6 0:com.example.batterymanager_utility/u0a232}: ART verification disabled
07-05 14:23:36.245  1871  1987 D CompatibilityChangeReporter: Compat change id reported: 135634846; UID 10232; state: DISABLED
07-05 14:23:36.245  1871  1987 D CompatibilityChangeReporter: Compat change id reported: 177438394; UID 10232; state: DISABLED
07-05 14:23:36.245  1871  1987 D CompatibilityChangeReporter: Compat change id reported: 135772972; UID 10232; state: DISABLED
07-05 14:23:36.245  1871  1987 D CompatibilityChangeReporter: Compat change id reported: 135754954; UID 10232; state: ENABLED
07-05 14:23:36.245  1871  1996 D CompatibilityChangeReporter: Compat change id reported: 143937733; UID 10232; state: ENABLED
07-05 14:23:36.258  3854  4083 W A       : Account Worker did not pass Account requirements and will be skipped.
07-05 14:23:36.258  3854  4083 W A       : com.google.apps.tiktok.contrib.work.b.a: Account was no longer valid when task executed.
07-05 14:23:36.258  3854  4083 W A       : 	at com.google.apps.tiktok.contrib.work.b.n.apply(PG:1)
07-05 14:23:36.258  3854  4083 W A       : 	at com.google.apps.tiktok.tracing.ex.apply(PG:3)
07-05 14:23:36.258  3854  4083 W A       : 	at com.google.common.util.concurrent.a.e(PG:2)
07-05 14:23:36.258  3854  4083 W A       : 	at com.google.common.util.concurrent.c.run(PG:10)
07-05 14:23:36.258  3854  4083 W A       : 	at com.google.android.libraries.k.z.run(PG:1)
07-05 14:23:36.258  3854  4083 W A       : 	at java.util.concurrent.ThreadPoolExecutor.runWorker(ThreadPoolExecutor.java:1137)
07-05 14:23:36.258  3854  4083 W A       : 	at java.util.concurrent.ThreadPoolExecutor$Worker.run(ThreadPoolExecutor.java:637)
07-05 14:23:36.258  3854  4083 W A       : 	at com.google.android.libraries.k.h.run(PG:2)
07-05 14:23:36.258  3854  4083 W A       : 	at java.lang.Thread.run(Thread.java:1012)
07-05 14:23:36.258  3854  4083 W A       : 	at com.google.android.libraries.k.ah.run(PG:5)
07-05 14:23:36.258  3854  4083 W A       : Caused by: com.google.apps.tiktok.account.data.au: com.google.apps.tiktok.account.api.controller.x: com.google.android.libraries.search.a.d.j: Selected account doesn't match the primary search account
07-05 14:23:36.258  3854  4083 W A       : 	at com.google.apps.tiktok.account.api.controller.al.apply(PG:1)
07-05 14:23:36.258  3854  4083 W A       : 	at com.google.apps.tiktok.tracing.ff.apply(PG:3)
07-05 14:23:36.258  3854  4083 W A       : 	at com.google.common.util.concurrent.b.e(PG:2)
07-05 14:23:36.258  3854  4083 W A       : 	at com.google.common.util.concurrent.c.run(PG:10)
07-05 14:23:36.258  3854  4083 W A       : 	at com.google.common.util.concurrent.bg.execute(PG:1)
07-05 14:23:36.258  3854  4083 W A       : 	at com.google.common.util.concurrent.d.i(PG:1)
07-05 14:23:36.258  3854  4083 W A       : 	at com.google.common.util.concurrent.d.l(PG:12)
07-05 14:23:36.258  3854  4083 W A       : 	at com.google.common.util.concurrent.d.o(PG:4)
07-05 14:23:36.258  3854  4083 W A       : 	at com.google.common.util.concurrent.j.run(PG:7)
07-05 14:23:36.258  3854  4083 W A       : 	at com.google.common.util.concurrent.bg.execute(PG:1)
07-05 14:23:36.258  3854  4083 W A       : 	at com.google.common.util.concurrent.d.i(PG:1)
07-05 14:23:36.258  3854  4083 W A       : 	at com.google.common.util.concurrent.d.l(PG:12)
07-05 14:23:36.258  3854  4083 W A       : 	at com.google.common.util.concurrent.d.o(PG:4)
07-05 14:23:36.258  3854  4083 W A       : 	at com.google.common.util.concurrent.j.run(PG:7)
07-05 14:23:36.258  3854  4083 W A       : 	at com.google.common.util.concurrent.bg.execute(PG:1)
07-05 14:23:36.258  3854  4083 W A       : 	at com.google.common.util.concurrent.d.i(PG:1)
07-05 14:23:36.258  3854  4083 W A       : 	at com.google.common.util.concurrent.d.l(PG:12)
07-05 14:23:36.258  3854  4083 W A       : 	at com.google.common.util.concurrent.d.o(PG:4)
07-05 14:23:36.258  3854  4083 W A       : 	at com.google.common.util.concurrent.be.d(PG:5)
07-05 14:23:36.258  3854  4083 W A       : 	at com.google.common.util.concurrent.cw.run(PG:10)
07-05 14:23:36.258  3854  4083 W A       : 	... 6 more
07-05 14:23:36.258  3854  4083 W A       : Caused by: com.google.apps.tiktok.account.api.controller.x: com.google.android.libraries.search.a.d.j: Selected account doesn't match the primary search account
07-05 14:23:36.258  3854  4083 W A       : 	at com.google.android.libraries.search.a.d.b.h.call(PG:13)
07-05 14:23:36.258  3854  4083 W A       : 	at com.google.apps.tiktok.tracing.ey.call(PG:3)
07-05 14:23:36.258  3854  4083 W A       : 	at com.google.common.util.concurrent.bd.a(PG:1)
07-05 14:23:36.258  3854  4083 W A       : 	at com.google.common.util.concurrent.cw.run(PG:4)
07-05 14:23:36.258  3854  4083 W A       : 	... 6 more
07-05 14:23:36.258  3854  4083 W A       : Caused by: com.google.android.libraries.search.a.d.j: Selected account doesn't match the primary search account
07-05 14:23:36.258  3854  4083 W A       : 	... 10 more
07-05 14:23:36.264  1230  1230 D Zygote  : Forked child process 6233
07-05 14:23:36.264  1871  1996 I ActivityManager: Start proc 6233:com.example.batterymanager_utility/u0a232 for pre-top-activity {com.example.batterymanager_utility/com.example.batterymanager_utility.MainActivity}
07-05 14:23:36.266  3854  3977 I WM-WorkerWrapper: Worker result FAILURE for Work [ id=23ec33ed-1036-4389-b2ca-f858f7e3c20b, tags={ com.google.apps.tiktok.contrib.work.TikTokListenableWorker, TikTokWorker#com.google.android.apps.search.googleapp.discover.sync.FeedSync, tiktok_account_work, account_id_1 } ]
07-05 14:23:36.270  6233  6233 I manager_utilit: Late-enabling -Xcheck:jni
07-05 14:23:36.294  3854  3984 I WM-WorkerWrapper: Worker result SUCCESS for Work [ id=26c5ae43-7f53-4887-bcb6-a1934ad2eb71, tags={ com.google.apps.tiktok.contrib.work.TikTokListenableWorker, TikTokWorker#com.google.android.apps.search.assistant.verticals.ambient.logger.AmbientLoggerWorker } ]
07-05 14:23:36.299  6233  6233 I manager_utilit: Using CollectorTypeCC GC.
07-05 14:23:36.304  2873  2913 I adbd    : jdwp connection from 6233
07-05 14:23:36.306  6233  6233 D ProcessState: Binder ioctl to enable oneway spam detection failed: Invalid argument
07-05 14:23:36.316  6233  6233 D CompatibilityChangeReporter: Compat change id reported: 171979766; UID 10232; state: ENABLED
07-05 14:23:36.320  5919  6219 W .chromecast.ap: ClassLoaderContext type mismatch. expected=PCL, found=DLC (PCL[] | DLC[];PCL[/data/app/~~lCNKhok9tOXwpxiGGdOIfg==/com.google.android.apps.chromecast.app-DDf4N3BoykddNkooiZi1Zg==/base.apk*130358676:/data/app/~~lCNKhok9tOXwpxiGGdOIfg==/com.google.android.apps.chromecast.app-DDf4N3BoykddNkooiZi1Zg==/base.apk!classes2.dex*3332198317:/data/app/~~lCNKhok9tOXwpxiGGdOIfg==/com.google.android.apps.chromecast.app-DDf4N3BoykddNkooiZi1Zg==/base.apk!classes3.dex*3327131331:/data/app/~~lCNKhok9tOXwpxiGGdOIfg==/com.google.android.apps.chromecast.app-DDf4N3BoykddNkooiZi1Zg==/base.apk!classes4.dex*987340502]{PCL[/system/framework/org.apache.http.legacy.jar*2058259660]})
07-05 14:23:36.321  6233  6233 W ziparchive: Unable to open '/data/app/~~JK5RJRqe_wqF46Ue66Vzxg==/com.example.batterymanager_utility-vdW4PSnYnEGH6h2FlPxN6A==/base.dm': No such file or directory
07-05 14:23:36.322  6233  6233 W ziparchive: Unable to open '/data/app/~~JK5RJRqe_wqF46Ue66Vzxg==/com.example.batterymanager_utility-vdW4PSnYnEGH6h2FlPxN6A==/base.dm': No such file or directory
07-05 14:23:36.338  3854  3854 I A       : onPause
07-05 14:23:36.340  3579  3579 I GsaVoiceInteractionSrv: Handling ACTION_STOP_HOTWORD
07-05 14:23:36.354  6234  6234 D AndroidRuntime: >>>>>> START com.android.internal.os.RuntimeInit uid 2000 <<<<<<
07-05 14:23:36.355  3360 24063 I HalfSheetCoordinator: (REDACTED) Updating suppression info for pid: %s, suppressed: %s
07-05 14:23:36.358  6234  6234 I AndroidRuntime: Using default boot image
07-05 14:23:36.358  6234  6234 I AndroidRuntime: Leaving lock profiling enabled
07-05 14:23:36.359  6234  6234 W libc    : Access denied finding property "odsign.verification.success"
07-05 14:23:36.356  6234  6234 W app_process: type=1400 audit(0.0:257): avc: denied { read } for name="u:object_r:odsign_prop:s0" dev="tmpfs" ino=14640 scontext=u:r:shell:s0 tcontext=u:object_r:odsign_prop:s0 tclass=file permissive=0
07-05 14:23:36.361  6234  6234 W app_process: ART APEX data files are untrusted.
07-05 14:23:36.362  6234  6234 I app_process: Using CollectorTypeCC GC.
07-05 14:23:36.362  6234  6234 E app_process: Error reading named image component header for /system/framework/boot.art, error: Unable to open file "/system/framework/arm64/boot.art" for reading image header
07-05 14:23:36.378  6258  6258 W dex2oat64: Mismatch between dex2oat instruction set features to use (ISA: Arm64 Feature string: -a53,crc,lse,fp16,-dotprod,-sve) and those from CPP defines (ISA: Arm64 Feature string: -a53,-crc,-lse,-fp16,-dotprod,-sve) for the command line:
07-05 14:23:36.378  6258  6258 W dex2oat64: /apex/com.android.art/bin/dex2oat64 --runtime-arg -Xbootclasspath:/apex/com.android.art/javalib/core-oj.jar:/apex/com.android.art/javalib/core-libart.jar:/apex/com.android.art/javalib/okhttp.jar:/apex/com.android.art/javalib/bouncycastle.jar:/apex/com.android.art/javalib/apache-xml.jar:/system/framework/framework.jar:/system/framework/framework-graphics.jar:/system/framework/ext.jar:/system/framework/telephony-common.jar:/system/framework/voip-common.jar:/system/framework/ims-common.jar:/apex/com.android.i18n/javalib/core-icu4j.jar --runtime-arg -Xbootclasspath-locations:/apex/com.android.art/javalib/core-oj.jar:/apex/com.android.art/javalib/core-libart.jar:/apex/com.android.art/javalib/okhttp.jar:/apex/com.android.art/javalib/bouncycastle.jar:/apex/com.android.art/javalib/apache-xml.jar:/system/framework/framework.jar:/system/framework/framework-graphics.jar:/system/framework/ext.jar:/system/framework/telephony-common.jar:/system/framework/voip-common.jar:/system/framework/ims-common.jar:/apex/com.android.i18n/javalib/core-icu4j.jar --base=0x70000000 --dex-file=/apex/com.android.art/javalib/core-oj.jar --dex-location=/apex/com.android.art/javalib/core-oj.jar --dex-file=/apex/com.android.art/javalib/core-libart.jar --dex-location=/apex/com.android.art/javalib/core-libart.jar --dex-file=/apex/com.android.art/javalib/okhttp.jar --dex-location=/apex/com.android.art/javalib/okhttp.jar --dex-file=/apex/com.android.art/javalib/bouncycastle.jar --dex-location=/apex/com.android.art/javalib/bouncycastle.jar --dex-file=/apex/com.android.art/javalib/apache-xml.jar --dex-location=/apex/com.android.art/javalib/apache-xml.jar --dex-file=/system/framework/framework.jar --dex-location=/system/framework/framework.jar --dex-file=/system/framework/framework-graphics.jar --dex-location=/system/framework/framework-graphics.jar --dex-file=/system/framework/ext.jar --dex-location=/system/framework/ext.jar --dex-file=/system/framework/telephony-common.jar --dex-location=/system/framework/telephony-common.jar --dex-file=/system/framework/voip-common.jar --dex-location=/system/framework/voip-common.jar --dex-file=/system/framework/ims-common.jar --dex-location=/system/framework/ims-common.jar --dex-file=/apex/com.android.i18n/javalib/core-icu4j.jar --dex-location=/apex/com.android.i18n/javalib/core-icu4j.jar --image-fd=5 --output-vdex-fd=6 --oat-fd=7 --oat-location=/system/framework/arm64/boot.oat --single-image --image-format=uncompressed --compiler-filter=verify --profile-file=/apex/com.android.art/etc/boot-image.prof --profile-file=/system/etc/boot-image.prof --avoid-storing-invocation --instruction-set=arm64 --instruction-set-features=runtime --runtime-arg -Xms64m --runtime-arg -Xmx64m --dirty-image-objects=/system/etc/dirty-image-objects --instruction-set-variant=kryo385 --instruction-set-features=default --generate-mini-debug-info
07-05 14:23:36.396  5919  6025 D nativeloader: Configuring classloader-namespace for other apk . target_sdk_version=33, uses_libraries=ALL, library_path=/data/user_de/0/com.google.android.gms/app_chimera/m/0000006c/CronetDynamite.apk!/lib/arm64-v8a, permitted_path=/data:/mnt/expand
07-05 14:23:36.397  6258  6258 I dex2oat64: /apex/com.android.art/bin/dex2oat64 --runtime-arg -Xbootclasspath:/apex/com.android.art/javalib/core-oj.jar:/apex/com.android.art/javalib/core-libart.jar:/apex/com.android.art/javalib/okhttp.jar:/apex/com.android.art/javalib/bouncycastle.jar:/apex/com.android.art/javalib/apache-xml.jar:/system/framework/framework.jar:/system/framework/framework-graphics.jar:/system/framework/ext.jar:/system/framework/telephony-common.jar:/system/framework/voip-common.jar:/system/framework/ims-common.jar:/apex/com.android.i18n/javalib/core-icu4j.jar --runtime-arg -Xbootclasspath-locations:/apex/com.android.art/javalib/core-oj.jar:/apex/com.android.art/javalib/core-libart.jar:/apex/com.android.art/javalib/okhttp.jar:/apex/com.android.art/javalib/bouncycastle.jar:/apex/com.android.art/javalib/apache-xml.jar:/system/framework/framework.jar:/system/framework/framework-graphics.jar:/system/framework/ext.jar:/system/framework/telephony-common.jar:/system/framework/voip-common.jar:/system/framework/ims-common.jar:/apex/com.android.i18n/javalib/core-icu4j.jar --base=0x70000000 --dex-file=/apex/com.android.art/javalib/core-oj.jar --dex-location=/apex/com.android.art/javalib/core-oj.jar --dex-file=/apex/com.android.art/javalib/core-libart.jar --dex-location=/apex/com.android.art/javalib/core-libart.jar --dex-file=/apex/com.android.art/javalib/okhttp.jar --dex-location=/apex/com.android.art/javalib/okhttp.jar --dex-file=/apex/com.android.art/javalib/bouncycastle.jar --dex-location=/apex/com.android.art/javalib/bouncycastle.jar --dex-file=/apex/com.android.art/javalib/apache-xml.jar --dex-location=/apex/com.android.art/javalib/apache-xml.jar --dex-file=/system/framework/framework.jar --dex-location=/system/framework/framework.jar --dex-file=/system/framework/framework-graphics.jar --dex-location=/system/framework/framework-graphics.jar --dex-file=/system/framework/ext.jar --dex-location=/system/framework/ext.jar --dex-file=/system/framework/telephony-common.jar --dex-location=/system/framework/telephony-common.jar --dex-file=/system/framework/voip-common.jar --dex-location=/system/framework/voip-common.jar --dex-file=/system/framework/ims-common.jar --dex-location=/system/framework/ims-common.jar --dex-file=/apex/com.android.i18n/javalib/core-icu4j.jar --dex-location=/apex/com.android.i18n/javalib/core-icu4j.jar --image-fd=5 --output-vdex-fd=6 --oat-fd=7 --oat-location=/system/framework/arm64/boot.oat --single-image --image-format=uncompressed --compiler-filter=verify --profile-file=/apex/com.android.art/etc/boot-image.prof --profile-file=/system/etc/boot-image.prof --avoid-storing-invocation --instruction-set=arm64 --instruction-set-features=runtime --runtime-arg -Xms64m --runtime-arg -Xmx64m --dirty-image-objects=/system/etc/dirty-image-objects --instruction-set-variant=kryo385 --instruction-set-features=default --generate-mini-debug-info
07-05 14:23:36.398  6258  6258 I dex2oat64: setting boot class path to /apex/com.android.art/javalib/core-oj.jar:/apex/com.android.art/javalib/core-libart.jar:/apex/com.android.art/javalib/okhttp.jar:/apex/com.android.art/javalib/bouncycastle.jar:/apex/com.android.art/javalib/apache-xml.jar:/system/framework/framework.jar:/system/framework/framework-graphics.jar:/system/framework/ext.jar:/system/framework/telephony-common.jar:/system/framework/voip-common.jar:/system/framework/ims-common.jar:/apex/com.android.i18n/javalib/core-icu4j.jar
07-05 14:23:36.401  6233  6233 D nativeloader: Configuring classloader-namespace for other apk /data/app/~~JK5RJRqe_wqF46Ue66Vzxg==/com.example.batterymanager_utility-vdW4PSnYnEGH6h2FlPxN6A==/base.apk. target_sdk_version=33, uses_libraries=, library_path=/data/app/~~JK5RJRqe_wqF46Ue66Vzxg==/com.example.batterymanager_utility-vdW4PSnYnEGH6h2FlPxN6A==/lib/arm64, permitted_path=/data:/mnt/expand:/data/user/0/com.example.batterymanager_utility
07-05 14:23:36.407  6233  6233 V GraphicsEnvironment: ANGLE Developer option for 'com.example.batterymanager_utility' set to: 'default'
07-05 14:23:36.407  6233  6233 V GraphicsEnvironment: App is not on the allowlist for updatable production driver.
07-05 14:23:36.409  6233  6233 D NetworkSecurityConfig: No Network Security Config specified, using platform default
07-05 14:23:36.409  6233  6233 D NetworkSecurityConfig: No Network Security Config specified, using platform default
07-05 14:23:36.414  6233  6233 I BatteryMgr:App: creating notification channel
07-05 14:23:36.418  1871  8973 D ConnectivityService: requestNetwork for uid/pid:10209/5919 activeRequest: null callbackRequest: 381 [NetworkRequest [ REQUEST id=382, [ Capabilities: INTERNET&NOT_RESTRICTED&TRUSTED&NOT_VCN_MANAGED Uid: 10209 RequestorUid: 10209 RequestorPkg: com.google.android.apps.chromecast.app UnderlyingNetworks: Null] ]] callback flags: 0 order: 2147483647
07-05 14:23:36.419  1871  2203 D WifiNetworkFactory: got request NetworkRequest [ REQUEST id=382, [ Capabilities: INTERNET&NOT_RESTRICTED&TRUSTED&NOT_VCN_MANAGED Uid: 10209 RequestorUid: 10209 RequestorPkg: com.google.android.apps.chromecast.app UnderlyingNetworks: Null] ]
07-05 14:23:36.419  1871  2203 D UntrustedWifiNetworkFactory: got request NetworkRequest [ REQUEST id=382, [ Capabilities: INTERNET&NOT_RESTRICTED&TRUSTED&NOT_VCN_MANAGED Uid: 10209 RequestorUid: 10209 RequestorPkg: com.google.android.apps.chromecast.app UnderlyingNetworks: Null] ]
07-05 14:23:36.420  1871  2203 D OemPaidWifiNetworkFactory: got request NetworkRequest [ REQUEST id=382, [ Capabilities: INTERNET&NOT_RESTRICTED&TRUSTED&NOT_VCN_MANAGED Uid: 10209 RequestorUid: 10209 RequestorPkg: com.google.android.apps.chromecast.app UnderlyingNetworks: Null] ]
07-05 14:23:36.420  1871  2225 D ConnectivityService: NetReassign [382 : null → 100] [c 0] [a 1] [i 0]
07-05 14:23:36.420  1871  2203 D MultiInternetWifiNetworkFactory: got request NetworkRequest [ REQUEST id=382, [ Capabilities: INTERNET&NOT_RESTRICTED&TRUSTED&NOT_VCN_MANAGED Uid: 10209 RequestorUid: 10209 RequestorPkg: com.google.android.apps.chromecast.app UnderlyingNetworks: Null] ]
07-05 14:23:36.422  5919  6025 I cr_CronetLibraryLoader: Cronet version: 114.0.5735.33, arch: aarch64
07-05 14:23:36.438  1871  8973 D ConnectivityService: Returning BLOCKED NetworkInfo to uid=10209
07-05 14:23:36.438  1871  2225 D ConnectivityService: NetReassign [no changes] [c 0] [a 0] [i 1]
07-05 14:23:36.453  5919  5992 W ConnectionStatusConfig: Dynamic lookup for intent failed for action: com.google.android.gms.homegraph.service.START
07-05 14:23:36.455  1871  3632 W ActivityManager: Unable to start service Intent { act=com.google.android.gms.homegraph.service.START pkg=com.google.android.gms } U=0: not found
07-05 14:23:36.484  1871  1895 W ActivityManager: Unbind failed: could not find connection for android.os.BinderProxy@9bab0a3
07-05 14:23:36.485  5919  5992 W GmsClient: unable to connect to service: com.google.android.gms.homegraph.service.START on com.google.android.gms
07-05 14:23:36.499  1871  1895 D CompatibilityChangeReporter: Compat change id reported: 135634846; UID 10054; state: DISABLED
07-05 14:23:36.499  1871  1895 D CompatibilityChangeReporter: Compat change id reported: 177438394; UID 10054; state: DISABLED
07-05 14:23:36.499  1871  1895 D CompatibilityChangeReporter: Compat change id reported: 135772972; UID 10054; state: DISABLED
07-05 14:23:36.499  1871  1895 D CompatibilityChangeReporter: Compat change id reported: 135754954; UID 10054; state: ENABLED
07-05 14:23:36.499  1871  1996 D CompatibilityChangeReporter: Compat change id reported: 143937733; UID 10054; state: ENABLED
07-05 14:23:36.506  1230  1230 D Zygote  : Forked child process 6281
07-05 14:23:36.506  1871  1996 I ActivityManager: Start proc 6281:android.process.acore/u0a54 for content provider {com.android.providers.contacts/com.android.providers.contacts.ContactsProvider2}
07-05 14:23:36.512  6281  6281 I d.process.acor: Using CollectorTypeCC GC.
07-05 14:23:36.517  6281  6281 E d.process.acor: Not starting debugger since process cannot load the jdwp agent.
07-05 14:23:36.518  6281  6281 D ProcessState: Binder ioctl to enable oneway spam detection failed: Invalid argument
07-05 14:23:36.520  6064  6090 W gkg     : (Possibly expected) - Error changing state for com.google.android.apps.docs.drive.directsharing.ChooserTargetService
07-05 14:23:36.521  6064  6090 W gkg     : (Possibly expected) - Error changing state for com.google.android.apps.docs.drive.directsharing.ChooserTargetService
07-05 14:23:36.522  1871  1895 D CompatibilityChangeReporter: Compat change id reported: 168419799; UID 10054; state: DISABLED
07-05 14:23:36.528  2530  2530 I WallpaperService: engine paused
07-05 14:23:36.530  6281  6281 D CompatibilityChangeReporter: Compat change id reported: 171979766; UID 10054; state: ENABLED
07-05 14:23:36.531  3360  3360 D BoundBrokerSvc: onBind: Intent { act=com.google.android.gms.chimera.container.moduleinstall.ModuleInstallService.START dat=chimera-action: cmp=com.google.android.gms/.chimera.GmsApiService }
07-05 14:23:36.531  3360  3360 D BoundBrokerSvc: Loading bound service for intent: Intent { act=com.google.android.gms.chimera.container.moduleinstall.ModuleInstallService.START dat=chimera-action: cmp=com.google.android.gms/.chimera.GmsApiService }
07-05 14:23:36.546  3854  3854 I A       : (REDACTED) onApplyWindowInsets: systemWindowInsets=%s
07-05 14:23:36.546  3854  3854 I A       : (REDACTED) onApplyWindowInsets: systemWindowInsets=%s
07-05 14:23:36.552  6064  6090 W gkg     : (Possibly expected) - Error changing state for com.google.android.apps.docs.editors.shared.documentcreation.WidgetDocumentCreatorActivity
07-05 14:23:36.552  6064  6090 W gkg     : (Possibly expected) - Error changing state for com.google.android.apps.docs.editors.shared.documentcreation.WidgetDocumentCreatorActivity
07-05 14:23:36.553  6064  6090 W gkg     : (Possibly expected) - Error changing state for com.google.android.apps.docs.editors.shared.documentcreation.ExternalDocumentCreatorActivity
07-05 14:23:36.554  6064  6090 W gkg     : (Possibly expected) - Error changing state for com.google.android.apps.docs.editors.shared.documentcreation.ExternalDocumentCreatorActivity
07-05 14:23:36.558  6064  6090 W gkg     : (Possibly expected) - Error changing state for com.google.android.apps.docs.editors.shared.widgets.NewDocumentWidgetActivity
07-05 14:23:36.558  6064  6090 W gkg     : (Possibly expected) - Error changing state for com.google.android.apps.docs.editors.shared.widgets.NewDocumentWidgetActivity
07-05 14:23:36.559  6281  6281 D nativeloader: Configuring classloader-namespace-shared for other apk /system/priv-app/ContactsProvider/ContactsProvider.apk. target_sdk_version=31, uses_libraries=, library_path=/system/priv-app/ContactsProvider/lib/arm64:/system/lib64:/system_ext/lib64:/product/lib64, permitted_path=/data:/mnt/expand:/data/user/0/com.android.providers.contacts:/system/priv-app/ContactsProvider:/system/lib64:/system_ext/lib64:/product/lib64
07-05 14:23:36.570  6064  6090 W gkg     : (Possibly expected) - Error changing state for com.google.android.apps.docs.editors.shared.export.FileContentProvider
07-05 14:23:36.570  1871  1988 D CompatibilityChangeReporter: Compat change id reported: 158002302; UID 10232; state: ENABLED
07-05 14:23:36.570  6064  6090 W gkg     : (Possibly expected) - Error changing state for com.google.android.apps.docs.editors.shared.export.FileContentProvider
07-05 14:23:36.572  6233  6267 I AdrenoGLES-0: QUALCOMM build                   : 781e7d0, I46ff5fc46f
07-05 14:23:36.572  6233  6267 I AdrenoGLES-0: Build Date                       : 12/01/20
07-05 14:23:36.572  6233  6267 I AdrenoGLES-0: OpenGL ES Shader Compiler Version: EV031.31.04.01
07-05 14:23:36.572  6233  6267 I AdrenoGLES-0: Local Branch                     : QPR1
07-05 14:23:36.572  6233  6267 I AdrenoGLES-0: Remote Branch                    : 
07-05 14:23:36.572  6233  6267 I AdrenoGLES-0: Remote Branch                    : 
07-05 14:23:36.572  6233  6267 I AdrenoGLES-0: Reconstruct Branch               : 
07-05 14:23:36.572  6233  6267 I AdrenoGLES-0: Build Config                     : C P 11.0.1 AArch64
07-05 14:23:36.572  6233  6267 I AdrenoGLES-0: Driver Path                      : /vendor/lib64/egl/libGLESv2_adreno.so
07-05 14:23:36.575  6233  6267 I AdrenoGLES-0: PFP: 0x016ee190, ME: 0x00000000
07-05 14:23:36.576  6233  6267 W AdrenoUtils: <ReadGpuID_from_sysfs:197>: Failed to open /sys/class/kgsl/kgsl-3d0/gpu_model
07-05 14:23:36.576  6233  6267 W AdrenoUtils: <ReadGpuID:221>: Failed to read chip ID from gpu_model. Fallback to use the GSL path
07-05 14:23:36.582   742   767 I SDM     : HWCDisplay::GetColorModeCount: Supported color mode count = 5
07-05 14:23:36.582   739  2358 E HWComposer: getSupportedContentTypes: getSupportedContentTypes failed for display 0: Unsupported (8)
07-05 14:23:36.583  6233  6267 D hw-ProcessState: Binder ioctl to enable oneway spam detection failed: Invalid argument
07-05 14:23:36.583  6064  6090 W gkg     : (Possibly expected) - Error changing state for com.google.android.apps.docs.editors.shared.copypaste.AndroidClipboardContentProvider
07-05 14:23:36.583  6064  6090 W gkg     : (Possibly expected) - Error changing state for com.google.android.apps.docs.editors.shared.copypaste.AndroidClipboardContentProvider
07-05 14:23:36.584   694   694 I hwservicemanager: getTransport: Cannot find entry android.hardware.graphics.mapper@4.0::IMapper/default in either framework or device VINTF manifest.
07-05 14:23:36.584  6233  6310 I Gralloc4: mapper 4.x is not supported
07-05 14:23:36.584  6064  6090 W gkg     : (Possibly expected) - Error changing state for com.google.android.apps.docs.editors.shared.copypaste.AndroidImageContentProvider
07-05 14:23:36.584  6064  6090 W gkg     : (Possibly expected) - Error changing state for com.google.android.apps.docs.editors.shared.copypaste.AndroidImageContentProvider
07-05 14:23:36.585   694   694 I hwservicemanager: getTransport: Cannot find entry android.hardware.graphics.mapper@3.0::IMapper/default in either framework or device VINTF manifest.
07-05 14:23:36.585  6233  6310 W Gralloc3: mapper 3.x is not supported
07-05 14:23:36.587  6064  6090 W gkg     : (Possibly expected) - Error changing state for com.google.android.apps.docs.editors.shared.inserttool.clipboard.InsertToolClipboardContentProvider
07-05 14:23:36.587  6064  6090 W gkg     : (Possibly expected) - Error changing state for com.google.android.apps.docs.editors.shared.inserttool.clipboard.InsertToolClipboardContentProvider
07-05 14:23:36.587   694   694 I hwservicemanager: getTransport: Cannot find entry android.hardware.graphics.allocator@4.0::IAllocator/default in either framework or device VINTF manifest.
07-05 14:23:36.587  6233  6310 W Gralloc4: allocator 4.x is not supported
07-05 14:23:36.587   694   694 I hwservicemanager: getTransport: Cannot find entry android.hardware.graphics.allocator@3.0::IAllocator/default in either framework or device VINTF manifest.
07-05 14:23:36.587  6233  6310 W Gralloc3: allocator 3.x is not supported
07-05 14:23:36.587  6064  6090 W gkg     : (Possibly expected) - Error changing state for com.google.android.apps.docs.editors.shared.inserttool.clipboard.InsertToolImageContentProvider
07-05 14:23:36.588  6064  6090 W gkg     : (Possibly expected) - Error changing state for com.google.android.apps.docs.editors.shared.inserttool.clipboard.InsertToolImageContentProvider
07-05 14:23:36.588  6064  6090 W gkg     : (Possibly expected) - Error changing state for com.google.android.apps.docs.editors.kix.conversion.KixOnlineImportActivity
07-05 14:23:36.588  6064  6090 W gkg     : (Possibly expected) - Error changing state for com.google.android.apps.docs.editors.kix.conversion.KixOnlineImportActivity
07-05 14:23:36.592  6281  6281 V GraphicsEnvironment: ANGLE Developer option for 'com.android.providers.contacts' set to: 'default'
07-05 14:23:36.593  6281  6281 D NetworkSecurityConfig: No Network Security Config specified, using platform default
07-05 14:23:36.594  6281  6281 D NetworkSecurityConfig: No Network Security Config specified, using platform default
07-05 14:23:36.601  1871  1984 W ziparchive: Unable to open '/data/app/~~JK5RJRqe_wqF46Ue66Vzxg==/com.example.batterymanager_utility-vdW4PSnYnEGH6h2FlPxN6A==/base.dm': No such file or directory
07-05 14:23:36.602  1871  1984 I ActivityTaskManager: Displayed com.example.batterymanager_utility/.MainActivity: +383ms
07-05 14:23:36.602  6064  6090 W gkg     : (Possibly expected) - Error changing state for com.google.android.apps.docs.editors.ritz.conversion.RitzOnlineImportActivity
07-05 14:23:36.602  6064  6090 W gkg     : (Possibly expected) - Error changing state for com.google.android.apps.docs.editors.ritz.conversion.RitzOnlineImportActivity
07-05 14:23:36.607  6064  6090 W gkg     : (Possibly expected) - Error changing state for com.google.android.apps.docs.editors.punch.conversion.PunchOnlineImportActivity
07-05 14:23:36.607  6064  6090 W gkg     : (Possibly expected) - Error changing state for com.google.android.apps.docs.editors.punch.conversion.PunchOnlineImportActivity
07-05 14:23:36.614  3583  3583 I GoogleInputMethodService: GoogleInputMethodService.onFinishInput():3306 
07-05 14:23:36.614  3583  3583 I GoogleInputMethodService: GoogleInputMethodService.updateDeviceLockedStatus():2127 repeatCheckTimes = 0, locked = false
07-05 14:23:36.614  3583  3583 I GoogleInputMethodService: GoogleInputMethodService.onStartInput():1909 onStartInput(EditorInfo{inputType=0x0(NULL) imeOptions=0x0 privateImeOptions=null actionName=UNSPECIFIED actionLabel=null actionId=0 initialSelStart=-1 initialSelEnd=-1 initialCapsMode=0x0 hintText=null label=null packageName=com.example.batterymanager_utility fieldId=-1 fieldName=null extras=null hintLocales=[]}, false)
07-05 14:23:36.614  3583  3583 I GoogleInputMethodService: GoogleInputMethodService.shouldHideHeaderOnInitialState():1990 ShouldHideHeaderOnInitialState = false
07-05 14:23:36.615  3583  3583 I GoogleInputMethodService: GoogleInputMethodService.updateDeviceLockedStatus():2127 repeatCheckTimes = 1, locked = false
07-05 14:23:36.617  3854  3854 I A       : onStop
07-05 14:23:36.618  1871  1987 W ProcessStats: Tracking association SourceState{ab73ccf com.google.android.gms/10125 BTopFgs #23571} whose proc state 2 is better than process ProcessState{5a4c6c9 com.google.android.gms.persistent/10125 pkg=com.google.android.gms} proc state 3 (7 skipped)
07-05 14:23:36.612  6281  6281 D nativeloader: Configuring classloader-namespace-shared for other apk /system/priv-app/UserDictionaryProvider/UserDictionaryProvider.apk. target_sdk_version=31, uses_libraries=, library_path=/system/priv-app/UserDictionaryProvider/lib/arm64:/system/lib64:/system_ext/lib64:/product/lib64, permitted_path=/data:/mnt/expand:/data/user/0/com.android.providers.userdictionary:/system/priv-app/UserDictionaryProvider:/system/lib64:/system_ext/lib64:/product/lib64
07-05 14:23:36.641  6281  6281 D nativeloader: Configuring classloader-namespace-shared for other apk /system/priv-app/BlockedNumberProvider/BlockedNumberProvider.apk. target_sdk_version=31, uses_libraries=, library_path=/system/priv-app/BlockedNumberProvider/lib/arm64:/system/lib64:/system_ext/lib64:/product/lib64, permitted_path=/data:/mnt/expand:/data/user_de/0/com.android.providers.blockednumber:/system/priv-app/BlockedNumberProvider:/system/lib64:/system_ext/lib64:/product/lib64
07-05 14:23:36.681  5919  5919 D CompatibilityChangeReporter: Compat change id reported: 119147584; UID 10209; state: ENABLED
07-05 14:23:36.690  5919  6273 I cr_CronetUrlRequestContext: destroyNativeStreamLocked org.chromium.net.impl.CronetBidirectionalStream@9ad8ee0
07-05 14:23:36.690  6281  6281 I ContactsPerf: VoicemailContentProvider.onCreate start
07-05 14:23:36.699  5919  6306 W HomeApp|thg: RPC unavailable for google.internal.home.foyer.v1.AppDataService/GetDeviceProfiles, will retry.
07-05 14:23:36.707  6281  6281 I ContactsPerf: VoicemailContentProvider.onCreate finish
07-05 14:23:36.723  6281  6328 D ActivityThread: Loading provider call_log_shadow: com.android.providers.contacts.ShadowCallLogProvider
07-05 14:23:36.726  6258  6258 I dex2oat64: Using CollectorTypeCC GC.
07-05 14:23:36.745  1871 11595 D CountryDetector: The first listener is added
07-05 14:23:36.748  6281  6328 I CallLogProvider: Syncing call composer pics -- source user=0, isShadow=true, forAllUser=false
07-05 14:23:36.749  6281  6328 I CallLogProvider: Fetching list of Uris to sync
07-05 14:23:36.750  6281  6328 I CallLogProvider: Will sync following Uris:[]
07-05 14:23:36.750  6281  6328 I CallLogProvider: Syncing call composer pics -- got []
07-05 14:23:36.751  6281  6281 I ContactsDatabaseHelper: updateUseStrictPhoneNumberComparison: NL
07-05 14:23:36.797  6281  6333 D ContactsDatabaseHelper: WAL enabled for contacts2.db: true
07-05 14:23:36.799  6015  6094 D CompatibilityChangeReporter: Compat change id reported: 160794467; UID 10176; state: ENABLED
07-05 14:23:36.826  1871 12525 D ConnectivityService: Returning BLOCKED NetworkInfo to uid=10156
07-05 14:23:36.833  6064  6302 I Cello   : [6302:NonCelloThread] cello.cc:546:operator() got notified of network change to offline
07-05 14:23:36.855  6281  6333 I ContactLocale: AddressBook Labels [[en_US]]: […, A, B, C, D, E, F, G, H, I, J, K, L, M, N, O, P, Q, R, S, T, U, V, W, X, Y, Z, Α, Β, Γ, Δ, Ε, Ζ, Η, Θ, Ι, Κ, Λ, Μ, Ν, Ξ, Ο, Π, Ρ, Σ, Τ, Υ, Φ, Χ, Ψ, Ω, …, А, Б, В, Г, Д, Ђ, Е, Є, Ж, З, И, І, Й, Ј, К, Л, Љ, М, Н, Њ, О, П, Р, С, Т, Ћ, У, Ф, Х, Ц, Ч, Џ, Ш, Щ, Ю, Я, …, א, ב, ג, ד, ה, ו, ז, ח, ט, י, כ, ל, מ, נ, ס, ע, פ, צ, ק, ר, ש, ת, …, ا, ب, ت, ث, ج, ح, خ, د, ذ, ر, ز, س, ش, ص, ض, ط, ظ, ع, غ, ف, ق, ك, ل, م, ن, ه, و, ي, …, ก, ข, ฃ, ค, ฅ, ฆ, ง, จ, ฉ, ช, ซ, ฌ, ญ, ฎ, ฏ, ฐ, ฑ, ฒ, ณ, ด, ต, ถ, ท, ธ, น, บ, ป, ผ, ฝ, พ, ฟ, ภ, ม, ย, ร, ฤ, ล, ฦ, ว, ศ, ษ, ส, ห, ฬ, อ, ฮ, …, ㄱ, ㄴ, ㄷ, ㄹ, ㅁ, ㅂ, ㅅ, ㅇ, ㅈ, ㅊ, ㅋ, ㅌ, ㅍ, ㅎ, …, あ, か, さ, た, な, は, ま, や, ら, わ, #, …]
07-05 14:23:36.868  6064  6302 I Cello   : [6302:NonCelloThread] token_bucket.cc:221:Create TokenBucket initialized with max_bucket_size of 300, with each request requiring 10 tokens
07-05 14:23:36.868  6064  6302 I Cello   : [6302:NonCelloThread] token_bucket.cc:221:Create TokenBucket initialized with max_bucket_size of 300, with each request requiring 10 tokens
07-05 14:23:36.868  6064  6302 I Cello   : [6302:NonCelloThread] token_bucket.cc:221:Create TokenBucket initialized with max_bucket_size of 300, with each request requiring 10 tokens
07-05 14:23:36.869  6281  6333 D ContactsDatabaseHelper: WAL enabled for profile.db: false
07-05 14:23:36.891  1871 11595 W InputManager-JNI: Input channel object '3702e08 Splash Screen com.example.batterymanager_utility (client)' was disposed without first being removed with the input manager!
07-05 14:23:36.896  6064  6302 I Cello   : [6302:NonCelloThread] init_task.cc:660:MaybeResyncLocalState Detected no change in default fields, default team drive fields, or existing fields returned by the backend.
07-05 14:23:36.912  1871  1871 I Telecom : DefaultDialerCache: Refreshing default dialer for user 0: now com.google.android.dialer: DDC.oR@DIU
07-05 14:23:36.912  1871  1984 D CompanionDeviceManagerService: onPackageModified(packageName = com.google.android.apps.docs)
07-05 14:23:36.916  1871  2158 I InputReader: Reconfiguring input devices, changes=KEYBOARD_LAYOUTS | 
