07-03 22:45:38.068 30308 30427 I BatteryMgr:DataCollectionService: stats => 1688417138068,110625,4125
07-03 22:45:38.434  1508  9521 D BufferPoolAccessor2.0: bufferpool2 0xe4e80fe8 : 0(0 size) total buffers - 0(0 size) used buffers - 163/173 (recycle/alloc) - 10/173 (fetch/transfer)
07-03 22:45:38.434  1519  2448 D BufferPoolAccessor2.0: bufferpool2 0x7b46a02728 : 0(0 size) total buffers - 0(0 size) used buffers - 251/255 (recycle/alloc) - 7/255 (fetch/transfer)
07-03 22:45:38.435  1519  2448 D BufferPoolAccessor2.0: evictor expired: 1, evicted: 1
07-03 22:45:38.435  1508  9521 D BufferPoolAccessor2.0: bufferpool2 0xe4e80148 : 0(0 size) total buffers - 0(0 size) used buffers - 250/259 (recycle/alloc) - 9/259 (fetch/transfer)
07-03 22:45:38.435  1508  9521 D BufferPoolAccessor2.0: evictor expired: 2, evicted: 2
07-03 22:45:38.667  1871  2309 I MediaFocusControl: requestAudioFocus() from uid/pid 10288/30360 AA=USAGE_MEDIA/CONTENT_TYPE_MOVIE clientId=android.media.AudioManager@a1bcf55 callingPack=x.intervalapp.displaytest req=1 flags=0x0 sdk=33
07-03 22:45:38.667  1871  2252 D ConnectivityService: NetReassign [no changes] [c 0] [a 0] [i 3]
07-03 22:45:38.667  1871  2309 I AudioService.FadeOutManager: unfadeOutUid() uid:10288
07-03 22:45:38.681  1508  1606 D NuPlayerDriver: NuPlayerDriver(0xe8e80830) created, clientPid(30360)
07-03 22:45:38.691  1508  1606 D SurfaceUtils: connecting to surface 0xe3603278, reason setVideoSurfaceTexture
07-03 22:45:38.694  1508 30490 D NuPlayer: onSetVideoSurface(0xe3601940, no video decoder)
07-03 22:45:38.703  1508 30491 D GenericSource: FileSource remote
07-03 22:45:38.711  1504 14737 I SampleTable: There are reordered frames present.
07-03 22:45:38.719  1504 19968 D MediaBufferGroup: creating MemoryDealer
07-03 22:45:38.730 30360 30360 D MediaPlayerNative: getMetadata
07-03 22:45:38.732  1508 30490 I GenericSource: start
07-03 22:45:38.741  1508 30495 D CCodec  : allocate(c2.qti.avc.decoder)
07-03 22:45:38.742  1508 30497 D CCodec  : allocate(c2.android.aac.decoder)
07-03 22:45:38.744  1508 30495 I CCodec  : setting up 'default' as default (vendor) store
07-03 22:45:38.744  1508 30497 I CCodec  : setting up 'default' as default (vendor) store
07-03 22:45:38.745  1309 21951 I QC2Interface: Created Interface (c2.qti.avc.decoder)
07-03 22:45:38.746  1309 21951 E QC2Prop : SK::kPropInputDelay:0
07-03 22:45:38.746  1309 21951 E QC2Prop : SK::kPropOutputDelay:0
07-03 22:45:38.746  1309 21951 I QC2Comp : Create: Allocated component[63] for name c2.qti.avc.decoder
07-03 22:45:38.746  1309 21951 I QC2CompStore: Created component(c2.qti.avc.decoder) id(63)
07-03 22:45:38.747  1519  1659 V C2Store : in init
07-03 22:45:38.747  1519  1659 V C2Store : loading dll
07-03 22:45:38.749  1508 30495 I CCodec  : Created component [c2.qti.avc.decoder]
07-03 22:45:38.750  1508 30495 D CCodecConfig: read media type: video/avc
07-03 22:45:38.751  1508 30495 D ReflectedParamUpdater: extent() != 1 for single value type: output.buffers.pool-ids.values
07-03 22:45:38.753  1508 30497 I CCodec  : Created component [c2.android.aac.decoder]
07-03 22:45:38.753  1508 30497 D CCodecConfig: read media type: audio/mp4a-latm
07-03 22:45:38.756  1508 30497 D ReflectedParamUpdater: extent() != 1 for single value type: algo.buffers.max-count.values
07-03 22:45:38.756  1508 30495 D CCodecConfig: ignoring local param raw.size (0xd2001800) as it is already supported
07-03 22:45:38.756  1508 30495 D CCodecConfig: ignoring local param default.color (0x5200180b) as it is already supported
07-03 22:45:38.756  1508 30495 D CCodecConfig: ignoring local param raw.hdr-static-info (0xd200180a) as it is already supported
07-03 22:45:38.756  1508 30497 D ReflectedParamUpdater: extent() != 1 for single value type: output.subscribed-indices.values
07-03 22:45:38.757  1508 30497 D ReflectedParamUpdater: extent() != 1 for single value type: input.buffers.allocator-ids.values
07-03 22:45:38.757  1508 30497 D ReflectedParamUpdater: extent() != 1 for single value type: output.buffers.allocator-ids.values
07-03 22:45:38.757  1508 30497 D ReflectedParamUpdater: extent() != 1 for single value type: algo.buffers.allocator-ids.values
07-03 22:45:38.757  1508 30497 D ReflectedParamUpdater: extent() != 1 for single value type: output.buffers.pool-ids.values
07-03 22:45:38.757  1508 30497 D ReflectedParamUpdater: extent() != 1 for single value type: algo.buffers.pool-ids.values
07-03 22:45:38.758  1309  2480 E QC2Prop : SK::kPropInputDelay:0
07-03 22:45:38.758  1309  2480 E QC2Prop : SK::kPropOutputDelay:0
07-03 22:45:38.758  1508 30495 I CCodecConfig: query failed after returning 17 values (BAD_INDEX)
07-03 22:45:38.759  1508 30495 D CCodecConfig: c2 config diff is Dict {
07-03 22:45:38.759  1508 30495 D CCodecConfig:   c2::i32 algo.priority.value = -1
07-03 22:45:38.759  1508 30495 D CCodecConfig:   c2::float algo.rate.value = 4.2039e-44
07-03 22:45:38.759  1508 30495 D CCodecConfig:   c2::u32 algo.secure-mode.value = 0
07-03 22:45:38.759  1508 30495 D CCodecConfig:   c2::float coded.frame-rate.value = 30
07-03 22:45:38.759  1508 30495 D CCodecConfig:   c2::u32 coded.pl.level = 20480
07-03 22:45:38.759  1508 30495 D CCodecConfig:   c2::u32 coded.pl.profile = 20480
07-03 22:45:38.759  1508 30495 D CCodecConfig:   c2::u32 coded.vui.color.matrix = 0
07-03 22:45:38.759  1508 30495 D CCodecConfig:   c2::u32 coded.vui.color.primaries = 0
07-03 22:45:38.759  1508 30495 D CCodecConfig:   c2::u32 coded.vui.color.range = 0
07-03 22:45:38.759  1508 30495 D CCodecConfig:   c2::u32 coded.vui.color.transfer = 0
07-03 22:45:38.759  1508 30495 D CCodecConfig:   c2::u32 default.color.matrix = 0
07-03 22:45:38.759  1508 30495 D CCodecConfig:   c2::u32 default.color.primaries = 3
07-03 22:45:38.759  1508 30495 D CCodecConfig:   c2::u32 default.color.range = 2
07-03 22:45:38.759  1508 30495 D CCodecConfig:   c2::u32 default.color.transfer = 0
07-03 22:45:38.759  1508 30495 D CCodecConfig:   c2::u32 input.buffers.max-size.value = 13271040
07-03 22:45:38.759  1508 30495 D CCodecConfig:   c2::u32 input.delay.value = 4
07-03 22:45:38.759  1508 30495 D CCodecConfig:   string input.media-type.value = "video/avc"
07-03 22:45:38.759  1508 30495 D CCodecConfig:   c2::u32 output.delay.value = 18
07-03 22:45:38.759  1508 30495 D CCodecConfig:   string output.media-type.value = "video/raw"
07-03 22:45:38.759  1508 30495 D CCodecConfig:   c2::u32 raw.color.matrix = 0
07-03 22:45:38.759  1508 30495 D CCodecConfig:   c2::u32 raw.color.primaries = 0
07-03 22:45:38.759  1508 30495 D CCodecConfig:   c2::u32 raw.color.range = 0
07-03 22:45:38.759  1508 30495 D CCodecConfig:   c2::u32 raw.color.transfer = 0
07-03 22:45:38.759  1508 30495 D CCodecConfig:   c2::float raw.hdr-static-info.mastering.blue.x = 1.4013e-45
07-03 22:45:38.759  1508 30495 D CCodecConfig:   c2::float raw.hdr-static-info.mastering.blue.y = 1.4013e-45
07-03 22:45:38.759  1508 30495 D CCodecConfig:   c2::float raw.hdr-
07-03 22:45:38.760  1508 30495 W ColorUtils: expected specified color aspects (0:0:0:0)
07-03 22:45:38.761  1508 30497 I CCodecConfig: query failed after returning 19 values (BAD_INDEX)
07-03 22:45:38.761  1508 30493 D SurfaceUtils: disconnecting from surface 0xe3601948, reason onConfigure
07-03 22:45:38.761  1508 30497 D CCodecConfig: c2 config diff is Dict {
07-03 22:45:38.761  1508 30497 D CCodecConfig:   c2::u32 coded.aac-packaging.value = 0
07-03 22:45:38.761  1508 30497 D CCodecConfig:   c2::u32 coded.bitrate.value = 64000
07-03 22:45:38.761  1508 30497 D CCodecConfig:   c2::u32 coded.pl.level = 0
07-03 22:45:38.761  1508 30497 D CCodecConfig:   c2::u32 coded.pl.profile = 8192
07-03 22:45:38.761  1508 30497 D CCodecConfig:   c2::i32 coding.drc.album-mode.value = 0
07-03 22:45:38.761  1508 30497 D CCodecConfig:   c2::float coding.drc.attenuation-factor.value = 1
07-03 22:45:38.761  1508 30497 D CCodecConfig:   c2::float coding.drc.boost-factor.value = 1
07-03 22:45:38.761  1508 30497 D CCodecConfig:   c2::i32 coding.drc.compression-mode.value = 3
07-03 22:45:38.761  1508 30497 D CCodecConfig:   c2::i32 coding.drc.effect-type.value = 3
07-03 22:45:38.761  1508 30497 D CCodecConfig:   c2::float coding.drc.encoded-level.value = 0.25
07-03 22:45:38.761  1508 30497 D CCodecConfig:   c2::float coding.drc.reference-level.value = -16
07-03 22:45:38.761  1508 30497 D CCodecConfig:   c2::u32 input.buffers.max-size.value = 8192
07-03 22:45:38.761  1508 30497 D CCodecConfig:   c2::u32 input.delay.value = 0
07-03 22:45:38.761  1508 30497 D CCodecConfig:   string input.media-type.value = "audio/mp4a-latm"
07-03 22:45:38.761  1508 30497 D CCodecConfig:   c2::u32 output.delay.value = 2
07-03 22:45:38.761  1508 30497 D CCodecConfig:   c2::float output.drc.output-loudness.value = 0.25
07-03 22:45:38.761  1508 30497 D CCodecConfig:   string output.media-type.value = "audio/raw"
07-03 22:45:38.761  1508 30497 D CCodecConfig:   c2::u32 raw.channel-count.value = 1
07-03 22:45:38.761  1508 30497 D CCodecConfig:   c2::u32 raw.max-channel-count.value = 8
07-03 22:45:38.761  1508 30497 D CCodecConfig:   c2::u32 raw.sample-rate.value = 44100
07-03 22:45:38.761  1508 30497 D CCodecConfig: }
07-03 22:45:38.762  1508 30494 D SurfaceUtils: connecting to surface 0xe3601948, reason connectToSurface
07-03 22:45:38.762  1508 30494 I MediaCodec: [c2.qti.avc.decoder] setting surface generation to 1544242
07-03 22:45:38.762  1508 30494 D SurfaceUtils: disconnecting from surface 0xe3601948, reason connectToSurface(reconnect)
07-03 22:45:38.762  1508 30494 D SurfaceUtils: connecting to surface 0xe3601948, reason connectToSurface(reconnect)
07-03 22:45:38.762  1508 30497 D CCodec  : [c2.android.aac.decoder] buffers are bound to CCodec for this session
07-03 22:45:38.762  1508 30497 D CCodecConfig: no c2 equivalents for durationUs
07-03 22:45:38.762  1508 30497 D CCodecConfig: no c2 equivalents for track-id
07-03 22:45:38.762  1508 30497 D CCodecConfig: no c2 equivalents for language
07-03 22:45:38.762  1508 30497 D CCodecConfig: no c2 equivalents for encoder-delay
07-03 22:45:38.762  1508 30497 D CCodecConfig: no c2 equivalents for encoder-padding
07-03 22:45:38.762  1508 30497 D CCodecConfig: no c2 equivalents for flags
07-03 22:45:38.763  1508 30497 D CCodecConfig: config failed => CORRUPTED
07-03 22:45:38.763  1508 30495 D CCodec  : [c2.qti.avc.decoder] buffers are bound to CCodec for this session
07-03 22:45:38.763  1508 30495 D CCodecConfig: no c2 equivalents for durationUs
07-03 22:45:38.763  1508 30497 D CCodecConfig: c2 config diff is   c2::u32 raw.channel-count.value = 2
07-03 22:45:38.763  1508 30497 D CCodecConfig:   c2::u32 raw.sample-rate.value = 48000
07-03 22:45:38.763  1508 30495 D CCodecConfig: no c2 equivalents for frame-count
07-03 22:45:38.763  1508 30495 D CCodecConfig: no c2 equivalents for track-id
07-03 22:45:38.763  1508 30495 D CCodecConfig: no c2 equivalents for language
07-03 22:45:38.763  1508 30495 D CCodecConfig: no c2 equivalents for display-width
07-03 22:45:38.764  1508 30495 D CCodecConfig: no c2 equivalents for display-height
07-03 22:45:38.764  1508 30495 D CCodecConfig: no c2 equivalents for csd-1
07-03 22:45:38.764  1508 30495 D CCodecConfig: no c2 equivalents for native-window
07-03 22:45:38.764  1508 30495 D CCodecConfig: no c2 equivalents for flags
07-03 22:45:38.765  1508 30497 W Codec2Client: query -- param skipped: index = 1107298332.
07-03 22:45:38.765  1508 30497 D CCodec  : client requested max input size 576, which is smaller than what component recommended (8192); overriding with component recommendation.
07-03 22:45:38.765  1508 30497 W CCodec  : This behavior is subject to change. It is recommended that app developers double check whether the requested max input size is in reasonable range.
07-03 22:45:38.765  1508 30497 D CCodec  : setup formats input: AMessage(what = 0x00000000) = {
07-03 22:45:38.765  1508 30497 D CCodec  :   int32_t aac-drc-album-mode = 0
07-03 22:45:38.765  1508 30497 D CCodec  :   int32_t aac-drc-boost-level = 127
07-03 22:45:38.765  1508 30497 D CCodec  :   int32_t aac-drc-cut-level = 127
07-03 22:45:38.765  1508 30497 D CCodec  :   int32_t aac-drc-effect-type = 3
07-03 22:45:38.765  1508 30497 D CCodec  :   int32_t aac-encoded-target-level = -1
07-03 22:45:38.765  1508 30497 D CCodec  :   int32_t aac-max-output-channel_count = 8
07-03 22:45:38.765  1508 30497 D CCodec  :   int32_t aac-target-ref-level = 64
07-03 22:45:38.765  1508 30497 D CCodec  :   int32_t bitrate = 64000
07-03 22:45:38.765  1508 30497 D CCodec  :   int32_t channel-count = 2
07-03 22:45:38.765  1508 30497 D CCodec  :   int32_t level = 0
07-03 22:45:38.765  1508 30497 D CCodec  :   int32_t max-input-size = 8192
07-03 22:45:38.765  1508 30497 D CCodec  :   string mime = "audio/mp4a-latm"
07-03 22:45:38.765  1508 30497 D CCodec  :   int32_t profile = 2
07-03 22:45:38.765  1508 30497 D CCodec  :   int32_t sample-rate = 48000
07-03 22:45:38.765  1508 30497 D CCodec  : }
07-03 22:45:38.765  1508 30497 D CCodec  : setup formats output: AMessage(what = 0x00000000) = {
07-03 22:45:38.765  1508 30497 D CCodec  :   int32_t aac-drc-album-mode = 0
07-03 22:45:38.765  1508 30497 D CCodec  :   int32_t aac-drc-boost-level = 127
07-03 22:45:38.765  1508 30497 D CCodec  :   int32_t aac-drc-cut-level = 127
07-03 22:45:38.765  1508 30497 D CCodec  :   int32_t aac-drc-effect-type = 3
07-03 22:45:38.765  1508 30497 D CCodec  :   int32_t aac-drc-output-loudness = -1
07-03 22:45:38.765  1508 30497 D CCodec  :   int32_t aac-encoded-target-level = -1
07-03 22:45:38.765  1508 30497 D CCodec  :   int32_t aac-max-output-channel_count = 8
07-03 22:45:38.765  1508 30497 D CCodec  :   int32_t aac-target-ref-level = 64
07-03 22:45:38.765  1508 30497 D CCodec  :   int32_t channel-count = 2
07-03 22:45:38.765  1508 30497 D CCodec  :   string mime = "audio/raw"
07-03 22:45:38.765  1508 30497 D CCodec  :   int32_t sample-rate = 48000
07-03 22:45:38.765  1508 30497 D CCodec  :   int32_t encoder-delay = 2048
07-03 22:45:38.765  1508 30497 D CCodec  :   int32_t encoder-padding = 64
07-03 22:45:38.765  1508 30497 D CCodec  : }
07-03 22:45:38.765  1508 30495 D CCodecConfig: c2 config diff is   c2::i32 algo.priority.value = 0
07-03 22:45:38.765  1508 30495 D CCodecConfig:   c2::float algo.rate.value = 30
07-03 22:45:38.765  1508 30495 D CCodecConfig:   c2::u32 coded.pl.level = 20489
07-03 22:45:38.765  1508 30495 D CCodecConfig:   c2::u32 coded.pl.profile = 20484
07-03 22:45:38.765  1508 30495 D CCodecConfig:   c2::u32 input.buffers.max-size.value = 737280
07-03 22:45:38.765  1508 30495 D CCodecConfig:   c2::u32 raw.pixel-format.value = 34
07-03 22:45:38.765  1508 30495 D CCodecConfig:   c2::u32 raw.size.height = 720
07-03 22:45:38.765  1508 30495 D CCodecConfig:   c2::u32 raw.size.width = 1280
07-03 22:45:38.765  1508 30497 I CCodecConfig: query failed after returning 19 values (BAD_INDEX)
07-03 22:45:38.765  1508 30497 I MediaCodec: MediaCodec will operate in async mode
07-03 22:45:38.765  1508 30496 D MediaCodec: keep callback message for reclaim
07-03 22:45:38.766  1508 30497 W Codec2Client: query -- param skipped: index = 1342179345.
07-03 22:45:38.766  1508 30497 W Codec2Client: query -- param skipped: index = 2415921170.
07-03 22:45:38.766  1508 30495 W Codec2Client: query -- param skipped: index = 1107298332.
07-03 22:45:38.766  1508 30497 W Codec2Client: query -- param skipped: index = 1610614798.
07-03 22:45:38.766  1508 30495 D CCodec  : client requested max input size 183475, which is smaller than what component recommended (737280); overriding with component recommendation.
07-03 22:45:38.766  1508 30495 W CCodec  : This behavior is subject to change. It is recommended that app developers double check whether the requested max input size is in reasonable range.
07-03 22:45:38.766  1508 30495 D CCodec  : setup formats input: AMessage(what = 0x00000000) = {
07-03 22:45:38.766  1508 30495 D CCodec  :   int32_t feature-secure-playback = 0
07-03 22:45:38.766  1508 30495 D CCodec  :   int32_t frame-rate = 30
07-03 22:45:38.766  1508 30495 D CCodec  :   int32_t height = 720
07-03 22:45:38.766  1508 30495 D CCodec  :   int32_t level = 512
07-03 22:45:38.766  1508 30495 D CCodec  :   int32_t max-input-size = 737280
07-03 22:45:38.766  1508 30495 D CCodec  :   string mime = "video/avc"
07-03 22:45:38.766  1508 30495 D CCodec  :   int32_t priority = 0
07-03 22:45:38.766  1508 30495 D CCodec  :   int32_t profile = 8
07-03 22:45:38.766  1508 30495 D CCodec  :   int32_t width = 1280
07-03 22:45:38.766  1508 30495 D CCodec  :   Rect crop(0, 0, 1279, 719)
07-03 22:45:38.766  1508 30495 D CCodec  : }
07-03 22:45:38.766  1508 30495 D CCodec  : setup formats output: AMessage(what = 0x00000000) = {
07-03 22:45:38.766  1508 30495 D CCodec  :   int32_t android._color-format = 2130708361
07-03 22:45:38.766  1508 30495 D CCodec  :   int32_t android._video-scaling = 1
07-03 22:45:38.766  1508 30495 D CCodec  :   int32_t android._dataspace = 260
07-03 22:45:38.766  1508 30495 D CCodec  :   int32_t color-standard = 1
07-03 22:45:38.766  1508 30495 D CCodec  :   int32_t color-range = 2
07-03 22:45:38.766  1508 30495 D CCodec  :   int32_t color-transfer = 3
07-03 22:45:38.766  1508 30495 D CCodec  :   int32_t sar-height = 1
07-03 22:45:38.766  1508 30495 D CCodec  :   int32_t rotation-degrees = 0
07-03 22:45:38.766  1508 30495 D CCodec  :   Buffer hdr-static-info = {
07-03 22:45:38.766  1508 30495 D CCodec  :     00000000:  00 00 00 00 00 00 00 00  00 00 00 00 00 00 00 00  ................
07-03 22:45:38.766  1508 30495 D CCodec  :     00000010:  00 00 00 00 00 00 00 00  00                       .........
07-03 22:45:38.766  1508 30495 D CCodec  :   }
07-03 22:45:38.766  1508 30495 D CCodec  :   int32_t sar-width = 1
07-03 22:45:38.766  1508 30495 D CCodec  :   Rect crop(0, 0, 1279, 719)
07-03 22:45:38.766  1508 30495 D CCodec  :   int32_t width = 1280
07-03 22:45:38.766  1508 30495 D CCodec  :   int32_t feature-secure-playback = 0
07-03 22:45:38.766  1508 30495 D CCodec  :   int32_t frame-rate = 30
07-03 22:45:38.766  1508 30495 D CCodec  :   int32_t height = 720
07-03 22:45:38.766  1508 30495 D CCodec  :   int32_t max-height = 1080
07-03 22:45:38.766  1508 30495 D CCodec  :   int32_t max-width = 1920
07-03 22:45:38.766  1508 30495 D CCodec  :   string mime = "video/raw"
07-03 22:45:38.766  1508 30495 D CCodec  :   int32_t priority = 0
07-03 22:45:38.766  1508 30495 D CCodec  :   int32_t color-format = 2130708361
07-03 22:45:38.766  1508 30495 D CCodec  : }
07-03 22:45:38.767  1309  4081 E QC2Prop : SK::kPropInputDelay:0
07-03 22:45:38.767  1309  4081 E QC2Prop : SK::kPropOutputDelay:0
07-03 22:45:38.767  1508 30495 I CCodecConfig: query failed after returning 17 values (BAD_INDEX)
07-03 22:45:38.767  1508 30495 D CCodecConfig: c2 config diff is   c2::u32 raw.max-size.height = 720
07-03 22:45:38.767  1508 30495 D CCodecConfig:   c2::u32 raw.max-size.width = 1280
07-03 22:45:38.768  1508 30497 D CCodecBufferChannel: [c2.android.aac.decoder#623] Created input block pool with allocatorID 16 => poolID 118 - OK (0)
07-03 22:45:38.768  1519 22019 D BufferPoolAccessor2.0: Destruction - bufferpool2 0x7b46a02728 cached: 0/0M, 0/0% in use; allocs: 255, 98% recycled; transfers: 255, 97% unfetched
07-03 22:45:38.769  1508 30494 I MediaCodec: MediaCodec will operate in async mode
07-03 22:45:38.769  1508 30493 D MediaCodec: keep callback message for reclaim
07-03 22:45:38.769  1508  9491 D BufferPoolAccessor2.0: Destruction - bufferpool2 0xe4e80148 cached: 0/0M, 0/0% in use; allocs: 259, 97% recycled; transfers: 259, 97% unfetched
07-03 22:45:38.770  1508 30497 I CCodecBufferChannel: [c2.android.aac.decoder#623] Created output block pool with allocatorID 16 => poolID 84 - OK
07-03 22:45:38.770  1309 30498 I QC2V4l2Driver: [avcD_63] Device /dev/video32 opened with fd: 7
07-03 22:45:38.770  1508 30497 D CCodecBufferChannel: [c2.android.aac.decoder#623] Configured output block pool ids 84 => OK
07-03 22:45:38.771  1519 30499 D SimpleC2Component: Using output block pool with poolID 84 => got 84 - 0
07-03 22:45:38.774  1519 30499 I C2SoftAacDec: Reconfiguring decoder: 0->48000 Hz, 0->2 channels
07-03 22:45:38.777  1508 30497 D CCodecConfig: c2 config diff is   c2::u32 raw.channel-mask.value = 12
07-03 22:45:38.780  1309  2480 E QC2Prop : SK::kPropInputDelay:0
07-03 22:45:38.780  1309  2480 E QC2Prop : SK::kPropOutputDelay:0
07-03 22:45:38.780  1508 30495 W Codec2Client: query -- param skipped: index = 1342179345.
07-03 22:45:38.780  1508 30495 W Codec2Client: query -- param skipped: index = 2415921170.
07-03 22:45:38.780  1508 30495 W Codec2Client: query -- param skipped: index = 1610614798.
07-03 22:45:38.781  1508 30495 D CCodecBufferChannel: [c2.qti.avc.decoder#606] Query input allocators returned 0 params => BAD_INDEX (6)
07-03 22:45:38.781  1508 30495 D CCodecBufferChannel: [c2.qti.avc.decoder#606] Created input block pool with allocatorID 16 => poolID 119 - OK (0)
07-03 22:45:38.781  1508 30495 D CCodecBufferChannel: [c2.qti.avc.decoder#606] Query output allocators returned 0 params => BAD_INDEX (6)
07-03 22:45:38.782  1508 30495 D CCodecBufferChannel: [c2.qti.avc.decoder#606] Query output surface allocator returned 0 params => BAD_INDEX (6)
07-03 22:45:38.782  1508 30495 I CCodecBufferChannel: [c2.qti.avc.decoder#606] Created output block pool with allocatorID 18 => poolID 68 - OK
07-03 22:45:38.782  1508 30495 D CCodecBufferChannel: [c2.qti.avc.decoder#606] Configured output block pool ids 68 => OK
07-03 22:45:38.783  1508 30495 D Codec2-OutputBufferQueue: remote graphic buffer migration 0/0
07-03 22:45:38.783  1508 30495 D Codec2Client: setOutputSurface -- failed to set consumer usage (6/BAD_INDEX)
07-03 22:45:38.783  1508 30495 D Codec2Client: setOutputSurface -- generation=1544242 consumer usage=0x900
07-03 22:45:38.783  1321  3915 D AudioFlinger: Client defaulted notificationFrames to 12000 for frameCount 24000
07-03 22:45:38.784  1321  3915 D AF::TrackHandle: OpPlayAudio: track:114 usage:1 not muted
07-03 22:45:38.785  1309  4081 D C2BqBuffer: local generation change 1544242 , bqId: 130395207106561 migrated buffers # 0
07-03 22:45:38.785  1508 30495 D Codec2Client: Surface configure completed
07-03 22:45:38.785  1508 30494 W ResourceManagerService: Ignoring request to add new resource entry with value <= 0
07-03 22:45:38.790  1508  9492 D BufferPoolAccessor2.0: Destruction - bufferpool2 0xe4e80fe8 cached: 0/0M, 0/0% in use; allocs: 173, 94% recycled; transfers: 173, 94% unfetched
07-03 22:45:38.795  1263  9524 I EffectsFactory: EffectCreate() create_effect
07-03 22:45:38.797  1321  3915 W AudioFlinger: moveEffectChain_l() effect chain for session 0 not on source thread 0x78adf71a70
07-03 22:45:38.801  1263 10611 D audio_route: Apply path: speaker
07-03 22:45:38.801  1263 10611 D audio_hw_primary: enable_snd_device: snd_device(104: vi-feedback)
07-03 22:45:38.801  1263 10611 D audio_route: Apply path: vi-feedback
07-03 22:45:38.801  1263 10611 E audio_hw_utils: audio_extn_utils_send_app_type_cfg: Failed to derive app_type for uc type : 0x1
07-03 22:45:38.801  1263 10611 D ACDB-LOADER: ACDB -> send_audio_cal, acdb_id = 512, path = 1, app id = 0x11132, sample rate = 48000
07-03 22:45:38.801  1263 10611 D ACDB-LOADER: ACDB -> send_asm_topology
07-03 22:45:38.801  1263 10611 D ACDB-LOADER: ACDB -> ACDB_CMD_GET_AUDPROC_STREAM_TOPOLOGY_ID
07-03 22:45:38.801  1263 10611 D ACDB-LOADER: ACDB -> send_adm_topology
07-03 22:45:38.801  1263 10611 D ACDB-LOADER: ACDB -> ACDB_CMD_GET_AUDPROC_COMMON_TOPOLOGY_ID
07-03 22:45:38.801  1263 10611 D ACDB-LOADER: ACDB -> send_audtable
07-03 22:45:38.801  1263 10611 D ACDB-LOADER: ACDB -> ACDB_CMD_GET_AUDPROC_COMMON_TABLE_SIZE
07-03 22:45:38.801  1263 10611 D ACDB-LOADER: ACDB -> ACDB_CMD_GET_AUDPROC_COMMON_TABLE
07-03 22:45:38.801  1263 10611 D ACDB-LOADER: ACDB -> AUDIO_SET_AUDPROC_CAL
07-03 22:45:38.801  1263 10611 D ACDB-LOADER: ACDB -> send_audvoltable
07-03 22:45:38.801  1263 10611 D ACDB-LOADER: ACDB -> ACDB_CMD_GET_AUDPROC_VOL_STEP_TABLE_SIZE
07-03 22:45:38.801  1263 10611 D ACDB-LOADER: ACDB -> ACDB_CMD_GET_AUDPROC_GAIN_DEP_STEP_TABLE, vol index 0
07-03 22:45:38.801  1263 10611 D android.hardware.audio.service: Failed to fetch the lookup information of the device 00000200 
07-03 22:45:38.801  1263 10611 E ACDB-LOADER: Error: ACDB AudProc vol returned = -19
07-03 22:45:38.801  1263 10611 D ACDB-LOADER: ACDB -> AUDIO_SET_VOL_CAL cal type = 12
07-03 22:45:38.801  1263 10611 D ACDB-LOADER: ACDB -> ACDB_CMD_GET_AUDPROC_STREAM_TABLE_SIZE
07-03 22:45:38.801  1263 10611 D ACDB-LOADER: ACDB -> send_audstrmtable
07-03 22:45:38.801  1263 10611 D ACDB-LOADER: ACDB -> ACDB_CMD_GET_AUDPROC_STREAM_TABLE_V2
07-03 22:45:38.801  1263 10611 D ACDB-LOADER: ACDB -> audstrm_cal->cal_type.cal_data.cal_size = 16
07-03 22:45:38.801  1263 10611 D ACDB-LOADER: ACDB -> send_afe_topology
07-03 22:45:38.801  1263 10611 D ACDB-LOADER: ACDB -> ACDB_CMD_GET_AFE_TOPOLOGY_ID
07-03 22:45:38.801  1263 10611 D ACDB-LOADER: ACDB -> GET_AFE_TOPOLOGY_ID for adcd_id 512, Topology Id 10001ccc
07-03 22:45:38.801  1263 10611 D ACDB-LOADER: ACDB -> send_afe_cal
07-03 22:45:38.801  1263 10611 D ACDB-LOADER: ACDB -> ACDB_CMD_GET_AFE_COMMON_TABLE_SIZE
07-03 22:45:38.801  1263 10611 D ACDB-LOADER: ACDB -> ACDB_CMD_GET_AFE_COMMON_TABLE
07-03 22:45:38.801  1263 10611 D ACDB-LOADER: ACDB -> AUDIO_SET_AFE_CAL
07-03 22:45:38.801  1263 10611 D ACDB-LOADER: ACDB -> send_hw_delay : acdb_id = 512 path = 1
07-03 22:45:38.801  1263 10611 D ACDB-LOADER: ACDB -> ACDB_AVSYNC_INFO: ACDB_CMD_GET_DEVICE_PROPERTY
07-03 22:45:38.801  1263 10611 D audio_hw_primary: enable_audio_route: usecase(25) apply and update mixer path: spkr-vi-record vi-feedback
07-03 22:45:38.801  1263 10611 D audio_route: Apply path: spkr-vi-record vi-feedback
07-03 22:45:38.817  1508 30495 D CCodecConfig: c2 config diff is   c2::u32 raw.color.primaries = 3
07-03 22:45:38.817  1508 30495 D CCodecConfig:   c2::u32 raw.color.range = 2
07-03 22:45:38.817  1508 30495 D CCodecConfig:   c2::u32 raw.crop.height = 720
07-03 22:45:38.817  1508 30495 D CCodecConfig:   c2::u32 raw.crop.left = 0
07-03 22:45:38.817  1508 30495 D CCodecConfig:   c2::u32 raw.crop.top = 0
07-03 22:45:38.817  1508 30495 D CCodecConfig:   c2::u32 raw.crop.width = 1280
07-03 22:45:38.817  1508 30495 D CCodecBuffers: [c2.qti.avc.decoder#606:2D-Output] popFromStashAndRegister: at 0us, output format changed to AMessage(what = 0x00000000) = {
07-03 22:45:38.817  1508 30495 D CCodecBuffers:   int32_t android._color-format = 2130708361
07-03 22:45:38.817  1508 30495 D CCodecBuffers:   int32_t android._video-scaling = 1
07-03 22:45:38.817  1508 30495 D CCodecBuffers:   int32_t android._dataspace = 281214976
07-03 22:45:38.817  1508 30495 D CCodecBuffers:   int32_t color-standard = 3
07-03 22:45:38.817  1508 30495 D CCodecBuffers:   int32_t color-range = 2
07-03 22:45:38.817  1508 30495 D CCodecBuffers:   int32_t color-transfer = 3
07-03 22:45:38.817  1508 30495 D CCodecBuffers:   int32_t sar-height = 1
07-03 22:45:38.817  1508 30495 D CCodecBuffers:   int32_t rotation-degrees = 0
07-03 22:45:38.817  1508 30495 D CCodecBuffers:   Buffer hdr-static-info = {
07-03 22:45:38.817  1508 30495 D CCodecBuffers:     00000000:  00 00 00 00 00 00 00 00  00 00 00 00 00 00 00 00  ................
07-03 22:45:38.817  1508 30495 D CCodecBuffers:     00000010:  00 00 00 00 00 00 00 00  00                       .........
07-03 22:45:38.817  1508 30495 D CCodecBuffers:   }
07-03 22:45:38.817  1508 30495 D CCodecBuffers:   int32_t sar-width = 1
07-03 22:45:38.817  1508 30495 D CCodecBuffers:   Rect crop(0, 0, 1279, 719)
07-03 22:45:38.817  1508 30495 D CCodecBuffers:   int32_t width = 1280
07-03 22:45:38.817  1508 30495 D CCodecBuffers:   int32_t feature-secure-playback = 0
07-03 22:45:38.817  1508 30495 D CCodecBuffers:   int32_t frame-rate = 30
07-03 22:45:38.817  1508 30495 D CCodecBuffers:   int32_t height = 720
07-03 22:45:38.817  1508 30495 D CCodecBuffers:   int32_t max-height = 720
07-03 22:45:38.817  1508 30495 D CCodecBuffers:   int32_t max-width = 1280
07-03 22:45:38.817  1508 30495 D CCodecBuffers:   string mime = "video/raw"
07-03 22:45:38.817  1508 30495 D CCodecBuffers:   int32_t priority = 0
07-03 22:45:38.817  1508 30495 D CCodecBuffers:   int32_t color-format = 2130708361
07-03 22:45:38.817  1508 30495 D CCodecBuffers: }
07-03 22:45:38.819 30360 30398 W MediaPlayerNative: info/warning (3, 0)
07-03 22:45:38.837  1263 10611 I soundtrigger: audio_extn_sound_trigger_update_stream_status: send event 3: usecase id 0, type 0
07-03 22:45:38.837  1263 10611 D sound_trigger_platform: platform_stdev_check_and_update_concurrency: concurrency active 0, tx 0, rx 1, concurrency session_allowed 1
07-03 22:45:38.837  1263 10611 D sound_trigger_platform: platform_stdev_check_concurrency_supported: capture concurrency  allowed, usecase type 0 voice_concur 0 voip_concur 0
07-03 22:45:38.838  1263 10611 D msm8974_platform: Setting audio calibration for snd_device(2) acdb_id(513)
07-03 22:45:38.838  1263 10611 E ACDB-LOADER: [acdb_loader_adsp_set_audio_cal] active device/stream not found (result=-100) for topology 0x1000dffb and apptype 0x11134
07-03 22:45:38.838  1263 10611 E ACDB-LOADER: [acdb_loader_adsp_set_audio_cal] set parameters failed with status -100
07-03 22:45:38.838  1263 10611 D msm8974_platform: Setting audio calibration for snd_device(2) acdb_id(513)
07-03 22:45:38.838  1263 10611 D audio_hw_waves: print_state_log: send volume table -(0,0.000000,F),(1,0.000000,F),(2,0.000000,F),(3,0.000000,T),(4,0.000000,F),(5,0.000000,F)
07-03 22:45:38.838  1263 10611 D ACDB-LOADER: ACDB -> send_audio_cal, acdb_id = 513, path = 0, app id = 0x11134, sample rate = 48000
07-03 22:45:38.838  1263 10611 D ACDB-LOADER: ACDB -> send_asm_topology
07-03 22:45:38.838  1263 10611 D ACDB-LOADER: ACDB -> ACDB_CMD_GET_AUDPROC_STREAM_TOPOLOGY_ID
07-03 22:45:38.838  1263 10611 D ACDB-LOADER: ACDB -> send_adm_topology
07-03 22:45:38.838  1263 10611 D ACDB-LOADER: ACDB -> ACDB_CMD_GET_AUDPROC_COMMON_TOPOLOGY_ID
07-03 22:45:38.838  1263 10611 D ACDB-LOADER: ACDB -> send_audtable
07-03 22:45:38.838  1263 10611 D ACDB-LOADER: ACDB -> ACDB_CMD_GET_AUDPROC_COMMON_TABLE_SIZE
07-03 22:45:38.838  1263 10611 D ACDB-LOADER: ACDB -> ACDB_CMD_GET_AUDPROC_COMMON_TABLE
07-03 22:45:38.838  1263 10611 D ACDB-LOADER: ACDB -> AUDIO_SET_AUDPROC_CAL
07-03 22:45:38.838  1263 10611 D ACDB-LOADER: ACDB -> send_audvoltable
07-03 22:45:38.838  1263 10611 D ACDB-LOADER: ACDB -> ACDB_CMD_GET_AUDPROC_VOL_STEP_TABLE_SIZE
07-03 22:45:38.838  1263 10611 D ACDB-LOADER: ACDB -> ACDB_CMD_GET_AUDPROC_GAIN_DEP_STEP_TABLE, vol index 0
07-03 22:45:38.838  1263 10611 D android.hardware.audio.service: Failed to fetch the lookup information of the device 00000201 
07-03 22:45:38.838  1263 10611 E ACDB-LOADER: Error: ACDB AudProc vol returned = -19
07-03 22:45:38.838  1263 10611 D ACDB-LOADER: ACDB -> AUDIO_SET_VOL_CAL cal type = 12
07-03 22:45:38.838  1263 10611 D ACDB-LOADER: ACDB -> ACDB_CMD_GET_AUDPROC_STREAM_TABLE_SIZE
07-03 22:45:38.838  1263 10611 D ACDB-LOADER: ACDB -> send_audstrmtable
07-03 22:45:38.838  1263 10611 D ACDB-LOADER: ACDB -> ACDB_CMD_GET_AUDPROC_STREAM_TABLE_V2
07-03 22:45:38.839  1263 10611 D ACDB-LOADER: ACDB -> audstrm_cal->cal_type.cal_data.cal_size = 456
07-03 22:45:38.839  1263 10611 D ACDB-LOADER: ACDB -> send_afe_topology
07-03 22:45:38.839  1263 10611 D ACDB-LOADER: ACDB -> ACDB_CMD_GET_AFE_TOPOLOGY_ID
07-03 22:45:38.839  1263 10611 D ACDB-LOADER: ACDB -> GET_AFE_TOPOLOGY_ID for adcd_id 513, Topology Id 10000ccc
07-03 22:45:38.839  1263 10611 D ACDB-LOADER: ACDB -> send_afe_cal
07-03 22:45:38.839  1263 10611 D ACDB-LOADER: ACDB -> ACDB_CMD_GET_AFE_COMMON_TABLE_SIZE
07-03 22:45:38.839  1263 10611 D ACDB-LOADER: ACDB -> ACDB_CMD_GET_AFE_COMMON_TABLE
07-03 22:45:38.839  1263 10611 D ACDB-LOADER: ACDB -> AUDIO_SET_AFE_CAL
07-03 22:45:38.839  1263 10611 D ACDB-LOADER: ACDB -> send_hw_delay : acdb_id = 513 path = 0
07-03 22:45:38.839  1263 10611 D ACDB-LOADER: ACDB -> ACDB_AVSYNC_INFO: ACDB_CMD_GET_DEVICE_PROPERTY
07-03 22:45:38.839  1263 10611 D audio_hw_primary: enable_audio_route: usecase(0) apply and update mixer path: deep-buffer-playback speaker
07-03 22:45:38.839  1263 10611 D audio_route: Apply path: deep-buffer-playback speaker
07-03 22:45:38.899  1263 10611 D audio_hw_primary: out_write: retry previous failed cal level set
07-03 22:45:38.989  1321  1822 D AudioFlinger: mixer(0x78ad670a70) throttle end: throttle time(52)
07-03 22:45:39.077 30308 30427 I BatteryMgr:DataCollectionService: stats => 1688417139076,164062,4125
07-03 22:45:40.089 30308 30427 I BatteryMgr:DataCollectionService: stats => 1688417140089,179062,4125
07-03 22:45:41.096 30308 30427 I BatteryMgr:DataCollectionService: stats => 1688417141096,359062,4125
07-03 22:45:41.685  1871  2252 D ConnectivityService: NetReassign [no changes] [c 0] [a 0] [i 3]
07-03 22:45:42.104 30308 30427 I BatteryMgr:DataCollectionService: stats => 1688417142104,226875,4125
07-03 22:45:43.111 30308 30427 I BatteryMgr:DataCollectionService: stats => 1688417143111,201562,4125
07-03 22:45:43.708  1508  1606 D NuPlayerDriver: stop(0xe8e80830)
07-03 22:45:43.710 30360 30360 V MediaPlayer: resetDrmState:  mDrmInfo=null mDrmProvisioningThread=null mPrepareDrmInProgress=false mActiveDrmScheme=false
07-03 22:45:43.710 30360 30360 V MediaPlayer: cleanDrmObj: mDrmObj=null mDrmSessionId=null
07-03 22:45:43.710  1508  1606 D NuPlayerDriver: reset(0xe8e80830) at state 8
07-03 22:45:43.714  1508 30497 D CCodecBuffers: [c2.android.aac.decoder#623:1D-Output.Impl[N]] Client returned a buffer it does not own according to our record: 0
07-03 22:45:43.714  1508 30497 D CCodecBuffers: [c2.android.aac.decoder#623:1D-Output.Impl[N]] Client returned a buffer it does not own according to our record: 1
07-03 22:45:43.714  1508 30497 D CCodecBuffers: [c2.android.aac.decoder#623:1D-Output.Impl[N]] Client returned a buffer it does not own according to our record: 2
07-03 22:45:43.716  1508 30497 I hw-BpHwBinder: onLastStrongRef automatically unlinking death recipients
07-03 22:45:43.716  1519 22019 I hw-BpHwBinder: onLastStrongRef automatically unlinking death recipients
07-03 22:45:43.717  1519 22019 I hw-BpHwBinder: onLastStrongRef automatically unlinking death recipients
07-03 22:45:43.718  1519 22019 V C2Store : in ~ComponentModule
07-03 22:45:43.718  1519 22019 V C2Store : unloading dll
07-03 22:45:43.725  1508 30495 D CCodecBufferChannel: [c2.qti.avc.decoder#606] flushed work; ignored.
07-03 22:45:43.726  1508 30495 D CCodecBufferChannel: [c2.qti.avc.decoder#606] Discard frames from previous generation.
07-03 22:45:43.726  1508 30495 D CCodecBufferChannel: [c2.qti.avc.decoder#606] flushed work; ignored.
07-03 22:45:43.726  1508 30495 D CCodecBufferChannel: [c2.qti.avc.decoder#606] Discard frames from previous generation.
07-03 22:45:43.726  1508 30495 D PipelineWatcher: onWorkDone: frameIndex not found (165); ignored
07-03 22:45:43.730  1309 30498 I QC2V4l2Driver: [avcD_63] Closed device driver with fd: 7
07-03 22:45:43.730  1309 30498 I QC2Comp : NOTE: handleReleaseCodec returning: 0 (OK=0)
07-03 22:45:43.730  1309  2480 I QC2Comp : NOTE: Release returning: 0 (OK=0)
07-03 22:45:43.731  1508 30504 I hw-BpHwBinder: onLastStrongRef automatically unlinking death recipients
07-03 22:45:43.732  1309  2480 I QC2CompStore: Deleting component(c2.qti.avc.decoder) id(63)
07-03 22:45:43.732  1309  2480 I QC2Comp : [avcD_63] Deallocated component c2.qti.avc.decoder [id=63]
07-03 22:45:43.732  1508 30494 D SurfaceUtils: disconnecting from surface 0xe3601948, reason disconnectFromSurface
07-03 22:45:43.733 30360 30502 E BufferQueueProducer: [SurfaceView[x.intervalapp.displaytest/x.intervalapp.displaytest.MainActivity]#1(BLAST Consumer)1](id:769800000001,api:3,p:1508,c:30360) detachBuffer: slot 0 is not owned by the producer (state = FREE)
07-03 22:45:43.733 30360 30502 E BufferQueueProducer: [SurfaceView[x.intervalapp.displaytest/x.intervalapp.displaytest.MainActivity]#1(BLAST Consumer)1](id:769800000001,api:0,p:-1,c:30360) detachBuffer: BufferQueue has no connected producer
07-03 22:45:43.746  1508 30493 D SurfaceUtils: connecting to surface 0xe3601948, reason onShutdown
07-03 22:45:43.752  1508 30490 D NuPlayerDriver: notifyResetComplete(0xe8e80830)
07-03 22:45:43.752  1508  1606 D SurfaceUtils: disconnecting from surface 0xe3603278, reason disconnectNativeWindow
07-03 22:45:43.753  1508  1606 W AMessage: failed to post message as target looper for handler 525 is gone.
07-03 22:45:43.753  1508  1606 W AMessage: failed to post message as target looper for handler 0 is gone.
07-03 22:45:43.755  1871  2309 I MediaFocusControl: abandonAudioFocus() from uid/pid 10288/30360 clientId=android.media.AudioManager@a1bcf55
07-03 22:45:43.764 30360 30360 W MediaPlayer: mediaplayer went away with unhandled events
07-03 22:45:43.764 30360 30360 W MediaPlayer: mediaplayer went away with unhandled events
07-03 22:45:43.914  1263  1361 D audio_hw_waves: print_state_log: send volume table -(0,0.000000,F),(1,0.000000,F),(2,0.000000,F),(3,0.000000,F),(4,0.000000,F),(5,0.000000,F)
07-03 22:45:43.922  1321  1541 W AudioFlinger: moveEffectChain_l() effect chain for session 0 not on source thread 0x78ad670a70
07-03 22:45:44.123 30308 30427 I BatteryMgr:DataCollectionService: stats => 1688417144123,177500,4125
07-03 22:45:44.436  1519  2448 D BufferPoolAccessor2.0: evictor expired: 1, evicted: 0
07-03 22:45:44.436  1508  9521 D BufferPoolAccessor2.0: evictor expired: 2, evicted: 0
07-03 22:45:44.706  1871  2252 D ConnectivityService: NetReassign [no changes] [c 0] [a 1] [i 2]
07-03 22:45:45.135 30308 30427 I BatteryMgr:DataCollectionService: stats => 1688417145135,140000,4125
07-03 22:45:46.152 30308 30427 I BatteryMgr:DataCollectionService: stats => 1688417146152,145312,4125
07-03 22:45:46.900  1263  1361 D audio_hw_primary: disable_audio_route: usecase(0) reset and update mixer path: deep-buffer-playback speaker
07-03 22:45:46.902  1263  1361 I soundtrigger: audio_extn_sound_trigger_update_stream_status: send event 2: usecase id 0, type 0
07-03 22:45:46.902  1263  1361 D sound_trigger_platform: platform_stdev_check_and_update_concurrency: concurrency active 0, tx 0, rx 0, concurrency session_allowed 1
07-03 22:45:46.902  1263  1361 D sound_trigger_platform: platform_stdev_check_concurrency_supported: capture concurrency  allowed, usecase type 0 voice_concur 0 voip_concur 0
07-03 22:45:46.902  1263  1361 I audio_hw_cirrus_playback: audio_extn_spkr_prot_stop_processing: pcm_tx_close
07-03 22:45:46.913  1263  1361 D audio_hw_primary: disable_audio_route: usecase(25) reset and update mixer path: spkr-vi-record vi-feedback
07-03 22:45:46.913  1263  1361 D audio_hw_primary: disable_snd_device: snd_device(104: vi-feedback)
07-03 22:45:47.167 30308 30427 I BatteryMgr:DataCollectionService: stats => 1688417147167,111875,4125
07-03 22:45:47.725  1871  2252 D ConnectivityService: NetReassign [no changes] [c 1] [a 0] [i 3]
07-03 22:45:48.189 30308 30427 I BatteryMgr:DataCollectionService: stats => 1688417148189,106562,4125
07-03 22:45:48.443  1519  2448 D BufferPoolAccessor2.0: bufferpool2 0x7b46a02728 : 0(0 size) total buffers - 0(0 size) used buffers - 253/257 (recycle/alloc) - 7/257 (fetch/transfer)
07-03 22:45:48.443  1508  9521 D BufferPoolAccessor2.0: bufferpool2 0xe4e80148 : 0(0 size) total buffers - 0(0 size) used buffers - 164/174 (recycle/alloc) - 10/174 (fetch/transfer)
07-03 22:45:48.443  1519  2448 D BufferPoolAccessor2.0: evictor expired: 1, evicted: 1
07-03 22:45:48.443  1508  9521 D BufferPoolAccessor2.0: bufferpool2 0xe4e82548 : 0(0 size) total buffers - 0(0 size) used buffers - 250/261 (recycle/alloc) - 11/261 (fetch/transfer)
07-03 22:45:48.443  1508  9521 D BufferPoolAccessor2.0: evictor expired: 2, evicted: 2
07-03 22:45:48.766  1871  7167 I MediaFocusControl: requestAudioFocus() from uid/pid 10288/30360 AA=USAGE_MEDIA/CONTENT_TYPE_MOVIE clientId=android.media.AudioManager@a1bcf55 callingPack=x.intervalapp.displaytest req=1 flags=0x0 sdk=33
07-03 22:45:48.767  1871  7167 I AudioService.FadeOutManager: unfadeOutUid() uid:10288
07-03 22:45:48.781  1508  1606 D NuPlayerDriver: NuPlayerDriver(0xe8e80830) created, clientPid(30360)
07-03 22:45:48.794  1508  1606 D SurfaceUtils: connecting to surface 0xe3601948, reason setVideoSurfaceTexture
07-03 22:45:48.797  1508 30506 D NuPlayer: onSetVideoSurface(0xe3603270, no video decoder)
07-03 22:45:48.806  1508 30507 D GenericSource: FileSource remote
07-03 22:45:48.814  1504 10743 I SampleTable: There are reordered frames present.
07-03 22:45:48.824  1504 19968 D MediaBufferGroup: creating MemoryDealer
07-03 22:45:48.845 30360 30360 D MediaPlayerNative: getMetadata
07-03 22:45:48.846  1508 30506 I GenericSource: start
07-03 22:45:48.855  1508 30511 D CCodec  : allocate(c2.qti.avc.decoder)
07-03 22:45:48.857  1508 30513 D CCodec  : allocate(c2.android.aac.decoder)
07-03 22:45:48.858  1508 30511 I CCodec  : setting up 'default' as default (vendor) store
07-03 22:45:48.858  1309  2480 I QC2Interface: Created Interface (c2.qti.avc.decoder)
07-03 22:45:48.859  1508 30513 I CCodec  : setting up 'default' as default (vendor) store
07-03 22:45:48.860  1519  4479 V C2Store : in init
07-03 22:45:48.860  1519  4479 V C2Store : loading dll
07-03 22:45:48.860  1309  2480 E QC2Prop : SK::kPropInputDelay:0
07-03 22:45:48.860  1309  2480 E QC2Prop : SK::kPropOutputDelay:0
07-03 22:45:48.860  1309  2480 I QC2Comp : Create: Allocated component[64] for name c2.qti.avc.decoder
07-03 22:45:48.861  1309  2480 I QC2CompStore: Created component(c2.qti.avc.decoder) id(64)
07-03 22:45:48.862  1508 30511 I CCodec  : Created component [c2.qti.avc.decoder]
07-03 22:45:48.863  1508 30511 D CCodecConfig: read media type: video/avc
07-03 22:45:48.864  1508 30511 D ReflectedParamUpdater: extent() != 1 for single value type: output.buffers.pool-ids.values
07-03 22:45:48.867  1508 30513 I CCodec  : Created component [c2.android.aac.decoder]
07-03 22:45:48.867  1508 30513 D CCodecConfig: read media type: audio/mp4a-latm
07-03 22:45:48.871  1508 30511 D CCodecConfig: ignoring local param raw.size (0xd2001800) as it is already supported
07-03 22:45:48.871  1508 30513 D ReflectedParamUpdater: extent() != 1 for single value type: algo.buffers.max-count.values
07-03 22:45:48.871  1508 30511 D CCodecConfig: ignoring local param default.color (0x5200180b) as it is already supported
07-03 22:45:48.871  1508 30511 D CCodecConfig: ignoring local param raw.hdr-static-info (0xd200180a) as it is already supported
07-03 22:45:48.871  1508 30513 D ReflectedParamUpdater: extent() != 1 for single value type: output.subscribed-indices.values
07-03 22:45:48.872  1508 30513 D ReflectedParamUpdater: extent() != 1 for single value type: input.buffers.allocator-ids.values
07-03 22:45:48.872  1508 30513 D ReflectedParamUpdater: extent() != 1 for single value type: output.buffers.allocator-ids.values
07-03 22:45:48.872  1508 30513 D ReflectedParamUpdater: extent() != 1 for single value type: algo.buffers.allocator-ids.values
07-03 22:45:48.872  1508 30513 D ReflectedParamUpdater: extent() != 1 for single value type: output.buffers.pool-ids.values
07-03 22:45:48.872  1508 30513 D ReflectedParamUpdater: extent() != 1 for single value type: algo.buffers.pool-ids.values
07-03 22:45:48.873  1309  4081 E QC2Prop : SK::kPropInputDelay:0
07-03 22:45:48.873  1309  4081 E QC2Prop : SK::kPropOutputDelay:0
07-03 22:45:48.874  1508 30511 I CCodecConfig: query failed after returning 17 values (BAD_INDEX)
07-03 22:45:48.875  1508 30511 D CCodecConfig: c2 config diff is Dict {
07-03 22:45:48.875  1508 30511 D CCodecConfig:   c2::i32 algo.priority.value = -1
07-03 22:45:48.875  1508 30511 D CCodecConfig:   c2::float algo.rate.value = 4.2039e-44
07-03 22:45:48.875  1508 30511 D CCodecConfig:   c2::u32 algo.secure-mode.value = 0
07-03 22:45:48.875  1508 30511 D CCodecConfig:   c2::float coded.frame-rate.value = 30
07-03 22:45:48.875  1508 30511 D CCodecConfig:   c2::u32 coded.pl.level = 20480
07-03 22:45:48.875  1508 30511 D CCodecConfig:   c2::u32 coded.pl.profile = 20480
07-03 22:45:48.875  1508 30511 D CCodecConfig:   c2::u32 coded.vui.color.matrix = 0
07-03 22:45:48.875  1508 30511 D CCodecConfig:   c2::u32 coded.vui.color.primaries = 0
07-03 22:45:48.875  1508 30511 D CCodecConfig:   c2::u32 coded.vui.color.range = 0
07-03 22:45:48.875  1508 30511 D CCodecConfig:   c2::u32 coded.vui.color.transfer = 0
07-03 22:45:48.875  1508 30511 D CCodecConfig:   c2::u32 default.color.matrix = 0
07-03 22:45:48.875  1508 30511 D CCodecConfig:   c2::u32 default.color.primaries = 3
07-03 22:45:48.875  1508 30511 D CCodecConfig:   c2::u32 default.color.range = 2
07-03 22:45:48.875  1508 30511 D CCodecConfig:   c2::u32 default.color.transfer = 0
07-03 22:45:48.875  1508 30511 D CCodecConfig:   c2::u32 input.buffers.max-size.value = 13271040
07-03 22:45:48.875  1508 30511 D CCodecConfig:   c2::u32 input.delay.value = 4
07-03 22:45:48.875  1508 30511 D CCodecConfig:   string input.media-type.value = "video/avc"
07-03 22:45:48.875  1508 30511 D CCodecConfig:   c2::u32 output.delay.value = 18
07-03 22:45:48.875  1508 30511 D CCodecConfig:   string output.media-type.value = "video/raw"
07-03 22:45:48.875  1508 30511 D CCodecConfig:   c2::u32 raw.color.matrix = 0
07-03 22:45:48.875  1508 30511 D CCodecConfig:   c2::u32 raw.color.primaries = 0
07-03 22:45:48.875  1508 30511 D CCodecConfig:   c2::u32 raw.color.range = 0
07-03 22:45:48.875  1508 30511 D CCodecConfig:   c2::u32 raw.color.transfer = 0
07-03 22:45:48.875  1508 30511 D CCodecConfig:   c2::float raw.hdr-static-info.mastering.blue.x = 1.4013e-45
07-03 22:45:48.875  1508 30511 D CCodecConfig:   c2::float raw.hdr-static-info.mastering.blue.y = 1.4013e-45
07-03 22:45:48.875  1508 30511 D CCodecConfig:   c2::float raw.hdr-
07-03 22:45:48.876  1508 30511 W ColorUtils: expected specified color aspects (0:0:0:0)
07-03 22:45:48.877  1508 30513 I CCodecConfig: query failed after returning 19 values (BAD_INDEX)
07-03 22:45:48.877  1508 30509 D SurfaceUtils: disconnecting from surface 0xe3603278, reason onConfigure
07-03 22:45:48.877  1508 30513 D CCodecConfig: c2 config diff is Dict {
07-03 22:45:48.877  1508 30513 D CCodecConfig:   c2::u32 coded.aac-packaging.value = 0
07-03 22:45:48.877  1508 30513 D CCodecConfig:   c2::u32 coded.bitrate.value = 64000
07-03 22:45:48.877  1508 30513 D CCodecConfig:   c2::u32 coded.pl.level = 0
07-03 22:45:48.877  1508 30513 D CCodecConfig:   c2::u32 coded.pl.profile = 8192
07-03 22:45:48.877  1508 30513 D CCodecConfig:   c2::i32 coding.drc.album-mode.value = 0
07-03 22:45:48.877  1508 30513 D CCodecConfig:   c2::float coding.drc.attenuation-factor.value = 1
07-03 22:45:48.877  1508 30513 D CCodecConfig:   c2::float coding.drc.boost-factor.value = 1
07-03 22:45:48.877  1508 30513 D CCodecConfig:   c2::i32 coding.drc.compression-mode.value = 3
07-03 22:45:48.877  1508 30513 D CCodecConfig:   c2::i32 coding.drc.effect-type.value = 3
07-03 22:45:48.877  1508 30513 D CCodecConfig:   c2::float coding.drc.encoded-level.value = 0.25
07-03 22:45:48.877  1508 30513 D CCodecConfig:   c2::float coding.drc.reference-level.value = -16
07-03 22:45:48.877  1508 30513 D CCodecConfig:   c2::u32 input.buffers.max-size.value = 8192
07-03 22:45:48.877  1508 30513 D CCodecConfig:   c2::u32 input.delay.value = 0
07-03 22:45:48.877  1508 30513 D CCodecConfig:   string input.media-type.value = "audio/mp4a-latm"
07-03 22:45:48.877  1508 30513 D CCodecConfig:   c2::u32 output.delay.value = 2
07-03 22:45:48.877  1508 30513 D CCodecConfig:   c2::float output.drc.output-loudness.value = 0.25
07-03 22:45:48.877  1508 30513 D CCodecConfig:   string output.media-type.value = "audio/raw"
07-03 22:45:48.877  1508 30513 D CCodecConfig:   c2::u32 raw.channel-count.value = 1
07-03 22:45:48.877  1508 30513 D CCodecConfig:   c2::u32 raw.max-channel-count.value = 8
07-03 22:45:48.877  1508 30513 D CCodecConfig:   c2::u32 raw.sample-rate.value = 44100
07-03 22:45:48.877  1508 30513 D CCodecConfig: }
07-03 22:45:48.878  1508 30510 D SurfaceUtils: connecting to surface 0xe3603278, reason connectToSurface
07-03 22:45:48.878  1508 30510 I MediaCodec: [c2.qti.avc.decoder] setting surface generation to 1544243
07-03 22:45:48.878  1508 30510 D SurfaceUtils: disconnecting from surface 0xe3603278, reason connectToSurface(reconnect)
07-03 22:45:48.878  1508 30510 D SurfaceUtils: connecting to surface 0xe3603278, reason connectToSurface(reconnect)
07-03 22:45:48.879  1508 30513 D CCodec  : [c2.android.aac.decoder] buffers are bound to CCodec for this session
07-03 22:45:48.879  1508 30513 D CCodecConfig: no c2 equivalents for durationUs
07-03 22:45:48.879  1508 30513 D CCodecConfig: no c2 equivalents for track-id
07-03 22:45:48.879  1508 30513 D CCodecConfig: no c2 equivalents for language
07-03 22:45:48.879  1508 30513 D CCodecConfig: no c2 equivalents for encoder-delay
07-03 22:45:48.879  1508 30513 D CCodecConfig: no c2 equivalents for encoder-padding
07-03 22:45:48.879  1508 30513 D CCodecConfig: no c2 equivalents for flags
07-03 22:45:48.879  1508 30511 D CCodec  : [c2.qti.avc.decoder] buffers are bound to CCodec for this session
07-03 22:45:48.879  1508 30511 D CCodecConfig: no c2 equivalents for durationUs
07-03 22:45:48.879  1508 30513 D CCodecConfig: config failed => CORRUPTED
07-03 22:45:48.879  1508 30511 D CCodecConfig: no c2 equivalents for frame-count
07-03 22:45:48.880  1508 30511 D CCodecConfig: no c2 equivalents for track-id
07-03 22:45:48.880  1508 30511 D CCodecConfig: no c2 equivalents for language
07-03 22:45:48.880  1508 30511 D CCodecConfig: no c2 equivalents for display-width
07-03 22:45:48.880  1508 30511 D CCodecConfig: no c2 equivalents for display-height
07-03 22:45:48.880  1508 30511 D CCodecConfig: no c2 equivalents for csd-1
07-03 22:45:48.880  1508 30511 D CCodecConfig: no c2 equivalents for native-window
07-03 22:45:48.880  1508 30511 D CCodecConfig: no c2 equivalents for flags
