07-03 22:45:18.637  1508 30464 D CCodecBuffers:   int32_t android._video-scaling = 1
07-03 22:45:18.637  1508 30464 D CCodecBuffers:   int32_t android._dataspace = 281214976
07-03 22:45:18.637  1508 30464 D CCodecBuffers:   int32_t color-standard = 3
07-03 22:45:18.637  1508 30464 D CCodecBuffers:   int32_t color-range = 2
07-03 22:45:18.637  1508 30464 D CCodecBuffers:   int32_t color-transfer = 3
07-03 22:45:18.637  1508 30464 D CCodecBuffers:   int32_t sar-height = 1
07-03 22:45:18.637  1508 30464 D CCodecBuffers:   int32_t rotation-degrees = 0
07-03 22:45:18.637  1508 30464 D CCodecBuffers:   Buffer hdr-static-info = {
07-03 22:45:18.637  1508 30464 D CCodecBuffers:     00000000:  00 00 00 00 00 00 00 00  00 00 00 00 00 00 00 00  ................
07-03 22:45:18.637  1508 30464 D CCodecBuffers:     00000010:  00 00 00 00 00 00 00 00  00                       .........
07-03 22:45:18.637  1508 30464 D CCodecBuffers:   }
07-03 22:45:18.637  1508 30464 D CCodecBuffers:   int32_t sar-width = 1
07-03 22:45:18.637  1508 30464 D CCodecBuffers:   Rect crop(0, 0, 1279, 719)
07-03 22:45:18.637  1508 30464 D CCodecBuffers:   int32_t width = 1280
07-03 22:45:18.637  1508 30464 D CCodecBuffers:   int32_t feature-secure-playback = 0
07-03 22:45:18.637  1508 30464 D CCodecBuffers:   int32_t frame-rate = 30
07-03 22:45:18.637  1508 30464 D CCodecBuffers:   int32_t height = 720
07-03 22:45:18.637  1508 30464 D CCodecBuffers:   int32_t max-height = 720
07-03 22:45:18.637  1508 30464 D CCodecBuffers:   int32_t max-width = 1280
07-03 22:45:18.637  1508 30464 D CCodecBuffers:   string mime = "video/raw"
07-03 22:45:18.637  1508 30464 D CCodecBuffers:   int32_t priority = 0
07-03 22:45:18.637  1508 30464 D CCodecBuffers:   int32_t color-format = 2130708361
07-03 22:45:18.637  1508 30464 D CCodecBuffers: }
07-03 22:45:18.639 30360 30376 W MediaPlayerNative: info/warning (3, 0)
07-03 22:45:18.651  1263 10611 I soundtrigger: audio_extn_sound_trigger_update_stream_status: send event 3: usecase id 0, type 0
07-03 22:45:18.651  1263 10611 D sound_trigger_platform: platform_stdev_check_and_update_concurrency: concurrency active 0, tx 0, rx 1, concurrency session_allowed 1
07-03 22:45:18.651  1263 10611 D sound_trigger_platform: platform_stdev_check_concurrency_supported: capture concurrency  allowed, usecase type 0 voice_concur 0 voip_concur 0
07-03 22:45:18.652  1263 10611 D msm8974_platform: Setting audio calibration for snd_device(2) acdb_id(513)
07-03 22:45:18.652  1263 10611 E ACDB-LOADER: [acdb_loader_adsp_set_audio_cal] active device/stream not found (result=-100) for topology 0x1000dffb and apptype 0x11134
07-03 22:45:18.652  1263 10611 E ACDB-LOADER: [acdb_loader_adsp_set_audio_cal] set parameters failed with status -100
07-03 22:45:18.652  1263 10611 D msm8974_platform: Setting audio calibration for snd_device(2) acdb_id(513)
07-03 22:45:18.652  1263 10611 D audio_hw_waves: print_state_log: send volume table -(0,0.000000,F),(1,0.000000,F),(2,0.000000,F),(3,0.000000,T),(4,0.000000,F),(5,0.000000,F)
07-03 22:45:18.652  1263 10611 D ACDB-LOADER: ACDB -> send_audio_cal, acdb_id = 513, path = 0, app id = 0x11134, sample rate = 48000
07-03 22:45:18.652  1263 10611 D ACDB-LOADER: ACDB -> send_asm_topology
07-03 22:45:18.652  1263 10611 D ACDB-LOADER: ACDB -> ACDB_CMD_GET_AUDPROC_STREAM_TOPOLOGY_ID
07-03 22:45:18.652  1263 10611 D ACDB-LOADER: ACDB -> send_adm_topology
07-03 22:45:18.652  1263 10611 D ACDB-LOADER: ACDB -> ACDB_CMD_GET_AUDPROC_COMMON_TOPOLOGY_ID
07-03 22:45:18.652  1263 10611 D ACDB-LOADER: ACDB -> send_audtable
07-03 22:45:18.652  1263 10611 D ACDB-LOADER: ACDB -> ACDB_CMD_GET_AUDPROC_COMMON_TABLE_SIZE
07-03 22:45:18.652  1263 10611 D ACDB-LOADER: ACDB -> ACDB_CMD_GET_AUDPROC_COMMON_TABLE
07-03 22:45:18.652  1263 10611 D ACDB-LOADER: ACDB -> AUDIO_SET_AUDPROC_CAL
07-03 22:45:18.652  1263 10611 D ACDB-LOADER: ACDB -> send_audvoltable
07-03 22:45:18.652  1263 10611 D ACDB-LOADER: ACDB -> ACDB_CMD_GET_AUDPROC_VOL_STEP_TABLE_SIZE
07-03 22:45:18.652  1263 10611 D ACDB-LOADER: ACDB -> ACDB_CMD_GET_AUDPROC_GAIN_DEP_STEP_TABLE, vol index 0
07-03 22:45:18.652  1263 10611 D android.hardware.audio.service: Failed to fetch the lookup information of the device 00000201 
07-03 22:45:18.652  1263 10611 E ACDB-LOADER: Error: ACDB AudProc vol returned = -19
07-03 22:45:18.652  1263 10611 D ACDB-LOADER: ACDB -> AUDIO_SET_VOL_CAL cal type = 12
07-03 22:45:18.652  1263 10611 D ACDB-LOADER: ACDB -> ACDB_CMD_GET_AUDPROC_STREAM_TABLE_SIZE
07-03 22:45:18.652  1263 10611 D ACDB-LOADER: ACDB -> send_audstrmtable
07-03 22:45:18.652  1263 10611 D ACDB-LOADER: ACDB -> ACDB_CMD_GET_AUDPROC_STREAM_TABLE_V2
07-03 22:45:18.652  1263 10611 D ACDB-LOADER: ACDB -> audstrm_cal->cal_type.cal_data.cal_size = 456
07-03 22:45:18.652  1263 10611 D ACDB-LOADER: ACDB -> send_afe_topology
07-03 22:45:18.652  1263 10611 D ACDB-LOADER: ACDB -> ACDB_CMD_GET_AFE_TOPOLOGY_ID
07-03 22:45:18.652  1263 10611 D ACDB-LOADER: ACDB -> GET_AFE_TOPOLOGY_ID for adcd_id 513, Topology Id 10000ccc
07-03 22:45:18.652  1263 10611 D ACDB-LOADER: ACDB -> send_afe_cal
07-03 22:45:18.652  1263 10611 D ACDB-LOADER: ACDB -> ACDB_CMD_GET_AFE_COMMON_TABLE_SIZE
07-03 22:45:18.652  1263 10611 D ACDB-LOADER: ACDB -> ACDB_CMD_GET_AFE_COMMON_TABLE
07-03 22:45:18.652  1263 10611 D ACDB-LOADER: ACDB -> AUDIO_SET_AFE_CAL
07-03 22:45:18.652  1263 10611 D ACDB-LOADER: ACDB -> send_hw_delay : acdb_id = 513 path = 0
07-03 22:45:18.652  1263 10611 D ACDB-LOADER: ACDB -> ACDB_AVSYNC_INFO: ACDB_CMD_GET_DEVICE_PROPERTY
07-03 22:45:18.652  1263 10611 D audio_hw_primary: enable_audio_route: usecase(0) apply and update mixer path: deep-buffer-playback speaker
07-03 22:45:18.652  1263 10611 D audio_route: Apply path: deep-buffer-playback speaker
07-03 22:45:18.713  1263 10611 D audio_hw_primary: out_write: retry previous failed cal level set
07-03 22:45:18.805  1321  1822 D AudioFlinger: mixer(0x78ad670a70) throttle end: throttle time(51)
07-03 22:45:18.829 30308 30427 I BatteryMgr:DataCollectionService: stats => 1688417118829,469687,4125
07-03 22:45:19.839 30308 30427 I BatteryMgr:DataCollectionService: stats => 1688417119839,220312,4125
07-03 22:45:20.518  1871  2252 D ConnectivityService: NetReassign [no changes] [c 0] [a 1] [i 2]
07-03 22:45:20.847 30308 30427 I BatteryMgr:DataCollectionService: stats => 1688417120846,289687,4125
07-03 22:45:21.854 30308 30427 I BatteryMgr:DataCollectionService: stats => 1688417121853,232500,4125
07-03 22:45:22.855  1871  2009 I UsageStatsService: User[0] Flushing usage stats to disk
07-03 22:45:22.860 30308 30427 I BatteryMgr:DataCollectionService: stats => 1688417122860,258125,4125
07-03 22:45:23.522  1508  1606 D NuPlayerDriver: stop(0xe8e80830)
07-03 22:45:23.523 30360 30360 V MediaPlayer: resetDrmState:  mDrmInfo=null mDrmProvisioningThread=null mPrepareDrmInProgress=false mActiveDrmScheme=false
07-03 22:45:23.524 30360 30360 V MediaPlayer: cleanDrmObj: mDrmObj=null mDrmSessionId=null
07-03 22:45:23.524  1508  2485 D NuPlayerDriver: reset(0xe8e80830) at state 8
07-03 22:45:23.528  1508 30466 D CCodecBuffers: [c2.android.aac.decoder#161:1D-Output.Impl[N]] Client returned a buffer it does not own according to our record: 0
07-03 22:45:23.528  1508 30466 D CCodecBuffers: [c2.android.aac.decoder#161:1D-Output.Impl[N]] Client returned a buffer it does not own according to our record: 1
07-03 22:45:23.528  1508 30466 D CCodecBuffers: [c2.android.aac.decoder#161:1D-Output.Impl[N]] Client returned a buffer it does not own according to our record: 2
07-03 22:45:23.530  1508 30466 I hw-BpHwBinder: onLastStrongRef automatically unlinking death recipients
07-03 22:45:23.530  1519  4479 I hw-BpHwBinder: onLastStrongRef automatically unlinking death recipients
07-03 22:45:23.530  1519  4479 I hw-BpHwBinder: onLastStrongRef automatically unlinking death recipients
07-03 22:45:23.532  1519  4479 V C2Store : in ~ComponentModule
07-03 22:45:23.532  1519  4479 V C2Store : unloading dll
07-03 22:45:23.543  1871  2252 D ConnectivityService: NetReassign [no changes] [c 0] [a 1] [i 2]
07-03 22:45:23.545  1309 30467 I QC2V4l2Driver: [avcD_61] Closed device driver with fd: 7
07-03 22:45:23.545  1309 30467 I QC2Comp : NOTE: handleReleaseCodec returning: 0 (OK=0)
07-03 22:45:23.545  1309  2480 I QC2Comp : NOTE: Release returning: 0 (OK=0)
07-03 22:45:23.546  1508 30472 I hw-BpHwBinder: onLastStrongRef automatically unlinking death recipients
07-03 22:45:23.546  1508 30463 D SurfaceUtils: disconnecting from surface 0xe3601948, reason disconnectFromSurface
07-03 22:45:23.550  1309  2480 I QC2CompStore: Deleting component(c2.qti.avc.decoder) id(61)
07-03 22:45:23.550  1309  2480 I QC2Comp : [avcD_61] Deallocated component c2.qti.avc.decoder [id=61]
07-03 22:45:23.551 30360 30455 E BufferQueueProducer: [SurfaceView[x.intervalapp.displaytest/x.intervalapp.displaytest.MainActivity]#1(BLAST Consumer)1](id:769800000001,api:0,p:-1,c:30360) detachBuffer: BufferQueue has no connected producer
07-03 22:45:23.556  1508 30462 D SurfaceUtils: connecting to surface 0xe3601948, reason onShutdown
07-03 22:45:23.561  1508 30459 D NuPlayerDriver: notifyResetComplete(0xe8e80830)
07-03 22:45:23.562  1508  2485 D SurfaceUtils: disconnecting from surface 0xe3603278, reason disconnectNativeWindow
07-03 22:45:23.562  1508  2485 W AMessage: failed to post message as target looper for handler 505 is gone.
07-03 22:45:23.562  1508  2485 W AMessage: failed to post message as target looper for handler 0 is gone.
07-03 22:45:23.564  1871  2309 I MediaFocusControl: abandonAudioFocus() from uid/pid 10288/30360 clientId=android.media.AudioManager@a1bcf55
07-03 22:45:23.573 30360 30360 W MediaPlayer: mediaplayer went away with unhandled events
07-03 22:45:23.573 30360 30360 W MediaPlayer: mediaplayer went away with unhandled events
07-03 22:45:23.690  1263  2274 D audio_hw_waves: print_state_log: send volume table -(0,0.000000,F),(1,0.000000,F),(2,0.000000,F),(3,0.000000,F),(4,0.000000,F),(5,0.000000,F)
07-03 22:45:23.697  1321  1541 W AudioFlinger: moveEffectChain_l() effect chain for session 0 not on source thread 0x78ad670a70
07-03 22:45:23.869 30308 30427 I BatteryMgr:DataCollectionService: stats => 1688417123869,280312,4125
07-03 22:45:24.415  1508  9521 D BufferPoolAccessor2.0: evictor expired: 2, evicted: 0
07-03 22:45:24.415  1519  2448 D BufferPoolAccessor2.0: evictor expired: 1, evicted: 0
07-03 22:45:24.882 30308 30427 I BatteryMgr:DataCollectionService: stats => 1688417124881,133125,4125
07-03 22:45:25.897 30308 30427 I BatteryMgr:DataCollectionService: stats => 1688417125897,121562,4125
07-03 22:45:26.574  1871  2252 D ConnectivityService: NetReassign [no changes] [c 0] [a 1] [i 2]
07-03 22:45:26.700  1263  2274 D audio_hw_primary: disable_audio_route: usecase(0) reset and update mixer path: deep-buffer-playback speaker
07-03 22:45:26.702  1263  2274 I soundtrigger: audio_extn_sound_trigger_update_stream_status: send event 2: usecase id 0, type 0
07-03 22:45:26.702  1263  2274 D sound_trigger_platform: platform_stdev_check_and_update_concurrency: concurrency active 0, tx 0, rx 0, concurrency session_allowed 1
07-03 22:45:26.702  1263  2274 D sound_trigger_platform: platform_stdev_check_concurrency_supported: capture concurrency  allowed, usecase type 0 voice_concur 0 voip_concur 0
07-03 22:45:26.703  1263  2274 I audio_hw_cirrus_playback: audio_extn_spkr_prot_stop_processing: pcm_tx_close
07-03 22:45:26.714  1263  2274 D audio_hw_primary: disable_audio_route: usecase(25) reset and update mixer path: spkr-vi-record vi-feedback
07-03 22:45:26.714  1263  2274 D audio_hw_primary: disable_snd_device: snd_device(104: vi-feedback)
07-03 22:45:26.919 30308 30427 I BatteryMgr:DataCollectionService: stats => 1688417126918,137500,4125
07-03 22:45:27.941 30308 30427 I BatteryMgr:DataCollectionService: stats => 1688417127941,123437,4125
07-03 22:45:28.421  1508  9521 D BufferPoolAccessor2.0: bufferpool2 0xe4e82548 : 0(0 size) total buffers - 0(0 size) used buffers - 164/174 (recycle/alloc) - 10/174 (fetch/transfer)
07-03 22:45:28.421  1519  2448 D BufferPoolAccessor2.0: bufferpool2 0x7b46a0b8d8 : 0(0 size) total buffers - 0(0 size) used buffers - 254/257 (recycle/alloc) - 3/257 (fetch/transfer)
07-03 22:45:28.421  1519  2448 D BufferPoolAccessor2.0: evictor expired: 1, evicted: 1
07-03 22:45:28.421  1508  9521 D BufferPoolAccessor2.0: bufferpool2 0xe4e80fe8 : 0(0 size) total buffers - 0(0 size) used buffers - 250/261 (recycle/alloc) - 11/261 (fetch/transfer)
07-03 22:45:28.421  1508  9521 D BufferPoolAccessor2.0: evictor expired: 2, evicted: 2
07-03 22:45:28.573  1871  2309 I MediaFocusControl: requestAudioFocus() from uid/pid 10288/30360 AA=USAGE_MEDIA/CONTENT_TYPE_MOVIE clientId=android.media.AudioManager@a1bcf55 callingPack=x.intervalapp.displaytest req=1 flags=0x0 sdk=33
07-03 22:45:28.574  1871  2309 I AudioService.FadeOutManager: unfadeOutUid() uid:10288
07-03 22:45:28.587  1508  2485 D NuPlayerDriver: NuPlayerDriver(0xe8e80830) created, clientPid(30360)
07-03 22:45:28.601  1508  2485 D SurfaceUtils: connecting to surface 0xe3601948, reason setVideoSurfaceTexture
07-03 22:45:28.603  1508 30475 D NuPlayer: onSetVideoSurface(0xe3603270, no video decoder)
07-03 22:45:28.610  1508 30476 D GenericSource: FileSource remote
07-03 22:45:28.618  1504 14737 I SampleTable: There are reordered frames present.
07-03 22:45:28.628  1504  2441 D MediaBufferGroup: creating MemoryDealer
07-03 22:45:28.636 30360 30360 D MediaPlayerNative: getMetadata
07-03 22:45:28.637  1508 30475 I GenericSource: start
07-03 22:45:28.645  1508 30480 D CCodec  : allocate(c2.qti.avc.decoder)
07-03 22:45:28.646  1508 30482 D CCodec  : allocate(c2.android.aac.decoder)
07-03 22:45:28.648  1508 30480 I CCodec  : setting up 'default' as default (vendor) store
07-03 22:45:28.648  1508 30482 I CCodec  : setting up 'default' as default (vendor) store
07-03 22:45:28.648  1309  2480 I QC2Interface: Created Interface (c2.qti.avc.decoder)
07-03 22:45:28.649  1309  2480 E QC2Prop : SK::kPropInputDelay:0
07-03 22:45:28.649  1309  2480 E QC2Prop : SK::kPropOutputDelay:0
07-03 22:45:28.649  1309  2480 I QC2Comp : Create: Allocated component[62] for name c2.qti.avc.decoder
07-03 22:45:28.649  1309  2480 I QC2CompStore: Created component(c2.qti.avc.decoder) id(62)
07-03 22:45:28.650  1519  1659 V C2Store : in init
07-03 22:45:28.650  1519  1659 V C2Store : loading dll
07-03 22:45:28.651  1508 30480 I CCodec  : Created component [c2.qti.avc.decoder]
07-03 22:45:28.651  1508 30480 D CCodecConfig: read media type: video/avc
07-03 22:45:28.652  1508 30480 D ReflectedParamUpdater: extent() != 1 for single value type: output.buffers.pool-ids.values
07-03 22:45:28.655  1508 30482 I CCodec  : Created component [c2.android.aac.decoder]
07-03 22:45:28.656  1508 30482 D CCodecConfig: read media type: audio/mp4a-latm
07-03 22:45:28.656  1508 30480 D CCodecConfig: ignoring local param raw.size (0xd2001800) as it is already supported
07-03 22:45:28.656  1508 30480 D CCodecConfig: ignoring local param default.color (0x5200180b) as it is already supported
07-03 22:45:28.657  1508 30480 D CCodecConfig: ignoring local param raw.hdr-static-info (0xd200180a) as it is already supported
07-03 22:45:28.658  1309  2480 E QC2Prop : SK::kPropInputDelay:0
07-03 22:45:28.658  1309  2480 E QC2Prop : SK::kPropOutputDelay:0
07-03 22:45:28.658  1508 30482 D ReflectedParamUpdater: extent() != 1 for single value type: algo.buffers.max-count.values
07-03 22:45:28.659  1508 30480 I CCodecConfig: query failed after returning 17 values (BAD_INDEX)
07-03 22:45:28.659  1508 30482 D ReflectedParamUpdater: extent() != 1 for single value type: output.subscribed-indices.values
07-03 22:45:28.659  1508 30482 D ReflectedParamUpdater: extent() != 1 for single value type: input.buffers.allocator-ids.values
07-03 22:45:28.659  1508 30482 D ReflectedParamUpdater: extent() != 1 for single value type: output.buffers.allocator-ids.values
07-03 22:45:28.659  1508 30482 D ReflectedParamUpdater: extent() != 1 for single value type: algo.buffers.allocator-ids.values
07-03 22:45:28.659  1508 30482 D ReflectedParamUpdater: extent() != 1 for single value type: output.buffers.pool-ids.values
07-03 22:45:28.659  1508 30480 D CCodecConfig: c2 config diff is Dict {
07-03 22:45:28.659  1508 30480 D CCodecConfig:   c2::i32 algo.priority.value = -1
07-03 22:45:28.659  1508 30480 D CCodecConfig:   c2::float algo.rate.value = 4.2039e-44
07-03 22:45:28.659  1508 30480 D CCodecConfig:   c2::u32 algo.secure-mode.value = 0
07-03 22:45:28.659  1508 30480 D CCodecConfig:   c2::float coded.frame-rate.value = 30
07-03 22:45:28.659  1508 30480 D CCodecConfig:   c2::u32 coded.pl.level = 20480
07-03 22:45:28.659  1508 30480 D CCodecConfig:   c2::u32 coded.pl.profile = 20480
07-03 22:45:28.659  1508 30480 D CCodecConfig:   c2::u32 coded.vui.color.matrix = 0
07-03 22:45:28.659  1508 30480 D CCodecConfig:   c2::u32 coded.vui.color.primaries = 0
07-03 22:45:28.659  1508 30480 D CCodecConfig:   c2::u32 coded.vui.color.range = 0
07-03 22:45:28.659  1508 30480 D CCodecConfig:   c2::u32 coded.vui.color.transfer = 0
07-03 22:45:28.659  1508 30480 D CCodecConfig:   c2::u32 default.color.matrix = 0
07-03 22:45:28.659  1508 30480 D CCodecConfig:   c2::u32 default.color.primaries = 3
07-03 22:45:28.659  1508 30480 D CCodecConfig:   c2::u32 default.color.range = 2
07-03 22:45:28.659  1508 30480 D CCodecConfig:   c2::u32 default.color.transfer = 0
07-03 22:45:28.659  1508 30480 D CCodecConfig:   c2::u32 input.buffers.max-size.value = 13271040
07-03 22:45:28.659  1508 30480 D CCodecConfig:   c2::u32 input.delay.value = 4
07-03 22:45:28.659  1508 30480 D CCodecConfig:   string input.media-type.value = "video/avc"
07-03 22:45:28.659  1508 30480 D CCodecConfig:   c2::u32 output.delay.value = 18
07-03 22:45:28.659  1508 30480 D CCodecConfig:   string output.media-type.value = "video/raw"
07-03 22:45:28.659  1508 30480 D CCodecConfig:   c2::u32 raw.color.matrix = 0
07-03 22:45:28.659  1508 30480 D CCodecConfig:   c2::u32 raw.color.primaries = 0
07-03 22:45:28.659  1508 30480 D CCodecConfig:   c2::u32 raw.color.range = 0
07-03 22:45:28.659  1508 30480 D CCodecConfig:   c2::u32 raw.color.transfer = 0
07-03 22:45:28.659  1508 30480 D CCodecConfig:   c2::float raw.hdr-static-info.mastering.blue.x = 1.4013e-45
07-03 22:45:28.659  1508 30480 D CCodecConfig:   c2::float raw.hdr-static-info.mastering.blue.y = 1.4013e-45
07-03 22:45:28.659  1508 30480 D CCodecConfig:   c2::float raw.hdr-
07-03 22:45:28.659  1508 30482 D ReflectedParamUpdater: extent() != 1 for single value type: algo.buffers.pool-ids.values
07-03 22:45:28.660  1508 30480 W ColorUtils: expected specified color aspects (0:0:0:0)
07-03 22:45:28.662  1508 30478 D SurfaceUtils: disconnecting from surface 0xe3603278, reason onConfigure
07-03 22:45:28.662  1508 30479 D SurfaceUtils: connecting to surface 0xe3603278, reason connectToSurface
07-03 22:45:28.663  1508 30479 I MediaCodec: [c2.qti.avc.decoder] setting surface generation to 1544241
07-03 22:45:28.663  1508 30479 D SurfaceUtils: disconnecting from surface 0xe3603278, reason connectToSurface(reconnect)
07-03 22:45:28.663  1508 30479 D SurfaceUtils: connecting to surface 0xe3603278, reason connectToSurface(reconnect)
07-03 22:45:28.663  1508 30482 I CCodecConfig: query failed after returning 19 values (BAD_INDEX)
07-03 22:45:28.663  1508 30482 D CCodecConfig: c2 config diff is Dict {
07-03 22:45:28.663  1508 30482 D CCodecConfig:   c2::u32 coded.aac-packaging.value = 0
07-03 22:45:28.663  1508 30482 D CCodecConfig:   c2::u32 coded.bitrate.value = 64000
07-03 22:45:28.663  1508 30482 D CCodecConfig:   c2::u32 coded.pl.level = 0
07-03 22:45:28.663  1508 30482 D CCodecConfig:   c2::u32 coded.pl.profile = 8192
07-03 22:45:28.663  1508 30482 D CCodecConfig:   c2::i32 coding.drc.album-mode.value = 0
07-03 22:45:28.663  1508 30482 D CCodecConfig:   c2::float coding.drc.attenuation-factor.value = 1
07-03 22:45:28.663  1508 30482 D CCodecConfig:   c2::float coding.drc.boost-factor.value = 1
07-03 22:45:28.663  1508 30482 D CCodecConfig:   c2::i32 coding.drc.compression-mode.value = 3
07-03 22:45:28.663  1508 30482 D CCodecConfig:   c2::i32 coding.drc.effect-type.value = 3
07-03 22:45:28.663  1508 30482 D CCodecConfig:   c2::float coding.drc.encoded-level.value = 0.25
07-03 22:45:28.663  1508 30482 D CCodecConfig:   c2::float coding.drc.reference-level.value = -16
07-03 22:45:28.663  1508 30482 D CCodecConfig:   c2::u32 input.buffers.max-size.value = 8192
07-03 22:45:28.663  1508 30482 D CCodecConfig:   c2::u32 input.delay.value = 0
07-03 22:45:28.663  1508 30482 D CCodecConfig:   string input.media-type.value = "audio/mp4a-latm"
07-03 22:45:28.663  1508 30482 D CCodecConfig:   c2::u32 output.delay.value = 2
07-03 22:45:28.663  1508 30482 D CCodecConfig:   c2::float output.drc.output-loudness.value = 0.25
07-03 22:45:28.663  1508 30482 D CCodecConfig:   string output.media-type.value = "audio/raw"
07-03 22:45:28.663  1508 30482 D CCodecConfig:   c2::u32 raw.channel-count.value = 1
07-03 22:45:28.663  1508 30482 D CCodecConfig:   c2::u32 raw.max-channel-count.value = 8
07-03 22:45:28.663  1508 30482 D CCodecConfig:   c2::u32 raw.sample-rate.value = 44100
07-03 22:45:28.663  1508 30482 D CCodecConfig: }
07-03 22:45:28.664  1508 30480 D CCodec  : [c2.qti.avc.decoder] buffers are bound to CCodec for this session
07-03 22:45:28.664  1508 30480 D CCodecConfig: no c2 equivalents for durationUs
07-03 22:45:28.664  1508 30480 D CCodecConfig: no c2 equivalents for frame-count
07-03 22:45:28.664  1508 30480 D CCodecConfig: no c2 equivalents for track-id
07-03 22:45:28.664  1508 30480 D CCodecConfig: no c2 equivalents for language
07-03 22:45:28.664  1508 30480 D CCodecConfig: no c2 equivalents for display-width
07-03 22:45:28.664  1508 30480 D CCodecConfig: no c2 equivalents for display-height
07-03 22:45:28.664  1508 30480 D CCodecConfig: no c2 equivalents for csd-1
07-03 22:45:28.664  1508 30480 D CCodecConfig: no c2 equivalents for native-window
07-03 22:45:28.664  1508 30480 D CCodecConfig: no c2 equivalents for flags
07-03 22:45:28.664  1508 30482 D CCodec  : [c2.android.aac.decoder] buffers are bound to CCodec for this session
07-03 22:45:28.665  1508 30482 D CCodecConfig: no c2 equivalents for durationUs
07-03 22:45:28.665  1508 30482 D CCodecConfig: no c2 equivalents for track-id
07-03 22:45:28.665  1508 30482 D CCodecConfig: no c2 equivalents for language
07-03 22:45:28.665  1508 30482 D CCodecConfig: no c2 equivalents for encoder-delay
07-03 22:45:28.665  1508 30482 D CCodecConfig: no c2 equivalents for encoder-padding
07-03 22:45:28.665  1508 30482 D CCodecConfig: no c2 equivalents for flags
07-03 22:45:28.665  1508 30482 D CCodecConfig: config failed => CORRUPTED
07-03 22:45:28.666  1508 30480 D CCodecConfig: c2 config diff is   c2::i32 algo.priority.value = 0
07-03 22:45:28.666  1508 30480 D CCodecConfig:   c2::float algo.rate.value = 30
07-03 22:45:28.666  1508 30480 D CCodecConfig:   c2::u32 coded.pl.level = 20489
07-03 22:45:28.666  1508 30480 D CCodecConfig:   c2::u32 coded.pl.profile = 20484
07-03 22:45:28.666  1508 30480 D CCodecConfig:   c2::u32 input.buffers.max-size.value = 737280
07-03 22:45:28.666  1508 30480 D CCodecConfig:   c2::u32 raw.pixel-format.value = 34
07-03 22:45:28.666  1508 30480 D CCodecConfig:   c2::u32 raw.size.height = 720
07-03 22:45:28.666  1508 30480 D CCodecConfig:   c2::u32 raw.size.width = 1280
07-03 22:45:28.666  1508 30482 D CCodecConfig: c2 config diff is   c2::u32 raw.channel-count.value = 2
07-03 22:45:28.666  1508 30482 D CCodecConfig:   c2::u32 raw.sample-rate.value = 48000
07-03 22:45:28.667  1508 30482 W Codec2Client: query -- param skipped: index = 1107298332.
07-03 22:45:28.667  1508 30482 D CCodec  : client requested max input size 576, which is smaller than what component recommended (8192); overriding with component recommendation.
07-03 22:45:28.667  1508 30482 W CCodec  : This behavior is subject to change. It is recommended that app developers double check whether the requested max input size is in reasonable range.
07-03 22:45:28.667  1508 30480 W Codec2Client: query -- param skipped: index = 1107298332.
07-03 22:45:28.667  1508 30480 D CCodec  : client requested max input size 183475, which is smaller than what component recommended (737280); overriding with component recommendation.
07-03 22:45:28.667  1508 30480 W CCodec  : This behavior is subject to change. It is recommended that app developers double check whether the requested max input size is in reasonable range.
07-03 22:45:28.667  1508 30482 D CCodec  : setup formats input: AMessage(what = 0x00000000) = {
07-03 22:45:28.667  1508 30482 D CCodec  :   int32_t aac-drc-album-mode = 0
07-03 22:45:28.667  1508 30482 D CCodec  :   int32_t aac-drc-boost-level = 127
07-03 22:45:28.667  1508 30482 D CCodec  :   int32_t aac-drc-cut-level = 127
07-03 22:45:28.667  1508 30482 D CCodec  :   int32_t aac-drc-effect-type = 3
07-03 22:45:28.667  1508 30482 D CCodec  :   int32_t aac-encoded-target-level = -1
07-03 22:45:28.667  1508 30482 D CCodec  :   int32_t aac-max-output-channel_count = 8
07-03 22:45:28.667  1508 30482 D CCodec  :   int32_t aac-target-ref-level = 64
07-03 22:45:28.667  1508 30482 D CCodec  :   int32_t bitrate = 64000
07-03 22:45:28.667  1508 30482 D CCodec  :   int32_t channel-count = 2
07-03 22:45:28.667  1508 30482 D CCodec  :   int32_t level = 0
07-03 22:45:28.667  1508 30482 D CCodec  :   int32_t max-input-size = 8192
07-03 22:45:28.667  1508 30482 D CCodec  :   string mime = "audio/mp4a-latm"
07-03 22:45:28.667  1508 30482 D CCodec  :   int32_t profile = 2
07-03 22:45:28.667  1508 30482 D CCodec  :   int32_t sample-rate = 48000
07-03 22:45:28.667  1508 30482 D CCodec  : }
07-03 22:45:28.667  1508 30480 D CCodec  : setup formats input: AMessage(what = 0x00000000) = {
07-03 22:45:28.667  1508 30480 D CCodec  :   int32_t feature-secure-playback = 0
07-03 22:45:28.667  1508 30480 D CCodec  :   int32_t frame-rate = 30
07-03 22:45:28.667  1508 30480 D CCodec  :   int32_t height = 720
07-03 22:45:28.667  1508 30480 D CCodec  :   int32_t level = 512
07-03 22:45:28.667  1508 30480 D CCodec  :   int32_t max-input-size = 737280
07-03 22:45:28.667  1508 30480 D CCodec  :   string mime = "video/avc"
07-03 22:45:28.667  1508 30480 D CCodec  :   int32_t priority = 0
07-03 22:45:28.667  1508 30480 D CCodec  :   int32_t profile = 8
07-03 22:45:28.667  1508 30480 D CCodec  :   int32_t width = 1280
07-03 22:45:28.667  1508 30480 D CCodec  :   Rect crop(0, 0, 1279, 719)
07-03 22:45:28.667  1508 30480 D CCodec  : }
07-03 22:45:28.667  1508 30482 D CCodec  : setup formats output: AMessage(what = 0x00000000) = {
07-03 22:45:28.667  1508 30482 D CCodec  :   int32_t aac-drc-album-mode = 0
07-03 22:45:28.667  1508 30482 D CCodec  :   int32_t aac-drc-boost-level = 127
07-03 22:45:28.667  1508 30482 D CCodec  :   int32_t aac-drc-cut-level = 127
07-03 22:45:28.667  1508 30482 D CCodec  :   int32_t aac-drc-effect-type = 3
07-03 22:45:28.667  1508 30482 D CCodec  :   int32_t aac-drc-output-loudness = -1
07-03 22:45:28.667  1508 30482 D CCodec  :   int32_t aac-encoded-target-level = -1
07-03 22:45:28.667  1508 30482 D CCodec  :   int32_t aac-max-output-channel_count = 8
07-03 22:45:28.667  1508 30482 D CCodec  :   int32_t aac-target-ref-level = 64
07-03 22:45:28.667  1508 30482 D CCodec  :   int32_t channel-count = 2
07-03 22:45:28.667  1508 30482 D CCodec  :   string mime = "audio/raw"
07-03 22:45:28.667  1508 30482 D CCodec  :   int32_t sample-rate = 48000
07-03 22:45:28.667  1508 30482 D CCodec  :   int32_t encoder-delay = 2048
07-03 22:45:28.667  1508 30482 D CCodec  :   int32_t encoder-padding = 64
07-03 22:45:28.667  1508 30482 D CCodec  : }
07-03 22:45:28.667  1508 30480 D CCodec  : setup formats output: AMessage(what = 0x00000000) = {
07-03 22:45:28.667  1508 30480 D CCodec  :   int32_t android._color-format = 2130708361
07-03 22:45:28.667  1508 30480 D CCodec  :   int32_t android._video-scaling = 1
07-03 22:45:28.667  1508 30480 D CCodec  :   int32_t android._dataspace = 260
07-03 22:45:28.667  1508 30480 D CCodec  :   int32_t color-standard = 1
07-03 22:45:28.667  1508 30480 D CCodec  :   int32_t color-range = 2
07-03 22:45:28.667  1508 30480 D CCodec  :   int32_t color-transfer = 3
07-03 22:45:28.667  1508 30480 D CCodec  :   int32_t sar-height = 1
07-03 22:45:28.667  1508 30480 D CCodec  :   int32_t rotation-degrees = 0
07-03 22:45:28.667  1508 30480 D CCodec  :   Buffer hdr-static-info = {
07-03 22:45:28.667  1508 30480 D CCodec  :     00000000:  00 00 00 00 00 00 00 00  00 00 00 00 00 00 00 00  ................
07-03 22:45:28.667  1508 30480 D CCodec  :     00000010:  00 00 00 00 00 00 00 00  00                       .........
07-03 22:45:28.667  1508 30480 D CCodec  :   }
07-03 22:45:28.667  1508 30480 D CCodec  :   int32_t sar-width = 1
07-03 22:45:28.667  1508 30480 D CCodec  :   Rect crop(0, 0, 1279, 719)
07-03 22:45:28.667  1508 30480 D CCodec  :   int32_t width = 1280
07-03 22:45:28.667  1508 30480 D CCodec  :   int32_t feature-secure-playback = 0
07-03 22:45:28.667  1508 30480 D CCodec  :   int32_t frame-rate = 30
07-03 22:45:28.667  1508 30480 D CCodec  :   int32_t height = 720
07-03 22:45:28.667  1508 30480 D CCodec  :   int32_t max-height = 1080
07-03 22:45:28.667  1508 30480 D CCodec  :   int32_t max-width = 1920
07-03 22:45:28.667  1508 30480 D CCodec  :   string mime = "video/raw"
07-03 22:45:28.667  1508 30480 D CCodec  :   int32_t priority = 0
07-03 22:45:28.667  1508 30480 D CCodec  :   int32_t color-format = 2130708361
07-03 22:45:28.667  1508 30480 D CCodec  : }
07-03 22:45:28.667  1309  2480 E QC2Prop : SK::kPropInputDelay:0
07-03 22:45:28.667  1508 30482 I CCodecConfig: query failed after returning 19 values (BAD_INDEX)
07-03 22:45:28.667  1309  2480 E QC2Prop : SK::kPropOutputDelay:0
07-03 22:45:28.668  1508 30480 I CCodecConfig: query failed after returning 17 values (BAD_INDEX)
07-03 22:45:28.668  1508 30482 I MediaCodec: MediaCodec will operate in async mode
07-03 22:45:28.668  1508 30481 D MediaCodec: keep callback message for reclaim
07-03 22:45:28.668  1508 30480 D CCodecConfig: c2 config diff is   c2::u32 raw.max-size.height = 720
07-03 22:45:28.668  1508 30480 D CCodecConfig:   c2::u32 raw.max-size.width = 1280
07-03 22:45:28.669  1508 30482 W Codec2Client: query -- param skipped: index = 1342179345.
07-03 22:45:28.669  1508 30482 W Codec2Client: query -- param skipped: index = 2415921170.
07-03 22:45:28.669  1508 30482 W Codec2Client: query -- param skipped: index = 1610614798.
07-03 22:45:28.669  1508 30479 I MediaCodec: MediaCodec will operate in async mode
07-03 22:45:28.669  1508 30478 D MediaCodec: keep callback message for reclaim
07-03 22:45:28.670  1508 30482 D CCodecBufferChannel: [c2.android.aac.decoder#901] Created input block pool with allocatorID 16 => poolID 116 - OK (0)
07-03 22:45:28.670  1519  4479 D BufferPoolAccessor2.0: Destruction - bufferpool2 0x7b46a0b8d8 cached: 0/0M, 0/0% in use; allocs: 257, 99% recycled; transfers: 257, 99% unfetched
07-03 22:45:28.671  1309 30483 I QC2V4l2Driver: [avcD_62] Device /dev/video32 opened with fd: 7
07-03 22:45:28.672  1508  9492 D BufferPoolAccessor2.0: Destruction - bufferpool2 0xe4e80fe8 cached: 0/0M, 0/0% in use; allocs: 261, 96% recycled; transfers: 261, 96% unfetched
07-03 22:45:28.672  1508 30482 I CCodecBufferChannel: [c2.android.aac.decoder#901] Created output block pool with allocatorID 16 => poolID 83 - OK
07-03 22:45:28.672  1508 30482 D CCodecBufferChannel: [c2.android.aac.decoder#901] Configured output block pool ids 83 => OK
07-03 22:45:28.673  1519 30484 D SimpleC2Component: Using output block pool with poolID 83 => got 83 - 0
07-03 22:45:28.676  1519 30484 I C2SoftAacDec: Reconfiguring decoder: 0->48000 Hz, 0->2 channels
07-03 22:45:28.679  1508 30482 D CCodecConfig: c2 config diff is   c2::u32 raw.channel-mask.value = 12
07-03 22:45:28.682  1309  2480 E QC2Prop : SK::kPropInputDelay:0
07-03 22:45:28.682  1309  2480 E QC2Prop : SK::kPropOutputDelay:0
07-03 22:45:28.682  1508 30480 W Codec2Client: query -- param skipped: index = 1342179345.
07-03 22:45:28.682  1508 30480 W Codec2Client: query -- param skipped: index = 2415921170.
07-03 22:45:28.682  1508 30480 W Codec2Client: query -- param skipped: index = 1610614798.
07-03 22:45:28.682  1508 30480 D CCodecBufferChannel: [c2.qti.avc.decoder#475] Query input allocators returned 0 params => BAD_INDEX (6)
07-03 22:45:28.683  1508 30480 D CCodecBufferChannel: [c2.qti.avc.decoder#475] Created input block pool with allocatorID 16 => poolID 117 - OK (0)
07-03 22:45:28.683  1508 30480 D CCodecBufferChannel: [c2.qti.avc.decoder#475] Query output allocators returned 0 params => BAD_INDEX (6)
07-03 22:45:28.683  1508 30480 D CCodecBufferChannel: [c2.qti.avc.decoder#475] Query output surface allocator returned 0 params => BAD_INDEX (6)
07-03 22:45:28.684  1508 30480 I CCodecBufferChannel: [c2.qti.avc.decoder#475] Created output block pool with allocatorID 18 => poolID 67 - OK
07-03 22:45:28.684  1508 30480 D CCodecBufferChannel: [c2.qti.avc.decoder#475] Configured output block pool ids 67 => OK
07-03 22:45:28.684  1508 30480 D Codec2-OutputBufferQueue: remote graphic buffer migration 0/0
07-03 22:45:28.685  1508 30480 D Codec2Client: setOutputSurface -- failed to set consumer usage (6/BAD_INDEX)
07-03 22:45:28.685  1508 30480 D Codec2Client: setOutputSurface -- generation=1544241 consumer usage=0x900
07-03 22:45:28.686  1309  2480 D C2BqBuffer: local generation change 1544241 , bqId: 130395207106561 migrated buffers # 0
07-03 22:45:28.686  1508 30480 D Codec2Client: Surface configure completed
07-03 22:45:28.686  1508 30479 W ResourceManagerService: Ignoring request to add new resource entry with value <= 0
07-03 22:45:28.686  1321  3915 D AudioFlinger: Client defaulted notificationFrames to 12000 for frameCount 24000
07-03 22:45:28.688  1321  3915 D AF::TrackHandle: OpPlayAudio: track:113 usage:1 not muted
07-03 22:45:28.688  1508 10608 D BufferPoolAccessor2.0: Destruction - bufferpool2 0xe4e82548 cached: 0/0M, 0/0% in use; allocs: 174, 94% recycled; transfers: 174, 94% unfetched
07-03 22:45:28.694  1263  1361 I EffectsFactory: EffectCreate() create_effect
07-03 22:45:28.695  1321  3915 W AudioFlinger: moveEffectChain_l() effect chain for session 0 not on source thread 0x78adf71a70
07-03 22:45:28.698  1263 10611 D audio_route: Apply path: speaker
07-03 22:45:28.698  1263 10611 D audio_hw_primary: enable_snd_device: snd_device(104: vi-feedback)
07-03 22:45:28.698  1263 10611 D audio_route: Apply path: vi-feedback
07-03 22:45:28.698  1263 10611 E audio_hw_utils: audio_extn_utils_send_app_type_cfg: Failed to derive app_type for uc type : 0x1
07-03 22:45:28.698  1263 10611 D ACDB-LOADER: ACDB -> send_audio_cal, acdb_id = 512, path = 1, app id = 0x11132, sample rate = 48000
07-03 22:45:28.698  1263 10611 D ACDB-LOADER: ACDB -> send_asm_topology
07-03 22:45:28.698  1263 10611 D ACDB-LOADER: ACDB -> ACDB_CMD_GET_AUDPROC_STREAM_TOPOLOGY_ID
07-03 22:45:28.698  1263 10611 D ACDB-LOADER: ACDB -> send_adm_topology
07-03 22:45:28.698  1263 10611 D ACDB-LOADER: ACDB -> ACDB_CMD_GET_AUDPROC_COMMON_TOPOLOGY_ID
07-03 22:45:28.698  1263 10611 D ACDB-LOADER: ACDB -> send_audtable
07-03 22:45:28.698  1263 10611 D ACDB-LOADER: ACDB -> ACDB_CMD_GET_AUDPROC_COMMON_TABLE_SIZE
07-03 22:45:28.698  1263 10611 D ACDB-LOADER: ACDB -> ACDB_CMD_GET_AUDPROC_COMMON_TABLE
07-03 22:45:28.698  1263 10611 D ACDB-LOADER: ACDB -> AUDIO_SET_AUDPROC_CAL
07-03 22:45:28.698  1263 10611 D ACDB-LOADER: ACDB -> send_audvoltable
07-03 22:45:28.698  1263 10611 D ACDB-LOADER: ACDB -> ACDB_CMD_GET_AUDPROC_VOL_STEP_TABLE_SIZE
07-03 22:45:28.698  1263 10611 D ACDB-LOADER: ACDB -> ACDB_CMD_GET_AUDPROC_GAIN_DEP_STEP_TABLE, vol index 0
07-03 22:45:28.698  1263 10611 D android.hardware.audio.service: Failed to fetch the lookup information of the device 00000200 
07-03 22:45:28.698  1263 10611 E ACDB-LOADER: Error: ACDB AudProc vol returned = -19
07-03 22:45:28.698  1263 10611 D ACDB-LOADER: ACDB -> AUDIO_SET_VOL_CAL cal type = 12
07-03 22:45:28.698  1263 10611 D ACDB-LOADER: ACDB -> ACDB_CMD_GET_AUDPROC_STREAM_TABLE_SIZE
07-03 22:45:28.698  1263 10611 D ACDB-LOADER: ACDB -> send_audstrmtable
07-03 22:45:28.698  1263 10611 D ACDB-LOADER: ACDB -> ACDB_CMD_GET_AUDPROC_STREAM_TABLE_V2
07-03 22:45:28.698  1263 10611 D ACDB-LOADER: ACDB -> audstrm_cal->cal_type.cal_data.cal_size = 16
07-03 22:45:28.698  1263 10611 D ACDB-LOADER: ACDB -> send_afe_topology
07-03 22:45:28.698  1263 10611 D ACDB-LOADER: ACDB -> ACDB_CMD_GET_AFE_TOPOLOGY_ID
07-03 22:45:28.698  1263 10611 D ACDB-LOADER: ACDB -> GET_AFE_TOPOLOGY_ID for adcd_id 512, Topology Id 10001ccc
07-03 22:45:28.698  1263 10611 D ACDB-LOADER: ACDB -> send_afe_cal
07-03 22:45:28.698  1263 10611 D ACDB-LOADER: ACDB -> ACDB_CMD_GET_AFE_COMMON_TABLE_SIZE
07-03 22:45:28.698  1263 10611 D ACDB-LOADER: ACDB -> ACDB_CMD_GET_AFE_COMMON_TABLE
07-03 22:45:28.698  1263 10611 D ACDB-LOADER: ACDB -> AUDIO_SET_AFE_CAL
07-03 22:45:28.698  1263 10611 D ACDB-LOADER: ACDB -> send_hw_delay : acdb_id = 512 path = 1
07-03 22:45:28.698  1263 10611 D ACDB-LOADER: ACDB -> ACDB_AVSYNC_INFO: ACDB_CMD_GET_DEVICE_PROPERTY
07-03 22:45:28.698  1263 10611 D audio_hw_primary: enable_audio_route: usecase(25) apply and update mixer path: spkr-vi-record vi-feedback
07-03 22:45:28.698  1263 10611 D audio_route: Apply path: spkr-vi-record vi-feedback
07-03 22:45:28.712  1508 30480 D CCodecConfig: c2 config diff is   c2::u32 raw.color.primaries = 3
07-03 22:45:28.712  1508 30480 D CCodecConfig:   c2::u32 raw.color.range = 2
07-03 22:45:28.712  1508 30480 D CCodecConfig:   c2::u32 raw.crop.height = 720
07-03 22:45:28.712  1508 30480 D CCodecConfig:   c2::u32 raw.crop.left = 0
07-03 22:45:28.712  1508 30480 D CCodecConfig:   c2::u32 raw.crop.top = 0
07-03 22:45:28.712  1508 30480 D CCodecConfig:   c2::u32 raw.crop.width = 1280
07-03 22:45:28.713  1508 30480 D CCodecBuffers: [c2.qti.avc.decoder#475:2D-Output] popFromStashAndRegister: at 0us, output format changed to AMessage(what = 0x00000000) = {
07-03 22:45:28.713  1508 30480 D CCodecBuffers:   int32_t android._color-format = 2130708361
07-03 22:45:28.713  1508 30480 D CCodecBuffers:   int32_t android._video-scaling = 1
07-03 22:45:28.713  1508 30480 D CCodecBuffers:   int32_t android._dataspace = 281214976
07-03 22:45:28.713  1508 30480 D CCodecBuffers:   int32_t color-standard = 3
07-03 22:45:28.713  1508 30480 D CCodecBuffers:   int32_t color-range = 2
07-03 22:45:28.713  1508 30480 D CCodecBuffers:   int32_t color-transfer = 3
07-03 22:45:28.713  1508 30480 D CCodecBuffers:   int32_t sar-height = 1
07-03 22:45:28.713  1508 30480 D CCodecBuffers:   int32_t rotation-degrees = 0
07-03 22:45:28.713  1508 30480 D CCodecBuffers:   Buffer hdr-static-info = {
07-03 22:45:28.713  1508 30480 D CCodecBuffers:     00000000:  00 00 00 00 00 00 00 00  00 00 00 00 00 00 00 00  ................
07-03 22:45:28.713  1508 30480 D CCodecBuffers:     00000010:  00 00 00 00 00 00 00 00  00                       .........
07-03 22:45:28.713  1508 30480 D CCodecBuffers:   }
07-03 22:45:28.713  1508 30480 D CCodecBuffers:   int32_t sar-width = 1
07-03 22:45:28.713  1508 30480 D CCodecBuffers:   Rect crop(0, 0, 1279, 719)
07-03 22:45:28.713  1508 30480 D CCodecBuffers:   int32_t width = 1280
07-03 22:45:28.713  1508 30480 D CCodecBuffers:   int32_t feature-secure-playback = 0
07-03 22:45:28.713  1508 30480 D CCodecBuffers:   int32_t frame-rate = 30
07-03 22:45:28.713  1508 30480 D CCodecBuffers:   int32_t height = 720
07-03 22:45:28.713  1508 30480 D CCodecBuffers:   int32_t max-height = 720
07-03 22:45:28.713  1508 30480 D CCodecBuffers:   int32_t max-width = 1280
07-03 22:45:28.713  1508 30480 D CCodecBuffers:   string mime = "video/raw"
07-03 22:45:28.713  1508 30480 D CCodecBuffers:   int32_t priority = 0
07-03 22:45:28.713  1508 30480 D CCodecBuffers:   int32_t color-format = 2130708361
07-03 22:45:28.713  1508 30480 D CCodecBuffers: }
07-03 22:45:28.714 30360 30376 W MediaPlayerNative: info/warning (3, 0)
07-03 22:45:28.733  1263 10611 I soundtrigger: audio_extn_sound_trigger_update_stream_status: send event 3: usecase id 0, type 0
07-03 22:45:28.733  1263 10611 D sound_trigger_platform: platform_stdev_check_and_update_concurrency: concurrency active 0, tx 0, rx 1, concurrency session_allowed 1
07-03 22:45:28.733  1263 10611 D sound_trigger_platform: platform_stdev_check_concurrency_supported: capture concurrency  allowed, usecase type 0 voice_concur 0 voip_concur 0
07-03 22:45:28.734  1263 10611 D msm8974_platform: Setting audio calibration for snd_device(2) acdb_id(513)
07-03 22:45:28.734  1263 10611 E ACDB-LOADER: [acdb_loader_adsp_set_audio_cal] active device/stream not found (result=-100) for topology 0x1000dffb and apptype 0x11134
07-03 22:45:28.734  1263 10611 E ACDB-LOADER: [acdb_loader_adsp_set_audio_cal] set parameters failed with status -100
07-03 22:45:28.734  1263 10611 D msm8974_platform: Setting audio calibration for snd_device(2) acdb_id(513)
07-03 22:45:28.735  1263 10611 D audio_hw_waves: print_state_log: send volume table -(0,0.000000,F),(1,0.000000,F),(2,0.000000,F),(3,0.000000,T),(4,0.000000,F),(5,0.000000,F)
07-03 22:45:28.735  1263 10611 D ACDB-LOADER: ACDB -> send_audio_cal, acdb_id = 513, path = 0, app id = 0x11134, sample rate = 48000
07-03 22:45:28.735  1263 10611 D ACDB-LOADER: ACDB -> send_asm_topology
07-03 22:45:28.735  1263 10611 D ACDB-LOADER: ACDB -> ACDB_CMD_GET_AUDPROC_STREAM_TOPOLOGY_ID
07-03 22:45:28.735  1263 10611 D ACDB-LOADER: ACDB -> send_adm_topology
07-03 22:45:28.735  1263 10611 D ACDB-LOADER: ACDB -> ACDB_CMD_GET_AUDPROC_COMMON_TOPOLOGY_ID
07-03 22:45:28.735  1263 10611 D ACDB-LOADER: ACDB -> send_audtable
07-03 22:45:28.735  1263 10611 D ACDB-LOADER: ACDB -> ACDB_CMD_GET_AUDPROC_COMMON_TABLE_SIZE
07-03 22:45:28.735  1263 10611 D ACDB-LOADER: ACDB -> ACDB_CMD_GET_AUDPROC_COMMON_TABLE
07-03 22:45:28.735  1263 10611 D ACDB-LOADER: ACDB -> AUDIO_SET_AUDPROC_CAL
07-03 22:45:28.735  1263 10611 D ACDB-LOADER: ACDB -> send_audvoltable
07-03 22:45:28.735  1263 10611 D ACDB-LOADER: ACDB -> ACDB_CMD_GET_AUDPROC_VOL_STEP_TABLE_SIZE
07-03 22:45:28.735  1263 10611 D ACDB-LOADER: ACDB -> ACDB_CMD_GET_AUDPROC_GAIN_DEP_STEP_TABLE, vol index 0
07-03 22:45:28.735  1263 10611 D android.hardware.audio.service: Failed to fetch the lookup information of the device 00000201 
07-03 22:45:28.735  1263 10611 E ACDB-LOADER: Error: ACDB AudProc vol returned = -19
07-03 22:45:28.735  1263 10611 D ACDB-LOADER: ACDB -> AUDIO_SET_VOL_CAL cal type = 12
07-03 22:45:28.735  1263 10611 D ACDB-LOADER: ACDB -> ACDB_CMD_GET_AUDPROC_STREAM_TABLE_SIZE
07-03 22:45:28.735  1263 10611 D ACDB-LOADER: ACDB -> send_audstrmtable
07-03 22:45:28.735  1263 10611 D ACDB-LOADER: ACDB -> ACDB_CMD_GET_AUDPROC_STREAM_TABLE_V2
07-03 22:45:28.735  1263 10611 D ACDB-LOADER: ACDB -> audstrm_cal->cal_type.cal_data.cal_size = 456
07-03 22:45:28.735  1263 10611 D ACDB-LOADER: ACDB -> send_afe_topology
07-03 22:45:28.735  1263 10611 D ACDB-LOADER: ACDB -> ACDB_CMD_GET_AFE_TOPOLOGY_ID
07-03 22:45:28.735  1263 10611 D ACDB-LOADER: ACDB -> GET_AFE_TOPOLOGY_ID for adcd_id 513, Topology Id 10000ccc
07-03 22:45:28.735  1263 10611 D ACDB-LOADER: ACDB -> send_afe_cal
07-03 22:45:28.735  1263 10611 D ACDB-LOADER: ACDB -> ACDB_CMD_GET_AFE_COMMON_TABLE_SIZE
07-03 22:45:28.735  1263 10611 D ACDB-LOADER: ACDB -> ACDB_CMD_GET_AFE_COMMON_TABLE
07-03 22:45:28.735  1263 10611 D ACDB-LOADER: ACDB -> AUDIO_SET_AFE_CAL
07-03 22:45:28.735  1263 10611 D ACDB-LOADER: ACDB -> send_hw_delay : acdb_id = 513 path = 0
07-03 22:45:28.735  1263 10611 D ACDB-LOADER: ACDB -> ACDB_AVSYNC_INFO: ACDB_CMD_GET_DEVICE_PROPERTY
07-03 22:45:28.735  1263 10611 D audio_hw_primary: enable_audio_route: usecase(0) apply and update mixer path: deep-buffer-playback speaker
07-03 22:45:28.735  1263 10611 D audio_route: Apply path: deep-buffer-playback speaker
07-03 22:45:28.801  1263 10611 D audio_hw_primary: out_write: retry previous failed cal level set
07-03 22:45:28.895  1321  1822 D AudioFlinger: mixer(0x78ad670a70) throttle end: throttle time(45)
07-03 22:45:28.952 30308 30427 I BatteryMgr:DataCollectionService: stats => 1688417128952,222812,4125
07-03 22:45:28.964  1508 30477 W VideoFrameSchedulerBase: correction beyond limit: 10559351 vs 4999999 (vsyncs for last frame: 2, min: 2) restarting. render=13240650766000
07-03 22:45:29.604  1871  2252 D ConnectivityService: NetReassign [no changes] [c 0] [a 0] [i 2]
07-03 22:45:29.962 30308 30427 I BatteryMgr:DataCollectionService: stats => 1688417129962,189687,4125
07-03 22:45:30.970 30308 30427 I BatteryMgr:DataCollectionService: stats => 1688417130970,169375,4125
07-03 22:45:31.977 30308 30427 I BatteryMgr:DataCollectionService: stats => 1688417131977,402500,4125
07-03 22:45:32.625  1871  2252 D ConnectivityService: NetReassign [no changes] [c 0] [a 1] [i 3]
07-03 22:45:32.984 30308 30427 I BatteryMgr:DataCollectionService: stats => 1688417132983,235000,4125
07-03 22:45:33.613  1508  2485 D NuPlayerDriver: stop(0xe8e80830)
07-03 22:45:33.618 30360 30360 V MediaPlayer: resetDrmState:  mDrmInfo=null mDrmProvisioningThread=null mPrepareDrmInProgress=false mActiveDrmScheme=false
07-03 22:45:33.619 30360 30360 V MediaPlayer: cleanDrmObj: mDrmObj=null mDrmSessionId=null
07-03 22:45:33.619  1508  1606 D NuPlayerDriver: reset(0xe8e80830) at state 8
07-03 22:45:33.625  1508 30482 D CCodecBuffers: [c2.android.aac.decoder#901:1D-Output.Impl[N]] Client returned a buffer it does not own according to our record: 0
07-03 22:45:33.625  1508 30482 D CCodecBuffers: [c2.android.aac.decoder#901:1D-Output.Impl[N]] Client returned a buffer it does not own according to our record: 1
07-03 22:45:33.625  1508 30482 D CCodecBuffers: [c2.android.aac.decoder#901:1D-Output.Impl[N]] Client returned a buffer it does not own according to our record: 2
07-03 22:45:33.630  1508 30482 I hw-BpHwBinder: onLastStrongRef automatically unlinking death recipients
07-03 22:45:33.630  1519  4479 I hw-BpHwBinder: onLastStrongRef automatically unlinking death recipients
07-03 22:45:33.630  1519  4479 I hw-BpHwBinder: onLastStrongRef automatically unlinking death recipients
07-03 22:45:33.633  1519  4479 V C2Store : in ~ComponentModule
07-03 22:45:33.633  1519  4479 V C2Store : unloading dll
07-03 22:45:33.641  1309 30483 I QC2V4l2Driver: [avcD_62] Closed device driver with fd: 7
07-03 22:45:33.641  1309 30483 I QC2Comp : NOTE: handleReleaseCodec returning: 0 (OK=0)
07-03 22:45:33.641  1309  2480 I QC2Comp : NOTE: Release returning: 0 (OK=0)
07-03 22:45:33.641  1508 30479 D SurfaceUtils: disconnecting from surface 0xe3603278, reason disconnectFromSurface
07-03 22:45:33.642  1508 30488 I hw-BpHwBinder: onLastStrongRef automatically unlinking death recipients
07-03 22:45:33.643  1309  2480 I QC2CompStore: Deleting component(c2.qti.avc.decoder) id(62)
07-03 22:45:33.643  1309  2480 I QC2Comp : [avcD_62] Deallocated component c2.qti.avc.decoder [id=62]
07-03 22:45:33.644 30360 30398 E BufferQueueProducer: [SurfaceView[x.intervalapp.displaytest/x.intervalapp.displaytest.MainActivity]#1(BLAST Consumer)1](id:769800000001,api:0,p:-1,c:30360) detachBuffer: BufferQueue has no connected producer
07-03 22:45:33.649  1508 30478 D SurfaceUtils: connecting to surface 0xe3603278, reason onShutdown
07-03 22:45:33.655  1508 30475 D NuPlayerDriver: notifyResetComplete(0xe8e80830)
07-03 22:45:33.655  1508  1606 D SurfaceUtils: disconnecting from surface 0xe3601948, reason disconnectNativeWindow
07-03 22:45:33.656  1508  1606 W AMessage: failed to post message as target looper for handler 515 is gone.
07-03 22:45:33.656  1508  1606 W AMessage: failed to post message as target looper for handler 0 is gone.
07-03 22:45:33.658  1871  2507 I MediaFocusControl: abandonAudioFocus() from uid/pid 10288/30360 clientId=android.media.AudioManager@a1bcf55
07-03 22:45:33.667 30360 30360 W MediaPlayer: mediaplayer went away with unhandled events
07-03 22:45:33.667 30360 30360 W MediaPlayer: mediaplayer went away with unhandled events
07-03 22:45:33.819  1263  1361 D audio_hw_waves: print_state_log: send volume table -(0,0.000000,F),(1,0.000000,F),(2,0.000000,F),(3,0.000000,F),(4,0.000000,F),(5,0.000000,F)
07-03 22:45:33.823  1321  1541 W AudioFlinger: moveEffectChain_l() effect chain for session 0 not on source thread 0x78ad670a70
07-03 22:45:33.995 30308 30427 I BatteryMgr:DataCollectionService: stats => 1688417133995,215625,4125
07-03 22:45:34.423  1508  9521 D BufferPoolAccessor2.0: evictor expired: 2, evicted: 0
07-03 22:45:34.424  1519  2448 D BufferPoolAccessor2.0: evictor expired: 1, evicted: 0
07-03 22:45:35.014 30308 30427 I BatteryMgr:DataCollectionService: stats => 1688417135013,136875,4125
07-03 22:45:35.645  1871  2252 D ConnectivityService: NetReassign [no changes] [c 1] [a 0] [i 2]
07-03 22:45:36.029 30308 30427 I BatteryMgr:DataCollectionService: stats => 1688417136028,149062,4125
07-03 22:45:36.800  1263  2814 D audio_hw_primary: disable_audio_route: usecase(0) reset and update mixer path: deep-buffer-playback speaker
07-03 22:45:36.802  1263  2814 I soundtrigger: audio_extn_sound_trigger_update_stream_status: send event 2: usecase id 0, type 0
07-03 22:45:36.802  1263  2814 D sound_trigger_platform: platform_stdev_check_and_update_concurrency: concurrency active 0, tx 0, rx 0, concurrency session_allowed 1
07-03 22:45:36.802  1263  2814 D sound_trigger_platform: platform_stdev_check_concurrency_supported: capture concurrency  allowed, usecase type 0 voice_concur 0 voip_concur 0
07-03 22:45:36.802  1263  2814 I audio_hw_cirrus_playback: audio_extn_spkr_prot_stop_processing: pcm_tx_close
07-03 22:45:36.811  1263  2814 D audio_hw_primary: disable_audio_route: usecase(25) reset and update mixer path: spkr-vi-record vi-feedback
07-03 22:45:36.812  1263  2814 D audio_hw_primary: disable_snd_device: snd_device(104: vi-feedback)
07-03 22:45:37.048 30308 30427 I BatteryMgr:DataCollectionService: stats => 1688417137048,149062,4125
