06-11 21:24:53.036 28492 28492 I zygote64:   at void com.android.internal.os.ZygoteInit.main(java.lang.String[]) (ZygoteInit.java:1374)
06-11 21:24:53.036 28492 28492 I zygote64: 
06-11 21:24:53.036 28492 28492 I zygote64: Rejecting re-init on previously-failed class java.lang.Class<androidx.core.view.ViewCompat$2>: java.lang.NoClassDefFoundError: Failed resolution of: Landroid/view/View$OnUnhandledKeyEventListener;
06-11 21:24:53.036 28492 28492 I zygote64:   at void androidx.core.view.ViewCompat.setOnApplyWindowInsetsListener(android.view.View, androidx.core.view.OnApplyWindowInsetsListener) (ViewCompat.java:2436)
06-11 21:24:53.036 28492 28492 I zygote64:   at android.view.ViewGroup androidx.appcompat.app.AppCompatDelegateImpl.createSubDecor() (AppCompatDelegateImpl.java:779)
06-11 21:24:53.036 28492 28492 I zygote64:   at void androidx.appcompat.app.AppCompatDelegateImpl.ensureSubDecor() (AppCompatDelegateImpl.java:659)
06-11 21:24:53.036 28492 28492 I zygote64:   at void androidx.appcompat.app.AppCompatDelegateImpl.setContentView(int) (AppCompatDelegateImpl.java:552)
06-11 21:24:53.036 28492 28492 I zygote64:   at void androidx.appcompat.app.AppCompatActivity.setContentView(int) (AppCompatActivity.java:161)
06-11 21:24:53.036 28492 28492 I zygote64:   at void e.www.microphonetest.MainActivity.onCreate(android.os.Bundle) (MainActivity.kt:24)
06-11 21:24:53.036 28492 28492 I zygote64:   at void android.app.Activity.performCreate(android.os.Bundle) (Activity.java:7174)
06-11 21:24:53.036 28492 28492 I zygote64:   at void android.app.Instrumentation.callActivityOnCreate(android.app.Activity, android.os.Bundle) (Instrumentation.java:1220)
06-11 21:24:53.036 28492 28492 I zygote64:   at android.app.Activity android.app.ActivityThread.performLaunchActivity(android.app.ActivityThread$ActivityClientRecord, android.content.Intent) (ActivityThread.java:2910)
06-11 21:24:53.036 28492 28492 I zygote64:   at void android.app.ActivityThread.handleLaunchActivity(android.app.ActivityThread$ActivityClientRecord, android.content.Intent, java.lang.String) (ActivityThread.java:3032)
06-11 21:24:53.036 28492 28492 I zygote64:   at void android.app.ActivityThread.-wrap11(android.app.ActivityThread, android.app.ActivityThread$ActivityClientRecord, android.content.Intent, java.lang.String) (ActivityThread.java:-1)
06-11 21:24:53.036 28492 28492 I zygote64:   at void android.app.ActivityThread$H.handleMessage(android.os.Message) (ActivityThread.java:1696)
06-11 21:24:53.036 28492 28492 I zygote64:   at void android.os.Handler.dispatchMessage(android.os.Message) (Handler.java:105)
06-11 21:24:53.036 28492 28492 I zygote64:   at void android.os.Looper.loop() (Looper.java:164)
06-11 21:24:53.036 28492 28492 I zygote64:   at void android.app.ActivityThread.main(java.lang.String[]) (ActivityThread.java:6940)
06-11 21:24:53.036 28492 28492 I zygote64:   at java.lang.Object java.lang.reflect.Method.invoke(java.lang.Object, java.lang.Object[]) (Method.java:-2)
06-11 21:24:53.036 28492 28492 I zygote64:   at void com.android.internal.os.Zygote$MethodAndArgsCaller.run() (Zygote.java:327)
06-11 21:24:53.036 28492 28492 I zygote64:   at void com.android.internal.os.ZygoteInit.main(java.lang.String[]) (ZygoteInit.java:1374)
06-11 21:24:53.036 28492 28492 I zygote64: Caused by: java.lang.ClassNotFoundException: Didn't find class "android.view.View$OnUnhandledKeyEventListener" on path: DexPathList[[zip file "/data/app/e.www.microphonetest-beNhS9Z1MgrUjG8lky8bOw==/base.apk"],nativeLibraryDirectories=[/data/app/e.www.microphonetest-beNhS9Z1MgrUjG8lky8bOw==/lib/arm64, /system/lib64, /vendor/lib64]]
06-11 21:24:53.036 28492 28492 I zygote64:   at java.lang.Class dalvik.system.BaseDexClassLoader.findClass(java.lang.String) (BaseDexClassLoader.java:93)
06-11 21:24:53.036 28492 28492 I zygote64:   at java.lang.Class java.lang.ClassLoader.loadClass(java.lang.String, boolean) (ClassLoader.java:379)
06-11 21:24:53.036 28492 28492 I zygote64:   at java.lang.Class java.lang.ClassLoader.loadClass(java.lang.String) (ClassLoader.java:312)
06-11 21:24:53.036 28492 28492 I zygote64:   at void androidx.core.view.ViewCompat.setOnApplyWindowInsetsListener(android.view.View, androidx.core.view.OnApplyWindowInsetsListener) (ViewCompat.java:2436)
06-11 21:24:53.036 28492 28492 I zygote64:   at android.view.ViewGroup androidx.appcompat.app.AppCompatDelegateImpl.createSubDecor() (AppCompatDelegateImpl.java:779)
06-11 21:24:53.036 28492 28492 I zygote64:   at void androidx.appcompat.app.AppCompatDelegateImpl.ensureSubDecor() (AppCompatDelegateImpl.java:659)
06-11 21:24:53.036 28492 28492 I zygote64:   at void androidx.appcompat.app.AppCompatDelegateImpl.setContentView(int) (AppCompatDelegateImpl.java:552)
06-11 21:24:53.036 28492 28492 I zygote64:   at void androidx.appcompat.app.AppCompatActivity.setContentView(int) (AppCompatActivity.java:161)
06-11 21:24:53.036 28492 28492 I zygote64:   at void e.www.microphonetest.MainActivity.onCreate(android.os.Bundle) (MainActivity.kt:24)
06-11 21:24:53.036 28492 28492 I zygote64:   at void android.app.Activity.performCreate(android.os.Bundle) (Activity.java:7174)
06-11 21:24:53.036 28492 28492 I zygote64:   at void android.app.Instrumentation.callActivityOnCreate(android.app.Activity, android.os.Bundle) (Instrumentation.java:1220)
06-11 21:24:53.036 28492 28492 I zygote64:   at android.app.Activity android.app.ActivityThread.performLaunchActivity(android.app.ActivityThread$ActivityClientRecord, android.content.Intent) (ActivityThread.java:2910)
06-11 21:24:53.036 28492 28492 I zygote64:   at void android.app.ActivityThread.handleLaunchActivity(android.app.ActivityThread$ActivityClientRecord, android.content.Intent, java.lang.String) (ActivityThread.java:3032)
06-11 21:24:53.036 28492 28492 I zygote64:   at void android.app.ActivityThread.-wrap11(android.app.ActivityThread, android.app.ActivityThread$ActivityClientRecord, android.content.Intent, java.lang.String) (ActivityThread.java:-1)
06-11 21:24:53.036 28492 28492 I zygote64:   at void android.app.ActivityThread$H.handleMessage(android.os.Message) (ActivityThread.java:1696)
06-11 21:24:53.036 28492 28492 I zygote64:   at void android.os.Handler.dispatchMessage(android.os.Message) (Handler.java:105)
06-11 21:24:53.036 28492 28492 I zygote64:   at void android.os.Looper.loop() (Looper.java:164)
06-11 21:24:53.036 28492 28492 I zygote64:   at void android.app.ActivityThread.main(java.lang.String[]) (ActivityThread.java:6940)
06-11 21:24:53.036 28492 28492 I zygote64:   at java.lang.Object java.lang.reflect.Method.invoke(java.lang.Object, java.lang.Object[]) (Method.java:-2)
06-11 21:24:53.036 28492 28492 I zygote64:   at void com.android.internal.os.Zygote$MethodAndArgsCaller.run() (Zygote.java:327)
06-11 21:24:53.036 28492 28492 I zygote64:   at void com.android.internal.os.ZygoteInit.main(java.lang.String[]) (ZygoteInit.java:1374)
06-11 21:24:53.036 28492 28492 I zygote64: 
06-11 21:24:53.037 28492 28492 I zygote64: Rejecting re-init on previously-failed class java.lang.Class<androidx.core.view.ViewCompat$2>: java.lang.NoClassDefFoundError: Failed resolution of: Landroid/view/View$OnUnhandledKeyEventListener;
06-11 21:24:53.037 28492 28492 I zygote64:   at void androidx.core.view.ViewCompat.setOnApplyWindowInsetsListener(android.view.View, androidx.core.view.OnApplyWindowInsetsListener) (ViewCompat.java:2436)
06-11 21:24:53.037 28492 28492 I zygote64:   at android.view.ViewGroup androidx.appcompat.app.AppCompatDelegateImpl.createSubDecor() (AppCompatDelegateImpl.java:779)
06-11 21:24:53.037 28492 28492 I zygote64:   at void androidx.appcompat.app.AppCompatDelegateImpl.ensureSubDecor() (AppCompatDelegateImpl.java:659)
06-11 21:24:53.037 28492 28492 I zygote64:   at void androidx.appcompat.app.AppCompatDelegateImpl.setContentView(int) (AppCompatDelegateImpl.java:552)
06-11 21:24:53.037 28492 28492 I zygote64:   at void androidx.appcompat.app.AppCompatActivity.setContentView(int) (AppCompatActivity.java:161)
06-11 21:24:53.037 28492 28492 I zygote64:   at void e.www.microphonetest.MainActivity.onCreate(android.os.Bundle) (MainActivity.kt:24)
06-11 21:24:53.037 28492 28492 I zygote64:   at void android.app.Activity.performCreate(android.os.Bundle) (Activity.java:7174)
06-11 21:24:53.037 28492 28492 I zygote64:   at void android.app.Instrumentation.callActivityOnCreate(android.app.Activity, android.os.Bundle) (Instrumentation.java:1220)
06-11 21:24:53.037 28492 28492 I zygote64:   at android.app.Activity android.app.ActivityThread.performLaunchActivity(android.app.ActivityThread$ActivityClientRecord, android.content.Intent) (ActivityThread.java:2910)
06-11 21:24:53.037 28492 28492 I zygote64:   at void android.app.ActivityThread.handleLaunchActivity(android.app.ActivityThread$ActivityClientRecord, android.content.Intent, java.lang.String) (ActivityThread.java:3032)
06-11 21:24:53.037 28492 28492 I zygote64:   at void android.app.ActivityThread.-wrap11(android.app.ActivityThread, android.app.ActivityThread$ActivityClientRecord, android.content.Intent, java.lang.String) (ActivityThread.java:-1)
06-11 21:24:53.037 28492 28492 I zygote64:   at void android.app.ActivityThread$H.handleMessage(android.os.Message) (ActivityThread.java:1696)
06-11 21:24:53.037 28492 28492 I zygote64:   at void android.os.Handler.dispatchMessage(android.os.Message) (Handler.java:105)
06-11 21:24:53.037 28492 28492 I zygote64:   at void android.os.Looper.loop() (Looper.java:164)
06-11 21:24:53.037 28492 28492 I zygote64:   at void android.app.ActivityThread.main(java.lang.String[]) (ActivityThread.java:6940)
06-11 21:24:53.037 28492 28492 I zygote64:   at java.lang.Object java.lang.reflect.Method.invoke(java.lang.Object, java.lang.Object[]) (Method.java:-2)
06-11 21:24:53.037 28492 28492 I zygote64:   at void com.android.internal.os.Zygote$MethodAndArgsCaller.run() (Zygote.java:327)
06-11 21:24:53.037 28492 28492 I zygote64:   at void com.android.internal.os.ZygoteInit.main(java.lang.String[]) (ZygoteInit.java:1374)
06-11 21:24:53.037 28492 28492 I zygote64: Caused by: java.lang.ClassNotFoundException: Didn't find class "android.view.View$OnUnhandledKeyEventListener" on path: DexPathList[[zip file "/data/app/e.www.microphonetest-beNhS9Z1MgrUjG8lky8bOw==/base.apk"],nativeLibraryDirectories=[/data/app/e.www.microphonetest-beNhS9Z1MgrUjG8lky8bOw==/lib/arm64, /system/lib64, /vendor/lib64]]
06-11 21:24:53.037 28492 28492 I zygote64:   at java.lang.Class dalvik.system.BaseDexClassLoader.findClass(java.lang.String) (BaseDexClassLoader.java:93)
06-11 21:24:53.037 28492 28492 I zygote64:   at java.lang.Class java.lang.ClassLoader.loadClass(java.lang.String, boolean) (ClassLoader.java:379)
06-11 21:24:53.037 28492 28492 I zygote64:   at java.lang.Class java.lang.ClassLoader.loadClass(java.lang.String) (ClassLoader.java:312)
06-11 21:24:53.037 28492 28492 I zygote64:   at void androidx.core.view.ViewCompat.setOnApplyWindowInsetsListener(android.view.View, androidx.core.view.OnApplyWindowInsetsListener) (ViewCompat.java:2436)
06-11 21:24:53.037 28492 28492 I zygote64:   at android.view.ViewGroup androidx.appcompat.app.AppCompatDelegateImpl.createSubDecor() (AppCompatDelegateImpl.java:779)
06-11 21:24:53.037 28492 28492 I zygote64:   at void androidx.appcompat.app.AppCompatDelegateImpl.ensureSubDecor() (AppCompatDelegateImpl.java:659)
06-11 21:24:53.037 28492 28492 I zygote64:   at void androidx.appcompat.app.AppCompatDelegateImpl.setContentView(int) (AppCompatDelegateImpl.java:552)
06-11 21:24:53.037 28492 28492 I zygote64:   at void androidx.appcompat.app.AppCompatActivity.setContentView(int) (AppCompatActivity.java:161)
06-11 21:24:53.037 28492 28492 I zygote64:   at void e.www.microphonetest.MainActivity.onCreate(android.os.Bundle) (MainActivity.kt:24)
06-11 21:24:53.037 28492 28492 I zygote64:   at void android.app.Activity.performCreate(android.os.Bundle) (Activity.java:7174)
06-11 21:24:53.037 28492 28492 I zygote64:   at void android.app.Instrumentation.callActivityOnCreate(android.app.Activity, android.os.Bundle) (Instrumentation.java:1220)
06-11 21:24:53.037 28492 28492 I zygote64:   at android.app.Activity android.app.ActivityThread.performLaunchActivity(android.app.ActivityThread$ActivityClientRecord, android.content.Intent) (ActivityThread.java:2910)
06-11 21:24:53.037 28492 28492 I zygote64:   at void android.app.ActivityThread.handleLaunchActivity(android.app.ActivityThread$ActivityClientRecord, android.content.Intent, java.lang.String) (ActivityThread.java:3032)
06-11 21:24:53.037 28492 28492 I zygote64:   at void android.app.ActivityThread.-wrap11(android.app.ActivityThread, android.app.ActivityThread$ActivityClientRecord, android.content.Intent, java.lang.String) (ActivityThread.java:-1)
06-11 21:24:53.037 28492 28492 I zygote64:   at void android.app.ActivityThread$H.handleMessage(android.os.Message) (ActivityThread.java:1696)
06-11 21:24:53.037 28492 28492 I zygote64:   at void android.os.Handler.dispatchMessage(android.os.Message) (Handler.java:105)
06-11 21:24:53.037 28492 28492 I zygote64:   at void android.os.Looper.loop() (Looper.java:164)
06-11 21:24:53.037 28492 28492 I zygote64:   at void android.app.ActivityThread.main(java.lang.String[]) (ActivityThread.java:6940)
06-11 21:24:53.037 28492 28492 I zygote64:   at java.lang.Object java.lang.reflect.Method.invoke(java.lang.Object, java.lang.Object[]) (Method.java:-2)
06-11 21:24:53.037 28492 28492 I zygote64:   at void com.android.internal.os.Zygote$MethodAndArgsCaller.run() (Zygote.java:327)
06-11 21:24:53.037 28492 28492 I zygote64:   at void com.android.internal.os.ZygoteInit.main(java.lang.String[]) (ZygoteInit.java:1374)
06-11 21:24:53.037 28492 28492 I zygote64: 
06-11 21:24:53.059  5301  5445 D MdnieScenarioControlService:  packageName : e.www.microphonetest    className : e.www.microphonetest.MainActivity
06-11 21:24:53.059  5301  5445 V MdnieScenarioControlService: setUIMode from UI function(3)
06-11 21:24:53.059  5301  5808 W StorageManager: getStorageLowBytes lowPercent : 5, lowBytes : 1260145254, maxLowBytes : 524288000
06-11 21:24:53.061 28492 28492 I MediaRecorderJNI: setup
06-11 21:24:53.062  5000 10725 V MediaPlayerService: Create new media recorder client from pid 28492
06-11 21:24:53.064 28492 28492 I MediaRecorderJNI: setAudioSource(1)
06-11 21:24:53.070  5301  5808 D PermissionMonitor: we received permission notification for rUid: 10206, rPid: 28492from rModuleFlag: 2
06-11 21:24:53.070 28492 28492 I MediaRecorderJNI: setAudioEncoder(1)
06-11 21:24:53.070  5301  5808 I PermissionMonitor: Binder.getCallingUid(): 1013
06-11 21:24:53.070  5301  5808 I PermissionMonitor: packageName: e.www.microphonetest
06-11 21:24:53.071  5301  5808 E PermissionMonitor: Calling app is not pre-installed on system. Ignore its notification. pkgName: e.www.microphonetest, UserId: 0
06-11 21:24:53.072  5301  5808 E PermissionMonitor: We found matching pid. (uid, pid) : (10206, 28492
06-11 21:24:53.072 28492 28492 I MediaRecorderJNI: setOutputFile
06-11 21:24:53.072  5301  5808 E PermissionMonitor:  App has at least one process in foreground. uid: 10206 pid: 28492
06-11 21:24:53.072  5301  5808 I PermissionMonitor: App is not in hidden status (background/etc). Ignore
06-11 21:24:53.073 28492 28492 I MediaRecorderJNI: prepare
06-11 21:24:53.073  5301  5808 I EDMNativeHelperService: isAudioRecordAllowed
06-11 21:24:53.074 28492 28492 I MediaRecorderJNI: start
06-11 21:24:53.075  4989 15137 V APM_AudioPolicyManager: getInputForAttr() source 1, samplingRate 8000, format 1, channelMask 10,session 321, flags 0
06-11 21:24:53.077  5301  5808 I EDMNativeHelperService: isMicrophoneEnabled
06-11 21:24:53.077  5301  5808 I EDMNativeHelperService: isAudioRecordAllowed
06-11 21:24:53.079  4989 15137 V APM::AudioPolicyEngine: getDeviceForInputSource()input source 1, device 80000004
06-11 21:24:53.079  4989 15137 D MultiRecordManager: skipMultiRecord() isBypass 1, moduleName primary, source 1, flag 0
06-11 21:24:53.079  4989 15137 I MultiRecordManager: openInputStream() skipMultiRecord
06-11 21:24:53.079  3422  3629 D audio_hw_primary_abox: device-adev_open_input_stream: enter: io_handle (86), sample_rate(8000) channel_mask(0x10) devices(0x80000004) flags(0) source(1)
06-11 21:24:53.080  3422  3629 I audio_hw_primary_abox: device-adev_open_input_stream: requested input samplerate decides audio path of csvt and vowifi, sample_rate = 8000
06-11 21:24:53.080  3422  3629 D audio_hw_primary_abox: device-adev_open_input_stream: Requested open Primary input
06-11 21:24:53.080  3422  3629 I audio_hw_primary_abox: primary_in-adev_open_input_stream: Transit to Standby
06-11 21:24:53.080  3422  3629 V audio_hw_primary_abox: primary_in-add_audio_usage: Added Audio Stream into Audio Usage list!
06-11 21:24:53.080  3422  3629 D audio_hw_primary_abox: adev_open_input_stream: preprocessing_latency = 0
06-11 21:24:53.080  3422  3629 I audio_hw_primary_abox: adev_open_input_stream: input is null, set new input stream
06-11 21:24:53.080  3422  3629 D audio_hw_primary_abox: device-adev_open_input_stream: Opened primary_in stream
06-11 21:24:53.082  4989 28512 I AudioFlinger: AudioFlinger's thread 0xefb037c0 tid=28512 ready to run
06-11 21:24:53.082  3422  3629 D audio_hw_primary_abox: primary_in-in_standby: enter
06-11 21:24:53.082  3422  3629 D audio_hw_primary_abox: primary_in-in_standby: exit
06-11 21:24:53.082  4989 15137 V APM_AudioPolicyManager: getInputForAttr() returns input type = 0
06-11 21:24:53.082  5301  5311 D PowerManagerService: [api]  override the screen timeout by mNotificationLightScreenOverride
06-11 21:24:53.082  4989  5088 V APM_AudioPolicyManager: listAudioPorts() role 0 type 0 num_ports 0 ports 0xf0c13180
06-11 21:24:53.083  4989  5088 V APM_AudioPolicyManager: listAudioPorts() got 0 ports needed 9
06-11 21:24:53.083  3422  3629 D audio_hw_primary_abox: primary_in-in_standby: enter
06-11 21:24:53.083  3422  3629 D audio_hw_primary_abox: primary_in-in_standby: exit
06-11 21:24:53.083  4989  5088 V APM_AudioPolicyManager: listAudioPorts() role 0 type 0 num_ports 9 ports 0xf088d000
06-11 21:24:53.083  4989  5088 V APM_AudioPolicyManager: listAudioPorts() got 9 ports needed 9
06-11 21:24:53.083  5301  5808 D PowerManagerService: [api]  override the screen timeout by mNotificationLightScreenOverride
06-11 21:24:53.084  5000 10725 W AudioRecord: Server adjusted notificationFrames from 1024 to 160 for frameCount 2048
06-11 21:24:53.084  5000 10725 I AudioSource: setRecordingMode: recordingmode = -1
06-11 21:24:53.085  5000 10725 I ACodec  :  [] Now uninitialized
06-11 21:24:53.085  5000 28513 I ACodec  : [] onAllocateComponent
06-11 21:24:53.087  5000 28513 I OMXClient: Treble IOmx obtained
06-11 21:24:53.087  5009  5085 I OMXMaster: makeComponentInstance(OMX.google.amrnb.encoder) in omx@1.0-service process
06-11 21:24:53.090  5000 28513 I ACodec  : [OMX.google.amrnb.encoder] Now Loaded
06-11 21:24:53.090  5000 28513 I MediaCodec: MediaCodec will operate in async mode
06-11 21:24:53.091  5009  5085 E OMXNodeInstance: setConfig(0xf49a3440:google.amrnb.encoder, ConfigPriority(0x6f800002)) ERROR: Undefined(0x80001001)
06-11 21:24:53.091  5000 28513 I ACodec  : codec does not support config priority (err -2147483648)
06-11 21:24:53.091  5009  5085 E OMXNodeInstance: getConfig(0xf49a3440:google.amrnb.encoder, ConfigAndroidVendorExtension(0x6f100004)) ERROR: Undefined(0x80001001)
06-11 21:24:53.092  5000 28513 I ACodec  : [OMX.google.amrnb.encoder] Now Loaded->Idle
06-11 21:24:53.094  3421  3421 W /system/bin/hw/android.hidl.allocator@1.0-service: ashmem_create_region(2048) returning hidl_memory(0x7897e2c500, 2048)
06-11 21:24:53.097  3421  3421 I chatty  : uid=1000(system) allocator@1.0-s identical 2 lines
06-11 21:24:53.097  3421  3421 W /system/bin/hw/android.hidl.allocator@1.0-service: ashmem_create_region(2048) returning hidl_memory(0x7897e2c500, 2048)
06-11 21:24:53.099  3421  3421 W /system/bin/hw/android.hidl.allocator@1.0-service: ashmem_create_region(8192) returning hidl_memory(0x7897e2c500, 8192)
06-11 21:24:53.101  3421  3421 I chatty  : uid=1000(system) allocator@1.0-s identical 2 lines
06-11 21:24:53.101  3421  3421 W /system/bin/hw/android.hidl.allocator@1.0-service: ashmem_create_region(8192) returning hidl_memory(0x7897e2c500, 8192)
06-11 21:24:53.102  5000 28513 I ACodec  : [OMX.google.amrnb.encoder] Now Idle->Executing
06-11 21:24:53.102  5000 10725 W StagefrightRecorder: audio source is exist, set interval to audio
06-11 21:24:53.103  5000 28509 I MediaCodecSource: MediaCodecSource (audio) starting
06-11 21:24:53.103  4989 15137 V MultiRecordManager: getParameters() io 0, keys get_input_latency, calling pid 5000
06-11 21:24:53.103  3422  3629 D audio_hw_primary_abox: device-adev_get_parameters: enter with key(get_input_latency)
06-11 21:24:53.103  3422  3629 I audio_hw_primary_abox: adev_get_parameters: pcmread_latency = 20, preprocessing_latency = 0
06-11 21:24:53.103  3422  3629 D audio_hw_primary_abox: device-adev_get_parameters: exit with get_input_latency=20
06-11 21:24:53.104  5000 28513 I ACodec  : [OMX.google.amrnb.encoder] Now Executing
06-11 21:24:53.104  5000 28517 I AudioSource: Initial latency from Audio F/W: 20
06-11 21:24:53.104  4989 15137 I APM_AudioPolicyManager: startInput() input 86
06-11 21:24:53.105  4989 15137 V APM::AudioPolicyEngine: getDeviceForInputSource()input source 1, device 80000004
06-11 21:24:53.105  5301  5808 D PowerManagerService: [api]  override the screen timeout by mNotificationLightScreenOverride
06-11 21:24:53.106  3422  3629 D audio_hw_primary_abox: primary_in-in_set_parameters: enter with param = input_source=1;routing=-2147483644
06-11 21:24:53.106  3422  3629 D audio_hw_primary_abox: primary_in-in_set_parameters: Requested to change route from 0x80000004 to 0x80000004
06-11 21:24:53.106  3422  3629 D audio_hw_primary_abox: primary_in-in_set_parameters: exit
06-11 21:24:53.106  4989 15137 V APM_AudioPolicyManager: setInputDevice() createAudioPatch returned 0 patchHandle 76
06-11 21:24:53.107  4989 15137 V APM_AudioPolicyManager: AudioPolicyManager::startInput() input source = 1
06-11 21:24:53.107  5000 28509 I MediaCodecSource: MediaCodecSource (audio) started
06-11 21:24:53.108  4989 15137 V APM_AudioPolicyManager: listAudioPorts() role 0 type 0 num_ports 0 ports 0xf11194e8
06-11 21:24:53.108  4989 15137 V APM_AudioPolicyManager: listAudioPorts() got 0 ports needed 9
06-11 21:24:53.108  4989 15137 V APM_AudioPolicyManager: listAudioPorts() role 0 type 0 num_ports 9 ports 0xefbb1000
06-11 21:24:53.108  4989 15137 V APM_AudioPolicyManager: listAudioPorts() got 9 ports needed 9
06-11 21:24:53.109  3422 28519 D PostProcessConvertor: PostProcessConvertorInit ++ OSR 8000, ISR 48000, CC 2, OBW 1, IBW 1 
06-11 21:24:53.109  3422 28519 D SoundAliveResampler: [SoundAliveResampler] Init+++
06-11 21:24:53.109  3422 28519 W audio_hw_primary_abox: primary_in-do_open_input_stream: SoundTrigger HAL Open function Not available!
06-11 21:24:53.109  3422 28519 D audio_hw_primary_abox: primary_in-set_audio_route: [CAPTURE] current-device(none) new-device(mic) in cur-mode(normal) & new-mode(recording)!
06-11 21:24:53.110  3422 28519 I audio_route: > audio_route_apply_path : "recording-mic"
06-11 21:24:53.110  3422 28519 I audio_route: > audio_route_update_path : "recording-mic" reverse(0)
06-11 21:24:53.111  3422 28519 D audio_hw_primary_abox: primary_in-do_set_route: Enabled Audio Route(recording-mic)
06-11 21:24:53.111  3422 28519 I audio_route: > audio_route_apply_path : "gain-recording-mic"
06-11 21:24:53.111  3422 28519 I audio_route: > audio_route_update_path : "gain-recording-mic" reverse(0)
06-11 21:24:53.111  3422 28519 D audio_hw_primary_abox: primary_in-do_set_route: Enabled Audio Gain(gain-recording-mic)
06-11 21:24:53.111  3422 28519 V audio_route: requested PCM dai for capture_link: 9
06-11 21:24:53.131 28492 28520 D OpenGLRenderer: HWUI GL Pipeline
06-11 21:24:53.133  3446  3446 I SurfaceFlinger: Display 0 HWC layers:
06-11 21:24:53.133  3446  3446 I SurfaceFlinger:     type    |    handle    | flag |  format   |   source crop (l,t,r,b)    |         frame       | name 
06-11 21:24:53.133  3446  3446 I SurfaceFlinger: ------------+--------------+------+-----------+----------------------------+---------------------+------
06-11 21:24:53.133  3446  3446 I SurfaceFlinger:      Client |              | 0000 |  Unknown  |  -0.2   -0.2   -0.8   -0.8 |    0    0  720 1280 | animation background stackId=1#0
06-11 21:24:53.133  3446  3446 I SurfaceFlinger:      Client | 0x7569825080 | 0002 | RGBA_8888 |   0.0    0.0  720.0 1280.0 |   16   29  703 1251 | com.example.batterymanager_utility/c[...]atterymanager_utility.MainActivity#0
06-11 21:24:53.133  3446  3446 I SurfaceFlinger:      Client | 0x75634fcdc0 | 0002 | RGBA_8888 |   0.0    0.0  720.0 1022.0 |   17  305  704 1280 | Splash Screen e.www.microphonetest#0
06-11 21:24:53.133  3446  3446 I SurfaceFlinger:      Client | 0x75634facc0 | 0000 | RGBA_8888 |   0.0    0.0  720.0   42.0 |    0    0  720   42 | StatusBar#0
06-11 21:24:53.133  3446  3446 I SurfaceFlinger: 
06-11 21:24:53.140 28492 28492 D ViewRootImpl@6814da1[MainActivity]: setView = DecorView@63b4bc6[MainActivity] TM=true MM=false
06-11 21:24:53.141  5301  5311 D ActivityManager: post active user change for 0 fullscreen true isHomeActivity() false
06-11 21:24:53.141  3422 28519 I audio_hw_primary_abox: primary_in-do_open_input_stream: Opened PCM Device is /dev/snd/pcmC0D9c samplingRate(48000) pcmformat(0)
06-11 21:24:53.141  3422 28519 I audio_hw_primary_abox: primary_in-in_read: Transit to Idle
06-11 21:24:53.146 28492 28492 D ViewRootImpl@6814da1[MainActivity]: dispatchAttachedToWindow
06-11 21:24:53.150  5301  5311 V WindowManager: Relayout Window{2e6f00d u0 e.www.microphonetest/e.www.microphonetest.MainActivity}: viewVisibility=0 req=719x1237 WM.LayoutParams{(0,0)(fillxfill) sim=#120 ty=1 fl=#81810100 pfl=0x20000 wanim=0x10302fd vsysui=0x600 needsMenuKey=2 colorMode=0 naviIconColor=0}
06-11 21:24:53.152  3446  3446 I SurfaceFlinger: id=1655 createSurf (720x1280),1 flag=404, e.www.microphonetest/e.www.microphonetest.MainActivity#0
06-11 21:24:53.153  5301  5311 V Surface : sf_framedrop debug : 0x4f4c, game : false, logging : 0
06-11 21:24:53.157  5301  5311 D InputDispatcher: Focus entered window: 28492
06-11 21:24:53.159 28492 28492 V Surface : sf_framedrop debug : 0x4f4c, game : false, logging : 0
06-11 21:24:53.161 28492 28492 D ViewRootImpl@6814da1[MainActivity]: Relayout returned: old=[0,0][0,0] new=[0,0][720,1280] result=0x7 surface={valid=true 512472305664} changed=true
06-11 21:24:53.167 28492 28520 I OpenGLRenderer: Initialized EGL, version 1.4
06-11 21:24:53.167 28492 28520 D OpenGLRenderer: Swap behavior 2
06-11 21:24:53.171 28492 28520 D libGLESv1: STS_GLApi : DTS, ODTC are not allowed for Package : e.www.microphonetest
06-11 21:24:53.171 28492 28492 D ViewRootImpl@6814da1[MainActivity]: MSG_RESIZED_REPORT: frame=Rect(0, 0 - 720, 1280) ci=Rect(0, 42 - 0, 0) vi=Rect(0, 42 - 0, 0) or=1
06-11 21:24:53.172 28492 28492 D ViewRootImpl@6814da1[MainActivity]: MSG_WINDOW_FOCUS_CHANGED 1
06-11 21:24:53.173 28492 28520 D mali_winsys: EGLint new_window_surface(egl_winsys_display *, void *, EGLSurface, EGLConfig, egl_winsys_surface **, egl_color_buffer_format *, EGLBoolean) returns 0x3000,  [720x1280]-format:1
06-11 21:24:53.173 28492 28520 D OpenGLRenderer: eglCreateWindowSurface = 0x7743bf9840
06-11 21:24:53.174 28492 28492 V InputMethodManager: Starting input: tba=android.view.inputmethod.EditorInfo@a4422dd nm : e.www.microphonetest ic=null
06-11 21:24:53.174 28492 28492 I InputMethodManager: startInputInner - mService.startInputOrWindowGainedFocus
06-11 21:24:53.174  5301  5311 D InputMethodManagerService: startInputOrWindowGainedFocus : windowGainedFocus 
06-11 21:24:53.175  5301  5311 D InputMethodManagerService: windowGainedFocus: destinationUserId (getCallingUid) = 0
06-11 21:24:53.175  5301  5311 D InputMethodManagerService: windowGainedFocus: currentUserId=0
06-11 21:24:53.175  5301  5311 D InputMethodManagerService: windowGainedFocus: mCurrentFocusedUserId=0
06-11 21:24:53.175  5301  5311 D InputMethodManagerService: windowGainedFocus : lock - currentUserId = 0 destinationUserId = 0
06-11 21:24:53.175  5301  5311 D InputMethodManagerService: windowGainedFocus : mCurrentFocusedUserId - 0 and mSecureKeypadEnabled - false, userSwitched - false
06-11 21:24:53.175  5301  5311 V InputMethodManagerService: windowGainedFocus : reason=WINDOW_FOCUS_GAIN client=android.os.BinderProxy@d26a537 inputContext=null missingMethods= attribute=android.view.inputmethod.EditorInfo@865bc2 nm = e.www.microphonetest controlFlags=#104 softInputMode=#120 windowFlags=#81810100
06-11 21:24:53.175  5301  5311 V InputMethodManagerService: hideCurrentInputLocked : shouldHideSoftInput is false
06-11 21:24:53.175  5301  5311 D InputMethodManagerService: isImeSwitcherDisabledPackage : false
06-11 21:24:53.176  5301  5311 V InputMethodManagerService: Creating new session for client ClientState{3365dd3 uid 10206 pid 28492}
06-11 21:24:53.178  5301  5808 D InputMethodManagerService: setCurrentInputInfo - inputContext : null eidtorInfo : android.view.inputmethod.EditorInfo@865bc2 missingMethods : 0
06-11 21:24:53.178  5676  5676 I InputMethodWrapper:  call dispatchStartInputWithToken
06-11 21:24:53.179  5676  5676 I InputMethodService: dispatchStartInputWithToken
06-11 21:24:53.179  5676  5676 I SKBD    : SamsungKeypad [IMI] onStartInput - caller pid : 28492, caller uid : 10206
06-11 21:24:53.195  5301  5311 V WindowManager: finishDrawingLocked: mDrawState=COMMIT_DRAW_PENDING Window{2e6f00d u0 e.www.microphonetest/e.www.microphonetest.MainActivity} in Surface(name=e.www.microphonetest/e.www.microphonetest.MainActivity)
06-11 21:24:53.196 28492 28492 V InputMethodManager: Starting input: tba=android.view.inputmethod.EditorInfo@5905e52 nm : e.www.microphonetest ic=null
06-11 21:24:53.198  3422 28519 I audio_hw_primary_abox: primary_in-do_start_input_stream: Started PCM Device
06-11 21:24:53.198  3422 28519 D AudioInfo: can not find AudioDataPath for fileName:/miccalib.txt
06-11 21:24:53.198  3422 28519 I PreProcess_RA: [samsungrecordMIC]Use HardCoding Values
06-11 21:24:53.198  3422 28519 I PreProcess_RA: [samsungrecordMIC]Use HardCoding Values
06-11 21:24:53.199  3422 28519 I audio_hw_primary_abox: primary_in-in_read: Transit to Capturing
06-11 21:24:53.199  5301  5311 D PowerManagerService: [api]  override the screen timeout by mNotificationLightScreenOverride
06-11 21:24:53.201  5301  5410 D ViewRootImpl@bdc35e3[microphonetest]: dispatchDetachedFromWindow
06-11 21:24:53.201  5301  5410 D InputEventReceiver: channel '5c04be0 Splash Screen e.www.microphonetest (client)' ~ Disposing input event receiver.
06-11 21:24:53.202  5301  5410 D InputEventReceiver: channel '5c04be0 Splash Screen e.www.microphonetest (client)' ~NativeInputEventReceiver.
06-11 21:24:53.206  5301  5346 I ActivityManager: Displayed e.www.microphonetest/.MainActivity: +379ms (total +1s174ms)
06-11 21:24:53.220  5000 28518 I MPEG4Writer: setStartTimestampUs: 76286
06-11 21:24:53.221  5000 28518 I MPEG4Writer: Earliest track starting time: 76286
06-11 21:24:53.227  5301  5410 I WindowManager: Destroying surface Surface(name=Splash Screen e.www.microphonetest) called by com.android.server.wm.WindowStateAnimator.destroySurface:2501 com.android.server.wm.WindowStateAnimator.destroySurfaceLocked:985 com.android.server.wm.WindowState.destroyOrSaveSurfaceUnchecked:3670 com.android.server.wm.WindowState.destroySurface:3618 com.android.server.wm.AppWindowToken.destroySurfaces:722 com.android.server.wm.AppWindowToken.destroySurfaces:706 com.android.server.wm.WindowState.onExitAnimationDone:5316 com.android.server.wm.WindowStateAnimator.stepAnimationLocked:550 
06-11 21:24:53.228  3446  3891 I SurfaceFlinger: id=1654 Removed Splash Screen e.www.microphonetest#0 (4/6)
06-11 21:24:53.233  3446  3446 I SurfaceFlinger: Display 0 HWC layers:
06-11 21:24:53.233  3446  3446 I SurfaceFlinger:     type    |    handle    | flag |  format   |   source crop (l,t,r,b)    |         frame       | name 
06-11 21:24:53.233  3446  3446 I SurfaceFlinger: ------------+--------------+------+-----------+----------------------------+---------------------+------
06-11 21:24:53.233  3446  3446 I SurfaceFlinger:      Client |              | 0000 |  Unknown  |  -0.2   -0.2   -0.8   -0.8 |    0    0  720 1280 | animation background stackId=1#0
06-11 21:24:53.233  3446  3446 I SurfaceFlinger:      Client | 0x7569825080 | 0002 | RGBA_8888 |   0.0    0.0  720.0 1280.0 |   18   32  702 1248 | com.example.batterymanager_utility/c[...]atterymanager_utility.MainActivity#0
06-11 21:24:53.233  3446  3446 I SurfaceFlinger:      Device | 0x7569824540 | 0002 | RGBA_8888 |   0.0    0.0  720.0 1209.0 |    5   87  716 1280 | e.www.microphonetest/e.www.microphonetest.MainActivity#0
06-11 21:24:53.233  3446  3446 I SurfaceFlinger:      Device | 0x75634facc0 | 0000 | RGBA_8888 |   0.0    0.0  720.0   42.0 |    0    0  720   42 | StatusBar#0
06-11 21:24:53.233  3446  3446 I SurfaceFlinger: 
06-11 21:24:53.234  3446  3553 I SurfaceFlinger: id=1654 Removed Splash Screen e.www.microphonetest#0 (-2/6)
06-11 21:24:53.244  3446  3446 I Layer   : id=1654 onRemoved Splash Screen e.www.microphonetest#0 
06-11 21:24:53.387  5301  5301 D CustomFrequencyManagerService: releaseDVFSLockLocked : Getting Lock type frm List : DVFS_MIN_LIMIT  frequency : 1560000  uid : 1000  pid : 5301  tag : AMS_RESUME_TAIL@CPU_MIN@20
06-11 21:24:53.411  5301  5410 I WindowManager: Destroying surface Surface(name=com.example.batterymanager_utility/com.example.batterymanager_utility.MainActivity) called by com.android.server.wm.WindowStateAnimator.destroySurface:2501 com.android.server.wm.WindowStateAnimator.destroySurfaceLocked:985 com.android.server.wm.WindowState.destroyOrSaveSurfaceUnchecked:3670 com.android.server.wm.WindowState.destroySurface:3618 com.android.server.wm.AppWindowToken.destroySurfaces:722 com.android.server.wm.AppWindowToken.destroySurfaces:706 com.android.server.wm.WindowState.onExitAnimationDone:5316 com.android.server.wm.WindowStateAnimator.stepAnimationLocked:550 
06-11 21:24:53.412  5301  5346 D CustomFrequencyManagerService: releaseDVFSLockLocked : Getting Lock type frm List : DVFS_MIN_LIMIT  frequency : 1560000  uid : 1000  pid : 5301  tag : AMS_ACT_RESUME@CPU_MIN@8
06-11 21:24:53.412  3446  3891 I SurfaceFlinger: id=1653 Removed com.example.batterymanager_utility/com.example.batterymanager_utility.MainActivity#0 (2/5)
06-11 21:24:53.412  5301  5346 D ActivityManagerPerformance: AMP_release() ACT_RESUME
06-11 21:24:53.417  3446  3446 I SurfaceFlinger: Display 0 HWC layers:
06-11 21:24:53.417  3446  3446 I SurfaceFlinger:     type    |    handle    | flag |  format   |   source crop (l,t,r,b)    |         frame       | name 
06-11 21:24:53.417  3446  3446 I SurfaceFlinger: ------------+--------------+------+-----------+----------------------------+---------------------+------
06-11 21:24:53.417  3446  3446 I SurfaceFlinger:      Device | 0x7569824540 | 0002 | RGBA_8888 |   0.0    0.0  720.0 1280.0 |    0    0  720 1280 | e.www.microphonetest/e.www.microphonetest.MainActivity#0
06-11 21:24:53.417  3446  3446 I SurfaceFlinger:      Device | 0x75634facc0 | 0000 | RGBA_8888 |   0.0    0.0  720.0   42.0 |    0    0  720   42 | StatusBar#0
06-11 21:24:53.417  3446  3446 I SurfaceFlinger: 
06-11 21:24:53.421  3446  3553 I SurfaceFlinger: id=1653 Removed com.example.batterymanager_utility/com.example.batterymanager_utility.MainActivity#0 (-2/5)
06-11 21:24:53.427  3446  3446 I Layer   : id=1653 onRemoved com.example.batterymanager_utility/com.example.batterymanager_utility.MainActivity#0 
06-11 21:24:53.461  6546  6546 D StageManager: saved stages : inStack [1] , outStack[2]
06-11 21:24:53.527  5301  5653 I OpenGLRenderer: Initialized EGL, version 1.4
06-11 21:24:53.527  5301  5653 D OpenGLRenderer: Swap behavior 2
06-11 21:24:53.626  5301  5445 D MdnieScenarioControlService:  packageName : e.www.microphonetest    className : e.www.microphonetest.MainActivity
06-11 21:24:53.626  5301  5445 V MdnieScenarioControlService: setUIMode from UI function(3)
06-11 21:24:53.693  3435  3435 I android.hardware.wifi@1.0-service: getLinkLayerStats
06-11 21:24:53.875 31475 31475 E adbd    : recv: OPEN 0000d8ed 00000000 0076:73 68 65 6C 6C 2C 76 32 2C 54 45 52 4D 3D 78 74 65 72 6D 2D 32 35 36 63 6F 6C 6F 72 2C 72 61 77 3A 64 75 6D 70 73 79 73 20 61 63 74 69 76 69 74 79 20 72 65 63 65 6E 74 73 20 7C 20 67 72 65 70 20 22 52 65 63 65 6E 74 20 23 30 22 20 7C 20 63 75 74 20 2D 64 20 22 3D 22 20 2D 66 32 20 7C 20 67 72 65 70 20 2D 6F 20 2D 70 20 22 5B 61 2D 7A 7C 2E 5D 2A 22 00 
06-11 21:24:53.876 31475 31475 E adbd    : service_to_fd: shell,v2,TERM=xterm-256color,raw:dumpsys activity recents | grep "Recent #0" | cut -d "=" -f2 | grep -o -p "[a-z|.]*"
06-11 21:24:53.975 31475 31475 E adbd    : recv: OPEN 0000d8f0 00000000 0042:73 68 65 6C 6C 2C 76 32 2C 54 45 52 4D 3D 78 74 65 72 6D 2D 32 35 36 63 6F 6C 6F 72 2C 72 61 77 3A 67 65 74 70 72 6F 70 20 72 6F 2E 62 75 69 6C 64 2E 76 65 72 73 69 6F 6E 2E 72 65 6C 65 61 73 65 00 
06-11 21:24:53.975 31475 31475 E adbd    : service_to_fd: shell,v2,TERM=xterm-256color,raw:getprop ro.build.version.release
06-11 21:24:54.031 31475 31475 E adbd    : recv: OPEN 0000d8f3 00000000 003e:73 68 65 6C 6C 2C 76 32 2C 54 45 52 4D 3D 78 74 65 72 6D 2D 32 35 36 63 6F 6C 6F 72 2C 72 61 77 3A 67 65 74 70 72 6F 70 20 72 6F 2E 62 75 69 6C 64 2E 76 65 72 73 69 6F 6E 2E 73 64 6B 00 
06-11 21:24:54.031 31475 31475 E adbd    : service_to_fd: shell,v2,TERM=xterm-256color,raw:getprop ro.build.version.sdk
06-11 21:24:54.048  5301  5301 D PreBindingService: handleMessage : 1
06-11 21:24:54.095 31475 31475 E adbd    : recv: OPEN 0000d8f6 00000000 0042:73 68 65 6C 6C 2C 76 32 2C 54 45 52 4D 3D 78 74 65 72 6D 2D 32 35 36 63 6F 6C 6F 72 2C 72 61 77 3A 67 65 74 70 72 6F 70 20 72 6F 2E 62 75 69 6C 64 2E 76 65 72 73 69 6F 6E 2E 72 65 6C 65 61 73 65 00 
06-11 21:24:54.095 31475 31475 E adbd    : service_to_fd: shell,v2,TERM=xterm-256color,raw:getprop ro.build.version.release
06-11 21:24:54.157 31475 31475 E adbd    : recv: OPEN 0000d8f9 00000000 003e:73 68 65 6C 6C 2C 76 32 2C 54 45 52 4D 3D 78 74 65 72 6D 2D 32 35 36 63 6F 6C 6F 72 2C 72 61 77 3A 67 65 74 70 72 6F 70 20 72 6F 2E 62 75 69 6C 64 2E 76 65 72 73 69 6F 6E 2E 73 64 6B 00 
06-11 21:24:54.157 31475 31475 E adbd    : service_to_fd: shell,v2,TERM=xterm-256color,raw:getprop ro.build.version.sdk
06-11 21:24:54.211 31475 31475 E adbd    : recv: OPEN 0000d8fc 00000000 0103:73 68 65 6C 6C 2C 76 32 2C 54 45 52 4D 3D 78 74 65 72 6D 2D 32 35 36 63 6F 6C 6F 72 2C 72 61 77 3A 61 6D 20 73 74 61 72 74 2D 66 6F 72 65 67 72 6F 75 6E 64 2D 73 65 72 76 69 63 65 20 2D 6E 20 22 63 6F 6D 2E 65 78 61 6D 70 6C 65 2E 62 61 74 74 65 72 79 6D 61 6E 61 67 65 72 5F 75 74 69 6C 69 74 79 2F 63 6F 6D 2E 65 78 61 6D 70 6C 65 2E 62 61 74 74 65 72 79 6D 61 6E 61 67 65 72 5F 75 74 69 6C 69 74 79 2E 44 61 74 61 43 6F 6C 6C 65 63 74 69 6F 6E 53 65 72 76 69 63 65 22 20 2D 2D 65 69 20 73 61 6D 70 6C 65 52 61 74 65 20 31 30 30 30 20 2D 2D 65 73 20 22 64 61 74 61 46 69 65 6C 64 73 22 20 22 42 41 54 54 45 52 59 5F 50 52 4F 50 45 52 54 59 5F 43 55 52 52 45 4E 54 5F 4E 4F 57 2C 45 58 54 52 41 5F 56 4F 4C 54 41 47 45 22 20 2D 2D 65 7A 20 74 6F 43 53 56 20 66 61 6C 73 65 00 
06-11 21:24:54.211 31475 31475 E adbd    : service_to_fd: shell,v2,TERM=xterm-256color,raw:am start-foreground-service -n "com.example.batterymanager_utility/com.example.batterymanager_utility.DataCollectionService" --ei sampleRate 1000 --es "dataFields" "BATTERY_PROPERTY_CURRENT_NOW,EXTRA_VOLTAGE" --ez toCSV false
06-11 21:24:54.292 28449 28449 I BatteryMgr:DataCollectionService: onStartCommand: begin
06-11 21:24:54.293 28449 28449 I BatteryMgr:DataCollectionService: onStartCommand: sampleRate => 1000
06-11 21:24:54.293 28449 28449 I BatteryMgr:DataCollectionService: onStartCommand: rawFields => Timestamp,BATTERY_PROPERTY_CURRENT_NOW,EXTRA_VOLTAGE
06-11 21:24:54.295 28449 28449 I BatteryMgr:DataCollectionService: onStartCommand: notification done
06-11 21:24:54.297 28449 28449 D Notification: allPendingIntents
06-11 21:24:54.299 28449 28449 I BatteryMgr:DataCollectionService: started foreground
06-11 21:24:54.302  5301  5337 D ApplicationPolicy: isStatusBarNotificationAllowedAsUser: packageName = android,userId = 0
06-11 21:24:54.302  5301  5337 D API test: getContainerInfo: value is 
06-11 21:24:54.303  5301  5337 D ApplicationPolicy: isStatusBarNotificationAllowedAsUser: packageName = android,userId = 0
06-11 21:24:54.303  5301  5337 D API test: getContainerInfo: value is 
06-11 21:24:54.303  5301  5337 E NotificationService: Suppressing notification from package by user request.
06-11 21:24:54.303  5301  5337 D ApplicationPolicy: isStatusBarNotificationAllowedAsUser: packageName = com.example.batterymanager_utility,userId = 0
06-11 21:24:54.304  5301  5337 D API test: getContainerInfo: value is 
06-11 21:24:54.304  5301  5337 D ApplicationPolicy: isStatusBarNotificationAllowedAsUser: packageName = com.example.batterymanager_utility,userId = 0
06-11 21:24:54.304  5301  5337 D API test: getContainerInfo: value is 
06-11 21:24:54.306  5301  5301 I AccessibilityManagerService: semOnLightNotification(null), bIsFlashOn : false
06-11 21:24:54.306 31475 31475 E adbd    : recv: OPEN 0000d8ff 00000000 0042:73 68 65 6C 6C 2C 76 32 2C 54 45 52 4D 3D 78 74 65 72 6D 2D 32 35 36 63 6F 6C 6F 72 2C 72 61 77 3A 67 65 74 70 72 6F 70 20 72 6F 2E 62 75 69 6C 64 2E 76 65 72 73 69 6F 6E 2E 72 65 6C 65 61 73 65 00 
06-11 21:24:54.306 31475 31475 E adbd    : service_to_fd: shell,v2,TERM=xterm-256color,raw:getprop ro.build.version.release
06-11 21:24:54.306  5301  5301 D AccessibilityManagerService: Can't use light notification
06-11 21:24:54.307  5301  5301 D AudioService: getStreamVolume 5 index 110
06-11 21:24:54.309  5301  5808 D Notification: allPendingIntents
06-11 21:24:54.310  5301  5808 D Notification: allPendingIntents
06-11 21:24:54.310  5689  5689 D StatusBar: addNotification key=0|com.example.batterymanager_utility|1|null|10186 fullscreen:false
06-11 21:24:54.310  5301  5311 D Notification: allPendingIntents
06-11 21:24:54.311  5871  5871 W SANotification4O: NotificationListener.onNotificationPosted-Socket is not available
06-11 21:24:54.318 28449 28557 I BatteryMgr:DataCollectionService: collectData: begin
06-11 21:24:54.325 28449 28557 I BatteryMgr:DataCollectionService: stats => 1686511494325,-143,4173
06-11 21:24:54.357 31475 31475 E adbd    : recv: OPEN 0000d902 00000000 003e:73 68 65 6C 6C 2C 76 32 2C 54 45 52 4D 3D 78 74 65 72 6D 2D 32 35 36 63 6F 6C 6F 72 2C 72 61 77 3A 67 65 74 70 72 6F 70 20 72 6F 2E 62 75 69 6C 64 2E 76 65 72 73 69 6F 6E 2E 73 64 6B 00 
06-11 21:24:54.357 31475 31475 E adbd    : service_to_fd: shell,v2,TERM=xterm-256color,raw:getprop ro.build.version.sdk
06-11 21:24:54.388  5689  5689 D KeyguardUpdateMonitor: handleStatusBarState( false )
06-11 21:24:54.453  5301  8272 D SSRM:k  : SIOP:: AP = 340, PST = 330 (W:30), BAT = 324, USB = 0, CHG = 0
06-11 21:24:54.837  5301  5301 D PreBindingService: handleMessage : 1
06-11 21:24:55.339 28449 28557 I BatteryMgr:DataCollectionService: stats => 1686511495338,-143,4173
06-11 21:24:55.670  6313  6313 D io_stats: !@ 179,0 r 793871 26521156 w 480521 9134144 d 29066 4429140 f 161584 164011 iot 579296 493610 th 51200 0 0 pt 0 inp 0 0 63287.428
06-11 21:24:55.812 15005 15005 D HealthDataStore: Trying to connect with Health Service fails (error code: 5)
06-11 21:24:55.827 15005 28567 D HealthDataStore: Service for HealthDataStore is connected
06-11 21:24:55.833 15005 28567 D HealthDataStore: Waiting for initialization of Health framework ...
06-11 21:24:56.353 28449 28557 I BatteryMgr:DataCollectionService: stats => 1686511496352,-143,4173
06-11 21:24:56.703  3435  3435 I android.hardware.wifi@1.0-service: getLinkLayerStats
06-11 21:24:56.826  9136  9193 D ScanRecord: Not a Multi Manu data
06-11 21:24:56.828  9136  9193 I chatty  : uid=1002(bluetooth) BT Service Call identical 11 lines
06-11 21:24:56.828  9136  9193 D ScanRecord: Not a Multi Manu data
06-11 21:24:57.353  5301  5414 D SensorService: [SO] 0.517 -0.488 9.917
06-11 21:24:57.367 28449 28557 I BatteryMgr:DataCollectionService: stats => 1686511497366,-143,4173
06-11 21:24:57.870 28449 28570 D ProfileInstaller: Installing profile for com.example.batterymanager_utility
06-11 21:24:58.379 28449 28557 I BatteryMgr:DataCollectionService: stats => 1686511498379,-143,4173
06-11 21:24:59.394 28449 28557 I BatteryMgr:DataCollectionService: stats => 1686511499393,-143,4173
06-11 21:24:59.712  3435  3435 I android.hardware.wifi@1.0-service: getLinkLayerStats
06-11 21:25:00.000  5301  5428 D SamsungAlarmManager: Expired : 8
06-11 21:25:00.001  5301  5428 V SamsungAlarmManager: Sending to uid : 1000 action=android.intent.action.TIME_TICK alarm=Alarm{7f2a4d4 type 3 when 195314999 android}
06-11 21:25:00.002  5301  5428 D PowerManagerService: [api]  override the screen timeout by mNotificationLightScreenOverride
06-11 21:25:00.003  5301  5428 V SamsungAlarmManager: Sending to uid : 10074 action=com.samsung.action.EVERY_MINUTE_CLOCK_UPDATE alarm=Alarm{3b13972 type 1 when 1686511500000 com.sec.android.app.launcher}
06-11 21:25:00.008  5301  5301 D SamsungAlarmManager: setExact Intent (T:3/F:1/AC:false) 20230611T212600 - CU:1000/CP:5301
06-11 21:25:00.009  6546  6546 I Launcher: onReceive: com.samsung.action.EVERY_MINUTE_CLOCK_UPDATE
06-11 21:25:00.009  5301  5301 I SamsungAlarmManager: setLocked to kernel - T:3 / 20230611T212600, SetElapsed=195374999, nowELAPSED=195315008
06-11 21:25:00.012  5689  5689 D KeyguardUpdateMonitor: received broadcast android.intent.action.TIME_TICK
06-11 21:25:00.013  5689  5689 D KeyguardServiceBoxContainer: refreshTime() 1
06-11 21:25:00.019  5301  5311 D SamsungAlarmManager: setInexact Intent (T:1/F:0/AC:false) 20230611T212600 - CU:10074/CP:6546
06-11 21:25:00.019  6546  6546 I IconView: applyFromShortcutInfo - start GetLive : com.samsung.android.calendar
06-11 21:25:00.020  6546  6546 I BitmapCacheContainer: getBitmapCache: BitmapCache expired com.samsung.android.calendar/UserHandle{0}
06-11 21:25:00.040  6546  6546 D ApplicationPackageManager: we has com.samsung.android.calendar class. reuse it 
06-11 21:25:00.041  5689  5689 D KeyguardUpdateMonitor: handleStatusBarState( false )
06-11 21:25:00.060  6546  6546 I ApplicationPackageManager: load= live icon for com.samsung.android.calendar, from overlay = false
06-11 21:25:00.062  6546  6546 I LiveIconManager: getLiveIcon: complete(sync_created)
06-11 21:25:00.062  6546  6546 I IconView: applyFromShortcutInfo - end GetLive : com.samsung.android.calendar
06-11 21:25:00.063  6546  6546 I IconView: applyFromApplicationInfo - start GetLive : com.sec.android.app.clockpackage
06-11 21:25:00.066  6546  6546 D ApplicationPackageManager: we has com.sec.android.app.clockpackage class. reuse it 
06-11 21:25:00.066  6546  6546 D LiveIconLoader: getLiveIcon was called in ClockPackage
06-11 21:25:00.067  6546  6546 D LiveIconLoader: getLiveIcon res = com.sec.android.app.clockpackage
06-11 21:25:00.069  6546  6546 D LiveIconLoader: stdIconSize : 84 , targetIconSize : 94
06-11 21:25:00.069  6546  6546 D LiveIconLoader: mIconDpi : 320 , mTargetIconDpi : 280
06-11 21:25:00.080  6546  6546 I ApplicationPackageManager: load= live icon for com.sec.android.app.clockpackage, from overlay = false
06-11 21:25:00.082  6546  6546 I LiveIconManager: getLiveIcon: complete(sync_created)
06-11 21:25:00.082  6546  6546 I IconView: applyFromApplicationInfo - end GetLive : com.sec.android.app.clockpackage
06-11 21:25:00.082  6546  6546 I IconView: applyFromApplicationInfo - start GetLive : com.samsung.android.calendar
06-11 21:25:00.082  6546  6546 I IconView: applyFromApplicationInfo - end GetLive : com.samsung.android.calendar
06-11 21:25:00.084  5301  5301 D PowerManagerService: [api]  override the screen timeout by mNotificationLightScreenOverride
06-11 21:25:00.408 28449 28557 I BatteryMgr:DataCollectionService: stats => 1686511500407,-143,4173
06-11 21:25:00.539  5301  5348 I PowerManagerService: [PWL] On : 58080781 (5211518 ms ago)
06-11 21:25:00.540  5301  5348 I PowerManagerService: [PWL]  mStayOn: false  mWakeLockSummary & WAKE_LOCK_STAY_AWAKE: 20  mUserActivitySummary: 0x4
06-11 21:25:00.540  5301  5348 I PowerManagerService: [PWL]  SCREEN_BRIGHT_WAKE_LOCK        'app:ScreenScreenON' ACQ=-9h55m8s991ms (uid=10171 pid=31040)
06-11 21:25:00.676  6313  6313 D io_stats: !@ 179,0 r 793871 26521156 w 480554 9134372 d 29067 4429144 f 161585 164012 iot 579304 493617 th 51200 0 0 pt 0 inp 0 0 63292.434
06-11 21:25:01.421 28449 28557 I BatteryMgr:DataCollectionService: stats => 1686511501421,-143,4173
06-11 21:25:02.435 28449 28557 I BatteryMgr:DataCollectionService: stats => 1686511502435,-143,4173
06-11 21:25:02.730  3435  3435 I android.hardware.wifi@1.0-service: getLinkLayerStats
06-11 21:25:03.450 28449 28557 I BatteryMgr:DataCollectionService: stats => 1686511503449,-143,4173
06-11 21:25:04.463 28449 28557 I BatteryMgr:DataCollectionService: stats => 1686511504462,-143,4173
06-11 21:25:04.474  5301  8272 D SSRM:k  : SIOP:: AP = 330, PST = 330 (W:30), BAT = 324, USB = 0, CHG = 0
06-11 21:25:05.477 28449 28557 I BatteryMgr:DataCollectionService: stats => 1686511505476,-143,4173
06-11 21:25:05.682  6313  6313 D io_stats: !@ 179,0 r 793871 26521156 w 480566 9134772 d 29069 4429152 f 161588 164015 iot 579320 493628 th 51200 0 0 pt 0 inp 0 0 63297.440
06-11 21:25:05.749  3435  3435 I android.hardware.wifi@1.0-service: getLinkLayerStats
06-11 21:25:06.103  9136  9193 D ScanRecord: Not a Multi Manu data
06-11 21:25:06.103  9136  9193 I chatty  : uid=1002(bluetooth) BT Service Call identical 11 lines
06-11 21:25:06.104  9136  9193 D ScanRecord: Not a Multi Manu data
