07-05 10:08:02.185 13118 13333 I BatteryMgr:DataCollectionService: stats => 1688544482185,-183,4191
07-05 10:08:02.201 13118 13333 I BatteryMgr:DataCollectionService: stats => 1688544482201,-183,4191
07-05 10:08:02.218 13118 13333 I BatteryMgr:DataCollectionService: stats => 1688544482218,-183,4191
07-05 10:08:02.234 13118 13333 I BatteryMgr:DataCollectionService: stats => 1688544482234,-183,4191
07-05 10:08:02.250 13118 13333 I BatteryMgr:DataCollectionService: stats => 1688544482250,-183,4191
07-05 10:08:02.267 13118 13333 I BatteryMgr:DataCollectionService: stats => 1688544482267,-183,4191
07-05 10:08:02.283 13118 13333 I BatteryMgr:DataCollectionService: stats => 1688544482283,-183,4191
07-05 10:08:02.299 13118 13333 I BatteryMgr:DataCollectionService: stats => 1688544482299,-183,4191
07-05 10:08:02.316 13118 13333 I BatteryMgr:DataCollectionService: stats => 1688544482316,-183,4191
07-05 10:08:02.333 13118 13333 I BatteryMgr:DataCollectionService: stats => 1688544482333,-183,4191
07-05 10:08:02.349 13118 13333 I BatteryMgr:DataCollectionService: stats => 1688544482349,-183,4191
07-05 10:08:02.366 13118 13333 I BatteryMgr:DataCollectionService: stats => 1688544482366,-183,4191
07-05 10:08:02.382 13118 13333 I BatteryMgr:DataCollectionService: stats => 1688544482382,-183,4191
07-05 10:08:02.398 13118 13333 I BatteryMgr:DataCollectionService: stats => 1688544482398,-183,4191
07-05 10:08:02.415 13118 13333 I BatteryMgr:DataCollectionService: stats => 1688544482415,-147,4191
07-05 10:08:02.432 13118 13333 I BatteryMgr:DataCollectionService: stats => 1688544482432,-147,4191
07-05 10:08:02.448 13118 13333 I BatteryMgr:DataCollectionService: stats => 1688544482448,-147,4191
07-05 10:08:02.464 13118 13333 I BatteryMgr:DataCollectionService: stats => 1688544482464,-147,4191
07-05 10:08:02.480 13118 13333 I BatteryMgr:DataCollectionService: stats => 1688544482480,-147,4191
07-05 10:08:02.494 13118 13333 I BatteryMgr:DataCollectionService: stats => 1688544482494,-147,4191
07-05 10:08:02.507 13118 13333 I BatteryMgr:DataCollectionService: stats => 1688544482507,-147,4191
07-05 10:08:02.520 13118 13333 I BatteryMgr:DataCollectionService: stats => 1688544482520,-147,4191
07-05 10:08:02.534 13118 13333 I BatteryMgr:DataCollectionService: stats => 1688544482534,-147,4191
07-05 10:08:02.549 13118 13333 I BatteryMgr:DataCollectionService: stats => 1688544482549,-147,4191
07-05 10:08:02.565 13118 13333 I BatteryMgr:DataCollectionService: stats => 1688544482565,-147,4191
07-05 10:08:02.580 13118 13333 I BatteryMgr:DataCollectionService: stats => 1688544482580,-147,4191
07-05 10:08:02.596 13118 13333 I BatteryMgr:DataCollectionService: stats => 1688544482596,-147,4191
07-05 10:08:02.613 13118 13333 I BatteryMgr:DataCollectionService: stats => 1688544482612,-147,4191
07-05 10:08:02.629 13118 13333 I BatteryMgr:DataCollectionService: stats => 1688544482629,-147,4191
07-05 10:08:02.645 13118 13333 I BatteryMgr:DataCollectionService: stats => 1688544482645,-147,4191
07-05 10:08:02.659 13118 13333 I BatteryMgr:DataCollectionService: stats => 1688544482659,-147,4191
07-05 10:08:02.670  3956 12708 D BatteryService: !@BatteryListener : batteryPropertiesChanged!
07-05 10:08:02.673 13118 13333 I BatteryMgr:DataCollectionService: stats => 1688544482673,-147,4191
07-05 10:08:02.687 13118 13333 I BatteryMgr:DataCollectionService: stats => 1688544482687,-147,4191
07-05 10:08:02.702 13118 13333 I BatteryMgr:DataCollectionService: stats => 1688544482702,-147,4191
07-05 10:08:02.718 13118 13333 I BatteryMgr:DataCollectionService: stats => 1688544482717,-147,4191
07-05 10:08:02.734 13118 13333 I BatteryMgr:DataCollectionService: stats => 1688544482734,-147,4191
07-05 10:08:02.739  3435  3435 I android.hardware.wifi@1.0-service: getLinkLayerStats
07-05 10:08:02.750 13118 13333 I BatteryMgr:DataCollectionService: stats => 1688544482750,-147,4191
07-05 10:08:02.766 13118 13333 I BatteryMgr:DataCollectionService: stats => 1688544482766,-147,4191
07-05 10:08:02.782 13118 13333 I BatteryMgr:DataCollectionService: stats => 1688544482782,-147,4191
07-05 10:08:02.798 13118 13333 I BatteryMgr:DataCollectionService: stats => 1688544482798,-147,4191
07-05 10:08:02.815 13118 13333 I BatteryMgr:DataCollectionService: stats => 1688544482815,-147,4191
07-05 10:08:02.831 13118 13333 I BatteryMgr:DataCollectionService: stats => 1688544482831,-147,4191
07-05 10:08:02.848 13118 13333 I BatteryMgr:DataCollectionService: stats => 1688544482848,-147,4191
07-05 10:08:02.864 13118 13333 I BatteryMgr:DataCollectionService: stats => 1688544482864,-147,4191
07-05 10:08:02.880 13118 13333 I BatteryMgr:DataCollectionService: stats => 1688544482880,-147,4191
07-05 10:08:02.897 13118 13333 I BatteryMgr:DataCollectionService: stats => 1688544482896,-147,4191
07-05 10:08:02.913 13118 13333 I BatteryMgr:DataCollectionService: stats => 1688544482913,-147,4191
07-05 10:08:02.941 13118 13333 I BatteryMgr:DataCollectionService: stats => 1688544482940,-147,4191
07-05 10:08:02.955 13118 13333 I BatteryMgr:DataCollectionService: stats => 1688544482955,-147,4191
07-05 10:08:02.968 13118 13333 I BatteryMgr:DataCollectionService: stats => 1688544482968,-147,4191
07-05 10:08:02.982 13118 13333 I BatteryMgr:DataCollectionService: stats => 1688544482982,-147,4191
07-05 10:08:02.995 13118 13333 I BatteryMgr:DataCollectionService: stats => 1688544482995,-147,4191
07-05 10:08:03.011 13118 13333 I BatteryMgr:DataCollectionService: stats => 1688544483011,-147,4191
07-05 10:08:03.028 13118 13333 I BatteryMgr:DataCollectionService: stats => 1688544483028,-147,4191
07-05 10:08:03.044 13118 13333 I BatteryMgr:DataCollectionService: stats => 1688544483044,-147,4191
07-05 10:08:03.061 13118 13333 I BatteryMgr:DataCollectionService: stats => 1688544483061,-147,4191
07-05 10:08:03.078 13118 13333 I BatteryMgr:DataCollectionService: stats => 1688544483078,-147,4191
07-05 10:08:03.094 13118 13333 I BatteryMgr:DataCollectionService: stats => 1688544483094,-147,4191
07-05 10:08:03.111 13118 13333 I BatteryMgr:DataCollectionService: stats => 1688544483110,-147,4191
07-05 10:08:03.127 13118 13333 I BatteryMgr:DataCollectionService: stats => 1688544483127,-147,4191
07-05 10:08:03.143 13118 13333 I BatteryMgr:DataCollectionService: stats => 1688544483143,-147,4191
07-05 10:08:03.160 13118 13333 I BatteryMgr:DataCollectionService: stats => 1688544483160,-147,4191
07-05 10:08:03.176 13118 13333 I BatteryMgr:DataCollectionService: stats => 1688544483176,-147,4191
07-05 10:08:03.193 13118 13333 I BatteryMgr:DataCollectionService: stats => 1688544483193,-147,4191
07-05 10:08:03.209 13118 13333 I BatteryMgr:DataCollectionService: stats => 1688544483209,-147,4191
07-05 10:08:03.226 13118 13333 I BatteryMgr:DataCollectionService: stats => 1688544483226,-147,4191
07-05 10:08:03.242 13118 13333 I BatteryMgr:DataCollectionService: stats => 1688544483242,-147,4191
07-05 10:08:03.258 13118 13333 I BatteryMgr:DataCollectionService: stats => 1688544483258,-147,4191
07-05 10:08:03.274 13118 13333 I BatteryMgr:DataCollectionService: stats => 1688544483274,-147,4191
07-05 10:08:03.290 13118 13333 I BatteryMgr:DataCollectionService: stats => 1688544483290,-147,4191
07-05 10:08:03.307 13118 13333 I BatteryMgr:DataCollectionService: stats => 1688544483307,-147,4191
07-05 10:08:03.323 13118 13333 I BatteryMgr:DataCollectionService: stats => 1688544483323,-147,4191
07-05 10:08:03.340 13118 13333 I BatteryMgr:DataCollectionService: stats => 1688544483339,-147,4191
07-05 10:08:03.356 13118 13333 I BatteryMgr:DataCollectionService: stats => 1688544483356,-147,4191
07-05 10:08:03.373 13118 13333 I BatteryMgr:DataCollectionService: stats => 1688544483372,-147,4191
07-05 10:08:03.390 13118 13333 I BatteryMgr:DataCollectionService: stats => 1688544483389,-147,4191
07-05 10:08:03.403 13118 13333 I BatteryMgr:DataCollectionService: stats => 1688544483403,-147,4191
07-05 10:08:03.417 13118 13333 I BatteryMgr:DataCollectionService: stats => 1688544483417,-147,4191
07-05 10:08:03.430 13118 13333 I BatteryMgr:DataCollectionService: stats => 1688544483430,-147,4191
07-05 10:08:03.444 13118 13333 I BatteryMgr:DataCollectionService: stats => 1688544483444,-147,4191
07-05 10:08:03.457 13118 13333 I BatteryMgr:DataCollectionService: stats => 1688544483457,-147,4191
07-05 10:08:03.472 13118 13333 I BatteryMgr:DataCollectionService: stats => 1688544483472,-147,4191
07-05 10:08:03.486 13118 13333 I BatteryMgr:DataCollectionService: stats => 1688544483486,-147,4191
07-05 10:08:03.488 10831 13366 E memtrack: Couldn't load memtrack module
07-05 10:08:03.488 10831 13366 W android.os.Debug: failed to get memory consumption info: -1
07-05 10:08:03.501 13118 13333 I BatteryMgr:DataCollectionService: stats => 1688544483501,-147,4191
07-05 10:08:03.515 13118 13333 I BatteryMgr:DataCollectionService: stats => 1688544483515,-147,4191
07-05 10:08:03.530 13118 13333 I BatteryMgr:DataCollectionService: stats => 1688544483530,-147,4191
07-05 10:08:03.545 13118 13333 I BatteryMgr:DataCollectionService: stats => 1688544483545,-147,4191
07-05 10:08:03.562 13118 13333 I BatteryMgr:DataCollectionService: stats => 1688544483562,-147,4191
07-05 10:08:03.578 13118 13333 I BatteryMgr:DataCollectionService: stats => 1688544483578,-147,4191
07-05 10:08:03.594 13118 13333 I BatteryMgr:DataCollectionService: stats => 1688544483594,-147,4191
07-05 10:08:03.611 13118 13333 I BatteryMgr:DataCollectionService: stats => 1688544483611,-147,4191
07-05 10:08:03.627 13118 13333 I BatteryMgr:DataCollectionService: stats => 1688544483627,-147,4191
07-05 10:08:03.644 13118 13333 I BatteryMgr:DataCollectionService: stats => 1688544483644,-147,4191
07-05 10:08:03.660 13118 13333 I BatteryMgr:DataCollectionService: stats => 1688544483660,-147,4191
07-05 10:08:03.676 13118 13333 I BatteryMgr:DataCollectionService: stats => 1688544483676,-147,4191
07-05 10:08:03.693 13118 13333 I BatteryMgr:DataCollectionService: stats => 1688544483693,-147,4191
07-05 10:08:03.709 13118 13333 I BatteryMgr:DataCollectionService: stats => 1688544483709,-147,4191
07-05 10:08:03.720  4728 12626 I CastDatabase: Saving the database
07-05 10:08:03.726 13118 13333 I BatteryMgr:DataCollectionService: stats => 1688544483725,-147,4191
07-05 10:08:03.742  4728 12626 E SQLiteCastStore: Skip saving CastDeviceInfo: "N11e" (__cast_nearby___V_a036dcd5-e6b8-43b0-949a-f0c78f0c2f1b)
07-05 10:08:03.742 13118 13333 I BatteryMgr:DataCollectionService: stats => 1688544483742,-147,4191
07-05 10:08:03.743  4728 12626 I SQLiteCastStore: [CastNetworkInfo] saved: 0, skipped: 0, [CastDeviceInfo]: saved 0, skipped 1, [Paired Guest Mode DeviceInfo] saved: 0, skipped: 0. [ProbedNetworks]: saved 0, skipped: 0, [ProbedSocketAddress]: saved 0, skipped: 0, [Network-Device pairs]: saved: 0
07-05 10:08:03.758 13118 13333 I BatteryMgr:DataCollectionService: stats => 1688544483758,-147,4191
07-05 10:08:03.773 13118 13333 I BatteryMgr:DataCollectionService: stats => 1688544483773,-147,4191
07-05 10:08:03.789 13118 13333 I BatteryMgr:DataCollectionService: stats => 1688544483789,-147,4191
07-05 10:08:03.804 13118 13333 I BatteryMgr:DataCollectionService: stats => 1688544483804,-147,4191
07-05 10:08:03.821 13118 13333 I BatteryMgr:DataCollectionService: stats => 1688544483821,-147,4191
07-05 10:08:03.837 13118 13333 I BatteryMgr:DataCollectionService: stats => 1688544483837,-147,4191
07-05 10:08:03.847  3956 11096 D ConnectivityService: filterNetworkStateForUid() uid: 10025 networkInfo: [type: WIFI[] - WIFI, state: CONNECTED/CONNECTED, reason: (unspecified), extra: "DoodleBoodle", failover: false, available: true, roaming: false, metered: false]
07-05 10:08:03.853 13118 13333 I BatteryMgr:DataCollectionService: stats => 1688544483853,-147,4191
07-05 10:08:03.869 13118 13333 I BatteryMgr:DataCollectionService: stats => 1688544483869,-147,4191
07-05 10:08:03.885 13118 13333 I BatteryMgr:DataCollectionService: stats => 1688544483885,-147,4191
07-05 10:08:03.901 13118 13333 I BatteryMgr:DataCollectionService: stats => 1688544483901,-147,4191
07-05 10:08:03.917 13118 13333 I BatteryMgr:DataCollectionService: stats => 1688544483917,-147,4191
07-05 10:08:03.934 13118 13333 I BatteryMgr:DataCollectionService: stats => 1688544483934,-147,4191
07-05 10:08:03.950 13118 13333 I BatteryMgr:DataCollectionService: stats => 1688544483950,-147,4191
07-05 10:08:03.966 13118 13333 I BatteryMgr:DataCollectionService: stats => 1688544483966,-147,4191
07-05 10:08:03.982 13118 13333 I BatteryMgr:DataCollectionService: stats => 1688544483982,-147,4191
07-05 10:08:03.999 13118 13333 I BatteryMgr:DataCollectionService: stats => 1688544483999,-147,4191
07-05 10:08:04.015 13118 13333 I BatteryMgr:DataCollectionService: stats => 1688544484015,-147,4191
07-05 10:08:04.031 13118 13333 I BatteryMgr:DataCollectionService: stats => 1688544484031,-147,4191
07-05 10:08:04.047 13118 13333 I BatteryMgr:DataCollectionService: stats => 1688544484047,-147,4191
07-05 10:08:04.064 13118 13333 I BatteryMgr:DataCollectionService: stats => 1688544484064,-147,4191
07-05 10:08:04.080 13118 13333 I BatteryMgr:DataCollectionService: stats => 1688544484080,-147,4191
07-05 10:08:04.096 13118 13333 I BatteryMgr:DataCollectionService: stats => 1688544484096,-147,4191
07-05 10:08:04.113 13118 13333 I BatteryMgr:DataCollectionService: stats => 1688544484113,-147,4191
07-05 10:08:04.129 13118 13333 I BatteryMgr:DataCollectionService: stats => 1688544484129,-147,4191
07-05 10:08:04.145 13118 13333 I BatteryMgr:DataCollectionService: stats => 1688544484145,-147,4191
07-05 10:08:04.161 13118 13333 I BatteryMgr:DataCollectionService: stats => 1688544484161,-147,4191
07-05 10:08:04.178 13118 13333 I BatteryMgr:DataCollectionService: stats => 1688544484178,-147,4191
07-05 10:08:04.194 13118 13333 I BatteryMgr:DataCollectionService: stats => 1688544484194,-147,4191
07-05 10:08:04.210 13118 13333 I BatteryMgr:DataCollectionService: stats => 1688544484210,-147,4191
07-05 10:08:04.226 13118 13333 I BatteryMgr:DataCollectionService: stats => 1688544484226,-147,4191
07-05 10:08:04.242 13118 13333 I BatteryMgr:DataCollectionService: stats => 1688544484242,-147,4191
07-05 10:08:04.259 13118 13333 I BatteryMgr:DataCollectionService: stats => 1688544484259,-147,4191
07-05 10:08:04.275 13118 13333 I BatteryMgr:DataCollectionService: stats => 1688544484275,-147,4191
07-05 10:08:04.292 13118 13333 I BatteryMgr:DataCollectionService: stats => 1688544484292,-147,4191
07-05 10:08:04.308 13118 13333 I BatteryMgr:DataCollectionService: stats => 1688544484308,-147,4191
07-05 10:08:04.325 13118 13333 I BatteryMgr:DataCollectionService: stats => 1688544484324,-147,4191
07-05 10:08:04.341 13118 13333 I BatteryMgr:DataCollectionService: stats => 1688544484341,-147,4191
07-05 10:08:04.357 13118 13333 I BatteryMgr:DataCollectionService: stats => 1688544484357,-147,4191
07-05 10:08:04.374 13118 13333 I BatteryMgr:DataCollectionService: stats => 1688544484374,-147,4191
07-05 10:08:04.390 13118 13333 I BatteryMgr:DataCollectionService: stats => 1688544484390,-147,4191
07-05 10:08:04.406 13118 13333 I BatteryMgr:DataCollectionService: stats => 1688544484406,-147,4191
07-05 10:08:04.422 13118 13333 I BatteryMgr:DataCollectionService: stats => 1688544484422,-147,4191
07-05 10:08:04.438 13118 13333 I BatteryMgr:DataCollectionService: stats => 1688544484438,-147,4191
07-05 10:08:04.455 13118 13333 I BatteryMgr:DataCollectionService: stats => 1688544484454,-147,4191
07-05 10:08:04.471 13118 13333 I BatteryMgr:DataCollectionService: stats => 1688544484471,-147,4191
07-05 10:08:04.487 13118 13333 I BatteryMgr:DataCollectionService: stats => 1688544484487,-147,4191
07-05 10:08:04.503 13118 13333 I BatteryMgr:DataCollectionService: stats => 1688544484503,-147,4191
07-05 10:08:04.519 13118 13333 I BatteryMgr:DataCollectionService: stats => 1688544484519,-147,4191
07-05 10:08:04.536 13118 13333 I BatteryMgr:DataCollectionService: stats => 1688544484536,-147,4191
07-05 10:08:04.552 13118 13333 I BatteryMgr:DataCollectionService: stats => 1688544484552,-147,4191
07-05 10:08:04.569 13118 13333 I BatteryMgr:DataCollectionService: stats => 1688544484569,-147,4191
07-05 10:08:04.585 13118 13333 I BatteryMgr:DataCollectionService: stats => 1688544484585,-147,4191
07-05 10:08:04.602 13118 13333 I BatteryMgr:DataCollectionService: stats => 1688544484602,-147,4191
07-05 10:08:04.618 13118 13333 I BatteryMgr:DataCollectionService: stats => 1688544484618,-147,4191
07-05 10:08:04.634 13118 13333 I BatteryMgr:DataCollectionService: stats => 1688544484634,-147,4191
07-05 10:08:04.650 13118 13333 I BatteryMgr:DataCollectionService: stats => 1688544484650,-147,4191
07-05 10:08:04.667 13118 13333 I BatteryMgr:DataCollectionService: stats => 1688544484666,-147,4191
07-05 10:08:04.683 13118 13333 I BatteryMgr:DataCollectionService: stats => 1688544484683,-147,4191
07-05 10:08:04.699  4952  4952 D io_stats: !@ 179,0 r 87459 3293276 w 22752 513544 d 2024 133152 f 6263 6401 iot 50032 39830 th 51200 0 0 pt 0 inp 0 0 1723.285
07-05 10:08:04.700 13118 13333 I BatteryMgr:DataCollectionService: stats => 1688544484699,-147,4191
07-05 10:08:04.716 13118 13333 I BatteryMgr:DataCollectionService: stats => 1688544484716,-147,4191
07-05 10:08:04.732 13118 13333 I BatteryMgr:DataCollectionService: stats => 1688544484732,-147,4191
07-05 10:08:04.748 13118 13333 I BatteryMgr:DataCollectionService: stats => 1688544484748,-147,4191
07-05 10:08:04.765 13118 13333 I BatteryMgr:DataCollectionService: stats => 1688544484764,-147,4191
07-05 10:08:04.780 13118 13333 I BatteryMgr:DataCollectionService: stats => 1688544484780,-147,4191
07-05 10:08:04.797 13118 13333 I BatteryMgr:DataCollectionService: stats => 1688544484797,-147,4191
07-05 10:08:04.813 13118 13333 I BatteryMgr:DataCollectionService: stats => 1688544484813,-147,4191
07-05 10:08:04.829 13118 13333 I BatteryMgr:DataCollectionService: stats => 1688544484829,-147,4191
07-05 10:08:04.846 13118 13333 I BatteryMgr:DataCollectionService: stats => 1688544484846,-147,4191
07-05 10:08:04.862 13118 13333 I BatteryMgr:DataCollectionService: stats => 1688544484862,-147,4191
07-05 10:08:04.878 13118 13333 I BatteryMgr:DataCollectionService: stats => 1688544484878,-147,4191
07-05 10:08:04.895 13118 13333 I BatteryMgr:DataCollectionService: stats => 1688544484895,-147,4191
07-05 10:08:04.910 13118 13333 I BatteryMgr:DataCollectionService: stats => 1688544484910,-147,4191
07-05 10:08:04.933 13118 13333 I BatteryMgr:DataCollectionService: stats => 1688544484932,-147,4191
07-05 10:08:04.948 13118 13333 I BatteryMgr:DataCollectionService: stats => 1688544484948,-147,4191
07-05 10:08:04.962 13118 13333 I BatteryMgr:DataCollectionService: stats => 1688544484962,-147,4191
07-05 10:08:04.975 13118 13333 I BatteryMgr:DataCollectionService: stats => 1688544484975,-147,4191
07-05 10:08:04.989 13118 13333 I BatteryMgr:DataCollectionService: stats => 1688544484989,-147,4191
07-05 10:08:05.004 13118 13333 I BatteryMgr:DataCollectionService: stats => 1688544485004,-147,4191
07-05 10:08:05.019 13118 13333 I BatteryMgr:DataCollectionService: stats => 1688544485018,-147,4191
07-05 10:08:05.033 13118 13333 I BatteryMgr:DataCollectionService: stats => 1688544485033,-147,4191
07-05 10:08:05.048 13118 13333 I BatteryMgr:DataCollectionService: stats => 1688544485047,-147,4191
07-05 10:08:05.064 13118 13333 I BatteryMgr:DataCollectionService: stats => 1688544485064,-147,4191
07-05 10:08:05.080 13118 13333 I BatteryMgr:DataCollectionService: stats => 1688544485080,-147,4191
07-05 10:08:05.097 13118 13333 I BatteryMgr:DataCollectionService: stats => 1688544485097,-147,4191
07-05 10:08:05.114 13118 13333 I BatteryMgr:DataCollectionService: stats => 1688544485113,-147,4191
07-05 10:08:05.127 13118 13333 I BatteryMgr:DataCollectionService: stats => 1688544485127,-147,4191
07-05 10:08:05.141 13118 13333 I BatteryMgr:DataCollectionService: stats => 1688544485141,-147,4191
07-05 10:08:05.154 13118 13333 I BatteryMgr:DataCollectionService: stats => 1688544485154,-147,4191
07-05 10:08:05.168 13118 13333 I BatteryMgr:DataCollectionService: stats => 1688544485168,-147,4191
07-05 10:08:05.181 13118 13333 I BatteryMgr:DataCollectionService: stats => 1688544485181,-147,4191
07-05 10:08:05.198 13118 13333 I BatteryMgr:DataCollectionService: stats => 1688544485197,-147,4191
07-05 10:08:05.214 13118 13333 I BatteryMgr:DataCollectionService: stats => 1688544485214,-147,4191
07-05 10:08:05.221  4341  4701 D NetworkController.MobileSignalController(0/-2): onSignalStrengthsChanged signalStrength=SignalStrength: 11 99 -11 -200 -11 -200 -1 99 2147483647 2147483647 2147483647 2147483647 0 2147483647 0x4 P gsm|lte level=4
07-05 10:08:05.222  4341  4701 D NetworkController.MobileSignalController(0/-2): getMobileIconGroup(): 0
07-05 10:08:05.230 13118 13333 I BatteryMgr:DataCollectionService: stats => 1688544485230,-147,4191
07-05 10:08:05.246 13118 13333 I BatteryMgr:DataCollectionService: stats => 1688544485246,-147,4191
07-05 10:08:05.262 13118 13333 I BatteryMgr:DataCollectionService: stats => 1688544485262,-147,4191
07-05 10:08:05.278 13118 13333 I BatteryMgr:DataCollectionService: stats => 1688544485278,-147,4191
07-05 10:08:05.295 13118 13333 I BatteryMgr:DataCollectionService: stats => 1688544485295,-147,4191
07-05 10:08:05.312 13118 13333 I BatteryMgr:DataCollectionService: stats => 1688544485312,-147,4191
07-05 10:08:05.328 13118 13333 I BatteryMgr:DataCollectionService: stats => 1688544485328,-147,4191
07-05 10:08:05.345 13118 13333 I BatteryMgr:DataCollectionService: stats => 1688544485344,-147,4191
07-05 10:08:05.361 13118 13333 I BatteryMgr:DataCollectionService: stats => 1688544485361,-147,4191
07-05 10:08:05.377 13118 13333 I BatteryMgr:DataCollectionService: stats => 1688544485377,-147,4191
07-05 10:08:05.393 13118 13333 I BatteryMgr:DataCollectionService: stats => 1688544485393,-147,4191
07-05 10:08:05.410 13118 13333 I BatteryMgr:DataCollectionService: stats => 1688544485410,-147,4191
07-05 10:08:05.424 13118 13333 I BatteryMgr:DataCollectionService: stats => 1688544485424,-147,4191
07-05 10:08:05.437 13118 13333 I BatteryMgr:DataCollectionService: stats => 1688544485437,-147,4191
07-05 10:08:05.450 13118 13333 I BatteryMgr:DataCollectionService: stats => 1688544485450,-147,4191
07-05 10:08:05.464 13118 13333 I BatteryMgr:DataCollectionService: stats => 1688544485464,-147,4191
07-05 10:08:05.480 13118 13333 I BatteryMgr:DataCollectionService: stats => 1688544485480,-147,4191
07-05 10:08:05.497 13118 13333 I BatteryMgr:DataCollectionService: stats => 1688544485497,-147,4191
07-05 10:08:05.513 13118 13333 I BatteryMgr:DataCollectionService: stats => 1688544485513,-147,4191
07-05 10:08:05.530 13118 13333 I BatteryMgr:DataCollectionService: stats => 1688544485530,-147,4191
07-05 10:08:05.546 13118 13333 I BatteryMgr:DataCollectionService: stats => 1688544485545,-147,4191
07-05 10:08:05.562 13118 13333 I BatteryMgr:DataCollectionService: stats => 1688544485562,-147,4191
07-05 10:08:05.578 13118 13333 I BatteryMgr:DataCollectionService: stats => 1688544485578,-147,4191
07-05 10:08:05.594 13118 13333 I BatteryMgr:DataCollectionService: stats => 1688544485594,-147,4191
07-05 10:08:05.610 13118 13333 I BatteryMgr:DataCollectionService: stats => 1688544485610,-147,4191
07-05 10:08:05.627 13118 13333 I BatteryMgr:DataCollectionService: stats => 1688544485626,-147,4191
07-05 10:08:05.643 13118 13333 I BatteryMgr:DataCollectionService: stats => 1688544485643,-147,4191
07-05 10:08:05.659 13118 13333 I BatteryMgr:DataCollectionService: stats => 1688544485659,-147,4191
07-05 10:08:05.675 13118 13333 I BatteryMgr:DataCollectionService: stats => 1688544485674,-147,4191
07-05 10:08:05.691 13118 13333 I BatteryMgr:DataCollectionService: stats => 1688544485691,-147,4191
07-05 10:08:05.707 13118 13333 I BatteryMgr:DataCollectionService: stats => 1688544485707,-147,4191
07-05 10:08:05.723 13118 13333 I BatteryMgr:DataCollectionService: stats => 1688544485723,-147,4191
07-05 10:08:05.740 13118 13333 I BatteryMgr:DataCollectionService: stats => 1688544485740,-147,4191
07-05 10:08:05.756 13118 13333 I BatteryMgr:DataCollectionService: stats => 1688544485756,-147,4191
07-05 10:08:05.757  3435  3435 I android.hardware.wifi@1.0-service: getLinkLayerStats
07-05 10:08:05.760  3956  4028 D SensorService: [SO] 0.081 -0.158 9.917
07-05 10:08:05.772 13118 13333 I BatteryMgr:DataCollectionService: stats => 1688544485772,-147,4191
07-05 10:08:05.789 13118 13333 I BatteryMgr:DataCollectionService: stats => 1688544485789,-147,4191
07-05 10:08:05.805  3956  6540 D SSRM:k  : SIOP:: AP = 240, PST = 245 (W:22), BAT = 223, USB = 0, CHG = 0
07-05 10:08:05.806 13118 13333 I BatteryMgr:DataCollectionService: stats => 1688544485806,-147,4191
07-05 10:08:05.823 13118 13333 I BatteryMgr:DataCollectionService: stats => 1688544485823,-147,4191
07-05 10:08:05.840 13118 13333 I BatteryMgr:DataCollectionService: stats => 1688544485839,-147,4191
07-05 10:08:05.856 13118 13333 I BatteryMgr:DataCollectionService: stats => 1688544485856,-147,4191
07-05 10:08:05.872 13118 13333 I BatteryMgr:DataCollectionService: stats => 1688544485872,-147,4191
07-05 10:08:05.889 13118 13333 I BatteryMgr:DataCollectionService: stats => 1688544485889,-147,4191
07-05 10:08:05.905 13118 13333 I BatteryMgr:DataCollectionService: stats => 1688544485905,-147,4191
07-05 10:08:05.921 13118 13333 I BatteryMgr:DataCollectionService: stats => 1688544485921,-147,4191
07-05 10:08:05.938 13118 13333 I BatteryMgr:DataCollectionService: stats => 1688544485938,-147,4191
07-05 10:08:05.954 13118 13333 I BatteryMgr:DataCollectionService: stats => 1688544485954,-147,4191
07-05 10:08:05.970 13118 13333 I BatteryMgr:DataCollectionService: stats => 1688544485970,-147,4191
07-05 10:08:05.986 13118 13333 I BatteryMgr:DataCollectionService: stats => 1688544485986,-147,4191
07-05 10:08:06.002 13118 13333 I BatteryMgr:DataCollectionService: stats => 1688544486002,-147,4191
07-05 10:08:06.018 13118 13333 I BatteryMgr:DataCollectionService: stats => 1688544486018,-147,4191
07-05 10:08:06.034 13118 13333 I BatteryMgr:DataCollectionService: stats => 1688544486034,-147,4191
07-05 10:08:06.051 13118 13333 I BatteryMgr:DataCollectionService: stats => 1688544486051,-147,4191
07-05 10:08:06.067 13118 13333 I BatteryMgr:DataCollectionService: stats => 1688544486067,-147,4191
07-05 10:08:06.083 13118 13333 I BatteryMgr:DataCollectionService: stats => 1688544486083,-147,4191
07-05 10:08:06.099 13118 13333 I BatteryMgr:DataCollectionService: stats => 1688544486099,-147,4191
07-05 10:08:06.116 13118 13333 I BatteryMgr:DataCollectionService: stats => 1688544486115,-147,4191
07-05 10:08:06.132 13118 13333 I BatteryMgr:DataCollectionService: stats => 1688544486132,-147,4191
07-05 10:08:06.149 13118 13333 I BatteryMgr:DataCollectionService: stats => 1688544486148,-147,4191
07-05 10:08:06.165 13118 13333 I BatteryMgr:DataCollectionService: stats => 1688544486165,-147,4191
07-05 10:08:06.181 13118 13333 I BatteryMgr:DataCollectionService: stats => 1688544486181,-147,4191
07-05 10:08:06.197 13118 13333 I BatteryMgr:DataCollectionService: stats => 1688544486197,-147,4191
07-05 10:08:06.214 13118 13333 I BatteryMgr:DataCollectionService: stats => 1688544486213,-147,4191
07-05 10:08:06.230 13118 13333 I BatteryMgr:DataCollectionService: stats => 1688544486230,-147,4191
07-05 10:08:06.246 13118 13333 I BatteryMgr:DataCollectionService: stats => 1688544486246,-147,4191
07-05 10:08:06.262 13118 13333 I BatteryMgr:DataCollectionService: stats => 1688544486262,-147,4191
07-05 10:08:06.278 13118 13333 I BatteryMgr:DataCollectionService: stats => 1688544486278,-147,4191
07-05 10:08:06.294 13118 13333 I BatteryMgr:DataCollectionService: stats => 1688544486294,-147,4191
07-05 10:08:06.310 13118 13333 I BatteryMgr:DataCollectionService: stats => 1688544486310,-147,4191
07-05 10:08:06.327 13118 13333 I BatteryMgr:DataCollectionService: stats => 1688544486327,-147,4191
07-05 10:08:06.343 13118 13333 I BatteryMgr:DataCollectionService: stats => 1688544486343,-147,4191
07-05 10:08:06.359 13118 13333 I BatteryMgr:DataCollectionService: stats => 1688544486359,-147,4191
07-05 10:08:06.376 13118 13333 I BatteryMgr:DataCollectionService: stats => 1688544486376,-147,4191
07-05 10:08:06.392 13118 13333 I BatteryMgr:DataCollectionService: stats => 1688544486392,-147,4191
07-05 10:08:06.408 13118 13333 I BatteryMgr:DataCollectionService: stats => 1688544486408,-147,4191
07-05 10:08:06.425 13118 13333 I BatteryMgr:DataCollectionService: stats => 1688544486425,-147,4191
07-05 10:08:06.441 13118 13333 I BatteryMgr:DataCollectionService: stats => 1688544486441,-147,4191
07-05 10:08:06.457 13118 13333 I BatteryMgr:DataCollectionService: stats => 1688544486457,-147,4191
07-05 10:08:06.473 13118 13333 I BatteryMgr:DataCollectionService: stats => 1688544486473,-147,4191
07-05 10:08:06.489 13118 13333 I BatteryMgr:DataCollectionService: stats => 1688544486489,-147,4191
07-05 10:08:06.505 13118 13333 I BatteryMgr:DataCollectionService: stats => 1688544486505,-147,4191
07-05 10:08:06.521 13118 13333 I BatteryMgr:DataCollectionService: stats => 1688544486521,-147,4191
07-05 10:08:06.538 13118 13333 I BatteryMgr:DataCollectionService: stats => 1688544486537,-147,4191
07-05 10:08:06.554 13118 13333 I BatteryMgr:DataCollectionService: stats => 1688544486554,-147,4191
07-05 10:08:06.570 13118 13333 I BatteryMgr:DataCollectionService: stats => 1688544486570,-147,4191
07-05 10:08:06.586 13118 13333 I BatteryMgr:DataCollectionService: stats => 1688544486586,-147,4191
07-05 10:08:06.602 13118 13333 I BatteryMgr:DataCollectionService: stats => 1688544486602,-147,4191
07-05 10:08:06.619 13118 13333 I BatteryMgr:DataCollectionService: stats => 1688544486618,-147,4191
07-05 10:08:06.635 13118 13333 I BatteryMgr:DataCollectionService: stats => 1688544486635,-147,4191
07-05 10:08:06.651 13118 13333 I BatteryMgr:DataCollectionService: stats => 1688544486651,-147,4191
07-05 10:08:06.668 13118 13333 I BatteryMgr:DataCollectionService: stats => 1688544486668,-147,4191
07-05 10:08:06.684 13118 13333 I BatteryMgr:DataCollectionService: stats => 1688544486684,-147,4191
07-05 10:08:06.700 13118 13333 I BatteryMgr:DataCollectionService: stats => 1688544486700,-147,4191
07-05 10:08:06.717 13118 13333 I BatteryMgr:DataCollectionService: stats => 1688544486717,-147,4191
07-05 10:08:06.733 13118 13333 I BatteryMgr:DataCollectionService: stats => 1688544486733,-147,4191
07-05 10:08:06.749 13118 13333 I BatteryMgr:DataCollectionService: stats => 1688544486749,-147,4191
07-05 10:08:06.766 13118 13333 I BatteryMgr:DataCollectionService: stats => 1688544486766,-147,4191
07-05 10:08:06.782 13118 13333 I BatteryMgr:DataCollectionService: stats => 1688544486782,-147,4191
07-05 10:08:06.798 13118 13333 I BatteryMgr:DataCollectionService: stats => 1688544486798,-147,4191
07-05 10:08:06.815 13118 13333 I BatteryMgr:DataCollectionService: stats => 1688544486815,-147,4191
07-05 10:08:06.832 13118 13333 I BatteryMgr:DataCollectionService: stats => 1688544486832,-147,4191
07-05 10:08:06.848 13118 13333 I BatteryMgr:DataCollectionService: stats => 1688544486848,-147,4191
07-05 10:08:06.862 13118 13333 I BatteryMgr:DataCollectionService: stats => 1688544486861,-147,4191
07-05 10:08:06.875 13118 13333 I BatteryMgr:DataCollectionService: stats => 1688544486875,-147,4191
07-05 10:08:06.888 13118 13333 I BatteryMgr:DataCollectionService: stats => 1688544486888,-147,4191
07-05 10:08:06.904 13118 13333 I BatteryMgr:DataCollectionService: stats => 1688544486904,-147,4191
07-05 10:08:06.920 13118 13333 I BatteryMgr:DataCollectionService: stats => 1688544486920,-147,4191
07-05 10:08:06.955 13118 13333 I BatteryMgr:DataCollectionService: stats => 1688544486955,-147,4191
07-05 10:08:06.969 13118 13333 I BatteryMgr:DataCollectionService: stats => 1688544486969,-147,4191
07-05 10:08:06.982 13118 13333 I BatteryMgr:DataCollectionService: stats => 1688544486982,-147,4191
07-05 10:08:06.996 13118 13333 I BatteryMgr:DataCollectionService: stats => 1688544486996,-147,4191
07-05 10:08:07.009 13118 13333 I BatteryMgr:DataCollectionService: stats => 1688544487009,-147,4191
07-05 10:08:07.025 13118 13333 I BatteryMgr:DataCollectionService: stats => 1688544487025,-147,4191
07-05 10:08:07.041 13118 13333 I BatteryMgr:DataCollectionService: stats => 1688544487041,-147,4191
07-05 10:08:07.058 13118 13333 I BatteryMgr:DataCollectionService: stats => 1688544487057,-147,4191
07-05 10:08:07.073 13118 13333 I BatteryMgr:DataCollectionService: stats => 1688544487073,-147,4191
07-05 10:08:07.090 13118 13333 I BatteryMgr:DataCollectionService: stats => 1688544487090,-147,4191
07-05 10:08:07.106 13118 13333 I BatteryMgr:DataCollectionService: stats => 1688544487106,-147,4191
07-05 10:08:07.122 13118 13333 I BatteryMgr:DataCollectionService: stats => 1688544487122,-147,4191
07-05 10:08:07.138 13118 13333 I BatteryMgr:DataCollectionService: stats => 1688544487138,-147,4191
07-05 10:08:07.154 13118 13333 I BatteryMgr:DataCollectionService: stats => 1688544487154,-147,4191
07-05 10:08:07.171 13118 13333 I BatteryMgr:DataCollectionService: stats => 1688544487170,-147,4191
07-05 10:08:07.186 13118 13333 I BatteryMgr:DataCollectionService: stats => 1688544487186,-147,4191
07-05 10:08:07.203 13118 13333 I BatteryMgr:DataCollectionService: stats => 1688544487203,-147,4191
07-05 10:08:07.219 13118 13333 I BatteryMgr:DataCollectionService: stats => 1688544487219,-147,4191
07-05 10:08:07.235 13118 13333 I BatteryMgr:DataCollectionService: stats => 1688544487235,-147,4191
07-05 10:08:07.253 13118 13333 I BatteryMgr:DataCollectionService: stats => 1688544487253,-147,4191
07-05 10:08:07.267 13118 13333 I BatteryMgr:DataCollectionService: stats => 1688544487267,-147,4191
07-05 10:08:07.281 13118 13333 I BatteryMgr:DataCollectionService: stats => 1688544487281,-147,4191
07-05 10:08:07.294 13118 13333 I BatteryMgr:DataCollectionService: stats => 1688544487294,-147,4191
07-05 10:08:07.307 13118 13333 I BatteryMgr:DataCollectionService: stats => 1688544487307,-147,4191
07-05 10:08:07.321 13118 13333 I BatteryMgr:DataCollectionService: stats => 1688544487321,-147,4191
07-05 10:08:07.334 13118 13333 I BatteryMgr:DataCollectionService: stats => 1688544487334,-147,4191
07-05 10:08:07.349 13118 13333 I BatteryMgr:DataCollectionService: stats => 1688544487349,-147,4191
07-05 10:08:07.363 13118 13333 I BatteryMgr:DataCollectionService: stats => 1688544487363,-147,4191
07-05 10:08:07.376 13118 13333 I BatteryMgr:DataCollectionService: stats => 1688544487376,-147,4191
07-05 10:08:07.390 13118 13333 I BatteryMgr:DataCollectionService: stats => 1688544487390,-147,4191
07-05 10:08:07.403 13118 13333 I BatteryMgr:DataCollectionService: stats => 1688544487403,-147,4191
07-05 10:08:07.419 13118 13333 I BatteryMgr:DataCollectionService: stats => 1688544487419,-147,4191
07-05 10:08:07.436 13118 13333 I BatteryMgr:DataCollectionService: stats => 1688544487436,-147,4191
07-05 10:08:07.452 13118 13333 I BatteryMgr:DataCollectionService: stats => 1688544487452,-147,4191
07-05 10:08:07.469 13118 13333 I BatteryMgr:DataCollectionService: stats => 1688544487468,-147,4191
07-05 10:08:07.485 13118 13333 I BatteryMgr:DataCollectionService: stats => 1688544487485,-147,4191
07-05 10:08:07.501 13118 13333 I BatteryMgr:DataCollectionService: stats => 1688544487501,-147,4191
07-05 10:08:07.517 13118 13333 I BatteryMgr:DataCollectionService: stats => 1688544487517,-147,4191
07-05 10:08:07.533 13118 13333 I BatteryMgr:DataCollectionService: stats => 1688544487533,-147,4191
07-05 10:08:07.550 13118 13333 I BatteryMgr:DataCollectionService: stats => 1688544487550,-147,4191
07-05 10:08:07.566 13118 13333 I BatteryMgr:DataCollectionService: stats => 1688544487566,-147,4191
07-05 10:08:07.582 13118 13333 I BatteryMgr:DataCollectionService: stats => 1688544487582,-147,4191
07-05 10:08:07.598 13118 13333 I BatteryMgr:DataCollectionService: stats => 1688544487598,-147,4191
07-05 10:08:07.614 13118 13333 I BatteryMgr:DataCollectionService: stats => 1688544487614,-147,4191
07-05 10:08:07.631 13118 13333 I BatteryMgr:DataCollectionService: stats => 1688544487631,-147,4191
07-05 10:08:07.647 13118 13333 I BatteryMgr:DataCollectionService: stats => 1688544487647,-147,4191
07-05 10:08:07.664 13118 13333 I BatteryMgr:DataCollectionService: stats => 1688544487664,-147,4191
07-05 10:08:07.680 13118 13333 I BatteryMgr:DataCollectionService: stats => 1688544487680,-147,4191
07-05 10:08:07.696 13118 13333 I BatteryMgr:DataCollectionService: stats => 1688544487696,-147,4191
07-05 10:08:07.712 13118 13333 I BatteryMgr:DataCollectionService: stats => 1688544487712,-147,4191
07-05 10:08:07.729 13118 13333 I BatteryMgr:DataCollectionService: stats => 1688544487728,-147,4191
07-05 10:08:07.745 13118 13333 I BatteryMgr:DataCollectionService: stats => 1688544487745,-147,4191
07-05 10:08:07.761 13118 13333 I BatteryMgr:DataCollectionService: stats => 1688544487761,-147,4191
07-05 10:08:07.777 13118 13333 I BatteryMgr:DataCollectionService: stats => 1688544487777,-147,4191
07-05 10:08:07.793 13118 13333 I BatteryMgr:DataCollectionService: stats => 1688544487793,-147,4191
07-05 10:08:07.810 13118 13333 I BatteryMgr:DataCollectionService: stats => 1688544487809,-147,4191
07-05 10:08:07.826 13118 13333 I BatteryMgr:DataCollectionService: stats => 1688544487826,-147,4191
07-05 10:08:07.842 13118 13333 I BatteryMgr:DataCollectionService: stats => 1688544487842,-147,4191
07-05 10:08:07.859 13118 13333 I BatteryMgr:DataCollectionService: stats => 1688544487858,-147,4191
07-05 10:08:07.874 13118 13333 I BatteryMgr:DataCollectionService: stats => 1688544487874,-147,4191
07-05 10:08:07.891 13118 13333 I BatteryMgr:DataCollectionService: stats => 1688544487891,-147,4191
07-05 10:08:07.907 13118 13333 I BatteryMgr:DataCollectionService: stats => 1688544487907,-147,4191
07-05 10:08:07.923 13118 13333 I BatteryMgr:DataCollectionService: stats => 1688544487923,-147,4191
07-05 10:08:07.940 13118 13333 I BatteryMgr:DataCollectionService: stats => 1688544487939,-147,4191
07-05 10:08:07.956 13118 13333 I BatteryMgr:DataCollectionService: stats => 1688544487956,-147,4191
07-05 10:08:07.973 13118 13333 I BatteryMgr:DataCollectionService: stats => 1688544487973,-147,4191
07-05 10:08:07.989 13118 13333 I BatteryMgr:DataCollectionService: stats => 1688544487989,-147,4191
07-05 10:08:08.005 13118 13333 I BatteryMgr:DataCollectionService: stats => 1688544488005,-147,4191
07-05 10:08:08.021 13118 13333 I BatteryMgr:DataCollectionService: stats => 1688544488021,-147,4191
07-05 10:08:08.038 13118 13333 I BatteryMgr:DataCollectionService: stats => 1688544488038,-147,4191
07-05 10:08:08.054 13118 13333 I BatteryMgr:DataCollectionService: stats => 1688544488054,-147,4191
07-05 10:08:08.070 13118 13333 I BatteryMgr:DataCollectionService: stats => 1688544488070,-147,4191
07-05 10:08:08.086 13118 13333 I BatteryMgr:DataCollectionService: stats => 1688544488086,-147,4191
07-05 10:08:08.102 13118 13333 I BatteryMgr:DataCollectionService: stats => 1688544488102,-147,4191
07-05 10:08:08.119 13118 13333 I BatteryMgr:DataCollectionService: stats => 1688544488119,-147,4191
07-05 10:08:08.135 13118 13333 I BatteryMgr:DataCollectionService: stats => 1688544488135,-147,4191
07-05 10:08:08.152 13118 13333 I BatteryMgr:DataCollectionService: stats => 1688544488151,-147,4191
07-05 10:08:08.168 13118 13333 I BatteryMgr:DataCollectionService: stats => 1688544488168,-147,4191
07-05 10:08:08.184 13118 13333 I BatteryMgr:DataCollectionService: stats => 1688544488184,-147,4191
07-05 10:08:08.200 13118 13333 I BatteryMgr:DataCollectionService: stats => 1688544488200,-147,4191
07-05 10:08:08.217 13118 13333 I BatteryMgr:DataCollectionService: stats => 1688544488217,-147,4191
07-05 10:08:08.233 13118 13333 I BatteryMgr:DataCollectionService: stats => 1688544488233,-147,4191
07-05 10:08:08.249 13118 13333 I BatteryMgr:DataCollectionService: stats => 1688544488249,-147,4191
07-05 10:08:08.266 13118 13333 I BatteryMgr:DataCollectionService: stats => 1688544488265,-147,4191
07-05 10:08:08.282 13118 13333 I BatteryMgr:DataCollectionService: stats => 1688544488281,-147,4191
07-05 10:08:08.297 13118 13333 I BatteryMgr:DataCollectionService: stats => 1688544488297,-147,4191
07-05 10:08:08.314 13118 13333 I BatteryMgr:DataCollectionService: stats => 1688544488314,-147,4191
07-05 10:08:08.330 13118 13333 I BatteryMgr:DataCollectionService: stats => 1688544488330,-147,4191
07-05 10:08:08.346 13118 13333 I BatteryMgr:DataCollectionService: stats => 1688544488346,-147,4191
07-05 10:08:08.363 13118 13333 I BatteryMgr:DataCollectionService: stats => 1688544488362,-147,4191
07-05 10:08:08.379 13118 13333 I BatteryMgr:DataCollectionService: stats => 1688544488379,-147,4191
07-05 10:08:08.396 13118 13333 I BatteryMgr:DataCollectionService: stats => 1688544488396,-147,4191
07-05 10:08:08.412 13118 13333 I BatteryMgr:DataCollectionService: stats => 1688544488412,-147,4191
07-05 10:08:08.428 13118 13333 I BatteryMgr:DataCollectionService: stats => 1688544488428,-147,4191
07-05 10:08:08.445 13118 13333 I BatteryMgr:DataCollectionService: stats => 1688544488445,-147,4191
07-05 10:08:08.461 13118 13333 I BatteryMgr:DataCollectionService: stats => 1688544488461,-147,4191
07-05 10:08:08.477 13118 13333 I BatteryMgr:DataCollectionService: stats => 1688544488477,-147,4191
07-05 10:08:08.494 13118 13333 I BatteryMgr:DataCollectionService: stats => 1688544488494,-147,4191
07-05 10:08:08.510 13118 13333 I BatteryMgr:DataCollectionService: stats => 1688544488510,-147,4191
07-05 10:08:08.527 13118 13333 I BatteryMgr:DataCollectionService: stats => 1688544488526,-147,4191
07-05 10:08:08.543 13118 13333 I BatteryMgr:DataCollectionService: stats => 1688544488543,-147,4191
07-05 10:08:08.559 13118 13333 I BatteryMgr:DataCollectionService: stats => 1688544488559,-147,4191
07-05 10:08:08.576 13118 13333 I BatteryMgr:DataCollectionService: stats => 1688544488576,-147,4191
07-05 10:08:08.592 13118 13333 I BatteryMgr:DataCollectionService: stats => 1688544488592,-147,4191
07-05 10:08:08.608 13118 13333 I BatteryMgr:DataCollectionService: stats => 1688544488608,-147,4191
07-05 10:08:08.624 13118 13333 I BatteryMgr:DataCollectionService: stats => 1688544488624,-147,4191
07-05 10:08:08.639 13118 13333 I BatteryMgr:DataCollectionService: stats => 1688544488639,-147,4191
07-05 10:08:08.655 13118 13333 I BatteryMgr:DataCollectionService: stats => 1688544488655,-147,4191
07-05 10:08:08.671 13118 13333 I BatteryMgr:DataCollectionService: stats => 1688544488671,-147,4191
07-05 10:08:08.688 13118 13333 I BatteryMgr:DataCollectionService: stats => 1688544488688,-147,4191
07-05 10:08:08.702 13118 13333 I BatteryMgr:DataCollectionService: stats => 1688544488702,-147,4191
07-05 10:08:08.715 13118 13333 I BatteryMgr:DataCollectionService: stats => 1688544488715,-147,4191
07-05 10:08:08.728 13118 13333 I BatteryMgr:DataCollectionService: stats => 1688544488728,-147,4191
07-05 10:08:08.742 13118 13333 I BatteryMgr:DataCollectionService: stats => 1688544488742,-147,4191
07-05 10:08:08.758 13118 13333 I BatteryMgr:DataCollectionService: stats => 1688544488758,-147,4191
07-05 10:08:08.767  3435  3435 I android.hardware.wifi@1.0-service: getLinkLayerStats
07-05 10:08:08.774 13118 13333 I BatteryMgr:DataCollectionService: stats => 1688544488774,-147,4191
07-05 10:08:08.790 13118 13333 I BatteryMgr:DataCollectionService: stats => 1688544488790,-147,4191
07-05 10:08:08.806 13118 13333 I BatteryMgr:DataCollectionService: stats => 1688544488806,-147,4191
07-05 10:08:08.822 13118 13333 I BatteryMgr:DataCollectionService: stats => 1688544488822,-147,4191
07-05 10:08:08.838 13118 13333 I BatteryMgr:DataCollectionService: stats => 1688544488838,-147,4191
07-05 10:08:08.855 13118 13333 I BatteryMgr:DataCollectionService: stats => 1688544488855,-147,4191
07-05 10:08:08.871 13118 13333 I BatteryMgr:DataCollectionService: stats => 1688544488871,-147,4191
07-05 10:08:08.888 13118 13333 I BatteryMgr:DataCollectionService: stats => 1688544488887,-147,4191
07-05 10:08:08.904 13118 13333 I BatteryMgr:DataCollectionService: stats => 1688544488904,-147,4191
07-05 10:08:08.920 13118 13333 I BatteryMgr:DataCollectionService: stats => 1688544488920,-147,4191
07-05 10:08:08.937 13118 13333 I BatteryMgr:DataCollectionService: stats => 1688544488936,-147,4191
07-05 10:08:08.958 13118 13333 I BatteryMgr:DataCollectionService: stats => 1688544488958,-147,4191
07-05 10:08:08.972 13118 13333 I BatteryMgr:DataCollectionService: stats => 1688544488972,-147,4191
07-05 10:08:08.985 13118 13333 I BatteryMgr:DataCollectionService: stats => 1688544488985,-147,4191
07-05 10:08:08.999 13118 13333 I BatteryMgr:DataCollectionService: stats => 1688544488999,-147,4191
07-05 10:08:09.012 13118 13333 I BatteryMgr:DataCollectionService: stats => 1688544489012,-147,4191
07-05 10:08:09.025 13118 13333 I BatteryMgr:DataCollectionService: stats => 1688544489025,-147,4191
07-05 10:08:09.038 13118 13333 I BatteryMgr:DataCollectionService: stats => 1688544489038,-147,4191
07-05 10:08:09.052 13118 13333 I BatteryMgr:DataCollectionService: stats => 1688544489052,-147,4191
07-05 10:08:09.068 13118 13333 I BatteryMgr:DataCollectionService: stats => 1688544489068,-147,4191
07-05 10:08:09.085 13118 13333 I BatteryMgr:DataCollectionService: stats => 1688544489085,-147,4191
07-05 10:08:09.101 13118 13333 I BatteryMgr:DataCollectionService: stats => 1688544489101,-147,4191
07-05 10:08:09.117 13118 13333 I BatteryMgr:DataCollectionService: stats => 1688544489117,-147,4191
07-05 10:08:09.133 13118 13333 I BatteryMgr:DataCollectionService: stats => 1688544489133,-147,4191
07-05 10:08:09.149 13118 13333 I BatteryMgr:DataCollectionService: stats => 1688544489149,-147,4191
07-05 10:08:09.165 13118 13333 I BatteryMgr:DataCollectionService: stats => 1688544489165,-147,4191
07-05 10:08:09.181 13118 13333 I BatteryMgr:DataCollectionService: stats => 1688544489181,-147,4191
07-05 10:08:09.197 13118 13333 I BatteryMgr:DataCollectionService: stats => 1688544489197,-147,4191
07-05 10:08:09.214 13118 13333 I BatteryMgr:DataCollectionService: stats => 1688544489214,-147,4191
07-05 10:08:09.229  3956  4445 E Watchdog: !@Sync 57 [2023-07-05 10:08:09.228]
07-05 10:08:09.230 13118 13333 I BatteryMgr:DataCollectionService: stats => 1688544489230,-147,4191
07-05 10:08:09.247 13118 13333 I BatteryMgr:DataCollectionService: stats => 1688544489246,-147,4191
07-05 10:08:09.263 13118 13333 I BatteryMgr:DataCollectionService: stats => 1688544489263,-147,4191
07-05 10:08:09.279 13118 13333 I BatteryMgr:DataCollectionService: stats => 1688544489279,-147,4191
07-05 10:08:09.295 13118 13333 I BatteryMgr:DataCollectionService: stats => 1688544489295,-147,4191
07-05 10:08:09.312 13118 13333 I BatteryMgr:DataCollectionService: stats => 1688544489311,-147,4191
07-05 10:08:09.328 13118 13333 I BatteryMgr:DataCollectionService: stats => 1688544489328,-147,4191
07-05 10:08:09.345 13118 13333 I BatteryMgr:DataCollectionService: stats => 1688544489344,-147,4191
07-05 10:08:09.361 13118 13333 I BatteryMgr:DataCollectionService: stats => 1688544489361,-147,4191
07-05 10:08:09.377 13118 13333 I BatteryMgr:DataCollectionService: stats => 1688544489377,-147,4191
07-05 10:08:09.393 13118 13333 I BatteryMgr:DataCollectionService: stats => 1688544489393,-147,4191
07-05 10:08:09.410 13118 13333 I BatteryMgr:DataCollectionService: stats => 1688544489410,-147,4191
07-05 10:08:09.426 13118 13333 I BatteryMgr:DataCollectionService: stats => 1688544489426,-147,4191
07-05 10:08:09.442 13118 13333 I BatteryMgr:DataCollectionService: stats => 1688544489442,-147,4191
07-05 10:08:09.459 13118 13333 I BatteryMgr:DataCollectionService: stats => 1688544489459,-147,4191
07-05 10:08:09.475 13118 13333 I BatteryMgr:DataCollectionService: stats => 1688544489475,-147,4191
07-05 10:08:09.492 13118 13333 I BatteryMgr:DataCollectionService: stats => 1688544489492,-147,4191
07-05 10:08:09.508 13118 13333 I BatteryMgr:DataCollectionService: stats => 1688544489508,-147,4191
07-05 10:08:09.525 13118 13333 I BatteryMgr:DataCollectionService: stats => 1688544489525,-147,4191
07-05 10:08:09.542 13118 13333 I BatteryMgr:DataCollectionService: stats => 1688544489541,-147,4191
07-05 10:08:09.558 13118 13333 I BatteryMgr:DataCollectionService: stats => 1688544489558,-147,4191
07-05 10:08:09.574 13118 13333 I BatteryMgr:DataCollectionService: stats => 1688544489574,-147,4191
07-05 10:08:09.590 13118 13333 I BatteryMgr:DataCollectionService: stats => 1688544489590,-147,4191
07-05 10:08:09.606 13118 13333 I BatteryMgr:DataCollectionService: stats => 1688544489606,-147,4191
07-05 10:08:09.622 13118 13333 I BatteryMgr:DataCollectionService: stats => 1688544489622,-147,4191
07-05 10:08:09.638 13118 13333 I BatteryMgr:DataCollectionService: stats => 1688544489638,-147,4191
07-05 10:08:09.655 13118 13333 I BatteryMgr:DataCollectionService: stats => 1688544489654,-147,4191
07-05 10:08:09.671 13118 13333 I BatteryMgr:DataCollectionService: stats => 1688544489671,-147,4191
07-05 10:08:09.687 13118 13333 I BatteryMgr:DataCollectionService: stats => 1688544489687,-147,4191
07-05 10:08:09.703 13118 13333 I BatteryMgr:DataCollectionService: stats => 1688544489703,-147,4191
07-05 10:08:09.705  4952  4952 D io_stats: !@ 179,0 r 87459 3293276 w 22767 513628 d 2024 133152 f 6264 6402 iot 50032 39833 th 51200 0 0 pt 0 inp 0 0 1728.291
07-05 10:08:09.720 13118 13333 I BatteryMgr:DataCollectionService: stats => 1688544489720,-147,4191
07-05 10:08:09.736 13118 13333 I BatteryMgr:DataCollectionService: stats => 1688544489736,-147,4191
07-05 10:08:09.752 13118 13333 I BatteryMgr:DataCollectionService: stats => 1688544489752,-147,4191
07-05 10:08:09.768 13118 13333 I BatteryMgr:DataCollectionService: stats => 1688544489768,-147,4191
07-05 10:08:09.784 13118 13333 I BatteryMgr:DataCollectionService: stats => 1688544489784,-147,4191
07-05 10:08:09.801 13118 13333 I BatteryMgr:DataCollectionService: stats => 1688544489801,-147,4191
