07-04 16:33:32.672  2863  2933 I BatteryMgr:DataCollectionService: stats => 1688502812672,-105285,4277
07-04 16:33:32.788  2863  2933 I BatteryMgr:DataCollectionService: stats => 1688502812788,-105285,4277
07-04 16:33:32.905  2863  2933 I BatteryMgr:DataCollectionService: stats => 1688502812904,-105285,4277
07-04 16:33:33.023  2863  2933 I BatteryMgr:DataCollectionService: stats => 1688502813023,-105285,4277
07-04 16:33:33.142  2863  2933 I BatteryMgr:DataCollectionService: stats => 1688502813142,-105285,4277
07-04 16:33:33.259  2863  2933 I BatteryMgr:DataCollectionService: stats => 1688502813258,-105285,4277
07-04 16:33:33.380  2863  2933 I BatteryMgr:DataCollectionService: stats => 1688502813379,-105285,4277
07-04 16:33:33.496  2863  2933 I BatteryMgr:DataCollectionService: stats => 1688502813496,-105285,4277
07-04 16:33:33.613  2863  2933 I BatteryMgr:DataCollectionService: stats => 1688502813613,-105285,4277
07-04 16:33:33.732  2863  2933 I BatteryMgr:DataCollectionService: stats => 1688502813732,-105285,4277
07-04 16:33:33.848  2863  2933 I BatteryMgr:DataCollectionService: stats => 1688502813847,-105285,4277
07-04 16:33:33.966  2863  2933 I BatteryMgr:DataCollectionService: stats => 1688502813966,-105285,4277
07-04 16:33:34.083  2863  2933 I BatteryMgr:DataCollectionService: stats => 1688502814083,-105285,4277
07-04 16:33:34.201  2863  2933 I BatteryMgr:DataCollectionService: stats => 1688502814201,-105285,4277
07-04 16:33:34.320  2863  2933 I BatteryMgr:DataCollectionService: stats => 1688502814319,-105285,4277
07-04 16:33:34.436  2863  2933 I BatteryMgr:DataCollectionService: stats => 1688502814436,-105285,4277
07-04 16:33:34.556  2863  2933 I BatteryMgr:DataCollectionService: stats => 1688502814555,-105285,4277
07-04 16:33:34.671  2863  2933 I BatteryMgr:DataCollectionService: stats => 1688502814670,-105285,4277
07-04 16:33:34.785  2863  2933 I BatteryMgr:DataCollectionService: stats => 1688502814785,-105285,4277
07-04 16:33:34.898  2863  2933 I BatteryMgr:DataCollectionService: stats => 1688502814898,-105285,4277
07-04 16:33:34.927   765  1267 D WificondControl: Scan result ready event
07-04 16:33:35.005  2863  2933 I BatteryMgr:DataCollectionService: stats => 1688502815005,-105285,4277
07-04 16:33:35.112  2863  2933 I BatteryMgr:DataCollectionService: stats => 1688502815111,-105285,4277
07-04 16:33:35.218  2863  2933 I BatteryMgr:DataCollectionService: stats => 1688502815218,-105285,4277
07-04 16:33:35.326  2863  2933 I BatteryMgr:DataCollectionService: stats => 1688502815326,-105285,4277
07-04 16:33:35.436  2863  2933 I BatteryMgr:DataCollectionService: stats => 1688502815436,-105285,4277
07-04 16:33:35.546  2863  2933 I BatteryMgr:DataCollectionService: stats => 1688502815545,-105285,4277
07-04 16:33:35.659  2863  2933 I BatteryMgr:DataCollectionService: stats => 1688502815659,-105285,4277
07-04 16:33:35.772  2863  2933 I BatteryMgr:DataCollectionService: stats => 1688502815771,-105285,4277
07-04 16:33:35.885  2863  2933 I BatteryMgr:DataCollectionService: stats => 1688502815885,-105285,4277
07-04 16:33:36.000  2863  2933 I BatteryMgr:DataCollectionService: stats => 1688502815999,-105285,4277
07-04 16:33:36.117  2863  2933 I BatteryMgr:DataCollectionService: stats => 1688502816116,-105285,4277
07-04 16:33:36.236  2863  2933 I BatteryMgr:DataCollectionService: stats => 1688502816235,-105285,4277
07-04 16:33:36.353  2863  2933 I BatteryMgr:DataCollectionService: stats => 1688502816352,-105285,4277
07-04 16:33:36.468  2863  2933 I BatteryMgr:DataCollectionService: stats => 1688502816468,-105285,4277
07-04 16:33:36.585  2863  2933 I BatteryMgr:DataCollectionService: stats => 1688502816584,-105285,4277
07-04 16:33:36.700  2863  2933 I BatteryMgr:DataCollectionService: stats => 1688502816699,-105285,4277
07-04 16:33:36.813  2863  2933 I BatteryMgr:DataCollectionService: stats => 1688502816813,-105285,4277
07-04 16:33:36.927  2863  2933 I BatteryMgr:DataCollectionService: stats => 1688502816926,-105285,4277
07-04 16:33:37.043  2863  2933 I BatteryMgr:DataCollectionService: stats => 1688502817043,-105285,4277
07-04 16:33:37.160  2863  2933 I BatteryMgr:DataCollectionService: stats => 1688502817159,-105285,4277
07-04 16:33:37.278  2863  2933 I BatteryMgr:DataCollectionService: stats => 1688502817278,-105285,4277
07-04 16:33:37.396  2863  2933 I BatteryMgr:DataCollectionService: stats => 1688502817396,-105285,4277
07-04 16:33:37.512  2863  2933 I BatteryMgr:DataCollectionService: stats => 1688502817511,-105285,4277
07-04 16:33:37.627  2863  2933 I BatteryMgr:DataCollectionService: stats => 1688502817626,-105285,4277
07-04 16:33:37.746  2863  2933 I BatteryMgr:DataCollectionService: stats => 1688502817746,-105285,4277
07-04 16:33:37.860  2863  2933 I BatteryMgr:DataCollectionService: stats => 1688502817860,-105285,4277
07-04 16:33:37.975  2863  2933 I BatteryMgr:DataCollectionService: stats => 1688502817975,-105285,4277
07-04 16:33:38.089  2863  2933 I BatteryMgr:DataCollectionService: stats => 1688502818088,-105285,4277
07-04 16:33:38.204  2863  2933 I BatteryMgr:DataCollectionService: stats => 1688502818203,-105285,4277
07-04 16:33:38.321  2863  2933 I BatteryMgr:DataCollectionService: stats => 1688502818320,-105285,4277
07-04 16:33:38.438  2863  2933 I BatteryMgr:DataCollectionService: stats => 1688502818438,-105285,4277
07-04 16:33:38.555  2863  2933 I BatteryMgr:DataCollectionService: stats => 1688502818554,-105285,4277
07-04 16:33:38.670  2863  2933 I BatteryMgr:DataCollectionService: stats => 1688502818670,-105285,4277
07-04 16:33:38.784  2863  2933 I BatteryMgr:DataCollectionService: stats => 1688502818784,-105285,4277
07-04 16:33:38.899  2863  2933 I BatteryMgr:DataCollectionService: stats => 1688502818899,-105285,4277
07-04 16:33:39.015  2863  2933 I BatteryMgr:DataCollectionService: stats => 1688502819015,-105285,4277
07-04 16:33:39.130  2863  2933 I BatteryMgr:DataCollectionService: stats => 1688502819130,-105285,4277
07-04 16:33:39.269  2863  2933 I BatteryMgr:DataCollectionService: stats => 1688502819268,-105285,4277
07-04 16:33:39.387  2863  2933 I BatteryMgr:DataCollectionService: stats => 1688502819387,-105285,4277
07-04 16:33:39.503  2863  2933 I BatteryMgr:DataCollectionService: stats => 1688502819502,-105285,4277
07-04 16:33:39.620  2863  2933 I BatteryMgr:DataCollectionService: stats => 1688502819620,-105285,4277
07-04 16:33:39.736  2863  2933 I BatteryMgr:DataCollectionService: stats => 1688502819735,-105285,4277
07-04 16:33:39.850  2863  2933 I BatteryMgr:DataCollectionService: stats => 1688502819850,-105285,4277
07-04 16:33:39.969  2863  2933 I BatteryMgr:DataCollectionService: stats => 1688502819969,-105285,4277
07-04 16:33:40.083  2863  2933 I BatteryMgr:DataCollectionService: stats => 1688502820082,-105285,4277
07-04 16:33:40.196  2863  2933 I BatteryMgr:DataCollectionService: stats => 1688502820196,-105285,4277
07-04 16:33:40.317  2863  2933 I BatteryMgr:DataCollectionService: stats => 1688502820316,-105285,4277
07-04 16:33:40.434  2863  2933 I BatteryMgr:DataCollectionService: stats => 1688502820433,-105285,4277
07-04 16:33:40.550  2863  2933 I BatteryMgr:DataCollectionService: stats => 1688502820550,-105285,4277
07-04 16:33:40.666  2863  2933 I BatteryMgr:DataCollectionService: stats => 1688502820666,-105285,4277
07-04 16:33:40.779  2863  2933 I BatteryMgr:DataCollectionService: stats => 1688502820778,-105285,4277
07-04 16:33:40.893  2863  2933 I BatteryMgr:DataCollectionService: stats => 1688502820893,-105285,4277
07-04 16:33:41.009  2863  2933 I BatteryMgr:DataCollectionService: stats => 1688502821009,-105285,4277
07-04 16:33:41.123  2863  2933 I BatteryMgr:DataCollectionService: stats => 1688502821123,-105285,4277
07-04 16:33:41.239  2863  2933 I BatteryMgr:DataCollectionService: stats => 1688502821239,-105285,4277
07-04 16:33:41.353  2863  2933 I BatteryMgr:DataCollectionService: stats => 1688502821353,-105285,4277
07-04 16:33:41.472  2863  2933 I BatteryMgr:DataCollectionService: stats => 1688502821471,-105285,4277
07-04 16:33:41.589  2863  2933 I BatteryMgr:DataCollectionService: stats => 1688502821588,-105285,4277
07-04 16:33:41.703  2863  2933 I BatteryMgr:DataCollectionService: stats => 1688502821703,-105285,4277
07-04 16:33:41.816  2863  2933 I BatteryMgr:DataCollectionService: stats => 1688502821816,-105285,4277
07-04 16:33:41.929  2863  2933 I BatteryMgr:DataCollectionService: stats => 1688502821929,-105285,4277
07-04 16:33:42.046  2863  2933 I BatteryMgr:DataCollectionService: stats => 1688502822046,-105285,4277
07-04 16:33:42.163  2863  2933 I BatteryMgr:DataCollectionService: stats => 1688502822163,-105285,4277
07-04 16:33:42.279  2863  2933 I BatteryMgr:DataCollectionService: stats => 1688502822279,-105285,4277
07-04 16:33:42.395  2863  2933 I BatteryMgr:DataCollectionService: stats => 1688502822394,-105285,4277
07-04 16:33:42.506  2863  2933 I BatteryMgr:DataCollectionService: stats => 1688502822506,-105285,4277
07-04 16:33:42.619  2863  2933 I BatteryMgr:DataCollectionService: stats => 1688502822619,-105285,4277
07-04 16:33:42.735  2863  2933 I BatteryMgr:DataCollectionService: stats => 1688502822735,-105285,4277
07-04 16:33:42.851  2863  2933 I BatteryMgr:DataCollectionService: stats => 1688502822851,-105285,4277
07-04 16:33:42.967  2863  2933 I BatteryMgr:DataCollectionService: stats => 1688502822967,-105285,4277
07-04 16:33:43.081  2863  2933 I BatteryMgr:DataCollectionService: stats => 1688502823081,-105285,4277
07-04 16:33:43.194  2863  2933 I BatteryMgr:DataCollectionService: stats => 1688502823194,-105285,4277
07-04 16:33:43.309  2863  2933 I BatteryMgr:DataCollectionService: stats => 1688502823308,-105285,4277
07-04 16:33:43.423  2863  2933 I BatteryMgr:DataCollectionService: stats => 1688502823423,-105285,4277
07-04 16:33:43.538  2863  2933 I BatteryMgr:DataCollectionService: stats => 1688502823538,-105285,4277
07-04 16:33:43.651  2863  2933 I BatteryMgr:DataCollectionService: stats => 1688502823651,-105285,4277
07-04 16:33:43.766  2863  2933 I BatteryMgr:DataCollectionService: stats => 1688502823765,-105285,4277
07-04 16:33:43.880  2863  2933 I BatteryMgr:DataCollectionService: stats => 1688502823879,-105285,4277
07-04 16:33:43.996  2863  2933 I BatteryMgr:DataCollectionService: stats => 1688502823996,-105285,4277
07-04 16:33:44.110  2863  2933 I BatteryMgr:DataCollectionService: stats => 1688502824109,-105285,4277
07-04 16:33:44.223  2863  2933 I BatteryMgr:DataCollectionService: stats => 1688502824223,-105285,4277
07-04 16:33:44.337  2863  2933 I BatteryMgr:DataCollectionService: stats => 1688502824336,-105285,4277
07-04 16:33:44.453  2863  2933 I BatteryMgr:DataCollectionService: stats => 1688502824452,-105285,4277
07-04 16:33:44.568  2863  2933 I BatteryMgr:DataCollectionService: stats => 1688502824567,-105285,4277
07-04 16:33:44.684  2863  2933 I BatteryMgr:DataCollectionService: stats => 1688502824684,-105285,4277
07-04 16:33:44.799  2863  2933 I BatteryMgr:DataCollectionService: stats => 1688502824798,-105285,4277
07-04 16:33:44.913  2863  2933 I BatteryMgr:DataCollectionService: stats => 1688502824913,-105285,4277
07-04 16:33:45.026  2863  2933 I BatteryMgr:DataCollectionService: stats => 1688502825025,-105285,4277
07-04 16:33:45.140  2863  2933 I BatteryMgr:DataCollectionService: stats => 1688502825140,-105285,4277
07-04 16:33:45.256  2863  2933 I BatteryMgr:DataCollectionService: stats => 1688502825256,-105285,4277
07-04 16:33:45.371  2863  2933 I BatteryMgr:DataCollectionService: stats => 1688502825370,-105285,4277
07-04 16:33:45.485  2863  2933 I BatteryMgr:DataCollectionService: stats => 1688502825485,-105285,4277
07-04 16:33:45.598  2863  2933 I BatteryMgr:DataCollectionService: stats => 1688502825598,-105285,4277
07-04 16:33:45.713  2863  2933 I BatteryMgr:DataCollectionService: stats => 1688502825713,-105285,4277
07-04 16:33:45.827  2863  2933 I BatteryMgr:DataCollectionService: stats => 1688502825827,-105285,4277
07-04 16:33:45.944  2863  2933 I BatteryMgr:DataCollectionService: stats => 1688502825944,-105285,4277
07-04 16:33:46.059  2863  2933 I BatteryMgr:DataCollectionService: stats => 1688502826059,-105285,4277
07-04 16:33:46.172  2863  2933 I BatteryMgr:DataCollectionService: stats => 1688502826172,-105285,4277
07-04 16:33:46.286  2863  2933 I BatteryMgr:DataCollectionService: stats => 1688502826286,-105285,4277
07-04 16:33:46.402  2863  2933 I BatteryMgr:DataCollectionService: stats => 1688502826402,-105285,4277
07-04 16:33:46.521  2863  2933 I BatteryMgr:DataCollectionService: stats => 1688502826521,-105285,4277
07-04 16:33:46.636  2863  2933 I BatteryMgr:DataCollectionService: stats => 1688502826636,-105285,4277
07-04 16:33:46.750  2863  2933 I BatteryMgr:DataCollectionService: stats => 1688502826750,-105285,4277
07-04 16:33:46.864  2863  2933 I BatteryMgr:DataCollectionService: stats => 1688502826863,-105285,4277
07-04 16:33:46.976  2863  2933 I BatteryMgr:DataCollectionService: stats => 1688502826975,-105285,4277
07-04 16:33:47.089  2863  2933 I BatteryMgr:DataCollectionService: stats => 1688502827089,-105285,4277
07-04 16:33:47.204  2863  2933 I BatteryMgr:DataCollectionService: stats => 1688502827203,-105285,4277
07-04 16:33:47.317  2863  2933 I BatteryMgr:DataCollectionService: stats => 1688502827317,-105285,4277
07-04 16:33:47.431  2863  2933 I BatteryMgr:DataCollectionService: stats => 1688502827430,-105285,4277
07-04 16:33:47.543  2863  2933 I BatteryMgr:DataCollectionService: stats => 1688502827543,-105285,4277
07-04 16:33:47.659  2863  2933 I BatteryMgr:DataCollectionService: stats => 1688502827659,-105285,4277
07-04 16:33:47.779  2863  2933 I BatteryMgr:DataCollectionService: stats => 1688502827779,-105285,4277
07-04 16:33:47.895  2863  2933 I BatteryMgr:DataCollectionService: stats => 1688502827894,-105285,4277
07-04 16:33:48.007  2863  2933 I BatteryMgr:DataCollectionService: stats => 1688502828006,-105285,4277
07-04 16:33:48.118  2863  2933 I BatteryMgr:DataCollectionService: stats => 1688502828118,-105285,4277
07-04 16:33:48.235  2863  2933 I BatteryMgr:DataCollectionService: stats => 1688502828234,-105285,4277
07-04 16:33:48.348  2863  2933 I BatteryMgr:DataCollectionService: stats => 1688502828348,-105285,4277
07-04 16:33:48.462  2863  2933 I BatteryMgr:DataCollectionService: stats => 1688502828462,-105285,4277
07-04 16:33:48.574  2863  2933 I BatteryMgr:DataCollectionService: stats => 1688502828574,-105285,4277
07-04 16:33:48.686  2863  2933 I BatteryMgr:DataCollectionService: stats => 1688502828686,-105285,4277
07-04 16:33:48.802  2863  2933 I BatteryMgr:DataCollectionService: stats => 1688502828802,-105285,4277
07-04 16:33:48.918  2863  2933 I BatteryMgr:DataCollectionService: stats => 1688502828917,-105285,4277
07-04 16:33:49.030  2863  2933 I BatteryMgr:DataCollectionService: stats => 1688502829029,-105285,4277
07-04 16:33:49.143  2863  2933 I BatteryMgr:DataCollectionService: stats => 1688502829143,-105285,4277
07-04 16:33:49.259  2863  2933 I BatteryMgr:DataCollectionService: stats => 1688502829258,-105285,4277
07-04 16:33:49.372  2863  2933 I BatteryMgr:DataCollectionService: stats => 1688502829372,-105285,4277
07-04 16:33:49.486  2863  2933 I BatteryMgr:DataCollectionService: stats => 1688502829486,-105285,4277
07-04 16:33:49.599  2863  2933 I BatteryMgr:DataCollectionService: stats => 1688502829599,-105285,4277
07-04 16:33:49.715  2863  2933 I BatteryMgr:DataCollectionService: stats => 1688502829715,-105285,4277
07-04 16:33:49.829  2863  2933 I BatteryMgr:DataCollectionService: stats => 1688502829828,-105285,4277
07-04 16:33:49.945  2863  2933 I BatteryMgr:DataCollectionService: stats => 1688502829944,-105285,4277
07-04 16:33:50.060  2863  2933 I BatteryMgr:DataCollectionService: stats => 1688502830060,-105285,4277
07-04 16:33:50.175  2863  2933 I BatteryMgr:DataCollectionService: stats => 1688502830173,-105285,4277
07-04 16:33:50.286  2863  2933 I BatteryMgr:DataCollectionService: stats => 1688502830286,-105285,4277
07-04 16:33:50.399  2863  2933 I BatteryMgr:DataCollectionService: stats => 1688502830399,-105285,4277
07-04 16:33:50.514  2863  2933 I BatteryMgr:DataCollectionService: stats => 1688502830514,-105285,4277
07-04 16:33:50.630  2863  2933 I BatteryMgr:DataCollectionService: stats => 1688502830630,-105285,4277
07-04 16:33:50.747  2863  2933 I BatteryMgr:DataCollectionService: stats => 1688502830747,-105285,4277
07-04 16:33:50.860  2863  2933 I BatteryMgr:DataCollectionService: stats => 1688502830860,-105285,4277
07-04 16:33:50.973  2863  2933 I BatteryMgr:DataCollectionService: stats => 1688502830973,-105285,4277
07-04 16:33:51.088  2863  2933 I BatteryMgr:DataCollectionService: stats => 1688502831088,-105285,4277
07-04 16:33:51.204  2863  2933 I BatteryMgr:DataCollectionService: stats => 1688502831203,-105285,4277
07-04 16:33:51.321  2863  2933 I BatteryMgr:DataCollectionService: stats => 1688502831320,-105285,4277
07-04 16:33:51.438  2863  2933 I BatteryMgr:DataCollectionService: stats => 1688502831438,-105285,4277
07-04 16:33:51.551  2863  2933 I BatteryMgr:DataCollectionService: stats => 1688502831551,-105285,4277
07-04 16:33:51.663  2863  2933 I BatteryMgr:DataCollectionService: stats => 1688502831663,-105285,4277
07-04 16:33:51.779  2863  2933 I BatteryMgr:DataCollectionService: stats => 1688502831778,-105285,4277
07-04 16:33:51.893  2863  2933 I BatteryMgr:DataCollectionService: stats => 1688502831893,-105285,4277
07-04 16:33:52.008  2863  2933 I BatteryMgr:DataCollectionService: stats => 1688502832007,-105285,4277
07-04 16:33:52.123  2863  2933 I BatteryMgr:DataCollectionService: stats => 1688502832122,-105285,4277
07-04 16:33:52.236  2863  2933 I BatteryMgr:DataCollectionService: stats => 1688502832235,-105285,4277
07-04 16:33:52.353  2863  2933 I BatteryMgr:DataCollectionService: stats => 1688502832353,-105285,4277
07-04 16:33:52.466  2863  2933 I BatteryMgr:DataCollectionService: stats => 1688502832466,-105285,4277
07-04 16:33:52.583  2863  2933 I BatteryMgr:DataCollectionService: stats => 1688502832583,-105285,4277
07-04 16:33:52.696  2863  2933 I BatteryMgr:DataCollectionService: stats => 1688502832696,-105285,4277
07-04 16:33:52.810  2863  2933 I BatteryMgr:DataCollectionService: stats => 1688502832810,-105285,4277
07-04 16:33:52.923  2863  2933 I BatteryMgr:DataCollectionService: stats => 1688502832923,-105285,4277
07-04 16:33:53.044  2863  2933 I BatteryMgr:DataCollectionService: stats => 1688502833044,-105285,4277
07-04 16:33:53.156  2863  2933 I BatteryMgr:DataCollectionService: stats => 1688502833155,-105285,4277
07-04 16:33:53.270  2863  2933 I BatteryMgr:DataCollectionService: stats => 1688502833270,-105285,4277
07-04 16:33:53.384  2863  2933 I BatteryMgr:DataCollectionService: stats => 1688502833383,-105285,4277
07-04 16:33:53.493  2863  2933 I BatteryMgr:DataCollectionService: stats => 1688502833493,-105285,4277
07-04 16:33:53.609  2863  2933 I BatteryMgr:DataCollectionService: stats => 1688502833609,-105285,4277
07-04 16:33:53.725  2863  2933 I BatteryMgr:DataCollectionService: stats => 1688502833724,-105285,4277
07-04 16:33:53.836  2863  2933 I BatteryMgr:DataCollectionService: stats => 1688502833836,-105285,4277
07-04 16:33:53.949  2863  2933 I BatteryMgr:DataCollectionService: stats => 1688502833949,-105285,4277
07-04 16:33:54.065  2863  2933 I BatteryMgr:DataCollectionService: stats => 1688502834065,-105285,4277
07-04 16:33:54.180  2863  2933 I BatteryMgr:DataCollectionService: stats => 1688502834180,-105285,4277
07-04 16:33:54.296  2863  2933 I BatteryMgr:DataCollectionService: stats => 1688502834296,-105285,4277
07-04 16:33:54.409  2863  2933 I BatteryMgr:DataCollectionService: stats => 1688502834409,-105285,4277
07-04 16:33:54.522  2863  2933 I BatteryMgr:DataCollectionService: stats => 1688502834522,-108947,4277
07-04 16:33:54.634  2863  2933 I BatteryMgr:DataCollectionService: stats => 1688502834634,-108947,4277
07-04 16:33:54.749  2863  2933 I BatteryMgr:DataCollectionService: stats => 1688502834749,-108947,4277
07-04 16:33:54.863  2863  2933 I BatteryMgr:DataCollectionService: stats => 1688502834863,-108947,4277
07-04 16:33:54.975  2863  2933 I BatteryMgr:DataCollectionService: stats => 1688502834974,-108947,4277
07-04 16:33:55.088  2863  2933 I BatteryMgr:DataCollectionService: stats => 1688502835088,-108947,4277
07-04 16:33:55.206  2863  2933 I BatteryMgr:DataCollectionService: stats => 1688502835206,-108947,4277
07-04 16:33:55.320  2863  2933 I BatteryMgr:DataCollectionService: stats => 1688502835320,-108947,4277
07-04 16:33:55.435  2863  2933 I BatteryMgr:DataCollectionService: stats => 1688502835435,-108947,4277
07-04 16:33:55.546  2863  2933 I BatteryMgr:DataCollectionService: stats => 1688502835546,-108947,4277
07-04 16:33:55.663  2863  2933 I BatteryMgr:DataCollectionService: stats => 1688502835662,-108947,4277
07-04 16:33:55.776  2863  2933 I BatteryMgr:DataCollectionService: stats => 1688502835776,-108947,4277
07-04 16:33:55.890  2863  2933 I BatteryMgr:DataCollectionService: stats => 1688502835889,-108947,4277
07-04 16:33:56.002  2863  2933 I BatteryMgr:DataCollectionService: stats => 1688502836002,-108947,4277
07-04 16:33:56.116  2863  2933 I BatteryMgr:DataCollectionService: stats => 1688502836115,-108947,4277
07-04 16:33:56.229  2863  2933 I BatteryMgr:DataCollectionService: stats => 1688502836229,-108947,4277
07-04 16:33:56.343  2863  2933 I BatteryMgr:DataCollectionService: stats => 1688502836343,-108947,4277
07-04 16:33:56.456  2863  2933 I BatteryMgr:DataCollectionService: stats => 1688502836456,-108947,4277
07-04 16:33:56.571  2863  2933 I BatteryMgr:DataCollectionService: stats => 1688502836570,-108947,4277
07-04 16:33:56.685  2863  2933 I BatteryMgr:DataCollectionService: stats => 1688502836685,-108947,4277
07-04 16:33:56.800  2863  2933 I BatteryMgr:DataCollectionService: stats => 1688502836800,-108947,4277
07-04 16:33:56.917  2863  2933 I BatteryMgr:DataCollectionService: stats => 1688502836916,-108947,4277
07-04 16:33:57.031  2863  2933 I BatteryMgr:DataCollectionService: stats => 1688502837030,-108947,4277
07-04 16:33:57.142  2863  2933 I BatteryMgr:DataCollectionService: stats => 1688502837142,-108947,4277
07-04 16:33:57.249  2863  2933 I BatteryMgr:DataCollectionService: stats => 1688502837249,-108947,4277
07-04 16:33:57.362  2863  2933 I BatteryMgr:DataCollectionService: stats => 1688502837362,-108947,4277
07-04 16:33:57.475  2863  2933 I BatteryMgr:DataCollectionService: stats => 1688502837475,-108947,4277
07-04 16:33:57.594  2863  2933 I BatteryMgr:DataCollectionService: stats => 1688502837594,-108947,4277
07-04 16:33:57.708  2863  2933 I BatteryMgr:DataCollectionService: stats => 1688502837708,-108947,4277
07-04 16:33:57.826  2863  2933 I BatteryMgr:DataCollectionService: stats => 1688502837826,-108947,4277
07-04 16:33:57.942  2863  2933 I BatteryMgr:DataCollectionService: stats => 1688502837941,-108947,4277
07-04 16:33:58.055  2863  2933 I BatteryMgr:DataCollectionService: stats => 1688502838055,-108947,4277
07-04 16:33:58.165  2863  2933 I BatteryMgr:DataCollectionService: stats => 1688502838165,-108947,4277
07-04 16:33:58.277  2863  2933 I BatteryMgr:DataCollectionService: stats => 1688502838277,-108947,4277
07-04 16:33:58.392  2863  2933 I BatteryMgr:DataCollectionService: stats => 1688502838392,-108947,4277
07-04 16:33:58.506  2863  2933 I BatteryMgr:DataCollectionService: stats => 1688502838505,-108947,4277
07-04 16:33:58.618  2863  2933 I BatteryMgr:DataCollectionService: stats => 1688502838618,-108947,4277
07-04 16:33:58.732  2863  2933 I BatteryMgr:DataCollectionService: stats => 1688502838732,-108947,4277
07-04 16:33:58.847  2863  2933 I BatteryMgr:DataCollectionService: stats => 1688502838847,-108947,4277
07-04 16:33:58.962  2863  2933 I BatteryMgr:DataCollectionService: stats => 1688502838962,-108947,4277
07-04 16:33:59.073  2863  2933 I BatteryMgr:DataCollectionService: stats => 1688502839073,-108947,4277
07-04 16:33:59.186  2863  2933 I BatteryMgr:DataCollectionService: stats => 1688502839186,-108947,4277
07-04 16:33:59.301  2863  2933 I BatteryMgr:DataCollectionService: stats => 1688502839301,-108947,4277
07-04 16:33:59.416  2863  2933 I BatteryMgr:DataCollectionService: stats => 1688502839416,-108947,4277
07-04 16:33:59.528  2863  2933 I BatteryMgr:DataCollectionService: stats => 1688502839527,-108947,4277
07-04 16:33:59.642  2863  2933 I BatteryMgr:DataCollectionService: stats => 1688502839642,-108947,4277
07-04 16:33:59.756  2863  2933 I BatteryMgr:DataCollectionService: stats => 1688502839756,-108947,4277
07-04 16:33:59.870  2863  2933 I BatteryMgr:DataCollectionService: stats => 1688502839870,-108947,4277
07-04 16:33:59.984  2863  2933 I BatteryMgr:DataCollectionService: stats => 1688502839983,-108947,4277
07-04 16:34:00.090  2863  2933 I BatteryMgr:DataCollectionService: stats => 1688502840090,-108947,4277
07-04 16:34:00.195  2863  2933 I BatteryMgr:DataCollectionService: stats => 1688502840195,-108947,4277
07-04 16:34:00.305  2863  2933 I BatteryMgr:DataCollectionService: stats => 1688502840305,-108947,4277
07-04 16:34:00.417  2863  2933 I BatteryMgr:DataCollectionService: stats => 1688502840417,-108947,4277
07-04 16:34:00.530  2863  2933 I BatteryMgr:DataCollectionService: stats => 1688502840529,-108947,4277
07-04 16:34:00.643  2863  2933 I BatteryMgr:DataCollectionService: stats => 1688502840643,-108947,4277
07-04 16:34:00.760  2863  2933 I BatteryMgr:DataCollectionService: stats => 1688502840760,-108947,4277
07-04 16:34:00.874  2863  2933 I BatteryMgr:DataCollectionService: stats => 1688502840873,-108947,4277
07-04 16:34:00.987  2863  2933 I BatteryMgr:DataCollectionService: stats => 1688502840986,-108947,4277
07-04 16:34:01.101  2863  2933 I BatteryMgr:DataCollectionService: stats => 1688502841101,-108947,4277
07-04 16:34:01.215  2863  2933 I BatteryMgr:DataCollectionService: stats => 1688502841215,-108947,4277
07-04 16:34:01.330  2863  2933 I BatteryMgr:DataCollectionService: stats => 1688502841330,-108947,4277
07-04 16:34:01.442  2863  2933 I BatteryMgr:DataCollectionService: stats => 1688502841442,-108947,4277
07-04 16:34:01.553  2863  2933 I BatteryMgr:DataCollectionService: stats => 1688502841553,-108947,4277
07-04 16:34:01.667  2863  2933 I BatteryMgr:DataCollectionService: stats => 1688502841667,-108947,4277
07-04 16:34:01.784  2863  2933 I BatteryMgr:DataCollectionService: stats => 1688502841783,-108947,4277
07-04 16:34:01.899  2863  2933 I BatteryMgr:DataCollectionService: stats => 1688502841899,-108947,4277
07-04 16:34:02.012  2863  2933 I BatteryMgr:DataCollectionService: stats => 1688502842012,-108947,4277
07-04 16:34:02.124  2863  2933 I BatteryMgr:DataCollectionService: stats => 1688502842124,-108947,4277
07-04 16:34:02.238  2863  2933 I BatteryMgr:DataCollectionService: stats => 1688502842238,-108947,4277
07-04 16:34:02.354  2863  2933 I BatteryMgr:DataCollectionService: stats => 1688502842353,-108947,4277
07-04 16:34:02.470  2863  2933 I BatteryMgr:DataCollectionService: stats => 1688502842469,-108947,4277
07-04 16:34:02.585  2863  2933 I BatteryMgr:DataCollectionService: stats => 1688502842584,-108947,4277
07-04 16:34:02.695  2863  2933 I BatteryMgr:DataCollectionService: stats => 1688502842695,-108947,4277
07-04 16:34:02.809  2863  2933 I BatteryMgr:DataCollectionService: stats => 1688502842809,-108947,4277
07-04 16:34:02.925  2863  2933 I BatteryMgr:DataCollectionService: stats => 1688502842924,-108947,4277
07-04 16:34:03.037  2863  2933 I BatteryMgr:DataCollectionService: stats => 1688502843037,-108947,4277
07-04 16:34:03.149  2863  2933 I BatteryMgr:DataCollectionService: stats => 1688502843149,-108947,4277
07-04 16:34:03.263  2863  2933 I BatteryMgr:DataCollectionService: stats => 1688502843263,-108947,4277
07-04 16:34:03.378  2863  2933 I BatteryMgr:DataCollectionService: stats => 1688502843378,-108947,4277
07-04 16:34:03.492  2863  2933 I BatteryMgr:DataCollectionService: stats => 1688502843492,-108947,4277
07-04 16:34:03.604  2863  2933 I BatteryMgr:DataCollectionService: stats => 1688502843604,-108947,4277
07-04 16:34:03.718  2863  2933 I BatteryMgr:DataCollectionService: stats => 1688502843718,-108947,4277
07-04 16:34:03.831  2863  2933 I BatteryMgr:DataCollectionService: stats => 1688502843831,-108947,4277
07-04 16:34:03.943  2863  2933 I BatteryMgr:DataCollectionService: stats => 1688502843943,-108947,4277
07-04 16:34:04.055  2863  2933 I BatteryMgr:DataCollectionService: stats => 1688502844055,-108947,4277
07-04 16:34:04.169  2863  2933 I BatteryMgr:DataCollectionService: stats => 1688502844169,-108947,4277
07-04 16:34:04.285  2863  2933 I BatteryMgr:DataCollectionService: stats => 1688502844285,-108947,4277
07-04 16:34:04.399  2863  2933 I BatteryMgr:DataCollectionService: stats => 1688502844399,-108947,4277
07-04 16:34:04.513  2863  2933 I BatteryMgr:DataCollectionService: stats => 1688502844513,-108947,4277
07-04 16:34:04.626  2863  2933 I BatteryMgr:DataCollectionService: stats => 1688502844626,-108947,4277
07-04 16:34:04.740  2863  2933 I BatteryMgr:DataCollectionService: stats => 1688502844739,-108947,4277
07-04 16:34:04.855  2863  2933 I BatteryMgr:DataCollectionService: stats => 1688502844855,-108947,4277
07-04 16:34:04.968  2863  2933 I BatteryMgr:DataCollectionService: stats => 1688502844967,-108947,4277
07-04 16:34:05.081  2863  2933 I BatteryMgr:DataCollectionService: stats => 1688502845081,-108947,4277
07-04 16:34:05.195  2863  2933 I BatteryMgr:DataCollectionService: stats => 1688502845195,-108947,4277
07-04 16:34:05.309  2863  2933 I BatteryMgr:DataCollectionService: stats => 1688502845309,-108947,4277
07-04 16:34:05.423  2863  2933 I BatteryMgr:DataCollectionService: stats => 1688502845423,-108947,4277
07-04 16:34:05.535  2863  2933 I BatteryMgr:DataCollectionService: stats => 1688502845535,-108947,4277
07-04 16:34:05.649  2863  2933 I BatteryMgr:DataCollectionService: stats => 1688502845649,-108947,4277
07-04 16:34:05.763  2863  2933 I BatteryMgr:DataCollectionService: stats => 1688502845763,-108947,4277
07-04 16:34:05.879  2863  2933 I BatteryMgr:DataCollectionService: stats => 1688502845879,-108947,4277
07-04 16:34:05.993  2863  2933 I BatteryMgr:DataCollectionService: stats => 1688502845992,-108947,4277
07-04 16:34:06.103  2863  2933 I BatteryMgr:DataCollectionService: stats => 1688502846103,-108947,4277
07-04 16:34:06.217  2863  2933 I BatteryMgr:DataCollectionService: stats => 1688502846217,-108947,4277
07-04 16:34:06.332  2863  2933 I BatteryMgr:DataCollectionService: stats => 1688502846332,-108947,4277
07-04 16:34:06.446  2863  2933 I BatteryMgr:DataCollectionService: stats => 1688502846445,-108947,4277
07-04 16:34:06.558  2863  2933 I BatteryMgr:DataCollectionService: stats => 1688502846558,-108947,4277
07-04 16:34:06.675  2863  2933 I BatteryMgr:DataCollectionService: stats => 1688502846675,-108947,4277
07-04 16:34:06.789  2863  2933 I BatteryMgr:DataCollectionService: stats => 1688502846789,-108947,4277
07-04 16:34:06.902  2863  2933 I BatteryMgr:DataCollectionService: stats => 1688502846902,-108947,4277
07-04 16:34:07.018  2863  2933 I BatteryMgr:DataCollectionService: stats => 1688502847017,-108947,4277
07-04 16:34:07.129  2863  2933 I BatteryMgr:DataCollectionService: stats => 1688502847129,-108947,4277
07-04 16:34:07.240  2863  2933 I BatteryMgr:DataCollectionService: stats => 1688502847240,-108947,4277
07-04 16:34:07.355  2863  2933 I BatteryMgr:DataCollectionService: stats => 1688502847355,-108947,4277
07-04 16:34:07.466  2863  2933 I BatteryMgr:DataCollectionService: stats => 1688502847466,-108947,4277
07-04 16:34:07.580  2863  2933 I BatteryMgr:DataCollectionService: stats => 1688502847580,-108947,4277
07-04 16:34:07.695  2863  2933 I BatteryMgr:DataCollectionService: stats => 1688502847695,-108947,4277
07-04 16:34:07.809  2863  2933 I BatteryMgr:DataCollectionService: stats => 1688502847809,-108947,4277
07-04 16:34:07.922  2863  2933 I BatteryMgr:DataCollectionService: stats => 1688502847922,-108947,4277
07-04 16:34:08.034  2863  2933 I BatteryMgr:DataCollectionService: stats => 1688502848034,-108947,4277
07-04 16:34:08.152  2863  2933 I BatteryMgr:DataCollectionService: stats => 1688502848152,-108947,4277
07-04 16:34:08.268  2863  2933 I BatteryMgr:DataCollectionService: stats => 1688502848268,-108947,4277
07-04 16:34:08.383  2863  2933 I BatteryMgr:DataCollectionService: stats => 1688502848383,-108947,4277
07-04 16:34:08.496  2863  2933 I BatteryMgr:DataCollectionService: stats => 1688502848496,-108947,4277
07-04 16:34:08.606  2863  2933 I BatteryMgr:DataCollectionService: stats => 1688502848606,-108947,4277
07-04 16:34:08.720  2863  2933 I BatteryMgr:DataCollectionService: stats => 1688502848720,-108947,4277
07-04 16:34:08.836  2863  2933 I BatteryMgr:DataCollectionService: stats => 1688502848836,-108947,4277
07-04 16:34:08.949  2863  2933 I BatteryMgr:DataCollectionService: stats => 1688502848949,-108947,4277
07-04 16:34:09.063  2863  2933 I BatteryMgr:DataCollectionService: stats => 1688502849063,-108947,4277
07-04 16:34:09.178  2863  2933 I BatteryMgr:DataCollectionService: stats => 1688502849178,-108947,4277
07-04 16:34:09.295  2863  2933 I BatteryMgr:DataCollectionService: stats => 1688502849295,-108947,4277
07-04 16:34:09.409  2863  2933 I BatteryMgr:DataCollectionService: stats => 1688502849409,-108947,4277
07-04 16:34:09.525  2863  2933 I BatteryMgr:DataCollectionService: stats => 1688502849524,-108947,4277
07-04 16:34:09.639  2863  2933 I BatteryMgr:DataCollectionService: stats => 1688502849639,-108947,4277
07-04 16:34:09.750  2863  2933 I BatteryMgr:DataCollectionService: stats => 1688502849750,-108947,4277
07-04 16:34:09.862  2863  2933 I BatteryMgr:DataCollectionService: stats => 1688502849862,-108947,4277
07-04 16:34:09.978  2863  2933 I BatteryMgr:DataCollectionService: stats => 1688502849978,-108947,4277
07-04 16:34:10.093  2863  2933 I BatteryMgr:DataCollectionService: stats => 1688502850093,-108947,4277
07-04 16:34:10.207  2863  2933 I BatteryMgr:DataCollectionService: stats => 1688502850206,-108947,4277
07-04 16:34:10.319  2863  2933 I BatteryMgr:DataCollectionService: stats => 1688502850319,-108947,4277
07-04 16:34:10.432  2863  2933 I BatteryMgr:DataCollectionService: stats => 1688502850432,-108947,4277
07-04 16:34:10.548  2863  2933 I BatteryMgr:DataCollectionService: stats => 1688502850548,-108947,4277
07-04 16:34:10.662  2863  2933 I BatteryMgr:DataCollectionService: stats => 1688502850662,-108947,4277
07-04 16:34:10.773  2863  2933 I BatteryMgr:DataCollectionService: stats => 1688502850773,-108947,4277
07-04 16:34:10.886  2863  2933 I BatteryMgr:DataCollectionService: stats => 1688502850886,-108947,4277
07-04 16:34:10.999  2863  2933 I BatteryMgr:DataCollectionService: stats => 1688502850999,-108947,4277
07-04 16:34:11.112  2863  2933 I BatteryMgr:DataCollectionService: stats => 1688502851111,-108947,4277
07-04 16:34:11.223  2863  2933 I BatteryMgr:DataCollectionService: stats => 1688502851223,-108947,4277
07-04 16:34:11.340  2863  2933 I BatteryMgr:DataCollectionService: stats => 1688502851339,-108947,4277
07-04 16:34:11.456  2863  2933 I BatteryMgr:DataCollectionService: stats => 1688502851455,-108947,4277
07-04 16:34:11.568  2863  2933 I BatteryMgr:DataCollectionService: stats => 1688502851567,-108947,4277
07-04 16:34:11.679  2863  2933 I BatteryMgr:DataCollectionService: stats => 1688502851679,-108947,4277
07-04 16:34:11.793  2863  2933 I BatteryMgr:DataCollectionService: stats => 1688502851793,-108947,4277
07-04 16:34:11.907  2863  2933 I BatteryMgr:DataCollectionService: stats => 1688502851907,-108947,4277
07-04 16:34:12.022  2863  2933 I BatteryMgr:DataCollectionService: stats => 1688502852022,-108947,4277
07-04 16:34:12.133  2863  2933 I BatteryMgr:DataCollectionService: stats => 1688502852133,-108947,4277
07-04 16:34:12.246  2863  2933 I BatteryMgr:DataCollectionService: stats => 1688502852246,-108947,4277
07-04 16:34:12.360  2863  2933 I BatteryMgr:DataCollectionService: stats => 1688502852359,-108947,4277
07-04 16:34:12.472  2863  2933 I BatteryMgr:DataCollectionService: stats => 1688502852471,-108947,4277
07-04 16:34:12.584  2863  2933 I BatteryMgr:DataCollectionService: stats => 1688502852584,-108947,4277
07-04 16:34:12.699  2863  2933 I BatteryMgr:DataCollectionService: stats => 1688502852698,-108947,4277
07-04 16:34:12.814  2863  2933 I BatteryMgr:DataCollectionService: stats => 1688502852813,-108947,4277
07-04 16:34:12.927  2863  2933 I BatteryMgr:DataCollectionService: stats => 1688502852926,-108947,4277
07-04 16:34:13.039  2863  2933 I BatteryMgr:DataCollectionService: stats => 1688502853039,-108947,4277
07-04 16:34:13.152  2863  2933 I BatteryMgr:DataCollectionService: stats => 1688502853152,-108947,4277
07-04 16:34:13.263  2863  2933 I BatteryMgr:DataCollectionService: stats => 1688502853263,-108947,4277
07-04 16:34:13.376  2863  2933 I BatteryMgr:DataCollectionService: stats => 1688502853376,-108947,4277
07-04 16:34:13.487  2863  2933 I BatteryMgr:DataCollectionService: stats => 1688502853487,-108947,4277
07-04 16:34:13.601  2863  2933 I BatteryMgr:DataCollectionService: stats => 1688502853601,-108947,4277
07-04 16:34:13.715  2863  2933 I BatteryMgr:DataCollectionService: stats => 1688502853715,-108947,4277
07-04 16:34:13.826  2863  2933 I BatteryMgr:DataCollectionService: stats => 1688502853826,-108947,4277
07-04 16:34:13.941  2863  2933 I BatteryMgr:DataCollectionService: stats => 1688502853940,-108947,4277
07-04 16:34:14.054  2863  2933 I BatteryMgr:DataCollectionService: stats => 1688502854054,-108947,4277
07-04 16:34:14.169  2863  2933 I BatteryMgr:DataCollectionService: stats => 1688502854166,-108947,4277
07-04 16:34:14.283  2863  2933 I BatteryMgr:DataCollectionService: stats => 1688502854282,-108947,4277
07-04 16:34:14.394  2863  2933 I BatteryMgr:DataCollectionService: stats => 1688502854394,-108947,4277
07-04 16:34:14.508  2863  2933 I BatteryMgr:DataCollectionService: stats => 1688502854507,-108947,4277
07-04 16:34:14.620  2863  2933 I BatteryMgr:DataCollectionService: stats => 1688502854620,-108947,4277
07-04 16:34:14.732  2863  2933 I BatteryMgr:DataCollectionService: stats => 1688502854732,-108947,4277
07-04 16:34:14.841  2863  2933 I BatteryMgr:DataCollectionService: stats => 1688502854841,-108947,4277
07-04 16:34:14.947  2863  2933 I BatteryMgr:DataCollectionService: stats => 1688502854946,-108947,4277
07-04 16:34:15.054  2863  2933 I BatteryMgr:DataCollectionService: stats => 1688502855054,-108947,4277
07-04 16:33:14.463   765   779 E NotificationService: Suppressing notification from package by user request.
07-04 16:34:15.111   765   779 E NotificationService: Suppressing notification from package by user request.
07-04 16:34:15.698   765  3794 I ActivityManager: Force stopping e.www.gravitytest appid=10180 user=0: from pid 2975
07-04 16:34:15.698   765  3794 I ActivityManager: Killing 2894:e.www.gravitytest/u0a180 (adj 0): stop e.www.gravitytest
07-04 16:34:15.699   765  3794 W ActivityManager: Force removing ActivityRecord{d79e6f u0 e.www.gravitytest/.MainActivity t1761}: app died, no saved state
07-04 16:34:15.699   765   781 W zygote64: kill(-2894, 9) failed: No such process
07-04 16:34:15.704   765  3794 I WindowManager: Failed to capture screenshot of Token{6ee777c ActivityRecord{d79e6f u0 e.www.gravitytest/.MainActivity t1761 f}} appWin=Window{1d9ea62 u0 e.www.gravitytest/e.www.gravitytest.MainActivity} drawState=4
07-04 16:34:15.742  1237  1237 I AppBase : AppBase.onTrimMemory():445 onTrimMemory(): 15
07-04 16:34:15.745  1237  1237 I GoogleInputMethodService: GoogleInputMethodService.onTrimMemory():4575 onTrimMemory(): 15
07-04 16:34:15.746   765   781 W zygote64: kill(-2894, 9) failed: No such process
07-04 16:34:15.746   765   781 I zygote64: Successfully killed process cgroup uid 10180 pid 2894 in 47ms
07-04 16:34:15.753  1439  1439 D CarrierSvcBindHelper: No carrier app for: 0
07-04 16:34:15.756   765   788 W ActivityManager: setHasOverlayUi called on unknown pid: 2894
07-04 16:34:15.768  3054  3054 D RegisteredNfcFServicesCache: Service unchanged, not updating
07-04 16:34:15.780  2863  2881 I Adreno  : QUALCOMM build                   : 8e59954, I0be83d0d26
07-04 16:34:15.780  2863  2881 I Adreno  : Build Date                       : 09/22/17
07-04 16:34:15.780  2863  2881 I Adreno  : OpenGL ES Shader Compiler Version: EV031.21.02.00
07-04 16:34:15.780  2863  2881 I Adreno  : Local Branch                     : O17A
07-04 16:34:15.780  2863  2881 I Adreno  : Remote Branch                    : 
07-04 16:34:15.780  2863  2881 I Adreno  : Remote Branch                    : 
07-04 16:34:15.780  2863  2881 I Adreno  : Reconstruct Branch               : 
07-04 16:34:15.783  2863  2881 D vndksupport: Loading /vendor/lib64/hw/gralloc.msm8992.so from current namespace instead of sphal namespace.
07-04 16:34:15.787  2863  2881 I Adreno  : PFP: 0x00000000, ME: 0x00000000
07-04 16:34:15.795  2863  2881 I zygote64: android::hardware::configstore::V1_0::ISurfaceFlingerConfigs::hasWideColorDisplay retrieved: 0
07-04 16:34:15.796  2863  2881 I OpenGLRenderer: Initialized EGL, version 1.4
07-04 16:34:15.796  2863  2881 D OpenGLRenderer: Swap behavior 2
07-04 16:34:15.803  1237  1237 I GoogleInputMethodService: GoogleInputMethodService.onFinishInput():3306 
07-04 16:34:15.804  1237  1237 I GoogleInputMethodService: GoogleInputMethodService.updateDeviceLockedStatus():2127 repeatCheckTimes = 0, locked = false
07-04 16:34:15.805  1237  1237 I GoogleInputMethodService: GoogleInputMethodService.onStartInput():1909 onStartInput(EditorInfo{inputType=0x0(NULL) imeOptions=0x0 privateImeOptions=null actionName=UNSPECIFIED actionLabel=null actionId=0 initialSelStart=-1 initialSelEnd=-1 initialCapsMode=0x0 hintText=null label=null packageName=com.example.batterymanager_utility fieldId=-1 fieldName=null extras=null hintLocales=[]}, false)
07-04 16:34:15.805  1237  1237 I GoogleInputMethodService: GoogleInputMethodService.shouldHideHeaderOnInitialState():1990 ShouldHideHeaderOnInitialState = false
07-04 16:34:15.805  1237  1237 I GoogleInputMethodService: GoogleInputMethodService.updateDeviceLockedStatus():2127 repeatCheckTimes = 1, locked = false
07-04 16:34:19.535   765   776 I ActivityManager: Force stopping com.example.batterymanager_utility appid=10111 user=0: from pid 2984
07-04 16:34:19.536   765   776 I ActivityManager: Killing 2863:com.example.batterymanager_utility/u0a111 (adj 0): stop com.example.batterymanager_utility
07-04 16:34:19.537   765   781 W zygote64: kill(-2863, 9) failed: No such process
07-04 16:34:19.538   765   776 W ActivityManager: Force removing ActivityRecord{8522cfa u0 com.example.batterymanager_utility/.MainActivity t1760}: app died, no saved state
07-04 16:34:19.546   765   776 I WindowManager: Failed to capture screenshot of Token{80d82ab ActivityRecord{8522cfa u0 com.example.batterymanager_utility/.MainActivity t1760 f}} appWin=Window{2c30fe4 u0 com.example.batterymanager_utility/com.example.batterymanager_utility.MainActivity} drawState=4
07-04 16:34:19.581   765   781 W zygote64: kill(-2863, 9) failed: No such process
07-04 16:34:19.593  2463  2516 I Adreno  : QUALCOMM build                   : 8e59954, I0be83d0d26
07-04 16:34:19.593  2463  2516 I Adreno  : Build Date                       : 09/22/17
07-04 16:34:19.593  2463  2516 I Adreno  : OpenGL ES Shader Compiler Version: EV031.21.02.00
07-04 16:34:19.593  2463  2516 I Adreno  : Local Branch                     : O17A
07-04 16:34:19.593  2463  2516 I Adreno  : Remote Branch                    : 
07-04 16:34:19.593  2463  2516 I Adreno  : Remote Branch                    : 
07-04 16:34:19.593  2463  2516 I Adreno  : Reconstruct Branch               : 
07-04 16:34:19.596  2463  2516 D vndksupport: Loading /vendor/lib64/hw/gralloc.msm8992.so from current namespace instead of sphal namespace.
07-04 16:34:19.602   765   788 W ActivityManager: setHasOverlayUi called on unknown pid: 2863
07-04 16:34:19.604  1439  1439 D CarrierSvcBindHelper: No carrier app for: 0
07-04 16:34:19.609  2463  2516 I Adreno  : PFP: 0x00000000, ME: 0x00000000
07-04 16:34:19.609  3121  3121 D PrimesStartupMeasure: Error handling StartupMeasure's onActivityResume
07-04 16:34:19.609  3121  3121 D PrimesStartupMeasure: java.lang.NullPointerException: Attempt to invoke virtual method 'android.view.ViewTreeObserver android.view.View.getViewTreeObserver()' on a null object reference
07-04 16:34:19.609  3121  3121 D PrimesStartupMeasure: 	at com.google.android.libraries.performance.primes.metrics.h.m.onActivityResumed(PG:3)
07-04 16:34:19.609  3121  3121 D PrimesStartupMeasure: 	at android.app.Application.dispatchActivityResumed(Application.java:216)
07-04 16:34:19.609  3121  3121 D PrimesStartupMeasure: 	at android.app.Activity.onResume(Activity.java:1313)
07-04 16:34:19.609  3121  3121 D PrimesStartupMeasure: 	at com.android.launcher3.Launcher.onResume(PG:1)
07-04 16:34:19.609  3121  3121 D PrimesStartupMeasure: 	at android.app.Instrumentation.callActivityOnResume(Instrumentation.java:1355)
07-04 16:34:19.609  3121  3121 D PrimesStartupMeasure: 	at android.app.Activity.performResume(Activity.java:7117)
07-04 16:34:19.609  3121  3121 D PrimesStartupMeasure: 	at android.app.ActivityThread.performResumeActivity(ActivityThread.java:3556)
07-04 16:34:19.609  3121  3121 D PrimesStartupMeasure: 	at android.app.ActivityThread.handleResumeActivity(ActivityThread.java:3621)
07-04 16:34:19.609  3121  3121 D PrimesStartupMeasure: 	at android.app.ActivityThread$H.handleMessage(ActivityThread.java:1638)
07-04 16:34:19.609  3121  3121 D PrimesStartupMeasure: 	at android.os.Handler.dispatchMessage(Handler.java:106)
07-04 16:34:19.609  3121  3121 D PrimesStartupMeasure: 	at android.os.Looper.loop(Looper.java:164)
07-04 16:34:19.609  3121  3121 D PrimesStartupMeasure: 	at android.app.ActivityThread.main(ActivityThread.java:6494)
07-04 16:34:19.609  3121  3121 D PrimesStartupMeasure: 	at java.lang.reflect.Method.invoke(Native Method)
07-04 16:34:19.609  3121  3121 D PrimesStartupMeasure: 	at com.android.internal.os.RuntimeInit$MethodAndArgsCaller.run(RuntimeInit.java:438)
07-04 16:34:19.609  3121  3121 D PrimesStartupMeasure: 	at com.android.internal.os.ZygoteInit.main(ZygoteInit.java:807)
07-04 16:34:19.618  3054  3054 D RegisteredNfcFServicesCache: Service unchanged, not updating
07-04 16:34:19.621  2463  2516 I zygote64: android::hardware::configstore::V1_0::ISurfaceFlingerConfigs::hasWideColorDisplay retrieved: 0
07-04 16:34:19.622  2463  2516 I OpenGLRenderer: Initialized EGL, version 1.4
07-04 16:34:19.622   428   428 D SurfaceFlinger: duplicate layer name: changing com.google.android.googlequicksearchbox/com.google.android.launcher.GEL to com.google.android.googlequicksearchbox/com.google.android.launcher.GEL#1
07-04 16:34:19.622  2463  2516 D OpenGLRenderer: Swap behavior 2
07-04 16:34:19.624   765   781 W zygote64: kill(-2863, 9) failed: No such process
07-04 16:34:19.625   765   781 I zygote64: Successfully killed process cgroup uid 10111 pid 2863 in 88ms
07-04 16:34:19.628  3121  3373 I Adreno  : QUALCOMM build                   : 8e59954, I0be83d0d26
07-04 16:34:19.628  3121  3373 I Adreno  : Build Date                       : 09/22/17
07-04 16:34:19.628  3121  3373 I Adreno  : OpenGL ES Shader Compiler Version: EV031.21.02.00
07-04 16:34:19.628  3121  3373 I Adreno  : Local Branch                     : O17A
07-04 16:34:19.628  3121  3373 I Adreno  : Remote Branch                    : 
07-04 16:34:19.628  3121  3373 I Adreno  : Remote Branch                    : 
07-04 16:34:19.628  3121  3373 I Adreno  : Reconstruct Branch               : 
07-04 16:34:19.630  3121  3373 D vndksupport: Loading /vendor/lib64/hw/gralloc.msm8992.so from current namespace instead of sphal namespace.
07-04 16:34:19.635  3121  3373 I Adreno  : PFP: 0x00000000, ME: 0x00000000
07-04 16:34:19.641  3005  3005 I GsaVoiceInteractionSrv: Handling ACTION_START_HOTWORD
07-04 16:34:19.642  3005  3325 I GsaVoiceInteractionSrv: (REDACTED) disregardHotwordSetting: %b
07-04 16:34:19.642  3005  3325 I GsaVoiceInteractionSrv: Cannot start hotword, hotword has been explicitly disabled.
07-04 16:34:19.642  3121  3373 I zygote64: android::hardware::configstore::V1_0::ISurfaceFlingerConfigs::hasWideColorDisplay retrieved: 0
07-04 16:34:19.643  3121  3373 I OpenGLRenderer: Initialized EGL, version 1.4
07-04 16:34:19.643  3121  3373 D OpenGLRenderer: Swap behavior 2
07-04 16:34:19.648  1237  1237 I GoogleInputMethodService: GoogleInputMethodService.onFinishInput():3306 
07-04 16:34:19.649  1237  1237 I GoogleInputMethodService: GoogleInputMethodService.updateDeviceLockedStatus():2127 repeatCheckTimes = 0, locked = false
07-04 16:34:19.649  1237  1237 I GoogleInputMethodService: GoogleInputMethodService.onStartInput():1909 onStartInput(EditorInfo{inputType=0x0(NULL) imeOptions=0x0 privateImeOptions=null actionName=UNSPECIFIED actionLabel=null actionId=0 initialSelStart=-1 initialSelEnd=-1 initialCapsMode=0x0 hintText=null label=null packageName=com.google.android.googlequicksearchbox fieldId=-1 fieldName=null extras=null hintLocales=[]}, false)
07-04 16:34:19.649  1237  1237 I GoogleInputMethodService: GoogleInputMethodService.shouldHideHeaderOnInitialState():1990 ShouldHideHeaderOnInitialState = false
07-04 16:34:19.650  1237  1237 I GoogleInputMethodService: GoogleInputMethodService.updateDeviceLockedStatus():2127 repeatCheckTimes = 1, locked = false
07-04 16:34:19.667   765 10091 I OpenGLRenderer: Initialized EGL, version 1.4
07-04 16:34:19.667   765 10091 D OpenGLRenderer: Swap behavior 2
07-04 16:34:20.190  3121  3373 W OpenGLRenderer: Incorrectly called buildLayer on View: ShortcutAndWidgetContainer, destroying layer...
