--------- beginning of system
07-03 15:02:50.741  1272  6130 I ActivityTaskManager: START u0 {act=android.intent.action.MAIN cat=[android.intent.category.LAUNCHER] flg=0x10000000 cmp=com.example.batterymanager_utility/.MainActivity} from uid 2000
--------- beginning of main
07-03 15:02:50.744   560   560 I hwservicemanager: getTransport: Cannot find entry vendor.qti.hardware.iop@2.0::IIop/default in either framework or device manifest.
07-03 15:02:50.751  1272  6130 D CompatibilityInfo: mCompatibilityFlags - 0
07-03 15:02:50.751  1272  6130 D CompatibilityInfo: applicationDensity - 420
07-03 15:02:50.751  1272  6130 D CompatibilityInfo: applicationScale - 1.0
07-03 15:02:50.752  1272  6130 D ActivityTrigger: ActivityTrigger activityPauseTrigger 
07-03 15:02:50.761  1272  1346 W ActivityManager: ProcessRecord{15c7cd2 0:com.example.batterymanager_utility/u0a186}: ART verification disabled
07-03 15:02:50.762  1272  1346 D ActivityManager: Package [com.example.batterymanager_utility] have process
07-03 15:02:50.774   680   680 D Zygote  : Forked child process 5735
07-03 15:02:50.777  1272  1355 I ActivityManager: Start proc 5735:com.example.batterymanager_utility/u0a186 for activity {com.example.batterymanager_utility/com.example.batterymanager_utility.MainActivity}
07-03 15:02:50.777  1272  1355 D ActivityManager: handleProcessStartedLocked mDoneFinishBooting && app.pid != 0 ---> notifyProcessStart, app.processName = com.example.batterymanager_utility, app.info = ApplicationInfo{19e08f6 com.example.batterymanager_utility}, app.hostingType = activity, getHostingName() = ComponentInfo{com.example.batterymanager_utility/com.example.batterymanager_utility.MainActivity}, getIntentFlag() = 0, getIsPackageRunning() = true, app = ProcessRecord{15c7cd2 5735:com.example.batterymanager_utility/u0a186}, getExtraData() = null
07-03 15:02:50.781  5735  5735 I manager_utilit: Late-enabling -Xcheck:jni
07-03 15:02:50.820  5735  5735 E manager_utilit: Unknown bits set in runtime_flags: 0x8000
07-03 15:02:50.841  1272  6130 D CompatibilityInfo: mCompatibilityFlags - 0
07-03 15:02:50.841  1272  6130 D CompatibilityInfo: applicationDensity - 420
07-03 15:02:50.841  1272  6130 D CompatibilityInfo: applicationScale - 1.0
07-03 15:02:50.845  1272  6130 D CompatibilityInfo: mCompatibilityFlags - 0
07-03 15:02:50.845  1272  6130 D CompatibilityInfo: applicationDensity - 420
07-03 15:02:50.845  1272  6130 D CompatibilityInfo: applicationScale - 1.0
07-03 15:02:50.846  1272  5767 W IrisConfig: ColorManagerService is not Existed
07-03 15:02:50.849  1272  6130 I qspmsvc-client: inside perf_hint_qspm
07-03 15:02:50.857 10382 10382 I A       : onPause
07-03 15:02:50.863  4823  4823 I GsaVoiceInteractionSrv: Handling ACTION_STOP_HOTWORD
07-03 15:02:50.864  4823  4986 I HwDetectorWithState: (REDACTED) a: %d
07-03 15:02:51.020  5735  5735 I Perf    : Connecting to perf service.
07-03 15:02:51.039  5735  5735 I BatteryMgr:App: creating notification channel
07-03 15:02:51.042   560   560 I hwservicemanager: getTransport: Cannot find entry vendor.qti.hardware.iop@2.0::IIop/default in either framework or device manifest.
07-03 15:02:51.042  1103  8954 E ANDR-IOP: IIop:: Iop HAL Service is not available.
07-03 15:02:51.044  5735  5770 E Perf    : Fail to get file list com.example.batterymanager_utility
07-03 15:02:51.044  5735  5770 E Perf    : getFolderSize() : Exception_1 = java.lang.NullPointerException: Attempt to get length of null array
07-03 15:02:51.044  5735  5770 E Perf    : Fail to get file list com.example.batterymanager_utility
07-03 15:02:51.045  5735  5770 E Perf    : getFolderSize() : Exception_1 = java.lang.NullPointerException: Attempt to get length of null array
07-03 15:02:51.117   779  7045 E ANDR-PERF-MPCTL: poll() has timed out for /sys/module/msm_performance/events/cpu_hotplug
07-03 15:02:51.117   779  7045 E ANDR-PERF-MPCTL: Block on poll()
07-03 15:02:51.131  1272  6130 E WindowManager: App trying to use insecure INPUT_FEATURE_NO_INPUT_CHANNEL flag. Ignoring
07-03 15:02:51.232  5741  5741 W app_process: type=1400 audit(0.0:24023): avc: denied { read } for name="u:object_r:device_config_runtime_native_boot_prop:s0" dev="tmpfs" ino=4382 scontext=u:r:shell:s0 tcontext=u:object_r:device_config_runtime_native_boot_prop:s0 tclass=file permissive=0
07-03 15:02:51.232  5741  5741 W app_process: type=1400 audit(0.0:24024): avc: denied { read } for name="u:object_r:device_config_runtime_native_boot_prop:s0" dev="tmpfs" ino=4382 scontext=u:r:shell:s0 tcontext=u:object_r:device_config_runtime_native_boot_prop:s0 tclass=file permissive=0
07-03 15:02:51.232  5741  5741 W app_process: type=1400 audit(0.0:24025): avc: denied { read } for name="u:object_r:device_config_runtime_native_boot_prop:s0" dev="tmpfs" ino=4382 scontext=u:r:shell:s0 tcontext=u:object_r:device_config_runtime_native_boot_prop:s0 tclass=file permissive=0
07-03 15:02:51.234  5741  5741 D AndroidRuntime: >>>>>> START com.android.internal.os.RuntimeInit uid 2000 <<<<<<
07-03 15:02:51.240  5741  5741 E libc    : Access denied finding property "persist.device_config.runtime_native_boot.enable_apex_image"
07-03 15:02:51.240  5741  5741 I AndroidRuntime: Using default boot image
07-03 15:02:51.240  5741  5741 E libc    : Access denied finding property "persist.device_config.runtime_native_boot.disable_lock_profiling"
07-03 15:02:51.240  5741  5741 I AndroidRuntime: Leaving lock profiling enabled
07-03 15:02:51.241  5741  5741 E libc    : Access denied finding property "persist.device_config.runtime_native_boot.enable_generational_cc"
07-03 15:02:51.375  5741  5741 D ICU     : Time zone APEX file found: /apex/com.android.tzdata/etc/icu/icu_tzdata.dat
07-03 15:02:51.395  5741  5741 I app_process: The ClassLoaderContext is a special shared library.
07-03 15:02:51.422  5741  5741 W app_process: JNI RegisterNativeMethods: attempt to register 0 native methods for android.media.AudioAttributes
07-03 15:02:51.437  5741  5741 D AndroidRuntime: Calling main entry com.android.commands.monkey.Monkey
07-03 15:02:51.439  5741  5741 W Monkey  : args: [-p, e.www.writelocaltest, 1]
07-03 15:02:51.440  5741  5741 W Monkey  :  arg: "-p"
07-03 15:02:51.440  5741  5741 W Monkey  :  arg: "e.www.writelocaltest"
07-03 15:02:51.440  5741  5741 W Monkey  :  arg: "1"
07-03 15:02:51.440  5741  5741 W Monkey  : data="e.www.writelocaltest"
07-03 15:02:51.478  5735  5771 I AdrenoGLES: QUALCOMM build                   : f2ab992, I401605978b
07-03 15:02:51.478  5735  5771 I AdrenoGLES: Build Date                       : 09/28/19
07-03 15:02:51.478  5735  5771 I AdrenoGLES: OpenGL ES Shader Compiler Version: EV031.27.05.01
07-03 15:02:51.478  5735  5771 I AdrenoGLES: Local Branch                     : 
07-03 15:02:51.478  5735  5771 I AdrenoGLES: Remote Branch                    : 
07-03 15:02:51.478  5735  5771 I AdrenoGLES: Remote Branch                    : 
07-03 15:02:51.478  5735  5771 I AdrenoGLES: Reconstruct Branch               : 
07-03 15:02:51.478  5735  5771 I AdrenoGLES: Build Config                     : S L 8.0.11 AArch64
07-03 15:02:51.482  5735  5735 W RenderThread: type=1400 audit(0.0:24026): avc: denied { search } for name="kgsl-3d0" dev="sysfs" ino=29187 scontext=u:r:untrusted_app:s0:c186,c256,c512,c768 tcontext=u:object_r:sysfs_kgsl:s0 tclass=dir permissive=0
07-03 15:02:51.483  5735  5771 I AdrenoGLES: PFP: 0x005ff112, ME: 0x005ff066
07-03 15:02:51.484  1272  1354 W BroadcastQueue: Skipping deliver [background] BroadcastRecord{d9d3f39 u-1 android.net.conn.CONNECTIVITY_CHANGE} to ReceiverList{44d797e 5741 (unknown name)/2000/u-1 remote:4545d83}: process gone or crashing
07-03 15:02:51.489  5735  5771 W AdrenoUtils: <ReadGpuID_from_sysfs:194>: Failed to open /sys/class/kgsl/kgsl-3d0/gpu_model
07-03 15:02:51.489  5735  5771 W AdrenoUtils: <ReadGpuID:218>: Failed to read chip ID from gpu_model. Fallback to use the GSL path
07-03 15:02:51.491   560   560 I hwservicemanager: getTransport: Cannot find entry vendor.display.config@1.7::IDisplayConfig/default in either framework or device manifest.
07-03 15:02:51.492   560   560 I hwservicemanager: getTransport: Cannot find entry vendor.display.config@1.7::IDisplayConfig/default in either framework or device manifest.
07-03 15:02:51.500  1272  6585 I ActivityTaskManager: START u0 {act=android.intent.action.MAIN cat=[android.intent.category.LAUNCHER] flg=0x10200000 cmp=e.www.writelocaltest/.MainActivity} from uid 2000
07-03 15:02:51.501  1272  6585 W Binder  : Outgoing transactions from this process must be FLAG_ONEWAY
07-03 15:02:51.501  1272  6585 W Binder  : java.lang.Throwable
07-03 15:02:51.501  1272  6585 W Binder  : 	at android.os.BinderProxy.transact(BinderProxy.java:480)
07-03 15:02:51.501  1272  6585 W Binder  : 	at android.app.IActivityController$Stub$Proxy.activityStarting(IActivityController.java:273)
07-03 15:02:51.501  1272  6585 W Binder  : 	at com.android.server.wm.ActivityStarter.startActivity(ActivityStarter.java:798)
07-03 15:02:51.501  1272  6585 W Binder  : 	at com.android.server.wm.ActivityStarter.startActivity(ActivityStarter.java:587)
07-03 15:02:51.501  1272  6585 W Binder  : 	at com.android.server.wm.ActivityStarter.startActivityMayWait(ActivityStarter.java:1292)
07-03 15:02:51.501  1272  6585 W Binder  : 	at com.android.server.wm.ActivityStarter.execute(ActivityStarter.java:518)
07-03 15:02:51.501  1272  6585 W Binder  : 	at com.android.server.wm.ActivityTaskManagerService.startActivityAsUser(ActivityTaskManagerService.java:1058)
07-03 15:02:51.501  1272  6585 W Binder  : 	at com.android.server.wm.ActivityTaskManagerService.startActivityAsUser(ActivityTaskManagerService.java:1032)
07-03 15:02:51.501  1272  6585 W Binder  : 	at com.android.server.am.ActivityManagerService.startActivityAsUser(ActivityManagerService.java:3759)
07-03 15:02:51.501  1272  6585 W Binder  : 	at android.app.IActivityManager$Stub.onTransact(IActivityManager.java:3588)
07-03 15:02:51.501  1272  6585 W Binder  : 	at com.android.server.am.ActivityManagerService.onTransact(ActivityManagerService.java:2906)
07-03 15:02:51.501  1272  6585 W Binder  : 	at android.os.Binder.execTransactInternal(Binder.java:1021)
07-03 15:02:51.501  1272  6585 W Binder  : 	at android.os.Binder.execTransact(Binder.java:994)
07-03 15:02:51.504   560   560 I hwservicemanager: getTransport: Cannot find entry vendor.qti.hardware.iop@2.0::IIop/default in either framework or device manifest.
07-03 15:02:51.512  1272  6585 D CompatibilityInfo: mCompatibilityFlags - 0
07-03 15:02:51.512  1272  6585 D CompatibilityInfo: applicationDensity - 420
07-03 15:02:51.512  1272  6585 D CompatibilityInfo: applicationScale - 1.0
07-03 15:02:51.512  1272  6585 D ActivityTrigger: ActivityTrigger activityPauseTrigger 
07-03 15:02:51.516  5741  5741 I Monkey  : Events injected: 1
07-03 15:02:51.518  1272  1272 V SettingsProvider: Notifying for 0: content://settings/system/accelerometer_rotation
07-03 15:02:51.523   560   560 I hwservicemanager: getTransport: Cannot find entry android.hardware.graphics.mapper@3.0::IMapper/default in either framework or device manifest.
07-03 15:02:51.523  5735  5771 W Gralloc3: mapper 3.x is not supported
07-03 15:02:51.526  1272  1272 V SettingsProvider: Notifying for 0: content://settings/system/accelerometer_rotation
07-03 15:02:51.535  5741  5741 I Monkey  : ## Network stats: elapsed time=31ms (0ms mobile, 0ms wifi, 31ms not connected)
07-03 15:02:51.536  5741  5741 I app_process: System.exit called, status: 0
07-03 15:02:51.536  5741  5741 I AndroidRuntime: VM exiting with result code 0.
07-03 15:02:51.548   560   560 I hwservicemanager: getTransport: Cannot find entry vendor.qti.hardware.iop@2.0::IIop/default in either framework or device manifest.
07-03 15:02:51.555  1272  1353 I ActivityTaskManager: Displayed e.www.writelocaltest/.MainActivity: +804ms
07-03 15:02:51.556   560   560 I hwservicemanager: getTransport: Cannot find entry vendor.qti.hardware.iop@2.0::IIop/default in either framework or device manifest.
07-03 15:02:51.588 25207 25207 I GoogleInputMethodService: GoogleInputMethodService.onFinishInput():3306 
07-03 15:02:51.589 25207 25207 I GoogleInputMethodService: GoogleInputMethodService.updateDeviceLockedStatus():2127 repeatCheckTimes = 0, locked = false
07-03 15:02:51.589 25207 25207 I GoogleInputMethodService: GoogleInputMethodService.onStartInput():1909 onStartInput(EditorInfo{inputType=0x0(NULL) imeOptions=0x0 privateImeOptions=null actionName=UNSPECIFIED actionLabel=null actionId=0 initialSelStart=-1 initialSelEnd=-1 initialCapsMode=0x0 hintText=null label=null packageName=com.example.batterymanager_utility fieldId=-1 fieldName=null extras=null hintLocales=[]}, false)
07-03 15:02:51.589 25207 25207 I GoogleInputMethodService: GoogleInputMethodService.shouldHideHeaderOnInitialState():1990 ShouldHideHeaderOnInitialState = false
07-03 15:02:51.589 25207 25207 I GoogleInputMethodService: GoogleInputMethodService.updateDeviceLockedStatus():2127 repeatCheckTimes = 1, locked = false
07-03 15:02:51.595  1272  1346 W ActivityManager: ProcessRecord{463948 0:e.www.writelocaltest/u0a208}: ART verification disabled
07-03 15:02:51.596  1272  1346 D ActivityManager: Package [e.www.writelocaltest] have process
07-03 15:02:51.597  1272  1346 D ActivityTrigger: ActivityTrigger activityStopTrigger 
07-03 15:02:51.600   560   560 E SELinux : avc:  denied  { find } for interface=vendor.qti.hardware.servicetracker::IServicetracker sid=u:r:system_server:s0 pid=1272 scontext=u:r:system_server:s0 tcontext=u:object_r:default_android_hwservice:s0 tclass=hwservice_manager permissive=0
07-03 15:02:51.602 10382 10382 I A       : onStop
07-03 15:02:51.610   680   680 D Zygote  : Forked child process 5793
07-03 15:02:51.614  1272  1355 I ActivityManager: Start proc 5793:e.www.writelocaltest/u0a208 for activity {e.www.writelocaltest/e.www.writelocaltest.MainActivity}
07-03 15:02:51.614  1272  1355 D ActivityManager: handleProcessStartedLocked mDoneFinishBooting && app.pid != 0 ---> notifyProcessStart, app.processName = e.www.writelocaltest, app.info = ApplicationInfo{5c44b92 e.www.writelocaltest}, app.hostingType = activity, getHostingName() = ComponentInfo{e.www.writelocaltest/e.www.writelocaltest.MainActivity}, getIntentFlag() = 0, getIsPackageRunning() = true, app = ProcessRecord{463948 5793:e.www.writelocaltest/u0a208}, getExtraData() = null
07-03 15:02:51.618  5793  5793 I .writelocaltes: Late-enabling -Xcheck:jni
07-03 15:02:51.650  5793  5793 E .writelocaltes: Unknown bits set in runtime_flags: 0x8000
07-03 15:02:51.675  1272  8185 D CompatibilityInfo: mCompatibilityFlags - 0
07-03 15:02:51.675  1272  8185 D CompatibilityInfo: applicationDensity - 420
07-03 15:02:51.675  1272  8185 D CompatibilityInfo: applicationScale - 1.0
07-03 15:02:51.686  1272  8185 D CompatibilityInfo: mCompatibilityFlags - 0
07-03 15:02:51.686  1272  8185 D CompatibilityInfo: applicationDensity - 420
07-03 15:02:51.686  1272  8185 D CompatibilityInfo: applicationScale - 1.0
07-03 15:02:51.687  1272  5812 W IrisConfig: ColorManagerService is not Existed
07-03 15:02:51.689  1272  8185 I qspmsvc-client: inside perf_hint_qspm
07-03 15:02:51.767  5793  5793 I Perf    : Connecting to perf service.
07-03 15:02:51.778   560   560 I hwservicemanager: getTransport: Cannot find entry vendor.qti.hardware.iop@2.0::IIop/default in either framework or device manifest.
07-03 15:02:51.779  1103  8954 E ANDR-IOP: IIop:: Iop HAL Service is not available.
07-03 15:02:51.783  5793  5816 E Perf    : Fail to get file list e.www.writelocaltest
07-03 15:02:51.783  5793  5816 E Perf    : getFolderSize() : Exception_1 = java.lang.NullPointerException: Attempt to get length of null array
07-03 15:02:51.785  5793  5816 E Perf    : Fail to get file list e.www.writelocaltest
07-03 15:02:51.786  5793  5816 E Perf    : getFolderSize() : Exception_1 = java.lang.NullPointerException: Attempt to get length of null array
07-03 15:02:51.857  5793  5793 W .writelocaltes: Accessing hidden method Landroid/view/View;->computeFitSystemWindows(Landroid/graphics/Rect;Landroid/graphics/Rect;)Z (greylist, reflection, allowed)
07-03 15:02:51.859  5793  5793 W .writelocaltes: Accessing hidden method Landroid/view/ViewGroup;->makeOptionalFitsSystemWindows()V (greylist, reflection, allowed)
07-03 15:02:51.891  1272  6585 E WindowManager: App trying to use insecure INPUT_FEATURE_NO_INPUT_CHANNEL flag. Ignoring
07-03 15:02:51.922  5793  5793 W RenderThread: type=1400 audit(0.0:24027): avc: denied { search } for name="kgsl-3d0" dev="sysfs" ino=29187 scontext=u:r:untrusted_app_27:s0:c208,c256,c512,c768 tcontext=u:object_r:sysfs_kgsl:s0 tclass=dir permissive=0
07-03 15:02:51.925  5793  5817 I AdrenoGLES: QUALCOMM build                   : f2ab992, I401605978b
07-03 15:02:51.925  5793  5817 I AdrenoGLES: Build Date                       : 09/28/19
07-03 15:02:51.925  5793  5817 I AdrenoGLES: OpenGL ES Shader Compiler Version: EV031.27.05.01
07-03 15:02:51.925  5793  5817 I AdrenoGLES: Local Branch                     : 
07-03 15:02:51.925  5793  5817 I AdrenoGLES: Remote Branch                    : 
07-03 15:02:51.925  5793  5817 I AdrenoGLES: Remote Branch                    : 
07-03 15:02:51.925  5793  5817 I AdrenoGLES: Reconstruct Branch               : 
07-03 15:02:51.925  5793  5817 I AdrenoGLES: Build Config                     : S L 8.0.11 AArch64
07-03 15:02:51.933  5793  5817 I AdrenoGLES: PFP: 0x005ff112, ME: 0x005ff066
07-03 15:02:51.936  5793  5817 W AdrenoUtils: <ReadGpuID_from_sysfs:194>: Failed to open /sys/class/kgsl/kgsl-3d0/gpu_model
07-03 15:02:51.936  5793  5817 W AdrenoUtils: <ReadGpuID:218>: Failed to read chip ID from gpu_model. Fallback to use the GSL path
07-03 15:02:51.938   560   560 I hwservicemanager: getTransport: Cannot find entry vendor.display.config@1.7::IDisplayConfig/default in either framework or device manifest.
07-03 15:02:51.939   560   560 I hwservicemanager: getTransport: Cannot find entry vendor.display.config@1.7::IDisplayConfig/default in either framework or device manifest.
07-03 15:02:51.954   560   560 I hwservicemanager: getTransport: Cannot find entry android.hardware.graphics.mapper@3.0::IMapper/default in either framework or device manifest.
07-03 15:02:51.954  5793  5817 W Gralloc3: mapper 3.x is not supported
07-03 15:02:51.972 25207 25207 I GoogleInputMethodService: GoogleInputMethodService.onFinishInput():3306 
07-03 15:02:51.973 25207 25207 I GoogleInputMethodService: GoogleInputMethodService.updateDeviceLockedStatus():2127 repeatCheckTimes = 0, locked = false
07-03 15:02:51.973 25207 25207 I GoogleInputMethodService: GoogleInputMethodService.onStartInput():1909 onStartInput(EditorInfo{inputType=0x0(NULL) imeOptions=0x0 privateImeOptions=null actionName=UNSPECIFIED actionLabel=null actionId=0 initialSelStart=-1 initialSelEnd=-1 initialCapsMode=0x0 hintText=null label=null packageName=e.www.writelocaltest fieldId=-1 fieldName=null extras=null hintLocales=[]}, false)
07-03 15:02:51.973 25207 25207 I GoogleInputMethodService: GoogleInputMethodService.shouldHideHeaderOnInitialState():1990 ShouldHideHeaderOnInitialState = false
07-03 15:02:51.973 25207 25207 I GoogleInputMethodService: GoogleInputMethodService.updateDeviceLockedStatus():2127 repeatCheckTimes = 1, locked = false
07-03 15:02:52.318  1272  1346 D ActivityTrigger: ActivityTrigger activityStopTrigger 
07-03 15:02:52.895  1272  1301 I system_server: NativeAlloc concurrent copying GC freed 234538(10MB) AllocSpace objects, 86(2968KB) LOS objects, 42% free, 22MB/39MB, paused 249us total 359.743ms
07-03 15:02:52.981  1272  8185 D CompatibilityInfo: mCompatibilityFlags - 0
07-03 15:02:52.981  1272  8185 D CompatibilityInfo: applicationDensity - 420
07-03 15:02:52.981  1272  8185 D CompatibilityInfo: applicationScale - 1.0
07-03 15:02:52.982   560   560 E SELinux : avc:  denied  { find } for interface=vendor.qti.hardware.servicetracker::IServicetracker sid=u:r:system_server:s0 pid=1272 scontext=u:r:system_server:s0 tcontext=u:object_r:default_android_hwservice:s0 tclass=hwservice_manager permissive=0
07-03 15:02:52.986  5735  5735 I BatteryMgr:DataCollectionService: onStartCommand: begin
07-03 15:02:52.986  5735  5735 I BatteryMgr:DataCollectionService: onStartCommand: sampleRate => 1000
07-03 15:02:52.987  5735  5735 I BatteryMgr:DataCollectionService: onStartCommand: rawFields => Timestamp,BATTERY_PROPERTY_CURRENT_NOW,EXTRA_VOLTAGE
07-03 15:02:52.988  5735  5735 I BatteryMgr:DataCollectionService: onStartCommand: notification done
07-03 15:02:52.990  5735  5735 I BatteryMgr:DataCollectionService: started foreground
07-03 15:02:52.991  1272  1354 E NotificationService: Suppressing notification from package by user request.
07-03 15:02:52.991  1272  1354 I ServiceRecord: ServicesRecord broadcast notify intent package = com.example.batterymanager_utility pid = 5735
07-03 15:02:52.998  5735  5844 I BatteryMgr:DataCollectionService: collectData: begin
07-03 15:02:53.002  5735  5844 I BatteryMgr:DataCollectionService: stats => 1688389373002,-467284,4179
07-03 15:02:53.070 14006  5843 E memtrack: Couldn't load memtrack module
07-03 15:02:53.070 14006  5843 W android.os.Debug: failed to get memory consumption info: -1
07-03 15:02:54.013  5735  5844 I BatteryMgr:DataCollectionService: stats => 1688389374013,-325683,4179
07-03 15:02:54.121   779  7045 E ANDR-PERF-MPCTL: poll() has timed out for /sys/module/msm_performance/events/cpu_hotplug
07-03 15:02:54.121   779  7045 E ANDR-PERF-MPCTL: Block on poll()
07-03 15:02:55.023  5735  5844 I BatteryMgr:DataCollectionService: stats => 1688389375023,-120117,4179
07-03 15:02:55.992  6198  7527 D FileOperator: Mode change to WRITE_MODE!
07-03 15:02:56.028  5735  5844 I BatteryMgr:DataCollectionService: stats => 1688389376028,-120117,4179
07-03 15:02:56.104   560   560 E SELinux : avc:  denied  { find } for interface=vendor.qti.hardware.servicetracker::IServicetracker sid=u:r:system_server:s0 pid=1272 scontext=u:r:system_server:s0 tcontext=u:object_r:default_android_hwservice:s0 tclass=hwservice_manager permissive=0
07-03 15:02:56.273  5735  5853 D ProfileInstaller: Installing profile for com.example.batterymanager_utility
07-03 15:02:56.759  6198  7527 D FileOperator: Mode change to WRITE_MODE!
07-03 15:02:57.039  5735  5844 I BatteryMgr:DataCollectionService: stats => 1688389377039,-166015,4179
07-03 15:02:57.127   779  7045 E ANDR-PERF-MPCTL: poll() has timed out for /sys/module/msm_performance/events/cpu_hotplug
07-03 15:02:57.127   779  7045 E ANDR-PERF-MPCTL: Block on poll()
07-03 15:02:58.053  5735  5844 I BatteryMgr:DataCollectionService: stats => 1688389378053,-120117,4179
07-03 15:02:59.063  5735  5844 I BatteryMgr:DataCollectionService: stats => 1688389379063,-144531,4179
07-03 15:03:00.007  4943  4943 D SystemUIUpdateMonitor: run() curMinutes = 28139823 mLastMinute = 28139822
07-03 15:03:00.008  4943  4943 D SystemUIUpdateMonitor: setTimeHandler() mTimeTICK_receiver.size() = 16
07-03 15:03:00.008  4943  4943 D SystemUIUpdateMonitor: setTimeHandler() newDelay = 59992
07-03 15:03:00.071  5735  5844 I BatteryMgr:DataCollectionService: stats => 1688389380071,-144531,4179
07-03 15:03:00.128   779  7045 E ANDR-PERF-MPCTL: poll() has timed out for /sys/module/msm_performance/events/cpu_hotplug
07-03 15:03:00.128   779  7045 E ANDR-PERF-MPCTL: Block on poll()
07-03 15:03:01.081  5735  5844 I BatteryMgr:DataCollectionService: stats => 1688389381081,-129882,4179
07-03 15:03:02.088  5735  5844 I BatteryMgr:DataCollectionService: stats => 1688389382088,-124999,4179
07-03 15:03:03.101  5735  5844 I BatteryMgr:DataCollectionService: stats => 1688389383101,-124999,4179
07-03 15:03:03.130   779  7045 E ANDR-PERF-MPCTL: poll() has timed out for /sys/module/msm_performance/events/cpu_hotplug
07-03 15:03:03.130   779  7045 E ANDR-PERF-MPCTL: Block on poll()
07-03 15:03:04.112  5735  5844 I BatteryMgr:DataCollectionService: stats => 1688389384112,-189453,4179
07-03 15:03:05.129  5735  5844 I BatteryMgr:DataCollectionService: stats => 1688389385128,-115234,4179
07-03 15:03:06.134   779  7045 E ANDR-PERF-MPCTL: poll() has timed out for /sys/module/msm_performance/events/cpu_hotplug
07-03 15:03:06.134   779  7045 E ANDR-PERF-MPCTL: Block on poll()
07-03 15:03:06.141  5735  5844 I BatteryMgr:DataCollectionService: stats => 1688389386140,-115234,4179
07-03 15:03:06.679   560   560 E SELinux : avc:  denied  { find } for interface=vendor.qti.hardware.servicetracker::IServicetracker sid=u:r:system_server:s0 pid=1272 scontext=u:r:system_server:s0 tcontext=u:object_r:default_android_hwservice:s0 tclass=hwservice_manager permissive=0
07-03 15:03:06.682   560   560 E SELinux : avc:  denied  { find } for interface=vendor.qti.hardware.servicetracker::IServicetracker sid=u:r:system_server:s0 pid=1272 scontext=u:r:system_server:s0 tcontext=u:object_r:default_android_hwservice:s0 tclass=hwservice_manager permissive=0
07-03 15:03:06.683 27083 27083 D BoundBrokerSvc: onUnbind: Intent { act=com.google.android.gms.inappreach.service.START dat=chimera-action: cmp=com.google.android.gms/.chimera.GmsApiService }
07-03 15:03:07.154  5735  5844 I BatteryMgr:DataCollectionService: stats => 1688389387154,-132812,4179
07-03 15:03:08.164  5735  5844 I BatteryMgr:DataCollectionService: stats => 1688389388164,-168945,4179
07-03 15:03:09.139   779  7045 E ANDR-PERF-MPCTL: poll() has timed out for /sys/module/msm_performance/events/cpu_hotplug
07-03 15:03:09.140   779  7045 E ANDR-PERF-MPCTL: Block on poll()
07-03 15:03:09.178  5735  5844 I BatteryMgr:DataCollectionService: stats => 1688389389177,-168945,4179
07-03 15:03:10.194  5735  5844 I BatteryMgr:DataCollectionService: stats => 1688389390193,-122070,4179
07-03 15:03:11.202  5735  5844 I BatteryMgr:DataCollectionService: stats => 1688389391201,-128417,4179
07-03 15:03:12.145   779  7045 E ANDR-PERF-MPCTL: poll() has timed out for /sys/module/msm_performance/events/cpu_hotplug
07-03 15:03:12.145   779  7045 E ANDR-PERF-MPCTL: Block on poll()
07-03 15:03:12.211  5735  5844 I BatteryMgr:DataCollectionService: stats => 1688389392211,-124511,4179
07-03 15:03:12.529 29911  5857 E memtrack: Couldn't load memtrack module
07-03 15:03:12.530 29911  5857 W android.os.Debug: failed to get memory consumption info: -1
07-03 15:03:13.222  5735  5844 I BatteryMgr:DataCollectionService: stats => 1688389393221,-124511,4179
07-03 15:03:14.235  5735  5844 I BatteryMgr:DataCollectionService: stats => 1688389394234,-163574,4179
07-03 15:03:15.148   779  7045 E ANDR-PERF-MPCTL: poll() has timed out for /sys/module/msm_performance/events/cpu_hotplug
07-03 15:03:15.148   779  7045 E ANDR-PERF-MPCTL: Block on poll()
07-03 15:03:15.247  5735  5844 I BatteryMgr:DataCollectionService: stats => 1688389395246,-116210,4179
07-03 15:03:16.260  5735  5844 I BatteryMgr:DataCollectionService: stats => 1688389396260,-116210,4179
07-03 15:03:17.273  5735  5844 I BatteryMgr:DataCollectionService: stats => 1688389397273,-120605,4179
07-03 15:03:17.636  4943  4943 I DataSaverController: registerReceiver() : Runnable call registerReceiver()
07-03 15:03:17.638  4943  4943 I DataSaverController: registerReceiver() : queryIntentServices = 0
07-03 15:03:17.638  4943  4943 I DataSaverController: registerReceiver() :  postDelayed Runnable 30000
07-03 15:03:18.152   779  7045 E ANDR-PERF-MPCTL: poll() has timed out for /sys/module/msm_performance/events/cpu_hotplug
07-03 15:03:18.152   779  7045 E ANDR-PERF-MPCTL: Block on poll()
07-03 15:03:18.284  5735  5844 I BatteryMgr:DataCollectionService: stats => 1688389398284,-191406,4179
07-03 15:03:19.298  5735  5844 I BatteryMgr:DataCollectionService: stats => 1688389399297,-191406,4179
07-03 15:03:20.318  5735  5844 I BatteryMgr:DataCollectionService: stats => 1688389400318,-120605,4179
07-03 15:03:21.158   779  7045 E ANDR-PERF-MPCTL: poll() has timed out for /sys/module/msm_performance/events/cpu_hotplug
07-03 15:03:21.158   779  7045 E ANDR-PERF-MPCTL: Block on poll()
07-03 15:03:21.327  5735  5844 I BatteryMgr:DataCollectionService: stats => 1688389401327,-113769,4179
07-03 15:03:22.334  5735  5844 I BatteryMgr:DataCollectionService: stats => 1688389402334,-113769,4179
07-03 15:03:23.344  5735  5844 I BatteryMgr:DataCollectionService: stats => 1688389403344,-146484,4179
07-03 15:03:24.163   779  7045 E ANDR-PERF-MPCTL: poll() has timed out for /sys/module/msm_performance/events/cpu_hotplug
07-03 15:03:24.163   779  7045 E ANDR-PERF-MPCTL: Block on poll()
07-03 15:03:24.358  5735  5844 I BatteryMgr:DataCollectionService: stats => 1688389404357,-129882,4179
07-03 15:03:25.372  5735  5844 I BatteryMgr:DataCollectionService: stats => 1688389405371,-122070,4179
07-03 15:03:26.382  5735  5844 I BatteryMgr:DataCollectionService: stats => 1688389406382,-122070,4179
07-03 15:03:27.167   779  7045 E ANDR-PERF-MPCTL: poll() has timed out for /sys/module/msm_performance/events/cpu_hotplug
07-03 15:03:27.167   779  7045 E ANDR-PERF-MPCTL: Block on poll()
07-03 15:03:27.393  5735  5844 I BatteryMgr:DataCollectionService: stats => 1688389407393,-120117,4179
07-03 15:03:28.403  5735  5844 I BatteryMgr:DataCollectionService: stats => 1688389408403,-184081,4179
07-03 15:03:29.416  5735  5844 I BatteryMgr:DataCollectionService: stats => 1688389409416,-184081,4179
07-03 15:03:30.168   779  7045 E ANDR-PERF-MPCTL: poll() has timed out for /sys/module/msm_performance/events/cpu_hotplug
07-03 15:03:30.168   779  7045 E ANDR-PERF-MPCTL: Block on poll()
07-03 15:03:30.423  5735  5844 I BatteryMgr:DataCollectionService: stats => 1688389410423,-117187,4179
07-03 15:03:31.431  5735  5844 I BatteryMgr:DataCollectionService: stats => 1688389411431,-117675,4179
07-03 15:03:32.440  5735  5844 I BatteryMgr:DataCollectionService: stats => 1688389412440,-117675,4179
07-03 15:03:33.172   779  7045 E ANDR-PERF-MPCTL: poll() has timed out for /sys/module/msm_performance/events/cpu_hotplug
07-03 15:03:33.173   779  7045 E ANDR-PERF-MPCTL: Block on poll()
07-03 15:03:33.453  5735  5844 I BatteryMgr:DataCollectionService: stats => 1688389413453,-184081,4179
07-03 15:03:34.464  5735  5844 I BatteryMgr:DataCollectionService: stats => 1688389414464,-114746,4179
07-03 15:03:35.471  5735  5844 I BatteryMgr:DataCollectionService: stats => 1688389415471,-114746,4179
07-03 15:03:36.178   779  7045 E ANDR-PERF-MPCTL: poll() has timed out for /sys/module/msm_performance/events/cpu_hotplug
07-03 15:03:36.178   779  7045 E ANDR-PERF-MPCTL: Block on poll()
07-03 15:03:36.481  5735  5844 I BatteryMgr:DataCollectionService: stats => 1688389416481,-147460,4179
07-03 15:03:37.494  5735  5844 I BatteryMgr:DataCollectionService: stats => 1688389417494,-117675,4179
07-03 15:03:38.508  5735  5844 I BatteryMgr:DataCollectionService: stats => 1688389418508,-147460,4179
07-03 15:03:39.182   779  7045 E ANDR-PERF-MPCTL: poll() has timed out for /sys/module/msm_performance/events/cpu_hotplug
07-03 15:03:39.182   779  7045 E ANDR-PERF-MPCTL: Block on poll()
07-03 15:03:39.519  5735  5844 I BatteryMgr:DataCollectionService: stats => 1688389419519,-147460,4179
07-03 15:03:40.528  5735  5844 I BatteryMgr:DataCollectionService: stats => 1688389420527,-189453,4179
07-03 15:03:41.535  5735  5844 I BatteryMgr:DataCollectionService: stats => 1688389421535,-113769,4179
07-03 15:03:42.186   779  7045 E ANDR-PERF-MPCTL: poll() has timed out for /sys/module/msm_performance/events/cpu_hotplug
07-03 15:03:42.186   779  7045 E ANDR-PERF-MPCTL: Block on poll()
07-03 15:03:42.545  5735  5844 I BatteryMgr:DataCollectionService: stats => 1688389422544,-113769,4179
07-03 15:03:43.557  5735  5844 I BatteryMgr:DataCollectionService: stats => 1688389423556,-193359,4179
07-03 15:03:44.569  5735  5844 I BatteryMgr:DataCollectionService: stats => 1688389424569,-115722,4179
07-03 15:03:45.190   779  7045 E ANDR-PERF-MPCTL: poll() has timed out for /sys/module/msm_performance/events/cpu_hotplug
07-03 15:03:45.190   779  7045 E ANDR-PERF-MPCTL: Block on poll()
07-03 15:03:45.587  5735  5844 I BatteryMgr:DataCollectionService: stats => 1688389425586,-115722,4179
07-03 15:03:46.598  5735  5844 I BatteryMgr:DataCollectionService: stats => 1688389426598,-119628,4179
07-03 15:03:47.609  5735  5844 I BatteryMgr:DataCollectionService: stats => 1688389427608,-152831,4179
07-03 15:03:47.671  4943  4943 I DataSaverController: registerReceiver() : Runnable call registerReceiver()
07-03 15:03:47.674  4943  4943 I DataSaverController: registerReceiver() : queryIntentServices = 0
07-03 15:03:47.674  4943  4943 I DataSaverController: registerReceiver() :  postDelayed Runnable 30000
07-03 15:03:48.194   779  7045 E ANDR-PERF-MPCTL: poll() has timed out for /sys/module/msm_performance/events/cpu_hotplug
07-03 15:03:48.194   779  7045 E ANDR-PERF-MPCTL: Block on poll()
07-03 15:03:48.619  5735  5844 I BatteryMgr:DataCollectionService: stats => 1688389428619,-128417,4179
07-03 15:03:49.628  5735  5844 I BatteryMgr:DataCollectionService: stats => 1688389429628,-128417,4179
07-03 15:03:50.635  5735  5844 I BatteryMgr:DataCollectionService: stats => 1688389430635,-115234,4179
07-03 15:03:51.200   779  7045 E ANDR-PERF-MPCTL: poll() has timed out for /sys/module/msm_performance/events/cpu_hotplug
07-03 15:03:51.200   779  7045 E ANDR-PERF-MPCTL: Block on poll()
07-03 15:03:51.647  5735  5844 I BatteryMgr:DataCollectionService: stats => 1688389431647,-118164,4179
07-03 15:03:52.660  5735  5844 I BatteryMgr:DataCollectionService: stats => 1688389432660,-118164,4179
07-03 15:03:53.439   560   560 E SELinux : avc:  denied  { find } for interface=vendor.qti.hardware.servicetracker::IServicetracker sid=u:r:system_server:s0 pid=1272 scontext=u:r:system_server:s0 tcontext=u:object_r:default_android_hwservice:s0 tclass=hwservice_manager permissive=0
07-03 15:03:53.813  1272  8185 I ActivityManager: Force stopping e.www.writelocaltest appid=10208 user=0: from pid 5886
07-03 15:03:53.815  1272  8185 I ActivityManager: Killing 5793:e.www.writelocaltest/u0a208 (adj 0): stop e.www.writelocaltest
07-03 15:03:53.818   560   560 E SELinux : avc:  denied  { find } for interface=vendor.qti.hardware.servicetracker::IServicetracker sid=u:r:system_server:s0 pid=1272 scontext=u:r:system_server:s0 tcontext=u:object_r:default_android_hwservice:s0 tclass=hwservice_manager permissive=0
07-03 15:03:53.819  1272  8185 W ActivityTaskManager: Force removing ActivityRecord{74b72c u0 e.www.writelocaltest/.MainActivity t427 f}: app died, no saved state
07-03 15:03:53.844  1272  5889 W IrisConfig: ColorManagerService is not Existed
07-03 15:03:53.862   680   680 I Zygote  : Process 5793 exited due to signal 9 (Killed)
07-03 15:03:53.866  5388  5388 E PhoneInterfaceManager: [PhoneIntfMgr] getCarrierPackageNamesForIntent: No UICC
07-03 15:03:53.866  5388  5388 D CarrierSvcBindHelper: No carrier app for: 0
07-03 15:03:53.867  5388  5388 E PhoneInterfaceManager: [PhoneIntfMgr] getCarrierPackageNamesForIntent: No UICC
07-03 15:03:53.867  5388  5388 D CarrierSvcBindHelper: No carrier app for: 1
07-03 15:03:53.868   560   560 E SELinux : avc:  denied  { find } for interface=vendor.qti.hardware.servicetracker::IServicetracker sid=u:r:system_server:s0 pid=1272 scontext=u:r:system_server:s0 tcontext=u:object_r:default_android_hwservice:s0 tclass=hwservice_manager permissive=0
07-03 15:03:53.869   560   560 I hwservicemanager: getTransport: Cannot find entry vendor.qti.hardware.iop@2.0::IIop/default in either framework or device manifest.
07-03 15:03:53.870  1272 12292 E ANDR-PERF-JNI: UXEngine Trigger - Returning null
07-03 15:03:53.871  6139  6139 D RegisteredNfcFServicesCache: Service unchanged, not updating
07-03 15:03:53.884 10382 10382 I A       : onStart
07-03 15:03:53.888 10382 10382 I A       : onResume
07-03 15:03:53.903  1272  1356 I libprocessgroup: Successfully killed process cgroup uid 10208 pid 5793 in 86ms
07-03 15:03:53.912 14690 14690 D PredictionService: onRequestPredictionUpdate
07-03 15:03:53.912 14690 14690 D PredictionService: update predictions
07-03 15:03:53.916  4823  4823 I GsaVoiceInteractionSrv: Handling ACTION_START_HOTWORD
07-03 15:03:53.916  4823  4989 I GsaVoiceInteractionSrv: (REDACTED) disregardHotwordSetting: %b
07-03 15:03:53.916  4823  4989 I GsaVoiceInteractionSrv: Cannot start hotword, hotword has been explicitly disabled.
07-03 15:03:53.916  1272  1346 W ActivityManager: setHasOverlayUi called on unknown pid: 5793
07-03 15:03:53.921 25207 25207 I GoogleInputMethodService: GoogleInputMethodService.onFinishInput():3306 
07-03 15:03:53.924 25207 25207 I GoogleInputMethodService: GoogleInputMethodService.updateDeviceLockedStatus():2127 repeatCheckTimes = 0, locked = false
07-03 15:03:53.925 25207 25207 I GoogleInputMethodService: GoogleInputMethodService.onStartInput():1909 onStartInput(EditorInfo{inputType=0x0(NULL) imeOptions=0x0 privateImeOptions=null actionName=UNSPECIFIED actionLabel=null actionId=0 initialSelStart=-1 initialSelEnd=-1 initialCapsMode=0x0 hintText=null label=null packageName=com.android.launcher3 fieldId=-1 fieldName=null extras=null hintLocales=[]}, false)
07-03 15:03:53.926 25207 25207 I GoogleInputMethodService: GoogleInputMethodService.shouldHideHeaderOnInitialState():1990 ShouldHideHeaderOnInitialState = false
07-03 15:03:53.926 25207 25207 I GoogleInputMethodService: GoogleInputMethodService.updateDeviceLockedStatus():2127 repeatCheckTimes = 1, locked = false
07-03 15:03:53.932   560   560 E SELinux : avc:  denied  { find } for interface=vendor.qti.hardware.servicetracker::IServicetracker sid=u:r:system_server:s0 pid=1272 scontext=u:r:system_server:s0 tcontext=u:object_r:default_android_hwservice:s0 tclass=hwservice_manager permissive=0
07-03 15:03:53.933  1272  6130 D CompatibilityInfo: mCompatibilityFlags - 0
07-03 15:03:53.933  1272  6130 D CompatibilityInfo: applicationDensity - 420
07-03 15:03:53.933  1272  6130 D CompatibilityInfo: applicationScale - 1.0
07-03 15:03:53.934   560   560 E SELinux : avc:  denied  { find } for interface=vendor.qti.hardware.servicetracker::IServicetracker sid=u:r:system_server:s0 pid=1272 scontext=u:r:system_server:s0 tcontext=u:object_r:default_android_hwservice:s0 tclass=hwservice_manager permissive=0
07-03 15:03:53.937 27083 27083 D BoundBrokerSvc: onBind: Intent { act=com.google.android.gms.inappreach.service.START dat=chimera-action: cmp=com.google.android.gms/.chimera.GmsApiService }
07-03 15:03:53.938 27083 27083 D BoundBrokerSvc: Loading bound service for intent: Intent { act=com.google.android.gms.inappreach.service.START dat=chimera-action: cmp=com.google.android.gms/.chimera.GmsApiService }
07-03 15:03:54.203   779  7045 E ANDR-PERF-MPCTL: poll() has timed out for /sys/module/msm_performance/events/cpu_hotplug
07-03 15:03:54.203   779  7045 E ANDR-PERF-MPCTL: Block on poll()
07-03 15:03:54.812  1272  1353 I UsageStatsService: User[0] Flushing usage stats to disk
07-03 15:03:54.923  1272  1353 E AppIdleHistory: Error writing app idle file for user 0
07-03 15:03:57.207   779  7045 E ANDR-PERF-MPCTL: poll() has timed out for /sys/module/msm_performance/events/cpu_hotplug
07-03 15:03:57.207   779  7045 E ANDR-PERF-MPCTL: Block on poll()
07-03 15:03:57.259  1272  5250 I ActivityManager: Force stopping com.example.batterymanager_utility appid=10186 user=0: from pid 5897
07-03 15:03:57.261  1272  5250 I ActivityManager: Killing 5735:com.example.batterymanager_utility/u0a186 (adj 700): stop com.example.batterymanager_utility
07-03 15:03:57.262   560   560 E SELinux : avc:  denied  { find } for interface=vendor.qti.hardware.servicetracker::IServicetracker sid=u:r:system_server:s0 pid=1272 scontext=u:r:system_server:s0 tcontext=u:object_r:default_android_hwservice:s0 tclass=hwservice_manager permissive=0
07-03 15:03:57.263  1272  5250 W ActivityTaskManager: Force removing ActivityRecord{a4efc07 u0 com.example.batterymanager_utility/.MainActivity t426 f}: app died, no saved state
07-03 15:03:57.286  5388  5388 E PhoneInterfaceManager: [PhoneIntfMgr] getCarrierPackageNamesForIntent: No UICC
07-03 15:03:57.286  5388  5388 D CarrierSvcBindHelper: No carrier app for: 0
07-03 15:03:57.286  5388  5388 E PhoneInterfaceManager: [PhoneIntfMgr] getCarrierPackageNamesForIntent: No UICC
07-03 15:03:57.286  5388  5388 D CarrierSvcBindHelper: No carrier app for: 1
07-03 15:03:57.287  6139  6139 D RegisteredNfcFServicesCache: Service unchanged, not updating
07-03 15:03:57.300   680   680 I Zygote  : Process 5735 exited due to signal 9 (Killed)
07-03 15:03:57.301  1272  1346 W ActivityManager: setHasOverlayUi called on unknown pid: 5735
07-03 15:03:57.308  1272  1356 I libprocessgroup: Successfully killed process cgroup uid 10186 pid 5735 in 45ms
07-03 15:03:59.059  6198  7527 D FileOperator: Mode change to WRITE_MODE!
07-03 15:04:00.003  4943  4943 D SystemUIUpdateMonitor: run() curMinutes = 28139824 mLastMinute = 28139823
07-03 15:04:00.003  4943  4943 D SystemUIUpdateMonitor: setTimeHandler() mTimeTICK_receiver.size() = 16
07-03 15:04:00.003  4943  4943 D SystemUIUpdateMonitor: setTimeHandler() newDelay = 59997
07-03 15:04:00.210   779  7045 E ANDR-PERF-MPCTL: poll() has timed out for /sys/module/msm_performance/events/cpu_hotplug
07-03 15:04:00.211   779  7045 E ANDR-PERF-MPCTL: Block on poll()
