--------- beginning of main
07-03 19:44:44.271  1301  1301 I chatty  : uid=1001(radio) /system/vendor/bin/ipacm expire 90 lines
07-03 19:44:44.271  1301  1301 W ipacm   : type=1400 audit(0.0:6651714): avc: denied { write } for name="ipacm_log_file" dev="tmpfs" ino=28733 scontext=u:r:ipacm:s0 tcontext=u:object_r:ipacm_socket:s0 tclass=sock_file permissive=0
--------- beginning of system
07-03 19:44:44.812  1631  2466 I ActivityTaskManager: zhl stack block_packagename =
07-03 19:44:44.812  1631  2466 I ActivityTaskManager: zhl stack block_activity =
07-03 19:44:44.812  1631  2466 I ActivityTaskManager: zhl mPackage =com.example.batterymanager_utility
07-03 19:44:44.812  1631  2466 I ActivityTaskManager: zhl mClass =MainActivity
07-03 19:44:44.812  1631  2466 I ActivityTaskManager: START u0 {act=android.intent.action.MAIN cat=[android.intent.category.LAUNCHER] flg=0x10000000 cmp=com.example.batterymanager_utility/.MainActivity} from uid 2000
07-03 19:44:44.823  1631  2466 D CompatibilityInfo: mCompatibilityFlags - 0
07-03 19:44:44.823  1631  2466 D CompatibilityInfo: applicationDensity - 420
07-03 19:44:44.823  1631  2466 D CompatibilityInfo: applicationScale - 1.0
07-03 19:44:44.824  1631  2466 D ActivityTrigger: ActivityTrigger activityPauseTrigger 
07-03 19:44:44.828 11052 11054 I cmd     : oneway function results will be dropped but finished with status OK and parcel size 4
07-03 19:44:44.836  1631  1821 W ActivityManager: ProcessRecord{e228ab4 0:com.example.batterymanager_utility/u0a200}: ART verification disabled
07-03 19:44:44.837  1631  1821 D CompatibilityChangeReporter: Compat change id reported: 135634846; UID 10200; state: DISABLED
07-03 19:44:44.837  1631  1835 D CompatibilityChangeReporter: Compat change id reported: 143937733; UID 10200; state: ENABLED
07-03 19:44:44.850   815   815 D Zygote  : Forked child process 11059
07-03 19:44:44.855  1631  1835 I ActivityManager: Start proc 11059:com.example.batterymanager_utility/u0a200 for pre-top-activity {com.example.batterymanager_utility/com.example.batterymanager_utility.MainActivity}
07-03 19:44:44.871 11059 11059 I manager_utilit: Late-enabling -Xcheck:jni
07-03 19:44:44.907 11059 11059 I manager_utilit: Unquickening 18 vdex files!
07-03 19:44:44.916  9136  9143 I adbd    : jdwp connection from 11059
07-03 19:44:44.929 29915 29915 I A       : onPause
07-03 19:44:44.930  1631  2466 D CompatibilityInfo: mCompatibilityFlags - 0
07-03 19:44:44.930  1631  2466 D CompatibilityInfo: applicationDensity - 420
07-03 19:44:44.930  1631  2466 D CompatibilityInfo: applicationScale - 1.0
07-03 19:44:44.933  1631  2466 D CompatibilityInfo: mCompatibilityFlags - 0
07-03 19:44:44.933  1631  2466 D CompatibilityInfo: applicationDensity - 420
07-03 19:44:44.933  1631  2466 D CompatibilityInfo: applicationScale - 1.0
07-03 19:44:44.954  3613 12348 D FaceUnlock: onTaskStackChangedBackground
07-03 19:44:44.955 29950 29950 I HdmBroadcastRecvUpd: (REDACTED) received broadcast: %s
07-03 19:44:44.955 29950 30071 I HdmHotwordRequestListen: (REDACTED) received broadcast: %s
07-03 19:44:44.956 29950 30071 I SodaTriggeringFrontend: (REDACTED) #onConfigUpdate. requester: %s
07-03 19:44:44.956  3613 12348 D FaceUnlock: PackageName =com.example.batterymanager_utility
07-03 19:44:44.956 29950 30071 I SodaTriggeringFrontend: #onConfigUpdate inside sequencer
07-03 19:44:44.956 29950 30071 I A       : (REDACTED) Voice Match (Speaker-id) supported : %b 
07-03 19:44:44.956 29950 30071 I A       : (REDACTED) hotword enrollment state is enrolled:  %b, speakerId model exist: %b. Voice Match supported : %b 
07-03 19:44:44.956 29950 30071 I A       : (REDACTED) isHotwordAvailable():  %b, isHotwordEnabled() %b 
07-03 19:44:44.956 29950 30071 I A       : (REDACTED) isHotwordAvailable():  %b, isHotwordEnabled() %b 
07-03 19:44:44.956 29950 30071 I A       : (REDACTED) Hotword enrollment state : %s.
07-03 19:44:44.956 29950 30071 I A       : (REDACTED) Voice Match (Speaker-id) supported : %b 
07-03 19:44:44.956 29950 30071 I A       : (REDACTED) Voice Match (Speaker-id) supported : %b 
07-03 19:44:44.956 29950 30071 I A       : (REDACTED) hotword enrollment state is enrolled:  %b, speakerId model exist: %b, voice match supported : %b
07-03 19:44:44.956 29950 30071 I A       : (REDACTED) Hotword isNonVoiceMatchHotwordEnabled: %b, isHotwordAvailable : %b, isHotwordEnabled : %b, isVoiceMatchSupported: %b, isHotwordEnrolled: %b.
07-03 19:44:44.956 29950 30071 I SodaTriggeringFrontend: (REDACTED) Ignore the legacy hotword request. voice match enabled %b, isHotwordSupported %b, isIncompleteEnrollmentState %b, nonVoiceMatchHotwordEnabled %b
07-03 19:44:45.025 11065 11065 D AndroidRuntime: >>>>>> START com.android.internal.os.RuntimeInit uid 2000 <<<<<<
07-03 19:44:45.029 11065 11065 E libc    : Access denied finding property "persist.device_config.runtime_native_boot.profilebootclasspath"
07-03 19:44:45.030 11065 11065 E libc    : Access denied finding property "persist.device_config.runtime_native_boot.enable_apex_image"
07-03 19:44:45.030 11065 11065 I AndroidRuntime: Using default boot image
07-03 19:44:45.030 11065 11065 E libc    : Access denied finding property "persist.device_config.runtime_native_boot.disable_lock_profiling"
07-03 19:44:45.030 11065 11065 I AndroidRuntime: Leaving lock profiling enabled
07-03 19:44:45.030 11065 11065 E libc    : Access denied finding property "persist.device_config.runtime_native_boot.enable_generational_cc"
07-03 19:44:45.105 11059 11059 I Perf    : Connecting to perf service.
07-03 19:44:45.115 11059 11059 D NetworkSecurityConfig: No Network Security Config specified, using platform default
07-03 19:44:45.117 11059 11059 D NetworkSecurityConfig: No Network Security Config specified, using platform default
07-03 19:44:45.127 11059 11059 I BatteryMgr:App: creating notification channel
07-03 19:44:45.161 11065 11065 D app_process: Time zone APEX ICU file found: /apex/com.android.tzdata/etc/icu/icu_tzdata.dat
07-03 19:44:45.161 11065 11065 D app_process: I18n APEX ICU file found: /apex/com.android.i18n/etc/icu/icudt66l.dat
07-03 19:44:45.174 11065 11065 I app_process: The ClassLoaderContext is a special shared library.
07-03 19:44:45.196 11059 11059 V Activity: mLastPackageName-com.example.batterymanager_utility.MainActivity
07-03 19:44:45.197 11065 11065 W app_process: JNI RegisterNativeMethods: attempt to register 0 native methods for android.media.AudioAttributes
07-03 19:44:45.210 11065 11065 D AndroidRuntime: Calling main entry com.android.commands.monkey.Monkey
07-03 19:44:45.211 11065 11065 W Monkey  : args: [-p, e.www.writeroomtest, 1]
07-03 19:44:45.212 11065 11065 W Monkey  :  arg: "-p"
07-03 19:44:45.212 11065 11065 W Monkey  :  arg: "e.www.writeroomtest"
07-03 19:44:45.212 11065 11065 W Monkey  :  arg: "1"
07-03 19:44:45.213 11065 11065 W Monkey  : data="e.www.writeroomtest"
07-03 19:44:45.237 11059 11059 D PureDisplay: package-com.example.batterymanager_utility DYNAMIC_ORIGINAL_MODE open
07-03 19:44:45.242 24877 24877 D PureDisplay: PureDisplayModeChangeReceiver,hdrMode=1
07-03 19:44:45.246 24877 24877 I android_os_HwBinder: HwBinder: Starting thread pool for getting: vendor.pixelworks.hardware.display@1.0::IIris/default
07-03 19:44:45.246   872   944 I IrisService: irisConfigureSet(258, 1, 1)
07-03 19:44:45.246 24877 24877 D PureDisplay: --setIrisDisplayHdrMode- mode =1--result = 0
07-03 19:44:45.246 24877 24877 D PureDisplay: PureDisplayModeChangeReceiver,pureDisplayMode=1
07-03 19:44:45.247 24877 24877 D PureDisplay: isDeviceProvisioned=true
07-03 19:44:45.248 24877 24877 D PureDisplay: isUserSetuped=true
07-03 19:44:45.248 24877 24877 D PureDisplay: setOriginalModeEnable()
07-03 19:44:45.249 24877 24877 I android_os_HwBinder: HwBinder: Starting thread pool for getting: vendor.pixelworks.hardware.display@1.0::IIris/default
07-03 19:44:45.250   872   944 I IrisService: irisConfigureSet(0, 1, 0)
07-03 19:44:45.253  1631  1834 W BroadcastQueue: Skipping deliver [background] BroadcastRecord{566ac29 u-1 android.net.conn.CONNECTIVITY_CHANGE} to ReceiverList{27b5d4f 11065 (unknown name)/2000/u-1 remote:fb964f3}: process gone or crashing
07-03 19:44:45.264 24877 24877 I android_os_HwBinder: HwBinder: Starting thread pool for getting: vendor.pixelworks.hardware.display@1.0::IIris/default
07-03 19:44:45.264   872   944 I IrisService: irisConfigureSet(41, 1, 0)
07-03 19:44:45.266 24877 24877 I android_os_HwBinder: HwBinder: Starting thread pool for getting: vendor.pixelworks.hardware.display@1.0::IIris/default
07-03 19:44:45.266   872  9769 I IrisService: irisConfigureSet(42, 1, 0)
07-03 19:44:45.268 24877 24877 I android_os_HwBinder: HwBinder: Starting thread pool for getting: vendor.pixelworks.hardware.display@1.0::IIris/default
07-03 19:44:45.269   872  9769 I IrisService: irisConfigureSet(40, 1, 0)
07-03 19:44:45.270  1631  2466 I ActivityTaskManager: zhl stack block_packagename =
07-03 19:44:45.270  1631  2466 I ActivityTaskManager: zhl stack block_activity =
07-03 19:44:45.270  1631  2466 I ActivityTaskManager: zhl mPackage =e.www.writeroomtest
07-03 19:44:45.270  1631  2466 I ActivityTaskManager: zhl mClass =MainActivity
07-03 19:44:45.270  1631  2466 I ActivityTaskManager: START u0 {act=android.intent.action.MAIN cat=[android.intent.category.LAUNCHER] flg=0x10200000 cmp=e.www.writeroomtest/.MainActivity} from uid 2000
07-03 19:44:45.279  1631  2466 D CompatibilityInfo: mCompatibilityFlags - 0
07-03 19:44:45.279  1631  2466 D CompatibilityInfo: applicationDensity - 420
07-03 19:44:45.279  1631  2466 D CompatibilityInfo: applicationScale - 1.0
07-03 19:44:45.281  1631  2466 D ActivityTrigger: ActivityTrigger activityPauseTrigger 
07-03 19:44:45.281 24877 24877 I android_os_HwBinder: HwBinder: Starting thread pool for getting: vendor.pixelworks.hardware.display@1.0::IIris/default
07-03 19:44:45.282   872   944 I IrisService: irisConfigureSet(36, 1, 0)
07-03 19:44:45.285 11065 11065 I Monkey  : Events injected: 1
07-03 19:44:45.290  1631  1821 W ActivityManager: ProcessRecord{afd0ac8 0:e.www.writeroomtest/u0a228}: ART verification disabled
07-03 19:44:45.290  1631  1821 D CompatibilityChangeReporter: Compat change id reported: 135634846; UID 10228; state: DISABLED
07-03 19:44:45.291  1631  1835 D CompatibilityChangeReporter: Compat change id reported: 143937733; UID 10228; state: DISABLED
07-03 19:44:45.294 11065 11065 I Monkey  : ## Network stats: elapsed time=25ms (0ms mobile, 0ms wifi, 25ms not connected)
07-03 19:44:45.296 11065 11065 I app_process: System.exit called, status: 0
07-03 19:44:45.296 11065 11065 I AndroidRuntime: VM exiting with result code 0.
07-03 19:44:45.298 24877 24877 D PureDisplay: getWhiteBalanceAutoMode()0
07-03 19:44:45.300 24877 24877 I android_os_HwBinder: HwBinder: Starting thread pool for getting: vendor.pixelworks.hardware.display@1.0::IIris/default
07-03 19:44:45.301   872   944 I IrisService: irisConfigureSet(39, 1, 1)
07-03 19:44:45.305   815   815 D Zygote  : Forked child process 11105
07-03 19:44:45.311  1301  1301 W ipacm   : type=1400 audit(0.0:6651819): avc: denied { write } for name="ipacm_log_file" dev="tmpfs" ino=28733 scontext=u:r:ipacm:s0 tcontext=u:object_r:ipacm_socket:s0 tclass=sock_file permissive=0
07-03 19:44:45.311  1301  1301 I chatty  : uid=1001(radio) /system/vendor/bin/ipacm identical 3 lines
07-03 19:44:45.311  1301  1301 W ipacm   : type=1400 audit(0.0:6651823): avc: denied { write } for name="ipacm_log_file" dev="tmpfs" ino=28733 scontext=u:r:ipacm:s0 tcontext=u:object_r:ipacm_socket:s0 tclass=sock_file permissive=0
07-03 19:44:45.311  1631  1835 I ActivityManager: Start proc 11105:e.www.writeroomtest/u0a228 for pre-top-activity {e.www.writeroomtest/e.www.writeroomtest.MainActivity}
07-03 19:44:45.315 24877 24877 I android_os_HwBinder: HwBinder: Starting thread pool for getting: vendor.pixelworks.hardware.display@1.0::IIris/default
07-03 19:44:45.318   872  9769 I IrisService: irisConfigureSet(264, 1, 0)
07-03 19:44:45.318 24877 24877 D PureDisplay: PureDisplayModeChangeReceiver,lastclass=com.example.batterymanager_utility.MainActivity
07-03 19:44:45.320 24877 24877 D PureDisplay: PureDisplayModeChangeReceiver,lastpackage=com.example.batterymanager_utility
07-03 19:44:45.321 24877 24877 D PureDisplay: PureDisplayModeChangeReceiver,lastpackage_resume=1
07-03 19:44:45.321 11105 11105 I w.writeroomtes: Late-enabling -Xcheck:jni
07-03 19:44:45.358 11105 11105 I w.writeroomtes: Unquickening 18 vdex files!
07-03 19:44:45.367  9136  9143 I adbd    : jdwp connection from 11105
07-03 19:44:45.384  1631  2466 D CompatibilityInfo: mCompatibilityFlags - 0
07-03 19:44:45.384  1631  2466 D CompatibilityInfo: applicationDensity - 420
07-03 19:44:45.384  1631  2466 D CompatibilityInfo: applicationScale - 1.0
07-03 19:44:45.386  1631  2466 I ActivityTaskManager: The Process e.www.writeroomtest Already Exists in BG. So sending its PID: 11105
07-03 19:44:45.392 24565 24565 V Activity: onStop mLastPackageName = com.example.batterymanager_utility.MainActivity--mLastPackageResume = 1
07-03 19:44:45.418 11105 11105 D ApplicationLoaders: Returning zygote-cached class loader: /system/framework/android.test.base.jar
07-03 19:44:45.420 24565 24565 D PureDisplay: package-com.example.batterymanager_utility DYNAMIC_ORIGINAL_MODE open
07-03 19:44:45.422 24877 24877 D PureDisplay: PureDisplayModeChangeReceiver,hdrMode=1
07-03 19:44:45.425 29915 29915 I A       : onStop
07-03 19:44:45.425 24877 24877 I android_os_HwBinder: HwBinder: Starting thread pool for getting: vendor.pixelworks.hardware.display@1.0::IIris/default
07-03 19:44:45.425   872   944 I IrisService: irisConfigureSet(258, 1, 1)
07-03 19:44:45.425 24877 24877 D PureDisplay: --setIrisDisplayHdrMode- mode =1--result = 0
07-03 19:44:45.425 24877 24877 D PureDisplay: PureDisplayModeChangeReceiver,pureDisplayMode=1
07-03 19:44:45.426 24877 24877 D PureDisplay: isDeviceProvisioned=true
07-03 19:44:45.427 24877 24877 D PureDisplay: isUserSetuped=true
07-03 19:44:45.427 24877 24877 D PureDisplay: setOriginalModeEnable()
07-03 19:44:45.428 24877 24877 I android_os_HwBinder: HwBinder: Starting thread pool for getting: vendor.pixelworks.hardware.display@1.0::IIris/default
07-03 19:44:45.428   872   944 I IrisService: irisConfigureSet(0, 1, 0)
07-03 19:44:45.448 24877 24877 I android_os_HwBinder: HwBinder: Starting thread pool for getting: vendor.pixelworks.hardware.display@1.0::IIris/default
07-03 19:44:45.448   872   944 I IrisService: irisConfigureSet(41, 1, 0)
07-03 19:44:45.452 24877 24877 I android_os_HwBinder: HwBinder: Starting thread pool for getting: vendor.pixelworks.hardware.display@1.0::IIris/default
07-03 19:44:45.453   872   944 I IrisService: irisConfigureSet(42, 1, 0)
07-03 19:44:45.454 24877 24877 I android_os_HwBinder: HwBinder: Starting thread pool for getting: vendor.pixelworks.hardware.display@1.0::IIris/default
07-03 19:44:45.455   872   944 I IrisService: irisConfigureSet(40, 1, 0)
07-03 19:44:45.464 24877 24877 I android_os_HwBinder: HwBinder: Starting thread pool for getting: vendor.pixelworks.hardware.display@1.0::IIris/default
07-03 19:44:45.465   872   944 I IrisService: irisConfigureSet(36, 1, 0)
07-03 19:44:45.475 11059 11084 I AdrenoGLES-0: QUALCOMM build                   : d7ad79a, I2f86ca99a8
07-03 19:44:45.475 11059 11084 I AdrenoGLES-0: Build Date                       : 06/13/21
07-03 19:44:45.475 11059 11084 I AdrenoGLES-0: OpenGL ES Shader Compiler Version: EV031.32.02.12
07-03 19:44:45.475 11059 11084 I AdrenoGLES-0: Local Branch                     : mybranchebcc171e-87ea-f17a-bb69-1458d0b52af0
07-03 19:44:45.475 11059 11084 I AdrenoGLES-0: Remote Branch                    : quic/gfx-adreno.lnx.1.0.r127-rel
07-03 19:44:45.475 11059 11084 I AdrenoGLES-0: Remote Branch                    : NONE
07-03 19:44:45.475 11059 11084 I AdrenoGLES-0: Reconstruct Branch               : NOTHING
07-03 19:44:45.475 11059 11084 I AdrenoGLES-0: Build Config                     : S L 10.0.7 AArch64
07-03 19:44:45.475 11059 11084 I AdrenoGLES-0: Driver Path                      : /vendor/lib64/egl/libGLESv2_adreno.so
07-03 19:44:45.480 24877 24877 D PureDisplay: getWhiteBalanceAutoMode()0
07-03 19:44:45.483 24877 24877 I android_os_HwBinder: HwBinder: Starting thread pool for getting: vendor.pixelworks.hardware.display@1.0::IIris/default
07-03 19:44:45.483   872  9769 I IrisService: irisConfigureSet(39, 1, 1)
07-03 19:44:45.487 11059 11084 I AdrenoGLES-0: PFP: 0x005ff114, ME: 0x005ff066
07-03 19:44:45.495 11105 11105 I Perf    : Connecting to perf service.
07-03 19:44:45.498 24877 24877 I android_os_HwBinder: HwBinder: Starting thread pool for getting: vendor.pixelworks.hardware.display@1.0::IIris/default
07-03 19:44:45.498   872  9769 I IrisService: irisConfigureSet(264, 1, 0)
07-03 19:44:45.511 11105 11105 D NetworkSecurityConfig: No Network Security Config specified, using platform default
07-03 19:44:45.513 11105 11105 D NetworkSecurityConfig: No Network Security Config specified, using platform default
07-03 19:44:45.517   621   621 I hwservicemanager: getTransport: Cannot find entry android.hardware.graphics.mapper@4.0::IMapper/default in either framework or device manifest.
07-03 19:44:45.517 11059 11084 I Gralloc4: mapper 4.x is not supported
07-03 19:44:45.517   621   621 I hwservicemanager: getTransport: Cannot find entry android.hardware.graphics.mapper@3.0::IMapper/default in either framework or device manifest.
07-03 19:44:45.517 11059 11084 W Gralloc3: mapper 3.x is not supported
07-03 19:44:45.544  1631  3710 I ActivityTaskManager: The Process e.www.writeroomtest Already Exists in BG. So sending its PID: 11105
07-03 19:44:45.546  1631  3710 D CompatibilityInfo: mCompatibilityFlags - 0
07-03 19:44:45.546  1631  3710 D CompatibilityInfo: applicationDensity - 420
07-03 19:44:45.546  1631  3710 D CompatibilityInfo: applicationScale - 1.0
07-03 19:44:45.651  3613 29958 D FaceUnlock: onTaskStackChangedBackground
07-03 19:44:45.652  3613 29958 D FaceUnlock: PackageName =e.www.writeroomtest
07-03 19:44:45.653 11105 11105 W w.writeroomtes: Accessing hidden method Landroid/view/View;->computeFitSystemWindows(Landroid/graphics/Rect;Landroid/graphics/Rect;)Z (greylist, reflection, allowed)
07-03 19:44:45.655 11105 11105 W w.writeroomtes: Accessing hidden method Landroid/view/ViewGroup;->makeOptionalFitsSystemWindows()V (greylist, reflection, allowed)
07-03 19:44:45.689  3613  3653 I ndroid.systemu: NativeAlloc concurrent copying GC freed 6351(318KB) AllocSpace objects, 0(0B) LOS objects, 49% free, 8638KB/16MB, paused 137us total 103.360ms
07-03 19:44:45.690  3613  3655 W System  : A resource failed to call release. 
07-03 19:44:45.690  3613  3655 W System  : A resource failed to call release. 
07-03 19:44:45.700 11105 11105 V Activity: mLastPackageName-e.www.writeroomtest.MainActivity
07-03 19:44:45.736 11105 11105 D PureDisplay: package-e.www.writeroomtest DYNAMIC_ORIGINAL_MODE open
07-03 19:44:45.739 24877 24877 D PureDisplay: PureDisplayModeChangeReceiver,hdrMode=1
07-03 19:44:45.740 24877 24877 I android_os_HwBinder: HwBinder: Starting thread pool for getting: vendor.pixelworks.hardware.display@1.0::IIris/default
07-03 19:44:45.741   872  9769 I IrisService: irisConfigureSet(258, 1, 1)
07-03 19:44:45.741 24877 24877 D PureDisplay: --setIrisDisplayHdrMode- mode =1--result = 0
07-03 19:44:45.741 24877 24877 D PureDisplay: PureDisplayModeChangeReceiver,pureDisplayMode=1
07-03 19:44:45.742 24877 24877 D PureDisplay: isDeviceProvisioned=true
07-03 19:44:45.742 24877 24877 D PureDisplay: isUserSetuped=true
07-03 19:44:45.742 24877 24877 D PureDisplay: setOriginalModeEnable()
07-03 19:44:45.743 24877 24877 I android_os_HwBinder: HwBinder: Starting thread pool for getting: vendor.pixelworks.hardware.display@1.0::IIris/default
07-03 19:44:45.743   872  9769 I IrisService: irisConfigureSet(0, 1, 0)
07-03 19:44:45.747 24877 24877 I android_os_HwBinder: HwBinder: Starting thread pool for getting: vendor.pixelworks.hardware.display@1.0::IIris/default
07-03 19:44:45.747   872  9769 I IrisService: irisConfigureSet(41, 1, 0)
07-03 19:44:45.748 24877 24877 I android_os_HwBinder: HwBinder: Starting thread pool for getting: vendor.pixelworks.hardware.display@1.0::IIris/default
07-03 19:44:45.749   872  9769 I IrisService: irisConfigureSet(42, 1, 0)
07-03 19:44:45.750 24877 24877 I android_os_HwBinder: HwBinder: Starting thread pool for getting: vendor.pixelworks.hardware.display@1.0::IIris/default
07-03 19:44:45.750   872   944 I IrisService: irisConfigureSet(40, 1, 0)
07-03 19:44:45.764 24877 24877 I android_os_HwBinder: HwBinder: Starting thread pool for getting: vendor.pixelworks.hardware.display@1.0::IIris/default
07-03 19:44:45.765   872   944 I IrisService: irisConfigureSet(36, 1, 0)
07-03 19:44:45.780 24877 24877 D PureDisplay: getWhiteBalanceAutoMode()0
07-03 19:44:45.781 24877 24877 I android_os_HwBinder: HwBinder: Starting thread pool for getting: vendor.pixelworks.hardware.display@1.0::IIris/default
07-03 19:44:45.782   872   944 I IrisService: irisConfigureSet(39, 1, 1)
07-03 19:44:45.789 11105 11127 I AdrenoGLES-0: QUALCOMM build                   : d7ad79a, I2f86ca99a8
07-03 19:44:45.789 11105 11127 I AdrenoGLES-0: Build Date                       : 06/13/21
07-03 19:44:45.789 11105 11127 I AdrenoGLES-0: OpenGL ES Shader Compiler Version: EV031.32.02.12
07-03 19:44:45.789 11105 11127 I AdrenoGLES-0: Local Branch                     : mybranchebcc171e-87ea-f17a-bb69-1458d0b52af0
07-03 19:44:45.789 11105 11127 I AdrenoGLES-0: Remote Branch                    : quic/gfx-adreno.lnx.1.0.r127-rel
07-03 19:44:45.789 11105 11127 I AdrenoGLES-0: Remote Branch                    : NONE
07-03 19:44:45.789 11105 11127 I AdrenoGLES-0: Reconstruct Branch               : NOTHING
07-03 19:44:45.789 11105 11127 I AdrenoGLES-0: Build Config                     : S L 10.0.7 AArch64
07-03 19:44:45.789 11105 11127 I AdrenoGLES-0: Driver Path                      : /vendor/lib64/egl/libGLESv2_adreno.so
07-03 19:44:45.795 11105 11127 I AdrenoGLES-0: PFP: 0x005ff114, ME: 0x005ff066
07-03 19:44:45.797 24877 24877 I android_os_HwBinder: HwBinder: Starting thread pool for getting: vendor.pixelworks.hardware.display@1.0::IIris/default
07-03 19:44:45.798   872   944 I IrisService: irisConfigureSet(264, 1, 0)
07-03 19:44:45.798 24877 24877 D PureDisplay: PureDisplayModeChangeReceiver,lastclass=e.www.writeroomtest.MainActivity
07-03 19:44:45.799 24877 24877 D PureDisplay: PureDisplayModeChangeReceiver,lastpackage=e.www.writeroomtest
07-03 19:44:45.800 24877 24877 D PureDisplay: PureDisplayModeChangeReceiver,lastpackage_resume=1
07-03 19:44:45.811   621   621 I hwservicemanager: getTransport: Cannot find entry android.hardware.graphics.mapper@4.0::IMapper/default in either framework or device manifest.
07-03 19:44:45.811 11105 11127 I Gralloc4: mapper 4.x is not supported
07-03 19:44:45.811   621   621 I hwservicemanager: getTransport: Cannot find entry android.hardware.graphics.mapper@3.0::IMapper/default in either framework or device manifest.
07-03 19:44:45.811 11105 11127 W Gralloc3: mapper 3.x is not supported
07-03 19:44:45.825  1631  1833 I ActivityTaskManager: Displayed e.www.writeroomtest/.MainActivity: +553ms
07-03 19:44:45.840 30292 30292 I GoogleInputMethodService: GoogleInputMethodService.onFinishInput():3306 
07-03 19:44:45.841 30292 30292 I GoogleInputMethodService: GoogleInputMethodService.updateDeviceLockedStatus():2127 repeatCheckTimes = 0, locked = false
07-03 19:44:45.841 30292 30292 I GoogleInputMethodService: GoogleInputMethodService.onStartInput():1909 onStartInput(EditorInfo{inputType=0x0(NULL) imeOptions=0x0 privateImeOptions=null actionName=UNSPECIFIED actionLabel=null actionId=0 initialSelStart=-1 initialSelEnd=-1 initialCapsMode=0x0 hintText=null label=null packageName=e.www.writeroomtest fieldId=-1 fieldName=null extras=null hintLocales=[]}, false)
07-03 19:44:45.841 30292 30292 I GoogleInputMethodService: GoogleInputMethodService.shouldHideHeaderOnInitialState():1990 ShouldHideHeaderOnInitialState = false
07-03 19:44:45.842 30292 30292 I GoogleInputMethodService: GoogleInputMethodService.updateDeviceLockedStatus():2127 repeatCheckTimes = 1, locked = false
07-03 19:44:46.185 11059 11059 V Activity: onStop mLastPackageResume = false com.example.batterymanager_utility.MainActivity@29e1669
07-03 19:44:46.187 24877 24877 D PureDisplay: PureDisplayModeChangeReceiver,lastpackage_resume=0
07-03 19:44:46.504  1631  1640 I system_server: NativeAlloc concurrent copying GC freed 380701(16MB) AllocSpace objects, 109(3816KB) LOS objects, 47% free, 26MB/50MB, paused 210us total 269.245ms
07-03 19:44:46.511  1301  1301 W ipacm   : type=1400 audit(0.0:6651891): avc: denied { write } for name="ipacm_log_file" dev="tmpfs" ino=28733 scontext=u:r:ipacm:s0 tcontext=u:object_r:ipacm_socket:s0 tclass=sock_file permissive=0
07-03 19:44:46.511  1301  1301 I chatty  : uid=1001(radio) /system/vendor/bin/ipacm identical 3 lines
07-03 19:44:46.511  1301  1301 W ipacm   : type=1400 audit(0.0:6651895): avc: denied { write } for name="ipacm_log_file" dev="tmpfs" ino=28733 scontext=u:r:ipacm:s0 tcontext=u:object_r:ipacm_socket:s0 tclass=sock_file permissive=0
07-03 19:44:46.527  1631  1642 W System  : A resource failed to call release. 
07-03 19:44:46.535  1631  1642 I chatty  : uid=1000(system) FinalizerDaemon identical 67 lines
07-03 19:44:46.537  1631  1642 W System  : A resource failed to call release. 
07-03 19:44:46.537  1631  1642 W System  : A resource failed to call close. 
07-03 19:44:46.537  1631  1642 W System  : A resource failed to call close. 
07-03 19:44:47.174  1631  2466 D CompatibilityInfo: mCompatibilityFlags - 0
07-03 19:44:47.174  1631  2466 D CompatibilityInfo: applicationDensity - 420
07-03 19:44:47.174  1631  2466 D CompatibilityInfo: applicationScale - 1.0
07-03 19:44:47.176 11153 11155 I cmd     : oneway function results will be dropped but finished with status OK and parcel size 4
07-03 19:44:47.179 11059 11059 I BatteryMgr:DataCollectionService: onStartCommand: begin
07-03 19:44:47.179 11059 11059 I BatteryMgr:DataCollectionService: onStartCommand: sampleRate => 1000
07-03 19:44:47.179 11059 11059 I BatteryMgr:DataCollectionService: onStartCommand: rawFields => Timestamp,BATTERY_PROPERTY_CURRENT_NOW,EXTRA_VOLTAGE
07-03 19:44:47.180 11059 11059 I BatteryMgr:DataCollectionService: onStartCommand: notification done
07-03 19:44:47.182  1631  2466 D CompatibilityChangeReporter: Compat change id reported: 136219221; UID 10200; state: ENABLED
07-03 19:44:47.182 11059 11059 I BatteryMgr:DataCollectionService: started foreground
07-03 19:44:47.190 11059 11156 I BatteryMgr:DataCollectionService: collectData: begin
07-03 19:44:47.192 11059 11156 I BatteryMgr:DataCollectionService: stats => 1688406287192,-258788,4300
07-03 19:44:47.420 11105 11121 W System  : A resource failed to call close. 
07-03 19:44:47.551  1301  1301 W ipacm   : type=1400 audit(0.0:6651951): avc: denied { write } for name="ipacm_log_file" dev="tmpfs" ino=28733 scontext=u:r:ipacm:s0 tcontext=u:object_r:ipacm_socket:s0 tclass=sock_file permissive=0
07-03 19:44:47.551  1301  1301 I chatty  : uid=1001(radio) /system/vendor/bin/ipacm identical 3 lines
07-03 19:44:47.551  1301  1301 W ipacm   : type=1400 audit(0.0:6651955): avc: denied { write } for name="ipacm_log_file" dev="tmpfs" ino=28733 scontext=u:r:ipacm:s0 tcontext=u:object_r:ipacm_socket:s0 tclass=sock_file permissive=0
07-03 19:44:48.196 11059 11156 I BatteryMgr:DataCollectionService: stats => 1688406288196,-258788,4300
07-03 19:44:48.591  1301  1301 W ipacm   : type=1400 audit(0.0:6652103): avc: denied { write } for name="ipacm_log_file" dev="tmpfs" ino=28733 scontext=u:r:ipacm:s0 tcontext=u:object_r:ipacm_socket:s0 tclass=sock_file permissive=0
07-03 19:44:48.591  1301  1301 I chatty  : uid=1001(radio) /system/vendor/bin/ipacm identical 3 lines
07-03 19:44:48.591  1301  1301 W ipacm   : type=1400 audit(0.0:6652107): avc: denied { write } for name="ipacm_log_file" dev="tmpfs" ino=28733 scontext=u:r:ipacm:s0 tcontext=u:object_r:ipacm_socket:s0 tclass=sock_file permissive=0
07-03 19:44:49.211 11059 11156 I BatteryMgr:DataCollectionService: stats => 1688406289211,-198730,4300
07-03 19:44:49.811  1301  1301 W ipacm   : type=1400 audit(0.0:6652238): avc: denied { write } for name="ipacm_log_file" dev="tmpfs" ino=28733 scontext=u:r:ipacm:s0 tcontext=u:object_r:ipacm_socket:s0 tclass=sock_file permissive=0
07-03 19:44:49.811  1301  1301 I chatty  : uid=1001(radio) /system/vendor/bin/ipacm identical 3 lines
07-03 19:44:49.811  1301  1301 W ipacm   : type=1400 audit(0.0:6652242): avc: denied { write } for name="ipacm_log_file" dev="tmpfs" ino=28733 scontext=u:r:ipacm:s0 tcontext=u:object_r:ipacm_socket:s0 tclass=sock_file permissive=0
07-03 19:44:50.227 11059 11156 I BatteryMgr:DataCollectionService: stats => 1688406290227,-200195,4300
07-03 19:44:50.337 11059 11166 D ProfileInstaller: Installing profile for com.example.batterymanager_utility
07-03 19:44:50.991  1301  1301 W ipacm   : type=1400 audit(0.0:6652280): avc: denied { write } for name="ipacm_log_file" dev="tmpfs" ino=28733 scontext=u:r:ipacm:s0 tcontext=u:object_r:ipacm_socket:s0 tclass=sock_file permissive=0
07-03 19:44:50.991  1301  1301 I chatty  : uid=1001(radio) /system/vendor/bin/ipacm identical 3 lines
07-03 19:44:50.991  1301  1301 W ipacm   : type=1400 audit(0.0:6652284): avc: denied { write } for name="ipacm_log_file" dev="tmpfs" ino=28733 scontext=u:r:ipacm:s0 tcontext=u:object_r:ipacm_socket:s0 tclass=sock_file permissive=0
07-03 19:44:51.244 11059 11156 I BatteryMgr:DataCollectionService: stats => 1688406291243,-204101,4300
07-03 19:44:52.031  1301  1301 W ipacm   : type=1400 audit(0.0:6652400): avc: denied { write } for name="ipacm_log_file" dev="tmpfs" ino=28733 scontext=u:r:ipacm:s0 tcontext=u:object_r:ipacm_socket:s0 tclass=sock_file permissive=0
07-03 19:44:52.031  1301  1301 I chatty  : uid=1001(radio) /system/vendor/bin/ipacm identical 3 lines
07-03 19:44:52.031  1301  1301 W ipacm   : type=1400 audit(0.0:6652404): avc: denied { write } for name="ipacm_log_file" dev="tmpfs" ino=28733 scontext=u:r:ipacm:s0 tcontext=u:object_r:ipacm_socket:s0 tclass=sock_file permissive=0
07-03 19:44:52.254 11059 11156 I BatteryMgr:DataCollectionService: stats => 1688406292253,-204101,4300
07-03 19:44:53.071  1301  1301 W ipacm   : type=1400 audit(0.0:6652511): avc: denied { write } for name="ipacm_log_file" dev="tmpfs" ino=28733 scontext=u:r:ipacm:s0 tcontext=u:object_r:ipacm_socket:s0 tclass=sock_file permissive=0
07-03 19:44:53.071  1301  1301 I chatty  : uid=1001(radio) /system/vendor/bin/ipacm identical 3 lines
07-03 19:44:53.071  1301  1301 W ipacm   : type=1400 audit(0.0:6652515): avc: denied { write } for name="ipacm_log_file" dev="tmpfs" ino=28733 scontext=u:r:ipacm:s0 tcontext=u:object_r:ipacm_socket:s0 tclass=sock_file permissive=0
07-03 19:44:53.262 11059 11156 I BatteryMgr:DataCollectionService: stats => 1688406293262,-118652,4300
07-03 19:44:54.111  1301  1301 W ipacm   : type=1400 audit(0.0:6652601): avc: denied { write } for name="ipacm_log_file" dev="tmpfs" ino=28733 scontext=u:r:ipacm:s0 tcontext=u:object_r:ipacm_socket:s0 tclass=sock_file permissive=0
07-03 19:44:54.111  1301  1301 I chatty  : uid=1001(radio) /system/vendor/bin/ipacm identical 3 lines
07-03 19:44:54.111  1301  1301 W ipacm   : type=1400 audit(0.0:6652605): avc: denied { write } for name="ipacm_log_file" dev="tmpfs" ino=28733 scontext=u:r:ipacm:s0 tcontext=u:object_r:ipacm_socket:s0 tclass=sock_file permissive=0
07-03 19:44:54.271 11059 11156 I BatteryMgr:DataCollectionService: stats => 1688406294271,-128417,4300
07-03 19:44:55.286 11059 11156 I BatteryMgr:DataCollectionService: stats => 1688406295286,-128417,4300
07-03 19:44:55.541  1301  1301 W ipacm   : type=1400 audit(0.0:6652724): avc: denied { write } for name="ipacm_log_file" dev="tmpfs" ino=28733 scontext=u:r:ipacm:s0 tcontext=u:object_r:ipacm_socket:s0 tclass=sock_file permissive=0
07-03 19:44:55.541  1301  1301 I chatty  : uid=1001(radio) /system/vendor/bin/ipacm identical 3 lines
07-03 19:44:55.541  1301  1301 W ipacm   : type=1400 audit(0.0:6652728): avc: denied { write } for name="ipacm_log_file" dev="tmpfs" ino=28733 scontext=u:r:ipacm:s0 tcontext=u:object_r:ipacm_socket:s0 tclass=sock_file permissive=0
07-03 19:44:56.302 11059 11156 I BatteryMgr:DataCollectionService: stats => 1688406296302,-201660,4300
07-03 19:44:56.571  1301  1301 W ipacm   : type=1400 audit(0.0:6652808): avc: denied { write } for name="ipacm_log_file" dev="tmpfs" ino=28733 scontext=u:r:ipacm:s0 tcontext=u:object_r:ipacm_socket:s0 tclass=sock_file permissive=0
07-03 19:44:56.571  1301  1301 I chatty  : uid=1001(radio) /system/vendor/bin/ipacm identical 3 lines
07-03 19:44:56.571  1301  1301 W ipacm   : type=1400 audit(0.0:6652812): avc: denied { write } for name="ipacm_log_file" dev="tmpfs" ino=28733 scontext=u:r:ipacm:s0 tcontext=u:object_r:ipacm_socket:s0 tclass=sock_file permissive=0
07-03 19:44:57.317 11059 11156 I BatteryMgr:DataCollectionService: stats => 1688406297317,-113281,4300
07-03 19:44:57.951  1301  1301 W ipacm   : type=1400 audit(0.0:6652856): avc: denied { write } for name="ipacm_log_file" dev="tmpfs" ino=28733 scontext=u:r:ipacm:s0 tcontext=u:object_r:ipacm_socket:s0 tclass=sock_file permissive=0
07-03 19:44:57.951  1301  1301 I chatty  : uid=1001(radio) /system/vendor/bin/ipacm identical 3 lines
07-03 19:44:57.951  1301  1301 W ipacm   : type=1400 audit(0.0:6652860): avc: denied { write } for name="ipacm_log_file" dev="tmpfs" ino=28733 scontext=u:r:ipacm:s0 tcontext=u:object_r:ipacm_socket:s0 tclass=sock_file permissive=0
07-03 19:44:58.331 11059 11156 I BatteryMgr:DataCollectionService: stats => 1688406298331,-113281,4300
07-03 19:44:58.991  1301  1301 W ipacm   : type=1400 audit(0.0:6652958): avc: denied { write } for name="ipacm_log_file" dev="tmpfs" ino=28733 scontext=u:r:ipacm:s0 tcontext=u:object_r:ipacm_socket:s0 tclass=sock_file permissive=0
07-03 19:44:58.991  1301  1301 I chatty  : uid=1001(radio) /system/vendor/bin/ipacm identical 3 lines
07-03 19:44:58.991  1301  1301 W ipacm   : type=1400 audit(0.0:6652962): avc: denied { write } for name="ipacm_log_file" dev="tmpfs" ino=28733 scontext=u:r:ipacm:s0 tcontext=u:object_r:ipacm_socket:s0 tclass=sock_file permissive=0
07-03 19:44:59.341 11059 11156 I BatteryMgr:DataCollectionService: stats => 1688406299341,-135253,4300
07-03 19:45:00.004  3613  3613 D KeyguardUpdateMonitor: received broadcast android.intent.action.TIME_TICK
07-03 19:45:00.011  3613  3613 D KeyguardUpdateMonitor: handleTimeUpdate
07-03 19:45:00.031  1301  1301 W ipacm   : type=1400 audit(0.0:6653066): avc: denied { write } for name="ipacm_log_file" dev="tmpfs" ino=28733 scontext=u:r:ipacm:s0 tcontext=u:object_r:ipacm_socket:s0 tclass=sock_file permissive=0
07-03 19:45:00.031  1301  1301 I chatty  : uid=1001(radio) /system/vendor/bin/ipacm identical 3 lines
07-03 19:45:00.031  1301  1301 W ipacm   : type=1400 audit(0.0:6653070): avc: denied { write } for name="ipacm_log_file" dev="tmpfs" ino=28733 scontext=u:r:ipacm:s0 tcontext=u:object_r:ipacm_socket:s0 tclass=sock_file permissive=0
07-03 19:45:00.356 11059 11156 I BatteryMgr:DataCollectionService: stats => 1688406300356,-205566,4300
07-03 19:45:00.478 20281 20281 D BoundBrokerSvc: onUnbind: Intent { act=com.google.android.gms.inappreach.service.START dat=chimera-action: cmp=com.google.android.gms/.chimera.GmsApiService }
07-03 19:45:01.371 11059 11156 I BatteryMgr:DataCollectionService: stats => 1688406301370,-205566,4300
07-03 19:45:01.631  1301  1301 W ipacm   : type=1400 audit(0.0:6653144): avc: denied { write } for name="ipacm_log_file" dev="tmpfs" ino=28733 scontext=u:r:ipacm:s0 tcontext=u:object_r:ipacm_socket:s0 tclass=sock_file permissive=0
07-03 19:45:01.631  1301  1301 I chatty  : uid=1001(radio) /system/vendor/bin/ipacm identical 3 lines
07-03 19:45:01.631  1301  1301 W ipacm   : type=1400 audit(0.0:6653148): avc: denied { write } for name="ipacm_log_file" dev="tmpfs" ino=28733 scontext=u:r:ipacm:s0 tcontext=u:object_r:ipacm_socket:s0 tclass=sock_file permissive=0
07-03 19:45:02.385 11059 11156 I BatteryMgr:DataCollectionService: stats => 1688406302385,-126953,4300
07-03 19:45:02.671  1301  1301 W ipacm   : type=1400 audit(0.0:6653228): avc: denied { write } for name="ipacm_log_file" dev="tmpfs" ino=28733 scontext=u:r:ipacm:s0 tcontext=u:object_r:ipacm_socket:s0 tclass=sock_file permissive=0
07-03 19:45:02.711  1301  1301 I chatty  : uid=1001(radio) /system/vendor/bin/ipacm identical 3 lines
07-03 19:45:02.711  1301  1301 W ipacm   : type=1400 audit(0.0:6653232): avc: denied { write } for name="ipacm_log_file" dev="tmpfs" ino=28733 scontext=u:r:ipacm:s0 tcontext=u:object_r:ipacm_socket:s0 tclass=sock_file permissive=0
07-03 19:45:03.400 11059 11156 I BatteryMgr:DataCollectionService: stats => 1688406303400,-118652,4300
07-03 19:45:03.931  1301  1301 W ipacm   : type=1400 audit(0.0:6653354): avc: denied { write } for name="ipacm_log_file" dev="tmpfs" ino=28733 scontext=u:r:ipacm:s0 tcontext=u:object_r:ipacm_socket:s0 tclass=sock_file permissive=0
07-03 19:45:03.931  1301  1301 I chatty  : uid=1001(radio) /system/vendor/bin/ipacm identical 3 lines
07-03 19:45:03.931  1301  1301 W ipacm   : type=1400 audit(0.0:6653358): avc: denied { write } for name="ipacm_log_file" dev="tmpfs" ino=28733 scontext=u:r:ipacm:s0 tcontext=u:object_r:ipacm_socket:s0 tclass=sock_file permissive=0
07-03 19:45:04.409 11059 11156 I BatteryMgr:DataCollectionService: stats => 1688406304409,-196288,4300
07-03 19:45:05.419 11059 11156 I BatteryMgr:DataCollectionService: stats => 1688406305419,-196288,4300
07-03 19:45:05.471  1301  1301 W ipacm   : type=1400 audit(0.0:6653493): avc: denied { write } for name="ipacm_log_file" dev="tmpfs" ino=28733 scontext=u:r:ipacm:s0 tcontext=u:object_r:ipacm_socket:s0 tclass=sock_file permissive=0
07-03 19:45:05.551  1301  1301 I chatty  : uid=1001(radio) /system/vendor/bin/ipacm identical 3 lines
07-03 19:45:05.551  1301  1301 W ipacm   : type=1400 audit(0.0:6653497): avc: denied { write } for name="ipacm_log_file" dev="tmpfs" ino=28733 scontext=u:r:ipacm:s0 tcontext=u:object_r:ipacm_socket:s0 tclass=sock_file permissive=0
07-03 19:45:06.428 11059 11156 I BatteryMgr:DataCollectionService: stats => 1688406306428,-120117,4300
07-03 19:45:06.591  1301  1301 W ipacm   : type=1400 audit(0.0:6653635): avc: denied { write } for name="ipacm_log_file" dev="tmpfs" ino=28733 scontext=u:r:ipacm:s0 tcontext=u:object_r:ipacm_socket:s0 tclass=sock_file permissive=0
07-03 19:45:06.591  1301  1301 I chatty  : uid=1001(radio) /system/vendor/bin/ipacm identical 3 lines
07-03 19:45:06.591  1301  1301 W ipacm   : type=1400 audit(0.0:6653639): avc: denied { write } for name="ipacm_log_file" dev="tmpfs" ino=28733 scontext=u:r:ipacm:s0 tcontext=u:object_r:ipacm_socket:s0 tclass=sock_file permissive=0
07-03 19:45:07.444 11059 11156 I BatteryMgr:DataCollectionService: stats => 1688406307443,-118652,4300
07-03 19:45:08.031  1301  1301 W ipacm   : type=1400 audit(0.0:6653701): avc: denied { write } for name="ipacm_log_file" dev="tmpfs" ino=28733 scontext=u:r:ipacm:s0 tcontext=u:object_r:ipacm_socket:s0 tclass=sock_file permissive=0
07-03 19:45:08.031  1301  1301 I chatty  : uid=1001(radio) /system/vendor/bin/ipacm identical 3 lines
07-03 19:45:08.031  1301  1301 W ipacm   : type=1400 audit(0.0:6653705): avc: denied { write } for name="ipacm_log_file" dev="tmpfs" ino=28733 scontext=u:r:ipacm:s0 tcontext=u:object_r:ipacm_socket:s0 tclass=sock_file permissive=0
07-03 19:45:08.461 11059 11156 I BatteryMgr:DataCollectionService: stats => 1688406308461,-118652,4300
07-03 19:45:09.051  1301  1301 W ipacm   : type=1400 audit(0.0:6653812): avc: denied { write } for name="ipacm_log_file" dev="tmpfs" ino=28733 scontext=u:r:ipacm:s0 tcontext=u:object_r:ipacm_socket:s0 tclass=sock_file permissive=0
07-03 19:45:09.051  1301  1301 I chatty  : uid=1001(radio) /system/vendor/bin/ipacm identical 3 lines
07-03 19:45:09.051  1301  1301 W ipacm   : type=1400 audit(0.0:6653816): avc: denied { write } for name="ipacm_log_file" dev="tmpfs" ino=28733 scontext=u:r:ipacm:s0 tcontext=u:object_r:ipacm_socket:s0 tclass=sock_file permissive=0
07-03 19:45:09.471 11059 11156 I BatteryMgr:DataCollectionService: stats => 1688406309471,-208495,4300
07-03 19:45:10.071  1301  1301 W ipacm   : type=1400 audit(0.0:6653941): avc: denied { write } for name="ipacm_log_file" dev="tmpfs" ino=28733 scontext=u:r:ipacm:s0 tcontext=u:object_r:ipacm_socket:s0 tclass=sock_file permissive=0
07-03 19:45:10.071  1301  1301 I chatty  : uid=1001(radio) /system/vendor/bin/ipacm identical 3 lines
07-03 19:45:10.071  1301  1301 W ipacm   : type=1400 audit(0.0:6653945): avc: denied { write } for name="ipacm_log_file" dev="tmpfs" ino=28733 scontext=u:r:ipacm:s0 tcontext=u:object_r:ipacm_socket:s0 tclass=sock_file permissive=0
07-03 19:45:10.486 11059 11156 I BatteryMgr:DataCollectionService: stats => 1688406310485,-199218,4300
07-03 19:45:11.101  1301  1301 W ipacm   : type=1400 audit(0.0:6654043): avc: denied { write } for name="ipacm_log_file" dev="tmpfs" ino=28733 scontext=u:r:ipacm:s0 tcontext=u:object_r:ipacm_socket:s0 tclass=sock_file permissive=0
07-03 19:45:11.391  1301  1301 I chatty  : uid=1001(radio) /system/vendor/bin/ipacm identical 3 lines
07-03 19:45:11.391  1301  1301 W ipacm   : type=1400 audit(0.0:6654047): avc: denied { write } for name="ipacm_log_file" dev="tmpfs" ino=28733 scontext=u:r:ipacm:s0 tcontext=u:object_r:ipacm_socket:s0 tclass=sock_file permissive=0
07-03 19:45:11.496 11059 11156 I BatteryMgr:DataCollectionService: stats => 1688406311496,-199218,4300
07-03 19:45:12.111  1301  1301 W ipacm   : type=1400 audit(0.0:6654132): avc: denied { write } for name="ipacm_log_file" dev="tmpfs" ino=28733 scontext=u:r:ipacm:s0 tcontext=u:object_r:ipacm_socket:s0 tclass=sock_file permissive=0
07-03 19:45:12.111  1301  1301 I chatty  : uid=1001(radio) /system/vendor/bin/ipacm identical 3 lines
07-03 19:45:12.111  1301  1301 W ipacm   : type=1400 audit(0.0:6654136): avc: denied { write } for name="ipacm_log_file" dev="tmpfs" ino=28733 scontext=u:r:ipacm:s0 tcontext=u:object_r:ipacm_socket:s0 tclass=sock_file permissive=0
07-03 19:45:12.509 11059 11156 I BatteryMgr:DataCollectionService: stats => 1688406312509,-148925,4300
07-03 19:45:13.141  1301  1301 W ipacm   : type=1400 audit(0.0:6654234): avc: denied { write } for name="ipacm_log_file" dev="tmpfs" ino=28733 scontext=u:r:ipacm:s0 tcontext=u:object_r:ipacm_socket:s0 tclass=sock_file permissive=0
07-03 19:45:13.141  1301  1301 I chatty  : uid=1001(radio) /system/vendor/bin/ipacm identical 3 lines
07-03 19:45:13.141  1301  1301 W ipacm   : type=1400 audit(0.0:6654238): avc: denied { write } for name="ipacm_log_file" dev="tmpfs" ino=28733 scontext=u:r:ipacm:s0 tcontext=u:object_r:ipacm_socket:s0 tclass=sock_file permissive=0
07-03 19:45:13.524 11059 11156 I BatteryMgr:DataCollectionService: stats => 1688406313524,-157226,4300
07-03 19:45:14.171  1301  1301 W ipacm   : type=1400 audit(0.0:6654404): avc: denied { write } for name="ipacm_log_file" dev="tmpfs" ino=28733 scontext=u:r:ipacm:s0 tcontext=u:object_r:ipacm_socket:s0 tclass=sock_file permissive=0
07-03 19:45:14.171  1301  1301 I chatty  : uid=1001(radio) /system/vendor/bin/ipacm identical 3 lines
07-03 19:45:14.171  1301  1301 W ipacm   : type=1400 audit(0.0:6654408): avc: denied { write } for name="ipacm_log_file" dev="tmpfs" ino=28733 scontext=u:r:ipacm:s0 tcontext=u:object_r:ipacm_socket:s0 tclass=sock_file permissive=0
07-03 19:45:14.540 11059 11156 I BatteryMgr:DataCollectionService: stats => 1688406314540,-157226,4300
07-03 19:45:15.231  1301  1301 W ipacm   : type=1400 audit(0.0:6654521): avc: denied { write } for name="ipacm_log_file" dev="tmpfs" ino=28733 scontext=u:r:ipacm:s0 tcontext=u:object_r:ipacm_socket:s0 tclass=sock_file permissive=0
07-03 19:45:15.231  1301  1301 I chatty  : uid=1001(radio) /system/vendor/bin/ipacm identical 3 lines
07-03 19:45:15.231  1301  1301 W ipacm   : type=1400 audit(0.0:6654525): avc: denied { write } for name="ipacm_log_file" dev="tmpfs" ino=28733 scontext=u:r:ipacm:s0 tcontext=u:object_r:ipacm_socket:s0 tclass=sock_file permissive=0
07-03 19:45:15.552 11059 11156 I BatteryMgr:DataCollectionService: stats => 1688406315552,-122070,4300
07-03 19:45:16.421  1301  1301 W ipacm   : type=1400 audit(0.0:6654623): avc: denied { write } for name="ipacm_log_file" dev="tmpfs" ino=28733 scontext=u:r:ipacm:s0 tcontext=u:object_r:ipacm_socket:s0 tclass=sock_file permissive=0
07-03 19:45:16.421  1301  1301 I chatty  : uid=1001(radio) /system/vendor/bin/ipacm identical 3 lines
07-03 19:45:16.421  1301  1301 W ipacm   : type=1400 audit(0.0:6654627): avc: denied { write } for name="ipacm_log_file" dev="tmpfs" ino=28733 scontext=u:r:ipacm:s0 tcontext=u:object_r:ipacm_socket:s0 tclass=sock_file permissive=0
07-03 19:45:16.567 11059 11156 I BatteryMgr:DataCollectionService: stats => 1688406316567,-108886,4300
07-03 19:45:17.471  1301  1301 W ipacm   : type=1400 audit(0.0:6654635): avc: denied { write } for name="ipacm_log_file" dev="tmpfs" ino=28733 scontext=u:r:ipacm:s0 tcontext=u:object_r:ipacm_socket:s0 tclass=sock_file permissive=0
07-03 19:45:17.471  1301  1301 I chatty  : uid=1001(radio) /system/vendor/bin/ipacm identical 3 lines
07-03 19:45:17.471  1301  1301 W ipacm   : type=1400 audit(0.0:6654639): avc: denied { write } for name="ipacm_log_file" dev="tmpfs" ino=28733 scontext=u:r:ipacm:s0 tcontext=u:object_r:ipacm_socket:s0 tclass=sock_file permissive=0
07-03 19:45:17.582 11059 11156 I BatteryMgr:DataCollectionService: stats => 1688406317582,-108886,4300
07-03 19:45:18.571  1301  1301 W ipacm   : type=1400 audit(0.0:6654722): avc: denied { write } for name="ipacm_log_file" dev="tmpfs" ino=28733 scontext=u:r:ipacm:s0 tcontext=u:object_r:ipacm_socket:s0 tclass=sock_file permissive=0
07-03 19:45:18.571  1301  1301 I chatty  : uid=1001(radio) /system/vendor/bin/ipacm identical 3 lines
07-03 19:45:18.571  1301  1301 W ipacm   : type=1400 audit(0.0:6654726): avc: denied { write } for name="ipacm_log_file" dev="tmpfs" ino=28733 scontext=u:r:ipacm:s0 tcontext=u:object_r:ipacm_socket:s0 tclass=sock_file permissive=0
07-03 19:45:18.590 11059 11156 I BatteryMgr:DataCollectionService: stats => 1688406318590,-128417,4300
07-03 19:45:19.606 11059 11156 I BatteryMgr:DataCollectionService: stats => 1688406319606,-151855,4300
07-03 19:45:19.871  1301  1301 W ipacm   : type=1400 audit(0.0:6654851): avc: denied { write } for name="ipacm_log_file" dev="tmpfs" ino=28733 scontext=u:r:ipacm:s0 tcontext=u:object_r:ipacm_socket:s0 tclass=sock_file permissive=0
07-03 19:45:19.871  1301  1301 I chatty  : uid=1001(radio) /system/vendor/bin/ipacm identical 3 lines
07-03 19:45:19.871  1301  1301 W ipacm   : type=1400 audit(0.0:6654855): avc: denied { write } for name="ipacm_log_file" dev="tmpfs" ino=28733 scontext=u:r:ipacm:s0 tcontext=u:object_r:ipacm_socket:s0 tclass=sock_file permissive=0
07-03 19:45:20.619 11059 11156 I BatteryMgr:DataCollectionService: stats => 1688406320618,-189453,4300
07-03 19:45:20.921  1301  1301 W ipacm   : type=1400 audit(0.0:6654956): avc: denied { write } for name="ipacm_log_file" dev="tmpfs" ino=28733 scontext=u:r:ipacm:s0 tcontext=u:object_r:ipacm_socket:s0 tclass=sock_file permissive=0
07-03 19:45:20.921  1301  1301 I chatty  : uid=1001(radio) /system/vendor/bin/ipacm identical 3 lines
07-03 19:45:20.921  1301  1301 W ipacm   : type=1400 audit(0.0:6654960): avc: denied { write } for name="ipacm_log_file" dev="tmpfs" ino=28733 scontext=u:r:ipacm:s0 tcontext=u:object_r:ipacm_socket:s0 tclass=sock_file permissive=0
07-03 19:45:21.635 11059 11156 I BatteryMgr:DataCollectionService: stats => 1688406321634,-189453,4300
07-03 19:45:21.951  1301  1301 W ipacm   : type=1400 audit(0.0:6655013): avc: denied { write } for name="ipacm_log_file" dev="tmpfs" ino=28733 scontext=u:r:ipacm:s0 tcontext=u:object_r:ipacm_socket:s0 tclass=sock_file permissive=0
07-03 19:45:21.951  1301  1301 I chatty  : uid=1001(radio) /system/vendor/bin/ipacm identical 3 lines
07-03 19:45:21.951  1301  1301 W ipacm   : type=1400 audit(0.0:6655017): avc: denied { write } for name="ipacm_log_file" dev="tmpfs" ino=28733 scontext=u:r:ipacm:s0 tcontext=u:object_r:ipacm_socket:s0 tclass=sock_file permissive=0
07-03 19:45:22.650 11059 11156 I BatteryMgr:DataCollectionService: stats => 1688406322649,-135253,4300
07-03 19:45:23.071  1301  1301 W ipacm   : type=1400 audit(0.0:6655082): avc: denied { write } for name="ipacm_log_file" dev="tmpfs" ino=28733 scontext=u:r:ipacm:s0 tcontext=u:object_r:ipacm_socket:s0 tclass=sock_file permissive=0
07-03 19:45:23.071  1301  1301 I chatty  : uid=1001(radio) /system/vendor/bin/ipacm identical 3 lines
07-03 19:45:23.071  1301  1301 W ipacm   : type=1400 audit(0.0:6655086): avc: denied { write } for name="ipacm_log_file" dev="tmpfs" ino=28733 scontext=u:r:ipacm:s0 tcontext=u:object_r:ipacm_socket:s0 tclass=sock_file permissive=0
07-03 19:45:23.663 11059 11156 I BatteryMgr:DataCollectionService: stats => 1688406323662,-197753,4300
07-03 19:45:24.101  1301  1301 W ipacm   : type=1400 audit(0.0:6655160): avc: denied { write } for name="ipacm_log_file" dev="tmpfs" ino=28733 scontext=u:r:ipacm:s0 tcontext=u:object_r:ipacm_socket:s0 tclass=sock_file permissive=0
07-03 19:45:24.101  1301  1301 I chatty  : uid=1001(radio) /system/vendor/bin/ipacm identical 3 lines
07-03 19:45:24.101  1301  1301 W ipacm   : type=1400 audit(0.0:6655164): avc: denied { write } for name="ipacm_log_file" dev="tmpfs" ino=28733 scontext=u:r:ipacm:s0 tcontext=u:object_r:ipacm_socket:s0 tclass=sock_file permissive=0
07-03 19:45:24.675 11059 11156 I BatteryMgr:DataCollectionService: stats => 1688406324675,-197753,4300
07-03 19:45:25.221  1301  1301 W ipacm   : type=1400 audit(0.0:6655298): avc: denied { write } for name="ipacm_log_file" dev="tmpfs" ino=28733 scontext=u:r:ipacm:s0 tcontext=u:object_r:ipacm_socket:s0 tclass=sock_file permissive=0
