07-12 16:12:58.658  5445  5580 I BatteryMgr:DataCollectionService: stats => 1689171178658,-105,4160
07-12 16:12:58.660  5445  5580 I BatteryMgr:DataCollectionService: stats => 1689171178660,-105,4160
07-12 16:12:58.663  5445  5580 I BatteryMgr:DataCollectionService: stats => 1689171178663,-105,4160
07-12 16:12:58.665  5445  5580 I BatteryMgr:DataCollectionService: stats => 1689171178665,-105,4160
07-12 16:12:58.668  5445  5580 I BatteryMgr:DataCollectionService: stats => 1689171178668,-105,4160
07-12 16:12:58.670  5445  5580 I BatteryMgr:DataCollectionService: stats => 1689171178670,-105,4160
07-12 16:12:58.672  5445  5580 I BatteryMgr:DataCollectionService: stats => 1689171178672,-105,4160
07-12 16:12:58.675  5445  5580 I BatteryMgr:DataCollectionService: stats => 1689171178675,-105,4160
07-12 16:12:58.677  5445  5580 I BatteryMgr:DataCollectionService: stats => 1689171178677,-105,4160
07-12 16:12:58.680  5445  5580 I BatteryMgr:DataCollectionService: stats => 1689171178680,-105,4160
07-12 16:12:58.682  5445  5580 I BatteryMgr:DataCollectionService: stats => 1689171178682,-105,4160
07-12 16:12:58.685  5445  5580 I BatteryMgr:DataCollectionService: stats => 1689171178685,-105,4160
07-12 16:12:58.687  5445  5580 I BatteryMgr:DataCollectionService: stats => 1689171178687,-105,4160
07-12 16:12:58.690  5445  5580 I BatteryMgr:DataCollectionService: stats => 1689171178690,-105,4160
07-12 16:12:58.692  5445  5580 I BatteryMgr:DataCollectionService: stats => 1689171178692,-105,4160
07-12 16:12:58.695  5445  5580 I BatteryMgr:DataCollectionService: stats => 1689171178695,-105,4160
07-12 16:12:58.697  5445  5580 I BatteryMgr:DataCollectionService: stats => 1689171178697,-105,4160
07-12 16:12:58.700  5445  5580 I BatteryMgr:DataCollectionService: stats => 1689171178700,-105,4160
07-12 16:12:58.702  5445  5580 I BatteryMgr:DataCollectionService: stats => 1689171178702,-105,4160
07-12 16:12:58.705  5445  5580 I BatteryMgr:DataCollectionService: stats => 1689171178704,-105,4160
07-12 16:12:58.707  5445  5580 I BatteryMgr:DataCollectionService: stats => 1689171178707,-105,4160
07-12 16:12:58.710  5445  5580 I BatteryMgr:DataCollectionService: stats => 1689171178710,-105,4160
07-12 16:12:58.712  5445  5580 I BatteryMgr:DataCollectionService: stats => 1689171178712,-105,4160
07-12 16:12:58.715  5445  5580 I BatteryMgr:DataCollectionService: stats => 1689171178715,-105,4160
07-12 16:12:58.717  5445  5580 I BatteryMgr:DataCollectionService: stats => 1689171178717,-105,4160
07-12 16:12:58.720  5445  5580 I BatteryMgr:DataCollectionService: stats => 1689171178720,-105,4160
07-12 16:12:58.723  5445  5580 I BatteryMgr:DataCollectionService: stats => 1689171178723,-105,4160
07-12 16:12:58.725  5445  5580 I BatteryMgr:DataCollectionService: stats => 1689171178725,-105,4160
07-12 16:12:58.728  5445  5580 I BatteryMgr:DataCollectionService: stats => 1689171178727,-105,4160
07-12 16:12:58.730  5445  5580 I BatteryMgr:DataCollectionService: stats => 1689171178730,-105,4160
07-12 16:12:58.733  5445  5580 I BatteryMgr:DataCollectionService: stats => 1689171178733,-105,4160
07-12 16:12:58.735  5445  5580 I BatteryMgr:DataCollectionService: stats => 1689171178735,-105,4160
07-12 16:12:58.738  5445  5580 I BatteryMgr:DataCollectionService: stats => 1689171178738,-105,4160
07-12 16:12:58.740  5445  5580 I BatteryMgr:DataCollectionService: stats => 1689171178740,-105,4160
07-12 16:12:58.743  5445  5580 I BatteryMgr:DataCollectionService: stats => 1689171178743,-105,4160
07-12 16:12:58.746  5445  5580 I BatteryMgr:DataCollectionService: stats => 1689171178746,-105,4160
07-12 16:12:58.749  5445  5580 I BatteryMgr:DataCollectionService: stats => 1689171178749,-105,4160
07-12 16:12:58.751  5445  5580 I BatteryMgr:DataCollectionService: stats => 1689171178751,-105,4160
07-12 16:12:58.754  5445  5580 I BatteryMgr:DataCollectionService: stats => 1689171178754,-105,4160
07-12 16:12:58.756  5445  5580 I BatteryMgr:DataCollectionService: stats => 1689171178756,-105,4160
07-12 16:12:58.759  5445  5580 I BatteryMgr:DataCollectionService: stats => 1689171178758,-105,4160
07-12 16:12:58.761  5445  5580 I BatteryMgr:DataCollectionService: stats => 1689171178761,-105,4160
07-12 16:12:58.763  5445  5580 I BatteryMgr:DataCollectionService: stats => 1689171178763,-105,4160
07-12 16:12:58.766  5445  5580 I BatteryMgr:DataCollectionService: stats => 1689171178766,-105,4160
07-12 16:12:58.768  5445  5580 I BatteryMgr:DataCollectionService: stats => 1689171178768,-105,4160
07-12 16:12:58.771  5445  5580 I BatteryMgr:DataCollectionService: stats => 1689171178771,-105,4160
07-12 16:12:58.773  5445  5580 I BatteryMgr:DataCollectionService: stats => 1689171178773,-105,4160
07-12 16:12:58.776  5445  5580 I BatteryMgr:DataCollectionService: stats => 1689171178776,-105,4160
07-12 16:12:58.778  5445  5580 I BatteryMgr:DataCollectionService: stats => 1689171178778,-105,4160
07-12 16:12:58.780  5445  5580 I BatteryMgr:DataCollectionService: stats => 1689171178780,-105,4160
07-12 16:12:58.783  5445  5580 I BatteryMgr:DataCollectionService: stats => 1689171178783,-105,4160
07-12 16:12:58.786  5445  5580 I BatteryMgr:DataCollectionService: stats => 1689171178786,-105,4160
07-12 16:12:58.789  5445  5580 I BatteryMgr:DataCollectionService: stats => 1689171178789,-105,4160
07-12 16:12:58.791  5445  5580 I BatteryMgr:DataCollectionService: stats => 1689171178791,-105,4160
07-12 16:12:58.794  5445  5580 I BatteryMgr:DataCollectionService: stats => 1689171178794,-105,4160
07-12 16:12:58.797  5445  5580 I BatteryMgr:DataCollectionService: stats => 1689171178797,-105,4160
07-12 16:12:58.799  5445  5580 I BatteryMgr:DataCollectionService: stats => 1689171178799,-105,4160
07-12 16:12:58.801  5445  5580 I BatteryMgr:DataCollectionService: stats => 1689171178801,-105,4160
07-12 16:12:58.803  5445  5580 I BatteryMgr:DataCollectionService: stats => 1689171178803,-105,4160
07-12 16:12:58.806  5445  5580 I BatteryMgr:DataCollectionService: stats => 1689171178806,-105,4160
07-12 16:12:58.808  5445  5580 I BatteryMgr:DataCollectionService: stats => 1689171178808,-105,4160
07-12 16:12:58.810  5445  5580 I BatteryMgr:DataCollectionService: stats => 1689171178810,-105,4160
07-12 16:12:58.812  5445  5580 I BatteryMgr:DataCollectionService: stats => 1689171178812,-105,4160
07-12 16:12:58.814  5445  5580 I BatteryMgr:DataCollectionService: stats => 1689171178813,-105,4160
07-12 16:12:58.816  5445  5580 I BatteryMgr:DataCollectionService: stats => 1689171178816,-105,4160
07-12 16:12:58.818  5445  5580 I BatteryMgr:DataCollectionService: stats => 1689171178817,-105,4160
07-12 16:12:58.820  5445  5580 I BatteryMgr:DataCollectionService: stats => 1689171178819,-105,4160
07-12 16:12:58.821  5445  5580 I BatteryMgr:DataCollectionService: stats => 1689171178821,-105,4160
07-12 16:12:58.823  5445  5580 I BatteryMgr:DataCollectionService: stats => 1689171178823,-105,4160
07-12 16:12:58.825  5445  5580 I BatteryMgr:DataCollectionService: stats => 1689171178825,-105,4160
07-12 16:12:58.828  5445  5580 I BatteryMgr:DataCollectionService: stats => 1689171178828,-105,4160
07-12 16:12:58.830  5445  5580 I BatteryMgr:DataCollectionService: stats => 1689171178830,-105,4160
07-12 16:12:58.832  5445  5580 I BatteryMgr:DataCollectionService: stats => 1689171178832,-105,4160
07-12 16:12:58.834  5445  5580 I BatteryMgr:DataCollectionService: stats => 1689171178834,-105,4160
07-12 16:12:58.836  5445  5580 I BatteryMgr:DataCollectionService: stats => 1689171178836,-105,4160
07-12 16:12:58.838  5445  5580 I BatteryMgr:DataCollectionService: stats => 1689171178838,-105,4160
07-12 16:12:58.840  5445  5580 I BatteryMgr:DataCollectionService: stats => 1689171178840,-105,4160
07-12 16:12:58.842  5445  5580 I BatteryMgr:DataCollectionService: stats => 1689171178842,-105,4160
07-12 16:12:58.844  5445  5580 I BatteryMgr:DataCollectionService: stats => 1689171178844,-105,4160
07-12 16:12:58.846  5445  5580 I BatteryMgr:DataCollectionService: stats => 1689171178846,-105,4160
07-12 16:12:58.848  5445  5580 I BatteryMgr:DataCollectionService: stats => 1689171178848,-105,4160
07-12 16:12:58.850  5445  5580 I BatteryMgr:DataCollectionService: stats => 1689171178850,-105,4160
07-12 16:12:58.852  5445  5580 I BatteryMgr:DataCollectionService: stats => 1689171178852,-105,4160
07-12 16:12:58.854  5445  5580 I BatteryMgr:DataCollectionService: stats => 1689171178854,-105,4160
07-12 16:12:58.856  5445  5580 I BatteryMgr:DataCollectionService: stats => 1689171178856,-105,4160
07-12 16:12:58.858  5445  5580 I BatteryMgr:DataCollectionService: stats => 1689171178857,-105,4160
07-12 16:12:58.860  5445  5580 I BatteryMgr:DataCollectionService: stats => 1689171178860,-105,4160
07-12 16:12:58.862  5445  5580 I BatteryMgr:DataCollectionService: stats => 1689171178862,-105,4160
07-12 16:12:58.864  5445  5580 I BatteryMgr:DataCollectionService: stats => 1689171178864,-105,4160
07-12 16:12:58.866  5445  5580 I BatteryMgr:DataCollectionService: stats => 1689171178866,-105,4160
07-12 16:12:58.868  5445  5580 I BatteryMgr:DataCollectionService: stats => 1689171178868,-105,4160
07-12 16:12:58.870  5445  5580 I BatteryMgr:DataCollectionService: stats => 1689171178869,-105,4160
07-12 16:12:58.872  5445  5580 I BatteryMgr:DataCollectionService: stats => 1689171178872,-105,4160
07-12 16:12:58.873  5445  5580 I BatteryMgr:DataCollectionService: stats => 1689171178873,-105,4160
07-12 16:12:58.875  5445  5580 I BatteryMgr:DataCollectionService: stats => 1689171178875,-105,4160
07-12 16:12:58.877  5445  5580 I BatteryMgr:DataCollectionService: stats => 1689171178877,-105,4160
07-12 16:12:58.879  5445  5580 I BatteryMgr:DataCollectionService: stats => 1689171178879,-105,4160
07-12 16:12:58.881  5445  5580 I BatteryMgr:DataCollectionService: stats => 1689171178881,-105,4160
07-12 16:12:58.883  5445  5580 I BatteryMgr:DataCollectionService: stats => 1689171178883,-105,4160
07-12 16:12:58.885  5445  5580 I BatteryMgr:DataCollectionService: stats => 1689171178885,-105,4160
07-12 16:12:58.887  5445  5580 I BatteryMgr:DataCollectionService: stats => 1689171178887,-105,4160
07-12 16:12:58.889  5445  5580 I BatteryMgr:DataCollectionService: stats => 1689171178889,-105,4160
07-12 16:12:58.891  5445  5580 I BatteryMgr:DataCollectionService: stats => 1689171178891,-105,4160
07-12 16:12:58.893  5445  5580 I BatteryMgr:DataCollectionService: stats => 1689171178893,-105,4160
07-12 16:12:58.896  5445  5580 I BatteryMgr:DataCollectionService: stats => 1689171178896,-105,4160
07-12 16:12:58.898  5445  5580 I BatteryMgr:DataCollectionService: stats => 1689171178898,-105,4160
07-12 16:12:58.900  5445  5580 I BatteryMgr:DataCollectionService: stats => 1689171178900,-105,4160
07-12 16:12:58.902  5445  5580 I BatteryMgr:DataCollectionService: stats => 1689171178902,-105,4160
07-12 16:12:58.904  5445  5580 I BatteryMgr:DataCollectionService: stats => 1689171178904,-105,4160
07-12 16:12:58.906  5445  5580 I BatteryMgr:DataCollectionService: stats => 1689171178906,-105,4160
07-12 16:12:58.908  5445  5580 I BatteryMgr:DataCollectionService: stats => 1689171178908,-105,4160
07-12 16:12:58.910  5445  5580 I BatteryMgr:DataCollectionService: stats => 1689171178910,-105,4160
07-12 16:12:58.912  5445  5580 I BatteryMgr:DataCollectionService: stats => 1689171178912,-105,4160
07-12 16:12:58.914  5445  5580 I BatteryMgr:DataCollectionService: stats => 1689171178914,-105,4160
07-12 16:12:58.916  5445  5580 I BatteryMgr:DataCollectionService: stats => 1689171178916,-105,4160
07-12 16:12:58.918  5445  5580 I BatteryMgr:DataCollectionService: stats => 1689171178918,-105,4160
07-12 16:12:58.921  5445  5580 I BatteryMgr:DataCollectionService: stats => 1689171178921,-105,4160
07-12 16:12:58.923  5445  5580 I BatteryMgr:DataCollectionService: stats => 1689171178923,-105,4160
07-12 16:12:58.926  5445  5580 I BatteryMgr:DataCollectionService: stats => 1689171178926,-105,4160
07-12 16:12:58.928  5445  5580 I BatteryMgr:DataCollectionService: stats => 1689171178928,-105,4160
07-12 16:12:58.931  5445  5580 I BatteryMgr:DataCollectionService: stats => 1689171178930,-105,4160
07-12 16:12:58.933  5445  5580 I BatteryMgr:DataCollectionService: stats => 1689171178933,-105,4160
07-12 16:12:58.935  5445  5580 I BatteryMgr:DataCollectionService: stats => 1689171178935,-105,4160
07-12 16:12:58.938  5445  5580 I BatteryMgr:DataCollectionService: stats => 1689171178938,-105,4160
07-12 16:12:58.940  5445  5580 I BatteryMgr:DataCollectionService: stats => 1689171178940,-105,4160
07-12 16:12:58.943  5445  5580 I BatteryMgr:DataCollectionService: stats => 1689171178942,-105,4160
07-12 16:12:58.945  5445  5580 I BatteryMgr:DataCollectionService: stats => 1689171178945,-105,4160
07-12 16:12:58.947  5445  5580 I BatteryMgr:DataCollectionService: stats => 1689171178947,-105,4160
07-12 16:12:58.950  5445  5580 I BatteryMgr:DataCollectionService: stats => 1689171178950,-105,4160
07-12 16:12:58.952  5445  5580 I BatteryMgr:DataCollectionService: stats => 1689171178952,-105,4160
07-12 16:12:58.955  5445  5580 I BatteryMgr:DataCollectionService: stats => 1689171178955,-105,4160
07-12 16:12:58.958  5445  5580 I BatteryMgr:DataCollectionService: stats => 1689171178958,-105,4160
07-12 16:12:58.960  5445  5580 I BatteryMgr:DataCollectionService: stats => 1689171178960,-105,4160
07-12 16:12:58.963  5445  5580 I BatteryMgr:DataCollectionService: stats => 1689171178963,-105,4160
07-12 16:12:58.965  5445  5580 I BatteryMgr:DataCollectionService: stats => 1689171178965,-105,4160
07-12 16:12:58.967  5445  5580 I BatteryMgr:DataCollectionService: stats => 1689171178967,-105,4160
07-12 16:12:58.970  5445  5580 I BatteryMgr:DataCollectionService: stats => 1689171178970,-105,4160
07-12 16:12:58.972  5445  5580 I BatteryMgr:DataCollectionService: stats => 1689171178972,-105,4160
07-12 16:12:58.975  5445  5580 I BatteryMgr:DataCollectionService: stats => 1689171178975,-105,4160
07-12 16:12:58.978  5445  5580 I BatteryMgr:DataCollectionService: stats => 1689171178978,-105,4160
07-12 16:12:58.980  5445  5580 I BatteryMgr:DataCollectionService: stats => 1689171178980,-105,4160
07-12 16:12:58.982  5445  5580 I BatteryMgr:DataCollectionService: stats => 1689171178982,-105,4160
07-12 16:12:58.984  5445  5580 I BatteryMgr:DataCollectionService: stats => 1689171178984,-105,4160
07-12 16:12:58.986  5445  5580 I BatteryMgr:DataCollectionService: stats => 1689171178986,-105,4160
07-12 16:12:58.988  5445  5580 I BatteryMgr:DataCollectionService: stats => 1689171178988,-105,4160
07-12 16:12:58.991  5445  5580 I BatteryMgr:DataCollectionService: stats => 1689171178991,-105,4160
07-12 16:12:58.993  5445  5580 I BatteryMgr:DataCollectionService: stats => 1689171178993,-105,4160
07-12 16:12:58.995  5445  5580 I BatteryMgr:DataCollectionService: stats => 1689171178995,-105,4160
07-12 16:12:58.996  3957  4328 E TaskPersister: File error accessing recents directory (directory doesn't exist?).
07-12 16:12:58.997  5445  5580 I BatteryMgr:DataCollectionService: stats => 1689171178997,-105,4160
07-12 16:12:58.999  5445  5580 I BatteryMgr:DataCollectionService: stats => 1689171178999,-105,4160
07-12 16:12:59.001  5445  5580 I BatteryMgr:DataCollectionService: stats => 1689171179001,-105,4160
07-12 16:12:59.003  5445  5580 I BatteryMgr:DataCollectionService: stats => 1689171179003,-105,4160
07-12 16:12:59.005  5445  5580 I BatteryMgr:DataCollectionService: stats => 1689171179005,-105,4160
07-12 16:12:59.007  5445  5580 I BatteryMgr:DataCollectionService: stats => 1689171179007,-105,4160
07-12 16:12:59.009  5445  5580 I BatteryMgr:DataCollectionService: stats => 1689171179009,-105,4160
07-12 16:12:59.011  5445  5580 I BatteryMgr:DataCollectionService: stats => 1689171179011,-105,4160
07-12 16:12:59.013  5445  5580 I BatteryMgr:DataCollectionService: stats => 1689171179013,-105,4160
07-12 16:12:59.015  5445  5580 I BatteryMgr:DataCollectionService: stats => 1689171179015,-105,4160
07-12 16:12:59.017  5445  5580 I BatteryMgr:DataCollectionService: stats => 1689171179017,-105,4160
07-12 16:12:59.019  5445  5580 I BatteryMgr:DataCollectionService: stats => 1689171179019,-105,4160
07-12 16:12:59.021  5445  5580 I BatteryMgr:DataCollectionService: stats => 1689171179021,-105,4160
07-12 16:12:59.023  5445  5580 I BatteryMgr:DataCollectionService: stats => 1689171179023,-105,4160
07-12 16:12:59.033  5445  5580 I BatteryMgr:DataCollectionService: stats => 1689171179033,-105,4160
07-12 16:12:59.035  5445  5580 I BatteryMgr:DataCollectionService: stats => 1689171179035,-105,4160
07-12 16:12:59.037  5445  5580 I BatteryMgr:DataCollectionService: stats => 1689171179037,-105,4160
07-12 16:12:59.039  5445  5580 I BatteryMgr:DataCollectionService: stats => 1689171179039,-105,4160
07-12 16:12:59.041  5445  5580 I BatteryMgr:DataCollectionService: stats => 1689171179041,-105,4160
07-12 16:12:59.044  5445  5580 I BatteryMgr:DataCollectionService: stats => 1689171179044,-105,4160
07-12 16:12:59.047  5445  5580 I BatteryMgr:DataCollectionService: stats => 1689171179047,-105,4160
07-12 16:12:59.050  5445  5580 I BatteryMgr:DataCollectionService: stats => 1689171179050,-105,4160
07-12 16:12:59.053  5445  5580 I BatteryMgr:DataCollectionService: stats => 1689171179053,-105,4160
07-12 16:12:59.056  5445  5580 I BatteryMgr:DataCollectionService: stats => 1689171179056,-105,4160
07-12 16:12:59.059  5445  5580 I BatteryMgr:DataCollectionService: stats => 1689171179059,-105,4160
07-12 16:12:59.061  5445  5580 I BatteryMgr:DataCollectionService: stats => 1689171179061,-105,4160
07-12 16:12:59.064  5445  5580 I BatteryMgr:DataCollectionService: stats => 1689171179064,-105,4160
07-12 16:12:59.067  5445  5580 I BatteryMgr:DataCollectionService: stats => 1689171179067,-105,4160
07-12 16:12:59.070  5445  5580 I BatteryMgr:DataCollectionService: stats => 1689171179069,-105,4160
07-12 16:12:59.073  5445  5580 I BatteryMgr:DataCollectionService: stats => 1689171179072,-105,4160
07-12 16:12:59.075  5445  5580 I BatteryMgr:DataCollectionService: stats => 1689171179075,-105,4160
07-12 16:12:59.078  5445  5580 I BatteryMgr:DataCollectionService: stats => 1689171179078,-105,4160
07-12 16:12:59.081  5445  5580 I BatteryMgr:DataCollectionService: stats => 1689171179081,-105,4160
07-12 16:12:59.083  5445  5580 I BatteryMgr:DataCollectionService: stats => 1689171179083,-105,4160
07-12 16:12:59.086  5445  5580 I BatteryMgr:DataCollectionService: stats => 1689171179086,-105,4160
07-12 16:12:59.088  5445  5580 I BatteryMgr:DataCollectionService: stats => 1689171179088,-105,4160
07-12 16:12:59.091  5445  5580 I BatteryMgr:DataCollectionService: stats => 1689171179091,-105,4160
07-12 16:12:59.093  5445  5580 I BatteryMgr:DataCollectionService: stats => 1689171179093,-105,4160
07-12 16:12:59.096  5445  5580 I BatteryMgr:DataCollectionService: stats => 1689171179096,-105,4160
07-12 16:12:59.098  5445  5580 I BatteryMgr:DataCollectionService: stats => 1689171179098,-105,4160
07-12 16:12:59.101  5445  5580 I BatteryMgr:DataCollectionService: stats => 1689171179101,-105,4160
07-12 16:12:59.103  5445  5580 I BatteryMgr:DataCollectionService: stats => 1689171179103,-105,4160
07-12 16:12:59.106  5445  5580 I BatteryMgr:DataCollectionService: stats => 1689171179105,-105,4160
07-12 16:12:59.108  5445  5580 I BatteryMgr:DataCollectionService: stats => 1689171179108,-105,4160
07-12 16:12:59.110  5445  5580 I BatteryMgr:DataCollectionService: stats => 1689171179110,-105,4160
07-12 16:12:59.113  5445  5580 I BatteryMgr:DataCollectionService: stats => 1689171179113,-105,4160
07-12 16:12:59.116  5445  5580 I BatteryMgr:DataCollectionService: stats => 1689171179115,-105,4160
07-12 16:12:59.118  5445  5580 I BatteryMgr:DataCollectionService: stats => 1689171179118,-105,4160
07-12 16:12:59.120  5445  5580 I BatteryMgr:DataCollectionService: stats => 1689171179120,-105,4160
07-12 16:12:59.123  5445  5580 I BatteryMgr:DataCollectionService: stats => 1689171179123,-105,4160
07-12 16:12:59.125  5445  5580 I BatteryMgr:DataCollectionService: stats => 1689171179125,-105,4160
07-12 16:12:59.127  5445  5580 I BatteryMgr:DataCollectionService: stats => 1689171179127,-105,4160
07-12 16:12:59.129  5445  5580 I BatteryMgr:DataCollectionService: stats => 1689171179129,-105,4160
07-12 16:12:59.132  5445  5580 I BatteryMgr:DataCollectionService: stats => 1689171179131,-105,4160
07-12 16:12:59.134  5445  5580 I BatteryMgr:DataCollectionService: stats => 1689171179134,-105,4160
07-12 16:12:59.136  5445  5580 I BatteryMgr:DataCollectionService: stats => 1689171179136,-105,4160
07-12 16:12:59.138  5445  5580 I BatteryMgr:DataCollectionService: stats => 1689171179138,-105,4160
07-12 16:12:59.140  5445  5580 I BatteryMgr:DataCollectionService: stats => 1689171179140,-105,4160
07-12 16:12:59.143  5445  5580 I BatteryMgr:DataCollectionService: stats => 1689171179143,-105,4160
07-12 16:12:59.145  5445  5580 I BatteryMgr:DataCollectionService: stats => 1689171179145,-105,4160
07-12 16:12:59.147  5445  5580 I BatteryMgr:DataCollectionService: stats => 1689171179147,-105,4160
07-12 16:12:59.150  5445  5580 I BatteryMgr:DataCollectionService: stats => 1689171179150,-105,4160
07-12 16:12:59.153  5445  5580 I BatteryMgr:DataCollectionService: stats => 1689171179152,-105,4160
07-12 16:12:59.156  5445  5580 I BatteryMgr:DataCollectionService: stats => 1689171179155,-105,4160
07-12 16:12:59.158  5445  5580 I BatteryMgr:DataCollectionService: stats => 1689171179158,-105,4160
07-12 16:12:59.160  5445  5580 I BatteryMgr:DataCollectionService: stats => 1689171179160,-105,4160
07-12 16:12:59.162  5445  5580 I BatteryMgr:DataCollectionService: stats => 1689171179162,-105,4160
07-12 16:12:59.165  5445  5580 I BatteryMgr:DataCollectionService: stats => 1689171179165,-105,4160
07-12 16:12:59.167  5445  5580 I BatteryMgr:DataCollectionService: stats => 1689171179167,-105,4160
07-12 16:12:59.169  5445  5580 I BatteryMgr:DataCollectionService: stats => 1689171179169,-105,4160
07-12 16:12:59.171  5445  5580 I BatteryMgr:DataCollectionService: stats => 1689171179171,-105,4160
07-12 16:12:59.174  5445  5580 I BatteryMgr:DataCollectionService: stats => 1689171179173,-105,4160
07-12 16:12:59.176  5445  5580 I BatteryMgr:DataCollectionService: stats => 1689171179176,-105,4160
07-12 16:12:59.178  5445  5580 I BatteryMgr:DataCollectionService: stats => 1689171179178,-105,4160
07-12 16:12:59.180  5445  5580 I BatteryMgr:DataCollectionService: stats => 1689171179180,-105,4160
07-12 16:12:59.183  5445  5580 I BatteryMgr:DataCollectionService: stats => 1689171179183,-105,4160
07-12 16:12:59.185  5445  5580 I BatteryMgr:DataCollectionService: stats => 1689171179185,-105,4160
07-12 16:12:59.188  5445  5580 I BatteryMgr:DataCollectionService: stats => 1689171179188,-105,4160
07-12 16:12:59.190  5445  5580 I BatteryMgr:DataCollectionService: stats => 1689171179190,-105,4160
07-12 16:12:59.193  5445  5580 I BatteryMgr:DataCollectionService: stats => 1689171179192,-105,4160
07-12 16:12:59.195  5445  5580 I BatteryMgr:DataCollectionService: stats => 1689171179195,-105,4160
07-12 16:12:59.197  5445  5580 I BatteryMgr:DataCollectionService: stats => 1689171179197,-105,4160
07-12 16:12:59.199  5445  5580 I BatteryMgr:DataCollectionService: stats => 1689171179199,-105,4160
07-12 16:12:59.202  5445  5580 I BatteryMgr:DataCollectionService: stats => 1689171179201,-105,4160
07-12 16:12:59.204  5445  5580 I BatteryMgr:DataCollectionService: stats => 1689171179204,-105,4160
07-12 16:12:59.206  5445  5580 I BatteryMgr:DataCollectionService: stats => 1689171179206,-105,4160
07-12 16:12:59.209  5445  5580 I BatteryMgr:DataCollectionService: stats => 1689171179209,-105,4160
07-12 16:12:59.211  5445  5580 I BatteryMgr:DataCollectionService: stats => 1689171179211,-105,4160
07-12 16:12:59.214  5445  5580 I BatteryMgr:DataCollectionService: stats => 1689171179213,-105,4160
07-12 16:12:59.215  3435  3435 I android.hardware.wifi@1.0-service: getLinkLayerStats
07-12 16:12:59.216  5445  5580 I BatteryMgr:DataCollectionService: stats => 1689171179216,-105,4160
07-12 16:12:59.219  5445  5580 I BatteryMgr:DataCollectionService: stats => 1689171179219,-105,4160
07-12 16:12:59.221  5445  5580 I BatteryMgr:DataCollectionService: stats => 1689171179221,-105,4160
07-12 16:12:59.224  5445  5580 I BatteryMgr:DataCollectionService: stats => 1689171179224,-105,4160
07-12 16:12:59.226  5445  5580 I BatteryMgr:DataCollectionService: stats => 1689171179226,-105,4160
07-12 16:12:59.229  5445  5580 I BatteryMgr:DataCollectionService: stats => 1689171179229,-105,4160
07-12 16:12:59.232  5445  5580 I BatteryMgr:DataCollectionService: stats => 1689171179232,-105,4160
07-12 16:12:59.235  5445  5580 I BatteryMgr:DataCollectionService: stats => 1689171179235,-105,4160
07-12 16:12:59.238  5445  5580 I BatteryMgr:DataCollectionService: stats => 1689171179238,-105,4160
07-12 16:12:59.241  5445  5580 I BatteryMgr:DataCollectionService: stats => 1689171179241,-105,4160
07-12 16:12:59.244  5445  5580 I BatteryMgr:DataCollectionService: stats => 1689171179244,-105,4160
07-12 16:12:59.247  5445  5580 I BatteryMgr:DataCollectionService: stats => 1689171179247,-105,4160
07-12 16:12:59.250  5445  5580 I BatteryMgr:DataCollectionService: stats => 1689171179250,-105,4160
07-12 16:12:59.253  5445  5580 I BatteryMgr:DataCollectionService: stats => 1689171179253,-105,4160
07-12 16:12:59.256  5445  5580 I BatteryMgr:DataCollectionService: stats => 1689171179256,-105,4160
07-12 16:12:59.259  5445  5580 I BatteryMgr:DataCollectionService: stats => 1689171179259,-105,4160
07-12 16:12:59.262  5445  5580 I BatteryMgr:DataCollectionService: stats => 1689171179262,-105,4160
07-12 16:12:59.265  5445  5580 I BatteryMgr:DataCollectionService: stats => 1689171179265,-105,4160
07-12 16:12:59.268  5445  5580 I BatteryMgr:DataCollectionService: stats => 1689171179268,-105,4160
07-12 16:12:59.271  5445  5580 I BatteryMgr:DataCollectionService: stats => 1689171179271,-105,4160
07-12 16:12:59.273  5445  5580 I BatteryMgr:DataCollectionService: stats => 1689171179273,-105,4160
07-12 16:12:59.276  5445  5580 I BatteryMgr:DataCollectionService: stats => 1689171179276,-105,4160
07-12 16:12:59.279  5445  5580 I BatteryMgr:DataCollectionService: stats => 1689171179279,-105,4160
07-12 16:12:59.283  5445  5580 I BatteryMgr:DataCollectionService: stats => 1689171179282,-105,4160
07-12 16:12:59.285  5445  5580 I BatteryMgr:DataCollectionService: stats => 1689171179285,-105,4160
07-12 16:12:59.289  5445  5580 I BatteryMgr:DataCollectionService: stats => 1689171179288,-105,4160
07-12 16:12:59.291  5445  5580 I BatteryMgr:DataCollectionService: stats => 1689171179291,-105,4160
07-12 16:12:59.295  5445  5580 I BatteryMgr:DataCollectionService: stats => 1689171179295,-105,4160
07-12 16:12:59.298  5445  5580 I BatteryMgr:DataCollectionService: stats => 1689171179298,-105,4160
07-12 16:12:59.301  5445  5580 I BatteryMgr:DataCollectionService: stats => 1689171179301,-105,4160
07-12 16:12:59.304  5445  5580 I BatteryMgr:DataCollectionService: stats => 1689171179304,-105,4160
07-12 16:12:59.307  5445  5580 I BatteryMgr:DataCollectionService: stats => 1689171179307,-105,4160
07-12 16:12:59.309  5445  5580 I BatteryMgr:DataCollectionService: stats => 1689171179309,-105,4160
07-12 16:12:59.312  5445  5580 I BatteryMgr:DataCollectionService: stats => 1689171179312,-105,4160
07-12 16:12:59.316  5445  5580 I BatteryMgr:DataCollectionService: stats => 1689171179315,-105,4160
07-12 16:12:59.319  5445  5580 I BatteryMgr:DataCollectionService: stats => 1689171179319,-105,4160
07-12 16:12:59.322  5445  5580 I BatteryMgr:DataCollectionService: stats => 1689171179322,-105,4160
07-12 16:12:59.325  5445  5580 I BatteryMgr:DataCollectionService: stats => 1689171179325,-105,4160
07-12 16:12:59.328  5445  5580 I BatteryMgr:DataCollectionService: stats => 1689171179328,-105,4160
07-12 16:12:59.331  5445  5580 I BatteryMgr:DataCollectionService: stats => 1689171179331,-105,4160
07-12 16:12:59.334  5445  5580 I BatteryMgr:DataCollectionService: stats => 1689171179334,-105,4160
07-12 16:12:59.337  5445  5580 I BatteryMgr:DataCollectionService: stats => 1689171179337,-105,4160
07-12 16:12:59.340  5445  5580 I BatteryMgr:DataCollectionService: stats => 1689171179340,-105,4160
07-12 16:12:59.345  5445  5580 I BatteryMgr:DataCollectionService: stats => 1689171179345,-105,4160
07-12 16:12:59.349  5445  5580 I BatteryMgr:DataCollectionService: stats => 1689171179349,-105,4160
07-12 16:12:59.353  5445  5580 I BatteryMgr:DataCollectionService: stats => 1689171179353,-105,4160
07-12 16:12:59.357  5445  5580 I BatteryMgr:DataCollectionService: stats => 1689171179357,-105,4160
07-12 16:12:59.361  5445  5580 I BatteryMgr:DataCollectionService: stats => 1689171179361,-105,4160
07-12 16:12:59.365  5445  5580 I BatteryMgr:DataCollectionService: stats => 1689171179365,-105,4160
07-12 16:12:59.369  5445  5580 I BatteryMgr:DataCollectionService: stats => 1689171179369,-105,4160
07-12 16:12:59.373  5445  5580 I BatteryMgr:DataCollectionService: stats => 1689171179373,-105,4160
07-12 16:12:59.377  5445  5580 I BatteryMgr:DataCollectionService: stats => 1689171179377,-105,4160
07-12 16:12:59.381  5445  5580 I BatteryMgr:DataCollectionService: stats => 1689171179381,-105,4160
07-12 16:12:59.385  5445  5580 I BatteryMgr:DataCollectionService: stats => 1689171179385,-105,4160
07-12 16:12:59.388  5445  5580 I BatteryMgr:DataCollectionService: stats => 1689171179388,-105,4160
07-12 16:12:59.392  5445  5580 I BatteryMgr:DataCollectionService: stats => 1689171179392,-105,4160
07-12 16:12:59.397  5445  5580 I BatteryMgr:DataCollectionService: stats => 1689171179396,-105,4160
07-12 16:12:59.401  5445  5580 I BatteryMgr:DataCollectionService: stats => 1689171179401,-105,4160
07-12 16:12:59.405  5445  5580 I BatteryMgr:DataCollectionService: stats => 1689171179405,-105,4160
07-12 16:12:59.409  5445  5580 I BatteryMgr:DataCollectionService: stats => 1689171179409,-105,4160
07-12 16:12:59.414  5445  5580 I BatteryMgr:DataCollectionService: stats => 1689171179414,-105,4160
07-12 16:12:59.418  5445  5580 I BatteryMgr:DataCollectionService: stats => 1689171179418,-105,4160
07-12 16:12:59.422  5445  5580 I BatteryMgr:DataCollectionService: stats => 1689171179422,-105,4160
07-12 16:12:59.427  5445  5580 I BatteryMgr:DataCollectionService: stats => 1689171179427,-105,4160
07-12 16:12:59.431  5445  5580 I BatteryMgr:DataCollectionService: stats => 1689171179431,-105,4160
07-12 16:12:59.436  5445  5580 I BatteryMgr:DataCollectionService: stats => 1689171179436,-105,4160
07-12 16:12:59.441  5445  5580 I BatteryMgr:DataCollectionService: stats => 1689171179440,-105,4160
07-12 16:12:59.445  5445  5580 I BatteryMgr:DataCollectionService: stats => 1689171179445,-105,4160
07-12 16:12:59.450  5445  5580 I BatteryMgr:DataCollectionService: stats => 1689171179450,-105,4160
07-12 16:12:59.455  5445  5580 I BatteryMgr:DataCollectionService: stats => 1689171179455,-105,4160
07-12 16:12:59.460  5445  5580 I BatteryMgr:DataCollectionService: stats => 1689171179460,-105,4160
07-12 16:12:59.465  5445  5580 I BatteryMgr:DataCollectionService: stats => 1689171179465,-105,4160
07-12 16:12:59.470  5445  5580 I BatteryMgr:DataCollectionService: stats => 1689171179470,-105,4160
07-12 16:12:59.475  5445  5580 I BatteryMgr:DataCollectionService: stats => 1689171179475,-105,4160
07-12 16:12:59.480  5445  5580 I BatteryMgr:DataCollectionService: stats => 1689171179480,-105,4160
07-12 16:12:59.485  5445  5580 I BatteryMgr:DataCollectionService: stats => 1689171179485,-105,4160
07-12 16:12:59.491  5445  5580 I BatteryMgr:DataCollectionService: stats => 1689171179491,-105,4160
07-12 16:12:59.496  5445  5580 I BatteryMgr:DataCollectionService: stats => 1689171179496,-105,4160
07-12 16:12:59.498  5445  5591 D ProfileInstaller: Installing profile for com.example.batterymanager_utility
07-12 16:12:59.501  5445  5580 I BatteryMgr:DataCollectionService: stats => 1689171179501,-105,4160
07-12 16:12:59.507  5445  5580 I BatteryMgr:DataCollectionService: stats => 1689171179506,-105,4160
07-12 16:12:59.512  5445  5580 I BatteryMgr:DataCollectionService: stats => 1689171179512,-105,4160
07-12 16:12:59.517  5445  5580 I BatteryMgr:DataCollectionService: stats => 1689171179517,-105,4160
07-12 16:12:59.523  5445  5580 I BatteryMgr:DataCollectionService: stats => 1689171179523,-105,4160
07-12 16:12:59.528  5445  5580 I BatteryMgr:DataCollectionService: stats => 1689171179528,-105,4160
07-12 16:12:59.533  5445  5580 I BatteryMgr:DataCollectionService: stats => 1689171179533,-105,4160
07-12 16:12:59.538  5445  5580 I BatteryMgr:DataCollectionService: stats => 1689171179538,-105,4160
07-12 16:12:59.543  5445  5580 I BatteryMgr:DataCollectionService: stats => 1689171179543,-105,4160
07-12 16:12:59.548  5445  5580 I BatteryMgr:DataCollectionService: stats => 1689171179548,-105,4160
07-12 16:12:59.553  5445  5580 I BatteryMgr:DataCollectionService: stats => 1689171179553,-105,4160
07-12 16:12:59.559  5445  5580 I BatteryMgr:DataCollectionService: stats => 1689171179559,-105,4160
07-12 16:12:59.564  5445  5580 I BatteryMgr:DataCollectionService: stats => 1689171179564,-105,4160
07-12 16:12:59.569  5445  5580 I BatteryMgr:DataCollectionService: stats => 1689171179569,-105,4160
07-12 16:12:59.574  5445  5580 I BatteryMgr:DataCollectionService: stats => 1689171179574,-105,4160
07-12 16:12:59.579  5445  5580 I BatteryMgr:DataCollectionService: stats => 1689171179579,-105,4160
07-12 16:12:59.585  5445  5580 I BatteryMgr:DataCollectionService: stats => 1689171179584,-105,4160
07-12 16:12:59.589  5445  5580 I BatteryMgr:DataCollectionService: stats => 1689171179589,-105,4160
07-12 16:12:59.594  5445  5580 I BatteryMgr:DataCollectionService: stats => 1689171179594,-105,4160
07-12 16:12:59.600  5445  5580 I BatteryMgr:DataCollectionService: stats => 1689171179600,-105,4160
07-12 16:12:59.605  5445  5580 I BatteryMgr:DataCollectionService: stats => 1689171179605,-105,4160
07-12 16:12:59.610  5445  5580 I BatteryMgr:DataCollectionService: stats => 1689171179610,-105,4160
07-12 16:12:59.615  5445  5580 I BatteryMgr:DataCollectionService: stats => 1689171179615,-105,4160
07-12 16:12:59.620  5445  5580 I BatteryMgr:DataCollectionService: stats => 1689171179620,-105,4160
07-12 16:12:59.625  5445  5580 I BatteryMgr:DataCollectionService: stats => 1689171179624,-105,4160
07-12 16:12:59.630  5445  5580 I BatteryMgr:DataCollectionService: stats => 1689171179629,-105,4160
07-12 16:12:59.634  5445  5580 I BatteryMgr:DataCollectionService: stats => 1689171179634,-105,4160
07-12 16:12:59.640  5445  5580 I BatteryMgr:DataCollectionService: stats => 1689171179640,-105,4160
07-12 16:12:59.645  5445  5580 I BatteryMgr:DataCollectionService: stats => 1689171179645,-105,4160
07-12 16:12:59.650  5445  5580 I BatteryMgr:DataCollectionService: stats => 1689171179650,-105,4160
07-12 16:12:59.655  5445  5580 I BatteryMgr:DataCollectionService: stats => 1689171179655,-105,4160
07-12 16:12:59.660  5445  5580 I BatteryMgr:DataCollectionService: stats => 1689171179660,-105,4160
07-12 16:12:59.665  5445  5580 I BatteryMgr:DataCollectionService: stats => 1689171179665,-105,4160
07-12 16:12:59.670  5445  5580 I BatteryMgr:DataCollectionService: stats => 1689171179670,-105,4160
07-12 16:12:59.675  5445  5580 I BatteryMgr:DataCollectionService: stats => 1689171179675,-105,4160
07-12 16:12:59.680  5445  5580 I BatteryMgr:DataCollectionService: stats => 1689171179680,-105,4160
07-12 16:12:59.685  5445  5580 I BatteryMgr:DataCollectionService: stats => 1689171179685,-105,4160
07-12 16:12:59.690  5445  5580 I BatteryMgr:DataCollectionService: stats => 1689171179690,-105,4160
07-12 16:12:59.695  5445  5580 I BatteryMgr:DataCollectionService: stats => 1689171179695,-105,4160
07-12 16:12:59.700  5445  5580 I BatteryMgr:DataCollectionService: stats => 1689171179700,-105,4160
07-12 16:12:59.705  5445  5580 I BatteryMgr:DataCollectionService: stats => 1689171179705,-105,4160
07-12 16:12:59.710  5445  5580 I BatteryMgr:DataCollectionService: stats => 1689171179710,-105,4160
07-12 16:12:59.715  5445  5580 I BatteryMgr:DataCollectionService: stats => 1689171179715,-105,4160
07-12 16:12:59.720  5445  5580 I BatteryMgr:DataCollectionService: stats => 1689171179720,-105,4160
07-12 16:12:59.725  5445  5580 I BatteryMgr:DataCollectionService: stats => 1689171179725,-105,4160
07-12 16:12:59.730  5445  5580 I BatteryMgr:DataCollectionService: stats => 1689171179730,-105,4160
07-12 16:12:59.735  5445  5580 I BatteryMgr:DataCollectionService: stats => 1689171179735,-105,4160
07-12 16:12:59.740  5445  5580 I BatteryMgr:DataCollectionService: stats => 1689171179740,-105,4160
07-12 16:12:59.746  5445  5580 I BatteryMgr:DataCollectionService: stats => 1689171179745,-105,4160
07-12 16:12:59.750  5445  5580 I BatteryMgr:DataCollectionService: stats => 1689171179750,-105,4160
07-12 16:12:59.756  5445  5580 I BatteryMgr:DataCollectionService: stats => 1689171179756,-105,4160
07-12 16:12:59.761  5445  5580 I BatteryMgr:DataCollectionService: stats => 1689171179761,-105,4160
07-12 16:12:59.766  5445  5580 I BatteryMgr:DataCollectionService: stats => 1689171179766,-105,4160
07-12 16:12:59.771  5445  5580 I BatteryMgr:DataCollectionService: stats => 1689171179771,-105,4160
07-12 16:12:59.776  5445  5580 I BatteryMgr:DataCollectionService: stats => 1689171179776,-105,4160
07-12 16:12:59.781  5445  5580 I BatteryMgr:DataCollectionService: stats => 1689171179781,-105,4160
07-12 16:12:59.787  5445  5580 I BatteryMgr:DataCollectionService: stats => 1689171179787,-105,4160
07-12 16:12:59.793  5445  5580 I BatteryMgr:DataCollectionService: stats => 1689171179793,-105,4160
07-12 16:12:59.798  5445  5580 I BatteryMgr:DataCollectionService: stats => 1689171179798,-105,4160
07-12 16:12:59.804  5445  5580 I BatteryMgr:DataCollectionService: stats => 1689171179804,-105,4160
07-12 16:12:59.810  5445  5580 I BatteryMgr:DataCollectionService: stats => 1689171179810,-105,4160
07-12 16:12:59.815  5445  5580 I BatteryMgr:DataCollectionService: stats => 1689171179815,-105,4160
07-12 16:12:59.821  5445  5580 I BatteryMgr:DataCollectionService: stats => 1689171179821,-105,4160
07-12 16:12:59.827  5445  5580 I BatteryMgr:DataCollectionService: stats => 1689171179827,-105,4160
07-12 16:12:59.833  5445  5580 I BatteryMgr:DataCollectionService: stats => 1689171179833,-105,4160
07-12 16:12:59.839  5445  5580 I BatteryMgr:DataCollectionService: stats => 1689171179839,-105,4160
07-12 16:12:59.845  5445  5580 I BatteryMgr:DataCollectionService: stats => 1689171179845,-105,4160
07-12 16:12:59.851  5445  5580 I BatteryMgr:DataCollectionService: stats => 1689171179851,-105,4160
07-12 16:12:59.856  5445  5580 I BatteryMgr:DataCollectionService: stats => 1689171179856,-105,4160
07-12 16:12:59.862  5445  5580 I BatteryMgr:DataCollectionService: stats => 1689171179862,-105,4160
07-12 16:12:59.868  5445  5580 I BatteryMgr:DataCollectionService: stats => 1689171179867,-105,4160
07-12 16:12:59.874  5445  5580 I BatteryMgr:DataCollectionService: stats => 1689171179873,-105,4160
07-12 16:12:59.880  5445  5580 I BatteryMgr:DataCollectionService: stats => 1689171179879,-105,4160
07-12 16:12:59.887  5445  5580 I BatteryMgr:DataCollectionService: stats => 1689171179887,-105,4160
07-12 16:12:59.890  5445  5580 I BatteryMgr:DataCollectionService: stats => 1689171179890,-105,4160
07-12 16:12:59.893  5445  5580 I BatteryMgr:DataCollectionService: stats => 1689171179893,-105,4160
07-12 16:12:59.896  5445  5580 I BatteryMgr:DataCollectionService: stats => 1689171179896,-105,4160
07-12 16:12:59.899  5445  5580 I BatteryMgr:DataCollectionService: stats => 1689171179899,-105,4160
07-12 16:12:59.902  5445  5580 I BatteryMgr:DataCollectionService: stats => 1689171179902,-105,4160
07-12 16:12:59.905  5445  5580 I BatteryMgr:DataCollectionService: stats => 1689171179905,-105,4160
07-12 16:12:59.909  5445  5580 I BatteryMgr:DataCollectionService: stats => 1689171179908,-105,4160
07-12 16:12:59.911  5445  5580 I BatteryMgr:DataCollectionService: stats => 1689171179911,-105,4160
07-12 16:12:59.914  5445  5580 I BatteryMgr:DataCollectionService: stats => 1689171179914,-105,4160
07-12 16:12:59.917  5445  5580 I BatteryMgr:DataCollectionService: stats => 1689171179917,-105,4160
07-12 16:12:59.920  5445  5580 I BatteryMgr:DataCollectionService: stats => 1689171179920,-105,4160
07-12 16:12:59.922  5445  5580 I BatteryMgr:DataCollectionService: stats => 1689171179922,-105,4160
07-12 16:12:59.925  5445  5580 I BatteryMgr:DataCollectionService: stats => 1689171179925,-105,4160
07-12 16:12:59.928  5445  5580 I BatteryMgr:DataCollectionService: stats => 1689171179928,-105,4160
07-12 16:12:59.930  5445  5580 I BatteryMgr:DataCollectionService: stats => 1689171179930,-105,4160
07-12 16:12:59.933  5445  5580 I BatteryMgr:DataCollectionService: stats => 1689171179933,-105,4160
07-12 16:12:59.936  5445  5580 I BatteryMgr:DataCollectionService: stats => 1689171179936,-105,4160
07-12 16:12:59.939  5445  5580 I BatteryMgr:DataCollectionService: stats => 1689171179939,-105,4160
07-12 16:12:59.942  5445  5580 I BatteryMgr:DataCollectionService: stats => 1689171179942,-105,4160
07-12 16:12:59.945  5445  5580 I BatteryMgr:DataCollectionService: stats => 1689171179945,-105,4160
07-12 16:12:59.948  5445  5580 I BatteryMgr:DataCollectionService: stats => 1689171179948,-105,4160
07-12 16:12:59.951  5445  5580 I BatteryMgr:DataCollectionService: stats => 1689171179950,-105,4160
07-12 16:12:59.954  5445  5580 I BatteryMgr:DataCollectionService: stats => 1689171179954,-105,4160
07-12 16:12:59.957  5445  5580 I BatteryMgr:DataCollectionService: stats => 1689171179957,-105,4160
07-12 16:12:59.960  5445  5580 I BatteryMgr:DataCollectionService: stats => 1689171179960,-105,4160
07-12 16:12:59.963  5445  5580 I BatteryMgr:DataCollectionService: stats => 1689171179963,-105,4160
07-12 16:12:59.966  5445  5580 I BatteryMgr:DataCollectionService: stats => 1689171179966,-105,4160
07-12 16:12:59.969  5445  5580 I BatteryMgr:DataCollectionService: stats => 1689171179969,-105,4160
07-12 16:12:59.972  5445  5580 I BatteryMgr:DataCollectionService: stats => 1689171179972,-105,4160
07-12 16:12:59.975  5445  5580 I BatteryMgr:DataCollectionService: stats => 1689171179975,-105,4160
07-12 16:12:59.978  5445  5580 I BatteryMgr:DataCollectionService: stats => 1689171179978,-105,4160
07-12 16:12:59.981  5445  5580 I BatteryMgr:DataCollectionService: stats => 1689171179981,-105,4160
07-12 16:12:59.984  5445  5580 I BatteryMgr:DataCollectionService: stats => 1689171179984,-105,4160
07-12 16:12:59.987  5445  5580 I BatteryMgr:DataCollectionService: stats => 1689171179987,-105,4160
07-12 16:12:59.990  5445  5580 I BatteryMgr:DataCollectionService: stats => 1689171179990,-105,4160
07-12 16:12:59.993  5445  5580 I BatteryMgr:DataCollectionService: stats => 1689171179993,-105,4160
07-12 16:12:59.997  5445  5580 I BatteryMgr:DataCollectionService: stats => 1689171179997,-105,4160
07-12 16:13:00.000  3957  4044 D SamsungAlarmManager: Expired : 8
07-12 16:13:00.000  3957  4044 V SamsungAlarmManager: Sending to uid : 1000 action=android.intent.action.TIME_TICK alarm=Alarm{1179a5 type 3 when 16891313 android}
07-12 16:13:00.001  5445  5580 I BatteryMgr:DataCollectionService: stats => 1689171180001,-105,4160
07-12 16:13:00.002  3957  4044 V SamsungAlarmManager: Sending to uid : 10074 action=com.samsung.action.EVERY_MINUTE_CLOCK_UPDATE alarm=Alarm{29e3d2b type 1 when 1689171180000 com.sec.android.app.launcher}
07-12 16:13:00.005  5317  5317 I Launcher: onReceive: com.samsung.action.EVERY_MINUTE_CLOCK_UPDATE
07-12 16:13:00.005  3957  3957 D SamsungAlarmManager: setExact Intent (T:3/F:1/AC:false) 20230712T161400 - CU:1000/CP:3957
07-12 16:13:00.006  3957  3957 I SamsungAlarmManager: setLocked to kernel - T:3 / 20230712T161359, SetElapsed=16951313, nowELAPSED=16891319
07-12 16:13:00.006  3957  3957 V AlarmManager: ___SyncScheduler (v3) ACTIVATED___
07-12 16:13:00.006  3957  3957 V AlarmManagerEXT: <AppSync3 Whitelist>
07-12 16:13:00.006  3957  3957 V AlarmManagerEXT: (AppSync) ### 0 added ###
07-12 16:13:00.008  5445  5580 I BatteryMgr:DataCollectionService: stats => 1689171180008,-105,4160
07-12 16:13:00.008  4342  4342 D KeyguardUpdateMonitor: received broadcast android.intent.action.TIME_TICK
07-12 16:13:00.009  4342  4342 D KeyguardServiceBoxContainer: refreshTime() 1
07-12 16:13:00.012  3957  8872 D SamsungAlarmManager: setInexact Intent (T:1/F:0/AC:false) 20230712T161400 - CU:10074/CP:5317
07-12 16:13:00.013  5317  5317 I IconView: applyFromShortcutInfo - start GetLive : com.samsung.android.calendar
07-12 16:13:00.013  5317  5317 I IconView: applyFromShortcutInfo - end GetLive : com.samsung.android.calendar
07-12 16:13:00.013  5445  5580 I BatteryMgr:DataCollectionService: stats => 1689171180013,-105,4160
07-12 16:13:00.015  5317  5317 I IconView: applyFromApplicationInfo - start GetLive : com.sec.android.app.clockpackage
07-12 16:13:00.018  5445  5580 I BatteryMgr:DataCollectionService: stats => 1689171180018,-105,4160
07-12 16:13:00.024  5445  5580 I BatteryMgr:DataCollectionService: stats => 1689171180024,-105,4160
07-12 16:13:00.032  5317  5317 D ApplicationPackageManager: we has com.sec.android.app.clockpackage class. reuse it 
07-12 16:13:00.032  5317  5317 D LiveIconLoader: getLiveIcon was called in ClockPackage
07-12 16:13:00.037  5445  5580 I BatteryMgr:DataCollectionService: stats => 1689171180037,-105,4160
07-12 16:13:00.040  5445  5580 I BatteryMgr:DataCollectionService: stats => 1689171180040,-105,4160
07-12 16:13:00.040  4342  4342 D KeyguardUpdateMonitor: handleStatusBarState( false )
07-12 16:13:00.043  5317  5317 D LiveIconLoader: getLiveIcon res = com.sec.android.app.clockpackage
07-12 16:13:00.044  5445  5580 I BatteryMgr:DataCollectionService: stats => 1689171180044,-105,4160
07-12 16:13:00.045  5317  5317 D LiveIconLoader: stdIconSize : 84 , targetIconSize : 94
07-12 16:13:00.045  5317  5317 D LiveIconLoader: mIconDpi : 320 , mTargetIconDpi : 280
07-12 16:13:00.047  5445  5580 I BatteryMgr:DataCollectionService: stats => 1689171180047,-105,4160
07-12 16:13:00.050  5445  5580 I BatteryMgr:DataCollectionService: stats => 1689171180050,-105,4160
07-12 16:13:00.053  5445  5580 I BatteryMgr:DataCollectionService: stats => 1689171180053,-105,4160
07-12 16:13:00.056  5445  5580 I BatteryMgr:DataCollectionService: stats => 1689171180056,-105,4160
07-12 16:13:00.059  5445  5580 I BatteryMgr:DataCollectionService: stats => 1689171180059,-105,4160
07-12 16:13:00.062  5445  5580 I BatteryMgr:DataCollectionService: stats => 1689171180062,-105,4160
07-12 16:13:00.063  5317  5317 I ApplicationPackageManager: load= live icon for com.sec.android.app.clockpackage, from overlay = false
07-12 16:13:00.064  5317  5317 I LiveIconManager: getLiveIcon: complete(sync_created)
07-12 16:13:00.064  5317  5317 I IconView: applyFromApplicationInfo - end GetLive : com.sec.android.app.clockpackage
07-12 16:13:00.065  5317  5317 I IconView: applyFromApplicationInfo - start GetLive : com.samsung.android.calendar
07-12 16:13:00.065  5317  5317 I BitmapCacheContainer: getBitmapCache: BitmapCache expired com.samsung.android.calendar/UserHandle{0}
07-12 16:13:00.065  5445  5580 I BatteryMgr:DataCollectionService: stats => 1689171180065,-105,4160
07-12 16:13:00.068  5317  5317 D ApplicationPackageManager: we has com.samsung.android.calendar class. reuse it 
07-12 16:13:00.069  5445  5580 I BatteryMgr:DataCollectionService: stats => 1689171180068,-105,4160
07-12 16:13:00.072  5445  5580 I BatteryMgr:DataCollectionService: stats => 1689171180072,-105,4160
07-12 16:13:00.079  5445  5580 I BatteryMgr:DataCollectionService: stats => 1689171180079,-105,4160
07-12 16:13:00.082  5445  5580 I BatteryMgr:DataCollectionService: stats => 1689171180082,-105,4160
07-12 16:13:00.085  5445  5580 I BatteryMgr:DataCollectionService: stats => 1689171180085,-105,4160
07-12 16:13:00.086  5317  5317 I ApplicationPackageManager: load= live icon for com.samsung.android.calendar, from overlay = false
07-12 16:13:00.088  5317  5317 I LiveIconManager: getLiveIcon: complete(sync_created)
07-12 16:13:00.088  5317  5317 I IconView: applyFromApplicationInfo - end GetLive : com.samsung.android.calendar
07-12 16:13:00.089  5445  5580 I BatteryMgr:DataCollectionService: stats => 1689171180089,-105,4160
07-12 16:13:00.092  5445  5580 I BatteryMgr:DataCollectionService: stats => 1689171180092,-105,4160
07-12 16:13:00.097  5445  5580 I BatteryMgr:DataCollectionService: stats => 1689171180097,-105,4160
07-12 16:13:00.100  5445  5580 I BatteryMgr:DataCollectionService: stats => 1689171180100,-105,4160
07-12 16:13:00.102  5445  5580 I BatteryMgr:DataCollectionService: stats => 1689171180102,-105,4160
07-12 16:13:00.105  5445  5580 I BatteryMgr:DataCollectionService: stats => 1689171180105,-105,4160
07-12 16:13:00.108  5445  5580 I BatteryMgr:DataCollectionService: stats => 1689171180108,-105,4160
07-12 16:13:00.111  5445  5580 I BatteryMgr:DataCollectionService: stats => 1689171180111,-105,4160
07-12 16:13:00.113  5445  5580 I BatteryMgr:DataCollectionService: stats => 1689171180113,-105,4160
07-12 16:13:00.116  5445  5580 I BatteryMgr:DataCollectionService: stats => 1689171180116,-105,4160
07-12 16:13:00.119  5445  5580 I BatteryMgr:DataCollectionService: stats => 1689171180119,-105,4160
07-12 16:13:00.122  5445  5580 I BatteryMgr:DataCollectionService: stats => 1689171180122,-105,4160
07-12 16:13:00.125  5445  5580 I BatteryMgr:DataCollectionService: stats => 1689171180124,-105,4160
07-12 16:13:00.127  5445  5580 I BatteryMgr:DataCollectionService: stats => 1689171180127,-105,4160
07-12 16:13:00.130  5445  5580 I BatteryMgr:DataCollectionService: stats => 1689171180130,-105,4160
07-12 16:13:00.133  5445  5580 I BatteryMgr:DataCollectionService: stats => 1689171180133,-105,4160
07-12 16:13:00.135  5445  5580 I BatteryMgr:DataCollectionService: stats => 1689171180135,-105,4160
07-12 16:13:00.138  5445  5580 I BatteryMgr:DataCollectionService: stats => 1689171180138,-105,4160
