06-12 22:55:33.008  1539  6895 D BufferPoolAccessor2.0: Destruction - bufferpool2 0xef240ec8 cached: 0/0M, 0/0% in use; allocs: 98, 92% recycled; transfers: 188, 96% unfetched
06-12 22:55:33.008  1539 18849 D CCodecBufferChannel: [c2.android.vorbis.decoder#183] Configured output block pool ids 447 => OK
06-12 22:55:33.011  1548 18850 D SimpleC2Component: Using output block pool with poolID 447 => got 447 - 0
06-12 22:55:33.017  1323  1402 D VSC     : @ 287151.669: [WO] Proposed rotation: 4, flat angle threshold: 65
06-12 22:55:33.018  1323  1402 D VSC     : @ 287151.669: [WO] orientation angle 317, orientation 4
06-12 22:55:33.018  1323  1402 D VSC     : @ 287151.669: [WO] Gyro angle integrated: 0.267743
06-12 22:55:33.033  1361  2333 D AudioFlinger: Client defaulted notificationFrames to 12000 for frameCount 24000
06-12 22:55:33.037  1361  2333 D AF::TrackHandle: OpPlayAudio: track:513 usage:5 not muted
06-12 22:55:33.054 18735 18832 I BatteryMgr:DataCollectionService: stats => 1686603333054,231562,4102
06-12 22:55:33.056  1296  1296 I EffectsFactory: EffectCreate() create_effect
06-12 22:55:33.089  1296  1418 D audio_hw_primary: out_set_parameters: enter: usecase(1: low-latency-playback) kvpairs: routing=4194304
06-12 22:55:33.096  1296  3654 D audio_hw_primary: select_devices_with_force_switch: changing use case low-latency-playback output device from(2: speaker, acdb 513) to (4: speaker-safe, acdb 514)
06-12 22:55:33.097  1296  3654 D audio_route: Apply path: speaker-safe
06-12 22:55:33.100  1296  3654 D audio_hw_primary: enable_snd_device: snd_device(104: vi-feedback)
06-12 22:55:33.100  1296  3654 D audio_route: Apply path: vi-feedback
06-12 22:55:33.100  1296  3654 E audio_hw_utils: audio_extn_utils_send_app_type_cfg: Failed to derive app_type for uc type : 0x1
06-12 22:55:33.100  1296  3654 D ACDB-LOADER: ACDB -> send_audio_cal, acdb_id = 512, path = 1, app id = 0x11132, sample rate = 48000
06-12 22:55:33.100  1296  3654 D ACDB-LOADER: ACDB -> send_asm_topology
06-12 22:55:33.100  1296  3654 D ACDB-LOADER: ACDB -> ACDB_CMD_GET_AUDPROC_STREAM_TOPOLOGY_ID
06-12 22:55:33.100  1296  3654 D ACDB-LOADER: ACDB -> send_adm_topology
06-12 22:55:33.100  1296  3654 D ACDB-LOADER: ACDB -> ACDB_CMD_GET_AUDPROC_COMMON_TOPOLOGY_ID
06-12 22:55:33.101  1296  3654 D ACDB-LOADER: ACDB -> send_audtable
06-12 22:55:33.101  1296  3654 D ACDB-LOADER: ACDB -> ACDB_CMD_GET_AUDPROC_COMMON_TABLE_SIZE
06-12 22:55:33.101  1296  3654 D ACDB-LOADER: ACDB -> ACDB_CMD_GET_AUDPROC_COMMON_TABLE
06-12 22:55:33.101  1296  3654 D ACDB-LOADER: ACDB -> AUDIO_SET_AUDPROC_CAL
06-12 22:55:33.101  1296  3654 D ACDB-LOADER: ACDB -> send_audvoltable
06-12 22:55:33.101  1296  3654 D ACDB-LOADER: ACDB -> ACDB_CMD_GET_AUDPROC_VOL_STEP_TABLE_SIZE
06-12 22:55:33.101  1296  3654 D ACDB-LOADER: ACDB -> ACDB_CMD_GET_AUDPROC_GAIN_DEP_STEP_TABLE, vol index 0
06-12 22:55:33.101  1296  3654 D android.hardware.audio.service: Failed to fetch the lookup information of the device 00000200 
06-12 22:55:33.101  1296  3654 E ACDB-LOADER: Error: ACDB AudProc vol returned = -19
06-12 22:55:33.101  1296  3654 D ACDB-LOADER: ACDB -> AUDIO_SET_VOL_CAL cal type = 12
06-12 22:55:33.101  1296  3654 D ACDB-LOADER: ACDB -> ACDB_CMD_GET_AUDPROC_STREAM_TABLE_SIZE
06-12 22:55:33.101  1296  3654 D ACDB-LOADER: ACDB -> send_audstrmtable
06-12 22:55:33.101  1296  3654 D ACDB-LOADER: ACDB -> ACDB_CMD_GET_AUDPROC_STREAM_TABLE_V2
06-12 22:55:33.101  1296  3654 D ACDB-LOADER: ACDB -> audstrm_cal->cal_type.cal_data.cal_size = 16
06-12 22:55:33.101  1296  3654 D ACDB-LOADER: ACDB -> send_afe_topology
06-12 22:55:33.101  1296  3654 D ACDB-LOADER: ACDB -> ACDB_CMD_GET_AFE_TOPOLOGY_ID
06-12 22:55:33.101  1296  3654 D ACDB-LOADER: ACDB -> GET_AFE_TOPOLOGY_ID for adcd_id 512, Topology Id 10001ccc
06-12 22:55:33.101  1296  3654 D ACDB-LOADER: ACDB -> send_afe_cal
06-12 22:55:33.101  1296  3654 D ACDB-LOADER: ACDB -> ACDB_CMD_GET_AFE_COMMON_TABLE_SIZE
06-12 22:55:33.101  1296  3654 D ACDB-LOADER: ACDB -> ACDB_CMD_GET_AFE_COMMON_TABLE
06-12 22:55:33.101  1296  3654 D ACDB-LOADER: ACDB -> AUDIO_SET_AFE_CAL
06-12 22:55:33.101  1296  3654 D ACDB-LOADER: ACDB -> send_hw_delay : acdb_id = 512 path = 1
06-12 22:55:33.101  1296  3654 D ACDB-LOADER: ACDB -> ACDB_AVSYNC_INFO: ACDB_CMD_GET_DEVICE_PROPERTY
06-12 22:55:33.101  1296  3654 D audio_hw_primary: enable_audio_route: usecase(25) apply and update mixer path: spkr-vi-record vi-feedback
06-12 22:55:33.101  1296  3654 D audio_route: Apply path: spkr-vi-record vi-feedback
06-12 22:55:33.142  1296  3654 D msm8974_platform: Setting audio calibration for snd_device(4) acdb_id(514)
06-12 22:55:33.142  1296  3654 E ACDB-LOADER: [acdb_loader_adsp_set_audio_cal] active device/stream not found (result=-100) for topology 0x1000dffb and apptype 0x11130
06-12 22:55:33.142  1296  3654 E ACDB-LOADER: [acdb_loader_adsp_set_audio_cal] set parameters failed with status -100
06-12 22:55:33.142  1296  3654 D msm8974_platform: Setting audio calibration for snd_device(4) acdb_id(514)
06-12 22:55:33.143  1296  3654 D audio_hw_waves: print_state_log: send volume table -(0,0.000000,F),(1,0.000000,F),(2,0.000000,F),(3,0.000000,F),(4,0.000000,F),(5,0.000000,T)
06-12 22:55:33.143  1296  3654 D ACDB-LOADER: ACDB -> send_audio_cal, acdb_id = 514, path = 0, app id = 0x11130, sample rate = 48000
06-12 22:55:33.143  1296  3654 D ACDB-LOADER: ACDB -> send_asm_topology
06-12 22:55:33.143  1296  3654 D ACDB-LOADER: ACDB -> ACDB_CMD_GET_AUDPROC_STREAM_TOPOLOGY_ID
06-12 22:55:33.143  1296  3654 D ACDB-LOADER: ACDB -> send_adm_topology
06-12 22:55:33.143  1296  3654 D ACDB-LOADER: ACDB -> ACDB_CMD_GET_AUDPROC_COMMON_TOPOLOGY_ID
06-12 22:55:33.143  1296  3654 D ACDB-LOADER: ACDB -> send_audtable
06-12 22:55:33.143  1296  3654 D ACDB-LOADER: ACDB -> ACDB_CMD_GET_AUDPROC_COMMON_TABLE_SIZE
06-12 22:55:33.143  1296  3654 D ACDB-LOADER: ACDB -> ACDB_CMD_GET_AUDPROC_COMMON_TABLE
06-12 22:55:33.143  1296  3654 D ACDB-LOADER: ACDB -> AUDIO_SET_AUDPROC_CAL
06-12 22:55:33.143  1296  3654 D ACDB-LOADER: ACDB -> send_audvoltable
06-12 22:55:33.143  1296  3654 D ACDB-LOADER: ACDB -> ACDB_CMD_GET_AUDPROC_VOL_STEP_TABLE_SIZE
06-12 22:55:33.143  1296  3654 D ACDB-LOADER: ACDB -> ACDB_CMD_GET_AUDPROC_GAIN_DEP_STEP_TABLE, vol index 0
06-12 22:55:33.143  1296  3654 D android.hardware.audio.service: Failed to fetch the lookup information of the device 00000202 
06-12 22:55:33.143  1296  3654 E ACDB-LOADER: Error: ACDB AudProc vol returned = -19
06-12 22:55:33.143  1296  3654 D ACDB-LOADER: ACDB -> AUDIO_SET_VOL_CAL cal type = 12
06-12 22:55:33.143  1296  3654 D ACDB-LOADER: ACDB -> ACDB_CMD_GET_AUDPROC_STREAM_TABLE_SIZE
06-12 22:55:33.143  1296  3654 D ACDB-LOADER: ACDB -> send_audstrmtable
06-12 22:55:33.143  1296  3654 D ACDB-LOADER: ACDB -> ACDB_CMD_GET_AUDPROC_STREAM_TABLE_V2
06-12 22:55:33.143  1296  3654 D ACDB-LOADER: ACDB -> audstrm_cal->cal_type.cal_data.cal_size = 456
06-12 22:55:33.143  1296  3654 D ACDB-LOADER: ACDB -> send_afe_topology
06-12 22:55:33.143  1296  3654 D ACDB-LOADER: ACDB -> ACDB_CMD_GET_AFE_TOPOLOGY_ID
06-12 22:55:33.143  1296  3654 D ACDB-LOADER: ACDB -> GET_AFE_TOPOLOGY_ID for adcd_id 514, Topology Id 10000ccc
06-12 22:55:33.143  1296  3654 D ACDB-LOADER: ACDB -> send_afe_cal
06-12 22:55:33.143  1296  3654 D ACDB-LOADER: ACDB -> ACDB_CMD_GET_AFE_COMMON_TABLE_SIZE
06-12 22:55:33.143  1296  3654 D ACDB-LOADER: ACDB -> ACDB_CMD_GET_AFE_COMMON_TABLE
06-12 22:55:33.143  1296  3654 D ACDB-LOADER: ACDB -> AUDIO_SET_AFE_CAL
06-12 22:55:33.143  1296  3654 D ACDB-LOADER: ACDB -> send_hw_delay : acdb_id = 514 path = 0
06-12 22:55:33.143  1296  3654 D ACDB-LOADER: ACDB -> ACDB_AVSYNC_INFO: ACDB_CMD_GET_DEVICE_PROPERTY
06-12 22:55:33.143  1296  3654 D audio_hw_primary: enable_audio_route: usecase(1) apply and update mixer path: low-latency-playback speaker
06-12 22:55:33.143  1296  3654 D audio_route: Apply path: low-latency-playback speaker
06-12 22:55:33.161 18735 18832 I BatteryMgr:DataCollectionService: stats => 1686603333161,231562,4102
06-12 22:55:33.169 19579 19579 D BoundBrokerSvc: onUnbind: Intent { act=com.google.android.gms.inappreach.service.START dat=chimera-action: cmp=com.google.android.gms/.chimera.GmsApiService }
06-12 22:55:33.171  1917  2836 W ProcessStats: Tracking association SourceState{21af1cb com.google.android.googlequicksearchbox:interactor/10135 BTopFgs #180105} whose proc state 2 is better than process ProcessState{9cdae9d com.google.android.gms.persistent/10125 pkg=com.google.android.gms} proc state 3 (37 skipped)
06-12 22:55:33.200  1296  3654 D audio_hw_primary: out_write: retry previous failed cal level set
06-12 22:55:33.222  1296  1296 D audio_hw_waves: print_state_log: send volume table -(0,0.000000,F),(1,0.000000,F),(2,0.000000,F),(3,0.000000,F),(4,0.000000,F),(5,0.302643,T)
06-12 22:55:33.271 18735 18832 I BatteryMgr:DataCollectionService: stats => 1686603333271,231562,4102
06-12 22:55:33.380 18735 18832 I BatteryMgr:DataCollectionService: stats => 1686603333380,180000,4102
06-12 22:55:33.488 18735 18832 I BatteryMgr:DataCollectionService: stats => 1686603333488,180000,4102
06-12 22:55:33.595 18735 18832 I BatteryMgr:DataCollectionService: stats => 1686603333594,180000,4102
06-12 22:55:33.701 18735 18832 I BatteryMgr:DataCollectionService: stats => 1686603333701,180000,4102
06-12 22:55:33.810 18735 18832 I BatteryMgr:DataCollectionService: stats => 1686603333809,247500,4102
06-12 22:55:33.917 18735 18832 I BatteryMgr:DataCollectionService: stats => 1686603333917,247500,4102
06-12 22:55:34.028 18735 18832 I BatteryMgr:DataCollectionService: stats => 1686603334028,247500,4102
06-12 22:55:34.135 18735 18832 I BatteryMgr:DataCollectionService: stats => 1686603334135,137500,4102
06-12 22:55:34.242 18735 18832 I BatteryMgr:DataCollectionService: stats => 1686603334241,137500,4102
06-12 22:55:34.280  1539 18849 D CCodecBufferChannel: [c2.android.vorbis.decoder#183] buffers after EOS ignored (0 us)
06-12 22:55:34.282  1539 18849 D CCodecBufferChannel: [c2.android.vorbis.decoder#183] buffers after EOS ignored (0 us)
06-12 22:55:34.350 18735 18832 I BatteryMgr:DataCollectionService: stats => 1686603334350,137500,4102
06-12 22:55:34.457 18735 18832 I BatteryMgr:DataCollectionService: stats => 1686603334457,137812,4102
06-12 22:55:34.532  1539 18847 D AudioTrack: stop(556): called with 76269 frames delivered
06-12 22:55:34.564 18735 18832 I BatteryMgr:DataCollectionService: stats => 1686603334564,137812,4102
06-12 22:55:34.671 18735 18832 I BatteryMgr:DataCollectionService: stats => 1686603334671,137812,4102
06-12 22:55:34.776 18735 18832 I BatteryMgr:DataCollectionService: stats => 1686603334776,205312,4102
06-12 22:55:34.872  1917  4506 I MediaFocusControl: abandonAudioFocus() from uid/pid 10195/2553 clientId=android.media.AudioManager@4ffbc5a
06-12 22:55:34.873  2553 18842 V MediaPlayer: resetDrmState:  mDrmInfo=null mDrmProvisioningThread=null mPrepareDrmInProgress=false mActiveDrmScheme=false
06-12 22:55:34.873  2553 18842 V MediaPlayer: cleanDrmObj: mDrmObj=null mDrmSessionId=null
06-12 22:55:34.873  1539 15015 D NuPlayerDriver: reset(0xf3201230) at state 6
06-12 22:55:34.882  1539 18849 I hw-BpHwBinder: onLastStrongRef automatically unlinking death recipients
06-12 22:55:34.882  1548  1705 I hw-BpHwBinder: onLastStrongRef automatically unlinking death recipients
06-12 22:55:34.882  1548  1705 I hw-BpHwBinder: onLastStrongRef automatically unlinking death recipients
06-12 22:55:34.883 18735 18832 I BatteryMgr:DataCollectionService: stats => 1686603334883,205312,4102
06-12 22:55:34.884  1548  1705 V C2Store : in ~ComponentModule
06-12 22:55:34.884  1548  1705 V C2Store : unloading dll
06-12 22:55:34.888  1296  1296 D audio_hw_waves: print_state_log: send volume table -(0,0.000000,F),(1,0.000000,F),(2,0.000000,F),(3,0.000000,F),(4,0.000000,F),(5,0.000000,F)
06-12 22:55:34.890  1539 18844 D NuPlayerDriver: notifyResetComplete(0xf3201230)
06-12 22:55:34.890  1917  2394 D ConnectivityService: NetReassign [no changes] [c 0] [a 1] [i 1]
06-12 22:55:34.890  1539 15015 W AMessage: failed to post message as target looper for handler 0 is gone.
06-12 22:55:34.995 18735 18832 I BatteryMgr:DataCollectionService: stats => 1686603334995,205312,4102
06-12 22:55:35.022  1323  1402 D VSC     : @ 287153.672: [WO] Proposed rotation: 4, flat angle threshold: 65
06-12 22:55:35.022  1323  1402 D VSC     : @ 287153.672: [WO] orientation angle 317, orientation 4
06-12 22:55:35.022  1323  1402 D VSC     : @ 287153.672: [WO] Gyro angle integrated: 0.114060
06-12 22:55:35.104 18735 18832 I BatteryMgr:DataCollectionService: stats => 1686603335104,205312,4102
06-12 22:55:35.211 18735 18832 I BatteryMgr:DataCollectionService: stats => 1686603335211,144062,4102
06-12 22:55:35.318 18735 18832 I BatteryMgr:DataCollectionService: stats => 1686603335318,144062,4102
06-12 22:55:35.425 18735 18832 I BatteryMgr:DataCollectionService: stats => 1686603335425,144062,4102
06-12 22:55:35.534 18735 18832 I BatteryMgr:DataCollectionService: stats => 1686603335533,157500,4102
06-12 22:55:35.640 18735 18832 I BatteryMgr:DataCollectionService: stats => 1686603335640,157500,4102
06-12 22:55:35.747 18735 18832 I BatteryMgr:DataCollectionService: stats => 1686603335747,157500,4102
06-12 22:55:35.852 18735 18832 I BatteryMgr:DataCollectionService: stats => 1686603335852,218125,4102
06-12 22:55:35.958 18735 18832 I BatteryMgr:DataCollectionService: stats => 1686603335958,218125,4102
06-12 22:55:36.067 18735 18832 I BatteryMgr:DataCollectionService: stats => 1686603336066,218125,4102
06-12 22:55:36.173 18735 18832 I BatteryMgr:DataCollectionService: stats => 1686603336173,218125,4102
06-12 22:55:36.280 18735 18832 I BatteryMgr:DataCollectionService: stats => 1686603336280,130000,4102
06-12 22:55:36.386 18735 18832 I BatteryMgr:DataCollectionService: stats => 1686603336386,130000,4102
06-12 22:55:36.492 18735 18832 I BatteryMgr:DataCollectionService: stats => 1686603336492,130000,4102
06-12 22:55:36.600 18735 18832 I BatteryMgr:DataCollectionService: stats => 1686603336600,202500,4102
06-12 22:55:36.705 18735 18832 I BatteryMgr:DataCollectionService: stats => 1686603336705,202500,4102
06-12 22:55:36.812 18735 18832 I BatteryMgr:DataCollectionService: stats => 1686603336811,202500,4102
06-12 22:55:36.917 18735 18832 I BatteryMgr:DataCollectionService: stats => 1686603336917,145625,4102
06-12 22:55:37.018  1323  1402 D VSC     : @ 287155.669: [WO] Proposed rotation: 4, flat angle threshold: 65
06-12 22:55:37.018  1323  1402 D VSC     : @ 287155.669: [WO] orientation angle 317, orientation 4
06-12 22:55:37.018  1323  1402 D VSC     : @ 287155.669: [WO] Gyro angle integrated: 0.029000
06-12 22:55:37.023 18735 18832 I BatteryMgr:DataCollectionService: stats => 1686603337023,145625,4102
06-12 22:55:37.128 18735 18832 I BatteryMgr:DataCollectionService: stats => 1686603337128,145625,4102
06-12 22:55:37.234 18735 18832 I BatteryMgr:DataCollectionService: stats => 1686603337234,146875,4102
06-12 22:55:37.341 18735 18832 I BatteryMgr:DataCollectionService: stats => 1686603337340,146875,4102
06-12 22:55:37.447 18735 18832 I BatteryMgr:DataCollectionService: stats => 1686603337447,146875,4102
06-12 22:55:37.553 18735 18832 I BatteryMgr:DataCollectionService: stats => 1686603337553,146875,4102
06-12 22:55:37.659 18735 18832 I BatteryMgr:DataCollectionService: stats => 1686603337658,135312,4102
06-12 22:55:37.764 18735 18832 I BatteryMgr:DataCollectionService: stats => 1686603337764,135312,4102
06-12 22:55:37.871  1296  1418 D audio_hw_primary: disable_audio_route: usecase(1) reset and update mixer path: low-latency-playback speaker
06-12 22:55:37.874  1296  1418 I audio_hw_cirrus_playback: audio_extn_spkr_prot_stop_processing: pcm_tx_close
06-12 22:55:37.875 18735 18832 I BatteryMgr:DataCollectionService: stats => 1686603337875,135312,4102
06-12 22:55:37.885  1296  1418 D audio_hw_primary: disable_audio_route: usecase(25) reset and update mixer path: spkr-vi-record vi-feedback
06-12 22:55:37.886  1296  1418 D audio_hw_primary: disable_snd_device: snd_device(104: vi-feedback)
06-12 22:55:37.930  1917  2394 D ConnectivityService: NetReassign [no changes] [c 1] [a 0] [i 4]
06-12 22:55:37.999 18735 18832 I BatteryMgr:DataCollectionService: stats => 1686603337999,164375,4102
06-12 22:55:38.007  1548  2594 D BufferPoolAccessor2.0: evictor expired: 1, evicted: 0
06-12 22:55:38.112 18735 18832 I BatteryMgr:DataCollectionService: stats => 1686603338112,164375,4102
06-12 22:55:38.220 18735 18832 I BatteryMgr:DataCollectionService: stats => 1686603338220,164375,4102
06-12 22:55:38.345 18735 18832 I BatteryMgr:DataCollectionService: stats => 1686603338345,203437,4102
06-12 22:55:38.457 18735 18832 I BatteryMgr:DataCollectionService: stats => 1686603338456,203437,4102
06-12 22:55:38.573 18735 18832 I BatteryMgr:DataCollectionService: stats => 1686603338573,203437,4102
06-12 22:55:38.699 18735 18832 I BatteryMgr:DataCollectionService: stats => 1686603338699,185937,4102
06-12 22:55:38.821 18735 18832 I BatteryMgr:DataCollectionService: stats => 1686603338821,185937,4102
06-12 22:55:38.945 18735 18832 I BatteryMgr:DataCollectionService: stats => 1686603338945,185937,4102
06-12 22:55:39.009  1539 14959 D BufferPoolAccessor2.0: evictor expired: 1, evicted: 0
06-12 22:55:39.031  1323  1402 D VSC     : @ 287157.672: [WO] Proposed rotation: 4, flat angle threshold: 65
06-12 22:55:39.032  1323  1402 D VSC     : @ 287157.672: [WO] orientation angle 317, orientation 4
06-12 22:55:39.032  1323  1402 D VSC     : @ 287157.672: [WO] Gyro angle integrated: 0.066640
06-12 22:55:39.062 18735 18832 I BatteryMgr:DataCollectionService: stats => 1686603339062,158125,4102
06-12 22:55:39.172 18735 18832 I BatteryMgr:DataCollectionService: stats => 1686603339172,158125,4102
06-12 22:55:39.287 18735 18832 I BatteryMgr:DataCollectionService: stats => 1686603339287,158125,4102
06-12 22:55:39.401 18735 18832 I BatteryMgr:DataCollectionService: stats => 1686603339400,165000,4102
06-12 22:55:39.523 18735 18832 I BatteryMgr:DataCollectionService: stats => 1686603339523,165000,4102
06-12 22:55:39.650 18735 18832 I BatteryMgr:DataCollectionService: stats => 1686603339650,165000,4102
06-12 22:55:39.768 18735 18832 I BatteryMgr:DataCollectionService: stats => 1686603339768,100625,4102
06-12 22:55:39.900 18735 18832 I BatteryMgr:DataCollectionService: stats => 1686603339900,100625,4102
06-12 22:55:40.010  1548  2594 D BufferPoolAccessor2.0: bufferpool2 0x7bf5a52288 : 0(0 size) total buffers - 0(0 size) used buffers - 88/92 (recycle/alloc) - 4/91 (fetch/transfer)
06-12 22:55:40.011  1548  2594 D BufferPoolAccessor2.0: evictor expired: 1, evicted: 1
06-12 22:55:40.011  1539 14959 D BufferPoolAccessor2.0: bufferpool2 0xef242428 : 0(0 size) total buffers - 0(0 size) used buffers - 90/98 (recycle/alloc) - 8/188 (fetch/transfer)
06-12 22:55:40.011  1539 14959 D BufferPoolAccessor2.0: evictor expired: 1, evicted: 1
06-12 22:55:40.027 18735 18832 I BatteryMgr:DataCollectionService: stats => 1686603340026,100625,4102
06-12 22:55:40.148 18735 18832 I BatteryMgr:DataCollectionService: stats => 1686603340148,135000,4102
06-12 22:55:40.275 18735 18832 I BatteryMgr:DataCollectionService: stats => 1686603340275,135000,4102
06-12 22:55:40.385 18735 18832 I BatteryMgr:DataCollectionService: stats => 1686603340385,191875,4102
06-12 22:55:40.494 18735 18832 I BatteryMgr:DataCollectionService: stats => 1686603340493,191875,4102
06-12 22:55:40.620 18735 18832 I BatteryMgr:DataCollectionService: stats => 1686603340620,191875,4102
06-12 22:55:40.741 18735 18832 I BatteryMgr:DataCollectionService: stats => 1686603340741,191875,4102
06-12 22:55:40.848 18735 18832 I BatteryMgr:DataCollectionService: stats => 1686603340848,102500,4102
06-12 22:55:40.956 18735 18832 I BatteryMgr:DataCollectionService: stats => 1686603340956,102500,4102
06-12 22:55:40.960  1917  2394 D ConnectivityService: NetReassign [no changes] [c 0] [a 0] [i 5]
06-12 22:55:41.019  1323  1402 D VSC     : @ 287159.669: [WO] Proposed rotation: 4, flat angle threshold: 65
06-12 22:55:41.019  1323  1402 D VSC     : @ 287159.669: [WO] orientation angle 317, orientation 4
06-12 22:55:41.019  1323  1402 D VSC     : @ 287159.669: [WO] Gyro angle integrated: 0.073275
06-12 22:55:41.079 18735 18832 I BatteryMgr:DataCollectionService: stats => 1686603341079,102500,4102
06-12 22:55:41.206 18735 18832 I BatteryMgr:DataCollectionService: stats => 1686603341206,122187,4102
06-12 22:55:41.332 18735 18832 I BatteryMgr:DataCollectionService: stats => 1686603341332,122187,4102
06-12 22:55:41.445 18735 18832 I BatteryMgr:DataCollectionService: stats => 1686603341445,221875,4102
06-12 22:55:41.555 18735 18832 I BatteryMgr:DataCollectionService: stats => 1686603341555,221875,4102
06-12 22:55:41.674 18735 18832 I BatteryMgr:DataCollectionService: stats => 1686603341673,221875,4102
06-12 22:55:41.796 18735 18832 I BatteryMgr:DataCollectionService: stats => 1686603341796,115625,4102
06-12 22:55:41.919 18735 18832 I BatteryMgr:DataCollectionService: stats => 1686603341918,115625,4102
06-12 22:55:42.029 18735 18832 I BatteryMgr:DataCollectionService: stats => 1686603342029,115625,4102
06-12 22:55:42.145 18735 18832 I BatteryMgr:DataCollectionService: stats => 1686603342145,171875,4102
06-12 22:55:42.265 18735 18832 I BatteryMgr:DataCollectionService: stats => 1686603342265,171875,4102
06-12 22:55:42.382 18735 18832 I BatteryMgr:DataCollectionService: stats => 1686603342381,171875,4102
06-12 22:55:42.508 18735 18832 I BatteryMgr:DataCollectionService: stats => 1686603342507,119687,4102
06-12 22:55:42.621 18735 18832 I BatteryMgr:DataCollectionService: stats => 1686603342621,119687,4102
06-12 22:55:42.730 18735 18832 I BatteryMgr:DataCollectionService: stats => 1686603342730,119687,4102
06-12 22:55:42.840 18735 18832 I BatteryMgr:DataCollectionService: stats => 1686603342839,106875,4102
06-12 22:55:42.956 18735 18832 I BatteryMgr:DataCollectionService: stats => 1686603342955,106875,4102
06-12 22:55:43.030  1323  1402 D VSC     : @ 287161.671: [WO] Proposed rotation: 4, flat angle threshold: 65
06-12 22:55:43.030  1323  1402 D VSC     : @ 287161.671: [WO] orientation angle 317, orientation 4
06-12 22:55:43.030  1323  1402 D VSC     : @ 287161.672: [WO] Gyro angle integrated: 0.024164
06-12 22:55:43.066 18735 18832 I BatteryMgr:DataCollectionService: stats => 1686603343066,106875,4102
06-12 22:55:43.189 18735 18832 I BatteryMgr:DataCollectionService: stats => 1686603343189,106875,4102
06-12 22:55:43.320 18735 18832 I BatteryMgr:DataCollectionService: stats => 1686603343320,106875,4102
06-12 22:55:43.447 18735 18832 I BatteryMgr:DataCollectionService: stats => 1686603343447,106875,4102
06-12 22:55:43.561 18735 18832 I BatteryMgr:DataCollectionService: stats => 1686603343560,97187,4102
06-12 22:55:43.674 18735 18832 I BatteryMgr:DataCollectionService: stats => 1686603343674,97187,4102
06-12 22:55:43.786 18735 18832 I BatteryMgr:DataCollectionService: stats => 1686603343786,97187,4102
06-12 22:55:43.902 18735 18832 I BatteryMgr:DataCollectionService: stats => 1686603343902,358750,4102
06-12 22:55:43.999  1917  2394 D ConnectivityService: NetReassign [no changes] [c 1] [a 0] [i 5]
06-12 22:55:44.012 18735 18832 I BatteryMgr:DataCollectionService: stats => 1686603344012,358750,4102
06-12 22:55:44.131 18735 18832 I BatteryMgr:DataCollectionService: stats => 1686603344131,358750,4102
06-12 22:55:44.256 18735 18832 I BatteryMgr:DataCollectionService: stats => 1686603344255,100937,4102
06-12 22:55:44.371 18735 18832 I BatteryMgr:DataCollectionService: stats => 1686603344370,100937,4102
06-12 22:55:44.483 18735 18832 I BatteryMgr:DataCollectionService: stats => 1686603344483,100937,4102
06-12 22:55:44.596 18735 18832 I BatteryMgr:DataCollectionService: stats => 1686603344595,130937,4102
06-12 22:55:44.714 18735 18832 I BatteryMgr:DataCollectionService: stats => 1686603344714,130937,4102
06-12 22:55:44.831 18735 18832 I BatteryMgr:DataCollectionService: stats => 1686603344831,130937,4102
06-12 22:55:44.948 18735 18832 I BatteryMgr:DataCollectionService: stats => 1686603344948,195937,4102
06-12 22:55:45.021  1323  1402 D VSC     : @ 287163.669: [WO] Proposed rotation: 4, flat angle threshold: 65
06-12 22:55:45.021  1323  1402 D VSC     : @ 287163.669: [WO] orientation angle 317, orientation 4
06-12 22:55:45.021  1323  1402 D VSC     : @ 287163.669: [WO] Gyro angle integrated: 0.094724
06-12 22:55:45.072 18735 18832 I BatteryMgr:DataCollectionService: stats => 1686603345072,195937,4102
06-12 22:55:45.188 18735 18832 I BatteryMgr:DataCollectionService: stats => 1686603345188,195937,4102
06-12 22:55:45.304 18735 18832 I BatteryMgr:DataCollectionService: stats => 1686603345303,105000,4102
06-12 22:55:45.416 18735 18832 I BatteryMgr:DataCollectionService: stats => 1686603345416,105000,4102
06-12 22:55:45.530 18735 18832 I BatteryMgr:DataCollectionService: stats => 1686603345530,105000,4102
06-12 22:55:45.654 18735 18832 I BatteryMgr:DataCollectionService: stats => 1686603345654,124062,4102
06-12 22:55:45.778 18735 18832 I BatteryMgr:DataCollectionService: stats => 1686603345778,124062,4102
06-12 22:55:45.896 18735 18832 I BatteryMgr:DataCollectionService: stats => 1686603345896,124062,4102
06-12 22:55:46.009 18735 18832 I BatteryMgr:DataCollectionService: stats => 1686603346009,172500,4102
06-12 22:55:46.122 18735 18832 I BatteryMgr:DataCollectionService: stats => 1686603346121,172500,4102
06-12 22:55:46.238 18735 18832 I BatteryMgr:DataCollectionService: stats => 1686603346238,172500,4102
06-12 22:55:46.362 18735 18832 I BatteryMgr:DataCollectionService: stats => 1686603346362,98437,4102
06-12 22:55:46.481 18735 18832 I BatteryMgr:DataCollectionService: stats => 1686603346481,98437,4102
06-12 22:55:46.613 18735 18832 I BatteryMgr:DataCollectionService: stats => 1686603346613,98437,4102
06-12 22:55:46.731 18735 18832 I BatteryMgr:DataCollectionService: stats => 1686603346731,106875,4102
06-12 22:55:46.863 18735 18832 I BatteryMgr:DataCollectionService: stats => 1686603346862,106875,4102
06-12 22:55:46.988 18735 18832 I BatteryMgr:DataCollectionService: stats => 1686603346988,106875,4102
06-12 22:55:47.018  1323  1402 D VSC     : @ 287165.669: [WO] Proposed rotation: 4, flat angle threshold: 65
06-12 22:55:47.018  1323  1402 D VSC     : @ 287165.669: [WO] orientation angle 317, orientation 4
06-12 22:55:47.018  1323  1402 D VSC     : @ 287165.669: [WO] Gyro angle integrated: 0.071532
06-12 22:55:47.039  1917  2394 D ConnectivityService: NetReassign [no changes] [c 1] [a 0] [i 4]
06-12 22:55:47.099 18735 18832 I BatteryMgr:DataCollectionService: stats => 1686603347099,198750,4102
06-12 22:55:47.212 18735 18832 I BatteryMgr:DataCollectionService: stats => 1686603347212,198750,4102
06-12 22:55:47.339 18735 18832 I BatteryMgr:DataCollectionService: stats => 1686603347339,198750,4102
06-12 22:55:47.454 18735 18832 I BatteryMgr:DataCollectionService: stats => 1686603347454,127187,4102
06-12 22:55:47.563 18735 18832 I BatteryMgr:DataCollectionService: stats => 1686603347563,127187,4102
06-12 22:55:47.697 18735 18832 I BatteryMgr:DataCollectionService: stats => 1686603347697,127187,4102
06-12 22:55:47.824 18735 18832 I BatteryMgr:DataCollectionService: stats => 1686603347824,184062,4102
06-12 22:55:47.955 18735 18832 I BatteryMgr:DataCollectionService: stats => 1686603347954,184062,4102
06-12 22:55:48.067 18735 18832 I BatteryMgr:DataCollectionService: stats => 1686603348067,184062,4102
06-12 22:55:48.176 18735 18832 I BatteryMgr:DataCollectionService: stats => 1686603348176,137187,4102
06-12 22:55:48.292 18735 18832 I BatteryMgr:DataCollectionService: stats => 1686603348292,137187,4102
06-12 22:55:48.401 18735 18832 I BatteryMgr:DataCollectionService: stats => 1686603348401,137187,4102
06-12 22:55:48.525 18735 18832 I BatteryMgr:DataCollectionService: stats => 1686603348525,100000,4102
06-12 22:55:48.648 18735 18832 I BatteryMgr:DataCollectionService: stats => 1686603348648,100000,4102
06-12 22:55:48.777 18735 18832 I BatteryMgr:DataCollectionService: stats => 1686603348776,100000,4102
06-12 22:55:48.886 18735 18832 I BatteryMgr:DataCollectionService: stats => 1686603348886,134687,4102
06-12 22:55:48.997 18735 18832 I BatteryMgr:DataCollectionService: stats => 1686603348997,134687,4102
06-12 22:55:49.022  1323  1402 D VSC     : @ 287167.669: [WO] Proposed rotation: 4, flat angle threshold: 65
06-12 22:55:49.022  1323  1402 D VSC     : @ 287167.669: [WO] orientation angle 317, orientation 4
06-12 22:55:49.022  1323  1402 D VSC     : @ 287167.669: [WO] Gyro angle integrated: 0.120914
06-12 22:55:49.120 18735 18832 I BatteryMgr:DataCollectionService: stats => 1686603349119,134687,4102
06-12 22:55:49.242 18735 18832 I BatteryMgr:DataCollectionService: stats => 1686603349242,119687,4102
06-12 22:55:49.356 18735 18832 I BatteryMgr:DataCollectionService: stats => 1686603349356,119687,4102
06-12 22:55:49.470 18735 18832 I BatteryMgr:DataCollectionService: stats => 1686603349469,119687,4102
06-12 22:55:49.596 18735 18832 I BatteryMgr:DataCollectionService: stats => 1686603349596,210937,4102
06-12 22:55:49.709 18735 18832 I BatteryMgr:DataCollectionService: stats => 1686603349709,210937,4102
06-12 22:55:49.829 18735 18832 I BatteryMgr:DataCollectionService: stats => 1686603349829,210937,4102
06-12 22:55:49.957 18735 18832 I BatteryMgr:DataCollectionService: stats => 1686603349957,121875,4102
06-12 22:55:50.065 18735 18832 I BatteryMgr:DataCollectionService: stats => 1686603350065,121875,4102
06-12 22:55:50.069  1917  2394 D ConnectivityService: NetReassign [no changes] [c 0] [a 0] [i 5]
06-12 22:55:50.187 18735 18832 I BatteryMgr:DataCollectionService: stats => 1686603350187,121875,4102
06-12 22:55:50.318 18735 18832 I BatteryMgr:DataCollectionService: stats => 1686603350318,113750,4102
06-12 22:55:50.427 18735 18832 I BatteryMgr:DataCollectionService: stats => 1686603350427,113750,4102
06-12 22:55:50.536 18735 18832 I BatteryMgr:DataCollectionService: stats => 1686603350536,113750,4102
06-12 22:55:50.646 18735 18832 I BatteryMgr:DataCollectionService: stats => 1686603350646,205312,4102
06-12 22:55:50.776 18735 18832 I BatteryMgr:DataCollectionService: stats => 1686603350776,205312,4102
06-12 22:55:50.893 18735 18832 I BatteryMgr:DataCollectionService: stats => 1686603350893,205312,4102
06-12 22:55:51.020  1323  1402 D VSC     : @ 287169.669: [WO] Proposed rotation: 4, flat angle threshold: 65
06-12 22:55:51.020  1323  1402 D VSC     : @ 287169.669: [WO] orientation angle 317, orientation 4
06-12 22:55:51.020  1323  1402 D VSC     : @ 287169.669: [WO] Gyro angle integrated: 0.124208
06-12 22:55:51.020 18735 18832 I BatteryMgr:DataCollectionService: stats => 1686603351020,108437,4102
06-12 22:55:51.145 18735 18832 I BatteryMgr:DataCollectionService: stats => 1686603351144,108437,4102
06-12 22:55:51.262 18735 18832 I BatteryMgr:DataCollectionService: stats => 1686603351262,124375,4102
06-12 22:55:51.381 18735 18832 I BatteryMgr:DataCollectionService: stats => 1686603351381,124375,4102
06-12 22:55:51.496 18735 18832 I BatteryMgr:DataCollectionService: stats => 1686603351496,124375,4102
06-12 22:55:51.608 18735 18832 I BatteryMgr:DataCollectionService: stats => 1686603351608,177187,4102
06-12 22:55:51.724 18735 18832 I BatteryMgr:DataCollectionService: stats => 1686603351724,177187,4102
06-12 22:55:51.855 18735 18832 I BatteryMgr:DataCollectionService: stats => 1686603351855,177187,4102
06-12 22:55:51.975 18735 18832 I BatteryMgr:DataCollectionService: stats => 1686603351975,117812,4102
06-12 22:55:52.099 18735 18832 I BatteryMgr:DataCollectionService: stats => 1686603352099,117812,4102
06-12 22:55:52.221 18735 18832 I BatteryMgr:DataCollectionService: stats => 1686603352221,117812,4102
06-12 22:55:52.353 18735 18832 I BatteryMgr:DataCollectionService: stats => 1686603352353,128750,4102
06-12 22:55:52.461 18735 18832 I BatteryMgr:DataCollectionService: stats => 1686603352461,128750,4102
06-12 22:55:52.578 18735 18832 I BatteryMgr:DataCollectionService: stats => 1686603352578,128750,4102
06-12 22:55:52.690 18735 18832 I BatteryMgr:DataCollectionService: stats => 1686603352690,102812,4102
06-12 22:55:52.806 18735 18832 I BatteryMgr:DataCollectionService: stats => 1686603352806,102812,4102
06-12 22:55:52.915 18735 18832 I BatteryMgr:DataCollectionService: stats => 1686603352915,102812,4102
06-12 22:55:53.024  1323  1402 D VSC     : @ 287171.671: [WO] Proposed rotation: 4, flat angle threshold: 65
06-12 22:55:53.025  1323  1402 D VSC     : @ 287171.671: [WO] orientation angle 317, orientation 4
06-12 22:55:53.025  1323  1402 D VSC     : @ 287171.671: [WO] Gyro angle integrated: 0.092306
06-12 22:55:53.042 18735 18832 I BatteryMgr:DataCollectionService: stats => 1686603353041,320312,4102
06-12 22:55:53.110  1917  2394 D ConnectivityService: NetReassign [no changes] [c 0] [a 0] [i 5]
06-12 22:55:53.156 18735 18832 I BatteryMgr:DataCollectionService: stats => 1686603353156,320312,4102
06-12 22:55:53.281 18735 18832 I BatteryMgr:DataCollectionService: stats => 1686603353280,320312,4102
06-12 22:55:53.390 18735 18832 I BatteryMgr:DataCollectionService: stats => 1686603353390,100000,4102
06-12 22:55:53.518 18735 18832 I BatteryMgr:DataCollectionService: stats => 1686603353517,100000,4102
06-12 22:55:53.640 18735 18832 I BatteryMgr:DataCollectionService: stats => 1686603353640,100000,4102
06-12 22:55:53.763 18735 18832 I BatteryMgr:DataCollectionService: stats => 1686603353763,165312,4102
06-12 22:55:53.883 18735 18832 I BatteryMgr:DataCollectionService: stats => 1686603353883,165312,4102
06-12 22:55:53.996 18735 18832 I BatteryMgr:DataCollectionService: stats => 1686603353996,165312,4102
06-12 22:55:54.109 18735 18832 I BatteryMgr:DataCollectionService: stats => 1686603354108,147812,4102
06-12 22:55:54.230 18735 18832 I BatteryMgr:DataCollectionService: stats => 1686603354230,147812,4102
06-12 22:55:54.357 18735 18832 I BatteryMgr:DataCollectionService: stats => 1686603354357,147812,4102
06-12 22:55:54.481 18735 18832 I BatteryMgr:DataCollectionService: stats => 1686603354481,98437,4102
06-12 22:55:54.608 18735 18832 I BatteryMgr:DataCollectionService: stats => 1686603354608,98437,4102
06-12 22:55:54.727 18735 18832 I BatteryMgr:DataCollectionService: stats => 1686603354727,98437,4102
06-12 22:55:54.852 18735 18832 I BatteryMgr:DataCollectionService: stats => 1686603354852,126250,4102
06-12 22:55:54.969 18735 18832 I BatteryMgr:DataCollectionService: stats => 1686603354969,126250,4102
06-12 22:55:55.020  1323  1402 D VSC     : @ 287173.668: [WO] Proposed rotation: 4, flat angle threshold: 65
06-12 22:55:55.020  1323  1402 D VSC     : @ 287173.668: [WO] orientation angle 317, orientation 4
06-12 22:55:55.020  1323  1402 D VSC     : @ 287173.668: [WO] Gyro angle integrated: 0.176915
06-12 22:55:55.086 18735 18832 I BatteryMgr:DataCollectionService: stats => 1686603355086,126250,4102
06-12 22:55:55.211 18735 18832 I BatteryMgr:DataCollectionService: stats => 1686603355211,200000,4102
06-12 22:55:55.329 18735 18832 I BatteryMgr:DataCollectionService: stats => 1686603355329,200000,4102
06-12 22:55:55.455 18735 18832 I BatteryMgr:DataCollectionService: stats => 1686603355455,115312,4102
06-12 22:55:55.571 18735 18832 I BatteryMgr:DataCollectionService: stats => 1686603355570,115312,4102
06-12 22:55:55.695 18735 18832 I BatteryMgr:DataCollectionService: stats => 1686603355694,115312,4102
06-12 22:55:55.818 18735 18832 I BatteryMgr:DataCollectionService: stats => 1686603355818,102812,4102
06-12 22:55:55.936 18735 18832 I BatteryMgr:DataCollectionService: stats => 1686603355936,102812,4102
06-12 22:55:56.051 18735 18832 I BatteryMgr:DataCollectionService: stats => 1686603356051,102812,4102
06-12 22:55:56.135  1917  2394 D ConnectivityService: NetReassign [no changes] [c 0] [a 1] [i 4]
06-12 22:55:56.166 18735 18832 I BatteryMgr:DataCollectionService: stats => 1686603356166,208750,4102
06-12 22:55:56.276 18735 18832 I BatteryMgr:DataCollectionService: stats => 1686603356276,208750,4102
06-12 22:55:56.400 18735 18832 I BatteryMgr:DataCollectionService: stats => 1686603356399,208750,4102
06-12 22:55:56.530 18735 18832 I BatteryMgr:DataCollectionService: stats => 1686603356530,110625,4102
06-12 22:55:56.651 18735 18832 I BatteryMgr:DataCollectionService: stats => 1686603356651,110625,4102
06-12 22:55:56.765 18735 18832 I BatteryMgr:DataCollectionService: stats => 1686603356764,110625,4102
06-12 22:55:56.881 18735 18832 I BatteryMgr:DataCollectionService: stats => 1686603356881,177812,4102
06-12 22:55:56.998 18735 18832 I BatteryMgr:DataCollectionService: stats => 1686603356998,177812,4102
06-12 22:55:57.029  1323  1402 D VSC     : @ 287175.671: [WO] Proposed rotation: 4, flat angle threshold: 65
06-12 22:55:57.029  1323  1402 D VSC     : @ 287175.671: [WO] orientation angle 317, orientation 4
06-12 22:55:57.030  1323  1402 D VSC     : @ 287175.671: [WO] Gyro angle integrated: 0.200256
06-12 22:55:57.122 18735 18832 I BatteryMgr:DataCollectionService: stats => 1686603357122,177812,4102
06-12 22:55:57.236 18735 18832 I BatteryMgr:DataCollectionService: stats => 1686603357235,220000,4102
06-12 22:55:57.348 18735 18832 I BatteryMgr:DataCollectionService: stats => 1686603357348,220000,4102
06-12 22:55:57.469 18735 18832 I BatteryMgr:DataCollectionService: stats => 1686603357469,220000,4102
06-12 22:55:57.597 18735 18832 I BatteryMgr:DataCollectionService: stats => 1686603357596,110000,4102
06-12 22:55:57.721 18735 18832 I BatteryMgr:DataCollectionService: stats => 1686603357721,110000,4102
06-12 22:55:57.850 18735 18832 I BatteryMgr:DataCollectionService: stats => 1686603357850,110000,4102
06-12 22:55:57.981 18735 18832 I BatteryMgr:DataCollectionService: stats => 1686603357981,103750,4102
06-12 22:55:58.095 18735 18832 I BatteryMgr:DataCollectionService: stats => 1686603358095,103750,4102
06-12 22:55:58.218 18735 18832 I BatteryMgr:DataCollectionService: stats => 1686603358217,103750,4102
06-12 22:55:58.334 18735 18832 I BatteryMgr:DataCollectionService: stats => 1686603358334,91875,4102
06-12 22:55:58.451 18735 18832 I BatteryMgr:DataCollectionService: stats => 1686603358450,91875,4102
06-12 22:55:58.581 18735 18832 I BatteryMgr:DataCollectionService: stats => 1686603358581,91875,4102
06-12 22:55:58.706 18735 18832 I BatteryMgr:DataCollectionService: stats => 1686603358705,133125,4102
06-12 22:55:58.833 18735 18832 I BatteryMgr:DataCollectionService: stats => 1686603358833,133125,4102
06-12 22:55:58.949 18735 18832 I BatteryMgr:DataCollectionService: stats => 1686603358949,133125,4102
06-12 22:55:59.021  1323  1402 D VSC     : @ 287177.668: [WO] Proposed rotation: 4, flat angle threshold: 65
06-12 22:55:59.021  1323  1402 D VSC     : @ 287177.668: [WO] orientation angle 317, orientation 4
06-12 22:55:59.021  1323  1402 D VSC     : @ 287177.668: [WO] Gyro angle integrated: 0.002897
06-12 22:55:59.060 18735 18832 I BatteryMgr:DataCollectionService: stats => 1686603359060,162500,4102
06-12 22:55:59.165  1917  2394 D ConnectivityService: NetReassign [no changes] [c 1] [a 0] [i 5]
06-12 22:55:59.168 18735 18832 I BatteryMgr:DataCollectionService: stats => 1686603359168,162500,4102
06-12 22:55:59.288 18735 18832 I BatteryMgr:DataCollectionService: stats => 1686603359288,162500,4102
06-12 22:55:59.411 18735 18832 I BatteryMgr:DataCollectionService: stats => 1686603359411,115937,4102
06-12 22:55:59.530 18735 18832 I BatteryMgr:DataCollectionService: stats => 1686603359529,115937,4102
06-12 22:55:59.640 18735 18832 I BatteryMgr:DataCollectionService: stats => 1686603359640,115937,4102
06-12 22:55:59.749 18735 18832 I BatteryMgr:DataCollectionService: stats => 1686603359748,205312,4102
06-12 22:55:59.875 18735 18832 I BatteryMgr:DataCollectionService: stats => 1686603359874,205312,4102
06-12 22:55:59.999 18735 18832 I BatteryMgr:DataCollectionService: stats => 1686603359998,126875,4102
06-12 22:56:00.009 24010 24049 I AiAiEcho: Predicting[7]: { Feature:1, creation:2023-06-12T20:39:50.281Z, expiry:2023-06-12T21:00:00Z, isExpired: false}, { Feature:1, creation:2023-06-12T21:00:00Z, expiry:2023-06-12T22:00:00Z, isExpired: true}, { Feature:1, creation:2023-06-12T22:00:00Z, expiry:2023-06-12T23:00:00Z, isExpired: true}, { Feature:1, creation:2023-06-12T23:00:00Z, expiry:2023-06-13T00:00:00Z, isExpired: true}, { Feature:1, creation:2023-06-13T00:00:00Z, expiry:2023-06-13T01:00:00Z, isExpired: true}, { Feature:1, creation:2023-06-13T01:00:00Z, expiry:2023-06-13T02:00:00Z, isExpired: true}, { Feature:1, creation:2023-06-13T02:00:00Z, expiry:2023-06-13T02:39:50.281Z, isExpired: true}
06-12 22:56:00.011 24010 24049 I AiAiEcho: EchoTargets: Feature:1
06-12 22:56:00.011 24010 24049 I AiAiEcho: Filtered by AiAi flag check: 
06-12 22:56:00.012 24010 24049 I AiAiEcho: Ranked targets strategy: WEIGHTED, count: 1, ranking metadata: { cardId: WEATHER-569377242, card type: 1, update time: 2023-06-12T20:39:50.281Z, expiration time: 2023-06-12T21:00:00Z, ranking metadata: RankingMetaData(urgency=0.927, priority=0.3, recency=1.0, rankScore=0.2781, importantTimePoints=# kwj@7bca4) }
06-12 22:56:00.015 24010 24049 I AiAiEcho: #postPredictionTargets: Sending updates to UISurface lockscreen with targets# 1 (types=[1])
06-12 22:56:00.041  2553  2553 W BcSmartspaceCard: No title view to update
06-12 22:56:00.109 18735 18832 I BatteryMgr:DataCollectionService: stats => 1686603360109,126875,4102
06-12 22:56:00.235 18735 18832 I BatteryMgr:DataCollectionService: stats => 1686603360234,126875,4102
06-12 22:56:00.345 18735 18832 I BatteryMgr:DataCollectionService: stats => 1686603360344,126875,4102
06-12 22:56:00.462 18735 18832 I BatteryMgr:DataCollectionService: stats => 1686603360462,162500,4102
06-12 22:56:00.577 18735 18832 I BatteryMgr:DataCollectionService: stats => 1686603360576,162500,4102
06-12 22:56:00.689 18735 18832 I BatteryMgr:DataCollectionService: stats => 1686603360689,162500,4102
06-12 22:56:00.809 18735 18832 I BatteryMgr:DataCollectionService: stats => 1686603360809,212812,4102
06-12 22:56:00.932 18735 18832 I BatteryMgr:DataCollectionService: stats => 1686603360932,212812,4102
06-12 22:56:01.031  1323  1402 D VSC     : @ 287179.672: [WO] Proposed rotation: 4, flat angle threshold: 65
06-12 22:56:01.031  1323  1402 D VSC     : @ 287179.672: [WO] orientation angle 317, orientation 4
06-12 22:56:01.031  1323  1402 D VSC     : @ 287179.672: [WO] Gyro angle integrated: 0.177011
06-12 22:56:01.053 18735 18832 I BatteryMgr:DataCollectionService: stats => 1686603361053,212812,4102
06-12 22:56:01.184 18735 18832 I BatteryMgr:DataCollectionService: stats => 1686603361183,123750,4102
06-12 22:56:01.307 18735 18832 I BatteryMgr:DataCollectionService: stats => 1686603361307,123750,4102
06-12 22:56:01.423 18735 18832 I BatteryMgr:DataCollectionService: stats => 1686603361423,125000,4102
06-12 22:56:01.551 18735 18832 I BatteryMgr:DataCollectionService: stats => 1686603361551,125000,4102
06-12 22:56:01.682 18735 18832 I BatteryMgr:DataCollectionService: stats => 1686603361681,125000,4102
06-12 22:56:01.799 18735 18832 I BatteryMgr:DataCollectionService: stats => 1686603361798,97187,4102
06-12 22:56:01.915 18735 18832 I BatteryMgr:DataCollectionService: stats => 1686603361915,97187,4102
06-12 22:56:02.030 18735 18832 I BatteryMgr:DataCollectionService: stats => 1686603362030,97187,4102
06-12 22:56:02.156 18735 18832 I BatteryMgr:DataCollectionService: stats => 1686603362156,90625,4102
06-12 22:56:02.195  1917  2394 D ConnectivityService: NetReassign [no changes] [c 1] [a 0] [i 5]
06-12 22:56:02.274 18735 18832 I BatteryMgr:DataCollectionService: stats => 1686603362273,90625,4102
06-12 22:56:02.395 18735 18832 I BatteryMgr:DataCollectionService: stats => 1686603362395,90625,4102
06-12 22:56:02.505 18735 18832 I BatteryMgr:DataCollectionService: stats => 1686603362504,128437,4102
06-12 22:56:02.617 18735 18832 I BatteryMgr:DataCollectionService: stats => 1686603362617,128437,4102
06-12 22:56:02.741 18735 18832 I BatteryMgr:DataCollectionService: stats => 1686603362740,128437,4102
06-12 22:56:02.853 18735 18832 I BatteryMgr:DataCollectionService: stats => 1686603362853,252812,4102
06-12 22:56:02.965 18735 18832 I BatteryMgr:DataCollectionService: stats => 1686603362965,252812,4102
06-12 22:56:03.021  1323  1402 D VSC     : @ 287181.669: [WO] Proposed rotation: 4, flat angle threshold: 65
06-12 22:56:03.022  1323  1402 D VSC     : @ 287181.669: [WO] orientation angle 317, orientation 4
06-12 22:56:03.022  1323  1402 D VSC     : @ 287181.669: [WO] Gyro angle integrated: 0.101005
06-12 22:56:03.082 18735 18832 I BatteryMgr:DataCollectionService: stats => 1686603363082,252812,4102
06-12 22:56:03.200 18735 18832 I BatteryMgr:DataCollectionService: stats => 1686603363199,125625,4102
06-12 22:56:03.315 18735 18832 I BatteryMgr:DataCollectionService: stats => 1686603363315,125625,4102
06-12 22:56:03.434 18735 18832 I BatteryMgr:DataCollectionService: stats => 1686603363433,125625,4102
06-12 22:56:03.557 18735 18832 I BatteryMgr:DataCollectionService: stats => 1686603363557,105625,4102
06-12 22:56:03.686 18735 18832 I BatteryMgr:DataCollectionService: stats => 1686603363685,105625,4102
06-12 22:56:03.809 18735 18832 I BatteryMgr:DataCollectionService: stats => 1686603363809,105625,4102
06-12 22:56:03.928 18735 18832 I BatteryMgr:DataCollectionService: stats => 1686603363928,129687,4102
06-12 22:56:04.038 18735 18832 I BatteryMgr:DataCollectionService: stats => 1686603364038,129687,4102
06-12 22:56:04.153 18735 18832 I BatteryMgr:DataCollectionService: stats => 1686603364153,129687,4102
06-12 22:56:04.270 18735 18832 I BatteryMgr:DataCollectionService: stats => 1686603364269,339062,4102
06-12 22:56:04.400 18735 18832 I BatteryMgr:DataCollectionService: stats => 1686603364400,339062,4102
06-12 22:56:04.528 18735 18832 I BatteryMgr:DataCollectionService: stats => 1686603364528,339062,4102
06-12 22:56:04.642 18735 18832 I BatteryMgr:DataCollectionService: stats => 1686603364641,149687,4102
06-12 22:56:04.765 18735 18832 I BatteryMgr:DataCollectionService: stats => 1686603364765,149687,4102
06-12 22:56:04.891 18735 18832 I BatteryMgr:DataCollectionService: stats => 1686603364891,149687,4102
06-12 22:56:05.018 18735 18832 I BatteryMgr:DataCollectionService: stats => 1686603365018,146875,4102
06-12 22:56:05.018  1323  1402 D VSC     : @ 287183.669: [WO] Proposed rotation: 4, flat angle threshold: 65
06-12 22:56:05.018  1323  1402 D VSC     : @ 287183.669: [WO] orientation angle 317, orientation 4
06-12 22:56:05.018  1323  1402 D VSC     : @ 287183.669: [WO] Gyro angle integrated: 0.069470
06-12 22:56:05.140 18735 18832 I BatteryMgr:DataCollectionService: stats => 1686603365140,146875,4102
06-12 22:56:05.219  1917  2394 D ConnectivityService: NetReassign [no changes] [c 0] [a 1] [i 4]
06-12 22:56:05.258 18735 18832 I BatteryMgr:DataCollectionService: stats => 1686603365257,146875,4102
06-12 22:56:05.374 18735 18832 I BatteryMgr:DataCollectionService: stats => 1686603365374,205312,4102
06-12 22:56:05.492 18735 18832 I BatteryMgr:DataCollectionService: stats => 1686603365492,205312,4102
06-12 22:56:05.602 18735 18832 I BatteryMgr:DataCollectionService: stats => 1686603365602,205312,4102
06-12 22:56:05.725 18735 18832 I BatteryMgr:DataCollectionService: stats => 1686603365725,130312,4102
06-12 22:56:05.847 18735 18832 I BatteryMgr:DataCollectionService: stats => 1686603365847,130312,4102
06-12 22:56:05.966 18735 18832 I BatteryMgr:DataCollectionService: stats => 1686603365966,130312,4102
06-12 22:56:06.082 18735 18832 I BatteryMgr:DataCollectionService: stats => 1686603366082,130312,4102
06-12 22:56:06.209 18735 18832 I BatteryMgr:DataCollectionService: stats => 1686603366209,130312,4102
06-12 22:56:06.322 18735 18832 I BatteryMgr:DataCollectionService: stats => 1686603366322,184687,4102
06-12 22:56:06.435 18735 18832 I BatteryMgr:DataCollectionService: stats => 1686603366435,184687,4102
06-12 22:56:06.562 18735 18832 I BatteryMgr:DataCollectionService: stats => 1686603366562,184687,4102
06-12 22:56:06.690 18735 18832 I BatteryMgr:DataCollectionService: stats => 1686603366689,114375,4102
06-12 22:56:06.809 18735 18832 I BatteryMgr:DataCollectionService: stats => 1686603366809,114375,4102
06-12 22:56:06.936 18735 18832 I BatteryMgr:DataCollectionService: stats => 1686603366936,114375,4102
06-12 22:56:07.032  1323  1402 D VSC     : @ 287185.673: [WO] Proposed rotation: 4, flat angle threshold: 65
06-12 22:56:07.032  1323  1402 D VSC     : @ 287185.673: [WO] orientation angle 317, orientation 4
06-12 22:56:07.032  1323  1402 D VSC     : @ 287185.673: [WO] Gyro angle integrated: 0.064521
06-12 22:56:07.052 18735 18832 I BatteryMgr:DataCollectionService: stats => 1686603367051,141250,4102
06-12 22:56:07.178 18735 18832 I BatteryMgr:DataCollectionService: stats => 1686603367178,141250,4102
06-12 22:56:07.296 18735 18832 I BatteryMgr:DataCollectionService: stats => 1686603367296,141250,4102
06-12 22:56:07.405 18735 18832 I BatteryMgr:DataCollectionService: stats => 1686603367405,109062,4102
06-12 22:56:07.518 18735 18832 I BatteryMgr:DataCollectionService: stats => 1686603367518,109062,4102
06-12 22:56:07.630 18735 18832 I BatteryMgr:DataCollectionService: stats => 1686603367630,109062,4102
06-12 22:56:07.756 18735 18832 I BatteryMgr:DataCollectionService: stats => 1686603367756,149062,4102
06-12 22:56:07.882 18735 18832 I BatteryMgr:DataCollectionService: stats => 1686603367882,149062,4102
06-12 22:56:07.999 18735 18832 I BatteryMgr:DataCollectionService: stats => 1686603367999,149062,4102
06-12 22:56:08.126 18735 18832 I BatteryMgr:DataCollectionService: stats => 1686603368126,102812,4102
06-12 22:56:08.234 18735 18832 I BatteryMgr:DataCollectionService: stats => 1686603368234,102812,4102
06-12 22:56:08.253  1917  2394 D ConnectivityService: NetReassign [no changes] [c 1] [a 0] [i 5]
06-12 22:56:08.355 18735 18832 I BatteryMgr:DataCollectionService: stats => 1686603368355,102812,4102
06-12 22:56:08.481 18735 18832 I BatteryMgr:DataCollectionService: stats => 1686603368481,98750,4102
