07-03 11:48:04.509  1490  2506 W AMessage: failed to post message as target looper for handler 0 is gone.
07-03 11:48:04.509  1250  1889 D audio_hw_waves: print_state_log: send volume table -(0,0.000000,F),(1,0.000000,F),(2,0.000000,F),(3,0.000000,F),(4,0.000000,F),(5,0.000000,F)
07-03 11:48:04.922  1864  2354 D ConnectivityService: NetReassign [no changes] [c 0] [a 0] [i 3]
07-03 11:48:05.066 15259 15356 I BatteryMgr:DataCollectionService: stats => 1688377685066,130312,4164
07-03 11:48:06.076 15259 15356 I BatteryMgr:DataCollectionService: stats => 1688377686076,143437,4164
07-03 11:48:07.085 15259 15356 I BatteryMgr:DataCollectionService: stats => 1688377687085,299687,4164
07-03 11:48:07.484  1250  1250 D audio_hw_primary: disable_audio_route: usecase(1) reset and update mixer path: low-latency-playback speaker
07-03 11:48:07.487  1250  1250 I audio_hw_cirrus_playback: audio_extn_spkr_prot_stop_processing: pcm_tx_close
07-03 11:48:07.510  1250  1250 D audio_hw_primary: disable_audio_route: usecase(25) reset and update mixer path: spkr-vi-record vi-feedback
07-03 11:48:07.510  1250  1250 D audio_hw_primary: disable_snd_device: snd_device(104: vi-feedback)
07-03 11:48:07.644  1490 13610 D BufferPoolAccessor2.0: evictor expired: 1, evicted: 0
07-03 11:48:07.645  1509  2465 D BufferPoolAccessor2.0: evictor expired: 1, evicted: 0
07-03 11:48:07.958  1864  2354 D ConnectivityService: NetReassign [no changes] [c 1] [a 0] [i 3]
07-03 11:48:08.097 15259 15356 I BatteryMgr:DataCollectionService: stats => 1688377688096,186875,4164
07-03 11:48:09.112 15259 15356 I BatteryMgr:DataCollectionService: stats => 1688377689111,196250,4164
07-03 11:48:09.657  1490 13610 D BufferPoolAccessor2.0: bufferpool2 0xe7e42308 : 0(0 size) total buffers - 0(0 size) used buffers - 89/97 (recycle/alloc) - 8/188 (fetch/transfer)
07-03 11:48:09.657  1509  2465 D BufferPoolAccessor2.0: bufferpool2 0x7163c95028 : 0(0 size) total buffers - 0(0 size) used buffers - 89/92 (recycle/alloc) - 3/91 (fetch/transfer)
07-03 11:48:09.657  1509  2465 D BufferPoolAccessor2.0: evictor expired: 1, evicted: 1
07-03 11:48:09.657  1490 13610 D BufferPoolAccessor2.0: evictor expired: 1, evicted: 1
07-03 11:48:10.128 15259 15356 I BatteryMgr:DataCollectionService: stats => 1688377690128,69062,4164
07-03 11:48:10.994  1864  2354 D ConnectivityService: NetReassign [no changes] [c 0] [a 1] [i 2]
07-03 11:48:11.145 15259 15356 I BatteryMgr:DataCollectionService: stats => 1688377691145,91562,4164
07-03 11:48:12.165 15259 15356 I BatteryMgr:DataCollectionService: stats => 1688377692165,107500,4164
07-03 11:48:13.190 15259 15356 I BatteryMgr:DataCollectionService: stats => 1688377693190,75625,4164
07-03 11:48:14.024  1864  2354 D ConnectivityService: NetReassign [no changes] [c 1] [a 0] [i 3]
07-03 11:48:14.208 15259 15356 I BatteryMgr:DataCollectionService: stats => 1688377694208,105625,4164
07-03 11:48:15.236 15259 15356 I BatteryMgr:DataCollectionService: stats => 1688377695236,132187,4164
07-03 11:48:16.252 15259 15356 I BatteryMgr:DataCollectionService: stats => 1688377696252,102500,4164
07-03 11:48:17.051  1864  2354 D ConnectivityService: NetReassign [no changes] [c 0] [a 0] [i 3]
07-03 11:48:17.277 15259 15356 I BatteryMgr:DataCollectionService: stats => 1688377697277,131875,4164
07-03 11:48:18.296 15259 15356 I BatteryMgr:DataCollectionService: stats => 1688377698296,168750,4164
07-03 11:48:19.323 15259 15356 I BatteryMgr:DataCollectionService: stats => 1688377699323,162812,4164
07-03 11:48:20.071  1864  2354 D ConnectivityService: NetReassign [no changes] [c 1] [a 0] [i 3]
07-03 11:48:20.342 15259 15356 I BatteryMgr:DataCollectionService: stats => 1688377700342,217187,4164
07-03 11:48:21.355 15259 15356 I BatteryMgr:DataCollectionService: stats => 1688377701355,86562,4164
07-03 11:48:22.375 15259 15356 I BatteryMgr:DataCollectionService: stats => 1688377702375,220312,4164
07-03 11:48:23.105  1864  2354 D ConnectivityService: NetReassign [no changes] [c 0] [a 0] [i 3]
07-03 11:48:23.392 15259 15356 I BatteryMgr:DataCollectionService: stats => 1688377703392,106875,4164
07-03 11:48:24.410 15259 15356 I BatteryMgr:DataCollectionService: stats => 1688377704410,116562,4164
07-03 11:48:24.623  1864  4233 D TelephonyManager: requestModemActivityInfo: Sending result to app: ModemActivityInfo{ mTimestamp=77142324 mSleepTimeMs=58630667 mIdleTimeMs=18177707 mTxTimeMs[]=[0, 0, 0, 0, 0] mRxTimeMs=301355}
07-03 11:48:24.650  1864  2018 E system_server: Cannot read thread CPU times for PID 1864
07-03 11:48:25.436 15259 15356 I BatteryMgr:DataCollectionService: stats => 1688377705435,109687,4164
07-03 11:48:26.132  1864  2354 D ConnectivityService: NetReassign [no changes] [c 0] [a 0] [i 4]
07-03 11:48:26.455 15259 15356 I BatteryMgr:DataCollectionService: stats => 1688377706455,75937,4164
07-03 11:48:27.473 15259 15356 I BatteryMgr:DataCollectionService: stats => 1688377707473,105312,4164
07-03 11:48:28.500 15259 15356 I BatteryMgr:DataCollectionService: stats => 1688377708500,89687,4164
07-03 11:48:29.151  1864  2354 D ConnectivityService: NetReassign [no changes] [c 1] [a 0] [i 3]
07-03 11:48:29.526 15259 15356 I BatteryMgr:DataCollectionService: stats => 1688377709525,159062,4164
07-03 11:48:30.554 15259 15356 I BatteryMgr:DataCollectionService: stats => 1688377710554,170625,4164
07-03 11:48:31.580 15259 15356 I BatteryMgr:DataCollectionService: stats => 1688377711580,111562,4164
07-03 11:48:32.182  1864  2354 D ConnectivityService: NetReassign [no changes] [c 0] [a 0] [i 3]
07-03 11:48:32.597 15259 15356 I BatteryMgr:DataCollectionService: stats => 1688377712596,128125,4164
07-03 11:48:33.610 15259 15356 I BatteryMgr:DataCollectionService: stats => 1688377713610,110937,4164
07-03 11:48:34.636 15259 15356 I BatteryMgr:DataCollectionService: stats => 1688377714635,98125,4164
07-03 11:48:35.220  1864  2354 D ConnectivityService: NetReassign [no changes] [c 0] [a 1] [i 3]
07-03 11:48:35.327  2439  2485 I QAWController: Re-creating the QAW client to avoid stale.
07-03 11:48:35.348  2439  2485 D ControlsListingControllerImpl: Subscribing callback, service count: 1
07-03 11:48:35.352  1864  4233 W ProcessStats: Tracking association SourceState{f4a1850 system/1000 BTopFgs #69718} whose proc state 2 is better than process ProcessState{3d4ea49 com.google.android.gms.persistent/10125 pkg=com.google.android.gms} proc state 3 (2 skipped)
07-03 11:48:35.354  2439  2485 D ControlsListingControllerImpl: Unsubscribing callback
07-03 11:48:35.367  2439  2439 I QuickAccessWalletTile: Successfully retrieved wallet cards.
07-03 11:48:35.367  2439  2439 D QuickAccessWalletTile: No wallet cards exist.
07-03 11:48:35.660 15259 15356 I BatteryMgr:DataCollectionService: stats => 1688377715659,98125,4164
07-03 11:48:36.681 15259 15356 I BatteryMgr:DataCollectionService: stats => 1688377716681,139062,4164
07-03 11:48:37.715 15259 15356 I BatteryMgr:DataCollectionService: stats => 1688377717715,122812,4164
07-03 11:48:38.242  1864  2354 D ConnectivityService: NetReassign [no changes] [c 1] [a 0] [i 3]
07-03 11:48:38.732 15259 15356 I BatteryMgr:DataCollectionService: stats => 1688377718732,74375,4164
07-03 11:48:39.755 15259 15356 I BatteryMgr:DataCollectionService: stats => 1688377719755,99375,4164
07-03 11:48:40.785 15259 15356 I BatteryMgr:DataCollectionService: stats => 1688377720785,185937,4164
07-03 11:48:41.271  1864  2354 D ConnectivityService: NetReassign [no changes] [c 1] [a 0] [i 3]
07-03 11:48:41.809 15259 15356 I BatteryMgr:DataCollectionService: stats => 1688377721809,84375,4164
07-03 11:48:42.841 15259 15356 I BatteryMgr:DataCollectionService: stats => 1688377722840,103125,4164
07-03 11:48:43.852 15259 15356 I BatteryMgr:DataCollectionService: stats => 1688377723852,69375,4164
07-03 11:48:44.303  1864  2354 D ConnectivityService: NetReassign [no changes] [c 1] [a 0] [i 2]
07-03 11:48:44.866 15259 15356 I BatteryMgr:DataCollectionService: stats => 1688377724866,115312,4164
07-03 11:48:45.892 15259 15356 I BatteryMgr:DataCollectionService: stats => 1688377725891,146875,4164
07-03 11:48:46.913 15259 15356 I BatteryMgr:DataCollectionService: stats => 1688377726913,127187,4164
07-03 11:48:47.324  1864  2354 D ConnectivityService: NetReassign [no changes] [c 0] [a 0] [i 3]
07-03 11:48:47.930 15259 15356 I BatteryMgr:DataCollectionService: stats => 1688377727929,249687,4164
07-03 11:48:48.945 15259 15356 I BatteryMgr:DataCollectionService: stats => 1688377728945,104375,4164
07-03 11:48:49.974 15259 15356 I BatteryMgr:DataCollectionService: stats => 1688377729973,151875,4164
07-03 11:48:50.354  1864  2354 D ConnectivityService: NetReassign [no changes] [c 1] [a 0] [i 3]
07-03 11:48:50.992 15259 15356 I BatteryMgr:DataCollectionService: stats => 1688377730992,101562,4164
07-03 11:48:51.187  2439  2439 D PowerNotificationWarningsGoogleImpl: isPlugged: false | isOverheated: false | defenderEnabled: false
07-03 11:48:51.192  1864  2005 W ProcessStats: Tracking association SourceState{f4a1850 system/1000 BTopFgs #69720} whose proc state 2 is better than process ProcessState{3d4ea49 com.google.android.gms.persistent/10125 pkg=com.google.android.gms} proc state 3 (2 skipped)
07-03 11:48:51.209  1864  2018 E system_server: Cannot read thread CPU times for PID 1864
07-03 11:48:51.230 10734 10734 I android_os_HwBinder: HwBinder: Starting thread pool for getting: vendor.google.google_battery@1.1::IGoogleBattery/default
07-03 11:48:52.001 15259 15356 I BatteryMgr:DataCollectionService: stats => 1688377732001,175625,4195
07-03 11:48:52.307 15391 15391 D ProcessState: Binder ioctl to enable oneway spam detection failed: Invalid argument
07-03 11:48:52.317  2439 15394 W RingtonePlayer: STOP command without a player
07-03 11:48:52.327  2439  2485 D PeopleSpaceWidgetMgr: Sbn doesn't contain valid PeopleTileKey: null/0/com.example.batterymanager_utility
07-03 11:48:52.340  2439  2439 V ShadeControllerImpl: NotificationShadeWindow: com.android.systemui.statusbar.phone.NotificationShadeWindowView{5f88382 I.E...... ......ID 0,0-1080,2160} canPanelBeCollapsed(): false
07-03 11:48:52.400 15397 15397 D ProcessState: Binder ioctl to enable oneway spam detection failed: Invalid argument
07-03 11:48:52.668 15408 15408 D ProcessState: Binder ioctl to enable oneway spam detection failed: Invalid argument
07-03 11:48:52.674  1864  4233 I ActivityManager: Force stopping e.www.writelocaltest appid=10292 user=0: from pid 15408
07-03 11:48:52.675  1864  4233 I ActivityManager: Killing 15310:e.www.writelocaltest/u0a292 (adj 0): stop e.www.writelocaltest due to from pid 15408
07-03 11:48:52.677  1864  4233 W ActivityTaskManager: Force removing ActivityRecord{b228031 u0 e.www.writelocaltest/.MainActivity t242 f}}: app died, no saved state
07-03 11:48:52.682  1864  4233 W InputManager-JNI: Input channel object '65feb11 e.www.writelocaltest/e.www.writelocaltest.MainActivity (client)' was disposed without first being removed with the input manager!
07-03 11:48:52.692  1864  4233 D CompatibilityChangeReporter: Compat change id reported: 181136395; UID 10232; state: DISABLED
07-03 11:48:52.692  1864  4233 D CompatibilityChangeReporter: Compat change id reported: 174042936; UID 10232; state: DISABLED
07-03 11:48:52.695  1864  4233 W ActivityTaskManager: Can't find TaskDisplayArea to determine support for multi window. Task id=242 attached=false
07-03 11:48:52.695  1864  4233 W ActivityTaskManager: Can't find TaskDisplayArea to determine support for multi window. Task id=242 attached=false
07-03 11:48:52.707  1232  1232 I Zygote  : Process 15310 exited due to signal 9 (Killed)
07-03 11:48:52.707  1864  5069 V ActivityManager: Got obituary of 15310:e.www.writelocaltest
07-03 11:48:52.709  1864  1993 W ActivityManager: setHasOverlayUi called on unknown pid: 15310
07-03 11:48:52.711   738   738 E BpTransactionCompletedListener: Failed to transact (-32)
07-03 11:48:52.712  2626  2626 E PhoneInterfaceManager: [PhoneIntfMgr] getCarrierPackageNamesForIntentAndPhone: No UICC
07-03 11:48:52.712  2626  2626 D CarrierSvcBindHelper: No carrier app for: 0
07-03 11:48:52.716  3648  3648 D RegisteredNfcFServicesCache: Service unchanged, not updating
07-03 11:48:52.722  1864  2013 I libprocessgroup: Successfully killed process cgroup uid 10292 pid 15310 in 45ms
07-03 11:48:52.722 10467 10467 I EuiccGoogle: [2] EuiccServiceImpl.onCreate: onCreate Single-SIM mode: simCardState is 1
07-03 11:48:52.725 10467 15416 I EuiccGoogle: [145] EuiccServiceImpl.onGetEuiccProfileInfoList: onGetEuiccProfileInfoList: slotId = -1
07-03 11:48:52.727  2549  2889 W OpenGLRenderer: Surface doesn't have any previously queued frames, nothing to readback from
07-03 11:48:52.727 10467 15416 W EuiccGoogle: [145] EuiccServiceImpl.onGetEuiccProfileInfoList: slotId=-1. No eUICC is active. Return null.
07-03 11:48:52.729  2549  2549 I WallpaperService: engine resumed
07-03 11:48:52.732 15259 15411 I OpenGLRenderer: Davey! duration=65452ms; Flags=1, FrameTimelineVsyncId=1576380, IntendedVsync=71618142889988, Vsync=71618159556654, InputEventId=0, HandleInputStart=71618171161681, AnimationStart=71618171166265, PerformTraversalsStart=71618171365848, DrawStart=71618285733568, FrameDeadline=71618176223320, FrameInterval=71618171136629, FrameStartTime=16666666, SyncQueued=71618290128412, SyncStart=71618290203152, IssueDrawCommandsStart=71618290641433, SwapBuffers=71618296347579, FrameCompleted=71683595885334, DequeueBufferDuration=17084, QueueBufferDuration=562135, GpuCompleted=71683595885334, SwapBuffersCompleted=71618297405236, DisplayPresentTime=0, 
07-03 11:48:52.732  4337  4337 I GoogleInputMethodService: GoogleInputMethodService.onFinishInput():3306 
07-03 11:48:52.733  4337  4337 I GoogleInputMethodService: GoogleInputMethodService.updateDeviceLockedStatus():2127 repeatCheckTimes = 0, locked = false
07-03 11:48:52.733  4337  4337 I GoogleInputMethodService: GoogleInputMethodService.onStartInput():1909 onStartInput(EditorInfo{inputType=0x0(NULL) imeOptions=0x0 privateImeOptions=null actionName=UNSPECIFIED actionLabel=null actionId=0 initialSelStart=-1 initialSelEnd=-1 initialCapsMode=0x0 hintText=null label=null packageName=com.example.batterymanager_utility fieldId=-1 fieldName=null extras=null hintLocales=[]}, false)
07-03 11:48:52.733  4337  4337 I GoogleInputMethodService: GoogleInputMethodService.shouldHideHeaderOnInitialState():1990 ShouldHideHeaderOnInitialState = false
07-03 11:48:52.734  4337  4337 I GoogleInputMethodService: GoogleInputMethodService.updateDeviceLockedStatus():2127 repeatCheckTimes = 1, locked = false
07-03 11:48:53.319  2549  2549 I WallpaperService: engine paused
07-03 11:48:53.370  1864  2354 D ConnectivityService: NetReassign [no changes] [c 0] [a 0] [i 2]
07-03 11:48:55.970 15423 15423 D ProcessState: Binder ioctl to enable oneway spam detection failed: Invalid argument
07-03 11:48:55.975  1864  4233 I ActivityManager: Force stopping com.example.batterymanager_utility appid=10232 user=0: from pid 15423
07-03 11:48:55.976  1864  4233 I ActivityManager: Killing 15259:com.example.batterymanager_utility/u0a232 (adj 0): stop com.example.batterymanager_utility due to from pid 15423
07-03 11:48:55.977  1864  4233 W ActivityTaskManager: Force removing ActivityRecord{fba3f94 u0 com.example.batterymanager_utility/.MainActivity t241 f}}: app died, no saved state
07-03 11:48:55.983  1864  4233 W InputManager-JNI: Input channel object '4e5bf60 com.example.batterymanager_utility/com.example.batterymanager_utility.MainActivity (client)' was disposed without first being removed with the input manager!
07-03 11:48:55.995  1864  4233 W ActivityTaskManager: Can't find TaskDisplayArea to determine support for multi window. Task id=241 attached=false
07-03 11:48:55.995  1864  4233 W ActivityTaskManager: Can't find TaskDisplayArea to determine support for multi window. Task id=241 attached=false
07-03 11:48:56.003  2626  2626 E PhoneInterfaceManager: [PhoneIntfMgr] getCarrierPackageNamesForIntentAndPhone: No UICC
07-03 11:48:56.003  2626  2626 D CarrierSvcBindHelper: No carrier app for: 0
07-03 11:48:56.006  6363  6363 I A       : (REDACTED) onApplyWindowInsets: systemWindowInsets=%s
07-03 11:48:56.006  6363  6363 I A       : (REDACTED) onApplyWindowInsets: systemWindowInsets=%s
07-03 11:48:56.006  1864  5067 V ActivityManager: Got obituary of 15259:com.example.batterymanager_utility
07-03 11:48:56.007  1232  1232 I Zygote  : Process 15259 exited due to signal 9 (Killed)
07-03 11:48:56.007  1864  1993 W ActivityManager: setHasOverlayUi called on unknown pid: 15259
07-03 11:48:56.012  3648  3648 D RegisteredNfcFServicesCache: Service unchanged, not updating
07-03 11:48:56.016  6363  6363 I A       : onStart
07-03 11:48:56.016   738   738 E BpTransactionCompletedListener: Failed to transact (-32)
07-03 11:48:56.018  6363  6363 I A       : onResume
07-03 11:48:56.020  1864  2013 I libprocessgroup: Successfully killed process cgroup uid 10232 pid 15259 in 43ms
07-03 11:48:56.021 31564 31564 I GsaVoiceInteractionSrv: Handling ACTION_START_HOTWORD
07-03 11:48:56.022 31564 31598 I GsaVoiceInteractionSrv: (REDACTED) disregardHotwordSetting: %b
07-03 11:48:56.022 31564 31598 I GsaVoiceInteractionSrv: Cannot start hotword, hotword has been explicitly disabled.
07-03 11:48:56.026 30108 30108 D BoundBrokerSvc: onBind: Intent { act=com.google.android.gms.inappreach.service.START dat=chimera-action: cmp=com.google.android.gms/.chimera.GmsApiService }
07-03 11:48:56.026 30108 30108 D BoundBrokerSvc: Loading bound service for intent: Intent { act=com.google.android.gms.inappreach.service.START dat=chimera-action: cmp=com.google.android.gms/.chimera.GmsApiService }
07-03 11:48:56.029  6363  6931 I OpenGLRenderer: Davey! duration=406958ms; Flags=1, FrameTimelineVsyncId=1551652, IntendedVsync=71279930689278, Vsync=71279930689278, InputEventId=0, HandleInputStart=71279931504549, AnimationStart=71279931505851, PerformTraversalsStart=71279931506580, DrawStart=71279943328873, FrameDeadline=71279964022610, FrameInterval=71279931500382, FrameStartTime=16666666, SyncQueued=71279943835436, SyncStart=71279943965540, IssueDrawCommandsStart=71279944195748, SwapBuffers=71279944860540, FrameCompleted=71686889542017, DequeueBufferDuration=17500, QueueBufferDuration=655937, GpuCompleted=71686889542017, SwapBuffersCompleted=71279945963977, DisplayPresentTime=7426446909805510656, 
07-03 11:48:56.030  3568  3933 I AiAiEcho: Predicting[7]: { Feature:1, creation:2023-07-03T09:15:44.771Z, expiry:2023-07-03T10:00:00Z, isExpired: false}, { Feature:1, creation:2023-07-03T10:00:00Z, expiry:2023-07-03T11:00:00Z, isExpired: true}, { Feature:1, creation:2023-07-03T11:00:00Z, expiry:2023-07-03T12:00:00Z, isExpired: true}, { Feature:1, creation:2023-07-03T12:00:00Z, expiry:2023-07-03T13:00:00Z, isExpired: true}, { Feature:1, creation:2023-07-03T13:00:00Z, expiry:2023-07-03T14:00:00Z, isExpired: true}, { Feature:1, creation:2023-07-03T14:00:00Z, expiry:2023-07-03T15:00:00Z, isExpired: true}, { Feature:1, creation:2023-07-03T15:00:00Z, expiry:2023-07-03T15:15:44.771Z, isExpired: true}
07-03 11:48:56.031  3568  3933 I AiAiEcho: EchoTargets: Feature:1
07-03 11:48:56.031  3568  3933 I AiAiEcho: Filtered by AiAi flag check: 
07-03 11:48:56.031  3568  3933 I AiAiEcho: Ranked targets strategy: WEIGHTED, count: 1, ranking metadata: { cardId: WEATHER-569377243, card type: 1, update time: 2023-07-03T09:15:44.771Z, expiration time: 2023-07-03T10:00:00Z, ranking metadata: RankingMetaData(urgency=0.358, priority=0.3, recency=1.0, rankScore=0.10740001, importantTimePoints=# kwj@7bca4) }
07-03 11:48:56.032  3568  3933 I AiAiEcho: #postPredictionTargets: Sending updates to UISurface home with targets# 1 (types=[1])
07-03 11:48:56.032  2549  2549 I WallpaperService: engine resumed
07-03 11:48:56.033  2792  2792 W BcSmartspaceCard: No title view to update
07-03 11:48:56.048  4337  4337 I GoogleInputMethodService: GoogleInputMethodService.onFinishInput():3306 
07-03 11:48:56.049  4337  4337 I GoogleInputMethodService: GoogleInputMethodService.updateDeviceLockedStatus():2127 repeatCheckTimes = 0, locked = false
07-03 11:48:56.049  4337  4337 I GoogleInputMethodService: GoogleInputMethodService.onStartInput():1909 onStartInput(EditorInfo{inputType=0x0(NULL) imeOptions=0x0 privateImeOptions=null actionName=UNSPECIFIED actionLabel=null actionId=0 initialSelStart=-1 initialSelEnd=-1 initialCapsMode=0x0 hintText=null label=null packageName=com.google.android.apps.nexuslauncher fieldId=-1 fieldName=null extras=null hintLocales=[]}, false)
07-03 11:48:56.049  4337  4337 I GoogleInputMethodService: GoogleInputMethodService.shouldHideHeaderOnInitialState():1990 ShouldHideHeaderOnInitialState = false
07-03 11:48:56.049  4337  4337 I GoogleInputMethodService: GoogleInputMethodService.updateDeviceLockedStatus():2127 repeatCheckTimes = 1, locked = false
07-03 11:48:56.382  1864  2354 D ConnectivityService: NetReassign [no changes] [c 0] [a 0] [i 2]
07-03 11:48:59.410  1864  2354 D ConnectivityService: NetReassign [no changes] [c 0] [a 1] [i 3]
07-03 11:49:00.010  3568  3933 I AiAiEcho: Predicting[7]: { Feature:1, creation:2023-07-03T09:15:44.771Z, expiry:2023-07-03T10:00:00Z, isExpired: false}, { Feature:1, creation:2023-07-03T10:00:00Z, expiry:2023-07-03T11:00:00Z, isExpired: true}, { Feature:1, creation:2023-07-03T11:00:00Z, expiry:2023-07-03T12:00:00Z, isExpired: true}, { Feature:1, creation:2023-07-03T12:00:00Z, expiry:2023-07-03T13:00:00Z, isExpired: true}, { Feature:1, creation:2023-07-03T13:00:00Z, expiry:2023-07-03T14:00:00Z, isExpired: true}, { Feature:1, creation:2023-07-03T14:00:00Z, expiry:2023-07-03T15:00:00Z, isExpired: true}, { Feature:1, creation:2023-07-03T15:00:00Z, expiry:2023-07-03T15:15:44.771Z, isExpired: true}
07-03 11:49:00.011  3568  3933 I AiAiEcho: EchoTargets: Feature:1
07-03 11:49:00.011  3568  3933 I AiAiEcho: Filtered by AiAi flag check: 
07-03 11:49:00.011  3568  3933 I AiAiEcho: Ranked targets strategy: WEIGHTED, count: 1, ranking metadata: { cardId: WEATHER-569377243, card type: 1, update time: 2023-07-03T09:15:44.771Z, expiration time: 2023-07-03T10:00:00Z, ranking metadata: RankingMetaData(urgency=0.355, priority=0.3, recency=1.0, rankScore=0.1065, importantTimePoints=# kwj@7bca4) }
07-03 11:49:00.012  3568  3933 I AiAiEcho: #postPredictionTargets: Sending updates to UISurface lockscreen with targets# 1 (types=[1])
07-03 11:49:00.026  2439  2439 W BcSmartspaceCard: No title view to update
07-03 11:49:01.315  3713 22794 W MediaProvider: isAppCloneUserPair failed. Users: 0 and 0
07-03 11:49:01.315  3713 22794 W MediaProvider: isAppCloneUserPair for user 0: false
