07-05 16:34:42.931 14563 14662 I BatteryMgr:DataCollectionService: stats => 1688567682930,-136,4119
07-05 16:34:42.948 14563 14662 I BatteryMgr:DataCollectionService: stats => 1688567682948,-136,4119
07-05 16:34:42.966 14563 14662 I BatteryMgr:DataCollectionService: stats => 1688567682966,-136,4119
07-05 16:34:42.983 14563 14662 I BatteryMgr:DataCollectionService: stats => 1688567682983,-136,4119
07-05 16:34:43.001 14563 14662 I BatteryMgr:DataCollectionService: stats => 1688567683001,-136,4119
07-05 16:34:43.018 14563 14662 I BatteryMgr:DataCollectionService: stats => 1688567683018,-136,4119
07-05 16:34:43.036 14563 14662 I BatteryMgr:DataCollectionService: stats => 1688567683036,-136,4119
07-05 16:34:43.054 14563 14662 I BatteryMgr:DataCollectionService: stats => 1688567683054,-136,4119
07-05 16:34:43.071 14563 14662 I BatteryMgr:DataCollectionService: stats => 1688567683071,-136,4119
07-05 16:34:43.088 14563 14662 I BatteryMgr:DataCollectionService: stats => 1688567683088,-136,4119
07-05 16:34:43.106 14563 14662 I BatteryMgr:DataCollectionService: stats => 1688567683106,-136,4119
07-05 16:34:43.123 14563 14662 I BatteryMgr:DataCollectionService: stats => 1688567683123,-136,4119
07-05 16:34:43.141 14563 14662 I BatteryMgr:DataCollectionService: stats => 1688567683141,-136,4119
07-05 16:34:43.158 14563 14662 I BatteryMgr:DataCollectionService: stats => 1688567683158,-136,4119
07-05 16:34:43.175 14563 14662 I BatteryMgr:DataCollectionService: stats => 1688567683175,-136,4119
07-05 16:34:43.193 14563 14662 I BatteryMgr:DataCollectionService: stats => 1688567683193,-136,4119
07-05 16:34:43.201  3437  3437 I android.hardware.wifi@1.0-service: getLinkLayerStats
07-05 16:34:43.210 14563 14662 I BatteryMgr:DataCollectionService: stats => 1688567683210,-136,4119
07-05 16:34:43.227 14563 14662 I BatteryMgr:DataCollectionService: stats => 1688567683227,-136,4119
07-05 16:34:43.244 14563 14662 I BatteryMgr:DataCollectionService: stats => 1688567683244,-136,4119
07-05 16:34:43.261 14563 14662 I BatteryMgr:DataCollectionService: stats => 1688567683261,-136,4119
07-05 16:34:43.279 14563 14662 I BatteryMgr:DataCollectionService: stats => 1688567683279,-136,4119
07-05 16:34:43.296 14563 14662 I BatteryMgr:DataCollectionService: stats => 1688567683296,-136,4119
07-05 16:34:43.314 14563 14662 I BatteryMgr:DataCollectionService: stats => 1688567683313,-136,4119
07-05 16:34:43.331 14563 14662 I BatteryMgr:DataCollectionService: stats => 1688567683331,-136,4119
07-05 16:34:43.348 14563 14662 I BatteryMgr:DataCollectionService: stats => 1688567683348,-136,4119
07-05 16:34:43.382 14563 14662 I BatteryMgr:DataCollectionService: stats => 1688567683382,-136,4119
07-05 16:34:43.396 14563 14662 I BatteryMgr:DataCollectionService: stats => 1688567683396,-136,4119
07-05 16:34:43.410 14563 14662 I BatteryMgr:DataCollectionService: stats => 1688567683410,-136,4119
07-05 16:34:43.424 14563 14662 I BatteryMgr:DataCollectionService: stats => 1688567683424,-136,4119
07-05 16:34:43.438 14563 14662 I BatteryMgr:DataCollectionService: stats => 1688567683438,-136,4119
07-05 16:34:43.452 14563 14662 I BatteryMgr:DataCollectionService: stats => 1688567683452,-136,4119
07-05 16:34:43.466 14563 14662 I BatteryMgr:DataCollectionService: stats => 1688567683466,-136,4119
07-05 16:34:43.480 14563 14662 I BatteryMgr:DataCollectionService: stats => 1688567683480,-136,4119
07-05 16:34:43.498 14563 14662 I BatteryMgr:DataCollectionService: stats => 1688567683498,-136,4119
07-05 16:34:43.515 14563 14662 I BatteryMgr:DataCollectionService: stats => 1688567683515,-136,4119
07-05 16:34:43.533 14563 14662 I BatteryMgr:DataCollectionService: stats => 1688567683533,-136,4119
07-05 16:34:43.551 14563 14662 I BatteryMgr:DataCollectionService: stats => 1688567683550,-136,4119
07-05 16:34:43.568 14563 14662 I BatteryMgr:DataCollectionService: stats => 1688567683568,-136,4119
07-05 16:34:43.585 14563 14662 I BatteryMgr:DataCollectionService: stats => 1688567683585,-136,4119
07-05 16:34:43.603 14563 14662 I BatteryMgr:DataCollectionService: stats => 1688567683603,-136,4119
07-05 16:34:43.621 14563 14662 I BatteryMgr:DataCollectionService: stats => 1688567683621,-136,4119
07-05 16:34:43.639 14563 14662 I BatteryMgr:DataCollectionService: stats => 1688567683638,-136,4119
07-05 16:34:43.656 14563 14662 I BatteryMgr:DataCollectionService: stats => 1688567683656,-136,4119
07-05 16:34:43.674 14563 14662 I BatteryMgr:DataCollectionService: stats => 1688567683674,-136,4119
07-05 16:34:43.691 14563 14662 I BatteryMgr:DataCollectionService: stats => 1688567683691,-136,4119
07-05 16:34:43.709 14563 14662 I BatteryMgr:DataCollectionService: stats => 1688567683709,-136,4119
07-05 16:34:43.723 14563 14662 I BatteryMgr:DataCollectionService: stats => 1688567683723,-136,4119
07-05 16:34:43.737 14563 14662 I BatteryMgr:DataCollectionService: stats => 1688567683737,-136,4119
07-05 16:34:43.751 14563 14662 I BatteryMgr:DataCollectionService: stats => 1688567683751,-136,4119
07-05 16:34:43.765 14563 14662 I BatteryMgr:DataCollectionService: stats => 1688567683765,-136,4119
07-05 16:34:43.779 14563 14662 I BatteryMgr:DataCollectionService: stats => 1688567683779,-136,4119
07-05 16:34:43.796 14563 14662 I BatteryMgr:DataCollectionService: stats => 1688567683796,-136,4119
07-05 16:34:43.814 14563 14662 I BatteryMgr:DataCollectionService: stats => 1688567683814,-136,4119
07-05 16:34:43.831 14563 14662 I BatteryMgr:DataCollectionService: stats => 1688567683831,-136,4119
07-05 16:34:43.848 14563 14662 I BatteryMgr:DataCollectionService: stats => 1688567683848,-136,4119
07-05 16:34:43.866 14563 14662 I BatteryMgr:DataCollectionService: stats => 1688567683865,-136,4119
07-05 16:34:43.883 14563 14662 I BatteryMgr:DataCollectionService: stats => 1688567683883,-136,4119
07-05 16:34:43.900 14563 14662 I BatteryMgr:DataCollectionService: stats => 1688567683900,-136,4119
07-05 16:34:43.918 14563 14662 I BatteryMgr:DataCollectionService: stats => 1688567683918,-136,4119
07-05 16:34:43.935 14563 14662 I BatteryMgr:DataCollectionService: stats => 1688567683935,-136,4119
07-05 16:34:43.953 14563 14662 I BatteryMgr:DataCollectionService: stats => 1688567683952,-136,4119
07-05 16:34:43.970 14563 14662 I BatteryMgr:DataCollectionService: stats => 1688567683970,-136,4119
07-05 16:34:43.987 14563 14662 I BatteryMgr:DataCollectionService: stats => 1688567683987,-136,4119
07-05 16:34:44.005 14563 14662 I BatteryMgr:DataCollectionService: stats => 1688567684005,-136,4119
07-05 16:34:44.022 14563 14662 I BatteryMgr:DataCollectionService: stats => 1688567684022,-136,4119
07-05 16:34:44.039 14563 14662 I BatteryMgr:DataCollectionService: stats => 1688567684039,-136,4119
07-05 16:34:44.057 14563 14662 I BatteryMgr:DataCollectionService: stats => 1688567684057,-136,4119
07-05 16:34:44.074 14563 14662 I BatteryMgr:DataCollectionService: stats => 1688567684074,-136,4119
07-05 16:34:44.091 14563 14662 I BatteryMgr:DataCollectionService: stats => 1688567684091,-136,4119
07-05 16:34:44.109 14563 14662 I BatteryMgr:DataCollectionService: stats => 1688567684109,-136,4119
07-05 16:34:44.126 14563 14662 I BatteryMgr:DataCollectionService: stats => 1688567684126,-136,4119
07-05 16:34:44.143 14563 14662 I BatteryMgr:DataCollectionService: stats => 1688567684143,-136,4119
07-05 16:34:44.161 14563 14662 I BatteryMgr:DataCollectionService: stats => 1688567684161,-136,4119
07-05 16:34:44.178 14563 14662 I BatteryMgr:DataCollectionService: stats => 1688567684178,-136,4119
07-05 16:34:44.196 14563 14662 I BatteryMgr:DataCollectionService: stats => 1688567684196,-136,4119
07-05 16:34:44.213 14563 14662 I BatteryMgr:DataCollectionService: stats => 1688567684213,-136,4119
07-05 16:34:44.231 14563 14662 I BatteryMgr:DataCollectionService: stats => 1688567684231,-136,4119
07-05 16:34:44.248 14563 14662 I BatteryMgr:DataCollectionService: stats => 1688567684248,-136,4119
07-05 16:34:44.266 14563 14662 I BatteryMgr:DataCollectionService: stats => 1688567684266,-136,4119
07-05 16:34:44.283 14563 14662 I BatteryMgr:DataCollectionService: stats => 1688567684283,-136,4119
07-05 16:34:44.301 14563 14662 I BatteryMgr:DataCollectionService: stats => 1688567684301,-136,4119
07-05 16:34:44.319 14563 14662 I BatteryMgr:DataCollectionService: stats => 1688567684319,-136,4119
07-05 16:34:44.336 14563 14662 I BatteryMgr:DataCollectionService: stats => 1688567684336,-136,4119
07-05 16:34:44.354 14563 14662 I BatteryMgr:DataCollectionService: stats => 1688567684354,-136,4119
07-05 16:34:44.389 14563 14662 I BatteryMgr:DataCollectionService: stats => 1688567684389,-136,4119
07-05 16:34:44.403 14563 14662 I BatteryMgr:DataCollectionService: stats => 1688567684403,-136,4119
07-05 16:34:44.417 14563 14662 I BatteryMgr:DataCollectionService: stats => 1688567684417,-136,4119
07-05 16:34:44.432 14563 14662 I BatteryMgr:DataCollectionService: stats => 1688567684431,-136,4119
07-05 16:34:44.446 14563 14662 I BatteryMgr:DataCollectionService: stats => 1688567684446,-136,4119
07-05 16:34:44.462 14563 14662 I BatteryMgr:DataCollectionService: stats => 1688567684462,-136,4119
07-05 16:34:44.480 14563 14662 I BatteryMgr:DataCollectionService: stats => 1688567684480,-136,4119
07-05 16:34:44.498 14563 14662 I BatteryMgr:DataCollectionService: stats => 1688567684497,-136,4119
07-05 16:34:44.515 14563 14662 I BatteryMgr:DataCollectionService: stats => 1688567684515,-136,4119
07-05 16:34:44.532 14563 14662 I BatteryMgr:DataCollectionService: stats => 1688567684532,-136,4119
07-05 16:34:44.550 14563 14662 I BatteryMgr:DataCollectionService: stats => 1688567684550,-136,4119
07-05 16:34:44.567 14563 14662 I BatteryMgr:DataCollectionService: stats => 1688567684567,-136,4119
07-05 16:34:44.585 14563 14662 I BatteryMgr:DataCollectionService: stats => 1688567684584,-136,4119
07-05 16:34:44.602 14563 14662 I BatteryMgr:DataCollectionService: stats => 1688567684602,-136,4119
07-05 16:34:44.620 14563 14662 I BatteryMgr:DataCollectionService: stats => 1688567684620,-136,4119
07-05 16:34:44.637 14563 14662 I BatteryMgr:DataCollectionService: stats => 1688567684637,-136,4119
07-05 16:34:44.655 14563 14662 I BatteryMgr:DataCollectionService: stats => 1688567684655,-136,4119
07-05 16:34:44.672 14563 14662 I BatteryMgr:DataCollectionService: stats => 1688567684672,-136,4119
07-05 16:34:44.689 14563 14662 I BatteryMgr:DataCollectionService: stats => 1688567684689,-136,4119
07-05 16:34:44.707 14563 14662 I BatteryMgr:DataCollectionService: stats => 1688567684707,-136,4119
07-05 16:34:44.724 14563 14662 I BatteryMgr:DataCollectionService: stats => 1688567684724,-136,4119
07-05 16:34:44.742 14563 14662 I BatteryMgr:DataCollectionService: stats => 1688567684742,-136,4119
07-05 16:34:44.759 14563 14662 I BatteryMgr:DataCollectionService: stats => 1688567684759,-136,4119
07-05 16:34:44.777 14563 14662 I BatteryMgr:DataCollectionService: stats => 1688567684776,-136,4119
07-05 16:34:44.794 14563 14662 I BatteryMgr:DataCollectionService: stats => 1688567684794,-136,4119
07-05 16:34:44.812 14563 14662 I BatteryMgr:DataCollectionService: stats => 1688567684811,-136,4119
07-05 16:34:44.829 14563 14662 I BatteryMgr:DataCollectionService: stats => 1688567684829,-136,4119
07-05 16:34:44.846 14563 14662 I BatteryMgr:DataCollectionService: stats => 1688567684846,-136,4119
07-05 16:34:44.864 14563 14662 I BatteryMgr:DataCollectionService: stats => 1688567684864,-136,4119
07-05 16:34:44.881 14563 14662 I BatteryMgr:DataCollectionService: stats => 1688567684881,-136,4119
07-05 16:34:44.898 14563 14662 I BatteryMgr:DataCollectionService: stats => 1688567684898,-136,4119
07-05 16:34:44.915 14563 14662 I BatteryMgr:DataCollectionService: stats => 1688567684915,-136,4119
07-05 16:34:44.933 14563 14662 I BatteryMgr:DataCollectionService: stats => 1688567684933,-136,4119
07-05 16:34:44.950 14563 14662 I BatteryMgr:DataCollectionService: stats => 1688567684950,-136,4119
07-05 16:34:44.967 14563 14662 I BatteryMgr:DataCollectionService: stats => 1688567684967,-136,4119
07-05 16:34:44.984 14563 14662 I BatteryMgr:DataCollectionService: stats => 1688567684984,-136,4119
07-05 16:34:45.002 14563 14662 I BatteryMgr:DataCollectionService: stats => 1688567685002,-136,4119
07-05 16:34:45.019 14563 14662 I BatteryMgr:DataCollectionService: stats => 1688567685019,-136,4119
07-05 16:34:45.037 14563 14662 I BatteryMgr:DataCollectionService: stats => 1688567685037,-136,4119
07-05 16:34:45.054 14563 14662 I BatteryMgr:DataCollectionService: stats => 1688567685054,-136,4119
07-05 16:34:45.071 14563 14662 I BatteryMgr:DataCollectionService: stats => 1688567685071,-136,4119
07-05 16:34:45.089 14563 14662 I BatteryMgr:DataCollectionService: stats => 1688567685089,-136,4119
07-05 16:34:45.106 14563 14662 I BatteryMgr:DataCollectionService: stats => 1688567685106,-136,4119
07-05 16:34:45.123 14563 14662 I BatteryMgr:DataCollectionService: stats => 1688567685123,-136,4119
07-05 16:34:45.141 14563 14662 I BatteryMgr:DataCollectionService: stats => 1688567685141,-136,4119
07-05 16:34:45.158 14563 14662 I BatteryMgr:DataCollectionService: stats => 1688567685158,-136,4119
07-05 16:34:45.175  3962  6674 D SSRM:k  : SIOP:: AP = 250, PST = 247 (W:30), BAT = 233, USB = 0, CHG = 0
07-05 16:34:45.176 14563 14662 I BatteryMgr:DataCollectionService: stats => 1688567685175,-136,4119
07-05 16:34:45.194 14563 14662 I BatteryMgr:DataCollectionService: stats => 1688567685193,-136,4119
07-05 16:34:45.211 14563 14662 I BatteryMgr:DataCollectionService: stats => 1688567685211,-136,4119
07-05 16:34:45.229 14563 14662 I BatteryMgr:DataCollectionService: stats => 1688567685228,-136,4119
07-05 16:34:45.246 14563 14662 I BatteryMgr:DataCollectionService: stats => 1688567685245,-136,4119
07-05 16:34:45.263 14563 14662 I BatteryMgr:DataCollectionService: stats => 1688567685263,-136,4119
07-05 16:34:45.280 14563 14662 I BatteryMgr:DataCollectionService: stats => 1688567685280,-136,4119
07-05 16:34:45.297 14563 14662 I BatteryMgr:DataCollectionService: stats => 1688567685297,-136,4119
07-05 16:34:45.315 14563 14662 I BatteryMgr:DataCollectionService: stats => 1688567685315,-136,4119
07-05 16:34:45.334 14563 14662 I BatteryMgr:DataCollectionService: stats => 1688567685334,-136,4119
07-05 16:34:45.351 14563 14662 I BatteryMgr:DataCollectionService: stats => 1688567685351,-136,4119
07-05 16:34:45.368 14563 14662 I BatteryMgr:DataCollectionService: stats => 1688567685368,-136,4119
07-05 16:34:45.392 14563 14662 I BatteryMgr:DataCollectionService: stats => 1688567685392,-136,4119
07-05 16:34:45.406 14563 14662 I BatteryMgr:DataCollectionService: stats => 1688567685406,-136,4119
07-05 16:34:45.420 14563 14662 I BatteryMgr:DataCollectionService: stats => 1688567685420,-136,4119
07-05 16:34:45.435 14563 14662 I BatteryMgr:DataCollectionService: stats => 1688567685435,-136,4119
07-05 16:34:45.449 14563 14662 I BatteryMgr:DataCollectionService: stats => 1688567685449,-136,4119
07-05 16:34:45.463 14563 14662 I BatteryMgr:DataCollectionService: stats => 1688567685463,-136,4119
07-05 16:34:45.477 14563 14662 I BatteryMgr:DataCollectionService: stats => 1688567685477,-136,4119
07-05 16:34:45.491 14563 14662 I BatteryMgr:DataCollectionService: stats => 1688567685491,-136,4119
07-05 16:34:45.505 14563 14662 I BatteryMgr:DataCollectionService: stats => 1688567685505,-136,4119
07-05 16:34:45.519 14563 14662 I BatteryMgr:DataCollectionService: stats => 1688567685519,-136,4119
07-05 16:34:45.537 14563 14662 I BatteryMgr:DataCollectionService: stats => 1688567685537,-136,4119
07-05 16:34:45.552 14563 14662 I BatteryMgr:DataCollectionService: stats => 1688567685552,-136,4119
07-05 16:34:45.566 14563 14662 I BatteryMgr:DataCollectionService: stats => 1688567685566,-136,4119
07-05 16:34:45.580 14563 14662 I BatteryMgr:DataCollectionService: stats => 1688567685580,-136,4119
07-05 16:34:45.594 14563 14662 I BatteryMgr:DataCollectionService: stats => 1688567685594,-136,4119
07-05 16:34:45.608 14563 14662 I BatteryMgr:DataCollectionService: stats => 1688567685608,-136,4119
07-05 16:34:45.611  5276  5387 D ContactsProvider_EventLog: contents_sample_state: [CONTACT contacts(0) data(0) accounts({}) accounts deleted({}) calls([]) countryIso(NL) userId(0)  ]
07-05 16:34:45.611  5276  5387 D ContactsProvider_EventLog: contents_sample_state: [ agr({})  ]
07-05 16:34:45.611  5276  5387 D ContactsProvider_EventLog: contents_sample_state: [ actCnt({android.process.acore(5276)=1})  ]
07-05 16:34:45.611  5276  5387 D ContactsProvider_EventLog: contents_sample_state: [PROFILE contacts(0) data(0) accounts({})  ]
07-05 16:34:45.611  5276  5387 D ContactsProvider_EventLog: contents_sample_state: [SAPROFILE contacts(1) data(1) accounts({vnd.sec.contact.phone (1)=1})  ]
07-05 16:34:45.614  5276  5387 E ContactsProvider_EventLog: Flush buffer to file cnt : 1 size : 0Kb duration : 2ms lastUpdatedAfter : 60096 ms mFlush_time_threasold : 2000 mCurrentSize : 437
07-05 16:34:45.626 14563 14662 I BatteryMgr:DataCollectionService: stats => 1688567685626,-136,4119
07-05 16:34:45.641 14563 14662 I BatteryMgr:DataCollectionService: stats => 1688567685641,-136,4119
07-05 16:34:45.655 14563 14662 I BatteryMgr:DataCollectionService: stats => 1688567685654,-136,4119
07-05 16:34:45.668 14563 14662 I BatteryMgr:DataCollectionService: stats => 1688567685668,-136,4119
07-05 16:34:45.682 14563 14662 I BatteryMgr:DataCollectionService: stats => 1688567685682,-136,4119
07-05 16:34:45.696 14563 14662 I BatteryMgr:DataCollectionService: stats => 1688567685696,-136,4119
07-05 16:34:45.713 14563 14662 I BatteryMgr:DataCollectionService: stats => 1688567685713,-136,4119
07-05 16:34:45.730 14563 14662 I BatteryMgr:DataCollectionService: stats => 1688567685730,-136,4119
07-05 16:34:45.748 14563 14662 I BatteryMgr:DataCollectionService: stats => 1688567685748,-136,4119
07-05 16:34:45.765 14563 14662 I BatteryMgr:DataCollectionService: stats => 1688567685765,-136,4119
07-05 16:34:45.782 14563 14662 I BatteryMgr:DataCollectionService: stats => 1688567685782,-136,4119
07-05 16:34:45.800 14563 14662 I BatteryMgr:DataCollectionService: stats => 1688567685799,-136,4119
07-05 16:34:45.817 14563 14662 I BatteryMgr:DataCollectionService: stats => 1688567685817,-136,4119
07-05 16:34:45.834 14563 14662 I BatteryMgr:DataCollectionService: stats => 1688567685834,-136,4119
07-05 16:34:45.851 14563 14662 I BatteryMgr:DataCollectionService: stats => 1688567685851,-136,4119
07-05 16:34:45.868 14563 14662 I BatteryMgr:DataCollectionService: stats => 1688567685868,-136,4119
07-05 16:34:45.886 14563 14662 I BatteryMgr:DataCollectionService: stats => 1688567685885,-136,4119
07-05 16:34:45.902 14563 14662 I BatteryMgr:DataCollectionService: stats => 1688567685902,-136,4119
07-05 16:34:45.920 14563 14662 I BatteryMgr:DataCollectionService: stats => 1688567685920,-136,4119
07-05 16:34:45.937 14563 14662 I BatteryMgr:DataCollectionService: stats => 1688567685937,-136,4119
07-05 16:34:45.954 14563 14662 I BatteryMgr:DataCollectionService: stats => 1688567685954,-136,4119
07-05 16:34:45.971 14563 14662 I BatteryMgr:DataCollectionService: stats => 1688567685971,-136,4119
07-05 16:34:45.989 14563 14662 I BatteryMgr:DataCollectionService: stats => 1688567685988,-136,4119
07-05 16:34:46.006 14563 14662 I BatteryMgr:DataCollectionService: stats => 1688567686006,-136,4119
07-05 16:34:46.023 14563 14662 I BatteryMgr:DataCollectionService: stats => 1688567686023,-136,4119
07-05 16:34:46.041 14563 14662 I BatteryMgr:DataCollectionService: stats => 1688567686041,-136,4119
07-05 16:34:46.058 14563 14662 I BatteryMgr:DataCollectionService: stats => 1688567686058,-136,4119
07-05 16:34:46.075 14563 14662 I BatteryMgr:DataCollectionService: stats => 1688567686075,-136,4119
07-05 16:34:46.092 14563 14662 I BatteryMgr:DataCollectionService: stats => 1688567686092,-136,4119
07-05 16:34:46.109 14563 14662 I BatteryMgr:DataCollectionService: stats => 1688567686109,-136,4119
07-05 16:34:46.127 14563 14662 I BatteryMgr:DataCollectionService: stats => 1688567686127,-136,4119
07-05 16:34:46.127  3962  4039 D SensorService: [SO] 0.077 -0.139 9.931
07-05 16:34:46.144 14563 14662 I BatteryMgr:DataCollectionService: stats => 1688567686144,-136,4119
07-05 16:34:46.161 14563 14662 I BatteryMgr:DataCollectionService: stats => 1688567686161,-136,4119
07-05 16:34:46.178 14563 14662 I BatteryMgr:DataCollectionService: stats => 1688567686178,-136,4119
07-05 16:34:46.196 14563 14662 I BatteryMgr:DataCollectionService: stats => 1688567686196,-136,4119
07-05 16:34:46.208  3437  3437 I android.hardware.wifi@1.0-service: getLinkLayerStats
07-05 16:34:46.213 14563 14662 I BatteryMgr:DataCollectionService: stats => 1688567686213,-136,4119
07-05 16:34:46.230 14563 14662 I BatteryMgr:DataCollectionService: stats => 1688567686230,-136,4119
07-05 16:34:46.248 14563 14662 I BatteryMgr:DataCollectionService: stats => 1688567686248,-136,4119
07-05 16:34:46.266 14563 14662 I BatteryMgr:DataCollectionService: stats => 1688567686266,-136,4119
07-05 16:34:46.280 14563 14662 I BatteryMgr:DataCollectionService: stats => 1688567686280,-136,4119
07-05 16:34:46.294 14563 14662 I BatteryMgr:DataCollectionService: stats => 1688567686294,-136,4119
07-05 16:34:46.307 14563 14662 I BatteryMgr:DataCollectionService: stats => 1688567686307,-136,4119
07-05 16:34:46.321 14563 14662 I BatteryMgr:DataCollectionService: stats => 1688567686321,-136,4119
07-05 16:34:46.338 14563 14662 I BatteryMgr:DataCollectionService: stats => 1688567686338,-136,4119
07-05 16:34:46.355 14563 14662 I BatteryMgr:DataCollectionService: stats => 1688567686355,-136,4119
07-05 16:34:46.373 14563 14662 I BatteryMgr:DataCollectionService: stats => 1688567686372,-136,4119
07-05 16:34:46.393 14563 14662 I BatteryMgr:DataCollectionService: stats => 1688567686393,-136,4119
07-05 16:34:46.408 14563 14662 I BatteryMgr:DataCollectionService: stats => 1688567686407,-136,4119
07-05 16:34:46.421 14563 14662 I BatteryMgr:DataCollectionService: stats => 1688567686421,-136,4119
07-05 16:34:46.435 14563 14662 I BatteryMgr:DataCollectionService: stats => 1688567686435,-136,4119
07-05 16:34:46.449 14563 14662 I BatteryMgr:DataCollectionService: stats => 1688567686449,-136,4119
07-05 16:34:46.465 14563 14662 I BatteryMgr:DataCollectionService: stats => 1688567686465,-136,4119
07-05 16:34:46.482 14563 14662 I BatteryMgr:DataCollectionService: stats => 1688567686481,-136,4119
07-05 16:34:46.498 14563 14662 I BatteryMgr:DataCollectionService: stats => 1688567686498,-136,4119
07-05 16:34:46.515 14563 14662 I BatteryMgr:DataCollectionService: stats => 1688567686515,-136,4119
07-05 16:34:46.532 14563 14662 I BatteryMgr:DataCollectionService: stats => 1688567686532,-136,4119
07-05 16:34:46.549 14563 14662 I BatteryMgr:DataCollectionService: stats => 1688567686549,-136,4119
07-05 16:34:46.566 14563 14662 I BatteryMgr:DataCollectionService: stats => 1688567686566,-136,4119
07-05 16:34:46.583 14563 14662 I BatteryMgr:DataCollectionService: stats => 1688567686583,-136,4119
07-05 16:34:46.601 14563 14662 I BatteryMgr:DataCollectionService: stats => 1688567686601,-136,4119
07-05 16:34:46.618 14563 14662 I BatteryMgr:DataCollectionService: stats => 1688567686618,-136,4119
07-05 16:34:46.635 14563 14662 I BatteryMgr:DataCollectionService: stats => 1688567686635,-136,4119
07-05 16:34:46.652 14563 14662 I BatteryMgr:DataCollectionService: stats => 1688567686652,-136,4119
07-05 16:34:46.670 14563 14662 I BatteryMgr:DataCollectionService: stats => 1688567686670,-136,4119
07-05 16:34:46.687 14563 14662 I BatteryMgr:DataCollectionService: stats => 1688567686686,-136,4119
07-05 16:34:46.703 14563 14662 I BatteryMgr:DataCollectionService: stats => 1688567686703,-136,4119
07-05 16:34:46.719 14563 14662 I BatteryMgr:DataCollectionService: stats => 1688567686719,-136,4119
07-05 16:34:46.736 14563 14662 I BatteryMgr:DataCollectionService: stats => 1688567686736,-136,4119
07-05 16:34:46.753 14563 14662 I BatteryMgr:DataCollectionService: stats => 1688567686753,-136,4119
07-05 16:34:46.771 14563 14662 I BatteryMgr:DataCollectionService: stats => 1688567686770,-136,4119
07-05 16:34:46.788 14563 14662 I BatteryMgr:DataCollectionService: stats => 1688567686787,-136,4119
07-05 16:34:46.805 14563 14662 I BatteryMgr:DataCollectionService: stats => 1688567686805,-136,4119
07-05 16:34:46.822 14563 14662 I BatteryMgr:DataCollectionService: stats => 1688567686822,-136,4119
07-05 16:34:46.839 14563 14662 I BatteryMgr:DataCollectionService: stats => 1688567686839,-136,4119
07-05 16:34:46.856 14563 14662 I BatteryMgr:DataCollectionService: stats => 1688567686856,-136,4119
07-05 16:34:46.873 14563 14662 I BatteryMgr:DataCollectionService: stats => 1688567686873,-136,4119
07-05 16:34:46.891 14563 14662 I BatteryMgr:DataCollectionService: stats => 1688567686890,-136,4119
07-05 16:34:46.907 14563 14662 I BatteryMgr:DataCollectionService: stats => 1688567686907,-136,4119
07-05 16:34:46.925 14563 14662 I BatteryMgr:DataCollectionService: stats => 1688567686925,-136,4119
07-05 16:34:46.942 14563 14662 I BatteryMgr:DataCollectionService: stats => 1688567686941,-136,4119
07-05 16:34:46.959 14563 14662 I BatteryMgr:DataCollectionService: stats => 1688567686958,-136,4119
07-05 16:34:46.976 14563 14662 I BatteryMgr:DataCollectionService: stats => 1688567686975,-136,4119
07-05 16:34:46.992 14563 14662 I BatteryMgr:DataCollectionService: stats => 1688567686992,-136,4119
07-05 16:34:47.010 14563 14662 I BatteryMgr:DataCollectionService: stats => 1688567687010,-136,4119
07-05 16:34:47.027 14563 14662 I BatteryMgr:DataCollectionService: stats => 1688567687027,-136,4119
07-05 16:34:47.043 14563 14662 I BatteryMgr:DataCollectionService: stats => 1688567687043,-136,4119
07-05 16:34:47.061 14563 14662 I BatteryMgr:DataCollectionService: stats => 1688567687061,-136,4119
07-05 16:34:47.079 14563 14662 I BatteryMgr:DataCollectionService: stats => 1688567687079,-136,4119
07-05 16:34:47.095 14563 14662 I BatteryMgr:DataCollectionService: stats => 1688567687095,-136,4119
07-05 16:34:47.104  4953  4953 D io_stats: !@ 179,0 r 90482 3332432 w 22244 362636 d 1949 82788 f 6178 6297 iot 48280 38645 th 51200 0 0 pt 0 inp 0 0 2128.887
07-05 16:34:47.109 14563 14662 I BatteryMgr:DataCollectionService: stats => 1688567687109,-136,4119
07-05 16:34:47.123 14563 14662 I BatteryMgr:DataCollectionService: stats => 1688567687122,-136,4119
07-05 16:34:47.136 14563 14662 I BatteryMgr:DataCollectionService: stats => 1688567687136,-136,4119
07-05 16:34:47.150 14563 14662 I BatteryMgr:DataCollectionService: stats => 1688567687150,-136,4119
07-05 16:34:47.167 14563 14662 I BatteryMgr:DataCollectionService: stats => 1688567687167,-136,4119
07-05 16:34:47.184 14563 14662 I BatteryMgr:DataCollectionService: stats => 1688567687184,-136,4119
07-05 16:34:47.201 14563 14662 I BatteryMgr:DataCollectionService: stats => 1688567687201,-136,4119
07-05 16:34:47.218 14563 14662 I BatteryMgr:DataCollectionService: stats => 1688567687218,-136,4119
07-05 16:34:47.235 14563 14662 I BatteryMgr:DataCollectionService: stats => 1688567687235,-136,4119
07-05 16:34:47.252 14563 14662 I BatteryMgr:DataCollectionService: stats => 1688567687252,-136,4119
07-05 16:34:47.269 14563 14662 I BatteryMgr:DataCollectionService: stats => 1688567687269,-136,4119
07-05 16:34:47.286 14563 14662 I BatteryMgr:DataCollectionService: stats => 1688567687286,-136,4119
07-05 16:34:47.303 14563 14662 I BatteryMgr:DataCollectionService: stats => 1688567687303,-136,4119
07-05 16:34:47.320 14563 14662 I BatteryMgr:DataCollectionService: stats => 1688567687320,-136,4119
07-05 16:34:47.337 14563 14662 I BatteryMgr:DataCollectionService: stats => 1688567687337,-136,4119
07-05 16:34:47.354 14563 14662 I BatteryMgr:DataCollectionService: stats => 1688567687354,-136,4119
07-05 16:34:47.371 14563 14662 I BatteryMgr:DataCollectionService: stats => 1688567687371,-136,4119
07-05 16:34:47.397 14563 14662 I BatteryMgr:DataCollectionService: stats => 1688567687397,-136,4119
07-05 16:34:47.414 14563 14662 I BatteryMgr:DataCollectionService: stats => 1688567687414,-136,4119
07-05 16:34:47.431 14563 14662 I BatteryMgr:DataCollectionService: stats => 1688567687431,-136,4119
07-05 16:34:47.448 14563 14662 I BatteryMgr:DataCollectionService: stats => 1688567687448,-136,4119
07-05 16:34:47.465 14563 14662 I BatteryMgr:DataCollectionService: stats => 1688567687464,-136,4119
07-05 16:34:47.482 14563 14662 I BatteryMgr:DataCollectionService: stats => 1688567687482,-136,4119
07-05 16:34:47.498 14563 14662 I BatteryMgr:DataCollectionService: stats => 1688567687498,-136,4119
07-05 16:34:47.515 14563 14662 I BatteryMgr:DataCollectionService: stats => 1688567687515,-136,4119
07-05 16:34:47.533 14563 14662 I BatteryMgr:DataCollectionService: stats => 1688567687533,-136,4119
07-05 16:34:47.550 14563 14662 I BatteryMgr:DataCollectionService: stats => 1688567687550,-136,4119
07-05 16:34:47.567 14563 14662 I BatteryMgr:DataCollectionService: stats => 1688567687567,-136,4119
07-05 16:34:47.585 14563 14662 I BatteryMgr:DataCollectionService: stats => 1688567687584,-136,4119
07-05 16:34:47.602 14563 14662 I BatteryMgr:DataCollectionService: stats => 1688567687602,-136,4119
07-05 16:34:47.619 14563 14662 I BatteryMgr:DataCollectionService: stats => 1688567687619,-136,4119
07-05 16:34:47.635 14563 14662 I BatteryMgr:DataCollectionService: stats => 1688567687635,-136,4119
07-05 16:34:47.653 14563 14662 I BatteryMgr:DataCollectionService: stats => 1688567687652,-136,4119
07-05 16:34:47.669 14563 14662 I BatteryMgr:DataCollectionService: stats => 1688567687669,-136,4119
07-05 16:34:47.686 14563 14662 I BatteryMgr:DataCollectionService: stats => 1688567687686,-136,4119
07-05 16:34:47.703 14563 14662 I BatteryMgr:DataCollectionService: stats => 1688567687703,-136,4119
07-05 16:34:47.720 14563 14662 I BatteryMgr:DataCollectionService: stats => 1688567687720,-136,4119
07-05 16:34:47.738 14563 14662 I BatteryMgr:DataCollectionService: stats => 1688567687738,-136,4119
07-05 16:34:47.755 14563 14662 I BatteryMgr:DataCollectionService: stats => 1688567687754,-136,4119
07-05 16:34:47.772 14563 14662 I BatteryMgr:DataCollectionService: stats => 1688567687771,-136,4119
07-05 16:34:47.789 14563 14662 I BatteryMgr:DataCollectionService: stats => 1688567687789,-136,4119
07-05 16:34:47.806 14563 14662 I BatteryMgr:DataCollectionService: stats => 1688567687806,-136,4119
07-05 16:34:47.823 14563 14662 I BatteryMgr:DataCollectionService: stats => 1688567687823,-136,4119
07-05 16:34:47.840 14563 14662 I BatteryMgr:DataCollectionService: stats => 1688567687840,-136,4119
07-05 16:34:47.857 14563 14662 I BatteryMgr:DataCollectionService: stats => 1688567687857,-136,4119
07-05 16:34:47.874 14563 14662 I BatteryMgr:DataCollectionService: stats => 1688567687874,-136,4119
07-05 16:34:47.891 14563 14662 I BatteryMgr:DataCollectionService: stats => 1688567687891,-136,4119
07-05 16:34:47.908 14563 14662 I BatteryMgr:DataCollectionService: stats => 1688567687908,-136,4119
07-05 16:34:47.925 14563 14662 I BatteryMgr:DataCollectionService: stats => 1688567687925,-136,4119
07-05 16:34:47.942 14563 14662 I BatteryMgr:DataCollectionService: stats => 1688567687942,-136,4119
07-05 16:34:47.959 14563 14662 I BatteryMgr:DataCollectionService: stats => 1688567687958,-136,4119
07-05 16:34:47.975 14563 14662 I BatteryMgr:DataCollectionService: stats => 1688567687975,-136,4119
07-05 16:34:47.993 14563 14662 I BatteryMgr:DataCollectionService: stats => 1688567687993,-136,4119
07-05 16:34:48.010 14563 14662 I BatteryMgr:DataCollectionService: stats => 1688567688010,-136,4119
07-05 16:34:48.026 14563 14662 I BatteryMgr:DataCollectionService: stats => 1688567688026,-136,4119
07-05 16:34:48.043 14563 14662 I BatteryMgr:DataCollectionService: stats => 1688567688043,-136,4119
07-05 16:34:48.060 14563 14662 I BatteryMgr:DataCollectionService: stats => 1688567688060,-136,4119
07-05 16:34:48.077 14563 14662 I BatteryMgr:DataCollectionService: stats => 1688567688077,-136,4119
07-05 16:34:48.094 14563 14662 I BatteryMgr:DataCollectionService: stats => 1688567688094,-136,4119
07-05 16:34:48.111 14563 14662 I BatteryMgr:DataCollectionService: stats => 1688567688111,-136,4119
07-05 16:34:48.129 14563 14662 I BatteryMgr:DataCollectionService: stats => 1688567688128,-136,4119
07-05 16:34:48.145 14563 14662 I BatteryMgr:DataCollectionService: stats => 1688567688145,-136,4119
07-05 16:34:48.162 14563 14662 I BatteryMgr:DataCollectionService: stats => 1688567688162,-136,4119
07-05 16:34:48.179 14563 14662 I BatteryMgr:DataCollectionService: stats => 1688567688179,-136,4119
07-05 16:34:48.197 14563 14662 I BatteryMgr:DataCollectionService: stats => 1688567688197,-136,4119
07-05 16:34:48.214 14563 14662 I BatteryMgr:DataCollectionService: stats => 1688567688214,-136,4119
07-05 16:34:48.231 14563 14662 I BatteryMgr:DataCollectionService: stats => 1688567688231,-136,4119
07-05 16:34:48.248 14563 14662 I BatteryMgr:DataCollectionService: stats => 1688567688248,-136,4119
07-05 16:34:48.265 14563 14662 I BatteryMgr:DataCollectionService: stats => 1688567688265,-136,4119
07-05 16:34:48.281 14563 14662 I BatteryMgr:DataCollectionService: stats => 1688567688281,-136,4119
07-05 16:34:48.298 14563 14662 I BatteryMgr:DataCollectionService: stats => 1688567688298,-136,4119
07-05 16:34:48.315 14563 14662 I BatteryMgr:DataCollectionService: stats => 1688567688315,-136,4119
07-05 16:34:48.333 14563 14662 I BatteryMgr:DataCollectionService: stats => 1688567688332,-136,4119
07-05 16:34:48.349 14563 14662 I BatteryMgr:DataCollectionService: stats => 1688567688349,-136,4119
07-05 16:34:48.366 14563 14662 I BatteryMgr:DataCollectionService: stats => 1688567688366,-136,4119
07-05 16:34:48.383 14563 14662 I BatteryMgr:DataCollectionService: stats => 1688567688383,-136,4119
07-05 16:34:48.404 14563 14662 I BatteryMgr:DataCollectionService: stats => 1688567688404,-136,4119
07-05 16:34:48.418 14563 14662 I BatteryMgr:DataCollectionService: stats => 1688567688418,-136,4119
07-05 16:34:48.431 14563 14662 I BatteryMgr:DataCollectionService: stats => 1688567688431,-136,4119
07-05 16:34:48.445 14563 14662 I BatteryMgr:DataCollectionService: stats => 1688567688445,-136,4119
07-05 16:34:48.461 14563 14662 I BatteryMgr:DataCollectionService: stats => 1688567688461,-136,4119
07-05 16:34:48.478 14563 14662 I BatteryMgr:DataCollectionService: stats => 1688567688478,-136,4119
07-05 16:34:48.495 14563 14662 I BatteryMgr:DataCollectionService: stats => 1688567688495,-136,4119
07-05 16:34:48.512 14563 14662 I BatteryMgr:DataCollectionService: stats => 1688567688511,-136,4119
07-05 16:34:48.529 14563 14662 I BatteryMgr:DataCollectionService: stats => 1688567688529,-136,4119
07-05 16:34:48.545 14563 14662 I BatteryMgr:DataCollectionService: stats => 1688567688545,-136,4119
07-05 16:34:48.562 14563 14662 I BatteryMgr:DataCollectionService: stats => 1688567688562,-136,4119
07-05 16:34:48.579 14563 14662 I BatteryMgr:DataCollectionService: stats => 1688567688579,-136,4119
07-05 16:34:48.596 14563 14662 I BatteryMgr:DataCollectionService: stats => 1688567688596,-136,4119
07-05 16:34:48.613 14563 14662 I BatteryMgr:DataCollectionService: stats => 1688567688613,-136,4119
07-05 16:34:48.630 14563 14662 I BatteryMgr:DataCollectionService: stats => 1688567688630,-136,4119
07-05 16:34:48.647 14563 14662 I BatteryMgr:DataCollectionService: stats => 1688567688647,-136,4119
07-05 16:34:48.664 14563 14662 I BatteryMgr:DataCollectionService: stats => 1688567688664,-136,4119
07-05 16:34:48.680 14563 14662 I BatteryMgr:DataCollectionService: stats => 1688567688680,-136,4119
07-05 16:34:48.697 14563 14662 I BatteryMgr:DataCollectionService: stats => 1688567688697,-136,4119
07-05 16:34:48.714 14563 14662 I BatteryMgr:DataCollectionService: stats => 1688567688714,-136,4119
07-05 16:34:48.731 14563 14662 I BatteryMgr:DataCollectionService: stats => 1688567688731,-136,4119
07-05 16:34:48.748 14563 14662 I BatteryMgr:DataCollectionService: stats => 1688567688748,-136,4119
07-05 16:34:48.764 14563 14662 I BatteryMgr:DataCollectionService: stats => 1688567688764,-136,4119
07-05 16:34:48.780 14563 14662 I BatteryMgr:DataCollectionService: stats => 1688567688780,-136,4119
07-05 16:34:48.798 14563 14662 I BatteryMgr:DataCollectionService: stats => 1688567688798,-136,4119
07-05 16:34:48.815 14563 14662 I BatteryMgr:DataCollectionService: stats => 1688567688815,-136,4119
07-05 16:34:48.832 14563 14662 I BatteryMgr:DataCollectionService: stats => 1688567688832,-136,4119
07-05 16:34:48.849 14563 14662 I BatteryMgr:DataCollectionService: stats => 1688567688848,-136,4119
07-05 16:34:48.866 14563 14662 I BatteryMgr:DataCollectionService: stats => 1688567688866,-136,4119
07-05 16:34:48.883 14563 14662 I BatteryMgr:DataCollectionService: stats => 1688567688883,-136,4119
07-05 16:34:48.900 14563 14662 I BatteryMgr:DataCollectionService: stats => 1688567688900,-136,4119
07-05 16:34:48.917 14563 14662 I BatteryMgr:DataCollectionService: stats => 1688567688917,-136,4119
07-05 16:34:48.931 14563 14662 I BatteryMgr:DataCollectionService: stats => 1688567688931,-136,4119
07-05 16:34:48.945 14563 14662 I BatteryMgr:DataCollectionService: stats => 1688567688945,-136,4119
07-05 16:34:48.959 14563 14662 I BatteryMgr:DataCollectionService: stats => 1688567688959,-136,4119
07-05 16:34:48.973 14563 14662 I BatteryMgr:DataCollectionService: stats => 1688567688973,-136,4119
07-05 16:34:48.986 14563 14662 I BatteryMgr:DataCollectionService: stats => 1688567688986,-136,4119
07-05 16:34:49.003 14563 14662 I BatteryMgr:DataCollectionService: stats => 1688567689003,-136,4119
07-05 16:34:49.020 14563 14662 I BatteryMgr:DataCollectionService: stats => 1688567689020,-136,4119
07-05 16:34:49.037 14563 14662 I BatteryMgr:DataCollectionService: stats => 1688567689037,-136,4119
07-05 16:34:49.054 14563 14662 I BatteryMgr:DataCollectionService: stats => 1688567689054,-136,4119
07-05 16:34:49.071 14563 14662 I BatteryMgr:DataCollectionService: stats => 1688567689071,-136,4119
07-05 16:34:49.088 14563 14662 I BatteryMgr:DataCollectionService: stats => 1688567689087,-136,4119
07-05 16:34:49.104 14563 14662 I BatteryMgr:DataCollectionService: stats => 1688567689104,-136,4119
07-05 16:34:49.109 14563 14570 I zygote64: Do partial code cache collection, code=123KB, data=66KB
07-05 16:34:49.110 14563 14570 I zygote64: After code cache collection, code=123KB, data=66KB
07-05 16:34:49.110 14563 14570 I zygote64: Increasing code cache capacity to 512KB
07-05 16:34:49.124 14563 14662 I BatteryMgr:DataCollectionService: stats => 1688567689123,-136,4119
07-05 16:34:49.141 14563 14662 I BatteryMgr:DataCollectionService: stats => 1688567689141,-136,4119
07-05 16:34:49.158 14563 14662 I BatteryMgr:DataCollectionService: stats => 1688567689158,-136,4119
07-05 16:34:49.174 14563 14662 I BatteryMgr:DataCollectionService: stats => 1688567689174,-136,4119
07-05 16:34:49.191 14563 14662 I BatteryMgr:DataCollectionService: stats => 1688567689191,-136,4119
07-05 16:34:49.208 14563 14662 I BatteryMgr:DataCollectionService: stats => 1688567689208,-136,4119
07-05 16:34:49.225 14563 14662 I BatteryMgr:DataCollectionService: stats => 1688567689225,-136,4119
07-05 16:34:49.229  3437  3437 I android.hardware.wifi@1.0-service: getLinkLayerStats
07-05 16:34:49.242 14563 14662 I BatteryMgr:DataCollectionService: stats => 1688567689242,-136,4119
07-05 16:34:49.258 14563 14662 I BatteryMgr:DataCollectionService: stats => 1688567689258,-136,4119
07-05 16:34:49.275 14563 14662 I BatteryMgr:DataCollectionService: stats => 1688567689275,-136,4119
07-05 16:34:49.292 14563 14662 I BatteryMgr:DataCollectionService: stats => 1688567689291,-136,4119
07-05 16:34:49.308 14563 14662 I BatteryMgr:DataCollectionService: stats => 1688567689308,-136,4119
07-05 16:34:49.326 14563 14662 I BatteryMgr:DataCollectionService: stats => 1688567689326,-136,4119
07-05 16:34:49.342 14563 14662 I BatteryMgr:DataCollectionService: stats => 1688567689342,-136,4119
07-05 16:34:49.359 14563 14662 I BatteryMgr:DataCollectionService: stats => 1688567689359,-136,4119
07-05 16:34:49.375 14563 14662 I BatteryMgr:DataCollectionService: stats => 1688567689375,-136,4119
07-05 16:34:49.405 14563 14662 I BatteryMgr:DataCollectionService: stats => 1688567689404,-136,4119
07-05 16:34:49.418 14563 14662 I BatteryMgr:DataCollectionService: stats => 1688567689418,-136,4119
07-05 16:34:49.432 14563 14662 I BatteryMgr:DataCollectionService: stats => 1688567689432,-136,4119
07-05 16:34:49.446 14563 14662 I BatteryMgr:DataCollectionService: stats => 1688567689446,-136,4119
07-05 16:34:49.460 14563 14662 I BatteryMgr:DataCollectionService: stats => 1688567689460,-136,4119
07-05 16:34:49.476 14563 14662 I BatteryMgr:DataCollectionService: stats => 1688567689476,-136,4119
07-05 16:34:49.492 14563 14662 I BatteryMgr:DataCollectionService: stats => 1688567689492,-136,4119
07-05 16:34:49.508 14563 14662 I BatteryMgr:DataCollectionService: stats => 1688567689508,-136,4119
07-05 16:34:49.527 14563 14662 I BatteryMgr:DataCollectionService: stats => 1688567689527,-136,4119
07-05 16:34:49.543 14563 14662 I BatteryMgr:DataCollectionService: stats => 1688567689543,-136,4119
07-05 16:34:49.556 14563 14662 I BatteryMgr:DataCollectionService: stats => 1688567689556,-136,4119
07-05 16:34:49.570 14563 14662 I BatteryMgr:DataCollectionService: stats => 1688567689570,-136,4119
07-05 16:34:49.583 14563 14662 I BatteryMgr:DataCollectionService: stats => 1688567689583,-136,4119
07-05 16:34:49.597 14563 14662 I BatteryMgr:DataCollectionService: stats => 1688567689597,-136,4119
07-05 16:34:49.613 14563 14662 I BatteryMgr:DataCollectionService: stats => 1688567689613,-136,4119
07-05 16:34:49.630 14563 14662 I BatteryMgr:DataCollectionService: stats => 1688567689630,-136,4119
07-05 16:34:49.647 14563 14662 I BatteryMgr:DataCollectionService: stats => 1688567689647,-136,4119
07-05 16:34:49.664 14563 14662 I BatteryMgr:DataCollectionService: stats => 1688567689664,-136,4119
07-05 16:34:49.681 14563 14662 I BatteryMgr:DataCollectionService: stats => 1688567689681,-136,4119
07-05 16:34:49.698 14563 14662 I BatteryMgr:DataCollectionService: stats => 1688567689698,-136,4119
07-05 16:34:49.714 14563 14662 I BatteryMgr:DataCollectionService: stats => 1688567689714,-136,4119
07-05 16:34:49.732 14563 14662 I BatteryMgr:DataCollectionService: stats => 1688567689732,-136,4119
07-05 16:34:49.749 14563 14662 I BatteryMgr:DataCollectionService: stats => 1688567689749,-136,4119
07-05 16:34:49.765 14563 14662 I BatteryMgr:DataCollectionService: stats => 1688567689765,-136,4119
07-05 16:34:49.781 14563 14662 I BatteryMgr:DataCollectionService: stats => 1688567689781,-136,4119
07-05 16:34:49.797 14563 14662 I BatteryMgr:DataCollectionService: stats => 1688567689797,-136,4119
07-05 16:34:49.814 14563 14662 I BatteryMgr:DataCollectionService: stats => 1688567689813,-136,4119
07-05 16:34:49.830 14563 14662 I BatteryMgr:DataCollectionService: stats => 1688567689830,-136,4119
07-05 16:34:49.848 14563 14662 I BatteryMgr:DataCollectionService: stats => 1688567689848,-136,4119
07-05 16:34:49.862 14563 14662 I BatteryMgr:DataCollectionService: stats => 1688567689862,-136,4119
07-05 16:34:49.875 14563 14662 I BatteryMgr:DataCollectionService: stats => 1688567689875,-136,4119
07-05 16:34:49.889 14563 14662 I BatteryMgr:DataCollectionService: stats => 1688567689889,-136,4119
07-05 16:34:49.903 14563 14662 I BatteryMgr:DataCollectionService: stats => 1688567689903,-136,4119
07-05 16:34:49.916 14563 14662 I BatteryMgr:DataCollectionService: stats => 1688567689916,-136,4119
07-05 16:34:49.933 14563 14662 I BatteryMgr:DataCollectionService: stats => 1688567689933,-136,4119
07-05 16:34:49.950 14563 14662 I BatteryMgr:DataCollectionService: stats => 1688567689950,-136,4119
07-05 16:34:49.966 14563 14662 I BatteryMgr:DataCollectionService: stats => 1688567689966,-136,4119
07-05 16:34:49.983 14563 14662 I BatteryMgr:DataCollectionService: stats => 1688567689983,-136,4119
07-05 16:34:50.000 14563 14662 I BatteryMgr:DataCollectionService: stats => 1688567690000,-136,4119
07-05 16:34:50.017 14563 14662 I BatteryMgr:DataCollectionService: stats => 1688567690017,-136,4119
07-05 16:34:50.034 14563 14662 I BatteryMgr:DataCollectionService: stats => 1688567690034,-136,4119
07-05 16:34:50.051 14563 14662 I BatteryMgr:DataCollectionService: stats => 1688567690051,-136,4119
07-05 16:34:50.065 14563 14662 I BatteryMgr:DataCollectionService: stats => 1688567690065,-136,4119
07-05 16:34:50.078 14563 14662 I BatteryMgr:DataCollectionService: stats => 1688567690078,-136,4119
07-05 16:34:50.092 14563 14662 I BatteryMgr:DataCollectionService: stats => 1688567690092,-136,4119
07-05 16:34:50.106 14563 14662 I BatteryMgr:DataCollectionService: stats => 1688567690106,-136,4119
07-05 16:34:50.123 14563 14662 I BatteryMgr:DataCollectionService: stats => 1688567690123,-136,4119
07-05 16:34:50.132  4350  4725 D NetworkController.MobileSignalController(0/-2): onSignalStrengthsChanged signalStrength=SignalStrength: 12 99 -12 -200 -12 -200 -1 99 2147483647 2147483647 2147483647 2147483647 0 2147483647 0x4 P gsm|lte level=4
07-05 16:34:50.132  4350  4725 D NetworkController.MobileSignalController(0/-2): getMobileIconGroup(): 0
07-05 16:34:50.140 14563 14662 I BatteryMgr:DataCollectionService: stats => 1688567690140,-136,4119
07-05 16:34:50.156 14563 14662 I BatteryMgr:DataCollectionService: stats => 1688567690156,-136,4119
07-05 16:34:50.173 14563 14662 I BatteryMgr:DataCollectionService: stats => 1688567690173,-136,4119
07-05 16:34:50.190 14563 14662 I BatteryMgr:DataCollectionService: stats => 1688567690190,-136,4119
07-05 16:34:50.206 14563 14662 I BatteryMgr:DataCollectionService: stats => 1688567690206,-136,4119
07-05 16:34:50.223 14563 14662 I BatteryMgr:DataCollectionService: stats => 1688567690223,-136,4119
07-05 16:34:50.239 14563 14662 I BatteryMgr:DataCollectionService: stats => 1688567690239,-136,4119
07-05 16:34:50.256 14563 14662 I BatteryMgr:DataCollectionService: stats => 1688567690256,-136,4119
07-05 16:34:50.273 14563 14662 I BatteryMgr:DataCollectionService: stats => 1688567690273,-136,4119
07-05 16:34:50.290 14563 14662 I BatteryMgr:DataCollectionService: stats => 1688567690289,-136,4119
07-05 16:34:50.306 14563 14662 I BatteryMgr:DataCollectionService: stats => 1688567690306,-136,4119
07-05 16:34:50.323 14563 14662 I BatteryMgr:DataCollectionService: stats => 1688567690323,-136,4119
07-05 16:34:50.339 14563 14662 I BatteryMgr:DataCollectionService: stats => 1688567690339,-136,4119
07-05 16:34:50.356 14563 14662 I BatteryMgr:DataCollectionService: stats => 1688567690356,-136,4119
07-05 16:34:50.373 14563 14662 I BatteryMgr:DataCollectionService: stats => 1688567690373,-136,4119
07-05 16:34:50.390 14563 14662 I BatteryMgr:DataCollectionService: stats => 1688567690390,-136,4119
07-05 16:34:50.413 14563 14662 I BatteryMgr:DataCollectionService: stats => 1688567690413,-136,4119
07-05 16:34:50.426 14563 14662 I BatteryMgr:DataCollectionService: stats => 1688567690426,-136,4119
07-05 16:34:50.440 14563 14662 I BatteryMgr:DataCollectionService: stats => 1688567690440,-136,4119
07-05 16:34:50.453 14563 14662 I BatteryMgr:DataCollectionService: stats => 1688567690453,-136,4119
07-05 16:34:50.467 14563 14662 I BatteryMgr:DataCollectionService: stats => 1688567690467,-136,4119
07-05 16:34:50.481 14563 14662 I BatteryMgr:DataCollectionService: stats => 1688567690481,-136,4119
07-05 16:34:50.497 14563 14662 I BatteryMgr:DataCollectionService: stats => 1688567690497,-136,4119
07-05 16:34:50.514 14563 14662 I BatteryMgr:DataCollectionService: stats => 1688567690514,-136,4119
07-05 16:34:50.531 14563 14662 I BatteryMgr:DataCollectionService: stats => 1688567690531,-136,4119
07-05 16:34:50.547 14563 14662 I BatteryMgr:DataCollectionService: stats => 1688567690547,-136,4119
07-05 16:34:50.564 14563 14662 I BatteryMgr:DataCollectionService: stats => 1688567690564,-136,4119
07-05 16:34:50.581 14563 14662 I BatteryMgr:DataCollectionService: stats => 1688567690581,-136,4119
07-05 16:34:50.597 14563 14662 I BatteryMgr:DataCollectionService: stats => 1688567690597,-136,4119
07-05 16:34:50.614 14563 14662 I BatteryMgr:DataCollectionService: stats => 1688567690614,-136,4119
07-05 16:34:50.631 14563 14662 I BatteryMgr:DataCollectionService: stats => 1688567690631,-136,4119
07-05 16:34:50.648 14563 14662 I BatteryMgr:DataCollectionService: stats => 1688567690648,-136,4119
07-05 16:34:50.665 14563 14662 I BatteryMgr:DataCollectionService: stats => 1688567690664,-136,4119
07-05 16:34:50.681 14563 14662 I BatteryMgr:DataCollectionService: stats => 1688567690681,-136,4119
07-05 16:34:50.698 14563 14662 I BatteryMgr:DataCollectionService: stats => 1688567690698,-136,4119
07-05 16:34:50.714 14563 14662 I BatteryMgr:DataCollectionService: stats => 1688567690714,-136,4119
07-05 16:34:50.731 14563 14662 I BatteryMgr:DataCollectionService: stats => 1688567690731,-136,4119
07-05 16:34:50.747 14563 14662 I BatteryMgr:DataCollectionService: stats => 1688567690747,-136,4119
07-05 16:34:50.763 14563 14662 I BatteryMgr:DataCollectionService: stats => 1688567690763,-136,4119
07-05 16:34:50.780 14563 14662 I BatteryMgr:DataCollectionService: stats => 1688567690779,-136,4119
07-05 16:34:50.796 14563 14662 I BatteryMgr:DataCollectionService: stats => 1688567690796,-136,4119
07-05 16:34:50.813 14563 14662 I BatteryMgr:DataCollectionService: stats => 1688567690813,-136,4119
07-05 16:34:50.830 14563 14662 I BatteryMgr:DataCollectionService: stats => 1688567690830,-136,4119
07-05 16:34:50.846 14563 14662 I BatteryMgr:DataCollectionService: stats => 1688567690846,-136,4119
07-05 16:34:50.863 14563 14662 I BatteryMgr:DataCollectionService: stats => 1688567690863,-136,4119
07-05 16:34:50.879 14563 14662 I BatteryMgr:DataCollectionService: stats => 1688567690879,-136,4119
07-05 16:34:50.896 14563 14662 I BatteryMgr:DataCollectionService: stats => 1688567690896,-136,4119
07-05 16:34:50.912 14563 14662 I BatteryMgr:DataCollectionService: stats => 1688567690912,-136,4119
