07-05 16:34:58.773 14563 14662 I BatteryMgr:DataCollectionService: stats => 1688567698773,-95,4119
07-05 16:34:58.789 14563 14662 I BatteryMgr:DataCollectionService: stats => 1688567698789,-95,4119
07-05 16:34:58.806 14563 14662 I BatteryMgr:DataCollectionService: stats => 1688567698805,-95,4119
07-05 16:34:58.822 14563 14662 I BatteryMgr:DataCollectionService: stats => 1688567698822,-95,4119
07-05 16:34:58.838 14563 14662 I BatteryMgr:DataCollectionService: stats => 1688567698838,-95,4119
07-05 16:34:58.854 14563 14662 I BatteryMgr:DataCollectionService: stats => 1688567698854,-95,4119
07-05 16:34:58.871 14563 14662 I BatteryMgr:DataCollectionService: stats => 1688567698871,-95,4119
07-05 16:34:58.887 14563 14662 I BatteryMgr:DataCollectionService: stats => 1688567698887,-95,4119
07-05 16:34:58.903 14563 14662 I BatteryMgr:DataCollectionService: stats => 1688567698903,-95,4119
07-05 16:34:58.919 14563 14662 I BatteryMgr:DataCollectionService: stats => 1688567698919,-95,4119
07-05 16:34:58.936 14563 14662 I BatteryMgr:DataCollectionService: stats => 1688567698936,-95,4119
07-05 16:34:58.952 14563 14662 I BatteryMgr:DataCollectionService: stats => 1688567698952,-95,4119
07-05 16:34:58.969 14563 14662 I BatteryMgr:DataCollectionService: stats => 1688567698969,-95,4119
07-05 16:34:58.985 14563 14662 I BatteryMgr:DataCollectionService: stats => 1688567698985,-95,4119
07-05 16:34:59.002 14563 14662 I BatteryMgr:DataCollectionService: stats => 1688567699001,-95,4119
07-05 16:34:59.018 14563 14662 I BatteryMgr:DataCollectionService: stats => 1688567699018,-95,4119
07-05 16:34:59.034 14563 14662 I BatteryMgr:DataCollectionService: stats => 1688567699034,-95,4119
07-05 16:34:59.051 14563 14662 I BatteryMgr:DataCollectionService: stats => 1688567699050,-95,4119
07-05 16:34:59.067 14563 14662 I BatteryMgr:DataCollectionService: stats => 1688567699066,-95,4119
07-05 16:34:59.083 14563 14662 I BatteryMgr:DataCollectionService: stats => 1688567699082,-95,4119
07-05 16:34:59.099 14563 14662 I BatteryMgr:DataCollectionService: stats => 1688567699099,-95,4119
07-05 16:34:59.115 14563 14662 I BatteryMgr:DataCollectionService: stats => 1688567699115,-95,4119
07-05 16:34:59.131 14563 14662 I BatteryMgr:DataCollectionService: stats => 1688567699131,-95,4119
07-05 16:34:59.148 14563 14662 I BatteryMgr:DataCollectionService: stats => 1688567699148,-95,4119
07-05 16:34:59.165 14563 14662 I BatteryMgr:DataCollectionService: stats => 1688567699164,-95,4119
07-05 16:34:59.181 14563 14662 I BatteryMgr:DataCollectionService: stats => 1688567699180,-95,4119
07-05 16:34:59.197 14563 14662 I BatteryMgr:DataCollectionService: stats => 1688567699197,-95,4119
07-05 16:34:59.214 14563 14662 I BatteryMgr:DataCollectionService: stats => 1688567699214,-95,4119
07-05 16:34:59.230 14563 14662 I BatteryMgr:DataCollectionService: stats => 1688567699230,-95,4119
07-05 16:34:59.246 14563 14662 I BatteryMgr:DataCollectionService: stats => 1688567699246,-95,4119
07-05 16:34:59.262 14563 14662 I BatteryMgr:DataCollectionService: stats => 1688567699262,-95,4119
07-05 16:34:59.278 14563 14662 I BatteryMgr:DataCollectionService: stats => 1688567699278,-95,4119
07-05 16:34:59.294 14563 14662 I BatteryMgr:DataCollectionService: stats => 1688567699294,-95,4119
07-05 16:34:59.311 14563 14662 I BatteryMgr:DataCollectionService: stats => 1688567699310,-95,4119
07-05 16:34:59.327 14563 14662 I BatteryMgr:DataCollectionService: stats => 1688567699327,-95,4119
07-05 16:34:59.343 14563 14662 I BatteryMgr:DataCollectionService: stats => 1688567699343,-95,4119
07-05 16:34:59.359 14563 14662 I BatteryMgr:DataCollectionService: stats => 1688567699359,-95,4119
07-05 16:34:59.375 14563 14662 I BatteryMgr:DataCollectionService: stats => 1688567699375,-95,4119
07-05 16:34:59.391 14563 14662 I BatteryMgr:DataCollectionService: stats => 1688567699391,-95,4119
07-05 16:34:59.408 14563 14662 I BatteryMgr:DataCollectionService: stats => 1688567699407,-95,4119
07-05 16:34:59.424 14563 14662 I BatteryMgr:DataCollectionService: stats => 1688567699423,-95,4119
07-05 16:34:59.446 14563 14662 I BatteryMgr:DataCollectionService: stats => 1688567699446,-95,4119
07-05 16:34:59.459 14563 14662 I BatteryMgr:DataCollectionService: stats => 1688567699459,-95,4119
07-05 16:34:59.473 14563 14662 I BatteryMgr:DataCollectionService: stats => 1688567699473,-95,4119
07-05 16:34:59.486 14563 14662 I BatteryMgr:DataCollectionService: stats => 1688567699486,-95,4119
07-05 16:34:59.500 14563 14662 I BatteryMgr:DataCollectionService: stats => 1688567699500,-95,4119
07-05 16:34:59.513 14563 14662 I BatteryMgr:DataCollectionService: stats => 1688567699513,-95,4119
07-05 16:34:59.527 14563 14662 I BatteryMgr:DataCollectionService: stats => 1688567699527,-95,4119
07-05 16:34:59.540 14563 14662 I BatteryMgr:DataCollectionService: stats => 1688567699540,-95,4119
07-05 16:34:59.554 14563 14662 I BatteryMgr:DataCollectionService: stats => 1688567699554,-95,4119
07-05 16:34:59.567 14563 14662 I BatteryMgr:DataCollectionService: stats => 1688567699567,-95,4119
07-05 16:34:59.582 14563 14662 I BatteryMgr:DataCollectionService: stats => 1688567699582,-95,4119
07-05 16:34:59.597 14563 14662 I BatteryMgr:DataCollectionService: stats => 1688567699597,-95,4119
07-05 16:34:59.612 14563 14662 I BatteryMgr:DataCollectionService: stats => 1688567699612,-95,4119
07-05 16:34:59.628 14563 14662 I BatteryMgr:DataCollectionService: stats => 1688567699628,-95,4119
07-05 16:34:59.644 14563 14662 I BatteryMgr:DataCollectionService: stats => 1688567699644,-95,4119
07-05 16:34:59.662 14563 14662 I BatteryMgr:DataCollectionService: stats => 1688567699662,-95,4119
07-05 16:34:59.678 14563 14662 I BatteryMgr:DataCollectionService: stats => 1688567699678,-95,4119
07-05 16:34:59.694 14563 14662 I BatteryMgr:DataCollectionService: stats => 1688567699693,-95,4119
07-05 16:34:59.709 14563 14662 I BatteryMgr:DataCollectionService: stats => 1688567699709,-95,4119
07-05 16:34:59.726 14563 14662 I BatteryMgr:DataCollectionService: stats => 1688567699726,-95,4119
07-05 16:34:59.743 14563 14662 I BatteryMgr:DataCollectionService: stats => 1688567699743,-95,4119
07-05 16:34:59.759 14563 14662 I BatteryMgr:DataCollectionService: stats => 1688567699759,-95,4119
07-05 16:34:59.775 14563 14662 I BatteryMgr:DataCollectionService: stats => 1688567699775,-95,4119
07-05 16:34:59.792 14563 14662 I BatteryMgr:DataCollectionService: stats => 1688567699792,-95,4119
07-05 16:34:59.808 14563 14662 I BatteryMgr:DataCollectionService: stats => 1688567699808,-95,4119
07-05 16:34:59.824 14563 14662 I BatteryMgr:DataCollectionService: stats => 1688567699824,-95,4119
07-05 16:34:59.841 14563 14662 I BatteryMgr:DataCollectionService: stats => 1688567699841,-95,4119
07-05 16:34:59.857 14563 14662 I BatteryMgr:DataCollectionService: stats => 1688567699857,-95,4119
07-05 16:34:59.874 14563 14662 I BatteryMgr:DataCollectionService: stats => 1688567699874,-95,4119
07-05 16:34:59.890 14563 14662 I BatteryMgr:DataCollectionService: stats => 1688567699890,-95,4119
07-05 16:34:59.905 14563 14662 I BatteryMgr:DataCollectionService: stats => 1688567699905,-95,4119
07-05 16:34:59.922 14563 14662 I BatteryMgr:DataCollectionService: stats => 1688567699921,-95,4119
07-05 16:34:59.938 14563 14662 I BatteryMgr:DataCollectionService: stats => 1688567699938,-95,4119
07-05 16:34:59.954 14563 14662 I BatteryMgr:DataCollectionService: stats => 1688567699954,-95,4119
07-05 16:34:59.971 14563 14662 I BatteryMgr:DataCollectionService: stats => 1688567699970,-95,4119
07-05 16:34:59.987 14563 14662 I BatteryMgr:DataCollectionService: stats => 1688567699987,-95,4119
07-05 16:34:59.999  3962  4052 D SamsungAlarmManager: Expired : 8
07-05 16:35:00.000  3962  4052 I SamsungAlarmManager: setLocked to kernel - T:3 / 20230705T163500, SetElapsed=2141784, nowELAPSED=2141784
07-05 16:35:00.001  3962  4052 V SamsungAlarmManager: Sending to uid : 1000 action=android.intent.action.TIME_TICK alarm=Alarm{354deef type 3 when 2141783 android}
07-05 16:35:00.003 14563 14662 I BatteryMgr:DataCollectionService: stats => 1688567700003,-95,4119
07-05 16:35:00.003  3962  4052 D SamsungAlarmManager: Expired : 8
07-05 16:35:00.003  3962  4052 V SamsungAlarmManager: Sending to uid : 10074 action=com.samsung.action.EVERY_MINUTE_CLOCK_UPDATE alarm=Alarm{1054c85 type 1 when 1688567700000 com.sec.android.app.launcher}
07-05 16:35:00.009  3962  3962 D SamsungAlarmManager: setExact Intent (T:3/F:1/AC:false) 20230705T163600 - CU:1000/CP:3962
07-05 16:35:00.010  3962  3962 I SamsungAlarmManager: setLocked to kernel - T:3 / 20230705T163600, SetElapsed=2201784, nowELAPSED=2141793
07-05 16:35:00.010  5342  5342 I Launcher: onReceive: com.samsung.action.EVERY_MINUTE_CLOCK_UPDATE
07-05 16:35:00.014  4350  4350 D KeyguardUpdateMonitor: received broadcast android.intent.action.TIME_TICK
07-05 16:35:00.015  4350  4350 D KeyguardServiceBoxContainer: refreshTime() 1
07-05 16:35:00.020  3962  4595 D SamsungAlarmManager: setInexact Intent (T:1/F:0/AC:false) 20230705T163600 - CU:10074/CP:5342
07-05 16:35:00.021  5342  5342 I IconView: applyFromShortcutInfo - start GetLive : com.samsung.android.calendar
07-05 16:35:00.021  5342  5342 I IconView: applyFromShortcutInfo - end GetLive : com.samsung.android.calendar
07-05 16:35:00.023 14563 14662 I BatteryMgr:DataCollectionService: stats => 1688567700023,-95,4119
07-05 16:35:00.026  5342  5342 I IconView: applyFromApplicationInfo - start GetLive : com.sec.android.app.clockpackage
07-05 16:35:00.041  4350  4350 D KeyguardUpdateMonitor: handleStatusBarState( false )
07-05 16:35:00.043 14563 14662 I BatteryMgr:DataCollectionService: stats => 1688567700043,-95,4119
07-05 16:35:00.044  5342  5342 D ApplicationPackageManager: we has com.sec.android.app.clockpackage class. reuse it 
07-05 16:35:00.044  5342  5342 D LiveIconLoader: getLiveIcon was called in ClockPackage
07-05 16:35:00.050  5342  5342 D LiveIconLoader: getLiveIcon res = com.sec.android.app.clockpackage
07-05 16:35:00.051  5342  5342 D LiveIconLoader: stdIconSize : 84 , targetIconSize : 101
07-05 16:35:00.051  5342  5342 D LiveIconLoader: mIconDpi : 480 , mTargetIconDpi : 280
07-05 16:35:00.057 14563 14662 I BatteryMgr:DataCollectionService: stats => 1688567700057,-95,4119
07-05 16:35:00.069  5342  5342 I ApplicationPackageManager: load= live icon for com.sec.android.app.clockpackage, from overlay = false
07-05 16:35:00.070  5342  5342 I LiveIconManager: getLiveIcon: complete(sync_created)
07-05 16:35:00.070  5342  5342 I IconView: applyFromApplicationInfo - end GetLive : com.sec.android.app.clockpackage
07-05 16:35:00.070 14563 14662 I BatteryMgr:DataCollectionService: stats => 1688567700070,-95,4119
07-05 16:35:00.071  5342  5342 I IconView: applyFromApplicationInfo - start GetLive : com.samsung.android.calendar
07-05 16:35:00.071  5342  5342 I BitmapCacheContainer: getBitmapCache: BitmapCache expired com.samsung.android.calendar/UserHandle{0}
07-05 16:35:00.075  4350  4350 D KeyguardUpdateMonitor: handleStatusBarState( false )
07-05 16:35:00.076  5342  5342 D ApplicationPackageManager: we has com.samsung.android.calendar class. reuse it 
07-05 16:35:00.084 14563 14662 I BatteryMgr:DataCollectionService: stats => 1688567700084,-95,4119
07-05 16:35:00.091  5342  5342 I ApplicationPackageManager: load= live icon for com.samsung.android.calendar, from overlay = false
07-05 16:35:00.093  5342  5342 I LiveIconManager: getLiveIcon: complete(sync_created)
07-05 16:35:00.093  5342  5342 I IconView: applyFromApplicationInfo - end GetLive : com.samsung.android.calendar
07-05 16:35:00.097 14563 14662 I BatteryMgr:DataCollectionService: stats => 1688567700097,-95,4119
07-05 16:35:00.110 14563 14662 I BatteryMgr:DataCollectionService: stats => 1688567700110,-95,4119
07-05 16:35:00.124 14563 14662 I BatteryMgr:DataCollectionService: stats => 1688567700124,-95,4119
07-05 16:35:00.137 14563 14662 I BatteryMgr:DataCollectionService: stats => 1688567700137,-95,4119
07-05 16:35:00.150 14563 14662 I BatteryMgr:DataCollectionService: stats => 1688567700149,-95,4119
07-05 16:35:00.163 14563 14662 I BatteryMgr:DataCollectionService: stats => 1688567700163,-95,4119
07-05 16:35:00.177 14563 14662 I BatteryMgr:DataCollectionService: stats => 1688567700177,-95,4119
07-05 16:35:00.191 14563 14662 I BatteryMgr:DataCollectionService: stats => 1688567700191,-95,4119
07-05 16:35:00.204 14563 14662 I BatteryMgr:DataCollectionService: stats => 1688567700204,-95,4119
07-05 16:35:00.219 14563 14662 I BatteryMgr:DataCollectionService: stats => 1688567700219,-95,4119
07-05 16:35:00.234 14563 14662 I BatteryMgr:DataCollectionService: stats => 1688567700234,-95,4119
07-05 16:35:00.248 14563 14662 I BatteryMgr:DataCollectionService: stats => 1688567700248,-95,4119
07-05 16:35:00.263 14563 14662 I BatteryMgr:DataCollectionService: stats => 1688567700263,-95,4119
07-05 16:35:00.278 14563 14662 I BatteryMgr:DataCollectionService: stats => 1688567700278,-95,4119
07-05 16:35:00.293 14563 14662 I BatteryMgr:DataCollectionService: stats => 1688567700293,-95,4119
07-05 16:35:00.309 14563 14662 I BatteryMgr:DataCollectionService: stats => 1688567700309,-95,4119
07-05 16:35:00.325 14563 14662 I BatteryMgr:DataCollectionService: stats => 1688567700325,-95,4119
07-05 16:35:00.342 14563 14662 I BatteryMgr:DataCollectionService: stats => 1688567700342,-95,4119
07-05 16:35:00.358 14563 14662 I BatteryMgr:DataCollectionService: stats => 1688567700358,-95,4119
07-05 16:35:00.375 14563 14662 I BatteryMgr:DataCollectionService: stats => 1688567700375,-95,4119
07-05 16:35:00.391 14563 14662 I BatteryMgr:DataCollectionService: stats => 1688567700391,-95,4119
07-05 16:35:00.408 14563 14662 I BatteryMgr:DataCollectionService: stats => 1688567700407,-95,4119
07-05 16:35:00.423 14563 14662 I BatteryMgr:DataCollectionService: stats => 1688567700423,-95,4119
07-05 16:35:00.441 14563 14662 I BatteryMgr:DataCollectionService: stats => 1688567700441,-95,4119
07-05 16:35:00.456 14563 14662 I BatteryMgr:DataCollectionService: stats => 1688567700456,-95,4119
07-05 16:35:00.469 14563 14662 I BatteryMgr:DataCollectionService: stats => 1688567700469,-95,4119
07-05 16:35:00.482 14563 14662 I BatteryMgr:DataCollectionService: stats => 1688567700482,-95,4119
07-05 16:35:00.496 14563 14662 I BatteryMgr:DataCollectionService: stats => 1688567700496,-95,4119
07-05 16:35:00.509 14563 14662 I BatteryMgr:DataCollectionService: stats => 1688567700509,-95,4119
07-05 16:35:00.522 14563 14662 I BatteryMgr:DataCollectionService: stats => 1688567700522,-95,4119
07-05 16:35:00.535 14563 14662 I BatteryMgr:DataCollectionService: stats => 1688567700535,-95,4119
07-05 16:35:00.549 14563 14662 I BatteryMgr:DataCollectionService: stats => 1688567700549,-95,4119
07-05 16:35:00.565 14563 14662 I BatteryMgr:DataCollectionService: stats => 1688567700565,-95,4119
07-05 16:35:00.581 14563 14662 I BatteryMgr:DataCollectionService: stats => 1688567700581,-95,4119
07-05 16:35:00.598 14563 14662 I BatteryMgr:DataCollectionService: stats => 1688567700598,-95,4119
07-05 16:35:00.614 14563 14662 I BatteryMgr:DataCollectionService: stats => 1688567700614,-95,4119
07-05 16:35:00.630 14563 14662 I BatteryMgr:DataCollectionService: stats => 1688567700630,-95,4119
07-05 16:35:00.647 14563 14662 I BatteryMgr:DataCollectionService: stats => 1688567700647,-95,4119
07-05 16:35:00.663 14563 14662 I BatteryMgr:DataCollectionService: stats => 1688567700663,-95,4119
07-05 16:35:00.680 14563 14662 I BatteryMgr:DataCollectionService: stats => 1688567700680,-95,4119
07-05 16:35:00.696 14563 14662 I BatteryMgr:DataCollectionService: stats => 1688567700696,-95,4119
07-05 16:35:00.710 14563 14662 I BatteryMgr:DataCollectionService: stats => 1688567700710,-95,4119
07-05 16:35:00.723 14563 14662 I BatteryMgr:DataCollectionService: stats => 1688567700723,-95,4119
07-05 16:35:00.737 14563 14662 I BatteryMgr:DataCollectionService: stats => 1688567700737,-95,4119
07-05 16:35:00.753 14563 14662 I BatteryMgr:DataCollectionService: stats => 1688567700753,-95,4119
07-05 16:35:00.769 14563 14662 I BatteryMgr:DataCollectionService: stats => 1688567700769,-95,4119
07-05 16:35:00.786 14563 14662 I BatteryMgr:DataCollectionService: stats => 1688567700786,-95,4119
07-05 16:35:00.802 14563 14662 I BatteryMgr:DataCollectionService: stats => 1688567700802,-95,4119
07-05 16:35:00.818 14563 14662 I BatteryMgr:DataCollectionService: stats => 1688567700818,-95,4119
07-05 16:35:00.834 14563 14662 I BatteryMgr:DataCollectionService: stats => 1688567700833,-95,4119
07-05 16:35:00.850 14563 14662 I BatteryMgr:DataCollectionService: stats => 1688567700850,-95,4119
07-05 16:35:00.865 14563 14662 I BatteryMgr:DataCollectionService: stats => 1688567700865,-95,4119
07-05 16:35:00.882 14563 14662 I BatteryMgr:DataCollectionService: stats => 1688567700882,-95,4119
07-05 16:35:00.897 14563 14662 I BatteryMgr:DataCollectionService: stats => 1688567700897,-95,4119
07-05 16:35:00.914 14563 14662 I BatteryMgr:DataCollectionService: stats => 1688567700914,-95,4119
07-05 16:35:00.930 14563 14662 I BatteryMgr:DataCollectionService: stats => 1688567700930,-95,4119
07-05 16:35:00.946 14563 14662 I BatteryMgr:DataCollectionService: stats => 1688567700946,-95,4119
07-05 16:35:00.963 14563 14662 I BatteryMgr:DataCollectionService: stats => 1688567700963,-95,4119
07-05 16:35:00.979 14563 14662 I BatteryMgr:DataCollectionService: stats => 1688567700979,-95,4119
07-05 16:35:00.996 14563 14662 I BatteryMgr:DataCollectionService: stats => 1688567700995,-95,4119
07-05 16:35:01.012 14563 14662 I BatteryMgr:DataCollectionService: stats => 1688567701012,-95,4119
07-05 16:35:01.028 14563 14662 I BatteryMgr:DataCollectionService: stats => 1688567701028,-95,4119
07-05 16:35:01.044 14563 14662 I BatteryMgr:DataCollectionService: stats => 1688567701044,-95,4119
07-05 16:35:01.061 14563 14662 I BatteryMgr:DataCollectionService: stats => 1688567701061,-95,4119
07-05 16:35:01.077 14563 14662 I BatteryMgr:DataCollectionService: stats => 1688567701077,-95,4119
07-05 16:35:01.093 14563 14662 I BatteryMgr:DataCollectionService: stats => 1688567701093,-95,4119
07-05 16:35:01.109 14563 14662 I BatteryMgr:DataCollectionService: stats => 1688567701109,-95,4119
07-05 16:35:01.126 14563 14662 I BatteryMgr:DataCollectionService: stats => 1688567701126,-95,4119
07-05 16:35:01.141 14563 14662 I BatteryMgr:DataCollectionService: stats => 1688567701141,-95,4119
07-05 16:35:01.158 14563 14662 I BatteryMgr:DataCollectionService: stats => 1688567701157,-95,4119
07-05 16:35:01.174 14563 14662 I BatteryMgr:DataCollectionService: stats => 1688567701174,-95,4119
07-05 16:35:01.190 14563 14662 I BatteryMgr:DataCollectionService: stats => 1688567701190,-95,4119
07-05 16:35:01.206 14563 14662 I BatteryMgr:DataCollectionService: stats => 1688567701206,-95,4119
07-05 16:35:01.222 14563 14662 I BatteryMgr:DataCollectionService: stats => 1688567701222,-95,4119
07-05 16:35:01.238 14563 14662 I BatteryMgr:DataCollectionService: stats => 1688567701238,-95,4119
07-05 16:35:01.255 14563 14662 I BatteryMgr:DataCollectionService: stats => 1688567701255,-95,4119
07-05 16:35:01.271 14563 14662 I BatteryMgr:DataCollectionService: stats => 1688567701271,-95,4119
07-05 16:35:01.280  3437  3437 I android.hardware.wifi@1.0-service: getLinkLayerStats
07-05 16:35:01.287 14563 14662 I BatteryMgr:DataCollectionService: stats => 1688567701287,-95,4119
07-05 16:35:01.303 14563 14662 I BatteryMgr:DataCollectionService: stats => 1688567701303,-95,4119
07-05 16:35:01.319 14563 14662 I BatteryMgr:DataCollectionService: stats => 1688567701319,-95,4119
07-05 16:35:01.336 14563 14662 I BatteryMgr:DataCollectionService: stats => 1688567701335,-95,4119
07-05 16:35:01.352 14563 14662 I BatteryMgr:DataCollectionService: stats => 1688567701352,-95,4119
07-05 16:35:01.369 14563 14662 I BatteryMgr:DataCollectionService: stats => 1688567701369,-95,4119
07-05 16:35:01.385 14563 14662 I BatteryMgr:DataCollectionService: stats => 1688567701385,-95,4119
07-05 16:35:01.401 14563 14662 I BatteryMgr:DataCollectionService: stats => 1688567701401,-95,4119
07-05 16:35:01.417 14563 14662 I BatteryMgr:DataCollectionService: stats => 1688567701417,-95,4119
07-05 16:35:01.434 14563 14662 I BatteryMgr:DataCollectionService: stats => 1688567701433,-95,4119
07-05 16:35:01.457 14563 14662 I BatteryMgr:DataCollectionService: stats => 1688567701457,-95,4119
07-05 16:35:01.470 14563 14662 I BatteryMgr:DataCollectionService: stats => 1688567701470,-95,4119
07-05 16:35:01.484 14563 14662 I BatteryMgr:DataCollectionService: stats => 1688567701484,-95,4119
07-05 16:35:01.497 14563 14662 I BatteryMgr:DataCollectionService: stats => 1688567701497,-95,4119
07-05 16:35:01.511 14563 14662 I BatteryMgr:DataCollectionService: stats => 1688567701511,-95,4119
07-05 16:35:01.524 14563 14662 I BatteryMgr:DataCollectionService: stats => 1688567701524,-95,4119
07-05 16:35:01.538 14563 14662 I BatteryMgr:DataCollectionService: stats => 1688567701538,-95,4119
07-05 16:35:01.554 14563 14662 I BatteryMgr:DataCollectionService: stats => 1688567701554,-95,4119
07-05 16:35:01.570 14563 14662 I BatteryMgr:DataCollectionService: stats => 1688567701570,-95,4119
07-05 16:35:01.586 14563 14662 I BatteryMgr:DataCollectionService: stats => 1688567701586,-95,4119
07-05 16:35:01.603 14563 14662 I BatteryMgr:DataCollectionService: stats => 1688567701603,-95,4119
07-05 16:35:01.619 14563 14662 I BatteryMgr:DataCollectionService: stats => 1688567701619,-95,4119
07-05 16:35:01.635 14563 14662 I BatteryMgr:DataCollectionService: stats => 1688567701635,-95,4119
07-05 16:35:01.651 14563 14662 I BatteryMgr:DataCollectionService: stats => 1688567701651,-95,4119
07-05 16:35:01.667 14563 14662 I BatteryMgr:DataCollectionService: stats => 1688567701667,-95,4119
07-05 16:35:01.683 14563 14662 I BatteryMgr:DataCollectionService: stats => 1688567701683,-95,4119
07-05 16:35:01.700 14563 14662 I BatteryMgr:DataCollectionService: stats => 1688567701700,-95,4119
07-05 16:35:01.716 14563 14662 I BatteryMgr:DataCollectionService: stats => 1688567701716,-95,4119
07-05 16:35:01.733 14563 14662 I BatteryMgr:DataCollectionService: stats => 1688567701733,-95,4119
07-05 16:35:01.749 14563 14662 I BatteryMgr:DataCollectionService: stats => 1688567701749,-95,4119
07-05 16:35:01.766 14563 14662 I BatteryMgr:DataCollectionService: stats => 1688567701765,-95,4119
07-05 16:35:01.782 14563 14662 I BatteryMgr:DataCollectionService: stats => 1688567701782,-95,4119
07-05 16:35:01.798 14563 14662 I BatteryMgr:DataCollectionService: stats => 1688567701798,-95,4119
07-05 16:35:01.814 14563 14662 I BatteryMgr:DataCollectionService: stats => 1688567701814,-95,4119
07-05 16:35:01.831 14563 14662 I BatteryMgr:DataCollectionService: stats => 1688567701831,-95,4119
07-05 16:35:01.847 14563 14662 I BatteryMgr:DataCollectionService: stats => 1688567701846,-95,4119
07-05 16:35:01.863 14563 14662 I BatteryMgr:DataCollectionService: stats => 1688567701863,-95,4119
07-05 16:35:01.879 14563 14662 I BatteryMgr:DataCollectionService: stats => 1688567701879,-95,4119
07-05 16:35:01.895 14563 14662 I BatteryMgr:DataCollectionService: stats => 1688567701895,-95,4119
07-05 16:35:01.912 14563 14662 I BatteryMgr:DataCollectionService: stats => 1688567701912,-95,4119
07-05 16:35:01.928 14563 14662 I BatteryMgr:DataCollectionService: stats => 1688567701928,-95,4119
07-05 16:35:01.945 14563 14662 I BatteryMgr:DataCollectionService: stats => 1688567701944,-95,4119
07-05 16:35:01.961 14563 14662 I BatteryMgr:DataCollectionService: stats => 1688567701961,-95,4119
07-05 16:35:01.977 14563 14662 I BatteryMgr:DataCollectionService: stats => 1688567701977,-95,4119
07-05 16:35:01.993 14563 14662 I BatteryMgr:DataCollectionService: stats => 1688567701993,-95,4119
07-05 16:35:02.010 14563 14662 I BatteryMgr:DataCollectionService: stats => 1688567702010,-95,4119
07-05 16:35:02.027 14563 14662 I BatteryMgr:DataCollectionService: stats => 1688567702027,-95,4119
07-05 16:35:02.043 14563 14662 I BatteryMgr:DataCollectionService: stats => 1688567702043,-95,4119
07-05 16:35:02.059 14563 14662 I BatteryMgr:DataCollectionService: stats => 1688567702059,-95,4119
07-05 16:35:02.075 14563 14662 I BatteryMgr:DataCollectionService: stats => 1688567702075,-95,4119
07-05 16:35:02.091 14563 14662 I BatteryMgr:DataCollectionService: stats => 1688567702091,-95,4119
07-05 16:35:02.107 14563 14662 I BatteryMgr:DataCollectionService: stats => 1688567702107,-95,4119
07-05 16:35:02.120  4953  4953 D io_stats: !@ 179,0 r 90482 3332432 w 22262 362760 d 1950 82792 f 6180 6299 iot 48284 38650 th 51200 0 0 pt 0 inp 0 0 2143.902
07-05 16:35:02.124 14563 14662 I BatteryMgr:DataCollectionService: stats => 1688567702124,-95,4119
07-05 16:35:02.140 14563 14662 I BatteryMgr:DataCollectionService: stats => 1688567702140,-95,4119
07-05 16:35:02.157 14563 14662 I BatteryMgr:DataCollectionService: stats => 1688567702157,-95,4119
07-05 16:35:02.173 14563 14662 I BatteryMgr:DataCollectionService: stats => 1688567702173,-95,4119
07-05 16:35:02.190 14563 14662 I BatteryMgr:DataCollectionService: stats => 1688567702190,-95,4119
07-05 16:35:02.206 14563 14662 I BatteryMgr:DataCollectionService: stats => 1688567702206,-95,4119
07-05 16:35:02.222 14563 14662 I BatteryMgr:DataCollectionService: stats => 1688567702222,-95,4119
07-05 16:35:02.238 14563 14662 I BatteryMgr:DataCollectionService: stats => 1688567702238,-95,4119
07-05 16:35:02.254 14563 14662 I BatteryMgr:DataCollectionService: stats => 1688567702254,-95,4119
07-05 16:35:02.271 14563 14662 I BatteryMgr:DataCollectionService: stats => 1688567702270,-95,4119
07-05 16:35:02.287 14563 14662 I BatteryMgr:DataCollectionService: stats => 1688567702287,-95,4119
07-05 16:35:02.303 14563 14662 I BatteryMgr:DataCollectionService: stats => 1688567702303,-95,4119
07-05 16:35:02.319 14563 14662 I BatteryMgr:DataCollectionService: stats => 1688567702319,-95,4119
07-05 16:35:02.336 14563 14662 I BatteryMgr:DataCollectionService: stats => 1688567702336,-95,4119
07-05 16:35:02.350 14563 14662 I BatteryMgr:DataCollectionService: stats => 1688567702350,-95,4119
07-05 16:35:02.363 14563 14662 I BatteryMgr:DataCollectionService: stats => 1688567702363,-95,4119
07-05 16:35:02.377 14563 14662 I BatteryMgr:DataCollectionService: stats => 1688567702377,-95,4119
07-05 16:35:02.390 14563 14662 I BatteryMgr:DataCollectionService: stats => 1688567702390,-95,4119
07-05 16:35:02.404 14563 14662 I BatteryMgr:DataCollectionService: stats => 1688567702404,-95,4119
07-05 16:35:02.420 14563 14662 I BatteryMgr:DataCollectionService: stats => 1688567702420,-95,4119
07-05 16:35:02.436 14563 14662 I BatteryMgr:DataCollectionService: stats => 1688567702436,-95,4119
07-05 16:35:02.456 14563 14662 I BatteryMgr:DataCollectionService: stats => 1688567702456,-95,4119
07-05 16:35:02.471 14563 14662 I BatteryMgr:DataCollectionService: stats => 1688567702471,-95,4119
07-05 16:35:02.486 14563 14662 I BatteryMgr:DataCollectionService: stats => 1688567702486,-95,4119
07-05 16:35:02.501 14563 14662 I BatteryMgr:DataCollectionService: stats => 1688567702501,-95,4119
07-05 16:35:02.516 14563 14662 I BatteryMgr:DataCollectionService: stats => 1688567702516,-95,4119
07-05 16:35:02.532 14563 14662 I BatteryMgr:DataCollectionService: stats => 1688567702531,-95,4119
07-05 16:35:02.546 14563 14662 I BatteryMgr:DataCollectionService: stats => 1688567702546,-95,4119
07-05 16:35:02.561 14563 14662 I BatteryMgr:DataCollectionService: stats => 1688567702561,-95,4119
07-05 16:35:02.578 14563 14662 I BatteryMgr:DataCollectionService: stats => 1688567702578,-95,4119
07-05 16:35:02.595 14563 14662 I BatteryMgr:DataCollectionService: stats => 1688567702595,-95,4119
07-05 16:35:02.611 14563 14662 I BatteryMgr:DataCollectionService: stats => 1688567702610,-95,4119
07-05 16:35:02.627 14563 14662 I BatteryMgr:DataCollectionService: stats => 1688567702627,-95,4119
07-05 16:35:02.643 14563 14662 I BatteryMgr:DataCollectionService: stats => 1688567702643,-95,4119
07-05 16:35:02.659 14563 14662 I BatteryMgr:DataCollectionService: stats => 1688567702659,-95,4119
07-05 16:35:02.676 14563 14662 I BatteryMgr:DataCollectionService: stats => 1688567702676,-95,4119
07-05 16:35:02.692 14563 14662 I BatteryMgr:DataCollectionService: stats => 1688567702692,-95,4119
07-05 16:35:02.708 14563 14662 I BatteryMgr:DataCollectionService: stats => 1688567702708,-95,4119
07-05 16:35:02.725 14563 14662 I BatteryMgr:DataCollectionService: stats => 1688567702725,-95,4119
07-05 16:35:02.741 14563 14662 I BatteryMgr:DataCollectionService: stats => 1688567702741,-95,4119
07-05 16:35:02.758 14563 14662 I BatteryMgr:DataCollectionService: stats => 1688567702757,-95,4119
07-05 16:35:02.773 14563 14662 I BatteryMgr:DataCollectionService: stats => 1688567702773,-95,4119
07-05 16:35:02.790 14563 14662 I BatteryMgr:DataCollectionService: stats => 1688567702790,-95,4119
07-05 16:35:02.806 14563 14662 I BatteryMgr:DataCollectionService: stats => 1688567702806,-95,4119
07-05 16:35:02.822 14563 14662 I BatteryMgr:DataCollectionService: stats => 1688567702822,-95,4119
07-05 16:35:02.838 14563 14662 I BatteryMgr:DataCollectionService: stats => 1688567702838,-95,4119
07-05 16:35:02.854 14563 14662 I BatteryMgr:DataCollectionService: stats => 1688567702854,-95,4119
07-05 16:35:02.871 14563 14662 I BatteryMgr:DataCollectionService: stats => 1688567702871,-95,4119
07-05 16:35:02.887 14563 14662 I BatteryMgr:DataCollectionService: stats => 1688567702887,-95,4119
07-05 16:35:02.903 14563 14662 I BatteryMgr:DataCollectionService: stats => 1688567702903,-95,4119
07-05 16:35:02.919 14563 14662 I BatteryMgr:DataCollectionService: stats => 1688567702919,-95,4119
07-05 16:35:02.935 14563 14662 I BatteryMgr:DataCollectionService: stats => 1688567702935,-95,4119
07-05 16:35:02.951 14563 14662 I BatteryMgr:DataCollectionService: stats => 1688567702951,-95,4119
07-05 16:35:02.967 14563 14662 I BatteryMgr:DataCollectionService: stats => 1688567702967,-95,4119
07-05 16:35:02.983 14563 14662 I BatteryMgr:DataCollectionService: stats => 1688567702983,-95,4119
07-05 16:35:02.999 14563 14662 I BatteryMgr:DataCollectionService: stats => 1688567702999,-95,4119
07-05 16:35:03.015 14563 14662 I BatteryMgr:DataCollectionService: stats => 1688567703015,-95,4119
07-05 16:35:03.033 14563 14662 I BatteryMgr:DataCollectionService: stats => 1688567703033,-95,4119
07-05 16:35:03.049 14563 14662 I BatteryMgr:DataCollectionService: stats => 1688567703049,-95,4119
07-05 16:35:03.065 14563 14662 I BatteryMgr:DataCollectionService: stats => 1688567703065,-95,4119
07-05 16:35:03.081 14563 14662 I BatteryMgr:DataCollectionService: stats => 1688567703081,-95,4119
07-05 16:35:03.097 14563 14662 I BatteryMgr:DataCollectionService: stats => 1688567703097,-95,4119
07-05 16:35:03.114 14563 14662 I BatteryMgr:DataCollectionService: stats => 1688567703114,-95,4119
07-05 16:35:03.130 14563 14662 I BatteryMgr:DataCollectionService: stats => 1688567703130,-95,4119
07-05 16:35:03.147 14563 14662 I BatteryMgr:DataCollectionService: stats => 1688567703146,-95,4119
07-05 16:35:03.163 14563 14662 I BatteryMgr:DataCollectionService: stats => 1688567703163,-95,4119
07-05 16:35:03.179 14563 14662 I BatteryMgr:DataCollectionService: stats => 1688567703178,-95,4119
07-05 16:35:03.194 14563 14662 I BatteryMgr:DataCollectionService: stats => 1688567703194,-95,4119
07-05 16:35:03.211 14563 14662 I BatteryMgr:DataCollectionService: stats => 1688567703211,-95,4119
07-05 16:35:03.227 14563 14662 I BatteryMgr:DataCollectionService: stats => 1688567703227,-95,4119
07-05 16:35:03.243 14563 14662 I BatteryMgr:DataCollectionService: stats => 1688567703243,-95,4119
07-05 16:35:03.259 14563 14662 I BatteryMgr:DataCollectionService: stats => 1688567703259,-95,4119
07-05 16:35:03.275 14563 14662 I BatteryMgr:DataCollectionService: stats => 1688567703275,-95,4119
07-05 16:35:03.291 14563 14662 I BatteryMgr:DataCollectionService: stats => 1688567703291,-95,4119
07-05 16:35:03.307 14563 14662 I BatteryMgr:DataCollectionService: stats => 1688567703307,-95,4119
07-05 16:35:03.324 14563 14662 I BatteryMgr:DataCollectionService: stats => 1688567703324,-95,4119
07-05 16:35:03.341 14563 14662 I BatteryMgr:DataCollectionService: stats => 1688567703341,-95,4119
07-05 16:35:03.357 14563 14662 I BatteryMgr:DataCollectionService: stats => 1688567703357,-95,4119
07-05 16:35:03.373 14563 14662 I BatteryMgr:DataCollectionService: stats => 1688567703373,-95,4119
07-05 16:35:03.389 14563 14662 I BatteryMgr:DataCollectionService: stats => 1688567703389,-95,4119
07-05 16:35:03.406 14563 14662 I BatteryMgr:DataCollectionService: stats => 1688567703406,-95,4119
07-05 16:35:03.422 14563 14662 I BatteryMgr:DataCollectionService: stats => 1688567703422,-95,4119
07-05 16:35:03.438 14563 14662 I BatteryMgr:DataCollectionService: stats => 1688567703438,-95,4119
07-05 16:35:03.465 14563 14662 I BatteryMgr:DataCollectionService: stats => 1688567703465,-95,4119
07-05 16:35:03.478 14563 14662 I BatteryMgr:DataCollectionService: stats => 1688567703478,-95,4119
07-05 16:35:03.492 14563 14662 I BatteryMgr:DataCollectionService: stats => 1688567703491,-95,4119
07-05 16:35:03.505 14563 14662 I BatteryMgr:DataCollectionService: stats => 1688567703505,-95,4119
07-05 16:35:03.521 14563 14662 I BatteryMgr:DataCollectionService: stats => 1688567703521,-95,4119
07-05 16:35:03.537 14563 14662 I BatteryMgr:DataCollectionService: stats => 1688567703537,-95,4119
07-05 16:35:03.554 14563 14662 I BatteryMgr:DataCollectionService: stats => 1688567703553,-95,4119
07-05 16:35:03.570 14563 14662 I BatteryMgr:DataCollectionService: stats => 1688567703569,-95,4119
07-05 16:35:03.586 14563 14662 I BatteryMgr:DataCollectionService: stats => 1688567703586,-95,4119
07-05 16:35:03.602 14563 14662 I BatteryMgr:DataCollectionService: stats => 1688567703602,-95,4119
07-05 16:35:03.619 14563 14662 I BatteryMgr:DataCollectionService: stats => 1688567703619,-95,4119
07-05 16:35:03.635 14563 14662 I BatteryMgr:DataCollectionService: stats => 1688567703635,-95,4119
07-05 16:35:03.651 14563 14662 I BatteryMgr:DataCollectionService: stats => 1688567703651,-95,4119
07-05 16:35:03.667 14563 14662 I BatteryMgr:DataCollectionService: stats => 1688567703666,-95,4119
07-05 16:35:03.682 14563 14662 I BatteryMgr:DataCollectionService: stats => 1688567703682,-95,4119
07-05 16:35:03.699 14563 14662 I BatteryMgr:DataCollectionService: stats => 1688567703698,-95,4119
07-05 16:35:03.715 14563 14662 I BatteryMgr:DataCollectionService: stats => 1688567703715,-95,4119
07-05 16:35:03.731 14563 14662 I BatteryMgr:DataCollectionService: stats => 1688567703731,-95,4119
07-05 16:35:03.748 14563 14662 I BatteryMgr:DataCollectionService: stats => 1688567703748,-95,4119
07-05 16:35:03.764 14563 14662 I BatteryMgr:DataCollectionService: stats => 1688567703764,-95,4119
07-05 16:35:03.780 14563 14662 I BatteryMgr:DataCollectionService: stats => 1688567703780,-95,4119
07-05 16:35:03.796 14563 14662 I BatteryMgr:DataCollectionService: stats => 1688567703796,-95,4119
07-05 16:35:03.813 14563 14662 I BatteryMgr:DataCollectionService: stats => 1688567703812,-95,4119
07-05 16:35:03.829 14563 14662 I BatteryMgr:DataCollectionService: stats => 1688567703829,-95,4119
07-05 16:35:03.845 14563 14662 I BatteryMgr:DataCollectionService: stats => 1688567703845,-95,4119
07-05 16:35:03.862 14563 14662 I BatteryMgr:DataCollectionService: stats => 1688567703861,-95,4119
07-05 16:35:03.878 14563 14662 I BatteryMgr:DataCollectionService: stats => 1688567703878,-95,4119
07-05 16:35:03.894 14563 14662 I BatteryMgr:DataCollectionService: stats => 1688567703894,-95,4119
07-05 16:35:03.910 14563 14662 I BatteryMgr:DataCollectionService: stats => 1688567703910,-95,4119
07-05 16:35:03.926 14563 14662 I BatteryMgr:DataCollectionService: stats => 1688567703926,-95,4119
07-05 16:35:03.942 14563 14662 I BatteryMgr:DataCollectionService: stats => 1688567703942,-95,4119
07-05 16:35:03.959 14563 14662 I BatteryMgr:DataCollectionService: stats => 1688567703959,-95,4119
07-05 16:35:03.975 14563 14662 I BatteryMgr:DataCollectionService: stats => 1688567703975,-95,4119
07-05 16:35:03.991 14563 14662 I BatteryMgr:DataCollectionService: stats => 1688567703991,-95,4119
07-05 16:35:04.007 14563 14662 I BatteryMgr:DataCollectionService: stats => 1688567704007,-95,4119
07-05 16:35:04.023 14563 14662 I BatteryMgr:DataCollectionService: stats => 1688567704023,-95,4119
07-05 16:35:04.039 14563 14662 I BatteryMgr:DataCollectionService: stats => 1688567704039,-95,4119
07-05 16:35:04.055 14563 14662 I BatteryMgr:DataCollectionService: stats => 1688567704055,-95,4119
07-05 16:35:04.071 14563 14662 I BatteryMgr:DataCollectionService: stats => 1688567704071,-95,4119
07-05 16:35:04.087 14563 14662 I BatteryMgr:DataCollectionService: stats => 1688567704087,-95,4119
07-05 16:35:04.104 14563 14662 I BatteryMgr:DataCollectionService: stats => 1688567704103,-95,4119
07-05 16:35:04.120 14563 14662 I BatteryMgr:DataCollectionService: stats => 1688567704120,-95,4119
07-05 16:35:04.137 14563 14662 I BatteryMgr:DataCollectionService: stats => 1688567704136,-95,4119
07-05 16:35:04.153 14563 14662 I BatteryMgr:DataCollectionService: stats => 1688567704153,-95,4119
07-05 16:35:04.169 14563 14662 I BatteryMgr:DataCollectionService: stats => 1688567704169,-95,4119
07-05 16:35:04.185 14563 14662 I BatteryMgr:DataCollectionService: stats => 1688567704185,-95,4119
07-05 16:35:04.201 14563 14662 I BatteryMgr:DataCollectionService: stats => 1688567704201,-95,4119
07-05 16:35:04.217 14563 14662 I BatteryMgr:DataCollectionService: stats => 1688567704217,-95,4119
07-05 16:35:04.234 14563 14662 I BatteryMgr:DataCollectionService: stats => 1688567704233,-95,4119
07-05 16:35:04.250 14563 14662 I BatteryMgr:DataCollectionService: stats => 1688567704250,-95,4119
07-05 16:35:04.266 14563 14662 I BatteryMgr:DataCollectionService: stats => 1688567704266,-95,4119
07-05 16:35:04.282 14563 14662 I BatteryMgr:DataCollectionService: stats => 1688567704282,-95,4119
07-05 16:35:04.289  3437  3437 I android.hardware.wifi@1.0-service: getLinkLayerStats
07-05 16:35:04.298 14563 14662 I BatteryMgr:DataCollectionService: stats => 1688567704298,-95,4119
07-05 16:35:04.315 14563 14662 I BatteryMgr:DataCollectionService: stats => 1688567704314,-95,4119
07-05 16:35:04.331 14563 14662 I BatteryMgr:DataCollectionService: stats => 1688567704331,-95,4119
07-05 16:35:04.347 14563 14662 I BatteryMgr:DataCollectionService: stats => 1688567704347,-95,4119
07-05 16:35:04.363 14563 14662 I BatteryMgr:DataCollectionService: stats => 1688567704363,-95,4119
07-05 16:35:04.380 14563 14662 I BatteryMgr:DataCollectionService: stats => 1688567704380,-95,4119
07-05 16:35:04.396 14563 14662 I BatteryMgr:DataCollectionService: stats => 1688567704396,-95,4119
07-05 16:35:04.412 14563 14662 I BatteryMgr:DataCollectionService: stats => 1688567704412,-95,4119
07-05 16:35:04.428 14563 14662 I BatteryMgr:DataCollectionService: stats => 1688567704428,-95,4119
07-05 16:35:04.444 14563 14662 I BatteryMgr:DataCollectionService: stats => 1688567704444,-95,4119
07-05 16:35:04.473 14563 14662 I BatteryMgr:DataCollectionService: stats => 1688567704473,-95,4119
07-05 16:35:04.487 14563 14662 I BatteryMgr:DataCollectionService: stats => 1688567704487,-95,4119
07-05 16:35:04.500 14563 14662 I BatteryMgr:DataCollectionService: stats => 1688567704500,-95,4119
07-05 16:35:04.513 14563 14662 I BatteryMgr:DataCollectionService: stats => 1688567704513,-95,4119
07-05 16:35:04.527 14563 14662 I BatteryMgr:DataCollectionService: stats => 1688567704527,-95,4119
07-05 16:35:04.540 14563 14662 I BatteryMgr:DataCollectionService: stats => 1688567704540,-95,4119
07-05 16:35:04.554 14563 14662 I BatteryMgr:DataCollectionService: stats => 1688567704554,-95,4119
07-05 16:35:04.567 14563 14662 I BatteryMgr:DataCollectionService: stats => 1688567704567,-95,4119
07-05 16:35:04.581 14563 14662 I BatteryMgr:DataCollectionService: stats => 1688567704580,-95,4119
07-05 16:35:04.597 14563 14662 I BatteryMgr:DataCollectionService: stats => 1688567704596,-95,4119
07-05 16:35:04.613 14563 14662 I BatteryMgr:DataCollectionService: stats => 1688567704613,-95,4119
07-05 16:35:04.629 14563 14662 I BatteryMgr:DataCollectionService: stats => 1688567704629,-95,4119
07-05 16:35:04.646 14563 14662 I BatteryMgr:DataCollectionService: stats => 1688567704645,-95,4119
07-05 16:35:04.662 14563 14662 I BatteryMgr:DataCollectionService: stats => 1688567704662,-95,4119
07-05 16:35:04.678 14563 14662 I BatteryMgr:DataCollectionService: stats => 1688567704678,-95,4119
07-05 16:35:04.694 14563 14662 I BatteryMgr:DataCollectionService: stats => 1688567704694,-95,4119
07-05 16:35:04.711 14563 14662 I BatteryMgr:DataCollectionService: stats => 1688567704710,-95,4119
07-05 16:35:04.727 14563 14662 I BatteryMgr:DataCollectionService: stats => 1688567704727,-95,4119
07-05 16:35:04.743 14563 14662 I BatteryMgr:DataCollectionService: stats => 1688567704743,-95,4119
07-05 16:35:04.759 14563 14662 I BatteryMgr:DataCollectionService: stats => 1688567704759,-95,4119
07-05 16:35:04.775 14563 14662 I BatteryMgr:DataCollectionService: stats => 1688567704775,-95,4119
07-05 16:35:04.792 14563 14662 I BatteryMgr:DataCollectionService: stats => 1688567704792,-95,4119
07-05 16:35:04.808 14563 14662 I BatteryMgr:DataCollectionService: stats => 1688567704808,-95,4119
07-05 16:35:04.824 14563 14662 I BatteryMgr:DataCollectionService: stats => 1688567704824,-95,4119
07-05 16:35:04.840 14563 14662 I BatteryMgr:DataCollectionService: stats => 1688567704840,-95,4119
07-05 16:35:04.857 14563 14662 I BatteryMgr:DataCollectionService: stats => 1688567704857,-95,4119
07-05 16:35:04.874 14563 14662 I BatteryMgr:DataCollectionService: stats => 1688567704874,-95,4119
07-05 16:35:04.890 14563 14662 I BatteryMgr:DataCollectionService: stats => 1688567704890,-95,4119
07-05 16:35:04.906 14563 14662 I BatteryMgr:DataCollectionService: stats => 1688567704906,-95,4119
07-05 16:35:04.922 14563 14662 I BatteryMgr:DataCollectionService: stats => 1688567704922,-95,4119
07-05 16:35:04.938 14563 14662 I BatteryMgr:DataCollectionService: stats => 1688567704938,-95,4119
07-05 16:35:04.954 14563 14662 I BatteryMgr:DataCollectionService: stats => 1688567704954,-95,4119
07-05 16:35:04.970 14563 14662 I BatteryMgr:DataCollectionService: stats => 1688567704970,-95,4119
07-05 16:35:04.986 14563 14662 I BatteryMgr:DataCollectionService: stats => 1688567704986,-95,4119
07-05 16:35:05.002 14563 14662 I BatteryMgr:DataCollectionService: stats => 1688567705002,-95,4119
07-05 16:35:05.018 14563 14662 I BatteryMgr:DataCollectionService: stats => 1688567705018,-95,4119
07-05 16:35:05.034 14563 14662 I BatteryMgr:DataCollectionService: stats => 1688567705034,-95,4119
07-05 16:35:05.051 14563 14662 I BatteryMgr:DataCollectionService: stats => 1688567705050,-95,4119
07-05 16:35:05.067 14563 14662 I BatteryMgr:DataCollectionService: stats => 1688567705067,-95,4119
07-05 16:35:05.083 14563 14662 I BatteryMgr:DataCollectionService: stats => 1688567705083,-95,4119
07-05 16:35:05.099 14563 14662 I BatteryMgr:DataCollectionService: stats => 1688567705098,-95,4119
07-05 16:35:05.115 14563 14662 I BatteryMgr:DataCollectionService: stats => 1688567705115,-95,4119
07-05 16:35:05.131 14563 14662 I BatteryMgr:DataCollectionService: stats => 1688567705131,-95,4119
07-05 16:35:05.147 14563 14662 I BatteryMgr:DataCollectionService: stats => 1688567705147,-95,4119
07-05 16:35:05.163 14563 14662 I BatteryMgr:DataCollectionService: stats => 1688567705163,-95,4119
07-05 16:35:05.180 14563 14662 I BatteryMgr:DataCollectionService: stats => 1688567705180,-95,4119
07-05 16:35:05.197 14563 14662 I BatteryMgr:DataCollectionService: stats => 1688567705197,-95,4119
07-05 16:35:05.213 14563 14662 I BatteryMgr:DataCollectionService: stats => 1688567705213,-95,4119
07-05 16:35:05.230 14563 14662 I BatteryMgr:DataCollectionService: stats => 1688567705229,-95,4119
07-05 16:35:05.246 14563 14662 I BatteryMgr:DataCollectionService: stats => 1688567705246,-95,4119
07-05 16:35:05.247  3962  6674 D SSRM:k  : SIOP:: AP = 240, PST = 246 (W:30), BAT = 233, USB = 0, CHG = 0
07-05 16:35:05.262 14563 14662 I BatteryMgr:DataCollectionService: stats => 1688567705262,-95,4119
07-05 16:35:05.278 14563 14662 I BatteryMgr:DataCollectionService: stats => 1688567705278,-95,4119
07-05 16:35:05.294 14563 14662 I BatteryMgr:DataCollectionService: stats => 1688567705294,-95,4119
07-05 16:35:05.310 14563 14662 I BatteryMgr:DataCollectionService: stats => 1688567705310,-95,4119
07-05 16:35:05.327 14563 14662 I BatteryMgr:DataCollectionService: stats => 1688567705326,-95,4119
07-05 16:35:05.343 14563 14662 I BatteryMgr:DataCollectionService: stats => 1688567705343,-95,4119
07-05 16:35:05.359 14563 14662 I BatteryMgr:DataCollectionService: stats => 1688567705359,-95,4119
07-05 16:35:05.375 14563 14662 I BatteryMgr:DataCollectionService: stats => 1688567705375,-95,4119
07-05 16:35:05.391 14563 14662 I BatteryMgr:DataCollectionService: stats => 1688567705391,-95,4119
07-05 16:35:05.407 14563 14662 I BatteryMgr:DataCollectionService: stats => 1688567705407,-95,4119
07-05 16:35:05.423 14563 14662 I BatteryMgr:DataCollectionService: stats => 1688567705423,-95,4119
07-05 16:35:05.439 14563 14662 I BatteryMgr:DataCollectionService: stats => 1688567705439,-95,4119
07-05 16:35:05.461 14563 14662 I BatteryMgr:DataCollectionService: stats => 1688567705460,-95,4119
07-05 16:35:05.476 14563 14662 I BatteryMgr:DataCollectionService: stats => 1688567705476,-95,4119
07-05 16:35:05.491 14563 14662 I BatteryMgr:DataCollectionService: stats => 1688567705491,-95,4119
07-05 16:35:05.506 14563 14662 I BatteryMgr:DataCollectionService: stats => 1688567705506,-95,4119
07-05 16:35:05.522 14563 14662 I BatteryMgr:DataCollectionService: stats => 1688567705522,-95,4119
07-05 16:35:05.546 14563 14662 I BatteryMgr:DataCollectionService: stats => 1688567705546,-95,4119
07-05 16:35:05.560 14563 14662 I BatteryMgr:DataCollectionService: stats => 1688567705560,-95,4119
07-05 16:35:05.573 14563 14662 I BatteryMgr:DataCollectionService: stats => 1688567705573,-95,4119
07-05 16:35:05.587 14563 14662 I BatteryMgr:DataCollectionService: stats => 1688567705587,-95,4119
07-05 16:35:05.600 14563 14662 I BatteryMgr:DataCollectionService: stats => 1688567705600,-95,4119
07-05 16:35:05.613 14563 14662 I BatteryMgr:DataCollectionService: stats => 1688567705613,-95,4119
07-05 16:35:05.626 14563 14662 I BatteryMgr:DataCollectionService: stats => 1688567705626,-95,4119
07-05 16:35:05.642 14563 14662 I BatteryMgr:DataCollectionService: stats => 1688567705642,-95,4119
07-05 16:35:05.658 14563 14662 I BatteryMgr:DataCollectionService: stats => 1688567705658,-95,4119
07-05 16:35:05.675 14563 14662 I BatteryMgr:DataCollectionService: stats => 1688567705675,-95,4119
07-05 16:35:05.691 14563 14662 I BatteryMgr:DataCollectionService: stats => 1688567705691,-95,4119
07-05 16:35:05.707 14563 14662 I BatteryMgr:DataCollectionService: stats => 1688567705707,-95,4119
07-05 16:35:05.724 14563 14662 I BatteryMgr:DataCollectionService: stats => 1688567705724,-95,4119
07-05 16:35:05.740 14563 14662 I BatteryMgr:DataCollectionService: stats => 1688567705740,-95,4119
07-05 16:35:05.756 14563 14662 I BatteryMgr:DataCollectionService: stats => 1688567705756,-95,4119
07-05 16:35:05.772 14563 14662 I BatteryMgr:DataCollectionService: stats => 1688567705772,-95,4119
07-05 16:35:05.787 14563 14662 I BatteryMgr:DataCollectionService: stats => 1688567705787,-95,4119
07-05 16:35:05.803 14563 14662 I BatteryMgr:DataCollectionService: stats => 1688567705803,-95,4119
07-05 16:35:05.819 14563 14662 I BatteryMgr:DataCollectionService: stats => 1688567705819,-95,4119
07-05 16:35:05.835 14563 14662 I BatteryMgr:DataCollectionService: stats => 1688567705835,-95,4119
07-05 16:35:05.851 14563 14662 I BatteryMgr:DataCollectionService: stats => 1688567705851,-95,4119
07-05 16:35:05.867 14563 14662 I BatteryMgr:DataCollectionService: stats => 1688567705867,-95,4119
07-05 16:35:05.883 14563 14662 I BatteryMgr:DataCollectionService: stats => 1688567705883,-95,4119
07-05 16:35:05.901 14563 14662 I BatteryMgr:DataCollectionService: stats => 1688567705901,-95,4119
07-05 16:35:05.917 14563 14662 I BatteryMgr:DataCollectionService: stats => 1688567705917,-95,4119
07-05 16:35:05.933 14563 14662 I BatteryMgr:DataCollectionService: stats => 1688567705933,-95,4119
07-05 16:35:05.950 14563 14662 I BatteryMgr:DataCollectionService: stats => 1688567705949,-95,4119
07-05 16:35:05.965 14563 14662 I BatteryMgr:DataCollectionService: stats => 1688567705965,-95,4119
07-05 16:35:05.982 14563 14662 I BatteryMgr:DataCollectionService: stats => 1688567705982,-95,4119
07-05 16:35:05.999 14563 14662 I BatteryMgr:DataCollectionService: stats => 1688567705998,-95,4119
07-05 16:35:06.015 14563 14662 I BatteryMgr:DataCollectionService: stats => 1688567706015,-95,4119
07-05 16:35:06.031 14563 14662 I BatteryMgr:DataCollectionService: stats => 1688567706031,-95,4119
07-05 16:35:06.047 14563 14662 I BatteryMgr:DataCollectionService: stats => 1688567706047,-95,4119
07-05 16:35:06.064 14563 14662 I BatteryMgr:DataCollectionService: stats => 1688567706064,-95,4119
07-05 16:35:06.080 14563 14662 I BatteryMgr:DataCollectionService: stats => 1688567706080,-95,4119
07-05 16:35:06.097 14563 14662 I BatteryMgr:DataCollectionService: stats => 1688567706097,-95,4119
07-05 16:35:06.113 14563 14662 I BatteryMgr:DataCollectionService: stats => 1688567706113,-95,4119
07-05 16:35:06.127  3962  4039 D SensorService: [SO] 0.072 -0.168 9.969
07-05 16:35:06.129 14563 14662 I BatteryMgr:DataCollectionService: stats => 1688567706129,-95,4119
07-05 16:35:06.145 14563 14662 I BatteryMgr:DataCollectionService: stats => 1688567706145,-95,4119
07-05 16:35:06.161 14563 14662 I BatteryMgr:DataCollectionService: stats => 1688567706161,-95,4119
07-05 16:35:06.178 14563 14662 I BatteryMgr:DataCollectionService: stats => 1688567706178,-95,4119
07-05 16:35:06.194 14563 14662 I BatteryMgr:DataCollectionService: stats => 1688567706194,-95,4119
