07-10 19:10:34.522 12980 13080 I BatteryMgr:DataCollectionService: stats => 1689009034522,-191,4084
07-10 19:10:34.530 12980 13080 I BatteryMgr:DataCollectionService: stats => 1689009034530,-191,4084
07-10 19:10:34.539 12980 13080 I BatteryMgr:DataCollectionService: stats => 1689009034539,-191,4084
07-10 19:10:34.548 12980 13080 I BatteryMgr:DataCollectionService: stats => 1689009034547,-191,4084
07-10 19:10:34.556 12980 13080 I BatteryMgr:DataCollectionService: stats => 1689009034556,-191,4084
07-10 19:10:34.564 12980 13080 I BatteryMgr:DataCollectionService: stats => 1689009034564,-191,4084
07-10 19:10:34.573 12980 13080 I BatteryMgr:DataCollectionService: stats => 1689009034573,-191,4084
07-10 19:10:34.581 12980 13080 I BatteryMgr:DataCollectionService: stats => 1689009034581,-191,4084
07-10 19:10:34.590 12980 13080 I BatteryMgr:DataCollectionService: stats => 1689009034590,-191,4084
07-10 19:10:34.598 12980 13080 I BatteryMgr:DataCollectionService: stats => 1689009034598,-191,4084
07-10 19:10:34.607 12980 13080 I BatteryMgr:DataCollectionService: stats => 1689009034607,-191,4084
07-10 19:10:34.616 12980 13080 I BatteryMgr:DataCollectionService: stats => 1689009034616,-191,4084
07-10 19:10:34.625 12980 13080 I BatteryMgr:DataCollectionService: stats => 1689009034625,-191,4084
07-10 19:10:34.634 12980 13080 I BatteryMgr:DataCollectionService: stats => 1689009034634,-191,4084
07-10 19:10:34.642 12980 13080 I BatteryMgr:DataCollectionService: stats => 1689009034642,-191,4084
07-10 19:10:34.651 12980 13080 I BatteryMgr:DataCollectionService: stats => 1689009034650,-191,4084
07-10 19:10:34.658  4950  4950 D io_stats: !@ 179,0 r 121282 4568096 w 20865 309872 d 2133 64716 f 5283 5345 iot 58816 47700 th 51200 0 0 pt 0 inp 0 0 612.577
07-10 19:10:34.660 12980 13080 I BatteryMgr:DataCollectionService: stats => 1689009034659,-191,4084
07-10 19:10:34.668 12980 13080 I BatteryMgr:DataCollectionService: stats => 1689009034668,-191,4084
07-10 19:10:34.677 12980 13080 I BatteryMgr:DataCollectionService: stats => 1689009034677,-191,4084
07-10 19:10:34.685 12980 13080 I BatteryMgr:DataCollectionService: stats => 1689009034685,-191,4084
07-10 19:10:34.693 12980 13080 I BatteryMgr:DataCollectionService: stats => 1689009034693,-191,4084
07-10 19:10:34.702 12980 13080 I BatteryMgr:DataCollectionService: stats => 1689009034701,-191,4084
07-10 19:10:34.710 12980 13080 I BatteryMgr:DataCollectionService: stats => 1689009034710,-191,4084
07-10 19:10:34.718 12980 13080 I BatteryMgr:DataCollectionService: stats => 1689009034718,-191,4084
07-10 19:10:34.727 12980 13080 I BatteryMgr:DataCollectionService: stats => 1689009034727,-191,4084
07-10 19:10:34.736 12980 13080 I BatteryMgr:DataCollectionService: stats => 1689009034735,-191,4084
07-10 19:10:34.744 12980 13080 I BatteryMgr:DataCollectionService: stats => 1689009034744,-191,4084
07-10 19:10:34.752 12980 13080 I BatteryMgr:DataCollectionService: stats => 1689009034752,-191,4084
07-10 19:10:34.760 12980 13080 I BatteryMgr:DataCollectionService: stats => 1689009034760,-191,4084
07-10 19:10:34.769 12980 13080 I BatteryMgr:DataCollectionService: stats => 1689009034769,-191,4084
07-10 19:10:34.778 12980 13080 I BatteryMgr:DataCollectionService: stats => 1689009034778,-191,4084
07-10 19:10:34.787 12980 13080 I BatteryMgr:DataCollectionService: stats => 1689009034787,-191,4084
07-10 19:10:34.796 12980 13080 I BatteryMgr:DataCollectionService: stats => 1689009034796,-191,4084
07-10 19:10:34.804 12980 13080 I BatteryMgr:DataCollectionService: stats => 1689009034804,-191,4084
07-10 19:10:34.813 12980 13080 I BatteryMgr:DataCollectionService: stats => 1689009034813,-191,4084
07-10 19:10:34.822 12980 13080 I BatteryMgr:DataCollectionService: stats => 1689009034821,-191,4084
07-10 19:10:34.830 12980 13080 I BatteryMgr:DataCollectionService: stats => 1689009034829,-191,4084
07-10 19:10:34.837 12980 13080 I BatteryMgr:DataCollectionService: stats => 1689009034837,-191,4084
07-10 19:10:34.845 12980 13080 I BatteryMgr:DataCollectionService: stats => 1689009034845,-191,4084
07-10 19:10:34.854 12980 13080 I BatteryMgr:DataCollectionService: stats => 1689009034854,-191,4084
07-10 19:10:34.862 12980 13080 I BatteryMgr:DataCollectionService: stats => 1689009034862,-191,4084
07-10 19:10:34.870 12980 13080 I BatteryMgr:DataCollectionService: stats => 1689009034870,-191,4084
07-10 19:10:34.879 12980 13080 I BatteryMgr:DataCollectionService: stats => 1689009034879,-191,4084
07-10 19:10:34.888 12980 13080 I BatteryMgr:DataCollectionService: stats => 1689009034888,-191,4084
07-10 19:10:34.896 12980 13080 I BatteryMgr:DataCollectionService: stats => 1689009034896,-191,4084
07-10 19:10:34.905 12980 13080 I BatteryMgr:DataCollectionService: stats => 1689009034905,-191,4084
07-10 19:10:34.913 12980 13080 I BatteryMgr:DataCollectionService: stats => 1689009034913,-191,4084
07-10 19:10:34.922 12980 13080 I BatteryMgr:DataCollectionService: stats => 1689009034922,-191,4084
07-10 19:10:34.930 12980 13080 I BatteryMgr:DataCollectionService: stats => 1689009034930,-191,4084
07-10 19:10:34.938 12980 13080 I BatteryMgr:DataCollectionService: stats => 1689009034938,-191,4084
07-10 19:10:34.946 12980 13080 I BatteryMgr:DataCollectionService: stats => 1689009034946,-191,4084
07-10 19:10:34.954 12980 13080 I BatteryMgr:DataCollectionService: stats => 1689009034954,-191,4084
07-10 19:10:34.964 12980 13080 I BatteryMgr:DataCollectionService: stats => 1689009034963,-191,4084
07-10 19:10:34.972 12980 13080 I BatteryMgr:DataCollectionService: stats => 1689009034972,-191,4084
07-10 19:10:34.981 12980 13080 I BatteryMgr:DataCollectionService: stats => 1689009034981,-191,4084
07-10 19:10:34.989 12980 13080 I BatteryMgr:DataCollectionService: stats => 1689009034989,-191,4084
07-10 19:10:34.998 12980 13080 I BatteryMgr:DataCollectionService: stats => 1689009034998,-191,4084
07-10 19:10:35.006 12980 13080 I BatteryMgr:DataCollectionService: stats => 1689009035006,-191,4084
07-10 19:10:35.014 12980 13080 I BatteryMgr:DataCollectionService: stats => 1689009035014,-191,4084
07-10 19:10:35.023 12980 13080 I BatteryMgr:DataCollectionService: stats => 1689009035023,-191,4084
07-10 19:10:35.031 12980 13080 I BatteryMgr:DataCollectionService: stats => 1689009035031,-191,4084
07-10 19:10:35.040 12980 13080 I BatteryMgr:DataCollectionService: stats => 1689009035040,-191,4084
07-10 19:10:35.049 12980 13080 I BatteryMgr:DataCollectionService: stats => 1689009035049,-191,4084
07-10 19:10:35.057 12980 13080 I BatteryMgr:DataCollectionService: stats => 1689009035057,-191,4084
07-10 19:10:35.067 12980 13080 I BatteryMgr:DataCollectionService: stats => 1689009035067,-191,4084
07-10 19:10:35.076 12980 13080 I BatteryMgr:DataCollectionService: stats => 1689009035076,-191,4084
07-10 19:10:35.084 12980 13080 I BatteryMgr:DataCollectionService: stats => 1689009035084,-191,4084
07-10 19:10:35.093 12980 13080 I BatteryMgr:DataCollectionService: stats => 1689009035092,-191,4084
07-10 19:10:35.101 12980 13080 I BatteryMgr:DataCollectionService: stats => 1689009035101,-191,4084
07-10 19:10:35.110 12980 13080 I BatteryMgr:DataCollectionService: stats => 1689009035110,-191,4084
07-10 19:10:35.118 12980 13080 I BatteryMgr:DataCollectionService: stats => 1689009035118,-191,4084
07-10 19:10:35.126 12980 13080 I BatteryMgr:DataCollectionService: stats => 1689009035126,-191,4084
07-10 19:10:35.134 12980 13080 I BatteryMgr:DataCollectionService: stats => 1689009035134,-191,4084
07-10 19:10:35.143 12980 13080 I BatteryMgr:DataCollectionService: stats => 1689009035143,-191,4084
07-10 19:10:35.151 12980 13080 I BatteryMgr:DataCollectionService: stats => 1689009035151,-191,4084
07-10 19:10:35.160 12980 13080 I BatteryMgr:DataCollectionService: stats => 1689009035160,-191,4084
07-10 19:10:35.168 12980 13080 I BatteryMgr:DataCollectionService: stats => 1689009035168,-191,4084
07-10 19:10:35.176 12980 13080 I BatteryMgr:DataCollectionService: stats => 1689009035176,-191,4084
07-10 19:10:35.184 12980 13080 I BatteryMgr:DataCollectionService: stats => 1689009035184,-191,4084
07-10 19:10:35.193 12980 13080 I BatteryMgr:DataCollectionService: stats => 1689009035192,-191,4084
07-10 19:10:35.201 12980 13080 I BatteryMgr:DataCollectionService: stats => 1689009035201,-191,4084
07-10 19:10:35.210 12980 13080 I BatteryMgr:DataCollectionService: stats => 1689009035210,-191,4084
07-10 19:10:35.218 12980 13080 I BatteryMgr:DataCollectionService: stats => 1689009035218,-191,4084
07-10 19:10:35.226 12980 13080 I BatteryMgr:DataCollectionService: stats => 1689009035226,-191,4084
07-10 19:10:35.235 12980 13080 I BatteryMgr:DataCollectionService: stats => 1689009035235,-191,4084
07-10 19:10:35.244 12980 13080 I BatteryMgr:DataCollectionService: stats => 1689009035243,-191,4084
07-10 19:10:35.252 12980 13080 I BatteryMgr:DataCollectionService: stats => 1689009035252,-191,4084
07-10 19:10:35.260 12980 13080 I BatteryMgr:DataCollectionService: stats => 1689009035260,-191,4084
07-10 19:10:35.269 12980 13080 I BatteryMgr:DataCollectionService: stats => 1689009035269,-191,4084
07-10 19:10:35.277 12980 13080 I BatteryMgr:DataCollectionService: stats => 1689009035277,-191,4084
07-10 19:10:35.285 12980 13080 I BatteryMgr:DataCollectionService: stats => 1689009035285,-191,4084
07-10 19:10:35.294 12980 13080 I BatteryMgr:DataCollectionService: stats => 1689009035294,-191,4084
07-10 19:10:35.303 12980 13080 I BatteryMgr:DataCollectionService: stats => 1689009035303,-191,4084
07-10 19:10:35.319 12980 13080 I BatteryMgr:DataCollectionService: stats => 1689009035318,-191,4084
07-10 19:10:35.324 12980 13080 I BatteryMgr:DataCollectionService: stats => 1689009035324,-191,4084
07-10 19:10:35.330 12980 13080 I BatteryMgr:DataCollectionService: stats => 1689009035330,-191,4084
07-10 19:10:35.335 12980 13080 I BatteryMgr:DataCollectionService: stats => 1689009035335,-191,4084
07-10 19:10:35.340 12980 13080 I BatteryMgr:DataCollectionService: stats => 1689009035340,-191,4084
07-10 19:10:35.344 12980 13080 I BatteryMgr:DataCollectionService: stats => 1689009035344,-191,4084
07-10 19:10:35.349 12980 13080 I BatteryMgr:DataCollectionService: stats => 1689009035349,-191,4084
07-10 19:10:35.354 12980 13080 I BatteryMgr:DataCollectionService: stats => 1689009035354,-191,4084
07-10 19:10:35.358 12980 13080 I BatteryMgr:DataCollectionService: stats => 1689009035358,-191,4084
07-10 19:10:35.363 12980 13080 I BatteryMgr:DataCollectionService: stats => 1689009035363,-191,4084
07-10 19:10:35.368 12980 13080 I BatteryMgr:DataCollectionService: stats => 1689009035367,-191,4084
07-10 19:10:35.373 12980 13080 I BatteryMgr:DataCollectionService: stats => 1689009035372,-191,4084
07-10 19:10:35.378 12980 13080 I BatteryMgr:DataCollectionService: stats => 1689009035378,-191,4084
07-10 19:10:35.384 12980 13080 I BatteryMgr:DataCollectionService: stats => 1689009035384,-191,4084
07-10 19:10:35.390 12980 13080 I BatteryMgr:DataCollectionService: stats => 1689009035390,-191,4084
07-10 19:10:35.396 12980 13080 I BatteryMgr:DataCollectionService: stats => 1689009035396,-191,4084
07-10 19:10:35.402 12980 13080 I BatteryMgr:DataCollectionService: stats => 1689009035402,-191,4084
07-10 19:10:35.408 12980 13080 I BatteryMgr:DataCollectionService: stats => 1689009035408,-191,4084
07-10 19:10:35.414 12980 13080 I BatteryMgr:DataCollectionService: stats => 1689009035414,-191,4084
07-10 19:10:35.421 12980 13080 I BatteryMgr:DataCollectionService: stats => 1689009035421,-191,4084
07-10 19:10:35.427 12980 13080 I BatteryMgr:DataCollectionService: stats => 1689009035427,-191,4084
07-10 19:10:35.434 12980 13080 I BatteryMgr:DataCollectionService: stats => 1689009035434,-191,4084
07-10 19:10:35.441 12980 13080 I BatteryMgr:DataCollectionService: stats => 1689009035441,-191,4084
07-10 19:10:35.448 12980 13080 I BatteryMgr:DataCollectionService: stats => 1689009035448,-191,4084
07-10 19:10:35.455 12980 13080 I BatteryMgr:DataCollectionService: stats => 1689009035455,-191,4084
07-10 19:10:35.462 12980 13080 I BatteryMgr:DataCollectionService: stats => 1689009035461,-191,4084
07-10 19:10:35.468 12980 13080 I BatteryMgr:DataCollectionService: stats => 1689009035468,-191,4084
07-10 19:10:35.475 12980 13080 I BatteryMgr:DataCollectionService: stats => 1689009035475,-191,4084
07-10 19:10:35.482 12980 13080 I BatteryMgr:DataCollectionService: stats => 1689009035482,-191,4084
07-10 19:10:35.490 12980 13080 I BatteryMgr:DataCollectionService: stats => 1689009035490,-191,4084
07-10 19:10:35.497 12980 13080 I BatteryMgr:DataCollectionService: stats => 1689009035497,-191,4084
07-10 19:10:35.504 12980 13080 I BatteryMgr:DataCollectionService: stats => 1689009035504,-191,4084
07-10 19:10:35.512 12980 13080 I BatteryMgr:DataCollectionService: stats => 1689009035512,-191,4084
07-10 19:10:35.520 12980 13080 I BatteryMgr:DataCollectionService: stats => 1689009035520,-191,4084
07-10 19:10:35.528 12980 13080 I BatteryMgr:DataCollectionService: stats => 1689009035528,-191,4084
07-10 19:10:35.536 12980 13080 I BatteryMgr:DataCollectionService: stats => 1689009035536,-191,4084
07-10 19:10:35.545 12980 13080 I BatteryMgr:DataCollectionService: stats => 1689009035544,-191,4084
07-10 19:10:35.553 12980 13080 I BatteryMgr:DataCollectionService: stats => 1689009035553,-191,4084
07-10 19:10:35.561 12980 13080 I BatteryMgr:DataCollectionService: stats => 1689009035561,-191,4084
07-10 19:10:35.569 12980 13080 I BatteryMgr:DataCollectionService: stats => 1689009035569,-191,4084
07-10 19:10:35.577 12980 13080 I BatteryMgr:DataCollectionService: stats => 1689009035577,-191,4084
07-10 19:10:35.586 12980 13080 I BatteryMgr:DataCollectionService: stats => 1689009035585,-191,4084
07-10 19:10:35.594 12980 13080 I BatteryMgr:DataCollectionService: stats => 1689009035594,-191,4084
07-10 19:10:35.602 12980 13080 I BatteryMgr:DataCollectionService: stats => 1689009035602,-191,4084
07-10 19:10:35.611 12980 13080 I BatteryMgr:DataCollectionService: stats => 1689009035611,-191,4084
07-10 19:10:35.619 12980 13080 I BatteryMgr:DataCollectionService: stats => 1689009035619,-191,4084
07-10 19:10:35.626 12980 13080 I BatteryMgr:DataCollectionService: stats => 1689009035626,-191,4084
07-10 19:10:35.634 12980 13080 I BatteryMgr:DataCollectionService: stats => 1689009035634,-191,4084
07-10 19:10:35.643 12980 13080 I BatteryMgr:DataCollectionService: stats => 1689009035643,-191,4084
07-10 19:10:35.651 12980 13080 I BatteryMgr:DataCollectionService: stats => 1689009035651,-191,4084
07-10 19:10:35.659 12980 13080 I BatteryMgr:DataCollectionService: stats => 1689009035659,-191,4084
07-10 19:10:35.667 12980 13080 I BatteryMgr:DataCollectionService: stats => 1689009035667,-191,4084
07-10 19:10:35.676 12980 13080 I BatteryMgr:DataCollectionService: stats => 1689009035675,-191,4084
07-10 19:10:35.683 12980 13080 I BatteryMgr:DataCollectionService: stats => 1689009035683,-191,4084
07-10 19:10:35.691 12980 13080 I BatteryMgr:DataCollectionService: stats => 1689009035691,-191,4084
07-10 19:10:35.699 12980 13080 I BatteryMgr:DataCollectionService: stats => 1689009035699,-191,4084
07-10 19:10:35.707 12980 13080 I BatteryMgr:DataCollectionService: stats => 1689009035707,-191,4084
07-10 19:10:35.715 12980 13080 I BatteryMgr:DataCollectionService: stats => 1689009035715,-191,4084
07-10 19:10:35.724 12980 13080 I BatteryMgr:DataCollectionService: stats => 1689009035724,-191,4084
07-10 19:10:35.732 12980 13080 I BatteryMgr:DataCollectionService: stats => 1689009035731,-191,4084
07-10 19:10:35.740 12980 13080 I BatteryMgr:DataCollectionService: stats => 1689009035739,-191,4084
07-10 19:10:35.748 12980 13080 I BatteryMgr:DataCollectionService: stats => 1689009035747,-191,4084
07-10 19:10:35.755 12980 13080 I BatteryMgr:DataCollectionService: stats => 1689009035755,-191,4084
07-10 19:10:35.764 12980 13080 I BatteryMgr:DataCollectionService: stats => 1689009035763,-191,4084
07-10 19:10:35.772 12980 13080 I BatteryMgr:DataCollectionService: stats => 1689009035772,-191,4084
07-10 19:10:35.783 12980 13080 I BatteryMgr:DataCollectionService: stats => 1689009035783,-191,4084
07-10 19:10:35.791 12980 13080 I BatteryMgr:DataCollectionService: stats => 1689009035791,-191,4084
07-10 19:10:35.799 12980 13080 I BatteryMgr:DataCollectionService: stats => 1689009035798,-191,4084
07-10 19:10:35.806 12980 13080 I BatteryMgr:DataCollectionService: stats => 1689009035806,-191,4084
07-10 19:10:35.814 12980 13080 I BatteryMgr:DataCollectionService: stats => 1689009035814,-191,4084
07-10 19:10:35.822 12980 13080 I BatteryMgr:DataCollectionService: stats => 1689009035822,-191,4084
07-10 19:10:35.831 12980 13080 I BatteryMgr:DataCollectionService: stats => 1689009035830,-191,4084
07-10 19:10:35.839 12980 13080 I BatteryMgr:DataCollectionService: stats => 1689009035839,-191,4084
07-10 19:10:35.847 12980 13080 I BatteryMgr:DataCollectionService: stats => 1689009035847,-191,4084
07-10 19:10:35.855 12980 13080 I BatteryMgr:DataCollectionService: stats => 1689009035855,-191,4084
07-10 19:10:35.863 12980 13080 I BatteryMgr:DataCollectionService: stats => 1689009035863,-191,4084
07-10 19:10:35.871 12980 13080 I BatteryMgr:DataCollectionService: stats => 1689009035871,-191,4084
07-10 19:10:35.879 12980 13080 I BatteryMgr:DataCollectionService: stats => 1689009035879,-191,4084
07-10 19:10:35.887 12980 13080 I BatteryMgr:DataCollectionService: stats => 1689009035887,-191,4084
07-10 19:10:35.895 12980 13080 I BatteryMgr:DataCollectionService: stats => 1689009035895,-191,4084
07-10 19:10:35.903 12980 13080 I BatteryMgr:DataCollectionService: stats => 1689009035903,-191,4084
07-10 19:10:35.911 12980 13080 I BatteryMgr:DataCollectionService: stats => 1689009035911,-191,4084
07-10 19:10:35.919 12980 13080 I BatteryMgr:DataCollectionService: stats => 1689009035919,-191,4084
07-10 19:10:35.927 12980 13080 I BatteryMgr:DataCollectionService: stats => 1689009035926,-191,4084
07-10 19:10:35.934 12980 13080 I BatteryMgr:DataCollectionService: stats => 1689009035934,-191,4084
07-10 19:10:35.942 12980 13080 I BatteryMgr:DataCollectionService: stats => 1689009035942,-191,4084
07-10 19:10:35.950 12980 13080 I BatteryMgr:DataCollectionService: stats => 1689009035950,-191,4084
07-10 19:10:35.958 12980 13080 I BatteryMgr:DataCollectionService: stats => 1689009035958,-191,4084
07-10 19:10:35.966 12980 13080 I BatteryMgr:DataCollectionService: stats => 1689009035966,-191,4084
07-10 19:10:35.974 12980 13080 I BatteryMgr:DataCollectionService: stats => 1689009035974,-191,4084
07-10 19:10:35.982 12980 13080 I BatteryMgr:DataCollectionService: stats => 1689009035982,-191,4084
07-10 19:10:35.990 12980 13080 I BatteryMgr:DataCollectionService: stats => 1689009035990,-191,4084
07-10 19:10:35.998 12980 13080 I BatteryMgr:DataCollectionService: stats => 1689009035998,-191,4084
07-10 19:10:36.006 12980 13080 I BatteryMgr:DataCollectionService: stats => 1689009036006,-191,4084
07-10 19:10:36.014 12980 13080 I BatteryMgr:DataCollectionService: stats => 1689009036014,-191,4084
07-10 19:10:36.022 12980 13080 I BatteryMgr:DataCollectionService: stats => 1689009036022,-191,4084
07-10 19:10:36.030 12980 13080 I BatteryMgr:DataCollectionService: stats => 1689009036030,-191,4084
07-10 19:10:36.038 12980 13080 I BatteryMgr:DataCollectionService: stats => 1689009036038,-191,4084
07-10 19:10:36.046 12980 13080 I BatteryMgr:DataCollectionService: stats => 1689009036046,-191,4084
07-10 19:10:36.054 12980 13080 I BatteryMgr:DataCollectionService: stats => 1689009036054,-191,4084
07-10 19:10:36.062 12980 13080 I BatteryMgr:DataCollectionService: stats => 1689009036062,-191,4084
07-10 19:10:36.070 12980 13080 I BatteryMgr:DataCollectionService: stats => 1689009036070,-191,4084
07-10 19:10:36.078 12980 13080 I BatteryMgr:DataCollectionService: stats => 1689009036078,-191,4084
07-10 19:10:36.086 12980 13080 I BatteryMgr:DataCollectionService: stats => 1689009036086,-191,4084
07-10 19:10:36.094 12980 13080 I BatteryMgr:DataCollectionService: stats => 1689009036094,-191,4084
07-10 19:10:36.102 12980 13080 I BatteryMgr:DataCollectionService: stats => 1689009036102,-191,4084
07-10 19:10:36.110 12980 13080 I BatteryMgr:DataCollectionService: stats => 1689009036110,-191,4084
07-10 19:10:36.118 12980 13080 I BatteryMgr:DataCollectionService: stats => 1689009036118,-191,4084
07-10 19:10:36.126 12980 13080 I BatteryMgr:DataCollectionService: stats => 1689009036126,-191,4084
07-10 19:10:36.134 12980 13080 I BatteryMgr:DataCollectionService: stats => 1689009036134,-191,4084
07-10 19:10:36.142 12980 13080 I BatteryMgr:DataCollectionService: stats => 1689009036142,-191,4084
07-10 19:10:36.150 12980 13080 I BatteryMgr:DataCollectionService: stats => 1689009036150,-191,4084
07-10 19:10:36.158 12980 13080 I BatteryMgr:DataCollectionService: stats => 1689009036158,-191,4084
07-10 19:10:36.166 12980 13080 I BatteryMgr:DataCollectionService: stats => 1689009036166,-191,4084
07-10 19:10:36.171  3958  4057 I TLC_TIMA_PKM_initialize: initializing...
07-10 19:10:36.171  3958  4057 I TLC_TIMA_PKM_initialize: root = 0, root_strlen = 1
07-10 19:10:36.171  3958  4057 I TLC_TIMA_PKM_initialize: process = ffffffff00000000000000000000000a, process_strlen = 32
07-10 19:10:36.171  3958  4057 I TZ: mc_tlc_communication: input max_sendmsg_size = 262196
07-10 19:10:36.171  3958  4057 I TZ: mc_tlc_communication: input max_recvmsg_size = 262196
07-10 19:10:36.171  3958  4057 I TZ: mc_tlc_communication: root = 0, root_len = 1
07-10 19:10:36.172  3958  4057 I TZ: mc_tlc_communication: process = ffffffff00000000000000000000000a, process_strlen = 32
07-10 19:10:36.172  3958  4057 I TZ: mc_tlc_communication: aligned max_sendmsg_size = 262208
07-10 19:10:36.172  3958  4057 I TZ: mc_tlc_communication: aligned max_recvmsg_size = 262208
07-10 19:10:36.172  3958  4057 I TZ: mc_tlc_communication: device_id = 0x0
07-10 19:10:36.172  3958  4057 I TZ: mc_tlc_communication: tlc_open() was called
07-10 19:10:36.172  3958  4057 I TZ: mc_tlc_communication: Opening MobiCore device
07-10 19:10:36.172  3958  4057 I TeeSysClient: open mode set to: 0 [hardware/samsung_slsi/exynos7885/mobicore/ClientLib/src/common.cpp:343]
07-10 19:10:36.173  3958  4057 I TeeSysClient: driver version: v6.3 [hardware/samsung_slsi/exynos7885/mobicore/ClientLib/src/driver.cpp:71]
07-10 19:10:36.173  3958  4057 I TeeSysClient: driver open [hardware/samsung_slsi/exynos7885/mobicore/ClientLib/src/driver.cpp:84]
07-10 19:10:36.173  3958  4057 I TeeSysClient: Kinibi access granted by the driver [hardware/samsung_slsi/exynos7885/mobicore/ClientLib/src/common.cpp:217]
07-10 19:10:36.173  3958  4057 I TZ: mc_tlc_communication: Allocating message buffer for TCI
07-10 19:10:36.174 12980 13080 I BatteryMgr:DataCollectionService: stats => 1689009036174,-191,4084
07-10 19:10:36.176  3958  4057 I TZ: mc_tlc_communication: Opening the session
07-10 19:10:36.183 12980 13080 I BatteryMgr:DataCollectionService: stats => 1689009036183,-191,4084
07-10 19:10:36.191 12980 13080 I BatteryMgr:DataCollectionService: stats => 1689009036191,-191,4084
07-10 19:10:36.200 12980 13080 I BatteryMgr:DataCollectionService: stats => 1689009036200,-191,4084
07-10 19:10:36.202  3958  4057 I TZ: mc_tlc_communication: tlc_open() succeeded
07-10 19:10:36.202  3958  4057 E TLC_TIMA_PKM_initialize: tima_pkm : /system/etc/tima/kern_sec_info1
07-10 19:10:36.209 12980 13080 I BatteryMgr:DataCollectionService: stats => 1689009036208,-191,4084
07-10 19:10:36.209  3958  4057 E TLC_TIMA_PKM_initialize: tima_pkm : /system/etc/tima/kern_sec_info2
07-10 19:10:36.216 12980 13080 I BatteryMgr:DataCollectionService: stats => 1689009036216,-191,4084
07-10 19:10:36.217  3958  4057 E TLC_TIMA_PKM_initialize: tima_pkm : /system/etc/tima/kern_sec_info3
07-10 19:10:36.222  3958  4057 E TLC_TIMA_PKM_initialize: tima_pkm : /system/etc/tima/kern_sec_info4
07-10 19:10:36.224 12980 13080 I BatteryMgr:DataCollectionService: stats => 1689009036224,-191,4084
07-10 19:10:36.227  3958  4057 E TLC_TIMA_PKM_initialize: tima_pkm : /system/etc/tima/kern_sec_info5
07-10 19:10:36.231 12980 13080 I BatteryMgr:DataCollectionService: stats => 1689009036231,-191,4084
07-10 19:10:36.232  3958  4057 E TLC_TIMA_PKM_initialize: tima_pkm : /system/etc/tima/kern_sec_info6
07-10 19:10:36.237  3958  4057 E TLC_TIMA_PKM_initialize: tima_pkm : /system/etc/tima/kern_sec_info7
07-10 19:10:36.240 12980 13080 I BatteryMgr:DataCollectionService: stats => 1689009036240,-191,4084
07-10 19:10:36.244  3958  4057 E TLC_TIMA_PKM_initialize: tima_pkm : /system/etc/tima/kern_sec_info8
07-10 19:10:36.246 12980 13080 I BatteryMgr:DataCollectionService: stats => 1689009036246,-191,4084
07-10 19:10:36.252 12980 13080 I BatteryMgr:DataCollectionService: stats => 1689009036252,-191,4084
07-10 19:10:36.256  3958  4057 I TLC_TIMA_PKM_initialize: Trustlet response is completed
07-10 19:10:36.259 12980 13080 I BatteryMgr:DataCollectionService: stats => 1689009036259,-191,4084
07-10 19:10:36.267 12980 13080 I BatteryMgr:DataCollectionService: stats => 1689009036266,-191,4084
07-10 19:10:36.271 12980 13080 I BatteryMgr:DataCollectionService: stats => 1689009036271,-191,4084
07-10 19:10:36.276 12980 13080 I BatteryMgr:DataCollectionService: stats => 1689009036276,-191,4084
07-10 19:10:36.281 12980 13080 I BatteryMgr:DataCollectionService: stats => 1689009036281,-191,4084
07-10 19:10:36.286 12980 13080 I BatteryMgr:DataCollectionService: stats => 1689009036285,-191,4084
07-10 19:10:36.290 12980 13080 I BatteryMgr:DataCollectionService: stats => 1689009036290,-191,4084
07-10 19:10:36.295 12980 13080 I BatteryMgr:DataCollectionService: stats => 1689009036295,-191,4084
07-10 19:10:36.300 12980 13080 I BatteryMgr:DataCollectionService: stats => 1689009036300,-191,4084
07-10 19:10:36.305 12980 13080 I BatteryMgr:DataCollectionService: stats => 1689009036305,-191,4084
07-10 19:10:36.311 12980 13080 I BatteryMgr:DataCollectionService: stats => 1689009036311,-191,4084
07-10 19:10:36.318 12980 13080 I BatteryMgr:DataCollectionService: stats => 1689009036317,-191,4084
07-10 19:10:36.324 12980 13080 I BatteryMgr:DataCollectionService: stats => 1689009036324,-191,4084
07-10 19:10:36.330 12980 13080 I BatteryMgr:DataCollectionService: stats => 1689009036330,-191,4084
07-10 19:10:36.337 12980 13080 I BatteryMgr:DataCollectionService: stats => 1689009036337,-191,4084
07-10 19:10:36.343 12980 13080 I BatteryMgr:DataCollectionService: stats => 1689009036343,-191,4084
07-10 19:10:36.349 12980 13080 I BatteryMgr:DataCollectionService: stats => 1689009036349,-191,4084
07-10 19:10:36.356 12980 13080 I BatteryMgr:DataCollectionService: stats => 1689009036356,-191,4084
07-10 19:10:36.362 12980 13080 I BatteryMgr:DataCollectionService: stats => 1689009036362,-191,4084
07-10 19:10:36.368 12980 13080 I BatteryMgr:DataCollectionService: stats => 1689009036368,-191,4084
07-10 19:10:36.374 12980 13080 I BatteryMgr:DataCollectionService: stats => 1689009036374,-191,4084
07-10 19:10:36.381 12980 13080 I BatteryMgr:DataCollectionService: stats => 1689009036381,-191,4084
07-10 19:10:36.387 12980 13080 I BatteryMgr:DataCollectionService: stats => 1689009036387,-191,4084
07-10 19:10:36.394 12980 13080 I BatteryMgr:DataCollectionService: stats => 1689009036394,-191,4084
07-10 19:10:36.400 12980 13080 I BatteryMgr:DataCollectionService: stats => 1689009036400,-191,4084
07-10 19:10:36.407 12980 13080 I BatteryMgr:DataCollectionService: stats => 1689009036407,-191,4084
07-10 19:10:36.413 12980 13080 I BatteryMgr:DataCollectionService: stats => 1689009036413,-191,4084
07-10 19:10:36.420 12980 13080 I BatteryMgr:DataCollectionService: stats => 1689009036420,-191,4084
07-10 19:10:36.427 12980 13080 I BatteryMgr:DataCollectionService: stats => 1689009036427,-191,4084
07-10 19:10:36.434 12980 13080 I BatteryMgr:DataCollectionService: stats => 1689009036434,-191,4084
07-10 19:10:36.441 12980 13080 I BatteryMgr:DataCollectionService: stats => 1689009036441,-191,4084
07-10 19:10:36.448 12980 13080 I BatteryMgr:DataCollectionService: stats => 1689009036448,-191,4084
07-10 19:10:36.455 12980 13080 I BatteryMgr:DataCollectionService: stats => 1689009036455,-191,4084
07-10 19:10:36.462 12980 13080 I BatteryMgr:DataCollectionService: stats => 1689009036462,-191,4084
07-10 19:10:36.470 12980 13080 I BatteryMgr:DataCollectionService: stats => 1689009036469,-191,4084
07-10 19:10:36.477 12980 13080 I BatteryMgr:DataCollectionService: stats => 1689009036476,-191,4084
07-10 19:10:36.484 12980 13080 I BatteryMgr:DataCollectionService: stats => 1689009036484,-191,4084
07-10 19:10:36.491 12980 13080 I BatteryMgr:DataCollectionService: stats => 1689009036491,-191,4084
07-10 19:10:36.498 12980 13080 I BatteryMgr:DataCollectionService: stats => 1689009036498,-191,4084
07-10 19:10:36.506 12980 13080 I BatteryMgr:DataCollectionService: stats => 1689009036506,-191,4084
07-10 19:10:36.514 12980 13080 I BatteryMgr:DataCollectionService: stats => 1689009036514,-191,4084
07-10 19:10:36.522 12980 13080 I BatteryMgr:DataCollectionService: stats => 1689009036522,-191,4084
07-10 19:10:36.530 12980 13080 I BatteryMgr:DataCollectionService: stats => 1689009036530,-191,4084
07-10 19:10:36.537 12980 13080 I BatteryMgr:DataCollectionService: stats => 1689009036537,-191,4084
07-10 19:10:36.545 12980 13080 I BatteryMgr:DataCollectionService: stats => 1689009036545,-191,4084
07-10 19:10:36.554 12980 13080 I BatteryMgr:DataCollectionService: stats => 1689009036553,-191,4084
07-10 19:10:36.562 12980 13080 I BatteryMgr:DataCollectionService: stats => 1689009036562,-191,4084
07-10 19:10:36.569 12980 13080 I BatteryMgr:DataCollectionService: stats => 1689009036569,-191,4084
07-10 19:10:36.578 12980 13080 I BatteryMgr:DataCollectionService: stats => 1689009036577,-191,4084
07-10 19:10:36.585 12980 13080 I BatteryMgr:DataCollectionService: stats => 1689009036585,-191,4084
07-10 19:10:36.593 12980 13080 I BatteryMgr:DataCollectionService: stats => 1689009036592,-191,4084
07-10 19:10:36.601 12980 13080 I BatteryMgr:DataCollectionService: stats => 1689009036601,-191,4084
07-10 19:10:36.609 12980 13080 I BatteryMgr:DataCollectionService: stats => 1689009036609,-191,4084
07-10 19:10:36.617 12980 13080 I BatteryMgr:DataCollectionService: stats => 1689009036617,-191,4084
07-10 19:10:36.625 12980 13080 I BatteryMgr:DataCollectionService: stats => 1689009036625,-191,4084
07-10 19:10:36.633 12980 13080 I BatteryMgr:DataCollectionService: stats => 1689009036633,-191,4084
07-10 19:10:36.641 12980 13080 I BatteryMgr:DataCollectionService: stats => 1689009036641,-191,4084
07-10 19:10:36.649 12980 13080 I BatteryMgr:DataCollectionService: stats => 1689009036649,-191,4084
07-10 19:10:36.657 12980 13080 I BatteryMgr:DataCollectionService: stats => 1689009036657,-191,4084
07-10 19:10:36.665 12980 13080 I BatteryMgr:DataCollectionService: stats => 1689009036665,-191,4084
07-10 19:10:36.673 12980 13080 I BatteryMgr:DataCollectionService: stats => 1689009036673,-191,4084
07-10 19:10:36.681 12980 13080 I BatteryMgr:DataCollectionService: stats => 1689009036681,-191,4084
07-10 19:10:36.689 12980 13080 I BatteryMgr:DataCollectionService: stats => 1689009036689,-191,4084
07-10 19:10:36.697 12980 13080 I BatteryMgr:DataCollectionService: stats => 1689009036697,-191,4084
07-10 19:10:36.705 12980 13080 I BatteryMgr:DataCollectionService: stats => 1689009036704,-191,4084
07-10 19:10:36.716 12980 13080 I BatteryMgr:DataCollectionService: stats => 1689009036716,-191,4084
07-10 19:10:36.724 12980 13080 I BatteryMgr:DataCollectionService: stats => 1689009036724,-191,4084
07-10 19:10:36.732 12980 13080 I BatteryMgr:DataCollectionService: stats => 1689009036732,-191,4084
07-10 19:10:36.740 12980 13080 I BatteryMgr:DataCollectionService: stats => 1689009036740,-191,4084
07-10 19:10:36.748 12980 13080 I BatteryMgr:DataCollectionService: stats => 1689009036748,-191,4084
07-10 19:10:36.760 12980 13080 I BatteryMgr:DataCollectionService: stats => 1689009036760,-191,4084
07-10 19:10:36.761  3958  4334 E TaskPersister: File error accessing recents directory (directory doesn't exist?).
07-10 19:10:36.769 12980 13080 I BatteryMgr:DataCollectionService: stats => 1689009036769,-191,4084
07-10 19:10:36.777 12980 13080 I BatteryMgr:DataCollectionService: stats => 1689009036777,-191,4084
07-10 19:10:36.785 12980 13080 I BatteryMgr:DataCollectionService: stats => 1689009036785,-191,4084
07-10 19:10:36.793 12980 13080 I BatteryMgr:DataCollectionService: stats => 1689009036793,-191,4084
07-10 19:10:36.801 12980 13080 I BatteryMgr:DataCollectionService: stats => 1689009036801,-191,4084
07-10 19:10:36.809 12980 13080 I BatteryMgr:DataCollectionService: stats => 1689009036808,-191,4084
07-10 19:10:36.816 12980 13080 I BatteryMgr:DataCollectionService: stats => 1689009036816,-191,4084
07-10 19:10:36.825 12980 13080 I BatteryMgr:DataCollectionService: stats => 1689009036825,-191,4084
07-10 19:10:36.833 12980 13080 I BatteryMgr:DataCollectionService: stats => 1689009036833,-191,4084
07-10 19:10:36.841 12980 13080 I BatteryMgr:DataCollectionService: stats => 1689009036841,-191,4084
07-10 19:10:36.849 12980 13080 I BatteryMgr:DataCollectionService: stats => 1689009036849,-191,4084
07-10 19:10:36.857 12980 13080 I BatteryMgr:DataCollectionService: stats => 1689009036857,-191,4084
07-10 19:10:36.865 12980 13080 I BatteryMgr:DataCollectionService: stats => 1689009036865,-191,4084
07-10 19:10:36.873 12980 13080 I BatteryMgr:DataCollectionService: stats => 1689009036873,-191,4084
07-10 19:10:36.881 12980 13080 I BatteryMgr:DataCollectionService: stats => 1689009036880,-191,4084
07-10 19:10:36.889 12980 13080 I BatteryMgr:DataCollectionService: stats => 1689009036888,-191,4084
07-10 19:10:36.897 12980 13080 I BatteryMgr:DataCollectionService: stats => 1689009036897,-191,4084
07-10 19:10:36.905 12980 13080 I BatteryMgr:DataCollectionService: stats => 1689009036905,-191,4084
07-10 19:10:36.913 12980 13080 I BatteryMgr:DataCollectionService: stats => 1689009036913,-191,4084
07-10 19:10:36.921 12980 13080 I BatteryMgr:DataCollectionService: stats => 1689009036921,-191,4084
07-10 19:10:36.929 12980 13080 I BatteryMgr:DataCollectionService: stats => 1689009036929,-191,4084
07-10 19:10:36.937 12980 13080 I BatteryMgr:DataCollectionService: stats => 1689009036937,-191,4084
07-10 19:10:36.945 12980 13080 I BatteryMgr:DataCollectionService: stats => 1689009036945,-191,4084
07-10 19:10:36.953 12980 13080 I BatteryMgr:DataCollectionService: stats => 1689009036953,-191,4084
07-10 19:10:36.961 12980 13080 I BatteryMgr:DataCollectionService: stats => 1689009036961,-191,4084
07-10 19:10:36.969 12980 13080 I BatteryMgr:DataCollectionService: stats => 1689009036969,-191,4084
07-10 19:10:36.976 12980 13080 I BatteryMgr:DataCollectionService: stats => 1689009036976,-191,4084
07-10 19:10:36.985 12980 13080 I BatteryMgr:DataCollectionService: stats => 1689009036984,-191,4084
07-10 19:10:36.993 12980 13080 I BatteryMgr:DataCollectionService: stats => 1689009036992,-191,4084
07-10 19:10:37.000 12980 13080 I BatteryMgr:DataCollectionService: stats => 1689009037000,-191,4084
07-10 19:10:37.009 12980 13080 I BatteryMgr:DataCollectionService: stats => 1689009037009,-191,4084
07-10 19:10:37.017 12980 13080 I BatteryMgr:DataCollectionService: stats => 1689009037017,-191,4084
07-10 19:10:37.025 12980 13080 I BatteryMgr:DataCollectionService: stats => 1689009037025,-191,4084
07-10 19:10:37.033 12980 13080 I BatteryMgr:DataCollectionService: stats => 1689009037033,-191,4084
07-10 19:10:37.041 12980 13080 I BatteryMgr:DataCollectionService: stats => 1689009037040,-191,4084
07-10 19:10:37.049 12980 13080 I BatteryMgr:DataCollectionService: stats => 1689009037049,-191,4084
07-10 19:10:37.057 12980 13080 I BatteryMgr:DataCollectionService: stats => 1689009037057,-191,4084
07-10 19:10:37.065 12980 13080 I BatteryMgr:DataCollectionService: stats => 1689009037065,-191,4084
07-10 19:10:37.072 12980 13080 I BatteryMgr:DataCollectionService: stats => 1689009037072,-191,4084
07-10 19:10:37.080 12980 13080 I BatteryMgr:DataCollectionService: stats => 1689009037080,-191,4084
07-10 19:10:37.088 12980 13080 I BatteryMgr:DataCollectionService: stats => 1689009037087,-191,4084
07-10 19:10:37.096 12980 13080 I BatteryMgr:DataCollectionService: stats => 1689009037096,-191,4084
07-10 19:10:37.104 12980 13080 I BatteryMgr:DataCollectionService: stats => 1689009037104,-191,4084
07-10 19:10:37.112 12980 13080 I BatteryMgr:DataCollectionService: stats => 1689009037112,-191,4084
07-10 19:10:37.120 12980 13080 I BatteryMgr:DataCollectionService: stats => 1689009037120,-191,4084
07-10 19:10:37.128 12980 13080 I BatteryMgr:DataCollectionService: stats => 1689009037128,-191,4084
07-10 19:10:37.136 12980 13080 I BatteryMgr:DataCollectionService: stats => 1689009037136,-191,4084
07-10 19:10:37.144 12980 13080 I BatteryMgr:DataCollectionService: stats => 1689009037144,-191,4084
07-10 19:10:37.152 12980 13080 I BatteryMgr:DataCollectionService: stats => 1689009037152,-191,4084
07-10 19:10:37.165 12980 13080 I BatteryMgr:DataCollectionService: stats => 1689009037165,-191,4084
07-10 19:10:37.173 12980 13080 I BatteryMgr:DataCollectionService: stats => 1689009037173,-191,4084
07-10 19:10:37.181 12980 13080 I BatteryMgr:DataCollectionService: stats => 1689009037181,-191,4084
07-10 19:10:37.189 12980 13080 I BatteryMgr:DataCollectionService: stats => 1689009037189,-191,4084
07-10 19:10:37.197 12980 13080 I BatteryMgr:DataCollectionService: stats => 1689009037197,-191,4084
07-10 19:10:37.205 12980 13080 I BatteryMgr:DataCollectionService: stats => 1689009037204,-191,4084
07-10 19:10:37.213 12980 13080 I BatteryMgr:DataCollectionService: stats => 1689009037213,-191,4084
07-10 19:10:37.221 12980 13080 I BatteryMgr:DataCollectionService: stats => 1689009037221,-191,4084
07-10 19:10:37.228 12980 13080 I BatteryMgr:DataCollectionService: stats => 1689009037228,-191,4084
07-10 19:10:37.236 12980 13080 I BatteryMgr:DataCollectionService: stats => 1689009037236,-191,4084
07-10 19:10:37.245 12980 13080 I BatteryMgr:DataCollectionService: stats => 1689009037244,-191,4084
07-10 19:10:37.256 12980 13080 I BatteryMgr:DataCollectionService: stats => 1689009037256,-191,4084
07-10 19:10:37.264 12980 13080 I BatteryMgr:DataCollectionService: stats => 1689009037264,-191,4084
07-10 19:10:37.272 12980 13080 I BatteryMgr:DataCollectionService: stats => 1689009037272,-191,4084
07-10 19:10:37.280 12980 13080 I BatteryMgr:DataCollectionService: stats => 1689009037280,-191,4084
07-10 19:10:37.288 12980 13080 I BatteryMgr:DataCollectionService: stats => 1689009037288,-191,4084
07-10 19:10:37.296 12980 13080 I BatteryMgr:DataCollectionService: stats => 1689009037296,-191,4084
07-10 19:10:37.304 12980 13080 I BatteryMgr:DataCollectionService: stats => 1689009037304,-191,4084
07-10 19:10:37.311 12980 13080 I BatteryMgr:DataCollectionService: stats => 1689009037311,-191,4084
07-10 19:10:37.320 12980 13080 I BatteryMgr:DataCollectionService: stats => 1689009037320,-191,4084
07-10 19:10:37.321  3435  3435 I android.hardware.wifi@1.0-service: getLinkLayerStats
07-10 19:10:37.329 12980 13080 I BatteryMgr:DataCollectionService: stats => 1689009037328,-191,4084
07-10 19:10:37.337 12980 13080 I BatteryMgr:DataCollectionService: stats => 1689009037336,-191,4084
07-10 19:10:37.344 12980 13080 I BatteryMgr:DataCollectionService: stats => 1689009037344,-191,4084
07-10 19:10:37.344  3958  3987 D PowerManagerService: [s] UserActivityState : 1 -> 2
07-10 19:10:37.351 12980 13080 I BatteryMgr:DataCollectionService: stats => 1689009037350,-191,4084
07-10 19:10:37.358 12980 13080 I BatteryMgr:DataCollectionService: stats => 1689009037358,-191,4084
07-10 19:10:37.364 12980 13080 I BatteryMgr:DataCollectionService: stats => 1689009037364,-191,4084
07-10 19:10:37.371 12980 13080 I BatteryMgr:DataCollectionService: stats => 1689009037371,-191,4084
07-10 19:10:37.378 12980 13080 I BatteryMgr:DataCollectionService: stats => 1689009037378,-191,4084
07-10 19:10:37.386 12980 13080 I BatteryMgr:DataCollectionService: stats => 1689009037386,-191,4084
07-10 19:10:37.394 12980 13080 I BatteryMgr:DataCollectionService: stats => 1689009037394,-191,4084
07-10 19:10:37.401 12980 13080 I BatteryMgr:DataCollectionService: stats => 1689009037401,-191,4084
07-10 19:10:37.409 12980 13080 I BatteryMgr:DataCollectionService: stats => 1689009037409,-191,4084
07-10 19:10:37.417 12980 13080 I BatteryMgr:DataCollectionService: stats => 1689009037417,-191,4084
07-10 19:10:37.428 12980 13080 I BatteryMgr:DataCollectionService: stats => 1689009037428,-191,4084
07-10 19:10:37.435 12980 13080 I BatteryMgr:DataCollectionService: stats => 1689009037435,-191,4084
07-10 19:10:37.443 12980 13080 I BatteryMgr:DataCollectionService: stats => 1689009037443,-191,4084
07-10 19:10:37.454 12980 13080 I BatteryMgr:DataCollectionService: stats => 1689009037453,-191,4084
07-10 19:10:37.462 12980 13080 I BatteryMgr:DataCollectionService: stats => 1689009037462,-191,4084
07-10 19:10:37.476 12980 13080 I BatteryMgr:DataCollectionService: stats => 1689009037475,-191,4084
07-10 19:10:37.482 12980 13080 I BatteryMgr:DataCollectionService: stats => 1689009037482,-191,4084
07-10 19:10:37.487 12980 13080 I BatteryMgr:DataCollectionService: stats => 1689009037487,-191,4084
07-10 19:10:37.492 12980 13080 I BatteryMgr:DataCollectionService: stats => 1689009037492,-191,4084
07-10 19:10:37.497 12980 13080 I BatteryMgr:DataCollectionService: stats => 1689009037497,-191,4084
07-10 19:10:37.502 12980 13080 I BatteryMgr:DataCollectionService: stats => 1689009037502,-191,4084
07-10 19:10:37.508 12980 13080 I BatteryMgr:DataCollectionService: stats => 1689009037508,-191,4084
07-10 19:10:37.513 12980 13080 I BatteryMgr:DataCollectionService: stats => 1689009037513,-191,4084
07-10 19:10:37.518 12980 13080 I BatteryMgr:DataCollectionService: stats => 1689009037518,-191,4084
07-10 19:10:37.522 12980 13080 I BatteryMgr:DataCollectionService: stats => 1689009037522,-191,4084
07-10 19:10:37.527 12980 13080 I BatteryMgr:DataCollectionService: stats => 1689009037527,-191,4084
07-10 19:10:37.531 12980 13080 I BatteryMgr:DataCollectionService: stats => 1689009037531,-191,4084
07-10 19:10:37.535 12980 13080 I BatteryMgr:DataCollectionService: stats => 1689009037535,-191,4084
07-10 19:10:37.540 12980 13080 I BatteryMgr:DataCollectionService: stats => 1689009037540,-191,4084
07-10 19:10:37.545 12980 13080 I BatteryMgr:DataCollectionService: stats => 1689009037544,-191,4084
07-10 19:10:37.549 12980 13080 I BatteryMgr:DataCollectionService: stats => 1689009037549,-191,4084
07-10 19:10:37.554 12980 13080 I BatteryMgr:DataCollectionService: stats => 1689009037554,-191,4084
07-10 19:10:37.559 12980 13080 I BatteryMgr:DataCollectionService: stats => 1689009037559,-191,4084
07-10 19:10:37.563 12980 13080 I BatteryMgr:DataCollectionService: stats => 1689009037563,-191,4084
07-10 19:10:37.567 12980 13080 I BatteryMgr:DataCollectionService: stats => 1689009037567,-191,4084
07-10 19:10:37.572 12980 13080 I BatteryMgr:DataCollectionService: stats => 1689009037571,-191,4084
07-10 19:10:37.575 12980 13080 I BatteryMgr:DataCollectionService: stats => 1689009037575,-191,4084
07-10 19:10:37.579 12980 13080 I BatteryMgr:DataCollectionService: stats => 1689009037579,-191,4084
07-10 19:10:37.583 12980 13080 I BatteryMgr:DataCollectionService: stats => 1689009037583,-191,4084
07-10 19:10:37.586 12980 13080 I BatteryMgr:DataCollectionService: stats => 1689009037586,-191,4084
07-10 19:10:37.590 12980 13080 I BatteryMgr:DataCollectionService: stats => 1689009037590,-191,4084
07-10 19:10:37.593 12980 13080 I BatteryMgr:DataCollectionService: stats => 1689009037593,-191,4084
07-10 19:10:37.597 12980 13080 I BatteryMgr:DataCollectionService: stats => 1689009037597,-191,4084
07-10 19:10:37.602 12980 13080 I BatteryMgr:DataCollectionService: stats => 1689009037601,-191,4084
07-10 19:10:37.606 12980 13080 I BatteryMgr:DataCollectionService: stats => 1689009037606,-191,4084
07-10 19:10:37.610 12980 13080 I BatteryMgr:DataCollectionService: stats => 1689009037610,-191,4084
07-10 19:10:37.615 12980 13080 I BatteryMgr:DataCollectionService: stats => 1689009037614,-191,4084
07-10 19:10:37.619 12980 13080 I BatteryMgr:DataCollectionService: stats => 1689009037619,-191,4084
07-10 19:10:37.624 12980 13080 I BatteryMgr:DataCollectionService: stats => 1689009037623,-191,4084
07-10 19:10:37.628 12980 13080 I BatteryMgr:DataCollectionService: stats => 1689009037628,-191,4084
07-10 19:10:37.632 12980 13080 I BatteryMgr:DataCollectionService: stats => 1689009037632,-191,4084
07-10 19:10:37.637 12980 13080 I BatteryMgr:DataCollectionService: stats => 1689009037637,-191,4084
07-10 19:10:37.641 12980 13080 I BatteryMgr:DataCollectionService: stats => 1689009037641,-191,4084
07-10 19:10:37.646 12980 13080 I BatteryMgr:DataCollectionService: stats => 1689009037645,-191,4084
07-10 19:10:37.650 12980 13080 I BatteryMgr:DataCollectionService: stats => 1689009037650,-191,4084
07-10 19:10:37.654 12980 13080 I BatteryMgr:DataCollectionService: stats => 1689009037654,-191,4084
07-10 19:10:37.658 12980 13080 I BatteryMgr:DataCollectionService: stats => 1689009037658,-191,4084
07-10 19:10:37.662 12980 13080 I BatteryMgr:DataCollectionService: stats => 1689009037662,-191,4084
07-10 19:10:37.667 12980 13080 I BatteryMgr:DataCollectionService: stats => 1689009037666,-191,4084
07-10 19:10:37.671 12980 13080 I BatteryMgr:DataCollectionService: stats => 1689009037671,-191,4084
07-10 19:10:37.677 12980 13080 I BatteryMgr:DataCollectionService: stats => 1689009037677,-191,4084
07-10 19:10:37.683 12980 13080 I BatteryMgr:DataCollectionService: stats => 1689009037683,-191,4084
07-10 19:10:37.689 12980 13080 I BatteryMgr:DataCollectionService: stats => 1689009037689,-191,4084
07-10 19:10:37.696 12980 13080 I BatteryMgr:DataCollectionService: stats => 1689009037696,-191,4084
07-10 19:10:37.702 12980 13080 I BatteryMgr:DataCollectionService: stats => 1689009037702,-191,4084
07-10 19:10:37.708 12980 13080 I BatteryMgr:DataCollectionService: stats => 1689009037708,-191,4084
07-10 19:10:37.715 12980 13080 I BatteryMgr:DataCollectionService: stats => 1689009037715,-191,4084
07-10 19:10:37.721 12980 13080 I BatteryMgr:DataCollectionService: stats => 1689009037721,-191,4084
07-10 19:10:37.727 12980 13080 I BatteryMgr:DataCollectionService: stats => 1689009037727,-191,4084
07-10 19:10:37.734 12980 13080 I BatteryMgr:DataCollectionService: stats => 1689009037734,-191,4084
07-10 19:10:37.741 12980 13080 I BatteryMgr:DataCollectionService: stats => 1689009037741,-191,4084
07-10 19:10:37.748 12980 13080 I BatteryMgr:DataCollectionService: stats => 1689009037747,-191,4084
07-10 19:10:37.754 12980 13080 I BatteryMgr:DataCollectionService: stats => 1689009037754,-191,4084
07-10 19:10:37.761 12980 13080 I BatteryMgr:DataCollectionService: stats => 1689009037761,-191,4084
07-10 19:10:37.768 12980 13080 I BatteryMgr:DataCollectionService: stats => 1689009037768,-191,4084
07-10 19:10:37.775 12980 13080 I BatteryMgr:DataCollectionService: stats => 1689009037775,-191,4084
07-10 19:10:37.782 12980 13080 I BatteryMgr:DataCollectionService: stats => 1689009037782,-191,4084
07-10 19:10:37.789 12980 13080 I BatteryMgr:DataCollectionService: stats => 1689009037789,-191,4084
07-10 19:10:37.796 12980 13080 I BatteryMgr:DataCollectionService: stats => 1689009037796,-191,4084
07-10 19:10:37.803 12980 13080 I BatteryMgr:DataCollectionService: stats => 1689009037803,-191,4084
07-10 19:10:37.810 12980 13080 I BatteryMgr:DataCollectionService: stats => 1689009037810,-191,4084
07-10 19:10:37.816 12980 13080 I BatteryMgr:DataCollectionService: stats => 1689009037816,-191,4084
07-10 19:10:37.824 12980 13080 I BatteryMgr:DataCollectionService: stats => 1689009037823,-191,4084
07-10 19:10:37.830 12980 13080 I BatteryMgr:DataCollectionService: stats => 1689009037830,-191,4084
07-10 19:10:37.837 12980 13080 I BatteryMgr:DataCollectionService: stats => 1689009037837,-191,4084
07-10 19:10:37.844 12980 13080 I BatteryMgr:DataCollectionService: stats => 1689009037844,-191,4084
07-10 19:10:37.851 12980 13080 I BatteryMgr:DataCollectionService: stats => 1689009037851,-191,4084
07-10 19:10:37.859 12980 13080 I BatteryMgr:DataCollectionService: stats => 1689009037859,-191,4084
07-10 19:10:37.866 12980 13080 I BatteryMgr:DataCollectionService: stats => 1689009037866,-191,4084
07-10 19:10:37.873 12980 13080 I BatteryMgr:DataCollectionService: stats => 1689009037873,-191,4084
07-10 19:10:37.881 12980 13080 I BatteryMgr:DataCollectionService: stats => 1689009037880,-191,4084
07-10 19:10:37.888 12980 13080 I BatteryMgr:DataCollectionService: stats => 1689009037888,-191,4084
07-10 19:10:37.895 12980 13080 I BatteryMgr:DataCollectionService: stats => 1689009037895,-191,4084
07-10 19:10:37.903 12980 13080 I BatteryMgr:DataCollectionService: stats => 1689009037903,-191,4084
07-10 19:10:37.910 12980 13080 I BatteryMgr:DataCollectionService: stats => 1689009037910,-191,4084
07-10 19:10:37.918 12980 13080 I BatteryMgr:DataCollectionService: stats => 1689009037918,-191,4084
07-10 19:10:37.926 12980 13080 I BatteryMgr:DataCollectionService: stats => 1689009037926,-191,4084
07-10 19:10:37.933 12980 13080 I BatteryMgr:DataCollectionService: stats => 1689009037933,-191,4084
07-10 19:10:37.940 12980 13080 I BatteryMgr:DataCollectionService: stats => 1689009037940,-191,4084
07-10 19:10:37.948 12980 13080 I BatteryMgr:DataCollectionService: stats => 1689009037948,-191,4084
07-10 19:10:37.956 12980 13080 I BatteryMgr:DataCollectionService: stats => 1689009037955,-191,4084
07-10 19:10:37.963 12980 13080 I BatteryMgr:DataCollectionService: stats => 1689009037963,-191,4084
07-10 19:10:37.971 12980 13080 I BatteryMgr:DataCollectionService: stats => 1689009037971,-191,4084
07-10 19:10:37.979 12980 13080 I BatteryMgr:DataCollectionService: stats => 1689009037978,-191,4084
07-10 19:10:37.986 12980 13080 I BatteryMgr:DataCollectionService: stats => 1689009037986,-191,4084
07-10 19:10:37.994 12980 13080 I BatteryMgr:DataCollectionService: stats => 1689009037993,-191,4084
