07-02 19:36:24.568  1494  1494 I EaselThermalMonitor: Cooling Device: mnh cur_state 0 max_state 4
07-02 19:36:24.586  1253  1253 I GoogleFDNode: Initialize: GoogleFDNode created ensemble detector successfully.
07-02 19:36:24.586  1253  1253 I GoogleFDNode: Initialize: GoogleFDNode uses dedicated thread for Ensemble.
07-02 19:36:24.590  1253  1253 I GoogleFDNode: QueryBufferInfo: [FD] Google FD Node publishing com.google.nexus.experimental2018 | faceSkipFrame to 804f000e
07-02 19:36:24.590  1253  1253 I GoogleFDNode: QueryBufferInfo: [FD] Google FD Node publishing com.google.nexus.experimental2018 | faceLandmark.count to 804f000f
07-02 19:36:24.590  1253  1253 I GoogleFDNode: QueryBufferInfo: [FD] Google FD Node publishing com.google.nexus.experimental2018 | faceLandmark.ids to 804f0010
07-02 19:36:24.590  1253  1253 I GoogleFDNode: QueryBufferInfo: [FD] Google FD Node publishing com.google.nexus.experimental2018 | faceLandmark.xy to 804f0011
07-02 19:36:24.590  1253  1253 I GoogleFDNode: QueryBufferInfo: [FD] Google FD Node publishing com.google.nexus.experimental2018 | faceLandmark.depth to 804f0012
07-02 19:36:24.590  1253  1253 I GoogleFDNode: QueryBufferInfo: [FD] Google FD Node publishing com.google.nexus.experimental2018 | faceOrientation to 804f0014
07-02 19:36:24.590  1253  1253 D CamX    : [DEBUG][PPROC  ] camxipenode.cpp:2360 ProcessingNodeFinalizeInputRequirement() IPE video dimension: 0 x 0
07-02 19:36:24.591  1253  1253 D CamX    : [DEBUG][PPROC  ] camxipenode.cpp:2360 ProcessingNodeFinalizeInputRequirement() IPE video dimension: 0 x 0
07-02 19:36:24.591  1253  1253 D CamX    : [DEBUG][PPROC  ] camxipenode.cpp:2360 ProcessingNodeFinalizeInputRequirement() IPE video dimension: 0 x 0
07-02 19:36:24.591  1253  1253 I CHIUSECASE: skip mode 3 for cam 1 and 2
07-02 19:36:24.591  1253  1253 I CHIUSECASE: CameraID: 1, SelectedMode W=3280, H=2464, FPS:30, NumBatchedFrames:1, modeIndex:0
07-02 19:36:24.591  1253  1253 I CHIUSECASE: Create: Created a GoogleUsecaseRealtimeZslPipeline for camera 1
07-02 19:36:24.591  1253  1253 I CHIUSECASE: LogClassifiedStream: Camera 2 yuv stream type = 0 format = 34 width = 3264 height = 2448
07-02 19:36:24.591  1253  1253 I CHIUSECASE: Use yuv aspect ratio as dummy stream
07-02 19:36:24.663  1494  1494 I EaselPowerBlue: [TIME_LOGGER] resume took 94 ms
07-02 19:36:24.664  1253 10556 I native  : easel_manager_callback.cc:34 COMMAND_PROCESSOR_3PA on easel started
07-02 19:36:24.665  1253 10555 I native  : session.cc:71 SetEaselPortId:13
07-02 19:36:24.666  1253 10555 I native  : ipu_wake_lock.cc:95 IpuWakeLock::WaitAcquire:0x6ede1c61d8:0
07-02 19:36:24.666  1253 10555 I native  : easel_service_control.cc:326 RunReferenceCountIncrement run_reference_count_=2
07-02 19:36:24.666  1253 10555 I native  : ipu_wake_lock.cc:69 IpuWakeLock::Request:0x6fb18ca058:2
07-02 19:36:24.666  1253 10555 I native  : session.cc:71 SetEaselPortId:13
07-02 19:36:24.666  1253 10555 I native  : ipu_wake_lock.cc:95 IpuWakeLock::WaitAcquire:0x6fb18ca058:0
07-02 19:36:24.666  1253 10555 I native  : ipu_wake_lock.cc:75 IpuWakeLock::Release:0x6ede1c61d8
07-02 19:36:24.666  1253 10555 I native  : easel_service_control.cc:345 RunReferenceCountDecrement run_reference_count_=1
07-02 19:36:24.666  1253 10555 I native  : gcam.cc:402 Gcam thread id = 10555
07-02 19:36:24.666  1253 18433 I native  : ipu_keepalive.cc:85 IpuKeepAliveThread: PING (sync)
07-02 19:36:24.667  1253 10555 I libgcam : [gcam.cc:441]: Initializing camera 0: device blueline, device code 97df6696b247a2aed6addb76c879acdc, sensor ID 0.
07-02 19:36:24.668  1253 10555 I native  : gcam.cc:462 halide_ipu_set_timeout=2s
07-02 19:36:24.668  1253 10555 I native  : easel_service_control.cc:326 RunReferenceCountIncrement run_reference_count_=2
07-02 19:36:24.668  1253 10555 I native  : ipu_wake_lock.cc:69 IpuWakeLock::Request:0x6ede1c6338:9
07-02 19:36:24.668  1253 10555 I native  : session.cc:71 SetEaselPortId:13
07-02 19:36:24.668  1253 10555 I native  : ipu_wake_lock.cc:95 IpuWakeLock::WaitAcquire:0x6ede1c6338:0
07-02 19:36:24.669  1253 10555 I native  : imx_fine_grain_client.cc:47 Acquire ImxSession Reference. reference_count_=2
07-02 19:36:24.669  1253 10555 I native  : ipu_wake_lock.cc:75 IpuWakeLock::Release:0x6ede1c6338
07-02 19:36:24.669  1253 10555 I native  : easel_service_control.cc:345 RunReferenceCountDecrement run_reference_count_=1
07-02 19:36:24.669  1494  1524 I EaselThermalMonitor: (Low) mnh_cpu: 35.47, mnh_ipu1: 33.31, mnh_ipu2: 33.16, mnh_lpddr: 33.56
07-02 19:36:24.669  1494  1524 I EaselThermalMonitor: Cooling Device: mnh cur_state 0 max_state 4
07-02 19:36:24.669  1494  1524 I EaselManagerServer: Old thermal condition: 4, new thermal condition: 0
07-02 19:36:24.669  1494  1524 I EaselPowerBlue: [TIME_LOGGER] setClockMode took 0 ms
07-02 19:36:24.669  1494  1494 I EaselThermalMonitor: Cooling Device: mnh cur_state 0 max_state 4
07-02 19:36:24.670  1253  1253 I CHIUSECASE: CreatePipelines: Creating pipelines for CHI usecase: UsecaseGooglePhoto1
07-02 19:36:24.670  1253  1253 I CHIUSECASE: GoogleUsecasePipeline: ANDROID_INFO_SUPPORTED_BUFFER_MANAGEMENT_VERSION = 0
07-02 19:36:24.670  1253  1253 D CHIUSECASE: Initialize: RDI resolution: 3280x2464
07-02 19:36:24.670  1253  1253 D CHIUSECASE: [Offline HDR+ Pipeline] CreateChiPipeline: Creating the CHI pipeline.
07-02 19:36:24.672  1253  1253 E GOOGLE_CHINODE_HDRPLUS: CHINODECAPSINFO is smaller than expected
07-02 19:36:24.672  1253  1253 I CHIUSECASE: skip mode 3 for cam 1 and 2
07-02 19:36:24.672  1253  1253 I CHIUSECASE: CameraID: 2, SelectedMode W=3280, H=2464, FPS:30, NumBatchedFrames:1, modeIndex:0
07-02 19:36:24.672  1253  1253 I CHIUSECASE: Initialize: mGcamMinPayloadFrames: 2
07-02 19:36:24.674  1253  1253 I CHIUSECASE: Create: Created a GoogleUsecaseOfflineHdrplusPipeline for camera 2
07-02 19:36:24.674  1253  1253 I CHIUSECASE: GoogleUsecasePipeline: ANDROID_INFO_SUPPORTED_BUFFER_MANAGEMENT_VERSION = 0
07-02 19:36:24.674  1253  1253 D CHIUSECASE: Initialize: RDI resolution: 3280x2464
07-02 19:36:24.674  1253  1253 D CHIUSECASE: [Realtime ZSL Pipeline] CreateChiPipeline: Creating the CHI pipeline.
07-02 19:36:24.674  1253 10568 I native  : gcam.cc:365 Writing AP timing log to /data/camera/ap_3pa.timing
07-02 19:36:24.674  1253 10568 I native  : gcam.cc:371 Creating IpuServiceReferenceThirdPartyIdle
07-02 19:36:24.674  1253 10568 I native  : easel_service_control.cc:275 SuspendReferenceCountIncrement suspend_reference_count_=3
07-02 19:36:24.674  1253 10568 I native  : ipu_wake_lock.cc:69 IpuWakeLock::Request:0x6f818e8538:1
07-02 19:36:24.674  1253 10568 I native  : easel_service_control.cc:326 RunReferenceCountIncrement run_reference_count_=2
07-02 19:36:24.674  1253 10568 I native  : ipu_wake_lock.cc:69 IpuWakeLock::Request:0x6eccc211d8:9
07-02 19:36:24.674  1253 10568 I native  : session.cc:71 SetEaselPortId:13
07-02 19:36:24.674  1253 10568 I native  : ipu_wake_lock.cc:95 IpuWakeLock::WaitAcquire:0x6eccc211d8:0
07-02 19:36:24.674  1253 10568 I native  : ipu_wake_lock.cc:75 IpuWakeLock::Release:0x6eccc211d8
07-02 19:36:24.674  1253 10568 I native  : easel_service_control.cc:345 RunReferenceCountDecrement run_reference_count_=1
07-02 19:36:24.674  1253 10568 I native  : gcam.cc:402 Gcam thread id = 10568
07-02 19:36:24.674  1253 18433 I native  : ipu_keepalive.cc:71 IpuKeepAliveThread: PING; Ipu running.
07-02 19:36:24.674  1253 10568 I libgcam : [gcam.cc:441]: Initializing camera 0: device blueline, device code 97df6696b247a2aed6addb76c879acdc, sensor ID 0.
07-02 19:36:24.674  1253 10568 I native  : gcam.cc:462 halide_ipu_set_timeout=2s
07-02 19:36:24.674  1253 10568 I native  : easel_service_control.cc:326 RunReferenceCountIncrement run_reference_count_=2
07-02 19:36:24.674  1253 10568 I native  : ipu_wake_lock.cc:69 IpuWakeLock::Request:0x6eccc21338:9
07-02 19:36:24.674  1253 10568 I native  : session.cc:71 SetEaselPortId:13
07-02 19:36:24.674  1253 10568 I native  : ipu_wake_lock.cc:95 IpuWakeLock::WaitAcquire:0x6eccc21338:0
07-02 19:36:24.674  1253 10568 I native  : imx_fine_grain_client.cc:47 Acquire ImxSession Reference. reference_count_=3
07-02 19:36:24.674  1253 10568 I native  : ipu_wake_lock.cc:75 IpuWakeLock::Release:0x6eccc21338
07-02 19:36:24.674  1253 10568 I native  : easel_service_control.cc:345 RunReferenceCountDecrement run_reference_count_=1
07-02 19:36:24.675  1253  1253 I goog_warping: Create
07-02 19:36:24.675  1253  1253 D goog_warping: persist.camera.warping.debug is set to 0
07-02 19:36:24.675  1253  1253 D goog_warping: persist.camera.warping.enable is set to 1
07-02 19:36:24.675  1253  1253 D goog_warping: persist.camera.warping.vcmdelay is set to 0
07-02 19:36:24.675  1253  1253 D goog_warping: persist.camera.warping.usegyrodirect is set to 0
07-02 19:36:24.675  1253  1253 D goog_warping: persist.camera.warping.usegyropoll is set to 1
07-02 19:36:24.675  1253  1253 D goog_warping: persist.camera.warping.fdinfo is set to 1
07-02 19:36:24.675  1253  1253 D goog_warping: persist.camera.warping.ftmethod is set to 1
07-02 19:36:24.676  1253  1253 I goog_warping: Warping node in photo mode. No crop is used.
07-02 19:36:24.677  1253 10568 I libgcam : [gcam.cc:557]: Gcam initialized.
07-02 19:36:24.677  1253 10568 I HdrplusProcessing: InitializeGcam: Initialized GCAM.
07-02 19:36:24.677  1253 10555 I libgcam : [gcam.cc:557]: Gcam initialized.
07-02 19:36:24.677  1253 10555 I HdrplusProcessing: InitializeGcam: Initialized GCAM.
07-02 19:36:24.678  1494  1494 I EaselThermalMonitor: Cooling Device: mnh cur_state 0 max_state 4
07-02 19:36:24.678  1494  1494 I EaselThermalMonitor: Cooling Device: mnh cur_state 0 max_state 4
07-02 19:36:24.679  1253  1253 I GoogleFDNode: Initialize: GoogleFDNode created ensemble detector successfully.
07-02 19:36:24.679  1253  1253 I GoogleFDNode: Initialize: GoogleFDNode uses dedicated thread for Ensemble.
07-02 19:36:24.681  1253  1253 I GoogleFDNode: QueryBufferInfo: [FD] Google FD Node publishing com.google.nexus.experimental2018 | faceSkipFrame to 804f000e
07-02 19:36:24.681  1253  1253 I GoogleFDNode: QueryBufferInfo: [FD] Google FD Node publishing com.google.nexus.experimental2018 | faceLandmark.count to 804f000f
07-02 19:36:24.681  1253  1253 I GoogleFDNode: QueryBufferInfo: [FD] Google FD Node publishing com.google.nexus.experimental2018 | faceLandmark.ids to 804f0010
07-02 19:36:24.681  1253  1253 I GoogleFDNode: QueryBufferInfo: [FD] Google FD Node publishing com.google.nexus.experimental2018 | faceLandmark.xy to 804f0011
07-02 19:36:24.681  1253  1253 I GoogleFDNode: QueryBufferInfo: [FD] Google FD Node publishing com.google.nexus.experimental2018 | faceLandmark.depth to 804f0012
07-02 19:36:24.681  1253  1253 I GoogleFDNode: QueryBufferInfo: [FD] Google FD Node publishing com.google.nexus.experimental2018 | faceOrientation to 804f0014
07-02 19:36:24.681  1253  1253 D CamX    : [DEBUG][PPROC  ] camxipenode.cpp:2360 ProcessingNodeFinalizeInputRequirement() IPE video dimension: 0 x 0
07-02 19:36:24.681  1253  1253 D CamX    : [DEBUG][PPROC  ] camxipenode.cpp:2360 ProcessingNodeFinalizeInputRequirement() IPE video dimension: 0 x 0
07-02 19:36:24.681  1253  1253 D CamX    : [DEBUG][PPROC  ] camxipenode.cpp:2360 ProcessingNodeFinalizeInputRequirement() IPE video dimension: 0 x 0
07-02 19:36:24.681  1253  1253 I CHIUSECASE: skip mode 3 for cam 1 and 2
07-02 19:36:24.681  1253  1253 I CHIUSECASE: CameraID: 2, SelectedMode W=3280, H=2464, FPS:30, NumBatchedFrames:1, modeIndex:0
07-02 19:36:24.681  1253  1253 I CHIUSECASE: Create: Created a GoogleUsecaseRealtimeZslPipeline for camera 2
07-02 19:36:24.681  1253  1253 I CHIUSECASE: Build: building a session with pipeline for camera id 1
07-02 19:36:24.681  1253  1253 I CHIUSECASE: Build: building a session with pipeline for camera id 2
07-02 19:36:24.717  1253  1253 I android.hardware.camera.provider@2.4-service_64: [GOOG_STATS] PDLibData already assigned
07-02 19:36:24.717  1253  1253 I android.hardware.camera.provider@2.4-service_64: [GOOG_STATS] Calling CreatePDLib in QC library
07-02 19:36:24.750  1275  1275 I sensors-hal: batch_physical_sensor:285, android.sensor.gyroscope/41, period=5000000, max_latency=0
07-02 19:36:24.750  1275  1275 I sensors-hal: batch_physical_sensor:296, android.sensor.gyroscope/41, period=5000000, max_latency=0 request completed
07-02 19:36:24.750  1275  1275 I sensors-hal: activate_physical_sensor:220, android.sensor.gyroscope/41 en=1
07-02 19:36:24.750  1275  1275 I sensors-hal: get_qmi_debug_flag:245, support_qmi_debug : false
07-02 19:36:24.754  1275  1275 D Diag_Lib:  Diag_LSM_Init: Failed to open handle to diag driver, error = 13
07-02 19:36:24.751  1275  1275 W sensors@2.0-ser: type=1400 audit(0.0:1637): avc: denied { read write } for name="diag" dev="tmpfs" ino=15460 scontext=u:r:hal_sensors_default:s0 tcontext=u:object_r:diag_device:s0 tclass=chr_file permissive=0
07-02 19:36:24.757  1275  1275 I sensors-hal: get_qmi_debug_flag:245, support_qmi_debug : false
07-02 19:36:24.757  1275  1275 I sensors-hal: activate_physical_sensor:233, android.sensor.gyroscope/41 en=1 completed
07-02 19:36:24.762  1275 10581 I sensors-hal: handle_indication_realtime:456,  SCHED_FIFO(10) for qmi_cbk
07-02 19:36:24.765  1275 10585 I sensors-hal: handle_indication_realtime:456,  SCHED_FIFO(10) for qmi_cbk
07-02 19:36:24.810  1864  4065 W InputManager-JNI: Input channel object '23143c6 Splash Screen e.www.cameratest (client)' was disposed without first being removed with the input manager!
07-02 19:36:24.831  1253  1253 E CamX    : [ERROR][STATS_AEC] aec_set.cpp:1586: aec_set_init_chromatix_sensor aec_set_init_chromatix_sensor is called before LoadTuning
07-02 19:36:24.831  1253  1253 E CamX    : [ERROR][STATS_AEC] aec_get.cpp:575: aec_get_param Wrong sequence! Get exposure before AE init idx=-1
07-02 19:36:24.831  1253  1253 E CamX    : [ERROR][STATS_AEC] camxae.cpp:1801: AecGetStartExposure aec get parameter failed
07-02 19:36:24.831  1253  1253 E CamX    : [ERROR][STATS_AEC] camxcaecstatsprocessor.cpp:1757 PopulatePropPoolFrameControl() Invalid exposure parameters: gain: 0.000000, exposureTime: 0
07-02 19:36:24.842  1253  2028 I android.hardware.camera.provider@2.4-service_64: [GOOG_STATS] PDAF wrapper is successfully initialized
07-02 19:36:24.842  1253  2028 I android.hardware.camera.provider@2.4-service_64: [GOOG_STATS] PDAF infinity DAC = 978, macro DAC = 2980, image bits = 8
07-02 19:36:24.842  1253  2028 I android.hardware.camera.provider@2.4-service_64: [GOOG_STATS] doDefaultPDProcess = 0
07-02 19:36:24.842  1253  2028 I android.hardware.camera.provider@2.4-service_64: [GOOG_STATS] Calling QC PDLibInitialize: run on sparse PD = 1
07-02 19:36:24.849  1253  1253 D CamX    : [DEBUG][STATS_AWB] camxcawbstatsprocessor.cpp:749 SetOperationModetoAlgo() Mode set to Algo: 1
07-02 19:36:24.856  1253 10587 I native  : flicker_wrapper.cc:82 FlickerCreate
07-02 19:36:24.856  1253 10587 I native  : flicker_wrapper.cc:87 Using default flicker parameters.
07-02 19:36:24.857  1275  1275 I sensors-hal: flush_physical_sensor:328, android.sensor.gyroscope/41
07-02 19:36:24.858  1275  1275 I sensors-hal: flush_physical_sensor:336, android.sensor.gyroscope/41 completed
07-02 19:36:24.862  1275  1344 I VSC     : @ 18824.695: {Fusion} configure fusion 9 19230us 0us.
07-02 19:36:24.862  1275  1344 D VSC     : @ 18824.695: [Gravity Sensor] Request accel, interval 19.2 ms, latency 0.0 ms
07-02 19:36:24.867  1275  1344 D VSC     : @ 18824.699: [Gravity Sensor] Request gyro, interval 5.0 ms, latency 0.0 ms
07-02 19:36:24.868  2549  2549 I WallpaperService: engine paused
07-02 19:36:24.871  1275  1344 D ASH     : @ 18824.702: SensorType 1 resampler quality 3
07-02 19:36:24.892  1275  1344 D ASH     : @ 18824.725: SensorType 195 resampler quality 2
07-02 19:36:24.934  1253  1253 I GoogSensorSync: GoogSensorSync 67 Sensor sync camera ID: 1
07-02 19:36:24.935  1253  1253 I GoogSensorSync: GetSensorHandle 109 handle for 1 is found.
07-02 19:36:24.936  1275  1275 I sensors-hal: batch_physical_sensor:285, com.google.sensor.camera_vsync/11053, period=5000000, max_latency=0
07-02 19:36:24.936  1275  1275 I sensors-hal: batch_physical_sensor:296, com.google.sensor.camera_vsync/11053, period=5000000, max_latency=0 request completed
07-02 19:36:24.937  1275  1275 I sensors-hal: activate_physical_sensor:220, com.google.sensor.camera_vsync/11053 en=1
07-02 19:36:24.937  1275  1275 I sensors-hal: get_qmi_debug_flag:245, support_qmi_debug : false
07-02 19:36:24.938  1275  1275 I sensors-hal: activate_physical_sensor:233, com.google.sensor.camera_vsync/11053 en=1 completed
07-02 19:36:24.943  1275  1275 I sensors-hal: flush_physical_sensor:328, android.sensor.gyroscope/41
07-02 19:36:24.943  1275  1275 I sensors-hal: flush_physical_sensor:336, android.sensor.gyroscope/41 completed
07-02 19:36:25.000  1253  1253 E CamX    : [ERROR][STATS_AEC] aec_set.cpp:1586: aec_set_init_chromatix_sensor aec_set_init_chromatix_sensor is called before LoadTuning
07-02 19:36:25.000  1253  1253 E CamX    : [ERROR][STATS_AEC] aec_get.cpp:575: aec_get_param Wrong sequence! Get exposure before AE init idx=-1
07-02 19:36:25.000  1253  1253 E CamX    : [ERROR][STATS_AEC] camxae.cpp:1801: AecGetStartExposure aec get parameter failed
07-02 19:36:25.000  1253  1253 E CamX    : [ERROR][STATS_AEC] camxcaecstatsprocessor.cpp:1757 PopulatePropPoolFrameControl() Invalid exposure parameters: gain: 0.000000, exposureTime: 0
07-02 19:36:25.014  1253  1253 D CamX    : [DEBUG][STATS_AWB] camxcawbstatsprocessor.cpp:749 SetOperationModetoAlgo() Mode set to Algo: 1
07-02 19:36:25.021  4101  4101 D BoundBrokerSvc: onUnbind: Intent { act=com.google.android.gms.icing.LIGHTWEIGHT_INDEX_SERVICE dat=chimera-action: cmp=com.google.android.gms/.chimera.PersistentApiService }
07-02 19:36:25.045  1253  1253 I GoogSensorSync: GoogSensorSync 67 Sensor sync camera ID: 2
07-02 19:36:25.046  1253  1253 I GoogSensorSync: GetSensorHandle 109 handle for 2 is found.
07-02 19:36:25.047  1275  1275 I sensors-hal: batch_physical_sensor:285, com.google.sensor.camera_vsync/11055, period=5000000, max_latency=0
07-02 19:36:25.047  1275  1275 I sensors-hal: batch_physical_sensor:296, com.google.sensor.camera_vsync/11055, period=5000000, max_latency=0 request completed
07-02 19:36:25.047  1275  1275 I sensors-hal: activate_physical_sensor:220, com.google.sensor.camera_vsync/11055 en=1
07-02 19:36:25.048  1275  1275 I sensors-hal: get_qmi_debug_flag:245, support_qmi_debug : false
07-02 19:36:25.048  1275  1275 I sensors-hal: activate_physical_sensor:233, com.google.sensor.camera_vsync/11055 en=1 completed
07-02 19:36:25.048  1253  1253 I CHIUSECASE: Build: building a session with pipeline for camera id 1
07-02 19:36:25.048  1253  1253 I CHIUSECASE: Build: building a session with pipeline for camera id 2
07-02 19:36:25.070  1253  1253 I GoogSensorSync: GoogSensorSync 67 Sensor sync camera ID: 1
07-02 19:36:25.071  1253  1253 I GoogSensorSync: GetSensorHandle 109 handle for 1 is found.
07-02 19:36:25.074  1253  1253 I GoogSensorSync: GoogSensorSync 67 Sensor sync camera ID: 2
07-02 19:36:25.075  1253  1253 I GoogSensorSync: GetSensorHandle 109 handle for 2 is found.
07-02 19:36:25.076  1253  1253 I CHIUSECASE: UpdateBufferManagementSupportVersion: ANDROID_INFO_SUPPORTED_BUFFER_MANAGEMENT_VERSION = 0
07-02 19:36:25.076  1253  1253 I CHIUSECASE: InitializeStreamBufferCacheManager: Creating stream buffer cache manager for stream 0x6ff1906638.
07-02 19:36:25.076  1253  1253 I CHIUSECASE: StreamBufferCache: reserved buffer will be allocated during signaled stream configured. 
07-02 19:36:25.078  1253  1253 I CHIUSECASE: StreamBufferCache: StreamBufferCache successfully created for stream 0x6ff1906638 capacity 1
07-02 19:36:25.078  1253  1253 D CHIUSECASE: Create: Initialized Google use case successfully.
07-02 19:36:25.079  1484 10548 D Camera3-Device: Set real time priority for request queue thread (tid 10548)
07-02 19:36:25.081  1253  1253 I CHIUSECASE: UpdateBufferManagementSupportVersion: ANDROID_INFO_SUPPORTED_BUFFER_MANAGEMENT_VERSION = 0
07-02 19:36:25.081  1253  1253 I CHIUSECASE: SignalStreamConfigured: StreamBufferCacheManager allocated reserved buffer for stream 0x6ff1906638.
07-02 19:36:25.081  1253  1253 I CHIUSECASE: ExecuteCaptureRequest: stream 0x6ff1906638 first request arrived. Signal for stream configuration complete.
07-02 19:36:25.081  1253  1253 I CHIUSECASE: SubmitRequest: ActivatePipeline camera id 1
07-02 19:36:25.092  1275 10592 I sensors-hal: handle_indication_realtime:456,  SCHED_FIFO(10) for qmi_cbk
07-02 19:36:25.134  1253  1253 D CHIUSECASE: ModifyPipelineRequest: First request with preview intent. ZSL starts.
07-02 19:36:25.139  1253  2025 D CamX    : [DEBUG][STATS  ] camxae.cpp:2297 AECLoadTuning() load tuning(cameraID,SensorMode,Usecase)=(1,0,0),opMode=2, name:IMX355 Full
07-02 19:36:25.177  1253 10573 I libgcam : [viewfinder.cc:80]: Smart Metering: Invalidating background AE results (15196.911 seconds old).
07-02 19:36:25.178  1253 10575 I libgcam : [viewfinder.cc:80]: Smart Metering: Invalidating background AE results (15196.911 seconds old).
07-02 19:36:25.260  1253  2027 E android.hardware.camera.provider@2.4-service_64: Failed to obtain metadata value of lens_vcm_position for frame 1 because data pointer is null.
07-02 19:36:25.260  1253  2027 E goog_warping: Cannot get per-frame metadata.
07-02 19:36:25.292  1253  2030 I CHIUSECASE: UpdateResultAndInflightRequests: all inflight requests have been processed. Notify stream buffer cache manager to flush.
07-02 19:36:25.293  1253 10597 I CHIUSECASE: RefillReturnThreadLoop: StreamBufferCacheManager flushed SBC for stream 0x6ff1906638.
07-02 19:36:25.392 10600 10600 D ProcessState: Binder ioctl to enable oneway spam detection failed: Invalid argument
07-02 19:36:25.669 10616 10616 D ProcessState: Binder ioctl to enable oneway spam detection failed: Invalid argument
07-02 19:36:25.672  1864  2530 I ActivityManager: Background started FGS: Allowed [callingPackage: com.android.shell; callingUid: 2000; uidState: NONE; intent: Intent { cmp=com.example.batterymanager_utility/.DataCollectionService (has extras) }; code:SYSTEM_UID; tempAllowListReason:<,reasonCode:SYSTEM_ALLOW_LISTED,duration:9223372036854775807,callingUid:-1>; targetSdkVersion:33; callerTargetSdkVersion:-1; startForegroundCount:0; bindFromPackage:null]
07-02 19:36:25.679 10471 10471 I BatteryMgr:DataCollectionService: onStartCommand: begin
07-02 19:36:25.679 10471 10471 I BatteryMgr:DataCollectionService: onStartCommand: sampleRate => 1000
07-02 19:36:25.680 10471 10471 I BatteryMgr:DataCollectionService: onStartCommand: rawFields => Timestamp,BATTERY_PROPERTY_CURRENT_NOW,EXTRA_VOLTAGE
07-02 19:36:25.680 10471 10471 I BatteryMgr:DataCollectionService: onStartCommand: notification done
07-02 19:36:25.682 10471 10471 I BatteryMgr:DataCollectionService: started foreground
07-02 19:36:25.690 10471 10619 I BatteryMgr:DataCollectionService: collectData: begin
07-02 19:36:25.693 10471 10619 I BatteryMgr:DataCollectionService: stats => 1688319385693,690625,4333
07-02 19:36:25.740  1864  2354 D ConnectivityService: NetReassign [no changes] [c 1] [a 0] [i 1]
07-02 19:36:25.740 10471 10625 D ProfileInstaller: Installing profile for com.example.batterymanager_utility
07-02 19:36:26.140  1864  4065 W ActivityManager: stopServiceToken startId 56 is last, but have 1 remaining args
07-02 19:36:26.678  1494  1494 I EaselThermalMonitor: Cooling Device: mnh cur_state 0 max_state 4
07-02 19:36:26.678  1494  1494 I EaselThermalMonitor: Cooling Device: mnh cur_state 0 max_state 4
07-02 19:36:26.701 10471 10619 I BatteryMgr:DataCollectionService: stats => 1688319386700,519687,4333
07-02 19:36:27.708 10471 10619 I BatteryMgr:DataCollectionService: stats => 1688319387707,488750,4333
07-02 19:36:28.123  4101  4101 D BoundBrokerSvc: onUnbind: Intent { act=com.google.android.gms.udc.service.START dat=chimera-action: cmp=com.google.android.gms/.chimera.PersistentApiService }
07-02 19:36:28.679  1494  1494 I EaselThermalMonitor: Cooling Device: mnh cur_state 0 max_state 4
07-02 19:36:28.680  1494  1494 I EaselThermalMonitor: Cooling Device: mnh cur_state 0 max_state 4
07-02 19:36:28.715 10471 10619 I BatteryMgr:DataCollectionService: stats => 1688319388715,439687,4333
07-02 19:36:28.760  1864  2354 D ConnectivityService: NetReassign [no changes] [c 0] [a 1] [i 3]
07-02 19:36:29.552  1253  2027 W libgcam : [ae.cc:778]: RunAe: No similar examples during short AE!
07-02 19:36:29.552  1253 10629 W libgcam : [ae.cc:778]: RunAe: No similar examples during long AE!
07-02 19:36:29.553  1253  2027 I libgcam : [fast_ae_lib.cc:370]: Resetting motion metering for sensor 1: time since last stats image = 8990.26 sec
07-02 19:36:29.655  1253  2025 E android.hardware.camera.provider@2.4-service_64: Failed to obtain metadata value of lens_vcm_position for frame 2 because data pointer is null.
07-02 19:36:29.655  1253  2025 E goog_warping: Cannot get per-frame metadata.
07-02 19:36:29.656  1253  2027 I CHIUSECASE: operator(): stream buffer cache notifies the manager for refilling
07-02 19:36:29.670  1253  2027 I CHIUSECASE: GetBuffer: StreamBufferCache for stream 0x6ff1906638 refilled before time out.
07-02 19:36:29.676  1494  1524 I EaselThermalMonitor: (Low) mnh_cpu: 39.27, mnh_ipu1: 37.60, mnh_ipu2: 36.61, mnh_lpddr: 36.91
07-02 19:36:29.676  1494  1524 I EaselThermalMonitor: Cooling Device: mnh cur_state 0 max_state 4
07-02 19:36:29.694  1253  2030 I CHIUSECASE: UpdateResultAndInflightRequests: all inflight requests have been processed. Notify stream buffer cache manager to flush.
07-02 19:36:29.694  1253 10597 I CHIUSECASE: RefillReturnThreadLoop: StreamBufferCacheManager flushed SBC for stream 0x6ff1906638.
07-02 19:36:29.721 10471 10619 I BatteryMgr:DataCollectionService: stats => 1688319389721,770625,4333
07-02 19:36:30.680  1494  1494 I EaselThermalMonitor: Cooling Device: mnh cur_state 0 max_state 4
07-02 19:36:30.680  1494  1494 I EaselThermalMonitor: Cooling Device: mnh cur_state 0 max_state 4
07-02 19:36:30.729 10471 10619 I BatteryMgr:DataCollectionService: stats => 1688319390729,518125,4333
07-02 19:36:31.736 10471 10619 I BatteryMgr:DataCollectionService: stats => 1688319391736,462187,4333
07-02 19:36:31.774  1864  2354 D ConnectivityService: NetReassign [no changes] [c 1] [a 0] [i 3]
07-02 19:36:31.999  4101  4101 D BoundBrokerSvc: onUnbind: Intent { act=com.google.android.gms.phenotype.service.START pkg=com.google.android.gms }
07-02 19:36:32.000  1864  4065 W ProcessStats: Tracking association SourceState{f4a1850 system/1000 BTopFgs #40747} whose proc state 2 is better than process ProcessState{3d4ea49 com.google.android.gms.persistent/10125 pkg=com.google.android.gms (sub)} proc state 3 (153 skipped)
07-02 19:36:32.681  1494  1494 I EaselThermalMonitor: Cooling Device: mnh cur_state 0 max_state 4
07-02 19:36:32.682  1494  1494 I EaselThermalMonitor: Cooling Device: mnh cur_state 0 max_state 4
07-02 19:36:32.744 10471 10619 I BatteryMgr:DataCollectionService: stats => 1688319392744,433437,4333
07-02 19:36:33.751 10471 10619 I BatteryMgr:DataCollectionService: stats => 1688319393751,428750,4333
07-02 19:36:34.532  1253 10630 W libgcam : [ae.cc:778]: RunAe: No similar examples during long AE!
07-02 19:36:34.532  1253  2028 W libgcam : [ae.cc:778]: RunAe: No similar examples during short AE!
07-02 19:36:34.534  1253  2028 I libgcam : [fast_ae_lib.cc:370]: Resetting motion metering for sensor 1: time since last stats image = 4.98049 sec
07-02 19:36:34.650  1253  2027 E android.hardware.camera.provider@2.4-service_64: Failed to obtain metadata value of lens_vcm_position for frame 3 because data pointer is null.
07-02 19:36:34.651  1253  2027 E goog_warping: Cannot get per-frame metadata.
07-02 19:36:34.651  1253  2025 I CHIUSECASE: operator(): stream buffer cache notifies the manager for refilling
07-02 19:36:34.652  1253  2025 I CHIUSECASE: GetBuffer: StreamBufferCache for stream 0x6ff1906638 refilled before time out.
07-02 19:36:34.676  1253  2030 I CHIUSECASE: UpdateResultAndInflightRequests: all inflight requests have been processed. Notify stream buffer cache manager to flush.
07-02 19:36:34.677  1253 10597 I CHIUSECASE: RefillReturnThreadLoop: StreamBufferCacheManager flushed SBC for stream 0x6ff1906638.
07-02 19:36:34.682  1494  1524 I EaselThermalMonitor: (Low) mnh_cpu: 40.11, mnh_ipu1: 38.24, mnh_ipu2: 37.25, mnh_lpddr: 38.15
07-02 19:36:34.683  1494  1524 I EaselThermalMonitor: Cooling Device: mnh cur_state 0 max_state 4
07-02 19:36:34.683  1494  1494 I EaselThermalMonitor: Cooling Device: mnh cur_state 0 max_state 4
07-02 19:36:34.683  1494  1494 I EaselThermalMonitor: Cooling Device: mnh cur_state 0 max_state 4
07-02 19:36:34.757 10471 10619 I BatteryMgr:DataCollectionService: stats => 1688319394757,508437,4333
07-02 19:36:34.794  1864  2354 D ConnectivityService: NetReassign [no changes] [c 1] [a 0] [i 3]
07-02 19:36:35.764 10471 10619 I BatteryMgr:DataCollectionService: stats => 1688319395764,565625,4333
07-02 19:36:35.815  4082  4082 D BoundBrokerSvc: onUnbind: Intent { act=com.google.android.gms.inappreach.service.START dat=chimera-action: cmp=com.google.android.gms/.chimera.GmsApiService }
07-02 19:36:35.894  1864  1864 W NotificationHistory: Attempted to add notif for locked/gone/disabled user 0
07-02 19:36:35.908  2439  2439 D InterruptionStateProvider: No bubble up: not allowed to bubble: 0|com.example.batterymanager_utility|1|null|10232
07-02 19:36:35.908  2439  2439 D InterruptionStateProvider: No heads up: unimportant notification: 0|com.example.batterymanager_utility|1|null|10232
07-02 19:36:35.908  2439  2485 D PeopleSpaceWidgetMgr: Sbn doesn't contain valid PeopleTileKey: null/0/com.example.batterymanager_utility
07-02 19:36:35.914  3568  4435 W AiAiEcho: SmartspaceNotificationPredictor no parser can handle this notification or notification is invalid
07-02 19:36:35.961  1490  1616 D NuPlayerDriver: NuPlayerDriver(0xebf40d30) created, clientPid(2439)
07-02 19:36:35.967  4101 10452 I NetworkScheduler.Stats: (REDACTED) Task %s/%s started execution. cause:%s exec_start_elapsed_seconds: %s
07-02 19:36:35.973  4101 10451 I NetworkScheduler.Stats: (REDACTED) Task %s/%s finished executing. cause:%s result: %s elapsed_millis: %s uptime_millis: %s exec_start_elapsed_seconds: %s
07-02 19:36:35.989  8555  8555 I Finsky  : [2] ywt.onStartJob(4): SCH: job service start with id 9136.
07-02 19:36:36.068  1490 10636 D GenericSource: FileSource remote
07-02 19:36:36.110  8555  8626 I Finsky  : [75] zhz.a(118): SCH: Satisfied jobs for 9136 are: 12-1
07-02 19:36:36.142  1864  2530 I MediaFocusControl: requestAudioFocus() from uid/pid 10195/2439 AA=USAGE_NOTIFICATION/CONTENT_TYPE_SONIFICATION clientId=android.media.AudioManager@22c77ab callingPack=com.android.systemui req=3 flags=0x0 sdk=31
07-02 19:36:36.142  1864  2530 I AudioService.FadeOutManager: unfadeOutUid() uid:10195
07-02 19:36:36.150  8555 10637 I Finsky  : [158] yvu.accept(68): SCH: Job 12-1 starting
07-02 19:36:36.156  8555  8555 I Finsky  : [2] ContentSyncJob.v(3): [ContentSync] job started
07-02 19:36:36.457  8555 10639 W Finsky  : [159] vqd.q(68): Package com.android.apex.cts.shim not installed
07-02 19:36:36.460  8555 10639 W Finsky  : [159] vqd.q(68): Package com.android.i18n not installed
07-02 19:36:36.467  8555 10639 W Finsky  : [159] vqd.q(68): Package com.google.android.runtime not installed
07-02 19:36:36.469  8555 10639 W Finsky  : [159] vqd.q(68): Package com.google.android.telephony not installed
07-02 19:36:36.471  8555 10639 W Finsky  : [159] vqd.q(68): Package com.google.android.vndk.v31 not installed
07-02 19:36:36.645  1490 10635 I GenericSource: start
07-02 19:36:36.646  2439  2439 D MediaRouter: onRestoreRoute() : route=RouteInfo{ name=Phone, description=null, status=null, category=RouteCategory{ name=System types=ROUTE_TYPE_LIVE_AUDIO ROUTE_TYPE_LIVE_VIDEO  groupable=false }, supportedTypes=ROUTE_TYPE_LIVE_AUDIO ROUTE_TYPE_LIVE_VIDEO , presentationDisplay=null }
07-02 19:36:36.646  2439  2439 V MediaRouter: Selecting route: RouteInfo{ name=Phone, description=null, status=null, category=RouteCategory{ name=System types=ROUTE_TYPE_LIVE_AUDIO ROUTE_TYPE_LIVE_VIDEO  groupable=false }, supportedTypes=ROUTE_TYPE_LIVE_AUDIO ROUTE_TYPE_LIVE_VIDEO , presentationDisplay=null }
07-02 19:36:36.666  1490 10643 D CCodec  : allocate(c2.android.vorbis.decoder)
07-02 19:36:36.668  1490 10643 I CCodec  : setting up 'default' as default (vendor) store
07-02 19:36:36.679  1509  2515 V C2Store : in init
07-02 19:36:36.679  1509  2515 V C2Store : loading dll
07-02 19:36:36.683  1494  1494 I EaselThermalMonitor: Cooling Device: mnh cur_state 0 max_state 4
07-02 19:36:36.683  1494  1494 I EaselThermalMonitor: Cooling Device: mnh cur_state 0 max_state 4
07-02 19:36:36.701  1490 10643 I CCodec  : Created component [c2.android.vorbis.decoder]
07-02 19:36:36.702  1490 10643 D CCodecConfig: read media type: audio/vorbis
07-02 19:36:36.705  1490 10643 D ReflectedParamUpdater: extent() != 1 for single value type: algo.buffers.max-count.values
07-02 19:36:36.706  1490 10643 D ReflectedParamUpdater: extent() != 1 for single value type: output.subscribed-indices.values
07-02 19:36:36.706  1490 10643 D ReflectedParamUpdater: extent() != 1 for single value type: input.buffers.allocator-ids.values
07-02 19:36:36.706  1490 10643 D ReflectedParamUpdater: extent() != 1 for single value type: output.buffers.allocator-ids.values
07-02 19:36:36.706  1490 10643 D ReflectedParamUpdater: extent() != 1 for single value type: algo.buffers.allocator-ids.values
07-02 19:36:36.706  1490 10643 D ReflectedParamUpdater: extent() != 1 for single value type: output.buffers.pool-ids.values
07-02 19:36:36.707  1490 10643 D ReflectedParamUpdater: extent() != 1 for single value type: algo.buffers.pool-ids.values
07-02 19:36:36.712  1490 10643 I CCodecConfig: query failed after returning 7 values (BAD_INDEX)
07-02 19:36:36.715  1490 10643 D CCodecConfig: c2 config diff is Dict {
07-02 19:36:36.715  1490 10643 D CCodecConfig:   c2::u32 coded.bitrate.value = 64000
07-02 19:36:36.715  1490 10643 D CCodecConfig:   c2::u32 input.buffers.max-size.value = 32768
07-02 19:36:36.715  1490 10643 D CCodecConfig:   c2::u32 input.delay.value = 0
07-02 19:36:36.715  1490 10643 D CCodecConfig:   string input.media-type.value = "audio/vorbis"
07-02 19:36:36.715  1490 10643 D CCodecConfig:   string output.media-type.value = "audio/raw"
07-02 19:36:36.715  1490 10643 D CCodecConfig:   c2::u32 raw.channel-count.value = 1
07-02 19:36:36.715  1490 10643 D CCodecConfig:   c2::u32 raw.sample-rate.value = 48000
07-02 19:36:36.715  1490 10643 D CCodecConfig: }
07-02 19:36:36.716  1490 10643 D CCodec  : [c2.android.vorbis.decoder] buffers are bound to CCodec for this session
07-02 19:36:36.716  1490 10643 D CCodecConfig: no c2 equivalents for durationUs
07-02 19:36:36.716  1490 10643 D CCodecConfig: no c2 equivalents for csd-1
07-02 19:36:36.716  1490 10643 D CCodecConfig: no c2 equivalents for channel-mask
07-02 19:36:36.717  1490 10643 D CCodecConfig: no c2 equivalents for flags
07-02 19:36:36.718  1490 10643 D CCodecConfig: c2 config diff is   c2::u32 coded.bitrate.value = 120000
07-02 19:36:36.719  1490 10643 W Codec2Client: query -- param skipped: index = 1107298332.
07-02 19:36:36.719  1490 10643 D CCodec  : setup formats input: AMessage(what = 0x00000000) = {
07-02 19:36:36.719  1490 10643 D CCodec  :   int32_t bitrate = 120000
07-02 19:36:36.719  1490 10643 D CCodec  :   int32_t channel-count = 1
07-02 19:36:36.719  1490 10643 D CCodec  :   int32_t max-input-size = 32768
07-02 19:36:36.719  1490 10643 D CCodec  :   string mime = "audio/vorbis"
07-02 19:36:36.719  1490 10643 D CCodec  :   int32_t sample-rate = 48000
07-02 19:36:36.719  1490 10643 D CCodec  : }
07-02 19:36:36.719  1490 10643 D CCodec  : setup formats output: AMessage(what = 0x00000000) = {
07-02 19:36:36.719  1490 10643 D CCodec  :   int32_t channel-count = 1
07-02 19:36:36.719  1490 10643 D CCodec  :   string mime = "audio/raw"
07-02 19:36:36.719  1490 10643 D CCodec  :   int32_t sample-rate = 48000
07-02 19:36:36.719  1490 10643 D CCodec  :   int32_t channel-mask = 1
07-02 19:36:36.719  1490 10643 D CCodec  : }
07-02 19:36:36.719  1490 10643 I CCodecConfig: query failed after returning 7 values (BAD_INDEX)
07-02 19:36:36.721  1490 10643 I MediaCodec: MediaCodec will operate in async mode
07-02 19:36:36.722  1490 10642 D MediaCodec: keep callback message for reclaim
07-02 19:36:36.723  1490 10643 W Codec2Client: query -- param skipped: index = 1342179345.
07-02 19:36:36.723  1490 10643 W Codec2Client: query -- param skipped: index = 2415921170.
07-02 19:36:36.729  8555  8626 I Finsky  : [75] juc.i(1): Completed 0 account content syncs with 0 successful.
07-02 19:36:36.730  8555  8555 I Finsky  : [2] ContentSyncJob.a(1): [ContentSync] Installation state replication succeeded.
07-02 19:36:36.730  8555  8555 I Finsky  : [2] yvh.r(4): SCH: jobFinished: 12-1. TimeElapsed: 577ms.
07-02 19:36:36.732  1490 10643 D CCodecBufferChannel: [c2.android.vorbis.decoder#253] Created input block pool with allocatorID 16 => poolID 77 - OK (0)
07-02 19:36:36.732  1509  2515 D BufferPoolAccessor2.0: bufferpool2 0x7163c94248 : 0(0 size) total buffers - 0(0 size) used buffers - 128/131 (recycle/alloc) - 3/130 (fetch/transfer)
07-02 19:36:36.733  1509  2515 D BufferPoolAccessor2.0: Destruction - bufferpool2 0x7163c94248 cached: 0/0M, 0/0% in use; allocs: 131, 98% recycled; transfers: 130, 98% unfetched
07-02 19:36:36.735  1490 16892 D BufferPoolAccessor2.0: bufferpool2 0xe7e42e48 : 0(0 size) total buffers - 0(0 size) used buffers - 128/136 (recycle/alloc) - 8/266 (fetch/transfer)
07-02 19:36:36.735  1490 16892 D BufferPoolAccessor2.0: Destruction - bufferpool2 0xe7e42e48 cached: 0/0M, 0/0% in use; allocs: 136, 94% recycled; transfers: 266, 97% unfetched
07-02 19:36:36.736  1490 10643 I CCodecBufferChannel: [c2.android.vorbis.decoder#253] Created output block pool with allocatorID 16 => poolID 89 - OK
07-02 19:36:36.737  1490 10643 D CCodecBufferChannel: [c2.android.vorbis.decoder#253] Configured output block pool ids 89 => OK
07-02 19:36:36.747  1509 10644 D SimpleC2Component: Using output block pool with poolID 89 => got 89 - 0
07-02 19:36:36.749  8555  8632 I Finsky  : [81] yct.accept(36): SCH: Scheduling phonesky job Id: 1-1337, CT: 1688300629024, Constraints: [{ L: 36553718, D: 79753718, C: 1, I: 1, N: 1 }]
07-02 19:36:36.759  8555  8637 I Finsky  : [86] yeu.apply(14): SCH: Scheduling 1 system job(s)
07-02 19:36:36.760  8555  8637 I Finsky  : [86] yvf.d(19): SCH: Scheduling system job Id: 9143, L: 17785983, D: 60985983, C: false, I: false, N: 1
07-02 19:36:36.767  1317  1599 D AudioFlinger: Client defaulted notificationFrames to 12000 for frameCount 24000
07-02 19:36:36.768  1317  1599 D AF::TrackHandle: OpPlayAudio: track:123 usage:5 not muted
07-02 19:36:36.769 10471 10619 I BatteryMgr:DataCollectionService: stats => 1688319396769,671875,4333
07-02 19:36:36.770  8555 10637 I Finsky  : [158] ywt.a(16): SCH: job service finished with id 9136.
07-02 19:36:36.805  1250 21108 I EffectsFactory: EffectCreate() create_effect
07-02 19:36:36.852  1250 21108 D audio_hw_primary: out_set_parameters: enter: usecase(1: low-latency-playback) kvpairs: routing=4194304
07-02 19:36:36.864  1250  3496 D audio_hw_primary: select_devices_with_force_switch: changing use case low-latency-playback output device from(2: speaker, acdb 513) to (4: speaker-safe, acdb 514)
07-02 19:36:36.866  1250  3496 D audio_route: Apply path: speaker-safe
07-02 19:36:36.867  1250  3496 D audio_hw_primary: enable_snd_device: snd_device(104: vi-feedback)
07-02 19:36:36.867  1250  3496 D audio_route: Apply path: vi-feedback
07-02 19:36:36.867  1250  3496 E audio_hw_utils: audio_extn_utils_send_app_type_cfg: Failed to derive app_type for uc type : 0x1
07-02 19:36:36.868  1250  3496 D ACDB-LOADER: ACDB -> send_audio_cal, acdb_id = 512, path = 1, app id = 0x11132, sample rate = 48000
07-02 19:36:36.868  1250  3496 D ACDB-LOADER: ACDB -> send_asm_topology
07-02 19:36:36.868  1250  3496 D ACDB-LOADER: ACDB -> ACDB_CMD_GET_AUDPROC_STREAM_TOPOLOGY_ID
07-02 19:36:36.868  1250  3496 D ACDB-LOADER: ACDB -> send_adm_topology
07-02 19:36:36.868  1250  3496 D ACDB-LOADER: ACDB -> ACDB_CMD_GET_AUDPROC_COMMON_TOPOLOGY_ID
07-02 19:36:36.868  1250  3496 D ACDB-LOADER: ACDB -> send_audtable
07-02 19:36:36.868  1250  3496 D ACDB-LOADER: ACDB -> ACDB_CMD_GET_AUDPROC_COMMON_TABLE_SIZE
07-02 19:36:36.868  1250  3496 D ACDB-LOADER: ACDB -> ACDB_CMD_GET_AUDPROC_COMMON_TABLE
07-02 19:36:36.868  1250  3496 D ACDB-LOADER: ACDB -> AUDIO_SET_AUDPROC_CAL
07-02 19:36:36.868  1250  3496 D ACDB-LOADER: ACDB -> send_audvoltable
07-02 19:36:36.868  1250  3496 D ACDB-LOADER: ACDB -> ACDB_CMD_GET_AUDPROC_VOL_STEP_TABLE_SIZE
07-02 19:36:36.868  1250  3496 D ACDB-LOADER: ACDB -> ACDB_CMD_GET_AUDPROC_GAIN_DEP_STEP_TABLE, vol index 0
07-02 19:36:36.869  1250  3496 D android.hardware.audio.service: Failed to fetch the lookup information of the device 00000200 
07-02 19:36:36.869  1250  3496 E ACDB-LOADER: Error: ACDB AudProc vol returned = -19
07-02 19:36:36.869  1250  3496 D ACDB-LOADER: ACDB -> AUDIO_SET_VOL_CAL cal type = 12
07-02 19:36:36.869  1250  3496 D ACDB-LOADER: ACDB -> ACDB_CMD_GET_AUDPROC_STREAM_TABLE_SIZE
07-02 19:36:36.869  1250  3496 D ACDB-LOADER: ACDB -> send_audstrmtable
07-02 19:36:36.869  1250  3496 D ACDB-LOADER: ACDB -> ACDB_CMD_GET_AUDPROC_STREAM_TABLE_V2
07-02 19:36:36.869  1250  3496 D ACDB-LOADER: ACDB -> audstrm_cal->cal_type.cal_data.cal_size = 16
07-02 19:36:36.869  1250  3496 D ACDB-LOADER: ACDB -> send_afe_topology
07-02 19:36:36.869  1250  3496 D ACDB-LOADER: ACDB -> ACDB_CMD_GET_AFE_TOPOLOGY_ID
07-02 19:36:36.869  1250  3496 D ACDB-LOADER: ACDB -> GET_AFE_TOPOLOGY_ID for adcd_id 512, Topology Id 10001ccc
07-02 19:36:36.869  1250  3496 D ACDB-LOADER: ACDB -> send_afe_cal
07-02 19:36:36.869  1250  3496 D ACDB-LOADER: ACDB -> ACDB_CMD_GET_AFE_COMMON_TABLE_SIZE
07-02 19:36:36.869  1250  3496 D ACDB-LOADER: ACDB -> ACDB_CMD_GET_AFE_COMMON_TABLE
07-02 19:36:36.869  1250  3496 D ACDB-LOADER: ACDB -> AUDIO_SET_AFE_CAL
07-02 19:36:36.869  1250  3496 D ACDB-LOADER: ACDB -> send_hw_delay : acdb_id = 512 path = 1
07-02 19:36:36.869  1250  3496 D ACDB-LOADER: ACDB -> ACDB_AVSYNC_INFO: ACDB_CMD_GET_DEVICE_PROPERTY
07-02 19:36:36.869  1250  3496 D audio_hw_primary: enable_audio_route: usecase(25) apply and update mixer path: spkr-vi-record vi-feedback
07-02 19:36:36.869  1250  3496 D audio_route: Apply path: spkr-vi-record vi-feedback
07-02 19:36:36.912  1250  3496 D msm8974_platform: Setting audio calibration for snd_device(4) acdb_id(514)
07-02 19:36:36.912  1250  3496 E ACDB-LOADER: [acdb_loader_adsp_set_audio_cal] active device/stream not found (result=-100) for topology 0x1000dffb and apptype 0x11130
07-02 19:36:36.912  1250  3496 E ACDB-LOADER: [acdb_loader_adsp_set_audio_cal] set parameters failed with status -100
07-02 19:36:36.913  1250  3496 D msm8974_platform: Setting audio calibration for snd_device(4) acdb_id(514)
07-02 19:36:36.918  1250  3496 D audio_hw_waves: print_state_log: send volume table -(0,0.000000,F),(1,0.000000,F),(2,0.000000,F),(3,0.000000,F),(4,0.000000,F),(5,0.000000,T)
07-02 19:36:36.918  1250  3496 D ACDB-LOADER: ACDB -> send_audio_cal, acdb_id = 514, path = 0, app id = 0x11130, sample rate = 48000
07-02 19:36:36.918  1250  3496 D ACDB-LOADER: ACDB -> send_asm_topology
07-02 19:36:36.918  1250  3496 D ACDB-LOADER: ACDB -> ACDB_CMD_GET_AUDPROC_STREAM_TOPOLOGY_ID
07-02 19:36:36.918  1250  3496 D ACDB-LOADER: ACDB -> send_adm_topology
07-02 19:36:36.918  1250  3496 D ACDB-LOADER: ACDB -> ACDB_CMD_GET_AUDPROC_COMMON_TOPOLOGY_ID
07-02 19:36:36.919  1250  3496 D ACDB-LOADER: ACDB -> send_audtable
07-02 19:36:36.919  1250  3496 D ACDB-LOADER: ACDB -> ACDB_CMD_GET_AUDPROC_COMMON_TABLE_SIZE
07-02 19:36:36.919  1250  3496 D ACDB-LOADER: ACDB -> ACDB_CMD_GET_AUDPROC_COMMON_TABLE
07-02 19:36:36.919  1250  3496 D ACDB-LOADER: ACDB -> AUDIO_SET_AUDPROC_CAL
07-02 19:36:36.919  1250  3496 D ACDB-LOADER: ACDB -> send_audvoltable
07-02 19:36:36.919  1250  3496 D ACDB-LOADER: ACDB -> ACDB_CMD_GET_AUDPROC_VOL_STEP_TABLE_SIZE
07-02 19:36:36.919  1250  3496 D ACDB-LOADER: ACDB -> ACDB_CMD_GET_AUDPROC_GAIN_DEP_STEP_TABLE, vol index 0
07-02 19:36:36.919  1250  3496 D android.hardware.audio.service: Failed to fetch the lookup information of the device 00000202 
07-02 19:36:36.919  1250  3496 E ACDB-LOADER: Error: ACDB AudProc vol returned = -19
07-02 19:36:36.919  1250  3496 D ACDB-LOADER: ACDB -> AUDIO_SET_VOL_CAL cal type = 12
07-02 19:36:36.919  1250  3496 D ACDB-LOADER: ACDB -> ACDB_CMD_GET_AUDPROC_STREAM_TABLE_SIZE
07-02 19:36:36.919  1250  3496 D ACDB-LOADER: ACDB -> send_audstrmtable
07-02 19:36:36.919  1250  3496 D ACDB-LOADER: ACDB -> ACDB_CMD_GET_AUDPROC_STREAM_TABLE_V2
07-02 19:36:36.919  1250  3496 D ACDB-LOADER: ACDB -> audstrm_cal->cal_type.cal_data.cal_size = 456
07-02 19:36:36.919  1250  3496 D ACDB-LOADER: ACDB -> send_afe_topology
07-02 19:36:36.919  1250  3496 D ACDB-LOADER: ACDB -> ACDB_CMD_GET_AFE_TOPOLOGY_ID
07-02 19:36:36.919  1250  3496 D ACDB-LOADER: ACDB -> GET_AFE_TOPOLOGY_ID for adcd_id 514, Topology Id 10000ccc
07-02 19:36:36.919  1250  3496 D ACDB-LOADER: ACDB -> send_afe_cal
07-02 19:36:36.919  1250  3496 D ACDB-LOADER: ACDB -> ACDB_CMD_GET_AFE_COMMON_TABLE_SIZE
07-02 19:36:36.919  1250  3496 D ACDB-LOADER: ACDB -> ACDB_CMD_GET_AFE_COMMON_TABLE
07-02 19:36:36.919  1250  3496 D ACDB-LOADER: ACDB -> AUDIO_SET_AFE_CAL
07-02 19:36:36.919  1250  3496 D ACDB-LOADER: ACDB -> send_hw_delay : acdb_id = 514 path = 0
07-02 19:36:36.919  1250  3496 D ACDB-LOADER: ACDB -> ACDB_AVSYNC_INFO: ACDB_CMD_GET_DEVICE_PROPERTY
07-02 19:36:36.919  1250  3496 D audio_hw_primary: enable_audio_route: usecase(1) apply and update mixer path: low-latency-playback speaker
07-02 19:36:36.919  1250  3496 D audio_route: Apply path: low-latency-playback speaker
07-02 19:36:36.969  1250  3496 D audio_hw_primary: out_write: retry previous failed cal level set
07-02 19:36:36.990  1250  1362 D audio_hw_waves: print_state_log: send volume table -(0,0.000000,F),(1,0.000000,F),(2,0.000000,F),(3,0.000000,F),(4,0.000000,F),(5,0.302643,T)
07-02 19:36:37.776 10471 10619 I BatteryMgr:DataCollectionService: stats => 1688319397776,461250,4333
07-02 19:36:37.815  1864  2354 D ConnectivityService: NetReassign [no changes] [c 1] [a 0] [i 3]
07-02 19:36:38.205  1490 10643 D CCodecBufferChannel: [c2.android.vorbis.decoder#253] buffers after EOS ignored (0 us)
07-02 19:36:38.207  1490 10643 D CCodecBufferChannel: [c2.android.vorbis.decoder#253] buffers after EOS ignored (0 us)
07-02 19:36:38.209  1490 10641 D AudioTrack: stop(98): called with 76269 frames delivered
07-02 19:36:38.633  1864  4065 I MediaFocusControl: abandonAudioFocus() from uid/pid 10195/2439 clientId=android.media.AudioManager@22c77ab
07-02 19:36:38.633  2439 10633 V MediaPlayer: resetDrmState:  mDrmInfo=null mDrmProvisioningThread=null mPrepareDrmInProgress=false mActiveDrmScheme=false
07-02 19:36:38.634  2439 10633 V MediaPlayer: cleanDrmObj: mDrmObj=null mDrmSessionId=null
07-02 19:36:38.635  1490 13618 D NuPlayerDriver: reset(0xebf40d30) at state 6
07-02 19:36:38.641  1490 10643 I hw-BpHwBinder: onLastStrongRef automatically unlinking death recipients
07-02 19:36:38.642  1509  2515 I hw-BpHwBinder: onLastStrongRef automatically unlinking death recipients
07-02 19:36:38.642  1509  2515 I hw-BpHwBinder: onLastStrongRef automatically unlinking death recipients
07-02 19:36:38.643  1509  2515 V C2Store : in ~ComponentModule
07-02 19:36:38.643  1509  2515 V C2Store : unloading dll
07-02 19:36:38.648  1490 10635 D NuPlayerDriver: notifyResetComplete(0xebf40d30)
07-02 19:36:38.648  1490 13618 W AMessage: failed to post message as target looper for handler 0 is gone.
07-02 19:36:38.652  1250  1362 D audio_hw_waves: print_state_log: send volume table -(0,0.000000,F),(1,0.000000,F),(2,0.000000,F),(3,0.000000,F),(4,0.000000,F),(5,0.000000,F)
07-02 19:36:38.684  1494  1494 I EaselThermalMonitor: Cooling Device: mnh cur_state 0 max_state 4
07-02 19:36:38.685  1494  1494 I EaselThermalMonitor: Cooling Device: mnh cur_state 0 max_state 4
07-02 19:36:38.783 10471 10619 I BatteryMgr:DataCollectionService: stats => 1688319398783,571562,4333
07-02 19:36:39.541  1253  2029 W libgcam : [ae.cc:778]: RunAe: No similar examples during short AE!
07-02 19:36:39.541  1253 10646 W libgcam : [ae.cc:778]: RunAe: No similar examples during long AE!
07-02 19:36:39.543  1253  2029 I libgcam : [fast_ae_lib.cc:370]: Resetting motion metering for sensor 1: time since last stats image = 5.009 sec
07-02 19:36:39.648  1253  2026 E android.hardware.camera.provider@2.4-service_64: Failed to obtain metadata value of lens_vcm_position for frame 4 because data pointer is null.
07-02 19:36:39.648  1253  2026 E goog_warping: Cannot get per-frame metadata.
07-02 19:36:39.648  1253  2027 I CHIUSECASE: operator(): stream buffer cache notifies the manager for refilling
07-02 19:36:39.650  1253  2027 I CHIUSECASE: GetBuffer: StreamBufferCache for stream 0x6ff1906638 refilled before time out.
07-02 19:36:39.677  1253  2030 I CHIUSECASE: UpdateResultAndInflightRequests: all inflight requests have been processed. Notify stream buffer cache manager to flush.
07-02 19:36:39.677  1253 10597 I CHIUSECASE: RefillReturnThreadLoop: StreamBufferCacheManager flushed SBC for stream 0x6ff1906638.
07-02 19:36:39.689  1494  1524 I EaselThermalMonitor: (Low) mnh_cpu: 40.94, mnh_ipu1: 38.88, mnh_ipu2: 37.68, mnh_lpddr: 38.35
07-02 19:36:39.689  1494  1524 I EaselThermalMonitor: Cooling Device: mnh cur_state 0 max_state 4
07-02 19:36:39.790 10471 10619 I BatteryMgr:DataCollectionService: stats => 1688319399790,516875,4333
07-02 19:36:40.686  1494  1494 I EaselThermalMonitor: Cooling Device: mnh cur_state 0 max_state 4
