07-05 14:07:15.946 17495 17592 I BatteryMgr:DataCollectionService: stats => 1688558835946,-94,4055
07-05 14:07:15.963 17495 17592 I BatteryMgr:DataCollectionService: stats => 1688558835963,-94,4055
07-05 14:07:15.977 17495 17592 I BatteryMgr:DataCollectionService: stats => 1688558835977,-94,4055
07-05 14:07:15.990 17495 17592 I BatteryMgr:DataCollectionService: stats => 1688558835990,-94,4055
07-05 14:07:16.004 17495 17592 I BatteryMgr:DataCollectionService: stats => 1688558836004,-94,4055
07-05 14:07:16.017 17495 17592 I BatteryMgr:DataCollectionService: stats => 1688558836017,-94,4055
07-05 14:07:16.032 17495 17592 I BatteryMgr:DataCollectionService: stats => 1688558836032,-94,4055
07-05 14:07:16.048 17495 17592 I BatteryMgr:DataCollectionService: stats => 1688558836048,-94,4055
07-05 14:07:16.066 17495 17592 I BatteryMgr:DataCollectionService: stats => 1688558836065,-94,4055
07-05 14:07:16.082 17495 17592 I BatteryMgr:DataCollectionService: stats => 1688558836082,-94,4055
07-05 14:07:16.099 17495 17592 I BatteryMgr:DataCollectionService: stats => 1688558836099,-94,4055
07-05 14:07:16.115 17495 17592 I BatteryMgr:DataCollectionService: stats => 1688558836115,-94,4055
07-05 14:07:16.131 17495 17592 I BatteryMgr:DataCollectionService: stats => 1688558836131,-94,4055
07-05 14:07:16.148 17495 17592 I BatteryMgr:DataCollectionService: stats => 1688558836148,-94,4055
07-05 14:07:16.165 17495 17592 I BatteryMgr:DataCollectionService: stats => 1688558836165,-94,4055
07-05 14:07:16.181 17495 17592 I BatteryMgr:DataCollectionService: stats => 1688558836181,-94,4055
07-05 14:07:16.187  3960  4372 D BatteryService: !@BatteryListener : batteryPropertiesChanged!
07-05 14:07:16.188  3960  4372 D BatteryService: level:87, scale:100, status:3, health:2, present:true, voltage: 4086, temperature: 231, technology: Li-ion, AC powered:false, USB powered:false, POGO powered:false, Wireless powered:false, icon:17303820, invalid charger:0, maxChargingCurrent:0, maxChargingVoltage:0, chargeCounter:0
07-05 14:07:16.188  3960  4372 D BatteryService: online:1, current avg:-136, charge type:0, power sharing:false, high voltage charger:false, capacity:280000, batterySWSelfDischarging:false, misc_event:0, current_event:0, current_now:-94
07-05 14:07:16.188  3960  3960 D BatteryService: Sending ACTION_BATTERY_CHANGED.
07-05 14:07:16.192  3960  3960 D SamsungPhoneWindowManager: ACTION_BATTERY_CHANGED - Level :: 87, battStatus :: 3
07-05 14:07:16.192  3960  3960 I MotionRecognitionService: On Battery, 0
07-05 14:07:16.192  3960  3960 D MotionRecognitionService:   mCableConnection= 0
07-05 14:07:16.194  3960  3982 D UsbDeviceManager: handleMessage -> MSG_UPDATE_CHARGING_STATE = 0
07-05 14:07:16.197  4346  4346 D KeyguardUpdateMonitor: received broadcast android.intent.action.BATTERY_CHANGED
07-05 14:07:16.199  4346  4346 D BatteryController: onReceive-ACTION_BATTERY_CHANGED : mLevel=87, mBatteryStatus=3
07-05 14:07:16.204  4346  4346 D PowerUI : priorPlugType = 0 mPlugType =  0
07-05 14:07:16.208 17495 17592 I BatteryMgr:DataCollectionService: stats => 1688558836207,-94,4086
07-05 14:07:16.224 17495 17592 I BatteryMgr:DataCollectionService: stats => 1688558836224,-94,4086
07-05 14:07:16.240 17495 17592 I BatteryMgr:DataCollectionService: stats => 1688558836240,-94,4086
07-05 14:07:16.256 17495 17592 I BatteryMgr:DataCollectionService: stats => 1688558836256,-94,4086
07-05 14:07:16.274 17495 17592 I BatteryMgr:DataCollectionService: stats => 1688558836274,-94,4086
07-05 14:07:16.291 17495 17592 I BatteryMgr:DataCollectionService: stats => 1688558836291,-94,4086
07-05 14:07:16.308 17495 17592 I BatteryMgr:DataCollectionService: stats => 1688558836308,-94,4086
07-05 14:07:16.324 17495 17592 I BatteryMgr:DataCollectionService: stats => 1688558836324,-94,4086
07-05 14:07:16.341 17495 17592 I BatteryMgr:DataCollectionService: stats => 1688558836341,-94,4086
07-05 14:07:16.358 17495 17592 I BatteryMgr:DataCollectionService: stats => 1688558836358,-94,4086
07-05 14:07:16.375 17495 17592 I BatteryMgr:DataCollectionService: stats => 1688558836375,-94,4086
07-05 14:07:16.392 17495 17592 I BatteryMgr:DataCollectionService: stats => 1688558836392,-94,4086
07-05 14:07:16.408 17495 17592 I BatteryMgr:DataCollectionService: stats => 1688558836408,-94,4086
07-05 14:07:16.424 17495 17592 I BatteryMgr:DataCollectionService: stats => 1688558836424,-94,4086
07-05 14:07:16.441 17495 17592 I BatteryMgr:DataCollectionService: stats => 1688558836441,-94,4086
07-05 14:07:16.457 17495 17592 I BatteryMgr:DataCollectionService: stats => 1688558836457,-94,4086
07-05 14:07:16.474 17495 17592 I BatteryMgr:DataCollectionService: stats => 1688558836474,-94,4086
07-05 14:07:16.491 17495 17592 I BatteryMgr:DataCollectionService: stats => 1688558836491,-94,4086
07-05 14:07:16.507 17495 17592 I BatteryMgr:DataCollectionService: stats => 1688558836507,-94,4086
07-05 14:07:16.524 17495 17592 I BatteryMgr:DataCollectionService: stats => 1688558836524,-94,4086
07-05 14:07:16.541 17495 17592 I BatteryMgr:DataCollectionService: stats => 1688558836541,-94,4086
07-05 14:07:16.557 17495 17592 I BatteryMgr:DataCollectionService: stats => 1688558836557,-94,4086
07-05 14:07:16.574 17495 17592 I BatteryMgr:DataCollectionService: stats => 1688558836574,-94,4086
07-05 14:07:16.591 17495 17592 I BatteryMgr:DataCollectionService: stats => 1688558836591,-94,4086
07-05 14:07:16.602  3437  3437 I android.hardware.wifi@1.0-service: getLinkLayerStats
07-05 14:07:16.607 17495 17592 I BatteryMgr:DataCollectionService: stats => 1688558836607,-94,4086
07-05 14:07:16.624 17495 17592 I BatteryMgr:DataCollectionService: stats => 1688558836624,-94,4086
07-05 14:07:16.642 17495 17592 I BatteryMgr:DataCollectionService: stats => 1688558836642,-94,4086
07-05 14:07:16.658 17495 17592 I BatteryMgr:DataCollectionService: stats => 1688558836658,-94,4086
07-05 14:07:16.675 17495 17592 I BatteryMgr:DataCollectionService: stats => 1688558836675,-94,4086
07-05 14:07:16.691 17495 17592 I BatteryMgr:DataCollectionService: stats => 1688558836691,-94,4086
07-05 14:07:16.708 17495 17592 I BatteryMgr:DataCollectionService: stats => 1688558836708,-94,4086
07-05 14:07:16.724 17495 17592 I BatteryMgr:DataCollectionService: stats => 1688558836724,-94,4086
07-05 14:07:16.741 17495 17592 I BatteryMgr:DataCollectionService: stats => 1688558836741,-94,4086
07-05 14:07:16.757 17495 17592 I BatteryMgr:DataCollectionService: stats => 1688558836757,-94,4086
07-05 14:07:16.773 17495 17592 I BatteryMgr:DataCollectionService: stats => 1688558836773,-94,4086
07-05 14:07:16.788 17495 17592 I BatteryMgr:DataCollectionService: stats => 1688558836788,-94,4086
07-05 14:07:16.803 17495 17592 I BatteryMgr:DataCollectionService: stats => 1688558836803,-94,4086
07-05 14:07:16.818 17495 17592 I BatteryMgr:DataCollectionService: stats => 1688558836818,-94,4086
07-05 14:07:16.833 17495 17592 I BatteryMgr:DataCollectionService: stats => 1688558836833,-94,4086
07-05 14:07:16.848 17495 17592 I BatteryMgr:DataCollectionService: stats => 1688558836848,-94,4086
07-05 14:07:16.863 17495 17592 I BatteryMgr:DataCollectionService: stats => 1688558836863,-94,4086
07-05 14:07:16.878 17495 17592 I BatteryMgr:DataCollectionService: stats => 1688558836878,-94,4086
07-05 14:07:16.893 17495 17592 I BatteryMgr:DataCollectionService: stats => 1688558836893,-94,4086
07-05 14:07:16.910 17495 17592 I BatteryMgr:DataCollectionService: stats => 1688558836910,-94,4086
07-05 14:07:16.926 17495 17592 I BatteryMgr:DataCollectionService: stats => 1688558836926,-94,4086
07-05 14:07:16.942 17495 17592 I BatteryMgr:DataCollectionService: stats => 1688558836942,-94,4086
07-05 14:07:16.959 17495 17592 I BatteryMgr:DataCollectionService: stats => 1688558836959,-94,4086
07-05 14:07:16.975 17495 17592 I BatteryMgr:DataCollectionService: stats => 1688558836975,-94,4086
07-05 14:07:16.992 17495 17592 I BatteryMgr:DataCollectionService: stats => 1688558836992,-94,4086
07-05 14:07:17.009 17495 17592 I BatteryMgr:DataCollectionService: stats => 1688558837009,-94,4086
07-05 14:07:17.025 17495 17592 I BatteryMgr:DataCollectionService: stats => 1688558837025,-94,4086
07-05 14:07:17.042 17495 17592 I BatteryMgr:DataCollectionService: stats => 1688558837042,-94,4086
07-05 14:07:17.058 17495 17592 I BatteryMgr:DataCollectionService: stats => 1688558837058,-94,4086
07-05 14:07:17.076 17495 17592 I BatteryMgr:DataCollectionService: stats => 1688558837075,-94,4086
07-05 14:07:17.092 17495 17592 I BatteryMgr:DataCollectionService: stats => 1688558837092,-94,4086
07-05 14:07:17.109 17495 17592 I BatteryMgr:DataCollectionService: stats => 1688558837109,-94,4086
07-05 14:07:17.125 17495 17592 I BatteryMgr:DataCollectionService: stats => 1688558837125,-94,4086
07-05 14:07:17.143 17495 17592 I BatteryMgr:DataCollectionService: stats => 1688558837143,-94,4086
07-05 14:07:17.159 17495 17592 I BatteryMgr:DataCollectionService: stats => 1688558837159,-94,4086
07-05 14:07:17.176 17495 17592 I BatteryMgr:DataCollectionService: stats => 1688558837176,-94,4086
07-05 14:07:17.192 17495 17592 I BatteryMgr:DataCollectionService: stats => 1688558837192,-94,4086
07-05 14:07:17.209 17495 17592 I BatteryMgr:DataCollectionService: stats => 1688558837209,-94,4086
07-05 14:07:17.226 17495 17592 I BatteryMgr:DataCollectionService: stats => 1688558837226,-94,4086
07-05 14:07:17.242 17495 17592 I BatteryMgr:DataCollectionService: stats => 1688558837242,-94,4086
07-05 14:07:17.259 17495 17592 I BatteryMgr:DataCollectionService: stats => 1688558837259,-94,4086
07-05 14:07:17.276 17495 17592 I BatteryMgr:DataCollectionService: stats => 1688558837276,-94,4086
07-05 14:07:17.292 17495 17592 I BatteryMgr:DataCollectionService: stats => 1688558837292,-94,4086
07-05 14:07:17.309 17495 17592 I BatteryMgr:DataCollectionService: stats => 1688558837309,-94,4086
07-05 14:07:17.325 17495 17592 I BatteryMgr:DataCollectionService: stats => 1688558837325,-94,4086
07-05 14:07:17.342 17495 17592 I BatteryMgr:DataCollectionService: stats => 1688558837342,-94,4086
07-05 14:07:17.359 17495 17592 I BatteryMgr:DataCollectionService: stats => 1688558837359,-94,4086
07-05 14:07:17.375 17495 17592 I BatteryMgr:DataCollectionService: stats => 1688558837375,-94,4086
07-05 14:07:17.392 17495 17592 I BatteryMgr:DataCollectionService: stats => 1688558837392,-94,4086
07-05 14:07:17.409 17495 17592 I BatteryMgr:DataCollectionService: stats => 1688558837409,-94,4086
07-05 14:07:17.425 17495 17592 I BatteryMgr:DataCollectionService: stats => 1688558837425,-94,4086
07-05 14:07:17.442 17495 17592 I BatteryMgr:DataCollectionService: stats => 1688558837442,-94,4086
07-05 14:07:17.458 17495 17592 I BatteryMgr:DataCollectionService: stats => 1688558837458,-94,4086
07-05 14:07:17.475 17495 17592 I BatteryMgr:DataCollectionService: stats => 1688558837475,-94,4086
07-05 14:07:17.492 17495 17592 I BatteryMgr:DataCollectionService: stats => 1688558837492,-94,4086
07-05 14:07:17.509 17495 17592 I BatteryMgr:DataCollectionService: stats => 1688558837509,-94,4086
07-05 14:07:17.525 17495 17592 I BatteryMgr:DataCollectionService: stats => 1688558837525,-94,4086
07-05 14:07:17.541 17495 17592 I BatteryMgr:DataCollectionService: stats => 1688558837541,-94,4086
07-05 14:07:17.557 17495 17592 I BatteryMgr:DataCollectionService: stats => 1688558837557,-94,4086
07-05 14:07:17.573 17495 17592 I BatteryMgr:DataCollectionService: stats => 1688558837573,-94,4086
07-05 14:07:17.589 17495 17592 I BatteryMgr:DataCollectionService: stats => 1688558837589,-94,4086
07-05 14:07:17.606 17495 17592 I BatteryMgr:DataCollectionService: stats => 1688558837606,-94,4086
07-05 14:07:17.622 17495 17592 I BatteryMgr:DataCollectionService: stats => 1688558837622,-94,4086
07-05 14:07:17.639 17495 17592 I BatteryMgr:DataCollectionService: stats => 1688558837639,-94,4086
07-05 14:07:17.656 17495 17592 I BatteryMgr:DataCollectionService: stats => 1688558837655,-94,4086
07-05 14:07:17.672 17495 17592 I BatteryMgr:DataCollectionService: stats => 1688558837672,-94,4086
07-05 14:07:17.689 17495 17592 I BatteryMgr:DataCollectionService: stats => 1688558837689,-94,4086
07-05 14:07:17.705 17495 17592 I BatteryMgr:DataCollectionService: stats => 1688558837705,-94,4086
07-05 14:07:17.722 17495 17592 I BatteryMgr:DataCollectionService: stats => 1688558837722,-94,4086
07-05 14:07:17.739 17495 17592 I BatteryMgr:DataCollectionService: stats => 1688558837739,-94,4086
07-05 14:07:17.755 17495 17592 I BatteryMgr:DataCollectionService: stats => 1688558837755,-94,4086
07-05 14:07:17.772 17495 17592 I BatteryMgr:DataCollectionService: stats => 1688558837772,-94,4086
07-05 14:07:17.783  3960  6677 D SSRM:k  : SIOP:: AP = 250, PST = 245 (W:30), BAT = 231, USB = 0, CHG = 0
07-05 14:07:17.789 17495 17592 I BatteryMgr:DataCollectionService: stats => 1688558837789,-94,4086
07-05 14:07:17.806 17495 17592 I BatteryMgr:DataCollectionService: stats => 1688558837806,-94,4086
07-05 14:07:17.823 17495 17592 I BatteryMgr:DataCollectionService: stats => 1688558837823,-94,4086
07-05 14:07:17.839 17495 17592 I BatteryMgr:DataCollectionService: stats => 1688558837839,-94,4086
07-05 14:07:17.856 17495 17592 I BatteryMgr:DataCollectionService: stats => 1688558837856,-94,4086
07-05 14:07:17.873 17495 17592 I BatteryMgr:DataCollectionService: stats => 1688558837873,-94,4086
07-05 14:07:17.889 17495 17592 I BatteryMgr:DataCollectionService: stats => 1688558837889,-94,4086
07-05 14:07:17.906 17495 17592 I BatteryMgr:DataCollectionService: stats => 1688558837906,-94,4086
07-05 14:07:17.923 17495 17592 I BatteryMgr:DataCollectionService: stats => 1688558837923,-94,4086
07-05 14:07:17.940 17495 17592 I BatteryMgr:DataCollectionService: stats => 1688558837940,-94,4086
07-05 14:07:17.956 17495 17592 I BatteryMgr:DataCollectionService: stats => 1688558837956,-94,4086
07-05 14:07:17.973 17495 17592 I BatteryMgr:DataCollectionService: stats => 1688558837973,-94,4086
07-05 14:07:17.989 17495 17592 I BatteryMgr:DataCollectionService: stats => 1688558837989,-94,4086
07-05 14:07:18.006 17495 17592 I BatteryMgr:DataCollectionService: stats => 1688558838006,-94,4086
07-05 14:07:18.023 17495 17592 I BatteryMgr:DataCollectionService: stats => 1688558838023,-94,4086
07-05 14:07:18.039 17495 17592 I BatteryMgr:DataCollectionService: stats => 1688558838039,-94,4086
07-05 14:07:18.056 17495 17592 I BatteryMgr:DataCollectionService: stats => 1688558838056,-94,4086
07-05 14:07:18.073 17495 17592 I BatteryMgr:DataCollectionService: stats => 1688558838072,-94,4086
07-05 14:07:18.089 17495 17592 I BatteryMgr:DataCollectionService: stats => 1688558838089,-94,4086
07-05 14:07:18.106 17495 17592 I BatteryMgr:DataCollectionService: stats => 1688558838106,-94,4086
07-05 14:07:18.123 17495 17592 I BatteryMgr:DataCollectionService: stats => 1688558838123,-94,4086
07-05 14:07:18.139 17495 17592 I BatteryMgr:DataCollectionService: stats => 1688558838139,-94,4086
07-05 14:07:18.156 17495 17592 I BatteryMgr:DataCollectionService: stats => 1688558838156,-94,4086
07-05 14:07:18.172 17495 17592 I BatteryMgr:DataCollectionService: stats => 1688558838172,-94,4086
07-05 14:07:18.189 17495 17592 I BatteryMgr:DataCollectionService: stats => 1688558838189,-94,4086
07-05 14:07:18.206 17495 17592 I BatteryMgr:DataCollectionService: stats => 1688558838206,-94,4086
07-05 14:07:18.223 17495 17592 I BatteryMgr:DataCollectionService: stats => 1688558838223,-94,4086
07-05 14:07:18.239 17495 17592 I BatteryMgr:DataCollectionService: stats => 1688558838239,-94,4086
07-05 14:07:18.256 17495 17592 I BatteryMgr:DataCollectionService: stats => 1688558838256,-94,4086
07-05 14:07:18.272 17495 17592 I BatteryMgr:DataCollectionService: stats => 1688558838272,-94,4086
07-05 14:07:18.289 17495 17592 I BatteryMgr:DataCollectionService: stats => 1688558838289,-94,4086
07-05 14:07:18.306 17495 17592 I BatteryMgr:DataCollectionService: stats => 1688558838306,-94,4086
07-05 14:07:18.323 17495 17592 I BatteryMgr:DataCollectionService: stats => 1688558838322,-94,4086
07-05 14:07:18.339 17495 17592 I BatteryMgr:DataCollectionService: stats => 1688558838339,-94,4086
07-05 14:07:18.356 17495 17592 I BatteryMgr:DataCollectionService: stats => 1688558838356,-94,4086
07-05 14:07:18.373 17495 17592 I BatteryMgr:DataCollectionService: stats => 1688558838373,-94,4086
07-05 14:07:18.389 17495 17592 I BatteryMgr:DataCollectionService: stats => 1688558838389,-94,4086
07-05 14:07:18.406 17495 17592 I BatteryMgr:DataCollectionService: stats => 1688558838406,-94,4086
07-05 14:07:18.423 17495 17592 I BatteryMgr:DataCollectionService: stats => 1688558838423,-94,4086
07-05 14:07:18.439 17495 17592 I BatteryMgr:DataCollectionService: stats => 1688558838439,-94,4086
07-05 14:07:18.456 17495 17592 I BatteryMgr:DataCollectionService: stats => 1688558838456,-94,4086
07-05 14:07:18.472 17495 17592 I BatteryMgr:DataCollectionService: stats => 1688558838472,-94,4086
07-05 14:07:18.489 17495 17592 I BatteryMgr:DataCollectionService: stats => 1688558838489,-94,4086
07-05 14:07:18.506 17495 17592 I BatteryMgr:DataCollectionService: stats => 1688558838506,-94,4086
07-05 14:07:18.522 17495 17592 I BatteryMgr:DataCollectionService: stats => 1688558838522,-94,4086
07-05 14:07:18.539 17495 17592 I BatteryMgr:DataCollectionService: stats => 1688558838539,-94,4086
07-05 14:07:18.556 17495 17592 I BatteryMgr:DataCollectionService: stats => 1688558838556,-94,4086
07-05 14:07:18.572 17495 17592 I BatteryMgr:DataCollectionService: stats => 1688558838572,-94,4086
07-05 14:07:18.589 17495 17592 I BatteryMgr:DataCollectionService: stats => 1688558838589,-94,4086
07-05 14:07:18.606 17495 17592 I BatteryMgr:DataCollectionService: stats => 1688558838606,-94,4086
07-05 14:07:18.623 17495 17592 I BatteryMgr:DataCollectionService: stats => 1688558838622,-94,4086
07-05 14:07:18.639 17495 17592 I BatteryMgr:DataCollectionService: stats => 1688558838639,-94,4086
07-05 14:07:18.656 17495 17592 I BatteryMgr:DataCollectionService: stats => 1688558838655,-94,4086
07-05 14:07:18.672 17495 17592 I BatteryMgr:DataCollectionService: stats => 1688558838672,-94,4086
07-05 14:07:18.689 17495 17592 I BatteryMgr:DataCollectionService: stats => 1688558838689,-94,4086
07-05 14:07:18.706 17495 17592 I BatteryMgr:DataCollectionService: stats => 1688558838706,-94,4086
07-05 14:07:18.722 17495 17592 I BatteryMgr:DataCollectionService: stats => 1688558838722,-94,4086
07-05 14:07:18.739 17495 17592 I BatteryMgr:DataCollectionService: stats => 1688558838739,-94,4086
07-05 14:07:18.756 17495 17592 I BatteryMgr:DataCollectionService: stats => 1688558838756,-94,4086
07-05 14:07:18.770 17495 17592 I BatteryMgr:DataCollectionService: stats => 1688558838770,-94,4086
07-05 14:07:18.783 17495 17592 I BatteryMgr:DataCollectionService: stats => 1688558838783,-94,4086
07-05 14:07:18.797 17495 17592 I BatteryMgr:DataCollectionService: stats => 1688558838797,-94,4086
07-05 14:07:18.811 17495 17592 I BatteryMgr:DataCollectionService: stats => 1688558838811,-94,4086
07-05 14:07:18.827 17495 17592 I BatteryMgr:DataCollectionService: stats => 1688558838827,-94,4086
07-05 14:07:18.844 17495 17592 I BatteryMgr:DataCollectionService: stats => 1688558838844,-94,4086
07-05 14:07:18.860 17495 17592 I BatteryMgr:DataCollectionService: stats => 1688558838860,-94,4086
07-05 14:07:18.877 17495 17592 I BatteryMgr:DataCollectionService: stats => 1688558838877,-94,4086
07-05 14:07:18.894 17495 17592 I BatteryMgr:DataCollectionService: stats => 1688558838894,-94,4086
07-05 14:07:18.910 17495 17592 I BatteryMgr:DataCollectionService: stats => 1688558838910,-94,4086
07-05 14:07:18.927 17495 17592 I BatteryMgr:DataCollectionService: stats => 1688558838927,-94,4086
07-05 14:07:18.944 17495 17592 I BatteryMgr:DataCollectionService: stats => 1688558838944,-94,4086
07-05 14:07:18.960 17495 17592 I BatteryMgr:DataCollectionService: stats => 1688558838960,-94,4086
07-05 14:07:18.976 17495 17592 I BatteryMgr:DataCollectionService: stats => 1688558838976,-94,4086
07-05 14:07:18.992 17495 17592 I BatteryMgr:DataCollectionService: stats => 1688558838992,-94,4086
07-05 14:07:19.008 17495 17592 I BatteryMgr:DataCollectionService: stats => 1688558839008,-94,4086
07-05 14:07:19.025 17495 17592 I BatteryMgr:DataCollectionService: stats => 1688558839025,-94,4086
07-05 14:07:19.042 17495 17592 I BatteryMgr:DataCollectionService: stats => 1688558839042,-94,4086
07-05 14:07:19.059 17495 17592 I BatteryMgr:DataCollectionService: stats => 1688558839059,-94,4086
07-05 14:07:19.075 17495 17592 I BatteryMgr:DataCollectionService: stats => 1688558839075,-94,4086
07-05 14:07:19.091 17495 17592 I BatteryMgr:DataCollectionService: stats => 1688558839091,-94,4086
07-05 14:07:19.094  4951  4951 D io_stats: !@ 179,0 r 96632 3437652 w 27698 428036 d 2600 90028 f 7213 7414 iot 52208 42723 th 51200 0 0 pt 0 inp 0 0 4001.227
07-05 14:07:19.108 17495 17592 I BatteryMgr:DataCollectionService: stats => 1688558839108,-94,4086
07-05 14:07:19.124 17495 17592 I BatteryMgr:DataCollectionService: stats => 1688558839124,-94,4086
07-05 14:07:19.141 17495 17592 I BatteryMgr:DataCollectionService: stats => 1688558839141,-94,4086
07-05 14:07:19.158 17495 17592 I BatteryMgr:DataCollectionService: stats => 1688558839158,-94,4086
07-05 14:07:19.175 17495 17592 I BatteryMgr:DataCollectionService: stats => 1688558839175,-94,4086
07-05 14:07:19.191 17495 17592 I BatteryMgr:DataCollectionService: stats => 1688558839191,-94,4086
07-05 14:07:19.208 17495 17592 I BatteryMgr:DataCollectionService: stats => 1688558839208,-94,4086
07-05 14:07:19.225 17495 17592 I BatteryMgr:DataCollectionService: stats => 1688558839224,-94,4086
07-05 14:07:19.242 17495 17592 I BatteryMgr:DataCollectionService: stats => 1688558839242,-94,4086
07-05 14:07:19.258 17495 17592 I BatteryMgr:DataCollectionService: stats => 1688558839258,-94,4086
07-05 14:07:19.275 17495 17592 I BatteryMgr:DataCollectionService: stats => 1688558839275,-94,4086
07-05 14:07:19.291 17495 17592 I BatteryMgr:DataCollectionService: stats => 1688558839291,-94,4086
07-05 14:07:19.308 17495 17592 I BatteryMgr:DataCollectionService: stats => 1688558839308,-94,4086
07-05 14:07:19.324 17495 17592 I BatteryMgr:DataCollectionService: stats => 1688558839324,-94,4086
07-05 14:07:19.341 17495 17592 I BatteryMgr:DataCollectionService: stats => 1688558839341,-94,4086
07-05 14:07:19.358 17495 17592 I BatteryMgr:DataCollectionService: stats => 1688558839357,-94,4086
07-05 14:07:19.374 17495 17592 I BatteryMgr:DataCollectionService: stats => 1688558839374,-94,4086
07-05 14:07:19.391 17495 17592 I BatteryMgr:DataCollectionService: stats => 1688558839390,-94,4086
07-05 14:07:19.407 17495 17592 I BatteryMgr:DataCollectionService: stats => 1688558839407,-94,4086
07-05 14:07:19.423 17495 17592 I BatteryMgr:DataCollectionService: stats => 1688558839423,-94,4086
07-05 14:07:19.439 17495 17592 I BatteryMgr:DataCollectionService: stats => 1688558839439,-94,4086
07-05 14:07:19.456 17495 17592 I BatteryMgr:DataCollectionService: stats => 1688558839456,-94,4086
07-05 14:07:19.473 17495 17592 I BatteryMgr:DataCollectionService: stats => 1688558839473,-94,4086
07-05 14:07:19.490 17495 17592 I BatteryMgr:DataCollectionService: stats => 1688558839490,-94,4086
07-05 14:07:19.506 17495 17592 I BatteryMgr:DataCollectionService: stats => 1688558839506,-94,4086
07-05 14:07:19.523 17495 17592 I BatteryMgr:DataCollectionService: stats => 1688558839523,-94,4086
07-05 14:07:19.539 17495 17592 I BatteryMgr:DataCollectionService: stats => 1688558839539,-94,4086
07-05 14:07:19.556 17495 17592 I BatteryMgr:DataCollectionService: stats => 1688558839556,-94,4086
07-05 14:07:19.572 17495 17592 I BatteryMgr:DataCollectionService: stats => 1688558839572,-94,4086
07-05 14:07:19.589 17495 17592 I BatteryMgr:DataCollectionService: stats => 1688558839589,-94,4086
07-05 14:07:19.605 17495 17592 I BatteryMgr:DataCollectionService: stats => 1688558839605,-94,4086
07-05 14:07:19.622 17495 17592 I BatteryMgr:DataCollectionService: stats => 1688558839622,-94,4086
07-05 14:07:19.624  3437  3437 I android.hardware.wifi@1.0-service: getLinkLayerStats
07-05 14:07:19.639 17495 17592 I BatteryMgr:DataCollectionService: stats => 1688558839638,-94,4086
07-05 14:07:19.655 17495 17592 I BatteryMgr:DataCollectionService: stats => 1688558839655,-94,4086
07-05 14:07:19.671 17495 17592 I BatteryMgr:DataCollectionService: stats => 1688558839671,-94,4086
07-05 14:07:19.688 17495 17592 I BatteryMgr:DataCollectionService: stats => 1688558839688,-94,4086
07-05 14:07:19.704 17495 17592 I BatteryMgr:DataCollectionService: stats => 1688558839704,-94,4086
07-05 14:07:19.721 17495 17592 I BatteryMgr:DataCollectionService: stats => 1688558839721,-94,4086
07-05 14:07:19.738 17495 17592 I BatteryMgr:DataCollectionService: stats => 1688558839738,-94,4086
07-05 14:07:19.754 17495 17592 I BatteryMgr:DataCollectionService: stats => 1688558839754,-94,4086
07-05 14:07:19.771 17495 17592 I BatteryMgr:DataCollectionService: stats => 1688558839771,-94,4086
07-05 14:07:19.787 17495 17592 I BatteryMgr:DataCollectionService: stats => 1688558839787,-94,4086
07-05 14:07:19.804 17495 17592 I BatteryMgr:DataCollectionService: stats => 1688558839804,-94,4086
07-05 14:07:19.820 17495 17592 I BatteryMgr:DataCollectionService: stats => 1688558839820,-94,4086
07-05 14:07:19.836 17495 17592 I BatteryMgr:DataCollectionService: stats => 1688558839836,-94,4086
07-05 14:07:19.853 17495 17592 I BatteryMgr:DataCollectionService: stats => 1688558839853,-94,4086
07-05 14:07:19.870 17495 17592 I BatteryMgr:DataCollectionService: stats => 1688558839870,-94,4086
07-05 14:07:19.887 17495 17592 I BatteryMgr:DataCollectionService: stats => 1688558839886,-94,4086
07-05 14:07:19.902 17495 17592 I BatteryMgr:DataCollectionService: stats => 1688558839902,-94,4086
07-05 14:07:19.917 17495 17592 I BatteryMgr:DataCollectionService: stats => 1688558839917,-94,4086
07-05 14:07:19.932 17495 17592 I BatteryMgr:DataCollectionService: stats => 1688558839932,-94,4086
07-05 14:07:19.947 17495 17592 I BatteryMgr:DataCollectionService: stats => 1688558839947,-94,4086
07-05 14:07:19.962 17495 17592 I BatteryMgr:DataCollectionService: stats => 1688558839962,-94,4086
07-05 14:07:19.977 17495 17592 I BatteryMgr:DataCollectionService: stats => 1688558839977,-94,4086
07-05 14:07:19.991 17495 17592 I BatteryMgr:DataCollectionService: stats => 1688558839991,-94,4086
07-05 14:07:20.004 17495 17592 I BatteryMgr:DataCollectionService: stats => 1688558840004,-94,4086
07-05 14:07:20.017 17495 17592 I BatteryMgr:DataCollectionService: stats => 1688558840017,-94,4086
07-05 14:07:20.030 17495 17592 I BatteryMgr:DataCollectionService: stats => 1688558840029,-94,4086
07-05 14:07:20.043 17495 17592 I BatteryMgr:DataCollectionService: stats => 1688558840043,-94,4086
07-05 14:07:20.058 17495 17592 I BatteryMgr:DataCollectionService: stats => 1688558840058,-94,4086
07-05 14:07:20.065 17538 17550 I zygote64: Background concurrent copying GC freed 176522(4MB) AllocSpace objects, 0(0B) LOS objects, 49% free, 3MB/6MB, paused 560us total 107.954ms
07-05 14:07:20.074 17495 17592 I BatteryMgr:DataCollectionService: stats => 1688558840074,-94,4086
07-05 14:07:20.089 17495 17592 I BatteryMgr:DataCollectionService: stats => 1688558840089,-94,4086
07-05 14:07:20.103 17495 17592 I BatteryMgr:DataCollectionService: stats => 1688558840103,-94,4086
07-05 14:07:20.118 17495 17592 I BatteryMgr:DataCollectionService: stats => 1688558840117,-94,4086
07-05 14:07:20.132 17495 17592 I BatteryMgr:DataCollectionService: stats => 1688558840132,-94,4086
07-05 14:07:20.148 17495 17592 I BatteryMgr:DataCollectionService: stats => 1688558840148,-94,4086
07-05 14:07:20.165 17495 17592 I BatteryMgr:DataCollectionService: stats => 1688558840165,-94,4086
07-05 14:07:20.179 17495 17592 I BatteryMgr:DataCollectionService: stats => 1688558840179,-94,4086
07-05 14:07:20.193 17495 17592 I BatteryMgr:DataCollectionService: stats => 1688558840193,-94,4086
07-05 14:07:20.206 17495 17592 I BatteryMgr:DataCollectionService: stats => 1688558840206,-94,4086
07-05 14:07:20.220 17495 17592 I BatteryMgr:DataCollectionService: stats => 1688558840220,-94,4086
07-05 14:07:20.233 17495 17592 I BatteryMgr:DataCollectionService: stats => 1688558840233,-94,4086
07-05 14:07:20.248 17495 17592 I BatteryMgr:DataCollectionService: stats => 1688558840248,-94,4086
07-05 14:07:20.265 17495 17592 I BatteryMgr:DataCollectionService: stats => 1688558840265,-94,4086
07-05 14:07:20.282 17495 17592 I BatteryMgr:DataCollectionService: stats => 1688558840282,-94,4086
07-05 14:07:20.298 17495 17592 I BatteryMgr:DataCollectionService: stats => 1688558840298,-94,4086
07-05 14:07:20.315 17495 17592 I BatteryMgr:DataCollectionService: stats => 1688558840315,-94,4086
07-05 14:07:20.331 17495 17592 I BatteryMgr:DataCollectionService: stats => 1688558840331,-94,4086
07-05 14:07:20.348 17495 17592 I BatteryMgr:DataCollectionService: stats => 1688558840348,-94,4086
07-05 14:07:20.365 17495 17592 I BatteryMgr:DataCollectionService: stats => 1688558840365,-94,4086
07-05 14:07:20.383 17495 17592 I BatteryMgr:DataCollectionService: stats => 1688558840383,-94,4086
07-05 14:07:20.399 17495 17592 I BatteryMgr:DataCollectionService: stats => 1688558840399,-94,4086
07-05 14:07:20.408  3960  4036 D SensorService: [SO] 0.038 -0.163 9.926
07-05 14:07:20.416 17495 17592 I BatteryMgr:DataCollectionService: stats => 1688558840415,-94,4086
07-05 14:07:20.432 17495 17592 I BatteryMgr:DataCollectionService: stats => 1688558840432,-94,4086
07-05 14:07:20.448 17495 17592 I BatteryMgr:DataCollectionService: stats => 1688558840448,-94,4086
07-05 14:07:20.465 17495 17592 I BatteryMgr:DataCollectionService: stats => 1688558840465,-94,4086
07-05 14:07:20.482 17495 17592 I BatteryMgr:DataCollectionService: stats => 1688558840482,-94,4086
07-05 14:07:20.498 17495 17592 I BatteryMgr:DataCollectionService: stats => 1688558840498,-94,4086
07-05 14:07:20.515 17495 17592 I BatteryMgr:DataCollectionService: stats => 1688558840515,-94,4086
07-05 14:07:20.531 17495 17592 I BatteryMgr:DataCollectionService: stats => 1688558840531,-94,4086
07-05 14:07:20.547 17495 17592 I BatteryMgr:DataCollectionService: stats => 1688558840547,-94,4086
07-05 14:07:20.563 17495 17592 I BatteryMgr:DataCollectionService: stats => 1688558840563,-94,4086
07-05 14:07:20.580 17495 17592 I BatteryMgr:DataCollectionService: stats => 1688558840580,-94,4086
07-05 14:07:20.597 17495 17592 I BatteryMgr:DataCollectionService: stats => 1688558840596,-94,4086
07-05 14:07:20.613 17495 17592 I BatteryMgr:DataCollectionService: stats => 1688558840613,-94,4086
07-05 14:07:20.630 17495 17592 I BatteryMgr:DataCollectionService: stats => 1688558840630,-94,4086
07-05 14:07:20.647 17495 17592 I BatteryMgr:DataCollectionService: stats => 1688558840646,-94,4086
07-05 14:07:20.663 17495 17592 I BatteryMgr:DataCollectionService: stats => 1688558840663,-94,4086
07-05 14:07:20.680 17495 17592 I BatteryMgr:DataCollectionService: stats => 1688558840680,-94,4086
07-05 14:07:20.697 17495 17592 I BatteryMgr:DataCollectionService: stats => 1688558840697,-94,4086
07-05 14:07:20.713 17495 17592 I BatteryMgr:DataCollectionService: stats => 1688558840713,-94,4086
07-05 14:07:20.730 17495 17592 I BatteryMgr:DataCollectionService: stats => 1688558840730,-94,4086
07-05 14:07:20.747 17495 17592 I BatteryMgr:DataCollectionService: stats => 1688558840747,-94,4086
07-05 14:07:20.763 17495 17592 I BatteryMgr:DataCollectionService: stats => 1688558840763,-94,4086
07-05 14:07:20.779 17495 17592 I BatteryMgr:DataCollectionService: stats => 1688558840779,-94,4086
07-05 14:07:20.796 17495 17592 I BatteryMgr:DataCollectionService: stats => 1688558840796,-94,4086
07-05 14:07:20.812 17495 17592 I BatteryMgr:DataCollectionService: stats => 1688558840812,-94,4086
07-05 14:07:20.829 17495 17592 I BatteryMgr:DataCollectionService: stats => 1688558840829,-94,4086
07-05 14:07:20.846 17495 17592 I BatteryMgr:DataCollectionService: stats => 1688558840846,-94,4086
07-05 14:07:20.863 17495 17592 I BatteryMgr:DataCollectionService: stats => 1688558840863,-94,4086
07-05 14:07:20.880 17495 17592 I BatteryMgr:DataCollectionService: stats => 1688558840880,-94,4086
07-05 14:07:20.896 17495 17592 I BatteryMgr:DataCollectionService: stats => 1688558840896,-94,4086
07-05 14:07:20.912 17495 17592 I BatteryMgr:DataCollectionService: stats => 1688558840912,-94,4086
07-05 14:07:20.929 17495 17592 I BatteryMgr:DataCollectionService: stats => 1688558840929,-94,4086
07-05 14:07:20.947 17495 17592 I BatteryMgr:DataCollectionService: stats => 1688558840947,-94,4086
07-05 14:07:20.963 17495 17592 I BatteryMgr:DataCollectionService: stats => 1688558840963,-94,4086
07-05 14:07:20.980 17495 17592 I BatteryMgr:DataCollectionService: stats => 1688558840980,-94,4086
07-05 14:07:20.996 17495 17592 I BatteryMgr:DataCollectionService: stats => 1688558840996,-94,4086
07-05 14:07:21.013 17495 17592 I BatteryMgr:DataCollectionService: stats => 1688558841013,-94,4086
07-05 14:07:21.029 17495 17592 I BatteryMgr:DataCollectionService: stats => 1688558841029,-94,4086
07-05 14:07:21.046 17495 17592 I BatteryMgr:DataCollectionService: stats => 1688558841046,-94,4086
07-05 14:07:21.062 17495 17592 I BatteryMgr:DataCollectionService: stats => 1688558841062,-94,4086
07-05 14:07:21.079 17495 17592 I BatteryMgr:DataCollectionService: stats => 1688558841079,-94,4086
07-05 14:07:21.097 17495 17592 I BatteryMgr:DataCollectionService: stats => 1688558841097,-94,4086
07-05 14:07:21.114 17495 17592 I BatteryMgr:DataCollectionService: stats => 1688558841113,-94,4086
07-05 14:07:21.131 17495 17592 I BatteryMgr:DataCollectionService: stats => 1688558841131,-94,4086
07-05 14:07:21.148 17495 17592 I BatteryMgr:DataCollectionService: stats => 1688558841148,-94,4086
07-05 14:07:21.164 17495 17592 I BatteryMgr:DataCollectionService: stats => 1688558841164,-94,4086
07-05 14:07:21.181 17495 17592 I BatteryMgr:DataCollectionService: stats => 1688558841180,-94,4086
07-05 14:07:21.197 17495 17592 I BatteryMgr:DataCollectionService: stats => 1688558841197,-94,4086
07-05 14:07:21.214 17495 17592 I BatteryMgr:DataCollectionService: stats => 1688558841214,-94,4086
07-05 14:07:21.230 17495 17592 I BatteryMgr:DataCollectionService: stats => 1688558841230,-94,4086
07-05 14:07:21.247 17495 17592 I BatteryMgr:DataCollectionService: stats => 1688558841247,-94,4086
07-05 14:07:21.264 17495 17592 I BatteryMgr:DataCollectionService: stats => 1688558841263,-94,4086
07-05 14:07:21.281 17495 17592 I BatteryMgr:DataCollectionService: stats => 1688558841280,-94,4086
07-05 14:07:21.298 17495 17592 I BatteryMgr:DataCollectionService: stats => 1688558841298,-94,4086
07-05 14:07:21.314 17495 17592 I BatteryMgr:DataCollectionService: stats => 1688558841314,-94,4086
07-05 14:07:21.330 17495 17592 I BatteryMgr:DataCollectionService: stats => 1688558841330,-94,4086
07-05 14:07:21.346 17495 17592 I BatteryMgr:DataCollectionService: stats => 1688558841346,-94,4086
07-05 14:07:21.362 17495 17592 I BatteryMgr:DataCollectionService: stats => 1688558841362,-94,4086
07-05 14:07:21.379 17495 17592 I BatteryMgr:DataCollectionService: stats => 1688558841379,-94,4086
07-05 14:07:21.396 17495 17592 I BatteryMgr:DataCollectionService: stats => 1688558841395,-94,4086
07-05 14:07:21.412 17495 17592 I BatteryMgr:DataCollectionService: stats => 1688558841412,-94,4086
07-05 14:07:21.428 17495 17592 I BatteryMgr:DataCollectionService: stats => 1688558841428,-94,4086
07-05 14:07:21.445 17495 17592 I BatteryMgr:DataCollectionService: stats => 1688558841445,-94,4086
07-05 14:07:21.461 17495 17592 I BatteryMgr:DataCollectionService: stats => 1688558841461,-94,4086
07-05 14:07:21.478 17495 17592 I BatteryMgr:DataCollectionService: stats => 1688558841478,-94,4086
07-05 14:07:21.495 17495 17592 I BatteryMgr:DataCollectionService: stats => 1688558841495,-94,4086
07-05 14:07:21.511 17495 17592 I BatteryMgr:DataCollectionService: stats => 1688558841511,-94,4086
07-05 14:07:21.527 17495 17592 I BatteryMgr:DataCollectionService: stats => 1688558841527,-94,4086
07-05 14:07:21.543 17495 17592 I BatteryMgr:DataCollectionService: stats => 1688558841543,-94,4086
07-05 14:07:21.560 17495 17592 I BatteryMgr:DataCollectionService: stats => 1688558841560,-94,4086
07-05 14:07:21.576 17495 17592 I BatteryMgr:DataCollectionService: stats => 1688558841576,-94,4086
07-05 14:07:21.593 17495 17592 I BatteryMgr:DataCollectionService: stats => 1688558841593,-94,4086
07-05 14:07:21.610 17495 17592 I BatteryMgr:DataCollectionService: stats => 1688558841609,-94,4086
07-05 14:07:21.626 17495 17592 I BatteryMgr:DataCollectionService: stats => 1688558841626,-94,4086
07-05 14:07:21.642 17495 17592 I BatteryMgr:DataCollectionService: stats => 1688558841642,-94,4086
07-05 14:07:21.659 17495 17592 I BatteryMgr:DataCollectionService: stats => 1688558841659,-94,4086
07-05 14:07:21.676 17495 17592 I BatteryMgr:DataCollectionService: stats => 1688558841676,-94,4086
07-05 14:07:21.692 17495 17592 I BatteryMgr:DataCollectionService: stats => 1688558841692,-94,4086
07-05 14:07:21.709 17495 17592 I BatteryMgr:DataCollectionService: stats => 1688558841709,-94,4086
07-05 14:07:21.725 17495 17592 I BatteryMgr:DataCollectionService: stats => 1688558841725,-94,4086
07-05 14:07:21.742 17495 17592 I BatteryMgr:DataCollectionService: stats => 1688558841742,-94,4086
07-05 14:07:21.758 17495 17592 I BatteryMgr:DataCollectionService: stats => 1688558841758,-94,4086
07-05 14:07:21.775 17495 17592 I BatteryMgr:DataCollectionService: stats => 1688558841774,-94,4086
07-05 14:07:21.791 17495 17592 I BatteryMgr:DataCollectionService: stats => 1688558841791,-94,4086
07-05 14:07:21.808 17495 17592 I BatteryMgr:DataCollectionService: stats => 1688558841808,-94,4086
07-05 14:07:21.824 17495 17592 I BatteryMgr:DataCollectionService: stats => 1688558841824,-94,4086
07-05 14:07:21.840 17495 17592 I BatteryMgr:DataCollectionService: stats => 1688558841840,-94,4086
07-05 14:07:21.857 17495 17592 I BatteryMgr:DataCollectionService: stats => 1688558841857,-94,4086
07-05 14:07:21.874 17495 17592 I BatteryMgr:DataCollectionService: stats => 1688558841874,-94,4086
07-05 14:07:21.890 17495 17592 I BatteryMgr:DataCollectionService: stats => 1688558841890,-94,4086
07-05 14:07:21.907 17495 17592 I BatteryMgr:DataCollectionService: stats => 1688558841907,-94,4086
07-05 14:07:21.924 17495 17592 I BatteryMgr:DataCollectionService: stats => 1688558841924,-94,4086
07-05 14:07:21.940 17495 17592 I BatteryMgr:DataCollectionService: stats => 1688558841940,-94,4086
07-05 14:07:21.957 17495 17592 I BatteryMgr:DataCollectionService: stats => 1688558841956,-94,4086
07-05 14:07:21.973 17495 17592 I BatteryMgr:DataCollectionService: stats => 1688558841973,-94,4086
07-05 14:07:21.990 17495 17592 I BatteryMgr:DataCollectionService: stats => 1688558841990,-94,4086
07-05 14:07:22.008 17495 17592 I BatteryMgr:DataCollectionService: stats => 1688558842008,-94,4086
07-05 14:07:22.024 17495 17592 I BatteryMgr:DataCollectionService: stats => 1688558842024,-94,4086
07-05 14:07:22.041 17495 17592 I BatteryMgr:DataCollectionService: stats => 1688558842041,-94,4086
07-05 14:07:22.057 17495 17592 I BatteryMgr:DataCollectionService: stats => 1688558842057,-94,4086
07-05 14:07:22.074 17495 17592 I BatteryMgr:DataCollectionService: stats => 1688558842074,-94,4086
07-05 14:07:22.091 17495 17592 I BatteryMgr:DataCollectionService: stats => 1688558842091,-94,4086
07-05 14:07:22.107 17495 17592 I BatteryMgr:DataCollectionService: stats => 1688558842107,-94,4086
07-05 14:07:22.124 17495 17592 I BatteryMgr:DataCollectionService: stats => 1688558842124,-94,4086
07-05 14:07:22.140 17495 17592 I BatteryMgr:DataCollectionService: stats => 1688558842140,-94,4086
07-05 14:07:22.156 17495 17592 I BatteryMgr:DataCollectionService: stats => 1688558842156,-94,4086
07-05 14:07:22.173 17495 17592 I BatteryMgr:DataCollectionService: stats => 1688558842173,-94,4086
07-05 14:07:22.190 17495 17592 I BatteryMgr:DataCollectionService: stats => 1688558842190,-94,4086
07-05 14:07:22.207 17495 17592 I BatteryMgr:DataCollectionService: stats => 1688558842206,-94,4086
07-05 14:07:22.223 17495 17592 I BatteryMgr:DataCollectionService: stats => 1688558842223,-94,4086
07-05 14:07:22.240 17495 17592 I BatteryMgr:DataCollectionService: stats => 1688558842240,-94,4086
07-05 14:07:22.256 17495 17592 I BatteryMgr:DataCollectionService: stats => 1688558842256,-94,4086
07-05 14:07:22.273 17495 17592 I BatteryMgr:DataCollectionService: stats => 1688558842272,-94,4086
07-05 14:07:22.289 17495 17592 I BatteryMgr:DataCollectionService: stats => 1688558842289,-94,4086
07-05 14:07:22.306 17495 17592 I BatteryMgr:DataCollectionService: stats => 1688558842306,-94,4086
07-05 14:07:22.324 17495 17592 I BatteryMgr:DataCollectionService: stats => 1688558842324,-94,4086
07-05 14:07:22.340 17495 17592 I BatteryMgr:DataCollectionService: stats => 1688558842340,-94,4086
07-05 14:07:22.356 17495 17592 I BatteryMgr:DataCollectionService: stats => 1688558842356,-94,4086
07-05 14:07:22.371 17495 17592 I BatteryMgr:DataCollectionService: stats => 1688558842371,-94,4086
07-05 14:07:22.386 17495 17592 I BatteryMgr:DataCollectionService: stats => 1688558842386,-94,4086
07-05 14:07:22.403 17495 17592 I BatteryMgr:DataCollectionService: stats => 1688558842403,-94,4086
07-05 14:07:22.420 17495 17592 I BatteryMgr:DataCollectionService: stats => 1688558842420,-94,4086
07-05 14:07:22.436 17495 17592 I BatteryMgr:DataCollectionService: stats => 1688558842436,-94,4086
07-05 14:07:22.450 17495 17592 I BatteryMgr:DataCollectionService: stats => 1688558842450,-94,4086
07-05 14:07:22.464 17495 17592 I BatteryMgr:DataCollectionService: stats => 1688558842463,-94,4086
07-05 14:07:22.477 17495 17592 I BatteryMgr:DataCollectionService: stats => 1688558842477,-94,4086
07-05 14:07:22.491 17495 17592 I BatteryMgr:DataCollectionService: stats => 1688558842491,-94,4086
07-05 14:07:22.507 17495 17592 I BatteryMgr:DataCollectionService: stats => 1688558842507,-94,4086
07-05 14:07:22.523 17495 17592 I BatteryMgr:DataCollectionService: stats => 1688558842523,-94,4086
07-05 14:07:22.540 17495 17592 I BatteryMgr:DataCollectionService: stats => 1688558842539,-94,4086
07-05 14:07:22.556 17495 17592 I BatteryMgr:DataCollectionService: stats => 1688558842556,-94,4086
07-05 14:07:22.572 17495 17592 I BatteryMgr:DataCollectionService: stats => 1688558842572,-94,4086
07-05 14:07:22.589 17495 17592 I BatteryMgr:DataCollectionService: stats => 1688558842589,-94,4086
07-05 14:07:22.605 17495 17592 I BatteryMgr:DataCollectionService: stats => 1688558842605,-94,4086
07-05 14:07:22.622 17495 17592 I BatteryMgr:DataCollectionService: stats => 1688558842622,-94,4086
07-05 14:07:22.639 17495 17592 I BatteryMgr:DataCollectionService: stats => 1688558842638,-94,4086
07-05 14:07:22.642  3437  3437 I chatty  : uid=1010 wifi@1.0-servic identical 1 line
07-05 14:07:22.655 17495 17592 I BatteryMgr:DataCollectionService: stats => 1688558842655,-94,4086
07-05 14:07:22.671 17495 17592 I BatteryMgr:DataCollectionService: stats => 1688558842671,-94,4086
07-05 14:07:22.688 17495 17592 I BatteryMgr:DataCollectionService: stats => 1688558842688,-94,4086
07-05 14:07:22.704 17495 17592 I BatteryMgr:DataCollectionService: stats => 1688558842704,-94,4086
07-05 14:07:22.721 17495 17592 I BatteryMgr:DataCollectionService: stats => 1688558842721,-94,4086
07-05 14:07:22.737 17495 17592 I BatteryMgr:DataCollectionService: stats => 1688558842737,-94,4086
07-05 14:07:22.754 17495 17592 I BatteryMgr:DataCollectionService: stats => 1688558842754,-94,4086
07-05 14:07:22.770 17495 17592 I BatteryMgr:DataCollectionService: stats => 1688558842770,-94,4086
07-05 14:07:22.787 17495 17592 I BatteryMgr:DataCollectionService: stats => 1688558842786,-94,4086
07-05 14:07:22.803 17495 17592 I BatteryMgr:DataCollectionService: stats => 1688558842803,-94,4086
07-05 14:07:22.820 17495 17592 I BatteryMgr:DataCollectionService: stats => 1688558842820,-94,4086
07-05 14:07:22.836 17495 17592 I BatteryMgr:DataCollectionService: stats => 1688558842836,-94,4086
07-05 14:07:22.852 17495 17592 I BatteryMgr:DataCollectionService: stats => 1688558842852,-94,4086
07-05 14:07:22.869 17495 17592 I BatteryMgr:DataCollectionService: stats => 1688558842869,-94,4086
07-05 14:07:22.885 17495 17592 I BatteryMgr:DataCollectionService: stats => 1688558842885,-94,4086
07-05 14:07:22.902 17495 17592 I BatteryMgr:DataCollectionService: stats => 1688558842902,-94,4086
07-05 14:07:22.918 17495 17592 I BatteryMgr:DataCollectionService: stats => 1688558842918,-94,4086
07-05 14:07:22.935 17495 17592 I BatteryMgr:DataCollectionService: stats => 1688558842935,-94,4086
07-05 14:07:22.951 17495 17592 I BatteryMgr:DataCollectionService: stats => 1688558842951,-94,4086
07-05 14:07:22.968 17495 17592 I BatteryMgr:DataCollectionService: stats => 1688558842968,-94,4086
07-05 14:07:22.984 17495 17592 I BatteryMgr:DataCollectionService: stats => 1688558842984,-94,4086
07-05 14:07:23.000 17495 17592 I BatteryMgr:DataCollectionService: stats => 1688558843000,-94,4086
07-05 14:07:23.017 17495 17592 I BatteryMgr:DataCollectionService: stats => 1688558843017,-94,4086
07-05 14:07:23.033 17495 17592 I BatteryMgr:DataCollectionService: stats => 1688558843033,-94,4086
07-05 14:07:23.048 17495 17592 I BatteryMgr:DataCollectionService: stats => 1688558843048,-94,4086
07-05 14:07:23.063 17495 17592 I BatteryMgr:DataCollectionService: stats => 1688558843062,-94,4086
07-05 14:07:23.078 17495 17592 I BatteryMgr:DataCollectionService: stats => 1688558843078,-94,4086
07-05 14:07:23.093 17495 17592 I BatteryMgr:DataCollectionService: stats => 1688558843093,-94,4086
07-05 14:07:23.108 17495 17592 I BatteryMgr:DataCollectionService: stats => 1688558843108,-94,4086
07-05 14:07:23.123 17495 17592 I BatteryMgr:DataCollectionService: stats => 1688558843122,-94,4086
07-05 14:07:23.137 17495 17592 I BatteryMgr:DataCollectionService: stats => 1688558843137,-94,4086
07-05 14:07:23.152 17495 17592 I BatteryMgr:DataCollectionService: stats => 1688558843152,-94,4086
07-05 14:07:23.168 17495 17592 I BatteryMgr:DataCollectionService: stats => 1688558843168,-94,4086
07-05 14:07:23.185 17495 17592 I BatteryMgr:DataCollectionService: stats => 1688558843185,-94,4086
07-05 14:07:23.202 17495 17592 I BatteryMgr:DataCollectionService: stats => 1688558843202,-94,4086
07-05 14:07:23.218 17495 17592 I BatteryMgr:DataCollectionService: stats => 1688558843218,-94,4086
07-05 14:07:23.235 17495 17592 I BatteryMgr:DataCollectionService: stats => 1688558843235,-94,4086
07-05 14:07:23.251 17495 17592 I BatteryMgr:DataCollectionService: stats => 1688558843251,-94,4086
07-05 14:07:23.268 17495 17592 I BatteryMgr:DataCollectionService: stats => 1688558843268,-94,4086
07-05 14:07:23.284 17495 17592 I BatteryMgr:DataCollectionService: stats => 1688558843284,-94,4086
07-05 14:07:23.301 17495 17592 I BatteryMgr:DataCollectionService: stats => 1688558843301,-94,4086
07-05 14:07:23.318 17495 17592 I BatteryMgr:DataCollectionService: stats => 1688558843318,-94,4086
07-05 14:07:23.335 17495 17592 I BatteryMgr:DataCollectionService: stats => 1688558843335,-94,4086
07-05 14:07:23.351 17495 17592 I BatteryMgr:DataCollectionService: stats => 1688558843351,-94,4086
07-05 14:07:23.368 17495 17592 I BatteryMgr:DataCollectionService: stats => 1688558843367,-94,4086
07-05 14:07:23.384 17495 17592 I BatteryMgr:DataCollectionService: stats => 1688558843384,-94,4086
07-05 14:07:23.400 17495 17592 I BatteryMgr:DataCollectionService: stats => 1688558843400,-94,4086
07-05 14:07:23.416 17495 17592 I BatteryMgr:DataCollectionService: stats => 1688558843416,-94,4086
07-05 14:07:23.432 17495 17592 I BatteryMgr:DataCollectionService: stats => 1688558843432,-94,4086
07-05 14:07:23.449 17495 17592 I BatteryMgr:DataCollectionService: stats => 1688558843449,-94,4086
07-05 14:07:23.466 17495 17592 I BatteryMgr:DataCollectionService: stats => 1688558843466,-94,4086
07-05 14:07:23.482 17495 17592 I BatteryMgr:DataCollectionService: stats => 1688558843482,-94,4086
07-05 14:07:23.498 17495 17592 I BatteryMgr:DataCollectionService: stats => 1688558843498,-94,4086
07-05 14:07:23.515 17495 17592 I BatteryMgr:DataCollectionService: stats => 1688558843514,-94,4086
07-05 14:07:23.531 17495 17592 I BatteryMgr:DataCollectionService: stats => 1688558843531,-94,4086
07-05 14:07:23.547 17495 17592 I BatteryMgr:DataCollectionService: stats => 1688558843547,-94,4086
07-05 14:07:23.563 17495 17592 I BatteryMgr:DataCollectionService: stats => 1688558843563,-94,4086
07-05 14:07:23.579 17495 17592 I BatteryMgr:DataCollectionService: stats => 1688558843578,-94,4086
07-05 14:07:23.594 17495 17592 I BatteryMgr:DataCollectionService: stats => 1688558843594,-94,4086
07-05 14:07:23.611 17495 17592 I BatteryMgr:DataCollectionService: stats => 1688558843610,-94,4086
07-05 14:07:23.627 17495 17592 I BatteryMgr:DataCollectionService: stats => 1688558843627,-94,4086
07-05 14:07:23.643 17495 17592 I BatteryMgr:DataCollectionService: stats => 1688558843643,-94,4086
07-05 14:07:23.660 17495 17592 I BatteryMgr:DataCollectionService: stats => 1688558843660,-94,4086
07-05 14:07:23.674 17495 17592 I BatteryMgr:DataCollectionService: stats => 1688558843674,-94,4086
07-05 14:07:23.687 17495 17592 I BatteryMgr:DataCollectionService: stats => 1688558843687,-94,4086
07-05 14:07:23.701 17495 17592 I BatteryMgr:DataCollectionService: stats => 1688558843701,-94,4086
07-05 14:07:23.714 17495 17592 I BatteryMgr:DataCollectionService: stats => 1688558843714,-94,4086
07-05 14:07:23.730 17495 17592 I BatteryMgr:DataCollectionService: stats => 1688558843730,-94,4086
07-05 14:07:23.750 17495 17592 I BatteryMgr:DataCollectionService: stats => 1688558843750,-94,4086
07-05 14:07:23.764 17495 17592 I BatteryMgr:DataCollectionService: stats => 1688558843764,-94,4086
07-05 14:07:23.777 17495 17592 I BatteryMgr:DataCollectionService: stats => 1688558843777,-94,4086
07-05 14:07:23.791 17495 17592 I BatteryMgr:DataCollectionService: stats => 1688558843791,-94,4086
