07-06 16:03:51.177  4914  5023 I BatteryMgr:DataCollectionService: stats => 1688652231177,-152343,4152
07-06 16:03:51.181  4914  5023 I BatteryMgr:DataCollectionService: stats => 1688652231181,-152343,4152
07-06 16:03:51.185  4914  5023 I BatteryMgr:DataCollectionService: stats => 1688652231185,-152343,4152
07-06 16:03:51.189  4914  5023 I BatteryMgr:DataCollectionService: stats => 1688652231189,-152343,4152
07-06 16:03:51.193  4914  5023 I BatteryMgr:DataCollectionService: stats => 1688652231193,-152343,4152
07-06 16:03:51.197  4914  5023 I BatteryMgr:DataCollectionService: stats => 1688652231197,-152343,4152
07-06 16:03:51.202  4914  5023 I BatteryMgr:DataCollectionService: stats => 1688652231202,-152343,4152
07-06 16:03:51.206  4914  5023 I BatteryMgr:DataCollectionService: stats => 1688652231206,-152343,4152
07-06 16:03:51.211  4914  5023 I BatteryMgr:DataCollectionService: stats => 1688652231211,-152343,4152
07-06 16:03:51.216  4914  5023 I BatteryMgr:DataCollectionService: stats => 1688652231216,-152343,4152
07-06 16:03:51.220  4914  5023 I BatteryMgr:DataCollectionService: stats => 1688652231220,-152343,4152
07-06 16:03:51.224  4914  5023 I BatteryMgr:DataCollectionService: stats => 1688652231224,-152343,4152
07-06 16:03:51.228  4914  5023 I BatteryMgr:DataCollectionService: stats => 1688652231228,-152343,4152
07-06 16:03:51.234  4914  5023 I BatteryMgr:DataCollectionService: stats => 1688652231234,-152343,4152
07-06 16:03:51.239  4914  5023 I BatteryMgr:DataCollectionService: stats => 1688652231239,-152343,4152
07-06 16:03:51.245  4914  5023 I BatteryMgr:DataCollectionService: stats => 1688652231245,-152343,4152
07-06 16:03:51.252  4914  5023 I BatteryMgr:DataCollectionService: stats => 1688652231252,-152343,4152
07-06 16:03:51.258  4914  5023 I BatteryMgr:DataCollectionService: stats => 1688652231258,-152343,4152
07-06 16:03:51.263  4914  5023 I BatteryMgr:DataCollectionService: stats => 1688652231263,-152343,4152
07-06 16:03:51.268  4914  5023 I BatteryMgr:DataCollectionService: stats => 1688652231268,-152343,4152
07-06 16:03:51.274  4914  5023 I BatteryMgr:DataCollectionService: stats => 1688652231274,-152343,4152
07-06 16:03:51.279  4914  5023 I BatteryMgr:DataCollectionService: stats => 1688652231279,-152343,4152
07-06 16:03:51.286  4914  5023 I BatteryMgr:DataCollectionService: stats => 1688652231286,-152343,4152
07-06 16:03:51.292  4914  5023 I BatteryMgr:DataCollectionService: stats => 1688652231292,-152343,4152
07-06 16:03:51.298  4914  5023 I BatteryMgr:DataCollectionService: stats => 1688652231298,-152343,4152
07-06 16:03:51.303  4914  5023 I BatteryMgr:DataCollectionService: stats => 1688652231303,-152343,4152
07-06 16:03:51.308  4914  5023 I BatteryMgr:DataCollectionService: stats => 1688652231308,-152343,4152
07-06 16:03:51.314  4914  5023 I BatteryMgr:DataCollectionService: stats => 1688652231314,-152343,4152
07-06 16:03:51.319  4914  5023 I BatteryMgr:DataCollectionService: stats => 1688652231319,-152343,4152
07-06 16:03:51.325  4914  5023 I BatteryMgr:DataCollectionService: stats => 1688652231325,-152343,4152
07-06 16:03:51.332  4914  5023 I BatteryMgr:DataCollectionService: stats => 1688652231332,-152343,4152
07-06 16:03:51.338  4914  5023 I BatteryMgr:DataCollectionService: stats => 1688652231338,-152343,4152
07-06 16:03:51.343  4914  5023 I BatteryMgr:DataCollectionService: stats => 1688652231343,-152343,4152
07-06 16:03:51.348  4914  5023 I BatteryMgr:DataCollectionService: stats => 1688652231348,-152343,4152
07-06 16:03:51.353  4914  5023 I BatteryMgr:DataCollectionService: stats => 1688652231353,-152343,4152
07-06 16:03:51.358  4914  5023 I BatteryMgr:DataCollectionService: stats => 1688652231358,-152343,4152
07-06 16:03:51.363  4914  5023 I BatteryMgr:DataCollectionService: stats => 1688652231363,-152343,4152
07-06 16:03:51.369  4914  5023 I BatteryMgr:DataCollectionService: stats => 1688652231369,-152343,4152
07-06 16:03:51.375  4914  5023 I BatteryMgr:DataCollectionService: stats => 1688652231375,-152343,4152
07-06 16:03:51.380  4914  5023 I BatteryMgr:DataCollectionService: stats => 1688652231380,-152343,4152
07-06 16:03:51.385  4914  5023 I BatteryMgr:DataCollectionService: stats => 1688652231385,-152343,4152
07-06 16:03:51.391  4914  5023 I BatteryMgr:DataCollectionService: stats => 1688652231391,-152343,4152
07-06 16:03:51.395  4914  5023 I BatteryMgr:DataCollectionService: stats => 1688652231395,-152343,4152
07-06 16:03:51.398  4914  5023 I BatteryMgr:DataCollectionService: stats => 1688652231397,-152343,4152
07-06 16:03:51.400  4914  5023 I BatteryMgr:DataCollectionService: stats => 1688652231400,-152343,4152
07-06 16:03:51.404  4914  5023 I BatteryMgr:DataCollectionService: stats => 1688652231404,-152343,4152
07-06 16:03:51.407  4914  5023 I BatteryMgr:DataCollectionService: stats => 1688652231407,-152343,4152
07-06 16:03:51.411  4914  5023 I BatteryMgr:DataCollectionService: stats => 1688652231411,-152343,4152
07-06 16:03:51.414  4914  5023 I BatteryMgr:DataCollectionService: stats => 1688652231414,-152343,4152
07-06 16:03:51.418  4914  5023 I BatteryMgr:DataCollectionService: stats => 1688652231418,-152343,4152
07-06 16:03:51.421  4914  5023 I BatteryMgr:DataCollectionService: stats => 1688652231421,-152343,4152
07-06 16:03:51.424  4914  5023 I BatteryMgr:DataCollectionService: stats => 1688652231424,-152343,4152
07-06 16:03:51.427  4914  5023 I BatteryMgr:DataCollectionService: stats => 1688652231427,-152343,4152
07-06 16:03:51.430  4914  5023 I BatteryMgr:DataCollectionService: stats => 1688652231430,-152343,4152
07-06 16:03:51.433  4914  5023 I BatteryMgr:DataCollectionService: stats => 1688652231433,-152343,4152
07-06 16:03:51.437  4914  5023 I BatteryMgr:DataCollectionService: stats => 1688652231436,-152343,4152
07-06 16:03:51.440  4914  5023 I BatteryMgr:DataCollectionService: stats => 1688652231440,-152343,4152
07-06 16:03:51.444  4914  5023 I BatteryMgr:DataCollectionService: stats => 1688652231444,-152343,4152
07-06 16:03:51.447  4914  5023 I BatteryMgr:DataCollectionService: stats => 1688652231447,-152343,4152
07-06 16:03:51.451  4914  5023 I BatteryMgr:DataCollectionService: stats => 1688652231451,-152343,4152
07-06 16:03:51.455  4914  5023 I BatteryMgr:DataCollectionService: stats => 1688652231455,-152343,4152
07-06 16:03:51.458  4914  5023 I BatteryMgr:DataCollectionService: stats => 1688652231458,-152343,4152
07-06 16:03:51.462  4914  5023 I BatteryMgr:DataCollectionService: stats => 1688652231462,-152343,4152
07-06 16:03:51.466  4914  5023 I BatteryMgr:DataCollectionService: stats => 1688652231466,-152343,4152
07-06 16:03:51.469  4914  5023 I BatteryMgr:DataCollectionService: stats => 1688652231469,-152343,4152
07-06 16:03:51.476  4914  5023 I BatteryMgr:DataCollectionService: stats => 1688652231476,-152343,4152
07-06 16:03:51.481  4914  5023 I BatteryMgr:DataCollectionService: stats => 1688652231481,-152343,4152
07-06 16:03:51.487  4914  5023 I BatteryMgr:DataCollectionService: stats => 1688652231487,-152343,4152
07-06 16:03:51.493  4914  5023 I BatteryMgr:DataCollectionService: stats => 1688652231493,-152343,4152
07-06 16:03:51.499  4914  5023 I BatteryMgr:DataCollectionService: stats => 1688652231499,-152343,4152
07-06 16:03:51.505  4914  5023 I BatteryMgr:DataCollectionService: stats => 1688652231504,-152343,4152
07-06 16:03:51.509  4914  5023 I BatteryMgr:DataCollectionService: stats => 1688652231509,-152343,4152
07-06 16:03:51.514  4914  5023 I BatteryMgr:DataCollectionService: stats => 1688652231514,-152343,4152
07-06 16:03:51.518  4914  5023 I BatteryMgr:DataCollectionService: stats => 1688652231518,-152343,4152
07-06 16:03:51.523  4914  5023 I BatteryMgr:DataCollectionService: stats => 1688652231523,-152343,4152
07-06 16:03:51.528  4914  5023 I BatteryMgr:DataCollectionService: stats => 1688652231528,-152343,4152
07-06 16:03:51.534  4914  5023 I BatteryMgr:DataCollectionService: stats => 1688652231534,-152343,4152
07-06 16:03:51.537  4914  5023 I BatteryMgr:DataCollectionService: stats => 1688652231537,-152343,4152
07-06 16:03:51.540  4914  5023 I BatteryMgr:DataCollectionService: stats => 1688652231540,-152343,4152
07-06 16:03:51.543  4914  5023 I BatteryMgr:DataCollectionService: stats => 1688652231543,-152343,4152
07-06 16:03:51.546  4914  5023 I BatteryMgr:DataCollectionService: stats => 1688652231546,-152343,4152
07-06 16:03:51.548  4914  5023 I BatteryMgr:DataCollectionService: stats => 1688652231548,-152343,4152
07-06 16:03:51.551  4914  5023 I BatteryMgr:DataCollectionService: stats => 1688652231551,-152343,4152
07-06 16:03:51.554  4914  5023 I BatteryMgr:DataCollectionService: stats => 1688652231554,-152343,4152
07-06 16:03:51.557  4914  5023 I BatteryMgr:DataCollectionService: stats => 1688652231557,-152343,4152
07-06 16:03:51.560  4914  5023 I BatteryMgr:DataCollectionService: stats => 1688652231560,-152343,4152
07-06 16:03:51.563  4914  5023 I BatteryMgr:DataCollectionService: stats => 1688652231563,-152343,4152
07-06 16:03:51.567  4914  5023 I BatteryMgr:DataCollectionService: stats => 1688652231567,-152343,4152
07-06 16:03:51.570  4914  5023 I BatteryMgr:DataCollectionService: stats => 1688652231570,-152343,4152
07-06 16:03:51.573  4914  5023 I BatteryMgr:DataCollectionService: stats => 1688652231573,-152343,4152
07-06 16:03:51.576  4914  5023 I BatteryMgr:DataCollectionService: stats => 1688652231576,-152343,4152
07-06 16:03:51.579  4914  5023 I BatteryMgr:DataCollectionService: stats => 1688652231579,-152343,4152
07-06 16:03:51.582  4914  5023 I BatteryMgr:DataCollectionService: stats => 1688652231582,-152343,4152
07-06 16:03:51.585  4914  5023 I BatteryMgr:DataCollectionService: stats => 1688652231585,-152343,4152
07-06 16:03:51.588  4914  5023 I BatteryMgr:DataCollectionService: stats => 1688652231588,-152343,4152
07-06 16:03:51.591  4914  5023 I BatteryMgr:DataCollectionService: stats => 1688652231591,-152343,4152
07-06 16:03:51.595  4914  5023 I BatteryMgr:DataCollectionService: stats => 1688652231595,-152343,4152
07-06 16:03:51.598  4914  5023 I BatteryMgr:DataCollectionService: stats => 1688652231598,-152343,4152
07-06 16:03:51.601  4914  5023 I BatteryMgr:DataCollectionService: stats => 1688652231601,-152343,4152
07-06 16:03:51.604  4914  5023 I BatteryMgr:DataCollectionService: stats => 1688652231604,-152343,4152
07-06 16:03:51.608  4914  5023 I BatteryMgr:DataCollectionService: stats => 1688652231608,-152343,4152
07-06 16:03:51.611  4914  5023 I BatteryMgr:DataCollectionService: stats => 1688652231611,-152343,4152
07-06 16:03:51.614  4914  5023 I BatteryMgr:DataCollectionService: stats => 1688652231614,-152343,4152
07-06 16:03:51.617  4914  5023 I BatteryMgr:DataCollectionService: stats => 1688652231617,-152343,4152
07-06 16:03:51.620  4914  5023 I BatteryMgr:DataCollectionService: stats => 1688652231620,-152343,4152
07-06 16:03:51.624  4914  5023 I BatteryMgr:DataCollectionService: stats => 1688652231624,-152343,4152
07-06 16:03:51.627  4914  5023 I BatteryMgr:DataCollectionService: stats => 1688652231627,-152343,4152
07-06 16:03:51.631  4914  5023 I BatteryMgr:DataCollectionService: stats => 1688652231631,-152343,4152
07-06 16:03:51.635  4914  5023 I BatteryMgr:DataCollectionService: stats => 1688652231635,-152343,4152
07-06 16:03:51.638  4914  5023 I BatteryMgr:DataCollectionService: stats => 1688652231638,-152343,4152
07-06 16:03:51.642  4914  5023 I BatteryMgr:DataCollectionService: stats => 1688652231642,-152343,4152
07-06 16:03:51.646  4914  5023 I BatteryMgr:DataCollectionService: stats => 1688652231646,-152343,4152
07-06 16:03:51.649  4914  5023 I BatteryMgr:DataCollectionService: stats => 1688652231649,-152343,4152
07-06 16:03:51.654  4914  5023 I BatteryMgr:DataCollectionService: stats => 1688652231653,-152343,4152
07-06 16:03:51.657  4914  5023 I BatteryMgr:DataCollectionService: stats => 1688652231657,-152343,4152
07-06 16:03:51.661  4914  5023 I BatteryMgr:DataCollectionService: stats => 1688652231661,-152343,4152
07-06 16:03:51.664  4914  5023 I BatteryMgr:DataCollectionService: stats => 1688652231664,-152343,4152
07-06 16:03:51.668  4914  5023 I BatteryMgr:DataCollectionService: stats => 1688652231668,-152343,4152
07-06 16:03:51.672  4914  5023 I BatteryMgr:DataCollectionService: stats => 1688652231672,-152343,4152
07-06 16:03:51.678  4914  5023 I BatteryMgr:DataCollectionService: stats => 1688652231678,-152343,4152
07-06 16:03:51.683  4914  5023 I BatteryMgr:DataCollectionService: stats => 1688652231683,-152343,4152
07-06 16:03:51.690  4914  5023 I BatteryMgr:DataCollectionService: stats => 1688652231690,-152343,4152
07-06 16:03:51.695  4914  5023 I BatteryMgr:DataCollectionService: stats => 1688652231695,-152343,4152
07-06 16:03:51.700  4914  5023 I BatteryMgr:DataCollectionService: stats => 1688652231700,-152343,4152
07-06 16:03:51.706  4914  5023 I BatteryMgr:DataCollectionService: stats => 1688652231706,-152343,4152
07-06 16:03:51.711  4914  5023 I BatteryMgr:DataCollectionService: stats => 1688652231711,-152343,4152
07-06 16:03:51.717  4914  5023 I BatteryMgr:DataCollectionService: stats => 1688652231717,-152343,4152
07-06 16:03:51.722  4914  5023 I BatteryMgr:DataCollectionService: stats => 1688652231722,-152343,4152
07-06 16:03:51.727  4914  5023 I BatteryMgr:DataCollectionService: stats => 1688652231727,-152343,4152
07-06 16:03:51.734  4914  5023 I BatteryMgr:DataCollectionService: stats => 1688652231734,-152343,4152
07-06 16:03:51.738  4914  5023 I BatteryMgr:DataCollectionService: stats => 1688652231738,-152343,4152
07-06 16:03:51.753  4914  5023 I BatteryMgr:DataCollectionService: stats => 1688652231753,-152343,4152
07-06 16:03:51.758  4914  5023 I BatteryMgr:DataCollectionService: stats => 1688652231758,-152343,4152
07-06 16:03:51.762  4914  5023 I BatteryMgr:DataCollectionService: stats => 1688652231762,-152343,4152
07-06 16:03:51.765  4914  5023 I BatteryMgr:DataCollectionService: stats => 1688652231765,-152343,4152
07-06 16:03:51.768  4914  5023 I BatteryMgr:DataCollectionService: stats => 1688652231768,-152343,4152
07-06 16:03:51.772  4914  5023 I BatteryMgr:DataCollectionService: stats => 1688652231772,-152343,4152
07-06 16:03:51.776  4914  5023 I BatteryMgr:DataCollectionService: stats => 1688652231776,-152343,4152
07-06 16:03:51.780  4914  5023 I BatteryMgr:DataCollectionService: stats => 1688652231780,-152343,4152
07-06 16:03:51.784  4914  5023 I BatteryMgr:DataCollectionService: stats => 1688652231784,-152343,4152
07-06 16:03:51.787  4914  5023 I BatteryMgr:DataCollectionService: stats => 1688652231787,-152343,4152
07-06 16:03:51.791  4914  5023 I BatteryMgr:DataCollectionService: stats => 1688652231790,-152343,4152
07-06 16:03:51.795  4914  5023 I BatteryMgr:DataCollectionService: stats => 1688652231795,-152343,4152
07-06 16:03:51.800  4914  5023 I BatteryMgr:DataCollectionService: stats => 1688652231799,-152343,4152
07-06 16:03:51.804  4914  5023 I BatteryMgr:DataCollectionService: stats => 1688652231804,-152343,4152
07-06 16:03:51.808  4914  5023 I BatteryMgr:DataCollectionService: stats => 1688652231808,-152343,4152
07-06 16:03:51.811  4914  5023 I BatteryMgr:DataCollectionService: stats => 1688652231811,-152343,4152
07-06 16:03:51.817  4914  5023 I BatteryMgr:DataCollectionService: stats => 1688652231817,-152343,4152
07-06 16:03:51.822  4914  5023 I BatteryMgr:DataCollectionService: stats => 1688652231822,-152343,4152
07-06 16:03:51.827  4914  5023 I BatteryMgr:DataCollectionService: stats => 1688652231827,-152343,4152
07-06 16:03:51.833  4914  5023 I BatteryMgr:DataCollectionService: stats => 1688652231833,-152343,4152
07-06 16:03:51.839  4914  5023 I BatteryMgr:DataCollectionService: stats => 1688652231839,-152343,4152
07-06 16:03:51.845  4914  5023 I BatteryMgr:DataCollectionService: stats => 1688652231845,-152343,4152
07-06 16:03:51.852  4914  5023 I BatteryMgr:DataCollectionService: stats => 1688652231851,-152343,4152
07-06 16:03:51.858  4914  5023 I BatteryMgr:DataCollectionService: stats => 1688652231858,-152343,4152
07-06 16:03:51.864  4914  5023 I BatteryMgr:DataCollectionService: stats => 1688652231864,-152343,4152
07-06 16:03:51.869  4914  5023 I BatteryMgr:DataCollectionService: stats => 1688652231869,-152343,4152
07-06 16:03:51.875  4914  5023 I BatteryMgr:DataCollectionService: stats => 1688652231875,-152343,4152
07-06 16:03:51.880  4914  5023 I BatteryMgr:DataCollectionService: stats => 1688652231880,-152343,4152
07-06 16:03:51.885  4914  5023 I BatteryMgr:DataCollectionService: stats => 1688652231885,-152343,4152
07-06 16:03:51.892  4914  5023 I BatteryMgr:DataCollectionService: stats => 1688652231892,-152343,4152
07-06 16:03:51.898  4914  5023 I BatteryMgr:DataCollectionService: stats => 1688652231897,-152343,4152
07-06 16:03:51.902  4914  5023 I BatteryMgr:DataCollectionService: stats => 1688652231902,-152343,4152
07-06 16:03:51.908  4914  5023 I BatteryMgr:DataCollectionService: stats => 1688652231908,-152343,4152
07-06 16:03:51.913  4914  5023 I BatteryMgr:DataCollectionService: stats => 1688652231913,-152343,4152
07-06 16:03:51.918  4914  5023 I BatteryMgr:DataCollectionService: stats => 1688652231918,-152343,4152
07-06 16:03:51.922  4914  5023 I BatteryMgr:DataCollectionService: stats => 1688652231922,-152343,4152
07-06 16:03:51.928  4914  5023 I BatteryMgr:DataCollectionService: stats => 1688652231928,-152343,4152
07-06 16:03:51.934  4914  5023 I BatteryMgr:DataCollectionService: stats => 1688652231934,-152343,4152
07-06 16:03:51.938  4914  5023 I BatteryMgr:DataCollectionService: stats => 1688652231938,-152343,4152
07-06 16:03:51.943  4914  5023 I BatteryMgr:DataCollectionService: stats => 1688652231943,-152343,4152
07-06 16:03:51.947  4914  5023 I BatteryMgr:DataCollectionService: stats => 1688652231947,-152343,4152
07-06 16:03:51.952  4914  5023 I BatteryMgr:DataCollectionService: stats => 1688652231952,-152343,4152
07-06 16:03:51.955  4914  5023 I BatteryMgr:DataCollectionService: stats => 1688652231955,-152343,4152
07-06 16:03:51.958  4914  5023 I BatteryMgr:DataCollectionService: stats => 1688652231958,-152343,4152
07-06 16:03:51.962  4914  5023 I BatteryMgr:DataCollectionService: stats => 1688652231961,-152343,4152
07-06 16:03:51.965  4914  5023 I BatteryMgr:DataCollectionService: stats => 1688652231965,-152343,4152
07-06 16:03:51.968  4914  5023 I BatteryMgr:DataCollectionService: stats => 1688652231968,-152343,4152
07-06 16:03:51.971  4914  5023 I BatteryMgr:DataCollectionService: stats => 1688652231971,-152343,4152
07-06 16:03:51.974  4914  5023 I BatteryMgr:DataCollectionService: stats => 1688652231974,-152343,4152
07-06 16:03:51.977  4914  5023 I BatteryMgr:DataCollectionService: stats => 1688652231977,-152343,4152
07-06 16:03:51.979  4914  5023 I BatteryMgr:DataCollectionService: stats => 1688652231979,-152343,4152
07-06 16:03:51.982  4914  5023 I BatteryMgr:DataCollectionService: stats => 1688652231982,-152343,4152
07-06 16:03:51.985  4914  5023 I BatteryMgr:DataCollectionService: stats => 1688652231985,-152343,4152
07-06 16:03:51.988  4914  5023 I BatteryMgr:DataCollectionService: stats => 1688652231988,-152343,4152
07-06 16:03:51.991  4914  5023 I BatteryMgr:DataCollectionService: stats => 1688652231991,-152343,4152
07-06 16:03:51.994  4914  5023 I BatteryMgr:DataCollectionService: stats => 1688652231994,-152343,4152
07-06 16:03:51.997  4914  5023 I BatteryMgr:DataCollectionService: stats => 1688652231997,-152343,4152
07-06 16:03:51.999  4914  5023 I BatteryMgr:DataCollectionService: stats => 1688652231999,-152343,4152
07-06 16:03:52.004  4914  5023 I BatteryMgr:DataCollectionService: stats => 1688652232004,-152343,4152
07-06 16:03:52.008  4914  5023 I BatteryMgr:DataCollectionService: stats => 1688652232008,-152343,4152
07-06 16:03:52.012  4914  5023 I BatteryMgr:DataCollectionService: stats => 1688652232011,-152343,4152
07-06 16:03:52.015  4914  5023 I BatteryMgr:DataCollectionService: stats => 1688652232015,-152343,4152
07-06 16:03:52.018  4914  5023 I BatteryMgr:DataCollectionService: stats => 1688652232018,-152343,4152
07-06 16:03:52.021  4914  5023 I BatteryMgr:DataCollectionService: stats => 1688652232021,-152343,4152
07-06 16:03:52.024  4914  5023 I BatteryMgr:DataCollectionService: stats => 1688652232024,-152343,4152
07-06 16:03:52.027  4914  5023 I BatteryMgr:DataCollectionService: stats => 1688652232027,-152343,4152
07-06 16:03:52.030  4914  5023 I BatteryMgr:DataCollectionService: stats => 1688652232030,-152343,4152
07-06 16:03:52.036  4914  5023 I BatteryMgr:DataCollectionService: stats => 1688652232036,-152343,4152
07-06 16:03:52.041  4914  5023 I BatteryMgr:DataCollectionService: stats => 1688652232041,-152343,4152
07-06 16:03:52.049  4914  5023 I BatteryMgr:DataCollectionService: stats => 1688652232048,-152343,4152
07-06 16:03:52.055  4914  5023 I BatteryMgr:DataCollectionService: stats => 1688652232055,-152343,4152
07-06 16:03:52.061  4914  5023 I BatteryMgr:DataCollectionService: stats => 1688652232061,-152343,4152
07-06 16:03:52.066  4914  5023 I BatteryMgr:DataCollectionService: stats => 1688652232066,-152343,4152
07-06 16:03:52.072  4914  5023 I BatteryMgr:DataCollectionService: stats => 1688652232072,-152343,4152
07-06 16:03:52.077  4914  5023 I BatteryMgr:DataCollectionService: stats => 1688652232077,-152343,4152
07-06 16:03:52.082  4914  5023 I BatteryMgr:DataCollectionService: stats => 1688652232082,-152343,4152
07-06 16:03:52.089  4914  5023 I BatteryMgr:DataCollectionService: stats => 1688652232089,-152343,4152
07-06 16:03:52.094  4914  5023 I BatteryMgr:DataCollectionService: stats => 1688652232094,-152343,4152
07-06 16:03:52.100  4914  5023 I BatteryMgr:DataCollectionService: stats => 1688652232099,-152343,4152
07-06 16:03:52.105  4914  5023 I BatteryMgr:DataCollectionService: stats => 1688652232105,-152343,4152
07-06 16:03:52.110  4914  5023 I BatteryMgr:DataCollectionService: stats => 1688652232110,-152343,4152
07-06 16:03:52.115  4914  5023 I BatteryMgr:DataCollectionService: stats => 1688652232115,-152343,4152
07-06 16:03:52.119  4914  5023 I BatteryMgr:DataCollectionService: stats => 1688652232119,-152343,4152
07-06 16:03:52.125  4914  5023 I BatteryMgr:DataCollectionService: stats => 1688652232125,-152343,4152
07-06 16:03:52.132  4914  5023 I BatteryMgr:DataCollectionService: stats => 1688652232132,-152343,4152
07-06 16:03:52.137  4914  5023 I BatteryMgr:DataCollectionService: stats => 1688652232137,-154296,4152
07-06 16:03:52.142  4914  5023 I BatteryMgr:DataCollectionService: stats => 1688652232142,-154296,4152
07-06 16:03:52.146  4914  5023 I BatteryMgr:DataCollectionService: stats => 1688652232146,-154296,4152
07-06 16:03:52.150  4914  5023 I BatteryMgr:DataCollectionService: stats => 1688652232150,-154296,4152
07-06 16:03:52.154  4914  5023 I BatteryMgr:DataCollectionService: stats => 1688652232154,-154296,4152
07-06 16:03:52.157  4914  5023 I BatteryMgr:DataCollectionService: stats => 1688652232157,-154296,4152
07-06 16:03:52.160  4914  5023 I BatteryMgr:DataCollectionService: stats => 1688652232160,-154296,4152
07-06 16:03:52.164  4914  5023 I BatteryMgr:DataCollectionService: stats => 1688652232164,-154296,4152
07-06 16:03:52.167  4914  5023 I BatteryMgr:DataCollectionService: stats => 1688652232167,-154296,4152
07-06 16:03:52.170  4914  5023 I BatteryMgr:DataCollectionService: stats => 1688652232170,-154296,4152
07-06 16:03:52.173  4914  5023 I BatteryMgr:DataCollectionService: stats => 1688652232173,-154296,4152
07-06 16:03:52.176  4914  5023 I BatteryMgr:DataCollectionService: stats => 1688652232176,-154296,4152
07-06 16:03:52.178  4914  5023 I BatteryMgr:DataCollectionService: stats => 1688652232178,-154296,4152
07-06 16:03:52.182  4914  5023 I BatteryMgr:DataCollectionService: stats => 1688652232182,-154296,4152
07-06 16:03:52.185  4914  5023 I BatteryMgr:DataCollectionService: stats => 1688652232185,-154296,4152
07-06 16:03:52.188  4914  5023 I BatteryMgr:DataCollectionService: stats => 1688652232188,-154296,4152
07-06 16:03:52.190  4914  5023 I BatteryMgr:DataCollectionService: stats => 1688652232190,-154296,4152
07-06 16:03:52.194  4914  5023 I BatteryMgr:DataCollectionService: stats => 1688652232194,-154296,4152
07-06 16:03:52.196  4914  5023 I BatteryMgr:DataCollectionService: stats => 1688652232196,-154296,4152
07-06 16:03:52.199  4914  5023 I BatteryMgr:DataCollectionService: stats => 1688652232199,-154296,4152
07-06 16:03:52.203  4914  5023 I BatteryMgr:DataCollectionService: stats => 1688652232203,-154296,4152
07-06 16:03:52.206  4914  5023 I BatteryMgr:DataCollectionService: stats => 1688652232206,-154296,4152
07-06 16:03:52.209  4914  5023 I BatteryMgr:DataCollectionService: stats => 1688652232209,-154296,4152
07-06 16:03:52.212  4914  5023 I BatteryMgr:DataCollectionService: stats => 1688652232212,-154296,4152
07-06 16:03:52.215  4914  5023 I BatteryMgr:DataCollectionService: stats => 1688652232215,-154296,4152
07-06 16:03:52.218  4914  5023 I BatteryMgr:DataCollectionService: stats => 1688652232218,-154296,4152
07-06 16:03:52.221  4914  5023 I BatteryMgr:DataCollectionService: stats => 1688652232221,-154296,4152
07-06 16:03:52.225  4914  5023 I BatteryMgr:DataCollectionService: stats => 1688652232225,-154296,4152
07-06 16:03:52.228  4914  5023 I BatteryMgr:DataCollectionService: stats => 1688652232228,-154296,4152
07-06 16:03:52.233  4914  5023 I BatteryMgr:DataCollectionService: stats => 1688652232233,-154296,4152
07-06 16:03:52.237  4914  5023 I BatteryMgr:DataCollectionService: stats => 1688652232237,-154296,4152
07-06 16:03:52.240  4914  5023 I BatteryMgr:DataCollectionService: stats => 1688652232240,-154296,4152
07-06 16:03:52.244  4914  5023 I BatteryMgr:DataCollectionService: stats => 1688652232244,-154296,4152
07-06 16:03:52.247  4914  5023 I BatteryMgr:DataCollectionService: stats => 1688652232247,-154296,4152
07-06 16:03:52.250  4914  5023 I BatteryMgr:DataCollectionService: stats => 1688652232250,-154296,4152
07-06 16:03:52.256  4914  5023 I BatteryMgr:DataCollectionService: stats => 1688652232256,-154296,4152
07-06 16:03:52.263  4914  5023 I BatteryMgr:DataCollectionService: stats => 1688652232263,-154296,4152
07-06 16:03:52.268  4914  5023 I BatteryMgr:DataCollectionService: stats => 1688652232268,-154296,4152
07-06 16:03:52.274  4914  5023 I BatteryMgr:DataCollectionService: stats => 1688652232274,-154296,4152
07-06 16:03:52.279  2836 32237 I AlarmManager: setExactAndAllowWhileIdle [name: GCM_HB_ALARM type: 2 triggerAtMillis: 18526044]
07-06 16:03:52.279  4914  5023 I BatteryMgr:DataCollectionService: stats => 1688652232279,-154296,4152
07-06 16:03:52.284  4914  5023 I BatteryMgr:DataCollectionService: stats => 1688652232284,-154296,4152
07-06 16:03:52.289  4914  5023 I BatteryMgr:DataCollectionService: stats => 1688652232289,-154296,4152
07-06 16:03:52.294   564   564 E SELinux : avc:  denied  { find } for interface=vendor.qti.hardware.servicetracker::IServicetracker sid=u:r:system_server:s0 pid=1611 scontext=u:r:system_server:s0 tcontext=u:object_r:default_android_hwservice:s0 tclass=hwservice_manager permissive=0
07-06 16:03:52.294  4914  5023 I BatteryMgr:DataCollectionService: stats => 1688652232294,-154296,4152
07-06 16:03:52.301  1611  1878 D CompatibilityInfo: mCompatibilityFlags - 0
07-06 16:03:52.301  1611  1878 D CompatibilityInfo: applicationDensity - 420
07-06 16:03:52.301  1611  1878 D CompatibilityInfo: applicationScale - 1.0
07-06 16:03:52.302  4914  5023 I BatteryMgr:DataCollectionService: stats => 1688652232302,-154296,4152
07-06 16:03:52.304  3506  3506 I GnpSdk  : (REDACTED) Intent received for action [%s] package [%s].
07-06 16:03:52.304  3506  3506 I GnpSdk  : Phenotype initialization called.
07-06 16:03:52.305  3506  3506 I GnpSdk  : (REDACTED) Validation failed for action [%s].
07-06 16:03:52.305   564   564 E SELinux : avc:  denied  { find } for interface=vendor.qti.hardware.servicetracker::IServicetracker sid=u:r:system_server:s0 pid=1611 scontext=u:r:system_server:s0 tcontext=u:object_r:default_android_hwservice:s0 tclass=hwservice_manager permissive=0
07-06 16:03:52.309  1611  5546 D CompatibilityInfo: mCompatibilityFlags - 0
07-06 16:03:52.309  1611  5546 D CompatibilityInfo: applicationDensity - 420
07-06 16:03:52.309  1611  5546 D CompatibilityInfo: applicationScale - 1.0
07-06 16:03:52.310  4914  5023 I BatteryMgr:DataCollectionService: stats => 1688652232310,-154296,4152
07-06 16:03:52.314  3506  3506 I NotificationFullFlow: Step 1: GcmBroadcastReceiver:onReceive
07-06 16:03:52.314  3506  3506 I GcmBroadcastReceiver: #processIntentDefault
07-06 16:03:52.316  4914  5023 I BatteryMgr:DataCollectionService: stats => 1688652232316,-154296,4152
07-06 16:03:52.318  3506  3956 I NotificationFullFlow: Step 2: GcsmState:handleClientEvent
07-06 16:03:52.323  3506  3964 I NotificationFullFlow: Step 3: GcmWorker:DeliveryToNow
07-06 16:03:52.324  4914  5023 I BatteryMgr:DataCollectionService: stats => 1688652232324,-154296,4152
07-06 16:03:52.326  3506  3956 I A       : Push message account matches primary account
07-06 16:03:52.327  3506  3956 I A       : Weather Receive: handle push message.
07-06 16:03:52.327  3506  3956 I A       : (REDACTED) Weather Receive: push weather data used: Temp=%d, Unit=%s, IconUrl=%s, WeatherDescription=%s, isCelsius=%b, location=%s, currentUpdateTimeMillis=%d, hasAirQuality=%b, source=%s
07-06 16:03:52.330  4914  5023 I BatteryMgr:DataCollectionService: stats => 1688652232330,-154296,4152
07-06 16:03:52.331  3506  3871 I A       : handleUpdateAction
07-06 16:03:52.332  3506  3874 I A       : handleUpdateAction
07-06 16:03:52.332  3506  3874 I A       : (REDACTED) action type string %s 
07-06 16:03:52.334  3506  3871 I A       : (REDACTED) action type string %s 
07-06 16:03:52.334  4914  5023 I BatteryMgr:DataCollectionService: stats => 1688652232334,-154296,4152
07-06 16:03:52.335  2836 32237 I AlarmManager: setExactAndAllowWhileIdle [name: GCM_HB_ALARM type: 2 triggerAtMillis: 18526100]
07-06 16:03:52.337  4914  5023 I BatteryMgr:DataCollectionService: stats => 1688652232337,-154296,4152
07-06 16:03:52.342  4914  5023 I BatteryMgr:DataCollectionService: stats => 1688652232342,-154296,4152
07-06 16:03:52.345  4914  5023 I BatteryMgr:DataCollectionService: stats => 1688652232345,-154296,4152
07-06 16:03:52.350  4914  5023 I BatteryMgr:DataCollectionService: stats => 1688652232349,-154296,4152
07-06 16:03:52.354  3506  3975 I PCPv2.PushClient: (REDACTED) #entry Pushing %s data elements to PCP from [%s]
07-06 16:03:52.354  4914  5023 I BatteryMgr:DataCollectionService: stats => 1688652232354,-154296,4152
07-06 16:03:52.356  3506  3872 I de      : (REDACTED) Pcp saved weather source=%d
07-06 16:03:52.357  4914  5023 I BatteryMgr:DataCollectionService: stats => 1688652232357,-154296,4152
07-06 16:03:52.361  4914  5023 I BatteryMgr:DataCollectionService: stats => 1688652232361,-154296,4152
07-06 16:03:52.365  4914  5023 I BatteryMgr:DataCollectionService: stats => 1688652232365,-154296,4152
07-06 16:03:52.370  4914  5023 I BatteryMgr:DataCollectionService: stats => 1688652232369,-154296,4152
07-06 16:03:52.371  3506  3871 I SmartspaceWorker: Successfully pushed weather to PCPv2.
07-06 16:03:52.374  4914  5023 I BatteryMgr:DataCollectionService: stats => 1688652232374,-154296,4152
07-06 16:03:52.378  4914  5023 I BatteryMgr:DataCollectionService: stats => 1688652232378,-154296,4152
07-06 16:03:52.382   564   564 E SELinux : avc:  denied  { find } for interface=vendor.qti.hardware.servicetracker::IServicetracker sid=u:r:system_server:s0 pid=1611 scontext=u:r:system_server:s0 tcontext=u:object_r:default_android_hwservice:s0 tclass=hwservice_manager permissive=0
07-06 16:03:52.383  4914  5023 I BatteryMgr:DataCollectionService: stats => 1688652232383,-154296,4152
07-06 16:03:52.387  4914  5023 I BatteryMgr:DataCollectionService: stats => 1688652232387,-154296,4152
07-06 16:03:52.391  3506  3872 I p       : (REDACTED) display valid entity dataId %s, dataType %d, clientType %d
07-06 16:03:52.392  3506  3872 I chatty  : uid=10150(com.google.android.googlequicksearchbox) BG Thread #1 identical 1 line
07-06 16:03:52.392  3506  3872 I p       : (REDACTED) display valid entity dataId %s, dataType %d, clientType %d
07-06 16:03:52.393  4914  5023 I BatteryMgr:DataCollectionService: stats => 1688652232393,-154296,4152
07-06 16:03:52.393  3506  3872 I p       : (REDACTED) display valid entity dataId %s, dataType %d, clientType %d
07-06 16:03:52.394  3506  3872 I p       : (REDACTED) display valid entity dataId %s, dataType %d, clientType %d
07-06 16:03:52.396  4914  5023 I BatteryMgr:DataCollectionService: stats => 1688652232396,-154296,4152
07-06 16:03:52.399  3506  3975 I SSDataManagerImpl: #handlePcpDataUpdate
07-06 16:03:52.399  3506  3964 I z       : Smartspace widget and OEM data listener is not enabled on device
07-06 16:03:52.399  3506  3975 I PCP.ImplV0: getProactiveContent
07-06 16:03:52.399  3506  3975 I PCP.ImplV0: PCP V1 flow is enabled.
07-06 16:03:52.400  3506  3975 I A       : Falling back to non-UDC sources
07-06 16:03:52.400  3506  3975 I A       : (REDACTED) Setting = %s, optedInt = %s
07-06 16:03:52.400  3506  3975 I A       : Falling back to non-UDC sources
07-06 16:03:52.400  3506  3975 I A       : (REDACTED) Setting = %s, optedInt = %s
07-06 16:03:52.400  3506  3975 I A       : Falling back to non-UDC sources
07-06 16:03:52.400  3506  3975 I A       : (REDACTED) Setting = %s, optedInt = %s
07-06 16:03:52.401  3506  3975 I A       : Falling back to non-UDC sources
07-06 16:03:52.401  3506  3975 I A       : (REDACTED) Setting = %s, optedInt = %s
07-06 16:03:52.402  4914  5023 I BatteryMgr:DataCollectionService: stats => 1688652232402,-154296,4152
07-06 16:03:52.406  4914  5023 I BatteryMgr:DataCollectionService: stats => 1688652232405,-154296,4152
07-06 16:03:52.410  4914  5023 I BatteryMgr:DataCollectionService: stats => 1688652232410,-154296,4152
07-06 16:03:52.413  4914  5023 I BatteryMgr:DataCollectionService: stats => 1688652232413,-154296,4152
07-06 16:03:52.413  3506  5046 I DeviceCapHelper: (REDACTED) Adding surface identity to the device capabilities for surface %s.
07-06 16:03:52.414  3506  3874 I AudioManager: In isBluetoothScoOn(), calling application: com.google.android.googlequicksearchbox
07-06 16:03:52.414  1611  2159 I AS.AudioDeviceBroker: In isBluetoothScoOnForApp(), mForcedUseForCommExt: 0
07-06 16:03:52.414  3506  3874 I AudioManager: In isBluetoothScoOn(), calling application: com.google.android.googlequicksearchbox
07-06 16:03:52.415  1611  2159 I AS.AudioDeviceBroker: In isBluetoothScoOnForApp(), mForcedUseForCommExt: 0
07-06 16:03:52.416  3506  8497 V ClearcutMetricXmitter: Transmission is done.
07-06 16:03:52.417  4914  5023 I BatteryMgr:DataCollectionService: stats => 1688652232417,-154296,4152
07-06 16:03:52.418  3506  8497 V ClearcutMetricXmitter: Transmission is done.
07-06 16:03:52.420  4914  5023 I BatteryMgr:DataCollectionService: stats => 1688652232420,-154296,4152
07-06 16:03:52.423  4914  5023 I BatteryMgr:DataCollectionService: stats => 1688652232423,-154296,4152
07-06 16:03:52.426  4914  5023 I BatteryMgr:DataCollectionService: stats => 1688652232426,-154296,4152
07-06 16:03:52.429  4914  5023 I BatteryMgr:DataCollectionService: stats => 1688652232429,-154296,4152
07-06 16:03:52.433  4914  5023 I BatteryMgr:DataCollectionService: stats => 1688652232433,-154296,4152
07-06 16:03:52.436  4914  5023 I BatteryMgr:DataCollectionService: stats => 1688652232436,-154296,4152
07-06 16:03:52.439  4914  5023 I BatteryMgr:DataCollectionService: stats => 1688652232439,-154296,4152
07-06 16:03:52.442  4914  5023 I BatteryMgr:DataCollectionService: stats => 1688652232442,-154296,4152
07-06 16:03:52.445  4914  5023 I BatteryMgr:DataCollectionService: stats => 1688652232445,-154296,4152
07-06 16:03:52.448  4914  5023 I BatteryMgr:DataCollectionService: stats => 1688652232448,-154296,4152
07-06 16:03:52.451  4914  5023 I BatteryMgr:DataCollectionService: stats => 1688652232451,-154296,4152
07-06 16:03:52.454  4914  5023 I BatteryMgr:DataCollectionService: stats => 1688652232454,-154296,4152
07-06 16:03:52.457  4914  5023 I BatteryMgr:DataCollectionService: stats => 1688652232457,-154296,4152
07-06 16:03:52.460  4914  5023 I BatteryMgr:DataCollectionService: stats => 1688652232460,-154296,4152
07-06 16:03:52.463  4914  5023 I BatteryMgr:DataCollectionService: stats => 1688652232463,-154296,4152
07-06 16:03:52.466  4914  5023 I BatteryMgr:DataCollectionService: stats => 1688652232466,-154296,4152
07-06 16:03:52.469  4914  5023 I BatteryMgr:DataCollectionService: stats => 1688652232469,-154296,4152
07-06 16:03:52.475  4914  5023 I BatteryMgr:DataCollectionService: stats => 1688652232475,-154296,4152
07-06 16:03:52.478  4914  5023 I BatteryMgr:DataCollectionService: stats => 1688652232478,-154296,4152
07-06 16:03:52.482  4914  5023 I BatteryMgr:DataCollectionService: stats => 1688652232482,-154296,4152
07-06 16:03:52.486  4914  5023 I BatteryMgr:DataCollectionService: stats => 1688652232486,-154296,4152
07-06 16:03:52.489  4914  5023 I BatteryMgr:DataCollectionService: stats => 1688652232489,-154296,4152
07-06 16:03:52.493  4914  5023 I BatteryMgr:DataCollectionService: stats => 1688652232493,-154296,4152
07-06 16:03:52.495  3506  3871 I PCP.DataQuery: (REDACTED) %s getProactiveContent: %s
07-06 16:03:52.496  4914  5023 I BatteryMgr:DataCollectionService: stats => 1688652232496,-154296,4152
07-06 16:03:52.496  3506  3961 I AccountDatabaseHelper: (REDACTED) #getLastReturnedProactiveData for client type %s and proactive data type %s
07-06 16:03:52.496  3506  3961 I PCP.Database: (REDACTED) #getLastReturnedProactiveData for client type %s and proactive data type %s
07-06 16:03:52.497  3506  3961 I AccountDatabaseHelper: (REDACTED) #getLastReturnedProactiveData for client type %s and proactive data type %s
07-06 16:03:52.497  3506  3961 I PCP.Database: (REDACTED) #getLastReturnedProactiveData for client type %s and proactive data type %s
07-06 16:03:52.498  3506  3961 I PCP.Database: (REDACTED) #getLastReturnedProactiveData for client type %s and proactive data type %s
07-06 16:03:52.499  4914  5023 I BatteryMgr:DataCollectionService: stats => 1688652232499,-154296,4152
07-06 16:03:52.502  4914  5023 I BatteryMgr:DataCollectionService: stats => 1688652232502,-154296,4152
07-06 16:03:52.506  4914  5023 I BatteryMgr:DataCollectionService: stats => 1688652232506,-154296,4152
07-06 16:03:52.509  3506  3872 I PCP.DataFetch: #updateLastReturnedDatabase
07-06 16:03:52.509  4914  5023 I BatteryMgr:DataCollectionService: stats => 1688652232509,-154296,4152
07-06 16:03:52.510  3506  8497 V ClearcutMetricXmitter: Transmission is done.
07-06 16:03:52.511  3506  3871 I AccountDatabaseHelper: #putNewReturnedDataQuery
07-06 16:03:52.511  3506  3871 I PCP.Database: #putNewReturnedDataQuery
07-06 16:03:52.511  3506  3871 I PCP.Database: (REDACTED) data.getValue() %s
07-06 16:03:52.512  3506  3871 I PCP.Database: (REDACTED) dataHash at insert %s
07-06 16:03:52.513  4914  5023 I BatteryMgr:DataCollectionService: stats => 1688652232513,-154296,4152
07-06 16:03:52.514  3506  3874 I PCP.SingletonDatabase: #putNewReturnedDataQuery
07-06 16:03:52.514  3506  3873 I SSPcpDataCtrl: #logProactiveDataReceived
07-06 16:03:52.514  3506  3874 I PCP.Database: #putNewReturnedDataQuery
07-06 16:03:52.514  3506  3873 I SSPcpDataCtrl: (REDACTED) data type: %s, update type: %s
07-06 16:03:52.514  3506  3873 I SSPcpDataCtrl: (REDACTED) diffAndUpdateContentStore data type : %s
07-06 16:03:52.514  3506  3873 I PcpSSDataUtils: #getSmartspaceCard
07-06 16:03:52.514  3506  3873 I PcpSSDataUtils: (REDACTED) event Id %s
07-06 16:03:52.514  3506  3872 I AccountDatabaseHelper: #putNewReturnedDataQuery
07-06 16:03:52.514  3506  3872 I PCP.Database: #putNewReturnedDataQuery
07-06 16:03:52.517  4914  5023 I BatteryMgr:DataCollectionService: stats => 1688652232517,-154296,4152
07-06 16:03:52.518  3506  8497 V ClearcutMetricXmitter: Transmission is done.
07-06 16:03:52.520  4914  5023 I BatteryMgr:DataCollectionService: stats => 1688652232520,-154296,4152
07-06 16:03:52.524  4914  5023 I BatteryMgr:DataCollectionService: stats => 1688652232524,-154296,4152
07-06 16:03:52.527  4914  5023 I BatteryMgr:DataCollectionService: stats => 1688652232527,-154296,4152
07-06 16:03:52.529  4914  5023 I BatteryMgr:DataCollectionService: stats => 1688652232529,-154296,4152
07-06 16:03:52.531  3506  3872 I SSDataManagerImpl: No change/Multiple data changed case
07-06 16:03:52.533  4914  5023 I BatteryMgr:DataCollectionService: stats => 1688652232533,-154296,4152
07-06 16:03:52.536  4914  5023 I BatteryMgr:DataCollectionService: stats => 1688652232536,-154296,4152
07-06 16:03:52.538  3506  3871 I A       : updateCurrentCard
07-06 16:03:52.539  4914  5023 I BatteryMgr:DataCollectionService: stats => 1688652232539,-154296,4152
07-06 16:03:52.540  3506  3975 W A       : (REDACTED) cardType: %s has no icon.
07-06 16:03:52.541  3506  3975 I expirationUtils: (REDACTED) Schedule expiration task for weather with delay ms = %d
07-06 16:03:52.542  4914  5023 I BatteryMgr:DataCollectionService: stats => 1688652232542,-154296,4152
07-06 16:03:52.545  4914  5023 I BatteryMgr:DataCollectionService: stats => 1688652232545,-154296,4152
07-06 16:03:52.548  3506  3975 I A       : logCardsSentInAmbientLogs
07-06 16:03:52.549  3506  3975 I A       : (REDACTED) sending card %s , pre event title : %s, during event title: %s, post event title: %s, event start time: %d, updated at time: %d, isTriggeringUpdate? %b, is from work profile? %b, expirationTimeMillis %d
07-06 16:03:52.549  3506  3975 I A       : (REDACTED) sending card %s , pre event title : %s, during event title: %s, post event title: %s, event start time: %d, updated at time: %d, isTriggeringUpdate? %b, is from work profile? %b, expirationTimeMillis %d
07-06 16:03:52.549  4914  5023 I BatteryMgr:DataCollectionService: stats => 1688652232549,-154296,4152
07-06 16:03:52.549  3506  3975 I A       : Falling back to non-UDC sources
07-06 16:03:52.549  3506  3975 I A       : (REDACTED) Setting = %s, optedInt = %s
07-06 16:03:52.551  3506  3975 I A       : getLocaleToModelSpecsMap
07-06 16:03:52.551  3506  3975 I A       : Fetching latest config from MDD...
07-06 16:03:52.551  3506  3975 I A       : (REDACTED) Found map of size: %d
07-06 16:03:52.551  3506  3975 I A       : (REDACTED) Adding from proto config to map [configKey: %s locale: %s modelType: %s modelPrefix: %s Location: %s isSpeakerIdSupported: %b]
07-06 16:03:52.551  3506  3975 I chatty  : uid=10150(com.google.android.googlequicksearchbox) Lite Thread #4 identical 1 line
07-06 16:03:52.552  3506  3975 I A       : (REDACTED) Adding from proto config to map [configKey: %s locale: %s modelType: %s modelPrefix: %s Location: %s isSpeakerIdSupported: %b]
07-06 16:03:52.552  3506  3975 I A       : (REDACTED) hasHotwordEverywhere-%b
07-06 16:03:52.553  4914  5023 I BatteryMgr:DataCollectionService: stats => 1688652232553,-154296,4152
07-06 16:03:52.553  3506  3975 I A       : (REDACTED) sending card type %s
07-06 16:03:52.556  3506  3975 I A       : (REDACTED) hasHotwordEverywhere-%b
07-06 16:03:52.556  4914  5023 I BatteryMgr:DataCollectionService: stats => 1688652232556,-154296,4152
07-06 16:03:52.556  3506  3975 I A       : (REDACTED) sending card type %s
07-06 16:03:52.560  4914  5023 I BatteryMgr:DataCollectionService: stats => 1688652232560,-154296,4152
07-06 16:03:52.562  3506  3975 I A       : (REDACTED) received card type %s 
07-06 16:03:52.562  3506  3975 I A       : (REDACTED) received card type %s 
07-06 16:03:52.563  4914  5023 I BatteryMgr:DataCollectionService: stats => 1688652232563,-154296,4152
07-06 16:03:52.566  4914  5023 I BatteryMgr:DataCollectionService: stats => 1688652232566,-154296,4152
07-06 16:03:52.569  4914  5023 I BatteryMgr:DataCollectionService: stats => 1688652232569,-154296,4152
07-06 16:03:52.574  4914  5023 I BatteryMgr:DataCollectionService: stats => 1688652232574,-154296,4152
07-06 16:03:52.578  4914  5023 I BatteryMgr:DataCollectionService: stats => 1688652232578,-154296,4152
07-06 16:03:52.581  4914  5023 I BatteryMgr:DataCollectionService: stats => 1688652232580,-154296,4152
07-06 16:03:52.584  4914  5023 I BatteryMgr:DataCollectionService: stats => 1688652232584,-154296,4152
07-06 16:03:52.587  4914  5023 I BatteryMgr:DataCollectionService: stats => 1688652232586,-154296,4152
07-06 16:03:52.589  4914  5023 I BatteryMgr:DataCollectionService: stats => 1688652232589,-154296,4152
07-06 16:03:52.594  4914  5023 I BatteryMgr:DataCollectionService: stats => 1688652232594,-154296,4152
07-06 16:03:52.598  4914  5023 I BatteryMgr:DataCollectionService: stats => 1688652232598,-154296,4152
07-06 16:03:52.602  4914  5023 I BatteryMgr:DataCollectionService: stats => 1688652232602,-154296,4152
07-06 16:03:52.606  4914  5023 I BatteryMgr:DataCollectionService: stats => 1688652232606,-154296,4152
07-06 16:03:52.610  4914  5023 I BatteryMgr:DataCollectionService: stats => 1688652232610,-154296,4152
07-06 16:03:52.614  4914  5023 I BatteryMgr:DataCollectionService: stats => 1688652232614,-154296,4152
07-06 16:03:52.617  4914  5023 I BatteryMgr:DataCollectionService: stats => 1688652232617,-154296,4152
07-06 16:03:52.622  4914  5023 I BatteryMgr:DataCollectionService: stats => 1688652232622,-154296,4152
07-06 16:03:52.626  4914  5023 I BatteryMgr:DataCollectionService: stats => 1688652232626,-154296,4152
07-06 16:03:52.630  4914  5023 I BatteryMgr:DataCollectionService: stats => 1688652232630,-154296,4152
07-06 16:03:52.636  4914  5023 I BatteryMgr:DataCollectionService: stats => 1688652232636,-154296,4152
07-06 16:03:52.641  4914  5023 I BatteryMgr:DataCollectionService: stats => 1688652232641,-154296,4152
07-06 16:03:52.648  4914  5023 I BatteryMgr:DataCollectionService: stats => 1688652232648,-154296,4152
07-06 16:03:52.654  4914  5023 I BatteryMgr:DataCollectionService: stats => 1688652232654,-154296,4152
07-06 16:03:52.658  4914  5023 I BatteryMgr:DataCollectionService: stats => 1688652232658,-154296,4152
07-06 16:03:52.661  4914  5023 I BatteryMgr:DataCollectionService: stats => 1688652232661,-154296,4152
07-06 16:03:52.665  4914  5023 I BatteryMgr:DataCollectionService: stats => 1688652232665,-154296,4152
07-06 16:03:52.668  4914  5023 I BatteryMgr:DataCollectionService: stats => 1688652232668,-154296,4152
07-06 16:03:52.675  4914  5023 I BatteryMgr:DataCollectionService: stats => 1688652232675,-154296,4152
07-06 16:03:52.681  4914  5023 I BatteryMgr:DataCollectionService: stats => 1688652232680,-154296,4152
07-06 16:03:52.688  4914  5023 I BatteryMgr:DataCollectionService: stats => 1688652232688,-154296,4152
07-06 16:03:52.694  4914  5023 I BatteryMgr:DataCollectionService: stats => 1688652232694,-154296,4152
07-06 16:03:52.700  4914  5023 I BatteryMgr:DataCollectionService: stats => 1688652232700,-154296,4152
07-06 16:03:52.705  4914  5023 I BatteryMgr:DataCollectionService: stats => 1688652232705,-154296,4152
07-06 16:03:52.711  4914  5023 I BatteryMgr:DataCollectionService: stats => 1688652232711,-154296,4152
07-06 16:03:52.717  4914  5023 I BatteryMgr:DataCollectionService: stats => 1688652232717,-154296,4152
07-06 16:03:52.722  4914  5023 I BatteryMgr:DataCollectionService: stats => 1688652232722,-154296,4152
07-06 16:03:52.729  4914  5023 I BatteryMgr:DataCollectionService: stats => 1688652232729,-154296,4152
07-06 16:03:52.736  4914  5023 I BatteryMgr:DataCollectionService: stats => 1688652232736,-154296,4152
07-06 16:03:52.742  4914  5023 I BatteryMgr:DataCollectionService: stats => 1688652232742,-154296,4152
07-06 16:03:52.748  4914  5023 I BatteryMgr:DataCollectionService: stats => 1688652232748,-154296,4152
07-06 16:03:52.754  4914  5023 I BatteryMgr:DataCollectionService: stats => 1688652232754,-154296,4152
07-06 16:03:52.760  4914  5023 I BatteryMgr:DataCollectionService: stats => 1688652232760,-154296,4152
07-06 16:03:52.766  4914  5023 I BatteryMgr:DataCollectionService: stats => 1688652232766,-154296,4152
07-06 16:03:52.773  4914  5023 I BatteryMgr:DataCollectionService: stats => 1688652232773,-154296,4152
07-06 16:03:52.779  4914  5023 I BatteryMgr:DataCollectionService: stats => 1688652232779,-154296,4152
07-06 16:03:52.785  4914  5023 I BatteryMgr:DataCollectionService: stats => 1688652232785,-154296,4152
07-06 16:03:52.790  4914  5023 I BatteryMgr:DataCollectionService: stats => 1688652232790,-154296,4152
07-06 16:03:52.796  4914  5023 I BatteryMgr:DataCollectionService: stats => 1688652232796,-154296,4152
07-06 16:03:52.801  4914  5023 I BatteryMgr:DataCollectionService: stats => 1688652232801,-154296,4152
07-06 16:03:52.807  4914  5023 I BatteryMgr:DataCollectionService: stats => 1688652232807,-154296,4152
07-06 16:03:52.814  4914  5023 I BatteryMgr:DataCollectionService: stats => 1688652232813,-154296,4152
07-06 16:03:52.819  4914  5023 I BatteryMgr:DataCollectionService: stats => 1688652232819,-154296,4152
07-06 16:03:52.824  4914  5023 I BatteryMgr:DataCollectionService: stats => 1688652232824,-154296,4152
07-06 16:03:52.829  4914  5023 I BatteryMgr:DataCollectionService: stats => 1688652232829,-154296,4152
07-06 16:03:52.835  4914  5023 I BatteryMgr:DataCollectionService: stats => 1688652232835,-154296,4152
07-06 16:03:52.840  4914  5023 I BatteryMgr:DataCollectionService: stats => 1688652232840,-154296,4152
07-06 16:03:52.847  4914  5023 I BatteryMgr:DataCollectionService: stats => 1688652232846,-154296,4152
07-06 16:03:52.853  4914  5023 I BatteryMgr:DataCollectionService: stats => 1688652232853,-154296,4152
07-06 16:03:52.859  4914  5023 I BatteryMgr:DataCollectionService: stats => 1688652232859,-154296,4152
07-06 16:03:52.864  4914  5023 I BatteryMgr:DataCollectionService: stats => 1688652232864,-154296,4152
07-06 16:03:52.869  4914  5023 I BatteryMgr:DataCollectionService: stats => 1688652232869,-154296,4152
07-06 16:03:52.878  4914  5023 I BatteryMgr:DataCollectionService: stats => 1688652232878,-154296,4152
07-06 16:03:52.885  4914  5023 I BatteryMgr:DataCollectionService: stats => 1688652232885,-154296,4152
