06-11 20:23:45.084  4989  5394 I SoundAlive_Effect: [ -272802816 ][ 48000 ]OutDevConfig() OutDevConfig : 1
06-11 20:23:45.084  4989  5394 D SoundAlive_Core: [ -272802816 ][ 48000 ](internal-API)Set_Current_Effect_Configuration( ConfigMode : 1 )
06-11 20:23:45.084  4989  5394 I SoundAlive_Effect: [ -272802816 ][ 48000 ]Set_Preset() : 0
06-11 20:23:45.084  4989  5394 I SoundAlive_Effect: [ -272802816 ][ 48000 ]Set_User_BWE() 0
06-11 20:23:45.084  4989  5394 I SoundAlive_Effect: [ -272802816 ][ 48000 ]Set_User_CH() : 0
06-11 20:23:45.084  4989  5394 I SoundAlive_Effect: [ -272802816 ][ 48000 ]Set_SquareUI() : 4 , 4
06-11 20:23:45.084  4989  5394 I SoundAlive_Effect: [ -272802816 ][ 48000 ]Set_User_3D() : 0
06-11 20:23:45.084  4989  5394 I SoundAlive_Effect: [ -272802816 ][ 48000 ]Set_User_BE() : 0
06-11 20:23:45.085  5000 22666 I ACodec  :  [OMX.SEC.mp3.dec] Now uninitialized
06-11 20:23:45.085  5000 22666 I ACodec  :  [] Now kWhatShutdownCompleted event : 8475
06-11 20:23:45.085  5000 22666 I MediaCodec: Codec shutdown complete
06-11 20:23:45.086  5000 22665 I NuPlayerDecoder: onShutdown notifyComplete : Yes
06-11 20:23:45.086  5000 22660 V NuPlayer: audio shutdown completed
06-11 20:23:45.086  5000 22660 V NuPlayer: both audio and video are flushed now.
06-11 20:23:45.087  5000 22660 V NuPlayer: performReset
06-11 20:23:45.087  5000 22660 D NuPlayerDriver: notifyResetComplete(0xea3cb640)
06-11 20:23:45.087  5000  5277 V NuPlayerDriver: ~NuPlayerDriver(0xea3cb640)
06-11 20:23:45.087  5000  5277 V NuPlayerDriver: updateMetrics(0xea3cb640) from destructor at state 0
06-11 20:23:45.087  5000  5277 V NuPlayerDriver: logMetrics(0xea3cb640) from destructor at state 0
06-11 20:23:45.087  5000  5277 V NuPlayerDriver: did not have anything to record
06-11 20:23:45.087  5000  5277 V AudioSink: +++ close
06-11 20:23:45.087  5000  5277 V AudioSink: --- close
06-11 20:23:45.087  5000  5277 D AudioTrack: stop() called with 0 frames delivered
06-11 20:23:45.091  3446  3446 I SurfaceFlinger: id=1471 createSurf (720x1280),-1 flag=20004, com.example.batterymanager_utility/com.example.batterymanager_utility.MainActivity_dim#0
06-11 20:23:45.112  3446  3446 I SurfaceFlinger: Display 0 HWC layers:
06-11 20:23:45.112  3446  3446 I SurfaceFlinger:     type    |    handle    | flag |  format   |   source crop (l,t,r,b)    |         frame       | name 
06-11 20:23:45.112  3446  3446 I SurfaceFlinger: ------------+--------------+------+-----------+----------------------------+---------------------+------
06-11 20:23:45.112  3446  3446 I SurfaceFlinger:      Client |              | 0000 |  Unknown  |  -0.2   -0.2   -0.8   -0.8 |    0    0  720 1280 | animation background stackId=1#0
06-11 20:23:45.112  3446  3446 I SurfaceFlinger:      Client | 0x7569824600 | 0002 | RGBA_8888 |   0.0    0.0   31.0 1280.0 |  689    0  720 1280 | com.example.batterymanager_utility/c[...]atterymanager_utility.MainActivity#0
06-11 20:23:45.112  3446  3446 I SurfaceFlinger:      Device | 0x75634facc0 | 0000 | RGBA_8888 |   0.0    0.0  720.0   42.0 |    0    0  720   42 | StatusBar#0
06-11 20:23:45.112  3446  3446 I SurfaceFlinger: 
06-11 20:23:45.114  4989  5394 I SoundAlive_PrePost: [ -272802816 ][ 48000 ]Exe_Pre() mRequiredPreVolume is changed - dB : -25.998276  mRequiredPreVolume : -10.998276
06-11 20:23:45.114  4989  5394 I SoundAlive_PrePost: [ -272802816 ][ 48000 ]Exe_Post() mRequiredPostVolume is changed - dB : -25.998276  mRequiredPostVolume : -15.000000
06-11 20:23:45.128  3446  3446 I SurfaceFlinger: Display 0 HWC layers:
06-11 20:23:45.128  3446  3446 I SurfaceFlinger:     type    |    handle    | flag |  format   |   source crop (l,t,r,b)    |         frame       | name 
06-11 20:23:45.128  3446  3446 I SurfaceFlinger: ------------+--------------+------+-----------+----------------------------+---------------------+------
06-11 20:23:45.128  3446  3446 I SurfaceFlinger:      Client |              | 0000 |  Unknown  |   0.0    0.0   -1.0   -1.0 |    0    0  720 1280 | com.example.batterymanager_utility/c[...]rymanager_utility.MainActivity_dim#0
06-11 20:23:45.128  3446  3446 I SurfaceFlinger:      Client |              | 0000 |  Unknown  |  -0.2   -0.2   -0.8   -0.8 |    0    0  720 1280 | animation background stackId=1#0
06-11 20:23:45.128  3446  3446 I SurfaceFlinger:      Client | 0x7569824600 | 0002 | RGBA_8888 |   0.0    0.0   67.0 1280.0 |  653    0  720 1280 | com.example.batterymanager_utility/c[...]atterymanager_utility.MainActivity#0
06-11 20:23:45.128  3446  3446 I SurfaceFlinger:      Client | 0x75634facc0 | 0000 | RGBA_8888 |   0.0    0.0  720.0   42.0 |    0    0  720   42 | StatusBar#0
06-11 20:23:45.128  3446  3446 I SurfaceFlinger: 
06-11 20:23:45.135  4989  5394 I SoundAlive_PrePost: [ -272802816 ][ 48000 ]Exe_Pre() mRequiredPreGain is changed - dB : -25.998276  mRequiredPreGain : 0.000000
06-11 20:23:45.135  4989  5394 I SoundAlive_PrePost: [ -272802816 ][ 48000 ]Exe_Post() mRequiredPostGain is changed - dB : -25.998276  mRequiredPostGain : 0.000000
06-11 20:23:45.138  5301  5445 D MdnieScenarioControlService:  packageName : com.example.batterymanager_utility    className : com.example.batterymanager_utility.MainActivity
06-11 20:23:45.138  5301  5445 V MdnieScenarioControlService: setUIMode from UI function(3)
06-11 20:23:45.184  4989  5394 I SoundAlive_Interface: [ -272802816 ][ 48000 ]FlushBuffers()
06-11 20:23:45.184  4989  5394 I SoundAlive_Core: [ -272802816 ][ 48000 ](interface-API)FlushBuffers()
06-11 20:23:45.184  4989  5394 D SoundAlive_Core: [ -272802816 ][ 48000 ](internal-API)ReOpen( ConfigMode : 1 )
06-11 20:23:45.184  4989  5394 I SoundAlive_Effect: [ -272802816 ][ 48000 ]Init() nch : 2  bitdepth : 1 
06-11 20:23:45.184  4989  5394 I SoundAlive_Effect: [ -272802816 ][ 48000 ]SamplingRateConfig() SamplingRate : 48000
06-11 20:23:45.184  4989  5394 I SoundAlive_Effect: [ -272802816 ][ 48000 ]OutDevConfig() OutDevConfig : 1
06-11 20:23:45.184  4989  5394 D SoundAlive_Core: [ -272802816 ][ 48000 ](internal-API)Set_Current_Effect_Configuration( ConfigMode : 1 )
06-11 20:23:45.185  4989  5394 I SoundAlive_Effect: [ -272802816 ][ 48000 ]Set_Preset() : 0
06-11 20:23:45.185  4989  5394 I SoundAlive_Effect: [ -272802816 ][ 48000 ]Set_User_BWE() 0
06-11 20:23:45.185  4989  5394 I SoundAlive_Effect: [ -272802816 ][ 48000 ]Set_User_CH() : 0
06-11 20:23:45.185  4989  5394 I SoundAlive_Effect: [ -272802816 ][ 48000 ]Set_SquareUI() : 4 , 4
06-11 20:23:45.185  4989  5394 I SoundAlive_Effect: [ -272802816 ][ 48000 ]Set_User_3D() : 0
06-11 20:23:45.185  4989  5394 I SoundAlive_Effect: [ -272802816 ][ 48000 ]Set_User_BE() : 0
06-11 20:23:45.185  4989  5394 I SoundBoosterEffectPlus: SB_reset SoundBooster sessionId(-1302)
06-11 20:23:45.185  4989  5394 I SoundBooster_Interface: BuffClear() mMode: 1
06-11 20:23:45.185  4989  5394 I SoundBooster_Base: BuffClear()
06-11 20:23:45.185  4989  5394 I SoundBooster:SoundBooster_Music: BuffClear()
06-11 20:23:45.200  4989  5071 W AudioFlinger::EffectModule: EffectModule 0xf110ad80 destructor called with unreleased interface
06-11 20:23:45.201  4989  5071 W AudioFlinger::EffectHandle: disconnect Effect handle 0xf116cd80 disconnected after thread destruction
06-11 20:23:45.201  3422  3629 W MySpaceEffect: MySpaceEffect_setEnabled() MySpace is already disabled
06-11 20:23:45.201  4989  5071 V APM_AudioPolicyManager: stopOutput() output 13, stream 3, session 177
06-11 20:23:45.201  4989  5071 V APM_AudioPolicyManager: setLoggingHwData() type(2) device(0x2) time(63) volume(7)
06-11 20:23:45.201  4989  5071 D APM::SoundKitchen: getDevice, uid = 10204, device = 0
06-11 20:23:45.201  4989  5071 V APM_AudioPolicyManager: setBeaconMute(1) mBeaconMuteRefCount=0 mBeaconPlayingRefCount=0
06-11 20:23:45.201  4989  5071 V APM_AudioPolicyManager: getNewOutputDevice() selected device 0
06-11 20:23:45.201  4989  5071 V APM_AudioPolicyManager: setOutputDevice() device 0000 delayMs 160
06-11 20:23:45.201  4989  5071 V APM_AudioPolicyManager: setOutputDevice() prevDevice 0x0002
06-11 20:23:45.201  3422  3629 D MySpaceEffect: EffectRelease : All effects are no longer instantiated
06-11 20:23:45.201  3422  3629 D MySpace : MySpace::Close 
06-11 20:23:45.201  4989  5071 V APM_AudioPolicyManager: setOutputDevice() setting same device 0x0000 or null device
06-11 20:23:45.201  3422  3629 D MySpaceEffect: MySpaceEffect::~MySpaceEffect 
06-11 20:23:45.201  4989  5071 V APM_AudioPolicyManager: selectOutputForMusicEffects selected output 13
06-11 20:23:45.201  4989  5071 V APM_AudioPolicyManager: releaseOutput() 13
06-11 20:23:45.201  3422  3629 D MySpace : MySpace::~MySpace() -
06-11 20:23:45.478  3446  3446 I SurfaceFlinger: Display 0 HWC layers:
06-11 20:23:45.478  3446  3446 I SurfaceFlinger:     type    |    handle    | flag |  format   |   source crop (l,t,r,b)    |         frame       | name 
06-11 20:23:45.478  3446  3446 I SurfaceFlinger: ------------+--------------+------+-----------+----------------------------+---------------------+------
06-11 20:23:45.478  3446  3446 I SurfaceFlinger:      Device | 0x7569824600 | 0002 | RGBA_8888 |   0.0    0.0  720.0 1280.0 |    0    0  720 1280 | com.example.batterymanager_utility/c[...]atterymanager_utility.MainActivity#0
06-11 20:23:45.478  3446  3446 I SurfaceFlinger:      Device | 0x75634facc0 | 0000 | RGBA_8888 |   0.0    0.0  720.0   42.0 |    0    0  720   42 | StatusBar#0
06-11 20:23:45.478  3446  3446 I SurfaceFlinger: 
06-11 20:23:45.491  5301  5410 I WindowManager: Destroying surface Surface(name=com.example.batterymanager_utility/com.example.batterymanager_utility.MainActivity_dim) called by com.android.server.wm.WindowStateAnimator.destroyTransitionDimSurface:2733 com.android.server.wm.WindowState.onExitAnimationDone:5243 com.android.server.wm.AppWindowAnimator.stepAnimationLocked:508 com.android.server.wm.AppWindowToken.stepAppWindowsAnimation:1659 com.android.server.wm.WindowContainer.stepAppWindowsAnimation:521 com.android.server.wm.WindowContainer.stepAppWindowsAnimation:521 com.android.server.wm.TaskStack.stepAppWindowsAnimation:1948 com.android.server.wm.WindowContainer.stepAppWindowsAnimation:521 
06-11 20:23:45.492  3446  4960 I SurfaceFlinger: id=1471 Removed com.example.batterymanager_utility/com.example.batterymanager_utility.MainActivity_dim#0 (1/5)
06-11 20:23:45.493  3446  3554 I SurfaceFlinger: id=1471 Removed com.example.batterymanager_utility/com.example.batterymanager_utility.MainActivity_dim#0 (-2/5)
06-11 20:23:45.494  5301  5346 D CustomFrequencyManagerService: releaseDVFSLockLocked : Getting Lock type frm List : DVFS_MIN_LIMIT  frequency : 1560000  uid : 1000  pid : 5301  tag : AMS_ACT_RESUME@CPU_MIN@8
06-11 20:23:45.495  5301  5346 D ActivityManagerPerformance: AMP_release() ACT_RESUME
06-11 20:23:45.508  3446  3446 I Layer   : id=1471 onRemoved com.example.batterymanager_utility/com.example.batterymanager_utility.MainActivity_dim#0 
06-11 20:23:46.113  3435  3435 I android.hardware.wifi@1.0-service: getLinkLayerStats
06-11 20:23:46.457  6313  6313 D io_stats: !@ 179,0 r 792343 26473644 w 469136 9005956 d 28278 4396352 f 159403 161704 iot 572020 486895 th 51200 0 0 pt 0 inp 0 0 59618.215
06-11 20:23:46.965  5301  5301 D PreBindingService: handleMessage : 1
06-11 20:23:47.186  4989 22684 W libutils.threads: Thread (this=0xf1134730): don't call waitForExit() from this Thread object's thread. It's a guaranteed deadlock!
06-11 20:23:47.652  9136  9193 D ScanRecord: Not a Multi Manu data
06-11 20:23:47.653  9136  9193 I chatty  : uid=1002(bluetooth) BT Service Call identical 11 lines
06-11 20:23:47.653  9136  9193 D ScanRecord: Not a Multi Manu data
06-11 20:23:48.085  3422  3629 V audio_hw_primary_abox: primary_out-out_standby: enter
06-11 20:23:48.085  3422  3629 I audio_hw_primary_abox: primary_out-out_standby: Transit to Idle
06-11 20:23:48.089  3422  3629 I audio_hw_primary_abox: primary_out-do_close_output_stream: Closed PCM Device
06-11 20:23:48.089  3422  3629 D audio_hw_primary_abox: primary_out-set_audio_route: [PLAYBACK] current-device(speaker) new-device(speaker) in cur-mode(normal) & new-mode(normal)!
06-11 20:23:48.096 31475 31475 E adbd    : recv: OPEN 0000bac7 00000000 0042:73 68 65 6C 6C 2C 76 32 2C 54 45 52 4D 3D 78 74 65 72 6D 2D 32 35 36 63 6F 6C 6F 72 2C 72 61 77 3A 67 65 74 70 72 6F 70 20 72 6F 2E 62 75 69 6C 64 2E 76 65 72 73 69 6F 6E 2E 72 65 6C 65 61 73 65 00 
06-11 20:23:48.096 31475 31475 E adbd    : service_to_fd: shell,v2,TERM=xterm-256color,raw:getprop ro.build.version.release
06-11 20:23:48.106  3422  3629 I audio_hw_primary_abox: USAGE_SPKAMP-do_close_spkamp_stream: Closed PCM Device is /dev/snd/pcmC0D7p
06-11 20:23:48.112  3422  3629 I audio_hw_primary_abox: USAGE_SPKAMP-do_close_spkamp_stream: Closed PCM Device is /dev/snd/pcmC0D11c
06-11 20:23:48.123  3422  3629 I audio_hw_primary_abox: USAGE_SPKAMP-do_close_spkamp_stream: Closed PCM Device is /dev/snd/pcmC0D12c
06-11 20:23:48.123  3422  3629 I audio_route: > audio_route_update_path : "media-speaker" reverse(1)
06-11 20:23:48.126  3422  3629 D audio_hw_primary_abox: primary_out-do_set_route: Disabled Audio Route(media-speaker)
06-11 20:23:48.126  3422  3629 I audio_route: > audio_route_update_path : "gain-media-speaker" reverse(1)
06-11 20:23:48.126  3422  3629 D audio_hw_primary_abox: primary_out-do_set_route: Disabled Audio Gain(gain-media-speaker)
06-11 20:23:48.126  3422  3629 I audio_hw_primary_abox: primary_out-out_standby: Transit to Standby
06-11 20:23:48.126  3422  3629 V audio_hw_primary_abox: primary_out-out_standby: exit
06-11 20:23:48.128  5301 12040 D PowerManagerService: [api]  override the screen timeout by mNotificationLightScreenOverride
06-11 20:23:48.170 31475 31475 E adbd    : recv: OPEN 0000bad2 00000000 003e:73 68 65 6C 6C 2C 76 32 2C 54 45 52 4D 3D 78 74 65 72 6D 2D 32 35 36 63 6F 6C 6F 72 2C 72 61 77 3A 67 65 74 70 72 6F 70 20 72 6F 2E 62 75 69 6C 64 2E 76 65 72 73 69 6F 6E 2E 73 64 6B 00 
06-11 20:23:48.171 31475 31475 E adbd    : service_to_fd: shell,v2,TERM=xterm-256color,raw:getprop ro.build.version.sdk
06-11 20:23:48.438 31475 31475 E adbd    : recv: OPEN 0000bae4 00000000 0052:73 68 65 6C 6C 2C 76 32 2C 54 45 52 4D 3D 78 74 65 72 6D 2D 32 35 36 63 6F 6C 6F 72 2C 72 61 77 3A 61 6D 20 66 6F 72 63 65 2D 73 74 6F 70 20 63 6F 6D 2E 65 78 61 6D 70 6C 65 2E 62 61 74 74 65 72 79 6D 61 6E 61 67 65 72 5F 75 74 69 6C 69 74 79 00 
06-11 20:23:48.438 31475 31475 E adbd    : service_to_fd: shell,v2,TERM=xterm-256color,raw:am force-stop com.example.batterymanager_utility
06-11 20:23:48.528  5301 12040 I ActivityManager: Force stopping com.example.batterymanager_utility appid=10186 user=0: from pid 22762
06-11 20:23:48.529  5301 12040 I ActivityManager: Killing 22599:com.example.batterymanager_utility/u0a186 (adj 0): stop com.example.batterymanager_utility,from pid 22762
06-11 20:23:48.530  5301 12040 W ActivityManager: Force removing ActivityRecord{87dff72 u0 com.example.batterymanager_utility/.MainActivity t386}: app died, no saved state
06-11 20:23:48.538  5301 12040 D InputDispatcher: Focus left window: 22599
06-11 20:23:48.539  5301 12040 I WindowManager: Failed to capture screenshot of Token{5a6afc3 ActivityRecord{87dff72 u0 com.example.batterymanager_utility/.MainActivity t386 f}} appWin=Window{94336a5 u0 com.example.batterymanager_utility/com.example.batterymanager_utility.MainActivity} drawState=4
06-11 20:23:48.540  5301 12040 D TaskSnapshotCache: removeRunningEntry taskId=386 RunningCache size=1
06-11 20:23:48.541  5301 12040 I WindowManager: Destroying surface Surface(name=com.example.batterymanager_utility/com.example.batterymanager_utility.MainActivity) called by com.android.server.wm.WindowStateAnimator.destroySurface:2501 com.android.server.wm.WindowStateAnimator.destroySurfaceLocked:985 com.android.server.wm.WindowState.removeImmediately:2403 com.android.server.wm.WindowState.removeIfPossible:2602 com.android.server.wm.WindowState.removeIfPossible:2432 com.android.server.wm.WindowToken.removeAllWindowsIfPossible:143 com.android.server.wm.AppWindowToken.removeIfPossible:606 com.android.server.wm.AppWindowToken.onRemovedFromDisplay:674 
06-11 20:23:48.541  3446  3554 I SurfaceFlinger: id=1470 Removed com.example.batterymanager_utility/com.example.batterymanager_utility.MainActivity#0 (1/4)
06-11 20:23:48.541  3446  3554 I SurfaceFlinger: id=1470 Removed com.example.batterymanager_utility/com.example.batterymanager_utility.MainActivity#0 (-2/4)
06-11 20:23:48.544  3446  3446 I Layer   : id=1470 onRemoved com.example.batterymanager_utility/com.example.batterymanager_utility.MainActivity#0 
06-11 20:23:48.546  5301 12040 D InputDispatcher: Focused application released
06-11 20:23:48.547  5301 12040 W MultiScreenManagerService: moveTaskBackToDisplayIfNeeded(): root activity or app is null, task=TaskRecord{409e8dfd0 #386 A=com.example.batterymanager_utility U=0 StackId=1 sz=0}, rootActivity=null
06-11 20:23:48.547  5301  5301 D MdnieScenarioControlService: Listener Real Multi Window State : true
06-11 20:23:48.549  3446  3446 I SurfaceFlinger: Display 0 HWC layers:
06-11 20:23:48.549  3446  3446 I SurfaceFlinger:     type    |    handle    | flag |  format   |   source crop (l,t,r,b)    |         frame       | name 
06-11 20:23:48.549  3446  3446 I SurfaceFlinger: ------------+--------------+------+-----------+----------------------------+---------------------+------
06-11 20:23:48.549  3446  3446 I SurfaceFlinger:      Device | 0x75634facc0 | 0000 | RGBA_8888 |   0.0    0.0  720.0   42.0 |    0    0  720   42 | StatusBar#0
06-11 20:23:48.549  3446  3446 I SurfaceFlinger: 
06-11 20:23:48.555  5301 12040 D CustomFrequencyManagerService: acquireDVFSLockLocked : type : DVFS_MIN_LIMIT  frequency : 1560000  uid : 1000  pid : 5301  pkgName : AMS_APP_HOME@CPU_MIN@75
06-11 20:23:48.557  5301 12040 D ActivityManagerPerformance: AMP_acquire() HOME
06-11 20:23:48.558  5301 12040 D PersonaManagerService: Current focused persona service handled id set to : 0
06-11 20:23:48.558  5301 12040 D InputDispatcher: Focused application set to: xxxx
06-11 20:23:48.560  6546  6546 I Launcher: onWindowVisibilityChanged : false
06-11 20:23:48.562  5301 12040 V WindowManager: rotationForOrientationLw(orient=5, last=0); user=0  sensorRotation=-1 mLidState=-1 mDockMode=0 mHdmiPlugged=false
06-11 20:23:48.562  5301 10324 V WindowManager: Relayout Window{927cc16 u0 com.sec.android.app.launcher/com.sec.android.app.launcher.activities.LauncherActivity}: viewVisibility=4 req=720x1280 WM.LayoutParams{(0,0)(fillxfill) sim=#130 ty=1 fl=#81910d00 pfl=0x20000 fmt=-2 wanim=0x10302ea vsysui=0x700 needsMenuKey=2 colorMode=0 naviIconColor=0}
06-11 20:23:48.566  6546  6546 D ViewRootImpl@3f4789e[LauncherActivity]: Relayout returned: old=[0,0][720,1280] new=[0,0][720,1280] result=0x1 surface={valid=false 0} changed=false
06-11 20:23:48.567  6546  6546 D HomeContainer: setAlpha : 1.0
06-11 20:23:48.568  5301 12040 D MARsPolicyManager: onPackageResumedFG pkgName = com.sec.android.app.launcher, userId = 0
06-11 20:23:48.568  5301  5541 D GameManagerService: handleForegroundChange(). pkgName: com.sec.android.app.launcher, clsName: com.android.launcher3.Launcher,FgActivityName:com.sec.android.app.launcher/com.android.launcher3.Launcher
06-11 20:23:48.568  5301  5541 D GameManagerService: sem_perfomance_mode: 3
06-11 20:23:48.568  5301  5541 D GameManagerService: notifyResumePause(). pkg: com.sec.android.app.launcher, type: 4, isMinimized: false, isTunableApp: false
06-11 20:23:48.568  5301  5541 D GameManagerService:   notifyResumePause(). unexpected mPrevNotiType: -1
06-11 20:23:48.573  6546  6546 V Launcher: Launcher.onResume()
06-11 20:23:48.575  5301  5301 D SamsungAlarmManager: Remove alarm for next reason : android.intent.action.PACKAGE_RESTARTED : package: com.example.batterymanager_utility
06-11 20:23:48.580  5301  5337 W BroadcastQueue: Background execution not allowed: receiving Intent { act=android.intent.action.PACKAGE_RESTARTED dat=package:com.example.batterymanager_utility flg=0x10 (has extras) } to android/com.kddi.android.CpaNotiReceiver
06-11 20:23:48.580  5301  5337 W BroadcastQueue: Background execution not allowed: receiving Intent { act=android.intent.action.PACKAGE_RESTARTED dat=package:com.example.batterymanager_utility flg=0x10 (has extras) } to com.sec.android.daemonapp/com.samsung.android.weather.daemon.receiver.ClearDataReceiver
06-11 20:23:48.581  6026  6026 D CarrierSvcBindHelper: No carrier app for: 0
06-11 20:23:48.581  6026  6026 D CarrierSvcBindHelper: No carrier app for: 1
06-11 20:23:48.583  6546  6546 D ExternalMethodQueue: Getting and clearing EXTERNAL_METHOD_LIST: null
06-11 20:23:48.584  6546  6595 I LauncherAppWidgetInfo: reinflateWidgetsIfNecessary, Not required: AppWidget(id=2)
06-11 20:23:48.584  6546  6546 D Launcher: setHotWordDetection : call requestHotWordDetection true
06-11 20:23:48.584  6546  6595 I LauncherAppWidgetInfo: reinflateWidgetsIfNecessary, Not required: AppWidget(id=3)
06-11 20:23:48.584  6546  6546 D NotificationHelpTip: last [1635343296], diff [51164532], count [2]
06-11 20:23:48.585  5301  8272 D GamePkgDataHelper: getGamePkgDataIncServer(). com.sec.android.app.launcher
06-11 20:23:48.585  5301  8272 D GamePkgDataHelper: getSosPolicy(). com.sec.android.app.launcher
06-11 20:23:48.585  5301  8272 D GameManagerService: identifyGamePackage. com.sec.android.app.launcher
06-11 20:23:48.585  5301  8272 D GamePkgDataHelper: getGamePkgData(). com.sec.android.app.launcher
06-11 20:23:48.586  5301  8272 D GameManagerService: identifyGamePackage. com.sec.android.app.launcher
06-11 20:23:48.586  6439  6439 I GsaVoiceInteractionSrv: Handling ACTION_START_HOTWORD
06-11 20:23:48.586  5301  8272 D GamePkgDataHelper: getGamePkgData(). com.sec.android.app.launcher
06-11 20:23:48.586  6439  6762 I GsaVoiceInteractionSrv: (REDACTED) disregardVoiceMatch: %b
06-11 20:23:48.586  6439  6762 I GsaVoiceInteractionSrv: Cannot start hotword, hotword has been explicitly disabled.
06-11 20:23:48.587  6546  6546 D Launcher.HomeController: onResume HomeContainer current alpha = 1.0
06-11 20:23:48.587  6546  6546 D AppsCustomAdapter: notifyUpdate : com.android.launcher3.Launcher@8569425
06-11 20:23:48.587  6546  6546 D AppsDragController: needDeferToBind : true , false
06-11 20:23:48.587  6546  6546 D Notification.Badge: App icon badges are disabled
06-11 20:23:48.587  5301  8272 D GameManagerService: identifyGamePackage. com.sec.android.app.launcher
06-11 20:23:48.587  5301  8272 D GamePkgDataHelper: getGamePkgData(). com.sec.android.app.launcher
06-11 20:23:48.588  6546  6595 D Notification.Badge: LauncherModel:onNotificationFullRefresh() : [0], IconType : [-1]
06-11 20:23:48.588  5301  8272 D GameManagerService: identifyGamePackage. com.sec.android.app.launcher
06-11 20:23:48.588  5301  8272 D GamePkgDataHelper: getGamePkgData(). com.sec.android.app.launcher
06-11 20:23:48.590  5301 12040 D ActivityManager: post active user change for 0 fullscreen true isHomeActivity() true
06-11 20:23:48.590  5301 12040 I WallpaperManagerService: switchPersonaWallpaper is called for personaId-0
06-11 20:23:48.590  5301  5301 D WallpaperManagerService:  force update = false; persona id = 0; current user =0; current persona = 0
06-11 20:23:48.590  6546  6546 I Launcher: onWindowVisibilityChanged : true
06-11 20:23:48.591  5301 12040 V WindowManager: Relayout Window{927cc16 u0 com.sec.android.app.launcher/com.sec.android.app.launcher.activities.LauncherActivity}: viewVisibility=0 req=720x1280 WM.LayoutParams{(0,0)(fillxfill) sim=#130 ty=1 fl=#81910d00 pfl=0x20000 fmt=-2 wanim=0x10302ea vsysui=0x700 needsMenuKey=2 colorMode=0 naviIconColor=0}
06-11 20:23:48.592  3446  3446 I SurfaceFlinger: id=1472 createSurf (720x1280),1 flag=4, com.sec.android.app.launcher/com.sec.android.app.launcher.activities.LauncherActivity#0
06-11 20:23:48.593  5301 12040 V Surface : sf_framedrop debug : 0x4f4c, game : false, logging : 0
06-11 20:23:48.593  5301  5338 D WindowManager: set systemUiVisibility : systemUiFlags= 0x708 fullscreenStackSysUiFlags= 0x0
06-11 20:23:48.594 31475 31475 E adbd    : recv: OPEN 0000baf0 00000000 0042:73 68 65 6C 6C 2C 76 32 2C 54 45 52 4D 3D 78 74 65 72 6D 2D 32 35 36 63 6F 6C 6F 72 2C 72 61 77 3A 67 65 74 70 72 6F 70 20 72 6F 2E 62 75 69 6C 64 2E 76 65 72 73 69 6F 6E 2E 72 65 6C 65 61 73 65 00 
06-11 20:23:48.594 31475 31475 E adbd    : service_to_fd: shell,v2,TERM=xterm-256color,raw:getprop ro.build.version.release
06-11 20:23:48.596  5301 12040 D InputDispatcher: Focus entered window: 6546
06-11 20:23:48.597  5301 10324 D WindowManager: adjustSystemUiVisibilityLw : vis= 0x708
06-11 20:23:48.597  6546  6546 V Surface : sf_framedrop debug : 0x4f4c, game : false, logging : 0
06-11 20:23:48.597  6546  6546 D ViewRootImpl@3f4789e[LauncherActivity]: Relayout returned: old=[0,0][720,1280] new=[0,0][720,1280] result=0x7 surface={valid=true 511747665920} changed=true
06-11 20:23:48.602  6546  6671 D mali_winsys: EGLint new_window_surface(egl_winsys_display *, void *, EGLSurface, EGLConfig, egl_winsys_surface **, egl_color_buffer_format *, EGLBoolean) returns 0x3000,  [720x1280]-format:1
06-11 20:23:48.602  6546  6671 D OpenGLRenderer: eglCreateWindowSurface = 0x772785bb40
06-11 20:23:48.603  6546  6546 D AppsAdapter: notifyUpdate start : com.android.launcher3.Launcher@8569425
06-11 20:23:48.603  6546  6546 D AppsCustomAdapter: no change items
06-11 20:23:48.603  6546  6546 D AppsAdapter: notifyUpdate end : com.android.launcher3.Launcher@8569425
06-11 20:23:48.603  6546  6546 D ViewRootImpl@3f4789e[LauncherActivity]: MSG_WINDOW_FOCUS_CHANGED 1
06-11 20:23:48.607  6546  6546 V InputMethodManager: Starting input: tba=android.view.inputmethod.EditorInfo@d3421d1 nm : com.sec.android.app.launcher ic=null
06-11 20:23:48.607  6546  6546 I InputMethodManager: startInputInner - mService.startInputOrWindowGainedFocus
06-11 20:23:48.607  5301 10324 D InputMethodManagerService: startInputOrWindowGainedFocus : windowGainedFocus 
06-11 20:23:48.608  5301 10324 D InputMethodManagerService: windowGainedFocus: destinationUserId (getCallingUid) = 0
06-11 20:23:48.608  5301 10324 D InputMethodManagerService: windowGainedFocus: currentUserId=0
06-11 20:23:48.608  5301 10324 D InputMethodManagerService: windowGainedFocus: mCurrentFocusedUserId=0
06-11 20:23:48.608  5301 10324 D InputMethodManagerService: windowGainedFocus : lock - currentUserId = 0 destinationUserId = 0
06-11 20:23:48.608  5301 10324 D InputMethodManagerService: windowGainedFocus : mCurrentFocusedUserId - 0 and mSecureKeypadEnabled - false, userSwitched - false
06-11 20:23:48.608  5301 10324 V InputMethodManagerService: windowGainedFocus : reason=WINDOW_FOCUS_GAIN client=android.os.BinderProxy@9fe65d8 inputContext=null missingMethods= attribute=android.view.inputmethod.EditorInfo@1df50de nm = com.sec.android.app.launcher controlFlags=#104 softInputMode=#130 windowFlags=#81910d00
06-11 20:23:48.608  5301 10324 V InputMethodManagerService: hideCurrentInputLocked : shouldHideSoftInput is false
06-11 20:23:48.609  5301 10324 W InputMethodManagerService: Got RemoteException sending setActive(false) notification to pid 22599 uid 10186
06-11 20:23:48.609  5301 10324 D InputMethodManagerService: isImeSwitcherDisabledPackage : false
06-11 20:23:48.610  5301 10324 D InputMethodManagerService: setCurrentInputInfo - inputContext : null eidtorInfo : android.view.inputmethod.EditorInfo@1df50de missingMethods : 0
06-11 20:23:48.611  6546  6546 D DragLayer: DragLayer dispatchDraw, mIsNaviBarPositionChanged = false, mWillOrientationChange = false
06-11 20:23:48.611  5301  5346 W ActivityManager: setHasOverlayUi called on unknown pid: 22599
06-11 20:23:48.612  5676  5676 D InputEventReceiver: channel 'ClientState{1a1ed2 uid 10186 pid 22599} (client)' ~ Disposing input event receiver.
06-11 20:23:48.612  5676  5676 D InputEventReceiver: channel 'ClientState{1a1ed2 uid 10186 pid 22599} (client)' ~NativeInputEventReceiver.
06-11 20:23:48.612  5676  5676 I InputMethodWrapper:  call dispatchStartInputWithToken
06-11 20:23:48.612  5676  5676 I InputMethodService: dispatchStartInputWithToken
06-11 20:23:48.613  5676  5676 I SKBD    : SamsungKeypad [IMI] onStartInput - caller pid : 6546, caller uid : 10074
06-11 20:23:48.621  5301 10759 V WindowManager: finishDrawingLocked: mDrawState=COMMIT_DRAW_PENDING Window{927cc16 u0 com.sec.android.app.launcher/com.sec.android.app.launcher.activities.LauncherActivity} in Surface(name=com.sec.android.app.launcher/com.sec.android.app.launcher.activities.LauncherActivity)
06-11 20:23:48.622  5689 19362 D WallpaperService: dispatchAppVisibility onVisibilityChanged(): true
06-11 20:23:48.622  5689  5689 D ImageWallpaper: onOffsetsChanged: xOffset=0.0, yOffset=0.0, xOffsetStep=0.0, yOffsetStep=0.0, xPixels=0, yPixels=0
06-11 20:23:48.623  5689  5689 D ImageWallpaper: newRotation : 0,mLastRotation : 0
06-11 20:23:48.623  5689  5689 D ImageWallpaper: drawFrame:[frame.width()]1280[frame.height()]1280
06-11 20:23:48.623  5689  5689 D ImageWallpaper: surfaceDimensionsChanged=false mDisplayWidth=720 mDisplayHeight=1280
06-11 20:23:48.623  5689  5689 D ImageWallpaper: redrawNeeded = false, mOffsetsChanged = false
06-11 20:23:48.623  5689  5689 D ImageWallpaper: Suppressed drawFrame since redraw is not needed and offsets have not changed.
06-11 20:23:48.623  5689  5689 D WallpaperService: updateSurface forceRelayout=false redrawNeeded=false myWidth=1280 myHeight=1280 fixedSize=true x = 0 y = 0 mWidth=1280 mHeight=1280 mIsSleepMode=false
06-11 20:23:48.623  5689  5689 D ImageWallpaper: onVisibilityChanged: mVisible, visible=false, true
06-11 20:23:48.623  5689  5689 D ImageWallpaper: Visibility changed to visible=true
06-11 20:23:48.623  5689  5689 D ImageWallpaper: newRotation : 0,mLastRotation : 0
06-11 20:23:48.623  5689  5689 D ImageWallpaper: drawFrame:[frame.width()]1280[frame.height()]1280
06-11 20:23:48.623  5689  5689 D ImageWallpaper: surfaceDimensionsChanged=false mDisplayWidth=720 mDisplayHeight=1280
06-11 20:23:48.623  5689  5689 D ImageWallpaper: redrawNeeded = false, mOffsetsChanged = false
06-11 20:23:48.623  5689  5689 D ImageWallpaper: Suppressed drawFrame since redraw is not needed and offsets have not changed.
06-11 20:23:48.623  5689  5689 D WallpaperService: reportVisibility onVisibilityChanged visible: true
06-11 20:23:48.625  5301  5410 D SamsungAnimationCreator: createAnimation type:LowEnd transit:13 enter:false wallpaperXoffset:-280 split:false fixedOri:false
06-11 20:23:48.625  5301  5410 D SamsungAnimationCreator: createAnimation displayFrame:Rect(0, 0 - 720, 1280) frame:null insets:null
06-11 20:23:48.627  5689  5689 D WallpaperService: updateSurface forceRelayout=true redrawNeeded=false myWidth=1280 myHeight=1280 fixedSize=true x = 0 y = 0 mWidth=1280 mHeight=1280 mIsSleepMode=false
06-11 20:23:48.630  5301 10324 V WindowManager: Relayout Window{284921e u0 com.android.systemui.ImageWallpaper}: viewVisibility=0 req=1280x1280 WM.LayoutParams{(0,0)(1280x1280) gr=#800033 ty=2013 fl=#10318 fmt=2 wanim=0x103030e colorMode=0 naviIconColor=0}
06-11 20:23:48.634  5689  5689 D ImageWallpaper: onOffsetsChanged: xOffset=0.0, yOffset=0.0, xOffsetStep=0.0, yOffsetStep=0.0, xPixels=0, yPixels=0
06-11 20:23:48.635  5689  5689 D ImageWallpaper: newRotation : 0,mLastRotation : 0
06-11 20:23:48.635  5689  5689 D ImageWallpaper: drawFrame:[frame.width()]1280[frame.height()]1280
06-11 20:23:48.635  5689  5689 D ImageWallpaper: surfaceDimensionsChanged=false mDisplayWidth=720 mDisplayHeight=1280
06-11 20:23:48.635  5689  5689 D ImageWallpaper: redrawNeeded = false, mOffsetsChanged = false
06-11 20:23:48.635  5689  5689 D ImageWallpaper: Suppressed drawFrame since redraw is not needed and offsets have not changed.
06-11 20:23:48.642 31475 31475 E adbd    : recv: OPEN 0000baf3 00000000 003e:73 68 65 6C 6C 2C 76 32 2C 54 45 52 4D 3D 78 74 65 72 6D 2D 32 35 36 63 6F 6C 6F 72 2C 72 61 77 3A 67 65 74 70 72 6F 70 20 72 6F 2E 62 75 69 6C 64 2E 76 65 72 73 69 6F 6E 2E 73 64 6B 00 
06-11 20:23:48.643 31475 31475 E adbd    : service_to_fd: shell,v2,TERM=xterm-256color,raw:getprop ro.build.version.sdk
06-11 20:23:48.645  5689 19362 D SystemServicesProxy: updateOverviewLastStackActiveTimeAsync: newTime=1686474119223
06-11 20:23:48.645  5301 10759 D SecContentProvider: query(), uri = 17 selection = isSettingsChangesAllowed
06-11 20:23:48.646  5301 10759 D SecContentProvider: called from android.uid.systemui:10008
06-11 20:23:48.646  5689  5835 D SystemServicesProxy: updateOverviewLastStackActiveTimeAsync: done.
06-11 20:23:48.650  3446  3446 I SurfaceFlinger: Display 0 HWC layers:
06-11 20:23:48.650  3446  3446 I SurfaceFlinger:     type    |    handle    | flag |  format   |   source crop (l,t,r,b)    |         frame       | name 
06-11 20:23:48.650  3446  3446 I SurfaceFlinger: ------------+--------------+------+-----------+----------------------------+---------------------+------
06-11 20:23:48.650  3446  3446 I SurfaceFlinger:      Device | 0x7569824a80 | 0002 | RGBx_8888 | 280.0    0.0 1000.0 1280.0 |    0    0  720 1280 | com.android.systemui.ImageWallpaper#0
06-11 20:23:48.650  3446  3446 I SurfaceFlinger:      Device | 0x7569825080 | 0000 | RGBA_8888 | 120.0  213.0  601.0 1068.0 |    1    1  720 1280 | com.sec.android.app.launcher/com.sec[...]uncher.activities.LauncherActivity#0
06-11 20:23:48.650  3446  3446 I SurfaceFlinger:      Device | 0x75634facc0 | 0000 | RGBA_8888 |   0.0    0.0  720.0   42.0 |    0    0  720   42 | StatusBar#0
06-11 20:23:48.650  3446  3446 I SurfaceFlinger: 
06-11 20:23:48.650  5301 10759 D PackageManager: getComponentMetadataForIconTray : com.example.batterymanager_utility.MainActivity does not exist in mServices
06-11 20:23:48.650  5301 10759 D PackageManager: getComponentMetadataForIconTray : com.example.batterymanager_utility.MainActivity does not exist in mProviders
06-11 20:23:48.650  5301 10759 D PackageManager: getComponentMetadataForIconTray : com.example.batterymanager_utility.MainActivity does not exist in mReceivers
06-11 20:23:48.651  5689 19362 D ApplicationPackageManager: updateItemMetaDataForFixedIconScale: package: com.example.batterymanager_utility
06-11 20:23:48.651  5301 10759 D PackageManager: getSelectedMetaData : packageName(com.example.batterymanager_utility) or Metadata strings {[Ljava.lang.String;@5b15cd5}
06-11 20:23:48.651  5689 19362 I ApplicationPackageManager: load=com.example.batterymanager_utility, bg=144-144, dr=189-189, forDefault=true, density=0
06-11 20:23:48.654  5689 19362 I ApplicationPackageManager: scaled rate=0.72, size=189, alpha=54, hold=102
06-11 20:23:48.654  5689 19362 D ApplicationPackageManager: iconScale: getScale(): 0.72 getAlpha(): 54
06-11 20:23:48.655  5689 19362 I ApplicationPackageManager: load=com.example.batterymanager_utility-contain, bg=112-112, dr=189-189
06-11 20:23:48.715  5301  5445 D MdnieScenarioControlService:  packageName : com.sec.android.app.launcher    className : com.sec.android.app.launcher.activities.LauncherActivity
06-11 20:23:48.715  5301  5445 V MdnieScenarioControlService: setUIMode from UI function(3)
06-11 20:23:49.058  5301  5301 D CustomFrequencyManagerService: releaseDVFSLockLocked : Getting Lock type frm List : DVFS_MIN_LIMIT  frequency : 1560000  uid : 1000  pid : 5301  tag : AMS_APP_HOME@CPU_MIN@75
06-11 20:23:49.123  3435  3435 I android.hardware.wifi@1.0-service: getLinkLayerStats
06-11 20:23:49.131  6546  6671 W OpenGLRenderer: Incorrectly called buildLayer on View: WorkspaceCellLayoutChildren, destroying layer...
06-11 20:23:49.131  6546  6671 W OpenGLRenderer: Incorrectly called buildLayer on View: WorkspaceCellLayoutChildren, destroying layer...
06-11 20:23:50.535  5301  5301 D PreBindingService: handleMessage : 1
06-11 20:23:50.719  9136  9193 D ScanRecord: Not a Multi Manu data
06-11 20:23:50.838  9136  9193 I chatty  : uid=1002(bluetooth) BT Service Call identical 76 lines
06-11 20:23:50.838  9136  9193 D ScanRecord: Not a Multi Manu data
06-11 20:23:50.946  5301  5414 D SensorService: [SO] 0.503 -0.488 9.917
06-11 20:23:51.463  6313  6313 D io_stats: !@ 179,0 r 792345 26473652 w 469156 9006356 d 28283 4396480 f 159406 161707 iot 572044 486912 th 51200 0 0 pt 0 inp 0 0 59623.221
06-11 20:23:51.943 15005 15005 D HealthDataStore: Trying to connect with Health Service fails (error code: 5)
06-11 20:23:51.954 15005 22769 D HealthDataStore: Service for HealthDataStore is connected
06-11 20:23:51.959 15005 22769 D HealthDataStore: Waiting for initialization of Health framework ...
06-11 20:23:52.146  3435  3435 I android.hardware.wifi@1.0-service: getLinkLayerStats
06-11 20:23:53.601  5301  8272 D SSRM:k  : SIOP:: AP = 340, PST = 337 (W:30), BAT = 328, USB = 0, CHG = 0
06-11 20:23:53.724 31475 31475 E adbd    : recv: OPEN 0000bb14 00000000 003e:73 68 65 6C 6C 2C 76 32 2C 54 45 52 4D 3D 78 74 65 72 6D 2D 32 35 36 63 6F 6C 6F 72 2C 72 61 77 3A 67 65 74 70 72 6F 70 20 72 6F 2E 62 75 69 6C 64 2E 76 65 72 73 69 6F 6E 2E 73 64 6B 00 
06-11 20:23:53.725 31475 31475 E adbd    : service_to_fd: shell,v2,TERM=xterm-256color,raw:getprop ro.build.version.sdk
06-11 20:23:53.863  9136  9193 D ScanRecord: Not a Multi Manu data
06-11 20:23:53.893  9136  9193 I chatty  : uid=1002(bluetooth) BT Service Call identical 24 lines
06-11 20:23:53.893  9136  9193 D ScanRecord: Not a Multi Manu data
06-11 20:23:53.967 31475 31475 E adbd    : recv: OPEN 0000bb17 00000000 0045:73 68 65 6C 6C 2C 76 32 2C 54 45 52 4D 3D 78 74 65 72 6D 2D 32 35 36 63 6F 6C 6F 72 2C 72 61 77 3A 6C 6F 67 63 61 74 20 2D 66 20 2F 6D 6E 74 2F 73 64 63 61 72 64 2F 6C 6F 67 63 61 74 2E 74 78 74 20 2D 64 00 
06-11 20:23:53.967 31475 31475 E adbd    : service_to_fd: shell,v2,TERM=xterm-256color,raw:logcat -f /mnt/sdcard/logcat.txt -d
