--------- beginning of system
07-04 06:24:07.273   765  3127 I ActivityManager: START u0 {act=android.intent.action.MAIN cat=[android.intent.category.LAUNCHER] flg=0x10000000 cmp=com.example.batterymanager_utility/.MainActivity} from uid 2000
--------- beginning of main
07-04 06:23:00.284  3121  3373 W OpenGLRenderer: Incorrectly called buildLayer on View: ShortcutAndWidgetContainer, destroying layer...
07-04 06:24:07.314 16457 16457 I zygote64: Late-enabling -Xcheck:jni
07-04 06:24:07.316   765  3794 I ActivityManager: Start proc 16457:com.example.batterymanager_utility/u0a111 for activity com.example.batterymanager_utility/.MainActivity
07-04 06:24:07.344  3121  3381 V ClearcutMetricXmitter: Transmission is done.
07-04 06:24:07.393  3005  3005 I GsaVoiceInteractionSrv: Handling ACTION_STOP_HOTWORD
07-04 06:24:07.478 16457 16457 I BatteryMgr:App: creating notification channel
07-04 06:24:07.552 16457 16475 D OpenGLRenderer: HWUI GL Pipeline
07-04 06:24:07.729 16457 16457 W zygote64: Class androidx.compose.runtime.snapshots.SnapshotStateList failed lock verification and will run slower.
07-04 06:24:07.729 16457 16457 W zygote64: Common causes for lock verification issues are non-optimized dex code
07-04 06:24:07.729 16457 16457 W zygote64: and incorrect proguard optimizations.
07-04 06:24:07.765 16471 16471 D AndroidRuntime: >>>>>> START com.android.internal.os.RuntimeInit uid 2000 <<<<<<
07-04 06:24:07.858 16457 16462 I zygote64: Do partial code cache collection, code=30KB, data=19KB
07-04 06:24:07.859 16457 16462 I zygote64: After code cache collection, code=30KB, data=19KB
07-04 06:24:07.859 16457 16462 I zygote64: Increasing code cache capacity to 128KB
07-04 06:24:07.879 16471 16471 D ICU     : Timezone override file found: /data/misc/zoneinfo/current/icu/icu_tzdata.dat
07-04 06:24:07.897 16471 16471 I app_process: The ClassLoaderContext is a special shared library.
07-04 06:24:07.932 16471 16471 D AndroidRuntime: Calling main entry com.android.commands.monkey.Monkey
07-04 06:24:07.934 16471 16471 W Monkey  : args: [-p, e.www.cameratest, 1]
07-04 06:24:07.935 16471 16471 W Monkey  :  arg: "-p"
07-04 06:24:07.935 16471 16471 W Monkey  :  arg: "e.www.cameratest"
07-04 06:24:07.935 16471 16471 W Monkey  :  arg: "1"
07-04 06:24:07.935 16471 16471 W Monkey  : data="e.www.cameratest"
07-04 06:24:07.962   765   779 W BroadcastQueue: Skipping deliver [background] BroadcastRecord{1d6f2d2 u-1 android.net.conn.CONNECTIVITY_CHANGE} to ReceiverList{ffc02a0 16471 (unknown name)/2000/u-1 remote:f51a734}: process gone or crashing
07-04 06:24:07.966 16457 16475 I Adreno  : QUALCOMM build                   : 8e59954, I0be83d0d26
07-04 06:24:07.966 16457 16475 I Adreno  : Build Date                       : 09/22/17
07-04 06:24:07.966 16457 16475 I Adreno  : OpenGL ES Shader Compiler Version: EV031.21.02.00
07-04 06:24:07.966 16457 16475 I Adreno  : Local Branch                     : O17A
07-04 06:24:07.966 16457 16475 I Adreno  : Remote Branch                    : 
07-04 06:24:07.966 16457 16475 I Adreno  : Remote Branch                    : 
07-04 06:24:07.966 16457 16475 I Adreno  : Reconstruct Branch               : 
07-04 06:24:07.967 16457 16475 D vndksupport: Loading /vendor/lib64/hw/gralloc.msm8992.so from current namespace instead of sphal namespace.
07-04 06:24:07.979   765  3794 I ActivityManager: START u0 {act=android.intent.action.MAIN cat=[android.intent.category.LAUNCHER] flg=0x10200000 cmp=e.www.cameratest/.MainActivity} from uid 2000
07-04 06:24:07.979   765  3794 W Binder  : Outgoing transactions from this process must be FLAG_ONEWAY
07-04 06:24:07.979   765  3794 W Binder  : java.lang.Throwable
07-04 06:24:07.979   765  3794 W Binder  : 	at android.os.BinderProxy.transact(Binder.java:752)
07-04 06:24:07.979   765  3794 W Binder  : 	at android.app.IActivityController$Stub$Proxy.activityStarting(IActivityController.java:172)
07-04 06:24:07.979   765  3794 W Binder  : 	at com.android.server.am.ActivityStarter.startActivity(ActivityStarter.java:449)
07-04 06:24:07.979   765  3794 W Binder  : 	at com.android.server.am.ActivityStarter.startActivityLocked(ActivityStarter.java:278)
07-04 06:24:07.979   765  3794 W Binder  : 	at com.android.server.am.ActivityStarter.startActivityMayWait(ActivityStarter.java:817)
07-04 06:24:07.979   765  3794 W Binder  : 	at com.android.server.am.ActivityManagerService.startActivityAsUser(ActivityManagerService.java:4532)
07-04 06:24:07.979   765  3794 W Binder  : 	at com.android.server.am.ActivityManagerService.startActivity(ActivityManagerService.java:4519)
07-04 06:24:07.979   765  3794 W Binder  : 	at android.app.IActivityManager$Stub.onTransact(IActivityManager.java:121)
07-04 06:24:07.979   765  3794 W Binder  : 	at com.android.server.am.ActivityManagerService.onTransact(ActivityManagerService.java:2919)
07-04 06:24:07.979   765  3794 W Binder  : 	at android.os.Binder.execTransact(Binder.java:697)
07-04 06:24:07.982 16457 16475 I Adreno  : PFP: 0x00000000, ME: 0x00000000
07-04 06:24:07.986 16471 16471 I Monkey  : Events injected: 1
07-04 06:24:07.989   362   362 W /system/bin/hwservicemanager: getTransport: Cannot find entry android.hardware.configstore@1.0::ISurfaceFlingerConfigs/default in either framework or device manifest.
07-04 06:24:07.994 16471 16471 I Monkey  : ## Network stats: elapsed time=12ms (0ms mobile, 0ms wifi, 12ms not connected)
07-04 06:24:07.995 16457 16475 I zygote64: android::hardware::configstore::V1_0::ISurfaceFlingerConfigs::hasWideColorDisplay retrieved: 0
07-04 06:24:07.996 16457 16457 D Compose Focus: Owner FocusChanged(true)
07-04 06:24:07.996 16457 16475 I OpenGLRenderer: Initialized EGL, version 1.4
07-04 06:24:07.996 16457 16475 D OpenGLRenderer: Swap behavior 2
07-04 06:24:08.003 16471 16471 I com.android.commands.monkey: System.exit called, status: 0
07-04 06:24:08.003 16471 16471 I AndroidRuntime: VM exiting with result code 0.
07-04 06:24:08.058   362   362 W /system/bin/hwservicemanager: getTransport: Cannot find entry android.hardware.graphics.mapper@2.0::IMapper/default in either framework or device manifest.
07-04 06:24:08.059 16457 16475 D vndksupport: Loading /vendor/lib64/hw/android.hardware.graphics.mapper@2.0-impl.so from current namespace instead of sphal namespace.
07-04 06:24:08.060 16457 16475 D vndksupport: Loading /vendor/lib64/hw/gralloc.msm8992.so from current namespace instead of sphal namespace.
07-04 06:24:08.093  1237  1237 I GoogleInputMethodService: GoogleInputMethodService.onFinishInput():3306 
07-04 06:24:08.095  1237  1237 I GoogleInputMethodService: GoogleInputMethodService.updateDeviceLockedStatus():2127 repeatCheckTimes = 0, locked = false
07-04 06:24:08.096  1237  1237 I GoogleInputMethodService: GoogleInputMethodService.onStartInput():1909 onStartInput(EditorInfo{inputType=0x0(NULL) imeOptions=0x0 privateImeOptions=null actionName=UNSPECIFIED actionLabel=null actionId=0 initialSelStart=-1 initialSelEnd=-1 initialCapsMode=0x0 hintText=null label=null packageName=com.example.batterymanager_utility fieldId=-1 fieldName=null extras=null hintLocales=[]}, false)
07-04 06:24:08.096  1237  1237 I GoogleInputMethodService: GoogleInputMethodService.shouldHideHeaderOnInitialState():1990 ShouldHideHeaderOnInitialState = false
07-04 06:24:08.098  1237  1237 I GoogleInputMethodService: GoogleInputMethodService.updateDeviceLockedStatus():2127 repeatCheckTimes = 1, locked = false
07-04 06:24:08.108   765  3787 I ActivityManager: Start proc 16488:e.www.cameratest/u0a108 for activity e.www.cameratest/.MainActivity
07-04 06:24:08.110 16488 16488 I zygote64: Late-enabling -Xcheck:jni
07-04 06:24:08.370 16488 16488 I zygote64: Rejecting re-init on previously-failed class java.lang.Class<androidx.core.view.ViewCompat$2>: java.lang.NoClassDefFoundError: Failed resolution of: Landroid/view/View$OnUnhandledKeyEventListener;
07-04 06:24:08.371 16488 16488 I zygote64:   at void androidx.core.view.ViewCompat.setOnApplyWindowInsetsListener(android.view.View, androidx.core.view.OnApplyWindowInsetsListener) (ViewCompat.java:2421)
07-04 06:24:08.371 16488 16488 I zygote64:   at android.view.ViewGroup androidx.appcompat.app.AppCompatDelegateImpl.createSubDecor() (AppCompatDelegateImpl.java:779)
07-04 06:24:08.371 16488 16488 I zygote64:   at void androidx.appcompat.app.AppCompatDelegateImpl.ensureSubDecor() (AppCompatDelegateImpl.java:659)
07-04 06:24:08.371 16488 16488 I zygote64:   at void androidx.appcompat.app.AppCompatDelegateImpl.setContentView(int) (AppCompatDelegateImpl.java:552)
07-04 06:24:08.371 16488 16488 I zygote64:   at void androidx.appcompat.app.AppCompatActivity.setContentView(int) (AppCompatActivity.java:161)
07-04 06:24:08.371 16488 16488 I zygote64:   at void e.www.cameratest.MainActivity.onCreate(android.os.Bundle) (MainActivity.kt:109)
07-04 06:24:08.371 16488 16488 I zygote64:   at void android.app.Activity.performCreate(android.os.Bundle, android.os.PersistableBundle) (Activity.java:7009)
07-04 06:24:08.371 16488 16488 I zygote64:   at void android.app.Activity.performCreate(android.os.Bundle) (Activity.java:7000)
07-04 06:24:08.371 16488 16488 I zygote64:   at void android.app.Instrumentation.callActivityOnCreate(android.app.Activity, android.os.Bundle) (Instrumentation.java:1214)
07-04 06:24:08.371 16488 16488 I zygote64:   at android.app.Activity android.app.ActivityThread.performLaunchActivity(android.app.ActivityThread$ActivityClientRecord, android.content.Intent) (ActivityThread.java:2731)
07-04 06:24:08.371 16488 16488 I zygote64:   at void android.app.ActivityThread.handleLaunchActivity(android.app.ActivityThread$ActivityClientRecord, android.content.Intent, java.lang.String) (ActivityThread.java:2856)
07-04 06:24:08.371 16488 16488 I zygote64:   at void android.app.ActivityThread.-wrap11(android.app.ActivityThread, android.app.ActivityThread$ActivityClientRecord, android.content.Intent, java.lang.String) (ActivityThread.java:-1)
07-04 06:24:08.371 16488 16488 I zygote64:   at void android.app.ActivityThread$H.handleMessage(android.os.Message) (ActivityThread.java:1589)
07-04 06:24:08.371 16488 16488 I zygote64:   at void android.os.Handler.dispatchMessage(android.os.Message) (Handler.java:106)
07-04 06:24:08.371 16488 16488 I zygote64:   at void android.os.Looper.loop() (Looper.java:164)
07-04 06:24:08.371 16488 16488 I zygote64:   at void android.app.ActivityThread.main(java.lang.String[]) (ActivityThread.java:6494)
07-04 06:24:08.371 16488 16488 I zygote64:   at java.lang.Object java.lang.reflect.Method.invoke(java.lang.Object, java.lang.Object[]) (Method.java:-2)
07-04 06:24:08.371 16488 16488 I zygote64:   at void com.android.internal.os.RuntimeInit$MethodAndArgsCaller.run() (RuntimeInit.java:438)
07-04 06:24:08.371 16488 16488 I zygote64:   at void com.android.internal.os.ZygoteInit.main(java.lang.String[]) (ZygoteInit.java:807)
07-04 06:24:08.371 16488 16488 I zygote64: Caused by: java.lang.ClassNotFoundException: Didn't find class "android.view.View$OnUnhandledKeyEventListener" on path: DexPathList[[zip file "/data/app/e.www.cameratest-UItJiUKwawNXRINlLqTB7A==/base.apk"],nativeLibraryDirectories=[/data/app/e.www.cameratest-UItJiUKwawNXRINlLqTB7A==/lib/arm64, /system/lib64, /vendor/lib64]]
07-04 06:24:08.371 16488 16488 I zygote64:   at java.lang.Class dalvik.system.BaseDexClassLoader.findClass(java.lang.String) (BaseDexClassLoader.java:125)
07-04 06:24:08.371 16488 16488 I zygote64:   at java.lang.Class java.lang.ClassLoader.loadClass(java.lang.String, boolean) (ClassLoader.java:379)
07-04 06:24:08.371 16488 16488 I zygote64:   at java.lang.Class java.lang.ClassLoader.loadClass(java.lang.String) (ClassLoader.java:312)
07-04 06:24:08.371 16488 16488 I zygote64:   at void androidx.core.view.ViewCompat.setOnApplyWindowInsetsListener(android.view.View, androidx.core.view.OnApplyWindowInsetsListener) (ViewCompat.java:2421)
07-04 06:24:08.371 16488 16488 I zygote64:   at android.view.ViewGroup androidx.appcompat.app.AppCompatDelegateImpl.createSubDecor() (AppCompatDelegateImpl.java:779)
07-04 06:24:08.371 16488 16488 I zygote64:   at void androidx.appcompat.app.AppCompatDelegateImpl.ensureSubDecor() (AppCompatDelegateImpl.java:659)
07-04 06:24:08.371 16488 16488 I zygote64:   at void androidx.appcompat.app.AppCompatDelegateImpl.setContentView(int) (AppCompatDelegateImpl.java:552)
07-04 06:24:08.371 16488 16488 I zygote64:   at void androidx.appcompat.app.AppCompatActivity.setContentView(int) (AppCompatActivity.java:161)
07-04 06:24:08.371 16488 16488 I zygote64:   at void e.www.cameratest.MainActivity.onCreate(android.os.Bundle) (MainActivity.kt:109)
07-04 06:24:08.371 16488 16488 I zygote64:   at void android.app.Activity.performCreate(android.os.Bundle, android.os.PersistableBundle) (Activity.java:7009)
07-04 06:24:08.371 16488 16488 I zygote64:   at void android.app.Activity.performCreate(android.os.Bundle) (Activity.java:7000)
07-04 06:24:08.371 16488 16488 I zygote64:   at void android.app.Instrumentation.callActivityOnCreate(android.app.Activity, android.os.Bundle) (Instrumentation.java:1214)
07-04 06:24:08.371 16488 16488 I zygote64:   at android.app.Activity android.app.ActivityThread.performLaunchActivity(android.app.ActivityThread$ActivityClientRecord, android.content.Intent) (ActivityThread.java:2731)
07-04 06:24:08.371 16488 16488 I zygote64:   at void android.app.ActivityThread.handleLaunchActivity(android.app.ActivityThread$ActivityClientRecord, android.content.Intent, java.lang.String) (ActivityThread.java:2856)
07-04 06:24:08.371 16488 16488 I zygote64:   at void android.app.ActivityThread.-wrap11(android.app.ActivityThread, android.app.ActivityThread$ActivityClientRecord, android.content.Intent, java.lang.String) (ActivityThread.java:-1)
07-04 06:24:08.371 16488 16488 I zygote64:   at void android.app.ActivityThread$H.handleMessage(android.os.Message) (ActivityThread.java:1589)
07-04 06:24:08.371 16488 16488 I zygote64:   at void android.os.Handler.dispatchMessage(android.os.Message) (Handler.java:106)
07-04 06:24:08.371 16488 16488 I zygote64:   at void android.os.Looper.loop() (Looper.java:164)
07-04 06:24:08.371 16488 16488 I zygote64:   at void android.app.ActivityThread.main(java.lang.String[]) (ActivityThread.java:6494)
07-04 06:24:08.371 16488 16488 I zygote64:   at java.lang.Object java.lang.reflect.Method.invoke(java.lang.Object, java.lang.Object[]) (Method.java:-2)
07-04 06:24:08.371 16488 16488 I zygote64:   at void com.android.internal.os.RuntimeInit$MethodAndArgsCaller.run() (RuntimeInit.java:438)
07-04 06:24:08.371 16488 16488 I zygote64:   at void com.android.internal.os.ZygoteInit.main(java.lang.String[]) (ZygoteInit.java:807)
07-04 06:24:08.371 16488 16488 I zygote64: 
07-04 06:24:08.371 16488 16488 I zygote64: Rejecting re-init on previously-failed class java.lang.Class<androidx.core.view.ViewCompat$2>: java.lang.NoClassDefFoundError: Failed resolution of: Landroid/view/View$OnUnhandledKeyEventListener;
07-04 06:24:08.371 16488 16488 I zygote64:   at void androidx.core.view.ViewCompat.setOnApplyWindowInsetsListener(android.view.View, androidx.core.view.OnApplyWindowInsetsListener) (ViewCompat.java:2421)
07-04 06:24:08.371 16488 16488 I zygote64:   at android.view.ViewGroup androidx.appcompat.app.AppCompatDelegateImpl.createSubDecor() (AppCompatDelegateImpl.java:779)
07-04 06:24:08.371 16488 16488 I zygote64:   at void androidx.appcompat.app.AppCompatDelegateImpl.ensureSubDecor() (AppCompatDelegateImpl.java:659)
07-04 06:24:08.371 16488 16488 I zygote64:   at void androidx.appcompat.app.AppCompatDelegateImpl.setContentView(int) (AppCompatDelegateImpl.java:552)
07-04 06:24:08.371 16488 16488 I zygote64:   at void androidx.appcompat.app.AppCompatActivity.setContentView(int) (AppCompatActivity.java:161)
07-04 06:24:08.371 16488 16488 I zygote64:   at void e.www.cameratest.MainActivity.onCreate(android.os.Bundle) (MainActivity.kt:109)
07-04 06:24:08.371 16488 16488 I zygote64:   at void android.app.Activity.performCreate(android.os.Bundle, android.os.PersistableBundle) (Activity.java:7009)
07-04 06:24:08.371 16488 16488 I zygote64:   at void android.app.Activity.performCreate(android.os.Bundle) (Activity.java:7000)
07-04 06:24:08.371 16488 16488 I zygote64:   at void android.app.Instrumentation.callActivityOnCreate(android.app.Activity, android.os.Bundle) (Instrumentation.java:1214)
07-04 06:24:08.371 16488 16488 I zygote64:   at android.app.Activity android.app.ActivityThread.performLaunchActivity(android.app.ActivityThread$ActivityClientRecord, android.content.Intent) (ActivityThread.java:2731)
07-04 06:24:08.371 16488 16488 I zygote64:   at void android.app.ActivityThread.handleLaunchActivity(android.app.ActivityThread$ActivityClientRecord, android.content.Intent, java.lang.String) (ActivityThread.java:2856)
07-04 06:24:08.371 16488 16488 I zygote64:   at void android.app.ActivityThread.-wrap11(android.app.ActivityThread, android.app.ActivityThread$ActivityClientRecord, android.content.Intent, java.lang.String) (ActivityThread.java:-1)
07-04 06:24:08.371 16488 16488 I zygote64:   at void android.app.ActivityThread$H.handleMessage(android.os.Message) (ActivityThread.java:1589)
07-04 06:24:08.371 16488 16488 I zygote64:   at void android.os.Handler.dispatchMessage(android.os.Message) (Handler.java:106)
07-04 06:24:08.371 16488 16488 I zygote64:   at void android.os.Looper.loop() (Looper.java:164)
07-04 06:24:08.371 16488 16488 I zygote64:   at void android.app.ActivityThread.main(java.lang.String[]) (ActivityThread.java:6494)
07-04 06:24:08.371 16488 16488 I zygote64:   at java.lang.Object java.lang.reflect.Method.invoke(java.lang.Object, java.lang.Object[]) (Method.java:-2)
07-04 06:24:08.371 16488 16488 I zygote64:   at void com.android.internal.os.RuntimeInit$MethodAndArgsCaller.run() (RuntimeInit.java:438)
07-04 06:24:08.371 16488 16488 I zygote64:   at void com.android.internal.os.ZygoteInit.main(java.lang.String[]) (ZygoteInit.java:807)
07-04 06:24:08.371 16488 16488 I zygote64: Caused by: java.lang.ClassNotFoundException: Didn't find class "android.view.View$OnUnhandledKeyEventListener" on path: DexPathList[[zip file "/data/app/e.www.cameratest-UItJiUKwawNXRINlLqTB7A==/base.apk"],nativeLibraryDirectories=[/data/app/e.www.cameratest-UItJiUKwawNXRINlLqTB7A==/lib/arm64, /system/lib64, /vendor/lib64]]
07-04 06:24:08.371 16488 16488 I zygote64:   at java.lang.Class dalvik.system.BaseDexClassLoader.findClass(java.lang.String) (BaseDexClassLoader.java:125)
07-04 06:24:08.371 16488 16488 I zygote64:   at java.lang.Class java.lang.ClassLoader.loadClass(java.lang.String, boolean) (ClassLoader.java:379)
07-04 06:24:08.371 16488 16488 I zygote64:   at java.lang.Class java.lang.ClassLoader.loadClass(java.lang.String) (ClassLoader.java:312)
07-04 06:24:08.371 16488 16488 I zygote64:   at void androidx.core.view.ViewCompat.setOnApplyWindowInsetsListener(android.view.View, androidx.core.view.OnApplyWindowInsetsListener) (ViewCompat.java:2421)
07-04 06:24:08.371 16488 16488 I zygote64:   at android.view.ViewGroup androidx.appcompat.app.AppCompatDelegateImpl.createSubDecor() (AppCompatDelegateImpl.java:779)
07-04 06:24:08.371 16488 16488 I zygote64:   at void androidx.appcompat.app.AppCompatDelegateImpl.ensureSubDecor() (AppCompatDelegateImpl.java:659)
07-04 06:24:08.371 16488 16488 I zygote64:   at void androidx.appcompat.app.AppCompatDelegateImpl.setContentView(int) (AppCompatDelegateImpl.java:552)
07-04 06:24:08.371 16488 16488 I zygote64:   at void androidx.appcompat.app.AppCompatActivity.setContentView(int) (AppCompatActivity.java:161)
07-04 06:24:08.372 16488 16488 I zygote64:   at void e.www.cameratest.MainActivity.onCreate(android.os.Bundle) (MainActivity.kt:109)
07-04 06:24:08.372 16488 16488 I zygote64:   at void android.app.Activity.performCreate(android.os.Bundle, android.os.PersistableBundle) (Activity.java:7009)
07-04 06:24:08.372 16488 16488 I zygote64:   at void android.app.Activity.performCreate(android.os.Bundle) (Activity.java:7000)
07-04 06:24:08.372 16488 16488 I zygote64:   at void android.app.Instrumentation.callActivityOnCreate(android.app.Activity, android.os.Bundle) (Instrumentation.java:1214)
07-04 06:24:08.372 16488 16488 I zygote64:   at android.app.Activity android.app.ActivityThread.performLaunchActivity(android.app.ActivityThread$ActivityClientRecord, android.content.Intent) (ActivityThread.java:2731)
07-04 06:24:08.372 16488 16488 I zygote64:   at void android.app.ActivityThread.handleLaunchActivity(android.app.ActivityThread$ActivityClientRecord, android.content.Intent, java.lang.String) (ActivityThread.java:2856)
07-04 06:24:08.372 16488 16488 I zygote64:   at void android.app.ActivityThread.-wrap11(android.app.ActivityThread, android.app.ActivityThread$ActivityClientRecord, android.content.Intent, java.lang.String) (ActivityThread.java:-1)
07-04 06:24:08.372 16488 16488 I zygote64:   at void android.app.ActivityThread$H.handleMessage(android.os.Message) (ActivityThread.java:1589)
07-04 06:24:08.372 16488 16488 I zygote64:   at void android.os.Handler.dispatchMessage(android.os.Message) (Handler.java:106)
07-04 06:24:08.372 16488 16488 I zygote64:   at void android.os.Looper.loop() (Looper.java:164)
07-04 06:24:08.372 16488 16488 I zygote64:   at void android.app.ActivityThread.main(java.lang.String[]) (ActivityThread.java:6494)
07-04 06:24:08.372 16488 16488 I zygote64:   at java.lang.Object java.lang.reflect.Method.invoke(java.lang.Object, java.lang.Object[]) (Method.java:-2)
07-04 06:24:08.372 16488 16488 I zygote64:   at void com.android.internal.os.RuntimeInit$MethodAndArgsCaller.run() (RuntimeInit.java:438)
07-04 06:24:08.372 16488 16488 I zygote64:   at void com.android.internal.os.ZygoteInit.main(java.lang.String[]) (ZygoteInit.java:807)
07-04 06:24:08.372 16488 16488 I zygote64: 
07-04 06:24:08.372 16488 16488 I zygote64: Rejecting re-init on previously-failed class java.lang.Class<androidx.core.view.ViewCompat$2>: java.lang.NoClassDefFoundError: Failed resolution of: Landroid/view/View$OnUnhandledKeyEventListener;
07-04 06:24:08.372 16488 16488 I zygote64:   at void androidx.core.view.ViewCompat.setOnApplyWindowInsetsListener(android.view.View, androidx.core.view.OnApplyWindowInsetsListener) (ViewCompat.java:2421)
07-04 06:24:08.372 16488 16488 I zygote64:   at android.view.ViewGroup androidx.appcompat.app.AppCompatDelegateImpl.createSubDecor() (AppCompatDelegateImpl.java:779)
07-04 06:24:08.372 16488 16488 I zygote64:   at void androidx.appcompat.app.AppCompatDelegateImpl.ensureSubDecor() (AppCompatDelegateImpl.java:659)
07-04 06:24:08.372 16488 16488 I zygote64:   at void androidx.appcompat.app.AppCompatDelegateImpl.setContentView(int) (AppCompatDelegateImpl.java:552)
07-04 06:24:08.372 16488 16488 I zygote64:   at void androidx.appcompat.app.AppCompatActivity.setContentView(int) (AppCompatActivity.java:161)
07-04 06:24:08.372 16488 16488 I zygote64:   at void e.www.cameratest.MainActivity.onCreate(android.os.Bundle) (MainActivity.kt:109)
07-04 06:24:08.372 16488 16488 I zygote64:   at void android.app.Activity.performCreate(android.os.Bundle, android.os.PersistableBundle) (Activity.java:7009)
07-04 06:24:08.372 16488 16488 I zygote64:   at void android.app.Activity.performCreate(android.os.Bundle) (Activity.java:7000)
07-04 06:24:08.372 16488 16488 I zygote64:   at void android.app.Instrumentation.callActivityOnCreate(android.app.Activity, android.os.Bundle) (Instrumentation.java:1214)
07-04 06:24:08.372 16488 16488 I zygote64:   at android.app.Activity android.app.ActivityThread.performLaunchActivity(android.app.ActivityThread$ActivityClientRecord, android.content.Intent) (ActivityThread.java:2731)
07-04 06:24:08.372 16488 16488 I zygote64:   at void android.app.ActivityThread.handleLaunchActivity(android.app.ActivityThread$ActivityClientRecord, android.content.Intent, java.lang.String) (ActivityThread.java:2856)
07-04 06:24:08.372 16488 16488 I zygote64:   at void android.app.ActivityThread.-wrap11(android.app.ActivityThread, android.app.ActivityThread$ActivityClientRecord, android.content.Intent, java.lang.String) (ActivityThread.java:-1)
07-04 06:24:08.372 16488 16488 I zygote64:   at void android.app.ActivityThread$H.handleMessage(android.os.Message) (ActivityThread.java:1589)
07-04 06:24:08.372 16488 16488 I zygote64:   at void android.os.Handler.dispatchMessage(android.os.Message) (Handler.java:106)
07-04 06:24:08.372 16488 16488 I zygote64:   at void android.os.Looper.loop() (Looper.java:164)
07-04 06:24:08.372 16488 16488 I zygote64:   at void android.app.ActivityThread.main(java.lang.String[]) (ActivityThread.java:6494)
07-04 06:24:08.372 16488 16488 I zygote64:   at java.lang.Object java.lang.reflect.Method.invoke(java.lang.Object, java.lang.Object[]) (Method.java:-2)
07-04 06:24:08.372 16488 16488 I zygote64:   at void com.android.internal.os.RuntimeInit$MethodAndArgsCaller.run() (RuntimeInit.java:438)
07-04 06:24:08.372 16488 16488 I zygote64:   at void com.android.internal.os.ZygoteInit.main(java.lang.String[]) (ZygoteInit.java:807)
07-04 06:24:08.372 16488 16488 I zygote64: Caused by: java.lang.ClassNotFoundException: Didn't find class "android.view.View$OnUnhandledKeyEventListener" on path: DexPathList[[zip file "/data/app/e.www.cameratest-UItJiUKwawNXRINlLqTB7A==/base.apk"],nativeLibraryDirectories=[/data/app/e.www.cameratest-UItJiUKwawNXRINlLqTB7A==/lib/arm64, /system/lib64, /vendor/lib64]]
07-04 06:24:08.372 16488 16488 I zygote64:   at java.lang.Class dalvik.system.BaseDexClassLoader.findClass(java.lang.String) (BaseDexClassLoader.java:125)
07-04 06:24:08.372 16488 16488 I zygote64:   at java.lang.Class java.lang.ClassLoader.loadClass(java.lang.String, boolean) (ClassLoader.java:379)
07-04 06:24:08.372 16488 16488 I zygote64:   at java.lang.Class java.lang.ClassLoader.loadClass(java.lang.String) (ClassLoader.java:312)
07-04 06:24:08.372 16488 16488 I zygote64:   at void androidx.core.view.ViewCompat.setOnApplyWindowInsetsListener(android.view.View, androidx.core.view.OnApplyWindowInsetsListener) (ViewCompat.java:2421)
07-04 06:24:08.372 16488 16488 I zygote64:   at android.view.ViewGroup androidx.appcompat.app.AppCompatDelegateImpl.createSubDecor() (AppCompatDelegateImpl.java:779)
07-04 06:24:08.372 16488 16488 I zygote64:   at void androidx.appcompat.app.AppCompatDelegateImpl.ensureSubDecor() (AppCompatDelegateImpl.java:659)
07-04 06:24:08.372 16488 16488 I zygote64:   at void androidx.appcompat.app.AppCompatDelegateImpl.setContentView(int) (AppCompatDelegateImpl.java:552)
07-04 06:24:08.372 16488 16488 I zygote64:   at void androidx.appcompat.app.AppCompatActivity.setContentView(int) (AppCompatActivity.java:161)
07-04 06:24:08.372 16488 16488 I zygote64:   at void e.www.cameratest.MainActivity.onCreate(android.os.Bundle) (MainActivity.kt:109)
07-04 06:24:08.372 16488 16488 I zygote64:   at void android.app.Activity.performCreate(android.os.Bundle, android.os.PersistableBundle) (Activity.java:7009)
07-04 06:24:08.372 16488 16488 I zygote64:   at void android.app.Activity.performCreate(android.os.Bundle) (Activity.java:7000)
07-04 06:24:08.372 16488 16488 I zygote64:   at void android.app.Instrumentation.callActivityOnCreate(android.app.Activity, android.os.Bundle) (Instrumentation.java:1214)
07-04 06:24:08.372 16488 16488 I zygote64:   at android.app.Activity android.app.ActivityThread.performLaunchActivity(android.app.ActivityThread$ActivityClientRecord, android.content.Intent) (ActivityThread.java:2731)
07-04 06:24:08.372 16488 16488 I zygote64:   at void android.app.ActivityThread.handleLaunchActivity(android.app.ActivityThread$ActivityClientRecord, android.content.Intent, java.lang.String) (ActivityThread.java:2856)
07-04 06:24:08.372 16488 16488 I zygote64:   at void android.app.ActivityThread.-wrap11(android.app.ActivityThread, android.app.ActivityThread$ActivityClientRecord, android.content.Intent, java.lang.String) (ActivityThread.java:-1)
07-04 06:24:08.372 16488 16488 I zygote64:   at void android.app.ActivityThread$H.handleMessage(android.os.Message) (ActivityThread.java:1589)
07-04 06:24:08.372 16488 16488 I zygote64:   at void android.os.Handler.dispatchMessage(android.os.Message) (Handler.java:106)
07-04 06:24:08.372 16488 16488 I zygote64:   at void android.os.Looper.loop() (Looper.java:164)
07-04 06:24:08.372 16488 16488 I zygote64:   at void android.app.ActivityThread.main(java.lang.String[]) (ActivityThread.java:6494)
07-04 06:24:08.372 16488 16488 I zygote64:   at java.lang.Object java.lang.reflect.Method.invoke(java.lang.Object, java.lang.Object[]) (Method.java:-2)
07-04 06:24:08.372 16488 16488 I zygote64:   at void com.android.internal.os.RuntimeInit$MethodAndArgsCaller.run() (RuntimeInit.java:438)
07-04 06:24:08.372 16488 16488 I zygote64:   at void com.android.internal.os.ZygoteInit.main(java.lang.String[]) (ZygoteInit.java:807)
07-04 06:24:08.372 16488 16488 I zygote64: 
07-04 06:24:08.396 16488 16488 I CameraManagerGlobal: Connecting to camera service
07-04 06:24:08.429   564 10789 I CameraService: CameraService::connect call (PID -1 "e.www.cameratest", camera ID 1) for HAL version default and Camera API version 2
07-04 06:24:08.429   564 10789 I Camera2ClientBase: Camera 1: Opened. Client: e.www.cameratest (PID 16488, UID 10108)
07-04 06:24:08.429   564 10789 I CameraDeviceClient: CameraDeviceClient 1: Opened
07-04 06:24:08.444   582 16513 E mm-camera-img: module_imglib_start_session:1778 ###Img_Loglevel 1
07-04 06:24:08.446   582 16507 E mm-camera-isp2: isp_module_start_session:360 num_session_opened 1
07-04 06:24:08.448   582 16509 E mm-camera: q3a_port_init:1753  q3a_port_init: 3A VERSION --> 4.1.0.r9
07-04 06:24:08.464   582 16521 E libaprpmem: 
07-04 06:24:08.464   582 16521 E libaprpmem:  Ion allocation success virtaddr : ret=3765485568 fd=38 heapid=33554432
07-04 06:24:08.467   582 16521 E libaprpmem: 
07-04 06:24:08.467   582 16521 E libaprpmem:  Ion allocation success virtaddr : ret=3761516544 fd=41 heapid=33554432
07-04 06:24:08.472   582 16521 E libaprpmem: 
07-04 06:24:08.472   582 16521 E libaprpmem:  Ion allocation success virtaddr : ret=3753578496 fd=42 heapid=33554432
07-04 06:24:08.477   582 16521 E libaprpmem: 
07-04 06:24:08.477   582 16521 E libaprpmem:  Ion allocation success virtaddr : ret=3749396480 fd=43 heapid=33554432
07-04 06:24:08.480   582 16521 E libaprpmem: 
07-04 06:24:08.480   582 16521 E libaprpmem:  Ion allocation success virtaddr : ret=3741032448 fd=44 heapid=33554432
07-04 06:24:08.484   582 16521 E libaprpmem: 
07-04 06:24:08.484   582 16521 E libaprpmem:  Ion allocation success virtaddr : ret=3736850432 fd=45 heapid=33554432
07-04 06:24:08.487   582 16521 E libaprpmem: 
07-04 06:24:08.487   582 16521 E libaprpmem:  Ion allocation success virtaddr : ret=3718787072 fd=46 heapid=33554432
07-04 06:24:08.502   582 16523 E mm-camera: mct: mct_pipeline_start_stream_internal: Adding session stream streamid= 0xf for session=2
07-04 06:24:08.502   582 16523 E mm-camera: mct: mct_pipeline_start_stream_internal:Linking session stream for session 2
07-04 06:24:08.502   582 16523 E mm-camera-sensor: port_sensor_caps_reserve:87session id doesn't match
07-04 06:24:08.502   582 16523 E mm-camera-sensor: port_sensor_caps_reserve:87session id doesn't match
07-04 06:24:08.508   582 16523 E mm-camera: mct: mct_pipeline_start_stream_internal:Session stream linked successfully session 2
07-04 06:24:08.546 16488 16537 D OpenGLRenderer: HWUI GL Pipeline
07-04 06:24:08.567   564 10789 E mm-camera-intf: mm_channel_fsm_fn_stopped: invalid state (1) for evt (6)
07-04 06:24:08.567   564 10789 I QCamera3HWI: configureStreamsPerfLocked: stopping channel 8704
07-04 06:24:08.567   564 10789 I QCamera3HWI: configureStreamsPerfLocked: stream[0] type = 0, format = 34, width = 2592, height = 1944, rotation = 0, usage = 0x60000
07-04 06:24:08.568   564 10789 I QCamera3Stream: init: stream_type is 7, feature_mask is 0
07-04 06:24:08.568   564 10789 E mm-camera-intf: mm_stream_get_v4l2_fmt: Unknown fmt=101
07-04 06:24:08.571   564 10789 D Camera3-Device: Set real time priority for request queue thread (tid 16534)
07-04 06:24:08.606 16488 16537 I Adreno  : QUALCOMM build                   : 8e59954, I0be83d0d26
07-04 06:24:08.606 16488 16537 I Adreno  : Build Date                       : 09/22/17
07-04 06:24:08.606 16488 16537 I Adreno  : OpenGL ES Shader Compiler Version: EV031.21.02.00
07-04 06:24:08.606 16488 16537 I Adreno  : Local Branch                     : O17A
07-04 06:24:08.606 16488 16537 I Adreno  : Remote Branch                    : 
07-04 06:24:08.606 16488 16537 I Adreno  : Remote Branch                    : 
07-04 06:24:08.606 16488 16537 I Adreno  : Reconstruct Branch               : 
07-04 06:24:08.606 16488 16537 D vndksupport: Loading /vendor/lib64/hw/gralloc.msm8992.so from current namespace instead of sphal namespace.
07-04 06:24:08.616 16488 16537 I Adreno  : PFP: 0x00000000, ME: 0x00000000
07-04 06:24:08.622   362   362 W /system/bin/hwservicemanager: getTransport: Cannot find entry android.hardware.configstore@1.0::ISurfaceFlingerConfigs/default in either framework or device manifest.
07-04 06:24:08.624 16488 16537 I zygote64: android::hardware::configstore::V1_0::ISurfaceFlingerConfigs::hasWideColorDisplay retrieved: 0
07-04 06:24:08.625 16488 16537 I OpenGLRenderer: Initialized EGL, version 1.4
07-04 06:24:08.625 16488 16537 D OpenGLRenderer: Swap behavior 2
07-04 06:24:08.633  1237  1237 I GoogleInputMethodService: GoogleInputMethodService.onFinishInput():3306 
07-04 06:24:08.640  1237  1237 I GoogleInputMethodService: GoogleInputMethodService.updateDeviceLockedStatus():2127 repeatCheckTimes = 0, locked = false
07-04 06:24:08.640  1237  1237 I GoogleInputMethodService: GoogleInputMethodService.onStartInput():1909 onStartInput(EditorInfo{inputType=0x0(NULL) imeOptions=0x0 privateImeOptions=null actionName=UNSPECIFIED actionLabel=null actionId=0 initialSelStart=-1 initialSelEnd=-1 initialCapsMode=0x0 hintText=null label=null packageName=e.www.cameratest fieldId=-1 fieldName=null extras=null hintLocales=[]}, false)
07-04 06:24:08.640  1237  1237 I GoogleInputMethodService: GoogleInputMethodService.shouldHideHeaderOnInitialState():1990 ShouldHideHeaderOnInitialState = false
07-04 06:24:08.641  1237  1237 I GoogleInputMethodService: GoogleInputMethodService.updateDeviceLockedStatus():2127 repeatCheckTimes = 1, locked = false
07-04 06:24:08.644   362   362 W /system/bin/hwservicemanager: getTransport: Cannot find entry android.hardware.graphics.mapper@2.0::IMapper/default in either framework or device manifest.
07-04 06:24:08.645 16488 16537 D vndksupport: Loading /vendor/lib64/hw/android.hardware.graphics.mapper@2.0-impl.so from current namespace instead of sphal namespace.
07-04 06:24:08.646 16488 16537 D vndksupport: Loading /vendor/lib64/hw/gralloc.msm8992.so from current namespace instead of sphal namespace.
07-04 06:24:08.666   765   788 I ActivityManager: Displayed e.www.cameratest/.MainActivity: +565ms (total +1s366ms)
07-04 06:24:08.677   582 16524 E mm-camera: isp_util_decide_stream_mapping:5685 INFO: type 3 resolution 2592x1944 hw_stream 1 need_native_buff 0 controllable_output 1 shared_output 0
07-04 06:24:08.677   582 16524 E mm-camera: isp_util_decide_stream_mapping:5685 INFO: type 11 resolution 640x480 hw_stream 0 need_native_buff 1 controllable_output 0 shared_output 0
07-04 06:24:08.677   582 16524 E mm-camera: isp_util_decide_stream_mapping:5685 INFO: type 5 resolution 640x480 hw_stream 0 need_native_buff 1 controllable_output 0 shared_output 0
07-04 06:24:08.682   564 16534 I QCamera3HWI: getSensorOutputSize: sensor output dimension = 2592 x 1944
07-04 06:24:08.682   564 16534 I QCamera3CropRegionMapper: update: active_array: 2592 x 1944, sensor size 2592 x 1944
07-04 06:24:08.683   564 16534 I QCamera3Stream: init: stream_type is 3, feature_mask is 0
07-04 06:24:08.683   582 16524 E mm-camera-sensor: port_sensor_caps_reserve:87session id doesn't match
07-04 06:24:08.684   582 16524 E mm-camera-sensor: port_sensor_caps_reserve:87session id doesn't match
07-04 06:24:08.685   564 16534 I QCamera3Stream: init: stream_type is 5, feature_mask is 8390286
07-04 06:24:08.686   582 16524 E mm-camera-sensor: port_sensor_caps_reserve:87session id doesn't match
07-04 06:24:08.686   582 16524 E mm-camera-sensor: port_sensor_caps_reserve:87session id doesn't match
07-04 06:24:08.689   564 16534 I QCamera3Stream: init: stream_type is 11, feature_mask is 8390286
07-04 06:24:08.690   582 16524 E mm-camera-sensor: port_sensor_caps_reserve:87session id doesn't match
07-04 06:24:08.690   582 16524 E mm-camera-sensor: port_sensor_caps_reserve:87session id doesn't match
07-04 06:24:08.692   564 16534 E mm-camera-intf: mm_stream_get_v4l2_fmt: Unknown fmt=100
07-04 06:24:08.692   582 16524 E mm-camera: module_faceproc_port_event_func:827] Invalid type for reprocess 20004
07-04 06:24:08.692   582 16524 E mm-camera: pproc_module_offline_stream_param_buf:2247 failed: parm_buf.type is invalid
07-04 06:24:08.693   582 16524 E mm-camera: pproc_module_offline_stream_param_buf:2247 failed: parm_buf.type is invalid
07-04 06:24:08.714   582 16524 E mm-camera: af_port_handle_sensor_update:2277  Depth_Err: actuator sensitivity: 0.000000 is invalid
07-04 06:24:08.716   582 16524 E mm-camera-isp2: isp_resource_get_stats_type_mask:1375 enable_stats_mask f88
07-04 06:24:08.717   582 16524 E mm-camera: iface_util_fill_hw_stream_info_pix:#2447 batch_dbg stream_id 3 type 5 streaming_mode 0
07-04 06:24:08.723   582 16524 E mm-camera: iface_streamon_to_thread: E, session id = 2, user stream id = 2
07-04 06:24:08.724   582 16524 E mm-camera-isp2: bpc44_run_abcc_algo:216 No defective pixels set by sensor event
07-04 06:24:08.724   582 16524 E mm-camera-isp2: isp_sub_module_port_process_downstream_ctrl_event:954 failed: mct event 1 int_event 0
07-04 06:24:08.724   582 16524 E mm-camera: dsps_proc_init:54  dsps_proc_init: Failed to open sensor1 port
07-04 06:24:08.741   582 16524 E mm-camera: iface_streamon_to_thread: E, session id = 2, user stream id = 3
07-04 06:24:08.743   582 16517 E mm-camera: :cpp_hardware_set_clock:333 Set clock 320000000 BW abg 29030400 BW inst 1466181932
07-04 06:24:08.750   582 16524 E mm-camera: iface_streamon_to_thread: E, session id = 2, user stream id = 4
07-04 06:24:08.750   582 16508 E mm-camera: iface_util_get_user_streams_by_bundle: streamon, got all bundled streamon!
07-04 06:24:08.750   582 16508 E mm-camera: iface_streamon: num_user_streams 3, num_hw_streams 2
07-04 06:24:08.751   582 16524 E mm-camera-img: faceproc_comp_get_param:299] Error type 520
07-04 06:24:08.754   582 16524 E mm-camera-isp2: be_stats44_trigger_update:449 failed: Denominator is zero. hnum 0 vnum 0
07-04 06:24:08.754   582 16551 E mm-camera: iface_axi_cfg_stats_stream_start: stats_cmd: enable = 1, num of stats stream = 6
07-04 06:24:08.759   582 16508 E mm-camera: iface_ispif_get_cfg_params_from_hw_streams: interface 0 already active
07-04 06:24:08.776   582 16529 E mm-camera-CORE: aec_process_pack_stats_config:5904  invalid inputs to translate dimensions for fov 2 camif 
07-04 06:24:08.808   582 16512 E mm-camera-isp2: be_stats44_stats_config_validate:623 Invalid BG from 3A h_num = 0, v_num = 0
07-04 06:24:08.808   582 16512 E mm-camera-isp2: 
07-04 06:24:08.808   582 16512 E mm-camera-isp2: bhist_stats44_stats_config_validate:363 Invalid BG from 3A h_num = 0, v_num = 0
07-04 06:24:08.808   582 16512 E mm-camera-isp2: 
07-04 06:24:08.879  3054  3204 E NxpTml  : _i2c_write() errno : 5
07-04 06:24:08.879  3054  3204 E NxpTml  : PN54X - Error in I2C Write.....
07-04 06:24:08.880  3054  3206 E NxpHal  : write error status = 0x1ff
07-04 06:24:08.880  3054  3189 E NxpHal  : write_unlocked failed - PN54X Maybe in Standby Mode - Retry
07-04 06:24:08.907   582 16529 E mm-camera-CORE: aec_process_get_matching_index_from_history:4718   history search unsuccessful! 
07-04 06:24:08.940   582 16529 E mm-camera-CORE: aec_process_get_matching_index_from_history:4718   history search unsuccessful! 
07-04 06:24:08.945  3121  3121 I A       : GEL#onSaveInstanceState
07-04 06:24:09.163   765 10091 I OpenGLRenderer: Initialized EGL, version 1.4
07-04 06:24:09.163   765 10091 D OpenGLRenderer: Swap behavior 2
07-04 06:24:09.170  2012  2012 D BoundBrokerSvc: onBind: Intent { act=com.google.android.contextmanager.service.ContextManagerLogsUploadBoundService.ACTION_TASK_READY dat=chimera-action: cmp=com.google.android.gms/.chimera.PersistentInternalBoundBrokerService }
07-04 06:24:09.170  2012  2012 D BoundBrokerSvc: Loading bound service for intent: Intent { act=com.google.android.contextmanager.service.ContextManagerLogsUploadBoundService.ACTION_TASK_READY dat=chimera-action: cmp=com.google.android.gms/.chimera.PersistentInternalBoundBrokerService }
07-04 06:24:09.181  2012 16561 I NetworkScheduler.Stats: (REDACTED) Task %s/%s started execution. cause:%s exec_start_elapsed_seconds: %s
07-04 06:24:09.184  2012 15295 I NetworkScheduler.Stats: (REDACTED) Task %s/%s finished executing. cause:%s result: %s elapsed_millis: %s uptime_millis: %s exec_start_elapsed_seconds: %s
07-04 06:24:09.185  2012  2012 D BoundBrokerSvc: onUnbind: Intent { act=com.google.android.contextmanager.service.ContextManagerLogsUploadBoundService.ACTION_TASK_READY dat=chimera-action: cmp=com.google.android.gms/.chimera.PersistentInternalBoundBrokerService }
07-04 06:24:09.299   765  1267 D WificondControl: Scan result ready event
07-04 06:24:10.469 16457 16457 I BatteryMgr:DataCollectionService: onStartCommand: begin
07-04 06:24:10.470 16457 16457 I BatteryMgr:DataCollectionService: onStartCommand: sampleRate => 100
07-04 06:24:10.470 16457 16457 I BatteryMgr:DataCollectionService: onStartCommand: rawFields => Timestamp,BATTERY_PROPERTY_CURRENT_NOW,EXTRA_VOLTAGE
07-04 06:24:10.473 16457 16457 I BatteryMgr:DataCollectionService: onStartCommand: notification done
07-04 06:24:10.477 16457 16457 I BatteryMgr:DataCollectionService: started foreground
07-04 06:24:10.479   765   779 E NotificationService: Suppressing notification from package by user request.
07-04 06:24:10.493 16457 16583 I BatteryMgr:DataCollectionService: collectData: begin
07-04 06:24:10.498 16457 16583 I BatteryMgr:DataCollectionService: stats => 1688466250498,-125426,4210
07-04 06:24:10.604 16457 16583 I BatteryMgr:DataCollectionService: stats => 1688466250604,-125426,4210
07-04 06:24:10.711 16457 16583 I BatteryMgr:DataCollectionService: stats => 1688466250711,-125426,4210
07-04 06:24:10.823 16457 16583 I BatteryMgr:DataCollectionService: stats => 1688466250823,-125426,4210
07-04 06:24:10.930 16457 16583 I BatteryMgr:DataCollectionService: stats => 1688466250930,-125426,4210
07-04 06:24:11.038 16457 16583 I BatteryMgr:DataCollectionService: stats => 1688466251038,-125426,4210
07-04 06:24:11.146 16457 16583 I BatteryMgr:DataCollectionService: stats => 1688466251146,-125426,4210
07-04 06:24:11.255 16457 16583 I BatteryMgr:DataCollectionService: stats => 1688466251255,-125426,4210
07-04 06:24:11.362 16457 16583 I BatteryMgr:DataCollectionService: stats => 1688466251362,-125426,4210
07-04 06:24:11.481 16457 16583 I BatteryMgr:DataCollectionService: stats => 1688466251481,-125426,4210
07-04 06:24:11.589 16457 16583 I BatteryMgr:DataCollectionService: stats => 1688466251589,-125426,4210
07-04 06:24:11.700 16457 16583 I BatteryMgr:DataCollectionService: stats => 1688466251700,-125426,4210
07-04 06:24:11.812 16457 16583 I BatteryMgr:DataCollectionService: stats => 1688466251811,-125426,4210
07-04 06:24:11.918 16457 16583 I BatteryMgr:DataCollectionService: stats => 1688466251918,-125426,4210
07-04 06:24:12.024 16457 16583 I BatteryMgr:DataCollectionService: stats => 1688466252024,-125426,4210
07-04 06:24:12.132 16457 16583 I BatteryMgr:DataCollectionService: stats => 1688466252132,-125426,4210
07-04 06:24:12.238 16457 16583 I BatteryMgr:DataCollectionService: stats => 1688466252238,-125426,4210
07-04 06:24:12.350 16457 16583 I BatteryMgr:DataCollectionService: stats => 1688466252350,-125426,4210
07-04 06:24:12.465 16457 16583 I BatteryMgr:DataCollectionService: stats => 1688466252465,-125426,4210
07-04 06:24:12.573 16457 16583 I BatteryMgr:DataCollectionService: stats => 1688466252572,-125426,4210
07-04 06:24:12.685 16457 16583 I BatteryMgr:DataCollectionService: stats => 1688466252685,-125426,4210
07-04 06:24:12.791 16457 16583 I BatteryMgr:DataCollectionService: stats => 1688466252791,-125426,4210
07-04 06:24:12.897 16457 16583 I BatteryMgr:DataCollectionService: stats => 1688466252897,-125426,4210
07-04 06:24:13.005 16457 16583 I BatteryMgr:DataCollectionService: stats => 1688466253005,-125426,4210
07-04 06:24:13.112 16457 16583 I BatteryMgr:DataCollectionService: stats => 1688466253112,-125426,4210
07-04 06:24:13.221 16457 16583 I BatteryMgr:DataCollectionService: stats => 1688466253221,-125426,4210
07-04 06:24:13.222 16457 16591 D ProfileInstaller: Installing profile for com.example.batterymanager_utility
07-04 06:24:13.328 16457 16583 I BatteryMgr:DataCollectionService: stats => 1688466253328,-125426,4210
07-04 06:24:13.436 16457 16583 I BatteryMgr:DataCollectionService: stats => 1688466253436,-125426,4210
07-04 06:24:13.549 16457 16583 I BatteryMgr:DataCollectionService: stats => 1688466253549,-125426,4210
07-04 06:24:13.658 16457 16583 I BatteryMgr:DataCollectionService: stats => 1688466253658,-125426,4210
07-04 06:24:13.764 16457 16583 I BatteryMgr:DataCollectionService: stats => 1688466253764,-125426,4210
07-04 06:24:13.879 16457 16583 I BatteryMgr:DataCollectionService: stats => 1688466253879,-125426,4210
07-04 06:24:13.986 16457 16583 I BatteryMgr:DataCollectionService: stats => 1688466253986,-125426,4210
07-04 06:24:14.092 16457 16583 I BatteryMgr:DataCollectionService: stats => 1688466254092,-125426,4210
07-04 06:24:14.198 16457 16583 I BatteryMgr:DataCollectionService: stats => 1688466254198,-125426,4210
07-04 06:24:14.304 16457 16583 I BatteryMgr:DataCollectionService: stats => 1688466254304,-125426,4210
07-04 06:24:14.411 16457 16583 I BatteryMgr:DataCollectionService: stats => 1688466254411,-125426,4210
07-04 06:24:14.517 16457 16583 I BatteryMgr:DataCollectionService: stats => 1688466254517,-125426,4210
07-04 06:24:14.624 16457 16583 I BatteryMgr:DataCollectionService: stats => 1688466254624,-125426,4210
07-04 06:24:14.733 16457 16583 I BatteryMgr:DataCollectionService: stats => 1688466254733,-125426,4210
07-04 06:24:14.841 16457 16583 I BatteryMgr:DataCollectionService: stats => 1688466254841,-125426,4210
07-04 06:24:14.954 16457 16583 I BatteryMgr:DataCollectionService: stats => 1688466254954,-125426,4210
07-04 06:24:15.061 16457 16583 I BatteryMgr:DataCollectionService: stats => 1688466255061,-125426,4210
07-04 06:24:15.167 16457 16583 I BatteryMgr:DataCollectionService: stats => 1688466255167,-125426,4210
07-04 06:24:15.278 16457 16583 I BatteryMgr:DataCollectionService: stats => 1688466255277,-125426,4210
07-04 06:24:15.384 16457 16583 I BatteryMgr:DataCollectionService: stats => 1688466255384,-125426,4210
07-04 06:24:15.494 16457 16583 I BatteryMgr:DataCollectionService: stats => 1688466255494,-125426,4210
07-04 06:24:15.603 16457 16583 I BatteryMgr:DataCollectionService: stats => 1688466255602,-125426,4210
07-04 06:24:15.714 16457 16583 I BatteryMgr:DataCollectionService: stats => 1688466255714,-125426,4210
07-04 06:24:15.821 16457 16583 I BatteryMgr:DataCollectionService: stats => 1688466255821,-317075,4210
07-04 06:24:15.927 16457 16583 I BatteryMgr:DataCollectionService: stats => 1688466255927,-317075,4210
07-04 06:24:16.038 16457 16583 I BatteryMgr:DataCollectionService: stats => 1688466256037,-317075,4210
07-04 06:24:16.151 16457 16583 I BatteryMgr:DataCollectionService: stats => 1688466256151,-317075,4210
07-04 06:24:16.259 16457 16583 I BatteryMgr:DataCollectionService: stats => 1688466256259,-317075,4210
07-04 06:24:16.370 16457 16583 I BatteryMgr:DataCollectionService: stats => 1688466256369,-317075,4210
07-04 06:24:16.479 16457 16583 I BatteryMgr:DataCollectionService: stats => 1688466256479,-317075,4210
07-04 06:24:16.585 16457 16583 I BatteryMgr:DataCollectionService: stats => 1688466256585,-317075,4210
07-04 06:24:16.690 16457 16583 I BatteryMgr:DataCollectionService: stats => 1688466256690,-317075,4210
07-04 06:24:16.797 16457 16583 I BatteryMgr:DataCollectionService: stats => 1688466256796,-317075,4210
07-04 06:24:16.907 16457 16583 I BatteryMgr:DataCollectionService: stats => 1688466256906,-317075,4210
07-04 06:24:17.020 16457 16583 I BatteryMgr:DataCollectionService: stats => 1688466257020,-317075,4210
07-04 06:24:17.128 16457 16583 I BatteryMgr:DataCollectionService: stats => 1688466257128,-317075,4210
07-04 06:24:17.236 16457 16583 I BatteryMgr:DataCollectionService: stats => 1688466257236,-317075,4210
07-04 06:24:17.348 16457 16583 I BatteryMgr:DataCollectionService: stats => 1688466257348,-317075,4210
07-04 06:24:17.457 16457 16583 I BatteryMgr:DataCollectionService: stats => 1688466257457,-317075,4210
07-04 06:24:17.564 16457 16583 I BatteryMgr:DataCollectionService: stats => 1688466257564,-317075,4210
07-04 06:24:17.672 16457 16583 I BatteryMgr:DataCollectionService: stats => 1688466257672,-317075,4210
07-04 06:24:17.779 16457 16583 I BatteryMgr:DataCollectionService: stats => 1688466257778,-317075,4210
07-04 06:24:17.884 16457 16583 I BatteryMgr:DataCollectionService: stats => 1688466257884,-317075,4210
07-04 06:24:17.993 16457 16583 I BatteryMgr:DataCollectionService: stats => 1688466257992,-317075,4210
07-04 06:24:18.101 16457 16583 I BatteryMgr:DataCollectionService: stats => 1688466258100,-317075,4210
07-04 06:24:18.208 16457 16583 I BatteryMgr:DataCollectionService: stats => 1688466258208,-317075,4210
07-04 06:24:18.319 16457 16583 I BatteryMgr:DataCollectionService: stats => 1688466258319,-317075,4210
07-04 06:24:18.424 16457 16583 I BatteryMgr:DataCollectionService: stats => 1688466258424,-317075,4210
07-04 06:24:18.533 16457 16583 I BatteryMgr:DataCollectionService: stats => 1688466258533,-317075,4210
