07-06 13:42:40.728  3588  3805 I SoundAlive_Interface: [ -300593088 ][ 48000 ]FlushBuffers()
07-06 13:42:40.729  3588  3805 I SoundAlive_Core: [ -300593088 ][ 48000 ](interface-API)FlushBuffers()
07-06 13:42:40.730  3588  3805 D SoundAlive_Core: [ -300593088 ][ 48000 ](internal-API)ReOpen( ConfigMode : 1 )
07-06 13:42:40.730  3588  3805 I SoundAlive_Effect: [ -300593088 ][ 48000 ]Init() nch : 2  bitdepth : 1 
07-06 13:42:40.730  3588  3805 I SoundAlive_Effect: [ -300593088 ][ 48000 ]SamplingRateConfig() SamplingRate : 48000
07-06 13:42:40.730  3588  3805 I SoundAlive_Effect: [ -300593088 ][ 48000 ]OutDevConfig() OutDevConfig : 1
07-06 13:42:40.730  3588  3805 D SoundAlive_Core: [ -300593088 ][ 48000 ](internal-API)Set_Current_Effect_Configuration( ConfigMode : 1 )
07-06 13:42:40.730  3588  3805 I SoundAlive_Effect: [ -300593088 ][ 48000 ]Set_Preset() : 0
07-06 13:42:40.730  3588  3805 I SoundAlive_Effect: [ -300593088 ][ 48000 ]Set_User_BWE() 0
07-06 13:42:40.730  3588  3805 I SoundAlive_Effect: [ -300593088 ][ 48000 ]Set_User_CH() : 0
07-06 13:42:40.730  3588  3805 I SoundAlive_Effect: [ -300593088 ][ 48000 ]Set_SquareUI() : 4 , 4
07-06 13:42:40.730  3588  3805 I SoundAlive_Effect: [ -300593088 ][ 48000 ]Set_User_3D() : 0
07-06 13:42:40.730  3588  3805 I SoundAlive_Effect: [ -300593088 ][ 48000 ]Set_User_BE() : 0
07-06 13:42:40.730  3588  3805 I SoundBoosterEffectPlus: SB_reset SoundBooster sessionId(-1302)
07-06 13:42:40.731  3588  3805 I SoundBooster_Interface: BuffClear() mMode: 1
07-06 13:42:40.731  3588  3805 I SoundBooster_Base: BuffClear()
07-06 13:42:40.731  3588  3805 I SoundBooster:SoundBooster_Music: BuffClear()
07-06 13:42:40.738 21019 21140 I BatteryMgr:DataCollectionService: stats => 1688643760737,-214,4077
07-06 13:42:40.748  3588  3757 W AudioFlinger::EffectModule: EffectModule 0xeda35f00 destructor called with unreleased interface
07-06 13:42:40.752  3588  3757 W AudioFlinger::EffectHandle: disconnect Effect handle 0xef6edbc0 disconnected after thread destruction
07-06 13:42:40.752  3421 12746 W MySpaceEffect: MySpaceEffect_setEnabled() MySpace is already disabled
07-06 13:42:40.752  3421 12746 D MySpaceEffect: EffectRelease : All effects are no longer instantiated
07-06 13:42:40.752  3421 12746 D MySpace : MySpace::Close 
07-06 13:42:40.752  3421 12746 D MySpaceEffect: MySpaceEffect::~MySpaceEffect 
07-06 13:42:40.752  3421 12746 D MySpace : MySpace::~MySpace() -
07-06 13:42:40.752  3588  3757 V APM_AudioPolicyManager: stopOutput() output 13, stream 3, session 345
07-06 13:42:40.753  3588  3757 V APM_AudioPolicyManager: setLoggingHwData() type(2) device(0x2) time(4) volume(7)
07-06 13:42:40.753  3588  3757 D APM::SoundKitchen: getDevice, uid = 10167, device = 0
07-06 13:42:40.753  3588  3757 V APM_AudioPolicyManager: setBeaconMute(1) mBeaconMuteRefCount=0 mBeaconPlayingRefCount=0
07-06 13:42:40.753  3588  3757 V APM_AudioPolicyManager: getNewOutputDevice() selected device 0
07-06 13:42:40.753  3588  3757 V APM_AudioPolicyManager: setOutputDevice() device 0000 delayMs 160
07-06 13:42:40.753  3588  3757 V APM_AudioPolicyManager: setOutputDevice() prevDevice 0x0002
07-06 13:42:40.753  3588  3757 V APM_AudioPolicyManager: setOutputDevice() setting same device 0x0000 or null device
07-06 13:42:40.754  3588  3757 V APM_AudioPolicyManager: selectOutputForMusicEffects selected output 13
07-06 13:42:40.754  3588  3757 V APM_AudioPolicyManager: releaseOutput() 13
07-06 13:42:40.760 21019 21140 I BatteryMgr:DataCollectionService: stats => 1688643760760,-214,4077
07-06 13:42:40.782 21019 21140 I BatteryMgr:DataCollectionService: stats => 1688643760781,-214,4077
07-06 13:42:40.803 21019 21140 I BatteryMgr:DataCollectionService: stats => 1688643760803,-214,4077
07-06 13:42:40.824 21019 21140 I BatteryMgr:DataCollectionService: stats => 1688643760824,-214,4077
07-06 13:42:40.829  3588 21118 W libutils.threads: Thread (this=0xef6b4730): don't call waitForExit() from this Thread object's thread. It's a guaranteed deadlock!
07-06 13:42:40.845 21019 21140 I BatteryMgr:DataCollectionService: stats => 1688643760845,-214,4077
07-06 13:42:40.867 21019 21140 I BatteryMgr:DataCollectionService: stats => 1688643760866,-214,4077
07-06 13:42:40.887 21019 21140 I BatteryMgr:DataCollectionService: stats => 1688643760887,-214,4077
07-06 13:42:40.909 21019 21140 I BatteryMgr:DataCollectionService: stats => 1688643760909,-214,4077
07-06 13:42:40.929 21019 21140 I BatteryMgr:DataCollectionService: stats => 1688643760929,-214,4077
07-06 13:42:40.945 21019 21140 I BatteryMgr:DataCollectionService: stats => 1688643760945,-214,4077
07-06 13:42:40.961 21019 21140 I BatteryMgr:DataCollectionService: stats => 1688643760960,-214,4077
07-06 13:42:40.979 21019 21140 I BatteryMgr:DataCollectionService: stats => 1688643760979,-214,4077
07-06 13:42:40.994 21019 21140 I BatteryMgr:DataCollectionService: stats => 1688643760994,-214,4077
07-06 13:42:41.013 21019 21140 I BatteryMgr:DataCollectionService: stats => 1688643761013,-214,4077
07-06 13:42:41.032 21019 21140 I BatteryMgr:DataCollectionService: stats => 1688643761031,-214,4077
07-06 13:42:41.050 21019 21140 I BatteryMgr:DataCollectionService: stats => 1688643761050,-214,4077
07-06 13:42:41.070 21019 21140 I BatteryMgr:DataCollectionService: stats => 1688643761070,-214,4077
07-06 13:42:41.090 21019 21140 I BatteryMgr:DataCollectionService: stats => 1688643761090,-214,4077
07-06 13:42:41.111 21019 21140 I BatteryMgr:DataCollectionService: stats => 1688643761111,-214,4077
07-06 13:42:41.132 21019 21140 I BatteryMgr:DataCollectionService: stats => 1688643761131,-214,4077
07-06 13:42:41.152 21019 21140 I BatteryMgr:DataCollectionService: stats => 1688643761152,-214,4077
07-06 13:42:41.173 21019 21140 I BatteryMgr:DataCollectionService: stats => 1688643761173,-214,4077
07-06 13:42:41.194 21019 21140 I BatteryMgr:DataCollectionService: stats => 1688643761194,-214,4077
07-06 13:42:41.216 21019 21140 I BatteryMgr:DataCollectionService: stats => 1688643761216,-214,4077
07-06 13:42:41.237 21019 21140 I BatteryMgr:DataCollectionService: stats => 1688643761237,-214,4077
07-06 13:42:41.258 21019 21140 I BatteryMgr:DataCollectionService: stats => 1688643761257,-214,4077
07-06 13:42:41.279 21019 21140 I BatteryMgr:DataCollectionService: stats => 1688643761278,-214,4077
07-06 13:42:41.299 21019 21140 I BatteryMgr:DataCollectionService: stats => 1688643761299,-214,4077
07-06 13:42:41.320 21019 21140 I BatteryMgr:DataCollectionService: stats => 1688643761319,-214,4077
07-06 13:42:41.340 21019 21140 I BatteryMgr:DataCollectionService: stats => 1688643761340,-214,4077
07-06 13:42:41.361 21019 21140 I BatteryMgr:DataCollectionService: stats => 1688643761361,-214,4077
07-06 13:42:41.382 21019 21140 I BatteryMgr:DataCollectionService: stats => 1688643761382,-214,4077
07-06 13:42:41.403 21019 21140 I BatteryMgr:DataCollectionService: stats => 1688643761403,-214,4077
07-06 13:42:41.423 21019 21140 I BatteryMgr:DataCollectionService: stats => 1688643761423,-214,4077
07-06 13:42:41.444 21019 21140 I BatteryMgr:DataCollectionService: stats => 1688643761444,-214,4077
07-06 13:42:41.465 21019 21140 I BatteryMgr:DataCollectionService: stats => 1688643761465,-214,4077
07-06 13:42:41.486 21019 21140 I BatteryMgr:DataCollectionService: stats => 1688643761486,-214,4077
07-06 13:42:41.508 21019 21140 I BatteryMgr:DataCollectionService: stats => 1688643761507,-214,4077
07-06 13:42:41.528 21019 21140 I BatteryMgr:DataCollectionService: stats => 1688643761528,-214,4077
07-06 13:42:41.549 21019 21140 I BatteryMgr:DataCollectionService: stats => 1688643761549,-214,4077
07-06 13:42:41.565 20344 20344 D SADVFSHelper: Either heavy-duty effect is Off or Music playback is not active
07-06 13:42:41.571 21019 21140 I BatteryMgr:DataCollectionService: stats => 1688643761571,-214,4077
07-06 13:42:41.578 21062 21154 D ProfileInstaller: Installing profile for x.intervalapp.displaytest
07-06 13:42:41.591 21019 21140 I BatteryMgr:DataCollectionService: stats => 1688643761591,-214,4077
07-06 13:42:41.612 21019 21140 I BatteryMgr:DataCollectionService: stats => 1688643761612,-214,4077
07-06 13:42:41.633 21019 21140 I BatteryMgr:DataCollectionService: stats => 1688643761633,-214,4077
07-06 13:42:41.654 21019 21140 I BatteryMgr:DataCollectionService: stats => 1688643761654,-214,4077
07-06 13:42:41.675 21019 21140 I BatteryMgr:DataCollectionService: stats => 1688643761675,-214,4077
07-06 13:42:41.696 21019 21140 I BatteryMgr:DataCollectionService: stats => 1688643761696,-214,4077
07-06 13:42:41.717 21019 21140 I BatteryMgr:DataCollectionService: stats => 1688643761717,-214,4077
07-06 13:42:41.738 21019 21140 I BatteryMgr:DataCollectionService: stats => 1688643761738,-214,4077
07-06 13:42:41.759 21019 21140 I BatteryMgr:DataCollectionService: stats => 1688643761759,-214,4077
07-06 13:42:41.780 21019 21140 I BatteryMgr:DataCollectionService: stats => 1688643761779,-214,4077
07-06 13:42:41.800 21019 21140 I BatteryMgr:DataCollectionService: stats => 1688643761800,-214,4077
07-06 13:42:41.821 21019 21140 I BatteryMgr:DataCollectionService: stats => 1688643761821,-214,4077
07-06 13:42:41.841 21019 21140 I BatteryMgr:DataCollectionService: stats => 1688643761841,-214,4077
07-06 13:42:41.862 21019 21140 I BatteryMgr:DataCollectionService: stats => 1688643761862,-214,4077
07-06 13:42:41.884 21019 21140 I BatteryMgr:DataCollectionService: stats => 1688643761883,-214,4077
07-06 13:42:41.904 21019 21140 I BatteryMgr:DataCollectionService: stats => 1688643761904,-214,4077
07-06 13:42:41.924 21019 21140 I BatteryMgr:DataCollectionService: stats => 1688643761924,-214,4077
07-06 13:42:41.945 21019 21140 I BatteryMgr:DataCollectionService: stats => 1688643761944,-214,4077
07-06 13:42:41.966 21019 21140 I BatteryMgr:DataCollectionService: stats => 1688643761965,-214,4077
07-06 13:42:41.986 21019 21140 I BatteryMgr:DataCollectionService: stats => 1688643761986,-214,4077
07-06 13:42:42.007 21019 21140 I BatteryMgr:DataCollectionService: stats => 1688643762006,-214,4077
07-06 13:42:42.027 21019 21140 I BatteryMgr:DataCollectionService: stats => 1688643762027,-214,4077
07-06 13:42:42.048 21019 21140 I BatteryMgr:DataCollectionService: stats => 1688643762048,-214,4077
07-06 13:42:42.068 21019 21140 I BatteryMgr:DataCollectionService: stats => 1688643762068,-214,4077
07-06 13:42:42.089 21019 21140 I BatteryMgr:DataCollectionService: stats => 1688643762088,-214,4077
07-06 13:42:42.109 21019 21140 I BatteryMgr:DataCollectionService: stats => 1688643762109,-214,4077
07-06 13:42:42.130 21019 21140 I BatteryMgr:DataCollectionService: stats => 1688643762130,-214,4077
07-06 13:42:42.151 21019 21140 I BatteryMgr:DataCollectionService: stats => 1688643762151,-214,4077
07-06 13:42:42.171 21019 21140 I BatteryMgr:DataCollectionService: stats => 1688643762171,-214,4077
07-06 13:42:42.191 21019 21140 I BatteryMgr:DataCollectionService: stats => 1688643762191,-214,4077
07-06 13:42:42.212 21019 21140 I BatteryMgr:DataCollectionService: stats => 1688643762212,-214,4077
07-06 13:42:42.232 21019 21140 I BatteryMgr:DataCollectionService: stats => 1688643762232,-214,4077
07-06 13:42:42.253 21019 21140 I BatteryMgr:DataCollectionService: stats => 1688643762253,-214,4077
07-06 13:42:42.273 21019 21140 I BatteryMgr:DataCollectionService: stats => 1688643762273,-214,4077
07-06 13:42:42.294 21019 21140 I BatteryMgr:DataCollectionService: stats => 1688643762293,-214,4077
07-06 13:42:42.314 21019 21140 I BatteryMgr:DataCollectionService: stats => 1688643762314,-214,4077
07-06 13:42:42.335 21019 21140 I BatteryMgr:DataCollectionService: stats => 1688643762335,-214,4077
07-06 13:42:42.356 21019 21140 I BatteryMgr:DataCollectionService: stats => 1688643762356,-214,4077
07-06 13:42:42.376 21019 21140 I BatteryMgr:DataCollectionService: stats => 1688643762376,-214,4077
07-06 13:42:42.396 21019 21140 I BatteryMgr:DataCollectionService: stats => 1688643762396,-214,4077
07-06 13:42:42.417 21019 21140 I BatteryMgr:DataCollectionService: stats => 1688643762416,-214,4077
07-06 13:42:42.437 21019 21140 I BatteryMgr:DataCollectionService: stats => 1688643762437,-214,4077
07-06 13:42:42.458 21019 21140 I BatteryMgr:DataCollectionService: stats => 1688643762458,-214,4077
07-06 13:42:42.478 21019 21140 I BatteryMgr:DataCollectionService: stats => 1688643762478,-214,4077
07-06 13:42:42.499 21019 21140 I BatteryMgr:DataCollectionService: stats => 1688643762499,-214,4077
07-06 13:42:42.524 21019 21140 I BatteryMgr:DataCollectionService: stats => 1688643762524,-214,4077
07-06 13:42:42.540 21019 21140 I BatteryMgr:DataCollectionService: stats => 1688643762540,-214,4077
07-06 13:42:42.555 21019 21140 I BatteryMgr:DataCollectionService: stats => 1688643762555,-214,4077
07-06 13:42:42.567 20344 20344 D SADVFSHelper: Either heavy-duty effect is Off or Music playback is not active
07-06 13:42:42.570 21019 21140 I BatteryMgr:DataCollectionService: stats => 1688643762570,-214,4077
07-06 13:42:42.585 21019 21140 I BatteryMgr:DataCollectionService: stats => 1688643762585,-214,4077
07-06 13:42:42.600 21019 21140 I BatteryMgr:DataCollectionService: stats => 1688643762600,-214,4077
07-06 13:42:42.618 21019 21140 I BatteryMgr:DataCollectionService: stats => 1688643762618,-214,4077
07-06 13:42:42.636 21019 21140 I BatteryMgr:DataCollectionService: stats => 1688643762636,-214,4077
07-06 13:42:42.656 21019 21140 I BatteryMgr:DataCollectionService: stats => 1688643762656,-214,4077
07-06 13:42:42.677 21019 21140 I BatteryMgr:DataCollectionService: stats => 1688643762676,-214,4077
07-06 13:42:42.696 21019 21140 I BatteryMgr:DataCollectionService: stats => 1688643762696,-214,4077
07-06 13:42:42.717 21019 21140 I BatteryMgr:DataCollectionService: stats => 1688643762717,-214,4077
07-06 13:42:42.738 21019 21140 I BatteryMgr:DataCollectionService: stats => 1688643762737,-214,4077
07-06 13:42:42.759 21019 21140 I BatteryMgr:DataCollectionService: stats => 1688643762758,-214,4077
07-06 13:42:42.779 21019 21140 I BatteryMgr:DataCollectionService: stats => 1688643762779,-214,4077
07-06 13:42:42.799 21019 21140 I BatteryMgr:DataCollectionService: stats => 1688643762799,-214,4077
07-06 13:42:42.819 21019 21140 I BatteryMgr:DataCollectionService: stats => 1688643762819,-214,4077
07-06 13:42:42.839 21019 21140 I BatteryMgr:DataCollectionService: stats => 1688643762839,-214,4077
07-06 13:42:42.860 21019 21140 I BatteryMgr:DataCollectionService: stats => 1688643762860,-214,4077
07-06 13:42:42.880 21019 21140 I BatteryMgr:DataCollectionService: stats => 1688643762880,-214,4077
07-06 13:42:42.900 21019 21140 I BatteryMgr:DataCollectionService: stats => 1688643762900,-214,4077
07-06 13:42:42.920 21019 21140 I BatteryMgr:DataCollectionService: stats => 1688643762920,-214,4077
07-06 13:42:42.940 21019 21140 I BatteryMgr:DataCollectionService: stats => 1688643762940,-214,4077
07-06 13:42:42.960 21019 21140 I BatteryMgr:DataCollectionService: stats => 1688643762960,-214,4077
07-06 13:42:42.980 21019 21140 I BatteryMgr:DataCollectionService: stats => 1688643762980,-214,4077
07-06 13:42:43.001 21019 21140 I BatteryMgr:DataCollectionService: stats => 1688643763001,-214,4077
07-06 13:42:43.022 21019 21140 I BatteryMgr:DataCollectionService: stats => 1688643763022,-214,4077
07-06 13:42:43.042 21019 21140 I BatteryMgr:DataCollectionService: stats => 1688643763042,-214,4077
07-06 13:42:43.063 21019 21140 I BatteryMgr:DataCollectionService: stats => 1688643763062,-214,4077
07-06 13:42:43.083 21019 21140 I BatteryMgr:DataCollectionService: stats => 1688643763082,-214,4077
07-06 13:42:43.103 21019 21140 I BatteryMgr:DataCollectionService: stats => 1688643763102,-214,4077
07-06 13:42:43.123 21019 21140 I BatteryMgr:DataCollectionService: stats => 1688643763123,-214,4077
07-06 13:42:43.142 21019 21140 I BatteryMgr:DataCollectionService: stats => 1688643763142,-214,4077
07-06 13:42:43.163 21019 21140 I BatteryMgr:DataCollectionService: stats => 1688643763162,-214,4077
07-06 13:42:43.183 21019 21140 I BatteryMgr:DataCollectionService: stats => 1688643763182,-214,4077
07-06 13:42:43.202 21019 21140 I BatteryMgr:DataCollectionService: stats => 1688643763202,-214,4077
07-06 13:42:43.222 21019 21140 I BatteryMgr:DataCollectionService: stats => 1688643763222,-214,4077
07-06 13:42:43.242 21019 21140 I BatteryMgr:DataCollectionService: stats => 1688643763242,-214,4077
07-06 13:42:43.262 21019 21140 I BatteryMgr:DataCollectionService: stats => 1688643763262,-214,4077
07-06 13:42:43.282 21019 21140 I BatteryMgr:DataCollectionService: stats => 1688643763282,-214,4077
07-06 13:42:43.303 21019 21140 I BatteryMgr:DataCollectionService: stats => 1688643763303,-214,4077
07-06 13:42:43.323 21019 21140 I BatteryMgr:DataCollectionService: stats => 1688643763323,-214,4077
07-06 13:42:43.343 21019 21140 I BatteryMgr:DataCollectionService: stats => 1688643763343,-214,4077
07-06 13:42:43.363 21019 21140 I BatteryMgr:DataCollectionService: stats => 1688643763362,-214,4077
07-06 13:42:43.383 21019 21140 I BatteryMgr:DataCollectionService: stats => 1688643763383,-214,4077
07-06 13:42:43.403 21019 21140 I BatteryMgr:DataCollectionService: stats => 1688643763402,-214,4077
07-06 13:42:43.423 21019 21140 I BatteryMgr:DataCollectionService: stats => 1688643763423,-214,4077
07-06 13:42:43.443 21019 21140 I BatteryMgr:DataCollectionService: stats => 1688643763443,-214,4077
07-06 13:42:43.463 21019 21140 I BatteryMgr:DataCollectionService: stats => 1688643763463,-214,4077
07-06 13:42:43.483 21019 21140 I BatteryMgr:DataCollectionService: stats => 1688643763483,-214,4077
07-06 13:42:43.503 21019 21140 I BatteryMgr:DataCollectionService: stats => 1688643763503,-214,4077
07-06 13:42:43.523 21019 21140 I BatteryMgr:DataCollectionService: stats => 1688643763523,-214,4077
07-06 13:42:43.543 21019 21140 I BatteryMgr:DataCollectionService: stats => 1688643763543,-214,4077
07-06 13:42:43.563 21019 21140 I BatteryMgr:DataCollectionService: stats => 1688643763563,-214,4077
07-06 13:42:43.568  3421 12746 V audio_hw_primary_abox: primary_out-out_standby: enter
07-06 13:42:43.569  3421 12746 I audio_hw_primary_abox: primary_out-out_standby: Transit to Idle
07-06 13:42:43.572  3421 12746 I audio_hw_primary_abox: primary_out-do_close_output_stream: Closed PCM Device
07-06 13:42:43.573  3421 12746 D audio_hw_primary_abox: primary_out-set_audio_route: [PLAYBACK] current-device(speaker) new-device(speaker) in cur-mode(normal) & new-mode(normal)!
07-06 13:42:43.584 21019 21140 I BatteryMgr:DataCollectionService: stats => 1688643763584,-214,4077
07-06 13:42:43.588  3421 12746 I audio_hw_primary_abox: USAGE_SPKAMP-do_close_spkamp_stream: Closed PCM Device is /dev/snd/pcmC0D7p
07-06 13:42:43.592  3421 12746 I audio_hw_primary_abox: USAGE_SPKAMP-do_close_spkamp_stream: Closed PCM Device is /dev/snd/pcmC0D11c
07-06 13:42:43.604 21019 21140 I BatteryMgr:DataCollectionService: stats => 1688643763604,-214,4077
07-06 13:42:43.605  3421 12746 I audio_hw_primary_abox: USAGE_SPKAMP-do_close_spkamp_stream: Closed PCM Device is /dev/snd/pcmC0D12c
07-06 13:42:43.605  3421 12746 I audio_route: > audio_route_update_path : "media-speaker" reverse(1)
07-06 13:42:43.608  3421 12746 D audio_hw_primary_abox: primary_out-do_set_route: Disabled Audio Route(media-speaker)
07-06 13:42:43.608  3421 12746 I audio_route: > audio_route_update_path : "gain-media-speaker" reverse(1)
07-06 13:42:43.608  3421 12746 D audio_hw_primary_abox: primary_out-do_set_route: Disabled Audio Gain(gain-media-speaker)
07-06 13:42:43.609  3421 12746 I audio_hw_primary_abox: primary_out-out_standby: Transit to Standby
07-06 13:42:43.609  3421 12746 V audio_hw_primary_abox: primary_out-out_standby: exit
07-06 13:42:43.623 21019 21140 I BatteryMgr:DataCollectionService: stats => 1688643763623,-214,4077
07-06 13:42:43.643 21019 21140 I BatteryMgr:DataCollectionService: stats => 1688643763643,-214,4077
07-06 13:42:43.663 21019 21140 I BatteryMgr:DataCollectionService: stats => 1688643763662,-214,4077
07-06 13:42:43.682 21019 21140 I BatteryMgr:DataCollectionService: stats => 1688643763682,-214,4077
07-06 13:42:43.703 21019 21140 I BatteryMgr:DataCollectionService: stats => 1688643763703,-214,4077
07-06 13:42:43.722  3435  3435 I android.hardware.wifi@1.0-service: getLinkLayerStats
07-06 13:42:43.723 21019 21140 I BatteryMgr:DataCollectionService: stats => 1688643763723,-214,4077
07-06 13:42:43.743 21019 21140 I BatteryMgr:DataCollectionService: stats => 1688643763743,-214,4077
07-06 13:42:43.763 21019 21140 I BatteryMgr:DataCollectionService: stats => 1688643763763,-214,4077
07-06 13:42:43.783 21019 21140 I BatteryMgr:DataCollectionService: stats => 1688643763783,-214,4077
07-06 13:42:43.803 21019 21140 I BatteryMgr:DataCollectionService: stats => 1688643763803,-214,4077
07-06 13:42:43.822 21019 21140 I BatteryMgr:DataCollectionService: stats => 1688643763822,-214,4077
07-06 13:42:43.842 21019 21140 I BatteryMgr:DataCollectionService: stats => 1688643763842,-214,4077
07-06 13:42:43.862 21019 21140 I BatteryMgr:DataCollectionService: stats => 1688643763862,-214,4077
07-06 13:42:43.882 21019 21140 I BatteryMgr:DataCollectionService: stats => 1688643763882,-214,4077
07-06 13:42:43.903 21019 21140 I BatteryMgr:DataCollectionService: stats => 1688643763903,-214,4077
07-06 13:42:43.923 21019 21140 I BatteryMgr:DataCollectionService: stats => 1688643763923,-214,4077
07-06 13:42:43.943 21019 21140 I BatteryMgr:DataCollectionService: stats => 1688643763942,-214,4077
07-06 13:42:43.963 21019 21140 I BatteryMgr:DataCollectionService: stats => 1688643763962,-214,4077
07-06 13:42:43.983 21019 21140 I BatteryMgr:DataCollectionService: stats => 1688643763983,-214,4077
07-06 13:42:44.003 21019 21140 I BatteryMgr:DataCollectionService: stats => 1688643764002,-214,4077
07-06 13:42:44.023 21019 21140 I BatteryMgr:DataCollectionService: stats => 1688643764022,-214,4077
07-06 13:42:44.042 21019 21140 I BatteryMgr:DataCollectionService: stats => 1688643764042,-214,4077
07-06 13:42:44.062 21019 21140 I BatteryMgr:DataCollectionService: stats => 1688643764062,-214,4077
07-06 13:42:44.083 21019 21140 I BatteryMgr:DataCollectionService: stats => 1688643764083,-214,4077
07-06 13:42:44.104 21019 21140 I BatteryMgr:DataCollectionService: stats => 1688643764103,-214,4077
07-06 13:42:44.123 21019 21140 I BatteryMgr:DataCollectionService: stats => 1688643764123,-214,4077
07-06 13:42:44.143 21019 21140 I BatteryMgr:DataCollectionService: stats => 1688643764143,-214,4077
07-06 13:42:44.163 21019 21140 I BatteryMgr:DataCollectionService: stats => 1688643764163,-214,4077
07-06 13:42:44.183 21019 21140 I BatteryMgr:DataCollectionService: stats => 1688643764183,-214,4077
07-06 13:42:44.203 21019 21140 I BatteryMgr:DataCollectionService: stats => 1688643764202,-214,4077
07-06 13:42:44.223 21019 21140 I BatteryMgr:DataCollectionService: stats => 1688643764222,-214,4077
07-06 13:42:44.243 21019 21140 I BatteryMgr:DataCollectionService: stats => 1688643764243,-214,4077
07-06 13:42:44.263 21019 21140 I BatteryMgr:DataCollectionService: stats => 1688643764262,-214,4077
07-06 13:42:44.282 21019 21140 I BatteryMgr:DataCollectionService: stats => 1688643764282,-214,4077
07-06 13:42:44.302 21019 21140 I BatteryMgr:DataCollectionService: stats => 1688643764302,-214,4077
07-06 13:42:44.323 21019 21140 I BatteryMgr:DataCollectionService: stats => 1688643764322,-214,4077
07-06 13:42:44.342 21019 21140 I BatteryMgr:DataCollectionService: stats => 1688643764342,-214,4077
07-06 13:42:44.362 21019 21140 I BatteryMgr:DataCollectionService: stats => 1688643764362,-214,4077
07-06 13:42:44.383 21019 21140 I BatteryMgr:DataCollectionService: stats => 1688643764382,-214,4077
07-06 13:42:44.402 21019 21140 I BatteryMgr:DataCollectionService: stats => 1688643764402,-214,4077
07-06 13:42:44.423 21019 21140 I BatteryMgr:DataCollectionService: stats => 1688643764422,-214,4077
07-06 13:42:44.443 21019 21140 I BatteryMgr:DataCollectionService: stats => 1688643764443,-214,4077
07-06 13:42:44.460  4948  4948 D io_stats: !@ 179,0 r 174201 6444260 w 34769 577956 d 2996 106732 f 8080 8380 iot 84464 69981 th 51200 0 0 pt 0 inp 0 0 7094.580
07-06 13:42:44.463 21019 21140 I BatteryMgr:DataCollectionService: stats => 1688643764463,-214,4077
07-06 13:42:44.483 21019 21140 I BatteryMgr:DataCollectionService: stats => 1688643764483,-214,4077
07-06 13:42:44.502 21019 21140 I BatteryMgr:DataCollectionService: stats => 1688643764502,-214,4077
07-06 13:42:44.522 21019 21140 I BatteryMgr:DataCollectionService: stats => 1688643764522,-214,4077
07-06 13:42:44.543 21019 21140 I BatteryMgr:DataCollectionService: stats => 1688643764543,-214,4077
07-06 13:42:44.563 21019 21140 I BatteryMgr:DataCollectionService: stats => 1688643764563,-214,4077
07-06 13:42:44.583 21019 21140 I BatteryMgr:DataCollectionService: stats => 1688643764582,-214,4077
07-06 13:42:44.601 21019 21140 I BatteryMgr:DataCollectionService: stats => 1688643764601,-214,4077
07-06 13:42:44.617 21019 21140 I BatteryMgr:DataCollectionService: stats => 1688643764617,-214,4077
07-06 13:42:44.632 21019 21140 I BatteryMgr:DataCollectionService: stats => 1688643764632,-214,4077
07-06 13:42:44.647 21019 21140 I BatteryMgr:DataCollectionService: stats => 1688643764647,-214,4077
07-06 13:42:44.665 21019 21140 I BatteryMgr:DataCollectionService: stats => 1688643764665,-214,4077
07-06 13:42:44.686 21019 21140 I BatteryMgr:DataCollectionService: stats => 1688643764685,-214,4077
07-06 13:42:44.706 21019 21140 I BatteryMgr:DataCollectionService: stats => 1688643764706,-214,4077
07-06 13:42:44.726 21019 21140 I BatteryMgr:DataCollectionService: stats => 1688643764726,-214,4077
07-06 13:42:44.746 21019 21140 I BatteryMgr:DataCollectionService: stats => 1688643764746,-214,4077
07-06 13:42:44.766 21019 21140 I BatteryMgr:DataCollectionService: stats => 1688643764766,-214,4077
07-06 13:42:44.786 21019 21140 I BatteryMgr:DataCollectionService: stats => 1688643764786,-214,4077
07-06 13:42:44.807 21019 21140 I BatteryMgr:DataCollectionService: stats => 1688643764807,-214,4077
07-06 13:42:44.827 21019 21140 I BatteryMgr:DataCollectionService: stats => 1688643764826,-214,4077
07-06 13:42:44.846 21019 21140 I BatteryMgr:DataCollectionService: stats => 1688643764846,-214,4077
07-06 13:42:44.866 21019 21140 I BatteryMgr:DataCollectionService: stats => 1688643764866,-214,4077
07-06 13:42:44.886 21019 21140 I BatteryMgr:DataCollectionService: stats => 1688643764886,-214,4077
07-06 13:42:44.907 21019 21140 I BatteryMgr:DataCollectionService: stats => 1688643764906,-214,4077
07-06 13:42:44.926 21019 21140 I BatteryMgr:DataCollectionService: stats => 1688643764926,-214,4077
07-06 13:42:44.946 21019 21140 I BatteryMgr:DataCollectionService: stats => 1688643764946,-214,4077
07-06 13:42:44.966 21019 21140 I BatteryMgr:DataCollectionService: stats => 1688643764966,-214,4077
07-06 13:42:44.986 21019 21140 I BatteryMgr:DataCollectionService: stats => 1688643764986,-214,4077
07-06 13:42:45.007 21019 21140 I BatteryMgr:DataCollectionService: stats => 1688643765006,-214,4077
07-06 13:42:45.026 21019 21140 I BatteryMgr:DataCollectionService: stats => 1688643765026,-214,4077
07-06 13:42:45.047 21019 21140 I BatteryMgr:DataCollectionService: stats => 1688643765047,-214,4077
07-06 13:42:45.067 21019 21140 I BatteryMgr:DataCollectionService: stats => 1688643765067,-214,4077
07-06 13:42:45.087 21019 21140 I BatteryMgr:DataCollectionService: stats => 1688643765087,-214,4077
07-06 13:42:45.107 21019 21140 I BatteryMgr:DataCollectionService: stats => 1688643765107,-214,4077
07-06 13:42:45.127 21019 21140 I BatteryMgr:DataCollectionService: stats => 1688643765126,-214,4077
07-06 13:42:45.147 21019 21140 I BatteryMgr:DataCollectionService: stats => 1688643765146,-214,4077
07-06 13:42:45.166 21019 21140 I BatteryMgr:DataCollectionService: stats => 1688643765166,-214,4077
07-06 13:42:45.186 21019 21140 I BatteryMgr:DataCollectionService: stats => 1688643765186,-214,4077
07-06 13:42:45.206 21019 21140 I BatteryMgr:DataCollectionService: stats => 1688643765206,-214,4077
07-06 13:42:45.226 21019 21140 I BatteryMgr:DataCollectionService: stats => 1688643765226,-214,4077
07-06 13:42:45.246 21019 21140 I BatteryMgr:DataCollectionService: stats => 1688643765245,-214,4077
07-06 13:42:45.265 21019 21140 I BatteryMgr:DataCollectionService: stats => 1688643765265,-214,4077
07-06 13:42:45.285 21019 21140 I BatteryMgr:DataCollectionService: stats => 1688643765285,-214,4077
07-06 13:42:45.305 21019 21140 I BatteryMgr:DataCollectionService: stats => 1688643765305,-214,4077
07-06 13:42:45.325 21019 21140 I BatteryMgr:DataCollectionService: stats => 1688643765325,-214,4077
07-06 13:42:45.345 21019 21140 I BatteryMgr:DataCollectionService: stats => 1688643765345,-214,4077
07-06 13:42:45.365 21019 21140 I BatteryMgr:DataCollectionService: stats => 1688643765365,-214,4077
07-06 13:42:45.385 21019 21140 I BatteryMgr:DataCollectionService: stats => 1688643765385,-214,4077
07-06 13:42:45.405 21019 21140 I BatteryMgr:DataCollectionService: stats => 1688643765404,-214,4077
07-06 13:42:45.424 21019 21140 I BatteryMgr:DataCollectionService: stats => 1688643765424,-214,4077
07-06 13:42:45.444 21019 21140 I BatteryMgr:DataCollectionService: stats => 1688643765444,-214,4077
07-06 13:42:45.464 21019 21140 I BatteryMgr:DataCollectionService: stats => 1688643765464,-214,4077
07-06 13:42:45.484 21019 21140 I BatteryMgr:DataCollectionService: stats => 1688643765484,-214,4077
07-06 13:42:45.504 21019 21140 I BatteryMgr:DataCollectionService: stats => 1688643765504,-214,4077
07-06 13:42:45.524 21019 21140 I BatteryMgr:DataCollectionService: stats => 1688643765523,-214,4077
07-06 13:42:45.544 21019 21140 I BatteryMgr:DataCollectionService: stats => 1688643765543,-214,4077
07-06 13:42:45.563 21019 21140 I BatteryMgr:DataCollectionService: stats => 1688643765563,-214,4077
07-06 13:42:45.583 21019 21140 I BatteryMgr:DataCollectionService: stats => 1688643765583,-214,4077
07-06 13:42:45.598 21019 21140 I BatteryMgr:DataCollectionService: stats => 1688643765598,-214,4077
07-06 13:42:45.599  3960  5685 I MediaFocusControl:  AudioFocus  requestAudioFocus() from uid/pid 10167/21062 clientId=android.media.AudioManager$2caada req=1 flags=0x0
07-06 13:42:45.599  3960  5685 D AudioService: GetAppDevice, uid=10167
07-06 13:42:45.599  3960  5685 D MediaFocusControl: selectFocusStack, uid = 10167, appDevice = 0, device = 2
07-06 13:42:45.599  3960  5685 D AudioService: GetAppDevice, uid=10167
07-06 13:42:45.601 21062 21062 V MediaPlayer-JNI: native_setup
07-06 13:42:45.601 21062 21062 V MediaPlayerNative: constructor
07-06 13:42:45.602 21062 21062 V MediaPlayerNative: setListener
07-06 13:42:45.608 21062 21062 V MediaPlayer-JNI: set_session_id(): 345
07-06 13:42:45.608 21062 21062 V MediaPlayerNative: MediaPlayer::setAudioSessionId(345)
07-06 13:42:45.612 21062 21062 V MediaPlayer-JNI: setDataSourceFD: fd 72
07-06 13:42:45.612 21062 21062 V MediaPlayerNative: setDataSource(72, 84324, 57544796)
07-06 13:42:45.612  3599  9609 V MediaPlayerService: Create new client(40) from pid 21062, uid 10167, 
07-06 13:42:45.613 21019 21140 I BatteryMgr:DataCollectionService: stats => 1688643765613,-214,4077
07-06 13:42:45.613  3599  9609 V MediaPlayerService: st_dev  = 65027
07-06 13:42:45.613  3599  9609 V MediaPlayerService: st_mode = 33188
07-06 13:42:45.613  3599  9609 V MediaPlayerService: st_uid  = 1000
07-06 13:42:45.613  3599  9609 V MediaPlayerService: st_gid  = 1000
07-06 13:42:45.613  3599  9609 V MediaPlayerService: st_size = 63859823
07-06 13:42:45.613  3599  9609 V MediaPlayerService: player type = 4
07-06 13:42:45.613  3599  9609 D NuPlayerDriver: NuPlayerDriver(0xe8cb2000) created, clientPid(21062)
07-06 13:42:45.618  3599  9609 V AudioSink: AudioOutput(345)
07-06 13:42:45.619  3599  9609 V NuPlayerDriver: setDataSource(0xe8cb2000) file(8)
07-06 13:42:45.619  3599  9609 V NuPlayer: setDataSourceAsync fd 8/84324/57544796 source: 0xe831e880
07-06 13:42:45.619  3599 21155 V NuPlayer: kWhatSetAudioSink
07-06 13:42:45.619  3599 21155 V NuPlayer: kWhatSetDataSource
07-06 13:42:45.619  3599  9609 V NuPlayerDriver: getDefaultBufferingSettings(0xe8cb2000)
07-06 13:42:45.619  3599 21155 V NuPlayer: kWhatGetDefaultBufferingSettings
07-06 13:42:45.620  3599  9609 V MediaPlayerService: [40] getDefaultBufferingSettings{initialMode(1), rebufferingMode(3), initialMarks(5000 ms, -1 KB), rebufferingMarks(2000, 15000)ms, (40, 200)KB}
07-06 13:42:45.620 21062 21062 V MediaPlayerNative: setVideoSurfaceTexture
07-06 13:42:45.621  3599  9609 V MediaPlayerService: [40] setVideoSurfaceTexture(0xe8c8b560)
07-06 13:42:45.621  3599  9609 V Surface : sf_framedrop debug : 0x4f4c, game : false, logging : 0
07-06 13:42:45.621  3599  9609 D SurfaceUtils: connecting to surface 0xea6d3008, reason setVideoSurfaceTexture
07-06 13:42:45.621  3599  9609 V NuPlayerDriver: setVideoSurfaceTexture(0xe8cb2000)
07-06 13:42:45.621  3599  9609 V Surface : sf_framedrop debug : 0x4f4c, game : false, logging : 0
07-06 13:42:45.622  3599 21155 D NuPlayer: onSetVideoSurface(0xea6d3800, no video decoder)
07-06 13:42:45.622  3599 21155 V NuPlayer: performSetSurface
07-06 13:42:45.622  3599 21155 V NuPlayerDriver: notifySetSurfaceComplete(0xe8cb2000)
07-06 13:42:45.623  3601 15034 I RemoteDisplayService: There is no RemoteDisplay
07-06 13:42:45.625 21062 21062 V MediaPlayer-JNI: setParameter: key 1400
07-06 13:42:45.626 21062 21062 V MediaPlayerNative: MediaPlayer::setParameter(1400)
07-06 13:42:45.626  3599  9609 V MediaPlayerService: [40] setParameter(1400)
07-06 13:42:45.626  3599  9609 V MediaPlayerService: setAudioAttributes_l() usage=1 content=3 flags=0x0 tags=
07-06 13:42:45.626 21062 21062 V MediaPlayer-JNI: setAudioStreamType: 3
07-06 13:42:45.626 21062 21062 V MediaPlayerNative: MediaPlayer::setAudioStreamType
07-06 13:42:45.627 21062 21062 V MediaPlayerNative: setVideoSurfaceTexture
07-06 13:42:45.627  3599  9609 V MediaPlayerService: [40] setVideoSurfaceTexture(0xe8c8b080)
07-06 13:42:45.627 21019 21140 I BatteryMgr:DataCollectionService: stats => 1688643765627,-214,4077
07-06 13:42:45.628 21062 21062 V MediaPlayerNative: prepareAsync
07-06 13:42:45.628  3599  9609 V MediaPlayerService: [40] setParameter(1400)
07-06 13:42:45.628  3599  9609 V MediaPlayerService: setAudioAttributes_l() usage=1 content=3 flags=0x0 tags=
07-06 13:42:45.629  3599  9609 V MediaPlayerService: [40] prepareAsync
07-06 13:42:45.629  3599  9609 V NuPlayerDriver: prepareAsync(0xe8cb2000)
07-06 13:42:45.629  3599  9609 V NuPlayer: prepareAsync
07-06 13:42:45.629  3599 21155 V NuPlayer: onMessageReceived kWhatPrepare
07-06 13:42:45.630  3599 21155 I MediaMonitor: MediaMonitor()
07-06 13:42:45.633  3590  3590 E SEC_DRM_PLUGIN_Omafl: OmaPlugin::onOpenDecryptSession(fd)::Drm2IsDrmFileByExtFd::file is NOT DRM by extension
07-06 13:42:45.635  3599 21157 D GenericSource: FileSource remote
07-06 13:42:45.644 21019 21140 I BatteryMgr:DataCollectionService: stats => 1688643765644,-214,4077
07-06 13:42:45.649  3597 15004 I SampleTable: There are reordered frames present.
07-06 13:42:45.652  3599 21157 I BpMediaExtractor: Slow/Fast motion Video SEF Info = DEFAULT, playType = 1
07-06 13:42:45.652  3597 15004 I MPEG4Extractor: setSlowFastInfo, playType: 1
07-06 13:42:45.654  3599 21157 I AnotherPacketSource: setFormat() video
07-06 13:42:45.655  3599 21157 I AnotherPacketSource: setFormat() audio
07-06 13:42:45.656  3599 21155 V NuPlayer: updateVideoSize
07-06 13:42:45.656  3597 15004 D MediaBufferGroup: creating MemoryDealer
07-06 13:42:45.656  3599 21155 V NuPlayer: Video input format 1280 x 720
07-06 13:42:45.656  3599 21155 V NuPlayer: Video display width and height are overridden to 1280 x 720
07-06 13:42:45.656  3599 21155 V NuPlayer: msg : 5, ext1 : 1280, ext2 : 720
07-06 13:42:45.656  3599 21155 D NuPlayerDriver: notifyListener_l(0xe8cb2000), (5, 1280, 720, -1), loop setting(0, 0)
07-06 13:42:45.656  3599 21155 V MediaPlayerService: [40] notify (5, 1280, 720)
07-06 13:42:45.657  3599 21155 V NuPlayer: onSourceNotify() kWhatFlagsChanged  FLAG_CAN_PAUSE: 1  FLAG_CAN_SEEK_BACKWARD: 1 
07-06 13:42:45.657  3599 21155 V NuPlayer: 				 FLAG_CAN_SEEK_FORWARD: 1  FLAG_CAN_SEEK: 1  FLAG_DYNAMIC_DURATION: 0 
07-06 13:42:45.657  3599 21155 V NuPlayer: 				 FLAG_SECURE: 0  FLAG_PROTECTED: 0
07-06 13:42:45.657 21062 21077 V MediaPlayerNative: message received msg=5, ext1=1280, ext2=720
07-06 13:42:45.657 21062 21077 V MediaPlayerNative: New video size 1280 x 720
07-06 13:42:45.657 21062 21077 V MediaPlayerNative: callback application
07-06 13:42:45.657  3597 15004 D MediaBufferGroup: creating MemoryDealer
07-06 13:42:45.658 21062 21077 V MediaPlayerNative: back from callback
07-06 13:42:45.658 21062 21062 V MediaPlayerNative: getVideoWidth
07-06 13:42:45.658 21062 21062 V MediaPlayer-JNI: getVideoWidth: 1280
07-06 13:42:45.658  3599 21157 I GenericSource: make VideoTrackReader
07-06 13:42:45.658 21062 21062 V MediaPlayerNative: getVideoHeight
07-06 13:42:45.658 21062 21062 V MediaPlayer-JNI: getVideoHeight: 720
07-06 13:42:45.659  3599 21157 V NuPlayer: Source::notifyPrepared 0
07-06 13:42:45.659  3599 21155 V NuPlayer: NuPlayer::onSourceNotify Source::kWhatPrepared source: 0xe831e880
07-06 13:42:45.659  3599 21155 V NuPlayer: extractMetadata Tracks : 2
07-06 13:42:45.660 21019 21140 I BatteryMgr:DataCollectionService: stats => 1688643765660,-214,4077
07-06 13:42:45.660  3599 21155 V NuPlayer: frameRate 30
07-06 13:42:45.660  3599 21155 V NuPlayer: checkForIFrameInterval - kKeyIframeAvgInterval 2369035
07-06 13:42:45.660  3599 21155 V NuPlayer: checkForIFrameInterval - displayWidth 1280
07-06 13:42:45.660  3599 21155 V NuPlayer: checkForIFrameInterval - displayHeight 720
07-06 13:42:45.660  3599 21155 V NuPlayer: enableInbandTextFromExtr
07-06 13:42:45.661  3599 21155 V NuPlayerDriver: notifyPrepareCompleted 0
07-06 13:42:45.661  3599 21155 D NuPlayerDriver: notifyListener_l(0xe8cb2000), (1, 0, 0, -1), loop setting(0, 0)
07-06 13:42:45.661  3599 21155 V MediaPlayerService: [40] notify (1, 0, 0)
07-06 13:42:45.661 21062 21077 V MediaPlayerNative: message received msg=1, ext1=0, ext2=0
07-06 13:42:45.661 21062 21077 V MediaPlayerNative: MediaPlayer::notify() prepared
07-06 13:42:45.661 21062 21077 V MediaPlayerNative: callback application
07-06 13:42:45.662 21062 21077 V MediaPlayerNative: back from callback
07-06 13:42:45.671 21062 21062 V MediaPlayerNative: invoke 68
07-06 13:42:45.672  3599  9609 I MediaPlayerService: Client::invoke requestID=1
07-06 13:42:45.672  3599  9609 V NuPlayer: getTrackInfo
07-06 13:42:45.672  3599 21155 W NuPlayer: no name
07-06 13:42:45.674 21062 21062 D MediaPlayerNative: getMetadata
07-06 13:42:45.675 21019 21140 I BatteryMgr:DataCollectionService: stats => 1688643765675,-214,4077
07-06 13:42:45.675 21062 21062 V MediaPlayer-JNI: setVolume: left 0.000000  right 0.000000
07-06 13:42:45.676 21062 21062 V MediaPlayerNative: MediaPlayer::setVolume(0.000000, 0.000000)
07-06 13:42:45.676  3599  9609 V MediaPlayerService: [40] setVolume(0.000000, 0.000000)
07-06 13:42:45.676  3599  9609 V AudioSink: setVolume(0.000000, 0.000000)
07-06 13:42:45.676 21062 21062 V MediaPlayerNative: getVideoWidth
07-06 13:42:45.676 21062 21062 V MediaPlayer-JNI: getVideoWidth: 1280
07-06 13:42:45.676 21062 21062 V MediaPlayerNative: getVideoHeight
07-06 13:42:45.676 21062 21062 V MediaPlayer-JNI: getVideoHeight: 720
07-06 13:42:45.677  3960  5685 D AudioPlaybackMonitor: Found a new active media playback. ID:375 -- type:android.media.MediaPlayer -- u/pid:10167/21062 -- state:started -- attr:AudioAttributes: usage=1 content=3 flags=0x0 tags= bundle=null
07-06 13:42:45.678  3960  5685 D MediaSessionStack: updateMediaButtonSessionIfNeeded, callers=com.android.server.media.MediaSessionService$1.onAudioPlaybackStarted:189 com.android.server.media.AudioPlaybackMonitor.dispatchPlaybackConfigChange:127 
07-06 13:42:45.678  3960  5685 D AudioService: Sending DVFS message = MSG_SET_DVFS_FOR_SOUNDALIVE
07-06 13:42:45.680 21062 21062 V MediaPlayer-JNI: start
07-06 13:42:45.680 21062 21062 V MediaPlayerNative: start
07-06 13:42:45.680  3599  9609 V MediaPlayerService: [40] setLooping(0)
07-06 13:42:45.681  3599  9609 V MediaPlayerService: [40] setVolume(0.000000, 0.000000)
07-06 13:42:45.681  3599  9609 V AudioSink: setVolume(0.000000, 0.000000)
07-06 13:42:45.681  3599  9609 V MediaPlayerService: [40] setAuxEffectSendLevel(0.000000)
07-06 13:42:45.681  3599  9609 V AudioSink: setAuxEffectSendLevel(0.000000)
07-06 13:42:45.681  3599  9609 V MediaPlayerService: [40] start
07-06 13:42:45.681  3599  9609 V MediaPlayerService: getClientDuration
07-06 13:42:45.681  3599  9609 V MediaPlayerService: getDuration
07-06 13:42:45.681  3599  9609 V MediaPlayerService: [40] getDuration = 215637
07-06 13:42:45.681  3599  9609 D NuPlayerDriver: start(0xe8cb2000), state is 4, eos is 0
07-06 13:42:45.681  3599 21155 V NuPlayer: kWhatStart
07-06 13:42:45.681  3599 21155 V NuPlayer: onStart: mCrypto: 0x0 (0)
07-06 13:42:45.681  3599 21155 I GenericSource: start
07-06 13:42:45.682  3599 21155 V NuPlayer: checkOffloadExceptions : hasVideo is true, return false
07-06 13:42:45.682  3599 21155 V NuPlayer: checkOffloadExceptions is false, disable offload
07-06 13:42:45.682  3599 21155 I MediaClock: setPlaybackRate rate : 1.000000
07-06 13:42:45.683  3599 21159 I NuPlayerRenderer: onConfigPlayback
07-06 13:42:45.683  3599 21159 I MediaClock: setPlaybackRate rate : 1.000000
07-06 13:42:45.683  3599 21159 I MediaClock: setSpeedAjust mSASpeed (0), mMinClockModificationTimeUs (80000)
07-06 13:42:45.688  3960  5685 V WindowManager: Relayout Window{f317da u0 x.intervalapp.displaytest/x.intervalapp.displaytest.MainActivity}: viewVisibility=0 req=1280x720 WM.LayoutParams{(0,0)(fillxfill) sim=#20 ty=1 fl=#81810180 pfl=0x20000 fmt=-3 wanim=0x10302fd vsysui=0x600 needsMenuKey=2 colorMode=0 naviIconColor=0}
07-06 13:42:45.690 21019 21140 I BatteryMgr:DataCollectionService: stats => 1688643765690,-214,4077
07-06 13:42:45.693  3960  5685 D PowerManagerService: [api] acquire WakeLock flags=0x2000000a tag=WindowManager uid=1000 pid=3960 ws=WorkSource{10167} pkg=android
07-06 13:42:45.698 21062 21062 D ViewRootImpl@9cb8cc9[MainActivity]: Relayout returned: old=[0,0][1280,720] new=[0,0][1280,720] result=0x1 surface={valid=true 490150899712} changed=false
07-06 13:42:45.705 21019 21140 I BatteryMgr:DataCollectionService: stats => 1688643765705,-214,4077
07-06 13:42:45.708  3599 21155 I NuPlayerRenderer: setVideoFrameRate fps : 30.000000
07-06 13:42:45.709  3599 21155 I NuPlayerRenderer: setDuration (215637333)
07-06 13:42:45.709  3599 21155 V NuPlayer: scanning sources haveAudio=0, haveVideo=0
07-06 13:42:45.709  3599 21155 V NuPlayer: make Decoder (video)
07-06 13:42:45.710  3599 21155 V NuPlayer: checkOffloadExceptions : hasVideo is true, return false
07-06 13:42:45.710  3599 21155 V NuPlayer: checkOffloadExceptions is false, disable offload
07-06 13:42:45.710  3599 21155 V NuPlayer: make Decoder (audio)
07-06 13:42:45.710  3599 21155 V NuPlayer: instantiateDecoder audio Decoder
07-06 13:42:45.711  3599 21160 I ACodec  :  [] Now uninitialized
07-06 13:42:45.712  3599 21162 I ACodec  :  [] Now uninitialized
07-06 13:42:45.712  3599 21164 I ACodec  : [] onAllocateComponent
07-06 13:42:45.712  3599 21163 I ACodec  : [] onAllocateComponent
07-06 13:42:45.714  3599 21164 I OMXClient: Treble IOmx obtained
07-06 13:42:45.714  3599 21164 I ACodec  : Set Google AAC Dec for aacProfile 0
07-06 13:42:45.715  3599 21163 I OMXClient: Treble IOmx obtained
07-06 13:42:45.715  3605  3786 I OMXMaster: makeComponentInstance(OMX.Exynos.avc.dec) in omx@1.0-service process
07-06 13:42:45.718  3605  3786 I vndksupport: sphal namespace is not configured for this process. Loading /vendor/lib/hw/gralloc.exynos5.so from the current namespace instead.
07-06 13:42:45.720  3605  3786 D libexynosv4l2: try node: /dev/video6
07-06 13:42:45.720  3605  3786 I libexynosv4l2: node found for device s5p-mfc-dec: /dev/video6
07-06 13:42:45.721 21019 21140 I BatteryMgr:DataCollectionService: stats => 1688643765720,-214,4077
07-06 13:42:45.736  3605  3786 I libexynosv4l2: open video device /dev/video6
07-06 13:42:45.736 21019 21140 I BatteryMgr:DataCollectionService: stats => 1688643765736,-214,4077
07-06 13:42:45.737  3605  3662 I OMXMaster: makeComponentInstance(OMX.SEC.aac.dec) in omx@1.0-service process
07-06 13:42:45.738  3599 21164 I ACodec  : [OMX.Exynos.avc.dec] Now Loaded
07-06 13:42:45.739  3599 21160 D SurfaceUtils: disconnecting from surface 0xea6d3808, reason onConfigure
07-06 13:42:45.740  3599 21161 D SurfaceUtils: connecting to surface 0xea6d3808, reason connectToSurface
07-06 13:42:45.740  3599 21161 I MediaCodec: [OMX.Exynos.avc.dec] setting surface generation to 3685413
07-06 13:42:45.740  3599 21161 D SurfaceUtils: disconnecting from surface 0xea6d3808, reason connectToSurface(reconnect)
07-06 13:42:45.741  3599 21161 D SurfaceUtils: connecting to surface 0xea6d3808, reason connectToSurface(reconnect)
07-06 13:42:45.741  3599 21161 I ResourceManagerService: ResourceManagerService checkCodecCapacity pid 21062 clientId 3932987328 useExtended 0 
07-06 13:42:45.743  3599 21163 I ACodec  : [OMX.SEC.aac.dec] Now Loaded
07-06 13:42:45.743  3599 21164 I ACodec  : can't find wfdsink-exynos-enable
07-06 13:42:45.745  3605  3786 E OMXNodeInstance: setConfig(0xe97a34a0:Exynos.avc.dec, ConfigPriority(0x6f800002)) ERROR: UnsupportedIndex(0x8000101a)
07-06 13:42:45.745  3605  3786 E OMXNodeInstance: getConfig(0xe97a37a0:SEC.aac.dec, ConfigAndroidVendorExtension(0x6f100004)) ERROR: UnsupportedIndex(0x8000101a)
07-06 13:42:45.746  3599 21164 I ACodec  : codec does not support config priority (err -1010)
07-06 13:42:45.746  3599 21163 I MediaCodec: MediaCodec will operate in async mode
07-06 13:42:45.746  3599 21163 I ACodec  : [OMX.SEC.aac.dec] Now Loaded->Idle
07-06 13:42:45.747  3605  3786 E OMXNodeInstance: getConfig(0xe97a34a0:Exynos.avc.dec, ConfigCommonOutputCrop(0x700000f)) ERROR: NotReady(0x80001010)
07-06 13:42:45.749  3599 21161 I MediaCodec: MediaCodec will operate in async mode
07-06 13:42:45.750  3605 21165 I EXYNOS_BASE_COMP: [0xe85ff000][Exynos_OMX_ComponentStateSet] current:(OMX_StateLoaded) dest:(OMX_StateIdle)
07-06 13:42:45.750  3599 21164 I ACodec  : [OMX.Exynos.avc.dec] Now Loaded->Idle
07-06 13:42:45.751  3605 21165 D libexynosv4l2: try node: /dev/video6
07-06 13:42:45.751  3605 21165 I libexynosv4l2: node found for device s5p-mfc-dec: /dev/video6
07-06 13:42:45.751  3420  3420 W /system/bin/hw/android.hidl.allocator@1.0-service: ashmem_create_region(1572864) returning hidl_memory(0x7e73a2c500, 1572864)
07-06 13:42:45.753  3420  3420 W /system/bin/hw/android.hidl.allocator@1.0-service: ashmem_create_region(1572864) returning hidl_memory(0x7e73a2c500, 1572864)
07-06 13:42:45.753 21019 21140 I BatteryMgr:DataCollectionService: stats => 1688643765753,-214,4077
07-06 13:42:45.755  3420  3420 W /system/bin/hw/android.hidl.allocator@1.0-service: ashmem_create_region(1572864) returning hidl_memory(0x7e73a2c500, 1572864)
07-06 13:42:45.766  3420  3420 I chatty  : uid=1000(system) allocator@1.0-s identical 4 lines
07-06 13:42:45.767  3420  3420 W /system/bin/hw/android.hidl.allocator@1.0-service: ashmem_create_region(1572864) returning hidl_memory(0x7e73a2c500, 1572864)
07-06 13:42:45.768  3605 21165 I libexynosv4l2: open video device /dev/video6
07-06 13:42:45.768  3420  3420 W /system/bin/hw/android.hidl.allocator@1.0-service: ashmem_create_region(1572864) returning hidl_memory(0x7e73a2c500, 1572864)
07-06 13:42:45.769 21019 21140 I BatteryMgr:DataCollectionService: stats => 1688643765769,-214,4077
07-06 13:42:45.770  3420  3420 W /system/bin/hw/android.hidl.allocator@1.0-service: ashmem_create_region(1572864) returning hidl_memory(0x7e73a2c500, 1572864)
07-06 13:42:45.771  3420  3420 W /system/bin/hw/android.hidl.allocator@1.0-service: ashmem_create_region(24576) returning hidl_memory(0x7e73a2c500, 24576)
07-06 13:42:45.771  3420  3420 I chatty  : uid=1000(system) allocator@1.0-s identical 1 line
07-06 13:42:45.772  3420  3420 W /system/bin/hw/android.hidl.allocator@1.0-service: ashmem_create_region(24576) returning hidl_memory(0x7e73a2c500, 24576)
07-06 13:42:45.772  3599 21164 D SurfaceUtils: set up nativeWindow 0xea6d3808 for 1280x720, color 0x121, rotation 0, usage 0x2900
07-06 13:42:45.773  3599 21164 I ACodec  : [OMX.Exynos.avc.dec] configureOutputBuffersFromNativeWindow setBufferCount : 8, minUndequeuedBuffers : 4
07-06 13:42:45.773  3420  3420 W /system/bin/hw/android.hidl.allocator@1.0-service: ashmem_create_region(24576) returning hidl_memory(0x7e73a2c500, 24576)
07-06 13:42:45.774  3420  3420 W /system/bin/hw/android.hidl.allocator@1.0-service: ashmem_create_region(24576) returning hidl_memory(0x7e73a2c500, 24576)
07-06 13:42:45.775  3605 21165 I EXYNOS_BASE_COMP: [0xe85ff000][Exynos_OMX_EventHandler] OMX_EventCmdComplete(OMX_StateIdle)
07-06 13:42:45.775  3420  3420 W /system/bin/hw/android.hidl.allocator@1.0-service: ashmem_create_region(24576) returning hidl_memory(0x7e73a2c500, 24576)
07-06 13:42:45.776  3605 21165 I EXYNOS_BASE_COMP: [0xe85ff000][Exynos_OMX_ComponentStateSet] current:(OMX_StateIdle) dest:(OMX_StateExecuting)
07-06 13:42:45.776  3599 21161 I ResourceManagerService: addMediaInfo -(PID : 21062, clientID : 3932987328)
07-06 13:42:45.776  3599 21164 I ACodec  : [OMX.Exynos.avc.dec] Now Idle->Executing
07-06 13:42:45.776  3605 21165 I EXYNOS_BASE_COMP: [0xe85ff000][Exynos_OMX_ComponentStateSet] OMX_EventCmdComplete(OMX_StateExecuting)
07-06 13:42:45.776  3599 21161 I ResourceManagerService: MediaInfo add 921600 (width 1280 height 720) remained 7545600
07-06 13:42:45.776  3599 21161 I ResourceManagerService: getMediaResourceInfo resourceType : 2, size : 1
07-06 13:42:45.776  3599 21161 I ResourceManagerService: getMediaResourceInfo (PID : 21062, clientID : 3932987328, non-secure-codec/video-codec:1, 1280x720(fps:30) - SoftCodec : No, Encorder : No)
