07-04 21:07:38.539  6490  6606 I BatteryMgr:DataCollectionService: stats => 1688497658539,-354980,4232
07-04 21:07:38.574  1375  6575 E qdmetadata: Unknown paramType 4096
07-04 21:07:38.641  1375  6575 I chatty  : uid=1046(mediacodec) omx@1.0-service identical 2 lines
07-04 21:07:38.641  1375  6575 E qdmetadata: Unknown paramType 4096
07-04 21:07:38.643  6490  6606 I BatteryMgr:DataCollectionService: stats => 1688497658643,-354980,4232
07-04 21:07:38.664  1233  1233 W /system/vendor/bin/ipacm: type=1400 audit(0.0:185358): avc: denied { write } for comm=6E65746C696E6B20736F636B6574 name="ipacm_log_file" dev="tmpfs" ino=27039 scontext=u:r:ipacm:s0 tcontext=u:object_r:ipacm_socket:s0 tclass=sock_file permissive=0
07-04 21:07:38.664  1233  1233 I chatty  : uid=1001(radio) /system/vendor/bin/ipacm identical 1 line
07-04 21:07:38.664  1233  1233 W /system/vendor/bin/ipacm: type=1400 audit(0.0:185360): avc: denied { write } for comm=6E65746C696E6B20736F636B6574 name="ipacm_log_file" dev="tmpfs" ino=27039 scontext=u:r:ipacm:s0 tcontext=u:object_r:ipacm_socket:s0 tclass=sock_file permissive=0
07-04 21:07:38.664  1233  1233 W ipacm   : type=1400 audit(0.0:185361): avc: denied { write } for name="ipacm_log_file" dev="tmpfs" ino=27039 scontext=u:r:ipacm:s0 tcontext=u:object_r:ipacm_socket:s0 tclass=sock_file permissive=0
07-04 21:07:38.664  1233  1233 I chatty  : uid=1001(radio) /system/vendor/bin/ipacm identical 1 line
07-04 21:07:38.664  1233  1233 W ipacm   : type=1400 audit(0.0:185363): avc: denied { write } for name="ipacm_log_file" dev="tmpfs" ino=27039 scontext=u:r:ipacm:s0 tcontext=u:object_r:ipacm_socket:s0 tclass=sock_file permissive=0
07-04 21:07:38.707  1375  6575 E qdmetadata: Unknown paramType 4096
07-04 21:07:38.731  1375  6575 E qdmetadata: Unknown paramType 4096
07-04 21:07:38.747  6490  6606 I BatteryMgr:DataCollectionService: stats => 1688497658746,-354980,4232
07-04 21:07:38.774  1375  6575 E qdmetadata: Unknown paramType 4096
07-04 21:07:38.774  1375  6575 I chatty  : uid=1046(mediacodec) omx@1.0-service identical 1 line
07-04 21:07:38.841  1375  6575 E qdmetadata: Unknown paramType 4096
07-04 21:07:38.850  6490  6606 I BatteryMgr:DataCollectionService: stats => 1688497658850,-354980,4232
07-04 21:07:38.864  1375  6575 E qdmetadata: Unknown paramType 4096
07-04 21:07:38.907  1375  6575 I chatty  : uid=1046(mediacodec) omx@1.0-service identical 1 line
07-04 21:07:38.908  1375  6575 E qdmetadata: Unknown paramType 4096
07-04 21:07:38.953  6490  6606 I BatteryMgr:DataCollectionService: stats => 1688497658953,-354980,4232
07-04 21:07:38.974  1375  6575 E qdmetadata: Unknown paramType 4096
07-04 21:07:39.041  1375  6575 I chatty  : uid=1046(mediacodec) omx@1.0-service identical 2 lines
07-04 21:07:39.041  1375  6575 E qdmetadata: Unknown paramType 4096
07-04 21:07:39.057  6490  6606 I BatteryMgr:DataCollectionService: stats => 1688497659057,-354980,4232
07-04 21:07:39.107  1375  6575 E qdmetadata: Unknown paramType 4096
07-04 21:07:39.131  1375  6575 E qdmetadata: Unknown paramType 4096
07-04 21:07:39.161  6490  6606 I BatteryMgr:DataCollectionService: stats => 1688497659160,-354980,4232
07-04 21:07:39.174  1375  6575 E qdmetadata: Unknown paramType 4096
07-04 21:07:39.174  1375  6575 I chatty  : uid=1046(mediacodec) omx@1.0-service identical 1 line
07-04 21:07:39.241  1375  6575 E qdmetadata: Unknown paramType 4096
07-04 21:07:39.264  6490  6606 I BatteryMgr:DataCollectionService: stats => 1688497659264,-354980,4232
07-04 21:07:39.264  1375  6575 E qdmetadata: Unknown paramType 4096
07-04 21:07:39.307  1375  6575 I chatty  : uid=1046(mediacodec) omx@1.0-service identical 1 line
07-04 21:07:39.308  1375  6575 E qdmetadata: Unknown paramType 4096
07-04 21:07:39.367  6490  6606 I BatteryMgr:DataCollectionService: stats => 1688497659367,-354980,4232
07-04 21:07:39.374  1375  6575 E qdmetadata: Unknown paramType 4096
07-04 21:07:39.436  1375  6575 I chatty  : uid=1046(mediacodec) omx@1.0-service identical 3 lines
07-04 21:07:39.436  1375  6575 E qdmetadata: Unknown paramType 4096
07-04 21:07:39.471  6490  6606 I BatteryMgr:DataCollectionService: stats => 1688497659471,-354980,4232
07-04 21:07:39.541  1375  6575 E qdmetadata: Unknown paramType 4096
07-04 21:07:39.574  1375  6575 E qdmetadata: Unknown paramType 4096
07-04 21:07:39.574  6490  6606 I BatteryMgr:DataCollectionService: stats => 1688497659574,-354980,4232
07-04 21:07:39.608  1375  6575 E qdmetadata: Unknown paramType 4096
07-04 21:07:39.608  1375  6575 I chatty  : uid=1046(mediacodec) omx@1.0-service identical 1 line
07-04 21:07:39.674  1375  6575 E qdmetadata: Unknown paramType 4096
07-04 21:07:39.678  6490  6606 I BatteryMgr:DataCollectionService: stats => 1688497659678,-249999,4232
07-04 21:07:39.711  1375  6575 E qdmetadata: Unknown paramType 4096
07-04 21:07:39.742  1375  6575 I chatty  : uid=1046(mediacodec) omx@1.0-service identical 1 line
07-04 21:07:39.743  1375  6575 E qdmetadata: Unknown paramType 4096
07-04 21:07:39.790  6490  6606 I BatteryMgr:DataCollectionService: stats => 1688497659790,-249999,4232
07-04 21:07:39.809  1375  6575 E qdmetadata: Unknown paramType 4096
07-04 21:07:39.842  1375  6575 I chatty  : uid=1046(mediacodec) omx@1.0-service identical 1 line
07-04 21:07:39.876  1375  6575 E qdmetadata: Unknown paramType 4096
07-04 21:07:39.899  6490  6606 I BatteryMgr:DataCollectionService: stats => 1688497659899,-249999,4232
07-04 21:07:39.909  1375  6575 E qdmetadata: Unknown paramType 4096
07-04 21:07:39.910  1375  6575 I chatty  : uid=1046(mediacodec) omx@1.0-service identical 1 line
07-04 21:07:39.977  1375  6575 E qdmetadata: Unknown paramType 4096
07-04 21:07:40.007  6490  6606 I BatteryMgr:DataCollectionService: stats => 1688497660007,-249999,4232
07-04 21:07:40.009  1375  6575 E qdmetadata: Unknown paramType 4096
07-04 21:07:40.043  1375  6575 I chatty  : uid=1046(mediacodec) omx@1.0-service identical 2 lines
07-04 21:07:40.109  1375  6575 E qdmetadata: Unknown paramType 4096
07-04 21:07:40.119  6490  6606 I BatteryMgr:DataCollectionService: stats => 1688497660119,-249999,4232
07-04 21:07:40.142  1375  6575 E qdmetadata: Unknown paramType 4096
07-04 21:07:40.175  1375  6575 I chatty  : uid=1046(mediacodec) omx@1.0-service identical 1 line
07-04 21:07:40.176  1375  6575 E qdmetadata: Unknown paramType 4096
07-04 21:07:40.224  1726  9160 I system_server: oneway function results will be dropped but finished with status OK and parcel size 4
07-04 21:07:40.226  1726 10144 I system_server: oneway function results will be dropped but finished with status OK and parcel size 4
07-04 21:07:40.227  1726 10144 I system_server: oneway function results will be dropped but finished with status OK and parcel size 4
07-04 21:07:40.229  6490  6606 I BatteryMgr:DataCollectionService: stats => 1688497660229,-249999,4232
07-04 21:07:40.231  1726  9160 I system_server: oneway function results will be dropped but finished with status OK and parcel size 4
07-04 21:07:40.232  1726 10144 I system_server: oneway function results will be dropped but finished with status OK and parcel size 4
07-04 21:07:40.242  1375  6575 E qdmetadata: Unknown paramType 4096
07-04 21:07:40.275  1375  6575 I chatty  : uid=1046(mediacodec) omx@1.0-service identical 1 line
07-04 21:07:40.309  1375  6575 E qdmetadata: Unknown paramType 4096
07-04 21:07:40.339  6490  6606 I BatteryMgr:DataCollectionService: stats => 1688497660339,-249999,4232
07-04 21:07:40.344  1375  6575 E qdmetadata: Unknown paramType 4096
07-04 21:07:40.409  1375  6575 I chatty  : uid=1046(mediacodec) omx@1.0-service identical 2 lines
07-04 21:07:40.442  1375  6575 E qdmetadata: Unknown paramType 4096
07-04 21:07:40.449  6490  6606 I BatteryMgr:DataCollectionService: stats => 1688497660449,-249999,4232
07-04 21:07:40.463   962  6572 D audio_hw_primary: copl(0xed050c90):out of compress_wait
07-04 21:07:40.468   962  6579 D audio_hw_primary: No space available in compress driver, post msg to cb thread
07-04 21:07:40.469   962  6572 D audio_hw_primary: copl(0xed050c90):calling compress_wait
07-04 21:07:40.479  1375  6575 E qdmetadata: Unknown paramType 4096
07-04 21:07:40.513  1375  6575 I chatty  : uid=1046(mediacodec) omx@1.0-service identical 1 line
07-04 21:07:40.514  1375  6575 E qdmetadata: Unknown paramType 4096
07-04 21:07:40.561  6490  6606 I BatteryMgr:DataCollectionService: stats => 1688497660561,-249999,4232
07-04 21:07:40.575  1375  6575 E qdmetadata: Unknown paramType 4096
07-04 21:07:40.642  1375  6575 I chatty  : uid=1046(mediacodec) omx@1.0-service identical 2 lines
07-04 21:07:40.643  1375  6575 E qdmetadata: Unknown paramType 4096
07-04 21:07:40.670  6490  6606 I BatteryMgr:DataCollectionService: stats => 1688497660670,-249999,4232
07-04 21:07:40.709  1375  6575 E qdmetadata: Unknown paramType 4096
07-04 21:07:40.777  1375  6575 I chatty  : uid=1046(mediacodec) omx@1.0-service identical 2 lines
07-04 21:07:40.780  1375  6575 E qdmetadata: Unknown paramType 4096
07-04 21:07:40.781  6490  6606 I BatteryMgr:DataCollectionService: stats => 1688497660781,-249999,4232
07-04 21:07:40.842  1375  6575 E qdmetadata: Unknown paramType 4096
07-04 21:07:40.879  1375  6575 E qdmetadata: Unknown paramType 4096
07-04 21:07:40.892  6490  6606 I BatteryMgr:DataCollectionService: stats => 1688497660891,-249999,4232
07-04 21:07:40.912  1375  6575 E qdmetadata: Unknown paramType 4096
07-04 21:07:40.978  1375  6575 I chatty  : uid=1046(mediacodec) omx@1.0-service identical 2 lines
07-04 21:07:40.980  1375  6575 E qdmetadata: Unknown paramType 4096
07-04 21:07:41.000  6490  6606 I BatteryMgr:DataCollectionService: stats => 1688497661000,-249999,4232
07-04 21:07:41.044  1375  6575 E qdmetadata: Unknown paramType 4096
07-04 21:07:41.109  1375  6575 I chatty  : uid=1046(mediacodec) omx@1.0-service identical 2 lines
07-04 21:07:41.110  1375  6575 E qdmetadata: Unknown paramType 4096
07-04 21:07:41.111  6490  6606 I BatteryMgr:DataCollectionService: stats => 1688497661111,-249999,4232
07-04 21:07:41.177  1375  6575 E qdmetadata: Unknown paramType 4096
07-04 21:07:41.212  1375  6575 I chatty  : uid=1046(mediacodec) omx@1.0-service identical 2 lines
07-04 21:07:41.213  1375  6575 E qdmetadata: Unknown paramType 4096
07-04 21:07:41.225  6490  6606 I BatteryMgr:DataCollectionService: stats => 1688497661224,-219726,4232
07-04 21:07:41.309  1375  6575 E qdmetadata: Unknown paramType 4096
07-04 21:07:41.333  6490  6606 I BatteryMgr:DataCollectionService: stats => 1688497661333,-219726,4232
07-04 21:07:41.344  1375  6575 E qdmetadata: Unknown paramType 4096
07-04 21:07:41.381  1375  6575 I chatty  : uid=1046(mediacodec) omx@1.0-service identical 2 lines
07-04 21:07:41.444  1375  6575 E qdmetadata: Unknown paramType 4096
07-04 21:07:41.449  6490  6606 I BatteryMgr:DataCollectionService: stats => 1688497661449,-219726,4232
07-04 21:07:41.477  1375  6575 E qdmetadata: Unknown paramType 4096
07-04 21:07:41.509  1375  6575 I chatty  : uid=1046(mediacodec) omx@1.0-service identical 1 line
07-04 21:07:41.510  1375  6575 E qdmetadata: Unknown paramType 4096
07-04 21:07:41.558  6490  6606 I BatteryMgr:DataCollectionService: stats => 1688497661558,-219726,4232
07-04 21:07:41.577  1375  6575 E qdmetadata: Unknown paramType 4096
07-04 21:07:41.643  1375  6575 I chatty  : uid=1046(mediacodec) omx@1.0-service identical 2 lines
07-04 21:07:41.644  1375  6575 E qdmetadata: Unknown paramType 4096
07-04 21:07:41.667  6490  6606 I BatteryMgr:DataCollectionService: stats => 1688497661666,-219726,4232
07-04 21:07:41.709  1375  6575 E qdmetadata: Unknown paramType 4096
07-04 21:07:41.744  1375  6575 E qdmetadata: Unknown paramType 4096
07-04 21:07:41.775  6490  6606 I BatteryMgr:DataCollectionService: stats => 1688497661775,-219726,4232
07-04 21:07:41.778  1375  6575 E qdmetadata: Unknown paramType 4096
07-04 21:07:41.846  1375  6575 I chatty  : uid=1046(mediacodec) omx@1.0-service identical 2 lines
07-04 21:07:41.876  1375  6575 E qdmetadata: Unknown paramType 4096
07-04 21:07:41.883  6490  6606 I BatteryMgr:DataCollectionService: stats => 1688497661883,-219726,4232
07-04 21:07:41.909  1375  6575 E qdmetadata: Unknown paramType 4096
07-04 21:07:41.910  1375  6575 I chatty  : uid=1046(mediacodec) omx@1.0-service identical 1 line
07-04 21:07:41.975  1375  6575 E qdmetadata: Unknown paramType 4096
07-04 21:07:41.992  6490  6606 I BatteryMgr:DataCollectionService: stats => 1688497661991,-219726,4232
07-04 21:07:42.009  1375  6575 E qdmetadata: Unknown paramType 4096
07-04 21:07:42.042  1375  6575 I chatty  : uid=1046(mediacodec) omx@1.0-service identical 1 line
07-04 21:07:42.043  1375  6575 E qdmetadata: Unknown paramType 4096
07-04 21:07:42.102  6490  6606 I BatteryMgr:DataCollectionService: stats => 1688497662102,-219726,4232
07-04 21:07:42.111  1375  6575 E qdmetadata: Unknown paramType 4096
07-04 21:07:42.179  1375  6575 I chatty  : uid=1046(mediacodec) omx@1.0-service identical 2 lines
07-04 21:07:42.180  1375  6575 E qdmetadata: Unknown paramType 4096
07-04 21:07:42.211  6490  6606 I BatteryMgr:DataCollectionService: stats => 1688497662211,-219726,4232
07-04 21:07:42.242  1375  6575 E qdmetadata: Unknown paramType 4096
07-04 21:07:42.311  1375  6575 I chatty  : uid=1046(mediacodec) omx@1.0-service identical 2 lines
07-04 21:07:42.312  1375  6575 E qdmetadata: Unknown paramType 4096
07-04 21:07:42.324  6490  6606 I BatteryMgr:DataCollectionService: stats => 1688497662324,-219726,4232
07-04 21:07:42.377  1375  6575 E qdmetadata: Unknown paramType 4096
07-04 21:07:42.409  1375  6575 E qdmetadata: Unknown paramType 4096
07-04 21:07:42.412  6490  6614 D ProfileInstaller: Installing profile for com.example.batterymanager_utility
07-04 21:07:42.436  6490  6606 I BatteryMgr:DataCollectionService: stats => 1688497662436,-219726,4232
07-04 21:07:42.443  1375  6575 E qdmetadata: Unknown paramType 4096
07-04 21:07:42.509  1375  6575 I chatty  : uid=1046(mediacodec) omx@1.0-service identical 2 lines
07-04 21:07:42.542  1375  6575 E qdmetadata: Unknown paramType 4096
07-04 21:07:42.547  6490  6606 I BatteryMgr:DataCollectionService: stats => 1688497662547,-219726,4232
07-04 21:07:42.578  1375  6575 E qdmetadata: Unknown paramType 4096
07-04 21:07:42.579  1375  6575 I chatty  : uid=1046(mediacodec) omx@1.0-service identical 1 line
07-04 21:07:42.646  1375  6575 E qdmetadata: Unknown paramType 4096
07-04 21:07:42.656  6490  6606 I BatteryMgr:DataCollectionService: stats => 1688497662656,-205566,4232
07-04 21:07:42.679  1375  6575 E qdmetadata: Unknown paramType 4096
07-04 21:07:42.711  1375  6575 I chatty  : uid=1046(mediacodec) omx@1.0-service identical 1 line
07-04 21:07:42.714  1375  6575 E qdmetadata: Unknown paramType 4096
07-04 21:07:42.765  6490  6606 I BatteryMgr:DataCollectionService: stats => 1688497662765,-205566,4232
07-04 21:07:42.779  1375  6575 E qdmetadata: Unknown paramType 4096
07-04 21:07:42.842  1375  6575 I chatty  : uid=1046(mediacodec) omx@1.0-service identical 2 lines
07-04 21:07:42.843  1375  6575 E qdmetadata: Unknown paramType 4096
07-04 21:07:42.873  6490  6606 I BatteryMgr:DataCollectionService: stats => 1688497662873,-205566,4232
07-04 21:07:42.909  1375  6575 E qdmetadata: Unknown paramType 4096
07-04 21:07:42.976  1375  6575 I chatty  : uid=1046(mediacodec) omx@1.0-service identical 2 lines
07-04 21:07:42.979  1375  6575 E qdmetadata: Unknown paramType 4096
07-04 21:07:42.985  6490  6606 I BatteryMgr:DataCollectionService: stats => 1688497662985,-205566,4232
07-04 21:07:43.042  1375  6575 E qdmetadata: Unknown paramType 4096
07-04 21:07:43.076  1375  6575 E qdmetadata: Unknown paramType 4096
07-04 21:07:43.093  6490  6606 I BatteryMgr:DataCollectionService: stats => 1688497663093,-205566,4232
07-04 21:07:43.109  1375  6575 E qdmetadata: Unknown paramType 4096
07-04 21:07:43.110  1375  6575 I chatty  : uid=1046(mediacodec) omx@1.0-service identical 1 line
07-04 21:07:43.179  1375  6575 E qdmetadata: Unknown paramType 4096
07-04 21:07:43.202  6490  6606 I BatteryMgr:DataCollectionService: stats => 1688497663202,-205566,4232
07-04 21:07:43.210  1375  6575 E qdmetadata: Unknown paramType 4096
07-04 21:07:43.247  1375  6575 I chatty  : uid=1046(mediacodec) omx@1.0-service identical 2 lines
07-04 21:07:43.309  1375  6575 E qdmetadata: Unknown paramType 4096
07-04 21:07:43.313  6490  6606 I BatteryMgr:DataCollectionService: stats => 1688497663313,-205566,4232
07-04 21:07:43.342  1375  6575 E qdmetadata: Unknown paramType 4096
07-04 21:07:43.375  1375  6575 I chatty  : uid=1046(mediacodec) omx@1.0-service identical 1 line
07-04 21:07:43.376  1375  6575 E qdmetadata: Unknown paramType 4096
07-04 21:07:43.424  6490  6606 I BatteryMgr:DataCollectionService: stats => 1688497663423,-205566,4232
07-04 21:07:43.445  1375  6575 E qdmetadata: Unknown paramType 4096
07-04 21:07:43.512  1375  6575 I chatty  : uid=1046(mediacodec) omx@1.0-service identical 2 lines
07-04 21:07:43.513  1375  6575 E qdmetadata: Unknown paramType 4096
07-04 21:07:43.535  6490  6606 I BatteryMgr:DataCollectionService: stats => 1688497663535,-205566,4232
07-04 21:07:43.577  1375  6575 E qdmetadata: Unknown paramType 4096
07-04 21:07:43.643  1375  6575 I chatty  : uid=1046(mediacodec) omx@1.0-service identical 2 lines
07-04 21:07:43.644  1375  6575 E qdmetadata: Unknown paramType 4096
07-04 21:07:43.649  6490  6606 I BatteryMgr:DataCollectionService: stats => 1688497663649,-205566,4232
07-04 21:07:43.709  1375  6575 E qdmetadata: Unknown paramType 4096
07-04 21:07:43.742  1375  6575 E qdmetadata: Unknown paramType 4096
07-04 21:07:43.758  6490  6606 I BatteryMgr:DataCollectionService: stats => 1688497663757,-205566,4232
07-04 21:07:43.776  1375  6575 E qdmetadata: Unknown paramType 4096
07-04 21:07:43.777  1375  6575 E qdmetadata: Unknown paramType 4096
07-04 21:07:43.793   962  6572 D audio_hw_primary: copl(0xed050c90):out of compress_wait
07-04 21:07:43.798   962  6579 D audio_hw_primary: No space available in compress driver, post msg to cb thread
07-04 21:07:43.798   962  6572 D audio_hw_primary: copl(0xed050c90):calling compress_wait
07-04 21:07:43.842  1375  6575 E qdmetadata: Unknown paramType 4096
07-04 21:07:43.867  6490  6606 I BatteryMgr:DataCollectionService: stats => 1688497663866,-205566,4232
07-04 21:07:43.877  1375  6575 E qdmetadata: Unknown paramType 4096
07-04 21:07:43.912  1375  6575 I chatty  : uid=1046(mediacodec) omx@1.0-service identical 1 line
07-04 21:07:43.914  1375  6575 E qdmetadata: Unknown paramType 4096
07-04 21:07:43.974  6490  6606 I BatteryMgr:DataCollectionService: stats => 1688497663974,-205566,4232
07-04 21:07:43.978  1375  6575 E qdmetadata: Unknown paramType 4096
07-04 21:07:44.046  1375  6575 I chatty  : uid=1046(mediacodec) omx@1.0-service identical 2 lines
07-04 21:07:44.048  1375  6575 E qdmetadata: Unknown paramType 4096
07-04 21:07:44.083  6490  6606 I BatteryMgr:DataCollectionService: stats => 1688497664083,-205566,4232
07-04 21:07:44.109  1375  6575 E qdmetadata: Unknown paramType 4096
07-04 21:07:44.176  1375  6575 I chatty  : uid=1046(mediacodec) omx@1.0-service identical 2 lines
07-04 21:07:44.176  1375  6575 E qdmetadata: Unknown paramType 4096
07-04 21:07:44.192  6490  6606 I BatteryMgr:DataCollectionService: stats => 1688497664192,-239745,4232
07-04 21:07:44.217  1375  6575 E qdmetadata: Unknown paramType 4096
07-04 21:07:44.219  1375  6575 E qdmetadata: Unknown paramType 4096
07-04 21:07:44.300  6490  6606 I BatteryMgr:DataCollectionService: stats => 1688497664300,-239745,4232
07-04 21:07:44.309  1375  6575 E qdmetadata: Unknown paramType 4096
07-04 21:07:44.377  1375  6575 I chatty  : uid=1046(mediacodec) omx@1.0-service identical 2 lines
07-04 21:07:44.379  1375  6575 E qdmetadata: Unknown paramType 4096
07-04 21:07:44.412  6490  6606 I BatteryMgr:DataCollectionService: stats => 1688497664412,-239745,4232
07-04 21:07:44.442  1375  6575 E qdmetadata: Unknown paramType 4096
07-04 21:07:44.509  1375  6575 I chatty  : uid=1046(mediacodec) omx@1.0-service identical 2 lines
07-04 21:07:44.510  1375  6575 E qdmetadata: Unknown paramType 4096
07-04 21:07:44.521  6490  6606 I BatteryMgr:DataCollectionService: stats => 1688497664521,-239745,4232
07-04 21:07:44.577  1375  6575 E qdmetadata: Unknown paramType 4096
07-04 21:07:44.609  1375  6575 E qdmetadata: Unknown paramType 4096
07-04 21:07:44.634  6490  6606 I BatteryMgr:DataCollectionService: stats => 1688497664633,-239745,4232
07-04 21:07:44.644  1375  6575 E qdmetadata: Unknown paramType 4096
07-04 21:07:44.709  1375  6575 I chatty  : uid=1046(mediacodec) omx@1.0-service identical 2 lines
07-04 21:07:44.742  1375  6575 E qdmetadata: Unknown paramType 4096
07-04 21:07:44.745  6490  6606 I BatteryMgr:DataCollectionService: stats => 1688497664744,-239745,4232
07-04 21:07:44.776  1375  6575 E qdmetadata: Unknown paramType 4096
07-04 21:07:44.777  1375  6575 I chatty  : uid=1046(mediacodec) omx@1.0-service identical 1 line
07-04 21:07:44.844  1375  6575 E qdmetadata: Unknown paramType 4096
07-04 21:07:44.857  6490  6606 I BatteryMgr:DataCollectionService: stats => 1688497664857,-239745,4232
07-04 21:07:44.876  1375  6575 E qdmetadata: Unknown paramType 4096
07-04 21:07:44.909  1375  6575 I chatty  : uid=1046(mediacodec) omx@1.0-service identical 1 line
07-04 21:07:44.909  1375  6575 E qdmetadata: Unknown paramType 4096
07-04 21:07:44.969  6490  6606 I BatteryMgr:DataCollectionService: stats => 1688497664968,-239745,4232
07-04 21:07:44.979  1375  6575 E qdmetadata: Unknown paramType 4096
07-04 21:07:45.044  1375  6575 I chatty  : uid=1046(mediacodec) omx@1.0-service identical 2 lines
07-04 21:07:45.046  1375  6575 E qdmetadata: Unknown paramType 4096
07-04 21:07:45.076  6490  6606 I BatteryMgr:DataCollectionService: stats => 1688497665076,-239745,4232
07-04 21:07:45.112  1375  6575 E qdmetadata: Unknown paramType 4096
07-04 21:07:45.144  1375  6575 E qdmetadata: Unknown paramType 4096
07-04 21:07:45.185  6490  6606 I BatteryMgr:DataCollectionService: stats => 1688497665185,-239745,4232
07-04 21:07:45.187  1375  6575 E qdmetadata: Unknown paramType 4096
07-04 21:07:45.245  1375  6575 I chatty  : uid=1046(mediacodec) omx@1.0-service identical 2 lines
07-04 21:07:45.279  1375  6575 E qdmetadata: Unknown paramType 4096
07-04 21:07:45.294  6490  6606 I BatteryMgr:DataCollectionService: stats => 1688497665294,-239745,4232
07-04 21:07:45.313  1375  6575 E qdmetadata: Unknown paramType 4096
07-04 21:07:45.376  1375  6575 I chatty  : uid=1046(mediacodec) omx@1.0-service identical 2 lines
07-04 21:07:45.376  1375  6575 E qdmetadata: Unknown paramType 4096
07-04 21:07:45.403  6490  6606 I BatteryMgr:DataCollectionService: stats => 1688497665403,-239745,4232
07-04 21:07:45.442  1375  6575 E qdmetadata: Unknown paramType 4096
07-04 21:07:45.509  1375  6575 I chatty  : uid=1046(mediacodec) omx@1.0-service identical 2 lines
07-04 21:07:45.510  1375  6575 E qdmetadata: Unknown paramType 4096
07-04 21:07:45.516  6490  6606 I BatteryMgr:DataCollectionService: stats => 1688497665516,-239745,4232
07-04 21:07:45.576  1375  6575 E qdmetadata: Unknown paramType 4096
07-04 21:07:45.609  1375  6575 E qdmetadata: Unknown paramType 4096
07-04 21:07:45.626  6490  6606 I BatteryMgr:DataCollectionService: stats => 1688497665626,-201660,4232
07-04 21:07:45.643  1375  6575 E qdmetadata: Unknown paramType 4096
07-04 21:07:45.677  1375  6575 I chatty  : uid=1046(mediacodec) omx@1.0-service identical 1 line
07-04 21:07:45.678  1375  6575 E qdmetadata: Unknown paramType 4096
07-04 21:07:45.734  6490  6606 I BatteryMgr:DataCollectionService: stats => 1688497665734,-201660,4232
07-04 21:07:45.742  1375  6575 E qdmetadata: Unknown paramType 4096
07-04 21:07:45.809  1375  6575 I chatty  : uid=1046(mediacodec) omx@1.0-service identical 2 lines
07-04 21:07:45.810  1375  6575 E qdmetadata: Unknown paramType 4096
07-04 21:07:45.844  6490  6606 I BatteryMgr:DataCollectionService: stats => 1688497665844,-201660,4232
07-04 21:07:45.880  1375  6575 E qdmetadata: Unknown paramType 4096
07-04 21:07:45.912  1375  6575 I chatty  : uid=1046(mediacodec) omx@1.0-service identical 1 line
07-04 21:07:45.944  1375  6575 E qdmetadata: Unknown paramType 4096
07-04 21:07:45.956  6490  6606 I BatteryMgr:DataCollectionService: stats => 1688497665956,-201660,4232
07-04 21:07:45.975  1375  6575 E qdmetadata: Unknown paramType 4096
07-04 21:07:45.976  1375  6575 I chatty  : uid=1046(mediacodec) omx@1.0-service identical 1 line
07-04 21:07:46.043  1375  6575 E qdmetadata: Unknown paramType 4096
07-04 21:07:46.063  6490  6606 I BatteryMgr:DataCollectionService: stats => 1688497666063,-201660,4232
07-04 21:07:46.078  1375  6575 E qdmetadata: Unknown paramType 4096
07-04 21:07:46.110  1375  6575 I chatty  : uid=1046(mediacodec) omx@1.0-service identical 1 line
07-04 21:07:46.112  1375  6575 E qdmetadata: Unknown paramType 4096
07-04 21:07:46.172  6490  6606 I BatteryMgr:DataCollectionService: stats => 1688497666172,-201660,4232
07-04 21:07:46.178  1375  6575 E qdmetadata: Unknown paramType 4096
07-04 21:07:46.279  1375  6575 I chatty  : uid=1046(mediacodec) omx@1.0-service identical 3 lines
07-04 21:07:46.281  1375  6575 E qdmetadata: Unknown paramType 4096
07-04 21:07:46.286  6490  6606 I BatteryMgr:DataCollectionService: stats => 1688497666286,-201660,4232
07-04 21:07:46.343  1375  6575 E qdmetadata: Unknown paramType 4096
07-04 21:07:46.378  1375  6575 E qdmetadata: Unknown paramType 4096
07-04 21:07:46.394  6490  6606 I BatteryMgr:DataCollectionService: stats => 1688497666394,-201660,4232
07-04 21:07:46.412  1375  6575 E qdmetadata: Unknown paramType 4096
07-04 21:07:46.413  1375  6575 I chatty  : uid=1046(mediacodec) omx@1.0-service identical 1 line
07-04 21:07:46.479  1375  6575 E qdmetadata: Unknown paramType 4096
07-04 21:07:46.504  6490  6606 I BatteryMgr:DataCollectionService: stats => 1688497666503,-201660,4232
07-04 21:07:46.509  1375  6575 E qdmetadata: Unknown paramType 4096
07-04 21:07:46.543  1375  6575 I chatty  : uid=1046(mediacodec) omx@1.0-service identical 2 lines
07-04 21:07:46.610  1375  6575 E qdmetadata: Unknown paramType 4096
07-04 21:07:46.614  6490  6606 I BatteryMgr:DataCollectionService: stats => 1688497666614,-201660,4232
07-04 21:07:46.642  1375  6575 E qdmetadata: Unknown paramType 4096
07-04 21:07:46.675  1375  6575 I chatty  : uid=1046(mediacodec) omx@1.0-service identical 1 line
07-04 21:07:46.676  1375  6575 E qdmetadata: Unknown paramType 4096
07-04 21:07:46.724  6490  6606 I BatteryMgr:DataCollectionService: stats => 1688497666724,-201660,4232
07-04 21:07:46.744  1375  6575 E qdmetadata: Unknown paramType 4096
07-04 21:07:46.809  1375  6575 I chatty  : uid=1046(mediacodec) omx@1.0-service identical 2 lines
07-04 21:07:46.809  1375  6575 E qdmetadata: Unknown paramType 4096
07-04 21:07:46.835  6490  6606 I BatteryMgr:DataCollectionService: stats => 1688497666835,-201660,4232
07-04 21:07:46.876  1375  6575 E qdmetadata: Unknown paramType 4096
07-04 21:07:46.909  1375  6575 E qdmetadata: Unknown paramType 4096
07-04 21:07:46.943  6490  6606 I BatteryMgr:DataCollectionService: stats => 1688497666942,-201660,4232
07-04 21:07:46.943  1375  6575 E qdmetadata: Unknown paramType 4096
07-04 21:07:47.011  1375  6575 I chatty  : uid=1046(mediacodec) omx@1.0-service identical 2 lines
07-04 21:07:47.043  1375  6575 E qdmetadata: Unknown paramType 4096
07-04 21:07:47.052  6490  6606 I BatteryMgr:DataCollectionService: stats => 1688497667051,-216308,4232
07-04 21:07:47.075  1375  6575 E qdmetadata: Unknown paramType 4096
07-04 21:07:47.113  1375  6575 I chatty  : uid=1046(mediacodec) omx@1.0-service identical 2 lines
07-04 21:07:47.114  1375  6575 E qdmetadata: Unknown paramType 4096
07-04 21:07:47.124   962  6572 D audio_hw_primary: copl(0xed050c90):out of compress_wait
07-04 21:07:47.129   962  6579 D audio_hw_primary: No space available in compress driver, post msg to cb thread
07-04 21:07:47.129   962  6572 D audio_hw_primary: copl(0xed050c90):calling compress_wait
07-04 21:07:47.167  6490  6606 I BatteryMgr:DataCollectionService: stats => 1688497667166,-216308,4232
07-04 21:07:47.209  1375  6575 E qdmetadata: Unknown paramType 4096
07-04 21:07:47.243  1375  6575 E qdmetadata: Unknown paramType 4096
07-04 21:07:47.275  6490  6606 I BatteryMgr:DataCollectionService: stats => 1688497667274,-216308,4232
07-04 21:07:47.277  1375  6575 E qdmetadata: Unknown paramType 4096
07-04 21:07:47.343  1375  6575 I chatty  : uid=1046(mediacodec) omx@1.0-service identical 2 lines
07-04 21:07:47.377  1375  6575 E qdmetadata: Unknown paramType 4096
07-04 21:07:47.390  6490  6606 I BatteryMgr:DataCollectionService: stats => 1688497667390,-216308,4232
07-04 21:07:47.410  1375  6575 E qdmetadata: Unknown paramType 4096
07-04 21:07:47.411  1375  6575 I chatty  : uid=1046(mediacodec) omx@1.0-service identical 1 line
07-04 21:07:47.475  1375  6575 E qdmetadata: Unknown paramType 4096
07-04 21:07:47.499  6490  6606 I BatteryMgr:DataCollectionService: stats => 1688497667498,-216308,4232
07-04 21:07:47.511  1375  6575 E qdmetadata: Unknown paramType 4096
07-04 21:07:47.543  1375  6575 I chatty  : uid=1046(mediacodec) omx@1.0-service identical 2 lines
07-04 21:07:47.609  1375  6575 E qdmetadata: Unknown paramType 4096
07-04 21:07:47.613  6490  6606 I BatteryMgr:DataCollectionService: stats => 1688497667613,-216308,4232
07-04 21:07:47.643  1375  6575 E qdmetadata: Unknown paramType 4096
07-04 21:07:47.710  1375  6575 I chatty  : uid=1046(mediacodec) omx@1.0-service identical 2 lines
07-04 21:07:47.711  1375  6575 E qdmetadata: Unknown paramType 4096
07-04 21:07:47.723  6490  6606 I BatteryMgr:DataCollectionService: stats => 1688497667722,-216308,4232
07-04 21:07:47.776  1375  6575 E qdmetadata: Unknown paramType 4096
07-04 21:07:47.810  1375  6575 E qdmetadata: Unknown paramType 4096
07-04 21:07:47.831  6490  6606 I BatteryMgr:DataCollectionService: stats => 1688497667830,-216308,4232
07-04 21:07:47.845  1375  6575 E qdmetadata: Unknown paramType 4096
07-04 21:07:47.846  1375  6575 I chatty  : uid=1046(mediacodec) omx@1.0-service identical 1 line
07-04 21:07:47.911  1375  6575 E qdmetadata: Unknown paramType 4096
07-04 21:07:47.940  6490  6606 I BatteryMgr:DataCollectionService: stats => 1688497667940,-216308,4232
07-04 21:07:47.943  1375  6575 E qdmetadata: Unknown paramType 4096
07-04 21:07:47.981  1375  6575 I chatty  : uid=1046(mediacodec) omx@1.0-service identical 2 lines
07-04 21:07:48.043  1375  6575 E qdmetadata: Unknown paramType 4096
07-04 21:07:48.050  6490  6606 I BatteryMgr:DataCollectionService: stats => 1688497668050,-216308,4232
07-04 21:07:48.077  1375  6575 E qdmetadata: Unknown paramType 4096
07-04 21:07:48.109  1375  6575 I chatty  : uid=1046(mediacodec) omx@1.0-service identical 1 line
07-04 21:07:48.110  1375  6575 E qdmetadata: Unknown paramType 4096
07-04 21:07:48.161  6490  6606 I BatteryMgr:DataCollectionService: stats => 1688497668160,-216308,4232
07-04 21:07:48.177  1375  6575 E qdmetadata: Unknown paramType 4096
07-04 21:07:48.244  1375  6575 I chatty  : uid=1046(mediacodec) omx@1.0-service identical 2 lines
07-04 21:07:48.245  1375  6575 E qdmetadata: Unknown paramType 4096
07-04 21:07:48.271  6490  6606 I BatteryMgr:DataCollectionService: stats => 1688497668271,-216308,4232
07-04 21:07:48.311  1375  6575 E qdmetadata: Unknown paramType 4096
07-04 21:07:48.377  1375  6575 I chatty  : uid=1046(mediacodec) omx@1.0-service identical 2 lines
07-04 21:07:48.379  1375  6575 E qdmetadata: Unknown paramType 4096
07-04 21:07:48.380  6490  6606 I BatteryMgr:DataCollectionService: stats => 1688497668380,-216308,4232
07-04 21:07:48.445  1375  6575 E qdmetadata: Unknown paramType 4096
07-04 21:07:48.479  1375  6575 E qdmetadata: Unknown paramType 4096
07-04 21:07:48.491  6490  6606 I BatteryMgr:DataCollectionService: stats => 1688497668491,-216308,4232
07-04 21:07:48.510  1375  6575 E qdmetadata: Unknown paramType 4096
07-04 21:07:48.511  1375  6575 I chatty  : uid=1046(mediacodec) omx@1.0-service identical 1 line
07-04 21:07:48.577  1375  6575 E qdmetadata: Unknown paramType 4096
07-04 21:07:48.603  6490  6606 I BatteryMgr:DataCollectionService: stats => 1688497668603,-212402,4232
07-04 21:07:48.612  1375  6575 E qdmetadata: Unknown paramType 4096
07-04 21:07:48.677  1375  6575 I chatty  : uid=1046(mediacodec) omx@1.0-service identical 2 lines
07-04 21:07:48.679  1375  6575 E qdmetadata: Unknown paramType 4096
07-04 21:07:48.713  6490  6606 I BatteryMgr:DataCollectionService: stats => 1688497668713,-212402,4232
07-04 21:07:48.743  1375  6575 E qdmetadata: Unknown paramType 4096
07-04 21:07:48.810  1375  6575 I chatty  : uid=1046(mediacodec) omx@1.0-service identical 2 lines
07-04 21:07:48.812  1375  6575 E qdmetadata: Unknown paramType 4096
07-04 21:07:48.822  6490  6606 I BatteryMgr:DataCollectionService: stats => 1688497668822,-212402,4232
07-04 21:07:48.877  1375  6575 E qdmetadata: Unknown paramType 4096
07-04 21:07:48.911  1375  6575 E qdmetadata: Unknown paramType 4096
07-04 21:07:48.931  6490  6606 I BatteryMgr:DataCollectionService: stats => 1688497668931,-212402,4232
07-04 21:07:48.945  1375  6575 E qdmetadata: Unknown paramType 4096
07-04 21:07:48.948  1375  6575 I chatty  : uid=1046(mediacodec) omx@1.0-service identical 1 line
07-04 21:07:49.010  1375  6575 E qdmetadata: Unknown paramType 4096
07-04 21:07:49.043  6490  6606 I BatteryMgr:DataCollectionService: stats => 1688497669043,-212402,4232
07-04 21:07:49.044  1375  6575 E qdmetadata: Unknown paramType 4096
07-04 21:07:49.079  1375  6575 I chatty  : uid=1046(mediacodec) omx@1.0-service identical 2 lines
07-04 21:07:49.144  1375  6575 E qdmetadata: Unknown paramType 4096
07-04 21:07:49.156  6490  6606 I BatteryMgr:DataCollectionService: stats => 1688497669156,-212402,4232
07-04 21:07:49.180  1375  6575 E qdmetadata: Unknown paramType 4096
07-04 21:07:49.210  1375  6575 I chatty  : uid=1046(mediacodec) omx@1.0-service identical 1 line
07-04 21:07:49.211  1375  6575 E qdmetadata: Unknown paramType 4096
07-04 21:07:49.264  6490  6606 I BatteryMgr:DataCollectionService: stats => 1688497669264,-212402,4232
07-04 21:07:49.279  1375  6575 E qdmetadata: Unknown paramType 4096
07-04 21:07:49.344  1375  6575 I chatty  : uid=1046(mediacodec) omx@1.0-service identical 2 lines
07-04 21:07:49.345  1375  6575 E qdmetadata: Unknown paramType 4096
07-04 21:07:49.373  6490  6606 I BatteryMgr:DataCollectionService: stats => 1688497669373,-212402,4232
07-04 21:07:49.410  1375  6575 E qdmetadata: Unknown paramType 4096
07-04 21:07:49.478  1375  6575 I chatty  : uid=1046(mediacodec) omx@1.0-service identical 2 lines
07-04 21:07:49.479  1375  6575 E qdmetadata: Unknown paramType 4096
07-04 21:07:49.486  6490  6606 I BatteryMgr:DataCollectionService: stats => 1688497669486,-212402,4232
07-04 21:07:49.546  1375  6575 E qdmetadata: Unknown paramType 4096
07-04 21:07:49.583  1375  6575 E qdmetadata: Unknown paramType 4096
07-04 21:07:49.596  6490  6606 I BatteryMgr:DataCollectionService: stats => 1688497669595,-212402,4232
07-04 21:07:49.614  1375  6575 E qdmetadata: Unknown paramType 4096
07-04 21:07:49.615  1375  6575 I chatty  : uid=1046(mediacodec) omx@1.0-service identical 1 line
07-04 21:07:49.680  1375  6575 E qdmetadata: Unknown paramType 4096
07-04 21:07:49.707  6490  6606 I BatteryMgr:DataCollectionService: stats => 1688497669707,-212402,4232
07-04 21:07:49.716  1375  6575 E qdmetadata: Unknown paramType 4096
07-04 21:07:49.748  1375  6575 I chatty  : uid=1046(mediacodec) omx@1.0-service identical 2 lines
07-04 21:07:49.812  1375  6575 E qdmetadata: Unknown paramType 4096
07-04 21:07:49.820  6490  6606 I BatteryMgr:DataCollectionService: stats => 1688497669820,-212402,4232
07-04 21:07:49.849  1375  6575 E qdmetadata: Unknown paramType 4096
07-04 21:07:49.878  1375  6575 I chatty  : uid=1046(mediacodec) omx@1.0-service identical 1 line
07-04 21:07:49.879  1375  6575 E qdmetadata: Unknown paramType 4096
07-04 21:07:49.927  6490  6606 I BatteryMgr:DataCollectionService: stats => 1688497669927,-212402,4232
07-04 21:07:49.948  1375  6575 E qdmetadata: Unknown paramType 4096
07-04 21:07:50.013  1375  6575 I chatty  : uid=1046(mediacodec) omx@1.0-service identical 2 lines
07-04 21:07:50.014  1375  6575 E qdmetadata: Unknown paramType 4096
07-04 21:07:50.040  6490  6606 I BatteryMgr:DataCollectionService: stats => 1688497670040,-218261,4232
07-04 21:07:50.079  1375  6575 E qdmetadata: Unknown paramType 4096
07-04 21:07:50.117  1375  6575 I chatty  : uid=1046(mediacodec) omx@1.0-service identical 2 lines
07-04 21:07:50.119  1375  6575 E qdmetadata: Unknown paramType 4096
07-04 21:07:50.153  6490  6606 I BatteryMgr:DataCollectionService: stats => 1688497670153,-218261,4232
07-04 21:07:50.212  1375  6575 E qdmetadata: Unknown paramType 4096
07-04 21:07:50.245  1375  6575 E qdmetadata: Unknown paramType 4096
07-04 21:07:50.261  6490  6606 I BatteryMgr:DataCollectionService: stats => 1688497670261,-218261,4232
07-04 21:07:50.279  1375  6575 E qdmetadata: Unknown paramType 4096
07-04 21:07:50.280  1375  6575 I chatty  : uid=1046(mediacodec) omx@1.0-service identical 1 line
07-04 21:07:50.346  1375  6575 E qdmetadata: Unknown paramType 4096
07-04 21:07:50.372  6490  6606 I BatteryMgr:DataCollectionService: stats => 1688497670372,-218261,4232
07-04 21:07:50.380  1375  6575 E qdmetadata: Unknown paramType 4096
07-04 21:07:50.416  1375  6575 I chatty  : uid=1046(mediacodec) omx@1.0-service identical 1 line
07-04 21:07:50.418  1375  6575 E qdmetadata: Unknown paramType 4096
07-04 21:07:50.473   962  6572 D audio_hw_primary: copl(0xed050c90):out of compress_wait
07-04 21:07:50.479   962  6579 D audio_hw_primary: No space available in compress driver, post msg to cb thread
07-04 21:07:50.479   962  6572 D audio_hw_primary: copl(0xed050c90):calling compress_wait
07-04 21:07:50.482  1375  6575 E qdmetadata: Unknown paramType 4096
07-04 21:07:50.485  6490  6606 I BatteryMgr:DataCollectionService: stats => 1688497670484,-218261,4232
07-04 21:07:50.513  1375  6575 E qdmetadata: Unknown paramType 4096
07-04 21:07:50.547  1375  6575 I chatty  : uid=1046(mediacodec) omx@1.0-service identical 1 line
07-04 21:07:50.548  1375  6575 E qdmetadata: Unknown paramType 4096
07-04 21:07:50.595  6490  6606 I BatteryMgr:DataCollectionService: stats => 1688497670594,-218261,4232
07-04 21:07:50.612  1375  6575 E qdmetadata: Unknown paramType 4096
07-04 21:07:50.681  1375  6575 I chatty  : uid=1046(mediacodec) omx@1.0-service identical 2 lines
07-04 21:07:50.682  1375  6575 E qdmetadata: Unknown paramType 4096
07-04 21:07:50.707  6490  6606 I BatteryMgr:DataCollectionService: stats => 1688497670707,-218261,4232
07-04 21:07:50.746  1375  6575 E qdmetadata: Unknown paramType 4096
07-04 21:07:50.813  1375  6575 I chatty  : uid=1046(mediacodec) omx@1.0-service identical 2 lines
07-04 21:07:50.814  1375  6575 E qdmetadata: Unknown paramType 4096
07-04 21:07:50.821  6490  6606 I BatteryMgr:DataCollectionService: stats => 1688497670821,-218261,4232
07-04 21:07:50.880  1375  6575 E qdmetadata: Unknown paramType 4096
07-04 21:07:50.914  1375  6575 E qdmetadata: Unknown paramType 4096
07-04 21:07:50.939  6490  6606 I BatteryMgr:DataCollectionService: stats => 1688497670939,-218261,4232
07-04 21:07:50.946  1375  6575 E qdmetadata: Unknown paramType 4096
07-04 21:07:51.014  1375  6575 I chatty  : uid=1046(mediacodec) omx@1.0-service identical 2 lines
07-04 21:07:51.047  1375  6575 E qdmetadata: Unknown paramType 4096
07-04 21:07:51.049  6490  6606 I BatteryMgr:DataCollectionService: stats => 1688497671049,-218261,4232
07-04 21:07:51.079  1375  6575 E qdmetadata: Unknown paramType 4096
07-04 21:07:51.081  1375  6575 I chatty  : uid=1046(mediacodec) omx@1.0-service identical 1 line
07-04 21:07:51.149  1375  6575 E qdmetadata: Unknown paramType 4096
07-04 21:07:51.160  6490  6606 I BatteryMgr:DataCollectionService: stats => 1688497671160,-218261,4232
07-04 21:07:51.180  1375  6575 E qdmetadata: Unknown paramType 4096
07-04 21:07:51.213  1375  6575 I chatty  : uid=1046(mediacodec) omx@1.0-service identical 1 line
07-04 21:07:51.214  1375  6575 E qdmetadata: Unknown paramType 4096
07-04 21:07:51.267  6490  6606 I BatteryMgr:DataCollectionService: stats => 1688497671267,-218261,4232
07-04 21:07:51.281  1375  6575 E qdmetadata: Unknown paramType 4096
07-04 21:07:51.346  1375  6575 I chatty  : uid=1046(mediacodec) omx@1.0-service identical 2 lines
07-04 21:07:51.347  1375  6575 E qdmetadata: Unknown paramType 4096
07-04 21:07:51.377  6490  6606 I BatteryMgr:DataCollectionService: stats => 1688497671377,-218261,4232
07-04 21:07:51.413  1375  6575 E qdmetadata: Unknown paramType 4096
07-04 21:07:51.485  1375  6575 I chatty  : uid=1046(mediacodec) omx@1.0-service identical 3 lines
07-04 21:07:51.486  1375  6575 E qdmetadata: Unknown paramType 4096
07-04 21:07:51.486  6490  6606 I BatteryMgr:DataCollectionService: stats => 1688497671486,-255370,4232
07-04 21:07:51.582  1375  6575 E qdmetadata: Unknown paramType 4096
07-04 21:07:51.597  6490  6606 I BatteryMgr:DataCollectionService: stats => 1688497671596,-255370,4232
07-04 21:07:51.614  1375  6575 E qdmetadata: Unknown paramType 4096
07-04 21:07:51.648  1375  6575 I chatty  : uid=1046(mediacodec) omx@1.0-service identical 1 line
07-04 21:07:51.680  1375  6575 E qdmetadata: Unknown paramType 4096
07-04 21:07:51.705  6490  6606 I BatteryMgr:DataCollectionService: stats => 1688497671705,-255370,4232
07-04 21:07:51.715  1375  6575 E qdmetadata: Unknown paramType 4096
07-04 21:07:51.748  1375  6575 I chatty  : uid=1046(mediacodec) omx@1.0-service identical 1 line
07-04 21:07:51.781  1375  6575 E qdmetadata: Unknown paramType 4096
07-04 21:07:51.813  6490  6606 I BatteryMgr:DataCollectionService: stats => 1688497671813,-255370,4232
07-04 21:07:51.814  1375  6575 E qdmetadata: Unknown paramType 4096
07-04 21:07:51.851  1375  6575 E qdmetadata: Unknown paramType 4096
07-04 21:07:51.876 24715 24715 D BoundBrokerSvc: onUnbind: Intent { act=com.google.android.gms.inappreach.service.START dat=chimera-action: cmp=com.google.android.gms/.chimera.GmsApiService }
07-04 21:07:51.882  1375  6575 E qdmetadata: Unknown paramType 4096
07-04 21:07:51.914  1375  6575 E qdmetadata: Unknown paramType 4096
07-04 21:07:51.923  6490  6606 I BatteryMgr:DataCollectionService: stats => 1688497671923,-255370,4232
07-04 21:07:51.946  1375  6575 E qdmetadata: Unknown paramType 4096
07-04 21:07:51.981  1375  6575 I chatty  : uid=1046(mediacodec) omx@1.0-service identical 1 line
07-04 21:07:52.016  1375  6575 E qdmetadata: Unknown paramType 4096
07-04 21:07:52.032  6490  6606 I BatteryMgr:DataCollectionService: stats => 1688497672032,-255370,4232
07-04 21:07:52.054  1375  6575 E qdmetadata: Unknown paramType 4096
07-04 21:07:52.082  1375  6575 I chatty  : uid=1046(mediacodec) omx@1.0-service identical 1 line
07-04 21:07:52.116  1375  6575 E qdmetadata: Unknown paramType 4096
07-04 21:07:52.142  6490  6606 I BatteryMgr:DataCollectionService: stats => 1688497672142,-255370,4232
07-04 21:07:52.149  1375  6575 E qdmetadata: Unknown paramType 4096
07-04 21:07:52.214  1375  6575 I chatty  : uid=1046(mediacodec) omx@1.0-service identical 2 lines
07-04 21:07:52.249  1375  6575 E qdmetadata: Unknown paramType 4096
07-04 21:07:52.254  6490  6606 I BatteryMgr:DataCollectionService: stats => 1688497672253,-255370,4232
07-04 21:07:52.281  1375  6575 E qdmetadata: Unknown paramType 4096
07-04 21:07:52.316  1375  6575 I chatty  : uid=1046(mediacodec) omx@1.0-service identical 1 line
07-04 21:07:52.348  1375  6575 E qdmetadata: Unknown paramType 4096
07-04 21:07:52.365  6490  6606 I BatteryMgr:DataCollectionService: stats => 1688497672363,-255370,4232
07-04 21:07:52.385  1375  6575 E qdmetadata: Unknown paramType 4096
07-04 21:07:52.416  1375  6575 I chatty  : uid=1046(mediacodec) omx@1.0-service identical 1 line
07-04 21:07:52.451  1375  6575 E qdmetadata: Unknown paramType 4096
07-04 21:07:52.479  6490  6606 I BatteryMgr:DataCollectionService: stats => 1688497672477,-255370,4232
07-04 21:07:52.483  1375  6575 E qdmetadata: Unknown paramType 4096
07-04 21:07:52.550  1375  6575 I chatty  : uid=1046(mediacodec) omx@1.0-service identical 2 lines
07-04 21:07:52.582  1375  6575 E qdmetadata: Unknown paramType 4096
07-04 21:07:52.589  6490  6606 I BatteryMgr:DataCollectionService: stats => 1688497672589,-255370,4232
07-04 21:07:52.617  1375  6575 E qdmetadata: Unknown paramType 4096
07-04 21:07:52.649  1375  6575 I chatty  : uid=1046(mediacodec) omx@1.0-service identical 1 line
07-04 21:07:52.682  1375  6575 E qdmetadata: Unknown paramType 4096
07-04 21:07:52.697  6490  6606 I BatteryMgr:DataCollectionService: stats => 1688497672696,-255370,4232
07-04 21:07:52.715  1375  6575 E qdmetadata: Unknown paramType 4096
07-04 21:07:52.748  1375  6575 I chatty  : uid=1046(mediacodec) omx@1.0-service identical 1 line
07-04 21:07:52.782  1375  6575 E qdmetadata: Unknown paramType 4096
07-04 21:07:52.807  6490  6606 I BatteryMgr:DataCollectionService: stats => 1688497672806,-255370,4232
07-04 21:07:52.815  1375  6575 E qdmetadata: Unknown paramType 4096
07-04 21:07:52.850  1375  6575 I chatty  : uid=1046(mediacodec) omx@1.0-service identical 1 line
07-04 21:07:52.883  1375  6575 E qdmetadata: Unknown paramType 4096
07-04 21:07:52.914  6490  6606 I BatteryMgr:DataCollectionService: stats => 1688497672914,-255370,4232
07-04 21:07:52.917  1375  6575 E qdmetadata: Unknown paramType 4096
07-04 21:07:52.982  1375  6575 I chatty  : uid=1046(mediacodec) omx@1.0-service identical 2 lines
07-04 21:07:53.016  1375  6575 E qdmetadata: Unknown paramType 4096
07-04 21:07:53.024  6490  6606 I BatteryMgr:DataCollectionService: stats => 1688497673024,-213378,4232
07-04 21:07:53.049  1375  6575 E qdmetadata: Unknown paramType 4096
07-04 21:07:53.083  1375  6575 I chatty  : uid=1046(mediacodec) omx@1.0-service identical 1 line
07-04 21:07:53.115  1375  6575 E qdmetadata: Unknown paramType 4096
07-04 21:07:53.135  6490  6606 I BatteryMgr:DataCollectionService: stats => 1688497673134,-213378,4232
07-04 21:07:53.149  1375  6575 E qdmetadata: Unknown paramType 4096
07-04 21:07:53.183  1375  6575 I chatty  : uid=1046(mediacodec) omx@1.0-service identical 1 line
07-04 21:07:53.215  1375  6575 E qdmetadata: Unknown paramType 4096
07-04 21:07:53.245  6490  6606 I BatteryMgr:DataCollectionService: stats => 1688497673245,-213378,4232
07-04 21:07:53.249  1375  6575 E qdmetadata: Unknown paramType 4096
07-04 21:07:53.316  1375  6575 I chatty  : uid=1046(mediacodec) omx@1.0-service identical 2 lines
07-04 21:07:53.349  1375  6575 E qdmetadata: Unknown paramType 4096
07-04 21:07:53.357  6490  6606 I BatteryMgr:DataCollectionService: stats => 1688497673356,-213378,4232
07-04 21:07:53.382  1375  6575 E qdmetadata: Unknown paramType 4096
07-04 21:07:53.453  1375  6575 I chatty  : uid=1046(mediacodec) omx@1.0-service identical 3 lines
07-04 21:07:53.454  1375  6575 E qdmetadata: Unknown paramType 4096
07-04 21:07:53.469  6490  6606 I BatteryMgr:DataCollectionService: stats => 1688497673469,-213378,4232
07-04 21:07:53.550  1375  6575 E qdmetadata: Unknown paramType 4096
07-04 21:07:53.582  6490  6606 I BatteryMgr:DataCollectionService: stats => 1688497673581,-213378,4232
07-04 21:07:53.586  1375  6575 E qdmetadata: Unknown paramType 4096
07-04 21:07:53.683  1375  6575 I chatty  : uid=1046(mediacodec) omx@1.0-service identical 3 lines
07-04 21:07:53.684  1375  6575 E qdmetadata: Unknown paramType 4096
07-04 21:07:53.692  6490  6606 I BatteryMgr:DataCollectionService: stats => 1688497673692,-213378,4232
07-04 21:07:53.748  1375  6575 E qdmetadata: Unknown paramType 4096
07-04 21:07:53.783  1375  6575 E qdmetadata: Unknown paramType 4096
07-04 21:07:53.800  6490  6606 I BatteryMgr:DataCollectionService: stats => 1688497673800,-213378,4232
07-04 21:07:53.803   962  6572 D audio_hw_primary: copl(0xed050c90):out of compress_wait
07-04 21:07:53.808   962  6579 D audio_hw_primary: No space available in compress driver, post msg to cb thread
07-04 21:07:53.808   962  6572 D audio_hw_primary: copl(0xed050c90):calling compress_wait
07-04 21:07:53.821  1375  6575 E qdmetadata: Unknown paramType 4096
07-04 21:07:53.822  1375  6575 I chatty  : uid=1046(mediacodec) omx@1.0-service identical 1 line
07-04 21:07:53.882  1375  6575 E qdmetadata: Unknown paramType 4096
07-04 21:07:53.910  6490  6606 I BatteryMgr:DataCollectionService: stats => 1688497673908,-213378,4232
07-04 21:07:53.916  1375  6575 E qdmetadata: Unknown paramType 4096
07-04 21:07:53.952  1375  6575 I chatty  : uid=1046(mediacodec) omx@1.0-service identical 2 lines
07-04 21:07:54.016  1375  6575 E qdmetadata: Unknown paramType 4096
07-04 21:07:54.020  6490  6606 I BatteryMgr:DataCollectionService: stats => 1688497674019,-213378,4232
07-04 21:07:54.051  1375  6575 E qdmetadata: Unknown paramType 4096
07-04 21:07:54.115  1375  6575 I chatty  : uid=1046(mediacodec) omx@1.0-service identical 2 lines
07-04 21:07:54.117  1375  6575 E qdmetadata: Unknown paramType 4096
07-04 21:07:54.127  6490  6606 I BatteryMgr:DataCollectionService: stats => 1688497674127,-213378,4232
07-04 21:07:54.185  1375  6575 E qdmetadata: Unknown paramType 4096
07-04 21:07:54.218  1375  6575 E qdmetadata: Unknown paramType 4096
07-04 21:07:54.234  6490  6606 I BatteryMgr:DataCollectionService: stats => 1688497674234,-213378,4232
07-04 21:07:54.250  1375  6575 E qdmetadata: Unknown paramType 4096
07-04 21:07:54.317  1375  6575 I chatty  : uid=1046(mediacodec) omx@1.0-service identical 2 lines
07-04 21:07:54.318  1375  6575 E qdmetadata: Unknown paramType 4096
07-04 21:07:54.346  6490  6606 I BatteryMgr:DataCollectionService: stats => 1688497674346,-213378,4232
07-04 21:07:54.383  1375  6575 E qdmetadata: Unknown paramType 4096
07-04 21:07:54.418  1375  6575 I chatty  : uid=1046(mediacodec) omx@1.0-service identical 1 line
07-04 21:07:54.449  1375  6575 E qdmetadata: Unknown paramType 4096
07-04 21:07:54.461  6490  6606 I BatteryMgr:DataCollectionService: stats => 1688497674461,-206542,4232
07-04 21:07:54.483  1375  6575 E qdmetadata: Unknown paramType 4096
