--------- beginning of system
07-09 22:30:25.142  1733  5791 I ActivityTaskManager: START u0 {act=android.intent.action.MAIN cat=[android.intent.category.LAUNCHER] flg=0x10000000 cmp=com.example.batterymanager_utility/.MainActivity} from uid 2000
--------- beginning of main
07-09 22:30:25.146   565   565 I hwservicemanager: getTransport: Cannot find entry vendor.qti.hardware.iop@2.0::IIop/default in either framework or device manifest.
07-09 22:30:25.152  1733  5791 D CompatibilityInfo: mCompatibilityFlags - 0
07-09 22:30:25.152  1733  5791 D CompatibilityInfo: applicationDensity - 420
07-09 22:30:25.152  1733  5791 D CompatibilityInfo: applicationScale - 1.0
07-09 22:30:25.152  1733  5791 D ActivityTrigger: ActivityTrigger activityPauseTrigger 
07-09 22:30:25.162  1733  1893 W ActivityManager: ProcessRecord{4aab87e 0:com.example.batterymanager_utility/u0a186}: ART verification disabled
07-09 22:30:25.162  1733  1895 E system_server: Invalid ID 0x00000000.
07-09 22:30:25.163  1733  1893 D ActivityManager: Package [com.example.batterymanager_utility] have process
07-09 22:30:25.173   689   689 D Zygote  : Forked child process 20349
07-09 22:30:25.176  1733  1911 I ActivityManager: Start proc 20349:com.example.batterymanager_utility/u0a186 for activity {com.example.batterymanager_utility/com.example.batterymanager_utility.MainActivity}
07-09 22:30:25.176  1733  1911 D ActivityManager: handleProcessStartedLocked mDoneFinishBooting && app.pid != 0 ---> notifyProcessStart, app.processName = com.example.batterymanager_utility, app.info = ApplicationInfo{20bb4e2 com.example.batterymanager_utility}, app.hostingType = activity, getHostingName() = ComponentInfo{com.example.batterymanager_utility/com.example.batterymanager_utility.MainActivity}, getIntentFlag() = 0, getIsPackageRunning() = true, app = ProcessRecord{4aab87e 20349:com.example.batterymanager_utility/u0a186}, getExtraData() = null
07-09 22:30:25.180 20349 20349 I manager_utilit: Late-enabling -Xcheck:jni
07-09 22:30:25.217 20349 20349 E manager_utilit: Unknown bits set in runtime_flags: 0x8000
07-09 22:30:25.237  1733  5791 D CompatibilityInfo: mCompatibilityFlags - 0
07-09 22:30:25.237  1733  5791 D CompatibilityInfo: applicationDensity - 420
07-09 22:30:25.237  1733  5791 D CompatibilityInfo: applicationScale - 1.0
07-09 22:30:25.241  1733  5791 D CompatibilityInfo: mCompatibilityFlags - 0
07-09 22:30:25.241  1733  5791 D CompatibilityInfo: applicationDensity - 420
07-09 22:30:25.241  1733  5791 D CompatibilityInfo: applicationScale - 1.0
07-09 22:30:25.243  1733 20370 W IrisConfig: ColorManagerService is not Existed
07-09 22:30:25.245  1733  5791 I qspmsvc-client: inside perf_hint_qspm
07-09 22:30:25.257 13031 13031 I A       : onPause
07-09 22:30:25.268  3167  3167 I HdmBroadcastRecvUpd: (REDACTED) received broadcast: %s
07-09 22:30:25.268  3167  3871 I HdmHotwordRequestListen: (REDACTED) received broadcast: %s
07-09 22:30:25.269  3167  3871 I SodaTriggeringFrontend: (REDACTED) #onConfigUpdate. requester: %s
07-09 22:30:25.269  3167  3868 I SodaTriggeringFrontend: #onConfigUpdate inside sequencer
07-09 22:30:25.269  3167  3868 I HotwordConfigUtils: (REDACTED) Voice Match (Speaker-id) supported : %b 
07-09 22:30:25.269  3167  3868 I HotwordConfigUtils: (REDACTED) hotword enrollment state is enrolled:  %b, speakerId model exist: %b. Voice Match supported : %b 
07-09 22:30:25.269  3167  3868 I HotwordConfigUtils: (REDACTED) isHotwordAvailable():  %b, isHotwordEnabled() %b 
07-09 22:30:25.269  3167  3868 I HotwordConfigUtils: (REDACTED) isHotwordAvailable():  %b, isHotwordEnabled() %b 
07-09 22:30:25.269  3167  3868 I HotwordConfigUtils: (REDACTED) Hotword enrollment state : %s.
07-09 22:30:25.269  3167  3868 I HotwordConfigUtils: (REDACTED) Voice Match (Speaker-id) supported : %b 
07-09 22:30:25.269  3167  3868 I HotwordConfigUtils: (REDACTED) Voice Match (Speaker-id) supported : %b 
07-09 22:30:25.269  3167  3868 I HotwordConfigUtils: (REDACTED) hotword enrollment state is enrolled:  %b, speakerId model exist: %b, voice match supported : %b
07-09 22:30:25.269  3167  3868 I HotwordConfigUtils: (REDACTED) Hotword isNonVoiceMatchHotwordEnabled: %b, isHotwordAvailable : %b, isHotwordEnabled : %b, isVoiceMatchSupported: %b, isHotwordEnrolled: %b.
07-09 22:30:25.269  3167  3868 I SodaTriggeringFrontend: (REDACTED) Ignore the legacy hotword request. voice match enabled %b, isHotwordSupported %b, isIncompleteEnrollmentState %b, nonVoiceMatchHotwordEnabled %b
07-09 22:30:25.409 20349 20349 I Perf    : Connecting to perf service.
07-09 22:30:25.428 20349 20349 I BatteryMgr:App: creating notification channel
07-09 22:30:25.431   565   565 I hwservicemanager: getTransport: Cannot find entry vendor.qti.hardware.iop@2.0::IIop/default in either framework or device manifest.
07-09 22:30:25.432  1077 30746 E ANDR-IOP: IIop:: Iop HAL Service is not available.
07-09 22:30:25.434 20349 20372 E Perf    : Fail to get file list com.example.batterymanager_utility
07-09 22:30:25.434 20349 20372 E Perf    : getFolderSize() : Exception_1 = java.lang.NullPointerException: Attempt to get length of null array
07-09 22:30:25.434 20349 20372 E Perf    : Fail to get file list com.example.batterymanager_utility
07-09 22:30:25.435 20349 20372 E Perf    : getFolderSize() : Exception_1 = java.lang.NullPointerException: Attempt to get length of null array
07-09 22:30:25.524  1733  5791 E WindowManager: App trying to use insecure INPUT_FEATURE_NO_INPUT_CHANNEL flag. Ignoring
07-09 22:30:25.617 20355 20355 W app_process: type=1400 audit(0.0:7080): avc: denied { read } for name="u:object_r:device_config_runtime_native_boot_prop:s0" dev="tmpfs" ino=19739 scontext=u:r:shell:s0 tcontext=u:object_r:device_config_runtime_native_boot_prop:s0 tclass=file permissive=0
07-09 22:30:25.617 20355 20355 W app_process: type=1400 audit(0.0:7081): avc: denied { read } for name="u:object_r:device_config_runtime_native_boot_prop:s0" dev="tmpfs" ino=19739 scontext=u:r:shell:s0 tcontext=u:object_r:device_config_runtime_native_boot_prop:s0 tclass=file permissive=0
07-09 22:30:25.617 20355 20355 W app_process: type=1400 audit(0.0:7082): avc: denied { read } for name="u:object_r:device_config_runtime_native_boot_prop:s0" dev="tmpfs" ino=19739 scontext=u:r:shell:s0 tcontext=u:object_r:device_config_runtime_native_boot_prop:s0 tclass=file permissive=0
07-09 22:30:25.619 20355 20355 D AndroidRuntime: >>>>>> START com.android.internal.os.RuntimeInit uid 2000 <<<<<<
07-09 22:30:25.625 20355 20355 E libc    : Access denied finding property "persist.device_config.runtime_native_boot.enable_apex_image"
07-09 22:30:25.625 20355 20355 I AndroidRuntime: Using default boot image
07-09 22:30:25.625 20355 20355 E libc    : Access denied finding property "persist.device_config.runtime_native_boot.disable_lock_profiling"
07-09 22:30:25.625 20355 20355 I AndroidRuntime: Leaving lock profiling enabled
07-09 22:30:25.625 20355 20355 E libc    : Access denied finding property "persist.device_config.runtime_native_boot.enable_generational_cc"
07-09 22:30:25.762 20355 20355 D ICU     : Time zone APEX file found: /apex/com.android.tzdata/etc/icu/icu_tzdata.dat
07-09 22:30:25.783 20355 20355 I app_process: The ClassLoaderContext is a special shared library.
07-09 22:30:25.808 20355 20355 W app_process: JNI RegisterNativeMethods: attempt to register 0 native methods for android.media.AudioAttributes
07-09 22:30:25.823 20355 20355 D AndroidRuntime: Calling main entry com.android.commands.monkey.Monkey
07-09 22:30:25.824 20355 20355 W Monkey  : args: [-p, e.www.writeroomtest, 1]
07-09 22:30:25.825 20355 20355 W Monkey  :  arg: "-p"
07-09 22:30:25.825 20355 20355 W Monkey  :  arg: "e.www.writeroomtest"
07-09 22:30:25.825 20355 20355 W Monkey  :  arg: "1"
07-09 22:30:25.826 20355 20355 W Monkey  : data="e.www.writeroomtest"
07-09 22:30:25.867 20349 20349 W RenderThread: type=1400 audit(0.0:7083): avc: denied { search } for name="kgsl-3d0" dev="sysfs" ino=29187 scontext=u:r:untrusted_app:s0:c186,c256,c512,c768 tcontext=u:object_r:sysfs_kgsl:s0 tclass=dir permissive=0
07-09 22:30:25.869 20349 20373 I AdrenoGLES: QUALCOMM build                   : f2ab992, I401605978b
07-09 22:30:25.869 20349 20373 I AdrenoGLES: Build Date                       : 09/28/19
07-09 22:30:25.869 20349 20373 I AdrenoGLES: OpenGL ES Shader Compiler Version: EV031.27.05.01
07-09 22:30:25.869 20349 20373 I AdrenoGLES: Local Branch                     : 
07-09 22:30:25.869 20349 20373 I AdrenoGLES: Remote Branch                    : 
07-09 22:30:25.869 20349 20373 I AdrenoGLES: Remote Branch                    : 
07-09 22:30:25.869 20349 20373 I AdrenoGLES: Reconstruct Branch               : 
07-09 22:30:25.869 20349 20373 I AdrenoGLES: Build Config                     : S L 8.0.11 AArch64
07-09 22:30:25.871  1733  1910 W BroadcastQueue: Skipping deliver [background] BroadcastRecord{c103dd5 u-1 android.net.conn.CONNECTIVITY_CHANGE} to ReceiverList{d7f69ea 20355 (unknown name)/2000/u-1 remote:bcefbbf}: process gone or crashing
07-09 22:30:25.875 20349 20373 I AdrenoGLES: PFP: 0x005ff112, ME: 0x005ff066
07-09 22:30:25.878 20349 20373 W AdrenoUtils: <ReadGpuID_from_sysfs:194>: Failed to open /sys/class/kgsl/kgsl-3d0/gpu_model
07-09 22:30:25.878 20349 20373 W AdrenoUtils: <ReadGpuID:218>: Failed to read chip ID from gpu_model. Fallback to use the GSL path
07-09 22:30:25.880   565   565 I hwservicemanager: getTransport: Cannot find entry vendor.display.config@1.7::IDisplayConfig/default in either framework or device manifest.
07-09 22:30:25.880   565   565 I hwservicemanager: getTransport: Cannot find entry vendor.display.config@1.7::IDisplayConfig/default in either framework or device manifest.
07-09 22:30:25.886  1733  3217 I ActivityTaskManager: START u0 {act=android.intent.action.MAIN cat=[android.intent.category.LAUNCHER] flg=0x10200000 cmp=e.www.writeroomtest/.MainActivity} from uid 2000
07-09 22:30:25.887  1733  3217 W Binder  : Outgoing transactions from this process must be FLAG_ONEWAY
07-09 22:30:25.887  1733  3217 W Binder  : java.lang.Throwable
07-09 22:30:25.887  1733  3217 W Binder  : 	at android.os.BinderProxy.transact(BinderProxy.java:480)
07-09 22:30:25.887  1733  3217 W Binder  : 	at android.app.IActivityController$Stub$Proxy.activityStarting(IActivityController.java:273)
07-09 22:30:25.887  1733  3217 W Binder  : 	at com.android.server.wm.ActivityStarter.startActivity(ActivityStarter.java:798)
07-09 22:30:25.887  1733  3217 W Binder  : 	at com.android.server.wm.ActivityStarter.startActivity(ActivityStarter.java:587)
07-09 22:30:25.887  1733  3217 W Binder  : 	at com.android.server.wm.ActivityStarter.startActivityMayWait(ActivityStarter.java:1292)
07-09 22:30:25.887  1733  3217 W Binder  : 	at com.android.server.wm.ActivityStarter.execute(ActivityStarter.java:518)
07-09 22:30:25.887  1733  3217 W Binder  : 	at com.android.server.wm.ActivityTaskManagerService.startActivityAsUser(ActivityTaskManagerService.java:1058)
07-09 22:30:25.887  1733  3217 W Binder  : 	at com.android.server.wm.ActivityTaskManagerService.startActivityAsUser(ActivityTaskManagerService.java:1032)
07-09 22:30:25.887  1733  3217 W Binder  : 	at com.android.server.am.ActivityManagerService.startActivityAsUser(ActivityManagerService.java:3759)
07-09 22:30:25.887  1733  3217 W Binder  : 	at android.app.IActivityManager$Stub.onTransact(IActivityManager.java:3588)
07-09 22:30:25.887  1733  3217 W Binder  : 	at com.android.server.am.ActivityManagerService.onTransact(ActivityManagerService.java:2906)
07-09 22:30:25.887  1733  3217 W Binder  : 	at android.os.Binder.execTransactInternal(Binder.java:1021)
07-09 22:30:25.887  1733  3217 W Binder  : 	at android.os.Binder.execTransact(Binder.java:994)
07-09 22:30:25.895   565   565 I hwservicemanager: getTransport: Cannot find entry vendor.qti.hardware.iop@2.0::IIop/default in either framework or device manifest.
07-09 22:30:25.902  1733  3217 D CompatibilityInfo: mCompatibilityFlags - 0
07-09 22:30:25.903  1733  3217 D CompatibilityInfo: applicationDensity - 420
07-09 22:30:25.903  1733  3217 D CompatibilityInfo: applicationScale - 1.0
07-09 22:30:25.903  1733  3217 D ActivityTrigger: ActivityTrigger activityPauseTrigger 
07-09 22:30:25.907 20355 20355 I Monkey  : Events injected: 1
07-09 22:30:25.909  1733  1733 V SettingsProvider: Notifying for 0: content://settings/system/accelerometer_rotation
07-09 22:30:25.909   565   565 I hwservicemanager: getTransport: Cannot find entry android.hardware.graphics.mapper@3.0::IMapper/default in either framework or device manifest.
07-09 22:30:25.910 20349 20373 W Gralloc3: mapper 3.x is not supported
07-09 22:30:25.916  1733  1895 E system_server: Invalid ID 0x00000000.
07-09 22:30:25.921  1733  1733 V SettingsProvider: Notifying for 0: content://settings/system/accelerometer_rotation
07-09 22:30:25.926 20355 20355 I Monkey  : ## Network stats: elapsed time=40ms (0ms mobile, 0ms wifi, 40ms not connected)
07-09 22:30:25.927 20355 20355 I app_process: System.exit called, status: 0
07-09 22:30:25.927 20355 20355 I AndroidRuntime: VM exiting with result code 0.
07-09 22:30:25.933   565   565 I hwservicemanager: getTransport: Cannot find entry vendor.qti.hardware.iop@2.0::IIop/default in either framework or device manifest.
07-09 22:30:25.933  1733  1909 I ActivityTaskManager: Displayed e.www.writeroomtest/.MainActivity: +790ms
07-09 22:30:25.934   565   565 I hwservicemanager: getTransport: Cannot find entry vendor.qti.hardware.iop@2.0::IIop/default in either framework or device manifest.
07-09 22:30:25.977  2633  2633 I GoogleInputMethodService: GoogleInputMethodService.onFinishInput():3306 
07-09 22:30:25.977  2633  2633 I GoogleInputMethodService: GoogleInputMethodService.updateDeviceLockedStatus():2127 repeatCheckTimes = 0, locked = false
07-09 22:30:25.978  2633  2633 I GoogleInputMethodService: GoogleInputMethodService.onStartInput():1909 onStartInput(EditorInfo{inputType=0x0(NULL) imeOptions=0x0 privateImeOptions=null actionName=UNSPECIFIED actionLabel=null actionId=0 initialSelStart=-1 initialSelEnd=-1 initialCapsMode=0x0 hintText=null label=null packageName=com.example.batterymanager_utility fieldId=-1 fieldName=null extras=null hintLocales=[]}, false)
07-09 22:30:25.978  2633  2633 I GoogleInputMethodService: GoogleInputMethodService.shouldHideHeaderOnInitialState():1990 ShouldHideHeaderOnInitialState = false
07-09 22:30:25.978  2633  2633 I GoogleInputMethodService: GoogleInputMethodService.updateDeviceLockedStatus():2127 repeatCheckTimes = 1, locked = false
07-09 22:30:25.982  1733  1893 W ActivityManager: ProcessRecord{7c5e8a7 0:e.www.writeroomtest/u0a200}: ART verification disabled
07-09 22:30:25.983  1733  1893 D ActivityManager: Package [e.www.writeroomtest] have process
07-09 22:30:25.984  1733  1893 D ActivityTrigger: ActivityTrigger activityStopTrigger 
07-09 22:30:25.986   565   565 E SELinux : avc:  denied  { find } for interface=vendor.qti.hardware.servicetracker::IServicetracker sid=u:r:system_server:s0 pid=1733 scontext=u:r:system_server:s0 tcontext=u:object_r:default_android_hwservice:s0 tclass=hwservice_manager permissive=0
07-09 22:30:25.992 13031 13031 I A       : onStop
07-09 22:30:25.996   689   689 D Zygote  : Forked child process 20394
07-09 22:30:25.999  1733  1911 I ActivityManager: Start proc 20394:e.www.writeroomtest/u0a200 for activity {e.www.writeroomtest/e.www.writeroomtest.MainActivity}
07-09 22:30:25.999  1733  1911 D ActivityManager: handleProcessStartedLocked mDoneFinishBooting && app.pid != 0 ---> notifyProcessStart, app.processName = e.www.writeroomtest, app.info = ApplicationInfo{f48fec0 e.www.writeroomtest}, app.hostingType = activity, getHostingName() = ComponentInfo{e.www.writeroomtest/e.www.writeroomtest.MainActivity}, getIntentFlag() = 0, getIsPackageRunning() = true, app = ProcessRecord{7c5e8a7 20394:e.www.writeroomtest/u0a200}, getExtraData() = null
07-09 22:30:26.003 20394 20394 I w.writeroomtes: Late-enabling -Xcheck:jni
07-09 22:30:26.038 20394 20394 E w.writeroomtes: Unknown bits set in runtime_flags: 0x8000
07-09 22:30:26.063  1733  3219 D CompatibilityInfo: mCompatibilityFlags - 0
07-09 22:30:26.063  1733  3219 D CompatibilityInfo: applicationDensity - 420
07-09 22:30:26.063  1733  3219 D CompatibilityInfo: applicationScale - 1.0
07-09 22:30:26.068  1733  3219 D CompatibilityInfo: mCompatibilityFlags - 0
07-09 22:30:26.068  1733  3219 D CompatibilityInfo: applicationDensity - 420
07-09 22:30:26.068  1733  3219 D CompatibilityInfo: applicationScale - 1.0
07-09 22:30:26.069  1733 20413 W IrisConfig: ColorManagerService is not Existed
07-09 22:30:26.071  1733  3219 I qspmsvc-client: inside perf_hint_qspm
07-09 22:30:26.153 20394 20394 I Perf    : Connecting to perf service.
07-09 22:30:26.162   565   565 I hwservicemanager: getTransport: Cannot find entry vendor.qti.hardware.iop@2.0::IIop/default in either framework or device manifest.
07-09 22:30:26.162  1077 30746 E ANDR-IOP: IIop:: Iop HAL Service is not available.
07-09 22:30:26.167 20394 20416 E Perf    : Fail to get file list e.www.writeroomtest
07-09 22:30:26.167 20394 20416 E Perf    : getFolderSize() : Exception_1 = java.lang.NullPointerException: Attempt to get length of null array
07-09 22:30:26.167 20394 20416 E Perf    : Fail to get file list e.www.writeroomtest
07-09 22:30:26.167 20394 20416 E Perf    : getFolderSize() : Exception_1 = java.lang.NullPointerException: Attempt to get length of null array
07-09 22:30:26.245 20394 20394 W w.writeroomtes: Accessing hidden method Landroid/view/View;->computeFitSystemWindows(Landroid/graphics/Rect;Landroid/graphics/Rect;)Z (greylist, reflection, allowed)
07-09 22:30:26.246 20394 20394 W w.writeroomtes: Accessing hidden method Landroid/view/ViewGroup;->makeOptionalFitsSystemWindows()V (greylist, reflection, allowed)
07-09 22:30:26.306  1733  3217 E WindowManager: App trying to use insecure INPUT_FEATURE_NO_INPUT_CHANNEL flag. Ignoring
07-09 22:30:26.347 20394 20394 W RenderThread: type=1400 audit(0.0:7084): avc: denied { search } for name="kgsl-3d0" dev="sysfs" ino=29187 scontext=u:r:untrusted_app_27:s0:c200,c256,c512,c768 tcontext=u:object_r:sysfs_kgsl:s0 tclass=dir permissive=0
07-09 22:30:26.349 20394 20417 I AdrenoGLES: QUALCOMM build                   : f2ab992, I401605978b
07-09 22:30:26.349 20394 20417 I AdrenoGLES: Build Date                       : 09/28/19
07-09 22:30:26.349 20394 20417 I AdrenoGLES: OpenGL ES Shader Compiler Version: EV031.27.05.01
07-09 22:30:26.349 20394 20417 I AdrenoGLES: Local Branch                     : 
07-09 22:30:26.349 20394 20417 I AdrenoGLES: Remote Branch                    : 
07-09 22:30:26.349 20394 20417 I AdrenoGLES: Remote Branch                    : 
07-09 22:30:26.349 20394 20417 I AdrenoGLES: Reconstruct Branch               : 
07-09 22:30:26.349 20394 20417 I AdrenoGLES: Build Config                     : S L 8.0.11 AArch64
07-09 22:30:26.354 20394 20417 I AdrenoGLES: PFP: 0x005ff112, ME: 0x005ff066
07-09 22:30:26.358 20394 20417 W AdrenoUtils: <ReadGpuID_from_sysfs:194>: Failed to open /sys/class/kgsl/kgsl-3d0/gpu_model
07-09 22:30:26.358 20394 20417 W AdrenoUtils: <ReadGpuID:218>: Failed to read chip ID from gpu_model. Fallback to use the GSL path
07-09 22:30:26.360   565   565 I hwservicemanager: getTransport: Cannot find entry vendor.display.config@1.7::IDisplayConfig/default in either framework or device manifest.
07-09 22:30:26.361   565   565 I hwservicemanager: getTransport: Cannot find entry vendor.display.config@1.7::IDisplayConfig/default in either framework or device manifest.
07-09 22:30:26.375   565   565 I hwservicemanager: getTransport: Cannot find entry android.hardware.graphics.mapper@3.0::IMapper/default in either framework or device manifest.
07-09 22:30:26.376 20394 20417 W Gralloc3: mapper 3.x is not supported
07-09 22:30:26.394  2633  2633 I GoogleInputMethodService: GoogleInputMethodService.onFinishInput():3306 
07-09 22:30:26.395  2633  2633 I GoogleInputMethodService: GoogleInputMethodService.updateDeviceLockedStatus():2127 repeatCheckTimes = 0, locked = false
07-09 22:30:26.395  2633  2633 I GoogleInputMethodService: GoogleInputMethodService.onStartInput():1909 onStartInput(EditorInfo{inputType=0x0(NULL) imeOptions=0x0 privateImeOptions=null actionName=UNSPECIFIED actionLabel=null actionId=0 initialSelStart=-1 initialSelEnd=-1 initialCapsMode=0x0 hintText=null label=null packageName=e.www.writeroomtest fieldId=-1 fieldName=null extras=null hintLocales=[]}, false)
07-09 22:30:26.395  2633  2633 I GoogleInputMethodService: GoogleInputMethodService.shouldHideHeaderOnInitialState():1990 ShouldHideHeaderOnInitialState = false
07-09 22:30:26.395  2633  2633 I GoogleInputMethodService: GoogleInputMethodService.updateDeviceLockedStatus():2127 repeatCheckTimes = 1, locked = false
07-09 22:30:26.693  1733  1893 D ActivityTrigger: ActivityTrigger activityStopTrigger 
07-09 22:30:27.436  1733  3578 D CompatibilityInfo: mCompatibilityFlags - 0
07-09 22:30:27.436  1733  3578 D CompatibilityInfo: applicationDensity - 420
07-09 22:30:27.437  1733  3578 D CompatibilityInfo: applicationScale - 1.0
07-09 22:30:27.437   565   565 E SELinux : avc:  denied  { find } for interface=vendor.qti.hardware.servicetracker::IServicetracker sid=u:r:system_server:s0 pid=1733 scontext=u:r:system_server:s0 tcontext=u:object_r:default_android_hwservice:s0 tclass=hwservice_manager permissive=0
07-09 22:30:27.441 20349 20349 I BatteryMgr:DataCollectionService: onStartCommand: begin
07-09 22:30:27.441 20349 20349 I BatteryMgr:DataCollectionService: onStartCommand: sampleRate => 1
07-09 22:30:27.441 20349 20349 I BatteryMgr:DataCollectionService: onStartCommand: rawFields => Timestamp,BATTERY_PROPERTY_CURRENT_NOW,EXTRA_VOLTAGE
07-09 22:30:27.442 20349 20349 I BatteryMgr:DataCollectionService: onStartCommand: notification done
07-09 22:30:27.445 20349 20349 I BatteryMgr:DataCollectionService: started foreground
07-09 22:30:27.445  1733  1910 E NotificationService: Suppressing notification from package by user request.
07-09 22:30:27.445  1733  1910 I ServiceRecord: ServicesRecord broadcast notify intent package = com.example.batterymanager_utility pid = 20349
07-09 22:30:27.452 20349 20446 I BatteryMgr:DataCollectionService: collectData: begin
07-09 22:30:27.455 20349 20446 I BatteryMgr:DataCollectionService: stats => 1688934627455,-477050,4188
07-09 22:30:27.459 20349 20446 I BatteryMgr:DataCollectionService: stats => 1688934627459,-477050,4188
07-09 22:30:27.463 20349 20446 I BatteryMgr:DataCollectionService: stats => 1688934627462,-477050,4188
07-09 22:30:27.468 20349 20446 I BatteryMgr:DataCollectionService: stats => 1688934627468,-477050,4188
07-09 22:30:27.472 20349 20446 I BatteryMgr:DataCollectionService: stats => 1688934627472,-477050,4188
07-09 22:30:27.476 20349 20446 I BatteryMgr:DataCollectionService: stats => 1688934627475,-477050,4188
07-09 22:30:27.479 20349 20446 I BatteryMgr:DataCollectionService: stats => 1688934627479,-477050,4188
07-09 22:30:27.483 20349 20446 I BatteryMgr:DataCollectionService: stats => 1688934627483,-477050,4188
07-09 22:30:27.487 20349 20446 I BatteryMgr:DataCollectionService: stats => 1688934627487,-477050,4188
07-09 22:30:27.492 20349 20446 I BatteryMgr:DataCollectionService: stats => 1688934627492,-477050,4188
07-09 22:30:27.497 20349 20446 I BatteryMgr:DataCollectionService: stats => 1688934627497,-477050,4188
07-09 22:30:27.502 20349 20446 I BatteryMgr:DataCollectionService: stats => 1688934627502,-477050,4188
07-09 22:30:27.507 20349 20446 I BatteryMgr:DataCollectionService: stats => 1688934627507,-477050,4188
07-09 22:30:27.512 20349 20446 I BatteryMgr:DataCollectionService: stats => 1688934627512,-477050,4188
07-09 22:30:27.515 20349 20446 I BatteryMgr:DataCollectionService: stats => 1688934627515,-477050,4188
07-09 22:30:27.520 20349 20446 I BatteryMgr:DataCollectionService: stats => 1688934627520,-477050,4188
07-09 22:30:27.524 20349 20446 I BatteryMgr:DataCollectionService: stats => 1688934627524,-477050,4188
07-09 22:30:27.527 20349 20446 I BatteryMgr:DataCollectionService: stats => 1688934627527,-477050,4188
07-09 22:30:27.531 20349 20446 I BatteryMgr:DataCollectionService: stats => 1688934627531,-477050,4188
07-09 22:30:27.535 20349 20446 I BatteryMgr:DataCollectionService: stats => 1688934627535,-477050,4188
07-09 22:30:27.541 20349 20446 I BatteryMgr:DataCollectionService: stats => 1688934627541,-477050,4188
07-09 22:30:27.546 20349 20446 I BatteryMgr:DataCollectionService: stats => 1688934627546,-477050,4188
07-09 22:30:27.550 20349 20446 I BatteryMgr:DataCollectionService: stats => 1688934627550,-477050,4188
07-09 22:30:27.555 20349 20446 I BatteryMgr:DataCollectionService: stats => 1688934627555,-477050,4188
07-09 22:30:27.560 20349 20446 I BatteryMgr:DataCollectionService: stats => 1688934627560,-381347,4188
07-09 22:30:27.564 20349 20446 I BatteryMgr:DataCollectionService: stats => 1688934627564,-381347,4188
07-09 22:30:27.568 20349 20446 I BatteryMgr:DataCollectionService: stats => 1688934627568,-381347,4188
07-09 22:30:27.573 20349 20446 I BatteryMgr:DataCollectionService: stats => 1688934627573,-381347,4188
07-09 22:30:27.578 20349 20446 I BatteryMgr:DataCollectionService: stats => 1688934627578,-381347,4188
07-09 22:30:27.581 20349 20446 I BatteryMgr:DataCollectionService: stats => 1688934627581,-381347,4188
07-09 22:30:27.585 20349 20446 I BatteryMgr:DataCollectionService: stats => 1688934627585,-381347,4188
07-09 22:30:27.590 20349 20446 I BatteryMgr:DataCollectionService: stats => 1688934627590,-381347,4188
07-09 22:30:27.595 20349 20446 I BatteryMgr:DataCollectionService: stats => 1688934627595,-381347,4188
07-09 22:30:27.599 20349 20446 I BatteryMgr:DataCollectionService: stats => 1688934627599,-381347,4188
07-09 22:30:27.602 20349 20446 I BatteryMgr:DataCollectionService: stats => 1688934627602,-381347,4188
07-09 22:30:27.607 20349 20446 I BatteryMgr:DataCollectionService: stats => 1688934627607,-381347,4188
07-09 22:30:27.612 20349 20446 I BatteryMgr:DataCollectionService: stats => 1688934627612,-381347,4188
07-09 22:30:27.616 20349 20446 I BatteryMgr:DataCollectionService: stats => 1688934627616,-381347,4188
07-09 22:30:27.619 20349 20446 I BatteryMgr:DataCollectionService: stats => 1688934627619,-381347,4188
07-09 22:30:27.623 20349 20446 I BatteryMgr:DataCollectionService: stats => 1688934627623,-381347,4188
07-09 22:30:27.628 20349 20446 I BatteryMgr:DataCollectionService: stats => 1688934627628,-381347,4188
07-09 22:30:27.633 20349 20446 I BatteryMgr:DataCollectionService: stats => 1688934627633,-381347,4188
07-09 22:30:27.636 20349 20446 I BatteryMgr:DataCollectionService: stats => 1688934627636,-381347,4188
07-09 22:30:27.640 20349 20446 I BatteryMgr:DataCollectionService: stats => 1688934627640,-381347,4188
07-09 22:30:27.645 20349 20446 I BatteryMgr:DataCollectionService: stats => 1688934627645,-381347,4188
07-09 22:30:27.649 20349 20446 I BatteryMgr:DataCollectionService: stats => 1688934627649,-381347,4188
07-09 22:30:27.653 20349 20446 I BatteryMgr:DataCollectionService: stats => 1688934627653,-381347,4188
07-09 22:30:27.658 20349 20446 I BatteryMgr:DataCollectionService: stats => 1688934627658,-381347,4188
07-09 22:30:27.662 20349 20446 I BatteryMgr:DataCollectionService: stats => 1688934627662,-381347,4188
07-09 22:30:27.666 20349 20446 I BatteryMgr:DataCollectionService: stats => 1688934627666,-381347,4188
07-09 22:30:27.670 20349 20446 I BatteryMgr:DataCollectionService: stats => 1688934627670,-381347,4188
07-09 22:30:27.674 20349 20446 I BatteryMgr:DataCollectionService: stats => 1688934627674,-381347,4188
07-09 22:30:27.679 20349 20446 I BatteryMgr:DataCollectionService: stats => 1688934627679,-381347,4188
07-09 22:30:27.683 20349 20446 I BatteryMgr:DataCollectionService: stats => 1688934627683,-381347,4188
07-09 22:30:27.687 20349 20446 I BatteryMgr:DataCollectionService: stats => 1688934627687,-381347,4188
07-09 22:30:27.691 20349 20446 I BatteryMgr:DataCollectionService: stats => 1688934627691,-381347,4188
07-09 22:30:27.696 20349 20446 I BatteryMgr:DataCollectionService: stats => 1688934627696,-381347,4188
07-09 22:30:27.700 20349 20446 I BatteryMgr:DataCollectionService: stats => 1688934627700,-381347,4188
07-09 22:30:27.704 20349 20446 I BatteryMgr:DataCollectionService: stats => 1688934627704,-381347,4188
07-09 22:30:27.708 20349 20446 I BatteryMgr:DataCollectionService: stats => 1688934627707,-381347,4188
07-09 22:30:27.711 20349 20446 I BatteryMgr:DataCollectionService: stats => 1688934627711,-381347,4188
07-09 22:30:27.716 20349 20446 I BatteryMgr:DataCollectionService: stats => 1688934627716,-381347,4188
07-09 22:30:27.720 20349 20446 I BatteryMgr:DataCollectionService: stats => 1688934627720,-381347,4188
07-09 22:30:27.724 20349 20446 I BatteryMgr:DataCollectionService: stats => 1688934627724,-381347,4188
07-09 22:30:27.728 20349 20446 I BatteryMgr:DataCollectionService: stats => 1688934627728,-381347,4188
07-09 22:30:27.733 20349 20446 I BatteryMgr:DataCollectionService: stats => 1688934627732,-381347,4188
07-09 22:30:27.736 20349 20446 I BatteryMgr:DataCollectionService: stats => 1688934627736,-381347,4188
07-09 22:30:27.740 20349 20446 I BatteryMgr:DataCollectionService: stats => 1688934627740,-381347,4188
07-09 22:30:27.744 20349 20446 I BatteryMgr:DataCollectionService: stats => 1688934627744,-381347,4188
07-09 22:30:27.748 20349 20446 I BatteryMgr:DataCollectionService: stats => 1688934627748,-381347,4188
07-09 22:30:27.753 20349 20446 I BatteryMgr:DataCollectionService: stats => 1688934627753,-381347,4188
07-09 22:30:27.757 20349 20446 I BatteryMgr:DataCollectionService: stats => 1688934627757,-381347,4188
07-09 22:30:27.760 20349 20446 I BatteryMgr:DataCollectionService: stats => 1688934627760,-381347,4188
07-09 22:30:27.764 20349 20446 I BatteryMgr:DataCollectionService: stats => 1688934627764,-381347,4188
07-09 22:30:27.769 20349 20446 I BatteryMgr:DataCollectionService: stats => 1688934627769,-381347,4188
07-09 22:30:27.773 20349 20446 I BatteryMgr:DataCollectionService: stats => 1688934627773,-381347,4188
07-09 22:30:27.776 20349 20446 I BatteryMgr:DataCollectionService: stats => 1688934627776,-381347,4188
07-09 22:30:27.780 20349 20446 I BatteryMgr:DataCollectionService: stats => 1688934627780,-381347,4188
07-09 22:30:27.785 20349 20446 I BatteryMgr:DataCollectionService: stats => 1688934627785,-381347,4188
07-09 22:30:27.789 20349 20446 I BatteryMgr:DataCollectionService: stats => 1688934627789,-381347,4188
07-09 22:30:27.793 20349 20446 I BatteryMgr:DataCollectionService: stats => 1688934627793,-381347,4188
07-09 22:30:27.796 20349 20446 I BatteryMgr:DataCollectionService: stats => 1688934627796,-381347,4188
07-09 22:30:27.801 20349 20446 I BatteryMgr:DataCollectionService: stats => 1688934627801,-381347,4188
07-09 22:30:27.806 20349 20446 I BatteryMgr:DataCollectionService: stats => 1688934627805,-381347,4188
07-09 22:30:27.809 20349 20446 I BatteryMgr:DataCollectionService: stats => 1688934627809,-381347,4188
07-09 22:30:27.813 20349 20446 I BatteryMgr:DataCollectionService: stats => 1688934627813,-381347,4188
07-09 22:30:27.818 20349 20446 I BatteryMgr:DataCollectionService: stats => 1688934627818,-381347,4188
07-09 22:30:27.824 20349 20446 I BatteryMgr:DataCollectionService: stats => 1688934627824,-381347,4188
07-09 22:30:27.828 20349 20446 I BatteryMgr:DataCollectionService: stats => 1688934627828,-381347,4188
07-09 22:30:27.832 20349 20446 I BatteryMgr:DataCollectionService: stats => 1688934627832,-381347,4188
07-09 22:30:27.837 20349 20446 I BatteryMgr:DataCollectionService: stats => 1688934627837,-381347,4188
07-09 22:30:27.842 20349 20446 I BatteryMgr:DataCollectionService: stats => 1688934627842,-381347,4188
07-09 22:30:27.846 20349 20446 I BatteryMgr:DataCollectionService: stats => 1688934627846,-381347,4188
07-09 22:30:27.850 20349 20446 I BatteryMgr:DataCollectionService: stats => 1688934627850,-381347,4188
07-09 22:30:27.854 20349 20446 I BatteryMgr:DataCollectionService: stats => 1688934627854,-381347,4188
07-09 22:30:27.859 20349 20446 I BatteryMgr:DataCollectionService: stats => 1688934627859,-381347,4188
07-09 22:30:27.863 20349 20446 I BatteryMgr:DataCollectionService: stats => 1688934627863,-381347,4188
07-09 22:30:27.867 20349 20446 I BatteryMgr:DataCollectionService: stats => 1688934627867,-381347,4188
07-09 22:30:27.871 20349 20446 I BatteryMgr:DataCollectionService: stats => 1688934627871,-381347,4188
07-09 22:30:27.876 20349 20446 I BatteryMgr:DataCollectionService: stats => 1688934627876,-381347,4188
07-09 22:30:27.880 20349 20446 I BatteryMgr:DataCollectionService: stats => 1688934627880,-381347,4188
07-09 22:30:27.884 20349 20446 I BatteryMgr:DataCollectionService: stats => 1688934627884,-381347,4188
07-09 22:30:27.888 20349 20446 I BatteryMgr:DataCollectionService: stats => 1688934627888,-381347,4188
07-09 22:30:27.893 20349 20446 I BatteryMgr:DataCollectionService: stats => 1688934627893,-381347,4188
07-09 22:30:27.899 20349 20446 I BatteryMgr:DataCollectionService: stats => 1688934627899,-381347,4188
07-09 22:30:27.904 20349 20446 I BatteryMgr:DataCollectionService: stats => 1688934627903,-381347,4188
07-09 22:30:27.910 20349 20446 I BatteryMgr:DataCollectionService: stats => 1688934627910,-381347,4188
07-09 22:30:27.915 20349 20446 I BatteryMgr:DataCollectionService: stats => 1688934627915,-381347,4188
07-09 22:30:27.919 20349 20446 I BatteryMgr:DataCollectionService: stats => 1688934627919,-381347,4188
07-09 22:30:27.924 20349 20446 I BatteryMgr:DataCollectionService: stats => 1688934627924,-381347,4188
07-09 22:30:27.929 20349 20446 I BatteryMgr:DataCollectionService: stats => 1688934627929,-381347,4188
07-09 22:30:27.935 20349 20446 I BatteryMgr:DataCollectionService: stats => 1688934627935,-381347,4188
07-09 22:30:27.940 20349 20446 I BatteryMgr:DataCollectionService: stats => 1688934627940,-381347,4188
07-09 22:30:27.947 20349 20446 I BatteryMgr:DataCollectionService: stats => 1688934627947,-381347,4188
07-09 22:30:27.953 20349 20446 I BatteryMgr:DataCollectionService: stats => 1688934627953,-381347,4188
07-09 22:30:27.959 20349 20446 I BatteryMgr:DataCollectionService: stats => 1688934627959,-381347,4188
07-09 22:30:27.966 20349 20446 I BatteryMgr:DataCollectionService: stats => 1688934627966,-381347,4188
07-09 22:30:27.972 20349 20446 I BatteryMgr:DataCollectionService: stats => 1688934627972,-381347,4188
07-09 22:30:27.981 20349 20446 I BatteryMgr:DataCollectionService: stats => 1688934627981,-381347,4188
07-09 22:30:27.987 20349 20446 I BatteryMgr:DataCollectionService: stats => 1688934627987,-381347,4188
07-09 22:30:27.993 20349 20446 I BatteryMgr:DataCollectionService: stats => 1688934627993,-381347,4188
07-09 22:30:28.001 20349 20446 I BatteryMgr:DataCollectionService: stats => 1688934628001,-381347,4188
07-09 22:30:28.007 20349 20446 I BatteryMgr:DataCollectionService: stats => 1688934628007,-381347,4188
07-09 22:30:28.013 20349 20446 I BatteryMgr:DataCollectionService: stats => 1688934628013,-381347,4188
07-09 22:30:28.021 20349 20446 I BatteryMgr:DataCollectionService: stats => 1688934628021,-381347,4188
07-09 22:30:28.026 20349 20446 I BatteryMgr:DataCollectionService: stats => 1688934628026,-381347,4188
07-09 22:30:28.033 20349 20446 I BatteryMgr:DataCollectionService: stats => 1688934628033,-381347,4188
07-09 22:30:28.039 20349 20446 I BatteryMgr:DataCollectionService: stats => 1688934628039,-381347,4188
07-09 22:30:28.046 20349 20446 I BatteryMgr:DataCollectionService: stats => 1688934628046,-381347,4188
07-09 22:30:28.056 20349 20446 I BatteryMgr:DataCollectionService: stats => 1688934628056,-381347,4188
07-09 22:30:28.063 20349 20446 I BatteryMgr:DataCollectionService: stats => 1688934628063,-381347,4188
07-09 22:30:28.072 20349 20446 I BatteryMgr:DataCollectionService: stats => 1688934628072,-381347,4188
07-09 22:30:28.072 20394 20409 W System  : A resource failed to call close. 
07-09 22:30:28.076 20349 20446 I BatteryMgr:DataCollectionService: stats => 1688934628076,-381347,4188
07-09 22:30:28.079 20349 20446 I BatteryMgr:DataCollectionService: stats => 1688934628079,-381347,4188
07-09 22:30:28.083 20349 20446 I BatteryMgr:DataCollectionService: stats => 1688934628083,-381347,4188
07-09 22:30:28.088 20349 20446 I BatteryMgr:DataCollectionService: stats => 1688934628088,-381347,4188
07-09 22:30:28.092 20349 20446 I BatteryMgr:DataCollectionService: stats => 1688934628092,-381347,4188
07-09 22:30:28.095 20349 20446 I BatteryMgr:DataCollectionService: stats => 1688934628095,-381347,4188
07-09 22:30:28.099 20349 20446 I BatteryMgr:DataCollectionService: stats => 1688934628099,-381347,4188
07-09 22:30:28.103 20349 20446 I BatteryMgr:DataCollectionService: stats => 1688934628103,-381347,4188
07-09 22:30:28.107 20349 20446 I BatteryMgr:DataCollectionService: stats => 1688934628107,-381347,4188
07-09 22:30:28.111 20349 20446 I BatteryMgr:DataCollectionService: stats => 1688934628111,-381347,4188
07-09 22:30:28.116 20349 20446 I BatteryMgr:DataCollectionService: stats => 1688934628115,-381347,4188
07-09 22:30:28.123 20349 20446 I BatteryMgr:DataCollectionService: stats => 1688934628123,-381347,4188
07-09 22:30:28.129 20349 20446 I BatteryMgr:DataCollectionService: stats => 1688934628128,-381347,4188
07-09 22:30:28.135 20349 20446 I BatteryMgr:DataCollectionService: stats => 1688934628135,-381347,4188
07-09 22:30:28.142 20349 20446 I BatteryMgr:DataCollectionService: stats => 1688934628142,-381347,4188
07-09 22:30:28.148 20349 20446 I BatteryMgr:DataCollectionService: stats => 1688934628148,-381347,4188
07-09 22:30:28.154 20349 20446 I BatteryMgr:DataCollectionService: stats => 1688934628154,-381347,4188
07-09 22:30:28.161 20349 20446 I BatteryMgr:DataCollectionService: stats => 1688934628161,-381347,4188
07-09 22:30:28.166 20349 20446 I BatteryMgr:DataCollectionService: stats => 1688934628166,-381347,4188
07-09 22:30:28.174 20349 20446 I BatteryMgr:DataCollectionService: stats => 1688934628174,-381347,4188
07-09 22:30:28.180 20349 20446 I BatteryMgr:DataCollectionService: stats => 1688934628180,-381347,4188
07-09 22:30:28.187 20349 20446 I BatteryMgr:DataCollectionService: stats => 1688934628186,-381347,4188
07-09 22:30:28.196 20349 20446 I BatteryMgr:DataCollectionService: stats => 1688934628196,-381347,4188
07-09 22:30:28.201 20349 20446 I BatteryMgr:DataCollectionService: stats => 1688934628201,-381347,4188
07-09 22:30:28.209 20349 20446 I BatteryMgr:DataCollectionService: stats => 1688934628209,-381347,4188
07-09 22:30:28.216 20349 20446 I BatteryMgr:DataCollectionService: stats => 1688934628216,-381347,4188
07-09 22:30:28.221 20349 20446 I BatteryMgr:DataCollectionService: stats => 1688934628221,-381347,4188
07-09 22:30:28.228 20349 20446 I BatteryMgr:DataCollectionService: stats => 1688934628228,-381347,4188
07-09 22:30:28.234 20349 20446 I BatteryMgr:DataCollectionService: stats => 1688934628234,-381347,4188
07-09 22:30:28.239 20349 20446 I BatteryMgr:DataCollectionService: stats => 1688934628239,-381347,4188
07-09 22:30:28.246 20349 20446 I BatteryMgr:DataCollectionService: stats => 1688934628246,-381347,4188
07-09 22:30:28.252 20349 20446 I BatteryMgr:DataCollectionService: stats => 1688934628252,-381347,4188
07-09 22:30:28.258 20349 20446 I BatteryMgr:DataCollectionService: stats => 1688934628258,-381347,4188
07-09 22:30:28.263 20349 20446 I BatteryMgr:DataCollectionService: stats => 1688934628263,-381347,4188
07-09 22:30:28.268 20349 20446 I BatteryMgr:DataCollectionService: stats => 1688934628268,-381347,4188
07-09 22:30:28.273 20349 20446 I BatteryMgr:DataCollectionService: stats => 1688934628273,-381347,4188
07-09 22:30:28.279 20349 20446 I BatteryMgr:DataCollectionService: stats => 1688934628279,-381347,4188
07-09 22:30:28.286 20349 20446 I BatteryMgr:DataCollectionService: stats => 1688934628286,-381347,4188
07-09 22:30:28.293 20349 20446 I BatteryMgr:DataCollectionService: stats => 1688934628293,-381347,4188
07-09 22:30:28.300 20349 20446 I BatteryMgr:DataCollectionService: stats => 1688934628300,-381347,4188
07-09 22:30:28.307 20349 20446 I BatteryMgr:DataCollectionService: stats => 1688934628307,-381347,4188
07-09 22:30:28.315 20349 20446 I BatteryMgr:DataCollectionService: stats => 1688934628314,-381347,4188
07-09 22:30:28.323 20349 20446 I BatteryMgr:DataCollectionService: stats => 1688934628322,-381347,4188
07-09 22:30:28.339 20349 20446 I BatteryMgr:DataCollectionService: stats => 1688934628339,-381347,4188
07-09 22:30:28.351 20349 20446 I BatteryMgr:DataCollectionService: stats => 1688934628350,-381347,4188
07-09 22:30:28.357 20349 20446 I BatteryMgr:DataCollectionService: stats => 1688934628357,-381347,4188
07-09 22:30:28.362 20349 20446 I BatteryMgr:DataCollectionService: stats => 1688934628362,-381347,4188
07-09 22:30:28.368 20349 20446 I BatteryMgr:DataCollectionService: stats => 1688934628368,-381347,4188
07-09 22:30:28.374 20349 20446 I BatteryMgr:DataCollectionService: stats => 1688934628374,-381347,4188
07-09 22:30:28.379 20349 20446 I BatteryMgr:DataCollectionService: stats => 1688934628379,-381347,4188
07-09 22:30:28.386 20349 20446 I BatteryMgr:DataCollectionService: stats => 1688934628386,-381347,4188
07-09 22:30:28.392 20349 20446 I BatteryMgr:DataCollectionService: stats => 1688934628392,-381347,4188
07-09 22:30:28.395   565   565 E SELinux : avc:  denied  { find } for interface=vendor.qti.hardware.servicetracker::IServicetracker sid=u:r:system_server:s0 pid=1733 scontext=u:r:system_server:s0 tcontext=u:object_r:default_android_hwservice:s0 tclass=hwservice_manager permissive=0
07-09 22:30:28.400 20349 20446 I BatteryMgr:DataCollectionService: stats => 1688934628400,-381347,4188
07-09 22:30:28.406 20349 20446 I BatteryMgr:DataCollectionService: stats => 1688934628406,-381347,4188
07-09 22:30:28.411 20349 20446 I BatteryMgr:DataCollectionService: stats => 1688934628411,-381347,4188
07-09 22:30:28.417 20349 20446 I BatteryMgr:DataCollectionService: stats => 1688934628416,-381347,4188
07-09 22:30:28.421 20349 20446 I BatteryMgr:DataCollectionService: stats => 1688934628421,-381347,4188
07-09 22:30:28.427 20349 20446 I BatteryMgr:DataCollectionService: stats => 1688934628427,-381347,4188
07-09 22:30:28.432 20349 20446 I BatteryMgr:DataCollectionService: stats => 1688934628432,-381347,4188
07-09 22:30:28.441 20349 20446 I BatteryMgr:DataCollectionService: stats => 1688934628440,-381347,4188
07-09 22:30:28.451 20349 20446 I BatteryMgr:DataCollectionService: stats => 1688934628450,-381347,4188
07-09 22:30:28.462 20349 20446 I BatteryMgr:DataCollectionService: stats => 1688934628462,-381347,4188
07-09 22:30:28.471 20349 20446 I BatteryMgr:DataCollectionService: stats => 1688934628471,-381347,4188
07-09 22:30:28.489 20349 20446 I BatteryMgr:DataCollectionService: stats => 1688934628488,-381347,4188
07-09 22:30:28.496 20349 20446 I BatteryMgr:DataCollectionService: stats => 1688934628495,-381347,4188
07-09 22:30:28.502 20349 20446 I BatteryMgr:DataCollectionService: stats => 1688934628502,-381347,4188
07-09 22:30:28.509 20349 20446 I BatteryMgr:DataCollectionService: stats => 1688934628509,-381347,4188
07-09 22:30:28.515 20349 20446 I BatteryMgr:DataCollectionService: stats => 1688934628515,-381347,4188
07-09 22:30:28.523 20349 20446 I BatteryMgr:DataCollectionService: stats => 1688934628523,-381347,4188
07-09 22:30:28.531 20349 20446 I BatteryMgr:DataCollectionService: stats => 1688934628531,-381347,4188
07-09 22:30:28.538 20349 20446 I BatteryMgr:DataCollectionService: stats => 1688934628538,-381347,4188
07-09 22:30:28.544 20349 20446 I BatteryMgr:DataCollectionService: stats => 1688934628544,-381347,4188
07-09 22:30:28.550 20349 20446 I BatteryMgr:DataCollectionService: stats => 1688934628550,-381347,4188
07-09 22:30:28.556 20349 20446 I BatteryMgr:DataCollectionService: stats => 1688934628556,-381347,4188
07-09 22:30:28.562 20349 20446 I BatteryMgr:DataCollectionService: stats => 1688934628562,-381347,4188
07-09 22:30:28.573 20349 20446 I BatteryMgr:DataCollectionService: stats => 1688934628573,-381347,4188
07-09 22:30:28.582 20349 20446 I BatteryMgr:DataCollectionService: stats => 1688934628582,-381347,4188
07-09 22:30:28.590 20349 20446 I BatteryMgr:DataCollectionService: stats => 1688934628590,-381347,4188
07-09 22:30:28.598 20349 20446 I BatteryMgr:DataCollectionService: stats => 1688934628598,-381347,4188
07-09 22:30:28.610 20349 20446 I BatteryMgr:DataCollectionService: stats => 1688934628610,-381347,4188
07-09 22:30:28.619 20349 20446 I BatteryMgr:DataCollectionService: stats => 1688934628619,-381347,4188
07-09 22:30:28.628 20349 20446 I BatteryMgr:DataCollectionService: stats => 1688934628628,-381347,4188
07-09 22:30:28.648 20349 20446 I BatteryMgr:DataCollectionService: stats => 1688934628648,-381347,4188
07-09 22:30:28.656 20349 20446 I BatteryMgr:DataCollectionService: stats => 1688934628656,-381347,4188
07-09 22:30:28.661 20349 20446 I BatteryMgr:DataCollectionService: stats => 1688934628661,-381347,4188
07-09 22:30:28.666 20349 20446 I BatteryMgr:DataCollectionService: stats => 1688934628666,-381347,4188
07-09 22:30:28.672 20349 20446 I BatteryMgr:DataCollectionService: stats => 1688934628672,-381347,4188
07-09 22:30:28.678 20349 20446 I BatteryMgr:DataCollectionService: stats => 1688934628678,-381347,4188
07-09 22:30:28.684 20349 20446 I BatteryMgr:DataCollectionService: stats => 1688934628684,-381347,4188
07-09 22:30:28.689 20349 20446 I BatteryMgr:DataCollectionService: stats => 1688934628689,-381347,4188
07-09 22:30:28.696 20349 20446 I BatteryMgr:DataCollectionService: stats => 1688934628695,-381347,4188
07-09 22:30:28.701 20349 20446 I BatteryMgr:DataCollectionService: stats => 1688934628701,-381347,4188
07-09 22:30:28.707 20349 20446 I BatteryMgr:DataCollectionService: stats => 1688934628707,-381347,4188
07-09 22:30:28.714 20349 20446 I BatteryMgr:DataCollectionService: stats => 1688934628714,-381347,4188
07-09 22:30:28.722 20349 20446 I BatteryMgr:DataCollectionService: stats => 1688934628721,-381347,4188
07-09 22:30:28.728 20349 20446 I BatteryMgr:DataCollectionService: stats => 1688934628728,-381347,4188
07-09 22:30:28.735 20349 20446 I BatteryMgr:DataCollectionService: stats => 1688934628735,-381347,4188
07-09 22:30:28.742 20349 20446 I BatteryMgr:DataCollectionService: stats => 1688934628742,-381347,4188
07-09 22:30:28.748 20349 20446 I BatteryMgr:DataCollectionService: stats => 1688934628748,-381347,4188
07-09 22:30:28.755 20349 20446 I BatteryMgr:DataCollectionService: stats => 1688934628754,-381347,4188
07-09 22:30:28.761 20349 20446 I BatteryMgr:DataCollectionService: stats => 1688934628761,-381347,4188
07-09 22:30:28.768 20349 20446 I BatteryMgr:DataCollectionService: stats => 1688934628768,-381347,4188
07-09 22:30:28.775 20349 20446 I BatteryMgr:DataCollectionService: stats => 1688934628775,-381347,4188
07-09 22:30:28.781 20349 20446 I BatteryMgr:DataCollectionService: stats => 1688934628781,-381347,4188
07-09 22:30:28.793 20349 20446 I BatteryMgr:DataCollectionService: stats => 1688934628793,-381347,4188
07-09 22:30:28.799 20349 20446 I BatteryMgr:DataCollectionService: stats => 1688934628799,-381347,4188
07-09 22:30:28.806 20349 20446 I BatteryMgr:DataCollectionService: stats => 1688934628806,-381347,4188
07-09 22:30:28.815 20349 20446 I BatteryMgr:DataCollectionService: stats => 1688934628815,-381347,4188
07-09 22:30:28.821 20349 20446 I BatteryMgr:DataCollectionService: stats => 1688934628821,-381347,4188
07-09 22:30:28.828 20349 20446 I BatteryMgr:DataCollectionService: stats => 1688934628828,-381347,4188
07-09 22:30:28.834 20349 20446 I BatteryMgr:DataCollectionService: stats => 1688934628834,-381347,4188
07-09 22:30:28.840 20349 20446 I BatteryMgr:DataCollectionService: stats => 1688934628839,-381347,4188
07-09 22:30:28.847 20349 20446 I BatteryMgr:DataCollectionService: stats => 1688934628847,-381347,4188
07-09 22:30:28.854 20349 20446 I BatteryMgr:DataCollectionService: stats => 1688934628854,-381347,4188
07-09 22:30:28.860 20349 20446 I BatteryMgr:DataCollectionService: stats => 1688934628860,-381347,4188
07-09 22:30:28.866 20349 20446 I BatteryMgr:DataCollectionService: stats => 1688934628866,-381347,4188
07-09 22:30:28.874 20349 20446 I BatteryMgr:DataCollectionService: stats => 1688934628873,-381347,4188
07-09 22:30:28.881 20349 20446 I BatteryMgr:DataCollectionService: stats => 1688934628881,-381347,4188
07-09 22:30:28.889 20349 20446 I BatteryMgr:DataCollectionService: stats => 1688934628889,-381347,4188
07-09 22:30:28.896 20349 20446 I BatteryMgr:DataCollectionService: stats => 1688934628896,-381347,4188
07-09 22:30:28.902 20349 20446 I BatteryMgr:DataCollectionService: stats => 1688934628902,-381347,4188
07-09 22:30:28.909 20349 20446 I BatteryMgr:DataCollectionService: stats => 1688934628909,-381347,4188
07-09 22:30:28.919 20349 20446 I BatteryMgr:DataCollectionService: stats => 1688934628919,-381347,4188
07-09 22:30:28.930 20349 20446 I BatteryMgr:DataCollectionService: stats => 1688934628929,-381347,4188
07-09 22:30:28.941 20349 20446 I BatteryMgr:DataCollectionService: stats => 1688934628940,-381347,4188
07-09 22:30:28.951 20349 20446 I BatteryMgr:DataCollectionService: stats => 1688934628951,-381347,4188
07-09 22:30:28.958 20349 20446 I BatteryMgr:DataCollectionService: stats => 1688934628957,-381347,4188
07-09 22:30:28.963 20349 20446 I BatteryMgr:DataCollectionService: stats => 1688934628963,-381347,4188
07-09 22:30:28.968 20349 20446 I BatteryMgr:DataCollectionService: stats => 1688934628968,-381347,4188
07-09 22:30:28.973 20349 20446 I BatteryMgr:DataCollectionService: stats => 1688934628973,-381347,4188
07-09 22:30:28.978 20349 20446 I BatteryMgr:DataCollectionService: stats => 1688934628978,-381347,4188
07-09 22:30:28.983 20349 20446 I BatteryMgr:DataCollectionService: stats => 1688934628983,-381347,4188
07-09 22:30:28.988 20349 20446 I BatteryMgr:DataCollectionService: stats => 1688934628988,-381347,4188
