--------- beginning of system
07-05 07:12:10.825   767  1355 I ActivityManager: START u0 {act=android.intent.action.MAIN cat=[android.intent.category.LAUNCHER] flg=0x10000000 cmp=com.example.batterymanager_utility/.MainActivity} from uid 2000
07-05 07:12:10.857   767   777 I ActivityManager: Start proc 25678:com.example.batterymanager_utility/u0a111 for activity com.example.batterymanager_utility/.MainActivity
--------- beginning of main
07-05 07:12:10.858 25678 25678 I zygote64: Late-enabling -Xcheck:jni
07-05 07:12:10.886  3105  7220 V ClearcutMetricXmitter: Transmission is done.
07-05 07:12:10.961  2947  2947 I GsaVoiceInteractionSrv: Handling ACTION_STOP_HOTWORD
07-05 07:12:10.979 25678 25678 I BatteryMgr:App: creating notification channel
07-05 07:12:11.055 25678 25696 D OpenGLRenderer: HWUI GL Pipeline
07-05 07:12:11.231 25683 25683 D AndroidRuntime: >>>>>> START com.android.internal.os.RuntimeInit uid 2000 <<<<<<
07-05 07:12:11.248 25678 25678 W zygote64: Class androidx.compose.runtime.snapshots.SnapshotStateList failed lock verification and will run slower.
07-05 07:12:11.248 25678 25678 W zygote64: Common causes for lock verification issues are non-optimized dex code
07-05 07:12:11.248 25678 25678 W zygote64: and incorrect proguard optimizations.
07-05 07:12:11.343 25683 25683 D ICU     : Timezone override file found: /data/misc/zoneinfo/current/icu/icu_tzdata.dat
07-05 07:12:11.361 25683 25683 I app_process: The ClassLoaderContext is a special shared library.
07-05 07:12:11.363 25678 25685 I zygote64: Do partial code cache collection, code=30KB, data=19KB
07-05 07:12:11.363 25678 25685 I zygote64: After code cache collection, code=30KB, data=19KB
07-05 07:12:11.363 25678 25685 I zygote64: Increasing code cache capacity to 128KB
07-05 07:12:11.398 25683 25683 D AndroidRuntime: Calling main entry com.android.commands.monkey.Monkey
07-05 07:12:11.405 25683 25683 W Monkey  : args: [-p, e.www.cpufactorialtest, 1]
07-05 07:12:11.406 25683 25683 W Monkey  :  arg: "-p"
07-05 07:12:11.406 25683 25683 W Monkey  :  arg: "e.www.cpufactorialtest"
07-05 07:12:11.406 25683 25683 W Monkey  :  arg: "1"
07-05 07:12:11.406 25683 25683 W Monkey  : data="e.www.cpufactorialtest"
07-05 07:12:11.432   767   782 W BroadcastQueue: Skipping deliver [background] BroadcastRecord{5940be7 u-1 android.net.conn.CONNECTIVITY_CHANGE} to ReceiverList{753a394 25683 (unknown name)/2000/u-1 remote:b112301}: process gone or crashing
07-05 07:12:11.447   767  5260 I ActivityManager: START u0 {act=android.intent.action.MAIN cat=[android.intent.category.LAUNCHER] flg=0x10200000 cmp=e.www.cpufactorialtest/.MainActivity} from uid 2000
07-05 07:12:11.447   767  5260 W Binder  : Outgoing transactions from this process must be FLAG_ONEWAY
07-05 07:12:11.447   767  5260 W Binder  : java.lang.Throwable
07-05 07:12:11.447   767  5260 W Binder  : 	at android.os.BinderProxy.transact(Binder.java:752)
07-05 07:12:11.447   767  5260 W Binder  : 	at android.app.IActivityController$Stub$Proxy.activityStarting(IActivityController.java:172)
07-05 07:12:11.447   767  5260 W Binder  : 	at com.android.server.am.ActivityStarter.startActivity(ActivityStarter.java:449)
07-05 07:12:11.447   767  5260 W Binder  : 	at com.android.server.am.ActivityStarter.startActivityLocked(ActivityStarter.java:278)
07-05 07:12:11.447   767  5260 W Binder  : 	at com.android.server.am.ActivityStarter.startActivityMayWait(ActivityStarter.java:817)
07-05 07:12:11.447   767  5260 W Binder  : 	at com.android.server.am.ActivityManagerService.startActivityAsUser(ActivityManagerService.java:4532)
07-05 07:12:11.447   767  5260 W Binder  : 	at com.android.server.am.ActivityManagerService.startActivity(ActivityManagerService.java:4519)
07-05 07:12:11.447   767  5260 W Binder  : 	at android.app.IActivityManager$Stub.onTransact(IActivityManager.java:121)
07-05 07:12:11.447   767  5260 W Binder  : 	at com.android.server.am.ActivityManagerService.onTransact(ActivityManagerService.java:2919)
07-05 07:12:11.447   767  5260 W Binder  : 	at android.os.Binder.execTransact(Binder.java:697)
07-05 07:12:11.474 25678 25696 I Adreno  : QUALCOMM build                   : 8e59954, I0be83d0d26
07-05 07:12:11.474 25678 25696 I Adreno  : Build Date                       : 09/22/17
07-05 07:12:11.474 25678 25696 I Adreno  : OpenGL ES Shader Compiler Version: EV031.21.02.00
07-05 07:12:11.474 25678 25696 I Adreno  : Local Branch                     : O17A
07-05 07:12:11.474 25678 25696 I Adreno  : Remote Branch                    : 
07-05 07:12:11.474 25678 25696 I Adreno  : Remote Branch                    : 
07-05 07:12:11.474 25678 25696 I Adreno  : Reconstruct Branch               : 
07-05 07:12:11.475 25678 25696 D vndksupport: Loading /vendor/lib64/hw/gralloc.msm8992.so from current namespace instead of sphal namespace.
07-05 07:12:11.481 25683 25683 I Monkey  : Events injected: 1
07-05 07:12:11.493 25678 25696 I Adreno  : PFP: 0x00000000, ME: 0x00000000
07-05 07:12:11.498 25683 25683 I Monkey  : ## Network stats: elapsed time=48ms (0ms mobile, 0ms wifi, 48ms not connected)
07-05 07:12:11.498   362   362 W /system/bin/hwservicemanager: getTransport: Cannot find entry android.hardware.configstore@1.0::ISurfaceFlingerConfigs/default in either framework or device manifest.
07-05 07:12:11.499 25678 25678 D Compose Focus: Owner FocusChanged(true)
07-05 07:12:11.500 25678 25696 I zygote64: android::hardware::configstore::V1_0::ISurfaceFlingerConfigs::hasWideColorDisplay retrieved: 0
07-05 07:12:11.501 25683 25683 I com.android.commands.monkey: System.exit called, status: 0
07-05 07:12:11.501 25683 25683 I AndroidRuntime: VM exiting with result code 0.
07-05 07:12:11.502 25678 25696 I OpenGLRenderer: Initialized EGL, version 1.4
07-05 07:12:11.502 25678 25696 D OpenGLRenderer: Swap behavior 2
07-05 07:12:11.554   362   362 W /system/bin/hwservicemanager: getTransport: Cannot find entry android.hardware.graphics.mapper@2.0::IMapper/default in either framework or device manifest.
07-05 07:12:11.556 25678 25696 D vndksupport: Loading /vendor/lib64/hw/android.hardware.graphics.mapper@2.0-impl.so from current namespace instead of sphal namespace.
07-05 07:12:11.557 25678 25696 D vndksupport: Loading /vendor/lib64/hw/gralloc.msm8992.so from current namespace instead of sphal namespace.
07-05 07:12:11.589  1019  1019 I GoogleInputMethodService: GoogleInputMethodService.onFinishInput():3306 
07-05 07:12:11.591  1019  1019 I GoogleInputMethodService: GoogleInputMethodService.updateDeviceLockedStatus():2127 repeatCheckTimes = 0, locked = false
07-05 07:12:11.591  1019  1019 I GoogleInputMethodService: GoogleInputMethodService.onStartInput():1909 onStartInput(EditorInfo{inputType=0x0(NULL) imeOptions=0x0 privateImeOptions=null actionName=UNSPECIFIED actionLabel=null actionId=0 initialSelStart=-1 initialSelEnd=-1 initialCapsMode=0x0 hintText=null label=null packageName=com.example.batterymanager_utility fieldId=-1 fieldName=null extras=null hintLocales=[]}, false)
07-05 07:12:11.591  1019  1019 I GoogleInputMethodService: GoogleInputMethodService.shouldHideHeaderOnInitialState():1990 ShouldHideHeaderOnInitialState = false
07-05 07:12:11.592  1019  1019 I GoogleInputMethodService: GoogleInputMethodService.updateDeviceLockedStatus():2127 repeatCheckTimes = 1, locked = false
07-05 07:12:11.606 25709 25709 I zygote64: Late-enabling -Xcheck:jni
07-05 07:12:11.606   767  3093 I ActivityManager: Start proc 25709:e.www.cpufactorialtest/u0a165 for activity e.www.cpufactorialtest/.MainActivity
07-05 07:12:11.831 25709 25709 I zygote64: Rejecting re-init on previously-failed class java.lang.Class<androidx.core.view.ViewCompat$2>: java.lang.NoClassDefFoundError: Failed resolution of: Landroid/view/View$OnUnhandledKeyEventListener;
07-05 07:12:11.831 25709 25709 I zygote64:   at void androidx.core.view.ViewCompat.setOnApplyWindowInsetsListener(android.view.View, androidx.core.view.OnApplyWindowInsetsListener) (ViewCompat.java:2436)
07-05 07:12:11.831 25709 25709 I zygote64:   at android.view.ViewGroup androidx.appcompat.app.AppCompatDelegateImpl.createSubDecor() (AppCompatDelegateImpl.java:779)
07-05 07:12:11.831 25709 25709 I zygote64:   at void androidx.appcompat.app.AppCompatDelegateImpl.ensureSubDecor() (AppCompatDelegateImpl.java:659)
07-05 07:12:11.831 25709 25709 I zygote64:   at void androidx.appcompat.app.AppCompatDelegateImpl.setContentView(int) (AppCompatDelegateImpl.java:552)
07-05 07:12:11.831 25709 25709 I zygote64:   at void androidx.appcompat.app.AppCompatActivity.setContentView(int) (AppCompatActivity.java:161)
07-05 07:12:11.831 25709 25709 I zygote64:   at void e.www.cpufactorialtest.MainActivity.onCreate(android.os.Bundle) (MainActivity.kt:24)
07-05 07:12:11.831 25709 25709 I zygote64:   at void android.app.Activity.performCreate(android.os.Bundle, android.os.PersistableBundle) (Activity.java:7009)
07-05 07:12:11.831 25709 25709 I zygote64:   at void android.app.Activity.performCreate(android.os.Bundle) (Activity.java:7000)
07-05 07:12:11.831 25709 25709 I zygote64:   at void android.app.Instrumentation.callActivityOnCreate(android.app.Activity, android.os.Bundle) (Instrumentation.java:1214)
07-05 07:12:11.831 25709 25709 I zygote64:   at android.app.Activity android.app.ActivityThread.performLaunchActivity(android.app.ActivityThread$ActivityClientRecord, android.content.Intent) (ActivityThread.java:2731)
07-05 07:12:11.831 25709 25709 I zygote64:   at void android.app.ActivityThread.handleLaunchActivity(android.app.ActivityThread$ActivityClientRecord, android.content.Intent, java.lang.String) (ActivityThread.java:2856)
07-05 07:12:11.831 25709 25709 I zygote64:   at void android.app.ActivityThread.-wrap11(android.app.ActivityThread, android.app.ActivityThread$ActivityClientRecord, android.content.Intent, java.lang.String) (ActivityThread.java:-1)
07-05 07:12:11.831 25709 25709 I zygote64:   at void android.app.ActivityThread$H.handleMessage(android.os.Message) (ActivityThread.java:1589)
07-05 07:12:11.831 25709 25709 I zygote64:   at void android.os.Handler.dispatchMessage(android.os.Message) (Handler.java:106)
07-05 07:12:11.831 25709 25709 I zygote64:   at void android.os.Looper.loop() (Looper.java:164)
07-05 07:12:11.831 25709 25709 I zygote64:   at void android.app.ActivityThread.main(java.lang.String[]) (ActivityThread.java:6494)
07-05 07:12:11.831 25709 25709 I zygote64:   at java.lang.Object java.lang.reflect.Method.invoke(java.lang.Object, java.lang.Object[]) (Method.java:-2)
07-05 07:12:11.831 25709 25709 I zygote64:   at void com.android.internal.os.RuntimeInit$MethodAndArgsCaller.run() (RuntimeInit.java:438)
07-05 07:12:11.831 25709 25709 I zygote64:   at void com.android.internal.os.ZygoteInit.main(java.lang.String[]) (ZygoteInit.java:807)
07-05 07:12:11.831 25709 25709 I zygote64: Caused by: java.lang.ClassNotFoundException: Didn't find class "android.view.View$OnUnhandledKeyEventListener" on path: DexPathList[[zip file "/data/app/e.www.cpufactorialtest-hzZ_W_QeSeVODzrWnipI6w==/base.apk"],nativeLibraryDirectories=[/data/app/e.www.cpufactorialtest-hzZ_W_QeSeVODzrWnipI6w==/lib/arm64, /system/lib64, /vendor/lib64]]
07-05 07:12:11.831 25709 25709 I zygote64:   at java.lang.Class dalvik.system.BaseDexClassLoader.findClass(java.lang.String) (BaseDexClassLoader.java:125)
07-05 07:12:11.831 25709 25709 I zygote64:   at java.lang.Class java.lang.ClassLoader.loadClass(java.lang.String, boolean) (ClassLoader.java:379)
07-05 07:12:11.831 25709 25709 I zygote64:   at java.lang.Class java.lang.ClassLoader.loadClass(java.lang.String) (ClassLoader.java:312)
07-05 07:12:11.831 25709 25709 I zygote64:   at void androidx.core.view.ViewCompat.setOnApplyWindowInsetsListener(android.view.View, androidx.core.view.OnApplyWindowInsetsListener) (ViewCompat.java:2436)
07-05 07:12:11.831 25709 25709 I zygote64:   at android.view.ViewGroup androidx.appcompat.app.AppCompatDelegateImpl.createSubDecor() (AppCompatDelegateImpl.java:779)
07-05 07:12:11.831 25709 25709 I zygote64:   at void androidx.appcompat.app.AppCompatDelegateImpl.ensureSubDecor() (AppCompatDelegateImpl.java:659)
07-05 07:12:11.831 25709 25709 I zygote64:   at void androidx.appcompat.app.AppCompatDelegateImpl.setContentView(int) (AppCompatDelegateImpl.java:552)
07-05 07:12:11.831 25709 25709 I zygote64:   at void androidx.appcompat.app.AppCompatActivity.setContentView(int) (AppCompatActivity.java:161)
07-05 07:12:11.831 25709 25709 I zygote64:   at void e.www.cpufactorialtest.MainActivity.onCreate(android.os.Bundle) (MainActivity.kt:24)
07-05 07:12:11.831 25709 25709 I zygote64:   at void android.app.Activity.performCreate(android.os.Bundle, android.os.PersistableBundle) (Activity.java:7009)
07-05 07:12:11.831 25709 25709 I zygote64:   at void android.app.Activity.performCreate(android.os.Bundle) (Activity.java:7000)
07-05 07:12:11.831 25709 25709 I zygote64:   at void android.app.Instrumentation.callActivityOnCreate(android.app.Activity, android.os.Bundle) (Instrumentation.java:1214)
07-05 07:12:11.832 25709 25709 I zygote64:   at android.app.Activity android.app.ActivityThread.performLaunchActivity(android.app.ActivityThread$ActivityClientRecord, android.content.Intent) (ActivityThread.java:2731)
07-05 07:12:11.832 25709 25709 I zygote64:   at void android.app.ActivityThread.handleLaunchActivity(android.app.ActivityThread$ActivityClientRecord, android.content.Intent, java.lang.String) (ActivityThread.java:2856)
07-05 07:12:11.832 25709 25709 I zygote64:   at void android.app.ActivityThread.-wrap11(android.app.ActivityThread, android.app.ActivityThread$ActivityClientRecord, android.content.Intent, java.lang.String) (ActivityThread.java:-1)
07-05 07:12:11.832 25709 25709 I zygote64:   at void android.app.ActivityThread$H.handleMessage(android.os.Message) (ActivityThread.java:1589)
07-05 07:12:11.832 25709 25709 I zygote64:   at void android.os.Handler.dispatchMessage(android.os.Message) (Handler.java:106)
07-05 07:12:11.832 25709 25709 I zygote64:   at void android.os.Looper.loop() (Looper.java:164)
07-05 07:12:11.832 25709 25709 I zygote64:   at void android.app.ActivityThread.main(java.lang.String[]) (ActivityThread.java:6494)
07-05 07:12:11.832 25709 25709 I zygote64:   at java.lang.Object java.lang.reflect.Method.invoke(java.lang.Object, java.lang.Object[]) (Method.java:-2)
07-05 07:12:11.832 25709 25709 I zygote64:   at void com.android.internal.os.RuntimeInit$MethodAndArgsCaller.run() (RuntimeInit.java:438)
07-05 07:12:11.832 25709 25709 I zygote64:   at void com.android.internal.os.ZygoteInit.main(java.lang.String[]) (ZygoteInit.java:807)
07-05 07:12:11.832 25709 25709 I zygote64: 
07-05 07:12:11.832 25709 25709 I zygote64: Rejecting re-init on previously-failed class java.lang.Class<androidx.core.view.ViewCompat$2>: java.lang.NoClassDefFoundError: Failed resolution of: Landroid/view/View$OnUnhandledKeyEventListener;
07-05 07:12:11.832 25709 25709 I zygote64:   at void androidx.core.view.ViewCompat.setOnApplyWindowInsetsListener(android.view.View, androidx.core.view.OnApplyWindowInsetsListener) (ViewCompat.java:2436)
07-05 07:12:11.832 25709 25709 I zygote64:   at android.view.ViewGroup androidx.appcompat.app.AppCompatDelegateImpl.createSubDecor() (AppCompatDelegateImpl.java:779)
07-05 07:12:11.832 25709 25709 I zygote64:   at void androidx.appcompat.app.AppCompatDelegateImpl.ensureSubDecor() (AppCompatDelegateImpl.java:659)
07-05 07:12:11.832 25709 25709 I zygote64:   at void androidx.appcompat.app.AppCompatDelegateImpl.setContentView(int) (AppCompatDelegateImpl.java:552)
07-05 07:12:11.832 25709 25709 I zygote64:   at void androidx.appcompat.app.AppCompatActivity.setContentView(int) (AppCompatActivity.java:161)
07-05 07:12:11.832 25709 25709 I zygote64:   at void e.www.cpufactorialtest.MainActivity.onCreate(android.os.Bundle) (MainActivity.kt:24)
07-05 07:12:11.832 25709 25709 I zygote64:   at void android.app.Activity.performCreate(android.os.Bundle, android.os.PersistableBundle) (Activity.java:7009)
07-05 07:12:11.832 25709 25709 I zygote64:   at void android.app.Activity.performCreate(android.os.Bundle) (Activity.java:7000)
07-05 07:12:11.832 25709 25709 I zygote64:   at void android.app.Instrumentation.callActivityOnCreate(android.app.Activity, android.os.Bundle) (Instrumentation.java:1214)
07-05 07:12:11.832 25709 25709 I zygote64:   at android.app.Activity android.app.ActivityThread.performLaunchActivity(android.app.ActivityThread$ActivityClientRecord, android.content.Intent) (ActivityThread.java:2731)
07-05 07:12:11.832 25709 25709 I zygote64:   at void android.app.ActivityThread.handleLaunchActivity(android.app.ActivityThread$ActivityClientRecord, android.content.Intent, java.lang.String) (ActivityThread.java:2856)
07-05 07:12:11.832 25709 25709 I zygote64:   at void android.app.ActivityThread.-wrap11(android.app.ActivityThread, android.app.ActivityThread$ActivityClientRecord, android.content.Intent, java.lang.String) (ActivityThread.java:-1)
07-05 07:12:11.832 25709 25709 I zygote64:   at void android.app.ActivityThread$H.handleMessage(android.os.Message) (ActivityThread.java:1589)
07-05 07:12:11.832 25709 25709 I zygote64:   at void android.os.Handler.dispatchMessage(android.os.Message) (Handler.java:106)
07-05 07:12:11.832 25709 25709 I zygote64:   at void android.os.Looper.loop() (Looper.java:164)
07-05 07:12:11.832 25709 25709 I zygote64:   at void android.app.ActivityThread.main(java.lang.String[]) (ActivityThread.java:6494)
07-05 07:12:11.832 25709 25709 I zygote64:   at java.lang.Object java.lang.reflect.Method.invoke(java.lang.Object, java.lang.Object[]) (Method.java:-2)
07-05 07:12:11.832 25709 25709 I zygote64:   at void com.android.internal.os.RuntimeInit$MethodAndArgsCaller.run() (RuntimeInit.java:438)
07-05 07:12:11.832 25709 25709 I zygote64:   at void com.android.internal.os.ZygoteInit.main(java.lang.String[]) (ZygoteInit.java:807)
07-05 07:12:11.832 25709 25709 I zygote64: Caused by: java.lang.ClassNotFoundException: Didn't find class "android.view.View$OnUnhandledKeyEventListener" on path: DexPathList[[zip file "/data/app/e.www.cpufactorialtest-hzZ_W_QeSeVODzrWnipI6w==/base.apk"],nativeLibraryDirectories=[/data/app/e.www.cpufactorialtest-hzZ_W_QeSeVODzrWnipI6w==/lib/arm64, /system/lib64, /vendor/lib64]]
07-05 07:12:11.832 25709 25709 I zygote64:   at java.lang.Class dalvik.system.BaseDexClassLoader.findClass(java.lang.String) (BaseDexClassLoader.java:125)
07-05 07:12:11.832 25709 25709 I zygote64:   at java.lang.Class java.lang.ClassLoader.loadClass(java.lang.String, boolean) (ClassLoader.java:379)
07-05 07:12:11.832 25709 25709 I zygote64:   at java.lang.Class java.lang.ClassLoader.loadClass(java.lang.String) (ClassLoader.java:312)
07-05 07:12:11.832 25709 25709 I zygote64:   at void androidx.core.view.ViewCompat.setOnApplyWindowInsetsListener(android.view.View, androidx.core.view.OnApplyWindowInsetsListener) (ViewCompat.java:2436)
07-05 07:12:11.832 25709 25709 I zygote64:   at android.view.ViewGroup androidx.appcompat.app.AppCompatDelegateImpl.createSubDecor() (AppCompatDelegateImpl.java:779)
07-05 07:12:11.832 25709 25709 I zygote64:   at void androidx.appcompat.app.AppCompatDelegateImpl.ensureSubDecor() (AppCompatDelegateImpl.java:659)
07-05 07:12:11.832 25709 25709 I zygote64:   at void androidx.appcompat.app.AppCompatDelegateImpl.setContentView(int) (AppCompatDelegateImpl.java:552)
07-05 07:12:11.832 25709 25709 I zygote64:   at void androidx.appcompat.app.AppCompatActivity.setContentView(int) (AppCompatActivity.java:161)
07-05 07:12:11.832 25709 25709 I zygote64:   at void e.www.cpufactorialtest.MainActivity.onCreate(android.os.Bundle) (MainActivity.kt:24)
07-05 07:12:11.832 25709 25709 I zygote64:   at void android.app.Activity.performCreate(android.os.Bundle, android.os.PersistableBundle) (Activity.java:7009)
07-05 07:12:11.832 25709 25709 I zygote64:   at void android.app.Activity.performCreate(android.os.Bundle) (Activity.java:7000)
07-05 07:12:11.832 25709 25709 I zygote64:   at void android.app.Instrumentation.callActivityOnCreate(android.app.Activity, android.os.Bundle) (Instrumentation.java:1214)
07-05 07:12:11.832 25709 25709 I zygote64:   at android.app.Activity android.app.ActivityThread.performLaunchActivity(android.app.ActivityThread$ActivityClientRecord, android.content.Intent) (ActivityThread.java:2731)
07-05 07:12:11.832 25709 25709 I zygote64:   at void android.app.ActivityThread.handleLaunchActivity(android.app.ActivityThread$ActivityClientRecord, android.content.Intent, java.lang.String) (ActivityThread.java:2856)
07-05 07:12:11.832 25709 25709 I zygote64:   at void android.app.ActivityThread.-wrap11(android.app.ActivityThread, android.app.ActivityThread$ActivityClientRecord, android.content.Intent, java.lang.String) (ActivityThread.java:-1)
07-05 07:12:11.832 25709 25709 I zygote64:   at void android.app.ActivityThread$H.handleMessage(android.os.Message) (ActivityThread.java:1589)
07-05 07:12:11.832 25709 25709 I zygote64:   at void android.os.Handler.dispatchMessage(android.os.Message) (Handler.java:106)
07-05 07:12:11.832 25709 25709 I zygote64:   at void android.os.Looper.loop() (Looper.java:164)
07-05 07:12:11.832 25709 25709 I zygote64:   at void android.app.ActivityThread.main(java.lang.String[]) (ActivityThread.java:6494)
07-05 07:12:11.832 25709 25709 I zygote64:   at java.lang.Object java.lang.reflect.Method.invoke(java.lang.Object, java.lang.Object[]) (Method.java:-2)
07-05 07:12:11.832 25709 25709 I zygote64:   at void com.android.internal.os.RuntimeInit$MethodAndArgsCaller.run() (RuntimeInit.java:438)
07-05 07:12:11.832 25709 25709 I zygote64:   at void com.android.internal.os.ZygoteInit.main(java.lang.String[]) (ZygoteInit.java:807)
07-05 07:12:11.832 25709 25709 I zygote64: 
07-05 07:12:11.833 25709 25709 I zygote64: Rejecting re-init on previously-failed class java.lang.Class<androidx.core.view.ViewCompat$2>: java.lang.NoClassDefFoundError: Failed resolution of: Landroid/view/View$OnUnhandledKeyEventListener;
07-05 07:12:11.833 25709 25709 I zygote64:   at void androidx.core.view.ViewCompat.setOnApplyWindowInsetsListener(android.view.View, androidx.core.view.OnApplyWindowInsetsListener) (ViewCompat.java:2436)
07-05 07:12:11.833 25709 25709 I zygote64:   at android.view.ViewGroup androidx.appcompat.app.AppCompatDelegateImpl.createSubDecor() (AppCompatDelegateImpl.java:779)
07-05 07:12:11.833 25709 25709 I zygote64:   at void androidx.appcompat.app.AppCompatDelegateImpl.ensureSubDecor() (AppCompatDelegateImpl.java:659)
07-05 07:12:11.833 25709 25709 I zygote64:   at void androidx.appcompat.app.AppCompatDelegateImpl.setContentView(int) (AppCompatDelegateImpl.java:552)
07-05 07:12:11.833 25709 25709 I zygote64:   at void androidx.appcompat.app.AppCompatActivity.setContentView(int) (AppCompatActivity.java:161)
07-05 07:12:11.833 25709 25709 I zygote64:   at void e.www.cpufactorialtest.MainActivity.onCreate(android.os.Bundle) (MainActivity.kt:24)
07-05 07:12:11.833 25709 25709 I zygote64:   at void android.app.Activity.performCreate(android.os.Bundle, android.os.PersistableBundle) (Activity.java:7009)
07-05 07:12:11.833 25709 25709 I zygote64:   at void android.app.Activity.performCreate(android.os.Bundle) (Activity.java:7000)
07-05 07:12:11.833 25709 25709 I zygote64:   at void android.app.Instrumentation.callActivityOnCreate(android.app.Activity, android.os.Bundle) (Instrumentation.java:1214)
07-05 07:12:11.833 25709 25709 I zygote64:   at android.app.Activity android.app.ActivityThread.performLaunchActivity(android.app.ActivityThread$ActivityClientRecord, android.content.Intent) (ActivityThread.java:2731)
07-05 07:12:11.833 25709 25709 I zygote64:   at void android.app.ActivityThread.handleLaunchActivity(android.app.ActivityThread$ActivityClientRecord, android.content.Intent, java.lang.String) (ActivityThread.java:2856)
07-05 07:12:11.833 25709 25709 I zygote64:   at void android.app.ActivityThread.-wrap11(android.app.ActivityThread, android.app.ActivityThread$ActivityClientRecord, android.content.Intent, java.lang.String) (ActivityThread.java:-1)
07-05 07:12:11.833 25709 25709 I zygote64:   at void android.app.ActivityThread$H.handleMessage(android.os.Message) (ActivityThread.java:1589)
07-05 07:12:11.833 25709 25709 I zygote64:   at void android.os.Handler.dispatchMessage(android.os.Message) (Handler.java:106)
07-05 07:12:11.833 25709 25709 I zygote64:   at void android.os.Looper.loop() (Looper.java:164)
07-05 07:12:11.833 25709 25709 I zygote64:   at void android.app.ActivityThread.main(java.lang.String[]) (ActivityThread.java:6494)
07-05 07:12:11.833 25709 25709 I zygote64:   at java.lang.Object java.lang.reflect.Method.invoke(java.lang.Object, java.lang.Object[]) (Method.java:-2)
07-05 07:12:11.833 25709 25709 I zygote64:   at void com.android.internal.os.RuntimeInit$MethodAndArgsCaller.run() (RuntimeInit.java:438)
07-05 07:12:11.833 25709 25709 I zygote64:   at void com.android.internal.os.ZygoteInit.main(java.lang.String[]) (ZygoteInit.java:807)
07-05 07:12:11.833 25709 25709 I zygote64: Caused by: java.lang.ClassNotFoundException: Didn't find class "android.view.View$OnUnhandledKeyEventListener" on path: DexPathList[[zip file "/data/app/e.www.cpufactorialtest-hzZ_W_QeSeVODzrWnipI6w==/base.apk"],nativeLibraryDirectories=[/data/app/e.www.cpufactorialtest-hzZ_W_QeSeVODzrWnipI6w==/lib/arm64, /system/lib64, /vendor/lib64]]
07-05 07:12:11.833 25709 25709 I zygote64:   at java.lang.Class dalvik.system.BaseDexClassLoader.findClass(java.lang.String) (BaseDexClassLoader.java:125)
07-05 07:12:11.833 25709 25709 I zygote64:   at java.lang.Class java.lang.ClassLoader.loadClass(java.lang.String, boolean) (ClassLoader.java:379)
07-05 07:12:11.833 25709 25709 I zygote64:   at java.lang.Class java.lang.ClassLoader.loadClass(java.lang.String) (ClassLoader.java:312)
07-05 07:12:11.833 25709 25709 I zygote64:   at void androidx.core.view.ViewCompat.setOnApplyWindowInsetsListener(android.view.View, androidx.core.view.OnApplyWindowInsetsListener) (ViewCompat.java:2436)
07-05 07:12:11.833 25709 25709 I zygote64:   at android.view.ViewGroup androidx.appcompat.app.AppCompatDelegateImpl.createSubDecor() (AppCompatDelegateImpl.java:779)
07-05 07:12:11.833 25709 25709 I zygote64:   at void androidx.appcompat.app.AppCompatDelegateImpl.ensureSubDecor() (AppCompatDelegateImpl.java:659)
07-05 07:12:11.833 25709 25709 I zygote64:   at void androidx.appcompat.app.AppCompatDelegateImpl.setContentView(int) (AppCompatDelegateImpl.java:552)
07-05 07:12:11.833 25709 25709 I zygote64:   at void androidx.appcompat.app.AppCompatActivity.setContentView(int) (AppCompatActivity.java:161)
07-05 07:12:11.833 25709 25709 I zygote64:   at void e.www.cpufactorialtest.MainActivity.onCreate(android.os.Bundle) (MainActivity.kt:24)
07-05 07:12:11.833 25709 25709 I zygote64:   at void android.app.Activity.performCreate(android.os.Bundle, android.os.PersistableBundle) (Activity.java:7009)
07-05 07:12:11.833 25709 25709 I zygote64:   at void android.app.Activity.performCreate(android.os.Bundle) (Activity.java:7000)
07-05 07:12:11.833 25709 25709 I zygote64:   at void android.app.Instrumentation.callActivityOnCreate(android.app.Activity, android.os.Bundle) (Instrumentation.java:1214)
07-05 07:12:11.833 25709 25709 I zygote64:   at android.app.Activity android.app.ActivityThread.performLaunchActivity(android.app.ActivityThread$ActivityClientRecord, android.content.Intent) (ActivityThread.java:2731)
07-05 07:12:11.833 25709 25709 I zygote64:   at void android.app.ActivityThread.handleLaunchActivity(android.app.ActivityThread$ActivityClientRecord, android.content.Intent, java.lang.String) (ActivityThread.java:2856)
07-05 07:12:11.833 25709 25709 I zygote64:   at void android.app.ActivityThread.-wrap11(android.app.ActivityThread, android.app.ActivityThread$ActivityClientRecord, android.content.Intent, java.lang.String) (ActivityThread.java:-1)
07-05 07:12:11.833 25709 25709 I zygote64:   at void android.app.ActivityThread$H.handleMessage(android.os.Message) (ActivityThread.java:1589)
07-05 07:12:11.833 25709 25709 I zygote64:   at void android.os.Handler.dispatchMessage(android.os.Message) (Handler.java:106)
07-05 07:12:11.833 25709 25709 I zygote64:   at void android.os.Looper.loop() (Looper.java:164)
07-05 07:12:11.833 25709 25709 I zygote64:   at void android.app.ActivityThread.main(java.lang.String[]) (ActivityThread.java:6494)
07-05 07:12:11.833 25709 25709 I zygote64:   at java.lang.Object java.lang.reflect.Method.invoke(java.lang.Object, java.lang.Object[]) (Method.java:-2)
07-05 07:12:11.833 25709 25709 I zygote64:   at void com.android.internal.os.RuntimeInit$MethodAndArgsCaller.run() (RuntimeInit.java:438)
07-05 07:12:11.833 25709 25709 I zygote64:   at void com.android.internal.os.ZygoteInit.main(java.lang.String[]) (ZygoteInit.java:807)
07-05 07:12:11.833 25709 25709 I zygote64: 
07-05 07:12:11.888 25709 25726 D OpenGLRenderer: HWUI GL Pipeline
07-05 07:12:12.119 25709 25726 I Adreno  : QUALCOMM build                   : 8e59954, I0be83d0d26
07-05 07:12:12.119 25709 25726 I Adreno  : Build Date                       : 09/22/17
07-05 07:12:12.119 25709 25726 I Adreno  : OpenGL ES Shader Compiler Version: EV031.21.02.00
07-05 07:12:12.119 25709 25726 I Adreno  : Local Branch                     : O17A
07-05 07:12:12.119 25709 25726 I Adreno  : Remote Branch                    : 
07-05 07:12:12.119 25709 25726 I Adreno  : Remote Branch                    : 
07-05 07:12:12.119 25709 25726 I Adreno  : Reconstruct Branch               : 
07-05 07:12:12.119 25709 25726 D vndksupport: Loading /vendor/lib64/hw/gralloc.msm8992.so from current namespace instead of sphal namespace.
07-05 07:12:12.128 25709 25726 I Adreno  : PFP: 0x00000000, ME: 0x00000000
07-05 07:12:12.133   362   362 W /system/bin/hwservicemanager: getTransport: Cannot find entry android.hardware.configstore@1.0::ISurfaceFlingerConfigs/default in either framework or device manifest.
07-05 07:12:12.134 25709 25726 I zygote64: android::hardware::configstore::V1_0::ISurfaceFlingerConfigs::hasWideColorDisplay retrieved: 0
07-05 07:12:12.136 25709 25726 I OpenGLRenderer: Initialized EGL, version 1.4
07-05 07:12:12.136 25709 25726 D OpenGLRenderer: Swap behavior 2
07-05 07:12:12.138  1019  1019 I GoogleInputMethodService: GoogleInputMethodService.onFinishInput():3306 
07-05 07:12:12.141  1019  1019 I GoogleInputMethodService: GoogleInputMethodService.updateDeviceLockedStatus():2127 repeatCheckTimes = 0, locked = false
07-05 07:12:12.141  1019  1019 I GoogleInputMethodService: GoogleInputMethodService.onStartInput():1909 onStartInput(EditorInfo{inputType=0x0(NULL) imeOptions=0x0 privateImeOptions=null actionName=UNSPECIFIED actionLabel=null actionId=0 initialSelStart=-1 initialSelEnd=-1 initialCapsMode=0x0 hintText=null label=null packageName=e.www.cpufactorialtest fieldId=-1 fieldName=null extras=null hintLocales=[]}, false)
07-05 07:12:12.142  1019  1019 I GoogleInputMethodService: GoogleInputMethodService.shouldHideHeaderOnInitialState():1990 ShouldHideHeaderOnInitialState = false
07-05 07:12:12.143  1019  1019 I GoogleInputMethodService: GoogleInputMethodService.updateDeviceLockedStatus():2127 repeatCheckTimes = 1, locked = false
07-05 07:12:12.150   362   362 W /system/bin/hwservicemanager: getTransport: Cannot find entry android.hardware.graphics.mapper@2.0::IMapper/default in either framework or device manifest.
07-05 07:12:12.151 25709 25726 D vndksupport: Loading /vendor/lib64/hw/android.hardware.graphics.mapper@2.0-impl.so from current namespace instead of sphal namespace.
07-05 07:12:12.152 25709 25726 D vndksupport: Loading /vendor/lib64/hw/gralloc.msm8992.so from current namespace instead of sphal namespace.
07-05 07:12:12.178   767   792 I ActivityManager: Displayed e.www.cpufactorialtest/.MainActivity: +578ms (total +1s330ms)
07-05 07:12:12.428  3105  3105 I A       : GEL#onSaveInstanceState
07-05 07:12:12.693   767  6676 I OpenGLRenderer: Initialized EGL, version 1.4
07-05 07:12:12.693   767  6676 D OpenGLRenderer: Swap behavior 2
07-05 07:12:13.221 25678 25678 I BatteryMgr:DataCollectionService: onStartCommand: begin
07-05 07:12:13.222 25678 25678 I BatteryMgr:DataCollectionService: onStartCommand: sampleRate => 10
07-05 07:12:13.222 25678 25678 I BatteryMgr:DataCollectionService: onStartCommand: rawFields => Timestamp,BATTERY_PROPERTY_CURRENT_NOW,EXTRA_VOLTAGE
07-05 07:12:13.226 25678 25678 I BatteryMgr:DataCollectionService: onStartCommand: notification done
07-05 07:12:13.231 25678 25678 I BatteryMgr:DataCollectionService: started foreground
07-05 07:12:13.232   767   782 E NotificationService: Suppressing notification from package by user request.
07-05 07:12:13.245 25678 25749 I BatteryMgr:DataCollectionService: collectData: begin
07-05 07:12:13.250 25678 25749 I BatteryMgr:DataCollectionService: stats => 1688555533250,-98571,4261
07-05 07:12:13.267 25678 25749 I BatteryMgr:DataCollectionService: stats => 1688555533267,-98571,4261
07-05 07:12:13.282 25678 25749 I BatteryMgr:DataCollectionService: stats => 1688555533282,-98571,4261
07-05 07:12:13.299 25678 25749 I BatteryMgr:DataCollectionService: stats => 1688555533299,-98571,4261
07-05 07:12:13.316 25678 25749 I BatteryMgr:DataCollectionService: stats => 1688555533316,-98571,4261
07-05 07:12:13.334 25678 25749 I BatteryMgr:DataCollectionService: stats => 1688555533334,-98571,4261
07-05 07:12:13.352 25678 25749 I BatteryMgr:DataCollectionService: stats => 1688555533352,-98571,4261
07-05 07:12:13.369 25678 25749 I BatteryMgr:DataCollectionService: stats => 1688555533369,-98571,4261
07-05 07:12:13.385 25678 25749 I BatteryMgr:DataCollectionService: stats => 1688555533385,-98571,4261
07-05 07:12:13.401 25678 25749 I BatteryMgr:DataCollectionService: stats => 1688555533401,-98571,4261
07-05 07:12:13.416 25678 25749 I BatteryMgr:DataCollectionService: stats => 1688555533416,-98571,4261
07-05 07:12:13.433 25678 25749 I BatteryMgr:DataCollectionService: stats => 1688555533433,-98571,4261
07-05 07:12:13.450 25678 25749 I BatteryMgr:DataCollectionService: stats => 1688555533450,-98571,4261
07-05 07:12:13.473 25678 25749 I BatteryMgr:DataCollectionService: stats => 1688555533473,-98571,4261
07-05 07:12:13.496 25678 25749 I BatteryMgr:DataCollectionService: stats => 1688555533495,-98571,4261
07-05 07:12:13.519 25678 25749 I BatteryMgr:DataCollectionService: stats => 1688555533518,-98571,4261
07-05 07:12:13.545 25678 25749 I BatteryMgr:DataCollectionService: stats => 1688555533545,-98571,4261
07-05 07:12:13.572 25678 25749 I BatteryMgr:DataCollectionService: stats => 1688555533572,-98571,4261
07-05 07:12:13.600 25678 25749 I BatteryMgr:DataCollectionService: stats => 1688555533599,-98571,4261
07-05 07:12:13.629 25678 25749 I BatteryMgr:DataCollectionService: stats => 1688555533628,-98571,4261
07-05 07:12:13.656 25678 25749 I BatteryMgr:DataCollectionService: stats => 1688555533656,-98571,4261
07-05 07:12:13.685 25678 25749 I BatteryMgr:DataCollectionService: stats => 1688555533684,-98571,4261
07-05 07:12:13.712 25678 25749 I BatteryMgr:DataCollectionService: stats => 1688555533711,-98571,4261
07-05 07:12:13.738 25678 25749 I BatteryMgr:DataCollectionService: stats => 1688555533738,-98571,4261
07-05 07:12:13.768 25678 25749 I BatteryMgr:DataCollectionService: stats => 1688555533767,-98571,4261
07-05 07:12:13.795 25678 25749 I BatteryMgr:DataCollectionService: stats => 1688555533794,-98571,4261
07-05 07:12:13.821 25678 25749 I BatteryMgr:DataCollectionService: stats => 1688555533821,-98571,4261
07-05 07:12:13.850 25678 25749 I BatteryMgr:DataCollectionService: stats => 1688555533849,-98571,4261
07-05 07:12:13.879 25678 25749 I BatteryMgr:DataCollectionService: stats => 1688555533879,-98571,4261
07-05 07:12:13.905 25678 25749 I BatteryMgr:DataCollectionService: stats => 1688555533905,-98571,4261
07-05 07:12:13.930 25678 25749 I BatteryMgr:DataCollectionService: stats => 1688555533929,-98571,4261
07-05 07:12:13.955 25678 25749 I BatteryMgr:DataCollectionService: stats => 1688555533955,-98571,4261
07-05 07:12:13.981 25678 25749 I BatteryMgr:DataCollectionService: stats => 1688555533981,-98571,4261
07-05 07:12:14.009 25678 25749 I BatteryMgr:DataCollectionService: stats => 1688555534009,-98571,4261
07-05 07:12:14.038 25678 25749 I BatteryMgr:DataCollectionService: stats => 1688555534037,-98571,4261
07-05 07:12:14.065 25678 25749 I BatteryMgr:DataCollectionService: stats => 1688555534064,-98571,4261
07-05 07:12:14.096 25678 25749 I BatteryMgr:DataCollectionService: stats => 1688555534095,-98571,4261
07-05 07:12:14.120 25678 25749 I BatteryMgr:DataCollectionService: stats => 1688555534120,-98571,4261
07-05 07:12:14.143 25678 25749 I BatteryMgr:DataCollectionService: stats => 1688555534143,-98571,4261
07-05 07:12:14.166 25678 25749 I BatteryMgr:DataCollectionService: stats => 1688555534166,-98571,4261
07-05 07:12:14.189 25678 25749 I BatteryMgr:DataCollectionService: stats => 1688555534188,-98571,4261
07-05 07:12:14.214 25678 25749 I BatteryMgr:DataCollectionService: stats => 1688555534213,-98571,4261
07-05 07:12:14.240 25678 25749 I BatteryMgr:DataCollectionService: stats => 1688555534239,-98571,4261
07-05 07:12:14.266 25678 25749 I BatteryMgr:DataCollectionService: stats => 1688555534266,-98571,4261
07-05 07:12:14.294 25678 25749 I BatteryMgr:DataCollectionService: stats => 1688555534293,-98571,4261
07-05 07:12:14.316 25678 25749 I BatteryMgr:DataCollectionService: stats => 1688555534316,-98571,4261
07-05 07:12:14.342 25678 25749 I BatteryMgr:DataCollectionService: stats => 1688555534342,-98571,4261
07-05 07:12:14.369 25678 25749 I BatteryMgr:DataCollectionService: stats => 1688555534368,-98571,4261
07-05 07:12:14.395 25678 25749 I BatteryMgr:DataCollectionService: stats => 1688555534395,-98571,4261
07-05 07:12:14.421 25678 25749 I BatteryMgr:DataCollectionService: stats => 1688555534420,-98571,4261
07-05 07:12:14.445 25678 25749 I BatteryMgr:DataCollectionService: stats => 1688555534445,-98571,4261
07-05 07:12:14.469 25678 25749 I BatteryMgr:DataCollectionService: stats => 1688555534468,-98571,4261
07-05 07:12:14.494 25678 25749 I BatteryMgr:DataCollectionService: stats => 1688555534494,-98571,4261
07-05 07:12:14.518 25678 25749 I BatteryMgr:DataCollectionService: stats => 1688555534518,-98571,4261
07-05 07:12:14.544 25678 25749 I BatteryMgr:DataCollectionService: stats => 1688555534543,-98571,4261
07-05 07:12:14.569 25678 25749 I BatteryMgr:DataCollectionService: stats => 1688555534569,-98571,4261
07-05 07:12:14.596 25678 25749 I BatteryMgr:DataCollectionService: stats => 1688555534595,-98571,4261
07-05 07:12:14.621 25678 25749 I BatteryMgr:DataCollectionService: stats => 1688555534620,-98571,4261
07-05 07:12:14.647 25678 25749 I BatteryMgr:DataCollectionService: stats => 1688555534646,-98571,4261
07-05 07:12:14.675 25678 25749 I BatteryMgr:DataCollectionService: stats => 1688555534675,-98571,4261
07-05 07:12:14.686  1723  5991 I NearbyDiscovery: (REDACTED) FastPairCache: Not triggering, because RSSI %d is below the threshold of %d, %s, isScannedByOffloadScanner=%b
07-05 07:12:14.697 25678 25749 I BatteryMgr:DataCollectionService: stats => 1688555534697,-98571,4261
07-05 07:12:14.719 25678 25749 I BatteryMgr:DataCollectionService: stats => 1688555534719,-98571,4261
07-05 07:12:14.746 25678 25749 I BatteryMgr:DataCollectionService: stats => 1688555534746,-98571,4261
07-05 07:12:14.771 25678 25749 I BatteryMgr:DataCollectionService: stats => 1688555534770,-98571,4261
07-05 07:12:14.796 25678 25749 I BatteryMgr:DataCollectionService: stats => 1688555534795,-98571,4261
07-05 07:12:14.821 25678 25749 I BatteryMgr:DataCollectionService: stats => 1688555534821,-98571,4261
07-05 07:12:14.846 25678 25749 I BatteryMgr:DataCollectionService: stats => 1688555534846,-98571,4261
07-05 07:12:14.870 25678 25749 I BatteryMgr:DataCollectionService: stats => 1688555534870,-98571,4261
07-05 07:12:14.896 25678 25749 I BatteryMgr:DataCollectionService: stats => 1688555534896,-98571,4261
07-05 07:12:14.923 25678 25749 I BatteryMgr:DataCollectionService: stats => 1688555534922,-98571,4261
07-05 07:12:14.942 25678 25749 I BatteryMgr:DataCollectionService: stats => 1688555534941,-98571,4261
07-05 07:12:14.959 25678 25749 I BatteryMgr:DataCollectionService: stats => 1688555534959,-98571,4261
07-05 07:12:14.981 25678 25749 I BatteryMgr:DataCollectionService: stats => 1688555534981,-98571,4261
07-05 07:12:15.001 25678 25749 I BatteryMgr:DataCollectionService: stats => 1688555535001,-98571,4261
07-05 07:12:15.024 25678 25749 I BatteryMgr:DataCollectionService: stats => 1688555535024,-98571,4261
07-05 07:12:15.049 25678 25749 I BatteryMgr:DataCollectionService: stats => 1688555535049,-98571,4261
07-05 07:12:15.074 25678 25749 I BatteryMgr:DataCollectionService: stats => 1688555535073,-98571,4261
07-05 07:12:15.100 25678 25749 I BatteryMgr:DataCollectionService: stats => 1688555535100,-98571,4261
07-05 07:12:15.125 25678 25749 I BatteryMgr:DataCollectionService: stats => 1688555535125,-98571,4261
07-05 07:12:15.146 25678 25749 I BatteryMgr:DataCollectionService: stats => 1688555535146,-98571,4261
07-05 07:12:15.163 25678 25749 I BatteryMgr:DataCollectionService: stats => 1688555535163,-98571,4261
07-05 07:12:15.180 25678 25749 I BatteryMgr:DataCollectionService: stats => 1688555535179,-98571,4261
07-05 07:12:15.196 25678 25749 I BatteryMgr:DataCollectionService: stats => 1688555535196,-98571,4261
07-05 07:12:15.214 25678 25749 I BatteryMgr:DataCollectionService: stats => 1688555535213,-98571,4261
07-05 07:12:15.230 25678 25749 I BatteryMgr:DataCollectionService: stats => 1688555535229,-98571,4261
07-05 07:12:15.248 25678 25749 I BatteryMgr:DataCollectionService: stats => 1688555535248,-98571,4261
07-05 07:12:15.267 25678 25749 I BatteryMgr:DataCollectionService: stats => 1688555535267,-98571,4261
07-05 07:12:15.281 25678 25749 I BatteryMgr:DataCollectionService: stats => 1688555535281,-98571,4261
07-05 07:12:15.295 25678 25749 I BatteryMgr:DataCollectionService: stats => 1688555535295,-98571,4261
07-05 07:12:15.309 25678 25749 I BatteryMgr:DataCollectionService: stats => 1688555535309,-98571,4261
07-05 07:12:15.327 25678 25749 I BatteryMgr:DataCollectionService: stats => 1688555535326,-98571,4261
07-05 07:12:15.344 25678 25749 I BatteryMgr:DataCollectionService: stats => 1688555535344,-98571,4261
07-05 07:12:15.361 25678 25749 I BatteryMgr:DataCollectionService: stats => 1688555535361,-98571,4261
07-05 07:12:15.381 25678 25749 I BatteryMgr:DataCollectionService: stats => 1688555535381,-98571,4261
07-05 07:12:15.403 25678 25749 I BatteryMgr:DataCollectionService: stats => 1688555535402,-98571,4261
07-05 07:12:15.423 25678 25749 I BatteryMgr:DataCollectionService: stats => 1688555535422,-98571,4261
07-05 07:12:15.445 25678 25749 I BatteryMgr:DataCollectionService: stats => 1688555535444,-98571,4261
07-05 07:12:15.465 25678 25749 I BatteryMgr:DataCollectionService: stats => 1688555535465,-98571,4261
07-05 07:12:15.486 25678 25749 I BatteryMgr:DataCollectionService: stats => 1688555535485,-98571,4261
07-05 07:12:15.508 25678 25749 I BatteryMgr:DataCollectionService: stats => 1688555535506,-98571,4261
07-05 07:12:15.528 25678 25749 I BatteryMgr:DataCollectionService: stats => 1688555535527,-98571,4261
07-05 07:12:15.548 25678 25749 I BatteryMgr:DataCollectionService: stats => 1688555535548,-98571,4261
07-05 07:12:15.570 25678 25749 I BatteryMgr:DataCollectionService: stats => 1688555535570,-98571,4261
07-05 07:12:15.592 25678 25749 I BatteryMgr:DataCollectionService: stats => 1688555535591,-98571,4261
07-05 07:12:15.613 25678 25749 I BatteryMgr:DataCollectionService: stats => 1688555535613,-98571,4261
07-05 07:12:15.635 25678 25749 I BatteryMgr:DataCollectionService: stats => 1688555535635,-98571,4261
07-05 07:12:15.657 25678 25749 I BatteryMgr:DataCollectionService: stats => 1688555535657,-98571,4261
07-05 07:12:15.681 25678 25749 I BatteryMgr:DataCollectionService: stats => 1688555535681,-98571,4261
07-05 07:12:15.703 25678 25749 I BatteryMgr:DataCollectionService: stats => 1688555535703,-98571,4261
07-05 07:12:15.722 25678 25749 I BatteryMgr:DataCollectionService: stats => 1688555535722,-98571,4261
07-05 07:12:15.744 25678 25749 I BatteryMgr:DataCollectionService: stats => 1688555535744,-98571,4261
07-05 07:12:15.765 25678 25749 I BatteryMgr:DataCollectionService: stats => 1688555535764,-98571,4261
07-05 07:12:15.785 25678 25749 I BatteryMgr:DataCollectionService: stats => 1688555535785,-98571,4261
07-05 07:12:15.807 25678 25749 I BatteryMgr:DataCollectionService: stats => 1688555535807,-98571,4261
07-05 07:12:15.828 25678 25749 I BatteryMgr:DataCollectionService: stats => 1688555535828,-98571,4261
07-05 07:12:15.851 25678 25749 I BatteryMgr:DataCollectionService: stats => 1688555535851,-98571,4261
07-05 07:12:15.872 25678 25749 I BatteryMgr:DataCollectionService: stats => 1688555535872,-98571,4261
07-05 07:12:15.899 25678 25749 I BatteryMgr:DataCollectionService: stats => 1688555535898,-98571,4261
07-05 07:12:15.915 25678 25749 I BatteryMgr:DataCollectionService: stats => 1688555535915,-98571,4261
07-05 07:12:15.934 25678 25749 I BatteryMgr:DataCollectionService: stats => 1688555535933,-98571,4261
07-05 07:12:15.951 25678 25749 I BatteryMgr:DataCollectionService: stats => 1688555535951,-98571,4261
07-05 07:12:15.975 25678 25749 I BatteryMgr:DataCollectionService: stats => 1688555535975,-98571,4261
07-05 07:12:15.995 25678 25749 I BatteryMgr:DataCollectionService: stats => 1688555535995,-98571,4261
07-05 07:12:16.016 25678 25749 I BatteryMgr:DataCollectionService: stats => 1688555536016,-98571,4261
07-05 07:12:16.036 25678 25749 I BatteryMgr:DataCollectionService: stats => 1688555536036,-98571,4261
07-05 07:12:16.057 25678 25749 I BatteryMgr:DataCollectionService: stats => 1688555536057,-98571,4261
07-05 07:12:16.077 25678 25749 I BatteryMgr:DataCollectionService: stats => 1688555536077,-98571,4261
07-05 07:12:16.097 25678 25749 I BatteryMgr:DataCollectionService: stats => 1688555536096,-98571,4261
07-05 07:12:16.119 25678 25749 I BatteryMgr:DataCollectionService: stats => 1688555536119,-98571,4261
07-05 07:12:16.141 25678 25685 I zygote64: Do partial code cache collection, code=60KB, data=44KB
07-05 07:12:16.142 25678 25685 I zygote64: After code cache collection, code=60KB, data=44KB
07-05 07:12:16.142 25678 25685 I zygote64: Increasing code cache capacity to 256KB
07-05 07:12:16.145 25678 25749 I BatteryMgr:DataCollectionService: stats => 1688555536145,-98571,4261
07-05 07:12:16.169 25678 25749 I BatteryMgr:DataCollectionService: stats => 1688555536168,-98571,4261
07-05 07:12:16.192 25678 25749 I BatteryMgr:DataCollectionService: stats => 1688555536192,-98571,4261
07-05 07:12:16.213 25678 25749 I BatteryMgr:DataCollectionService: stats => 1688555536213,-98571,4261
07-05 07:12:16.236 25678 25749 I BatteryMgr:DataCollectionService: stats => 1688555536236,-98571,4261
07-05 07:12:16.263 25678 25749 I BatteryMgr:DataCollectionService: stats => 1688555536262,-98571,4261
07-05 07:12:16.287 25678 25749 I BatteryMgr:DataCollectionService: stats => 1688555536286,-98571,4261
07-05 07:12:16.312 25678 25749 I BatteryMgr:DataCollectionService: stats => 1688555536312,-98571,4261
07-05 07:12:16.336 25678 25749 I BatteryMgr:DataCollectionService: stats => 1688555536335,-98571,4261
07-05 07:12:16.360 25678 25749 I BatteryMgr:DataCollectionService: stats => 1688555536360,-98571,4261
07-05 07:12:16.390 25678 25749 I BatteryMgr:DataCollectionService: stats => 1688555536390,-98571,4261
07-05 07:12:16.416 25678 25749 I BatteryMgr:DataCollectionService: stats => 1688555536416,-98571,4261
07-05 07:12:16.443 25678 25749 I BatteryMgr:DataCollectionService: stats => 1688555536443,-98571,4261
07-05 07:12:16.469 25678 25749 I BatteryMgr:DataCollectionService: stats => 1688555536468,-98571,4261
07-05 07:12:16.495 25678 25749 I BatteryMgr:DataCollectionService: stats => 1688555536495,-98571,4261
07-05 07:12:16.519 25678 25749 I BatteryMgr:DataCollectionService: stats => 1688555536518,-98571,4261
07-05 07:12:16.543 25678 25749 I BatteryMgr:DataCollectionService: stats => 1688555536542,-98571,4261
07-05 07:12:16.569 25678 25749 I BatteryMgr:DataCollectionService: stats => 1688555536569,-98571,4261
07-05 07:12:16.593 25678 25749 I BatteryMgr:DataCollectionService: stats => 1688555536593,-98571,4261
07-05 07:12:16.620 25678 25749 I BatteryMgr:DataCollectionService: stats => 1688555536620,-98571,4261
07-05 07:12:16.645 25678 25749 I BatteryMgr:DataCollectionService: stats => 1688555536645,-98571,4261
07-05 07:12:16.671 25678 25749 I BatteryMgr:DataCollectionService: stats => 1688555536670,-98571,4261
07-05 07:12:16.697 25678 25749 I BatteryMgr:DataCollectionService: stats => 1688555536696,-98571,4261
07-05 07:12:16.723 25678 25749 I BatteryMgr:DataCollectionService: stats => 1688555536723,-98571,4261
07-05 07:12:16.749 25678 25749 I BatteryMgr:DataCollectionService: stats => 1688555536749,-98571,4261
07-05 07:12:16.774 25678 25749 I BatteryMgr:DataCollectionService: stats => 1688555536773,-98571,4261
07-05 07:12:16.795 25678 25749 I BatteryMgr:DataCollectionService: stats => 1688555536795,-98571,4261
07-05 07:12:16.819 25678 25749 I BatteryMgr:DataCollectionService: stats => 1688555536819,-98571,4261
07-05 07:12:16.846 25678 25749 I BatteryMgr:DataCollectionService: stats => 1688555536845,-98571,4261
07-05 07:12:16.870 25678 25749 I BatteryMgr:DataCollectionService: stats => 1688555536869,-98571,4261
07-05 07:12:16.896 25678 25749 I BatteryMgr:DataCollectionService: stats => 1688555536895,-98571,4261
07-05 07:12:16.920 25678 25749 I BatteryMgr:DataCollectionService: stats => 1688555536919,-98571,4261
07-05 07:12:16.943 25678 25749 I BatteryMgr:DataCollectionService: stats => 1688555536943,-98571,4261
07-05 07:12:16.973 25678 25749 I BatteryMgr:DataCollectionService: stats => 1688555536972,-98571,4261
07-05 07:12:16.984 25678 25758 D ProfileInstaller: Installing profile for com.example.batterymanager_utility
07-05 07:12:17.000 25678 25749 I BatteryMgr:DataCollectionService: stats => 1688555537000,-98571,4261
