06-12 22:51:29.215 18214 18325 I BatteryMgr:DataCollectionService: stats => 1686603089214,255000,4126
06-12 22:51:29.334 18214 18325 I BatteryMgr:DataCollectionService: stats => 1686603089334,195937,4126
06-12 22:51:29.456 18214 18325 I BatteryMgr:DataCollectionService: stats => 1686603089455,195937,4126
06-12 22:51:29.569 18214 18325 I BatteryMgr:DataCollectionService: stats => 1686603089569,195937,4126
06-12 22:51:29.678 18214 18325 I BatteryMgr:DataCollectionService: stats => 1686603089678,265312,4126
06-12 22:51:29.723  1917  2394 D ConnectivityService: NetReassign [no changes] [c 1] [a 0] [i 5]
06-12 22:51:29.789 18214 18325 I BatteryMgr:DataCollectionService: stats => 1686603089789,265312,4126
06-12 22:51:29.902 18214 18325 I BatteryMgr:DataCollectionService: stats => 1686603089902,265312,4126
06-12 22:51:30.018 18214 18325 I BatteryMgr:DataCollectionService: stats => 1686603090018,205000,4126
06-12 22:51:30.137 18214 18325 I BatteryMgr:DataCollectionService: stats => 1686603090136,205000,4126
06-12 22:51:30.248 18214 18325 I BatteryMgr:DataCollectionService: stats => 1686603090248,205000,4126
06-12 22:51:30.365 18214 18325 I BatteryMgr:DataCollectionService: stats => 1686603090365,229375,4126
06-12 22:51:30.481 18214 18325 I BatteryMgr:DataCollectionService: stats => 1686603090480,229375,4126
06-12 22:51:30.594 18214 18325 I BatteryMgr:DataCollectionService: stats => 1686603090594,229375,4126
06-12 22:51:30.707 18214 18325 I BatteryMgr:DataCollectionService: stats => 1686603090707,239375,4126
06-12 22:51:30.817 18214 18325 I BatteryMgr:DataCollectionService: stats => 1686603090816,239375,4126
06-12 22:51:30.934 18214 18325 I BatteryMgr:DataCollectionService: stats => 1686603090934,239375,4126
06-12 22:51:31.024  1323  1402 D VSC     : @ 286909.669: [WO] Proposed rotation: 4, flat angle threshold: 65
06-12 22:51:31.024  1323  1402 D VSC     : @ 286909.670: [WO] orientation angle 317, orientation 4
06-12 22:51:31.024  1323  1402 D VSC     : @ 286909.670: [WO] Gyro angle integrated: 0.012043
06-12 22:51:31.053 18214 18325 I BatteryMgr:DataCollectionService: stats => 1686603091053,175312,4126
06-12 22:51:31.171 18214 18325 I BatteryMgr:DataCollectionService: stats => 1686603091171,175312,4126
06-12 22:51:31.289 18214 18325 I BatteryMgr:DataCollectionService: stats => 1686603091289,175312,4126
06-12 22:51:31.403 18214 18325 I BatteryMgr:DataCollectionService: stats => 1686603091403,236250,4126
06-12 22:51:31.515 18214 18325 I BatteryMgr:DataCollectionService: stats => 1686603091515,236250,4126
06-12 22:51:31.632 18214 18325 I BatteryMgr:DataCollectionService: stats => 1686603091632,236250,4126
06-12 22:51:31.746 18214 18325 I BatteryMgr:DataCollectionService: stats => 1686603091746,154375,4126
06-12 22:51:31.859 18214 18325 I BatteryMgr:DataCollectionService: stats => 1686603091859,154375,4126
06-12 22:51:31.973 18214 18325 I BatteryMgr:DataCollectionService: stats => 1686603091972,154375,4126
06-12 22:51:32.086 18214 18325 I BatteryMgr:DataCollectionService: stats => 1686603092086,178750,4126
06-12 22:51:32.202 18214 18325 I BatteryMgr:DataCollectionService: stats => 1686603092202,178750,4126
06-12 22:51:32.321 18214 18325 I BatteryMgr:DataCollectionService: stats => 1686603092321,178750,4126
06-12 22:51:32.439 18214 18325 I BatteryMgr:DataCollectionService: stats => 1686603092439,165312,4126
06-12 22:51:32.558 18214 18325 I BatteryMgr:DataCollectionService: stats => 1686603092557,165312,4126
06-12 22:51:32.676 18214 18325 I BatteryMgr:DataCollectionService: stats => 1686603092676,165312,4126
06-12 22:51:32.766  1917  2394 D ConnectivityService: NetReassign [no changes] [c 1] [a 0] [i 4]
06-12 22:51:32.799 18214 18325 I BatteryMgr:DataCollectionService: stats => 1686603092799,195937,4126
06-12 22:51:32.866 20540 20574 I PhenotypeProcessReaper: Memory state is: 125
06-12 22:51:32.915 18214 18325 I BatteryMgr:DataCollectionService: stats => 1686603092915,195937,4126
06-12 22:51:33.020  1323  1402 D VSC     : @ 286911.669: [WO] Proposed rotation: 4, flat angle threshold: 65
06-12 22:51:33.020  1323  1402 D VSC     : @ 286911.669: [WO] orientation angle 317, orientation 4
06-12 22:51:33.020  1323  1402 D VSC     : @ 286911.669: [WO] Gyro angle integrated: 0.150968
06-12 22:51:33.027 18214 18325 I BatteryMgr:DataCollectionService: stats => 1686603093027,195937,4126
06-12 22:51:33.144 18214 18325 I BatteryMgr:DataCollectionService: stats => 1686603093144,232500,4126
06-12 22:51:33.263 18214 18325 I BatteryMgr:DataCollectionService: stats => 1686603093263,232500,4126
06-12 22:51:33.382 18214 18325 I BatteryMgr:DataCollectionService: stats => 1686603093382,232500,4126
06-12 22:51:33.499 18214 18325 I BatteryMgr:DataCollectionService: stats => 1686603093499,181562,4126
06-12 22:51:33.608 18214 18325 I BatteryMgr:DataCollectionService: stats => 1686603093608,181562,4126
06-12 22:51:33.726 18214 18325 I BatteryMgr:DataCollectionService: stats => 1686603093725,181562,4126
06-12 22:51:33.842 18214 18325 I BatteryMgr:DataCollectionService: stats => 1686603093842,245625,4126
06-12 22:51:33.953 18214 18325 I BatteryMgr:DataCollectionService: stats => 1686603093953,245625,4126
06-12 22:51:34.066 18214 18325 I BatteryMgr:DataCollectionService: stats => 1686603094066,245625,4126
06-12 22:51:34.182 18214 18325 I BatteryMgr:DataCollectionService: stats => 1686603094182,246250,4126
06-12 22:51:34.293 18214 18325 I BatteryMgr:DataCollectionService: stats => 1686603094293,246250,4126
06-12 22:51:34.407 18214 18325 I BatteryMgr:DataCollectionService: stats => 1686603094406,246250,4126
06-12 22:51:34.522 18214 18325 I BatteryMgr:DataCollectionService: stats => 1686603094522,181562,4126
06-12 22:51:34.642 18214 18325 I BatteryMgr:DataCollectionService: stats => 1686603094642,181562,4126
06-12 22:51:34.755 18214 18325 I BatteryMgr:DataCollectionService: stats => 1686603094754,181562,4126
06-12 22:51:34.873 18214 18325 I BatteryMgr:DataCollectionService: stats => 1686603094872,196875,4126
06-12 22:51:34.988 18214 18325 I BatteryMgr:DataCollectionService: stats => 1686603094988,196875,4126
06-12 22:51:35.024  1323  1402 D VSC     : @ 286913.669: [WO] Proposed rotation: 4, flat angle threshold: 65
06-12 22:51:35.024  1323  1402 D VSC     : @ 286913.670: [WO] orientation angle 317, orientation 4
06-12 22:51:35.024  1323  1402 D VSC     : @ 286913.670: [WO] Gyro angle integrated: 0.211683
06-12 22:51:35.096 18214 18325 I BatteryMgr:DataCollectionService: stats => 1686603095096,196875,4126
06-12 22:51:35.208 18214 18325 I BatteryMgr:DataCollectionService: stats => 1686603095208,232187,4126
06-12 22:51:35.324 18214 18325 I BatteryMgr:DataCollectionService: stats => 1686603095324,232187,4126
06-12 22:51:35.437 18214 18325 I BatteryMgr:DataCollectionService: stats => 1686603095436,232187,4126
06-12 22:51:35.556 18214 18325 I BatteryMgr:DataCollectionService: stats => 1686603095556,194375,4126
06-12 22:51:35.670 18214 18325 I BatteryMgr:DataCollectionService: stats => 1686603095669,194375,4126
06-12 22:51:35.777 18214 18325 I BatteryMgr:DataCollectionService: stats => 1686603095777,194375,4126
06-12 22:51:35.807  1917  2394 D ConnectivityService: NetReassign [no changes] [c 1] [a 0] [i 3]
06-12 22:51:35.894 18214 18325 I BatteryMgr:DataCollectionService: stats => 1686603095894,176875,4126
06-12 22:51:36.011 18214 18325 I BatteryMgr:DataCollectionService: stats => 1686603096011,176875,4126
06-12 22:51:36.122 18214 18325 I BatteryMgr:DataCollectionService: stats => 1686603096121,176875,4126
06-12 22:51:36.233 18214 18325 I BatteryMgr:DataCollectionService: stats => 1686603096233,176875,4126
06-12 22:51:36.349 18214 18325 I BatteryMgr:DataCollectionService: stats => 1686603096349,210937,4126
06-12 22:51:36.458 18214 18325 I BatteryMgr:DataCollectionService: stats => 1686603096458,210937,4126
06-12 22:51:36.570 18214 18325 I BatteryMgr:DataCollectionService: stats => 1686603096570,210937,4126
06-12 22:51:36.688 18214 18325 I BatteryMgr:DataCollectionService: stats => 1686603096688,210000,4126
06-12 22:51:36.807 18214 18325 I BatteryMgr:DataCollectionService: stats => 1686603096807,210000,4126
06-12 22:51:36.926 18214 18325 I BatteryMgr:DataCollectionService: stats => 1686603096926,210000,4126
06-12 22:51:37.024  1323  1402 D VSC     : @ 286915.669: [WO] Proposed rotation: 4, flat angle threshold: 65
06-12 22:51:37.024  1323  1402 D VSC     : @ 286915.669: [WO] orientation angle 317, orientation 4
06-12 22:51:37.024  1323  1402 D VSC     : @ 286915.669: [WO] Gyro angle integrated: 0.122151
06-12 22:51:37.035 18214 18325 I BatteryMgr:DataCollectionService: stats => 1686603097035,243437,4126
06-12 22:51:37.153 18214 18325 I BatteryMgr:DataCollectionService: stats => 1686603097153,243437,4126
06-12 22:51:37.272 18214 18325 I BatteryMgr:DataCollectionService: stats => 1686603097272,243437,4126
06-12 22:51:37.390 18214 18325 I BatteryMgr:DataCollectionService: stats => 1686603097390,251875,4126
06-12 22:51:37.504 18214 18325 I BatteryMgr:DataCollectionService: stats => 1686603097504,251875,4126
06-12 22:51:37.623 18214 18325 I BatteryMgr:DataCollectionService: stats => 1686603097623,251875,4126
06-12 22:51:37.738 18214 18325 I BatteryMgr:DataCollectionService: stats => 1686603097738,299375,4126
06-12 22:51:37.858 18214 18325 I BatteryMgr:DataCollectionService: stats => 1686603097858,299375,4126
06-12 22:51:37.967 18214 18325 I BatteryMgr:DataCollectionService: stats => 1686603097967,299375,4126
06-12 22:51:38.082 18214 18325 I BatteryMgr:DataCollectionService: stats => 1686603098082,332500,4126
06-12 22:51:38.201 18214 18325 I BatteryMgr:DataCollectionService: stats => 1686603098200,332500,4126
06-12 22:51:38.319 18214 18325 I BatteryMgr:DataCollectionService: stats => 1686603098319,332500,4126
06-12 22:51:38.435 18214 18325 I BatteryMgr:DataCollectionService: stats => 1686603098435,200000,4126
06-12 22:51:38.554 18214 18325 I BatteryMgr:DataCollectionService: stats => 1686603098553,200000,4126
06-12 22:51:38.666 18214 18325 I BatteryMgr:DataCollectionService: stats => 1686603098666,200000,4126
06-12 22:51:38.781 18214 18325 I BatteryMgr:DataCollectionService: stats => 1686603098781,281562,4126
06-12 22:51:38.841  1917  2394 D ConnectivityService: NetReassign [no changes] [c 1] [a 0] [i 5]
06-12 22:51:38.891 18214 18325 I BatteryMgr:DataCollectionService: stats => 1686603098891,281562,4126
06-12 22:51:39.001 18214 18325 I BatteryMgr:DataCollectionService: stats => 1686603099001,281562,4126
06-12 22:51:39.024  1323  1402 D VSC     : @ 286917.669: [WO] Proposed rotation: 4, flat angle threshold: 65
06-12 22:51:39.024  1323  1402 D VSC     : @ 286917.670: [WO] orientation angle 317, orientation 4
06-12 22:51:39.024  1323  1402 D VSC     : @ 286917.670: [WO] Gyro angle integrated: 0.037010
06-12 22:51:39.116 18214 18325 I BatteryMgr:DataCollectionService: stats => 1686603099116,178125,4126
06-12 22:51:39.227 18214 18325 I BatteryMgr:DataCollectionService: stats => 1686603099227,178125,4126
06-12 22:51:39.336 18214 18325 I BatteryMgr:DataCollectionService: stats => 1686603099336,178125,4126
06-12 22:51:39.450 18214 18325 I BatteryMgr:DataCollectionService: stats => 1686603099450,240000,4126
06-12 22:51:39.564 18214 18325 I BatteryMgr:DataCollectionService: stats => 1686603099564,240000,4126
06-12 22:51:39.682 18214 18325 I BatteryMgr:DataCollectionService: stats => 1686603099682,240000,4126
06-12 22:51:39.801 18214 18325 I BatteryMgr:DataCollectionService: stats => 1686603099801,245625,4126
06-12 22:51:39.913 18214 18325 I BatteryMgr:DataCollectionService: stats => 1686603099913,245625,4126
06-12 22:51:40.025 18214 18325 I BatteryMgr:DataCollectionService: stats => 1686603100025,245625,4126
06-12 22:51:40.137 18214 18325 I BatteryMgr:DataCollectionService: stats => 1686603100137,178750,4126
06-12 22:51:40.255 18214 18325 I BatteryMgr:DataCollectionService: stats => 1686603100255,178750,4126
06-12 22:51:40.369 18214 18325 I BatteryMgr:DataCollectionService: stats => 1686603100369,178750,4126
06-12 22:51:40.487 18214 18325 I BatteryMgr:DataCollectionService: stats => 1686603100487,258750,4126
06-12 22:51:40.606 18214 18325 I BatteryMgr:DataCollectionService: stats => 1686603100606,258750,4126
06-12 22:51:40.723 18214 18325 I BatteryMgr:DataCollectionService: stats => 1686603100723,258750,4126
06-12 22:51:40.833 18214 18325 I BatteryMgr:DataCollectionService: stats => 1686603100833,192500,4126
06-12 22:51:40.942 18214 18325 I BatteryMgr:DataCollectionService: stats => 1686603100942,192500,4126
06-12 22:51:41.019  1323  1402 D VSC     : @ 286919.669: [WO] Proposed rotation: 4, flat angle threshold: 65
06-12 22:51:41.019  1323  1402 D VSC     : @ 286919.669: [WO] orientation angle 317, orientation 4
06-12 22:51:41.019  1323  1402 D VSC     : @ 286919.669: [WO] Gyro angle integrated: 0.014499
06-12 22:51:41.054 18214 18325 I BatteryMgr:DataCollectionService: stats => 1686603101054,192500,4126
06-12 22:51:41.161 18214 18325 I BatteryMgr:DataCollectionService: stats => 1686603101161,234375,4126
06-12 22:51:41.278 18214 18325 I BatteryMgr:DataCollectionService: stats => 1686603101278,234375,4126
06-12 22:51:41.395 18214 18325 I BatteryMgr:DataCollectionService: stats => 1686603101395,234375,4126
06-12 22:51:41.513 18214 18325 I BatteryMgr:DataCollectionService: stats => 1686603101513,236875,4126
06-12 22:51:41.631 18214 18325 I BatteryMgr:DataCollectionService: stats => 1686603101631,236875,4126
06-12 22:51:41.747 18214 18325 I BatteryMgr:DataCollectionService: stats => 1686603101747,236875,4126
06-12 22:51:41.856 18214 18325 I BatteryMgr:DataCollectionService: stats => 1686603101856,230625,4126
06-12 22:51:41.867  1917  2394 D ConnectivityService: NetReassign [no changes] [c 0] [a 0] [i 5]
06-12 22:51:41.965 18214 18325 I BatteryMgr:DataCollectionService: stats => 1686603101965,230625,4126
06-12 22:51:42.081 18214 18325 I BatteryMgr:DataCollectionService: stats => 1686603102081,230625,4126
06-12 22:51:42.193 18214 18325 I BatteryMgr:DataCollectionService: stats => 1686603102193,256562,4126
06-12 22:51:42.308 18214 18325 I BatteryMgr:DataCollectionService: stats => 1686603102307,256562,4126
06-12 22:51:42.430 18214 18325 I BatteryMgr:DataCollectionService: stats => 1686603102430,256562,4126
06-12 22:51:42.544 18214 18325 I BatteryMgr:DataCollectionService: stats => 1686603102544,153437,4126
06-12 22:51:42.661 18214 18325 I BatteryMgr:DataCollectionService: stats => 1686603102660,153437,4126
06-12 22:51:42.779 18214 18325 I BatteryMgr:DataCollectionService: stats => 1686603102779,153437,4126
06-12 22:51:42.894 18214 18325 I BatteryMgr:DataCollectionService: stats => 1686603102893,162500,4126
06-12 22:51:43.013 18214 18325 I BatteryMgr:DataCollectionService: stats => 1686603103013,162500,4126
06-12 22:51:43.022  1323  1402 D VSC     : @ 286921.670: [WO] Proposed rotation: 4, flat angle threshold: 65
06-12 22:51:43.022  1323  1402 D VSC     : @ 286921.670: [WO] orientation angle 317, orientation 4
06-12 22:51:43.022  1323  1402 D VSC     : @ 286921.670: [WO] Gyro angle integrated: 0.058967
06-12 22:51:43.126 18214 18325 I BatteryMgr:DataCollectionService: stats => 1686603103126,162500,4126
06-12 22:51:43.238 18214 18325 I BatteryMgr:DataCollectionService: stats => 1686603103238,256250,4126
06-12 22:51:43.356 18214 18325 I BatteryMgr:DataCollectionService: stats => 1686603103356,256250,4126
06-12 22:51:43.469 18214 18325 I BatteryMgr:DataCollectionService: stats => 1686603103469,256250,4126
06-12 22:51:43.585 18214 18325 I BatteryMgr:DataCollectionService: stats => 1686603103585,184062,4126
06-12 22:51:43.702 18214 18325 I BatteryMgr:DataCollectionService: stats => 1686603103702,184062,4126
06-12 22:51:43.821 18214 18325 I BatteryMgr:DataCollectionService: stats => 1686603103821,184062,4126
06-12 22:51:43.940 18214 18325 I BatteryMgr:DataCollectionService: stats => 1686603103940,184062,4126
06-12 22:51:44.059 18214 18325 I BatteryMgr:DataCollectionService: stats => 1686603104058,190625,4126
06-12 22:51:44.182 18214 18325 I BatteryMgr:DataCollectionService: stats => 1686603104182,190625,4126
06-12 22:51:44.298 18214 18325 I BatteryMgr:DataCollectionService: stats => 1686603104298,243437,4126
06-12 22:51:44.410 18214 18325 I BatteryMgr:DataCollectionService: stats => 1686603104409,243437,4126
06-12 22:51:44.526 18214 18325 I BatteryMgr:DataCollectionService: stats => 1686603104526,243437,4126
06-12 22:51:44.645 18214 18325 I BatteryMgr:DataCollectionService: stats => 1686603104644,191562,4126
06-12 22:51:44.761 18214 18325 I BatteryMgr:DataCollectionService: stats => 1686603104761,191562,4126
06-12 22:51:44.875 18214 18325 I BatteryMgr:DataCollectionService: stats => 1686603104874,191562,4126
06-12 22:51:44.898  1917  2394 D ConnectivityService: NetReassign [no changes] [c 1] [a 0] [i 5]
06-12 22:51:44.991 18214 18325 I BatteryMgr:DataCollectionService: stats => 1686603104991,195312,4126
06-12 22:51:45.022  1323  1402 D VSC     : @ 286923.670: [WO] Proposed rotation: 4, flat angle threshold: 65
06-12 22:51:45.022  1323  1402 D VSC     : @ 286923.670: [WO] orientation angle 317, orientation 4
06-12 22:51:45.022  1323  1402 D VSC     : @ 286923.670: [WO] Gyro angle integrated: 0.099555
06-12 22:51:45.102 18214 18325 I BatteryMgr:DataCollectionService: stats => 1686603105102,195312,4126
06-12 22:51:45.212 18214 18325 I BatteryMgr:DataCollectionService: stats => 1686603105212,195312,4126
06-12 22:51:45.324 18214 18325 I BatteryMgr:DataCollectionService: stats => 1686603105324,195312,4126
06-12 22:51:45.436 18214 18325 I BatteryMgr:DataCollectionService: stats => 1686603105436,294687,4126
06-12 22:51:45.554 18214 18325 I BatteryMgr:DataCollectionService: stats => 1686603105553,294687,4126
06-12 22:51:45.672 18214 18325 I BatteryMgr:DataCollectionService: stats => 1686603105672,294687,4126
06-12 22:51:45.790 18214 18325 I BatteryMgr:DataCollectionService: stats => 1686603105790,190625,4126
06-12 22:51:45.906 18214 18325 I BatteryMgr:DataCollectionService: stats => 1686603105905,190625,4126
06-12 22:51:46.023 18214 18325 I BatteryMgr:DataCollectionService: stats => 1686603106023,190625,4126
06-12 22:51:46.141 18214 18325 I BatteryMgr:DataCollectionService: stats => 1686603106141,198750,4126
06-12 22:51:46.256 18214 18325 I BatteryMgr:DataCollectionService: stats => 1686603106255,198750,4126
06-12 22:51:46.369 18214 18325 I BatteryMgr:DataCollectionService: stats => 1686603106368,198750,4126
06-12 22:51:46.485 18214 18325 I BatteryMgr:DataCollectionService: stats => 1686603106484,213125,4126
06-12 22:51:46.600 18214 18325 I BatteryMgr:DataCollectionService: stats => 1686603106600,213125,4126
06-12 22:51:46.709 18214 18325 I BatteryMgr:DataCollectionService: stats => 1686603106708,213125,4126
06-12 22:51:46.830 18214 18325 I BatteryMgr:DataCollectionService: stats => 1686603106830,192187,4126
06-12 22:51:46.949 18214 18325 I BatteryMgr:DataCollectionService: stats => 1686603106948,192187,4126
06-12 22:51:47.024  1323  1402 D VSC     : @ 286925.669: [WO] Proposed rotation: 4, flat angle threshold: 65
06-12 22:51:47.024  1323  1402 D VSC     : @ 286925.670: [WO] orientation angle 317, orientation 4
06-12 22:51:47.024  1323  1402 D VSC     : @ 286925.670: [WO] Gyro angle integrated: 0.030227
06-12 22:51:47.066 18214 18325 I BatteryMgr:DataCollectionService: stats => 1686603107066,192187,4126
06-12 22:51:47.180 18214 18325 I BatteryMgr:DataCollectionService: stats => 1686603107180,198437,4126
06-12 22:51:47.296 18214 18325 I BatteryMgr:DataCollectionService: stats => 1686603107295,198437,4126
06-12 22:51:47.413 18214 18325 I BatteryMgr:DataCollectionService: stats => 1686603107413,198437,4126
06-12 22:51:47.529 18214 18325 I BatteryMgr:DataCollectionService: stats => 1686603107529,198437,4126
06-12 22:51:47.645 18214 18325 I BatteryMgr:DataCollectionService: stats => 1686603107645,198437,4126
06-12 22:51:47.761 18214 18325 I BatteryMgr:DataCollectionService: stats => 1686603107761,198437,4126
06-12 22:51:47.877 18214 18325 I BatteryMgr:DataCollectionService: stats => 1686603107877,273125,4126
06-12 22:51:47.923  1917  2394 D ConnectivityService: NetReassign [no changes] [c 1] [a 0] [i 4]
06-12 22:51:47.987 18214 18325 I BatteryMgr:DataCollectionService: stats => 1686603107987,273125,4126
06-12 22:51:48.106 18214 18325 I BatteryMgr:DataCollectionService: stats => 1686603108106,273125,4126
06-12 22:51:48.216 18214 18325 I BatteryMgr:DataCollectionService: stats => 1686603108216,164687,4126
06-12 22:51:48.333 18214 18325 I BatteryMgr:DataCollectionService: stats => 1686603108333,164687,4126
06-12 22:51:48.448 18214 18325 I BatteryMgr:DataCollectionService: stats => 1686603108448,164687,4126
06-12 22:51:48.566 18214 18325 I BatteryMgr:DataCollectionService: stats => 1686603108566,192187,4126
06-12 22:51:48.685 18214 18325 I BatteryMgr:DataCollectionService: stats => 1686603108685,192187,4126
06-12 22:51:48.802 18214 18325 I BatteryMgr:DataCollectionService: stats => 1686603108802,192187,4126
06-12 22:51:48.915 18214 18325 I BatteryMgr:DataCollectionService: stats => 1686603108914,262187,4126
06-12 22:51:49.018  1323  1402 D VSC     : @ 286927.669: [WO] Proposed rotation: 4, flat angle threshold: 65
06-12 22:51:49.018  1323  1402 D VSC     : @ 286927.669: [WO] orientation angle 317, orientation 4
06-12 22:51:49.018  1323  1402 D VSC     : @ 286927.669: [WO] Gyro angle integrated: 0.183410
06-12 22:51:49.023 18214 18325 I BatteryMgr:DataCollectionService: stats => 1686603109023,262187,4126
06-12 22:51:49.138 18214 18325 I BatteryMgr:DataCollectionService: stats => 1686603109138,262187,4126
06-12 22:51:49.256 18214 18325 I BatteryMgr:DataCollectionService: stats => 1686603109256,204375,4126
06-12 22:51:49.374 18214 18325 I BatteryMgr:DataCollectionService: stats => 1686603109374,204375,4126
06-12 22:51:49.487 18214 18325 I BatteryMgr:DataCollectionService: stats => 1686603109487,204375,4126
06-12 22:51:49.605 18214 18325 I BatteryMgr:DataCollectionService: stats => 1686603109605,237500,4126
06-12 22:51:49.724 18214 18325 I BatteryMgr:DataCollectionService: stats => 1686603109724,237500,4126
06-12 22:51:49.836 18214 18325 I BatteryMgr:DataCollectionService: stats => 1686603109836,237500,4126
06-12 22:51:49.952 18214 18325 I BatteryMgr:DataCollectionService: stats => 1686603109952,173437,4126
06-12 22:51:50.067 18214 18325 I BatteryMgr:DataCollectionService: stats => 1686603110066,173437,4126
06-12 22:51:50.183 18214 18325 I BatteryMgr:DataCollectionService: stats => 1686603110183,173437,4126
06-12 22:51:50.302 18214 18325 I BatteryMgr:DataCollectionService: stats => 1686603110302,210312,4126
06-12 22:51:50.419 18214 18325 I BatteryMgr:DataCollectionService: stats => 1686603110419,210312,4126
06-12 22:51:50.538 18214 18325 I BatteryMgr:DataCollectionService: stats => 1686603110538,210312,4126
06-12 22:51:50.652 18214 18325 I BatteryMgr:DataCollectionService: stats => 1686603110652,183437,4126
06-12 22:51:50.775 18214 18325 I BatteryMgr:DataCollectionService: stats => 1686603110775,183437,4126
06-12 22:51:50.898 18214 18325 I BatteryMgr:DataCollectionService: stats => 1686603110898,183437,4126
06-12 22:51:50.960  1917  2394 D ConnectivityService: NetReassign [no changes] [c 1] [a 0] [i 4]
06-12 22:51:51.016 18214 18325 I BatteryMgr:DataCollectionService: stats => 1686603111016,196250,4126
06-12 22:51:51.018  1323  1402 D VSC     : @ 286929.669: [WO] Proposed rotation: 4, flat angle threshold: 65
06-12 22:51:51.018  1323  1402 D VSC     : @ 286929.669: [WO] orientation angle 317, orientation 4
06-12 22:51:51.018  1323  1402 D VSC     : @ 286929.669: [WO] Gyro angle integrated: 0.241865
06-12 22:51:51.128 18214 18325 I BatteryMgr:DataCollectionService: stats => 1686603111128,196250,4126
06-12 22:51:51.238 18214 18325 I BatteryMgr:DataCollectionService: stats => 1686603111238,196250,4126
06-12 22:51:51.353 18214 18325 I BatteryMgr:DataCollectionService: stats => 1686603111352,278437,4126
06-12 22:51:51.465 18214 18325 I BatteryMgr:DataCollectionService: stats => 1686603111465,278437,4126
06-12 22:51:51.576 18214 18325 I BatteryMgr:DataCollectionService: stats => 1686603111576,278437,4126
06-12 22:51:51.693 18214 18325 I BatteryMgr:DataCollectionService: stats => 1686603111693,164375,4126
06-12 22:51:51.808 18214 18325 I BatteryMgr:DataCollectionService: stats => 1686603111808,164375,4126
06-12 22:51:51.926 18214 18325 I BatteryMgr:DataCollectionService: stats => 1686603111926,164375,4126
06-12 22:51:52.040 18214 18325 I BatteryMgr:DataCollectionService: stats => 1686603112040,178125,4126
06-12 22:51:52.159 18214 18325 I BatteryMgr:DataCollectionService: stats => 1686603112159,178125,4126
06-12 22:51:52.276 18214 18325 I BatteryMgr:DataCollectionService: stats => 1686603112276,178125,4126
06-12 22:51:52.391 18214 18325 I BatteryMgr:DataCollectionService: stats => 1686603112391,239375,4126
06-12 22:51:52.507 18214 18325 I BatteryMgr:DataCollectionService: stats => 1686603112507,239375,4126
06-12 22:51:52.626 18214 18325 I BatteryMgr:DataCollectionService: stats => 1686603112626,239375,4126
06-12 22:51:52.743 18214 18325 I BatteryMgr:DataCollectionService: stats => 1686603112743,203750,4126
06-12 22:51:52.862 18214 18325 I BatteryMgr:DataCollectionService: stats => 1686603112862,203750,4126
06-12 22:51:52.981 18214 18325 I BatteryMgr:DataCollectionService: stats => 1686603112981,203750,4126
06-12 22:51:53.024  1323  1402 D VSC     : @ 286931.669: [WO] Proposed rotation: 4, flat angle threshold: 65
06-12 22:51:53.024  1323  1402 D VSC     : @ 286931.670: [WO] orientation angle 317, orientation 4
06-12 22:51:53.024  1323  1402 D VSC     : @ 286931.670: [WO] Gyro angle integrated: 0.087960
06-12 22:51:53.098 18214 18325 I BatteryMgr:DataCollectionService: stats => 1686603113098,189687,4126
06-12 22:51:53.218 18214 18325 I BatteryMgr:DataCollectionService: stats => 1686603113217,189687,4126
06-12 22:51:53.333 18214 18325 I BatteryMgr:DataCollectionService: stats => 1686603113333,189687,4126
06-12 22:51:53.440 18214 18325 I BatteryMgr:DataCollectionService: stats => 1686603113440,233437,4126
06-12 22:51:53.546 18214 18325 I BatteryMgr:DataCollectionService: stats => 1686603113546,233437,4126
06-12 22:51:53.555 18355 18355 D ProcessState: Binder ioctl to enable oneway spam detection failed: Invalid argument
06-12 22:51:53.563  1917  2464 W ProcessStats: Tracking association SourceState{329dbb7 system/1000 BTopFgs #179486} whose proc state 2 is better than process ProcessState{9cdae9d com.google.android.gms.persistent/10125 pkg=com.google.android.gms} proc state 3 (2 skipped)
06-12 22:51:53.564  2553 18358 W RingtonePlayer: STOP command without a player
06-12 22:51:53.575  2553  2615 D PeopleSpaceWidgetMgr: Sbn doesn't contain valid PeopleTileKey: null/0/com.example.batterymanager_utility
06-12 22:51:53.583  2553  2553 V ShadeControllerImpl: NotificationShadeWindow: com.android.systemui.statusbar.phone.NotificationShadeWindowView{7942d07 I.E...... ......ID 0,0-1080,2160} canPanelBeCollapsed(): false
06-12 22:51:53.618 18361 18361 D ProcessState: Binder ioctl to enable oneway spam detection failed: Invalid argument
06-12 22:51:53.795 18372 18372 D ProcessState: Binder ioctl to enable oneway spam detection failed: Invalid argument
06-12 22:51:53.800  1917  2464 I ActivityManager: Force stopping e.www.speakertest appid=10280 user=0: from pid 18372
06-12 22:51:53.800  1917  2464 I ActivityManager: Killing 18266:e.www.speakertest/u0a280 (adj 0): stop e.www.speakertest due to from pid 18372
06-12 22:51:53.802  1917  2464 W ActivityTaskManager: Force removing ActivityRecord{e2fad5 u0 e.www.speakertest/.MainActivity t1024 f}}: app died, no saved state
06-12 22:51:53.806  1917  2464 W InputManager-JNI: Input channel object '2baa1bb e.www.speakertest/e.www.speakertest.MainActivity (client)' was disposed without first being removed with the input manager!
06-12 22:51:53.815  1917  2464 D CompatibilityChangeReporter: Compat change id reported: 181136395; UID 10232; state: DISABLED
06-12 22:51:53.816  1917  2464 D CompatibilityChangeReporter: Compat change id reported: 174042936; UID 10232; state: DISABLED
06-12 22:51:53.818  1917  2464 W ActivityTaskManager: Can't find TaskDisplayArea to determine support for multi window. Task id=1024 attached=false
06-12 22:51:53.818  1917  2464 W ActivityTaskManager: Can't find TaskDisplayArea to determine support for multi window. Task id=1024 attached=false
06-12 22:51:53.821  1539 15015 D NuPlayerDriver: reset(0xf3201230) at state 5
06-12 22:51:53.822  1279  1279 I Zygote  : Process 18266 exited due to signal 9 (Killed)
06-12 22:51:53.827  1296 15014 D audio_hw_waves: print_state_log: send volume table -(0,0.000000,F),(1,0.000000,F),(2,0.000000,F),(3,0.000000,F),(4,0.000000,F),(5,0.000000,F)
06-12 22:51:53.832  1917  1949 V ActivityManager: Got obituary of 18266:e.www.speakertest
06-12 22:51:53.832  2772  2772 E PhoneInterfaceManager: [PhoneIntfMgr] getCarrierPackageNamesForIntentAndPhone: No UICC
06-12 22:51:53.832  2772  2772 D CarrierSvcBindHelper: No carrier app for: 0
06-12 22:51:53.833  1917  2036 W ActivityManager: setHasOverlayUi called on unknown pid: 18266
06-12 22:51:53.834   743   743 E BpTransactionCompletedListener: Failed to transact (-32)
06-12 22:51:53.836  3867  3867 D RegisteredNfcFServicesCache: Service unchanged, not updating
06-12 22:51:53.847 25522 25522 I EuiccGoogle: [2] EuiccServiceImpl.onCreate: onCreate Single-SIM mode: simCardState is 1
06-12 22:51:53.849  1917  2046 I libprocessgroup: Successfully killed process cgroup uid 10280 pid 18266 in 48ms
06-12 22:51:53.853 25522 18380 I EuiccGoogle: [493] EuiccServiceImpl.onGetEuiccProfileInfoList: onGetEuiccProfileInfoList: slotId = -1
06-12 22:51:53.856 25522 18380 W EuiccGoogle: [493] EuiccServiceImpl.onGetEuiccProfileInfoList: slotId=-1. No eUICC is active. Return null.
06-12 22:51:53.864 18214 18375 I OpenGLRenderer: Davey! duration=65016ms; Flags=1, FrameTimelineVsyncId=5606873, IntendedVsync=117481828205155, Vsync=117481861538487, InputEventId=0, HandleInputStart=117481872835349, AnimationStart=117481872839620, PerformTraversalsStart=117481872997172, DrawStart=117482117655946, FrameDeadline=117481861538487, FrameInterval=117481872809724, FrameStartTime=16666666, SyncQueued=117482122555947, SyncStart=117482122631416, IssueDrawCommandsStart=117482122933603, SwapBuffers=117482127822666, FrameCompleted=117546845033540, DequeueBufferDuration=83542, QueueBufferDuration=413646, GpuCompleted=117546845033540, SwapBuffersCompleted=117482128813395, DisplayPresentTime=-7017620523249208788, 
06-12 22:51:53.864  2681  3016 W OpenGLRenderer: Surface doesn't have any previously queued frames, nothing to readback from
06-12 22:51:53.868  2681  2681 I WallpaperService: engine resumed
06-12 22:51:53.869  2681  3016 W OpenGLRenderer: Surface doesn't have any previously queued frames, nothing to readback from
06-12 22:51:53.883  7741  7741 I GoogleInputMethodService: GoogleInputMethodService.onFinishInput():3307 
06-12 22:51:53.884  7741  7741 I GoogleInputMethodService: GoogleInputMethodService.updateDeviceLockedStatus():2137 repeatCheckTimes = 0, locked = false
06-12 22:51:53.884  1361  1604 W AudioFlinger: moveEffectChain_l() effect chain for session 0 not on source thread 0x759f5db030
06-12 22:51:53.884  7741  7741 I GoogleInputMethodService: GoogleInputMethodService.onStartInput():1917 onStartInput(EditorInfo{inputType=0x0(NULL) imeOptions=0x0 privateImeOptions=null actionName=UNSPECIFIED actionLabel=null actionId=0 initialSelStart=-1 initialSelEnd=-1 initialCapsMode=0x0 hintText=null label=null packageName=com.example.batterymanager_utility fieldId=-1 fieldName=null extras=null hintLocales=[]}, false)
06-12 22:51:53.884  7741  7741 I GoogleInputMethodService: GoogleInputMethodService.shouldHideHeaderOnInitialState():1998 ShouldHideHeaderOnInitialState = false
06-12 22:51:53.884  7741  7741 I GoogleInputMethodService: GoogleInputMethodService.updateDeviceLockedStatus():2137 repeatCheckTimes = 1, locked = false
06-12 22:51:53.892  1296 15014 I EffectsFactory: EffectCreate() create_effect
06-12 22:51:53.893  1296 15014 D msm8974_platform: Setting audio calibration for snd_device(2) acdb_id(513)
06-12 22:51:53.893  1361  2333 W AudioFlinger: moveEffectChain_l() effect chain for session 0 not on source thread 0x768fc70a70
06-12 22:51:53.895  1296 15014 D msm8974_platform: Setting audio calibration for snd_device(2) acdb_id(513)
06-12 22:51:53.895  1296 15014 D audio_hw_waves: print_state_log: send volume table -(0,0.000000,F),(1,0.000000,F),(2,0.000000,F),(3,0.000000,T),(4,0.000000,F),(5,0.000000,F)
06-12 22:51:53.899  1296 15014 W StreamHAL: Error from HAL stream in function pause: No data available
06-12 22:51:53.899  1361 18294 E AudioFlinger: Error when pausing output stream: -61
06-12 22:51:53.899  1361 10109 W AudioFlinger: session id 4497 not found for pid 18266
06-12 22:51:53.900  1539 18287 D NuPlayerDriver: notifyResetComplete(0xf3201230)
06-12 22:51:53.966  1917  2394 D ConnectivityService: NetReassign [no changes] [c 0] [a 0] [i 3]
06-12 22:51:54.116  1296 15014 D audio_hw_waves: print_state_log: send volume table -(0,0.000000,F),(1,0.000000,F),(2,0.000000,F),(3,0.000000,F),(4,0.000000,F),(5,0.000000,F)
06-12 22:51:54.119  1361  1604 W AudioFlinger: moveEffectChain_l() effect chain for session 0 not on source thread 0x759f5db030
06-12 22:51:54.120  1296  1296 D audio_hw_primary: out_set_parameters: enter: usecase(3: compress-offload-playback) kvpairs: routing=0
06-12 22:51:54.122  1296  1296 D audio_hw_primary: out_set_parameters: enter: usecase(3: compress-offload-playback) kvpairs: closing=true
06-12 22:51:54.125  1296  1296 D audio_hw_primary: out_set_parameters: enter: usecase(3: compress-offload-playback) kvpairs: exiting=1
06-12 22:51:54.157  1296 18301 D offload_visualizer: thread exit
06-12 22:51:54.158  1296 15014 D audio_hw_primary: disable_audio_route: usecase(3) reset and update mixer path: compress-offload-playback speaker
06-12 22:51:54.159  1296 15014 I soundtrigger: audio_extn_sound_trigger_update_stream_status: send event 2: usecase id 3, type 0
06-12 22:51:54.159  1296 15014 D sound_trigger_platform: platform_stdev_check_and_update_concurrency: concurrency active 0, tx 0, rx 0, concurrency session_allowed 1
06-12 22:51:54.159  1296 15014 D sound_trigger_platform: platform_stdev_check_concurrency_supported: capture concurrency  allowed, usecase type 0 voice_concur 0 voip_concur 0
06-12 22:51:54.159  1296 15014 I audio_hw_cirrus_playback: audio_extn_spkr_prot_stop_processing: pcm_tx_close
06-12 22:51:54.166  1296 15014 D audio_hw_primary: disable_audio_route: usecase(25) reset and update mixer path: spkr-vi-record vi-feedback
06-12 22:51:54.166  1296 15014 D audio_hw_primary: disable_snd_device: snd_device(104: vi-feedback)
06-12 22:51:54.470  2681  2681 I WallpaperService: engine paused
06-12 22:51:55.018  1323  1402 D VSC     : @ 286933.669: [WO] Proposed rotation: 4, flat angle threshold: 65
06-12 22:51:55.018  1323  1402 D VSC     : @ 286933.669: [WO] orientation angle 317, orientation 4
06-12 22:51:55.018  1323  1402 D VSC     : @ 286933.669: [WO] Gyro angle integrated: 0.000001
06-12 22:51:56.981  1917  2394 D ConnectivityService: NetReassign [no changes] [c 1] [a 0] [i 2]
06-12 22:51:57.020  1323  1402 D VSC     : @ 286935.669: [WO] Proposed rotation: 4, flat angle threshold: 65
06-12 22:51:57.021  1323  1402 D VSC     : @ 286935.669: [WO] orientation angle 317, orientation 4
06-12 22:51:57.021  1323  1402 D VSC     : @ 286935.669: [WO] Gyro angle integrated: 0.099556
06-12 22:51:57.097 18388 18388 D ProcessState: Binder ioctl to enable oneway spam detection failed: Invalid argument
06-12 22:51:57.102  1917  1949 I ActivityManager: Force stopping com.example.batterymanager_utility appid=10232 user=0: from pid 18388
06-12 22:51:57.103  1917  1949 I ActivityManager: Killing 18214:com.example.batterymanager_utility/u0a232 (adj 0): stop com.example.batterymanager_utility due to from pid 18388
06-12 22:51:57.106  1917  1949 W ActivityTaskManager: Force removing ActivityRecord{718735d u0 com.example.batterymanager_utility/.MainActivity t1023 f}}: app died, no saved state
06-12 22:51:57.112  1917  1949 W InputManager-JNI: Input channel object 'eb28739 com.example.batterymanager_utility/com.example.batterymanager_utility.MainActivity (client)' was disposed without first being removed with the input manager!
06-12 22:51:57.126  1917  1949 W ActivityTaskManager: Can't find TaskDisplayArea to determine support for multi window. Task id=1023 attached=false
06-12 22:51:57.126  1917  1949 W ActivityTaskManager: Can't find TaskDisplayArea to determine support for multi window. Task id=1023 attached=false
06-12 22:51:57.133  1279  1279 I Zygote  : Process 18214 exited due to signal 9 (Killed)
06-12 22:51:57.134  1917  2849 V ActivityManager: Got obituary of 18214:com.example.batterymanager_utility
06-12 22:51:57.135  1917  2036 W ActivityManager: setHasOverlayUi called on unknown pid: 18214
06-12 22:51:57.135   743   743 E BpTransactionCompletedListener: Failed to transact (-32)
06-12 22:51:57.135  2772  2772 E PhoneInterfaceManager: [PhoneIntfMgr] getCarrierPackageNamesForIntentAndPhone: No UICC
06-12 22:51:57.135  2772  2772 D CarrierSvcBindHelper: No carrier app for: 0
06-12 22:51:57.140  3867  3867 D RegisteredNfcFServicesCache: Service unchanged, not updating
06-12 22:51:57.147  1917  2046 I libprocessgroup: Successfully killed process cgroup uid 10232 pid 18214 in 43ms
06-12 22:51:57.148 23678 23678 I A       : (REDACTED) onApplyWindowInsets: systemWindowInsets=%s
06-12 22:51:57.148 23678 23678 I A       : (REDACTED) onApplyWindowInsets: systemWindowInsets=%s
06-12 22:51:57.162  2681  3016 W OpenGLRenderer: Surface doesn't have any previously queued frames, nothing to readback from
06-12 22:51:57.164  2681  2681 I WallpaperService: engine resumed
06-12 22:51:57.165  2681  3016 W OpenGLRenderer: Surface doesn't have any previously queued frames, nothing to readback from
06-12 22:51:57.165 24010 24049 I AiAiEcho: Predicting[7]: { Feature:1, creation:2023-06-12T20:39:50.281Z, expiry:2023-06-12T21:00:00Z, isExpired: false}, { Feature:1, creation:2023-06-12T21:00:00Z, expiry:2023-06-12T22:00:00Z, isExpired: true}, { Feature:1, creation:2023-06-12T22:00:00Z, expiry:2023-06-12T23:00:00Z, isExpired: true}, { Feature:1, creation:2023-06-12T23:00:00Z, expiry:2023-06-13T00:00:00Z, isExpired: true}, { Feature:1, creation:2023-06-13T00:00:00Z, expiry:2023-06-13T01:00:00Z, isExpired: true}, { Feature:1, creation:2023-06-13T01:00:00Z, expiry:2023-06-13T02:00:00Z, isExpired: true}, { Feature:1, creation:2023-06-13T02:00:00Z, expiry:2023-06-13T02:39:50.281Z, isExpired: true}
06-12 22:51:57.166 24010 24049 I AiAiEcho: EchoTargets: Feature:1
06-12 22:51:57.166 24010 24049 I AiAiEcho: Filtered by AiAi flag check: 
06-12 22:51:57.166 24010 24049 I AiAiEcho: Ranked targets strategy: WEIGHTED, count: 1, ranking metadata: { cardId: WEATHER-569377242, card type: 1, update time: 2023-06-12T20:39:50.281Z, expiration time: 2023-06-12T21:00:00Z, ranking metadata: RankingMetaData(urgency=0.964, priority=0.3, recency=1.0, rankScore=0.2892, importantTimePoints=# kwj@7bca4) }
06-12 22:51:57.167 24010 24049 I AiAiEcho: #postPredictionTargets: Sending updates to UISurface home with targets# 1 (types=[1])
06-12 22:51:57.169  2922  2922 W BcSmartspaceCard: No title view to update
06-12 22:51:57.170 12376 12376 I GsaVoiceInteractionSrv: Handling ACTION_START_HOTWORD
06-12 22:51:57.171 12376 12427 I GsaVoiceInteractionSrv: (REDACTED) disregardHotwordSetting: %b
06-12 22:51:57.171 12376 12427 I GsaVoiceInteractionSrv: Cannot start hotword, hotword has been explicitly disabled.
06-12 22:51:57.176 19579 19579 D BoundBrokerSvc: onBind: Intent { act=com.google.android.gms.inappreach.service.START dat=chimera-action: cmp=com.google.android.gms/.chimera.GmsApiService }
06-12 22:51:57.176 19579 19579 D BoundBrokerSvc: Loading bound service for intent: Intent { act=com.google.android.gms.inappreach.service.START dat=chimera-action: cmp=com.google.android.gms/.chimera.GmsApiService }
06-12 22:51:57.180  7741  7741 I GoogleInputMethodService: GoogleInputMethodService.onFinishInput():3307 
06-12 22:51:57.181  7741  7741 I GoogleInputMethodService: GoogleInputMethodService.updateDeviceLockedStatus():2137 repeatCheckTimes = 0, locked = false
06-12 22:51:57.181  7741  7741 I GoogleInputMethodService: GoogleInputMethodService.onStartInput():1917 onStartInput(EditorInfo{inputType=0x0(NULL) imeOptions=0x0 privateImeOptions=null actionName=UNSPECIFIED actionLabel=null actionId=0 initialSelStart=-1 initialSelEnd=-1 initialCapsMode=0x0 hintText=null label=null packageName=com.google.android.apps.nexuslauncher fieldId=-1 fieldName=null extras=null hintLocales=[]}, false)
06-12 22:51:57.181  7741  7741 I GoogleInputMethodService: GoogleInputMethodService.shouldHideHeaderOnInitialState():1998 ShouldHideHeaderOnInitialState = false
06-12 22:51:57.181 23678 27491 I OpenGLRenderer: Davey! duration=403771ms; Flags=1, FrameTimelineVsyncId=5585208, IntendedVsync=117146375739171, Vsync=117146375739171, InputEventId=0, HandleInputStart=117146377477448, AnimationStart=117146377479011, PerformTraversalsStart=117146377479792, DrawStart=117146398983388, FrameDeadline=117146409072503, FrameInterval=117146377383177, FrameStartTime=16666666, SyncQueued=117146403046878, SyncStart=117146403694690, IssueDrawCommandsStart=117146404511930, SwapBuffers=117146406649118, FrameCompleted=117550148363869, DequeueBufferDuration=23906, QueueBufferDuration=875052, GpuCompleted=117550148363869, SwapBuffersCompleted=117146408389639, DisplayPresentTime=28147948649906290, 
06-12 22:51:57.182  7741  7741 I GoogleInputMethodService: GoogleInputMethodService.updateDeviceLockedStatus():2137 repeatCheckTimes = 1, locked = false
06-12 22:51:59.018  1323  1402 D VSC     : @ 286937.669: [WO] Proposed rotation: 4, flat angle threshold: 65
06-12 22:51:59.019  1323  1402 D VSC     : @ 286937.669: [WO] orientation angle 317, orientation 4
06-12 22:51:59.019  1323  1402 D VSC     : @ 286937.669: [WO] Gyro angle integrated: 0.148854
06-12 22:52:00.007  1917  2394 D ConnectivityService: NetReassign [no changes] [c 1] [a 0] [i 4]
06-12 22:52:00.009 24010 24049 I AiAiEcho: Predicting[7]: { Feature:1, creation:2023-06-12T20:39:50.281Z, expiry:2023-06-12T21:00:00Z, isExpired: false}, { Feature:1, creation:2023-06-12T21:00:00Z, expiry:2023-06-12T22:00:00Z, isExpired: true}, { Feature:1, creation:2023-06-12T22:00:00Z, expiry:2023-06-12T23:00:00Z, isExpired: true}, { Feature:1, creation:2023-06-12T23:00:00Z, expiry:2023-06-13T00:00:00Z, isExpired: true}, { Feature:1, creation:2023-06-13T00:00:00Z, expiry:2023-06-13T01:00:00Z, isExpired: true}, { Feature:1, creation:2023-06-13T01:00:00Z, expiry:2023-06-13T02:00:00Z, isExpired: true}, { Feature:1, creation:2023-06-13T02:00:00Z, expiry:2023-06-13T02:39:50.281Z, isExpired: true}
06-12 22:52:00.010 24010 24049 I AiAiEcho: EchoTargets: Feature:1
06-12 22:52:00.010 24010 24049 I AiAiEcho: Filtered by AiAi flag check: 
06-12 22:52:00.011 24010 24049 I AiAiEcho: Ranked targets strategy: WEIGHTED, count: 1, ranking metadata: { cardId: WEATHER-569377242, card type: 1, update time: 2023-06-12T20:39:50.281Z, expiration time: 2023-06-12T21:00:00Z, ranking metadata: RankingMetaData(urgency=0.963, priority=0.3, recency=1.0, rankScore=0.28890002, importantTimePoints=# kwj@7bca4) }
06-12 22:52:00.013 24010 24049 I AiAiEcho: #postPredictionTargets: Sending updates to UISurface lockscreen with targets# 1 (types=[1])
06-12 22:52:00.028  2553  2553 W BcSmartspaceCard: No title view to update
06-12 22:52:01.019  1323  1402 D VSC     : @ 286939.669: [WO] Proposed rotation: 4, flat angle threshold: 65
06-12 22:52:01.019  1323  1402 D VSC     : @ 286939.670: [WO] orientation angle 317, orientation 4
06-12 22:52:01.019  1323  1402 D VSC     : @ 286939.670: [WO] Gyro angle integrated: 0.016431
06-12 22:52:01.866 19579 25111 I PhenotypeProcessReaper: Memory state is: 100
06-12 22:52:02.412  3812  9928 W MediaProvider: isAppCloneUserPair failed. Users: 0 and 0
06-12 22:52:02.412  3812  9928 W MediaProvider: isAppCloneUserPair for user 0: false
