07-09 17:19:35.142 27798 27899 I BatteryMgr:DataCollectionService: stats => 1688937575142,-373990,4208
07-09 17:19:35.149 27798 27899 I BatteryMgr:DataCollectionService: stats => 1688937575149,-373990,4208
07-09 17:19:35.156 27798 27899 I BatteryMgr:DataCollectionService: stats => 1688937575156,-373990,4208
07-09 17:19:35.163 27798 27899 I BatteryMgr:DataCollectionService: stats => 1688937575163,-373990,4208
07-09 17:19:35.170 27798 27899 I BatteryMgr:DataCollectionService: stats => 1688937575170,-373990,4208
07-09 17:19:35.177 27798 27899 I BatteryMgr:DataCollectionService: stats => 1688937575176,-373990,4208
07-09 17:19:35.183 27798 27899 I BatteryMgr:DataCollectionService: stats => 1688937575183,-373990,4208
07-09 17:19:35.190 27798 27899 I BatteryMgr:DataCollectionService: stats => 1688937575190,-373990,4208
07-09 17:19:35.197 27798 27899 I BatteryMgr:DataCollectionService: stats => 1688937575197,-373990,4208
07-09 17:19:35.204 27798 27899 I BatteryMgr:DataCollectionService: stats => 1688937575204,-373990,4208
07-09 17:19:35.210 27798 27899 I BatteryMgr:DataCollectionService: stats => 1688937575210,-373990,4208
07-09 17:19:35.217 27798 27899 I BatteryMgr:DataCollectionService: stats => 1688937575217,-373990,4208
07-09 17:19:35.223 27798 27899 I BatteryMgr:DataCollectionService: stats => 1688937575223,-373990,4208
07-09 17:19:35.229 27798 27899 I BatteryMgr:DataCollectionService: stats => 1688937575229,-373990,4208
07-09 17:19:35.236 27798 27899 I BatteryMgr:DataCollectionService: stats => 1688937575236,-373990,4208
07-09 17:19:35.243 27798 27899 I BatteryMgr:DataCollectionService: stats => 1688937575243,-373990,4208
07-09 17:19:35.250 27798 27899 I BatteryMgr:DataCollectionService: stats => 1688937575250,-373990,4208
07-09 17:19:35.257 27798 27899 I BatteryMgr:DataCollectionService: stats => 1688937575257,-373990,4208
07-09 17:19:35.263 27798 27899 I BatteryMgr:DataCollectionService: stats => 1688937575263,-373990,4208
07-09 17:19:35.270 27798 27899 I BatteryMgr:DataCollectionService: stats => 1688937575270,-373990,4208
07-09 17:19:35.277 27798 27899 I BatteryMgr:DataCollectionService: stats => 1688937575277,-373990,4208
07-09 17:19:35.284 27798 27899 I BatteryMgr:DataCollectionService: stats => 1688937575284,-373990,4208
07-09 17:19:35.291 27798 27899 I BatteryMgr:DataCollectionService: stats => 1688937575291,-373990,4208
07-09 17:19:35.299 27798 27899 I BatteryMgr:DataCollectionService: stats => 1688937575299,-373990,4208
07-09 17:19:35.306 27798 27899 I BatteryMgr:DataCollectionService: stats => 1688937575306,-373990,4208
07-09 17:19:35.313 27798 27899 I BatteryMgr:DataCollectionService: stats => 1688937575313,-373990,4208
07-09 17:19:35.319 27798 27899 I BatteryMgr:DataCollectionService: stats => 1688937575319,-373990,4208
07-09 17:19:35.326 27798 27899 I BatteryMgr:DataCollectionService: stats => 1688937575326,-373990,4208
07-09 17:19:35.332 27798 27899 I BatteryMgr:DataCollectionService: stats => 1688937575332,-373990,4208
07-09 17:19:35.340 27798 27899 I BatteryMgr:DataCollectionService: stats => 1688937575340,-373990,4208
07-09 17:19:35.347 27798 27899 I BatteryMgr:DataCollectionService: stats => 1688937575347,-373990,4208
07-09 17:19:35.353 27798 27899 I BatteryMgr:DataCollectionService: stats => 1688937575352,-373990,4208
07-09 17:19:35.359 27798 27899 I BatteryMgr:DataCollectionService: stats => 1688937575359,-373990,4208
07-09 17:19:35.365 27798 27899 I BatteryMgr:DataCollectionService: stats => 1688937575365,-373990,4208
07-09 17:19:35.372 27798 27899 I BatteryMgr:DataCollectionService: stats => 1688937575372,-373990,4208
07-09 17:19:35.378 27798 27899 I BatteryMgr:DataCollectionService: stats => 1688937575378,-373990,4208
07-09 17:19:35.385 27798 27899 I BatteryMgr:DataCollectionService: stats => 1688937575384,-373990,4208
07-09 17:19:35.391 27798 27899 I BatteryMgr:DataCollectionService: stats => 1688937575391,-373990,4208
07-09 17:19:35.398 27798 27899 I BatteryMgr:DataCollectionService: stats => 1688937575398,-373990,4208
07-09 17:19:35.404 27798 27899 I BatteryMgr:DataCollectionService: stats => 1688937575404,-373990,4208
07-09 17:19:35.411 27798 27899 I BatteryMgr:DataCollectionService: stats => 1688937575411,-373990,4208
07-09 17:19:35.418 27798 27899 I BatteryMgr:DataCollectionService: stats => 1688937575418,-373990,4208
07-09 17:19:35.425 27798 27899 I BatteryMgr:DataCollectionService: stats => 1688937575425,-373990,4208
07-09 17:19:35.431 27798 27899 I BatteryMgr:DataCollectionService: stats => 1688937575431,-373990,4208
07-09 17:19:35.438 27798 27899 I BatteryMgr:DataCollectionService: stats => 1688937575438,-373990,4208
07-09 17:19:35.445 27798 27899 I BatteryMgr:DataCollectionService: stats => 1688937575445,-373990,4208
07-09 17:19:35.452 27798 27899 I BatteryMgr:DataCollectionService: stats => 1688937575452,-373990,4208
07-09 17:19:35.458 27798 27899 I BatteryMgr:DataCollectionService: stats => 1688937575458,-373990,4208
07-09 17:19:35.465 27798 27899 I BatteryMgr:DataCollectionService: stats => 1688937575465,-373990,4208
07-09 17:19:35.472 27798 27899 I BatteryMgr:DataCollectionService: stats => 1688937575471,-373990,4208
07-09 17:19:35.478 27798 27899 I BatteryMgr:DataCollectionService: stats => 1688937575478,-373990,4208
07-09 17:19:35.485 27798 27899 I BatteryMgr:DataCollectionService: stats => 1688937575485,-373990,4208
07-09 17:19:35.491 27798 27899 I BatteryMgr:DataCollectionService: stats => 1688937575491,-373990,4208
07-09 17:19:35.497 27798 27899 I BatteryMgr:DataCollectionService: stats => 1688937575497,-373990,4208
07-09 17:19:35.504 27798 27899 I BatteryMgr:DataCollectionService: stats => 1688937575504,-373990,4208
07-09 17:19:35.510 27798 27899 I BatteryMgr:DataCollectionService: stats => 1688937575510,-373990,4208
07-09 17:19:35.516 27798 27899 I BatteryMgr:DataCollectionService: stats => 1688937575516,-373990,4208
07-09 17:19:35.522 27798 27899 I BatteryMgr:DataCollectionService: stats => 1688937575522,-373990,4208
07-09 17:19:35.529 27798 27899 I BatteryMgr:DataCollectionService: stats => 1688937575529,-373990,4208
07-09 17:19:35.536 27798 27899 I BatteryMgr:DataCollectionService: stats => 1688937575536,-373990,4208
07-09 17:19:35.542 27798 27899 I BatteryMgr:DataCollectionService: stats => 1688937575542,-373990,4208
07-09 17:19:35.548 27798 27899 I BatteryMgr:DataCollectionService: stats => 1688937575548,-373990,4208
07-09 17:19:35.554 27798 27899 I BatteryMgr:DataCollectionService: stats => 1688937575554,-373990,4208
07-09 17:19:35.561 27798 27899 I BatteryMgr:DataCollectionService: stats => 1688937575561,-373990,4208
07-09 17:19:35.568 27798 27899 I BatteryMgr:DataCollectionService: stats => 1688937575568,-373990,4208
07-09 17:19:35.574 27798 27899 I BatteryMgr:DataCollectionService: stats => 1688937575574,-373990,4208
07-09 17:19:35.581 27798 27899 I BatteryMgr:DataCollectionService: stats => 1688937575581,-373990,4208
07-09 17:19:35.587 27798 27899 I BatteryMgr:DataCollectionService: stats => 1688937575587,-373990,4208
07-09 17:19:35.594 27798 27899 I BatteryMgr:DataCollectionService: stats => 1688937575594,-373990,4208
07-09 17:19:35.600 27798 27899 I BatteryMgr:DataCollectionService: stats => 1688937575600,-373990,4208
07-09 17:19:35.607 27798 27899 I BatteryMgr:DataCollectionService: stats => 1688937575607,-373990,4208
07-09 17:19:35.613 27798 27899 I BatteryMgr:DataCollectionService: stats => 1688937575613,-373990,4208
07-09 17:19:35.619 27798 27899 I BatteryMgr:DataCollectionService: stats => 1688937575619,-373990,4208
07-09 17:19:35.625 27798 27899 I BatteryMgr:DataCollectionService: stats => 1688937575625,-373990,4208
07-09 17:19:35.632 27798 27899 I BatteryMgr:DataCollectionService: stats => 1688937575632,-373990,4208
07-09 17:19:35.638 27798 27899 I BatteryMgr:DataCollectionService: stats => 1688937575638,-373990,4208
07-09 17:19:35.645 27798 27899 I BatteryMgr:DataCollectionService: stats => 1688937575645,-373990,4208
07-09 17:19:35.651 27798 27899 I BatteryMgr:DataCollectionService: stats => 1688937575651,-373990,4208
07-09 17:19:35.658 27798 27899 I BatteryMgr:DataCollectionService: stats => 1688937575658,-373990,4208
07-09 17:19:35.664 27798 27899 I BatteryMgr:DataCollectionService: stats => 1688937575664,-373990,4208
07-09 17:19:35.671 27798 27899 I BatteryMgr:DataCollectionService: stats => 1688937575671,-373990,4208
07-09 17:19:35.678 27798 27899 I BatteryMgr:DataCollectionService: stats => 1688937575678,-373990,4208
07-09 17:19:35.685 27798 27899 I BatteryMgr:DataCollectionService: stats => 1688937575685,-373990,4208
07-09 17:19:35.691 27798 27899 I BatteryMgr:DataCollectionService: stats => 1688937575691,-373990,4208
07-09 17:19:35.698 27798 27899 I BatteryMgr:DataCollectionService: stats => 1688937575698,-373990,4208
07-09 17:19:35.705 27798 27899 I BatteryMgr:DataCollectionService: stats => 1688937575705,-373990,4208
07-09 17:19:35.711 27798 27899 I BatteryMgr:DataCollectionService: stats => 1688937575711,-373990,4208
07-09 17:19:35.718 27798 27899 I BatteryMgr:DataCollectionService: stats => 1688937575718,-373990,4208
07-09 17:19:35.725 27798 27899 I BatteryMgr:DataCollectionService: stats => 1688937575724,-373990,4208
07-09 17:19:35.731 27798 27899 I BatteryMgr:DataCollectionService: stats => 1688937575731,-373990,4208
07-09 17:19:35.738 27798 27899 I BatteryMgr:DataCollectionService: stats => 1688937575738,-373990,4208
07-09 17:19:35.744 27798 27899 I BatteryMgr:DataCollectionService: stats => 1688937575744,-373990,4208
07-09 17:19:35.751 27798 27899 I BatteryMgr:DataCollectionService: stats => 1688937575751,-373990,4208
07-09 17:19:35.758 27798 27899 I BatteryMgr:DataCollectionService: stats => 1688937575758,-373990,4208
07-09 17:19:35.764 27798 27899 I BatteryMgr:DataCollectionService: stats => 1688937575764,-373990,4208
07-09 17:19:35.771 27798 27899 I BatteryMgr:DataCollectionService: stats => 1688937575771,-373990,4208
07-09 17:19:35.778 27798 27899 I BatteryMgr:DataCollectionService: stats => 1688937575778,-373990,4208
07-09 17:19:35.785 27798 27899 I BatteryMgr:DataCollectionService: stats => 1688937575784,-373990,4208
07-09 17:19:35.791 27798 27899 I BatteryMgr:DataCollectionService: stats => 1688937575791,-373990,4208
07-09 17:19:35.798 27798 27899 I BatteryMgr:DataCollectionService: stats => 1688937575797,-373990,4208
07-09 17:19:35.804 27798 27899 I BatteryMgr:DataCollectionService: stats => 1688937575804,-373990,4208
07-09 17:19:35.811 27798 27899 I BatteryMgr:DataCollectionService: stats => 1688937575811,-373990,4208
07-09 17:19:35.817 27798 27899 I BatteryMgr:DataCollectionService: stats => 1688937575817,-373990,4208
07-09 17:19:35.823 27798 27899 I BatteryMgr:DataCollectionService: stats => 1688937575823,-373990,4208
07-09 17:19:35.830 27798 27899 I BatteryMgr:DataCollectionService: stats => 1688937575830,-373990,4208
07-09 17:19:35.836 27798 27899 I BatteryMgr:DataCollectionService: stats => 1688937575836,-373990,4208
07-09 17:19:35.843 27798 27899 I BatteryMgr:DataCollectionService: stats => 1688937575843,-373990,4208
07-09 17:19:35.849 27798 27899 I BatteryMgr:DataCollectionService: stats => 1688937575849,-373990,4208
07-09 17:19:35.855 27798 27899 I BatteryMgr:DataCollectionService: stats => 1688937575855,-373990,4208
07-09 17:19:35.862 27798 27899 I BatteryMgr:DataCollectionService: stats => 1688937575862,-373990,4208
07-09 17:19:35.868 27798 27899 I BatteryMgr:DataCollectionService: stats => 1688937575868,-373990,4208
07-09 17:19:35.874 27798 27899 I BatteryMgr:DataCollectionService: stats => 1688937575874,-373990,4208
07-09 17:19:35.881 27798 27899 I BatteryMgr:DataCollectionService: stats => 1688937575881,-373990,4208
07-09 17:19:35.887 27798 27899 I BatteryMgr:DataCollectionService: stats => 1688937575887,-373990,4208
07-09 17:19:35.893 27798 27899 I BatteryMgr:DataCollectionService: stats => 1688937575893,-373990,4208
07-09 17:19:35.900 27798 27899 I BatteryMgr:DataCollectionService: stats => 1688937575900,-373990,4208
07-09 17:19:35.906 27798 27899 I BatteryMgr:DataCollectionService: stats => 1688937575906,-373990,4208
07-09 17:19:35.912 27798 27899 I BatteryMgr:DataCollectionService: stats => 1688937575912,-373990,4208
07-09 17:19:35.919 27798 27899 I BatteryMgr:DataCollectionService: stats => 1688937575919,-373990,4208
07-09 17:19:35.925 27798 27899 I BatteryMgr:DataCollectionService: stats => 1688937575925,-373990,4208
07-09 17:19:35.932 27798 27899 I BatteryMgr:DataCollectionService: stats => 1688937575932,-373990,4208
07-09 17:19:35.938 27798 27899 I BatteryMgr:DataCollectionService: stats => 1688937575938,-373990,4208
07-09 17:19:35.945 27798 27899 I BatteryMgr:DataCollectionService: stats => 1688937575945,-373990,4208
07-09 17:19:35.951 27798 27899 I BatteryMgr:DataCollectionService: stats => 1688937575951,-373990,4208
07-09 17:19:35.958 27798 27899 I BatteryMgr:DataCollectionService: stats => 1688937575958,-373990,4208
07-09 17:19:35.964 27798 27899 I BatteryMgr:DataCollectionService: stats => 1688937575964,-373990,4208
07-09 17:19:35.972 27798 27899 I BatteryMgr:DataCollectionService: stats => 1688937575971,-373990,4208
07-09 17:19:35.979 27798 27899 I BatteryMgr:DataCollectionService: stats => 1688937575978,-373990,4208
07-09 17:19:35.986 27798 27899 I BatteryMgr:DataCollectionService: stats => 1688937575986,-373990,4208
07-09 17:19:35.992 27798 27899 I BatteryMgr:DataCollectionService: stats => 1688937575992,-373990,4208
07-09 17:19:35.999 27798 27899 I BatteryMgr:DataCollectionService: stats => 1688937575999,-373990,4208
07-09 17:19:36.006 27798 27899 I BatteryMgr:DataCollectionService: stats => 1688937576006,-373990,4208
07-09 17:19:36.012 27798 27899 I BatteryMgr:DataCollectionService: stats => 1688937576012,-373990,4208
07-09 17:19:36.020 27798 27899 I BatteryMgr:DataCollectionService: stats => 1688937576020,-373990,4208
07-09 17:19:36.029 27798 27899 I BatteryMgr:DataCollectionService: stats => 1688937576029,-373990,4208
07-09 17:19:36.037 27798 27899 I BatteryMgr:DataCollectionService: stats => 1688937576037,-373990,4208
07-09 17:19:36.046 27798 27899 I BatteryMgr:DataCollectionService: stats => 1688937576046,-373990,4208
07-09 17:19:36.053 27798 27899 I BatteryMgr:DataCollectionService: stats => 1688937576053,-373990,4208
07-09 17:19:36.059 27798 27899 I BatteryMgr:DataCollectionService: stats => 1688937576059,-373990,4208
07-09 17:19:36.065 27798 27899 I BatteryMgr:DataCollectionService: stats => 1688937576065,-373990,4208
07-09 17:19:36.072 27798 27899 I BatteryMgr:DataCollectionService: stats => 1688937576072,-373990,4208
07-09 17:19:36.078 27798 27899 I BatteryMgr:DataCollectionService: stats => 1688937576078,-373990,4208
07-09 17:19:36.085 27798 27899 I BatteryMgr:DataCollectionService: stats => 1688937576085,-373990,4208
07-09 17:19:36.091 27798 27899 I BatteryMgr:DataCollectionService: stats => 1688937576091,-373990,4208
07-09 17:19:36.098 27798 27899 I BatteryMgr:DataCollectionService: stats => 1688937576098,-373990,4208
07-09 17:19:36.105 27798 27899 I BatteryMgr:DataCollectionService: stats => 1688937576105,-373990,4208
07-09 17:19:36.112 27798 27899 I BatteryMgr:DataCollectionService: stats => 1688937576112,-373990,4208
07-09 17:19:36.118 27798 27899 I BatteryMgr:DataCollectionService: stats => 1688937576118,-373990,4208
07-09 17:19:36.125 27798 27899 I BatteryMgr:DataCollectionService: stats => 1688937576125,-373990,4208
07-09 17:19:36.132 27798 27899 I BatteryMgr:DataCollectionService: stats => 1688937576132,-373990,4208
07-09 17:19:36.139 27798 27899 I BatteryMgr:DataCollectionService: stats => 1688937576139,-373990,4208
07-09 17:19:36.145 27798 27899 I BatteryMgr:DataCollectionService: stats => 1688937576145,-373990,4208
07-09 17:19:36.152 27798 27899 I BatteryMgr:DataCollectionService: stats => 1688937576152,-373990,4208
07-09 17:19:36.159 27798 27899 I BatteryMgr:DataCollectionService: stats => 1688937576159,-373990,4208
07-09 17:19:36.165 27798 27899 I BatteryMgr:DataCollectionService: stats => 1688937576165,-373990,4208
07-09 17:19:36.172 27798 27899 I BatteryMgr:DataCollectionService: stats => 1688937576172,-373990,4208
07-09 17:19:36.180 27798 27899 I BatteryMgr:DataCollectionService: stats => 1688937576180,-373990,4208
07-09 17:19:36.187 27798 27899 I BatteryMgr:DataCollectionService: stats => 1688937576187,-373990,4208
07-09 17:19:36.193 27798 27899 I BatteryMgr:DataCollectionService: stats => 1688937576193,-373990,4208
07-09 17:19:36.200 27798 27899 I BatteryMgr:DataCollectionService: stats => 1688937576199,-373990,4208
07-09 17:19:36.206 27798 27899 I BatteryMgr:DataCollectionService: stats => 1688937576206,-373990,4208
07-09 17:19:36.212 27798 27899 I BatteryMgr:DataCollectionService: stats => 1688937576212,-373990,4208
07-09 17:19:36.218 27798 27899 I BatteryMgr:DataCollectionService: stats => 1688937576218,-373990,4208
07-09 17:19:36.225 27798 27899 I BatteryMgr:DataCollectionService: stats => 1688937576225,-373990,4208
07-09 17:19:36.231 27798 27899 I BatteryMgr:DataCollectionService: stats => 1688937576231,-373990,4208
07-09 17:19:36.238 27798 27899 I BatteryMgr:DataCollectionService: stats => 1688937576238,-373990,4208
07-09 17:19:36.245 27798 27899 I BatteryMgr:DataCollectionService: stats => 1688937576244,-373990,4208
07-09 17:19:36.251 27798 27899 I BatteryMgr:DataCollectionService: stats => 1688937576251,-373990,4208
07-09 17:19:36.258 27798 27899 I BatteryMgr:DataCollectionService: stats => 1688937576258,-373990,4208
07-09 17:19:36.264 27798 27899 I BatteryMgr:DataCollectionService: stats => 1688937576264,-373990,4208
07-09 17:19:36.270 27798 27899 I BatteryMgr:DataCollectionService: stats => 1688937576270,-373990,4208
07-09 17:19:36.276 27798 27899 I BatteryMgr:DataCollectionService: stats => 1688937576276,-373990,4208
07-09 17:19:36.283 27798 27899 I BatteryMgr:DataCollectionService: stats => 1688937576283,-373990,4208
07-09 17:19:36.289 27798 27899 I BatteryMgr:DataCollectionService: stats => 1688937576289,-373990,4208
07-09 17:19:36.295 27798 27899 I BatteryMgr:DataCollectionService: stats => 1688937576295,-373990,4208
07-09 17:19:36.302 27798 27899 I BatteryMgr:DataCollectionService: stats => 1688937576302,-373990,4208
07-09 17:19:36.308 27798 27899 I BatteryMgr:DataCollectionService: stats => 1688937576308,-373990,4208
07-09 17:19:36.315 27798 27899 I BatteryMgr:DataCollectionService: stats => 1688937576314,-373990,4208
07-09 17:19:36.321 27798 27899 I BatteryMgr:DataCollectionService: stats => 1688937576321,-373990,4208
07-09 17:19:36.327 27798 27899 I BatteryMgr:DataCollectionService: stats => 1688937576327,-373990,4208
07-09 17:19:36.333 27798 27899 I BatteryMgr:DataCollectionService: stats => 1688937576333,-373990,4208
07-09 17:19:36.342 27798 27899 I BatteryMgr:DataCollectionService: stats => 1688937576342,-373990,4208
07-09 17:19:36.349 27798 27899 I BatteryMgr:DataCollectionService: stats => 1688937576349,-373990,4208
07-09 17:19:36.355 27798 27899 I BatteryMgr:DataCollectionService: stats => 1688937576355,-373990,4208
07-09 17:19:36.362 27798 27899 I BatteryMgr:DataCollectionService: stats => 1688937576362,-373990,4208
07-09 17:19:36.369 27798 27899 I BatteryMgr:DataCollectionService: stats => 1688937576369,-373990,4208
07-09 17:19:36.376 27798 27899 I BatteryMgr:DataCollectionService: stats => 1688937576375,-373990,4208
07-09 17:19:36.382 27798 27899 I BatteryMgr:DataCollectionService: stats => 1688937576382,-373990,4208
07-09 17:19:36.390 27798 27899 I BatteryMgr:DataCollectionService: stats => 1688937576390,-373990,4208
07-09 17:19:36.397 27798 27899 I BatteryMgr:DataCollectionService: stats => 1688937576397,-373990,4208
07-09 17:19:36.405 27798 27899 I BatteryMgr:DataCollectionService: stats => 1688937576405,-373990,4208
07-09 17:19:36.412 27798 27899 I BatteryMgr:DataCollectionService: stats => 1688937576412,-373990,4208
07-09 17:19:36.428 27798 27899 I BatteryMgr:DataCollectionService: stats => 1688937576428,-373990,4208
07-09 17:19:36.434 27798 27899 I BatteryMgr:DataCollectionService: stats => 1688937576434,-373990,4208
07-09 17:19:36.440 27798 27899 I BatteryMgr:DataCollectionService: stats => 1688937576439,-373990,4208
07-09 17:19:36.447 27798 27899 I BatteryMgr:DataCollectionService: stats => 1688937576447,-373990,4208
07-09 17:19:36.452 27798 27899 I BatteryMgr:DataCollectionService: stats => 1688937576452,-373990,4208
07-09 17:19:36.457 27798 27899 I BatteryMgr:DataCollectionService: stats => 1688937576457,-373990,4208
07-09 17:19:36.461 27798 27899 I BatteryMgr:DataCollectionService: stats => 1688937576461,-373990,4208
07-09 17:19:36.465 27798 27899 I BatteryMgr:DataCollectionService: stats => 1688937576465,-373990,4208
07-09 17:19:36.469 27798 27899 I BatteryMgr:DataCollectionService: stats => 1688937576469,-373990,4208
07-09 17:19:36.473 27798 27899 I BatteryMgr:DataCollectionService: stats => 1688937576473,-373990,4208
07-09 17:19:36.477 27798 27899 I BatteryMgr:DataCollectionService: stats => 1688937576477,-373990,4208
07-09 17:19:36.480 27798 27899 I BatteryMgr:DataCollectionService: stats => 1688937576480,-373990,4208
07-09 17:19:36.484 27798 27899 I BatteryMgr:DataCollectionService: stats => 1688937576484,-373990,4208
07-09 17:19:36.489 27798 27899 I BatteryMgr:DataCollectionService: stats => 1688937576489,-373990,4208
07-09 17:19:36.494 27798 27899 I BatteryMgr:DataCollectionService: stats => 1688937576494,-373990,4208
07-09 17:19:36.499 27798 27899 I BatteryMgr:DataCollectionService: stats => 1688937576498,-373990,4208
07-09 17:19:36.504 27798 27899 I BatteryMgr:DataCollectionService: stats => 1688937576503,-373990,4208
07-09 17:19:36.509 27798 27899 I BatteryMgr:DataCollectionService: stats => 1688937576509,-373990,4208
07-09 17:19:36.514 27798 27899 I BatteryMgr:DataCollectionService: stats => 1688937576514,-373990,4208
07-09 17:19:36.519 27798 27899 I BatteryMgr:DataCollectionService: stats => 1688937576519,-373990,4208
07-09 17:19:36.524 27798 27899 I BatteryMgr:DataCollectionService: stats => 1688937576524,-373990,4208
07-09 17:19:36.529 27798 27899 I BatteryMgr:DataCollectionService: stats => 1688937576529,-373990,4208
07-09 17:19:36.534 27798 27899 I BatteryMgr:DataCollectionService: stats => 1688937576534,-373990,4208
07-09 17:19:36.539 27798 27899 I BatteryMgr:DataCollectionService: stats => 1688937576539,-373990,4208
07-09 17:19:36.544 27798 27899 I BatteryMgr:DataCollectionService: stats => 1688937576544,-373990,4208
07-09 17:19:36.549 27798 27899 I BatteryMgr:DataCollectionService: stats => 1688937576549,-373990,4208
07-09 17:19:36.555 27798 27899 I BatteryMgr:DataCollectionService: stats => 1688937576555,-373990,4208
07-09 17:19:36.560 27798 27899 I BatteryMgr:DataCollectionService: stats => 1688937576560,-373990,4208
07-09 17:19:36.566 27798 27899 I BatteryMgr:DataCollectionService: stats => 1688937576566,-373990,4208
07-09 17:19:36.572 27798 27899 I BatteryMgr:DataCollectionService: stats => 1688937576572,-373990,4208
07-09 17:19:36.577 27798 27899 I BatteryMgr:DataCollectionService: stats => 1688937576577,-373990,4208
07-09 17:19:36.586 27798 27899 I BatteryMgr:DataCollectionService: stats => 1688937576585,-373990,4208
07-09 17:19:36.592 27798 27899 I BatteryMgr:DataCollectionService: stats => 1688937576592,-373990,4208
07-09 17:19:36.599 27798 27899 I BatteryMgr:DataCollectionService: stats => 1688937576599,-373990,4208
07-09 17:19:36.605 27798 27899 I BatteryMgr:DataCollectionService: stats => 1688937576605,-373990,4208
07-09 17:19:36.613 27798 27899 I BatteryMgr:DataCollectionService: stats => 1688937576613,-373990,4208
07-09 17:19:36.619 27798 27899 I BatteryMgr:DataCollectionService: stats => 1688937576619,-373990,4208
07-09 17:19:36.626 27798 27899 I BatteryMgr:DataCollectionService: stats => 1688937576626,-373990,4208
07-09 17:19:36.633 27798 27899 I BatteryMgr:DataCollectionService: stats => 1688937576633,-373990,4208
07-09 17:19:36.642 27798 27899 I BatteryMgr:DataCollectionService: stats => 1688937576641,-373990,4208
07-09 17:19:36.649 27798 27899 I BatteryMgr:DataCollectionService: stats => 1688937576649,-373990,4208
07-09 17:19:36.656 27798 27899 I BatteryMgr:DataCollectionService: stats => 1688937576656,-373990,4208
07-09 17:19:36.662 27798 27899 I BatteryMgr:DataCollectionService: stats => 1688937576662,-373990,4208
07-09 17:19:36.670 27798 27899 I BatteryMgr:DataCollectionService: stats => 1688937576670,-373990,4208
07-09 17:19:36.677 27798 27899 I BatteryMgr:DataCollectionService: stats => 1688937576677,-373990,4208
07-09 17:19:36.683 27798 27899 I BatteryMgr:DataCollectionService: stats => 1688937576683,-373990,4208
07-09 17:19:36.690 27798 27899 I BatteryMgr:DataCollectionService: stats => 1688937576690,-373990,4208
07-09 17:19:36.696 27798 27899 I BatteryMgr:DataCollectionService: stats => 1688937576696,-373990,4208
07-09 17:19:36.703 27798 27899 I BatteryMgr:DataCollectionService: stats => 1688937576703,-373990,4208
07-09 17:19:36.709 27798 27899 I BatteryMgr:DataCollectionService: stats => 1688937576709,-373990,4208
07-09 17:19:36.716 27798 27899 I BatteryMgr:DataCollectionService: stats => 1688937576716,-373990,4208
07-09 17:19:36.724 27798 27899 I BatteryMgr:DataCollectionService: stats => 1688937576723,-373990,4208
07-09 17:19:36.730 27798 27899 I BatteryMgr:DataCollectionService: stats => 1688937576730,-373990,4208
07-09 17:19:36.736 27798 27899 I BatteryMgr:DataCollectionService: stats => 1688937576736,-373990,4208
07-09 17:19:36.742 27798 27899 I BatteryMgr:DataCollectionService: stats => 1688937576742,-373990,4208
07-09 17:19:36.747 27798 27899 I BatteryMgr:DataCollectionService: stats => 1688937576747,-373990,4208
07-09 17:19:36.753 27798 27899 I BatteryMgr:DataCollectionService: stats => 1688937576753,-373990,4208
07-09 17:19:36.759 27798 27899 I BatteryMgr:DataCollectionService: stats => 1688937576759,-373990,4208
07-09 17:19:36.765 27798 27899 I BatteryMgr:DataCollectionService: stats => 1688937576765,-373990,4208
07-09 17:19:36.771 27798 27899 I BatteryMgr:DataCollectionService: stats => 1688937576771,-373990,4208
07-09 17:19:36.777 27798 27899 I BatteryMgr:DataCollectionService: stats => 1688937576777,-373990,4208
07-09 17:19:36.782 27798 27899 I BatteryMgr:DataCollectionService: stats => 1688937576782,-373990,4208
07-09 17:19:36.787 27798 27899 I BatteryMgr:DataCollectionService: stats => 1688937576787,-373990,4208
07-09 17:19:36.794 27798 27899 I BatteryMgr:DataCollectionService: stats => 1688937576793,-373990,4208
07-09 17:19:36.799 27798 27899 I BatteryMgr:DataCollectionService: stats => 1688937576799,-373990,4208
07-09 17:19:36.805 27798 27899 I BatteryMgr:DataCollectionService: stats => 1688937576805,-373990,4208
07-09 17:19:36.811 27798 27899 I BatteryMgr:DataCollectionService: stats => 1688937576811,-373990,4208
07-09 17:19:36.817 27798 27899 I BatteryMgr:DataCollectionService: stats => 1688937576816,-373990,4208
07-09 17:19:36.822 27798 27899 I BatteryMgr:DataCollectionService: stats => 1688937576822,-373990,4208
07-09 17:19:36.827 27798 27899 I BatteryMgr:DataCollectionService: stats => 1688937576827,-373990,4208
07-09 17:19:36.833 27798 27899 I BatteryMgr:DataCollectionService: stats => 1688937576833,-373990,4208
07-09 17:19:36.839 27798 27899 I BatteryMgr:DataCollectionService: stats => 1688937576839,-373990,4208
07-09 17:19:36.844 27798 27899 I BatteryMgr:DataCollectionService: stats => 1688937576844,-373990,4208
07-09 17:19:36.850 27798 27899 I BatteryMgr:DataCollectionService: stats => 1688937576850,-373990,4208
07-09 17:19:36.856 27798 27899 I BatteryMgr:DataCollectionService: stats => 1688937576855,-373990,4208
07-09 17:19:36.861 27798 27899 I BatteryMgr:DataCollectionService: stats => 1688937576861,-373990,4208
07-09 17:19:36.867 27798 27899 I BatteryMgr:DataCollectionService: stats => 1688937576867,-373990,4208
07-09 17:19:36.873 27798 27899 I BatteryMgr:DataCollectionService: stats => 1688937576873,-373990,4208
07-09 17:19:36.878 27798 27899 I BatteryMgr:DataCollectionService: stats => 1688937576878,-373990,4208
07-09 17:19:36.885 27798 27899 I BatteryMgr:DataCollectionService: stats => 1688937576884,-373990,4208
07-09 17:19:36.890 27798 27899 I BatteryMgr:DataCollectionService: stats => 1688937576890,-373990,4208
07-09 17:19:36.896 27798 27899 I BatteryMgr:DataCollectionService: stats => 1688937576896,-373990,4208
07-09 17:19:36.902 27798 27899 I BatteryMgr:DataCollectionService: stats => 1688937576901,-373990,4208
07-09 17:19:36.911 27798 27899 I BatteryMgr:DataCollectionService: stats => 1688937576910,-373990,4208
07-09 17:19:36.916 27798 27899 I BatteryMgr:DataCollectionService: stats => 1688937576916,-373990,4208
07-09 17:19:36.922 27798 27899 I BatteryMgr:DataCollectionService: stats => 1688937576922,-373990,4208
07-09 17:19:36.927 27798 27899 I BatteryMgr:DataCollectionService: stats => 1688937576927,-373990,4208
07-09 17:19:36.933 27798 27899 I BatteryMgr:DataCollectionService: stats => 1688937576933,-373990,4208
07-09 17:19:36.939 27798 27899 I BatteryMgr:DataCollectionService: stats => 1688937576939,-373990,4208
07-09 17:19:36.944 27798 27899 I BatteryMgr:DataCollectionService: stats => 1688937576944,-373990,4208
07-09 17:19:36.950 27798 27899 I BatteryMgr:DataCollectionService: stats => 1688937576950,-373990,4208
07-09 17:19:36.956 27798 27899 I BatteryMgr:DataCollectionService: stats => 1688937576956,-373990,4208
07-09 17:19:36.961 27798 27899 I BatteryMgr:DataCollectionService: stats => 1688937576961,-373990,4208
07-09 17:19:36.967 27798 27899 I BatteryMgr:DataCollectionService: stats => 1688937576967,-373990,4208
07-09 17:19:36.973 27798 27899 I BatteryMgr:DataCollectionService: stats => 1688937576973,-373990,4208
07-09 17:19:36.978 27798 27899 I BatteryMgr:DataCollectionService: stats => 1688937576978,-373990,4208
07-09 17:19:36.987 27798 27899 I BatteryMgr:DataCollectionService: stats => 1688937576987,-373990,4208
07-09 17:19:36.993 27798 27899 I BatteryMgr:DataCollectionService: stats => 1688937576992,-373990,4208
07-09 17:19:36.999 27798 27899 I BatteryMgr:DataCollectionService: stats => 1688937576999,-373990,4208
07-09 17:19:37.005 27798 27899 I BatteryMgr:DataCollectionService: stats => 1688937577005,-373990,4208
07-09 17:19:37.011 27798 27899 I BatteryMgr:DataCollectionService: stats => 1688937577011,-373990,4208
07-09 17:19:37.018 27798 27899 I BatteryMgr:DataCollectionService: stats => 1688937577018,-373990,4208
07-09 17:19:37.024 27798 27899 I BatteryMgr:DataCollectionService: stats => 1688937577024,-373990,4208
07-09 17:19:37.031 27798 27899 I BatteryMgr:DataCollectionService: stats => 1688937577031,-373990,4208
07-09 17:19:37.038 27798 27899 I BatteryMgr:DataCollectionService: stats => 1688937577037,-373990,4208
07-09 17:19:37.044 27798 27899 I BatteryMgr:DataCollectionService: stats => 1688937577044,-373990,4208
07-09 17:19:37.051 27798 27899 I BatteryMgr:DataCollectionService: stats => 1688937577051,-373990,4208
07-09 17:19:37.057 27798 27899 I BatteryMgr:DataCollectionService: stats => 1688937577057,-373990,4208
07-09 17:19:37.064 27798 27899 I BatteryMgr:DataCollectionService: stats => 1688937577064,-373990,4208
07-09 17:19:37.071 27798 27899 I BatteryMgr:DataCollectionService: stats => 1688937577071,-373990,4208
07-09 17:19:37.077 27798 27899 I BatteryMgr:DataCollectionService: stats => 1688937577077,-373990,4208
07-09 17:19:37.084 27798 27899 I BatteryMgr:DataCollectionService: stats => 1688937577084,-373990,4208
07-09 17:19:37.090 27798 27899 I BatteryMgr:DataCollectionService: stats => 1688937577090,-373990,4208
07-09 17:19:37.096 27798 27899 I BatteryMgr:DataCollectionService: stats => 1688937577096,-373990,4208
07-09 17:19:37.103 27798 27899 I BatteryMgr:DataCollectionService: stats => 1688937577103,-373990,4208
07-09 17:19:37.109 27798 27899 I BatteryMgr:DataCollectionService: stats => 1688937577109,-373990,4208
07-09 17:19:37.116 27798 27899 I BatteryMgr:DataCollectionService: stats => 1688937577115,-373990,4208
07-09 17:19:37.122 27798 27899 I BatteryMgr:DataCollectionService: stats => 1688937577122,-373990,4208
07-09 17:19:37.128 27798 27899 I BatteryMgr:DataCollectionService: stats => 1688937577128,-373990,4208
07-09 17:19:37.135 27798 27899 I BatteryMgr:DataCollectionService: stats => 1688937577135,-373990,4208
07-09 17:19:37.142 27798 27899 I BatteryMgr:DataCollectionService: stats => 1688937577142,-373990,4208
07-09 17:19:37.148 27798 27899 I BatteryMgr:DataCollectionService: stats => 1688937577148,-373990,4208
07-09 17:19:37.156 27798 27899 I BatteryMgr:DataCollectionService: stats => 1688937577156,-373990,4208
07-09 17:19:37.162 27798 27899 I BatteryMgr:DataCollectionService: stats => 1688937577162,-373990,4208
07-09 17:19:37.169 27798 27899 I BatteryMgr:DataCollectionService: stats => 1688937577169,-373990,4208
07-09 17:19:37.175 27798 27899 I BatteryMgr:DataCollectionService: stats => 1688937577175,-373990,4208
07-09 17:19:37.182 27798 27899 I BatteryMgr:DataCollectionService: stats => 1688937577182,-373990,4208
07-09 17:19:37.189 27798 27899 I BatteryMgr:DataCollectionService: stats => 1688937577189,-373990,4208
07-09 17:19:37.195 27798 27899 I BatteryMgr:DataCollectionService: stats => 1688937577195,-373990,4208
07-09 17:19:37.202 27798 27899 I BatteryMgr:DataCollectionService: stats => 1688937577202,-373990,4208
07-09 17:19:37.209 27798 27899 I BatteryMgr:DataCollectionService: stats => 1688937577209,-373990,4208
07-09 17:19:37.218 27798 27899 I BatteryMgr:DataCollectionService: stats => 1688937577218,-373990,4208
07-09 17:19:37.226 27798 27899 I BatteryMgr:DataCollectionService: stats => 1688937577225,-373990,4208
07-09 17:19:37.232 27798 27899 I BatteryMgr:DataCollectionService: stats => 1688937577232,-373990,4208
07-09 17:19:37.239 27798 27899 I BatteryMgr:DataCollectionService: stats => 1688937577239,-373990,4208
07-09 17:19:37.244 27798 27899 I BatteryMgr:DataCollectionService: stats => 1688937577244,-373990,4208
07-09 17:19:37.249 27798 27899 I BatteryMgr:DataCollectionService: stats => 1688937577249,-373990,4208
07-09 17:19:37.255 27798 27899 I BatteryMgr:DataCollectionService: stats => 1688937577254,-373990,4208
07-09 17:19:37.260 27798 27899 I BatteryMgr:DataCollectionService: stats => 1688937577260,-373990,4208
07-09 17:19:37.265 27798 27899 I BatteryMgr:DataCollectionService: stats => 1688937577264,-373990,4208
07-09 17:19:37.270 27798 27899 I BatteryMgr:DataCollectionService: stats => 1688937577270,-373990,4208
07-09 17:19:37.275 27798 27899 I BatteryMgr:DataCollectionService: stats => 1688937577275,-373990,4208
07-09 17:19:37.280 27798 27899 I BatteryMgr:DataCollectionService: stats => 1688937577280,-373990,4208
07-09 17:19:37.285 27798 27899 I BatteryMgr:DataCollectionService: stats => 1688937577285,-373990,4208
07-09 17:19:37.290 27798 27899 I BatteryMgr:DataCollectionService: stats => 1688937577290,-373990,4208
07-09 17:19:37.296 27798 27899 I BatteryMgr:DataCollectionService: stats => 1688937577296,-373990,4208
07-09 17:19:37.302 27798 27899 I BatteryMgr:DataCollectionService: stats => 1688937577302,-373990,4208
07-09 17:19:37.307 27798 27899 I BatteryMgr:DataCollectionService: stats => 1688937577307,-373990,4208
07-09 17:19:37.313 27798 27899 I BatteryMgr:DataCollectionService: stats => 1688937577313,-373990,4208
07-09 17:19:37.319 27798 27899 I BatteryMgr:DataCollectionService: stats => 1688937577318,-373990,4208
07-09 17:19:37.325 27798 27899 I BatteryMgr:DataCollectionService: stats => 1688937577324,-373990,4208
07-09 17:19:37.330 27798 27899 I BatteryMgr:DataCollectionService: stats => 1688937577330,-373990,4208
07-09 17:19:37.336 27798 27899 I BatteryMgr:DataCollectionService: stats => 1688937577336,-373990,4208
07-09 17:19:37.342 27798 27899 I BatteryMgr:DataCollectionService: stats => 1688937577342,-373990,4208
07-09 17:19:37.350 27798 27899 I BatteryMgr:DataCollectionService: stats => 1688937577349,-373990,4208
07-09 17:19:37.355 27798 27899 I BatteryMgr:DataCollectionService: stats => 1688937577355,-373990,4208
07-09 17:19:37.362   762 21938 I MediaFocusControl: requestAudioFocus() from uid/pid 10188/27832 clientId=android.media.AudioManager@2a9093c callingPack=x.intervalapp.displaytest req=1 flags=0x0 sdk=33
07-09 17:19:37.362 27798 27899 I BatteryMgr:DataCollectionService: stats => 1688937577362,-373990,4208
07-09 17:19:37.368 27798 27899 I BatteryMgr:DataCollectionService: stats => 1688937577368,-373990,4208
07-09 17:19:37.375 27798 27899 I BatteryMgr:DataCollectionService: stats => 1688937577374,-373990,4208
07-09 17:19:37.380 27798 27899 I BatteryMgr:DataCollectionService: stats => 1688937577380,-373990,4208
07-09 17:19:37.387   573   573 D NuPlayerDriver: NuPlayerDriver(0xf1c93400) created, clientPid(27832)
07-09 17:19:37.393   573  1521 D SurfaceUtils: connecting to surface 0xf03c6008, reason setVideoSurfaceTexture
07-09 17:19:37.393 27798 27899 I BatteryMgr:DataCollectionService: stats => 1688937577393,-373990,4208
07-09 17:19:37.394   573 27932 D NuPlayer: onSetVideoSurface(0xf03c6800, no video decoder)
07-09 17:19:37.399 27798 27899 I BatteryMgr:DataCollectionService: stats => 1688937577399,-373990,4208
07-09 17:19:37.404   573 27933 D GenericSource: FileSource remote
07-09 17:19:37.406 27798 27899 I BatteryMgr:DataCollectionService: stats => 1688937577406,-373990,4208
07-09 17:19:37.410 27798 27899 I BatteryMgr:DataCollectionService: stats => 1688937577410,-373990,4208
07-09 17:19:37.415 27798 27899 I BatteryMgr:DataCollectionService: stats => 1688937577415,-373990,4208
07-09 17:19:37.419 27798 27899 I BatteryMgr:DataCollectionService: stats => 1688937577419,-373990,4208
07-09 17:19:37.423   569   671 I SampleTable: There are reordered frames present.
07-09 17:19:37.424 27798 27899 I BatteryMgr:DataCollectionService: stats => 1688937577424,-373990,4208
07-09 17:19:37.430   573 27932 D NuPlayerDriver: notifyListener_l(0xf1c93400), (5, 1280, 720, -1), loop setting(0, 0)
07-09 17:19:37.430   569  1509 D MediaBufferGroup: creating MemoryDealer
07-09 17:19:37.431 27798 27899 I BatteryMgr:DataCollectionService: stats => 1688937577431,-373990,4208
07-09 17:19:37.432   573 27932 D NuPlayerDriver: notifyListener_l(0xf1c93400), (1, 0, 0, -1), loop setting(0, 0)
07-09 17:19:37.436 27798 27899 I BatteryMgr:DataCollectionService: stats => 1688937577436,-373990,4208
07-09 17:19:37.439 27832 27832 D MediaPlayerNative: getMetadata
07-09 17:19:37.441 27798 27899 I BatteryMgr:DataCollectionService: stats => 1688937577440,-373990,4208
07-09 17:19:37.442   762  1243 V MediaRouterService: restoreBluetoothA2dp(false)
07-09 17:19:37.443   573   573 D NuPlayerDriver: start(0xf1c93400), state is 4, eos is 0
07-09 17:19:37.443   573 27932 I GenericSource: start
07-09 17:19:37.446 27798 27899 I BatteryMgr:DataCollectionService: stats => 1688937577446,-373990,4208
07-09 17:19:37.450 27798 27899 I BatteryMgr:DataCollectionService: stats => 1688937577450,-373990,4208
07-09 17:19:37.457 27798 27899 I BatteryMgr:DataCollectionService: stats => 1688937577457,-373990,4208
07-09 17:19:37.461 27798 27899 I BatteryMgr:DataCollectionService: stats => 1688937577461,-373990,4208
07-09 17:19:37.465 27798 27899 I BatteryMgr:DataCollectionService: stats => 1688937577465,-373990,4208
07-09 17:19:37.469 27798 27899 I BatteryMgr:DataCollectionService: stats => 1688937577469,-373990,4208
07-09 17:19:37.469   577 15151 I OMXMaster: makeComponentInstance(OMX.qcom.video.decoder.avc) in android.hardwar process
07-09 17:19:37.470   577 15151 I OMX-VDEC-1080P: component_init: OMX.qcom.video.decoder.avc : fd=7
07-09 17:19:37.470   577 15151 I OMX-VDEC-1080P: Capabilities: driver_name = msm_vidc_driver, card = msm_vdec_8974, bus_info = , version = 1, capabilities = 4003000
07-09 17:19:37.473 27798 27899 I BatteryMgr:DataCollectionService: stats => 1688937577473,-373990,4208
07-09 17:19:37.476 27798 27899 I BatteryMgr:DataCollectionService: stats => 1688937577476,-373990,4208
07-09 17:19:37.480 27798 27899 I BatteryMgr:DataCollectionService: stats => 1688937577480,-373990,4208
07-09 17:19:37.482   577 15151 I OMX-VDEC-1080P: Enabling default extradata for OMX.qcom.video.decoder.avc
07-09 17:19:37.483 27798 27899 I BatteryMgr:DataCollectionService: stats => 1688937577483,-373990,4208
07-09 17:19:37.488 27798 27899 I BatteryMgr:DataCollectionService: stats => 1688937577488,-373990,4208
07-09 17:19:37.489   577 15151 I OMX-VDEC-1080P: omx_vdec::component_init() success : fd=7
07-09 17:19:37.489   577 15141 I OMXMaster: makeComponentInstance(OMX.google.aac.decoder) in android.hardwar process
07-09 17:19:37.491   573 27935 D SurfaceUtils: disconnecting from surface 0xf03c6808, reason onConfigure
07-09 17:19:37.492 27798 27899 I BatteryMgr:DataCollectionService: stats => 1688937577491,-373990,4208
07-09 17:19:37.492   573 27936 D SurfaceUtils: connecting to surface 0xf03c6808, reason connectToSurface
07-09 17:19:37.492   573 27936 I MediaCodec: [OMX.qcom.video.decoder.avc] setting surface generation to 586765
07-09 17:19:37.492   573 27936 D SurfaceUtils: disconnecting from surface 0xf03c6808, reason connectToSurface(reconnect)
07-09 17:19:37.493   573 27936 D SurfaceUtils: connecting to surface 0xf03c6808, reason connectToSurface(reconnect)
07-09 17:19:37.494   577 15151 E OMX-VDEC-1080P: Enable/Disable allocate-native-handle allowed only on input port!
07-09 17:19:37.494   577 15151 E OMX-VDEC-1080P: set_parameter: Error: 0x80001019, setting param 0x7f000045
07-09 17:19:37.494   577 15151 E OMXNodeInstance: setParameter(0xf3490cc4:qcom.decoder.avc, OMX.google.android.index.allocateNativeHandle(0x7f000045): Output:1 en=0) ERROR: UnsupportedSetting(0x80001019)
07-09 17:19:37.494   577 15151 E OMX-VDEC-1080P: Extension: OMX.google.android.index.storeANWBufferInMetadata not implemented
07-09 17:19:37.496 27798 27899 I BatteryMgr:DataCollectionService: stats => 1688937577496,-373990,4208
07-09 17:19:37.496   577  1308 E OMXNodeInstance: setConfig(0xf4d87420:google.aac.decoder, ConfigPriority(0x6f800002)) ERROR: Undefined(0x80001001)
07-09 17:19:37.497   573 27940 I ACodec  : codec does not support config priority (err -2147483648)
07-09 17:19:37.498   577   656 E OMXNodeInstance: getConfig(0xf4d87420:google.aac.decoder, ConfigAndroidVendorExtension(0x6f100004)) ERROR: Undefined(0x80001001)
07-09 17:19:37.499   573 27940 I MediaCodec: MediaCodec will operate in async mode
07-09 17:19:37.499 27798 27899 I BatteryMgr:DataCollectionService: stats => 1688937577499,-373990,4208
07-09 17:19:37.503 27798 27899 I BatteryMgr:DataCollectionService: stats => 1688937577503,-373990,4208
07-09 17:19:37.503   577  1617 E OMX-VDEC-1080P: Extension: OMX.google.android.index.describeColorAspects not implemented
07-09 17:19:37.504   577 15152 E OMX-VDEC-1080P: Extension: OMX.google.android.index.describeHDRStaticInfo not implemented
07-09 17:19:37.506   577   656 E OMX-VDEC-1080P: Extension: OMX.google.android.index.storeANWBufferInMetadata not implemented
07-09 17:19:37.506   577   656 E OMX-VDEC-1080P: Extension: OMX.google.android.index.configureVideoTunnelMode not implemented
07-09 17:19:37.506   577   656 E OMX-VDEC-1080P: Extension: OMX.google.android.index.useAndroidNativeBuffer is supported
07-09 17:19:37.506   577   656 E OMX-VDEC-1080P: get_config: unknown param 1863319556
07-09 17:19:37.506   577   656 E OMXNodeInstance: getConfig(0xf3490cc4:qcom.decoder.avc, ConfigAndroidVendorExtension(0x6f100004)) ERROR: BadParameter(0x80001005)
07-09 17:19:37.508 27798 27899 I BatteryMgr:DataCollectionService: stats => 1688937577508,-373990,4208
07-09 17:19:37.509   573 27936 I MediaCodec: MediaCodec will operate in async mode
07-09 17:19:37.511   577 27943 I SoftAAC2: Reconfiguring decoder: 0->48000 Hz, 0->2 channels
07-09 17:19:37.519 27798 27899 I BatteryMgr:DataCollectionService: stats => 1688937577519,-373990,4208
07-09 17:19:37.523 27798 27899 I BatteryMgr:DataCollectionService: stats => 1688937577523,-373990,4208
07-09 17:19:37.523   573 27934 D AudioTrack: Client defaulted notificationFrames to 12000 for frameCount 24000
07-09 17:19:37.524   577   577 E OMX-VDEC-1080P: Extension: OMX.google.android.index.AndroidNativeBufferConsumerUsage not implemented
07-09 17:19:37.525   573 27937 D SurfaceUtils: set up nativeWindow 0xf03c6808 for 1280x720, color 0x7fa30c04, rotation 0, usage 0x42002900
07-09 17:19:37.527 27798 27899 I BatteryMgr:DataCollectionService: stats => 1688937577527,-373990,4208
07-09 17:19:37.527   414   414 W /system/bin/hw/android.hidl.allocator@1.0-service: ashmem_create_region(7680) returning hidl_memory(0x7f47c2b310, 7680)
07-09 17:19:37.529   414   414 W /system/bin/hw/android.hidl.allocator@1.0-service: ashmem_create_region(7680) returning hidl_memory(0x7f47c2b310, 7680)
07-09 17:19:37.530   561 15479 W AudioFlinger: moveEffectChain_l() effect chain for session 0 not on source thread 0xf4803900
07-09 17:19:37.530 27798 27899 I BatteryMgr:DataCollectionService: stats => 1688937577530,-373990,4208
07-09 17:19:37.530   573 27932 D NuPlayerDriver: notifyListener_l(0xf1c93400), (6, 0, 0, -1), loop setting(0, 0)
07-09 17:19:37.532   561   718 E volume_listener: check_and_set_gain_dep_cal: Failed to set gain dep cal level
07-09 17:19:37.533   561 15144 D audio_route: Apply path: speaker-protected
07-09 17:19:37.536 27798 27899 I BatteryMgr:DataCollectionService: stats => 1688937577536,-373990,4208
07-09 17:19:37.538   561 15144 D audio_hw_primary: enable_snd_device: snd_device(95: vi-feedback)
07-09 17:19:37.539   561 15144 D audio_route: Apply path: vi-feedback
07-09 17:19:37.539   561 15144 D audio_hw_primary: enable_audio_route: usecase(24) apply and update mixer path: spkr-vi-record
07-09 17:19:37.539   561 15144 D audio_route: Apply path: spkr-vi-record
07-09 17:19:37.540   426   462 W GrallocMapperPassthrough: buffer descriptor with invalid usage bits 0x2002000
07-09 17:19:37.540 27798 27899 I BatteryMgr:DataCollectionService: stats => 1688937577540,-373990,4208
07-09 17:19:37.543   426   461 W GrallocMapperPassthrough: buffer descriptor with invalid usage bits 0x2002000
07-09 17:19:37.544 27798 27899 I BatteryMgr:DataCollectionService: stats => 1688937577544,-373990,4208
07-09 17:19:37.547   426   902 W GrallocMapperPassthrough: buffer descriptor with invalid usage bits 0x2002000
07-09 17:19:37.547 27798 27899 I BatteryMgr:DataCollectionService: stats => 1688937577547,-373990,4208
07-09 17:19:37.550   426   911 W GrallocMapperPassthrough: buffer descriptor with invalid usage bits 0x2002000
07-09 17:19:37.551 27798 27899 I BatteryMgr:DataCollectionService: stats => 1688937577551,-373990,4208
07-09 17:19:37.554 27798 27899 I BatteryMgr:DataCollectionService: stats => 1688937577554,-373990,4208
07-09 17:19:37.558 27798 27899 I BatteryMgr:DataCollectionService: stats => 1688937577558,-373990,4208
07-09 17:19:37.560 27798 27899 I BatteryMgr:DataCollectionService: stats => 1688937577560,-373990,4208
07-09 17:19:37.561   426  1828 W GrallocMapperPassthrough: buffer descriptor with invalid usage bits 0x2002000
07-09 17:19:37.563 27798 27899 I BatteryMgr:DataCollectionService: stats => 1688937577563,-373990,4208
07-09 17:19:37.564   561 15144 D audio_hw_primary: enable_audio_route: usecase(0) apply and update mixer path: deep-buffer-playback
07-09 17:19:37.564   561 15144 D audio_route: Apply path: deep-buffer-playback
07-09 17:19:37.566 27798 27899 I BatteryMgr:DataCollectionService: stats => 1688937577566,-373990,4208
07-09 17:19:37.569 27798 27899 I BatteryMgr:DataCollectionService: stats => 1688937577569,-373990,4208
07-09 17:19:37.572 27798 27899 I BatteryMgr:DataCollectionService: stats => 1688937577572,-373990,4208
07-09 17:19:37.574   577   577 E OMX-VDEC-1080P: Extension: OMX.google.android.index.AndroidNativeBufferConsumerUsage not implemented
07-09 17:19:37.575   573 27937 D SurfaceUtils: set up nativeWindow 0xf03c6808 for 1280x720, color 0x7fa30c04, rotation 0, usage 0x42002900
07-09 17:19:37.575 27798 27899 I BatteryMgr:DataCollectionService: stats => 1688937577575,-373990,4208
07-09 17:19:37.578 27798 27899 I BatteryMgr:DataCollectionService: stats => 1688937577578,-373990,4208
07-09 17:19:37.581 27798 27899 I BatteryMgr:DataCollectionService: stats => 1688937577581,-373990,4208
07-09 17:19:37.584 27798 27899 I BatteryMgr:DataCollectionService: stats => 1688937577584,-373990,4208
07-09 17:19:37.586 27798 27899 I BatteryMgr:DataCollectionService: stats => 1688937577586,-373990,4208
07-09 17:19:37.589 27798 27899 I BatteryMgr:DataCollectionService: stats => 1688937577589,-373990,4208
07-09 17:19:37.592 27798 27899 I BatteryMgr:DataCollectionService: stats => 1688937577592,-373990,4208
07-09 17:19:37.595 27798 27899 I BatteryMgr:DataCollectionService: stats => 1688937577595,-373990,4208
07-09 17:19:37.598 27798 27899 I BatteryMgr:DataCollectionService: stats => 1688937577598,-373990,4208
07-09 17:19:37.599   426  1828 W GrallocMapperPassthrough: buffer descriptor with invalid usage bits 0x2002000
07-09 17:19:37.601 27798 27899 I BatteryMgr:DataCollectionService: stats => 1688937577601,-373990,4208
07-09 17:19:37.603 27798 27899 I BatteryMgr:DataCollectionService: stats => 1688937577603,-373990,4208
07-09 17:19:37.605   561 15144 E msm8974_platform: ramp_speaker_gain: Could not get ctl for mixer cmd - Left Speaker Gain or Right Speaker Gain, not applying speaker gain ramp
07-09 17:19:37.605   561 15144 D audio_hw_primary: out_write: retry previous failed cal level set
07-09 17:19:37.606   561 15144 W msm8974_platform: platform_send_gain_dep_cal: Usecase list is empty
07-09 17:19:37.606 27798 27899 I BatteryMgr:DataCollectionService: stats => 1688937577606,-373990,4208
07-09 17:19:37.610 27798 27899 I BatteryMgr:DataCollectionService: stats => 1688937577610,-373990,4208
07-09 17:19:37.613 27798 27899 I BatteryMgr:DataCollectionService: stats => 1688937577613,-373990,4208
07-09 17:19:37.616 27798 27899 I BatteryMgr:DataCollectionService: stats => 1688937577616,-373990,4208
07-09 17:19:37.620 27798 27899 I BatteryMgr:DataCollectionService: stats => 1688937577619,-373990,4208
07-09 17:19:37.622   426   462 W GrallocMapperPassthrough: buffer descriptor with invalid usage bits 0x2002000
