07-12 11:35:23.332 12262 12269 I zygote64: After code cache collection, code=61KB, data=44KB
07-12 11:35:23.333 12262 12269 I zygote64: Increasing code cache capacity to 256KB
07-12 11:35:23.333 12262 12403 I BatteryMgr:DataCollectionService: stats => 1689154523333,-102,4252
07-12 11:35:23.335 12262 12403 I BatteryMgr:DataCollectionService: stats => 1689154523335,-102,4252
07-12 11:35:23.337 12262 12403 I BatteryMgr:DataCollectionService: stats => 1689154523337,-102,4252
07-12 11:35:23.340 12262 12403 I BatteryMgr:DataCollectionService: stats => 1689154523339,-102,4252
07-12 11:35:23.342 12262 12403 I BatteryMgr:DataCollectionService: stats => 1689154523342,-102,4252
07-12 11:35:23.344 12262 12403 I BatteryMgr:DataCollectionService: stats => 1689154523344,-102,4252
07-12 11:35:23.346 12262 12403 I BatteryMgr:DataCollectionService: stats => 1689154523346,-102,4252
07-12 11:35:23.348 12262 12403 I BatteryMgr:DataCollectionService: stats => 1689154523348,-102,4252
07-12 11:35:23.351 12262 12403 I BatteryMgr:DataCollectionService: stats => 1689154523351,-102,4252
07-12 11:35:23.354 12262 12403 I BatteryMgr:DataCollectionService: stats => 1689154523354,-102,4252
07-12 11:35:23.356 12262 12403 I BatteryMgr:DataCollectionService: stats => 1689154523356,-102,4252
07-12 11:35:23.359 12262 12403 I BatteryMgr:DataCollectionService: stats => 1689154523358,-102,4252
07-12 11:35:23.362  3436 12382 D ExynosCamera3: [CAM_ID(1)][]-DEBUG(m_handleInternalFrame[8816]):[EJ] Pass the frame to handleBayerBuffer 26 / m_isNeedRequestFrame = 1, m_isNeedInternalFrame = 0
07-12 11:35:23.364  3436 12380 W ExynosCamera3: [CAM_ID(1)][]-WARN(m_previewStreamISPPipeThreadFunc[6613]):wait timeout
07-12 11:35:23.364  3435  3435 I android.hardware.wifi@1.0-service: getLinkLayerStats
07-12 11:35:23.365 12262 12403 I BatteryMgr:DataCollectionService: stats => 1689154523365,-102,4252
07-12 11:35:23.367 12262 12403 I BatteryMgr:DataCollectionService: stats => 1689154523367,-102,4252
07-12 11:35:23.367  3436 12379 W ExynosCamera3: [CAM_ID(1)][]-WARN(m_previewStreamVRAPipeThreadFunc[6650]):wait timeout
07-12 11:35:23.370 12262 12403 I BatteryMgr:DataCollectionService: stats => 1689154523370,-102,4252
07-12 11:35:23.372 12262 12403 I BatteryMgr:DataCollectionService: stats => 1689154523372,-102,4252
07-12 11:35:23.374 12262 12403 I BatteryMgr:DataCollectionService: stats => 1689154523374,-102,4252
07-12 11:35:23.376 12262 12403 I BatteryMgr:DataCollectionService: stats => 1689154523376,-102,4252
07-12 11:35:23.379 12262 12403 I BatteryMgr:DataCollectionService: stats => 1689154523379,-102,4252
07-12 11:35:23.381 12262 12403 I BatteryMgr:DataCollectionService: stats => 1689154523381,-102,4252
07-12 11:35:23.383 12262 12403 I BatteryMgr:DataCollectionService: stats => 1689154523383,-102,4252
07-12 11:35:23.386 12262 12403 I BatteryMgr:DataCollectionService: stats => 1689154523386,-102,4252
07-12 11:35:23.388 12262 12403 I BatteryMgr:DataCollectionService: stats => 1689154523388,-102,4252
07-12 11:35:23.391 12262 12403 I BatteryMgr:DataCollectionService: stats => 1689154523391,-102,4252
07-12 11:35:23.393 12262 12403 I BatteryMgr:DataCollectionService: stats => 1689154523393,-102,4252
07-12 11:35:23.395  3436 12382 D ExynosCamera3: [CAM_ID(1)][]-DEBUG(m_handleInternalFrame[8816]):[EJ] Pass the frame to handleBayerBuffer 27 / m_isNeedRequestFrame = 1, m_isNeedInternalFrame = 0
07-12 11:35:23.400 12262 12403 I BatteryMgr:DataCollectionService: stats => 1689154523400,-102,4252
07-12 11:35:23.402 12262 12403 I BatteryMgr:DataCollectionService: stats => 1689154523402,-102,4252
07-12 11:35:23.404 12262 12403 I BatteryMgr:DataCollectionService: stats => 1689154523404,-102,4252
07-12 11:35:23.407 12262 12403 I BatteryMgr:DataCollectionService: stats => 1689154523407,-102,4252
07-12 11:35:23.409 12262 12403 I BatteryMgr:DataCollectionService: stats => 1689154523409,-102,4252
07-12 11:35:23.412 12262 12403 I BatteryMgr:DataCollectionService: stats => 1689154523412,-102,4252
07-12 11:35:23.414 12262 12403 I BatteryMgr:DataCollectionService: stats => 1689154523414,-102,4252
07-12 11:35:23.416 12262 12403 I BatteryMgr:DataCollectionService: stats => 1689154523416,-102,4252
07-12 11:35:23.419 12262 12403 I BatteryMgr:DataCollectionService: stats => 1689154523419,-102,4252
07-12 11:35:23.421 12262 12403 I BatteryMgr:DataCollectionService: stats => 1689154523421,-102,4252
07-12 11:35:23.423 12262 12403 I BatteryMgr:DataCollectionService: stats => 1689154523423,-102,4252
07-12 11:35:23.427 12262 12403 I BatteryMgr:DataCollectionService: stats => 1689154523427,-102,4252
07-12 11:35:23.428  3436 12382 D ExynosCamera3: [CAM_ID(1)][]-DEBUG(m_handleInternalFrame[8816]):[EJ] Pass the frame to handleBayerBuffer 28 / m_isNeedRequestFrame = 1, m_isNeedInternalFrame = 0
07-12 11:35:23.430 12262 12403 I BatteryMgr:DataCollectionService: stats => 1689154523430,-102,4252
07-12 11:35:23.432 12262 12403 I BatteryMgr:DataCollectionService: stats => 1689154523432,-102,4252
07-12 11:35:23.435 12262 12403 I BatteryMgr:DataCollectionService: stats => 1689154523434,-102,4252
07-12 11:35:23.437 12262 12403 I BatteryMgr:DataCollectionService: stats => 1689154523437,-102,4252
07-12 11:35:23.439 12262 12403 I BatteryMgr:DataCollectionService: stats => 1689154523439,-102,4252
07-12 11:35:23.441 12262 12403 I BatteryMgr:DataCollectionService: stats => 1689154523441,-102,4252
07-12 11:35:23.443 12262 12403 I BatteryMgr:DataCollectionService: stats => 1689154523443,-102,4252
07-12 11:35:23.445 12262 12403 I BatteryMgr:DataCollectionService: stats => 1689154523445,-102,4252
07-12 11:35:23.448 12262 12403 I BatteryMgr:DataCollectionService: stats => 1689154523448,-102,4252
07-12 11:35:23.450 12262 12403 I BatteryMgr:DataCollectionService: stats => 1689154523450,-102,4252
07-12 11:35:23.452 12262 12403 I BatteryMgr:DataCollectionService: stats => 1689154523452,-102,4252
07-12 11:35:23.455 12262 12403 I BatteryMgr:DataCollectionService: stats => 1689154523455,-102,4252
07-12 11:35:23.457 12262 12403 I BatteryMgr:DataCollectionService: stats => 1689154523457,-102,4252
07-12 11:35:23.459 12262 12403 I BatteryMgr:DataCollectionService: stats => 1689154523459,-102,4252
07-12 11:35:23.461  3436 12382 D ExynosCamera3: [CAM_ID(1)][]-DEBUG(m_handleInternalFrame[8816]):[EJ] Pass the frame to handleBayerBuffer 29 / m_isNeedRequestFrame = 1, m_isNeedInternalFrame = 0
07-12 11:35:23.462 12262 12403 I BatteryMgr:DataCollectionService: stats => 1689154523461,-102,4252
07-12 11:35:23.464 12262 12403 I BatteryMgr:DataCollectionService: stats => 1689154523464,-102,4252
07-12 11:35:23.466 12262 12403 I BatteryMgr:DataCollectionService: stats => 1689154523466,-102,4252
07-12 11:35:23.468 12262 12403 I BatteryMgr:DataCollectionService: stats => 1689154523468,-102,4252
07-12 11:35:23.471 12262 12403 I BatteryMgr:DataCollectionService: stats => 1689154523471,-102,4252
07-12 11:35:23.473 12262 12403 I BatteryMgr:DataCollectionService: stats => 1689154523473,-102,4252
07-12 11:35:23.475 12262 12403 I BatteryMgr:DataCollectionService: stats => 1689154523475,-102,4252
07-12 11:35:23.477 12262 12403 I BatteryMgr:DataCollectionService: stats => 1689154523477,-102,4252
07-12 11:35:23.479 12262 12403 I BatteryMgr:DataCollectionService: stats => 1689154523479,-102,4252
07-12 11:35:23.481 12262 12403 I BatteryMgr:DataCollectionService: stats => 1689154523481,-102,4252
07-12 11:35:23.483 12262 12403 I BatteryMgr:DataCollectionService: stats => 1689154523483,-102,4252
07-12 11:35:23.486 12262 12403 I BatteryMgr:DataCollectionService: stats => 1689154523486,-102,4252
07-12 11:35:23.488 12262 12403 I BatteryMgr:DataCollectionService: stats => 1689154523488,-102,4252
07-12 11:35:23.490 12262 12403 I BatteryMgr:DataCollectionService: stats => 1689154523490,-102,4252
07-12 11:35:23.492 12262 12403 I BatteryMgr:DataCollectionService: stats => 1689154523492,-102,4252
07-12 11:35:23.495 12262 12403 I BatteryMgr:DataCollectionService: stats => 1689154523495,-102,4252
07-12 11:35:23.495  3436 12382 D ExynosCamera3: [CAM_ID(1)][]-DEBUG(m_handleInternalFrame[8816]):[EJ] Pass the frame to handleBayerBuffer 30 / m_isNeedRequestFrame = 1, m_isNeedInternalFrame = 0
07-12 11:35:23.497 12262 12403 I BatteryMgr:DataCollectionService: stats => 1689154523497,-102,4252
07-12 11:35:23.499 12262 12403 I BatteryMgr:DataCollectionService: stats => 1689154523499,-102,4252
07-12 11:35:23.501 12262 12403 I BatteryMgr:DataCollectionService: stats => 1689154523501,-102,4252
07-12 11:35:23.503 12262 12403 I BatteryMgr:DataCollectionService: stats => 1689154523503,-102,4252
07-12 11:35:23.506 12262 12403 I BatteryMgr:DataCollectionService: stats => 1689154523506,-102,4252
07-12 11:35:23.508 12262 12403 I BatteryMgr:DataCollectionService: stats => 1689154523508,-102,4252
07-12 11:35:23.510 12262 12403 I BatteryMgr:DataCollectionService: stats => 1689154523510,-102,4252
07-12 11:35:23.512 12262 12403 I BatteryMgr:DataCollectionService: stats => 1689154523512,-102,4252
07-12 11:35:23.514 12262 12403 I BatteryMgr:DataCollectionService: stats => 1689154523514,-102,4252
07-12 11:35:23.514  3436 12380 W ExynosCamera3: [CAM_ID(1)][]-WARN(m_previewStreamISPPipeThreadFunc[6613]):wait timeout
07-12 11:35:23.517 12262 12403 I BatteryMgr:DataCollectionService: stats => 1689154523516,-102,4252
07-12 11:35:23.518  3436 12379 W ExynosCamera3: [CAM_ID(1)][]-WARN(m_previewStreamVRAPipeThreadFunc[6650]):wait timeout
07-12 11:35:23.519 12262 12403 I BatteryMgr:DataCollectionService: stats => 1689154523519,-102,4252
07-12 11:35:23.521 12262 12403 I BatteryMgr:DataCollectionService: stats => 1689154523521,-102,4252
07-12 11:35:23.523 12262 12403 I BatteryMgr:DataCollectionService: stats => 1689154523523,-102,4252
07-12 11:35:23.525 12262 12403 I BatteryMgr:DataCollectionService: stats => 1689154523525,-102,4252
07-12 11:35:23.528  3436 12382 D ExynosCamera3: [CAM_ID(1)][]-DEBUG(m_handleInternalFrame[8816]):[EJ] Pass the frame to handleBayerBuffer 31 / m_isNeedRequestFrame = 1, m_isNeedInternalFrame = 0
07-12 11:35:23.531 12262 12403 I BatteryMgr:DataCollectionService: stats => 1689154523531,-102,4252
07-12 11:35:23.533 12262 12403 I BatteryMgr:DataCollectionService: stats => 1689154523533,-102,4252
07-12 11:35:23.536 12262 12403 I BatteryMgr:DataCollectionService: stats => 1689154523536,-102,4252
07-12 11:35:23.538 12262 12403 I BatteryMgr:DataCollectionService: stats => 1689154523538,-102,4252
07-12 11:35:23.540 12262 12403 I BatteryMgr:DataCollectionService: stats => 1689154523540,-102,4252
07-12 11:35:23.542 12262 12403 I BatteryMgr:DataCollectionService: stats => 1689154523542,-102,4252
07-12 11:35:23.544 12262 12403 I BatteryMgr:DataCollectionService: stats => 1689154523544,-102,4252
07-12 11:35:23.546 12262 12403 I BatteryMgr:DataCollectionService: stats => 1689154523546,-102,4252
07-12 11:35:23.548 12262 12403 I BatteryMgr:DataCollectionService: stats => 1689154523548,-102,4252
07-12 11:35:23.550 12262 12403 I BatteryMgr:DataCollectionService: stats => 1689154523550,-102,4252
07-12 11:35:23.552 12262 12403 I BatteryMgr:DataCollectionService: stats => 1689154523552,-102,4252
07-12 11:35:23.554 12262 12403 I BatteryMgr:DataCollectionService: stats => 1689154523554,-102,4252
07-12 11:35:23.556 12262 12403 I BatteryMgr:DataCollectionService: stats => 1689154523556,-102,4252
07-12 11:35:23.559 12262 12403 I BatteryMgr:DataCollectionService: stats => 1689154523559,-102,4252
07-12 11:35:23.561  3436 12382 D ExynosCamera3: [CAM_ID(1)][]-DEBUG(m_handleInternalFrame[8816]):[EJ] Pass the frame to handleBayerBuffer 32 / m_isNeedRequestFrame = 1, m_isNeedInternalFrame = 0
07-12 11:35:23.566 12262 12403 I BatteryMgr:DataCollectionService: stats => 1689154523566,-102,4252
07-12 11:35:23.568 12262 12403 I BatteryMgr:DataCollectionService: stats => 1689154523568,-102,4252
07-12 11:35:23.570 12262 12403 I BatteryMgr:DataCollectionService: stats => 1689154523570,-102,4252
07-12 11:35:23.572 12262 12403 I BatteryMgr:DataCollectionService: stats => 1689154523572,-102,4252
07-12 11:35:23.574 12262 12403 I BatteryMgr:DataCollectionService: stats => 1689154523574,-102,4252
07-12 11:35:23.576 12262 12403 I BatteryMgr:DataCollectionService: stats => 1689154523576,-102,4252
07-12 11:35:23.578 12262 12403 I BatteryMgr:DataCollectionService: stats => 1689154523578,-102,4252
07-12 11:35:23.580 12262 12403 I BatteryMgr:DataCollectionService: stats => 1689154523580,-102,4252
07-12 11:35:23.583 12262 12403 I BatteryMgr:DataCollectionService: stats => 1689154523583,-102,4252
07-12 11:35:23.586 12262 12403 I BatteryMgr:DataCollectionService: stats => 1689154523585,-102,4252
07-12 11:35:23.588 12262 12403 I BatteryMgr:DataCollectionService: stats => 1689154523588,-102,4252
07-12 11:35:23.590 12262 12403 I BatteryMgr:DataCollectionService: stats => 1689154523590,-102,4252
07-12 11:35:23.592 12262 12403 I BatteryMgr:DataCollectionService: stats => 1689154523592,-102,4252
07-12 11:35:23.595  3436 12382 D ExynosCamera3: [CAM_ID(1)][]-DEBUG(m_handleInternalFrame[8816]):[EJ] Pass the frame to handleBayerBuffer 33 / m_isNeedRequestFrame = 1, m_isNeedInternalFrame = 0
07-12 11:35:23.598 12262 12403 I BatteryMgr:DataCollectionService: stats => 1689154523598,-102,4252
07-12 11:35:23.600 12262 12403 I BatteryMgr:DataCollectionService: stats => 1689154523600,-102,4252
07-12 11:35:23.602 12262 12403 I BatteryMgr:DataCollectionService: stats => 1689154523602,-102,4252
07-12 11:35:23.604 12262 12403 I BatteryMgr:DataCollectionService: stats => 1689154523604,-102,4252
07-12 11:35:23.606 12262 12403 I BatteryMgr:DataCollectionService: stats => 1689154523606,-102,4252
07-12 11:35:23.609 12262 12403 I BatteryMgr:DataCollectionService: stats => 1689154523608,-102,4252
07-12 11:35:23.611 12262 12403 I BatteryMgr:DataCollectionService: stats => 1689154523611,-102,4252
07-12 11:35:23.613 12262 12403 I BatteryMgr:DataCollectionService: stats => 1689154523613,-102,4252
07-12 11:35:23.615 12262 12403 I BatteryMgr:DataCollectionService: stats => 1689154523615,-102,4252
07-12 11:35:23.617 12262 12403 I BatteryMgr:DataCollectionService: stats => 1689154523617,-102,4252
07-12 11:35:23.619 12262 12403 I BatteryMgr:DataCollectionService: stats => 1689154523619,-102,4252
07-12 11:35:23.621 12262 12403 I BatteryMgr:DataCollectionService: stats => 1689154523621,-102,4252
07-12 11:35:23.624 12262 12403 I BatteryMgr:DataCollectionService: stats => 1689154523623,-102,4252
07-12 11:35:23.627 12262 12403 I BatteryMgr:DataCollectionService: stats => 1689154523627,-102,4252
07-12 11:35:23.628  3436 12382 D ExynosCamera3: [CAM_ID(1)][]-DEBUG(m_handleInternalFrame[8816]):[EJ] Pass the frame to handleBayerBuffer 34 / m_isNeedRequestFrame = 1, m_isNeedInternalFrame = 0
07-12 11:35:23.629 12262 12403 I BatteryMgr:DataCollectionService: stats => 1689154523629,-102,4252
07-12 11:35:23.631 12262 12403 I BatteryMgr:DataCollectionService: stats => 1689154523631,-102,4252
07-12 11:35:23.633 12262 12403 I BatteryMgr:DataCollectionService: stats => 1689154523633,-102,4252
07-12 11:35:23.636 12262 12403 I BatteryMgr:DataCollectionService: stats => 1689154523635,-102,4252
07-12 11:35:23.638 12262 12403 I BatteryMgr:DataCollectionService: stats => 1689154523638,-102,4252
07-12 11:35:23.640 12262 12403 I BatteryMgr:DataCollectionService: stats => 1689154523640,-102,4252
07-12 11:35:23.642 12262 12403 I BatteryMgr:DataCollectionService: stats => 1689154523642,-102,4252
07-12 11:35:23.644 12262 12403 I BatteryMgr:DataCollectionService: stats => 1689154523644,-102,4252
07-12 11:35:23.646 12262 12403 I BatteryMgr:DataCollectionService: stats => 1689154523646,-102,4252
07-12 11:35:23.648 12262 12403 I BatteryMgr:DataCollectionService: stats => 1689154523648,-102,4252
07-12 11:35:23.650 12262 12403 I BatteryMgr:DataCollectionService: stats => 1689154523650,-102,4252
07-12 11:35:23.652 12262 12403 I BatteryMgr:DataCollectionService: stats => 1689154523652,-102,4252
07-12 11:35:23.654 12262 12403 I BatteryMgr:DataCollectionService: stats => 1689154523654,-102,4252
07-12 11:35:23.656 12262 12403 I BatteryMgr:DataCollectionService: stats => 1689154523656,-102,4252
07-12 11:35:23.659 12262 12403 I BatteryMgr:DataCollectionService: stats => 1689154523658,-102,4252
07-12 11:35:23.661 12262 12403 I BatteryMgr:DataCollectionService: stats => 1689154523661,-102,4252
07-12 11:35:23.662  3436 12382 D ExynosCamera3: [CAM_ID(1)][]-DEBUG(m_handleInternalFrame[8816]):[EJ] Pass the frame to handleBayerBuffer 35 / m_isNeedRequestFrame = 1, m_isNeedInternalFrame = 0
07-12 11:35:23.663 12262 12403 I BatteryMgr:DataCollectionService: stats => 1689154523663,-102,4252
07-12 11:35:23.665  3436 12380 W ExynosCamera3: [CAM_ID(1)][]-WARN(m_previewStreamISPPipeThreadFunc[6613]):wait timeout
07-12 11:35:23.665 12262 12403 I BatteryMgr:DataCollectionService: stats => 1689154523665,-102,4252
07-12 11:35:23.667 12262 12403 I BatteryMgr:DataCollectionService: stats => 1689154523667,-102,4252
07-12 11:35:23.668  3436 12379 W ExynosCamera3: [CAM_ID(1)][]-WARN(m_previewStreamVRAPipeThreadFunc[6650]):wait timeout
07-12 11:35:23.669 12262 12403 I BatteryMgr:DataCollectionService: stats => 1689154523669,-102,4252
07-12 11:35:23.671 12262 12403 I BatteryMgr:DataCollectionService: stats => 1689154523671,-102,4252
07-12 11:35:23.673 12262 12403 I BatteryMgr:DataCollectionService: stats => 1689154523673,-102,4252
07-12 11:35:23.675 12262 12403 I BatteryMgr:DataCollectionService: stats => 1689154523675,-102,4252
07-12 11:35:23.677 12262 12403 I BatteryMgr:DataCollectionService: stats => 1689154523677,-102,4252
07-12 11:35:23.679 12262 12403 I BatteryMgr:DataCollectionService: stats => 1689154523679,-102,4252
07-12 11:35:23.681 12262 12403 I BatteryMgr:DataCollectionService: stats => 1689154523681,-102,4252
07-12 11:35:23.684 12262 12403 I BatteryMgr:DataCollectionService: stats => 1689154523684,-102,4252
07-12 11:35:23.687 12262 12403 I BatteryMgr:DataCollectionService: stats => 1689154523687,-102,4252
07-12 11:35:23.690 12262 12403 I BatteryMgr:DataCollectionService: stats => 1689154523689,-102,4252
07-12 11:35:23.692 12262 12403 I BatteryMgr:DataCollectionService: stats => 1689154523692,-102,4252
07-12 11:35:23.694 12262 12403 I BatteryMgr:DataCollectionService: stats => 1689154523694,-102,4252
07-12 11:35:23.694  3436 12382 D ExynosCamera3: [CAM_ID(1)][]-DEBUG(m_handleInternalFrame[8816]):[EJ] Pass the frame to handleBayerBuffer 36 / m_isNeedRequestFrame = 1, m_isNeedInternalFrame = 0
07-12 11:35:23.697 12262 12403 I BatteryMgr:DataCollectionService: stats => 1689154523696,-102,4252
07-12 11:35:23.698  3436 12373 W ExynosCameraMCPipe: [CAM_ID(1)][PIPE_ISP]-WARN(m_putBuffer[1530]):inputFrameQ wait timeout
07-12 11:35:23.699  3436 12373 W ExynosCameraMCPipe: [CAM_ID(1)][PIPE_ISP]-WARN(m_putBufferThreadFunc[1471]):m_putbuffer fail, ret(-110)
07-12 11:35:23.699 12262 12403 I BatteryMgr:DataCollectionService: stats => 1689154523699,-102,4252
07-12 11:35:23.701 12262 12403 I BatteryMgr:DataCollectionService: stats => 1689154523701,-102,4252
07-12 11:35:23.703 12262 12403 I BatteryMgr:DataCollectionService: stats => 1689154523703,-102,4252
07-12 11:35:23.705 12262 12403 I BatteryMgr:DataCollectionService: stats => 1689154523705,-102,4252
07-12 11:35:23.707 12262 12403 I BatteryMgr:DataCollectionService: stats => 1689154523707,-102,4252
07-12 11:35:23.709 12262 12403 I BatteryMgr:DataCollectionService: stats => 1689154523709,-102,4252
07-12 11:35:23.711 12262 12403 I BatteryMgr:DataCollectionService: stats => 1689154523711,-102,4252
07-12 11:35:23.712  3436 12374 W ExynosCameraMCPipe: [CAM_ID(1)][PIPE_ISP]-WARN(m_getBuffer[1976]):requestFrameQ wait timeout
07-12 11:35:23.712  3436 12374 W ExynosCameraMCPipe: [CAM_ID(1)][PIPE_ISP]-WARN(m_getBufferThreadFunc[1492]):m_getBuffer fail, ret(-110)
07-12 11:35:23.713 12262 12403 I BatteryMgr:DataCollectionService: stats => 1689154523713,-102,4252
07-12 11:35:23.715 12262 12403 I BatteryMgr:DataCollectionService: stats => 1689154523715,-102,4252
07-12 11:35:23.717 12262 12403 I BatteryMgr:DataCollectionService: stats => 1689154523717,-102,4252
07-12 11:35:23.719 12262 12403 I BatteryMgr:DataCollectionService: stats => 1689154523719,-102,4252
07-12 11:35:23.721 12262 12403 I BatteryMgr:DataCollectionService: stats => 1689154523721,-102,4252
07-12 11:35:23.723 12262 12403 I BatteryMgr:DataCollectionService: stats => 1689154523723,-102,4252
07-12 11:35:23.725 12262 12403 I BatteryMgr:DataCollectionService: stats => 1689154523725,-102,4252
07-12 11:35:23.727 12262 12403 I BatteryMgr:DataCollectionService: stats => 1689154523727,-102,4252
07-12 11:35:23.728  3436 12382 D ExynosCamera3: [CAM_ID(1)][]-DEBUG(m_handleInternalFrame[8816]):[EJ] Pass the frame to handleBayerBuffer 37 / m_isNeedRequestFrame = 1, m_isNeedInternalFrame = 0
07-12 11:35:23.729 12262 12403 I BatteryMgr:DataCollectionService: stats => 1689154523729,-102,4252
07-12 11:35:23.731 12262 12403 I BatteryMgr:DataCollectionService: stats => 1689154523731,-102,4252
07-12 11:35:23.733 12262 12403 I BatteryMgr:DataCollectionService: stats => 1689154523733,-102,4252
07-12 11:35:23.735 12262 12403 I BatteryMgr:DataCollectionService: stats => 1689154523735,-102,4252
07-12 11:35:23.737 12262 12403 I BatteryMgr:DataCollectionService: stats => 1689154523737,-102,4252
07-12 11:35:23.739 12262 12403 I BatteryMgr:DataCollectionService: stats => 1689154523739,-102,4252
07-12 11:35:23.741 12262 12403 I BatteryMgr:DataCollectionService: stats => 1689154523741,-102,4252
07-12 11:35:23.743 12262 12403 I BatteryMgr:DataCollectionService: stats => 1689154523743,-102,4252
07-12 11:35:23.745 12262 12403 I BatteryMgr:DataCollectionService: stats => 1689154523745,-102,4252
07-12 11:35:23.747 12262 12403 I BatteryMgr:DataCollectionService: stats => 1689154523747,-102,4252
07-12 11:35:23.749 12262 12403 I BatteryMgr:DataCollectionService: stats => 1689154523749,-102,4252
07-12 11:35:23.752 12262 12403 I BatteryMgr:DataCollectionService: stats => 1689154523752,-102,4252
07-12 11:35:23.754 12262 12403 I BatteryMgr:DataCollectionService: stats => 1689154523754,-102,4252
07-12 11:35:23.756 12262 12403 I BatteryMgr:DataCollectionService: stats => 1689154523756,-102,4252
07-12 11:35:23.758 12262 12403 I BatteryMgr:DataCollectionService: stats => 1689154523758,-102,4252
07-12 11:35:23.761  3436 12382 D ExynosCamera3: [CAM_ID(1)][]-DEBUG(m_handleInternalFrame[8816]):[EJ] Pass the frame to handleBayerBuffer 38 / m_isNeedRequestFrame = 1, m_isNeedInternalFrame = 0
07-12 11:35:23.764 12262 12403 I BatteryMgr:DataCollectionService: stats => 1689154523764,-102,4252
07-12 11:35:23.767 12262 12403 I BatteryMgr:DataCollectionService: stats => 1689154523766,-102,4252
07-12 11:35:23.769 12262 12403 I BatteryMgr:DataCollectionService: stats => 1689154523769,-102,4252
07-12 11:35:23.771 12262 12403 I BatteryMgr:DataCollectionService: stats => 1689154523770,-102,4252
07-12 11:35:23.773 12262 12403 I BatteryMgr:DataCollectionService: stats => 1689154523772,-102,4252
07-12 11:35:23.774 12262 12403 I BatteryMgr:DataCollectionService: stats => 1689154523774,-102,4252
07-12 11:35:23.776 12262 12403 I BatteryMgr:DataCollectionService: stats => 1689154523776,-102,4252
07-12 11:35:23.778 12262 12403 I BatteryMgr:DataCollectionService: stats => 1689154523778,-102,4252
07-12 11:35:23.780 12262 12403 I BatteryMgr:DataCollectionService: stats => 1689154523780,-102,4252
07-12 11:35:23.782 12262 12403 I BatteryMgr:DataCollectionService: stats => 1689154523782,-102,4252
07-12 11:35:23.784 12262 12403 I BatteryMgr:DataCollectionService: stats => 1689154523784,-102,4252
07-12 11:35:23.786 12262 12403 I BatteryMgr:DataCollectionService: stats => 1689154523786,-102,4252
07-12 11:35:23.788 12262 12403 I BatteryMgr:DataCollectionService: stats => 1689154523788,-102,4252
07-12 11:35:23.790 12262 12403 I BatteryMgr:DataCollectionService: stats => 1689154523790,-102,4252
07-12 11:35:23.792 12262 12403 I BatteryMgr:DataCollectionService: stats => 1689154523792,-102,4252
07-12 11:35:23.794  3436 12382 D ExynosCamera3: [CAM_ID(1)][]-DEBUG(m_handleInternalFrame[8816]):[EJ] Pass the frame to handleBayerBuffer 39 / m_isNeedRequestFrame = 1, m_isNeedInternalFrame = 0
07-12 11:35:23.796 12262 12403 I BatteryMgr:DataCollectionService: stats => 1689154523796,-102,4252
07-12 11:35:23.799 12262 12403 I BatteryMgr:DataCollectionService: stats => 1689154523798,-102,4252
07-12 11:35:23.800 12262 12403 I BatteryMgr:DataCollectionService: stats => 1689154523800,-102,4252
07-12 11:35:23.802 12262 12403 I BatteryMgr:DataCollectionService: stats => 1689154523802,-102,4252
07-12 11:35:23.804 12262 12403 I BatteryMgr:DataCollectionService: stats => 1689154523804,-102,4252
07-12 11:35:23.806 12262 12403 I BatteryMgr:DataCollectionService: stats => 1689154523806,-102,4252
07-12 11:35:23.808 12262 12403 I BatteryMgr:DataCollectionService: stats => 1689154523808,-102,4252
07-12 11:35:23.810 12262 12403 I BatteryMgr:DataCollectionService: stats => 1689154523810,-102,4252
07-12 11:35:23.812 12262 12403 I BatteryMgr:DataCollectionService: stats => 1689154523812,-102,4252
07-12 11:35:23.814 12262 12403 I BatteryMgr:DataCollectionService: stats => 1689154523814,-102,4252
07-12 11:35:23.815  3436 12380 W ExynosCamera3: [CAM_ID(1)][]-WARN(m_previewStreamISPPipeThreadFunc[6613]):wait timeout
07-12 11:35:23.816 12262 12403 I BatteryMgr:DataCollectionService: stats => 1689154523816,-102,4252
07-12 11:35:23.818  3436 12379 W ExynosCamera3: [CAM_ID(1)][]-WARN(m_previewStreamVRAPipeThreadFunc[6650]):wait timeout
07-12 11:35:23.818 12262 12403 I BatteryMgr:DataCollectionService: stats => 1689154523818,-102,4252
07-12 11:35:23.820 12262 12403 I BatteryMgr:DataCollectionService: stats => 1689154523820,-102,4252
07-12 11:35:23.822 12262 12403 I BatteryMgr:DataCollectionService: stats => 1689154523822,-102,4252
07-12 11:35:23.825 12262 12403 I BatteryMgr:DataCollectionService: stats => 1689154523825,-102,4252
07-12 11:35:23.827 12262 12403 I BatteryMgr:DataCollectionService: stats => 1689154523827,-102,4252
07-12 11:35:23.830  3436 12382 D ExynosCamera3: [CAM_ID(1)][]-DEBUG(m_handleInternalFrame[8816]):[EJ] Pass the frame to handleBayerBuffer 40 / m_isNeedRequestFrame = 1, m_isNeedInternalFrame = 0
07-12 11:35:23.832 12262 12403 I BatteryMgr:DataCollectionService: stats => 1689154523831,-102,4252
07-12 11:35:23.834 12262 12403 I BatteryMgr:DataCollectionService: stats => 1689154523834,-102,4252
07-12 11:35:23.836 12262 12403 I BatteryMgr:DataCollectionService: stats => 1689154523836,-102,4252
07-12 11:35:23.838 12262 12403 I BatteryMgr:DataCollectionService: stats => 1689154523838,-102,4252
07-12 11:35:23.840 12262 12403 I BatteryMgr:DataCollectionService: stats => 1689154523840,-102,4252
07-12 11:35:23.842 12262 12403 I BatteryMgr:DataCollectionService: stats => 1689154523842,-102,4252
07-12 11:35:23.844 12262 12403 I BatteryMgr:DataCollectionService: stats => 1689154523844,-102,4252
07-12 11:35:23.846 12262 12403 I BatteryMgr:DataCollectionService: stats => 1689154523846,-102,4252
07-12 11:35:23.848 12262 12403 I BatteryMgr:DataCollectionService: stats => 1689154523848,-102,4252
07-12 11:35:23.850 12262 12403 I BatteryMgr:DataCollectionService: stats => 1689154523850,-102,4252
07-12 11:35:23.852 12262 12403 I BatteryMgr:DataCollectionService: stats => 1689154523852,-102,4252
07-12 11:35:23.854 12262 12403 I BatteryMgr:DataCollectionService: stats => 1689154523854,-102,4252
07-12 11:35:23.856 12262 12403 I BatteryMgr:DataCollectionService: stats => 1689154523856,-102,4252
07-12 11:35:23.858 12262 12403 I BatteryMgr:DataCollectionService: stats => 1689154523858,-102,4252
07-12 11:35:23.860 12262 12403 I BatteryMgr:DataCollectionService: stats => 1689154523860,-102,4252
07-12 11:35:23.861  3436 12382 D ExynosCamera3: [CAM_ID(1)][]-DEBUG(m_handleInternalFrame[8816]):[EJ] Pass the frame to handleBayerBuffer 41 / m_isNeedRequestFrame = 1, m_isNeedInternalFrame = 0
07-12 11:35:23.862 12262 12403 I BatteryMgr:DataCollectionService: stats => 1689154523862,-102,4252
07-12 11:35:23.864 12262 12403 I BatteryMgr:DataCollectionService: stats => 1689154523864,-102,4252
07-12 11:35:23.866 12262 12403 I BatteryMgr:DataCollectionService: stats => 1689154523866,-102,4252
07-12 11:35:23.868 12262 12403 I BatteryMgr:DataCollectionService: stats => 1689154523868,-102,4252
07-12 11:35:23.870 12262 12403 I BatteryMgr:DataCollectionService: stats => 1689154523870,-102,4252
07-12 11:35:23.872 12262 12403 I BatteryMgr:DataCollectionService: stats => 1689154523872,-102,4252
07-12 11:35:23.874 12262 12403 I BatteryMgr:DataCollectionService: stats => 1689154523873,-102,4252
07-12 11:35:23.876 12262 12403 I BatteryMgr:DataCollectionService: stats => 1689154523875,-102,4252
07-12 11:35:23.877 12262 12403 I BatteryMgr:DataCollectionService: stats => 1689154523877,-102,4252
07-12 11:35:23.879 12262 12403 I BatteryMgr:DataCollectionService: stats => 1689154523879,-102,4252
07-12 11:35:23.881 12262 12403 I BatteryMgr:DataCollectionService: stats => 1689154523881,-102,4252
07-12 11:35:23.883 12262 12403 I BatteryMgr:DataCollectionService: stats => 1689154523883,-102,4252
07-12 11:35:23.885 12262 12403 I BatteryMgr:DataCollectionService: stats => 1689154523885,-102,4252
07-12 11:35:23.887 12262 12403 I BatteryMgr:DataCollectionService: stats => 1689154523887,-102,4252
07-12 11:35:23.889 12262 12403 I BatteryMgr:DataCollectionService: stats => 1689154523889,-102,4252
07-12 11:35:23.891 12262 12403 I BatteryMgr:DataCollectionService: stats => 1689154523891,-102,4252
07-12 11:35:23.893 12262 12403 I BatteryMgr:DataCollectionService: stats => 1689154523893,-102,4252
07-12 11:35:23.894  3436 12382 D ExynosCamera3: [CAM_ID(1)][]-DEBUG(m_handleInternalFrame[8816]):[EJ] Pass the frame to handleBayerBuffer 42 / m_isNeedRequestFrame = 1, m_isNeedInternalFrame = 0
07-12 11:35:23.896 12262 12403 I BatteryMgr:DataCollectionService: stats => 1689154523895,-102,4252
07-12 11:35:23.898 12262 12403 I BatteryMgr:DataCollectionService: stats => 1689154523897,-102,4252
07-12 11:35:23.900 12262 12403 I BatteryMgr:DataCollectionService: stats => 1689154523900,-102,4252
07-12 11:35:23.902 12262 12403 I BatteryMgr:DataCollectionService: stats => 1689154523902,-102,4252
07-12 11:35:23.904 12262 12403 I BatteryMgr:DataCollectionService: stats => 1689154523903,-102,4252
07-12 11:35:23.906 12262 12403 I BatteryMgr:DataCollectionService: stats => 1689154523905,-102,4252
07-12 11:35:23.908 12262 12403 I BatteryMgr:DataCollectionService: stats => 1689154523908,-102,4252
07-12 11:35:23.909 12262 12403 I BatteryMgr:DataCollectionService: stats => 1689154523909,-102,4252
07-12 11:35:23.911 12262 12403 I BatteryMgr:DataCollectionService: stats => 1689154523911,-102,4252
07-12 11:35:23.913 12262 12403 I BatteryMgr:DataCollectionService: stats => 1689154523913,-102,4252
07-12 11:35:23.915 12262 12403 I BatteryMgr:DataCollectionService: stats => 1689154523915,-102,4252
07-12 11:35:23.917 12262 12403 I BatteryMgr:DataCollectionService: stats => 1689154523917,-102,4252
07-12 11:35:23.919 12262 12403 I BatteryMgr:DataCollectionService: stats => 1689154523919,-102,4252
07-12 11:35:23.921 12262 12403 I BatteryMgr:DataCollectionService: stats => 1689154523921,-102,4252
07-12 11:35:23.923 12262 12403 I BatteryMgr:DataCollectionService: stats => 1689154523923,-102,4252
07-12 11:35:23.925 12262 12403 I BatteryMgr:DataCollectionService: stats => 1689154523925,-102,4252
07-12 11:35:23.927 12262 12403 I BatteryMgr:DataCollectionService: stats => 1689154523927,-102,4252
07-12 11:35:23.928  3436 12382 D ExynosCamera3: [CAM_ID(1)][]-DEBUG(m_handleInternalFrame[8816]):[EJ] Pass the frame to handleBayerBuffer 43 / m_isNeedRequestFrame = 1, m_isNeedInternalFrame = 0
07-12 11:35:23.929 12262 12403 I BatteryMgr:DataCollectionService: stats => 1689154523929,-102,4252
07-12 11:35:23.931 12262 12403 I BatteryMgr:DataCollectionService: stats => 1689154523931,-102,4252
07-12 11:35:23.933 12262 12403 I BatteryMgr:DataCollectionService: stats => 1689154523933,-102,4252
07-12 11:35:23.935 12262 12403 I BatteryMgr:DataCollectionService: stats => 1689154523935,-102,4252
07-12 11:35:23.937 12262 12403 I BatteryMgr:DataCollectionService: stats => 1689154523937,-102,4252
07-12 11:35:23.939 12262 12403 I BatteryMgr:DataCollectionService: stats => 1689154523939,-102,4252
07-12 11:35:23.941 12262 12403 I BatteryMgr:DataCollectionService: stats => 1689154523941,-102,4252
07-12 11:35:23.943 12262 12403 I BatteryMgr:DataCollectionService: stats => 1689154523943,-102,4252
07-12 11:35:23.945 12262 12403 I BatteryMgr:DataCollectionService: stats => 1689154523945,-102,4252
07-12 11:35:23.947 12262 12403 I BatteryMgr:DataCollectionService: stats => 1689154523947,-102,4252
07-12 11:35:23.949 12262 12403 I BatteryMgr:DataCollectionService: stats => 1689154523949,-102,4252
07-12 11:35:23.951 12262 12403 I BatteryMgr:DataCollectionService: stats => 1689154523951,-102,4252
07-12 11:35:23.953 12262 12403 I BatteryMgr:DataCollectionService: stats => 1689154523953,-102,4252
07-12 11:35:23.955 12262 12403 I BatteryMgr:DataCollectionService: stats => 1689154523955,-102,4252
07-12 11:35:23.957 12262 12403 I BatteryMgr:DataCollectionService: stats => 1689154523957,-102,4252
07-12 11:35:23.959 12262 12403 I BatteryMgr:DataCollectionService: stats => 1689154523959,-102,4252
07-12 11:35:23.961  3436 12382 D ExynosCamera3: [CAM_ID(1)][]-DEBUG(m_handleInternalFrame[8816]):[EJ] Pass the frame to handleBayerBuffer 44 / m_isNeedRequestFrame = 1, m_isNeedInternalFrame = 0
07-12 11:35:23.965 12262 12403 I BatteryMgr:DataCollectionService: stats => 1689154523965,-102,4252
07-12 11:35:23.965  3436 12380 W ExynosCamera3: [CAM_ID(1)][]-WARN(m_previewStreamISPPipeThreadFunc[6613]):wait timeout
07-12 11:35:23.967 12262 12403 I BatteryMgr:DataCollectionService: stats => 1689154523967,-102,4252
07-12 11:35:23.968  3436 12379 W ExynosCamera3: [CAM_ID(1)][]-WARN(m_previewStreamVRAPipeThreadFunc[6650]):wait timeout
07-12 11:35:23.969 12262 12403 I BatteryMgr:DataCollectionService: stats => 1689154523969,-102,4252
07-12 11:35:23.971 12262 12403 I BatteryMgr:DataCollectionService: stats => 1689154523971,-102,4252
07-12 11:35:23.973 12262 12403 I BatteryMgr:DataCollectionService: stats => 1689154523973,-102,4252
07-12 11:35:23.975 12262 12403 I BatteryMgr:DataCollectionService: stats => 1689154523975,-102,4252
07-12 11:35:23.977 12262 12403 I BatteryMgr:DataCollectionService: stats => 1689154523977,-102,4252
07-12 11:35:23.979 12262 12403 I BatteryMgr:DataCollectionService: stats => 1689154523979,-102,4252
07-12 11:35:23.981 12262 12403 I BatteryMgr:DataCollectionService: stats => 1689154523981,-102,4252
07-12 11:35:23.983 12262 12403 I BatteryMgr:DataCollectionService: stats => 1689154523982,-102,4252
07-12 11:35:23.985 12262 12403 I BatteryMgr:DataCollectionService: stats => 1689154523985,-102,4252
07-12 11:35:23.987 12262 12403 I BatteryMgr:DataCollectionService: stats => 1689154523987,-102,4252
07-12 11:35:23.989 12262 12403 I BatteryMgr:DataCollectionService: stats => 1689154523989,-102,4252
07-12 11:35:23.991 12262 12403 I BatteryMgr:DataCollectionService: stats => 1689154523991,-102,4252
07-12 11:35:23.993 12262 12403 I BatteryMgr:DataCollectionService: stats => 1689154523993,-102,4252
07-12 11:35:23.994  3436 12382 D ExynosCamera3: [CAM_ID(1)][]-DEBUG(m_handleInternalFrame[8816]):[EJ] Pass the frame to handleBayerBuffer 45 / m_isNeedRequestFrame = 1, m_isNeedInternalFrame = 0
07-12 11:35:23.999 12262 12403 I BatteryMgr:DataCollectionService: stats => 1689154523999,-102,4252
07-12 11:35:24.001 12262 12403 I BatteryMgr:DataCollectionService: stats => 1689154524001,-102,4252
07-12 11:35:24.003 12262 12403 I BatteryMgr:DataCollectionService: stats => 1689154524003,-102,4252
07-12 11:35:24.004 12262 12403 I BatteryMgr:DataCollectionService: stats => 1689154524004,-102,4252
07-12 11:35:24.006 12262 12403 I BatteryMgr:DataCollectionService: stats => 1689154524006,-102,4252
07-12 11:35:24.008 12262 12403 I BatteryMgr:DataCollectionService: stats => 1689154524008,-102,4252
07-12 11:35:24.010 12262 12403 I BatteryMgr:DataCollectionService: stats => 1689154524010,-102,4252
07-12 11:35:24.012 12262 12403 I BatteryMgr:DataCollectionService: stats => 1689154524012,-102,4252
07-12 11:35:24.014 12262 12403 I BatteryMgr:DataCollectionService: stats => 1689154524014,-102,4252
07-12 11:35:24.016 12262 12403 I BatteryMgr:DataCollectionService: stats => 1689154524016,-102,4252
07-12 11:35:24.018 12262 12403 I BatteryMgr:DataCollectionService: stats => 1689154524018,-102,4252
07-12 11:35:24.020 12262 12403 I BatteryMgr:DataCollectionService: stats => 1689154524020,-102,4252
07-12 11:35:24.022 12262 12403 I BatteryMgr:DataCollectionService: stats => 1689154524022,-102,4252
07-12 11:35:24.024 12262 12403 I BatteryMgr:DataCollectionService: stats => 1689154524024,-102,4252
07-12 11:35:24.026 12262 12403 I BatteryMgr:DataCollectionService: stats => 1689154524026,-102,4252
07-12 11:35:24.028  3436 12382 D ExynosCamera3: [CAM_ID(1)][]-DEBUG(m_handleInternalFrame[8816]):[EJ] Pass the frame to handleBayerBuffer 46 / m_isNeedRequestFrame = 1, m_isNeedInternalFrame = 0
07-12 11:35:24.028 12262 12403 I BatteryMgr:DataCollectionService: stats => 1689154524028,-102,4252
07-12 11:35:24.031 12262 12403 I BatteryMgr:DataCollectionService: stats => 1689154524030,-102,4252
07-12 11:35:24.033 12262 12403 I BatteryMgr:DataCollectionService: stats => 1689154524033,-102,4252
07-12 11:35:24.035 12262 12403 I BatteryMgr:DataCollectionService: stats => 1689154524034,-102,4252
07-12 11:35:24.036 12262 12403 I BatteryMgr:DataCollectionService: stats => 1689154524036,-102,4252
07-12 11:35:24.038 12262 12403 I BatteryMgr:DataCollectionService: stats => 1689154524038,-102,4252
07-12 11:35:24.040 12262 12403 I BatteryMgr:DataCollectionService: stats => 1689154524040,-102,4252
07-12 11:35:24.042 12262 12403 I BatteryMgr:DataCollectionService: stats => 1689154524042,-102,4252
07-12 11:35:24.044 12262 12403 I BatteryMgr:DataCollectionService: stats => 1689154524044,-102,4252
07-12 11:35:24.046 12262 12403 I BatteryMgr:DataCollectionService: stats => 1689154524046,-102,4252
07-12 11:35:24.048 12262 12403 I BatteryMgr:DataCollectionService: stats => 1689154524048,-102,4252
07-12 11:35:24.050 12262 12403 I BatteryMgr:DataCollectionService: stats => 1689154524050,-102,4252
07-12 11:35:24.052 12262 12403 I BatteryMgr:DataCollectionService: stats => 1689154524052,-102,4252
07-12 11:35:24.054 12262 12403 I BatteryMgr:DataCollectionService: stats => 1689154524054,-102,4252
07-12 11:35:24.056 12262 12403 I BatteryMgr:DataCollectionService: stats => 1689154524056,-102,4252
07-12 11:35:24.058 12262 12403 I BatteryMgr:DataCollectionService: stats => 1689154524057,-102,4252
07-12 11:35:24.059 12262 12403 I BatteryMgr:DataCollectionService: stats => 1689154524059,-102,4252
07-12 11:35:24.061  3436 12382 D ExynosCamera3: [CAM_ID(1)][]-DEBUG(m_handleInternalFrame[8816]):[EJ] Pass the frame to handleBayerBuffer 47 / m_isNeedRequestFrame = 1, m_isNeedInternalFrame = 0
07-12 11:35:24.065 12262 12403 I BatteryMgr:DataCollectionService: stats => 1689154524065,-102,4252
07-12 11:35:24.067 12262 12403 I BatteryMgr:DataCollectionService: stats => 1689154524067,-102,4252
07-12 11:35:24.069 12262 12403 I BatteryMgr:DataCollectionService: stats => 1689154524069,-102,4252
07-12 11:35:24.071 12262 12403 I BatteryMgr:DataCollectionService: stats => 1689154524071,-102,4252
07-12 11:35:24.073 12262 12403 I BatteryMgr:DataCollectionService: stats => 1689154524073,-102,4252
07-12 11:35:24.075 12262 12403 I BatteryMgr:DataCollectionService: stats => 1689154524075,-102,4252
07-12 11:35:24.077 12262 12403 I BatteryMgr:DataCollectionService: stats => 1689154524077,-102,4252
07-12 11:35:24.079 12262 12403 I BatteryMgr:DataCollectionService: stats => 1689154524079,-102,4252
07-12 11:35:24.081 12262 12403 I BatteryMgr:DataCollectionService: stats => 1689154524081,-102,4252
07-12 11:35:24.083 12262 12403 I BatteryMgr:DataCollectionService: stats => 1689154524082,-102,4252
07-12 11:35:24.085 12262 12403 I BatteryMgr:DataCollectionService: stats => 1689154524085,-102,4252
07-12 11:35:24.087 12262 12403 I BatteryMgr:DataCollectionService: stats => 1689154524087,-102,4252
07-12 11:35:24.089 12262 12403 I BatteryMgr:DataCollectionService: stats => 1689154524089,-102,4252
07-12 11:35:24.091 12262 12403 I BatteryMgr:DataCollectionService: stats => 1689154524091,-102,4252
07-12 11:35:24.093 12262 12403 I BatteryMgr:DataCollectionService: stats => 1689154524092,-102,4252
07-12 11:35:24.095 12262 12403 I BatteryMgr:DataCollectionService: stats => 1689154524095,-102,4252
07-12 11:35:24.095  3436 12382 D ExynosCamera3: [CAM_ID(1)][]-DEBUG(m_handleInternalFrame[8816]):[EJ] Pass the frame to handleBayerBuffer 48 / m_isNeedRequestFrame = 1, m_isNeedInternalFrame = 0
07-12 11:35:24.097 12262 12403 I BatteryMgr:DataCollectionService: stats => 1689154524097,-102,4252
07-12 11:35:24.099 12262 12403 I BatteryMgr:DataCollectionService: stats => 1689154524099,-102,4252
07-12 11:35:24.101 12262 12403 I BatteryMgr:DataCollectionService: stats => 1689154524101,-102,4252
07-12 11:35:24.103 12262 12403 I BatteryMgr:DataCollectionService: stats => 1689154524102,-102,4252
07-12 11:35:24.104 12262 12403 I BatteryMgr:DataCollectionService: stats => 1689154524104,-102,4252
07-12 11:35:24.106 12262 12403 I BatteryMgr:DataCollectionService: stats => 1689154524106,-102,4252
07-12 11:35:24.108 12262 12403 I BatteryMgr:DataCollectionService: stats => 1689154524108,-102,4252
07-12 11:35:24.110 12262 12403 I BatteryMgr:DataCollectionService: stats => 1689154524110,-102,4252
07-12 11:35:24.112 12262 12403 I BatteryMgr:DataCollectionService: stats => 1689154524112,-102,4252
07-12 11:35:24.114 12262 12403 I BatteryMgr:DataCollectionService: stats => 1689154524114,-102,4252
07-12 11:35:24.115  3436 12380 W ExynosCamera3: [CAM_ID(1)][]-WARN(m_previewStreamISPPipeThreadFunc[6613]):wait timeout
07-12 11:35:24.116 12262 12403 I BatteryMgr:DataCollectionService: stats => 1689154524116,-102,4252
07-12 11:35:24.118 12262 12403 I BatteryMgr:DataCollectionService: stats => 1689154524118,-102,4252
07-12 11:35:24.119  3436 12379 W ExynosCamera3: [CAM_ID(1)][]-WARN(m_previewStreamVRAPipeThreadFunc[6650]):wait timeout
07-12 11:35:24.120 12262 12403 I BatteryMgr:DataCollectionService: stats => 1689154524120,-102,4252
07-12 11:35:24.122 12262 12403 I BatteryMgr:DataCollectionService: stats => 1689154524122,-102,4252
07-12 11:35:24.123  3957  4328 E TaskPersister: File error accessing recents directory (directory doesn't exist?).
07-12 11:35:24.124 12262 12403 I BatteryMgr:DataCollectionService: stats => 1689154524124,-102,4252
07-12 11:35:24.126 12262 12403 I BatteryMgr:DataCollectionService: stats => 1689154524126,-102,4252
07-12 11:35:24.128  3436 12382 D ExynosCamera3: [CAM_ID(1)][]-DEBUG(m_handleInternalFrame[8816]):[EJ] Pass the frame to handleBayerBuffer 49 / m_isNeedRequestFrame = 1, m_isNeedInternalFrame = 0
07-12 11:35:24.131 12262 12403 I BatteryMgr:DataCollectionService: stats => 1689154524131,-102,4252
07-12 11:35:24.133 12262 12403 I BatteryMgr:DataCollectionService: stats => 1689154524133,-102,4252
07-12 11:35:24.135 12262 12403 I BatteryMgr:DataCollectionService: stats => 1689154524135,-102,4252
07-12 11:35:24.137 12262 12403 I BatteryMgr:DataCollectionService: stats => 1689154524136,-102,4252
07-12 11:35:24.139 12262 12403 I BatteryMgr:DataCollectionService: stats => 1689154524138,-102,4252
07-12 11:35:24.140 12262 12403 I BatteryMgr:DataCollectionService: stats => 1689154524140,-102,4252
07-12 11:35:24.142 12262 12403 I BatteryMgr:DataCollectionService: stats => 1689154524142,-102,4252
07-12 11:35:24.144 12262 12403 I BatteryMgr:DataCollectionService: stats => 1689154524144,-102,4252
07-12 11:35:24.146 12262 12403 I BatteryMgr:DataCollectionService: stats => 1689154524146,-102,4252
07-12 11:35:24.148 12262 12403 I BatteryMgr:DataCollectionService: stats => 1689154524148,-102,4252
07-12 11:35:24.150 12262 12403 I BatteryMgr:DataCollectionService: stats => 1689154524150,-102,4252
07-12 11:35:24.152 12262 12403 I BatteryMgr:DataCollectionService: stats => 1689154524152,-102,4252
07-12 11:35:24.154 12262 12403 I BatteryMgr:DataCollectionService: stats => 1689154524154,-102,4252
07-12 11:35:24.156 12262 12403 I BatteryMgr:DataCollectionService: stats => 1689154524156,-102,4252
07-12 11:35:24.158 12262 12403 I BatteryMgr:DataCollectionService: stats => 1689154524158,-102,4252
07-12 11:35:24.159  3957  6552 I EDMNativeHelperService: isCameraEnabled
07-12 11:35:24.160 12262 12403 I BatteryMgr:DataCollectionService: stats => 1689154524160,-102,4252
07-12 11:35:24.161  3436 12382 D ExynosCamera3: [CAM_ID(1)][]-DEBUG(m_handleInternalFrame[8816]):[EJ] Pass the frame to handleBayerBuffer 50 / m_isNeedRequestFrame = 1, m_isNeedInternalFrame = 0
07-12 11:35:24.163 12262 12403 I BatteryMgr:DataCollectionService: stats => 1689154524163,-102,4252
07-12 11:35:24.165 12262 12403 I BatteryMgr:DataCollectionService: stats => 1689154524165,-102,4252
07-12 11:35:24.167 12262 12403 I BatteryMgr:DataCollectionService: stats => 1689154524167,-102,4252
07-12 11:35:24.169 12262 12403 I BatteryMgr:DataCollectionService: stats => 1689154524169,-102,4252
07-12 11:35:24.170 12262 12403 I BatteryMgr:DataCollectionService: stats => 1689154524170,-102,4252
07-12 11:35:24.172 12262 12403 I BatteryMgr:DataCollectionService: stats => 1689154524172,-102,4252
07-12 11:35:24.174 12262 12403 I BatteryMgr:DataCollectionService: stats => 1689154524174,-102,4252
07-12 11:35:24.176 12262 12403 I BatteryMgr:DataCollectionService: stats => 1689154524176,-102,4252
07-12 11:35:24.178 12262 12403 I BatteryMgr:DataCollectionService: stats => 1689154524178,-102,4252
07-12 11:35:24.180 12262 12403 I BatteryMgr:DataCollectionService: stats => 1689154524180,-102,4252
07-12 11:35:24.182 12262 12403 I BatteryMgr:DataCollectionService: stats => 1689154524182,-102,4252
07-12 11:35:24.183 12262 12403 I BatteryMgr:DataCollectionService: stats => 1689154524183,-102,4252
07-12 11:35:24.185 12262 12403 I BatteryMgr:DataCollectionService: stats => 1689154524185,-102,4252
07-12 11:35:24.187 12262 12403 I BatteryMgr:DataCollectionService: stats => 1689154524187,-102,4252
07-12 11:35:24.189 12262 12403 I BatteryMgr:DataCollectionService: stats => 1689154524189,-102,4252
07-12 11:35:24.191 12262 12403 I BatteryMgr:DataCollectionService: stats => 1689154524191,-102,4252
07-12 11:35:24.193 12262 12403 I BatteryMgr:DataCollectionService: stats => 1689154524193,-102,4252
07-12 11:35:24.194  3436 12382 D ExynosCamera3: [CAM_ID(1)][]-DEBUG(m_handleInternalFrame[8816]):[EJ] Pass the frame to handleBayerBuffer 51 / m_isNeedRequestFrame = 1, m_isNeedInternalFrame = 0
07-12 11:35:24.198 12262 12403 I BatteryMgr:DataCollectionService: stats => 1689154524197,-102,4252
07-12 11:35:24.200 12262 12403 I BatteryMgr:DataCollectionService: stats => 1689154524200,-102,4252
07-12 11:35:24.205 12262 12403 I BatteryMgr:DataCollectionService: stats => 1689154524205,-102,4252
07-12 11:35:24.207 12262 12403 I BatteryMgr:DataCollectionService: stats => 1689154524207,-102,4252
07-12 11:35:24.209 12262 12403 I BatteryMgr:DataCollectionService: stats => 1689154524209,-102,4252
07-12 11:35:24.211 12262 12403 I BatteryMgr:DataCollectionService: stats => 1689154524211,-102,4252
07-12 11:35:24.213 12262 12403 I BatteryMgr:DataCollectionService: stats => 1689154524213,-102,4252
07-12 11:35:24.215 12262 12403 I BatteryMgr:DataCollectionService: stats => 1689154524214,-102,4252
07-12 11:35:24.217 12262 12403 I BatteryMgr:DataCollectionService: stats => 1689154524217,-102,4252
07-12 11:35:24.219 12262 12403 I BatteryMgr:DataCollectionService: stats => 1689154524219,-102,4252
07-12 11:35:24.221 12262 12403 I BatteryMgr:DataCollectionService: stats => 1689154524221,-102,4252
07-12 11:35:24.223 12262 12403 I BatteryMgr:DataCollectionService: stats => 1689154524223,-102,4252
07-12 11:35:24.225 12262 12403 I BatteryMgr:DataCollectionService: stats => 1689154524225,-102,4252
07-12 11:35:24.227  3436 12382 D ExynosCamera3: [CAM_ID(1)][]-DEBUG(m_handleInternalFrame[8816]):[EJ] Pass the frame to handleBayerBuffer 52 / m_isNeedRequestFrame = 1, m_isNeedInternalFrame = 0
07-12 11:35:24.232 12262 12403 I BatteryMgr:DataCollectionService: stats => 1689154524232,-102,4252
07-12 11:35:24.234 12262 12403 I BatteryMgr:DataCollectionService: stats => 1689154524234,-102,4252
07-12 11:35:24.236 12262 12403 I BatteryMgr:DataCollectionService: stats => 1689154524236,-102,4252
07-12 11:35:24.238 12262 12403 I BatteryMgr:DataCollectionService: stats => 1689154524238,-102,4252
07-12 11:35:24.240 12262 12403 I BatteryMgr:DataCollectionService: stats => 1689154524240,-102,4252
07-12 11:35:24.242 12262 12403 I BatteryMgr:DataCollectionService: stats => 1689154524242,-102,4252
07-12 11:35:24.244 12262 12403 I BatteryMgr:DataCollectionService: stats => 1689154524243,-102,4252
07-12 11:35:24.245 12262 12403 I BatteryMgr:DataCollectionService: stats => 1689154524245,-102,4252
07-12 11:35:24.247 12262 12403 I BatteryMgr:DataCollectionService: stats => 1689154524247,-102,4252
07-12 11:35:24.249  3436 12373 W ExynosCameraMCPipe: [CAM_ID(1)][PIPE_ISP]-WARN(m_putBuffer[1530]):inputFrameQ wait timeout
07-12 11:35:24.249  3436 12373 W ExynosCameraMCPipe: [CAM_ID(1)][PIPE_ISP]-WARN(m_putBufferThreadFunc[1471]):m_putbuffer fail, ret(-110)
07-12 11:35:24.249 12262 12403 I BatteryMgr:DataCollectionService: stats => 1689154524249,-102,4252
07-12 11:35:24.251 12262 12403 I BatteryMgr:DataCollectionService: stats => 1689154524251,-102,4252
07-12 11:35:24.253 12262 12403 I BatteryMgr:DataCollectionService: stats => 1689154524253,-102,4252
07-12 11:35:24.255 12262 12403 I BatteryMgr:DataCollectionService: stats => 1689154524255,-102,4252
07-12 11:35:24.257 12262 12403 I BatteryMgr:DataCollectionService: stats => 1689154524257,-102,4252
07-12 11:35:24.259 12262 12403 I BatteryMgr:DataCollectionService: stats => 1689154524258,-102,4252
