07-12 01:03:42.074  3435 14862 D ExynosCameraPipe: [CAM_ID(1)][PIPE_VRA]-DEBUG(m_setNodeInfo[1625]): set pipeInfos on PIPE_VRA : setFormat(640, 360) and reqBuffers(10).
07-12 01:03:42.074  3435 14862 D ExynosCameraNode: [CAM_ID(1)][PIPE_VRA]-DEBUG(setSize[440]):w (640) h (360)
07-12 01:03:42.074  3435 14862 W ExynosCameraNode: [CAM_ID(1)][PIPE_VRA]-WARN(setFormat[759]):name(PIPE_VRA) fd 35, bytesperline(0) < width(640), height(360)
07-12 01:03:42.074  3435 14862 D ExynosCameraNode: [CAM_ID(1)][PIPE_VRA]-DEBUG(m_setFmt[1213]):type 10, 640 x 360, format 909203022(N V 1 6), yuvRange 7
07-12 01:03:42.074  3435 14862 I ExynosCameraPipe: [CAM_ID(1)][PIPE_VRA]-INFO(setupPipe[225]):setupPipe() is succeed (19) prepare (0)
07-12 01:03:42.074  3435 14862 I ExynosCamera3FrameFactory: [CAM_ID(1)][FactoryFront]-INFO(m_initFlitePipe[643]):
07-12 01:03:42.074  3435 14862 I ExynosCamera3FrameFactory: [CAM_ID(1)][FactoryFront]-INFO(m_initFlitePipe[670]):SensorSize(3280x2458)
07-12 01:03:42.074  3435 14862 D ExynosCameraMCPipe: [CAM_ID(1)][PIPE_3AA]-DEBUG(setControl[545]):
07-12 01:03:42.074  3435 14862 I ExynosCameraMCPipe: [CAM_ID(1)][PIPE_3AA]-INFO(setControl[556]):setControl() is succeed, Pipe(5)
07-12 01:03:42.074  3435 14862 I ExynosCamera3FrameFactory: [CAM_ID(1)][FactoryFront]-INFO(m_initFlitePipe[698]):BNS scale down ratio(1.0), size (3280x2458)
07-12 01:03:42.074  3435 14862 I ExynosCamera3Parameters: [CAM_ID(1)][ParametersFront]-INFO(updateHwSensorSize[1321]):curHwSensor size(3280x2458) newHwSensor size(3280x2458)
07-12 01:03:42.076  3435 14862 I ExynosCameraNode: [CAM_ID(1)][ISP_OUTPUT]-INFO(prepareBuffer[956]):prepareBuffers(0)
07-12 01:03:42.079  3435 14862 I ExynosCameraNode: [CAM_ID(1)][ISP_OUTPUT]-INFO(prepareBuffer[956]):prepareBuffers(1)
07-12 01:03:42.081  3446  3446 I Layer   : id=435 onRemoved Splash Screen e.www.cameratest#0 
07-12 01:03:42.081  3435 14862 I ExynosCameraNode: [CAM_ID(1)][ISP_OUTPUT]-INFO(prepareBuffer[956]):prepareBuffers(2)
07-12 01:03:42.084  3435 14862 I ExynosCameraNode: [CAM_ID(1)][ISP_OUTPUT]-INFO(prepareBuffer[956]):prepareBuffers(3)
07-12 01:03:42.086  3435 14862 I ExynosCameraNode: [CAM_ID(1)][ISP_OUTPUT]-INFO(prepareBuffer[956]):prepareBuffers(4)
07-12 01:03:42.089  3435 14862 I ExynosCameraNode: [CAM_ID(1)][ISP_OUTPUT]-INFO(prepareBuffer[956]):prepareBuffers(5)
07-12 01:03:42.091  3435 14862 I ExynosCameraNode: [CAM_ID(1)][ISP_OUTPUT]-INFO(prepareBuffer[956]):prepareBuffers(6)
07-12 01:03:42.094  3435 14862 I ExynosCameraNode: [CAM_ID(1)][ISP_OUTPUT]-INFO(prepareBuffer[956]):prepareBuffers(7)
07-12 01:03:42.096  3435 14862 I ExynosCameraNode: [CAM_ID(1)][ISP_OUTPUT]-INFO(prepareBuffer[956]):prepareBuffers(8)
07-12 01:03:42.096  3435 14862 I ExynosCamera3FrameFactoryPreview: [CAM_ID(1)][FactoryFront]-INFO(mapBuffers[732]):Map buffer Success!
07-12 01:03:42.096  3435 14862 D ExynosCamera3: [CAM_ID(1)][]-DEBUG(m_frameFactoryStartThreadFunc[3910]):prepare 2
07-12 01:03:42.096  3435 14862 D ExynosCamera3: [CAM_ID(1)][]-DEBUG(m_searchFrameFromList[3274]):list is empty
07-12 01:03:42.097  3435 14862 D ExynosCameraMCPipe: [CAM_ID(1)][PIPE_ISP]-DEBUG(m_startNode[3566]):
07-12 01:03:42.097  3435 14862 I ExynosCameraMCPipe: [CAM_ID(1)][PIPE_ISP]-INFO(start[317]):start() is succeed, Pipe(8)
07-12 01:03:42.097  3435 14862 D ExynosCameraMCPipe: [CAM_ID(1)][PIPE_3AA]-DEBUG(m_startNode[3566]):
07-12 01:03:42.098  3435 14862 I ExynosCameraMCPipe: [CAM_ID(1)][PIPE_3AA]-INFO(start[317]):start() is succeed, Pipe(5)
07-12 01:03:42.098  3435 14862 D ExynosCameraMCPipe: [CAM_ID(1)][PIPE_3AA]-DEBUG(prepare[266]):
07-12 01:03:42.098  3435 14862 I ExynosCameraMCPipe: [CAM_ID(1)][PIPE_3AA]-INFO(m_putBuffer[1552]):Internal Frame(5), frameCount(0), (1)
07-12 01:03:42.099  3435 14862 D ExynosCameraMCPipe: [CAM_ID(1)][PIPE_3AA]-DEBUG(m_checkNodeGroupInfo[3655]):(FLITE):vid(0), request(0 -> 1), oldCropSize(0, 0, 0, 0 / 0, 0, 0, 0) -> newCropSize(8, 4, 3264, 2448 / 0, 0, 3264, 2448)
07-12 01:03:42.099  3435 14862 D ExynosCameraMCPipe: [CAM_ID(1)][PIPE_3AA]-DEBUG(m_checkNodeGroupInfo[3655]):(BAYER):vid(114), request(0 -> 0), oldCropSize(0, 0, 0, 0 / 0, 0, 0, 0) -> newCropSize(0, 0, 3280, 2458 / 0, 0, 3280, 2458)
07-12 01:03:42.099  3435 14862 D ExynosCameraMCPipe: [CAM_ID(1)][PIPE_3AA]-DEBUG(m_checkNodeGroupInfo[3655]):(3AA_CAPTURE):vid(21), request(0 -> 1), oldCropSize(0, 0, 0, 0 / 0, 0, 0, 0) -> newCropSize(0, 0, 3264, 2448 / 0, 0, 3264, 2448)
07-12 01:03:42.100  3435 14862 D ExynosCameraMCPipe: [CAM_ID(1)][PIPE_3AA]-DEBUG(m_checkNodeGroupInfo[3655]):(3AA_PREVIEW):vid(22), request(0 -> 0), oldCropSize(0, 0, 0, 0 / 0, 0, 0, 0) -> newCropSize(0, 0, 3264, 2448 / 0, 0, 3264, 2448)
07-12 01:03:42.100  3588 14837 D Camera3-Status: markComponent: Component 1 is now idle
07-12 01:03:42.102  3435 14862 I ExynosCameraMCPipe: [CAM_ID(1)][PIPE_3AA]-INFO(prepare[291]):prepare() is succeed, Pipe(5), prepare(2)
07-12 01:03:42.102  3435 14862 D ExynosCameraMCPipe: [CAM_ID(1)][PIPE_3AA]-DEBUG(sensorStream[501]):
07-12 01:03:42.109  3435 14862 D ExynosCameraMCPipe: [CAM_ID(1)][PIPE_3AA]-DEBUG(setControl[545]):
07-12 01:03:42.110  3435 14862 I ExynosCameraMCPipe: [CAM_ID(1)][PIPE_3AA]-INFO(setControl[556]):setControl() is succeed, Pipe(5)
07-12 01:03:42.110  3435 14862 D ExynosCameraMCPipe: [CAM_ID(1)][PIPE_3AA]-DEBUG(setControl[545]):
07-12 01:03:42.110  3435 14862 I ExynosCameraMCPipe: [CAM_ID(1)][PIPE_3AA]-INFO(setControl[556]):setControl() is succeed, Pipe(5)
07-12 01:03:42.110  3435 14862 I ExynosCamera3FrameFactoryPreview: [CAM_ID(1)][FactoryFront]-INFO(startPipes[871]):Starting Success!
07-12 01:03:42.110  3435 14862 I ExynosCamera3FrameFactoryPreview: [CAM_ID(1)][FactoryFront]-INFO(startInitialThreads[1094]):start pre-ordered initial pipe thread
07-12 01:03:42.110  3435 14862 I ExynosCamera3FrameFactory: [CAM_ID(1)][FactoryFront]-INFO(startThread[125]):pipeId=5
07-12 01:03:42.110  3435 14862 D ExynosCameraMCPipe: [CAM_ID(1)][PIPE_3AA]-DEBUG(startThread[387]):
07-12 01:03:42.110  3435 14870 I ExynosCameraMCPipe: [CAM_ID(1)][PIPE_3AA]-INFO(m_putBuffer[1552]):Internal Frame(5), frameCount(2), (1)
07-12 01:03:42.111  3435 14862 I ExynosCameraMCPipe: [CAM_ID(1)][PIPE_3AA]-INFO(startThread[402]):startThread is succeed, Pipe(5)
07-12 01:03:42.111  3435 14862 I ExynosCamera3FrameFactory: [CAM_ID(1)][FactoryFront]-INFO(startThread[125]):pipeId=8
07-12 01:03:42.111  3435 14862 D ExynosCameraMCPipe: [CAM_ID(1)][PIPE_ISP]-DEBUG(startThread[387]):
07-12 01:03:42.111  3435 14862 I ExynosCameraMCPipe: [CAM_ID(1)][PIPE_ISP]-INFO(startThread[402]):startThread is succeed, Pipe(8)
07-12 01:03:42.111  3435 14862 I ExynosCamera3FrameFactory: [CAM_ID(1)][FactoryFront]-INFO(startThread[125]):pipeId=19
07-12 01:03:42.111  3435 14862 I ExynosCameraPipe: [CAM_ID(1)][PIPE_VRA]-INFO(startThread[376]):IN
07-12 01:03:42.112  3435 14862 I ExynosCameraPipe: [CAM_ID(1)][PIPE_VRA]-INFO(startThread[385]):startThread is succeed Pipe(19)
07-12 01:03:42.113  3435 14875 D ExynosCameraMCPipe: [CAM_ID(1)][PIPE_ISP_REPROCESSING]-DEBUG(setBufferManager[940]):
07-12 01:03:42.113  3435 14875 I ExynosCamera3FrameReprocessingFactory: [CAM_ID(1)][ReprocessingFactory]-INFO(initPipes[213]):
07-12 01:03:42.114  3435 14875 I ExynosCamera3FrameReprocessingFactory: [CAM_ID(1)][ReprocessingFactory]-INFO(initPipes[263]): MaxPreviewSize(3264x2448), HwPreviewSize(3264x2448)
07-12 01:03:42.114  3435 14875 I ExynosCamera3FrameReprocessingFactory: [CAM_ID(1)][ReprocessingFactory]-INFO(initPipes[264]): MaxPixtureSize(3264x2448), HwPixtureSize(3264x2448)
07-12 01:03:42.114  3435 14875 I ExynosCamera3FrameReprocessingFactory: [CAM_ID(1)][ReprocessingFactory]-INFO(initPipes[265]): MaxThumbnailSize(512x384)
07-12 01:03:42.114  3435 14875 I ExynosCamera3FrameReprocessingFactory: [CAM_ID(1)][ReprocessingFactory]-INFO(initPipes[266]): PreviewBayerCropSize(3264x2448)
07-12 01:03:42.114  3435 14875 I ExynosCamera3FrameReprocessingFactory: [CAM_ID(1)][ReprocessingFactory]-INFO(initPipes[277]):YUV_STALL[3] Size 3264x2448 Format 3132564e
07-12 01:03:42.114  3435 14875 I ExynosCamera3FrameReprocessingFactory: [CAM_ID(1)][ReprocessingFactory]-INFO(initPipes[277]):YUV_STALL[4] Size 3264x2448 Format 3132564e
07-12 01:03:42.114  3435 14875 I ExynosCamera3FrameReprocessingFactory: [CAM_ID(1)][ReprocessingFactory]-INFO(initPipes[277]):YUV_STALL[5] Size 3264x2448 Format 3132564e
07-12 01:03:42.114  3435 14875 I ExynosCameraMCPipe: [CAM_ID(1)][PIPE_ISP_REPROCESSING]-INFO(needSerialization[1138]):PIPE_ISP_REPROCESSING serialized operation enabled
07-12 01:03:42.114  3435 14875 D ExynosCameraMCPipe: [CAM_ID(1)][PIPE_ISP_REPROCESSING]-DEBUG(setupPipe[183]):
07-12 01:03:42.114  3435 14875 D ExynosCameraMCPipe: [CAM_ID(1)][PIPE_ISP_REPROCESSING]-DEBUG(setupPipe[193]):set new sensorIds
07-12 01:03:42.114  3435 14875 D ExynosCameraMCPipe: [CAM_ID(1)][PIPE_ISP_REPROCESSING]-DEBUG(m_setInput[2985]): setInput(sensorIds : 18357761) [src nodeNum : 130][nodeNums : 130][otf : 0][leader : 1][reprocessing : 1][unique sensorId : 24]
07-12 01:03:42.114  3435 14875 D ExynosCameraMCPipe: [CAM_ID(1)][PIPE_ISP_REPROCESSING]-DEBUG(m_setInput[2985]): setInput(sensorIds : 18357776) [src nodeNum : 130][nodeNums : 131][otf : 1][leader : 0][reprocessing : 1][unique sensorId : 24]
07-12 01:03:42.114  3435 14875 D ExynosCameraMCPipe: [CAM_ID(1)][PIPE_ISP_REPROCESSING]-DEBUG(m_setInput[2985]): setInput(sensorIds : 18365456) [src nodeNum : 160][nodeNums : 170][otf : 1][leader : 0][reprocessing : 1][unique sensorId : 24]
07-12 01:03:42.114  3435 14875 D ExynosCameraMCPipe: [CAM_ID(1)][PIPE_ISP_REPROCESSING]-DEBUG(m_setInput[2985]): setInput(sensorIds : 18365456) [src nodeNum : 160][nodeNums : 171][otf : 1][leader : 0][reprocessing : 1][unique sensorId : 24]
07-12 01:03:42.114  3435 14875 D ExynosCameraMCPipe: [CAM_ID(1)][PIPE_ISP_REPROCESSING]-DEBUG(m_setInput[2985]): setInput(sensorIds : 18365456) [src nodeNum : 160][nodeNums : 172][otf : 1][leader : 0][reprocessing : 1][unique sensorId : 24]
07-12 01:03:42.114  3435 14875 D ExynosCameraMCPipe: [CAM_ID(1)][PIPE_ISP_REPROCESSING]-DEBUG(m_setInput[2985]): setInput(sensorIds : 18375696) [src nodeNum : 200][nodeNums : 200][otf : 1][leader : 0][reprocessing : 1][unique sensorId : 24]
07-12 01:03:42.114  3435 14875 D ExynosCameraMCPipe: [CAM_ID(1)][PIPE_ISP_REPROCESSING]-DEBUG(m_setInput[2985]): setInput(sensorIds : 18375696) [src nodeNum : 200][nodeNums : 200][otf : 1][leader : 0][reprocessing : 1][unique sensorId : 24]
07-12 01:03:42.114  3435 14875 D ExynosCameraMCPipe: [CAM_ID(1)][PIPE_ISP_REPROCESSING]-DEBUG(m_setInput[2985]): setInput(sensorIds : 18375952) [src nodeNum : 201][nodeNums : 201][otf : 1][leader : 0][reprocessing : 1][unique sensorId : 24]
07-12 01:03:42.114  3435 14875 D ExynosCameraMCPipe: [CAM_ID(1)][PIPE_ISP_REPROCESSING]-DEBUG(m_setInput[2985]): setInput(sensorIds : 18375952) [src nodeNum : 201][nodeNums : 201][otf : 1][leader : 0][reprocessing : 1][unique sensorId : 24]
07-12 01:03:42.114  3435 14875 D ExynosCameraMCPipe: [CAM_ID(1)][PIPE_ISP_REPROCESSING]-DEBUG(m_setInput[2985]): setInput(sensorIds : 18357776) [src nodeNum : 130][nodeNums : 132][otf : 1][leader : 0][reprocessing : 1][unique sensorId : 24]
07-12 01:03:42.114  3435 14875 D ExynosCameraMCPipe: [CAM_ID(1)][PIPE_ISP_REPROCESSING]-DEBUG(m_setInput[2985]): setInput(sensorIds : 18358288) [src nodeNum : 132][nodeNums : 160][otf : 1][leader : 0][reprocessing : 1][unique sensorId : 24]
07-12 01:03:42.121  3435 14875 D ExynosCameraMCPipe: [CAM_ID(1)][PIPE_ISP_REPROCESSING]-DEBUG(m_setPipeInfo[3006]):
07-12 01:03:42.121  3435 14875 D ExynosCameraMCPipe: [CAM_ID(1)][PIPE_ISP_REPROCESSING]-DEBUG(m_setNodeInfo[3094]):
07-12 01:03:42.121  3435 14875 D ExynosCameraMCPipe: [CAM_ID(1)][PIPE_ISP_REPROCESSING]-DEBUG(m_setNodeInfo[3171]):set pipeInfos on REPROCESSING_ISP_OUTPUT, setFormat(3264, 2448) and reqBuffers(25)
07-12 01:03:42.121  3435 14875 D ExynosCameraNode: [CAM_ID(1)][REPROCESSING_ISP_OUTPUT]-DEBUG(setSize[440]):w (3264) h (2448)
07-12 01:03:42.121  3435 14875 D ExynosCameraNode: [CAM_ID(1)][REPROCESSING_ISP_OUTPUT]-DEBUG(m_setFmt[1213]):type 10, 3264 x 2448, format 808535874(B G 1 0), yuvRange 7
07-12 01:03:42.122  3435 14875 D ExynosCameraMCPipe: [CAM_ID(1)][PIPE_ISP_REPROCESSING]-DEBUG(m_setNodeInfo[3094]):
07-12 01:03:42.122  3435 14875 D ExynosCameraMCPipe: [CAM_ID(1)][PIPE_ISP_REPROCESSING]-DEBUG(m_setNodeInfo[3171]):set pipeInfos on REPROCESSING_ISP_CAPTURE_M2M, setFormat(3264, 2448) and reqBuffers(32)
07-12 01:03:42.122  3435 14875 D ExynosCameraNode: [CAM_ID(1)][REPROCESSING_ISP_CAPTURE_M2M]-DEBUG(setSize[440]):w (3264) h (2448)
07-12 01:03:42.122  3435 14875 W ExynosCameraNode: [CAM_ID(1)][REPROCESSING_ISP_CAPTURE_M2M]-WARN(setFormat[759]):name(REPROCESSING_ISP_CAPTURE_M2M) fd 37, bytesperline(0) < width(3264), height(2448)
07-12 01:03:42.122  3435 14875 D ExynosCameraNode: [CAM_ID(1)][REPROCESSING_ISP_CAPTURE_M2M]-DEBUG(m_setFmt[1213]):type 9, 3264 x 2448, format 1448695129(Y U Y V), yuvRange 7
07-12 01:03:42.122  3435 14875 D ExynosCameraMCPipe: [CAM_ID(1)][PIPE_ISP_REPROCESSING]-DEBUG(m_setNodeInfo[3094]):
07-12 01:03:42.122  3435 14875 D ExynosCameraMCPipe: [CAM_ID(1)][PIPE_ISP_REPROCESSING]-DEBUG(m_setNodeInfo[3171]):set pipeInfos on MCSC_CAPTURE_YUV_1, setFormat(3264, 2448) and reqBuffers(32)
07-12 01:03:42.122  3435 14875 D ExynosCameraNode: [CAM_ID(1)][MCSC_CAPTURE_YUV_1]-DEBUG(setSize[440]):w (3264) h (2448)
07-12 01:03:42.122  3435 14875 D ExynosCameraNode: [CAM_ID(1)][MCSC_CAPTURE_YUV_1]-DEBUG(m_setFmt[1213]):type 9, 3264 x 2448, format 825382478(N V 2 1), yuvRange 7
07-12 01:03:42.122  3435 14875 D ExynosCameraMCPipe: [CAM_ID(1)][PIPE_ISP_REPROCESSING]-DEBUG(m_setNodeInfo[3094]):
07-12 01:03:42.122  3435 14875 D ExynosCameraMCPipe: [CAM_ID(1)][PIPE_ISP_REPROCESSING]-DEBUG(m_setNodeInfo[3171]):set pipeInfos on MCSC_CAPTURE_MAIN, setFormat(3264, 2448) and reqBuffers(32)
07-12 01:03:42.122  3435 14875 D ExynosCameraNode: [CAM_ID(1)][MCSC_CAPTURE_MAIN]-DEBUG(setSize[440]):w (3264) h (2448)
07-12 01:03:42.122  3435 14875 W ExynosCameraNode: [CAM_ID(1)][MCSC_CAPTURE_MAIN]-WARN(setFormat[759]):name(MCSC_CAPTURE_MAIN) fd 39, bytesperline(0) < width(3264), height(2448)
07-12 01:03:42.122  3435 14875 D ExynosCameraNode: [CAM_ID(1)][MCSC_CAPTURE_MAIN]-DEBUG(m_setFmt[1213]):type 9, 3264 x 2448, format 1448695129(Y U Y V), yuvRange 7
07-12 01:03:42.123  3435 14875 D ExynosCameraMCPipe: [CAM_ID(1)][PIPE_ISP_REPROCESSING]-DEBUG(m_setNodeInfo[3094]):
07-12 01:03:42.123  3435 14875 D ExynosCameraMCPipe: [CAM_ID(1)][PIPE_ISP_REPROCESSING]-DEBUG(m_setNodeInfo[3171]):set pipeInfos on MCSC_CAPTURE_THUMBNAIL, setFormat(512, 384) and reqBuffers(32)
07-12 01:03:42.123  3435 14875 D ExynosCameraNode: [CAM_ID(1)][MCSC_CAPTURE_THUMBNAIL]-DEBUG(setSize[440]):w (512) h (384)
07-12 01:03:42.123  3435 14875 W ExynosCameraNode: [CAM_ID(1)][MCSC_CAPTURE_THUMBNAIL]-WARN(setFormat[759]):name(MCSC_CAPTURE_THUMBNAIL) fd 40, bytesperline(0) < width(512), height(384)
07-12 01:03:42.123  3435 14875 D ExynosCameraNode: [CAM_ID(1)][MCSC_CAPTURE_THUMBNAIL]-DEBUG(m_setFmt[1213]):type 9, 512 x 384, format 1448695129(Y U Y V), yuvRange 7
07-12 01:03:42.123  3435 14875 D ExynosCameraMCPipe: [CAM_ID(1)][PIPE_ISP_REPROCESSING]-DEBUG(m_setNodeInfo[3094]):
07-12 01:03:42.123  3435 14875 D ExynosCameraMCPipe: [CAM_ID(1)][PIPE_ISP_REPROCESSING]-DEBUG(m_setNodeInfo[3171]):set pipeInfos on HWFC_JPEG_DST, setFormat(3264, 2448) and reqBuffers(32)
07-12 01:03:42.123  3435 14875 D ExynosCameraNodeJpegHAL: [CAM_ID(1)][HWFC_JPEG_DST]-DEBUG(setSize[424]):w (3264) h (2448)
07-12 01:03:42.123  3435 14875 D ExynosCameraNodeJpegHAL: [CAM_ID(1)][HWFC_JPEG_DST]-DEBUG(setColorFormat[306]):format 843534410(J P G 2), yuvRange 7
07-12 01:03:42.123  3435 14875 D ExynosCameraMCPipe: [CAM_ID(1)][PIPE_ISP_REPROCESSING]-DEBUG(m_setNodeInfo[3094]):
07-12 01:03:42.123  3435 14875 D ExynosCameraMCPipe: [CAM_ID(1)][PIPE_ISP_REPROCESSING]-DEBUG(m_setNodeInfo[3171]):set pipeInfos on HWFC_JPEG_SRC, setFormat(3264, 2448) and reqBuffers(32)
07-12 01:03:42.123  3435 14875 D ExynosCameraNodeJpegHAL: [CAM_ID(1)][HWFC_JPEG_SRC]-DEBUG(setSize[424]):w (3264) h (2448)
07-12 01:03:42.123  3435 14875 D ExynosCameraNodeJpegHAL: [CAM_ID(1)][HWFC_JPEG_SRC]-DEBUG(setColorFormat[283]):format 1448695129(Y U Y V), yuvRange 7
07-12 01:03:42.123  3435 14875 D ExynosCameraMCPipe: [CAM_ID(1)][PIPE_ISP_REPROCESSING]-DEBUG(m_setNodeInfo[3094]):
07-12 01:03:42.123  3435 14875 D ExynosCameraMCPipe: [CAM_ID(1)][PIPE_ISP_REPROCESSING]-DEBUG(m_setNodeInfo[3171]):set pipeInfos on HWFC_THUMBNAIL_SRC, setFormat(512, 384) and reqBuffers(32)
07-12 01:03:42.123  3435 14875 D ExynosCameraNodeJpegHAL: [CAM_ID(1)][HWFC_THUMBNAIL_SRC]-DEBUG(setSize[424]):w (512) h (384)
07-12 01:03:42.123  3435 14875 D ExynosCameraNodeJpegHAL: [CAM_ID(1)][HWFC_THUMBNAIL_SRC]-DEBUG(setColorFormat[283]):format 1448695129(Y U Y V), yuvRange 7
07-12 01:03:42.123  3435 14875 D ExynosCameraMCPipe: [CAM_ID(1)][PIPE_ISP_REPROCESSING]-DEBUG(m_setNodeInfo[3094]):
07-12 01:03:42.123  3435 14875 D ExynosCameraMCPipe: [CAM_ID(1)][PIPE_ISP_REPROCESSING]-DEBUG(m_setNodeInfo[3171]):set pipeInfos on HWFC_THUMBNAIL_DST, setFormat(512, 384) and reqBuffers(32)
07-12 01:03:42.123  3435 14875 D ExynosCameraNodeJpegHAL: [CAM_ID(1)][HWFC_THUMBNAIL_DST]-DEBUG(setSize[424]):w (512) h (384)
07-12 01:03:42.123  3435 14875 D ExynosCameraNodeJpegHAL: [CAM_ID(1)][HWFC_THUMBNAIL_DST]-DEBUG(setColorFormat[306]):format 843534410(J P G 2), yuvRange 7
07-12 01:03:42.123  3435 14875 I ExynosCameraMCPipe: [CAM_ID(1)][PIPE_ISP_REPROCESSING]-INFO(setupPipe[258]):setupPipe() is succeed, Pipe(205), prepare(0)
07-12 01:03:42.123  3435 14875 D ExynosCamera3: [CAM_ID(1)][]-DEBUG(m_startReprocessingFrameFactory[8380]):- IN -
07-12 01:03:42.123  3435 14875 I ExynosCamera3FrameReprocessingFactory: [CAM_ID(1)][ReprocessingFactory]-INFO(startPipes[662]):
07-12 01:03:42.123  3435 14875 D ExynosCameraMCPipe: [CAM_ID(1)][PIPE_ISP_REPROCESSING]-DEBUG(m_startNode[3566]):
07-12 01:03:42.124  3435 14875 I ExynosCameraMCPipe: [CAM_ID(1)][PIPE_ISP_REPROCESSING]-INFO(start[317]):start() is succeed, Pipe(205)
07-12 01:03:42.124  3435 14875 I ExynosCamera3FrameReprocessingFactory: [CAM_ID(1)][ReprocessingFactory]-INFO(startPipes[710]):Starting Reprocessing [SCC>ISP] Success!
07-12 01:03:42.124  3435 14875 D ExynosCamera3: DEBUG:duration time(    1 msec):(m_startReprocessingFrameFactory)
07-12 01:03:42.143  3962  3962 D CustomFrequencyManagerService: releaseDVFSLockLocked : Getting Lock type frm List : DVFS_MIN_LIMIT  frequency : 1560000  uid : 1000  pid : 3962  tag : AMS_RESUME_TAIL@CPU_MIN@67
07-12 01:03:42.145  3435 14881 D ExynosCamera3: [CAM_ID(1)][]-DEBUG(m_handleInternalFrame[8816]):[EJ] Pass the frame to handleBayerBuffer 0 / m_isNeedRequestFrame = 0, m_isNeedInternalFrame = 1
07-12 01:03:42.145  3435 14876 D ExynosCamera3: [CAM_ID(1)][]-DEBUG(m_previewFrameHandler[2457]):Use ZSL Service Buffer. framecount 3 bufferIndex 31
07-12 01:03:42.145  3435 14870 D ExynosCameraMCPipe: [CAM_ID(1)][PIPE_3AA]-DEBUG(m_putBuffer[1621]):Skip to get buffer from bufferMgr.                        pipeId(6), frameCount(3) bufferIndex 31)
07-12 01:03:42.148  3435 14870 D ExynosCameraMCPipe: [CAM_ID(1)][PIPE_3AA]-DEBUG(m_checkNodeGroupInfo[3655]):(3AA_PREVIEW):vid(22), request(0 -> 1), oldCropSize(0, 0, 3264, 2448 / 0, 0, 3264, 2448) -> newCropSize(0, 0, 3264, 2448 / 0, 0, 3264, 2448)
07-12 01:03:42.176  3435 14881 D ExynosCamera3: [CAM_ID(1)][]-DEBUG(m_handleInternalFrame[8816]):[EJ] Pass the frame to handleBayerBuffer 1 / m_isNeedRequestFrame = 1, m_isNeedInternalFrame = 0
07-12 01:03:42.176  3435 14870 I ExynosCameraMCPipe: [CAM_ID(1)][PIPE_3AA]-INFO(m_putBuffer[1552]):Internal Frame(5), frameCount(4), (1)
07-12 01:03:42.178  3435 14870 D ExynosCameraMCPipe: [CAM_ID(1)][PIPE_3AA]-DEBUG(m_checkNodeGroupInfo[3655]):(3AA_PREVIEW):vid(22), request(1 -> 0), oldCropSize(0, 0, 3264, 2448 / 0, 0, 3264, 2448) -> newCropSize(0, 0, 3264, 2448 / 0, 0, 3264, 2448)
07-12 01:03:42.199  3962  4026 I WindowManager: Destroying surface Surface(name=com.example.batterymanager_utility/com.example.batterymanager_utility.MainActivity) called by com.android.server.wm.WindowStateAnimator.destroySurface:2501 com.android.server.wm.WindowStateAnimator.destroySurfaceLocked:985 com.android.server.wm.WindowState.destroyOrSaveSurfaceUnchecked:3670 com.android.server.wm.WindowState.destroySurface:3618 com.android.server.wm.AppWindowToken.destroySurfaces:722 com.android.server.wm.AppWindowToken.destroySurfaces:706 com.android.server.wm.WindowState.onExitAnimationDone:5316 com.android.server.wm.WindowStateAnimator.stepAnimationLocked:550 
07-12 01:03:42.199  3446  3486 I SurfaceFlinger: id=434 Removed com.example.batterymanager_utility/com.example.batterymanager_utility.MainActivity#0 (2/5)
07-12 01:03:42.200  3962  3986 D CustomFrequencyManagerService: acquireDVFSLockLocked : type : DVFS_MIN_LIMIT  frequency : 1560000  uid : 1000  pid : 3962  pkgName : AMS_RESUME_TAIL@CPU_MIN@67
07-12 01:03:42.200  3962  3986 D ActivityManagerPerformance: AMP_acquire() TAIL
07-12 01:03:42.200  3962  3986 D CustomFrequencyManagerService: releaseDVFSLockLocked : Getting Lock type frm List : DVFS_MIN_LIMIT  frequency : 1560000  uid : 1000  pid : 3962  tag : AMS_APP_SWITCH@CPU_MIN@61
07-12 01:03:42.201  3446  3446 I SurfaceFlinger: Display 0 HWC layers:
07-12 01:03:42.201  3446  3446 I SurfaceFlinger:     type    |    handle    | flag |  format   |   source crop (l,t,r,b)    |         frame       | name 
07-12 01:03:42.201  3446  3446 I SurfaceFlinger: ------------+--------------+------+-----------+----------------------------+---------------------+------
07-12 01:03:42.201  3446  3446 I SurfaceFlinger:      Device | 0x7147685140 | 0002 | RGBA_8888 |   0.0    0.0  720.0 1280.0 |    0    0  720 1280 | e.www.cameratest/e.www.cameratest.MainActivity#0
07-12 01:03:42.201  3446  3446 I SurfaceFlinger:      Device | 0x71476a8580 | 0000 | RGBA_8888 |   0.0    0.0  720.0   42.0 |    0    0  720   42 | StatusBar#0
07-12 01:03:42.201  3446  3446 I SurfaceFlinger: 
07-12 01:03:42.201  3962  3986 D ActivityManagerPerformance: AMP_release() APP_SWITCH
07-12 01:03:42.202  3446  3486 I SurfaceFlinger: id=434 Removed com.example.batterymanager_utility/com.example.batterymanager_utility.MainActivity#0 (-2/5)
07-12 01:03:42.209  3435 14881 D ExynosCamera3: [CAM_ID(1)][]-DEBUG(m_handleInternalFrame[8816]):[EJ] Pass the frame to handleBayerBuffer 2 / m_isNeedRequestFrame = 1, m_isNeedInternalFrame = 0
07-12 01:03:42.214  3446  3446 I Layer   : id=434 onRemoved com.example.batterymanager_utility/com.example.batterymanager_utility.MainActivity#0 
07-12 01:03:42.262  3435 14874 W ExynosCameraPipeVRAGroup: [CAM_ID(1)][PIPE_VRA]-WARN(m_putBuffer[139]):wait timeout
07-12 01:03:42.263  3435 14874 D ExynosCameraNode: [CAM_ID(1)][PIPE_VRA]-DEBUG(dumpState[1024]):
07-12 01:03:42.263  3435 14874 D ExynosCameraNode: [CAM_ID(1)][PIPE_VRA]-DEBUG(dumpState[1027]):m_name[PIPE_VRA]
07-12 01:03:42.263  3435 14874 D ExynosCameraNode: [CAM_ID(1)][PIPE_VRA]-DEBUG(dumpState[1029]):m_alias[PIPE_VRA]
07-12 01:03:42.263  3435 14874 D ExynosCameraNode: [CAM_ID(1)][PIPE_VRA]-DEBUG(dumpState[1034]):m_fd[35], width[640], height[360]
07-12 01:03:42.263  3435 14874 D ExynosCameraNode: [CAM_ID(1)][PIPE_VRA]-DEBUG(dumpState[1039]):m_format[909203022], m_planes[2], m_buffers[10], m_memory[4]
07-12 01:03:42.263  3435 14874 D ExynosCameraNode: [CAM_ID(1)][PIPE_VRA]-DEBUG(dumpState[1043]):m_type[10], m_flagStart[1], m_flagCreate[1]
07-12 01:03:42.263  3435 14874 D ExynosCameraNode: [CAM_ID(1)][PIPE_VRA]-DEBUG(dumpState[1049]):m_crop type[0], X : Y[0 : 0], W : H[0 : 0]
07-12 01:03:42.263  3435 14874 I ExynosCameraNode: [CAM_ID(1)][PIPE_VRA]-INFO(dumpState[1051]):Node state(1)
07-12 01:03:42.264  3435 14879 W ExynosCamera3: [CAM_ID(1)][]-WARN(m_previewStreamISPPipeThreadFunc[6613]):wait timeout
07-12 01:03:42.264  3435 14878 W ExynosCamera3: [CAM_ID(1)][]-WARN(m_previewStreamVRAPipeThreadFunc[6650]):wait timeout
07-12 01:03:42.270  3435 14877 D ExynosCameraBufferManager: [CAM_ID(1)][ZSL_STREAM_BUF]-DEBUG(m_release[4516]):bufIndex(31)
07-12 01:03:42.270  3435 14877 D ExynosCameraBufferManager: [CAM_ID(1)][ZSL_STREAM_BUF]-DEBUG(m_removeFence[4482]):list is empty
07-12 01:03:42.270  3435 14872 W ExynosCameraMCPipe: [CAM_ID(1)][PIPE_ISP]-WARN(m_putBuffer[1712]):Capture node putbuffer is Zero, frameCount(3)
07-12 01:03:42.270  3435 14872 D ExynosCameraMCPipe: [CAM_ID(1)][PIPE_ISP]-DEBUG(m_checkNodeGroupInfo[3655]):(ISP_OUTPUT):vid(0), request(0 -> 1), oldCropSize(0, 0, 0, 0 / 0, 0, 0, 0) -> newCropSize(0, 0, 3264, 2448 / 0, 0, 3264, 2448)
07-12 01:03:42.270  3435 14872 D ExynosCameraMCPipe: [CAM_ID(1)][PIPE_ISP]-DEBUG(m_checkNodeGroupInfo[3655]):(MCSC_PREVIEW):vid(70), request(0 -> 0), oldCropSize(0, 0, 0, 0 / 0, 0, 0, 0) -> newCropSize(0, 0, 3264, 2448 / 0, 0, 3264, 2448)
07-12 01:03:42.270  3435 14872 D ExynosCameraMCPipe: [CAM_ID(1)][PIPE_ISP]-DEBUG(m_checkNodeGroupInfo[3655]):(MCSC_PREVIEW_CALLBACK):vid(71), request(0 -> 0), oldCropSize(0, 0, 0, 0 / 0, 0, 0, 0) -> newCropSize(0, 0, 3264, 2448 / 0, 0, 3264, 2448)
07-12 01:03:42.270  3435 14872 D ExynosCameraMCPipe: [CAM_ID(1)][PIPE_ISP]-DEBUG(m_checkNodeGroupInfo[3655]):(MCSC_RECORDING):vid(72), request(0 -> 0), oldCropSize(0, 0, 0, 0 / 0, 0, 0, 0) -> newCropSize(0, 0, 3264, 2448 / 0, 0, 3264, 2448)
07-12 01:03:42.271  3435 14872 D ExynosCameraMCPipe: [CAM_ID(1)][PIPE_ISP]-DEBUG(m_checkNodeGroupInfo[3655]):(MCSC_DS):vid(73), request(0 -> 0), oldCropSize(0, 0, 0, 0 / 0, 0, 0, 0) -> newCropSize(0, 306, 3264, 1836 / 0, 0, 640, 360)
07-12 01:03:42.273  3588  3939 D Camera3-Status: markComponent: Component 2 is now idle
07-12 01:03:42.285  3435 14873 E ExynosCameraMCPipe: [CAM_ID(1)][PIPE_ISP]-ERR(m_getBuffer[2321]):frameCount(3)                    : captureNodeCount == 0 || checkRet(0) != NO_ERROR.                    so, setFrameState(FRAME_STATE_SKIPPED)
07-12 01:03:42.286  3435 14879 W ExynosCamera3: [CAM_ID(1)][]-WARN(m_handlePreviewFrame[7077]):Skipped frame. Force callback result. frameCount 3
07-12 01:03:42.288  3588  3939 D Camera3-Status: markComponent: Component 0 is now idle
07-12 01:03:42.308  3962  4327 I OpenGLRenderer: Initialized EGL, version 1.4
07-12 01:03:42.308  3962  4327 D OpenGLRenderer: Swap behavior 2
07-12 01:03:42.316  3435 14880 I ExynosCamera3: [CAM_ID(1)][]-INFO(m_monitorThreadFunc[9128]):@FIMC_IS_SYNC 9
07-12 01:03:42.316  3435 14880 D ExynosCameraMCPipe: [CAM_ID(1)][PIPE_3AA]-DEBUG(syncLog[1174]):
07-12 01:03:42.329  3435 14881 D ExynosCamera3: [CAM_ID(1)][]-DEBUG(m_handleInternalFrame[8816]):[EJ] Pass the frame to handleBayerBuffer 4 / m_isNeedRequestFrame = 1, m_isNeedInternalFrame = 0
07-12 01:03:42.373  3962  4086 D MdnieScenarioControlService:  packageName : e.www.cameratest    className : e.www.cameratest.MainActivity
07-12 01:03:42.374  3962  4086 V MdnieScenarioControlService: setUIMode from UI function(3)
07-12 01:03:42.389  3435 14881 D ExynosCamera3: [CAM_ID(1)][]-DEBUG(m_handleInternalFrame[8816]):[EJ] Pass the frame to handleBayerBuffer 5 / m_isNeedRequestFrame = 1, m_isNeedInternalFrame = 0
07-12 01:03:42.414  3435 14878 W ExynosCamera3: [CAM_ID(1)][]-WARN(m_previewStreamVRAPipeThreadFunc[6650]):wait timeout
07-12 01:03:42.437  3435 14879 W ExynosCamera3: [CAM_ID(1)][]-WARN(m_previewStreamISPPipeThreadFunc[6613]):wait timeout
07-12 01:03:42.449  3435 14881 D ExynosCamera3: [CAM_ID(1)][]-DEBUG(m_handleInternalFrame[8816]):[EJ] Pass the frame to handleBayerBuffer 6 / m_isNeedRequestFrame = 1, m_isNeedInternalFrame = 0
07-12 01:03:42.508  3435 14881 D ExynosCamera3: [CAM_ID(1)][]-DEBUG(m_handleInternalFrame[8816]):[EJ] Pass the frame to handleBayerBuffer 7 / m_isNeedRequestFrame = 1, m_isNeedInternalFrame = 0
07-12 01:03:42.565  3435 14878 W ExynosCamera3: [CAM_ID(1)][]-WARN(m_previewStreamVRAPipeThreadFunc[6650]):wait timeout
07-12 01:03:42.568  3435 14881 D ExynosCamera3: [CAM_ID(1)][]-DEBUG(m_handleInternalFrame[8816]):[EJ] Pass the frame to handleBayerBuffer 8 / m_isNeedRequestFrame = 1, m_isNeedInternalFrame = 0
07-12 01:03:42.588  3435 14879 W ExynosCamera3: [CAM_ID(1)][]-WARN(m_previewStreamISPPipeThreadFunc[6613]):wait timeout
07-12 01:03:42.628  3435 14881 D ExynosCamera3: [CAM_ID(1)][]-DEBUG(m_handleInternalFrame[8816]):[EJ] Pass the frame to handleBayerBuffer 9 / m_isNeedRequestFrame = 1, m_isNeedInternalFrame = 0
07-12 01:03:42.688  3435 14881 D ExynosCamera3: [CAM_ID(1)][]-DEBUG(m_handleInternalFrame[8816]):[EJ] Pass the frame to handleBayerBuffer 10 / m_isNeedRequestFrame = 1, m_isNeedInternalFrame = 0
07-12 01:03:42.715  3435 14878 W ExynosCamera3: [CAM_ID(1)][]-WARN(m_previewStreamVRAPipeThreadFunc[6650]):wait timeout
07-12 01:03:42.738  3435 14879 W ExynosCamera3: [CAM_ID(1)][]-WARN(m_previewStreamISPPipeThreadFunc[6613]):wait timeout
07-12 01:03:42.748  3435 14881 D ExynosCamera3: [CAM_ID(1)][]-DEBUG(m_handleInternalFrame[8816]):[EJ] Pass the frame to handleBayerBuffer 11 / m_isNeedRequestFrame = 1, m_isNeedInternalFrame = 0
07-12 01:03:42.770 11488 11488 E adbd    : recv: OPEN 00007f21 00000000 006e:73 68 65 6C 6C 2C 76 32 2C 54 45 52 4D 3D 73 63 72 65 65 6E 2C 72 61 77 3A 64 75 6D 70 73 79 73 20 61 63 74 69 76 69 74 79 20 72 65 63 65 6E 74 73 20 7C 20 67 72 65 70 20 22 52 65 63 65 6E 74 20 23 30 22 20 7C 20 63 75 74 20 2D 64 20 22 3D 22 20 2D 66 32 20 7C 20 67 72 65 70 20 2D 6F 20 2D 70 20 22 5B 61 2D 7A 7C 2E 5D 2A 22 00 
07-12 01:03:42.770 11488 11488 E adbd    : service_to_fd: shell,v2,TERM=screen,raw:dumpsys activity recents | grep "Recent #0" | cut -d "=" -f2 | grep -o -p "[a-z|.]*"
07-12 01:03:42.801  3962  3962 D CustomFrequencyManagerService: releaseDVFSLockLocked : Getting Lock type frm List : DVFS_MIN_LIMIT  frequency : 1560000  uid : 1000  pid : 3962  tag : AMS_RESUME_TAIL@CPU_MIN@67
07-12 01:03:42.808  3435 14881 D ExynosCamera3: [CAM_ID(1)][]-DEBUG(m_handleInternalFrame[8816]):[EJ] Pass the frame to handleBayerBuffer 12 / m_isNeedRequestFrame = 1, m_isNeedInternalFrame = 0
07-12 01:03:42.821  3435 14872 W ExynosCameraMCPipe: [CAM_ID(1)][PIPE_ISP]-WARN(m_putBuffer[1530]):inputFrameQ wait timeout
07-12 01:03:42.821  3435 14872 W ExynosCameraMCPipe: [CAM_ID(1)][PIPE_ISP]-WARN(m_putBufferThreadFunc[1471]):m_putbuffer fail, ret(-110)
07-12 01:03:42.835  3435 14873 W ExynosCameraMCPipe: [CAM_ID(1)][PIPE_ISP]-WARN(m_getBuffer[1976]):requestFrameQ wait timeout
07-12 01:03:42.835  3435 14873 W ExynosCameraMCPipe: [CAM_ID(1)][PIPE_ISP]-WARN(m_getBufferThreadFunc[1492]):m_getBuffer fail, ret(-110)
07-12 01:03:42.857  3962  3962 D PreBindingService: handleMessage : 1
07-12 01:03:42.863 11488 11488 E adbd    : recv: OPEN 00007f24 00000000 003a:73 68 65 6C 6C 2C 76 32 2C 54 45 52 4D 3D 73 63 72 65 65 6E 2C 72 61 77 3A 67 65 74 70 72 6F 70 20 72 6F 2E 62 75 69 6C 64 2E 76 65 72 73 69 6F 6E 2E 72 65 6C 65 61 73 65 00 
07-12 01:03:42.863 11488 11488 E adbd    : service_to_fd: shell,v2,TERM=screen,raw:getprop ro.build.version.release
07-12 01:03:42.865  3435 14878 W ExynosCamera3: [CAM_ID(1)][]-WARN(m_previewStreamVRAPipeThreadFunc[6650]):wait timeout
07-12 01:03:42.868  3435 14881 D ExynosCamera3: [CAM_ID(1)][]-DEBUG(m_handleInternalFrame[8816]):[EJ] Pass the frame to handleBayerBuffer 13 / m_isNeedRequestFrame = 1, m_isNeedInternalFrame = 0
07-12 01:03:42.888  3435 14879 W ExynosCamera3: [CAM_ID(1)][]-WARN(m_previewStreamISPPipeThreadFunc[6613]):wait timeout
07-12 01:03:42.928  3435 14881 D ExynosCamera3: [CAM_ID(1)][]-DEBUG(m_handleInternalFrame[8816]):[EJ] Pass the frame to handleBayerBuffer 14 / m_isNeedRequestFrame = 1, m_isNeedInternalFrame = 0
07-12 01:03:42.938 11488 11488 E adbd    : recv: OPEN 00007f27 00000000 0036:73 68 65 6C 6C 2C 76 32 2C 54 45 52 4D 3D 73 63 72 65 65 6E 2C 72 61 77 3A 67 65 74 70 72 6F 70 20 72 6F 2E 62 75 69 6C 64 2E 76 65 72 73 69 6F 6E 2E 73 64 6B 00 
07-12 01:03:42.938 11488 11488 E adbd    : service_to_fd: shell,v2,TERM=screen,raw:getprop ro.build.version.sdk
07-12 01:03:42.988  3435 14881 D ExynosCamera3: [CAM_ID(1)][]-DEBUG(m_handleInternalFrame[8816]):[EJ] Pass the frame to handleBayerBuffer 15 / m_isNeedRequestFrame = 1, m_isNeedInternalFrame = 0
07-12 01:03:43.016  3435 14878 W ExynosCamera3: [CAM_ID(1)][]-WARN(m_previewStreamVRAPipeThreadFunc[6650]):wait timeout
07-12 01:03:43.035 11488 11488 E adbd    : recv: OPEN 00007f2a 00000000 003a:73 68 65 6C 6C 2C 76 32 2C 54 45 52 4D 3D 73 63 72 65 65 6E 2C 72 61 77 3A 67 65 74 70 72 6F 70 20 72 6F 2E 62 75 69 6C 64 2E 76 65 72 73 69 6F 6E 2E 72 65 6C 65 61 73 65 00 
07-12 01:03:43.035 11488 11488 E adbd    : service_to_fd: shell,v2,TERM=screen,raw:getprop ro.build.version.release
07-12 01:03:43.038  3435 14879 W ExynosCamera3: [CAM_ID(1)][]-WARN(m_previewStreamISPPipeThreadFunc[6613]):wait timeout
07-12 01:03:43.039  3962 13966 I EDMNativeHelperService: isCameraEnabled
07-12 01:03:43.048  3435 14881 D ExynosCamera3: [CAM_ID(1)][]-DEBUG(m_handleInternalFrame[8816]):[EJ] Pass the frame to handleBayerBuffer 16 / m_isNeedRequestFrame = 1, m_isNeedInternalFrame = 0
07-12 01:03:43.108  3435 14881 D ExynosCamera3: [CAM_ID(1)][]-DEBUG(m_handleInternalFrame[8816]):[EJ] Pass the frame to handleBayerBuffer 17 / m_isNeedRequestFrame = 1, m_isNeedInternalFrame = 0
07-12 01:03:43.110 11488 11488 E adbd    : recv: OPEN 00007f2d 00000000 0036:73 68 65 6C 6C 2C 76 32 2C 54 45 52 4D 3D 73 63 72 65 65 6E 2C 72 61 77 3A 67 65 74 70 72 6F 70 20 72 6F 2E 62 75 69 6C 64 2E 76 65 72 73 69 6F 6E 2E 73 64 6B 00 
07-12 01:03:43.110 11488 11488 E adbd    : service_to_fd: shell,v2,TERM=screen,raw:getprop ro.build.version.sdk
07-12 01:03:43.134  3962  3988 I PowerManagerService: [PWL] On : 49707124 (7813573 ms ago)
07-12 01:03:43.134  3962  3988 I PowerManagerService: [PWL]  mStayOn: false  mWakeLockSummary & WAKE_LOCK_STAY_AWAKE: 20  mUserActivitySummary: 0x4
07-12 01:03:43.134  3962  3988 I PowerManagerService: [PWL]  SCREEN_BRIGHT_WAKE_LOCK        'app:ScreenScreenON' ACQ=-2h9m57s464ms (uid=10162 pid=31972)
07-12 01:03:43.166  3435 14878 W ExynosCamera3: [CAM_ID(1)][]-WARN(m_previewStreamVRAPipeThreadFunc[6650]):wait timeout
07-12 01:03:43.167  3435 14881 D ExynosCamera3: [CAM_ID(1)][]-DEBUG(m_handleInternalFrame[8816]):[EJ] Pass the frame to handleBayerBuffer 18 / m_isNeedRequestFrame = 1, m_isNeedInternalFrame = 0
07-12 01:03:43.180 11488 11488 E adbd    : recv: OPEN 00007f30 00000000 00f8:73 68 65 6C 6C 2C 76 32 2C 54 45 52 4D 3D 73 63 72 65 65 6E 2C 72 61 77 3A 61 6D 20 73 74 61 72 74 2D 66 6F 72 65 67 72 6F 75 6E 64 2D 73 65 72 76 69 63 65 20 2D 6E 20 22 63 6F 6D 2E 65 78 61 6D 70 6C 65 2E 62 61 74 74 65 72 79 6D 61 6E 61 67 65 72 5F 75 74 69 6C 69 74 79 2F 63 6F 6D 2E 65 78 61 6D 70 6C 65 2E 62 61 74 74 65 72 79 6D 61 6E 61 67 65 72 5F 75 74 69 6C 69 74 79 2E 44 61 74 61 43 6F 6C 6C 65 63 74 69 6F 6E 53 65 72 76 69 63 65 22 20 2D 2D 65 69 20 73 61 6D 70 6C 65 52 61 74 65 20 30 20 2D 2D 65 73 20 22 64 61 74 61 46 69 65 6C 64 73 22 20 22 42 41 54 54 45 52 59 5F 50 52 4F 50 45 52 54 59 5F 43 55 52 52 45 4E 54 5F 4E 4F 57 2C 45 58 54 52 41 5F 56 4F 4C 54 41 47 45 22 20 2D 2D 65 7A 20 74 6F 43 53 56 20 66 61 6C 73 65 00 
07-12 01:03:43.180 11488 11488 E adbd    : service_to_fd: shell,v2,TERM=screen,raw:am start-foreground-service -n "com.example.batterymanager_utility/com.example.batterymanager_utility.DataCollectionService" --ei sampleRate 0 --es "dataFields" "BATTERY_PROPERTY_CURRENT_NOW,EXTRA_VOLTAGE" --ez toCSV false
07-12 01:03:43.188  3435 14879 W ExynosCamera3: [CAM_ID(1)][]-WARN(m_previewStreamISPPipeThreadFunc[6613]):wait timeout
07-12 01:03:43.227  3435 14881 D ExynosCamera3: [CAM_ID(1)][]-DEBUG(m_handleInternalFrame[8816]):[EJ] Pass the frame to handleBayerBuffer 19 / m_isNeedRequestFrame = 1, m_isNeedInternalFrame = 0
07-12 01:03:43.259 14763 14763 I BatteryMgr:DataCollectionService: onStartCommand: begin
07-12 01:03:43.259 14763 14763 I BatteryMgr:DataCollectionService: onStartCommand: sampleRate => 0
07-12 01:03:43.260 14763 14763 I BatteryMgr:DataCollectionService: onStartCommand: rawFields => Timestamp,BATTERY_PROPERTY_CURRENT_NOW,EXTRA_VOLTAGE
07-12 01:03:43.262 14763 14763 I BatteryMgr:DataCollectionService: onStartCommand: notification done
07-12 01:03:43.263 14763 14763 D Notification: allPendingIntents
07-12 01:03:43.265 14763 14763 I BatteryMgr:DataCollectionService: started foreground
07-12 01:03:43.267  3962  3977 D ApplicationPolicy: isStatusBarNotificationAllowedAsUser: packageName = android,userId = 0
07-12 01:03:43.268  3962  3977 D API test: getContainerInfo: value is 
07-12 01:03:43.268  3962  3977 D ApplicationPolicy: isStatusBarNotificationAllowedAsUser: packageName = android,userId = 0
07-12 01:03:43.268  3962  3977 D API test: getContainerInfo: value is 
07-12 01:03:43.268  3962  3977 E NotificationService: Suppressing notification from package by user request.
07-12 01:03:43.269  3962  3977 D ApplicationPolicy: isStatusBarNotificationAllowedAsUser: packageName = com.example.batterymanager_utility,userId = 0
07-12 01:03:43.269  3962  3977 D API test: getContainerInfo: value is 
07-12 01:03:43.269  3962  3977 D ApplicationPolicy: isStatusBarNotificationAllowedAsUser: packageName = com.example.batterymanager_utility,userId = 0
07-12 01:03:43.270  3962  3977 D API test: getContainerInfo: value is 
07-12 01:03:43.270  3962  3977 E NotificationService: Suppressing notification from package by user request.
07-12 01:03:43.278 14763 14903 I BatteryMgr:DataCollectionService: collectData: begin
07-12 01:03:43.284 14763 14903 I BatteryMgr:DataCollectionService: stats => 1689116623284,-500,4139
07-12 01:03:43.287  3435 14881 D ExynosCamera3: [CAM_ID(1)][]-DEBUG(m_handleInternalFrame[8816]):[EJ] Pass the frame to handleBayerBuffer 20 / m_isNeedRequestFrame = 1, m_isNeedInternalFrame = 0
07-12 01:03:43.288 14763 14903 I BatteryMgr:DataCollectionService: stats => 1689116623288,-500,4139
07-12 01:03:43.291 14763 14903 I BatteryMgr:DataCollectionService: stats => 1689116623291,-500,4139
07-12 01:03:43.295 14763 14903 I BatteryMgr:DataCollectionService: stats => 1689116623295,-500,4139
07-12 01:03:43.298 11488 11488 E adbd    : recv: OPEN 00007f33 00000000 003a:73 68 65 6C 6C 2C 76 32 2C 54 45 52 4D 3D 73 63 72 65 65 6E 2C 72 61 77 3A 67 65 74 70 72 6F 70 20 72 6F 2E 62 75 69 6C 64 2E 76 65 72 73 69 6F 6E 2E 72 65 6C 65 61 73 65 00 
07-12 01:03:43.298 11488 11488 E adbd    : service_to_fd: shell,v2,TERM=screen,raw:getprop ro.build.version.release
07-12 01:03:43.299 14763 14903 I BatteryMgr:DataCollectionService: stats => 1689116623298,-500,4139
07-12 01:03:43.303 14763 14903 I BatteryMgr:DataCollectionService: stats => 1689116623303,-500,4139
07-12 01:03:43.307 14763 14903 I BatteryMgr:DataCollectionService: stats => 1689116623306,-500,4139
07-12 01:03:43.310 14763 14903 I BatteryMgr:DataCollectionService: stats => 1689116623310,-500,4139
07-12 01:03:43.316  3435 14878 W ExynosCamera3: [CAM_ID(1)][]-WARN(m_previewStreamVRAPipeThreadFunc[6650]):wait timeout
07-12 01:03:43.318 14763 14903 I BatteryMgr:DataCollectionService: stats => 1689116623318,-500,4139
07-12 01:03:43.322 14763 14903 I BatteryMgr:DataCollectionService: stats => 1689116623322,-500,4139
07-12 01:03:43.327 14763 14903 I BatteryMgr:DataCollectionService: stats => 1689116623327,-500,4139
07-12 01:03:43.331 14763 14903 I BatteryMgr:DataCollectionService: stats => 1689116623330,-500,4139
07-12 01:03:43.335 14763 14903 I BatteryMgr:DataCollectionService: stats => 1689116623335,-500,4139
07-12 01:03:43.339  3435 14879 W ExynosCamera3: [CAM_ID(1)][]-WARN(m_previewStreamISPPipeThreadFunc[6613]):wait timeout
07-12 01:03:43.339 14763 14903 I BatteryMgr:DataCollectionService: stats => 1689116623339,-500,4139
07-12 01:03:43.344 14763 14903 I BatteryMgr:DataCollectionService: stats => 1689116623344,-500,4139
07-12 01:03:43.347  3435 14881 D ExynosCamera3: [CAM_ID(1)][]-DEBUG(m_handleInternalFrame[8816]):[EJ] Pass the frame to handleBayerBuffer 21 / m_isNeedRequestFrame = 1, m_isNeedInternalFrame = 0
07-12 01:03:43.348 14763 14903 I BatteryMgr:DataCollectionService: stats => 1689116623348,-500,4139
07-12 01:03:43.352 14763 14903 I BatteryMgr:DataCollectionService: stats => 1689116623352,-500,4139
07-12 01:03:43.356 14763 14903 I BatteryMgr:DataCollectionService: stats => 1689116623356,-500,4139
07-12 01:03:43.360 14763 14903 I BatteryMgr:DataCollectionService: stats => 1689116623360,-500,4139
07-12 01:03:43.364 14763 14903 I BatteryMgr:DataCollectionService: stats => 1689116623364,-500,4139
07-12 01:03:43.368 14763 14903 I BatteryMgr:DataCollectionService: stats => 1689116623368,-500,4139
07-12 01:03:43.371  3435 14872 W ExynosCameraMCPipe: [CAM_ID(1)][PIPE_ISP]-WARN(m_putBuffer[1530]):inputFrameQ wait timeout
07-12 01:03:43.371  3435 14872 W ExynosCameraMCPipe: [CAM_ID(1)][PIPE_ISP]-WARN(m_putBufferThreadFunc[1471]):m_putbuffer fail, ret(-110)
07-12 01:03:43.372 14763 14903 I BatteryMgr:DataCollectionService: stats => 1689116623371,-500,4139
07-12 01:03:43.372 11488 11488 E adbd    : recv: OPEN 00007f36 00000000 0036:73 68 65 6C 6C 2C 76 32 2C 54 45 52 4D 3D 73 63 72 65 65 6E 2C 72 61 77 3A 67 65 74 70 72 6F 70 20 72 6F 2E 62 75 69 6C 64 2E 76 65 72 73 69 6F 6E 2E 73 64 6B 00 
07-12 01:03:43.372 11488 11488 E adbd    : service_to_fd: shell,v2,TERM=screen,raw:getprop ro.build.version.sdk
07-12 01:03:43.376 14763 14903 I BatteryMgr:DataCollectionService: stats => 1689116623376,-500,4139
07-12 01:03:43.380 14763 14903 I BatteryMgr:DataCollectionService: stats => 1689116623379,-500,4139
07-12 01:03:43.383 14763 14903 I BatteryMgr:DataCollectionService: stats => 1689116623383,-500,4139
07-12 01:03:43.385  3435 14873 W ExynosCameraMCPipe: [CAM_ID(1)][PIPE_ISP]-WARN(m_getBuffer[1976]):requestFrameQ wait timeout
07-12 01:03:43.385  3435 14873 W ExynosCameraMCPipe: [CAM_ID(1)][PIPE_ISP]-WARN(m_getBufferThreadFunc[1492]):m_getBuffer fail, ret(-110)
07-12 01:03:43.387 14763 14903 I BatteryMgr:DataCollectionService: stats => 1689116623387,-500,4139
07-12 01:03:43.391 14763 14903 I BatteryMgr:DataCollectionService: stats => 1689116623391,-500,4139
07-12 01:03:43.395 14763 14903 I BatteryMgr:DataCollectionService: stats => 1689116623395,-500,4139
07-12 01:03:43.399 14763 14903 I BatteryMgr:DataCollectionService: stats => 1689116623399,-500,4139
07-12 01:03:43.403 14763 14903 I BatteryMgr:DataCollectionService: stats => 1689116623403,-500,4139
07-12 01:03:43.407 14763 14903 I BatteryMgr:DataCollectionService: stats => 1689116623407,-500,4139
07-12 01:03:43.408  3435 14881 D ExynosCamera3: [CAM_ID(1)][]-DEBUG(m_handleInternalFrame[8816]):[EJ] Pass the frame to handleBayerBuffer 22 / m_isNeedRequestFrame = 1, m_isNeedInternalFrame = 0
07-12 01:03:43.410 14763 14903 I BatteryMgr:DataCollectionService: stats => 1689116623410,-500,4139
07-12 01:03:43.413 14763 14903 I BatteryMgr:DataCollectionService: stats => 1689116623413,-500,4139
07-12 01:03:43.415 14763 14903 I BatteryMgr:DataCollectionService: stats => 1689116623415,-500,4139
07-12 01:03:43.418 14763 14903 I BatteryMgr:DataCollectionService: stats => 1689116623418,-500,4139
07-12 01:03:43.420 14763 14903 I BatteryMgr:DataCollectionService: stats => 1689116623420,-500,4139
07-12 01:03:43.422 14763 14903 I BatteryMgr:DataCollectionService: stats => 1689116623422,-500,4139
07-12 01:03:43.424 14763 14903 I BatteryMgr:DataCollectionService: stats => 1689116623424,-500,4139
07-12 01:03:43.427 14763 14903 I BatteryMgr:DataCollectionService: stats => 1689116623427,-500,4139
07-12 01:03:43.429 14763 14903 I BatteryMgr:DataCollectionService: stats => 1689116623429,-500,4139
07-12 01:03:43.431 14763 14903 I BatteryMgr:DataCollectionService: stats => 1689116623431,-500,4139
07-12 01:03:43.436 14763 14903 I BatteryMgr:DataCollectionService: stats => 1689116623436,-500,4139
07-12 01:03:43.438 14763 14903 I BatteryMgr:DataCollectionService: stats => 1689116623438,-500,4139
07-12 01:03:43.440 14763 14903 I BatteryMgr:DataCollectionService: stats => 1689116623440,-500,4139
07-12 01:03:43.442 14763 14903 I BatteryMgr:DataCollectionService: stats => 1689116623442,-500,4139
07-12 01:03:43.445 14763 14903 I BatteryMgr:DataCollectionService: stats => 1689116623444,-500,4139
07-12 01:03:43.447 14763 14903 I BatteryMgr:DataCollectionService: stats => 1689116623447,-500,4139
07-12 01:03:43.449 14763 14903 I BatteryMgr:DataCollectionService: stats => 1689116623449,-500,4139
07-12 01:03:43.451 14763 14903 I BatteryMgr:DataCollectionService: stats => 1689116623451,-500,4139
07-12 01:03:43.453 14763 14903 I BatteryMgr:DataCollectionService: stats => 1689116623453,-500,4139
07-12 01:03:43.456 14763 14903 I BatteryMgr:DataCollectionService: stats => 1689116623455,-500,4139
07-12 01:03:43.458 14763 14903 I BatteryMgr:DataCollectionService: stats => 1689116623458,-500,4139
07-12 01:03:43.460 14763 14903 I BatteryMgr:DataCollectionService: stats => 1689116623460,-500,4139
07-12 01:03:43.462 14763 14903 I BatteryMgr:DataCollectionService: stats => 1689116623462,-500,4139
07-12 01:03:43.465 14763 14903 I BatteryMgr:DataCollectionService: stats => 1689116623465,-500,4139
07-12 01:03:43.467  3435 14878 W ExynosCamera3: [CAM_ID(1)][]-WARN(m_previewStreamVRAPipeThreadFunc[6650]):wait timeout
07-12 01:03:43.467 14763 14903 I BatteryMgr:DataCollectionService: stats => 1689116623467,-500,4139
07-12 01:03:43.467  3435 14881 D ExynosCamera3: [CAM_ID(1)][]-DEBUG(m_handleInternalFrame[8816]):[EJ] Pass the frame to handleBayerBuffer 23 / m_isNeedRequestFrame = 1, m_isNeedInternalFrame = 0
07-12 01:03:43.469 14763 14903 I BatteryMgr:DataCollectionService: stats => 1689116623469,-500,4139
07-12 01:03:43.471 14763 14903 I BatteryMgr:DataCollectionService: stats => 1689116623471,-500,4139
07-12 01:03:43.474 14763 14903 I BatteryMgr:DataCollectionService: stats => 1689116623473,-500,4139
07-12 01:03:43.476 14763 14903 I BatteryMgr:DataCollectionService: stats => 1689116623476,-500,4139
07-12 01:03:43.478 14763 14903 I BatteryMgr:DataCollectionService: stats => 1689116623478,-500,4139
07-12 01:03:43.480 14763 14903 I BatteryMgr:DataCollectionService: stats => 1689116623480,-500,4139
07-12 01:03:43.482 14763 14903 I BatteryMgr:DataCollectionService: stats => 1689116623482,-500,4139
07-12 01:03:43.485 14763 14903 I BatteryMgr:DataCollectionService: stats => 1689116623485,-500,4139
07-12 01:03:43.487 14763 14903 I BatteryMgr:DataCollectionService: stats => 1689116623487,-500,4139
07-12 01:03:43.489  3435 14879 W ExynosCamera3: [CAM_ID(1)][]-WARN(m_previewStreamISPPipeThreadFunc[6613]):wait timeout
07-12 01:03:43.489 14763 14903 I BatteryMgr:DataCollectionService: stats => 1689116623489,-500,4139
07-12 01:03:43.492 14763 14903 I BatteryMgr:DataCollectionService: stats => 1689116623492,-500,4139
07-12 01:03:43.496 14763 14903 I BatteryMgr:DataCollectionService: stats => 1689116623496,-500,4139
07-12 01:03:43.499 14763 14903 I BatteryMgr:DataCollectionService: stats => 1689116623499,-500,4139
07-12 01:03:43.501 14763 14903 I BatteryMgr:DataCollectionService: stats => 1689116623501,-500,4139
07-12 01:03:43.503 14763 14903 I BatteryMgr:DataCollectionService: stats => 1689116623503,-500,4139
07-12 01:03:43.506 14763 14903 I BatteryMgr:DataCollectionService: stats => 1689116623506,-500,4139
07-12 01:03:43.508 14763 14903 I BatteryMgr:DataCollectionService: stats => 1689116623508,-500,4139
07-12 01:03:43.511 14763 14903 I BatteryMgr:DataCollectionService: stats => 1689116623511,-500,4139
07-12 01:03:43.513 14763 14903 I BatteryMgr:DataCollectionService: stats => 1689116623513,-500,4139
07-12 01:03:43.515 14763 14903 I BatteryMgr:DataCollectionService: stats => 1689116623515,-500,4139
07-12 01:03:43.518 14763 14903 I BatteryMgr:DataCollectionService: stats => 1689116623517,-500,4139
07-12 01:03:43.520 14763 14903 I BatteryMgr:DataCollectionService: stats => 1689116623520,-500,4139
07-12 01:03:43.522 14763 14903 I BatteryMgr:DataCollectionService: stats => 1689116623522,-500,4139
07-12 01:03:43.525 14763 14903 I BatteryMgr:DataCollectionService: stats => 1689116623524,-500,4139
07-12 01:03:43.527  3435 14881 D ExynosCamera3: [CAM_ID(1)][]-DEBUG(m_handleInternalFrame[8816]):[EJ] Pass the frame to handleBayerBuffer 24 / m_isNeedRequestFrame = 1, m_isNeedInternalFrame = 0
07-12 01:03:43.527 14763 14903 I BatteryMgr:DataCollectionService: stats => 1689116623527,-500,4139
07-12 01:03:43.530 14763 14903 I BatteryMgr:DataCollectionService: stats => 1689116623529,-500,4139
07-12 01:03:43.532 14763 14903 I BatteryMgr:DataCollectionService: stats => 1689116623532,-500,4139
07-12 01:03:43.534 14763 14903 I BatteryMgr:DataCollectionService: stats => 1689116623534,-500,4139
07-12 01:03:43.536 14763 14903 I BatteryMgr:DataCollectionService: stats => 1689116623536,-500,4139
07-12 01:03:43.539 14763 14768 I zygote64: Do partial code cache collection, code=60KB, data=42KB
07-12 01:03:43.539 14763 14903 I BatteryMgr:DataCollectionService: stats => 1689116623539,-500,4139
07-12 01:03:43.539 14763 14768 I zygote64: After code cache collection, code=60KB, data=42KB
07-12 01:03:43.539 14763 14768 I zygote64: Increasing code cache capacity to 256KB
07-12 01:03:43.542 14763 14903 I BatteryMgr:DataCollectionService: stats => 1689116623542,-500,4139
07-12 01:03:43.544 14763 14903 I BatteryMgr:DataCollectionService: stats => 1689116623544,-500,4139
07-12 01:03:43.546 14763 14903 I BatteryMgr:DataCollectionService: stats => 1689116623546,-500,4139
07-12 01:03:43.548 14763 14903 I BatteryMgr:DataCollectionService: stats => 1689116623548,-500,4139
07-12 01:03:43.551 14763 14903 I BatteryMgr:DataCollectionService: stats => 1689116623551,-500,4139
07-12 01:03:43.556 14763 14903 I BatteryMgr:DataCollectionService: stats => 1689116623556,-500,4139
07-12 01:03:43.558 14763 14903 I BatteryMgr:DataCollectionService: stats => 1689116623558,-500,4139
07-12 01:03:43.560 14763 14903 I BatteryMgr:DataCollectionService: stats => 1689116623560,-500,4139
07-12 01:03:43.563 14763 14903 I BatteryMgr:DataCollectionService: stats => 1689116623563,-500,4139
07-12 01:03:43.565 14763 14903 I BatteryMgr:DataCollectionService: stats => 1689116623565,-500,4139
