07-12 14:49:33.156 30659 30834 I BatteryMgr:DataCollectionService: stats => 1689166173155,-313,4125
07-12 14:49:33.158 30659 30834 I BatteryMgr:DataCollectionService: stats => 1689166173158,-313,4125
07-12 14:49:33.160 30659 30834 I BatteryMgr:DataCollectionService: stats => 1689166173160,-313,4125
07-12 14:49:33.162 30659 30834 I BatteryMgr:DataCollectionService: stats => 1689166173162,-313,4125
07-12 14:49:33.164 30659 30834 I BatteryMgr:DataCollectionService: stats => 1689166173164,-313,4125
07-12 14:49:33.167 30659 30834 I BatteryMgr:DataCollectionService: stats => 1689166173167,-313,4125
07-12 14:49:33.169 30659 30834 I BatteryMgr:DataCollectionService: stats => 1689166173169,-313,4125
07-12 14:49:33.171 30659 30834 I BatteryMgr:DataCollectionService: stats => 1689166173171,-313,4125
07-12 14:49:33.173 30659 30834 I BatteryMgr:DataCollectionService: stats => 1689166173173,-313,4125
07-12 14:49:33.176 30659 30834 I BatteryMgr:DataCollectionService: stats => 1689166173175,-313,4125
07-12 14:49:33.178  3436 30815 D ExynosCamera3: [CAM_ID(1)][]-DEBUG(m_handleInternalFrame[8816]):[EJ] Pass the frame to handleBayerBuffer 124 / m_isNeedRequestFrame = 1, m_isNeedInternalFrame = 0
07-12 14:49:33.178 30659 30834 I BatteryMgr:DataCollectionService: stats => 1689166173178,-313,4125
07-12 14:49:33.182 30659 30834 I BatteryMgr:DataCollectionService: stats => 1689166173182,-313,4125
07-12 14:49:33.184 30659 30834 I BatteryMgr:DataCollectionService: stats => 1689166173184,-313,4125
07-12 14:49:33.186 30659 30834 I BatteryMgr:DataCollectionService: stats => 1689166173186,-313,4125
07-12 14:49:33.188 30659 30834 I BatteryMgr:DataCollectionService: stats => 1689166173188,-313,4125
07-12 14:49:33.191 30659 30834 I BatteryMgr:DataCollectionService: stats => 1689166173191,-313,4125
07-12 14:49:33.193 30659 30834 I BatteryMgr:DataCollectionService: stats => 1689166173193,-313,4125
07-12 14:49:33.195 30659 30834 I BatteryMgr:DataCollectionService: stats => 1689166173195,-313,4125
07-12 14:49:33.197 30659 30834 I BatteryMgr:DataCollectionService: stats => 1689166173197,-313,4125
07-12 14:49:33.199 30659 30834 I BatteryMgr:DataCollectionService: stats => 1689166173199,-313,4125
07-12 14:49:33.202 30659 30834 I BatteryMgr:DataCollectionService: stats => 1689166173202,-313,4125
07-12 14:49:33.204 30659 30834 I BatteryMgr:DataCollectionService: stats => 1689166173204,-313,4125
07-12 14:49:33.206 30659 30834 I BatteryMgr:DataCollectionService: stats => 1689166173206,-313,4125
07-12 14:49:33.209 30659 30834 I BatteryMgr:DataCollectionService: stats => 1689166173209,-313,4125
07-12 14:49:33.211 30659 30834 I BatteryMgr:DataCollectionService: stats => 1689166173211,-313,4125
07-12 14:49:33.215  3436 30815 D ExynosCamera3: [CAM_ID(1)][]-DEBUG(m_handleInternalFrame[8816]):[EJ] Pass the frame to handleBayerBuffer 125 / m_isNeedRequestFrame = 1, m_isNeedInternalFrame = 0
07-12 14:49:33.215 30659 30834 I BatteryMgr:DataCollectionService: stats => 1689166173215,-313,4125
07-12 14:49:33.217 30659 30834 I BatteryMgr:DataCollectionService: stats => 1689166173217,-313,4125
07-12 14:49:33.219 30659 30834 I BatteryMgr:DataCollectionService: stats => 1689166173219,-313,4125
07-12 14:49:33.222 30659 30834 I BatteryMgr:DataCollectionService: stats => 1689166173222,-313,4125
07-12 14:49:33.224  3436 30813 W ExynosCamera3: [CAM_ID(1)][]-WARN(m_previewStreamISPPipeThreadFunc[6613]):wait timeout
07-12 14:49:33.224 30659 30834 I BatteryMgr:DataCollectionService: stats => 1689166173224,-313,4125
07-12 14:49:33.225  3436 30812 W ExynosCamera3: [CAM_ID(1)][]-WARN(m_previewStreamVRAPipeThreadFunc[6650]):wait timeout
07-12 14:49:33.226 30659 30834 I BatteryMgr:DataCollectionService: stats => 1689166173226,-313,4125
07-12 14:49:33.229 30659 30834 I BatteryMgr:DataCollectionService: stats => 1689166173228,-313,4125
07-12 14:49:33.231 30659 30834 I BatteryMgr:DataCollectionService: stats => 1689166173231,-313,4125
07-12 14:49:33.233 30659 30834 I BatteryMgr:DataCollectionService: stats => 1689166173233,-313,4125
07-12 14:49:33.236 30659 30834 I BatteryMgr:DataCollectionService: stats => 1689166173236,-313,4125
07-12 14:49:33.238 30659 30834 I BatteryMgr:DataCollectionService: stats => 1689166173238,-313,4125
07-12 14:49:33.240 30659 30834 I BatteryMgr:DataCollectionService: stats => 1689166173240,-313,4125
07-12 14:49:33.243 30659 30834 I BatteryMgr:DataCollectionService: stats => 1689166173243,-313,4125
07-12 14:49:33.245  3436 30815 D ExynosCamera3: [CAM_ID(1)][]-DEBUG(m_handleInternalFrame[8816]):[EJ] Pass the frame to handleBayerBuffer 126 / m_isNeedRequestFrame = 1, m_isNeedInternalFrame = 0
07-12 14:49:33.246 30659 30834 I BatteryMgr:DataCollectionService: stats => 1689166173246,-313,4125
07-12 14:49:33.249 30659 30834 I BatteryMgr:DataCollectionService: stats => 1689166173248,-313,4125
07-12 14:49:33.251 30659 30834 I BatteryMgr:DataCollectionService: stats => 1689166173251,-313,4125
07-12 14:49:33.253 30659 30834 I BatteryMgr:DataCollectionService: stats => 1689166173253,-313,4125
07-12 14:49:33.255 30659 30834 I BatteryMgr:DataCollectionService: stats => 1689166173255,-313,4125
07-12 14:49:33.258 30659 30834 I BatteryMgr:DataCollectionService: stats => 1689166173257,-313,4125
07-12 14:49:33.260 30659 30834 I BatteryMgr:DataCollectionService: stats => 1689166173260,-313,4125
07-12 14:49:33.262 30659 30834 I BatteryMgr:DataCollectionService: stats => 1689166173262,-313,4125
07-12 14:49:33.264 30659 30834 I BatteryMgr:DataCollectionService: stats => 1689166173264,-313,4125
07-12 14:49:33.266 30659 30834 I BatteryMgr:DataCollectionService: stats => 1689166173266,-313,4125
07-12 14:49:33.269 30659 30834 I BatteryMgr:DataCollectionService: stats => 1689166173269,-313,4125
07-12 14:49:33.271 30659 30834 I BatteryMgr:DataCollectionService: stats => 1689166173271,-313,4125
07-12 14:49:33.273 30659 30834 I BatteryMgr:DataCollectionService: stats => 1689166173273,-313,4125
07-12 14:49:33.276 30659 30834 I BatteryMgr:DataCollectionService: stats => 1689166173276,-313,4125
07-12 14:49:33.276  3957  6834 D SSRM:k  : SIOP:: AP = 340, PST = 306 (W:30), BAT = 295, USB = 0, CHG = 0
07-12 14:49:33.278  3436 30815 D ExynosCamera3: [CAM_ID(1)][]-DEBUG(m_handleInternalFrame[8816]):[EJ] Pass the frame to handleBayerBuffer 127 / m_isNeedRequestFrame = 1, m_isNeedInternalFrame = 0
07-12 14:49:33.282 30659 30834 I BatteryMgr:DataCollectionService: stats => 1689166173282,-313,4125
07-12 14:49:33.285 30659 30834 I BatteryMgr:DataCollectionService: stats => 1689166173285,-313,4125
07-12 14:49:33.287 30659 30834 I BatteryMgr:DataCollectionService: stats => 1689166173287,-313,4125
07-12 14:49:33.290 30659 30834 I BatteryMgr:DataCollectionService: stats => 1689166173289,-313,4125
07-12 14:49:33.292 30659 30834 I BatteryMgr:DataCollectionService: stats => 1689166173292,-313,4125
07-12 14:49:33.294 30659 30834 I BatteryMgr:DataCollectionService: stats => 1689166173294,-313,4125
07-12 14:49:33.297 30659 30834 I BatteryMgr:DataCollectionService: stats => 1689166173296,-313,4125
07-12 14:49:33.299 30659 30834 I BatteryMgr:DataCollectionService: stats => 1689166173299,-313,4125
07-12 14:49:33.301 30659 30834 I BatteryMgr:DataCollectionService: stats => 1689166173301,-313,4125
07-12 14:49:33.304 30659 30834 I BatteryMgr:DataCollectionService: stats => 1689166173304,-313,4125
07-12 14:49:33.306 30659 30834 I BatteryMgr:DataCollectionService: stats => 1689166173306,-313,4125
07-12 14:49:33.308 30659 30834 I BatteryMgr:DataCollectionService: stats => 1689166173308,-313,4125
07-12 14:49:33.310 30659 30834 I BatteryMgr:DataCollectionService: stats => 1689166173310,-313,4125
07-12 14:49:33.312  3436 30815 D ExynosCamera3: [CAM_ID(1)][]-DEBUG(m_handleInternalFrame[8816]):[EJ] Pass the frame to handleBayerBuffer 128 / m_isNeedRequestFrame = 1, m_isNeedInternalFrame = 0
07-12 14:49:33.317 30659 30834 I BatteryMgr:DataCollectionService: stats => 1689166173317,-313,4125
07-12 14:49:33.319 30659 30834 I BatteryMgr:DataCollectionService: stats => 1689166173319,-313,4125
07-12 14:49:33.321 30659 30834 I BatteryMgr:DataCollectionService: stats => 1689166173321,-313,4125
07-12 14:49:33.323 30659 30834 I BatteryMgr:DataCollectionService: stats => 1689166173323,-313,4125
07-12 14:49:33.326 30659 30834 I BatteryMgr:DataCollectionService: stats => 1689166173326,-313,4125
07-12 14:49:33.328 30659 30834 I BatteryMgr:DataCollectionService: stats => 1689166173328,-313,4125
07-12 14:49:33.330 30659 30834 I BatteryMgr:DataCollectionService: stats => 1689166173330,-313,4125
07-12 14:49:33.332 30659 30834 I BatteryMgr:DataCollectionService: stats => 1689166173332,-313,4125
07-12 14:49:33.336 30659 30834 I BatteryMgr:DataCollectionService: stats => 1689166173335,-313,4125
07-12 14:49:33.338 30659 30834 I BatteryMgr:DataCollectionService: stats => 1689166173338,-313,4125
07-12 14:49:33.341 30659 30834 I BatteryMgr:DataCollectionService: stats => 1689166173341,-313,4125
07-12 14:49:33.344 30659 30834 I BatteryMgr:DataCollectionService: stats => 1689166173344,-313,4125
07-12 14:49:33.345  3436 30815 D ExynosCamera3: [CAM_ID(1)][]-DEBUG(m_handleInternalFrame[8816]):[EJ] Pass the frame to handleBayerBuffer 129 / m_isNeedRequestFrame = 1, m_isNeedInternalFrame = 0
07-12 14:49:33.347 30659 30834 I BatteryMgr:DataCollectionService: stats => 1689166173347,-313,4125
07-12 14:49:33.350 30659 30834 I BatteryMgr:DataCollectionService: stats => 1689166173350,-313,4125
07-12 14:49:33.353 30659 30834 I BatteryMgr:DataCollectionService: stats => 1689166173352,-313,4125
07-12 14:49:33.355 30659 30834 I BatteryMgr:DataCollectionService: stats => 1689166173355,-313,4125
07-12 14:49:33.358 30659 30834 I BatteryMgr:DataCollectionService: stats => 1689166173358,-313,4125
07-12 14:49:33.361 30659 30834 I BatteryMgr:DataCollectionService: stats => 1689166173361,-313,4125
07-12 14:49:33.364 30659 30834 I BatteryMgr:DataCollectionService: stats => 1689166173364,-313,4125
07-12 14:49:33.366 30659 30834 I BatteryMgr:DataCollectionService: stats => 1689166173366,-313,4125
07-12 14:49:33.368 30659 30834 I BatteryMgr:DataCollectionService: stats => 1689166173368,-313,4125
07-12 14:49:33.370 30659 30834 I BatteryMgr:DataCollectionService: stats => 1689166173370,-313,4125
07-12 14:49:33.371 30659 30834 I BatteryMgr:DataCollectionService: stats => 1689166173371,-313,4125
07-12 14:49:33.373 30659 30834 I BatteryMgr:DataCollectionService: stats => 1689166173373,-313,4125
07-12 14:49:33.374 30659 30834 I BatteryMgr:DataCollectionService: stats => 1689166173374,-313,4125
07-12 14:49:33.374  3436 30813 W ExynosCamera3: [CAM_ID(1)][]-WARN(m_previewStreamISPPipeThreadFunc[6613]):wait timeout
07-12 14:49:33.375  3436 30812 W ExynosCamera3: [CAM_ID(1)][]-WARN(m_previewStreamVRAPipeThreadFunc[6650]):wait timeout
07-12 14:49:33.376 30659 30834 I BatteryMgr:DataCollectionService: stats => 1689166173376,-313,4125
07-12 14:49:33.378  3436 30815 D ExynosCamera3: [CAM_ID(1)][]-DEBUG(m_handleInternalFrame[8816]):[EJ] Pass the frame to handleBayerBuffer 130 / m_isNeedRequestFrame = 1, m_isNeedInternalFrame = 0
07-12 14:49:33.381 30659 30834 I BatteryMgr:DataCollectionService: stats => 1689166173381,-313,4125
07-12 14:49:33.383 30659 30834 I BatteryMgr:DataCollectionService: stats => 1689166173383,-313,4125
07-12 14:49:33.384 30659 30834 I BatteryMgr:DataCollectionService: stats => 1689166173384,-313,4125
07-12 14:49:33.386 30659 30834 I BatteryMgr:DataCollectionService: stats => 1689166173386,-313,4125
07-12 14:49:33.387 30659 30834 I BatteryMgr:DataCollectionService: stats => 1689166173387,-313,4125
07-12 14:49:33.389 30659 30834 I BatteryMgr:DataCollectionService: stats => 1689166173389,-313,4125
07-12 14:49:33.390 30659 30834 I BatteryMgr:DataCollectionService: stats => 1689166173390,-313,4125
07-12 14:49:33.392 30659 30834 I BatteryMgr:DataCollectionService: stats => 1689166173392,-313,4125
07-12 14:49:33.393 30659 30834 I BatteryMgr:DataCollectionService: stats => 1689166173393,-313,4125
07-12 14:49:33.395 30659 30834 I BatteryMgr:DataCollectionService: stats => 1689166173395,-313,4125
07-12 14:49:33.396 30659 30834 I BatteryMgr:DataCollectionService: stats => 1689166173396,-313,4125
07-12 14:49:33.398 30659 30834 I BatteryMgr:DataCollectionService: stats => 1689166173398,-313,4125
07-12 14:49:33.399 30659 30834 I BatteryMgr:DataCollectionService: stats => 1689166173399,-313,4125
07-12 14:49:33.401 30659 30834 I BatteryMgr:DataCollectionService: stats => 1689166173401,-313,4125
07-12 14:49:33.402 30659 30834 I BatteryMgr:DataCollectionService: stats => 1689166173402,-313,4125
07-12 14:49:33.404 30659 30834 I BatteryMgr:DataCollectionService: stats => 1689166173404,-313,4125
07-12 14:49:33.406 30659 30834 I BatteryMgr:DataCollectionService: stats => 1689166173406,-313,4125
07-12 14:49:33.409 30659 30834 I BatteryMgr:DataCollectionService: stats => 1689166173409,-313,4125
07-12 14:49:33.411  3436 30815 D ExynosCamera3: [CAM_ID(1)][]-DEBUG(m_handleInternalFrame[8816]):[EJ] Pass the frame to handleBayerBuffer 131 / m_isNeedRequestFrame = 1, m_isNeedInternalFrame = 0
07-12 14:49:33.412 30659 30834 I BatteryMgr:DataCollectionService: stats => 1689166173412,-313,4125
07-12 14:49:33.414 30659 30834 I BatteryMgr:DataCollectionService: stats => 1689166173414,-313,4125
07-12 14:49:33.417 30659 30834 I BatteryMgr:DataCollectionService: stats => 1689166173416,-313,4125
07-12 14:49:33.419 30659 30834 I BatteryMgr:DataCollectionService: stats => 1689166173419,-313,4125
07-12 14:49:33.422 30659 30834 I BatteryMgr:DataCollectionService: stats => 1689166173422,-313,4125
07-12 14:49:33.425 30659 30834 I BatteryMgr:DataCollectionService: stats => 1689166173425,-313,4125
07-12 14:49:33.428 30659 30834 I BatteryMgr:DataCollectionService: stats => 1689166173428,-313,4125
07-12 14:49:33.430 30659 30834 I BatteryMgr:DataCollectionService: stats => 1689166173430,-313,4125
07-12 14:49:33.433 30659 30834 I BatteryMgr:DataCollectionService: stats => 1689166173433,-313,4125
07-12 14:49:33.436 30659 30834 I BatteryMgr:DataCollectionService: stats => 1689166173436,-313,4125
07-12 14:49:33.439 30659 30834 I BatteryMgr:DataCollectionService: stats => 1689166173439,-313,4125
07-12 14:49:33.441 30659 30834 I BatteryMgr:DataCollectionService: stats => 1689166173441,-313,4125
07-12 14:49:33.445  3436 30815 D ExynosCamera3: [CAM_ID(1)][]-DEBUG(m_handleInternalFrame[8816]):[EJ] Pass the frame to handleBayerBuffer 132 / m_isNeedRequestFrame = 1, m_isNeedInternalFrame = 0
07-12 14:49:33.448 30659 30834 I BatteryMgr:DataCollectionService: stats => 1689166173448,-313,4125
07-12 14:49:33.451 30659 30834 I BatteryMgr:DataCollectionService: stats => 1689166173451,-313,4125
07-12 14:49:33.454 30659 30834 I BatteryMgr:DataCollectionService: stats => 1689166173454,-313,4125
07-12 14:49:33.457 30659 30834 I BatteryMgr:DataCollectionService: stats => 1689166173456,-313,4125
07-12 14:49:33.459 30659 30834 I BatteryMgr:DataCollectionService: stats => 1689166173459,-313,4125
07-12 14:49:33.462 30659 30834 I BatteryMgr:DataCollectionService: stats => 1689166173462,-313,4125
07-12 14:49:33.464 30659 30834 I BatteryMgr:DataCollectionService: stats => 1689166173464,-313,4125
07-12 14:49:33.466 30659 30834 I BatteryMgr:DataCollectionService: stats => 1689166173466,-313,4125
07-12 14:49:33.468 30659 30834 I BatteryMgr:DataCollectionService: stats => 1689166173468,-313,4125
07-12 14:49:33.469 30659 30834 I BatteryMgr:DataCollectionService: stats => 1689166173469,-313,4125
07-12 14:49:33.471 30659 30834 I BatteryMgr:DataCollectionService: stats => 1689166173471,-313,4125
07-12 14:49:33.472 30659 30834 I BatteryMgr:DataCollectionService: stats => 1689166173472,-313,4125
07-12 14:49:33.473 30659 30834 I BatteryMgr:DataCollectionService: stats => 1689166173473,-313,4125
07-12 14:49:33.475 30659 30834 I BatteryMgr:DataCollectionService: stats => 1689166173475,-313,4125
07-12 14:49:33.476 30659 30834 I BatteryMgr:DataCollectionService: stats => 1689166173476,-313,4125
07-12 14:49:33.478  3436 30815 D ExynosCamera3: [CAM_ID(1)][]-DEBUG(m_handleInternalFrame[8816]):[EJ] Pass the frame to handleBayerBuffer 133 / m_isNeedRequestFrame = 1, m_isNeedInternalFrame = 0
07-12 14:49:33.478 30659 30834 I BatteryMgr:DataCollectionService: stats => 1689166173478,-313,4125
07-12 14:49:33.480 30659 30834 I BatteryMgr:DataCollectionService: stats => 1689166173480,-313,4125
07-12 14:49:33.482 30659 30834 I BatteryMgr:DataCollectionService: stats => 1689166173481,-313,4125
07-12 14:49:33.483 30659 30834 I BatteryMgr:DataCollectionService: stats => 1689166173483,-313,4125
07-12 14:49:33.484 30659 30834 I BatteryMgr:DataCollectionService: stats => 1689166173484,-313,4125
07-12 14:49:33.485  3436 30814 E ExynosCamera3: [CAM_ID(1)][]-ERR(m_monitorThreadFunc[9173]):(0)
07-12 14:49:33.485  3436 30814 E ExynosCamera3: [CAM_ID(1)][]-ERR(m_monitorThreadFunc[9175]):ERROR_DQ_BLOCKED) ; ERROR_DQ_BLOCKED_COUNT =20
07-12 14:49:33.485  3436 30814 D ExynosCamera3: [CAM_ID(1)][]-DEBUG(dump[1946]):
07-12 14:49:33.486 30659 30834 I BatteryMgr:DataCollectionService: stats => 1689166173486,-313,4125
07-12 14:49:33.487 30659 30834 I BatteryMgr:DataCollectionService: stats => 1689166173487,-313,4125
07-12 14:49:33.489 30659 30834 I BatteryMgr:DataCollectionService: stats => 1689166173489,-313,4125
07-12 14:49:33.490 30659 30834 I BatteryMgr:DataCollectionService: stats => 1689166173490,-313,4125
07-12 14:49:33.492 30659 30834 I BatteryMgr:DataCollectionService: stats => 1689166173492,-313,4125
07-12 14:49:33.493 30659 30834 I BatteryMgr:DataCollectionService: stats => 1689166173493,-313,4125
07-12 14:49:33.495 30659 30834 I BatteryMgr:DataCollectionService: stats => 1689166173495,-313,4125
07-12 14:49:33.496 30659 30834 I BatteryMgr:DataCollectionService: stats => 1689166173496,-313,4125
07-12 14:49:33.498 30659 30834 I BatteryMgr:DataCollectionService: stats => 1689166173498,-313,4125
07-12 14:49:33.499 30659 30834 I BatteryMgr:DataCollectionService: stats => 1689166173499,-313,4125
07-12 14:49:33.501 30659 30834 I BatteryMgr:DataCollectionService: stats => 1689166173501,-313,4125
07-12 14:49:33.502 30659 30834 I BatteryMgr:DataCollectionService: stats => 1689166173502,-313,4125
07-12 14:49:33.504 30659 30834 I BatteryMgr:DataCollectionService: stats => 1689166173504,-313,4125
07-12 14:49:33.505 30659 30834 I BatteryMgr:DataCollectionService: stats => 1689166173505,-313,4125
07-12 14:49:33.506 30659 30834 I BatteryMgr:DataCollectionService: stats => 1689166173506,-313,4125
07-12 14:49:33.508 30659 30834 I BatteryMgr:DataCollectionService: stats => 1689166173508,-313,4125
07-12 14:49:33.509 30659 30834 I BatteryMgr:DataCollectionService: stats => 1689166173509,-313,4125
07-12 14:49:33.511  3436 30815 D ExynosCamera3: [CAM_ID(1)][]-DEBUG(m_handleInternalFrame[8816]):[EJ] Pass the frame to handleBayerBuffer 134 / m_isNeedRequestFrame = 1, m_isNeedInternalFrame = 0
07-12 14:49:33.515 30659 30834 I BatteryMgr:DataCollectionService: stats => 1689166173515,-313,4125
07-12 14:49:33.517 30659 30834 I BatteryMgr:DataCollectionService: stats => 1689166173517,-313,4125
07-12 14:49:33.518 30659 30834 I BatteryMgr:DataCollectionService: stats => 1689166173518,-313,4125
07-12 14:49:33.520 30659 30834 I BatteryMgr:DataCollectionService: stats => 1689166173520,-313,4125
07-12 14:49:33.521 30659 30834 I BatteryMgr:DataCollectionService: stats => 1689166173521,-313,4125
07-12 14:49:33.523 30659 30834 I BatteryMgr:DataCollectionService: stats => 1689166173523,-313,4125
07-12 14:49:33.524  3436 30813 W ExynosCamera3: [CAM_ID(1)][]-WARN(m_previewStreamISPPipeThreadFunc[6613]):wait timeout
07-12 14:49:33.525 30659 30834 I BatteryMgr:DataCollectionService: stats => 1689166173525,-313,4125
07-12 14:49:33.526  3436 30812 W ExynosCamera3: [CAM_ID(1)][]-WARN(m_previewStreamVRAPipeThreadFunc[6650]):wait timeout
07-12 14:49:33.526 30659 30834 I BatteryMgr:DataCollectionService: stats => 1689166173526,-313,4125
07-12 14:49:33.528 30659 30834 I BatteryMgr:DataCollectionService: stats => 1689166173528,-313,4125
07-12 14:49:33.529 30659 30834 I BatteryMgr:DataCollectionService: stats => 1689166173529,-313,4125
07-12 14:49:33.530 30659 30834 I BatteryMgr:DataCollectionService: stats => 1689166173530,-313,4125
07-12 14:49:33.532 30659 30834 I BatteryMgr:DataCollectionService: stats => 1689166173532,-313,4125
07-12 14:49:33.534 30659 30834 I BatteryMgr:DataCollectionService: stats => 1689166173534,-313,4125
07-12 14:49:33.535 30659 30834 I BatteryMgr:DataCollectionService: stats => 1689166173535,-313,4125
07-12 14:49:33.537 30659 30834 I BatteryMgr:DataCollectionService: stats => 1689166173537,-313,4125
07-12 14:49:33.538 30659 30834 I BatteryMgr:DataCollectionService: stats => 1689166173538,-313,4125
07-12 14:49:33.540 30659 30834 I BatteryMgr:DataCollectionService: stats => 1689166173540,-313,4125
07-12 14:49:33.541 30659 30834 I BatteryMgr:DataCollectionService: stats => 1689166173541,-313,4125
07-12 14:49:33.543 30659 30834 I BatteryMgr:DataCollectionService: stats => 1689166173543,-313,4125
07-12 14:49:33.545  3436 30815 D ExynosCamera3: [CAM_ID(1)][]-DEBUG(m_handleInternalFrame[8816]):[EJ] Pass the frame to handleBayerBuffer 135 / m_isNeedRequestFrame = 1, m_isNeedInternalFrame = 0
07-12 14:49:33.549 30659 30834 I BatteryMgr:DataCollectionService: stats => 1689166173549,-313,4125
07-12 14:49:33.551 30659 30834 I BatteryMgr:DataCollectionService: stats => 1689166173551,-313,4125
07-12 14:49:33.552 30659 30834 I BatteryMgr:DataCollectionService: stats => 1689166173552,-313,4125
07-12 14:49:33.553  3436 30806 W ExynosCameraMCPipe: [CAM_ID(1)][PIPE_ISP]-WARN(m_putBuffer[1530]):inputFrameQ wait timeout
07-12 14:49:33.553  3436 30806 W ExynosCameraMCPipe: [CAM_ID(1)][PIPE_ISP]-WARN(m_putBufferThreadFunc[1471]):m_putbuffer fail, ret(-110)
07-12 14:49:33.554 30659 30834 I BatteryMgr:DataCollectionService: stats => 1689166173554,-313,4125
07-12 14:49:33.556 30659 30834 I BatteryMgr:DataCollectionService: stats => 1689166173556,-313,4125
07-12 14:49:33.558 30659 30834 I BatteryMgr:DataCollectionService: stats => 1689166173558,-313,4125
07-12 14:49:33.560 30659 30834 I BatteryMgr:DataCollectionService: stats => 1689166173560,-313,4125
07-12 14:49:33.561 30659 30834 I BatteryMgr:DataCollectionService: stats => 1689166173561,-313,4125
07-12 14:49:33.563 30659 30834 I BatteryMgr:DataCollectionService: stats => 1689166173563,-313,4125
07-12 14:49:33.565 30659 30834 I BatteryMgr:DataCollectionService: stats => 1689166173565,-313,4125
07-12 14:49:33.566 30659 30834 I BatteryMgr:DataCollectionService: stats => 1689166173566,-313,4125
07-12 14:49:33.567  3436 30807 W ExynosCameraMCPipe: [CAM_ID(1)][PIPE_ISP]-WARN(m_getBuffer[1976]):requestFrameQ wait timeout
07-12 14:49:33.567  3436 30807 W ExynosCameraMCPipe: [CAM_ID(1)][PIPE_ISP]-WARN(m_getBufferThreadFunc[1492]):m_getBuffer fail, ret(-110)
07-12 14:49:33.568 30659 30834 I BatteryMgr:DataCollectionService: stats => 1689166173568,-313,4125
07-12 14:49:33.570 30659 30834 I BatteryMgr:DataCollectionService: stats => 1689166173570,-313,4125
07-12 14:49:33.572 30659 30834 I BatteryMgr:DataCollectionService: stats => 1689166173572,-313,4125
07-12 14:49:33.573 30659 30834 I BatteryMgr:DataCollectionService: stats => 1689166173573,-313,4125
07-12 14:49:33.575 30659 30834 I BatteryMgr:DataCollectionService: stats => 1689166173575,-313,4125
07-12 14:49:33.577 30659 30834 I BatteryMgr:DataCollectionService: stats => 1689166173577,-313,4125
07-12 14:49:33.578  3436 30815 D ExynosCamera3: [CAM_ID(1)][]-DEBUG(m_handleInternalFrame[8816]):[EJ] Pass the frame to handleBayerBuffer 136 / m_isNeedRequestFrame = 1, m_isNeedInternalFrame = 0
07-12 14:49:33.580 30659 30834 I BatteryMgr:DataCollectionService: stats => 1689166173579,-313,4125
07-12 14:49:33.582 30659 30834 I BatteryMgr:DataCollectionService: stats => 1689166173582,-313,4125
07-12 14:49:33.584 30659 30834 I BatteryMgr:DataCollectionService: stats => 1689166173584,-313,4125
07-12 14:49:33.586 30659 30834 I BatteryMgr:DataCollectionService: stats => 1689166173585,-313,4125
07-12 14:49:33.587 30659 30834 I BatteryMgr:DataCollectionService: stats => 1689166173587,-313,4125
07-12 14:49:33.589 30659 30834 I BatteryMgr:DataCollectionService: stats => 1689166173589,-313,4125
07-12 14:49:33.591 30659 30834 I BatteryMgr:DataCollectionService: stats => 1689166173591,-313,4125
07-12 14:49:33.593 30659 30834 I BatteryMgr:DataCollectionService: stats => 1689166173593,-313,4125
07-12 14:49:33.595 30659 30834 I BatteryMgr:DataCollectionService: stats => 1689166173595,-313,4125
07-12 14:49:33.597 30659 30834 I BatteryMgr:DataCollectionService: stats => 1689166173597,-313,4125
07-12 14:49:33.599 30659 30834 I BatteryMgr:DataCollectionService: stats => 1689166173599,-313,4125
07-12 14:49:33.602 30659 30834 I BatteryMgr:DataCollectionService: stats => 1689166173602,-313,4125
07-12 14:49:33.604 30659 30834 I BatteryMgr:DataCollectionService: stats => 1689166173604,-313,4125
07-12 14:49:33.606 30659 30834 I BatteryMgr:DataCollectionService: stats => 1689166173605,-313,4125
07-12 14:49:33.608 30659 30834 I BatteryMgr:DataCollectionService: stats => 1689166173607,-313,4125
07-12 14:49:33.609 30659 30834 I BatteryMgr:DataCollectionService: stats => 1689166173609,-313,4125
07-12 14:49:33.611  3436 30815 D ExynosCamera3: [CAM_ID(1)][]-DEBUG(m_handleInternalFrame[8816]):[EJ] Pass the frame to handleBayerBuffer 137 / m_isNeedRequestFrame = 1, m_isNeedInternalFrame = 0
07-12 14:49:33.612 30659 30834 I BatteryMgr:DataCollectionService: stats => 1689166173612,-313,4125
07-12 14:49:33.614 30659 30834 I BatteryMgr:DataCollectionService: stats => 1689166173614,-313,4125
07-12 14:49:33.616 30659 30834 I BatteryMgr:DataCollectionService: stats => 1689166173616,-313,4125
07-12 14:49:33.618 30659 30834 I BatteryMgr:DataCollectionService: stats => 1689166173618,-313,4125
07-12 14:49:33.620 30659 30834 I BatteryMgr:DataCollectionService: stats => 1689166173620,-313,4125
07-12 14:49:33.622 30659 30834 I BatteryMgr:DataCollectionService: stats => 1689166173622,-313,4125
07-12 14:49:33.624 30659 30834 I BatteryMgr:DataCollectionService: stats => 1689166173624,-313,4125
07-12 14:49:33.626 30659 30834 I BatteryMgr:DataCollectionService: stats => 1689166173626,-313,4125
07-12 14:49:33.628 30659 30834 I BatteryMgr:DataCollectionService: stats => 1689166173628,-313,4125
07-12 14:49:33.630 30659 30834 I BatteryMgr:DataCollectionService: stats => 1689166173630,-313,4125
07-12 14:49:33.632 30659 30834 I BatteryMgr:DataCollectionService: stats => 1689166173632,-313,4125
07-12 14:49:33.634 30659 30834 I BatteryMgr:DataCollectionService: stats => 1689166173634,-313,4125
07-12 14:49:33.636 30659 30834 I BatteryMgr:DataCollectionService: stats => 1689166173636,-313,4125
07-12 14:49:33.638 30659 30834 I BatteryMgr:DataCollectionService: stats => 1689166173638,-313,4125
07-12 14:49:33.640 30659 30834 I BatteryMgr:DataCollectionService: stats => 1689166173640,-313,4125
07-12 14:49:33.642 30659 30834 I BatteryMgr:DataCollectionService: stats => 1689166173642,-313,4125
07-12 14:49:33.644  3436 30815 D ExynosCamera3: [CAM_ID(1)][]-DEBUG(m_handleInternalFrame[8816]):[EJ] Pass the frame to handleBayerBuffer 138 / m_isNeedRequestFrame = 1, m_isNeedInternalFrame = 0
07-12 14:49:33.645 30659 30834 I BatteryMgr:DataCollectionService: stats => 1689166173645,-313,4125
07-12 14:49:33.647 30659 30834 I BatteryMgr:DataCollectionService: stats => 1689166173647,-313,4125
07-12 14:49:33.649 30659 30834 I BatteryMgr:DataCollectionService: stats => 1689166173649,-313,4125
07-12 14:49:33.651 30659 30834 I BatteryMgr:DataCollectionService: stats => 1689166173651,-313,4125
07-12 14:49:33.653 30659 30834 I BatteryMgr:DataCollectionService: stats => 1689166173653,-313,4125
07-12 14:49:33.655 30659 30834 I BatteryMgr:DataCollectionService: stats => 1689166173655,-313,4125
07-12 14:49:33.657 30659 30834 I BatteryMgr:DataCollectionService: stats => 1689166173657,-313,4125
07-12 14:49:33.659 30659 30834 I BatteryMgr:DataCollectionService: stats => 1689166173659,-313,4125
07-12 14:49:33.661 30659 30834 I BatteryMgr:DataCollectionService: stats => 1689166173661,-313,4125
07-12 14:49:33.663 30659 30834 I BatteryMgr:DataCollectionService: stats => 1689166173663,-313,4125
07-12 14:49:33.665 30659 30834 I BatteryMgr:DataCollectionService: stats => 1689166173665,-313,4125
07-12 14:49:33.666 30659 30834 I BatteryMgr:DataCollectionService: stats => 1689166173666,-313,4125
07-12 14:49:33.669 30659 30834 I BatteryMgr:DataCollectionService: stats => 1689166173668,-313,4125
07-12 14:49:33.670 30659 30834 I BatteryMgr:DataCollectionService: stats => 1689166173670,-313,4125
07-12 14:49:33.672 30659 30834 I BatteryMgr:DataCollectionService: stats => 1689166173672,-313,4125
07-12 14:49:33.674 30659 30834 I BatteryMgr:DataCollectionService: stats => 1689166173674,-313,4125
07-12 14:49:33.675  3436 30813 W ExynosCamera3: [CAM_ID(1)][]-WARN(m_previewStreamISPPipeThreadFunc[6613]):wait timeout
07-12 14:49:33.676  3436 30812 W ExynosCamera3: [CAM_ID(1)][]-WARN(m_previewStreamVRAPipeThreadFunc[6650]):wait timeout
07-12 14:49:33.676 30659 30834 I BatteryMgr:DataCollectionService: stats => 1689166173676,-313,4125
07-12 14:49:33.678  3436 30815 D ExynosCamera3: [CAM_ID(1)][]-DEBUG(m_handleInternalFrame[8816]):[EJ] Pass the frame to handleBayerBuffer 139 / m_isNeedRequestFrame = 1, m_isNeedInternalFrame = 0
07-12 14:49:33.679 30659 30834 I BatteryMgr:DataCollectionService: stats => 1689166173679,-313,4125
07-12 14:49:33.682 30659 30834 I BatteryMgr:DataCollectionService: stats => 1689166173682,-313,4125
07-12 14:49:33.684 30659 30834 I BatteryMgr:DataCollectionService: stats => 1689166173684,-313,4125
07-12 14:49:33.686 30659 30834 I BatteryMgr:DataCollectionService: stats => 1689166173686,-313,4125
07-12 14:49:33.688 30659 30834 I BatteryMgr:DataCollectionService: stats => 1689166173687,-313,4125
07-12 14:49:33.689 30659 30834 I BatteryMgr:DataCollectionService: stats => 1689166173689,-313,4125
07-12 14:49:33.691 30659 30834 I BatteryMgr:DataCollectionService: stats => 1689166173691,-313,4125
07-12 14:49:33.693 30659 30834 I BatteryMgr:DataCollectionService: stats => 1689166173693,-313,4125
07-12 14:49:33.695 30659 30834 I BatteryMgr:DataCollectionService: stats => 1689166173695,-313,4125
07-12 14:49:33.697 30659 30834 I BatteryMgr:DataCollectionService: stats => 1689166173697,-313,4125
07-12 14:49:33.699 30659 30834 I BatteryMgr:DataCollectionService: stats => 1689166173699,-313,4125
07-12 14:49:33.702 30659 30834 I BatteryMgr:DataCollectionService: stats => 1689166173702,-313,4125
07-12 14:49:33.704 30659 30834 I BatteryMgr:DataCollectionService: stats => 1689166173703,-313,4125
07-12 14:49:33.705 30659 30834 I BatteryMgr:DataCollectionService: stats => 1689166173705,-313,4125
07-12 14:49:33.707 30659 30834 I BatteryMgr:DataCollectionService: stats => 1689166173707,-313,4125
07-12 14:49:33.709 30659 30834 I BatteryMgr:DataCollectionService: stats => 1689166173709,-313,4125
07-12 14:49:33.712 30659 30834 I BatteryMgr:DataCollectionService: stats => 1689166173712,-313,4125
07-12 14:49:33.714 30659 30834 I BatteryMgr:DataCollectionService: stats => 1689166173714,-313,4125
07-12 14:49:33.715  3436 30815 D ExynosCamera3: [CAM_ID(1)][]-DEBUG(m_handleInternalFrame[8816]):[EJ] Pass the frame to handleBayerBuffer 140 / m_isNeedRequestFrame = 1, m_isNeedInternalFrame = 0
07-12 14:49:33.716 30659 30834 I BatteryMgr:DataCollectionService: stats => 1689166173716,-313,4125
07-12 14:49:33.718 30659 30834 I BatteryMgr:DataCollectionService: stats => 1689166173718,-313,4125
07-12 14:49:33.720 30659 30834 I BatteryMgr:DataCollectionService: stats => 1689166173720,-313,4125
07-12 14:49:33.722 30659 30834 I BatteryMgr:DataCollectionService: stats => 1689166173722,-313,4125
07-12 14:49:33.724 30659 30834 I BatteryMgr:DataCollectionService: stats => 1689166173724,-313,4125
07-12 14:49:33.726 30659 30834 I BatteryMgr:DataCollectionService: stats => 1689166173726,-313,4125
07-12 14:49:33.728 30659 30834 I BatteryMgr:DataCollectionService: stats => 1689166173728,-313,4125
07-12 14:49:33.730 30659 30834 I BatteryMgr:DataCollectionService: stats => 1689166173730,-313,4125
07-12 14:49:33.732 30659 30834 I BatteryMgr:DataCollectionService: stats => 1689166173732,-313,4125
07-12 14:49:33.734 30659 30834 I BatteryMgr:DataCollectionService: stats => 1689166173734,-313,4125
07-12 14:49:33.736 30659 30834 I BatteryMgr:DataCollectionService: stats => 1689166173736,-313,4125
07-12 14:49:33.738 30659 30834 I BatteryMgr:DataCollectionService: stats => 1689166173738,-313,4125
07-12 14:49:33.740 30659 30834 I BatteryMgr:DataCollectionService: stats => 1689166173740,-313,4125
07-12 14:49:33.742 30659 30834 I BatteryMgr:DataCollectionService: stats => 1689166173742,-313,4125
07-12 14:49:33.744  3436 30815 D ExynosCamera3: [CAM_ID(1)][]-DEBUG(m_handleInternalFrame[8816]):[EJ] Pass the frame to handleBayerBuffer 141 / m_isNeedRequestFrame = 1, m_isNeedInternalFrame = 0
07-12 14:49:33.748 30659 30834 I BatteryMgr:DataCollectionService: stats => 1689166173748,-313,4125
07-12 14:49:33.750 30659 30834 I BatteryMgr:DataCollectionService: stats => 1689166173750,-313,4125
07-12 14:49:33.752 30659 30834 I BatteryMgr:DataCollectionService: stats => 1689166173752,-313,4125
07-12 14:49:33.754 30659 30834 I BatteryMgr:DataCollectionService: stats => 1689166173754,-313,4125
07-12 14:49:33.756 30659 30834 I BatteryMgr:DataCollectionService: stats => 1689166173756,-313,4125
07-12 14:49:33.758 30659 30834 I BatteryMgr:DataCollectionService: stats => 1689166173758,-313,4125
07-12 14:49:33.760 30659 30834 I BatteryMgr:DataCollectionService: stats => 1689166173760,-313,4125
07-12 14:49:33.762 30659 30834 I BatteryMgr:DataCollectionService: stats => 1689166173762,-313,4125
07-12 14:49:33.764 30659 30834 I BatteryMgr:DataCollectionService: stats => 1689166173764,-313,4125
07-12 14:49:33.766 30659 30834 I BatteryMgr:DataCollectionService: stats => 1689166173766,-313,4125
07-12 14:49:33.768 30659 30834 I BatteryMgr:DataCollectionService: stats => 1689166173768,-313,4125
07-12 14:49:33.770 30659 30834 I BatteryMgr:DataCollectionService: stats => 1689166173770,-313,4125
07-12 14:49:33.772 30659 30834 I BatteryMgr:DataCollectionService: stats => 1689166173772,-313,4125
07-12 14:49:33.774 30659 30834 I BatteryMgr:DataCollectionService: stats => 1689166173773,-313,4125
07-12 14:49:33.776 30659 30834 I BatteryMgr:DataCollectionService: stats => 1689166173775,-313,4125
07-12 14:49:33.778  3436 30815 D ExynosCamera3: [CAM_ID(1)][]-DEBUG(m_handleInternalFrame[8816]):[EJ] Pass the frame to handleBayerBuffer 142 / m_isNeedRequestFrame = 1, m_isNeedInternalFrame = 0
07-12 14:49:33.780 30659 30834 I BatteryMgr:DataCollectionService: stats => 1689166173780,-313,4125
07-12 14:49:33.783 30659 30834 I BatteryMgr:DataCollectionService: stats => 1689166173783,-313,4125
07-12 14:49:33.785 30659 30834 I BatteryMgr:DataCollectionService: stats => 1689166173785,-313,4125
07-12 14:49:33.786 30659 30834 I BatteryMgr:DataCollectionService: stats => 1689166173786,-313,4125
07-12 14:49:33.788 30659 30834 I BatteryMgr:DataCollectionService: stats => 1689166173788,-313,4125
07-12 14:49:33.791 30659 30834 I BatteryMgr:DataCollectionService: stats => 1689166173791,-313,4125
07-12 14:49:33.792 30659 30834 I BatteryMgr:DataCollectionService: stats => 1689166173792,-313,4125
07-12 14:49:33.794 30659 30834 I BatteryMgr:DataCollectionService: stats => 1689166173794,-313,4125
07-12 14:49:33.796 30659 30834 I BatteryMgr:DataCollectionService: stats => 1689166173796,-313,4125
07-12 14:49:33.798 30659 30834 I BatteryMgr:DataCollectionService: stats => 1689166173798,-313,4125
07-12 14:49:33.801 30659 30834 I BatteryMgr:DataCollectionService: stats => 1689166173801,-313,4125
07-12 14:49:33.803 30659 30834 I BatteryMgr:DataCollectionService: stats => 1689166173803,-313,4125
07-12 14:49:33.804 30659 30834 I BatteryMgr:DataCollectionService: stats => 1689166173804,-313,4125
07-12 14:49:33.807 30659 30834 I BatteryMgr:DataCollectionService: stats => 1689166173806,-313,4125
07-12 14:49:33.808 30659 30834 I BatteryMgr:DataCollectionService: stats => 1689166173808,-313,4125
07-12 14:49:33.811  3436 30815 D ExynosCamera3: [CAM_ID(1)][]-DEBUG(m_handleInternalFrame[8816]):[EJ] Pass the frame to handleBayerBuffer 143 / m_isNeedRequestFrame = 1, m_isNeedInternalFrame = 0
07-12 14:49:33.812 30659 30834 I BatteryMgr:DataCollectionService: stats => 1689166173812,-313,4125
07-12 14:49:33.815 30659 30834 I BatteryMgr:DataCollectionService: stats => 1689166173815,-313,4125
07-12 14:49:33.817 30659 30834 I BatteryMgr:DataCollectionService: stats => 1689166173817,-313,4125
07-12 14:49:33.819 30659 30834 I BatteryMgr:DataCollectionService: stats => 1689166173818,-313,4125
07-12 14:49:33.821 30659 30834 I BatteryMgr:DataCollectionService: stats => 1689166173820,-313,4125
07-12 14:49:33.823 30659 30834 I BatteryMgr:DataCollectionService: stats => 1689166173822,-313,4125
07-12 14:49:33.824 30659 30834 I BatteryMgr:DataCollectionService: stats => 1689166173824,-313,4125
07-12 14:49:33.825  3436 30813 W ExynosCamera3: [CAM_ID(1)][]-WARN(m_previewStreamISPPipeThreadFunc[6613]):wait timeout
07-12 14:49:33.826  3436 30812 W ExynosCamera3: [CAM_ID(1)][]-WARN(m_previewStreamVRAPipeThreadFunc[6650]):wait timeout
07-12 14:49:33.826 30659 30834 I BatteryMgr:DataCollectionService: stats => 1689166173826,-313,4125
07-12 14:49:33.828 30659 30834 I BatteryMgr:DataCollectionService: stats => 1689166173828,-313,4125
07-12 14:49:33.830 30659 30834 I BatteryMgr:DataCollectionService: stats => 1689166173830,-313,4125
07-12 14:49:33.832 30659 30834 I BatteryMgr:DataCollectionService: stats => 1689166173832,-313,4125
07-12 14:49:33.835 30659 30834 I BatteryMgr:DataCollectionService: stats => 1689166173834,-313,4125
07-12 14:49:33.836 30659 30834 I BatteryMgr:DataCollectionService: stats => 1689166173836,-313,4125
07-12 14:49:33.838 30659 30834 I BatteryMgr:DataCollectionService: stats => 1689166173838,-313,4125
07-12 14:49:33.840 30659 30834 I BatteryMgr:DataCollectionService: stats => 1689166173840,-313,4125
07-12 14:49:33.842 30659 30834 I BatteryMgr:DataCollectionService: stats => 1689166173842,-313,4125
07-12 14:49:33.844  3436 30815 D ExynosCamera3: [CAM_ID(1)][]-DEBUG(m_handleInternalFrame[8816]):[EJ] Pass the frame to handleBayerBuffer 144 / m_isNeedRequestFrame = 1, m_isNeedInternalFrame = 0
07-12 14:49:33.844 30659 30834 I BatteryMgr:DataCollectionService: stats => 1689166173844,-313,4125
07-12 14:49:33.847 30659 30834 I BatteryMgr:DataCollectionService: stats => 1689166173846,-313,4125
07-12 14:49:33.849 30659 30834 I BatteryMgr:DataCollectionService: stats => 1689166173849,-313,4125
07-12 14:49:33.851 30659 30834 I BatteryMgr:DataCollectionService: stats => 1689166173851,-313,4125
07-12 14:49:33.852 30659 30834 I BatteryMgr:DataCollectionService: stats => 1689166173852,-313,4125
07-12 14:49:33.854 30659 30834 I BatteryMgr:DataCollectionService: stats => 1689166173854,-313,4125
07-12 14:49:33.856 30659 30834 I BatteryMgr:DataCollectionService: stats => 1689166173856,-313,4125
07-12 14:49:33.859 30659 30834 I BatteryMgr:DataCollectionService: stats => 1689166173859,-313,4125
07-12 14:49:33.861 30659 30834 I BatteryMgr:DataCollectionService: stats => 1689166173861,-313,4125
07-12 14:49:33.863 30659 30834 I BatteryMgr:DataCollectionService: stats => 1689166173863,-313,4125
07-12 14:49:33.864 30659 30834 I BatteryMgr:DataCollectionService: stats => 1689166173864,-313,4125
07-12 14:49:33.866 30659 30834 I BatteryMgr:DataCollectionService: stats => 1689166173866,-313,4125
07-12 14:49:33.868 30659 30834 I BatteryMgr:DataCollectionService: stats => 1689166173868,-313,4125
07-12 14:49:33.870 30659 30834 I BatteryMgr:DataCollectionService: stats => 1689166173870,-313,4125
07-12 14:49:33.872 30659 30834 I BatteryMgr:DataCollectionService: stats => 1689166173872,-313,4125
07-12 14:49:33.874 30659 30834 I BatteryMgr:DataCollectionService: stats => 1689166173874,-313,4125
07-12 14:49:33.876 30659 30834 I BatteryMgr:DataCollectionService: stats => 1689166173876,-313,4125
07-12 14:49:33.878  3436 30815 D ExynosCamera3: [CAM_ID(1)][]-DEBUG(m_handleInternalFrame[8816]):[EJ] Pass the frame to handleBayerBuffer 145 / m_isNeedRequestFrame = 1, m_isNeedInternalFrame = 0
07-12 14:49:33.882 30659 30834 I BatteryMgr:DataCollectionService: stats => 1689166173882,-313,4125
07-12 14:49:33.884 30659 30834 I BatteryMgr:DataCollectionService: stats => 1689166173884,-313,4125
07-12 14:49:33.886 30659 30834 I BatteryMgr:DataCollectionService: stats => 1689166173886,-313,4125
07-12 14:49:33.888 30659 30834 I BatteryMgr:DataCollectionService: stats => 1689166173888,-313,4125
07-12 14:49:33.890 30659 30834 I BatteryMgr:DataCollectionService: stats => 1689166173889,-313,4125
07-12 14:49:33.891 30659 30834 I BatteryMgr:DataCollectionService: stats => 1689166173891,-313,4125
07-12 14:49:33.893 30659 30834 I BatteryMgr:DataCollectionService: stats => 1689166173893,-313,4125
07-12 14:49:33.895 30659 30834 I BatteryMgr:DataCollectionService: stats => 1689166173895,-313,4125
07-12 14:49:33.897 30659 30834 I BatteryMgr:DataCollectionService: stats => 1689166173897,-313,4125
07-12 14:49:33.899 30659 30834 I BatteryMgr:DataCollectionService: stats => 1689166173899,-313,4125
07-12 14:49:33.902 30659 30834 I BatteryMgr:DataCollectionService: stats => 1689166173902,-313,4125
07-12 14:49:33.907 30659 30834 I BatteryMgr:DataCollectionService: stats => 1689166173907,-313,4125
07-12 14:49:33.909 30659 30834 I BatteryMgr:DataCollectionService: stats => 1689166173909,-313,4125
07-12 14:49:33.913 30659 30834 I BatteryMgr:DataCollectionService: stats => 1689166173913,-313,4125
07-12 14:49:33.914  3436 30815 D ExynosCamera3: [CAM_ID(1)][]-DEBUG(m_handleInternalFrame[8816]):[EJ] Pass the frame to handleBayerBuffer 146 / m_isNeedRequestFrame = 1, m_isNeedInternalFrame = 0
07-12 14:49:33.916 30659 30834 I BatteryMgr:DataCollectionService: stats => 1689166173915,-313,4125
07-12 14:49:33.918 30659 30834 I BatteryMgr:DataCollectionService: stats => 1689166173918,-313,4125
07-12 14:49:33.920 30659 30834 I BatteryMgr:DataCollectionService: stats => 1689166173920,-313,4125
07-12 14:49:33.922 30659 30834 I BatteryMgr:DataCollectionService: stats => 1689166173922,-313,4125
07-12 14:49:33.924 30659 30834 I BatteryMgr:DataCollectionService: stats => 1689166173924,-313,4125
07-12 14:49:33.926  3957  4368 I EDMNativeHelperService: isCameraEnabled
07-12 14:49:33.927 30659 30834 I BatteryMgr:DataCollectionService: stats => 1689166173927,-313,4125
07-12 14:49:33.929 30659 30834 I BatteryMgr:DataCollectionService: stats => 1689166173929,-313,4125
07-12 14:49:33.931 30659 30834 I BatteryMgr:DataCollectionService: stats => 1689166173931,-313,4125
07-12 14:49:33.933 30659 30834 I BatteryMgr:DataCollectionService: stats => 1689166173933,-313,4125
07-12 14:49:33.935 30659 30834 I BatteryMgr:DataCollectionService: stats => 1689166173935,-313,4125
07-12 14:49:33.937 30659 30834 I BatteryMgr:DataCollectionService: stats => 1689166173937,-313,4125
07-12 14:49:33.940 30659 30834 I BatteryMgr:DataCollectionService: stats => 1689166173939,-313,4125
07-12 14:49:33.942 30659 30834 I BatteryMgr:DataCollectionService: stats => 1689166173942,-313,4125
07-12 14:49:33.944  3436 30815 D ExynosCamera3: [CAM_ID(1)][]-DEBUG(m_handleInternalFrame[8816]):[EJ] Pass the frame to handleBayerBuffer 147 / m_isNeedRequestFrame = 1, m_isNeedInternalFrame = 0
07-12 14:49:33.948 30659 30834 I BatteryMgr:DataCollectionService: stats => 1689166173948,-313,4125
07-12 14:49:33.950 30659 30834 I BatteryMgr:DataCollectionService: stats => 1689166173950,-313,4125
07-12 14:49:33.953 30659 30834 I BatteryMgr:DataCollectionService: stats => 1689166173952,-313,4125
07-12 14:49:33.955 30659 30834 I BatteryMgr:DataCollectionService: stats => 1689166173955,-313,4125
07-12 14:49:33.957 30659 30834 I BatteryMgr:DataCollectionService: stats => 1689166173957,-313,4125
07-12 14:49:33.960 30659 30834 I BatteryMgr:DataCollectionService: stats => 1689166173960,-313,4125
07-12 14:49:33.964 30659 30834 I BatteryMgr:DataCollectionService: stats => 1689166173964,-313,4125
07-12 14:49:33.966  3957  4368 D SamsungAlarmManager: Cancel Alarm calling from uid:10025 pid :4727 / op:PendingIntent{779dc2: PendingIntentRecord{9514fad com.google.android.gms startService}}
07-12 14:49:33.967 30659 30834 I BatteryMgr:DataCollectionService: stats => 1689166173967,-313,4125
07-12 14:49:33.969 30659 30834 I BatteryMgr:DataCollectionService: stats => 1689166173969,-313,4125
07-12 14:49:33.971 30659 30834 I BatteryMgr:DataCollectionService: stats => 1689166173971,-313,4125
07-12 14:49:33.973 30659 30834 I BatteryMgr:DataCollectionService: stats => 1689166173973,-313,4125
07-12 14:49:33.975  3436 30813 W ExynosCamera3: [CAM_ID(1)][]-WARN(m_previewStreamISPPipeThreadFunc[6613]):wait timeout
07-12 14:49:33.975 30659 30834 I BatteryMgr:DataCollectionService: stats => 1689166173975,-313,4125
07-12 14:49:33.976  3436 30812 W ExynosCamera3: [CAM_ID(1)][]-WARN(m_previewStreamVRAPipeThreadFunc[6650]):wait timeout
07-12 14:49:33.978  3436 30815 D ExynosCamera3: [CAM_ID(1)][]-DEBUG(m_handleInternalFrame[8816]):[EJ] Pass the frame to handleBayerBuffer 148 / m_isNeedRequestFrame = 1, m_isNeedInternalFrame = 0
07-12 14:49:33.978 30659 30834 I BatteryMgr:DataCollectionService: stats => 1689166173978,-313,4125
07-12 14:49:33.980 30659 30834 I BatteryMgr:DataCollectionService: stats => 1689166173980,-313,4125
07-12 14:49:33.983 30659 30834 I BatteryMgr:DataCollectionService: stats => 1689166173982,-313,4125
07-12 14:49:33.985  3957  4368 D SamsungAlarmManager: Cancel Alarm calling from uid:10025 pid :5114 / op:PendingIntent{b0b77d3: PendingIntentRecord{3f566cf com.google.android.gms startService}}
07-12 14:49:33.985 30659 30834 I BatteryMgr:DataCollectionService: stats => 1689166173985,-313,4125
07-12 14:49:33.988 30659 30834 I BatteryMgr:DataCollectionService: stats => 1689166173988,-313,4125
07-12 14:49:33.990 30659 30834 I BatteryMgr:DataCollectionService: stats => 1689166173990,-313,4125
07-12 14:49:33.992 30659 30834 I BatteryMgr:DataCollectionService: stats => 1689166173992,-313,4125
07-12 14:49:33.995 30659 30834 I BatteryMgr:DataCollectionService: stats => 1689166173994,-313,4125
07-12 14:49:33.997 30659 30834 I BatteryMgr:DataCollectionService: stats => 1689166173997,-313,4125
07-12 14:49:33.999 30659 30834 I BatteryMgr:DataCollectionService: stats => 1689166173999,-313,4125
07-12 14:49:34.001 30659 30834 I BatteryMgr:DataCollectionService: stats => 1689166174001,-313,4125
07-12 14:49:34.003 30659 30834 I BatteryMgr:DataCollectionService: stats => 1689166174003,-313,4125
07-12 14:49:34.006 30659 30834 I BatteryMgr:DataCollectionService: stats => 1689166174005,-313,4125
07-12 14:49:34.008 30659 30834 I BatteryMgr:DataCollectionService: stats => 1689166174008,-313,4125
07-12 14:49:34.011  3436 30815 D ExynosCamera3: [CAM_ID(1)][]-DEBUG(m_handleInternalFrame[8816]):[EJ] Pass the frame to handleBayerBuffer 149 / m_isNeedRequestFrame = 1, m_isNeedInternalFrame = 0
07-12 14:49:34.015 30659 30834 I BatteryMgr:DataCollectionService: stats => 1689166174015,-313,4125
07-12 14:49:34.017 30659 30834 I BatteryMgr:DataCollectionService: stats => 1689166174017,-313,4125
07-12 14:49:34.020 30659 30834 I BatteryMgr:DataCollectionService: stats => 1689166174020,-313,4125
07-12 14:49:34.023 30659 30834 I BatteryMgr:DataCollectionService: stats => 1689166174023,-313,4125
07-12 14:49:34.025 30659 30834 I BatteryMgr:DataCollectionService: stats => 1689166174025,-313,4125
07-12 14:49:34.027  3435  3435 I android.hardware.wifi@1.0-service: getLinkLayerStats
07-12 14:49:34.028 30659 30834 I BatteryMgr:DataCollectionService: stats => 1689166174028,-313,4125
07-12 14:49:34.031 30659 30834 I BatteryMgr:DataCollectionService: stats => 1689166174031,-313,4125
07-12 14:49:34.034 30659 30834 I BatteryMgr:DataCollectionService: stats => 1689166174034,-313,4125
07-12 14:49:34.037 30659 30834 I BatteryMgr:DataCollectionService: stats => 1689166174037,-313,4125
07-12 14:49:34.040 30659 30834 I BatteryMgr:DataCollectionService: stats => 1689166174040,-313,4125
07-12 14:49:34.042 30659 30834 I BatteryMgr:DataCollectionService: stats => 1689166174042,-313,4125
07-12 14:49:34.044  3436 30815 D ExynosCamera3: [CAM_ID(1)][]-DEBUG(m_handleInternalFrame[8816]):[EJ] Pass the frame to handleBayerBuffer 150 / m_isNeedRequestFrame = 1, m_isNeedInternalFrame = 0
07-12 14:49:34.046 30659 30834 I BatteryMgr:DataCollectionService: stats => 1689166174046,-313,4125
07-12 14:49:34.048 30659 30834 I BatteryMgr:DataCollectionService: stats => 1689166174048,-313,4125
07-12 14:49:34.051 30659 30834 I BatteryMgr:DataCollectionService: stats => 1689166174051,-313,4125
07-12 14:49:34.054 30659 30834 I BatteryMgr:DataCollectionService: stats => 1689166174054,-313,4125
07-12 14:49:34.056 30659 30834 I BatteryMgr:DataCollectionService: stats => 1689166174056,-313,4125
07-12 14:49:34.059 30659 30834 I BatteryMgr:DataCollectionService: stats => 1689166174059,-313,4125
07-12 14:49:34.060 30659 30834 I BatteryMgr:DataCollectionService: stats => 1689166174060,-313,4125
07-12 14:49:34.062 30659 30834 I BatteryMgr:DataCollectionService: stats => 1689166174062,-313,4125
07-12 14:49:34.063 30659 30834 I BatteryMgr:DataCollectionService: stats => 1689166174063,-313,4125
07-12 14:49:34.065 30659 30834 I BatteryMgr:DataCollectionService: stats => 1689166174065,-313,4125
07-12 14:49:34.066 30659 30834 I BatteryMgr:DataCollectionService: stats => 1689166174066,-313,4125
07-12 14:49:34.068 30659 30834 I BatteryMgr:DataCollectionService: stats => 1689166174068,-313,4125
07-12 14:49:34.069 30659 30834 I BatteryMgr:DataCollectionService: stats => 1689166174069,-313,4125
07-12 14:49:34.070 30659 30834 I BatteryMgr:DataCollectionService: stats => 1689166174070,-313,4125
07-12 14:49:34.072 30659 30834 I BatteryMgr:DataCollectionService: stats => 1689166174072,-313,4125
