--------- beginning of main
07-03 23:25:55.871  1301  1301 I chatty  : uid=1001(radio) /system/vendor/bin/ipacm expire 128 lines
07-03 23:25:55.871  1301  1301 W ipacm   : type=1400 audit(0.0:7824950): avc: denied { write } for name="ipacm_log_file" dev="tmpfs" ino=28733 scontext=u:r:ipacm:s0 tcontext=u:object_r:ipacm_socket:s0 tclass=sock_file permissive=0
--------- beginning of system
07-03 23:25:55.955  1631  7804 I ActivityTaskManager: zhl stack block_packagename =
07-03 23:25:55.955  1631  7804 I ActivityTaskManager: zhl stack block_activity =
07-03 23:25:55.955  1631  7804 I ActivityTaskManager: zhl mPackage =com.example.batterymanager_utility
07-03 23:25:55.955  1631  7804 I ActivityTaskManager: zhl mClass =MainActivity
07-03 23:25:55.955  1631  7804 I ActivityTaskManager: START u0 {act=android.intent.action.MAIN cat=[android.intent.category.LAUNCHER] flg=0x10000000 cmp=com.example.batterymanager_utility/.MainActivity} from uid 2000
07-03 23:25:55.966  1631  7804 D CompatibilityInfo: mCompatibilityFlags - 0
07-03 23:25:55.966  1631  7804 D CompatibilityInfo: applicationDensity - 420
07-03 23:25:55.966  1631  7804 D CompatibilityInfo: applicationScale - 1.0
07-03 23:25:55.967  1631  7804 D ActivityTrigger: ActivityTrigger activityPauseTrigger 
07-03 23:25:55.979  1631  1821 W ActivityManager: ProcessRecord{625d0ee 0:com.example.batterymanager_utility/u0a200}: ART verification disabled
07-03 23:25:55.979  1631  1821 D CompatibilityChangeReporter: Compat change id reported: 135634846; UID 10200; state: DISABLED
07-03 23:25:55.980  1631  1835 D CompatibilityChangeReporter: Compat change id reported: 143937733; UID 10200; state: ENABLED
07-03 23:25:55.991   815   815 D Zygote  : Forked child process 4018
07-03 23:25:55.996  1631  1835 I ActivityManager: Start proc 4018:com.example.batterymanager_utility/u0a200 for pre-top-activity {com.example.batterymanager_utility/com.example.batterymanager_utility.MainActivity}
07-03 23:25:56.011  4018  4018 I manager_utilit: Late-enabling -Xcheck:jni
07-03 23:25:56.048  4018  4018 I manager_utilit: Unquickening 18 vdex files!
07-03 23:25:56.057  2178  2186 I adbd    : jdwp connection from 4018
07-03 23:25:56.071 29915 29915 I A       : onPause
07-03 23:25:56.071  1631  1792 D CompatibilityInfo: mCompatibilityFlags - 0
07-03 23:25:56.071  1631  1792 D CompatibilityInfo: applicationDensity - 420
07-03 23:25:56.071  1631  1792 D CompatibilityInfo: applicationScale - 1.0
07-03 23:25:56.074  1631  1792 D CompatibilityInfo: mCompatibilityFlags - 0
07-03 23:25:56.074  1631  1792 D CompatibilityInfo: applicationDensity - 420
07-03 23:25:56.074  1631  1792 D CompatibilityInfo: applicationScale - 1.0
07-03 23:25:56.090 29950 29950 I HdmBroadcastRecvUpd: (REDACTED) received broadcast: %s
07-03 23:25:56.090 29950 30070 I HdmHotwordRequestListen: (REDACTED) received broadcast: %s
07-03 23:25:56.090 29950 30070 I SodaTriggeringFrontend: (REDACTED) #onConfigUpdate. requester: %s
07-03 23:25:56.091 29950 30070 I SodaTriggeringFrontend: #onConfigUpdate inside sequencer
07-03 23:25:56.091 29950 30070 I A       : (REDACTED) Voice Match (Speaker-id) supported : %b 
07-03 23:25:56.091 29950 30070 I A       : (REDACTED) hotword enrollment state is enrolled:  %b, speakerId model exist: %b. Voice Match supported : %b 
07-03 23:25:56.091 29950 30070 I A       : (REDACTED) isHotwordAvailable():  %b, isHotwordEnabled() %b 
07-03 23:25:56.091 29950 30070 I A       : (REDACTED) isHotwordAvailable():  %b, isHotwordEnabled() %b 
07-03 23:25:56.091 29950 30070 I A       : (REDACTED) Hotword enrollment state : %s.
07-03 23:25:56.091 29950 30070 I A       : (REDACTED) Voice Match (Speaker-id) supported : %b 
07-03 23:25:56.091 29950 30070 I A       : (REDACTED) Voice Match (Speaker-id) supported : %b 
07-03 23:25:56.091 29950 30070 I A       : (REDACTED) hotword enrollment state is enrolled:  %b, speakerId model exist: %b, voice match supported : %b
07-03 23:25:56.091 29950 30070 I A       : (REDACTED) Hotword isNonVoiceMatchHotwordEnabled: %b, isHotwordAvailable : %b, isHotwordEnabled : %b, isVoiceMatchSupported: %b, isHotwordEnrolled: %b.
07-03 23:25:56.091 29950 30070 I SodaTriggeringFrontend: (REDACTED) Ignore the legacy hotword request. voice match enabled %b, isHotwordSupported %b, isIncompleteEnrollmentState %b, nonVoiceMatchHotwordEnabled %b
07-03 23:25:56.094  3613  4031 D FaceUnlock: onTaskStackChangedBackground
07-03 23:25:56.103  3613  4031 D FaceUnlock: PackageName =com.example.batterymanager_utility
07-03 23:25:56.165  4028  4028 D AndroidRuntime: >>>>>> START com.android.internal.os.RuntimeInit uid 2000 <<<<<<
07-03 23:25:56.169  4028  4028 E libc    : Access denied finding property "persist.device_config.runtime_native_boot.profilebootclasspath"
07-03 23:25:56.169  4028  4028 E libc    : Access denied finding property "persist.device_config.runtime_native_boot.enable_apex_image"
07-03 23:25:56.169  4028  4028 I AndroidRuntime: Using default boot image
07-03 23:25:56.169  4028  4028 E libc    : Access denied finding property "persist.device_config.runtime_native_boot.disable_lock_profiling"
07-03 23:25:56.169  4028  4028 I AndroidRuntime: Leaving lock profiling enabled
07-03 23:25:56.170  4028  4028 E libc    : Access denied finding property "persist.device_config.runtime_native_boot.enable_generational_cc"
07-03 23:25:56.241  4018  4018 I Perf    : Connecting to perf service.
07-03 23:25:56.251  4018  4018 D NetworkSecurityConfig: No Network Security Config specified, using platform default
07-03 23:25:56.252  4018  4018 D NetworkSecurityConfig: No Network Security Config specified, using platform default
07-03 23:25:56.264  4018  4018 I BatteryMgr:App: creating notification channel
07-03 23:25:56.301  4028  4028 D app_process: Time zone APEX ICU file found: /apex/com.android.tzdata/etc/icu/icu_tzdata.dat
07-03 23:25:56.301  4028  4028 D app_process: I18n APEX ICU file found: /apex/com.android.i18n/etc/icu/icudt66l.dat
07-03 23:25:56.314  4028  4028 I app_process: The ClassLoaderContext is a special shared library.
07-03 23:25:56.333  4018  4018 V Activity: mLastPackageName-com.example.batterymanager_utility.MainActivity
07-03 23:25:56.338  4028  4028 W app_process: JNI RegisterNativeMethods: attempt to register 0 native methods for android.media.AudioAttributes
07-03 23:25:56.351  4028  4028 D AndroidRuntime: Calling main entry com.android.commands.monkey.Monkey
07-03 23:25:56.352  4028  4028 W Monkey  : args: [-p, x.intervalapp.cpufactorialtest, 1]
07-03 23:25:56.352  4028  4028 W Monkey  :  arg: "-p"
07-03 23:25:56.353  4028  4028 W Monkey  :  arg: "x.intervalapp.cpufactorialtest"
07-03 23:25:56.353  4028  4028 W Monkey  :  arg: "1"
07-03 23:25:56.353  4028  4028 W Monkey  : data="x.intervalapp.cpufactorialtest"
07-03 23:25:56.372  4018  4018 D PureDisplay: package-com.example.batterymanager_utility DYNAMIC_ORIGINAL_MODE open
07-03 23:25:56.375 23440 23440 D PureDisplay: PureDisplayModeChangeReceiver,hdrMode=1
07-03 23:25:56.381 23440 23440 I android_os_HwBinder: HwBinder: Starting thread pool for getting: vendor.pixelworks.hardware.display@1.0::IIris/default
07-03 23:25:56.382   872   944 I IrisService: irisConfigureSet(258, 1, 1)
07-03 23:25:56.382 23440 23440 D PureDisplay: --setIrisDisplayHdrMode- mode =1--result = 0
07-03 23:25:56.382 23440 23440 D PureDisplay: PureDisplayModeChangeReceiver,pureDisplayMode=1
07-03 23:25:56.383 23440 23440 D PureDisplay: isDeviceProvisioned=true
07-03 23:25:56.384 23440 23440 D PureDisplay: isUserSetuped=true
07-03 23:25:56.384 23440 23440 D PureDisplay: setOriginalModeEnable()
07-03 23:25:56.386 23440 23440 I android_os_HwBinder: HwBinder: Starting thread pool for getting: vendor.pixelworks.hardware.display@1.0::IIris/default
07-03 23:25:56.386   872   944 I IrisService: irisConfigureSet(0, 1, 0)
07-03 23:25:56.393  1631  1834 W BroadcastQueue: Skipping deliver [background] BroadcastRecord{d20e7d6 u-1 android.net.conn.CONNECTIVITY_CHANGE} to ReceiverList{32a1a57 4028 (unknown name)/2000/u-1 remote:a4dab98}: process gone or crashing
07-03 23:25:56.408 23440 23440 I android_os_HwBinder: HwBinder: Starting thread pool for getting: vendor.pixelworks.hardware.display@1.0::IIris/default
07-03 23:25:56.409   872   944 I IrisService: irisConfigureSet(41, 1, 0)
07-03 23:25:56.410 23440 23440 I android_os_HwBinder: HwBinder: Starting thread pool for getting: vendor.pixelworks.hardware.display@1.0::IIris/default
07-03 23:25:56.410   872   942 I IrisService: irisConfigureSet(42, 1, 0)
07-03 23:25:56.412 23440 23440 I android_os_HwBinder: HwBinder: Starting thread pool for getting: vendor.pixelworks.hardware.display@1.0::IIris/default
07-03 23:25:56.412   872   942 I IrisService: irisConfigureSet(40, 1, 0)
07-03 23:25:56.413  1631 10167 I ActivityTaskManager: zhl stack block_packagename =
07-03 23:25:56.413  1631 10167 I ActivityTaskManager: zhl stack block_activity =
07-03 23:25:56.413  1631 10167 I ActivityTaskManager: zhl mPackage =x.intervalapp.cpufactorialtest
07-03 23:25:56.413  1631 10167 I ActivityTaskManager: zhl mClass =MainActivity
07-03 23:25:56.413  1631 10167 I ActivityTaskManager: START u0 {act=android.intent.action.MAIN cat=[android.intent.category.LAUNCHER] flg=0x10200000 cmp=x.intervalapp.cpufactorialtest/.MainActivity} from uid 2000
07-03 23:25:56.425 23440 23440 I android_os_HwBinder: HwBinder: Starting thread pool for getting: vendor.pixelworks.hardware.display@1.0::IIris/default
07-03 23:25:56.426   872   942 I IrisService: irisConfigureSet(36, 1, 0)
07-03 23:25:56.427  1631 10167 D CompatibilityInfo: mCompatibilityFlags - 0
07-03 23:25:56.427  1631 10167 D CompatibilityInfo: applicationDensity - 420
07-03 23:25:56.427  1631 10167 D CompatibilityInfo: applicationScale - 1.0
07-03 23:25:56.429  1631 10167 D ActivityTrigger: ActivityTrigger activityPauseTrigger 
07-03 23:25:56.433  4028  4028 I Monkey  : Events injected: 1
07-03 23:25:56.437  1631  1821 W ActivityManager: ProcessRecord{b9bab62 0:x.intervalapp.cpufactorialtest/u0a235}: ART verification disabled
07-03 23:25:56.438  1631  1821 D CompatibilityChangeReporter: Compat change id reported: 135634846; UID 10235; state: DISABLED
07-03 23:25:56.439  1631  1835 D CompatibilityChangeReporter: Compat change id reported: 143937733; UID 10235; state: ENABLED
07-03 23:25:56.444  4028  4028 I Monkey  : ## Network stats: elapsed time=32ms (0ms mobile, 0ms wifi, 32ms not connected)
07-03 23:25:56.446  4028  4028 I app_process: System.exit called, status: 0
07-03 23:25:56.446  4028  4028 I AndroidRuntime: VM exiting with result code 0.
07-03 23:25:56.452   815   815 D Zygote  : Forked child process 4097
07-03 23:25:56.457  1631  1835 I ActivityManager: Start proc 4097:x.intervalapp.cpufactorialtest/u0a235 for pre-top-activity {x.intervalapp.cpufactorialtest/x.intervalapp.cpufactorialtest.MainActivity}
07-03 23:25:56.458 23440 23440 D PureDisplay: getWhiteBalanceAutoMode()0
07-03 23:25:56.460 23440 23440 I android_os_HwBinder: HwBinder: Starting thread pool for getting: vendor.pixelworks.hardware.display@1.0::IIris/default
07-03 23:25:56.463   872   942 I IrisService: irisConfigureSet(39, 1, 1)
07-03 23:25:56.471  4097  4097 I pufactorialtes: Late-enabling -Xcheck:jni
07-03 23:25:56.476 23440 23440 I android_os_HwBinder: HwBinder: Starting thread pool for getting: vendor.pixelworks.hardware.display@1.0::IIris/default
07-03 23:25:56.477   872   944 I IrisService: irisConfigureSet(264, 1, 0)
07-03 23:25:56.478 23440 23440 D PureDisplay: PureDisplayModeChangeReceiver,lastclass=com.example.batterymanager_utility.MainActivity
07-03 23:25:56.479 23440 23440 D PureDisplay: PureDisplayModeChangeReceiver,lastpackage=com.example.batterymanager_utility
07-03 23:25:56.480 23440 23440 D PureDisplay: PureDisplayModeChangeReceiver,lastpackage_resume=1
07-03 23:25:56.508  4097  4097 I pufactorialtes: Unquickening 18 vdex files!
07-03 23:25:56.517  2178  2186 I adbd    : jdwp connection from 4097
07-03 23:25:56.532  1631  4881 D CompatibilityInfo: mCompatibilityFlags - 0
07-03 23:25:56.532  1631  4881 D CompatibilityInfo: applicationDensity - 420
07-03 23:25:56.532  1631  4881 D CompatibilityInfo: applicationScale - 1.0
07-03 23:25:56.535  1631  4881 I ActivityTaskManager: The Process x.intervalapp.cpufactorialtest Already Exists in BG. So sending its PID: 4097
07-03 23:25:56.542 24565 24565 V Activity: onStop mLastPackageName = com.example.batterymanager_utility.MainActivity--mLastPackageResume = 1
07-03 23:25:56.569 24565 24565 D PureDisplay: package-com.example.batterymanager_utility DYNAMIC_ORIGINAL_MODE open
07-03 23:25:56.571 23440 23440 D PureDisplay: PureDisplayModeChangeReceiver,hdrMode=1
07-03 23:25:56.574 23440 23440 I android_os_HwBinder: HwBinder: Starting thread pool for getting: vendor.pixelworks.hardware.display@1.0::IIris/default
07-03 23:25:56.574 29915 29915 I A       : onStop
07-03 23:25:56.574   872   944 I IrisService: irisConfigureSet(258, 1, 1)
07-03 23:25:56.574 23440 23440 D PureDisplay: --setIrisDisplayHdrMode- mode =1--result = 0
07-03 23:25:56.574 23440 23440 D PureDisplay: PureDisplayModeChangeReceiver,pureDisplayMode=1
07-03 23:25:56.576 23440 23440 D PureDisplay: isDeviceProvisioned=true
07-03 23:25:56.576 23440 23440 D PureDisplay: isUserSetuped=true
07-03 23:25:56.576 23440 23440 D PureDisplay: setOriginalModeEnable()
07-03 23:25:56.578 23440 23440 I android_os_HwBinder: HwBinder: Starting thread pool for getting: vendor.pixelworks.hardware.display@1.0::IIris/default
07-03 23:25:56.578   872   944 I IrisService: irisConfigureSet(0, 1, 0)
07-03 23:25:56.592 23440 23440 I android_os_HwBinder: HwBinder: Starting thread pool for getting: vendor.pixelworks.hardware.display@1.0::IIris/default
07-03 23:25:56.593   872   942 I IrisService: irisConfigureSet(41, 1, 0)
07-03 23:25:56.595 23440 23440 I android_os_HwBinder: HwBinder: Starting thread pool for getting: vendor.pixelworks.hardware.display@1.0::IIris/default
07-03 23:25:56.595   872   942 I IrisService: irisConfigureSet(42, 1, 0)
07-03 23:25:56.597 23440 23440 I android_os_HwBinder: HwBinder: Starting thread pool for getting: vendor.pixelworks.hardware.display@1.0::IIris/default
07-03 23:25:56.597   872   942 I IrisService: irisConfigureSet(40, 1, 0)
07-03 23:25:56.607  4018  4064 I AdrenoGLES-0: QUALCOMM build                   : d7ad79a, I2f86ca99a8
07-03 23:25:56.607  4018  4064 I AdrenoGLES-0: Build Date                       : 06/13/21
07-03 23:25:56.607  4018  4064 I AdrenoGLES-0: OpenGL ES Shader Compiler Version: EV031.32.02.12
07-03 23:25:56.607  4018  4064 I AdrenoGLES-0: Local Branch                     : mybranchebcc171e-87ea-f17a-bb69-1458d0b52af0
07-03 23:25:56.607  4018  4064 I AdrenoGLES-0: Remote Branch                    : quic/gfx-adreno.lnx.1.0.r127-rel
07-03 23:25:56.607  4018  4064 I AdrenoGLES-0: Remote Branch                    : NONE
07-03 23:25:56.607  4018  4064 I AdrenoGLES-0: Reconstruct Branch               : NOTHING
07-03 23:25:56.607  4018  4064 I AdrenoGLES-0: Build Config                     : S L 10.0.7 AArch64
07-03 23:25:56.607  4018  4064 I AdrenoGLES-0: Driver Path                      : /vendor/lib64/egl/libGLESv2_adreno.so
07-03 23:25:56.609 23440 23440 I android_os_HwBinder: HwBinder: Starting thread pool for getting: vendor.pixelworks.hardware.display@1.0::IIris/default
07-03 23:25:56.619   872   942 I IrisService: irisConfigureSet(36, 1, 0)
07-03 23:25:56.619  4018  4064 I AdrenoGLES-0: PFP: 0x005ff114, ME: 0x005ff066
07-03 23:25:56.625 23440 23440 D PureDisplay: getWhiteBalanceAutoMode()0
07-03 23:25:56.626 23440 23440 I android_os_HwBinder: HwBinder: Starting thread pool for getting: vendor.pixelworks.hardware.display@1.0::IIris/default
07-03 23:25:56.627   872   942 I IrisService: irisConfigureSet(39, 1, 1)
07-03 23:25:56.642 23440 23440 I android_os_HwBinder: HwBinder: Starting thread pool for getting: vendor.pixelworks.hardware.display@1.0::IIris/default
07-03 23:25:56.642   872   942 I IrisService: irisConfigureSet(264, 1, 0)
07-03 23:25:56.648   621   621 I hwservicemanager: getTransport: Cannot find entry android.hardware.graphics.mapper@4.0::IMapper/default in either framework or device manifest.
07-03 23:25:56.648  4018  4064 I Gralloc4: mapper 4.x is not supported
07-03 23:25:56.649   621   621 I hwservicemanager: getTransport: Cannot find entry android.hardware.graphics.mapper@3.0::IMapper/default in either framework or device manifest.
07-03 23:25:56.649  4018  4064 W Gralloc3: mapper 3.x is not supported
07-03 23:25:56.692  1631  4881 I ActivityTaskManager: The Process x.intervalapp.cpufactorialtest Already Exists in BG. So sending its PID: 4097
07-03 23:25:56.693  1631  4881 D CompatibilityInfo: mCompatibilityFlags - 0
07-03 23:25:56.693  1631  4881 D CompatibilityInfo: applicationDensity - 420
07-03 23:25:56.693  1631  4881 D CompatibilityInfo: applicationScale - 1.0
07-03 23:25:56.781  4097  4097 I Perf    : Connecting to perf service.
07-03 23:25:56.792  4097  4097 D NetworkSecurityConfig: No Network Security Config specified, using platform default
07-03 23:25:56.793  4097  4097 D NetworkSecurityConfig: No Network Security Config specified, using platform default
07-03 23:25:56.797  3613 29958 D FaceUnlock: onTaskStackChangedBackground
07-03 23:25:56.799  3613 29958 D FaceUnlock: PackageName =x.intervalapp.cpufactorialtest
07-03 23:25:56.827  3613  3653 I ndroid.systemu: NativeAlloc concurrent copying GC freed 5456(287KB) AllocSpace objects, 0(0B) LOS objects, 49% free, 8690KB/16MB, paused 112us total 100.299ms
07-03 23:25:56.828  3613  3655 W System  : A resource failed to call release. 
07-03 23:25:56.828  3613  3655 W System  : A resource failed to call release. 
07-03 23:25:56.911  1301  1301 W ipacm   : type=1400 audit(0.0:7825094): avc: denied { write } for name="ipacm_log_file" dev="tmpfs" ino=28733 scontext=u:r:ipacm:s0 tcontext=u:object_r:ipacm_socket:s0 tclass=sock_file permissive=0
07-03 23:25:56.911  1301  1301 I chatty  : uid=1001(radio) /system/vendor/bin/ipacm identical 3 lines
07-03 23:25:56.911  1301  1301 W ipacm   : type=1400 audit(0.0:7825098): avc: denied { write } for name="ipacm_log_file" dev="tmpfs" ino=28733 scontext=u:r:ipacm:s0 tcontext=u:object_r:ipacm_socket:s0 tclass=sock_file permissive=0
07-03 23:25:57.868  1631  4881 D CompatibilityInfo: mCompatibilityFlags - 0
07-03 23:25:57.868  1631  4881 D CompatibilityInfo: applicationDensity - 420
07-03 23:25:57.868  1631  4881 D CompatibilityInfo: applicationScale - 1.0
07-03 23:25:57.870  4201  4203 I cmd     : oneway function results will be dropped but finished with status OK and parcel size 4
07-03 23:25:57.873  4018  4018 I BatteryMgr:DataCollectionService: onStartCommand: begin
07-03 23:25:57.874  4018  4018 I BatteryMgr:DataCollectionService: onStartCommand: sampleRate => 1000
07-03 23:25:57.874  4018  4018 I BatteryMgr:DataCollectionService: onStartCommand: rawFields => Timestamp,BATTERY_PROPERTY_CURRENT_NOW,EXTRA_VOLTAGE
07-03 23:25:57.875  4018  4018 I BatteryMgr:DataCollectionService: onStartCommand: notification done
07-03 23:25:57.878  4018  4018 I BatteryMgr:DataCollectionService: started foreground
07-03 23:25:57.886  4018  4204 I BatteryMgr:DataCollectionService: collectData: begin
07-03 23:25:57.887  1631  4881 D CompatibilityChangeReporter: Compat change id reported: 136219221; UID 10200; state: ENABLED
07-03 23:25:57.889  4018  4204 I BatteryMgr:DataCollectionService: stats => 1688419557889,-384765,4202
07-03 23:25:57.931  1301  1301 W ipacm   : type=1400 audit(0.0:7825320): avc: denied { write } for name="ipacm_log_file" dev="tmpfs" ino=28733 scontext=u:r:ipacm:s0 tcontext=u:object_r:ipacm_socket:s0 tclass=sock_file permissive=0
07-03 23:25:57.931  1301  1301 I chatty  : uid=1001(radio) /system/vendor/bin/ipacm identical 3 lines
07-03 23:25:57.931  1301  1301 W ipacm   : type=1400 audit(0.0:7825324): avc: denied { write } for name="ipacm_log_file" dev="tmpfs" ino=28733 scontext=u:r:ipacm:s0 tcontext=u:object_r:ipacm_socket:s0 tclass=sock_file permissive=0
07-03 23:25:58.893  4018  4204 I BatteryMgr:DataCollectionService: stats => 1688419558893,-294433,4202
07-03 23:25:59.161  1301  1301 W ipacm   : type=1400 audit(0.0:7825455): avc: denied { write } for name="ipacm_log_file" dev="tmpfs" ino=28733 scontext=u:r:ipacm:s0 tcontext=u:object_r:ipacm_socket:s0 tclass=sock_file permissive=0
07-03 23:25:59.161  1301  1301 I chatty  : uid=1001(radio) /system/vendor/bin/ipacm identical 3 lines
07-03 23:25:59.161  1301  1301 W ipacm   : type=1400 audit(0.0:7825459): avc: denied { write } for name="ipacm_log_file" dev="tmpfs" ino=28733 scontext=u:r:ipacm:s0 tcontext=u:object_r:ipacm_socket:s0 tclass=sock_file permissive=0
07-03 23:25:59.901  4018  4204 I BatteryMgr:DataCollectionService: stats => 1688419559901,-294433,4202
07-03 23:26:00.010  3613  3613 D KeyguardUpdateMonitor: received broadcast android.intent.action.TIME_TICK
07-03 23:26:00.010  3613  3613 D KeyguardUpdateMonitor: handleTimeUpdate
07-03 23:26:00.012  3613  3613 D KeyguardUpdateMonitor: received broadcast android.intent.action.TIME_TICK
07-03 23:26:00.017  3613  3613 D KeyguardUpdateMonitor: handleTimeUpdate
07-03 23:26:00.271  1301  1301 W ipacm   : type=1400 audit(0.0:7825530): avc: denied { write } for name="ipacm_log_file" dev="tmpfs" ino=28733 scontext=u:r:ipacm:s0 tcontext=u:object_r:ipacm_socket:s0 tclass=sock_file permissive=0
07-03 23:26:00.271  1301  1301 I chatty  : uid=1001(radio) /system/vendor/bin/ipacm identical 3 lines
07-03 23:26:00.271  1301  1301 W ipacm   : type=1400 audit(0.0:7825534): avc: denied { write } for name="ipacm_log_file" dev="tmpfs" ino=28733 scontext=u:r:ipacm:s0 tcontext=u:object_r:ipacm_socket:s0 tclass=sock_file permissive=0
07-03 23:26:00.908  4018  4207 I BatteryMgr:DataCollectionService: stats => 1688419560908,-282226,4202
07-03 23:26:01.915  4018  4207 I BatteryMgr:DataCollectionService: stats => 1688419561915,-312988,4202
07-03 23:26:02.031  1301  1301 W ipacm   : type=1400 audit(0.0:7825572): avc: denied { write } for name="ipacm_log_file" dev="tmpfs" ino=28733 scontext=u:r:ipacm:s0 tcontext=u:object_r:ipacm_socket:s0 tclass=sock_file permissive=0
07-03 23:26:02.031  1301  1301 I chatty  : uid=1001(radio) /system/vendor/bin/ipacm identical 3 lines
07-03 23:26:02.031  1301  1301 W ipacm   : type=1400 audit(0.0:7825576): avc: denied { write } for name="ipacm_log_file" dev="tmpfs" ino=28733 scontext=u:r:ipacm:s0 tcontext=u:object_r:ipacm_socket:s0 tclass=sock_file permissive=0
07-03 23:26:02.211  4018  4241 D ProfileInstaller: Installing profile for com.example.batterymanager_utility
07-03 23:26:02.923  4018  4207 I BatteryMgr:DataCollectionService: stats => 1688419562923,-312988,4202
07-03 23:26:03.041  1301  1301 W /system/vendor/bin/ipacm: type=1400 audit(0.0:7825620): avc: denied { write } for comm=6E65746C696E6B20736F636B6574 name="ipacm_log_file" dev="tmpfs" ino=28733 scontext=u:r:ipacm:s0 tcontext=u:object_r:ipacm_socket:s0 tclass=sock_file permissive=0
07-03 23:26:03.041  1301  1301 I chatty  : uid=1001(radio) /system/vendor/bin/ipacm identical 1 line
07-03 23:26:03.041  1301  1301 W /system/vendor/bin/ipacm: type=1400 audit(0.0:7825622): avc: denied { write } for comm=6E65746C696E6B20736F636B6574 name="ipacm_log_file" dev="tmpfs" ino=28733 scontext=u:r:ipacm:s0 tcontext=u:object_r:ipacm_socket:s0 tclass=sock_file permissive=0
07-03 23:26:03.041  1301  1301 W ipacm   : type=1400 audit(0.0:7825623): avc: denied { write } for name="ipacm_log_file" dev="tmpfs" ino=28733 scontext=u:r:ipacm:s0 tcontext=u:object_r:ipacm_socket:s0 tclass=sock_file permissive=0
07-03 23:26:03.041  1301  1301 W ipacm   : type=1400 audit(0.0:7825624): avc: denied { write } for name="ipacm_log_file" dev="tmpfs" ino=28733 scontext=u:r:ipacm:s0 tcontext=u:object_r:ipacm_socket:s0 tclass=sock_file permissive=0
07-03 23:26:03.931  4018  4207 I BatteryMgr:DataCollectionService: stats => 1688419563931,-276855,4202
07-03 23:26:04.191  1301  1301 W ipacm   : type=1400 audit(0.0:7825784): avc: denied { write } for name="ipacm_log_file" dev="tmpfs" ino=28733 scontext=u:r:ipacm:s0 tcontext=u:object_r:ipacm_socket:s0 tclass=sock_file permissive=0
07-03 23:26:04.271  1301  1301 I chatty  : uid=1001(radio) /system/vendor/bin/ipacm identical 3 lines
07-03 23:26:04.271  1301  1301 W ipacm   : type=1400 audit(0.0:7825788): avc: denied { write } for name="ipacm_log_file" dev="tmpfs" ino=28733 scontext=u:r:ipacm:s0 tcontext=u:object_r:ipacm_socket:s0 tclass=sock_file permissive=0
07-03 23:26:04.938  4018  4207 I BatteryMgr:DataCollectionService: stats => 1688419564938,-334960,4202
07-03 23:26:05.311  1301  1301 W ipacm   : type=1400 audit(0.0:7825883): avc: denied { write } for name="ipacm_log_file" dev="tmpfs" ino=28733 scontext=u:r:ipacm:s0 tcontext=u:object_r:ipacm_socket:s0 tclass=sock_file permissive=0
07-03 23:26:05.311  1301  1301 I chatty  : uid=1001(radio) /system/vendor/bin/ipacm identical 3 lines
07-03 23:26:05.311  1301  1301 W ipacm   : type=1400 audit(0.0:7825887): avc: denied { write } for name="ipacm_log_file" dev="tmpfs" ino=28733 scontext=u:r:ipacm:s0 tcontext=u:object_r:ipacm_socket:s0 tclass=sock_file permissive=0
07-03 23:26:05.945  4018  4207 I BatteryMgr:DataCollectionService: stats => 1688419565945,-280761,4202
07-03 23:26:05.977  1631  1821 W ActivityTaskManager: Launch timeout has expired, giving up wake lock!
07-03 23:26:06.431  1301  1301 W ipacm   : type=1400 audit(0.0:7825991): avc: denied { write } for name="ipacm_log_file" dev="tmpfs" ino=28733 scontext=u:r:ipacm:s0 tcontext=u:object_r:ipacm_socket:s0 tclass=sock_file permissive=0
07-03 23:26:06.431  1301  1301 I chatty  : uid=1001(radio) /system/vendor/bin/ipacm identical 3 lines
07-03 23:26:06.431  1301  1301 W ipacm   : type=1400 audit(0.0:7825995): avc: denied { write } for name="ipacm_log_file" dev="tmpfs" ino=28733 scontext=u:r:ipacm:s0 tcontext=u:object_r:ipacm_socket:s0 tclass=sock_file permissive=0
07-03 23:26:06.953  4018  4207 I BatteryMgr:DataCollectionService: stats => 1688419566953,-280761,4202
07-03 23:26:07.461  1301  1301 W ipacm   : type=1400 audit(0.0:7826072): avc: denied { write } for name="ipacm_log_file" dev="tmpfs" ino=28733 scontext=u:r:ipacm:s0 tcontext=u:object_r:ipacm_socket:s0 tclass=sock_file permissive=0
07-03 23:26:07.461  1301  1301 I chatty  : uid=1001(radio) /system/vendor/bin/ipacm identical 3 lines
07-03 23:26:07.461  1301  1301 W ipacm   : type=1400 audit(0.0:7826076): avc: denied { write } for name="ipacm_log_file" dev="tmpfs" ino=28733 scontext=u:r:ipacm:s0 tcontext=u:object_r:ipacm_socket:s0 tclass=sock_file permissive=0
07-03 23:26:07.960  4018  4207 I BatteryMgr:DataCollectionService: stats => 1688419567960,-341796,4202
07-03 23:26:08.481  1301  1301 W ipacm   : type=1400 audit(0.0:7826279): avc: denied { write } for name="ipacm_log_file" dev="tmpfs" ino=28733 scontext=u:r:ipacm:s0 tcontext=u:object_r:ipacm_socket:s0 tclass=sock_file permissive=0
07-03 23:26:08.481  1301  1301 I chatty  : uid=1001(radio) /system/vendor/bin/ipacm identical 3 lines
07-03 23:26:08.481  1301  1301 W ipacm   : type=1400 audit(0.0:7826283): avc: denied { write } for name="ipacm_log_file" dev="tmpfs" ino=28733 scontext=u:r:ipacm:s0 tcontext=u:object_r:ipacm_socket:s0 tclass=sock_file permissive=0
07-03 23:26:08.967  4018  4207 I BatteryMgr:DataCollectionService: stats => 1688419568967,-403808,4202
07-03 23:26:09.501  1301  1301 W ipacm   : type=1400 audit(0.0:7826426): avc: denied { write } for name="ipacm_log_file" dev="tmpfs" ino=28733 scontext=u:r:ipacm:s0 tcontext=u:object_r:ipacm_socket:s0 tclass=sock_file permissive=0
07-03 23:26:09.501  1301  1301 I chatty  : uid=1001(radio) /system/vendor/bin/ipacm identical 3 lines
07-03 23:26:09.501  1301  1301 W ipacm   : type=1400 audit(0.0:7826430): avc: denied { write } for name="ipacm_log_file" dev="tmpfs" ino=28733 scontext=u:r:ipacm:s0 tcontext=u:object_r:ipacm_socket:s0 tclass=sock_file permissive=0
07-03 23:26:09.974  4018  4207 I BatteryMgr:DataCollectionService: stats => 1688419569974,-403808,4202
07-03 23:26:10.731  1301  1301 W ipacm   : type=1400 audit(0.0:7826480): avc: denied { write } for name="ipacm_log_file" dev="tmpfs" ino=28733 scontext=u:r:ipacm:s0 tcontext=u:object_r:ipacm_socket:s0 tclass=sock_file permissive=0
07-03 23:26:10.731  1301  1301 I chatty  : uid=1001(radio) /system/vendor/bin/ipacm identical 3 lines
07-03 23:26:10.731  1301  1301 W ipacm   : type=1400 audit(0.0:7826484): avc: denied { write } for name="ipacm_log_file" dev="tmpfs" ino=28733 scontext=u:r:ipacm:s0 tcontext=u:object_r:ipacm_socket:s0 tclass=sock_file permissive=0
07-03 23:26:10.982  4018  4207 I BatteryMgr:DataCollectionService: stats => 1688419570982,-351562,4202
07-03 23:26:11.612 20281 20281 D BoundBrokerSvc: onUnbind: Intent { act=com.google.android.gms.inappreach.service.START dat=chimera-action: cmp=com.google.android.gms/.chimera.GmsApiService }
07-03 23:26:11.871  1301  1301 W ipacm   : type=1400 audit(0.0:7826522): avc: denied { write } for name="ipacm_log_file" dev="tmpfs" ino=28733 scontext=u:r:ipacm:s0 tcontext=u:object_r:ipacm_socket:s0 tclass=sock_file permissive=0
07-03 23:26:11.871  1301  1301 I chatty  : uid=1001(radio) /system/vendor/bin/ipacm identical 3 lines
07-03 23:26:11.871  1301  1301 W ipacm   : type=1400 audit(0.0:7826526): avc: denied { write } for name="ipacm_log_file" dev="tmpfs" ino=28733 scontext=u:r:ipacm:s0 tcontext=u:object_r:ipacm_socket:s0 tclass=sock_file permissive=0
07-03 23:26:11.989  4018  4207 I BatteryMgr:DataCollectionService: stats => 1688419571989,-347167,4202
07-03 23:26:12.991  1301  1301 W ipacm   : type=1400 audit(0.0:7826549): avc: denied { write } for name="ipacm_log_file" dev="tmpfs" ino=28733 scontext=u:r:ipacm:s0 tcontext=u:object_r:ipacm_socket:s0 tclass=sock_file permissive=0
07-03 23:26:12.991  1301  1301 I chatty  : uid=1001(radio) /system/vendor/bin/ipacm identical 3 lines
07-03 23:26:12.991  1301  1301 W ipacm   : type=1400 audit(0.0:7826553): avc: denied { write } for name="ipacm_log_file" dev="tmpfs" ino=28733 scontext=u:r:ipacm:s0 tcontext=u:object_r:ipacm_socket:s0 tclass=sock_file permissive=0
07-03 23:26:12.996  4018  4207 I BatteryMgr:DataCollectionService: stats => 1688419572995,-347167,4202
07-03 23:26:14.001  1301  1301 W ipacm   : type=1400 audit(0.0:7826649): avc: denied { write } for name="ipacm_log_file" dev="tmpfs" ino=28733 scontext=u:r:ipacm:s0 tcontext=u:object_r:ipacm_socket:s0 tclass=sock_file permissive=0
07-03 23:26:14.001  1301  1301 I chatty  : uid=1001(radio) /system/vendor/bin/ipacm identical 3 lines
07-03 23:26:14.001  1301  1301 W ipacm   : type=1400 audit(0.0:7826653): avc: denied { write } for name="ipacm_log_file" dev="tmpfs" ino=28733 scontext=u:r:ipacm:s0 tcontext=u:object_r:ipacm_socket:s0 tclass=sock_file permissive=0
07-03 23:26:14.003  4018  4207 I BatteryMgr:DataCollectionService: stats => 1688419574003,-383788,4202
07-03 23:26:15.011  4018  4207 I BatteryMgr:DataCollectionService: stats => 1688419575011,-355468,4202
07-03 23:26:15.021  1301  1301 W ipacm   : type=1400 audit(0.0:7826727): avc: denied { write } for name="ipacm_log_file" dev="tmpfs" ino=28733 scontext=u:r:ipacm:s0 tcontext=u:object_r:ipacm_socket:s0 tclass=sock_file permissive=0
07-03 23:26:15.031  1301  1301 I chatty  : uid=1001(radio) /system/vendor/bin/ipacm identical 3 lines
07-03 23:26:15.031  1301  1301 W ipacm   : type=1400 audit(0.0:7826731): avc: denied { write } for name="ipacm_log_file" dev="tmpfs" ino=28733 scontext=u:r:ipacm:s0 tcontext=u:object_r:ipacm_socket:s0 tclass=sock_file permissive=0
07-03 23:26:16.018  4018  4207 I BatteryMgr:DataCollectionService: stats => 1688419576018,-355468,4202
07-03 23:26:16.031  1301  1301 W ipacm   : type=1400 audit(0.0:7826835): avc: denied { write } for name="ipacm_log_file" dev="tmpfs" ino=28733 scontext=u:r:ipacm:s0 tcontext=u:object_r:ipacm_socket:s0 tclass=sock_file permissive=0
07-03 23:26:16.031  1301  1301 I chatty  : uid=1001(radio) /system/vendor/bin/ipacm identical 3 lines
07-03 23:26:16.031  1301  1301 W ipacm   : type=1400 audit(0.0:7826839): avc: denied { write } for name="ipacm_log_file" dev="tmpfs" ino=28733 scontext=u:r:ipacm:s0 tcontext=u:object_r:ipacm_socket:s0 tclass=sock_file permissive=0
07-03 23:26:17.025  4018  4207 I BatteryMgr:DataCollectionService: stats => 1688419577025,-341796,4202
07-03 23:26:17.071  1301  1301 W ipacm   : type=1400 audit(0.0:7826994): avc: denied { write } for name="ipacm_log_file" dev="tmpfs" ino=28733 scontext=u:r:ipacm:s0 tcontext=u:object_r:ipacm_socket:s0 tclass=sock_file permissive=0
07-03 23:26:17.071  1301  1301 I chatty  : uid=1001(radio) /system/vendor/bin/ipacm identical 3 lines
07-03 23:26:17.071  1301  1301 W ipacm   : type=1400 audit(0.0:7826998): avc: denied { write } for name="ipacm_log_file" dev="tmpfs" ino=28733 scontext=u:r:ipacm:s0 tcontext=u:object_r:ipacm_socket:s0 tclass=sock_file permissive=0
07-03 23:26:18.033  4018  4207 I BatteryMgr:DataCollectionService: stats => 1688419578033,-468749,4202
07-03 23:26:18.111  1301  1301 W ipacm   : type=1400 audit(0.0:7827123): avc: denied { write } for name="ipacm_log_file" dev="tmpfs" ino=28733 scontext=u:r:ipacm:s0 tcontext=u:object_r:ipacm_socket:s0 tclass=sock_file permissive=0
07-03 23:26:18.111  1301  1301 I chatty  : uid=1001(radio) /system/vendor/bin/ipacm identical 3 lines
07-03 23:26:18.111  1301  1301 W ipacm   : type=1400 audit(0.0:7827127): avc: denied { write } for name="ipacm_log_file" dev="tmpfs" ino=28733 scontext=u:r:ipacm:s0 tcontext=u:object_r:ipacm_socket:s0 tclass=sock_file permissive=0
07-03 23:26:19.043  4018  4207 I BatteryMgr:DataCollectionService: stats => 1688419579043,-468749,4202
07-03 23:26:19.131  1301  1301 W ipacm   : type=1400 audit(0.0:7827340): avc: denied { write } for name="ipacm_log_file" dev="tmpfs" ino=28733 scontext=u:r:ipacm:s0 tcontext=u:object_r:ipacm_socket:s0 tclass=sock_file permissive=0
07-03 23:26:19.131  1301  1301 I chatty  : uid=1001(radio) /system/vendor/bin/ipacm identical 3 lines
07-03 23:26:19.131  1301  1301 W ipacm   : type=1400 audit(0.0:7827344): avc: denied { write } for name="ipacm_log_file" dev="tmpfs" ino=28733 scontext=u:r:ipacm:s0 tcontext=u:object_r:ipacm_socket:s0 tclass=sock_file permissive=0
07-03 23:26:20.051  4018  4207 I BatteryMgr:DataCollectionService: stats => 1688419580051,-417968,4202
07-03 23:26:20.351  1301  1301 W ipacm   : type=1400 audit(0.0:7827516): avc: denied { write } for name="ipacm_log_file" dev="tmpfs" ino=28733 scontext=u:r:ipacm:s0 tcontext=u:object_r:ipacm_socket:s0 tclass=sock_file permissive=0
07-03 23:26:20.451  1301  1301 I chatty  : uid=1001(radio) /system/vendor/bin/ipacm identical 3 lines
07-03 23:26:20.451  1301  1301 W ipacm   : type=1400 audit(0.0:7827520): avc: denied { write } for name="ipacm_log_file" dev="tmpfs" ino=28733 scontext=u:r:ipacm:s0 tcontext=u:object_r:ipacm_socket:s0 tclass=sock_file permissive=0
07-03 23:26:21.058  4018  4207 I BatteryMgr:DataCollectionService: stats => 1688419581058,-453124,4202
07-03 23:26:21.631  1301  1301 W ipacm   : type=1400 audit(0.0:7827537): avc: denied { write } for name="ipacm_log_file" dev="tmpfs" ino=28733 scontext=u:r:ipacm:s0 tcontext=u:object_r:ipacm_socket:s0 tclass=sock_file permissive=0
07-03 23:26:21.631  1301  1301 I chatty  : uid=1001(radio) /system/vendor/bin/ipacm identical 3 lines
07-03 23:26:21.631  1301  1301 W ipacm   : type=1400 audit(0.0:7827541): avc: denied { write } for name="ipacm_log_file" dev="tmpfs" ino=28733 scontext=u:r:ipacm:s0 tcontext=u:object_r:ipacm_socket:s0 tclass=sock_file permissive=0
07-03 23:26:22.065  4018  4207 I BatteryMgr:DataCollectionService: stats => 1688419582065,-453124,4202
07-03 23:26:22.671  1301  1301 W ipacm   : type=1400 audit(0.0:7827543): avc: denied { write } for name="ipacm_log_file" dev="tmpfs" ino=28733 scontext=u:r:ipacm:s0 tcontext=u:object_r:ipacm_socket:s0 tclass=sock_file permissive=0
07-03 23:26:22.671  1301  1301 I chatty  : uid=1001(radio) /system/vendor/bin/ipacm identical 3 lines
07-03 23:26:22.671  1301  1301 W ipacm   : type=1400 audit(0.0:7827547): avc: denied { write } for name="ipacm_log_file" dev="tmpfs" ino=28733 scontext=u:r:ipacm:s0 tcontext=u:object_r:ipacm_socket:s0 tclass=sock_file permissive=0
07-03 23:26:23.073  4018  4207 I BatteryMgr:DataCollectionService: stats => 1688419583073,-407714,4202
07-03 23:26:24.080  4018  4207 I BatteryMgr:DataCollectionService: stats => 1688419584080,-406249,4202
07-03 23:26:24.131  1301  1301 W ipacm   : type=1400 audit(0.0:7827609): avc: denied { write } for name="ipacm_log_file" dev="tmpfs" ino=28733 scontext=u:r:ipacm:s0 tcontext=u:object_r:ipacm_socket:s0 tclass=sock_file permissive=0
07-03 23:26:24.131  1301  1301 I chatty  : uid=1001(radio) /system/vendor/bin/ipacm identical 3 lines
07-03 23:26:24.131  1301  1301 W ipacm   : type=1400 audit(0.0:7827613): avc: denied { write } for name="ipacm_log_file" dev="tmpfs" ino=28733 scontext=u:r:ipacm:s0 tcontext=u:object_r:ipacm_socket:s0 tclass=sock_file permissive=0
07-03 23:26:25.087  4018  4207 I BatteryMgr:DataCollectionService: stats => 1688419585086,-406249,4202
07-03 23:26:25.151  1301  1301 W ipacm   : type=1400 audit(0.0:7827737): avc: denied { write } for name="ipacm_log_file" dev="tmpfs" ino=28733 scontext=u:r:ipacm:s0 tcontext=u:object_r:ipacm_socket:s0 tclass=sock_file permissive=0
07-03 23:26:25.231  1301  1301 I chatty  : uid=1001(radio) /system/vendor/bin/ipacm identical 3 lines
07-03 23:26:25.231  1301  1301 W ipacm   : type=1400 audit(0.0:7827741): avc: denied { write } for name="ipacm_log_file" dev="tmpfs" ino=28733 scontext=u:r:ipacm:s0 tcontext=u:object_r:ipacm_socket:s0 tclass=sock_file permissive=0
07-03 23:26:26.099  4018  4207 I BatteryMgr:DataCollectionService: stats => 1688419586099,-466796,4202
07-03 23:26:26.271  1301  1301 W ipacm   : type=1400 audit(0.0:7827860): avc: denied { write } for name="ipacm_log_file" dev="tmpfs" ino=28733 scontext=u:r:ipacm:s0 tcontext=u:object_r:ipacm_socket:s0 tclass=sock_file permissive=0
07-03 23:26:26.751  1301  1301 I chatty  : uid=1001(radio) /system/vendor/bin/ipacm identical 3 lines
07-03 23:26:26.751  1301  1301 W ipacm   : type=1400 audit(0.0:7827864): avc: denied { write } for name="ipacm_log_file" dev="tmpfs" ino=28733 scontext=u:r:ipacm:s0 tcontext=u:object_r:ipacm_socket:s0 tclass=sock_file permissive=0
07-03 23:26:27.105  4018  4207 I BatteryMgr:DataCollectionService: stats => 1688419587105,-408691,4202
07-03 23:26:27.301  1301  1301 W ipacm   : type=1400 audit(0.0:7827974): avc: denied { write } for name="ipacm_log_file" dev="tmpfs" ino=28733 scontext=u:r:ipacm:s0 tcontext=u:object_r:ipacm_socket:s0 tclass=sock_file permissive=0
07-03 23:26:27.301  1301  1301 I chatty  : uid=1001(radio) /system/vendor/bin/ipacm identical 3 lines
07-03 23:26:27.311  1301  1301 W ipacm   : type=1400 audit(0.0:7827978): avc: denied { write } for name="ipacm_log_file" dev="tmpfs" ino=28733 scontext=u:r:ipacm:s0 tcontext=u:object_r:ipacm_socket:s0 tclass=sock_file permissive=0
07-03 23:26:28.113  4018  4207 I BatteryMgr:DataCollectionService: stats => 1688419588113,-509277,4202
07-03 23:26:28.321  1301  1301 W ipacm   : type=1400 audit(0.0:7828115): avc: denied { write } for name="ipacm_log_file" dev="tmpfs" ino=28733 scontext=u:r:ipacm:s0 tcontext=u:object_r:ipacm_socket:s0 tclass=sock_file permissive=0
07-03 23:26:28.321  1301  1301 I chatty  : uid=1001(radio) /system/vendor/bin/ipacm identical 3 lines
07-03 23:26:28.321  1301  1301 W ipacm   : type=1400 audit(0.0:7828119): avc: denied { write } for name="ipacm_log_file" dev="tmpfs" ino=28733 scontext=u:r:ipacm:s0 tcontext=u:object_r:ipacm_socket:s0 tclass=sock_file permissive=0
07-03 23:26:29.120  4018  4207 I BatteryMgr:DataCollectionService: stats => 1688419589120,-509277,4202
07-03 23:26:29.351  1301  1301 W ipacm   : type=1400 audit(0.0:7828271): avc: denied { write } for name="ipacm_log_file" dev="tmpfs" ino=28733 scontext=u:r:ipacm:s0 tcontext=u:object_r:ipacm_socket:s0 tclass=sock_file permissive=0
07-03 23:26:29.351  1301  1301 I chatty  : uid=1001(radio) /system/vendor/bin/ipacm identical 3 lines
07-03 23:26:29.351  1301  1301 W ipacm   : type=1400 audit(0.0:7828275): avc: denied { write } for name="ipacm_log_file" dev="tmpfs" ino=28733 scontext=u:r:ipacm:s0 tcontext=u:object_r:ipacm_socket:s0 tclass=sock_file permissive=0
07-03 23:26:30.103  1631  2406 D WifiNative: Scan trigered from WifiNative
07-03 23:26:30.104  1366  6517 D LOWI-9.0.0.79: [LOWI-Scan] wait_event:Wait done with Cmd 33
07-03 23:26:30.104  1366  6517 D LOWI-9.0.0.79: [LOWI-Scan] do_listen_events: Rcvd valid Netlink Cmd 0 Err 0
07-03 23:26:30.128  4018  4207 I BatteryMgr:DataCollectionService: stats => 1688419590127,-522948,4202
07-03 23:26:30.371  1301  1301 W ipacm   : type=1400 audit(0.0:7828460): avc: denied { write } for name="ipacm_log_file" dev="tmpfs" ino=28733 scontext=u:r:ipacm:s0 tcontext=u:object_r:ipacm_socket:s0 tclass=sock_file permissive=0
07-03 23:26:30.371  1301  1301 I chatty  : uid=1001(radio) /system/vendor/bin/ipacm identical 3 lines
07-03 23:26:30.371  1301  1301 W ipacm   : type=1400 audit(0.0:7828464): avc: denied { write } for name="ipacm_log_file" dev="tmpfs" ino=28733 scontext=u:r:ipacm:s0 tcontext=u:object_r:ipacm_socket:s0 tclass=sock_file permissive=0
07-03 23:26:31.136  4018  4207 I BatteryMgr:DataCollectionService: stats => 1688419591135,-577148,4202
07-03 23:26:32.111  1301  1301 W ipacm   : type=1400 audit(0.0:7828499): avc: denied { write } for name="ipacm_log_file" dev="tmpfs" ino=28733 scontext=u:r:ipacm:s0 tcontext=u:object_r:ipacm_socket:s0 tclass=sock_file permissive=0
07-03 23:26:32.111  1301  1301 I chatty  : uid=1001(radio) /system/vendor/bin/ipacm identical 3 lines
07-03 23:26:32.111  1301  1301 W ipacm   : type=1400 audit(0.0:7828503): avc: denied { write } for name="ipacm_log_file" dev="tmpfs" ino=28733 scontext=u:r:ipacm:s0 tcontext=u:object_r:ipacm_socket:s0 tclass=sock_file permissive=0
07-03 23:26:32.143  4018  4207 I BatteryMgr:DataCollectionService: stats => 1688419592143,-577148,4202
07-03 23:26:33.151  4018  4207 I BatteryMgr:DataCollectionService: stats => 1688419593151,-562011,4202
07-03 23:26:33.311  1301  1301 W ipacm   : type=1400 audit(0.0:7828523): avc: denied { write } for name="ipacm_log_file" dev="tmpfs" ino=28733 scontext=u:r:ipacm:s0 tcontext=u:object_r:ipacm_socket:s0 tclass=sock_file permissive=0
07-03 23:26:33.311  1301  1301 I chatty  : uid=1001(radio) /system/vendor/bin/ipacm identical 3 lines
07-03 23:26:33.311  1301  1301 W ipacm   : type=1400 audit(0.0:7828527): avc: denied { write } for name="ipacm_log_file" dev="tmpfs" ino=28733 scontext=u:r:ipacm:s0 tcontext=u:object_r:ipacm_socket:s0 tclass=sock_file permissive=0
07-03 23:26:34.159  4018  4207 I BatteryMgr:DataCollectionService: stats => 1688419594158,-562987,4202
07-03 23:26:34.671  1301  1301 W ipacm   : type=1400 audit(0.0:7828604): avc: denied { write } for name="ipacm_log_file" dev="tmpfs" ino=28733 scontext=u:r:ipacm:s0 tcontext=u:object_r:ipacm_socket:s0 tclass=sock_file permissive=0
07-03 23:26:34.671  1301  1301 I chatty  : uid=1001(radio) /system/vendor/bin/ipacm identical 3 lines
07-03 23:26:34.671  1301  1301 W ipacm   : type=1400 audit(0.0:7828608): avc: denied { write } for name="ipacm_log_file" dev="tmpfs" ino=28733 scontext=u:r:ipacm:s0 tcontext=u:object_r:ipacm_socket:s0 tclass=sock_file permissive=0
07-03 23:26:35.165  4018  4207 I BatteryMgr:DataCollectionService: stats => 1688419595165,-562987,4202
07-03 23:26:35.711  1301  1301 W ipacm   : type=1400 audit(0.0:7828686): avc: denied { write } for name="ipacm_log_file" dev="tmpfs" ino=28733 scontext=u:r:ipacm:s0 tcontext=u:object_r:ipacm_socket:s0 tclass=sock_file permissive=0
07-03 23:26:35.711  1301  1301 I chatty  : uid=1001(radio) /system/vendor/bin/ipacm identical 3 lines
07-03 23:26:35.711  1301  1301 W ipacm   : type=1400 audit(0.0:7828690): avc: denied { write } for name="ipacm_log_file" dev="tmpfs" ino=28733 scontext=u:r:ipacm:s0 tcontext=u:object_r:ipacm_socket:s0 tclass=sock_file permissive=0
07-03 23:26:36.173  4018  4207 I BatteryMgr:DataCollectionService: stats => 1688419596173,-562011,4202
07-03 23:26:36.352  1366  6517 D LOWI-9.0.0.79: [LOWI-Scan] wait_event:Wait done with Cmd 34
07-03 23:26:36.352  1366  6517 D LOWI-9.0.0.79: [LOWI-Scan] do_listen_events: Rcvd valid Netlink Cmd 34 Err 0
07-03 23:26:36.353  1366  6517 D LOWI-9.0.0.79: [LOWI-Scan]  -- associated
07-03 23:26:36.353  1631  7804 D WifiNl80211Manager: Scan result ready event
07-03 23:26:36.353  1366  6517 D LOWI-9.0.0.79: [LOWI-Scan] 
07-03 23:26:36.353  1366  6517 D LOWI-9.0.0.79: [LOWI-Scan] print_bss_handler: Report beacon TSF 202371346971 as it greater than probe TSF 202365467119
07-03 23:26:36.353  1366  6517 I LOWI-9.0.0.79: [LOWI-Scan] RSN_IE
07-03 23:26:36.353  1366  6517 D LOWI-9.0.0.79: [LOWI-Scan] decode_rsn_wpa_ie: Entered
07-03 23:26:36.353  1631  7804 D WifiNative: Scan result ready event
07-03 23:26:36.353  1366  6517 D LOWI-9.0.0.79: [LOWIUtils] hexDump: msg(30 14 01 00 00 0f ac 04 01 00 00 0f ac 04 01 00 00 0f ac 02 )
07-03 23:26:36.353  1366  6517 D LOWI-9.0.0.79: [LOWI-Scan] decode_rsn_wpa_ie: LOWI_ENCRYPTION_TYPE_WPA_PSK
07-03 23:26:36.353  1366  6517 D LOWI-9.0.0.79: [LOWI-Scan] is_qcom_ie, bss_age: 0
07-03 23:26:36.353  1366  6517 D LOWI-9.0.0.79: [LOWI-Scan] BSS 90:9a:4a:19:d8:a6 LOWI_PHY_MODE_11NG_HT40(7), Beacon Interval: 100, LOWI_ENCRYPTION_TYPE_WPA_PSK 11mcRanging: No, ANQP: No, LCI: No, Civic: No, capability(0x0431): ESS Privacy ShortPreamble ShortSlotTime
07-03 23:26:36.353  1366  6517 D LOWI-9.0.0.79: [LOWI-Scan] BSS 90:9a:4a:19:d8:a6 FREQ: 2427, cFreq1[40:80:160] = [2437:0:0] cFreq2 = 0 Country Code =    
07-03 23:26:36.353  1366  6517 D LOWI-9.0.0.79: [LOWI-Scan] BSS 90:9a:4a:19:d8:a6 (wlan0) ASSO: YES AddInfo: 0x1, TSF 2, 08:12:51.346, RSSI: -76, CPL: 127, AGE: 0,  SSID DoodleBoodle, TSFDelta: 0x6fa7aa87, TXRate: 0
07-03 23:26:36.353  1366  6517 D LOWI-9.0.0.79: [LOWI-Scan] 
07-03 23:26:36.353  1366  6517 D LOWI-9.0.0.79: [LOWI-Scan] print_bss_handler: Report beacon TSF 202365844119 as it greater than probe TSF 202365844119
07-03 23:26:36.353  1366  6517 I LOWI-9.0.0.79: [LOWI-Scan] RSN_IE
07-03 23:26:36.353  1366  6517 D LOWI-9.0.0.79: [LOWI-Scan] decode_rsn_wpa_ie: Entered
07-03 23:26:36.353  1366  6517 D LOWI-9.0.0.79: [LOWIUtils] hexDump: msg(30 14 01 00 00 0f ac 04 01 00 00 0f ac 04 01 00 00 0f ac 02 )
07-03 23:26:36.353  1366  6517 D LOWI-9.0.0.79: [LOWI-Scan] decode_rsn_wpa_ie: LOWI_ENCRYPTION_TYPE_WPA_PSK
07-03 23:26:36.353  1366  6517 D LOWI-9.0.0.79: [LOWI-Scan] is_qcom_ie, bss_age: 0
07-03 23:26:36.353  1366  6517 D LOWI-9.0.0.79: [LOWI-Scan] BSS 22:3b:f3:a3:b1:0f LOWI_PHY_MODE_11NG_HT20(5), Beacon Interval: 100, LOWI_ENCRYPTION_TYPE_WPA_PSK 11mcRanging: No, ANQP: No, LCI: No, Civic: No, capability(0x1431): ESS Privacy ShortPreamble ShortSlotTime
07-03 23:26:36.353  1366  6517 D LOWI-9.0.0.79: [LOWI-Scan] BSS 22:3b:f3:a3:b1:0f FREQ: 2447, cFreq1[40:80:160] = [0:0:0] cFreq2 = 0 Country Code =    
07-03 23:26:36.353  1366  6517 D LOWI-9.0.0.79: [LOWI-Scan] BSS 22:3b:f3:a3:b1:0f (wlan0) ASSO: NO AddInfo: 0x1, TSF 2, 08:12:45.844, RSSI: -154, CPL: 127, AGE: 5640,  SSID , TSFDelta: 0x24f46e27, TXRate: 0
07-03 23:26:36.353  1366  6517 D LOWI-9.0.0.79: [LOWI-Scan] 
07-03 23:26:36.353  1366  6517 D LOWI-9.0.0.79: [LOWI-Scan] print_bss_handler: Report Probe TSF 202366268934 as it greater than Beacon TSF 201655267923
07-03 23:26:36.354  1366  6517 I LOWI-9.0.0.79: [LOWI-Scan] RSN_IE
07-03 23:26:36.354  1366  6517 D LOWI-9.0.0.79: [LOWI-Scan] decode_rsn_wpa_ie: Entered
07-03 23:26:36.354  1366  6517 D LOWI-9.0.0.79: [LOWIUtils] hexDump: msg(30 18 01 00 00 0f ac 02 02 00 00 0f ac 04 00 0f ac 02 01 00 00 0f ac 02 )
07-03 23:26:36.354  1366  6517 D LOWI-9.0.0.79: [LOWI-Scan] decode_rsn_wpa_ie: LOWI_ENCRYPTION_TYPE_WPA_PSK
07-03 23:26:36.354  1366  6517 D LOWI-9.0.0.79: [LOWI-Scan] is_qcom_ie, bss_age: 0
07-03 23:26:36.354  1366  6517 D LOWI-9.0.0.79: [LOWI-Scan] BSS 1c:3b:f3:a3:b1:0e LOWI_PHY_MODE_11AC_VHT80(10), Beacon Interval: 100, LOWI_ENCRYPTION_TYPE_WPA_PSK 11mcRanging: No, ANQP: No, LCI: No, Civic: No, capability(0x1511): ESS Privacy SpectrumMgmt ShortSlotTime
07-03 23:26:36.354  1366  6517 D LOWI-9.0.0.79: [LOWI-Scan] BSS 1c:3b:f3:a3:b1:0e FREQ: 5180, cFreq1[40:80:160] = [5190:5210:0] cFreq2 = 0 Country Code =    
07-03 23:26:36.354  1366  6517 D LOWI-9.0.0.79: [LOWI-Scan] BSS 1c:3b:f3:a3:b1:0e (wlan0) ASSO: NO AddInfo: 0x0, TSF 2, 08:12:46.268, RSSI: -160, CPL: 127, AGE: 5220,  SSID TP-Link_B10F_5G, TSFDelta: 0xe0f078cd, TXRate: 0
07-03 23:26:36.354  1366  6517 D LOWI-9.0.0.79: [LOWI-Scan] 
07-03 23:26:36.354  1366  6517 D LOWI-9.0.0.79: [LOWI-Scan] print_bss_handler: Report Probe TSF 202365841242 as it greater than Beacon TSF 0
07-03 23:26:36.354  1366  6517 I LOWI-9.0.0.79: [LOWI-Scan] RSN_IE
07-03 23:26:36.354  1366  6517 D LOWI-9.0.0.79: [LOWI-Scan] decode_rsn_wpa_ie: Entered
07-03 23:26:36.354  1366  6517 D LOWI-9.0.0.79: [LOWIUtils] hexDump: msg(30 18 01 00 00 0f ac 02 02 00 00 0f ac 04 00 0f ac 02 01 00 00 0f ac 02 )
07-03 23:26:36.354  1366  6517 D LOWI-9.0.0.79: [LOWI-Scan] decode_rsn_wpa_ie: LOWI_ENCRYPTION_TYPE_WPA_PSK
07-03 23:26:36.354  1366  6517 D LOWI-9.0.0.79: [LOWI-Scan] is_qcom_ie, bss_age: 0
07-03 23:26:36.354  1366  6517 D LOWI-9.0.0.79: [LOWI-Scan] BSS 1c:3b:f3:a3:b1:0f LOWI_PHY_MODE_11NG_HT20(5), Beacon Interval: 100, LOWI_ENCRYPTION_TYPE_WPA_PSK 11mcRanging: No, ANQP: No, LCI: No, Civic: No, capability(0x1431): ESS Privacy ShortPreamble ShortSlotTime
07-03 23:26:36.354  1366  6517 D LOWI-9.0.0.79: [LOWI-Scan] BSS 1c:3b:f3:a3:b1:0f FREQ: 2447, cFreq1[40:80:160] = [0:0:0] cFreq2 = 0 Country Code =    
07-03 23:26:36.354  1366  6517 D LOWI-9.0.0.79: [LOWI-Scan] BSS 1c:3b:f3:a3:b1:0f (wlan0) ASSO: NO AddInfo: 0x0, TSF 2, 08:12:45.841, RSSI: -146, CPL: 127, AGE: 5640,  SSID TP-Link_B10F, TSFDelta: 0x24f535fb, TXRate: 0
07-03 23:26:36.354  1366  6517 D LOWI-9.0.0.79: [LOWIDiagLog] Log: lowiMeasResult->request: invalid null argument
