--------- beginning of main
07-02 19:36:50.925  1631  2167 I InputReader: Reconfiguring input devices, changes=KEYBOARD_LAYOUTS | 
07-02 19:36:50.926 29950 29950 I GsaVoiceInteractionSrv: (REDACTED) O received %s
07-02 19:36:50.933   927  1330 D AF::TrackHandle: OpPlayAudio: track:56 usage:3 not muted
07-02 19:36:50.943   927  1330 I chatty  : uid=1041(audioserver) Binder:927_1 identical 3 lines
07-02 19:36:50.944   927  1330 D AF::TrackHandle: OpPlayAudio: track:56 usage:3 not muted
07-02 19:36:50.958 28695 31823 I Finsky  : [2976] otv.run(31): Wrote row to frosting DB: 964
07-02 19:36:50.958 28695 28695 I Finsky  : [2] vpn.g(0): vpn - Received: android.intent.action.PACKAGE_ADDED, [CPZqccH6UYIfBlmeVTJ5dE0qJsfxIuFjQpsmBq2XUG8]
07-02 19:36:50.959 28695 31836 I Finsky  : [2978] khm.aao(23): [ContentSync] finished, scheduled=false
07-02 19:36:50.959 28695 28747 I Finsky  : [2820] jmc.a(5): AIM: AppInfoManager-Perf > OnDeviceAppInfo > cacheHitCount=1, cacheMissCount=0. Missed  in cache (limit 10) : []
07-02 19:36:50.959 28695 28707 I android.vendin: Background concurrent copying GC freed 198988(7037KB) AllocSpace objects, 38(2200KB) LOS objects, 49% free, 11MB/22MB, paused 3.544ms total 198.013ms
07-02 19:36:50.960 28695 28743 I Finsky  : [2817] jjt.apply(106): AIM: Got app ownership map. App counts: . Unique apps: 0
07-02 19:36:50.960 28695 28747 I Finsky  : [2820] jjt.apply(106): AIM: Got app ownership map. App counts: . Unique apps: 0
07-02 19:36:50.964 31924 31924 E ndroid.keychai: Not starting debugger since process cannot load the jdwp agent.
--------- beginning of system
07-02 19:36:50.969  1631  1834 W BroadcastQueue: Background execution not allowed: receiving Intent { act=android.intent.action.PACKAGE_ADDED dat=package:com.example.batterymanager_utility flg=0x4000010 (has extras) } to com.android.vending/com.google.android.finsky.packagemonitor.backgroundimpl.BackgroundPackageMonitorReceiverImpl$RegisteredReceiver
07-02 19:36:50.969  1631  1834 W BroadcastQueue: Background execution not allowed: receiving Intent { act=android.intent.action.PACKAGE_ADDED dat=package:com.example.batterymanager_utility flg=0x4000010 (has extras) } to com.google.android.gms/.games.chimera.GamesSystemBroadcastReceiverProxy
07-02 19:36:50.974 28695 31823 I Finsky  : [2976] otv.run(31): Wrote row to frosting DB: 965
07-02 19:36:50.977  1631  3628 D CompatibilityInfo: mCompatibilityFlags - 0
07-02 19:36:50.977  1631  3628 D CompatibilityInfo: applicationDensity - 420
07-02 19:36:50.977  1631  3628 D CompatibilityInfo: applicationScale - 1.0
07-02 19:36:50.978 28695 28747 I Finsky  : [2820] jlz.a(11): AIM: AppInfoManager-Perf > ItemModel > CacheSize=37, cacheHitCount=0, cacheMissCount=0, total appsWithNoServerDataCount=0. Missed  in cache (limit 10) : []
07-02 19:36:50.980 25982 31918 I Fitness : (REDACTED) FitCleanupIntentOperation received Intent %s
07-02 19:36:50.980  1631  1631 V BackupManagerConstants: getFullBackupIntervalMilliseconds(...) returns 86400000
07-02 19:36:50.980  1631  1631 V BackupManagerConstants: getFullBackupRequiredNetworkType(...) returns 2
07-02 19:36:50.980  1631  1631 V BackupManagerConstants: getFullBackupRequireCharging(...) returns true
07-02 19:36:50.983  1631  1834 W BroadcastQueue: Background execution not allowed: receiving Intent { act=android.intent.action.PACKAGE_ADDED dat=package:com.example.batterymanager_utility flg=0x4000010 (has extras) } to com.google.android.gms/.gass.chimera.PackageChangeBroadcastReceiver
07-02 19:36:50.984  1631  1834 W BroadcastQueue: Background execution not allowed: receiving Intent { act=android.intent.action.PACKAGE_ADDED dat=package:com.example.batterymanager_utility flg=0x4000010 (has extras) } to com.google.android.gms/.chimera.GmsIntentOperationService$PersistentTrustedReceiver
07-02 19:36:50.986  4847  4847 D RegisteredServicesCache: Others service enabled : ComponentInfo{com.google.android.gms/com.google.android.gms.nearby.mediums.nearfieldcommunication.NfcAdvertisingService}
07-02 19:36:50.986  4847  4847 D RegisteredServicesCache: Others service enabled : ComponentInfo{com.google.android.gms/com.google.android.gms.pay.hce.service.PayHceService}
07-02 19:36:50.986  4847  4847 D RegisteredServicesCache: Others service enabled : ComponentInfo{com.google.android.gms/com.google.android.gms.tapandpay.hce.service.TpHceService}
07-02 19:36:50.986  4847  4847 D RegisteredServicesCache: Others service enabled : ComponentInfo{com.google.android.gms/com.google.android.gms.dck.service.DckNfcApduService}
07-02 19:36:50.987 28695 28749 I Finsky  : [2821] jlz.a(11): AIM: AppInfoManager-Perf > ItemModel > CacheSize=37, cacheHitCount=0, cacheMissCount=0, total appsWithNoServerDataCount=0. Missed  in cache (limit 10) : []
07-02 19:36:50.987 29915 30090 W SearchServiceCore: Abort, client detached.
07-02 19:36:50.987 29915 30090 W SearchServiceCore: Abort, client detached.
07-02 19:36:50.988  4847  4847 D AidRoutingManager: Default: 0, aid size: 314
07-02 19:36:50.988  4847  4847 D AidRoutingManager: Default: 2, aid size: 0
07-02 19:36:50.988  4847  4847 D AidRoutingManager: Default: 3, aid size: 0
07-02 19:36:50.988  4847  4847 D AidRoutingManager: Default: 0, aid expected size: 0
07-02 19:36:50.988  4847  4847 D AidRoutingManager: Default: 2, aid expected size: 314
07-02 19:36:50.988  4847  4847 D AidRoutingManager: Default: 3, aid expected size: 314
07-02 19:36:50.989  1631  1834 W BroadcastQueue: Background execution not allowed: receiving Intent { act=android.intent.action.PACKAGE_ADDED dat=package:com.example.batterymanager_utility flg=0x4000010 (has extras) } to com.google.android.googlequicksearchbox/com.google.android.apps.gsa.googlequicksearchbox.GelStubAppWatcher
07-02 19:36:50.990  4847  4847 D RegisteredNfcFServicesCache: Service unchanged, not updating
07-02 19:36:50.994  1631  1834 D CompatibilityInfo: mCompatibilityFlags - 0
07-02 19:36:50.994  1631  1834 D CompatibilityInfo: applicationDensity - 420
07-02 19:36:50.994  1631  1834 D CompatibilityInfo: applicationScale - 1.0
07-02 19:36:50.996   927  3627 D AF::TrackHandle: OpPlayAudio: track:56 usage:3 not muted
07-02 19:36:50.997  1631 10800 D CompatibilityInfo: mCompatibilityFlags - 0
07-02 19:36:50.997  1631 10800 D CompatibilityInfo: applicationDensity - 420
07-02 19:36:50.997  1631 10800 D CompatibilityInfo: applicationScale - 1.0
07-02 19:36:50.997   927  3627 D AF::TrackHandle: OpPlayAudio: track:56 usage:3 not muted
07-02 19:36:51.001  1631 10800 D CompatibilityInfo: mCompatibilityFlags - 0
07-02 19:36:51.001  1631 10800 D CompatibilityInfo: applicationDensity - 420
07-02 19:36:51.001  1631 10800 D CompatibilityInfo: applicationScale - 1.0
07-02 19:36:51.004 28695 28695 I Finsky  : [2] jkg.f(1): AIM: AppInfoCacheUpdater -> invalidating apps: [com.example.batterymanager_utility]
07-02 19:36:51.005 28695 28695 I Finsky  : [2] jkx.g(1): AIM: AppInfoManager-Perf > getApps > called for 1 apps
07-02 19:36:51.005   927  3627 D AF::TrackHandle: OpPlayAudio: track:56 usage:3 not muted
07-02 19:36:51.008 28695 28749 I Finsky  : [2821] jmc.a(5): AIM: AppInfoManager-Perf > OnDeviceAppInfo > cacheHitCount=0, cacheMissCount=1. Missed  in cache (limit 10) : [com.example.batterymanager_utility]
07-02 19:36:51.009   927  3627 D AF::TrackHandle: OpPlayAudio: track:56 usage:3 not muted
07-02 19:36:51.010 28695 28749 I Finsky  : [2821] jjt.apply(106): AIM: Got app ownership map. App counts: . Unique apps: 0
07-02 19:36:51.011   927  3627 D AF::TrackHandle: OpPlayAudio: track:56 usage:3 not muted
07-02 19:36:51.019 28249 31839 I Auth    : [SupervisedAccountIntentOperation] onHandleIntent(): android.intent.action.PACKAGE_ADDED
07-02 19:36:51.020 28695 31836 I Finsky  : [2978] khm.aao(23): [ContentSync] finished, scheduled=false
07-02 19:36:51.022 28695 28743 I Finsky  : [2817] jmc.a(5): AIM: AppInfoManager-Perf > OnDeviceAppInfo > cacheHitCount=1, cacheMissCount=0. Missed  in cache (limit 10) : []
07-02 19:36:51.023 28695 28743 I Finsky  : [2817] jjt.apply(106): AIM: Got app ownership map. App counts: . Unique apps: 0
07-02 19:36:51.024 28695 28695 I Finsky  : [2] qrl.afB(1): DTU: Received onPackageAdded, replacing: true
07-02 19:36:51.027  1631 10800 D CompatibilityInfo: mCompatibilityFlags - 0
07-02 19:36:51.027  1631 10800 D CompatibilityInfo: applicationDensity - 420
07-02 19:36:51.027  1631 10800 D CompatibilityInfo: applicationScale - 1.0
07-02 19:36:51.030  1631  1817 W Looper  : Slow dispatch took 105ms android.fg h=android.os.Handler c=<recycled PooledLambda@a4d13af> m=0
07-02 19:36:51.036 28695 28695 I Finsky  : [2] vpn.g(0): vpn - Received: android.intent.action.PACKAGE_ADDED, [CPZqccH6UYIfBlmeVTJ5dE0qJsfxIuFjQpsmBq2XUG8]
07-02 19:36:51.037 28695 28747 I Finsky  : [2820] irw.accept(30): AIM: AppInfoManager-Perf > getApps > data collection finished
07-02 19:36:51.037 28695 28747 I Finsky  : [2820] jas.run(72): AIM: AppInfoManager-Perf > maybeDestroyAppInfoManager is called. actives = 2
07-02 19:36:51.040  1631  7056 D CompatibilityInfo: mCompatibilityFlags - 0
07-02 19:36:51.040  1631  7056 D CompatibilityInfo: applicationDensity - 420
07-02 19:36:51.040  1631  7056 D CompatibilityInfo: applicationScale - 1.0
07-02 19:36:51.044 31924 31924 I ndroid.keychai: The ClassLoaderContext is a special shared library.
07-02 19:36:51.047 28695 31823 I Finsky  : [2976] otv.run(31): Wrote row to frosting DB: 966
07-02 19:36:51.052 28249 28249 D BoundBrokerSvc: onBind: Intent { act=com.google.android.gms.common.BIND_SHARED_PREFS pkg=com.google.android.gms }
07-02 19:36:51.052 28249 28249 D BoundBrokerSvc: Loading bound service for intent: Intent { act=com.google.android.gms.common.BIND_SHARED_PREFS pkg=com.google.android.gms }
07-02 19:36:51.053 28695 28695 I Finsky  : [2] vpn.g(0): vpn - Deduping intent android.intent.action.PACKAGE_ADDED
07-02 19:36:51.055 28695 28695 I Finsky  : [2] vpn.g(0): vpn - Received: android.intent.action.PACKAGE_ADDED, [CPZqccH6UYIfBlmeVTJ5dE0qJsfxIuFjQpsmBq2XUG8]
07-02 19:36:51.056 25982 31837 I FontLog : (REDACTED) Package %s has no metadata
07-02 19:36:51.057 28695 28749 I Finsky  : [2821] jlz.a(11): AIM: AppInfoManager-Perf > ItemModel > CacheSize=37, cacheHitCount=0, cacheMissCount=0, total appsWithNoServerDataCount=0. Missed  in cache (limit 10) : []
07-02 19:36:51.057 28695 28749 I Finsky  : [2821] jlz.a(11): AIM: AppInfoManager-Perf > ItemModel > CacheSize=37, cacheHitCount=0, cacheMissCount=0, total appsWithNoServerDataCount=0. Missed  in cache (limit 10) : []
07-02 19:36:51.066 31924 31924 I Perf    : Connecting to perf service.
07-02 19:36:51.067 28249 31835 W SQLiteLog: (28) double-quoted string literal: "com.example.batterymanager_utility"
07-02 19:36:51.075  1631  1792 D CompatibilityInfo: mCompatibilityFlags - 0
07-02 19:36:51.075  1631  1792 D CompatibilityInfo: applicationDensity - 420
07-02 19:36:51.075  1631  1792 D CompatibilityInfo: applicationScale - 1.0
07-02 19:36:51.077   927  3627 D AF::TrackHandle: OpPlayAudio: track:56 usage:3 not muted
07-02 19:36:51.078 28695 28695 I Finsky  : [2] vpn.g(0): vpn - Deduping intent android.intent.action.PACKAGE_ADDED
07-02 19:36:51.080  1631  4886 D CompatibilityInfo: mCompatibilityFlags - 0
07-02 19:36:51.080  1631  4886 D CompatibilityInfo: applicationDensity - 420
07-02 19:36:51.080  1631  4886 D CompatibilityInfo: applicationScale - 1.0
07-02 19:36:51.082   927  3627 D AF::TrackHandle: OpPlayAudio: track:56 usage:3 not muted
07-02 19:36:51.083 28695 28747 I Finsky  : [2820] irw.accept(30): AIM: AppInfoManager-Perf > getApps > data collection finished
07-02 19:36:51.083 28695 28747 I Finsky  : [2820] jas.run(72): AIM: AppInfoManager-Perf > maybeDestroyAppInfoManager is called. actives = 1
07-02 19:36:51.083   927  3627 D AF::TrackHandle: OpPlayAudio: track:56 usage:3 not muted
07-02 19:36:51.084  1631  7804 D CompatibilityInfo: mCompatibilityFlags - 0
07-02 19:36:51.084  1631  7804 D CompatibilityInfo: applicationDensity - 420
07-02 19:36:51.084  1631  7804 D CompatibilityInfo: applicationScale - 1.0
07-02 19:36:51.087   927  3627 D AF::TrackHandle: OpPlayAudio: track:56 usage:3 not muted
07-02 19:36:51.088   927  3627 D AF::TrackHandle: OpPlayAudio: track:56 usage:3 not muted
07-02 19:36:51.090 31924 31924 D NetworkSecurityConfig: No Network Security Config specified, using platform default
07-02 19:36:51.091 31924 31924 D NetworkSecurityConfig: No Network Security Config specified, using platform default
07-02 19:36:51.092  1631  1792 W BroadcastQueue: Background execution not allowed: receiving Intent { act=android.intent.action.PACKAGE_REPLACED dat=package:com.example.batterymanager_utility flg=0x4000010 (has extras) } to com.google.android.gms/.gass.chimera.PackageChangeBroadcastReceiver
07-02 19:36:51.093 28695 31823 I Finsky  : [2976] otv.run(31): Wrote row to frosting DB: 967
07-02 19:36:51.094  1631  1834 W BroadcastQueue: Background execution not allowed: receiving Intent { act=android.intent.action.PACKAGE_REPLACED dat=package:com.example.batterymanager_utility flg=0x4000010 (has extras) } to com.google.android.gms/.chimera.GmsIntentOperationService$PersistentTrustedReceiver
07-02 19:36:51.098 28249 28249 D BoundBrokerSvc: onUnbind: Intent { act=com.google.android.gms.common.BIND_SHARED_PREFS pkg=com.google.android.gms }
07-02 19:36:51.100 25982 26015 W ChimeraUtils: Module com.google.android.gms.nearby_en missing resource null(0)
07-02 19:36:51.101  1631  1834 W BroadcastQueue: Background execution not allowed: receiving Intent { act=android.intent.action.PACKAGE_REPLACED dat=package:com.example.batterymanager_utility flg=0x4000010 (has extras) } to com.google.android.googlequicksearchbox/com.google.android.apps.gsa.googlequicksearchbox.GelStubAppWatcher
07-02 19:36:51.109  4072  4072 E PhoneInterfaceManager: [PhoneIntfMgr] getCarrierPackageNamesForIntentAndPhone: No UICC
07-02 19:36:51.109  4072  4072 D CarrierSvcBindHelper: No carrier app for: 0
07-02 19:36:51.110  4072  4072 E PhoneInterfaceManager: [PhoneIntfMgr] getCarrierPackageNamesForIntentAndPhone: No UICC
07-02 19:36:51.110  4072  4072 D CarrierSvcBindHelper: No carrier app for: 1
07-02 19:36:51.110  4072  4072 E PhoneInterfaceManager: [PhoneIntfMgr] getCarrierPackageNamesForIntentAndPhone: No UICC
07-02 19:36:51.110  4072  4072 D CarrierSvcBindHelper: No carrier app for: 0
07-02 19:36:51.111  4072  4072 E PhoneInterfaceManager: [PhoneIntfMgr] getCarrierPackageNamesForIntentAndPhone: No UICC
07-02 19:36:51.111  4072  4072 D CarrierSvcBindHelper: No carrier app for: 1
07-02 19:36:51.114 25982 26015 W ChimeraUtils: Module com.google.android.gms.nearby_en missing resource null(0)
07-02 19:36:51.116 25982 26015 W ChimeraUtils: Module com.google.android.gms.nearby_en missing resource null(0)
07-02 19:36:51.120  4072  4072 E VvmPkgInstalledRcvr: cannot create TelephonyManager from ComponentInfo{com.android.phone/com.android.services.telephony.TelephonyConnectionService}, ***, UserHandle{0}
07-02 19:36:51.121 28695 31823 I Finsky  : [2976] otv.run(31): Wrote row to frosting DB: 968
07-02 19:36:51.140 28695 31823 I Finsky  : [2976] otv.run(31): Wrote row to frosting DB: 969
07-02 19:36:51.143 28249 30019 I Icing   : Indexing com.google.android.gms-apps from com.google.android.gms
07-02 19:36:51.149  4072  4072 D ImsResolver: maybeAddedImsService, packageName: com.example.batterymanager_utility
07-02 19:36:51.152  1301  1301 W ipacm   : type=1400 audit(0.0:2764948): avc: denied { write } for name="ipacm_log_file" dev="tmpfs" ino=28733 scontext=u:r:ipacm:s0 tcontext=u:object_r:ipacm_socket:s0 tclass=sock_file permissive=0
07-02 19:36:51.152  1301  1301 I chatty  : uid=1001(radio) /system/vendor/bin/ipacm identical 3 lines
07-02 19:36:51.152  1301  1301 W ipacm   : type=1400 audit(0.0:2764952): avc: denied { write } for name="ipacm_log_file" dev="tmpfs" ino=28733 scontext=u:r:ipacm:s0 tcontext=u:object_r:ipacm_socket:s0 tclass=sock_file permissive=0
07-02 19:36:51.175  4072  4072 D CarrierConfigLoader: mHandler: 9 phoneId: 0
07-02 19:36:51.176  1631  1817 W Looper  : Slow delivery took 213ms android.fg h=android.os.Handler c=<recycled PooledLambda@721ba68> m=0
07-02 19:36:51.201 28249 30019 I Icing   : Indexing done com.google.android.gms-apps
07-02 19:36:51.203 29915 30053 I DeviceAppInfoWork: (REDACTED) remove existing package for update: %s
07-02 19:36:51.203 29915 31821 I A       : (REDACTED) soft deleting data for %s
07-02 19:36:51.206 29915 30050 I DeviceAppInfoWork: (REDACTED) remove existing package for update: %s
07-02 19:36:51.207 29915 31821 I A       : (REDACTED) Writing data of size=%d bytes with N=%d keys to Geller corpus %s at ts=%d
07-02 19:36:51.213 29915 30050 I DeviceAppInfoWork: refreshDeviceAppInfoForAccount done.
07-02 19:36:51.221 29915 30088 W DeviceAppInfoWork: missing version info.
07-02 19:36:51.223 29915 30090 W SearchServiceCore: Abort, client detached.
07-02 19:36:51.224 28249 30019 I Icing   : Indexing com.google.android.gms-apps from com.google.android.gms
07-02 19:36:51.224 29915 30050 I DeviceAppInfoWork: refreshDeviceAppInfoForAccount done.
07-02 19:36:51.230 28249 30019 I Icing   : Indexing done com.google.android.gms-apps
07-02 19:36:51.233 29915 30086 W DeviceAppInfoWork: missing version info.
07-02 19:36:51.464  1631 10800 I ActivityTaskManager: zhl stack block_packagename =
07-02 19:36:51.464  1631 10800 I ActivityTaskManager: zhl stack block_activity =
07-02 19:36:51.464  1631 10800 I ActivityTaskManager: zhl mPackage =com.example.batterymanager_utility
07-02 19:36:51.464  1631 10800 I ActivityTaskManager: zhl mClass =MainActivity
07-02 19:36:51.464  1631 10800 I ActivityTaskManager: START u0 {act=android.intent.action.MAIN cat=[android.intent.category.LAUNCHER] flg=0x10000000 cmp=com.example.batterymanager_utility/.MainActivity} from uid 2000
07-02 19:36:51.483  1631 10800 D CompatibilityInfo: mCompatibilityFlags - 0
07-02 19:36:51.483  1631 10800 D CompatibilityInfo: applicationDensity - 420
07-02 19:36:51.484  1631 10800 D CompatibilityInfo: applicationScale - 1.0
07-02 19:36:51.484  1631 10800 D ActivityTrigger: ActivityTrigger activityPauseTrigger 
07-02 19:36:51.489 31963 31965 I cmd     : oneway function results will be dropped but finished with status OK and parcel size 4
07-02 19:36:51.496  1631  1821 W ActivityManager: ProcessRecord{262186e 0:com.example.batterymanager_utility/u0a200}: ART verification disabled
07-02 19:36:51.496  1631  1821 D CompatibilityChangeReporter: Compat change id reported: 135634846; UID 10200; state: DISABLED
07-02 19:36:51.497  1631  1835 D CompatibilityChangeReporter: Compat change id reported: 143937733; UID 10200; state: ENABLED
07-02 19:36:51.503  1631  1817 W Looper  : Drained
07-02 19:36:51.507   815   815 D Zygote  : Forked child process 31970
07-02 19:36:51.511  1631  1835 I ActivityManager: Start proc 31970:com.example.batterymanager_utility/u0a200 for pre-top-activity {com.example.batterymanager_utility/com.example.batterymanager_utility.MainActivity}
07-02 19:36:51.520 31970 31970 I manager_utilit: Late-enabling -Xcheck:jni
07-02 19:36:51.550 31970 31970 I manager_utilit: Unquickening 18 vdex files!
07-02 19:36:51.577  9933  9940 I adbd    : jdwp connection from 31970
07-02 19:36:51.592 29915 29915 I A       : onPause
07-02 19:36:51.594  3613 22996 D FaceUnlock: onTaskStackChangedBackground
07-02 19:36:51.596  3613 22996 D FaceUnlock: PackageName =com.example.batterymanager_utility
07-02 19:36:51.596 29950 29950 I HdmBroadcastRecvUpd: (REDACTED) received broadcast: %s
07-02 19:36:51.596 29950 30073 I HdmHotwordRequestListen: (REDACTED) received broadcast: %s
07-02 19:36:51.596 29950 30073 I SodaTriggeringFrontend: (REDACTED) #onConfigUpdate. requester: %s
07-02 19:36:51.597 29950 30067 I SodaTriggeringFrontend: #onConfigUpdate inside sequencer
07-02 19:36:51.597 29950 30067 I A       : (REDACTED) Voice Match (Speaker-id) supported : %b 
07-02 19:36:51.597 29950 30067 I A       : (REDACTED) hotword enrollment state is enrolled:  %b, speakerId model exist: %b. Voice Match supported : %b 
07-02 19:36:51.597 29950 30067 I A       : (REDACTED) isHotwordAvailable():  %b, isHotwordEnabled() %b 
07-02 19:36:51.597 29950 30067 I A       : (REDACTED) isHotwordAvailable():  %b, isHotwordEnabled() %b 
07-02 19:36:51.597 29950 30067 I A       : (REDACTED) Hotword enrollment state : %s.
07-02 19:36:51.597 29950 30067 I A       : (REDACTED) Voice Match (Speaker-id) supported : %b 
07-02 19:36:51.597 29950 30067 I A       : (REDACTED) Voice Match (Speaker-id) supported : %b 
07-02 19:36:51.597 29950 30067 I A       : (REDACTED) hotword enrollment state is enrolled:  %b, speakerId model exist: %b, voice match supported : %b
07-02 19:36:51.597 29950 30067 I A       : (REDACTED) Hotword isNonVoiceMatchHotwordEnabled: %b, isHotwordAvailable : %b, isHotwordEnabled : %b, isVoiceMatchSupported: %b, isHotwordEnrolled: %b.
07-02 19:36:51.597 29950 30067 I SodaTriggeringFrontend: (REDACTED) Ignore the legacy hotword request. voice match enabled %b, isHotwordSupported %b, isIncompleteEnrollmentState %b, nonVoiceMatchHotwordEnabled %b
07-02 19:36:51.599  1631 10800 D CompatibilityInfo: mCompatibilityFlags - 0
07-02 19:36:51.599  1631 10800 D CompatibilityInfo: applicationDensity - 420
07-02 19:36:51.599  1631 10800 D CompatibilityInfo: applicationScale - 1.0
07-02 19:36:51.603  1631 10800 D CompatibilityInfo: mCompatibilityFlags - 0
07-02 19:36:51.603  1631 10800 D CompatibilityInfo: applicationDensity - 420
07-02 19:36:51.603  1631 10800 D CompatibilityInfo: applicationScale - 1.0
07-02 19:36:51.864 31970 31970 I Perf    : Connecting to perf service.
07-02 19:36:51.874 31970 31970 D NetworkSecurityConfig: No Network Security Config specified, using platform default
07-02 19:36:51.875 31970 31970 D NetworkSecurityConfig: No Network Security Config specified, using platform default
07-02 19:36:51.884 31970 31970 I BatteryMgr:App: creating notification channel
07-02 19:36:51.966 31970 31970 V Activity: mLastPackageName-com.example.batterymanager_utility.MainActivity
07-02 19:36:52.005 31970 31970 D PureDisplay: package-com.example.batterymanager_utility DYNAMIC_ORIGINAL_MODE open
07-02 19:36:52.009 27058 27058 D PureDisplay: PureDisplayModeChangeReceiver,hdrMode=1
07-02 19:36:52.012 27058 27058 I android_os_HwBinder: HwBinder: Starting thread pool for getting: vendor.pixelworks.hardware.display@1.0::IIris/default
07-02 19:36:52.013   872   872 I IrisService: irisConfigureSet(258, 1, 1)
07-02 19:36:52.013 27058 27058 D PureDisplay: --setIrisDisplayHdrMode- mode =1--result = 0
07-02 19:36:52.014 27058 27058 D PureDisplay: PureDisplayModeChangeReceiver,pureDisplayMode=1
07-02 19:36:52.015 27058 27058 D PureDisplay: isDeviceProvisioned=true
07-02 19:36:52.015 27058 27058 D PureDisplay: isUserSetuped=true
07-02 19:36:52.015 27058 27058 D PureDisplay: setOriginalModeEnable()
07-02 19:36:52.016 27058 27058 I android_os_HwBinder: HwBinder: Starting thread pool for getting: vendor.pixelworks.hardware.display@1.0::IIris/default
07-02 19:36:52.017   872   872 I IrisService: irisConfigureSet(0, 1, 0)
07-02 19:36:52.026 27058 27058 I android_os_HwBinder: HwBinder: Starting thread pool for getting: vendor.pixelworks.hardware.display@1.0::IIris/default
07-02 19:36:52.027   872   872 I IrisService: irisConfigureSet(41, 1, 0)
07-02 19:36:52.028 27058 27058 I android_os_HwBinder: HwBinder: Starting thread pool for getting: vendor.pixelworks.hardware.display@1.0::IIris/default
07-02 19:36:52.029   872   942 I IrisService: irisConfigureSet(42, 1, 0)
07-02 19:36:52.030 27058 27058 I android_os_HwBinder: HwBinder: Starting thread pool for getting: vendor.pixelworks.hardware.display@1.0::IIris/default
07-02 19:36:52.031   872   942 I IrisService: irisConfigureSet(40, 1, 0)
07-02 19:36:52.038 31976 31976 D AndroidRuntime: >>>>>> START com.android.internal.os.RuntimeInit uid 2000 <<<<<<
07-02 19:36:52.042 27058 27058 I android_os_HwBinder: HwBinder: Starting thread pool for getting: vendor.pixelworks.hardware.display@1.0::IIris/default
07-02 19:36:52.043   872   942 I IrisService: irisConfigureSet(36, 1, 0)
07-02 19:36:52.057 31976 31976 E libc    : Access denied finding property "persist.device_config.runtime_native_boot.profilebootclasspath"
07-02 19:36:52.057 31976 31976 E libc    : Access denied finding property "persist.device_config.runtime_native_boot.enable_apex_image"
07-02 19:36:52.057 31976 31976 I AndroidRuntime: Using default boot image
07-02 19:36:52.058 31976 31976 E libc    : Access denied finding property "persist.device_config.runtime_native_boot.disable_lock_profiling"
07-02 19:36:52.058 31976 31976 I AndroidRuntime: Leaving lock profiling enabled
07-02 19:36:52.058 31976 31976 E libc    : Access denied finding property "persist.device_config.runtime_native_boot.enable_generational_cc"
07-02 19:36:52.058 27058 27058 D PureDisplay: getWhiteBalanceAutoMode()0
07-02 19:36:52.060 27058 27058 I android_os_HwBinder: HwBinder: Starting thread pool for getting: vendor.pixelworks.hardware.display@1.0::IIris/default
07-02 19:36:52.061   872   942 I IrisService: irisConfigureSet(39, 1, 1)
07-02 19:36:52.076 27058 27058 I android_os_HwBinder: HwBinder: Starting thread pool for getting: vendor.pixelworks.hardware.display@1.0::IIris/default
07-02 19:36:52.076   872   872 I IrisService: irisConfigureSet(264, 1, 0)
07-02 19:36:52.077 27058 27058 D PureDisplay: PureDisplayModeChangeReceiver,lastclass=com.example.batterymanager_utility.MainActivity
07-02 19:36:52.078 27058 27058 D PureDisplay: PureDisplayModeChangeReceiver,lastpackage=com.example.batterymanager_utility
07-02 19:36:52.079 27058 27058 D PureDisplay: PureDisplayModeChangeReceiver,lastpackage_resume=1
07-02 19:36:52.182  1301  1301 W ipacm   : type=1400 audit(0.0:2765033): avc: denied { write } for name="ipacm_log_file" dev="tmpfs" ino=28733 scontext=u:r:ipacm:s0 tcontext=u:object_r:ipacm_socket:s0 tclass=sock_file permissive=0
07-02 19:36:52.182  1301  1301 I chatty  : uid=1001(radio) /system/vendor/bin/ipacm identical 3 lines
07-02 19:36:52.182  1301  1301 W ipacm   : type=1400 audit(0.0:2765037): avc: denied { write } for name="ipacm_log_file" dev="tmpfs" ino=28733 scontext=u:r:ipacm:s0 tcontext=u:object_r:ipacm_socket:s0 tclass=sock_file permissive=0
07-02 19:36:52.234 31970 31995 I AdrenoGLES-0: QUALCOMM build                   : d7ad79a, I2f86ca99a8
07-02 19:36:52.234 31970 31995 I AdrenoGLES-0: Build Date                       : 06/13/21
07-02 19:36:52.234 31970 31995 I AdrenoGLES-0: OpenGL ES Shader Compiler Version: EV031.32.02.12
07-02 19:36:52.234 31970 31995 I AdrenoGLES-0: Local Branch                     : mybranchebcc171e-87ea-f17a-bb69-1458d0b52af0
07-02 19:36:52.234 31970 31995 I AdrenoGLES-0: Remote Branch                    : quic/gfx-adreno.lnx.1.0.r127-rel
07-02 19:36:52.234 31970 31995 I AdrenoGLES-0: Remote Branch                    : NONE
07-02 19:36:52.234 31970 31995 I AdrenoGLES-0: Reconstruct Branch               : NOTHING
07-02 19:36:52.235 31970 31995 I AdrenoGLES-0: Build Config                     : S L 10.0.7 AArch64
07-02 19:36:52.235 31970 31995 I AdrenoGLES-0: Driver Path                      : /vendor/lib64/egl/libGLESv2_adreno.so
07-02 19:36:52.246 31970 31995 I AdrenoGLES-0: PFP: 0x005ff114, ME: 0x005ff066
07-02 19:36:52.282   621   621 I hwservicemanager: getTransport: Cannot find entry android.hardware.graphics.mapper@4.0::IMapper/default in either framework or device manifest.
07-02 19:36:52.283 31970 31995 I Gralloc4: mapper 4.x is not supported
07-02 19:36:52.283   621   621 I hwservicemanager: getTransport: Cannot find entry android.hardware.graphics.mapper@3.0::IMapper/default in either framework or device manifest.
07-02 19:36:52.283 31970 31995 W Gralloc3: mapper 3.x is not supported
07-02 19:36:52.351 31976 31976 D app_process: Time zone APEX ICU file found: /apex/com.android.tzdata/etc/icu/icu_tzdata.dat
07-02 19:36:52.351 31976 31976 D app_process: I18n APEX ICU file found: /apex/com.android.i18n/etc/icu/icudt66l.dat
07-02 19:36:52.403 31976 31976 I app_process: The ClassLoaderContext is a special shared library.
07-02 19:36:52.442 31976 31976 W app_process: JNI RegisterNativeMethods: attempt to register 0 native methods for android.media.AudioAttributes
07-02 19:36:52.456  1631  1833 I ActivityTaskManager: Displayed com.example.batterymanager_utility/.MainActivity: +989ms
07-02 19:36:52.471 31976 31976 D AndroidRuntime: Calling main entry com.android.commands.monkey.Monkey
07-02 19:36:52.473 31976 31976 W Monkey  : args: [-p, e.www.cpufactorialtest, 1]
07-02 19:36:52.474 31976 31976 W Monkey  :  arg: "-p"
07-02 19:36:52.474 31976 31976 W Monkey  :  arg: "e.www.cpufactorialtest"
07-02 19:36:52.474 31976 31976 W Monkey  :  arg: "1"
07-02 19:36:52.474 31976 31976 W Monkey  : data="e.www.cpufactorialtest"
07-02 19:36:52.509 30292 30292 I GoogleInputMethodService: GoogleInputMethodService.onFinishInput():3306 
07-02 19:36:52.512 30292 30292 I GoogleInputMethodService: GoogleInputMethodService.updateDeviceLockedStatus():2127 repeatCheckTimes = 0, locked = false
07-02 19:36:52.512 30292 30292 I GoogleInputMethodService: GoogleInputMethodService.onStartInput():1909 onStartInput(EditorInfo{inputType=0x0(NULL) imeOptions=0x0 privateImeOptions=null actionName=UNSPECIFIED actionLabel=null actionId=0 initialSelStart=-1 initialSelEnd=-1 initialCapsMode=0x0 hintText=null label=null packageName=com.example.batterymanager_utility fieldId=-1 fieldName=null extras=null hintLocales=[]}, false)
07-02 19:36:52.513 30292 30292 I GoogleInputMethodService: GoogleInputMethodService.shouldHideHeaderOnInitialState():1990 ShouldHideHeaderOnInitialState = false
07-02 19:36:52.513 30292 30292 I GoogleInputMethodService: GoogleInputMethodService.updateDeviceLockedStatus():2127 repeatCheckTimes = 1, locked = false
07-02 19:36:52.521 24565 24565 V Activity: onStop mLastPackageName = com.example.batterymanager_utility.MainActivity--mLastPackageResume = 1
07-02 19:36:52.548 24565 24565 D PureDisplay: package-com.example.batterymanager_utility DYNAMIC_ORIGINAL_MODE open
07-02 19:36:52.550 27058 27058 D PureDisplay: PureDisplayModeChangeReceiver,hdrMode=1
07-02 19:36:52.552 27058 27058 I android_os_HwBinder: HwBinder: Starting thread pool for getting: vendor.pixelworks.hardware.display@1.0::IIris/default
07-02 19:36:52.553  1631  1834 W BroadcastQueue: Skipping deliver [background] BroadcastRecord{3cca051 u-1 android.net.conn.CONNECTIVITY_CHANGE} to ReceiverList{69f20b6 31976 (unknown name)/2000/u-1 remote:c20a2db}: process gone or crashing
07-02 19:36:52.553 29915 29915 I A       : onStop
07-02 19:36:52.554   872   872 I IrisService: irisConfigureSet(258, 1, 1)
07-02 19:36:52.555 27058 27058 D PureDisplay: --setIrisDisplayHdrMode- mode =1--result = 0
07-02 19:36:52.555 27058 27058 D PureDisplay: PureDisplayModeChangeReceiver,pureDisplayMode=1
07-02 19:36:52.558 27058 27058 D PureDisplay: isDeviceProvisioned=true
07-02 19:36:52.558 27058 27058 D PureDisplay: isUserSetuped=true
07-02 19:36:52.558 27058 27058 D PureDisplay: setOriginalModeEnable()
07-02 19:36:52.559 27058 27058 I android_os_HwBinder: HwBinder: Starting thread pool for getting: vendor.pixelworks.hardware.display@1.0::IIris/default
07-02 19:36:52.560   872   942 I IrisService: irisConfigureSet(0, 1, 0)
07-02 19:36:52.573  1631  1791 I ActivityTaskManager: zhl stack block_packagename =
07-02 19:36:52.573  1631  1791 I ActivityTaskManager: zhl stack block_activity =
07-02 19:36:52.573  1631  1791 I ActivityTaskManager: zhl mPackage =e.www.cpufactorialtest
07-02 19:36:52.573  1631  1791 I ActivityTaskManager: zhl mClass =MainActivity
07-02 19:36:52.573  1631  1791 I ActivityTaskManager: START u0 {act=android.intent.action.MAIN cat=[android.intent.category.LAUNCHER] flg=0x10200000 cmp=e.www.cpufactorialtest/.MainActivity} from uid 2000
07-02 19:36:52.575 27058 27058 I android_os_HwBinder: HwBinder: Starting thread pool for getting: vendor.pixelworks.hardware.display@1.0::IIris/default
07-02 19:36:52.576   872   942 I IrisService: irisConfigureSet(41, 1, 0)
07-02 19:36:52.578 27058 27058 I android_os_HwBinder: HwBinder: Starting thread pool for getting: vendor.pixelworks.hardware.display@1.0::IIris/default
07-02 19:36:52.580   872   944 I IrisService: irisConfigureSet(42, 1, 0)
07-02 19:36:52.582 27058 27058 I android_os_HwBinder: HwBinder: Starting thread pool for getting: vendor.pixelworks.hardware.display@1.0::IIris/default
07-02 19:36:52.583   872   872 I IrisService: irisConfigureSet(40, 1, 0)
07-02 19:36:52.588  1631  1791 D CompatibilityInfo: mCompatibilityFlags - 0
07-02 19:36:52.588  1631  1791 D CompatibilityInfo: applicationDensity - 420
07-02 19:36:52.588  1631  1791 D CompatibilityInfo: applicationScale - 1.0
07-02 19:36:52.588  1631  1791 D ActivityTrigger: ActivityTrigger activityPauseTrigger 
07-02 19:36:52.592 27058 27058 I android_os_HwBinder: HwBinder: Starting thread pool for getting: vendor.pixelworks.hardware.display@1.0::IIris/default
07-02 19:36:52.593   872   944 I IrisService: irisConfigureSet(36, 1, 0)
07-02 19:36:52.593 31976 31976 I Monkey  : Events injected: 1
07-02 19:36:52.595  1631  1821 W ActivityManager: ProcessRecord{4165478 0:e.www.cpufactorialtest/u0a209}: ART verification disabled
07-02 19:36:52.595  1631  1821 D CompatibilityChangeReporter: Compat change id reported: 135634846; UID 10209; state: DISABLED
07-02 19:36:52.596  1631  1835 D CompatibilityChangeReporter: Compat change id reported: 143937733; UID 10209; state: DISABLED
07-02 19:36:52.605 24565 24565 D CompatibilityChangeReporter: Compat change id reported: 150939131; UID 10169; state: DISABLED
07-02 19:36:52.609 27058 27058 D PureDisplay: getWhiteBalanceAutoMode()0
07-02 19:36:52.610   815   815 D Zygote  : Forked child process 32017
07-02 19:36:52.611 27058 27058 I android_os_HwBinder: HwBinder: Starting thread pool for getting: vendor.pixelworks.hardware.display@1.0::IIris/default
07-02 19:36:52.612   872   944 I IrisService: irisConfigureSet(39, 1, 1)
07-02 19:36:52.619 32017 32017 I pufactorialtes: Late-enabling -Xcheck:jni
07-02 19:36:52.625  1631  1835 I ActivityManager: Start proc 32017:e.www.cpufactorialtest/u0a209 for pre-top-activity {e.www.cpufactorialtest/e.www.cpufactorialtest.MainActivity}
07-02 19:36:52.627 31976 31976 I Monkey  : ## Network stats: elapsed time=49ms (0ms mobile, 0ms wifi, 49ms not connected)
07-02 19:36:52.628 31976 31976 I app_process: System.exit called, status: 0
07-02 19:36:52.628 31976 31976 I AndroidRuntime: VM exiting with result code 0.
07-02 19:36:52.643 27058 27058 I android_os_HwBinder: HwBinder: Starting thread pool for getting: vendor.pixelworks.hardware.display@1.0::IIris/default
07-02 19:36:52.644   872   944 I IrisService: irisConfigureSet(264, 1, 0)
07-02 19:36:52.661 32017 32017 I pufactorialtes: Unquickening 18 vdex files!
07-02 19:36:52.670  9933  9940 I adbd    : jdwp connection from 32017
07-02 19:36:52.683  1631 10800 D CompatibilityInfo: mCompatibilityFlags - 0
07-02 19:36:52.683  1631 10800 D CompatibilityInfo: applicationDensity - 420
07-02 19:36:52.683  1631 10800 D CompatibilityInfo: applicationScale - 1.0
07-02 19:36:52.686  1631 10800 D CompatibilityInfo: mCompatibilityFlags - 0
07-02 19:36:52.686  1631 10800 D CompatibilityInfo: applicationDensity - 420
07-02 19:36:52.686  1631 10800 D CompatibilityInfo: applicationScale - 1.0
07-02 19:36:52.712  3613 29958 D FaceUnlock: onTaskStackChangedBackground
07-02 19:36:52.714 32017 32017 D ApplicationLoaders: Returning zygote-cached class loader: /system/framework/android.test.base.jar
07-02 19:36:52.714  3613 29958 D FaceUnlock: PackageName =e.www.cpufactorialtest
07-02 19:36:52.767 32017 32017 I Perf    : Connecting to perf service.
07-02 19:36:52.776 32017 32017 D NetworkSecurityConfig: No Network Security Config specified, using platform default
07-02 19:36:52.777 32017 32017 D NetworkSecurityConfig: No Network Security Config specified, using platform default
07-02 19:36:52.849 32017 32017 W pufactorialtes: Accessing hidden method Landroid/view/View;->computeFitSystemWindows(Landroid/graphics/Rect;Landroid/graphics/Rect;)Z (greylist, reflection, allowed)
07-02 19:36:52.850 32017 32017 W pufactorialtes: Accessing hidden method Landroid/view/ViewGroup;->makeOptionalFitsSystemWindows()V (greylist, reflection, allowed)
07-02 19:36:52.856  3613  3653 I ndroid.systemu: NativeAlloc concurrent copying GC freed 213649(7492KB) AllocSpace objects, 0(0B) LOS objects, 49% free, 8479KB/16MB, paused 109us total 139.915ms
07-02 19:36:52.867 32017 32017 V Activity: mLastPackageName-e.www.cpufactorialtest.MainActivity
07-02 19:36:52.904 32017 32017 D PureDisplay: package-e.www.cpufactorialtest DYNAMIC_ORIGINAL_MODE open
07-02 19:36:52.907 27058 27058 D PureDisplay: PureDisplayModeChangeReceiver,hdrMode=1
07-02 19:36:52.909 27058 27058 I android_os_HwBinder: HwBinder: Starting thread pool for getting: vendor.pixelworks.hardware.display@1.0::IIris/default
07-02 19:36:52.910   872   944 I IrisService: irisConfigureSet(258, 1, 1)
07-02 19:36:52.910 27058 27058 D PureDisplay: --setIrisDisplayHdrMode- mode =1--result = 0
07-02 19:36:52.910 27058 27058 D PureDisplay: PureDisplayModeChangeReceiver,pureDisplayMode=1
07-02 19:36:52.911 27058 27058 D PureDisplay: isDeviceProvisioned=true
07-02 19:36:52.912 27058 27058 D PureDisplay: isUserSetuped=true
07-02 19:36:52.912 27058 27058 D PureDisplay: setOriginalModeEnable()
07-02 19:36:52.913 27058 27058 I android_os_HwBinder: HwBinder: Starting thread pool for getting: vendor.pixelworks.hardware.display@1.0::IIris/default
07-02 19:36:52.914   872   872 I IrisService: irisConfigureSet(0, 1, 0)
07-02 19:36:52.925 27058 27058 I android_os_HwBinder: HwBinder: Starting thread pool for getting: vendor.pixelworks.hardware.display@1.0::IIris/default
07-02 19:36:52.926   872   872 I IrisService: irisConfigureSet(41, 1, 0)
07-02 19:36:52.927 27058 27058 I android_os_HwBinder: HwBinder: Starting thread pool for getting: vendor.pixelworks.hardware.display@1.0::IIris/default
07-02 19:36:52.928   872   944 I IrisService: irisConfigureSet(42, 1, 0)
07-02 19:36:52.933 27058 27058 I android_os_HwBinder: HwBinder: Starting thread pool for getting: vendor.pixelworks.hardware.display@1.0::IIris/default
07-02 19:36:52.933   872   944 I IrisService: irisConfigureSet(40, 1, 0)
07-02 19:36:52.942 27058 27058 I android_os_HwBinder: HwBinder: Starting thread pool for getting: vendor.pixelworks.hardware.display@1.0::IIris/default
07-02 19:36:52.943   872   944 I IrisService: irisConfigureSet(36, 1, 0)
07-02 19:36:52.959 27058 27058 D PureDisplay: getWhiteBalanceAutoMode()0
07-02 19:36:52.963 27058 27058 I android_os_HwBinder: HwBinder: Starting thread pool for getting: vendor.pixelworks.hardware.display@1.0::IIris/default
07-02 19:36:52.964   872   872 I IrisService: irisConfigureSet(39, 1, 1)
07-02 19:36:52.976 27058 27058 I android_os_HwBinder: HwBinder: Starting thread pool for getting: vendor.pixelworks.hardware.display@1.0::IIris/default
07-02 19:36:52.976   872   872 I IrisService: irisConfigureSet(264, 1, 0)
07-02 19:36:52.977 27058 27058 D PureDisplay: PureDisplayModeChangeReceiver,lastclass=e.www.cpufactorialtest.MainActivity
07-02 19:36:52.978 27058 27058 D PureDisplay: PureDisplayModeChangeReceiver,lastpackage=e.www.cpufactorialtest
07-02 19:36:52.980 27058 27058 D PureDisplay: PureDisplayModeChangeReceiver,lastpackage_resume=1
07-02 19:36:53.044 32017 32040 I AdrenoGLES-0: QUALCOMM build                   : d7ad79a, I2f86ca99a8
07-02 19:36:53.044 32017 32040 I AdrenoGLES-0: Build Date                       : 06/13/21
07-02 19:36:53.044 32017 32040 I AdrenoGLES-0: OpenGL ES Shader Compiler Version: EV031.32.02.12
07-02 19:36:53.044 32017 32040 I AdrenoGLES-0: Local Branch                     : mybranchebcc171e-87ea-f17a-bb69-1458d0b52af0
07-02 19:36:53.044 32017 32040 I AdrenoGLES-0: Remote Branch                    : quic/gfx-adreno.lnx.1.0.r127-rel
07-02 19:36:53.044 32017 32040 I AdrenoGLES-0: Remote Branch                    : NONE
07-02 19:36:53.044 32017 32040 I AdrenoGLES-0: Reconstruct Branch               : NOTHING
07-02 19:36:53.045 32017 32040 I AdrenoGLES-0: Build Config                     : S L 10.0.7 AArch64
07-02 19:36:53.045 32017 32040 I AdrenoGLES-0: Driver Path                      : /vendor/lib64/egl/libGLESv2_adreno.so
07-02 19:36:53.054 32017 32040 I AdrenoGLES-0: PFP: 0x005ff114, ME: 0x005ff066
07-02 19:36:53.080   621   621 I hwservicemanager: getTransport: Cannot find entry android.hardware.graphics.mapper@4.0::IMapper/default in either framework or device manifest.
07-02 19:36:53.081 32017 32040 I Gralloc4: mapper 4.x is not supported
07-02 19:36:53.081   621   621 I hwservicemanager: getTransport: Cannot find entry android.hardware.graphics.mapper@3.0::IMapper/default in either framework or device manifest.
07-02 19:36:53.081 32017 32040 W Gralloc3: mapper 3.x is not supported
07-02 19:36:53.123   931  1006 W ServiceManager: Permission failure: android.permission.ACCESS_SURFACE_FLINGER from uid=10209 pid=32017
07-02 19:36:53.124   931  1006 D PermissionCache: checking android.permission.ACCESS_SURFACE_FLINGER for uid=10209 => denied (525 us)
07-02 19:36:53.128  1631  1833 I ActivityTaskManager: Displayed e.www.cpufactorialtest/.MainActivity: +551ms
07-02 19:36:53.151 30292 30292 I GoogleInputMethodService: GoogleInputMethodService.onFinishInput():3306 
07-02 19:36:53.152 30292 30292 I GoogleInputMethodService: GoogleInputMethodService.updateDeviceLockedStatus():2127 repeatCheckTimes = 0, locked = false
07-02 19:36:53.152 30292 30292 I GoogleInputMethodService: GoogleInputMethodService.onStartInput():1909 onStartInput(EditorInfo{inputType=0x0(NULL) imeOptions=0x0 privateImeOptions=null actionName=UNSPECIFIED actionLabel=null actionId=0 initialSelStart=-1 initialSelEnd=-1 initialCapsMode=0x0 hintText=null label=null packageName=e.www.cpufactorialtest fieldId=-1 fieldName=null extras=null hintLocales=[]}, false)
07-02 19:36:53.152 30292 30292 I GoogleInputMethodService: GoogleInputMethodService.shouldHideHeaderOnInitialState():1990 ShouldHideHeaderOnInitialState = false
07-02 19:36:53.152 30292 30292 I GoogleInputMethodService: GoogleInputMethodService.updateDeviceLockedStatus():2127 repeatCheckTimes = 1, locked = false
07-02 19:36:53.348 31970 31970 V Activity: onStop mLastPackageResume = false com.example.batterymanager_utility.MainActivity@4bc97ab
07-02 19:36:53.350 27058 27058 D PureDisplay: PureDisplayModeChangeReceiver,lastpackage_resume=0
07-02 19:36:53.352  1301  1301 W ipacm   : type=1400 audit(0.0:2765093): avc: denied { write } for name="ipacm_log_file" dev="tmpfs" ino=28733 scontext=u:r:ipacm:s0 tcontext=u:object_r:ipacm_socket:s0 tclass=sock_file permissive=0
07-02 19:36:53.352  1301  1301 I chatty  : uid=1001(radio) /system/vendor/bin/ipacm identical 3 lines
07-02 19:36:53.352  1301  1301 W ipacm   : type=1400 audit(0.0:2765097): avc: denied { write } for name="ipacm_log_file" dev="tmpfs" ino=28733 scontext=u:r:ipacm:s0 tcontext=u:object_r:ipacm_socket:s0 tclass=sock_file permissive=0
07-02 19:36:54.065  1631 10800 D CompatibilityInfo: mCompatibilityFlags - 0
07-02 19:36:54.065  1631 10800 D CompatibilityInfo: applicationDensity - 420
07-02 19:36:54.065  1631 10800 D CompatibilityInfo: applicationScale - 1.0
07-02 19:36:54.066 32065 32067 I cmd     : oneway function results will be dropped but finished with status OK and parcel size 4
07-02 19:36:54.070 31970 31970 I BatteryMgr:DataCollectionService: onStartCommand: begin
07-02 19:36:54.070 31970 31970 I BatteryMgr:DataCollectionService: onStartCommand: sampleRate => 1000
07-02 19:36:54.070 31970 31970 I BatteryMgr:DataCollectionService: onStartCommand: rawFields => Timestamp,BATTERY_PROPERTY_CURRENT_NOW,EXTRA_VOLTAGE
07-02 19:36:54.071 31970 31970 I BatteryMgr:DataCollectionService: onStartCommand: notification done
07-02 19:36:54.073  1631 10800 D CompatibilityChangeReporter: Compat change id reported: 136219221; UID 10200; state: ENABLED
07-02 19:36:54.073 31970 31970 I BatteryMgr:DataCollectionService: started foreground
07-02 19:36:54.082 31970 32068 I BatteryMgr:DataCollectionService: collectData: begin
07-02 19:36:54.085 31970 32068 I BatteryMgr:DataCollectionService: stats => 1688319414085,-275878,4322
07-02 19:36:54.472  1301  1301 W ipacm   : type=1400 audit(0.0:2765153): avc: denied { write } for name="ipacm_log_file" dev="tmpfs" ino=28733 scontext=u:r:ipacm:s0 tcontext=u:object_r:ipacm_socket:s0 tclass=sock_file permissive=0
07-02 19:36:54.472  1301  1301 I chatty  : uid=1001(radio) /system/vendor/bin/ipacm identical 3 lines
07-02 19:36:54.472  1301  1301 W ipacm   : type=1400 audit(0.0:2765157): avc: denied { write } for name="ipacm_log_file" dev="tmpfs" ino=28733 scontext=u:r:ipacm:s0 tcontext=u:object_r:ipacm_socket:s0 tclass=sock_file permissive=0
07-02 19:36:54.643  1631  1631 D CompatibilityInfo: mCompatibilityFlags - 0
07-02 19:36:54.643  1631  1631 D CompatibilityInfo: applicationDensity - 420
07-02 19:36:54.643  1631  1631 D CompatibilityInfo: applicationScale - 1.0
07-02 19:36:54.652 28695 28695 I Finsky  : [2] ywt.onStartJob(4): SCH: job service start with id 9986.
07-02 19:36:54.661 28695 31836 I Finsky  : [2978] zhz.a(118): SCH: Satisfied jobs for 9986 are: 12-1
07-02 19:36:54.665 28695 32076 I Finsky  : [2988] yvu.accept(68): SCH: Job 12-1 starting
07-02 19:36:54.667 28695 28695 I Finsky  : [2] ContentSyncJob.v(3): [ContentSync] job started
07-02 19:36:54.752 28695 32078 I Finsky  : [2990] juc.i(1): Completed 0 account content syncs with 0 successful.
07-02 19:36:54.753 28695 28695 I Finsky  : [2] ContentSyncJob.a(1): [ContentSync] Installation state replication succeeded.
07-02 19:36:54.753 28695 28695 I Finsky  : [2] yvh.r(4): SCH: jobFinished: 12-1. TimeElapsed: 87ms.
07-02 19:36:54.773 28695 28731 I Finsky  : [2809] yct.accept(36): SCH: Scheduling phonesky job Id: 1-1337, CT: 1688315273434, Constraints: [{ L: 43172541, D: 86372541, C: 1, I: 1, N: 1 }]
07-02 19:36:54.780 28695 28749 I Finsky  : [2821] yeu.apply(14): SCH: Scheduling 1 system job(s)
07-02 19:36:54.781 28695 28749 I Finsky  : [2821] yvf.d(19): SCH: Scheduling system job Id: 9988, L: 39031195, D: 82231195, C: false, I: false, N: 1
07-02 19:36:54.788 28695 32076 I Finsky  : [2988] ywt.a(16): SCH: job service finished with id 9986.
07-02 19:36:54.940 25982 25982 D BoundBrokerSvc: onUnbind: Intent { act=com.google.android.gms.icing.LIGHTWEIGHT_INDEX_SERVICE dat=chimera-action: cmp=com.google.android.gms/.chimera.PersistentApiService }
07-02 19:36:55.090 31970 32068 I BatteryMgr:DataCollectionService: stats => 1688319415090,-275878,4322
07-02 19:36:55.762  1301  1301 W ipacm   : type=1400 audit(0.0:2765306): avc: denied { write } for name="ipacm_log_file" dev="tmpfs" ino=28733 scontext=u:r:ipacm:s0 tcontext=u:object_r:ipacm_socket:s0 tclass=sock_file permissive=0
07-02 19:36:55.872  1301  1301 I chatty  : uid=1001(radio) /system/vendor/bin/ipacm identical 3 lines
07-02 19:36:55.872  1301  1301 W ipacm   : type=1400 audit(0.0:2765310): avc: denied { write } for name="ipacm_log_file" dev="tmpfs" ino=28733 scontext=u:r:ipacm:s0 tcontext=u:object_r:ipacm_socket:s0 tclass=sock_file permissive=0
07-02 19:36:56.095 31970 32068 I BatteryMgr:DataCollectionService: stats => 1688319416095,-210449,4322
07-02 19:36:56.782  1301  1301 W ipacm   : type=1400 audit(0.0:2765372): avc: denied { write } for name="ipacm_log_file" dev="tmpfs" ino=28733 scontext=u:r:ipacm:s0 tcontext=u:object_r:ipacm_socket:s0 tclass=sock_file permissive=0
07-02 19:36:56.782  1301  1301 I chatty  : uid=1001(radio) /system/vendor/bin/ipacm identical 3 lines
07-02 19:36:56.782  1301  1301 W ipacm   : type=1400 audit(0.0:2765376): avc: denied { write } for name="ipacm_log_file" dev="tmpfs" ino=28733 scontext=u:r:ipacm:s0 tcontext=u:object_r:ipacm_socket:s0 tclass=sock_file permissive=0
07-02 19:36:57.114 31970 32068 I BatteryMgr:DataCollectionService: stats => 1688319417114,-158691,4322
07-02 19:36:57.128 31970 32080 D ProfileInstaller: Installing profile for com.example.batterymanager_utility
07-02 19:36:57.912  1301  1301 W ipacm   : type=1400 audit(0.0:2765420): avc: denied { write } for name="ipacm_log_file" dev="tmpfs" ino=28733 scontext=u:r:ipacm:s0 tcontext=u:object_r:ipacm_socket:s0 tclass=sock_file permissive=0
07-02 19:36:57.912  1301  1301 I chatty  : uid=1001(radio) /system/vendor/bin/ipacm identical 3 lines
07-02 19:36:57.912  1301  1301 W ipacm   : type=1400 audit(0.0:2765424): avc: denied { write } for name="ipacm_log_file" dev="tmpfs" ino=28733 scontext=u:r:ipacm:s0 tcontext=u:object_r:ipacm_socket:s0 tclass=sock_file permissive=0
07-02 19:36:57.921 29915 29927 W earchbox:searc: Reducing the number of considered missed Gc histogram windows from 186 to 100
07-02 19:36:58.125 31970 32068 I BatteryMgr:DataCollectionService: stats => 1688319418125,-158691,4322
07-02 19:36:59.032  1301  1301 W ipacm   : type=1400 audit(0.0:2765567): avc: denied { write } for name="ipacm_log_file" dev="tmpfs" ino=28733 scontext=u:r:ipacm:s0 tcontext=u:object_r:ipacm_socket:s0 tclass=sock_file permissive=0
07-02 19:36:59.032  1301  1301 I chatty  : uid=1001(radio) /system/vendor/bin/ipacm identical 3 lines
07-02 19:36:59.032  1301  1301 W ipacm   : type=1400 audit(0.0:2765571): avc: denied { write } for name="ipacm_log_file" dev="tmpfs" ino=28733 scontext=u:r:ipacm:s0 tcontext=u:object_r:ipacm_socket:s0 tclass=sock_file permissive=0
07-02 19:36:59.139 31970 32068 I BatteryMgr:DataCollectionService: stats => 1688319419139,-187011,4322
07-02 19:36:59.429 32017 32032 I pufactorialtes: NativeAlloc concurrent copying GC freed 114007(3302KB) AllocSpace objects, 0(0B) LOS objects, 49% free, 3199KB/6399KB, paused 88us total 116.537ms
07-02 19:37:00.005  3613  3613 D KeyguardUpdateMonitor: received broadcast android.intent.action.TIME_TICK
07-02 19:37:00.011  3613  3613 D KeyguardUpdateMonitor: handleTimeUpdate
07-02 19:37:00.150 31970 32068 I BatteryMgr:DataCollectionService: stats => 1688319420149,-139160,4322
