07-12 19:05:25.774 18218 18218 I zygote64:   at void android.app.ActivityThread.main(java.lang.String[]) (ActivityThread.java:6940)
07-12 19:05:25.774 18218 18218 I zygote64:   at java.lang.Object java.lang.reflect.Method.invoke(java.lang.Object, java.lang.Object[]) (Method.java:-2)
07-12 19:05:25.774 18218 18218 I zygote64:   at void com.android.internal.os.Zygote$MethodAndArgsCaller.run() (Zygote.java:327)
07-12 19:05:25.774 18218 18218 I zygote64:   at void com.android.internal.os.ZygoteInit.main(java.lang.String[]) (ZygoteInit.java:1374)
07-12 19:05:25.774 18218 18218 I zygote64: Caused by: java.lang.ClassNotFoundException: Didn't find class "android.view.View$OnUnhandledKeyEventListener" on path: DexPathList[[zip file "/data/app/e.www.microphonetest-6eBzxRC2FK_Ye3Fh4E64HA==/base.apk"],nativeLibraryDirectories=[/data/app/e.www.microphonetest-6eBzxRC2FK_Ye3Fh4E64HA==/lib/arm64, /system/lib64, /vendor/lib64]]
07-12 19:05:25.774 18218 18218 I zygote64:   at java.lang.Class dalvik.system.BaseDexClassLoader.findClass(java.lang.String) (BaseDexClassLoader.java:93)
07-12 19:05:25.774 18218 18218 I zygote64:   at java.lang.Class java.lang.ClassLoader.loadClass(java.lang.String, boolean) (ClassLoader.java:379)
07-12 19:05:25.774 18218 18218 I zygote64:   at java.lang.Class java.lang.ClassLoader.loadClass(java.lang.String) (ClassLoader.java:312)
07-12 19:05:25.774 18218 18218 I zygote64:   at void androidx.core.view.ViewCompat.setOnApplyWindowInsetsListener(android.view.View, androidx.core.view.OnApplyWindowInsetsListener) (ViewCompat.java:2436)
07-12 19:05:25.774 18218 18218 I zygote64:   at android.view.ViewGroup androidx.appcompat.app.AppCompatDelegateImpl.createSubDecor() (AppCompatDelegateImpl.java:779)
07-12 19:05:25.774 18218 18218 I zygote64:   at void androidx.appcompat.app.AppCompatDelegateImpl.ensureSubDecor() (AppCompatDelegateImpl.java:659)
07-12 19:05:25.774 18218 18218 I zygote64:   at void androidx.appcompat.app.AppCompatDelegateImpl.setContentView(int) (AppCompatDelegateImpl.java:552)
07-12 19:05:25.774 18218 18218 I zygote64:   at void androidx.appcompat.app.AppCompatActivity.setContentView(int) (AppCompatActivity.java:161)
07-12 19:05:25.774 18218 18218 I zygote64:   at void e.www.microphonetest.MainActivity.onCreate(android.os.Bundle) (MainActivity.kt:24)
07-12 19:05:25.774 18218 18218 I zygote64:   at void android.app.Activity.performCreate(android.os.Bundle) (Activity.java:7174)
07-12 19:05:25.774 18218 18218 I zygote64:   at void android.app.Instrumentation.callActivityOnCreate(android.app.Activity, android.os.Bundle) (Instrumentation.java:1220)
07-12 19:05:25.774 18218 18218 I zygote64:   at android.app.Activity android.app.ActivityThread.performLaunchActivity(android.app.ActivityThread$ActivityClientRecord, android.content.Intent) (ActivityThread.java:2910)
07-12 19:05:25.774 18218 18218 I zygote64:   at void android.app.ActivityThread.handleLaunchActivity(android.app.ActivityThread$ActivityClientRecord, android.content.Intent, java.lang.String) (ActivityThread.java:3032)
07-12 19:05:25.774 18218 18218 I zygote64:   at void android.app.ActivityThread.-wrap11(android.app.ActivityThread, android.app.ActivityThread$ActivityClientRecord, android.content.Intent, java.lang.String) (ActivityThread.java:-1)
07-12 19:05:25.774 18218 18218 I zygote64:   at void android.app.ActivityThread$H.handleMessage(android.os.Message) (ActivityThread.java:1696)
07-12 19:05:25.774 18218 18218 I zygote64:   at void android.os.Handler.dispatchMessage(android.os.Message) (Handler.java:105)
07-12 19:05:25.774 18218 18218 I zygote64:   at void android.os.Looper.loop() (Looper.java:164)
07-12 19:05:25.774 18218 18218 I zygote64:   at void android.app.ActivityThread.main(java.lang.String[]) (ActivityThread.java:6940)
07-12 19:05:25.774 18218 18218 I zygote64:   at java.lang.Object java.lang.reflect.Method.invoke(java.lang.Object, java.lang.Object[]) (Method.java:-2)
07-12 19:05:25.774 18218 18218 I zygote64:   at void com.android.internal.os.Zygote$MethodAndArgsCaller.run() (Zygote.java:327)
07-12 19:05:25.774 18218 18218 I zygote64:   at void com.android.internal.os.ZygoteInit.main(java.lang.String[]) (ZygoteInit.java:1374)
07-12 19:05:25.774 18218 18218 I zygote64: 
07-12 19:05:25.774 18218 18218 I zygote64: Rejecting re-init on previously-failed class java.lang.Class<androidx.core.view.ViewCompat$2>: java.lang.NoClassDefFoundError: Failed resolution of: Landroid/view/View$OnUnhandledKeyEventListener;
07-12 19:05:25.774 18218 18218 I zygote64:   at void androidx.core.view.ViewCompat.setOnApplyWindowInsetsListener(android.view.View, androidx.core.view.OnApplyWindowInsetsListener) (ViewCompat.java:2436)
07-12 19:05:25.774 18218 18218 I zygote64:   at android.view.ViewGroup androidx.appcompat.app.AppCompatDelegateImpl.createSubDecor() (AppCompatDelegateImpl.java:779)
07-12 19:05:25.774 18218 18218 I zygote64:   at void androidx.appcompat.app.AppCompatDelegateImpl.ensureSubDecor() (AppCompatDelegateImpl.java:659)
07-12 19:05:25.774 18218 18218 I zygote64:   at void androidx.appcompat.app.AppCompatDelegateImpl.setContentView(int) (AppCompatDelegateImpl.java:552)
07-12 19:05:25.774 18218 18218 I zygote64:   at void androidx.appcompat.app.AppCompatActivity.setContentView(int) (AppCompatActivity.java:161)
07-12 19:05:25.774 18218 18218 I zygote64:   at void e.www.microphonetest.MainActivity.onCreate(android.os.Bundle) (MainActivity.kt:24)
07-12 19:05:25.774 18218 18218 I zygote64:   at void android.app.Activity.performCreate(android.os.Bundle) (Activity.java:7174)
07-12 19:05:25.774 18218 18218 I zygote64:   at void android.app.Instrumentation.callActivityOnCreate(android.app.Activity, android.os.Bundle) (Instrumentation.java:1220)
07-12 19:05:25.774 18218 18218 I zygote64:   at android.app.Activity android.app.ActivityThread.performLaunchActivity(android.app.ActivityThread$ActivityClientRecord, android.content.Intent) (ActivityThread.java:2910)
07-12 19:05:25.774 18218 18218 I zygote64:   at void android.app.ActivityThread.handleLaunchActivity(android.app.ActivityThread$ActivityClientRecord, android.content.Intent, java.lang.String) (ActivityThread.java:3032)
07-12 19:05:25.774 18218 18218 I zygote64:   at void android.app.ActivityThread.-wrap11(android.app.ActivityThread, android.app.ActivityThread$ActivityClientRecord, android.content.Intent, java.lang.String) (ActivityThread.java:-1)
07-12 19:05:25.774 18218 18218 I zygote64:   at void android.app.ActivityThread$H.handleMessage(android.os.Message) (ActivityThread.java:1696)
07-12 19:05:25.774 18218 18218 I zygote64:   at void android.os.Handler.dispatchMessage(android.os.Message) (Handler.java:105)
07-12 19:05:25.774 18218 18218 I zygote64:   at void android.os.Looper.loop() (Looper.java:164)
07-12 19:05:25.774 18218 18218 I zygote64:   at void android.app.ActivityThread.main(java.lang.String[]) (ActivityThread.java:6940)
07-12 19:05:25.774 18218 18218 I zygote64:   at java.lang.Object java.lang.reflect.Method.invoke(java.lang.Object, java.lang.Object[]) (Method.java:-2)
07-12 19:05:25.774 18218 18218 I zygote64:   at void com.android.internal.os.Zygote$MethodAndArgsCaller.run() (Zygote.java:327)
07-12 19:05:25.774 18218 18218 I zygote64:   at void com.android.internal.os.ZygoteInit.main(java.lang.String[]) (ZygoteInit.java:1374)
07-12 19:05:25.774 18218 18218 I zygote64: Caused by: java.lang.ClassNotFoundException: Didn't find class "android.view.View$OnUnhandledKeyEventListener" on path: DexPathList[[zip file "/data/app/e.www.microphonetest-6eBzxRC2FK_Ye3Fh4E64HA==/base.apk"],nativeLibraryDirectories=[/data/app/e.www.microphonetest-6eBzxRC2FK_Ye3Fh4E64HA==/lib/arm64, /system/lib64, /vendor/lib64]]
07-12 19:05:25.774 18218 18218 I zygote64:   at java.lang.Class dalvik.system.BaseDexClassLoader.findClass(java.lang.String) (BaseDexClassLoader.java:93)
07-12 19:05:25.774 18218 18218 I zygote64:   at java.lang.Class java.lang.ClassLoader.loadClass(java.lang.String, boolean) (ClassLoader.java:379)
07-12 19:05:25.774 18218 18218 I zygote64:   at java.lang.Class java.lang.ClassLoader.loadClass(java.lang.String) (ClassLoader.java:312)
07-12 19:05:25.774 18218 18218 I zygote64:   at void androidx.core.view.ViewCompat.setOnApplyWindowInsetsListener(android.view.View, androidx.core.view.OnApplyWindowInsetsListener) (ViewCompat.java:2436)
07-12 19:05:25.774 18218 18218 I zygote64:   at android.view.ViewGroup androidx.appcompat.app.AppCompatDelegateImpl.createSubDecor() (AppCompatDelegateImpl.java:779)
07-12 19:05:25.774 18218 18218 I zygote64:   at void androidx.appcompat.app.AppCompatDelegateImpl.ensureSubDecor() (AppCompatDelegateImpl.java:659)
07-12 19:05:25.774 18218 18218 I zygote64:   at void androidx.appcompat.app.AppCompatDelegateImpl.setContentView(int) (AppCompatDelegateImpl.java:552)
07-12 19:05:25.774 18218 18218 I zygote64:   at void androidx.appcompat.app.AppCompatActivity.setContentView(int) (AppCompatActivity.java:161)
07-12 19:05:25.774 18218 18218 I zygote64:   at void e.www.microphonetest.MainActivity.onCreate(android.os.Bundle) (MainActivity.kt:24)
07-12 19:05:25.774 18218 18218 I zygote64:   at void android.app.Activity.performCreate(android.os.Bundle) (Activity.java:7174)
07-12 19:05:25.774 18218 18218 I zygote64:   at void android.app.Instrumentation.callActivityOnCreate(android.app.Activity, android.os.Bundle) (Instrumentation.java:1220)
07-12 19:05:25.774 18218 18218 I zygote64:   at android.app.Activity android.app.ActivityThread.performLaunchActivity(android.app.ActivityThread$ActivityClientRecord, android.content.Intent) (ActivityThread.java:2910)
07-12 19:05:25.774 18218 18218 I zygote64:   at void android.app.ActivityThread.handleLaunchActivity(android.app.ActivityThread$ActivityClientRecord, android.content.Intent, java.lang.String) (ActivityThread.java:3032)
07-12 19:05:25.774 18218 18218 I zygote64:   at void android.app.ActivityThread.-wrap11(android.app.ActivityThread, android.app.ActivityThread$ActivityClientRecord, android.content.Intent, java.lang.String) (ActivityThread.java:-1)
07-12 19:05:25.774 18218 18218 I zygote64:   at void android.app.ActivityThread$H.handleMessage(android.os.Message) (ActivityThread.java:1696)
07-12 19:05:25.774 18218 18218 I zygote64:   at void android.os.Handler.dispatchMessage(android.os.Message) (Handler.java:105)
07-12 19:05:25.774 18218 18218 I zygote64:   at void android.os.Looper.loop() (Looper.java:164)
07-12 19:05:25.774 18218 18218 I zygote64:   at void android.app.ActivityThread.main(java.lang.String[]) (ActivityThread.java:6940)
07-12 19:05:25.774 18218 18218 I zygote64:   at java.lang.Object java.lang.reflect.Method.invoke(java.lang.Object, java.lang.Object[]) (Method.java:-2)
07-12 19:05:25.774 18218 18218 I zygote64:   at void com.android.internal.os.Zygote$MethodAndArgsCaller.run() (Zygote.java:327)
07-12 19:05:25.774 18218 18218 I zygote64:   at void com.android.internal.os.ZygoteInit.main(java.lang.String[]) (ZygoteInit.java:1374)
07-12 19:05:25.774 18218 18218 I zygote64: 
07-12 19:05:25.797  3957 12158 W StorageManager: getStorageLowBytes lowPercent : 5, lowBytes : 1260145254, maxLowBytes : 524288000
07-12 19:05:25.799 18218 18218 I MediaRecorderJNI: setup
07-12 19:05:25.800  3598  9658 V MediaPlayerService: Create new media recorder client from pid 18218
07-12 19:05:25.801 18218 18218 I MediaRecorderJNI: setAudioSource(1)
07-12 19:05:25.806  3957 12158 D PermissionMonitor: we received permission notification for rUid: 10188, rPid: 18218from rModuleFlag: 2
07-12 19:05:25.806  3957 12158 I PermissionMonitor: Binder.getCallingUid(): 1013
07-12 19:05:25.806 18218 18218 I MediaRecorderJNI: setAudioEncoder(1)
07-12 19:05:25.806  3957 12158 I PermissionMonitor: packageName: e.www.microphonetest
07-12 19:05:25.807  3957 12158 E PermissionMonitor: Calling app is not pre-installed on system. Ignore its notification. pkgName: e.www.microphonetest, UserId: 0
07-12 19:05:25.808 18218 18218 I MediaRecorderJNI: setOutputFile
07-12 19:05:25.808  3957 12158 E PermissionMonitor: We found matching pid. (uid, pid) : (10188, 18218
07-12 19:05:25.808  3957 12158 E PermissionMonitor:  App has at least one process in foreground. uid: 10188 pid: 18218
07-12 19:05:25.808  3957 12158 I PermissionMonitor: App is not in hidden status (background/etc). Ignore
07-12 19:05:25.809 18218 18218 I MediaRecorderJNI: prepare
07-12 19:05:25.809  3957 12158 I EDMNativeHelperService: isAudioRecordAllowed
07-12 19:05:25.810 18218 18218 I MediaRecorderJNI: start
07-12 19:05:25.811  3957  4086 D MdnieScenarioControlService:  packageName : e.www.microphonetest    className : e.www.microphonetest.MainActivity
07-12 19:05:25.811  3957  4086 V MdnieScenarioControlService: setUIMode from UI function(3)
07-12 19:05:25.812  3586  8981 V APM_AudioPolicyManager: getInputForAttr() source 1, samplingRate 8000, format 1, channelMask 10,session 121, flags 0
07-12 19:05:25.813  3957 12158 I EDMNativeHelperService: isMicrophoneEnabled
07-12 19:05:25.814  3957 12158 I EDMNativeHelperService: isAudioRecordAllowed
07-12 19:05:25.815  3586  8981 V APM::AudioPolicyEngine: getDeviceForInputSource()input source 1, device 80000004
07-12 19:05:25.815  3586  8981 D MultiRecordManager: skipMultiRecord() isBypass 1, moduleName primary, source 1, flag 0
07-12 19:05:25.815  3586  8981 I MultiRecordManager: openInputStream() skipMultiRecord
07-12 19:05:25.815  3421  3421 D audio_hw_primary_abox: device-adev_open_input_stream: enter: io_handle (54), sample_rate(8000) channel_mask(0x10) devices(0x80000004) flags(0) source(1)
07-12 19:05:25.815  3421  3421 I audio_hw_primary_abox: device-adev_open_input_stream: requested input samplerate decides audio path of csvt and vowifi, sample_rate = 8000
07-12 19:05:25.815  3421  3421 D audio_hw_primary_abox: device-adev_open_input_stream: Requested open Primary input
07-12 19:05:25.816  3421  3421 I audio_hw_primary_abox: primary_in-adev_open_input_stream: Transit to Standby
07-12 19:05:25.816  3421  3421 V audio_hw_primary_abox: primary_in-add_audio_usage: Added Audio Stream into Audio Usage list!
07-12 19:05:25.816  3421  3421 D audio_hw_primary_abox: adev_open_input_stream: preprocessing_latency = 0
07-12 19:05:25.816  3421  3421 I audio_hw_primary_abox: adev_open_input_stream: input is null, set new input stream
07-12 19:05:25.816  3421  3421 D audio_hw_primary_abox: device-adev_open_input_stream: Opened primary_in stream
07-12 19:05:25.818  3586 18239 I AudioFlinger: AudioFlinger's thread 0xeb903dc0 tid=18239 ready to run
07-12 19:05:25.818  3421  3421 D audio_hw_primary_abox: primary_in-in_standby: enter
07-12 19:05:25.818  3421  3421 D audio_hw_primary_abox: primary_in-in_standby: exit
07-12 19:05:25.818  3586  8981 V APM_AudioPolicyManager: getInputForAttr() returns input type = 0
07-12 19:05:25.819  3421  3421 D audio_hw_primary_abox: primary_in-in_standby: enter
07-12 19:05:25.819  3421  3421 D audio_hw_primary_abox: primary_in-in_standby: exit
07-12 19:05:25.819  3586  8981 V APM_AudioPolicyManager: listAudioPorts() role 0 type 0 num_ports 0 ports 0xedc194f0
07-12 19:05:25.819  3586  8981 V APM_AudioPolicyManager: listAudioPorts() got 0 ports needed 9
07-12 19:05:25.819  3586  3586 V APM_AudioPolicyManager: listAudioPorts() role 0 type 0 num_ports 0 ports 0xedc194c0
07-12 19:05:25.819  3586  3586 V APM_AudioPolicyManager: listAudioPorts() got 0 ports needed 9
07-12 19:05:25.819  3586  8981 V APM_AudioPolicyManager: listAudioPorts() role 0 type 0 num_ports 9 ports 0xeb9fc000
07-12 19:05:25.819  3586  8981 V APM_AudioPolicyManager: listAudioPorts() got 9 ports needed 9
07-12 19:05:25.819  3586  3586 V APM_AudioPolicyManager: listAudioPorts() role 0 type 0 num_ports 9 ports 0xec67c000
07-12 19:05:25.819  3586  3586 V APM_AudioPolicyManager: listAudioPorts() got 9 ports needed 9
07-12 19:05:25.821  3598  9658 W AudioRecord: Server adjusted notificationFrames from 1024 to 160 for frameCount 2048
07-12 19:05:25.821  3598  9658 I AudioSource: setRecordingMode: recordingmode = -1
07-12 19:05:25.822  3598  9658 I ACodec  :  [] Now uninitialized
07-12 19:05:25.822  3598 18240 I ACodec  : [] onAllocateComponent
07-12 19:05:25.823  3598 18240 I OMXClient: Treble IOmx obtained
07-12 19:05:25.824  3608  3668 I OMXMaster: makeComponentInstance(OMX.google.amrnb.encoder) in omx@1.0-service process
07-12 19:05:25.827  3598 18240 I ACodec  : [OMX.google.amrnb.encoder] Now Loaded
07-12 19:05:25.827  3598 18240 I MediaCodec: MediaCodec will operate in async mode
07-12 19:05:25.829  3608  3668 E OMXNodeInstance: setConfig(0xf2ba3800:google.amrnb.encoder, ConfigPriority(0x6f800002)) ERROR: Undefined(0x80001001)
07-12 19:05:25.829  3598 18240 I ACodec  : codec does not support config priority (err -2147483648)
07-12 19:05:25.831  3608  3668 E OMXNodeInstance: getConfig(0xf2ba3800:google.amrnb.encoder, ConfigAndroidVendorExtension(0x6f100004)) ERROR: Undefined(0x80001001)
07-12 19:05:25.832  3598 18240 I ACodec  : [OMX.google.amrnb.encoder] Now Loaded->Idle
07-12 19:05:25.834  3420  3420 W /system/bin/hw/android.hidl.allocator@1.0-service: ashmem_create_region(2048) returning hidl_memory(0x7df002c500, 2048)
07-12 19:05:25.835  3420  3420 I chatty  : uid=1000(system) allocator@1.0-s identical 2 lines
07-12 19:05:25.836  3420  3420 W /system/bin/hw/android.hidl.allocator@1.0-service: ashmem_create_region(2048) returning hidl_memory(0x7df002c500, 2048)
07-12 19:05:25.838  3420  3420 W /system/bin/hw/android.hidl.allocator@1.0-service: ashmem_create_region(8192) returning hidl_memory(0x7df002c500, 8192)
07-12 19:05:25.839  3420  3420 I chatty  : uid=1000(system) allocator@1.0-s identical 2 lines
07-12 19:05:25.839  3420  3420 W /system/bin/hw/android.hidl.allocator@1.0-service: ashmem_create_region(8192) returning hidl_memory(0x7df002c500, 8192)
07-12 19:05:25.840  3598 18240 I ACodec  : [OMX.google.amrnb.encoder] Now Idle->Executing
07-12 19:05:25.840  3598  9658 W StagefrightRecorder: audio source is exist, set interval to audio
07-12 19:05:25.841  3598 18236 I MediaCodecSource: MediaCodecSource (audio) starting
07-12 19:05:25.841  3598 18240 I ACodec  : [OMX.google.amrnb.encoder] Now Executing
07-12 19:05:25.841  3586  3831 V MultiRecordManager: getParameters() io 0, keys get_input_latency, calling pid 3598
07-12 19:05:25.841  3421  3421 D audio_hw_primary_abox: device-adev_get_parameters: enter with key(get_input_latency)
07-12 19:05:25.842  3421  3421 I audio_hw_primary_abox: adev_get_parameters: pcmread_latency = 20, preprocessing_latency = 0
07-12 19:05:25.842  3421  3421 D audio_hw_primary_abox: device-adev_get_parameters: exit with get_input_latency=20
07-12 19:05:25.842  3598 18244 I AudioSource: Initial latency from Audio F/W: 20
07-12 19:05:25.842  3586  3831 I APM_AudioPolicyManager: startInput() input 54
07-12 19:05:25.842  3586  3831 V APM::AudioPolicyEngine: getDeviceForInputSource()input source 1, device 80000004
07-12 19:05:25.843  3421  3421 D audio_hw_primary_abox: primary_in-in_set_parameters: enter with param = input_source=1;routing=-2147483644
07-12 19:05:25.843  3421  3421 D audio_hw_primary_abox: primary_in-in_set_parameters: Requested to change route from 0x80000004 to 0x80000004
07-12 19:05:25.843  3421  3421 D audio_hw_primary_abox: primary_in-in_set_parameters: exit
07-12 19:05:25.844  3586  3831 V APM_AudioPolicyManager: setInputDevice() createAudioPatch returned 0 patchHandle 52
07-12 19:05:25.844  3586  3831 V APM_AudioPolicyManager: AudioPolicyManager::startInput() input source = 1
07-12 19:05:25.845  3598 18236 I MediaCodecSource: MediaCodecSource (audio) started
07-12 19:05:25.846  3586  3831 V APM_AudioPolicyManager: listAudioPorts() role 0 type 0 num_ports 0 ports 0xed713060
07-12 19:05:25.846  3586  3831 V APM_AudioPolicyManager: listAudioPorts() got 0 ports needed 9
07-12 19:05:25.846  3586  3831 V APM_AudioPolicyManager: listAudioPorts() role 0 type 0 num_ports 9 ports 0xebfe6000
07-12 19:05:25.846  3586  3831 V APM_AudioPolicyManager: listAudioPorts() got 9 ports needed 9
07-12 19:05:25.847  3586  8981 V APM_AudioPolicyManager: listAudioPorts() role 0 type 0 num_ports 0 ports 0xedc194f0
07-12 19:05:25.847  3586  8981 V APM_AudioPolicyManager: listAudioPorts() got 0 ports needed 9
07-12 19:05:25.847  3421 18246 D PostProcessConvertor: PostProcessConvertorInit ++ OSR 8000, ISR 48000, CC 2, OBW 1, IBW 1 
07-12 19:05:25.847  3421 18246 D SoundAliveResampler: [SoundAliveResampler] Init+++
07-12 19:05:25.847  3421 18246 W audio_hw_primary_abox: primary_in-do_open_input_stream: SoundTrigger HAL Open function Not available!
07-12 19:05:25.847  3421 18246 D audio_hw_primary_abox: primary_in-set_audio_route: [CAPTURE] current-device(none) new-device(mic) in cur-mode(normal) & new-mode(recording)!
07-12 19:05:25.847  3421 18246 I audio_route: > audio_route_apply_path : "recording-mic"
07-12 19:05:25.847  3421 18246 I audio_route: > audio_route_update_path : "recording-mic" reverse(0)
07-12 19:05:25.847  3586  8981 V APM_AudioPolicyManager: listAudioPorts() role 0 type 0 num_ports 9 ports 0xeb9fc000
07-12 19:05:25.847  3586  8981 V APM_AudioPolicyManager: listAudioPorts() got 9 ports needed 9
07-12 19:05:25.849  3421 18246 D audio_hw_primary_abox: primary_in-do_set_route: Enabled Audio Route(recording-mic)
07-12 19:05:25.849  3421 18246 I audio_route: > audio_route_apply_path : "gain-recording-mic"
07-12 19:05:25.849  3421 18246 I audio_route: > audio_route_update_path : "gain-recording-mic" reverse(0)
07-12 19:05:25.849  3421 18246 D audio_hw_primary_abox: primary_in-do_set_route: Enabled Audio Gain(gain-recording-mic)
07-12 19:05:25.849  3421 18246 V audio_route: requested PCM dai for capture_link: 9
07-12 19:05:25.871 18218 18247 D OpenGLRenderer: HWUI GL Pipeline
07-12 19:05:25.879 18218 18218 D ViewRootImpl@3c9f26e[MainActivity]: setView = DecorView@3eded0f[MainActivity] TM=true MM=false
07-12 19:05:25.880  3421 18246 I audio_hw_primary_abox: primary_in-do_open_input_stream: Opened PCM Device is /dev/snd/pcmC0D9c samplingRate(48000) pcmformat(0)
07-12 19:05:25.880  3421 18246 I audio_hw_primary_abox: primary_in-in_read: Transit to Idle
07-12 19:05:25.881  3957 10129 D ActivityManager: post active user change for 0 fullscreen true isHomeActivity() false
07-12 19:05:25.883  3446  3446 I SurfaceFlinger: Display 0 HWC layers:
07-12 19:05:25.883  3446  3446 I SurfaceFlinger:     type    |    handle    | flag |  format   |   source crop (l,t,r,b)    |         frame       | name 
07-12 19:05:25.883  3446  3446 I SurfaceFlinger: ------------+--------------+------+-----------+----------------------------+---------------------+------
07-12 19:05:25.883  3446  3446 I SurfaceFlinger:      Client |              | 0000 |  Unknown  |  -0.2   -0.2   -0.8   -0.8 |    0    0  720 1280 | animation background stackId=1#0
07-12 19:05:25.883  3446  3446 I SurfaceFlinger:      Client | 0x72bdc24540 | 0002 | RGBA_8888 |   0.0    0.0  720.0 1280.0 |   16   29  703 1251 | com.example.batterymanager_utility/c[...]atterymanager_utility.MainActivity#0
07-12 19:05:25.883  3446  3446 I SurfaceFlinger:      Client | 0x72bdc246c0 | 0002 | RGBA_8888 |   0.0    0.0  720.0 1022.0 |   17  305  704 1280 | Splash Screen e.www.microphonetest#0
07-12 19:05:25.883  3446  3446 I SurfaceFlinger:      Client | 0x72b9ff8100 | 0000 | RGBA_8888 |   0.0    0.0  720.0   42.0 |    0    0  720   42 | StatusBar#0
07-12 19:05:25.883  3446  3446 I SurfaceFlinger: 
07-12 19:05:25.884 18218 18218 D ViewRootImpl@3c9f26e[MainActivity]: dispatchAttachedToWindow
07-12 19:05:25.888  3957 10129 V WindowManager: Relayout Window{7503d62 u0 e.www.microphonetest/e.www.microphonetest.MainActivity}: viewVisibility=0 req=719x1237 WM.LayoutParams{(0,0)(fillxfill) sim=#120 ty=1 fl=#81810100 pfl=0x20000 wanim=0x10302fd vsysui=0x600 needsMenuKey=2 colorMode=0 naviIconColor=0}
07-12 19:05:25.891  3446  3446 I SurfaceFlinger: id=1037 createSurf (720x1280),1 flag=404, e.www.microphonetest/e.www.microphonetest.MainActivity#0
07-12 19:05:25.892  3957 10129 V Surface : sf_framedrop debug : 0x4f4c, game : false, logging : 0
07-12 19:05:25.896  3957 10129 D InputDispatcher: Focus entered window: 18218
07-12 19:05:25.898 18218 18218 V Surface : sf_framedrop debug : 0x4f4c, game : false, logging : 0
07-12 19:05:25.899 18218 18218 D ViewRootImpl@3c9f26e[MainActivity]: Relayout returned: old=[0,0][0,0] new=[0,0][720,1280] result=0x7 surface={valid=true 533769601024} changed=true
07-12 19:05:25.904 18218 18247 I OpenGLRenderer: Initialized EGL, version 1.4
07-12 19:05:25.904 18218 18247 D OpenGLRenderer: Swap behavior 2
07-12 19:05:25.910 18218 18247 D libGLESv1: STS_GLApi : DTS, ODTC are not allowed for Package : e.www.microphonetest
07-12 19:05:25.910 18218 18218 D ViewRootImpl@3c9f26e[MainActivity]: MSG_RESIZED_REPORT: frame=Rect(0, 0 - 720, 1280) ci=Rect(0, 42 - 0, 0) vi=Rect(0, 42 - 0, 0) or=1
07-12 19:05:25.910 18218 18218 D ViewRootImpl@3c9f26e[MainActivity]: MSG_WINDOW_FOCUS_CHANGED 1
07-12 19:05:25.912 18218 18247 D mali_winsys: EGLint new_window_surface(egl_winsys_display *, void *, EGLSurface, EGLConfig, egl_winsys_surface **, egl_color_buffer_format *, EGLBoolean) returns 0x3000,  [720x1280]-format:1
07-12 19:05:25.912 18218 18247 D OpenGLRenderer: eglCreateWindowSurface = 0x7c304f9b80
07-12 19:05:25.913 18218 18218 V InputMethodManager: Starting input: tba=android.view.inputmethod.EditorInfo@8a6c77a nm : e.www.microphonetest ic=null
07-12 19:05:25.913 18218 18218 I InputMethodManager: startInputInner - mService.startInputOrWindowGainedFocus
07-12 19:05:25.913  3957 10129 D InputMethodManagerService: startInputOrWindowGainedFocus : windowGainedFocus 
07-12 19:05:25.913  3957 10129 D InputMethodManagerService: windowGainedFocus: destinationUserId (getCallingUid) = 0
07-12 19:05:25.913  3957 10129 D InputMethodManagerService: windowGainedFocus: currentUserId=0
07-12 19:05:25.913  3957 10129 D InputMethodManagerService: windowGainedFocus: mCurrentFocusedUserId=0
07-12 19:05:25.913  3957 10129 D InputMethodManagerService: windowGainedFocus : lock - currentUserId = 0 destinationUserId = 0
07-12 19:05:25.913  3957 10129 D InputMethodManagerService: windowGainedFocus : mCurrentFocusedUserId - 0 and mSecureKeypadEnabled - false, userSwitched - false
07-12 19:05:25.914  3957 10129 V InputMethodManagerService: windowGainedFocus : reason=WINDOW_FOCUS_GAIN client=android.os.BinderProxy@47ab44 inputContext=null missingMethods= attribute=android.view.inputmethod.EditorInfo@baa2ef3 nm = e.www.microphonetest controlFlags=#104 softInputMode=#120 windowFlags=#81810100
07-12 19:05:25.914  3957 10129 V InputMethodManagerService: hideCurrentInputLocked : shouldHideSoftInput is false
07-12 19:05:25.914  3957 10129 D InputMethodManagerService: isImeSwitcherDisabledPackage : false
07-12 19:05:25.914  3957 10129 V InputMethodManagerService: Creating new session for client ClientState{4b637b0 uid 10188 pid 18218}
07-12 19:05:25.918  3957 10129 D InputMethodManagerService: setCurrentInputInfo - inputContext : null eidtorInfo : android.view.inputmethod.EditorInfo@baa2ef3 missingMethods : 0
07-12 19:05:25.918  4337  4337 I InputMethodWrapper:  call dispatchStartInputWithToken
07-12 19:05:25.918  4337  4337 I InputMethodService: dispatchStartInputWithToken
07-12 19:05:25.919  4337  4337 I SKBD    : SamsungKeypad [IMI] onStartInput - caller pid : 18218, caller uid : 10188
07-12 19:05:25.936  3421 18246 I audio_hw_primary_abox: primary_in-do_start_input_stream: Started PCM Device
07-12 19:05:25.937  3421 18246 D AudioInfo: can not find AudioDataPath for fileName:/miccalib.txt
07-12 19:05:25.937  3957 12158 V WindowManager: finishDrawingLocked: mDrawState=COMMIT_DRAW_PENDING Window{7503d62 u0 e.www.microphonetest/e.www.microphonetest.MainActivity} in Surface(name=e.www.microphonetest/e.www.microphonetest.MainActivity)
07-12 19:05:25.937  3421 18246 I PreProcess_RA: [samsungrecordMIC]Use HardCoding Values
07-12 19:05:25.937  3421 18246 I PreProcess_RA: [samsungrecordMIC]Use HardCoding Values
07-12 19:05:25.937  3421 18246 I audio_hw_primary_abox: primary_in-in_read: Transit to Capturing
07-12 19:05:25.938 18218 18218 V InputMethodManager: Starting input: tba=android.view.inputmethod.EditorInfo@2264b2b nm : e.www.microphonetest ic=null
07-12 19:05:25.942  3957  4026 D ViewRootImpl@37a2e80[microphonetest]: dispatchDetachedFromWindow
07-12 19:05:25.942  3957  4026 D InputEventReceiver: channel 'c30fcb9 Splash Screen e.www.microphonetest (client)' ~ Disposing input event receiver.
07-12 19:05:25.942  3957  4026 D InputEventReceiver: channel 'c30fcb9 Splash Screen e.www.microphonetest (client)' ~NativeInputEventReceiver.
07-12 19:05:25.949  3957  3984 I ActivityManager: Displayed e.www.microphonetest/.MainActivity: +355ms
07-12 19:05:25.958  3598 18245 I MPEG4Writer: setStartTimestampUs: 76143
07-12 19:05:25.958  3598 18245 I MPEG4Writer: Earliest track starting time: 76143
07-12 19:05:25.966  3446  3446 I SurfaceFlinger: Display 0 HWC layers:
07-12 19:05:25.966  3446  3446 I SurfaceFlinger:     type    |    handle    | flag |  format   |   source crop (l,t,r,b)    |         frame       | name 
07-12 19:05:25.966  3446  3446 I SurfaceFlinger: ------------+--------------+------+-----------+----------------------------+---------------------+------
07-12 19:05:25.966  3446  3446 I SurfaceFlinger:      Client |              | 0000 |  Unknown  |  -0.2   -0.2   -0.8   -0.8 |    0    0  720 1280 | animation background stackId=1#0
07-12 19:05:25.966  3446  3446 I SurfaceFlinger:      Client | 0x72bdc24540 | 0002 | RGBA_8888 |   0.0    0.0  720.0 1280.0 |   18   32  702 1248 | com.example.batterymanager_utility/c[...]atterymanager_utility.MainActivity#0
07-12 19:05:25.966  3446  3446 I SurfaceFlinger:      Device | 0x72b79aa840 | 0002 | RGBA_8888 |   0.0    0.0  720.0 1189.0 |    6  111  714 1280 | e.www.microphonetest/e.www.microphonetest.MainActivity#0
07-12 19:05:25.966  3446  3446 I SurfaceFlinger:      Device | 0x72bdc246c0 | 0002 | RGBA_8888 |   0.0    0.0  720.0 1189.0 |    6  111  714 1280 | Splash Screen e.www.microphonetest#0
07-12 19:05:25.966  3446  3446 I SurfaceFlinger:      Device | 0x72b9ff8100 | 0000 | RGBA_8888 |   0.0    0.0  720.0   42.0 |    0    0  720   42 | StatusBar#0
07-12 19:05:25.966  3446  3446 I SurfaceFlinger: 
07-12 19:05:25.980  3957  4026 I WindowManager: Destroying surface Surface(name=Splash Screen e.www.microphonetest) called by com.android.server.wm.WindowStateAnimator.destroySurface:2501 com.android.server.wm.WindowStateAnimator.destroySurfaceLocked:985 com.android.server.wm.WindowState.destroyOrSaveSurfaceUnchecked:3670 com.android.server.wm.WindowState.destroySurface:3618 com.android.server.wm.AppWindowToken.destroySurfaces:722 com.android.server.wm.AppWindowToken.destroySurfaces:706 com.android.server.wm.WindowState.onExitAnimationDone:5316 com.android.server.wm.WindowStateAnimator.stepAnimationLocked:550 
07-12 19:05:25.981  3446  3486 I SurfaceFlinger: id=1035 Removed Splash Screen e.www.microphonetest#0 (4/6)
07-12 19:05:25.983  3446  3446 I SurfaceFlinger: Display 0 HWC layers:
07-12 19:05:25.983  3446  3446 I SurfaceFlinger:     type    |    handle    | flag |  format   |   source crop (l,t,r,b)    |         frame       | name 
07-12 19:05:25.983  3446  3446 I SurfaceFlinger: ------------+--------------+------+-----------+----------------------------+---------------------+------
07-12 19:05:25.983  3446  3446 I SurfaceFlinger:      Client |              | 0000 |  Unknown  |  -0.2   -0.2   -0.8   -0.8 |    0    0  720 1280 | animation background stackId=1#0
07-12 19:05:25.983  3446  3446 I SurfaceFlinger:      Client | 0x72bdc24540 | 0002 | RGBA_8888 |   0.0    0.0  720.0 1280.0 |   18   32  702 1248 | com.example.batterymanager_utility/c[...]atterymanager_utility.MainActivity#0
07-12 19:05:25.983  3446  3446 I SurfaceFlinger:      Device | 0x72b79aa840 | 0002 | RGBA_8888 |   0.0    0.0  720.0 1209.0 |    5   87  716 1280 | e.www.microphonetest/e.www.microphonetest.MainActivity#0
07-12 19:05:25.983  3446  3446 I SurfaceFlinger:      Device | 0x72b9ff8100 | 0000 | RGBA_8888 |   0.0    0.0  720.0   42.0 |    0    0  720   42 | StatusBar#0
07-12 19:05:25.983  3446  3446 I SurfaceFlinger: 
07-12 19:05:25.985  3446  3737 I SurfaceFlinger: id=1035 Removed Splash Screen e.www.microphonetest#0 (-2/6)
07-12 19:05:25.994  3446  3446 I Layer   : id=1035 onRemoved Splash Screen e.www.microphonetest#0 
07-12 19:05:26.035  3957  6834 D SSRM:k  : SIOP:: AP = 280, PST = 281 (W:30), BAT = 264, USB = 0, CHG = 0
07-12 19:05:26.141  3957  3957 D CustomFrequencyManagerService: releaseDVFSLockLocked : Getting Lock type frm List : DVFS_MIN_LIMIT  frequency : 1560000  uid : 1000  pid : 3957  tag : AMS_RESUME_TAIL@CPU_MIN@49
07-12 19:05:26.179  3957  4026 I WindowManager: Destroying surface Surface(name=com.example.batterymanager_utility/com.example.batterymanager_utility.MainActivity) called by com.android.server.wm.WindowStateAnimator.destroySurface:2501 com.android.server.wm.WindowStateAnimator.destroySurfaceLocked:985 com.android.server.wm.WindowState.destroyOrSaveSurfaceUnchecked:3670 com.android.server.wm.WindowState.destroySurface:3618 com.android.server.wm.AppWindowToken.destroySurfaces:722 com.android.server.wm.AppWindowToken.destroySurfaces:706 com.android.server.wm.WindowState.onExitAnimationDone:5316 com.android.server.wm.WindowStateAnimator.stepAnimationLocked:550 
07-12 19:05:26.180  3957  3984 D CustomFrequencyManagerService: acquireDVFSLockLocked : type : DVFS_MIN_LIMIT  frequency : 1560000  uid : 1000  pid : 3957  pkgName : AMS_RESUME_TAIL@CPU_MIN@49
07-12 19:05:26.180  3446  3486 I SurfaceFlinger: id=1034 Removed com.example.batterymanager_utility/com.example.batterymanager_utility.MainActivity#0 (2/5)
07-12 19:05:26.180  3957  3984 D ActivityManagerPerformance: AMP_acquire() TAIL
07-12 19:05:26.181  3957  3984 D CustomFrequencyManagerService: releaseDVFSLockLocked : Getting Lock type frm List : DVFS_MIN_LIMIT  frequency : 1560000  uid : 1000  pid : 3957  tag : AMS_APP_SWITCH@CPU_MIN@15
07-12 19:05:26.181  3957  3984 D ActivityManagerPerformance: AMP_release() APP_SWITCH
07-12 19:05:26.182  3446  3446 I SurfaceFlinger: Display 0 HWC layers:
07-12 19:05:26.182  3446  3446 I SurfaceFlinger:     type    |    handle    | flag |  format   |   source crop (l,t,r,b)    |         frame       | name 
07-12 19:05:26.182  3446  3446 I SurfaceFlinger: ------------+--------------+------+-----------+----------------------------+---------------------+------
07-12 19:05:26.182  3446  3446 I SurfaceFlinger:      Device | 0x72b79aa840 | 0002 | RGBA_8888 |   0.0    0.0  720.0 1280.0 |    0    0  720 1280 | e.www.microphonetest/e.www.microphonetest.MainActivity#0
07-12 19:05:26.182  3446  3446 I SurfaceFlinger:      Device | 0x72b9ff8100 | 0000 | RGBA_8888 |   0.0    0.0  720.0   42.0 |    0    0  720   42 | StatusBar#0
07-12 19:05:26.182  3446  3446 I SurfaceFlinger: 
07-12 19:05:26.183  3446  3486 I SurfaceFlinger: id=1034 Removed com.example.batterymanager_utility/com.example.batterymanager_utility.MainActivity#0 (-2/5)
07-12 19:05:26.195  3446  3446 I Layer   : id=1034 onRemoved com.example.batterymanager_utility/com.example.batterymanager_utility.MainActivity#0 
07-12 19:05:26.288  3957  4326 I OpenGLRenderer: Initialized EGL, version 1.4
07-12 19:05:26.288  3957  4326 D OpenGLRenderer: Swap behavior 2
07-12 19:05:26.335  3957  4086 D MdnieScenarioControlService:  packageName : e.www.microphonetest    className : e.www.microphonetest.MainActivity
07-12 19:05:26.335  3957  4086 V MdnieScenarioControlService: setUIMode from UI function(3)
07-12 19:05:26.696 16465 16465 E adbd    : recv: OPEN 000013f5 00000000 006e:73 68 65 6C 6C 2C 76 32 2C 54 45 52 4D 3D 73 63 72 65 65 6E 2C 72 61 77 3A 64 75 6D 70 73 79 73 20 61 63 74 69 76 69 74 79 20 72 65 63 65 6E 74 73 20 7C 20 67 72 65 70 20 22 52 65 63 65 6E 74 20 23 30 22 20 7C 20 63 75 74 20 2D 64 20 22 3D 22 20 2D 66 32 20 7C 20 67 72 65 70 20 2D 6F 20 2D 70 20 22 5B 61 2D 7A 7C 2E 5D 2A 22 00 
07-12 19:05:26.697 16465 16465 E adbd    : service_to_fd: shell,v2,TERM=screen,raw:dumpsys activity recents | grep "Recent #0" | cut -d "=" -f2 | grep -o -p "[a-z|.]*"
07-12 19:05:26.781  3957  3957 D CustomFrequencyManagerService: releaseDVFSLockLocked : Getting Lock type frm List : DVFS_MIN_LIMIT  frequency : 1560000  uid : 1000  pid : 3957  tag : AMS_RESUME_TAIL@CPU_MIN@49
07-12 19:05:26.790 16465 16465 E adbd    : recv: OPEN 000013f8 00000000 003a:73 68 65 6C 6C 2C 76 32 2C 54 45 52 4D 3D 73 63 72 65 65 6E 2C 72 61 77 3A 67 65 74 70 72 6F 70 20 72 6F 2E 62 75 69 6C 64 2E 76 65 72 73 69 6F 6E 2E 72 65 6C 65 61 73 65 00 
07-12 19:05:26.790 16465 16465 E adbd    : service_to_fd: shell,v2,TERM=screen,raw:getprop ro.build.version.release
07-12 19:05:26.818  3957  3957 D PreBindingService: handleMessage : 1
07-12 19:05:26.877 16465 16465 E adbd    : recv: OPEN 000013fb 00000000 0036:73 68 65 6C 6C 2C 76 32 2C 54 45 52 4D 3D 73 63 72 65 65 6E 2C 72 61 77 3A 67 65 74 70 72 6F 70 20 72 6F 2E 62 75 69 6C 64 2E 76 65 72 73 69 6F 6E 2E 73 64 6B 00 
07-12 19:05:26.877 16465 16465 E adbd    : service_to_fd: shell,v2,TERM=screen,raw:getprop ro.build.version.sdk
07-12 19:05:26.990 16465 16465 E adbd    : recv: OPEN 000013fe 00000000 003a:73 68 65 6C 6C 2C 76 32 2C 54 45 52 4D 3D 73 63 72 65 65 6E 2C 72 61 77 3A 67 65 74 70 72 6F 70 20 72 6F 2E 62 75 69 6C 64 2E 76 65 72 73 69 6F 6E 2E 72 65 6C 65 61 73 65 00 
07-12 19:05:26.990 16465 16465 E adbd    : service_to_fd: shell,v2,TERM=screen,raw:getprop ro.build.version.release
07-12 19:05:27.079 16465 16465 E adbd    : recv: OPEN 00001401 00000000 0036:73 68 65 6C 6C 2C 76 32 2C 54 45 52 4D 3D 73 63 72 65 65 6E 2C 72 61 77 3A 67 65 74 70 72 6F 70 20 72 6F 2E 62 75 69 6C 64 2E 76 65 72 73 69 6F 6E 2E 73 64 6B 00 
07-12 19:05:27.079 16465 16465 E adbd    : service_to_fd: shell,v2,TERM=screen,raw:getprop ro.build.version.sdk
07-12 19:05:27.172 16465 16465 E adbd    : recv: OPEN 00001404 00000000 00f8:73 68 65 6C 6C 2C 76 32 2C 54 45 52 4D 3D 73 63 72 65 65 6E 2C 72 61 77 3A 61 6D 20 73 74 61 72 74 2D 66 6F 72 65 67 72 6F 75 6E 64 2D 73 65 72 76 69 63 65 20 2D 6E 20 22 63 6F 6D 2E 65 78 61 6D 70 6C 65 2E 62 61 74 74 65 72 79 6D 61 6E 61 67 65 72 5F 75 74 69 6C 69 74 79 2F 63 6F 6D 2E 65 78 61 6D 70 6C 65 2E 62 61 74 74 65 72 79 6D 61 6E 61 67 65 72 5F 75 74 69 6C 69 74 79 2E 44 61 74 61 43 6F 6C 6C 65 63 74 69 6F 6E 53 65 72 76 69 63 65 22 20 2D 2D 65 69 20 73 61 6D 70 6C 65 52 61 74 65 20 30 20 2D 2D 65 73 20 22 64 61 74 61 46 69 65 6C 64 73 22 20 22 42 41 54 54 45 52 59 5F 50 52 4F 50 45 52 54 59 5F 43 55 52 52 45 4E 54 5F 4E 4F 57 2C 45 58 54 52 41 5F 56 4F 4C 54 41 47 45 22 20 2D 2D 65 7A 20 74 6F 43 53 56 20 66 61 6C 73 65 00 
07-12 19:05:27.172 16465 16465 E adbd    : service_to_fd: shell,v2,TERM=screen,raw:am start-foreground-service -n "com.example.batterymanager_utility/com.example.batterymanager_utility.DataCollectionService" --ei sampleRate 0 --es "dataFields" "BATTERY_PROPERTY_CURRENT_NOW,EXTRA_VOLTAGE" --ez toCSV false
07-12 19:05:27.265 18173 18173 I BatteryMgr:DataCollectionService: onStartCommand: begin
07-12 19:05:27.265 18173 18173 I BatteryMgr:DataCollectionService: onStartCommand: sampleRate => 0
07-12 19:05:27.266 18173 18173 I BatteryMgr:DataCollectionService: onStartCommand: rawFields => Timestamp,BATTERY_PROPERTY_CURRENT_NOW,EXTRA_VOLTAGE
07-12 19:05:27.268 18173 18173 I BatteryMgr:DataCollectionService: onStartCommand: notification done
07-12 19:05:27.271 18173 18173 D Notification: allPendingIntents
07-12 19:05:27.272 18173 18173 I BatteryMgr:DataCollectionService: started foreground
07-12 19:05:27.275  3957  3975 D ApplicationPolicy: isStatusBarNotificationAllowedAsUser: packageName = android,userId = 0
07-12 19:05:27.275  3957  3975 D API test: getContainerInfo: value is 
07-12 19:05:27.276  3957  3975 D ApplicationPolicy: isStatusBarNotificationAllowedAsUser: packageName = android,userId = 0
07-12 19:05:27.276  3957  3975 D API test: getContainerInfo: value is 
07-12 19:05:27.276  3957  3975 E NotificationService: Suppressing notification from package by user request.
07-12 19:05:27.276  3957  3975 D ApplicationPolicy: isStatusBarNotificationAllowedAsUser: packageName = com.example.batterymanager_utility,userId = 0
07-12 19:05:27.277  3957  3975 D API test: getContainerInfo: value is 
07-12 19:05:27.277  3957  3975 D ApplicationPolicy: isStatusBarNotificationAllowedAsUser: packageName = com.example.batterymanager_utility,userId = 0
07-12 19:05:27.277  3957  3975 D API test: getContainerInfo: value is 
07-12 19:05:27.277  3957  3975 E NotificationService: Suppressing notification from package by user request.
07-12 19:05:27.287 18173 18283 I BatteryMgr:DataCollectionService: collectData: begin
07-12 19:05:27.292 18173 18283 I BatteryMgr:DataCollectionService: stats => 1689181527292,-93,4145
07-12 19:05:27.295 18173 18283 I BatteryMgr:DataCollectionService: stats => 1689181527295,-93,4145
07-12 19:05:27.300 18173 18283 I BatteryMgr:DataCollectionService: stats => 1689181527300,-93,4145
07-12 19:05:27.303 18173 18283 I BatteryMgr:DataCollectionService: stats => 1689181527303,-93,4145
07-12 19:05:27.307 18173 18283 I BatteryMgr:DataCollectionService: stats => 1689181527306,-93,4145
07-12 19:05:27.309 16465 16465 E adbd    : recv: OPEN 00001407 00000000 003a:73 68 65 6C 6C 2C 76 32 2C 54 45 52 4D 3D 73 63 72 65 65 6E 2C 72 61 77 3A 67 65 74 70 72 6F 70 20 72 6F 2E 62 75 69 6C 64 2E 76 65 72 73 69 6F 6E 2E 72 65 6C 65 61 73 65 00 
07-12 19:05:27.309 16465 16465 E adbd    : service_to_fd: shell,v2,TERM=screen,raw:getprop ro.build.version.release
07-12 19:05:27.310 18173 18283 I BatteryMgr:DataCollectionService: stats => 1689181527310,-93,4145
07-12 19:05:27.315 18173 18283 I BatteryMgr:DataCollectionService: stats => 1689181527314,-93,4145
07-12 19:05:27.319 18173 18283 I BatteryMgr:DataCollectionService: stats => 1689181527319,-93,4145
07-12 19:05:27.323 18173 18283 I BatteryMgr:DataCollectionService: stats => 1689181527323,-93,4145
07-12 19:05:27.327 18173 18283 I BatteryMgr:DataCollectionService: stats => 1689181527327,-93,4145
07-12 19:05:27.331 18173 18283 I BatteryMgr:DataCollectionService: stats => 1689181527331,-93,4145
07-12 19:05:27.335 18173 18283 I BatteryMgr:DataCollectionService: stats => 1689181527335,-93,4145
07-12 19:05:27.340 18173 18283 I BatteryMgr:DataCollectionService: stats => 1689181527339,-93,4145
07-12 19:05:27.344 18173 18283 I BatteryMgr:DataCollectionService: stats => 1689181527344,-93,4145
07-12 19:05:27.348 18173 18283 I BatteryMgr:DataCollectionService: stats => 1689181527348,-93,4145
07-12 19:05:27.353 18173 18283 I BatteryMgr:DataCollectionService: stats => 1689181527353,-93,4145
07-12 19:05:27.357 18173 18283 I BatteryMgr:DataCollectionService: stats => 1689181527357,-93,4145
07-12 19:05:27.361 18173 18283 I BatteryMgr:DataCollectionService: stats => 1689181527361,-93,4145
07-12 19:05:27.365 18173 18283 I BatteryMgr:DataCollectionService: stats => 1689181527365,-93,4145
07-12 19:05:27.370 18173 18283 I BatteryMgr:DataCollectionService: stats => 1689181527369,-93,4145
07-12 19:05:27.372 18173 18283 I BatteryMgr:DataCollectionService: stats => 1689181527372,-93,4145
07-12 19:05:27.375 18173 18283 I BatteryMgr:DataCollectionService: stats => 1689181527375,-93,4145
07-12 19:05:27.378 18173 18283 I BatteryMgr:DataCollectionService: stats => 1689181527377,-93,4145
07-12 19:05:27.380 18173 18283 I BatteryMgr:DataCollectionService: stats => 1689181527380,-93,4145
07-12 19:05:27.383 18173 18283 I BatteryMgr:DataCollectionService: stats => 1689181527383,-93,4145
07-12 19:05:27.386 16465 16465 E adbd    : recv: OPEN 0000140a 00000000 0036:73 68 65 6C 6C 2C 76 32 2C 54 45 52 4D 3D 73 63 72 65 65 6E 2C 72 61 77 3A 67 65 74 70 72 6F 70 20 72 6F 2E 62 75 69 6C 64 2E 76 65 72 73 69 6F 6E 2E 73 64 6B 00 
07-12 19:05:27.386 16465 16465 E adbd    : service_to_fd: shell,v2,TERM=screen,raw:getprop ro.build.version.sdk
07-12 19:05:27.387 18173 18283 I BatteryMgr:DataCollectionService: stats => 1689181527387,-93,4145
07-12 19:05:27.390 18173 18283 I BatteryMgr:DataCollectionService: stats => 1689181527390,-93,4145
07-12 19:05:27.393 18173 18283 I BatteryMgr:DataCollectionService: stats => 1689181527393,-93,4145
07-12 19:05:27.396 18173 18283 I BatteryMgr:DataCollectionService: stats => 1689181527396,-93,4145
07-12 19:05:27.399 18173 18283 I BatteryMgr:DataCollectionService: stats => 1689181527399,-93,4145
07-12 19:05:27.401 18173 18283 I BatteryMgr:DataCollectionService: stats => 1689181527401,-93,4145
07-12 19:05:27.404 18173 18283 I BatteryMgr:DataCollectionService: stats => 1689181527404,-93,4145
07-12 19:05:27.407 18173 18283 I BatteryMgr:DataCollectionService: stats => 1689181527407,-93,4145
07-12 19:05:27.410 18173 18283 I BatteryMgr:DataCollectionService: stats => 1689181527410,-93,4145
07-12 19:05:27.413 18173 18283 I BatteryMgr:DataCollectionService: stats => 1689181527413,-93,4145
07-12 19:05:27.415 18173 18283 I BatteryMgr:DataCollectionService: stats => 1689181527415,-93,4145
07-12 19:05:27.417 18173 18283 I BatteryMgr:DataCollectionService: stats => 1689181527417,-93,4145
07-12 19:05:27.420 18173 18283 I BatteryMgr:DataCollectionService: stats => 1689181527420,-93,4145
07-12 19:05:27.424 18173 18283 I BatteryMgr:DataCollectionService: stats => 1689181527424,-93,4145
07-12 19:05:27.428 18173 18283 I BatteryMgr:DataCollectionService: stats => 1689181527428,-93,4145
07-12 19:05:27.432 18173 18283 I BatteryMgr:DataCollectionService: stats => 1689181527432,-93,4145
07-12 19:05:27.435 18173 18283 I BatteryMgr:DataCollectionService: stats => 1689181527435,-93,4145
07-12 19:05:27.438 18173 18283 I BatteryMgr:DataCollectionService: stats => 1689181527438,-93,4145
07-12 19:05:27.442 18173 18283 I BatteryMgr:DataCollectionService: stats => 1689181527442,-93,4145
07-12 19:05:27.446 18173 18283 I BatteryMgr:DataCollectionService: stats => 1689181527446,-93,4145
07-12 19:05:27.450 18173 18283 I BatteryMgr:DataCollectionService: stats => 1689181527450,-93,4145
07-12 19:05:27.454 18173 18283 I BatteryMgr:DataCollectionService: stats => 1689181527454,-93,4145
07-12 19:05:27.457 18173 18283 I BatteryMgr:DataCollectionService: stats => 1689181527457,-93,4145
07-12 19:05:27.461 18173 18283 I BatteryMgr:DataCollectionService: stats => 1689181527461,-93,4145
07-12 19:05:27.465 18173 18283 I BatteryMgr:DataCollectionService: stats => 1689181527464,-93,4145
07-12 19:05:27.468 18173 18283 I BatteryMgr:DataCollectionService: stats => 1689181527468,-93,4145
07-12 19:05:27.472 18173 18283 I BatteryMgr:DataCollectionService: stats => 1689181527472,-93,4145
07-12 19:05:27.475 18173 18283 I BatteryMgr:DataCollectionService: stats => 1689181527475,-93,4145
07-12 19:05:27.479 18173 18283 I BatteryMgr:DataCollectionService: stats => 1689181527479,-93,4145
07-12 19:05:27.483 18173 18283 I BatteryMgr:DataCollectionService: stats => 1689181527483,-93,4145
07-12 19:05:27.486 18173 18283 I BatteryMgr:DataCollectionService: stats => 1689181527486,-93,4145
07-12 19:05:27.488 18173 18283 I BatteryMgr:DataCollectionService: stats => 1689181527488,-93,4145
07-12 19:05:27.490 18173 18283 I BatteryMgr:DataCollectionService: stats => 1689181527490,-93,4145
07-12 19:05:27.493 18173 18283 I BatteryMgr:DataCollectionService: stats => 1689181527492,-93,4145
07-12 19:05:27.495 18173 18283 I BatteryMgr:DataCollectionService: stats => 1689181527495,-93,4145
07-12 19:05:27.497 18173 18283 I BatteryMgr:DataCollectionService: stats => 1689181527497,-93,4145
07-12 19:05:27.500 18173 18283 I BatteryMgr:DataCollectionService: stats => 1689181527500,-93,4145
07-12 19:05:27.502 18173 18283 I BatteryMgr:DataCollectionService: stats => 1689181527502,-93,4145
07-12 19:05:27.504 18173 18283 I BatteryMgr:DataCollectionService: stats => 1689181527504,-93,4145
07-12 19:05:27.507 18173 18283 I BatteryMgr:DataCollectionService: stats => 1689181527507,-93,4145
07-12 19:05:27.509 18173 18283 I BatteryMgr:DataCollectionService: stats => 1689181527509,-93,4145
07-12 19:05:27.511 18173 18283 I BatteryMgr:DataCollectionService: stats => 1689181527511,-93,4145
07-12 19:05:27.514 18173 18283 I BatteryMgr:DataCollectionService: stats => 1689181527514,-93,4145
07-12 19:05:27.516 18173 18283 I BatteryMgr:DataCollectionService: stats => 1689181527516,-93,4145
07-12 19:05:27.519 18173 18283 I BatteryMgr:DataCollectionService: stats => 1689181527519,-93,4145
07-12 19:05:27.522 18173 18283 I BatteryMgr:DataCollectionService: stats => 1689181527522,-93,4145
07-12 19:05:27.525 18173 18283 I BatteryMgr:DataCollectionService: stats => 1689181527525,-93,4145
07-12 19:05:27.528 18173 18283 I BatteryMgr:DataCollectionService: stats => 1689181527528,-93,4145
07-12 19:05:27.530 18173 18283 I BatteryMgr:DataCollectionService: stats => 1689181527530,-93,4145
07-12 19:05:27.533 18173 18283 I BatteryMgr:DataCollectionService: stats => 1689181527533,-93,4145
07-12 19:05:27.535 18173 18283 I BatteryMgr:DataCollectionService: stats => 1689181527535,-93,4145
07-12 19:05:27.537 18173 18283 I BatteryMgr:DataCollectionService: stats => 1689181527537,-93,4145
07-12 19:05:27.540 18173 18283 I BatteryMgr:DataCollectionService: stats => 1689181527540,-93,4145
07-12 19:05:27.543 18173 18283 I BatteryMgr:DataCollectionService: stats => 1689181527543,-93,4145
07-12 19:05:27.546 18173 18283 I BatteryMgr:DataCollectionService: stats => 1689181527545,-93,4145
07-12 19:05:27.548 18173 18283 I BatteryMgr:DataCollectionService: stats => 1689181527548,-93,4145
07-12 19:05:27.550 18173 18283 I BatteryMgr:DataCollectionService: stats => 1689181527550,-93,4145
07-12 19:05:27.553 18173 18283 I BatteryMgr:DataCollectionService: stats => 1689181527553,-93,4145
07-12 19:05:27.555 18173 18283 I BatteryMgr:DataCollectionService: stats => 1689181527555,-93,4145
07-12 19:05:27.558 18173 18283 I BatteryMgr:DataCollectionService: stats => 1689181527558,-93,4145
07-12 19:05:27.561 18173 18283 I BatteryMgr:DataCollectionService: stats => 1689181527561,-93,4145
