07-12 19:29:14.457 19746 19746 I zygote64:   at void com.android.internal.os.Zygote$MethodAndArgsCaller.run() (Zygote.java:327)
07-12 19:29:14.457 19746 19746 I zygote64:   at void com.android.internal.os.ZygoteInit.main(java.lang.String[]) (ZygoteInit.java:1374)
07-12 19:29:14.457 19746 19746 I zygote64: Caused by: java.lang.ClassNotFoundException: Didn't find class "android.view.View$OnUnhandledKeyEventListener" on path: DexPathList[[zip file "/data/app/e.www.microphonetest-6eBzxRC2FK_Ye3Fh4E64HA==/base.apk"],nativeLibraryDirectories=[/data/app/e.www.microphonetest-6eBzxRC2FK_Ye3Fh4E64HA==/lib/arm64, /system/lib64, /vendor/lib64]]
07-12 19:29:14.457 19746 19746 I zygote64:   at java.lang.Class dalvik.system.BaseDexClassLoader.findClass(java.lang.String) (BaseDexClassLoader.java:93)
07-12 19:29:14.457 19746 19746 I zygote64:   at java.lang.Class java.lang.ClassLoader.loadClass(java.lang.String, boolean) (ClassLoader.java:379)
07-12 19:29:14.457 19746 19746 I zygote64:   at java.lang.Class java.lang.ClassLoader.loadClass(java.lang.String) (ClassLoader.java:312)
07-12 19:29:14.457 19746 19746 I zygote64:   at void androidx.core.view.ViewCompat.setOnApplyWindowInsetsListener(android.view.View, androidx.core.view.OnApplyWindowInsetsListener) (ViewCompat.java:2436)
07-12 19:29:14.457 19746 19746 I zygote64:   at android.view.ViewGroup androidx.appcompat.app.AppCompatDelegateImpl.createSubDecor() (AppCompatDelegateImpl.java:779)
07-12 19:29:14.457 19746 19746 I zygote64:   at void androidx.appcompat.app.AppCompatDelegateImpl.ensureSubDecor() (AppCompatDelegateImpl.java:659)
07-12 19:29:14.457 19746 19746 I zygote64:   at void androidx.appcompat.app.AppCompatDelegateImpl.setContentView(int) (AppCompatDelegateImpl.java:552)
07-12 19:29:14.457 19746 19746 I zygote64:   at void androidx.appcompat.app.AppCompatActivity.setContentView(int) (AppCompatActivity.java:161)
07-12 19:29:14.457 19746 19746 I zygote64:   at void e.www.microphonetest.MainActivity.onCreate(android.os.Bundle) (MainActivity.kt:24)
07-12 19:29:14.457 19746 19746 I zygote64:   at void android.app.Activity.performCreate(android.os.Bundle) (Activity.java:7174)
07-12 19:29:14.457 19746 19746 I zygote64:   at void android.app.Instrumentation.callActivityOnCreate(android.app.Activity, android.os.Bundle) (Instrumentation.java:1220)
07-12 19:29:14.457 19746 19746 I zygote64:   at android.app.Activity android.app.ActivityThread.performLaunchActivity(android.app.ActivityThread$ActivityClientRecord, android.content.Intent) (ActivityThread.java:2910)
07-12 19:29:14.457 19746 19746 I zygote64:   at void android.app.ActivityThread.handleLaunchActivity(android.app.ActivityThread$ActivityClientRecord, android.content.Intent, java.lang.String) (ActivityThread.java:3032)
07-12 19:29:14.457 19746 19746 I zygote64:   at void android.app.ActivityThread.-wrap11(android.app.ActivityThread, android.app.ActivityThread$ActivityClientRecord, android.content.Intent, java.lang.String) (ActivityThread.java:-1)
07-12 19:29:14.457 19746 19746 I zygote64:   at void android.app.ActivityThread$H.handleMessage(android.os.Message) (ActivityThread.java:1696)
07-12 19:29:14.457 19746 19746 I zygote64:   at void android.os.Handler.dispatchMessage(android.os.Message) (Handler.java:105)
07-12 19:29:14.457 19746 19746 I zygote64:   at void android.os.Looper.loop() (Looper.java:164)
07-12 19:29:14.457 19746 19746 I zygote64:   at void android.app.ActivityThread.main(java.lang.String[]) (ActivityThread.java:6940)
07-12 19:29:14.457 19746 19746 I zygote64:   at java.lang.Object java.lang.reflect.Method.invoke(java.lang.Object, java.lang.Object[]) (Method.java:-2)
07-12 19:29:14.457 19746 19746 I zygote64:   at void com.android.internal.os.Zygote$MethodAndArgsCaller.run() (Zygote.java:327)
07-12 19:29:14.457 19746 19746 I zygote64:   at void com.android.internal.os.ZygoteInit.main(java.lang.String[]) (ZygoteInit.java:1374)
07-12 19:29:14.457 19746 19746 I zygote64: 
07-12 19:29:14.457 19746 19746 I zygote64: Rejecting re-init on previously-failed class java.lang.Class<androidx.core.view.ViewCompat$2>: java.lang.NoClassDefFoundError: Failed resolution of: Landroid/view/View$OnUnhandledKeyEventListener;
07-12 19:29:14.457 19746 19746 I zygote64:   at void androidx.core.view.ViewCompat.setOnApplyWindowInsetsListener(android.view.View, androidx.core.view.OnApplyWindowInsetsListener) (ViewCompat.java:2436)
07-12 19:29:14.457 19746 19746 I zygote64:   at android.view.ViewGroup androidx.appcompat.app.AppCompatDelegateImpl.createSubDecor() (AppCompatDelegateImpl.java:779)
07-12 19:29:14.457 19746 19746 I zygote64:   at void androidx.appcompat.app.AppCompatDelegateImpl.ensureSubDecor() (AppCompatDelegateImpl.java:659)
07-12 19:29:14.457 19746 19746 I zygote64:   at void androidx.appcompat.app.AppCompatDelegateImpl.setContentView(int) (AppCompatDelegateImpl.java:552)
07-12 19:29:14.457 19746 19746 I zygote64:   at void androidx.appcompat.app.AppCompatActivity.setContentView(int) (AppCompatActivity.java:161)
07-12 19:29:14.457 19746 19746 I zygote64:   at void e.www.microphonetest.MainActivity.onCreate(android.os.Bundle) (MainActivity.kt:24)
07-12 19:29:14.457 19746 19746 I zygote64:   at void android.app.Activity.performCreate(android.os.Bundle) (Activity.java:7174)
07-12 19:29:14.457 19746 19746 I zygote64:   at void android.app.Instrumentation.callActivityOnCreate(android.app.Activity, android.os.Bundle) (Instrumentation.java:1220)
07-12 19:29:14.457 19746 19746 I zygote64:   at android.app.Activity android.app.ActivityThread.performLaunchActivity(android.app.ActivityThread$ActivityClientRecord, android.content.Intent) (ActivityThread.java:2910)
07-12 19:29:14.457 19746 19746 I zygote64:   at void android.app.ActivityThread.handleLaunchActivity(android.app.ActivityThread$ActivityClientRecord, android.content.Intent, java.lang.String) (ActivityThread.java:3032)
07-12 19:29:14.457 19746 19746 I zygote64:   at void android.app.ActivityThread.-wrap11(android.app.ActivityThread, android.app.ActivityThread$ActivityClientRecord, android.content.Intent, java.lang.String) (ActivityThread.java:-1)
07-12 19:29:14.457 19746 19746 I zygote64:   at void android.app.ActivityThread$H.handleMessage(android.os.Message) (ActivityThread.java:1696)
07-12 19:29:14.457 19746 19746 I zygote64:   at void android.os.Handler.dispatchMessage(android.os.Message) (Handler.java:105)
07-12 19:29:14.457 19746 19746 I zygote64:   at void android.os.Looper.loop() (Looper.java:164)
07-12 19:29:14.457 19746 19746 I zygote64:   at void android.app.ActivityThread.main(java.lang.String[]) (ActivityThread.java:6940)
07-12 19:29:14.457 19746 19746 I zygote64:   at java.lang.Object java.lang.reflect.Method.invoke(java.lang.Object, java.lang.Object[]) (Method.java:-2)
07-12 19:29:14.457 19746 19746 I zygote64:   at void com.android.internal.os.Zygote$MethodAndArgsCaller.run() (Zygote.java:327)
07-12 19:29:14.457 19746 19746 I zygote64:   at void com.android.internal.os.ZygoteInit.main(java.lang.String[]) (ZygoteInit.java:1374)
07-12 19:29:14.457 19746 19746 I zygote64: Caused by: java.lang.ClassNotFoundException: Didn't find class "android.view.View$OnUnhandledKeyEventListener" on path: DexPathList[[zip file "/data/app/e.www.microphonetest-6eBzxRC2FK_Ye3Fh4E64HA==/base.apk"],nativeLibraryDirectories=[/data/app/e.www.microphonetest-6eBzxRC2FK_Ye3Fh4E64HA==/lib/arm64, /system/lib64, /vendor/lib64]]
07-12 19:29:14.457 19746 19746 I zygote64:   at java.lang.Class dalvik.system.BaseDexClassLoader.findClass(java.lang.String) (BaseDexClassLoader.java:93)
07-12 19:29:14.457 19746 19746 I zygote64:   at java.lang.Class java.lang.ClassLoader.loadClass(java.lang.String, boolean) (ClassLoader.java:379)
07-12 19:29:14.457 19746 19746 I zygote64:   at java.lang.Class java.lang.ClassLoader.loadClass(java.lang.String) (ClassLoader.java:312)
07-12 19:29:14.457 19746 19746 I zygote64:   at void androidx.core.view.ViewCompat.setOnApplyWindowInsetsListener(android.view.View, androidx.core.view.OnApplyWindowInsetsListener) (ViewCompat.java:2436)
07-12 19:29:14.457 19746 19746 I zygote64:   at android.view.ViewGroup androidx.appcompat.app.AppCompatDelegateImpl.createSubDecor() (AppCompatDelegateImpl.java:779)
07-12 19:29:14.457 19746 19746 I zygote64:   at void androidx.appcompat.app.AppCompatDelegateImpl.ensureSubDecor() (AppCompatDelegateImpl.java:659)
07-12 19:29:14.457 19746 19746 I zygote64:   at void androidx.appcompat.app.AppCompatDelegateImpl.setContentView(int) (AppCompatDelegateImpl.java:552)
07-12 19:29:14.457 19746 19746 I zygote64:   at void androidx.appcompat.app.AppCompatActivity.setContentView(int) (AppCompatActivity.java:161)
07-12 19:29:14.458 19746 19746 I zygote64:   at void e.www.microphonetest.MainActivity.onCreate(android.os.Bundle) (MainActivity.kt:24)
07-12 19:29:14.458 19746 19746 I zygote64:   at void android.app.Activity.performCreate(android.os.Bundle) (Activity.java:7174)
07-12 19:29:14.458 19746 19746 I zygote64:   at void android.app.Instrumentation.callActivityOnCreate(android.app.Activity, android.os.Bundle) (Instrumentation.java:1220)
07-12 19:29:14.458 19746 19746 I zygote64:   at android.app.Activity android.app.ActivityThread.performLaunchActivity(android.app.ActivityThread$ActivityClientRecord, android.content.Intent) (ActivityThread.java:2910)
07-12 19:29:14.458 19746 19746 I zygote64:   at void android.app.ActivityThread.handleLaunchActivity(android.app.ActivityThread$ActivityClientRecord, android.content.Intent, java.lang.String) (ActivityThread.java:3032)
07-12 19:29:14.458 19746 19746 I zygote64:   at void android.app.ActivityThread.-wrap11(android.app.ActivityThread, android.app.ActivityThread$ActivityClientRecord, android.content.Intent, java.lang.String) (ActivityThread.java:-1)
07-12 19:29:14.458 19746 19746 I zygote64:   at void android.app.ActivityThread$H.handleMessage(android.os.Message) (ActivityThread.java:1696)
07-12 19:29:14.458 19746 19746 I zygote64:   at void android.os.Handler.dispatchMessage(android.os.Message) (Handler.java:105)
07-12 19:29:14.458 19746 19746 I zygote64:   at void android.os.Looper.loop() (Looper.java:164)
07-12 19:29:14.458 19746 19746 I zygote64:   at void android.app.ActivityThread.main(java.lang.String[]) (ActivityThread.java:6940)
07-12 19:29:14.458 19746 19746 I zygote64:   at java.lang.Object java.lang.reflect.Method.invoke(java.lang.Object, java.lang.Object[]) (Method.java:-2)
07-12 19:29:14.458 19746 19746 I zygote64:   at void com.android.internal.os.Zygote$MethodAndArgsCaller.run() (Zygote.java:327)
07-12 19:29:14.458 19746 19746 I zygote64:   at void com.android.internal.os.ZygoteInit.main(java.lang.String[]) (ZygoteInit.java:1374)
07-12 19:29:14.458 19746 19746 I zygote64: 
07-12 19:29:14.480  3957 15570 W StorageManager: getStorageLowBytes lowPercent : 5, lowBytes : 1260145254, maxLowBytes : 524288000
07-12 19:29:14.481  3957  4086 D MdnieScenarioControlService:  packageName : e.www.microphonetest    className : e.www.microphonetest.MainActivity
07-12 19:29:14.481  3957  4086 V MdnieScenarioControlService: setUIMode from UI function(3)
07-12 19:29:14.482 19746 19746 I MediaRecorderJNI: setup
07-12 19:29:14.484  3598  9658 V MediaPlayerService: Create new media recorder client from pid 19746
07-12 19:29:14.485 19746 19746 I MediaRecorderJNI: setAudioSource(1)
07-12 19:29:14.492  3957 15570 D PermissionMonitor: we received permission notification for rUid: 10188, rPid: 19746from rModuleFlag: 2
07-12 19:29:14.492  3957 15570 I PermissionMonitor: Binder.getCallingUid(): 1013
07-12 19:29:14.492  3957 15570 I PermissionMonitor: packageName: e.www.microphonetest
07-12 19:29:14.492 19746 19746 I MediaRecorderJNI: setAudioEncoder(1)
07-12 19:29:14.492  3957 15570 E PermissionMonitor: Calling app is not pre-installed on system. Ignore its notification. pkgName: e.www.microphonetest, UserId: 0
07-12 19:29:14.494  3957 15570 E PermissionMonitor: We found matching pid. (uid, pid) : (10188, 19746
07-12 19:29:14.494  3957 15570 E PermissionMonitor:  App has at least one process in foreground. uid: 10188 pid: 19746
07-12 19:29:14.494  3957 15570 I PermissionMonitor: App is not in hidden status (background/etc). Ignore
07-12 19:29:14.494 19746 19746 I MediaRecorderJNI: setOutputFile
07-12 19:29:14.495 19746 19746 I MediaRecorderJNI: prepare
07-12 19:29:14.496  3957 15570 I EDMNativeHelperService: isAudioRecordAllowed
07-12 19:29:14.497 19746 19746 I MediaRecorderJNI: start
07-12 19:29:14.498  3586  3831 V APM_AudioPolicyManager: getInputForAttr() source 1, samplingRate 8000, format 1, channelMask 10,session 153, flags 0
07-12 19:29:14.500  3957 15570 I EDMNativeHelperService: isMicrophoneEnabled
07-12 19:29:14.501  3957 15570 I EDMNativeHelperService: isAudioRecordAllowed
07-12 19:29:14.501  3586  3831 V APM::AudioPolicyEngine: getDeviceForInputSource()input source 1, device 80000004
07-12 19:29:14.502  3586  3831 D MultiRecordManager: skipMultiRecord() isBypass 1, moduleName primary, source 1, flag 0
07-12 19:29:14.502  3586  3831 I MultiRecordManager: openInputStream() skipMultiRecord
07-12 19:29:14.502  3421  3421 D audio_hw_primary_abox: device-adev_open_input_stream: enter: io_handle (62), sample_rate(8000) channel_mask(0x10) devices(0x80000004) flags(0) source(1)
07-12 19:29:14.502  3421  3421 I audio_hw_primary_abox: device-adev_open_input_stream: requested input samplerate decides audio path of csvt and vowifi, sample_rate = 8000
07-12 19:29:14.502  3421  3421 D audio_hw_primary_abox: device-adev_open_input_stream: Requested open Primary input
07-12 19:29:14.502  3421  3421 I audio_hw_primary_abox: primary_in-adev_open_input_stream: Transit to Standby
07-12 19:29:14.502  3421  3421 V audio_hw_primary_abox: primary_in-add_audio_usage: Added Audio Stream into Audio Usage list!
07-12 19:29:14.502  3421  3421 D audio_hw_primary_abox: adev_open_input_stream: preprocessing_latency = 0
07-12 19:29:14.502  3421  3421 I audio_hw_primary_abox: adev_open_input_stream: input is null, set new input stream
07-12 19:29:14.502  3421  3421 D audio_hw_primary_abox: device-adev_open_input_stream: Opened primary_in stream
07-12 19:29:14.505  3586 19766 I AudioFlinger: AudioFlinger's thread 0xeb903c00 tid=19766 ready to run
07-12 19:29:14.505  3421  3421 D audio_hw_primary_abox: primary_in-in_standby: enter
07-12 19:29:14.505  3421  3421 D audio_hw_primary_abox: primary_in-in_standby: exit
07-12 19:29:14.505  3586  3831 V APM_AudioPolicyManager: getInputForAttr() returns input type = 0
07-12 19:29:14.506  3586  3929 V APM_AudioPolicyManager: listAudioPorts() role 0 type 0 num_ports 0 ports 0xedc19490
07-12 19:29:14.506  3586  3929 V APM_AudioPolicyManager: listAudioPorts() got 0 ports needed 9
07-12 19:29:14.506  3586  3586 V APM_AudioPolicyManager: listAudioPorts() role 0 type 0 num_ports 0 ports 0xedc194c0
07-12 19:29:14.506  3586  3586 V APM_AudioPolicyManager: listAudioPorts() got 0 ports needed 9
07-12 19:29:14.506  3586  3586 V APM_AudioPolicyManager: listAudioPorts() role 0 type 0 num_ports 9 ports 0xec67c000
07-12 19:29:14.506  3586  3586 V APM_AudioPolicyManager: listAudioPorts() got 9 ports needed 9
07-12 19:29:14.506  3586  8981 V APM_AudioPolicyManager: listAudioPorts() role 0 type 0 num_ports 0 ports 0xedc194f0
07-12 19:29:14.506  3586  8981 V APM_AudioPolicyManager: listAudioPorts() got 0 ports needed 9
07-12 19:29:14.507  3421  3421 D audio_hw_primary_abox: primary_in-in_standby: enter
07-12 19:29:14.507  3421  3421 D audio_hw_primary_abox: primary_in-in_standby: exit
07-12 19:29:14.507  3586  8981 V APM_AudioPolicyManager: listAudioPorts() role 0 type 0 num_ports 9 ports 0xeb9dc000
07-12 19:29:14.507  3586  8981 V APM_AudioPolicyManager: listAudioPorts() got 9 ports needed 9
07-12 19:29:14.507  3586  3586 V APM_AudioPolicyManager: listAudioPorts() role 0 type 0 num_ports 9 ports 0xec67c000
07-12 19:29:14.507  3586  3586 V APM_AudioPolicyManager: listAudioPorts() got 9 ports needed 9
07-12 19:29:14.508  3598  9658 W AudioRecord: Server adjusted notificationFrames from 1024 to 160 for frameCount 2048
07-12 19:29:14.508  3598  9658 I AudioSource: setRecordingMode: recordingmode = -1
07-12 19:29:14.509  3598  9658 I ACodec  :  [] Now uninitialized
07-12 19:29:14.509  3598 19767 I ACodec  : [] onAllocateComponent
07-12 19:29:14.511  3598 19767 I OMXClient: Treble IOmx obtained
07-12 19:29:14.511  3608  3645 I OMXMaster: makeComponentInstance(OMX.google.amrnb.encoder) in omx@1.0-service process
07-12 19:29:14.514  3598 19767 I ACodec  : [OMX.google.amrnb.encoder] Now Loaded
07-12 19:29:14.514  3598 19767 I MediaCodec: MediaCodec will operate in async mode
07-12 19:29:14.516  3608  3645 E OMXNodeInstance: setConfig(0xf2ba3800:google.amrnb.encoder, ConfigPriority(0x6f800002)) ERROR: Undefined(0x80001001)
07-12 19:29:14.516  3598 19767 I ACodec  : codec does not support config priority (err -2147483648)
07-12 19:29:14.516  3608  3645 E OMXNodeInstance: getConfig(0xf2ba3800:google.amrnb.encoder, ConfigAndroidVendorExtension(0x6f100004)) ERROR: Undefined(0x80001001)
07-12 19:29:14.517  3598 19767 I ACodec  : [OMX.google.amrnb.encoder] Now Loaded->Idle
07-12 19:29:14.519  3420  3420 W /system/bin/hw/android.hidl.allocator@1.0-service: ashmem_create_region(2048) returning hidl_memory(0x7df002c500, 2048)
07-12 19:29:14.521  3420  3420 I chatty  : uid=1000(system) allocator@1.0-s identical 2 lines
07-12 19:29:14.521  3420  3420 W /system/bin/hw/android.hidl.allocator@1.0-service: ashmem_create_region(2048) returning hidl_memory(0x7df002c500, 2048)
07-12 19:29:14.523  3420  3420 W /system/bin/hw/android.hidl.allocator@1.0-service: ashmem_create_region(8192) returning hidl_memory(0x7df002c500, 8192)
07-12 19:29:14.524  3420  3420 I chatty  : uid=1000(system) allocator@1.0-s identical 2 lines
07-12 19:29:14.524  3420  3420 W /system/bin/hw/android.hidl.allocator@1.0-service: ashmem_create_region(8192) returning hidl_memory(0x7df002c500, 8192)
07-12 19:29:14.525  3598 19767 I ACodec  : [OMX.google.amrnb.encoder] Now Idle->Executing
07-12 19:29:14.525  3598  9658 W StagefrightRecorder: audio source is exist, set interval to audio
07-12 19:29:14.525  3598 19763 I MediaCodecSource: MediaCodecSource (audio) starting
07-12 19:29:14.526  3598 19767 I ACodec  : [OMX.google.amrnb.encoder] Now Executing
07-12 19:29:14.526  3586  3929 V MultiRecordManager: getParameters() io 0, keys get_input_latency, calling pid 3598
07-12 19:29:14.526  3421  3421 D audio_hw_primary_abox: device-adev_get_parameters: enter with key(get_input_latency)
07-12 19:29:14.526  3421  3421 I audio_hw_primary_abox: adev_get_parameters: pcmread_latency = 20, preprocessing_latency = 0
07-12 19:29:14.526  3421  3421 D audio_hw_primary_abox: device-adev_get_parameters: exit with get_input_latency=20
07-12 19:29:14.527  3598 19771 I AudioSource: Initial latency from Audio F/W: 20
07-12 19:29:14.527  3586  3929 I APM_AudioPolicyManager: startInput() input 62
07-12 19:29:14.527  3586  3929 V APM::AudioPolicyEngine: getDeviceForInputSource()input source 1, device 80000004
07-12 19:29:14.528  3421  3421 D audio_hw_primary_abox: primary_in-in_set_parameters: enter with param = input_source=1;routing=-2147483644
07-12 19:29:14.528  3421  3421 D audio_hw_primary_abox: primary_in-in_set_parameters: Requested to change route from 0x80000004 to 0x80000004
07-12 19:29:14.528  3421  3421 D audio_hw_primary_abox: primary_in-in_set_parameters: exit
07-12 19:29:14.529  3586  3929 V APM_AudioPolicyManager: setInputDevice() createAudioPatch returned 0 patchHandle 60
07-12 19:29:14.529  3586  3929 V APM_AudioPolicyManager: AudioPolicyManager::startInput() input source = 1
07-12 19:29:14.529  3598 19763 I MediaCodecSource: MediaCodecSource (audio) started
07-12 19:29:14.529  3586  3929 V APM_AudioPolicyManager: listAudioPorts() role 0 type 0 num_ports 0 ports 0xedc19490
07-12 19:29:14.529  3586  3929 V APM_AudioPolicyManager: listAudioPorts() got 0 ports needed 9
07-12 19:29:14.529  3586  3586 V APM_AudioPolicyManager: listAudioPorts() role 0 type 0 num_ports 9 ports 0xec67c000
07-12 19:29:14.529  3586  3586 V APM_AudioPolicyManager: listAudioPorts() got 9 ports needed 9
07-12 19:29:14.529  3586  3929 V APM_AudioPolicyManager: listAudioPorts() role 0 type 0 num_ports 0 ports 0xedc19490
07-12 19:29:14.529  3586  3929 V APM_AudioPolicyManager: listAudioPorts() got 0 ports needed 9
07-12 19:29:14.530  3586  3831 V APM_AudioPolicyManager: listAudioPorts() role 0 type 0 num_ports 0 ports 0xedc19428
07-12 19:29:14.530  3586  3831 V APM_AudioPolicyManager: listAudioPorts() got 0 ports needed 9
07-12 19:29:14.530  3586  3831 V APM_AudioPolicyManager: listAudioPorts() role 0 type 0 num_ports 9 ports 0xebfe6000
07-12 19:29:14.530  3586  3831 V APM_AudioPolicyManager: listAudioPorts() got 9 ports needed 9
07-12 19:29:14.530  3586  3929 V APM_AudioPolicyManager: listAudioPorts() role 0 type 0 num_ports 9 ports 0xed498000
07-12 19:29:14.530  3586  3929 V APM_AudioPolicyManager: listAudioPorts() got 9 ports needed 9
07-12 19:29:14.531  3421 19773 D PostProcessConvertor: PostProcessConvertorInit ++ OSR 8000, ISR 48000, CC 2, OBW 1, IBW 1 
07-12 19:29:14.531  3421 19773 D SoundAliveResampler: [SoundAliveResampler] Init+++
07-12 19:29:14.531  3421 19773 W audio_hw_primary_abox: primary_in-do_open_input_stream: SoundTrigger HAL Open function Not available!
07-12 19:29:14.531  3421 19773 D audio_hw_primary_abox: primary_in-set_audio_route: [CAPTURE] current-device(none) new-device(mic) in cur-mode(normal) & new-mode(recording)!
07-12 19:29:14.531  3421 19773 I audio_route: > audio_route_apply_path : "recording-mic"
07-12 19:29:14.531  3421 19773 I audio_route: > audio_route_update_path : "recording-mic" reverse(0)
07-12 19:29:14.533  3421 19773 D audio_hw_primary_abox: primary_in-do_set_route: Enabled Audio Route(recording-mic)
07-12 19:29:14.533  3421 19773 I audio_route: > audio_route_apply_path : "gain-recording-mic"
07-12 19:29:14.533  3421 19773 I audio_route: > audio_route_update_path : "gain-recording-mic" reverse(0)
07-12 19:29:14.534  3421 19773 D audio_hw_primary_abox: primary_in-do_set_route: Enabled Audio Gain(gain-recording-mic)
07-12 19:29:14.534  3421 19773 V audio_route: requested PCM dai for capture_link: 9
07-12 19:29:14.537  3446  3446 I SurfaceFlinger: Display 0 HWC layers:
07-12 19:29:14.537  3446  3446 I SurfaceFlinger:     type    |    handle    | flag |  format   |   source crop (l,t,r,b)    |         frame       | name 
07-12 19:29:14.537  3446  3446 I SurfaceFlinger: ------------+--------------+------+-----------+----------------------------+---------------------+------
07-12 19:29:14.537  3446  3446 I SurfaceFlinger:      Client |              | 0000 |  Unknown  |  -0.2   -0.2   -0.8   -0.8 |    0    0  720 1280 | animation background stackId=1#0
07-12 19:29:14.537  3446  3446 I SurfaceFlinger:      Client | 0x72bdc25440 | 0002 | RGBA_8888 |   0.0    0.0  720.0 1280.0 |   16   29  703 1251 | com.example.batterymanager_utility/c[...]atterymanager_utility.MainActivity#0
07-12 19:29:14.537  3446  3446 I SurfaceFlinger:      Device | 0x72bdc24000 | 0002 | RGBA_8888 |   0.0    0.0  720.0 1022.0 |   17  305  704 1280 | Splash Screen e.www.microphonetest#0
07-12 19:29:14.537  3446  3446 I SurfaceFlinger:      Device | 0x72b78c3c00 | 0000 | RGBA_8888 |   0.0    0.0  720.0   42.0 |    0    0  720   42 | StatusBar#0
07-12 19:29:14.537  3446  3446 I SurfaceFlinger: 
07-12 19:29:14.553 19746 19774 D OpenGLRenderer: HWUI GL Pipeline
07-12 19:29:14.561 19746 19746 D ViewRootImpl@3c9f26e[MainActivity]: setView = DecorView@3eded0f[MainActivity] TM=true MM=false
07-12 19:29:14.562  3957 15570 D ActivityManager: post active user change for 0 fullscreen true isHomeActivity() false
07-12 19:29:14.563  3421 19773 I audio_hw_primary_abox: primary_in-do_open_input_stream: Opened PCM Device is /dev/snd/pcmC0D9c samplingRate(48000) pcmformat(0)
07-12 19:29:14.563  3421 19773 I audio_hw_primary_abox: primary_in-in_read: Transit to Idle
07-12 19:29:14.568 19746 19746 D ViewRootImpl@3c9f26e[MainActivity]: dispatchAttachedToWindow
07-12 19:29:14.572  3957 15570 V WindowManager: Relayout Window{d1df72d u0 e.www.microphonetest/e.www.microphonetest.MainActivity}: viewVisibility=0 req=719x1237 WM.LayoutParams{(0,0)(fillxfill) sim=#120 ty=1 fl=#81810100 pfl=0x20000 wanim=0x10302fd vsysui=0x600 needsMenuKey=2 colorMode=0 naviIconColor=0}
07-12 19:29:14.575  3446  3446 I SurfaceFlinger: id=1080 createSurf (720x1280),1 flag=404, e.www.microphonetest/e.www.microphonetest.MainActivity#0
07-12 19:29:14.576  3957 15570 V Surface : sf_framedrop debug : 0x4f4c, game : false, logging : 0
07-12 19:29:14.579  3957 15570 D InputDispatcher: Focus entered window: 19746
07-12 19:29:14.583 19746 19746 V Surface : sf_framedrop debug : 0x4f4c, game : false, logging : 0
07-12 19:29:14.584 19746 19746 D ViewRootImpl@3c9f26e[MainActivity]: Relayout returned: old=[0,0][0,0] new=[0,0][720,1280] result=0x7 surface={valid=true 533769601024} changed=true
07-12 19:29:14.590 19746 19774 I OpenGLRenderer: Initialized EGL, version 1.4
07-12 19:29:14.590 19746 19774 D OpenGLRenderer: Swap behavior 2
07-12 19:29:14.594 19746 19774 D libGLESv1: STS_GLApi : DTS, ODTC are not allowed for Package : e.www.microphonetest
07-12 19:29:14.595 19746 19746 D ViewRootImpl@3c9f26e[MainActivity]: MSG_RESIZED_REPORT: frame=Rect(0, 0 - 720, 1280) ci=Rect(0, 42 - 0, 0) vi=Rect(0, 42 - 0, 0) or=1
07-12 19:29:14.596 19746 19774 D mali_winsys: EGLint new_window_surface(egl_winsys_display *, void *, EGLSurface, EGLConfig, egl_winsys_surface **, egl_color_buffer_format *, EGLBoolean) returns 0x3000,  [720x1280]-format:1
07-12 19:29:14.596 19746 19746 D ViewRootImpl@3c9f26e[MainActivity]: MSG_WINDOW_FOCUS_CHANGED 1
07-12 19:29:14.596 19746 19774 D OpenGLRenderer: eglCreateWindowSurface = 0x7c441fc740
07-12 19:29:14.597 19746 19746 V InputMethodManager: Starting input: tba=android.view.inputmethod.EditorInfo@28b57a5 nm : e.www.microphonetest ic=null
07-12 19:29:14.597 19746 19746 I InputMethodManager: startInputInner - mService.startInputOrWindowGainedFocus
07-12 19:29:14.597  3957 15570 D InputMethodManagerService: startInputOrWindowGainedFocus : windowGainedFocus 
07-12 19:29:14.598  3957 15570 D InputMethodManagerService: windowGainedFocus: destinationUserId (getCallingUid) = 0
07-12 19:29:14.598  3957 15570 D InputMethodManagerService: windowGainedFocus: currentUserId=0
07-12 19:29:14.598  3957 15570 D InputMethodManagerService: windowGainedFocus: mCurrentFocusedUserId=0
07-12 19:29:14.598  3957 15570 D InputMethodManagerService: windowGainedFocus : lock - currentUserId = 0 destinationUserId = 0
07-12 19:29:14.598  3957 15570 D InputMethodManagerService: windowGainedFocus : mCurrentFocusedUserId - 0 and mSecureKeypadEnabled - false, userSwitched - false
07-12 19:29:14.600  3957 15570 V InputMethodManagerService: windowGainedFocus : reason=WINDOW_FOCUS_GAIN client=android.os.BinderProxy@e714f57 inputContext=null missingMethods= attribute=android.view.inputmethod.EditorInfo@e02462 nm = e.www.microphonetest controlFlags=#104 softInputMode=#120 windowFlags=#81810100
07-12 19:29:14.600  3957 15570 V InputMethodManagerService: hideCurrentInputLocked : shouldHideSoftInput is false
07-12 19:29:14.600  3957 15570 D InputMethodManagerService: isImeSwitcherDisabledPackage : false
07-12 19:29:14.601  3957 15570 V InputMethodManagerService: Creating new session for client ClientState{5189f3 uid 10188 pid 19746}
07-12 19:29:14.602  3957 15570 D InputMethodManagerService: setCurrentInputInfo - inputContext : null eidtorInfo : android.view.inputmethod.EditorInfo@e02462 missingMethods : 0
07-12 19:29:14.603  4337  4337 I InputMethodWrapper:  call dispatchStartInputWithToken
07-12 19:29:14.603  4337  4337 I InputMethodService: dispatchStartInputWithToken
07-12 19:29:14.603  4337  4337 I SKBD    : SamsungKeypad [IMI] onStartInput - caller pid : 19746, caller uid : 10188
07-12 19:29:14.620  3957  4364 V WindowManager: finishDrawingLocked: mDrawState=COMMIT_DRAW_PENDING Window{d1df72d u0 e.www.microphonetest/e.www.microphonetest.MainActivity} in Surface(name=e.www.microphonetest/e.www.microphonetest.MainActivity)
07-12 19:29:14.621 19746 19746 V InputMethodManager: Starting input: tba=android.view.inputmethod.EditorInfo@8a6c77a nm : e.www.microphonetest ic=null
07-12 19:29:14.621  3421 19773 I audio_hw_primary_abox: primary_in-do_start_input_stream: Started PCM Device
07-12 19:29:14.622  3421 19773 D AudioInfo: can not find AudioDataPath for fileName:/miccalib.txt
07-12 19:29:14.622  3421 19773 I PreProcess_RA: [samsungrecordMIC]Use HardCoding Values
07-12 19:29:14.622  3421 19773 I PreProcess_RA: [samsungrecordMIC]Use HardCoding Values
07-12 19:29:14.622  3421 19773 I audio_hw_primary_abox: primary_in-in_read: Transit to Capturing
07-12 19:29:14.624  3957  4026 D ViewRootImpl@2261a03[microphonetest]: dispatchDetachedFromWindow
07-12 19:29:14.625  3957  4026 D InputEventReceiver: channel '7782d80 Splash Screen e.www.microphonetest (client)' ~ Disposing input event receiver.
07-12 19:29:14.625  3957  4026 D InputEventReceiver: channel '7782d80 Splash Screen e.www.microphonetest (client)' ~NativeInputEventReceiver.
07-12 19:29:14.629  3957  3984 I ActivityManager: Displayed e.www.microphonetest/.MainActivity: +378ms
07-12 19:29:14.644  3598 19772 I MPEG4Writer: setStartTimestampUs: 76795
07-12 19:29:14.644  3598 19772 I MPEG4Writer: Earliest track starting time: 76795
07-12 19:29:14.649  3957  4026 I WindowManager: Destroying surface Surface(name=Splash Screen e.www.microphonetest) called by com.android.server.wm.WindowStateAnimator.destroySurface:2501 com.android.server.wm.WindowStateAnimator.destroySurfaceLocked:985 com.android.server.wm.WindowState.destroyOrSaveSurfaceUnchecked:3670 com.android.server.wm.WindowState.destroySurface:3618 com.android.server.wm.AppWindowToken.destroySurfaces:722 com.android.server.wm.AppWindowToken.destroySurfaces:706 com.android.server.wm.WindowState.onExitAnimationDone:5316 com.android.server.wm.WindowStateAnimator.stepAnimationLocked:550 
07-12 19:29:14.649  3446  3486 I SurfaceFlinger: id=1078 Removed Splash Screen e.www.microphonetest#0 (4/6)
07-12 19:29:14.653  3446  3446 I SurfaceFlinger: Display 0 HWC layers:
07-12 19:29:14.653  3446  3446 I SurfaceFlinger:     type    |    handle    | flag |  format   |   source crop (l,t,r,b)    |         frame       | name 
07-12 19:29:14.653  3446  3446 I SurfaceFlinger: ------------+--------------+------+-----------+----------------------------+---------------------+------
07-12 19:29:14.653  3446  3446 I SurfaceFlinger:      Client |              | 0000 |  Unknown  |  -0.2   -0.2   -0.8   -0.8 |    0    0  720 1280 | animation background stackId=1#0
07-12 19:29:14.653  3446  3446 I SurfaceFlinger:      Client | 0x72bdc25440 | 0002 | RGBA_8888 |   0.0    0.0  720.0 1280.0 |   18   32  702 1248 | com.example.batterymanager_utility/c[...]atterymanager_utility.MainActivity#0
07-12 19:29:14.653  3446  3446 I SurfaceFlinger:      Client | 0x72b78c5700 | 0002 | RGBA_8888 |   0.0    0.0  720.0 1225.0 |    4   67  717 1280 | e.www.microphonetest/e.www.microphonetest.MainActivity#0
07-12 19:29:14.653  3446  3446 I SurfaceFlinger:      Client | 0x72b78c3c00 | 0000 | RGBA_8888 |   0.0    0.0  720.0   42.0 |    0    0  720   42 | StatusBar#0
07-12 19:29:14.653  3446  3446 I SurfaceFlinger: 
07-12 19:29:14.654  3446  3487 I SurfaceFlinger: id=1078 Removed Splash Screen e.www.microphonetest#0 (-2/6)
07-12 19:29:14.665  3446  3446 I Layer   : id=1078 onRemoved Splash Screen e.www.microphonetest#0 
07-12 19:29:14.780  3957  3957 D CustomFrequencyManagerService: releaseDVFSLockLocked : Getting Lock type frm List : DVFS_MIN_LIMIT  frequency : 1560000  uid : 1000  pid : 3957  tag : AMS_RESUME_TAIL@CPU_MIN@49
07-12 19:29:14.816  3957  4026 I WindowManager: Destroying surface Surface(name=com.example.batterymanager_utility/com.example.batterymanager_utility.MainActivity) called by com.android.server.wm.WindowStateAnimator.destroySurface:2501 com.android.server.wm.WindowStateAnimator.destroySurfaceLocked:985 com.android.server.wm.WindowState.destroyOrSaveSurfaceUnchecked:3670 com.android.server.wm.WindowState.destroySurface:3618 com.android.server.wm.AppWindowToken.destroySurfaces:722 com.android.server.wm.AppWindowToken.destroySurfaces:706 com.android.server.wm.WindowState.onExitAnimationDone:5316 com.android.server.wm.WindowStateAnimator.stepAnimationLocked:550 
07-12 19:29:14.817  3446  3486 I SurfaceFlinger: id=1077 Removed com.example.batterymanager_utility/com.example.batterymanager_utility.MainActivity#0 (2/5)
07-12 19:29:14.818  3957  3984 D CustomFrequencyManagerService: acquireDVFSLockLocked : type : DVFS_MIN_LIMIT  frequency : 1560000  uid : 1000  pid : 3957  pkgName : AMS_RESUME_TAIL@CPU_MIN@49
07-12 19:29:14.818  3957  3984 D ActivityManagerPerformance: AMP_acquire() TAIL
07-12 19:29:14.819  3957  3984 D CustomFrequencyManagerService: releaseDVFSLockLocked : Getting Lock type frm List : DVFS_MIN_LIMIT  frequency : 1560000  uid : 1000  pid : 3957  tag : AMS_APP_SWITCH@CPU_MIN@15
07-12 19:29:14.819  3957  3984 D ActivityManagerPerformance: AMP_release() APP_SWITCH
07-12 19:29:14.819  3446  3446 I SurfaceFlinger: Display 0 HWC layers:
07-12 19:29:14.819  3446  3446 I SurfaceFlinger:     type    |    handle    | flag |  format   |   source crop (l,t,r,b)    |         frame       | name 
07-12 19:29:14.819  3446  3446 I SurfaceFlinger: ------------+--------------+------+-----------+----------------------------+---------------------+------
07-12 19:29:14.819  3446  3446 I SurfaceFlinger:      Device | 0x72b78c5700 | 0002 | RGBA_8888 |   0.0    0.0  720.0 1280.0 |    0    0  720 1280 | e.www.microphonetest/e.www.microphonetest.MainActivity#0
07-12 19:29:14.819  3446  3446 I SurfaceFlinger:      Device | 0x72b78c3c00 | 0000 | RGBA_8888 |   0.0    0.0  720.0   42.0 |    0    0  720   42 | StatusBar#0
07-12 19:29:14.819  3446  3446 I SurfaceFlinger: 
07-12 19:29:14.820  3446  3487 I SurfaceFlinger: id=1077 Removed com.example.batterymanager_utility/com.example.batterymanager_utility.MainActivity#0 (-2/5)
07-12 19:29:14.832  3446  3446 I Layer   : id=1077 onRemoved com.example.batterymanager_utility/com.example.batterymanager_utility.MainActivity#0 
07-12 19:29:14.926  3957  4326 I OpenGLRenderer: Initialized EGL, version 1.4
07-12 19:29:14.926  3957  4326 D OpenGLRenderer: Swap behavior 2
07-12 19:29:14.977  3435  3435 I android.hardware.wifi@1.0-service: getLinkLayerStats
07-12 19:29:14.990  3957  4086 D MdnieScenarioControlService:  packageName : e.www.microphonetest    className : e.www.microphonetest.MainActivity
07-12 19:29:14.990  3957  4086 V MdnieScenarioControlService: setUIMode from UI function(3)
07-12 19:29:15.379 18631 18631 E adbd    : recv: OPEN 000015e4 00000000 006e:73 68 65 6C 6C 2C 76 32 2C 54 45 52 4D 3D 73 63 72 65 65 6E 2C 72 61 77 3A 64 75 6D 70 73 79 73 20 61 63 74 69 76 69 74 79 20 72 65 63 65 6E 74 73 20 7C 20 67 72 65 70 20 22 52 65 63 65 6E 74 20 23 30 22 20 7C 20 63 75 74 20 2D 64 20 22 3D 22 20 2D 66 32 20 7C 20 67 72 65 70 20 2D 6F 20 2D 70 20 22 5B 61 2D 7A 7C 2E 5D 2A 22 00 
07-12 19:29:15.380 18631 18631 E adbd    : service_to_fd: shell,v2,TERM=screen,raw:dumpsys activity recents | grep "Recent #0" | cut -d "=" -f2 | grep -o -p "[a-z|.]*"
07-12 19:29:15.419  3957  3957 D CustomFrequencyManagerService: releaseDVFSLockLocked : Getting Lock type frm List : DVFS_MIN_LIMIT  frequency : 1560000  uid : 1000  pid : 3957  tag : AMS_RESUME_TAIL@CPU_MIN@49
07-12 19:29:15.481 18631 18631 E adbd    : recv: OPEN 000015e7 00000000 003a:73 68 65 6C 6C 2C 76 32 2C 54 45 52 4D 3D 73 63 72 65 65 6E 2C 72 61 77 3A 67 65 74 70 72 6F 70 20 72 6F 2E 62 75 69 6C 64 2E 76 65 72 73 69 6F 6E 2E 72 65 6C 65 61 73 65 00 
07-12 19:29:15.481 18631 18631 E adbd    : service_to_fd: shell,v2,TERM=screen,raw:getprop ro.build.version.release
07-12 19:29:15.507  3957  3957 D PreBindingService: handleMessage : 1
07-12 19:29:15.567 18631 18631 E adbd    : recv: OPEN 000015ea 00000000 0036:73 68 65 6C 6C 2C 76 32 2C 54 45 52 4D 3D 73 63 72 65 65 6E 2C 72 61 77 3A 67 65 74 70 72 6F 70 20 72 6F 2E 62 75 69 6C 64 2E 76 65 72 73 69 6F 6E 2E 73 64 6B 00 
07-12 19:29:15.567 18631 18631 E adbd    : service_to_fd: shell,v2,TERM=screen,raw:getprop ro.build.version.sdk
07-12 19:29:15.660 18631 18631 E adbd    : recv: OPEN 000015ed 00000000 003a:73 68 65 6C 6C 2C 76 32 2C 54 45 52 4D 3D 73 63 72 65 65 6E 2C 72 61 77 3A 67 65 74 70 72 6F 70 20 72 6F 2E 62 75 69 6C 64 2E 76 65 72 73 69 6F 6E 2E 72 65 6C 65 61 73 65 00 
07-12 19:29:15.660 18631 18631 E adbd    : service_to_fd: shell,v2,TERM=screen,raw:getprop ro.build.version.release
07-12 19:29:15.744 18631 18631 E adbd    : recv: OPEN 000015f0 00000000 0036:73 68 65 6C 6C 2C 76 32 2C 54 45 52 4D 3D 73 63 72 65 65 6E 2C 72 61 77 3A 67 65 74 70 72 6F 70 20 72 6F 2E 62 75 69 6C 64 2E 76 65 72 73 69 6F 6E 2E 73 64 6B 00 
07-12 19:29:15.744 18631 18631 E adbd    : service_to_fd: shell,v2,TERM=screen,raw:getprop ro.build.version.sdk
07-12 19:29:15.831 18631 18631 E adbd    : recv: OPEN 000015f3 00000000 00f8:73 68 65 6C 6C 2C 76 32 2C 54 45 52 4D 3D 73 63 72 65 65 6E 2C 72 61 77 3A 61 6D 20 73 74 61 72 74 2D 66 6F 72 65 67 72 6F 75 6E 64 2D 73 65 72 76 69 63 65 20 2D 6E 20 22 63 6F 6D 2E 65 78 61 6D 70 6C 65 2E 62 61 74 74 65 72 79 6D 61 6E 61 67 65 72 5F 75 74 69 6C 69 74 79 2F 63 6F 6D 2E 65 78 61 6D 70 6C 65 2E 62 61 74 74 65 72 79 6D 61 6E 61 67 65 72 5F 75 74 69 6C 69 74 79 2E 44 61 74 61 43 6F 6C 6C 65 63 74 69 6F 6E 53 65 72 76 69 63 65 22 20 2D 2D 65 69 20 73 61 6D 70 6C 65 52 61 74 65 20 30 20 2D 2D 65 73 20 22 64 61 74 61 46 69 65 6C 64 73 22 20 22 42 41 54 54 45 52 59 5F 50 52 4F 50 45 52 54 59 5F 43 55 52 52 45 4E 54 5F 4E 4F 57 2C 45 58 54 52 41 5F 56 4F 4C 54 41 47 45 22 20 2D 2D 65 7A 20 74 6F 43 53 56 20 66 61 6C 73 65 00 
07-12 19:29:15.831 18631 18631 E adbd    : service_to_fd: shell,v2,TERM=screen,raw:am start-foreground-service -n "com.example.batterymanager_utility/com.example.batterymanager_utility.DataCollectionService" --ei sampleRate 0 --es "dataFields" "BATTERY_PROPERTY_CURRENT_NOW,EXTRA_VOLTAGE" --ez toCSV false
07-12 19:29:15.923 19703 19703 I BatteryMgr:DataCollectionService: onStartCommand: begin
07-12 19:29:15.924 19703 19703 I BatteryMgr:DataCollectionService: onStartCommand: sampleRate => 0
07-12 19:29:15.924 19703 19703 I BatteryMgr:DataCollectionService: onStartCommand: rawFields => Timestamp,BATTERY_PROPERTY_CURRENT_NOW,EXTRA_VOLTAGE
07-12 19:29:15.927 19703 19703 I BatteryMgr:DataCollectionService: onStartCommand: notification done
07-12 19:29:15.929 19703 19703 D Notification: allPendingIntents
07-12 19:29:15.930 19703 19703 I BatteryMgr:DataCollectionService: started foreground
07-12 19:29:15.934  3957  3975 D ApplicationPolicy: isStatusBarNotificationAllowedAsUser: packageName = android,userId = 0
07-12 19:29:15.935  3957  3975 D API test: getContainerInfo: value is 
07-12 19:29:15.935  3957  3975 D ApplicationPolicy: isStatusBarNotificationAllowedAsUser: packageName = android,userId = 0
07-12 19:29:15.935  3957  3975 D API test: getContainerInfo: value is 
07-12 19:29:15.936  3957  3975 E NotificationService: Suppressing notification from package by user request.
07-12 19:29:15.936  3957  3975 D ApplicationPolicy: isStatusBarNotificationAllowedAsUser: packageName = com.example.batterymanager_utility,userId = 0
07-12 19:29:15.936  3957  3975 D API test: getContainerInfo: value is 
07-12 19:29:15.937  3957  3975 D ApplicationPolicy: isStatusBarNotificationAllowedAsUser: packageName = com.example.batterymanager_utility,userId = 0
07-12 19:29:15.937  3957  3975 D API test: getContainerInfo: value is 
07-12 19:29:15.937  3957  3975 E NotificationService: Suppressing notification from package by user request.
07-12 19:29:15.948 19703 19811 I BatteryMgr:DataCollectionService: collectData: begin
07-12 19:29:15.955 19703 19811 I BatteryMgr:DataCollectionService: stats => 1689182955954,-176,4128
07-12 19:29:15.959 18631 18631 E adbd    : recv: OPEN 000015f6 00000000 003a:73 68 65 6C 6C 2C 76 32 2C 54 45 52 4D 3D 73 63 72 65 65 6E 2C 72 61 77 3A 67 65 74 70 72 6F 70 20 72 6F 2E 62 75 69 6C 64 2E 76 65 72 73 69 6F 6E 2E 72 65 6C 65 61 73 65 00 
07-12 19:29:15.959 18631 18631 E adbd    : service_to_fd: shell,v2,TERM=screen,raw:getprop ro.build.version.release
07-12 19:29:15.959 19703 19811 I BatteryMgr:DataCollectionService: stats => 1689182955959,-176,4128
07-12 19:29:15.964 19703 19811 I BatteryMgr:DataCollectionService: stats => 1689182955964,-176,4128
07-12 19:29:15.969 19703 19811 I BatteryMgr:DataCollectionService: stats => 1689182955969,-176,4128
07-12 19:29:15.974 19703 19811 I BatteryMgr:DataCollectionService: stats => 1689182955973,-176,4128
07-12 19:29:15.978 19703 19811 I BatteryMgr:DataCollectionService: stats => 1689182955978,-176,4128
07-12 19:29:15.983 19703 19811 I BatteryMgr:DataCollectionService: stats => 1689182955983,-176,4128
07-12 19:29:15.989 19703 19811 I BatteryMgr:DataCollectionService: stats => 1689182955989,-176,4128
07-12 19:29:15.993 19703 19811 I BatteryMgr:DataCollectionService: stats => 1689182955993,-176,4128
07-12 19:29:15.998 19703 19811 I BatteryMgr:DataCollectionService: stats => 1689182955997,-176,4128
07-12 19:29:16.002 19703 19811 I BatteryMgr:DataCollectionService: stats => 1689182956002,-176,4128
07-12 19:29:16.007 19703 19811 I BatteryMgr:DataCollectionService: stats => 1689182956007,-176,4128
07-12 19:29:16.012 19703 19811 I BatteryMgr:DataCollectionService: stats => 1689182956012,-176,4128
07-12 19:29:16.017 19703 19811 I BatteryMgr:DataCollectionService: stats => 1689182956016,-176,4128
07-12 19:29:16.021 19703 19811 I BatteryMgr:DataCollectionService: stats => 1689182956021,-176,4128
07-12 19:29:16.025 19703 19811 I BatteryMgr:DataCollectionService: stats => 1689182956025,-176,4128
07-12 19:29:16.030 19703 19811 I BatteryMgr:DataCollectionService: stats => 1689182956029,-176,4128
07-12 19:29:16.034 19703 19811 I BatteryMgr:DataCollectionService: stats => 1689182956033,-176,4128
07-12 19:29:16.038 19703 19811 I BatteryMgr:DataCollectionService: stats => 1689182956038,-176,4128
07-12 19:29:16.041 18631 18631 E adbd    : recv: OPEN 000015f9 00000000 0036:73 68 65 6C 6C 2C 76 32 2C 54 45 52 4D 3D 73 63 72 65 65 6E 2C 72 61 77 3A 67 65 74 70 72 6F 70 20 72 6F 2E 62 75 69 6C 64 2E 76 65 72 73 69 6F 6E 2E 73 64 6B 00 
07-12 19:29:16.041 18631 18631 E adbd    : service_to_fd: shell,v2,TERM=screen,raw:getprop ro.build.version.sdk
07-12 19:29:16.042 19703 19811 I BatteryMgr:DataCollectionService: stats => 1689182956042,-176,4128
07-12 19:29:16.047 19703 19811 I BatteryMgr:DataCollectionService: stats => 1689182956047,-176,4128
07-12 19:29:16.051 19703 19811 I BatteryMgr:DataCollectionService: stats => 1689182956051,-176,4128
07-12 19:29:16.056 19703 19811 I BatteryMgr:DataCollectionService: stats => 1689182956056,-176,4128
07-12 19:29:16.059 19703 19811 I BatteryMgr:DataCollectionService: stats => 1689182956059,-176,4128
07-12 19:29:16.064 19703 19811 I BatteryMgr:DataCollectionService: stats => 1689182956063,-176,4128
07-12 19:29:16.067 19703 19811 I BatteryMgr:DataCollectionService: stats => 1689182956067,-176,4128
07-12 19:29:16.072 19703 19811 I BatteryMgr:DataCollectionService: stats => 1689182956072,-176,4128
07-12 19:29:16.075 19703 19811 I BatteryMgr:DataCollectionService: stats => 1689182956075,-176,4128
07-12 19:29:16.077 19703 19811 I BatteryMgr:DataCollectionService: stats => 1689182956077,-176,4128
07-12 19:29:16.080 19703 19811 I BatteryMgr:DataCollectionService: stats => 1689182956080,-176,4128
07-12 19:29:16.082 19703 19811 I BatteryMgr:DataCollectionService: stats => 1689182956082,-176,4128
07-12 19:29:16.085 19703 19811 I BatteryMgr:DataCollectionService: stats => 1689182956085,-176,4128
07-12 19:29:16.087 19703 19811 I BatteryMgr:DataCollectionService: stats => 1689182956087,-176,4128
07-12 19:29:16.089 19703 19811 I BatteryMgr:DataCollectionService: stats => 1689182956089,-176,4128
07-12 19:29:16.092 19703 19811 I BatteryMgr:DataCollectionService: stats => 1689182956092,-176,4128
07-12 19:29:16.094 19703 19811 I BatteryMgr:DataCollectionService: stats => 1689182956094,-176,4128
07-12 19:29:16.096 19703 19811 I BatteryMgr:DataCollectionService: stats => 1689182956096,-176,4128
07-12 19:29:16.099 19703 19811 I BatteryMgr:DataCollectionService: stats => 1689182956098,-176,4128
07-12 19:29:16.101 19703 19811 I BatteryMgr:DataCollectionService: stats => 1689182956101,-176,4128
07-12 19:29:16.103 19703 19811 I BatteryMgr:DataCollectionService: stats => 1689182956103,-176,4128
07-12 19:29:16.106 19703 19811 I BatteryMgr:DataCollectionService: stats => 1689182956105,-176,4128
07-12 19:29:16.108 19703 19811 I BatteryMgr:DataCollectionService: stats => 1689182956108,-176,4128
07-12 19:29:16.110 19703 19811 I BatteryMgr:DataCollectionService: stats => 1689182956110,-176,4128
07-12 19:29:16.112 19703 19811 I BatteryMgr:DataCollectionService: stats => 1689182956112,-176,4128
07-12 19:29:16.115 19703 19811 I BatteryMgr:DataCollectionService: stats => 1689182956115,-176,4128
07-12 19:29:16.117 19703 19811 I BatteryMgr:DataCollectionService: stats => 1689182956117,-176,4128
07-12 19:29:16.119 19703 19811 I BatteryMgr:DataCollectionService: stats => 1689182956119,-176,4128
07-12 19:29:16.121 19703 19811 I BatteryMgr:DataCollectionService: stats => 1689182956121,-176,4128
07-12 19:29:16.124 19703 19811 I BatteryMgr:DataCollectionService: stats => 1689182956124,-176,4128
07-12 19:29:16.126 19703 19811 I BatteryMgr:DataCollectionService: stats => 1689182956126,-176,4128
07-12 19:29:16.128 19703 19811 I BatteryMgr:DataCollectionService: stats => 1689182956128,-176,4128
07-12 19:29:16.131 19703 19811 I BatteryMgr:DataCollectionService: stats => 1689182956131,-176,4128
07-12 19:29:16.133 19703 19811 I BatteryMgr:DataCollectionService: stats => 1689182956133,-176,4128
07-12 19:29:16.135 19703 19811 I BatteryMgr:DataCollectionService: stats => 1689182956135,-176,4128
07-12 19:29:16.138 19703 19811 I BatteryMgr:DataCollectionService: stats => 1689182956137,-176,4128
07-12 19:29:16.140 19703 19811 I BatteryMgr:DataCollectionService: stats => 1689182956140,-176,4128
07-12 19:29:16.142 19703 19811 I BatteryMgr:DataCollectionService: stats => 1689182956142,-176,4128
07-12 19:29:16.145 19703 19811 I BatteryMgr:DataCollectionService: stats => 1689182956145,-176,4128
07-12 19:29:16.148 19703 19811 I BatteryMgr:DataCollectionService: stats => 1689182956148,-176,4128
07-12 19:29:16.151 19703 19811 I BatteryMgr:DataCollectionService: stats => 1689182956150,-176,4128
07-12 19:29:16.153 19703 19811 I BatteryMgr:DataCollectionService: stats => 1689182956153,-176,4128
07-12 19:29:16.156 19703 19811 I BatteryMgr:DataCollectionService: stats => 1689182956156,-176,4128
07-12 19:29:16.158 19703 19811 I BatteryMgr:DataCollectionService: stats => 1689182956158,-176,4128
07-12 19:29:16.161 19703 19811 I BatteryMgr:DataCollectionService: stats => 1689182956161,-176,4128
07-12 19:29:16.164 19703 19811 I BatteryMgr:DataCollectionService: stats => 1689182956164,-176,4128
07-12 19:29:16.166 19703 19811 I BatteryMgr:DataCollectionService: stats => 1689182956166,-176,4128
07-12 19:29:16.169 19703 19811 I BatteryMgr:DataCollectionService: stats => 1689182956169,-176,4128
07-12 19:29:16.172 19703 19811 I BatteryMgr:DataCollectionService: stats => 1689182956171,-176,4128
07-12 19:29:16.174 19703 19811 I BatteryMgr:DataCollectionService: stats => 1689182956174,-176,4128
07-12 19:29:16.177 19703 19811 I BatteryMgr:DataCollectionService: stats => 1689182956177,-176,4128
07-12 19:29:16.180 19703 19811 I BatteryMgr:DataCollectionService: stats => 1689182956179,-176,4128
07-12 19:29:16.182 19703 19811 I BatteryMgr:DataCollectionService: stats => 1689182956182,-176,4128
07-12 19:29:16.185 19703 19811 I BatteryMgr:DataCollectionService: stats => 1689182956185,-176,4128
07-12 19:29:16.188 19703 19811 I BatteryMgr:DataCollectionService: stats => 1689182956187,-176,4128
07-12 19:29:16.190 19703 19811 I BatteryMgr:DataCollectionService: stats => 1689182956190,-176,4128
07-12 19:29:16.193 19703 19811 I BatteryMgr:DataCollectionService: stats => 1689182956192,-176,4128
07-12 19:29:16.195 19703 19811 I BatteryMgr:DataCollectionService: stats => 1689182956195,-176,4128
07-12 19:29:16.198 19703 19811 I BatteryMgr:DataCollectionService: stats => 1689182956197,-176,4128
07-12 19:29:16.200 19703 19811 I BatteryMgr:DataCollectionService: stats => 1689182956200,-176,4128
07-12 19:29:16.203 19703 19811 I BatteryMgr:DataCollectionService: stats => 1689182956203,-176,4128
07-12 19:29:16.205 19703 19811 I BatteryMgr:DataCollectionService: stats => 1689182956205,-176,4128
07-12 19:29:16.208 19703 19811 I BatteryMgr:DataCollectionService: stats => 1689182956208,-176,4128
07-12 19:29:16.210 19703 19811 I BatteryMgr:DataCollectionService: stats => 1689182956210,-176,4128
07-12 19:29:16.213 19703 19811 I BatteryMgr:DataCollectionService: stats => 1689182956213,-176,4128
07-12 19:29:16.215 19703 19811 I BatteryMgr:DataCollectionService: stats => 1689182956215,-176,4128
07-12 19:29:16.218 19703 19710 I zygote64: Do partial code cache collection, code=60KB, data=42KB
07-12 19:29:16.218 19703 19811 I BatteryMgr:DataCollectionService: stats => 1689182956218,-176,4128
07-12 19:29:16.219 19703 19710 I zygote64: After code cache collection, code=60KB, data=42KB
07-12 19:29:16.219 19703 19710 I zygote64: Increasing code cache capacity to 256KB
07-12 19:29:16.221 19703 19811 I BatteryMgr:DataCollectionService: stats => 1689182956221,-176,4128
07-12 19:29:16.223 19703 19811 I BatteryMgr:DataCollectionService: stats => 1689182956223,-176,4128
07-12 19:29:16.226 19703 19811 I BatteryMgr:DataCollectionService: stats => 1689182956226,-176,4128
07-12 19:29:16.228 19703 19811 I BatteryMgr:DataCollectionService: stats => 1689182956228,-176,4128
07-12 19:29:16.231 19703 19811 I BatteryMgr:DataCollectionService: stats => 1689182956231,-176,4128
