--------- beginning of main
07-06 12:19:15.215  1210  1210 W ipacm   : type=1400 audit(0.0:17157): avc: denied { write } for name="ipacm_log_file" dev="tmpfs" ino=26726 scontext=u:r:ipacm:s0 tcontext=u:object_r:ipacm_socket:s0 tclass=sock_file permissive=0
--------- beginning of system
07-06 12:19:16.743  1704  3109 I ActivityTaskManager: zhl stack block_packagename =
07-06 12:19:16.744  1704  3109 I ActivityTaskManager: zhl stack block_activity =
07-06 12:19:16.744  1704  3109 I ActivityTaskManager: zhl mPackage =com.example.batterymanager_utility
07-06 12:19:16.744  1704  3109 I ActivityTaskManager: zhl mClass =MainActivity
07-06 12:19:16.744  1704  3109 I ActivityTaskManager: START u0 {act=android.intent.action.MAIN cat=[android.intent.category.LAUNCHER] flg=0x10000000 cmp=com.example.batterymanager_utility/.MainActivity} from uid 2000
07-06 12:19:16.755  1704  3109 D CompatibilityInfo: mCompatibilityFlags - 0
07-06 12:19:16.755  1704  3109 D CompatibilityInfo: applicationDensity - 420
07-06 12:19:16.755  1704  3109 D CompatibilityInfo: applicationScale - 1.0
07-06 12:19:16.756  1704  3109 D ActivityTrigger: ActivityTrigger activityPauseTrigger 
07-06 12:19:16.768  1704  1788 W ActivityManager: ProcessRecord{566772e 0:com.example.batterymanager_utility/u0a200}: ART verification disabled
07-06 12:19:16.769  1704  1788 D CompatibilityChangeReporter: Compat change id reported: 135634846; UID 10200; state: DISABLED
07-06 12:19:16.769  1704  1796 D CompatibilityChangeReporter: Compat change id reported: 143937733; UID 10200; state: ENABLED
07-06 12:19:16.784   887   887 D Zygote  : Forked child process 14201
07-06 12:19:16.788  1704  1796 I ActivityManager: Start proc 14201:com.example.batterymanager_utility/u0a200 for pre-top-activity {com.example.batterymanager_utility/com.example.batterymanager_utility.MainActivity}
07-06 12:19:16.797 14201 14201 I manager_utilit: Late-enabling -Xcheck:jni
07-06 12:19:16.826 14201 14201 I manager_utilit: Unquickening 18 vdex files!
07-06 12:19:16.834 10635 10643 I adbd    : jdwp connection from 14201
07-06 12:19:16.847  1704  4117 D CompatibilityInfo: mCompatibilityFlags - 0
07-06 12:19:16.847  1704  4117 D CompatibilityInfo: applicationDensity - 420
07-06 12:19:16.848  1704  4117 D CompatibilityInfo: applicationScale - 1.0
07-06 12:19:16.851  1704  4117 D CompatibilityInfo: mCompatibilityFlags - 0
07-06 12:19:16.851  1704  4117 D CompatibilityInfo: applicationDensity - 420
07-06 12:19:16.851  1704  4117 D CompatibilityInfo: applicationScale - 1.0
07-06 12:19:16.861  4088  4088 I A       : onPause
07-06 12:19:16.871  4048  4048 I HdmBroadcastRecvUpd: (REDACTED) received broadcast: %s
07-06 12:19:16.872  4048  4806 I HdmHotwordRequestListen: (REDACTED) received broadcast: %s
07-06 12:19:16.872  4048  4806 I SodaTriggeringFrontend: (REDACTED) #onConfigUpdate. requester: %s
07-06 12:19:16.872  4048  4806 I SodaTriggeringFrontend: #onConfigUpdate inside sequencer
07-06 12:19:16.872  4048  4806 I A       : (REDACTED) Voice Match (Speaker-id) supported : %b 
07-06 12:19:16.872  4048  4806 I A       : (REDACTED) hotword enrollment state is enrolled:  %b, speakerId model exist: %b. Voice Match supported : %b 
07-06 12:19:16.872  4048  4806 I A       : (REDACTED) isHotwordAvailable():  %b, isHotwordEnabled() %b 
07-06 12:19:16.872  4048  4806 I A       : (REDACTED) isHotwordAvailable():  %b, isHotwordEnabled() %b 
07-06 12:19:16.873  4048  4806 I A       : (REDACTED) Hotword enrollment state : %s.
07-06 12:19:16.873  4048  4806 I A       : (REDACTED) Voice Match (Speaker-id) supported : %b 
07-06 12:19:16.873  4048  4806 I A       : (REDACTED) Voice Match (Speaker-id) supported : %b 
07-06 12:19:16.873  4048  4806 I A       : (REDACTED) hotword enrollment state is enrolled:  %b, speakerId model exist: %b, voice match supported : %b
07-06 12:19:16.873  4048  4806 I A       : (REDACTED) Hotword isNonVoiceMatchHotwordEnabled: %b, isHotwordAvailable : %b, isHotwordEnabled : %b, isVoiceMatchSupported: %b, isHotwordEnrolled: %b.
07-06 12:19:16.873  4048  4806 I SodaTriggeringFrontend: (REDACTED) Ignore the legacy hotword request. voice match enabled %b, isHotwordSupported %b, isIncompleteEnrollmentState %b, nonVoiceMatchHotwordEnabled %b
07-06 12:19:16.873  2728  2747 D FaceUnlock: onTaskStackChangedBackground
07-06 12:19:16.874  2728  2747 D FaceUnlock: PackageName =com.example.batterymanager_utility
07-06 12:19:16.955 14207 14207 W app_process: type=1400 audit(0.0:17287): avc: denied { read } for name="u:object_r:device_config_runtime_native_boot_prop:s0" dev="tmpfs" ino=12520 scontext=u:r:shell:s0 tcontext=u:object_r:device_config_runtime_native_boot_prop:s0 tclass=file permissive=0
07-06 12:19:16.955 14207 14207 I chatty  : uid=2000(shell) app_process identical 2 lines
07-06 12:19:16.955 14207 14207 W app_process: type=1400 audit(0.0:17290): avc: denied { read } for name="u:object_r:device_config_runtime_native_boot_prop:s0" dev="tmpfs" ino=12520 scontext=u:r:shell:s0 tcontext=u:object_r:device_config_runtime_native_boot_prop:s0 tclass=file permissive=0
07-06 12:19:16.961 14207 14207 D AndroidRuntime: >>>>>> START com.android.internal.os.RuntimeInit uid 2000 <<<<<<
07-06 12:19:16.965 14207 14207 E libc    : Access denied finding property "persist.device_config.runtime_native_boot.profilebootclasspath"
07-06 12:19:16.965 14207 14207 E libc    : Access denied finding property "persist.device_config.runtime_native_boot.enable_apex_image"
07-06 12:19:16.965 14207 14207 I AndroidRuntime: Using default boot image
07-06 12:19:16.965 14207 14207 E libc    : Access denied finding property "persist.device_config.runtime_native_boot.disable_lock_profiling"
07-06 12:19:16.965 14207 14207 I AndroidRuntime: Leaving lock profiling enabled
07-06 12:19:16.966 14207 14207 E libc    : Access denied finding property "persist.device_config.runtime_native_boot.enable_generational_cc"
07-06 12:19:17.016 14201 14201 I Perf    : Connecting to perf service.
07-06 12:19:17.032 14201 14201 D NetworkSecurityConfig: No Network Security Config specified, using platform default
07-06 12:19:17.033 14201 14201 D NetworkSecurityConfig: No Network Security Config specified, using platform default
07-06 12:19:17.044 14201 14201 I BatteryMgr:App: creating notification channel
07-06 12:19:17.098 14207 14207 D app_process: Time zone APEX ICU file found: /apex/com.android.tzdata/etc/icu/icu_tzdata.dat
07-06 12:19:17.098 14207 14207 D app_process: I18n APEX ICU file found: /apex/com.android.i18n/etc/icu/icudt66l.dat
07-06 12:19:17.111 14207 14207 I app_process: The ClassLoaderContext is a special shared library.
07-06 12:19:17.116 14201 14201 V Activity: mLastPackageName-com.example.batterymanager_utility.MainActivity
07-06 12:19:17.134 14207 14207 W app_process: JNI RegisterNativeMethods: attempt to register 0 native methods for android.media.AudioAttributes
07-06 12:19:17.149 14207 14207 D AndroidRuntime: Calling main entry com.android.commands.monkey.Monkey
07-06 12:19:17.150 14207 14207 W Monkey  : args: [-p, e.www.cameratest, 1]
07-06 12:19:17.152 14207 14207 W Monkey  :  arg: "-p"
07-06 12:19:17.152 14207 14207 W Monkey  :  arg: "e.www.cameratest"
07-06 12:19:17.153 14207 14207 W Monkey  :  arg: "1"
07-06 12:19:17.153 14207 14207 W Monkey  : data="e.www.cameratest"
07-06 12:19:17.157 14201 14201 D PureDisplay: package-com.example.batterymanager_utility DYNAMIC_ORIGINAL_MODE open
07-06 12:19:17.160  7597  7597 D PureDisplay: PureDisplayModeChangeReceiver,hdrMode=1
07-06 12:19:17.164  7597  7597 I android_os_HwBinder: HwBinder: Starting thread pool for getting: vendor.pixelworks.hardware.display@1.0::IIris/default
07-06 12:19:17.165   947   947 I IrisService: irisConfigureSet(258, 1, 1)
07-06 12:19:17.165  7597  7597 D PureDisplay: --setIrisDisplayHdrMode- mode =1--result = 0
07-06 12:19:17.165  7597  7597 D PureDisplay: PureDisplayModeChangeReceiver,pureDisplayMode=1
07-06 12:19:17.166  7597  7597 D PureDisplay: isDeviceProvisioned=true
07-06 12:19:17.166  7597  7597 D PureDisplay: isUserSetuped=true
07-06 12:19:17.166  7597  7597 D PureDisplay: setOriginalModeEnable()
07-06 12:19:17.168  7597  7597 I android_os_HwBinder: HwBinder: Starting thread pool for getting: vendor.pixelworks.hardware.display@1.0::IIris/default
07-06 12:19:17.168   947   947 I IrisService: irisConfigureSet(0, 1, 0)
07-06 12:19:17.176  7597  7597 I android_os_HwBinder: HwBinder: Starting thread pool for getting: vendor.pixelworks.hardware.display@1.0::IIris/default
07-06 12:19:17.177   947   947 I IrisService: irisConfigureSet(41, 1, 0)
07-06 12:19:17.178  7597  7597 I android_os_HwBinder: HwBinder: Starting thread pool for getting: vendor.pixelworks.hardware.display@1.0::IIris/default
07-06 12:19:17.178   947  1045 I IrisService: irisConfigureSet(42, 1, 0)
07-06 12:19:17.179  7597  7597 I android_os_HwBinder: HwBinder: Starting thread pool for getting: vendor.pixelworks.hardware.display@1.0::IIris/default
07-06 12:19:17.180   947  1045 I IrisService: irisConfigureSet(40, 1, 0)
07-06 12:19:17.188  1704  1795 W BroadcastQueue: Skipping deliver [background] BroadcastRecord{5e37a33 u-1 android.net.conn.CONNECTIVITY_CHANGE} to ReceiverList{788c1f0 14207 (unknown name)/2000/u-1 remote:1a7dd6d}: process gone or crashing
07-06 12:19:17.192  7597  7597 I android_os_HwBinder: HwBinder: Starting thread pool for getting: vendor.pixelworks.hardware.display@1.0::IIris/default
07-06 12:19:17.192   947  1045 I IrisService: irisConfigureSet(36, 1, 0)
07-06 12:19:17.205  1704  3109 I ActivityTaskManager: zhl stack block_packagename =
07-06 12:19:17.205  1704  3109 I ActivityTaskManager: zhl stack block_activity =
07-06 12:19:17.205  1704  3109 I ActivityTaskManager: zhl mPackage =e.www.cameratest
07-06 12:19:17.205  1704  3109 I ActivityTaskManager: zhl mClass =MainActivity
07-06 12:19:17.205  1704  3109 I ActivityTaskManager: START u0 {act=android.intent.action.MAIN cat=[android.intent.category.LAUNCHER] flg=0x10200000 cmp=e.www.cameratest/.MainActivity} from uid 2000
07-06 12:19:17.214  1704  3109 D CompatibilityInfo: mCompatibilityFlags - 0
07-06 12:19:17.214  1704  3109 D CompatibilityInfo: applicationDensity - 420
07-06 12:19:17.214  1704  3109 D CompatibilityInfo: applicationScale - 1.0
07-06 12:19:17.215  1704  3109 D ActivityTrigger: ActivityTrigger activityPauseTrigger 
07-06 12:19:17.218 14207 14207 I Monkey  : Events injected: 1
07-06 12:19:17.226  7597  7597 D PureDisplay: getWhiteBalanceAutoMode()0
07-06 12:19:17.226  1704  1788 W ActivityManager: ProcessRecord{b51868f 0:e.www.cameratest/u0a206}: ART verification disabled
07-06 12:19:17.227  1704  1788 D CompatibilityChangeReporter: Compat change id reported: 135634846; UID 10206; state: DISABLED
07-06 12:19:17.229  1704  1796 D CompatibilityChangeReporter: Compat change id reported: 143937733; UID 10206; state: DISABLED
07-06 12:19:17.230  7597  7597 I android_os_HwBinder: HwBinder: Starting thread pool for getting: vendor.pixelworks.hardware.display@1.0::IIris/default
07-06 12:19:17.231   947  1045 I IrisService: irisConfigureSet(39, 1, 1)
07-06 12:19:17.236 14207 14207 I Monkey  : ## Network stats: elapsed time=28ms (0ms mobile, 0ms wifi, 28ms not connected)
07-06 12:19:17.237 14207 14207 I app_process: System.exit called, status: 0
07-06 12:19:17.237 14207 14207 I AndroidRuntime: VM exiting with result code 0.
07-06 12:19:17.241   887   887 D Zygote  : Forked child process 14247
07-06 12:19:17.243  7597  7597 I android_os_HwBinder: HwBinder: Starting thread pool for getting: vendor.pixelworks.hardware.display@1.0::IIris/default
07-06 12:19:17.244   947   947 I IrisService: irisConfigureSet(264, 1, 0)
07-06 12:19:17.245  1704  1796 I ActivityManager: Start proc 14247:e.www.cameratest/u0a206 for pre-top-activity {e.www.cameratest/e.www.cameratest.MainActivity}
07-06 12:19:17.246  7597  7597 D PureDisplay: PureDisplayModeChangeReceiver,lastclass=com.example.batterymanager_utility.MainActivity
07-06 12:19:17.247  7597  7597 D PureDisplay: PureDisplayModeChangeReceiver,lastpackage=com.example.batterymanager_utility
07-06 12:19:17.247  7597  7597 D PureDisplay: PureDisplayModeChangeReceiver,lastpackage_resume=1
07-06 12:19:17.256 14247 14247 I .www.camerates: Late-enabling -Xcheck:jni
07-06 12:19:17.293 14247 14247 I .www.camerates: Unquickening 18 vdex files!
07-06 12:19:17.302 10635 10643 I adbd    : jdwp connection from 14247
07-06 12:19:17.320  1704  2087 D CompatibilityInfo: mCompatibilityFlags - 0
07-06 12:19:17.320  1704  2087 D CompatibilityInfo: applicationDensity - 420
07-06 12:19:17.320  1704  2087 D CompatibilityInfo: applicationScale - 1.0
07-06 12:19:17.322  1704  2087 I ActivityTaskManager: The Process e.www.cameratest Already Exists in BG. So sending its PID: 14247
07-06 12:19:17.328  3008  3008 V Activity: onStop mLastPackageName = com.example.batterymanager_utility.MainActivity--mLastPackageResume = 1
07-06 12:19:17.353  3008  3008 D PureDisplay: package-com.example.batterymanager_utility DYNAMIC_ORIGINAL_MODE open
07-06 12:19:17.353 14247 14247 D ApplicationLoaders: Returning zygote-cached class loader: /system/framework/android.test.base.jar
07-06 12:19:17.355  7597  7597 D PureDisplay: PureDisplayModeChangeReceiver,hdrMode=1
07-06 12:19:17.357  4088  4088 I A       : onStop
07-06 12:19:17.361  7597  7597 I android_os_HwBinder: HwBinder: Starting thread pool for getting: vendor.pixelworks.hardware.display@1.0::IIris/default
07-06 12:19:17.362   947   947 I IrisService: irisConfigureSet(258, 1, 1)
07-06 12:19:17.362  7597  7597 D PureDisplay: --setIrisDisplayHdrMode- mode =1--result = 0
07-06 12:19:17.362  7597  7597 D PureDisplay: PureDisplayModeChangeReceiver,pureDisplayMode=1
07-06 12:19:17.363  7597  7597 D PureDisplay: isDeviceProvisioned=true
07-06 12:19:17.363  7597  7597 D PureDisplay: isUserSetuped=true
07-06 12:19:17.363  7597  7597 D PureDisplay: setOriginalModeEnable()
07-06 12:19:17.364  7597  7597 I android_os_HwBinder: HwBinder: Starting thread pool for getting: vendor.pixelworks.hardware.display@1.0::IIris/default
07-06 12:19:17.365   947   947 I IrisService: irisConfigureSet(0, 1, 0)
07-06 12:19:17.376  7597  7597 I android_os_HwBinder: HwBinder: Starting thread pool for getting: vendor.pixelworks.hardware.display@1.0::IIris/default
07-06 12:19:17.376   947   947 I IrisService: irisConfigureSet(41, 1, 0)
07-06 12:19:17.382  7597  7597 I android_os_HwBinder: HwBinder: Starting thread pool for getting: vendor.pixelworks.hardware.display@1.0::IIris/default
07-06 12:19:17.382   947  1045 I IrisService: irisConfigureSet(42, 1, 0)
07-06 12:19:17.385  7597  7597 I android_os_HwBinder: HwBinder: Starting thread pool for getting: vendor.pixelworks.hardware.display@1.0::IIris/default
07-06 12:19:17.385   947  1045 I IrisService: irisConfigureSet(40, 1, 0)
07-06 12:19:17.392 14201 14226 I AdrenoGLES-0: QUALCOMM build                   : d7ad79a, I2f86ca99a8
07-06 12:19:17.392 14201 14226 I AdrenoGLES-0: Build Date                       : 06/13/21
07-06 12:19:17.392 14201 14226 I AdrenoGLES-0: OpenGL ES Shader Compiler Version: EV031.32.02.12
07-06 12:19:17.392 14201 14226 I AdrenoGLES-0: Local Branch                     : mybranchebcc171e-87ea-f17a-bb69-1458d0b52af0
07-06 12:19:17.392 14201 14226 I AdrenoGLES-0: Remote Branch                    : quic/gfx-adreno.lnx.1.0.r127-rel
07-06 12:19:17.392 14201 14226 I AdrenoGLES-0: Remote Branch                    : NONE
07-06 12:19:17.392 14201 14226 I AdrenoGLES-0: Reconstruct Branch               : NOTHING
07-06 12:19:17.392 14201 14226 I AdrenoGLES-0: Build Config                     : S L 10.0.7 AArch64
07-06 12:19:17.392 14201 14226 I AdrenoGLES-0: Driver Path                      : /vendor/lib64/egl/libGLESv2_adreno.so
07-06 12:19:17.393  7597  7597 I android_os_HwBinder: HwBinder: Starting thread pool for getting: vendor.pixelworks.hardware.display@1.0::IIris/default
07-06 12:19:17.394   947  1045 I IrisService: irisConfigureSet(36, 1, 0)
07-06 12:19:17.398 14201 14226 I AdrenoGLES-0: PFP: 0x005ff114, ME: 0x005ff066
07-06 12:19:17.409  7597  7597 D PureDisplay: getWhiteBalanceAutoMode()0
07-06 12:19:17.411  7597  7597 I android_os_HwBinder: HwBinder: Starting thread pool for getting: vendor.pixelworks.hardware.display@1.0::IIris/default
07-06 12:19:17.411   947   947 I IrisService: irisConfigureSet(39, 1, 1)
07-06 12:19:17.426  7597  7597 I android_os_HwBinder: HwBinder: Starting thread pool for getting: vendor.pixelworks.hardware.display@1.0::IIris/default
07-06 12:19:17.427   626   626 I hwservicemanager: getTransport: Cannot find entry android.hardware.graphics.mapper@4.0::IMapper/default in either framework or device manifest.
07-06 12:19:17.427 14201 14226 I Gralloc4: mapper 4.x is not supported
07-06 12:19:17.427   626   626 I hwservicemanager: getTransport: Cannot find entry android.hardware.graphics.mapper@3.0::IMapper/default in either framework or device manifest.
07-06 12:19:17.427 14201 14226 W Gralloc3: mapper 3.x is not supported
07-06 12:19:17.428   947   947 I IrisService: irisConfigureSet(264, 1, 0)
07-06 12:19:17.434 14247 14247 I Perf    : Connecting to perf service.
07-06 12:19:17.450 14247 14247 D NetworkSecurityConfig: No Network Security Config specified, using platform default
07-06 12:19:17.452 14247 14247 D NetworkSecurityConfig: No Network Security Config specified, using platform default
07-06 12:19:17.471  1704  3109 I ActivityTaskManager: The Process e.www.cameratest Already Exists in BG. So sending its PID: 14247
07-06 12:19:17.472  1704  3109 D CompatibilityInfo: mCompatibilityFlags - 0
07-06 12:19:17.472  1704  3109 D CompatibilityInfo: applicationDensity - 420
07-06 12:19:17.472  1704  3109 D CompatibilityInfo: applicationScale - 1.0
07-06 12:19:17.571 14247 14247 W .www.camerates: Accessing hidden method Landroid/view/View;->computeFitSystemWindows(Landroid/graphics/Rect;Landroid/graphics/Rect;)Z (greylist, reflection, allowed)
07-06 12:19:17.571  2728  2742 W System  : A resource failed to call release. 
07-06 12:19:17.571  2728  2742 W System  : A resource failed to call release. 
07-06 12:19:17.572 14247 14247 W .www.camerates: Accessing hidden method Landroid/view/ViewGroup;->makeOptionalFitsSystemWindows()V (greylist, reflection, allowed)
07-06 12:19:17.574  2728 10111 D FaceUnlock: onTaskStackChangedBackground
07-06 12:19:17.575 14247 14247 W .www.cameratest: type=1400 audit(0.0:17291): avc: denied { read } for name="u:object_r:vendor_persist_camera_prop:s0" dev="tmpfs" ino=12684 scontext=u:r:untrusted_app_27:s0:c206,c256,c512,c768 tcontext=u:object_r:vendor_persist_camera_prop:s0 tclass=file permissive=0 app=e.www.cameratest
07-06 12:19:17.576  2728 10111 D FaceUnlock: PackageName =e.www.cameratest
07-06 12:19:17.580 14247 14247 I CameraManagerGlobal: Connecting to camera service
07-06 12:19:17.583  1255  3837 W ServiceManager: Permission failure: android.permission.CAMERA_OPEN_CLOSE_LISTENER from uid=10206 pid=14247
07-06 12:19:17.584 14247 14247 E libc    : Access denied finding property "vendor.camera.aux.packagelist"
07-06 12:19:17.584 14247 14247 I chatty  : uid=10206(e.www.cameratest) identical 1 line
07-06 12:19:17.584 14247 14247 E libc    : Access denied finding property "vendor.camera.aux.packagelist"
07-06 12:19:17.584 14247 14247 W CameraManagerGlobal: [soar.cts] ignore the status update of camera: 2
07-06 12:19:17.584 14247 14247 E libc    : Access denied finding property "vendor.camera.aux.packagelist"
07-06 12:19:17.584 14247 14247 W CameraManagerGlobal: [soar.cts] ignore the status update of camera: 3
07-06 12:19:17.584 14247 14247 E libc    : Access denied finding property "vendor.camera.aux.packagelist"
07-06 12:19:17.584 14247 14247 W CameraManagerGlobal: [soar.cts] ignore the status update of camera: 4
07-06 12:19:17.585 14247 14247 E libc    : Access denied finding property "vendor.camera.aux.packagelist"
07-06 12:19:17.585 14247 14267 E libc    : Access denied finding property "vendor.camera.aux.packagelist"
07-06 12:19:17.585 14247 14267 E libc    : Access denied finding property "vendor.camera.aux.packagelist"
07-06 12:19:17.585 14247 14267 W CameraManagerGlobal: ignore the torch status update of camera: 3
07-06 12:19:17.585 14247 14267 E libc    : Access denied finding property "vendor.camera.aux.packagelist"
07-06 12:19:17.585 14247 14267 W CameraManagerGlobal: ignore the torch status update of camera: 4
07-06 12:19:17.604 14247 14247 E libc    : Access denied finding property "persist.vendor.camera.privapp.list"
07-06 12:19:17.605  1255  3837 I CameraService: lxl CameraService::connect call (PID -1 "e.www.cameratest", camera ID 1) for HAL version default and Camera API version 2
07-06 12:19:17.606  1255  3837 I CameraService: [hjl] apk flag default
07-06 12:19:17.607  1255  3837 I Camera2ClientBase: Camera 1: Opened. Client: e.www.cameratest (PID 14247, UID 10206)
07-06 12:19:17.607  1255  3837 I CameraDeviceClient: CameraDeviceClient 1: Opened
07-06 12:19:17.609 14247 14267 E libc    : Access denied finding property "vendor.camera.aux.packagelist"
07-06 12:19:17.609   936  2102 D audio_hw_primary: adev_set_parameters: enter: cameraFacing=front
07-06 12:19:17.609   940   940 I QCamera : <HAL><INFO> cameraDeviceOpen: 407: Open camera id 1 API version 768
07-06 12:19:17.610   936  2102 D msm8974_platform: platform_set_parameters: AUDIO_RECORD_OZO_ENABLE is invalid, use default 0
07-06 12:19:17.610   936  2102 D audio_hw_hfp: hfp_set_parameters: enter
07-06 12:19:17.610   936  2102 D audio_hw_extn: audio_extn_fm_set_parameters: Enter
07-06 12:19:17.611   940   940 I QCamera : <HAL><INFO> QCamera3HardwareInterface: 537: lfc++ this is not Nokia apk
07-06 12:19:17.611   940   940 I QCamera : <HAL><INFO> QCamera3HardwareInterface: 546: lfc++ this is not cts apk
07-06 12:19:17.611   940   940 I QCamera : <HAL><INFO> QCamera3HardwareInterface: 560: lfc++ this is not verify apk
07-06 12:19:17.611   940   940 I QCamera : <HAL><INFO> QCamera3HardwareInterface: 574: lfc++ this is not cts media apk
07-06 12:19:17.611   940   940 I QCamera : <HAL><INFO> QCamera3HardwareInterface: 586: this is for 490 vts test
07-06 12:19:17.611   940   940 I QCamera : <HAL><INFO> QCamera3HardwareInterface: 665: AV timer enabled: 0
07-06 12:19:17.636   940   940 I QCamera : <HAL><INFO> AIScene: 56: ssan hal3 AIScene::AIScene
07-06 12:19:17.637   940   940 I VIDHANCE_PLATFORM: Vidhance version: [3.4.0 (default)]
07-06 12:19:17.637   940   940 E VIDHANCE_PROPERTIES: [VIDHANCE] Preview does not support callback
07-06 12:19:17.637   940   940 I VIDHANCE_PROPERTIES: [VIDHANCE] Using the following properties
07-06 12:19:17.637   940   940 I VIDHANCE_PROPERTIES: [VIDHANCE] 	 vendor.vidhance.enabled 1
07-06 12:19:17.637   940   940 I VIDHANCE_PROPERTIES: [VIDHANCE] 	 vendor.vidhance.logging.level 0
07-06 12:19:17.637   940   940 I VIDHANCE_PROPERTIES: [VIDHANCE] 	 vendor.vidhance.smoothZoom.ratio 1.000000
07-06 12:19:17.637   940   940 I VIDHANCE_PROPERTIES: [VIDHANCE] 	
07-06 12:19:17.637   940   940 I VIDHANCE_PROPERTIES: [VIDHANCE] 	 vendor.vidhance.preview.enabled 1
07-06 12:19:17.637   940   940 I VIDHANCE_PROPERTIES: [VIDHANCE] 	 vendor.vidhance.preview.usecallback 1
07-06 12:19:17.637   940   940 I VIDHANCE_PROPERTIES: [VIDHANCE] 	 vendor.vidhance.preview.doublebuffer 1
07-06 12:19:17.637   940   940 I VIDHANCE_PROPERTIES: [VIDHANCE] 	 vendor.vidhance.preview.usegralloc 1
07-06 12:19:17.637   940   940 I VIDHANCE_PROPERTIES: [VIDHANCE] 	 vendor.vidhance.preview.useion 0
07-06 12:19:17.637   940   940 I VIDHANCE_PROPERTIES: [VIDHANCE] 	 vendor.vidhance.preview.deferwork 0
07-06 12:19:17.637   940   940 I VIDHANCE_PROPERTIES: [VIDHANCE] 	 vendor.vidhance.preview.increasedsize 0
07-06 12:19:17.637   940   940 I VIDHANCE_PROPERTIES: [VIDHANCE] 	 vendor.vidhance.preview.usefullfov 0
07-06 12:19:17.637   940   940 I VIDHANCE_PROPERTIES: [VIDHANCE] 	 vendor.vidhance.preview.extrabuffers 0
07-06 12:19:17.637   940   940 I VIDHANCE_PROPERTIES: [VIDHANCE] 	 vendor.vidhance.preview.vs.debug 0
07-06 12:19:17.637   940   940 I VIDHANCE_PROPERTIES: [VIDHANCE] 	 vendor.vidhance.preview.vs.latency 0
07-06 12:19:17.637   940   940 I VIDHANCE_PROPERTIES: [VIDHANCE] 	 vendor.vidhance.preview.vs.reduction 0.000000
07-06 12:19:17.637   940   940 I VIDHANCE_PROPERTIES: [VIDHANCE] 	 vendor.vidhance.preview.vs.cropfactor 0.800000
07-06 12:19:17.637   940   940 I VIDHANCE_PROPERTIES: [VIDHANCE] 	 vendor.vidhance.preview.az.debug 0
07-06 12:19:17.637   940   940 I VIDHANCE_PROPERTIES: [VIDHANCE] 	 vendor.vidhance.preview.az.latency 0
07-06 12:19:17.637   940   940 I VIDHANCE_PROPERTIES: [VIDHANCE] 	 vendor.vidhance.preview.az.applyTransform 0
07-06 12:19:17.637   940   940 I VIDHANCE_PROPERTIES: [VIDHANCE] 	 vendor.vidhance.preview.nr.strength 0.300000
07-06 12:19:17.637   940   940 I VIDHANCE_PROPERTIES: [VIDHANCE] 	 vendor.vidhance.preview.nr.learningrate 0.300000
07-06 12:19:17.637   940   940 I VIDHANCE_PROPERTIES: [VIDHANCE] 	 vendor.vidhance.preview.ldc.factor 1.000000
07-06 12:19:17.637   940   940 I VIDHANCE_PROPERTIES: [VIDHANCE] 	
07-06 12:19:17.637   940   940 I VIDHANCE_PROPERTIES: [VIDHANCE] 	 vendor.vidhance.video.enabled 1
07-06 12:19:17.637   940   940 I VIDHANCE_PROPERTIES: [VIDHANCE] 	 vendor.vidhance.video.usecallback 1
07-06 12:19:17.637   940   940 I VIDHANCE_PROPERTIES: [VIDHANCE] 	 vendor.vidhance.video.doublebuffer 1
07-06 12:19:17.637   940   940 I VIDHANCE_PROPERTIES: [VIDHANCE] 	 vendor.vidhance.video.usegralloc 1
07-06 12:19:17.637   940   940 I VIDHANCE_PROPERTIES: [VIDHANCE] 	 vendor.vidhance.video.useion 0
07-06 12:19:17.637   940   940 I VIDHANCE_PROPERTIES: [VIDHANCE] 	 vendor.vidhance.video.deferwork 0
07-06 12:19:17.637   940   940 I VIDHANCE_PROPERTIES: [VIDHANCE] 	 vendor.vidhance.video.increasedsize 0
07-06 12:19:17.637   940   940 I VIDHANCE_PROPERTIES: [VIDHANCE] 	 vendor.vidhance.video.usefullfov 0
07-06 12:19:17.637   940   940 I VIDHANCE_PROPERTIES: [VIDHANCE] 	 vendor.vidhance.video.extrabuffers 4
07-06 12:19:17.637   940   940 I VIDHANCE_PROPERTIES: [VIDHANCE] 	 vendor.vidhance.video.vs.debug 0
07-06 12:19:17.637   940   940 I VIDHANCE_PROPERTIES: [VIDHANCE] 	 vendor.vidhance.video.vs.latency 7
07-06 12:19:17.637   940   940 I VIDHANCE_PROPERTIES: [VIDHANCE] 	 vendor.vidhance.video.vs.reduction 0.000000
07-06 12:19:17.637   940   940 I VIDHANCE_PROPERTIES: [VIDHANCE] 	 vendor.vidhance.video.vs.cropfactor 0.800000
07-06 12:19:17.637   940   940 I VIDHANCE_PROPERTIES: [VIDHANCE] 	 vendor.vidhance.video.az.debug 0
07-06 12:19:17.637   940   940 I VIDHANCE_PROPERTIES: [VIDHANCE] 	 vendor.vidhance.video.az.latency 0
07-06 12:19:17.637   940   940 I VIDHANCE_PROPERTIES: [VIDHANCE] 	 vendor.vidhance.video.az.applyTransform 1
07-06 12:19:17.637   940   940 I VIDHANCE_PROPERTIES: [VIDHANCE] 	 vendor.vidhance.video.nr.strength 0.300000
07-06 12:19:17.637   940   940 I VIDHANCE_PROPERTIES: [VIDHANCE] 	 vendor.vidhance.video.nr.learningrate 0.300000
07-06 12:19:17.637   940   940 I VIDHANCE_PROPERTIES: [VIDHANCE] 	 vendor.vidhance.video.ldc.factor 1.000000
07-06 12:19:17.637   940   940 I VIDHANCE_PROPERTIES: [VIDHANCE] 	
07-06 12:19:17.637   940   940 I VIDHANCE_PROPERTIES: [VIDHANCE] 	 vendor.vidhance.meta.useconversion 0
07-06 12:19:17.637   940   940 I VIDHANCE_PROPERTIES: [VIDHANCE] 	 vendor.vidhance.meta.timestampoffset 0
07-06 12:19:17.637   940   940 I VIDHANCE_PROPERTIES: [VIDHANCE] 	 vendor.vidhance.meta.focallength -1.000000 (for 1080p: -1920)
07-06 12:19:17.637   940   940 I VIDHANCE_PROPERTIES: [VIDHANCE] 	 vendor.vidhance.meta.rollingshutter -1
07-06 12:19:17.637   940   940 I VIDHANCE_PROPERTIES: [VIDHANCE] 	 vendor.vidhance.meta.exposuretime -1
07-06 12:19:17.637   940   940 I VIDHANCE_PROPERTIES: [VIDHANCE] 	 vendor.vidhance.meta.pipelinecropfactor -1.000000
07-06 12:19:17.637   940   940 I VIDHANCE_PROPERTIES: [VIDHANCE] 	 vendor.vidhance.meta.usezoomoffset 0
07-06 12:19:17.637   940   940 I VIDHANCE_PROPERTIES: [VIDHANCE] 	
07-06 12:19:17.637   940   940 D ARCSCSP : QCameraArcSingleCamSuperPortrait: +
07-06 12:19:17.637   940   940 D ARCSCSP : QCameraArcSingleCamSuperPortrait: -
07-06 12:19:17.638   940   940 I QCamera : <HAL><INFO> openCamera: 1290: [KPI Perf]: E PROFILE_OPEN_CAMERA camera id 1
07-06 12:19:17.638   940   940 D QCamera : Debug log file is not enabled
07-06 12:19:17.638   940   940 I mm-camera: <MCT   >< INFO> 118: mct_controller_new: Creating new mct_controller with session-id 5
07-06 12:19:17.639   940 14276 I mm-camera: <MCT   >< INFO> 5270: mct_pipeline_start_session_thread: E sensor
07-06 12:19:17.639   940 14276 I mm-camera: <MCT   >< INFO> 5277: mct_pipeline_start_session_thread: Calling start_session on Module sensor
07-06 12:19:17.639   940 14277 I mm-camera: <MCT   >< INFO> 5270: mct_pipeline_start_session_thread: E iface
07-06 12:19:17.639   940 14277 I mm-camera: <MCT   >< INFO> 5277: mct_pipeline_start_session_thread: Calling start_session on Module iface
07-06 12:19:17.640   940 14279 I mm-camera: <MCT   >< INFO> 5270: mct_pipeline_start_session_thread: E isp
07-06 12:19:17.640   940 14279 I mm-camera: <MCT   >< INFO> 5277: mct_pipeline_start_session_thread: Calling start_session on Module isp
07-06 12:19:17.640   940 14279 I mm-camera: <ISP   >< INFO> 214: isp_module_start_session: session id 5 
07-06 12:19:17.640   940 14280 I mm-camera: <MCT   >< INFO> 5270: mct_pipeline_start_session_thread: E stats
07-06 12:19:17.640   940 14280 I mm-camera: <MCT   >< INFO> 5277: mct_pipeline_start_session_thread: Calling start_session on Module stats
07-06 12:19:17.641   940 14281 I mm-camera: <MCT   >< INFO> 5270: mct_pipeline_start_session_thread: E pproc
07-06 12:19:17.641   940 14281 I mm-camera: <MCT   >< INFO> 5277: mct_pipeline_start_session_thread: Calling start_session on Module pproc
07-06 12:19:17.641   940 14280 I DmbrContextAPI: VIDHANCE dmbr_create_context user=0xf4935050
07-06 12:19:17.641   940 14280 I DmbrContextAPI: VIDHANCE Creating Gyro
07-06 12:19:17.641   940 14282 I mm-camera: <MCT   >< INFO> 5270: mct_pipeline_start_session_thread: E imglib
07-06 12:19:17.641   940 14282 I mm-camera: <MCT   >< INFO> 5277: mct_pipeline_start_session_thread: Calling start_session on Module imglib
07-06 12:19:17.641   940 14277 I mm-camera: <MCT   >< INFO> 5280: mct_pipeline_start_session_thread: Module iface start_session rc = 1
07-06 12:19:17.641   940 14277 I mm-camera: <MCT   >< INFO> 5288: mct_pipeline_start_session_thread: started_num = 1, success = 1
07-06 12:19:17.641   940 14277 I mm-camera: <MCT   >< INFO> 5295: mct_pipeline_start_session_thread: X iface
07-06 12:19:17.642   940 14282 I mm-camera: <MCT   >< INFO> 5280: mct_pipeline_start_session_thread: Module imglib start_session rc = 1
07-06 12:19:17.642   940 14282 I mm-camera: <MCT   >< INFO> 5288: mct_pipeline_start_session_thread: started_num = 2, success = 2
07-06 12:19:17.642   940 14282 I mm-camera: <MCT   >< INFO> 5295: mct_pipeline_start_session_thread: X imglib
07-06 12:19:17.642   940 14279 I mm-camera: <MCT   >< INFO> 5280: mct_pipeline_start_session_thread: Module isp start_session rc = 1
07-06 12:19:17.642   940 14279 I mm-camera: <MCT   >< INFO> 5288: mct_pipeline_start_session_thread: started_num = 3, success = 3
07-06 12:19:17.642   940 14279 I mm-camera: <MCT   >< INFO> 5295: mct_pipeline_start_session_thread: X isp
07-06 12:19:17.642   940 14281 I mm-camera: <MCT   >< INFO> 5280: mct_pipeline_start_session_thread: Module pproc start_session rc = 1
07-06 12:19:17.642   940 14281 I mm-camera: <MCT   >< INFO> 5288: mct_pipeline_start_session_thread: started_num = 4, success = 4
07-06 12:19:17.643   940 14281 I mm-camera: <MCT   >< INFO> 5295: mct_pipeline_start_session_thread: X pproc
07-06 12:19:17.643   940 14280 I ISensorAPI::SensorReader: Sensor: BMI160 Accelerometer
07-06 12:19:17.643   940 14280 I ISensorAPI::SensorReader: Sensor: BMI160 Accelerometer Uncalibrated
07-06 12:19:17.643   940 14280 I ISensorAPI::SensorReader: Sensor: MMC5603NJ Magnetometer
07-06 12:19:17.643   940 14280 I ISensorAPI::SensorReader: Sensor: MMC5603NJ Magnetometer Uncalibrated
07-06 12:19:17.643   940 14280 I ISensorAPI::SensorReader: Sensor: BMI160 Gyroscope
07-06 12:19:17.643   940 14280 I ISensorAPI::SensorReader: Sensor: BMI160 Gyroscope Uncalibrated
07-06 12:19:17.643   940 14280 I ISensorAPI::SensorReader: Sensor: EPL_SENSOR ALS/PS EPL_SENSOR
07-06 12:19:17.643   940 14280 I ISensorAPI::SensorReader: Sensor: EPL_SENSOR ALS/PS EPL_SENSOR
07-06 12:19:17.643   940 14280 I ISensorAPI::SensorReader: Sensor: BMI160 Accelerometer -Wakeup Secondary
07-06 12:19:17.643   940 14280 I ISensorAPI::SensorReader: Sensor: BMI160 Accelerometer Uncalibrated -Wakeup Secondary
07-06 12:19:17.643   940 14280 I ISensorAPI::SensorReader: Sensor: MMC5603NJ Magnetometer -Wakeup Secondary
07-06 12:19:17.643   940 14280 I ISensorAPI::SensorReader: Sensor: MMC5603NJ Magnetometer Uncalibrated -Wakeup Secondary
07-06 12:19:17.643   940 14280 I ISensorAPI::SensorReader: Sensor: BMI160 Gyroscope -Wakeup Secondary
07-06 12:19:17.643   940 14280 I ISensorAPI::SensorReader: Sensor: BMI160 Gyroscope Uncalibrated -Wakeup Secondary
07-06 12:19:17.643   940 14280 I ISensorAPI::SensorReader: Sensor: EPL_SENSOR ALS/PS EPL_SENSOR -Non Wakeup Secondary
07-06 12:19:17.643   940 14280 I ISensorAPI::SensorReader: Sensor: EPL_SENSOR ALS/PS EPL_SENSOR -Wakeup Secondary
07-06 12:19:17.643   940 14280 I ISensorAPI::SensorReader: Sensor: Gravity
07-06 12:19:17.643   940 14280 I ISensorAPI::SensorReader: Sensor: Linear Acceleration
07-06 12:19:17.643   940 14280 I ISensorAPI::SensorReader: Sensor: Rotation Vector
07-06 12:19:17.643   940 14280 I ISensorAPI::SensorReader: Sensor: Step Detector
07-06 12:19:17.643   940 14280 I ISensorAPI::SensorReader: Sensor: Step Counter
07-06 12:19:17.643   940 14280 I ISensorAPI::SensorReader: Sensor: Significant Motion Detector
07-06 12:19:17.643   940 14280 I ISensorAPI::SensorReader: Sensor: Game Rotation Vector
07-06 12:19:17.643   940 14280 I ISensorAPI::SensorReader: Sensor: GeoMagnetic Rotation Vector
07-06 12:19:17.643   940 14280 I ISensorAPI::SensorReader: Sensor: Orientation
07-06 12:19:17.643   940 14280 I ISensorAPI::SensorReader: Sensor: Tilt Detector
07-06 12:19:17.643   940 14280 I ISensorAPI::SensorReader: Sensor: DeviceOrientation
07-06 12:19:17.643   940 14280 I ISensorAPI::SensorReader: Sensor: Android Stationary Detector
07-06 12:19:17.643   940 14280 I ISensorAPI::SensorReader: Sensor: Android Motion Detector
07-06 12:19:17.643   940 14280 I ISensorAPI::SensorReader: Sensor: Gravity -Wakeup Secondary
07-06 12:19:17.643   940 14280 I ISensorAPI::SensorReader: Sensor: Linear Acceleration -Wakeup Secondary
07-06 12:19:17.643   940 14280 I ISensorAPI::SensorReader: Sensor: Rotation Vector -Wakeup Secondary
07-06 12:19:17.643   940 14280 I ISensorAPI::SensorReader: Sensor: Step Detector -Wakeup Secondary
07-06 12:19:17.643   940 14280 I ISensorAPI::SensorReader: Sensor: Step Counter -Wakeup Secondary
07-06 12:19:17.643   940 14280 I ISensorAPI::SensorReader: Sensor: Game Rotation Vector -Wakeup Secondary
07-06 12:19:17.643   940 14280 I ISensorAPI::SensorReader: Sensor: GeoMagnetic Rotation Vector -Wakeup Secondary
07-06 12:19:17.643   940 14280 I ISensorAPI::SensorReader: Sensor: Orientation -Wakeup Secondary
07-06 12:19:17.643   940 14280 I ISensorAPI::SensorReader: Sensor: DeviceOrientation -Wakeup Secondary
07-06 12:19:17.643   940 14280 I ISensorAPI::SensorReader: Sensor: AMD
07-06 12:19:17.643   940 14280 I ISensorAPI::SensorReader: Sensor: RMD
07-06 12:19:17.643   940 14280 I ISensorAPI::SensorReader: Sensor: Pedometer
07-06 12:19:17.643   940 14280 I ISensorAPI::SensorReader: Sensor: Motion Accel
07-06 12:19:17.643   940 14280 I ISensorAPI::SensorReader: Sensor: APDS-9251_002 RGB
07-06 12:19:17.643   940 14280 I ISensorAPI::SensorReader: Sensor: APDS-9251_002 CCT
07-06 12:19:17.643   940 14280 I ISensorAPI::SensorReader: Sensor: Persistent Motion Detector
07-06 12:19:17.644   940 14280 D ISensorAPI::SensorReader: Using sensor: BMI160 Gyroscope
07-06 12:19:17.644   940 14280 I DmbrContextAPI: VIDHANCE dmbr_create_context end
07-06 12:19:17.647   940 14276 I mm-camera: <MCT   >< INFO> 5280: mct_pipeline_start_session_thread: Module sensor start_session rc = 1
07-06 12:19:17.647   940 14276 I mm-camera: <MCT   >< INFO> 5288: mct_pipeline_start_session_thread: started_num = 5, success = 5
07-06 12:19:17.647   940 14276 I mm-camera: <MCT   >< INFO> 5295: mct_pipeline_start_session_thread: X sensor
07-06 12:19:17.647   940 14280 I mm-camera: <MCT   >< INFO> 5280: mct_pipeline_start_session_thread: Module stats start_session rc = 1
07-06 12:19:17.647   940 14280 I mm-camera: <MCT   >< INFO> 5288: mct_pipeline_start_session_thread: started_num = 6, success = 6
07-06 12:19:17.647   940 14280 I mm-camera: <MCT   >< INFO> 5295: mct_pipeline_start_session_thread: X stats
07-06 12:19:17.652   940   940 I mm-camera: <MCT   >< INFO> 5191: mct_pipeline_start_stream_internal: Adding session stream streamid= 0xf for session=5
07-06 12:19:17.652   940   940 I mm-camera: <MCT   >< INFO> 5239: mct_pipeline_start_stream_internal: Linking session stream for session 5
07-06 12:19:17.652   940   940 I mm-camera: <MCT   >< INFO> 526: mct_stream_start_link: Start linking Session-stream 0x5000f
07-06 12:19:17.653   940   940 I mm-camera: <ISP   >< INFO> 851: isp_port_check_caps_reserve: port 0xf491cc30 ide 5000f type 10 dim 0 0
07-06 12:19:17.653   940   940 I mm-camera: <PPROC >< INFO> 449: pproc_port_add_modules_to_stream: in identity 5000f stream 10 int_link = 0xf4920230
07-06 12:19:17.653   940   940 I mm-camera: <PPROC >< INFO> 461: pproc_port_add_modules_to_stream: :LINK linking mods tmod and paaf for identity 5000f
07-06 12:19:17.653   940   940 I mm-camera: <PPROC >< INFO> 461: pproc_port_add_modules_to_stream: :LINK linking mods paaf and sat for identity 5000f
07-06 12:19:17.653   940   940 I mm-camera: <PPROC >< INFO> 461: pproc_port_add_modules_to_stream: :LINK linking mods sat and ppeiscore for identity 5000f
07-06 12:19:17.654   940   940 I mm-camera: <PPROC >< INFO> 461: pproc_port_add_modules_to_stream: :LINK linking mods ppeiscore and c2d for identity 5000f
07-06 12:19:17.654   940   940 I mm-camera: <C2D   >< INFO> 1557: c2d_module_notify_add_stream: width 0, height 0, stride 0, scanline 0, is_type 0
07-06 12:19:17.654   940   940 I mm-camera: <PPROC >< INFO> 461: pproc_port_add_modules_to_stream: :LINK linking mods c2d and cpp for identity 5000f
07-06 12:19:17.654   940   940 I mm-camera: <CPP   >< INFO> 2536: cpp_module_notify_add_stream: :stream 10, width 0, height 0, stride 0,scanline 0, framelen 0
07-06 12:19:17.654   940   940 I mm-camera: <CPP   >< INFO> 2693: cpp_module_notify_add_stream: : stream 10, fmt 1, asf_mode 0, sharpness_level 0.000000,asf mask 0, denoise 0, denoise_mask 0, dsdn mask 0,dsdn enable 0, tnr mask 0, tnr enable 0, ds_mask 0, luma dsdn 0
07-06 12:19:17.654   940   940 I mm-camera: <PPROC >< INFO> 461: pproc_port_add_modules_to_stream: :LINK linking mods cpp and rtbdm for identity 5000f
07-06 12:19:17.654   940   940 I mm-camera: <PPROC >< INFO> 461: pproc_port_add_modules_to_stream: :LINK linking mods rtbdm and depth_map for identity 5000f
07-06 12:19:17.655   940   940 I mm-camera: <PPROC >< INFO> 461: pproc_port_add_modules_to_stream: :LINK linking mods depth_map and rtb for identity 5000f
07-06 12:19:17.655   940   940 I mm-camera: <PPROC >< INFO> 461: pproc_port_add_modules_to_stream: :LINK linking mods rtb and ezt for identity 5000f
07-06 12:19:17.655   940   940 I mm-camera: <PPROC >< INFO> 461: pproc_port_add_modules_to_stream: :LINK linking mods ezt and quadracfa for identity 5000f
07-06 12:19:17.655   940   940 E mm-camera: <STATS ><ERROR> 3061: stats_port_check_caps_reserve: Invalid Port capability type!
07-06 12:19:17.655   940   940 I chatty  : uid=1047(cameraserver) provider@2.4-se identical 3 lines
07-06 12:19:17.655   940   940 E mm-camera: <STATS ><ERROR> 3061: stats_port_check_caps_reserve: Invalid Port capability type!
07-06 12:19:17.656   940   940 I mm-camera: <MCT   >< INFO> 5248: mct_pipeline_start_stream_internal: Session stream linked successfully session 5
07-06 12:19:17.656   940 14295 E QMI_FW  : qmi_cci_get_ref: ref count increased 2
07-06 12:19:17.657   940 14295 I chatty  : uid=1047(cameraserver) provider@2.4-se identical 4 lines
07-06 12:19:17.657   940 14295 E QMI_FW  : qmi_cci_get_ref: ref count increased 2
07-06 12:19:17.658   947  1002 I SDM     : ResourceImpl::SetMaxBandwidthMode: new bandwidth mode=1
07-06 12:19:17.658   940   940 I QCamera : <HAL><INFO> openCamera: 1320: [KPI Perf]: X PROFILE_OPEN_CAMERA camera id 1, rc: 0
07-06 12:19:17.658   940   940 I QCamera : <HAL><INFO> openCamera: 1329: [ArcSN] onOpenArcSuperNight mCameraId = 1
07-06 12:19:17.658   940   940 I QCamera : <HAL><INFO> openCamera: 1337: [ARCSCSP] m_ArcSingleCamSuperPortrait init
07-06 12:19:17.658   940   940 I ARCSCSP : init: GetVersion: ArcSoft_SingleCam_SuperPortrait_1.0.120213003.20_#20999-4 
07-06 12:19:17.692   940   940 I ArcSoft_C: BeautyShot_Video_Algorithm_Imp::GetVersion() : ArcSoft_BeautyShot_Algorithm_4.0.120213003.47001_#20999-17-B30482,10/16/2019
07-06 12:19:17.692   940   940 I ArcSoft_C: BeautyShot_Video_Algorithm_Imp::GetVersion() : Major=4,Minor=0,Build=47001
07-06 12:19:17.692   940   940 I QCamera : <HAL><INFO> initialize: 1628: E :mCameraId = 1 mState = 1
07-06 12:19:17.693   940   940 I QCamera : <HAL><INFO> initialize: 1654: X
07-06 12:19:17.693   940   940 E libc    : Access denied finding property "ro.camera.req.fmq.size"
07-06 12:19:17.693   940   940 E FMQ     : grantorIdx must be less than 3
07-06 12:19:17.693   940   940 E libc    : Access denied finding property "ro.camera.res.fmq.size"
07-06 12:19:17.693   940   940 E FMQ     : grantorIdx must be less than 3
07-06 12:19:17.694  1255  3837 E FMQ     : grantorIdx must be less than 3
07-06 12:19:17.694  1255  3837 E FMQ     : grantorIdx must be less than 3
07-06 12:19:17.705 14247 14247 V Activity: mLastPackageName-e.www.cameratest.MainActivity
07-06 12:19:17.711   940 14278 E mm-camera: <SENSOR><ERROR> starlord_hi846_front_txd_i_eeprom_get_calibration_items: 32: is_wbc:1,is_afc:0,is_lsc:1,is_dpc:0,is_insensor:0,      is_ois:0
07-06 12:19:17.711   940 14278 E mm-camera: <SENSOR><ERROR> 251: module_sensor_offload_init_config: func_tbl for submodule 4 is NULL
07-06 12:19:17.711   940 14278 E mm-camera: <SENSOR><ERROR> 253: module_sensor_offload_init_config: failed to get led off frame skip time
07-06 12:19:17.742 14247 14247 D PureDisplay: package-e.www.cameratest DYNAMIC_ORIGINAL_MODE open
07-06 12:19:17.745  7597  7597 D PureDisplay: PureDisplayModeChangeReceiver,hdrMode=1
07-06 12:19:17.748  7597  7597 I android_os_HwBinder: HwBinder: Starting thread pool for getting: vendor.pixelworks.hardware.display@1.0::IIris/default
07-06 12:19:17.748   947  1045 I IrisService: irisConfigureSet(258, 1, 1)
07-06 12:19:17.748  7597  7597 D PureDisplay: --setIrisDisplayHdrMode- mode =1--result = 0
07-06 12:19:17.748  7597  7597 D PureDisplay: PureDisplayModeChangeReceiver,pureDisplayMode=1
07-06 12:19:17.749  7597  7597 D PureDisplay: isDeviceProvisioned=true
07-06 12:19:17.750  7597  7597 D PureDisplay: isUserSetuped=true
07-06 12:19:17.750  7597  7597 D PureDisplay: setOriginalModeEnable()
07-06 12:19:17.751  7597  7597 I android_os_HwBinder: HwBinder: Starting thread pool for getting: vendor.pixelworks.hardware.display@1.0::IIris/default
07-06 12:19:17.751   947  1045 I IrisService: irisConfigureSet(0, 1, 0)
07-06 12:19:17.759  7597  7597 I android_os_HwBinder: HwBinder: Starting thread pool for getting: vendor.pixelworks.hardware.display@1.0::IIris/default
07-06 12:19:17.760   947   947 I IrisService: irisConfigureSet(41, 1, 0)
07-06 12:19:17.764  7597  7597 I android_os_HwBinder: HwBinder: Starting thread pool for getting: vendor.pixelworks.hardware.display@1.0::IIris/default
07-06 12:19:17.765   947   947 I IrisService: irisConfigureSet(42, 1, 0)
07-06 12:19:17.766  7597  7597 I android_os_HwBinder: HwBinder: Starting thread pool for getting: vendor.pixelworks.hardware.display@1.0::IIris/default
07-06 12:19:17.766   947   947 I IrisService: irisConfigureSet(40, 1, 0)
07-06 12:19:17.770   940  2150 I QCamera : <HAL><INFO> configureStreamsPerfLocked: 2804: stream[0] type = 0, format = 34, width = 3264, height = 2448, rotation = 0, usage = 0x60000
07-06 12:19:17.770   940  2150 E QCamera : <HAL><ERROR> isOnEncoder: 18586: wyw width =3264 height=2448
07-06 12:19:17.770   940  2150 E QCamera : <HAL><ERROR> validateStreamDimensions: 1709: newStream->height = 2448,newStream->width = 3264
07-06 12:19:17.770   940  2150 E QCamera : <HAL><ERROR> validateStreamDimensions: 1714: newStream->format = 34
07-06 12:19:17.770   940 14274 I mm-camera: <MCT   >< INFO> 4232: mct_pipeline_process_set: command=800000a
07-06 12:19:17.771   940 14274 I mm-camera: <MCT   >< INFO> 4232: mct_pipeline_process_set: command=8000018
07-06 12:19:17.771   940 14274 I mm-camera: <MCT   >< INFO> 626: mct_stream_start_link: Link Metadata stream 0x50001: do nothing
07-06 12:19:17.771   940 14274 I mm-camera: <MCT   >< INFO> 4330: mct_pipeline_process_set: Linking successful for stream 0x50001 stream type=7
07-06 12:19:17.771   940 14274 I mm-camera: <MCT   >< INFO> 4232: mct_pipeline_process_set: command=8000004
07-06 12:19:17.771   940  2150 E QCamera : <HAL><ERROR> isOnEncoder: 18586: wyw width =3264 height=2448
07-06 12:19:17.771   940  2150 I QCamera3HWI: Vidhance: check current usage: 0, newStream->usage: 393216, m_bIsVideo:0, m_bEisSupportedSize: 0, newStream->width: 3264, maxEisWidth: 3840, , newStream->height: 2448, maxEisHeight: 2160
07-06 12:19:17.771   940  2150 I QCamera3HWI: Vidhance: not enabled for current usage: 0, newStream->usage: 393216, m_bIsVideo:0
07-06 12:19:17.773  1255  3837 D Camera3-Device: Set real time priority for request queue thread (tid 14311)
07-06 12:19:17.776  7597  7597 I android_os_HwBinder: HwBinder: Starting thread pool for getting: vendor.pixelworks.hardware.display@1.0::IIris/default
07-06 12:19:17.776   947   947 I IrisService: irisConfigureSet(36, 1, 0)
07-06 12:19:17.790 14247 14269 I AdrenoGLES-0: QUALCOMM build                   : d7ad79a, I2f86ca99a8
07-06 12:19:17.790 14247 14269 I AdrenoGLES-0: Build Date                       : 06/13/21
07-06 12:19:17.790 14247 14269 I AdrenoGLES-0: OpenGL ES Shader Compiler Version: EV031.32.02.12
07-06 12:19:17.790 14247 14269 I AdrenoGLES-0: Local Branch                     : mybranchebcc171e-87ea-f17a-bb69-1458d0b52af0
07-06 12:19:17.790 14247 14269 I AdrenoGLES-0: Remote Branch                    : quic/gfx-adreno.lnx.1.0.r127-rel
07-06 12:19:17.790 14247 14269 I AdrenoGLES-0: Remote Branch                    : NONE
07-06 12:19:17.790 14247 14269 I AdrenoGLES-0: Reconstruct Branch               : NOTHING
07-06 12:19:17.790 14247 14269 I AdrenoGLES-0: Build Config                     : S L 10.0.7 AArch64
07-06 12:19:17.790 14247 14269 I AdrenoGLES-0: Driver Path                      : /vendor/lib64/egl/libGLESv2_adreno.so
07-06 12:19:17.792  7597  7597 D PureDisplay: getWhiteBalanceAutoMode()0
07-06 12:19:17.793  7597  7597 I android_os_HwBinder: HwBinder: Starting thread pool for getting: vendor.pixelworks.hardware.display@1.0::IIris/default
07-06 12:19:17.794   947   947 I IrisService: irisConfigureSet(39, 1, 1)
07-06 12:19:17.797 14247 14269 I AdrenoGLES-0: PFP: 0x005ff114, ME: 0x005ff066
07-06 12:19:17.809  7597  7597 I android_os_HwBinder: HwBinder: Starting thread pool for getting: vendor.pixelworks.hardware.display@1.0::IIris/default
07-06 12:19:17.810   947   947 I IrisService: irisConfigureSet(264, 1, 0)
07-06 12:19:17.810  7597  7597 D PureDisplay: PureDisplayModeChangeReceiver,lastclass=e.www.cameratest.MainActivity
07-06 12:19:17.811  7597  7597 D PureDisplay: PureDisplayModeChangeReceiver,lastpackage=e.www.cameratest
07-06 12:19:17.812  7597  7597 D PureDisplay: PureDisplayModeChangeReceiver,lastpackage_resume=1
07-06 12:19:17.815   626   626 I hwservicemanager: getTransport: Cannot find entry android.hardware.graphics.mapper@4.0::IMapper/default in either framework or device manifest.
07-06 12:19:17.815 14247 14269 I Gralloc4: mapper 4.x is not supported
07-06 12:19:17.816   626   626 I hwservicemanager: getTransport: Cannot find entry android.hardware.graphics.mapper@3.0::IMapper/default in either framework or device manifest.
07-06 12:19:17.816 14247 14269 W Gralloc3: mapper 3.x is not supported
07-06 12:19:17.825   940  2150 E CamComm1.0-MD: Mismatched tag type when updating entry enable (-2146762752) of type byte; got type int32 data instead 
07-06 12:19:17.825   940  2150 E CamComm1.0-MD: Mismatched tag type when updating entry is_main (-2146762751) of type byte; got type int32 data instead 
07-06 12:19:17.829  1704  1794 I ActivityTaskManager: Displayed e.www.cameratest/.MainActivity: +622ms
07-06 12:19:17.830   626   626 I hwservicemanager: getTransport: Cannot find entry android.hardware.graphics.allocator@4.0::IAllocator/default in either framework or device manifest.
07-06 12:19:17.830 14247 14266 W Gralloc4: allocator 3.x is not supported
07-06 12:19:17.831   626   626 I hwservicemanager: getTransport: Cannot find entry android.hardware.graphics.allocator@3.0::IAllocator/default in either framework or device manifest.
07-06 12:19:17.831 14247 14266 W Gralloc3: allocator 3.x is not supported
07-06 12:19:17.834   940  2150 I QCamera3HWI: Vidhance: Sensor configuration updated: Master resolution = [3264x2448] Target FPS = 30 Sensor mode index = -1
07-06 12:19:17.834   940  2150 I QCamera : <HAL><INFO> processCaptureRequest: 8126: STREAM INFO 0: type 3, wxh: 3264 x 2448, pp_mask: 0x0, Format:0 is_type: 0 sync_type 0
07-06 12:19:17.834   940  2150 I QCamera : <HAL><INFO> processCaptureRequest: 8126: STREAM INFO 0: type 11, wxh: 640 x 480, pp_mask: 0x100068e, Format:0 is_type: 0 sync_type 0
