07-05 23:53:32.857 27149 27248 I BatteryMgr:DataCollectionService: stats => 1688594012857,-558105,4240
07-05 23:53:32.869 27149 27248 I BatteryMgr:DataCollectionService: stats => 1688594012869,-558105,4240
07-05 23:53:32.881 27149 27248 I BatteryMgr:DataCollectionService: stats => 1688594012881,-558105,4240
07-05 23:53:32.893 27149 27248 I BatteryMgr:DataCollectionService: stats => 1688594012893,-558105,4240
07-05 23:53:32.905 27149 27248 I BatteryMgr:DataCollectionService: stats => 1688594012905,-558105,4240
07-05 23:53:32.917 27149 27248 I BatteryMgr:DataCollectionService: stats => 1688594012917,-558105,4240
07-05 23:53:32.929 27149 27248 I BatteryMgr:DataCollectionService: stats => 1688594012929,-558105,4240
07-05 23:53:32.940 27149 27248 I BatteryMgr:DataCollectionService: stats => 1688594012940,-558105,4240
07-05 23:53:32.952 27149 27248 I BatteryMgr:DataCollectionService: stats => 1688594012952,-558105,4240
07-05 23:53:32.964 27149 27248 I BatteryMgr:DataCollectionService: stats => 1688594012964,-558105,4240
07-05 23:53:32.976 27149 27248 I BatteryMgr:DataCollectionService: stats => 1688594012976,-558105,4240
07-05 23:53:32.988 27149 27248 I BatteryMgr:DataCollectionService: stats => 1688594012988,-558105,4240
07-05 23:53:32.999 27149 27248 I BatteryMgr:DataCollectionService: stats => 1688594012999,-558105,4240
07-05 23:53:33.011 27149 27248 I BatteryMgr:DataCollectionService: stats => 1688594013011,-558105,4240
07-05 23:53:33.023 27149 27248 I BatteryMgr:DataCollectionService: stats => 1688594013023,-558105,4240
07-05 23:53:33.035 27149 27248 I BatteryMgr:DataCollectionService: stats => 1688594013035,-558105,4240
07-05 23:53:33.047 27149 27248 I BatteryMgr:DataCollectionService: stats => 1688594013047,-558105,4240
07-05 23:53:33.058 27149 27248 I BatteryMgr:DataCollectionService: stats => 1688594013058,-558105,4240
07-05 23:53:33.073 27149 27248 I BatteryMgr:DataCollectionService: stats => 1688594013072,-558105,4240
07-05 23:53:33.085 27149 27248 I BatteryMgr:DataCollectionService: stats => 1688594013085,-558105,4240
07-05 23:53:33.096 27149 27248 I BatteryMgr:DataCollectionService: stats => 1688594013096,-558105,4240
07-05 23:53:33.108 27149 27248 I BatteryMgr:DataCollectionService: stats => 1688594013108,-558105,4240
07-05 23:53:33.120 27149 27248 I BatteryMgr:DataCollectionService: stats => 1688594013120,-558105,4240
07-05 23:53:33.132 27149 27248 I BatteryMgr:DataCollectionService: stats => 1688594013132,-558105,4240
07-05 23:53:33.144 27149 27248 I BatteryMgr:DataCollectionService: stats => 1688594013144,-558105,4240
07-05 23:53:33.156 27149 27248 I BatteryMgr:DataCollectionService: stats => 1688594013155,-558105,4240
07-05 23:53:33.167 27149 27248 I BatteryMgr:DataCollectionService: stats => 1688594013167,-558105,4240
07-05 23:53:33.179 27149 27248 I BatteryMgr:DataCollectionService: stats => 1688594013179,-558105,4240
07-05 23:53:33.191 27149 27248 I BatteryMgr:DataCollectionService: stats => 1688594013191,-558105,4240
07-05 23:53:33.207 27149 27248 I BatteryMgr:DataCollectionService: stats => 1688594013207,-558105,4240
07-05 23:53:33.219 27149 27248 I BatteryMgr:DataCollectionService: stats => 1688594013219,-558105,4240
07-05 23:53:33.231 27149 27248 I BatteryMgr:DataCollectionService: stats => 1688594013231,-558105,4240
07-05 23:53:33.243 27149 27248 I BatteryMgr:DataCollectionService: stats => 1688594013243,-558105,4240
07-05 23:53:33.255 27149 27248 I BatteryMgr:DataCollectionService: stats => 1688594013255,-558105,4240
07-05 23:53:33.258  1214  1214 W /system/vendor/bin/ipacm: type=1400 audit(0.0:418929): avc: denied { write } for comm=6E65746C696E6B20736F636B6574 name="ipacm_log_file" dev="tmpfs" ino=20285 scontext=u:r:ipacm:s0 tcontext=u:object_r:ipacm_socket:s0 tclass=sock_file permissive=0
07-05 23:53:33.258  1214  1214 I chatty  : uid=1001(radio) /system/vendor/bin/ipacm identical 1 line
07-05 23:53:33.258  1214  1214 W /system/vendor/bin/ipacm: type=1400 audit(0.0:418931): avc: denied { write } for comm=6E65746C696E6B20736F636B6574 name="ipacm_log_file" dev="tmpfs" ino=20285 scontext=u:r:ipacm:s0 tcontext=u:object_r:ipacm_socket:s0 tclass=sock_file permissive=0
07-05 23:53:33.258  1214  1214 W ipacm   : type=1400 audit(0.0:418932): avc: denied { write } for name="ipacm_log_file" dev="tmpfs" ino=20285 scontext=u:r:ipacm:s0 tcontext=u:object_r:ipacm_socket:s0 tclass=sock_file permissive=0
07-05 23:53:33.258  1214  1214 W ipacm   : type=1400 audit(0.0:418933): avc: denied { write } for name="ipacm_log_file" dev="tmpfs" ino=20285 scontext=u:r:ipacm:s0 tcontext=u:object_r:ipacm_socket:s0 tclass=sock_file permissive=0
07-05 23:53:33.267 27149 27248 I BatteryMgr:DataCollectionService: stats => 1688594013267,-558105,4240
07-05 23:53:33.279 27149 27248 I BatteryMgr:DataCollectionService: stats => 1688594013279,-558105,4240
07-05 23:53:33.291 27149 27248 I BatteryMgr:DataCollectionService: stats => 1688594013291,-558105,4240
07-05 23:53:33.302 27149 27248 I BatteryMgr:DataCollectionService: stats => 1688594013302,-558105,4240
07-05 23:53:33.314 27149 27248 I BatteryMgr:DataCollectionService: stats => 1688594013314,-558105,4240
07-05 23:53:33.326 27149 27248 I BatteryMgr:DataCollectionService: stats => 1688594013326,-558105,4240
07-05 23:53:33.338 27149 27248 I BatteryMgr:DataCollectionService: stats => 1688594013338,-558105,4240
07-05 23:53:33.349 27149 27248 I BatteryMgr:DataCollectionService: stats => 1688594013349,-558105,4240
07-05 23:53:33.361 27149 27248 I BatteryMgr:DataCollectionService: stats => 1688594013361,-558105,4240
07-05 23:53:33.373 27149 27248 I BatteryMgr:DataCollectionService: stats => 1688594013373,-558105,4240
07-05 23:53:33.385 27149 27248 I BatteryMgr:DataCollectionService: stats => 1688594013385,-567870,4240
07-05 23:53:33.397 27149 27248 I BatteryMgr:DataCollectionService: stats => 1688594013397,-567870,4240
07-05 23:53:33.409 27149 27248 I BatteryMgr:DataCollectionService: stats => 1688594013409,-567870,4240
07-05 23:53:33.421 27149 27248 I BatteryMgr:DataCollectionService: stats => 1688594013421,-567870,4240
07-05 23:53:33.433 27149 27248 I BatteryMgr:DataCollectionService: stats => 1688594013433,-567870,4240
07-05 23:53:33.445 27149 27248 I BatteryMgr:DataCollectionService: stats => 1688594013445,-567870,4240
07-05 23:53:33.457 27149 27248 I BatteryMgr:DataCollectionService: stats => 1688594013457,-567870,4240
07-05 23:53:33.468 27149 27248 I BatteryMgr:DataCollectionService: stats => 1688594013468,-567870,4240
07-05 23:53:33.480 27149 27248 I BatteryMgr:DataCollectionService: stats => 1688594013480,-567870,4240
07-05 23:53:33.493 27149 27248 I BatteryMgr:DataCollectionService: stats => 1688594013493,-567870,4240
07-05 23:53:33.504 27149 27248 I BatteryMgr:DataCollectionService: stats => 1688594013504,-567870,4240
07-05 23:53:33.516 27149 27248 I BatteryMgr:DataCollectionService: stats => 1688594013516,-567870,4240
07-05 23:53:33.528 27149 27248 I BatteryMgr:DataCollectionService: stats => 1688594013528,-567870,4240
07-05 23:53:33.540 27149 27248 I BatteryMgr:DataCollectionService: stats => 1688594013540,-567870,4240
07-05 23:53:33.551 27149 27248 I BatteryMgr:DataCollectionService: stats => 1688594013551,-567870,4240
07-05 23:53:33.563 27149 27248 I BatteryMgr:DataCollectionService: stats => 1688594013563,-567870,4240
07-05 23:53:33.575 27149 27248 I BatteryMgr:DataCollectionService: stats => 1688594013575,-567870,4240
07-05 23:53:33.587 27149 27248 I BatteryMgr:DataCollectionService: stats => 1688594013587,-567870,4240
07-05 23:53:33.599 27149 27248 I BatteryMgr:DataCollectionService: stats => 1688594013599,-567870,4240
07-05 23:53:33.610 27149 27248 I BatteryMgr:DataCollectionService: stats => 1688594013610,-567870,4240
07-05 23:53:33.623 27149 27248 I BatteryMgr:DataCollectionService: stats => 1688594013623,-567870,4240
07-05 23:53:33.635 27149 27248 I BatteryMgr:DataCollectionService: stats => 1688594013635,-567870,4240
07-05 23:53:33.646 27149 27248 I BatteryMgr:DataCollectionService: stats => 1688594013646,-567870,4240
07-05 23:53:33.658 27149 27248 I BatteryMgr:DataCollectionService: stats => 1688594013658,-567870,4240
07-05 23:53:33.670 27149 27248 I BatteryMgr:DataCollectionService: stats => 1688594013670,-567870,4240
07-05 23:53:33.682 27149 27248 I BatteryMgr:DataCollectionService: stats => 1688594013682,-567870,4240
07-05 23:53:33.694 27149 27248 I BatteryMgr:DataCollectionService: stats => 1688594013694,-567870,4240
07-05 23:53:33.706 27149 27248 I BatteryMgr:DataCollectionService: stats => 1688594013706,-567870,4240
07-05 23:53:33.718 27149 27248 I BatteryMgr:DataCollectionService: stats => 1688594013718,-567870,4240
07-05 23:53:33.732 27149 27248 I BatteryMgr:DataCollectionService: stats => 1688594013732,-567870,4240
07-05 23:53:33.744 27149 27248 I BatteryMgr:DataCollectionService: stats => 1688594013744,-567870,4240
07-05 23:53:33.756 27149 27248 I BatteryMgr:DataCollectionService: stats => 1688594013756,-567870,4240
07-05 23:53:33.768 27149 27248 I BatteryMgr:DataCollectionService: stats => 1688594013768,-567870,4240
07-05 23:53:33.780 27149 27248 I BatteryMgr:DataCollectionService: stats => 1688594013780,-567870,4240
07-05 23:53:33.792 27149 27248 I BatteryMgr:DataCollectionService: stats => 1688594013792,-567870,4240
07-05 23:53:33.804 27149 27248 I BatteryMgr:DataCollectionService: stats => 1688594013804,-567870,4240
07-05 23:53:33.816 27149 27248 I BatteryMgr:DataCollectionService: stats => 1688594013816,-567870,4240
07-05 23:53:33.828 27149 27248 I BatteryMgr:DataCollectionService: stats => 1688594013828,-567870,4240
07-05 23:53:33.840 27149 27248 I BatteryMgr:DataCollectionService: stats => 1688594013840,-567870,4240
07-05 23:53:33.851 27149 27248 I BatteryMgr:DataCollectionService: stats => 1688594013851,-567870,4240
07-05 23:53:33.863 27149 27248 I BatteryMgr:DataCollectionService: stats => 1688594013863,-567870,4240
07-05 23:53:33.875 27149 27248 I BatteryMgr:DataCollectionService: stats => 1688594013875,-567870,4240
07-05 23:53:33.887 27149 27248 I BatteryMgr:DataCollectionService: stats => 1688594013887,-567870,4240
07-05 23:53:33.899 27149 27248 I BatteryMgr:DataCollectionService: stats => 1688594013899,-567870,4240
07-05 23:53:33.911 27149 27248 I BatteryMgr:DataCollectionService: stats => 1688594013911,-567870,4240
07-05 23:53:33.923 27149 27248 I BatteryMgr:DataCollectionService: stats => 1688594013923,-567870,4240
07-05 23:53:33.934 27149 27248 I BatteryMgr:DataCollectionService: stats => 1688594013934,-567870,4240
07-05 23:53:33.946 27149 27248 I BatteryMgr:DataCollectionService: stats => 1688594013946,-567870,4240
07-05 23:53:33.958 27149 27248 I BatteryMgr:DataCollectionService: stats => 1688594013958,-567870,4240
07-05 23:53:33.970 27149 27248 I BatteryMgr:DataCollectionService: stats => 1688594013970,-567870,4240
07-05 23:53:33.982 27149 27248 I BatteryMgr:DataCollectionService: stats => 1688594013982,-567870,4240
07-05 23:53:33.997 27149 27248 I BatteryMgr:DataCollectionService: stats => 1688594013997,-567870,4240
07-05 23:53:34.010 27149 27248 I BatteryMgr:DataCollectionService: stats => 1688594014010,-567870,4240
07-05 23:53:34.022 27149 27248 I BatteryMgr:DataCollectionService: stats => 1688594014022,-567870,4240
07-05 23:53:34.034 27149 27248 I BatteryMgr:DataCollectionService: stats => 1688594014034,-567870,4240
07-05 23:53:34.046 27149 27248 I BatteryMgr:DataCollectionService: stats => 1688594014046,-567870,4240
07-05 23:53:34.057 27149 27248 I BatteryMgr:DataCollectionService: stats => 1688594014057,-567870,4240
07-05 23:53:34.069 27149 27248 I BatteryMgr:DataCollectionService: stats => 1688594014069,-567870,4240
07-05 23:53:34.081 27149 27248 I BatteryMgr:DataCollectionService: stats => 1688594014081,-567870,4240
07-05 23:53:34.093 27149 27248 I BatteryMgr:DataCollectionService: stats => 1688594014093,-567870,4240
07-05 23:53:34.104 27149 27248 I BatteryMgr:DataCollectionService: stats => 1688594014104,-567870,4240
07-05 23:53:34.116 27149 27248 I BatteryMgr:DataCollectionService: stats => 1688594014116,-567870,4240
07-05 23:53:34.128 27149 27248 I BatteryMgr:DataCollectionService: stats => 1688594014128,-567870,4240
07-05 23:53:34.139 27149 27248 I BatteryMgr:DataCollectionService: stats => 1688594014139,-567870,4240
07-05 23:53:34.151 27149 27248 I BatteryMgr:DataCollectionService: stats => 1688594014151,-567870,4240
07-05 23:53:34.163 27149 27248 I BatteryMgr:DataCollectionService: stats => 1688594014163,-567870,4240
07-05 23:53:34.174 27149 27248 I BatteryMgr:DataCollectionService: stats => 1688594014174,-567870,4240
07-05 23:53:34.186 27149 27248 I BatteryMgr:DataCollectionService: stats => 1688594014186,-567870,4240
07-05 23:53:34.198 27149 27248 I BatteryMgr:DataCollectionService: stats => 1688594014198,-567870,4240
07-05 23:53:34.210 27149 27248 I BatteryMgr:DataCollectionService: stats => 1688594014210,-567870,4240
07-05 23:53:34.222 27149 27248 I BatteryMgr:DataCollectionService: stats => 1688594014222,-567870,4240
07-05 23:53:34.234 27149 27248 I BatteryMgr:DataCollectionService: stats => 1688594014234,-567870,4240
07-05 23:53:34.246 27149 27248 I BatteryMgr:DataCollectionService: stats => 1688594014246,-567870,4240
07-05 23:53:34.257 27149 27248 I BatteryMgr:DataCollectionService: stats => 1688594014257,-567870,4240
07-05 23:53:34.269 27149 27248 I BatteryMgr:DataCollectionService: stats => 1688594014269,-567870,4240
07-05 23:53:34.281 27149 27248 I BatteryMgr:DataCollectionService: stats => 1688594014281,-567870,4240
07-05 23:53:34.293 27149 27248 I BatteryMgr:DataCollectionService: stats => 1688594014293,-567870,4240
07-05 23:53:34.305 27149 27248 I BatteryMgr:DataCollectionService: stats => 1688594014305,-567870,4240
07-05 23:53:34.317 27149 27248 I BatteryMgr:DataCollectionService: stats => 1688594014317,-567870,4240
07-05 23:53:34.328 27149 27248 I BatteryMgr:DataCollectionService: stats => 1688594014328,-567870,4240
07-05 23:53:34.340 27149 27248 I BatteryMgr:DataCollectionService: stats => 1688594014340,-567870,4240
07-05 23:53:34.352 27149 27248 I BatteryMgr:DataCollectionService: stats => 1688594014352,-567870,4240
07-05 23:53:34.364 27149 27248 I BatteryMgr:DataCollectionService: stats => 1688594014364,-567870,4240
07-05 23:53:34.376 27149 27248 I BatteryMgr:DataCollectionService: stats => 1688594014376,-567870,4240
07-05 23:53:34.388 27149 27248 I BatteryMgr:DataCollectionService: stats => 1688594014387,-567870,4240
07-05 23:53:34.399 27149 27248 I BatteryMgr:DataCollectionService: stats => 1688594014399,-567870,4240
07-05 23:53:34.411 27149 27248 I BatteryMgr:DataCollectionService: stats => 1688594014411,-567870,4240
07-05 23:53:34.424 27149 27248 I BatteryMgr:DataCollectionService: stats => 1688594014424,-567870,4240
07-05 23:53:34.435 27149 27248 I BatteryMgr:DataCollectionService: stats => 1688594014435,-567870,4240
07-05 23:53:34.447 27149 27248 I BatteryMgr:DataCollectionService: stats => 1688594014447,-567870,4240
07-05 23:53:34.459 27149 27248 I BatteryMgr:DataCollectionService: stats => 1688594014459,-567870,4240
07-05 23:53:34.471 27149 27248 I BatteryMgr:DataCollectionService: stats => 1688594014470,-567870,4240
07-05 23:53:34.483 27149 27248 I BatteryMgr:DataCollectionService: stats => 1688594014483,-567870,4240
07-05 23:53:34.494 27149 27248 I BatteryMgr:DataCollectionService: stats => 1688594014494,-567870,4240
07-05 23:53:34.506 27149 27248 I BatteryMgr:DataCollectionService: stats => 1688594014506,-567870,4240
07-05 23:53:34.518 27149 27248 I BatteryMgr:DataCollectionService: stats => 1688594014518,-567870,4240
07-05 23:53:34.530 27149 27248 I BatteryMgr:DataCollectionService: stats => 1688594014530,-567870,4240
07-05 23:53:34.541 27149 27248 I BatteryMgr:DataCollectionService: stats => 1688594014541,-567870,4240
07-05 23:53:34.553 27149 27248 I BatteryMgr:DataCollectionService: stats => 1688594014553,-567870,4240
07-05 23:53:34.565 27149 27248 I BatteryMgr:DataCollectionService: stats => 1688594014565,-567870,4240
07-05 23:53:34.577 27149 27248 I BatteryMgr:DataCollectionService: stats => 1688594014577,-567870,4240
07-05 23:53:34.589 27149 27248 I BatteryMgr:DataCollectionService: stats => 1688594014589,-567870,4240
07-05 23:53:34.600 27149 27248 I BatteryMgr:DataCollectionService: stats => 1688594014600,-567870,4240
07-05 23:53:34.612 27149 27248 I BatteryMgr:DataCollectionService: stats => 1688594014612,-567870,4240
07-05 23:53:34.624 27149 27248 I BatteryMgr:DataCollectionService: stats => 1688594014624,-567870,4240
07-05 23:53:34.636 27149 27248 I BatteryMgr:DataCollectionService: stats => 1688594014636,-567870,4240
07-05 23:53:34.648 27149 27248 I BatteryMgr:DataCollectionService: stats => 1688594014648,-567870,4240
07-05 23:53:34.659 27149 27248 I BatteryMgr:DataCollectionService: stats => 1688594014659,-567870,4240
07-05 23:53:34.671 27149 27248 I BatteryMgr:DataCollectionService: stats => 1688594014671,-567870,4240
07-05 23:53:34.683 27149 27248 I BatteryMgr:DataCollectionService: stats => 1688594014683,-567870,4240
07-05 23:53:34.695 27149 27248 I BatteryMgr:DataCollectionService: stats => 1688594014695,-567870,4240
07-05 23:53:34.706 27149 27248 I BatteryMgr:DataCollectionService: stats => 1688594014706,-567870,4240
07-05 23:53:34.719 27149 27248 I BatteryMgr:DataCollectionService: stats => 1688594014719,-567870,4240
07-05 23:53:34.731 27149 27248 I BatteryMgr:DataCollectionService: stats => 1688594014731,-567870,4240
07-05 23:53:34.743 27149 27248 I BatteryMgr:DataCollectionService: stats => 1688594014743,-567870,4240
07-05 23:53:34.754 27149 27248 I BatteryMgr:DataCollectionService: stats => 1688594014754,-567870,4240
07-05 23:53:34.766 27149 27248 I BatteryMgr:DataCollectionService: stats => 1688594014766,-567870,4240
07-05 23:53:34.778 27149 27248 I BatteryMgr:DataCollectionService: stats => 1688594014778,-567870,4240
07-05 23:53:34.790 27149 27248 I BatteryMgr:DataCollectionService: stats => 1688594014790,-567870,4240
07-05 23:53:34.801 27149 27248 I BatteryMgr:DataCollectionService: stats => 1688594014801,-567870,4240
07-05 23:53:34.813 27149 27248 I BatteryMgr:DataCollectionService: stats => 1688594014813,-567870,4240
07-05 23:53:34.825 27149 27248 I BatteryMgr:DataCollectionService: stats => 1688594014825,-567870,4240
07-05 23:53:34.837 27149 27248 I BatteryMgr:DataCollectionService: stats => 1688594014837,-567870,4240
07-05 23:53:34.849 27149 27248 I BatteryMgr:DataCollectionService: stats => 1688594014849,-567870,4240
07-05 23:53:34.861 27149 27248 I BatteryMgr:DataCollectionService: stats => 1688594014860,-574706,4240
07-05 23:53:34.873 27149 27248 I BatteryMgr:DataCollectionService: stats => 1688594014873,-574706,4240
07-05 23:53:34.884 27149 27248 I BatteryMgr:DataCollectionService: stats => 1688594014884,-574706,4240
07-05 23:53:34.896 27149 27248 I BatteryMgr:DataCollectionService: stats => 1688594014896,-574706,4240
07-05 23:53:34.908 27149 27248 I BatteryMgr:DataCollectionService: stats => 1688594014908,-574706,4240
07-05 23:53:34.920 27149 27248 I BatteryMgr:DataCollectionService: stats => 1688594014919,-574706,4240
07-05 23:53:34.932 27149 27248 I BatteryMgr:DataCollectionService: stats => 1688594014932,-574706,4240
07-05 23:53:34.944 27149 27248 I BatteryMgr:DataCollectionService: stats => 1688594014944,-574706,4240
07-05 23:53:34.955 27149 27248 I BatteryMgr:DataCollectionService: stats => 1688594014955,-574706,4240
07-05 23:53:34.967 27149 27248 I BatteryMgr:DataCollectionService: stats => 1688594014967,-574706,4240
07-05 23:53:34.979 27149 27248 I BatteryMgr:DataCollectionService: stats => 1688594014979,-574706,4240
07-05 23:53:34.991 27149 27248 I BatteryMgr:DataCollectionService: stats => 1688594014990,-574706,4240
07-05 23:53:35.002 27149 27248 I BatteryMgr:DataCollectionService: stats => 1688594015002,-574706,4240
07-05 23:53:35.014 27149 27248 I BatteryMgr:DataCollectionService: stats => 1688594015014,-574706,4240
07-05 23:53:35.026 27149 27248 I BatteryMgr:DataCollectionService: stats => 1688594015026,-574706,4240
07-05 23:53:35.037 27149 27248 I BatteryMgr:DataCollectionService: stats => 1688594015037,-574706,4240
07-05 23:53:35.049 27149 27248 I BatteryMgr:DataCollectionService: stats => 1688594015049,-574706,4240
07-05 23:53:35.061 27149 27248 I BatteryMgr:DataCollectionService: stats => 1688594015061,-574706,4240
07-05 23:53:35.073 27149 27248 I BatteryMgr:DataCollectionService: stats => 1688594015073,-574706,4240
07-05 23:53:35.084 27149 27248 I BatteryMgr:DataCollectionService: stats => 1688594015084,-574706,4240
07-05 23:53:35.096 27149 27248 I BatteryMgr:DataCollectionService: stats => 1688594015096,-574706,4240
07-05 23:53:35.108 27149 27248 I BatteryMgr:DataCollectionService: stats => 1688594015107,-574706,4240
07-05 23:53:35.119 27149 27248 I BatteryMgr:DataCollectionService: stats => 1688594015119,-574706,4240
07-05 23:53:35.131 27149 27248 I BatteryMgr:DataCollectionService: stats => 1688594015131,-574706,4240
07-05 23:53:35.143 27149 27248 I BatteryMgr:DataCollectionService: stats => 1688594015143,-574706,4240
07-05 23:53:35.155 27149 27248 I BatteryMgr:DataCollectionService: stats => 1688594015155,-574706,4240
07-05 23:53:35.166 27149 27248 I BatteryMgr:DataCollectionService: stats => 1688594015166,-574706,4240
07-05 23:53:35.178 27149 27248 I BatteryMgr:DataCollectionService: stats => 1688594015178,-574706,4240
07-05 23:53:35.190 27149 27248 I BatteryMgr:DataCollectionService: stats => 1688594015190,-574706,4240
07-05 23:53:35.201 27149 27248 I BatteryMgr:DataCollectionService: stats => 1688594015201,-574706,4240
07-05 23:53:35.213 27149 27248 I BatteryMgr:DataCollectionService: stats => 1688594015213,-574706,4240
07-05 23:53:35.227 27149 27248 I BatteryMgr:DataCollectionService: stats => 1688594015227,-574706,4240
07-05 23:53:35.239 27149 27248 I BatteryMgr:DataCollectionService: stats => 1688594015239,-574706,4240
07-05 23:53:35.251 27149 27248 I BatteryMgr:DataCollectionService: stats => 1688594015251,-574706,4240
07-05 23:53:35.263 27149 27248 I BatteryMgr:DataCollectionService: stats => 1688594015263,-574706,4240
07-05 23:53:35.275 27149 27248 I BatteryMgr:DataCollectionService: stats => 1688594015275,-574706,4240
07-05 23:53:35.286 27149 27248 I BatteryMgr:DataCollectionService: stats => 1688594015286,-574706,4240
07-05 23:53:35.298 27149 27248 I BatteryMgr:DataCollectionService: stats => 1688594015298,-574706,4240
07-05 23:53:35.310 27149 27248 I BatteryMgr:DataCollectionService: stats => 1688594015310,-574706,4240
07-05 23:53:35.321 27149 27248 I BatteryMgr:DataCollectionService: stats => 1688594015321,-574706,4240
07-05 23:53:35.333 27149 27248 I BatteryMgr:DataCollectionService: stats => 1688594015333,-574706,4240
07-05 23:53:35.345 27149 27248 I BatteryMgr:DataCollectionService: stats => 1688594015345,-574706,4240
07-05 23:53:35.357 27149 27248 I BatteryMgr:DataCollectionService: stats => 1688594015357,-574706,4240
07-05 23:53:35.369 27149 27248 I BatteryMgr:DataCollectionService: stats => 1688594015369,-574706,4240
07-05 23:53:35.380 27149 27248 I BatteryMgr:DataCollectionService: stats => 1688594015380,-574706,4240
07-05 23:53:35.393 27149 27248 I BatteryMgr:DataCollectionService: stats => 1688594015393,-574706,4240
07-05 23:53:35.404 27149 27248 I BatteryMgr:DataCollectionService: stats => 1688594015404,-574706,4240
07-05 23:53:35.416 27149 27248 I BatteryMgr:DataCollectionService: stats => 1688594015416,-574706,4240
07-05 23:53:35.428 27149 27248 I BatteryMgr:DataCollectionService: stats => 1688594015428,-574706,4240
07-05 23:53:35.439 27149 27248 I BatteryMgr:DataCollectionService: stats => 1688594015439,-574706,4240
07-05 23:53:35.451 27149 27248 I BatteryMgr:DataCollectionService: stats => 1688594015451,-574706,4240
07-05 23:53:35.463 27149 27248 I BatteryMgr:DataCollectionService: stats => 1688594015463,-574706,4240
07-05 23:53:35.475 27149 27248 I BatteryMgr:DataCollectionService: stats => 1688594015475,-574706,4240
07-05 23:53:35.486 27149 27248 I BatteryMgr:DataCollectionService: stats => 1688594015486,-574706,4240
07-05 23:53:35.498 27149 27248 I BatteryMgr:DataCollectionService: stats => 1688594015498,-574706,4240
07-05 23:53:35.510 27149 27248 I BatteryMgr:DataCollectionService: stats => 1688594015510,-574706,4240
07-05 23:53:35.524 27149 27248 I BatteryMgr:DataCollectionService: stats => 1688594015524,-574706,4240
07-05 23:53:35.536 27149 27248 I BatteryMgr:DataCollectionService: stats => 1688594015536,-574706,4240
07-05 23:53:35.548 27149 27248 I BatteryMgr:DataCollectionService: stats => 1688594015548,-574706,4240
07-05 23:53:35.559 27149 27248 I BatteryMgr:DataCollectionService: stats => 1688594015559,-574706,4240
07-05 23:53:35.571 27149 27248 I BatteryMgr:DataCollectionService: stats => 1688594015571,-574706,4240
07-05 23:53:35.583 27149 27248 I BatteryMgr:DataCollectionService: stats => 1688594015583,-574706,4240
07-05 23:53:35.594 27149 27248 I BatteryMgr:DataCollectionService: stats => 1688594015594,-574706,4240
07-05 23:53:35.606 27149 27248 I BatteryMgr:DataCollectionService: stats => 1688594015606,-574706,4240
07-05 23:53:35.618 27149 27248 I BatteryMgr:DataCollectionService: stats => 1688594015618,-574706,4240
07-05 23:53:35.629 27149 27248 I BatteryMgr:DataCollectionService: stats => 1688594015629,-574706,4240
07-05 23:53:35.642 27149 27248 I BatteryMgr:DataCollectionService: stats => 1688594015642,-574706,4240
07-05 23:53:35.654 27149 27248 I BatteryMgr:DataCollectionService: stats => 1688594015654,-574706,4240
07-05 23:53:35.665 27149 27248 I BatteryMgr:DataCollectionService: stats => 1688594015665,-574706,4240
07-05 23:53:35.677 27149 27248 I BatteryMgr:DataCollectionService: stats => 1688594015677,-574706,4240
07-05 23:53:35.689 27149 27248 I BatteryMgr:DataCollectionService: stats => 1688594015689,-574706,4240
07-05 23:53:35.701 27149 27248 I BatteryMgr:DataCollectionService: stats => 1688594015701,-574706,4240
07-05 23:53:35.713 27149 27248 I BatteryMgr:DataCollectionService: stats => 1688594015713,-574706,4240
07-05 23:53:35.724 27149 27248 I BatteryMgr:DataCollectionService: stats => 1688594015724,-574706,4240
07-05 23:53:35.736 27149 27248 I BatteryMgr:DataCollectionService: stats => 1688594015736,-574706,4240
07-05 23:53:35.748 27149 27248 I BatteryMgr:DataCollectionService: stats => 1688594015748,-574706,4240
07-05 23:53:35.759 27149 27248 I BatteryMgr:DataCollectionService: stats => 1688594015759,-574706,4240
07-05 23:53:35.771 27149 27248 I BatteryMgr:DataCollectionService: stats => 1688594015771,-574706,4240
07-05 23:53:35.783 27149 27248 I BatteryMgr:DataCollectionService: stats => 1688594015783,-574706,4240
07-05 23:53:35.795 27149 27248 I BatteryMgr:DataCollectionService: stats => 1688594015795,-574706,4240
07-05 23:53:35.806 27149 27248 I BatteryMgr:DataCollectionService: stats => 1688594015806,-574706,4240
07-05 23:53:35.818 27149 27248 I BatteryMgr:DataCollectionService: stats => 1688594015818,-574706,4240
07-05 23:53:35.830 27149 27248 I BatteryMgr:DataCollectionService: stats => 1688594015830,-574706,4240
07-05 23:53:35.842 27149 27248 I BatteryMgr:DataCollectionService: stats => 1688594015842,-574706,4240
07-05 23:53:35.854 27149 27248 I BatteryMgr:DataCollectionService: stats => 1688594015854,-574706,4240
07-05 23:53:35.866 27149 27248 I BatteryMgr:DataCollectionService: stats => 1688594015866,-574706,4240
07-05 23:53:35.878 27149 27248 I BatteryMgr:DataCollectionService: stats => 1688594015878,-574706,4240
07-05 23:53:35.890 27149 27248 I BatteryMgr:DataCollectionService: stats => 1688594015889,-574706,4240
07-05 23:53:35.901 27149 27248 I BatteryMgr:DataCollectionService: stats => 1688594015901,-574706,4240
07-05 23:53:35.913 27149 27248 I BatteryMgr:DataCollectionService: stats => 1688594015913,-574706,4240
07-05 23:53:35.925 27149 27248 I BatteryMgr:DataCollectionService: stats => 1688594015925,-574706,4240
07-05 23:53:35.936 27149 27248 I BatteryMgr:DataCollectionService: stats => 1688594015936,-574706,4240
07-05 23:53:35.948 27149 27248 I BatteryMgr:DataCollectionService: stats => 1688594015948,-574706,4240
07-05 23:53:35.960 27149 27248 I BatteryMgr:DataCollectionService: stats => 1688594015960,-574706,4240
07-05 23:53:35.971 27149 27248 I BatteryMgr:DataCollectionService: stats => 1688594015971,-574706,4240
07-05 23:53:35.984 27149 27248 I BatteryMgr:DataCollectionService: stats => 1688594015983,-574706,4240
07-05 23:53:35.995 27149 27248 I BatteryMgr:DataCollectionService: stats => 1688594015995,-574706,4240
07-05 23:53:36.007 27149 27248 I BatteryMgr:DataCollectionService: stats => 1688594016007,-574706,4240
07-05 23:53:36.018 27149 27248 I BatteryMgr:DataCollectionService: stats => 1688594016018,-574706,4240
07-05 23:53:36.030 27149 27248 I BatteryMgr:DataCollectionService: stats => 1688594016030,-574706,4240
07-05 23:53:36.042 27149 27248 I BatteryMgr:DataCollectionService: stats => 1688594016042,-574706,4240
07-05 23:53:36.054 27149 27248 I BatteryMgr:DataCollectionService: stats => 1688594016054,-574706,4240
07-05 23:53:36.065 27149 27248 I BatteryMgr:DataCollectionService: stats => 1688594016065,-574706,4240
07-05 23:53:36.078 27149 27248 I BatteryMgr:DataCollectionService: stats => 1688594016078,-574706,4240
07-05 23:53:36.091 27149 27248 I BatteryMgr:DataCollectionService: stats => 1688594016091,-574706,4240
07-05 23:53:36.103 27149 27248 I BatteryMgr:DataCollectionService: stats => 1688594016103,-574706,4240
07-05 23:53:36.115 27149 27248 I BatteryMgr:DataCollectionService: stats => 1688594016115,-574706,4240
07-05 23:53:36.127 27149 27248 I BatteryMgr:DataCollectionService: stats => 1688594016127,-574706,4240
07-05 23:53:36.138 27149 27248 I BatteryMgr:DataCollectionService: stats => 1688594016138,-574706,4240
07-05 23:53:36.150 27149 27248 I BatteryMgr:DataCollectionService: stats => 1688594016150,-574706,4240
07-05 23:53:36.162 27149 27248 I BatteryMgr:DataCollectionService: stats => 1688594016162,-574706,4240
07-05 23:53:36.174 27149 27248 I BatteryMgr:DataCollectionService: stats => 1688594016174,-574706,4240
07-05 23:53:36.185 27149 27248 I BatteryMgr:DataCollectionService: stats => 1688594016185,-574706,4240
07-05 23:53:36.197 27149 27248 I BatteryMgr:DataCollectionService: stats => 1688594016197,-574706,4240
07-05 23:53:36.209 27149 27248 I BatteryMgr:DataCollectionService: stats => 1688594016209,-574706,4240
07-05 23:53:36.221 27149 27248 I BatteryMgr:DataCollectionService: stats => 1688594016221,-574706,4240
07-05 23:53:36.232 27149 27248 I BatteryMgr:DataCollectionService: stats => 1688594016232,-574706,4240
07-05 23:53:36.244 27149 27248 I BatteryMgr:DataCollectionService: stats => 1688594016244,-574706,4240
07-05 23:53:36.256 27149 27248 I BatteryMgr:DataCollectionService: stats => 1688594016256,-574706,4240
07-05 23:53:36.267 27149 27248 I BatteryMgr:DataCollectionService: stats => 1688594016267,-574706,4240
07-05 23:53:36.279 27149 27248 I BatteryMgr:DataCollectionService: stats => 1688594016279,-574706,4240
07-05 23:53:36.291 27149 27248 I BatteryMgr:DataCollectionService: stats => 1688594016291,-574706,4240
07-05 23:53:36.302 27149 27248 I BatteryMgr:DataCollectionService: stats => 1688594016302,-574706,4240
07-05 23:53:36.314 27149 27248 I BatteryMgr:DataCollectionService: stats => 1688594016314,-574706,4240
07-05 23:53:36.326 27149 27248 I BatteryMgr:DataCollectionService: stats => 1688594016326,-574706,4240
07-05 23:53:36.337 27149 27248 I BatteryMgr:DataCollectionService: stats => 1688594016337,-574706,4240
07-05 23:53:36.349 27149 27248 I BatteryMgr:DataCollectionService: stats => 1688594016349,-591796,4240
07-05 23:53:36.361 27149 27248 I BatteryMgr:DataCollectionService: stats => 1688594016361,-591796,4240
07-05 23:53:36.373 27149 27248 I BatteryMgr:DataCollectionService: stats => 1688594016373,-591796,4240
07-05 23:53:36.384 27149 27248 I BatteryMgr:DataCollectionService: stats => 1688594016384,-591796,4240
07-05 23:53:36.396 27149 27248 I BatteryMgr:DataCollectionService: stats => 1688594016396,-591796,4240
07-05 23:53:36.408 27149 27248 I BatteryMgr:DataCollectionService: stats => 1688594016408,-591796,4240
07-05 23:53:36.420 27149 27248 I BatteryMgr:DataCollectionService: stats => 1688594016420,-591796,4240
07-05 23:53:36.431 27149 27248 I BatteryMgr:DataCollectionService: stats => 1688594016431,-591796,4240
07-05 23:53:36.443 27149 27248 I BatteryMgr:DataCollectionService: stats => 1688594016443,-591796,4240
07-05 23:53:36.455 27149 27248 I BatteryMgr:DataCollectionService: stats => 1688594016455,-591796,4240
07-05 23:53:36.467 27149 27248 I BatteryMgr:DataCollectionService: stats => 1688594016467,-591796,4240
07-05 23:53:36.478 27149 27248 I BatteryMgr:DataCollectionService: stats => 1688594016478,-591796,4240
07-05 23:53:36.490 27149 27248 I BatteryMgr:DataCollectionService: stats => 1688594016490,-591796,4240
07-05 23:53:36.502 27149 27248 I BatteryMgr:DataCollectionService: stats => 1688594016502,-591796,4240
07-05 23:53:36.513 27149 27248 I BatteryMgr:DataCollectionService: stats => 1688594016513,-591796,4240
07-05 23:53:36.525 27149 27248 I BatteryMgr:DataCollectionService: stats => 1688594016525,-591796,4240
07-05 23:53:36.537 27149 27248 I BatteryMgr:DataCollectionService: stats => 1688594016537,-591796,4240
07-05 23:53:36.548 27149 27248 I BatteryMgr:DataCollectionService: stats => 1688594016548,-591796,4240
07-05 23:53:36.560 27149 27248 I BatteryMgr:DataCollectionService: stats => 1688594016560,-591796,4240
07-05 23:53:36.572 27149 27248 I BatteryMgr:DataCollectionService: stats => 1688594016572,-591796,4240
07-05 23:53:36.584 27149 27248 I BatteryMgr:DataCollectionService: stats => 1688594016584,-591796,4240
07-05 23:53:36.595 27149 27248 I BatteryMgr:DataCollectionService: stats => 1688594016595,-591796,4240
07-05 23:53:36.607 27149 27248 I BatteryMgr:DataCollectionService: stats => 1688594016607,-591796,4240
07-05 23:53:36.619 27149 27248 I BatteryMgr:DataCollectionService: stats => 1688594016619,-591796,4240
07-05 23:53:36.630 27149 27248 I BatteryMgr:DataCollectionService: stats => 1688594016630,-591796,4240
07-05 23:53:36.642 27149 27248 I BatteryMgr:DataCollectionService: stats => 1688594016642,-591796,4240
07-05 23:53:36.654 27149 27248 I BatteryMgr:DataCollectionService: stats => 1688594016654,-591796,4240
07-05 23:53:36.666 27149 27248 I BatteryMgr:DataCollectionService: stats => 1688594016666,-591796,4240
07-05 23:53:36.678 27149 27248 I BatteryMgr:DataCollectionService: stats => 1688594016678,-591796,4240
07-05 23:53:36.690 27149 27248 I BatteryMgr:DataCollectionService: stats => 1688594016690,-591796,4240
07-05 23:53:36.702 27149 27248 I BatteryMgr:DataCollectionService: stats => 1688594016702,-591796,4240
07-05 23:53:36.714 27149 27248 I BatteryMgr:DataCollectionService: stats => 1688594016714,-591796,4240
07-05 23:53:36.726 27149 27248 I BatteryMgr:DataCollectionService: stats => 1688594016726,-591796,4240
07-05 23:53:36.737 27149 27248 I BatteryMgr:DataCollectionService: stats => 1688594016737,-591796,4240
07-05 23:53:36.749 27149 27248 I BatteryMgr:DataCollectionService: stats => 1688594016749,-591796,4240
07-05 23:53:36.762 27149 27248 I BatteryMgr:DataCollectionService: stats => 1688594016762,-591796,4240
07-05 23:53:36.776 27149 27248 I BatteryMgr:DataCollectionService: stats => 1688594016776,-591796,4240
07-05 23:53:36.789 27149 27248 I BatteryMgr:DataCollectionService: stats => 1688594016789,-591796,4240
07-05 23:53:36.801 27149 27248 I BatteryMgr:DataCollectionService: stats => 1688594016801,-591796,4240
07-05 23:53:36.814 27149 27248 I BatteryMgr:DataCollectionService: stats => 1688594016814,-591796,4240
07-05 23:53:36.825 27149 27248 I BatteryMgr:DataCollectionService: stats => 1688594016825,-591796,4240
07-05 23:53:36.839 27149 27248 I BatteryMgr:DataCollectionService: stats => 1688594016839,-591796,4240
07-05 23:53:36.853 27149 27248 I BatteryMgr:DataCollectionService: stats => 1688594016853,-591796,4240
07-05 23:53:36.865 27149 27248 I BatteryMgr:DataCollectionService: stats => 1688594016865,-591796,4240
07-05 23:53:36.878 27149 27248 I BatteryMgr:DataCollectionService: stats => 1688594016878,-591796,4240
07-05 23:53:36.890 27149 27248 I BatteryMgr:DataCollectionService: stats => 1688594016890,-591796,4240
07-05 23:53:36.902 27149 27248 I BatteryMgr:DataCollectionService: stats => 1688594016902,-591796,4240
07-05 23:53:36.918 27149 27248 I BatteryMgr:DataCollectionService: stats => 1688594016918,-591796,4240
07-05 23:53:36.930 27149 27248 I BatteryMgr:DataCollectionService: stats => 1688594016930,-591796,4240
07-05 23:53:36.943 27149 27248 I BatteryMgr:DataCollectionService: stats => 1688594016943,-591796,4240
07-05 23:53:36.955 27149 27248 I BatteryMgr:DataCollectionService: stats => 1688594016955,-591796,4240
07-05 23:53:36.970 27149 27248 I BatteryMgr:DataCollectionService: stats => 1688594016970,-591796,4240
07-05 23:53:37.286  1704  6708 I ActivityManager: Force stopping x.intervalapp.cpufactorialtest appid=10233 user=0: from pid 27299
07-05 23:53:37.287  1704  6708 I ActivityManager: Killing 27195:x.intervalapp.cpufactorialtest/u0a233 (adj 0): stop x.intervalapp.cpufactorialtest due to from pid 27299
07-05 23:53:37.289  1704  6708 W ActivityTaskManager: Force removing ActivityRecord{79f79a1 u0 x.intervalapp.cpufactorialtest/.MainActivity t538 f}}: app died, no saved state
07-05 23:53:37.305   885   885 I Zygote  : Process 27195 exited due to signal 9 (Killed)
07-05 23:53:37.310  1704  1855 W WindowManager: Failed looking up window session=Session{c59908f 1704:1000} callers=com.android.server.wm.WindowManagerService.windowForClientLocked:5467 com.android.server.wm.WindowManagerService.removeWindow:1904 com.android.server.wm.Session.remove:193 
07-05 23:53:37.323  3293  3293 E PhoneInterfaceManager: [PhoneIntfMgr] getCarrierPackageNamesForIntentAndPhone: No UICC
07-05 23:53:37.323  3293  3293 D CarrierSvcBindHelper: No carrier app for: 0
07-05 23:53:37.326  3293  3293 E PhoneInterfaceManager: [PhoneIntfMgr] getCarrierPackageNamesForIntentAndPhone: No UICC
07-05 23:53:37.326  3293  3293 D CarrierSvcBindHelper: No carrier app for: 1
07-05 23:53:37.334  1704  1875 I libprocessgroup: Successfully killed process cgroup uid 10233 pid 27195 in 45ms
07-05 23:53:37.339 27149 27149 V Activity: mLastPackageName-com.example.batterymanager_utility.MainActivity
07-05 23:53:37.347  4019  4019 D RegisteredServicesCache: Others service enabled : ComponentInfo{com.google.android.gms/com.google.android.gms.nearby.mediums.nearfieldcommunication.NfcAdvertisingService}
07-05 23:53:37.347  4019  4019 D RegisteredServicesCache: Others service enabled : ComponentInfo{com.google.android.gms/com.google.android.gms.pay.hce.service.PayHceService}
07-05 23:53:37.347  4019  4019 D RegisteredServicesCache: Others service enabled : ComponentInfo{com.google.android.gms/com.google.android.gms.tapandpay.hce.service.TpHceService}
07-05 23:53:37.347  4019  4019 D RegisteredServicesCache: Others service enabled : ComponentInfo{com.google.android.gms/com.google.android.gms.dck.service.DckNfcApduService}
07-05 23:53:37.350  4019  4019 D AidRoutingManager: Default: 0, aid size: 314
07-05 23:53:37.350  4019  4019 D AidRoutingManager: Default: 2, aid size: 0
07-05 23:53:37.350  4019  4019 D AidRoutingManager: Default: 3, aid size: 0
07-05 23:53:37.350  4019  4019 D AidRoutingManager: Default: 0, aid expected size: 0
07-05 23:53:37.350  4019  4019 D AidRoutingManager: Default: 2, aid expected size: 314
07-05 23:53:37.350  4019  4019 D AidRoutingManager: Default: 3, aid expected size: 314
07-05 23:53:37.353  4019  4019 D RegisteredNfcFServicesCache: Service unchanged, not updating
07-05 23:53:37.388 27149 27149 D PureDisplay: package-com.example.batterymanager_utility DYNAMIC_ORIGINAL_MODE open
07-05 23:53:37.393 22606 22606 D PureDisplay: PureDisplayModeChangeReceiver,hdrMode=1
07-05 23:53:37.397 22606 22606 I android_os_HwBinder: HwBinder: Starting thread pool for getting: vendor.pixelworks.hardware.display@1.0::IIris/default
07-05 23:53:37.398   944  1032 I IrisService: irisConfigureSet(258, 1, 1)
07-05 23:53:37.399 22606 22606 D PureDisplay: --setIrisDisplayHdrMode- mode =1--result = 0
07-05 23:53:37.399 22606 22606 D PureDisplay: PureDisplayModeChangeReceiver,pureDisplayMode=1
07-05 23:53:37.403 22606 22606 D PureDisplay: isDeviceProvisioned=true
07-05 23:53:37.403 22606 22606 D PureDisplay: isUserSetuped=true
07-05 23:53:37.403 22606 22606 D PureDisplay: setOriginalModeEnable()
07-05 23:53:37.410 22606 22606 I android_os_HwBinder: HwBinder: Starting thread pool for getting: vendor.pixelworks.hardware.display@1.0::IIris/default
07-05 23:53:37.414   944  7504 I IrisService: irisConfigureSet(0, 1, 0)
07-05 23:53:37.453 22606 22606 I android_os_HwBinder: HwBinder: Starting thread pool for getting: vendor.pixelworks.hardware.display@1.0::IIris/default
07-05 23:53:37.454   944  1032 I IrisService: irisConfigureSet(41, 1, 0)
07-05 23:53:37.456 22606 22606 I android_os_HwBinder: HwBinder: Starting thread pool for getting: vendor.pixelworks.hardware.display@1.0::IIris/default
07-05 23:53:37.456   944  7504 I IrisService: irisConfigureSet(42, 1, 0)
07-05 23:53:37.472 22606 22606 I android_os_HwBinder: HwBinder: Starting thread pool for getting: vendor.pixelworks.hardware.display@1.0::IIris/default
07-05 23:53:37.473   944  7504 I IrisService: irisConfigureSet(40, 1, 0)
07-05 23:53:37.485  6048  6048 I GoogleInputMethodService: GoogleInputMethodService.onFinishInput():3306 
07-05 23:53:37.487  6048  6048 I GoogleInputMethodService: GoogleInputMethodService.updateDeviceLockedStatus():2127 repeatCheckTimes = 0, locked = false
07-05 23:53:37.487  6048  6048 I GoogleInputMethodService: GoogleInputMethodService.onStartInput():1909 onStartInput(EditorInfo{inputType=0x0(NULL) imeOptions=0x0 privateImeOptions=null actionName=UNSPECIFIED actionLabel=null actionId=0 initialSelStart=-1 initialSelEnd=-1 initialCapsMode=0x0 hintText=null label=null packageName=com.example.batterymanager_utility fieldId=-1 fieldName=null extras=null hintLocales=[]}, false)
07-05 23:53:37.487  6048  6048 I GoogleInputMethodService: GoogleInputMethodService.shouldHideHeaderOnInitialState():1990 ShouldHideHeaderOnInitialState = false
07-05 23:53:37.488  6048  6048 I GoogleInputMethodService: GoogleInputMethodService.updateDeviceLockedStatus():2127 repeatCheckTimes = 1, locked = false
07-05 23:53:37.499 22606 22606 I android_os_HwBinder: HwBinder: Starting thread pool for getting: vendor.pixelworks.hardware.display@1.0::IIris/default
07-05 23:53:37.500   944  1033 I IrisService: irisConfigureSet(36, 1, 0)
07-05 23:53:37.531 22606 22606 D PureDisplay: getWhiteBalanceAutoMode()0
07-05 23:53:37.533 22606 22606 I android_os_HwBinder: HwBinder: Starting thread pool for getting: vendor.pixelworks.hardware.display@1.0::IIris/default
07-05 23:53:37.534   944   944 I IrisService: irisConfigureSet(39, 1, 1)
07-05 23:53:37.567 22606 22606 I android_os_HwBinder: HwBinder: Starting thread pool for getting: vendor.pixelworks.hardware.display@1.0::IIris/default
07-05 23:53:37.568   944  1033 I IrisService: irisConfigureSet(264, 1, 0)
07-05 23:53:37.569 22606 22606 D PureDisplay: PureDisplayModeChangeReceiver,lastclass=com.example.batterymanager_utility.MainActivity
07-05 23:53:37.571 22606 22606 D PureDisplay: PureDisplayModeChangeReceiver,lastpackage=com.example.batterymanager_utility
07-05 23:53:37.572 22606 22606 D PureDisplay: PureDisplayModeChangeReceiver,lastpackage_resume=1
07-05 23:53:38.388  1214  1214 W /system/vendor/bin/ipacm: type=1400 audit(0.0:419031): avc: denied { write } for comm=6E65746C696E6B20736F636B6574 name="ipacm_log_file" dev="tmpfs" ino=20285 scontext=u:r:ipacm:s0 tcontext=u:object_r:ipacm_socket:s0 tclass=sock_file permissive=0
07-05 23:53:38.388  1214  1214 I chatty  : uid=1001(radio) /system/vendor/bin/ipacm identical 1 line
07-05 23:53:38.388  1214  1214 W /system/vendor/bin/ipacm: type=1400 audit(0.0:419033): avc: denied { write } for comm=6E65746C696E6B20736F636B6574 name="ipacm_log_file" dev="tmpfs" ino=20285 scontext=u:r:ipacm:s0 tcontext=u:object_r:ipacm_socket:s0 tclass=sock_file permissive=0
07-05 23:53:38.388  1214  1214 W ipacm   : type=1400 audit(0.0:419034): avc: denied { write } for name="ipacm_log_file" dev="tmpfs" ino=20285 scontext=u:r:ipacm:s0 tcontext=u:object_r:ipacm_socket:s0 tclass=sock_file permissive=0
07-05 23:53:38.388  1214  1214 W ipacm   : type=1400 audit(0.0:419035): avc: denied { write } for name="ipacm_log_file" dev="tmpfs" ino=20285 scontext=u:r:ipacm:s0 tcontext=u:object_r:ipacm_socket:s0 tclass=sock_file permissive=0
07-05 23:53:40.692  1704  4026 I ActivityManager: Force stopping com.example.batterymanager_utility appid=10200 user=0: from pid 27309
07-05 23:53:40.692  1704  4026 I ActivityManager: Killing 27149:com.example.batterymanager_utility/u0a200 (adj 0): stop com.example.batterymanager_utility due to from pid 27309
07-05 23:53:40.695  1704  4026 W ActivityTaskManager: Force removing ActivityRecord{f11a1f4 u0 com.example.batterymanager_utility/.MainActivity t537 f}}: app died, no saved state
07-05 23:53:40.724   885   885 I Zygote  : Process 27149 exited due to signal 9 (Killed)
07-05 23:53:40.739  1704  1875 I libprocessgroup: Successfully killed process cgroup uid 10200 pid 27149 in 45ms
07-05 23:53:40.757  3293  3293 E PhoneInterfaceManager: [PhoneIntfMgr] getCarrierPackageNamesForIntentAndPhone: No UICC
07-05 23:53:40.757  3293  3293 D CarrierSvcBindHelper: No carrier app for: 0
07-05 23:53:40.757  3293  3293 E PhoneInterfaceManager: [PhoneIntfMgr] getCarrierPackageNamesForIntentAndPhone: No UICC
07-05 23:53:40.757  3293  3293 D CarrierSvcBindHelper: No carrier app for: 1
07-05 23:53:40.759  1704 25570 E ANDR-PERF-JNI: UXEngine Trigger - Returning null
07-05 23:53:40.763  1704  1854 W ActivityManager: setHasOverlayUi called on unknown pid: 27149
07-05 23:53:40.766  4374  4374 I A       : onStart
07-05 23:53:40.784  4019  4019 D RegisteredServicesCache: Others service enabled : ComponentInfo{com.google.android.gms/com.google.android.gms.nearby.mediums.nearfieldcommunication.NfcAdvertisingService}
07-05 23:53:40.784  4019  4019 D RegisteredServicesCache: Others service enabled : ComponentInfo{com.google.android.gms/com.google.android.gms.pay.hce.service.PayHceService}
07-05 23:53:40.784  4019  4019 D RegisteredServicesCache: Others service enabled : ComponentInfo{com.google.android.gms/com.google.android.gms.tapandpay.hce.service.TpHceService}
07-05 23:53:40.784  4019  4019 D RegisteredServicesCache: Others service enabled : ComponentInfo{com.google.android.gms/com.google.android.gms.dck.service.DckNfcApduService}
07-05 23:53:40.786  1704  4026 D CompatibilityInfo: mCompatibilityFlags - 0
07-05 23:53:40.786  1704  4026 D CompatibilityInfo: applicationDensity - 420
07-05 23:53:40.786  1704  4026 D CompatibilityInfo: applicationScale - 1.0
07-05 23:53:40.787  4019  4019 D AidRoutingManager: Default: 0, aid size: 314
07-05 23:53:40.787  4019  4019 D AidRoutingManager: Default: 2, aid size: 0
07-05 23:53:40.787  4019  4019 D AidRoutingManager: Default: 3, aid size: 0
07-05 23:53:40.787  4019  4019 D AidRoutingManager: Default: 0, aid expected size: 0
07-05 23:53:40.787  4019  4019 D AidRoutingManager: Default: 2, aid expected size: 314
07-05 23:53:40.787  4019  4019 D AidRoutingManager: Default: 3, aid expected size: 314
07-05 23:53:40.789  4019  4019 D RegisteredNfcFServicesCache: Service unchanged, not updating
07-05 23:53:40.790  4188  4188 D BoundBrokerSvc: onBind: Intent { act=com.google.android.gms.inappreach.service.START dat=chimera-action: cmp=com.google.android.gms/.chimera.GmsApiService }
07-05 23:53:40.790  4188  4188 D BoundBrokerSvc: Loading bound service for intent: Intent { act=com.google.android.gms.inappreach.service.START dat=chimera-action: cmp=com.google.android.gms/.chimera.GmsApiService }
07-05 23:53:40.811  3086  3086 D PureDisplay: package-com.android.launcher3 DYNAMIC_ORIGINAL_MODE open
07-05 23:53:40.814  4374  4374 I A       : onResume
07-05 23:53:40.815 22606 22606 D PureDisplay: PureDisplayModeChangeReceiver,hdrMode=1
07-05 23:53:40.819 22606 22606 I android_os_HwBinder: HwBinder: Starting thread pool for getting: vendor.pixelworks.hardware.display@1.0::IIris/default
07-05 23:53:40.820   944  1033 I IrisService: irisConfigureSet(258, 1, 1)
07-05 23:53:40.821 22606 22606 D PureDisplay: --setIrisDisplayHdrMode- mode =1--result = 0
07-05 23:53:40.821 22606 22606 D PureDisplay: PureDisplayModeChangeReceiver,pureDisplayMode=1
07-05 23:53:40.823 22606 22606 D PureDisplay: isDeviceProvisioned=true
07-05 23:53:40.823 22606 22606 D PureDisplay: isUserSetuped=true
07-05 23:53:40.823 22606 22606 D PureDisplay: setOriginalModeEnable()
07-05 23:53:40.824 22606 22606 I android_os_HwBinder: HwBinder: Starting thread pool for getting: vendor.pixelworks.hardware.display@1.0::IIris/default
07-05 23:53:40.828  3947  3947 I HdmBroadcastRecvUpd: (REDACTED) received broadcast: %s
07-05 23:53:40.828  3947  4760 I HdmHotwordRequestListen: (REDACTED) received broadcast: %s
07-05 23:53:40.828  3947  4760 I SodaTriggeringFrontend: (REDACTED) #onConfigUpdate. requester: %s
07-05 23:53:40.829  3947  4760 I SodaTriggeringFrontend: #onConfigUpdate inside sequencer
07-05 23:53:40.829  3947  4760 I A       : (REDACTED) Voice Match (Speaker-id) supported : %b 
07-05 23:53:40.829  3947  4760 I A       : (REDACTED) hotword enrollment state is enrolled:  %b, speakerId model exist: %b. Voice Match supported : %b 
07-05 23:53:40.829  3947  4760 I A       : (REDACTED) isHotwordAvailable():  %b, isHotwordEnabled() %b 
07-05 23:53:40.829  3947  4760 I A       : (REDACTED) isHotwordAvailable():  %b, isHotwordEnabled() %b 
07-05 23:53:40.829  3947  4760 I A       : (REDACTED) Hotword enrollment state : %s.
07-05 23:53:40.829  3947  4760 I A       : (REDACTED) Voice Match (Speaker-id) supported : %b 
07-05 23:53:40.829  3947  4760 I A       : (REDACTED) Voice Match (Speaker-id) supported : %b 
