07-03 14:56:27.090 16630 16644 I pufactorialtes: NativeAlloc concurrent copying GC freed 83185(2350KB) AllocSpace objects, 0(0B) LOS objects, 49% free, 3039KB/6078KB, paused 79us total 117.380ms
07-03 14:56:27.132  1301  1301 W ipacm   : type=1400 audit(0.0:5417632): avc: denied { write } for name="ipacm_log_file" dev="tmpfs" ino=28733 scontext=u:r:ipacm:s0 tcontext=u:object_r:ipacm_socket:s0 tclass=sock_file permissive=0
07-03 14:56:27.132  1301  1301 I chatty  : uid=1001(radio) /system/vendor/bin/ipacm identical 3 lines
07-03 14:56:27.132  1301  1301 W ipacm   : type=1400 audit(0.0:5417636): avc: denied { write } for name="ipacm_log_file" dev="tmpfs" ino=28733 scontext=u:r:ipacm:s0 tcontext=u:object_r:ipacm_socket:s0 tclass=sock_file permissive=0
07-03 14:56:27.799 16584 16678 I BatteryMgr:DataCollectionService: stats => 1688388987798,-215820,4252
07-03 14:56:28.322  1301  1301 W ipacm   : type=1400 audit(0.0:5417668): avc: denied { write } for name="ipacm_log_file" dev="tmpfs" ino=28733 scontext=u:r:ipacm:s0 tcontext=u:object_r:ipacm_socket:s0 tclass=sock_file permissive=0
07-03 14:56:28.422  1301  1301 I chatty  : uid=1001(radio) /system/vendor/bin/ipacm identical 3 lines
07-03 14:56:28.422  1301  1301 W ipacm   : type=1400 audit(0.0:5417672): avc: denied { write } for name="ipacm_log_file" dev="tmpfs" ino=28733 scontext=u:r:ipacm:s0 tcontext=u:object_r:ipacm_socket:s0 tclass=sock_file permissive=0
07-03 14:56:28.809 16584 16678 I BatteryMgr:DataCollectionService: stats => 1688388988809,-129394,4252
07-03 14:56:29.452  1301  1301 W ipacm   : type=1400 audit(0.0:5417791): avc: denied { write } for name="ipacm_log_file" dev="tmpfs" ino=28733 scontext=u:r:ipacm:s0 tcontext=u:object_r:ipacm_socket:s0 tclass=sock_file permissive=0
07-03 14:56:29.552  1301  1301 I chatty  : uid=1001(radio) /system/vendor/bin/ipacm identical 3 lines
07-03 14:56:29.552  1301  1301 W ipacm   : type=1400 audit(0.0:5417795): avc: denied { write } for name="ipacm_log_file" dev="tmpfs" ino=28733 scontext=u:r:ipacm:s0 tcontext=u:object_r:ipacm_socket:s0 tclass=sock_file permissive=0
07-03 14:56:29.817 16584 16678 I BatteryMgr:DataCollectionService: stats => 1688388989817,-129394,4252
07-03 14:56:30.492  1301  1301 W ipacm   : type=1400 audit(0.0:5417905): avc: denied { write } for name="ipacm_log_file" dev="tmpfs" ino=28733 scontext=u:r:ipacm:s0 tcontext=u:object_r:ipacm_socket:s0 tclass=sock_file permissive=0
07-03 14:56:30.492  1301  1301 I chatty  : uid=1001(radio) /system/vendor/bin/ipacm identical 3 lines
07-03 14:56:30.492  1301  1301 W ipacm   : type=1400 audit(0.0:5417909): avc: denied { write } for name="ipacm_log_file" dev="tmpfs" ino=28733 scontext=u:r:ipacm:s0 tcontext=u:object_r:ipacm_socket:s0 tclass=sock_file permissive=0
07-03 14:56:30.836 16584 16678 I BatteryMgr:DataCollectionService: stats => 1688388990835,-144531,4252
07-03 14:56:31.552  1301  1301 W /system/vendor/bin/ipacm: type=1400 audit(0.0:5417980): avc: denied { write } for comm=6E65746C696E6B20736F636B6574 name="ipacm_log_file" dev="tmpfs" ino=28733 scontext=u:r:ipacm:s0 tcontext=u:object_r:ipacm_socket:s0 tclass=sock_file permissive=0
07-03 14:56:31.552  1301  1301 I chatty  : uid=1001(radio) /system/vendor/bin/ipacm identical 1 line
07-03 14:56:31.552  1301  1301 W /system/vendor/bin/ipacm: type=1400 audit(0.0:5417982): avc: denied { write } for comm=6E65746C696E6B20736F636B6574 name="ipacm_log_file" dev="tmpfs" ino=28733 scontext=u:r:ipacm:s0 tcontext=u:object_r:ipacm_socket:s0 tclass=sock_file permissive=0
07-03 14:56:31.552  1301  1301 W ipacm   : type=1400 audit(0.0:5417983): avc: denied { write } for name="ipacm_log_file" dev="tmpfs" ino=28733 scontext=u:r:ipacm:s0 tcontext=u:object_r:ipacm_socket:s0 tclass=sock_file permissive=0
07-03 14:56:31.552  1301  1301 W ipacm   : type=1400 audit(0.0:5417984): avc: denied { write } for name="ipacm_log_file" dev="tmpfs" ino=28733 scontext=u:r:ipacm:s0 tcontext=u:object_r:ipacm_socket:s0 tclass=sock_file permissive=0
07-03 14:56:31.851 16584 16678 I BatteryMgr:DataCollectionService: stats => 1688388991851,-295410,4252
07-03 14:56:32.732  1301  1301 W ipacm   : type=1400 audit(0.0:5418098): avc: denied { write } for name="ipacm_log_file" dev="tmpfs" ino=28733 scontext=u:r:ipacm:s0 tcontext=u:object_r:ipacm_socket:s0 tclass=sock_file permissive=0
07-03 14:56:32.732  1301  1301 I chatty  : uid=1001(radio) /system/vendor/bin/ipacm identical 3 lines
07-03 14:56:32.732  1301  1301 W ipacm   : type=1400 audit(0.0:5418102): avc: denied { write } for name="ipacm_log_file" dev="tmpfs" ino=28733 scontext=u:r:ipacm:s0 tcontext=u:object_r:ipacm_socket:s0 tclass=sock_file permissive=0
07-03 14:56:32.866 16584 16678 I BatteryMgr:DataCollectionService: stats => 1688388992866,-122558,4252
07-03 14:56:33.881 16584 16678 I BatteryMgr:DataCollectionService: stats => 1688388993881,-122558,4252
07-03 14:56:33.932  1301  1301 W ipacm   : type=1400 audit(0.0:5418212): avc: denied { write } for name="ipacm_log_file" dev="tmpfs" ino=28733 scontext=u:r:ipacm:s0 tcontext=u:object_r:ipacm_socket:s0 tclass=sock_file permissive=0
07-03 14:56:33.932  1301  1301 I chatty  : uid=1001(radio) /system/vendor/bin/ipacm identical 3 lines
07-03 14:56:33.932  1301  1301 W ipacm   : type=1400 audit(0.0:5418216): avc: denied { write } for name="ipacm_log_file" dev="tmpfs" ino=28733 scontext=u:r:ipacm:s0 tcontext=u:object_r:ipacm_socket:s0 tclass=sock_file permissive=0
07-03 14:56:34.890 16584 16678 I BatteryMgr:DataCollectionService: stats => 1688388994889,-123535,4252
07-03 14:56:34.972  1301  1301 W ipacm   : type=1400 audit(0.0:5418312): avc: denied { write } for name="ipacm_log_file" dev="tmpfs" ino=28733 scontext=u:r:ipacm:s0 tcontext=u:object_r:ipacm_socket:s0 tclass=sock_file permissive=0
07-03 14:56:34.972  1301  1301 I chatty  : uid=1001(radio) /system/vendor/bin/ipacm identical 3 lines
07-03 14:56:34.972  1301  1301 W ipacm   : type=1400 audit(0.0:5418316): avc: denied { write } for name="ipacm_log_file" dev="tmpfs" ino=28733 scontext=u:r:ipacm:s0 tcontext=u:object_r:ipacm_socket:s0 tclass=sock_file permissive=0
07-03 14:56:35.902 16584 16678 I BatteryMgr:DataCollectionService: stats => 1688388995902,-206542,4252
07-03 14:56:36.412  1301  1301 W ipacm   : type=1400 audit(0.0:5418342): avc: denied { write } for name="ipacm_log_file" dev="tmpfs" ino=28733 scontext=u:r:ipacm:s0 tcontext=u:object_r:ipacm_socket:s0 tclass=sock_file permissive=0
07-03 14:56:36.412  1301  1301 I chatty  : uid=1001(radio) /system/vendor/bin/ipacm identical 3 lines
07-03 14:56:36.412  1301  1301 W ipacm   : type=1400 audit(0.0:5418346): avc: denied { write } for name="ipacm_log_file" dev="tmpfs" ino=28733 scontext=u:r:ipacm:s0 tcontext=u:object_r:ipacm_socket:s0 tclass=sock_file permissive=0
07-03 14:56:36.918 16584 16678 I BatteryMgr:DataCollectionService: stats => 1688388996917,-206542,4252
07-03 14:56:37.612  1301  1301 W ipacm   : type=1400 audit(0.0:5418360): avc: denied { write } for name="ipacm_log_file" dev="tmpfs" ino=28733 scontext=u:r:ipacm:s0 tcontext=u:object_r:ipacm_socket:s0 tclass=sock_file permissive=0
07-03 14:56:37.612  1301  1301 I chatty  : uid=1001(radio) /system/vendor/bin/ipacm identical 3 lines
07-03 14:56:37.612  1301  1301 W ipacm   : type=1400 audit(0.0:5418364): avc: denied { write } for name="ipacm_log_file" dev="tmpfs" ino=28733 scontext=u:r:ipacm:s0 tcontext=u:object_r:ipacm_socket:s0 tclass=sock_file permissive=0
07-03 14:56:37.800 16630 16644 I pufactorialtes: NativeAlloc concurrent copying GC freed 83201(2359KB) AllocSpace objects, 0(0B) LOS objects, 49% free, 3029KB/6059KB, paused 78us total 110.078ms
07-03 14:56:37.930 16584 16678 I BatteryMgr:DataCollectionService: stats => 1688388997930,-113769,4252
07-03 14:56:38.652  1301  1301 W ipacm   : type=1400 audit(0.0:5418396): avc: denied { write } for name="ipacm_log_file" dev="tmpfs" ino=28733 scontext=u:r:ipacm:s0 tcontext=u:object_r:ipacm_socket:s0 tclass=sock_file permissive=0
07-03 14:56:38.652  1301  1301 I chatty  : uid=1001(radio) /system/vendor/bin/ipacm identical 3 lines
07-03 14:56:38.652  1301  1301 W ipacm   : type=1400 audit(0.0:5418400): avc: denied { write } for name="ipacm_log_file" dev="tmpfs" ino=28733 scontext=u:r:ipacm:s0 tcontext=u:object_r:ipacm_socket:s0 tclass=sock_file permissive=0
07-03 14:56:38.949 16584 16678 I BatteryMgr:DataCollectionService: stats => 1688388998948,-169433,4252
07-03 14:56:39.772  1301  1301 W ipacm   : type=1400 audit(0.0:5418536): avc: denied { write } for name="ipacm_log_file" dev="tmpfs" ino=28733 scontext=u:r:ipacm:s0 tcontext=u:object_r:ipacm_socket:s0 tclass=sock_file permissive=0
07-03 14:56:39.772  1301  1301 I chatty  : uid=1001(radio) /system/vendor/bin/ipacm identical 3 lines
07-03 14:56:39.772  1301  1301 W ipacm   : type=1400 audit(0.0:5418540): avc: denied { write } for name="ipacm_log_file" dev="tmpfs" ino=28733 scontext=u:r:ipacm:s0 tcontext=u:object_r:ipacm_socket:s0 tclass=sock_file permissive=0
07-03 14:56:39.963 16584 16678 I BatteryMgr:DataCollectionService: stats => 1688388999963,-169433,4252
07-03 14:56:40.812  1301  1301 W ipacm   : type=1400 audit(0.0:5418623): avc: denied { write } for name="ipacm_log_file" dev="tmpfs" ino=28733 scontext=u:r:ipacm:s0 tcontext=u:object_r:ipacm_socket:s0 tclass=sock_file permissive=0
07-03 14:56:40.812  1301  1301 I chatty  : uid=1001(radio) /system/vendor/bin/ipacm identical 3 lines
07-03 14:56:40.812  1301  1301 W ipacm   : type=1400 audit(0.0:5418627): avc: denied { write } for name="ipacm_log_file" dev="tmpfs" ino=28733 scontext=u:r:ipacm:s0 tcontext=u:object_r:ipacm_socket:s0 tclass=sock_file permissive=0
07-03 14:56:40.971 16584 16678 I BatteryMgr:DataCollectionService: stats => 1688389000970,-130371,4252
07-03 14:56:41.922  1301  1301 W ipacm   : type=1400 audit(0.0:5418728): avc: denied { write } for name="ipacm_log_file" dev="tmpfs" ino=28733 scontext=u:r:ipacm:s0 tcontext=u:object_r:ipacm_socket:s0 tclass=sock_file permissive=0
07-03 14:56:41.922  1301  1301 I chatty  : uid=1001(radio) /system/vendor/bin/ipacm identical 1 line
07-03 14:56:41.922  1301  1301 W ipacm   : type=1400 audit(0.0:5418730): avc: denied { write } for name="ipacm_log_file" dev="tmpfs" ino=28733 scontext=u:r:ipacm:s0 tcontext=u:object_r:ipacm_socket:s0 tclass=sock_file permissive=0
07-03 14:56:41.978 16584 16678 I BatteryMgr:DataCollectionService: stats => 1688389001977,-117187,4252
07-03 14:56:42.012  1301  1301 W ipacm   : type=1400 audit(0.0:5418731): avc: denied { write } for name="ipacm_log_file" dev="tmpfs" ino=28733 scontext=u:r:ipacm:s0 tcontext=u:object_r:ipacm_socket:s0 tclass=sock_file permissive=0
07-03 14:56:42.972  1301  1301 I chatty  : uid=1001(radio) /system/vendor/bin/ipacm identical 5 lines
07-03 14:56:42.972  1301  1301 W ipacm   : type=1400 audit(0.0:5418831): avc: denied { write } for name="ipacm_log_file" dev="tmpfs" ino=28733 scontext=u:r:ipacm:s0 tcontext=u:object_r:ipacm_socket:s0 tclass=sock_file permissive=0
07-03 14:56:42.985 16584 16678 I BatteryMgr:DataCollectionService: stats => 1688389002985,-117187,4252
07-03 14:56:43.145 16630 16644 I pufactorialtes: NativeAlloc concurrent copying GC freed 83297(2363KB) AllocSpace objects, 0(0B) LOS objects, 49% free, 3042KB/6084KB, paused 76us total 107.879ms
07-03 14:56:43.994 16584 16678 I BatteryMgr:DataCollectionService: stats => 1688389003994,-272460,4252
07-03 14:56:44.072  1301  1301 W ipacm   : type=1400 audit(0.0:5418929): avc: denied { write } for name="ipacm_log_file" dev="tmpfs" ino=28733 scontext=u:r:ipacm:s0 tcontext=u:object_r:ipacm_socket:s0 tclass=sock_file permissive=0
07-03 14:56:44.072  1301  1301 I chatty  : uid=1001(radio) /system/vendor/bin/ipacm identical 3 lines
07-03 14:56:44.072  1301  1301 W ipacm   : type=1400 audit(0.0:5418933): avc: denied { write } for name="ipacm_log_file" dev="tmpfs" ino=28733 scontext=u:r:ipacm:s0 tcontext=u:object_r:ipacm_socket:s0 tclass=sock_file permissive=0
07-03 14:56:45.003 16584 16678 I BatteryMgr:DataCollectionService: stats => 1688389005002,-124511,4252
07-03 14:56:45.102  1301  1301 W ipacm   : type=1400 audit(0.0:5418995): avc: denied { write } for name="ipacm_log_file" dev="tmpfs" ino=28733 scontext=u:r:ipacm:s0 tcontext=u:object_r:ipacm_socket:s0 tclass=sock_file permissive=0
07-03 14:56:45.102  1301  1301 I chatty  : uid=1001(radio) /system/vendor/bin/ipacm identical 3 lines
07-03 14:56:45.102  1301  1301 W ipacm   : type=1400 audit(0.0:5418999): avc: denied { write } for name="ipacm_log_file" dev="tmpfs" ino=28733 scontext=u:r:ipacm:s0 tcontext=u:object_r:ipacm_socket:s0 tclass=sock_file permissive=0
07-03 14:56:46.012 16584 16678 I BatteryMgr:DataCollectionService: stats => 1688389006012,-124511,4252
07-03 14:56:46.972  1301  1301 W ipacm   : type=1400 audit(0.0:5419037): avc: denied { write } for name="ipacm_log_file" dev="tmpfs" ino=28733 scontext=u:r:ipacm:s0 tcontext=u:object_r:ipacm_socket:s0 tclass=sock_file permissive=0
07-03 14:56:46.972  1301  1301 I chatty  : uid=1001(radio) /system/vendor/bin/ipacm identical 3 lines
07-03 14:56:46.972  1301  1301 W ipacm   : type=1400 audit(0.0:5419041): avc: denied { write } for name="ipacm_log_file" dev="tmpfs" ino=28733 scontext=u:r:ipacm:s0 tcontext=u:object_r:ipacm_socket:s0 tclass=sock_file permissive=0
07-03 14:56:47.027 16584 16678 I BatteryMgr:DataCollectionService: stats => 1688389007026,-205566,4252
07-03 14:56:48.039 16584 16678 I BatteryMgr:DataCollectionService: stats => 1688389008039,-260253,4252
07-03 14:56:48.092  1301  1301 W ipacm   : type=1400 audit(0.0:5419109): avc: denied { write } for name="ipacm_log_file" dev="tmpfs" ino=28733 scontext=u:r:ipacm:s0 tcontext=u:object_r:ipacm_socket:s0 tclass=sock_file permissive=0
07-03 14:56:48.092  1301  1301 I chatty  : uid=1001(radio) /system/vendor/bin/ipacm identical 3 lines
07-03 14:56:48.092  1301  1301 W ipacm   : type=1400 audit(0.0:5419113): avc: denied { write } for name="ipacm_log_file" dev="tmpfs" ino=28733 scontext=u:r:ipacm:s0 tcontext=u:object_r:ipacm_socket:s0 tclass=sock_file permissive=0
07-03 14:56:48.643 16630 16644 I pufactorialtes: NativeAlloc concurrent copying GC freed 84091(2386KB) AllocSpace objects, 0(0B) LOS objects, 49% free, 3042KB/6085KB, paused 77us total 109.328ms
07-03 14:56:49.054 16584 16678 I BatteryMgr:DataCollectionService: stats => 1688389009054,-113769,4252
07-03 14:56:49.212  1301  1301 W ipacm   : type=1400 audit(0.0:5419182): avc: denied { write } for name="ipacm_log_file" dev="tmpfs" ino=28733 scontext=u:r:ipacm:s0 tcontext=u:object_r:ipacm_socket:s0 tclass=sock_file permissive=0
07-03 14:56:49.292  1301  1301 I chatty  : uid=1001(radio) /system/vendor/bin/ipacm identical 3 lines
07-03 14:56:49.292  1301  1301 W ipacm   : type=1400 audit(0.0:5419186): avc: denied { write } for name="ipacm_log_file" dev="tmpfs" ino=28733 scontext=u:r:ipacm:s0 tcontext=u:object_r:ipacm_socket:s0 tclass=sock_file permissive=0
07-03 14:56:49.718 16630 16644 I pufactorialtes: NativeAlloc concurrent copying GC freed 81790(2340KB) AllocSpace objects, 0(0B) LOS objects, 49% free, 2942KB/5885KB, paused 76us total 117.606ms
07-03 14:56:50.069 16584 16678 I BatteryMgr:DataCollectionService: stats => 1688389010069,-113769,4252
07-03 14:56:50.322  1301  1301 W ipacm   : type=1400 audit(0.0:5419287): avc: denied { write } for name="ipacm_log_file" dev="tmpfs" ino=28733 scontext=u:r:ipacm:s0 tcontext=u:object_r:ipacm_socket:s0 tclass=sock_file permissive=0
07-03 14:56:50.322  1301  1301 I chatty  : uid=1001(radio) /system/vendor/bin/ipacm identical 3 lines
07-03 14:56:50.322  1301  1301 W ipacm   : type=1400 audit(0.0:5419291): avc: denied { write } for name="ipacm_log_file" dev="tmpfs" ino=28733 scontext=u:r:ipacm:s0 tcontext=u:object_r:ipacm_socket:s0 tclass=sock_file permissive=0
07-03 14:56:50.479  1631  2406 D WifiNative: Scan trigered from WifiNative
07-03 14:56:50.481  1366  6517 D LOWI-9.0.0.79: [LOWI-Scan] wait_event:Wait done with Cmd 33
07-03 14:56:50.481  1366  6517 D LOWI-9.0.0.79: [LOWI-Scan] do_listen_events: Rcvd valid Netlink Cmd 0 Err 0
07-03 14:56:50.777 16630 16644 I pufactorialtes: NativeAlloc concurrent copying GC freed 78584(2240KB) AllocSpace objects, 0(0B) LOS objects, 49% free, 2942KB/5885KB, paused 72us total 111.206ms
07-03 14:56:51.076 16584 16678 I BatteryMgr:DataCollectionService: stats => 1688389011076,-159179,4252
07-03 14:56:51.442  1301  1301 W ipacm   : type=1400 audit(0.0:5419377): avc: denied { write } for name="ipacm_log_file" dev="tmpfs" ino=28733 scontext=u:r:ipacm:s0 tcontext=u:object_r:ipacm_socket:s0 tclass=sock_file permissive=0
07-03 14:56:51.442  1301  1301 I chatty  : uid=1001(radio) /system/vendor/bin/ipacm identical 3 lines
07-03 14:56:51.442  1301  1301 W ipacm   : type=1400 audit(0.0:5419381): avc: denied { write } for name="ipacm_log_file" dev="tmpfs" ino=28733 scontext=u:r:ipacm:s0 tcontext=u:object_r:ipacm_socket:s0 tclass=sock_file permissive=0
07-03 14:56:51.832 16630 16644 I pufactorialtes: NativeAlloc concurrent copying GC freed 78584(2240KB) AllocSpace objects, 0(0B) LOS objects, 49% free, 2942KB/5885KB, paused 69us total 100.888ms
07-03 14:56:52.085 16584 16678 I BatteryMgr:DataCollectionService: stats => 1688389012084,-266113,4252
07-03 14:56:52.572  1301  1301 W ipacm   : type=1400 audit(0.0:5419467): avc: denied { write } for name="ipacm_log_file" dev="tmpfs" ino=28733 scontext=u:r:ipacm:s0 tcontext=u:object_r:ipacm_socket:s0 tclass=sock_file permissive=0
07-03 14:56:52.572  1301  1301 I chatty  : uid=1001(radio) /system/vendor/bin/ipacm identical 3 lines
07-03 14:56:52.572  1301  1301 W ipacm   : type=1400 audit(0.0:5419471): avc: denied { write } for name="ipacm_log_file" dev="tmpfs" ino=28733 scontext=u:r:ipacm:s0 tcontext=u:object_r:ipacm_socket:s0 tclass=sock_file permissive=0
07-03 14:56:53.092 16584 16678 I BatteryMgr:DataCollectionService: stats => 1688389013092,-266113,4252
07-03 14:56:53.692  1301  1301 W ipacm   : type=1400 audit(0.0:5419575): avc: denied { write } for name="ipacm_log_file" dev="tmpfs" ino=28733 scontext=u:r:ipacm:s0 tcontext=u:object_r:ipacm_socket:s0 tclass=sock_file permissive=0
07-03 14:56:53.692  1301  1301 I chatty  : uid=1001(radio) /system/vendor/bin/ipacm identical 3 lines
07-03 14:56:53.692  1301  1301 W ipacm   : type=1400 audit(0.0:5419579): avc: denied { write } for name="ipacm_log_file" dev="tmpfs" ino=28733 scontext=u:r:ipacm:s0 tcontext=u:object_r:ipacm_socket:s0 tclass=sock_file permissive=0
07-03 14:56:53.975 16630 16644 I pufactorialtes: NativeAlloc concurrent copying GC freed 78584(2240KB) AllocSpace objects, 0(0B) LOS objects, 49% free, 2942KB/5885KB, paused 70us total 112.021ms
07-03 14:56:54.682  1631 10167 I ActivityManager: Force stopping e.www.cpufactorialtest appid=10219 user=0: from pid 16724
07-03 14:56:54.683  1631 10167 I ActivityManager: Killing 16630:e.www.cpufactorialtest/u0a219 (adj 0): stop e.www.cpufactorialtest due to from pid 16724
07-03 14:56:54.685  1631 10167 W ActivityTaskManager: Force removing ActivityRecord{3f0c44f u0 e.www.cpufactorialtest/.MainActivity t420 f}}: app died, no saved state
07-03 14:56:54.717   815   815 I Zygote  : Process 16630 exited due to signal 9 (Killed)
07-03 14:56:54.723 16724 16726 I cmd     : oneway function results will be dropped but finished with status OK and parcel size 4
07-03 14:56:54.726  1631  1839 I libprocessgroup: Successfully killed process cgroup uid 10219 pid 16630 in 41ms
07-03 14:56:54.727  4072  4072 E PhoneInterfaceManager: [PhoneIntfMgr] getCarrierPackageNamesForIntentAndPhone: No UICC
07-03 14:56:54.727  4072  4072 D CarrierSvcBindHelper: No carrier app for: 0
07-03 14:56:54.729  4072  4072 E PhoneInterfaceManager: [PhoneIntfMgr] getCarrierPackageNamesForIntentAndPhone: No UICC
07-03 14:56:54.729  4072  4072 D CarrierSvcBindHelper: No carrier app for: 1
07-03 14:56:54.731  1631  1821 W ActivityManager: setHasOverlayUi called on unknown pid: 16630
07-03 14:56:54.737 16584 16584 V Activity: mLastPackageName-com.example.batterymanager_utility.MainActivity
07-03 14:56:54.751  4847  4847 D RegisteredServicesCache: Others service enabled : ComponentInfo{com.google.android.gms/com.google.android.gms.nearby.mediums.nearfieldcommunication.NfcAdvertisingService}
07-03 14:56:54.751  4847  4847 D RegisteredServicesCache: Others service enabled : ComponentInfo{com.google.android.gms/com.google.android.gms.pay.hce.service.PayHceService}
07-03 14:56:54.751  4847  4847 D RegisteredServicesCache: Others service enabled : ComponentInfo{com.google.android.gms/com.google.android.gms.tapandpay.hce.service.TpHceService}
07-03 14:56:54.751  4847  4847 D RegisteredServicesCache: Others service enabled : ComponentInfo{com.google.android.gms/com.google.android.gms.dck.service.DckNfcApduService}
07-03 14:56:54.754  4847  4847 D AidRoutingManager: Default: 0, aid size: 314
07-03 14:56:54.754  4847  4847 D AidRoutingManager: Default: 2, aid size: 0
07-03 14:56:54.754  4847  4847 D AidRoutingManager: Default: 3, aid size: 0
07-03 14:56:54.754  4847  4847 D AidRoutingManager: Default: 0, aid expected size: 0
07-03 14:56:54.754  4847  4847 D AidRoutingManager: Default: 2, aid expected size: 314
07-03 14:56:54.754  4847  4847 D AidRoutingManager: Default: 3, aid expected size: 314
07-03 14:56:54.755  4847  4847 D RegisteredNfcFServicesCache: Service unchanged, not updating
07-03 14:56:54.786 16584 16584 D PureDisplay: package-com.example.batterymanager_utility DYNAMIC_ORIGINAL_MODE open
07-03 14:56:54.790 23581 23581 D PureDisplay: PureDisplayModeChangeReceiver,hdrMode=1
07-03 14:56:54.792 23581 23581 I android_os_HwBinder: HwBinder: Starting thread pool for getting: vendor.pixelworks.hardware.display@1.0::IIris/default
07-03 14:56:54.794   872  9769 I IrisService: irisConfigureSet(258, 1, 1)
07-03 14:56:54.795 23581 23581 D PureDisplay: --setIrisDisplayHdrMode- mode =1--result = 0
07-03 14:56:54.795 23581 23581 D PureDisplay: PureDisplayModeChangeReceiver,pureDisplayMode=1
07-03 14:56:54.796 23581 23581 D PureDisplay: isDeviceProvisioned=true
07-03 14:56:54.797 23581 23581 D PureDisplay: isUserSetuped=true
07-03 14:56:54.797 23581 23581 D PureDisplay: setOriginalModeEnable()
07-03 14:56:54.801 23581 23581 I android_os_HwBinder: HwBinder: Starting thread pool for getting: vendor.pixelworks.hardware.display@1.0::IIris/default
07-03 14:56:54.802   872   944 I IrisService: irisConfigureSet(0, 1, 0)
07-03 14:56:54.822  1301  1301 W ipacm   : type=1400 audit(0.0:5419660): avc: denied { write } for name="ipacm_log_file" dev="tmpfs" ino=28733 scontext=u:r:ipacm:s0 tcontext=u:object_r:ipacm_socket:s0 tclass=sock_file permissive=0
07-03 14:56:54.822  1301  1301 I chatty  : uid=1001(radio) /system/vendor/bin/ipacm identical 3 lines
07-03 14:56:54.822  1301  1301 W ipacm   : type=1400 audit(0.0:5419664): avc: denied { write } for name="ipacm_log_file" dev="tmpfs" ino=28733 scontext=u:r:ipacm:s0 tcontext=u:object_r:ipacm_socket:s0 tclass=sock_file permissive=0
07-03 14:56:54.825 23581 23581 I android_os_HwBinder: HwBinder: Starting thread pool for getting: vendor.pixelworks.hardware.display@1.0::IIris/default
07-03 14:56:54.829   872  9769 I IrisService: irisConfigureSet(41, 1, 0)
07-03 14:56:54.832 23581 23581 I android_os_HwBinder: HwBinder: Starting thread pool for getting: vendor.pixelworks.hardware.display@1.0::IIris/default
07-03 14:56:54.835   872  9769 I IrisService: irisConfigureSet(42, 1, 0)
07-03 14:56:54.846 23581 23581 I android_os_HwBinder: HwBinder: Starting thread pool for getting: vendor.pixelworks.hardware.display@1.0::IIris/default
07-03 14:56:54.848   872  9769 I IrisService: irisConfigureSet(40, 1, 0)
07-03 14:56:54.854 23581 23581 I android_os_HwBinder: HwBinder: Starting thread pool for getting: vendor.pixelworks.hardware.display@1.0::IIris/default
07-03 14:56:54.855   872  9769 I IrisService: irisConfigureSet(36, 1, 0)
07-03 14:56:54.867 30292 30292 I GoogleInputMethodService: GoogleInputMethodService.onFinishInput():3306 
07-03 14:56:54.869 30292 30292 I GoogleInputMethodService: GoogleInputMethodService.updateDeviceLockedStatus():2127 repeatCheckTimes = 0, locked = false
07-03 14:56:54.869 23581 23581 D PureDisplay: getWhiteBalanceAutoMode()0
07-03 14:56:54.871 30292 30292 I GoogleInputMethodService: GoogleInputMethodService.onStartInput():1909 onStartInput(EditorInfo{inputType=0x0(NULL) imeOptions=0x0 privateImeOptions=null actionName=UNSPECIFIED actionLabel=null actionId=0 initialSelStart=-1 initialSelEnd=-1 initialCapsMode=0x0 hintText=null label=null packageName=com.example.batterymanager_utility fieldId=-1 fieldName=null extras=null hintLocales=[]}, false)
07-03 14:56:54.871 30292 30292 I GoogleInputMethodService: GoogleInputMethodService.shouldHideHeaderOnInitialState():1990 ShouldHideHeaderOnInitialState = false
07-03 14:56:54.871 30292 30292 I GoogleInputMethodService: GoogleInputMethodService.updateDeviceLockedStatus():2127 repeatCheckTimes = 1, locked = false
07-03 14:56:54.872 23581 23581 I android_os_HwBinder: HwBinder: Starting thread pool for getting: vendor.pixelworks.hardware.display@1.0::IIris/default
07-03 14:56:54.873   872   944 I IrisService: irisConfigureSet(39, 1, 1)
07-03 14:56:54.902 23581 23581 I android_os_HwBinder: HwBinder: Starting thread pool for getting: vendor.pixelworks.hardware.display@1.0::IIris/default
07-03 14:56:54.902   872   944 I IrisService: irisConfigureSet(264, 1, 0)
07-03 14:56:54.902 23581 23581 D PureDisplay: PureDisplayModeChangeReceiver,lastclass=com.example.batterymanager_utility.MainActivity
07-03 14:56:54.905 23581 23581 D PureDisplay: PureDisplayModeChangeReceiver,lastpackage=com.example.batterymanager_utility
07-03 14:56:54.906 23581 23581 D PureDisplay: PureDisplayModeChangeReceiver,lastpackage_resume=1
07-03 14:56:55.952  1301  1301 W ipacm   : type=1400 audit(0.0:5419755): avc: denied { write } for name="ipacm_log_file" dev="tmpfs" ino=28733 scontext=u:r:ipacm:s0 tcontext=u:object_r:ipacm_socket:s0 tclass=sock_file permissive=0
07-03 14:56:55.952  1301  1301 I chatty  : uid=1001(radio) /system/vendor/bin/ipacm identical 3 lines
07-03 14:56:55.952  1301  1301 W ipacm   : type=1400 audit(0.0:5419759): avc: denied { write } for name="ipacm_log_file" dev="tmpfs" ino=28733 scontext=u:r:ipacm:s0 tcontext=u:object_r:ipacm_socket:s0 tclass=sock_file permissive=0
07-03 14:56:56.731  1366  6517 D LOWI-9.0.0.79: [LOWI-Scan] wait_event:Wait done with Cmd 34
07-03 14:56:56.731  1366  6517 D LOWI-9.0.0.79: [LOWI-Scan] do_listen_events: Rcvd valid Netlink Cmd 34 Err 0
07-03 14:56:56.732  1366  6517 D LOWI-9.0.0.79: [LOWI-Scan] 
07-03 14:56:56.732  1366  6517 D LOWI-9.0.0.79: [LOWI-Scan] print_bss_handler: Report Probe TSF 171786800935 as it greater than Beacon TSF 171087791331
07-03 14:56:56.732  1366  6517 I LOWI-9.0.0.79: [LOWI-Scan] RSN_IE
07-03 14:56:56.732  1366  6517 D LOWI-9.0.0.79: [LOWI-Scan] decode_rsn_wpa_ie: Entered
07-03 14:56:56.732  1366  6517 D LOWI-9.0.0.79: [LOWIUtils] hexDump: msg(30 14 01 00 00 0f ac 04 01 00 00 0f ac 04 01 00 00 0f ac 02 )
07-03 14:56:56.732  1366  6517 D LOWI-9.0.0.79: [LOWI-Scan] decode_rsn_wpa_ie: LOWI_ENCRYPTION_TYPE_WPA_PSK
07-03 14:56:56.732  1366  6517 D LOWI-9.0.0.79: [LOWI-Scan] is_qcom_ie, bss_age: 0
07-03 14:56:56.733  1366  6517 D LOWI-9.0.0.79: [LOWI-Scan] BSS 34:60:f9:e3:ba:9c LOWI_PHY_MODE_11AC_VHT80(10), Beacon Interval: 100, LOWI_ENCRYPTION_TYPE_WPA_PSK 11mcRanging: No, ANQP: No, LCI: No, Civic: No, capability(0x0011): ESS Privacy
07-03 14:56:56.733  1366  6517 D LOWI-9.0.0.79: [LOWI-Scan] BSS 34:60:f9:e3:ba:9c FREQ: 5220, cFreq1[40:80:160] = [5230:5210:0] cFreq2 = 0 Country Code = DE 
07-03 14:56:56.733  1366  6517 D LOWI-9.0.0.79: [LOWI-Scan] BSS 34:60:f9:e3:ba:9c (wlan0) ASSO: NO AddInfo: 0x0, TSF 1, 23:43:06.800, RSSI: -154, CPL: 127, AGE: 5060,  SSID Horiisimasan, TSFDelta: 0xd67f0a96, TXRate: 0
07-03 14:56:56.733  1366  6517 D LOWI-9.0.0.79: [LOWI-Scan]  -- associated
07-03 14:56:56.733  1366  6517 D LOWI-9.0.0.79: [LOWI-Scan] 
07-03 14:56:56.733  1366  6517 D LOWI-9.0.0.79: [LOWI-Scan] print_bss_handler: Report beacon TSF 171791698506 as it greater than probe TSF 171785916848
07-03 14:56:56.733  1366  6517 I LOWI-9.0.0.79: [LOWI-Scan] RSN_IE
07-03 14:56:56.733  1366  6517 D LOWI-9.0.0.79: [LOWI-Scan] decode_rsn_wpa_ie: Entered
07-03 14:56:56.733  1366  6517 D LOWI-9.0.0.79: [LOWIUtils] hexDump: msg(30 14 01 00 00 0f ac 04 01 00 00 0f ac 04 01 00 00 0f ac 02 )
07-03 14:56:56.733  1366  6517 D LOWI-9.0.0.79: [LOWI-Scan] decode_rsn_wpa_ie: LOWI_ENCRYPTION_TYPE_WPA_PSK
07-03 14:56:56.733  1366  6517 D LOWI-9.0.0.79: [LOWI-Scan] is_qcom_ie, bss_age: 0
07-03 14:56:56.733  1366  6517 D LOWI-9.0.0.79: [LOWI-Scan] BSS 90:9a:4a:19:d8:a6 LOWI_PHY_MODE_11NG_HT40(7), Beacon Interval: 100, LOWI_ENCRYPTION_TYPE_WPA_PSK 11mcRanging: No, ANQP: No, LCI: No, Civic: No, capability(0x0431): ESS Privacy ShortPreamble ShortSlotTime
07-03 14:56:56.733  1366  6517 D LOWI-9.0.0.79: [LOWI-Scan] BSS 90:9a:4a:19:d8:a6 FREQ: 2427, cFreq1[40:80:160] = [2437:0:0] cFreq2 = 0 Country Code =    
07-03 14:56:56.733  1366  6517 D LOWI-9.0.0.79: [LOWI-Scan] BSS 90:9a:4a:19:d8:a6 (wlan0) ASSO: YES AddInfo: 0x1, TSF 1, 23:43:11.698, RSSI: -66, CPL: 127, AGE: 0,  SSID DoodleBoodle, TSFDelta: 0x70fb0ec1, TXRate: 0
07-03 14:56:56.733  1366  6517 D LOWI-9.0.0.79: [LOWI-Scan] 
07-03 14:56:56.733  1366  6517 D LOWI-9.0.0.79: [LOWI-Scan] print_bss_handler: Report beacon TSF 171786661013 as it greater than probe TSF 171786658820
07-03 14:56:56.733  1366  6517 I LOWI-9.0.0.79: [LOWI-Scan] RSN_IE
07-03 14:56:56.733  1366  6517 D LOWI-9.0.0.79: [LOWI-Scan] decode_rsn_wpa_ie: Entered
07-03 14:56:56.733  1366  6517 D LOWI-9.0.0.79: [LOWIUtils] hexDump: msg(30 18 01 00 00 0f ac 02 02 00 00 0f ac 04 00 0f ac 02 01 00 00 0f ac 02 )
07-03 14:56:56.733  1366  6517 D LOWI-9.0.0.79: [LOWI-Scan] decode_rsn_wpa_ie: LOWI_ENCRYPTION_TYPE_WPA_PSK
07-03 14:56:56.733  1366  6517 D LOWI-9.0.0.79: [LOWI-Scan] is_qcom_ie, bss_age: 0
07-03 14:56:56.733  1366  6517 D LOWI-9.0.0.79: [LOWI-Scan] BSS 1c:3b:f3:a3:b1:0e LOWI_PHY_MODE_11AC_VHT80(10), Beacon Interval: 100, LOWI_ENCRYPTION_TYPE_WPA_PSK 11mcRanging: No, ANQP: No, LCI: No, Civic: No, capability(0x1511): ESS Privacy SpectrumMgmt ShortSlotTime
07-03 14:56:56.733  1366  6517 D LOWI-9.0.0.79: [LOWI-Scan] BSS 1c:3b:f3:a3:b1:0e FREQ: 5180, cFreq1[40:80:160] = [5190:5210:0] cFreq2 = 0 Country Code =    
07-03 14:56:56.733  1366  6517 D LOWI-9.0.0.79: [LOWI-Scan] BSS 1c:3b:f3:a3:b1:0e (wlan0) ASSO: NO AddInfo: 0x1, TSF 1, 23:43:06.661, RSSI: -144, CPL: 127, AGE: 5200,  SSID TP-Link_B10F_5G, TSFDelta: 0xe10acd22, TXRate: 0
07-03 14:56:56.734  1366  6517 D LOWI-9.0.0.79: [LOWI-Scan] 
07-03 14:56:56.734  1366  6517 D LOWI-9.0.0.79: [LOWI-Scan] print_bss_handler: Report Probe TSF 171785716393 as it greater than Beacon TSF 171595842409
07-03 14:56:56.734  1366  6517 I LOWI-9.0.0.79: [LOWI-Scan] RSN_IE
07-03 14:56:56.734  1366  6517 D LOWI-9.0.0.79: [LOWI-Scan] decode_rsn_wpa_ie: Entered
07-03 14:56:56.734  1366  6517 D LOWI-9.0.0.79: [LOWIUtils] hexDump: msg(30 14 01 00 00 0f ac 04 01 00 00 0f ac 04 01 00 00 0f ac 02 )
07-03 14:56:56.734  1366  6517 D LOWI-9.0.0.79: [LOWI-Scan] decode_rsn_wpa_ie: LOWI_ENCRYPTION_TYPE_WPA_PSK
07-03 14:56:56.734  1366  6517 D LOWI-9.0.0.79: [LOWI-Scan] is_qcom_ie, bss_age: 0
07-03 14:56:56.734  1366  6517 D LOWI-9.0.0.79: [LOWI-Scan] BSS 34:60:f9:e3:ba:9d LOWI_PHY_MODE_11NG_HT40(7), Beacon Interval: 100, LOWI_ENCRYPTION_TYPE_WPA_PSK 11mcRanging: No, ANQP: No, LCI: No, Civic: No, capability(0x0411): ESS Privacy ShortSlotTime
07-03 14:56:56.734  1366  6517 D LOWI-9.0.0.79: [LOWI-Scan] BSS 34:60:f9:e3:ba:9d FREQ: 2417, cFreq1[40:80:160] = [2427:0:0] cFreq2 = 0 Country Code =    
07-03 14:56:56.734  1366  6517 D LOWI-9.0.0.79: [LOWI-Scan] BSS 34:60:f9:e3:ba:9d (wlan0) ASSO: NO AddInfo: 0x0, TSF 1, 23:43:05.716, RSSI: -148, CPL: 127, AGE: 6150,  SSID Horiisimasan2, TSFDelta: 0xd5b609e0, TXRate: 0
07-03 14:56:56.734  1366  6517 D LOWI-9.0.0.79: [LOWI-Scan] 
07-03 14:56:56.734  1366  6517 D LOWI-9.0.0.79: [LOWI-Scan] print_bss_handler: Report beacon TSF 171786463701 as it greater than probe TSF 170354915041
07-03 14:56:56.734  1366  6517 I LOWI-9.0.0.79: [LOWI-Scan] RSN_IE
07-03 14:56:56.734  1366  6517 D LOWI-9.0.0.79: [LOWI-Scan] decode_rsn_wpa_ie: Entered
07-03 14:56:56.734  1366  6517 D LOWI-9.0.0.79: [LOWIUtils] hexDump: msg(30 18 01 00 00 0f ac 02 02 00 00 0f ac 04 00 0f ac 02 01 00 00 0f ac 02 )
07-03 14:56:56.734  1366  6517 D LOWI-9.0.0.79: [LOWI-Scan] decode_rsn_wpa_ie: LOWI_ENCRYPTION_TYPE_WPA_PSK
07-03 14:56:56.734  1366  6517 D LOWI-9.0.0.79: [LOWI-Scan] is_qcom_ie, bss_age: 0
07-03 14:56:56.734  1366  6517 D LOWI-9.0.0.79: [LOWI-Scan] BSS 68:7f:74:0a:7a:64 LOWI_PHY_MODE_11G(1), Beacon Interval: 100, LOWI_ENCRYPTION_TYPE_WPA_PSK 11mcRanging: No, ANQP: No, LCI: No, Civic: No, capability(0x0411): ESS Privacy ShortSlotTime
07-03 14:56:56.734  1366  6517 D LOWI-9.0.0.79: [LOWI-Scan] BSS 68:7f:74:0a:7a:64 FREQ: 2462, cFreq1[40:80:160] = [0:0:0] cFreq2 = 0 Country Code =    
07-03 14:56:56.734  1366  6517 D LOWI-9.0.0.79: [LOWI-Scan] BSS 68:7f:74:0a:7a:64 (wlan0) ASSO: NO AddInfo: 0x1, TSF 1, 23:43:06.463, RSSI: -128, CPL: 127, AGE: 5400,  SSID Neok 457, TSFDelta: 0x1d7e0cdb, TXRate: 0
07-03 14:56:56.734  1366  6517 D LOWI-9.0.0.79: [LOWI-Scan] 
07-03 14:56:56.734  1366  6517 D LOWI-9.0.0.79: [LOWI-Scan] print_bss_handler: Report Probe TSF 171786258768 as it greater than Beacon TSF 0
07-03 14:56:56.734  1366  6517 I LOWI-9.0.0.79: [LOWI-Scan] RSN_IE
07-03 14:56:56.734  1366  6517 D LOWI-9.0.0.79: [LOWI-Scan] decode_rsn_wpa_ie: Entered
07-03 14:56:56.735  1366  6517 D LOWI-9.0.0.79: [LOWIUtils] hexDump: msg(30 18 01 00 00 0f ac 02 02 00 00 0f ac 04 00 0f ac 02 01 00 00 0f ac 02 )
07-03 14:56:56.735  1366  6517 D LOWI-9.0.0.79: [LOWI-Scan] decode_rsn_wpa_ie: LOWI_ENCRYPTION_TYPE_WPA_PSK
07-03 14:56:56.735  1366  6517 D LOWI-9.0.0.79: [LOWI-Scan] is_qcom_ie, bss_age: 0
07-03 14:56:56.735  1366  6517 D LOWI-9.0.0.79: [LOWI-Scan] BSS 1c:3b:f3:a3:b1:0f LOWI_PHY_MODE_11NG_HT20(5), Beacon Interval: 100, LOWI_ENCRYPTION_TYPE_WPA_PSK 11mcRanging: No, ANQP: No, LCI: No, Civic: No, capability(0x1431): ESS Privacy ShortPreamble ShortSlotTime
07-03 14:56:56.735  1366  6517 D LOWI-9.0.0.79: [LOWI-Scan] BSS 1c:3b:f3:a3:b1:0f FREQ: 2447, cFreq1[40:80:160] = [0:0:0] cFreq2 = 0 Country Code =    
07-03 14:56:56.735  1366  6517 D LOWI-9.0.0.79: [LOWI-Scan] BSS 1c:3b:f3:a3:b1:0f (wlan0) ASSO: NO AddInfo: 0x0, TSF 1, 23:43:06.258, RSSI: -150, CPL: 127, AGE: 5600,  SSID TP-Link_B10F, TSFDelta: 0x2646ca1e, TXRate: 0
07-03 14:56:56.735  1366  6517 D LOWI-9.0.0.79: [LOWIDiagLog] Log: lowiMeasResult->request: invalid null argument
07-03 14:56:56.735  1366  6517 I LOWI-9.0.0.79: [LOWI-Scan] lowi_close_record:Scan done in 171739172ms, 6 APs in scan results
07-03 14:56:56.735  1366  6517 D LOWI-9.0.0.79: [LOWI-Scan] WipsScanUsingNL: passive scan cached 0, took 698957 ms, err 0
07-03 14:56:56.735  1366  6517 D LOWI-9.0.0.79: [LOWI-Scan] lowi_proc_req_passive_scan_with_live_meas - No WLAN Frames to be parsed
07-03 14:56:56.735  1366  6517 D LOWI-9.0.0.79: [LOWIScanResultReceiver] Send scan meas to listener
07-03 14:56:56.735  1366  6517 D LOWI-9.0.0.79: [LOWIScanResultReceiver] Enter passive listening mode
07-03 14:56:56.735  1366  6517 D LOWI-9.0.0.79: [LOWIWifiDriverInterface] getMeasurements - Passive listening mode
07-03 14:56:56.735  1366  6517 D LOWI-9.0.0.79: [LOWI-Scan] WipsScanUsingNL:wait -1 sec for netlink message
07-03 14:56:56.735  1366  1393 D LOWI-9.0.0.79: [LOWIEventReceiver] handleEvent:FROM:NA, TO:NA, REQ:NA, IREQ:NA, REQ_ID:0, RESP:NA, INFO:NA
07-03 14:56:56.736  1366  1393 D LOWI-9.0.0.79: [LOWIBackgroundScanMgr] isRspForBgScanMgr: evt(LOWI_NO_EVT) - not handled
07-03 14:56:56.736  1366  1393 D LOWI-9.0.0.79: [LOWIScheduler] manageMsg: NULL results or NULL request in results
07-03 14:56:56.736  1366  1393 D LOWI-9.0.0.79: [LOWIController] Measurements received
07-03 14:56:56.736  1366  1393 D LOWI-9.0.0.79: [LOWICacheManager] putInCache:Num of Meas to add: 6
07-03 14:56:56.736  1366  1393 D LOWI-9.0.0.79: [LOWIController] processMeasurementResults: No current Request. Cache measurements
07-03 14:56:56.736  1366  1393 D LOWI-9.0.0.79: [LOWIControllerExtn] sendLOWILpDiscoveryScanResponse: Not a discovery scan response
07-03 14:56:56.738  1631  2982 D WifiNl80211Manager: Scan result ready event
07-03 14:56:56.738  1631  2982 D WifiNative: Scan result ready event
07-03 14:56:57.372  1301  1301 W ipacm   : type=1400 audit(0.0:5419770): avc: denied { write } for name="ipacm_log_file" dev="tmpfs" ino=28733 scontext=u:r:ipacm:s0 tcontext=u:object_r:ipacm_socket:s0 tclass=sock_file permissive=0
07-03 14:56:57.372  1301  1301 I chatty  : uid=1001(radio) /system/vendor/bin/ipacm identical 3 lines
07-03 14:56:57.372  1301  1301 W ipacm   : type=1400 audit(0.0:5419774): avc: denied { write } for name="ipacm_log_file" dev="tmpfs" ino=28733 scontext=u:r:ipacm:s0 tcontext=u:object_r:ipacm_socket:s0 tclass=sock_file permissive=0
07-03 14:56:58.106  1631  2982 I ActivityManager: Force stopping com.example.batterymanager_utility appid=10200 user=0: from pid 16735
07-03 14:56:58.107  1631  2982 I ActivityManager: Killing 16584:com.example.batterymanager_utility/u0a200 (adj 0): stop com.example.batterymanager_utility due to from pid 16735
07-03 14:56:58.110  1631  2982 W ActivityTaskManager: Force removing ActivityRecord{f9fc0fa u0 com.example.batterymanager_utility/.MainActivity t419 f}}: app died, no saved state
07-03 14:56:58.138   815   815 I Zygote  : Process 16584 exited due to signal 9 (Killed)
07-03 14:56:58.154  1631  1839 I libprocessgroup: Successfully killed process cgroup uid 10200 pid 16584 in 45ms
07-03 14:56:58.167 16735 16737 I cmd     : oneway function results will be dropped but finished with status OK and parcel size 4
07-03 14:56:58.174  4072  4072 E PhoneInterfaceManager: [PhoneIntfMgr] getCarrierPackageNamesForIntentAndPhone: No UICC
07-03 14:56:58.174  4072  4072 D CarrierSvcBindHelper: No carrier app for: 0
07-03 14:56:58.178  4072  4072 E PhoneInterfaceManager: [PhoneIntfMgr] getCarrierPackageNamesForIntentAndPhone: No UICC
07-03 14:56:58.178  4072  4072 D CarrierSvcBindHelper: No carrier app for: 1
07-03 14:56:58.181  1631  3771 E ANDR-PERF-JNI: UXEngine Trigger - Returning null
07-03 14:56:58.189 29915 29915 I A       : onStart
07-03 14:56:58.191  1631  1821 W ActivityManager: setHasOverlayUi called on unknown pid: 16584
07-03 14:56:58.207  1631  1792 D CompatibilityInfo: mCompatibilityFlags - 0
07-03 14:56:58.207  1631  1792 D CompatibilityInfo: applicationDensity - 420
07-03 14:56:58.207  1631  1792 D CompatibilityInfo: applicationScale - 1.0
07-03 14:56:58.207  4847  4847 D RegisteredServicesCache: Others service enabled : ComponentInfo{com.google.android.gms/com.google.android.gms.nearby.mediums.nearfieldcommunication.NfcAdvertisingService}
07-03 14:56:58.207  4847  4847 D RegisteredServicesCache: Others service enabled : ComponentInfo{com.google.android.gms/com.google.android.gms.pay.hce.service.PayHceService}
07-03 14:56:58.207  4847  4847 D RegisteredServicesCache: Others service enabled : ComponentInfo{com.google.android.gms/com.google.android.gms.tapandpay.hce.service.TpHceService}
07-03 14:56:58.207  4847  4847 D RegisteredServicesCache: Others service enabled : ComponentInfo{com.google.android.gms/com.google.android.gms.dck.service.DckNfcApduService}
07-03 14:56:58.210 20281 20281 D BoundBrokerSvc: onBind: Intent { act=com.google.android.gms.inappreach.service.START dat=chimera-action: cmp=com.google.android.gms/.chimera.GmsApiService }
07-03 14:56:58.210 20281 20281 D BoundBrokerSvc: Loading bound service for intent: Intent { act=com.google.android.gms.inappreach.service.START dat=chimera-action: cmp=com.google.android.gms/.chimera.GmsApiService }
07-03 14:56:58.211  4847  4847 D AidRoutingManager: Default: 0, aid size: 314
07-03 14:56:58.211  4847  4847 D AidRoutingManager: Default: 2, aid size: 0
07-03 14:56:58.211  4847  4847 D AidRoutingManager: Default: 3, aid size: 0
07-03 14:56:58.211  4847  4847 D AidRoutingManager: Default: 0, aid expected size: 0
07-03 14:56:58.211  4847  4847 D AidRoutingManager: Default: 2, aid expected size: 314
07-03 14:56:58.211  4847  4847 D AidRoutingManager: Default: 3, aid expected size: 314
07-03 14:56:58.216  4847  4847 D RegisteredNfcFServicesCache: Service unchanged, not updating
07-03 14:56:58.239 24565 24565 D PureDisplay: package-com.android.launcher3 DYNAMIC_ORIGINAL_MODE open
07-03 14:56:58.241 23581 23581 D PureDisplay: PureDisplayModeChangeReceiver,hdrMode=1
07-03 14:56:58.242 29915 29915 I A       : onResume
07-03 14:56:58.244 29950 29950 I HdmBroadcastRecvUpd: (REDACTED) received broadcast: %s
07-03 14:56:58.245 29950 30067 I HdmHotwordRequestListen: (REDACTED) received broadcast: %s
07-03 14:56:58.245 29950 30067 I SodaTriggeringFrontend: (REDACTED) #onConfigUpdate. requester: %s
07-03 14:56:58.246 29950 30067 I SodaTriggeringFrontend: #onConfigUpdate inside sequencer
07-03 14:56:58.246 29950 30067 I A       : (REDACTED) Voice Match (Speaker-id) supported : %b 
07-03 14:56:58.246 29950 30067 I A       : (REDACTED) hotword enrollment state is enrolled:  %b, speakerId model exist: %b. Voice Match supported : %b 
07-03 14:56:58.246 29950 30067 I A       : (REDACTED) isHotwordAvailable():  %b, isHotwordEnabled() %b 
07-03 14:56:58.246 29950 30067 I A       : (REDACTED) isHotwordAvailable():  %b, isHotwordEnabled() %b 
07-03 14:56:58.246 29950 30067 I A       : (REDACTED) Hotword enrollment state : %s.
07-03 14:56:58.246 29950 30067 I A       : (REDACTED) Voice Match (Speaker-id) supported : %b 
07-03 14:56:58.246 29950 30067 I A       : (REDACTED) Voice Match (Speaker-id) supported : %b 
07-03 14:56:58.246 29950 30067 I A       : (REDACTED) hotword enrollment state is enrolled:  %b, speakerId model exist: %b, voice match supported : %b
07-03 14:56:58.246 29950 30067 I A       : (REDACTED) Hotword isNonVoiceMatchHotwordEnabled: %b, isHotwordAvailable : %b, isHotwordEnabled : %b, isVoiceMatchSupported: %b, isHotwordEnrolled: %b.
07-03 14:56:58.246 29950 30067 I SodaTriggeringFrontend: (REDACTED) Ignore the legacy hotword request. voice match enabled %b, isHotwordSupported %b, isIncompleteEnrollmentState %b, nonVoiceMatchHotwordEnabled %b
07-03 14:56:58.247 23581 23581 I android_os_HwBinder: HwBinder: Starting thread pool for getting: vendor.pixelworks.hardware.display@1.0::IIris/default
07-03 14:56:58.247   872   942 I IrisService: irisConfigureSet(258, 1, 1)
07-03 14:56:58.248 23581 23581 D PureDisplay: --setIrisDisplayHdrMode- mode =1--result = 0
07-03 14:56:58.248 23581 23581 D PureDisplay: PureDisplayModeChangeReceiver,pureDisplayMode=1
07-03 14:56:58.249 23581 23581 D PureDisplay: isDeviceProvisioned=true
07-03 14:56:58.249 23581 23581 D PureDisplay: isUserSetuped=true
07-03 14:56:58.249 23581 23581 D PureDisplay: setOriginalModeEnable()
07-03 14:56:58.250 23581 23581 I android_os_HwBinder: HwBinder: Starting thread pool for getting: vendor.pixelworks.hardware.display@1.0::IIris/default
07-03 14:56:58.254   872   944 I IrisService: irisConfigureSet(0, 1, 0)
07-03 14:56:58.281  5352  5352 D PredictionService: onRequestPredictionUpdate
07-03 14:56:58.281  5352  5352 D PredictionService: update predictions
07-03 14:56:58.285 23581 23581 I android_os_HwBinder: HwBinder: Starting thread pool for getting: vendor.pixelworks.hardware.display@1.0::IIris/default
07-03 14:56:58.286   872   944 I IrisService: irisConfigureSet(41, 1, 0)
07-03 14:56:58.288 23581 23581 I android_os_HwBinder: HwBinder: Starting thread pool for getting: vendor.pixelworks.hardware.display@1.0::IIris/default
07-03 14:56:58.289   872   942 I IrisService: irisConfigureSet(42, 1, 0)
07-03 14:56:58.296 23581 23581 I android_os_HwBinder: HwBinder: Starting thread pool for getting: vendor.pixelworks.hardware.display@1.0::IIris/default
07-03 14:56:58.299   872   944 I IrisService: irisConfigureSet(40, 1, 0)
07-03 14:56:58.300 30292 30292 I GoogleInputMethodService: GoogleInputMethodService.onFinishInput():3306 
07-03 14:56:58.301 30292 30292 I GoogleInputMethodService: GoogleInputMethodService.updateDeviceLockedStatus():2127 repeatCheckTimes = 0, locked = false
07-03 14:56:58.301 30292 30292 I GoogleInputMethodService: GoogleInputMethodService.onStartInput():1909 onStartInput(EditorInfo{inputType=0x0(NULL) imeOptions=0x0 privateImeOptions=null actionName=UNSPECIFIED actionLabel=null actionId=0 initialSelStart=-1 initialSelEnd=-1 initialCapsMode=0x0 hintText=null label=null packageName=com.android.launcher3 fieldId=-1 fieldName=null extras=null hintLocales=[]}, false)
07-03 14:56:58.302 30292 30292 I GoogleInputMethodService: GoogleInputMethodService.shouldHideHeaderOnInitialState():1990 ShouldHideHeaderOnInitialState = false
07-03 14:56:58.302 30292 30292 I GoogleInputMethodService: GoogleInputMethodService.updateDeviceLockedStatus():2127 repeatCheckTimes = 1, locked = false
07-03 14:56:58.335 23581 23581 I android_os_HwBinder: HwBinder: Starting thread pool for getting: vendor.pixelworks.hardware.display@1.0::IIris/default
07-03 14:56:58.337   872   944 I IrisService: irisConfigureSet(36, 1, 0)
07-03 14:56:58.370 23581 23581 D PureDisplay: getWhiteBalanceAutoMode()0
07-03 14:56:58.374 23581 23581 I android_os_HwBinder: HwBinder: Starting thread pool for getting: vendor.pixelworks.hardware.display@1.0::IIris/default
07-03 14:56:58.375   872   944 I IrisService: irisConfigureSet(39, 1, 1)
07-03 14:56:58.406 23581 23581 I android_os_HwBinder: HwBinder: Starting thread pool for getting: vendor.pixelworks.hardware.display@1.0::IIris/default
07-03 14:56:58.407   872   944 I IrisService: irisConfigureSet(264, 1, 0)
07-03 14:56:58.502  1301  1301 W ipacm   : type=1400 audit(0.0:5419785): avc: denied { write } for name="ipacm_log_file" dev="tmpfs" ino=28733 scontext=u:r:ipacm:s0 tcontext=u:object_r:ipacm_socket:s0 tclass=sock_file permissive=0
07-03 14:56:59.612  1301  1301 I chatty  : uid=1001(radio) /system/vendor/bin/ipacm identical 8 lines
07-03 14:56:59.612  1301  1301 W ipacm   : type=1400 audit(0.0:5419843): avc: denied { write } for name="ipacm_log_file" dev="tmpfs" ino=28733 scontext=u:r:ipacm:s0 tcontext=u:object_r:ipacm_socket:s0 tclass=sock_file permissive=0
07-03 14:57:00.012  3613  3613 D KeyguardUpdateMonitor: received broadcast android.intent.action.TIME_TICK
07-03 14:57:00.028  3613  3613 D KeyguardUpdateMonitor: handleTimeUpdate
07-03 14:57:00.652  1301  1301 W ipacm   : type=1400 audit(0.0:5419902): avc: denied { write } for name="ipacm_log_file" dev="tmpfs" ino=28733 scontext=u:r:ipacm:s0 tcontext=u:object_r:ipacm_socket:s0 tclass=sock_file permissive=0
