07-04 09:25:14.705  1240  1344 I BatteryMgr:DataCollectionService: stats => 1688477114704,-1116936,4201
07-04 09:25:14.824  1240  1344 I BatteryMgr:DataCollectionService: stats => 1688477114824,-1116936,4201
07-04 09:25:14.941  1240  1344 I BatteryMgr:DataCollectionService: stats => 1688477114940,-1116936,4201
07-04 09:25:15.058  1240  1344 I BatteryMgr:DataCollectionService: stats => 1688477115057,-1116936,4201
07-04 09:25:15.175  1240  1344 I BatteryMgr:DataCollectionService: stats => 1688477115174,-1116936,4201
07-04 09:25:15.291  1240  1344 I BatteryMgr:DataCollectionService: stats => 1688477115290,-1116936,4201
07-04 09:25:15.402  1240  1344 I BatteryMgr:DataCollectionService: stats => 1688477115402,-1116936,4201
07-04 09:25:15.513  1240  1344 I BatteryMgr:DataCollectionService: stats => 1688477115513,-1116936,4201
07-04 09:25:15.630  1240  1344 I BatteryMgr:DataCollectionService: stats => 1688477115630,-1116936,4201
07-04 09:25:15.747  1240  1344 I BatteryMgr:DataCollectionService: stats => 1688477115747,-1116936,4201
07-04 09:25:15.864  1240  1344 I BatteryMgr:DataCollectionService: stats => 1688477115863,-1116936,4201
07-04 09:25:15.978  1240  1344 I BatteryMgr:DataCollectionService: stats => 1688477115978,-1116936,4201
07-04 09:25:16.094  1240  1344 I BatteryMgr:DataCollectionService: stats => 1688477116094,-1116936,4201
07-04 09:25:16.213  1240  1344 I BatteryMgr:DataCollectionService: stats => 1688477116212,-1116936,4201
07-04 09:25:16.328  1240  1344 I BatteryMgr:DataCollectionService: stats => 1688477116327,-1116936,4201
07-04 09:25:16.446  1240  1344 I BatteryMgr:DataCollectionService: stats => 1688477116446,-1116936,4201
07-04 09:25:16.558  1240  1344 I BatteryMgr:DataCollectionService: stats => 1688477116557,-1116936,4201
07-04 09:25:16.669  1240  1344 I BatteryMgr:DataCollectionService: stats => 1688477116669,-1116936,4201
07-04 09:25:16.781  1240  1344 I BatteryMgr:DataCollectionService: stats => 1688477116780,-1116936,4201
07-04 09:25:16.897  1240  1344 I BatteryMgr:DataCollectionService: stats => 1688477116897,-1116936,4201
07-04 09:25:17.014  1240  1344 I BatteryMgr:DataCollectionService: stats => 1688477117014,-1116936,4201
07-04 09:25:17.138  1240  1344 I BatteryMgr:DataCollectionService: stats => 1688477117137,-1116936,4201
07-04 09:25:17.257  1240  1344 I BatteryMgr:DataCollectionService: stats => 1688477117257,-1116936,4201
07-04 09:25:17.373  1240  1344 I BatteryMgr:DataCollectionService: stats => 1688477117373,-1116936,4201
07-04 09:25:17.493  1240  1344 I BatteryMgr:DataCollectionService: stats => 1688477117493,-1116936,4201
07-04 09:25:17.609  1240  1344 I BatteryMgr:DataCollectionService: stats => 1688477117608,-1116936,4201
07-04 09:25:17.721  1240  1344 I BatteryMgr:DataCollectionService: stats => 1688477117721,-1116936,4201
07-04 09:25:17.834  1240  1344 I BatteryMgr:DataCollectionService: stats => 1688477117833,-1116936,4201
07-04 09:25:17.947  1240  1344 I BatteryMgr:DataCollectionService: stats => 1688477117947,-1116936,4201
07-04 09:25:18.065  1240  1344 I BatteryMgr:DataCollectionService: stats => 1688477118064,-1116936,4201
07-04 09:25:18.180  1240  1344 I BatteryMgr:DataCollectionService: stats => 1688477118180,-1116936,4201
07-04 09:25:18.298  1240  1344 I BatteryMgr:DataCollectionService: stats => 1688477118297,-1116936,4201
07-04 09:25:18.417  1240  1344 I BatteryMgr:DataCollectionService: stats => 1688477118417,-1116936,4201
07-04 09:25:18.538  1240  1344 I BatteryMgr:DataCollectionService: stats => 1688477118537,-1116936,4201
07-04 09:25:18.654  1240  1344 I BatteryMgr:DataCollectionService: stats => 1688477118653,-1116936,4201
07-04 09:25:18.769  1240  1344 I BatteryMgr:DataCollectionService: stats => 1688477118768,-1116936,4201
07-04 09:25:18.880  1240  1344 I BatteryMgr:DataCollectionService: stats => 1688477118880,-1116936,4201
07-04 09:25:18.990  1240  1344 I BatteryMgr:DataCollectionService: stats => 1688477118990,-1116936,4201
07-04 09:25:19.101  1240  1344 I BatteryMgr:DataCollectionService: stats => 1688477119100,-1116936,4201
07-04 09:25:19.220  1240  1344 I BatteryMgr:DataCollectionService: stats => 1688477119220,-1116936,4201
07-04 09:25:19.337  1240  1344 I BatteryMgr:DataCollectionService: stats => 1688477119337,-1116936,4201
07-04 09:25:19.455  1240  1344 I BatteryMgr:DataCollectionService: stats => 1688477119454,-1116936,4201
07-04 09:25:19.571  1240  1344 I BatteryMgr:DataCollectionService: stats => 1688477119571,-1116936,4201
07-04 09:25:19.686  1240  1344 I BatteryMgr:DataCollectionService: stats => 1688477119685,-1116936,4201
07-04 09:25:19.800  1240  1344 I BatteryMgr:DataCollectionService: stats => 1688477119800,-1116936,4201
07-04 09:25:19.915  1240  1344 I BatteryMgr:DataCollectionService: stats => 1688477119915,-1116936,4201
07-04 09:25:20.030  1240  1344 I BatteryMgr:DataCollectionService: stats => 1688477120030,-1116936,4201
07-04 09:25:20.140  1240  1344 I BatteryMgr:DataCollectionService: stats => 1688477120140,-1116936,4201
07-04 09:25:20.250  1240  1344 I BatteryMgr:DataCollectionService: stats => 1688477120250,-1116936,4201
07-04 09:25:20.364  1240  1344 I BatteryMgr:DataCollectionService: stats => 1688477120364,-1116936,4201
07-04 09:25:20.480  1240  1344 I BatteryMgr:DataCollectionService: stats => 1688477120480,-1116936,4201
07-04 09:25:20.594  1240  1344 I BatteryMgr:DataCollectionService: stats => 1688477120594,-1116936,4201
07-04 09:25:20.711  1240  1344 I BatteryMgr:DataCollectionService: stats => 1688477120711,-1116936,4201
07-04 09:25:20.831  1240  1344 I BatteryMgr:DataCollectionService: stats => 1688477120830,-1116936,4201
07-04 09:25:20.945  1240  1344 I BatteryMgr:DataCollectionService: stats => 1688477120945,-1116936,4201
07-04 09:25:21.064  1240  1344 I BatteryMgr:DataCollectionService: stats => 1688477121063,-1116936,4201
07-04 09:25:21.177  1240  1344 I BatteryMgr:DataCollectionService: stats => 1688477121176,-1116936,4201
07-04 09:25:21.286  1240  1344 I BatteryMgr:DataCollectionService: stats => 1688477121286,-1116936,4201
07-04 09:25:21.400  1240  1344 I BatteryMgr:DataCollectionService: stats => 1688477121400,-1116936,4201
07-04 09:25:21.514  1240  1344 I BatteryMgr:DataCollectionService: stats => 1688477121513,-1116936,4201
07-04 09:25:21.630  1240  1344 I BatteryMgr:DataCollectionService: stats => 1688477121630,-1116936,4201
07-04 09:25:21.748  1240  1344 I BatteryMgr:DataCollectionService: stats => 1688477121747,-1116936,4201
07-04 09:25:21.864  1240  1344 I BatteryMgr:DataCollectionService: stats => 1688477121864,-1116936,4201
07-04 09:25:21.979  1240  1344 I BatteryMgr:DataCollectionService: stats => 1688477121979,-1116936,4201
07-04 09:25:22.097  1240  1344 I BatteryMgr:DataCollectionService: stats => 1688477122097,-1116936,4201
07-04 09:25:22.214  1240  1344 I BatteryMgr:DataCollectionService: stats => 1688477122214,-1116936,4201
07-04 09:25:22.330  1240  1344 I BatteryMgr:DataCollectionService: stats => 1688477122330,-1116936,4201
07-04 09:25:22.440  1240  1344 I BatteryMgr:DataCollectionService: stats => 1688477122440,-1116936,4201
07-04 09:25:22.552  1240  1344 I BatteryMgr:DataCollectionService: stats => 1688477122551,-1116936,4201
07-04 09:25:22.670  1240  1344 I BatteryMgr:DataCollectionService: stats => 1688477122670,-1116936,4201
07-04 09:25:22.784  1240  1344 I BatteryMgr:DataCollectionService: stats => 1688477122784,-1116936,4201
07-04 09:25:22.899  1240  1344 I BatteryMgr:DataCollectionService: stats => 1688477122899,-1116936,4201
07-04 09:25:23.015  1240  1344 I BatteryMgr:DataCollectionService: stats => 1688477123015,-1116936,4201
07-04 09:25:23.130  1240  1344 I BatteryMgr:DataCollectionService: stats => 1688477123129,-1116936,4201
07-04 09:25:23.249  1240  1344 I BatteryMgr:DataCollectionService: stats => 1688477123249,-1116936,4201
07-04 09:25:23.366  1240  1344 I BatteryMgr:DataCollectionService: stats => 1688477123366,-1116936,4201
07-04 09:25:23.479  1240  1344 I BatteryMgr:DataCollectionService: stats => 1688477123479,-1116936,4201
07-04 09:25:23.588  1240  1344 I BatteryMgr:DataCollectionService: stats => 1688477123588,-1116936,4201
07-04 09:25:23.699  1240  1344 I BatteryMgr:DataCollectionService: stats => 1688477123699,-1116936,4201
07-04 09:25:23.813  1240  1344 I BatteryMgr:DataCollectionService: stats => 1688477123812,-1116936,4201
07-04 09:25:23.930  1240  1344 I BatteryMgr:DataCollectionService: stats => 1688477123930,-1116936,4201
07-04 09:25:24.045  1240  1344 I BatteryMgr:DataCollectionService: stats => 1688477124045,-1116936,4201
07-04 09:25:24.160  1240  1344 I BatteryMgr:DataCollectionService: stats => 1688477124160,-1116936,4201
07-04 09:25:24.276  1240  1344 I BatteryMgr:DataCollectionService: stats => 1688477124275,-1116936,4201
07-04 09:25:24.391  1240  1344 I BatteryMgr:DataCollectionService: stats => 1688477124391,-1116936,4201
07-04 09:25:24.507  1240  1344 I BatteryMgr:DataCollectionService: stats => 1688477124507,-1116936,4201
07-04 09:25:24.623  1240  1344 I BatteryMgr:DataCollectionService: stats => 1688477124623,-1116936,4201
07-04 09:25:24.737  1240  1344 I BatteryMgr:DataCollectionService: stats => 1688477124736,-1116936,4201
07-04 09:25:24.847  1240  1344 I BatteryMgr:DataCollectionService: stats => 1688477124846,-1116936,4201
07-04 09:25:24.961  1240  1344 I BatteryMgr:DataCollectionService: stats => 1688477124961,-1116936,4201
07-04 09:25:25.074  1240  1344 I BatteryMgr:DataCollectionService: stats => 1688477125074,-1116936,4201
07-04 09:25:25.189  1240  1344 I BatteryMgr:DataCollectionService: stats => 1688477125188,-1116936,4201
07-04 09:25:25.308  1240  1344 I BatteryMgr:DataCollectionService: stats => 1688477125307,-1116936,4201
07-04 09:25:25.421  1240  1344 I BatteryMgr:DataCollectionService: stats => 1688477125421,-1116936,4201
07-04 09:25:25.537  1240  1344 I BatteryMgr:DataCollectionService: stats => 1688477125536,-1116936,4201
07-04 09:25:25.650  1240  1344 I BatteryMgr:DataCollectionService: stats => 1688477125650,-1116936,4201
07-04 09:25:25.766  1240  1344 I BatteryMgr:DataCollectionService: stats => 1688477125766,-1116936,4201
07-04 09:25:25.877  1240  1344 I BatteryMgr:DataCollectionService: stats => 1688477125877,-1116936,4201
07-04 09:25:25.989  1240  1344 I BatteryMgr:DataCollectionService: stats => 1688477125988,-1116936,4201
07-04 09:25:26.100  1240  1344 I BatteryMgr:DataCollectionService: stats => 1688477126099,-1116936,4201
07-04 09:25:26.215  1240  1344 I BatteryMgr:DataCollectionService: stats => 1688477126214,-1116936,4201
07-04 09:25:26.331  1240  1344 I BatteryMgr:DataCollectionService: stats => 1688477126331,-1116936,4201
07-04 09:25:26.445  1240  1344 I BatteryMgr:DataCollectionService: stats => 1688477126445,-1116936,4201
07-04 09:25:26.561  1240  1344 I BatteryMgr:DataCollectionService: stats => 1688477126561,-1116936,4201
07-04 09:25:26.677  1240  1344 I BatteryMgr:DataCollectionService: stats => 1688477126676,-1116936,4201
07-04 09:25:26.793  1240  1344 I BatteryMgr:DataCollectionService: stats => 1688477126792,-1116936,4201
07-04 09:25:26.907  1240  1344 I BatteryMgr:DataCollectionService: stats => 1688477126907,-65307,4201
07-04 09:25:27.016  1240  1344 I BatteryMgr:DataCollectionService: stats => 1688477127016,-65307,4201
07-04 09:25:27.126  1240  1344 I BatteryMgr:DataCollectionService: stats => 1688477127125,-65307,4201
07-04 09:25:27.239  1240  1344 I BatteryMgr:DataCollectionService: stats => 1688477127239,-65307,4201
07-04 09:25:27.352  1240  1344 I BatteryMgr:DataCollectionService: stats => 1688477127352,-65307,4201
07-04 09:25:27.466  1240  1344 I BatteryMgr:DataCollectionService: stats => 1688477127466,-65307,4201
07-04 09:25:27.580  1240  1344 I BatteryMgr:DataCollectionService: stats => 1688477127580,-65307,4201
07-04 09:25:27.694  1240  1344 I BatteryMgr:DataCollectionService: stats => 1688477127694,-65307,4201
07-04 09:25:27.811  1240  1344 I BatteryMgr:DataCollectionService: stats => 1688477127811,-65307,4201
07-04 09:25:27.930  1240  1344 I BatteryMgr:DataCollectionService: stats => 1688477127929,-65307,4201
07-04 09:25:28.043  1240  1344 I BatteryMgr:DataCollectionService: stats => 1688477128043,-65307,4201
07-04 09:25:28.152  1240  1344 I BatteryMgr:DataCollectionService: stats => 1688477128152,-65307,4201
07-04 09:25:28.264  1240  1344 I BatteryMgr:DataCollectionService: stats => 1688477128264,-65307,4201
07-04 09:25:28.378  1240  1344 I BatteryMgr:DataCollectionService: stats => 1688477128378,-65307,4201
07-04 09:25:28.493  1240  1344 I BatteryMgr:DataCollectionService: stats => 1688477128493,-65307,4201
07-04 09:25:28.607  1240  1344 I BatteryMgr:DataCollectionService: stats => 1688477128607,-65307,4201
07-04 09:25:28.720  1240  1344 I BatteryMgr:DataCollectionService: stats => 1688477128720,-65307,4201
07-04 09:25:28.834  1240  1344 I BatteryMgr:DataCollectionService: stats => 1688477128833,-65307,4201
07-04 09:25:28.947  1240  1344 I BatteryMgr:DataCollectionService: stats => 1688477128946,-65307,4201
07-04 09:25:29.059  1240  1344 I BatteryMgr:DataCollectionService: stats => 1688477129059,-65307,4201
07-04 09:25:29.174  1240  1344 I BatteryMgr:DataCollectionService: stats => 1688477129173,-65307,4201
07-04 09:25:29.284  1240  1344 I BatteryMgr:DataCollectionService: stats => 1688477129284,-65307,4201
07-04 09:25:29.393  1240  1344 I BatteryMgr:DataCollectionService: stats => 1688477129393,-65307,4201
07-04 09:25:29.507  1240  1344 I BatteryMgr:DataCollectionService: stats => 1688477129507,-65307,4201
07-04 09:25:29.620  1240  1344 I BatteryMgr:DataCollectionService: stats => 1688477129620,-65307,4201
07-04 09:25:29.735  1240  1344 I BatteryMgr:DataCollectionService: stats => 1688477129735,-65307,4201
07-04 09:25:29.853  1240  1344 I BatteryMgr:DataCollectionService: stats => 1688477129852,-65307,4201
07-04 09:25:29.967  1240  1344 I BatteryMgr:DataCollectionService: stats => 1688477129967,-65307,4201
07-04 09:25:30.080  1240  1344 I BatteryMgr:DataCollectionService: stats => 1688477130080,-65307,4201
07-04 09:25:30.195  1240  1344 I BatteryMgr:DataCollectionService: stats => 1688477130195,-65307,4201
07-04 09:25:30.313  1240  1344 I BatteryMgr:DataCollectionService: stats => 1688477130313,-65307,4201
07-04 09:25:30.424  1240  1344 I BatteryMgr:DataCollectionService: stats => 1688477130423,-65307,4201
07-04 09:25:30.533  1240  1344 I BatteryMgr:DataCollectionService: stats => 1688477130533,-65307,4201
07-04 09:25:30.643  1240  1344 I BatteryMgr:DataCollectionService: stats => 1688477130642,-65307,4201
07-04 09:25:30.756  1240  1344 I BatteryMgr:DataCollectionService: stats => 1688477130756,-65307,4201
07-04 09:25:30.874  1240  1344 I BatteryMgr:DataCollectionService: stats => 1688477130874,-65307,4201
07-04 09:25:30.988  1240  1344 I BatteryMgr:DataCollectionService: stats => 1688477130988,-65307,4201
07-04 09:25:31.103  1240  1344 I BatteryMgr:DataCollectionService: stats => 1688477131103,-65307,4201
07-04 09:25:31.217  1240  1344 I BatteryMgr:DataCollectionService: stats => 1688477131217,-65307,4201
07-04 09:25:31.334  1240  1344 I BatteryMgr:DataCollectionService: stats => 1688477131334,-65307,4201
07-04 09:25:31.451  1240  1344 I BatteryMgr:DataCollectionService: stats => 1688477131451,-65307,4201
07-04 09:25:31.567  1240  1344 I BatteryMgr:DataCollectionService: stats => 1688477131567,-65307,4201
07-04 09:25:31.677  1240  1344 I BatteryMgr:DataCollectionService: stats => 1688477131677,-65307,4201
07-04 09:25:31.788  1240  1344 I BatteryMgr:DataCollectionService: stats => 1688477131788,-65307,4201
07-04 09:25:31.898  1240  1344 I BatteryMgr:DataCollectionService: stats => 1688477131898,-65307,4201
07-04 09:25:32.015  1240  1344 I BatteryMgr:DataCollectionService: stats => 1688477132015,-65307,4201
07-04 09:25:32.127  1240  1344 I BatteryMgr:DataCollectionService: stats => 1688477132127,-65307,4201
07-04 09:25:32.241  1240  1344 I BatteryMgr:DataCollectionService: stats => 1688477132241,-65307,4201
07-04 09:25:32.356  1240  1344 I BatteryMgr:DataCollectionService: stats => 1688477132355,-65307,4201
07-04 09:25:32.471  1240  1344 I BatteryMgr:DataCollectionService: stats => 1688477132471,-65307,4201
07-04 09:25:32.589  1240  1344 I BatteryMgr:DataCollectionService: stats => 1688477132589,-65307,4201
07-04 09:25:32.706  1240  1344 I BatteryMgr:DataCollectionService: stats => 1688477132705,-65307,4201
07-04 09:25:32.814  1240  1344 I BatteryMgr:DataCollectionService: stats => 1688477132814,-65307,4201
07-04 09:25:32.923  1240  1344 I BatteryMgr:DataCollectionService: stats => 1688477132923,-65307,4201
07-04 09:25:33.041  1240  1344 I BatteryMgr:DataCollectionService: stats => 1688477133041,-65307,4201
07-04 09:25:33.154  1240  1344 I BatteryMgr:DataCollectionService: stats => 1688477133154,-65307,4201
07-04 09:25:33.267  1240  1344 I BatteryMgr:DataCollectionService: stats => 1688477133267,-65307,4201
07-04 09:25:33.382  1240  1344 I BatteryMgr:DataCollectionService: stats => 1688477133382,-65307,4201
07-04 09:25:33.497  1240  1344 I BatteryMgr:DataCollectionService: stats => 1688477133497,-65307,4201
07-04 09:25:33.609  1240  1344 I BatteryMgr:DataCollectionService: stats => 1688477133609,-65307,4201
07-04 09:25:33.724  1240  1344 I BatteryMgr:DataCollectionService: stats => 1688477133724,-65307,4201
07-04 09:25:33.841  1240  1344 I BatteryMgr:DataCollectionService: stats => 1688477133841,-65307,4201
07-04 09:25:33.953  1240  1344 I BatteryMgr:DataCollectionService: stats => 1688477133953,-65307,4201
07-04 09:25:34.061  1240  1344 I BatteryMgr:DataCollectionService: stats => 1688477134061,-65307,4201
07-04 09:25:34.176  1240  1344 I BatteryMgr:DataCollectionService: stats => 1688477134176,-65307,4201
07-04 09:25:34.291  1240  1344 I BatteryMgr:DataCollectionService: stats => 1688477134290,-65307,4201
07-04 09:25:34.406  1240  1344 I BatteryMgr:DataCollectionService: stats => 1688477134406,-65307,4201
07-04 09:25:34.523  1240  1344 I BatteryMgr:DataCollectionService: stats => 1688477134523,-65307,4201
07-04 09:25:34.642  1240  1344 I BatteryMgr:DataCollectionService: stats => 1688477134641,-65307,4201
07-04 09:25:34.754  1240  1344 I BatteryMgr:DataCollectionService: stats => 1688477134754,-65307,4201
07-04 09:25:34.880  1240  1344 I BatteryMgr:DataCollectionService: stats => 1688477134879,-65307,4201
07-04 09:25:34.993  1240  1344 I BatteryMgr:DataCollectionService: stats => 1688477134993,-65307,4201
07-04 09:25:35.103  1240  1344 I BatteryMgr:DataCollectionService: stats => 1688477135103,-65307,4201
07-04 09:25:35.214  1240  1344 I BatteryMgr:DataCollectionService: stats => 1688477135214,-65307,4201
07-04 09:25:35.327  1240  1344 I BatteryMgr:DataCollectionService: stats => 1688477135327,-65307,4201
07-04 09:25:35.442  1240  1344 I BatteryMgr:DataCollectionService: stats => 1688477135442,-65307,4201
07-04 09:25:35.555  1240  1344 I BatteryMgr:DataCollectionService: stats => 1688477135555,-65307,4201
07-04 09:25:35.669  1240  1344 I BatteryMgr:DataCollectionService: stats => 1688477135669,-65307,4201
07-04 09:25:35.781  1240  1344 I BatteryMgr:DataCollectionService: stats => 1688477135781,-65307,4201
07-04 09:25:35.897  1240  1344 I BatteryMgr:DataCollectionService: stats => 1688477135896,-65307,4201
07-04 09:25:36.008  1240  1344 I BatteryMgr:DataCollectionService: stats => 1688477136008,-65307,4201
07-04 09:25:36.123  1240  1344 I BatteryMgr:DataCollectionService: stats => 1688477136123,-65307,4201
07-04 09:25:36.232  1240  1344 I BatteryMgr:DataCollectionService: stats => 1688477136232,-65307,4201
07-04 09:25:36.340  1240  1344 I BatteryMgr:DataCollectionService: stats => 1688477136340,-65307,4201
07-04 09:25:36.454  1240  1344 I BatteryMgr:DataCollectionService: stats => 1688477136454,-65307,4201
07-04 09:25:36.572  1240  1344 I BatteryMgr:DataCollectionService: stats => 1688477136572,-65307,4201
07-04 09:25:36.685  1240  1344 I BatteryMgr:DataCollectionService: stats => 1688477136685,-65307,4201
07-04 09:25:36.799  1240  1344 I BatteryMgr:DataCollectionService: stats => 1688477136799,-65307,4201
07-04 09:25:36.912  1240  1344 I BatteryMgr:DataCollectionService: stats => 1688477136912,-65307,4201
07-04 09:25:37.027  1240  1344 I BatteryMgr:DataCollectionService: stats => 1688477137027,-65307,4201
07-04 09:25:37.142  1240  1344 I BatteryMgr:DataCollectionService: stats => 1688477137141,-65307,4201
07-04 09:25:37.253  1240  1344 I BatteryMgr:DataCollectionService: stats => 1688477137253,-65307,4201
07-04 09:25:37.365  1240  1344 I BatteryMgr:DataCollectionService: stats => 1688477137365,-65307,4201
07-04 09:25:37.475  1240  1344 I BatteryMgr:DataCollectionService: stats => 1688477137475,-65307,4201
07-04 09:25:37.588  1240  1344 I BatteryMgr:DataCollectionService: stats => 1688477137587,-65307,4201
07-04 09:25:37.702  1240  1344 I BatteryMgr:DataCollectionService: stats => 1688477137702,-65307,4201
07-04 09:25:37.815  1240  1344 I BatteryMgr:DataCollectionService: stats => 1688477137815,-65307,4201
07-04 09:25:37.930  1240  1344 I BatteryMgr:DataCollectionService: stats => 1688477137930,-65307,4201
07-04 09:25:38.046  1240  1344 I BatteryMgr:DataCollectionService: stats => 1688477138046,-65307,4201
07-04 09:25:38.159  1240  1344 I BatteryMgr:DataCollectionService: stats => 1688477138159,-65307,4201
07-04 09:25:38.273  1240  1344 I BatteryMgr:DataCollectionService: stats => 1688477138273,-65307,4201
07-04 09:25:38.386  1240  1344 I BatteryMgr:DataCollectionService: stats => 1688477138385,-65307,4201
07-04 09:25:38.499  1240  1344 I BatteryMgr:DataCollectionService: stats => 1688477138499,-65307,4201
07-04 09:25:38.608  1240  1344 I BatteryMgr:DataCollectionService: stats => 1688477138608,-65307,4201
07-04 09:25:38.718  1240  1344 I BatteryMgr:DataCollectionService: stats => 1688477138718,-65307,4201
07-04 09:25:38.833  1240  1344 I BatteryMgr:DataCollectionService: stats => 1688477138833,-65307,4201
07-04 09:25:38.947  1240  1344 I BatteryMgr:DataCollectionService: stats => 1688477138947,-65307,4201
07-04 09:25:39.060  1240  1344 I BatteryMgr:DataCollectionService: stats => 1688477139060,-65307,4201
07-04 09:25:39.175  1240  1344 I BatteryMgr:DataCollectionService: stats => 1688477139175,-65307,4201
07-04 09:25:39.293  1240  1344 I BatteryMgr:DataCollectionService: stats => 1688477139293,-65307,4201
07-04 09:25:39.406  1240  1344 I BatteryMgr:DataCollectionService: stats => 1688477139406,-65307,4201
07-04 09:25:39.519  1240  1344 I BatteryMgr:DataCollectionService: stats => 1688477139519,-65307,4201
07-04 09:25:39.633  1240  1344 I BatteryMgr:DataCollectionService: stats => 1688477139632,-65307,4201
07-04 09:25:39.741  1240  1344 I BatteryMgr:DataCollectionService: stats => 1688477139741,-65307,4201
07-04 09:25:39.850  1240  1344 I BatteryMgr:DataCollectionService: stats => 1688477139850,-65307,4201
07-04 09:25:39.966  1240  1344 I BatteryMgr:DataCollectionService: stats => 1688477139966,-65307,4201
07-04 09:25:40.079  1240  1344 I BatteryMgr:DataCollectionService: stats => 1688477140079,-65307,4201
07-04 09:25:40.192  1240  1344 I BatteryMgr:DataCollectionService: stats => 1688477140192,-65307,4201
07-04 09:25:40.305  1240  1344 I BatteryMgr:DataCollectionService: stats => 1688477140304,-65307,4201
07-04 09:25:40.420  1240  1344 I BatteryMgr:DataCollectionService: stats => 1688477140419,-65307,4201
07-04 09:25:40.533  1240  1344 I BatteryMgr:DataCollectionService: stats => 1688477140533,-65307,4201
07-04 09:25:40.648  1240  1344 I BatteryMgr:DataCollectionService: stats => 1688477140648,-65307,4201
07-04 09:25:40.764  1240  1344 I BatteryMgr:DataCollectionService: stats => 1688477140763,-65307,4201
07-04 09:25:40.873  1240  1344 I BatteryMgr:DataCollectionService: stats => 1688477140872,-65307,4201
07-04 09:25:40.981  1240  1344 I BatteryMgr:DataCollectionService: stats => 1688477140980,-65307,4201
07-04 09:25:41.094  1240  1344 I BatteryMgr:DataCollectionService: stats => 1688477141094,-65307,4201
07-04 09:25:41.210  1240  1344 I BatteryMgr:DataCollectionService: stats => 1688477141210,-65307,4201
07-04 09:25:41.326  1240  1344 I BatteryMgr:DataCollectionService: stats => 1688477141326,-65307,4201
07-04 09:25:41.439  1240  1344 I BatteryMgr:DataCollectionService: stats => 1688477141438,-65307,4201
07-04 09:25:41.553  1240  1344 I BatteryMgr:DataCollectionService: stats => 1688477141552,-65307,4201
07-04 09:25:41.666  1240  1344 I BatteryMgr:DataCollectionService: stats => 1688477141665,-65307,4201
07-04 09:25:41.781  1240  1344 I BatteryMgr:DataCollectionService: stats => 1688477141780,-65307,4201
07-04 09:25:41.896  1240  1344 I BatteryMgr:DataCollectionService: stats => 1688477141896,-65307,4201
07-04 09:25:42.006  1240  1344 I BatteryMgr:DataCollectionService: stats => 1688477142006,-65307,4201
07-04 09:25:42.115  1240  1344 I BatteryMgr:DataCollectionService: stats => 1688477142115,-65307,4201
07-04 09:25:42.224  1240  1344 I BatteryMgr:DataCollectionService: stats => 1688477142224,-65307,4201
07-04 09:25:42.337  1240  1344 I BatteryMgr:DataCollectionService: stats => 1688477142337,-65307,4201
07-04 09:25:42.451  1240  1344 I BatteryMgr:DataCollectionService: stats => 1688477142451,-65307,4201
07-04 09:25:42.570  1240  1344 I BatteryMgr:DataCollectionService: stats => 1688477142570,-65307,4201
07-04 09:25:42.684  1240  1344 I BatteryMgr:DataCollectionService: stats => 1688477142684,-65307,4201
07-04 09:25:42.800  1240  1344 I BatteryMgr:DataCollectionService: stats => 1688477142800,-65307,4201
07-04 09:25:42.913  1240  1344 I BatteryMgr:DataCollectionService: stats => 1688477142913,-65307,4201
07-04 09:25:43.029  1240  1344 I BatteryMgr:DataCollectionService: stats => 1688477143029,-65307,4201
07-04 09:25:43.144  1240  1344 I BatteryMgr:DataCollectionService: stats => 1688477143144,-65307,4201
07-04 09:25:43.253  1240  1344 I BatteryMgr:DataCollectionService: stats => 1688477143253,-65307,4201
07-04 09:25:43.364  1240  1344 I BatteryMgr:DataCollectionService: stats => 1688477143364,-65307,4201
07-04 09:25:43.474  1240  1344 I BatteryMgr:DataCollectionService: stats => 1688477143474,-65307,4201
07-04 09:25:43.588  1240  1344 I BatteryMgr:DataCollectionService: stats => 1688477143588,-65307,4201
07-04 09:25:43.701  1240  1344 I BatteryMgr:DataCollectionService: stats => 1688477143701,-65307,4201
07-04 09:25:43.815  1240  1344 I BatteryMgr:DataCollectionService: stats => 1688477143815,-65307,4201
07-04 09:25:43.930  1240  1344 I BatteryMgr:DataCollectionService: stats => 1688477143930,-65307,4201
07-04 09:25:44.044  1240  1344 I BatteryMgr:DataCollectionService: stats => 1688477144044,-65307,4201
07-04 09:25:44.161  1240  1344 I BatteryMgr:DataCollectionService: stats => 1688477144160,-65307,4201
07-04 09:25:44.276  1240  1344 I BatteryMgr:DataCollectionService: stats => 1688477144276,-65307,4201
07-04 09:25:44.386  1240  1344 I BatteryMgr:DataCollectionService: stats => 1688477144386,-65307,4201
07-04 09:25:44.496  1240  1344 I BatteryMgr:DataCollectionService: stats => 1688477144496,-65307,4201
07-04 09:25:44.610  1240  1344 I BatteryMgr:DataCollectionService: stats => 1688477144610,-65307,4201
07-04 09:25:44.723  1240  1344 I BatteryMgr:DataCollectionService: stats => 1688477144722,-65307,4201
07-04 09:25:44.841  1240  1344 I BatteryMgr:DataCollectionService: stats => 1688477144840,-65307,4201
07-04 09:25:44.956  1240  1344 I BatteryMgr:DataCollectionService: stats => 1688477144956,-65307,4201
07-04 09:25:45.072  1240  1344 I BatteryMgr:DataCollectionService: stats => 1688477145072,-65307,4201
07-04 09:25:45.186  1240  1344 I BatteryMgr:DataCollectionService: stats => 1688477145186,-65307,4201
07-04 09:25:45.299  1240  1344 I BatteryMgr:DataCollectionService: stats => 1688477145299,-65307,4201
07-04 09:25:45.416  1240  1344 I BatteryMgr:DataCollectionService: stats => 1688477145416,-65307,4201
07-04 09:25:45.524  1240  1344 I BatteryMgr:DataCollectionService: stats => 1688477145524,-65307,4201
07-04 09:25:45.632  1240  1344 I BatteryMgr:DataCollectionService: stats => 1688477145632,-65307,4201
07-04 09:25:45.741  1240  1344 I BatteryMgr:DataCollectionService: stats => 1688477145741,-65307,4201
07-04 09:25:45.856  1240  1344 I BatteryMgr:DataCollectionService: stats => 1688477145855,-65307,4201
07-04 09:25:45.968  1240  1344 I BatteryMgr:DataCollectionService: stats => 1688477145968,-65307,4201
07-04 09:25:46.088  1240  1344 I BatteryMgr:DataCollectionService: stats => 1688477146087,-65307,4201
07-04 09:25:46.201  1240  1344 I BatteryMgr:DataCollectionService: stats => 1688477146201,-65307,4201
07-04 09:25:46.316  1240  1344 I BatteryMgr:DataCollectionService: stats => 1688477146316,-65307,4201
07-04 09:25:46.437  1240  1344 I BatteryMgr:DataCollectionService: stats => 1688477146437,-65307,4201
07-04 09:25:46.550  1240  1344 I BatteryMgr:DataCollectionService: stats => 1688477146550,-65307,4201
07-04 09:25:46.663  1240  1344 I BatteryMgr:DataCollectionService: stats => 1688477146663,-65307,4201
07-04 09:25:46.774  1240  1344 I BatteryMgr:DataCollectionService: stats => 1688477146774,-65307,4201
07-04 09:25:46.886  1240  1344 I BatteryMgr:DataCollectionService: stats => 1688477146886,-65307,4201
07-04 09:25:47.000  1240  1344 I BatteryMgr:DataCollectionService: stats => 1688477146999,-65307,4201
07-04 09:25:47.113  1240  1344 I BatteryMgr:DataCollectionService: stats => 1688477147113,-65307,4201
07-04 09:25:47.231  1240  1344 I BatteryMgr:DataCollectionService: stats => 1688477147230,-65307,4201
07-04 09:25:47.343  1240  1344 I BatteryMgr:DataCollectionService: stats => 1688477147343,-65307,4201
07-04 09:25:47.459  1240  1344 I BatteryMgr:DataCollectionService: stats => 1688477147458,-65307,4201
07-04 09:25:47.573  1240  1344 I BatteryMgr:DataCollectionService: stats => 1688477147573,-65307,4201
07-04 09:25:47.690  1240  1344 I BatteryMgr:DataCollectionService: stats => 1688477147689,-65307,4201
07-04 09:25:47.803  1240  1344 I BatteryMgr:DataCollectionService: stats => 1688477147803,-65307,4201
07-04 09:25:47.911  1240  1344 I BatteryMgr:DataCollectionService: stats => 1688477147911,-65307,4201
07-04 09:25:48.021  1240  1344 I BatteryMgr:DataCollectionService: stats => 1688477148021,-65307,4201
07-04 09:25:48.133  1240  1344 I BatteryMgr:DataCollectionService: stats => 1688477148133,-65307,4201
07-04 09:25:48.247  1240  1344 I BatteryMgr:DataCollectionService: stats => 1688477148247,-65307,4201
07-04 09:25:48.363  1240  1344 I BatteryMgr:DataCollectionService: stats => 1688477148362,-65307,4201
07-04 09:25:48.481  1240  1344 I BatteryMgr:DataCollectionService: stats => 1688477148481,-65307,4201
07-04 09:25:48.597  1240  1344 I BatteryMgr:DataCollectionService: stats => 1688477148597,-65307,4201
07-04 09:25:48.711  1240  1344 I BatteryMgr:DataCollectionService: stats => 1688477148711,-65307,4201
07-04 09:25:48.826  1240  1344 I BatteryMgr:DataCollectionService: stats => 1688477148826,-65307,4201
07-04 09:25:48.941  1240  1344 I BatteryMgr:DataCollectionService: stats => 1688477148940,-65307,4201
07-04 09:25:49.049  1240  1344 I BatteryMgr:DataCollectionService: stats => 1688477149049,-65307,4201
07-04 09:25:49.159  1240  1344 I BatteryMgr:DataCollectionService: stats => 1688477149159,-65307,4201
07-04 09:25:49.270  1240  1344 I BatteryMgr:DataCollectionService: stats => 1688477149270,-65307,4201
07-04 09:25:49.382  1240  1344 I BatteryMgr:DataCollectionService: stats => 1688477149382,-65307,4201
07-04 09:25:49.496  1240  1344 I BatteryMgr:DataCollectionService: stats => 1688477149496,-65307,4201
07-04 09:25:49.611  1240  1344 I BatteryMgr:DataCollectionService: stats => 1688477149611,-65307,4201
07-04 09:25:49.725  1240  1344 I BatteryMgr:DataCollectionService: stats => 1688477149724,-65307,4201
07-04 09:25:49.847  1240  1344 I BatteryMgr:DataCollectionService: stats => 1688477149847,-65307,4201
07-04 09:25:49.963  1240  1344 I BatteryMgr:DataCollectionService: stats => 1688477149963,-65307,4201
07-04 09:25:50.079  1240  1344 I BatteryMgr:DataCollectionService: stats => 1688477150078,-65307,4201
07-04 09:25:50.186  1240  1344 I BatteryMgr:DataCollectionService: stats => 1688477150186,-65307,4201
07-04 09:25:50.296  1240  1344 I BatteryMgr:DataCollectionService: stats => 1688477150296,-65307,4201
07-04 09:25:50.410  1240  1344 I BatteryMgr:DataCollectionService: stats => 1688477150409,-65307,4201
07-04 09:25:50.526  1240  1344 I BatteryMgr:DataCollectionService: stats => 1688477150526,-65307,4201
07-04 09:25:50.636  1240  1344 I BatteryMgr:DataCollectionService: stats => 1688477150635,-65307,4201
07-04 09:25:50.748  1240  1344 I BatteryMgr:DataCollectionService: stats => 1688477150747,-65307,4201
07-04 09:25:50.860  1240  1344 I BatteryMgr:DataCollectionService: stats => 1688477150860,-65307,4201
07-04 09:25:50.973  1240  1344 I BatteryMgr:DataCollectionService: stats => 1688477150973,-65307,4201
07-04 09:25:51.088  1240  1344 I BatteryMgr:DataCollectionService: stats => 1688477151088,-65307,4201
07-04 09:25:51.201  1240  1344 I BatteryMgr:DataCollectionService: stats => 1688477151201,-65307,4201
07-04 09:25:51.310  1240  1344 I BatteryMgr:DataCollectionService: stats => 1688477151310,-65307,4201
07-04 09:25:51.420  1240  1344 I BatteryMgr:DataCollectionService: stats => 1688477151420,-65307,4201
07-04 09:25:51.533  1240  1344 I BatteryMgr:DataCollectionService: stats => 1688477151532,-65307,4201
07-04 09:25:51.646  1240  1344 I BatteryMgr:DataCollectionService: stats => 1688477151646,-65307,4201
07-04 09:25:51.759  1240  1344 I BatteryMgr:DataCollectionService: stats => 1688477151759,-65307,4201
07-04 09:25:51.872  1240  1344 I BatteryMgr:DataCollectionService: stats => 1688477151871,-65307,4201
07-04 09:25:51.983  1240  1344 I BatteryMgr:DataCollectionService: stats => 1688477151983,-65307,4201
07-04 09:25:52.099  1240  1344 I BatteryMgr:DataCollectionService: stats => 1688477152098,-65307,4201
07-04 09:25:52.213  1240  1344 I BatteryMgr:DataCollectionService: stats => 1688477152213,-65307,4201
07-04 09:25:52.327  1240  1344 I BatteryMgr:DataCollectionService: stats => 1688477152327,-65307,4201
07-04 09:25:52.437  1240  1344 I BatteryMgr:DataCollectionService: stats => 1688477152437,-65307,4201
07-04 09:25:52.546  1240  1344 I BatteryMgr:DataCollectionService: stats => 1688477152545,-65307,4201
07-04 09:25:52.655  1240  1344 I BatteryMgr:DataCollectionService: stats => 1688477152655,-65307,4201
07-04 09:25:52.769  1240  1344 I BatteryMgr:DataCollectionService: stats => 1688477152769,-65307,4201
07-04 09:25:52.884  1240  1344 I BatteryMgr:DataCollectionService: stats => 1688477152884,-65307,4201
07-04 09:25:52.996  1240  1344 I BatteryMgr:DataCollectionService: stats => 1688477152995,-65307,4201
07-04 09:25:53.110  1240  1344 I BatteryMgr:DataCollectionService: stats => 1688477153110,-65307,4201
07-04 09:25:53.226  1240  1344 I BatteryMgr:DataCollectionService: stats => 1688477153226,-65307,4201
07-04 09:25:53.339  1240  1344 I BatteryMgr:DataCollectionService: stats => 1688477153339,-65307,4201
07-04 09:25:53.453  1240  1344 I BatteryMgr:DataCollectionService: stats => 1688477153453,-65307,4201
07-04 09:25:53.566  1240  1344 I BatteryMgr:DataCollectionService: stats => 1688477153565,-65307,4201
07-04 09:25:53.674  1240  1344 I BatteryMgr:DataCollectionService: stats => 1688477153673,-65307,4201
07-04 09:25:53.782  1240  1344 I BatteryMgr:DataCollectionService: stats => 1688477153782,-65307,4201
07-04 09:25:53.897  1240  1344 I BatteryMgr:DataCollectionService: stats => 1688477153896,-65307,4201
07-04 09:25:54.012  1240  1344 I BatteryMgr:DataCollectionService: stats => 1688477154012,-65307,4201
07-04 09:25:54.126  1240  1344 I BatteryMgr:DataCollectionService: stats => 1688477154125,-65307,4201
07-04 09:25:54.242  1240  1344 I BatteryMgr:DataCollectionService: stats => 1688477154241,-65307,4201
07-04 09:25:54.354  1240  1344 I BatteryMgr:DataCollectionService: stats => 1688477154353,-65307,4201
07-04 09:25:54.466  1240  1344 I BatteryMgr:DataCollectionService: stats => 1688477154465,-65307,4201
07-04 09:25:54.580  1240  1344 I BatteryMgr:DataCollectionService: stats => 1688477154579,-65307,4201
07-04 09:25:54.696  1240  1344 I BatteryMgr:DataCollectionService: stats => 1688477154695,-65307,4201
07-04 09:25:54.804  1240  1344 I BatteryMgr:DataCollectionService: stats => 1688477154803,-65307,4201
07-04 09:25:54.911  1240  1344 I BatteryMgr:DataCollectionService: stats => 1688477154911,-65307,4201
07-04 09:25:55.023  1240  1344 I BatteryMgr:DataCollectionService: stats => 1688477155023,-65307,4201
07-04 09:25:55.138  1240  1344 I BatteryMgr:DataCollectionService: stats => 1688477155137,-65307,4201
07-04 09:25:55.253  1240  1344 I BatteryMgr:DataCollectionService: stats => 1688477155253,-65307,4201
07-04 09:25:55.367  1240  1344 I BatteryMgr:DataCollectionService: stats => 1688477155367,-65307,4201
07-04 09:25:55.479  1240  1344 I BatteryMgr:DataCollectionService: stats => 1688477155479,-65307,4201
07-04 09:25:55.593  1240  1344 I BatteryMgr:DataCollectionService: stats => 1688477155592,-65307,4201
07-04 09:25:55.706  1240  1344 I BatteryMgr:DataCollectionService: stats => 1688477155706,-65307,4201
07-04 09:25:55.819  1240  1344 I BatteryMgr:DataCollectionService: stats => 1688477155818,-65307,4201
07-04 09:25:55.928  1240  1344 I BatteryMgr:DataCollectionService: stats => 1688477155928,-65307,4201
07-04 09:25:56.036  1240  1344 I BatteryMgr:DataCollectionService: stats => 1688477156036,-65307,4201
07-04 09:25:56.148  1240  1344 I BatteryMgr:DataCollectionService: stats => 1688477156147,-65307,4201
07-04 09:25:56.267  1240  1344 I BatteryMgr:DataCollectionService: stats => 1688477156267,-65307,4201
07-04 09:25:56.381  1240  1344 I BatteryMgr:DataCollectionService: stats => 1688477156381,-65307,4201
07-04 09:25:56.494  1240  1344 I BatteryMgr:DataCollectionService: stats => 1688477156494,-65307,4201
07-04 09:25:56.607  1240  1344 I BatteryMgr:DataCollectionService: stats => 1688477156607,-65307,4201
07-04 09:25:56.721  1240  1344 I BatteryMgr:DataCollectionService: stats => 1688477156721,-65307,4201
07-04 09:25:56.835  1240  1344 I BatteryMgr:DataCollectionService: stats => 1688477156834,-65307,4201
07-04 09:25:56.950  1240  1344 I BatteryMgr:DataCollectionService: stats => 1688477156949,-65307,4201
07-04 09:25:57.063  1240  1344 I BatteryMgr:DataCollectionService: stats => 1688477157063,-65307,4201
07-04 09:25:57.171  1240  1344 I BatteryMgr:DataCollectionService: stats => 1688477157171,-65307,4201
07-04 09:25:57.280  1240  1344 I BatteryMgr:DataCollectionService: stats => 1688477157280,-65307,4201
07-04 09:25:57.394  1240  1344 I BatteryMgr:DataCollectionService: stats => 1688477157393,-65307,4201
07-04 09:25:57.507  1240  1344 I BatteryMgr:DataCollectionService: stats => 1688477157506,-65307,4201
07-04 09:25:57.619  1240  1344 I BatteryMgr:DataCollectionService: stats => 1688477157618,-65307,4201
07-04 09:24:57.047   765   779 E NotificationService: Suppressing notification from package by user request.
07-04 09:25:57.679   765   779 E NotificationService: Suppressing notification from package by user request.
07-04 09:25:58.154   765  3793 I ActivityManager: Force stopping e.www.cpufactorialtest appid=10165 user=0: from pid 1383
07-04 09:25:58.154   765  3793 I ActivityManager: Killing 1300:e.www.cpufactorialtest/u0a165 (adj 0): stop e.www.cpufactorialtest
07-04 09:25:58.155   765   781 W zygote64: kill(-1300, 9) failed: No such process
07-04 09:25:58.156   765  3793 W ActivityManager: Force removing ActivityRecord{a62345f u0 e.www.cpufactorialtest/.MainActivity t1512}: app died, no saved state
07-04 09:25:58.162   765  3793 I WindowManager: Failed to capture screenshot of Token{83f6eac ActivityRecord{a62345f u0 e.www.cpufactorialtest/.MainActivity t1512 f}} appWin=Window{4155f12 u0 e.www.cpufactorialtest/e.www.cpufactorialtest.MainActivity} drawState=4
07-04 09:25:58.187 25038 25038 I Finsky  : [2] toe.onTrimMemory(1): Memory trim requested to level 60
07-04 09:25:58.188 25038 25038 I Finsky  : [2] neb.accept(3): Flushing in-memory image cache
07-04 09:25:58.202   765   781 W zygote64: kill(-1300, 9) failed: No such process
07-04 09:25:58.203  1439  1439 D CarrierSvcBindHelper: No carrier app for: 0
07-04 09:25:58.234  1240  1284 I Adreno  : QUALCOMM build                   : 8e59954, I0be83d0d26
07-04 09:25:58.234  1240  1284 I Adreno  : Build Date                       : 09/22/17
07-04 09:25:58.234  1240  1284 I Adreno  : OpenGL ES Shader Compiler Version: EV031.21.02.00
07-04 09:25:58.234  1240  1284 I Adreno  : Local Branch                     : O17A
07-04 09:25:58.234  1240  1284 I Adreno  : Remote Branch                    : 
07-04 09:25:58.234  1240  1284 I Adreno  : Remote Branch                    : 
07-04 09:25:58.234  1240  1284 I Adreno  : Reconstruct Branch               : 
07-04 09:25:58.239  1240  1284 D vndksupport: Loading /vendor/lib64/hw/gralloc.msm8992.so from current namespace instead of sphal namespace.
07-04 09:25:58.243  1240  1284 I Adreno  : PFP: 0x00000000, ME: 0x00000000
07-04 09:25:58.245   765   781 W zygote64: kill(-1300, 9) failed: No such process
07-04 09:25:58.252  1240  1284 I zygote64: android::hardware::configstore::V1_0::ISurfaceFlingerConfigs::hasWideColorDisplay retrieved: 0
07-04 09:25:58.252  1237  1237 I GoogleInputMethodService: GoogleInputMethodService.onFinishInput():3306 
07-04 09:25:58.253  1240  1284 I OpenGLRenderer: Initialized EGL, version 1.4
07-04 09:25:58.253  1240  1284 D OpenGLRenderer: Swap behavior 2
07-04 09:25:58.255  1237  1237 I GoogleInputMethodService: GoogleInputMethodService.updateDeviceLockedStatus():2127 repeatCheckTimes = 0, locked = false
07-04 09:25:58.255  1237  1237 I GoogleInputMethodService: GoogleInputMethodService.onStartInput():1909 onStartInput(EditorInfo{inputType=0x0(NULL) imeOptions=0x0 privateImeOptions=null actionName=UNSPECIFIED actionLabel=null actionId=0 initialSelStart=-1 initialSelEnd=-1 initialCapsMode=0x0 hintText=null label=null packageName=com.example.batterymanager_utility fieldId=-1 fieldName=null extras=null hintLocales=[]}, false)
07-04 09:25:58.256  1237  1237 I GoogleInputMethodService: GoogleInputMethodService.shouldHideHeaderOnInitialState():1990 ShouldHideHeaderOnInitialState = false
07-04 09:25:58.257  1237  1237 I GoogleInputMethodService: GoogleInputMethodService.updateDeviceLockedStatus():2127 repeatCheckTimes = 1, locked = false
07-04 09:25:58.268   765   788 W ActivityManager: setHasOverlayUi called on unknown pid: 1300
07-04 09:25:58.275  3054  3054 W ResourceType: ResTable_typeSpec entry count inconsistent: given 87, previously 89
07-04 09:25:58.275  3054  3054 W ResourceType: ResTable_typeSpec entry count inconsistent: given 157, previously 161
07-04 09:25:58.276  3054  3054 W ResourceType: ResTable_typeSpec entry count inconsistent: given 3431, previously 3451
07-04 09:25:58.276  3054  3054 W ResourceType: ResTable_typeSpec entry count inconsistent: given 488, previously 4544
07-04 09:25:58.288   765   781 W zygote64: kill(-1300, 9) failed: No such process
07-04 09:25:58.289   765   781 I zygote64: Successfully killed process cgroup uid 10165 pid 1300 in 133ms
07-04 09:25:58.289  3054  3054 D RegisteredNfcFServicesCache: Service unchanged, not updating
07-04 09:26:01.624   765  3159 I ActivityManager: Force stopping com.example.batterymanager_utility appid=10111 user=0: from pid 1392
07-04 09:26:01.626   765  3159 I ActivityManager: Killing 1240:com.example.batterymanager_utility/u0a111 (adj 0): stop com.example.batterymanager_utility
07-04 09:26:01.627   765  3159 W ActivityManager: Force removing ActivityRecord{20f57aa u0 com.example.batterymanager_utility/.MainActivity t1511}: app died, no saved state
07-04 09:26:01.627   765   781 W zygote64: kill(-1240, 9) failed: No such process
07-04 09:26:01.634   765  3159 I WindowManager: Failed to capture screenshot of Token{4ba4f9b ActivityRecord{20f57aa u0 com.example.batterymanager_utility/.MainActivity t1511 f}} appWin=Window{99b1114 u0 com.example.batterymanager_utility/com.example.batterymanager_utility.MainActivity} drawState=4
07-04 09:26:01.667   765   781 W zygote64: kill(-1240, 9) failed: No such process
07-04 09:26:01.674   428  2053 E SurfaceFlinger: Failed to find layer (com.example.batterymanager_utility/com.example.batterymanager_utility.MainActivity#0) in layer parent (no-parent).
07-04 09:26:01.676   765   788 E JavaBinder: !!! FAILED BINDER TRANSACTION !!!  (parcel size = 60)
07-04 09:26:01.691   765   788 W ActivityManager: setHasOverlayUi called on unknown pid: 1240
07-04 09:26:01.695  1439  1439 D CarrierSvcBindHelper: No carrier app for: 0
07-04 09:26:01.706  3054  3054 D RegisteredNfcFServicesCache: Service unchanged, not updating
07-04 09:26:01.712   765   781 W zygote64: kill(-1240, 9) failed: No such process
07-04 09:26:01.712   765   781 I zygote64: Successfully killed process cgroup uid 10111 pid 1240 in 85ms
07-04 09:26:01.717  3121  3121 D PrimesStartupMeasure: Error handling StartupMeasure's onActivityResume
07-04 09:26:01.717  3121  3121 D PrimesStartupMeasure: java.lang.NullPointerException: Attempt to invoke virtual method 'android.view.ViewTreeObserver android.view.View.getViewTreeObserver()' on a null object reference
07-04 09:26:01.717  3121  3121 D PrimesStartupMeasure: 	at com.google.android.libraries.performance.primes.metrics.h.m.onActivityResumed(PG:3)
07-04 09:26:01.717  3121  3121 D PrimesStartupMeasure: 	at android.app.Application.dispatchActivityResumed(Application.java:216)
07-04 09:26:01.717  3121  3121 D PrimesStartupMeasure: 	at android.app.Activity.onResume(Activity.java:1313)
07-04 09:26:01.717  3121  3121 D PrimesStartupMeasure: 	at com.android.launcher3.Launcher.onResume(PG:1)
07-04 09:26:01.717  3121  3121 D PrimesStartupMeasure: 	at android.app.Instrumentation.callActivityOnResume(Instrumentation.java:1355)
07-04 09:26:01.717  3121  3121 D PrimesStartupMeasure: 	at android.app.Activity.performResume(Activity.java:7117)
07-04 09:26:01.717  3121  3121 D PrimesStartupMeasure: 	at android.app.ActivityThread.performResumeActivity(ActivityThread.java:3556)
07-04 09:26:01.717  3121  3121 D PrimesStartupMeasure: 	at android.app.ActivityThread.handleResumeActivity(ActivityThread.java:3621)
07-04 09:26:01.717  3121  3121 D PrimesStartupMeasure: 	at android.app.ActivityThread$H.handleMessage(ActivityThread.java:1638)
07-04 09:26:01.717  3121  3121 D PrimesStartupMeasure: 	at android.os.Handler.dispatchMessage(Handler.java:106)
07-04 09:26:01.717  3121  3121 D PrimesStartupMeasure: 	at android.os.Looper.loop(Looper.java:164)
07-04 09:26:01.717  3121  3121 D PrimesStartupMeasure: 	at android.app.ActivityThread.main(ActivityThread.java:6494)
07-04 09:26:01.717  3121  3121 D PrimesStartupMeasure: 	at java.lang.reflect.Method.invoke(Native Method)
07-04 09:26:01.717  3121  3121 D PrimesStartupMeasure: 	at com.android.internal.os.RuntimeInit$MethodAndArgsCaller.run(RuntimeInit.java:438)
07-04 09:26:01.717  3121  3121 D PrimesStartupMeasure: 	at com.android.internal.os.ZygoteInit.main(ZygoteInit.java:807)
07-04 09:26:01.726   428   428 D SurfaceFlinger: duplicate layer name: changing com.google.android.googlequicksearchbox/com.google.android.launcher.GEL to com.google.android.googlequicksearchbox/com.google.android.launcher.GEL#1
07-04 09:26:01.727  3005  3005 I GsaVoiceInteractionSrv: Handling ACTION_START_HOTWORD
07-04 09:26:01.727  3005  3325 I GsaVoiceInteractionSrv: (REDACTED) disregardHotwordSetting: %b
07-04 09:26:01.727  3005  3325 I GsaVoiceInteractionSrv: Cannot start hotword, hotword has been explicitly disabled.
07-04 09:26:01.732  3121  3373 I Adreno  : QUALCOMM build                   : 8e59954, I0be83d0d26
07-04 09:26:01.732  3121  3373 I Adreno  : Build Date                       : 09/22/17
07-04 09:26:01.732  3121  3373 I Adreno  : OpenGL ES Shader Compiler Version: EV031.21.02.00
07-04 09:26:01.732  3121  3373 I Adreno  : Local Branch                     : O17A
07-04 09:26:01.732  3121  3373 I Adreno  : Remote Branch                    : 
07-04 09:26:01.732  3121  3373 I Adreno  : Remote Branch                    : 
07-04 09:26:01.732  3121  3373 I Adreno  : Reconstruct Branch               : 
07-04 09:26:01.737  8517  8517 D BoundBrokerSvc: onBind: Intent { act=com.google.android.gms.inappreach.service.START dat=chimera-action: cmp=com.google.android.gms/.chimera.GmsApiService }
07-04 09:26:01.737  8517  8517 D BoundBrokerSvc: Loading bound service for intent: Intent { act=com.google.android.gms.inappreach.service.START dat=chimera-action: cmp=com.google.android.gms/.chimera.GmsApiService }
07-04 09:26:01.739  3121  3373 D vndksupport: Loading /vendor/lib64/hw/gralloc.msm8992.so from current namespace instead of sphal namespace.
07-04 09:26:01.743  3121  3373 I Adreno  : PFP: 0x00000000, ME: 0x00000000
07-04 09:26:01.745  3121  3373 I zygote64: android::hardware::configstore::V1_0::ISurfaceFlingerConfigs::hasWideColorDisplay retrieved: 0
07-04 09:26:01.746  3121  3373 I OpenGLRenderer: Initialized EGL, version 1.4
07-04 09:26:01.746  3121  3373 D OpenGLRenderer: Swap behavior 2
07-04 09:26:01.753  1237  1237 I GoogleInputMethodService: GoogleInputMethodService.onFinishInput():3306 
07-04 09:26:01.755  1237  1237 I GoogleInputMethodService: GoogleInputMethodService.updateDeviceLockedStatus():2127 repeatCheckTimes = 0, locked = false
07-04 09:26:01.755  1237  1237 I GoogleInputMethodService: GoogleInputMethodService.onStartInput():1909 onStartInput(EditorInfo{inputType=0x0(NULL) imeOptions=0x0 privateImeOptions=null actionName=UNSPECIFIED actionLabel=null actionId=0 initialSelStart=-1 initialSelEnd=-1 initialCapsMode=0x0 hintText=null label=null packageName=com.google.android.googlequicksearchbox fieldId=-1 fieldName=null extras=null hintLocales=[]}, false)
07-04 09:26:01.755  1237  1237 I GoogleInputMethodService: GoogleInputMethodService.shouldHideHeaderOnInitialState():1990 ShouldHideHeaderOnInitialState = false
07-04 09:26:01.756  1237  1237 I GoogleInputMethodService: GoogleInputMethodService.updateDeviceLockedStatus():2127 repeatCheckTimes = 1, locked = false
