07-05 17:20:03.387   732 18657 I mm-camera: <MCT   >< INFO> 4217: mct_pipeline_process_set: command=8000008
07-05 17:20:03.387   732 18657 I mm-camera: <MCT   >< INFO> 4356: mct_pipeline_process_set:  STREAM-ON on stream 0x40002 stream type=3
07-05 17:20:03.387   732 18657 I mm-camera: <SENSOR>< INFO> 3363: sensor_set_resolution: Requested:W*H:3264*2448, stream mask:828, hfr mode:0, Cur fps:30.000000
07-05 17:20:03.387   732 18657 E mm-camera: <SENSOR><ERROR> 709: sensor_pick_resolution: sensor_name s5k4h8_pl2_holitech
07-05 17:20:03.387   732 18657 E mm-camera: <SENSOR><ERROR> 725: sensor_pick_resolution: res_idx: 0
07-05 17:20:03.387   732 18657 I mm-camera: <SENSOR>< INFO> 3395: sensor_set_resolution: Curr Res ID:-1 New Res ID:0 New FPS 30.000000
07-05 17:20:03.387   732 18657 I mm-camera: <SENSOR>< INFO> 5031: sensor_get_resolution_info: sensor info: name: s5k4h8_pl2_holitech, res: 0, max_fps: 30.000000, w: 3264, h: 2448 op pix clk: 280000000, FLL: 2498, LLPCK: 3744, mode: 1, PDAF support: 0
07-05 17:20:03.388   732 18673 I mm-camera: <STATS_AEC >< INFO> 2621: aec_set_param: SHDR LIMITS:0 0 (0 0) (0 0)
07-05 17:20:03.388   732 18657 E mm-camera: <STATS_AF ><ERROR> 3462: af_port_handle_sensor_update: Depth_Err: actuator sensitivity: 0.000000 is invalid
07-05 17:20:03.388   732 18657 I mm-camera: <CPP   >< INFO> 2388: cpp_module_handle_stream_cfg_event: frame_offset=3, input_fps=30.00, identity=0x4000f
07-05 17:20:03.388   732 18657 I mm-camera: <CPP   >< INFO> 2388: cpp_module_handle_stream_cfg_event: frame_offset=3, input_fps=30.00, identity=0x40003
07-05 17:20:03.388   732 18657 E mm-camera: <SENSOR><ERROR> 7900: module_sensor_set_decode_format_based_on_pack_mode: Pack mode is 0
07-05 17:20:03.388   732 18657 E mm-camera: <SENSOR><ERROR> 4240: sensor_get_cur_chromatix_name: res_idx = 0 chromatix_lib_name[0] = s5k4h8_pl2_holitech_snapshot
07-05 17:20:03.388   732 18657 E mm-camera: <SENSOR><ERROR> 4240: sensor_get_cur_chromatix_name: res_idx = 0 chromatix_lib_name[1] = s5k4h8_pl2_holitech_snapshot
07-05 17:20:03.388   732 18657 E mm-camera: <SENSOR><ERROR> 4240: sensor_get_cur_chromatix_name: res_idx = 0 chromatix_lib_name[2] = s5k4h8_pl2_holitech_common
07-05 17:20:03.388   732 18657 E mm-camera: <SENSOR><ERROR> 4240: sensor_get_cur_chromatix_name: res_idx = 0 chromatix_lib_name[3] = s5k4h8_pl2_holitech_cpp_preview
07-05 17:20:03.388   732 18657 E mm-camera: <SENSOR><ERROR> 4240: sensor_get_cur_chromatix_name: res_idx = 0 chromatix_lib_name[4] = s5k4h8_pl2_holitech_cpp_snapshot
07-05 17:20:03.388   732 18657 E mm-camera: <SENSOR><ERROR> 4240: sensor_get_cur_chromatix_name: res_idx = 0 chromatix_lib_name[5] = s5k4h8_pl2_holitech_cpp_snapshot
07-05 17:20:03.388   732 18657 E mm-camera: <SENSOR><ERROR> 4240: sensor_get_cur_chromatix_name: res_idx = 0 chromatix_lib_name[6] = s5k4h8_pl2_holitech_cpp_snapshot
07-05 17:20:03.388   732 18657 E mm-camera: <SENSOR><ERROR> 4240: sensor_get_cur_chromatix_name: res_idx = 0 chromatix_lib_name[7] = s5k4h8_pl2_holitech_cpp_snapshot
07-05 17:20:03.388   732 18657 E mm-camera: <SENSOR><ERROR> 4240: sensor_get_cur_chromatix_name: res_idx = 0 chromatix_lib_name[8] = s5k4h8_pl2_holitech_cpp_snapshot
07-05 17:20:03.388   732 18657 E mm-camera: <SENSOR><ERROR> 4240: sensor_get_cur_chromatix_name: res_idx = 0 chromatix_lib_name[9] = s5k4h8_pl2_holitech_cpp_snapshot
07-05 17:20:03.388   732 18657 E mm-camera: <SENSOR><ERROR> 4240: sensor_get_cur_chromatix_name: res_idx = 0 chromatix_lib_name[10] = s5k4h8_pl2_holitech_cpp_snapshot
07-05 17:20:03.388   732 18657 E mm-camera: <SENSOR><ERROR> 4240: sensor_get_cur_chromatix_name: res_idx = 0 chromatix_lib_name[11] = s5k4h8_pl2_holitech_cpp_video
07-05 17:20:03.388   732 18657 E mm-camera: <SENSOR><ERROR> 4240: sensor_get_cur_chromatix_name: res_idx = 0 chromatix_lib_name[12] = s5k4h8_pl2_holitech_postproc
07-05 17:20:03.388   732 18657 E mm-camera: <SENSOR><ERROR> 4240: sensor_get_cur_chromatix_name: res_idx = 0 chromatix_lib_name[13] = s5k4h8_pl2_holitech_zsl_preview
07-05 17:20:03.388   732 18657 E mm-camera: <SENSOR><ERROR> 4243: sensor_get_cur_chromatix_name: res_idx = 0 chromatix_lib_name[14] = NULL
07-05 17:20:03.388   732 18657 E mm-camera: <SENSOR><ERROR> 4243: sensor_get_cur_chromatix_name: res_idx = 0 chromatix_lib_name[15] = NULL
07-05 17:20:03.388   732 18657 D         : s5k4h8_holitech_eeprom_get_calibration_items:96is_wbc:1,is_afc:0,is_lsc:0,is_dpc:0,is_insensor:0,is_ois:0
07-05 17:20:03.390   732 18674 E mm-camera: <STATS_AF ><ERROR> 870: af_haf_util_update_force_scan_end_params: force scan timeout enabled,max th: 60 
07-05 17:20:03.390   732 18673 E mm-camera: <STATS_AEC ><ERROR> 579: aec_led_cal_apply_calibration: Calibrate data size 0 not expected with tuning size: 0
07-05 17:20:03.390   732 18674 E mm-camera: <STATS_AF ><ERROR> 596: af_haf_default_mixer_active_algo_selection: ERROR! Unable to find active mixer algo !! 
07-05 17:20:03.390   732 18674 E mm-camera: <SENSOR><ERROR> 1323: port_sensor_handle_upstream_module_event: failed
07-05 17:20:03.390   732 18674 E mm-camera: <SENSOR><ERROR> 1647: port_sensor_port_process_event: failed: port_sensor_handle_upstream_module_event
07-05 17:20:03.390   732 18674 E mm-camera: <ISP   ><ERROR> 1486: isp_util_forward_event: failed: mct_port_send_event_to_peer event->type 2
07-05 17:20:03.390   732 18657 E mm-camera: <IFACE ><ERROR> 2263: iface_util_set_chromatix: iface_util_set_chromatix:2263 failed: iface_hvx_open rc 0
07-05 17:20:03.390   732 18657 I mm-camera: <IFACE >< INFO> 429: iface_util_dump_sensor_cfg: iface_util_dump_sensor_cfg: sensor dim: width = 3264, heght = 2448, fmt = 29, is_bayer = 1, init_skip = 2
07-05 17:20:03.391   732 18657 I mm-camera: <IFACE >< INFO> 4201: iface_util_set_hw_stream_config_pix: iface_util_set_hw_stream_config_pix: Assigned vfe 1 intf 0 for related cam type 1
07-05 17:20:03.391   732 18657 I mm-camera: <IFACE >< INFO> 3636: iface_util_dump_isp_resource_request:  =====DUMP RESOURCE: PIX STREAM=== 
07-05 17:20:03.391   732 18657 I mm-camera: <IFACE >< INFO> 3637: iface_util_dump_isp_resource_request: num pix stream = 3
07-05 17:20:03.391   732 18657 I mm-camera: <IFACE >< INFO> 3640: iface_util_dump_isp_resource_request: num_isp = 1, isp_mask = 2, request_op_pix_clk = 0
07-05 17:20:03.391   732 18657 I mm-camera: <IFACE >< INFO> 3644: iface_util_dump_isp_resource_request: ispif stripe info: split 0, overlap 0, stripe offset 0
07-05 17:20:03.391   732 18657 I mm-camera: <IFACE >< INFO> 3647: iface_util_dump_isp_resource_request: pix stream 0
07-05 17:20:03.391   732 18657 I mm-camera: <IFACE >< INFO> 3650: iface_util_dump_isp_resource_request: num mct stream mapped = 1(Mapped stream ID[0] = 3)
07-05 17:20:03.391   732 18657 I mm-camera: <IFACE >< INFO> 3653: iface_util_dump_isp_resource_request: axi path = 1(ENC-0/VIEW-1/CAMIF-2/IDEAL-3), cam_fmt 2
07-05 17:20:03.391   732 18657 I mm-camera: <IFACE >< INFO> 3647: iface_util_dump_isp_resource_request: pix stream 1
07-05 17:20:03.391   732 18657 I mm-camera: <IFACE >< INFO> 3650: iface_util_dump_isp_resource_request: num mct stream mapped = 1(Mapped stream ID[0] = 2)
07-05 17:20:03.391   732 18657 I mm-camera: <IFACE >< INFO> 3653: iface_util_dump_isp_resource_request: axi path = 0(ENC-0/VIEW-1/CAMIF-2/IDEAL-3), cam_fmt 2
07-05 17:20:03.391   732 18657 I mm-camera: <IFACE >< INFO> 3647: iface_util_dump_isp_resource_request: pix stream 2
07-05 17:20:03.391   732 18657 I mm-camera: <IFACE >< INFO> 3650: iface_util_dump_isp_resource_request: num mct stream mapped = 1(Mapped stream ID[0] = 4)
07-05 17:20:03.391   732 18657 I mm-camera: <IFACE >< INFO> 3653: iface_util_dump_isp_resource_request: axi path = 2(ENC-0/VIEW-1/CAMIF-2/IDEAL-3), cam_fmt 105
07-05 17:20:03.391   732 18657 I mm-camera: <IFACE >< INFO> 3675: iface_util_dump_isp_resource_request: num STATS stream = 7
07-05 17:20:03.391   732 18657 I mm-camera: <CPP   >< INFO> 3702: cpp_module_util_update_dim: offset_x 0, offset_y 0, offset 0, meta_len 0,meta_scanline 0, meta_stride 0, plane_len 307200
07-05 17:20:03.391   732 18657 I mm-camera: <CPP   >< INFO> 3702: cpp_module_util_update_dim: offset_x 0, offset_y 0, offset 0, meta_len 0,meta_scanline 0, meta_stride 0, plane_len 153600
07-05 17:20:03.391   732 18657 I mm-camera: <CPP   >< INFO> 1108: cpp_module_handle_isp_out_dim_event: [STREAM_PARAMS]  stream type 5, width 640, height 480,stride 640, scanline 512, planes 2
07-05 17:20:03.393   732 18657 I mm-camera: <IFACE >< INFO> 3983: iface_create_axi: iface_create_axi:3983: Create axi hw for session 4 on VFE 1
07-05 17:20:03.395   732 18657 I mm-camera: <IFACE >< INFO> 9565: iface_util_dump_camif_cfg: =====Camif DUMP cfg for PIX interface====
07-05 17:20:03.395   732 18657 I mm-camera: <IFACE >< INFO> 9567: iface_util_dump_camif_cfg: camif input type = 3(MIPI=3), op_pix_clk = 280000000
07-05 17:20:03.395   732 18657 I mm-camera: <IFACE >< INFO> 9569: iface_util_dump_camif_cfg: camif pix_pattern(RGRG-0/GRGR-1/BGBG-2/GBGB-3) = 1
07-05 17:20:03.395   732 18657 I mm-camera: <IFACE >< INFO> 9571: iface_util_dump_camif_cfg: camif first_pix = 0, last_pix = 3263
07-05 17:20:03.395   732 18657 I mm-camera: <IFACE >< INFO> 9573: iface_util_dump_camif_cfg: camif first_line = 0, last_line = 2447
07-05 17:20:03.395   732 18657 I mm-camera: <IFACE >< INFO> 9575: iface_util_dump_camif_cfg: camif pixels_per_line = 3264, lines_per_frame = 2448
07-05 17:20:03.395   732 18657 I mm-camera: <IFACE >< INFO> 9579: iface_util_dump_camif_cfg: camif irq subsample pattern = 0, period = 0 sof_step 1
07-05 17:20:03.395   732 18699 I mm-camera: <IFACE >< INFO> 569: iface_dump_axi_plane_config: === AXI DUMP: VFE session_id 4, hw_stream_id 10003 ===
07-05 17:20:03.395   732 18699 I mm-camera: <IFACE >< INFO> 573: iface_dump_axi_plane_config:     AXI DUMP Axi_src: VIEWFINDER hw_stream width 640, height 480
07-05 17:20:03.395   732 18699 I mm-camera: <IFACE >< INFO> 575: iface_dump_axi_plane_config: need buf divert = 1, burst count = 0
07-05 17:20:03.395   732 18699 I mm-camera: <IFACE >< INFO> 578: iface_dump_axi_plane_config: hfr mode = 0, skip pattern = 0, init_frame_drop = 2
07-05 17:20:03.395   732 18699 I mm-camera: <IFACE >< INFO> 611: iface_dump_axi_plane_config: plane[0]: plane_fmt 0(Y-0/CB-1/Cr-2/CrCb-3/CbCr-4)
07-05 17:20:03.395   732 18699 I mm-camera: <IFACE >< INFO> 613: iface_dump_axi_plane_config: plane[0]: width = 640, height = 480
07-05 17:20:03.395   732 18699 I mm-camera: <IFACE >< INFO> 615: iface_dump_axi_plane_config: plane[0]: stride = 640, scanlines = 480
07-05 17:20:03.395   732 18699 I mm-camera: <IFACE >< INFO> 617: iface_dump_axi_plane_config: plane[0]: address_offset 0
07-05 17:20:03.395   732 18699 I mm-camera: <IFACE >< INFO> 611: iface_dump_axi_plane_config: plane[1]: plane_fmt 3(Y-0/CB-1/Cr-2/CrCb-3/CbCr-4)
07-05 17:20:03.395   732 18699 I mm-camera: <IFACE >< INFO> 613: iface_dump_axi_plane_config: plane[1]: width = 640, height = 240
07-05 17:20:03.395   732 18699 I mm-camera: <IFACE >< INFO> 615: iface_dump_axi_plane_config: plane[1]: stride = 640, scanlines = 240
07-05 17:20:03.395   732 18699 I mm-camera: <IFACE >< INFO> 617: iface_dump_axi_plane_config: plane[1]: address_offset 0
07-05 17:20:03.395   732 18699 I mm-camera: <IFACE >< INFO> 569: iface_dump_axi_plane_config: === AXI DUMP: VFE session_id 4, hw_stream_id 2 ===
07-05 17:20:03.395   732 18699 I mm-camera: <IFACE >< INFO> 573: iface_dump_axi_plane_config:     AXI DUMP Axi_src: ENCODER hw_stream width 3264, height 2448
07-05 17:20:03.395   732 18699 I mm-camera: <IFACE >< INFO> 575: iface_dump_axi_plane_config: need buf divert = 0, burst count = 0
07-05 17:20:03.395   732 18699 I mm-camera: <IFACE >< INFO> 578: iface_dump_axi_plane_config: hfr mode = 0, skip pattern = 1, init_frame_drop = 2
07-05 17:20:03.395   732 18699 I mm-camera: <IFACE >< INFO> 611: iface_dump_axi_plane_config: plane[0]: plane_fmt 0(Y-0/CB-1/Cr-2/CrCb-3/CbCr-4)
07-05 17:20:03.395   732 18699 I mm-camera: <IFACE >< INFO> 613: iface_dump_axi_plane_config: plane[0]: width = 3264, height = 2448
07-05 17:20:03.395   732 18699 I mm-camera: <IFACE >< INFO> 615: iface_dump_axi_plane_config: plane[0]: stride = 3264, scanlines = 2496
07-05 17:20:03.395   732 18699 I mm-camera: <IFACE >< INFO> 617: iface_dump_axi_plane_config: plane[0]: address_offset 0
07-05 17:20:03.395   732 18699 I mm-camera: <IFACE >< INFO> 611: iface_dump_axi_plane_config: plane[1]: plane_fmt 3(Y-0/CB-1/Cr-2/CrCb-3/CbCr-4)
07-05 17:20:03.395   732 18699 I mm-camera: <IFACE >< INFO> 613: iface_dump_axi_plane_config: plane[1]: width = 3264, height = 1224
07-05 17:20:03.395   732 18699 I mm-camera: <IFACE >< INFO> 615: iface_dump_axi_plane_config: plane[1]: stride = 3264, scanlines = 1248
07-05 17:20:03.395   732 18699 I mm-camera: <IFACE >< INFO> 617: iface_dump_axi_plane_config: plane[1]: address_offset 0
07-05 17:20:03.395   732 18699 I mm-camera: <IFACE >< INFO> 569: iface_dump_axi_plane_config: === AXI DUMP: VFE session_id 4, hw_stream_id 10004 ===
07-05 17:20:03.395   732 18699 I mm-camera: <IFACE >< INFO> 573: iface_dump_axi_plane_config:     AXI DUMP Axi_src: VIDEO hw_stream width 640, height 480
07-05 17:20:03.395   732 18699 I mm-camera: <IFACE >< INFO> 575: iface_dump_axi_plane_config: need buf divert = 1, burst count = 0
07-05 17:20:03.395   732 18699 I mm-camera: <IFACE >< INFO> 578: iface_dump_axi_plane_config: hfr mode = 0, skip pattern = 0, init_frame_drop = 2
07-05 17:20:03.395   732 18699 I mm-camera: <IFACE >< INFO> 611: iface_dump_axi_plane_config: plane[0]: plane_fmt 0(Y-0/CB-1/Cr-2/CrCb-3/CbCr-4)
07-05 17:20:03.395   732 18699 I mm-camera: <IFACE >< INFO> 613: iface_dump_axi_plane_config: plane[0]: width = 640, height = 480
07-05 17:20:03.395   732 18699 I mm-camera: <IFACE >< INFO> 615: iface_dump_axi_plane_config: plane[0]: stride = 640, scanlines = 480
07-05 17:20:03.395   732 18699 I mm-camera: <IFACE >< INFO> 617: iface_dump_axi_plane_config: plane[0]: address_offset 0
07-05 17:20:03.396   732 18657 I mm-camera: <IFACE >< INFO> 1748: iface_streamon_to_thread: iface_streamon_to_thread: E, session id = 4, user stream id = 2
07-05 17:20:03.396   732 18666 I mm-camera: <IFACE >< INFO> 2095: iface_streamon: E, session_id 4 mct_stream_id = 2
07-05 17:20:03.396   732 18666 I mm-camera: <IFACE >< INFO> 12111: iface_util_get_user_streams_by_bundle: got No.1 bundled streamon, mct stream id 2total bundled stream num = 3
07-05 17:20:03.399   732 18657 E mm-camera: <ISP   ><ERROR> 281: module_linearization40_update_sudmod_enable: failed !! linearization40_update_base_tables
07-05 17:20:03.400   732 18657 I mm-camera: <IFACE >< INFO> 1777: iface_streamon_to_thread: iface_streamon_to_thread: X, session id = 4, user stream id = 2
07-05 17:20:03.402   732 18657 I mm-camera: <MCT   >< INFO> 157: start_sof_check_thread: Starting SOF timeout thread session id =4
07-05 17:20:03.402   732 18657 I mm-camera: <MCT   >< INFO> 180: start_sof_check_thread: Started sof thread: d7387230
07-05 17:20:03.402   732 18703 I mm-camera: <MCT   >< INFO> 79: mct_bus_sof_thread_run: SOF tracker thread started
07-05 17:20:03.402   732 18657 I mm-camera: <MCT   >< INFO> 4371: mct_pipeline_process_set:  STREAM-ON success for stream 0x40002, stream type=3
07-05 17:20:03.402   732 18657 I mm-camera: <MCT   >< INFO> 4217: mct_pipeline_process_set: command=8000008
07-05 17:20:03.402   732 18657 I mm-camera: <MCT   >< INFO> 4356: mct_pipeline_process_set:  STREAM-ON on stream 0x40003 stream type=5
07-05 17:20:03.402   732 18657 I mm-camera: <IFACE >< INFO> 1748: iface_streamon_to_thread: iface_streamon_to_thread: E, session id = 4, user stream id = 3
07-05 17:20:03.402   732 18666 I mm-camera: <IFACE >< INFO> 2095: iface_streamon: E, session_id 4 mct_stream_id = 3
07-05 17:20:03.403   732 18666 I mm-camera: <IFACE >< INFO> 12111: iface_util_get_user_streams_by_bundle: got No.2 bundled streamon, mct stream id 3total bundled stream num = 3
07-05 17:20:03.403   732 18657 E mm-camera: <ISP   ><ERROR> 281: module_linearization40_update_sudmod_enable: failed !! linearization40_update_base_tables
07-05 17:20:03.404   732 18657 I mm-camera: <CPP   >< INFO> 4722: cpp_module_handle_streamon_event: identity=0x40003, stream-on done
07-05 17:20:03.404   732 18657 I mm-camera: <IFACE >< INFO> 1777: iface_streamon_to_thread: iface_streamon_to_thread: X, session id = 4, user stream id = 3
07-05 17:20:03.404   732 18657 I mm-camera: <MCT   >< INFO> 4371: mct_pipeline_process_set:  STREAM-ON success for stream 0x40003, stream type=5
07-05 17:20:03.404   732 18668 I mm-camera: <CPP   >< INFO> 371: cpp_hardware_set_clock: Set clock 256000000 BW avg 31104000 BW inst 31104000
07-05 17:20:03.404   732 18657 I mm-camera: <MCT   >< INFO> 4217: mct_pipeline_process_set: command=8000008
07-05 17:20:03.404   732 18657 I mm-camera: <MCT   >< INFO> 4356: mct_pipeline_process_set:  STREAM-ON on stream 0x40004 stream type=11
07-05 17:20:03.404   732 18657 I mm-camera: <IFACE >< INFO> 1748: iface_streamon_to_thread: iface_streamon_to_thread: E, session id = 4, user stream id = 4
07-05 17:20:03.404   732 18666 I mm-camera: <IFACE >< INFO> 2095: iface_streamon: E, session_id 4 mct_stream_id = 4
07-05 17:20:03.404   732 18666 I mm-camera: <IFACE >< INFO> 12105: iface_util_get_user_streams_by_bundle: streamon, got all bundled streamon!
07-05 17:20:03.405   732 18657 E mm-camera: <ISP   ><ERROR> 281: module_linearization40_update_sudmod_enable: failed !! linearization40_update_base_tables
07-05 17:20:03.409   732 18657 E mm-camera: <ISP   ><ERROR> 281: module_linearization40_update_sudmod_enable: failed !! linearization40_update_base_tables
07-05 17:20:03.412   732 18666 I mm-camera: <IFACE >< INFO> 2386: iface_streamon: X
07-05 17:20:03.412   732 18657 I mm-camera: <IFACE >< INFO> 1777: iface_streamon_to_thread: iface_streamon_to_thread: X, session id = 4, user stream id = 4
07-05 17:20:03.412   732 18657 I mm-camera: <MCT   >< INFO> 4371: mct_pipeline_process_set:  STREAM-ON success for stream 0x40004, stream type=11
07-05 17:20:03.413   732  1517 E QCamera : <HAL><ERROR> translateToHalMetadata: 12955: antibanding(4)
07-05 17:20:03.430   732 18698 I mm-camera: <ISP   >< INFO> 1403: isp_handler_module_handle_reg_update:  Warning! Invalid reg_update state 0
07-05 17:20:03.432   732 18658 E mm-camera: <SENSOR><ERROR> 5372: module_sensor_event_control_set_parm: func_tbl for submodule 4 is NULL
07-05 17:20:03.432   732 18658 E mm-camera: <SENSOR><ERROR> 5183: module_sensor_event_control_set_parm: func_tbl for submodule 4 is NULL
07-05 17:20:03.432   732 18658 E mm-camera: <SENSOR><ERROR> 5185: module_sensor_event_control_set_parm: CAM_INTF_META_FLASH_POWER failed
07-05 17:20:03.432   732 18674 E mm-camera: <SENSOR><ERROR> 1323: port_sensor_handle_upstream_module_event: failed
07-05 17:20:03.432   732 18674 E mm-camera: <SENSOR><ERROR> 1647: port_sensor_port_process_event: failed: port_sensor_handle_upstream_module_event
07-05 17:20:03.432   732 18674 E mm-camera: <ISP   ><ERROR> 1486: isp_util_forward_event: failed: mct_port_send_event_to_peer event->type 2
07-05 17:20:03.466   732 18665 E mm-camera: <ISP   ><ERROR> 281: module_linearization40_update_sudmod_enable: failed !! linearization40_update_base_tables
07-05 17:20:03.628  1705  1881 D ActivityTrigger: ActivityTrigger activityStopTrigger 
07-05 17:20:04.261  1111  1343 D [ELAN]  : [elan_fp_control_flow.c] FineTuneBase: Successed
07-05 17:20:04.261  1111  1343 D [ELAN]  : [fingerprint.c] HAL_Version = 9.001
07-05 17:20:04.261  1111  1343 D [ELAN]  : [fingerprint.c] PlatformSpecial = Android_O
07-05 17:20:04.263  1111  1343 D [ELAN]  : [fingerprint.c] Step1 : Switch to WOE, ALG.Ver = 105.009, Ver.HAL = 9.001
07-05 17:20:04.411  1705  9372 D CompatibilityInfo: mCompatibilityFlags - 0
07-05 17:20:04.411  1705  9372 D CompatibilityInfo: applicationDensity - 420
07-05 17:20:04.411  1705  9372 D CompatibilityInfo: applicationScale - 1.0
07-05 17:20:04.412   562   562 E SELinux : avc:  denied  { find } for interface=vendor.qti.hardware.servicetracker::IServicetracker sid=u:r:system_server:s0 pid=1705 scontext=u:r:system_server:s0 tcontext=u:object_r:default_android_hwservice:s0 tclass=hwservice_manager permissive=0
07-05 17:20:04.415 18584 18584 I BatteryMgr:DataCollectionService: onStartCommand: begin
07-05 17:20:04.416 18584 18584 I BatteryMgr:DataCollectionService: onStartCommand: sampleRate => 10
07-05 17:20:04.416 18584 18584 I BatteryMgr:DataCollectionService: onStartCommand: rawFields => Timestamp,BATTERY_PROPERTY_CURRENT_NOW,EXTRA_VOLTAGE
07-05 17:20:04.417 18584 18584 I BatteryMgr:DataCollectionService: onStartCommand: notification done
07-05 17:20:04.420 18584 18584 I BatteryMgr:DataCollectionService: started foreground
07-05 17:20:04.421  1705  1889 E NotificationService: Suppressing notification from package by user request.
07-05 17:20:04.421  1705  1889 I ServiceRecord: ServicesRecord broadcast notify intent package = com.example.batterymanager_utility pid = 18584
07-05 17:20:04.427 18584 18730 I BatteryMgr:DataCollectionService: collectData: begin
07-05 17:20:04.430 18584 18730 I BatteryMgr:DataCollectionService: stats => 1688570404430,-429687,4181
07-05 17:20:04.444 18584 18730 I BatteryMgr:DataCollectionService: stats => 1688570404444,-429687,4181
07-05 17:20:04.458 18584 18730 I BatteryMgr:DataCollectionService: stats => 1688570404458,-429687,4181
07-05 17:20:04.472 18584 18730 I BatteryMgr:DataCollectionService: stats => 1688570404472,-429687,4181
07-05 17:20:04.485 18584 18730 I BatteryMgr:DataCollectionService: stats => 1688570404485,-429687,4181
07-05 17:20:04.498 18584 18730 I BatteryMgr:DataCollectionService: stats => 1688570404498,-429687,4181
07-05 17:20:04.513 18584 18730 I BatteryMgr:DataCollectionService: stats => 1688570404513,-429687,4181
07-05 17:20:04.528 18584 18730 I BatteryMgr:DataCollectionService: stats => 1688570404528,-429687,4181
07-05 17:20:04.542 18584 18730 I BatteryMgr:DataCollectionService: stats => 1688570404542,-429687,4181
07-05 17:20:04.556 18584 18730 I BatteryMgr:DataCollectionService: stats => 1688570404556,-429687,4181
07-05 17:20:04.570 18584 18730 I BatteryMgr:DataCollectionService: stats => 1688570404570,-429687,4181
07-05 17:20:04.584 18584 18730 I BatteryMgr:DataCollectionService: stats => 1688570404584,-429687,4181
07-05 17:20:04.598 18584 18730 I BatteryMgr:DataCollectionService: stats => 1688570404598,-429687,4181
07-05 17:20:04.613 18584 18730 I BatteryMgr:DataCollectionService: stats => 1688570404613,-429687,4181
07-05 17:20:04.627 18584 18730 I BatteryMgr:DataCollectionService: stats => 1688570404627,-429687,4181
07-05 17:20:04.641 18584 18730 I BatteryMgr:DataCollectionService: stats => 1688570404641,-429687,4181
07-05 17:20:04.654 18584 18730 I BatteryMgr:DataCollectionService: stats => 1688570404654,-429687,4181
07-05 17:20:04.670 18584 18730 I BatteryMgr:DataCollectionService: stats => 1688570404670,-429687,4181
07-05 17:20:04.684 18584 18730 I BatteryMgr:DataCollectionService: stats => 1688570404684,-429687,4181
07-05 17:20:04.698 18584 18730 I BatteryMgr:DataCollectionService: stats => 1688570404698,-429687,4181
07-05 17:20:04.711 18584 18730 I BatteryMgr:DataCollectionService: stats => 1688570404711,-429687,4181
07-05 17:20:04.725 18584 18730 I BatteryMgr:DataCollectionService: stats => 1688570404725,-429687,4181
07-05 17:20:04.739 18584 18730 I BatteryMgr:DataCollectionService: stats => 1688570404739,-432616,4181
07-05 17:20:04.752 18584 18730 I BatteryMgr:DataCollectionService: stats => 1688570404752,-432616,4181
07-05 17:20:04.766 18584 18730 I BatteryMgr:DataCollectionService: stats => 1688570404766,-432616,4181
07-05 17:20:04.781 18584 18730 I BatteryMgr:DataCollectionService: stats => 1688570404781,-432616,4181
07-05 17:20:04.794 18584 18730 I BatteryMgr:DataCollectionService: stats => 1688570404794,-432616,4181
07-05 17:20:04.809 18584 18730 I BatteryMgr:DataCollectionService: stats => 1688570404809,-432616,4181
07-05 17:20:04.826 18584 18730 I BatteryMgr:DataCollectionService: stats => 1688570404826,-432616,4181
07-05 17:20:04.846 18584 18730 I BatteryMgr:DataCollectionService: stats => 1688570404846,-432616,4181
07-05 17:20:04.864 18584 18730 I BatteryMgr:DataCollectionService: stats => 1688570404864,-432616,4181
07-05 17:20:04.882 18584 18730 I BatteryMgr:DataCollectionService: stats => 1688570404882,-432616,4181
07-05 17:20:04.901 18584 18730 I BatteryMgr:DataCollectionService: stats => 1688570404900,-432616,4181
07-05 17:20:04.921 18584 18730 I BatteryMgr:DataCollectionService: stats => 1688570404921,-432616,4181
07-05 17:20:04.944 18584 18730 I BatteryMgr:DataCollectionService: stats => 1688570404943,-432616,4181
07-05 17:20:04.960 18584 18730 I BatteryMgr:DataCollectionService: stats => 1688570404960,-432616,4181
07-05 17:20:04.978 18584 18730 I BatteryMgr:DataCollectionService: stats => 1688570404978,-432616,4181
07-05 17:20:04.995 18584 18730 I BatteryMgr:DataCollectionService: stats => 1688570404995,-432616,4181
07-05 17:20:05.009 18584 18730 I BatteryMgr:DataCollectionService: stats => 1688570405009,-432616,4181
07-05 17:20:05.025 18584 18730 I BatteryMgr:DataCollectionService: stats => 1688570405025,-432616,4181
07-05 17:20:05.043 18584 18730 I BatteryMgr:DataCollectionService: stats => 1688570405043,-432616,4181
07-05 17:20:05.060 18584 18730 I BatteryMgr:DataCollectionService: stats => 1688570405060,-432616,4181
07-05 17:20:05.077 18584 18730 I BatteryMgr:DataCollectionService: stats => 1688570405077,-432616,4181
07-05 17:20:05.095 18584 18730 I BatteryMgr:DataCollectionService: stats => 1688570405094,-432616,4181
07-05 17:20:05.113 18584 18730 I BatteryMgr:DataCollectionService: stats => 1688570405113,-432616,4181
07-05 17:20:05.130 18584 18730 I BatteryMgr:DataCollectionService: stats => 1688570405130,-432616,4181
07-05 17:20:05.148 18584 18730 I BatteryMgr:DataCollectionService: stats => 1688570405148,-432616,4181
07-05 17:20:05.165 18584 18730 I BatteryMgr:DataCollectionService: stats => 1688570405165,-432616,4181
07-05 17:20:05.182 18584 18730 I BatteryMgr:DataCollectionService: stats => 1688570405182,-432616,4181
07-05 17:20:05.198 18584 18730 I BatteryMgr:DataCollectionService: stats => 1688570405198,-432616,4181
07-05 17:20:05.214 18584 18730 I BatteryMgr:DataCollectionService: stats => 1688570405214,-432616,4181
07-05 17:20:05.231 18584 18730 I BatteryMgr:DataCollectionService: stats => 1688570405231,-432616,4181
07-05 17:20:05.252 18584 18730 I BatteryMgr:DataCollectionService: stats => 1688570405252,-432616,4181
07-05 17:20:05.274 18584 18730 I BatteryMgr:DataCollectionService: stats => 1688570405274,-432616,4181
07-05 17:20:05.291 18584 18730 I BatteryMgr:DataCollectionService: stats => 1688570405291,-432616,4181
07-05 17:20:05.312 18584 18730 I BatteryMgr:DataCollectionService: stats => 1688570405312,-432616,4181
07-05 17:20:05.329 18584 18730 I BatteryMgr:DataCollectionService: stats => 1688570405329,-432616,4181
07-05 17:20:05.347 18584 18730 I BatteryMgr:DataCollectionService: stats => 1688570405346,-432616,4181
07-05 17:20:05.363 18584 18730 I BatteryMgr:DataCollectionService: stats => 1688570405363,-432616,4181
07-05 17:20:05.382 18584 18730 I BatteryMgr:DataCollectionService: stats => 1688570405382,-432616,4181
07-05 17:20:05.400 18584 18730 I BatteryMgr:DataCollectionService: stats => 1688570405400,-432616,4181
07-05 17:20:05.416 18584 18730 I BatteryMgr:DataCollectionService: stats => 1688570405416,-432616,4181
07-05 17:20:05.434 18584 18730 I BatteryMgr:DataCollectionService: stats => 1688570405434,-432616,4181
07-05 17:20:05.451 18584 18730 I BatteryMgr:DataCollectionService: stats => 1688570405451,-432616,4181
07-05 17:20:05.466 18584 18730 I BatteryMgr:DataCollectionService: stats => 1688570405466,-432616,4181
07-05 17:20:05.481 18584 18730 I BatteryMgr:DataCollectionService: stats => 1688570405481,-432616,4181
07-05 17:20:05.497 18584 18730 I BatteryMgr:DataCollectionService: stats => 1688570405497,-432616,4181
07-05 17:20:05.516 18584 18730 I BatteryMgr:DataCollectionService: stats => 1688570405516,-432616,4181
07-05 17:20:05.533 18584 18730 I BatteryMgr:DataCollectionService: stats => 1688570405533,-432616,4181
07-05 17:20:05.550 18584 18730 I BatteryMgr:DataCollectionService: stats => 1688570405550,-432616,4181
07-05 17:20:05.567 18584 18730 I BatteryMgr:DataCollectionService: stats => 1688570405567,-432616,4181
07-05 17:20:05.584 18584 18730 I BatteryMgr:DataCollectionService: stats => 1688570405584,-432616,4181
07-05 17:20:05.602 18584 18730 I BatteryMgr:DataCollectionService: stats => 1688570405602,-432616,4181
07-05 17:20:05.619 18584 18730 I BatteryMgr:DataCollectionService: stats => 1688570405618,-432616,4181
07-05 17:20:05.637 18584 18730 I BatteryMgr:DataCollectionService: stats => 1688570405637,-432616,4181
07-05 17:20:05.657 18584 18730 I BatteryMgr:DataCollectionService: stats => 1688570405657,-432616,4181
07-05 17:20:05.677 18584 18730 I BatteryMgr:DataCollectionService: stats => 1688570405677,-432616,4181
07-05 17:20:05.693 18584 18730 I BatteryMgr:DataCollectionService: stats => 1688570405692,-432616,4181
07-05 17:20:05.710 18584 18730 I BatteryMgr:DataCollectionService: stats => 1688570405710,-432616,4181
07-05 17:20:05.727 18584 18730 I BatteryMgr:DataCollectionService: stats => 1688570405727,-432616,4181
07-05 17:20:05.745 18584 18730 I BatteryMgr:DataCollectionService: stats => 1688570405744,-432616,4181
07-05 17:20:05.761 18584 18730 I BatteryMgr:DataCollectionService: stats => 1688570405761,-432616,4181
07-05 17:20:05.780 18584 18730 I BatteryMgr:DataCollectionService: stats => 1688570405780,-432616,4181
07-05 17:20:05.797 18584 18730 I BatteryMgr:DataCollectionService: stats => 1688570405797,-432616,4181
07-05 17:20:05.815 18584 18730 I BatteryMgr:DataCollectionService: stats => 1688570405815,-432616,4181
07-05 17:20:05.833 18584 18730 I BatteryMgr:DataCollectionService: stats => 1688570405833,-432616,4181
07-05 17:20:05.850 18584 18730 I BatteryMgr:DataCollectionService: stats => 1688570405850,-432616,4181
07-05 17:20:05.867 18584 18730 I BatteryMgr:DataCollectionService: stats => 1688570405867,-432616,4181
07-05 17:20:05.884 18584 18730 I BatteryMgr:DataCollectionService: stats => 1688570405884,-432616,4181
07-05 17:20:05.901 18584 18730 I BatteryMgr:DataCollectionService: stats => 1688570405901,-432616,4181
07-05 17:20:05.926 18584 18730 I BatteryMgr:DataCollectionService: stats => 1688570405926,-432616,4181
07-05 17:20:05.947 18584 18730 I BatteryMgr:DataCollectionService: stats => 1688570405947,-432616,4181
07-05 17:20:05.964 18584 18730 I BatteryMgr:DataCollectionService: stats => 1688570405963,-432616,4181
07-05 17:20:05.982 18584 18730 I BatteryMgr:DataCollectionService: stats => 1688570405982,-432616,4181
07-05 17:20:05.997 18584 18730 I BatteryMgr:DataCollectionService: stats => 1688570405997,-432616,4181
07-05 17:20:06.014 18584 18730 I BatteryMgr:DataCollectionService: stats => 1688570406014,-432616,4181
07-05 17:20:06.029 18584 18730 I BatteryMgr:DataCollectionService: stats => 1688570406029,-432616,4181
07-05 17:20:06.047 18584 18730 I BatteryMgr:DataCollectionService: stats => 1688570406047,-432616,4181
07-05 17:20:06.065 18584 18730 I BatteryMgr:DataCollectionService: stats => 1688570406063,-432616,4181
07-05 17:20:06.082 18584 18730 I BatteryMgr:DataCollectionService: stats => 1688570406082,-432616,4181
07-05 17:20:06.102 18584 18730 I BatteryMgr:DataCollectionService: stats => 1688570406101,-432616,4181
07-05 17:20:06.118 18584 18730 I BatteryMgr:DataCollectionService: stats => 1688570406118,-432616,4181
07-05 17:20:06.134 18584 18730 I BatteryMgr:DataCollectionService: stats => 1688570406134,-432616,4181
07-05 17:20:06.151 18584 18730 I BatteryMgr:DataCollectionService: stats => 1688570406151,-432616,4181
07-05 17:20:06.168 18584 18730 I BatteryMgr:DataCollectionService: stats => 1688570406168,-432616,4181
07-05 17:20:06.188 18584 18730 I BatteryMgr:DataCollectionService: stats => 1688570406187,-432616,4181
07-05 17:20:06.212 18584 18730 I BatteryMgr:DataCollectionService: stats => 1688570406212,-303222,4181
07-05 17:20:06.229 18584 18730 I BatteryMgr:DataCollectionService: stats => 1688570406229,-303222,4181
07-05 17:20:06.247 18584 18730 I BatteryMgr:DataCollectionService: stats => 1688570406247,-303222,4181
07-05 17:20:06.264 18584 18730 I BatteryMgr:DataCollectionService: stats => 1688570406264,-303222,4181
07-05 17:20:06.280 18584 18730 I BatteryMgr:DataCollectionService: stats => 1688570406280,-303222,4181
07-05 17:20:06.298 18584 18730 I BatteryMgr:DataCollectionService: stats => 1688570406298,-303222,4181
07-05 17:20:06.316 18584 18730 I BatteryMgr:DataCollectionService: stats => 1688570406316,-303222,4181
07-05 17:20:06.342 18584 18730 I BatteryMgr:DataCollectionService: stats => 1688570406342,-303222,4181
07-05 17:20:06.358 18584 18730 I BatteryMgr:DataCollectionService: stats => 1688570406358,-303222,4181
07-05 17:20:06.376 18584 18730 I BatteryMgr:DataCollectionService: stats => 1688570406376,-303222,4181
07-05 17:20:06.395 18584 18730 I BatteryMgr:DataCollectionService: stats => 1688570406394,-303222,4181
07-05 17:20:06.415 18584 18730 I BatteryMgr:DataCollectionService: stats => 1688570406415,-303222,4181
07-05 17:20:06.432 18584 18730 I BatteryMgr:DataCollectionService: stats => 1688570406432,-303222,4181
07-05 17:20:06.449 18584 18730 I BatteryMgr:DataCollectionService: stats => 1688570406449,-303222,4181
07-05 17:20:06.470 18584 18730 I BatteryMgr:DataCollectionService: stats => 1688570406469,-303222,4181
07-05 17:20:06.486 18584 18730 I BatteryMgr:DataCollectionService: stats => 1688570406486,-303222,4181
07-05 17:20:06.503 18584 18730 I BatteryMgr:DataCollectionService: stats => 1688570406503,-303222,4181
07-05 17:20:06.521 18584 18730 I BatteryMgr:DataCollectionService: stats => 1688570406521,-303222,4181
07-05 17:20:06.538 18584 18730 I BatteryMgr:DataCollectionService: stats => 1688570406538,-303222,4181
07-05 17:20:06.556 18584 18730 I BatteryMgr:DataCollectionService: stats => 1688570406556,-303222,4181
07-05 17:20:06.577 18584 18730 I BatteryMgr:DataCollectionService: stats => 1688570406576,-303222,4181
07-05 17:20:06.596 18584 18730 I BatteryMgr:DataCollectionService: stats => 1688570406596,-303222,4181
07-05 17:20:06.614 18584 18730 I BatteryMgr:DataCollectionService: stats => 1688570406614,-303222,4181
07-05 17:20:06.630 18584 18730 I BatteryMgr:DataCollectionService: stats => 1688570406630,-303222,4181
07-05 17:20:06.652 18584 18730 I BatteryMgr:DataCollectionService: stats => 1688570406652,-303222,4181
07-05 17:20:06.668 18584 18730 I BatteryMgr:DataCollectionService: stats => 1688570406668,-303222,4181
07-05 17:20:06.685 18584 18730 I BatteryMgr:DataCollectionService: stats => 1688570406685,-303222,4181
07-05 17:20:06.702 18584 18730 I BatteryMgr:DataCollectionService: stats => 1688570406702,-303222,4181
07-05 17:20:06.721 18584 18730 I BatteryMgr:DataCollectionService: stats => 1688570406721,-303222,4181
07-05 17:20:06.748 18584 18730 I BatteryMgr:DataCollectionService: stats => 1688570406748,-303222,4181
07-05 17:20:06.764 18584 18730 I BatteryMgr:DataCollectionService: stats => 1688570406764,-303222,4181
07-05 17:20:06.783 18584 18730 I BatteryMgr:DataCollectionService: stats => 1688570406783,-303222,4181
07-05 17:20:06.799 18584 18730 I BatteryMgr:DataCollectionService: stats => 1688570406799,-303222,4181
07-05 17:20:06.816 18584 18730 I BatteryMgr:DataCollectionService: stats => 1688570406816,-303222,4181
07-05 17:20:06.832 18584 18730 I BatteryMgr:DataCollectionService: stats => 1688570406832,-303222,4181
07-05 17:20:06.849 18584 18730 I BatteryMgr:DataCollectionService: stats => 1688570406849,-303222,4181
07-05 17:20:06.867 18584 18730 I BatteryMgr:DataCollectionService: stats => 1688570406867,-303222,4181
07-05 17:20:06.882   562   562 E SELinux : avc:  denied  { find } for interface=vendor.qti.hardware.servicetracker::IServicetracker sid=u:r:system_server:s0 pid=1705 scontext=u:r:system_server:s0 tcontext=u:object_r:default_android_hwservice:s0 tclass=hwservice_manager permissive=0
07-05 17:20:06.888 18584 18730 I BatteryMgr:DataCollectionService: stats => 1688570406888,-303222,4181
07-05 17:20:06.912 18584 18730 I BatteryMgr:DataCollectionService: stats => 1688570406911,-303222,4181
07-05 17:20:06.929 18584 18730 I BatteryMgr:DataCollectionService: stats => 1688570406929,-303222,4181
07-05 17:20:06.950 18584 18730 I BatteryMgr:DataCollectionService: stats => 1688570406950,-303222,4181
07-05 17:20:06.973 18584 18730 I BatteryMgr:DataCollectionService: stats => 1688570406973,-303222,4181
07-05 17:20:06.991 18584 18730 I BatteryMgr:DataCollectionService: stats => 1688570406991,-303222,4181
07-05 17:20:07.013 18584 18730 I BatteryMgr:DataCollectionService: stats => 1688570407012,-303222,4181
07-05 17:20:07.029 18584 18730 I BatteryMgr:DataCollectionService: stats => 1688570407029,-303222,4181
07-05 17:20:07.050 18584 18730 I BatteryMgr:DataCollectionService: stats => 1688570407050,-303222,4181
07-05 17:20:07.066 18584 18730 I BatteryMgr:DataCollectionService: stats => 1688570407066,-303222,4181
07-05 17:20:07.085 18584 18730 I BatteryMgr:DataCollectionService: stats => 1688570407084,-303222,4181
07-05 17:20:07.102 18584 18730 I BatteryMgr:DataCollectionService: stats => 1688570407102,-303222,4181
07-05 17:20:07.120 18584 18730 I BatteryMgr:DataCollectionService: stats => 1688570407120,-303222,4181
07-05 17:20:07.138 18584 18730 I BatteryMgr:DataCollectionService: stats => 1688570407137,-303222,4181
07-05 17:20:07.155 18584 18730 I BatteryMgr:DataCollectionService: stats => 1688570407155,-303222,4181
07-05 17:20:07.172 18584 18730 I BatteryMgr:DataCollectionService: stats => 1688570407172,-303222,4181
07-05 17:20:07.189 18584 18730 I BatteryMgr:DataCollectionService: stats => 1688570407189,-303222,4181
07-05 17:20:07.205 18584 18730 I BatteryMgr:DataCollectionService: stats => 1688570407205,-303222,4181
07-05 17:20:07.221 18584 18730 I BatteryMgr:DataCollectionService: stats => 1688570407221,-303222,4181
07-05 17:20:07.240 18584 18730 I BatteryMgr:DataCollectionService: stats => 1688570407240,-303222,4181
07-05 17:20:07.256 18584 18730 I BatteryMgr:DataCollectionService: stats => 1688570407256,-303222,4181
07-05 17:20:07.272 18584 18730 I BatteryMgr:DataCollectionService: stats => 1688570407272,-303222,4181
07-05 17:20:07.289 18584 18730 I BatteryMgr:DataCollectionService: stats => 1688570407289,-303222,4181
07-05 17:20:07.303 18584 18730 I BatteryMgr:DataCollectionService: stats => 1688570407303,-303222,4181
07-05 17:20:07.317 18584 18730 I BatteryMgr:DataCollectionService: stats => 1688570407317,-303222,4181
07-05 17:20:07.319  3311  5014 D FileOperator: Mode change to WRITE_MODE!
07-05 17:20:07.332 18584 18730 I BatteryMgr:DataCollectionService: stats => 1688570407332,-303222,4181
07-05 17:20:07.347 18584 18730 I BatteryMgr:DataCollectionService: stats => 1688570407347,-303222,4181
07-05 17:20:07.361 18584 18730 I BatteryMgr:DataCollectionService: stats => 1688570407361,-303222,4181
07-05 17:20:07.382 18584 18730 I BatteryMgr:DataCollectionService: stats => 1688570407382,-303222,4181
07-05 17:20:07.400 18584 18730 I BatteryMgr:DataCollectionService: stats => 1688570407399,-303222,4181
07-05 17:20:07.418 18584 18730 I BatteryMgr:DataCollectionService: stats => 1688570407418,-303222,4181
07-05 17:20:07.439 18584 18730 I BatteryMgr:DataCollectionService: stats => 1688570407439,-303222,4181
07-05 17:20:07.455 18584 18730 I BatteryMgr:DataCollectionService: stats => 1688570407455,-303222,4181
07-05 17:20:07.471 18584 18730 I BatteryMgr:DataCollectionService: stats => 1688570407471,-303222,4181
07-05 17:20:07.486 18584 18730 I BatteryMgr:DataCollectionService: stats => 1688570407486,-303222,4181
07-05 17:20:07.504 18584 18730 I BatteryMgr:DataCollectionService: stats => 1688570407504,-303222,4181
07-05 17:20:07.521 18584 18730 I BatteryMgr:DataCollectionService: stats => 1688570407521,-303222,4181
07-05 17:20:07.538 18584 18730 I BatteryMgr:DataCollectionService: stats => 1688570407538,-303222,4181
07-05 17:20:07.554 18584 18730 I BatteryMgr:DataCollectionService: stats => 1688570407554,-303222,4181
07-05 17:20:07.573 18584 18730 I BatteryMgr:DataCollectionService: stats => 1688570407573,-303222,4181
07-05 17:20:07.590 18584 18730 I BatteryMgr:DataCollectionService: stats => 1688570407590,-303222,4181
07-05 17:20:07.609 18584 18730 I BatteryMgr:DataCollectionService: stats => 1688570407609,-303222,4181
07-05 17:20:07.626 18584 18730 I BatteryMgr:DataCollectionService: stats => 1688570407626,-303222,4181
07-05 17:20:07.647 18584 18730 I BatteryMgr:DataCollectionService: stats => 1688570407647,-303222,4181
07-05 17:20:07.665 18584 18730 I BatteryMgr:DataCollectionService: stats => 1688570407665,-298339,4181
07-05 17:20:07.684 18584 18730 I BatteryMgr:DataCollectionService: stats => 1688570407684,-298339,4181
07-05 17:20:07.701 18584 18730 I BatteryMgr:DataCollectionService: stats => 1688570407701,-298339,4181
07-05 17:20:07.718 18584 18730 I BatteryMgr:DataCollectionService: stats => 1688570407718,-298339,4181
07-05 17:20:07.735 18584 18730 I BatteryMgr:DataCollectionService: stats => 1688570407735,-298339,4181
07-05 17:20:07.752 18584 18730 I BatteryMgr:DataCollectionService: stats => 1688570407752,-298339,4181
07-05 17:20:07.769 18584 18730 I BatteryMgr:DataCollectionService: stats => 1688570407768,-298339,4181
07-05 17:20:07.787 18584 18730 I BatteryMgr:DataCollectionService: stats => 1688570407787,-298339,4181
07-05 17:20:07.805 18584 18730 I BatteryMgr:DataCollectionService: stats => 1688570407804,-298339,4181
07-05 17:20:07.814 18584 18738 D ProfileInstaller: Installing profile for com.example.batterymanager_utility
07-05 17:20:07.821 18584 18730 I BatteryMgr:DataCollectionService: stats => 1688570407821,-298339,4181
07-05 17:20:07.838 18584 18730 I BatteryMgr:DataCollectionService: stats => 1688570407838,-298339,4181
07-05 17:20:07.859 18584 18730 I BatteryMgr:DataCollectionService: stats => 1688570407859,-298339,4181
07-05 17:20:07.878 18584 18730 I BatteryMgr:DataCollectionService: stats => 1688570407878,-298339,4181
07-05 17:20:07.895 18584 18730 I BatteryMgr:DataCollectionService: stats => 1688570407895,-298339,4181
07-05 17:20:07.915 18584 18730 I BatteryMgr:DataCollectionService: stats => 1688570407915,-298339,4181
07-05 17:20:07.932 18584 18730 I BatteryMgr:DataCollectionService: stats => 1688570407932,-298339,4181
07-05 17:20:07.947 18584 18730 I BatteryMgr:DataCollectionService: stats => 1688570407947,-298339,4181
07-05 17:20:07.964 18584 18730 I BatteryMgr:DataCollectionService: stats => 1688570407963,-298339,4181
07-05 17:20:07.981 18584 18730 I BatteryMgr:DataCollectionService: stats => 1688570407981,-298339,4181
07-05 17:20:07.996 18584 18730 I BatteryMgr:DataCollectionService: stats => 1688570407996,-298339,4181
07-05 17:20:08.011 18584 18730 I BatteryMgr:DataCollectionService: stats => 1688570408011,-298339,4181
07-05 17:20:08.024 18584 18732 I BatteryMgr:DataCollectionService: stats => 1688570408024,-298339,4181
07-05 17:20:08.038 18584 18732 I BatteryMgr:DataCollectionService: stats => 1688570408038,-298339,4181
07-05 17:20:08.052 18584 18732 I BatteryMgr:DataCollectionService: stats => 1688570408052,-298339,4181
07-05 17:20:08.065 18584 18732 I BatteryMgr:DataCollectionService: stats => 1688570408065,-298339,4181
07-05 17:20:08.078  3311  5014 D FileOperator: Mode change to WRITE_MODE!
07-05 17:20:08.081 18584 18732 I BatteryMgr:DataCollectionService: stats => 1688570408081,-298339,4181
07-05 17:20:08.094 18584 18732 I BatteryMgr:DataCollectionService: stats => 1688570408094,-298339,4181
07-05 17:20:08.112 18584 18732 I BatteryMgr:DataCollectionService: stats => 1688570408111,-298339,4181
07-05 17:20:08.125 18584 18732 I BatteryMgr:DataCollectionService: stats => 1688570408125,-298339,4181
07-05 17:20:08.139 18584 18732 I BatteryMgr:DataCollectionService: stats => 1688570408139,-298339,4181
07-05 17:20:08.152 18584 18732 I BatteryMgr:DataCollectionService: stats => 1688570408152,-298339,4181
07-05 17:20:08.165 18584 18732 I BatteryMgr:DataCollectionService: stats => 1688570408165,-298339,4181
07-05 17:20:08.178 18584 18732 I BatteryMgr:DataCollectionService: stats => 1688570408178,-298339,4181
07-05 17:20:08.193 18584 18732 I BatteryMgr:DataCollectionService: stats => 1688570408193,-298339,4181
07-05 17:20:08.206 18584 18732 I BatteryMgr:DataCollectionService: stats => 1688570408206,-298339,4181
07-05 17:20:08.219 18584 18732 I BatteryMgr:DataCollectionService: stats => 1688570408219,-298339,4181
07-05 17:20:08.232 18584 18732 I BatteryMgr:DataCollectionService: stats => 1688570408232,-298339,4181
07-05 17:20:08.247 18584 18732 I BatteryMgr:DataCollectionService: stats => 1688570408247,-298339,4181
07-05 17:20:08.261 18584 18732 I BatteryMgr:DataCollectionService: stats => 1688570408261,-298339,4181
07-05 17:20:08.280 18584 18732 I BatteryMgr:DataCollectionService: stats => 1688570408280,-298339,4181
07-05 17:20:08.296 18584 18732 I BatteryMgr:DataCollectionService: stats => 1688570408296,-298339,4181
07-05 17:20:08.316 18584 18732 I BatteryMgr:DataCollectionService: stats => 1688570408316,-298339,4181
07-05 17:20:08.333 18584 18732 I BatteryMgr:DataCollectionService: stats => 1688570408333,-298339,4181
07-05 17:20:08.351 18584 18732 I BatteryMgr:DataCollectionService: stats => 1688570408351,-298339,4181
07-05 17:20:08.368 18584 18732 I BatteryMgr:DataCollectionService: stats => 1688570408368,-298339,4181
07-05 17:20:08.387 18584 18732 I BatteryMgr:DataCollectionService: stats => 1688570408387,-298339,4181
07-05 17:20:08.406 18584 18732 I BatteryMgr:DataCollectionService: stats => 1688570408406,-298339,4181
07-05 17:20:08.423 18584 18732 I BatteryMgr:DataCollectionService: stats => 1688570408423,-298339,4181
07-05 17:20:08.440 18584 18732 I BatteryMgr:DataCollectionService: stats => 1688570408439,-298339,4181
07-05 17:20:08.462 18584 18732 I BatteryMgr:DataCollectionService: stats => 1688570408462,-298339,4181
07-05 17:20:08.484 18584 18732 I BatteryMgr:DataCollectionService: stats => 1688570408484,-298339,4181
07-05 17:20:08.501 18584 18732 I BatteryMgr:DataCollectionService: stats => 1688570408500,-298339,4181
07-05 17:20:08.524 18584 18732 I BatteryMgr:DataCollectionService: stats => 1688570408523,-298339,4181
07-05 17:20:08.541 18584 18732 I BatteryMgr:DataCollectionService: stats => 1688570408541,-298339,4181
07-05 17:20:08.559 18584 18732 I BatteryMgr:DataCollectionService: stats => 1688570408559,-298339,4181
07-05 17:20:08.580 18584 18732 I BatteryMgr:DataCollectionService: stats => 1688570408580,-298339,4181
07-05 17:20:08.598 18584 18732 I BatteryMgr:DataCollectionService: stats => 1688570408598,-298339,4181
07-05 17:20:08.620 18584 18732 I BatteryMgr:DataCollectionService: stats => 1688570408620,-298339,4181
07-05 17:20:08.637 18584 18732 I BatteryMgr:DataCollectionService: stats => 1688570408637,-298339,4181
07-05 17:20:08.654 18584 18732 I BatteryMgr:DataCollectionService: stats => 1688570408654,-298339,4181
07-05 17:20:08.671 18584 18732 I BatteryMgr:DataCollectionService: stats => 1688570408671,-298339,4181
07-05 17:20:08.693 18584 18732 I BatteryMgr:DataCollectionService: stats => 1688570408693,-298339,4181
07-05 17:20:08.712 18584 18732 I BatteryMgr:DataCollectionService: stats => 1688570408711,-298339,4181
07-05 17:20:08.729 18584 18732 I BatteryMgr:DataCollectionService: stats => 1688570408729,-298339,4181
07-05 17:20:08.749 18584 18732 I BatteryMgr:DataCollectionService: stats => 1688570408749,-298339,4181
07-05 17:20:08.766 18584 18732 I BatteryMgr:DataCollectionService: stats => 1688570408765,-298339,4181
07-05 17:20:08.785 18584 18732 I BatteryMgr:DataCollectionService: stats => 1688570408785,-298339,4181
07-05 17:20:08.802 18584 18732 I BatteryMgr:DataCollectionService: stats => 1688570408802,-298339,4181
07-05 17:20:08.820 18584 18732 I BatteryMgr:DataCollectionService: stats => 1688570408820,-298339,4181
07-05 17:20:08.837 18584 18732 I BatteryMgr:DataCollectionService: stats => 1688570408837,-298339,4181
07-05 17:20:08.855 18584 18732 I BatteryMgr:DataCollectionService: stats => 1688570408855,-298339,4181
07-05 17:20:08.872 18584 18732 I BatteryMgr:DataCollectionService: stats => 1688570408872,-298339,4181
07-05 17:20:08.889 18584 18732 I BatteryMgr:DataCollectionService: stats => 1688570408888,-298339,4181
07-05 17:20:08.905 18584 18732 I BatteryMgr:DataCollectionService: stats => 1688570408905,-298339,4181
07-05 17:20:08.927 18584 18732 I BatteryMgr:DataCollectionService: stats => 1688570408926,-298339,4181
07-05 17:20:08.950 18584 18732 I BatteryMgr:DataCollectionService: stats => 1688570408950,-298339,4181
07-05 17:20:08.966 18584 18732 I BatteryMgr:DataCollectionService: stats => 1688570408966,-298339,4181
07-05 17:20:08.985 18584 18732 I BatteryMgr:DataCollectionService: stats => 1688570408985,-298339,4181
07-05 17:20:09.001 18584 18732 I BatteryMgr:DataCollectionService: stats => 1688570409001,-298339,4181
07-05 17:20:09.021 18584 18732 I BatteryMgr:DataCollectionService: stats => 1688570409021,-298339,4181
07-05 17:20:09.038 18584 18732 I BatteryMgr:DataCollectionService: stats => 1688570409038,-298339,4181
07-05 17:20:09.054 18584 18732 I BatteryMgr:DataCollectionService: stats => 1688570409054,-298339,4181
07-05 17:20:09.073 18584 18732 I BatteryMgr:DataCollectionService: stats => 1688570409073,-298339,4181
07-05 17:20:09.091 18584 18732 I BatteryMgr:DataCollectionService: stats => 1688570409090,-298339,4181
07-05 17:20:09.107 18584 18732 I BatteryMgr:DataCollectionService: stats => 1688570409107,-298339,4181
07-05 17:20:09.129 18584 18732 I BatteryMgr:DataCollectionService: stats => 1688570409129,-356933,4181
07-05 17:20:09.149 18584 18732 I BatteryMgr:DataCollectionService: stats => 1688570409149,-356933,4181
07-05 17:20:09.166 18584 18732 I BatteryMgr:DataCollectionService: stats => 1688570409166,-356933,4181
07-05 17:20:09.188 18584 18732 I BatteryMgr:DataCollectionService: stats => 1688570409188,-356933,4181
