07-05 19:53:12.576  5755  5755 D ProcessState: Binder ioctl to enable oneway spam detection failed: Invalid argument
07-05 19:53:12.894  5766  5766 D ProcessState: Binder ioctl to enable oneway spam detection failed: Invalid argument
07-05 19:53:12.898  1871  2770 I ActivityManager: Force stopping e.www.accelerometertest appid=10295 user=0: from pid 5766
07-05 19:53:12.899  1871  2770 I ActivityManager: Killing 5684:e.www.accelerometertest/u0a295 (adj 0): stop e.www.accelerometertest due to from pid 5766
07-05 19:53:12.900  1271  1271 I sensors-hal: batch_physical_sensor:285, android.sensor.accelerometer/11, period=200000000, max_latency=2000000000
07-05 19:53:12.900  1871  2770 W ActivityTaskManager: Force removing ActivityRecord{a04afb u0 e.www.accelerometertest/.MainActivity t395 f}}: app died, no saved state
07-05 19:53:12.901  1271  1271 I sensors-hal: batch_physical_sensor:296, android.sensor.accelerometer/11, period=200000000, max_latency=2000000000 request completed
07-05 19:53:12.905  1871  2770 W InputManager-JNI: Input channel object 'ce6e2db e.www.accelerometertest/e.www.accelerometertest.MainActivity (client)' was disposed without first being removed with the input manager!
07-05 19:53:12.915  1871  2770 D CompatibilityChangeReporter: Compat change id reported: 181136395; UID 10232; state: DISABLED
07-05 19:53:12.915  1871  2770 D CompatibilityChangeReporter: Compat change id reported: 174042936; UID 10232; state: DISABLED
07-05 19:53:12.917  1871  2770 W ActivityTaskManager: Can't find TaskDisplayArea to determine support for multi window. Task id=395 attached=false
07-05 19:53:12.917  1871  2770 W ActivityTaskManager: Can't find TaskDisplayArea to determine support for multi window. Task id=395 attached=false
07-05 19:53:12.922  1271  1271 I sensors-hal: batch_physical_sensor:285, android.sensor.accelerometer/11, period=200000000, max_latency=2000000000
07-05 19:53:12.922  1271  1271 I sensors-hal: batch_physical_sensor:296, android.sensor.accelerometer/11, period=200000000, max_latency=2000000000 request completed
07-05 19:53:12.923  1230  1230 I Zygote  : Process 5684 exited due to signal 9 (Killed)
07-05 19:53:12.924  1871  5611 V ActivityManager: Got obituary of 5684:e.www.accelerometertest
07-05 19:53:12.925   739   739 E BpTransactionCompletedListener: Failed to transact (-32)
07-05 19:53:12.926  1871  1987 W ActivityManager: setHasOverlayUi called on unknown pid: 5684
07-05 19:53:12.932  2589  2589 E PhoneInterfaceManager: [PhoneIntfMgr] getCarrierPackageNamesForIntentAndPhone: No UICC
07-05 19:53:12.932  2589  2589 D CarrierSvcBindHelper: No carrier app for: 0
07-05 19:53:12.938  3652  3652 D RegisteredNfcFServicesCache: Service unchanged, not updating
07-05 19:53:12.939 13120 13120 I EuiccGoogle: [2] EuiccServiceImpl.onCreate: onCreate Single-SIM mode: simCardState is 1
07-05 19:53:12.943 13120  5773 I EuiccGoogle: [433] EuiccServiceImpl.onGetEuiccProfileInfoList: onGetEuiccProfileInfoList: slotId = -1
07-05 19:53:12.945 13120  5773 W EuiccGoogle: [433] EuiccServiceImpl.onGetEuiccProfileInfoList: slotId=-1. No eUICC is active. Return null.
07-05 19:53:12.952  5630  5648 I OpenGLRenderer: Davey! duration=66033ms; Flags=1, FrameTimelineVsyncId=1826516, IntendedVsync=36757665946626, Vsync=36757699279958, InputEventId=0, HandleInputStart=36757699633620, AnimationStart=36757699638463, PerformTraversalsStart=36757699867317, DrawStart=36757815303058, FrameDeadline=36757699279958, FrameInterval=36757699607578, FrameStartTime=16666666, SyncQueued=36757820949048, SyncStart=36757821046652, IssueDrawCommandsStart=36757824020767, SwapBuffers=36757829054414, FrameCompleted=36823699947642, DequeueBufferDuration=18125, QueueBufferDuration=581979, GpuCompleted=36823699947642, SwapBuffersCompleted=36757830125976, DisplayPresentTime=-7017620523249208788, 
07-05 19:53:12.953  1871  2002 I libprocessgroup: Successfully killed process cgroup uid 10295 pid 5684 in 52ms
07-05 19:53:12.953  2530  2894 W OpenGLRenderer: Surface doesn't have any previously queued frames, nothing to readback from
07-05 19:53:12.955  2530  2530 I WallpaperService: engine resumed
07-05 19:53:12.956  2530  2894 W OpenGLRenderer: Surface doesn't have any previously queued frames, nothing to readback from
07-05 19:53:12.972  3583  3583 I GoogleInputMethodService: GoogleInputMethodService.onFinishInput():3306 
07-05 19:53:12.973  3583  3583 I GoogleInputMethodService: GoogleInputMethodService.updateDeviceLockedStatus():2127 repeatCheckTimes = 0, locked = false
07-05 19:53:12.973  3583  3583 I GoogleInputMethodService: GoogleInputMethodService.onStartInput():1909 onStartInput(EditorInfo{inputType=0x0(NULL) imeOptions=0x0 privateImeOptions=null actionName=UNSPECIFIED actionLabel=null actionId=0 initialSelStart=-1 initialSelEnd=-1 initialCapsMode=0x0 hintText=null label=null packageName=com.example.batterymanager_utility fieldId=-1 fieldName=null extras=null hintLocales=[]}, false)
07-05 19:53:12.973  3583  3583 I GoogleInputMethodService: GoogleInputMethodService.shouldHideHeaderOnInitialState():1990 ShouldHideHeaderOnInitialState = false
07-05 19:53:12.973  3583  3583 I GoogleInputMethodService: GoogleInputMethodService.updateDeviceLockedStatus():2127 repeatCheckTimes = 1, locked = false
07-05 19:53:13.557  2530  2530 I WallpaperService: engine paused
07-05 19:53:14.800  1871  2225 D ConnectivityService: NetReassign [no changes] [c 1] [a 0] [i 3]
07-05 19:53:16.571  5780  5780 D ProcessState: Binder ioctl to enable oneway spam detection failed: Invalid argument
07-05 19:53:16.575  1871  3681 I ActivityManager: Force stopping com.example.batterymanager_utility appid=10232 user=0: from pid 5780
07-05 19:53:16.576  1871  3681 I ActivityManager: Killing 5630:com.example.batterymanager_utility/u0a232 (adj 0): stop com.example.batterymanager_utility due to from pid 5780
07-05 19:53:16.578  1871  3681 W ActivityTaskManager: Force removing ActivityRecord{ab9e6c3 u0 com.example.batterymanager_utility/.MainActivity t394 f}}: app died, no saved state
07-05 19:53:16.583  1871  3681 W InputManager-JNI: Input channel object '1025ff com.example.batterymanager_utility/com.example.batterymanager_utility.MainActivity (client)' was disposed without first being removed with the input manager!
07-05 19:53:16.599  1871  3681 W ActivityTaskManager: Can't find TaskDisplayArea to determine support for multi window. Task id=394 attached=false
07-05 19:53:16.600  1871  3681 W ActivityTaskManager: Can't find TaskDisplayArea to determine support for multi window. Task id=394 attached=false
07-05 19:53:16.607  2589  2589 E PhoneInterfaceManager: [PhoneIntfMgr] getCarrierPackageNamesForIntentAndPhone: No UICC
07-05 19:53:16.607  2589  2589 D CarrierSvcBindHelper: No carrier app for: 0
07-05 19:53:16.609  1871  1987 W ActivityManager: setHasOverlayUi called on unknown pid: 5630
07-05 19:53:16.610  1230  1230 I Zygote  : Process 5630 exited due to signal 9 (Killed)
07-05 19:53:16.610  1871  2770 V ActivityManager: Got obituary of 5630:com.example.batterymanager_utility
07-05 19:53:16.616  3652  3652 D RegisteredNfcFServicesCache: Service unchanged, not updating
07-05 19:53:16.621  3564  4012 I AiAiEcho: Predicting[7]: { Feature:1, creation:2023-07-05T17:39:49.410Z, expiry:2023-07-05T18:00:00Z, isExpired: false}, { Feature:1, creation:2023-07-05T18:00:00Z, expiry:2023-07-05T19:00:00Z, isExpired: true}, { Feature:1, creation:2023-07-05T19:00:00Z, expiry:2023-07-05T20:00:00Z, isExpired: true}, { Feature:1, creation:2023-07-05T20:00:00Z, expiry:2023-07-05T21:00:00Z, isExpired: true}, { Feature:1, creation:2023-07-05T21:00:00Z, expiry:2023-07-05T22:00:00Z, isExpired: true}, { Feature:1, creation:2023-07-05T22:00:00Z, expiry:2023-07-05T23:00:00Z, isExpired: true}, { Feature:1, creation:2023-07-05T23:00:00Z, expiry:2023-07-05T23:39:49.410Z, isExpired: true}
07-05 19:53:16.621  3564  4012 I AiAiEcho: EchoTargets: Feature:1
07-05 19:53:16.621  3564  4012 I AiAiEcho: Filtered by AiAi flag check: 
07-05 19:53:16.622  3564  4012 I AiAiEcho: Ranked targets strategy: WEIGHTED, count: 1, ranking metadata: { cardId: WEATHER-569377243, card type: 1, update time: 2023-07-05T17:39:49.410Z, expiration time: 2023-07-05T18:00:00Z, ranking metadata: RankingMetaData(urgency=0.954, priority=0.3, recency=1.0, rankScore=0.28620002, importantTimePoints=# kwj@7bca4) }
07-05 19:53:16.622  3564  4012 I AiAiEcho: #postPredictionTargets: Sending updates to UISurface home with targets# 1 (types=[1])
07-05 19:53:16.625   739   739 E BpTransactionCompletedListener: Failed to transact (-32)
07-05 19:53:16.625  3854  3854 I A       : (REDACTED) onApplyWindowInsets: systemWindowInsets=%s
07-05 19:53:16.625  3854  3854 I A       : (REDACTED) onApplyWindowInsets: systemWindowInsets=%s
07-05 19:53:16.628  1871  2002 I libprocessgroup: Successfully killed process cgroup uid 10232 pid 5630 in 50ms
07-05 19:53:16.634  3854  3854 I A       : onStart
07-05 19:53:16.634  2746  2746 W BcSmartspaceCard: No title view to update
07-05 19:53:16.634  2530  2894 W OpenGLRenderer: Surface doesn't have any previously queued frames, nothing to readback from
07-05 19:53:16.639  2530  2530 I WallpaperService: engine resumed
07-05 19:53:16.640  3854  3854 I A       : onResume
07-05 19:53:16.643  2530  2894 W OpenGLRenderer: Surface doesn't have any previously queued frames, nothing to readback from
07-05 19:53:16.643  3579  3579 I GsaVoiceInteractionSrv: Handling ACTION_START_HOTWORD
07-05 19:53:16.643  3579  4118 I GsaVoiceInteractionSrv: (REDACTED) disregardHotwordSetting: %b
07-05 19:53:16.643  3579  4118 I GsaVoiceInteractionSrv: Cannot start hotword, hotword has been explicitly disabled.
07-05 19:53:16.645  3583  3583 I GoogleInputMethodService: GoogleInputMethodService.onFinishInput():3306 
07-05 19:53:16.646  3583  3583 I GoogleInputMethodService: GoogleInputMethodService.updateDeviceLockedStatus():2127 repeatCheckTimes = 0, locked = false
07-05 19:53:16.646  3583  3583 I GoogleInputMethodService: GoogleInputMethodService.onStartInput():1909 onStartInput(EditorInfo{inputType=0x0(NULL) imeOptions=0x0 privateImeOptions=null actionName=UNSPECIFIED actionLabel=null actionId=0 initialSelStart=-1 initialSelEnd=-1 initialCapsMode=0x0 hintText=null label=null packageName=com.google.android.apps.nexuslauncher fieldId=-1 fieldName=null extras=null hintLocales=[]}, false)
07-05 19:53:16.647  3583  3583 I GoogleInputMethodService: GoogleInputMethodService.shouldHideHeaderOnInitialState():1990 ShouldHideHeaderOnInitialState = false
07-05 19:53:16.647  3854 25503 I OpenGLRenderer: Davey! duration=411861ms; Flags=1, FrameTimelineVsyncId=1804771, IntendedVsync=36415524940629, Vsync=36415524940629, InputEventId=0, HandleInputStart=36415526701512, AnimationStart=36415526703908, PerformTraversalsStart=36415526704481, DrawStart=36415544683128, FrameDeadline=36415558273961, FrameInterval=36415526514533, FrameStartTime=16666666, SyncQueued=36415547663806, SyncStart=36415548039431, IssueDrawCommandsStart=36415548498337, SwapBuffers=36415549554431, FrameCompleted=36827387020093, DequeueBufferDuration=16198, QueueBufferDuration=777447, GpuCompleted=36827387020093, SwapBuffersCompleted=36415551012556, DisplayPresentTime=0, 
07-05 19:53:16.648  3583  3583 I GoogleInputMethodService: GoogleInputMethodService.updateDeviceLockedStatus():2127 repeatCheckTimes = 1, locked = false
07-05 19:53:17.837  1871  2225 D ConnectivityService: NetReassign [no changes] [c 1] [a 0] [i 1]
07-05 19:53:20.863  1871  2225 D ConnectivityService: NetReassign [no changes] [c 0] [a 1] [i 2]
07-05 19:53:21.951  3644 13452 W MediaProvider: isAppCloneUserPair failed. Users: 0 and 0
07-05 19:53:21.951  3644 13452 W MediaProvider: isAppCloneUserPair for user 0: false
07-05 19:53:22.015  2850  5099 I NetworkScheduler.Stats: (REDACTED) Task %s/%s started execution. cause:%s exec_start_elapsed_seconds: %s
07-05 19:53:22.020  2850  3483 I NetworkScheduler.Stats: (REDACTED) Task %s/%s finished executing. cause:%s result: %s elapsed_millis: %s uptime_millis: %s exec_start_elapsed_seconds: %s
