07-05 19:03:09.520 31533 31631 I BatteryMgr:DataCollectionService: stats => 1688576589520,214062,4103
07-05 19:03:09.535 31533 31631 I BatteryMgr:DataCollectionService: stats => 1688576589535,214062,4103
07-05 19:03:09.549 31533 31631 I BatteryMgr:DataCollectionService: stats => 1688576589549,214062,4103
07-05 19:03:09.562 31533 31631 I BatteryMgr:DataCollectionService: stats => 1688576589562,214062,4103
07-05 19:03:09.575 31533 31631 I BatteryMgr:DataCollectionService: stats => 1688576589575,214062,4103
07-05 19:03:09.589 31533 31631 I BatteryMgr:DataCollectionService: stats => 1688576589589,214062,4103
07-05 19:03:09.603 31533 31631 I BatteryMgr:DataCollectionService: stats => 1688576589603,214062,4103
07-05 19:03:09.617 31533 31631 I BatteryMgr:DataCollectionService: stats => 1688576589617,214062,4103
07-05 19:03:09.631 31533 31631 I BatteryMgr:DataCollectionService: stats => 1688576589630,214062,4103
07-05 19:03:09.643 31533 31631 I BatteryMgr:DataCollectionService: stats => 1688576589643,214062,4103
07-05 19:03:09.652 31647 31647 D ProcessState: Binder ioctl to enable oneway spam detection failed: Invalid argument
07-05 19:03:09.655 31533 31631 I BatteryMgr:DataCollectionService: stats => 1688576589655,214062,4103
07-05 19:03:09.660  1871  2200 W ProcessStats: Tracking association SourceState{e3596d0 system/1000 BTopFgs #42208} whose proc state 2 is better than process ProcessState{5a4c6c9 com.google.android.gms.persistent/10125 pkg=com.google.android.gms} proc state 3 (5 skipped)
07-05 19:03:09.745 31652 31652 D ProcessState: Binder ioctl to enable oneway spam detection failed: Invalid argument
07-05 19:03:10.021 31663 31663 D ProcessState: Binder ioctl to enable oneway spam detection failed: Invalid argument
07-05 19:03:10.025  1871  3642 I ActivityManager: Force stopping e.www.accelerometertest appid=10295 user=0: from pid 31663
07-05 19:03:10.026  1871  3642 I ActivityManager: Killing 31585:e.www.accelerometertest/u0a295 (adj 0): stop e.www.accelerometertest due to from pid 31663
07-05 19:03:10.027  1871  3642 W ActivityTaskManager: Force removing ActivityRecord{4bdb998 u0 e.www.accelerometertest/.MainActivity t351 f}}: app died, no saved state
07-05 19:03:10.028  1271  1271 I sensors-hal: batch_physical_sensor:285, android.sensor.accelerometer/11, period=200000000, max_latency=2000000000
07-05 19:03:10.029  1271  1271 I sensors-hal: batch_physical_sensor:296, android.sensor.accelerometer/11, period=200000000, max_latency=2000000000 request completed
07-05 19:03:10.032  1871  3642 W InputManager-JNI: Input channel object 'b95e3f8 e.www.accelerometertest/e.www.accelerometertest.MainActivity (client)' was disposed without first being removed with the input manager!
07-05 19:03:10.042  1871  3642 D CompatibilityChangeReporter: Compat change id reported: 181136395; UID 10232; state: DISABLED
07-05 19:03:10.042  1871  3642 D CompatibilityChangeReporter: Compat change id reported: 174042936; UID 10232; state: DISABLED
07-05 19:03:10.045  1871  3642 W ActivityTaskManager: Can't find TaskDisplayArea to determine support for multi window. Task id=351 attached=false
07-05 19:03:10.045  1871  3642 W ActivityTaskManager: Can't find TaskDisplayArea to determine support for multi window. Task id=351 attached=false
07-05 19:03:10.055  2589  2589 E PhoneInterfaceManager: [PhoneIntfMgr] getCarrierPackageNamesForIntentAndPhone: No UICC
07-05 19:03:10.055  2589  2589 D CarrierSvcBindHelper: No carrier app for: 0
07-05 19:03:10.056  1271  1271 I sensors-hal: batch_physical_sensor:285, android.sensor.accelerometer/11, period=200000000, max_latency=2000000000
07-05 19:03:10.056  1271  1271 I sensors-hal: batch_physical_sensor:296, android.sensor.accelerometer/11, period=200000000, max_latency=2000000000 request completed
07-05 19:03:10.057  1230  1230 I Zygote  : Process 31585 exited due to signal 9 (Killed)
07-05 19:03:10.059  1871  8964 V ActivityManager: Got obituary of 31585:e.www.accelerometertest
07-05 19:03:10.059  1871  1987 W ActivityManager: setHasOverlayUi called on unknown pid: 31585
07-05 19:03:10.064  3652  3652 D RegisteredNfcFServicesCache: Service unchanged, not updating
07-05 19:03:10.068 13120 13120 I EuiccGoogle: [2] EuiccServiceImpl.onCreate: onCreate Single-SIM mode: simCardState is 1
07-05 19:03:10.068   739   739 E BpTransactionCompletedListener: Failed to transact (-32)
07-05 19:03:10.072 13120 31669 I EuiccGoogle: [345] EuiccServiceImpl.onGetEuiccProfileInfoList: onGetEuiccProfileInfoList: slotId = -1
07-05 19:03:10.075 13120 31669 W EuiccGoogle: [345] EuiccServiceImpl.onGetEuiccProfileInfoList: slotId=-1. No eUICC is active. Return null.
07-05 19:03:10.078  1871  2002 I libprocessgroup: Successfully killed process cgroup uid 10295 pid 31585 in 51ms
07-05 19:03:10.086  2530  2894 W OpenGLRenderer: Surface doesn't have any previously queued frames, nothing to readback from
07-05 19:03:10.088 31533 31550 I OpenGLRenderer: Davey! duration=65632ms; Flags=1, FrameTimelineVsyncId=1662481, IntendedVsync=33755199931540, Vsync=33755216598206, InputEventId=0, HandleInputStart=33755232661497, AnimationStart=33755232666237, PerformTraversalsStart=33755232863477, DrawStart=33755353672186, FrameDeadline=33755233264872, FrameInterval=33755232635820, FrameStartTime=16666666, SyncQueued=33755358185364, SyncStart=33755358292499, IssueDrawCommandsStart=33755359051770, SwapBuffers=33755364151458, FrameCompleted=33820832723814, DequeueBufferDuration=19375, QueueBufferDuration=481771, GpuCompleted=33820832723814, SwapBuffersCompleted=33755365135573, DisplayPresentTime=-7017620523249208788, 
07-05 19:03:10.089  2530  2530 I WallpaperService: engine resumed
07-05 19:03:10.090  2530  2894 W OpenGLRenderer: Surface doesn't have any previously queued frames, nothing to readback from
07-05 19:03:10.106  3583  3583 I GoogleInputMethodService: GoogleInputMethodService.onFinishInput():3306 
07-05 19:03:10.108  3583  3583 I GoogleInputMethodService: GoogleInputMethodService.updateDeviceLockedStatus():2127 repeatCheckTimes = 0, locked = false
07-05 19:03:10.108  3583  3583 I GoogleInputMethodService: GoogleInputMethodService.onStartInput():1909 onStartInput(EditorInfo{inputType=0x0(NULL) imeOptions=0x0 privateImeOptions=null actionName=UNSPECIFIED actionLabel=null actionId=0 initialSelStart=-1 initialSelEnd=-1 initialCapsMode=0x0 hintText=null label=null packageName=com.example.batterymanager_utility fieldId=-1 fieldName=null extras=null hintLocales=[]}, false)
07-05 19:03:10.108  3583  3583 I GoogleInputMethodService: GoogleInputMethodService.shouldHideHeaderOnInitialState():1990 ShouldHideHeaderOnInitialState = false
07-05 19:03:10.109  3583  3583 I GoogleInputMethodService: GoogleInputMethodService.updateDeviceLockedStatus():2127 repeatCheckTimes = 1, locked = false
07-05 19:03:10.693  2530  2530 I WallpaperService: engine paused
07-05 19:03:11.253  1871  2225 D ConnectivityService: NetReassign [no changes] [c 0] [a 0] [i 3]
07-05 19:03:13.475 31677 31677 D ProcessState: Binder ioctl to enable oneway spam detection failed: Invalid argument
07-05 19:03:13.480  1871  2200 I ActivityManager: Force stopping com.example.batterymanager_utility appid=10232 user=0: from pid 31677
07-05 19:03:13.482  1871  2200 I ActivityManager: Killing 31533:com.example.batterymanager_utility/u0a232 (adj 0): stop com.example.batterymanager_utility due to from pid 31677
07-05 19:03:13.484  1871  2200 W ActivityTaskManager: Force removing ActivityRecord{cadadc0 u0 com.example.batterymanager_utility/.MainActivity t350 f}}: app died, no saved state
07-05 19:03:13.489  1871  2200 W InputManager-JNI: Input channel object '1cca4c com.example.batterymanager_utility/com.example.batterymanager_utility.MainActivity (client)' was disposed without first being removed with the input manager!
07-05 19:03:13.504  1871  2200 W ActivityTaskManager: Can't find TaskDisplayArea to determine support for multi window. Task id=350 attached=false
07-05 19:03:13.505  1871  2200 W ActivityTaskManager: Can't find TaskDisplayArea to determine support for multi window. Task id=350 attached=false
07-05 19:03:13.512  1871  8964 V ActivityManager: Got obituary of 31533:com.example.batterymanager_utility
07-05 19:03:13.512  1230  1230 I Zygote  : Process 31533 exited due to signal 9 (Killed)
07-05 19:03:13.515  2589  2589 E PhoneInterfaceManager: [PhoneIntfMgr] getCarrierPackageNamesForIntentAndPhone: No UICC
07-05 19:03:13.515  2589  2589 D CarrierSvcBindHelper: No carrier app for: 0
07-05 19:03:13.516  3652  3652 D RegisteredNfcFServicesCache: Service unchanged, not updating
07-05 19:03:13.519  1871  1987 W ActivityManager: setHasOverlayUi called on unknown pid: 31533
07-05 19:03:13.524   739   739 E BpTransactionCompletedListener: Failed to transact (-32)
07-05 19:03:13.525  1871  2002 I libprocessgroup: Successfully killed process cgroup uid 10232 pid 31533 in 42ms
07-05 19:03:13.526  3564  4012 I AiAiEcho: Predicting[7]: { Feature:1, creation:2023-07-05T16:27:49.711Z, expiry:2023-07-05T17:00:00Z, isExpired: true}, { Feature:1, creation:2023-07-05T17:00:00Z, expiry:2023-07-05T18:00:00Z, isExpired: false}, { Feature:1, creation:2023-07-05T18:00:00Z, expiry:2023-07-05T19:00:00Z, isExpired: true}, { Feature:1, creation:2023-07-05T19:00:00Z, expiry:2023-07-05T20:00:00Z, isExpired: true}, { Feature:1, creation:2023-07-05T20:00:00Z, expiry:2023-07-05T21:00:00Z, isExpired: true}, { Feature:1, creation:2023-07-05T21:00:00Z, expiry:2023-07-05T22:00:00Z, isExpired: true}, { Feature:1, creation:2023-07-05T22:00:00Z, expiry:2023-07-05T22:27:49.711Z, isExpired: true}
07-05 19:03:13.527  3564  4012 I AiAiEcho: EchoTargets: Feature:1
07-05 19:03:13.527  3564  4012 I AiAiEcho: Filtered by AiAi flag check: 
07-05 19:03:13.527  3564  4012 I AiAiEcho: Ranked targets strategy: WEIGHTED, count: 1, ranking metadata: { cardId: WEATHER-569377244, card type: 1, update time: 2023-07-05T17:00:00Z, expiration time: 2023-07-05T18:00:00Z, ranking metadata: RankingMetaData(urgency=0.993, priority=0.3, recency=1.0, rankScore=0.2979, importantTimePoints=# kwj@7bca4) }
07-05 19:03:13.528  3854  3854 I A       : (REDACTED) onApplyWindowInsets: systemWindowInsets=%s
07-05 19:03:13.528  3854  3854 I A       : (REDACTED) onApplyWindowInsets: systemWindowInsets=%s
07-05 19:03:13.528  3564  4012 I AiAiEcho: #postPredictionTargets: Sending updates to UISurface home with targets# 1 (types=[1])
07-05 19:03:13.535  2746  2746 W BcSmartspaceCard: No title view to update
07-05 19:03:13.535  2530  2894 W OpenGLRenderer: Surface doesn't have any previously queued frames, nothing to readback from
07-05 19:03:13.536  3854  3854 I A       : onStart
07-05 19:03:13.538  2530  2530 I WallpaperService: engine resumed
07-05 19:03:13.538  2530  2894 W OpenGLRenderer: Surface doesn't have any previously queued frames, nothing to readback from
07-05 19:03:13.542  3854  3854 I A       : onResume
07-05 19:03:13.543  3579  3579 I GsaVoiceInteractionSrv: Handling ACTION_START_HOTWORD
07-05 19:03:13.543  3579  4118 I GsaVoiceInteractionSrv: (REDACTED) disregardHotwordSetting: %b
07-05 19:03:13.544  3579  4118 I GsaVoiceInteractionSrv: Cannot start hotword, hotword has been explicitly disabled.
07-05 19:03:13.554  3854  9602 I OpenGLRenderer: Davey! duration=413805ms; Flags=1, FrameTimelineVsyncId=1639858, IntendedVsync=33410481375835, Vsync=33410481375835, InputEventId=0, HandleInputStart=33410482327050, AnimationStart=33410482328716, PerformTraversalsStart=33410482329185, DrawStart=33410507559448, FrameDeadline=33410518709167, FrameInterval=33410482202779, FrameStartTime=16666666, SyncQueued=33410510467417, SyncStart=33410510857521, IssueDrawCommandsStart=33410511351792, SwapBuffers=33410512481532, FrameCompleted=33824287531554, DequeueBufferDuration=14219, QueueBufferDuration=614740, GpuCompleted=33824287531554, SwapBuffersCompleted=33410513742053, DisplayPresentTime=0, 
07-05 19:03:13.556  3583  3583 I GoogleInputMethodService: GoogleInputMethodService.onFinishInput():3306 
07-05 19:03:13.557  3583  3583 I GoogleInputMethodService: GoogleInputMethodService.updateDeviceLockedStatus():2127 repeatCheckTimes = 0, locked = false
07-05 19:03:13.557  3583  3583 I GoogleInputMethodService: GoogleInputMethodService.onStartInput():1909 onStartInput(EditorInfo{inputType=0x0(NULL) imeOptions=0x0 privateImeOptions=null actionName=UNSPECIFIED actionLabel=null actionId=0 initialSelStart=-1 initialSelEnd=-1 initialCapsMode=0x0 hintText=null label=null packageName=com.google.android.apps.nexuslauncher fieldId=-1 fieldName=null extras=null hintLocales=[]}, false)
07-05 19:03:13.557  3583  3583 I GoogleInputMethodService: GoogleInputMethodService.shouldHideHeaderOnInitialState():1990 ShouldHideHeaderOnInitialState = false
07-05 19:03:13.557  3583  3583 I GoogleInputMethodService: GoogleInputMethodService.updateDeviceLockedStatus():2127 repeatCheckTimes = 1, locked = false
07-05 19:03:14.269  1871  2225 D ConnectivityService: NetReassign [no changes] [c 0] [a 0] [i 2]
07-05 19:03:17.295  1871  2225 D ConnectivityService: NetReassign [no changes] [c 0] [a 1] [i 2]
07-05 19:03:18.875  3644 12344 W MediaProvider: isAppCloneUserPair failed. Users: 0 and 0
07-05 19:03:18.875  3644 12344 W MediaProvider: isAppCloneUserPair for user 0: false
