07-04 14:24:28.372 25072 25143 I BatteryMgr:DataCollectionService: stats => 1688495068371,-75225,4222
07-04 14:24:28.490 25072 25143 I BatteryMgr:DataCollectionService: stats => 1688495068489,-75225,4222
07-04 14:24:28.603 25072 25143 I BatteryMgr:DataCollectionService: stats => 1688495068602,-75225,4222
07-04 14:24:28.717 25072 25143 I BatteryMgr:DataCollectionService: stats => 1688495068717,-75225,4222
07-04 14:24:28.832 25072 25143 I BatteryMgr:DataCollectionService: stats => 1688495068832,-75225,4222
07-04 14:24:28.950 25072 25143 I BatteryMgr:DataCollectionService: stats => 1688495068949,-75225,4222
07-04 14:24:29.065 25072 25143 I BatteryMgr:DataCollectionService: stats => 1688495069065,-75225,4222
07-04 14:24:29.182 25072 25143 I BatteryMgr:DataCollectionService: stats => 1688495069182,-75225,4222
07-04 14:24:29.298 25072 25143 I BatteryMgr:DataCollectionService: stats => 1688495069298,-75225,4222
07-04 14:24:29.416 25072 25143 I BatteryMgr:DataCollectionService: stats => 1688495069415,-75225,4222
07-04 14:24:29.531 25072 25143 I BatteryMgr:DataCollectionService: stats => 1688495069531,-75225,4222
07-04 14:24:29.645 25072 25143 I BatteryMgr:DataCollectionService: stats => 1688495069644,-75225,4222
07-04 14:24:29.762 25072 25143 I BatteryMgr:DataCollectionService: stats => 1688495069762,-75225,4222
07-04 14:24:29.881 25072 25143 I BatteryMgr:DataCollectionService: stats => 1688495069880,-75225,4222
07-04 14:24:30.000 25072 25143 I BatteryMgr:DataCollectionService: stats => 1688495070000,-75225,4222
07-04 14:24:30.116 25072 25143 I BatteryMgr:DataCollectionService: stats => 1688495070115,-75225,4222
07-04 14:24:30.231 25072 25143 I BatteryMgr:DataCollectionService: stats => 1688495070231,-75225,4222
07-04 14:24:30.347 25072 25143 I BatteryMgr:DataCollectionService: stats => 1688495070346,-75225,4222
07-04 14:24:30.460 25072 25143 I BatteryMgr:DataCollectionService: stats => 1688495070459,-75225,4222
07-04 14:24:30.575 25072 25143 I BatteryMgr:DataCollectionService: stats => 1688495070575,-75225,4222
07-04 14:24:30.692 25072 25143 I BatteryMgr:DataCollectionService: stats => 1688495070691,-75225,4222
07-04 14:24:30.809 25072 25143 I BatteryMgr:DataCollectionService: stats => 1688495070808,-75225,4222
07-04 14:24:30.924 25072 25143 I BatteryMgr:DataCollectionService: stats => 1688495070924,-75225,4222
07-04 14:24:31.042 25072 25143 I BatteryMgr:DataCollectionService: stats => 1688495071041,-75225,4222
07-04 14:24:31.155 25072 25143 I BatteryMgr:DataCollectionService: stats => 1688495071155,-75225,4222
07-04 14:24:31.271 25072 25143 I BatteryMgr:DataCollectionService: stats => 1688495071271,-75225,4222
07-04 14:24:31.387 25072 25143 I BatteryMgr:DataCollectionService: stats => 1688495071387,-75225,4222
07-04 14:24:31.501 25072 25143 I BatteryMgr:DataCollectionService: stats => 1688495071501,-75225,4222
07-04 14:24:31.617 25072 25143 I BatteryMgr:DataCollectionService: stats => 1688495071616,-75225,4222
07-04 14:24:31.732 25072 25143 I BatteryMgr:DataCollectionService: stats => 1688495071731,-75225,4222
07-04 14:24:31.848 25072 25143 I BatteryMgr:DataCollectionService: stats => 1688495071847,-75225,4222
07-04 14:24:31.964 25072 25143 I BatteryMgr:DataCollectionService: stats => 1688495071963,-75225,4222
07-04 14:24:32.079 25072 25143 I BatteryMgr:DataCollectionService: stats => 1688495072078,-75225,4222
07-04 14:24:32.194 25072 25143 I BatteryMgr:DataCollectionService: stats => 1688495072193,-75225,4222
07-04 14:24:32.308 25072 25143 I BatteryMgr:DataCollectionService: stats => 1688495072307,-75225,4222
07-04 14:24:32.428 25072 25143 I BatteryMgr:DataCollectionService: stats => 1688495072428,-75225,4222
07-04 14:24:32.543 25072 25143 I BatteryMgr:DataCollectionService: stats => 1688495072543,-75225,4222
07-04 14:24:32.660 25072 25143 I BatteryMgr:DataCollectionService: stats => 1688495072660,-75225,4222
07-04 14:24:32.775 25072 25143 I BatteryMgr:DataCollectionService: stats => 1688495072774,-75225,4222
07-04 14:24:32.890 25072 25143 I BatteryMgr:DataCollectionService: stats => 1688495072890,-75225,4222
07-04 14:24:33.004 25072 25143 I BatteryMgr:DataCollectionService: stats => 1688495073003,-75225,4222
07-04 14:24:33.119 25072 25143 I BatteryMgr:DataCollectionService: stats => 1688495073119,-75225,4222
07-04 14:24:33.237 25072 25143 I BatteryMgr:DataCollectionService: stats => 1688495073237,-75225,4222
07-04 14:24:33.354 25072 25143 I BatteryMgr:DataCollectionService: stats => 1688495073353,-75225,4222
07-04 14:24:33.475 25072 25143 I BatteryMgr:DataCollectionService: stats => 1688495073474,-75225,4222
07-04 14:24:33.592 25072 25143 I BatteryMgr:DataCollectionService: stats => 1688495073592,-75225,4222
07-04 14:24:33.706 25072 25143 I BatteryMgr:DataCollectionService: stats => 1688495073706,-75225,4222
07-04 14:24:33.821 25072 25143 I BatteryMgr:DataCollectionService: stats => 1688495073821,-75225,4222
07-04 14:24:33.937 25072 25143 I BatteryMgr:DataCollectionService: stats => 1688495073936,-75225,4222
07-04 14:24:34.052 25072 25143 I BatteryMgr:DataCollectionService: stats => 1688495074051,-75225,4222
07-04 14:24:34.165 25072 25143 I BatteryMgr:DataCollectionService: stats => 1688495074165,-75225,4222
07-04 14:24:34.280 25072 25143 I BatteryMgr:DataCollectionService: stats => 1688495074279,-75225,4222
07-04 14:24:34.393 25072 25143 I BatteryMgr:DataCollectionService: stats => 1688495074393,-75225,4222
07-04 14:24:34.509 25072 25143 I BatteryMgr:DataCollectionService: stats => 1688495074508,-75225,4222
07-04 14:24:34.623 25072 25143 I BatteryMgr:DataCollectionService: stats => 1688495074622,-75225,4222
07-04 14:24:34.744 25072 25143 I BatteryMgr:DataCollectionService: stats => 1688495074743,-75225,4222
07-04 14:24:34.864 25072 25143 I BatteryMgr:DataCollectionService: stats => 1688495074863,-85143,4222
07-04 14:24:34.977 25072 25143 I BatteryMgr:DataCollectionService: stats => 1688495074977,-85143,4222
07-04 14:24:35.094 25072 25143 I BatteryMgr:DataCollectionService: stats => 1688495075094,-85143,4222
07-04 14:24:35.211 25072 25143 I BatteryMgr:DataCollectionService: stats => 1688495075211,-85143,4222
07-04 14:24:35.326 25072 25143 I BatteryMgr:DataCollectionService: stats => 1688495075325,-85143,4222
07-04 14:24:35.441 25072 25143 I BatteryMgr:DataCollectionService: stats => 1688495075441,-85143,4222
07-04 14:24:35.556 25072 25143 I BatteryMgr:DataCollectionService: stats => 1688495075555,-85143,4222
07-04 14:24:35.673 25072 25143 I BatteryMgr:DataCollectionService: stats => 1688495075672,-85143,4222
07-04 14:24:35.789 25072 25143 I BatteryMgr:DataCollectionService: stats => 1688495075789,-85143,4222
07-04 14:24:35.904 25072 25143 I BatteryMgr:DataCollectionService: stats => 1688495075904,-85143,4222
07-04 14:24:36.019 25072 25143 I BatteryMgr:DataCollectionService: stats => 1688495076019,-85143,4222
07-04 14:24:36.134 25072 25143 I BatteryMgr:DataCollectionService: stats => 1688495076133,-85143,4222
07-04 14:24:36.250 25072 25143 I BatteryMgr:DataCollectionService: stats => 1688495076250,-85143,4222
07-04 14:24:36.364 25072 25143 I BatteryMgr:DataCollectionService: stats => 1688495076364,-85143,4222
07-04 14:24:36.481 25072 25143 I BatteryMgr:DataCollectionService: stats => 1688495076480,-85143,4222
07-04 14:24:36.597 25072 25143 I BatteryMgr:DataCollectionService: stats => 1688495076597,-85143,4222
07-04 14:24:36.714 25072 25143 I BatteryMgr:DataCollectionService: stats => 1688495076714,-85143,4222
07-04 14:24:36.828 25072 25143 I BatteryMgr:DataCollectionService: stats => 1688495076828,-85143,4222
07-04 14:24:36.944 25072 25143 I BatteryMgr:DataCollectionService: stats => 1688495076944,-85143,4222
07-04 14:24:37.061 25072 25143 I BatteryMgr:DataCollectionService: stats => 1688495077061,-85143,4222
07-04 14:24:37.177 25072 25143 I BatteryMgr:DataCollectionService: stats => 1688495077177,-85143,4222
07-04 14:24:37.291 25072 25143 I BatteryMgr:DataCollectionService: stats => 1688495077291,-85143,4222
07-04 14:24:37.407 25072 25143 I BatteryMgr:DataCollectionService: stats => 1688495077406,-85143,4222
07-04 14:24:37.520 25072 25143 I BatteryMgr:DataCollectionService: stats => 1688495077520,-85143,4222
07-04 14:24:37.635 25072 25143 I BatteryMgr:DataCollectionService: stats => 1688495077634,-85143,4222
07-04 14:24:37.750 25072 25143 I BatteryMgr:DataCollectionService: stats => 1688495077750,-85143,4222
07-04 14:24:37.864 25072 25143 I BatteryMgr:DataCollectionService: stats => 1688495077864,-85143,4222
07-04 14:24:37.983 25072 25143 I BatteryMgr:DataCollectionService: stats => 1688495077983,-85143,4222
07-04 14:24:38.096 25072 25143 I BatteryMgr:DataCollectionService: stats => 1688495078096,-85143,4222
07-04 14:24:38.210 25072 25143 I BatteryMgr:DataCollectionService: stats => 1688495078209,-85143,4222
07-04 14:24:38.326 25072 25143 I BatteryMgr:DataCollectionService: stats => 1688495078325,-85143,4222
07-04 14:24:38.439 25072 25143 I BatteryMgr:DataCollectionService: stats => 1688495078439,-85143,4222
07-04 14:24:38.555 25072 25143 I BatteryMgr:DataCollectionService: stats => 1688495078555,-85143,4222
07-04 14:24:38.670 25072 25143 I BatteryMgr:DataCollectionService: stats => 1688495078670,-85143,4222
07-04 14:24:38.787 25072 25143 I BatteryMgr:DataCollectionService: stats => 1688495078787,-85143,4222
07-04 14:24:38.905 25072 25143 I BatteryMgr:DataCollectionService: stats => 1688495078905,-85143,4222
07-04 14:24:39.020 25072 25143 I BatteryMgr:DataCollectionService: stats => 1688495079020,-85143,4222
07-04 14:24:39.133 25072 25143 I BatteryMgr:DataCollectionService: stats => 1688495079133,-85143,4222
07-04 14:24:39.247 25072 25143 I BatteryMgr:DataCollectionService: stats => 1688495079247,-85143,4222
07-04 14:24:39.362 25072 25143 I BatteryMgr:DataCollectionService: stats => 1688495079362,-85143,4222
07-04 14:24:39.476 25072 25143 I BatteryMgr:DataCollectionService: stats => 1688495079476,-85143,4222
07-04 14:24:39.589 25072 25143 I BatteryMgr:DataCollectionService: stats => 1688495079589,-85143,4222
07-04 14:24:39.703 25072 25143 I BatteryMgr:DataCollectionService: stats => 1688495079703,-85143,4222
07-04 14:24:39.817 25072 25143 I BatteryMgr:DataCollectionService: stats => 1688495079817,-85143,4222
07-04 14:24:39.934 25072 25143 I BatteryMgr:DataCollectionService: stats => 1688495079934,-85143,4222
07-04 14:24:40.047 25072 25143 I BatteryMgr:DataCollectionService: stats => 1688495080047,-85143,4222
07-04 14:24:40.164 25072 25143 I BatteryMgr:DataCollectionService: stats => 1688495080164,-85143,4222
07-04 14:24:40.278 25072 25143 I BatteryMgr:DataCollectionService: stats => 1688495080277,-85143,4222
07-04 14:24:40.392 25072 25143 I BatteryMgr:DataCollectionService: stats => 1688495080391,-85143,4222
07-04 14:24:40.503 25072 25143 I BatteryMgr:DataCollectionService: stats => 1688495080503,-85143,4222
07-04 14:24:40.617 25072 25143 I BatteryMgr:DataCollectionService: stats => 1688495080617,-85143,4222
07-04 14:24:40.737 25072 25143 I BatteryMgr:DataCollectionService: stats => 1688495080736,-85143,4222
07-04 14:24:40.852 25072 25143 I BatteryMgr:DataCollectionService: stats => 1688495080851,-85143,4222
07-04 14:24:40.965 25072 25143 I BatteryMgr:DataCollectionService: stats => 1688495080965,-85143,4222
07-04 14:24:41.080 25072 25143 I BatteryMgr:DataCollectionService: stats => 1688495081080,-85143,4222
07-04 14:24:41.193 25072 25143 I BatteryMgr:DataCollectionService: stats => 1688495081193,-85143,4222
07-04 14:24:41.308 25072 25143 I BatteryMgr:DataCollectionService: stats => 1688495081307,-85143,4222
07-04 14:24:41.421 25072 25143 I BatteryMgr:DataCollectionService: stats => 1688495081421,-85143,4222
07-04 14:24:41.536 25072 25143 I BatteryMgr:DataCollectionService: stats => 1688495081536,-85143,4222
07-04 14:24:41.650 25072 25143 I BatteryMgr:DataCollectionService: stats => 1688495081650,-85143,4222
07-04 14:24:41.767 25072 25143 I BatteryMgr:DataCollectionService: stats => 1688495081765,-85143,4222
07-04 14:24:41.883 25072 25143 I BatteryMgr:DataCollectionService: stats => 1688495081883,-85143,4222
07-04 14:24:41.996 25072 25143 I BatteryMgr:DataCollectionService: stats => 1688495081995,-85143,4222
07-04 14:24:42.109 25072 25143 I BatteryMgr:DataCollectionService: stats => 1688495082109,-85143,4222
07-04 14:24:42.224 25072 25143 I BatteryMgr:DataCollectionService: stats => 1688495082224,-85143,4222
07-04 14:24:42.339 25072 25143 I BatteryMgr:DataCollectionService: stats => 1688495082339,-85143,4222
07-04 14:24:42.451 25072 25143 I BatteryMgr:DataCollectionService: stats => 1688495082451,-85143,4222
07-04 14:24:42.567 25072 25143 I BatteryMgr:DataCollectionService: stats => 1688495082567,-85143,4222
07-04 14:24:42.683 25072 25143 I BatteryMgr:DataCollectionService: stats => 1688495082683,-85143,4222
07-04 14:24:42.803 25072 25143 I BatteryMgr:DataCollectionService: stats => 1688495082803,-85143,4222
07-04 14:24:42.918 25072 25143 I BatteryMgr:DataCollectionService: stats => 1688495082918,-85143,4222
07-04 14:24:43.030 25072 25143 I BatteryMgr:DataCollectionService: stats => 1688495083030,-85143,4222
07-04 14:24:43.142 25072 25143 I BatteryMgr:DataCollectionService: stats => 1688495083142,-85143,4222
07-04 14:24:43.257 25072 25143 I BatteryMgr:DataCollectionService: stats => 1688495083257,-85143,4222
07-04 14:24:43.372 25072 25143 I BatteryMgr:DataCollectionService: stats => 1688495083371,-85143,4222
07-04 14:24:43.485 25072 25143 I BatteryMgr:DataCollectionService: stats => 1688495083485,-85143,4222
07-04 14:24:43.601 25072 25143 I BatteryMgr:DataCollectionService: stats => 1688495083600,-85143,4222
07-04 14:24:43.717 25072 25143 I BatteryMgr:DataCollectionService: stats => 1688495083716,-85143,4222
07-04 14:24:43.833 25072 25143 I BatteryMgr:DataCollectionService: stats => 1688495083833,-85143,4222
07-04 14:24:43.947 25072 25143 I BatteryMgr:DataCollectionService: stats => 1688495083947,-85143,4222
07-04 14:24:44.063 25072 25143 I BatteryMgr:DataCollectionService: stats => 1688495084062,-85143,4222
07-04 14:24:44.176 25072 25143 I BatteryMgr:DataCollectionService: stats => 1688495084176,-85143,4222
07-04 14:24:44.292 25072 25143 I BatteryMgr:DataCollectionService: stats => 1688495084291,-85143,4222
07-04 14:24:44.407 25072 25143 I BatteryMgr:DataCollectionService: stats => 1688495084407,-85143,4222
07-04 14:24:44.520 25072 25143 I BatteryMgr:DataCollectionService: stats => 1688495084519,-85143,4222
07-04 14:24:44.636 25072 25143 I BatteryMgr:DataCollectionService: stats => 1688495084635,-85143,4222
07-04 14:24:44.751 25072 25143 I BatteryMgr:DataCollectionService: stats => 1688495084751,-85143,4222
07-04 14:24:44.867 25072 25143 I BatteryMgr:DataCollectionService: stats => 1688495084867,-85143,4222
07-04 14:24:44.980 25072 25143 I BatteryMgr:DataCollectionService: stats => 1688495084979,-85143,4222
07-04 14:24:45.094 25072 25143 I BatteryMgr:DataCollectionService: stats => 1688495085094,-85143,4222
07-04 14:24:45.208 25072 25143 I BatteryMgr:DataCollectionService: stats => 1688495085207,-85143,4222
07-04 14:24:45.323 25072 25143 I BatteryMgr:DataCollectionService: stats => 1688495085323,-85143,4222
07-04 14:24:45.434 25072 25143 I BatteryMgr:DataCollectionService: stats => 1688495085434,-85143,4222
07-04 14:24:45.552 25072 25143 I BatteryMgr:DataCollectionService: stats => 1688495085551,-85143,4222
07-04 14:24:45.667 25072 25143 I BatteryMgr:DataCollectionService: stats => 1688495085667,-85143,4222
07-04 14:24:45.784 25072 25143 I BatteryMgr:DataCollectionService: stats => 1688495085784,-85143,4222
07-04 14:24:45.899 25072 25143 I BatteryMgr:DataCollectionService: stats => 1688495085899,-85143,4222
07-04 14:24:46.011 25072 25143 I BatteryMgr:DataCollectionService: stats => 1688495086011,-85143,4222
07-04 14:24:46.125 25072 25143 I BatteryMgr:DataCollectionService: stats => 1688495086125,-85143,4222
07-04 14:24:46.240 25072 25143 I BatteryMgr:DataCollectionService: stats => 1688495086239,-85143,4222
07-04 14:24:46.353 25072 25143 I BatteryMgr:DataCollectionService: stats => 1688495086353,-85143,4222
07-04 14:24:46.466 25072 25143 I BatteryMgr:DataCollectionService: stats => 1688495086466,-85143,4222
07-04 14:24:46.584 25072 25143 I BatteryMgr:DataCollectionService: stats => 1688495086584,-85143,4222
07-04 14:24:46.697 25072 25143 I BatteryMgr:DataCollectionService: stats => 1688495086697,-85143,4222
07-04 14:24:46.814 25072 25143 I BatteryMgr:DataCollectionService: stats => 1688495086814,-85143,4222
07-04 14:24:46.926 25072 25143 I BatteryMgr:DataCollectionService: stats => 1688495086926,-85143,4222
07-04 14:24:47.039 25072 25143 I BatteryMgr:DataCollectionService: stats => 1688495087039,-85143,4222
07-04 14:24:47.154 25072 25143 I BatteryMgr:DataCollectionService: stats => 1688495087153,-85143,4222
07-04 14:24:47.267 25072 25143 I BatteryMgr:DataCollectionService: stats => 1688495087266,-85143,4222
07-04 14:24:47.381 25072 25143 I BatteryMgr:DataCollectionService: stats => 1688495087381,-85143,4222
07-04 14:24:47.497 25072 25143 I BatteryMgr:DataCollectionService: stats => 1688495087497,-85143,4222
07-04 14:24:47.613 25072 25143 I BatteryMgr:DataCollectionService: stats => 1688495087613,-85143,4222
07-04 14:24:47.728 25072 25143 I BatteryMgr:DataCollectionService: stats => 1688495087728,-85143,4222
07-04 14:24:47.841 25072 25143 I BatteryMgr:DataCollectionService: stats => 1688495087841,-85143,4222
07-04 14:24:47.954 25072 25143 I BatteryMgr:DataCollectionService: stats => 1688495087954,-85143,4222
07-04 14:24:48.067 25072 25143 I BatteryMgr:DataCollectionService: stats => 1688495088067,-85143,4222
07-04 14:24:48.181 25072 25143 I BatteryMgr:DataCollectionService: stats => 1688495088181,-85143,4222
07-04 14:24:48.294 25072 25143 I BatteryMgr:DataCollectionService: stats => 1688495088294,-85143,4222
07-04 14:24:48.409 25072 25143 I BatteryMgr:DataCollectionService: stats => 1688495088408,-85143,4222
07-04 14:24:48.550 25072 25143 I BatteryMgr:DataCollectionService: stats => 1688495088550,-85143,4222
07-04 14:24:48.664 25072 25143 I BatteryMgr:DataCollectionService: stats => 1688495088664,-85143,4222
07-04 14:24:48.778 25072 25143 I BatteryMgr:DataCollectionService: stats => 1688495088777,-85143,4222
07-04 14:24:48.890 25072 25143 I BatteryMgr:DataCollectionService: stats => 1688495088890,-85143,4222
07-04 14:24:49.007 25072 25143 I BatteryMgr:DataCollectionService: stats => 1688495089007,-85143,4222
07-04 14:24:49.120 25072 25143 I BatteryMgr:DataCollectionService: stats => 1688495089120,-85143,4222
07-04 14:24:49.233 25072 25143 I BatteryMgr:DataCollectionService: stats => 1688495089232,-85143,4222
07-04 14:24:49.347 25072 25143 I BatteryMgr:DataCollectionService: stats => 1688495089347,-85143,4222
07-04 14:24:49.462 25072 25143 I BatteryMgr:DataCollectionService: stats => 1688495089462,-85143,4222
07-04 14:24:49.578 25072 25143 I BatteryMgr:DataCollectionService: stats => 1688495089578,-85143,4222
07-04 14:24:49.691 25072 25143 I BatteryMgr:DataCollectionService: stats => 1688495089690,-85143,4222
07-04 14:24:49.807 25072 25143 I BatteryMgr:DataCollectionService: stats => 1688495089807,-85143,4222
07-04 14:24:49.923 25072 25143 I BatteryMgr:DataCollectionService: stats => 1688495089923,-85143,4222
07-04 14:24:50.039 25072 25143 I BatteryMgr:DataCollectionService: stats => 1688495090039,-85143,4222
07-04 14:24:50.154 25072 25143 I BatteryMgr:DataCollectionService: stats => 1688495090154,-85143,4222
07-04 14:24:50.267 25072 25143 I BatteryMgr:DataCollectionService: stats => 1688495090267,-85143,4222
07-04 14:24:50.381 25072 25143 I BatteryMgr:DataCollectionService: stats => 1688495090381,-85143,4222
07-04 14:24:50.495 25072 25143 I BatteryMgr:DataCollectionService: stats => 1688495090494,-85143,4222
07-04 14:24:50.609 25072 25143 I BatteryMgr:DataCollectionService: stats => 1688495090609,-85143,4222
07-04 14:24:50.720 25072 25143 I BatteryMgr:DataCollectionService: stats => 1688495090719,-85143,4222
07-04 14:24:50.832 25072 25143 I BatteryMgr:DataCollectionService: stats => 1688495090831,-85143,4222
07-04 14:24:50.944 25072 25143 I BatteryMgr:DataCollectionService: stats => 1688495090944,-85143,4222
07-04 14:24:51.059 25072 25143 I BatteryMgr:DataCollectionService: stats => 1688495091059,-85143,4222
07-04 14:24:51.175 25072 25143 I BatteryMgr:DataCollectionService: stats => 1688495091174,-85143,4222
07-04 14:24:51.292 25072 25143 I BatteryMgr:DataCollectionService: stats => 1688495091292,-85143,4222
07-04 14:24:51.405 25072 25143 I BatteryMgr:DataCollectionService: stats => 1688495091405,-85143,4222
07-04 14:24:51.518 25072 25143 I BatteryMgr:DataCollectionService: stats => 1688495091517,-85143,4222
07-04 14:24:51.632 25072 25143 I BatteryMgr:DataCollectionService: stats => 1688495091632,-85143,4222
07-04 14:24:51.746 25072 25143 I BatteryMgr:DataCollectionService: stats => 1688495091746,-85143,4222
07-04 14:24:51.861 25072 25143 I BatteryMgr:DataCollectionService: stats => 1688495091860,-85143,4222
07-04 14:24:51.973 25072 25143 I BatteryMgr:DataCollectionService: stats => 1688495091973,-85143,4222
07-04 14:24:52.089 25072 25143 I BatteryMgr:DataCollectionService: stats => 1688495092088,-85143,4222
07-04 14:24:52.204 25072 25143 I BatteryMgr:DataCollectionService: stats => 1688495092204,-85143,4222
07-04 14:24:52.313 25072 25143 I BatteryMgr:DataCollectionService: stats => 1688495092313,-85143,4222
07-04 14:24:52.425 25072 25143 I BatteryMgr:DataCollectionService: stats => 1688495092424,-85143,4222
07-04 14:24:52.540 25072 25143 I BatteryMgr:DataCollectionService: stats => 1688495092540,-85143,4222
07-04 14:24:52.653 25072 25143 I BatteryMgr:DataCollectionService: stats => 1688495092653,-85143,4222
07-04 14:24:52.766 25072 25143 I BatteryMgr:DataCollectionService: stats => 1688495092765,-85143,4222
07-04 14:24:52.880 25072 25143 I BatteryMgr:DataCollectionService: stats => 1688495092880,-85143,4222
07-04 14:24:52.988 25072 25143 I BatteryMgr:DataCollectionService: stats => 1688495092987,-85143,4222
07-04 14:24:53.101 25072 25143 I BatteryMgr:DataCollectionService: stats => 1688495093101,-85143,4222
07-04 14:24:53.217 25072 25143 I BatteryMgr:DataCollectionService: stats => 1688495093217,-85143,4222
07-04 14:24:53.331 25072 25143 I BatteryMgr:DataCollectionService: stats => 1688495093330,-85143,4222
07-04 14:24:53.446 25072 25143 I BatteryMgr:DataCollectionService: stats => 1688495093446,-85143,4222
07-04 14:24:53.560 25072 25143 I BatteryMgr:DataCollectionService: stats => 1688495093560,-85143,4222
07-04 14:24:53.674 25072 25143 I BatteryMgr:DataCollectionService: stats => 1688495093674,-85143,4222
07-04 14:24:53.788 25072 25143 I BatteryMgr:DataCollectionService: stats => 1688495093787,-85143,4222
07-04 14:24:53.900 25072 25143 I BatteryMgr:DataCollectionService: stats => 1688495093900,-85143,4222
07-04 14:24:54.015 25072 25143 I BatteryMgr:DataCollectionService: stats => 1688495094014,-85143,4222
07-04 14:24:54.132 25072 25143 I BatteryMgr:DataCollectionService: stats => 1688495094131,-85143,4222
07-04 14:24:54.244 25072 25143 I BatteryMgr:DataCollectionService: stats => 1688495094244,-85143,4222
07-04 14:24:54.358 25072 25143 I BatteryMgr:DataCollectionService: stats => 1688495094358,-85143,4222
07-04 14:24:54.472 25072 25143 I BatteryMgr:DataCollectionService: stats => 1688495094471,-85143,4222
07-04 14:24:54.586 25072 25143 I BatteryMgr:DataCollectionService: stats => 1688495094585,-85143,4222
07-04 14:24:54.699 25072 25143 I BatteryMgr:DataCollectionService: stats => 1688495094698,-85143,4222
07-04 14:24:54.813 25072 25143 I BatteryMgr:DataCollectionService: stats => 1688495094812,-85143,4222
07-04 14:24:54.927 25072 25143 I BatteryMgr:DataCollectionService: stats => 1688495094927,-85143,4222
07-04 14:24:55.039 25072 25143 I BatteryMgr:DataCollectionService: stats => 1688495095039,-85143,4222
07-04 14:24:55.151 25072 25143 I BatteryMgr:DataCollectionService: stats => 1688495095151,-85143,4222
07-04 14:24:55.265 25072 25143 I BatteryMgr:DataCollectionService: stats => 1688495095264,-85143,4222
07-04 14:24:55.381 25072 25143 I BatteryMgr:DataCollectionService: stats => 1688495095381,-85143,4222
07-04 14:24:55.493 25072 25143 I BatteryMgr:DataCollectionService: stats => 1688495095492,-85143,4222
07-04 14:24:55.607 25072 25143 I BatteryMgr:DataCollectionService: stats => 1688495095606,-85143,4222
07-04 14:24:55.721 25072 25143 I BatteryMgr:DataCollectionService: stats => 1688495095721,-85143,4222
07-04 14:24:55.834 25072 25143 I BatteryMgr:DataCollectionService: stats => 1688495095833,-85143,4222
07-04 14:24:55.947 25072 25143 I BatteryMgr:DataCollectionService: stats => 1688495095947,-85143,4222
07-04 14:24:56.061 25072 25143 I BatteryMgr:DataCollectionService: stats => 1688495096060,-85143,4222
07-04 14:24:56.176 25072 25143 I BatteryMgr:DataCollectionService: stats => 1688495096176,-85143,4222
07-04 14:24:56.288 25072 25143 I BatteryMgr:DataCollectionService: stats => 1688495096288,-85143,4222
07-04 14:24:56.402 25072 25143 I BatteryMgr:DataCollectionService: stats => 1688495096402,-85143,4222
07-04 14:24:56.517 25072 25143 I BatteryMgr:DataCollectionService: stats => 1688495096517,-85143,4222
07-04 14:24:56.629 25072 25143 I BatteryMgr:DataCollectionService: stats => 1688495096629,-85143,4222
07-04 14:24:56.744 25072 25143 I BatteryMgr:DataCollectionService: stats => 1688495096744,-85143,4222
07-04 14:24:56.859 25072 25143 I BatteryMgr:DataCollectionService: stats => 1688495096858,-85143,4222
07-04 14:24:56.973 25072 25143 I BatteryMgr:DataCollectionService: stats => 1688495096973,-85143,4222
07-04 14:24:57.086 25072 25143 I BatteryMgr:DataCollectionService: stats => 1688495097086,-85143,4222
07-04 14:24:57.198 25072 25143 I BatteryMgr:DataCollectionService: stats => 1688495097198,-85143,4222
07-04 14:24:57.314 25072 25143 I BatteryMgr:DataCollectionService: stats => 1688495097313,-85143,4222
07-04 14:24:57.427 25072 25143 I BatteryMgr:DataCollectionService: stats => 1688495097427,-85143,4222
07-04 14:24:57.539 25072 25143 I BatteryMgr:DataCollectionService: stats => 1688495097538,-85143,4222
07-04 14:24:57.654 25072 25143 I BatteryMgr:DataCollectionService: stats => 1688495097654,-85143,4222
07-04 14:24:57.768 25072 25143 I BatteryMgr:DataCollectionService: stats => 1688495097767,-85143,4222
07-04 14:24:57.880 25072 25143 I BatteryMgr:DataCollectionService: stats => 1688495097880,-85143,4222
07-04 14:24:57.993 25072 25143 I BatteryMgr:DataCollectionService: stats => 1688495097993,-85143,4222
07-04 14:24:58.108 25072 25143 I BatteryMgr:DataCollectionService: stats => 1688495098107,-85143,4222
07-04 14:24:58.221 25072 25143 I BatteryMgr:DataCollectionService: stats => 1688495098220,-85143,4222
07-04 14:24:58.333 25072 25143 I BatteryMgr:DataCollectionService: stats => 1688495098333,-85143,4222
07-04 14:24:58.446 25072 25143 I BatteryMgr:DataCollectionService: stats => 1688495098446,-85143,4222
07-04 14:24:58.564 25072 25143 I BatteryMgr:DataCollectionService: stats => 1688495098564,-85143,4222
07-04 14:24:58.677 25072 25143 I BatteryMgr:DataCollectionService: stats => 1688495098677,-85143,4222
07-04 14:24:58.790 25072 25143 I BatteryMgr:DataCollectionService: stats => 1688495098790,-85143,4222
07-04 14:24:58.904 25072 25143 I BatteryMgr:DataCollectionService: stats => 1688495098904,-85143,4222
07-04 14:24:59.017 25072 25143 I BatteryMgr:DataCollectionService: stats => 1688495099017,-85143,4222
07-04 14:24:59.129 25072 25143 I BatteryMgr:DataCollectionService: stats => 1688495099129,-85143,4222
07-04 14:24:59.244 25072 25143 I BatteryMgr:DataCollectionService: stats => 1688495099243,-85143,4222
07-04 14:24:59.358 25072 25143 I BatteryMgr:DataCollectionService: stats => 1688495099358,-85143,4222
07-04 14:24:59.476 25072 25143 I BatteryMgr:DataCollectionService: stats => 1688495099476,-85143,4222
07-04 14:24:59.588 25072 25143 I BatteryMgr:DataCollectionService: stats => 1688495099587,-85143,4222
07-04 14:24:59.704 25072 25143 I BatteryMgr:DataCollectionService: stats => 1688495099704,-85143,4222
07-04 14:24:59.820 25072 25143 I BatteryMgr:DataCollectionService: stats => 1688495099820,-85143,4222
07-04 14:24:59.935 25072 25143 I BatteryMgr:DataCollectionService: stats => 1688495099934,-85143,4222
07-04 14:25:00.043 25072 25143 I BatteryMgr:DataCollectionService: stats => 1688495100043,-85143,4222
07-04 14:25:00.150 25072 25143 I BatteryMgr:DataCollectionService: stats => 1688495100150,-85143,4222
07-04 14:25:00.256 25072 25143 I BatteryMgr:DataCollectionService: stats => 1688495100256,-85143,4222
07-04 14:25:00.363 25072 25143 I BatteryMgr:DataCollectionService: stats => 1688495100363,-85143,4222
07-04 14:25:00.477 25072 25143 I BatteryMgr:DataCollectionService: stats => 1688495100477,-85143,4222
07-04 14:25:00.591 25072 25143 I BatteryMgr:DataCollectionService: stats => 1688495100591,-85143,4222
07-04 14:25:00.703 25072 25143 I BatteryMgr:DataCollectionService: stats => 1688495100703,-85143,4222
07-04 14:25:00.817 25072 25143 I BatteryMgr:DataCollectionService: stats => 1688495100816,-85143,4222
07-04 14:25:00.930 25072 25143 I BatteryMgr:DataCollectionService: stats => 1688495100930,-85143,4222
07-04 14:25:01.043 25072 25143 I BatteryMgr:DataCollectionService: stats => 1688495101042,-85143,4222
07-04 14:25:01.154 25072 25143 I BatteryMgr:DataCollectionService: stats => 1688495101154,-85143,4222
07-04 14:25:01.267 25072 25143 I BatteryMgr:DataCollectionService: stats => 1688495101267,-85143,4222
07-04 14:25:01.381 25072 25143 I BatteryMgr:DataCollectionService: stats => 1688495101380,-85143,4222
07-04 14:25:01.492 25072 25143 I BatteryMgr:DataCollectionService: stats => 1688495101492,-85143,4222
07-04 14:25:01.607 25072 25143 I BatteryMgr:DataCollectionService: stats => 1688495101607,-85143,4222
07-04 14:25:01.720 25072 25143 I BatteryMgr:DataCollectionService: stats => 1688495101720,-85143,4222
07-04 14:25:01.835 25072 25143 I BatteryMgr:DataCollectionService: stats => 1688495101834,-85143,4222
07-04 14:25:01.947 25072 25143 I BatteryMgr:DataCollectionService: stats => 1688495101947,-85143,4222
07-04 14:25:02.062 25072 25143 I BatteryMgr:DataCollectionService: stats => 1688495102062,-85143,4222
07-04 14:25:02.178 25072 25143 I BatteryMgr:DataCollectionService: stats => 1688495102177,-85143,4222
07-04 14:25:02.290 25072 25143 I BatteryMgr:DataCollectionService: stats => 1688495102290,-85143,4222
07-04 14:25:02.404 25072 25143 I BatteryMgr:DataCollectionService: stats => 1688495102404,-85143,4222
07-04 14:25:02.518 25072 25143 I BatteryMgr:DataCollectionService: stats => 1688495102518,-85143,4222
07-04 14:25:02.630 25072 25143 I BatteryMgr:DataCollectionService: stats => 1688495102629,-85143,4222
07-04 14:25:02.743 25072 25143 I BatteryMgr:DataCollectionService: stats => 1688495102743,-85143,4222
07-04 14:25:02.857 25072 25143 I BatteryMgr:DataCollectionService: stats => 1688495102856,-85143,4222
07-04 14:25:02.969 25072 25143 I BatteryMgr:DataCollectionService: stats => 1688495102968,-85143,4222
07-04 14:25:03.082 25072 25143 I BatteryMgr:DataCollectionService: stats => 1688495103081,-85143,4222
07-04 14:25:03.197 25072 25143 I BatteryMgr:DataCollectionService: stats => 1688495103196,-85143,4222
07-04 14:25:03.311 25072 25143 I BatteryMgr:DataCollectionService: stats => 1688495103311,-85143,4222
07-04 14:25:03.423 25072 25143 I BatteryMgr:DataCollectionService: stats => 1688495103422,-85143,4222
07-04 14:25:03.537 25072 25143 I BatteryMgr:DataCollectionService: stats => 1688495103537,-85143,4222
07-04 14:25:03.649 25072 25143 I BatteryMgr:DataCollectionService: stats => 1688495103649,-85143,4222
07-04 14:25:03.762 25072 25143 I BatteryMgr:DataCollectionService: stats => 1688495103761,-85143,4222
07-04 14:25:03.876 25072 25143 I BatteryMgr:DataCollectionService: stats => 1688495103876,-85143,4222
07-04 14:25:03.990 25072 25143 I BatteryMgr:DataCollectionService: stats => 1688495103990,-85143,4222
07-04 14:25:04.102 25072 25143 I BatteryMgr:DataCollectionService: stats => 1688495104101,-85143,4222
07-04 14:25:04.213 25072 25143 I BatteryMgr:DataCollectionService: stats => 1688495104213,-85143,4222
07-04 14:25:04.328 25072 25143 I BatteryMgr:DataCollectionService: stats => 1688495104327,-85143,4222
07-04 14:25:04.440 25072 25143 I BatteryMgr:DataCollectionService: stats => 1688495104440,-85143,4222
07-04 14:25:04.553 25072 25143 I BatteryMgr:DataCollectionService: stats => 1688495104553,-85143,4222
07-04 14:25:04.667 25072 25143 I BatteryMgr:DataCollectionService: stats => 1688495104666,-85143,4222
07-04 14:25:04.779 25072 25143 I BatteryMgr:DataCollectionService: stats => 1688495104779,-85143,4222
07-04 14:25:04.890 25072 25143 I BatteryMgr:DataCollectionService: stats => 1688495104890,-85143,4222
07-04 14:25:05.005 25072 25143 I BatteryMgr:DataCollectionService: stats => 1688495105005,-85143,4222
07-04 14:25:05.118 25072 25143 I BatteryMgr:DataCollectionService: stats => 1688495105117,-85143,4222
07-04 14:25:05.232 25072 25143 I BatteryMgr:DataCollectionService: stats => 1688495105232,-85143,4222
07-04 14:25:05.346 25072 25143 I BatteryMgr:DataCollectionService: stats => 1688495105346,-85143,4222
07-04 14:25:05.462 25072 25143 I BatteryMgr:DataCollectionService: stats => 1688495105462,-85143,4222
07-04 14:25:05.573 25072 25143 I BatteryMgr:DataCollectionService: stats => 1688495105573,-85143,4222
07-04 14:25:05.622   765   782 I WifiService: requestActivityInfo uid=1000
07-04 14:25:05.622   765   782 I WifiService: reportActivityInfo uid=1000
07-04 14:25:05.622   765   782 I WifiService: getSupportedFeatures uid=1000
07-04 14:24:09.502   765   779 E NotificationService: Suppressing notification from package by user request.
07-04 14:25:05.655   765   782 E BatteryExternalStatsWorker: no controller energy info supplied for wifi
07-04 14:25:05.655   765   782 E BatteryExternalStatsWorker: no controller energy info supplied for bluetooth
07-04 14:25:05.680 25072 25143 I BatteryMgr:DataCollectionService: stats => 1688495105680,-85143,4231
07-04 14:25:05.791 25072 25143 I BatteryMgr:DataCollectionService: stats => 1688495105791,-85143,4231
07-04 14:25:05.905 25072 25143 I BatteryMgr:DataCollectionService: stats => 1688495105905,-85143,4231
07-04 14:25:06.020 25072 25143 I BatteryMgr:DataCollectionService: stats => 1688495106020,-85143,4231
07-04 14:25:06.134 25072 25143 I BatteryMgr:DataCollectionService: stats => 1688495106134,-85143,4231
07-04 14:25:06.246 25072 25143 I BatteryMgr:DataCollectionService: stats => 1688495106246,-85143,4231
07-04 14:25:06.361 25072 25143 I BatteryMgr:DataCollectionService: stats => 1688495106360,-85143,4231
07-04 14:25:06.476 25072 25143 I BatteryMgr:DataCollectionService: stats => 1688495106476,-85143,4231
07-04 14:25:06.587 25072 25143 I BatteryMgr:DataCollectionService: stats => 1688495106587,-85143,4231
07-04 14:25:06.698 25072 25143 I BatteryMgr:DataCollectionService: stats => 1688495106698,-85143,4231
07-04 14:25:06.813 25072 25143 I BatteryMgr:DataCollectionService: stats => 1688495106813,-85143,4231
07-04 14:25:06.925 25072 25143 I BatteryMgr:DataCollectionService: stats => 1688495106925,-109557,4231
07-04 14:25:07.038 25072 25143 I BatteryMgr:DataCollectionService: stats => 1688495107037,-109557,4231
07-04 14:25:07.153 25072 25143 I BatteryMgr:DataCollectionService: stats => 1688495107153,-109557,4231
07-04 14:25:07.268 25072 25143 I BatteryMgr:DataCollectionService: stats => 1688495107266,-109557,4231
07-04 14:25:07.380 25072 25143 I BatteryMgr:DataCollectionService: stats => 1688495107380,-109557,4231
07-04 14:25:07.495 25072 25143 I BatteryMgr:DataCollectionService: stats => 1688495107495,-109557,4231
07-04 14:25:07.611 25072 25143 I BatteryMgr:DataCollectionService: stats => 1688495107610,-109557,4231
07-04 14:25:07.726 25072 25143 I BatteryMgr:DataCollectionService: stats => 1688495107724,-109557,4231
07-04 14:25:07.838 25072 25143 I BatteryMgr:DataCollectionService: stats => 1688495107838,-109557,4231
07-04 14:25:07.953 25072 25143 I BatteryMgr:DataCollectionService: stats => 1688495107953,-109557,4231
07-04 14:25:08.067 25072 25143 I BatteryMgr:DataCollectionService: stats => 1688495108066,-109557,4231
07-04 14:25:08.181 25072 25143 I BatteryMgr:DataCollectionService: stats => 1688495108180,-109557,4231
07-04 14:25:08.293 25072 25143 I BatteryMgr:DataCollectionService: stats => 1688495108292,-109557,4231
07-04 14:25:08.407 25072 25143 I BatteryMgr:DataCollectionService: stats => 1688495108407,-109557,4231
07-04 14:25:08.519 25072 25143 I BatteryMgr:DataCollectionService: stats => 1688495108519,-109557,4231
07-04 14:25:08.631 25072 25143 I BatteryMgr:DataCollectionService: stats => 1688495108631,-109557,4231
07-04 14:25:08.743 25072 25143 I BatteryMgr:DataCollectionService: stats => 1688495108743,-109557,4231
07-04 14:25:08.856 25072 25143 I BatteryMgr:DataCollectionService: stats => 1688495108855,-109557,4231
07-04 14:25:08.969 25072 25143 I BatteryMgr:DataCollectionService: stats => 1688495108968,-109557,4231
07-04 14:25:09.084 25072 25143 I BatteryMgr:DataCollectionService: stats => 1688495109084,-109557,4231
07-04 14:25:09.199 25072 25143 I BatteryMgr:DataCollectionService: stats => 1688495109199,-109557,4231
07-04 14:25:09.311 25072 25143 I BatteryMgr:DataCollectionService: stats => 1688495109310,-109557,4231
07-04 14:25:09.421 25072 25143 I BatteryMgr:DataCollectionService: stats => 1688495109421,-109557,4231
07-04 14:25:09.537 25072 25143 I BatteryMgr:DataCollectionService: stats => 1688495109536,-109557,4231
07-04 14:25:09.649 25072 25143 I BatteryMgr:DataCollectionService: stats => 1688495109649,-109557,4231
07-04 14:25:09.761 25072 25143 I BatteryMgr:DataCollectionService: stats => 1688495109761,-109557,4231
07-04 14:25:09.876 25072 25143 I BatteryMgr:DataCollectionService: stats => 1688495109876,-109557,4231
07-04 14:25:09.983 25072 25143 I BatteryMgr:DataCollectionService: stats => 1688495109983,-109557,4231
07-04 14:25:10.093 25072 25143 I BatteryMgr:DataCollectionService: stats => 1688495110093,-109557,4231
07-04 14:25:10.202 25072 25143 I BatteryMgr:DataCollectionService: stats => 1688495110202,-109557,4231
07-04 14:25:10.279   765   779 E NotificationService: Suppressing notification from package by user request.
07-04 14:25:10.850   765 20919 I ActivityManager: Force stopping e.www.magneticfieldtest appid=10176 user=0: from pid 25182
07-04 14:25:10.850   765 20919 I ActivityManager: Killing 25103:e.www.magneticfieldtest/u0a176 (adj 0): stop e.www.magneticfieldtest
07-04 14:25:10.851   765 20919 W ActivityManager: Force removing ActivityRecord{5d4ef6d u0 e.www.magneticfieldtest/.MainActivity t1691}: app died, no saved state
07-04 14:25:10.852   765   781 W zygote64: kill(-25103, 9) failed: No such process
07-04 14:25:10.859   765 20919 I WindowManager: Failed to capture screenshot of Token{7eb57a2 ActivityRecord{5d4ef6d u0 e.www.magneticfieldtest/.MainActivity t1691 f}} appWin=Window{d119438 u0 e.www.magneticfieldtest/e.www.magneticfieldtest.MainActivity} drawState=4
07-04 14:25:10.882   765   788 E JavaBinder: !!! FAILED BINDER TRANSACTION !!!  (parcel size = 60)
07-04 14:25:10.899   765   781 W zygote64: kill(-25103, 9) failed: No such process
07-04 14:25:10.899   765   781 I zygote64: Successfully killed process cgroup uid 10176 pid 25103 in 46ms
07-04 14:25:10.902   765   788 W ActivityManager: setHasOverlayUi called on unknown pid: 25103
07-04 14:25:10.904  1439  1439 D CarrierSvcBindHelper: No carrier app for: 0
07-04 14:25:10.914  3054  3054 D RegisteredNfcFServicesCache: Service unchanged, not updating
07-04 14:25:10.951  1237  1237 I GoogleInputMethodService: GoogleInputMethodService.onFinishInput():3306 
07-04 14:25:10.952  1237  1237 I GoogleInputMethodService: GoogleInputMethodService.updateDeviceLockedStatus():2127 repeatCheckTimes = 0, locked = false
07-04 14:25:10.952  1237  1237 I GoogleInputMethodService: GoogleInputMethodService.onStartInput():1909 onStartInput(EditorInfo{inputType=0x0(NULL) imeOptions=0x0 privateImeOptions=null actionName=UNSPECIFIED actionLabel=null actionId=0 initialSelStart=-1 initialSelEnd=-1 initialCapsMode=0x0 hintText=null label=null packageName=com.example.batterymanager_utility fieldId=-1 fieldName=null extras=null hintLocales=[]}, false)
07-04 14:25:10.952  1237  1237 I GoogleInputMethodService: GoogleInputMethodService.shouldHideHeaderOnInitialState():1990 ShouldHideHeaderOnInitialState = false
07-04 14:25:10.953  1237  1237 I GoogleInputMethodService: GoogleInputMethodService.updateDeviceLockedStatus():2127 repeatCheckTimes = 1, locked = false
07-04 14:25:14.338   765  1527 I ActivityManager: Force stopping com.example.batterymanager_utility appid=10111 user=0: from pid 25190
07-04 14:25:14.339   765  1527 I ActivityManager: Killing 25072:com.example.batterymanager_utility/u0a111 (adj 0): stop com.example.batterymanager_utility
07-04 14:25:14.340   765   781 W zygote64: kill(-25072, 9) failed: No such process
07-04 14:25:14.341   765  1527 W ActivityManager: Force removing ActivityRecord{3569042 u0 com.example.batterymanager_utility/.MainActivity t1690}: app died, no saved state
07-04 14:25:14.349   765  1527 I WindowManager: Failed to capture screenshot of Token{dbb853 ActivityRecord{3569042 u0 com.example.batterymanager_utility/.MainActivity t1690 f}} appWin=Window{fd6e94a u0 com.example.batterymanager_utility/com.example.batterymanager_utility.MainActivity} drawState=4
07-04 14:25:14.352   765   781 W zygote64: kill(-25072, 9) failed: No such process
07-04 14:25:14.386  1439  1439 D CarrierSvcBindHelper: No carrier app for: 0
07-04 14:25:14.392  3054  3054 D RegisteredNfcFServicesCache: Service unchanged, not updating
07-04 14:25:14.393   765   788 W ActivityManager: setHasOverlayUi called on unknown pid: 25072
07-04 14:25:14.395   765   781 W zygote64: kill(-25072, 9) failed: No such process
07-04 14:25:14.400  3121  3121 D PrimesStartupMeasure: Error handling StartupMeasure's onActivityResume
07-04 14:25:14.400  3121  3121 D PrimesStartupMeasure: java.lang.NullPointerException: Attempt to invoke virtual method 'android.view.ViewTreeObserver android.view.View.getViewTreeObserver()' on a null object reference
07-04 14:25:14.400  3121  3121 D PrimesStartupMeasure: 	at com.google.android.libraries.performance.primes.metrics.h.m.onActivityResumed(PG:3)
07-04 14:25:14.400  3121  3121 D PrimesStartupMeasure: 	at android.app.Application.dispatchActivityResumed(Application.java:216)
07-04 14:25:14.400  3121  3121 D PrimesStartupMeasure: 	at android.app.Activity.onResume(Activity.java:1313)
07-04 14:25:14.400  3121  3121 D PrimesStartupMeasure: 	at com.android.launcher3.Launcher.onResume(PG:1)
07-04 14:25:14.400  3121  3121 D PrimesStartupMeasure: 	at android.app.Instrumentation.callActivityOnResume(Instrumentation.java:1355)
07-04 14:25:14.400  3121  3121 D PrimesStartupMeasure: 	at android.app.Activity.performResume(Activity.java:7117)
07-04 14:25:14.400  3121  3121 D PrimesStartupMeasure: 	at android.app.ActivityThread.performResumeActivity(ActivityThread.java:3556)
07-04 14:25:14.400  3121  3121 D PrimesStartupMeasure: 	at android.app.ActivityThread.handleResumeActivity(ActivityThread.java:3621)
07-04 14:25:14.400  3121  3121 D PrimesStartupMeasure: 	at android.app.ActivityThread$H.handleMessage(ActivityThread.java:1638)
07-04 14:25:14.400  3121  3121 D PrimesStartupMeasure: 	at android.os.Handler.dispatchMessage(Handler.java:106)
07-04 14:25:14.400  3121  3121 D PrimesStartupMeasure: 	at android.os.Looper.loop(Looper.java:164)
07-04 14:25:14.400  3121  3121 D PrimesStartupMeasure: 	at android.app.ActivityThread.main(ActivityThread.java:6494)
07-04 14:25:14.400  3121  3121 D PrimesStartupMeasure: 	at java.lang.reflect.Method.invoke(Native Method)
07-04 14:25:14.400  3121  3121 D PrimesStartupMeasure: 	at com.android.internal.os.RuntimeInit$MethodAndArgsCaller.run(RuntimeInit.java:438)
07-04 14:25:14.400  3121  3121 D PrimesStartupMeasure: 	at com.android.internal.os.ZygoteInit.main(ZygoteInit.java:807)
07-04 14:25:14.407   428   428 D SurfaceFlinger: duplicate layer name: changing com.google.android.googlequicksearchbox/com.google.android.launcher.GEL to com.google.android.googlequicksearchbox/com.google.android.launcher.GEL#1
07-04 14:25:14.419  8517  8517 D BoundBrokerSvc: onBind: Intent { act=com.google.android.gms.inappreach.service.START dat=chimera-action: cmp=com.google.android.gms/.chimera.GmsApiService }
07-04 14:25:14.419  8517  8517 D BoundBrokerSvc: Loading bound service for intent: Intent { act=com.google.android.gms.inappreach.service.START dat=chimera-action: cmp=com.google.android.gms/.chimera.GmsApiService }
07-04 14:25:14.429  3005  3005 I GsaVoiceInteractionSrv: Handling ACTION_START_HOTWORD
07-04 14:25:14.430  3005  3342 I GsaVoiceInteractionSrv: (REDACTED) disregardHotwordSetting: %b
07-04 14:25:14.430  3005  3342 I GsaVoiceInteractionSrv: Cannot start hotword, hotword has been explicitly disabled.
07-04 14:25:14.434  1237  1237 I GoogleInputMethodService: GoogleInputMethodService.onFinishInput():3306 
07-04 14:25:14.436  1237  1237 I GoogleInputMethodService: GoogleInputMethodService.updateDeviceLockedStatus():2127 repeatCheckTimes = 0, locked = false
07-04 14:25:14.436  1237  1237 I GoogleInputMethodService: GoogleInputMethodService.onStartInput():1909 onStartInput(EditorInfo{inputType=0x0(NULL) imeOptions=0x0 privateImeOptions=null actionName=UNSPECIFIED actionLabel=null actionId=0 initialSelStart=-1 initialSelEnd=-1 initialCapsMode=0x0 hintText=null label=null packageName=com.google.android.googlequicksearchbox fieldId=-1 fieldName=null extras=null hintLocales=[]}, false)
07-04 14:25:14.436  1237  1237 I GoogleInputMethodService: GoogleInputMethodService.shouldHideHeaderOnInitialState():1990 ShouldHideHeaderOnInitialState = false
07-04 14:25:14.437  1237  1237 I GoogleInputMethodService: GoogleInputMethodService.updateDeviceLockedStatus():2127 repeatCheckTimes = 1, locked = false
07-04 14:25:14.439   765   781 W zygote64: kill(-25072, 9) failed: No such process
07-04 14:25:14.439   765   781 I zygote64: Successfully killed process cgroup uid 10111 pid 25072 in 99ms
07-04 14:25:14.965  3121  3373 W OpenGLRenderer: Incorrectly called buildLayer on View: ShortcutAndWidgetContainer, destroying layer...
