--------- beginning of system
07-04 14:37:34.034   765  3119 I ActivityManager: START u0 {act=android.intent.action.MAIN cat=[android.intent.category.LAUNCHER] flg=0x10000000 cmp=com.example.batterymanager_utility/.MainActivity} from uid 2000
--------- beginning of main
07-04 14:37:34.063 26131 26131 I zygote64: Late-enabling -Xcheck:jni
07-04 14:37:34.064   765  3787 I ActivityManager: Start proc 26131:com.example.batterymanager_utility/u0a111 for activity com.example.batterymanager_utility/.MainActivity
07-04 14:37:34.095  3121  3135 V ClearcutMetricXmitter: Transmission is done.
07-04 14:37:34.152  3005  3005 I GsaVoiceInteractionSrv: Handling ACTION_STOP_HOTWORD
07-04 14:37:34.201 26131 26131 I BatteryMgr:App: creating notification channel
07-04 14:37:34.272 26131 26149 D OpenGLRenderer: HWUI GL Pipeline
07-04 14:37:34.448 26131 26131 W zygote64: Class androidx.compose.runtime.snapshots.SnapshotStateList failed lock verification and will run slower.
07-04 14:37:34.448 26131 26131 W zygote64: Common causes for lock verification issues are non-optimized dex code
07-04 14:37:34.448 26131 26131 W zygote64: and incorrect proguard optimizations.
07-04 14:37:34.495 26136 26136 D AndroidRuntime: >>>>>> START com.android.internal.os.RuntimeInit uid 2000 <<<<<<
07-04 14:37:34.592 26131 26137 I zygote64: Do partial code cache collection, code=30KB, data=21KB
07-04 14:37:34.593 26131 26137 I zygote64: After code cache collection, code=30KB, data=21KB
07-04 14:37:34.593 26131 26137 I zygote64: Increasing code cache capacity to 128KB
07-04 14:37:34.612 26136 26136 D ICU     : Timezone override file found: /data/misc/zoneinfo/current/icu/icu_tzdata.dat
07-04 14:37:34.630 26136 26136 I app_process: The ClassLoaderContext is a special shared library.
07-04 14:37:34.669 26136 26136 D AndroidRuntime: Calling main entry com.android.commands.monkey.Monkey
07-04 14:37:34.678 26136 26136 W Monkey  : args: [-p, e.www.magneticfieldtest, 1]
07-04 14:37:34.680 26136 26136 W Monkey  :  arg: "-p"
07-04 14:37:34.681 26136 26136 W Monkey  :  arg: "e.www.magneticfieldtest"
07-04 14:37:34.681 26136 26136 W Monkey  :  arg: "1"
07-04 14:37:34.681 26136 26136 W Monkey  : data="e.www.magneticfieldtest"
07-04 14:37:34.682 26131 26149 I Adreno  : QUALCOMM build                   : 8e59954, I0be83d0d26
07-04 14:37:34.682 26131 26149 I Adreno  : Build Date                       : 09/22/17
07-04 14:37:34.682 26131 26149 I Adreno  : OpenGL ES Shader Compiler Version: EV031.21.02.00
07-04 14:37:34.682 26131 26149 I Adreno  : Local Branch                     : O17A
07-04 14:37:34.682 26131 26149 I Adreno  : Remote Branch                    : 
07-04 14:37:34.682 26131 26149 I Adreno  : Remote Branch                    : 
07-04 14:37:34.682 26131 26149 I Adreno  : Reconstruct Branch               : 
07-04 14:37:34.682 26131 26149 D vndksupport: Loading /vendor/lib64/hw/gralloc.msm8992.so from current namespace instead of sphal namespace.
07-04 14:37:34.690 26131 26149 I Adreno  : PFP: 0x00000000, ME: 0x00000000
07-04 14:37:34.695   362   362 W /system/bin/hwservicemanager: getTransport: Cannot find entry android.hardware.configstore@1.0::ISurfaceFlingerConfigs/default in either framework or device manifest.
07-04 14:37:34.698 26131 26149 I zygote64: android::hardware::configstore::V1_0::ISurfaceFlingerConfigs::hasWideColorDisplay retrieved: 0
07-04 14:37:34.699 26131 26149 I OpenGLRenderer: Initialized EGL, version 1.4
07-04 14:37:34.699 26131 26149 D OpenGLRenderer: Swap behavior 2
07-04 14:37:34.705   765   779 W BroadcastQueue: Skipping deliver [background] BroadcastRecord{ef01227 u-1 android.net.conn.CONNECTIVITY_CHANGE} to ReceiverList{9ecfe7d 26136 (unknown name)/2000/u-1 remote:cb5af41}: process gone or crashing
07-04 14:37:34.709 26131 26131 D Compose Focus: Owner FocusChanged(true)
07-04 14:37:34.719   765  3127 I ActivityManager: START u0 {act=android.intent.action.MAIN cat=[android.intent.category.LAUNCHER] flg=0x10200000 cmp=e.www.magneticfieldtest/.MainActivity} from uid 2000
07-04 14:37:34.719   765  3127 W Binder  : Outgoing transactions from this process must be FLAG_ONEWAY
07-04 14:37:34.719   765  3127 W Binder  : java.lang.Throwable
07-04 14:37:34.719   765  3127 W Binder  : 	at android.os.BinderProxy.transact(Binder.java:752)
07-04 14:37:34.719   765  3127 W Binder  : 	at android.app.IActivityController$Stub$Proxy.activityStarting(IActivityController.java:172)
07-04 14:37:34.719   765  3127 W Binder  : 	at com.android.server.am.ActivityStarter.startActivity(ActivityStarter.java:449)
07-04 14:37:34.719   765  3127 W Binder  : 	at com.android.server.am.ActivityStarter.startActivityLocked(ActivityStarter.java:278)
07-04 14:37:34.719   765  3127 W Binder  : 	at com.android.server.am.ActivityStarter.startActivityMayWait(ActivityStarter.java:817)
07-04 14:37:34.719   765  3127 W Binder  : 	at com.android.server.am.ActivityManagerService.startActivityAsUser(ActivityManagerService.java:4532)
07-04 14:37:34.719   765  3127 W Binder  : 	at com.android.server.am.ActivityManagerService.startActivity(ActivityManagerService.java:4519)
07-04 14:37:34.719   765  3127 W Binder  : 	at android.app.IActivityManager$Stub.onTransact(IActivityManager.java:121)
07-04 14:37:34.719   765  3127 W Binder  : 	at com.android.server.am.ActivityManagerService.onTransact(ActivityManagerService.java:2919)
07-04 14:37:34.719   765  3127 W Binder  : 	at android.os.Binder.execTransact(Binder.java:697)
07-04 14:37:34.731 26136 26136 I Monkey  : Events injected: 1
07-04 14:37:34.747 26136 26136 I Monkey  : ## Network stats: elapsed time=26ms (0ms mobile, 0ms wifi, 26ms not connected)
07-04 14:37:34.749 26136 26136 I com.android.commands.monkey: System.exit called, status: 0
07-04 14:37:34.749 26136 26136 I AndroidRuntime: VM exiting with result code 0.
07-04 14:37:34.769   362   362 W /system/bin/hwservicemanager: getTransport: Cannot find entry android.hardware.graphics.mapper@2.0::IMapper/default in either framework or device manifest.
07-04 14:37:34.770 26131 26149 D vndksupport: Loading /vendor/lib64/hw/android.hardware.graphics.mapper@2.0-impl.so from current namespace instead of sphal namespace.
07-04 14:37:34.771 26131 26149 D vndksupport: Loading /vendor/lib64/hw/gralloc.msm8992.so from current namespace instead of sphal namespace.
07-04 14:37:34.818  1237  1237 I GoogleInputMethodService: GoogleInputMethodService.onFinishInput():3306 
07-04 14:37:34.819  1237  1237 I GoogleInputMethodService: GoogleInputMethodService.updateDeviceLockedStatus():2127 repeatCheckTimes = 0, locked = false
07-04 14:37:34.820  1237  1237 I GoogleInputMethodService: GoogleInputMethodService.onStartInput():1909 onStartInput(EditorInfo{inputType=0x0(NULL) imeOptions=0x0 privateImeOptions=null actionName=UNSPECIFIED actionLabel=null actionId=0 initialSelStart=-1 initialSelEnd=-1 initialCapsMode=0x0 hintText=null label=null packageName=com.example.batterymanager_utility fieldId=-1 fieldName=null extras=null hintLocales=[]}, false)
07-04 14:37:34.824  1237  1237 I GoogleInputMethodService: GoogleInputMethodService.shouldHideHeaderOnInitialState():1990 ShouldHideHeaderOnInitialState = false
07-04 14:37:34.825  1237  1237 I GoogleInputMethodService: GoogleInputMethodService.updateDeviceLockedStatus():2127 repeatCheckTimes = 1, locked = false
07-04 14:37:34.839   765 20920 I ActivityManager: Start proc 26162:e.www.magneticfieldtest/u0a176 for activity e.www.magneticfieldtest/.MainActivity
07-04 14:37:34.839 26162 26162 I zygote64: Late-enabling -Xcheck:jni
07-04 14:37:35.064 26162 26162 I zygote64: Rejecting re-init on previously-failed class java.lang.Class<androidx.core.view.ViewCompat$2>: java.lang.NoClassDefFoundError: Failed resolution of: Landroid/view/View$OnUnhandledKeyEventListener;
07-04 14:37:35.064 26162 26162 I zygote64:   at void androidx.core.view.ViewCompat.setOnApplyWindowInsetsListener(android.view.View, androidx.core.view.OnApplyWindowInsetsListener) (ViewCompat.java:2436)
07-04 14:37:35.064 26162 26162 I zygote64:   at android.view.ViewGroup androidx.appcompat.app.AppCompatDelegateImpl.createSubDecor() (AppCompatDelegateImpl.java:779)
07-04 14:37:35.064 26162 26162 I zygote64:   at void androidx.appcompat.app.AppCompatDelegateImpl.ensureSubDecor() (AppCompatDelegateImpl.java:659)
07-04 14:37:35.064 26162 26162 I zygote64:   at void androidx.appcompat.app.AppCompatDelegateImpl.setContentView(int) (AppCompatDelegateImpl.java:552)
07-04 14:37:35.064 26162 26162 I zygote64:   at void androidx.appcompat.app.AppCompatActivity.setContentView(int) (AppCompatActivity.java:161)
07-04 14:37:35.064 26162 26162 I zygote64:   at void e.www.magneticfieldtest.MainActivity.onCreate(android.os.Bundle) (MainActivity.kt:13)
07-04 14:37:35.064 26162 26162 I zygote64:   at void android.app.Activity.performCreate(android.os.Bundle, android.os.PersistableBundle) (Activity.java:7009)
07-04 14:37:35.064 26162 26162 I zygote64:   at void android.app.Activity.performCreate(android.os.Bundle) (Activity.java:7000)
07-04 14:37:35.064 26162 26162 I zygote64:   at void android.app.Instrumentation.callActivityOnCreate(android.app.Activity, android.os.Bundle) (Instrumentation.java:1214)
07-04 14:37:35.064 26162 26162 I zygote64:   at android.app.Activity android.app.ActivityThread.performLaunchActivity(android.app.ActivityThread$ActivityClientRecord, android.content.Intent) (ActivityThread.java:2731)
07-04 14:37:35.064 26162 26162 I zygote64:   at void android.app.ActivityThread.handleLaunchActivity(android.app.ActivityThread$ActivityClientRecord, android.content.Intent, java.lang.String) (ActivityThread.java:2856)
07-04 14:37:35.064 26162 26162 I zygote64:   at void android.app.ActivityThread.-wrap11(android.app.ActivityThread, android.app.ActivityThread$ActivityClientRecord, android.content.Intent, java.lang.String) (ActivityThread.java:-1)
07-04 14:37:35.064 26162 26162 I zygote64:   at void android.app.ActivityThread$H.handleMessage(android.os.Message) (ActivityThread.java:1589)
07-04 14:37:35.064 26162 26162 I zygote64:   at void android.os.Handler.dispatchMessage(android.os.Message) (Handler.java:106)
07-04 14:37:35.064 26162 26162 I zygote64:   at void android.os.Looper.loop() (Looper.java:164)
07-04 14:37:35.064 26162 26162 I zygote64:   at void android.app.ActivityThread.main(java.lang.String[]) (ActivityThread.java:6494)
07-04 14:37:35.064 26162 26162 I zygote64:   at java.lang.Object java.lang.reflect.Method.invoke(java.lang.Object, java.lang.Object[]) (Method.java:-2)
07-04 14:37:35.064 26162 26162 I zygote64:   at void com.android.internal.os.RuntimeInit$MethodAndArgsCaller.run() (RuntimeInit.java:438)
07-04 14:37:35.064 26162 26162 I zygote64:   at void com.android.internal.os.ZygoteInit.main(java.lang.String[]) (ZygoteInit.java:807)
07-04 14:37:35.064 26162 26162 I zygote64: Caused by: java.lang.ClassNotFoundException: Didn't find class "android.view.View$OnUnhandledKeyEventListener" on path: DexPathList[[zip file "/data/app/e.www.magneticfieldtest-HlGI6i7TRkenoUAv27NMbw==/base.apk"],nativeLibraryDirectories=[/data/app/e.www.magneticfieldtest-HlGI6i7TRkenoUAv27NMbw==/lib/arm64, /system/lib64, /vendor/lib64]]
07-04 14:37:35.064 26162 26162 I zygote64:   at java.lang.Class dalvik.system.BaseDexClassLoader.findClass(java.lang.String) (BaseDexClassLoader.java:125)
07-04 14:37:35.064 26162 26162 I zygote64:   at java.lang.Class java.lang.ClassLoader.loadClass(java.lang.String, boolean) (ClassLoader.java:379)
07-04 14:37:35.064 26162 26162 I zygote64:   at java.lang.Class java.lang.ClassLoader.loadClass(java.lang.String) (ClassLoader.java:312)
07-04 14:37:35.064 26162 26162 I zygote64:   at void androidx.core.view.ViewCompat.setOnApplyWindowInsetsListener(android.view.View, androidx.core.view.OnApplyWindowInsetsListener) (ViewCompat.java:2436)
07-04 14:37:35.064 26162 26162 I zygote64:   at android.view.ViewGroup androidx.appcompat.app.AppCompatDelegateImpl.createSubDecor() (AppCompatDelegateImpl.java:779)
07-04 14:37:35.064 26162 26162 I zygote64:   at void androidx.appcompat.app.AppCompatDelegateImpl.ensureSubDecor() (AppCompatDelegateImpl.java:659)
07-04 14:37:35.064 26162 26162 I zygote64:   at void androidx.appcompat.app.AppCompatDelegateImpl.setContentView(int) (AppCompatDelegateImpl.java:552)
07-04 14:37:35.064 26162 26162 I zygote64:   at void androidx.appcompat.app.AppCompatActivity.setContentView(int) (AppCompatActivity.java:161)
07-04 14:37:35.064 26162 26162 I zygote64:   at void e.www.magneticfieldtest.MainActivity.onCreate(android.os.Bundle) (MainActivity.kt:13)
07-04 14:37:35.064 26162 26162 I zygote64:   at void android.app.Activity.performCreate(android.os.Bundle, android.os.PersistableBundle) (Activity.java:7009)
07-04 14:37:35.064 26162 26162 I zygote64:   at void android.app.Activity.performCreate(android.os.Bundle) (Activity.java:7000)
07-04 14:37:35.064 26162 26162 I zygote64:   at void android.app.Instrumentation.callActivityOnCreate(android.app.Activity, android.os.Bundle) (Instrumentation.java:1214)
07-04 14:37:35.064 26162 26162 I zygote64:   at android.app.Activity android.app.ActivityThread.performLaunchActivity(android.app.ActivityThread$ActivityClientRecord, android.content.Intent) (ActivityThread.java:2731)
07-04 14:37:35.064 26162 26162 I zygote64:   at void android.app.ActivityThread.handleLaunchActivity(android.app.ActivityThread$ActivityClientRecord, android.content.Intent, java.lang.String) (ActivityThread.java:2856)
07-04 14:37:35.064 26162 26162 I zygote64:   at void android.app.ActivityThread.-wrap11(android.app.ActivityThread, android.app.ActivityThread$ActivityClientRecord, android.content.Intent, java.lang.String) (ActivityThread.java:-1)
07-04 14:37:35.064 26162 26162 I zygote64:   at void android.app.ActivityThread$H.handleMessage(android.os.Message) (ActivityThread.java:1589)
07-04 14:37:35.064 26162 26162 I zygote64:   at void android.os.Handler.dispatchMessage(android.os.Message) (Handler.java:106)
07-04 14:37:35.064 26162 26162 I zygote64:   at void android.os.Looper.loop() (Looper.java:164)
07-04 14:37:35.064 26162 26162 I zygote64:   at void android.app.ActivityThread.main(java.lang.String[]) (ActivityThread.java:6494)
07-04 14:37:35.064 26162 26162 I zygote64:   at java.lang.Object java.lang.reflect.Method.invoke(java.lang.Object, java.lang.Object[]) (Method.java:-2)
07-04 14:37:35.064 26162 26162 I zygote64:   at void com.android.internal.os.RuntimeInit$MethodAndArgsCaller.run() (RuntimeInit.java:438)
07-04 14:37:35.064 26162 26162 I zygote64:   at void com.android.internal.os.ZygoteInit.main(java.lang.String[]) (ZygoteInit.java:807)
07-04 14:37:35.064 26162 26162 I zygote64: 
07-04 14:37:35.064 26162 26162 I zygote64: Rejecting re-init on previously-failed class java.lang.Class<androidx.core.view.ViewCompat$2>: java.lang.NoClassDefFoundError: Failed resolution of: Landroid/view/View$OnUnhandledKeyEventListener;
07-04 14:37:35.064 26162 26162 I zygote64:   at void androidx.core.view.ViewCompat.setOnApplyWindowInsetsListener(android.view.View, androidx.core.view.OnApplyWindowInsetsListener) (ViewCompat.java:2436)
07-04 14:37:35.064 26162 26162 I zygote64:   at android.view.ViewGroup androidx.appcompat.app.AppCompatDelegateImpl.createSubDecor() (AppCompatDelegateImpl.java:779)
07-04 14:37:35.064 26162 26162 I zygote64:   at void androidx.appcompat.app.AppCompatDelegateImpl.ensureSubDecor() (AppCompatDelegateImpl.java:659)
07-04 14:37:35.064 26162 26162 I zygote64:   at void androidx.appcompat.app.AppCompatDelegateImpl.setContentView(int) (AppCompatDelegateImpl.java:552)
07-04 14:37:35.064 26162 26162 I zygote64:   at void androidx.appcompat.app.AppCompatActivity.setContentView(int) (AppCompatActivity.java:161)
07-04 14:37:35.064 26162 26162 I zygote64:   at void e.www.magneticfieldtest.MainActivity.onCreate(android.os.Bundle) (MainActivity.kt:13)
07-04 14:37:35.064 26162 26162 I zygote64:   at void android.app.Activity.performCreate(android.os.Bundle, android.os.PersistableBundle) (Activity.java:7009)
07-04 14:37:35.064 26162 26162 I zygote64:   at void android.app.Activity.performCreate(android.os.Bundle) (Activity.java:7000)
07-04 14:37:35.064 26162 26162 I zygote64:   at void android.app.Instrumentation.callActivityOnCreate(android.app.Activity, android.os.Bundle) (Instrumentation.java:1214)
07-04 14:37:35.064 26162 26162 I zygote64:   at android.app.Activity android.app.ActivityThread.performLaunchActivity(android.app.ActivityThread$ActivityClientRecord, android.content.Intent) (ActivityThread.java:2731)
07-04 14:37:35.064 26162 26162 I zygote64:   at void android.app.ActivityThread.handleLaunchActivity(android.app.ActivityThread$ActivityClientRecord, android.content.Intent, java.lang.String) (ActivityThread.java:2856)
07-04 14:37:35.064 26162 26162 I zygote64:   at void android.app.ActivityThread.-wrap11(android.app.ActivityThread, android.app.ActivityThread$ActivityClientRecord, android.content.Intent, java.lang.String) (ActivityThread.java:-1)
07-04 14:37:35.064 26162 26162 I zygote64:   at void android.app.ActivityThread$H.handleMessage(android.os.Message) (ActivityThread.java:1589)
07-04 14:37:35.064 26162 26162 I zygote64:   at void android.os.Handler.dispatchMessage(android.os.Message) (Handler.java:106)
07-04 14:37:35.064 26162 26162 I zygote64:   at void android.os.Looper.loop() (Looper.java:164)
07-04 14:37:35.064 26162 26162 I zygote64:   at void android.app.ActivityThread.main(java.lang.String[]) (ActivityThread.java:6494)
07-04 14:37:35.064 26162 26162 I zygote64:   at java.lang.Object java.lang.reflect.Method.invoke(java.lang.Object, java.lang.Object[]) (Method.java:-2)
07-04 14:37:35.064 26162 26162 I zygote64:   at void com.android.internal.os.RuntimeInit$MethodAndArgsCaller.run() (RuntimeInit.java:438)
07-04 14:37:35.064 26162 26162 I zygote64:   at void com.android.internal.os.ZygoteInit.main(java.lang.String[]) (ZygoteInit.java:807)
07-04 14:37:35.064 26162 26162 I zygote64: Caused by: java.lang.ClassNotFoundException: Didn't find class "android.view.View$OnUnhandledKeyEventListener" on path: DexPathList[[zip file "/data/app/e.www.magneticfieldtest-HlGI6i7TRkenoUAv27NMbw==/base.apk"],nativeLibraryDirectories=[/data/app/e.www.magneticfieldtest-HlGI6i7TRkenoUAv27NMbw==/lib/arm64, /system/lib64, /vendor/lib64]]
07-04 14:37:35.064 26162 26162 I zygote64:   at java.lang.Class dalvik.system.BaseDexClassLoader.findClass(java.lang.String) (BaseDexClassLoader.java:125)
07-04 14:37:35.064 26162 26162 I zygote64:   at java.lang.Class java.lang.ClassLoader.loadClass(java.lang.String, boolean) (ClassLoader.java:379)
07-04 14:37:35.064 26162 26162 I zygote64:   at java.lang.Class java.lang.ClassLoader.loadClass(java.lang.String) (ClassLoader.java:312)
07-04 14:37:35.064 26162 26162 I zygote64:   at void androidx.core.view.ViewCompat.setOnApplyWindowInsetsListener(android.view.View, androidx.core.view.OnApplyWindowInsetsListener) (ViewCompat.java:2436)
07-04 14:37:35.064 26162 26162 I zygote64:   at android.view.ViewGroup androidx.appcompat.app.AppCompatDelegateImpl.createSubDecor() (AppCompatDelegateImpl.java:779)
07-04 14:37:35.064 26162 26162 I zygote64:   at void androidx.appcompat.app.AppCompatDelegateImpl.ensureSubDecor() (AppCompatDelegateImpl.java:659)
07-04 14:37:35.065 26162 26162 I zygote64:   at void androidx.appcompat.app.AppCompatDelegateImpl.setContentView(int) (AppCompatDelegateImpl.java:552)
07-04 14:37:35.065 26162 26162 I zygote64:   at void androidx.appcompat.app.AppCompatActivity.setContentView(int) (AppCompatActivity.java:161)
07-04 14:37:35.065 26162 26162 I zygote64:   at void e.www.magneticfieldtest.MainActivity.onCreate(android.os.Bundle) (MainActivity.kt:13)
07-04 14:37:35.065 26162 26162 I zygote64:   at void android.app.Activity.performCreate(android.os.Bundle, android.os.PersistableBundle) (Activity.java:7009)
07-04 14:37:35.065 26162 26162 I zygote64:   at void android.app.Activity.performCreate(android.os.Bundle) (Activity.java:7000)
07-04 14:37:35.065 26162 26162 I zygote64:   at void android.app.Instrumentation.callActivityOnCreate(android.app.Activity, android.os.Bundle) (Instrumentation.java:1214)
07-04 14:37:35.065 26162 26162 I zygote64:   at android.app.Activity android.app.ActivityThread.performLaunchActivity(android.app.ActivityThread$ActivityClientRecord, android.content.Intent) (ActivityThread.java:2731)
07-04 14:37:35.065 26162 26162 I zygote64:   at void android.app.ActivityThread.handleLaunchActivity(android.app.ActivityThread$ActivityClientRecord, android.content.Intent, java.lang.String) (ActivityThread.java:2856)
07-04 14:37:35.065 26162 26162 I zygote64:   at void android.app.ActivityThread.-wrap11(android.app.ActivityThread, android.app.ActivityThread$ActivityClientRecord, android.content.Intent, java.lang.String) (ActivityThread.java:-1)
07-04 14:37:35.065 26162 26162 I zygote64:   at void android.app.ActivityThread$H.handleMessage(android.os.Message) (ActivityThread.java:1589)
07-04 14:37:35.065 26162 26162 I zygote64:   at void android.os.Handler.dispatchMessage(android.os.Message) (Handler.java:106)
07-04 14:37:35.065 26162 26162 I zygote64:   at void android.os.Looper.loop() (Looper.java:164)
07-04 14:37:35.065 26162 26162 I zygote64:   at void android.app.ActivityThread.main(java.lang.String[]) (ActivityThread.java:6494)
07-04 14:37:35.065 26162 26162 I zygote64:   at java.lang.Object java.lang.reflect.Method.invoke(java.lang.Object, java.lang.Object[]) (Method.java:-2)
07-04 14:37:35.065 26162 26162 I zygote64:   at void com.android.internal.os.RuntimeInit$MethodAndArgsCaller.run() (RuntimeInit.java:438)
07-04 14:37:35.065 26162 26162 I zygote64:   at void com.android.internal.os.ZygoteInit.main(java.lang.String[]) (ZygoteInit.java:807)
07-04 14:37:35.065 26162 26162 I zygote64: 
07-04 14:37:35.065 26162 26162 I zygote64: Rejecting re-init on previously-failed class java.lang.Class<androidx.core.view.ViewCompat$2>: java.lang.NoClassDefFoundError: Failed resolution of: Landroid/view/View$OnUnhandledKeyEventListener;
07-04 14:37:35.065 26162 26162 I zygote64:   at void androidx.core.view.ViewCompat.setOnApplyWindowInsetsListener(android.view.View, androidx.core.view.OnApplyWindowInsetsListener) (ViewCompat.java:2436)
07-04 14:37:35.065 26162 26162 I zygote64:   at android.view.ViewGroup androidx.appcompat.app.AppCompatDelegateImpl.createSubDecor() (AppCompatDelegateImpl.java:779)
07-04 14:37:35.065 26162 26162 I zygote64:   at void androidx.appcompat.app.AppCompatDelegateImpl.ensureSubDecor() (AppCompatDelegateImpl.java:659)
07-04 14:37:35.065 26162 26162 I zygote64:   at void androidx.appcompat.app.AppCompatDelegateImpl.setContentView(int) (AppCompatDelegateImpl.java:552)
07-04 14:37:35.065 26162 26162 I zygote64:   at void androidx.appcompat.app.AppCompatActivity.setContentView(int) (AppCompatActivity.java:161)
07-04 14:37:35.065 26162 26162 I zygote64:   at void e.www.magneticfieldtest.MainActivity.onCreate(android.os.Bundle) (MainActivity.kt:13)
07-04 14:37:35.065 26162 26162 I zygote64:   at void android.app.Activity.performCreate(android.os.Bundle, android.os.PersistableBundle) (Activity.java:7009)
07-04 14:37:35.065 26162 26162 I zygote64:   at void android.app.Activity.performCreate(android.os.Bundle) (Activity.java:7000)
07-04 14:37:35.065 26162 26162 I zygote64:   at void android.app.Instrumentation.callActivityOnCreate(android.app.Activity, android.os.Bundle) (Instrumentation.java:1214)
07-04 14:37:35.065 26162 26162 I zygote64:   at android.app.Activity android.app.ActivityThread.performLaunchActivity(android.app.ActivityThread$ActivityClientRecord, android.content.Intent) (ActivityThread.java:2731)
07-04 14:37:35.065 26162 26162 I zygote64:   at void android.app.ActivityThread.handleLaunchActivity(android.app.ActivityThread$ActivityClientRecord, android.content.Intent, java.lang.String) (ActivityThread.java:2856)
07-04 14:37:35.065 26162 26162 I zygote64:   at void android.app.ActivityThread.-wrap11(android.app.ActivityThread, android.app.ActivityThread$ActivityClientRecord, android.content.Intent, java.lang.String) (ActivityThread.java:-1)
07-04 14:37:35.065 26162 26162 I zygote64:   at void android.app.ActivityThread$H.handleMessage(android.os.Message) (ActivityThread.java:1589)
07-04 14:37:35.065 26162 26162 I zygote64:   at void android.os.Handler.dispatchMessage(android.os.Message) (Handler.java:106)
07-04 14:37:35.065 26162 26162 I zygote64:   at void android.os.Looper.loop() (Looper.java:164)
07-04 14:37:35.065 26162 26162 I zygote64:   at void android.app.ActivityThread.main(java.lang.String[]) (ActivityThread.java:6494)
07-04 14:37:35.065 26162 26162 I zygote64:   at java.lang.Object java.lang.reflect.Method.invoke(java.lang.Object, java.lang.Object[]) (Method.java:-2)
07-04 14:37:35.065 26162 26162 I zygote64:   at void com.android.internal.os.RuntimeInit$MethodAndArgsCaller.run() (RuntimeInit.java:438)
07-04 14:37:35.065 26162 26162 I zygote64:   at void com.android.internal.os.ZygoteInit.main(java.lang.String[]) (ZygoteInit.java:807)
07-04 14:37:35.065 26162 26162 I zygote64: Caused by: java.lang.ClassNotFoundException: Didn't find class "android.view.View$OnUnhandledKeyEventListener" on path: DexPathList[[zip file "/data/app/e.www.magneticfieldtest-HlGI6i7TRkenoUAv27NMbw==/base.apk"],nativeLibraryDirectories=[/data/app/e.www.magneticfieldtest-HlGI6i7TRkenoUAv27NMbw==/lib/arm64, /system/lib64, /vendor/lib64]]
07-04 14:37:35.065 26162 26162 I zygote64:   at java.lang.Class dalvik.system.BaseDexClassLoader.findClass(java.lang.String) (BaseDexClassLoader.java:125)
07-04 14:37:35.065 26162 26162 I zygote64:   at java.lang.Class java.lang.ClassLoader.loadClass(java.lang.String, boolean) (ClassLoader.java:379)
07-04 14:37:35.065 26162 26162 I zygote64:   at java.lang.Class java.lang.ClassLoader.loadClass(java.lang.String) (ClassLoader.java:312)
07-04 14:37:35.065 26162 26162 I zygote64:   at void androidx.core.view.ViewCompat.setOnApplyWindowInsetsListener(android.view.View, androidx.core.view.OnApplyWindowInsetsListener) (ViewCompat.java:2436)
07-04 14:37:35.065 26162 26162 I zygote64:   at android.view.ViewGroup androidx.appcompat.app.AppCompatDelegateImpl.createSubDecor() (AppCompatDelegateImpl.java:779)
07-04 14:37:35.065 26162 26162 I zygote64:   at void androidx.appcompat.app.AppCompatDelegateImpl.ensureSubDecor() (AppCompatDelegateImpl.java:659)
07-04 14:37:35.065 26162 26162 I zygote64:   at void androidx.appcompat.app.AppCompatDelegateImpl.setContentView(int) (AppCompatDelegateImpl.java:552)
07-04 14:37:35.065 26162 26162 I zygote64:   at void androidx.appcompat.app.AppCompatActivity.setContentView(int) (AppCompatActivity.java:161)
07-04 14:37:35.065 26162 26162 I zygote64:   at void e.www.magneticfieldtest.MainActivity.onCreate(android.os.Bundle) (MainActivity.kt:13)
07-04 14:37:35.065 26162 26162 I zygote64:   at void android.app.Activity.performCreate(android.os.Bundle, android.os.PersistableBundle) (Activity.java:7009)
07-04 14:37:35.065 26162 26162 I zygote64:   at void android.app.Activity.performCreate(android.os.Bundle) (Activity.java:7000)
07-04 14:37:35.065 26162 26162 I zygote64:   at void android.app.Instrumentation.callActivityOnCreate(android.app.Activity, android.os.Bundle) (Instrumentation.java:1214)
07-04 14:37:35.065 26162 26162 I zygote64:   at android.app.Activity android.app.ActivityThread.performLaunchActivity(android.app.ActivityThread$ActivityClientRecord, android.content.Intent) (ActivityThread.java:2731)
07-04 14:37:35.065 26162 26162 I zygote64:   at void android.app.ActivityThread.handleLaunchActivity(android.app.ActivityThread$ActivityClientRecord, android.content.Intent, java.lang.String) (ActivityThread.java:2856)
07-04 14:37:35.065 26162 26162 I zygote64:   at void android.app.ActivityThread.-wrap11(android.app.ActivityThread, android.app.ActivityThread$ActivityClientRecord, android.content.Intent, java.lang.String) (ActivityThread.java:-1)
07-04 14:37:35.065 26162 26162 I zygote64:   at void android.app.ActivityThread$H.handleMessage(android.os.Message) (ActivityThread.java:1589)
07-04 14:37:35.065 26162 26162 I zygote64:   at void android.os.Handler.dispatchMessage(android.os.Message) (Handler.java:106)
07-04 14:37:35.065 26162 26162 I zygote64:   at void android.os.Looper.loop() (Looper.java:164)
07-04 14:37:35.065 26162 26162 I zygote64:   at void android.app.ActivityThread.main(java.lang.String[]) (ActivityThread.java:6494)
07-04 14:37:35.065 26162 26162 I zygote64:   at java.lang.Object java.lang.reflect.Method.invoke(java.lang.Object, java.lang.Object[]) (Method.java:-2)
07-04 14:37:35.065 26162 26162 I zygote64:   at void com.android.internal.os.RuntimeInit$MethodAndArgsCaller.run() (RuntimeInit.java:438)
07-04 14:37:35.065 26162 26162 I zygote64:   at void com.android.internal.os.ZygoteInit.main(java.lang.String[]) (ZygoteInit.java:807)
07-04 14:37:35.065 26162 26162 I zygote64: 
07-04 14:37:35.134 26162 26178 D OpenGLRenderer: HWUI GL Pipeline
07-04 14:37:35.179 26162 26178 I Adreno  : QUALCOMM build                   : 8e59954, I0be83d0d26
07-04 14:37:35.179 26162 26178 I Adreno  : Build Date                       : 09/22/17
07-04 14:37:35.179 26162 26178 I Adreno  : OpenGL ES Shader Compiler Version: EV031.21.02.00
07-04 14:37:35.179 26162 26178 I Adreno  : Local Branch                     : O17A
07-04 14:37:35.179 26162 26178 I Adreno  : Remote Branch                    : 
07-04 14:37:35.179 26162 26178 I Adreno  : Remote Branch                    : 
07-04 14:37:35.179 26162 26178 I Adreno  : Reconstruct Branch               : 
07-04 14:37:35.180 26162 26178 D vndksupport: Loading /vendor/lib64/hw/gralloc.msm8992.so from current namespace instead of sphal namespace.
07-04 14:37:35.198  1237  1237 I GoogleInputMethodService: GoogleInputMethodService.onFinishInput():3306 
07-04 14:37:35.199  1237  1237 I GoogleInputMethodService: GoogleInputMethodService.updateDeviceLockedStatus():2127 repeatCheckTimes = 0, locked = false
07-04 14:37:35.200 26162 26178 I Adreno  : PFP: 0x00000000, ME: 0x00000000
07-04 14:37:35.200  1237  1237 I GoogleInputMethodService: GoogleInputMethodService.onStartInput():1909 onStartInput(EditorInfo{inputType=0x0(NULL) imeOptions=0x0 privateImeOptions=null actionName=UNSPECIFIED actionLabel=null actionId=0 initialSelStart=-1 initialSelEnd=-1 initialCapsMode=0x0 hintText=null label=null packageName=e.www.magneticfieldtest fieldId=-1 fieldName=null extras=null hintLocales=[]}, false)
07-04 14:37:35.200  1237  1237 I GoogleInputMethodService: GoogleInputMethodService.shouldHideHeaderOnInitialState():1990 ShouldHideHeaderOnInitialState = false
07-04 14:37:35.201  1237  1237 I GoogleInputMethodService: GoogleInputMethodService.updateDeviceLockedStatus():2127 repeatCheckTimes = 1, locked = false
07-04 14:37:35.206   362   362 W /system/bin/hwservicemanager: getTransport: Cannot find entry android.hardware.configstore@1.0::ISurfaceFlingerConfigs/default in either framework or device manifest.
07-04 14:37:35.209 26162 26178 I zygote64: android::hardware::configstore::V1_0::ISurfaceFlingerConfigs::hasWideColorDisplay retrieved: 0
07-04 14:37:35.210 26162 26178 I OpenGLRenderer: Initialized EGL, version 1.4
07-04 14:37:35.211 26162 26178 D OpenGLRenderer: Swap behavior 2
07-04 14:37:35.234   362   362 W /system/bin/hwservicemanager: getTransport: Cannot find entry android.hardware.graphics.mapper@2.0::IMapper/default in either framework or device manifest.
07-04 14:37:35.236 26162 26178 D vndksupport: Loading /vendor/lib64/hw/android.hardware.graphics.mapper@2.0-impl.so from current namespace instead of sphal namespace.
07-04 14:37:35.237 26162 26178 D vndksupport: Loading /vendor/lib64/hw/gralloc.msm8992.so from current namespace instead of sphal namespace.
07-04 14:37:35.263   765   788 I ActivityManager: Displayed e.www.magneticfieldtest/.MainActivity: +428ms (total +1s207ms)
07-04 14:37:35.676  3121  3121 I A       : GEL#onSaveInstanceState
07-04 14:37:35.958   765 10091 I OpenGLRenderer: Initialized EGL, version 1.4
07-04 14:37:35.958   765 10091 D OpenGLRenderer: Swap behavior 2
07-04 14:37:36.567 26131 26131 I BatteryMgr:DataCollectionService: onStartCommand: begin
07-04 14:37:36.568 26131 26131 I BatteryMgr:DataCollectionService: onStartCommand: sampleRate => 100
07-04 14:37:36.568 26131 26131 I BatteryMgr:DataCollectionService: onStartCommand: rawFields => Timestamp,BATTERY_PROPERTY_CURRENT_NOW,EXTRA_VOLTAGE
07-04 14:37:36.571 26131 26131 I BatteryMgr:DataCollectionService: onStartCommand: notification done
07-04 14:37:36.575 26131 26131 I BatteryMgr:DataCollectionService: started foreground
07-04 14:37:36.578   765   779 E NotificationService: Suppressing notification from package by user request.
07-04 14:37:36.592 26131 26201 I BatteryMgr:DataCollectionService: collectData: begin
07-04 14:37:36.597 26131 26201 I BatteryMgr:DataCollectionService: stats => 1688495856597,-94298,4218
07-04 14:37:36.703 26131 26201 I BatteryMgr:DataCollectionService: stats => 1688495856703,-94298,4218
07-04 14:37:36.809 26131 26201 I BatteryMgr:DataCollectionService: stats => 1688495856809,-94298,4218
07-04 14:37:36.923 26131 26201 I BatteryMgr:DataCollectionService: stats => 1688495856923,-94298,4218
07-04 14:37:37.039 26131 26201 I BatteryMgr:DataCollectionService: stats => 1688495857039,-94298,4218
07-04 14:37:37.160 26131 26201 I BatteryMgr:DataCollectionService: stats => 1688495857160,-94298,4218
07-04 14:37:37.280 26131 26201 I BatteryMgr:DataCollectionService: stats => 1688495857279,-94298,4218
07-04 14:37:37.397 26131 26201 I BatteryMgr:DataCollectionService: stats => 1688495857397,-94298,4218
07-04 14:37:37.517 26131 26201 I BatteryMgr:DataCollectionService: stats => 1688495857516,-94298,4218
07-04 14:37:37.634 26131 26201 I BatteryMgr:DataCollectionService: stats => 1688495857634,-94298,4218
07-04 14:37:37.747 26131 26201 I BatteryMgr:DataCollectionService: stats => 1688495857746,-94298,4218
07-04 14:37:37.865 26131 26201 I BatteryMgr:DataCollectionService: stats => 1688495857864,-94298,4218
07-04 14:37:37.981 26131 26201 I BatteryMgr:DataCollectionService: stats => 1688495857980,-94298,4218
07-04 14:37:38.101 26131 26201 I BatteryMgr:DataCollectionService: stats => 1688495858100,-94298,4218
07-04 14:37:38.218 26131 26201 I BatteryMgr:DataCollectionService: stats => 1688495858218,-94298,4218
07-04 14:37:38.337 26131 26201 I BatteryMgr:DataCollectionService: stats => 1688495858337,-94298,4218
07-04 14:37:38.455 26131 26201 I BatteryMgr:DataCollectionService: stats => 1688495858455,-94298,4218
07-04 14:37:38.574 26131 26201 I BatteryMgr:DataCollectionService: stats => 1688495858573,-94298,4218
07-04 14:37:38.694 26131 26201 I BatteryMgr:DataCollectionService: stats => 1688495858694,-94298,4218
07-04 14:37:38.808 26131 26201 I BatteryMgr:DataCollectionService: stats => 1688495858806,-94298,4218
07-04 14:37:38.926 26131 26201 I BatteryMgr:DataCollectionService: stats => 1688495858925,-94298,4218
07-04 14:37:39.042 26131 26201 I BatteryMgr:DataCollectionService: stats => 1688495859042,-94298,4218
07-04 14:37:39.160 26131 26201 I BatteryMgr:DataCollectionService: stats => 1688495859160,-94298,4218
07-04 14:37:39.281 26131 26201 I BatteryMgr:DataCollectionService: stats => 1688495859280,-94298,4218
07-04 14:37:39.402 26131 26201 I BatteryMgr:DataCollectionService: stats => 1688495859402,-94298,4218
07-04 14:37:39.519 26131 26201 I BatteryMgr:DataCollectionService: stats => 1688495859519,-94298,4218
07-04 14:37:39.635 26131 26201 I BatteryMgr:DataCollectionService: stats => 1688495859635,-94298,4218
07-04 14:37:39.638 26131 26209 D ProfileInstaller: Installing profile for com.example.batterymanager_utility
07-04 14:37:39.755 26131 26201 I BatteryMgr:DataCollectionService: stats => 1688495859754,-94298,4218
07-04 14:37:39.873 26131 26201 I BatteryMgr:DataCollectionService: stats => 1688495859873,-94298,4218
07-04 14:37:39.991 26131 26201 I BatteryMgr:DataCollectionService: stats => 1688495859991,-94298,4218
07-04 14:37:40.109 26131 26201 I BatteryMgr:DataCollectionService: stats => 1688495860109,-94298,4218
07-04 14:37:40.227 26131 26201 I BatteryMgr:DataCollectionService: stats => 1688495860226,-94298,4218
07-04 14:37:40.344 26131 26201 I BatteryMgr:DataCollectionService: stats => 1688495860343,-94298,4218
07-04 14:37:40.461 26131 26201 I BatteryMgr:DataCollectionService: stats => 1688495860461,-94298,4218
07-04 14:37:40.577 26131 26201 I BatteryMgr:DataCollectionService: stats => 1688495860577,-94298,4218
07-04 14:37:40.696 26131 26201 I BatteryMgr:DataCollectionService: stats => 1688495860696,-94298,4218
07-04 14:37:40.803 26131 26201 I BatteryMgr:DataCollectionService: stats => 1688495860803,-94298,4218
07-04 14:37:40.909 26131 26201 I BatteryMgr:DataCollectionService: stats => 1688495860908,-94298,4218
07-04 14:37:41.014 26131 26201 I BatteryMgr:DataCollectionService: stats => 1688495861014,-94298,4218
07-04 14:37:41.096 21097 21133 I Finsky  : [2133] nkp.run(22): Stats for Executor: BlockingExecutor nqc@f72fe8f[Running, pool size = 0, active threads = 0, queued tasks = 0, completed tasks = 24]
07-04 14:37:41.110 21097 21133 I Finsky  : [2133] nkp.run(22): Stats for Executor: LightweightExecutor nqc@f20251c[Running, pool size = 4, active threads = 0, queued tasks = 0, completed tasks = 198]
07-04 14:37:41.120 26131 26201 I BatteryMgr:DataCollectionService: stats => 1688495861120,-94298,4218
07-04 14:37:41.227 26131 26201 I BatteryMgr:DataCollectionService: stats => 1688495861227,-94298,4218
07-04 14:37:41.343 26131 26201 I BatteryMgr:DataCollectionService: stats => 1688495861342,-94298,4218
07-04 14:37:41.447 21097 21133 I Finsky  : [2133] nkp.run(22): Stats for Executor: bgExecutor nqc@ba68525[Running, pool size = 4, active threads = 0, queued tasks = 0, completed tasks = 593]
07-04 14:37:41.462 26131 26201 I BatteryMgr:DataCollectionService: stats => 1688495861462,-94298,4218
07-04 14:37:41.582 26131 26201 I BatteryMgr:DataCollectionService: stats => 1688495861582,-94298,4218
07-04 14:37:41.702 26131 26201 I BatteryMgr:DataCollectionService: stats => 1688495861702,-94298,4218
07-04 14:37:41.820 26131 26201 I BatteryMgr:DataCollectionService: stats => 1688495861820,-94298,4218
07-04 14:37:41.927 26131 26201 I BatteryMgr:DataCollectionService: stats => 1688495861927,-94298,4218
07-04 14:37:41.988 26210 26210 W Thread-1097: type=1400 audit(0.0:390): avc: denied { read } for name="mem" dev="debugfs" ino=102759 scontext=u:r:priv_app:s0:c512,c768 tcontext=u:object_r:debugfs:s0 tclass=file permissive=0
07-04 14:37:41.988 26210 26210 W Thread-1097: type=1400 audit(0.0:391): avc: denied { read } for name="mem" dev="debugfs" ino=102759 scontext=u:r:priv_app:s0:c512,c768 tcontext=u:object_r:debugfs:s0 tclass=file permissive=0
07-04 14:37:42.043 26131 26201 I BatteryMgr:DataCollectionService: stats => 1688495862042,-94298,4218
07-04 14:37:42.161 26131 26201 I BatteryMgr:DataCollectionService: stats => 1688495862160,-94298,4218
07-04 14:37:42.277 26131 26201 I BatteryMgr:DataCollectionService: stats => 1688495862276,-94298,4218
07-04 14:37:42.389 26131 26201 I BatteryMgr:DataCollectionService: stats => 1688495862388,-94298,4218
07-04 14:37:42.504 26131 26201 I BatteryMgr:DataCollectionService: stats => 1688495862503,-94298,4218
07-04 14:37:42.620 26131 26201 I BatteryMgr:DataCollectionService: stats => 1688495862619,-94298,4218
07-04 14:37:42.739 26131 26201 I BatteryMgr:DataCollectionService: stats => 1688495862739,-94298,4218
07-04 14:37:42.859 26131 26201 I BatteryMgr:DataCollectionService: stats => 1688495862858,-94298,4218
07-04 14:37:42.976 26131 26201 I BatteryMgr:DataCollectionService: stats => 1688495862975,-94298,4218
07-04 14:37:43.093 26131 26201 I BatteryMgr:DataCollectionService: stats => 1688495863092,-94298,4218
07-04 14:37:43.209 26131 26201 I BatteryMgr:DataCollectionService: stats => 1688495863209,-94298,4218
07-04 14:37:43.329 26131 26201 I BatteryMgr:DataCollectionService: stats => 1688495863328,-94298,4218
07-04 14:37:43.449 21310 21333 I Finsky:background: [2137] nkp.run(22): Stats for Executor: bgExecutor nqc@bcf474f[Running, pool size = 1, active threads = 0, queued tasks = 0, completed tasks = 1]
07-04 14:37:43.449 26131 26201 I BatteryMgr:DataCollectionService: stats => 1688495863449,-94298,4218
07-04 14:37:43.549 21310 21333 I Finsky:background: [2137] nkp.run(22): Stats for Executor: LightweightExecutor nqc@5159edc[Running, pool size = 0, active threads = 0, queued tasks = 0, completed tasks = 0]
07-04 14:37:43.568 26131 26201 I BatteryMgr:DataCollectionService: stats => 1688495863568,-94298,4218
07-04 14:37:43.687 26131 26201 I BatteryMgr:DataCollectionService: stats => 1688495863686,-94298,4218
07-04 14:37:43.792 21310 21333 I Finsky:background: [2137] nkp.run(22): Stats for Executor: BlockingExecutor nqc@ac3dbe5[Running, pool size = 0, active threads = 0, queued tasks = 0, completed tasks = 0]
07-04 14:37:43.804 26131 26201 I BatteryMgr:DataCollectionService: stats => 1688495863803,-94298,4218
07-04 14:37:43.922 26131 26201 I BatteryMgr:DataCollectionService: stats => 1688495863922,-94298,4218
07-04 14:37:44.039 26131 26201 I BatteryMgr:DataCollectionService: stats => 1688495864038,-94298,4218
07-04 14:37:44.150 26131 26201 I BatteryMgr:DataCollectionService: stats => 1688495864150,-94298,4218
07-04 14:37:44.265 26131 26201 I BatteryMgr:DataCollectionService: stats => 1688495864262,-94298,4218
07-04 14:37:44.381 26131 26201 I BatteryMgr:DataCollectionService: stats => 1688495864381,-94298,4218
07-04 14:37:44.495 26131 26201 I BatteryMgr:DataCollectionService: stats => 1688495864494,-94298,4218
07-04 14:37:44.619 26131 26201 I BatteryMgr:DataCollectionService: stats => 1688495864617,-94298,4218
07-04 14:37:44.734 26131 26201 I BatteryMgr:DataCollectionService: stats => 1688495864734,-94298,4218
07-04 14:37:44.858 26131 26201 I BatteryMgr:DataCollectionService: stats => 1688495864856,-94298,4218
07-04 14:37:44.977 26131 26201 I BatteryMgr:DataCollectionService: stats => 1688495864976,-94298,4218
07-04 14:37:45.093 26131 26201 I BatteryMgr:DataCollectionService: stats => 1688495865093,-94298,4218
07-04 14:37:45.209 26131 26201 I BatteryMgr:DataCollectionService: stats => 1688495865208,-94298,4218
07-04 14:37:45.325 26131 26201 I BatteryMgr:DataCollectionService: stats => 1688495865325,-94298,4218
07-04 14:37:45.443 26131 26201 I BatteryMgr:DataCollectionService: stats => 1688495865442,-94298,4218
07-04 14:37:45.562 26131 26201 I BatteryMgr:DataCollectionService: stats => 1688495865561,-94298,4218
07-04 14:37:45.681 26131 26201 I BatteryMgr:DataCollectionService: stats => 1688495865680,-94298,4218
07-04 14:37:45.797 26131 26201 I BatteryMgr:DataCollectionService: stats => 1688495865797,-94298,4218
07-04 14:37:45.915 26131 26201 I BatteryMgr:DataCollectionService: stats => 1688495865914,-143279,4218
07-04 14:37:46.033 26131 26201 I BatteryMgr:DataCollectionService: stats => 1688495866032,-143279,4218
07-04 14:37:46.151 26131 26201 I BatteryMgr:DataCollectionService: stats => 1688495866151,-143279,4218
07-04 14:37:46.269 26131 26201 I BatteryMgr:DataCollectionService: stats => 1688495866269,-143279,4218
07-04 14:37:46.397 26131 26201 I BatteryMgr:DataCollectionService: stats => 1688495866396,-143279,4218
07-04 14:37:46.511 26131 26201 I BatteryMgr:DataCollectionService: stats => 1688495866510,-143279,4218
07-04 14:37:46.627 26131 26201 I BatteryMgr:DataCollectionService: stats => 1688495866626,-143279,4218
07-04 14:37:46.748 26131 26201 I BatteryMgr:DataCollectionService: stats => 1688495866747,-143279,4218
07-04 14:37:46.867 26131 26201 I BatteryMgr:DataCollectionService: stats => 1688495866867,-143279,4218
07-04 14:37:46.984 26131 26201 I BatteryMgr:DataCollectionService: stats => 1688495866984,-143279,4218
07-04 14:37:47.102 26131 26201 I BatteryMgr:DataCollectionService: stats => 1688495867102,-143279,4218
07-04 14:37:47.218 26131 26201 I BatteryMgr:DataCollectionService: stats => 1688495867218,-143279,4218
07-04 14:37:47.338 26131 26201 I BatteryMgr:DataCollectionService: stats => 1688495867337,-143279,4218
07-04 14:37:47.453 26131 26201 I BatteryMgr:DataCollectionService: stats => 1688495867452,-143279,4218
07-04 14:37:47.568 26131 26201 I BatteryMgr:DataCollectionService: stats => 1688495867568,-143279,4218
07-04 14:37:47.687 26131 26201 I BatteryMgr:DataCollectionService: stats => 1688495867687,-143279,4218
07-04 14:37:47.807 26131 26201 I BatteryMgr:DataCollectionService: stats => 1688495867806,-143279,4218
07-04 14:37:47.925 26131 26201 I BatteryMgr:DataCollectionService: stats => 1688495867924,-143279,4218
07-04 14:37:48.043 26131 26201 I BatteryMgr:DataCollectionService: stats => 1688495868043,-143279,4218
07-04 14:37:48.160 26131 26201 I BatteryMgr:DataCollectionService: stats => 1688495868160,-143279,4218
07-04 14:37:48.279 26131 26201 I BatteryMgr:DataCollectionService: stats => 1688495868278,-143279,4218
07-04 14:37:48.396 26131 26201 I BatteryMgr:DataCollectionService: stats => 1688495868396,-143279,4218
07-04 14:37:48.511 26131 26201 I BatteryMgr:DataCollectionService: stats => 1688495868510,-143279,4218
07-04 14:37:48.625 26131 26201 I BatteryMgr:DataCollectionService: stats => 1688495868625,-143279,4218
07-04 14:37:48.740 26131 26201 I BatteryMgr:DataCollectionService: stats => 1688495868740,-143279,4218
07-04 14:37:48.857 26131 26201 I BatteryMgr:DataCollectionService: stats => 1688495868857,-143279,4218
07-04 14:37:48.976 26131 26201 I BatteryMgr:DataCollectionService: stats => 1688495868975,-143279,4218
07-04 14:37:49.094 26131 26201 I BatteryMgr:DataCollectionService: stats => 1688495869093,-143279,4218
07-04 14:37:49.209 26131 26201 I BatteryMgr:DataCollectionService: stats => 1688495869208,-143279,4218
07-04 14:37:49.325 26131 26201 I BatteryMgr:DataCollectionService: stats => 1688495869324,-143279,4218
07-04 14:37:49.444 26131 26201 I BatteryMgr:DataCollectionService: stats => 1688495869444,-143279,4218
07-04 14:37:49.562 26131 26201 I BatteryMgr:DataCollectionService: stats => 1688495869561,-143279,4218
07-04 14:37:49.676 26131 26201 I BatteryMgr:DataCollectionService: stats => 1688495869676,-143279,4218
07-04 14:37:49.793 26131 26201 I BatteryMgr:DataCollectionService: stats => 1688495869793,-143279,4218
07-04 14:37:49.910 26131 26201 I BatteryMgr:DataCollectionService: stats => 1688495869910,-143279,4218
07-04 14:37:50.029 26131 26201 I BatteryMgr:DataCollectionService: stats => 1688495870028,-143279,4218
07-04 14:37:50.146 26131 26201 I BatteryMgr:DataCollectionService: stats => 1688495870145,-143279,4218
07-04 14:37:50.262 26131 26201 I BatteryMgr:DataCollectionService: stats => 1688495870262,-143279,4218
07-04 14:37:50.378 26131 26201 I BatteryMgr:DataCollectionService: stats => 1688495870378,-143279,4218
07-04 14:37:50.494 26131 26201 I BatteryMgr:DataCollectionService: stats => 1688495870494,-143279,4218
07-04 14:37:50.611 26131 26201 I BatteryMgr:DataCollectionService: stats => 1688495870611,-143279,4218
07-04 14:37:50.731 26131 26201 I BatteryMgr:DataCollectionService: stats => 1688495870730,-143279,4218
07-04 14:37:50.745  8517  8517 D BoundBrokerSvc: onUnbind: Intent { act=com.google.android.gms.inappreach.service.START dat=chimera-action: cmp=com.google.android.gms/.chimera.GmsApiService }
07-04 14:37:50.841 26131 26201 I BatteryMgr:DataCollectionService: stats => 1688495870841,-143279,4218
07-04 14:37:50.957 26131 26201 I BatteryMgr:DataCollectionService: stats => 1688495870957,-143279,4218
07-04 14:37:51.073 26131 26201 I BatteryMgr:DataCollectionService: stats => 1688495871072,-143279,4218
07-04 14:37:51.190 26131 26201 I BatteryMgr:DataCollectionService: stats => 1688495871190,-143279,4218
07-04 14:37:51.307 26131 26201 I BatteryMgr:DataCollectionService: stats => 1688495871306,-143279,4218
07-04 14:37:51.422 26131 26201 I BatteryMgr:DataCollectionService: stats => 1688495871421,-143279,4218
07-04 14:37:51.537 26131 26201 I BatteryMgr:DataCollectionService: stats => 1688495871536,-143279,4218
07-04 14:37:51.652 26131 26201 I BatteryMgr:DataCollectionService: stats => 1688495871652,-143279,4218
07-04 14:37:51.769 26131 26201 I BatteryMgr:DataCollectionService: stats => 1688495871768,-143279,4218
07-04 14:37:51.886 26131 26201 I BatteryMgr:DataCollectionService: stats => 1688495871886,-143279,4218
07-04 14:37:52.005 26131 26201 I BatteryMgr:DataCollectionService: stats => 1688495872005,-143279,4218
07-04 14:37:52.123 26131 26201 I BatteryMgr:DataCollectionService: stats => 1688495872122,-143279,4218
07-04 14:37:52.239 26131 26201 I BatteryMgr:DataCollectionService: stats => 1688495872239,-143279,4218
07-04 14:37:52.358 26131 26201 I BatteryMgr:DataCollectionService: stats => 1688495872357,-143279,4218
07-04 14:37:52.476 26131 26201 I BatteryMgr:DataCollectionService: stats => 1688495872476,-143279,4218
07-04 14:37:52.594 26131 26201 I BatteryMgr:DataCollectionService: stats => 1688495872594,-143279,4218
07-04 14:37:52.713 26131 26201 I BatteryMgr:DataCollectionService: stats => 1688495872713,-143279,4218
07-04 14:37:52.830 26131 26201 I BatteryMgr:DataCollectionService: stats => 1688495872830,-143279,4218
07-04 14:37:52.947 26131 26201 I BatteryMgr:DataCollectionService: stats => 1688495872947,-143279,4218
07-04 14:37:53.061 26131 26201 I BatteryMgr:DataCollectionService: stats => 1688495873061,-143279,4218
07-04 14:37:53.178 26131 26201 I BatteryMgr:DataCollectionService: stats => 1688495873178,-143279,4218
07-04 14:37:53.297 26131 26201 I BatteryMgr:DataCollectionService: stats => 1688495873296,-143279,4218
07-04 14:37:53.419 26131 26201 I BatteryMgr:DataCollectionService: stats => 1688495873418,-143279,4218
07-04 14:37:53.532 26131 26201 I BatteryMgr:DataCollectionService: stats => 1688495873532,-143279,4218
07-04 14:37:53.649 26131 26201 I BatteryMgr:DataCollectionService: stats => 1688495873649,-143279,4218
07-04 14:37:53.766 26131 26201 I BatteryMgr:DataCollectionService: stats => 1688495873765,-143279,4218
07-04 14:37:53.888 26131 26201 I BatteryMgr:DataCollectionService: stats => 1688495873888,-143279,4218
