07-04 09:48:32.573 13517 13517 E adbd    : service_to_fd: shell,v2,TERM=screen,raw:am force-stop e.www.cpufactorialtest
07-04 09:48:32.648  3958 12786 I ActivityManager: Force stopping e.www.cpufactorialtest appid=10164 user=0: from pid 14404
07-04 09:48:32.648  3958 12786 I ActivityManager: Killing 14309:e.www.cpufactorialtest/u0a164 (adj 0): stop e.www.cpufactorialtest,from pid 14404
07-04 09:48:32.650  3958 12786 W ActivityManager: Force removing ActivityRecord{a21ff6d u0 e.www.cpufactorialtest/.MainActivity t28}: app died, no saved state
07-04 09:48:32.656  3958 12786 D InputDispatcher: Focus left window: 14309
07-04 09:48:32.658  3958 12786 I WindowManager: Failed to capture screenshot of Token{79b27a2 ActivityRecord{a21ff6d u0 e.www.cpufactorialtest/.MainActivity t28 f}} appWin=Window{4a61f4c u0 e.www.cpufactorialtest/e.www.cpufactorialtest.MainActivity} drawState=4
07-04 09:48:32.659  3958 12786 I WindowManager: Destroying surface Surface(name=e.www.cpufactorialtest/e.www.cpufactorialtest.MainActivity) called by com.android.server.wm.WindowStateAnimator.destroySurface:2501 com.android.server.wm.WindowStateAnimator.destroySurfaceLocked:985 com.android.server.wm.WindowState.removeImmediately:2403 com.android.server.wm.WindowState.removeIfPossible:2602 com.android.server.wm.WindowState.removeIfPossible:2432 com.android.server.wm.WindowToken.removeAllWindowsIfPossible:143 com.android.server.wm.AppWindowToken.removeIfPossible:606 com.android.server.wm.AppWindowToken.onRemovedFromDisplay:674 
07-04 09:48:32.659  3448  5203 I SurfaceFlinger: id=100 Removed e.www.cpufactorialtest/e.www.cpufactorialtest.MainActivity#0 (3/4)
07-04 09:48:32.660  3448  5203 I SurfaceFlinger: id=100 Removed e.www.cpufactorialtest/e.www.cpufactorialtest.MainActivity#0 (-2/4)
07-04 09:48:32.664  3958 12786 D InputDispatcher: Focused application released
07-04 09:48:32.667  3958 12786 D CustomFrequencyManagerService: acquireDVFSLockLocked : type : DVFS_MIN_LIMIT  frequency : 1560000  uid : 1000  pid : 3958  pkgName : AMS_ACT_RESUME@CPU_MIN@83
07-04 09:48:32.669  3448  3448 I Layer   : id=100 onRemoved e.www.cpufactorialtest/e.www.cpufactorialtest.MainActivity#0 
07-04 09:48:32.670  3958 12786 D ActivityManagerPerformance: AMP_acquire() ACT_RESUME
07-04 09:48:32.671  3958 12786 D ActivityManager: isScaleDownAnimationEnabled() : false
07-04 09:48:32.671  3958 12786 D PersonaManagerService: Current focused persona service handled id set to : 0
07-04 09:48:32.672  3958 12786 D InputDispatcher: Focused application set to: xxxx
07-04 09:48:32.673  3448  3448 I SurfaceFlinger: Display 0 HWC layers:
07-04 09:48:32.673  3448  3448 I SurfaceFlinger:     type    |    handle    | flag |  format   |   source crop (l,t,r,b)    |         frame       | name 
07-04 09:48:32.673  3448  3448 I SurfaceFlinger: ------------+--------------+------+-----------+----------------------------+---------------------+------
07-04 09:48:32.673  3448  3448 I SurfaceFlinger:      Device | 0x7e4da25100 | 0000 | RGBA_8888 |   0.0    0.0  720.0   42.0 |    0    0  720   42 | StatusBar#0
07-04 09:48:32.673  3448  3448 I SurfaceFlinger: 
07-04 09:48:32.675  3958 12786 D MARsPolicyManager: onPackageResumedFG pkgName = com.example.batterymanager_utility, userId = 0
07-04 09:48:32.675  3958  4218 D GameManagerService: handleForegroundChange(). pkgName: com.example.batterymanager_utility, clsName: com.example.batterymanager_utility.MainActivity,FgActivityName:com.example.batterymanager_utility/.MainActivity
07-04 09:48:32.676  3958  4218 D GameManagerService: sem_perfomance_mode: 3
07-04 09:48:32.676  3958  4218 D GameManagerService: notifyResumePause(). pkg: com.example.batterymanager_utility, type: 4, isMinimized: false, isTunableApp: false
07-04 09:48:32.676  3958  4218 D GameManagerService:   notifyResumePause(). unexpected mPrevNotiType: -1
07-04 09:48:32.686  3958  3958 D SamsungAlarmManager: Remove alarm for next reason : android.intent.action.PACKAGE_RESTARTED : package: e.www.cpufactorialtest
07-04 09:48:32.687  3958  3976 W BroadcastQueue: Background execution not allowed: receiving Intent { act=android.intent.action.PACKAGE_RESTARTED dat=package:e.www.cpufactorialtest flg=0x10 (has extras) } to android/com.kddi.android.CpaNotiReceiver
07-04 09:48:32.687  3958  3976 W BroadcastQueue: Background execution not allowed: receiving Intent { act=android.intent.action.PACKAGE_RESTARTED dat=package:e.www.cpufactorialtest flg=0x10 (has extras) } to com.sec.android.daemonapp/com.samsung.android.weather.daemon.receiver.ClearDataReceiver
07-04 09:48:32.688  4609  4609 D CarrierSvcBindHelper: No carrier app for: 0
07-04 09:48:32.689  4609  4609 D CarrierSvcBindHelper: No carrier app for: 1
07-04 09:48:32.690  3958 12786 V WindowManager: Relayout Window{21d4bf9 u0 com.example.batterymanager_utility/com.example.batterymanager_utility.MainActivity}: viewVisibility=4 req=720x1280 WM.LayoutParams{(0,0)(fillxfill) sim=#120 ty=1 fl=#81810100 pfl=0x20000 wanim=0x10302fd vsysui=0x600 needsMenuKey=2 colorMode=0 naviIconColor=0}
07-04 09:48:32.691  3958  6514 D GamePkgDataHelper: getGamePkgDataIncServer(). com.example.batterymanager_utility
07-04 09:48:32.691  3958  6514 D GamePkgDataHelper: getSosPolicy(). com.example.batterymanager_utility
07-04 09:48:32.692  3958  6514 D GameManagerService: identifyGamePackage. com.example.batterymanager_utility
07-04 09:48:32.692  3958  6514 D GamePkgDataHelper: getGamePkgData(). com.example.batterymanager_utility
07-04 09:48:32.692  3958  6514 D GameManagerService: identifyGamePackage. com.example.batterymanager_utility
07-04 09:48:32.693  3958  6514 D GamePkgDataHelper: getGamePkgData(). com.example.batterymanager_utility
07-04 09:48:32.694  3958  6514 D GameManagerService: identifyGamePackage. com.example.batterymanager_utility
07-04 09:48:32.694  3958  6514 D GamePkgDataHelper: getGamePkgData(). com.example.batterymanager_utility
07-04 09:48:32.696 14266 14266 D ViewRootImpl@941d19f[MainActivity]: Relayout returned: old=[0,0][720,1280] new=[0,0][720,1280] result=0x1 surface={valid=false 0} changed=false
07-04 09:48:32.697  3958  6514 D GameManagerService: identifyGamePackage. com.example.batterymanager_utility
07-04 09:48:32.697  3958  6514 D GamePkgDataHelper: getGamePkgData(). com.example.batterymanager_utility
07-04 09:48:32.701  3958 12786 D ActivityManager: post active user change for 0 fullscreen true isHomeActivity() false
07-04 09:48:32.704  3958 12786 V WindowManager: Relayout Window{21d4bf9 u0 com.example.batterymanager_utility/com.example.batterymanager_utility.MainActivity}: viewVisibility=0 req=720x1280 WM.LayoutParams{(0,0)(fillxfill) sim=#120 ty=1 fl=#81810100 pfl=0x20000 wanim=0x10302fd vsysui=0x600 needsMenuKey=2 colorMode=0 naviIconColor=0}
07-04 09:48:32.705  3448  3448 I SurfaceFlinger: id=101 createSurf (720x1280),1 flag=404, com.example.batterymanager_utility/com.example.batterymanager_utility.MainActivity#0
07-04 09:48:32.706  3958 12786 V Surface : sf_framedrop debug : 0x4f4c, game : false, logging : 0
07-04 09:48:32.706  3958  3977 D WindowManager: set systemUiVisibility : systemUiFlags= 0x608 fullscreenStackSysUiFlags= 0x0
07-04 09:48:32.708  3958 12786 D InputDispatcher: Focus entered window: 14266
07-04 09:48:32.709 14266 14266 V Surface : sf_framedrop debug : 0x4f4c, game : false, logging : 0
07-04 09:48:32.711 14266 14266 D ViewRootImpl@941d19f[MainActivity]: Relayout returned: old=[0,0][720,1280] new=[0,0][720,1280] result=0x7 surface={valid=true 501462216704} changed=true
07-04 09:48:32.715 14266 14285 D mali_winsys: EGLint new_window_surface(egl_winsys_display *, void *, EGLSurface, EGLConfig, egl_winsys_surface **, egl_color_buffer_format *, EGLBoolean) returns 0x3000,  [720x1280]-format:1
07-04 09:48:32.715 14266 14285 D OpenGLRenderer: eglCreateWindowSurface = 0x74b3707000
07-04 09:48:32.717 14266 14266 D ViewRootImpl@941d19f[MainActivity]: MSG_WINDOW_FOCUS_CHANGED 1
07-04 09:48:32.719 14266 14266 V InputMethodManager: Starting input: tba=android.view.inputmethod.EditorInfo@31242e nm : com.example.batterymanager_utility ic=null
07-04 09:48:32.719 14266 14266 I InputMethodManager: startInputInner - mService.startInputOrWindowGainedFocus
07-04 09:48:32.719  3958 12786 D InputMethodManagerService: startInputOrWindowGainedFocus : windowGainedFocus 
07-04 09:48:32.719  3958 12786 D InputMethodManagerService: windowGainedFocus: destinationUserId (getCallingUid) = 0
07-04 09:48:32.720  3958 12786 D InputMethodManagerService: windowGainedFocus: currentUserId=0
07-04 09:48:32.720  3958 12786 D InputMethodManagerService: windowGainedFocus: mCurrentFocusedUserId=0
07-04 09:48:32.720  3958 12786 D InputMethodManagerService: windowGainedFocus : lock - currentUserId = 0 destinationUserId = 0
07-04 09:48:32.720  3958 12786 D InputMethodManagerService: windowGainedFocus : mCurrentFocusedUserId - 0 and mSecureKeypadEnabled - false, userSwitched - false
07-04 09:48:32.720  3958 12786 V InputMethodManagerService: windowGainedFocus : reason=WINDOW_FOCUS_GAIN client=android.os.BinderProxy@d4aec43 inputContext=null missingMethods= attribute=android.view.inputmethod.EditorInfo@195f37c nm = com.example.batterymanager_utility controlFlags=#105 softInputMode=#120 windowFlags=#81810100
07-04 09:48:32.720  3958 12786 V InputMethodManagerService: hideCurrentInputLocked : shouldHideSoftInput is false
07-04 09:48:32.720  3958 12786 W InputMethodManagerService: Got RemoteException sending setActive(false) notification to pid 14309 uid 10164
07-04 09:48:32.720  3958 12786 D InputMethodManagerService: isImeSwitcherDisabledPackage : false
07-04 09:48:32.721  3958 12786 D InputMethodManagerService: setCurrentInputInfo - inputContext : null eidtorInfo : android.view.inputmethod.EditorInfo@195f37c missingMethods : 0
07-04 09:48:32.721  4340  4340 I InputMethodWrapper:  call dispatchStartInputWithToken
07-04 09:48:32.721  4340  4340 I InputMethodService: dispatchStartInputWithToken
07-04 09:48:32.722  4340  4340 I SKBD    : SamsungKeypad [IMI] onStartInput - caller pid : 14266, caller uid : 10168
07-04 09:48:32.741  3958  8621 V WindowManager: finishDrawingLocked: mDrawState=COMMIT_DRAW_PENDING Window{21d4bf9 u0 com.example.batterymanager_utility/com.example.batterymanager_utility.MainActivity} in Surface(name=com.example.batterymanager_utility/com.example.batterymanager_utility.MainActivity)
07-04 09:48:32.743  4340  4340 D InputEventReceiver: channel 'ClientState{eaa4aa uid 10164 pid 14309} (client)' ~ Disposing input event receiver.
07-04 09:48:32.743  3958  3985 W ActivityManager: setHasOverlayUi called on unknown pid: 14309
07-04 09:48:32.743  4340  4340 D InputEventReceiver: channel 'ClientState{eaa4aa uid 10164 pid 14309} (client)' ~NativeInputEventReceiver.
07-04 09:48:32.753  3448  3448 I SurfaceFlinger: id=102 createSurf (720x1280),-1 flag=20004, com.example.batterymanager_utility/com.example.batterymanager_utility.MainActivity_dim#0
07-04 09:48:32.761  4345  4711 D SystemServicesProxy: updateOverviewLastStackActiveTimeAsync: newTime=1688456446773
07-04 09:48:32.762  3958  5542 D SecContentProvider: query(), uri = 17 selection = isSettingsChangesAllowed
07-04 09:48:32.762  3958  5542 D SecContentProvider: called from android.uid.systemui:10009
07-04 09:48:32.763  4345  4547 D SystemServicesProxy: updateOverviewLastStackActiveTimeAsync: done.
07-04 09:48:32.765  3958  4645 D PackageManager: getComponentMetadataForIconTray : e.www.cpufactorialtest.MainActivity does not exist in mServices
07-04 09:48:32.765  3958  4645 D PackageManager: getComponentMetadataForIconTray : e.www.cpufactorialtest.MainActivity does not exist in mProviders
07-04 09:48:32.765  3958  4645 D PackageManager: getComponentMetadataForIconTray : e.www.cpufactorialtest.MainActivity does not exist in mReceivers
07-04 09:48:32.765  4345  4711 D ApplicationPackageManager: updateItemMetaDataForFixedIconScale: package: e.www.cpufactorialtest
07-04 09:48:32.765  3958  4645 D PackageManager: getSelectedMetaData : packageName(e.www.cpufactorialtest) or Metadata strings {[Ljava.lang.String;@5481426}
07-04 09:48:32.765  4345  4711 I ApplicationPackageManager: return adaptive icon for e.www.cpufactorialtest
07-04 09:48:32.773  3448  3448 I SurfaceFlinger: Display 0 HWC layers:
07-04 09:48:32.773  3448  3448 I SurfaceFlinger:     type    |    handle    | flag |  format   |   source crop (l,t,r,b)    |         frame       | name 
07-04 09:48:32.773  3448  3448 I SurfaceFlinger: ------------+--------------+------+-----------+----------------------------+---------------------+------
07-04 09:48:32.773  3448  3448 I SurfaceFlinger:      Client |              | 0000 |  Unknown  |  -0.2   -0.2   -0.8   -0.8 |    0    0  720 1280 | animation background stackId=1#0
07-04 09:48:32.773  3448  3448 I SurfaceFlinger:      Client | 0x7e5f824a80 | 0002 | RGBA_8888 |   0.0    0.0   31.0 1280.0 |  689    0  720 1280 | com.example.batterymanager_utility/c[...]atterymanager_utility.MainActivity#0
07-04 09:48:32.773  3448  3448 I SurfaceFlinger:      Device | 0x7e4da25100 | 0000 | RGBA_8888 |   0.0    0.0  720.0   42.0 |    0    0  720   42 | StatusBar#0
07-04 09:48:32.773  3448  3448 I SurfaceFlinger: 
07-04 09:48:32.789  3448  3448 I SurfaceFlinger: Display 0 HWC layers:
07-04 09:48:32.789  3448  3448 I SurfaceFlinger:     type    |    handle    | flag |  format   |   source crop (l,t,r,b)    |         frame       | name 
07-04 09:48:32.789  3448  3448 I SurfaceFlinger: ------------+--------------+------+-----------+----------------------------+---------------------+------
07-04 09:48:32.789  3448  3448 I SurfaceFlinger:      Client |              | 0000 |  Unknown  |   0.0    0.0   -1.0   -1.0 |    0    0  720 1280 | com.example.batterymanager_utility/c[...]rymanager_utility.MainActivity_dim#0
07-04 09:48:32.789  3448  3448 I SurfaceFlinger:      Client |              | 0000 |  Unknown  |  -0.2   -0.2   -0.8   -0.8 |    0    0  720 1280 | animation background stackId=1#0
07-04 09:48:32.789  3448  3448 I SurfaceFlinger:      Client | 0x7e5f824a80 | 0002 | RGBA_8888 |   0.0    0.0   67.0 1280.0 |  653    0  720 1280 | com.example.batterymanager_utility/c[...]atterymanager_utility.MainActivity#0
07-04 09:48:32.789  3448  3448 I SurfaceFlinger:      Device | 0x7e4da25100 | 0000 | RGBA_8888 |   0.0    0.0  720.0   42.0 |    0    0  720   42 | StatusBar#0
07-04 09:48:32.789  3448  3448 I SurfaceFlinger: 
07-04 09:48:32.821  3958  4066 D MdnieScenarioControlService:  packageName : com.example.batterymanager_utility    className : com.example.batterymanager_utility.MainActivity
07-04 09:48:32.821  3958  4066 V MdnieScenarioControlService: setUIMode from UI function(3)
07-04 09:48:33.139  3448  3448 I SurfaceFlinger: Display 0 HWC layers:
07-04 09:48:33.139  3448  3448 I SurfaceFlinger:     type    |    handle    | flag |  format   |   source crop (l,t,r,b)    |         frame       | name 
07-04 09:48:33.139  3448  3448 I SurfaceFlinger: ------------+--------------+------+-----------+----------------------------+---------------------+------
07-04 09:48:33.139  3448  3448 I SurfaceFlinger:      Device | 0x7e5f824a80 | 0002 | RGBA_8888 |   0.0    0.0  720.0 1280.0 |    0    0  720 1280 | com.example.batterymanager_utility/c[...]atterymanager_utility.MainActivity#0
07-04 09:48:33.139  3448  3448 I SurfaceFlinger:      Device | 0x7e4da25100 | 0000 | RGBA_8888 |   0.0    0.0  720.0   42.0 |    0    0  720   42 | StatusBar#0
07-04 09:48:33.139  3448  3448 I SurfaceFlinger: 
07-04 09:48:33.153  3958  4029 I WindowManager: Destroying surface Surface(name=com.example.batterymanager_utility/com.example.batterymanager_utility.MainActivity_dim) called by com.android.server.wm.WindowStateAnimator.destroyTransitionDimSurface:2733 com.android.server.wm.WindowState.onExitAnimationDone:5243 com.android.server.wm.AppWindowAnimator.stepAnimationLocked:508 com.android.server.wm.AppWindowToken.stepAppWindowsAnimation:1659 com.android.server.wm.WindowContainer.stepAppWindowsAnimation:521 com.android.server.wm.WindowContainer.stepAppWindowsAnimation:521 com.android.server.wm.TaskStack.stepAppWindowsAnimation:1948 com.android.server.wm.WindowContainer.stepAppWindowsAnimation:521 
07-04 09:48:33.154  3448  3488 I SurfaceFlinger: id=102 Removed com.example.batterymanager_utility/com.example.batterymanager_utility.MainActivity_dim#0 (1/5)
07-04 09:48:33.154  3448  3488 I SurfaceFlinger: id=102 Removed com.example.batterymanager_utility/com.example.batterymanager_utility.MainActivity_dim#0 (-2/5)
07-04 09:48:33.155  3958  3985 D CustomFrequencyManagerService: releaseDVFSLockLocked : Getting Lock type frm List : DVFS_MIN_LIMIT  frequency : 1560000  uid : 1000  pid : 3958  tag : AMS_ACT_RESUME@CPU_MIN@83
07-04 09:48:33.156  3958  3985 D ActivityManagerPerformance: AMP_release() ACT_RESUME
07-04 09:48:33.170  3448  3448 I Layer   : id=102 onRemoved com.example.batterymanager_utility/com.example.batterymanager_utility.MainActivity_dim#0 
07-04 09:48:34.654  3958  3958 D PreBindingService: handleMessage : 1
07-04 09:48:35.468  3437  3437 I android.hardware.wifi@1.0-service: getLinkLayerStats
07-04 09:48:35.773 13517 13517 E adbd    : recv: OPEN 00000174 00000000 003a:73 68 65 6C 6C 2C 76 32 2C 54 45 52 4D 3D 73 63 72 65 65 6E 2C 72 61 77 3A 67 65 74 70 72 6F 70 20 72 6F 2E 62 75 69 6C 64 2E 76 65 72 73 69 6F 6E 2E 72 65 6C 65 61 73 65 00 
07-04 09:48:35.774 13517 13517 E adbd    : service_to_fd: shell,v2,TERM=screen,raw:getprop ro.build.version.release
07-04 09:48:35.871 13517 13517 E adbd    : recv: OPEN 00000177 00000000 0036:73 68 65 6C 6C 2C 76 32 2C 54 45 52 4D 3D 73 63 72 65 65 6E 2C 72 61 77 3A 67 65 74 70 72 6F 70 20 72 6F 2E 62 75 69 6C 64 2E 76 65 72 73 69 6F 6E 2E 73 64 6B 00 
07-04 09:48:35.871 13517 13517 E adbd    : service_to_fd: shell,v2,TERM=screen,raw:getprop ro.build.version.sdk
07-04 09:48:35.971 13517 13517 E adbd    : recv: OPEN 0000017a 00000000 004a:73 68 65 6C 6C 2C 76 32 2C 54 45 52 4D 3D 73 63 72 65 65 6E 2C 72 61 77 3A 61 6D 20 66 6F 72 63 65 2D 73 74 6F 70 20 63 6F 6D 2E 65 78 61 6D 70 6C 65 2E 62 61 74 74 65 72 79 6D 61 6E 61 67 65 72 5F 75 74 69 6C 69 74 79 00 
07-04 09:48:35.971 13517 13517 E adbd    : service_to_fd: shell,v2,TERM=screen,raw:am force-stop com.example.batterymanager_utility
07-04 09:48:36.057  4956  4956 D io_stats: !@ 179,0 r 95966 3644400 w 61770 821796 d 2748 249896 f 21174 21225 iot 69764 55720 th 51200 0 0 pt 0 inp 0 0 1733.377
07-04 09:48:36.066  3958  4645 I ActivityManager: Force stopping com.example.batterymanager_utility appid=10168 user=0: from pid 14413
07-04 09:48:36.066  3958  4645 I ActivityManager: Killing 14266:com.example.batterymanager_utility/u0a168 (adj 0): stop com.example.batterymanager_utility,from pid 14413
07-04 09:48:36.068  3958  4645 W ActivityManager: Force removing ActivityRecord{28c8651 u0 com.example.batterymanager_utility/.MainActivity t27}: app died, no saved state
07-04 09:48:36.075  3958  4645 D InputDispatcher: Focus left window: 14266
07-04 09:48:36.077  3958  4645 I WindowManager: Failed to capture screenshot of Token{a680eb6 ActivityRecord{28c8651 u0 com.example.batterymanager_utility/.MainActivity t27 f}} appWin=Window{21d4bf9 u0 com.example.batterymanager_utility/com.example.batterymanager_utility.MainActivity} drawState=4
07-04 09:48:36.077  3958  4645 D TaskSnapshotCache: removeRunningEntry taskId=27 RunningCache size=0
07-04 09:48:36.078  3958  4645 I WindowManager: Destroying surface Surface(name=com.example.batterymanager_utility/com.example.batterymanager_utility.MainActivity) called by com.android.server.wm.WindowStateAnimator.destroySurface:2501 com.android.server.wm.WindowStateAnimator.destroySurfaceLocked:985 com.android.server.wm.WindowState.removeImmediately:2403 com.android.server.wm.WindowState.removeIfPossible:2602 com.android.server.wm.WindowState.removeIfPossible:2432 com.android.server.wm.WindowToken.removeAllWindowsIfPossible:143 com.android.server.wm.AppWindowToken.removeIfPossible:606 com.android.server.wm.AppWindowToken.onRemovedFromDisplay:674 
07-04 09:48:36.079  3448  3729 I SurfaceFlinger: id=101 Removed com.example.batterymanager_utility/com.example.batterymanager_utility.MainActivity#0 (1/4)
07-04 09:48:36.079  3448  3729 I SurfaceFlinger: id=101 Removed com.example.batterymanager_utility/com.example.batterymanager_utility.MainActivity#0 (-2/4)
07-04 09:48:36.080  3448  3448 I Layer   : id=101 onRemoved com.example.batterymanager_utility/com.example.batterymanager_utility.MainActivity#0 
07-04 09:48:36.085  3448  3448 I SurfaceFlinger: Display 0 HWC layers:
07-04 09:48:36.085  3448  3448 I SurfaceFlinger:     type    |    handle    | flag |  format   |   source crop (l,t,r,b)    |         frame       | name 
07-04 09:48:36.085  3448  3448 I SurfaceFlinger: ------------+--------------+------+-----------+----------------------------+---------------------+------
07-04 09:48:36.085  3448  3448 I SurfaceFlinger:      Device | 0x7e4da25100 | 0000 | RGBA_8888 |   0.0    0.0  720.0   42.0 |    0    0  720   42 | StatusBar#0
07-04 09:48:36.085  3448  3448 I SurfaceFlinger: 
07-04 09:48:36.087  3958  4645 D InputDispatcher: Focused application released
07-04 09:48:36.087  3958  4645 W MultiScreenManagerService: moveTaskBackToDisplayIfNeeded(): root activity or app is null, task=TaskRecord{cda377d0 #27 A=com.example.batterymanager_utility U=0 StackId=1 sz=0}, rootActivity=null
07-04 09:48:36.088  3958  3958 D MdnieScenarioControlService: Listener Real Multi Window State : true
07-04 09:48:36.095  3448  3729 I SurfaceFlinger: id=99 Removed animation background stackId=1#0 (2/3)
07-04 09:48:36.096  3448  3729 I SurfaceFlinger: id=99 Removed animation background stackId=1#0 (-2/3)
07-04 09:48:36.097  3958  4645 D CustomFrequencyManagerService: acquireDVFSLockLocked : type : DVFS_MIN_LIMIT  frequency : 1560000  uid : 1000  pid : 3958  pkgName : AMS_APP_HOME@CPU_MIN@61
07-04 09:48:36.099  3958  4645 D ActivityManagerPerformance: AMP_acquire() HOME
07-04 09:48:36.100  3958  4645 D PersonaManagerService: Current focused persona service handled id set to : 0
07-04 09:48:36.100  3958  4645 D InputDispatcher: Focused application set to: xxxx
07-04 09:48:36.103  3958  4645 V WindowManager: rotationForOrientationLw(orient=5, last=0); user=0  sensorRotation=-1 mLidState=-1 mDockMode=0 mHdmiPlugged=false
07-04 09:48:36.105  3958  4645 D MARsPolicyManager: onPackageResumedFG pkgName = com.sec.android.app.launcher, userId = 0
07-04 09:48:36.105  3958  4218 D GameManagerService: handleForegroundChange(). pkgName: com.sec.android.app.launcher, clsName: com.android.launcher3.Launcher,FgActivityName:com.sec.android.app.launcher/com.android.launcher3.Launcher
07-04 09:48:36.105  3958  4218 D GameManagerService: sem_perfomance_mode: 3
07-04 09:48:36.105  3958  4218 D GameManagerService: notifyResumePause(). pkg: com.sec.android.app.launcher, type: 4, isMinimized: false, isTunableApp: false
07-04 09:48:36.105  3958  4218 D GameManagerService:   notifyResumePause(). unexpected mPrevNotiType: -1
07-04 09:48:36.105  3448  3448 I Layer   : id=99 onRemoved animation background stackId=1#0 
07-04 09:48:36.105  5558  5558 I Launcher: onWindowVisibilityChanged : false
07-04 09:48:36.108  3958  5542 V WindowManager: Relayout Window{a6d100b u0 com.sec.android.app.launcher/com.sec.android.app.launcher.activities.LauncherActivity}: viewVisibility=4 req=720x1280 WM.LayoutParams{(0,0)(fillxfill) sim=#130 ty=1 fl=#81910d00 pfl=0x20000 fmt=-2 wanim=0x10302ea vsysui=0x700 needsMenuKey=2 colorMode=0 naviIconColor=0}
07-04 09:48:36.111  5558  5558 D ViewRootImpl@9b78e6a[LauncherActivity]: Relayout returned: old=[0,0][720,1280] new=[0,0][720,1280] result=0x1 surface={valid=false 0} changed=false
07-04 09:48:36.112  5558  5558 D HomeContainer: setAlpha : 1.0
07-04 09:48:36.115  3958  3958 D SamsungAlarmManager: Remove alarm for next reason : android.intent.action.PACKAGE_RESTARTED : package: com.example.batterymanager_utility
07-04 09:48:36.118  4609  4609 D CarrierSvcBindHelper: No carrier app for: 0
07-04 09:48:36.119  4609  4609 D CarrierSvcBindHelper: No carrier app for: 1
07-04 09:48:36.120  3958  3976 W BroadcastQueue: Background execution not allowed: receiving Intent { act=android.intent.action.PACKAGE_RESTARTED dat=package:com.example.batterymanager_utility flg=0x10 (has extras) } to android/com.kddi.android.CpaNotiReceiver
07-04 09:48:36.120  5558  5558 V Launcher: Launcher.onResume()
07-04 09:48:36.121  3958  3976 W BroadcastQueue: Background execution not allowed: receiving Intent { act=android.intent.action.PACKAGE_RESTARTED dat=package:com.example.batterymanager_utility flg=0x10 (has extras) } to com.sec.android.daemonapp/com.samsung.android.weather.daemon.receiver.ClearDataReceiver
07-04 09:48:36.124  3958  6514 D GamePkgDataHelper: getGamePkgDataIncServer(). com.sec.android.app.launcher
07-04 09:48:36.124  3958  6514 D GamePkgDataHelper: getSosPolicy(). com.sec.android.app.launcher
07-04 09:48:36.125  3958  6514 D GameManagerService: identifyGamePackage. com.sec.android.app.launcher
07-04 09:48:36.125  3958  6514 D GamePkgDataHelper: getGamePkgData(). com.sec.android.app.launcher
07-04 09:48:36.125  3958  6514 D GameManagerService: identifyGamePackage. com.sec.android.app.launcher
07-04 09:48:36.125  3958  6514 D GamePkgDataHelper: getGamePkgData(). com.sec.android.app.launcher
07-04 09:48:36.126  3958  6514 D GameManagerService: identifyGamePackage. com.sec.android.app.launcher
07-04 09:48:36.126  3958  6514 D GamePkgDataHelper: getGamePkgData(). com.sec.android.app.launcher
07-04 09:48:36.126  5558  5558 D ExternalRequestQueue: Getting and clearing EXTERNAL_REQUEST_LIST: null
07-04 09:48:36.126  5558  5558 D ExternalMethodQueue: Getting and clearing EXTERNAL_METHOD_LIST: null
07-04 09:48:36.127  5558  5630 I LauncherAppWidgetInfo: reinflateWidgetsIfNecessary, Not required: AppWidget(id=2)
07-04 09:48:36.127  5558  5630 I LauncherAppWidgetInfo: reinflateWidgetsIfNecessary, Not required: AppWidget(id=3)
07-04 09:48:36.127  3958  6514 D GameManagerService: identifyGamePackage. com.sec.android.app.launcher
07-04 09:48:36.127  3958  6514 D GamePkgDataHelper: getGamePkgData(). com.sec.android.app.launcher
07-04 09:48:36.128  5558  5558 D Launcher: setHotWordDetection : call requestHotWordDetection true
07-04 09:48:36.128  5558  5558 D NotificationHelpTip: currentTime : 1688456916
07-04 09:48:36.128  5558  5558 D NotificationHelpTip: differentTime121156
07-04 09:48:36.132  5558  5558 D Launcher.HomeController: onResume HomeContainer current alpha = 1.0
07-04 09:48:36.132  5558  5558 D AppsCustomAdapter: notifyUpdate : com.android.launcher3.Launcher@3050931
07-04 09:48:36.133  5558  5558 D AppsDragController: needDeferToBind : true , false
07-04 09:48:36.133  5444  5444 I GsaVoiceInteractionSrv: Handling ACTION_START_HOTWORD
07-04 09:48:36.134  3958  4645 D Notification: allPendingIntents
07-04 09:48:36.134  5444  5729 I GsaVoiceInteractionSrv: (REDACTED) disregardHotwordSetting: %b
07-04 09:48:36.134  5444  5729 I GsaVoiceInteractionSrv: Cannot start hotword, hotword has been explicitly disabled.
07-04 09:48:36.137  4340  4340 D InputEventReceiver: channel 'ClientState{8ddaeb5 uid 10168 pid 14266} (client)' ~ Disposing input event receiver.
07-04 09:48:36.137  4340  4340 D InputEventReceiver: channel 'ClientState{8ddaeb5 uid 10168 pid 14266} (client)' ~NativeInputEventReceiver.
07-04 09:48:36.137  5558  5630 D Notification.Badge: LauncherModel:onNotificationFullRefresh() : 1
07-04 09:48:36.138  5558  5630 D Notification.Badge: notificationKey : 0|android|40|null|1000, count : 0, this.count : 1
07-04 09:48:36.138  3958  3985 W ActivityManager: setHasOverlayUi called on unknown pid: 14266
07-04 09:48:36.139  5558  5630 D Notification.Badge: notificationKey : 0|android|40|null|1000, count : 1, mTotalCount : 1
07-04 09:48:36.139  5558  5630 D Notification.Badge: LauncherModel:onNotificationFullRefresh() not need to update, updatedBadges.remove[android], count : [1]
07-04 09:48:36.140  3958  5569 D ActivityManager: post active user change for 0 fullscreen true isHomeActivity() true
07-04 09:48:36.140  3958  5569 I WallpaperManagerService: switchPersonaWallpaper is called for personaId-0
07-04 09:48:36.140  3958  3958 D WallpaperManagerService:  force update = false; persona id = 0; current user =0; current persona = 0
07-04 09:48:36.141  5558  5558 I Launcher: onWindowVisibilityChanged : true
07-04 09:48:36.142  3958  5569 V WindowManager: Relayout Window{a6d100b u0 com.sec.android.app.launcher/com.sec.android.app.launcher.activities.LauncherActivity}: viewVisibility=0 req=720x1280 WM.LayoutParams{(0,0)(fillxfill) sim=#130 ty=1 fl=#81910d00 pfl=0x20000 fmt=-2 wanim=0x10302ea vsysui=0x700 needsMenuKey=2 colorMode=0 naviIconColor=0}
07-04 09:48:36.143  3448  3448 I SurfaceFlinger: id=103 createSurf (720x1280),1 flag=4, com.sec.android.app.launcher/com.sec.android.app.launcher.activities.LauncherActivity#0
07-04 09:48:36.144  3958  5569 V Surface : sf_framedrop debug : 0x4f4c, game : false, logging : 0
07-04 09:48:36.144  3958  3977 D WindowManager: set systemUiVisibility : systemUiFlags= 0x708 fullscreenStackSysUiFlags= 0x0
07-04 09:48:36.147  3958  5569 D InputDispatcher: Focus entered window: 5558
07-04 09:48:36.148  3958  5482 D WindowManager: adjustSystemUiVisibilityLw : vis= 0x708
07-04 09:48:36.149  5558  5558 V Surface : sf_framedrop debug : 0x4f4c, game : false, logging : 0
07-04 09:48:36.149  5558  5558 D ViewRootImpl@9b78e6a[LauncherActivity]: Relayout returned: old=[0,0][720,1280] new=[0,0][720,1280] result=0x7 surface={valid=true 501227692032} changed=true
07-04 09:48:36.151  5558  9780 D mali_winsys: EGLint new_window_surface(egl_winsys_display *, void *, EGLSurface, EGLConfig, egl_winsys_surface **, egl_color_buffer_format *, EGLBoolean) returns 0x3000,  [720x1280]-format:1
07-04 09:48:36.151  5558  9780 D OpenGLRenderer: eglCreateWindowSurface = 0x7486e5fc40
07-04 09:48:36.152  5558  5558 D AppsAdapter: notifyUpdate start : com.android.launcher3.Launcher@3050931
07-04 09:48:36.152  5558  5558 D AppsCustomAdapter: no change items
07-04 09:48:36.152  5558  5558 D AppsAdapter: notifyUpdate end : com.android.launcher3.Launcher@3050931
07-04 09:48:36.153  5558  5558 D ViewRootImpl@9b78e6a[LauncherActivity]: MSG_WINDOW_FOCUS_CHANGED 1
07-04 09:48:36.156  5558  5558 V InputMethodManager: Starting input: tba=android.view.inputmethod.EditorInfo@35ab7c8 nm : com.sec.android.app.launcher ic=null
07-04 09:48:36.156  5558  5558 I InputMethodManager: startInputInner - mService.startInputOrWindowGainedFocus
07-04 09:48:36.156  3958  5482 D InputMethodManagerService: startInputOrWindowGainedFocus : windowGainedFocus 
07-04 09:48:36.157  3958  5482 D InputMethodManagerService: windowGainedFocus: destinationUserId (getCallingUid) = 0
07-04 09:48:36.157  3958  5482 D InputMethodManagerService: windowGainedFocus: currentUserId=0
07-04 09:48:36.157  3958  5482 D InputMethodManagerService: windowGainedFocus: mCurrentFocusedUserId=0
07-04 09:48:36.157  3958  5482 D InputMethodManagerService: windowGainedFocus : lock - currentUserId = 0 destinationUserId = 0
07-04 09:48:36.157  3958  5482 D InputMethodManagerService: windowGainedFocus : mCurrentFocusedUserId - 0 and mSecureKeypadEnabled - false, userSwitched - false
07-04 09:48:36.157  3958  5482 V InputMethodManagerService: windowGainedFocus : reason=WINDOW_FOCUS_GAIN client=android.os.BinderProxy@59e9985 inputContext=null missingMethods= attribute=android.view.inputmethod.EditorInfo@6bb9f80 nm = com.sec.android.app.launcher controlFlags=#104 softInputMode=#130 windowFlags=#81910d00
07-04 09:48:36.157  3958  5482 V InputMethodManagerService: hideCurrentInputLocked : shouldHideSoftInput is false
07-04 09:48:36.157  3958  5482 D InputMethodManagerService: setCurrentInputInfo - inputContext : null eidtorInfo : android.view.inputmethod.EditorInfo@6bb9f80 missingMethods : 0
07-04 09:48:36.158  4340  4340 I InputMethodWrapper:  call dispatchStartInputWithToken
07-04 09:48:36.158  4340  4340 I InputMethodService: dispatchStartInputWithToken
07-04 09:48:36.158  4340  4340 I SKBD    : SamsungKeypad [IMI] onStartInput - caller pid : 14266, caller uid : 10168
07-04 09:48:36.159  5558  5558 D DragLayer: DragLayer dispatchDraw, mIsNaviBarPositionChanged = false, mWillOrientationChange = false
07-04 09:48:36.172 13517 13517 E adbd    : recv: OPEN 0000017d 00000000 003a:73 68 65 6C 6C 2C 76 32 2C 54 45 52 4D 3D 73 63 72 65 65 6E 2C 72 61 77 3A 67 65 74 70 72 6F 70 20 72 6F 2E 62 75 69 6C 64 2E 76 65 72 73 69 6F 6E 2E 72 65 6C 65 61 73 65 00 
07-04 09:48:36.172 13517 13517 E adbd    : service_to_fd: shell,v2,TERM=screen,raw:getprop ro.build.version.release
07-04 09:48:36.175  4345  4709 D SystemServicesProxy: updateOverviewLastStackActiveTimeAsync: newTime=1688456446773
07-04 09:48:36.176  3958  5569 D SecContentProvider: query(), uri = 17 selection = isSettingsChangesAllowed
07-04 09:48:36.177  3958  5569 D SecContentProvider: called from android.uid.systemui:10009
07-04 09:48:36.177  4345  4547 D SystemServicesProxy: updateOverviewLastStackActiveTimeAsync: done.
07-04 09:48:36.177  3958  5569 V WindowManager: finishDrawingLocked: mDrawState=COMMIT_DRAW_PENDING Window{a6d100b u0 com.sec.android.app.launcher/com.sec.android.app.launcher.activities.LauncherActivity} in Surface(name=com.sec.android.app.launcher/com.sec.android.app.launcher.activities.LauncherActivity)
07-04 09:48:36.178  4345  4711 D WallpaperService: dispatchAppVisibility onVisibilityChanged(): true
07-04 09:48:36.180  4345  4345 D WallpaperService: updateSurface forceRelayout=false redrawNeeded=false myWidth=1280 myHeight=1280 fixedSize=true x = 0 y = 0 mWidth=1280 mHeight=1280 mIsSleepMode=false
07-04 09:48:36.180  4345  4345 D ImageWallpaper: onVisibilityChanged: mVisible, visible=false, true
07-04 09:48:36.180  4345  4345 D ImageWallpaper: Visibility changed to visible=true
07-04 09:48:36.180  3958  4029 D SamsungAnimationCreator: createAnimation type:LowEnd transit:13 enter:false wallpaperXoffset:-280 split:false fixedOri:false
07-04 09:48:36.180  4345  4345 D ImageWallpaper: newRotation : 0,mLastRotation : 0
07-04 09:48:36.180  3958  4029 D SamsungAnimationCreator: createAnimation displayFrame:Rect(0, 0 - 720, 1280) frame:null insets:null
07-04 09:48:36.180  4345  4345 D ImageWallpaper: drawFrame:[frame.width()]1280[frame.height()]1280
07-04 09:48:36.180  4345  4345 D ImageWallpaper: surfaceDimensionsChanged=false mDisplayWidth=720 mDisplayHeight=1280
07-04 09:48:36.180  4345  4345 D ImageWallpaper: redrawNeeded = false, mOffsetsChanged = false
07-04 09:48:36.180  4345  4345 D ImageWallpaper: Suppressed drawFrame since redraw is not needed and offsets have not changed.
07-04 09:48:36.180  4345  4345 D WallpaperService: reportVisibility onVisibilityChanged visible: true
07-04 09:48:36.182  4345  4345 D WallpaperService: updateSurface forceRelayout=true redrawNeeded=false myWidth=1280 myHeight=1280 fixedSize=true x = 0 y = 0 mWidth=1280 mHeight=1280 mIsSleepMode=false
07-04 09:48:36.185  3958  3968 V WindowManager: Relayout Window{7188091 u0 com.android.systemui.ImageWallpaper}: viewVisibility=0 req=1280x1280 WM.LayoutParams{(0,0)(1280x1280) gr=#800033 ty=2013 fl=#10318 fmt=2 wanim=0x103030e colorMode=0 naviIconColor=0}
07-04 09:48:36.189  4345  4345 D ImageWallpaper: onOffsetsChanged: xOffset=0.0, yOffset=0.0, xOffsetStep=0.0, yOffsetStep=0.0, xPixels=0, yPixels=0
07-04 09:48:36.189  4345  4345 D ImageWallpaper: newRotation : 0,mLastRotation : 0
07-04 09:48:36.189  4345  4345 D ImageWallpaper: drawFrame:[frame.width()]1280[frame.height()]1280
07-04 09:48:36.189  4345  4345 D ImageWallpaper: surfaceDimensionsChanged=false mDisplayWidth=720 mDisplayHeight=1280
07-04 09:48:36.189  4345  4345 D ImageWallpaper: redrawNeeded = false, mOffsetsChanged = false
07-04 09:48:36.189  4345  4345 D ImageWallpaper: Suppressed drawFrame since redraw is not needed and offsets have not changed.
07-04 09:48:36.192  3958  3968 D PackageManager: getComponentMetadataForIconTray : com.example.batterymanager_utility.MainActivity does not exist in mServices
07-04 09:48:36.192  3958  3968 D PackageManager: getComponentMetadataForIconTray : com.example.batterymanager_utility.MainActivity does not exist in mProviders
07-04 09:48:36.192  3958  3968 D PackageManager: getComponentMetadataForIconTray : com.example.batterymanager_utility.MainActivity does not exist in mReceivers
07-04 09:48:36.192  4345  4709 D ApplicationPackageManager: updateItemMetaDataForFixedIconScale: package: com.example.batterymanager_utility
07-04 09:48:36.193  3958  3968 D PackageManager: getSelectedMetaData : packageName(com.example.batterymanager_utility) or Metadata strings {[Ljava.lang.String;@44ded5f}
07-04 09:48:36.193  4345  4709 I ApplicationPackageManager: load=com.example.batterymanager_utility, bg=144-144, dr=189-189, forDefault=true, density=0
07-04 09:48:36.196  4345  4709 I ApplicationPackageManager: scaled rate=0.72, size=189, alpha=54, hold=102
07-04 09:48:36.197  4345  4709 D ApplicationPackageManager: iconScale: getScale(): 0.72 getAlpha(): 54
07-04 09:48:36.198  4345  4709 I ApplicationPackageManager: load=com.example.batterymanager_utility-contain, bg=112-112, dr=189-189
07-04 09:48:36.210  3448  3448 I SurfaceFlinger: Display 0 HWC layers:
07-04 09:48:36.210  3448  3448 I SurfaceFlinger:     type    |    handle    | flag |  format   |   source crop (l,t,r,b)    |         frame       | name 
07-04 09:48:36.210  3448  3448 I SurfaceFlinger: ------------+--------------+------+-----------+----------------------------+---------------------+------
07-04 09:48:36.210  3448  3448 I SurfaceFlinger:      Device | 0x7e5f824300 | 0002 | RGBx_8888 | 280.0    0.0 1000.0 1280.0 |    0    0  720 1280 | com.android.systemui.ImageWallpaper#0
07-04 09:48:36.210  3448  3448 I SurfaceFlinger:      Device | 0x7e5f8249c0 | 0000 | RGBA_8888 | 120.0  213.0  601.0 1068.0 |    1    1  720 1280 | com.sec.android.app.launcher/com.sec[...]uncher.activities.LauncherActivity#0
07-04 09:48:36.210  3448  3448 I SurfaceFlinger:      Device | 0x7e4da25100 | 0000 | RGBA_8888 |   0.0    0.0  720.0   42.0 |    0    0  720   42 | StatusBar#0
07-04 09:48:36.210  3448  3448 I SurfaceFlinger: 
07-04 09:48:36.236 13517 13517 E adbd    : recv: OPEN 00000180 00000000 0036:73 68 65 6C 6C 2C 76 32 2C 54 45 52 4D 3D 73 63 72 65 65 6E 2C 72 61 77 3A 67 65 74 70 72 6F 70 20 72 6F 2E 62 75 69 6C 64 2E 76 65 72 73 69 6F 6E 2E 73 64 6B 00 
07-04 09:48:36.236 13517 13517 E adbd    : service_to_fd: shell,v2,TERM=screen,raw:getprop ro.build.version.sdk
07-04 09:48:36.255  3958  4066 D MdnieScenarioControlService:  packageName : com.sec.android.app.launcher    className : com.sec.android.app.launcher.activities.LauncherActivity
07-04 09:48:36.255  3958  4066 V MdnieScenarioControlService: setUIMode from UI function(3)
07-04 09:48:36.541  5558  5558 D DragLayer: DragLayer dispatchDraw, mIsNaviBarPositionChanged = false, mWillOrientationChange = false
07-04 09:48:36.600  3958  3958 D CustomFrequencyManagerService: releaseDVFSLockLocked : Getting Lock type frm List : DVFS_MIN_LIMIT  frequency : 1560000  uid : 1000  pid : 3958  tag : AMS_APP_HOME@CPU_MIN@61
07-04 09:48:36.678  5558  9780 W OpenGLRenderer: Incorrectly called buildLayer on View: WorkspaceCellLayoutChildren, destroying layer...
07-04 09:48:36.718  3958  4332 E TaskPersister: File error accessing recents directory (directory doesn't exist?).
07-04 09:48:38.071  3958  3958 D PreBindingService: handleMessage : 1
07-04 09:48:38.477  3437  3437 I android.hardware.wifi@1.0-service: getLinkLayerStats
07-04 09:48:41.062  4956  4956 D io_stats: !@ 179,0 r 95986 3644572 w 61801 822184 d 2753 249952 f 21177 21228 iot 69796 55743 th 51200 0 0 pt 0 inp 0 0 1738.381
07-04 09:48:41.392 13517 13517 E adbd    : recv: OPEN 00000183 00000000 0036:73 68 65 6C 6C 2C 76 32 2C 54 45 52 4D 3D 73 63 72 65 65 6E 2C 72 61 77 3A 67 65 74 70 72 6F 70 20 72 6F 2E 62 75 69 6C 64 2E 76 65 72 73 69 6F 6E 2E 73 64 6B 00 
07-04 09:48:41.392 13517 13517 E adbd    : service_to_fd: shell,v2,TERM=screen,raw:getprop ro.build.version.sdk
07-04 09:48:41.486  3437  3437 I android.hardware.wifi@1.0-service: getLinkLayerStats
07-04 09:48:41.496 13517 13517 E adbd    : recv: OPEN 00000186 00000000 003d:73 68 65 6C 6C 2C 76 32 2C 54 45 52 4D 3D 73 63 72 65 65 6E 2C 72 61 77 3A 6C 6F 67 63 61 74 20 2D 66 20 2F 6D 6E 74 2F 73 64 63 61 72 64 2F 6C 6F 67 63 61 74 2E 74 78 74 20 2D 64 00 
07-04 09:48:41.496 13517 13517 E adbd    : service_to_fd: shell,v2,TERM=screen,raw:logcat -f /mnt/sdcard/logcat.txt -d
