--------- beginning of system
07-03 15:13:27.400  3434  3434 I android.hardware.wifi@1.0-service: getLinkLayerStats
--------- beginning of main
07-03 15:13:29.774 11182 11182 E adbd    : recv: OPEN 0000a480 00000000 003a:73 68 65 6C 6C 2C 76 32 2C 54 45 52 4D 3D 73 63 72 65 65 6E 2C 72 61 77 3A 67 65 74 70 72 6F 70 20 72 6F 2E 62 75 69 6C 64 2E 76 65 72 73 69 6F 6E 2E 72 65 6C 65 61 73 65 00 
07-03 15:13:29.774 11182 11182 E adbd    : service_to_fd: shell,v2,TERM=screen,raw:getprop ro.build.version.release
07-03 15:13:29.843  3954  3981 W StorageManager: getStorageFullBytes DEFAULT_FULL_THRESHOLD_BYTES : 20971520, threadhold : 20971520
07-03 15:13:29.843  3954  3981 W StorageManager: getStorageLowBytes lowPercent : 5, lowBytes : 1260145254, maxLowBytes : 524288000
07-03 15:13:29.844  3954  3981 W DeviceStorageMonitorService: updateBroadcasts(/data) oldLevel:0, newLevel:0, seq:1
07-03 15:13:29.844  3954  3981 W DeviceStorageMonitorService: updateBroadcasts_filenode(/data) fn_oldLevel:0, fn_newLevel:0, seq:1
07-03 15:13:29.865 11182 11182 E adbd    : recv: OPEN 0000a483 00000000 0036:73 68 65 6C 6C 2C 76 32 2C 54 45 52 4D 3D 73 63 72 65 65 6E 2C 72 61 77 3A 67 65 74 70 72 6F 70 20 72 6F 2E 62 75 69 6C 64 2E 76 65 72 73 69 6F 6E 2E 73 64 6B 00 
07-03 15:13:29.865 11182 11182 E adbd    : service_to_fd: shell,v2,TERM=screen,raw:getprop ro.build.version.sdk
07-03 15:13:29.963 11182 11182 E adbd    : recv: OPEN 0000a486 00000000 00bc:73 68 65 6C 6C 2C 76 32 2C 54 45 52 4D 3D 73 63 72 65 65 6E 2C 72 61 77 3A 61 6D 20 73 74 61 72 74 20 2D 6E 20 22 63 6F 6D 2E 65 78 61 6D 70 6C 65 2E 62 61 74 74 65 72 79 6D 61 6E 61 67 65 72 5F 75 74 69 6C 69 74 79 2F 63 6F 6D 2E 65 78 61 6D 70 6C 65 2E 62 61 74 74 65 72 79 6D 61 6E 61 67 65 72 5F 75 74 69 6C 69 74 79 2E 4D 61 69 6E 41 63 74 69 76 69 74 79 22 20 2D 61 20 61 6E 64 72 6F 69 64 2E 69 6E 74 65 6E 74 2E 61 63 74 69 6F 6E 2E 4D 41 49 4E 20 2D 63 20 61 6E 64 72 6F 69 64 2E 69 6E 74 65 6E 74 2E 63 61 74 65 67 6F 72 79 2E 4C 41 55 4E 43 48 45 52 00 
07-03 15:13:29.963 11182 11182 E adbd    : service_to_fd: shell,v2,TERM=screen,raw:am start -n "com.example.batterymanager_utility/com.example.batterymanager_utility.MainActivity" -a android.intent.action.MAIN -c android.intent.category.LAUNCHER
07-03 15:13:30.061  3954  4435 I ActivityManager: START u0 {act=android.intent.action.MAIN typ=null flg=0x10000000 cmp=ComponentInfo{com.example.batterymanager_utility/com.example.batterymanager_utility.MainActivity}} from uid 2000
07-03 15:13:30.063  3954  4435 D CustomFrequencyManagerService: acquireDVFSLockLocked : type : DVFS_MIN_LIMIT  frequency : 1560000  uid : 1000  pid : 3954  pkgName : AMS_APP_SWITCH@CPU_MIN@15
07-03 15:13:30.066  3954  4435 D ActivityManagerPerformance: AMP_acquire() APP_SWITCH
07-03 15:13:30.066  3954  5010 D ActivityManagerPerformance: Received MSG_CFMS_HINT_AMS_SWITCH pkgName: com.example.batterymanager_utility
07-03 15:13:30.067  3954  6585 D TelephonyManager: getAllCellInfo : Caller (PID / UID / TID): 3954 / 1000 / 6585
07-03 15:13:30.072  5301  5301 V Launcher: Launcher.onPause()
07-03 15:13:30.072  5301  5301 D Launcher: setHotWordDetection : call requestHotWordDetection false
07-03 15:13:30.075  3954  3954 D MdnieScenarioControlService: Listener Real Multi Window State : false
07-03 15:13:30.077  3954  4022 D ViewRootImpl@4f6a3e7[batterymanager_utility]: setView = DecorView@1cc463d[batterymanager_utility] TM=true MM=false
07-03 15:13:30.080  3954  7346 D ActivityManager: isScaleDownAnimationEnabled() : false
07-03 15:13:30.080  5186  5186 I GsaVoiceInteractionSrv: Handling ACTION_STOP_HOTWORD
07-03 15:13:30.081  3954  7346 D StorageManagerService: getExternalStorageMountMode : 3
07-03 15:13:30.082  3954  7346 D StorageManagerService: getExternalStorageMountMode : 3
07-03 15:13:30.082  3954  7346 D StorageManagerService: getExternalStorageMountMode : final mountMode=3, uid : 10168, packageName : com.example.batterymanager_utility
07-03 15:13:30.082  3954  7346 I ApplicationPolicy: isApplicationExternalStorageWhitelisted:com.example.batterymanager_utility user:0
07-03 15:13:30.082  3954  7346 D ApplicationPolicy: isApplicationExternalStorageWhitelisted: DO is not enabled on user 0. Allowed.
07-03 15:13:30.082  3954  7346 D ActivityManager: package  com.example.batterymanager_utility, user - 0 is SDcard whitelisted
07-03 15:13:30.082  3954  7346 I ApplicationPolicy: isApplicationExternalStorageBlacklisted:com.example.batterymanager_utility user:0
07-03 15:13:30.082  3954  7346 D ApplicationPolicy: isApplicationExternalStorageBlacklisted: DO is not enabled on user 0. Allowed.
07-03 15:13:30.084  5186  5559 I HwDetectorWithState: (REDACTED) a: %d
07-03 15:13:30.087  3954  4022 D ViewRootImpl@4f6a3e7[batterymanager_utility]: dispatchAttachedToWindow
07-03 15:13:30.087  3954  4022 V WindowManager: Relayout Window{e9e5b94 u0 Splash Screen com.example.batterymanager_utility}: viewVisibility=0 req=719x1237 WM.LayoutParams{(0,0)(fillxfill) sim=#20 ty=3 fl=#81830118 pfl=0x20011 wanim=0x10302fd vsysui=0x600 needsMenuKey=2 colorMode=0 naviIconColor=0}
07-03 15:13:30.091  3445  3445 I SurfaceFlinger: id=164 createSurf (720x1280),1 flag=404, Splash Screen com.example.batterymanager_utility#0
07-03 15:13:30.092  3954  4022 V Surface : sf_framedrop debug : 0x4f4c, game : false, logging : 0
07-03 15:13:30.094  3954  4022 D ViewRootImpl@4f6a3e7[batterymanager_utility]: Relayout returned: old=[0,0][0,0] new=[0,0][720,1280] result=0x7 surface={valid=true 524031623168} changed=true
07-03 15:13:30.097 15428 15428 E Zygote  : isWhitelistProcess - Process is Whitelisted
07-03 15:13:30.097 15428 15428 E libpersona: scanKnoxPersonas
07-03 15:13:30.097 15428 15428 E libpersona: Couldn't open the File - /data/system/users/0/personalist.xml - No such file or directory
07-03 15:13:30.099 15428 15428 W SELinux : SELinux selinux_android_compute_policy_index : Policy Index[2],  Con:u:r:zygote:s0 RAM:SEPF_SM-J720F_8.0.0_0002, [-1 -1 -1 -1 0 1]
07-03 15:13:30.099 15428 15428 I SELinux : SELinux: seapp_context_lookup: seinfo=untrusted, level=s0:c512,c768, pkgname=com.example.batterymanager_utility 
07-03 15:13:30.100  3954  7346 I ActivityManager: Start proc 15428:com.example.batterymanager_utility/u0a168 for activity com.example.batterymanager_utility/.MainActivity
07-03 15:13:30.102 15428 15428 I zygote64: Late-enabling -Xcheck:jni
07-03 15:13:30.112  3954  4022 V WindowManager: finishDrawingLocked: mDrawState=COMMIT_DRAW_PENDING Window{e9e5b94 u0 Splash Screen com.example.batterymanager_utility} in Surface(name=Splash Screen com.example.batterymanager_utility)
07-03 15:13:30.115  4348  4348 D WallpaperService: updateSurface forceRelayout=true redrawNeeded=false myWidth=1280 myHeight=1280 fixedSize=true x = 0 y = 0 mWidth=1280 mHeight=1280 mIsSleepMode=false
07-03 15:13:30.116  3954  4633 V WindowManager: Relayout Window{b447f96 u0 com.android.systemui.ImageWallpaper}: viewVisibility=0 req=1280x1280 WM.LayoutParams{(0,0)(1280x1280) gr=#800033 ty=2013 fl=#10318 fmt=2 wanim=0x103030e colorMode=0 naviIconColor=0}
07-03 15:13:30.116  3954  4633 V WindowManager: rotationForOrientationLw(orient=-1, last=0); user=0  sensorRotation=-1 mLidState=-1 mDockMode=0 mHdmiPlugged=false
07-03 15:13:30.120  4348  4348 D ImageWallpaper: onOffsetsChanged: xOffset=0.0, yOffset=0.0, xOffsetStep=0.0, yOffsetStep=0.0, xPixels=0, yPixels=0
07-03 15:13:30.121  4348  4348 D ImageWallpaper: newRotation : 0,mLastRotation : 0
07-03 15:13:30.121  4348  4348 D ImageWallpaper: drawFrame:[frame.width()]1280[frame.height()]1280
07-03 15:13:30.121  4348  4348 D ImageWallpaper: surfaceDimensionsChanged=false mDisplayWidth=720 mDisplayHeight=1280
07-03 15:13:30.121  4348  4348 D ImageWallpaper: redrawNeeded = false, mOffsetsChanged = false
07-03 15:13:30.121  4348  4348 D ImageWallpaper: Suppressed drawFrame since redraw is not needed and offsets have not changed.
07-03 15:13:30.137 11182 11182 E adbd    : recv: OPEN 0000a489 00000000 003a:73 68 65 6C 6C 2C 76 32 2C 54 45 52 4D 3D 73 63 72 65 65 6E 2C 72 61 77 3A 6D 6F 6E 6B 65 79 20 2D 70 20 65 2E 77 77 77 2E 77 72 69 74 65 6C 6F 63 61 6C 74 65 73 74 20 31 00 
07-03 15:13:30.137 11182 11182 E adbd    : service_to_fd: shell,v2,TERM=screen,raw:monkey -p e.www.writelocaltest 1
07-03 15:13:30.142 15428 15428 D TimaKeyStoreProvider: TimaKeyStore is not enabled: cannot add TimaSignature Service and generateKeyPair Service
07-03 15:13:30.143 15428 15428 D ActivityThread: Added TimaKeyStore provider
07-03 15:13:30.146  3954  4633 I ActivityManager: DSS on for com.example.batterymanager_utility and scale is 1.0
07-03 15:13:30.153  3954  4633 D PersonaManagerService: Current focused persona service handled id set to : 0
07-03 15:13:30.154  3954  4633 D InputDispatcher: Focused application set to: xxxx
07-03 15:13:30.154  3954  4633 D InputDispatcher: Focus left window: 5301
07-03 15:13:30.156  3954  4633 D MARsPolicyManager: onPackageResumedFG pkgName = com.example.batterymanager_utility, userId = 0
07-03 15:13:30.156  3954  4205 D GameManagerService: handleForegroundChange(). pkgName: com.example.batterymanager_utility, clsName: com.example.batterymanager_utility.MainActivity,FgActivityName:com.example.batterymanager_utility/.MainActivity
07-03 15:13:30.157  3954  4205 D GameManagerService: sem_perfomance_mode: 3
07-03 15:13:30.157  3954  4205 D GameManagerService: notifyResumePause(). pkg: com.example.batterymanager_utility, type: 4, isMinimized: false, isTunableApp: false
07-03 15:13:30.157  3954  4205 D GameManagerService:   notifyResumePause(). unexpected mPrevNotiType: -1
07-03 15:13:30.158  3954  4633 D SamsungAnimationCreator: createAnimation type:LowEnd transit:12 enter:false wallpaperXoffset:-280 split:false fixedOri:false
07-03 15:13:30.158  3954  4633 D SamsungAnimationCreator: createAnimation displayFrame:Rect(0, 0 - 720, 1280) frame:null insets:null
07-03 15:13:30.164  3954  6585 D GamePkgDataHelper: getGamePkgDataIncServer(). com.example.batterymanager_utility
07-03 15:13:30.164  3954  6585 D GamePkgDataHelper: getSosPolicy(). com.example.batterymanager_utility
07-03 15:13:30.165  3954  6585 D GameManagerService: identifyGamePackage. com.example.batterymanager_utility
07-03 15:13:30.165  3954  6585 D GamePkgDataHelper: getGamePkgData(). com.example.batterymanager_utility
07-03 15:13:30.166  3954  6585 D GameManagerService: identifyGamePackage. com.example.batterymanager_utility
07-03 15:13:30.166  3954  6585 D GamePkgDataHelper: getGamePkgData(). com.example.batterymanager_utility
07-03 15:13:30.167  3954  6585 D GameManagerService: identifyGamePackage. com.example.batterymanager_utility
07-03 15:13:30.169  3954  6585 D GamePkgDataHelper: getGamePkgData(). com.example.batterymanager_utility
07-03 15:13:30.170  3954  6585 D GameManagerService: identifyGamePackage. com.example.batterymanager_utility
07-03 15:13:30.170  3954  6585 D GamePkgDataHelper: getGamePkgData(). com.example.batterymanager_utility
07-03 15:13:30.174  5301  5301 I Launcher: onWindowVisibilityChanged : false
07-03 15:13:30.175  3954  3970 D WindowManager: set systemUiVisibility : systemUiFlags= 0x608 fullscreenStackSysUiFlags= 0x0
07-03 15:13:30.177  3954  7346 D WindowManager: adjustSystemUiVisibilityLw : vis= 0x608
07-03 15:13:30.178  5301  5500 D OpenGLRenderer: eglDestroySurface = 0x79df261fc0
07-03 15:13:30.179  3954  7346 V WindowManager: Relayout Window{34db27e u0 com.sec.android.app.launcher/com.sec.android.app.launcher.activities.LauncherActivity}: viewVisibility=8 req=720x1280 WM.LayoutParams{(0,0)(fillxfill) sim=#130 ty=1 fl=#81910d00 pfl=0x20000 fmt=-2 wanim=0x10302ea vsysui=0x700 needsMenuKey=2 colorMode=0 naviIconColor=0}
07-03 15:13:30.182 15428 15428 I zygote64: no shared libraies, dex_files: 1
07-03 15:13:30.184  5301  5301 D ViewRootImpl@d945552[LauncherActivity]: Relayout returned: old=[0,0][720,1280] new=[0,0][720,1280] result=0x5 surface={valid=false 0} changed=true
07-03 15:13:30.184  5301  5301 D ViewRootImpl@d945552[LauncherActivity]: MSG_WINDOW_FOCUS_CHANGED 0
07-03 15:13:30.207  4348  4817 D SystemServicesProxy: updateOverviewLastStackActiveTimeAsync: newTime=1688388666756
07-03 15:13:30.208  3954  7346 D SecContentProvider: query(), uri = 17 selection = isSettingsChangesAllowed
07-03 15:13:30.208  3954  7346 D SecContentProvider: called from android.uid.systemui:10009
07-03 15:13:30.209  4348  4673 D SystemServicesProxy: updateOverviewLastStackActiveTimeAsync: done.
07-03 15:13:30.211 15428 15428 I BatteryMgr:App: creating notification channel
07-03 15:13:30.259  3445  3445 I SurfaceFlinger: Display 0 HWC layers:
07-03 15:13:30.259  3445  3445 I SurfaceFlinger:     type    |    handle    | flag |  format   |   source crop (l,t,r,b)    |         frame       | name 
07-03 15:13:30.259  3445  3445 I SurfaceFlinger: ------------+--------------+------+-----------+----------------------------+---------------------+------
07-03 15:13:30.259  3445  3445 I SurfaceFlinger:      Device | 0x75fc424cc0 | 0002 | RGBx_8888 | 280.0    0.0 1000.0 1280.0 |    0    0  720 1280 | com.android.systemui.ImageWallpaper#0
07-03 15:13:30.259  3445  3445 I SurfaceFlinger:      Device | 0x75f60aa080 | 0000 | RGBA_8888 |  20.0   36.0  700.0 1245.0 |    0    0  720 1280 | com.sec.android.app.launcher/com.sec[...]uncher.activities.LauncherActivity#0
07-03 15:13:30.259  3445  3445 I SurfaceFlinger:      Device | 0x75f85f6840 | 0002 | RGBA_8888 |   0.0    0.0  720.0 1279.0 |  134  237  587 1042 | Splash Screen com.example.batterymanager_utility#0
07-03 15:13:30.259  3445  3445 I SurfaceFlinger:      Device | 0x75fc424180 | 0000 | RGBA_8888 |   0.0    0.0  720.0   42.0 |    0    0  720   42 | StatusBar#0
07-03 15:13:30.259  3445  3445 I SurfaceFlinger: 
07-03 15:13:30.294  3954  4082 D MdnieScenarioControlService:  packageName : com.example.batterymanager_utility    className : com.example.batterymanager_utility.MainActivity
07-03 15:13:30.294  3954  4082 V MdnieScenarioControlService: setUIMode from UI function(3)
07-03 15:13:30.304 15428 15446 D OpenGLRenderer: HWUI GL Pipeline
07-03 15:13:30.312 15428 15428 D ViewRootImpl@d9b1d83[MainActivity]: setView = DecorView@45bab00[MainActivity] TM=true MM=false
07-03 15:13:30.314  3954  4435 D ActivityManager: post active user change for 0 fullscreen true isHomeActivity() false
07-03 15:13:30.409  3434  3434 I android.hardware.wifi@1.0-service: getLinkLayerStats
07-03 15:13:30.473 15428 15428 W zygote64: Class androidx.compose.runtime.snapshots.SnapshotStateList failed lock verification and will run slower.
07-03 15:13:30.473 15428 15428 W zygote64: Common causes for lock verification issues are non-optimized dex code
07-03 15:13:30.473 15428 15428 W zygote64: and incorrect proguard optimizations.
07-03 15:13:30.571 15428 15433 I zygote64: Do partial code cache collection, code=30KB, data=20KB
07-03 15:13:30.571 15428 15433 I zygote64: After code cache collection, code=30KB, data=20KB
07-03 15:13:30.572 15428 15433 I zygote64: Increasing code cache capacity to 128KB
07-03 15:13:30.596 15428 15428 D ViewRootImpl@d9b1d83[MainActivity]: dispatchAttachedToWindow
07-03 15:13:30.610  3445  3445 I SurfaceFlinger: Display 0 HWC layers:
07-03 15:13:30.610  3445  3445 I SurfaceFlinger:     type    |    handle    | flag |  format   |   source crop (l,t,r,b)    |         frame       | name 
07-03 15:13:30.610  3445  3445 I SurfaceFlinger: ------------+--------------+------+-----------+----------------------------+---------------------+------
07-03 15:13:30.610  3445  3445 I SurfaceFlinger:      Device | 0x75f85f6840 | 0002 | RGBA_8888 |   0.0    0.0  720.0 1280.0 |    0    0  720 1280 | Splash Screen com.example.batterymanager_utility#0
07-03 15:13:30.610  3445  3445 I SurfaceFlinger:      Device | 0x75fc424180 | 0000 | RGBA_8888 |   0.0    0.0  720.0   42.0 |    0    0  720   42 | StatusBar#0
07-03 15:13:30.610  3445  3445 I SurfaceFlinger: 
07-03 15:13:30.611 15442 15442 W ADebug  : Failed to get property persist.sys.media.traces
07-03 15:13:30.614 15442 15442 E appproc : Enhanced Zygote ASLR: ro.knox.enhance.zygote.aslr != 1. Enhanced Zygote ASLR is DISABLED!
07-03 15:13:30.614 15442 15442 D AndroidRuntime: >>>>>> START com.android.internal.os.RuntimeInit uid 2000 <<<<<<
07-03 15:13:30.617 15442 15442 D SecNativeFeatureCppIf: encoded
07-03 15:13:30.617 15442 15442 D SecNativeFeatureCppIf: decoding and unzip finish
07-03 15:13:30.617 15442 15442 D SecNativeFeatureCppIf: use unCompDataBuff. encoded
07-03 15:13:30.618 15442 15442 D SecNativeFeatureCppIf: Free unCompDataBuff
07-03 15:13:30.618 15442 15442 D SecNativeFeatureCppIf: encoded
07-03 15:13:30.618 15442 15442 D SecNativeFeatureCppIf: decoding and unzip finish
07-03 15:13:30.618 15442 15442 D SecNativeFeatureCppIf: use unCompDataBuff. encoded
07-03 15:13:30.618 15442 15442 D SecNativeFeatureCppIf: Free unCompDataBuff
07-03 15:13:30.618 15442 15442 D SecNativeFeatureCppIf: encoded
07-03 15:13:30.618 15442 15442 D SecNativeFeatureCppIf: decoding and unzip finish
07-03 15:13:30.618 15442 15442 D SecNativeFeatureCppIf: use unCompDataBuff. encoded
07-03 15:13:30.618 15442 15442 D SecNativeFeatureCppIf: Free unCompDataBuff
07-03 15:13:30.618 15442 15442 D SecNativeFeatureCppIf: encoded
07-03 15:13:30.618 15442 15442 D SecNativeFeatureCppIf: decoding and unzip finish
07-03 15:13:30.618 15442 15442 D SecNativeFeatureCppIf: use unCompDataBuff. encoded
07-03 15:13:30.619 15442 15442 D SecNativeFeatureCppIf: Free unCompDataBuff
07-03 15:13:30.643  3954  4022 I WindowManager: Destroying surface Surface(name=com.sec.android.app.launcher/com.sec.android.app.launcher.activities.LauncherActivity) called by com.android.server.wm.WindowStateAnimator.destroySurface:2501 com.android.server.wm.WindowStateAnimator.destroySurfaceLocked:985 com.android.server.wm.WindowState.destroyOrSaveSurfaceUnchecked:3670 com.android.server.wm.WindowState.destroySurface:3618 com.android.server.wm.AppWindowToken.destroySurfaces:722 com.android.server.wm.AppWindowToken.destroySurfaces:706 com.android.server.wm.WindowState.onExitAnimationDone:5316 com.android.server.wm.AppWindowAnimator.stepAnimationLocked:508 
07-03 15:13:30.644  3445  3739 I SurfaceFlinger: id=163 Removed com.sec.android.app.launcher/com.sec.android.app.launcher.activities.LauncherActivity#0 (1/4)
07-03 15:13:30.648  3445  3485 I SurfaceFlinger: id=163 Removed com.sec.android.app.launcher/com.sec.android.app.launcher.activities.LauncherActivity#0 (-2/4)
07-03 15:13:30.650  4348  4363 D WallpaperService: dispatchAppVisibility onVisibilityChanged(): false
07-03 15:13:30.650  4348  4348 D ImageWallpaper: onVisibilityChanged: mVisible, visible=true, false
07-03 15:13:30.650  4348  4348 D ImageWallpaper: Visibility changed to visible=false
07-03 15:13:30.650  4348  4348 D WallpaperService: reportVisibility onVisibilityChanged visible: false
07-03 15:13:30.656  3445  3445 I Layer   : id=163 onRemoved com.sec.android.app.launcher/com.sec.android.app.launcher.activities.LauncherActivity#0 
07-03 15:13:30.661  3954  4435 V WindowManager: Relayout Window{518a671 u0 com.example.batterymanager_utility/com.example.batterymanager_utility.MainActivity}: viewVisibility=0 req=719x1237 WM.LayoutParams{(0,0)(fillxfill) sim=#120 ty=1 fl=#81810100 pfl=0x20000 wanim=0x10302fd vsysui=0x600 needsMenuKey=2 colorMode=0 naviIconColor=0}
07-03 15:13:30.662  3445  3445 I SurfaceFlinger: id=165 createSurf (720x1280),1 flag=404, com.example.batterymanager_utility/com.example.batterymanager_utility.MainActivity#0
07-03 15:13:30.663  3954  4435 V Surface : sf_framedrop debug : 0x4f4c, game : false, logging : 0
07-03 15:13:30.666  3954  4435 D InputDispatcher: Focus entered window: 15428
07-03 15:13:30.670 15428 15428 V Surface : sf_framedrop debug : 0x4f4c, game : false, logging : 0
07-03 15:13:30.672 15428 15428 D ViewRootImpl@d9b1d83[MainActivity]: Relayout returned: old=[0,0][0,0] new=[0,0][720,1280] result=0x7 surface={valid=true 524775211008} changed=true
07-03 15:13:30.677 15428 15446 I OpenGLRenderer: Initialized EGL, version 1.4
07-03 15:13:30.678 15428 15446 D OpenGLRenderer: Swap behavior 2
07-03 15:13:30.683 15428 15446 D libGLESv1: STS_GLApi : DTS, ODTC are not allowed for Package : com.example.batterymanager_utility
07-03 15:13:30.684 15428 15446 D mali_winsys: EGLint new_window_surface(egl_winsys_display *, void *, EGLSurface, EGLConfig, egl_winsys_surface **, egl_color_buffer_format *, EGLBoolean) returns 0x3000,  [720x1280]-format:1
07-03 15:13:30.684 15428 15446 D OpenGLRenderer: eglCreateWindowSurface = 0x7a1dacf980
07-03 15:13:30.692 15428 15428 D Compose Focus: Owner FocusChanged(true)
07-03 15:13:30.742 15442 15442 D ICU     : Timezone override file found: /data/misc/zoneinfo/current/icu/icu_tzdata.dat
07-03 15:13:30.758 15442 15442 I app_process: find the special shared library, skip check
07-03 15:13:30.765  3954  4435 V WindowManager: finishDrawingLocked: mDrawState=COMMIT_DRAW_PENDING Window{518a671 u0 com.example.batterymanager_utility/com.example.batterymanager_utility.MainActivity} in Surface(name=com.example.batterymanager_utility/com.example.batterymanager_utility.MainActivity)
07-03 15:13:30.767 15428 15428 D ViewRootImpl@d9b1d83[MainActivity]: MSG_RESIZED_REPORT: frame=Rect(0, 0 - 720, 1280) ci=Rect(0, 42 - 0, 0) vi=Rect(0, 42 - 0, 0) or=1
07-03 15:13:30.767 15428 15428 D ViewRootImpl@d9b1d83[MainActivity]: MSG_WINDOW_FOCUS_CHANGED 1
07-03 15:13:30.769  3954  4022 D ViewRootImpl@4f6a3e7[batterymanager_utility]: dispatchDetachedFromWindow
07-03 15:13:30.769  3954  4022 D InputEventReceiver: channel 'e9e5b94 Splash Screen com.example.batterymanager_utility (client)' ~ Disposing input event receiver.
07-03 15:13:30.770  3954  4022 D InputEventReceiver: channel 'e9e5b94 Splash Screen com.example.batterymanager_utility (client)' ~NativeInputEventReceiver.
07-03 15:13:30.774 15428 15428 V InputMethodManager: Starting input: tba=android.view.inputmethod.EditorInfo@d0ee3e6 nm : com.example.batterymanager_utility ic=null
07-03 15:13:30.774 15428 15428 I InputMethodManager: startInputInner - mService.startInputOrWindowGainedFocus
07-03 15:13:30.774  3954  4435 D InputMethodManagerService: startInputOrWindowGainedFocus : windowGainedFocus 
07-03 15:13:30.775  3954  4435 D InputMethodManagerService: windowGainedFocus: destinationUserId (getCallingUid) = 0
07-03 15:13:30.775  3954  4435 D InputMethodManagerService: windowGainedFocus: currentUserId=0
07-03 15:13:30.775  3954  4435 D InputMethodManagerService: windowGainedFocus: mCurrentFocusedUserId=0
07-03 15:13:30.775  3954  4435 D InputMethodManagerService: windowGainedFocus : lock - currentUserId = 0 destinationUserId = 0
07-03 15:13:30.775  3954  4435 D InputMethodManagerService: windowGainedFocus : mCurrentFocusedUserId - 0 and mSecureKeypadEnabled - false, userSwitched - false
07-03 15:13:30.776  3954  3982 I ActivityManager: Displayed com.example.batterymanager_utility/.MainActivity: +688ms
07-03 15:13:30.776  3954  4435 V InputMethodManagerService: windowGainedFocus : reason=WINDOW_FOCUS_GAIN client=android.os.BinderProxy@aa273fb inputContext=null missingMethods= attribute=android.view.inputmethod.EditorInfo@d9d1c4 nm = com.example.batterymanager_utility controlFlags=#105 softInputMode=#120 windowFlags=#81810100
07-03 15:13:30.776  3954  4435 V InputMethodManagerService: hideCurrentInputLocked : shouldHideSoftInput is false
07-03 15:13:30.777  3954  4435 D InputMethodManagerService: isImeSwitcherDisabledPackage : false
07-03 15:13:30.777  3954  3982 D CustomFrequencyManagerService: acquireDVFSLockLocked : type : DVFS_MIN_LIMIT  frequency : 1560000  uid : 1000  pid : 3954  pkgName : AMS_RESUME_TAIL@CPU_MIN@21
07-03 15:13:30.777  3954  3982 D ActivityManagerPerformance: AMP_acquire() TAIL
07-03 15:13:30.777  3954  4435 V InputMethodManagerService: Creating new session for client ClientState{c4038ad uid 10168 pid 15428}
07-03 15:13:30.777  3954  3982 D CustomFrequencyManagerService: releaseDVFSLockLocked : Getting Lock type frm List : DVFS_MIN_LIMIT  frequency : 1560000  uid : 1000  pid : 3954  tag : AMS_APP_SWITCH@CPU_MIN@15
07-03 15:13:30.777  3954  3982 D ActivityManagerPerformance: AMP_release() APP_SWITCH
07-03 15:13:30.780  3954  4435 D InputMethodManagerService: setCurrentInputInfo - inputContext : null eidtorInfo : android.view.inputmethod.EditorInfo@d9d1c4 missingMethods : 0
07-03 15:13:30.781  4336  4336 I InputMethodWrapper:  call dispatchStartInputWithToken
07-03 15:13:30.781  4336  4336 I InputMethodService: dispatchStartInputWithToken
07-03 15:13:30.782  4336  4336 I SKBD    : SamsungKeypad [IMI] onStartInput - caller pid : 15428, caller uid : 10168
07-03 15:13:30.792 15428 15428 V InputMethodManager: Starting input: tba=android.view.inputmethod.EditorInfo@2ab4d27 nm : com.example.batterymanager_utility ic=null
07-03 15:13:30.792 15442 15442 D SemCscFeature: Encoded
07-03 15:13:30.795 15442 15442 I chatty  : uid=2000(shell) identical 2 lines
07-03 15:13:30.797 15442 15442 D SemCscFeature: Encoded
07-03 15:13:30.798 15442 15442 E SemAffinityControl: SemAffinityControl: registerfunction enter
07-03 15:13:30.800  5301  5301 D StageManager: saved stages : inStack [1] , outStack[2]
07-03 15:13:30.805 15442 15442 D AndroidRuntime: Calling main entry com.android.commands.monkey.Monkey
07-03 15:13:30.810  3445  3445 I SurfaceFlinger: Display 0 HWC layers:
07-03 15:13:30.810  3445  3445 I SurfaceFlinger:     type    |    handle    | flag |  format   |   source crop (l,t,r,b)    |         frame       | name 
07-03 15:13:30.810  3445  3445 I SurfaceFlinger: ------------+--------------+------+-----------+----------------------------+---------------------+------
07-03 15:13:30.810  3445  3445 I SurfaceFlinger:      Device | 0x75f60aa5c0 | 0002 | RGBA_8888 |   0.0    0.0  720.0 1280.0 |    0    0  720 1280 | com.example.batterymanager_utility/c[...]atterymanager_utility.MainActivity#0
07-03 15:13:30.810  3445  3445 I SurfaceFlinger:      Device | 0x75f85f6840 | 0002 | RGBA_8888 |   0.0    0.0  720.0 1280.0 |    0    0  720 1280 | Splash Screen com.example.batterymanager_utility#0
07-03 15:13:30.810  3445  3445 I SurfaceFlinger:      Device | 0x75fc424180 | 0000 | RGBA_8888 |   0.0    0.0  720.0   42.0 |    0    0  720   42 | StatusBar#0
07-03 15:13:30.810  3445  3445 I SurfaceFlinger: 
07-03 15:13:30.834  3954  3969 W BroadcastQueue: Skipping deliver [background] BroadcastRecord{cd4b2a9 u-1 android.net.conn.CONNECTIVITY_CHANGE} to ReceiverList{cb5c02e 15442 (unknown name)/2000/u-1 remote:3c56773}: process gone or crashing
07-03 15:13:30.850  3954  7346 I ActivityManager: START u0 {act=android.intent.action.MAIN typ=null flg=0x10200000 cmp=ComponentInfo{e.www.writelocaltest/e.www.writelocaltest.MainActivity}} from uid 2000
07-03 15:13:30.851  3954  7346 W Binder  : Outgoing transactions from this process must be FLAG_ONEWAY
07-03 15:13:30.851  3954  7346 W Binder  : java.lang.Throwable
07-03 15:13:30.851  3954  7346 W Binder  : 	at android.os.BinderProxy.transact(Binder.java:744)
07-03 15:13:30.851  3954  7346 W Binder  : 	at android.app.IActivityController$Stub$Proxy.activityStarting(IActivityController.java:172)
07-03 15:13:30.851  3954  7346 W Binder  : 	at com.android.server.am.ActivityStarter.startActivity(ActivityStarter.java:648)
07-03 15:13:30.851  3954  7346 W Binder  : 	at com.android.server.am.ActivityStarter.startActivityLocked(ActivityStarter.java:410)
07-03 15:13:30.851  3954  7346 W Binder  : 	at com.android.server.am.ActivityStarter.startActivityMayWait(ActivityStarter.java:1283)
07-03 15:13:30.851  3954  7346 W Binder  : 	at com.android.server.am.ActivityManagerService.startActivityAsUser(ActivityManagerService.java:6033)
07-03 15:13:30.851  3954  7346 W Binder  : 	at com.android.server.am.ActivityManagerService.startActivity(ActivityManagerService.java:5885)
07-03 15:13:30.851  3954  7346 W Binder  : 	at android.app.IActivityManager$Stub.onTransact(IActivityManager.java:121)
07-03 15:13:30.851  3954  7346 W Binder  : 	at com.android.server.am.ActivityManagerService.onTransact(ActivityManagerService.java:3861)
07-03 15:13:30.851  3954  7346 W Binder  : 	at android.os.Binder.execTransact(Binder.java:682)
07-03 15:13:30.855  3954  7346 D CustomFrequencyManagerService: acquireDVFSLockLocked : type : DVFS_MIN_LIMIT  frequency : 1560000  uid : 1000  pid : 3954  pkgName : AMS_APP_SWITCH@CPU_MIN@15
07-03 15:13:30.855  3954  7346 D ActivityManagerPerformance: AMP_acquire() APP_SWITCH
07-03 15:13:30.855  3954  5010 D ActivityManagerPerformance: Received MSG_CFMS_HINT_AMS_SWITCH pkgName: e.www.writelocaltest
07-03 15:13:30.862  3954  7346 D ActivityManager: isScaleDownAnimationEnabled() : false
07-03 15:13:30.863  3954  4435 V WindowManager: rotationForOrientationLw(orient=-1, last=0); user=0  sensorRotation=-1 mLidState=-1 mDockMode=0 mHdmiPlugged=false
07-03 15:13:30.863  3954  7346 D StorageManagerService: getExternalStorageMountMode : 3
07-03 15:13:30.864  3954  7346 D StorageManagerService: getExternalStorageMountMode : 3
07-03 15:13:30.864  3954  7346 D StorageManagerService: getExternalStorageMountMode : final mountMode=3, uid : 10172, packageName : e.www.writelocaltest
07-03 15:13:30.864  3954  7346 I ApplicationPolicy: isApplicationExternalStorageWhitelisted:e.www.writelocaltest user:0
07-03 15:13:30.864  3954  7346 D ApplicationPolicy: isApplicationExternalStorageWhitelisted: DO is not enabled on user 0. Allowed.
07-03 15:13:30.864  3954  7346 D ActivityManager: package  e.www.writelocaltest, user - 0 is SDcard whitelisted
07-03 15:13:30.864  3954  7346 I ApplicationPolicy: isApplicationExternalStorageBlacklisted:e.www.writelocaltest user:0
07-03 15:13:30.864  3954  7346 D ApplicationPolicy: isApplicationExternalStorageBlacklisted: DO is not enabled on user 0. Allowed.
07-03 15:13:30.864  3954  4435 V WindowManager: rotationForOrientationLw(orient=-1, last=0); user=0  sensorRotation=-1 mLidState=-1 mDockMode=0 mHdmiPlugged=false
07-03 15:13:30.867  3954  4022 D ViewRootImpl@5a92d92[writelocaltest]: setView = DecorView@60d9b60[writelocaltest] TM=true MM=false
07-03 15:13:30.873  3954  4022 D ViewRootImpl@5a92d92[writelocaltest]: dispatchAttachedToWindow
07-03 15:13:30.874  3954  4022 V WindowManager: Relayout Window{5d71363 u0 Splash Screen e.www.writelocaltest}: viewVisibility=0 req=719x1237 WM.LayoutParams{(0,0)(fillxfill) sim=#20 ty=3 fl=#81830118 pfl=0x20011 wanim=0x10302fd vsysui=0x600 needsMenuKey=2 colorMode=0 naviIconColor=0}
07-03 15:13:30.874 15471 15471 E Zygote  : isWhitelistProcess - Process is Whitelisted
07-03 15:13:30.875 15471 15471 E libpersona: scanKnoxPersonas
07-03 15:13:30.875 15471 15471 E libpersona: Couldn't open the File - /data/system/users/0/personalist.xml - No such file or directory
07-03 15:13:30.876  3954  7346 I ActivityManager: Start proc 15471:e.www.writelocaltest/u0a172 for activity e.www.writelocaltest/.MainActivity
07-03 15:13:30.876  3445  3445 I SurfaceFlinger: id=166 createSurf (720x1280),1 flag=404, Splash Screen e.www.writelocaltest#0
07-03 15:13:30.877 15471 15471 W SELinux : SELinux selinux_android_compute_policy_index : Policy Index[2],  Con:u:r:zygote:s0 RAM:SEPF_SM-J720F_8.0.0_0002, [-1 -1 -1 -1 0 1]
07-03 15:13:30.877  3954  4022 V Surface : sf_framedrop debug : 0x4f4c, game : false, logging : 0
07-03 15:13:30.877 15471 15471 I SELinux : SELinux: seapp_context_lookup: seinfo=untrusted, level=s0:c512,c768, pkgname=e.www.writelocaltest 
07-03 15:13:30.879 15471 15471 I zygote64: Late-enabling -Xcheck:jni
07-03 15:13:30.879  3954  4022 D ViewRootImpl@5a92d92[writelocaltest]: Relayout returned: old=[0,0][0,0] new=[0,0][720,1280] result=0x7 surface={valid=true 523519430656} changed=true
07-03 15:13:30.889  3954  3970 V WindowManager: rotationForOrientationLw(orient=-1, last=0); user=0  sensorRotation=-1 mLidState=-1 mDockMode=0 mHdmiPlugged=false
07-03 15:13:30.890 15442 15442 I com.android.commands.monkey: System.exit called, status: 0
07-03 15:13:30.890 15442 15442 I AndroidRuntime: VM exiting with result code 0.
07-03 15:13:30.894  3954  3970 V WindowManager: rotationForOrientationLw(orient=-1, last=0); user=0  sensorRotation=-1 mLidState=-1 mDockMode=0 mHdmiPlugged=false
07-03 15:13:30.897  4348  4696 D Tile.RotationLockTile:  handleUpdateState: true orientation = true
07-03 15:13:30.899  3954  4022 V WindowManager: finishDrawingLocked: mDrawState=COMMIT_DRAW_PENDING Window{5d71363 u0 Splash Screen e.www.writelocaltest} in Surface(name=Splash Screen e.www.writelocaltest)
07-03 15:13:30.900  3954  4022 D ViewRootImpl@5a92d92[writelocaltest]: MSG_RESIZED_REPORT: frame=Rect(0, 0 - 720, 1280) ci=Rect(0, 42 - 0, 0) vi=Rect(0, 42 - 0, 0) or=1
07-03 15:13:30.901  4348  4696 D Tile.RotationLockTile:  handleUpdateState: true orientation = true
07-03 15:13:30.916 15471 15471 D TimaKeyStoreProvider: TimaKeyStore is not enabled: cannot add TimaSignature Service and generateKeyPair Service
07-03 15:13:30.917 15471 15471 D ActivityThread: Added TimaKeyStore provider
07-03 15:13:30.920  3954  4435 I ActivityManager: DSS on for e.www.writelocaltest and scale is 1.0
07-03 15:13:30.928  3954  4435 D PersonaManagerService: Current focused persona service handled id set to : 0
07-03 15:13:30.929  3954  4435 D InputDispatcher: Focused application set to: xxxx
07-03 15:13:30.929  3954  4435 D InputDispatcher: Focus left window: 15428
07-03 15:13:30.931  3954  4435 D MARsPolicyManager: onPackageResumedFG pkgName = e.www.writelocaltest, userId = 0
07-03 15:13:30.931  3954  4205 D GameManagerService: handleForegroundChange(). pkgName: e.www.writelocaltest, clsName: e.www.writelocaltest.MainActivity,FgActivityName:e.www.writelocaltest/.MainActivity
07-03 15:13:30.931  3954  4205 D GameManagerService: sem_perfomance_mode: 3
07-03 15:13:30.931  3954  4205 D GameManagerService: notifyResumePause(). pkg: e.www.writelocaltest, type: 4, isMinimized: false, isTunableApp: false
07-03 15:13:30.931  3954  4205 D GameManagerService:   notifyResumePause(). unexpected mPrevNotiType: -1
07-03 15:13:30.935  3954  3984 I PowerManagerService: [PWL] On : 189707 (2347709 ms ago)
07-03 15:13:30.935  3954  3984 I PowerManagerService: [PWL]  mStayOn: false  mWakeLockSummary & WAKE_LOCK_STAY_AWAKE: 20  mUserActivitySummary: 0x4
07-03 15:13:30.935  3954  3984 I PowerManagerService: [PWL]  SCREEN_BRIGHT_WAKE_LOCK        'app:ScreenScreenON' ACQ=-39m2s975ms (uid=10162 pid=11311)
07-03 15:13:30.942  3445  3445 I SurfaceFlinger: Display 0 HWC layers:
07-03 15:13:30.942  3445  3445 I SurfaceFlinger:     type    |    handle    | flag |  format   |   source crop (l,t,r,b)    |         frame       | name 
07-03 15:13:30.942  3445  3445 I SurfaceFlinger: ------------+--------------+------+-----------+----------------------------+---------------------+------
07-03 15:13:30.942  3445  3445 I SurfaceFlinger:      Device | 0x75f60aa5c0 | 0002 | RGBA_8888 |   0.0    0.0  720.0 1280.0 |    0    0  720 1280 | com.example.batterymanager_utility/c[...]atterymanager_utility.MainActivity#0
07-03 15:13:30.942  3445  3445 I SurfaceFlinger:      Device | 0x75fc424180 | 0000 | RGBA_8888 |   0.0    0.0  720.0   42.0 |    0    0  720   42 | StatusBar#0
07-03 15:13:30.942  3445  3445 I SurfaceFlinger: 
07-03 15:13:30.942  3445  3445 V Surface : sf_framedrop debug : 0x4f4c, game : false, logging : 0
07-03 15:13:30.943 15428 15446 D OpenGLRenderer: eglDestroySurface = 0x7a1dacf980
07-03 15:13:30.950  3954  4435 D TaskSnapshotCache: putSnapshot mTaskId=251 RunningCache size=1
07-03 15:13:30.953  3954  4022 I WindowManager: Destroying surface Surface(name=Splash Screen com.example.batterymanager_utility) called by com.android.server.wm.WindowStateAnimator.destroySurface:2501 com.android.server.wm.WindowStateAnimator.destroySurfaceLocked:985 com.android.server.wm.WindowState.destroyOrSaveSurfaceUnchecked:3670 com.android.server.wm.WindowState.destroySurface:3618 com.android.server.wm.AppWindowToken.destroySurfaces:722 com.android.server.wm.AppWindowToken.destroySurfaces:706 com.android.server.wm.WindowState.onExitAnimationDone:5316 com.android.server.wm.WindowStateAnimator.stepAnimationLocked:550 
07-03 15:13:30.953  3445  3485 I SurfaceFlinger: id=164 Removed Splash Screen com.example.batterymanager_utility#0 (3/5)
07-03 15:13:30.954  3954  4082 D MdnieScenarioControlService:  packageName : e.www.writelocaltest    className : e.www.writelocaltest.MainActivity
07-03 15:13:30.954  3954  4082 V MdnieScenarioControlService: setUIMode from UI function(3)
07-03 15:13:30.954  3954  6585 D GamePkgDataHelper: getGamePkgDataIncServer(). e.www.writelocaltest
07-03 15:13:30.954  3954  6585 D GamePkgDataHelper: getSosPolicy(). e.www.writelocaltest
07-03 15:13:30.955  3954  6585 D GameManagerService: identifyGamePackage. e.www.writelocaltest
07-03 15:13:30.955  3954  6585 D GamePkgDataHelper: getGamePkgData(). e.www.writelocaltest
07-03 15:13:30.956  3954  6585 D GameManagerService: identifyGamePackage. e.www.writelocaltest
07-03 15:13:30.956  3954  6585 D GamePkgDataHelper: getGamePkgData(). e.www.writelocaltest
07-03 15:13:30.957  3445  3445 I SurfaceFlinger: id=167 createSurf (16x16),-1 flag=20004, animation background stackId=1#0
07-03 15:13:30.957  3445  3445 I Layer   : id=164 onRemoved Splash Screen com.example.batterymanager_utility#0 
07-03 15:13:30.957  3954  6585 D GameManagerService: identifyGamePackage. e.www.writelocaltest
07-03 15:13:30.957  3954  6585 D GamePkgDataHelper: getGamePkgData(). e.www.writelocaltest
07-03 15:13:30.958  3954  6585 D GameManagerService: identifyGamePackage. e.www.writelocaltest
07-03 15:13:30.958  3954  6585 D GamePkgDataHelper: getGamePkgData(). e.www.writelocaltest
07-03 15:13:30.967 15471 15471 I zygote64: no shared libraies, dex_files: 1
07-03 15:13:30.974  3954  4633 V WindowManager: Relayout Window{518a671 u0 com.example.batterymanager_utility/com.example.batterymanager_utility.MainActivity}: viewVisibility=8 req=720x1280 WM.LayoutParams{(0,0)(fillxfill) sim=#120 ty=1 fl=#81810100 pfl=0x20000 wanim=0x10302fd vsysui=0x600 needsMenuKey=2 colorMode=0 naviIconColor=0}
07-03 15:13:30.977  3445  3445 I SurfaceFlinger: Display 0 HWC layers:
07-03 15:13:30.977  3445  3445 I SurfaceFlinger:     type    |    handle    | flag |  format   |   source crop (l,t,r,b)    |         frame       | name 
07-03 15:13:30.977  3445  3445 I SurfaceFlinger: ------------+--------------+------+-----------+----------------------------+---------------------+------
07-03 15:13:30.977  3445  3445 I SurfaceFlinger:      Client |              | 0000 |  Unknown  |  -0.2   -0.2   -0.8   -0.8 |    0    0  720 1280 | animation background stackId=1#0
07-03 15:13:30.977  3445  3445 I SurfaceFlinger:      Client | 0x75f60aa5c0 | 0002 | RGBA_8888 |   0.0    0.0  720.0 1280.0 |    0    0  720 1279 | com.example.batterymanager_utility/c[...]atterymanager_utility.MainActivity#0
07-03 15:13:30.977  3445  3445 I SurfaceFlinger:      Device | 0x75fc424180 | 0000 | RGBA_8888 |   0.0    0.0  720.0   42.0 |    0    0  720   42 | StatusBar#0
07-03 15:13:30.977  3445  3445 I SurfaceFlinger: 
07-03 15:13:30.979 15428 15428 D ViewRootImpl@d9b1d83[MainActivity]: Relayout returned: old=[0,0][720,1280] new=[0,0][720,1280] result=0x5 surface={valid=false 0} changed=true
07-03 15:13:30.980 15428 15428 D ViewRootImpl@d9b1d83[MainActivity]: MSG_WINDOW_FOCUS_CHANGED 0
07-03 15:13:30.983  3954  3970 D WindowManager: set systemUiVisibility : systemUiFlags= 0x608 fullscreenStackSysUiFlags= 0x0
07-03 15:13:30.988  4348  4363 D SystemServicesProxy: updateOverviewLastStackActiveTimeAsync: newTime=1688388666756
07-03 15:13:30.989  3954  7346 D SecContentProvider: query(), uri = 17 selection = isSettingsChangesAllowed
07-03 15:13:30.989  3954  7346 D SecContentProvider: called from android.uid.systemui:10009
07-03 15:13:30.990  4348  4673 D SystemServicesProxy: updateOverviewLastStackActiveTimeAsync: done.
07-03 15:13:30.991  3954  4435 D PackageManager: getComponentMetadataForIconTray : com.example.batterymanager_utility.MainActivity does not exist in mServices
07-03 15:13:30.991  3954  4435 D PackageManager: getComponentMetadataForIconTray : com.example.batterymanager_utility.MainActivity does not exist in mProviders
07-03 15:13:30.991  3954  4435 D PackageManager: getComponentMetadataForIconTray : com.example.batterymanager_utility.MainActivity does not exist in mReceivers
07-03 15:13:30.991  4348  4363 D ApplicationPackageManager: updateItemMetaDataForFixedIconScale: package: com.example.batterymanager_utility
07-03 15:13:30.992  3954  4435 D PackageManager: getSelectedMetaData : packageName(com.example.batterymanager_utility) or Metadata strings {[Ljava.lang.String;@1318bdb}
07-03 15:13:30.992  4348  4363 I ApplicationPackageManager: load=com.example.batterymanager_utility, bg=144-144, dr=189-189, forDefault=true, density=0
07-03 15:13:30.995  4348  4363 I ApplicationPackageManager: scaled rate=0.72, size=189, alpha=54, hold=102
07-03 15:13:30.995  4348  4363 D ApplicationPackageManager: iconScale: getScale(): 0.72 getAlpha(): 54
07-03 15:13:30.997  4348  4363 I ApplicationPackageManager: load=com.example.batterymanager_utility-contain, bg=112-112, dr=189-189
07-03 15:13:31.063 15471 15471 I zygote64: Rejecting re-init on previously-failed class java.lang.Class<androidx.core.view.ViewCompat$2>: java.lang.NoClassDefFoundError: Failed resolution of: Landroid/view/View$OnUnhandledKeyEventListener;
07-03 15:13:31.063 15471 15471 I zygote64:   at void androidx.core.view.ViewCompat.setOnApplyWindowInsetsListener(android.view.View, androidx.core.view.OnApplyWindowInsetsListener) (ViewCompat.java:2436)
07-03 15:13:31.063 15471 15471 I zygote64:   at android.view.ViewGroup androidx.appcompat.app.AppCompatDelegateImpl.createSubDecor() (AppCompatDelegateImpl.java:779)
07-03 15:13:31.063 15471 15471 I zygote64:   at void androidx.appcompat.app.AppCompatDelegateImpl.ensureSubDecor() (AppCompatDelegateImpl.java:659)
07-03 15:13:31.063 15471 15471 I zygote64:   at void androidx.appcompat.app.AppCompatDelegateImpl.setContentView(int) (AppCompatDelegateImpl.java:552)
07-03 15:13:31.063 15471 15471 I zygote64:   at void androidx.appcompat.app.AppCompatActivity.setContentView(int) (AppCompatActivity.java:161)
07-03 15:13:31.063 15471 15471 I zygote64:   at void e.www.writelocaltest.MainActivity.onCreate(android.os.Bundle) (MainActivity.kt:34)
07-03 15:13:31.063 15471 15471 I zygote64:   at void android.app.Activity.performCreate(android.os.Bundle) (Activity.java:7174)
07-03 15:13:31.063 15471 15471 I zygote64:   at void android.app.Instrumentation.callActivityOnCreate(android.app.Activity, android.os.Bundle) (Instrumentation.java:1220)
07-03 15:13:31.063 15471 15471 I zygote64:   at android.app.Activity android.app.ActivityThread.performLaunchActivity(android.app.ActivityThread$ActivityClientRecord, android.content.Intent) (ActivityThread.java:2910)
07-03 15:13:31.063 15471 15471 I zygote64:   at void android.app.ActivityThread.handleLaunchActivity(android.app.ActivityThread$ActivityClientRecord, android.content.Intent, java.lang.String) (ActivityThread.java:3032)
07-03 15:13:31.063 15471 15471 I zygote64:   at void android.app.ActivityThread.-wrap11(android.app.ActivityThread, android.app.ActivityThread$ActivityClientRecord, android.content.Intent, java.lang.String) (ActivityThread.java:-1)
07-03 15:13:31.063 15471 15471 I zygote64:   at void android.app.ActivityThread$H.handleMessage(android.os.Message) (ActivityThread.java:1696)
07-03 15:13:31.063 15471 15471 I zygote64:   at void android.os.Handler.dispatchMessage(android.os.Message) (Handler.java:105)
07-03 15:13:31.063 15471 15471 I zygote64:   at void android.os.Looper.loop() (Looper.java:164)
07-03 15:13:31.063 15471 15471 I zygote64:   at void android.app.ActivityThread.main(java.lang.String[]) (ActivityThread.java:6940)
07-03 15:13:31.063 15471 15471 I zygote64:   at java.lang.Object java.lang.reflect.Method.invoke(java.lang.Object, java.lang.Object[]) (Method.java:-2)
07-03 15:13:31.063 15471 15471 I zygote64:   at void com.android.internal.os.Zygote$MethodAndArgsCaller.run() (Zygote.java:327)
07-03 15:13:31.063 15471 15471 I zygote64:   at void com.android.internal.os.ZygoteInit.main(java.lang.String[]) (ZygoteInit.java:1374)
07-03 15:13:31.063 15471 15471 I zygote64: Caused by: java.lang.ClassNotFoundException: Didn't find class "android.view.View$OnUnhandledKeyEventListener" on path: DexPathList[[zip file "/data/app/e.www.writelocaltest-c_pHDgwYF7nTSCkpC_zTmg==/base.apk"],nativeLibraryDirectories=[/data/app/e.www.writelocaltest-c_pHDgwYF7nTSCkpC_zTmg==/lib/arm64, /system/lib64, /vendor/lib64]]
07-03 15:13:31.063 15471 15471 I zygote64:   at java.lang.Class dalvik.system.BaseDexClassLoader.findClass(java.lang.String) (BaseDexClassLoader.java:93)
07-03 15:13:31.063 15471 15471 I zygote64:   at java.lang.Class java.lang.ClassLoader.loadClass(java.lang.String, boolean) (ClassLoader.java:379)
07-03 15:13:31.063 15471 15471 I zygote64:   at java.lang.Class java.lang.ClassLoader.loadClass(java.lang.String) (ClassLoader.java:312)
07-03 15:13:31.063 15471 15471 I zygote64:   at void androidx.core.view.ViewCompat.setOnApplyWindowInsetsListener(android.view.View, androidx.core.view.OnApplyWindowInsetsListener) (ViewCompat.java:2436)
07-03 15:13:31.063 15471 15471 I zygote64:   at android.view.ViewGroup androidx.appcompat.app.AppCompatDelegateImpl.createSubDecor() (AppCompatDelegateImpl.java:779)
07-03 15:13:31.063 15471 15471 I zygote64:   at void androidx.appcompat.app.AppCompatDelegateImpl.ensureSubDecor() (AppCompatDelegateImpl.java:659)
07-03 15:13:31.063 15471 15471 I zygote64:   at void androidx.appcompat.app.AppCompatDelegateImpl.setContentView(int) (AppCompatDelegateImpl.java:552)
07-03 15:13:31.063 15471 15471 I zygote64:   at void androidx.appcompat.app.AppCompatActivity.setContentView(int) (AppCompatActivity.java:161)
07-03 15:13:31.063 15471 15471 I zygote64:   at void e.www.writelocaltest.MainActivity.onCreate(android.os.Bundle) (MainActivity.kt:34)
07-03 15:13:31.063 15471 15471 I zygote64:   at void android.app.Activity.performCreate(android.os.Bundle) (Activity.java:7174)
07-03 15:13:31.063 15471 15471 I zygote64:   at void android.app.Instrumentation.callActivityOnCreate(android.app.Activity, android.os.Bundle) (Instrumentation.java:1220)
07-03 15:13:31.063 15471 15471 I zygote64:   at android.app.Activity android.app.ActivityThread.performLaunchActivity(android.app.ActivityThread$ActivityClientRecord, android.content.Intent) (ActivityThread.java:2910)
07-03 15:13:31.063 15471 15471 I zygote64:   at void android.app.ActivityThread.handleLaunchActivity(android.app.ActivityThread$ActivityClientRecord, android.content.Intent, java.lang.String) (ActivityThread.java:3032)
07-03 15:13:31.063 15471 15471 I zygote64:   at void android.app.ActivityThread.-wrap11(android.app.ActivityThread, android.app.ActivityThread$ActivityClientRecord, android.content.Intent, java.lang.String) (ActivityThread.java:-1)
07-03 15:13:31.063 15471 15471 I zygote64:   at void android.app.ActivityThread$H.handleMessage(android.os.Message) (ActivityThread.java:1696)
07-03 15:13:31.063 15471 15471 I zygote64:   at void android.os.Handler.dispatchMessage(android.os.Message) (Handler.java:105)
07-03 15:13:31.063 15471 15471 I zygote64:   at void android.os.Looper.loop() (Looper.java:164)
07-03 15:13:31.063 15471 15471 I zygote64:   at void android.app.ActivityThread.main(java.lang.String[]) (ActivityThread.java:6940)
07-03 15:13:31.063 15471 15471 I zygote64:   at java.lang.Object java.lang.reflect.Method.invoke(java.lang.Object, java.lang.Object[]) (Method.java:-2)
07-03 15:13:31.063 15471 15471 I zygote64:   at void com.android.internal.os.Zygote$MethodAndArgsCaller.run() (Zygote.java:327)
07-03 15:13:31.063 15471 15471 I zygote64:   at void com.android.internal.os.ZygoteInit.main(java.lang.String[]) (ZygoteInit.java:1374)
07-03 15:13:31.063 15471 15471 I zygote64: 
07-03 15:13:31.063 15471 15471 I zygote64: Rejecting re-init on previously-failed class java.lang.Class<androidx.core.view.ViewCompat$2>: java.lang.NoClassDefFoundError: Failed resolution of: Landroid/view/View$OnUnhandledKeyEventListener;
07-03 15:13:31.063 15471 15471 I zygote64:   at void androidx.core.view.ViewCompat.setOnApplyWindowInsetsListener(android.view.View, androidx.core.view.OnApplyWindowInsetsListener) (ViewCompat.java:2436)
07-03 15:13:31.063 15471 15471 I zygote64:   at android.view.ViewGroup androidx.appcompat.app.AppCompatDelegateImpl.createSubDecor() (AppCompatDelegateImpl.java:779)
07-03 15:13:31.063 15471 15471 I zygote64:   at void androidx.appcompat.app.AppCompatDelegateImpl.ensureSubDecor() (AppCompatDelegateImpl.java:659)
07-03 15:13:31.063 15471 15471 I zygote64:   at void androidx.appcompat.app.AppCompatDelegateImpl.setContentView(int) (AppCompatDelegateImpl.java:552)
07-03 15:13:31.063 15471 15471 I zygote64:   at void androidx.appcompat.app.AppCompatActivity.setContentView(int) (AppCompatActivity.java:161)
07-03 15:13:31.063 15471 15471 I zygote64:   at void e.www.writelocaltest.MainActivity.onCreate(android.os.Bundle) (MainActivity.kt:34)
07-03 15:13:31.063 15471 15471 I zygote64:   at void android.app.Activity.performCreate(android.os.Bundle) (Activity.java:7174)
07-03 15:13:31.063 15471 15471 I zygote64:   at void android.app.Instrumentation.callActivityOnCreate(android.app.Activity, android.os.Bundle) (Instrumentation.java:1220)
07-03 15:13:31.063 15471 15471 I zygote64:   at android.app.Activity android.app.ActivityThread.performLaunchActivity(android.app.ActivityThread$ActivityClientRecord, android.content.Intent) (ActivityThread.java:2910)
07-03 15:13:31.063 15471 15471 I zygote64:   at void android.app.ActivityThread.handleLaunchActivity(android.app.ActivityThread$ActivityClientRecord, android.content.Intent, java.lang.String) (ActivityThread.java:3032)
07-03 15:13:31.063 15471 15471 I zygote64:   at void android.app.ActivityThread.-wrap11(android.app.ActivityThread, android.app.ActivityThread$ActivityClientRecord, android.content.Intent, java.lang.String) (ActivityThread.java:-1)
