--------- beginning of main
07-04 11:58:19.526 15274 15274 D ProcessState: Binder ioctl to enable oneway spam detection failed: Invalid argument
--------- beginning of system
07-04 11:58:19.533  2164  4318 I ActivityTaskManager: START u0 {act=android.intent.action.MAIN cat=[android.intent.category.LAUNCHER] flg=0x10000000 cmp=com.example.batterymanager_utility/.MainActivity} from uid 2000
07-04 11:58:19.538  2164  4318 W ActivityTaskManager: Can't find TaskDisplayArea to determine support for multi window. Task id=43 attached=false
07-04 11:58:19.544  2164  4318 D CompatibilityChangeReporter: Compat change id reported: 174042980; UID 10232; state: DISABLED
07-04 11:58:19.544  2164  4318 D CompatibilityChangeReporter: Compat change id reported: 184838306; UID 10232; state: DISABLED
07-04 11:58:19.545  2164  4318 D CompatibilityChangeReporter: Compat change id reported: 185004937; UID 10232; state: DISABLED
07-04 11:58:19.552  2164  4318 D CompatibilityChangeReporter: Compat change id reported: 168419799; UID 10232; state: DISABLED
07-04 11:58:19.567  2164  2248 W ActivityManager: ProcessRecord{3ce375a 0:com.example.batterymanager_utility/u0a232}: ART verification disabled
07-04 11:58:19.567  2164  2248 D CompatibilityChangeReporter: Compat change id reported: 135634846; UID 10232; state: DISABLED
07-04 11:58:19.568  2164  2248 D CompatibilityChangeReporter: Compat change id reported: 177438394; UID 10232; state: DISABLED
07-04 11:58:19.568  2164  2248 D CompatibilityChangeReporter: Compat change id reported: 135772972; UID 10232; state: DISABLED
07-04 11:58:19.568  2164  2248 D CompatibilityChangeReporter: Compat change id reported: 135754954; UID 10232; state: ENABLED
07-04 11:58:19.568  2164  2257 D CompatibilityChangeReporter: Compat change id reported: 143937733; UID 10232; state: ENABLED
07-04 11:58:19.575  1085  1085 D Zygote  : Forked child process 15277
07-04 11:58:19.578  2164  2257 I ActivityManager: Start proc 15277:com.example.batterymanager_utility/u0a232 for pre-top-activity {com.example.batterymanager_utility/com.example.batterymanager_utility.MainActivity}
07-04 11:58:19.580 15277 15277 I manager_utilit: Late-enabling -Xcheck:jni
07-04 11:58:19.608 15277 15277 I manager_utilit: Using CollectorTypeCC GC.
07-04 11:58:19.612 14647 14655 I adbd    : jdwp connection from 15277
07-04 11:58:19.614 15277 15277 D ProcessState: Binder ioctl to enable oneway spam detection failed: Invalid argument
07-04 11:58:19.625 15277 15277 D CompatibilityChangeReporter: Compat change id reported: 171979766; UID 10232; state: ENABLED
07-04 11:58:19.633 15277 15277 D nativeloader: Configuring classloader-namespace for other apk /data/app/~~ANgK9B_8Okj7cF5VIgXbAA==/com.example.batterymanager_utility-Q5oCh0_4negekgrOto30lw==/base.apk. target_sdk_version=33, uses_libraries=, library_path=/data/app/~~ANgK9B_8Okj7cF5VIgXbAA==/com.example.batterymanager_utility-Q5oCh0_4negekgrOto30lw==/lib/arm64, permitted_path=/data:/mnt/expand:/data/user/0/com.example.batterymanager_utility
07-04 11:58:19.639 15277 15277 V GraphicsEnvironment: ANGLE Developer option for 'com.example.batterymanager_utility' set to: 'default'
07-04 11:58:19.640 15277 15277 V GraphicsEnvironment: App is not on the allowlist for updatable production driver.
07-04 11:58:19.641 15277 15277 D NetworkSecurityConfig: No Network Security Config specified, using platform default
07-04 11:58:19.641 15277 15277 D NetworkSecurityConfig: No Network Security Config specified, using platform default
07-04 11:58:19.645 15277 15277 I BatteryMgr:App: creating notification channel
07-04 11:58:19.659  4096  4096 I A       : onPause
07-04 11:58:19.662  3724  3724 I GsaVoiceInteractionSrv: Handling ACTION_STOP_HOTWORD
07-04 11:58:19.741 15303 15303 D AndroidRuntime: >>>>>> START com.android.internal.os.RuntimeInit uid 2000 <<<<<<
07-04 11:58:19.746 15303 15303 I AndroidRuntime: Using default boot image
07-04 11:58:19.746 15303 15303 I AndroidRuntime: Leaving lock profiling enabled
07-04 11:58:19.740 15303 15303 W app_process: type=1400 audit(0.0:126): avc: denied { read } for name="u:object_r:odsign_prop:s0" dev="tmpfs" ino=23665 scontext=u:r:shell:s0 tcontext=u:object_r:odsign_prop:s0 tclass=file permissive=0
07-04 11:58:19.746 15303 15303 W libc    : Access denied finding property "odsign.verification.success"
07-04 11:58:19.749 15303 15303 W app_process: ART APEX data files are untrusted.
07-04 11:58:19.749 15303 15303 I app_process: Using CollectorTypeCC GC.
07-04 11:58:19.749 15303 15303 E app_process: Error reading named image component header for /system/framework/boot.art, error: Unable to open file "/system/framework/arm64/boot.art" for reading image header
07-04 11:58:19.766 15305 15305 W dex2oat64: Mismatch between dex2oat instruction set features to use (ISA: Arm64 Feature string: -a53,crc,lse,fp16,-dotprod,-sve) and those from CPP defines (ISA: Arm64 Feature string: -a53,-crc,-lse,-fp16,-dotprod,-sve) for the command line:
07-04 11:58:19.766 15305 15305 W dex2oat64: /apex/com.android.art/bin/dex2oat64 --runtime-arg -Xbootclasspath:/apex/com.android.art/javalib/core-oj.jar:/apex/com.android.art/javalib/core-libart.jar:/apex/com.android.art/javalib/okhttp.jar:/apex/com.android.art/javalib/bouncycastle.jar:/apex/com.android.art/javalib/apache-xml.jar:/system/framework/framework.jar:/system/framework/framework-graphics.jar:/system/framework/ext.jar:/system/framework/telephony-common.jar:/system/framework/voip-common.jar:/system/framework/ims-common.jar:/apex/com.android.i18n/javalib/core-icu4j.jar --runtime-arg -Xbootclasspath-locations:/apex/com.android.art/javalib/core-oj.jar:/apex/com.android.art/javalib/core-libart.jar:/apex/com.android.art/javalib/okhttp.jar:/apex/com.android.art/javalib/bouncycastle.jar:/apex/com.android.art/javalib/apache-xml.jar:/system/framework/framework.jar:/system/framework/framework-graphics.jar:/system/framework/ext.jar:/system/framework/telephony-common.jar:/system/framework/voip-common.jar:/system/framework/ims-common.jar:/apex/com.android.i18n/javalib/core-icu4j.jar --base=0x70000000 --dex-file=/apex/com.android.art/javalib/core-oj.jar --dex-location=/apex/com.android.art/javalib/core-oj.jar --dex-file=/apex/com.android.art/javalib/core-libart.jar --dex-location=/apex/com.android.art/javalib/core-libart.jar --dex-file=/apex/com.android.art/javalib/okhttp.jar --dex-location=/apex/com.android.art/javalib/okhttp.jar --dex-file=/apex/com.android.art/javalib/bouncycastle.jar --dex-location=/apex/com.android.art/javalib/bouncycastle.jar --dex-file=/apex/com.android.art/javalib/apache-xml.jar --dex-location=/apex/com.android.art/javalib/apache-xml.jar --dex-file=/system/framework/framework.jar --dex-location=/system/framework/framework.jar --dex-file=/system/framework/framework-graphics.jar --dex-location=/system/framework/framework-graphics.jar --dex-file=/system/framework/ext.jar --dex-location=/system/framework/ext.jar --dex-file=/system/framework/telephony-common.jar --dex-location=/system/framework/telephony-common.jar --dex-file=/system/framework/voip-common.jar --dex-location=/system/framework/voip-common.jar --dex-file=/system/framework/ims-common.jar --dex-location=/system/framework/ims-common.jar --dex-file=/apex/com.android.i18n/javalib/core-icu4j.jar --dex-location=/apex/com.android.i18n/javalib/core-icu4j.jar --image-fd=5 --output-vdex-fd=6 --oat-fd=7 --oat-location=/system/framework/arm64/boot.oat --single-image --image-format=uncompressed --compiler-filter=verify --profile-file=/apex/com.android.art/etc/boot-image.prof --profile-file=/system/etc/boot-image.prof --avoid-storing-invocation --instruction-set=arm64 --instruction-set-features=runtime --runtime-arg -Xms64m --runtime-arg -Xmx64m --dirty-image-objects=/system/etc/dirty-image-objects --instruction-set-variant=kryo385 --instruction-set-features=default --generate-mini-debug-info
07-04 11:58:19.772  2164  2249 D CompatibilityChangeReporter: Compat change id reported: 158002302; UID 10232; state: ENABLED
07-04 11:58:19.774 15277 15300 I AdrenoGLES-0: QUALCOMM build                   : 781e7d0, I46ff5fc46f
07-04 11:58:19.774 15277 15300 I AdrenoGLES-0: Build Date                       : 12/01/20
07-04 11:58:19.774 15277 15300 I AdrenoGLES-0: OpenGL ES Shader Compiler Version: EV031.31.04.01
07-04 11:58:19.774 15277 15300 I AdrenoGLES-0: Local Branch                     : QPR1
07-04 11:58:19.774 15277 15300 I AdrenoGLES-0: Remote Branch                    : 
07-04 11:58:19.774 15277 15300 I AdrenoGLES-0: Remote Branch                    : 
07-04 11:58:19.774 15277 15300 I AdrenoGLES-0: Reconstruct Branch               : 
07-04 11:58:19.774 15277 15300 I AdrenoGLES-0: Build Config                     : C P 11.0.1 AArch64
07-04 11:58:19.774 15277 15300 I AdrenoGLES-0: Driver Path                      : /vendor/lib64/egl/libGLESv2_adreno.so
07-04 11:58:19.776 15277 15300 I AdrenoGLES-0: PFP: 0x016ee190, ME: 0x00000000
07-04 11:58:19.777 15277 15300 W AdrenoUtils: <ReadGpuID_from_sysfs:197>: Failed to open /sys/class/kgsl/kgsl-3d0/gpu_model
07-04 11:58:19.777 15277 15300 W AdrenoUtils: <ReadGpuID:221>: Failed to read chip ID from gpu_model. Fallback to use the GSL path
07-04 11:58:19.783   739   767 I SDM     : HWCDisplay::GetColorModeCount: Supported color mode count = 5
07-04 11:58:19.783   737  1434 E HWComposer: getSupportedContentTypes: getSupportedContentTypes failed for display 0: Unsupported (8)
07-04 11:58:19.784 15277 15300 D hw-ProcessState: Binder ioctl to enable oneway spam detection failed: Invalid argument
07-04 11:58:19.784 15305 15305 I dex2oat64: /apex/com.android.art/bin/dex2oat64 --runtime-arg -Xbootclasspath:/apex/com.android.art/javalib/core-oj.jar:/apex/com.android.art/javalib/core-libart.jar:/apex/com.android.art/javalib/okhttp.jar:/apex/com.android.art/javalib/bouncycastle.jar:/apex/com.android.art/javalib/apache-xml.jar:/system/framework/framework.jar:/system/framework/framework-graphics.jar:/system/framework/ext.jar:/system/framework/telephony-common.jar:/system/framework/voip-common.jar:/system/framework/ims-common.jar:/apex/com.android.i18n/javalib/core-icu4j.jar --runtime-arg -Xbootclasspath-locations:/apex/com.android.art/javalib/core-oj.jar:/apex/com.android.art/javalib/core-libart.jar:/apex/com.android.art/javalib/okhttp.jar:/apex/com.android.art/javalib/bouncycastle.jar:/apex/com.android.art/javalib/apache-xml.jar:/system/framework/framework.jar:/system/framework/framework-graphics.jar:/system/framework/ext.jar:/system/framework/telephony-common.jar:/system/framework/voip-common.jar:/system/framework/ims-common.jar:/apex/com.android.i18n/javalib/core-icu4j.jar --base=0x70000000 --dex-file=/apex/com.android.art/javalib/core-oj.jar --dex-location=/apex/com.android.art/javalib/core-oj.jar --dex-file=/apex/com.android.art/javalib/core-libart.jar --dex-location=/apex/com.android.art/javalib/core-libart.jar --dex-file=/apex/com.android.art/javalib/okhttp.jar --dex-location=/apex/com.android.art/javalib/okhttp.jar --dex-file=/apex/com.android.art/javalib/bouncycastle.jar --dex-location=/apex/com.android.art/javalib/bouncycastle.jar --dex-file=/apex/com.android.art/javalib/apache-xml.jar --dex-location=/apex/com.android.art/javalib/apache-xml.jar --dex-file=/system/framework/framework.jar --dex-location=/system/framework/framework.jar --dex-file=/system/framework/framework-graphics.jar --dex-location=/system/framework/framework-graphics.jar --dex-file=/system/framework/ext.jar --dex-location=/system/framework/ext.jar --dex-file=/system/framework/telephony-common.jar --dex-location=/system/framework/telephony-common.jar --dex-file=/system/framework/voip-common.jar --dex-location=/system/framework/voip-common.jar --dex-file=/system/framework/ims-common.jar --dex-location=/system/framework/ims-common.jar --dex-file=/apex/com.android.i18n/javalib/core-icu4j.jar --dex-location=/apex/com.android.i18n/javalib/core-icu4j.jar --image-fd=5 --output-vdex-fd=6 --oat-fd=7 --oat-location=/system/framework/arm64/boot.oat --single-image --image-format=uncompressed --compiler-filter=verify --profile-file=/apex/com.android.art/etc/boot-image.prof --profile-file=/system/etc/boot-image.prof --avoid-storing-invocation --instruction-set=arm64 --instruction-set-features=runtime --runtime-arg -Xms64m --runtime-arg -Xmx64m --dirty-image-objects=/system/etc/dirty-image-objects --instruction-set-variant=kryo385 --instruction-set-features=default --generate-mini-debug-info
07-04 11:58:19.785   687   687 I hwservicemanager: getTransport: Cannot find entry android.hardware.graphics.mapper@4.0::IMapper/default in either framework or device VINTF manifest.
07-04 11:58:19.785 15277 15308 I Gralloc4: mapper 4.x is not supported
07-04 11:58:19.785   687   687 I hwservicemanager: getTransport: Cannot find entry android.hardware.graphics.mapper@3.0::IMapper/default in either framework or device VINTF manifest.
07-04 11:58:19.785 15305 15305 I dex2oat64: setting boot class path to /apex/com.android.art/javalib/core-oj.jar:/apex/com.android.art/javalib/core-libart.jar:/apex/com.android.art/javalib/okhttp.jar:/apex/com.android.art/javalib/bouncycastle.jar:/apex/com.android.art/javalib/apache-xml.jar:/system/framework/framework.jar:/system/framework/framework-graphics.jar:/system/framework/ext.jar:/system/framework/telephony-common.jar:/system/framework/voip-common.jar:/system/framework/ims-common.jar:/apex/com.android.i18n/javalib/core-icu4j.jar
07-04 11:58:19.786 15277 15308 W Gralloc3: mapper 3.x is not supported
07-04 11:58:19.787   687   687 I hwservicemanager: getTransport: Cannot find entry android.hardware.graphics.allocator@4.0::IAllocator/default in either framework or device VINTF manifest.
07-04 11:58:19.787 15277 15308 W Gralloc4: allocator 4.x is not supported
07-04 11:58:19.787   687   687 I hwservicemanager: getTransport: Cannot find entry android.hardware.graphics.allocator@3.0::IAllocator/default in either framework or device VINTF manifest.
07-04 11:58:19.787 15277 15308 W Gralloc3: allocator 3.x is not supported
07-04 11:58:19.804  2164  2245 I ActivityTaskManager: Displayed com.example.batterymanager_utility/.MainActivity: +269ms
07-04 11:58:19.823  3678  3678 I GoogleInputMethodService: GoogleInputMethodService.onFinishInput():3306 
07-04 11:58:19.824  3678  3678 I GoogleInputMethodService: GoogleInputMethodService.updateDeviceLockedStatus():2127 repeatCheckTimes = 0, locked = false
07-04 11:58:19.825  3678  3678 I GoogleInputMethodService: GoogleInputMethodService.onStartInput():1909 onStartInput(EditorInfo{inputType=0x0(NULL) imeOptions=0x0 privateImeOptions=null actionName=UNSPECIFIED actionLabel=null actionId=0 initialSelStart=-1 initialSelEnd=-1 initialCapsMode=0x0 hintText=null label=null packageName=com.example.batterymanager_utility fieldId=-1 fieldName=null extras=null hintLocales=[]}, false)
07-04 11:58:19.825  3678  3678 I GoogleInputMethodService: GoogleInputMethodService.shouldHideHeaderOnInitialState():1990 ShouldHideHeaderOnInitialState = false
07-04 11:58:19.826  3678  3678 I GoogleInputMethodService: GoogleInputMethodService.updateDeviceLockedStatus():2127 repeatCheckTimes = 1, locked = false
07-04 11:58:19.866  2570  2570 I WallpaperService: engine paused
07-04 11:58:19.870  2164  2248 W ProcessStats: Tracking association SourceState{c3a3072 system/1000 BTopFgs #9142} whose proc state 2 is better than process ProcessState{9b58cc3 com.google.android.gms.persistent/10125 pkg=com.google.android.gms} proc state 3 (24 skipped)
07-04 11:58:19.888  4096  4096 I A       : (REDACTED) onApplyWindowInsets: systemWindowInsets=%s
07-04 11:58:19.889  4096  4096 I A       : (REDACTED) onApplyWindowInsets: systemWindowInsets=%s
07-04 11:58:19.901  4096  4096 I A       : onStop
07-04 11:58:20.071 15305 15305 I dex2oat64: Using CollectorTypeCC GC.
07-04 11:58:20.105  2164  2867 W InputManager-JNI: Input channel object 'e2de67c Splash Screen com.example.batterymanager_utility (client)' was disposed without first being removed with the input manager!
07-04 11:58:21.677  2164  2338 D ConnectivityService: NetReassign [no changes] [c 0] [a 0] [i 4]
07-04 11:58:21.885 15305 15305 I dex2oat64: Explicit concurrent copying GC freed 88212(11MB) AllocSpace objects, 5(84KB) LOS objects, 27% free, 15MB/21MB, paused 21us,15us total 91.201ms
07-04 11:58:22.099 15305 15305 I dex2oat64: Explicit concurrent copying GC freed 41961(7495KB) AllocSpace objects, 0(0B) LOS objects, 41% free, 8512KB/14MB, paused 14us,13us total 44.793ms
07-04 11:58:22.562 15305 15305 I dex2oat64: dex2oat took 2.798s (5.689s cpu) (threads: 8) arena alloc=0B (0B) java alloc=8512KB (8716512B) native alloc=15MB (16513600B) free=4415KB (4520976B)
07-04 11:58:22.690 15303 15303 D app_process: Time zone APEX ICU file found: /apex/com.android.tzdata/etc/icu/icu_tzdata.dat
07-04 11:58:22.690 15303 15303 D app_process: I18n APEX ICU file found: /apex/com.android.i18n/etc/icu/icudt68l.dat
07-04 11:58:22.738 15303 15303 D ProcessState: Binder ioctl to enable oneway spam detection failed: Invalid argument
07-04 11:58:22.738 15303 15303 D AndroidRuntime: Calling main entry com.android.commands.monkey.Monkey
07-04 11:58:22.739 15303 15303 W Monkey  : args: [-p, e.www.writelocaltest, 1]
07-04 11:58:22.740 15303 15303 W Monkey  :  arg: "-p"
07-04 11:58:22.740 15303 15303 W Monkey  :  arg: "e.www.writelocaltest"
07-04 11:58:22.740 15303 15303 W Monkey  :  arg: "1"
07-04 11:58:22.740 15303 15303 W Monkey  : data="e.www.writelocaltest"
07-04 11:58:22.796  2164  2256 W BroadcastQueue: Skipping deliver [background] BroadcastRecord{a2add4b u-1 android.net.conn.CONNECTIVITY_CHANGE} to ReceiverList{6af4328 15303 (unknown name)/2000/u-1 remote:cf7d4c5}: process gone or crashing
07-04 11:58:22.809  2164  2867 I ActivityTaskManager: START u0 {act=android.intent.action.MAIN cat=[android.intent.category.LAUNCHER] flg=0x10200000 cmp=e.www.writelocaltest/.MainActivity} from uid 2000
07-04 11:58:22.811  2164  2867 W ActivityTaskManager: Can't find TaskDisplayArea to determine support for multi window. Task id=44 attached=false
07-04 11:58:22.814  2164  2867 D CompatibilityChangeReporter: Compat change id reported: 174042980; UID 10222; state: DISABLED
07-04 11:58:22.815  2164  2867 D CompatibilityChangeReporter: Compat change id reported: 184838306; UID 10222; state: DISABLED
07-04 11:58:22.816  2164  2867 D CompatibilityChangeReporter: Compat change id reported: 185004937; UID 10222; state: DISABLED
07-04 11:58:22.817  2164  2867 D CompatibilityChangeReporter: Compat change id reported: 181136395; UID 10222; state: DISABLED
07-04 11:58:22.818  2164  2867 D CompatibilityChangeReporter: Compat change id reported: 174042936; UID 10222; state: DISABLED
07-04 11:58:22.820  2164  2867 D CompatibilityChangeReporter: Compat change id reported: 168419799; UID 10222; state: DISABLED
07-04 11:58:22.824 15303 15303 I Monkey  : Events injected: 1
07-04 11:58:22.837  2164  2248 W ActivityManager: ProcessRecord{ca0672 0:e.www.writelocaltest/u0a222}: ART verification disabled
07-04 11:58:22.837  2164  2248 D CompatibilityChangeReporter: Compat change id reported: 135634846; UID 10222; state: DISABLED
07-04 11:58:22.837  2164  2248 D CompatibilityChangeReporter: Compat change id reported: 177438394; UID 10222; state: DISABLED
07-04 11:58:22.837  2164  2248 D CompatibilityChangeReporter: Compat change id reported: 135772972; UID 10222; state: DISABLED
07-04 11:58:22.837  2164  2248 D CompatibilityChangeReporter: Compat change id reported: 135754954; UID 10222; state: DISABLED
07-04 11:58:22.838  2164  2257 D CompatibilityChangeReporter: Compat change id reported: 143937733; UID 10222; state: DISABLED
07-04 11:58:22.840 15303 15303 I Monkey  : ## Network stats: elapsed time=31ms (0ms mobile, 0ms wifi, 31ms not connected)
07-04 11:58:22.840 15303 15303 I app_process: System.exit called, status: 0
07-04 11:58:22.840 15303 15303 I AndroidRuntime: VM exiting with result code 0.
07-04 11:58:22.846  1085  1085 D Zygote  : Forked child process 15334
07-04 11:58:22.849  2164  2257 I ActivityManager: Start proc 15334:e.www.writelocaltest/u0a222 for pre-top-activity {e.www.writelocaltest/e.www.writelocaltest.MainActivity}
07-04 11:58:22.850 15334 15334 I .writelocaltes: Late-enabling -Xcheck:jni
07-04 11:58:22.865  2570  2911 W OpenGLRenderer: Surface doesn't have any previously queued frames, nothing to readback from
07-04 11:58:22.870  2570  2570 I WallpaperService: engine resumed
07-04 11:58:22.872  2570  2911 W OpenGLRenderer: Surface doesn't have any previously queued frames, nothing to readback from
07-04 11:58:22.878 15334 15334 I .writelocaltes: Using CollectorTypeCC GC.
07-04 11:58:22.883 14647 14655 I adbd    : jdwp connection from 15334
07-04 11:58:22.885 15334 15334 D ProcessState: Binder ioctl to enable oneway spam detection failed: Invalid argument
07-04 11:58:22.899 15334 15334 D CompatibilityChangeReporter: Compat change id reported: 171979766; UID 10222; state: DISABLED
07-04 11:58:22.904 15334 15334 D ApplicationLoaders: Returning zygote-cached class loader: /system/framework/android.test.base.jar
07-04 11:58:22.928 15334 15334 D nativeloader: Configuring classloader-namespace for other apk /data/app/~~Hc0JPmGm7L4XbyIahkTJfw==/e.www.writelocaltest-kDJWxEBSxLVlk3QFk_-DiQ==/base.apk. target_sdk_version=28, uses_libraries=, library_path=/data/app/~~Hc0JPmGm7L4XbyIahkTJfw==/e.www.writelocaltest-kDJWxEBSxLVlk3QFk_-DiQ==/lib/arm64, permitted_path=/data:/mnt/expand:/data/user/0/e.www.writelocaltest
07-04 11:58:22.936 15334 15334 V GraphicsEnvironment: ANGLE Developer option for 'e.www.writelocaltest' set to: 'default'
07-04 11:58:22.936 15334 15334 V GraphicsEnvironment: App is not on the allowlist for updatable production driver.
07-04 11:58:22.937 15334 15334 D NetworkSecurityConfig: No Network Security Config specified, using platform default
07-04 11:58:22.937 15334 15334 D NetworkSecurityConfig: No Network Security Config specified, using platform default
07-04 11:58:22.965 15334 15334 W .writelocaltes: Accessing hidden method Landroid/view/View;->computeFitSystemWindows(Landroid/graphics/Rect;Landroid/graphics/Rect;)Z (unsupported, reflection, allowed)
07-04 11:58:22.965 15334 15334 W .writelocaltes: Accessing hidden method Landroid/view/ViewGroup;->makeOptionalFitsSystemWindows()V (unsupported, reflection, allowed)
07-04 11:58:22.989  2164  2249 D CompatibilityChangeReporter: Compat change id reported: 158002302; UID 10222; state: ENABLED
07-04 11:58:22.991 15334 15357 I AdrenoGLES-0: QUALCOMM build                   : 781e7d0, I46ff5fc46f
07-04 11:58:22.991 15334 15357 I AdrenoGLES-0: Build Date                       : 12/01/20
07-04 11:58:22.991 15334 15357 I AdrenoGLES-0: OpenGL ES Shader Compiler Version: EV031.31.04.01
07-04 11:58:22.991 15334 15357 I AdrenoGLES-0: Local Branch                     : QPR1
07-04 11:58:22.991 15334 15357 I AdrenoGLES-0: Remote Branch                    : 
07-04 11:58:22.991 15334 15357 I AdrenoGLES-0: Remote Branch                    : 
07-04 11:58:22.991 15334 15357 I AdrenoGLES-0: Reconstruct Branch               : 
07-04 11:58:22.991 15334 15357 I AdrenoGLES-0: Build Config                     : C P 11.0.1 AArch64
07-04 11:58:22.991 15334 15357 I AdrenoGLES-0: Driver Path                      : /vendor/lib64/egl/libGLESv2_adreno.so
07-04 11:58:22.993 15334 15357 I AdrenoGLES-0: PFP: 0x016ee190, ME: 0x00000000
07-04 11:58:22.994 15334 15357 W AdrenoUtils: <ReadGpuID_from_sysfs:197>: Failed to open /sys/class/kgsl/kgsl-3d0/gpu_model
07-04 11:58:22.994 15334 15357 W AdrenoUtils: <ReadGpuID:221>: Failed to read chip ID from gpu_model. Fallback to use the GSL path
07-04 11:58:23.001   739   767 I SDM     : HWCDisplay::GetColorModeCount: Supported color mode count = 5
07-04 11:58:23.001   737  2876 E HWComposer: getSupportedContentTypes: getSupportedContentTypes failed for display 0: Unsupported (8)
07-04 11:58:23.002 15334 15357 D hw-ProcessState: Binder ioctl to enable oneway spam detection failed: Invalid argument
07-04 11:58:23.002   687   687 I hwservicemanager: getTransport: Cannot find entry android.hardware.graphics.mapper@4.0::IMapper/default in either framework or device VINTF manifest.
07-04 11:58:23.002 15334 15360 I Gralloc4: mapper 4.x is not supported
07-04 11:58:23.002   687   687 I hwservicemanager: getTransport: Cannot find entry android.hardware.graphics.mapper@3.0::IMapper/default in either framework or device VINTF manifest.
07-04 11:58:23.003 15334 15360 W Gralloc3: mapper 3.x is not supported
07-04 11:58:23.004   687   687 I hwservicemanager: getTransport: Cannot find entry android.hardware.graphics.allocator@4.0::IAllocator/default in either framework or device VINTF manifest.
07-04 11:58:23.004 15334 15360 W Gralloc4: allocator 4.x is not supported
07-04 11:58:23.004   687   687 I hwservicemanager: getTransport: Cannot find entry android.hardware.graphics.allocator@3.0::IAllocator/default in either framework or device VINTF manifest.
07-04 11:58:23.004 15334 15360 W Gralloc3: allocator 3.x is not supported
07-04 11:58:23.023  2164  2245 I ActivityTaskManager: Displayed e.www.writelocaltest/.MainActivity: +206ms
07-04 11:58:23.039  3678  3678 I GoogleInputMethodService: GoogleInputMethodService.onFinishInput():3306 
07-04 11:58:23.041  3678  3678 I GoogleInputMethodService: GoogleInputMethodService.updateDeviceLockedStatus():2127 repeatCheckTimes = 0, locked = false
07-04 11:58:23.042  3678  3678 I GoogleInputMethodService: GoogleInputMethodService.onStartInput():1909 onStartInput(EditorInfo{inputType=0x0(NULL) imeOptions=0x0 privateImeOptions=null actionName=UNSPECIFIED actionLabel=null actionId=0 initialSelStart=-1 initialSelEnd=-1 initialCapsMode=0x0 hintText=null label=null packageName=e.www.writelocaltest fieldId=-1 fieldName=null extras=null hintLocales=[]}, false)
07-04 11:58:23.042  3678  3678 I GoogleInputMethodService: GoogleInputMethodService.shouldHideHeaderOnInitialState():1990 ShouldHideHeaderOnInitialState = false
07-04 11:58:23.042  3678  3678 I GoogleInputMethodService: GoogleInputMethodService.updateDeviceLockedStatus():2127 repeatCheckTimes = 1, locked = false
07-04 11:58:23.313  2164  6262 W InputManager-JNI: Input channel object 'd4969d4 Splash Screen e.www.writelocaltest (client)' was disposed without first being removed with the input manager!
07-04 11:58:23.479  2570  2570 I WallpaperService: engine paused
07-04 11:58:24.072 15366 15366 D ProcessState: Binder ioctl to enable oneway spam detection failed: Invalid argument
07-04 11:58:24.694  2164  2338 D ConnectivityService: NetReassign [no changes] [c 0] [a 1] [i 3]
07-04 11:58:25.002 15382 15382 D ProcessState: Binder ioctl to enable oneway spam detection failed: Invalid argument
07-04 11:58:25.009  2164  6262 I ActivityManager: Background started FGS: Allowed [callingPackage: com.android.shell; callingUid: 2000; uidState: NONE; intent: Intent { cmp=com.example.batterymanager_utility/.DataCollectionService (has extras) }; code:SYSTEM_UID; tempAllowListReason:<,reasonCode:SYSTEM_ALLOW_LISTED,duration:9223372036854775807,callingUid:-1>; targetSdkVersion:33; callerTargetSdkVersion:-1; startForegroundCount:0; bindFromPackage:null]
07-04 11:58:25.038 15277 15277 I BatteryMgr:DataCollectionService: onStartCommand: begin
07-04 11:58:25.038 15277 15385 D ProfileInstaller: Installing profile for com.example.batterymanager_utility
07-04 11:58:25.038 15277 15277 I BatteryMgr:DataCollectionService: onStartCommand: sampleRate => 100
07-04 11:58:25.038 15277 15277 I BatteryMgr:DataCollectionService: onStartCommand: rawFields => Timestamp,BATTERY_PROPERTY_CURRENT_NOW,EXTRA_VOLTAGE
07-04 11:58:25.040 15277 15277 I BatteryMgr:DataCollectionService: onStartCommand: notification done
07-04 11:58:25.047 15277 15277 I BatteryMgr:DataCollectionService: started foreground
07-04 11:58:25.058 15277 15386 I BatteryMgr:DataCollectionService: collectData: begin
07-04 11:58:25.063 15277 15386 I BatteryMgr:DataCollectionService: stats => 1688464705063,209687,4162
07-04 11:58:25.171 15277 15386 I BatteryMgr:DataCollectionService: stats => 1688464705171,209687,4162
07-04 11:58:25.287 15277 15386 I BatteryMgr:DataCollectionService: stats => 1688464705287,196562,4162
07-04 11:58:25.396 15277 15386 I BatteryMgr:DataCollectionService: stats => 1688464705396,196562,4162
07-04 11:58:25.516 15277 15386 I BatteryMgr:DataCollectionService: stats => 1688464705516,196562,4162
07-04 11:58:25.629 15277 15386 I BatteryMgr:DataCollectionService: stats => 1688464705629,170937,4162
07-04 11:58:25.742 15277 15386 I BatteryMgr:DataCollectionService: stats => 1688464705741,170937,4162
07-04 11:58:25.862 15277 15386 I BatteryMgr:DataCollectionService: stats => 1688464705862,170937,4162
07-04 11:58:25.984 15277 15386 I BatteryMgr:DataCollectionService: stats => 1688464705984,96875,4162
07-04 11:58:26.110 15277 15386 I BatteryMgr:DataCollectionService: stats => 1688464706110,96875,4162
07-04 11:58:26.233 15277 15386 I BatteryMgr:DataCollectionService: stats => 1688464706233,96875,4162
07-04 11:58:26.347 15277 15386 I BatteryMgr:DataCollectionService: stats => 1688464706346,113750,4162
07-04 11:58:26.475 15277 15386 I BatteryMgr:DataCollectionService: stats => 1688464706475,113750,4162
07-04 11:58:26.592 15277 15386 I BatteryMgr:DataCollectionService: stats => 1688464706592,113750,4162
07-04 11:58:26.711 15277 15386 I BatteryMgr:DataCollectionService: stats => 1688464706710,161875,4162
07-04 11:58:26.835 15277 15386 I BatteryMgr:DataCollectionService: stats => 1688464706835,161875,4162
07-04 11:58:26.953 15277 15386 I BatteryMgr:DataCollectionService: stats => 1688464706952,161875,4162
07-04 11:58:27.075 15277 15386 I BatteryMgr:DataCollectionService: stats => 1688464707075,151875,4162
07-04 11:58:27.208 15277 15386 I BatteryMgr:DataCollectionService: stats => 1688464707208,151875,4162
07-04 11:58:27.339 15277 15386 I BatteryMgr:DataCollectionService: stats => 1688464707339,96562,4162
07-04 11:58:27.453 15277 15386 I BatteryMgr:DataCollectionService: stats => 1688464707452,96562,4162
07-04 11:58:27.585 15277 15386 I BatteryMgr:DataCollectionService: stats => 1688464707584,96562,4162
07-04 11:58:27.696 15277 15386 I BatteryMgr:DataCollectionService: stats => 1688464707696,94687,4162
07-04 11:58:27.717  2164  2338 D ConnectivityService: NetReassign [no changes] [c 1] [a 0] [i 5]
07-04 11:58:27.809 15277 15386 I BatteryMgr:DataCollectionService: stats => 1688464707809,94687,4162
07-04 11:58:27.918 15277 15386 I BatteryMgr:DataCollectionService: stats => 1688464707918,94687,4162
07-04 11:58:28.045 15277 15386 I BatteryMgr:DataCollectionService: stats => 1688464708045,196250,4162
07-04 11:58:28.163 15277 15386 I BatteryMgr:DataCollectionService: stats => 1688464708163,196250,4162
07-04 11:58:28.282 15277 15386 I BatteryMgr:DataCollectionService: stats => 1688464708282,196250,4162
07-04 11:58:28.410 15277 15386 I BatteryMgr:DataCollectionService: stats => 1688464708409,103437,4162
07-04 11:58:28.533 15277 15386 I BatteryMgr:DataCollectionService: stats => 1688464708533,103437,4162
07-04 11:58:28.659 15277 15386 I BatteryMgr:DataCollectionService: stats => 1688464708658,103437,4162
07-04 11:58:28.787 15277 15386 I BatteryMgr:DataCollectionService: stats => 1688464708787,120312,4162
07-04 11:58:28.911 15277 15386 I BatteryMgr:DataCollectionService: stats => 1688464708911,120312,4162
07-04 11:58:29.028 15277 15386 I BatteryMgr:DataCollectionService: stats => 1688464709027,120312,4162
07-04 11:58:29.155 15277 15386 I BatteryMgr:DataCollectionService: stats => 1688464709155,119062,4162
07-04 11:58:29.274 15277 15386 I BatteryMgr:DataCollectionService: stats => 1688464709274,119062,4162
07-04 11:58:29.382 15277 15386 I BatteryMgr:DataCollectionService: stats => 1688464709381,119062,4162
07-04 11:58:29.499 15277 15386 I BatteryMgr:DataCollectionService: stats => 1688464709498,292812,4162
07-04 11:58:29.614 15277 15386 I BatteryMgr:DataCollectionService: stats => 1688464709613,292812,4162
07-04 11:58:29.739 15277 15386 I BatteryMgr:DataCollectionService: stats => 1688464709738,292812,4162
07-04 11:58:29.871 15277 15386 I BatteryMgr:DataCollectionService: stats => 1688464709870,179687,4162
07-04 11:58:29.995 15277 15386 I BatteryMgr:DataCollectionService: stats => 1688464709995,179687,4162
07-04 11:58:30.121 15277 15386 I BatteryMgr:DataCollectionService: stats => 1688464710121,107812,4162
07-04 11:58:30.242 15277 15386 I BatteryMgr:DataCollectionService: stats => 1688464710242,107812,4162
07-04 11:58:30.355 15277 15386 I BatteryMgr:DataCollectionService: stats => 1688464710355,107812,4162
07-04 11:58:30.471 15277 15386 I BatteryMgr:DataCollectionService: stats => 1688464710471,98125,4162
07-04 11:58:30.588 15277 15386 I BatteryMgr:DataCollectionService: stats => 1688464710588,98125,4162
07-04 11:58:30.704 15277 15386 I BatteryMgr:DataCollectionService: stats => 1688464710704,98125,4162
07-04 11:58:30.741  2164  2338 D ConnectivityService: NetReassign [no changes] [c 1] [a 1] [i 5]
07-04 11:58:30.832 15277 15386 I BatteryMgr:DataCollectionService: stats => 1688464710832,149062,4162
07-04 11:58:30.951 15277 15386 I BatteryMgr:DataCollectionService: stats => 1688464710950,149062,4162
07-04 11:58:31.076 15277 15386 I BatteryMgr:DataCollectionService: stats => 1688464711075,149062,4162
07-04 11:58:31.204 15277 15386 I BatteryMgr:DataCollectionService: stats => 1688464711204,120000,4162
07-04 11:58:31.321 15277 15386 I BatteryMgr:DataCollectionService: stats => 1688464711321,120000,4162
07-04 11:58:31.448 15277 15386 I BatteryMgr:DataCollectionService: stats => 1688464711448,120000,4162
07-04 11:58:31.572 15277 15386 I BatteryMgr:DataCollectionService: stats => 1688464711572,105000,4162
07-04 11:58:31.690 15277 15386 I BatteryMgr:DataCollectionService: stats => 1688464711689,105000,4162
07-04 11:58:31.806 15277 15386 I BatteryMgr:DataCollectionService: stats => 1688464711806,105000,4162
07-04 11:58:31.926 15277 15386 I BatteryMgr:DataCollectionService: stats => 1688464711926,200000,4162
07-04 11:58:32.043 15277 15386 I BatteryMgr:DataCollectionService: stats => 1688464712043,200000,4162
07-04 11:58:32.175 15277 15386 I BatteryMgr:DataCollectionService: stats => 1688464712174,200000,4162
07-04 11:58:32.302 15277 15386 I BatteryMgr:DataCollectionService: stats => 1688464712302,121250,4162
07-04 11:58:32.433 15277 15386 I BatteryMgr:DataCollectionService: stats => 1688464712433,121250,4162
07-04 11:58:32.563 15277 15386 I BatteryMgr:DataCollectionService: stats => 1688464712563,118125,4162
07-04 11:58:32.675 15277 15386 I BatteryMgr:DataCollectionService: stats => 1688464712675,118125,4162
07-04 11:58:32.802 15277 15386 I BatteryMgr:DataCollectionService: stats => 1688464712802,118125,4162
07-04 11:58:32.915 15277 15386 I BatteryMgr:DataCollectionService: stats => 1688464712915,202500,4162
07-04 11:58:33.023 15277 15386 I BatteryMgr:DataCollectionService: stats => 1688464713023,202500,4162
07-04 11:58:33.140 15277 15386 I BatteryMgr:DataCollectionService: stats => 1688464713140,202500,4162
07-04 11:58:33.271 15277 15386 I BatteryMgr:DataCollectionService: stats => 1688464713271,108437,4162
07-04 11:58:33.395 15277 15386 I BatteryMgr:DataCollectionService: stats => 1688464713395,108437,4162
07-04 11:58:33.522 15277 15386 I BatteryMgr:DataCollectionService: stats => 1688464713522,108437,4162
07-04 11:58:33.654 15277 15386 I BatteryMgr:DataCollectionService: stats => 1688464713653,107812,4162
07-04 11:58:33.763 15277 15386 I BatteryMgr:DataCollectionService: stats => 1688464713763,107812,4162
07-04 11:58:33.777  2164  2338 D ConnectivityService: NetReassign [no changes] [c 0] [a 1] [i 5]
07-04 11:58:33.878 15277 15386 I BatteryMgr:DataCollectionService: stats => 1688464713878,107812,4162
07-04 11:58:34.003 15277 15386 I BatteryMgr:DataCollectionService: stats => 1688464714003,96250,4162
07-04 11:58:34.132 15277 15386 I BatteryMgr:DataCollectionService: stats => 1688464714131,96250,4162
07-04 11:58:34.256 15277 15386 I BatteryMgr:DataCollectionService: stats => 1688464714256,96250,4162
07-04 11:58:34.381 15277 15386 I BatteryMgr:DataCollectionService: stats => 1688464714381,119375,4162
07-04 11:58:34.503 15277 15386 I BatteryMgr:DataCollectionService: stats => 1688464714503,119375,4162
07-04 11:58:34.636 15277 15386 I BatteryMgr:DataCollectionService: stats => 1688464714636,119375,4162
07-04 11:58:34.761 15277 15386 I BatteryMgr:DataCollectionService: stats => 1688464714761,120312,4162
07-04 11:58:34.885 15277 15386 I BatteryMgr:DataCollectionService: stats => 1688464714885,120312,4162
07-04 11:58:35.017 15277 15386 I BatteryMgr:DataCollectionService: stats => 1688464715017,94062,4162
07-04 11:58:35.147 15277 15386 I BatteryMgr:DataCollectionService: stats => 1688464715147,94062,4162
07-04 11:58:35.264 15277 15386 I BatteryMgr:DataCollectionService: stats => 1688464715263,94062,4162
07-04 11:58:35.379 15277 15386 I BatteryMgr:DataCollectionService: stats => 1688464715379,189375,4162
07-04 11:58:35.499 15277 15386 I BatteryMgr:DataCollectionService: stats => 1688464715499,189375,4162
07-04 11:58:35.615 15277 15386 I BatteryMgr:DataCollectionService: stats => 1688464715614,189375,4162
07-04 11:58:35.742 15277 15386 I BatteryMgr:DataCollectionService: stats => 1688464715742,104687,4162
07-04 11:58:35.859 15277 15386 I BatteryMgr:DataCollectionService: stats => 1688464715859,104687,4162
07-04 11:58:35.983 15277 15386 I BatteryMgr:DataCollectionService: stats => 1688464715983,104687,4162
07-04 11:58:36.112 15277 15386 I BatteryMgr:DataCollectionService: stats => 1688464716112,109375,4162
07-04 11:58:36.231 15277 15386 I BatteryMgr:DataCollectionService: stats => 1688464716230,109375,4162
07-04 11:58:36.349 15277 15386 I BatteryMgr:DataCollectionService: stats => 1688464716349,109375,4162
07-04 11:58:36.479 15277 15386 I BatteryMgr:DataCollectionService: stats => 1688464716479,149062,4162
07-04 11:58:36.611 15277 15386 I BatteryMgr:DataCollectionService: stats => 1688464716611,149062,4162
07-04 11:58:36.729 15277 15386 I BatteryMgr:DataCollectionService: stats => 1688464716729,149062,4162
07-04 11:58:36.817  2164  2338 D ConnectivityService: NetReassign [no changes] [c 1] [a 0] [i 5]
07-04 11:58:36.842 15277 15386 I BatteryMgr:DataCollectionService: stats => 1688464716842,104375,4162
07-04 11:58:36.968 15277 15386 I BatteryMgr:DataCollectionService: stats => 1688464716968,104375,4162
07-04 11:58:37.085 15277 15386 I BatteryMgr:DataCollectionService: stats => 1688464717085,104375,4162
07-04 11:58:37.199 15277 15386 I BatteryMgr:DataCollectionService: stats => 1688464717199,206875,4162
07-04 11:58:37.316 15277 15386 I BatteryMgr:DataCollectionService: stats => 1688464717316,206875,4162
07-04 11:58:37.440 15277 15386 I BatteryMgr:DataCollectionService: stats => 1688464717440,206875,4162
07-04 11:58:37.568 15277 15386 I BatteryMgr:DataCollectionService: stats => 1688464717568,129687,4162
07-04 11:58:37.692 15277 15386 I BatteryMgr:DataCollectionService: stats => 1688464717692,129687,4162
07-04 11:58:37.806 15277 15386 I BatteryMgr:DataCollectionService: stats => 1688464717806,171250,4162
07-04 11:58:37.937 15277 15386 I BatteryMgr:DataCollectionService: stats => 1688464717936,171250,4162
07-04 11:58:38.071 15277 15386 I BatteryMgr:DataCollectionService: stats => 1688464718071,171250,4162
07-04 11:58:38.189 15277 15386 I BatteryMgr:DataCollectionService: stats => 1688464718189,100312,4162
07-04 11:58:38.303 15277 15386 I BatteryMgr:DataCollectionService: stats => 1688464718303,100312,4162
07-04 11:58:38.413 15277 15386 I BatteryMgr:DataCollectionService: stats => 1688464718413,100312,4162
07-04 11:58:38.523 15277 15386 I BatteryMgr:DataCollectionService: stats => 1688464718523,183437,4162
07-04 11:58:38.648 15277 15386 I BatteryMgr:DataCollectionService: stats => 1688464718648,183437,4162
07-04 11:58:38.769 15277 15386 I BatteryMgr:DataCollectionService: stats => 1688464718768,183437,4162
07-04 11:58:38.892 15277 15386 I BatteryMgr:DataCollectionService: stats => 1688464718892,125000,4162
07-04 11:58:39.009 15277 15386 I BatteryMgr:DataCollectionService: stats => 1688464719009,125000,4162
07-04 11:58:39.129 15277 15386 I BatteryMgr:DataCollectionService: stats => 1688464719129,125000,4162
07-04 11:58:39.252 15277 15386 I BatteryMgr:DataCollectionService: stats => 1688464719252,104375,4162
07-04 11:58:39.370 15277 15386 I BatteryMgr:DataCollectionService: stats => 1688464719370,104375,4162
07-04 11:58:39.473  2428  2428 D PowerNotificationWarningsGoogleImpl: isPlugged: false | isOverheated: false | defenderEnabled: false
07-04 11:58:39.480  2164  2867 W ProcessStats: Tracking association SourceState{c3a3072 system/1000 BTopFgs #9158} whose proc state 2 is better than process ProcessState{9b58cc3 com.google.android.gms.persistent/10125 pkg=com.google.android.gms} proc state 3 (36 skipped)
07-04 11:58:39.487  2164  2263 E system_server: Cannot read thread CPU times for PID 2164
07-04 11:58:39.487 15277 15386 I BatteryMgr:DataCollectionService: stats => 1688464719487,104375,4193
07-04 11:58:39.542  9607  9607 I android_os_HwBinder: HwBinder: Starting thread pool for getting: vendor.google.google_battery@1.1::IGoogleBattery/default
07-04 11:58:39.590 15277 15386 I BatteryMgr:DataCollectionService: stats => 1688464719590,687187,4193
07-04 11:58:39.698 15277 15386 I BatteryMgr:DataCollectionService: stats => 1688464719698,687187,4193
07-04 11:58:39.806 15277 15386 I BatteryMgr:DataCollectionService: stats => 1688464719806,687187,4193
07-04 11:58:39.846  2164  2338 D ConnectivityService: NetReassign [no changes] [c 0] [a 1] [i 4]
07-04 11:58:39.928 15277 15386 I BatteryMgr:DataCollectionService: stats => 1688464719928,150312,4193
07-04 11:58:40.048 15277 15386 I BatteryMgr:DataCollectionService: stats => 1688464720048,150312,4193
07-04 11:58:40.176 15277 15386 I BatteryMgr:DataCollectionService: stats => 1688464720176,150312,4193
07-04 11:58:40.304 15277 15386 I BatteryMgr:DataCollectionService: stats => 1688464720304,105625,4193
07-04 11:58:40.424 15277 15386 I BatteryMgr:DataCollectionService: stats => 1688464720424,105625,4193
07-04 11:58:40.533 15277 15386 I BatteryMgr:DataCollectionService: stats => 1688464720533,105625,4193
07-04 11:58:40.649 15277 15386 I BatteryMgr:DataCollectionService: stats => 1688464720649,169375,4193
07-04 11:58:40.776 15277 15386 I BatteryMgr:DataCollectionService: stats => 1688464720775,169375,4193
07-04 11:58:40.899 15277 15386 I BatteryMgr:DataCollectionService: stats => 1688464720899,169375,4193
07-04 11:58:41.023 15277 15386 I BatteryMgr:DataCollectionService: stats => 1688464721023,130312,4193
07-04 11:58:41.148 15277 15386 I BatteryMgr:DataCollectionService: stats => 1688464721147,130312,4193
07-04 11:58:41.271 15277 15386 I BatteryMgr:DataCollectionService: stats => 1688464721271,130312,4193
07-04 11:58:41.388 15277 15386 I BatteryMgr:DataCollectionService: stats => 1688464721388,106875,4193
07-04 11:58:41.511 15277 15386 I BatteryMgr:DataCollectionService: stats => 1688464721511,106875,4193
07-04 11:58:41.639 15277 15386 I BatteryMgr:DataCollectionService: stats => 1688464721638,106875,4193
07-04 11:58:41.761 15277 15386 I BatteryMgr:DataCollectionService: stats => 1688464721761,96562,4193
07-04 11:58:41.879 15277 15386 I BatteryMgr:DataCollectionService: stats => 1688464721878,96562,4193
07-04 11:58:41.992 15277 15386 I BatteryMgr:DataCollectionService: stats => 1688464721991,96562,4193
07-04 11:58:42.115 15277 15386 I BatteryMgr:DataCollectionService: stats => 1688464722115,121250,4193
07-04 11:58:42.225 15277 15386 I BatteryMgr:DataCollectionService: stats => 1688464722225,121250,4193
07-04 11:58:42.341 15277 15386 I BatteryMgr:DataCollectionService: stats => 1688464722341,121250,4193
07-04 11:58:42.458 15277 15386 I BatteryMgr:DataCollectionService: stats => 1688464722458,181875,4193
07-04 11:58:42.590 15277 15386 I BatteryMgr:DataCollectionService: stats => 1688464722590,181875,4193
07-04 11:58:42.713 15277 15386 I BatteryMgr:DataCollectionService: stats => 1688464722713,181875,4193
07-04 11:58:42.830 15277 15386 I BatteryMgr:DataCollectionService: stats => 1688464722830,118125,4193
07-04 11:58:42.875  2164  2338 D ConnectivityService: NetReassign [no changes] [c 1] [a 0] [i 5]
07-04 11:58:42.942 15277 15386 I BatteryMgr:DataCollectionService: stats => 1688464722942,118125,4193
07-04 11:58:43.056 15277 15386 I BatteryMgr:DataCollectionService: stats => 1688464723056,118125,4193
07-04 11:58:43.173 15277 15386 I BatteryMgr:DataCollectionService: stats => 1688464723173,141562,4193
07-04 11:58:43.282 15277 15386 I BatteryMgr:DataCollectionService: stats => 1688464723282,141562,4193
07-04 11:58:43.404 15277 15386 I BatteryMgr:DataCollectionService: stats => 1688464723404,141562,4193
07-04 11:58:43.519 15277 15386 I BatteryMgr:DataCollectionService: stats => 1688464723519,140937,4193
07-04 11:58:43.628 15277 15386 I BatteryMgr:DataCollectionService: stats => 1688464723628,140937,4193
07-04 11:58:43.753 15277 15386 I BatteryMgr:DataCollectionService: stats => 1688464723753,140937,4193
07-04 11:58:43.876 15277 15386 I BatteryMgr:DataCollectionService: stats => 1688464723876,130625,4193
07-04 11:58:44.005 15277 15386 I BatteryMgr:DataCollectionService: stats => 1688464724005,130625,4193
07-04 11:58:44.126 15277 15386 I BatteryMgr:DataCollectionService: stats => 1688464724126,97187,4193
07-04 11:58:44.244 15277 15386 I BatteryMgr:DataCollectionService: stats => 1688464724244,97187,4193
07-04 11:58:44.355 15277 15386 I BatteryMgr:DataCollectionService: stats => 1688464724355,97187,4193
07-04 11:58:44.467 15277 15386 I BatteryMgr:DataCollectionService: stats => 1688464724467,97187,4193
07-04 11:58:44.585 15277 15386 I BatteryMgr:DataCollectionService: stats => 1688464724584,127187,4193
07-04 11:58:44.701 15277 15386 I BatteryMgr:DataCollectionService: stats => 1688464724701,127187,4193
07-04 11:58:44.833 15277 15386 I BatteryMgr:DataCollectionService: stats => 1688464724832,97812,4193
07-04 11:58:44.947 15277 15386 I BatteryMgr:DataCollectionService: stats => 1688464724947,97812,4193
07-04 11:58:45.073 15277 15386 I BatteryMgr:DataCollectionService: stats => 1688464725072,97812,4193
07-04 11:58:45.194 15277 15386 I BatteryMgr:DataCollectionService: stats => 1688464725194,103437,4193
07-04 11:58:45.322 15277 15386 I BatteryMgr:DataCollectionService: stats => 1688464725322,103437,4193
07-04 11:58:45.441 15277 15386 I BatteryMgr:DataCollectionService: stats => 1688464725441,103437,4193
07-04 11:58:45.559 15277 15386 I BatteryMgr:DataCollectionService: stats => 1688464725559,97812,4193
07-04 11:58:45.668 15277 15386 I BatteryMgr:DataCollectionService: stats => 1688464725668,97812,4193
07-04 11:58:45.779 15277 15386 I BatteryMgr:DataCollectionService: stats => 1688464725779,97812,4193
07-04 11:58:45.888 15277 15386 I BatteryMgr:DataCollectionService: stats => 1688464725888,186875,4193
07-04 11:58:45.897  2164  2338 D ConnectivityService: NetReassign [no changes] [c 1] [a 1] [i 4]
07-04 11:58:46.011 15277 15386 I BatteryMgr:DataCollectionService: stats => 1688464726011,186875,4193
07-04 11:58:46.133 15277 15386 I BatteryMgr:DataCollectionService: stats => 1688464726133,186875,4193
07-04 11:58:46.253 15277 15386 I BatteryMgr:DataCollectionService: stats => 1688464726253,111875,4193
07-04 11:58:46.380 15277 15386 I BatteryMgr:DataCollectionService: stats => 1688464726380,111875,4193
07-04 11:58:46.503 15277 15386 I BatteryMgr:DataCollectionService: stats => 1688464726503,111875,4193
07-04 11:58:46.626 15277 15386 I BatteryMgr:DataCollectionService: stats => 1688464726626,104375,4193
07-04 11:58:46.752 15277 15386 I BatteryMgr:DataCollectionService: stats => 1688464726752,104375,4193
07-04 11:58:46.873 15277 15386 I BatteryMgr:DataCollectionService: stats => 1688464726873,104375,4193
07-04 11:58:47.003 15277 15386 I BatteryMgr:DataCollectionService: stats => 1688464727002,161250,4193
07-04 11:58:47.129 15277 15386 I BatteryMgr:DataCollectionService: stats => 1688464727129,161250,4193
07-04 11:58:47.256 15277 15386 I BatteryMgr:DataCollectionService: stats => 1688464727256,161250,4193
07-04 11:58:47.369 15277 15386 I BatteryMgr:DataCollectionService: stats => 1688464727369,119375,4193
07-04 11:58:47.486 15277 15386 I BatteryMgr:DataCollectionService: stats => 1688464727486,119375,4193
07-04 11:58:47.612 15277 15386 I BatteryMgr:DataCollectionService: stats => 1688464727612,119375,4193
07-04 11:58:47.734 15277 15386 I BatteryMgr:DataCollectionService: stats => 1688464727733,118125,4193
07-04 11:58:47.848 15277 15386 I BatteryMgr:DataCollectionService: stats => 1688464727848,118125,4193
07-04 11:58:47.965 15277 15386 I BatteryMgr:DataCollectionService: stats => 1688464727965,118125,4193
07-04 11:58:48.075 15277 15386 I BatteryMgr:DataCollectionService: stats => 1688464728075,119375,4193
07-04 11:58:48.196 15277 15386 I BatteryMgr:DataCollectionService: stats => 1688464728195,119375,4193
07-04 11:58:48.315 15277 15386 I BatteryMgr:DataCollectionService: stats => 1688464728315,119375,4193
07-04 11:58:48.425 15277 15386 I BatteryMgr:DataCollectionService: stats => 1688464728425,122500,4193
07-04 11:58:48.541 15277 15386 I BatteryMgr:DataCollectionService: stats => 1688464728541,122500,4193
07-04 11:58:48.654 15277 15386 I BatteryMgr:DataCollectionService: stats => 1688464728654,122500,4193
07-04 11:58:48.778 15277 15386 I BatteryMgr:DataCollectionService: stats => 1688464728778,208750,4193
07-04 11:58:48.893 15277 15386 I BatteryMgr:DataCollectionService: stats => 1688464728892,208750,4193
07-04 11:58:48.924  2164  2338 D ConnectivityService: NetReassign [no changes] [c 0] [a 1] [i 5]
07-04 11:58:49.011 15277 15386 I BatteryMgr:DataCollectionService: stats => 1688464729011,208750,4193
07-04 11:58:49.139 15277 15386 I BatteryMgr:DataCollectionService: stats => 1688464729139,122812,4193
07-04 11:58:49.263 15277 15386 I BatteryMgr:DataCollectionService: stats => 1688464729263,122812,4193
07-04 11:58:49.383 15277 15386 I BatteryMgr:DataCollectionService: stats => 1688464729383,152500,4193
