--------- beginning of main
07-10 01:11:51.901  1223  1223 W ipacm   : type=1400 audit(0.0:167698): avc: denied { write } for name="ipacm_log_file" dev="tmpfs" ino=20185 scontext=u:r:ipacm:s0 tcontext=u:object_r:ipacm_socket:s0 tclass=sock_file permissive=0
--------- beginning of system
07-10 01:11:54.518  1707  4136 I ActivityTaskManager: zhl stack block_packagename =
07-10 01:11:54.518  1707  4136 I ActivityTaskManager: zhl stack block_activity =
07-10 01:11:54.518  1707  4136 I ActivityTaskManager: zhl mPackage =com.example.batterymanager_utility
07-10 01:11:54.518  1707  4136 I ActivityTaskManager: zhl mClass =MainActivity
07-10 01:11:54.518  1707  4136 I ActivityTaskManager: START u0 {act=android.intent.action.MAIN cat=[android.intent.category.LAUNCHER] flg=0x10000000 cmp=com.example.batterymanager_utility/.MainActivity} from uid 2000
07-10 01:11:54.528  1707  4136 D CompatibilityInfo: mCompatibilityFlags - 0
07-10 01:11:54.528  1707  4136 D CompatibilityInfo: applicationDensity - 420
07-10 01:11:54.528  1707  4136 D CompatibilityInfo: applicationScale - 1.0
07-10 01:11:54.529  1707  4136 D ActivityTrigger: ActivityTrigger activityPauseTrigger 
07-10 01:11:54.533  8061  8063 I cmd     : oneway function results will be dropped but finished with status OK and parcel size 4
07-10 01:11:54.541  1707  1790 W ActivityManager: ProcessRecord{a1e64e6 0:com.example.batterymanager_utility/u0a200}: ART verification disabled
07-10 01:11:54.542  1707  1790 D CompatibilityChangeReporter: Compat change id reported: 135634846; UID 10200; state: DISABLED
07-10 01:11:54.544  1707  1815 D CompatibilityChangeReporter: Compat change id reported: 143937733; UID 10200; state: ENABLED
07-10 01:11:54.552   888   888 D Zygote  : Forked child process 8068
07-10 01:11:54.556  1707  1815 I ActivityManager: Start proc 8068:com.example.batterymanager_utility/u0a200 for pre-top-activity {com.example.batterymanager_utility/com.example.batterymanager_utility.MainActivity}
07-10 01:11:54.570  8068  8068 I manager_utilit: Late-enabling -Xcheck:jni
07-10 01:11:54.609  8068  8068 I manager_utilit: Unquickening 18 vdex files!
07-10 01:11:54.619 26156 26164 I adbd    : jdwp connection from 8068
07-10 01:11:54.634  1707  3299 D CompatibilityInfo: mCompatibilityFlags - 0
07-10 01:11:54.634  1707  3299 D CompatibilityInfo: applicationDensity - 420
07-10 01:11:54.634  1707  3299 D CompatibilityInfo: applicationScale - 1.0
07-10 01:11:54.634 12498 12498 I A       : onPause
07-10 01:11:54.637  1707  3299 D CompatibilityInfo: mCompatibilityFlags - 0
07-10 01:11:54.637  1707  3299 D CompatibilityInfo: applicationDensity - 420
07-10 01:11:54.637  1707  3299 D CompatibilityInfo: applicationScale - 1.0
07-10 01:11:54.652 12613 12613 I HdmBroadcastRecvUpd: (REDACTED) received broadcast: %s
07-10 01:11:54.652 12613 12688 I HdmHotwordRequestListen: (REDACTED) received broadcast: %s
07-10 01:11:54.653 12613 12688 I SodaTriggeringFrontend: (REDACTED) #onConfigUpdate. requester: %s
07-10 01:11:54.653 12613 12687 I SodaTriggeringFrontend: #onConfigUpdate inside sequencer
07-10 01:11:54.653 12613 12687 I HotwordConfigUtils: (REDACTED) Voice Match (Speaker-id) supported : %b 
07-10 01:11:54.653 12613 12687 I HotwordConfigUtils: (REDACTED) hotword enrollment state is enrolled:  %b, speakerId model exist: %b. Voice Match supported : %b 
07-10 01:11:54.653 12613 12687 I HotwordConfigUtils: (REDACTED) isHotwordAvailable():  %b, isHotwordEnabled() %b 
07-10 01:11:54.653 12613 12687 I HotwordConfigUtils: (REDACTED) isHotwordAvailable():  %b, isHotwordEnabled() %b 
07-10 01:11:54.653 12613 12687 I HotwordConfigUtils: (REDACTED) Hotword enrollment state : %s.
07-10 01:11:54.653 12613 12687 I HotwordConfigUtils: (REDACTED) Voice Match (Speaker-id) supported : %b 
07-10 01:11:54.653 12613 12687 I HotwordConfigUtils: (REDACTED) Voice Match (Speaker-id) supported : %b 
07-10 01:11:54.653 12613 12687 I HotwordConfigUtils: (REDACTED) hotword enrollment state is enrolled:  %b, speakerId model exist: %b, voice match supported : %b
07-10 01:11:54.653 12613 12687 I HotwordConfigUtils: (REDACTED) Hotword isNonVoiceMatchHotwordEnabled: %b, isHotwordAvailable : %b, isHotwordEnabled : %b, isVoiceMatchSupported: %b, isHotwordEnrolled: %b.
07-10 01:11:54.653 12613 12687 I SodaTriggeringFrontend: (REDACTED) Ignore the legacy hotword request. voice match enabled %b, isHotwordSupported %b, isIncompleteEnrollmentState %b, nonVoiceMatchHotwordEnabled %b
07-10 01:11:54.655  2846 23287 D FaceUnlock: onTaskStackChangedBackground
07-10 01:11:54.657  2846 23287 D FaceUnlock: PackageName =com.example.batterymanager_utility
07-10 01:11:54.741  8074  8074 W app_process: type=1400 audit(0.0:167764): avc: denied { read } for name="u:object_r:device_config_runtime_native_boot_prop:s0" dev="tmpfs" ino=19150 scontext=u:r:shell:s0 tcontext=u:object_r:device_config_runtime_native_boot_prop:s0 tclass=file permissive=0
07-10 01:11:54.741  8074  8074 I chatty  : uid=2000(shell) app_process identical 2 lines
07-10 01:11:54.741  8074  8074 W app_process: type=1400 audit(0.0:167767): avc: denied { read } for name="u:object_r:device_config_runtime_native_boot_prop:s0" dev="tmpfs" ino=19150 scontext=u:r:shell:s0 tcontext=u:object_r:device_config_runtime_native_boot_prop:s0 tclass=file permissive=0
07-10 01:11:54.746  8074  8074 D AndroidRuntime: >>>>>> START com.android.internal.os.RuntimeInit uid 2000 <<<<<<
07-10 01:11:54.750  8074  8074 E libc    : Access denied finding property "persist.device_config.runtime_native_boot.profilebootclasspath"
07-10 01:11:54.750  8074  8074 E libc    : Access denied finding property "persist.device_config.runtime_native_boot.enable_apex_image"
07-10 01:11:54.750  8074  8074 I AndroidRuntime: Using default boot image
07-10 01:11:54.750  8074  8074 E libc    : Access denied finding property "persist.device_config.runtime_native_boot.disable_lock_profiling"
07-10 01:11:54.750  8074  8074 I AndroidRuntime: Leaving lock profiling enabled
07-10 01:11:54.750  8074  8074 E libc    : Access denied finding property "persist.device_config.runtime_native_boot.enable_generational_cc"
07-10 01:11:54.814  8068  8068 I Perf    : Connecting to perf service.
07-10 01:11:54.827  8068  8068 D NetworkSecurityConfig: No Network Security Config specified, using platform default
07-10 01:11:54.828  8068  8068 D NetworkSecurityConfig: No Network Security Config specified, using platform default
07-10 01:11:54.838  8068  8068 I BatteryMgr:App: creating notification channel
07-10 01:11:54.884  8074  8074 D app_process: Time zone APEX ICU file found: /apex/com.android.tzdata/etc/icu/icu_tzdata.dat
07-10 01:11:54.885  8074  8074 D app_process: I18n APEX ICU file found: /apex/com.android.i18n/etc/icu/icudt66l.dat
07-10 01:11:54.898  8074  8074 I app_process: The ClassLoaderContext is a special shared library.
07-10 01:11:54.909  8068  8068 V Activity: mLastPackageName-com.example.batterymanager_utility.MainActivity
07-10 01:11:54.921  8074  8074 W app_process: JNI RegisterNativeMethods: attempt to register 0 native methods for android.media.AudioAttributes
07-10 01:11:54.934  8074  8074 D AndroidRuntime: Calling main entry com.android.commands.monkey.Monkey
07-10 01:11:54.936  8074  8074 W Monkey  : args: [-p, e.www.writeroomtest, 1]
07-10 01:11:54.936  8074  8074 W Monkey  :  arg: "-p"
07-10 01:11:54.936  8074  8074 W Monkey  :  arg: "e.www.writeroomtest"
07-10 01:11:54.937  8074  8074 W Monkey  :  arg: "1"
07-10 01:11:54.937  8074  8074 W Monkey  : data="e.www.writeroomtest"
07-10 01:11:54.949  8068  8068 D PureDisplay: package-com.example.batterymanager_utility DYNAMIC_ORIGINAL_MODE open
07-10 01:11:54.953 26081 26081 D PureDisplay: PureDisplayModeChangeReceiver,hdrMode=1
07-10 01:11:54.961 26081 26081 I android_os_HwBinder: HwBinder: Starting thread pool for getting: vendor.pixelworks.hardware.display@1.0::IIris/default
07-10 01:11:54.962   946   946 I IrisService: irisConfigureSet(258, 1, 1)
07-10 01:11:54.962 26081 26081 D PureDisplay: --setIrisDisplayHdrMode- mode =1--result = 0
07-10 01:11:54.962 26081 26081 D PureDisplay: PureDisplayModeChangeReceiver,pureDisplayMode=1
07-10 01:11:54.963 26081 26081 D PureDisplay: isDeviceProvisioned=true
07-10 01:11:54.963 26081 26081 D PureDisplay: isUserSetuped=true
07-10 01:11:54.963 26081 26081 D PureDisplay: setOriginalModeEnable()
07-10 01:11:54.964 26081 26081 I android_os_HwBinder: HwBinder: Starting thread pool for getting: vendor.pixelworks.hardware.display@1.0::IIris/default
07-10 01:11:54.965   946   946 I IrisService: irisConfigureSet(0, 1, 0)
07-10 01:11:54.976  1707  1814 W BroadcastQueue: Skipping deliver [background] BroadcastRecord{2e98cce u-1 android.net.conn.CONNECTIVITY_CHANGE} to ReceiverList{babe7ef 8074 (unknown name)/2000/u-1 remote:205d9d0}: process gone or crashing
07-10 01:11:54.976 26081 26081 I android_os_HwBinder: HwBinder: Starting thread pool for getting: vendor.pixelworks.hardware.display@1.0::IIris/default
07-10 01:11:54.976   946   946 I IrisService: irisConfigureSet(41, 1, 0)
07-10 01:11:54.977 26081 26081 I android_os_HwBinder: HwBinder: Starting thread pool for getting: vendor.pixelworks.hardware.display@1.0::IIris/default
07-10 01:11:54.978   946  1014 I IrisService: irisConfigureSet(42, 1, 0)
07-10 01:11:54.979 26081 26081 I android_os_HwBinder: HwBinder: Starting thread pool for getting: vendor.pixelworks.hardware.display@1.0::IIris/default
07-10 01:11:54.979   946   946 I IrisService: irisConfigureSet(40, 1, 0)
07-10 01:11:54.992  1707  6618 I ActivityTaskManager: zhl stack block_packagename =
07-10 01:11:54.992  1707  6618 I ActivityTaskManager: zhl stack block_activity =
07-10 01:11:54.992  1707  6618 I ActivityTaskManager: zhl mPackage =e.www.writeroomtest
07-10 01:11:54.992  1707  6618 I ActivityTaskManager: zhl mClass =MainActivity
07-10 01:11:54.992  1707  6618 I ActivityTaskManager: START u0 {act=android.intent.action.MAIN cat=[android.intent.category.LAUNCHER] flg=0x10200000 cmp=e.www.writeroomtest/.MainActivity} from uid 2000
07-10 01:11:54.992 26081 26081 I android_os_HwBinder: HwBinder: Starting thread pool for getting: vendor.pixelworks.hardware.display@1.0::IIris/default
07-10 01:11:54.993   946   946 I IrisService: irisConfigureSet(36, 1, 0)
07-10 01:11:55.007  1707  6618 D CompatibilityInfo: mCompatibilityFlags - 0
07-10 01:11:55.007  1707  6618 D CompatibilityInfo: applicationDensity - 420
07-10 01:11:55.007  1707  6618 D CompatibilityInfo: applicationScale - 1.0
07-10 01:11:55.008 26081 26081 D PureDisplay: getWhiteBalanceAutoMode()0
07-10 01:11:55.009  1707  6618 D ActivityTrigger: ActivityTrigger activityPauseTrigger 
07-10 01:11:55.010 26081 26081 I android_os_HwBinder: HwBinder: Starting thread pool for getting: vendor.pixelworks.hardware.display@1.0::IIris/default
07-10 01:11:55.010   946   946 I IrisService: irisConfigureSet(39, 1, 1)
07-10 01:11:55.013  8074  8074 I Monkey  : Events injected: 1
07-10 01:11:55.024  1707  1790 W ActivityManager: ProcessRecord{595a7da 0:e.www.writeroomtest/u0a221}: ART verification disabled
07-10 01:11:55.025  1707  1790 D CompatibilityChangeReporter: Compat change id reported: 135634846; UID 10221; state: DISABLED
07-10 01:11:55.026  1707  1815 D CompatibilityChangeReporter: Compat change id reported: 143937733; UID 10221; state: DISABLED
07-10 01:11:55.026  8074  8074 I Monkey  : ## Network stats: elapsed time=33ms (0ms mobile, 0ms wifi, 33ms not connected)
07-10 01:11:55.027  8074  8074 I app_process: System.exit called, status: 0
07-10 01:11:55.027  8074  8074 I AndroidRuntime: VM exiting with result code 0.
07-10 01:11:55.027 26081 26081 I android_os_HwBinder: HwBinder: Starting thread pool for getting: vendor.pixelworks.hardware.display@1.0::IIris/default
07-10 01:11:55.029   946   946 I IrisService: irisConfigureSet(264, 1, 0)
07-10 01:11:55.030 26081 26081 D PureDisplay: PureDisplayModeChangeReceiver,lastclass=com.example.batterymanager_utility.MainActivity
07-10 01:11:55.031 26081 26081 D PureDisplay: PureDisplayModeChangeReceiver,lastpackage=com.example.batterymanager_utility
07-10 01:11:55.031 26081 26081 D PureDisplay: PureDisplayModeChangeReceiver,lastpackage_resume=1
07-10 01:11:55.037   888   888 D Zygote  : Forked child process 8114
07-10 01:11:55.041  1707  1815 I ActivityManager: Start proc 8114:e.www.writeroomtest/u0a221 for pre-top-activity {e.www.writeroomtest/e.www.writeroomtest.MainActivity}
07-10 01:11:55.056  8114  8114 I w.writeroomtes: Late-enabling -Xcheck:jni
07-10 01:11:55.093  8114  8114 I w.writeroomtes: Unquickening 18 vdex files!
07-10 01:11:55.103 26156 26164 I adbd    : jdwp connection from 8114
07-10 01:11:55.117  1707  4136 D CompatibilityInfo: mCompatibilityFlags - 0
07-10 01:11:55.117  1707  4136 D CompatibilityInfo: applicationDensity - 420
07-10 01:11:55.117  1707  4136 D CompatibilityInfo: applicationScale - 1.0
07-10 01:11:55.119  1707  4136 I ActivityTaskManager: The Process e.www.writeroomtest Already Exists in BG. So sending its PID: 8114
07-10 01:11:55.126  3361  3361 V Activity: onStop mLastPackageName = com.example.batterymanager_utility.MainActivity--mLastPackageResume = 1
07-10 01:11:55.152  3361  3361 D PureDisplay: package-com.example.batterymanager_utility DYNAMIC_ORIGINAL_MODE open
07-10 01:11:55.152  8114  8114 D ApplicationLoaders: Returning zygote-cached class loader: /system/framework/android.test.base.jar
07-10 01:11:55.154 26081 26081 D PureDisplay: PureDisplayModeChangeReceiver,hdrMode=1
07-10 01:11:55.156 12498 12498 I A       : onStop
07-10 01:11:55.157 26081 26081 I android_os_HwBinder: HwBinder: Starting thread pool for getting: vendor.pixelworks.hardware.display@1.0::IIris/default
07-10 01:11:55.157   946   946 I IrisService: irisConfigureSet(258, 1, 1)
07-10 01:11:55.157 26081 26081 D PureDisplay: --setIrisDisplayHdrMode- mode =1--result = 0
07-10 01:11:55.157 26081 26081 D PureDisplay: PureDisplayModeChangeReceiver,pureDisplayMode=1
07-10 01:11:55.159 26081 26081 D PureDisplay: isDeviceProvisioned=true
07-10 01:11:55.159 26081 26081 D PureDisplay: isUserSetuped=true
07-10 01:11:55.159 26081 26081 D PureDisplay: setOriginalModeEnable()
07-10 01:11:55.162 26081 26081 I android_os_HwBinder: HwBinder: Starting thread pool for getting: vendor.pixelworks.hardware.display@1.0::IIris/default
07-10 01:11:55.163   946  1014 I IrisService: irisConfigureSet(0, 1, 0)
07-10 01:11:55.176 26081 26081 I android_os_HwBinder: HwBinder: Starting thread pool for getting: vendor.pixelworks.hardware.display@1.0::IIris/default
07-10 01:11:55.177   946   946 I IrisService: irisConfigureSet(41, 1, 0)
07-10 01:11:55.179 26081 26081 I android_os_HwBinder: HwBinder: Starting thread pool for getting: vendor.pixelworks.hardware.display@1.0::IIris/default
07-10 01:11:55.180   946  1014 I IrisService: irisConfigureSet(42, 1, 0)
07-10 01:11:55.181 26081 26081 I android_os_HwBinder: HwBinder: Starting thread pool for getting: vendor.pixelworks.hardware.display@1.0::IIris/default
07-10 01:11:55.182   946  1014 I IrisService: irisConfigureSet(40, 1, 0)
07-10 01:11:55.190  8068  8093 I AdrenoGLES-0: QUALCOMM build                   : d7ad79a, I2f86ca99a8
07-10 01:11:55.190  8068  8093 I AdrenoGLES-0: Build Date                       : 06/13/21
07-10 01:11:55.190  8068  8093 I AdrenoGLES-0: OpenGL ES Shader Compiler Version: EV031.32.02.12
07-10 01:11:55.190  8068  8093 I AdrenoGLES-0: Local Branch                     : mybranchebcc171e-87ea-f17a-bb69-1458d0b52af0
07-10 01:11:55.190  8068  8093 I AdrenoGLES-0: Remote Branch                    : quic/gfx-adreno.lnx.1.0.r127-rel
07-10 01:11:55.190  8068  8093 I AdrenoGLES-0: Remote Branch                    : NONE
07-10 01:11:55.190  8068  8093 I AdrenoGLES-0: Reconstruct Branch               : NOTHING
07-10 01:11:55.190  8068  8093 I AdrenoGLES-0: Build Config                     : S L 10.0.7 AArch64
07-10 01:11:55.190  8068  8093 I AdrenoGLES-0: Driver Path                      : /vendor/lib64/egl/libGLESv2_adreno.so
07-10 01:11:55.193 26081 26081 I android_os_HwBinder: HwBinder: Starting thread pool for getting: vendor.pixelworks.hardware.display@1.0::IIris/default
07-10 01:11:55.201  8068  8093 I AdrenoGLES-0: PFP: 0x005ff114, ME: 0x005ff066
07-10 01:11:55.206   946  1014 I IrisService: irisConfigureSet(36, 1, 0)
07-10 01:11:55.210 26081 26081 D PureDisplay: getWhiteBalanceAutoMode()0
07-10 01:11:55.213 26081 26081 I android_os_HwBinder: HwBinder: Starting thread pool for getting: vendor.pixelworks.hardware.display@1.0::IIris/default
07-10 01:11:55.213   946  1014 I IrisService: irisConfigureSet(39, 1, 1)
07-10 01:11:55.226 26081 26081 I android_os_HwBinder: HwBinder: Starting thread pool for getting: vendor.pixelworks.hardware.display@1.0::IIris/default
07-10 01:11:55.226   946  1014 I IrisService: irisConfigureSet(264, 1, 0)
07-10 01:11:55.233   626   626 I hwservicemanager: getTransport: Cannot find entry android.hardware.graphics.mapper@4.0::IMapper/default in either framework or device manifest.
07-10 01:11:55.233  8068  8093 I Gralloc4: mapper 4.x is not supported
07-10 01:11:55.233  8114  8114 I Perf    : Connecting to perf service.
07-10 01:11:55.233   626   626 I hwservicemanager: getTransport: Cannot find entry android.hardware.graphics.mapper@3.0::IMapper/default in either framework or device manifest.
07-10 01:11:55.233  8068  8093 W Gralloc3: mapper 3.x is not supported
07-10 01:11:55.248  8114  8114 D NetworkSecurityConfig: No Network Security Config specified, using platform default
07-10 01:11:55.250  8114  8114 D NetworkSecurityConfig: No Network Security Config specified, using platform default
07-10 01:11:55.298  1707  6618 I ActivityTaskManager: The Process e.www.writeroomtest Already Exists in BG. So sending its PID: 8114
07-10 01:11:55.299  1707  6618 D CompatibilityInfo: mCompatibilityFlags - 0
07-10 01:11:55.299  1707  6618 D CompatibilityInfo: applicationDensity - 420
07-10 01:11:55.299  1707  6618 D CompatibilityInfo: applicationScale - 1.0
07-10 01:11:55.403  2846  8371 D FaceUnlock: onTaskStackChangedBackground
07-10 01:11:55.404  8114  8114 W w.writeroomtes: Accessing hidden method Landroid/view/View;->computeFitSystemWindows(Landroid/graphics/Rect;Landroid/graphics/Rect;)Z (greylist, reflection, allowed)
07-10 01:11:55.405  2846  8371 D FaceUnlock: PackageName =e.www.writeroomtest
07-10 01:11:55.406  8114  8114 W w.writeroomtes: Accessing hidden method Landroid/view/ViewGroup;->makeOptionalFitsSystemWindows()V (greylist, reflection, allowed)
07-10 01:11:55.422  2846  2867 W System  : A resource failed to call release. 
07-10 01:11:55.447  8114  8114 V Activity: mLastPackageName-e.www.writeroomtest.MainActivity
07-10 01:11:55.478  8114  8114 D PureDisplay: package-e.www.writeroomtest DYNAMIC_ORIGINAL_MODE open
07-10 01:11:55.481 26081 26081 D PureDisplay: PureDisplayModeChangeReceiver,hdrMode=1
07-10 01:11:55.483 26081 26081 I android_os_HwBinder: HwBinder: Starting thread pool for getting: vendor.pixelworks.hardware.display@1.0::IIris/default
07-10 01:11:55.483   946  1014 I IrisService: irisConfigureSet(258, 1, 1)
07-10 01:11:55.483 26081 26081 D PureDisplay: --setIrisDisplayHdrMode- mode =1--result = 0
07-10 01:11:55.483 26081 26081 D PureDisplay: PureDisplayModeChangeReceiver,pureDisplayMode=1
07-10 01:11:55.484 26081 26081 D PureDisplay: isDeviceProvisioned=true
07-10 01:11:55.484 26081 26081 D PureDisplay: isUserSetuped=true
07-10 01:11:55.484 26081 26081 D PureDisplay: setOriginalModeEnable()
07-10 01:11:55.485 26081 26081 I android_os_HwBinder: HwBinder: Starting thread pool for getting: vendor.pixelworks.hardware.display@1.0::IIris/default
07-10 01:11:55.485   946  1014 I IrisService: irisConfigureSet(0, 1, 0)
07-10 01:11:55.492 26081 26081 I android_os_HwBinder: HwBinder: Starting thread pool for getting: vendor.pixelworks.hardware.display@1.0::IIris/default
07-10 01:11:55.492   946  1014 I IrisService: irisConfigureSet(41, 1, 0)
07-10 01:11:55.493 26081 26081 I android_os_HwBinder: HwBinder: Starting thread pool for getting: vendor.pixelworks.hardware.display@1.0::IIris/default
07-10 01:11:55.495   946   946 I IrisService: irisConfigureSet(42, 1, 0)
07-10 01:11:55.496 26081 26081 I android_os_HwBinder: HwBinder: Starting thread pool for getting: vendor.pixelworks.hardware.display@1.0::IIris/default
07-10 01:11:55.497   946  1014 I IrisService: irisConfigureSet(40, 1, 0)
07-10 01:11:55.509 26081 26081 I android_os_HwBinder: HwBinder: Starting thread pool for getting: vendor.pixelworks.hardware.display@1.0::IIris/default
07-10 01:11:55.509   946  1014 I IrisService: irisConfigureSet(36, 1, 0)
07-10 01:11:55.525 26081 26081 D PureDisplay: getWhiteBalanceAutoMode()0
07-10 01:11:55.527 26081 26081 I android_os_HwBinder: HwBinder: Starting thread pool for getting: vendor.pixelworks.hardware.display@1.0::IIris/default
07-10 01:11:55.527   946  1014 I IrisService: irisConfigureSet(39, 1, 1)
07-10 01:11:55.529  8114  8136 I AdrenoGLES-0: QUALCOMM build                   : d7ad79a, I2f86ca99a8
07-10 01:11:55.529  8114  8136 I AdrenoGLES-0: Build Date                       : 06/13/21
07-10 01:11:55.529  8114  8136 I AdrenoGLES-0: OpenGL ES Shader Compiler Version: EV031.32.02.12
07-10 01:11:55.529  8114  8136 I AdrenoGLES-0: Local Branch                     : mybranchebcc171e-87ea-f17a-bb69-1458d0b52af0
07-10 01:11:55.529  8114  8136 I AdrenoGLES-0: Remote Branch                    : quic/gfx-adreno.lnx.1.0.r127-rel
07-10 01:11:55.529  8114  8136 I AdrenoGLES-0: Remote Branch                    : NONE
07-10 01:11:55.529  8114  8136 I AdrenoGLES-0: Reconstruct Branch               : NOTHING
07-10 01:11:55.529  8114  8136 I AdrenoGLES-0: Build Config                     : S L 10.0.7 AArch64
07-10 01:11:55.529  8114  8136 I AdrenoGLES-0: Driver Path                      : /vendor/lib64/egl/libGLESv2_adreno.so
07-10 01:11:55.536  8114  8136 I AdrenoGLES-0: PFP: 0x005ff114, ME: 0x005ff066
07-10 01:11:55.553   626   626 I hwservicemanager: getTransport: Cannot find entry android.hardware.graphics.mapper@4.0::IMapper/default in either framework or device manifest.
07-10 01:11:55.553  8114  8136 I Gralloc4: mapper 4.x is not supported
07-10 01:11:55.553   626   626 I hwservicemanager: getTransport: Cannot find entry android.hardware.graphics.mapper@3.0::IMapper/default in either framework or device manifest.
07-10 01:11:55.553  8114  8136 W Gralloc3: mapper 3.x is not supported
07-10 01:11:55.558 26081 26081 I android_os_HwBinder: HwBinder: Starting thread pool for getting: vendor.pixelworks.hardware.display@1.0::IIris/default
07-10 01:11:55.559   946  1014 I IrisService: irisConfigureSet(264, 1, 0)
07-10 01:11:55.559 26081 26081 D PureDisplay: PureDisplayModeChangeReceiver,lastclass=e.www.writeroomtest.MainActivity
07-10 01:11:55.560 26081 26081 D PureDisplay: PureDisplayModeChangeReceiver,lastpackage=e.www.writeroomtest
07-10 01:11:55.561 26081 26081 D PureDisplay: PureDisplayModeChangeReceiver,lastpackage_resume=1
07-10 01:11:55.566  1707  1813 I ActivityTaskManager: Displayed e.www.writeroomtest/.MainActivity: +572ms
07-10 01:11:55.584  4741  4741 I GoogleInputMethodService: GoogleInputMethodService.onFinishInput():3306 
07-10 01:11:55.585  4741  4741 I GoogleInputMethodService: GoogleInputMethodService.updateDeviceLockedStatus():2127 repeatCheckTimes = 0, locked = false
07-10 01:11:55.585  4741  4741 I GoogleInputMethodService: GoogleInputMethodService.onStartInput():1909 onStartInput(EditorInfo{inputType=0x0(NULL) imeOptions=0x0 privateImeOptions=null actionName=UNSPECIFIED actionLabel=null actionId=0 initialSelStart=-1 initialSelEnd=-1 initialCapsMode=0x0 hintText=null label=null packageName=e.www.writeroomtest fieldId=-1 fieldName=null extras=null hintLocales=[]}, false)
07-10 01:11:55.585  4741  4741 I GoogleInputMethodService: GoogleInputMethodService.shouldHideHeaderOnInitialState():1990 ShouldHideHeaderOnInitialState = false
07-10 01:11:55.586  4741  4741 I GoogleInputMethodService: GoogleInputMethodService.updateDeviceLockedStatus():2127 repeatCheckTimes = 1, locked = false
07-10 01:11:55.929  8068  8068 V Activity: onStop mLastPackageResume = false com.example.batterymanager_utility.MainActivity@1d4f639
07-10 01:11:55.931 26081 26081 D PureDisplay: PureDisplayModeChangeReceiver,lastpackage_resume=0
07-10 01:11:56.548  1707  4136 D CompatibilityInfo: mCompatibilityFlags - 0
07-10 01:11:56.548  1707  4136 D CompatibilityInfo: applicationDensity - 420
07-10 01:11:56.548  1707  4136 D CompatibilityInfo: applicationScale - 1.0
07-10 01:11:56.550  8162  8164 I cmd     : oneway function results will be dropped but finished with status OK and parcel size 4
07-10 01:11:56.554  8068  8068 I BatteryMgr:DataCollectionService: onStartCommand: begin
07-10 01:11:56.554  8068  8068 I BatteryMgr:DataCollectionService: onStartCommand: sampleRate => 1
07-10 01:11:56.554  8068  8068 I BatteryMgr:DataCollectionService: onStartCommand: rawFields => Timestamp,BATTERY_PROPERTY_CURRENT_NOW,EXTRA_VOLTAGE
07-10 01:11:56.556  8068  8068 I BatteryMgr:DataCollectionService: onStartCommand: notification done
07-10 01:11:56.558  1707  4136 D CompatibilityChangeReporter: Compat change id reported: 136219221; UID 10200; state: ENABLED
07-10 01:11:56.559  8068  8068 I BatteryMgr:DataCollectionService: started foreground
07-10 01:11:56.567  8068  8165 I BatteryMgr:DataCollectionService: collectData: begin
07-10 01:11:56.570  8068  8165 I BatteryMgr:DataCollectionService: stats => 1688944316570,-541015,4088
07-10 01:11:56.574  8068  8165 I BatteryMgr:DataCollectionService: stats => 1688944316574,-541015,4088
07-10 01:11:56.579  8068  8165 I BatteryMgr:DataCollectionService: stats => 1688944316579,-541015,4088
07-10 01:11:56.583  8068  8165 I BatteryMgr:DataCollectionService: stats => 1688944316583,-541015,4088
07-10 01:11:56.587  8068  8165 I BatteryMgr:DataCollectionService: stats => 1688944316587,-541015,4088
07-10 01:11:56.592  8068  8165 I BatteryMgr:DataCollectionService: stats => 1688944316591,-341796,4088
07-10 01:11:56.596  8068  8165 I BatteryMgr:DataCollectionService: stats => 1688944316596,-341796,4088
07-10 01:11:56.600  8068  8165 I BatteryMgr:DataCollectionService: stats => 1688944316600,-341796,4088
07-10 01:11:56.604  8068  8165 I BatteryMgr:DataCollectionService: stats => 1688944316604,-341796,4088
07-10 01:11:56.609  8068  8165 I BatteryMgr:DataCollectionService: stats => 1688944316608,-341796,4088
07-10 01:11:56.613  8068  8165 I BatteryMgr:DataCollectionService: stats => 1688944316613,-341796,4088
07-10 01:11:56.618  8068  8165 I BatteryMgr:DataCollectionService: stats => 1688944316618,-341796,4088
07-10 01:11:56.623  8068  8165 I BatteryMgr:DataCollectionService: stats => 1688944316623,-341796,4088
07-10 01:11:56.628  8068  8165 I BatteryMgr:DataCollectionService: stats => 1688944316628,-341796,4088
07-10 01:11:56.632  8068  8165 I BatteryMgr:DataCollectionService: stats => 1688944316632,-341796,4088
07-10 01:11:56.636  8068  8165 I BatteryMgr:DataCollectionService: stats => 1688944316636,-341796,4088
07-10 01:11:56.646  8068  8165 I BatteryMgr:DataCollectionService: stats => 1688944316645,-341796,4088
07-10 01:11:56.650  8068  8165 I BatteryMgr:DataCollectionService: stats => 1688944316650,-341796,4088
07-10 01:11:56.654  8068  8165 I BatteryMgr:DataCollectionService: stats => 1688944316654,-341796,4088
07-10 01:11:56.658  8068  8165 I BatteryMgr:DataCollectionService: stats => 1688944316657,-341796,4088
07-10 01:11:56.661  8068  8165 I BatteryMgr:DataCollectionService: stats => 1688944316661,-341796,4088
07-10 01:11:56.665  8068  8165 I BatteryMgr:DataCollectionService: stats => 1688944316665,-341796,4088
07-10 01:11:56.668  8068  8165 I BatteryMgr:DataCollectionService: stats => 1688944316668,-341796,4088
07-10 01:11:56.672  8068  8165 I BatteryMgr:DataCollectionService: stats => 1688944316672,-341796,4088
07-10 01:11:56.675  8068  8165 I BatteryMgr:DataCollectionService: stats => 1688944316675,-341796,4088
07-10 01:11:56.679  8068  8165 I BatteryMgr:DataCollectionService: stats => 1688944316679,-341796,4088
07-10 01:11:56.683  8068  8165 I BatteryMgr:DataCollectionService: stats => 1688944316683,-341796,4088
07-10 01:11:56.687  8068  8165 I BatteryMgr:DataCollectionService: stats => 1688944316686,-341796,4088
07-10 01:11:56.690  8068  8165 I BatteryMgr:DataCollectionService: stats => 1688944316690,-341796,4088
07-10 01:11:56.694  8068  8165 I BatteryMgr:DataCollectionService: stats => 1688944316694,-341796,4088
07-10 01:11:56.698  8068  8165 I BatteryMgr:DataCollectionService: stats => 1688944316698,-341796,4088
07-10 01:11:56.701  8068  8165 I BatteryMgr:DataCollectionService: stats => 1688944316701,-341796,4088
07-10 01:11:56.705  8068  8165 I BatteryMgr:DataCollectionService: stats => 1688944316705,-341796,4088
07-10 01:11:56.709  8068  8165 I BatteryMgr:DataCollectionService: stats => 1688944316709,-341796,4088
07-10 01:11:56.712  8068  8165 I BatteryMgr:DataCollectionService: stats => 1688944316712,-341796,4088
07-10 01:11:56.715  8068  8165 I BatteryMgr:DataCollectionService: stats => 1688944316715,-341796,4088
07-10 01:11:56.719  8068  8165 I BatteryMgr:DataCollectionService: stats => 1688944316719,-341796,4088
07-10 01:11:56.722  8068  8165 I BatteryMgr:DataCollectionService: stats => 1688944316722,-341796,4088
07-10 01:11:56.726  8068  8165 I BatteryMgr:DataCollectionService: stats => 1688944316726,-341796,4088
07-10 01:11:56.730  8068  8165 I BatteryMgr:DataCollectionService: stats => 1688944316729,-341796,4088
07-10 01:11:56.733  8068  8165 I BatteryMgr:DataCollectionService: stats => 1688944316733,-341796,4088
07-10 01:11:56.736  8068  8165 I BatteryMgr:DataCollectionService: stats => 1688944316736,-341796,4088
07-10 01:11:56.740  8068  8165 I BatteryMgr:DataCollectionService: stats => 1688944316740,-341796,4088
07-10 01:11:56.743  8068  8165 I BatteryMgr:DataCollectionService: stats => 1688944316743,-341796,4088
07-10 01:11:56.747  8068  8165 I BatteryMgr:DataCollectionService: stats => 1688944316747,-341796,4088
07-10 01:11:56.750  8068  8165 I BatteryMgr:DataCollectionService: stats => 1688944316750,-341796,4088
07-10 01:11:56.754  8068  8165 I BatteryMgr:DataCollectionService: stats => 1688944316754,-341796,4088
07-10 01:11:56.758  8068  8165 I BatteryMgr:DataCollectionService: stats => 1688944316758,-341796,4088
07-10 01:11:56.761  8068  8165 I BatteryMgr:DataCollectionService: stats => 1688944316761,-341796,4088
07-10 01:11:56.764  8068  8165 I BatteryMgr:DataCollectionService: stats => 1688944316764,-341796,4088
07-10 01:11:56.768  8068  8165 I BatteryMgr:DataCollectionService: stats => 1688944316768,-341796,4088
07-10 01:11:56.771  8068  8165 I BatteryMgr:DataCollectionService: stats => 1688944316771,-341796,4088
07-10 01:11:56.775  8068  8165 I BatteryMgr:DataCollectionService: stats => 1688944316775,-341796,4088
07-10 01:11:56.778  8068  8165 I BatteryMgr:DataCollectionService: stats => 1688944316778,-341796,4088
07-10 01:11:56.782  8068  8165 I BatteryMgr:DataCollectionService: stats => 1688944316782,-341796,4088
07-10 01:11:56.785  8068  8165 I BatteryMgr:DataCollectionService: stats => 1688944316785,-341796,4088
07-10 01:11:56.789  8068  8165 I BatteryMgr:DataCollectionService: stats => 1688944316789,-341796,4088
07-10 01:11:56.792  8068  8165 I BatteryMgr:DataCollectionService: stats => 1688944316792,-341796,4088
07-10 01:11:56.796  8068  8165 I BatteryMgr:DataCollectionService: stats => 1688944316796,-341796,4088
07-10 01:11:56.799  8068  8165 I BatteryMgr:DataCollectionService: stats => 1688944316799,-341796,4088
07-10 01:11:56.803  8068  8165 I BatteryMgr:DataCollectionService: stats => 1688944316803,-341796,4088
07-10 01:11:56.806  8068  8165 I BatteryMgr:DataCollectionService: stats => 1688944316806,-341796,4088
07-10 01:11:56.810  8068  8165 I BatteryMgr:DataCollectionService: stats => 1688944316810,-341796,4088
07-10 01:11:56.813  8068  8165 I BatteryMgr:DataCollectionService: stats => 1688944316813,-341796,4088
07-10 01:11:56.817  8068  8165 I BatteryMgr:DataCollectionService: stats => 1688944316817,-341796,4088
07-10 01:11:56.820  8068  8165 I BatteryMgr:DataCollectionService: stats => 1688944316820,-341796,4088
07-10 01:11:56.824  8068  8165 I BatteryMgr:DataCollectionService: stats => 1688944316824,-341796,4088
07-10 01:11:56.827  8068  8165 I BatteryMgr:DataCollectionService: stats => 1688944316827,-341796,4088
07-10 01:11:56.831  8068  8165 I BatteryMgr:DataCollectionService: stats => 1688944316831,-341796,4088
07-10 01:11:56.834  8068  8165 I BatteryMgr:DataCollectionService: stats => 1688944316834,-341796,4088
07-10 01:11:56.837  8068  8165 I BatteryMgr:DataCollectionService: stats => 1688944316837,-341796,4088
07-10 01:11:56.841  8068  8165 I BatteryMgr:DataCollectionService: stats => 1688944316841,-341796,4088
07-10 01:11:56.845  8068  8165 I BatteryMgr:DataCollectionService: stats => 1688944316845,-341796,4088
07-10 01:11:56.848  8068  8165 I BatteryMgr:DataCollectionService: stats => 1688944316848,-341796,4088
07-10 01:11:56.852  8068  8165 I BatteryMgr:DataCollectionService: stats => 1688944316852,-341796,4088
07-10 01:11:56.855  8068  8165 I BatteryMgr:DataCollectionService: stats => 1688944316855,-341796,4088
07-10 01:11:56.859  8068  8165 I BatteryMgr:DataCollectionService: stats => 1688944316859,-341796,4088
07-10 01:11:56.862  8068  8165 I BatteryMgr:DataCollectionService: stats => 1688944316862,-341796,4088
07-10 01:11:56.866  8068  8165 I BatteryMgr:DataCollectionService: stats => 1688944316865,-341796,4088
07-10 01:11:56.869  8068  8165 I BatteryMgr:DataCollectionService: stats => 1688944316869,-341796,4088
07-10 01:11:56.872  8068  8165 I BatteryMgr:DataCollectionService: stats => 1688944316872,-341796,4088
07-10 01:11:56.876  8068  8165 I BatteryMgr:DataCollectionService: stats => 1688944316876,-341796,4088
07-10 01:11:56.879  8068  8165 I BatteryMgr:DataCollectionService: stats => 1688944316879,-341796,4088
07-10 01:11:56.883  8068  8165 I BatteryMgr:DataCollectionService: stats => 1688944316882,-341796,4088
07-10 01:11:56.887  8068  8165 I BatteryMgr:DataCollectionService: stats => 1688944316887,-341796,4088
07-10 01:11:56.890  8068  8165 I BatteryMgr:DataCollectionService: stats => 1688944316890,-341796,4088
07-10 01:11:56.894  8068  8165 I BatteryMgr:DataCollectionService: stats => 1688944316894,-341796,4088
07-10 01:11:56.897  8068  8165 I BatteryMgr:DataCollectionService: stats => 1688944316897,-341796,4088
07-10 01:11:56.901  8068  8165 I BatteryMgr:DataCollectionService: stats => 1688944316901,-341796,4088
07-10 01:11:56.904  8068  8165 I BatteryMgr:DataCollectionService: stats => 1688944316904,-341796,4088
07-10 01:11:56.908  8068  8165 I BatteryMgr:DataCollectionService: stats => 1688944316908,-341796,4088
07-10 01:11:56.911  8068  8165 I BatteryMgr:DataCollectionService: stats => 1688944316911,-341796,4088
07-10 01:11:56.914  8068  8165 I BatteryMgr:DataCollectionService: stats => 1688944316914,-341796,4088
07-10 01:11:56.918  8068  8165 I BatteryMgr:DataCollectionService: stats => 1688944316918,-341796,4088
07-10 01:11:56.922  8068  8165 I BatteryMgr:DataCollectionService: stats => 1688944316921,-341796,4088
07-10 01:11:56.925  8068  8165 I BatteryMgr:DataCollectionService: stats => 1688944316925,-341796,4088
07-10 01:11:56.928  8068  8165 I BatteryMgr:DataCollectionService: stats => 1688944316928,-341796,4088
07-10 01:11:56.932  8068  8165 I BatteryMgr:DataCollectionService: stats => 1688944316932,-341796,4088
07-10 01:11:56.936  8068  8165 I BatteryMgr:DataCollectionService: stats => 1688944316935,-341796,4088
07-10 01:11:56.939  8068  8165 I BatteryMgr:DataCollectionService: stats => 1688944316939,-341796,4088
07-10 01:11:56.942  8068  8165 I BatteryMgr:DataCollectionService: stats => 1688944316942,-341796,4088
07-10 01:11:56.946  8068  8165 I BatteryMgr:DataCollectionService: stats => 1688944316946,-341796,4088
07-10 01:11:56.949  8068  8165 I BatteryMgr:DataCollectionService: stats => 1688944316949,-341796,4088
07-10 01:11:56.952  8068  8165 I BatteryMgr:DataCollectionService: stats => 1688944316952,-341796,4088
07-10 01:11:56.956  8068  8165 I BatteryMgr:DataCollectionService: stats => 1688944316956,-341796,4088
07-10 01:11:56.960  8068  8165 I BatteryMgr:DataCollectionService: stats => 1688944316959,-341796,4088
07-10 01:11:56.963  8068  8165 I BatteryMgr:DataCollectionService: stats => 1688944316963,-341796,4088
07-10 01:11:56.966  8068  8165 I BatteryMgr:DataCollectionService: stats => 1688944316966,-341796,4088
07-10 01:11:56.970  8068  8165 I BatteryMgr:DataCollectionService: stats => 1688944316970,-341796,4088
07-10 01:11:56.973  8068  8165 I BatteryMgr:DataCollectionService: stats => 1688944316973,-341796,4088
07-10 01:11:56.977  8068  8165 I BatteryMgr:DataCollectionService: stats => 1688944316977,-341796,4088
07-10 01:11:56.980  8068  8165 I BatteryMgr:DataCollectionService: stats => 1688944316980,-341796,4088
07-10 01:11:56.984  8068  8165 I BatteryMgr:DataCollectionService: stats => 1688944316984,-341796,4088
07-10 01:11:56.987  8068  8165 I BatteryMgr:DataCollectionService: stats => 1688944316987,-341796,4088
07-10 01:11:56.990  8068  8165 I BatteryMgr:DataCollectionService: stats => 1688944316990,-341796,4088
07-10 01:11:56.994  8068  8165 I BatteryMgr:DataCollectionService: stats => 1688944316994,-341796,4088
07-10 01:11:56.997  8068  8165 I BatteryMgr:DataCollectionService: stats => 1688944316997,-341796,4088
07-10 01:11:57.001  8068  8165 I BatteryMgr:DataCollectionService: stats => 1688944317001,-341796,4088
07-10 01:11:57.004  8068  8165 I BatteryMgr:DataCollectionService: stats => 1688944317004,-341796,4088
07-10 01:11:57.008  8068  8165 I BatteryMgr:DataCollectionService: stats => 1688944317008,-341796,4088
07-10 01:11:57.011  8068  8165 I BatteryMgr:DataCollectionService: stats => 1688944317011,-341796,4088
07-10 01:11:57.015  8068  8165 I BatteryMgr:DataCollectionService: stats => 1688944317015,-341796,4088
07-10 01:11:57.018  8068  8165 I BatteryMgr:DataCollectionService: stats => 1688944317018,-341796,4088
07-10 01:11:57.022  8068  8165 I BatteryMgr:DataCollectionService: stats => 1688944317022,-341796,4088
07-10 01:11:57.026  8068  8165 I BatteryMgr:DataCollectionService: stats => 1688944317025,-341796,4088
07-10 01:11:57.029  8068  8165 I BatteryMgr:DataCollectionService: stats => 1688944317029,-341796,4088
07-10 01:11:57.032  8068  8165 I BatteryMgr:DataCollectionService: stats => 1688944317032,-341796,4088
07-10 01:11:57.035  8068  8165 I BatteryMgr:DataCollectionService: stats => 1688944317035,-341796,4088
07-10 01:11:57.039  8068  8165 I BatteryMgr:DataCollectionService: stats => 1688944317039,-341796,4088
07-10 01:11:57.042  8068  8165 I BatteryMgr:DataCollectionService: stats => 1688944317042,-341796,4088
07-10 01:11:57.045  8068  8165 I BatteryMgr:DataCollectionService: stats => 1688944317045,-341796,4088
07-10 01:11:57.049  8068  8165 I BatteryMgr:DataCollectionService: stats => 1688944317049,-341796,4088
07-10 01:11:57.052  8068  8165 I BatteryMgr:DataCollectionService: stats => 1688944317052,-341796,4088
07-10 01:11:57.056  8068  8165 I BatteryMgr:DataCollectionService: stats => 1688944317056,-341796,4088
07-10 01:11:57.059  8068  8165 I BatteryMgr:DataCollectionService: stats => 1688944317059,-341796,4088
07-10 01:11:57.063  8068  8165 I BatteryMgr:DataCollectionService: stats => 1688944317063,-341796,4088
07-10 01:11:57.066  8068  8165 I BatteryMgr:DataCollectionService: stats => 1688944317066,-341796,4088
07-10 01:11:57.070  8068  8165 I BatteryMgr:DataCollectionService: stats => 1688944317070,-341796,4088
07-10 01:11:57.073  8068  8165 I BatteryMgr:DataCollectionService: stats => 1688944317073,-341796,4088
07-10 01:11:57.077  8068  8165 I BatteryMgr:DataCollectionService: stats => 1688944317077,-341796,4088
07-10 01:11:57.080  8068  8165 I BatteryMgr:DataCollectionService: stats => 1688944317080,-341796,4088
07-10 01:11:57.083  8068  8165 I BatteryMgr:DataCollectionService: stats => 1688944317083,-341796,4088
07-10 01:11:57.087  8068  8165 I BatteryMgr:DataCollectionService: stats => 1688944317087,-341796,4088
07-10 01:11:57.090  8068  8165 I BatteryMgr:DataCollectionService: stats => 1688944317090,-341796,4088
07-10 01:11:57.093  8068  8165 I BatteryMgr:DataCollectionService: stats => 1688944317093,-341796,4088
07-10 01:11:57.097  8068  8165 I BatteryMgr:DataCollectionService: stats => 1688944317097,-341796,4088
07-10 01:11:57.100  8068  8165 I BatteryMgr:DataCollectionService: stats => 1688944317100,-341796,4088
07-10 01:11:57.103  8068  8165 I BatteryMgr:DataCollectionService: stats => 1688944317103,-341796,4088
07-10 01:11:57.107  8068  8165 I BatteryMgr:DataCollectionService: stats => 1688944317107,-341796,4088
07-10 01:11:57.110  8068  8165 I BatteryMgr:DataCollectionService: stats => 1688944317110,-341796,4088
07-10 01:11:57.113  8068  8165 I BatteryMgr:DataCollectionService: stats => 1688944317113,-341796,4088
07-10 01:11:57.117  8068  8165 I BatteryMgr:DataCollectionService: stats => 1688944317116,-341796,4088
07-10 01:11:57.120  8068  8165 I BatteryMgr:DataCollectionService: stats => 1688944317120,-341796,4088
07-10 01:11:57.123  8068  8165 I BatteryMgr:DataCollectionService: stats => 1688944317123,-341796,4088
07-10 01:11:57.127  8068  8165 I BatteryMgr:DataCollectionService: stats => 1688944317127,-341796,4088
07-10 01:11:57.131  8068  8165 I BatteryMgr:DataCollectionService: stats => 1688944317131,-341796,4088
07-10 01:11:57.134  8068  8165 I BatteryMgr:DataCollectionService: stats => 1688944317134,-341796,4088
07-10 01:11:57.139  8068  8165 I BatteryMgr:DataCollectionService: stats => 1688944317139,-341796,4088
07-10 01:11:57.141  8114  8130 W System  : A resource failed to call close. 
07-10 01:11:57.143  8068  8165 I BatteryMgr:DataCollectionService: stats => 1688944317143,-341796,4088
07-10 01:11:57.147  8068  8165 I BatteryMgr:DataCollectionService: stats => 1688944317147,-341796,4088
07-10 01:11:57.150  8068  8165 I BatteryMgr:DataCollectionService: stats => 1688944317150,-341796,4088
07-10 01:11:57.153  8068  8165 I BatteryMgr:DataCollectionService: stats => 1688944317153,-341796,4088
07-10 01:11:57.157  8068  8165 I BatteryMgr:DataCollectionService: stats => 1688944317157,-341796,4088
07-10 01:11:57.160  8068  8165 I BatteryMgr:DataCollectionService: stats => 1688944317160,-341796,4088
07-10 01:11:57.164  8068  8165 I BatteryMgr:DataCollectionService: stats => 1688944317164,-341796,4088
07-10 01:11:57.168  8068  8165 I BatteryMgr:DataCollectionService: stats => 1688944317168,-341796,4088
07-10 01:11:57.171  8068  8165 I BatteryMgr:DataCollectionService: stats => 1688944317171,-341796,4088
07-10 01:11:57.175  8068  8165 I BatteryMgr:DataCollectionService: stats => 1688944317175,-341796,4088
07-10 01:11:57.179  8068  8165 I BatteryMgr:DataCollectionService: stats => 1688944317179,-341796,4088
07-10 01:11:57.182  8068  8165 I BatteryMgr:DataCollectionService: stats => 1688944317182,-341796,4088
07-10 01:11:57.186  8068  8165 I BatteryMgr:DataCollectionService: stats => 1688944317185,-341796,4088
07-10 01:11:57.189  8068  8165 I BatteryMgr:DataCollectionService: stats => 1688944317189,-341796,4088
07-10 01:11:57.192  8068  8165 I BatteryMgr:DataCollectionService: stats => 1688944317192,-341796,4088
07-10 01:11:57.196  8068  8165 I BatteryMgr:DataCollectionService: stats => 1688944317196,-341796,4088
07-10 01:11:57.199  8068  8165 I BatteryMgr:DataCollectionService: stats => 1688944317199,-341796,4088
07-10 01:11:57.202  8068  8165 I BatteryMgr:DataCollectionService: stats => 1688944317202,-341796,4088
07-10 01:11:57.206  8068  8165 I BatteryMgr:DataCollectionService: stats => 1688944317206,-341796,4088
07-10 01:11:57.209  8068  8165 I BatteryMgr:DataCollectionService: stats => 1688944317209,-341796,4088
07-10 01:11:57.213  8068  8165 I BatteryMgr:DataCollectionService: stats => 1688944317213,-341796,4088
07-10 01:11:57.217  8068  8165 I BatteryMgr:DataCollectionService: stats => 1688944317217,-341796,4088
07-10 01:11:57.221  8068  8165 I BatteryMgr:DataCollectionService: stats => 1688944317220,-341796,4088
07-10 01:11:57.224  8068  8165 I BatteryMgr:DataCollectionService: stats => 1688944317224,-341796,4088
07-10 01:11:57.228  8068  8165 I BatteryMgr:DataCollectionService: stats => 1688944317228,-341796,4088
07-10 01:11:57.232  8068  8165 I BatteryMgr:DataCollectionService: stats => 1688944317232,-341796,4088
07-10 01:11:57.236  8068  8165 I BatteryMgr:DataCollectionService: stats => 1688944317236,-341796,4088
07-10 01:11:57.240  8068  8165 I BatteryMgr:DataCollectionService: stats => 1688944317240,-341796,4088
07-10 01:11:57.243  8068  8165 I BatteryMgr:DataCollectionService: stats => 1688944317243,-341796,4088
07-10 01:11:57.247  8068  8165 I BatteryMgr:DataCollectionService: stats => 1688944317247,-341796,4088
07-10 01:11:57.250  8068  8165 I BatteryMgr:DataCollectionService: stats => 1688944317250,-341796,4088
07-10 01:11:57.254  8068  8165 I BatteryMgr:DataCollectionService: stats => 1688944317254,-341796,4088
07-10 01:11:57.258  8068  8165 I BatteryMgr:DataCollectionService: stats => 1688944317258,-341796,4088
07-10 01:11:57.261  8068  8165 I BatteryMgr:DataCollectionService: stats => 1688944317261,-341796,4088
07-10 01:11:57.264  8068  8165 I BatteryMgr:DataCollectionService: stats => 1688944317264,-341796,4088
07-10 01:11:57.268  8068  8165 I BatteryMgr:DataCollectionService: stats => 1688944317268,-341796,4088
07-10 01:11:57.271  8068  8165 I BatteryMgr:DataCollectionService: stats => 1688944317271,-341796,4088
07-10 01:11:57.274  8068  8165 I BatteryMgr:DataCollectionService: stats => 1688944317274,-341796,4088
07-10 01:11:57.278  8068  8165 I BatteryMgr:DataCollectionService: stats => 1688944317278,-341796,4088
07-10 01:11:57.281  8068  8165 I BatteryMgr:DataCollectionService: stats => 1688944317281,-341796,4088
07-10 01:11:57.285  8068  8165 I BatteryMgr:DataCollectionService: stats => 1688944317285,-341796,4088
07-10 01:11:57.289  8068  8165 I BatteryMgr:DataCollectionService: stats => 1688944317289,-341796,4088
07-10 01:11:57.292  8068  8165 I BatteryMgr:DataCollectionService: stats => 1688944317292,-341796,4088
07-10 01:11:57.295  8068  8165 I BatteryMgr:DataCollectionService: stats => 1688944317295,-341796,4088
07-10 01:11:57.299  8068  8165 I BatteryMgr:DataCollectionService: stats => 1688944317299,-341796,4088
07-10 01:11:57.302  8068  8165 I BatteryMgr:DataCollectionService: stats => 1688944317302,-341796,4088
07-10 01:11:57.305  8068  8165 I BatteryMgr:DataCollectionService: stats => 1688944317305,-341796,4088
07-10 01:11:57.309  8068  8165 I BatteryMgr:DataCollectionService: stats => 1688944317309,-341796,4088
07-10 01:11:57.312  8068  8165 I BatteryMgr:DataCollectionService: stats => 1688944317312,-341796,4088
07-10 01:11:57.315  8068  8165 I BatteryMgr:DataCollectionService: stats => 1688944317315,-341796,4088
07-10 01:11:57.319  8068  8165 I BatteryMgr:DataCollectionService: stats => 1688944317319,-341796,4088
07-10 01:11:57.322  8068  8165 I BatteryMgr:DataCollectionService: stats => 1688944317322,-341796,4088
07-10 01:11:57.326  8068  8165 I BatteryMgr:DataCollectionService: stats => 1688944317326,-341796,4088
07-10 01:11:57.329  8068  8165 I BatteryMgr:DataCollectionService: stats => 1688944317329,-341796,4088
07-10 01:11:57.332  8068  8165 I BatteryMgr:DataCollectionService: stats => 1688944317332,-341796,4088
07-10 01:11:57.336  8068  8165 I BatteryMgr:DataCollectionService: stats => 1688944317336,-341796,4088
07-10 01:11:57.339  8068  8165 I BatteryMgr:DataCollectionService: stats => 1688944317339,-341796,4088
07-10 01:11:57.343  8068  8165 I BatteryMgr:DataCollectionService: stats => 1688944317343,-341796,4088
07-10 01:11:57.357  8068  8165 I BatteryMgr:DataCollectionService: stats => 1688944317357,-341796,4088
07-10 01:11:57.360  8068  8165 I BatteryMgr:DataCollectionService: stats => 1688944317360,-341796,4088
07-10 01:11:57.364  8068  8165 I BatteryMgr:DataCollectionService: stats => 1688944317364,-341796,4088
07-10 01:11:57.367  8068  8165 I BatteryMgr:DataCollectionService: stats => 1688944317367,-341796,4088
07-10 01:11:57.371  8068  8165 I BatteryMgr:DataCollectionService: stats => 1688944317371,-341796,4088
07-10 01:11:57.374  8068  8165 I BatteryMgr:DataCollectionService: stats => 1688944317374,-341796,4088
07-10 01:11:57.378  8068  8165 I BatteryMgr:DataCollectionService: stats => 1688944317378,-341796,4088
07-10 01:11:57.381  8068  8165 I BatteryMgr:DataCollectionService: stats => 1688944317381,-341796,4088
07-10 01:11:57.385  8068  8165 I BatteryMgr:DataCollectionService: stats => 1688944317385,-341796,4088
07-10 01:11:57.388  8068  8165 I BatteryMgr:DataCollectionService: stats => 1688944317388,-341796,4088
07-10 01:11:57.392  8068  8165 I BatteryMgr:DataCollectionService: stats => 1688944317391,-341796,4088
07-10 01:11:57.395  8068  8165 I BatteryMgr:DataCollectionService: stats => 1688944317395,-341796,4088
07-10 01:11:57.398  8068  8165 I BatteryMgr:DataCollectionService: stats => 1688944317398,-341796,4088
07-10 01:11:57.401  8068  8165 I BatteryMgr:DataCollectionService: stats => 1688944317401,-341796,4088
07-10 01:11:57.404  8068  8165 I BatteryMgr:DataCollectionService: stats => 1688944317404,-341796,4088
07-10 01:11:57.408  8068  8165 I BatteryMgr:DataCollectionService: stats => 1688944317408,-341796,4088
07-10 01:11:57.411  8068  8165 I BatteryMgr:DataCollectionService: stats => 1688944317411,-341796,4088
07-10 01:11:57.415  8068  8165 I BatteryMgr:DataCollectionService: stats => 1688944317415,-341796,4088
07-10 01:11:57.419  8068  8165 I BatteryMgr:DataCollectionService: stats => 1688944317418,-341796,4088
07-10 01:11:57.422  8068  8165 I BatteryMgr:DataCollectionService: stats => 1688944317422,-341796,4088
07-10 01:11:57.425  8068  8165 I BatteryMgr:DataCollectionService: stats => 1688944317425,-341796,4088
07-10 01:11:57.428  8068  8165 I BatteryMgr:DataCollectionService: stats => 1688944317428,-341796,4088
