06-11 21:25:48.848  1539 14511 W Codec2Client: query -- param skipped: index = 1342179345.
06-11 21:25:48.848  1539 14511 W Codec2Client: query -- param skipped: index = 2415921170.
06-11 21:25:48.850  1539 14511 D CCodecBufferChannel: [c2.android.vorbis.decoder#265] Created input block pool with allocatorID 16 => poolID 253 - OK (0)
06-11 21:25:48.854  1539 14511 I CCodecBufferChannel: [c2.android.vorbis.decoder#265] Created output block pool with allocatorID 16 => poolID 258 - OK
06-11 21:25:48.854  1539 14511 D CCodecBufferChannel: [c2.android.vorbis.decoder#265] Configured output block pool ids 258 => OK
06-11 21:25:48.858  1548 14512 D SimpleC2Component: Using output block pool with poolID 258 => got 258 - 0
06-11 21:25:48.879  1361  1652 D AudioFlinger: Client defaulted notificationFrames to 12000 for frameCount 24000
06-11 21:25:48.882  1361  1652 D AF::TrackHandle: OpPlayAudio: track:309 usage:5 not muted
06-11 21:25:48.902  1296  1296 I EffectsFactory: EffectCreate() create_effect
06-11 21:25:48.934  1296  1296 D audio_hw_primary: out_set_parameters: enter: usecase(1: low-latency-playback) kvpairs: routing=4194304
06-11 21:25:48.943  1296  3654 D audio_route: Apply path: speaker-safe
06-11 21:25:48.943  1296  3654 D audio_hw_primary: enable_snd_device: snd_device(104: vi-feedback)
06-11 21:25:48.943  1296  3654 D audio_route: Apply path: vi-feedback
06-11 21:25:48.944  1296  3654 E audio_hw_utils: audio_extn_utils_send_app_type_cfg: Failed to derive app_type for uc type : 0x1
06-11 21:25:48.944  1296  3654 D ACDB-LOADER: ACDB -> send_audio_cal, acdb_id = 512, path = 1, app id = 0x11132, sample rate = 48000
06-11 21:25:48.944  1296  3654 D ACDB-LOADER: ACDB -> send_asm_topology
06-11 21:25:48.944  1296  3654 D ACDB-LOADER: ACDB -> ACDB_CMD_GET_AUDPROC_STREAM_TOPOLOGY_ID
06-11 21:25:48.944  1296  3654 D ACDB-LOADER: ACDB -> send_adm_topology
06-11 21:25:48.944  1296  3654 D ACDB-LOADER: ACDB -> ACDB_CMD_GET_AUDPROC_COMMON_TOPOLOGY_ID
06-11 21:25:48.944  1296  3654 D ACDB-LOADER: ACDB -> send_audtable
06-11 21:25:48.944  1296  3654 D ACDB-LOADER: ACDB -> ACDB_CMD_GET_AUDPROC_COMMON_TABLE_SIZE
06-11 21:25:48.944  1296  3654 D ACDB-LOADER: ACDB -> ACDB_CMD_GET_AUDPROC_COMMON_TABLE
06-11 21:25:48.944  1296  3654 D ACDB-LOADER: ACDB -> AUDIO_SET_AUDPROC_CAL
06-11 21:25:48.944  1296  3654 D ACDB-LOADER: ACDB -> send_audvoltable
06-11 21:25:48.944  1296  3654 D ACDB-LOADER: ACDB -> ACDB_CMD_GET_AUDPROC_VOL_STEP_TABLE_SIZE
06-11 21:25:48.944  1296  3654 D ACDB-LOADER: ACDB -> ACDB_CMD_GET_AUDPROC_GAIN_DEP_STEP_TABLE, vol index 0
06-11 21:25:48.944  1296  3654 D android.hardware.audio.service: Failed to fetch the lookup information of the device 00000200 
06-11 21:25:48.944  1296  3654 E ACDB-LOADER: Error: ACDB AudProc vol returned = -19
06-11 21:25:48.944  1296  3654 D ACDB-LOADER: ACDB -> AUDIO_SET_VOL_CAL cal type = 12
06-11 21:25:48.944  1296  3654 D ACDB-LOADER: ACDB -> ACDB_CMD_GET_AUDPROC_STREAM_TABLE_SIZE
06-11 21:25:48.944  1296  3654 D ACDB-LOADER: ACDB -> send_audstrmtable
06-11 21:25:48.944  1296  3654 D ACDB-LOADER: ACDB -> ACDB_CMD_GET_AUDPROC_STREAM_TABLE_V2
06-11 21:25:48.944  1296  3654 D ACDB-LOADER: ACDB -> audstrm_cal->cal_type.cal_data.cal_size = 16
06-11 21:25:48.945  1296  3654 D ACDB-LOADER: ACDB -> send_afe_topology
06-11 21:25:48.945  1296  3654 D ACDB-LOADER: ACDB -> ACDB_CMD_GET_AFE_TOPOLOGY_ID
06-11 21:25:48.945  1296  3654 D ACDB-LOADER: ACDB -> GET_AFE_TOPOLOGY_ID for adcd_id 512, Topology Id 10001ccc
06-11 21:25:48.945  1296  3654 D ACDB-LOADER: ACDB -> send_afe_cal
06-11 21:25:48.945  1296  3654 D ACDB-LOADER: ACDB -> ACDB_CMD_GET_AFE_COMMON_TABLE_SIZE
06-11 21:25:48.945  1296  3654 D ACDB-LOADER: ACDB -> ACDB_CMD_GET_AFE_COMMON_TABLE
06-11 21:25:48.945  1296  3654 D ACDB-LOADER: ACDB -> AUDIO_SET_AFE_CAL
06-11 21:25:48.945  1296  3654 D ACDB-LOADER: ACDB -> send_hw_delay : acdb_id = 512 path = 1
06-11 21:25:48.945  1296  3654 D ACDB-LOADER: ACDB -> ACDB_AVSYNC_INFO: ACDB_CMD_GET_DEVICE_PROPERTY
06-11 21:25:48.945  1296  3654 D audio_hw_primary: enable_audio_route: usecase(25) apply and update mixer path: spkr-vi-record vi-feedback
06-11 21:25:48.945  1296  3654 D audio_route: Apply path: spkr-vi-record vi-feedback
06-11 21:25:48.992  1296  3654 D msm8974_platform: Setting audio calibration for snd_device(4) acdb_id(514)
06-11 21:25:48.993  1296  3654 E ACDB-LOADER: [acdb_loader_adsp_set_audio_cal] active device/stream not found (result=-100) for topology 0x1000dffb and apptype 0x11130
06-11 21:25:48.993  1296  3654 E ACDB-LOADER: [acdb_loader_adsp_set_audio_cal] set parameters failed with status -100
06-11 21:25:48.993  1296  3654 D msm8974_platform: Setting audio calibration for snd_device(4) acdb_id(514)
06-11 21:25:48.994  1296  3654 D audio_hw_waves: print_state_log: send volume table -(0,0.000000,F),(1,0.000000,F),(2,0.000000,F),(3,0.000000,F),(4,0.000000,F),(5,0.000000,T)
06-11 21:25:48.994  1296  3654 D ACDB-LOADER: ACDB -> send_audio_cal, acdb_id = 514, path = 0, app id = 0x11130, sample rate = 48000
06-11 21:25:48.994  1296  3654 D ACDB-LOADER: ACDB -> send_asm_topology
06-11 21:25:48.994  1296  3654 D ACDB-LOADER: ACDB -> ACDB_CMD_GET_AUDPROC_STREAM_TOPOLOGY_ID
06-11 21:25:48.994  1296  3654 D ACDB-LOADER: ACDB -> send_adm_topology
06-11 21:25:48.994  1296  3654 D ACDB-LOADER: ACDB -> ACDB_CMD_GET_AUDPROC_COMMON_TOPOLOGY_ID
06-11 21:25:48.994  1296  3654 D ACDB-LOADER: ACDB -> send_audtable
06-11 21:25:48.994  1296  3654 D ACDB-LOADER: ACDB -> ACDB_CMD_GET_AUDPROC_COMMON_TABLE_SIZE
06-11 21:25:48.994  1296  3654 D ACDB-LOADER: ACDB -> ACDB_CMD_GET_AUDPROC_COMMON_TABLE
06-11 21:25:48.994  1296  3654 D ACDB-LOADER: ACDB -> AUDIO_SET_AUDPROC_CAL
06-11 21:25:48.994  1296  3654 D ACDB-LOADER: ACDB -> send_audvoltable
06-11 21:25:48.994  1296  3654 D ACDB-LOADER: ACDB -> ACDB_CMD_GET_AUDPROC_VOL_STEP_TABLE_SIZE
06-11 21:25:48.994  1296  3654 D ACDB-LOADER: ACDB -> ACDB_CMD_GET_AUDPROC_GAIN_DEP_STEP_TABLE, vol index 0
06-11 21:25:48.994  1296  3654 D android.hardware.audio.service: Failed to fetch the lookup information of the device 00000202 
06-11 21:25:48.994  1296  3654 E ACDB-LOADER: Error: ACDB AudProc vol returned = -19
06-11 21:25:48.994  1296  3654 D ACDB-LOADER: ACDB -> AUDIO_SET_VOL_CAL cal type = 12
06-11 21:25:48.994  1296  3654 D ACDB-LOADER: ACDB -> ACDB_CMD_GET_AUDPROC_STREAM_TABLE_SIZE
06-11 21:25:48.994  1296  3654 D ACDB-LOADER: ACDB -> send_audstrmtable
06-11 21:25:48.994  1296  3654 D ACDB-LOADER: ACDB -> ACDB_CMD_GET_AUDPROC_STREAM_TABLE_V2
06-11 21:25:48.994  1296  3654 D ACDB-LOADER: ACDB -> audstrm_cal->cal_type.cal_data.cal_size = 456
06-11 21:25:48.994  1296  3654 D ACDB-LOADER: ACDB -> send_afe_topology
06-11 21:25:48.994  1296  3654 D ACDB-LOADER: ACDB -> ACDB_CMD_GET_AFE_TOPOLOGY_ID
06-11 21:25:48.994  1296  3654 D ACDB-LOADER: ACDB -> GET_AFE_TOPOLOGY_ID for adcd_id 514, Topology Id 10000ccc
06-11 21:25:48.994  1296  3654 D ACDB-LOADER: ACDB -> send_afe_cal
06-11 21:25:48.994  1296  3654 D ACDB-LOADER: ACDB -> ACDB_CMD_GET_AFE_COMMON_TABLE_SIZE
06-11 21:25:48.994  1296  3654 D ACDB-LOADER: ACDB -> ACDB_CMD_GET_AFE_COMMON_TABLE
06-11 21:25:48.994  1296  3654 D ACDB-LOADER: ACDB -> AUDIO_SET_AFE_CAL
06-11 21:25:48.994  1296  3654 D ACDB-LOADER: ACDB -> send_hw_delay : acdb_id = 514 path = 0
06-11 21:25:48.994  1296  3654 D ACDB-LOADER: ACDB -> ACDB_AVSYNC_INFO: ACDB_CMD_GET_DEVICE_PROPERTY
06-11 21:25:48.994  1296  3654 D audio_hw_primary: enable_audio_route: usecase(1) apply and update mixer path: low-latency-playback speaker
06-11 21:25:48.994  1296  3654 D audio_route: Apply path: low-latency-playback speaker
06-11 21:25:49.033 15483 15483 D BoundBrokerSvc: onUnbind: Intent { act=com.google.android.gms.inappreach.service.START dat=chimera-action: cmp=com.google.android.gms/.chimera.GmsApiService }
06-11 21:25:49.036  1917  3913 W ProcessStats: Tracking association SourceState{329dbb7 system/1000 BTopFgs #105411} whose proc state 2 is better than process ProcessState{9cdae9d com.google.android.gms.persistent/10125 pkg=com.google.android.gms} proc state 3 (37 skipped)
06-11 21:25:49.068  1296  3654 D audio_hw_primary: out_write: retry previous failed cal level set
06-11 21:25:49.089  1296  1296 D audio_hw_waves: print_state_log: send volume table -(0,0.000000,F),(1,0.000000,F),(2,0.000000,F),(3,0.000000,F),(4,0.000000,F),(5,0.302643,T)
06-11 21:25:49.172 14379 14495 I BatteryMgr:DataCollectionService: stats => 1686511549172,239375,4153
06-11 21:25:50.115  1539 14511 D CCodecBufferChannel: [c2.android.vorbis.decoder#265] buffers after EOS ignored (0 us)
06-11 21:25:50.117  1539 14511 D CCodecBufferChannel: [c2.android.vorbis.decoder#265] buffers after EOS ignored (0 us)
06-11 21:25:50.185 14379 14495 I BatteryMgr:DataCollectionService: stats => 1686511550184,141562,4153
06-11 21:25:50.359  1539 14509 D AudioTrack: stop(318): called with 76269 frames delivered
06-11 21:25:50.402  1917  2394 D ConnectivityService: NetReassign [no changes] [c 1] [a 0] [i 6]
06-11 21:25:50.733  1917  4568 I MediaFocusControl: abandonAudioFocus() from uid/pid 10195/2553 clientId=android.media.AudioManager@9c48a03
06-11 21:25:50.735  2553 14504 V MediaPlayer: resetDrmState:  mDrmInfo=null mDrmProvisioningThread=null mPrepareDrmInProgress=false mActiveDrmScheme=false
06-11 21:25:50.735  2553 14504 V MediaPlayer: cleanDrmObj: mDrmObj=null mDrmSessionId=null
06-11 21:25:50.735  1539 15015 D NuPlayerDriver: reset(0xf3201370) at state 6
06-11 21:25:50.740  1539 14511 I hw-BpHwBinder: onLastStrongRef automatically unlinking death recipients
06-11 21:25:50.740  1548  2603 I hw-BpHwBinder: onLastStrongRef automatically unlinking death recipients
06-11 21:25:50.741  1548  2603 V C2Store : in ~ComponentModule
06-11 21:25:50.741  1548  2603 V C2Store : unloading dll
06-11 21:25:50.747  1539 14506 D NuPlayerDriver: notifyResetComplete(0xf3201370)
06-11 21:25:50.749  1539 15015 W AMessage: failed to post message as target looper for handler 0 is gone.
06-11 21:25:50.751  1296  1296 D audio_hw_waves: print_state_log: send volume table -(0,0.000000,F),(1,0.000000,F),(2,0.000000,F),(3,0.000000,F),(4,0.000000,F),(5,0.000000,F)
06-11 21:25:51.196 14379 14495 I BatteryMgr:DataCollectionService: stats => 1686511551196,173125,4153
06-11 21:25:52.205 14379 14495 I BatteryMgr:DataCollectionService: stats => 1686511552205,166250,4153
06-11 21:25:52.382  1539 31534 D BufferPoolAccessor2.0: bufferpool2 0xef241108 : 4(32768 size) total buffers - 4(32768 size) used buffers - 824/829 (recycle/alloc) - 9/1650 (fetch/transfer)
06-11 21:25:52.401  1548 14462 D BufferPoolAccessor2.0: bufferpool2 0x7bf5a5b8d8 : 5(2560 size) total buffers - 1(640 size) used buffers - 815/827 (recycle/alloc) - 5/777 (fetch/transfer)
06-11 21:25:53.217 14379 14495 I BatteryMgr:DataCollectionService: stats => 1686511553216,166562,4153
06-11 21:25:53.441  1917  2394 D ConnectivityService: NetReassign [no changes] [c 1] [a 0] [i 6]
06-11 21:25:53.737  1296  1296 D audio_hw_primary: disable_audio_route: usecase(1) reset and update mixer path: low-latency-playback speaker
06-11 21:25:53.742  1296  1296 I audio_hw_cirrus_playback: audio_extn_spkr_prot_stop_processing: pcm_tx_close
06-11 21:25:53.751  1296  1296 D audio_hw_primary: disable_audio_route: usecase(25) reset and update mixer path: spkr-vi-record vi-feedback
06-11 21:25:53.751  1296  1296 D audio_hw_primary: disable_snd_device: snd_device(104: vi-feedback)
06-11 21:25:54.230 14379 14495 I BatteryMgr:DataCollectionService: stats => 1686511554229,205000,4153
06-11 21:25:55.244 14379 14495 I BatteryMgr:DataCollectionService: stats => 1686511555244,105000,4153
06-11 21:25:55.779  1539 14959 D BufferPoolAccessor2.0: bufferpool2 0xef240c88 : 0(0 size) total buffers - 0(0 size) used buffers - 90/98 (recycle/alloc) - 8/188 (fetch/transfer)
06-11 21:25:55.779  1539 14959 D BufferPoolAccessor2.0: evictor expired: 1, evicted: 1
06-11 21:25:55.779  1548  2594 D BufferPoolAccessor2.0: bufferpool2 0x7bf5a56ed8 : 0(0 size) total buffers - 0(0 size) used buffers - 89/92 (recycle/alloc) - 3/91 (fetch/transfer)
06-11 21:25:55.780  1548  2594 D BufferPoolAccessor2.0: evictor expired: 1, evicted: 1
06-11 21:25:56.254 14379 14495 I BatteryMgr:DataCollectionService: stats => 1686511556254,126875,4153
06-11 21:25:56.472  1917  2394 D ConnectivityService: NetReassign [no changes] [c 1] [a 0] [i 5]
06-11 21:25:57.263 14379 14495 I BatteryMgr:DataCollectionService: stats => 1686511557263,125625,4153
06-11 21:25:57.440  1539 14461 D BufferPoolAccessor2.0: bufferpool2 0xef241108 : 4(32768 size) total buffers - 4(32768 size) used buffers - 1093/1098 (recycle/alloc) - 9/2187 (fetch/transfer)
06-11 21:25:57.461  1548 14462 D BufferPoolAccessor2.0: bufferpool2 0x7bf5a5b8d8 : 6(3200 size) total buffers - 1(640 size) used buffers - 1083/1096 (recycle/alloc) - 7/1030 (fetch/transfer)
06-11 21:25:58.274 14379 14495 I BatteryMgr:DataCollectionService: stats => 1686511558273,120625,4153
06-11 21:25:59.288 14379 14495 I BatteryMgr:DataCollectionService: stats => 1686511559288,127812,4153
06-11 21:25:59.493  1917  2394 D ConnectivityService: NetReassign [no changes] [c 1] [a 1] [i 5]
06-11 21:26:00.015  3794  4102 I AiAiEcho: Predicting[7]: { Feature:1, creation:2023-06-11T18:51:49.633Z, expiry:2023-06-11T19:00:00Z, isExpired: true}, { Feature:1, creation:2023-06-11T19:00:00Z, expiry:2023-06-11T20:00:00Z, isExpired: false}, { Feature:1, creation:2023-06-11T20:00:00Z, expiry:2023-06-11T21:00:00Z, isExpired: true}, { Feature:1, creation:2023-06-11T21:00:00Z, expiry:2023-06-11T22:00:00Z, isExpired: true}, { Feature:1, creation:2023-06-11T22:00:00Z, expiry:2023-06-11T23:00:00Z, isExpired: true}, { Feature:1, creation:2023-06-11T23:00:00Z, expiry:2023-06-12T00:00:00Z, isExpired: true}, { Feature:1, creation:2023-06-12T00:00:00Z, expiry:2023-06-12T00:51:49.633Z, isExpired: true}
06-11 21:26:00.016  3794  4102 I AiAiEcho: EchoTargets: Feature:1
06-11 21:26:00.016  3794  4102 I AiAiEcho: Filtered by AiAi flag check: 
06-11 21:26:00.018  3794  4102 I AiAiEcho: Ranked targets strategy: WEIGHTED, count: 1, ranking metadata: { cardId: WEATHER-569377244, card type: 1, update time: 2023-06-11T19:00:00Z, expiration time: 2023-06-11T20:00:00Z, ranking metadata: RankingMetaData(urgency=0.676, priority=0.3, recency=1.0, rankScore=0.2028, importantTimePoints=# kwj@7bca4) }
06-11 21:26:00.022  3794  4102 I AiAiEcho: #postPredictionTargets: Sending updates to UISurface lockscreen with targets# 1 (types=[1])
06-11 21:26:00.029  2553  2553 W BcSmartspaceCard: No title view to update
06-11 21:26:00.298 14379 14495 I BatteryMgr:DataCollectionService: stats => 1686511560298,113437,4153
06-11 21:26:01.307 14379 14495 I BatteryMgr:DataCollectionService: stats => 1686511561307,181875,4153
06-11 21:26:02.322 14379 14495 I BatteryMgr:DataCollectionService: stats => 1686511562321,120000,4153
06-11 21:26:02.484  1539 31534 D BufferPoolAccessor2.0: bufferpool2 0xef241108 : 4(32768 size) total buffers - 4(32768 size) used buffers - 1361/1366 (recycle/alloc) - 9/2724 (fetch/transfer)
06-11 21:26:02.521  1917  2394 D ConnectivityService: NetReassign [no changes] [c 0] [a 0] [i 6]
06-11 21:26:02.522  1548 14462 D BufferPoolAccessor2.0: bufferpool2 0x7bf5a5b8d8 : 6(3200 size) total buffers - 1(640 size) used buffers - 1352/1365 (recycle/alloc) - 9/1283 (fetch/transfer)
06-11 21:26:03.334 14379 14495 I BatteryMgr:DataCollectionService: stats => 1686511563334,202812,4153
06-11 21:26:04.347 14379 14495 I BatteryMgr:DataCollectionService: stats => 1686511564347,197500,4153
06-11 21:26:05.364 14379 14495 I BatteryMgr:DataCollectionService: stats => 1686511565364,120312,4153
06-11 21:26:05.548  1917  2394 D ConnectivityService: NetReassign [no changes] [c 0] [a 1] [i 5]
06-11 21:26:06.375 14379 14495 I BatteryMgr:DataCollectionService: stats => 1686511566374,151875,4153
06-11 21:26:07.336  1917  3913 W ProcessStats: Tracking association SourceState{329dbb7 system/1000 BTopFgs #105417} whose proc state 2 is better than process ProcessState{9cdae9d com.google.android.gms.persistent/10125 pkg=com.google.android.gms} proc state 3 (8 skipped)
06-11 21:26:07.384 14379 14495 I BatteryMgr:DataCollectionService: stats => 1686511567384,145000,4153
06-11 21:26:07.561  1539 14461 D BufferPoolAccessor2.0: bufferpool2 0xef241108 : 4(32768 size) total buffers - 4(32768 size) used buffers - 1631/1636 (recycle/alloc) - 9/3263 (fetch/transfer)
06-11 21:26:07.563  1548 14462 D BufferPoolAccessor2.0: bufferpool2 0x7bf5a5b8d8 : 6(3200 size) total buffers - 1(640 size) used buffers - 1620/1633 (recycle/alloc) - 11/1536 (fetch/transfer)
06-11 21:26:08.397 14379 14495 I BatteryMgr:DataCollectionService: stats => 1686511568397,126250,4153
06-11 21:26:08.568  1917  2394 D ConnectivityService: NetReassign [no changes] [c 0] [a 0] [i 5]
06-11 21:26:09.411 14379 14495 I BatteryMgr:DataCollectionService: stats => 1686511569411,138437,4153
06-11 21:26:10.426 14379 14495 I BatteryMgr:DataCollectionService: stats => 1686511570425,109375,4153
06-11 21:26:11.438 14379 14495 I BatteryMgr:DataCollectionService: stats => 1686511571438,107500,4153
06-11 21:26:11.596  1917  2394 D ConnectivityService: NetReassign [no changes] [c 1] [a 0] [i 5]
06-11 21:26:12.452 14379 14495 I BatteryMgr:DataCollectionService: stats => 1686511572452,159062,4153
06-11 21:26:12.604  1539 31534 D BufferPoolAccessor2.0: bufferpool2 0xef241108 : 4(32768 size) total buffers - 4(32768 size) used buffers - 1899/1904 (recycle/alloc) - 9/3800 (fetch/transfer)
06-11 21:26:12.702  1548 14462 D BufferPoolAccessor2.0: bufferpool2 0x7bf5a5b8d8 : 6(3200 size) total buffers - 1(640 size) used buffers - 1893/1906 (recycle/alloc) - 12/1792 (fetch/transfer)
06-11 21:26:13.468 14379 14495 I BatteryMgr:DataCollectionService: stats => 1686511573467,201562,4153
06-11 21:26:14.484 14379 14495 I BatteryMgr:DataCollectionService: stats => 1686511574484,256562,4153
06-11 21:26:14.624  1917  2394 D ConnectivityService: NetReassign [no changes] [c 1] [a 0] [i 5]
06-11 21:26:15.493 14379 14495 I BatteryMgr:DataCollectionService: stats => 1686511575493,130000,4153
06-11 21:26:16.503 14379 14495 I BatteryMgr:DataCollectionService: stats => 1686511576503,120000,4153
06-11 21:26:17.515 14379 14495 I BatteryMgr:DataCollectionService: stats => 1686511577515,122500,4153
06-11 21:26:17.643  1917  2394 D ConnectivityService: NetReassign [no changes] [c 1] [a 0] [i 5]
06-11 21:26:17.707  1539 14461 D BufferPoolAccessor2.0: bufferpool2 0xef241108 : 4(32768 size) total buffers - 4(32768 size) used buffers - 2170/2175 (recycle/alloc) - 9/4341 (fetch/transfer)
06-11 21:26:17.801  1548 14462 D BufferPoolAccessor2.0: bufferpool2 0x7bf5a5b8d8 : 6(3200 size) total buffers - 1(640 size) used buffers - 2164/2177 (recycle/alloc) - 13/2047 (fetch/transfer)
06-11 21:26:18.532 14379 14495 I BatteryMgr:DataCollectionService: stats => 1686511578532,116562,4153
06-11 21:26:19.544 14379 14495 I BatteryMgr:DataCollectionService: stats => 1686511579544,120625,4153
06-11 21:26:20.555 14379 14495 I BatteryMgr:DataCollectionService: stats => 1686511580555,115312,4153
06-11 21:26:20.675  1917  2394 D ConnectivityService: NetReassign [no changes] [c 1] [a 0] [i 5]
06-11 21:26:21.569 14379 14495 I BatteryMgr:DataCollectionService: stats => 1686511581569,133437,4153
06-11 21:26:22.286  1917  2114 W ProcessStats: Tracking association SourceState{329dbb7 system/1000 BTopFgs #105418} whose proc state 2 is better than process ProcessState{9cdae9d com.google.android.gms.persistent/10125 pkg=com.google.android.gms} proc state 3 (2 skipped)
06-11 21:26:22.585 14379 14495 I BatteryMgr:DataCollectionService: stats => 1686511582584,205937,4153
06-11 21:26:22.747  1539 31534 D BufferPoolAccessor2.0: bufferpool2 0xef241108 : 4(32768 size) total buffers - 4(32768 size) used buffers - 2438/2443 (recycle/alloc) - 9/4878 (fetch/transfer)
06-11 21:26:22.863  1548 14462 D BufferPoolAccessor2.0: bufferpool2 0x7bf5a5b8d8 : 6(3200 size) total buffers - 1(640 size) used buffers - 2433/2446 (recycle/alloc) - 14/2301 (fetch/transfer)
06-11 21:26:23.598 14379 14495 I BatteryMgr:DataCollectionService: stats => 1686511583598,180937,4153
06-11 21:26:23.704  1917  2394 D ConnectivityService: NetReassign [no changes] [c 0] [a 1] [i 5]
06-11 21:26:24.612 14379 14495 I BatteryMgr:DataCollectionService: stats => 1686511584612,185312,4153
06-11 21:26:25.623 14379 14495 I BatteryMgr:DataCollectionService: stats => 1686511585623,109375,4153
06-11 21:26:26.632 14379 14495 I BatteryMgr:DataCollectionService: stats => 1686511586632,109062,4153
06-11 21:26:26.724  1917  2394 D ConnectivityService: NetReassign [no changes] [c 0] [a 1] [i 5]
06-11 21:26:27.645 14379 14495 I BatteryMgr:DataCollectionService: stats => 1686511587645,115625,4153
06-11 21:26:27.841  1539 14461 D BufferPoolAccessor2.0: bufferpool2 0xef241108 : 4(32768 size) total buffers - 4(32768 size) used buffers - 2709/2714 (recycle/alloc) - 9/5419 (fetch/transfer)
06-11 21:26:27.962  1548 14462 D BufferPoolAccessor2.0: bufferpool2 0x7bf5a5b8d8 : 6(3200 size) total buffers - 1(640 size) used buffers - 2704/2717 (recycle/alloc) - 15/2555 (fetch/transfer)
06-11 21:26:28.659 14379 14495 I BatteryMgr:DataCollectionService: stats => 1686511588658,115312,4153
06-11 21:26:29.672 14379 14495 I BatteryMgr:DataCollectionService: stats => 1686511589672,125000,4153
06-11 21:26:29.751  1917  2394 D ConnectivityService: NetReassign [no changes] [c 1] [a 0] [i 5]
06-11 21:26:30.682 14379 14495 I BatteryMgr:DataCollectionService: stats => 1686511590681,184375,4153
06-11 21:26:31.696 14379 14495 I BatteryMgr:DataCollectionService: stats => 1686511591696,149687,4153
06-11 21:26:32.710 14379 14495 I BatteryMgr:DataCollectionService: stats => 1686511592710,220312,4153
06-11 21:26:32.778  1917  2394 D ConnectivityService: NetReassign [no changes] [c 1] [a 0] [i 5]
06-11 21:26:32.905  1539 31534 D BufferPoolAccessor2.0: bufferpool2 0xef241108 : 4(32768 size) total buffers - 4(32768 size) used buffers - 2977/2982 (recycle/alloc) - 9/5956 (fetch/transfer)
06-11 21:26:33.064  1548 14462 D BufferPoolAccessor2.0: bufferpool2 0x7bf5a5b8d8 : 6(3200 size) total buffers - 1(640 size) used buffers - 2975/2988 (recycle/alloc) - 15/2811 (fetch/transfer)
06-11 21:26:33.724 14379 14495 I BatteryMgr:DataCollectionService: stats => 1686511593724,193750,4153
06-11 21:26:34.736 14379 14495 I BatteryMgr:DataCollectionService: stats => 1686511594736,200625,4153
06-11 21:26:35.745 14379 14495 I BatteryMgr:DataCollectionService: stats => 1686511595745,118437,4153
06-11 21:26:35.797  1917  2394 D ConnectivityService: NetReassign [no changes] [c 0] [a 0] [i 6]
06-11 21:26:36.753 14379 14495 I BatteryMgr:DataCollectionService: stats => 1686511596753,164687,4153
06-11 21:26:37.323  1917  2114 W ProcessStats: Tracking association SourceState{329dbb7 system/1000 BTopFgs #105421} whose proc state 2 is better than process ProcessState{9cdae9d com.google.android.gms.persistent/10125 pkg=com.google.android.gms} proc state 3 (5 skipped)
06-11 21:26:37.762 14379 14495 I BatteryMgr:DataCollectionService: stats => 1686511597762,103437,4153
06-11 21:26:37.982  1539 31534 D BufferPoolAccessor2.0: bufferpool2 0xef241108 : 4(32768 size) total buffers - 4(32768 size) used buffers - 3247/3252 (recycle/alloc) - 9/6496 (fetch/transfer)
06-11 21:26:38.168  1548 14462 D BufferPoolAccessor2.0: bufferpool2 0x7bf5a5b8d8 : 6(3200 size) total buffers - 1(640 size) used buffers - 3246/3259 (recycle/alloc) - 15/3065 (fetch/transfer)
06-11 21:26:38.432 14521 14521 D ProcessState: Binder ioctl to enable oneway spam detection failed: Invalid argument
06-11 21:26:38.443  2553 14524 W RingtonePlayer: STOP command without a player
06-11 21:26:38.453  2553  2615 D PeopleSpaceWidgetMgr: Sbn doesn't contain valid PeopleTileKey: null/0/com.example.batterymanager_utility
06-11 21:26:38.461  2553  2553 V ShadeControllerImpl: NotificationShadeWindow: com.android.systemui.statusbar.phone.NotificationShadeWindowView{7942d07 I.E...... ......ID 0,0-1080,2160} canPanelBeCollapsed(): false
06-11 21:26:38.498 14527 14527 D ProcessState: Binder ioctl to enable oneway spam detection failed: Invalid argument
06-11 21:26:38.701 14539 14539 D ProcessState: Binder ioctl to enable oneway spam detection failed: Invalid argument
06-11 21:26:38.708  1917  4568 I ActivityManager: Force stopping e.www.microphonetest appid=10252 user=0: from pid 14539
06-11 21:26:38.709  1917  4568 I ActivityManager: Killing 14438:e.www.microphonetest/u0a252 (adj 0): stop e.www.microphonetest due to from pid 14539
06-11 21:26:38.710  1917  4568 W ActivityTaskManager: Force removing ActivityRecord{452aa96 u0 e.www.microphonetest/.MainActivity t429 f}}: app died, no saved state
06-11 21:26:38.716  1917  4568 W InputManager-JNI: Input channel object '27151fc e.www.microphonetest/e.www.microphonetest.MainActivity (client)' was disposed without first being removed with the input manager!
06-11 21:26:38.719  1539 15015 D MPEG4Writer: reset()
06-11 21:26:38.719  1539 15015 D MPEG4Writer: Audio track stopping. Stop source
06-11 21:26:38.719  1539 15015 D MPEG4Writer: Audio track source stopping
06-11 21:26:38.719  1539 14458 I MediaCodecSource: encoder (audio) stopping
06-11 21:26:38.719  1279  1279 I Zygote  : Process 14438 exited due to signal 9 (Killed)
06-11 21:26:38.720  1539 14458 I MediaCodecSource: puller (audio) reached EOS
06-11 21:26:38.720  1539 14467 V MediaWriter: Track event err/info msg:101, trackId:1, type:1000,val:-1011
06-11 21:26:38.720  1539 14467 I MPEG4Writer: Received total/0-length (3093/0) buffers and encoded 3093 frames. - Audio
06-11 21:26:38.720  1539 14467 I MPEG4Writer: Audio track drift time: 0 us
06-11 21:26:38.722  1539 14461 D CCodecBufferChannel: [c2.android.amrnb.encoder#665] MediaCodec discarded an unknown buffer
06-11 21:26:38.722  1539 14461 D CCodecBufferChannel: [c2.android.amrnb.encoder#665] MediaCodec discarded an unknown buffer
06-11 21:26:38.722  1539 14461 D CCodecBufferChannel: [c2.android.amrnb.encoder#665] MediaCodec discarded an unknown buffer
06-11 21:26:38.722  1539 14461 D CCodecBufferChannel: [c2.android.amrnb.encoder#665] MediaCodec discarded an unknown buffer
06-11 21:26:38.722  1539 14461 I hw-BpHwBinder: onLastStrongRef automatically unlinking death recipients
06-11 21:26:38.723  1548 14082 I hw-BpHwBinder: onLastStrongRef automatically unlinking death recipients
06-11 21:26:38.723  1548 14082 I hw-BpHwBinder: onLastStrongRef automatically unlinking death recipients
06-11 21:26:38.723  1548 14082 V C2Store : in ~ComponentModule
06-11 21:26:38.723  1548 14082 V C2Store : unloading dll
06-11 21:26:38.725  1539 14458 I MediaCodecSource: encoder (audio) stopped
06-11 21:26:38.726  1917  4568 D CompatibilityChangeReporter: Compat change id reported: 181136395; UID 10232; state: DISABLED
06-11 21:26:38.727  1917  4568 D CompatibilityChangeReporter: Compat change id reported: 174042936; UID 10232; state: DISABLED
06-11 21:26:38.729  1917  4568 W ActivityTaskManager: Can't find TaskDisplayArea to determine support for multi window. Task id=429 attached=false
06-11 21:26:38.729  1917  4568 W ActivityTaskManager: Can't find TaskDisplayArea to determine support for multi window. Task id=429 attached=false
06-11 21:26:38.733   743   743 E BpTransactionCompletedListener: Failed to transact (-32)
06-11 21:26:38.742  1917  3913 V ActivityManager: Got obituary of 14438:e.www.microphonetest
06-11 21:26:38.742  1917  2036 W ActivityManager: setHasOverlayUi called on unknown pid: 14438
06-11 21:26:38.743  2772  2772 E PhoneInterfaceManager: [PhoneIntfMgr] getCarrierPackageNamesForIntentAndPhone: No UICC
06-11 21:26:38.743  2772  2772 D CarrierSvcBindHelper: No carrier app for: 0
06-11 21:26:38.747  3867  3867 D RegisteredNfcFServicesCache: Service unchanged, not updating
06-11 21:26:38.756  4798  4798 I EuiccGoogle: [2] EuiccServiceImpl.onCreate: onCreate Single-SIM mode: simCardState is 1
06-11 21:26:38.758  1917  2046 I libprocessgroup: Successfully killed process cgroup uid 10252 pid 14438 in 45ms
06-11 21:26:38.759  1296  1296 D audio_hw_primary: disable_audio_route: usecase(10) reset and update mixer path: audio-record
06-11 21:26:38.759  1296  1296 I soundtrigger: audio_extn_sound_trigger_update_stream_status: send event 12: usecase id 10, type 1
06-11 21:26:38.759  1296  1296 D sound_trigger_platform: platform_stdev_check_and_update_concurrency: concurrency active 0, tx 1, rx 0, concurrency session_allowed 1
06-11 21:26:38.759  1296  1296 D sound_trigger_platform: platform_stdev_check_concurrency_supported: capture concurrency  allowed, usecase type 1 voice_concur 0 voip_concur 0
06-11 21:26:38.759  1296  1296 D audio_hw_primary: disable_snd_device: snd_device(47: handset-mic)
06-11 21:26:38.763  4798 14547 I EuiccGoogle: [272] EuiccServiceImpl.onGetEuiccProfileInfoList: onGetEuiccProfileInfoList: slotId = -1
06-11 21:26:38.764  1296  1296 D sound_trigger_platform: platform_stdev_check_and_update_concurrency: concurrency active 0, tx 0, rx 0, concurrency session_allowed 1
06-11 21:26:38.765  4798 14547 W EuiccGoogle: [272] EuiccServiceImpl.onGetEuiccProfileInfoList: slotId=-1. No eUICC is active. Return null.
06-11 21:26:38.766  1917  2114 E AppOps  : Operation not started: uid=10252 pkg=e.www.microphonetest(null) op=RECORD_AUDIO
06-11 21:26:38.766  2681  3016 W OpenGLRenderer: Surface doesn't have any previously queued frames, nothing to readback from
06-11 21:26:38.768  1917  4614 I SoundTriggerMiddlewareLogging: setCaptureState[this=com.android.server.soundtrigger_middleware.SoundTriggerMiddlewareImpl@b4d379d, client=null](false)
06-11 21:26:38.768  1539 14458 I MediaCodecSource: source (audio) stopped
06-11 21:26:38.768  1539 15015 D MPEG4Writer: Audio track source stopped
06-11 21:26:38.769  1539 15015 D MPEG4Writer: Audio track stopped. Status:0. Stop source
06-11 21:26:38.769  1539 14463 D MPEG4Writer: 0 chunks are written in the last batch
06-11 21:26:38.769  1539 15015 D MPEG4Writer: WriterThread stopped. Status:0
06-11 21:26:38.769  1539 15015 I MPEG4Writer: Adjust the moov start time from 64374 us -> 64374 us
06-11 21:26:38.769  1539 15015 I MPEG4Writer: The mp4 file will not be streamable.
06-11 21:26:38.769  1539 15015 I MPEG4Writer: MOOV atom was written to the file
06-11 21:26:38.769  1539 15015 D MPEG4Writer: release()
06-11 21:26:38.771  2681  2681 I WallpaperService: engine resumed
06-11 21:26:38.772  2681  3016 W OpenGLRenderer: Surface doesn't have any previously queued frames, nothing to readback from
06-11 21:26:38.782 14379 14402 I OpenGLRenderer: Davey! duration=65158ms; Flags=1, FrameTimelineVsyncId=2884094, IntendedVsync=54740988017837, Vsync=54741021351169, InputEventId=0, HandleInputStart=54741029866761, AnimationStart=54741029871240, PerformTraversalsStart=54741030027178, DrawStart=54741272842150, FrameDeadline=54741021351169, FrameInterval=54741029843011, FrameStartTime=16666666, SyncQueued=54741278009703, SyncStart=54741278101317, IssueDrawCommandsStart=54741278740692, SwapBuffers=54741283657151, FrameCompleted=54806146438821, DequeueBufferDuration=13958, QueueBufferDuration=565678, GpuCompleted=54806146438821, SwapBuffersCompleted=54741284707880, DisplayPresentTime=-7017620523249208788, 
06-11 21:26:38.782  7741  7741 I GoogleInputMethodService: GoogleInputMethodService.onFinishInput():3307 
06-11 21:26:38.784  7741  7741 I GoogleInputMethodService: GoogleInputMethodService.updateDeviceLockedStatus():2137 repeatCheckTimes = 0, locked = false
06-11 21:26:38.784  7741  7741 I GoogleInputMethodService: GoogleInputMethodService.onStartInput():1917 onStartInput(EditorInfo{inputType=0x0(NULL) imeOptions=0x0 privateImeOptions=null actionName=UNSPECIFIED actionLabel=null actionId=0 initialSelStart=-1 initialSelEnd=-1 initialCapsMode=0x0 hintText=null label=null packageName=com.example.batterymanager_utility fieldId=-1 fieldName=null extras=null hintLocales=[]}, false)
06-11 21:26:38.784  7741  7741 I GoogleInputMethodService: GoogleInputMethodService.shouldHideHeaderOnInitialState():1998 ShouldHideHeaderOnInitialState = false
06-11 21:26:38.784  7741  7741 I GoogleInputMethodService: GoogleInputMethodService.updateDeviceLockedStatus():2137 repeatCheckTimes = 1, locked = false
06-11 21:26:38.790  1539 15015 D MPEG4Writer: final fsync() takes 20 ms, file size 115231
06-11 21:26:38.790  1539 15015 D MPEG4Writer: MP4WtrCtrlHlpLooper stopped
06-11 21:26:38.790  1539 15015 D MPEG4Writer: Top 5 write durations(microseconds): #1:349 #2:355 #3:394 #4:447 #5:473
06-11 21:26:38.790  1539 15015 D MPEG4Writer: reset()
06-11 21:26:38.790  1539 15015 D MPEG4Writer: Audio track stopping. Stop source
06-11 21:26:38.790  1539 15015 E MPEG4Writer: Stop() called but track is not started or stopped
06-11 21:26:38.792  1361  1653 W AudioFlinger: session id 2673 not found for pid 14438
06-11 21:26:38.799  1917  2114 I SoundTriggerMiddlewareLogging: setCaptureState[this=com.android.server.soundtrigger_middleware.SoundTriggerMiddlewareImpl@b4d379d, client=null](false)
06-11 21:26:38.799  1917  2394 D ConnectivityService: NetReassign [no changes] [c 0] [a 0] [i 2]
06-11 21:26:39.368  2681  2681 I WallpaperService: engine paused
06-11 21:26:41.846  1917  2394 D ConnectivityService: NetReassign [no changes] [c 0] [a 1] [i 5]
06-11 21:26:42.024 14557 14557 D ProcessState: Binder ioctl to enable oneway spam detection failed: Invalid argument
06-11 21:26:42.029  1917  3913 I ActivityManager: Force stopping com.example.batterymanager_utility appid=10232 user=0: from pid 14557
06-11 21:26:42.030  1917  3913 I ActivityManager: Killing 14379:com.example.batterymanager_utility/u0a232 (adj 0): stop com.example.batterymanager_utility due to from pid 14557
06-11 21:26:42.031  1917  3913 W ActivityTaskManager: Force removing ActivityRecord{fb246fe u0 com.example.batterymanager_utility/.MainActivity t428 f}}: app died, no saved state
06-11 21:26:42.036  1917  3913 W InputManager-JNI: Input channel object '34fa5f8 com.example.batterymanager_utility/com.example.batterymanager_utility.MainActivity (client)' was disposed without first being removed with the input manager!
06-11 21:26:42.049  1917  3913 W ActivityTaskManager: Can't find TaskDisplayArea to determine support for multi window. Task id=428 attached=false
06-11 21:26:42.049  1917  3913 W ActivityTaskManager: Can't find TaskDisplayArea to determine support for multi window. Task id=428 attached=false
06-11 21:26:42.061  2772  2772 E PhoneInterfaceManager: [PhoneIntfMgr] getCarrierPackageNamesForIntentAndPhone: No UICC
06-11 21:26:42.061  2772  2772 D CarrierSvcBindHelper: No carrier app for: 0
06-11 21:26:42.066  1279  1279 I Zygote  : Process 14379 exited due to signal 9 (Killed)
06-11 21:26:42.070  3867  3867 D RegisteredNfcFServicesCache: Service unchanged, not updating
06-11 21:26:42.073   743   743 E BpTransactionCompletedListener: Failed to transact (-32)
06-11 21:26:42.074  1917  4528 V ActivityManager: Got obituary of 14379:com.example.batterymanager_utility
06-11 21:26:42.075  1917  2036 W ActivityManager: setHasOverlayUi called on unknown pid: 14379
06-11 21:26:42.075 13703 13703 I A       : (REDACTED) onApplyWindowInsets: systemWindowInsets=%s
06-11 21:26:42.076 13703 13703 I A       : (REDACTED) onApplyWindowInsets: systemWindowInsets=%s
06-11 21:26:42.078  1917  2046 I libprocessgroup: Successfully killed process cgroup uid 10232 pid 14379 in 46ms
06-11 21:26:42.084  3794  4102 I AiAiEcho: Predicting[7]: { Feature:1, creation:2023-06-11T18:51:49.633Z, expiry:2023-06-11T19:00:00Z, isExpired: true}, { Feature:1, creation:2023-06-11T19:00:00Z, expiry:2023-06-11T20:00:00Z, isExpired: false}, { Feature:1, creation:2023-06-11T20:00:00Z, expiry:2023-06-11T21:00:00Z, isExpired: true}, { Feature:1, creation:2023-06-11T21:00:00Z, expiry:2023-06-11T22:00:00Z, isExpired: true}, { Feature:1, creation:2023-06-11T22:00:00Z, expiry:2023-06-11T23:00:00Z, isExpired: true}, { Feature:1, creation:2023-06-11T23:00:00Z, expiry:2023-06-12T00:00:00Z, isExpired: true}, { Feature:1, creation:2023-06-12T00:00:00Z, expiry:2023-06-12T00:51:49.633Z, isExpired: true}
06-11 21:26:42.085  3794  4102 I AiAiEcho: EchoTargets: Feature:1
06-11 21:26:42.085  3794  4102 I AiAiEcho: Filtered by AiAi flag check: 
06-11 21:26:42.085  3794  4102 I AiAiEcho: Ranked targets strategy: WEIGHTED, count: 1, ranking metadata: { cardId: WEATHER-569377244, card type: 1, update time: 2023-06-11T19:00:00Z, expiration time: 2023-06-11T20:00:00Z, ranking metadata: RankingMetaData(urgency=0.647, priority=0.3, recency=1.0, rankScore=0.1941, importantTimePoints=# kwj@7bca4) }
06-11 21:26:42.086  3794  4102 I AiAiEcho: #postPredictionTargets: Sending updates to UISurface home with targets# 1 (types=[1])
06-11 21:26:42.087  2681  3016 W OpenGLRenderer: Surface doesn't have any previously queued frames, nothing to readback from
06-11 21:26:42.088  2922  2922 W BcSmartspaceCard: No title view to update
06-11 21:26:42.090  2681  2681 I WallpaperService: engine resumed
06-11 21:26:42.091  2681  3016 W OpenGLRenderer: Surface doesn't have any previously queued frames, nothing to readback from
06-11 21:26:42.098 12376 12376 I GsaVoiceInteractionSrv: Handling ACTION_START_HOTWORD
06-11 21:26:42.100 12376 12431 I GsaVoiceInteractionSrv: (REDACTED) disregardHotwordSetting: %b
06-11 21:26:42.100 12376 12431 I GsaVoiceInteractionSrv: Cannot start hotword, hotword has been explicitly disabled.
06-11 21:26:42.103 15483 15483 D BoundBrokerSvc: onBind: Intent { act=com.google.android.gms.inappreach.service.START dat=chimera-action: cmp=com.google.android.gms/.chimera.GmsApiService }
06-11 21:26:42.103 15483 15483 D BoundBrokerSvc: Loading bound service for intent: Intent { act=com.google.android.gms.inappreach.service.START dat=chimera-action: cmp=com.google.android.gms/.chimera.GmsApiService }
06-11 21:26:42.111 13703 14054 I OpenGLRenderer: Davey! duration=404162ms; Flags=1, FrameTimelineVsyncId=2862293, IntendedVsync=54405311327019, Vsync=54405311327019, InputEventId=0, HandleInputStart=54405312140974, AnimationStart=54405312142276, PerformTraversalsStart=54405312142849, DrawStart=54405349797540, FrameDeadline=54405348660351, FrameInterval=54405312056182, FrameStartTime=16666666, SyncQueued=54405353316082, SyncStart=54405353851863, IssueDrawCommandsStart=54405354802072, SwapBuffers=54405356083895, FrameCompleted=54809473981913, DequeueBufferDuration=35312, QueueBufferDuration=666146, GpuCompleted=54809473981913, SwapBuffersCompleted=54405357497228, DisplayPresentTime=0, 
06-11 21:26:42.111  7741  7741 I GoogleInputMethodService: GoogleInputMethodService.onFinishInput():3307 
06-11 21:26:42.112  7741  7741 I GoogleInputMethodService: GoogleInputMethodService.updateDeviceLockedStatus():2137 repeatCheckTimes = 0, locked = false
06-11 21:26:42.112  7741  7741 I GoogleInputMethodService: GoogleInputMethodService.onStartInput():1917 onStartInput(EditorInfo{inputType=0x0(NULL) imeOptions=0x0 privateImeOptions=null actionName=UNSPECIFIED actionLabel=null actionId=0 initialSelStart=-1 initialSelEnd=-1 initialCapsMode=0x0 hintText=null label=null packageName=com.google.android.apps.nexuslauncher fieldId=-1 fieldName=null extras=null hintLocales=[]}, false)
06-11 21:26:42.112  7741  7741 I GoogleInputMethodService: GoogleInputMethodService.shouldHideHeaderOnInitialState():1998 ShouldHideHeaderOnInitialState = false
06-11 21:26:42.113  7741  7741 I GoogleInputMethodService: GoogleInputMethodService.updateDeviceLockedStatus():2137 repeatCheckTimes = 1, locked = false
06-11 21:26:43.791  1539 14959 D BufferPoolAccessor2.0: bufferpool2 0xef241108 : 0(0 size) total buffers - 0(0 size) used buffers - 3286/3291 (recycle/alloc) - 9/6572 (fetch/transfer)
06-11 21:26:43.791  1539 14959 D BufferPoolAccessor2.0: evictor expired: 1, evicted: 1
06-11 21:26:43.791  1548  2594 D BufferPoolAccessor2.0: bufferpool2 0x7bf5a5b8d8 : 0(0 size) total buffers - 0(0 size) used buffers - 3274/3287 (recycle/alloc) - 15/3093 (fetch/transfer)
06-11 21:26:43.791  1548  2594 D BufferPoolAccessor2.0: evictor expired: 1, evicted: 1
06-11 21:26:44.870  1917  2394 D ConnectivityService: NetReassign [no changes] [c 1] [a 0] [i 5]
06-11 21:26:47.389  3812  4813 W MediaProvider: isAppCloneUserPair failed. Users: 0 and 0
06-11 21:26:47.390  3812  4813 W MediaProvider: isAppCloneUserPair for user 0: false
