07-04 02:36:27.154   779  7045 E ANDR-PERF-MPCTL: poll() has timed out for /sys/module/msm_performance/events/cpu_hotplug
07-04 02:36:27.154   779  7045 E ANDR-PERF-MPCTL: Block on poll()
07-04 02:36:27.240 17796 17940 I BatteryMgr:DataCollectionService: stats => 1688430987240,-239745,4225
07-04 02:36:27.349 17796 17940 I BatteryMgr:DataCollectionService: stats => 1688430987349,-239745,4225
07-04 02:36:27.458 17796 17940 I BatteryMgr:DataCollectionService: stats => 1688430987458,-239745,4225
07-04 02:36:27.572 17796 17940 I BatteryMgr:DataCollectionService: stats => 1688430987572,-239745,4225
07-04 02:36:27.679 17796 17940 I BatteryMgr:DataCollectionService: stats => 1688430987679,-239745,4225
07-04 02:36:27.786 17796 17940 I BatteryMgr:DataCollectionService: stats => 1688430987786,-239745,4225
07-04 02:36:27.894 17796 17940 I BatteryMgr:DataCollectionService: stats => 1688430987894,-239745,4225
07-04 02:36:28.002 17796 17940 I BatteryMgr:DataCollectionService: stats => 1688430988002,-239745,4225
07-04 02:36:28.113 17796 17940 I BatteryMgr:DataCollectionService: stats => 1688430988113,-239745,4225
07-04 02:36:28.225 17796 17940 I BatteryMgr:DataCollectionService: stats => 1688430988225,-239745,4225
07-04 02:36:28.332 17796 17940 I BatteryMgr:DataCollectionService: stats => 1688430988332,-239745,4225
07-04 02:36:28.440 17796 17940 I BatteryMgr:DataCollectionService: stats => 1688430988440,-239745,4225
07-04 02:36:28.549 17796 17940 I BatteryMgr:DataCollectionService: stats => 1688430988549,-242675,4225
07-04 02:36:28.657 17796 17940 I BatteryMgr:DataCollectionService: stats => 1688430988657,-242675,4225
07-04 02:36:28.766 17796 17940 I BatteryMgr:DataCollectionService: stats => 1688430988766,-242675,4225
07-04 02:36:28.873 17796 17940 I BatteryMgr:DataCollectionService: stats => 1688430988873,-242675,4225
07-04 02:36:28.980 17796 17940 I BatteryMgr:DataCollectionService: stats => 1688430988980,-242675,4225
07-04 02:36:29.087 17796 17940 I BatteryMgr:DataCollectionService: stats => 1688430989087,-242675,4225
07-04 02:36:29.194 17796 17940 I BatteryMgr:DataCollectionService: stats => 1688430989194,-242675,4225
07-04 02:36:29.306 17796 17940 I BatteryMgr:DataCollectionService: stats => 1688430989306,-242675,4225
07-04 02:36:29.417 17796 17940 I BatteryMgr:DataCollectionService: stats => 1688430989417,-242675,4225
07-04 02:36:29.525 17796 17940 I BatteryMgr:DataCollectionService: stats => 1688430989525,-242675,4225
07-04 02:36:29.631 17796 17940 I BatteryMgr:DataCollectionService: stats => 1688430989631,-242675,4225
07-04 02:36:29.739 17796 17940 I BatteryMgr:DataCollectionService: stats => 1688430989739,-242675,4225
07-04 02:36:29.847 17796 17940 I BatteryMgr:DataCollectionService: stats => 1688430989846,-242675,4225
07-04 02:36:29.970 17796 17940 I BatteryMgr:DataCollectionService: stats => 1688430989969,-239745,4225
07-04 02:36:30.078 17796 17940 I BatteryMgr:DataCollectionService: stats => 1688430990077,-239745,4225
07-04 02:36:30.157   779  7045 E ANDR-PERF-MPCTL: poll() has timed out for /sys/module/msm_performance/events/cpu_hotplug
07-04 02:36:30.157   779  7045 E ANDR-PERF-MPCTL: Block on poll()
07-04 02:36:30.187 17796 17940 I BatteryMgr:DataCollectionService: stats => 1688430990187,-239745,4225
07-04 02:36:30.293 17796 17940 I BatteryMgr:DataCollectionService: stats => 1688430990293,-239745,4225
07-04 02:36:30.402 17796 17940 I BatteryMgr:DataCollectionService: stats => 1688430990402,-239745,4225
07-04 02:36:30.510 17796 17940 I BatteryMgr:DataCollectionService: stats => 1688430990510,-239745,4225
07-04 02:36:30.618 17796 17940 I BatteryMgr:DataCollectionService: stats => 1688430990618,-239745,4225
07-04 02:36:30.723 17796 17940 I BatteryMgr:DataCollectionService: stats => 1688430990723,-239745,4225
07-04 02:36:30.831 17796 17940 I BatteryMgr:DataCollectionService: stats => 1688430990831,-239745,4225
07-04 02:36:30.941 17796 17940 I BatteryMgr:DataCollectionService: stats => 1688430990941,-239745,4225
07-04 02:36:31.049 17796 17940 I BatteryMgr:DataCollectionService: stats => 1688430991048,-239745,4225
07-04 02:36:31.158 17796 17940 I BatteryMgr:DataCollectionService: stats => 1688430991158,-239745,4225
07-04 02:36:31.266 17796 17940 I BatteryMgr:DataCollectionService: stats => 1688430991266,-239745,4225
07-04 02:36:31.377 17796 17940 I BatteryMgr:DataCollectionService: stats => 1688430991377,-239745,4225
07-04 02:36:31.486 17796 17940 I BatteryMgr:DataCollectionService: stats => 1688430991486,-288574,4225
07-04 02:36:31.594 17796 17940 I BatteryMgr:DataCollectionService: stats => 1688430991593,-288574,4225
07-04 02:36:31.700 17796 17940 I BatteryMgr:DataCollectionService: stats => 1688430991700,-288574,4225
07-04 02:36:31.809 17796 17940 I BatteryMgr:DataCollectionService: stats => 1688430991808,-288574,4225
07-04 02:36:31.884   732  1497 E QCamera : <HAL><ERROR> translateToHalMetadata: 12955: antibanding(4)
07-04 02:36:31.916 17796 17940 I BatteryMgr:DataCollectionService: stats => 1688430991915,-288574,4225
07-04 02:36:31.943   732 17869 E mm-camera: <SENSOR><ERROR> 5372: module_sensor_event_control_set_parm: func_tbl for submodule 4 is NULL
07-04 02:36:31.943   732 17869 E mm-camera: <SENSOR><ERROR> 5183: module_sensor_event_control_set_parm: func_tbl for submodule 4 is NULL
07-04 02:36:31.943   732 17869 E mm-camera: <SENSOR><ERROR> 5185: module_sensor_event_control_set_parm: CAM_INTF_META_FLASH_POWER failed
07-04 02:36:32.023 17796 17940 I BatteryMgr:DataCollectionService: stats => 1688430992023,-288574,4225
07-04 02:36:32.131 17796 17940 I BatteryMgr:DataCollectionService: stats => 1688430992131,-288574,4225
07-04 02:36:32.240 17796 17940 I BatteryMgr:DataCollectionService: stats => 1688430992240,-288574,4225
07-04 02:36:32.352 17796 17940 I BatteryMgr:DataCollectionService: stats => 1688430992352,-288574,4225
07-04 02:36:32.460 17796 17940 I BatteryMgr:DataCollectionService: stats => 1688430992460,-288574,4225
07-04 02:36:32.570 17796 17940 I BatteryMgr:DataCollectionService: stats => 1688430992570,-288574,4225
07-04 02:36:32.679 17796 17940 I BatteryMgr:DataCollectionService: stats => 1688430992679,-288574,4225
07-04 02:36:32.788 17796 17940 I BatteryMgr:DataCollectionService: stats => 1688430992788,-288574,4225
07-04 02:36:32.895 17796 17940 I BatteryMgr:DataCollectionService: stats => 1688430992895,-232910,4225
07-04 02:36:33.003 17796 17940 I BatteryMgr:DataCollectionService: stats => 1688430993003,-232910,4225
07-04 02:36:33.111 17796 17940 I BatteryMgr:DataCollectionService: stats => 1688430993111,-232910,4225
07-04 02:36:33.161   779  7045 E ANDR-PERF-MPCTL: poll() has timed out for /sys/module/msm_performance/events/cpu_hotplug
07-04 02:36:33.161   779  7045 E ANDR-PERF-MPCTL: Block on poll()
07-04 02:36:33.219 17796 17940 I BatteryMgr:DataCollectionService: stats => 1688430993219,-232910,4225
07-04 02:36:33.327 17796 17940 I BatteryMgr:DataCollectionService: stats => 1688430993327,-232910,4225
07-04 02:36:33.437 17796 17940 I BatteryMgr:DataCollectionService: stats => 1688430993437,-232910,4225
07-04 02:36:33.544 17796 17940 I BatteryMgr:DataCollectionService: stats => 1688430993544,-232910,4225
07-04 02:36:33.653 17796 17940 I BatteryMgr:DataCollectionService: stats => 1688430993652,-232910,4225
07-04 02:36:33.762 17796 17940 I BatteryMgr:DataCollectionService: stats => 1688430993762,-232910,4225
07-04 02:36:33.873 17796 17940 I BatteryMgr:DataCollectionService: stats => 1688430993873,-232910,4225
07-04 02:36:33.982 17796 17940 I BatteryMgr:DataCollectionService: stats => 1688430993982,-232910,4225
07-04 02:36:34.090 17796 17940 I BatteryMgr:DataCollectionService: stats => 1688430994090,-232910,4225
07-04 02:36:34.197 17796 17940 I BatteryMgr:DataCollectionService: stats => 1688430994197,-232910,4225
07-04 02:36:34.307 17796 17940 I BatteryMgr:DataCollectionService: stats => 1688430994307,-232910,4225
07-04 02:36:34.415 17796 17940 I BatteryMgr:DataCollectionService: stats => 1688430994415,-245605,4225
07-04 02:36:34.523 17796 17940 I BatteryMgr:DataCollectionService: stats => 1688430994522,-245605,4225
07-04 02:36:34.632 17796 17940 I BatteryMgr:DataCollectionService: stats => 1688430994632,-245605,4225
07-04 02:36:34.741 17796 17940 I BatteryMgr:DataCollectionService: stats => 1688430994741,-245605,4225
07-04 02:36:34.849 17796 17940 I BatteryMgr:DataCollectionService: stats => 1688430994849,-245605,4225
07-04 02:36:34.958 17796 17940 I BatteryMgr:DataCollectionService: stats => 1688430994958,-245605,4225
07-04 02:36:35.065 17796 17940 I BatteryMgr:DataCollectionService: stats => 1688430995065,-245605,4225
07-04 02:36:35.173 17796 17940 I BatteryMgr:DataCollectionService: stats => 1688430995173,-245605,4225
07-04 02:36:35.280 17796 17940 I BatteryMgr:DataCollectionService: stats => 1688430995280,-245605,4225
07-04 02:36:35.396 17796 17940 I BatteryMgr:DataCollectionService: stats => 1688430995396,-245605,4225
07-04 02:36:35.504 17796 17940 I BatteryMgr:DataCollectionService: stats => 1688430995504,-245605,4225
07-04 02:36:35.610 17796 17940 I BatteryMgr:DataCollectionService: stats => 1688430995610,-245605,4225
07-04 02:36:35.719 17796 17940 I BatteryMgr:DataCollectionService: stats => 1688430995718,-245605,4225
07-04 02:36:35.826 17796 17940 I BatteryMgr:DataCollectionService: stats => 1688430995826,-239745,4225
07-04 02:36:35.933 17796 17940 I BatteryMgr:DataCollectionService: stats => 1688430995933,-239745,4225
07-04 02:36:36.040 17796 17940 I BatteryMgr:DataCollectionService: stats => 1688430996040,-239745,4225
07-04 02:36:36.152 17796 17940 I BatteryMgr:DataCollectionService: stats => 1688430996152,-239745,4225
07-04 02:36:36.164   779  7045 E ANDR-PERF-MPCTL: poll() has timed out for /sys/module/msm_performance/events/cpu_hotplug
07-04 02:36:36.164   779  7045 E ANDR-PERF-MPCTL: Block on poll()
07-04 02:36:36.259 17796 17940 I BatteryMgr:DataCollectionService: stats => 1688430996259,-239745,4225
07-04 02:36:36.367 17796 17940 I BatteryMgr:DataCollectionService: stats => 1688430996367,-239745,4225
07-04 02:36:36.474 17796 17940 I BatteryMgr:DataCollectionService: stats => 1688430996474,-239745,4225
07-04 02:36:36.586 17796 17940 I BatteryMgr:DataCollectionService: stats => 1688430996585,-239745,4225
07-04 02:36:36.692 17796 17940 I BatteryMgr:DataCollectionService: stats => 1688430996692,-239745,4225
07-04 02:36:36.801 17796 17940 I BatteryMgr:DataCollectionService: stats => 1688430996801,-239745,4225
07-04 02:36:36.891   732  1497 E QCamera : <HAL><ERROR> translateToHalMetadata: 12955: antibanding(4)
07-04 02:36:36.912 17796 17940 I BatteryMgr:DataCollectionService: stats => 1688430996912,-239745,4225
07-04 02:36:36.923   732 17869 E mm-camera: <SENSOR><ERROR> 5372: module_sensor_event_control_set_parm: func_tbl for submodule 4 is NULL
07-04 02:36:36.923   732 17869 E mm-camera: <SENSOR><ERROR> 5183: module_sensor_event_control_set_parm: func_tbl for submodule 4 is NULL
07-04 02:36:36.923   732 17869 E mm-camera: <SENSOR><ERROR> 5185: module_sensor_event_control_set_parm: CAM_INTF_META_FLASH_POWER failed
07-04 02:36:37.020 17796 17940 I BatteryMgr:DataCollectionService: stats => 1688430997020,-239745,4225
07-04 02:36:37.133 17796 17940 I BatteryMgr:DataCollectionService: stats => 1688430997133,-239745,4225
07-04 02:36:37.242 17796 17940 I BatteryMgr:DataCollectionService: stats => 1688430997241,-283691,4225
07-04 02:36:37.349 17796 17940 I BatteryMgr:DataCollectionService: stats => 1688430997349,-283691,4225
07-04 02:36:37.457 17796 17940 I BatteryMgr:DataCollectionService: stats => 1688430997457,-283691,4225
07-04 02:36:37.566 17796 17940 I BatteryMgr:DataCollectionService: stats => 1688430997565,-283691,4225
07-04 02:36:37.676 17796 17940 I BatteryMgr:DataCollectionService: stats => 1688430997675,-283691,4225
07-04 02:36:37.744  1155  1292 D [ELAN]  : [elan_fp_control_flow.c] FineTuneBase: Successed
07-04 02:36:37.745  1155  1292 D [ELAN]  : [fingerprint.c] HAL_Version = 9.001
07-04 02:36:37.745  1155  1292 D [ELAN]  : [fingerprint.c] PlatformSpecial = Android_O
07-04 02:36:37.747  1155  1292 D [ELAN]  : [fingerprint.c] Step1 : Switch to WOE, ALG.Ver = 105.009, Ver.HAL = 9.001
07-04 02:36:37.782 17796 17940 I BatteryMgr:DataCollectionService: stats => 1688430997782,-283691,4225
07-04 02:36:37.890 17796 17940 I BatteryMgr:DataCollectionService: stats => 1688430997890,-283691,4225
07-04 02:36:37.998 17796 17940 I BatteryMgr:DataCollectionService: stats => 1688430997998,-283691,4225
07-04 02:36:38.105 17796 17940 I BatteryMgr:DataCollectionService: stats => 1688430998105,-283691,4225
07-04 02:36:38.212 17796 17940 I BatteryMgr:DataCollectionService: stats => 1688430998211,-283691,4225
07-04 02:36:38.320 17796 17940 I BatteryMgr:DataCollectionService: stats => 1688430998319,-283691,4225
07-04 02:36:38.428 17796 17940 I BatteryMgr:DataCollectionService: stats => 1688430998428,-283691,4225
07-04 02:36:38.537 17796 17940 I BatteryMgr:DataCollectionService: stats => 1688430998536,-283691,4225
07-04 02:36:38.645 17796 17940 I BatteryMgr:DataCollectionService: stats => 1688430998644,-283691,4225
07-04 02:36:38.709  4943  4943 I DataSaverController: registerReceiver() : Runnable call registerReceiver()
07-04 02:36:38.710  4943  4943 I DataSaverController: registerReceiver() : queryIntentServices = 0
07-04 02:36:38.710  4943  4943 I DataSaverController: registerReceiver() :  postDelayed Runnable 30000
07-04 02:36:38.753 17796 17940 I BatteryMgr:DataCollectionService: stats => 1688430998752,-240234,4225
07-04 02:36:38.867 17796 17940 I BatteryMgr:DataCollectionService: stats => 1688430998867,-240234,4225
07-04 02:36:38.976 17796 17940 I BatteryMgr:DataCollectionService: stats => 1688430998976,-240234,4225
07-04 02:36:39.052 26193 17772 I AlarmManager: setExactAndAllowWhileIdle [name: GCM_HB_ALARM type: 2 triggerAtMillis: 216650775]
07-04 02:36:39.054 26193 17772 E WakeLock: GCM_HB_ALARM release without a matched acquire!
07-04 02:36:39.060   560   560 E SELinux : avc:  denied  { find } for interface=vendor.qti.hardware.servicetracker::IServicetracker sid=u:r:system_server:s0 pid=1272 scontext=u:r:system_server:s0 tcontext=u:object_r:default_android_hwservice:s0 tclass=hwservice_manager permissive=0
07-04 02:36:39.073 26193  8127 V NativeCrypto: Read error: ssl=0x76ad9e8948: I/O error during system call, Connection reset by peer
07-04 02:36:39.082 17796 17940 I BatteryMgr:DataCollectionService: stats => 1688430999081,-240234,4225
07-04 02:36:39.083 26193  7769 V NativeCrypto: SSL shutdown failed: ssl=0x76ad9e8948: I/O error during system call, Broken pipe
07-04 02:36:39.084 26193  7769 E WakeLock: GCM_HB_ALARM release without a matched acquire!
07-04 02:36:39.084 26193  7769 W WakeLock: GCM_HB_ALARM counter does not exist
07-04 02:36:39.087  1272  4886 D ConnectivityService: reportNetworkConnectivity(100, false) by 10152
07-04 02:36:39.104   679 17953 E ResolverController: No valid NAT64 prefix (100, <unspecified>/0)
07-04 02:36:39.143  1272 11471 D NetworkMonitor/100: Forcing reevaluation for UID 10152. Dns signal count: 0
07-04 02:36:39.154 26193  8127 I NetworkManagementSocketTagger: tagSocketFd(-1, 536871943, -1) failed with errno-9
07-04 02:36:39.166   779  7045 E ANDR-PERF-MPCTL: poll() has timed out for /sys/module/msm_performance/events/cpu_hotplug
07-04 02:36:39.166   779  7045 E ANDR-PERF-MPCTL: Block on poll()
07-04 02:36:39.191 17796 17940 I BatteryMgr:DataCollectionService: stats => 1688430999190,-240234,4225
07-04 02:36:39.212 26193  7769 I AlarmManager: setExactAndAllowWhileIdle [name: GCM_HB_ALARM type: 2 triggerAtMillis: 218260935]
07-04 02:36:39.255  1272 17956 D NetworkMonitor/100: PROBE_DNS connectivitycheck.gstatic.com 102ms OK 142.250.179.195
07-04 02:36:39.258 26193 17959 I AlarmManager: setExactAndAllowWhileIdle [name: GCM_HB_ALARM type: 2 triggerAtMillis: 218260981]
07-04 02:36:39.259   679 17961 E ResolverController: No valid NAT64 prefix (100, <unspecified>/0)
07-04 02:36:39.259  1272 17955 D NetworkMonitor/100: PROBE_DNS www.google.com 112ms OK 142.250.179.196
07-04 02:36:39.260 26193 17959 E WakeLock: GCM_CONN_ALARM release without a matched acquire!
07-04 02:36:39.264   679 17963 E ResolverController: No valid NAT64 prefix (100, <unspecified>/0)
07-04 02:36:39.274  1272 17956 D NetworkMonitor/100: PROBE_HTTP http://connectivitycheck.gstatic.com/generate_204 time=16ms ret=204 request={Connection=[close], User-Agent=[Mozilla/5.0 (X11; Linux x86_64) AppleWebKit/537.36 (KHTML, like Gecko) Chrome/60.0.3112.32 Safari/537.36]} headers={null=[HTTP/1.1 204 No Content], Connection=[close], Content-Length=[0], Cross-Origin-Resource-Policy=[cross-origin], Date=[Tue, 04 Jul 2023 00:36:39 GMT], X-Android-Received-Millis=[1688430999273], X-Android-Response-Source=[NETWORK 204], X-Android-Selected-Protocol=[http/1.1], X-Android-Sent-Millis=[1688430999269]}
07-04 02:36:39.298 17796 17940 I BatteryMgr:DataCollectionService: stats => 1688430999298,-240234,4225
07-04 02:36:39.302 26193 17959 I AlarmManager: setExactAndAllowWhileIdle [name: GCM_HB_ALARM type: 2 triggerAtMillis: 218261026]
07-04 02:36:39.315 26193 17959 I AlarmManager: setExactAndAllowWhileIdle [name: GCM_HB_ALARM type: 2 triggerAtMillis: 218261039]
07-04 02:36:39.323   560   560 E SELinux : avc:  denied  { find } for interface=vendor.qti.hardware.servicetracker::IServicetracker sid=u:r:system_server:s0 pid=1272 scontext=u:r:system_server:s0 tcontext=u:object_r:default_android_hwservice:s0 tclass=hwservice_manager permissive=0
07-04 02:36:39.328  1272  1354 D CompatibilityInfo: mCompatibilityFlags - 0
07-04 02:36:39.328  1272  1354 D CompatibilityInfo: applicationDensity - 420
07-04 02:36:39.328  1272  1354 D CompatibilityInfo: applicationScale - 1.0
07-04 02:36:39.330  2381  2381 I GnpSdk  : (REDACTED) Intent received for action [%s] package [%s].
07-04 02:36:39.330  2381  2381 I GnpSdk  : Phenotype initialization called.
07-04 02:36:39.331  2381  2381 I GnpSdk  : (REDACTED) Validation failed for action [%s].
07-04 02:36:39.332  1272  1307 D CompatibilityInfo: mCompatibilityFlags - 0
07-04 02:36:39.332  1272  1307 D CompatibilityInfo: applicationDensity - 420
07-04 02:36:39.332  1272  1307 D CompatibilityInfo: applicationScale - 1.0
07-04 02:36:39.336  2381  2381 I NotificationFullFlow: Step 1: GcmBroadcastReceiver:onReceive
07-04 02:36:39.336  2381  2381 I GcmBroadcastReceiver: #processIntentDefault
07-04 02:36:39.339  2381  2499 I NotificationFullFlow: Step 2: GcsmState:handleClientEvent
07-04 02:36:39.345  1272 17955 D NetworkMonitor/100: PROBE_HTTPS https://www.google.com/generate_204 time=84ms ret=204 request={Connection=[close], User-Agent=[Mozilla/5.0 (X11; Linux x86_64) AppleWebKit/537.36 (KHTML, like Gecko) Chrome/60.0.3112.32 Safari/537.36]} headers={null=[HTTP/1.1 204 No Content], Alt-Svc=[h3=":443"; ma=2592000,h3-29=":443"; ma=2592000], Connection=[close], Content-Length=[0], Cross-Origin-Resource-Policy=[cross-origin], Date=[Tue, 04 Jul 2023 00:36:39 GMT], X-Android-Received-Millis=[1688430999344], X-Android-Response-Source=[NETWORK 204], X-Android-Selected-Protocol=[http/1.1], X-Android-Sent-Millis=[1688430999332]}
07-04 02:36:39.346  1272 17954 D NetworkMonitor/100: isCaptivePortal: isSuccessful()=true isPortal()=false RedirectUrl=null isPartialConnectivity()=false Time=200ms
07-04 02:36:39.347  2381  2466 I NotificationFullFlow: Step 3: GcmWorker:DeliveryToNow
07-04 02:36:39.348  1272  4886 D ConnectivityService: NetworkAgentInfo [WIFI () - 100] validation passed
07-04 02:36:39.348  2381  2499 I A       : Push message account matches primary account
07-04 02:36:39.348  2381  2499 I A       : Weather Receive: handle push message.
07-04 02:36:39.348  2381  2499 I A       : (REDACTED) Weather Receive: push weather data used: Temp=%d, Unit=%s, IconUrl=%s, WeatherDescription=%s, isCelsius=%b, location=%s, currentUpdateTimeMillis=%d, hasAirQuality=%b, source=%s
07-04 02:36:39.349   560   560 E SELinux : avc:  denied  { find } for interface=vendor.qti.hardware.servicetracker::IServicetracker sid=u:r:system_server:s0 pid=1272 scontext=u:r:system_server:s0 tcontext=u:object_r:default_android_hwservice:s0 tclass=hwservice_manager permissive=0
07-04 02:36:39.351  2381  2437 I A       : handleUpdateAction
07-04 02:36:39.351  2381  2437 I A       : (REDACTED) action type string %s 
07-04 02:36:39.354  2381  2438 I A       : handleUpdateAction
07-04 02:36:39.355  2381  2438 I A       : (REDACTED) action type string %s 
07-04 02:36:39.379 26193 17959 I AlarmManager: setExactAndAllowWhileIdle [name: GCM_HB_ALARM type: 2 triggerAtMillis: 218261102]
07-04 02:36:39.383  2381  2435 I de      : (REDACTED) Pcp saved weather source=%d
07-04 02:36:39.388  2381  2446 I PCPv2.PushClient: (REDACTED) #entry Pushing %s data elements to PCP from [%s]
07-04 02:36:39.402 17796 17940 I BatteryMgr:DataCollectionService: stats => 1688430999402,-240234,4225
07-04 02:36:39.413  2381  2437 I SmartspaceWorker: Successfully pushed weather to PCPv2.
07-04 02:36:39.416  2381  2436 I p       : (REDACTED) display valid entity dataId %s, dataType %d, clientType %d
07-04 02:36:39.419  2381  2436 I chatty  : uid=10150(com.google.android.googlequicksearchbox) BG Thread #1 identical 3 lines
07-04 02:36:39.420  2381  2436 I p       : (REDACTED) display valid entity dataId %s, dataType %d, clientType %d
07-04 02:36:39.426  2381  2445 I SSDataManagerImpl: #handlePcpDataUpdate
07-04 02:36:39.426  2381  2445 I PCP.ImplV0: getProactiveContent
07-04 02:36:39.426  2381  2445 I PCP.ImplV0: PCP V1 flow is enabled.
07-04 02:36:39.426  2381  2446 I z       : Smartspace widget and OEM data listener is not enabled on device
07-04 02:36:39.426  2381  2445 I A       : Falling back to non-UDC sources
07-04 02:36:39.427  2381  2445 I A       : (REDACTED) Setting = %s, optedInt = %s
07-04 02:36:39.427  2381  2445 I A       : Falling back to non-UDC sources
07-04 02:36:39.427  2381  2445 I A       : (REDACTED) Setting = %s, optedInt = %s
07-04 02:36:39.427  2381  2445 I A       : Falling back to non-UDC sources
07-04 02:36:39.427  2381  2445 I A       : (REDACTED) Setting = %s, optedInt = %s
07-04 02:36:39.427  2381  2445 I A       : Falling back to non-UDC sources
07-04 02:36:39.427  2381  2445 I A       : (REDACTED) Setting = %s, optedInt = %s
07-04 02:36:39.441  2381 17964 I DeviceCapHelper: (REDACTED) Adding surface identity to the device capabilities for surface %s.
07-04 02:36:39.442  2381  2436 I AudioManager: In isBluetoothScoOn(), calling application: com.google.android.googlequicksearchbox
07-04 02:36:39.442  1272  6132 I AS.AudioDeviceBroker: In isBluetoothScoOnForApp(), mForcedUseForCommExt: 0
07-04 02:36:39.442  2381  2436 I AudioManager: In isBluetoothScoOn(), calling application: com.google.android.googlequicksearchbox
07-04 02:36:39.442  1272  6132 I AS.AudioDeviceBroker: In isBluetoothScoOnForApp(), mForcedUseForCommExt: 0
07-04 02:36:39.463  2381  3292 V ClearcutMetricXmitter: Transmission is done.
07-04 02:36:39.465  2381  3292 I chatty  : uid=10150(com.google.android.googlequicksearchbox) Binder:2381_8 identical 1 line
07-04 02:36:39.467  2381  3292 V ClearcutMetricXmitter: Transmission is done.
07-04 02:36:39.506 17796 17940 I BatteryMgr:DataCollectionService: stats => 1688430999506,-240234,4225
07-04 02:36:39.528  2381  3292 V ClearcutMetricXmitter: Transmission is done.
07-04 02:36:39.535  2381  2435 I PCP.DataQuery: (REDACTED) %s getProactiveContent: %s
07-04 02:36:39.537  2381  2435 I AccountDatabaseHelper: (REDACTED) #getLastReturnedProactiveData for client type %s and proactive data type %s
07-04 02:36:39.537  2381  2435 I PCP.Database: (REDACTED) #getLastReturnedProactiveData for client type %s and proactive data type %s
07-04 02:36:39.538  2381  2435 I AccountDatabaseHelper: (REDACTED) #getLastReturnedProactiveData for client type %s and proactive data type %s
07-04 02:36:39.538  2381  2435 I PCP.Database: (REDACTED) #getLastReturnedProactiveData for client type %s and proactive data type %s
07-04 02:36:39.539  2381  2435 I PCP.Database: (REDACTED) #getLastReturnedProactiveData for client type %s and proactive data type %s
07-04 02:36:39.553  2381  3292 V ClearcutMetricXmitter: Transmission is done.
07-04 02:36:39.556  2381  3292 V ClearcutMetricXmitter: Transmission is done.
07-04 02:36:39.557  2381  2436 I PCP.DataFetch: #updateLastReturnedDatabase
07-04 02:36:39.560  2381  2437 I AccountDatabaseHelper: #putNewReturnedDataQuery
07-04 02:36:39.560  2381  2437 I PCP.Database: #putNewReturnedDataQuery
07-04 02:36:39.560  2381  2437 I PCP.Database: (REDACTED) data.getValue() %s
07-04 02:36:39.560  2381  2435 I SSPcpDataCtrl: #logProactiveDataReceived
07-04 02:36:39.560  2381  2435 I SSPcpDataCtrl: (REDACTED) data type: %s, update type: %s
07-04 02:36:39.561  2381  2435 I SSPcpDataCtrl: (REDACTED) diffAndUpdateContentStore data type : %s
07-04 02:36:39.561  2381  2435 I PcpSSDataUtils: #getSmartspaceCard
07-04 02:36:39.561  2381  2435 I PcpSSDataUtils: (REDACTED) event Id %s
07-04 02:36:39.561  2381  2436 I AccountDatabaseHelper: #putNewReturnedDataQuery
07-04 02:36:39.561  2381  2436 I PCP.Database: #putNewReturnedDataQuery
07-04 02:36:39.562  2381  2437 I PCP.Database: (REDACTED) dataHash at insert %s
07-04 02:36:39.562  2381  2438 I PCP.SingletonDatabase: #putNewReturnedDataQuery
07-04 02:36:39.562  2381  2438 I PCP.Database: #putNewReturnedDataQuery
07-04 02:36:39.573  2381  3292 V ClearcutMetricXmitter: Transmission is done.
07-04 02:36:39.586  2381  2435 I SSDataManagerImpl: weather card updated
07-04 02:36:39.596  2381  2435 I A       : handleWeatherCardUpdate
07-04 02:36:39.601  2381  2466 I A       : getLocaleToModelSpecsMap
07-04 02:36:39.601  2381  2466 I A       : Fetching latest config from MDD...
07-04 02:36:39.602  2381  2466 I A       : (REDACTED) Found map of size: %d
07-04 02:36:39.602  2381  2466 I A       : (REDACTED) Adding from proto config to map [configKey: %s locale: %s modelType: %s modelPrefix: %s Location: %s isSpeakerIdSupported: %b]
07-04 02:36:39.602  2381  2466 I chatty  : uid=10150(com.google.android.googlequicksearchbox) Lite Thread #3 identical 1 line
07-04 02:36:39.602  2381  2466 I A       : (REDACTED) Adding from proto config to map [configKey: %s locale: %s modelType: %s modelPrefix: %s Location: %s isSpeakerIdSupported: %b]
07-04 02:36:39.603  2381  2466 I A       : (REDACTED) hasHotwordEverywhere-%b
07-04 02:36:39.608  2381  2466 I A       : (REDACTED) hasHotwordEverywhere-%b
07-04 02:36:39.610 17796 17940 I BatteryMgr:DataCollectionService: stats => 1688430999610,-240234,4225
07-04 02:36:39.612  2381  2437 I A       : Successfully logged card impression and maybe settings
07-04 02:36:39.612  2381  2466 I expirationUtils: (REDACTED) Schedule expiration task for weather with delay ms = %d
07-04 02:36:39.628  2381  2466 I A       : logCardsSentInAmbientLogs
07-04 02:36:39.630  2381  2466 I A       : (REDACTED) sending card %s , pre event title : %s, during event title: %s, post event title: %s, event start time: %d, updated at time: %d, isTriggeringUpdate? %b, is from work profile? %b, expirationTimeMillis %d
07-04 02:36:39.632  2381  2466 I A       : Falling back to non-UDC sources
07-04 02:36:39.632  2381  2466 I A       : (REDACTED) Setting = %s, optedInt = %s
07-04 02:36:39.636  2381  2466 I A       : (REDACTED) hasHotwordEverywhere-%b
07-04 02:36:39.637  2381  2466 I A       : (REDACTED) sending card type %s
07-04 02:36:39.648  2381  2466 I A       : (REDACTED) received card type %s 
07-04 02:36:39.718 17796 17940 I BatteryMgr:DataCollectionService: stats => 1688430999718,-240234,4225
07-04 02:36:39.828 17796 17940 I BatteryMgr:DataCollectionService: stats => 1688430999828,-240234,4225
07-04 02:36:39.935 17796 17940 I BatteryMgr:DataCollectionService: stats => 1688430999935,-240234,4225
07-04 02:36:40.041 17796 17940 I BatteryMgr:DataCollectionService: stats => 1688431000041,-240234,4225
07-04 02:36:40.154 17796 17940 I BatteryMgr:DataCollectionService: stats => 1688431000154,-240234,4225
07-04 02:36:40.261 17796 17940 I BatteryMgr:DataCollectionService: stats => 1688431000261,-246581,4225
07-04 02:36:40.369 17796 17940 I BatteryMgr:DataCollectionService: stats => 1688431000369,-246581,4225
07-04 02:36:40.477 17796 17940 I BatteryMgr:DataCollectionService: stats => 1688431000477,-246581,4225
07-04 02:36:40.583 17796 17940 I BatteryMgr:DataCollectionService: stats => 1688431000583,-246581,4225
07-04 02:36:40.691 17796 17940 I BatteryMgr:DataCollectionService: stats => 1688431000691,-246581,4225
07-04 02:36:40.798 17796 17940 I BatteryMgr:DataCollectionService: stats => 1688431000798,-246581,4225
07-04 02:36:40.906 17796 17940 I BatteryMgr:DataCollectionService: stats => 1688431000906,-246581,4225
07-04 02:36:41.014 17796 17940 I BatteryMgr:DataCollectionService: stats => 1688431001014,-246581,4225
07-04 02:36:41.121 17796 17940 I BatteryMgr:DataCollectionService: stats => 1688431001121,-246581,4225
07-04 02:36:41.150   560   560 E SELinux : avc:  denied  { find } for interface=vendor.qti.hardware.servicetracker::IServicetracker sid=u:r:system_server:s0 pid=1272 scontext=u:r:system_server:s0 tcontext=u:object_r:default_android_hwservice:s0 tclass=hwservice_manager permissive=0
07-04 02:36:41.229 17796 17940 I BatteryMgr:DataCollectionService: stats => 1688431001229,-246581,4225
07-04 02:36:41.337 17796 17940 I BatteryMgr:DataCollectionService: stats => 1688431001337,-246581,4225
07-04 02:36:41.450 17796 17940 I BatteryMgr:DataCollectionService: stats => 1688431001450,-246581,4225
07-04 02:36:41.563 17796 17940 I BatteryMgr:DataCollectionService: stats => 1688431001563,-246581,4225
07-04 02:36:41.671 17796 17940 I BatteryMgr:DataCollectionService: stats => 1688431001670,-269531,4225
07-04 02:36:41.778 17796 17940 I BatteryMgr:DataCollectionService: stats => 1688431001778,-269531,4225
07-04 02:36:41.886 17796 17940 I BatteryMgr:DataCollectionService: stats => 1688431001886,-269531,4225
07-04 02:36:41.904   732  1497 E QCamera : <HAL><ERROR> translateToHalMetadata: 12955: antibanding(4)
07-04 02:36:41.977   732 17869 E mm-camera: <SENSOR><ERROR> 5372: module_sensor_event_control_set_parm: func_tbl for submodule 4 is NULL
07-04 02:36:41.977   732 17869 E mm-camera: <SENSOR><ERROR> 5183: module_sensor_event_control_set_parm: func_tbl for submodule 4 is NULL
07-04 02:36:41.977   732 17869 E mm-camera: <SENSOR><ERROR> 5185: module_sensor_event_control_set_parm: CAM_INTF_META_FLASH_POWER failed
07-04 02:36:41.995 17796 17940 I BatteryMgr:DataCollectionService: stats => 1688431001995,-269531,4225
07-04 02:36:42.103 17796 17940 I BatteryMgr:DataCollectionService: stats => 1688431002103,-269531,4225
07-04 02:36:42.170   779  7045 E ANDR-PERF-MPCTL: poll() has timed out for /sys/module/msm_performance/events/cpu_hotplug
07-04 02:36:42.170   779  7045 E ANDR-PERF-MPCTL: Block on poll()
07-04 02:36:42.214 17796 17940 I BatteryMgr:DataCollectionService: stats => 1688431002214,-269531,4225
07-04 02:36:42.323 17796 17940 I BatteryMgr:DataCollectionService: stats => 1688431002323,-269531,4225
07-04 02:36:42.431 17796 17940 I BatteryMgr:DataCollectionService: stats => 1688431002430,-269531,4225
07-04 02:36:42.539 17796 17940 I BatteryMgr:DataCollectionService: stats => 1688431002538,-269531,4225
07-04 02:36:42.648 17796 17940 I BatteryMgr:DataCollectionService: stats => 1688431002648,-269531,4225
07-04 02:36:42.756 17796 17940 I BatteryMgr:DataCollectionService: stats => 1688431002756,-269531,4225
07-04 02:36:42.864 17796 17940 I BatteryMgr:DataCollectionService: stats => 1688431002863,-269531,4225
07-04 02:36:42.972 17796 17940 I BatteryMgr:DataCollectionService: stats => 1688431002972,-269531,4225
07-04 02:36:43.079 17796 17940 I BatteryMgr:DataCollectionService: stats => 1688431003079,-260253,4225
07-04 02:36:43.187 17796 17940 I BatteryMgr:DataCollectionService: stats => 1688431003187,-260253,4225
07-04 02:36:43.299 17796 17940 I BatteryMgr:DataCollectionService: stats => 1688431003299,-260253,4225
07-04 02:36:43.408 17796 17940 I BatteryMgr:DataCollectionService: stats => 1688431003407,-260253,4225
07-04 02:36:43.514 17796 17940 I BatteryMgr:DataCollectionService: stats => 1688431003514,-260253,4225
07-04 02:36:43.620 17796 17940 I BatteryMgr:DataCollectionService: stats => 1688431003620,-260253,4225
07-04 02:36:43.729 17796 17940 I BatteryMgr:DataCollectionService: stats => 1688431003729,-260253,4225
07-04 02:36:43.840 17796 17940 I BatteryMgr:DataCollectionService: stats => 1688431003840,-260253,4225
07-04 02:36:43.949 17796 17940 I BatteryMgr:DataCollectionService: stats => 1688431003949,-260253,4225
07-04 02:36:44.056 17796 17940 I BatteryMgr:DataCollectionService: stats => 1688431004056,-260253,4225
07-04 02:36:44.163 17796 17940 I BatteryMgr:DataCollectionService: stats => 1688431004163,-260253,4225
07-04 02:36:44.274 17796 17940 I BatteryMgr:DataCollectionService: stats => 1688431004274,-260253,4225
07-04 02:36:44.382 17796 17940 I BatteryMgr:DataCollectionService: stats => 1688431004382,-260253,4225
07-04 02:36:44.489 17796 17940 I BatteryMgr:DataCollectionService: stats => 1688431004489,-260253,4225
07-04 02:36:44.597 17796 17940 I BatteryMgr:DataCollectionService: stats => 1688431004597,-235839,4225
07-04 02:36:44.704 17796 17940 I BatteryMgr:DataCollectionService: stats => 1688431004703,-235839,4225
07-04 02:36:44.811 17796 17940 I BatteryMgr:DataCollectionService: stats => 1688431004811,-235839,4225
07-04 02:36:44.917 17796 17940 I BatteryMgr:DataCollectionService: stats => 1688431004917,-235839,4225
07-04 02:36:45.026 17796 17940 I BatteryMgr:DataCollectionService: stats => 1688431005025,-235839,4225
07-04 02:36:45.135 17796 17940 I BatteryMgr:DataCollectionService: stats => 1688431005135,-235839,4225
07-04 02:36:45.173   779  7045 E ANDR-PERF-MPCTL: poll() has timed out for /sys/module/msm_performance/events/cpu_hotplug
07-04 02:36:45.173   779  7045 E ANDR-PERF-MPCTL: Block on poll()
07-04 02:36:45.248 17796 17940 I BatteryMgr:DataCollectionService: stats => 1688431005243,-235839,4225
07-04 02:36:45.356 17796 17940 I BatteryMgr:DataCollectionService: stats => 1688431005356,-235839,4225
07-04 02:36:45.463 17796 17940 I BatteryMgr:DataCollectionService: stats => 1688431005463,-235839,4225
07-04 02:36:45.572 17796 17940 I BatteryMgr:DataCollectionService: stats => 1688431005572,-235839,4225
07-04 02:36:45.680 17796 17940 I BatteryMgr:DataCollectionService: stats => 1688431005680,-235839,4225
07-04 02:36:45.788 17796 17940 I BatteryMgr:DataCollectionService: stats => 1688431005788,-235839,4225
07-04 02:36:45.895 17796 17940 I BatteryMgr:DataCollectionService: stats => 1688431005895,-235839,4225
07-04 02:36:46.003 17796 17940 I BatteryMgr:DataCollectionService: stats => 1688431006003,-282226,4225
07-04 02:36:46.113 17796 17940 I BatteryMgr:DataCollectionService: stats => 1688431006113,-282226,4225
07-04 02:36:46.224 17796 17940 I BatteryMgr:DataCollectionService: stats => 1688431006224,-282226,4225
07-04 02:36:46.333 17796 17940 I BatteryMgr:DataCollectionService: stats => 1688431006333,-282226,4225
07-04 02:36:46.442 17796 17940 I BatteryMgr:DataCollectionService: stats => 1688431006442,-282226,4225
07-04 02:36:46.549 17796 17940 I BatteryMgr:DataCollectionService: stats => 1688431006549,-282226,4225
07-04 02:36:46.657 17796 17940 I BatteryMgr:DataCollectionService: stats => 1688431006657,-282226,4225
07-04 02:36:46.765 17796 17940 I BatteryMgr:DataCollectionService: stats => 1688431006765,-282226,4225
07-04 02:36:46.873 17796 17940 I BatteryMgr:DataCollectionService: stats => 1688431006873,-282226,4225
07-04 02:36:46.910   732  1497 E QCamera : <HAL><ERROR> translateToHalMetadata: 12955: antibanding(4)
07-04 02:36:46.962   732 17869 E mm-camera: <SENSOR><ERROR> 5372: module_sensor_event_control_set_parm: func_tbl for submodule 4 is NULL
07-04 02:36:46.962   732 17869 E mm-camera: <SENSOR><ERROR> 5183: module_sensor_event_control_set_parm: func_tbl for submodule 4 is NULL
07-04 02:36:46.962   732 17869 E mm-camera: <SENSOR><ERROR> 5185: module_sensor_event_control_set_parm: CAM_INTF_META_FLASH_POWER failed
07-04 02:36:46.981 17796 17940 I BatteryMgr:DataCollectionService: stats => 1688431006980,-282226,4225
07-04 02:36:47.088 17796 17940 I BatteryMgr:DataCollectionService: stats => 1688431007088,-282226,4225
07-04 02:36:47.198 17796 17940 I BatteryMgr:DataCollectionService: stats => 1688431007198,-282226,4225
07-04 02:36:47.306 17796 17940 I BatteryMgr:DataCollectionService: stats => 1688431007306,-282226,4225
07-04 02:36:47.417 17796 17940 I BatteryMgr:DataCollectionService: stats => 1688431007417,-282226,4225
07-04 02:36:47.528 17796 17940 I BatteryMgr:DataCollectionService: stats => 1688431007528,-242675,4225
07-04 02:36:47.636 17796 17940 I BatteryMgr:DataCollectionService: stats => 1688431007636,-242675,4225
07-04 02:36:47.746 17796 17940 I BatteryMgr:DataCollectionService: stats => 1688431007746,-242675,4225
07-04 02:36:47.853 17796 17940 I BatteryMgr:DataCollectionService: stats => 1688431007853,-242675,4225
07-04 02:36:47.961 17796 17940 I BatteryMgr:DataCollectionService: stats => 1688431007960,-242675,4225
07-04 02:36:48.071 17796 17940 I BatteryMgr:DataCollectionService: stats => 1688431008071,-242675,4225
07-04 02:36:48.177   779  7045 E ANDR-PERF-MPCTL: poll() has timed out for /sys/module/msm_performance/events/cpu_hotplug
07-04 02:36:48.177   779  7045 E ANDR-PERF-MPCTL: Block on poll()
07-04 02:36:48.178 17796 17940 I BatteryMgr:DataCollectionService: stats => 1688431008178,-242675,4225
07-04 02:36:48.284 17796 17940 I BatteryMgr:DataCollectionService: stats => 1688431008284,-242675,4225
07-04 02:36:48.390 17796 17940 I BatteryMgr:DataCollectionService: stats => 1688431008390,-242675,4225
07-04 02:36:48.498 17796 17940 I BatteryMgr:DataCollectionService: stats => 1688431008498,-242675,4225
07-04 02:36:48.605 17796 17940 I BatteryMgr:DataCollectionService: stats => 1688431008605,-242675,4225
07-04 02:36:48.711 17796 17940 I BatteryMgr:DataCollectionService: stats => 1688431008711,-242675,4225
07-04 02:36:48.821 17796 17940 I BatteryMgr:DataCollectionService: stats => 1688431008821,-242675,4225
07-04 02:36:48.931 17796 17940 I BatteryMgr:DataCollectionService: stats => 1688431008930,-257324,4225
07-04 02:36:49.039 17796 17940 I BatteryMgr:DataCollectionService: stats => 1688431009039,-257324,4225
07-04 02:36:49.147 17796 17940 I BatteryMgr:DataCollectionService: stats => 1688431009147,-257324,4225
07-04 02:36:49.258 17796 17940 I BatteryMgr:DataCollectionService: stats => 1688431009258,-257324,4225
07-04 02:36:49.368 17796 17940 I BatteryMgr:DataCollectionService: stats => 1688431009367,-257324,4225
07-04 02:36:49.475 17796 17940 I BatteryMgr:DataCollectionService: stats => 1688431009474,-257324,4225
07-04 02:36:49.583 17796 17940 I BatteryMgr:DataCollectionService: stats => 1688431009583,-257324,4225
07-04 02:36:49.689 17796 17940 I BatteryMgr:DataCollectionService: stats => 1688431009689,-257324,4225
07-04 02:36:49.797 17796 17940 I BatteryMgr:DataCollectionService: stats => 1688431009796,-257324,4225
07-04 02:36:49.903 17796 17940 I BatteryMgr:DataCollectionService: stats => 1688431009903,-257324,4225
07-04 02:36:50.010 17796 17940 I BatteryMgr:DataCollectionService: stats => 1688431010010,-257324,4225
07-04 02:36:50.125 17796 17940 I BatteryMgr:DataCollectionService: stats => 1688431010125,-257324,4225
07-04 02:36:50.232 17796 17940 I BatteryMgr:DataCollectionService: stats => 1688431010232,-257324,4225
07-04 02:36:50.340 17796 17940 I BatteryMgr:DataCollectionService: stats => 1688431010339,-257324,4225
07-04 02:36:50.446 17796 17940 I BatteryMgr:DataCollectionService: stats => 1688431010446,-237304,4225
07-04 02:36:50.553 17796 17940 I BatteryMgr:DataCollectionService: stats => 1688431010553,-237304,4225
07-04 02:36:50.661 17796 17940 I BatteryMgr:DataCollectionService: stats => 1688431010661,-237304,4225
07-04 02:36:50.769 17796 17940 I BatteryMgr:DataCollectionService: stats => 1688431010768,-237304,4225
07-04 02:36:50.877 17796 17940 I BatteryMgr:DataCollectionService: stats => 1688431010877,-237304,4225
07-04 02:36:50.984 17796 17940 I BatteryMgr:DataCollectionService: stats => 1688431010984,-237304,4225
07-04 02:36:51.094 17796 17940 I BatteryMgr:DataCollectionService: stats => 1688431011094,-237304,4225
07-04 02:36:51.180   779  7045 E ANDR-PERF-MPCTL: poll() has timed out for /sys/module/msm_performance/events/cpu_hotplug
07-04 02:36:51.180   779  7045 E ANDR-PERF-MPCTL: Block on poll()
07-04 02:36:51.207 17796 17940 I BatteryMgr:DataCollectionService: stats => 1688431011207,-237304,4225
07-04 02:36:51.315 17796 17940 I BatteryMgr:DataCollectionService: stats => 1688431011314,-237304,4225
07-04 02:36:51.424 17796 17940 I BatteryMgr:DataCollectionService: stats => 1688431011424,-237304,4225
07-04 02:36:51.531 17796 17940 I BatteryMgr:DataCollectionService: stats => 1688431011531,-237304,4225
07-04 02:36:51.638 17796 17940 I BatteryMgr:DataCollectionService: stats => 1688431011638,-237304,4225
07-04 02:36:51.748 17796 17940 I BatteryMgr:DataCollectionService: stats => 1688431011747,-237304,4225
07-04 02:36:51.854 17796 17940 I BatteryMgr:DataCollectionService: stats => 1688431011854,-275878,4225
07-04 02:36:51.919   732  1497 E QCamera : <HAL><ERROR> translateToHalMetadata: 12955: antibanding(4)
07-04 02:36:51.948   732 17869 E mm-camera: <SENSOR><ERROR> 5372: module_sensor_event_control_set_parm: func_tbl for submodule 4 is NULL
07-04 02:36:51.948   732 17869 E mm-camera: <SENSOR><ERROR> 5183: module_sensor_event_control_set_parm: func_tbl for submodule 4 is NULL
07-04 02:36:51.948   732 17869 E mm-camera: <SENSOR><ERROR> 5185: module_sensor_event_control_set_parm: CAM_INTF_META_FLASH_POWER failed
07-04 02:36:51.968 17796 17940 I BatteryMgr:DataCollectionService: stats => 1688431011968,-275878,4225
07-04 02:36:52.076 17796 17940 I BatteryMgr:DataCollectionService: stats => 1688431012076,-275878,4225
07-04 02:36:52.184 17796 17940 I BatteryMgr:DataCollectionService: stats => 1688431012184,-275878,4225
07-04 02:36:52.290 17796 17940 I BatteryMgr:DataCollectionService: stats => 1688431012290,-275878,4225
07-04 02:36:52.396 17796 17940 I BatteryMgr:DataCollectionService: stats => 1688431012396,-275878,4225
07-04 02:36:52.504 17796 17940 I BatteryMgr:DataCollectionService: stats => 1688431012504,-275878,4225
07-04 02:36:52.612 17796 17940 I BatteryMgr:DataCollectionService: stats => 1688431012611,-275878,4225
07-04 02:36:52.725 17796 17940 I BatteryMgr:DataCollectionService: stats => 1688431012725,-275878,4225
07-04 02:36:52.834 17796 17940 I BatteryMgr:DataCollectionService: stats => 1688431012834,-275878,4225
07-04 02:36:52.946 17796 17940 I BatteryMgr:DataCollectionService: stats => 1688431012945,-275878,4225
07-04 02:36:53.053 17796 17940 I BatteryMgr:DataCollectionService: stats => 1688431013053,-275878,4225
07-04 02:36:53.160 17796 17940 I BatteryMgr:DataCollectionService: stats => 1688431013160,-275878,4225
07-04 02:36:53.269 17796 17940 I BatteryMgr:DataCollectionService: stats => 1688431013269,-275878,4225
07-04 02:36:53.376 17796 17940 I BatteryMgr:DataCollectionService: stats => 1688431013376,-242675,4225
07-04 02:36:53.484 17796 17940 I BatteryMgr:DataCollectionService: stats => 1688431013483,-242675,4225
07-04 02:36:53.593 17796 17940 I BatteryMgr:DataCollectionService: stats => 1688431013593,-242675,4225
07-04 02:36:53.702 17796 17940 I BatteryMgr:DataCollectionService: stats => 1688431013702,-242675,4225
07-04 02:36:53.809 17796 17940 I BatteryMgr:DataCollectionService: stats => 1688431013808,-242675,4225
07-04 02:36:53.915 17796 17940 I BatteryMgr:DataCollectionService: stats => 1688431013915,-242675,4225
07-04 02:36:54.022 17796 17940 I BatteryMgr:DataCollectionService: stats => 1688431014022,-242675,4225
07-04 02:36:54.129 17796 17940 I BatteryMgr:DataCollectionService: stats => 1688431014129,-242675,4225
07-04 02:36:54.184   779  7045 E ANDR-PERF-MPCTL: poll() has timed out for /sys/module/msm_performance/events/cpu_hotplug
07-04 02:36:54.184   779  7045 E ANDR-PERF-MPCTL: Block on poll()
07-04 02:36:54.236 17796 17940 I BatteryMgr:DataCollectionService: stats => 1688431014236,-242675,4225
07-04 02:36:54.343 17796 17940 I BatteryMgr:DataCollectionService: stats => 1688431014342,-242675,4225
07-04 02:36:54.399   560   560 E SELinux : avc:  denied  { find } for interface=vendor.qti.hardware.servicetracker::IServicetracker sid=u:r:system_server:s0 pid=1272 scontext=u:r:system_server:s0 tcontext=u:object_r:default_android_hwservice:s0 tclass=hwservice_manager permissive=0
07-04 02:36:54.405   560   560 E SELinux : avc:  denied  { find } for interface=vendor.qti.hardware.servicetracker::IServicetracker sid=u:r:system_server:s0 pid=1272 scontext=u:r:system_server:s0 tcontext=u:object_r:default_android_hwservice:s0 tclass=hwservice_manager permissive=0
07-04 02:36:54.450 17796 17940 I BatteryMgr:DataCollectionService: stats => 1688431014450,-242675,4225
07-04 02:36:54.557 17796 17940 I BatteryMgr:DataCollectionService: stats => 1688431014557,-242675,4225
07-04 02:36:54.599   560   560 E SELinux : avc:  denied  { find } for interface=vendor.qti.hardware.servicetracker::IServicetracker sid=u:r:system_server:s0 pid=1272 scontext=u:r:system_server:s0 tcontext=u:object_r:default_android_hwservice:s0 tclass=hwservice_manager permissive=0
07-04 02:36:54.665 17796 17940 I BatteryMgr:DataCollectionService: stats => 1688431014665,-242675,4225
07-04 02:36:54.773 17796 17940 I BatteryMgr:DataCollectionService: stats => 1688431014773,-249511,4225
07-04 02:36:54.881 17796 17940 I BatteryMgr:DataCollectionService: stats => 1688431014881,-249511,4225
07-04 02:36:54.987 17796 17940 I BatteryMgr:DataCollectionService: stats => 1688431014987,-249511,4225
07-04 02:36:55.097 17796 17940 I BatteryMgr:DataCollectionService: stats => 1688431015097,-249511,4225
07-04 02:36:55.206 17796 17940 I BatteryMgr:DataCollectionService: stats => 1688431015206,-249511,4225
07-04 02:36:55.317 17796 17940 I BatteryMgr:DataCollectionService: stats => 1688431015317,-249511,4225
07-04 02:36:55.423 17796 17940 I BatteryMgr:DataCollectionService: stats => 1688431015423,-249511,4225
07-04 02:36:55.535 17796 17940 I BatteryMgr:DataCollectionService: stats => 1688431015535,-249511,4225
07-04 02:36:55.641 17796 17940 I BatteryMgr:DataCollectionService: stats => 1688431015641,-249511,4225
07-04 02:36:55.749 17796 17940 I BatteryMgr:DataCollectionService: stats => 1688431015749,-249511,4225
07-04 02:36:55.856 17796 17940 I BatteryMgr:DataCollectionService: stats => 1688431015856,-249511,4225
07-04 02:36:55.963 17796 17940 I BatteryMgr:DataCollectionService: stats => 1688431015963,-249511,4225
07-04 02:36:56.070 17796 17940 I BatteryMgr:DataCollectionService: stats => 1688431016070,-249511,4225
07-04 02:36:56.128   560   560 E SELinux : avc:  denied  { find } for interface=vendor.qti.hardware.servicetracker::IServicetracker sid=u:r:system_server:s0 pid=1272 scontext=u:r:system_server:s0 tcontext=u:object_r:default_android_hwservice:s0 tclass=hwservice_manager permissive=0
07-04 02:36:56.177 17796 17940 I BatteryMgr:DataCollectionService: stats => 1688431016177,-249511,4225
07-04 02:36:56.284 17796 17940 I BatteryMgr:DataCollectionService: stats => 1688431016284,-310058,4225
07-04 02:36:56.391 17796 17940 I BatteryMgr:DataCollectionService: stats => 1688431016391,-310058,4225
07-04 02:36:56.498 17796 17940 I BatteryMgr:DataCollectionService: stats => 1688431016498,-310058,4225
07-04 02:36:56.606 17796 17940 I BatteryMgr:DataCollectionService: stats => 1688431016606,-310058,4225
07-04 02:36:56.717 17796 17940 I BatteryMgr:DataCollectionService: stats => 1688431016716,-310058,4225
07-04 02:36:56.825 17796 17940 I BatteryMgr:DataCollectionService: stats => 1688431016825,-310058,4225
07-04 02:36:56.933   732  1497 E QCamera : <HAL><ERROR> translateToHalMetadata: 12955: antibanding(4)
07-04 02:36:56.934 17796 17940 I BatteryMgr:DataCollectionService: stats => 1688431016933,-310058,4225
07-04 02:36:56.998   732 17869 E mm-camera: <SENSOR><ERROR> 5372: module_sensor_event_control_set_parm: func_tbl for submodule 4 is NULL
07-04 02:36:56.998   732 17869 E mm-camera: <SENSOR><ERROR> 5183: module_sensor_event_control_set_parm: func_tbl for submodule 4 is NULL
07-04 02:36:56.998   732 17869 E mm-camera: <SENSOR><ERROR> 5185: module_sensor_event_control_set_parm: CAM_INTF_META_FLASH_POWER failed
07-04 02:36:57.041 17796 17940 I BatteryMgr:DataCollectionService: stats => 1688431017041,-310058,4225
07-04 02:36:57.148 17796 17940 I BatteryMgr:DataCollectionService: stats => 1688431017148,-310058,4225
07-04 02:36:57.186   779  7045 E ANDR-PERF-MPCTL: poll() has timed out for /sys/module/msm_performance/events/cpu_hotplug
07-04 02:36:57.186   779  7045 E ANDR-PERF-MPCTL: Block on poll()
07-04 02:36:57.255 17796 17940 I BatteryMgr:DataCollectionService: stats => 1688431017255,-310058,4225
07-04 02:36:57.362 17796 17940 I BatteryMgr:DataCollectionService: stats => 1688431017362,-310058,4225
07-04 02:36:57.469 17796 17940 I BatteryMgr:DataCollectionService: stats => 1688431017469,-310058,4225
07-04 02:36:57.577 17796 17940 I BatteryMgr:DataCollectionService: stats => 1688431017577,-310058,4225
07-04 02:36:57.684 17796 17940 I BatteryMgr:DataCollectionService: stats => 1688431017683,-310058,4225
07-04 02:36:57.794 17796 17940 I BatteryMgr:DataCollectionService: stats => 1688431017793,-235839,4225
07-04 02:36:57.901 17796 17940 I BatteryMgr:DataCollectionService: stats => 1688431017901,-235839,4225
07-04 02:36:58.009 17796 17940 I BatteryMgr:DataCollectionService: stats => 1688431018009,-235839,4225
07-04 02:36:58.116 17796 17940 I BatteryMgr:DataCollectionService: stats => 1688431018116,-235839,4225
07-04 02:36:58.224 17796 17940 I BatteryMgr:DataCollectionService: stats => 1688431018224,-235839,4225
07-04 02:36:58.331 17796 17940 I BatteryMgr:DataCollectionService: stats => 1688431018330,-235839,4225
07-04 02:36:58.441 17796 17940 I BatteryMgr:DataCollectionService: stats => 1688431018441,-235839,4225
