06-11 11:42:42.052 28433 28483 D StrictMode: 	at android.database.DatabaseUtils.readExceptionFromParcel(DatabaseUtils.java:132)
06-11 11:42:42.052 28433 28483 D StrictMode: 	at android.content.ContentProviderProxy.query(ContentProviderNative.java:418)
06-11 11:42:42.052 28433 28483 D StrictMode: 	at android.content.ContentResolver.query(ContentResolver.java:754)
06-11 11:42:42.052 28433 28483 D StrictMode: 	at android.content.ContentResolver.query(ContentResolver.java:704)
06-11 11:42:42.052 28433 28483 D StrictMode: 	at azn.a(PG:1)
06-11 11:42:42.052 28433 28483 D StrictMode: 	at azo.a(PG:30)
06-11 11:42:42.052 28433 28483 D StrictMode: 	at big.a(PG:1)
06-11 11:42:42.052 28433 28483 D StrictMode: 	at aoz.run(PG:25)
06-11 11:42:42.052 28433 28483 D StrictMode: 	at android.os.Handler.handleCallback(Handler.java:790)
06-11 11:42:42.052 28433 28483 D StrictMode: 	at android.os.Handler.dispatchMessage(Handler.java:99)
06-11 11:42:42.052 28433 28483 D StrictMode: 	at android.os.Looper.loop(Looper.java:164)
06-11 11:42:42.052 28433 28483 D StrictMode: 	at pjb.run(PG:4)
06-11 11:42:42.052 28433 28483 D StrictMode: 	at osn.run(PG:27)
06-11 11:42:42.052 28433 28483 D StrictMode: 	at java.lang.Thread.run(Thread.java:764)
06-11 11:42:42.052 28433 28483 D StrictMode: 	at pka.run(PG:5)
06-11 11:42:42.053 28433 28483 D StrictMode: StrictMode policy violation; ~duration=1459 ms: android.os.StrictMode$StrictModeDiskReadViolation: policy=4259903 violation=2
06-11 11:42:42.053 28433 28483 D StrictMode: 	at android.os.StrictMode$AndroidBlockGuardPolicy.onReadFromDisk(StrictMode.java:1440)
06-11 11:42:42.053 28433 28483 D StrictMode: 	at java.io.UnixFileSystem.getLength(UnixFileSystem.java:265)
06-11 11:42:42.053 28433 28483 D StrictMode: 	at java.io.File.length(File.java:962)
06-11 11:42:42.053 28433 28483 D StrictMode: 	at aolb.a(:com.google.android.gms@231819019@23.18.19 (040400-536743017):3)
06-11 11:42:42.053 28433 28483 D StrictMode: 	at aome.e(:com.google.android.gms@231819019@23.18.19 (040400-536743017):12)
06-11 11:42:42.053 28433 28483 D StrictMode: 	at aome.b(:com.google.android.gms@231819019@23.18.19 (040400-536743017):6)
06-11 11:42:42.053 28433 28483 D StrictMode: 	at aomh.query(:com.google.android.gms@231819019@23.18.19 (040400-536743017):11)
06-11 11:42:42.053 28433 28483 D StrictMode: 	at aaeo.query(:com.google.android.gms@231819019@23.18.19 (040400-536743017):3)
06-11 11:42:42.053 28433 28483 D StrictMode: 	at android.content.ContentProvider.query(ContentProvider.java:1057)
06-11 11:42:42.053 28433 28483 D StrictMode: 	at hbv.superQuery(:com.google.android.gms@231819019@23.18.19 (040400-536743017):2)
06-11 11:42:42.053 28433 28483 D StrictMode: 	at com.google.android.chimera.ContentProvider.query(:com.google.android.gms@231819019@23.18.19 (040400-536743017):2)
06-11 11:42:42.053 28433 28483 D StrictMode: 	at aaeo.query(:com.google.android.gms@231819019@23.18.19 (040400-536743017):9)
06-11 11:42:42.053 28433 28483 D StrictMode: 	at android.content.ContentProvider.query(ContentProvider.java:1149)
06-11 11:42:42.053 28433 28483 D StrictMode: 	at hbv.superQuery(:com.google.android.gms@231819019@23.18.19 (040400-536743017):1)
06-11 11:42:42.053 28433 28483 D StrictMode: 	at com.google.android.chimera.ContentProvider.query(:com.google.android.gms@231819019@23.18.19 (040400-536743017):1)
06-11 11:42:42.053 28433 28483 D StrictMode: 	at hbv.query(:com.google.android.gms@231819019@23.18.19 (040400-536743017):2)
06-11 11:42:42.053 28433 28483 D StrictMode: 	at android.content.ContentProvider$Transport.query(ContentProvider.java:241)
06-11 11:42:42.053 28433 28483 D StrictMode: 	at android.content.ContentProviderNative.onTransact(ContentProviderNative.java:102)
06-11 11:42:42.053 28433 28483 D StrictMode: 	at android.os.Binder.execTransact(Binder.java:697)
06-11 11:42:42.053 28433 28483 D StrictMode: # via Binder call with stack:
06-11 11:42:42.053 28433 28483 D StrictMode: android.os.StrictMode$LogStackTrace
06-11 11:42:42.053 28433 28483 D StrictMode: 	at android.os.StrictMode.readAndHandleBinderCallViolations(StrictMode.java:2139)
06-11 11:42:42.053 28433 28483 D StrictMode: 	at android.os.Parcel.readExceptionCode(Parcel.java:1987)
06-11 11:42:42.053 28433 28483 D StrictMode: 	at android.database.DatabaseUtils.readExceptionFromParcel(DatabaseUtils.java:132)
06-11 11:42:42.053 28433 28483 D StrictMode: 	at android.content.ContentProviderProxy.query(ContentProviderNative.java:418)
06-11 11:42:42.053 28433 28483 D StrictMode: 	at android.content.ContentResolver.query(ContentResolver.java:754)
06-11 11:42:42.053 28433 28483 D StrictMode: 	at android.content.ContentResolver.query(ContentResolver.java:704)
06-11 11:42:42.053 28433 28483 D StrictMode: 	at azn.a(PG:1)
06-11 11:42:42.053 28433 28483 D StrictMode: 	at azo.a(PG:30)
06-11 11:42:42.053 28433 28483 D StrictMode: 	at big.a(PG:1)
06-11 11:42:42.053 28433 28483 D StrictMode: 	at aoz.run(PG:25)
06-11 11:42:42.053 28433 28483 D StrictMode: 	at android.os.Handler.handleCallback(Handler.java:790)
06-11 11:42:42.053 28433 28483 D StrictMode: 	at android.os.Handler.dispatchMessage(Handler.java:99)
06-11 11:42:42.053 28433 28483 D StrictMode: 	at android.os.Looper.loop(Looper.java:164)
06-11 11:42:42.053 28433 28483 D StrictMode: 	at pjb.run(PG:4)
06-11 11:42:42.053 28433 28483 D StrictMode: 	at osn.run(PG:27)
06-11 11:42:42.053 28433 28483 D StrictMode: 	at java.lang.Thread.run(Thread.java:764)
06-11 11:42:42.053 28433 28483 D StrictMode: 	at pka.run(PG:5)
06-11 11:42:42.053 28433 28483 D StrictMode: StrictMode policy violation; ~duration=348 ms: android.os.StrictMode$StrictModeDiskReadViolation: policy=65599 violation=2
06-11 11:42:42.053 28433 28483 D StrictMode: 	at android.os.StrictMode$AndroidBlockGuardPolicy.onReadFromDisk(StrictMode.java:1440)
06-11 11:42:42.053 28433 28483 D StrictMode: 	at sun.nio.ch.FileDispatcherImpl.size(FileDispatcherImpl.java:90)
06-11 11:42:42.053 28433 28483 D StrictMode: 	at sun.nio.ch.FileChannelImpl.size(FileChannelImpl.java:342)
06-11 11:42:42.053 28433 28483 D StrictMode: 	at axd.c(PG:5)
06-11 11:42:42.053 28433 28483 D StrictMode: 	at axv.a(PG:6)
06-11 11:42:42.053 28433 28483 D StrictMode: 	at axt.c(PG:1)
06-11 11:42:42.053 28433 28483 D StrictMode: 	at ayc.f(PG:1)
06-11 11:42:42.053 28433 28483 D StrictMode: 	at big.a(PG:14)
06-11 11:42:42.053 28433 28483 D StrictMode: 	at aoz.run(PG:25)
06-11 11:42:42.053 28433 28483 D StrictMode: 	at android.os.Handler.handleCallback(Handler.java:790)
06-11 11:42:42.053 28433 28483 D StrictMode: 	at android.os.Handler.dispatchMessage(Handler.java:99)
06-11 11:42:42.053 28433 28483 D StrictMode: 	at android.os.Looper.loop(Looper.java:164)
06-11 11:42:42.053 28433 28483 D StrictMode: 	at pjb.run(PG:4)
06-11 11:42:42.053 28433 28483 D StrictMode: 	at osn.run(PG:27)
06-11 11:42:42.053 28433 28483 D StrictMode: 	at java.lang.Thread.run(Thread.java:764)
06-11 11:42:42.053 28433 28483 D StrictMode: 	at pka.run(PG:5)
06-11 11:42:42.053 28433 28483 D StrictMode: StrictMode policy violation; ~duration=348 ms: android.os.StrictMode$StrictModeDiskReadViolation: policy=65599 violation=2
06-11 11:42:42.053 28433 28483 D StrictMode: 	at android.os.StrictMode$AndroidBlockGuardPolicy.onReadFromDisk(StrictMode.java:1440)
06-11 11:42:42.053 28433 28483 D StrictMode: 	at sun.nio.ch.FileDispatcherImpl.size(FileDispatcherImpl.java:90)
06-11 11:42:42.053 28433 28483 D StrictMode: 	at sun.nio.ch.FileChannelImpl.map(FileChannelImpl.java:926)
06-11 11:42:42.053 28433 28483 D StrictMode: 	at axd.c(PG:6)
06-11 11:42:42.053 28433 28483 D StrictMode: 	at axv.a(PG:6)
06-11 11:42:42.053 28433 28483 D StrictMode: 	at axt.c(PG:1)
06-11 11:42:42.053 28433 28483 D StrictMode: 	at ayc.f(PG:1)
06-11 11:42:42.053 28433 28483 D StrictMode: 	at big.a(PG:14)
06-11 11:42:42.053 28433 28483 D StrictMode: 	at aoz.run(PG:25)
06-11 11:42:42.053 28433 28483 D StrictMode: 	at android.os.Handler.handleCallback(Handler.java:790)
06-11 11:42:42.053 28433 28483 D StrictMode: 	at android.os.Handler.dispatchMessage(Handler.java:99)
06-11 11:42:42.053 28433 28483 D StrictMode: 	at android.os.Looper.loop(Looper.java:164)
06-11 11:42:42.053 28433 28483 D StrictMode: 	at pjb.run(PG:4)
06-11 11:42:42.053 28433 28483 D StrictMode: 	at osn.run(PG:27)
06-11 11:42:42.053 28433 28483 D StrictMode: 	at java.lang.Thread.run(Thread.java:764)
06-11 11:42:42.053 28433 28483 D StrictMode: 	at pka.run(PG:5)
06-11 11:42:42.053 28433 28483 D StrictMode: StrictMode policy violation; ~duration=347 ms: android.os.StrictMode$StrictModeDiskReadViolation: policy=65599 violation=2
06-11 11:42:42.053 28433 28483 D StrictMode: 	at android.os.StrictMode$AndroidBlockGuardPolicy.onReadFromDisk(StrictMode.java:1440)
06-11 11:42:42.053 28433 28483 D StrictMode: 	at sun.nio.ch.FileChannelImpl.map(FileChannelImpl.java:978)
06-11 11:42:42.053 28433 28483 D StrictMode: 	at axd.c(PG:6)
06-11 11:42:42.053 28433 28483 D StrictMode: 	at axv.a(PG:6)
06-11 11:42:42.053 28433 28483 D StrictMode: 	at axt.c(PG:1)
06-11 11:42:42.053 28433 28483 D StrictMode: 	at ayc.f(PG:1)
06-11 11:42:42.053 28433 28483 D StrictMode: 	at big.a(PG:14)
06-11 11:42:42.053 28433 28483 D StrictMode: 	at aoz.run(PG:25)
06-11 11:42:42.053 28433 28483 D StrictMode: 	at android.os.Handler.handleCallback(Handler.java:790)
06-11 11:42:42.053 28433 28483 D StrictMode: 	at android.os.Handler.dispatchMessage(Handler.java:99)
06-11 11:42:42.053 28433 28483 D StrictMode: 	at android.os.Looper.loop(Looper.java:164)
06-11 11:42:42.053 28433 28483 D StrictMode: 	at pjb.run(PG:4)
06-11 11:42:42.053 28433 28483 D StrictMode: 	at osn.run(PG:27)
06-11 11:42:42.053 28433 28483 D StrictMode: 	at java.lang.Thread.run(Thread.java:764)
06-11 11:42:42.053 28433 28483 D StrictMode: 	at pka.run(PG:5)
06-11 11:42:42.053 28433 28483 D StrictMode: StrictMode policy violation; ~duration=289 ms: android.os.StrictMode$StrictModeDiskReadViolation: policy=65599 violation=2
06-11 11:42:42.053 28433 28483 D StrictMode: 	at android.os.StrictMode$AndroidBlockGuardPolicy.onReadFromDisk(StrictMode.java:1440)
06-11 11:42:42.053 28433 28483 D StrictMode: 	at sun.nio.ch.FileDispatcherImpl.size(FileDispatcherImpl.java:90)
06-11 11:42:42.053 28433 28483 D StrictMode: 	at sun.nio.ch.FileChannelImpl.size(FileChannelImpl.java:342)
06-11 11:42:42.053 28433 28483 D StrictMode: 	at axd.c(PG:5)
06-11 11:42:42.053 28433 28483 D StrictMode: 	at big.a(PG:15)
06-11 11:42:42.053 28433 28483 D StrictMode: 	at aoz.run(PG:25)
06-11 11:42:42.053 28433 28483 D StrictMode: 	at android.os.Handler.handleCallback(Handler.java:790)
06-11 11:42:42.053 28433 28483 D StrictMode: 	at android.os.Handler.dispatchMessage(Handler.java:99)
06-11 11:42:42.053 28433 28483 D StrictMode: 	at android.os.Looper.loop(Looper.java:164)
06-11 11:42:42.053 28433 28483 D StrictMode: 	at pjb.run(PG:4)
06-11 11:42:42.053 28433 28483 D StrictMode: 	at osn.run(PG:27)
06-11 11:42:42.053 28433 28483 D StrictMode: 	at java.lang.Thread.run(Thread.java:764)
06-11 11:42:42.053 28433 28483 D StrictMode: 	at pka.run(PG:5)
06-11 11:42:42.053 28433 28483 D StrictMode: StrictMode policy violation; ~duration=288 ms: android.os.StrictMode$StrictModeDiskReadViolation: policy=65599 violation=2
06-11 11:42:42.053 28433 28483 D StrictMode: 	at android.os.StrictMode$AndroidBlockGuardPolicy.onReadFromDisk(StrictMode.java:1440)
06-11 11:42:42.053 28433 28483 D StrictMode: 	at sun.nio.ch.FileDispatcherImpl.size(FileDispatcherImpl.java:90)
06-11 11:42:42.053 28433 28483 D StrictMode: 	at sun.nio.ch.FileChannelImpl.map(FileChannelImpl.java:926)
06-11 11:42:42.053 28433 28483 D StrictMode: 	at axd.c(PG:6)
06-11 11:42:42.053 28433 28483 D StrictMode: 	at big.a(PG:15)
06-11 11:42:42.053 28433 28483 D StrictMode: 	at aoz.run(PG:25)
06-11 11:42:42.053 28433 28483 D StrictMode: 	at android.os.Handler.handleCallback(Handler.java:790)
06-11 11:42:42.053 28433 28483 D StrictMode: 	at android.os.Handler.dispatchMessage(Handler.java:99)
06-11 11:42:42.053 28433 28483 D StrictMode: 	at android.os.Looper.loop(Looper.java:164)
06-11 11:42:42.053 28433 28483 D StrictMode: 	at pjb.run(PG:4)
06-11 11:42:42.053 28433 28483 D StrictMode: 	at osn.run(PG:27)
06-11 11:42:42.053 28433 28483 D StrictMode: 	at java.lang.Thread.run(Thread.java:764)
06-11 11:42:42.053 28433 28483 D StrictMode: 	at pka.run(PG:5)
06-11 11:42:42.053 28433 28483 D StrictMode: StrictMode policy violation; ~duration=288 ms: android.os.StrictMode$StrictModeDiskReadViolation: policy=65599 violation=2
06-11 11:42:42.053 28433 28483 D StrictMode: 	at android.os.StrictMode$AndroidBlockGuardPolicy.onReadFromDisk(StrictMode.java:1440)
06-11 11:42:42.053 28433 28483 D StrictMode: 	at sun.nio.ch.FileChannelImpl.map(FileChannelImpl.java:978)
06-11 11:42:42.053 28433 28483 D StrictMode: 	at axd.c(PG:6)
06-11 11:42:42.053 28433 28483 D StrictMode: 	at big.a(PG:15)
06-11 11:42:42.053 28433 28483 D StrictMode: 	at aoz.run(PG:25)
06-11 11:42:42.053 28433 28483 D StrictMode: 	at android.os.Handler.handleCallback(Handler.java:790)
06-11 11:42:42.053 28433 28483 D StrictMode: 	at android.os.Handler.dispatchMessage(Handler.java:99)
06-11 11:42:42.053 28433 28483 D StrictMode: 	at android.os.Looper.loop(Looper.java:164)
06-11 11:42:42.053 28433 28483 D StrictMode: 	at pjb.run(PG:4)
06-11 11:42:42.053 28433 28483 D StrictMode: 	at osn.run(PG:27)
06-11 11:42:42.053 28433 28483 D StrictMode: 	at java.lang.Thread.run(Thread.java:764)
06-11 11:42:42.053 28433 28483 D StrictMode: 	at pka.run(PG:5)
06-11 11:42:42.395 28433 28549 I FA      : App measurement initialized, version: 79010
06-11 11:42:42.396 28433 28549 I FA      : To enable debug logging run: adb shell setprop log.tag.FA VERBOSE
06-11 11:42:42.396 28433 28549 I FA      : To enable faster debug mode event logging run:
06-11 11:42:42.396 28433 28549 I FA      :   adb shell setprop debug.firebase.analytics.app com.google.android.youtube
06-11 11:42:42.845 28336 28411 I BatteryMgr:DataCollectionService: stats => 1686498162845,-144499,4211
06-11 11:42:42.981 13079 15180 I FontLog : (REDACTED) Received query %s, URI %s
06-11 11:42:42.984 13079 15180 I FontLog : (REDACTED) Query [%s] resolved to %s
06-11 11:42:42.988 13079 15180 I FontLog : (REDACTED) Font PFD returned from cache for %s
06-11 11:42:42.989 13079 15180 I FontLog : (REDACTED) Fetch %s end status %s
06-11 11:42:43.122 14861 14861 D BoundBrokerSvc: onBind: Intent { act=com.google.android.gms.measurement.START pkg=com.google.android.gms }
06-11 11:42:43.123 14861 14861 D BoundBrokerSvc: Loading bound service for intent: Intent { act=com.google.android.gms.measurement.START pkg=com.google.android.gms }
06-11 11:42:43.162 13079 13142 I FontLog : (REDACTED) Pulling font file for id = %d, cache size = %d
06-11 11:42:43.412 28559 28583 I cr_LibraryLoader: Successfully loaded native library
06-11 11:42:43.416 28559 28583 I cr_CachingUmaRecorder: Flushed 18 samples from 14 histograms.
06-11 11:42:43.430 28559 28580 W DynamiteModule: Local module descriptor class for com.google.android.gms.googlecertificates not found.
06-11 11:42:43.514 13079 13090 I FontLog : (REDACTED) Received query %s, URI %s
06-11 11:42:43.514 13079 13090 I FontLog : (REDACTED) Query [%s] resolved to %s
06-11 11:42:43.518 13079 13090 I FontLog : (REDACTED) Font PFD returned from cache for %s
06-11 11:42:43.518 13079 13090 I FontLog : (REDACTED) Fetch %s end status %s
06-11 11:42:43.585 28559 28580 W zygote  : Unsupported class loader
06-11 11:42:43.588 13079 15180 I FontLog : (REDACTED) Pulling font file for id = %d, cache size = %d
06-11 11:42:43.699 13079 13231 I FontLog : (REDACTED) Received query %s, URI %s
06-11 11:42:43.701 13079 13231 I FontLog : (REDACTED) Query [%s] resolved to %s
06-11 11:42:43.704 13079 13231 I FontLog : (REDACTED) Fetch %s end status %s
06-11 11:42:43.729 13079 13090 I FontLog : (REDACTED) Pulling font file for id = %d, cache size = %d
06-11 11:42:43.796 28559 28580 I DynamiteModule: Considering local module com.google.android.gms.googlecertificates:0 and remote module com.google.android.gms.googlecertificates:7
06-11 11:42:43.796 28559 28580 I DynamiteModule: Selected remote version of com.google.android.gms.googlecertificates, version >= 7
06-11 11:42:43.850 28336 28411 I BatteryMgr:DataCollectionService: stats => 1686498163850,-144499,4211
06-11 11:42:43.894 28559 28580 W ResourceType: ResTable_typeSpec entry count inconsistent: given 86, previously 88
06-11 11:42:43.895 28559 28580 W ResourceType: ResTable_typeSpec entry count inconsistent: given 144, previously 146
06-11 11:42:43.897 28559 28580 W ResourceType: ResTable_typeSpec entry count inconsistent: given 3401, previously 3404
06-11 11:42:43.897 28559 28580 W ResourceType: ResTable_typeSpec entry count inconsistent: given 480, previously 4520
06-11 11:42:43.978 28559 28580 W zygote  : Unsupported class loader
06-11 11:42:44.067   753 14101 W AppOps  : Bad call: specified package com.google.android.gms under uid 10060 but it is really 10019
06-11 11:42:44.067   753 14101 W AppOps  : java.lang.RuntimeException: here
06-11 11:42:44.067   753 14101 W AppOps  : 	at com.android.server.AppOpsService.getOpsRawLocked(AppOpsService.java:1322)
06-11 11:42:44.067   753 14101 W AppOps  : 	at com.android.server.AppOpsService.checkPackage(AppOpsService.java:1041)
06-11 11:42:44.067   753 14101 W AppOps  : 	at com.android.internal.app.IAppOpsService$Stub.onTransact(IAppOpsService.java:169)
06-11 11:42:44.067   753 14101 W AppOps  : 	at android.os.Binder.execTransact(Binder.java:697)
06-11 11:42:44.084   753  1785 W AppOps  : Bad call: specified package com.google.android.gms under uid 10060 but it is really 10019
06-11 11:42:44.084   753  1785 W AppOps  : java.lang.RuntimeException: here
06-11 11:42:44.084   753  1785 W AppOps  : 	at com.android.server.AppOpsService.getOpsRawLocked(AppOpsService.java:1322)
06-11 11:42:44.084   753  1785 W AppOps  : 	at com.android.server.AppOpsService.checkPackage(AppOpsService.java:1041)
06-11 11:42:44.084   753  1785 W AppOps  : 	at com.android.internal.app.IAppOpsService$Stub.onTransact(IAppOpsService.java:169)
06-11 11:42:44.084   753  1785 W AppOps  : 	at android.os.Binder.execTransact(Binder.java:697)
06-11 11:42:44.098   753  3811 W AppOps  : Bad call: specified package com.google.android.gms under uid 10060 but it is really 10019
06-11 11:42:44.098   753  3811 W AppOps  : java.lang.RuntimeException: here
06-11 11:42:44.098   753  3811 W AppOps  : 	at com.android.server.AppOpsService.getOpsRawLocked(AppOpsService.java:1322)
06-11 11:42:44.098   753  3811 W AppOps  : 	at com.android.server.AppOpsService.checkPackage(AppOpsService.java:1041)
06-11 11:42:44.098   753  3811 W AppOps  : 	at com.android.internal.app.IAppOpsService$Stub.onTransact(IAppOpsService.java:169)
06-11 11:42:44.098   753  3811 W AppOps  : 	at android.os.Binder.execTransact(Binder.java:697)
06-11 11:42:44.859 28336 28411 I BatteryMgr:DataCollectionService: stats => 1686498164859,-144499,4211
06-11 11:42:45.876 28336 28411 I BatteryMgr:DataCollectionService: stats => 1686498165876,-144499,4211
06-11 11:42:46.894 28336 28411 I BatteryMgr:DataCollectionService: stats => 1686498166893,-144499,4204
06-11 11:42:47.899 28336 28411 I BatteryMgr:DataCollectionService: stats => 1686498167899,-144499,4204
06-11 11:42:48.914 28336 28411 I BatteryMgr:DataCollectionService: stats => 1686498168914,-144499,4204
06-11 11:42:49.930 28336 28411 I BatteryMgr:DataCollectionService: stats => 1686498169929,-144499,4204
06-11 11:42:50.947 28336 28411 I BatteryMgr:DataCollectionService: stats => 1686498170947,-144499,4204
06-11 11:42:51.963 28336 28411 I BatteryMgr:DataCollectionService: stats => 1686498171962,-144499,4204
06-11 11:42:52.982 28336 28411 I BatteryMgr:DataCollectionService: stats => 1686498172981,-144499,4204
06-11 11:42:53.840 14861 14861 D BoundBrokerSvc: onUnbind: Intent { act=com.google.android.gms.measurement.START pkg=com.google.android.gms }
06-11 11:42:53.992 28336 28411 I BatteryMgr:DataCollectionService: stats => 1686498173992,-144499,4204
06-11 11:42:54.105 14861 14861 D BoundBrokerSvc: onUnbind: Intent { act=com.google.android.gms.potokens.service.START dat=chimera-action: cmp=com.google.android.gms/.chimera.GmsApiService }
06-11 11:42:55.009 28336 28411 I BatteryMgr:DataCollectionService: stats => 1686498175009,-144499,4204
06-11 11:42:55.404 13079 13079 D BoundBrokerSvc: onUnbind: Intent { act=com.google.android.gms.phenotype.service.START pkg=com.google.android.gms }
06-11 11:42:56.021 28336 28411 I BatteryMgr:DataCollectionService: stats => 1686498176021,-144499,4204
06-11 11:42:57.035 28336 28411 I BatteryMgr:DataCollectionService: stats => 1686498177034,-144499,4204
06-11 11:42:58.055 28336 28411 I BatteryMgr:DataCollectionService: stats => 1686498178051,-144499,4204
06-11 11:42:59.077 28336 28411 I BatteryMgr:DataCollectionService: stats => 1686498179076,-144499,4204
06-11 11:43:00.089 28336 28411 I BatteryMgr:DataCollectionService: stats => 1686498180089,-144499,4204
06-11 11:43:01.106 28336 28411 I BatteryMgr:DataCollectionService: stats => 1686498181106,-144499,4204
06-11 11:43:02.124 28336 28411 I BatteryMgr:DataCollectionService: stats => 1686498182123,-144499,4204
06-11 11:43:03.141 28336 28411 I BatteryMgr:DataCollectionService: stats => 1686498183140,-144499,4204
06-11 11:43:04.154 28336 28411 I BatteryMgr:DataCollectionService: stats => 1686498184153,-144499,4204
06-11 11:43:05.169 28336 28411 I BatteryMgr:DataCollectionService: stats => 1686498185168,-144499,4204
06-11 11:43:06.188 28336 28411 I BatteryMgr:DataCollectionService: stats => 1686498186188,-70037,4204
06-11 11:43:07.205 28336 28411 I BatteryMgr:DataCollectionService: stats => 1686498187204,-70037,4204
06-11 11:43:08.214 28336 28411 I BatteryMgr:DataCollectionService: stats => 1686498188213,-70037,4204
06-11 11:43:09.231 28336 28411 I BatteryMgr:DataCollectionService: stats => 1686498189230,-70037,4204
06-11 11:43:10.250 28336 28411 I BatteryMgr:DataCollectionService: stats => 1686498190250,-70037,4204
06-11 11:43:10.944 13079 13079 D BoundBrokerSvc: onUnbind: Intent { act=com.google.android.gms.scheduler.ACTION_PROXY_SCHEDULE dat=chimera-action: cmp=com.google.android.gms/.chimera.PersistentApiService }
06-11 11:43:11.266 28336 28411 I BatteryMgr:DataCollectionService: stats => 1686498191266,-70037,4204
06-11 11:43:12.279 28336 28411 I BatteryMgr:DataCollectionService: stats => 1686498192279,-70037,4204
06-11 11:43:13.291 28336 28411 I BatteryMgr:DataCollectionService: stats => 1686498193290,-70037,4204
06-11 11:43:14.300 28336 28411 I BatteryMgr:DataCollectionService: stats => 1686498194299,-70037,4204
06-11 11:43:15.315 28336 28411 I BatteryMgr:DataCollectionService: stats => 1686498195315,-70037,4204
06-11 11:43:16.331 28336 28411 I BatteryMgr:DataCollectionService: stats => 1686498196331,-70037,4204
06-11 11:43:17.348 28336 28411 I BatteryMgr:DataCollectionService: stats => 1686498197347,-70037,4204
06-11 11:43:18.365 28336 28411 I BatteryMgr:DataCollectionService: stats => 1686498198364,-70037,4204
06-11 11:43:19.377 28336 28411 I BatteryMgr:DataCollectionService: stats => 1686498199377,-70037,4204
06-11 11:43:20.388 28336 28411 I BatteryMgr:DataCollectionService: stats => 1686498200387,-70037,4204
06-11 11:43:21.400 28336 28411 I BatteryMgr:DataCollectionService: stats => 1686498201400,-70037,4204
06-11 11:43:22.418 28336 28411 I BatteryMgr:DataCollectionService: stats => 1686498202418,-70037,4204
06-11 11:43:23.435 28336 28411 I BatteryMgr:DataCollectionService: stats => 1686498203434,-70037,4204
06-11 11:43:24.447 28336 28411 I BatteryMgr:DataCollectionService: stats => 1686498204447,-70037,4204
06-11 11:43:25.465 28336 28411 I BatteryMgr:DataCollectionService: stats => 1686498205465,-70037,4204
06-11 11:43:26.117   753   779 E NotificationService: Suppressing notification from package by user request.
06-11 11:43:26.119   578   578 D NuPlayerDriver: stop(0xefa5d900)
06-11 11:43:26.119   578   578 D NuPlayerDriver: notifyListener_l(0xefa5d900), (8, 0, 0, -1), loop setting(0, 0)
06-11 11:43:26.120  1344  2156 W MessageQueue: Handler (android.media.MediaPlayer$EventHandler) {b24ddcd} sending message to a Handler on a dead thread
06-11 11:43:26.120  1344  2156 W MessageQueue: java.lang.IllegalStateException: Handler (android.media.MediaPlayer$EventHandler) {b24ddcd} sending message to a Handler on a dead thread
06-11 11:43:26.120  1344  2156 W MessageQueue: 	at android.os.MessageQueue.enqueueMessage(MessageQueue.java:545)
06-11 11:43:26.120  1344  2156 W MessageQueue: 	at android.os.Handler.enqueueMessage(Handler.java:662)
06-11 11:43:26.120  1344  2156 W MessageQueue: 	at android.os.Handler.sendMessageAtTime(Handler.java:631)
06-11 11:43:26.120  1344  2156 W MessageQueue: 	at android.os.Handler.sendMessageDelayed(Handler.java:601)
06-11 11:43:26.120  1344  2156 W MessageQueue: 	at android.os.Handler.sendMessage(Handler.java:538)
06-11 11:43:26.120  1344  2156 W MessageQueue: 	at android.media.MediaPlayer.postEventFromNative(MediaPlayer.java:3461)
06-11 11:43:26.121  1344 28606 V MediaPlayer: resetDrmState:  mDrmInfo=null mDrmProvisioningThread=null mPrepareDrmInProgress=false mActiveDrmScheme=false
06-11 11:43:26.121  1344 28606 V MediaPlayer: cleanDrmObj: mDrmObj=null mDrmSessionId=null
06-11 11:43:26.121   578 12754 D NuPlayerDriver: reset(0xefa5d900) at state 8
06-11 11:43:26.134   578 28416 D NuPlayerDriver: notifyResetComplete(0xefa5d900)
06-11 11:43:26.346   753  1355 I ActivityManager: Force stopping e.www.cpufactorialtest appid=10180 user=0: from pid 28620
06-11 11:43:26.347   753  1355 I ActivityManager: Killing 28367:e.www.cpufactorialtest/u0a180 (adj 0): stop e.www.cpufactorialtest
06-11 11:43:26.347   753   781 W zygote64: kill(-28367, 9) failed: No such process
06-11 11:43:26.347   753  1355 W ActivityManager: Force removing ActivityRecord{c4c2875 u0 e.www.cpufactorialtest/.MainActivity t799}: app died, no saved state
06-11 11:43:26.351   753  1355 I WindowManager: Failed to capture screenshot of Token{3f100a ActivityRecord{c4c2875 u0 e.www.cpufactorialtest/.MainActivity t799 f}} appWin=Window{f185c12 u0 e.www.cpufactorialtest/e.www.cpufactorialtest.MainActivity} drawState=4
06-11 11:43:26.379 18762 18762 I AppBase : AppBase.onTrimMemory():449 onTrimMemory(): 10
06-11 11:43:26.382 18762 18762 I GoogleInputMethodService: GoogleInputMethodService.onTrimMemory():4540 onTrimMemory(): 10
06-11 11:43:26.385  1539  1539 D CarrierSvcBindHelper: No carrier app for: 0
06-11 11:43:26.392   753   781 W zygote64: kill(-28367, 9) failed: No such process
06-11 11:43:26.393   753   789 W ActivityManager: setHasOverlayUi called on unknown pid: 28367
06-11 11:43:26.403  3126  3126 D RegisteredNfcFServicesCache: Service unchanged, not updating
06-11 11:43:26.409 28336 28354 I Adreno  : QUALCOMM build                   : 8e59954, I0be83d0d26
06-11 11:43:26.409 28336 28354 I Adreno  : Build Date                       : 09/22/17
06-11 11:43:26.409 28336 28354 I Adreno  : OpenGL ES Shader Compiler Version: EV031.21.02.00
06-11 11:43:26.409 28336 28354 I Adreno  : Local Branch                     : O17A
06-11 11:43:26.409 28336 28354 I Adreno  : Remote Branch                    : 
06-11 11:43:26.409 28336 28354 I Adreno  : Remote Branch                    : 
06-11 11:43:26.409 28336 28354 I Adreno  : Reconstruct Branch               : 
06-11 11:43:26.410 28336 28354 D vndksupport: Loading /vendor/lib64/hw/gralloc.msm8992.so from current namespace instead of sphal namespace.
06-11 11:43:26.414 28336 28354 I Adreno  : PFP: 0x00000000, ME: 0x00000000
06-11 11:43:26.423 28336 28354 I zygote64: android::hardware::configstore::V1_0::ISurfaceFlingerConfigs::hasWideColorDisplay retrieved: 0
06-11 11:43:26.425 28336 28354 I OpenGLRenderer: Initialized EGL, version 1.4
06-11 11:43:26.425 28336 28354 D OpenGLRenderer: Swap behavior 2
06-11 11:43:26.429 18762 18762 I GoogleInputMethodService: GoogleInputMethodService.onFinishInput():3307 
06-11 11:43:26.430 18762 18762 I GoogleInputMethodService: GoogleInputMethodService.updateDeviceLockedStatus():2137 repeatCheckTimes = 0, locked = false
06-11 11:43:26.430 18762 18762 I GoogleInputMethodService: GoogleInputMethodService.onStartInput():1917 onStartInput(EditorInfo{inputType=0x0(NULL) imeOptions=0x0 privateImeOptions=null actionName=UNSPECIFIED actionLabel=null actionId=0 initialSelStart=-1 initialSelEnd=-1 initialCapsMode=0x0 hintText=null label=null packageName=com.example.batterymanager_utility fieldId=-1 fieldName=null extras=null hintLocales=[]}, false)
06-11 11:43:26.430 18762 18762 I GoogleInputMethodService: GoogleInputMethodService.shouldHideHeaderOnInitialState():1998 ShouldHideHeaderOnInitialState = false
06-11 11:43:26.435 18762 18762 I GoogleInputMethodService: GoogleInputMethodService.updateDeviceLockedStatus():2137 repeatCheckTimes = 1, locked = false
06-11 11:43:26.435   753   781 W zygote64: kill(-28367, 9) failed: No such process
06-11 11:43:26.435   753   781 I zygote64: Successfully killed process cgroup uid 10180 pid 28367 in 88ms
06-11 11:43:29.682   753  3810 I ActivityManager: Force stopping com.example.batterymanager_utility appid=10111 user=0: from pid 28629
06-11 11:43:29.682   753  3810 I ActivityManager: Killing 28336:com.example.batterymanager_utility/u0a111 (adj 0): stop com.example.batterymanager_utility
06-11 11:43:29.684   753   781 W zygote64: kill(-28336, 9) failed: No such process
06-11 11:43:29.685   753  3810 W ActivityManager: Force removing ActivityRecord{289b438 u0 com.example.batterymanager_utility/.MainActivity t798}: app died, no saved state
06-11 11:43:29.691   753  3810 I WindowManager: Failed to capture screenshot of Token{4dafc11 ActivityRecord{289b438 u0 com.example.batterymanager_utility/.MainActivity t798 f}} appWin=Window{e649cb2 u0 com.example.batterymanager_utility/com.example.batterymanager_utility.MainActivity} drawState=4
06-11 11:43:29.729   753   781 W zygote64: kill(-28336, 9) failed: No such process
06-11 11:43:29.729   753   781 I zygote64: Successfully killed process cgroup uid 10111 pid 28336 in 44ms
06-11 11:43:29.749   753   789 W ActivityManager: setHasOverlayUi called on unknown pid: 28336
06-11 11:43:29.756  1539  1539 D CarrierSvcBindHelper: No carrier app for: 0
06-11 11:43:29.764 26984 26984 D PrimesStartupMeasure: Error handling StartupMeasure's onActivityResume
06-11 11:43:29.764 26984 26984 D PrimesStartupMeasure: java.lang.NullPointerException: Attempt to invoke virtual method 'android.view.ViewTreeObserver android.view.View.getViewTreeObserver()' on a null object reference
06-11 11:43:29.764 26984 26984 D PrimesStartupMeasure: 	at com.google.android.libraries.performance.primes.metrics.h.m.onActivityResumed(PG:3)
06-11 11:43:29.764 26984 26984 D PrimesStartupMeasure: 	at android.app.Application.dispatchActivityResumed(Application.java:216)
06-11 11:43:29.764 26984 26984 D PrimesStartupMeasure: 	at android.app.Activity.onResume(Activity.java:1313)
06-11 11:43:29.764 26984 26984 D PrimesStartupMeasure: 	at com.android.launcher3.Launcher.onResume(PG:1)
06-11 11:43:29.764 26984 26984 D PrimesStartupMeasure: 	at android.app.Instrumentation.callActivityOnResume(Instrumentation.java:1355)
06-11 11:43:29.764 26984 26984 D PrimesStartupMeasure: 	at android.app.Activity.performResume(Activity.java:7117)
06-11 11:43:29.764 26984 26984 D PrimesStartupMeasure: 	at android.app.ActivityThread.performResumeActivity(ActivityThread.java:3556)
06-11 11:43:29.764 26984 26984 D PrimesStartupMeasure: 	at android.app.ActivityThread.handleResumeActivity(ActivityThread.java:3621)
06-11 11:43:29.764 26984 26984 D PrimesStartupMeasure: 	at android.app.ActivityThread$H.handleMessage(ActivityThread.java:1638)
06-11 11:43:29.764 26984 26984 D PrimesStartupMeasure: 	at android.os.Handler.dispatchMessage(Handler.java:106)
06-11 11:43:29.764 26984 26984 D PrimesStartupMeasure: 	at android.os.Looper.loop(Looper.java:164)
06-11 11:43:29.764 26984 26984 D PrimesStartupMeasure: 	at android.app.ActivityThread.main(ActivityThread.java:6494)
06-11 11:43:29.764 26984 26984 D PrimesStartupMeasure: 	at java.lang.reflect.Method.invoke(Native Method)
06-11 11:43:29.764 26984 26984 D PrimesStartupMeasure: 	at com.android.internal.os.RuntimeInit$MethodAndArgsCaller.run(RuntimeInit.java:438)
06-11 11:43:29.764 26984 26984 D PrimesStartupMeasure: 	at com.android.internal.os.ZygoteInit.main(ZygoteInit.java:807)
06-11 11:43:29.772   428   428 D SurfaceFlinger: duplicate layer name: changing com.google.android.googlequicksearchbox/com.google.android.launcher.GEL to com.google.android.googlequicksearchbox/com.google.android.launcher.GEL#1
06-11 11:43:29.778  3126  3126 D RegisteredNfcFServicesCache: Service unchanged, not updating
06-11 11:43:29.784 26984 27105 I Adreno  : QUALCOMM build                   : 8e59954, I0be83d0d26
06-11 11:43:29.784 26984 27105 I Adreno  : Build Date                       : 09/22/17
06-11 11:43:29.784 26984 27105 I Adreno  : OpenGL ES Shader Compiler Version: EV031.21.02.00
06-11 11:43:29.784 26984 27105 I Adreno  : Local Branch                     : O17A
06-11 11:43:29.784 26984 27105 I Adreno  : Remote Branch                    : 
06-11 11:43:29.784 26984 27105 I Adreno  : Remote Branch                    : 
06-11 11:43:29.784 26984 27105 I Adreno  : Reconstruct Branch               : 
06-11 11:43:29.788 26984 27105 D vndksupport: Loading /vendor/lib64/hw/gralloc.msm8992.so from current namespace instead of sphal namespace.
06-11 11:43:29.793 26984 27105 I Adreno  : PFP: 0x00000000, ME: 0x00000000
06-11 11:43:29.795 26984 27105 I zygote64: android::hardware::configstore::V1_0::ISurfaceFlingerConfigs::hasWideColorDisplay retrieved: 0
06-11 11:43:29.796 26984 27105 I OpenGLRenderer: Initialized EGL, version 1.4
06-11 11:43:29.796 26984 27105 D OpenGLRenderer: Swap behavior 2
06-11 11:43:29.803 27061 27061 I GsaVoiceInteractionSrv: Handling ACTION_START_HOTWORD
06-11 11:43:29.804 27061 27107 I GsaVoiceInteractionSrv: (REDACTED) disregardHotwordSetting: %b
06-11 11:43:29.804 27061 27107 I GsaVoiceInteractionSrv: Cannot start hotword, hotword has been explicitly disabled.
06-11 11:43:29.805 18762 18762 I GoogleInputMethodService: GoogleInputMethodService.onFinishInput():3307 
06-11 11:43:29.806 18762 18762 I GoogleInputMethodService: GoogleInputMethodService.updateDeviceLockedStatus():2137 repeatCheckTimes = 0, locked = false
06-11 11:43:29.807 18762 18762 I GoogleInputMethodService: GoogleInputMethodService.onStartInput():1917 onStartInput(EditorInfo{inputType=0x0(NULL) imeOptions=0x0 privateImeOptions=null actionName=UNSPECIFIED actionLabel=null actionId=0 initialSelStart=-1 initialSelEnd=-1 initialCapsMode=0x0 hintText=null label=null packageName=com.google.android.googlequicksearchbox fieldId=-1 fieldName=null extras=null hintLocales=[]}, false)
06-11 11:43:29.807 18762 18762 I GoogleInputMethodService: GoogleInputMethodService.shouldHideHeaderOnInitialState():1998 ShouldHideHeaderOnInitialState = false
06-11 11:43:29.807 18762 18762 I GoogleInputMethodService: GoogleInputMethodService.updateDeviceLockedStatus():2137 repeatCheckTimes = 1, locked = false
06-11 11:43:29.825   753 27542 I OpenGLRenderer: Initialized EGL, version 1.4
06-11 11:43:29.825   753 27542 D OpenGLRenderer: Swap behavior 2
06-11 11:43:30.355 26984 27105 W OpenGLRenderer: Incorrectly called buildLayer on View: ShortcutAndWidgetContainer, destroying layer...
