07-05 18:31:46.909 24704 24797 I BatteryMgr:DataCollectionService: stats => 1688574706908,-124999,4275
07-05 18:31:46.926 24704 24797 I BatteryMgr:DataCollectionService: stats => 1688574706926,-124999,4275
07-05 18:31:46.941 24704 24797 I BatteryMgr:DataCollectionService: stats => 1688574706941,-124999,4275
07-05 18:31:46.956 24704 24797 I BatteryMgr:DataCollectionService: stats => 1688574706956,-124999,4275
07-05 18:31:46.973 24704 24797 I BatteryMgr:DataCollectionService: stats => 1688574706973,-124999,4275
07-05 18:31:46.989 24704 24797 I BatteryMgr:DataCollectionService: stats => 1688574706989,-124999,4275
07-05 18:31:47.004 24704 24797 I BatteryMgr:DataCollectionService: stats => 1688574707004,-124999,4275
07-05 18:31:47.023 24704 24797 I BatteryMgr:DataCollectionService: stats => 1688574707023,-124999,4275
07-05 18:31:47.043 24704 24797 I BatteryMgr:DataCollectionService: stats => 1688574707043,-124999,4275
07-05 18:31:47.059 24704 24797 I BatteryMgr:DataCollectionService: stats => 1688574707059,-124999,4275
07-05 18:31:47.076 24704 24797 I BatteryMgr:DataCollectionService: stats => 1688574707076,-124999,4275
07-05 18:31:47.095 24704 24797 I BatteryMgr:DataCollectionService: stats => 1688574707095,-124999,4275
07-05 18:31:47.114 24704 24797 I BatteryMgr:DataCollectionService: stats => 1688574707114,-124999,4275
07-05 18:31:47.133 24704 24797 I BatteryMgr:DataCollectionService: stats => 1688574707133,-124999,4275
07-05 18:31:47.150 24704 24797 I BatteryMgr:DataCollectionService: stats => 1688574707149,-124999,4275
07-05 18:31:47.164 24704 24797 I BatteryMgr:DataCollectionService: stats => 1688574707164,-124999,4275
07-05 18:31:47.180 24704 24797 I BatteryMgr:DataCollectionService: stats => 1688574707180,-124999,4275
07-05 18:31:47.194 24704 24797 I BatteryMgr:DataCollectionService: stats => 1688574707194,-124999,4275
07-05 18:31:47.210 24704 24797 I BatteryMgr:DataCollectionService: stats => 1688574707210,-124999,4275
07-05 18:31:47.225 24704 24797 I BatteryMgr:DataCollectionService: stats => 1688574707225,-124999,4275
07-05 18:31:47.243 24704 24797 I BatteryMgr:DataCollectionService: stats => 1688574707243,-124999,4275
07-05 18:31:47.259 24704 24797 I BatteryMgr:DataCollectionService: stats => 1688574707259,-124999,4275
07-05 18:31:47.276 24704 24797 I BatteryMgr:DataCollectionService: stats => 1688574707276,-124999,4275
07-05 18:31:47.293 24704 24797 I BatteryMgr:DataCollectionService: stats => 1688574707293,-124999,4275
07-05 18:31:47.308 24704 24797 I BatteryMgr:DataCollectionService: stats => 1688574707308,-124999,4275
07-05 18:31:47.326 24704 24797 I BatteryMgr:DataCollectionService: stats => 1688574707326,-124999,4275
07-05 18:31:47.343 24704 24797 I BatteryMgr:DataCollectionService: stats => 1688574707343,-124999,4275
07-05 18:31:47.359 24704 24797 I BatteryMgr:DataCollectionService: stats => 1688574707359,-124999,4275
07-05 18:31:47.375 24704 24797 I BatteryMgr:DataCollectionService: stats => 1688574707375,-124999,4275
07-05 18:31:47.391 24704 24797 I BatteryMgr:DataCollectionService: stats => 1688574707391,-124999,4275
07-05 18:31:47.404 24704 24797 I BatteryMgr:DataCollectionService: stats => 1688574707404,-124999,4275
07-05 18:31:47.420 24704 24797 I BatteryMgr:DataCollectionService: stats => 1688574707420,-124999,4275
07-05 18:31:47.434 24704 24797 I BatteryMgr:DataCollectionService: stats => 1688574707434,-124999,4275
07-05 18:31:47.449 24704 24797 I BatteryMgr:DataCollectionService: stats => 1688574707449,-124999,4275
07-05 18:31:47.463 24704 24797 I BatteryMgr:DataCollectionService: stats => 1688574707463,-124999,4275
07-05 18:31:47.480 24704 24797 I BatteryMgr:DataCollectionService: stats => 1688574707480,-124999,4275
07-05 18:31:47.493 24704 24797 I BatteryMgr:DataCollectionService: stats => 1688574707493,-124999,4275
07-05 18:31:47.509 24704 24797 I BatteryMgr:DataCollectionService: stats => 1688574707509,-124999,4275
07-05 18:31:47.524 24704 24797 I BatteryMgr:DataCollectionService: stats => 1688574707524,-124999,4275
07-05 18:31:47.539 24704 24797 I BatteryMgr:DataCollectionService: stats => 1688574707539,-124999,4275
07-05 18:31:47.555 24704 24797 I BatteryMgr:DataCollectionService: stats => 1688574707555,-124999,4275
07-05 18:31:47.570 24704 24797 I BatteryMgr:DataCollectionService: stats => 1688574707570,-124999,4275
07-05 18:31:47.583 24704 24797 I BatteryMgr:DataCollectionService: stats => 1688574707583,-124999,4275
07-05 18:31:47.597 24704 24797 I BatteryMgr:DataCollectionService: stats => 1688574707597,-124999,4275
07-05 18:31:47.611 24704 24797 I BatteryMgr:DataCollectionService: stats => 1688574707611,-124999,4275
07-05 18:31:47.624 24704 24797 I BatteryMgr:DataCollectionService: stats => 1688574707624,-124999,4275
07-05 18:31:47.639 24704 24797 I BatteryMgr:DataCollectionService: stats => 1688574707639,-124999,4275
07-05 18:31:47.653 24704 24797 I BatteryMgr:DataCollectionService: stats => 1688574707653,-124999,4275
07-05 18:31:47.670 24704 24797 I BatteryMgr:DataCollectionService: stats => 1688574707669,-124999,4275
07-05 18:31:47.683 24704 24797 I BatteryMgr:DataCollectionService: stats => 1688574707683,-124999,4275
07-05 18:31:47.700 24704 24797 I BatteryMgr:DataCollectionService: stats => 1688574707700,-124999,4275
07-05 18:31:47.714 24704 24797 I BatteryMgr:DataCollectionService: stats => 1688574707714,-124999,4275
07-05 18:31:47.728 24704 24797 I BatteryMgr:DataCollectionService: stats => 1688574707728,-124999,4275
07-05 18:31:47.743 24704 24797 I BatteryMgr:DataCollectionService: stats => 1688574707743,-124999,4275
07-05 18:31:47.757 24704 24797 I BatteryMgr:DataCollectionService: stats => 1688574707757,-124999,4275
07-05 18:31:47.771 24704 24797 I BatteryMgr:DataCollectionService: stats => 1688574707771,-124999,4275
07-05 18:31:47.785 24704 24797 I BatteryMgr:DataCollectionService: stats => 1688574707785,-124999,4275
07-05 18:31:47.801 24704 24797 I BatteryMgr:DataCollectionService: stats => 1688574707801,-124999,4275
07-05 18:31:47.815 24704 24797 I BatteryMgr:DataCollectionService: stats => 1688574707815,-124999,4275
07-05 18:31:47.831 24704 24797 I BatteryMgr:DataCollectionService: stats => 1688574707830,-124999,4275
07-05 18:31:47.847 24704 24797 I BatteryMgr:DataCollectionService: stats => 1688574707847,-124999,4275
07-05 18:31:47.865 24704 24797 I BatteryMgr:DataCollectionService: stats => 1688574707865,-124999,4275
07-05 18:31:47.885 24704 24797 I BatteryMgr:DataCollectionService: stats => 1688574707885,-124999,4275
07-05 18:31:47.907 24704 24797 I BatteryMgr:DataCollectionService: stats => 1688574707907,-124999,4275
07-05 18:31:47.926 24704 24797 I BatteryMgr:DataCollectionService: stats => 1688574707926,-124999,4275
07-05 18:31:47.941 24704 24797 I BatteryMgr:DataCollectionService: stats => 1688574707941,-124999,4275
07-05 18:31:47.955 24704 24797 I BatteryMgr:DataCollectionService: stats => 1688574707955,-124999,4275
07-05 18:31:47.972 24704 24797 I BatteryMgr:DataCollectionService: stats => 1688574707972,-124999,4275
07-05 18:31:47.987 24704 24797 I BatteryMgr:DataCollectionService: stats => 1688574707987,-124999,4275
07-05 18:31:48.006 24704 24797 I BatteryMgr:DataCollectionService: stats => 1688574708006,-124999,4275
07-05 18:31:48.025 24704 24797 I BatteryMgr:DataCollectionService: stats => 1688574708025,-124999,4275
07-05 18:31:48.042 24704 24797 I BatteryMgr:DataCollectionService: stats => 1688574708042,-124999,4275
07-05 18:31:48.058 24704 24797 I BatteryMgr:DataCollectionService: stats => 1688574708058,-124999,4275
07-05 18:31:48.076 24704 24797 I BatteryMgr:DataCollectionService: stats => 1688574708075,-124999,4275
07-05 18:31:48.092 24704 24797 I BatteryMgr:DataCollectionService: stats => 1688574708092,-126953,4275
07-05 18:31:48.107 24704 24797 I BatteryMgr:DataCollectionService: stats => 1688574708107,-126953,4275
07-05 18:31:48.125 24704 24797 I BatteryMgr:DataCollectionService: stats => 1688574708125,-126953,4275
07-05 18:31:48.142 24704 24797 I BatteryMgr:DataCollectionService: stats => 1688574708142,-126953,4275
07-05 18:31:48.157 24704 24797 I BatteryMgr:DataCollectionService: stats => 1688574708157,-126953,4275
07-05 18:31:48.173 24704 24797 I BatteryMgr:DataCollectionService: stats => 1688574708173,-126953,4275
07-05 18:31:48.189 24704 24797 I BatteryMgr:DataCollectionService: stats => 1688574708188,-126953,4275
07-05 18:31:48.206 24704 24797 I BatteryMgr:DataCollectionService: stats => 1688574708206,-126953,4275
07-05 18:31:48.225 24704 24797 I BatteryMgr:DataCollectionService: stats => 1688574708224,-126953,4275
07-05 18:31:48.241 24704 24797 I BatteryMgr:DataCollectionService: stats => 1688574708241,-126953,4275
07-05 18:31:48.257 24704 24797 I BatteryMgr:DataCollectionService: stats => 1688574708257,-126953,4275
07-05 18:31:48.275 24704 24797 I BatteryMgr:DataCollectionService: stats => 1688574708275,-126953,4275
07-05 18:31:48.292 24704 24797 I BatteryMgr:DataCollectionService: stats => 1688574708292,-126953,4275
07-05 18:31:48.307 24704 24797 I BatteryMgr:DataCollectionService: stats => 1688574708307,-126953,4275
07-05 18:31:48.325 24704 24797 I BatteryMgr:DataCollectionService: stats => 1688574708324,-126953,4275
07-05 18:31:48.342 24704 24797 I BatteryMgr:DataCollectionService: stats => 1688574708342,-126953,4275
07-05 18:31:48.356 24704 24797 I BatteryMgr:DataCollectionService: stats => 1688574708356,-126953,4275
07-05 18:31:48.373 24704 24797 I BatteryMgr:DataCollectionService: stats => 1688574708373,-126953,4275
07-05 18:31:48.388 24704 24797 I BatteryMgr:DataCollectionService: stats => 1688574708388,-126953,4275
07-05 18:31:48.403 24704 24797 I BatteryMgr:DataCollectionService: stats => 1688574708403,-126953,4275
07-05 18:31:48.418 24704 24797 I BatteryMgr:DataCollectionService: stats => 1688574708418,-126953,4275
07-05 18:31:48.433 24704 24797 I BatteryMgr:DataCollectionService: stats => 1688574708433,-126953,4275
07-05 18:31:48.448 24704 24797 I BatteryMgr:DataCollectionService: stats => 1688574708448,-126953,4275
07-05 18:31:48.462 24704 24797 I BatteryMgr:DataCollectionService: stats => 1688574708462,-126953,4275
07-05 18:31:48.476 24704 24797 I BatteryMgr:DataCollectionService: stats => 1688574708476,-126953,4275
07-05 18:31:48.489 24704 24797 I BatteryMgr:DataCollectionService: stats => 1688574708489,-126953,4275
07-05 18:31:48.503 24704 24797 I BatteryMgr:DataCollectionService: stats => 1688574708503,-126953,4275
07-05 18:31:48.516 24704 24797 I BatteryMgr:DataCollectionService: stats => 1688574708516,-126953,4275
07-05 18:31:48.531 24704 24797 I BatteryMgr:DataCollectionService: stats => 1688574708531,-126953,4275
07-05 18:31:48.544 24704 24797 I BatteryMgr:DataCollectionService: stats => 1688574708544,-126953,4275
07-05 18:31:48.559 24704 24797 I BatteryMgr:DataCollectionService: stats => 1688574708559,-126953,4275
07-05 18:31:48.574 24704 24797 I BatteryMgr:DataCollectionService: stats => 1688574708574,-126953,4275
07-05 18:31:48.591 24704 24797 I BatteryMgr:DataCollectionService: stats => 1688574708591,-126953,4275
07-05 18:31:48.605 24704 24797 I BatteryMgr:DataCollectionService: stats => 1688574708605,-126953,4275
07-05 18:31:48.619 24704 24797 I BatteryMgr:DataCollectionService: stats => 1688574708619,-126953,4275
07-05 18:31:48.634 24704 24797 I BatteryMgr:DataCollectionService: stats => 1688574708634,-126953,4275
07-05 18:31:48.651 24704 24797 I BatteryMgr:DataCollectionService: stats => 1688574708651,-126953,4275
07-05 18:31:48.666 24704 24797 I BatteryMgr:DataCollectionService: stats => 1688574708666,-126953,4275
07-05 18:31:48.685 24704 24797 I BatteryMgr:DataCollectionService: stats => 1688574708685,-126953,4275
07-05 18:31:48.705 24704 24797 I BatteryMgr:DataCollectionService: stats => 1688574708705,-126953,4275
07-05 18:31:48.724 24704 24797 I BatteryMgr:DataCollectionService: stats => 1688574708724,-126953,4275
07-05 18:31:48.742 24704 24797 I BatteryMgr:DataCollectionService: stats => 1688574708742,-126953,4275
07-05 18:31:48.757 24704 24797 I BatteryMgr:DataCollectionService: stats => 1688574708757,-126953,4275
07-05 18:31:48.773 24704 24797 I BatteryMgr:DataCollectionService: stats => 1688574708773,-126953,4275
07-05 18:31:48.788 24704 24797 I BatteryMgr:DataCollectionService: stats => 1688574708788,-126953,4275
07-05 18:31:48.806 24704 24797 I BatteryMgr:DataCollectionService: stats => 1688574708806,-126953,4275
07-05 18:31:48.825 24704 24797 I BatteryMgr:DataCollectionService: stats => 1688574708825,-126953,4275
07-05 18:31:48.843 24704 24797 I BatteryMgr:DataCollectionService: stats => 1688574708843,-126953,4275
07-05 18:31:48.859 24704 24797 I BatteryMgr:DataCollectionService: stats => 1688574708859,-126953,4275
07-05 18:31:48.874 24704 24797 I BatteryMgr:DataCollectionService: stats => 1688574708874,-126953,4275
07-05 18:31:48.890 24704 24797 I BatteryMgr:DataCollectionService: stats => 1688574708890,-126953,4275
07-05 18:31:48.905 24704 24797 I BatteryMgr:DataCollectionService: stats => 1688574708905,-126953,4275
07-05 18:31:48.924 24704 24797 I BatteryMgr:DataCollectionService: stats => 1688574708924,-126953,4275
07-05 18:31:48.942 24704 24797 I BatteryMgr:DataCollectionService: stats => 1688574708942,-126953,4275
07-05 18:31:48.958 24704 24797 I BatteryMgr:DataCollectionService: stats => 1688574708958,-126953,4275
07-05 18:31:48.974 24704 24797 I BatteryMgr:DataCollectionService: stats => 1688574708974,-126953,4275
07-05 18:31:48.994 24704 24797 I BatteryMgr:DataCollectionService: stats => 1688574708994,-126953,4275
07-05 18:31:49.010 24704 24797 I BatteryMgr:DataCollectionService: stats => 1688574709010,-126953,4275
07-05 18:31:49.024 24704 24797 I BatteryMgr:DataCollectionService: stats => 1688574709024,-126953,4275
07-05 18:31:49.043 24704 24797 I BatteryMgr:DataCollectionService: stats => 1688574709043,-126953,4275
07-05 18:31:49.058 24704 24797 I BatteryMgr:DataCollectionService: stats => 1688574709058,-126953,4275
07-05 18:31:49.072 24704 24797 I BatteryMgr:DataCollectionService: stats => 1688574709072,-126953,4275
07-05 18:31:49.088 24704 24797 I BatteryMgr:DataCollectionService: stats => 1688574709087,-126953,4275
07-05 18:31:49.105 24704 24797 I BatteryMgr:DataCollectionService: stats => 1688574709105,-126953,4275
07-05 18:31:49.124 24704 24797 I BatteryMgr:DataCollectionService: stats => 1688574709124,-126953,4275
07-05 18:31:49.142 24704 24797 I BatteryMgr:DataCollectionService: stats => 1688574709141,-126953,4275
07-05 18:31:49.156 24704 24797 I BatteryMgr:DataCollectionService: stats => 1688574709156,-126953,4275
07-05 18:31:49.175 24704 24797 I BatteryMgr:DataCollectionService: stats => 1688574709175,-126953,4275
07-05 18:31:49.194 24704 24797 I BatteryMgr:DataCollectionService: stats => 1688574709194,-126953,4275
07-05 18:31:49.209 24704 24797 I BatteryMgr:DataCollectionService: stats => 1688574709209,-126953,4275
07-05 18:31:49.224 24704 24797 I BatteryMgr:DataCollectionService: stats => 1688574709224,-126953,4275
07-05 18:31:49.242 24704 24797 I BatteryMgr:DataCollectionService: stats => 1688574709241,-126953,4275
07-05 18:31:49.257 24704 24797 I BatteryMgr:DataCollectionService: stats => 1688574709257,-126953,4275
07-05 18:31:49.275 24704 24797 I BatteryMgr:DataCollectionService: stats => 1688574709275,-126953,4275
07-05 18:31:49.291 24704 24797 I BatteryMgr:DataCollectionService: stats => 1688574709291,-126953,4275
07-05 18:31:49.305 24704 24797 I BatteryMgr:DataCollectionService: stats => 1688574709305,-126953,4275
07-05 18:31:49.325 24704 24797 I BatteryMgr:DataCollectionService: stats => 1688574709325,-126953,4275
07-05 18:31:49.343 24704 24797 I BatteryMgr:DataCollectionService: stats => 1688574709342,-126953,4275
07-05 18:31:49.358 24704 24797 I BatteryMgr:DataCollectionService: stats => 1688574709357,-126953,4275
07-05 18:31:49.375 24704 24797 I BatteryMgr:DataCollectionService: stats => 1688574709375,-126953,4275
07-05 18:31:49.394 24704 24797 I BatteryMgr:DataCollectionService: stats => 1688574709394,-126953,4275
07-05 18:31:49.409 24704 24797 I BatteryMgr:DataCollectionService: stats => 1688574709409,-126953,4275
07-05 18:31:49.424 24704 24797 I BatteryMgr:DataCollectionService: stats => 1688574709424,-126953,4275
07-05 18:31:49.441 24704 24797 I BatteryMgr:DataCollectionService: stats => 1688574709441,-126953,4275
07-05 18:31:49.456 24704 24797 I BatteryMgr:DataCollectionService: stats => 1688574709456,-126953,4275
07-05 18:31:49.478 24704 24797 I BatteryMgr:DataCollectionService: stats => 1688574709478,-126953,4275
07-05 18:31:49.492 24704 24797 I BatteryMgr:DataCollectionService: stats => 1688574709492,-126953,4275
07-05 18:31:49.506 24704 24797 I BatteryMgr:DataCollectionService: stats => 1688574709506,-126953,4275
07-05 18:31:49.523 24704 24797 I BatteryMgr:DataCollectionService: stats => 1688574709523,-126953,4275
07-05 18:31:49.537 24704 24797 I BatteryMgr:DataCollectionService: stats => 1688574709537,-126953,4275
07-05 18:31:49.552 24704 24797 I BatteryMgr:DataCollectionService: stats => 1688574709552,-146972,4275
07-05 18:31:49.565 24704 24797 I BatteryMgr:DataCollectionService: stats => 1688574709565,-146972,4275
07-05 18:31:49.581 24704 24797 I BatteryMgr:DataCollectionService: stats => 1688574709581,-146972,4275
07-05 18:31:49.595 24704 24797 I BatteryMgr:DataCollectionService: stats => 1688574709595,-146972,4275
07-05 18:31:49.609 24704 24797 I BatteryMgr:DataCollectionService: stats => 1688574709609,-146972,4275
07-05 18:31:49.623 24704 24797 I BatteryMgr:DataCollectionService: stats => 1688574709623,-146972,4275
07-05 18:31:49.637 24704 24797 I BatteryMgr:DataCollectionService: stats => 1688574709637,-146972,4275
07-05 18:31:49.652 24704 24797 I BatteryMgr:DataCollectionService: stats => 1688574709652,-146972,4275
07-05 18:31:49.665 24704 24797 I BatteryMgr:DataCollectionService: stats => 1688574709665,-146972,4275
07-05 18:31:49.680 24704 24797 I BatteryMgr:DataCollectionService: stats => 1688574709680,-146972,4275
07-05 18:31:49.696 24704 24797 I BatteryMgr:DataCollectionService: stats => 1688574709696,-146972,4275
07-05 18:31:49.712 24704 24797 I BatteryMgr:DataCollectionService: stats => 1688574709712,-146972,4275
07-05 18:31:49.726 24704 24797 I BatteryMgr:DataCollectionService: stats => 1688574709726,-146972,4275
07-05 18:31:49.741 24704 24797 I BatteryMgr:DataCollectionService: stats => 1688574709740,-146972,4275
07-05 18:31:49.754 24704 24797 I BatteryMgr:DataCollectionService: stats => 1688574709754,-146972,4275
07-05 18:31:49.772 24704 24797 I BatteryMgr:DataCollectionService: stats => 1688574709772,-146972,4275
07-05 18:31:49.787 24704 24797 I BatteryMgr:DataCollectionService: stats => 1688574709787,-146972,4275
07-05 18:31:49.805 24704 24797 I BatteryMgr:DataCollectionService: stats => 1688574709805,-146972,4275
07-05 18:31:49.824 24704 24797 I BatteryMgr:DataCollectionService: stats => 1688574709824,-146972,4275
07-05 18:31:49.842 24704 24797 I BatteryMgr:DataCollectionService: stats => 1688574709842,-146972,4275
07-05 18:31:49.857 24704 24797 I BatteryMgr:DataCollectionService: stats => 1688574709857,-146972,4275
07-05 18:31:49.875 24704 24797 I BatteryMgr:DataCollectionService: stats => 1688574709875,-146972,4275
07-05 18:31:49.894 24704 24797 I BatteryMgr:DataCollectionService: stats => 1688574709894,-146972,4275
07-05 18:31:49.911 24704 24797 I BatteryMgr:DataCollectionService: stats => 1688574709911,-146972,4275
07-05 18:31:49.927 24704 24797 I BatteryMgr:DataCollectionService: stats => 1688574709927,-146972,4275
07-05 18:31:49.944 24704 24797 I BatteryMgr:DataCollectionService: stats => 1688574709944,-146972,4275
07-05 18:31:49.962 24704 24797 I BatteryMgr:DataCollectionService: stats => 1688574709962,-146972,4275
07-05 18:31:49.977 24704 24797 I BatteryMgr:DataCollectionService: stats => 1688574709977,-146972,4275
07-05 18:31:49.995 24704 24797 I BatteryMgr:DataCollectionService: stats => 1688574709995,-146972,4275
07-05 18:31:50.015 24704 24797 I BatteryMgr:DataCollectionService: stats => 1688574710015,-146972,4275
07-05 18:31:50.034 24704 24797 I BatteryMgr:DataCollectionService: stats => 1688574710034,-146972,4275
07-05 18:31:50.053 24704 24797 I BatteryMgr:DataCollectionService: stats => 1688574710053,-146972,4275
07-05 18:31:50.073 24704 24797 I BatteryMgr:DataCollectionService: stats => 1688574710073,-146972,4275
07-05 18:31:50.089 24704 24797 I BatteryMgr:DataCollectionService: stats => 1688574710089,-146972,4275
07-05 18:31:50.104 24704 24797 I BatteryMgr:DataCollectionService: stats => 1688574710104,-146972,4275
07-05 18:31:50.122 24704 24797 I BatteryMgr:DataCollectionService: stats => 1688574710122,-146972,4275
07-05 18:31:50.138 24704 24797 I BatteryMgr:DataCollectionService: stats => 1688574710138,-146972,4275
07-05 18:31:50.155 24704 24797 I BatteryMgr:DataCollectionService: stats => 1688574710155,-146972,4275
07-05 18:31:50.176 24704 24797 I BatteryMgr:DataCollectionService: stats => 1688574710176,-146972,4275
07-05 18:31:50.197 24704 24797 I BatteryMgr:DataCollectionService: stats => 1688574710197,-146972,4275
07-05 18:31:50.215 24704 24797 I BatteryMgr:DataCollectionService: stats => 1688574710215,-146972,4275
07-05 18:31:50.234 24704 24797 I BatteryMgr:DataCollectionService: stats => 1688574710234,-146972,4275
07-05 18:31:50.254 24704 24797 I BatteryMgr:DataCollectionService: stats => 1688574710253,-146972,4275
07-05 18:31:50.272 24704 24797 I BatteryMgr:DataCollectionService: stats => 1688574710272,-146972,4275
07-05 18:31:50.288 24704 24797 I BatteryMgr:DataCollectionService: stats => 1688574710288,-146972,4275
07-05 18:31:50.305 24704 24797 I BatteryMgr:DataCollectionService: stats => 1688574710305,-146972,4275
07-05 18:31:50.322 24704 24797 I BatteryMgr:DataCollectionService: stats => 1688574710322,-146972,4275
07-05 18:31:50.337 24704 24797 I BatteryMgr:DataCollectionService: stats => 1688574710337,-146972,4275
07-05 18:31:50.355 24704 24797 I BatteryMgr:DataCollectionService: stats => 1688574710355,-146972,4275
07-05 18:31:50.374 24704 24797 I BatteryMgr:DataCollectionService: stats => 1688574710374,-146972,4275
07-05 18:31:50.389 24704 24797 I BatteryMgr:DataCollectionService: stats => 1688574710389,-146972,4275
07-05 18:31:50.405 24704 24797 I BatteryMgr:DataCollectionService: stats => 1688574710404,-146972,4275
07-05 18:31:50.424 24704 24797 I BatteryMgr:DataCollectionService: stats => 1688574710424,-146972,4275
07-05 18:31:50.441 24704 24797 I BatteryMgr:DataCollectionService: stats => 1688574710441,-146972,4275
07-05 18:31:50.456 24704 24797 I BatteryMgr:DataCollectionService: stats => 1688574710456,-146972,4275
07-05 18:31:50.474 24704 24797 I BatteryMgr:DataCollectionService: stats => 1688574710474,-146972,4275
07-05 18:31:50.494 24704 24797 I BatteryMgr:DataCollectionService: stats => 1688574710494,-146972,4275
07-05 18:31:50.514 24704 24797 I BatteryMgr:DataCollectionService: stats => 1688574710514,-146972,4275
07-05 18:31:50.533 24704 24797 I BatteryMgr:DataCollectionService: stats => 1688574710533,-146972,4275
07-05 18:31:50.554 24704 24797 I BatteryMgr:DataCollectionService: stats => 1688574710554,-146972,4275
07-05 18:31:50.572 24704 24797 I BatteryMgr:DataCollectionService: stats => 1688574710572,-146972,4275
07-05 18:31:50.587 24704 24797 I BatteryMgr:DataCollectionService: stats => 1688574710587,-146972,4275
07-05 18:31:50.609 24704 24797 I BatteryMgr:DataCollectionService: stats => 1688574710609,-146972,4275
07-05 18:31:50.624 24704 24797 I BatteryMgr:DataCollectionService: stats => 1688574710624,-146972,4275
07-05 18:31:50.638 24704 24797 I BatteryMgr:DataCollectionService: stats => 1688574710638,-146972,4275
07-05 18:31:50.660 24704 24797 I BatteryMgr:DataCollectionService: stats => 1688574710660,-146972,4275
07-05 18:31:50.675 24704 24797 I BatteryMgr:DataCollectionService: stats => 1688574710675,-146972,4275
07-05 18:31:50.691 24704 24797 I BatteryMgr:DataCollectionService: stats => 1688574710691,-146972,4275
07-05 18:31:50.704 24704 24797 I BatteryMgr:DataCollectionService: stats => 1688574710704,-146972,4275
07-05 18:31:50.718 24704 24797 I BatteryMgr:DataCollectionService: stats => 1688574710718,-146972,4275
07-05 18:31:50.733 24704 24797 I BatteryMgr:DataCollectionService: stats => 1688574710733,-146972,4275
07-05 18:31:50.749 24704 24797 I BatteryMgr:DataCollectionService: stats => 1688574710749,-146972,4275
07-05 18:31:50.763 24704 24797 I BatteryMgr:DataCollectionService: stats => 1688574710763,-146972,4275
07-05 18:31:50.776 24704 24797 I BatteryMgr:DataCollectionService: stats => 1688574710776,-146972,4275
07-05 18:31:50.792 24704 24797 I BatteryMgr:DataCollectionService: stats => 1688574710792,-146972,4275
07-05 18:31:50.806 24704 24797 I BatteryMgr:DataCollectionService: stats => 1688574710806,-146972,4275
07-05 18:31:50.822 24704 24797 I BatteryMgr:DataCollectionService: stats => 1688574710822,-146972,4275
07-05 18:31:50.835 24704 24797 I BatteryMgr:DataCollectionService: stats => 1688574710835,-146972,4275
07-05 18:31:50.851 24704 24797 I BatteryMgr:DataCollectionService: stats => 1688574710851,-146972,4275
07-05 18:31:50.865 24704 24797 I BatteryMgr:DataCollectionService: stats => 1688574710865,-146972,4275
07-05 18:31:50.879 24704 24797 I BatteryMgr:DataCollectionService: stats => 1688574710879,-146972,4275
07-05 18:31:50.895 24704 24797 I BatteryMgr:DataCollectionService: stats => 1688574710894,-146972,4275
07-05 18:31:50.914 24704 24797 I BatteryMgr:DataCollectionService: stats => 1688574710914,-146972,4275
07-05 18:31:50.934 24704 24797 I BatteryMgr:DataCollectionService: stats => 1688574710934,-146972,4275
07-05 18:31:50.955 24704 24797 I BatteryMgr:DataCollectionService: stats => 1688574710955,-146972,4275
07-05 18:31:50.970 24704 24797 I BatteryMgr:DataCollectionService: stats => 1688574710970,-146972,4275
07-05 18:31:50.991 24704 24797 I BatteryMgr:DataCollectionService: stats => 1688574710990,-146972,4275
07-05 18:31:51.004 24704 24797 I BatteryMgr:DataCollectionService: stats => 1688574711004,-171386,4275
07-05 18:31:51.019 24704 24797 I BatteryMgr:DataCollectionService: stats => 1688574711019,-171386,4275
07-05 18:31:51.033 24704 24797 I BatteryMgr:DataCollectionService: stats => 1688574711033,-171386,4275
07-05 18:31:51.053 24704 24797 I BatteryMgr:DataCollectionService: stats => 1688574711053,-171386,4275
07-05 18:31:51.068 24704 24797 I BatteryMgr:DataCollectionService: stats => 1688574711068,-171386,4275
07-05 18:31:51.080 24704 24797 I BatteryMgr:DataCollectionService: stats => 1688574711080,-171386,4275
07-05 18:31:51.092 24704 24797 I BatteryMgr:DataCollectionService: stats => 1688574711092,-171386,4275
07-05 18:31:51.104 24704 24797 I BatteryMgr:DataCollectionService: stats => 1688574711104,-171386,4275
07-05 18:31:51.120 24704 24797 I BatteryMgr:DataCollectionService: stats => 1688574711120,-171386,4275
07-05 18:31:51.135 24704 24797 I BatteryMgr:DataCollectionService: stats => 1688574711135,-171386,4275
07-05 18:31:51.149 24704 24797 I BatteryMgr:DataCollectionService: stats => 1688574711149,-171386,4275
07-05 18:31:51.167 24704 24797 I BatteryMgr:DataCollectionService: stats => 1688574711167,-171386,4275
07-05 18:31:51.177   562   562 E SELinux : avc:  denied  { find } for interface=vendor.qti.hardware.servicetracker::IServicetracker sid=u:r:system_server:s0 pid=1705 scontext=u:r:system_server:s0 tcontext=u:object_r:default_android_hwservice:s0 tclass=hwservice_manager permissive=0
07-05 18:31:51.182 24704 24797 I BatteryMgr:DataCollectionService: stats => 1688574711182,-171386,4275
07-05 18:31:51.554  1705  1780 I ActivityManager: Force stopping e.www.ambientlighttest appid=10208 user=0: from pid 24837
07-05 18:31:51.555  1705  1780 I ActivityManager: Killing 24749:e.www.ambientlighttest/u0a208 (adj 0): stop e.www.ambientlighttest
07-05 18:31:51.557   562   562 E SELinux : avc:  denied  { find } for interface=vendor.qti.hardware.servicetracker::IServicetracker sid=u:r:system_server:s0 pid=1705 scontext=u:r:system_server:s0 tcontext=u:object_r:default_android_hwservice:s0 tclass=hwservice_manager permissive=0
07-05 18:31:51.558  1705  1780 W ActivityTaskManager: Force removing ActivityRecord{a832476 u0 e.www.ambientlighttest/.MainActivity t322 f}: app died, no saved state
07-05 18:31:51.582  1705 24840 W IrisConfig: ColorManagerService is not Existed
07-05 18:31:51.591   686   686 I Zygote  : Process 24749 exited due to signal 9 (Killed)
07-05 18:31:51.602  1705  1891 I libprocessgroup: Successfully killed process cgroup uid 10208 pid 24749 in 45ms
07-05 18:31:51.608  2395  2395 E PhoneInterfaceManager: [PhoneIntfMgr] getCarrierPackageNamesForIntent: No UICC
07-05 18:31:51.608  2395  2395 D CarrierSvcBindHelper: No carrier app for: 0
07-05 18:31:51.609  2395  2395 E PhoneInterfaceManager: [PhoneIntfMgr] getCarrierPackageNamesForIntent: No UICC
07-05 18:31:51.609  2395  2395 D CarrierSvcBindHelper: No carrier app for: 1
07-05 18:31:51.613   562   562 I hwservicemanager: getTransport: Cannot find entry vendor.qti.hardware.iop@2.0::IIop/default in either framework or device manifest.
07-05 18:31:51.613  1705  2883 E ANDR-PERF-JNI: UXEngine Trigger - Returning null
07-05 18:31:51.613   562   562 E SELinux : avc:  denied  { find } for interface=vendor.qti.hardware.servicetracker::IServicetracker sid=u:r:system_server:s0 pid=1705 scontext=u:r:system_server:s0 tcontext=u:object_r:default_android_hwservice:s0 tclass=hwservice_manager permissive=0
07-05 18:31:51.616  3222  3222 D RegisteredNfcFServicesCache: Service unchanged, not updating
07-05 18:31:51.620  3498  3498 I A       : onStart
07-05 18:31:51.622  1705  1881 W ActivityManager: setHasOverlayUi called on unknown pid: 24749
07-05 18:31:51.625  3498  3498 I A       : onResume
07-05 18:31:51.636  3169  3169 I GsaVoiceInteractionSrv: Handling ACTION_START_HOTWORD
07-05 18:31:51.636  3169  3925 I GsaVoiceInteractionSrv: (REDACTED) disregardHotwordSetting: %b
07-05 18:31:51.636  3169  3925 I GsaVoiceInteractionSrv: Cannot start hotword, hotword has been explicitly disabled.
07-05 18:31:51.642   562   562 E SELinux : avc:  denied  { find } for interface=vendor.qti.hardware.servicetracker::IServicetracker sid=u:r:system_server:s0 pid=1705 scontext=u:r:system_server:s0 tcontext=u:object_r:default_android_hwservice:s0 tclass=hwservice_manager permissive=0
07-05 18:31:51.654  4044  4044 D PredictionService: onRequestPredictionUpdate
07-05 18:31:51.655  4044  4044 D PredictionService: update predictions
07-05 18:31:51.658  2586  2586 I GoogleInputMethodService: GoogleInputMethodService.onFinishInput():3306 
07-05 18:31:51.658  1705  3250 D CompatibilityInfo: mCompatibilityFlags - 0
07-05 18:31:51.659  1705  3250 D CompatibilityInfo: applicationDensity - 420
07-05 18:31:51.659  1705  3250 D CompatibilityInfo: applicationScale - 1.0
07-05 18:31:51.659  2586  2586 I GoogleInputMethodService: GoogleInputMethodService.updateDeviceLockedStatus():2127 repeatCheckTimes = 0, locked = false
07-05 18:31:51.659  2586  2586 I GoogleInputMethodService: GoogleInputMethodService.onStartInput():1909 onStartInput(EditorInfo{inputType=0x0(NULL) imeOptions=0x0 privateImeOptions=null actionName=UNSPECIFIED actionLabel=null actionId=0 initialSelStart=-1 initialSelEnd=-1 initialCapsMode=0x0 hintText=null label=null packageName=com.android.launcher3 fieldId=-1 fieldName=null extras=null hintLocales=[]}, false)
07-05 18:31:51.659  2586  2586 I GoogleInputMethodService: GoogleInputMethodService.shouldHideHeaderOnInitialState():1990 ShouldHideHeaderOnInitialState = false
07-05 18:31:51.660   562   562 E SELinux : avc:  denied  { find } for interface=vendor.qti.hardware.servicetracker::IServicetracker sid=u:r:system_server:s0 pid=1705 scontext=u:r:system_server:s0 tcontext=u:object_r:default_android_hwservice:s0 tclass=hwservice_manager permissive=0
07-05 18:31:51.660  2586  2586 I GoogleInputMethodService: GoogleInputMethodService.updateDeviceLockedStatus():2127 repeatCheckTimes = 1, locked = false
07-05 18:31:51.662  3459  3459 D BoundBrokerSvc: onBind: Intent { act=com.google.android.gms.inappreach.service.START dat=chimera-action: cmp=com.google.android.gms/.chimera.GmsApiService }
07-05 18:31:51.662  3459  3459 D BoundBrokerSvc: Loading bound service for intent: Intent { act=com.google.android.gms.inappreach.service.START dat=chimera-action: cmp=com.google.android.gms/.chimera.GmsApiService }
07-05 18:31:54.978  1705  9912 I ActivityManager: Force stopping com.example.batterymanager_utility appid=10186 user=0: from pid 24850
07-05 18:31:54.979  1705  9912 I ActivityManager: Killing 24704:com.example.batterymanager_utility/u0a186 (adj 700): stop com.example.batterymanager_utility
07-05 18:31:54.987   562   562 E SELinux : avc:  denied  { find } for interface=vendor.qti.hardware.servicetracker::IServicetracker sid=u:r:system_server:s0 pid=1705 scontext=u:r:system_server:s0 tcontext=u:object_r:default_android_hwservice:s0 tclass=hwservice_manager permissive=0
07-05 18:31:54.988  1705  9912 W ActivityTaskManager: Force removing ActivityRecord{e50daf9 u0 com.example.batterymanager_utility/.MainActivity t321 f}: app died, no saved state
07-05 18:31:55.006  2395  2395 E PhoneInterfaceManager: [PhoneIntfMgr] getCarrierPackageNamesForIntent: No UICC
07-05 18:31:55.006  2395  2395 D CarrierSvcBindHelper: No carrier app for: 0
07-05 18:31:55.006  2395  2395 E PhoneInterfaceManager: [PhoneIntfMgr] getCarrierPackageNamesForIntent: No UICC
07-05 18:31:55.006  2395  2395 D CarrierSvcBindHelper: No carrier app for: 1
07-05 18:31:55.008  3222  3222 D RegisteredNfcFServicesCache: Service unchanged, not updating
07-05 18:31:55.013  1705  1881 W ActivityManager: setHasOverlayUi called on unknown pid: 24704
07-05 18:31:55.014   686   686 I Zygote  : Process 24704 exited due to signal 9 (Killed)
07-05 18:31:55.027  1705  1891 I libprocessgroup: Successfully killed process cgroup uid 10186 pid 24704 in 46ms
07-05 18:31:56.631  3311  5014 D FileOperator: Mode change to WRITE_MODE!
07-05 18:32:00.006  2189  2189 D SystemUIUpdateMonitor: run() curMinutes = 28142912 mLastMinute = 28142911
07-05 18:32:00.008  2189  2189 D SystemUIUpdateMonitor: setTimeHandler() mTimeTICK_receiver.size() = 16
07-05 18:32:00.008  2189  2189 D SystemUIUpdateMonitor: setTimeHandler() newDelay = 59992
