07-09 21:10:41.551 12182 12324 I BatteryMgr:DataCollectionService: stats => 1688929841551,231250,4232
07-09 21:10:41.554 12182 12324 I BatteryMgr:DataCollectionService: stats => 1688929841554,231250,4232
07-09 21:10:41.557 12182 12324 I BatteryMgr:DataCollectionService: stats => 1688929841557,231250,4232
07-09 21:10:41.560 12182 12324 I BatteryMgr:DataCollectionService: stats => 1688929841560,231250,4232
07-09 21:10:41.563 12182 12324 I BatteryMgr:DataCollectionService: stats => 1688929841563,231250,4232
07-09 21:10:41.566 12182 12324 I BatteryMgr:DataCollectionService: stats => 1688929841566,231250,4232
07-09 21:10:41.569 12182 12324 I BatteryMgr:DataCollectionService: stats => 1688929841569,231250,4232
07-09 21:10:41.571 12182 12324 I BatteryMgr:DataCollectionService: stats => 1688929841571,231250,4232
07-09 21:10:41.574 12182 12324 I BatteryMgr:DataCollectionService: stats => 1688929841574,231250,4232
07-09 21:10:41.576 12182 12324 I BatteryMgr:DataCollectionService: stats => 1688929841576,231250,4232
07-09 21:10:41.579 12182 12324 I BatteryMgr:DataCollectionService: stats => 1688929841579,231250,4232
07-09 21:10:41.582 12182 12324 I BatteryMgr:DataCollectionService: stats => 1688929841582,231250,4232
07-09 21:10:41.585 12182 12324 I BatteryMgr:DataCollectionService: stats => 1688929841585,231250,4232
07-09 21:10:41.588 12182 12324 I BatteryMgr:DataCollectionService: stats => 1688929841588,231250,4232
07-09 21:10:41.591 12182 12324 I BatteryMgr:DataCollectionService: stats => 1688929841591,231250,4232
07-09 21:10:41.594 12182 12324 I BatteryMgr:DataCollectionService: stats => 1688929841594,231250,4232
07-09 21:10:41.597 12182 12324 I BatteryMgr:DataCollectionService: stats => 1688929841597,231250,4232
07-09 21:10:41.600 12182 12324 I BatteryMgr:DataCollectionService: stats => 1688929841600,231250,4232
07-09 21:10:41.603 12182 12324 I BatteryMgr:DataCollectionService: stats => 1688929841603,231250,4232
07-09 21:10:41.606 12182 12324 I BatteryMgr:DataCollectionService: stats => 1688929841606,231250,4232
07-09 21:10:41.609 12182 12324 I BatteryMgr:DataCollectionService: stats => 1688929841609,231250,4232
07-09 21:10:41.612 12182 12324 I BatteryMgr:DataCollectionService: stats => 1688929841612,231250,4232
07-09 21:10:41.615 12182 12324 I BatteryMgr:DataCollectionService: stats => 1688929841615,231250,4232
07-09 21:10:41.618 12182 12324 I BatteryMgr:DataCollectionService: stats => 1688929841618,231250,4232
07-09 21:10:41.621 12182 12324 I BatteryMgr:DataCollectionService: stats => 1688929841621,231250,4232
07-09 21:10:41.624 12182 12324 I BatteryMgr:DataCollectionService: stats => 1688929841624,231250,4232
07-09 21:10:41.627 12182 12324 I BatteryMgr:DataCollectionService: stats => 1688929841627,231250,4232
07-09 21:10:41.630 12182 12324 I BatteryMgr:DataCollectionService: stats => 1688929841630,231250,4232
07-09 21:10:41.633 12182 12324 I BatteryMgr:DataCollectionService: stats => 1688929841633,231250,4232
07-09 21:10:41.639 12182 12324 I BatteryMgr:DataCollectionService: stats => 1688929841639,231250,4232
07-09 21:10:41.642 12182 12324 I BatteryMgr:DataCollectionService: stats => 1688929841642,231250,4232
07-09 21:10:41.645 12182 12324 I BatteryMgr:DataCollectionService: stats => 1688929841645,231250,4232
07-09 21:10:41.649 12182 12324 I BatteryMgr:DataCollectionService: stats => 1688929841649,231250,4232
07-09 21:10:41.652 12182 12324 I BatteryMgr:DataCollectionService: stats => 1688929841652,231250,4232
07-09 21:10:41.655 12182 12324 I BatteryMgr:DataCollectionService: stats => 1688929841655,231250,4232
07-09 21:10:41.658 12182 12324 I BatteryMgr:DataCollectionService: stats => 1688929841658,231250,4232
07-09 21:10:41.661 12182 12324 I BatteryMgr:DataCollectionService: stats => 1688929841661,231250,4232
07-09 21:10:41.665 12182 12324 I BatteryMgr:DataCollectionService: stats => 1688929841665,231250,4232
07-09 21:10:41.670 12182 12324 I BatteryMgr:DataCollectionService: stats => 1688929841669,231250,4232
07-09 21:10:41.673 12182 12324 I BatteryMgr:DataCollectionService: stats => 1688929841673,231250,4232
07-09 21:10:41.675 12182 12324 I BatteryMgr:DataCollectionService: stats => 1688929841675,231250,4232
07-09 21:10:41.678 12182 12324 I BatteryMgr:DataCollectionService: stats => 1688929841678,231250,4232
07-09 21:10:41.681 12182 12324 I BatteryMgr:DataCollectionService: stats => 1688929841681,231250,4232
07-09 21:10:41.684 12182 12324 I BatteryMgr:DataCollectionService: stats => 1688929841684,231250,4232
07-09 21:10:41.686 12182 12324 I BatteryMgr:DataCollectionService: stats => 1688929841686,231250,4232
07-09 21:10:41.689 12182 12324 I BatteryMgr:DataCollectionService: stats => 1688929841689,231250,4232
07-09 21:10:41.691 12182 12324 I BatteryMgr:DataCollectionService: stats => 1688929841691,231250,4232
07-09 21:10:41.694 12182 12324 I BatteryMgr:DataCollectionService: stats => 1688929841694,231250,4232
07-09 21:10:41.699 12182 12324 I BatteryMgr:DataCollectionService: stats => 1688929841699,231250,4232
07-09 21:10:41.702 12182 12324 I BatteryMgr:DataCollectionService: stats => 1688929841702,231250,4232
07-09 21:10:41.704 12182 12324 I BatteryMgr:DataCollectionService: stats => 1688929841704,231250,4232
07-09 21:10:41.707 12182 12324 I BatteryMgr:DataCollectionService: stats => 1688929841707,231250,4232
07-09 21:10:41.711 12182 12324 I BatteryMgr:DataCollectionService: stats => 1688929841711,231250,4232
07-09 21:10:41.715 12182 12324 I BatteryMgr:DataCollectionService: stats => 1688929841715,231250,4232
07-09 21:10:41.718 12182 12324 I BatteryMgr:DataCollectionService: stats => 1688929841718,231250,4232
07-09 21:10:41.722 12182 12324 I BatteryMgr:DataCollectionService: stats => 1688929841722,231250,4232
07-09 21:10:41.725 12182 12324 I BatteryMgr:DataCollectionService: stats => 1688929841725,231250,4232
07-09 21:10:41.728 12182 12324 I BatteryMgr:DataCollectionService: stats => 1688929841728,231250,4232
07-09 21:10:41.731 12182 12324 I BatteryMgr:DataCollectionService: stats => 1688929841731,231250,4232
07-09 21:10:41.734 12182 12324 I BatteryMgr:DataCollectionService: stats => 1688929841734,231250,4232
07-09 21:10:41.737 12182 12324 I BatteryMgr:DataCollectionService: stats => 1688929841737,231250,4232
07-09 21:10:41.742 12182 12324 I BatteryMgr:DataCollectionService: stats => 1688929841742,231250,4232
07-09 21:10:41.746 12182 12324 I BatteryMgr:DataCollectionService: stats => 1688929841746,231250,4232
07-09 21:10:41.751 12182 12324 I BatteryMgr:DataCollectionService: stats => 1688929841751,231250,4232
07-09 21:10:41.755 12182 12324 I BatteryMgr:DataCollectionService: stats => 1688929841755,231250,4232
07-09 21:10:41.759 12182 12324 I BatteryMgr:DataCollectionService: stats => 1688929841759,231250,4232
07-09 21:10:41.763 12182 12324 I BatteryMgr:DataCollectionService: stats => 1688929841763,231250,4232
07-09 21:10:41.766 12182 12324 I BatteryMgr:DataCollectionService: stats => 1688929841766,231250,4232
07-09 21:10:41.770 12182 12324 I BatteryMgr:DataCollectionService: stats => 1688929841770,231250,4232
07-09 21:10:41.773 12182 12324 I BatteryMgr:DataCollectionService: stats => 1688929841773,231250,4232
07-09 21:10:41.775 12182 12324 I BatteryMgr:DataCollectionService: stats => 1688929841775,231250,4232
07-09 21:10:41.779 12182 12324 I BatteryMgr:DataCollectionService: stats => 1688929841779,231250,4232
07-09 21:10:41.782 12182 12324 I BatteryMgr:DataCollectionService: stats => 1688929841781,231250,4232
07-09 21:10:41.784 12182 12324 I BatteryMgr:DataCollectionService: stats => 1688929841784,231250,4232
07-09 21:10:41.787 12182 12324 I BatteryMgr:DataCollectionService: stats => 1688929841787,231250,4232
07-09 21:10:41.790 12182 12324 I BatteryMgr:DataCollectionService: stats => 1688929841790,231250,4232
07-09 21:10:41.793 12182 12324 I BatteryMgr:DataCollectionService: stats => 1688929841793,231250,4232
07-09 21:10:41.796 12182 12324 I BatteryMgr:DataCollectionService: stats => 1688929841796,231250,4232
07-09 21:10:41.799 12182 12324 I BatteryMgr:DataCollectionService: stats => 1688929841799,231250,4232
07-09 21:10:41.802 12182 12324 I BatteryMgr:DataCollectionService: stats => 1688929841802,231250,4232
07-09 21:10:41.805 12182 12324 I BatteryMgr:DataCollectionService: stats => 1688929841805,231250,4232
07-09 21:10:41.807 12182 12324 I BatteryMgr:DataCollectionService: stats => 1688929841807,231250,4232
07-09 21:10:41.811 12182 12324 I BatteryMgr:DataCollectionService: stats => 1688929841811,231250,4232
07-09 21:10:41.815 12182 12324 I BatteryMgr:DataCollectionService: stats => 1688929841815,231250,4232
07-09 21:10:41.818 12182 12324 I BatteryMgr:DataCollectionService: stats => 1688929841818,231250,4232
07-09 21:10:41.821 12182 12324 I BatteryMgr:DataCollectionService: stats => 1688929841821,231250,4232
07-09 21:10:41.824 12182 12324 I BatteryMgr:DataCollectionService: stats => 1688929841824,231250,4232
07-09 21:10:41.827 12182 12324 I BatteryMgr:DataCollectionService: stats => 1688929841827,231250,4232
07-09 21:10:41.830 12182 12324 I BatteryMgr:DataCollectionService: stats => 1688929841830,231250,4232
07-09 21:10:41.833 12182 12324 I BatteryMgr:DataCollectionService: stats => 1688929841833,231250,4232
07-09 21:10:41.835 12182 12324 I BatteryMgr:DataCollectionService: stats => 1688929841835,231250,4232
07-09 21:10:41.838 12182 12324 I BatteryMgr:DataCollectionService: stats => 1688929841838,231250,4232
07-09 21:10:41.842 12182 12324 I BatteryMgr:DataCollectionService: stats => 1688929841842,231250,4232
07-09 21:10:41.846 12182 12324 I BatteryMgr:DataCollectionService: stats => 1688929841846,231250,4232
07-09 21:10:41.849 12182 12324 I BatteryMgr:DataCollectionService: stats => 1688929841849,231250,4232
07-09 21:10:41.852 12182 12324 I BatteryMgr:DataCollectionService: stats => 1688929841852,231250,4232
07-09 21:10:41.855 12182 12324 I BatteryMgr:DataCollectionService: stats => 1688929841855,231250,4232
07-09 21:10:41.858 12182 12324 I BatteryMgr:DataCollectionService: stats => 1688929841858,231250,4232
07-09 21:10:41.861 12182 12324 I BatteryMgr:DataCollectionService: stats => 1688929841861,231250,4232
07-09 21:10:41.865 12182 12324 I BatteryMgr:DataCollectionService: stats => 1688929841865,231250,4232
07-09 21:10:41.868 12182 12324 I BatteryMgr:DataCollectionService: stats => 1688929841868,231250,4232
07-09 21:10:41.871 12182 12324 I BatteryMgr:DataCollectionService: stats => 1688929841871,231250,4232
07-09 21:10:41.874 12182 12324 I BatteryMgr:DataCollectionService: stats => 1688929841874,231250,4232
07-09 21:10:41.879 12182 12324 I BatteryMgr:DataCollectionService: stats => 1688929841879,310937,4232
07-09 21:10:41.882 12182 12324 I BatteryMgr:DataCollectionService: stats => 1688929841882,310937,4232
07-09 21:10:41.886 12182 12324 I BatteryMgr:DataCollectionService: stats => 1688929841886,310937,4232
07-09 21:10:41.889 12182 12324 I BatteryMgr:DataCollectionService: stats => 1688929841889,310937,4232
07-09 21:10:41.892 12182 12324 I BatteryMgr:DataCollectionService: stats => 1688929841892,310937,4232
07-09 21:10:41.896 12182 12324 I BatteryMgr:DataCollectionService: stats => 1688929841896,310937,4232
07-09 21:10:41.899 12182 12324 I BatteryMgr:DataCollectionService: stats => 1688929841899,310937,4232
07-09 21:10:41.903 12182 12324 I BatteryMgr:DataCollectionService: stats => 1688929841903,310937,4232
07-09 21:10:41.908 12182 12324 I BatteryMgr:DataCollectionService: stats => 1688929841908,310937,4232
07-09 21:10:41.913 12182 12324 I BatteryMgr:DataCollectionService: stats => 1688929841913,310937,4232
07-09 21:10:41.917 12182 12324 I BatteryMgr:DataCollectionService: stats => 1688929841917,310937,4232
07-09 21:10:41.918  1869  2231 D ConnectivityService: NetReassign [no changes] [c 1] [a 0] [i 2]
07-09 21:10:41.920 12182 12324 I BatteryMgr:DataCollectionService: stats => 1688929841920,310937,4232
07-09 21:10:41.923 12182 12324 I BatteryMgr:DataCollectionService: stats => 1688929841922,310937,4232
07-09 21:10:41.926 12182 12324 I BatteryMgr:DataCollectionService: stats => 1688929841926,310937,4232
07-09 21:10:41.929 12182 12324 I BatteryMgr:DataCollectionService: stats => 1688929841929,310937,4232
07-09 21:10:41.931 12182 12324 I BatteryMgr:DataCollectionService: stats => 1688929841931,310937,4232
07-09 21:10:41.934 12182 12324 I BatteryMgr:DataCollectionService: stats => 1688929841934,310937,4232
07-09 21:10:41.937 12182 12324 I BatteryMgr:DataCollectionService: stats => 1688929841937,310937,4232
07-09 21:10:41.939 12182 12324 I BatteryMgr:DataCollectionService: stats => 1688929841939,310937,4232
07-09 21:10:41.942 12182 12324 I BatteryMgr:DataCollectionService: stats => 1688929841942,310937,4232
07-09 21:10:41.945 12182 12324 I BatteryMgr:DataCollectionService: stats => 1688929841945,310937,4232
07-09 21:10:41.948 12182 12324 I BatteryMgr:DataCollectionService: stats => 1688929841948,310937,4232
07-09 21:10:41.952 12182 12324 I BatteryMgr:DataCollectionService: stats => 1688929841952,310937,4232
07-09 21:10:41.955 12182 12324 I BatteryMgr:DataCollectionService: stats => 1688929841955,310937,4232
07-09 21:10:41.958 12182 12324 I BatteryMgr:DataCollectionService: stats => 1688929841958,310937,4232
07-09 21:10:41.961 12182 12324 I BatteryMgr:DataCollectionService: stats => 1688929841961,310937,4232
07-09 21:10:41.963 12182 12324 I BatteryMgr:DataCollectionService: stats => 1688929841963,310937,4232
07-09 21:10:41.966 12182 12324 I BatteryMgr:DataCollectionService: stats => 1688929841966,310937,4232
07-09 21:10:41.969 12182 12324 I BatteryMgr:DataCollectionService: stats => 1688929841969,310937,4232
07-09 21:10:41.972 12182 12324 I BatteryMgr:DataCollectionService: stats => 1688929841972,310937,4232
07-09 21:10:41.975 12182 12324 I BatteryMgr:DataCollectionService: stats => 1688929841975,310937,4232
07-09 21:10:41.979 12182 12324 I BatteryMgr:DataCollectionService: stats => 1688929841979,310937,4232
07-09 21:10:41.982 12182 12324 I BatteryMgr:DataCollectionService: stats => 1688929841982,310937,4232
07-09 21:10:41.985 12182 12324 I BatteryMgr:DataCollectionService: stats => 1688929841985,310937,4232
07-09 21:10:41.988 12182 12324 I BatteryMgr:DataCollectionService: stats => 1688929841988,310937,4232
07-09 21:10:41.991 12182 12324 I BatteryMgr:DataCollectionService: stats => 1688929841991,310937,4232
07-09 21:10:41.994 12182 12324 I BatteryMgr:DataCollectionService: stats => 1688929841994,310937,4232
07-09 21:10:41.998 12182 12324 I BatteryMgr:DataCollectionService: stats => 1688929841998,310937,4232
07-09 21:10:42.002 12182 12324 I BatteryMgr:DataCollectionService: stats => 1688929842002,310937,4232
07-09 21:10:42.005 12182 12324 I BatteryMgr:DataCollectionService: stats => 1688929842005,310937,4232
07-09 21:10:42.008 12182 12324 I BatteryMgr:DataCollectionService: stats => 1688929842008,310937,4232
07-09 21:10:42.012 12182 12324 I BatteryMgr:DataCollectionService: stats => 1688929842012,310937,4232
07-09 21:10:42.016 12182 12324 I BatteryMgr:DataCollectionService: stats => 1688929842016,310937,4232
07-09 21:10:42.019 12182 12324 I BatteryMgr:DataCollectionService: stats => 1688929842019,310937,4232
07-09 21:10:42.022 12182 12324 I BatteryMgr:DataCollectionService: stats => 1688929842022,310937,4232
07-09 21:10:42.024 12182 12324 I BatteryMgr:DataCollectionService: stats => 1688929842024,310937,4232
07-09 21:10:42.027 12182 12324 I BatteryMgr:DataCollectionService: stats => 1688929842027,310937,4232
07-09 21:10:42.030 12182 12324 I BatteryMgr:DataCollectionService: stats => 1688929842030,310937,4232
07-09 21:10:42.033 12182 12324 I BatteryMgr:DataCollectionService: stats => 1688929842033,310937,4232
07-09 21:10:42.036 12182 12324 I BatteryMgr:DataCollectionService: stats => 1688929842036,310937,4232
07-09 21:10:42.039 12182 12324 I BatteryMgr:DataCollectionService: stats => 1688929842039,310937,4232
07-09 21:10:42.043 12182 12324 I BatteryMgr:DataCollectionService: stats => 1688929842043,310937,4232
07-09 21:10:42.046 12182 12324 I BatteryMgr:DataCollectionService: stats => 1688929842046,310937,4232
07-09 21:10:42.049 12182 12324 I BatteryMgr:DataCollectionService: stats => 1688929842049,310937,4232
07-09 21:10:42.053 12182 12324 I BatteryMgr:DataCollectionService: stats => 1688929842053,310937,4232
07-09 21:10:42.055 12182 12324 I BatteryMgr:DataCollectionService: stats => 1688929842055,310937,4232
07-09 21:10:42.058 12182 12324 I BatteryMgr:DataCollectionService: stats => 1688929842058,310937,4232
07-09 21:10:42.061 12182 12324 I BatteryMgr:DataCollectionService: stats => 1688929842061,310937,4232
07-09 21:10:42.063 12182 12324 I BatteryMgr:DataCollectionService: stats => 1688929842063,310937,4232
07-09 21:10:42.066 12182 12324 I BatteryMgr:DataCollectionService: stats => 1688929842066,310937,4232
07-09 21:10:42.069 12182 12324 I BatteryMgr:DataCollectionService: stats => 1688929842069,310937,4232
07-09 21:10:42.071 12182 12324 I BatteryMgr:DataCollectionService: stats => 1688929842071,310937,4232
07-09 21:10:42.075 12182 12324 I BatteryMgr:DataCollectionService: stats => 1688929842075,310937,4232
07-09 21:10:42.078 12182 12324 I BatteryMgr:DataCollectionService: stats => 1688929842078,310937,4232
07-09 21:10:42.081 12182 12324 I BatteryMgr:DataCollectionService: stats => 1688929842081,310937,4232
07-09 21:10:42.084 12182 12324 I BatteryMgr:DataCollectionService: stats => 1688929842084,310937,4232
07-09 21:10:42.087 12182 12324 I BatteryMgr:DataCollectionService: stats => 1688929842087,310937,4232
07-09 21:10:42.091 12182 12324 I BatteryMgr:DataCollectionService: stats => 1688929842091,310937,4232
07-09 21:10:42.094 12182 12324 I BatteryMgr:DataCollectionService: stats => 1688929842094,310937,4232
07-09 21:10:42.097 12182 12324 I BatteryMgr:DataCollectionService: stats => 1688929842097,310937,4232
07-09 21:10:42.100 12182 12324 I BatteryMgr:DataCollectionService: stats => 1688929842100,310937,4232
07-09 21:10:42.103 12182 12324 I BatteryMgr:DataCollectionService: stats => 1688929842103,310937,4232
07-09 21:10:42.107 12182 12324 I BatteryMgr:DataCollectionService: stats => 1688929842107,310937,4232
07-09 21:10:42.110 12182 12324 I BatteryMgr:DataCollectionService: stats => 1688929842110,310937,4232
07-09 21:10:42.113 12182 12324 I BatteryMgr:DataCollectionService: stats => 1688929842113,310937,4232
07-09 21:10:42.116 12182 12324 I BatteryMgr:DataCollectionService: stats => 1688929842116,310937,4232
07-09 21:10:42.119 12182 12324 I BatteryMgr:DataCollectionService: stats => 1688929842119,310937,4232
07-09 21:10:42.123 12182 12324 I BatteryMgr:DataCollectionService: stats => 1688929842123,310937,4232
07-09 21:10:42.126 12182 12324 I BatteryMgr:DataCollectionService: stats => 1688929842126,310937,4232
07-09 21:10:42.129 12182 12324 I BatteryMgr:DataCollectionService: stats => 1688929842129,310937,4232
07-09 21:10:42.133 12182 12324 I BatteryMgr:DataCollectionService: stats => 1688929842133,310937,4232
07-09 21:10:42.136 12182 12324 I BatteryMgr:DataCollectionService: stats => 1688929842136,310937,4232
07-09 21:10:42.140 12182 12324 I BatteryMgr:DataCollectionService: stats => 1688929842140,310937,4232
07-09 21:10:42.145 12182 12324 I BatteryMgr:DataCollectionService: stats => 1688929842145,310937,4232
07-09 21:10:42.148 12182 12324 I BatteryMgr:DataCollectionService: stats => 1688929842148,310937,4232
07-09 21:10:42.151 12182 12324 I BatteryMgr:DataCollectionService: stats => 1688929842151,310937,4232
07-09 21:10:42.154 12182 12324 I BatteryMgr:DataCollectionService: stats => 1688929842154,310937,4232
07-09 21:10:42.157 12182 12324 I BatteryMgr:DataCollectionService: stats => 1688929842157,310937,4232
07-09 21:10:42.160 12182 12324 I BatteryMgr:DataCollectionService: stats => 1688929842160,310937,4232
07-09 21:10:42.162 12182 12324 I BatteryMgr:DataCollectionService: stats => 1688929842162,310937,4232
07-09 21:10:42.165 12182 12324 I BatteryMgr:DataCollectionService: stats => 1688929842165,310937,4232
07-09 21:10:42.168 12182 12324 I BatteryMgr:DataCollectionService: stats => 1688929842168,310937,4232
07-09 21:10:42.170 12182 12324 I BatteryMgr:DataCollectionService: stats => 1688929842170,310937,4232
07-09 21:10:42.174 12182 12324 I BatteryMgr:DataCollectionService: stats => 1688929842174,310937,4232
07-09 21:10:42.177 12182 12324 I BatteryMgr:DataCollectionService: stats => 1688929842177,310937,4232
07-09 21:10:42.180 12182 12324 I BatteryMgr:DataCollectionService: stats => 1688929842180,310937,4232
07-09 21:10:42.183 12182 12324 I BatteryMgr:DataCollectionService: stats => 1688929842183,310937,4232
07-09 21:10:42.187 12182 12324 I BatteryMgr:DataCollectionService: stats => 1688929842187,310937,4232
07-09 21:10:42.190 12182 12324 I BatteryMgr:DataCollectionService: stats => 1688929842190,310937,4232
07-09 21:10:42.193 12182 12324 I BatteryMgr:DataCollectionService: stats => 1688929842193,310937,4232
07-09 21:10:42.196 12182 12324 I BatteryMgr:DataCollectionService: stats => 1688929842196,310937,4232
07-09 21:10:42.199 12182 12324 I BatteryMgr:DataCollectionService: stats => 1688929842199,310937,4232
07-09 21:10:42.202 12182 12324 I BatteryMgr:DataCollectionService: stats => 1688929842202,310937,4232
07-09 21:10:42.205 12182 12324 I BatteryMgr:DataCollectionService: stats => 1688929842205,310937,4232
07-09 21:10:42.209 12182 12324 I BatteryMgr:DataCollectionService: stats => 1688929842208,310937,4232
07-09 21:10:42.212 12182 12324 I BatteryMgr:DataCollectionService: stats => 1688929842212,310937,4232
07-09 21:10:42.216 12182 12324 I BatteryMgr:DataCollectionService: stats => 1688929842216,310937,4232
07-09 21:10:42.219 12182 12324 I BatteryMgr:DataCollectionService: stats => 1688929842219,310937,4232
07-09 21:10:42.222 12182 12324 I BatteryMgr:DataCollectionService: stats => 1688929842222,310937,4232
07-09 21:10:42.224 12182 12324 I BatteryMgr:DataCollectionService: stats => 1688929842224,310937,4232
07-09 21:10:42.227 12182 12324 I BatteryMgr:DataCollectionService: stats => 1688929842227,310937,4232
07-09 21:10:42.229 12182 12324 I BatteryMgr:DataCollectionService: stats => 1688929842229,310937,4232
07-09 21:10:42.232 12182 12324 I BatteryMgr:DataCollectionService: stats => 1688929842232,310937,4232
07-09 21:10:42.234 12182 12324 I BatteryMgr:DataCollectionService: stats => 1688929842234,228125,4232
07-09 21:10:42.238 12182 12324 I BatteryMgr:DataCollectionService: stats => 1688929842238,228125,4232
07-09 21:10:42.241 12182 12324 I BatteryMgr:DataCollectionService: stats => 1688929842241,228125,4232
07-09 21:10:42.244 12182 12324 I BatteryMgr:DataCollectionService: stats => 1688929842244,228125,4232
07-09 21:10:42.248 12182 12324 I BatteryMgr:DataCollectionService: stats => 1688929842248,228125,4232
07-09 21:10:42.252 12182 12324 I BatteryMgr:DataCollectionService: stats => 1688929842252,228125,4232
07-09 21:10:42.255 12182 12324 I BatteryMgr:DataCollectionService: stats => 1688929842255,228125,4232
07-09 21:10:42.258 12182 12324 I BatteryMgr:DataCollectionService: stats => 1688929842258,228125,4232
07-09 21:10:42.261 12182 12324 I BatteryMgr:DataCollectionService: stats => 1688929842261,228125,4232
07-09 21:10:42.264 12182 12324 I BatteryMgr:DataCollectionService: stats => 1688929842264,228125,4232
07-09 21:10:42.266 12182 12324 I BatteryMgr:DataCollectionService: stats => 1688929842266,228125,4232
07-09 21:10:42.271 12182 12324 I BatteryMgr:DataCollectionService: stats => 1688929842271,228125,4232
07-09 21:10:42.276 12182 12324 I BatteryMgr:DataCollectionService: stats => 1688929842276,228125,4232
07-09 21:10:42.280 12182 12324 I BatteryMgr:DataCollectionService: stats => 1688929842280,228125,4232
07-09 21:10:42.284 12182 12324 I BatteryMgr:DataCollectionService: stats => 1688929842284,228125,4232
07-09 21:10:42.287 12182 12324 I BatteryMgr:DataCollectionService: stats => 1688929842287,228125,4232
07-09 21:10:42.290 12182 12324 I BatteryMgr:DataCollectionService: stats => 1688929842290,228125,4232
07-09 21:10:42.293 12182 12324 I BatteryMgr:DataCollectionService: stats => 1688929842293,228125,4232
07-09 21:10:42.296 12182 12324 I BatteryMgr:DataCollectionService: stats => 1688929842296,228125,4232
07-09 21:10:42.298 12182 12324 I BatteryMgr:DataCollectionService: stats => 1688929842298,228125,4232
07-09 21:10:42.301 12182 12324 I BatteryMgr:DataCollectionService: stats => 1688929842301,228125,4232
07-09 21:10:42.304 12182 12324 I BatteryMgr:DataCollectionService: stats => 1688929842304,228125,4232
07-09 21:10:42.307 12182 12324 I BatteryMgr:DataCollectionService: stats => 1688929842307,228125,4232
07-09 21:10:42.310 12182 12324 I BatteryMgr:DataCollectionService: stats => 1688929842310,228125,4232
07-09 21:10:42.312 12182 12324 I BatteryMgr:DataCollectionService: stats => 1688929842312,228125,4232
07-09 21:10:42.315 12182 12324 I BatteryMgr:DataCollectionService: stats => 1688929842315,228125,4232
07-09 21:10:42.318 12182 12324 I BatteryMgr:DataCollectionService: stats => 1688929842318,228125,4232
07-09 21:10:42.321 12182 12324 I BatteryMgr:DataCollectionService: stats => 1688929842321,228125,4232
07-09 21:10:42.324 12182 12324 I BatteryMgr:DataCollectionService: stats => 1688929842324,228125,4232
07-09 21:10:42.327 12182 12324 I BatteryMgr:DataCollectionService: stats => 1688929842327,228125,4232
07-09 21:10:42.330 12182 12324 I BatteryMgr:DataCollectionService: stats => 1688929842330,228125,4232
07-09 21:10:42.333 12182 12324 I BatteryMgr:DataCollectionService: stats => 1688929842333,228125,4232
07-09 21:10:42.338 12182 12324 I BatteryMgr:DataCollectionService: stats => 1688929842338,228125,4232
07-09 21:10:42.341 12182 12324 I BatteryMgr:DataCollectionService: stats => 1688929842341,228125,4232
07-09 21:10:42.344 12182 12324 I BatteryMgr:DataCollectionService: stats => 1688929842344,228125,4232
07-09 21:10:42.347 12182 12324 I BatteryMgr:DataCollectionService: stats => 1688929842347,228125,4232
07-09 21:10:42.350 12182 12324 I BatteryMgr:DataCollectionService: stats => 1688929842350,228125,4232
07-09 21:10:42.355 12182 12324 I BatteryMgr:DataCollectionService: stats => 1688929842354,228125,4232
07-09 21:10:42.358 12182 12324 I BatteryMgr:DataCollectionService: stats => 1688929842358,228125,4232
07-09 21:10:42.361 12182 12324 I BatteryMgr:DataCollectionService: stats => 1688929842361,228125,4232
07-09 21:10:42.364 12182 12324 I BatteryMgr:DataCollectionService: stats => 1688929842364,228125,4232
07-09 21:10:42.367 12182 12324 I BatteryMgr:DataCollectionService: stats => 1688929842367,228125,4232
07-09 21:10:42.371 12182 12324 I BatteryMgr:DataCollectionService: stats => 1688929842371,228125,4232
07-09 21:10:42.374 12182 12324 I BatteryMgr:DataCollectionService: stats => 1688929842374,228125,4232
07-09 21:10:42.377 12182 12324 I BatteryMgr:DataCollectionService: stats => 1688929842377,228125,4232
07-09 21:10:42.381 12182 12324 I BatteryMgr:DataCollectionService: stats => 1688929842381,228125,4232
07-09 21:10:42.384 12182 12324 I BatteryMgr:DataCollectionService: stats => 1688929842384,228125,4232
07-09 21:10:42.387 12182 12324 I BatteryMgr:DataCollectionService: stats => 1688929842387,228125,4232
07-09 21:10:42.391 12182 12324 I BatteryMgr:DataCollectionService: stats => 1688929842391,228125,4232
07-09 21:10:42.393 12182 12324 I BatteryMgr:DataCollectionService: stats => 1688929842393,228125,4232
07-09 21:10:42.396 12182 12324 I BatteryMgr:DataCollectionService: stats => 1688929842396,228125,4232
07-09 21:10:42.399 12182 12324 I BatteryMgr:DataCollectionService: stats => 1688929842399,228125,4232
07-09 21:10:42.402 12182 12324 I BatteryMgr:DataCollectionService: stats => 1688929842402,228125,4232
07-09 21:10:42.405 12182 12324 I BatteryMgr:DataCollectionService: stats => 1688929842405,228125,4232
07-09 21:10:42.408 12182 12324 I BatteryMgr:DataCollectionService: stats => 1688929842408,228125,4232
07-09 21:10:42.411 12182 12324 I BatteryMgr:DataCollectionService: stats => 1688929842411,228125,4232
07-09 21:10:42.414 12182 12324 I BatteryMgr:DataCollectionService: stats => 1688929842414,228125,4232
07-09 21:10:42.418 12182 12324 I BatteryMgr:DataCollectionService: stats => 1688929842418,228125,4232
07-09 21:10:42.421 12182 12324 I BatteryMgr:DataCollectionService: stats => 1688929842421,228125,4232
07-09 21:10:42.424 12182 12324 I BatteryMgr:DataCollectionService: stats => 1688929842424,228125,4232
07-09 21:10:42.427 12182 12324 I BatteryMgr:DataCollectionService: stats => 1688929842427,228125,4232
07-09 21:10:42.430 12182 12324 I BatteryMgr:DataCollectionService: stats => 1688929842430,228125,4232
07-09 21:10:42.432 12182 12324 I BatteryMgr:DataCollectionService: stats => 1688929842432,228125,4232
07-09 21:10:42.436 12182 12324 I BatteryMgr:DataCollectionService: stats => 1688929842436,228125,4232
07-09 21:10:42.439 12182 12324 I BatteryMgr:DataCollectionService: stats => 1688929842439,228125,4232
07-09 21:10:42.443 12182 12324 I BatteryMgr:DataCollectionService: stats => 1688929842443,228125,4232
07-09 21:10:42.446 12182 12324 I BatteryMgr:DataCollectionService: stats => 1688929842446,228125,4232
07-09 21:10:42.451 12182 12324 I BatteryMgr:DataCollectionService: stats => 1688929842451,228125,4232
07-09 21:10:42.455 12182 12324 I BatteryMgr:DataCollectionService: stats => 1688929842455,228125,4232
07-09 21:10:42.458 12182 12324 I BatteryMgr:DataCollectionService: stats => 1688929842458,228125,4232
07-09 21:10:42.461 12182 12324 I BatteryMgr:DataCollectionService: stats => 1688929842461,228125,4232
07-09 21:10:42.464 12182 12324 I BatteryMgr:DataCollectionService: stats => 1688929842464,228125,4232
07-09 21:10:42.466 12182 12324 I BatteryMgr:DataCollectionService: stats => 1688929842466,228125,4232
07-09 21:10:42.470 12182 12324 I BatteryMgr:DataCollectionService: stats => 1688929842470,228125,4232
07-09 21:10:42.473 12182 12324 I BatteryMgr:DataCollectionService: stats => 1688929842473,228125,4232
07-09 21:10:42.476 12182 12324 I BatteryMgr:DataCollectionService: stats => 1688929842476,228125,4232
07-09 21:10:42.479 12182 12324 I BatteryMgr:DataCollectionService: stats => 1688929842479,228125,4232
07-09 21:10:42.483 12182 12324 I BatteryMgr:DataCollectionService: stats => 1688929842483,228125,4232
07-09 21:10:42.486 12182 12324 I BatteryMgr:DataCollectionService: stats => 1688929842486,228125,4232
07-09 21:10:42.489 12182 12324 I BatteryMgr:DataCollectionService: stats => 1688929842489,228125,4232
07-09 21:10:42.492 12182 12324 I BatteryMgr:DataCollectionService: stats => 1688929842492,228125,4232
07-09 21:10:42.495 12182 12324 I BatteryMgr:DataCollectionService: stats => 1688929842495,228125,4232
07-09 21:10:42.498 12182 12324 I BatteryMgr:DataCollectionService: stats => 1688929842498,228125,4232
07-09 21:10:42.500 12182 12324 I BatteryMgr:DataCollectionService: stats => 1688929842500,228125,4232
07-09 21:10:42.503 12182 12324 I BatteryMgr:DataCollectionService: stats => 1688929842503,228125,4232
07-09 21:10:42.506 12182 12324 I BatteryMgr:DataCollectionService: stats => 1688929842506,228125,4232
07-09 21:10:42.509 12182 12324 I BatteryMgr:DataCollectionService: stats => 1688929842509,228125,4232
07-09 21:10:42.512 12182 12324 I BatteryMgr:DataCollectionService: stats => 1688929842512,228125,4232
07-09 21:10:42.515 12182 12324 I BatteryMgr:DataCollectionService: stats => 1688929842515,228125,4232
07-09 21:10:42.520 12182 12324 I BatteryMgr:DataCollectionService: stats => 1688929842520,228125,4232
07-09 21:10:42.524 12182 12324 I BatteryMgr:DataCollectionService: stats => 1688929842524,228125,4232
07-09 21:10:42.527 12182 12324 I BatteryMgr:DataCollectionService: stats => 1688929842527,228125,4232
07-09 21:10:42.531 12182 12324 I BatteryMgr:DataCollectionService: stats => 1688929842531,228125,4232
07-09 21:10:42.537 12182 12324 I BatteryMgr:DataCollectionService: stats => 1688929842537,228125,4232
07-09 21:10:42.543 12182 12324 I BatteryMgr:DataCollectionService: stats => 1688929842543,228125,4232
07-09 21:10:42.546 12182 12324 I BatteryMgr:DataCollectionService: stats => 1688929842546,228125,4232
07-09 21:10:42.551 12182 12324 I BatteryMgr:DataCollectionService: stats => 1688929842551,228125,4232
07-09 21:10:42.555 12182 12324 I BatteryMgr:DataCollectionService: stats => 1688929842555,228125,4232
07-09 21:10:42.558 12182 12324 I BatteryMgr:DataCollectionService: stats => 1688929842558,228125,4232
07-09 21:10:42.561 12182 12324 I BatteryMgr:DataCollectionService: stats => 1688929842561,228125,4232
07-09 21:10:42.563 12182 12324 I BatteryMgr:DataCollectionService: stats => 1688929842563,228125,4232
07-09 21:10:42.566 12182 12324 I BatteryMgr:DataCollectionService: stats => 1688929842566,228125,4232
07-09 21:10:42.569 12182 12324 I BatteryMgr:DataCollectionService: stats => 1688929842569,228125,4232
07-09 21:10:42.572 12182 12324 I BatteryMgr:DataCollectionService: stats => 1688929842572,228125,4232
07-09 21:10:42.576 12182 12324 I BatteryMgr:DataCollectionService: stats => 1688929842576,228125,4232
07-09 21:10:42.579 12182 12324 I BatteryMgr:DataCollectionService: stats => 1688929842579,245312,4232
07-09 21:10:42.582 12182 12324 I BatteryMgr:DataCollectionService: stats => 1688929842582,245312,4232
07-09 21:10:42.585 12182 12324 I BatteryMgr:DataCollectionService: stats => 1688929842585,245312,4232
07-09 21:10:42.585  2417  2475 I QAWController: Re-creating the QAW client to avoid stale.
07-09 21:10:42.588 12182 12324 I BatteryMgr:DataCollectionService: stats => 1688929842588,245312,4232
07-09 21:10:42.591 12182 12324 I BatteryMgr:DataCollectionService: stats => 1688929842591,245312,4232
07-09 21:10:42.593  1308 12285 I QC2Comp : [avcD_12] Stats: Works: Q(325)/Done(314)| Work-Rate: Q(30.0/s Avg=32.3/s) Done(29.998/s Avg=31.223/s)| Stream: 29.97fps 1.4Mbps| Pending(11) i/p-done(3)
07-09 21:10:42.594 12182 12324 I BatteryMgr:DataCollectionService: stats => 1688929842594,245312,4232
07-09 21:10:42.598 12182 12324 I BatteryMgr:DataCollectionService: stats => 1688929842598,245312,4232
07-09 21:10:42.601 12182 12324 I BatteryMgr:DataCollectionService: stats => 1688929842601,245312,4232
07-09 21:10:42.604 12182 12324 I BatteryMgr:DataCollectionService: stats => 1688929842604,245312,4232
07-09 21:10:42.606 12182 12324 I BatteryMgr:DataCollectionService: stats => 1688929842606,245312,4232
07-09 21:10:42.610 12182 12324 I BatteryMgr:DataCollectionService: stats => 1688929842610,245312,4232
07-09 21:10:42.613 12182 12324 I BatteryMgr:DataCollectionService: stats => 1688929842613,245312,4232
07-09 21:10:42.616 12182 12324 I BatteryMgr:DataCollectionService: stats => 1688929842616,245312,4232
07-09 21:10:42.621 12182 12324 I BatteryMgr:DataCollectionService: stats => 1688929842620,245312,4232
07-09 21:10:42.623  2417  2475 D ControlsListingControllerImpl: Subscribing callback, service count: 1
07-09 21:10:42.625  1869  3646 W ProcessStats: Tracking association SourceState{334c0e1 system/1000 BTopFgs #34101} whose proc state 2 is better than process ProcessState{125471c com.google.android.gms.persistent/10125 pkg=com.google.android.gms} proc state 3 (43 skipped)
07-09 21:10:42.629 12182 12324 I BatteryMgr:DataCollectionService: stats => 1688929842629,245312,4232
07-09 21:10:42.631  2417  2475 D ControlsListingControllerImpl: Unsubscribing callback
07-09 21:10:42.634 12182 12324 I BatteryMgr:DataCollectionService: stats => 1688929842634,245312,4232
07-09 21:10:42.638 12182 12324 I BatteryMgr:DataCollectionService: stats => 1688929842638,245312,4232
07-09 21:10:42.641 12182 12324 I BatteryMgr:DataCollectionService: stats => 1688929842641,245312,4232
07-09 21:10:42.644 12182 12324 I BatteryMgr:DataCollectionService: stats => 1688929842644,245312,4232
07-09 21:10:42.646 12182 12324 I BatteryMgr:DataCollectionService: stats => 1688929842646,245312,4232
07-09 21:10:42.651 12182 12324 I BatteryMgr:DataCollectionService: stats => 1688929842651,245312,4232
07-09 21:10:42.655 12182 12324 I BatteryMgr:DataCollectionService: stats => 1688929842655,245312,4232
07-09 21:10:42.658 12182 12324 I BatteryMgr:DataCollectionService: stats => 1688929842658,245312,4232
07-09 21:10:42.661 12182 12324 I BatteryMgr:DataCollectionService: stats => 1688929842661,245312,4232
07-09 21:10:42.663 12182 12324 I BatteryMgr:DataCollectionService: stats => 1688929842663,245312,4232
07-09 21:10:42.667 12182 12324 I BatteryMgr:DataCollectionService: stats => 1688929842667,245312,4232
07-09 21:10:42.669 12182 12324 I BatteryMgr:DataCollectionService: stats => 1688929842669,245312,4232
07-09 21:10:42.672 12182 12324 I BatteryMgr:DataCollectionService: stats => 1688929842672,245312,4232
07-09 21:10:42.674  2417  2417 I QuickAccessWalletTile: Successfully retrieved wallet cards.
07-09 21:10:42.674  2417  2417 D QuickAccessWalletTile: No wallet cards exist.
07-09 21:10:42.675 12182 12324 I BatteryMgr:DataCollectionService: stats => 1688929842675,245312,4232
07-09 21:10:42.678 12182 12324 I BatteryMgr:DataCollectionService: stats => 1688929842678,245312,4232
07-09 21:10:42.681 12182 12324 I BatteryMgr:DataCollectionService: stats => 1688929842681,245312,4232
07-09 21:10:42.683 12182 12324 I BatteryMgr:DataCollectionService: stats => 1688929842683,245312,4232
07-09 21:10:42.686 12182 12324 I BatteryMgr:DataCollectionService: stats => 1688929842686,245312,4232
07-09 21:10:42.688 12182 12324 I BatteryMgr:DataCollectionService: stats => 1688929842688,245312,4232
07-09 21:10:42.691 12182 12324 I BatteryMgr:DataCollectionService: stats => 1688929842691,245312,4232
07-09 21:10:42.694 12182 12324 I BatteryMgr:DataCollectionService: stats => 1688929842694,245312,4232
07-09 21:10:42.696 12182 12324 I BatteryMgr:DataCollectionService: stats => 1688929842696,245312,4232
07-09 21:10:42.699 12182 12324 I BatteryMgr:DataCollectionService: stats => 1688929842699,245312,4232
07-09 21:10:42.701 12182 12324 I BatteryMgr:DataCollectionService: stats => 1688929842701,245312,4232
07-09 21:10:42.704 12182 12324 I BatteryMgr:DataCollectionService: stats => 1688929842704,245312,4232
07-09 21:10:42.707 12182 12324 I BatteryMgr:DataCollectionService: stats => 1688929842707,245312,4232
07-09 21:10:42.709 12182 12324 I BatteryMgr:DataCollectionService: stats => 1688929842709,245312,4232
07-09 21:10:42.712 12182 12324 I BatteryMgr:DataCollectionService: stats => 1688929842712,245312,4232
07-09 21:10:42.715 12182 12324 I BatteryMgr:DataCollectionService: stats => 1688929842715,245312,4232
07-09 21:10:42.718 12182 12324 I BatteryMgr:DataCollectionService: stats => 1688929842718,245312,4232
07-09 21:10:42.720 12182 12324 I BatteryMgr:DataCollectionService: stats => 1688929842720,245312,4232
07-09 21:10:42.723 12182 12324 I BatteryMgr:DataCollectionService: stats => 1688929842723,245312,4232
07-09 21:10:42.726 12182 12324 I BatteryMgr:DataCollectionService: stats => 1688929842726,245312,4232
07-09 21:10:42.729 12182 12324 I BatteryMgr:DataCollectionService: stats => 1688929842729,245312,4232
07-09 21:10:42.732 12182 12324 I BatteryMgr:DataCollectionService: stats => 1688929842732,245312,4232
07-09 21:10:42.736 12182 12324 I BatteryMgr:DataCollectionService: stats => 1688929842736,245312,4232
07-09 21:10:42.740 12182 12324 I BatteryMgr:DataCollectionService: stats => 1688929842740,245312,4232
07-09 21:10:42.743 12182 12324 I BatteryMgr:DataCollectionService: stats => 1688929842743,245312,4232
07-09 21:10:42.746 12182 12324 I BatteryMgr:DataCollectionService: stats => 1688929842746,245312,4232
07-09 21:10:42.749 12182 12324 I BatteryMgr:DataCollectionService: stats => 1688929842749,245312,4232
07-09 21:10:42.753 12182 12324 I BatteryMgr:DataCollectionService: stats => 1688929842753,245312,4232
07-09 21:10:42.757 12182 12324 I BatteryMgr:DataCollectionService: stats => 1688929842757,245312,4232
07-09 21:10:42.760 12182 12324 I BatteryMgr:DataCollectionService: stats => 1688929842760,245312,4232
07-09 21:10:42.763 12182 12324 I BatteryMgr:DataCollectionService: stats => 1688929842763,245312,4232
07-09 21:10:42.766 12182 12324 I BatteryMgr:DataCollectionService: stats => 1688929842766,245312,4232
07-09 21:10:42.769 12182 12324 I BatteryMgr:DataCollectionService: stats => 1688929842769,245312,4232
07-09 21:10:42.772 12182 12324 I BatteryMgr:DataCollectionService: stats => 1688929842772,245312,4232
07-09 21:10:42.774 12182 12324 I BatteryMgr:DataCollectionService: stats => 1688929842774,245312,4232
07-09 21:10:42.778 12182 12324 I BatteryMgr:DataCollectionService: stats => 1688929842778,245312,4232
07-09 21:10:42.781 12182 12324 I BatteryMgr:DataCollectionService: stats => 1688929842781,245312,4232
07-09 21:10:42.784 12182 12324 I BatteryMgr:DataCollectionService: stats => 1688929842784,245312,4232
07-09 21:10:42.787 12182 12324 I BatteryMgr:DataCollectionService: stats => 1688929842787,245312,4232
07-09 21:10:42.790 12182 12324 I BatteryMgr:DataCollectionService: stats => 1688929842790,245312,4232
07-09 21:10:42.795 12182 12324 I BatteryMgr:DataCollectionService: stats => 1688929842795,245312,4232
07-09 21:10:42.798 12182 12324 I BatteryMgr:DataCollectionService: stats => 1688929842798,245312,4232
07-09 21:10:42.801 12182 12324 I BatteryMgr:DataCollectionService: stats => 1688929842801,245312,4232
07-09 21:10:42.804 12182 12324 I BatteryMgr:DataCollectionService: stats => 1688929842804,245312,4232
07-09 21:10:42.806 12182 12324 I BatteryMgr:DataCollectionService: stats => 1688929842806,245312,4232
07-09 21:10:42.809 12182 12324 I BatteryMgr:DataCollectionService: stats => 1688929842809,245312,4232
07-09 21:10:42.811 12182 12324 I BatteryMgr:DataCollectionService: stats => 1688929842811,245312,4232
07-09 21:10:42.815 12182 12324 I BatteryMgr:DataCollectionService: stats => 1688929842815,245312,4232
07-09 21:10:42.818 12182 12324 I BatteryMgr:DataCollectionService: stats => 1688929842818,245312,4232
07-09 21:10:42.820 12182 12324 I BatteryMgr:DataCollectionService: stats => 1688929842820,245312,4232
07-09 21:10:42.823 12182 12324 I BatteryMgr:DataCollectionService: stats => 1688929842823,245312,4232
07-09 21:10:42.827 12182 12324 I BatteryMgr:DataCollectionService: stats => 1688929842827,245312,4232
07-09 21:10:42.830 12182 12324 I BatteryMgr:DataCollectionService: stats => 1688929842830,245312,4232
07-09 21:10:42.833 12182 12324 I BatteryMgr:DataCollectionService: stats => 1688929842833,245312,4232
07-09 21:10:42.837 12182 12324 I BatteryMgr:DataCollectionService: stats => 1688929842837,245312,4232
07-09 21:10:42.841 12182 12324 I BatteryMgr:DataCollectionService: stats => 1688929842841,245312,4232
07-09 21:10:42.844 12182 12324 I BatteryMgr:DataCollectionService: stats => 1688929842844,245312,4232
07-09 21:10:42.848 12182 12324 I BatteryMgr:DataCollectionService: stats => 1688929842848,245312,4232
07-09 21:10:42.851 12182 12324 I BatteryMgr:DataCollectionService: stats => 1688929842851,245312,4232
07-09 21:10:42.854 12182 12324 I BatteryMgr:DataCollectionService: stats => 1688929842854,245312,4232
07-09 21:10:42.857 12182 12324 I BatteryMgr:DataCollectionService: stats => 1688929842857,245312,4232
07-09 21:10:42.860 12182 12324 I BatteryMgr:DataCollectionService: stats => 1688929842860,245312,4232
07-09 21:10:42.863 12182 12324 I BatteryMgr:DataCollectionService: stats => 1688929842863,245312,4232
07-09 21:10:42.866 12182 12324 I BatteryMgr:DataCollectionService: stats => 1688929842866,245312,4232
07-09 21:10:42.868 12182 12324 I BatteryMgr:DataCollectionService: stats => 1688929842868,245312,4232
07-09 21:10:42.871 12182 12324 I BatteryMgr:DataCollectionService: stats => 1688929842871,245312,4232
07-09 21:10:42.875 12182 12324 I BatteryMgr:DataCollectionService: stats => 1688929842875,245312,4232
07-09 21:10:42.878 12182 12324 I BatteryMgr:DataCollectionService: stats => 1688929842878,245312,4232
07-09 21:10:42.881 12182 12324 I BatteryMgr:DataCollectionService: stats => 1688929842881,245312,4232
07-09 21:10:42.885 12182 12324 I BatteryMgr:DataCollectionService: stats => 1688929842885,245312,4232
07-09 21:10:42.888 12182 12324 I BatteryMgr:DataCollectionService: stats => 1688929842888,245312,4232
07-09 21:10:42.891 12182 12324 I BatteryMgr:DataCollectionService: stats => 1688929842891,245312,4232
07-09 21:10:42.895 12182 12324 I BatteryMgr:DataCollectionService: stats => 1688929842894,245312,4232
07-09 21:10:42.897 12182 12324 I BatteryMgr:DataCollectionService: stats => 1688929842897,245312,4232
07-09 21:10:42.900 12182 12324 I BatteryMgr:DataCollectionService: stats => 1688929842900,245312,4232
07-09 21:10:42.903 12182 12324 I BatteryMgr:DataCollectionService: stats => 1688929842903,245312,4232
07-09 21:10:42.905 12182 12324 I BatteryMgr:DataCollectionService: stats => 1688929842905,245312,4232
07-09 21:10:42.908 12182 12324 I BatteryMgr:DataCollectionService: stats => 1688929842908,245312,4232
07-09 21:10:42.911 12182 12324 I BatteryMgr:DataCollectionService: stats => 1688929842911,245312,4232
07-09 21:10:42.914 12182 12324 I BatteryMgr:DataCollectionService: stats => 1688929842913,245312,4232
07-09 21:10:42.916 12182 12324 I BatteryMgr:DataCollectionService: stats => 1688929842916,245312,4232
07-09 21:10:42.919 12182 12324 I BatteryMgr:DataCollectionService: stats => 1688929842919,245312,4232
07-09 21:10:42.922 12182 12324 I BatteryMgr:DataCollectionService: stats => 1688929842922,245312,4232
07-09 21:10:42.927 12182 12324 I BatteryMgr:DataCollectionService: stats => 1688929842927,245312,4232
07-09 21:10:42.931 12182 12324 I BatteryMgr:DataCollectionService: stats => 1688929842931,245312,4232
07-09 21:10:42.935 12182 12324 I BatteryMgr:DataCollectionService: stats => 1688929842934,245312,4232
07-09 21:10:42.937 12182 12324 I BatteryMgr:DataCollectionService: stats => 1688929842937,251875,4232
07-09 21:10:42.940 12182 12324 I BatteryMgr:DataCollectionService: stats => 1688929842940,251875,4232
07-09 21:10:42.942 12182 12324 I BatteryMgr:DataCollectionService: stats => 1688929842942,251875,4232
07-09 21:10:42.945 12182 12324 I BatteryMgr:DataCollectionService: stats => 1688929842945,251875,4232
07-09 21:10:42.948 12182 12324 I BatteryMgr:DataCollectionService: stats => 1688929842948,251875,4232
07-09 21:10:42.952 12182 12324 I BatteryMgr:DataCollectionService: stats => 1688929842952,251875,4232
07-09 21:10:42.955 12182 12324 I BatteryMgr:DataCollectionService: stats => 1688929842955,251875,4232
07-09 21:10:42.958 12182 12324 I BatteryMgr:DataCollectionService: stats => 1688929842958,251875,4232
07-09 21:10:42.961 12182 12324 I BatteryMgr:DataCollectionService: stats => 1688929842961,251875,4232
07-09 21:10:42.964 12182 12324 I BatteryMgr:DataCollectionService: stats => 1688929842964,251875,4232
07-09 21:10:42.966 12182 12324 I BatteryMgr:DataCollectionService: stats => 1688929842966,251875,4232
07-09 21:10:42.969 12182 12324 I BatteryMgr:DataCollectionService: stats => 1688929842969,251875,4232
07-09 21:10:42.971 12182 12324 I BatteryMgr:DataCollectionService: stats => 1688929842971,251875,4232
07-09 21:10:42.974 12182 12324 I BatteryMgr:DataCollectionService: stats => 1688929842974,251875,4232
07-09 21:10:42.978 12182 12324 I BatteryMgr:DataCollectionService: stats => 1688929842978,251875,4232
07-09 21:10:42.981 12182 12324 I BatteryMgr:DataCollectionService: stats => 1688929842981,251875,4232
07-09 21:10:42.984 12182 12324 I BatteryMgr:DataCollectionService: stats => 1688929842984,251875,4232
07-09 21:10:42.987 12182 12324 I BatteryMgr:DataCollectionService: stats => 1688929842987,251875,4232
07-09 21:10:42.990 12182 12324 I BatteryMgr:DataCollectionService: stats => 1688929842990,251875,4232
07-09 21:10:42.993 12182 12324 I BatteryMgr:DataCollectionService: stats => 1688929842993,251875,4232
07-09 21:10:42.995  1506 32371 D BufferPoolAccessor2.0: bufferpool2 0xe3983628 : 10(7372800 size) total buffers - 9(6635520 size) used buffers - 327/337 (recycle/alloc) - 10/336 (fetch/transfer)
07-09 21:10:42.997 12182 12324 I BatteryMgr:DataCollectionService: stats => 1688929842997,251875,4232
07-09 21:10:43.000 12182 12324 I BatteryMgr:DataCollectionService: stats => 1688929843000,251875,4232
07-09 21:10:43.003 12182 12324 I BatteryMgr:DataCollectionService: stats => 1688929843003,251875,4232
07-09 21:10:43.006 12182 12324 I BatteryMgr:DataCollectionService: stats => 1688929843006,251875,4232
07-09 21:10:43.009 12182 12324 I BatteryMgr:DataCollectionService: stats => 1688929843009,251875,4232
07-09 21:10:43.013 12182 12324 I BatteryMgr:DataCollectionService: stats => 1688929843013,251875,4232
07-09 21:10:43.015 12182 12324 I BatteryMgr:DataCollectionService: stats => 1688929843015,251875,4232
07-09 21:10:43.018 12182 12324 I BatteryMgr:DataCollectionService: stats => 1688929843018,251875,4232
07-09 21:10:43.021 12182 12324 I BatteryMgr:DataCollectionService: stats => 1688929843021,251875,4232
07-09 21:10:43.023 12182 12324 I BatteryMgr:DataCollectionService: stats => 1688929843023,251875,4232
07-09 21:10:43.026 12182 12324 I BatteryMgr:DataCollectionService: stats => 1688929843026,251875,4232
07-09 21:10:43.029 12182 12324 I BatteryMgr:DataCollectionService: stats => 1688929843029,251875,4232
07-09 21:10:43.032 12182 12324 I BatteryMgr:DataCollectionService: stats => 1688929843032,251875,4232
07-09 21:10:43.034 12182 12324 I BatteryMgr:DataCollectionService: stats => 1688929843034,251875,4232
07-09 21:10:43.037 12182 12324 I BatteryMgr:DataCollectionService: stats => 1688929843037,251875,4232
07-09 21:10:43.040 12182 12324 I BatteryMgr:DataCollectionService: stats => 1688929843040,251875,4232
07-09 21:10:43.042  1506 12283 D BufferPoolAccessor2.0: bufferpool2 0xe39832c8 : 8(65536 size) total buffers - 5(40960 size) used buffers - 503/513 (recycle/alloc) - 10/512 (fetch/transfer)
07-09 21:10:43.044 12182 12324 I BatteryMgr:DataCollectionService: stats => 1688929843044,251875,4232
07-09 21:10:43.046  1522 12288 D BufferPoolAccessor2.0: bufferpool2 0x706aa5ace8 : 5(20480 size) total buffers - 1(4096 size) used buffers - 504/509 (recycle/alloc) - 11/508 (fetch/transfer)
07-09 21:10:43.049 12182 12324 I BatteryMgr:DataCollectionService: stats => 1688929843049,251875,4232
07-09 21:10:43.053 12182 12324 I BatteryMgr:DataCollectionService: stats => 1688929843053,251875,4232
