07-04 01:34:50.584  2819  2819 D [NPS] SharedPreferencesHelper: setElapsedTimeComputed:212882257
07-04 01:34:50.593  2819  2819 D [NPS] SharedPreferencesHelper: setElapsedTime:212882257
07-04 01:34:50.616  2819  2831 W om.evenwell.np: Reducing the number of considered missed Gc histogram windows from 323 to 100
07-04 01:34:50.617  2819  2819 D [NPS] SharedPreferencesHelper: setLastUpdateTime:1688427290593, 2023-07-04 01:34:50
07-04 01:34:50.617  2819  2819 D [NPS] ScheduleManager: updateAlivePeriod ElapsedTime: 2days, 10hours,  8minutes,  2 seconds
07-04 01:34:50.617  2819  2819 D [NPS] ScheduleManager: updateAlivePeriod ElapsedRealtime: 2days, 11hours,  8minutes,  2 seconds
07-04 01:34:50.617  2819  2819 D [NPS] ScheduleManager: updateAlivePeriod ElapsedTimeComputed: 2days, 10hours,  8minutes,  2 seconds
07-04 01:34:50.617  2819  2819 D [NPS] ScheduleManager: updateAlivePeriod AlivePeriod:  2days, 11hours,  8minutes,  2 seconds
07-04 01:34:50.631  2819  2819 D [NPS] NpsScheduler: isNeedLaunchForm:true,dontShowAgain:false
07-04 01:34:50.631  2819  2819 D [NPS] AlarmManagerHelper: factoryTime: 1617001109
07-04 01:34:50.631  2819  2819 D [NPS] AlarmManagerHelper: factoryTime: 2021-01-02 12:00:00
07-04 01:34:50.632  2819  2819 D Util    : device_provisioned: 1
07-04 01:34:50.632  2819  2819 D [NPS] AlarmManagerHelper: checkNpsScheduleAlarm: activationTime :2023-07-01 14:42:38
07-04 01:34:50.632  2819  2819 D [NPS] AlarmManagerHelper: checkNpsScheduleAlarm: nextScheduleTime :2023-07-08 14:42:38
07-04 01:34:50.632  2819  2819 D [NPS] AlarmManagerHelper: checkNpsScheduleAlarm: elapsedTime : 2days, 11hours,  8minutes,  2 seconds
07-04 01:34:50.632  2819  2819 D [NPS] AlarmManagerHelper: checkNpsScheduleAlarm: isExpire :false
07-04 01:34:50.634   560   560 E SELinux : avc:  denied  { find } for interface=vendor.qti.hardware.servicetracker::IServicetracker sid=u:r:system_server:s0 pid=1272 scontext=u:r:system_server:s0 tcontext=u:object_r:default_android_hwservice:s0 tclass=hwservice_manager permissive=0
07-04 01:34:50.639   560   560 E SELinux : avc:  denied  { find } for interface=vendor.qti.hardware.servicetracker::IServicetracker sid=u:r:system_server:s0 pid=1272 scontext=u:r:system_server:s0 tcontext=u:object_r:default_android_hwservice:s0 tclass=hwservice_manager permissive=0
07-04 01:34:50.648 11448 11551 I BatteryMgr:DataCollectionService: stats => 1688427290648,-117675,4289
07-04 01:34:50.753 11448 11551 I BatteryMgr:DataCollectionService: stats => 1688427290753,-117675,4289
07-04 01:34:50.839   560   560 E SELinux : avc:  denied  { find } for interface=vendor.qti.hardware.servicetracker::IServicetracker sid=u:r:system_server:s0 pid=1272 scontext=u:r:system_server:s0 tcontext=u:object_r:default_android_hwservice:s0 tclass=hwservice_manager permissive=0
07-04 01:34:51.149  1272  5191 I ActivityManager: Force stopping e.www.cpufactorialtest appid=10226 user=0: from pid 11625
07-04 01:34:51.150  1272  5191 I ActivityManager: Killing 11501:e.www.cpufactorialtest/u0a226 (adj 0): stop e.www.cpufactorialtest
07-04 01:34:51.152   560   560 E SELinux : avc:  denied  { find } for interface=vendor.qti.hardware.servicetracker::IServicetracker sid=u:r:system_server:s0 pid=1272 scontext=u:r:system_server:s0 tcontext=u:object_r:default_android_hwservice:s0 tclass=hwservice_manager permissive=0
07-04 01:34:51.152  1272  5191 W ActivityTaskManager: Force removing ActivityRecord{276ae21 u0 e.www.cpufactorialtest/.MainActivity t796 f}: app died, no saved state
07-04 01:34:51.167  1272 11628 W IrisConfig: ColorManagerService is not Existed
07-04 01:34:51.176   560   560 I hwservicemanager: getTransport: Cannot find entry vendor.qti.hardware.iop@2.0::IIop/default in either framework or device manifest.
07-04 01:34:51.178  5388  5388 E PhoneInterfaceManager: [PhoneIntfMgr] getCarrierPackageNamesForIntent: No UICC
07-04 01:34:51.178  5388  5388 D CarrierSvcBindHelper: No carrier app for: 0
07-04 01:34:51.178  1272 12292 E ANDR-PERF-JNI: UXEngine Trigger - Returning null
07-04 01:34:51.178  5388  5388 E PhoneInterfaceManager: [PhoneIntfMgr] getCarrierPackageNamesForIntent: No UICC
07-04 01:34:51.178  5388  5388 D CarrierSvcBindHelper: No carrier app for: 1
07-04 01:34:51.179  6139  6139 D RegisteredNfcFServicesCache: Service unchanged, not updating
07-04 01:34:51.194   560   560 E SELinux : avc:  denied  { find } for interface=vendor.qti.hardware.servicetracker::IServicetracker sid=u:r:system_server:s0 pid=1272 scontext=u:r:system_server:s0 tcontext=u:object_r:default_android_hwservice:s0 tclass=hwservice_manager permissive=0
07-04 01:34:51.197  2381  2381 I A       : onStart
07-04 01:34:51.208   560   560 E SELinux : avc:  denied  { find } for interface=vendor.qti.hardware.servicetracker::IServicetracker sid=u:r:system_server:s0 pid=1272 scontext=u:r:system_server:s0 tcontext=u:object_r:default_android_hwservice:s0 tclass=hwservice_manager permissive=0
07-04 01:34:51.210  2381  2381 I A       : onResume
07-04 01:34:51.217  1272  5250 D CompatibilityInfo: mCompatibilityFlags - 0
07-04 01:34:51.217  1272  5250 D CompatibilityInfo: applicationDensity - 420
07-04 01:34:51.217  1272  5250 D CompatibilityInfo: applicationScale - 1.0
07-04 01:34:51.218   560   560 E SELinux : avc:  denied  { find } for interface=vendor.qti.hardware.servicetracker::IServicetracker sid=u:r:system_server:s0 pid=1272 scontext=u:r:system_server:s0 tcontext=u:object_r:default_android_hwservice:s0 tclass=hwservice_manager permissive=0
07-04 01:34:51.220 27083 27083 D BoundBrokerSvc: onBind: Intent { act=com.google.android.gms.inappreach.service.START dat=chimera-action: cmp=com.google.android.gms/.chimera.GmsApiService }
07-04 01:34:51.221 27083 27083 D BoundBrokerSvc: Loading bound service for intent: Intent { act=com.google.android.gms.inappreach.service.START dat=chimera-action: cmp=com.google.android.gms/.chimera.GmsApiService }
07-04 01:34:51.234 14690 14690 D PredictionService: onRequestPredictionUpdate
07-04 01:34:51.235 14690 14690 D PredictionService: update predictions
07-04 01:34:51.235 25207 25207 I GoogleInputMethodService: GoogleInputMethodService.onFinishInput():3306 
07-04 01:34:51.236  4823  4823 I GsaVoiceInteractionSrv: Handling ACTION_START_HOTWORD
07-04 01:34:51.237  4823  4986 I GsaVoiceInteractionSrv: (REDACTED) disregardHotwordSetting: %b
07-04 01:34:51.237  4823  4986 I GsaVoiceInteractionSrv: Cannot start hotword, hotword has been explicitly disabled.
07-04 01:34:51.238 25207 25207 I GoogleInputMethodService: GoogleInputMethodService.updateDeviceLockedStatus():2127 repeatCheckTimes = 0, locked = false
07-04 01:34:51.238 25207 25207 I GoogleInputMethodService: GoogleInputMethodService.onStartInput():1909 onStartInput(EditorInfo{inputType=0x0(NULL) imeOptions=0x0 privateImeOptions=null actionName=UNSPECIFIED actionLabel=null actionId=0 initialSelStart=-1 initialSelEnd=-1 initialCapsMode=0x0 hintText=null label=null packageName=com.android.launcher3 fieldId=-1 fieldName=null extras=null hintLocales=[]}, false)
07-04 01:34:51.238 25207 25207 I GoogleInputMethodService: GoogleInputMethodService.shouldHideHeaderOnInitialState():1990 ShouldHideHeaderOnInitialState = false
07-04 01:34:51.239 25207 25207 I GoogleInputMethodService: GoogleInputMethodService.updateDeviceLockedStatus():2127 repeatCheckTimes = 1, locked = false
07-04 01:34:51.251  1272  1346 W ActivityManager: setHasOverlayUi called on unknown pid: 11501
07-04 01:34:51.253   680   680 I Zygote  : Process 11501 exited due to signal 9 (Killed)
07-04 01:34:51.264  1272  1356 I libprocessgroup: Successfully killed process cgroup uid 10226 pid 11501 in 112ms
07-04 01:34:51.969   779  7045 E ANDR-PERF-MPCTL: poll() has timed out for /sys/module/msm_performance/events/cpu_hotplug
07-04 01:34:51.969   779  7045 E ANDR-PERF-MPCTL: Block on poll()
07-04 01:34:54.672  1272  6130 I ActivityManager: Force stopping com.example.batterymanager_utility appid=10186 user=0: from pid 11636
07-04 01:34:54.674  1272  6130 I ActivityManager: Killing 11448:com.example.batterymanager_utility/u0a186 (adj 700): stop com.example.batterymanager_utility
07-04 01:34:54.675   560   560 E SELinux : avc:  denied  { find } for interface=vendor.qti.hardware.servicetracker::IServicetracker sid=u:r:system_server:s0 pid=1272 scontext=u:r:system_server:s0 tcontext=u:object_r:default_android_hwservice:s0 tclass=hwservice_manager permissive=0
07-04 01:34:54.676  1272  6130 W ActivityTaskManager: Force removing ActivityRecord{50f1110 u0 com.example.batterymanager_utility/.MainActivity t795 f}: app died, no saved state
07-04 01:34:54.688  5388  5388 E PhoneInterfaceManager: [PhoneIntfMgr] getCarrierPackageNamesForIntent: No UICC
07-04 01:34:54.688  5388  5388 D CarrierSvcBindHelper: No carrier app for: 0
07-04 01:34:54.689  5388  5388 E PhoneInterfaceManager: [PhoneIntfMgr] getCarrierPackageNamesForIntent: No UICC
07-04 01:34:54.689  5388  5388 D CarrierSvcBindHelper: No carrier app for: 1
07-04 01:34:54.691  6139  6139 D RegisteredNfcFServicesCache: Service unchanged, not updating
07-04 01:34:54.713  1272  1346 W ActivityManager: setHasOverlayUi called on unknown pid: 11448
07-04 01:34:54.713   680   680 I Zygote  : Process 11448 exited due to signal 9 (Killed)
07-04 01:34:54.714  1272  1356 I libprocessgroup: Successfully killed process cgroup uid 10186 pid 11448 in 40ms
07-04 01:34:54.973   779  7045 E ANDR-PERF-MPCTL: poll() has timed out for /sys/module/msm_performance/events/cpu_hotplug
07-04 01:34:54.973   779  7045 E ANDR-PERF-MPCTL: Block on poll()
07-04 01:34:55.684  1185 11462 I LOWI-8.6.0.67: [LOWI-Scan] lowi_close_record:Scan done in 212179009ms, 6 APs in scan results
07-04 01:34:55.685  1272  6135 D WificondControl: Scan result ready event
07-04 01:34:55.697  1272  4883 D WifiNetworkSelector: Current connected network: "DoodleBoodle" , ID: 0
07-04 01:34:55.697  1272  4883 D WifiNetworkSelector: Current network is 2.4GHz. 5GHz networks available.
07-04 01:34:55.697  1272  4883 D WifiNetworkSelector: Current connected network is not sufficient.
07-04 01:34:55.706  1272  4883 D WifiNetworkSelector: Networks filtered out due to low signal strength: TP-Link_B10F_5G:1c:3b:f3:a3:b1:0e(5GHz)-79 / 
07-04 01:34:55.706  1272  4883 D WifiNetworkSelector: About to run SavedNetworkEvaluator :
07-04 01:34:55.707  1272  4883 D SavedNetworkEvaluator: 
07-04 01:34:55.707  1272  4883 D SavedNetworkEvaluator: [ DoodleBoodle 90:9a:4a:19:d8:a6 RSSI:-50 ]  RSSI score: 100, User selection 212163446 ms ago, bonus: 0, Same network bonus: 16, Same BSSID bonus: 24, Secure network bonus: 80, ## Total score: 220
07-04 01:34:55.707  1272  4883 D WifiNetworkSelector: SavedNetworkEvaluator selects "DoodleBoodle":0
07-04 01:34:55.707  1272  4883 D WifiNetworkSelector: About to run NetworkSuggestionEvaluator :
07-04 01:34:55.708  1272  4883 D WifiNetworkSelector: About to run PasspointNetworkEvaluator :
07-04 01:34:55.715  1272  4883 D PasspointNetworkEvaluator: No suitable Passpoint network found
07-04 01:34:55.716  1272  4883 D WifiNetworkSelector: About to run CarrierNetworkEvaluator :
07-04 01:34:55.716  1272  4883 D WifiNetworkSelector: About to run ScoredNetworkEvaluator :
07-04 01:34:55.717  1272  4883 D WifiNetworkSelector: BubbleFunScorer_v1 would choose 0 score 65.29351697240227+/-0.3625933831437059 expid 42598151
07-04 01:34:55.717  1272  4883 D WifiNetworkSelector: CompatibilityScorer chooses 0 score 219.95+/-10.0 expid 42504592
07-04 01:34:55.717  1272  4883 D WifiNetworkSelector: ScoreCardBasedScorer would choose 0 score 200.0+/-10.0 expid 42902385
07-04 01:34:55.725 26193 15507 I ChimeraSrvcProxy: NullBinder for android.net.action.RECOMMEND_NETWORKS triggering remote TransactionTooLargeException due to Service without Chimera impl
07-04 01:34:56.199  6198  5829 D FileOperator: Mode change to WRITE_MODE!
07-04 01:34:56.431  1272  1360 E BatteryExternalStatsWorker: no controller energy info supplied for bluetooth
07-04 01:34:56.497   679  1256 I netd    : tetherGetStats() <6.94ms>
07-04 01:34:56.529  6198  6198 D DataBatteryUsageRecord: type: WIFI mIsCharging: false diffBytes: 247379 lastBytes: 22630263 currentBytes: 22877642
07-04 01:34:56.529  6198  6198 D DataBatteryUsageRecord: type: MOBILE mIsCharging: false diffBytes: 0 lastBytes: 0 currentBytes: 0
07-04 01:34:56.530  6198  6198 I PowerLog.PwlUtils: fusedValue = true
07-04 01:34:56.530  6198  6198 I AlarmRecord: getAlarmDumpInfo()
07-04 01:34:56.648  6198  6198 I PowerCalculator: writeToTable: 20230704013456,180,1.0,31.1,(0.0,1:3:4,15:0:2),247379,0,8.6,97,28.0,P0Q0,3:0,,,,(),,0,6,0,B0,1601,(),0,0,0,0,,-1
07-04 01:34:56.649  6198  6198 D FileOperator: Mode change to WRITE_MODE!
07-04 01:34:56.664  6198  8357 I PowerLog.PwlUtils: fusedValue = true
07-04 01:34:56.664  6198  8357 I DataBatteryUsageRecord: setDataUsageUpdateFlag!!
07-04 01:34:56.664  6198  8357 D DataBatteryUsageRecord: updateBatteryUsageRecord!!
07-04 01:34:56.664  6198  8357 D DataBatteryUsageRecord: processAppDataUsage!!
07-04 01:34:56.668  6198  6198 D FileOperator: Mode change to WRITE_MODE!
07-04 01:34:56.669  6198  6198 D FileOperator: Mode change to WRITE_MODE!
07-04 01:34:56.680  6198  8357 I DataBatteryUsageRecord: rawRealtimeUs = 212888092000
07-04 01:34:56.682  6198  8357 I DataBatteryUsageRecord: getDataUsageToFile!!
07-04 01:34:56.683  6198  8357 I PowerLog.PwlUtils: fusedValue = true
07-04 01:34:56.683  6198  8357 D FileOperator: Mode change to WRITE_MODE!
07-04 01:34:56.683  6198  8357 D FileOperator: Mode change to WRITE_MODE!
07-04 01:34:56.689  6198  8357 D LOG_TAG : getWakelockUsageNew()!!
07-04 01:34:56.689  6198  8357 D PowerCalculator: saveUsageMapToFile 
07-04 01:34:56.689  6198  8357 D FileOperator: Mode change to WRITE_MODE!
07-04 01:34:56.690  6198  8357 D PowerCalculator: saveUsageMapToFile 
07-04 01:34:56.691  6198  8357 D FileOperator: Mode change to WRITE_MODE!
07-04 01:34:56.692  6198  8357 I PowerLog.PwlUtils: fusedValue = true
07-04 01:34:56.692  6198  8357 D PowerCalculator: topApCounter com.example.batterymanager_utility
07-04 01:34:56.692  6198  8357 D PowerCalculator: topApCounter e.www.cpufactorialtest
07-04 01:34:57.143   560   560 E SELinux : avc:  denied  { find } for interface=vendor.qti.hardware.servicetracker::IServicetracker sid=u:r:system_server:s0 pid=1272 scontext=u:r:system_server:s0 tcontext=u:object_r:default_android_hwservice:s0 tclass=hwservice_manager permissive=0
07-04 01:34:57.192   560   560 I chatty  : uid=1000(system) hwservicemanage identical 1 line
07-04 01:34:57.195   560   560 E SELinux : avc:  denied  { find } for interface=vendor.qti.hardware.servicetracker::IServicetracker sid=u:r:system_server:s0 pid=1272 scontext=u:r:system_server:s0 tcontext=u:object_r:default_android_hwservice:s0 tclass=hwservice_manager permissive=0
07-04 01:34:57.195 26193 26193 D BoundBrokerSvc: onUnbind: Intent { act=com.google.android.gms.phenotype.service.START pkg=com.google.android.gms }
07-04 01:34:57.369   560   560 E SELinux : avc:  denied  { find } for interface=vendor.qti.hardware.servicetracker::IServicetracker sid=u:r:system_server:s0 pid=1272 scontext=u:r:system_server:s0 tcontext=u:object_r:default_android_hwservice:s0 tclass=hwservice_manager permissive=0
07-04 01:34:57.373   560   560 E SELinux : avc:  denied  { find } for interface=vendor.qti.hardware.servicetracker::IServicetracker sid=u:r:system_server:s0 pid=1272 scontext=u:r:system_server:s0 tcontext=u:object_r:default_android_hwservice:s0 tclass=hwservice_manager permissive=0
07-04 01:34:57.975   779  7045 E ANDR-PERF-MPCTL: poll() has timed out for /sys/module/msm_performance/events/cpu_hotplug
07-04 01:34:57.976   779  7045 E ANDR-PERF-MPCTL: Block on poll()
07-04 01:35:00.005  4943  4943 D SystemUIUpdateMonitor: run() curMinutes = 28140455 mLastMinute = 28140454
07-04 01:35:00.006  4943  4943 D SystemUIUpdateMonitor: setTimeHandler() mTimeTICK_receiver.size() = 16
07-04 01:35:00.006  4943  4943 D SystemUIUpdateMonitor: setTimeHandler() newDelay = 59994
