06-12 13:46:33.857 16109 16204 I BatteryMgr:DataCollectionService: stats => 1686570393857,-83,4195
06-12 13:46:33.969 16109 16204 I BatteryMgr:DataCollectionService: stats => 1686570393968,-83,4195
06-12 13:46:34.080 16109 16204 I BatteryMgr:DataCollectionService: stats => 1686570394080,-83,4195
06-12 13:46:34.192 16109 16204 I BatteryMgr:DataCollectionService: stats => 1686570394192,-83,4195
06-12 13:46:34.303 16109 16204 I BatteryMgr:DataCollectionService: stats => 1686570394303,-83,4195
06-12 13:46:34.414 16109 16204 I BatteryMgr:DataCollectionService: stats => 1686570394414,-83,4195
06-12 13:46:34.526 16109 16204 I BatteryMgr:DataCollectionService: stats => 1686570394525,-83,4195
06-12 13:46:34.637 16109 16204 I BatteryMgr:DataCollectionService: stats => 1686570394637,-83,4195
06-12 13:46:34.748 16109 16204 I BatteryMgr:DataCollectionService: stats => 1686570394748,-83,4195
06-12 13:46:34.860 16109 16204 I BatteryMgr:DataCollectionService: stats => 1686570394859,-83,4195
06-12 13:46:34.971 16109 16204 I BatteryMgr:DataCollectionService: stats => 1686570394970,-83,4195
06-12 13:46:35.082 16109 16204 I BatteryMgr:DataCollectionService: stats => 1686570395081,-83,4195
06-12 13:46:35.193 16109 16204 I BatteryMgr:DataCollectionService: stats => 1686570395193,-83,4195
06-12 13:46:35.304 16109 16204 I BatteryMgr:DataCollectionService: stats => 1686570395304,-83,4195
06-12 13:46:35.416 16109 16204 I BatteryMgr:DataCollectionService: stats => 1686570395415,-83,4195
06-12 13:46:35.527 16109 16204 I BatteryMgr:DataCollectionService: stats => 1686570395526,-83,4195
06-12 13:46:35.638 16109 16204 I BatteryMgr:DataCollectionService: stats => 1686570395638,-83,4195
06-12 13:46:35.750 16109 16204 I BatteryMgr:DataCollectionService: stats => 1686570395750,-83,4195
06-12 13:46:35.859 16109 16204 I BatteryMgr:DataCollectionService: stats => 1686570395859,-83,4195
06-12 13:46:35.968 16109 16204 I BatteryMgr:DataCollectionService: stats => 1686570395968,-83,4195
06-12 13:46:36.080 16109 16204 I BatteryMgr:DataCollectionService: stats => 1686570396080,-83,4195
06-12 13:46:36.191 16109 16204 I BatteryMgr:DataCollectionService: stats => 1686570396191,-83,4195
06-12 13:46:36.303 16109 16204 I BatteryMgr:DataCollectionService: stats => 1686570396302,-83,4195
06-12 13:46:36.414 16109 16204 I BatteryMgr:DataCollectionService: stats => 1686570396414,-83,4195
06-12 13:46:36.474  3435  3435 I android.hardware.wifi@1.0-service: getLinkLayerStats
06-12 13:46:36.526 16109 16204 I BatteryMgr:DataCollectionService: stats => 1686570396525,-83,4195
06-12 13:46:36.637 16109 16204 I BatteryMgr:DataCollectionService: stats => 1686570396637,-83,4195
06-12 13:46:36.748 16109 16204 I BatteryMgr:DataCollectionService: stats => 1686570396748,-83,4195
06-12 13:46:36.789  6313  6313 D io_stats: !@ 179,0 r 1083346 35532704 w 759329 15998664 d 41575 8790052 f 243826 247199 iot 871404 745692 th 51200 0 0 pt 0 inp 0 0 90911.636
06-12 13:46:36.860 16109 16204 I BatteryMgr:DataCollectionService: stats => 1686570396860,-83,4195
06-12 13:46:36.971 16109 16204 I BatteryMgr:DataCollectionService: stats => 1686570396971,-83,4195
06-12 13:46:37.082 16109 16204 I BatteryMgr:DataCollectionService: stats => 1686570397082,-83,4195
06-12 13:46:37.194 16109 16204 I BatteryMgr:DataCollectionService: stats => 1686570397194,-83,4195
06-12 13:46:37.305 16109 16204 I BatteryMgr:DataCollectionService: stats => 1686570397305,-83,4195
06-12 13:46:37.416 16109 16204 I BatteryMgr:DataCollectionService: stats => 1686570397416,-83,4195
06-12 13:46:37.527 16109 16204 I BatteryMgr:DataCollectionService: stats => 1686570397527,-83,4195
06-12 13:46:37.595  6943  6996 D ContactsProvider_EventLog: contents_sample_state: [CONTACT contacts(0) data(0) accounts({}) accounts deleted({}) calls([]) countryIso(NL) userId(0)  ]
06-12 13:46:37.595  6943  6996 D ContactsProvider_EventLog: contents_sample_state: [ agr({})  ]
06-12 13:46:37.595  6943  6996 D ContactsProvider_EventLog: contents_sample_state: [ actCnt({android.process.acore(6943)=1})  ]
06-12 13:46:37.595  6943  6996 D ContactsProvider_EventLog: contents_sample_state: [PROFILE contacts(0) data(0) accounts({})  ]
06-12 13:46:37.595  6943  6996 D ContactsProvider_EventLog: contents_sample_state: [SAPROFILE contacts(1) data(2) accounts({vnd.sec.contact.phone (1)=1})  ]
06-12 13:46:37.600  6943  6996 E ContactsProvider_EventLog: Flush buffer to file cnt : 1 size : 0Kb duration : 3ms lastUpdatedAfter : 60083 ms mFlush_time_threasold : 2000 mCurrentSize : 437
06-12 13:46:37.639 16109 16204 I BatteryMgr:DataCollectionService: stats => 1686570397639,-83,4195
06-12 13:46:37.750 16109 16204 I BatteryMgr:DataCollectionService: stats => 1686570397750,-83,4195
06-12 13:46:37.861 16109 16204 I BatteryMgr:DataCollectionService: stats => 1686570397861,-83,4195
06-12 13:46:37.970 16109 16204 I BatteryMgr:DataCollectionService: stats => 1686570397970,-83,4195
06-12 13:46:38.081 16109 16204 I BatteryMgr:DataCollectionService: stats => 1686570398080,-83,4195
06-12 13:46:38.192 16109 16204 I BatteryMgr:DataCollectionService: stats => 1686570398192,-83,4195
06-12 13:46:38.303 16109 16204 I BatteryMgr:DataCollectionService: stats => 1686570398303,-83,4195
06-12 13:46:38.414 16109 16204 I BatteryMgr:DataCollectionService: stats => 1686570398414,-83,4195
06-12 13:46:38.525 16109 16204 I BatteryMgr:DataCollectionService: stats => 1686570398525,-83,4195
06-12 13:46:38.636 16109 16204 I BatteryMgr:DataCollectionService: stats => 1686570398636,-83,4195
06-12 13:46:38.719  5301  5414 D SensorService: [SO] 0.560 -0.622 9.912
06-12 13:46:38.747 16109 16204 I BatteryMgr:DataCollectionService: stats => 1686570398747,-83,4195
06-12 13:46:38.860 16109 16204 I BatteryMgr:DataCollectionService: stats => 1686570398859,-83,4195
06-12 13:46:38.971 16109 16204 I BatteryMgr:DataCollectionService: stats => 1686570398970,-83,4195
06-12 13:46:39.082 16109 16204 I BatteryMgr:DataCollectionService: stats => 1686570399082,-83,4195
06-12 13:46:39.193 16109 16204 I BatteryMgr:DataCollectionService: stats => 1686570399193,-83,4195
06-12 13:46:39.304 16109 16204 I BatteryMgr:DataCollectionService: stats => 1686570399304,-83,4195
06-12 13:46:39.415 16109 16204 I BatteryMgr:DataCollectionService: stats => 1686570399415,-83,4195
06-12 13:46:39.465  5301  8272 D SSRM:k  : SIOP:: AP = 350, PST = 354 (W:30), BAT = 336, USB = 0, CHG = 0
06-12 13:46:39.488  3435  3435 I android.hardware.wifi@1.0-service: getLinkLayerStats
06-12 13:46:39.526 16109 16204 I BatteryMgr:DataCollectionService: stats => 1686570399526,-83,4195
06-12 13:46:39.637 16109 16204 I BatteryMgr:DataCollectionService: stats => 1686570399637,-83,4195
06-12 13:46:39.748 16109 16204 I BatteryMgr:DataCollectionService: stats => 1686570399748,-83,4195
06-12 13:46:39.860 16109 16204 I BatteryMgr:DataCollectionService: stats => 1686570399859,-83,4195
06-12 13:46:39.971 16109 16204 I BatteryMgr:DataCollectionService: stats => 1686570399970,-83,4195
06-12 13:46:40.080 16109 16204 I BatteryMgr:DataCollectionService: stats => 1686570400080,-83,4195
06-12 13:46:40.186 16109 16204 I BatteryMgr:DataCollectionService: stats => 1686570400186,-83,4195
06-12 13:46:40.255  5301  5821 E Watchdog: !@Sync 3028 [2023-06-12 13:46:40.255]
06-12 13:46:40.294 16109 16204 I BatteryMgr:DataCollectionService: stats => 1686570400294,-83,4195
06-12 13:46:40.405 16109 16204 I BatteryMgr:DataCollectionService: stats => 1686570400405,-83,4195
06-12 13:46:40.516 16109 16204 I BatteryMgr:DataCollectionService: stats => 1686570400516,-83,4195
06-12 13:46:40.627 16109 16204 I BatteryMgr:DataCollectionService: stats => 1686570400627,-83,4195
06-12 13:46:40.738 16109 16204 I BatteryMgr:DataCollectionService: stats => 1686570400738,-83,4195
06-12 13:46:40.849 16109 16204 I BatteryMgr:DataCollectionService: stats => 1686570400849,-83,4195
06-12 13:46:40.959 16109 16204 I BatteryMgr:DataCollectionService: stats => 1686570400959,-83,4195
06-12 13:46:41.070 16109 16204 I BatteryMgr:DataCollectionService: stats => 1686570401070,-83,4195
06-12 13:46:41.181 16109 16204 I BatteryMgr:DataCollectionService: stats => 1686570401181,-83,4195
06-12 13:46:41.292 16109 16204 I BatteryMgr:DataCollectionService: stats => 1686570401292,-83,4195
06-12 13:46:41.403 16109 16204 I BatteryMgr:DataCollectionService: stats => 1686570401403,-83,4195
06-12 13:46:41.514 16109 16204 I BatteryMgr:DataCollectionService: stats => 1686570401514,-83,4195
06-12 13:46:41.625 16109 16204 I BatteryMgr:DataCollectionService: stats => 1686570401625,-83,4195
06-12 13:46:41.654 15005 15005 D HealthDataStore: Trying to connect with Health Service fails (error code: 5)
06-12 13:46:41.668 15005 16220 D HealthDataStore: Service for HealthDataStore is connected
06-12 13:46:41.675 15005 16220 D HealthDataStore: Waiting for initialization of Health framework ...
06-12 13:46:41.730 16109 16204 I BatteryMgr:DataCollectionService: stats => 1686570401730,-83,4195
06-12 13:46:41.795  6313  6313 D io_stats: !@ 179,0 r 1083346 35532704 w 759338 15998744 d 41575 8790052 f 243827 247200 iot 871408 745695 th 51200 0 0 pt 0 inp 0 0 90916.642
06-12 13:46:41.839 16109 16204 I BatteryMgr:DataCollectionService: stats => 1686570401839,-83,4195
06-12 13:46:41.947 16109 16204 I BatteryMgr:DataCollectionService: stats => 1686570401947,-83,4195
06-12 13:46:42.053 16109 16204 I BatteryMgr:DataCollectionService: stats => 1686570402053,-83,4195
06-12 13:46:42.164 16109 16204 I BatteryMgr:DataCollectionService: stats => 1686570402163,-83,4195
06-12 13:46:42.272 16109 16204 I BatteryMgr:DataCollectionService: stats => 1686570402272,-83,4195
06-12 13:46:42.382 16109 16204 I BatteryMgr:DataCollectionService: stats => 1686570402382,-83,4195
06-12 13:46:42.493 16109 16204 I BatteryMgr:DataCollectionService: stats => 1686570402493,-83,4195
06-12 13:46:42.510  3435  3435 I android.hardware.wifi@1.0-service: getLinkLayerStats
06-12 13:46:42.604 16109 16204 I BatteryMgr:DataCollectionService: stats => 1686570402604,-83,4195
06-12 13:46:42.693  5301  5345 W StorageManager: getStorageFullBytes DEFAULT_FULL_THRESHOLD_BYTES : 20971520, threadhold : 20971520
06-12 13:46:42.694  5301  5345 W StorageManager: getStorageLowBytes lowPercent : 5, lowBytes : 1260145254, maxLowBytes : 524288000
06-12 13:46:42.697  5301  5345 W DeviceStorageMonitorService: updateBroadcasts(/data) oldLevel:0, newLevel:0, seq:1
06-12 13:46:42.698  5301  5345 W DeviceStorageMonitorService: updateBroadcasts_filenode(/data) fn_oldLevel:0, fn_newLevel:0, seq:1
06-12 13:46:42.714 16109 16204 I BatteryMgr:DataCollectionService: stats => 1686570402714,-83,4195
06-12 13:46:42.826 16109 16204 I BatteryMgr:DataCollectionService: stats => 1686570402825,-83,4195
06-12 13:46:42.938 16109 16204 I BatteryMgr:DataCollectionService: stats => 1686570402938,-83,4195
06-12 13:46:43.049 16109 16204 I BatteryMgr:DataCollectionService: stats => 1686570403049,-83,4195
06-12 13:46:43.160 16109 16204 I BatteryMgr:DataCollectionService: stats => 1686570403159,-83,4195
06-12 13:46:43.270 16109 16204 I BatteryMgr:DataCollectionService: stats => 1686570403270,-83,4195
06-12 13:46:43.381 16109 16204 I BatteryMgr:DataCollectionService: stats => 1686570403380,-83,4195
06-12 13:46:43.491 16109 16204 I BatteryMgr:DataCollectionService: stats => 1686570403491,-83,4195
06-12 13:46:43.604 16109 16204 I BatteryMgr:DataCollectionService: stats => 1686570403604,-83,4195
06-12 13:46:43.714 16109 16204 I BatteryMgr:DataCollectionService: stats => 1686570403714,-83,4195
06-12 13:46:43.825 16109 16204 I BatteryMgr:DataCollectionService: stats => 1686570403825,-83,4195
06-12 13:46:43.936 16109 16204 I BatteryMgr:DataCollectionService: stats => 1686570403936,-83,4195
06-12 13:46:44.046 16109 16204 I BatteryMgr:DataCollectionService: stats => 1686570404046,-83,4195
06-12 13:46:44.157 16109 16204 I BatteryMgr:DataCollectionService: stats => 1686570404157,-83,4195
06-12 13:46:44.268 16109 16204 I BatteryMgr:DataCollectionService: stats => 1686570404268,-83,4195
06-12 13:46:44.376 16109 16204 I BatteryMgr:DataCollectionService: stats => 1686570404376,-83,4195
06-12 13:46:44.482 16109 16204 I BatteryMgr:DataCollectionService: stats => 1686570404481,-83,4195
06-12 13:46:44.592 16109 16204 I BatteryMgr:DataCollectionService: stats => 1686570404591,-83,4195
06-12 13:46:44.702 16109 16204 I BatteryMgr:DataCollectionService: stats => 1686570404702,-83,4195
06-12 13:46:44.813 16109 16204 I BatteryMgr:DataCollectionService: stats => 1686570404812,-83,4195
06-12 13:46:44.924 16109 16204 I BatteryMgr:DataCollectionService: stats => 1686570404923,-83,4195
06-12 13:46:45.034 16109 16204 I BatteryMgr:DataCollectionService: stats => 1686570405034,-83,4195
06-12 13:46:45.145 16109 16204 I BatteryMgr:DataCollectionService: stats => 1686570405144,-83,4195
06-12 13:46:45.256 16109 16204 I BatteryMgr:DataCollectionService: stats => 1686570405256,-83,4195
06-12 13:46:45.367 16109 16204 I BatteryMgr:DataCollectionService: stats => 1686570405366,-83,4195
06-12 13:46:45.477 16109 16204 I BatteryMgr:DataCollectionService: stats => 1686570405477,-83,4195
06-12 13:46:45.520  3435  3435 I android.hardware.wifi@1.0-service: getLinkLayerStats
06-12 13:46:45.588 16109 16204 I BatteryMgr:DataCollectionService: stats => 1686570405588,-83,4195
06-12 13:46:45.698 16109 16204 I BatteryMgr:DataCollectionService: stats => 1686570405698,-83,4195
06-12 13:46:45.809 16109 16204 I BatteryMgr:DataCollectionService: stats => 1686570405809,-83,4195
06-12 13:46:45.920 16109 16204 I BatteryMgr:DataCollectionService: stats => 1686570405920,-83,4195
06-12 13:46:46.031 16109 16204 I BatteryMgr:DataCollectionService: stats => 1686570406030,-83,4195
06-12 13:46:46.141 16109 16204 I BatteryMgr:DataCollectionService: stats => 1686570406141,-83,4195
06-12 13:46:46.252 16109 16204 I BatteryMgr:DataCollectionService: stats => 1686570406252,-83,4195
06-12 13:46:46.362 16109 16204 I BatteryMgr:DataCollectionService: stats => 1686570406362,-83,4195
06-12 13:46:46.471 16109 16204 I BatteryMgr:DataCollectionService: stats => 1686570406471,-83,4195
06-12 13:46:46.579 16109 16204 I BatteryMgr:DataCollectionService: stats => 1686570406579,-83,4195
06-12 13:46:46.690 16109 16204 I BatteryMgr:DataCollectionService: stats => 1686570406690,-83,4195
06-12 13:46:46.800 16109 16204 I BatteryMgr:DataCollectionService: stats => 1686570406800,-83,4195
06-12 13:46:46.800  6313  6313 D io_stats: !@ 179,0 r 1083346 35532704 w 759340 15998796 d 41576 8790056 f 243828 247201 iot 871412 745698 th 51200 0 0 pt 0 inp 0 0 90921.647
06-12 13:46:46.912 16109 16204 I BatteryMgr:DataCollectionService: stats => 1686570406911,-83,4195
06-12 13:46:47.022 16109 16204 I BatteryMgr:DataCollectionService: stats => 1686570407022,-83,4195
06-12 13:46:47.132 16109 16204 I BatteryMgr:DataCollectionService: stats => 1686570407132,-83,4195
06-12 13:46:47.243 16109 16204 I BatteryMgr:DataCollectionService: stats => 1686570407242,-83,4195
06-12 13:46:47.353 16109 16204 I BatteryMgr:DataCollectionService: stats => 1686570407353,-83,4195
06-12 13:46:47.464 16109 16204 I BatteryMgr:DataCollectionService: stats => 1686570407463,-83,4195
06-12 13:46:47.574 16109 16204 I BatteryMgr:DataCollectionService: stats => 1686570407574,-83,4195
06-12 13:46:47.685 16109 16204 I BatteryMgr:DataCollectionService: stats => 1686570407685,-83,4195
06-12 13:46:47.795 16109 16204 I BatteryMgr:DataCollectionService: stats => 1686570407795,-83,4195
06-12 13:46:47.906 16109 16204 I BatteryMgr:DataCollectionService: stats => 1686570407906,-83,4195
06-12 13:46:48.017 16109 16204 I BatteryMgr:DataCollectionService: stats => 1686570408016,-83,4195
06-12 13:46:48.127 16109 16204 I BatteryMgr:DataCollectionService: stats => 1686570408127,-83,4195
06-12 13:46:48.237 16109 16204 I BatteryMgr:DataCollectionService: stats => 1686570408237,-83,4195
06-12 13:46:48.348 16109 16204 I BatteryMgr:DataCollectionService: stats => 1686570408348,-83,4195
06-12 13:46:48.458 16109 16204 I BatteryMgr:DataCollectionService: stats => 1686570408458,-83,4195
06-12 13:46:48.541  3435  3435 I android.hardware.wifi@1.0-service: getLinkLayerStats
06-12 13:46:48.569 16109 16204 I BatteryMgr:DataCollectionService: stats => 1686570408569,-83,4195
06-12 13:46:48.674 16109 16204 I BatteryMgr:DataCollectionService: stats => 1686570408674,-83,4195
06-12 13:46:48.718  5301  5414 D SensorService: [SO] 0.565 -0.603 9.912
06-12 13:46:48.782 16109 16204 I BatteryMgr:DataCollectionService: stats => 1686570408782,-83,4195
06-12 13:46:48.893 16109 16204 I BatteryMgr:DataCollectionService: stats => 1686570408893,-83,4195
06-12 13:46:49.003 16109 16204 I BatteryMgr:DataCollectionService: stats => 1686570409003,-83,4195
06-12 13:46:49.113 16109 16204 I BatteryMgr:DataCollectionService: stats => 1686570409113,-83,4195
06-12 13:46:49.224 16109 16204 I BatteryMgr:DataCollectionService: stats => 1686570409224,-83,4195
06-12 13:46:49.334 16109 16204 I BatteryMgr:DataCollectionService: stats => 1686570409334,-83,4195
06-12 13:46:49.445 16109 16204 I BatteryMgr:DataCollectionService: stats => 1686570409445,-83,4195
06-12 13:46:49.492  5301  8272 D SSRM:k  : SIOP:: AP = 350, PST = 354 (W:30), BAT = 336, USB = 0, CHG = 0
06-12 13:46:49.555 16109 16204 I BatteryMgr:DataCollectionService: stats => 1686570409555,-83,4195
06-12 13:46:49.666 16109 16204 I BatteryMgr:DataCollectionService: stats => 1686570409666,-83,4195
06-12 13:46:49.776 16109 16204 I BatteryMgr:DataCollectionService: stats => 1686570409776,-83,4195
06-12 13:46:49.886 16109 16204 I BatteryMgr:DataCollectionService: stats => 1686570409886,-83,4195
06-12 13:46:49.996 16109 16204 I BatteryMgr:DataCollectionService: stats => 1686570409996,-83,4195
06-12 13:46:50.106 16109 16204 I BatteryMgr:DataCollectionService: stats => 1686570410106,-83,4195
06-12 13:46:50.216 16109 16204 I BatteryMgr:DataCollectionService: stats => 1686570410216,-83,4195
06-12 13:46:50.326 16109 16204 I BatteryMgr:DataCollectionService: stats => 1686570410326,-83,4195
06-12 13:46:50.437 16109 16204 I BatteryMgr:DataCollectionService: stats => 1686570410437,-83,4195
06-12 13:46:50.547 16109 16204 I BatteryMgr:DataCollectionService: stats => 1686570410547,-83,4195
06-12 13:46:50.657 16109 16204 I BatteryMgr:DataCollectionService: stats => 1686570410657,-83,4195
06-12 13:46:50.765 16109 16204 I BatteryMgr:DataCollectionService: stats => 1686570410765,-83,4195
06-12 13:46:50.876 16109 16204 I BatteryMgr:DataCollectionService: stats => 1686570410875,-83,4195
06-12 13:46:50.985 16109 16204 I BatteryMgr:DataCollectionService: stats => 1686570410985,-83,4195
06-12 13:46:51.096 16109 16204 I BatteryMgr:DataCollectionService: stats => 1686570411096,-83,4195
06-12 13:46:51.206 16109 16204 I BatteryMgr:DataCollectionService: stats => 1686570411206,-83,4195
06-12 13:46:51.316 16109 16204 I BatteryMgr:DataCollectionService: stats => 1686570411316,-83,4195
06-12 13:46:51.426 16109 16204 I BatteryMgr:DataCollectionService: stats => 1686570411426,-83,4195
06-12 13:46:51.536 16109 16204 I BatteryMgr:DataCollectionService: stats => 1686570411536,-83,4195
06-12 13:46:51.554  3435  3435 I android.hardware.wifi@1.0-service: getLinkLayerStats
06-12 13:46:51.647 16109 16204 I BatteryMgr:DataCollectionService: stats => 1686570411646,-83,4195
06-12 13:46:51.757 16109 16204 I BatteryMgr:DataCollectionService: stats => 1686570411757,-83,4195
06-12 13:46:51.806  6313  6313 D io_stats: !@ 179,0 r 1083346 35532704 w 759358 15998892 d 41577 8790060 f 243829 247204 iot 871412 745702 th 51200 0 0 pt 0 inp 0 0 90926.653
06-12 13:46:51.867 16109 16204 I BatteryMgr:DataCollectionService: stats => 1686570411867,-83,4195
06-12 13:46:51.977 16109 16204 I BatteryMgr:DataCollectionService: stats => 1686570411977,-83,4195
06-12 13:46:52.088 16109 16204 I BatteryMgr:DataCollectionService: stats => 1686570412088,-83,4195
06-12 13:46:52.198 16109 16204 I BatteryMgr:DataCollectionService: stats => 1686570412198,-83,4195
06-12 13:46:52.309 16109 16204 I BatteryMgr:DataCollectionService: stats => 1686570412308,-83,4195
06-12 13:46:52.419 16109 16204 I BatteryMgr:DataCollectionService: stats => 1686570412419,-83,4195
06-12 13:46:52.529 16109 16204 I BatteryMgr:DataCollectionService: stats => 1686570412529,-83,4195
06-12 13:46:52.639 16109 16204 I BatteryMgr:DataCollectionService: stats => 1686570412639,-83,4195
06-12 13:46:52.749 16109 16204 I BatteryMgr:DataCollectionService: stats => 1686570412749,-83,4195
06-12 13:46:52.858 16109 16204 I BatteryMgr:DataCollectionService: stats => 1686570412858,-83,4195
06-12 13:46:52.962 16109 16204 I BatteryMgr:DataCollectionService: stats => 1686570412962,-83,4195
06-12 13:46:53.070 16109 16204 I BatteryMgr:DataCollectionService: stats => 1686570413069,-83,4195
06-12 13:46:53.179 16109 16204 I BatteryMgr:DataCollectionService: stats => 1686570413179,-83,4195
06-12 13:46:53.290 16109 16204 I BatteryMgr:DataCollectionService: stats => 1686570413289,-83,4195
06-12 13:46:53.400 16109 16204 I BatteryMgr:DataCollectionService: stats => 1686570413399,-83,4195
06-12 13:46:53.510 16109 16204 I BatteryMgr:DataCollectionService: stats => 1686570413509,-83,4195
06-12 13:46:53.620 16109 16204 I BatteryMgr:DataCollectionService: stats => 1686570413620,-83,4195
06-12 13:46:53.730 16109 16204 I BatteryMgr:DataCollectionService: stats => 1686570413730,-83,4195
06-12 13:46:53.840 16109 16204 I BatteryMgr:DataCollectionService: stats => 1686570413840,-83,4195
06-12 13:46:53.950 16109 16204 I BatteryMgr:DataCollectionService: stats => 1686570413950,-83,4195
06-12 13:46:54.060 16109 16204 I BatteryMgr:DataCollectionService: stats => 1686570414060,-83,4195
06-12 13:46:54.170 16109 16204 I BatteryMgr:DataCollectionService: stats => 1686570414170,-83,4195
06-12 13:46:54.280 16109 16204 I BatteryMgr:DataCollectionService: stats => 1686570414280,-83,4195
06-12 13:46:54.390 16109 16204 I BatteryMgr:DataCollectionService: stats => 1686570414390,-83,4195
06-12 13:46:54.500 16109 16204 I BatteryMgr:DataCollectionService: stats => 1686570414500,-83,4195
06-12 13:46:54.576  3435  3435 I android.hardware.wifi@1.0-service: getLinkLayerStats
06-12 13:46:54.610 16109 16204 I BatteryMgr:DataCollectionService: stats => 1686570414610,-83,4195
06-12 13:46:54.721 16109 16204 I BatteryMgr:DataCollectionService: stats => 1686570414721,-83,4195
06-12 13:46:54.831 16109 16204 I BatteryMgr:DataCollectionService: stats => 1686570414830,-83,4195
06-12 13:46:54.941 16109 16204 I BatteryMgr:DataCollectionService: stats => 1686570414941,-83,4195
06-12 13:46:55.049 16109 16204 I BatteryMgr:DataCollectionService: stats => 1686570415049,-83,4195
06-12 13:46:55.159 16109 16204 I BatteryMgr:DataCollectionService: stats => 1686570415159,-83,4195
06-12 13:46:55.269 16109 16204 I BatteryMgr:DataCollectionService: stats => 1686570415269,-83,4195
06-12 13:46:55.380 16109 16204 I BatteryMgr:DataCollectionService: stats => 1686570415379,-83,4195
06-12 13:46:55.489 16109 16204 I BatteryMgr:DataCollectionService: stats => 1686570415489,-83,4195
06-12 13:46:55.600 16109 16204 I BatteryMgr:DataCollectionService: stats => 1686570415599,-83,4195
06-12 13:46:55.710 16109 16204 I BatteryMgr:DataCollectionService: stats => 1686570415709,-83,4195
06-12 13:46:55.820 16109 16204 I BatteryMgr:DataCollectionService: stats => 1686570415819,-83,4195
06-12 13:46:55.929 16109 16204 I BatteryMgr:DataCollectionService: stats => 1686570415929,-83,4195
06-12 13:46:56.040 16109 16204 I BatteryMgr:DataCollectionService: stats => 1686570416039,-83,4195
06-12 13:46:56.150 16109 16204 I BatteryMgr:DataCollectionService: stats => 1686570416150,-83,4195
06-12 13:46:56.260 16109 16204 I BatteryMgr:DataCollectionService: stats => 1686570416260,-83,4195
06-12 13:46:56.370 16109 16204 I BatteryMgr:DataCollectionService: stats => 1686570416370,-83,4195
06-12 13:46:56.480 16109 16204 I BatteryMgr:DataCollectionService: stats => 1686570416480,-83,4195
06-12 13:46:56.590 16109 16204 I BatteryMgr:DataCollectionService: stats => 1686570416590,-83,4195
06-12 13:46:56.700 16109 16204 I BatteryMgr:DataCollectionService: stats => 1686570416700,-83,4195
06-12 13:46:56.810 16109 16204 I BatteryMgr:DataCollectionService: stats => 1686570416810,-83,4195
06-12 13:46:56.812  6313  6313 D io_stats: !@ 179,0 r 1083346 35532704 w 759366 15998936 d 41577 8790060 f 243830 247205 iot 871412 745704 th 51200 0 0 pt 0 inp 0 0 90931.659
06-12 13:46:56.920 16109 16204 I BatteryMgr:DataCollectionService: stats => 1686570416920,-83,4195
06-12 13:46:57.030 16109 16204 I BatteryMgr:DataCollectionService: stats => 1686570417030,-83,4195
06-12 13:46:57.138 16109 16204 I BatteryMgr:DataCollectionService: stats => 1686570417138,-83,4195
06-12 13:46:57.243 16109 16204 I BatteryMgr:DataCollectionService: stats => 1686570417243,-83,4195
06-12 13:46:57.268 16152 16164 I zygote64: Background concurrent copying GC freed 158479(4MB) AllocSpace objects, 0(0B) LOS objects, 49% free, 3MB/7MB, paused 458us total 108.996ms
06-12 13:46:57.350 16109 16204 I BatteryMgr:DataCollectionService: stats => 1686570417350,-83,4195
06-12 13:46:57.460 16109 16204 I BatteryMgr:DataCollectionService: stats => 1686570417460,-83,4195
06-12 13:46:57.570 16109 16204 I BatteryMgr:DataCollectionService: stats => 1686570417570,-83,4195
06-12 13:46:57.585  3435  3435 I android.hardware.wifi@1.0-service: getLinkLayerStats
06-12 13:46:57.680 16109 16204 I BatteryMgr:DataCollectionService: stats => 1686570417680,-83,4195
06-12 13:46:57.790 16109 16204 I BatteryMgr:DataCollectionService: stats => 1686570417790,-83,4195
06-12 13:46:57.900 16109 16204 I BatteryMgr:DataCollectionService: stats => 1686570417900,-83,4195
06-12 13:46:58.010 16109 16204 I BatteryMgr:DataCollectionService: stats => 1686570418010,-83,4195
06-12 13:46:58.120 16109 16204 I BatteryMgr:DataCollectionService: stats => 1686570418120,-83,4195
06-12 13:46:58.230 16109 16204 I BatteryMgr:DataCollectionService: stats => 1686570418230,-83,4195
06-12 13:46:58.340 16109 16204 I BatteryMgr:DataCollectionService: stats => 1686570418340,-83,4195
06-12 13:46:58.450 16109 16204 I BatteryMgr:DataCollectionService: stats => 1686570418450,-83,4195
06-12 13:46:58.560 16109 16204 I BatteryMgr:DataCollectionService: stats => 1686570418560,-83,4195
06-12 13:46:58.666 16109 16204 I BatteryMgr:DataCollectionService: stats => 1686570418665,-83,4195
06-12 13:46:58.719  5301  5414 D SensorService: [SO] 0.565 -0.637 9.893
06-12 13:46:58.775 16109 16204 I BatteryMgr:DataCollectionService: stats => 1686570418775,-83,4195
06-12 13:46:58.881 16109 16204 I BatteryMgr:DataCollectionService: stats => 1686570418881,-87,4195
06-12 13:46:58.991 16109 16204 I BatteryMgr:DataCollectionService: stats => 1686570418991,-87,4195
06-12 13:46:59.057  5301  6043 D BatteryService: !@BatteryListener : batteryPropertiesChanged!
06-12 13:46:59.101 16109 16204 I BatteryMgr:DataCollectionService: stats => 1686570419101,-87,4195
06-12 13:46:59.211 16109 16204 I BatteryMgr:DataCollectionService: stats => 1686570419211,-87,4195
06-12 13:46:59.319 16109 16204 I BatteryMgr:DataCollectionService: stats => 1686570419319,-87,4195
06-12 13:46:59.429 16109 16204 I BatteryMgr:DataCollectionService: stats => 1686570419429,-87,4195
06-12 13:46:59.522  5301  8272 D SSRM:k  : SIOP:: AP = 350, PST = 354 (W:30), BAT = 336, USB = 0, CHG = 0
06-12 13:46:59.540 16109 16204 I BatteryMgr:DataCollectionService: stats => 1686570419540,-87,4195
06-12 13:46:59.651 16109 16204 I BatteryMgr:DataCollectionService: stats => 1686570419650,-87,4195
06-12 13:46:59.758 16109 16204 I BatteryMgr:DataCollectionService: stats => 1686570419758,-87,4195
06-12 13:46:59.867 16109 16204 I BatteryMgr:DataCollectionService: stats => 1686570419867,-87,4195
06-12 13:46:59.977 16109 16204 I BatteryMgr:DataCollectionService: stats => 1686570419977,-87,4195
06-12 13:47:00.000  5301  5428 D SamsungAlarmManager: Expired : 8
06-12 13:47:00.001  5301  5428 V SamsungAlarmManager: Sending to uid : 1000 action=android.intent.action.TIME_TICK alarm=Alarm{c1d513b type 3 when 254234999 android}
06-12 13:47:00.003  5301  5428 V SamsungAlarmManager: Sending to uid : 10074 action=com.samsung.action.EVERY_MINUTE_CLOCK_UPDATE alarm=Alarm{c15e5b1 type 1 when 1686570420000 com.sec.android.app.launcher}
06-12 13:47:00.008  6546  6546 I Launcher: onReceive: com.samsung.action.EVERY_MINUTE_CLOCK_UPDATE
06-12 13:47:00.009  5301  5301 D SamsungAlarmManager: setExact Intent (T:3/F:1/AC:false) 20230612T134800 - CU:1000/CP:5301
06-12 13:47:00.009  5301  5301 I SamsungAlarmManager: setLocked to kernel - T:3 / 20230612T134800, SetElapsed=254294999, nowELAPSED=254235008
06-12 13:47:00.012  5689  5689 D KeyguardUpdateMonitor: received broadcast android.intent.action.TIME_TICK
06-12 13:47:00.013  5689  5689 D KeyguardServiceBoxContainer: refreshTime() 1
06-12 13:47:00.018  5301  6043 D SamsungAlarmManager: setInexact Intent (T:1/F:0/AC:false) 20230612T134800 - CU:10074/CP:6546
06-12 13:47:00.019  6546  6546 I IconView: applyFromShortcutInfo - start GetLive : com.samsung.android.calendar
06-12 13:47:00.020  6546  6546 I IconView: applyFromShortcutInfo - end GetLive : com.samsung.android.calendar
06-12 13:47:00.022  6546  6546 I IconView: applyFromApplicationInfo - start GetLive : com.sec.android.app.clockpackage
06-12 13:47:00.033  6546  6546 D ApplicationPackageManager: we has com.sec.android.app.clockpackage class. reuse it 
06-12 13:47:00.033  6546  6546 D LiveIconLoader: getLiveIcon was called in ClockPackage
06-12 13:47:00.035  6546  6546 D LiveIconLoader: getLiveIcon res = com.sec.android.app.clockpackage
06-12 13:47:00.036  6546  6546 D LiveIconLoader: stdIconSize : 84 , targetIconSize : 94
06-12 13:47:00.036  6546  6546 D LiveIconLoader: mIconDpi : 320 , mTargetIconDpi : 280
06-12 13:47:00.036  5689  5689 D KeyguardUpdateMonitor: handleStatusBarState( false )
06-12 13:47:00.049  6546  6546 I ApplicationPackageManager: load= live icon for com.sec.android.app.clockpackage, from overlay = false
06-12 13:47:00.050  6546  6546 I LiveIconManager: getLiveIcon: complete(sync_created)
06-12 13:47:00.050  6546  6546 I IconView: applyFromApplicationInfo - end GetLive : com.sec.android.app.clockpackage
06-12 13:47:00.051  6546  6546 I IconView: applyFromApplicationInfo - start GetLive : com.samsung.android.calendar
06-12 13:47:00.051  6546  6546 I IconView: applyFromApplicationInfo - end GetLive : com.samsung.android.calendar
06-12 13:47:00.083 16109 16204 I BatteryMgr:DataCollectionService: stats => 1686570420083,-87,4195
06-12 13:47:00.193 16109 16204 I BatteryMgr:DataCollectionService: stats => 1686570420193,-87,4195
06-12 13:47:00.303 16109 16204 I BatteryMgr:DataCollectionService: stats => 1686570420303,-87,4195
06-12 13:47:00.413 16109 16204 I BatteryMgr:DataCollectionService: stats => 1686570420413,-87,4195
06-12 13:47:00.524 16109 16204 I BatteryMgr:DataCollectionService: stats => 1686570420523,-87,4195
06-12 13:47:00.594  3435  3435 I android.hardware.wifi@1.0-service: getLinkLayerStats
06-12 13:47:00.634 16109 16204 I BatteryMgr:DataCollectionService: stats => 1686570420633,-87,4195
06-12 13:47:00.744 16109 16204 I BatteryMgr:DataCollectionService: stats => 1686570420743,-87,4195
06-12 13:47:00.854 16109 16204 I BatteryMgr:DataCollectionService: stats => 1686570420854,-87,4195
06-12 13:47:00.964 16109 16204 I BatteryMgr:DataCollectionService: stats => 1686570420964,-87,4195
06-12 13:47:01.075 16109 16204 I BatteryMgr:DataCollectionService: stats => 1686570421074,-87,4195
06-12 13:47:01.185 16109 16204 I BatteryMgr:DataCollectionService: stats => 1686570421184,-87,4195
06-12 13:47:01.295 16109 16204 I BatteryMgr:DataCollectionService: stats => 1686570421295,-87,4195
06-12 13:47:01.403 16109 16204 I BatteryMgr:DataCollectionService: stats => 1686570421403,-87,4195
06-12 13:47:01.507 16109 16204 I BatteryMgr:DataCollectionService: stats => 1686570421507,-87,4195
06-12 13:47:01.617 16109 16204 I BatteryMgr:DataCollectionService: stats => 1686570421617,-87,4195
06-12 13:47:01.727 16109 16204 I BatteryMgr:DataCollectionService: stats => 1686570421726,-87,4195
06-12 13:47:01.818  6313  6313 D io_stats: !@ 179,0 r 1083346 35532704 w 759372 15998964 d 41577 8790060 f 243831 247206 iot 871412 745706 th 51200 0 0 pt 0 inp 0 0 90936.665
06-12 13:47:01.837 16109 16204 I BatteryMgr:DataCollectionService: stats => 1686570421837,-87,4195
06-12 13:47:01.947 16109 16204 I BatteryMgr:DataCollectionService: stats => 1686570421946,-87,4195
06-12 13:47:02.057 16109 16204 I BatteryMgr:DataCollectionService: stats => 1686570422057,-87,4195
06-12 13:47:02.167 16109 16204 I BatteryMgr:DataCollectionService: stats => 1686570422166,-87,4195
06-12 13:47:02.277 16109 16204 I BatteryMgr:DataCollectionService: stats => 1686570422276,-87,4195
06-12 13:47:02.388 16109 16204 I BatteryMgr:DataCollectionService: stats => 1686570422387,-87,4195
06-12 13:47:02.497 16109 16204 I BatteryMgr:DataCollectionService: stats => 1686570422497,-87,4195
06-12 13:47:02.608 16109 16204 I BatteryMgr:DataCollectionService: stats => 1686570422607,-87,4195
06-12 13:47:02.718 16109 16204 I BatteryMgr:DataCollectionService: stats => 1686570422717,-87,4195
06-12 13:47:02.828 16109 16204 I BatteryMgr:DataCollectionService: stats => 1686570422827,-87,4195
06-12 13:47:02.931  5301  5435 I TLC_TIMA_PKM_initialize: initializing...
06-12 13:47:02.932  5301  5435 I TLC_TIMA_PKM_initialize: root = 0, root_strlen = 1
06-12 13:47:02.932  5301  5435 I TLC_TIMA_PKM_initialize: process = ffffffff00000000000000000000000a, process_strlen = 32
06-12 13:47:02.932  5301  5435 I TZ: mc_tlc_communication: input max_sendmsg_size = 262196
06-12 13:47:02.932  5301  5435 I TZ: mc_tlc_communication: input max_recvmsg_size = 262196
06-12 13:47:02.932  5301  5435 I TZ: mc_tlc_communication: root = 0, root_len = 1
06-12 13:47:02.932  5301  5435 I TZ: mc_tlc_communication: process = ffffffff00000000000000000000000a, process_strlen = 32
06-12 13:47:02.932  5301  5435 I TZ: mc_tlc_communication: aligned max_sendmsg_size = 262208
06-12 13:47:02.932  5301  5435 I TZ: mc_tlc_communication: aligned max_recvmsg_size = 262208
06-12 13:47:02.932  5301  5435 I TZ: mc_tlc_communication: device_id = 0x0
06-12 13:47:02.932  5301  5435 I TZ: mc_tlc_communication: tlc_open() was called
06-12 13:47:02.932  5301  5435 I TZ: mc_tlc_communication: Opening MobiCore device
06-12 13:47:02.932  5301  5435 I TeeSysClient: open mode set to: 0 [hardware/samsung_slsi/exynos7885/mobicore/ClientLib/src/common.cpp:343]
06-12 13:47:02.933  5301  5435 I TeeSysClient: driver version: v6.3 [hardware/samsung_slsi/exynos7885/mobicore/ClientLib/src/driver.cpp:71]
06-12 13:47:02.933  5301  5435 I TeeSysClient: driver open [hardware/samsung_slsi/exynos7885/mobicore/ClientLib/src/driver.cpp:84]
06-12 13:47:02.933  5301  5435 I TeeSysClient: Kinibi access granted by the driver [hardware/samsung_slsi/exynos7885/mobicore/ClientLib/src/common.cpp:217]
06-12 13:47:02.933  5301  5435 I TZ: mc_tlc_communication: Allocating message buffer for TCI
06-12 13:47:02.936  5301  5435 I TZ: mc_tlc_communication: Opening the session
06-12 13:47:02.938 16109 16204 I BatteryMgr:DataCollectionService: stats => 1686570422938,-87,4195
06-12 13:47:02.961  5301  5435 I TZ: mc_tlc_communication: tlc_open() succeeded
06-12 13:47:02.961  5301  5435 E TLC_TIMA_PKM_initialize: tima_pkm : /system/etc/tima/kern_sec_info1
06-12 13:47:02.967  5301  5435 E TLC_TIMA_PKM_initialize: tima_pkm : /system/etc/tima/kern_sec_info2
06-12 13:47:02.973  5301  5435 E TLC_TIMA_PKM_initialize: tima_pkm : /system/etc/tima/kern_sec_info3
06-12 13:47:02.978  5301  5435 E TLC_TIMA_PKM_initialize: tima_pkm : /system/etc/tima/kern_sec_info4
06-12 13:47:02.983  5301  5435 E TLC_TIMA_PKM_initialize: tima_pkm : /system/etc/tima/kern_sec_info5
06-12 13:47:02.998  5301  5435 E TLC_TIMA_PKM_initialize: tima_pkm : /system/etc/tima/kern_sec_info6
06-12 13:47:03.000  5301  5435 E TLC_TIMA_PKM_initialize: tima_pkm : /system/etc/tima/kern_sec_info7
06-12 13:47:03.003  5301  5435 E TLC_TIMA_PKM_initialize: tima_pkm : /system/etc/tima/kern_sec_info8
06-12 13:47:03.005  5301  5435 I TLC_TIMA_PKM_initialize: Trustlet response is completed
06-12 13:47:03.044 16109 16204 I BatteryMgr:DataCollectionService: stats => 1686570423044,-87,4195
06-12 13:47:03.154 16109 16204 I BatteryMgr:DataCollectionService: stats => 1686570423154,-87,4195
06-12 13:47:03.263 16109 16204 I BatteryMgr:DataCollectionService: stats => 1686570423263,-87,4195
06-12 13:47:03.322  5689  5922 D NetworkController.MobileSignalController(0/-2): onSignalStrengthsChanged signalStrength=SignalStrength: 21 99 -21 -200 -21 -200 -1 99 2147483647 2147483647 2147483647 2147483647 0 2147483647 0x4 P gsm|lte level=4
06-12 13:47:03.323  5689  5922 D NetworkController.MobileSignalController(0/-2): getMobileIconGroup(): 0
06-12 13:47:03.373 16109 16204 I BatteryMgr:DataCollectionService: stats => 1686570423373,-87,4195
06-12 13:47:03.483 16109 16204 I BatteryMgr:DataCollectionService: stats => 1686570423483,-87,4195
06-12 13:47:03.591 16109 16204 I BatteryMgr:DataCollectionService: stats => 1686570423591,-87,4195
06-12 13:47:03.615  3435  3435 I android.hardware.wifi@1.0-service: getLinkLayerStats
06-12 13:47:03.701 16109 16204 I BatteryMgr:DataCollectionService: stats => 1686570423700,-87,4195
06-12 13:47:03.810 16109 16204 I BatteryMgr:DataCollectionService: stats => 1686570423810,-87,4195
06-12 13:47:03.921 16109 16204 I BatteryMgr:DataCollectionService: stats => 1686570423921,-87,4195
06-12 13:47:04.031 16109 16204 I BatteryMgr:DataCollectionService: stats => 1686570424031,-87,4195
06-12 13:47:04.141 16109 16204 I BatteryMgr:DataCollectionService: stats => 1686570424141,-87,4195
06-12 13:47:04.251 16109 16204 I BatteryMgr:DataCollectionService: stats => 1686570424250,-87,4195
06-12 13:47:04.361 16109 16204 I BatteryMgr:DataCollectionService: stats => 1686570424360,-87,4195
06-12 13:47:04.471 16109 16204 I BatteryMgr:DataCollectionService: stats => 1686570424470,-87,4195
06-12 13:47:04.581 16109 16204 I BatteryMgr:DataCollectionService: stats => 1686570424581,-87,4195
06-12 13:47:04.691 16109 16204 I BatteryMgr:DataCollectionService: stats => 1686570424691,-87,4195
06-12 13:47:04.801 16109 16204 I BatteryMgr:DataCollectionService: stats => 1686570424801,-87,4195
06-12 13:47:04.911 16109 16204 I BatteryMgr:DataCollectionService: stats => 1686570424911,-87,4195
06-12 13:47:05.021 16109 16204 I BatteryMgr:DataCollectionService: stats => 1686570425021,-87,4195
06-12 13:47:05.131 16109 16204 I BatteryMgr:DataCollectionService: stats => 1686570425131,-87,4195
06-12 13:47:05.241 16109 16204 I BatteryMgr:DataCollectionService: stats => 1686570425241,-87,4195
06-12 13:47:05.351 16109 16204 I BatteryMgr:DataCollectionService: stats => 1686570425351,-87,4195
06-12 13:47:05.460 16109 16204 I BatteryMgr:DataCollectionService: stats => 1686570425460,-87,4195
06-12 13:47:05.570 16109 16204 I BatteryMgr:DataCollectionService: stats => 1686570425570,-87,4195
06-12 13:47:05.678 16109 16204 I BatteryMgr:DataCollectionService: stats => 1686570425678,-87,4195
06-12 13:47:05.786 16109 16204 I BatteryMgr:DataCollectionService: stats => 1686570425786,-87,4195
06-12 13:47:05.896 16109 16204 I BatteryMgr:DataCollectionService: stats => 1686570425896,-87,4195
06-12 13:47:06.006 16109 16204 I BatteryMgr:DataCollectionService: stats => 1686570426006,-87,4195
06-12 13:47:06.117 16109 16204 I BatteryMgr:DataCollectionService: stats => 1686570426117,-87,4195
06-12 13:47:06.227 16109 16204 I BatteryMgr:DataCollectionService: stats => 1686570426227,-87,4195
06-12 13:47:06.337 16109 16204 I BatteryMgr:DataCollectionService: stats => 1686570426337,-87,4195
06-12 13:47:06.447 16109 16204 I BatteryMgr:DataCollectionService: stats => 1686570426447,-87,4195
06-12 13:47:06.557 16109 16204 I BatteryMgr:DataCollectionService: stats => 1686570426557,-87,4195
06-12 13:47:06.636  3435  3435 I android.hardware.wifi@1.0-service: getLinkLayerStats
06-12 13:47:06.667 16109 16204 I BatteryMgr:DataCollectionService: stats => 1686570426666,-87,4195
06-12 13:47:06.776 16109 16204 I BatteryMgr:DataCollectionService: stats => 1686570426776,-87,4195
06-12 13:47:06.824  6313  6313 D io_stats: !@ 179,0 r 1083346 35532704 w 759377 15998984 d 41577 8790060 f 243831 247206 iot 871412 745707 th 51200 0 0 pt 0 inp 0 0 90941.671
06-12 13:47:06.886 16109 16204 I BatteryMgr:DataCollectionService: stats => 1686570426886,-87,4195
06-12 13:47:06.995 16109 16204 I BatteryMgr:DataCollectionService: stats => 1686570426995,-87,4195
06-12 13:47:07.105 16109 16204 I BatteryMgr:DataCollectionService: stats => 1686570427105,-87,4195
06-12 13:47:07.215 16109 16204 I BatteryMgr:DataCollectionService: stats => 1686570427214,-87,4195
06-12 13:47:07.324 16109 16204 I BatteryMgr:DataCollectionService: stats => 1686570427324,-87,4195
06-12 13:47:07.434 16109 16204 I BatteryMgr:DataCollectionService: stats => 1686570427434,-87,4195
06-12 13:47:07.544 16109 16204 I BatteryMgr:DataCollectionService: stats => 1686570427543,-87,4195
06-12 13:47:07.653 16109 16204 I BatteryMgr:DataCollectionService: stats => 1686570427653,-87,4195
06-12 13:47:07.762 16109 16204 I BatteryMgr:DataCollectionService: stats => 1686570427762,-87,4195
06-12 13:47:07.869 16109 16204 I BatteryMgr:DataCollectionService: stats => 1686570427869,-87,4195
06-12 13:47:07.979 16109 16204 I BatteryMgr:DataCollectionService: stats => 1686570427979,-87,4195
06-12 13:47:08.089 16109 16204 I BatteryMgr:DataCollectionService: stats => 1686570428089,-87,4195
06-12 13:47:08.198 16109 16204 I BatteryMgr:DataCollectionService: stats => 1686570428198,-87,4195
06-12 13:47:08.308 16109 16204 I BatteryMgr:DataCollectionService: stats => 1686570428308,-87,4195
06-12 13:47:08.417 16109 16204 I BatteryMgr:DataCollectionService: stats => 1686570428417,-87,4195
06-12 13:47:08.527 16109 16204 I BatteryMgr:DataCollectionService: stats => 1686570428527,-87,4195
06-12 13:47:08.638 16109 16204 I BatteryMgr:DataCollectionService: stats => 1686570428638,-87,4195
06-12 13:47:08.720  5301  5414 D SensorService: [SO] 0.560 -0.613 9.912
06-12 13:47:08.747 16109 16204 I BatteryMgr:DataCollectionService: stats => 1686570428747,-87,4195
06-12 13:47:08.857 16109 16204 I BatteryMgr:DataCollectionService: stats => 1686570428857,-87,4195
06-12 13:47:08.967 16109 16204 I BatteryMgr:DataCollectionService: stats => 1686570428967,-87,4195
06-12 13:47:09.078 16109 16204 I BatteryMgr:DataCollectionService: stats => 1686570429077,-87,4195
06-12 13:47:09.188 16109 16204 I BatteryMgr:DataCollectionService: stats => 1686570429187,-87,4195
06-12 13:47:09.297 16109 16204 I BatteryMgr:DataCollectionService: stats => 1686570429297,-87,4195
06-12 13:47:09.408 16109 16204 I BatteryMgr:DataCollectionService: stats => 1686570429407,-87,4195
06-12 13:47:09.517 16109 16204 I BatteryMgr:DataCollectionService: stats => 1686570429517,-87,4195
06-12 13:47:09.552  5301  8272 D SSRM:k  : SIOP:: AP = 350, PST = 353 (W:30), BAT = 336, USB = 0, CHG = 0
06-12 13:47:09.621  5301  5435 I TLC_TIMA_PKM_measure_kernel: TIMA: response_id = 3
06-12 13:47:09.622  5301  5435 I TLC_TIMA_PKM_measure_kernel: TIMA: response ret = 0, result_ondemand = MSG=Kernel Verification Success;
06-12 13:47:09.622  5301  5435 I TZ: mc_tlc_communication: tlc_close() was called
06-12 13:47:09.622  5301  5435 I TZ: mc_tlc_communication: Closing the session
06-12 13:47:09.623  5301  5435 I TZ: mc_tlc_communication: Freeing message buffer
06-12 13:47:09.623 16109 16204 I BatteryMgr:DataCollectionService: stats => 1686570429623,-87,4195
06-12 13:47:09.623  5301  5435 I TZ: mc_tlc_communication: Closing MobiCore device
06-12 13:47:09.623  5301  5435 I TeeSysClient: driver closed [hardware/samsung_slsi/exynos7885/mobicore/ClientLib/src/driver.cpp:95]
06-12 13:47:09.623  5301  5435 I TZ: mc_tlc_communication: tlc_close() finished
06-12 13:47:09.644  3435  3435 I android.hardware.wifi@1.0-service: getLinkLayerStats
06-12 13:47:09.732 16109 16204 I BatteryMgr:DataCollectionService: stats => 1686570429732,-87,4195
06-12 13:47:09.842 16109 16204 I BatteryMgr:DataCollectionService: stats => 1686570429841,-87,4195
06-12 13:47:09.949 16109 16204 I BatteryMgr:DataCollectionService: stats => 1686570429949,-87,4195
06-12 13:47:10.056 16109 16204 I BatteryMgr:DataCollectionService: stats => 1686570430056,-87,4195
06-12 13:47:10.165 16109 16204 I BatteryMgr:DataCollectionService: stats => 1686570430165,-87,4195
06-12 13:47:10.264  5301  5821 E Watchdog: !@Sync 3029 [2023-06-12 13:47:10.264]
06-12 13:47:10.275 16109 16204 I BatteryMgr:DataCollectionService: stats => 1686570430274,-87,4195
06-12 13:47:10.385 16109 16204 I BatteryMgr:DataCollectionService: stats => 1686570430384,-87,4195
06-12 13:47:10.494 16109 16204 I BatteryMgr:DataCollectionService: stats => 1686570430494,-87,4195
06-12 13:47:10.604 16109 16204 I BatteryMgr:DataCollectionService: stats => 1686570430604,-87,4195
06-12 13:47:10.714 16109 16204 I BatteryMgr:DataCollectionService: stats => 1686570430713,-87,4195
06-12 13:47:10.823 16109 16204 I BatteryMgr:DataCollectionService: stats => 1686570430823,-87,4195
06-12 13:47:10.933 16109 16204 I BatteryMgr:DataCollectionService: stats => 1686570430933,-87,4195
06-12 13:47:11.042 16109 16204 I BatteryMgr:DataCollectionService: stats => 1686570431042,-87,4195
06-12 13:47:11.152 16109 16204 I BatteryMgr:DataCollectionService: stats => 1686570431152,-87,4195
06-12 13:47:11.261 16109 16204 I BatteryMgr:DataCollectionService: stats => 1686570431261,-87,4195
06-12 13:47:11.371 16109 16204 I BatteryMgr:DataCollectionService: stats => 1686570431371,-87,4195
06-12 13:47:11.481 16109 16204 I BatteryMgr:DataCollectionService: stats => 1686570431481,-87,4195
06-12 13:47:11.591 16109 16204 I BatteryMgr:DataCollectionService: stats => 1686570431591,-87,4195
06-12 13:47:11.701 16109 16204 I BatteryMgr:DataCollectionService: stats => 1686570431701,-87,4195
06-12 13:47:11.810 16109 16204 I BatteryMgr:DataCollectionService: stats => 1686570431810,-87,4195
06-12 13:47:11.830  6313  6313 D io_stats: !@ 179,0 r 1083346 35532704 w 759383 15999016 d 41577 8790060 f 243832 247207 iot 871412 745709 th 51200 0 0 pt 0 inp 0 0 90946.677
06-12 13:47:11.920 16109 16204 I BatteryMgr:DataCollectionService: stats => 1686570431920,-87,4195
06-12 13:47:12.028 16109 16204 I BatteryMgr:DataCollectionService: stats => 1686570432028,-87,4195
06-12 13:47:12.132 16109 16204 I BatteryMgr:DataCollectionService: stats => 1686570432132,-87,4195
06-12 13:47:12.242 16109 16204 I BatteryMgr:DataCollectionService: stats => 1686570432242,-87,4195
06-12 13:47:12.351 16109 16204 I BatteryMgr:DataCollectionService: stats => 1686570432351,-87,4195
06-12 13:47:12.461 16109 16204 I BatteryMgr:DataCollectionService: stats => 1686570432461,-87,4195
06-12 13:47:12.571 16109 16204 I BatteryMgr:DataCollectionService: stats => 1686570432570,-87,4195
06-12 13:47:12.654  3435  3435 I android.hardware.wifi@1.0-service: getLinkLayerStats
06-12 13:47:12.681 16109 16204 I BatteryMgr:DataCollectionService: stats => 1686570432680,-87,4195
06-12 13:47:12.786 16109 16204 I BatteryMgr:DataCollectionService: stats => 1686570432786,-87,4195
06-12 13:47:12.895 16109 16204 I BatteryMgr:DataCollectionService: stats => 1686570432895,-87,4195
06-12 13:47:13.005 16109 16204 I BatteryMgr:DataCollectionService: stats => 1686570433005,-87,4195
06-12 13:47:13.114 16109 16204 I BatteryMgr:DataCollectionService: stats => 1686570433114,-87,4195
06-12 13:47:13.224 16109 16204 I BatteryMgr:DataCollectionService: stats => 1686570433224,-87,4195
06-12 13:47:13.334 16109 16204 I BatteryMgr:DataCollectionService: stats => 1686570433334,-87,4195
06-12 13:47:13.443 16109 16204 I BatteryMgr:DataCollectionService: stats => 1686570433443,-87,4195
06-12 13:47:13.553 16109 16204 I BatteryMgr:DataCollectionService: stats => 1686570433553,-87,4195
06-12 13:47:13.662 16109 16204 I BatteryMgr:DataCollectionService: stats => 1686570433662,-87,4195
06-12 13:47:13.772 16109 16204 I BatteryMgr:DataCollectionService: stats => 1686570433772,-87,4195
06-12 13:47:13.882 16109 16204 I BatteryMgr:DataCollectionService: stats => 1686570433881,-87,4195
06-12 13:47:13.993 16109 16204 I BatteryMgr:DataCollectionService: stats => 1686570433992,-87,4195
06-12 13:47:14.102 16109 16204 I BatteryMgr:DataCollectionService: stats => 1686570434102,-87,4195
06-12 13:47:14.210 16109 16204 I BatteryMgr:DataCollectionService: stats => 1686570434210,-87,4195
06-12 13:47:14.318 16109 16204 I BatteryMgr:DataCollectionService: stats => 1686570434318,-87,4195
06-12 13:47:14.428 16109 16204 I BatteryMgr:DataCollectionService: stats => 1686570434428,-87,4195
06-12 13:47:14.537 16109 16204 I BatteryMgr:DataCollectionService: stats => 1686570434537,-87,4195
06-12 13:47:14.594  9136  9193 D ScanRecord: Not a Multi Manu data
06-12 13:47:14.596  9136  9193 I chatty  : uid=1002(bluetooth) BT Service Call identical 11 lines
06-12 13:47:14.596  9136  9193 D ScanRecord: Not a Multi Manu data
06-12 13:47:14.647 16109 16204 I BatteryMgr:DataCollectionService: stats => 1686570434647,-87,4195
06-12 13:47:14.757 16109 16204 I BatteryMgr:DataCollectionService: stats => 1686570434757,-87,4195
06-12 13:47:14.866 16109 16204 I BatteryMgr:DataCollectionService: stats => 1686570434866,-87,4195
06-12 13:47:14.976 16109 16204 I BatteryMgr:DataCollectionService: stats => 1686570434976,-87,4195
06-12 13:47:15.086 16109 16204 I BatteryMgr:DataCollectionService: stats => 1686570435086,-87,4195
06-12 13:47:15.195 16109 16204 I BatteryMgr:DataCollectionService: stats => 1686570435195,-87,4195
06-12 13:47:15.305 16109 16204 I BatteryMgr:DataCollectionService: stats => 1686570435304,-87,4195
06-12 13:47:15.414 16109 16204 I BatteryMgr:DataCollectionService: stats => 1686570435414,-87,4195
06-12 13:47:15.525 16109 16204 I BatteryMgr:DataCollectionService: stats => 1686570435524,-87,4195
06-12 13:47:15.634 16109 16204 I BatteryMgr:DataCollectionService: stats => 1686570435634,-87,4195
06-12 13:47:15.673  3435  3435 I android.hardware.wifi@1.0-service: getLinkLayerStats
