07-03 12:03:29.854 13555  4994 W AdvertisingIdClient: 	at android.os.Handler.dispatchMessage(Handler.java:105)
07-03 12:03:29.854 13555  4994 W AdvertisingIdClient: 	at android.os.Looper.loop(Looper.java:164)
07-03 12:03:29.854 13555  4994 W AdvertisingIdClient: 	at android.os.HandlerThread.run(HandlerThread.java:65)
07-03 12:03:29.872  4014  8016 D ConnectivityService: filterNetworkStateForUid() uid: 10025 networkInfo: [type: WIFI[] - WIFI, state: CONNECTED/CONNECTED, reason: (unspecified), extra: "DoodleBoodle", failover: false, available: true, roaming: false, metered: false]
07-03 12:03:29.923 13555  4994 D GOS:RequestHeader: google_advertising_id : 92adab53-c048-4a03-8995-15a80f02d014
07-03 12:03:29.923 13555  4994 D GOS:RequestHeader: available_feature_flag : 35254582155354391
07-03 12:03:29.923 13555  4994 D GOS:RequestHeader: server_feature_flag_policy : NNNNN000NNNNNNNNNNN0NNN000NN00NN0NNN1NNNNNN000NNNN0NNNNN
07-03 12:03:29.923 13555  4994 D GOS:RequestHeader: default_feature_flag : 22518273019130647
07-03 12:03:29.923 13555  4994 D GOS:RequestHeader: enabled_feature_flag : 22518341734375703
07-03 12:03:29.924 13555  4994 D GOS:NetworkConnector: mBaseUrl: https://service.game-mode.net/gamemode
07-03 12:03:29.925 13555  4994 D GOS:DatabaseHelper: getGameCount() result: 0
07-03 12:03:29.926 13555  4994 D GOS:DatabaseHelper: getGameCount() result: 0
07-03 12:03:29.926 13555  4994 D GOS:DataManager: onAlarm(), too early. skip update. millisFromLastUpdate: 8452862
07-03 12:03:29.927 13555  4994 D GOS:MainIntentService: there is gamemanger. don't start GameService
07-03 12:03:29.929 13555 13555 D GOS:MainIntentService: onDestroy
07-03 12:03:30.112  4871  4971 I BatteryMgr:DataCollectionService: stats => 1688378610112,-104,4195
07-03 12:03:31.126  4871  4971 I BatteryMgr:DataCollectionService: stats => 1688378611125,-104,4195
07-03 12:03:32.138  4871  4971 I BatteryMgr:DataCollectionService: stats => 1688378612138,-104,4195
07-03 12:03:32.281  3442  3442 I android.hardware.wifi@1.0-service: getLinkLayerStats
07-03 12:03:32.418  7327  7327 D io_stats: !@ 179,0 r 211277 8944006 w 188132 8126952 d 11637 1590200 f 60779 61074 iot 239820 202759 th 51200 0 0 pt 0 inp 0 0 8669.075
07-03 12:03:33.151  4871  4971 I BatteryMgr:DataCollectionService: stats => 1688378613151,-104,4195
07-03 12:03:33.651  4014 10048 D SSRM:k  : SIOP:: AP = 290, PST = 293 (W:30), BAT = 277, USB = 0, CHG = 0
07-03 12:03:34.164  4871  4971 I BatteryMgr:DataCollectionService: stats => 1688378614163,-104,4195
07-03 12:03:35.176  4871  4971 I BatteryMgr:DataCollectionService: stats => 1688378615176,-104,4195
07-03 12:03:35.291  3442  3442 I android.hardware.wifi@1.0-service: getLinkLayerStats
07-03 12:03:36.189  4871  4971 I BatteryMgr:DataCollectionService: stats => 1688378616189,-104,4195
07-03 12:03:36.195  4014  8058 D ConnectivityService: filterNetworkStateForUid() uid: 10025 networkInfo: [type: WIFI[] - WIFI, state: CONNECTED/CONNECTED, reason: (unspecified), extra: "DoodleBoodle", failover: false, available: true, roaming: false, metered: false]
07-03 12:03:36.858  4014  8058 D SamsungAlarmManager: Cancel Alarm calling from uid:10025 pid :32096 / op:PendingIntent{8beaa78: PendingIntentRecord{5fed5eb com.google.android.gms startService}}
07-03 12:03:37.202  4871  4971 I BatteryMgr:DataCollectionService: stats => 1688378617201,-104,4195
07-03 12:03:37.424  7327  7327 D io_stats: !@ 179,0 r 211277 8944006 w 188151 8127120 d 11638 1590212 f 60780 61075 iot 239824 202764 th 51200 0 0 pt 0 inp 0 0 8674.081
07-03 12:03:37.571  4014  4111 D SensorService: [SO] 0.043 -0.235 9.917
07-03 12:03:37.676 32187 32187 E adbd    : recv: OPEN 0000242e 00000000 003a:73 68 65 6C 6C 2C 76 32 2C 54 45 52 4D 3D 73 63 72 65 65 6E 2C 72 61 77 3A 67 65 74 70 72 6F 70 20 72 6F 2E 62 75 69 6C 64 2E 76 65 72 73 69 6F 6E 2E 72 65 6C 65 61 73 65 00 
07-03 12:03:37.676 32187 32187 E adbd    : service_to_fd: shell,v2,TERM=screen,raw:getprop ro.build.version.release
07-03 12:03:38.007 32187 32187 E adbd    : recv: OPEN 00002431 00000000 0036:73 68 65 6C 6C 2C 76 32 2C 54 45 52 4D 3D 73 63 72 65 65 6E 2C 72 61 77 3A 67 65 74 70 72 6F 70 20 72 6F 2E 62 75 69 6C 64 2E 76 65 72 73 69 6F 6E 2E 73 64 6B 00 
07-03 12:03:38.008 32187 32187 E adbd    : service_to_fd: shell,v2,TERM=screen,raw:getprop ro.build.version.sdk
07-03 12:03:38.215  4871  4971 I BatteryMgr:DataCollectionService: stats => 1688378618214,-104,4195
07-03 12:03:38.304  3442  3442 I android.hardware.wifi@1.0-service: getLinkLayerStats
07-03 12:03:38.335 32187 32187 E adbd    : recv: OPEN 00002434 00000000 0084:73 68 65 6C 6C 2C 76 32 2C 54 45 52 4D 3D 73 63 72 65 65 6E 2C 72 61 77 3A 61 6D 20 73 74 6F 70 73 65 72 76 69 63 65 20 63 6F 6D 2E 65 78 61 6D 70 6C 65 2E 62 61 74 74 65 72 79 6D 61 6E 61 67 65 72 5F 75 74 69 6C 69 74 79 2F 63 6F 6D 2E 65 78 61 6D 70 6C 65 2E 62 61 74 74 65 72 79 6D 61 6E 61 67 65 72 5F 75 74 69 6C 69 74 79 2E 44 61 74 61 43 6F 6C 6C 65 63 74 69 6F 6E 53 65 72 76 69 63 65 00 
07-03 12:03:38.335 32187 32187 E adbd    : service_to_fd: shell,v2,TERM=screen,raw:am stopservice com.example.batterymanager_utility/com.example.batterymanager_utility.DataCollectionService
07-03 12:03:38.440  4014  4031 D ApplicationPolicy: isStatusBarNotificationAllowedAsUser: packageName = android,userId = 0
07-03 12:03:38.440  4014  4031 D API test: getContainerInfo: value is 
07-03 12:03:38.441  4014  4031 D ApplicationPolicy: isStatusBarNotificationAllowedAsUser: packageName = android,userId = 0
07-03 12:03:38.441  4014  4031 D API test: getContainerInfo: value is 
07-03 12:03:38.444  4014  4014 D AudioService: getStreamVolume 5 index 110
07-03 12:03:38.446  4014  8016 D Notification: allPendingIntents
07-03 12:03:38.447  4014 10602 D Notification: allPendingIntents
07-03 12:03:38.464  6750  6750 D KeyguardUpdateMonitor: handleStatusBarState( false )
07-03 12:03:38.480 32187 32187 E adbd    : recv: OPEN 00002437 00000000 006e:73 68 65 6C 6C 2C 76 32 2C 54 45 52 4D 3D 73 63 72 65 65 6E 2C 72 61 77 3A 64 75 6D 70 73 79 73 20 61 63 74 69 76 69 74 79 20 72 65 63 65 6E 74 73 20 7C 20 67 72 65 70 20 22 52 65 63 65 6E 74 20 23 30 22 20 7C 20 63 75 74 20 2D 64 20 22 3D 22 20 2D 66 32 20 7C 20 67 72 65 70 20 2D 6F 20 2D 70 20 22 5B 61 2D 7A 7C 2E 5D 2A 22 00 
07-03 12:03:38.481 32187 32187 E adbd    : service_to_fd: shell,v2,TERM=screen,raw:dumpsys activity recents | grep "Recent #0" | cut -d "=" -f2 | grep -o -p "[a-z|.]*"
07-03 12:03:38.487  6750  6750 D KeyguardUpdateMonitor: handleStatusBarState( false )
07-03 12:03:38.497  6750  6750 D KeyguardUpdateMonitor: handleStatusBarState( false )
07-03 12:03:38.600 32187 32187 E adbd    : recv: OPEN 0000243a 00000000 003a:73 68 65 6C 6C 2C 76 32 2C 54 45 52 4D 3D 73 63 72 65 65 6E 2C 72 61 77 3A 67 65 74 70 72 6F 70 20 72 6F 2E 62 75 69 6C 64 2E 76 65 72 73 69 6F 6E 2E 72 65 6C 65 61 73 65 00 
07-03 12:03:38.600 32187 32187 E adbd    : service_to_fd: shell,v2,TERM=screen,raw:getprop ro.build.version.release
07-03 12:03:38.675 32187 32187 E adbd    : recv: OPEN 0000243d 00000000 0036:73 68 65 6C 6C 2C 76 32 2C 54 45 52 4D 3D 73 63 72 65 65 6E 2C 72 61 77 3A 67 65 74 70 72 6F 70 20 72 6F 2E 62 75 69 6C 64 2E 76 65 72 73 69 6F 6E 2E 73 64 6B 00 
07-03 12:03:38.675 32187 32187 E adbd    : service_to_fd: shell,v2,TERM=screen,raw:getprop ro.build.version.sdk
07-03 12:03:39.013 32187 32187 E adbd    : recv: OPEN 00002440 00000000 003e:73 68 65 6C 6C 2C 76 32 2C 54 45 52 4D 3D 73 63 72 65 65 6E 2C 72 61 77 3A 61 6D 20 66 6F 72 63 65 2D 73 74 6F 70 20 65 2E 77 77 77 2E 68 74 74 70 73 72 65 71 75 65 73 74 74 65 73 74 00 
07-03 12:03:39.014 32187 32187 E adbd    : service_to_fd: shell,v2,TERM=screen,raw:am force-stop e.www.httpsrequesttest
07-03 12:03:39.105  4014  8058 I ActivityManager: Force stopping e.www.httpsrequesttest appid=10167 user=0: from pid 5023
07-03 12:03:39.106  4014  8058 I ActivityManager: Killing 4915:e.www.httpsrequesttest/u0a167 (adj 0): stop e.www.httpsrequesttest,from pid 5023
07-03 12:03:39.108  4014  8058 W ActivityManager: Force removing ActivityRecord{8ddd2f7 u0 e.www.httpsrequesttest/.MainActivity t99}: app died, no saved state
07-03 12:03:39.115  4014  8058 D InputDispatcher: Focus left window: 4915
07-03 12:03:39.116  4014  8058 I WindowManager: Failed to capture screenshot of Token{ec44564 ActivityRecord{8ddd2f7 u0 e.www.httpsrequesttest/.MainActivity t99 f}} appWin=Window{2714f7e u0 e.www.httpsrequesttest/e.www.httpsrequesttest.MainActivity} drawState=4
07-03 12:03:39.117  4014  8058 I WindowManager: Destroying surface Surface(name=e.www.httpsrequesttest/e.www.httpsrequesttest.MainActivity) called by com.android.server.wm.WindowStateAnimator.destroySurface:2501 com.android.server.wm.WindowStateAnimator.destroySurfaceLocked:985 com.android.server.wm.WindowState.removeImmediately:2403 com.android.server.wm.WindowState.removeIfPossible:2602 com.android.server.wm.WindowState.removeIfPossible:2432 com.android.server.wm.WindowToken.removeAllWindowsIfPossible:143 com.android.server.wm.AppWindowToken.removeIfPossible:606 com.android.server.wm.AppWindowToken.onRemovedFromDisplay:674 
07-03 12:03:39.118  3454  7398 I SurfaceFlinger: id=479 Removed e.www.httpsrequesttest/e.www.httpsrequesttest.MainActivity#0 (2/5)
07-03 12:03:39.118  3454  7398 I SurfaceFlinger: id=479 Removed e.www.httpsrequesttest/e.www.httpsrequesttest.MainActivity#0 (-2/5)
07-03 12:03:39.123  4014  8058 D InputDispatcher: Focused application released
07-03 12:03:39.126  3454  3454 I Layer   : id=479 onRemoved e.www.httpsrequesttest/e.www.httpsrequesttest.MainActivity#0 
07-03 12:03:39.131  4014  8058 D CustomFrequencyManagerService: acquireDVFSLockLocked : type : DVFS_MIN_LIMIT  frequency : 1560000  uid : 1000  pid : 4014  pkgName : AMS_ACT_RESUME@CPU_MIN@64
07-03 12:03:39.131  3454  3454 I SurfaceFlinger: Display 0 HWC layers:
07-03 12:03:39.131  3454  3454 I SurfaceFlinger:     type    |    handle    | flag |  format   |   source crop (l,t,r,b)    |         frame       | name 
07-03 12:03:39.131  3454  3454 I SurfaceFlinger: ------------+--------------+------+-----------+----------------------------+---------------------+------
07-03 12:03:39.131  3454  3454 I SurfaceFlinger:      Device | 0x72ea824a80 | 0000 | RGBA_8888 |   0.0    0.0  720.0   42.0 |    0    0  720   42 | StatusBar#0
07-03 12:03:39.131  3454  3454 I SurfaceFlinger: 
07-03 12:03:39.133  4014  8058 D ActivityManagerPerformance: AMP_acquire() ACT_RESUME
07-03 12:03:39.133  4014  8058 D ActivityManager: isScaleDownAnimationEnabled() : false
07-03 12:03:39.134  4014  8058 D PersonaManagerService: Current focused persona service handled id set to : 0
07-03 12:03:39.134  4014  8058 D InputDispatcher: Focused application set to: xxxx
07-03 12:03:39.139  4014  6578 D GameManagerService: handleForegroundChange(). pkgName: com.example.batterymanager_utility, clsName: com.example.batterymanager_utility.MainActivity,FgActivityName:com.example.batterymanager_utility/.MainActivity
07-03 12:03:39.139  4014  8058 D MARsPolicyManager: onPackageResumedFG pkgName = com.example.batterymanager_utility, userId = 0
07-03 12:03:39.139  4014  6578 D GameManagerService: sem_perfomance_mode: 3
07-03 12:03:39.140  4014  6578 D GameManagerService: notifyResumePause(). pkg: com.example.batterymanager_utility, type: 4, isMinimized: false, isTunableApp: false
07-03 12:03:39.140  4014  6578 D GameManagerService:   notifyResumePause(). unexpected mPrevNotiType: -1
07-03 12:03:39.146  4014  4014 D SamsungAlarmManager: Remove alarm for next reason : android.intent.action.PACKAGE_RESTARTED : package: e.www.httpsrequesttest
07-03 12:03:39.147  4014  8058 V WindowManager: Relayout Window{2dbf2d2 u0 com.example.batterymanager_utility/com.example.batterymanager_utility.MainActivity}: viewVisibility=4 req=720x1280 WM.LayoutParams{(0,0)(fillxfill) sim=#120 ty=1 fl=#81810100 pfl=0x20000 wanim=0x10302fd vsysui=0x600 needsMenuKey=2 colorMode=0 naviIconColor=0}
07-03 12:03:39.152  4014  4031 W BroadcastQueue: Background execution not allowed: receiving Intent { act=android.intent.action.PACKAGE_RESTARTED dat=package:e.www.httpsrequesttest flg=0x10 (has extras) } to android/com.kddi.android.CpaNotiReceiver
07-03 12:03:39.152  4014  4031 W BroadcastQueue: Background execution not allowed: receiving Intent { act=android.intent.action.PACKAGE_RESTARTED dat=package:e.www.httpsrequesttest flg=0x10 (has extras) } to com.sec.android.daemonapp/com.samsung.android.weather.daemon.receiver.ClearDataReceiver
07-03 12:03:39.153  4871  4871 D ViewRootImpl@e0258fe[MainActivity]: Relayout returned: old=[0,0][720,1280] new=[0,0][720,1280] result=0x1 surface={valid=false 0} changed=false
07-03 12:03:39.153  7045  7045 D CarrierSvcBindHelper: No carrier app for: 0
07-03 12:03:39.154  7045  7045 D CarrierSvcBindHelper: No carrier app for: 1
07-03 12:03:39.155  4014 10048 D GamePkgDataHelper: getGamePkgDataIncServer(). com.example.batterymanager_utility
07-03 12:03:39.155  4014 10048 D GamePkgDataHelper: getSosPolicy(). com.example.batterymanager_utility
07-03 12:03:39.156  4014 10048 D GameManagerService: identifyGamePackage. com.example.batterymanager_utility
07-03 12:03:39.156  4014 10048 D GamePkgDataHelper: getGamePkgData(). com.example.batterymanager_utility
07-03 12:03:39.156  4014 10048 D GameManagerService: identifyGamePackage. com.example.batterymanager_utility
07-03 12:03:39.156  4014 10048 D GamePkgDataHelper: getGamePkgData(). com.example.batterymanager_utility
07-03 12:03:39.157  4014 10048 D GameManagerService: identifyGamePackage. com.example.batterymanager_utility
07-03 12:03:39.157  4014 10048 D GamePkgDataHelper: getGamePkgData(). com.example.batterymanager_utility
07-03 12:03:39.158  4014  8058 D ActivityManager: post active user change for 0 fullscreen true isHomeActivity() false
07-03 12:03:39.160  4014 10048 D GameManagerService: identifyGamePackage. com.example.batterymanager_utility
07-03 12:03:39.161  4014 10048 D GamePkgDataHelper: getGamePkgData(). com.example.batterymanager_utility
07-03 12:03:39.161  4014  8058 V WindowManager: Relayout Window{2dbf2d2 u0 com.example.batterymanager_utility/com.example.batterymanager_utility.MainActivity}: viewVisibility=0 req=720x1280 WM.LayoutParams{(0,0)(fillxfill) sim=#120 ty=1 fl=#81810100 pfl=0x20000 wanim=0x10302fd vsysui=0x600 needsMenuKey=2 colorMode=0 naviIconColor=0}
07-03 12:03:39.162  3454  3454 I SurfaceFlinger: id=480 createSurf (720x1280),1 flag=404, com.example.batterymanager_utility/com.example.batterymanager_utility.MainActivity#0
07-03 12:03:39.163  4014  8058 V Surface : sf_framedrop debug : 0x4f4c, game : false, logging : 0
07-03 12:03:39.163  4014  4032 D WindowManager: set systemUiVisibility : systemUiFlags= 0x608 fullscreenStackSysUiFlags= 0x0
07-03 12:03:39.166  4014  8058 D InputDispatcher: Focus entered window: 4871
07-03 12:03:39.167  4871  4871 V Surface : sf_framedrop debug : 0x4f4c, game : false, logging : 0
07-03 12:03:39.169  4871  4871 D ViewRootImpl@e0258fe[MainActivity]: Relayout returned: old=[0,0][720,1280] new=[0,0][720,1280] result=0x7 surface={valid=true 500705091584} changed=true
07-03 12:03:39.174  4871  4890 D mali_winsys: EGLint new_window_surface(egl_winsys_display *, void *, EGLSurface, EGLConfig, egl_winsys_surface **, egl_color_buffer_format *, EGLBoolean) returns 0x3000,  [720x1280]-format:1
07-03 12:03:39.174  4871  4890 D OpenGLRenderer: eglCreateWindowSurface = 0x7487ecf900
07-03 12:03:39.176  4871  4871 D ViewRootImpl@e0258fe[MainActivity]: MSG_WINDOW_FOCUS_CHANGED 1
07-03 12:03:39.179  4014  4041 W ActivityManager: setHasOverlayUi called on unknown pid: 4915
07-03 12:03:39.179  6732  6732 D InputEventReceiver: channel 'ClientState{7e37d2c uid 10167 pid 4915} (client)' ~ Disposing input event receiver.
07-03 12:03:39.179  6732  6732 D InputEventReceiver: channel 'ClientState{7e37d2c uid 10167 pid 4915} (client)' ~NativeInputEventReceiver.
07-03 12:03:39.180  4871  4871 V InputMethodManager: Starting input: tba=android.view.inputmethod.EditorInfo@13d2f69 nm : com.example.batterymanager_utility ic=null
07-03 12:03:39.180  4871  4871 I InputMethodManager: startInputInner - mService.startInputOrWindowGainedFocus
07-03 12:03:39.180  4014  8016 D InputMethodManagerService: startInputOrWindowGainedFocus : windowGainedFocus 
07-03 12:03:39.181  4014  8016 D InputMethodManagerService: windowGainedFocus: destinationUserId (getCallingUid) = 0
07-03 12:03:39.181  4014  8016 D InputMethodManagerService: windowGainedFocus: currentUserId=0
07-03 12:03:39.181  4014  8016 D InputMethodManagerService: windowGainedFocus: mCurrentFocusedUserId=0
07-03 12:03:39.181  4014  8016 D InputMethodManagerService: windowGainedFocus : lock - currentUserId = 0 destinationUserId = 0
07-03 12:03:39.181  4014  8016 D InputMethodManagerService: windowGainedFocus : mCurrentFocusedUserId - 0 and mSecureKeypadEnabled - false, userSwitched - false
07-03 12:03:39.181  4014  8016 V InputMethodManagerService: windowGainedFocus : reason=WINDOW_FOCUS_GAIN client=android.os.BinderProxy@58ea734 inputContext=null missingMethods= attribute=android.view.inputmethod.EditorInfo@c8c31b6 nm = com.example.batterymanager_utility controlFlags=#105 softInputMode=#120 windowFlags=#81810100
07-03 12:03:39.181  4014  8016 V InputMethodManagerService: hideCurrentInputLocked : shouldHideSoftInput is false
07-03 12:03:39.182  4014  8016 D InputMethodManagerService: setCurrentInputInfo - inputContext : null eidtorInfo : android.view.inputmethod.EditorInfo@c8c31b6 missingMethods : 0
07-03 12:03:39.182  6732  6732 I InputMethodWrapper:  call dispatchStartInputWithToken
07-03 12:03:39.182  6732  6732 I InputMethodService: dispatchStartInputWithToken
07-03 12:03:39.182  6732  6732 I SKBD    : SamsungKeypad [IMI] onStartInput - caller pid : 4915, caller uid : 10167
07-03 12:03:39.203  4014  8016 V WindowManager: finishDrawingLocked: mDrawState=COMMIT_DRAW_PENDING Window{2dbf2d2 u0 com.example.batterymanager_utility/com.example.batterymanager_utility.MainActivity} in Surface(name=com.example.batterymanager_utility/com.example.batterymanager_utility.MainActivity)
07-03 12:03:39.212  3454  3454 I SurfaceFlinger: id=481 createSurf (720x1280),-1 flag=20004, com.example.batterymanager_utility/com.example.batterymanager_utility.MainActivity_dim#0
07-03 12:03:39.222  6750  7119 D SystemServicesProxy: updateOverviewLastStackActiveTimeAsync: newTime=1688377339539
07-03 12:03:39.223  4014  8016 D SecContentProvider: query(), uri = 17 selection = isSettingsChangesAllowed
07-03 12:03:39.223  4014  8016 D SecContentProvider: called from android.uid.systemui:10009
07-03 12:03:39.223  4014  8016 D RestrictionPolicy: isSettingsChangesAllowedAsUser, userId 0 : true
07-03 12:03:39.224  6750  6922 D SystemServicesProxy: updateOverviewLastStackActiveTimeAsync: done.
07-03 12:03:39.231  3454  3454 I SurfaceFlinger: Display 0 HWC layers:
07-03 12:03:39.231  3454  3454 I SurfaceFlinger:     type    |    handle    | flag |  format   |   source crop (l,t,r,b)    |         frame       | name 
07-03 12:03:39.231  3454  3454 I SurfaceFlinger: ------------+--------------+------+-----------+----------------------------+---------------------+------
07-03 12:03:39.231  3454  3454 I SurfaceFlinger:      Client |              | 0000 |  Unknown  |  -0.2   -0.2   -0.8   -0.8 |    0    0  720 1280 | animation background stackId=1#0
07-03 12:03:39.231  3454  3454 I SurfaceFlinger:      Client | 0x72e6df6180 | 0002 | RGBA_8888 |   0.0    0.0   31.0 1280.0 |  689    0  720 1280 | com.example.batterymanager_utility/c[...]atterymanager_utility.MainActivity#0
07-03 12:03:39.231  3454  3454 I SurfaceFlinger:      Device | 0x72ea824a80 | 0000 | RGBA_8888 |   0.0    0.0  720.0   42.0 |    0    0  720   42 | StatusBar#0
07-03 12:03:39.231  3454  3454 I SurfaceFlinger: 
07-03 12:03:39.235  4014  8016 D PackageManager: getComponentMetadataForIconTray : e.www.httpsrequesttest.MainActivity does not exist in mServices
07-03 12:03:39.235  4014  8016 D PackageManager: getComponentMetadataForIconTray : e.www.httpsrequesttest.MainActivity does not exist in mProviders
07-03 12:03:39.235  4014  8016 D PackageManager: getComponentMetadataForIconTray : e.www.httpsrequesttest.MainActivity does not exist in mReceivers
07-03 12:03:39.235  6750  7119 D ApplicationPackageManager: updateItemMetaDataForFixedIconScale: package: e.www.httpsrequesttest
07-03 12:03:39.236  4014  8016 D PackageManager: getSelectedMetaData : packageName(e.www.httpsrequesttest) or Metadata strings {[Ljava.lang.String;@5c85090}
07-03 12:03:39.236  6750  7119 I ApplicationPackageManager: return adaptive icon for e.www.httpsrequesttest
07-03 12:03:39.247  3454  3454 I SurfaceFlinger: Display 0 HWC layers:
07-03 12:03:39.247  3454  3454 I SurfaceFlinger:     type    |    handle    | flag |  format   |   source crop (l,t,r,b)    |         frame       | name 
07-03 12:03:39.247  3454  3454 I SurfaceFlinger: ------------+--------------+------+-----------+----------------------------+---------------------+------
07-03 12:03:39.247  3454  3454 I SurfaceFlinger:      Client |              | 0000 |  Unknown  |   0.0    0.0   -1.0   -1.0 |    0    0  720 1280 | com.example.batterymanager_utility/c[...]rymanager_utility.MainActivity_dim#0
07-03 12:03:39.247  3454  3454 I SurfaceFlinger:      Client |              | 0000 |  Unknown  |  -0.2   -0.2   -0.8   -0.8 |    0    0  720 1280 | animation background stackId=1#0
07-03 12:03:39.247  3454  3454 I SurfaceFlinger:      Client | 0x72e6df6180 | 0002 | RGBA_8888 |   0.0    0.0   67.0 1280.0 |  653    0  720 1280 | com.example.batterymanager_utility/c[...]atterymanager_utility.MainActivity#0
07-03 12:03:39.247  3454  3454 I SurfaceFlinger:      Device | 0x72ea824a80 | 0000 | RGBA_8888 |   0.0    0.0  720.0   42.0 |    0    0  720   42 | StatusBar#0
07-03 12:03:39.247  3454  3454 I SurfaceFlinger: 
07-03 12:03:39.285  4014  4141 D MdnieScenarioControlService:  packageName : com.example.batterymanager_utility    className : com.example.batterymanager_utility.MainActivity
07-03 12:03:39.286  4014  4141 V MdnieScenarioControlService: setUIMode from UI function(3)
07-03 12:03:39.483  4014  4040 W StorageManager: getStorageFullBytes DEFAULT_FULL_THRESHOLD_BYTES : 20971520, threadhold : 20971520
07-03 12:03:39.483  4014  4040 W StorageManager: getStorageLowBytes lowPercent : 5, lowBytes : 1260145254, maxLowBytes : 524288000
07-03 12:03:39.484  4014  4040 W DeviceStorageMonitorService: updateBroadcasts(/data) oldLevel:0, newLevel:0, seq:1
07-03 12:03:39.484  4014  4040 W DeviceStorageMonitorService: updateBroadcasts_filenode(/data) fn_oldLevel:0, fn_newLevel:0, seq:1
07-03 12:03:39.596  3454  3454 I SurfaceFlinger: Display 0 HWC layers:
07-03 12:03:39.596  3454  3454 I SurfaceFlinger:     type    |    handle    | flag |  format   |   source crop (l,t,r,b)    |         frame       | name 
07-03 12:03:39.596  3454  3454 I SurfaceFlinger: ------------+--------------+------+-----------+----------------------------+---------------------+------
07-03 12:03:39.596  3454  3454 I SurfaceFlinger:      Device | 0x72e6df6180 | 0002 | RGBA_8888 |   0.0    0.0  720.0 1280.0 |    0    0  720 1280 | com.example.batterymanager_utility/c[...]atterymanager_utility.MainActivity#0
07-03 12:03:39.596  3454  3454 I SurfaceFlinger:      Device | 0x72ea824a80 | 0000 | RGBA_8888 |   0.0    0.0  720.0   42.0 |    0    0  720   42 | StatusBar#0
07-03 12:03:39.596  3454  3454 I SurfaceFlinger: 
07-03 12:03:39.610  4014  4105 I WindowManager: Destroying surface Surface(name=com.example.batterymanager_utility/com.example.batterymanager_utility.MainActivity_dim) called by com.android.server.wm.WindowStateAnimator.destroyTransitionDimSurface:2733 com.android.server.wm.WindowState.onExitAnimationDone:5243 com.android.server.wm.AppWindowAnimator.stepAnimationLocked:508 com.android.server.wm.AppWindowToken.stepAppWindowsAnimation:1659 com.android.server.wm.WindowContainer.stepAppWindowsAnimation:521 com.android.server.wm.WindowContainer.stepAppWindowsAnimation:521 com.android.server.wm.TaskStack.stepAppWindowsAnimation:1948 com.android.server.wm.WindowContainer.stepAppWindowsAnimation:521 
07-03 12:03:39.611  3454  8162 I SurfaceFlinger: id=481 Removed com.example.batterymanager_utility/com.example.batterymanager_utility.MainActivity_dim#0 (1/6)
07-03 12:03:39.611  3454  8162 I SurfaceFlinger: id=481 Removed com.example.batterymanager_utility/com.example.batterymanager_utility.MainActivity_dim#0 (-2/6)
07-03 12:03:39.612  4014  4041 D CustomFrequencyManagerService: releaseDVFSLockLocked : Getting Lock type frm List : DVFS_MIN_LIMIT  frequency : 1560000  uid : 1000  pid : 4014  tag : AMS_ACT_RESUME@CPU_MIN@64
07-03 12:03:39.613  4014  4041 D ActivityManagerPerformance: AMP_release() ACT_RESUME
07-03 12:03:39.626  3454  3454 I Layer   : id=481 onRemoved com.example.batterymanager_utility/com.example.batterymanager_utility.MainActivity_dim#0 
07-03 12:03:41.111  4014  4014 D PreBindingService: handleMessage : 1
07-03 12:03:41.313  3442  3442 I android.hardware.wifi@1.0-service: getLinkLayerStats
07-03 12:03:41.958  4014  6879 E Watchdog: !@Sync 286 [2023-07-03 10:03:41.958]
07-03 12:03:42.277 32187 32187 E adbd    : recv: OPEN 0000245b 00000000 003a:73 68 65 6C 6C 2C 76 32 2C 54 45 52 4D 3D 73 63 72 65 65 6E 2C 72 61 77 3A 67 65 74 70 72 6F 70 20 72 6F 2E 62 75 69 6C 64 2E 76 65 72 73 69 6F 6E 2E 72 65 6C 65 61 73 65 00 
07-03 12:03:42.277 32187 32187 E adbd    : service_to_fd: shell,v2,TERM=screen,raw:getprop ro.build.version.release
07-03 12:03:42.367 32187 32187 E adbd    : recv: OPEN 0000245e 00000000 0036:73 68 65 6C 6C 2C 76 32 2C 54 45 52 4D 3D 73 63 72 65 65 6E 2C 72 61 77 3A 67 65 74 70 72 6F 70 20 72 6F 2E 62 75 69 6C 64 2E 76 65 72 73 69 6F 6E 2E 73 64 6B 00 
07-03 12:03:42.367 32187 32187 E adbd    : service_to_fd: shell,v2,TERM=screen,raw:getprop ro.build.version.sdk
07-03 12:03:42.428  7327  7327 D io_stats: !@ 179,0 r 211281 8944022 w 188187 8127452 d 11640 1590252 f 60786 61081 iot 239848 202783 th 51200 0 0 pt 0 inp 0 0 8679.085
07-03 12:03:42.480 32187 32187 E adbd    : recv: OPEN 00002461 00000000 004a:73 68 65 6C 6C 2C 76 32 2C 54 45 52 4D 3D 73 63 72 65 65 6E 2C 72 61 77 3A 61 6D 20 66 6F 72 63 65 2D 73 74 6F 70 20 63 6F 6D 2E 65 78 61 6D 70 6C 65 2E 62 61 74 74 65 72 79 6D 61 6E 61 67 65 72 5F 75 74 69 6C 69 74 79 00 
07-03 12:03:42.480 32187 32187 E adbd    : service_to_fd: shell,v2,TERM=screen,raw:am force-stop com.example.batterymanager_utility
07-03 12:03:42.573  4014  8016 I ActivityManager: Force stopping com.example.batterymanager_utility appid=10168 user=0: from pid 5032
07-03 12:03:42.574  4014  8016 I ActivityManager: Killing 4871:com.example.batterymanager_utility/u0a168 (adj 0): stop com.example.batterymanager_utility,from pid 5032
07-03 12:03:42.576  4014  8016 W ActivityManager: Force removing ActivityRecord{61e183b u0 com.example.batterymanager_utility/.MainActivity t98}: app died, no saved state
07-03 12:03:42.583  4014  8016 D InputDispatcher: Focus left window: 4871
07-03 12:03:42.584  4014  8016 I WindowManager: Failed to capture screenshot of Token{ed47b58 ActivityRecord{61e183b u0 com.example.batterymanager_utility/.MainActivity t98 f}} appWin=Window{2dbf2d2 u0 com.example.batterymanager_utility/com.example.batterymanager_utility.MainActivity} drawState=4
07-03 12:03:42.585  4014  8016 D TaskSnapshotCache: removeRunningEntry taskId=98 RunningCache size=0
07-03 12:03:42.586  4014  8016 I WindowManager: Destroying surface Surface(name=com.example.batterymanager_utility/com.example.batterymanager_utility.MainActivity) called by com.android.server.wm.WindowStateAnimator.destroySurface:2501 com.android.server.wm.WindowStateAnimator.destroySurfaceLocked:985 com.android.server.wm.WindowState.removeImmediately:2403 com.android.server.wm.WindowState.removeIfPossible:2602 com.android.server.wm.WindowState.removeIfPossible:2432 com.android.server.wm.WindowToken.removeAllWindowsIfPossible:143 com.android.server.wm.AppWindowToken.removeIfPossible:606 com.android.server.wm.AppWindowToken.onRemovedFromDisplay:674 
07-03 12:03:42.586  3454  8162 I SurfaceFlinger: id=480 Removed com.example.batterymanager_utility/com.example.batterymanager_utility.MainActivity#0 (1/5)
07-03 12:03:42.587  3454  8162 I SurfaceFlinger: id=480 Removed com.example.batterymanager_utility/com.example.batterymanager_utility.MainActivity#0 (-2/5)
07-03 12:03:42.591  4014  8016 D InputDispatcher: Focused application released
07-03 12:03:42.592  4014  8016 W MultiScreenManagerService: moveTaskBackToDisplayIfNeeded(): root activity or app is null, task=TaskRecord{3bdd056d0 #98 A=com.example.batterymanager_utility U=0 StackId=1 sz=0}, rootActivity=null
07-03 12:03:42.592  3454  3454 I Layer   : id=480 onRemoved com.example.batterymanager_utility/com.example.batterymanager_utility.MainActivity#0 
07-03 12:03:42.594  4014  4014 D MdnieScenarioControlService: Listener Real Multi Window State : true
07-03 12:03:42.597  3454  3454 I SurfaceFlinger: Display 0 HWC layers:
07-03 12:03:42.597  3454  3454 I SurfaceFlinger:     type    |    handle    | flag |  format   |   source crop (l,t,r,b)    |         frame       | name 
07-03 12:03:42.597  3454  3454 I SurfaceFlinger: ------------+--------------+------+-----------+----------------------------+---------------------+------
07-03 12:03:42.597  3454  3454 I SurfaceFlinger:      Device | 0x72ea824a80 | 0000 | RGBA_8888 |   0.0    0.0  720.0   42.0 |    0    0  720   42 | StatusBar#0
07-03 12:03:42.597  3454  3454 I SurfaceFlinger: 
07-03 12:03:42.604  3454  8162 I SurfaceFlinger: id=478 Removed animation background stackId=1#0 (2/4)
07-03 12:03:42.604  3454  8162 I SurfaceFlinger: id=478 Removed animation background stackId=1#0 (-2/4)
07-03 12:03:42.608  4014  8016 D CustomFrequencyManagerService: acquireDVFSLockLocked : type : DVFS_MIN_LIMIT  frequency : 1560000  uid : 1000  pid : 4014  pkgName : AMS_APP_HOME@CPU_MIN@70
07-03 12:03:42.611  4014  8016 D ActivityManagerPerformance: AMP_acquire() HOME
07-03 12:03:42.612  4014  8016 D PersonaManagerService: Current focused persona service handled id set to : 0
07-03 12:03:42.612  4014  8016 D InputDispatcher: Focused application set to: xxxx
07-03 12:03:42.612  3454  3454 I Layer   : id=478 onRemoved animation background stackId=1#0 
07-03 12:03:42.614  4014  8016 V WindowManager: rotationForOrientationLw(orient=5, last=0); user=0  sensorRotation=-1 mLidState=-1 mDockMode=0 mHdmiPlugged=false
07-03 12:03:42.616  4014  6578 D GameManagerService: handleForegroundChange(). pkgName: com.sec.android.app.launcher, clsName: com.android.launcher3.Launcher,FgActivityName:com.sec.android.app.launcher/com.android.launcher3.Launcher
07-03 12:03:42.616  4014  8016 D MARsPolicyManager: onPackageResumedFG pkgName = com.sec.android.app.launcher, userId = 0
07-03 12:03:42.617  4014  6578 D GameManagerService: sem_perfomance_mode: 3
07-03 12:03:42.617  4014  6578 D GameManagerService: notifyResumePause(). pkg: com.sec.android.app.launcher, type: 4, isMinimized: false, isTunableApp: false
07-03 12:03:42.617  4014  6578 D GameManagerService:   notifyResumePause(). unexpected mPrevNotiType: -1
07-03 12:03:42.624  4014  4014 D SamsungAlarmManager: Remove alarm for next reason : android.intent.action.PACKAGE_RESTARTED : package: com.example.batterymanager_utility
07-03 12:03:42.627  7045  7045 D CarrierSvcBindHelper: No carrier app for: 0
07-03 12:03:42.627  7045  7045 D CarrierSvcBindHelper: No carrier app for: 1
07-03 12:03:42.627  4014  4031 W BroadcastQueue: Background execution not allowed: receiving Intent { act=android.intent.action.PACKAGE_RESTARTED dat=package:com.example.batterymanager_utility flg=0x10 (has extras) } to android/com.kddi.android.CpaNotiReceiver
07-03 12:03:42.628  4014  4031 W BroadcastQueue: Background execution not allowed: receiving Intent { act=android.intent.action.PACKAGE_RESTARTED dat=package:com.example.batterymanager_utility flg=0x10 (has extras) } to com.sec.android.daemonapp/com.samsung.android.weather.daemon.receiver.ClearDataReceiver
07-03 12:03:42.629  7561  7561 I Launcher: onWindowVisibilityChanged : false
07-03 12:03:42.631  4014  8016 V WindowManager: Relayout Window{2712f6c u0 com.sec.android.app.launcher/com.sec.android.app.launcher.activities.LauncherActivity}: viewVisibility=4 req=720x1280 WM.LayoutParams{(0,0)(fillxfill) sim=#130 ty=1 fl=#81910d00 pfl=0x20000 fmt=-2 wanim=0x10302ea vsysui=0x700 needsMenuKey=2 colorMode=0 naviIconColor=0}
07-03 12:03:42.631  4014 10048 D GamePkgDataHelper: getGamePkgDataIncServer(). com.sec.android.app.launcher
07-03 12:03:42.631  4014 10048 D GamePkgDataHelper: getSosPolicy(). com.sec.android.app.launcher
07-03 12:03:42.631  4014 10048 D GameManagerService: identifyGamePackage. com.sec.android.app.launcher
07-03 12:03:42.631  4014 10048 D GamePkgDataHelper: getGamePkgData(). com.sec.android.app.launcher
07-03 12:03:42.632  4014 10048 D GameManagerService: identifyGamePackage. com.sec.android.app.launcher
07-03 12:03:42.632  4014 10048 D GamePkgDataHelper: getGamePkgData(). com.sec.android.app.launcher
07-03 12:03:42.633  4014 10048 D GameManagerService: identifyGamePackage. com.sec.android.app.launcher
07-03 12:03:42.633  4014 10048 D GamePkgDataHelper: getGamePkgData(). com.sec.android.app.launcher
07-03 12:03:42.633  4014 10048 D GameManagerService: identifyGamePackage. com.sec.android.app.launcher
07-03 12:03:42.633  4014 10048 D GamePkgDataHelper: getGamePkgData(). com.sec.android.app.launcher
07-03 12:03:42.634  7561  7561 D ViewRootImpl@a867ad7[LauncherActivity]: Relayout returned: old=[0,0][720,1280] new=[0,0][720,1280] result=0x1 surface={valid=false 0} changed=false
07-03 12:03:42.635  7561  7561 D HomeContainer: setAlpha : 1.0
07-03 12:03:42.635  7561  7561 V Launcher: Launcher.onResume()
07-03 12:03:42.641  7561  7561 D ExternalRequestQueue: Getting and clearing EXTERNAL_REQUEST_LIST: null
07-03 12:03:42.642  7561  7561 D ExternalMethodQueue: Getting and clearing EXTERNAL_METHOD_LIST: null
07-03 12:03:42.642  7561  7626 I LauncherAppWidgetInfo: reinflateWidgetsIfNecessary, Not required: AppWidget(id=2)
07-03 12:03:42.642  7561  7626 I LauncherAppWidgetInfo: reinflateWidgetsIfNecessary, Not required: AppWidget(id=3)
07-03 12:03:42.642  7561  7561 D Launcher: setHotWordDetection : call requestHotWordDetection true
07-03 12:03:42.643  7561  7561 D NotificationHelpTip: currentTime : 1688378622
07-03 12:03:42.643  7561  7561 D NotificationHelpTip: differentTime42870
07-03 12:03:42.645  7561  7561 D Launcher.HomeController: onResume HomeContainer current alpha = 1.0
07-03 12:03:42.645  7561  7561 D AppsCustomAdapter: notifyUpdate : com.android.launcher3.Launcher@8f1237d
07-03 12:03:42.645  7561  7561 D AppsDragController: needDeferToBind : true , false
07-03 12:03:42.646  4014  8016 D Notification: allPendingIntents
07-03 12:03:42.646 30392 30392 I GsaVoiceInteractionSrv: Handling ACTION_START_HOTWORD
07-03 12:03:42.647  7561  7626 D Notification.Badge: LauncherModel:onNotificationFullRefresh() : 1
07-03 12:03:42.647 30392 30456 I GsaVoiceInteractionSrv: (REDACTED) disregardHotwordSetting: %b
07-03 12:03:42.647 30392 30456 I GsaVoiceInteractionSrv: Cannot start hotword, hotword has been explicitly disabled.
07-03 12:03:42.647  7561  7626 D Notification.Badge: notificationKey : 0|android|40|null|1000, count : 0, this.count : 1
07-03 12:03:42.647  7561  7626 D Notification.Badge: notificationKey : 0|android|40|null|1000, count : 1, mTotalCount : 1
07-03 12:03:42.647  7561  7626 D Notification.Badge: LauncherModel:onNotificationFullRefresh() not need to update, updatedBadges.remove[android], count : [1]
07-03 12:03:42.651  4014  8016 D ActivityManager: post active user change for 0 fullscreen true isHomeActivity() true
07-03 12:03:42.651  4014  8016 I WallpaperManagerService: switchPersonaWallpaper is called for personaId-0
07-03 12:03:42.651  4014  4014 D WallpaperManagerService:  force update = false; persona id = 0; current user =0; current persona = 0
07-03 12:03:42.652  7561  7561 I Launcher: onWindowVisibilityChanged : true
07-03 12:03:42.652  6732  6732 D InputEventReceiver: channel 'ClientState{47082ff uid 10168 pid 4871} (client)' ~ Disposing input event receiver.
07-03 12:03:42.652  6732  6732 D InputEventReceiver: channel 'ClientState{47082ff uid 10168 pid 4871} (client)' ~NativeInputEventReceiver.
07-03 12:03:42.652  4014  4041 W ActivityManager: setHasOverlayUi called on unknown pid: 4871
07-03 12:03:42.653  4014  8058 V WindowManager: Relayout Window{2712f6c u0 com.sec.android.app.launcher/com.sec.android.app.launcher.activities.LauncherActivity}: viewVisibility=0 req=720x1280 WM.LayoutParams{(0,0)(fillxfill) sim=#130 ty=1 fl=#81910d00 pfl=0x20000 fmt=-2 wanim=0x10302ea vsysui=0x700 needsMenuKey=2 colorMode=0 naviIconColor=0}
07-03 12:03:42.654  3454  3454 I SurfaceFlinger: id=482 createSurf (720x1280),1 flag=4, com.sec.android.app.launcher/com.sec.android.app.launcher.activities.LauncherActivity#0
07-03 12:03:42.655  4014  8058 V Surface : sf_framedrop debug : 0x4f4c, game : false, logging : 0
07-03 12:03:42.655  4014  4032 D WindowManager: set systemUiVisibility : systemUiFlags= 0x708 fullscreenStackSysUiFlags= 0x0
07-03 12:03:42.658  4014  8058 D InputDispatcher: Focus entered window: 7561
07-03 12:03:42.659  4014 10602 D WindowManager: adjustSystemUiVisibilityLw : vis= 0x708
07-03 12:03:42.660  7561  7561 V Surface : sf_framedrop debug : 0x4f4c, game : false, logging : 0
07-03 12:03:42.660  7561  7561 D ViewRootImpl@a867ad7[LauncherActivity]: Relayout returned: old=[0,0][720,1280] new=[0,0][720,1280] result=0x7 surface={valid=true 500347166720} changed=true
07-03 12:03:42.665  7561 16411 D mali_winsys: EGLint new_window_surface(egl_winsys_display *, void *, EGLSurface, EGLConfig, egl_winsys_surface **, egl_color_buffer_format *, EGLBoolean) returns 0x3000,  [720x1280]-format:1
07-03 12:03:42.665  7561 16411 D OpenGLRenderer: eglCreateWindowSurface = 0x7496b51600
07-03 12:03:42.666  7561  7561 D AppsAdapter: notifyUpdate start : com.android.launcher3.Launcher@8f1237d
07-03 12:03:42.666  7561  7561 D AppsCustomAdapter: no change items
07-03 12:03:42.666  7561  7561 D AppsAdapter: notifyUpdate end : com.android.launcher3.Launcher@8f1237d
07-03 12:03:42.666  7561  7561 D ViewRootImpl@a867ad7[LauncherActivity]: MSG_WINDOW_FOCUS_CHANGED 1
07-03 12:03:42.668  7561  7561 V InputMethodManager: Starting input: tba=android.view.inputmethod.EditorInfo@f9b4a1d nm : com.sec.android.app.launcher ic=null
07-03 12:03:42.668  7561  7561 I InputMethodManager: startInputInner - mService.startInputOrWindowGainedFocus
07-03 12:03:42.668  4014 10602 D InputMethodManagerService: startInputOrWindowGainedFocus : windowGainedFocus 
07-03 12:03:42.669  4014 10602 D InputMethodManagerService: windowGainedFocus: destinationUserId (getCallingUid) = 0
07-03 12:03:42.669  4014 10602 D InputMethodManagerService: windowGainedFocus: currentUserId=0
07-03 12:03:42.669  4014 10602 D InputMethodManagerService: windowGainedFocus: mCurrentFocusedUserId=0
07-03 12:03:42.669  4014 10602 D InputMethodManagerService: windowGainedFocus : lock - currentUserId = 0 destinationUserId = 0
07-03 12:03:42.669  4014 10602 D InputMethodManagerService: windowGainedFocus : mCurrentFocusedUserId - 0 and mSecureKeypadEnabled - false, userSwitched - false
07-03 12:03:42.669  4014 10602 V InputMethodManagerService: windowGainedFocus : reason=WINDOW_FOCUS_GAIN client=android.os.BinderProxy@b1141e6 inputContext=null missingMethods= attribute=android.view.inputmethod.EditorInfo@b85a5cb nm = com.sec.android.app.launcher controlFlags=#104 softInputMode=#130 windowFlags=#81910d00
07-03 12:03:42.669  4014 10602 V InputMethodManagerService: hideCurrentInputLocked : shouldHideSoftInput is false
07-03 12:03:42.670  4014 10602 D InputMethodManagerService: setCurrentInputInfo - inputContext : null eidtorInfo : android.view.inputmethod.EditorInfo@b85a5cb missingMethods : 0
07-03 12:03:42.670  6732  6732 I InputMethodWrapper:  call dispatchStartInputWithToken
07-03 12:03:42.670  6732  6732 I InputMethodService: dispatchStartInputWithToken
07-03 12:03:42.670  6732  6732 I SKBD    : SamsungKeypad [IMI] onStartInput - caller pid : 4915, caller uid : 10167
07-03 12:03:42.671  7561  7561 D DragLayer: DragLayer dispatchDraw, mIsNaviBarPositionChanged = false, mWillOrientationChange = false
07-03 12:03:42.683  6750  6808 D SystemServicesProxy: updateOverviewLastStackActiveTimeAsync: newTime=1688377339539
07-03 12:03:42.684  4014  8058 D SecContentProvider: query(), uri = 17 selection = isSettingsChangesAllowed
07-03 12:03:42.685  4014  8058 D SecContentProvider: called from android.uid.systemui:10009
07-03 12:03:42.685  4014  8058 D RestrictionPolicy: isSettingsChangesAllowedAsUser, userId 0 : true
07-03 12:03:42.685 32187 32187 E adbd    : recv: OPEN 00002464 00000000 003a:73 68 65 6C 6C 2C 76 32 2C 54 45 52 4D 3D 73 63 72 65 65 6E 2C 72 61 77 3A 67 65 74 70 72 6F 70 20 72 6F 2E 62 75 69 6C 64 2E 76 65 72 73 69 6F 6E 2E 72 65 6C 65 61 73 65 00 
07-03 12:03:42.685 32187 32187 E adbd    : service_to_fd: shell,v2,TERM=screen,raw:getprop ro.build.version.release
07-03 12:03:42.685  4014  8410 V WindowManager: finishDrawingLocked: mDrawState=COMMIT_DRAW_PENDING Window{2712f6c u0 com.sec.android.app.launcher/com.sec.android.app.launcher.activities.LauncherActivity} in Surface(name=com.sec.android.app.launcher/com.sec.android.app.launcher.activities.LauncherActivity)
07-03 12:03:42.686  6750  6922 D SystemServicesProxy: updateOverviewLastStackActiveTimeAsync: done.
07-03 12:03:42.686  6750  7119 D WallpaperService: dispatchAppVisibility onVisibilityChanged(): true
07-03 12:03:42.687  6750  6750 D ImageWallpaper: onOffsetsChanged: xOffset=0.0, yOffset=0.0, xOffsetStep=0.0, yOffsetStep=0.0, xPixels=0, yPixels=0
07-03 12:03:42.687  6750  6750 D ImageWallpaper: newRotation : 0,mLastRotation : 0
07-03 12:03:42.687  6750  6750 D ImageWallpaper: drawFrame:[frame.width()]1280[frame.height()]1280
07-03 12:03:42.687  6750  6750 D ImageWallpaper: surfaceDimensionsChanged=false mDisplayWidth=720 mDisplayHeight=1280
07-03 12:03:42.687  6750  6750 D ImageWallpaper: redrawNeeded = false, mOffsetsChanged = false
07-03 12:03:42.687  6750  6750 D ImageWallpaper: Suppressed drawFrame since redraw is not needed and offsets have not changed.
07-03 12:03:42.687  6750  6750 D WallpaperService: updateSurface forceRelayout=false redrawNeeded=false myWidth=1280 myHeight=1280 fixedSize=true x = 0 y = 0 mWidth=1280 mHeight=1280 mIsSleepMode=false
07-03 12:03:42.687  6750  6750 D ImageWallpaper: onVisibilityChanged: mVisible, visible=false, true
07-03 12:03:42.687  6750  6750 D ImageWallpaper: Visibility changed to visible=true
07-03 12:03:42.688  6750  6750 D ImageWallpaper: newRotation : 0,mLastRotation : 0
07-03 12:03:42.688  6750  6750 D ImageWallpaper: drawFrame:[frame.width()]1280[frame.height()]1280
07-03 12:03:42.688  6750  6750 D ImageWallpaper: surfaceDimensionsChanged=false mDisplayWidth=720 mDisplayHeight=1280
07-03 12:03:42.688  6750  6750 D ImageWallpaper: redrawNeeded = false, mOffsetsChanged = false
07-03 12:03:42.688  6750  6750 D ImageWallpaper: Suppressed drawFrame since redraw is not needed and offsets have not changed.
07-03 12:03:42.688  6750  6750 D WallpaperService: reportVisibility onVisibilityChanged visible: true
07-03 12:03:42.689  4014  4105 D SamsungAnimationCreator: createAnimation type:LowEnd transit:13 enter:false wallpaperXoffset:-280 split:false fixedOri:false
07-03 12:03:42.689  4014  4105 D SamsungAnimationCreator: createAnimation displayFrame:Rect(0, 0 - 720, 1280) frame:null insets:null
07-03 12:03:42.690  6750  6750 D WallpaperService: updateSurface forceRelayout=true redrawNeeded=false myWidth=1280 myHeight=1280 fixedSize=true x = 0 y = 0 mWidth=1280 mHeight=1280 mIsSleepMode=false
07-03 12:03:42.694  4014  8410 V WindowManager: Relayout Window{c28a1e3 u0 com.android.systemui.ImageWallpaper}: viewVisibility=0 req=1280x1280 WM.LayoutParams{(0,0)(1280x1280) gr=#800033 ty=2013 fl=#10318 fmt=2 wanim=0x103030e colorMode=0 naviIconColor=0}
07-03 12:03:42.695  4014 10602 D PackageManager: getComponentMetadataForIconTray : com.example.batterymanager_utility.MainActivity does not exist in mServices
07-03 12:03:42.695  4014 10602 D PackageManager: getComponentMetadataForIconTray : com.example.batterymanager_utility.MainActivity does not exist in mProviders
07-03 12:03:42.695  4014 10602 D PackageManager: getComponentMetadataForIconTray : com.example.batterymanager_utility.MainActivity does not exist in mReceivers
07-03 12:03:42.695  6750  6808 D ApplicationPackageManager: updateItemMetaDataForFixedIconScale: package: com.example.batterymanager_utility
07-03 12:03:42.695  4014 10602 D PackageManager: getSelectedMetaData : packageName(com.example.batterymanager_utility) or Metadata strings {[Ljava.lang.String;@6627466}
07-03 12:03:42.696  6750  6808 I ApplicationPackageManager: load=com.example.batterymanager_utility, bg=144-144, dr=189-189, forDefault=true, density=0
07-03 12:03:42.698  6750  6750 D ImageWallpaper: onOffsetsChanged: xOffset=0.0, yOffset=0.0, xOffsetStep=0.0, yOffsetStep=0.0, xPixels=0, yPixels=0
07-03 12:03:42.699  6750  6808 I ApplicationPackageManager: scaled rate=0.72, size=189, alpha=54, hold=102
07-03 12:03:42.699  6750  6808 D ApplicationPackageManager: iconScale: getScale(): 0.72 getAlpha(): 54
07-03 12:03:42.699  6750  6750 D ImageWallpaper: newRotation : 0,mLastRotation : 0
07-03 12:03:42.699  6750  6750 D ImageWallpaper: drawFrame:[frame.width()]1280[frame.height()]1280
07-03 12:03:42.699  6750  6750 D ImageWallpaper: surfaceDimensionsChanged=false mDisplayWidth=720 mDisplayHeight=1280
07-03 12:03:42.699  6750  6750 D ImageWallpaper: redrawNeeded = false, mOffsetsChanged = false
07-03 12:03:42.699  6750  6750 D ImageWallpaper: Suppressed drawFrame since redraw is not needed and offsets have not changed.
07-03 12:03:42.700  6750  6808 I ApplicationPackageManager: load=com.example.batterymanager_utility-contain, bg=112-112, dr=189-189
07-03 12:03:42.718  3454  3454 I SurfaceFlinger: Display 0 HWC layers:
07-03 12:03:42.718  3454  3454 I SurfaceFlinger:     type    |    handle    | flag |  format   |   source crop (l,t,r,b)    |         frame       | name 
07-03 12:03:42.718  3454  3454 I SurfaceFlinger: ------------+--------------+------+-----------+----------------------------+---------------------+------
07-03 12:03:42.718  3454  3454 I SurfaceFlinger:      Device | 0x72e6b8eb80 | 0002 | RGBx_8888 | 280.0    0.0 1000.0 1280.0 |    0    0  720 1280 | com.android.systemui.ImageWallpaper#0
07-03 12:03:42.718  3454  3454 I SurfaceFlinger:      Device | 0x72e4710ec0 | 0000 | RGBA_8888 | 120.0  213.0  601.0 1068.0 |    1    1  720 1280 | com.sec.android.app.launcher/com.sec[...]uncher.activities.LauncherActivity#0
07-03 12:03:42.718  3454  3454 I SurfaceFlinger:      Device | 0x72ea824a80 | 0000 | RGBA_8888 |   0.0    0.0  720.0   42.0 |    0    0  720   42 | StatusBar#0
07-03 12:03:42.718  3454  3454 I SurfaceFlinger: 
07-03 12:03:42.751 32187 32187 E adbd    : recv: OPEN 00002467 00000000 0036:73 68 65 6C 6C 2C 76 32 2C 54 45 52 4D 3D 73 63 72 65 65 6E 2C 72 61 77 3A 67 65 74 70 72 6F 70 20 72 6F 2E 62 75 69 6C 64 2E 76 65 72 73 69 6F 6E 2E 73 64 6B 00 
07-03 12:03:42.751 32187 32187 E adbd    : service_to_fd: shell,v2,TERM=screen,raw:getprop ro.build.version.sdk
07-03 12:03:42.761  4014  4141 D MdnieScenarioControlService:  packageName : com.sec.android.app.launcher    className : com.sec.android.app.launcher.activities.LauncherActivity
07-03 12:03:42.761  4014  4141 V MdnieScenarioControlService: setUIMode from UI function(3)
07-03 12:03:43.048  7561  7561 D DragLayer: DragLayer dispatchDraw, mIsNaviBarPositionChanged = false, mWillOrientationChange = false
07-03 12:03:43.112  4014  4014 D CustomFrequencyManagerService: releaseDVFSLockLocked : Getting Lock type frm List : DVFS_MIN_LIMIT  frequency : 1560000  uid : 1000  pid : 4014  tag : AMS_APP_HOME@CPU_MIN@70
07-03 12:03:43.164  4014  6715 E TaskPersister: File error accessing recents directory (directory doesn't exist?).
07-03 12:03:43.185  7561 16411 W OpenGLRenderer: Incorrectly called buildLayer on View: WorkspaceCellLayoutChildren, destroying layer...
07-03 12:03:43.678  4014 10048 D SSRM:k  : SIOP:: AP = 290, PST = 293 (W:30), BAT = 277, USB = 0, CHG = 0
07-03 12:03:44.334  3442  3442 I android.hardware.wifi@1.0-service: getLinkLayerStats
07-03 12:03:44.578  4014  4014 D PreBindingService: handleMessage : 1
07-03 12:03:44.835  4014  6615 D WifiConnectivityMonitor:  [|208]
07-03 12:03:47.345  3442  3442 I android.hardware.wifi@1.0-service: getLinkLayerStats
07-03 12:03:47.432  7327  7327 D io_stats: !@ 179,0 r 211285 8944038 w 188220 8127864 d 11646 1590308 f 60789 61086 iot 239876 202804 th 51200 0 0 pt 0 inp 0 0 8684.089
07-03 12:03:47.571  4014  4111 D SensorService: [SO] 0.034 -0.225 9.917
07-03 12:03:48.059  6750  6982 D NetworkController.MobileSignalController(0/-2): onSignalStrengthsChanged signalStrength=SignalStrength: 21 99 -21 -200 -21 -200 -1 99 2147483647 2147483647 2147483647 2147483647 0 2147483647 0x4 P gsm|lte level=4
07-03 12:03:48.059  6750  6982 D NetworkController.MobileSignalController(0/-2): getMobileIconGroup(): 0
07-03 12:03:48.212 32187 32187 E adbd    : recv: OPEN 0000246a 00000000 0036:73 68 65 6C 6C 2C 76 32 2C 54 45 52 4D 3D 73 63 72 65 65 6E 2C 72 61 77 3A 67 65 74 70 72 6F 70 20 72 6F 2E 62 75 69 6C 64 2E 76 65 72 73 69 6F 6E 2E 73 64 6B 00 
07-03 12:03:48.212 32187 32187 E adbd    : service_to_fd: shell,v2,TERM=screen,raw:getprop ro.build.version.sdk
07-03 12:03:48.504 32187 32187 E adbd    : recv: OPEN 0000246d 00000000 003d:73 68 65 6C 6C 2C 76 32 2C 54 45 52 4D 3D 73 63 72 65 65 6E 2C 72 61 77 3A 6C 6F 67 63 61 74 20 2D 66 20 2F 6D 6E 74 2F 73 64 63 61 72 64 2F 6C 6F 67 63 61 74 2E 74 78 74 20 2D 64 00 
07-03 12:03:48.504 32187 32187 E adbd    : service_to_fd: shell,v2,TERM=screen,raw:logcat -f /mnt/sdcard/logcat.txt -d
