06-11 22:48:22.793  1539 21652 D NuPlayerDriver: notifyResetComplete(0xf3201370)
06-11 22:48:22.795  1539  1635 W AMessage: failed to post message as target looper for handler 0 is gone.
06-11 22:48:23.272 21532 21640 I BatteryMgr:DataCollectionService: stats => 1686516503272,218437,4253
06-11 22:48:24.285 21532 21640 I BatteryMgr:DataCollectionService: stats => 1686516504285,132187,4253
06-11 22:48:24.730  1917  2394 D ConnectivityService: NetReassign [no changes] [c 1] [a 0] [i 5]
06-11 22:48:25.298 21532 21640 I BatteryMgr:DataCollectionService: stats => 1686516505298,158750,4253
06-11 22:48:25.774  1296  1296 D audio_hw_primary: disable_audio_route: usecase(1) reset and update mixer path: low-latency-playback speaker
06-11 22:48:25.777  1296  1296 I audio_hw_cirrus_playback: audio_extn_spkr_prot_stop_processing: pcm_tx_close
06-11 22:48:25.787  1296  1296 D audio_hw_primary: disable_audio_route: usecase(25) reset and update mixer path: spkr-vi-record vi-feedback
06-11 22:48:25.787  1296  1296 D audio_hw_primary: disable_snd_device: snd_device(104: vi-feedback)
06-11 22:48:25.901  1548  2594 D BufferPoolAccessor2.0: evictor expired: 2, evicted: 0
06-11 22:48:26.312 21532 21640 I BatteryMgr:DataCollectionService: stats => 1686516506312,202187,4253
06-11 22:48:26.904  1539 14959 D BufferPoolAccessor2.0: evictor expired: 2, evicted: 0
06-11 22:48:27.322 21532 21640 I BatteryMgr:DataCollectionService: stats => 1686516507321,275625,4253
06-11 22:48:27.750  1917  2394 D ConnectivityService: NetReassign [no changes] [c 0] [a 1] [i 4]
06-11 22:48:27.905  1539 14959 D BufferPoolAccessor2.0: bufferpool2 0xef243988 : 0(0 size) total buffers - 0(0 size) used buffers - 90/98 (recycle/alloc) - 8/188 (fetch/transfer)
06-11 22:48:27.905  1539 14959 D BufferPoolAccessor2.0: evictor expired: 1, evicted: 1
06-11 22:48:27.906  1548  2594 D BufferPoolAccessor2.0: bufferpool2 0x7bf5a5cda8 : 0(0 size) total buffers - 0(0 size) used buffers - 89/92 (recycle/alloc) - 3/91 (fetch/transfer)
06-11 22:48:27.906  1548  2594 D BufferPoolAccessor2.0: evictor expired: 1, evicted: 1
06-11 22:48:28.335 21532 21640 I BatteryMgr:DataCollectionService: stats => 1686516508335,177812,4253
06-11 22:48:29.351 21532 21640 I BatteryMgr:DataCollectionService: stats => 1686516509351,115937,4253
06-11 22:48:30.361 21532 21640 I BatteryMgr:DataCollectionService: stats => 1686516510361,180000,4253
06-11 22:48:30.778  1917  2394 D ConnectivityService: NetReassign [no changes] [c 1] [a 0] [i 4]
06-11 22:48:31.379 21532 21640 I BatteryMgr:DataCollectionService: stats => 1686516511379,128750,4253
06-11 22:48:32.398 21532 21640 I BatteryMgr:DataCollectionService: stats => 1686516512398,132187,4253
06-11 22:48:33.417 21532 21640 I BatteryMgr:DataCollectionService: stats => 1686516513416,120000,4253
06-11 22:48:33.802  1917  2394 D ConnectivityService: NetReassign [no changes] [c 0] [a 0] [i 5]
06-11 22:48:34.435 21532 21640 I BatteryMgr:DataCollectionService: stats => 1686516514435,147500,4253
06-11 22:48:35.452 21532 21640 I BatteryMgr:DataCollectionService: stats => 1686516515452,104375,4253
06-11 22:48:36.477 21532 21640 I BatteryMgr:DataCollectionService: stats => 1686516516477,190937,4253
06-11 22:48:36.834  1917  2394 D ConnectivityService: NetReassign [no changes] [c 1] [a 0] [i 5]
06-11 22:48:37.496 21532 21640 I BatteryMgr:DataCollectionService: stats => 1686516517495,167187,4253
06-11 22:48:38.511 21532 21640 I BatteryMgr:DataCollectionService: stats => 1686516518511,184375,4253
06-11 22:48:39.521 21532 21640 I BatteryMgr:DataCollectionService: stats => 1686516519521,99062,4253
06-11 22:48:39.868  1917  2394 D ConnectivityService: NetReassign [no changes] [c 0] [a 1] [i 4]
06-11 22:48:40.531 21532 21640 I BatteryMgr:DataCollectionService: stats => 1686516520531,128125,4253
06-11 22:48:41.549 21532 21640 I BatteryMgr:DataCollectionService: stats => 1686516521549,85937,4253
06-11 22:48:42.298  1917  1947 W ProcessStats: Tracking association SourceState{329dbb7 system/1000 BTopFgs #113450} whose proc state 2 is better than process ProcessState{9cdae9d com.google.android.gms.persistent/10125 pkg=com.google.android.gms} proc state 3 (5 skipped)
06-11 22:48:42.564 21532 21640 I BatteryMgr:DataCollectionService: stats => 1686516522564,136875,4253
06-11 22:48:42.891  1917  2394 D ConnectivityService: NetReassign [no changes] [c 0] [a 0] [i 5]
06-11 22:48:43.574 21532 21640 I BatteryMgr:DataCollectionService: stats => 1686516523574,180000,4253
06-11 22:48:44.586 21532 21640 I BatteryMgr:DataCollectionService: stats => 1686516524585,194375,4253
06-11 22:48:45.596 21532 21640 I BatteryMgr:DataCollectionService: stats => 1686516525596,106250,4253
06-11 22:48:45.924  1917  2394 D ConnectivityService: NetReassign [no changes] [c 1] [a 0] [i 5]
06-11 22:48:46.613 21532 21640 I BatteryMgr:DataCollectionService: stats => 1686516526613,205937,4253
06-11 22:48:47.628 21532 21640 I BatteryMgr:DataCollectionService: stats => 1686516527627,212187,4253
06-11 22:48:48.647 21532 21640 I BatteryMgr:DataCollectionService: stats => 1686516528647,170625,4253
06-11 22:48:48.956  1917  2394 D ConnectivityService: NetReassign [no changes] [c 1] [a 0] [i 4]
06-11 22:48:49.658 21532 21640 I BatteryMgr:DataCollectionService: stats => 1686516529658,114375,4253
06-11 22:48:50.668 21532 21640 I BatteryMgr:DataCollectionService: stats => 1686516530668,104687,4253
06-11 22:48:51.685 21532 21640 I BatteryMgr:DataCollectionService: stats => 1686516531685,132187,4253
06-11 22:48:51.985  1917  2394 D ConnectivityService: NetReassign [no changes] [c 1] [a 0] [i 5]
06-11 22:48:52.702 21532 21640 I BatteryMgr:DataCollectionService: stats => 1686516532701,97812,4253
06-11 22:48:53.719 21532 21640 I BatteryMgr:DataCollectionService: stats => 1686516533718,83437,4253
06-11 22:48:54.734 21532 21640 I BatteryMgr:DataCollectionService: stats => 1686516534734,122500,4253
06-11 22:48:55.022  1917  2394 D ConnectivityService: NetReassign [no changes] [c 1] [a 0] [i 5]
06-11 22:48:55.744 21532 21640 I BatteryMgr:DataCollectionService: stats => 1686516535744,162187,4253
06-11 22:48:56.762 21532 21640 I BatteryMgr:DataCollectionService: stats => 1686516536762,156562,4253
06-11 22:48:57.424  1917  4544 W ProcessStats: Tracking association SourceState{329dbb7 system/1000 BTopFgs #113456} whose proc state 2 is better than process ProcessState{9cdae9d com.google.android.gms.persistent/10125 pkg=com.google.android.gms} proc state 3 (5 skipped)
06-11 22:48:57.771 21532 21640 I BatteryMgr:DataCollectionService: stats => 1686516537771,197500,4253
06-11 22:48:58.057  1917  2394 D ConnectivityService: NetReassign [no changes] [c 0] [a 1] [i 4]
06-11 22:48:58.782 21532 21640 I BatteryMgr:DataCollectionService: stats => 1686516538782,120312,4253
06-11 22:48:59.794 21532 21640 I BatteryMgr:DataCollectionService: stats => 1686516539793,118437,4253
06-11 22:49:00.018  3794  4102 I AiAiEcho: Predicting[7]: { Feature:1, creation:2023-06-11T20:39:49.605Z, expiry:2023-06-11T21:00:00Z, isExpired: false}, { Feature:1, creation:2023-06-11T21:00:00Z, expiry:2023-06-11T22:00:00Z, isExpired: true}, { Feature:1, creation:2023-06-11T22:00:00Z, expiry:2023-06-11T23:00:00Z, isExpired: true}, { Feature:1, creation:2023-06-11T23:00:00Z, expiry:2023-06-12T00:00:00Z, isExpired: true}, { Feature:1, creation:2023-06-12T00:00:00Z, expiry:2023-06-12T01:00:00Z, isExpired: true}, { Feature:1, creation:2023-06-12T01:00:00Z, expiry:2023-06-12T02:00:00Z, isExpired: true}, { Feature:1, creation:2023-06-12T02:00:00Z, expiry:2023-06-12T02:39:49.605Z, isExpired: true}
06-11 22:49:00.021  3794  4102 I AiAiEcho: EchoTargets: Feature:1
06-11 22:49:00.021  3794  4102 I AiAiEcho: Filtered by AiAi flag check: 
06-11 22:49:00.022  3794  4102 I AiAiEcho: Ranked targets strategy: WEIGHTED, count: 1, ranking metadata: { cardId: WEATHER-569377243, card type: 1, update time: 2023-06-11T20:39:49.605Z, expiration time: 2023-06-11T21:00:00Z, ranking metadata: RankingMetaData(urgency=0.979, priority=0.3, recency=1.0, rankScore=0.2937, importantTimePoints=# kwj@7bca4) }
06-11 22:49:00.026  3794  4102 I AiAiEcho: #postPredictionTargets: Sending updates to UISurface lockscreen with targets# 1 (types=[1])
06-11 22:49:00.053  2553  2553 W BcSmartspaceCard: No title view to update
06-11 22:49:00.810 21532 21640 I BatteryMgr:DataCollectionService: stats => 1686516540809,129687,4253
06-11 22:49:01.085  1917  2394 D ConnectivityService: NetReassign [no changes] [c 1] [a 0] [i 4]
06-11 22:49:01.827 21532 21640 I BatteryMgr:DataCollectionService: stats => 1686516541827,114375,4253
06-11 22:49:02.849 21532 21640 I BatteryMgr:DataCollectionService: stats => 1686516542848,156562,4253
06-11 22:49:03.865 21532 21640 I BatteryMgr:DataCollectionService: stats => 1686516543865,91562,4253
06-11 22:49:04.127  1917  2394 D ConnectivityService: NetReassign [no changes] [c 0] [a 1] [i 4]
06-11 22:49:04.886 21532 21640 I BatteryMgr:DataCollectionService: stats => 1686516544886,117812,4253
06-11 22:49:05.903 21532 21640 I BatteryMgr:DataCollectionService: stats => 1686516545903,154687,4253
06-11 22:49:06.920 21532 21640 I BatteryMgr:DataCollectionService: stats => 1686516546919,180937,4253
06-11 22:49:07.159  1917  2394 D ConnectivityService: NetReassign [no changes] [c 0] [a 0] [i 5]
06-11 22:49:07.939 21532 21640 I BatteryMgr:DataCollectionService: stats => 1686516547939,180937,4253
06-11 22:49:08.950 21532 21640 I BatteryMgr:DataCollectionService: stats => 1686516548950,220312,4253
06-11 22:49:09.964 21532 21640 I BatteryMgr:DataCollectionService: stats => 1686516549964,122812,4253
06-11 22:49:10.198  1917  2394 D ConnectivityService: NetReassign [no changes] [c 1] [a 0] [i 4]
06-11 22:49:10.427 21667 21667 D ProcessState: Binder ioctl to enable oneway spam detection failed: Invalid argument
06-11 22:49:10.434  1917  1947 W ProcessStats: Tracking association SourceState{329dbb7 system/1000 BTopFgs #113458} whose proc state 2 is better than process ProcessState{9cdae9d com.google.android.gms.persistent/10125 pkg=com.google.android.gms} proc state 3 (5 skipped)
06-11 22:49:10.436  2553 21670 W RingtonePlayer: STOP command without a player
06-11 22:49:10.441  2553  2615 D PeopleSpaceWidgetMgr: Sbn doesn't contain valid PeopleTileKey: null/0/com.example.batterymanager_utility
06-11 22:49:10.446  2553  2553 V ShadeControllerImpl: NotificationShadeWindow: com.android.systemui.statusbar.phone.NotificationShadeWindowView{7942d07 I.E...... ......ID 0,0-1080,2160} canPanelBeCollapsed(): false
06-11 22:49:10.484 21673 21673 D ProcessState: Binder ioctl to enable oneway spam detection failed: Invalid argument
06-11 22:49:10.667 21684 21684 D ProcessState: Binder ioctl to enable oneway spam detection failed: Invalid argument
06-11 22:49:10.673  1917  1947 I ActivityManager: Force stopping e.www.gyroscopetest appid=10257 user=0: from pid 21684
06-11 22:49:10.674  1917  1947 I ActivityManager: Killing 21586:e.www.gyroscopetest/u0a257 (adj 0): stop e.www.gyroscopetest due to from pid 21684
06-11 22:49:10.674  1323  1323 I sensors-hal: activate_physical_sensor:220, android.sensor.gyroscope/41 en=0
06-11 22:49:10.675  1917  1947 W ActivityTaskManager: Force removing ActivityRecord{83aaf u0 e.www.gyroscopetest/.MainActivity t473 f}}: app died, no saved state
06-11 22:49:10.676  1323  1323 I sensors-hal: activate_physical_sensor:233, android.sensor.gyroscope/41 en=0 completed
06-11 22:49:10.681  1917  1947 W InputManager-JNI: Input channel object 'f2d7325 e.www.gyroscopetest/e.www.gyroscopetest.MainActivity (client)' was disposed without first being removed with the input manager!
06-11 22:49:10.693  1917  1947 D CompatibilityChangeReporter: Compat change id reported: 181136395; UID 10232; state: DISABLED
06-11 22:49:10.693  1917  1947 D CompatibilityChangeReporter: Compat change id reported: 174042936; UID 10232; state: DISABLED
06-11 22:49:10.696  1279  1279 I Zygote  : Process 21586 exited due to signal 9 (Killed)
06-11 22:49:10.696  1917  1947 W ActivityTaskManager: Can't find TaskDisplayArea to determine support for multi window. Task id=473 attached=false
06-11 22:49:10.696  1917  1947 W ActivityTaskManager: Can't find TaskDisplayArea to determine support for multi window. Task id=473 attached=false
06-11 22:49:10.702  1917  2046 I libprocessgroup: Successfully killed process cgroup uid 10257 pid 21586 in 27ms
06-11 22:49:10.704   743   743 E BpTransactionCompletedListener: Failed to transact (-32)
06-11 22:49:10.707  1917  4544 V ActivityManager: Got obituary of 21586:e.www.gyroscopetest
06-11 22:49:10.707  1917  2036 W ActivityManager: setHasOverlayUi called on unknown pid: 21586
06-11 22:49:10.708  2772  2772 E PhoneInterfaceManager: [PhoneIntfMgr] getCarrierPackageNamesForIntentAndPhone: No UICC
06-11 22:49:10.708  2772  2772 D CarrierSvcBindHelper: No carrier app for: 0
06-11 22:49:10.712  3867  3867 D RegisteredNfcFServicesCache: Service unchanged, not updating
06-11 22:49:10.717 19692 19692 I EuiccGoogle: [2] EuiccServiceImpl.onCreate: onCreate Single-SIM mode: simCardState is 1
06-11 22:49:10.721 19692 21690 I EuiccGoogle: [176] EuiccServiceImpl.onGetEuiccProfileInfoList: onGetEuiccProfileInfoList: slotId = -1
06-11 22:49:10.723 19692 21690 W EuiccGoogle: [176] EuiccServiceImpl.onGetEuiccProfileInfoList: slotId=-1. No eUICC is active. Return null.
06-11 22:49:10.733 21532 21549 I OpenGLRenderer: Davey! duration=65082ms; Flags=1, FrameTimelineVsyncId=3067196, IntendedVsync=59693032145373, Vsync=59693065478705, InputEventId=0, HandleInputStart=59693078835494, AnimationStart=59693078840025, PerformTraversalsStart=59693079000390, DrawStart=59693324460622, FrameDeadline=59693065478705, FrameInterval=59693078812108, FrameStartTime=16666666, SyncQueued=59693329452862, SyncStart=59693329525415, IssueDrawCommandsStart=59693329784581, SwapBuffers=59693334908123, FrameCompleted=59758114613327, DequeueBufferDuration=10261, QueueBufferDuration=455208, GpuCompleted=59758114613327, SwapBuffersCompleted=59693335970728, DisplayPresentTime=-7017620523249208788, 
06-11 22:49:10.735  2681  3016 W OpenGLRenderer: Surface doesn't have any previously queued frames, nothing to readback from
06-11 22:49:10.739  2681  2681 I WallpaperService: engine resumed
06-11 22:49:10.753  7741  7741 I GoogleInputMethodService: GoogleInputMethodService.onFinishInput():3307 
06-11 22:49:10.754  7741  7741 I GoogleInputMethodService: GoogleInputMethodService.updateDeviceLockedStatus():2137 repeatCheckTimes = 0, locked = false
06-11 22:49:10.754  7741  7741 I GoogleInputMethodService: GoogleInputMethodService.onStartInput():1917 onStartInput(EditorInfo{inputType=0x0(NULL) imeOptions=0x0 privateImeOptions=null actionName=UNSPECIFIED actionLabel=null actionId=0 initialSelStart=-1 initialSelEnd=-1 initialCapsMode=0x0 hintText=null label=null packageName=com.example.batterymanager_utility fieldId=-1 fieldName=null extras=null hintLocales=[]}, false)
06-11 22:49:10.754  7741  7741 I GoogleInputMethodService: GoogleInputMethodService.shouldHideHeaderOnInitialState():1998 ShouldHideHeaderOnInitialState = false
06-11 22:49:10.755  7741  7741 I GoogleInputMethodService: GoogleInputMethodService.updateDeviceLockedStatus():2137 repeatCheckTimes = 1, locked = false
06-11 22:49:11.340  2681  2681 I WallpaperService: engine paused
06-11 22:49:13.239  1917  2394 D ConnectivityService: NetReassign [no changes] [c 0] [a 0] [i 5]
06-11 22:49:14.037 21698 21698 D ProcessState: Binder ioctl to enable oneway spam detection failed: Invalid argument
06-11 22:49:14.043  1917  2464 I ActivityManager: Force stopping com.example.batterymanager_utility appid=10232 user=0: from pid 21698
06-11 22:49:14.044  1917  2464 I ActivityManager: Killing 21532:com.example.batterymanager_utility/u0a232 (adj 0): stop com.example.batterymanager_utility due to from pid 21698
06-11 22:49:14.047  1917  2464 W ActivityTaskManager: Force removing ActivityRecord{dc78ff7 u0 com.example.batterymanager_utility/.MainActivity t472 f}}: app died, no saved state
06-11 22:49:14.053  1917  2464 W InputManager-JNI: Input channel object 'edeaba9 com.example.batterymanager_utility/com.example.batterymanager_utility.MainActivity (client)' was disposed without first being removed with the input manager!
06-11 22:49:14.068  1917  2464 W ActivityTaskManager: Can't find TaskDisplayArea to determine support for multi window. Task id=472 attached=false
06-11 22:49:14.068  1917  2464 W ActivityTaskManager: Can't find TaskDisplayArea to determine support for multi window. Task id=472 attached=false
06-11 22:49:14.074  1279  1279 I Zygote  : Process 21532 exited due to signal 9 (Killed)
06-11 22:49:14.077 13703 13703 I A       : (REDACTED) onApplyWindowInsets: systemWindowInsets=%s
06-11 22:49:14.077 13703 13703 I A       : (REDACTED) onApplyWindowInsets: systemWindowInsets=%s
06-11 22:49:14.079  1917  2836 V ActivityManager: Got obituary of 21532:com.example.batterymanager_utility
06-11 22:49:14.080  2772  2772 E PhoneInterfaceManager: [PhoneIntfMgr] getCarrierPackageNamesForIntentAndPhone: No UICC
06-11 22:49:14.080  2772  2772 D CarrierSvcBindHelper: No carrier app for: 0
06-11 22:49:14.080  1917  2036 W ActivityManager: setHasOverlayUi called on unknown pid: 21532
06-11 22:49:14.083   743   743 E BpTransactionCompletedListener: Failed to transact (-32)
06-11 22:49:14.089  3867  3867 D RegisteredNfcFServicesCache: Service unchanged, not updating
06-11 22:49:14.093 12376 12376 I GsaVoiceInteractionSrv: Handling ACTION_START_HOTWORD
06-11 22:49:14.093 12376 12420 I GsaVoiceInteractionSrv: (REDACTED) disregardHotwordSetting: %b
06-11 22:49:14.093 12376 12420 I GsaVoiceInteractionSrv: Cannot start hotword, hotword has been explicitly disabled.
06-11 22:49:14.096 13703 17063 I OpenGLRenderer: Davey! duration=269378ms; Flags=1, FrameTimelineVsyncId=3049353, IntendedVsync=59492094432743, Vsync=59492094432743, InputEventId=0, HandleInputStart=59492094862399, AnimationStart=59492094866149, PerformTraversalsStart=59492094867972, DrawStart=59492111440734, FrameDeadline=59492131766075, FrameInterval=59492094854326, FrameStartTime=16666666, SyncQueued=59492111945995, SyncStart=59492112077661, IssueDrawCommandsStart=59492112288547, SwapBuffers=59492115846776, FrameCompleted=59761472568349, DequeueBufferDuration=2809531, QueueBufferDuration=485052, GpuCompleted=59761472568349, SwapBuffersCompleted=59492116737922, DisplayPresentTime=0, 
06-11 22:49:14.098 15483 15483 D BoundBrokerSvc: onBind: Intent { act=com.google.android.gms.inappreach.service.START dat=chimera-action: cmp=com.google.android.gms/.chimera.GmsApiService }
06-11 22:49:14.098 15483 15483 D BoundBrokerSvc: Loading bound service for intent: Intent { act=com.google.android.gms.inappreach.service.START dat=chimera-action: cmp=com.google.android.gms/.chimera.GmsApiService }
06-11 22:49:14.101  2681  2681 I WallpaperService: engine resumed
06-11 22:49:14.104  1917  2046 I libprocessgroup: Successfully killed process cgroup uid 10232 pid 21532 in 57ms
06-11 22:49:14.104  3794  4102 I AiAiEcho: Predicting[7]: { Feature:1, creation:2023-06-11T20:39:49.605Z, expiry:2023-06-11T21:00:00Z, isExpired: false}, { Feature:1, creation:2023-06-11T21:00:00Z, expiry:2023-06-11T22:00:00Z, isExpired: true}, { Feature:1, creation:2023-06-11T22:00:00Z, expiry:2023-06-11T23:00:00Z, isExpired: true}, { Feature:1, creation:2023-06-11T23:00:00Z, expiry:2023-06-12T00:00:00Z, isExpired: true}, { Feature:1, creation:2023-06-12T00:00:00Z, expiry:2023-06-12T01:00:00Z, isExpired: true}, { Feature:1, creation:2023-06-12T01:00:00Z, expiry:2023-06-12T02:00:00Z, isExpired: true}, { Feature:1, creation:2023-06-12T02:00:00Z, expiry:2023-06-12T02:39:49.605Z, isExpired: true}
06-11 22:49:14.104  3794  4102 I AiAiEcho: EchoTargets: Feature:1
06-11 22:49:14.104  3794  4102 I AiAiEcho: Filtered by AiAi flag check: 
06-11 22:49:14.105  3794  4102 I AiAiEcho: Ranked targets strategy: WEIGHTED, count: 1, ranking metadata: { cardId: WEATHER-569377243, card type: 1, update time: 2023-06-11T20:39:49.605Z, expiration time: 2023-06-11T21:00:00Z, ranking metadata: RankingMetaData(urgency=0.978, priority=0.3, recency=1.0, rankScore=0.29340002, importantTimePoints=# kwj@7bca4) }
06-11 22:49:14.107  3794  4102 I AiAiEcho: #postPredictionTargets: Sending updates to UISurface home with targets# 1 (types=[1])
06-11 22:49:14.108  2922  2922 W BcSmartspaceCard: No title view to update
06-11 22:49:14.113  7741  7741 I GoogleInputMethodService: GoogleInputMethodService.onFinishInput():3307 
06-11 22:49:14.114  7741  7741 I GoogleInputMethodService: GoogleInputMethodService.updateDeviceLockedStatus():2137 repeatCheckTimes = 0, locked = false
06-11 22:49:14.114  7741  7741 I GoogleInputMethodService: GoogleInputMethodService.onStartInput():1917 onStartInput(EditorInfo{inputType=0x0(NULL) imeOptions=0x0 privateImeOptions=null actionName=UNSPECIFIED actionLabel=null actionId=0 initialSelStart=-1 initialSelEnd=-1 initialCapsMode=0x0 hintText=null label=null packageName=com.google.android.apps.nexuslauncher fieldId=-1 fieldName=null extras=null hintLocales=[]}, false)
06-11 22:49:14.116  7741  7741 I GoogleInputMethodService: GoogleInputMethodService.shouldHideHeaderOnInitialState():1998 ShouldHideHeaderOnInitialState = false
06-11 22:49:14.117  7741  7741 I GoogleInputMethodService: GoogleInputMethodService.updateDeviceLockedStatus():2137 repeatCheckTimes = 1, locked = false
06-11 22:49:16.266  1917  2394 D ConnectivityService: NetReassign [no changes] [c 1] [a 0] [i 4]
06-11 22:49:19.288  1917  2394 D ConnectivityService: NetReassign [no changes] [c 0] [a 0] [i 6]
06-11 22:49:19.390  3812 22245 W MediaProvider: isAppCloneUserPair failed. Users: 0 and 0
06-11 22:49:19.390  3812 22245 W MediaProvider: isAppCloneUserPair for user 0: false
