07-02 20:50:40.072  2065  9005 E mm-camera: <IFACE ><ERROR> 2441: iface_axi_handle_sof_event: Event SOF session 5 VFE1, src 0 with frame_id 259 ts: 106615203031000
07-02 20:50:40.074  2065  8965 E mm-camera: <ISP   ><ERROR> 172: sce40_select_table: aec_ratio 0.000000
07-02 20:50:40.075  2065  8957 E QMI_FW  : qmi_cci_get_ref: ref count increased 2
07-02 20:50:40.191  2065  9005 E mm-camera: <IFACE ><ERROR> 2441: iface_axi_handle_sof_event: Event SOF session 5 VFE1, src 0 with frame_id 260 ts: 106615323093000
07-02 20:50:40.195  2065  8965 E mm-camera: <ISP   ><ERROR> 172: sce40_select_table: aec_ratio 0.000000
07-02 20:50:40.195  2065  8957 E QMI_FW  : qmi_cci_get_ref: ref count increased 2
07-02 20:50:40.312  2065  9005 E mm-camera: <IFACE ><ERROR> 2441: iface_axi_handle_sof_event: Event SOF session 5 VFE1, src 0 with frame_id 261 ts: 106615443164000
07-02 20:50:40.315  2065  8965 E mm-camera: <ISP   ><ERROR> 172: sce40_select_table: aec_ratio 0.000000
07-02 20:50:40.315  2065  8957 E QMI_FW  : qmi_cci_get_ref: ref count increased 2
07-02 20:50:40.364  8884  9044 I BatteryMgr:DataCollectionService: stats => 1688323840364,-223144,4263
07-02 20:50:40.432  2065  9005 E mm-camera: <IFACE ><ERROR> 2441: iface_axi_handle_sof_event: Event SOF session 5 VFE1, src 0 with frame_id 262 ts: 106615563233000
07-02 20:50:40.435  2065  8965 E mm-camera: <ISP   ><ERROR> 172: sce40_select_table: aec_ratio 0.000000
07-02 20:50:40.436  2065  8957 E QMI_FW  : qmi_cci_get_ref: ref count increased 2
07-02 20:50:40.552  2065  9005 E mm-camera: <IFACE ><ERROR> 2441: iface_axi_handle_sof_event: Event SOF session 5 VFE1, src 0 with frame_id 263 ts: 106615683384000
07-02 20:50:40.554  2065  8965 E mm-camera: <ISP   ><ERROR> 172: sce40_select_table: aec_ratio 0.000000
07-02 20:50:40.554  2065  8957 E QMI_FW  : qmi_cci_get_ref: ref count increased 2
07-02 20:50:40.672  2065  9005 E mm-camera: <IFACE ><ERROR> 2441: iface_axi_handle_sof_event: Event SOF session 5 VFE1, src 0 with frame_id 264 ts: 106615803382000
07-02 20:50:40.674  2065  8965 E mm-camera: <ISP   ><ERROR> 172: sce40_select_table: aec_ratio 0.000000
07-02 20:50:40.675  2065  8957 E QMI_FW  : qmi_cci_get_ref: ref count increased 2
07-02 20:50:40.792  2065  9005 E mm-camera: <IFACE ><ERROR> 2441: iface_axi_handle_sof_event: Event SOF session 5 VFE1, src 0 with frame_id 265 ts: 106615923441000
07-02 20:50:40.795  2065  8965 E mm-camera: <ISP   ><ERROR> 172: sce40_select_table: aec_ratio 0.000000
07-02 20:50:40.795  2065  8957 E QMI_FW  : qmi_cci_get_ref: ref count increased 2
07-02 20:50:40.912  2065  9005 E mm-camera: <IFACE ><ERROR> 2441: iface_axi_handle_sof_event: Event SOF session 5 VFE1, src 0 with frame_id 266 ts: 106616043513000
07-02 20:50:40.915  2065  8965 E mm-camera: <ISP   ><ERROR> 172: sce40_select_table: aec_ratio 0.000000
07-02 20:50:40.917  2065  8957 E QMI_FW  : qmi_cci_get_ref: ref count increased 2
07-02 20:50:41.032  2065  9005 E mm-camera: <IFACE ><ERROR> 2441: iface_axi_handle_sof_event: Event SOF session 5 VFE1, src 0 with frame_id 267 ts: 106616163579000
07-02 20:50:41.035  2065  8965 E mm-camera: <ISP   ><ERROR> 172: sce40_select_table: aec_ratio 0.000000
07-02 20:50:41.036  2065  8957 E QMI_FW  : qmi_cci_get_ref: ref count increased 2
07-02 20:50:41.152  2065  9005 E mm-camera: <IFACE ><ERROR> 2441: iface_axi_handle_sof_event: Event SOF session 5 VFE1, src 0 with frame_id 268 ts: 106616283651000
07-02 20:50:41.155  2065  8965 E mm-camera: <ISP   ><ERROR> 172: sce40_select_table: aec_ratio 0.000000
07-02 20:50:41.157  2065  8957 E QMI_FW  : qmi_cci_get_ref: ref count increased 2
07-02 20:50:41.192  1301  1301 W ipacm   : type=1400 audit(0.0:3113096): avc: denied { write } for name="ipacm_log_file" dev="tmpfs" ino=28733 scontext=u:r:ipacm:s0 tcontext=u:object_r:ipacm_socket:s0 tclass=sock_file permissive=0
07-02 20:50:41.192  1301  1301 I chatty  : uid=1001(radio) /system/vendor/bin/ipacm identical 1 line
07-02 20:50:41.192  1301  1301 W ipacm   : type=1400 audit(0.0:3113098): avc: denied { write } for name="ipacm_log_file" dev="tmpfs" ino=28733 scontext=u:r:ipacm:s0 tcontext=u:object_r:ipacm_socket:s0 tclass=sock_file permissive=0
07-02 20:50:41.272  2065  9005 E mm-camera: <IFACE ><ERROR> 2441: iface_axi_handle_sof_event: Event SOF session 5 VFE1, src 0 with frame_id 269 ts: 106616403719000
07-02 20:50:41.275  2065  8965 E mm-camera: <ISP   ><ERROR> 172: sce40_select_table: aec_ratio 0.000000
07-02 20:50:41.276  2065  8957 E QMI_FW  : qmi_cci_get_ref: ref count increased 2
07-02 20:50:41.352  1301  1301 W ipacm   : type=1400 audit(0.0:3113099): avc: denied { write } for name="ipacm_log_file" dev="tmpfs" ino=28733 scontext=u:r:ipacm:s0 tcontext=u:object_r:ipacm_socket:s0 tclass=sock_file permissive=0
07-02 20:50:41.352  1301  1301 W ipacm   : type=1400 audit(0.0:3113100): avc: denied { write } for name="ipacm_log_file" dev="tmpfs" ino=28733 scontext=u:r:ipacm:s0 tcontext=u:object_r:ipacm_socket:s0 tclass=sock_file permissive=0
07-02 20:50:41.377  8884  9044 I BatteryMgr:DataCollectionService: stats => 1688323841377,-229980,4263
07-02 20:50:41.392  2065  9005 E mm-camera: <IFACE ><ERROR> 2441: iface_axi_handle_sof_event: Event SOF session 5 VFE1, src 0 with frame_id 270 ts: 106616523788000
07-02 20:50:41.395  2065  8965 E mm-camera: <ISP   ><ERROR> 172: sce40_select_table: aec_ratio 0.000000
07-02 20:50:41.396  2065  8957 E QMI_FW  : qmi_cci_get_ref: ref count increased 2
07-02 20:50:41.512  2065  9005 E mm-camera: <IFACE ><ERROR> 2441: iface_axi_handle_sof_event: Event SOF session 5 VFE1, src 0 with frame_id 271 ts: 106616643858000
07-02 20:50:41.515  2065  8965 E mm-camera: <ISP   ><ERROR> 172: sce40_select_table: aec_ratio 0.000000
07-02 20:50:41.517  2065  8957 E QMI_FW  : qmi_cci_get_ref: ref count increased 2
07-02 20:50:41.632  2065  9005 E mm-camera: <IFACE ><ERROR> 2441: iface_axi_handle_sof_event: Event SOF session 5 VFE1, src 0 with frame_id 272 ts: 106616763926000
07-02 20:50:41.636  2065  8965 E mm-camera: <ISP   ><ERROR> 172: sce40_select_table: aec_ratio 0.000000
07-02 20:50:41.636  2065  8957 E QMI_FW  : qmi_cci_get_ref: ref count increased 2
07-02 20:50:41.752  2065  9005 E mm-camera: <IFACE ><ERROR> 2441: iface_axi_handle_sof_event: Event SOF session 5 VFE1, src 0 with frame_id 273 ts: 106616883999000
07-02 20:50:41.754  2065  8965 E mm-camera: <ISP   ><ERROR> 172: sce40_select_table: aec_ratio 0.000000
07-02 20:50:41.755  2065  8957 E QMI_FW  : qmi_cci_get_ref: ref count increased 2
07-02 20:50:41.873  2065  9005 E mm-camera: <IFACE ><ERROR> 2441: iface_axi_handle_sof_event: Event SOF session 5 VFE1, src 0 with frame_id 274 ts: 106617004081000
07-02 20:50:41.875  2065  8965 E mm-camera: <ISP   ><ERROR> 172: sce40_select_table: aec_ratio 0.000000
07-02 20:50:41.875  2065  8957 E QMI_FW  : qmi_cci_get_ref: ref count increased 2
07-02 20:50:41.993  2065  9005 E mm-camera: <IFACE ><ERROR> 2441: iface_axi_handle_sof_event: Event SOF session 5 VFE1, src 0 with frame_id 275 ts: 106617124157000
07-02 20:50:41.995  2065  8965 E mm-camera: <ISP   ><ERROR> 172: sce40_select_table: aec_ratio 0.000000
07-02 20:50:41.997  2065  8957 E QMI_FW  : qmi_cci_get_ref: ref count increased 2
07-02 20:50:42.113  2065  9005 E mm-camera: <IFACE ><ERROR> 2441: iface_axi_handle_sof_event: Event SOF session 5 VFE1, src 0 with frame_id 276 ts: 106617244256000
07-02 20:50:42.116  2065  8965 E mm-camera: <ISP   ><ERROR> 172: sce40_select_table: aec_ratio 0.000000
07-02 20:50:42.117  2065  8957 E QMI_FW  : qmi_cci_get_ref: ref count increased 2
07-02 20:50:42.192  1301  1301 W ipacm   : type=1400 audit(0.0:3113284): avc: denied { write } for name="ipacm_log_file" dev="tmpfs" ino=28733 scontext=u:r:ipacm:s0 tcontext=u:object_r:ipacm_socket:s0 tclass=sock_file permissive=0
07-02 20:50:42.202  1301  1301 I chatty  : uid=1001(radio) /system/vendor/bin/ipacm identical 3 lines
07-02 20:50:42.202  1301  1301 W ipacm   : type=1400 audit(0.0:3113288): avc: denied { write } for name="ipacm_log_file" dev="tmpfs" ino=28733 scontext=u:r:ipacm:s0 tcontext=u:object_r:ipacm_socket:s0 tclass=sock_file permissive=0
07-02 20:50:42.233  2065  9005 E mm-camera: <IFACE ><ERROR> 2441: iface_axi_handle_sof_event: Event SOF session 5 VFE1, src 0 with frame_id 277 ts: 106617364275000
07-02 20:50:42.235  2065  8965 E mm-camera: <ISP   ><ERROR> 172: sce40_select_table: aec_ratio 0.000000
07-02 20:50:42.239  2065  8957 E QMI_FW  : qmi_cci_get_ref: ref count increased 2
07-02 20:50:42.353  2065  9005 E mm-camera: <IFACE ><ERROR> 2441: iface_axi_handle_sof_event: Event SOF session 5 VFE1, src 0 with frame_id 278 ts: 106617484371000
07-02 20:50:42.355  2065  8965 E mm-camera: <ISP   ><ERROR> 172: sce40_select_table: aec_ratio 0.000000
07-02 20:50:42.356  2065  8957 E QMI_FW  : qmi_cci_get_ref: ref count increased 2
07-02 20:50:42.386  8884  9044 I BatteryMgr:DataCollectionService: stats => 1688323842386,-292968,4263
07-02 20:50:42.473  2065  9005 E mm-camera: <IFACE ><ERROR> 2441: iface_axi_handle_sof_event: Event SOF session 5 VFE1, src 0 with frame_id 279 ts: 106617604414000
07-02 20:50:42.476  2065  8957 E QMI_FW  : qmi_cci_get_ref: ref count increased 2
07-02 20:50:42.481  2065  8965 E mm-camera: <ISP   ><ERROR> 172: sce40_select_table: aec_ratio 0.000000
07-02 20:50:42.593  2065  9005 E mm-camera: <IFACE ><ERROR> 2441: iface_axi_handle_sof_event: Event SOF session 5 VFE1, src 0 with frame_id 280 ts: 106617724482000
07-02 20:50:42.598  2065  8957 E QMI_FW  : qmi_cci_get_ref: ref count increased 2
07-02 20:50:42.601  2065  8965 E mm-camera: <ISP   ><ERROR> 172: sce40_select_table: aec_ratio 0.000000
07-02 20:50:42.713  2065  9005 E mm-camera: <IFACE ><ERROR> 2441: iface_axi_handle_sof_event: Event SOF session 5 VFE1, src 0 with frame_id 281 ts: 106617844552000
07-02 20:50:42.716  2065  8957 E QMI_FW  : qmi_cci_get_ref: ref count increased 2
07-02 20:50:42.720  2065  8965 E mm-camera: <ISP   ><ERROR> 172: sce40_select_table: aec_ratio 0.000000
07-02 20:50:42.833  2065  9005 E mm-camera: <IFACE ><ERROR> 2441: iface_axi_handle_sof_event: Event SOF session 5 VFE1, src 0 with frame_id 282 ts: 106617964639000
07-02 20:50:42.835  2065  8965 E mm-camera: <ISP   ><ERROR> 172: sce40_select_table: aec_ratio 0.000000
07-02 20:50:42.838  2065  8957 E QMI_FW  : qmi_cci_get_ref: ref count increased 2
07-02 20:50:42.953  2065  9005 E mm-camera: <IFACE ><ERROR> 2441: iface_axi_handle_sof_event: Event SOF session 5 VFE1, src 0 with frame_id 283 ts: 106618084708000
07-02 20:50:42.955  2065  8965 E mm-camera: <ISP   ><ERROR> 172: sce40_select_table: aec_ratio 0.000000
07-02 20:50:42.959  2065  8957 E QMI_FW  : qmi_cci_get_ref: ref count increased 2
07-02 20:50:43.073  2065  9005 E mm-camera: <IFACE ><ERROR> 2441: iface_axi_handle_sof_event: Event SOF session 5 VFE1, src 0 with frame_id 284 ts: 106618204792000
07-02 20:50:43.075  2065  8965 E mm-camera: <ISP   ><ERROR> 172: sce40_select_table: aec_ratio 0.000000
07-02 20:50:43.076  2065  8957 E QMI_FW  : qmi_cci_get_ref: ref count increased 2
07-02 20:50:43.193  2065  9005 E mm-camera: <IFACE ><ERROR> 2441: iface_axi_handle_sof_event: Event SOF session 5 VFE1, src 0 with frame_id 285 ts: 106618324832000
07-02 20:50:43.196  2065  8965 E mm-camera: <ISP   ><ERROR> 172: sce40_select_table: aec_ratio 0.000000
07-02 20:50:43.197  2065  8957 E QMI_FW  : qmi_cci_get_ref: ref count increased 2
07-02 20:50:43.302  1301  1301 W ipacm   : type=1400 audit(0.0:3113365): avc: denied { write } for name="ipacm_log_file" dev="tmpfs" ino=28733 scontext=u:r:ipacm:s0 tcontext=u:object_r:ipacm_socket:s0 tclass=sock_file permissive=0
07-02 20:50:43.302  1301  1301 I chatty  : uid=1001(radio) /system/vendor/bin/ipacm identical 2 lines
07-02 20:50:43.302  1301  1301 W ipacm   : type=1400 audit(0.0:3113368): avc: denied { write } for name="ipacm_log_file" dev="tmpfs" ino=28733 scontext=u:r:ipacm:s0 tcontext=u:object_r:ipacm_socket:s0 tclass=sock_file permissive=0
07-02 20:50:43.302  1301  1301 W ipacm   : type=1400 audit(0.0:3113369): avc: denied { write } for name="ipacm_log_file" dev="tmpfs" ino=28733 scontext=u:r:ipacm:s0 tcontext=u:object_r:ipacm_socket:s0 tclass=sock_file permissive=0
07-02 20:50:43.313  2065  9005 E mm-camera: <IFACE ><ERROR> 2441: iface_axi_handle_sof_event: Event SOF session 5 VFE1, src 0 with frame_id 286 ts: 106618444899000
07-02 20:50:43.315  2065  8965 E mm-camera: <ISP   ><ERROR> 172: sce40_select_table: aec_ratio 0.000000
07-02 20:50:43.316  2065  8957 E QMI_FW  : qmi_cci_get_ref: ref count increased 2
07-02 20:50:43.399  8884  9044 I BatteryMgr:DataCollectionService: stats => 1688323843398,-292968,4263
07-02 20:50:43.434  2065  9005 E mm-camera: <IFACE ><ERROR> 2441: iface_axi_handle_sof_event: Event SOF session 5 VFE1, src 0 with frame_id 287 ts: 106618564968000
07-02 20:50:43.437  2065  8965 E mm-camera: <ISP   ><ERROR> 172: sce40_select_table: aec_ratio 0.000000
07-02 20:50:43.438  2065  8957 E QMI_FW  : qmi_cci_get_ref: ref count increased 2
07-02 20:50:43.553  2065  9005 E mm-camera: <IFACE ><ERROR> 2441: iface_axi_handle_sof_event: Event SOF session 5 VFE1, src 0 with frame_id 288 ts: 106618685039000
07-02 20:50:43.556  2065  8965 E mm-camera: <ISP   ><ERROR> 172: sce40_select_table: aec_ratio 0.000000
07-02 20:50:43.557  2065  8957 E QMI_FW  : qmi_cci_get_ref: ref count increased 2
07-02 20:50:43.558  2065  8957 E QMI_FW  : qmi_cci_get_ref: ref count increased 2
07-02 20:50:43.673  2065  9005 E mm-camera: <IFACE ><ERROR> 2441: iface_axi_handle_sof_event: Event SOF session 5 VFE1, src 0 with frame_id 289 ts: 106618805108000
07-02 20:50:43.676  2065  8965 E mm-camera: <ISP   ><ERROR> 172: sce40_select_table: aec_ratio 0.000000
07-02 20:50:43.677  2065  8957 E QMI_FW  : qmi_cci_get_ref: ref count increased 2
07-02 20:50:43.794  2065  9005 E mm-camera: <IFACE ><ERROR> 2441: iface_axi_handle_sof_event: Event SOF session 5 VFE1, src 0 with frame_id 290 ts: 106618925177000
07-02 20:50:43.797  2065  8965 E mm-camera: <ISP   ><ERROR> 172: sce40_select_table: aec_ratio 0.000000
07-02 20:50:43.799  2065  8957 E QMI_FW  : qmi_cci_get_ref: ref count increased 2
07-02 20:50:43.914  2065  9005 E mm-camera: <IFACE ><ERROR> 2441: iface_axi_handle_sof_event: Event SOF session 5 VFE1, src 0 with frame_id 291 ts: 106619045252000
07-02 20:50:43.916  2065  8965 E mm-camera: <ISP   ><ERROR> 172: sce40_select_table: aec_ratio 0.000000
07-02 20:50:43.917  2065  8957 E QMI_FW  : qmi_cci_get_ref: ref count increased 2
07-02 20:50:44.034  2065  9005 E mm-camera: <IFACE ><ERROR> 2441: iface_axi_handle_sof_event: Event SOF session 5 VFE1, src 0 with frame_id 292 ts: 106619165327000
07-02 20:50:44.036  2065  8965 E mm-camera: <ISP   ><ERROR> 172: sce40_select_table: aec_ratio 0.000000
07-02 20:50:44.037  2065  8957 E QMI_FW  : qmi_cci_get_ref: ref count increased 2
07-02 20:50:44.154  2065  9005 E mm-camera: <IFACE ><ERROR> 2441: iface_axi_handle_sof_event: Event SOF session 5 VFE1, src 0 with frame_id 293 ts: 106619285386000
07-02 20:50:44.157  2065  8965 E mm-camera: <ISP   ><ERROR> 172: sce40_select_table: aec_ratio 0.000000
07-02 20:50:44.161  2065  8957 E QMI_FW  : qmi_cci_get_ref: ref count increased 2
07-02 20:50:44.274  2065  9005 E mm-camera: <IFACE ><ERROR> 2441: iface_axi_handle_sof_event: Event SOF session 5 VFE1, src 0 with frame_id 294 ts: 106619405454000
07-02 20:50:44.277  2065  8965 E mm-camera: <ISP   ><ERROR> 172: sce40_select_table: aec_ratio 0.000000
07-02 20:50:44.281  2065  8957 E QMI_FW  : qmi_cci_get_ref: ref count increased 2
07-02 20:50:44.308  2065  2222 I QCamera : <HAL><INFO> translateToHalMetadata: 16871: [ssan Ai] mDeviceRotation = 0
07-02 20:50:44.308  2065  2222 E QCamera : <HAL><ERROR> translateToHalMetadata: 16917: pengpeng mHmdCameraMode = 0
07-02 20:50:44.312  1301  1301 W ipacm   : type=1400 audit(0.0:3113453): avc: denied { write } for name="ipacm_log_file" dev="tmpfs" ino=28733 scontext=u:r:ipacm:s0 tcontext=u:object_r:ipacm_socket:s0 tclass=sock_file permissive=0
07-02 20:50:44.312  1301  1301 I chatty  : uid=1001(radio) /system/vendor/bin/ipacm identical 3 lines
07-02 20:50:44.312  1301  1301 W ipacm   : type=1400 audit(0.0:3113457): avc: denied { write } for name="ipacm_log_file" dev="tmpfs" ino=28733 scontext=u:r:ipacm:s0 tcontext=u:object_r:ipacm_socket:s0 tclass=sock_file permissive=0
07-02 20:50:44.394  2065  9005 E mm-camera: <IFACE ><ERROR> 2441: iface_axi_handle_sof_event: Event SOF session 5 VFE1, src 0 with frame_id 295 ts: 106619525524000
07-02 20:50:44.397  2065  8965 E mm-camera: <ISP   ><ERROR> 172: sce40_select_table: aec_ratio 0.000000
07-02 20:50:44.400  2065  8957 I mm-camera: <STATS_AEC >< INFO> 3613: aec_port_proc_downstream_ctrl: AEC_SET_PARAM_MANUAL_EXP_TIME:is_exp_time_valid=1,exp_time=0.000013
07-02 20:50:44.401  2065  8957 E mm-camera: <SENSOR><ERROR> 5476: module_sensor_event_control_set_parm: func_tbl for submodule 4 is NULL
07-02 20:50:44.401  2065  8957 E mm-camera: <SENSOR><ERROR> 5287: module_sensor_event_control_set_parm: func_tbl for submodule 4 is NULL
07-02 20:50:44.401  2065  8957 E mm-camera: <SENSOR><ERROR> 5289: module_sensor_event_control_set_parm: CAM_INTF_META_FLASH_POWER failed
07-02 20:50:44.404  2065  8957 E QMI_FW  : qmi_cci_get_ref: ref count increased 2
07-02 20:50:44.413  8884  9044 I BatteryMgr:DataCollectionService: stats => 1688323844413,-208007,4263
07-02 20:50:44.514  2065  9005 E mm-camera: <IFACE ><ERROR> 2441: iface_axi_handle_sof_event: Event SOF session 5 VFE1, src 0 with frame_id 296 ts: 106619645597000
07-02 20:50:44.516  2065  8965 E mm-camera: <ISP   ><ERROR> 172: sce40_select_table: aec_ratio 0.000000
07-02 20:50:44.517  2065  8957 E QMI_FW  : qmi_cci_get_ref: ref count increased 2
07-02 20:50:44.634  2065  9005 E mm-camera: <IFACE ><ERROR> 2441: iface_axi_handle_sof_event: Event SOF session 5 VFE1, src 0 with frame_id 297 ts: 106619765678000
07-02 20:50:44.636  2065  8965 E mm-camera: <ISP   ><ERROR> 172: sce40_select_table: aec_ratio 0.000000
07-02 20:50:44.637  2065  8957 E QMI_FW  : qmi_cci_get_ref: ref count increased 2
07-02 20:50:44.754  2065  9005 E mm-camera: <IFACE ><ERROR> 2441: iface_axi_handle_sof_event: Event SOF session 5 VFE1, src 0 with frame_id 298 ts: 106619885756000
07-02 20:50:44.756  2065  8965 E mm-camera: <ISP   ><ERROR> 172: sce40_select_table: aec_ratio 0.000000
07-02 20:50:44.757  2065  8957 E QMI_FW  : qmi_cci_get_ref: ref count increased 2
07-02 20:50:44.773   931  1873 E SurfaceFlinger: setDesiredDisplayConfigSpecs: failed to call setDesiredDisplayConfigSpecs: -22
07-02 20:50:44.774  1631  1821 E SurfaceFlinger: setDesiredDisplayConfigSpecs failed to transact: -22
07-02 20:50:44.874  2065  9005 E mm-camera: <IFACE ><ERROR> 2441: iface_axi_handle_sof_event: Event SOF session 5 VFE1, src 0 with frame_id 299 ts: 106620005802000
07-02 20:50:44.878  2065  8957 E QMI_FW  : qmi_cci_get_ref: ref count increased 2
07-02 20:50:44.878  2065  8965 E mm-camera: <ISP   ><ERROR> 172: sce40_select_table: aec_ratio 0.000000
07-02 20:50:44.994  2065  9005 E mm-camera: <IFACE ><ERROR> 2441: iface_axi_handle_sof_event: Event SOF session 5 VFE1, src 0 with frame_id 300 ts: 106620125881000
07-02 20:50:44.997  2065  8965 E mm-camera: <ISP   ><ERROR> 172: sce40_select_table: aec_ratio 0.000000
07-02 20:50:44.997  2065  8957 E QMI_FW  : qmi_cci_get_ref: ref count increased 2
07-02 20:50:45.114  2065  9005 E mm-camera: <IFACE ><ERROR> 2441: iface_axi_handle_sof_event: Event SOF session 5 VFE1, src 0 with frame_id 301 ts: 106620245944000
07-02 20:50:45.117  2065  8965 E mm-camera: <ISP   ><ERROR> 172: sce40_select_table: aec_ratio 0.000000
07-02 20:50:45.117  2065  8957 E QMI_FW  : qmi_cci_get_ref: ref count increased 2
07-02 20:50:45.234  2065  9005 E mm-camera: <IFACE ><ERROR> 2441: iface_axi_handle_sof_event: Event SOF session 5 VFE1, src 0 with frame_id 302 ts: 106620366012000
07-02 20:50:45.238  2065  8957 E QMI_FW  : qmi_cci_get_ref: ref count increased 2
07-02 20:50:45.239  2065  8965 E mm-camera: <ISP   ><ERROR> 172: sce40_select_table: aec_ratio 0.000000
07-02 20:50:45.352  1301  1301 W ipacm   : type=1400 audit(0.0:3113498): avc: denied { write } for name="ipacm_log_file" dev="tmpfs" ino=28733 scontext=u:r:ipacm:s0 tcontext=u:object_r:ipacm_socket:s0 tclass=sock_file permissive=0
07-02 20:50:45.352  1301  1301 I chatty  : uid=1001(radio) /system/vendor/bin/ipacm identical 3 lines
07-02 20:50:45.352  1301  1301 W ipacm   : type=1400 audit(0.0:3113502): avc: denied { write } for name="ipacm_log_file" dev="tmpfs" ino=28733 scontext=u:r:ipacm:s0 tcontext=u:object_r:ipacm_socket:s0 tclass=sock_file permissive=0
07-02 20:50:45.354  2065  9005 E mm-camera: <IFACE ><ERROR> 2441: iface_axi_handle_sof_event: Event SOF session 5 VFE1, src 0 with frame_id 303 ts: 106620486080000
07-02 20:50:45.357  2065  8965 E mm-camera: <ISP   ><ERROR> 172: sce40_select_table: aec_ratio 0.000000
07-02 20:50:45.357  2065  8957 E QMI_FW  : qmi_cci_get_ref: ref count increased 2
07-02 20:50:45.422  8884  9044 I BatteryMgr:DataCollectionService: stats => 1688323845422,-234374,4263
07-02 20:50:45.474  2065  9005 E mm-camera: <IFACE ><ERROR> 2441: iface_axi_handle_sof_event: Event SOF session 5 VFE1, src 0 with frame_id 304 ts: 106620606151000
07-02 20:50:45.477  2065  8965 E mm-camera: <ISP   ><ERROR> 172: sce40_select_table: aec_ratio 0.000000
07-02 20:50:45.478  2065  8957 E QMI_FW  : qmi_cci_get_ref: ref count increased 2
07-02 20:50:45.595  2065  9005 E mm-camera: <IFACE ><ERROR> 2441: iface_axi_handle_sof_event: Event SOF session 5 VFE1, src 0 with frame_id 305 ts: 106620726220000
07-02 20:50:45.598  2065  8965 E mm-camera: <ISP   ><ERROR> 172: sce40_select_table: aec_ratio 0.000000
07-02 20:50:45.598  2065  8957 E QMI_FW  : qmi_cci_get_ref: ref count increased 2
07-02 20:50:45.715  2065  9005 E mm-camera: <IFACE ><ERROR> 2441: iface_axi_handle_sof_event: Event SOF session 5 VFE1, src 0 with frame_id 306 ts: 106620846288000
07-02 20:50:45.718  2065  8965 E mm-camera: <ISP   ><ERROR> 172: sce40_select_table: aec_ratio 0.000000
07-02 20:50:45.720  2065  8957 E QMI_FW  : qmi_cci_get_ref: ref count increased 2
07-02 20:50:45.835  2065  9005 E mm-camera: <IFACE ><ERROR> 2441: iface_axi_handle_sof_event: Event SOF session 5 VFE1, src 0 with frame_id 307 ts: 106620966359000
07-02 20:50:45.838  2065  8965 E mm-camera: <ISP   ><ERROR> 172: sce40_select_table: aec_ratio 0.000000
07-02 20:50:45.840  2065  8957 E QMI_FW  : qmi_cci_get_ref: ref count increased 2
07-02 20:50:45.955  2065  9005 E mm-camera: <IFACE ><ERROR> 2441: iface_axi_handle_sof_event: Event SOF session 5 VFE1, src 0 with frame_id 308 ts: 106621086428000
07-02 20:50:45.958  2065  8965 E mm-camera: <ISP   ><ERROR> 172: sce40_select_table: aec_ratio 0.000000
07-02 20:50:45.959  2065  8957 E QMI_FW  : qmi_cci_get_ref: ref count increased 2
07-02 20:50:46.075  2065  9005 E mm-camera: <IFACE ><ERROR> 2441: iface_axi_handle_sof_event: Event SOF session 5 VFE1, src 0 with frame_id 309 ts: 106621206499000
07-02 20:50:46.077  2065  8965 E mm-camera: <ISP   ><ERROR> 172: sce40_select_table: aec_ratio 0.000000
07-02 20:50:46.078  2065  8957 E QMI_FW  : qmi_cci_get_ref: ref count increased 2
07-02 20:50:46.195  2065  9005 E mm-camera: <IFACE ><ERROR> 2441: iface_axi_handle_sof_event: Event SOF session 5 VFE1, src 0 with frame_id 310 ts: 106621326569000
07-02 20:50:46.197  2065  8965 E mm-camera: <ISP   ><ERROR> 172: sce40_select_table: aec_ratio 0.000000
07-02 20:50:46.197  2065  8957 E QMI_FW  : qmi_cci_get_ref: ref count increased 2
07-02 20:50:46.315  2065  9005 E mm-camera: <IFACE ><ERROR> 2441: iface_axi_handle_sof_event: Event SOF session 5 VFE1, src 0 with frame_id 311 ts: 106621446634000
07-02 20:50:46.318  2065  8965 E mm-camera: <ISP   ><ERROR> 172: sce40_select_table: aec_ratio 0.000000
07-02 20:50:46.319  2065  8957 E QMI_FW  : qmi_cci_get_ref: ref count increased 2
07-02 20:50:46.433  8884  9044 I BatteryMgr:DataCollectionService: stats => 1688323846432,-267577,4263
07-02 20:50:46.435  2065  9005 E mm-camera: <IFACE ><ERROR> 2441: iface_axi_handle_sof_event: Event SOF session 5 VFE1, src 0 with frame_id 312 ts: 106621566921000
07-02 20:50:46.439  2065  8965 E mm-camera: <ISP   ><ERROR> 172: sce40_select_table: aec_ratio 0.000000
07-02 20:50:46.439  2065  8957 E QMI_FW  : qmi_cci_get_ref: ref count increased 2
07-02 20:50:46.472  1301  1301 W ipacm   : type=1400 audit(0.0:3113564): avc: denied { write } for name="ipacm_log_file" dev="tmpfs" ino=28733 scontext=u:r:ipacm:s0 tcontext=u:object_r:ipacm_socket:s0 tclass=sock_file permissive=0
07-02 20:50:46.472  1301  1301 I chatty  : uid=1001(radio) /system/vendor/bin/ipacm identical 3 lines
07-02 20:50:46.472  1301  1301 W ipacm   : type=1400 audit(0.0:3113568): avc: denied { write } for name="ipacm_log_file" dev="tmpfs" ino=28733 scontext=u:r:ipacm:s0 tcontext=u:object_r:ipacm_socket:s0 tclass=sock_file permissive=0
07-02 20:50:46.555  2065  9005 E mm-camera: <IFACE ><ERROR> 2441: iface_axi_handle_sof_event: Event SOF session 5 VFE1, src 0 with frame_id 313 ts: 106621686776000
07-02 20:50:46.559  2065  8965 E mm-camera: <ISP   ><ERROR> 172: sce40_select_table: aec_ratio 0.000000
07-02 20:50:46.560  2065  8957 E QMI_FW  : qmi_cci_get_ref: ref count increased 2
07-02 20:50:46.675  2065  9005 E mm-camera: <IFACE ><ERROR> 2441: iface_axi_handle_sof_event: Event SOF session 5 VFE1, src 0 with frame_id 314 ts: 106621806845000
07-02 20:50:46.678  2065  8965 E mm-camera: <ISP   ><ERROR> 172: sce40_select_table: aec_ratio 0.000000
07-02 20:50:46.679  2065  8957 E QMI_FW  : qmi_cci_get_ref: ref count increased 2
07-02 20:50:46.795  2065  9005 E mm-camera: <IFACE ><ERROR> 2441: iface_axi_handle_sof_event: Event SOF session 5 VFE1, src 0 with frame_id 315 ts: 106621926912000
07-02 20:50:46.799  2065  8957 E QMI_FW  : qmi_cci_get_ref: ref count increased 2
07-02 20:50:46.799  2065  8965 E mm-camera: <ISP   ><ERROR> 172: sce40_select_table: aec_ratio 0.000000
07-02 20:50:46.916  2065  9005 E mm-camera: <IFACE ><ERROR> 2441: iface_axi_handle_sof_event: Event SOF session 5 VFE1, src 0 with frame_id 316 ts: 106622047012000
07-02 20:50:46.919  2065  8965 E mm-camera: <ISP   ><ERROR> 172: sce40_select_table: aec_ratio 0.000000
07-02 20:50:46.923  2065  8957 E QMI_FW  : qmi_cci_get_ref: ref count increased 2
07-02 20:50:47.036  2065  9005 E mm-camera: <IFACE ><ERROR> 2441: iface_axi_handle_sof_event: Event SOF session 5 VFE1, src 0 with frame_id 317 ts: 106622167052000
07-02 20:50:47.039  2065  8965 E mm-camera: <ISP   ><ERROR> 172: sce40_select_table: aec_ratio 0.000000
07-02 20:50:47.041  2065  8957 E QMI_FW  : qmi_cci_get_ref: ref count increased 2
07-02 20:50:47.156  2065  9005 E mm-camera: <IFACE ><ERROR> 2441: iface_axi_handle_sof_event: Event SOF session 5 VFE1, src 0 with frame_id 318 ts: 106622287121000
07-02 20:50:47.159  2065  8965 E mm-camera: <ISP   ><ERROR> 172: sce40_select_table: aec_ratio 0.000000
07-02 20:50:47.159  2065  8957 E QMI_FW  : qmi_cci_get_ref: ref count increased 2
07-02 20:50:47.276  2065  9005 E mm-camera: <IFACE ><ERROR> 2441: iface_axi_handle_sof_event: Event SOF session 5 VFE1, src 0 with frame_id 319 ts: 106622407192000
07-02 20:50:47.278  2065  8965 E mm-camera: <ISP   ><ERROR> 172: sce40_select_table: aec_ratio 0.000000
07-02 20:50:47.278  2065  8957 E QMI_FW  : qmi_cci_get_ref: ref count increased 2
07-02 20:50:47.396  2065  9005 E mm-camera: <IFACE ><ERROR> 2441: iface_axi_handle_sof_event: Event SOF session 5 VFE1, src 0 with frame_id 320 ts: 106622527289000
07-02 20:50:47.398  2065  8965 E mm-camera: <ISP   ><ERROR> 172: sce40_select_table: aec_ratio 0.000000
07-02 20:50:47.398  2065  8957 E QMI_FW  : qmi_cci_get_ref: ref count increased 2
07-02 20:50:47.399  2065  8957 E QMI_FW  : qmi_cci_get_ref: ref count increased 2
07-02 20:50:47.446  8884  9044 I BatteryMgr:DataCollectionService: stats => 1688323847446,-267577,4263
07-02 20:50:47.516  2065  9005 E mm-camera: <IFACE ><ERROR> 2441: iface_axi_handle_sof_event: Event SOF session 5 VFE1, src 0 with frame_id 321 ts: 106622647329000
07-02 20:50:47.520  2065  8957 E QMI_FW  : qmi_cci_get_ref: ref count increased 2
07-02 20:50:47.520  2065  8965 E mm-camera: <ISP   ><ERROR> 172: sce40_select_table: aec_ratio 0.000000
07-02 20:50:47.592  1301  1301 W ipacm   : type=1400 audit(0.0:3113678): avc: denied { write } for name="ipacm_log_file" dev="tmpfs" ino=28733 scontext=u:r:ipacm:s0 tcontext=u:object_r:ipacm_socket:s0 tclass=sock_file permissive=0
07-02 20:50:47.592  1301  1301 I chatty  : uid=1001(radio) /system/vendor/bin/ipacm identical 3 lines
07-02 20:50:47.592  1301  1301 W ipacm   : type=1400 audit(0.0:3113682): avc: denied { write } for name="ipacm_log_file" dev="tmpfs" ino=28733 scontext=u:r:ipacm:s0 tcontext=u:object_r:ipacm_socket:s0 tclass=sock_file permissive=0
07-02 20:50:47.636  2065  9005 E mm-camera: <IFACE ><ERROR> 2441: iface_axi_handle_sof_event: Event SOF session 5 VFE1, src 0 with frame_id 322 ts: 106622767399000
07-02 20:50:47.639  2065  8965 E mm-camera: <ISP   ><ERROR> 172: sce40_select_table: aec_ratio 0.000000
07-02 20:50:47.640  2065  8957 E QMI_FW  : qmi_cci_get_ref: ref count increased 2
07-02 20:50:47.756  2065  9005 E mm-camera: <IFACE ><ERROR> 2441: iface_axi_handle_sof_event: Event SOF session 5 VFE1, src 0 with frame_id 323 ts: 106622887469000
07-02 20:50:47.759  2065  8965 E mm-camera: <ISP   ><ERROR> 172: sce40_select_table: aec_ratio 0.000000
07-02 20:50:47.760  2065  8957 E QMI_FW  : qmi_cci_get_ref: ref count increased 2
07-02 20:50:47.876  2065  9005 E mm-camera: <IFACE ><ERROR> 2441: iface_axi_handle_sof_event: Event SOF session 5 VFE1, src 0 with frame_id 324 ts: 106623007579000
07-02 20:50:47.880  2065  8965 E mm-camera: <ISP   ><ERROR> 172: sce40_select_table: aec_ratio 0.000000
07-02 20:50:47.880  2065  8957 E QMI_FW  : qmi_cci_get_ref: ref count increased 2
07-02 20:50:47.996  2065  9005 E mm-camera: <IFACE ><ERROR> 2441: iface_axi_handle_sof_event: Event SOF session 5 VFE1, src 0 with frame_id 325 ts: 106623127607000
07-02 20:50:48.000  2065  8957 E QMI_FW  : qmi_cci_get_ref: ref count increased 2
07-02 20:50:48.000  2065  8965 E mm-camera: <ISP   ><ERROR> 172: sce40_select_table: aec_ratio 0.000000
07-02 20:50:48.116  2065  9005 E mm-camera: <IFACE ><ERROR> 2441: iface_axi_handle_sof_event: Event SOF session 5 VFE1, src 0 with frame_id 326 ts: 106623247716000
07-02 20:50:48.119  2065  8965 E mm-camera: <ISP   ><ERROR> 172: sce40_select_table: aec_ratio 0.000000
07-02 20:50:48.119  2065  8957 E QMI_FW  : qmi_cci_get_ref: ref count increased 2
07-02 20:50:48.236  2065  9005 E mm-camera: <IFACE ><ERROR> 2441: iface_axi_handle_sof_event: Event SOF session 5 VFE1, src 0 with frame_id 327 ts: 106623367765000
07-02 20:50:48.240  2065  8965 E mm-camera: <ISP   ><ERROR> 172: sce40_select_table: aec_ratio 0.000000
07-02 20:50:48.240  2065  8957 E QMI_FW  : qmi_cci_get_ref: ref count increased 2
07-02 20:50:48.356  2065  9005 E mm-camera: <IFACE ><ERROR> 2441: iface_axi_handle_sof_event: Event SOF session 5 VFE1, src 0 with frame_id 328 ts: 106623487843000
07-02 20:50:48.359  2065  8957 E QMI_FW  : qmi_cci_get_ref: ref count increased 2
07-02 20:50:48.361  2065  8965 E mm-camera: <ISP   ><ERROR> 172: sce40_select_table: aec_ratio 0.000000
07-02 20:50:48.454  8884  9044 I BatteryMgr:DataCollectionService: stats => 1688323848454,-211425,4263
07-02 20:50:48.476  2065  9005 E mm-camera: <IFACE ><ERROR> 2441: iface_axi_handle_sof_event: Event SOF session 5 VFE1, src 0 with frame_id 329 ts: 106623607913000
07-02 20:50:48.479  2065  8965 E mm-camera: <ISP   ><ERROR> 172: sce40_select_table: aec_ratio 0.000000
07-02 20:50:48.479  2065  8957 E QMI_FW  : qmi_cci_get_ref: ref count increased 2
07-02 20:50:48.597  2065  9005 E mm-camera: <IFACE ><ERROR> 2441: iface_axi_handle_sof_event: Event SOF session 5 VFE1, src 0 with frame_id 330 ts: 106623727955000
07-02 20:50:48.600  2065  8965 E mm-camera: <ISP   ><ERROR> 172: sce40_select_table: aec_ratio 0.000000
07-02 20:50:48.601  2065  8957 E QMI_FW  : qmi_cci_get_ref: ref count increased 2
07-02 20:50:48.622  1301  1301 W ipacm   : type=1400 audit(0.0:3113765): avc: denied { write } for name="ipacm_log_file" dev="tmpfs" ino=28733 scontext=u:r:ipacm:s0 tcontext=u:object_r:ipacm_socket:s0 tclass=sock_file permissive=0
07-02 20:50:48.622  1301  1301 I chatty  : uid=1001(radio) /system/vendor/bin/ipacm identical 3 lines
07-02 20:50:48.622  1301  1301 W ipacm   : type=1400 audit(0.0:3113769): avc: denied { write } for name="ipacm_log_file" dev="tmpfs" ino=28733 scontext=u:r:ipacm:s0 tcontext=u:object_r:ipacm_socket:s0 tclass=sock_file permissive=0
07-02 20:50:48.717  2065  9005 E mm-camera: <IFACE ><ERROR> 2441: iface_axi_handle_sof_event: Event SOF session 5 VFE1, src 0 with frame_id 331 ts: 106623848024000
07-02 20:50:48.720  2065  8965 E mm-camera: <ISP   ><ERROR> 172: sce40_select_table: aec_ratio 0.000000
07-02 20:50:48.721  2065  8957 E QMI_FW  : qmi_cci_get_ref: ref count increased 2
07-02 20:50:48.837  2065  9005 E mm-camera: <IFACE ><ERROR> 2441: iface_axi_handle_sof_event: Event SOF session 5 VFE1, src 0 with frame_id 332 ts: 106623968093000
07-02 20:50:48.840  2065  8965 E mm-camera: <ISP   ><ERROR> 172: sce40_select_table: aec_ratio 0.000000
07-02 20:50:48.840  2065  8957 E QMI_FW  : qmi_cci_get_ref: ref count increased 2
07-02 20:50:48.957  2065  9005 E mm-camera: <IFACE ><ERROR> 2441: iface_axi_handle_sof_event: Event SOF session 5 VFE1, src 0 with frame_id 333 ts: 106624088167000
07-02 20:50:48.960  2065  8965 E mm-camera: <ISP   ><ERROR> 172: sce40_select_table: aec_ratio 0.000000
07-02 20:50:48.962  2065  8957 E QMI_FW  : qmi_cci_get_ref: ref count increased 2
07-02 20:50:49.077  2065  9005 E mm-camera: <IFACE ><ERROR> 2441: iface_axi_handle_sof_event: Event SOF session 5 VFE1, src 0 with frame_id 334 ts: 106624208232000
07-02 20:50:49.080  2065  8965 E mm-camera: <ISP   ><ERROR> 172: sce40_select_table: aec_ratio 0.000000
07-02 20:50:49.082  2065  8957 E QMI_FW  : qmi_cci_get_ref: ref count increased 2
07-02 20:50:49.197  2065  9005 E mm-camera: <IFACE ><ERROR> 2441: iface_axi_handle_sof_event: Event SOF session 5 VFE1, src 0 with frame_id 335 ts: 106624328304000
07-02 20:50:49.200  2065  8965 E mm-camera: <ISP   ><ERROR> 172: sce40_select_table: aec_ratio 0.000000
07-02 20:50:49.201  2065  8957 E QMI_FW  : qmi_cci_get_ref: ref count increased 2
07-02 20:50:49.317  2065  9005 E mm-camera: <IFACE ><ERROR> 2441: iface_axi_handle_sof_event: Event SOF session 5 VFE1, src 0 with frame_id 336 ts: 106624448506000
07-02 20:50:49.321  2065  2222 I QCamera : <HAL><INFO> translateToHalMetadata: 16871: [ssan Ai] mDeviceRotation = 0
07-02 20:50:49.321  2065  8965 E mm-camera: <ISP   ><ERROR> 172: sce40_select_table: aec_ratio 0.000000
07-02 20:50:49.321  2065  2222 E QCamera : <HAL><ERROR> translateToHalMetadata: 16917: pengpeng mHmdCameraMode = 0
07-02 20:50:49.323  2065  8957 E QMI_FW  : qmi_cci_get_ref: ref count increased 2
07-02 20:50:49.437  2065  9005 E mm-camera: <IFACE ><ERROR> 2441: iface_axi_handle_sof_event: Event SOF session 5 VFE1, src 0 with frame_id 337 ts: 106624568453000
07-02 20:50:49.440  2065  8965 E mm-camera: <ISP   ><ERROR> 172: sce40_select_table: aec_ratio 0.000000
07-02 20:50:49.442  2065  8957 I mm-camera: <STATS_AEC >< INFO> 3613: aec_port_proc_downstream_ctrl: AEC_SET_PARAM_MANUAL_EXP_TIME:is_exp_time_valid=1,exp_time=0.000013
07-02 20:50:49.444  2065  8957 E mm-camera: <SENSOR><ERROR> 5476: module_sensor_event_control_set_parm: func_tbl for submodule 4 is NULL
07-02 20:50:49.444  2065  8957 E mm-camera: <SENSOR><ERROR> 5287: module_sensor_event_control_set_parm: func_tbl for submodule 4 is NULL
07-02 20:50:49.444  2065  8957 E mm-camera: <SENSOR><ERROR> 5289: module_sensor_event_control_set_parm: CAM_INTF_META_FLASH_POWER failed
07-02 20:50:49.448  2065  8957 E QMI_FW  : qmi_cci_get_ref: ref count increased 2
07-02 20:50:49.463  8884  9044 I BatteryMgr:DataCollectionService: stats => 1688323849463,-244140,4263
07-02 20:50:49.557  2065  9005 E mm-camera: <IFACE ><ERROR> 2441: iface_axi_handle_sof_event: Event SOF session 5 VFE1, src 0 with frame_id 338 ts: 106624688520000
07-02 20:50:49.560  2065  8965 E mm-camera: <ISP   ><ERROR> 172: sce40_select_table: aec_ratio 0.000000
07-02 20:50:49.560  2065  8957 E QMI_FW  : qmi_cci_get_ref: ref count increased 2
07-02 20:50:49.672  1301  1301 W ipacm   : type=1400 audit(0.0:3113852): avc: denied { write } for name="ipacm_log_file" dev="tmpfs" ino=28733 scontext=u:r:ipacm:s0 tcontext=u:object_r:ipacm_socket:s0 tclass=sock_file permissive=0
07-02 20:50:49.672  1301  1301 W ipacm   : type=1400 audit(0.0:3113853): avc: denied { write } for name="ipacm_log_file" dev="tmpfs" ino=28733 scontext=u:r:ipacm:s0 tcontext=u:object_r:ipacm_socket:s0 tclass=sock_file permissive=0
07-02 20:50:49.672  1301  1301 I chatty  : uid=1001(radio) /system/vendor/bin/ipacm identical 2 lines
07-02 20:50:49.672  1301  1301 W ipacm   : type=1400 audit(0.0:3113856): avc: denied { write } for name="ipacm_log_file" dev="tmpfs" ino=28733 scontext=u:r:ipacm:s0 tcontext=u:object_r:ipacm_socket:s0 tclass=sock_file permissive=0
07-02 20:50:49.677  2065  9005 E mm-camera: <IFACE ><ERROR> 2441: iface_axi_handle_sof_event: Event SOF session 5 VFE1, src 0 with frame_id 339 ts: 106624808581000
07-02 20:50:49.679  2065  8965 E mm-camera: <ISP   ><ERROR> 172: sce40_select_table: aec_ratio 0.000000
07-02 20:50:49.681  2065  8957 E QMI_FW  : qmi_cci_get_ref: ref count increased 2
07-02 20:50:49.797  2065  9005 E mm-camera: <IFACE ><ERROR> 2441: iface_axi_handle_sof_event: Event SOF session 5 VFE1, src 0 with frame_id 340 ts: 106624928652000
07-02 20:50:49.800  2065  8965 E mm-camera: <ISP   ><ERROR> 172: sce40_select_table: aec_ratio 0.000000
07-02 20:50:49.804  2065  8957 E QMI_FW  : qmi_cci_get_ref: ref count increased 2
07-02 20:50:49.820   931  1873 E SurfaceFlinger: setDesiredDisplayConfigSpecs: failed to call setDesiredDisplayConfigSpecs: -22
07-02 20:50:49.820  1631  1821 E SurfaceFlinger: setDesiredDisplayConfigSpecs failed to transact: -22
07-02 20:50:49.917  2065  9005 E mm-camera: <IFACE ><ERROR> 2441: iface_axi_handle_sof_event: Event SOF session 5 VFE1, src 0 with frame_id 341 ts: 106625048724000
07-02 20:50:49.920  2065  8965 E mm-camera: <ISP   ><ERROR> 172: sce40_select_table: aec_ratio 0.000000
07-02 20:50:49.923  2065  8957 E QMI_FW  : qmi_cci_get_ref: ref count increased 2
07-02 20:50:50.037  2065  9005 E mm-camera: <IFACE ><ERROR> 2441: iface_axi_handle_sof_event: Event SOF session 5 VFE1, src 0 with frame_id 342 ts: 106625168821000
07-02 20:50:50.041  2065  8965 E mm-camera: <ISP   ><ERROR> 172: sce40_select_table: aec_ratio 0.000000
07-02 20:50:50.043  2065  8957 E QMI_FW  : qmi_cci_get_ref: ref count increased 2
07-02 20:50:50.158  2065  9005 E mm-camera: <IFACE ><ERROR> 2441: iface_axi_handle_sof_event: Event SOF session 5 VFE1, src 0 with frame_id 343 ts: 106625288859000
07-02 20:50:50.160  2065  8965 E mm-camera: <ISP   ><ERROR> 172: sce40_select_table: aec_ratio 0.000000
07-02 20:50:50.161  2065  8957 E QMI_FW  : qmi_cci_get_ref: ref count increased 2
07-02 20:50:50.277  2065  9005 E mm-camera: <IFACE ><ERROR> 2441: iface_axi_handle_sof_event: Event SOF session 5 VFE1, src 0 with frame_id 344 ts: 106625408936000
07-02 20:50:50.281  2065  8965 E mm-camera: <ISP   ><ERROR> 172: sce40_select_table: aec_ratio 0.000000
07-02 20:50:50.284  2065  8957 E QMI_FW  : qmi_cci_get_ref: ref count increased 2
07-02 20:50:50.398  2065  9005 E mm-camera: <IFACE ><ERROR> 2441: iface_axi_handle_sof_event: Event SOF session 5 VFE1, src 0 with frame_id 345 ts: 106625528996000
07-02 20:50:50.401  2065  8965 E mm-camera: <ISP   ><ERROR> 172: sce40_select_table: aec_ratio 0.000000
07-02 20:50:50.402  2065  8957 E QMI_FW  : qmi_cci_get_ref: ref count increased 2
07-02 20:50:50.473  8884  9044 I BatteryMgr:DataCollectionService: stats => 1688323850472,-244140,4263
07-02 20:50:50.517  2065  9005 E mm-camera: <IFACE ><ERROR> 2441: iface_axi_handle_sof_event: Event SOF session 5 VFE1, src 0 with frame_id 346 ts: 106625649066000
07-02 20:50:50.520  2065  8965 E mm-camera: <ISP   ><ERROR> 172: sce40_select_table: aec_ratio 0.000000
07-02 20:50:50.521  2065  8957 E QMI_FW  : qmi_cci_get_ref: ref count increased 2
07-02 20:50:50.637  2065  9005 E mm-camera: <IFACE ><ERROR> 2441: iface_axi_handle_sof_event: Event SOF session 5 VFE1, src 0 with frame_id 347 ts: 106625769135000
07-02 20:50:50.640  2065  8965 E mm-camera: <ISP   ><ERROR> 172: sce40_select_table: aec_ratio 0.000000
07-02 20:50:50.640  2065  8957 E QMI_FW  : qmi_cci_get_ref: ref count increased 2
07-02 20:50:50.758  2065  9005 E mm-camera: <IFACE ><ERROR> 2441: iface_axi_handle_sof_event: Event SOF session 5 VFE1, src 0 with frame_id 348 ts: 106625889221000
07-02 20:50:50.760  2065  8965 E mm-camera: <ISP   ><ERROR> 172: sce40_select_table: aec_ratio 0.000000
07-02 20:50:50.761  2065  8957 E QMI_FW  : qmi_cci_get_ref: ref count increased 2
07-02 20:50:50.872  1301  1301 W ipacm   : type=1400 audit(0.0:3113952): avc: denied { write } for name="ipacm_log_file" dev="tmpfs" ino=28733 scontext=u:r:ipacm:s0 tcontext=u:object_r:ipacm_socket:s0 tclass=sock_file permissive=0
07-02 20:50:50.872  1301  1301 I chatty  : uid=1001(radio) /system/vendor/bin/ipacm identical 3 lines
07-02 20:50:50.872  1301  1301 W ipacm   : type=1400 audit(0.0:3113956): avc: denied { write } for name="ipacm_log_file" dev="tmpfs" ino=28733 scontext=u:r:ipacm:s0 tcontext=u:object_r:ipacm_socket:s0 tclass=sock_file permissive=0
07-02 20:50:50.878  2065  9005 E mm-camera: <IFACE ><ERROR> 2441: iface_axi_handle_sof_event: Event SOF session 5 VFE1, src 0 with frame_id 349 ts: 106626009273000
07-02 20:50:50.881  2065  8965 E mm-camera: <ISP   ><ERROR> 172: sce40_select_table: aec_ratio 0.000000
07-02 20:50:50.881  2065  8957 E QMI_FW  : qmi_cci_get_ref: ref count increased 2
07-02 20:50:50.998  2065  9005 E mm-camera: <IFACE ><ERROR> 2441: iface_axi_handle_sof_event: Event SOF session 5 VFE1, src 0 with frame_id 350 ts: 106626129354000
07-02 20:50:51.000  2065  8965 E mm-camera: <ISP   ><ERROR> 172: sce40_select_table: aec_ratio 0.000000
07-02 20:50:51.001  2065  8957 E QMI_FW  : qmi_cci_get_ref: ref count increased 2
07-02 20:50:51.118  2065  9005 E mm-camera: <IFACE ><ERROR> 2441: iface_axi_handle_sof_event: Event SOF session 5 VFE1, src 0 with frame_id 351 ts: 106626249413000
07-02 20:50:51.120  2065  8965 E mm-camera: <ISP   ><ERROR> 172: sce40_select_table: aec_ratio 0.000000
07-02 20:50:51.122  2065  8957 E QMI_FW  : qmi_cci_get_ref: ref count increased 2
07-02 20:50:51.238  2065  9005 E mm-camera: <IFACE ><ERROR> 2441: iface_axi_handle_sof_event: Event SOF session 5 VFE1, src 0 with frame_id 352 ts: 106626369482000
07-02 20:50:51.241  2065  8965 E mm-camera: <ISP   ><ERROR> 172: sce40_select_table: aec_ratio 0.000000
07-02 20:50:51.242  2065  8957 E QMI_FW  : qmi_cci_get_ref: ref count increased 2
07-02 20:50:51.243  2065  8957 E QMI_FW  : qmi_cci_get_ref: ref count increased 2
07-02 20:50:51.358  2065  9005 E mm-camera: <IFACE ><ERROR> 2441: iface_axi_handle_sof_event: Event SOF session 5 VFE1, src 0 with frame_id 353 ts: 106626489553000
07-02 20:50:51.361  2065  8965 E mm-camera: <ISP   ><ERROR> 172: sce40_select_table: aec_ratio 0.000000
07-02 20:50:51.362  2065  8957 E QMI_FW  : qmi_cci_get_ref: ref count increased 2
07-02 20:50:51.478  2065  9005 E mm-camera: <IFACE ><ERROR> 2441: iface_axi_handle_sof_event: Event SOF session 5 VFE1, src 0 with frame_id 354 ts: 106626609622000
07-02 20:50:51.482  2065  8957 E QMI_FW  : qmi_cci_get_ref: ref count increased 2
07-02 20:50:51.485  2065  8965 E mm-camera: <ISP   ><ERROR> 172: sce40_select_table: aec_ratio 0.000000
07-02 20:50:51.490  8884  9044 I BatteryMgr:DataCollectionService: stats => 1688323851489,-286620,4263
07-02 20:50:51.598  2065  9005 E mm-camera: <IFACE ><ERROR> 2441: iface_axi_handle_sof_event: Event SOF session 5 VFE1, src 0 with frame_id 355 ts: 106626729690000
07-02 20:50:51.602  2065  8957 E QMI_FW  : qmi_cci_get_ref: ref count increased 2
07-02 20:50:51.604  2065  8965 E mm-camera: <ISP   ><ERROR> 172: sce40_select_table: aec_ratio 0.000000
07-02 20:50:51.718  2065  9005 E mm-camera: <IFACE ><ERROR> 2441: iface_axi_handle_sof_event: Event SOF session 5 VFE1, src 0 with frame_id 356 ts: 106626849782000
07-02 20:50:51.720  2065  8965 E mm-camera: <ISP   ><ERROR> 172: sce40_select_table: aec_ratio 0.000000
07-02 20:50:51.721  2065  8957 E QMI_FW  : qmi_cci_get_ref: ref count increased 2
07-02 20:50:51.838  2065  9005 E mm-camera: <IFACE ><ERROR> 2441: iface_axi_handle_sof_event: Event SOF session 5 VFE1, src 0 with frame_id 357 ts: 106626969839000
07-02 20:50:51.840  2065  8965 E mm-camera: <ISP   ><ERROR> 172: sce40_select_table: aec_ratio 0.000000
07-02 20:50:51.842  2065  8957 E QMI_FW  : qmi_cci_get_ref: ref count increased 2
07-02 20:50:51.958  2065  9005 E mm-camera: <IFACE ><ERROR> 2441: iface_axi_handle_sof_event: Event SOF session 5 VFE1, src 0 with frame_id 358 ts: 106627089919000
07-02 20:50:51.961  2065  8965 E mm-camera: <ISP   ><ERROR> 172: sce40_select_table: aec_ratio 0.000000
07-02 20:50:51.962  2065  8957 E QMI_FW  : qmi_cci_get_ref: ref count increased 2
07-02 20:50:52.078  2065  9005 E mm-camera: <IFACE ><ERROR> 2441: iface_axi_handle_sof_event: Event SOF session 5 VFE1, src 0 with frame_id 359 ts: 106627210003000
07-02 20:50:52.081  2065  8965 E mm-camera: <ISP   ><ERROR> 172: sce40_select_table: aec_ratio 0.000000
07-02 20:50:52.082  2065  8957 E QMI_FW  : qmi_cci_get_ref: ref count increased 2
07-02 20:50:52.112  1301  1301 W ipacm   : type=1400 audit(0.0:3114054): avc: denied { write } for name="ipacm_log_file" dev="tmpfs" ino=28733 scontext=u:r:ipacm:s0 tcontext=u:object_r:ipacm_socket:s0 tclass=sock_file permissive=0
07-02 20:50:52.112  1301  1301 I chatty  : uid=1001(radio) /system/vendor/bin/ipacm identical 3 lines
07-02 20:50:52.112  1301  1301 W ipacm   : type=1400 audit(0.0:3114058): avc: denied { write } for name="ipacm_log_file" dev="tmpfs" ino=28733 scontext=u:r:ipacm:s0 tcontext=u:object_r:ipacm_socket:s0 tclass=sock_file permissive=0
07-02 20:50:52.199  2065  9005 E mm-camera: <IFACE ><ERROR> 2441: iface_axi_handle_sof_event: Event SOF session 5 VFE1, src 0 with frame_id 360 ts: 106627330081000
07-02 20:50:52.201  2065  8965 E mm-camera: <ISP   ><ERROR> 172: sce40_select_table: aec_ratio 0.000000
07-02 20:50:52.203  2065  8957 E QMI_FW  : qmi_cci_get_ref: ref count increased 2
07-02 20:50:52.318  2065  9005 E mm-camera: <IFACE ><ERROR> 2441: iface_axi_handle_sof_event: Event SOF session 5 VFE1, src 0 with frame_id 361 ts: 106627450129000
07-02 20:50:52.321  2065  8965 E mm-camera: <ISP   ><ERROR> 172: sce40_select_table: aec_ratio 0.000000
07-02 20:50:52.322  2065  8957 E QMI_FW  : qmi_cci_get_ref: ref count increased 2
07-02 20:50:52.439  2065  9005 E mm-camera: <IFACE ><ERROR> 2441: iface_axi_handle_sof_event: Event SOF session 5 VFE1, src 0 with frame_id 362 ts: 106627570179000
07-02 20:50:52.441  2065  8965 E mm-camera: <ISP   ><ERROR> 172: sce40_select_table: aec_ratio 0.000000
07-02 20:50:52.445  2065  8957 E QMI_FW  : qmi_cci_get_ref: ref count increased 2
07-02 20:50:52.500  8884  9044 I BatteryMgr:DataCollectionService: stats => 1688323852499,-236816,4263
07-02 20:50:52.559  2065  9005 E mm-camera: <IFACE ><ERROR> 2441: iface_axi_handle_sof_event: Event SOF session 5 VFE1, src 0 with frame_id 363 ts: 106627690247000
07-02 20:50:52.562  2065  8965 E mm-camera: <ISP   ><ERROR> 172: sce40_select_table: aec_ratio 0.000000
07-02 20:50:52.562  2065  8957 E QMI_FW  : qmi_cci_get_ref: ref count increased 2
07-02 20:50:52.679  2065  9005 E mm-camera: <IFACE ><ERROR> 2441: iface_axi_handle_sof_event: Event SOF session 5 VFE1, src 0 with frame_id 364 ts: 106627810318000
07-02 20:50:52.682  2065  8965 E mm-camera: <ISP   ><ERROR> 172: sce40_select_table: aec_ratio 0.000000
07-02 20:50:52.682  2065  8957 E QMI_FW  : qmi_cci_get_ref: ref count increased 2
07-02 20:50:52.799  2065  9005 E mm-camera: <IFACE ><ERROR> 2441: iface_axi_handle_sof_event: Event SOF session 5 VFE1, src 0 with frame_id 365 ts: 106627930386000
07-02 20:50:52.802  2065  8965 E mm-camera: <ISP   ><ERROR> 172: sce40_select_table: aec_ratio 0.000000
07-02 20:50:52.802  2065  8957 E QMI_FW  : qmi_cci_get_ref: ref count increased 2
07-02 20:50:52.919  2065  9005 E mm-camera: <IFACE ><ERROR> 2441: iface_axi_handle_sof_event: Event SOF session 5 VFE1, src 0 with frame_id 366 ts: 106628050470000
07-02 20:50:52.921  2065  8965 E mm-camera: <ISP   ><ERROR> 172: sce40_select_table: aec_ratio 0.000000
07-02 20:50:52.921  2065  8957 E QMI_FW  : qmi_cci_get_ref: ref count increased 2
07-02 20:50:53.039  2065  9005 E mm-camera: <IFACE ><ERROR> 2441: iface_axi_handle_sof_event: Event SOF session 5 VFE1, src 0 with frame_id 367 ts: 106628170528000
07-02 20:50:53.041  2065  8965 E mm-camera: <ISP   ><ERROR> 172: sce40_select_table: aec_ratio 0.000000
07-02 20:50:53.042  2065  8957 E QMI_FW  : qmi_cci_get_ref: ref count increased 2
07-02 20:50:53.159  2065  9005 E mm-camera: <IFACE ><ERROR> 2441: iface_axi_handle_sof_event: Event SOF session 5 VFE1, src 0 with frame_id 368 ts: 106628290593000
07-02 20:50:53.162  2065  8965 E mm-camera: <ISP   ><ERROR> 172: sce40_select_table: aec_ratio 0.000000
07-02 20:50:53.163  2065  8957 E QMI_FW  : qmi_cci_get_ref: ref count increased 2
07-02 20:50:53.192  1301  1301 W ipacm   : type=1400 audit(0.0:3114186): avc: denied { write } for name="ipacm_log_file" dev="tmpfs" ino=28733 scontext=u:r:ipacm:s0 tcontext=u:object_r:ipacm_socket:s0 tclass=sock_file permissive=0
07-02 20:50:53.192  1301  1301 I chatty  : uid=1001(radio) /system/vendor/bin/ipacm identical 3 lines
07-02 20:50:53.192  1301  1301 W ipacm   : type=1400 audit(0.0:3114190): avc: denied { write } for name="ipacm_log_file" dev="tmpfs" ino=28733 scontext=u:r:ipacm:s0 tcontext=u:object_r:ipacm_socket:s0 tclass=sock_file permissive=0
