07-05 19:04:50.106 31751 31854 I BatteryMgr:DataCollectionService: stats => 1688576690106,117812,4103
07-05 19:04:50.121 31751 31854 I BatteryMgr:DataCollectionService: stats => 1688576690121,117812,4103
07-05 19:04:50.134 31751 31854 I BatteryMgr:DataCollectionService: stats => 1688576690134,117812,4103
07-05 19:04:50.148 31751 31854 I BatteryMgr:DataCollectionService: stats => 1688576690148,117812,4103
07-05 19:04:50.169 31751 31854 I BatteryMgr:DataCollectionService: stats => 1688576690169,117812,4103
07-05 19:04:50.196 31751 31854 I BatteryMgr:DataCollectionService: stats => 1688576690196,117812,4103
07-05 19:04:50.222 31751 31854 I BatteryMgr:DataCollectionService: stats => 1688576690222,117812,4103
07-05 19:04:50.249 31751 31854 I BatteryMgr:DataCollectionService: stats => 1688576690248,117812,4103
07-05 19:04:50.275 31751 31854 I BatteryMgr:DataCollectionService: stats => 1688576690275,117812,4103
07-05 19:04:50.302 31751 31854 I BatteryMgr:DataCollectionService: stats => 1688576690302,117812,4103
07-05 19:04:50.320 31751 31854 I BatteryMgr:DataCollectionService: stats => 1688576690320,117812,4103
07-05 19:04:50.334 31751 31854 I BatteryMgr:DataCollectionService: stats => 1688576690334,117812,4103
07-05 19:04:50.348 31751 31854 I BatteryMgr:DataCollectionService: stats => 1688576690347,117812,4103
07-05 19:04:50.362 31751 31854 I BatteryMgr:DataCollectionService: stats => 1688576690362,117812,4103
07-05 19:04:50.378 31751 31854 I BatteryMgr:DataCollectionService: stats => 1688576690377,117812,4103
07-05 19:04:50.392 31751 31854 I BatteryMgr:DataCollectionService: stats => 1688576690392,117812,4103
07-05 19:04:50.408 31751 31854 I BatteryMgr:DataCollectionService: stats => 1688576690408,117812,4103
07-05 19:04:50.422 31751 31854 I BatteryMgr:DataCollectionService: stats => 1688576690422,115937,4103
07-05 19:04:50.436 31751 31854 I BatteryMgr:DataCollectionService: stats => 1688576690436,115937,4103
07-05 19:04:50.449 31751 31854 I BatteryMgr:DataCollectionService: stats => 1688576690449,115937,4103
07-05 19:04:50.466 31751 31854 I BatteryMgr:DataCollectionService: stats => 1688576690466,115937,4103
07-05 19:04:50.480 31751 31854 I BatteryMgr:DataCollectionService: stats => 1688576690480,115937,4103
07-05 19:04:50.499 31751 31854 I BatteryMgr:DataCollectionService: stats => 1688576690499,115937,4103
07-05 19:04:50.526 31751 31854 I BatteryMgr:DataCollectionService: stats => 1688576690526,115937,4103
07-05 19:04:50.544 31751 31854 I BatteryMgr:DataCollectionService: stats => 1688576690544,115937,4103
07-05 19:04:50.565 31751 31854 I BatteryMgr:DataCollectionService: stats => 1688576690565,115937,4103
07-05 19:04:50.579 31751 31854 I BatteryMgr:DataCollectionService: stats => 1688576690579,115937,4103
07-05 19:04:50.593 31751 31854 I BatteryMgr:DataCollectionService: stats => 1688576690593,115937,4103
07-05 19:04:50.606 31751 31854 I BatteryMgr:DataCollectionService: stats => 1688576690606,115937,4103
07-05 19:04:50.620 31751 31854 I BatteryMgr:DataCollectionService: stats => 1688576690620,115937,4103
07-05 19:04:50.634 31751 31854 I BatteryMgr:DataCollectionService: stats => 1688576690634,115937,4103
07-05 19:04:50.647 31751 31854 I BatteryMgr:DataCollectionService: stats => 1688576690647,115937,4103
07-05 19:04:50.661 31751 31854 I BatteryMgr:DataCollectionService: stats => 1688576690661,115937,4103
07-05 19:04:50.674  1871  5611 D TelephonyManager: requestModemActivityInfo: Sending result to app: ModemActivityInfo{ mTimestamp=33926745 mSleepTimeMs=21536311 mIdleTimeMs=12227273 mTxTimeMs[]=[0, 0, 0, 0, 0] mRxTimeMs=130693}
07-05 19:04:50.675 31751 31854 I BatteryMgr:DataCollectionService: stats => 1688576690675,115937,4103
07-05 19:04:50.689 31751 31854 I BatteryMgr:DataCollectionService: stats => 1688576690689,115937,4103
07-05 19:04:50.697  1871  2012 E system_server: Cannot read thread CPU times for PID 1871
07-05 19:04:50.703 31751 31854 I BatteryMgr:DataCollectionService: stats => 1688576690703,115937,4103
07-05 19:04:50.715 31751 31854 I BatteryMgr:DataCollectionService: stats => 1688576690715,115937,4103
07-05 19:04:50.727 31751 31854 I BatteryMgr:DataCollectionService: stats => 1688576690727,115937,4103
07-05 19:04:50.740 31751 31854 I BatteryMgr:DataCollectionService: stats => 1688576690740,115937,4103
07-05 19:04:50.754 31751 31854 I BatteryMgr:DataCollectionService: stats => 1688576690754,115937,4103
07-05 19:04:50.770 31751 31854 I BatteryMgr:DataCollectionService: stats => 1688576690770,186562,4103
07-05 19:04:50.783 31751 31854 I BatteryMgr:DataCollectionService: stats => 1688576690783,186562,4103
07-05 19:04:50.797 31751 31854 I BatteryMgr:DataCollectionService: stats => 1688576690796,186562,4103
07-05 19:04:50.812 31751 31854 I BatteryMgr:DataCollectionService: stats => 1688576690812,186562,4103
07-05 19:04:50.828 31751 31854 I BatteryMgr:DataCollectionService: stats => 1688576690828,186562,4103
07-05 19:04:50.844 31751 31854 I BatteryMgr:DataCollectionService: stats => 1688576690844,186562,4103
07-05 19:04:50.859 31751 31854 I BatteryMgr:DataCollectionService: stats => 1688576690859,186562,4103
07-05 19:04:50.874 31751 31854 I BatteryMgr:DataCollectionService: stats => 1688576690874,186562,4103
07-05 19:04:50.888 31751 31854 I BatteryMgr:DataCollectionService: stats => 1688576690888,186562,4103
07-05 19:04:50.904 31751 31854 I BatteryMgr:DataCollectionService: stats => 1688576690904,186562,4103
07-05 19:04:50.919 31751 31854 I BatteryMgr:DataCollectionService: stats => 1688576690919,186562,4103
07-05 19:04:50.933 31751 31854 I BatteryMgr:DataCollectionService: stats => 1688576690933,186562,4103
07-05 19:04:50.947 31751 31854 I BatteryMgr:DataCollectionService: stats => 1688576690947,186562,4103
07-05 19:04:50.957  1871  2225 D ConnectivityService: NetReassign [no changes] [c 1] [a 0] [i 3]
07-05 19:04:50.960 31751 31854 I BatteryMgr:DataCollectionService: stats => 1688576690960,186562,4103
07-05 19:04:50.975 31751 31854 I BatteryMgr:DataCollectionService: stats => 1688576690975,186562,4103
07-05 19:04:50.990 31751 31854 I BatteryMgr:DataCollectionService: stats => 1688576690990,186562,4103
07-05 19:04:51.006 31751 31854 I BatteryMgr:DataCollectionService: stats => 1688576691006,186562,4103
07-05 19:04:51.021 31751 31854 I BatteryMgr:DataCollectionService: stats => 1688576691021,186562,4103
07-05 19:04:51.036 31751 31854 I BatteryMgr:DataCollectionService: stats => 1688576691036,186562,4103
07-05 19:04:51.049 31751 31854 I BatteryMgr:DataCollectionService: stats => 1688576691049,186562,4103
07-05 19:04:51.063 31751 31854 I BatteryMgr:DataCollectionService: stats => 1688576691063,186562,4103
07-05 19:04:51.078 31751 31854 I BatteryMgr:DataCollectionService: stats => 1688576691078,186562,4103
07-05 19:04:51.093 31751 31854 I BatteryMgr:DataCollectionService: stats => 1688576691093,186562,4103
07-05 19:04:51.108 31751 31854 I BatteryMgr:DataCollectionService: stats => 1688576691108,186562,4103
07-05 19:04:51.122 31751 31854 I BatteryMgr:DataCollectionService: stats => 1688576691122,125625,4103
07-05 19:04:51.136 31751 31854 I BatteryMgr:DataCollectionService: stats => 1688576691136,125625,4103
07-05 19:04:51.150 31751 31854 I BatteryMgr:DataCollectionService: stats => 1688576691150,125625,4103
07-05 19:04:51.164 31751 31854 I BatteryMgr:DataCollectionService: stats => 1688576691164,125625,4103
07-05 19:04:51.179 31751 31854 I BatteryMgr:DataCollectionService: stats => 1688576691179,125625,4103
07-05 19:04:51.194 31751 31854 I BatteryMgr:DataCollectionService: stats => 1688576691194,125625,4103
07-05 19:04:51.209 31751 31854 I BatteryMgr:DataCollectionService: stats => 1688576691209,125625,4103
07-05 19:04:51.223 31751 31854 I BatteryMgr:DataCollectionService: stats => 1688576691223,125625,4103
07-05 19:04:51.239 31751 31854 I BatteryMgr:DataCollectionService: stats => 1688576691239,125625,4103
07-05 19:04:51.253 31751 31854 I BatteryMgr:DataCollectionService: stats => 1688576691253,125625,4103
07-05 19:04:51.268 31751 31854 I BatteryMgr:DataCollectionService: stats => 1688576691268,125625,4103
07-05 19:04:51.284 31751 31854 I BatteryMgr:DataCollectionService: stats => 1688576691284,125625,4103
07-05 19:04:51.299 31751 31854 I BatteryMgr:DataCollectionService: stats => 1688576691299,125625,4103
07-05 19:04:51.313 31751 31854 I BatteryMgr:DataCollectionService: stats => 1688576691313,125625,4103
07-05 19:04:51.327 31751 31854 I BatteryMgr:DataCollectionService: stats => 1688576691327,125625,4103
07-05 19:04:51.342 31751 31854 I BatteryMgr:DataCollectionService: stats => 1688576691342,125625,4103
07-05 19:04:51.356 31751 31854 I BatteryMgr:DataCollectionService: stats => 1688576691356,125625,4103
07-05 19:04:51.370 31751 31854 I BatteryMgr:DataCollectionService: stats => 1688576691369,125625,4103
07-05 19:04:51.385 31751 31854 I BatteryMgr:DataCollectionService: stats => 1688576691385,125625,4103
07-05 19:04:51.398 31751 31854 I BatteryMgr:DataCollectionService: stats => 1688576691398,125625,4103
07-05 19:04:51.410 31751 31854 I BatteryMgr:DataCollectionService: stats => 1688576691410,125625,4103
07-05 19:04:51.423 31751 31854 I BatteryMgr:DataCollectionService: stats => 1688576691423,125625,4103
07-05 19:04:51.436 31751 31854 I BatteryMgr:DataCollectionService: stats => 1688576691436,125625,4103
07-05 19:04:51.449 31751 31854 I BatteryMgr:DataCollectionService: stats => 1688576691449,125625,4103
07-05 19:04:51.463 31751 31854 I BatteryMgr:DataCollectionService: stats => 1688576691463,125625,4103
07-05 19:04:51.478 31751 31854 I BatteryMgr:DataCollectionService: stats => 1688576691478,220000,4103
07-05 19:04:51.493 31751 31854 I BatteryMgr:DataCollectionService: stats => 1688576691493,220000,4103
07-05 19:04:51.506 31751 31854 I BatteryMgr:DataCollectionService: stats => 1688576691506,220000,4103
07-05 19:04:51.521 31751 31854 I BatteryMgr:DataCollectionService: stats => 1688576691521,220000,4103
07-05 19:04:51.537 31751 31854 I BatteryMgr:DataCollectionService: stats => 1688576691537,220000,4103
07-05 19:04:51.552 31751 31854 I BatteryMgr:DataCollectionService: stats => 1688576691552,220000,4103
07-05 19:04:51.566 31751 31854 I BatteryMgr:DataCollectionService: stats => 1688576691566,220000,4103
07-05 19:04:51.580 31751 31854 I BatteryMgr:DataCollectionService: stats => 1688576691580,220000,4103
07-05 19:04:51.593 31751 31854 I BatteryMgr:DataCollectionService: stats => 1688576691593,220000,4103
07-05 19:04:51.607 31751 31854 I BatteryMgr:DataCollectionService: stats => 1688576691607,220000,4103
07-05 19:04:51.621 31751 31854 I BatteryMgr:DataCollectionService: stats => 1688576691621,220000,4103
07-05 19:04:51.634 31751 31854 I BatteryMgr:DataCollectionService: stats => 1688576691634,220000,4103
07-05 19:04:51.648 31751 31854 I BatteryMgr:DataCollectionService: stats => 1688576691648,220000,4103
07-05 19:04:51.662 31751 31854 I BatteryMgr:DataCollectionService: stats => 1688576691662,220000,4103
07-05 19:04:51.675 31751 31854 I BatteryMgr:DataCollectionService: stats => 1688576691675,220000,4103
07-05 19:04:51.689 31751 31854 I BatteryMgr:DataCollectionService: stats => 1688576691688,220000,4103
07-05 19:04:51.702 31751 31854 I BatteryMgr:DataCollectionService: stats => 1688576691702,220000,4103
07-05 19:04:51.716 31751 31854 I BatteryMgr:DataCollectionService: stats => 1688576691716,220000,4103
07-05 19:04:51.729 31751 31854 I BatteryMgr:DataCollectionService: stats => 1688576691729,220000,4103
07-05 19:04:51.744 31751 31854 I BatteryMgr:DataCollectionService: stats => 1688576691744,220000,4103
07-05 19:04:51.758 31751 31854 I BatteryMgr:DataCollectionService: stats => 1688576691758,220000,4103
07-05 19:04:51.771 31751 31854 I BatteryMgr:DataCollectionService: stats => 1688576691771,220000,4103
07-05 19:04:51.785 31751 31854 I BatteryMgr:DataCollectionService: stats => 1688576691785,220000,4103
07-05 19:04:51.798 31751 31854 I BatteryMgr:DataCollectionService: stats => 1688576691798,220000,4103
07-05 19:04:51.812 31751 31854 I BatteryMgr:DataCollectionService: stats => 1688576691812,220000,4103
07-05 19:04:51.825 31751 31854 I BatteryMgr:DataCollectionService: stats => 1688576691825,192187,4103
07-05 19:04:51.839 31751 31854 I BatteryMgr:DataCollectionService: stats => 1688576691839,192187,4103
07-05 19:04:51.852 31751 31854 I BatteryMgr:DataCollectionService: stats => 1688576691852,192187,4103
07-05 19:04:51.866 31751 31854 I BatteryMgr:DataCollectionService: stats => 1688576691866,192187,4103
07-05 19:04:51.879 31751 31854 I BatteryMgr:DataCollectionService: stats => 1688576691879,192187,4103
07-05 19:04:51.893 31751 31854 I BatteryMgr:DataCollectionService: stats => 1688576691893,192187,4103
07-05 19:04:51.906 31751 31854 I BatteryMgr:DataCollectionService: stats => 1688576691906,192187,4103
07-05 19:04:51.922 31751 31854 I BatteryMgr:DataCollectionService: stats => 1688576691922,192187,4103
07-05 19:04:51.936 31751 31854 I BatteryMgr:DataCollectionService: stats => 1688576691936,192187,4103
07-05 19:04:51.952 31751 31854 I BatteryMgr:DataCollectionService: stats => 1688576691952,192187,4103
07-05 19:04:51.965 31751 31854 I BatteryMgr:DataCollectionService: stats => 1688576691965,192187,4103
07-05 19:04:51.979 31751 31854 I BatteryMgr:DataCollectionService: stats => 1688576691979,192187,4103
07-05 19:04:51.993 31751 31854 I BatteryMgr:DataCollectionService: stats => 1688576691993,192187,4103
07-05 19:04:52.009 31751 31854 I BatteryMgr:DataCollectionService: stats => 1688576692009,192187,4103
07-05 19:04:52.024 31751 31854 I BatteryMgr:DataCollectionService: stats => 1688576692024,192187,4103
07-05 19:04:52.039 31751 31854 I BatteryMgr:DataCollectionService: stats => 1688576692039,192187,4103
07-05 19:04:52.054 31751 31854 I BatteryMgr:DataCollectionService: stats => 1688576692054,192187,4103
07-05 19:04:52.068 31751 31854 I BatteryMgr:DataCollectionService: stats => 1688576692067,192187,4103
07-05 19:04:52.081 31751 31854 I BatteryMgr:DataCollectionService: stats => 1688576692081,192187,4103
07-05 19:04:52.095 31751 31854 I BatteryMgr:DataCollectionService: stats => 1688576692095,192187,4103
07-05 19:04:52.110 31751 31854 I BatteryMgr:DataCollectionService: stats => 1688576692110,192187,4103
07-05 19:04:52.126 31751 31854 I BatteryMgr:DataCollectionService: stats => 1688576692126,192187,4103
07-05 19:04:52.141 31751 31854 I BatteryMgr:DataCollectionService: stats => 1688576692141,192187,4103
07-05 19:04:52.156 31751 31854 I BatteryMgr:DataCollectionService: stats => 1688576692156,192187,4103
07-05 19:04:52.171 31751 31854 I BatteryMgr:DataCollectionService: stats => 1688576692171,192187,4103
07-05 19:04:52.186 31751 31854 I BatteryMgr:DataCollectionService: stats => 1688576692186,106250,4103
07-05 19:04:52.201 31751 31854 I BatteryMgr:DataCollectionService: stats => 1688576692201,106250,4103
07-05 19:04:52.216 31751 31854 I BatteryMgr:DataCollectionService: stats => 1688576692216,106250,4103
07-05 19:04:52.230 31751 31854 I BatteryMgr:DataCollectionService: stats => 1688576692230,106250,4103
07-05 19:04:52.245 31751 31854 I BatteryMgr:DataCollectionService: stats => 1688576692245,106250,4103
07-05 19:04:52.261 31751 31854 I BatteryMgr:DataCollectionService: stats => 1688576692261,106250,4103
07-05 19:04:52.275 31751 31854 I BatteryMgr:DataCollectionService: stats => 1688576692275,106250,4103
07-05 19:04:52.290 31751 31854 I BatteryMgr:DataCollectionService: stats => 1688576692290,106250,4103
07-05 19:04:52.305 31751 31854 I BatteryMgr:DataCollectionService: stats => 1688576692304,106250,4103
07-05 19:04:52.319 31751 31854 I BatteryMgr:DataCollectionService: stats => 1688576692319,106250,4103
07-05 19:04:52.333 31751 31854 I BatteryMgr:DataCollectionService: stats => 1688576692333,106250,4103
07-05 19:04:52.347 31751 31854 I BatteryMgr:DataCollectionService: stats => 1688576692347,106250,4103
07-05 19:04:52.363 31751 31854 I BatteryMgr:DataCollectionService: stats => 1688576692363,106250,4103
07-05 19:04:52.377 31751 31854 I BatteryMgr:DataCollectionService: stats => 1688576692377,106250,4103
07-05 19:04:52.392 31751 31854 I BatteryMgr:DataCollectionService: stats => 1688576692391,106250,4103
07-05 19:04:52.407 31751 31854 I BatteryMgr:DataCollectionService: stats => 1688576692407,106250,4103
07-05 19:04:52.422 31751 31854 I BatteryMgr:DataCollectionService: stats => 1688576692422,106250,4103
07-05 19:04:52.437 31751 31854 I BatteryMgr:DataCollectionService: stats => 1688576692437,106250,4103
07-05 19:04:52.452 31751 31854 I BatteryMgr:DataCollectionService: stats => 1688576692452,106250,4103
07-05 19:04:52.467 31751 31854 I BatteryMgr:DataCollectionService: stats => 1688576692467,106250,4103
07-05 19:04:52.480 31751 31854 I BatteryMgr:DataCollectionService: stats => 1688576692480,106250,4103
07-05 19:04:52.493 31751 31854 I BatteryMgr:DataCollectionService: stats => 1688576692493,106250,4103
07-05 19:04:52.510 31751 31854 I BatteryMgr:DataCollectionService: stats => 1688576692510,106250,4103
07-05 19:04:52.525 31751 31854 I BatteryMgr:DataCollectionService: stats => 1688576692525,148437,4103
07-05 19:04:52.540 31751 31854 I BatteryMgr:DataCollectionService: stats => 1688576692540,148437,4103
07-05 19:04:52.554 31751 31854 I BatteryMgr:DataCollectionService: stats => 1688576692554,148437,4103
07-05 19:04:52.569 31751 31854 I BatteryMgr:DataCollectionService: stats => 1688576692569,148437,4103
07-05 19:04:52.583 31751 31854 I BatteryMgr:DataCollectionService: stats => 1688576692583,148437,4103
07-05 19:04:52.596 31751 31854 I BatteryMgr:DataCollectionService: stats => 1688576692596,148437,4103
07-05 19:04:52.612 31751 31854 I BatteryMgr:DataCollectionService: stats => 1688576692612,148437,4103
07-05 19:04:52.627 31751 31854 I BatteryMgr:DataCollectionService: stats => 1688576692627,148437,4103
07-05 19:04:52.643 31751 31854 I BatteryMgr:DataCollectionService: stats => 1688576692643,148437,4103
07-05 19:04:52.657 31751 31854 I BatteryMgr:DataCollectionService: stats => 1688576692657,148437,4103
07-05 19:04:52.672 31751 31854 I BatteryMgr:DataCollectionService: stats => 1688576692672,148437,4103
07-05 19:04:52.687 31751 31854 I BatteryMgr:DataCollectionService: stats => 1688576692687,148437,4103
07-05 19:04:52.702 31751 31854 I BatteryMgr:DataCollectionService: stats => 1688576692702,148437,4103
07-05 19:04:52.716 31751 31854 I BatteryMgr:DataCollectionService: stats => 1688576692715,148437,4103
07-05 19:04:52.731 31751 31854 I BatteryMgr:DataCollectionService: stats => 1688576692731,148437,4103
07-05 19:04:52.747 31751 31854 I BatteryMgr:DataCollectionService: stats => 1688576692746,148437,4103
07-05 19:04:52.762 31751 31854 I BatteryMgr:DataCollectionService: stats => 1688576692762,148437,4103
07-05 19:04:52.779 31751 31854 I BatteryMgr:DataCollectionService: stats => 1688576692779,148437,4103
07-05 19:04:52.792 31751 31854 I BatteryMgr:DataCollectionService: stats => 1688576692792,148437,4103
07-05 19:04:52.806 31751 31854 I BatteryMgr:DataCollectionService: stats => 1688576692806,148437,4103
07-05 19:04:52.819 31751 31854 I BatteryMgr:DataCollectionService: stats => 1688576692819,148437,4103
07-05 19:04:52.833 31751 31854 I BatteryMgr:DataCollectionService: stats => 1688576692833,148437,4103
07-05 19:04:52.847 31751 31854 I BatteryMgr:DataCollectionService: stats => 1688576692847,148437,4103
07-05 19:04:52.860 31751 31854 I BatteryMgr:DataCollectionService: stats => 1688576692860,148437,4103
07-05 19:04:52.881 31751 31854 I BatteryMgr:DataCollectionService: stats => 1688576692881,179062,4103
07-05 19:04:52.902 31751 31854 I BatteryMgr:DataCollectionService: stats => 1688576692902,179062,4103
07-05 19:04:52.917 31751 31854 I BatteryMgr:DataCollectionService: stats => 1688576692917,179062,4103
07-05 19:04:52.930 31751 31854 I BatteryMgr:DataCollectionService: stats => 1688576692930,179062,4103
07-05 19:04:52.944 31751 31854 I BatteryMgr:DataCollectionService: stats => 1688576692944,179062,4103
07-05 19:04:52.958 31751 31854 I BatteryMgr:DataCollectionService: stats => 1688576692958,179062,4103
07-05 19:04:52.971 31751 31854 I BatteryMgr:DataCollectionService: stats => 1688576692971,179062,4103
07-05 19:04:52.985 31751 31854 I BatteryMgr:DataCollectionService: stats => 1688576692985,179062,4103
07-05 19:04:52.998 31751 31854 I BatteryMgr:DataCollectionService: stats => 1688576692998,179062,4103
07-05 19:04:53.012 31751 31854 I BatteryMgr:DataCollectionService: stats => 1688576693012,179062,4103
07-05 19:04:53.025 31751 31854 I BatteryMgr:DataCollectionService: stats => 1688576693025,179062,4103
07-05 19:04:53.041 31751 31854 I BatteryMgr:DataCollectionService: stats => 1688576693040,179062,4103
07-05 19:04:53.055 31751 31854 I BatteryMgr:DataCollectionService: stats => 1688576693055,179062,4103
07-05 19:04:53.071 31751 31854 I BatteryMgr:DataCollectionService: stats => 1688576693071,179062,4103
07-05 19:04:53.086 31751 31854 I BatteryMgr:DataCollectionService: stats => 1688576693086,179062,4103
07-05 19:04:53.102 31751 31854 I BatteryMgr:DataCollectionService: stats => 1688576693102,179062,4103
07-05 19:04:53.117 31751 31854 I BatteryMgr:DataCollectionService: stats => 1688576693117,179062,4103
07-05 19:04:53.132 31751 31854 I BatteryMgr:DataCollectionService: stats => 1688576693132,179062,4103
07-05 19:04:53.147 31751 31854 I BatteryMgr:DataCollectionService: stats => 1688576693147,179062,4103
07-05 19:04:53.162 31751 31854 I BatteryMgr:DataCollectionService: stats => 1688576693162,179062,4103
07-05 19:04:53.177 31751 31854 I BatteryMgr:DataCollectionService: stats => 1688576693177,179062,4103
07-05 19:04:53.191 31751 31854 I BatteryMgr:DataCollectionService: stats => 1688576693191,179062,4103
07-05 19:04:53.205 31751 31854 I BatteryMgr:DataCollectionService: stats => 1688576693205,179062,4103
07-05 19:04:53.219 31751 31854 I BatteryMgr:DataCollectionService: stats => 1688576693219,136562,4103
07-05 19:04:53.233 31751 31854 I BatteryMgr:DataCollectionService: stats => 1688576693233,136562,4103
07-05 19:04:53.249 31751 31854 I BatteryMgr:DataCollectionService: stats => 1688576693249,136562,4103
07-05 19:04:53.265 31751 31854 I BatteryMgr:DataCollectionService: stats => 1688576693265,136562,4103
07-05 19:04:53.282 31751 31854 I BatteryMgr:DataCollectionService: stats => 1688576693282,136562,4103
07-05 19:04:53.295 31751 31854 I BatteryMgr:DataCollectionService: stats => 1688576693295,136562,4103
07-05 19:04:53.309 31751 31854 I BatteryMgr:DataCollectionService: stats => 1688576693309,136562,4103
07-05 19:04:53.323 31751 31854 I BatteryMgr:DataCollectionService: stats => 1688576693323,136562,4103
07-05 19:04:53.339 31751 31854 I BatteryMgr:DataCollectionService: stats => 1688576693339,136562,4103
07-05 19:04:53.354 31751 31854 I BatteryMgr:DataCollectionService: stats => 1688576693354,136562,4103
07-05 19:04:53.370 31751 31854 I BatteryMgr:DataCollectionService: stats => 1688576693370,136562,4103
07-05 19:04:53.385 31751 31854 I BatteryMgr:DataCollectionService: stats => 1688576693384,136562,4103
07-05 19:04:53.400 31751 31854 I BatteryMgr:DataCollectionService: stats => 1688576693400,136562,4103
07-05 19:04:53.414 31751 31854 I BatteryMgr:DataCollectionService: stats => 1688576693414,136562,4103
07-05 19:04:53.430 31751 31854 I BatteryMgr:DataCollectionService: stats => 1688576693430,136562,4103
07-05 19:04:53.446 31751 31854 I BatteryMgr:DataCollectionService: stats => 1688576693446,136562,4103
07-05 19:04:53.460 31751 31854 I BatteryMgr:DataCollectionService: stats => 1688576693460,136562,4103
07-05 19:04:53.476 31751 31854 I BatteryMgr:DataCollectionService: stats => 1688576693476,136562,4103
07-05 19:04:53.489 31751 31854 I BatteryMgr:DataCollectionService: stats => 1688576693489,136562,4103
07-05 19:04:53.505 31751 31854 I BatteryMgr:DataCollectionService: stats => 1688576693505,136562,4103
07-05 19:04:53.521 31751 31854 I BatteryMgr:DataCollectionService: stats => 1688576693521,136562,4103
07-05 19:04:53.536 31751 31854 I BatteryMgr:DataCollectionService: stats => 1688576693536,136562,4103
07-05 19:04:53.552 31751 31854 I BatteryMgr:DataCollectionService: stats => 1688576693552,136562,4103
07-05 19:04:53.567 31751 31854 I BatteryMgr:DataCollectionService: stats => 1688576693567,136562,4103
07-05 19:04:53.583 31751 31854 I BatteryMgr:DataCollectionService: stats => 1688576693583,119375,4103
07-05 19:04:53.597 31751 31854 I BatteryMgr:DataCollectionService: stats => 1688576693597,119375,4103
07-05 19:04:53.613 31751 31854 I BatteryMgr:DataCollectionService: stats => 1688576693613,119375,4103
07-05 19:04:53.628 31751 31854 I BatteryMgr:DataCollectionService: stats => 1688576693628,119375,4103
07-05 19:04:53.643 31751 31854 I BatteryMgr:DataCollectionService: stats => 1688576693643,119375,4103
07-05 19:04:53.658 31751 31854 I BatteryMgr:DataCollectionService: stats => 1688576693658,119375,4103
07-05 19:04:53.673 31751 31854 I BatteryMgr:DataCollectionService: stats => 1688576693673,119375,4103
07-05 19:04:53.687 31751 31854 I BatteryMgr:DataCollectionService: stats => 1688576693687,119375,4103
07-05 19:04:53.702 31751 31854 I BatteryMgr:DataCollectionService: stats => 1688576693702,119375,4103
07-05 19:04:53.717 31751 31854 I BatteryMgr:DataCollectionService: stats => 1688576693717,119375,4103
07-05 19:04:53.732 31751 31854 I BatteryMgr:DataCollectionService: stats => 1688576693732,119375,4103
07-05 19:04:53.746 31751 31854 I BatteryMgr:DataCollectionService: stats => 1688576693746,119375,4103
07-05 19:04:53.763 31751 31854 I BatteryMgr:DataCollectionService: stats => 1688576693763,119375,4103
07-05 19:04:53.778 31751 31854 I BatteryMgr:DataCollectionService: stats => 1688576693778,119375,4103
07-05 19:04:53.793 31751 31854 I BatteryMgr:DataCollectionService: stats => 1688576693793,119375,4103
07-05 19:04:53.807 31751 31854 I BatteryMgr:DataCollectionService: stats => 1688576693807,119375,4103
07-05 19:04:53.820 31751 31854 I BatteryMgr:DataCollectionService: stats => 1688576693820,119375,4103
07-05 19:04:53.835 31751 31854 I BatteryMgr:DataCollectionService: stats => 1688576693834,119375,4103
07-05 19:04:53.850 31751 31854 I BatteryMgr:DataCollectionService: stats => 1688576693850,119375,4103
07-05 19:04:53.866 31751 31854 I BatteryMgr:DataCollectionService: stats => 1688576693865,119375,4103
07-05 19:04:53.880 31751 31854 I BatteryMgr:DataCollectionService: stats => 1688576693880,119375,4103
07-05 19:04:53.896 31751 31854 I BatteryMgr:DataCollectionService: stats => 1688576693896,119375,4103
07-05 19:04:53.909 31751 31854 I BatteryMgr:DataCollectionService: stats => 1688576693909,119375,4103
07-05 19:04:53.923 31751 31854 I BatteryMgr:DataCollectionService: stats => 1688576693923,110937,4103
07-05 19:04:53.937 31751 31854 I BatteryMgr:DataCollectionService: stats => 1688576693937,110937,4103
07-05 19:04:53.950 31751 31854 I BatteryMgr:DataCollectionService: stats => 1688576693950,110937,4103
07-05 19:04:53.964 31751 31854 I BatteryMgr:DataCollectionService: stats => 1688576693964,110937,4103
07-05 19:04:53.972  1871  2225 D ConnectivityService: NetReassign [no changes] [c 0] [a 1] [i 2]
07-05 19:04:53.978 31751 31854 I BatteryMgr:DataCollectionService: stats => 1688576693978,110937,4103
07-05 19:04:53.991 31751 31854 I BatteryMgr:DataCollectionService: stats => 1688576693991,110937,4103
07-05 19:04:54.005 31751 31854 I BatteryMgr:DataCollectionService: stats => 1688576694005,110937,4103
07-05 19:04:54.018 31751 31854 I BatteryMgr:DataCollectionService: stats => 1688576694018,110937,4103
07-05 19:04:54.032 31751 31854 I BatteryMgr:DataCollectionService: stats => 1688576694032,110937,4103
07-05 19:04:54.045 31751 31854 I BatteryMgr:DataCollectionService: stats => 1688576694045,110937,4103
07-05 19:04:54.059 31751 31854 I BatteryMgr:DataCollectionService: stats => 1688576694059,110937,4103
07-05 19:04:54.072 31751 31854 I BatteryMgr:DataCollectionService: stats => 1688576694072,110937,4103
07-05 19:04:54.086 31751 31854 I BatteryMgr:DataCollectionService: stats => 1688576694086,110937,4103
07-05 19:04:54.099 31751 31854 I BatteryMgr:DataCollectionService: stats => 1688576694099,110937,4103
07-05 19:04:54.116 31751 31854 I BatteryMgr:DataCollectionService: stats => 1688576694116,110937,4103
07-05 19:04:54.133 31751 31854 I BatteryMgr:DataCollectionService: stats => 1688576694133,110937,4103
07-05 19:04:54.148 31751 31854 I BatteryMgr:DataCollectionService: stats => 1688576694148,110937,4103
07-05 19:04:54.163 31751 31854 I BatteryMgr:DataCollectionService: stats => 1688576694163,110937,4103
07-05 19:04:54.178 31751 31854 I BatteryMgr:DataCollectionService: stats => 1688576694178,110937,4103
07-05 19:04:54.194 31751 31854 I BatteryMgr:DataCollectionService: stats => 1688576694194,110937,4103
07-05 19:04:54.212 31751 31854 I BatteryMgr:DataCollectionService: stats => 1688576694212,110937,4103
07-05 19:04:54.229 31751 31854 I BatteryMgr:DataCollectionService: stats => 1688576694229,110937,4103
07-05 19:04:54.245 31751 31854 I BatteryMgr:DataCollectionService: stats => 1688576694245,110937,4103
07-05 19:04:54.261 31751 31854 I BatteryMgr:DataCollectionService: stats => 1688576694261,110937,4103
07-05 19:04:54.275 31751 31854 I BatteryMgr:DataCollectionService: stats => 1688576694275,119062,4103
07-05 19:04:54.292 31751 31854 I BatteryMgr:DataCollectionService: stats => 1688576694292,119062,4103
07-05 19:04:54.308 31751 31854 I BatteryMgr:DataCollectionService: stats => 1688576694308,119062,4103
07-05 19:04:54.324 31751 31854 I BatteryMgr:DataCollectionService: stats => 1688576694324,119062,4103
07-05 19:04:54.337 31751 31854 I BatteryMgr:DataCollectionService: stats => 1688576694337,119062,4103
07-05 19:04:54.352 31751 31854 I BatteryMgr:DataCollectionService: stats => 1688576694352,119062,4103
07-05 19:04:54.368 31751 31854 I BatteryMgr:DataCollectionService: stats => 1688576694368,119062,4103
07-05 19:04:54.383 31751 31854 I BatteryMgr:DataCollectionService: stats => 1688576694383,119062,4103
07-05 19:04:54.396 31751 31854 I BatteryMgr:DataCollectionService: stats => 1688576694396,119062,4103
07-05 19:04:54.410 31751 31854 I BatteryMgr:DataCollectionService: stats => 1688576694410,119062,4103
07-05 19:04:54.424 31751 31854 I BatteryMgr:DataCollectionService: stats => 1688576694424,119062,4103
07-05 19:04:54.438 31751 31854 I BatteryMgr:DataCollectionService: stats => 1688576694438,119062,4103
07-05 19:04:54.452 31751 31854 I BatteryMgr:DataCollectionService: stats => 1688576694452,119062,4103
07-05 19:04:54.467 31751 31854 I BatteryMgr:DataCollectionService: stats => 1688576694467,119062,4103
07-05 19:04:54.482 31751 31854 I BatteryMgr:DataCollectionService: stats => 1688576694482,119062,4103
07-05 19:04:54.498 31751 31854 I BatteryMgr:DataCollectionService: stats => 1688576694497,119062,4103
07-05 19:04:54.512 31751 31854 I BatteryMgr:DataCollectionService: stats => 1688576694512,119062,4103
07-05 19:04:54.527 31751 31854 I BatteryMgr:DataCollectionService: stats => 1688576694527,119062,4103
07-05 19:04:54.541 31751 31854 I BatteryMgr:DataCollectionService: stats => 1688576694541,119062,4103
07-05 19:04:54.556 31751 31854 I BatteryMgr:DataCollectionService: stats => 1688576694556,119062,4103
07-05 19:04:54.571 31751 31854 I BatteryMgr:DataCollectionService: stats => 1688576694571,119062,4103
07-05 19:04:54.587 31751 31854 I BatteryMgr:DataCollectionService: stats => 1688576694587,119062,4103
07-05 19:04:54.602 31751 31854 I BatteryMgr:DataCollectionService: stats => 1688576694602,119062,4103
07-05 19:04:54.617 31751 31854 I BatteryMgr:DataCollectionService: stats => 1688576694617,119062,4103
07-05 19:04:54.632 31751 31854 I BatteryMgr:DataCollectionService: stats => 1688576694632,119062,4103
07-05 19:04:54.645 31751 31854 I BatteryMgr:DataCollectionService: stats => 1688576694645,119062,4103
07-05 19:04:54.658 31751 31854 I BatteryMgr:DataCollectionService: stats => 1688576694658,119062,4103
07-05 19:04:54.671 31751 31854 I BatteryMgr:DataCollectionService: stats => 1688576694671,119062,4103
07-05 19:04:54.684 31751 31854 I BatteryMgr:DataCollectionService: stats => 1688576694684,119062,4103
07-05 19:04:54.697 31751 31854 I BatteryMgr:DataCollectionService: stats => 1688576694697,119062,4103
07-05 19:04:54.707  2415  2470 D ControlsListingControllerImpl: Subscribing callback, service count: 1
07-05 19:04:54.711 31751 31854 I BatteryMgr:DataCollectionService: stats => 1688576694711,119062,4103
07-05 19:04:54.713  2415  2470 D ControlsListingControllerImpl: Unsubscribing callback
07-05 19:04:54.724 31751 31854 I BatteryMgr:DataCollectionService: stats => 1688576694724,119062,4103
07-05 19:04:54.738 31751 31854 I BatteryMgr:DataCollectionService: stats => 1688576694738,119062,4103
07-05 19:04:54.752 31751 31854 I BatteryMgr:DataCollectionService: stats => 1688576694752,119062,4103
07-05 19:04:54.766 31751 31854 I BatteryMgr:DataCollectionService: stats => 1688576694766,119062,4103
07-05 19:04:54.780 31751 31854 I BatteryMgr:DataCollectionService: stats => 1688576694780,119062,4103
07-05 19:04:54.794 31751 31854 I BatteryMgr:DataCollectionService: stats => 1688576694794,119062,4103
07-05 19:04:54.806  2415  2470 I QAWController: Re-creating the QAW client to avoid stale.
07-05 19:04:54.807 31751 31854 I BatteryMgr:DataCollectionService: stats => 1688576694807,119062,4103
07-05 19:04:54.822 31751 31854 I BatteryMgr:DataCollectionService: stats => 1688576694822,119062,4103
07-05 19:04:54.831  1871  2200 W ProcessStats: Tracking association SourceState{e3596d0 system/1000 BTopFgs #42309} whose proc state 2 is better than process ProcessState{5a4c6c9 com.google.android.gms.persistent/10125 pkg=com.google.android.gms} proc state 3 (17 skipped)
07-05 19:04:54.835 31751 31854 I BatteryMgr:DataCollectionService: stats => 1688576694835,119062,4103
07-05 19:04:54.847  2415  2415 I QuickAccessWalletTile: Successfully retrieved wallet cards.
07-05 19:04:54.848  2415  2415 D QuickAccessWalletTile: No wallet cards exist.
07-05 19:04:54.848 31751 31854 I BatteryMgr:DataCollectionService: stats => 1688576694848,119062,4103
07-05 19:04:54.861 31751 31854 I BatteryMgr:DataCollectionService: stats => 1688576694861,119062,4103
07-05 19:04:54.874 31751 31854 I BatteryMgr:DataCollectionService: stats => 1688576694874,119062,4103
07-05 19:04:54.887 31751 31854 I BatteryMgr:DataCollectionService: stats => 1688576694887,119062,4103
07-05 19:04:54.903 31751 31854 I BatteryMgr:DataCollectionService: stats => 1688576694903,119062,4103
07-05 19:04:54.919 31751 31854 I BatteryMgr:DataCollectionService: stats => 1688576694919,119062,4103
07-05 19:04:54.933 31751 31854 I BatteryMgr:DataCollectionService: stats => 1688576694933,119062,4103
07-05 19:04:54.947 31751 31854 I BatteryMgr:DataCollectionService: stats => 1688576694947,119062,4103
07-05 19:04:54.962 31751 31854 I BatteryMgr:DataCollectionService: stats => 1688576694961,119062,4103
07-05 19:04:54.976 31751 31854 I BatteryMgr:DataCollectionService: stats => 1688576694976,139687,4103
07-05 19:04:54.992 31751 31854 I BatteryMgr:DataCollectionService: stats => 1688576694992,139687,4103
07-05 19:04:55.006 31751 31854 I BatteryMgr:DataCollectionService: stats => 1688576695006,139687,4103
07-05 19:04:55.022 31751 31854 I BatteryMgr:DataCollectionService: stats => 1688576695022,139687,4103
07-05 19:04:55.035 31751 31854 I BatteryMgr:DataCollectionService: stats => 1688576695035,139687,4103
07-05 19:04:55.049 31751 31854 I BatteryMgr:DataCollectionService: stats => 1688576695048,139687,4103
07-05 19:04:55.062 31751 31854 I BatteryMgr:DataCollectionService: stats => 1688576695062,139687,4103
07-05 19:04:55.076 31751 31854 I BatteryMgr:DataCollectionService: stats => 1688576695076,139687,4103
07-05 19:04:55.089 31751 31854 I BatteryMgr:DataCollectionService: stats => 1688576695089,139687,4103
07-05 19:04:55.103 31751 31854 I BatteryMgr:DataCollectionService: stats => 1688576695103,139687,4103
07-05 19:04:55.116 31751 31854 I BatteryMgr:DataCollectionService: stats => 1688576695116,139687,4103
07-05 19:04:55.129 31751 31854 I BatteryMgr:DataCollectionService: stats => 1688576695129,139687,4103
07-05 19:04:55.143 31751 31854 I BatteryMgr:DataCollectionService: stats => 1688576695143,139687,4103
07-05 19:04:55.156 31751 31854 I BatteryMgr:DataCollectionService: stats => 1688576695156,139687,4103
07-05 19:04:55.170 31751 31854 I BatteryMgr:DataCollectionService: stats => 1688576695170,139687,4103
07-05 19:04:55.184 31751 31854 I BatteryMgr:DataCollectionService: stats => 1688576695183,139687,4103
07-05 19:04:55.197 31751 31854 I BatteryMgr:DataCollectionService: stats => 1688576695197,139687,4103
07-05 19:04:55.211 31751 31854 I BatteryMgr:DataCollectionService: stats => 1688576695210,139687,4103
07-05 19:04:55.224 31751 31854 I BatteryMgr:DataCollectionService: stats => 1688576695224,139687,4103
07-05 19:04:55.240 31751 31854 I BatteryMgr:DataCollectionService: stats => 1688576695240,139687,4103
07-05 19:04:55.255 31751 31854 I BatteryMgr:DataCollectionService: stats => 1688576695255,139687,4103
07-05 19:04:55.268 31751 31854 I BatteryMgr:DataCollectionService: stats => 1688576695268,139687,4103
07-05 19:04:55.285 31751 31854 I BatteryMgr:DataCollectionService: stats => 1688576695285,139687,4103
07-05 19:04:55.312 31751 31854 I BatteryMgr:DataCollectionService: stats => 1688576695312,139687,4103
07-05 19:04:55.339 31751 31854 I BatteryMgr:DataCollectionService: stats => 1688576695339,117500,4103
07-05 19:04:55.365 31751 31854 I BatteryMgr:DataCollectionService: stats => 1688576695365,117500,4103
07-05 19:04:55.392 31751 31854 I BatteryMgr:DataCollectionService: stats => 1688576695391,117500,4103
07-05 19:04:55.418 31751 31854 I BatteryMgr:DataCollectionService: stats => 1688576695418,117500,4103
07-05 19:04:55.445 31751 31854 I BatteryMgr:DataCollectionService: stats => 1688576695444,117500,4103
07-05 19:04:55.471 31751 31854 I BatteryMgr:DataCollectionService: stats => 1688576695471,117500,4103
07-05 19:04:55.498 31751 31854 I BatteryMgr:DataCollectionService: stats => 1688576695498,117500,4103
07-05 19:04:55.525 31751 31854 I BatteryMgr:DataCollectionService: stats => 1688576695525,117500,4103
07-05 19:04:55.549 31751 31854 I BatteryMgr:DataCollectionService: stats => 1688576695549,117500,4103
07-05 19:04:55.570 31751 31854 I BatteryMgr:DataCollectionService: stats => 1688576695570,117500,4103
07-05 19:04:55.588 31751 31854 I BatteryMgr:DataCollectionService: stats => 1688576695588,117500,4103
07-05 19:04:55.604 31751 31854 I BatteryMgr:DataCollectionService: stats => 1688576695603,117500,4103
07-05 19:04:55.618 31751 31854 I BatteryMgr:DataCollectionService: stats => 1688576695618,117500,4103
07-05 19:04:55.634 31751 31854 I BatteryMgr:DataCollectionService: stats => 1688576695634,117500,4103
07-05 19:04:55.649 31751 31854 I BatteryMgr:DataCollectionService: stats => 1688576695649,117500,4103
07-05 19:04:55.664 31751 31854 I BatteryMgr:DataCollectionService: stats => 1688576695664,117500,4103
07-05 19:04:55.679 31751 31854 I BatteryMgr:DataCollectionService: stats => 1688576695679,120625,4103
07-05 19:04:55.693 31751 31854 I BatteryMgr:DataCollectionService: stats => 1688576695693,120625,4103
07-05 19:04:55.709 31751 31854 I BatteryMgr:DataCollectionService: stats => 1688576695709,120625,4103
07-05 19:04:55.724 31751 31854 I BatteryMgr:DataCollectionService: stats => 1688576695724,120625,4103
07-05 19:04:55.739 31751 31854 I BatteryMgr:DataCollectionService: stats => 1688576695739,120625,4103
07-05 19:04:55.753 31751 31854 I BatteryMgr:DataCollectionService: stats => 1688576695753,120625,4103
07-05 19:04:55.767 31751 31854 I BatteryMgr:DataCollectionService: stats => 1688576695767,120625,4103
07-05 19:04:55.783 31751 31854 I BatteryMgr:DataCollectionService: stats => 1688576695783,120625,4103
07-05 19:04:55.799 31751 31854 I BatteryMgr:DataCollectionService: stats => 1688576695799,120625,4103
07-05 19:04:55.814 31751 31854 I BatteryMgr:DataCollectionService: stats => 1688576695814,120625,4103
07-05 19:04:55.830 31751 31854 I BatteryMgr:DataCollectionService: stats => 1688576695830,120625,4103
07-05 19:04:55.845 31751 31854 I BatteryMgr:DataCollectionService: stats => 1688576695845,120625,4103
07-05 19:04:55.859 31751 31854 I BatteryMgr:DataCollectionService: stats => 1688576695859,120625,4103
07-05 19:04:55.873 31751 31854 I BatteryMgr:DataCollectionService: stats => 1688576695873,120625,4103
07-05 19:04:55.890 31751 31854 I BatteryMgr:DataCollectionService: stats => 1688576695890,120625,4103
07-05 19:04:55.905 31751 31854 I BatteryMgr:DataCollectionService: stats => 1688576695905,120625,4103
07-05 19:04:55.921 31751 31854 I BatteryMgr:DataCollectionService: stats => 1688576695921,120625,4103
07-05 19:04:55.935 31751 31854 I BatteryMgr:DataCollectionService: stats => 1688576695935,120625,4103
07-05 19:04:55.951 31751 31854 I BatteryMgr:DataCollectionService: stats => 1688576695951,120625,4103
07-05 19:04:55.964 31751 31854 I BatteryMgr:DataCollectionService: stats => 1688576695964,120625,4103
07-05 19:04:55.978 31751 31854 I BatteryMgr:DataCollectionService: stats => 1688576695978,120625,4103
07-05 19:04:55.993 31751 31854 I BatteryMgr:DataCollectionService: stats => 1688576695993,120625,4103
07-05 19:04:56.010 31751 31854 I BatteryMgr:DataCollectionService: stats => 1688576696010,120625,4103
07-05 19:04:56.026 31751 31854 I BatteryMgr:DataCollectionService: stats => 1688576696026,97187,4103
07-05 19:04:56.042 31751 31854 I BatteryMgr:DataCollectionService: stats => 1688576696042,97187,4103
07-05 19:04:56.057 31751 31854 I BatteryMgr:DataCollectionService: stats => 1688576696057,97187,4103
07-05 19:04:56.071 31751 31854 I BatteryMgr:DataCollectionService: stats => 1688576696071,97187,4103
07-05 19:04:56.085 31751 31854 I BatteryMgr:DataCollectionService: stats => 1688576696084,97187,4103
07-05 19:04:56.099 31751 31854 I BatteryMgr:DataCollectionService: stats => 1688576696099,97187,4103
07-05 19:04:56.115 31751 31854 I BatteryMgr:DataCollectionService: stats => 1688576696115,97187,4103
07-05 19:04:56.135 31751 31854 I BatteryMgr:DataCollectionService: stats => 1688576696135,97187,4103
07-05 19:04:56.160 31751 31854 I BatteryMgr:DataCollectionService: stats => 1688576696160,97187,4103
07-05 19:04:56.178 31751 31854 I BatteryMgr:DataCollectionService: stats => 1688576696177,97187,4103
07-05 19:04:56.192 31751 31854 I BatteryMgr:DataCollectionService: stats => 1688576696192,97187,4103
07-05 19:04:56.206 31751 31854 I BatteryMgr:DataCollectionService: stats => 1688576696206,97187,4103
07-05 19:04:56.220 31751 31854 I BatteryMgr:DataCollectionService: stats => 1688576696220,97187,4103
07-05 19:04:56.233 31751 31854 I BatteryMgr:DataCollectionService: stats => 1688576696233,97187,4103
07-05 19:04:56.247 31751 31854 I BatteryMgr:DataCollectionService: stats => 1688576696247,97187,4103
07-05 19:04:56.260 31751 31854 I BatteryMgr:DataCollectionService: stats => 1688576696260,97187,4103
07-05 19:04:56.274 31751 31854 I BatteryMgr:DataCollectionService: stats => 1688576696274,97187,4103
07-05 19:04:56.288 31751 31854 I BatteryMgr:DataCollectionService: stats => 1688576696288,97187,4103
07-05 19:04:56.301 31751 31854 I BatteryMgr:DataCollectionService: stats => 1688576696301,97187,4103
07-05 19:04:56.315 31751 31854 I BatteryMgr:DataCollectionService: stats => 1688576696315,97187,4103
07-05 19:04:56.328 31751 31854 I BatteryMgr:DataCollectionService: stats => 1688576696328,97187,4103
07-05 19:04:56.342 31751 31854 I BatteryMgr:DataCollectionService: stats => 1688576696342,97187,4103
07-05 19:04:56.355 31751 31854 I BatteryMgr:DataCollectionService: stats => 1688576696355,97187,4103
07-05 19:04:56.369 31751 31854 I BatteryMgr:DataCollectionService: stats => 1688576696369,97187,4103
07-05 19:04:56.382 31751 31854 I BatteryMgr:DataCollectionService: stats => 1688576696382,190312,4103
07-05 19:04:56.395 31751 31854 I BatteryMgr:DataCollectionService: stats => 1688576696395,190312,4103
07-05 19:04:56.409 31751 31854 I BatteryMgr:DataCollectionService: stats => 1688576696409,190312,4103
07-05 19:04:56.424 31751 31854 I BatteryMgr:DataCollectionService: stats => 1688576696424,190312,4103
07-05 19:04:56.438 31751 31854 I BatteryMgr:DataCollectionService: stats => 1688576696438,190312,4103
07-05 19:04:56.459 31751 31854 I BatteryMgr:DataCollectionService: stats => 1688576696459,190312,4103
07-05 19:04:56.473 31751 31854 I BatteryMgr:DataCollectionService: stats => 1688576696473,190312,4103
07-05 19:04:56.487 31751 31854 I BatteryMgr:DataCollectionService: stats => 1688576696487,190312,4103
07-05 19:04:56.502 31751 31854 I BatteryMgr:DataCollectionService: stats => 1688576696502,190312,4103
07-05 19:04:56.518 31751 31854 I BatteryMgr:DataCollectionService: stats => 1688576696518,190312,4103
07-05 19:04:56.532 31751 31854 I BatteryMgr:DataCollectionService: stats => 1688576696532,190312,4103
07-05 19:04:56.548 31751 31854 I BatteryMgr:DataCollectionService: stats => 1688576696548,190312,4103
07-05 19:04:56.564 31751 31854 I BatteryMgr:DataCollectionService: stats => 1688576696564,190312,4103
07-05 19:04:56.579 31751 31854 I BatteryMgr:DataCollectionService: stats => 1688576696579,190312,4103
07-05 19:04:56.594 31751 31854 I BatteryMgr:DataCollectionService: stats => 1688576696594,190312,4103
07-05 19:04:56.610 31751 31854 I BatteryMgr:DataCollectionService: stats => 1688576696610,190312,4103
07-05 19:04:56.624 31751 31854 I BatteryMgr:DataCollectionService: stats => 1688576696624,190312,4103
07-05 19:04:56.640 31751 31854 I BatteryMgr:DataCollectionService: stats => 1688576696640,190312,4103
07-05 19:04:56.654 31751 31854 I BatteryMgr:DataCollectionService: stats => 1688576696654,190312,4103
07-05 19:04:56.668 31751 31854 I BatteryMgr:DataCollectionService: stats => 1688576696668,190312,4103
07-05 19:04:56.684 31751 31854 I BatteryMgr:DataCollectionService: stats => 1688576696684,190312,4103
07-05 19:04:56.699 31751 31854 I BatteryMgr:DataCollectionService: stats => 1688576696699,190312,4103
07-05 19:04:56.713 31751 31854 I BatteryMgr:DataCollectionService: stats => 1688576696713,190312,4103
07-05 19:04:56.727 31751 31854 I BatteryMgr:DataCollectionService: stats => 1688576696727,102187,4103
07-05 19:04:56.742 31751 31854 I BatteryMgr:DataCollectionService: stats => 1688576696742,102187,4103
07-05 19:04:56.757 31751 31854 I BatteryMgr:DataCollectionService: stats => 1688576696757,102187,4103
07-05 19:04:56.771 31751 31854 I BatteryMgr:DataCollectionService: stats => 1688576696771,102187,4103
07-05 19:04:56.785 31751 31854 I BatteryMgr:DataCollectionService: stats => 1688576696785,102187,4103
07-05 19:04:56.798 31751 31854 I BatteryMgr:DataCollectionService: stats => 1688576696798,102187,4103
07-05 19:04:56.814 31751 31854 I BatteryMgr:DataCollectionService: stats => 1688576696814,102187,4103
07-05 19:04:56.830 31751 31854 I BatteryMgr:DataCollectionService: stats => 1688576696830,102187,4103
07-05 19:04:56.846 31751 31854 I BatteryMgr:DataCollectionService: stats => 1688576696846,102187,4103
07-05 19:04:56.860 31751 31854 I BatteryMgr:DataCollectionService: stats => 1688576696860,102187,4103
07-05 19:04:56.876 31751 31854 I BatteryMgr:DataCollectionService: stats => 1688576696876,102187,4103
07-05 19:04:56.891 31751 31854 I BatteryMgr:DataCollectionService: stats => 1688576696891,102187,4103
07-05 19:04:56.906 31751 31854 I BatteryMgr:DataCollectionService: stats => 1688576696906,102187,4103
07-05 19:04:56.921 31751 31854 I BatteryMgr:DataCollectionService: stats => 1688576696920,102187,4103
07-05 19:04:56.935 31751 31854 I BatteryMgr:DataCollectionService: stats => 1688576696935,102187,4103
07-05 19:04:56.951 31751 31854 I BatteryMgr:DataCollectionService: stats => 1688576696951,102187,4103
07-05 19:04:56.966 31751 31854 I BatteryMgr:DataCollectionService: stats => 1688576696966,102187,4103
07-05 19:04:56.979 31751 31854 I BatteryMgr:DataCollectionService: stats => 1688576696979,102187,4103
07-05 19:04:56.993 31751 31854 I BatteryMgr:DataCollectionService: stats => 1688576696993,102187,4103
07-05 19:04:56.997  1871  2225 D ConnectivityService: NetReassign [no changes] [c 0] [a 1] [i 3]
07-05 19:04:57.006 31751 31854 I BatteryMgr:DataCollectionService: stats => 1688576697006,102187,4103
07-05 19:04:57.023 31751 31854 I BatteryMgr:DataCollectionService: stats => 1688576697023,102187,4103
07-05 19:04:57.038 31751 31854 I BatteryMgr:DataCollectionService: stats => 1688576697038,102187,4103
07-05 19:04:57.054 31751 31854 I BatteryMgr:DataCollectionService: stats => 1688576697054,102187,4103
07-05 19:04:57.069 31751 31854 I BatteryMgr:DataCollectionService: stats => 1688576697069,102187,4103
07-05 19:04:57.082 31751 31854 I BatteryMgr:DataCollectionService: stats => 1688576697082,116562,4103
07-05 19:04:57.096 31751 31854 I BatteryMgr:DataCollectionService: stats => 1688576697096,116562,4103
07-05 19:04:57.112 31751 31854 I BatteryMgr:DataCollectionService: stats => 1688576697111,116562,4103
07-05 19:04:57.128 31751 31854 I BatteryMgr:DataCollectionService: stats => 1688576697128,116562,4103
07-05 19:04:57.144 31751 31854 I BatteryMgr:DataCollectionService: stats => 1688576697144,116562,4103
07-05 19:04:57.159 31751 31854 I BatteryMgr:DataCollectionService: stats => 1688576697159,116562,4103
07-05 19:04:57.173 31751 31854 I BatteryMgr:DataCollectionService: stats => 1688576697173,116562,4103
07-05 19:04:57.188 31751 31854 I BatteryMgr:DataCollectionService: stats => 1688576697188,116562,4103
07-05 19:04:57.202 31751 31854 I BatteryMgr:DataCollectionService: stats => 1688576697202,116562,4103
07-05 19:04:57.217 31751 31854 I BatteryMgr:DataCollectionService: stats => 1688576697217,116562,4103
07-05 19:04:57.233 31751 31854 I BatteryMgr:DataCollectionService: stats => 1688576697233,116562,4103
07-05 19:04:57.248 31751 31854 I BatteryMgr:DataCollectionService: stats => 1688576697248,116562,4103
07-05 19:04:57.263 31751 31854 I BatteryMgr:DataCollectionService: stats => 1688576697263,116562,4103
07-05 19:04:57.287 31751 31854 I BatteryMgr:DataCollectionService: stats => 1688576697287,116562,4103
