--------- beginning of system
07-11 10:29:12.564  1495  1638 I ActivityTaskManager: START u0 {act=android.intent.action.MAIN cat=[android.intent.category.LAUNCHER] flg=0x10000000 cmp=com.example.batterymanager_utility/.MainActivity} from uid 2000
--------- beginning of main
07-11 10:29:12.567   562   562 I hwservicemanager: getTransport: Cannot find entry vendor.qti.hardware.iop@2.0::IIop/default in either framework or device manifest.
07-11 10:29:12.573  1495  1638 D CompatibilityInfo: mCompatibilityFlags - 0
07-11 10:29:12.573  1495  1638 D CompatibilityInfo: applicationDensity - 420
07-11 10:29:12.573  1495  1638 D CompatibilityInfo: applicationScale - 1.0
07-11 10:29:12.573  1495  1638 D ActivityTrigger: ActivityTrigger activityPauseTrigger 
07-11 10:29:12.583  1495  1857 W ActivityManager: ProcessRecord{45a4522 0:com.example.batterymanager_utility/u0a186}: ART verification disabled
07-11 10:29:12.584  1495  1857 D ActivityManager: Package [com.example.batterymanager_utility] have process
07-11 10:29:12.596   695   695 D Zygote  : Forked child process 17053
07-11 10:29:12.598  1495  1876 I ActivityManager: Start proc 17053:com.example.batterymanager_utility/u0a186 for activity {com.example.batterymanager_utility/com.example.batterymanager_utility.MainActivity}
07-11 10:29:12.598  1495  1876 D ActivityManager: handleProcessStartedLocked mDoneFinishBooting && app.pid != 0 ---> notifyProcessStart, app.processName = com.example.batterymanager_utility, app.info = ApplicationInfo{603e421 com.example.batterymanager_utility}, app.hostingType = activity, getHostingName() = ComponentInfo{com.example.batterymanager_utility/com.example.batterymanager_utility.MainActivity}, getIntentFlag() = 0, getIsPackageRunning() = true, app = ProcessRecord{45a4522 17053:com.example.batterymanager_utility/u0a186}, getExtraData() = null
07-11 10:29:12.602 17053 17053 I manager_utilit: Late-enabling -Xcheck:jni
07-11 10:29:12.637 17053 17053 E manager_utilit: Unknown bits set in runtime_flags: 0x8000
07-11 10:29:12.658  1495  1638 D CompatibilityInfo: mCompatibilityFlags - 0
07-11 10:29:12.658  1495  1638 D CompatibilityInfo: applicationDensity - 420
07-11 10:29:12.658  1495  1638 D CompatibilityInfo: applicationScale - 1.0
07-11 10:29:12.662  1495  1638 D CompatibilityInfo: mCompatibilityFlags - 0
07-11 10:29:12.662  1495  1638 D CompatibilityInfo: applicationDensity - 420
07-11 10:29:12.662  1495  1638 D CompatibilityInfo: applicationScale - 1.0
07-11 10:29:12.663  1495 17074 W IrisConfig: ColorManagerService is not Existed
07-11 10:29:12.666  1495  1638 I qspmsvc-client: inside perf_hint_qspm
07-11 10:29:12.679  3445  3445 I A       : onPause
07-11 10:29:12.682  3148  3148 I HdmBroadcastRecvUpd: (REDACTED) received broadcast: %s
07-11 10:29:12.683  3148  3791 I HdmHotwordRequestListen: (REDACTED) received broadcast: %s
07-11 10:29:12.683  3148  3791 I SodaTriggeringFrontend: (REDACTED) #onConfigUpdate. requester: %s
07-11 10:29:12.684  3148  3800 I SodaTriggeringFrontend: #onConfigUpdate inside sequencer
07-11 10:29:12.684  3148  3800 I HotwordConfigUtils: (REDACTED) Voice Match (Speaker-id) supported : %b 
07-11 10:29:12.684  3148  3800 I HotwordConfigUtils: (REDACTED) hotword enrollment state is enrolled:  %b, speakerId model exist: %b. Voice Match supported : %b 
07-11 10:29:12.684  3148  3800 I HotwordConfigUtils: (REDACTED) isHotwordAvailable():  %b, isHotwordEnabled() %b 
07-11 10:29:12.684  3148  3800 I HotwordConfigUtils: (REDACTED) isHotwordAvailable():  %b, isHotwordEnabled() %b 
07-11 10:29:12.684  3148  3800 I HotwordConfigUtils: (REDACTED) Hotword enrollment state : %s.
07-11 10:29:12.684  3148  3800 I HotwordConfigUtils: (REDACTED) Voice Match (Speaker-id) supported : %b 
07-11 10:29:12.684  3148  3800 I HotwordConfigUtils: (REDACTED) Voice Match (Speaker-id) supported : %b 
07-11 10:29:12.684  3148  3800 I HotwordConfigUtils: (REDACTED) hotword enrollment state is enrolled:  %b, speakerId model exist: %b, voice match supported : %b
07-11 10:29:12.684  3148  3800 I HotwordConfigUtils: (REDACTED) Hotword isNonVoiceMatchHotwordEnabled: %b, isHotwordAvailable : %b, isHotwordEnabled : %b, isVoiceMatchSupported: %b, isHotwordEnrolled: %b.
07-11 10:29:12.684  3148  3800 I SodaTriggeringFrontend: (REDACTED) Ignore the legacy hotword request. voice match enabled %b, isHotwordSupported %b, isIncompleteEnrollmentState %b, nonVoiceMatchHotwordEnabled %b
07-11 10:29:12.830 17053 17053 I Perf    : Connecting to perf service.
07-11 10:29:12.849 17053 17053 I BatteryMgr:App: creating notification channel
07-11 10:29:12.853   562   562 I hwservicemanager: getTransport: Cannot find entry vendor.qti.hardware.iop@2.0::IIop/default in either framework or device manifest.
07-11 10:29:12.853  1022  1101 E ANDR-IOP: IIop:: Iop HAL Service is not available.
07-11 10:29:12.855 17053 17077 E Perf    : Fail to get file list com.example.batterymanager_utility
07-11 10:29:12.855 17053 17077 E Perf    : getFolderSize() : Exception_1 = java.lang.NullPointerException: Attempt to get length of null array
07-11 10:29:12.855 17053 17077 E Perf    : Fail to get file list com.example.batterymanager_utility
07-11 10:29:12.856 17053 17077 E Perf    : getFolderSize() : Exception_1 = java.lang.NullPointerException: Attempt to get length of null array
07-11 10:29:12.943  1495  3212 E WindowManager: App trying to use insecure INPUT_FEATURE_NO_INPUT_CHANNEL flag. Ignoring
07-11 10:29:13.057 17059 17059 W app_process: type=1400 audit(0.0:411): avc: denied { read } for name="u:object_r:device_config_runtime_native_boot_prop:s0" dev="tmpfs" ino=14617 scontext=u:r:shell:s0 tcontext=u:object_r:device_config_runtime_native_boot_prop:s0 tclass=file permissive=0
07-11 10:29:13.057 17059 17059 W app_process: type=1400 audit(0.0:412): avc: denied { read } for name="u:object_r:device_config_runtime_native_boot_prop:s0" dev="tmpfs" ino=14617 scontext=u:r:shell:s0 tcontext=u:object_r:device_config_runtime_native_boot_prop:s0 tclass=file permissive=0
07-11 10:29:13.057 17059 17059 W app_process: type=1400 audit(0.0:413): avc: denied { read } for name="u:object_r:device_config_runtime_native_boot_prop:s0" dev="tmpfs" ino=14617 scontext=u:r:shell:s0 tcontext=u:object_r:device_config_runtime_native_boot_prop:s0 tclass=file permissive=0
07-11 10:29:13.057 17059 17059 D AndroidRuntime: >>>>>> START com.android.internal.os.RuntimeInit uid 2000 <<<<<<
07-11 10:29:13.063 17059 17059 E libc    : Access denied finding property "persist.device_config.runtime_native_boot.enable_apex_image"
07-11 10:29:13.063 17059 17059 I AndroidRuntime: Using default boot image
07-11 10:29:13.064 17059 17059 E libc    : Access denied finding property "persist.device_config.runtime_native_boot.disable_lock_profiling"
07-11 10:29:13.064 17059 17059 I AndroidRuntime: Leaving lock profiling enabled
07-11 10:29:13.064 17059 17059 E libc    : Access denied finding property "persist.device_config.runtime_native_boot.enable_generational_cc"
07-11 10:29:13.198 17059 17059 D ICU     : Time zone APEX file found: /apex/com.android.tzdata/etc/icu/icu_tzdata.dat
07-11 10:29:13.219 17059 17059 I app_process: The ClassLoaderContext is a special shared library.
07-11 10:29:13.246 17059 17059 W app_process: JNI RegisterNativeMethods: attempt to register 0 native methods for android.media.AudioAttributes
07-11 10:29:13.260 17059 17059 D AndroidRuntime: Calling main entry com.android.commands.monkey.Monkey
07-11 10:29:13.262 17059 17059 W Monkey  : args: [-p, e.www.baseline, 1]
07-11 10:29:13.263 17059 17059 W Monkey  :  arg: "-p"
07-11 10:29:13.263 17059 17059 W Monkey  :  arg: "e.www.baseline"
07-11 10:29:13.263 17059 17059 W Monkey  :  arg: "1"
07-11 10:29:13.263 17059 17059 W Monkey  : data="e.www.baseline"
07-11 10:29:13.287 17053 17053 W RenderThread: type=1400 audit(0.0:414): avc: denied { search } for name="kgsl-3d0" dev="sysfs" ino=29187 scontext=u:r:untrusted_app:s0:c186,c256,c512,c768 tcontext=u:object_r:sysfs_kgsl:s0 tclass=dir permissive=0
07-11 10:29:13.292 17053 17078 I AdrenoGLES: QUALCOMM build                   : f2ab992, I401605978b
07-11 10:29:13.292 17053 17078 I AdrenoGLES: Build Date                       : 09/28/19
07-11 10:29:13.292 17053 17078 I AdrenoGLES: OpenGL ES Shader Compiler Version: EV031.27.05.01
07-11 10:29:13.292 17053 17078 I AdrenoGLES: Local Branch                     : 
07-11 10:29:13.292 17053 17078 I AdrenoGLES: Remote Branch                    : 
07-11 10:29:13.292 17053 17078 I AdrenoGLES: Remote Branch                    : 
07-11 10:29:13.292 17053 17078 I AdrenoGLES: Reconstruct Branch               : 
07-11 10:29:13.292 17053 17078 I AdrenoGLES: Build Config                     : S L 8.0.11 AArch64
07-11 10:29:13.298 17053 17078 I AdrenoGLES: PFP: 0x005ff112, ME: 0x005ff066
07-11 10:29:13.301 17053 17078 W AdrenoUtils: <ReadGpuID_from_sysfs:194>: Failed to open /sys/class/kgsl/kgsl-3d0/gpu_model
07-11 10:29:13.301 17053 17078 W AdrenoUtils: <ReadGpuID:218>: Failed to read chip ID from gpu_model. Fallback to use the GSL path
07-11 10:29:13.303   562   562 I hwservicemanager: getTransport: Cannot find entry vendor.display.config@1.7::IDisplayConfig/default in either framework or device manifest.
07-11 10:29:13.304   562   562 I hwservicemanager: getTransport: Cannot find entry vendor.display.config@1.7::IDisplayConfig/default in either framework or device manifest.
07-11 10:29:13.310  1495  1875 W BroadcastQueue: Skipping deliver [background] BroadcastRecord{ca7dbd0 u-1 android.net.conn.CONNECTIVITY_CHANGE} to ReceiverList{b5227c9 17059 (unknown name)/2000/u-1 remote:52afc82}: process gone or crashing
07-11 10:29:13.325  1495  1638 I ActivityTaskManager: START u0 {act=android.intent.action.MAIN cat=[android.intent.category.LAUNCHER] flg=0x10200000 cmp=e.www.baseline/.MainActivity} from uid 2000
07-11 10:29:13.326  1495  1638 W Binder  : Outgoing transactions from this process must be FLAG_ONEWAY
07-11 10:29:13.326  1495  1638 W Binder  : java.lang.Throwable
07-11 10:29:13.326  1495  1638 W Binder  : 	at android.os.BinderProxy.transact(BinderProxy.java:480)
07-11 10:29:13.326  1495  1638 W Binder  : 	at android.app.IActivityController$Stub$Proxy.activityStarting(IActivityController.java:273)
07-11 10:29:13.326  1495  1638 W Binder  : 	at com.android.server.wm.ActivityStarter.startActivity(ActivityStarter.java:798)
07-11 10:29:13.326  1495  1638 W Binder  : 	at com.android.server.wm.ActivityStarter.startActivity(ActivityStarter.java:587)
07-11 10:29:13.326  1495  1638 W Binder  : 	at com.android.server.wm.ActivityStarter.startActivityMayWait(ActivityStarter.java:1292)
07-11 10:29:13.326  1495  1638 W Binder  : 	at com.android.server.wm.ActivityStarter.execute(ActivityStarter.java:518)
07-11 10:29:13.326  1495  1638 W Binder  : 	at com.android.server.wm.ActivityTaskManagerService.startActivityAsUser(ActivityTaskManagerService.java:1058)
07-11 10:29:13.326  1495  1638 W Binder  : 	at com.android.server.wm.ActivityTaskManagerService.startActivityAsUser(ActivityTaskManagerService.java:1032)
07-11 10:29:13.326  1495  1638 W Binder  : 	at com.android.server.am.ActivityManagerService.startActivityAsUser(ActivityManagerService.java:3759)
07-11 10:29:13.326  1495  1638 W Binder  : 	at android.app.IActivityManager$Stub.onTransact(IActivityManager.java:3588)
07-11 10:29:13.326  1495  1638 W Binder  : 	at com.android.server.am.ActivityManagerService.onTransact(ActivityManagerService.java:2906)
07-11 10:29:13.326  1495  1638 W Binder  : 	at android.os.Binder.execTransactInternal(Binder.java:1021)
07-11 10:29:13.326  1495  1638 W Binder  : 	at android.os.Binder.execTransact(Binder.java:994)
07-11 10:29:13.332   562   562 I hwservicemanager: getTransport: Cannot find entry android.hardware.graphics.mapper@3.0::IMapper/default in either framework or device manifest.
07-11 10:29:13.332 17053 17078 W Gralloc3: mapper 3.x is not supported
07-11 10:29:13.333   562   562 I hwservicemanager: getTransport: Cannot find entry vendor.qti.hardware.iop@2.0::IIop/default in either framework or device manifest.
07-11 10:29:13.340  1495  1638 D CompatibilityInfo: mCompatibilityFlags - 0
07-11 10:29:13.340  1495  1638 D CompatibilityInfo: applicationDensity - 420
07-11 10:29:13.340  1495  1638 D CompatibilityInfo: applicationScale - 1.0
07-11 10:29:13.340  1495  1638 D ActivityTrigger: ActivityTrigger activityPauseTrigger 
07-11 10:29:13.344 17059 17059 I Monkey  : Events injected: 1
07-11 10:29:13.347  1495  1495 V SettingsProvider: Notifying for 0: content://settings/system/accelerometer_rotation
07-11 10:29:13.352  1495  1495 V SettingsProvider: Notifying for 0: content://settings/system/accelerometer_rotation
07-11 10:29:13.356   562   562 I hwservicemanager: getTransport: Cannot find entry vendor.qti.hardware.iop@2.0::IIop/default in either framework or device manifest.
07-11 10:29:13.357  1495  1874 I ActivityTaskManager: Displayed e.www.baseline/.MainActivity: +791ms
07-11 10:29:13.359   562   562 I hwservicemanager: getTransport: Cannot find entry vendor.qti.hardware.iop@2.0::IIop/default in either framework or device manifest.
07-11 10:29:13.360 17059 17059 I Monkey  : ## Network stats: elapsed time=35ms (0ms mobile, 0ms wifi, 35ms not connected)
07-11 10:29:13.361 17059 17059 I app_process: System.exit called, status: 0
07-11 10:29:13.362 17059 17059 I AndroidRuntime: VM exiting with result code 0.
07-11 10:29:13.403 11409 11409 I GoogleInputMethodService: GoogleInputMethodService.onFinishInput():3303 
07-11 10:29:13.403 11409 11409 I GoogleInputMethodService: GoogleInputMethodService.updateDeviceLockedStatus():2122 repeatCheckTimes = 0, locked = false
07-11 10:29:13.404 11409 11409 I GoogleInputMethodService: GoogleInputMethodService.onStartInput():1902 onStartInput(EditorInfo{EditorInfo{packageName=com.example.batterymanager_utility, inputType=0, inputTypeString=NULL, enableLearning=false, autoCorrection=false, autoComplete=false, imeOptions=0, privateImeOptions=null, actionName=UNSPECIFIED, actionLabel=null, initialSelStart=-1, initialSelEnd=-1, initialCapsMode=0, label=null, fieldId=-1, fieldName=null, extras=null, hintText=null, hintLocales=[]}}, false)
07-11 10:29:13.404 11409 11409 I GoogleInputMethodService: GoogleInputMethodService.shouldHideHeaderOnInitialState():1985 ShouldHideHeaderOnInitialState = false
07-11 10:29:13.404 11409 11409 I GoogleInputMethodService: GoogleInputMethodService.updateDeviceLockedStatus():2122 repeatCheckTimes = 1, locked = false
07-11 10:29:13.408  1495  1857 W ActivityManager: ProcessRecord{7ba2d8a 0:e.www.baseline/u0a191}: ART verification disabled
07-11 10:29:13.409  1495  1857 D ActivityManager: Package [e.www.baseline] have process
07-11 10:29:13.410  1495  1857 D ActivityTrigger: ActivityTrigger activityStopTrigger 
07-11 10:29:13.413   562   562 E SELinux : avc:  denied  { find } for interface=vendor.qti.hardware.servicetracker::IServicetracker sid=u:r:system_server:s0 pid=1495 scontext=u:r:system_server:s0 tcontext=u:object_r:default_android_hwservice:s0 tclass=hwservice_manager permissive=0
07-11 10:29:13.417  3445  3445 I A       : onStop
07-11 10:29:13.422   695   695 D Zygote  : Forked child process 17098
07-11 10:29:13.425  1495  1876 I ActivityManager: Start proc 17098:e.www.baseline/u0a191 for activity {e.www.baseline/e.www.baseline.MainActivity}
07-11 10:29:13.426  1495  1876 D ActivityManager: handleProcessStartedLocked mDoneFinishBooting && app.pid != 0 ---> notifyProcessStart, app.processName = e.www.baseline, app.info = ApplicationInfo{da604ad e.www.baseline}, app.hostingType = activity, getHostingName() = ComponentInfo{e.www.baseline/e.www.baseline.MainActivity}, getIntentFlag() = 0, getIsPackageRunning() = true, app = ProcessRecord{7ba2d8a 17098:e.www.baseline/u0a191}, getExtraData() = null
07-11 10:29:13.429 17098 17098 I e.www.baseline: Late-enabling -Xcheck:jni
07-11 10:29:13.461 17098 17098 E e.www.baseline: Unknown bits set in runtime_flags: 0x8000
07-11 10:29:13.484  1495  3212 D CompatibilityInfo: mCompatibilityFlags - 0
07-11 10:29:13.484  1495  3212 D CompatibilityInfo: applicationDensity - 420
07-11 10:29:13.484  1495  3212 D CompatibilityInfo: applicationScale - 1.0
07-11 10:29:13.489  1495  3212 D CompatibilityInfo: mCompatibilityFlags - 0
07-11 10:29:13.489  1495  3212 D CompatibilityInfo: applicationDensity - 420
07-11 10:29:13.489  1495  3212 D CompatibilityInfo: applicationScale - 1.0
07-11 10:29:13.490  1495 17117 W IrisConfig: ColorManagerService is not Existed
07-11 10:29:13.492  1495  3212 I qspmsvc-client: inside perf_hint_qspm
07-11 10:29:13.571 17098 17098 I Perf    : Connecting to perf service.
07-11 10:29:13.583   562   562 I hwservicemanager: getTransport: Cannot find entry vendor.qti.hardware.iop@2.0::IIop/default in either framework or device manifest.
07-11 10:29:13.583  1022  1101 E ANDR-IOP: IIop:: Iop HAL Service is not available.
07-11 10:29:13.585 17098 17120 E Perf    : Fail to get file list e.www.baseline
07-11 10:29:13.585 17098 17120 E Perf    : getFolderSize() : Exception_1 = java.lang.NullPointerException: Attempt to get length of null array
07-11 10:29:13.585 17098 17120 E Perf    : Fail to get file list e.www.baseline
07-11 10:29:13.586 17098 17120 E Perf    : getFolderSize() : Exception_1 = java.lang.NullPointerException: Attempt to get length of null array
07-11 10:29:13.657 17098 17098 W e.www.baseline: Accessing hidden method Landroid/view/View;->computeFitSystemWindows(Landroid/graphics/Rect;Landroid/graphics/Rect;)Z (greylist, reflection, allowed)
07-11 10:29:13.659 17098 17098 W e.www.baseline: Accessing hidden method Landroid/view/ViewGroup;->makeOptionalFitsSystemWindows()V (greylist, reflection, allowed)
07-11 10:29:13.690  1495  1638 E WindowManager: App trying to use insecure INPUT_FEATURE_NO_INPUT_CHANNEL flag. Ignoring
07-11 10:29:13.713 17098 17121 I AdrenoGLES: QUALCOMM build                   : f2ab992, I401605978b
07-11 10:29:13.713 17098 17121 I AdrenoGLES: Build Date                       : 09/28/19
07-11 10:29:13.713 17098 17121 I AdrenoGLES: OpenGL ES Shader Compiler Version: EV031.27.05.01
07-11 10:29:13.713 17098 17121 I AdrenoGLES: Local Branch                     : 
07-11 10:29:13.713 17098 17121 I AdrenoGLES: Remote Branch                    : 
07-11 10:29:13.713 17098 17121 I AdrenoGLES: Remote Branch                    : 
07-11 10:29:13.713 17098 17121 I AdrenoGLES: Reconstruct Branch               : 
07-11 10:29:13.713 17098 17121 I AdrenoGLES: Build Config                     : S L 8.0.11 AArch64
07-11 10:29:13.717 17098 17098 W RenderThread: type=1400 audit(0.0:415): avc: denied { search } for name="kgsl-3d0" dev="sysfs" ino=29187 scontext=u:r:untrusted_app_27:s0:c191,c256,c512,c768 tcontext=u:object_r:sysfs_kgsl:s0 tclass=dir permissive=0
07-11 10:29:13.721 17098 17121 I AdrenoGLES: PFP: 0x005ff112, ME: 0x005ff066
07-11 10:29:13.724 17098 17121 W AdrenoUtils: <ReadGpuID_from_sysfs:194>: Failed to open /sys/class/kgsl/kgsl-3d0/gpu_model
07-11 10:29:13.724 17098 17121 W AdrenoUtils: <ReadGpuID:218>: Failed to read chip ID from gpu_model. Fallback to use the GSL path
07-11 10:29:13.726   562   562 I hwservicemanager: getTransport: Cannot find entry vendor.display.config@1.7::IDisplayConfig/default in either framework or device manifest.
07-11 10:29:13.726   562   562 I hwservicemanager: getTransport: Cannot find entry vendor.display.config@1.7::IDisplayConfig/default in either framework or device manifest.
07-11 10:29:13.741   562   562 I hwservicemanager: getTransport: Cannot find entry android.hardware.graphics.mapper@3.0::IMapper/default in either framework or device manifest.
07-11 10:29:13.741 17098 17121 W Gralloc3: mapper 3.x is not supported
07-11 10:29:13.761 11409 11409 I GoogleInputMethodService: GoogleInputMethodService.onFinishInput():3303 
07-11 10:29:13.762 11409 11409 I GoogleInputMethodService: GoogleInputMethodService.updateDeviceLockedStatus():2122 repeatCheckTimes = 0, locked = false
07-11 10:29:13.762 11409 11409 I GoogleInputMethodService: GoogleInputMethodService.onStartInput():1902 onStartInput(EditorInfo{EditorInfo{packageName=e.www.baseline, inputType=0, inputTypeString=NULL, enableLearning=false, autoCorrection=false, autoComplete=false, imeOptions=0, privateImeOptions=null, actionName=UNSPECIFIED, actionLabel=null, initialSelStart=-1, initialSelEnd=-1, initialCapsMode=0, label=null, fieldId=-1, fieldName=null, extras=null, hintText=null, hintLocales=[]}}, false)
07-11 10:29:13.762 11409 11409 I GoogleInputMethodService: GoogleInputMethodService.shouldHideHeaderOnInitialState():1985 ShouldHideHeaderOnInitialState = false
07-11 10:29:13.762 11409 11409 I GoogleInputMethodService: GoogleInputMethodService.updateDeviceLockedStatus():2122 repeatCheckTimes = 1, locked = false
07-11 10:29:13.843   562   562 E SELinux : avc:  denied  { find } for interface=vendor.qti.hardware.servicetracker::IServicetracker sid=u:r:system_server:s0 pid=1495 scontext=u:r:system_server:s0 tcontext=u:object_r:default_android_hwservice:s0 tclass=hwservice_manager permissive=0
07-11 10:29:14.122  1495  1857 D ActivityTrigger: ActivityTrigger activityStopTrigger 
07-11 10:29:14.920  1495  1638 D CompatibilityInfo: mCompatibilityFlags - 0
07-11 10:29:14.921  1495  1638 D CompatibilityInfo: applicationDensity - 420
07-11 10:29:14.921  1495  1638 D CompatibilityInfo: applicationScale - 1.0
07-11 10:29:14.921  9914  9914 I Finsky:background: [2] tjj.onTrimMemory(1): Memory trim requested to level 80
07-11 10:29:14.922   562   562 E SELinux : avc:  denied  { find } for interface=vendor.qti.hardware.servicetracker::IServicetracker sid=u:r:system_server:s0 pid=1495 scontext=u:r:system_server:s0 tcontext=u:object_r:default_android_hwservice:s0 tclass=hwservice_manager permissive=0
07-11 10:29:14.927 17053 17053 I BatteryMgr:DataCollectionService: onStartCommand: begin
07-11 10:29:14.927 17053 17053 I BatteryMgr:DataCollectionService: onStartCommand: sampleRate => 0
07-11 10:29:14.927 17053 17053 I BatteryMgr:DataCollectionService: onStartCommand: rawFields => Timestamp,BATTERY_PROPERTY_CURRENT_NOW,EXTRA_VOLTAGE
07-11 10:29:14.929 17053 17053 I BatteryMgr:DataCollectionService: onStartCommand: notification done
07-11 10:29:14.932 17053 17053 I BatteryMgr:DataCollectionService: started foreground
07-11 10:29:14.933  1495  1875 E NotificationService: Suppressing notification from package by user request.
07-11 10:29:14.933  1495  1875 I ServiceRecord: ServicesRecord broadcast notify intent package = com.example.batterymanager_utility pid = 17053
07-11 10:29:14.940 17053 17147 I BatteryMgr:DataCollectionService: collectData: begin
07-11 10:29:14.943 17053 17147 I BatteryMgr:DataCollectionService: stats => 1689064154943,-262695,4214
07-11 10:29:14.947 17053 17147 I BatteryMgr:DataCollectionService: stats => 1689064154946,-262695,4214
07-11 10:29:14.949 17053 17147 I BatteryMgr:DataCollectionService: stats => 1689064154948,-262695,4214
07-11 10:29:14.950 17053 17147 I BatteryMgr:DataCollectionService: stats => 1689064154950,-262695,4214
07-11 10:29:14.951 17053 17147 I BatteryMgr:DataCollectionService: stats => 1689064154951,-262695,4214
07-11 10:29:14.953 17053 17147 I BatteryMgr:DataCollectionService: stats => 1689064154953,-262695,4214
07-11 10:29:14.954 17053 17147 I BatteryMgr:DataCollectionService: stats => 1689064154954,-262695,4214
07-11 10:29:14.956 17053 17147 I BatteryMgr:DataCollectionService: stats => 1689064154956,-262695,4214
07-11 10:29:14.958 17053 17147 I BatteryMgr:DataCollectionService: stats => 1689064154958,-262695,4214
07-11 10:29:14.962 17053 17147 I BatteryMgr:DataCollectionService: stats => 1689064154962,-262695,4214
07-11 10:29:14.965 17053 17147 I BatteryMgr:DataCollectionService: stats => 1689064154965,-262695,4214
07-11 10:29:14.968 17053 17147 I BatteryMgr:DataCollectionService: stats => 1689064154968,-262695,4214
07-11 10:29:14.970 17053 17147 I BatteryMgr:DataCollectionService: stats => 1689064154970,-262695,4214
07-11 10:29:14.973 17053 17147 I BatteryMgr:DataCollectionService: stats => 1689064154973,-262695,4214
07-11 10:29:14.975 17053 17147 I BatteryMgr:DataCollectionService: stats => 1689064154975,-262695,4214
07-11 10:29:14.979 17053 17147 I BatteryMgr:DataCollectionService: stats => 1689064154979,-262695,4214
07-11 10:29:14.981 17053 17147 I BatteryMgr:DataCollectionService: stats => 1689064154981,-262695,4214
07-11 10:29:14.983 17053 17147 I BatteryMgr:DataCollectionService: stats => 1689064154983,-262695,4214
07-11 10:29:14.985 17053 17147 I BatteryMgr:DataCollectionService: stats => 1689064154985,-262695,4214
07-11 10:29:14.987 17053 17147 I BatteryMgr:DataCollectionService: stats => 1689064154987,-262695,4214
07-11 10:29:14.989 17053 17147 I BatteryMgr:DataCollectionService: stats => 1689064154989,-262695,4214
07-11 10:29:14.991 17053 17147 I BatteryMgr:DataCollectionService: stats => 1689064154991,-262695,4214
07-11 10:29:14.993 17053 17147 I BatteryMgr:DataCollectionService: stats => 1689064154993,-262695,4214
07-11 10:29:14.995 17053 17147 I BatteryMgr:DataCollectionService: stats => 1689064154995,-262695,4214
07-11 10:29:14.997 17053 17147 I BatteryMgr:DataCollectionService: stats => 1689064154997,-262695,4214
07-11 10:29:15.000 17053 17147 I BatteryMgr:DataCollectionService: stats => 1689064154999,-262695,4214
07-11 10:29:15.001 17053 17147 I BatteryMgr:DataCollectionService: stats => 1689064155001,-262695,4214
07-11 10:29:15.003 17053 17147 I BatteryMgr:DataCollectionService: stats => 1689064155003,-262695,4214
07-11 10:29:15.005 17053 17147 I BatteryMgr:DataCollectionService: stats => 1689064155005,-262695,4214
07-11 10:29:15.007 17053 17147 I BatteryMgr:DataCollectionService: stats => 1689064155007,-262695,4214
07-11 10:29:15.009 17053 17147 I BatteryMgr:DataCollectionService: stats => 1689064155009,-262695,4214
07-11 10:29:15.010 17053 17147 I BatteryMgr:DataCollectionService: stats => 1689064155010,-262695,4214
07-11 10:29:15.011 17053 17147 I BatteryMgr:DataCollectionService: stats => 1689064155011,-262695,4214
07-11 10:29:15.014 17053 17147 I BatteryMgr:DataCollectionService: stats => 1689064155014,-262695,4214
07-11 10:29:15.018 17053 17147 I BatteryMgr:DataCollectionService: stats => 1689064155017,-262695,4214
07-11 10:29:15.020 17053 17147 I BatteryMgr:DataCollectionService: stats => 1689064155020,-262695,4214
07-11 10:29:15.022 17053 17147 I BatteryMgr:DataCollectionService: stats => 1689064155022,-262695,4214
07-11 10:29:15.024 17053 17147 I BatteryMgr:DataCollectionService: stats => 1689064155024,-262695,4214
07-11 10:29:15.026 17053 17147 I BatteryMgr:DataCollectionService: stats => 1689064155026,-262695,4214
07-11 10:29:15.028 17053 17147 I BatteryMgr:DataCollectionService: stats => 1689064155028,-262695,4214
07-11 10:29:15.030 17053 17147 I BatteryMgr:DataCollectionService: stats => 1689064155030,-262695,4214
07-11 10:29:15.033 17053 17147 I BatteryMgr:DataCollectionService: stats => 1689064155033,-262695,4214
07-11 10:29:15.036 17053 17147 I BatteryMgr:DataCollectionService: stats => 1689064155036,-262695,4214
07-11 10:29:15.038 17053 17147 I BatteryMgr:DataCollectionService: stats => 1689064155038,-262695,4214
07-11 10:29:15.040 17053 17147 I BatteryMgr:DataCollectionService: stats => 1689064155040,-262695,4214
07-11 10:29:15.041 17053 17147 I BatteryMgr:DataCollectionService: stats => 1689064155041,-262695,4214
07-11 10:29:15.043 17053 17147 I BatteryMgr:DataCollectionService: stats => 1689064155043,-262695,4214
07-11 10:29:15.045 17053 17147 I BatteryMgr:DataCollectionService: stats => 1689064155045,-262695,4214
07-11 10:29:15.047 17053 17147 I BatteryMgr:DataCollectionService: stats => 1689064155046,-262695,4214
07-11 10:29:15.049 17053 17147 I BatteryMgr:DataCollectionService: stats => 1689064155049,-262695,4214
07-11 10:29:15.051 17053 17147 I BatteryMgr:DataCollectionService: stats => 1689064155051,-262695,4214
07-11 10:29:15.053 17053 17147 I BatteryMgr:DataCollectionService: stats => 1689064155053,-262695,4214
07-11 10:29:15.054 17053 17147 I BatteryMgr:DataCollectionService: stats => 1689064155054,-262695,4214
07-11 10:29:15.056 17053 17147 I BatteryMgr:DataCollectionService: stats => 1689064155056,-262695,4214
07-11 10:29:15.058 17053 17147 I BatteryMgr:DataCollectionService: stats => 1689064155058,-262695,4214
07-11 10:29:15.060 17053 17147 I BatteryMgr:DataCollectionService: stats => 1689064155059,-262695,4214
07-11 10:29:15.061 17053 17147 I BatteryMgr:DataCollectionService: stats => 1689064155061,-262695,4214
07-11 10:29:15.063 17053 17147 I BatteryMgr:DataCollectionService: stats => 1689064155063,-262695,4214
07-11 10:29:15.064 17053 17147 I BatteryMgr:DataCollectionService: stats => 1689064155064,-262695,4214
07-11 10:29:15.067 17053 17147 I BatteryMgr:DataCollectionService: stats => 1689064155067,-262695,4214
07-11 10:29:15.070 17053 17147 I BatteryMgr:DataCollectionService: stats => 1689064155070,-262695,4214
07-11 10:29:15.072 17053 17147 I BatteryMgr:DataCollectionService: stats => 1689064155072,-262695,4214
07-11 10:29:15.073 17053 17147 I BatteryMgr:DataCollectionService: stats => 1689064155073,-262695,4214
07-11 10:29:15.075 17053 17147 I BatteryMgr:DataCollectionService: stats => 1689064155075,-262695,4214
07-11 10:29:15.076 17053 17147 I BatteryMgr:DataCollectionService: stats => 1689064155076,-262695,4214
07-11 10:29:15.077 17053 17147 I BatteryMgr:DataCollectionService: stats => 1689064155077,-262695,4214
07-11 10:29:15.079 17053 17147 I BatteryMgr:DataCollectionService: stats => 1689064155079,-262695,4214
07-11 10:29:15.080 17053 17147 I BatteryMgr:DataCollectionService: stats => 1689064155080,-262695,4214
07-11 10:29:15.082 17053 17147 I BatteryMgr:DataCollectionService: stats => 1689064155082,-262695,4214
07-11 10:29:15.084 17053 17147 I BatteryMgr:DataCollectionService: stats => 1689064155084,-262695,4214
07-11 10:29:15.086 17053 17147 I BatteryMgr:DataCollectionService: stats => 1689064155086,-262695,4214
07-11 10:29:15.088 17053 17147 I BatteryMgr:DataCollectionService: stats => 1689064155088,-262695,4214
07-11 10:29:15.090 17053 17147 I BatteryMgr:DataCollectionService: stats => 1689064155090,-262695,4214
07-11 10:29:15.091 17053 17147 I BatteryMgr:DataCollectionService: stats => 1689064155091,-262695,4214
07-11 10:29:15.093 17053 17147 I BatteryMgr:DataCollectionService: stats => 1689064155093,-262695,4214
07-11 10:29:15.094 17053 17147 I BatteryMgr:DataCollectionService: stats => 1689064155094,-262695,4214
07-11 10:29:15.096 17053 17147 I BatteryMgr:DataCollectionService: stats => 1689064155095,-262695,4214
07-11 10:29:15.097 17053 17147 I BatteryMgr:DataCollectionService: stats => 1689064155097,-262695,4214
07-11 10:29:15.098 17053 17147 I BatteryMgr:DataCollectionService: stats => 1689064155098,-262695,4214
07-11 10:29:15.100 17053 17147 I BatteryMgr:DataCollectionService: stats => 1689064155100,-262695,4214
07-11 10:29:15.103 17053 17147 I BatteryMgr:DataCollectionService: stats => 1689064155103,-262695,4214
07-11 10:29:15.105 17053 17147 I BatteryMgr:DataCollectionService: stats => 1689064155105,-262695,4214
07-11 10:29:15.106 17053 17147 I BatteryMgr:DataCollectionService: stats => 1689064155106,-262695,4214
07-11 10:29:15.108 17053 17147 I BatteryMgr:DataCollectionService: stats => 1689064155108,-262695,4214
07-11 10:29:15.109 17053 17147 I BatteryMgr:DataCollectionService: stats => 1689064155109,-262695,4214
07-11 10:29:15.110 17053 17147 I BatteryMgr:DataCollectionService: stats => 1689064155110,-262695,4214
07-11 10:29:15.112 17053 17147 I BatteryMgr:DataCollectionService: stats => 1689064155112,-262695,4214
07-11 10:29:15.113 17053 17147 I BatteryMgr:DataCollectionService: stats => 1689064155113,-262695,4214
07-11 10:29:15.115 17053 17147 I BatteryMgr:DataCollectionService: stats => 1689064155115,-262695,4214
07-11 10:29:15.117 17053 17147 I BatteryMgr:DataCollectionService: stats => 1689064155117,-262695,4214
07-11 10:29:15.118 17053 17147 I BatteryMgr:DataCollectionService: stats => 1689064155118,-262695,4214
07-11 10:29:15.121 17053 17147 I BatteryMgr:DataCollectionService: stats => 1689064155121,-262695,4214
07-11 10:29:15.124 17053 17147 I BatteryMgr:DataCollectionService: stats => 1689064155124,-262695,4214
07-11 10:29:15.126 17053 17147 I BatteryMgr:DataCollectionService: stats => 1689064155126,-262695,4214
07-11 10:29:15.127 17053 17147 I BatteryMgr:DataCollectionService: stats => 1689064155127,-262695,4214
07-11 10:29:15.129 17053 17147 I BatteryMgr:DataCollectionService: stats => 1689064155129,-262695,4214
07-11 10:29:15.131 17053 17147 I BatteryMgr:DataCollectionService: stats => 1689064155131,-262695,4214
07-11 10:29:15.133 17053 17147 I BatteryMgr:DataCollectionService: stats => 1689064155133,-262695,4214
07-11 10:29:15.136 17053 17147 I BatteryMgr:DataCollectionService: stats => 1689064155136,-262695,4214
07-11 10:29:15.138 17053 17147 I BatteryMgr:DataCollectionService: stats => 1689064155138,-262695,4214
07-11 10:29:15.141 17053 17147 I BatteryMgr:DataCollectionService: stats => 1689064155141,-262695,4214
07-11 10:29:15.143 17053 17147 I BatteryMgr:DataCollectionService: stats => 1689064155143,-262695,4214
07-11 10:29:15.144 17053 17147 I BatteryMgr:DataCollectionService: stats => 1689064155144,-262695,4214
07-11 10:29:15.146 17053 17147 I BatteryMgr:DataCollectionService: stats => 1689064155146,-262695,4214
07-11 10:29:15.148 17053 17147 I BatteryMgr:DataCollectionService: stats => 1689064155148,-262695,4214
07-11 10:29:15.150 17053 17147 I BatteryMgr:DataCollectionService: stats => 1689064155150,-262695,4214
07-11 10:29:15.152 17053 17147 I BatteryMgr:DataCollectionService: stats => 1689064155152,-262695,4214
07-11 10:29:15.154 17053 17147 I BatteryMgr:DataCollectionService: stats => 1689064155154,-262695,4214
07-11 10:29:15.156 17053 17147 I BatteryMgr:DataCollectionService: stats => 1689064155156,-262695,4214
07-11 10:29:15.159 17053 17147 I BatteryMgr:DataCollectionService: stats => 1689064155159,-262695,4214
07-11 10:29:15.160 17053 17147 I BatteryMgr:DataCollectionService: stats => 1689064155160,-262695,4214
07-11 10:29:15.162 17053 17147 I BatteryMgr:DataCollectionService: stats => 1689064155162,-262695,4214
07-11 10:29:15.164 17053 17147 I BatteryMgr:DataCollectionService: stats => 1689064155164,-262695,4214
07-11 10:29:15.166 17053 17147 I BatteryMgr:DataCollectionService: stats => 1689064155166,-262695,4214
07-11 10:29:15.167 17053 17147 I BatteryMgr:DataCollectionService: stats => 1689064155167,-262695,4214
07-11 10:29:15.168 17053 17147 I BatteryMgr:DataCollectionService: stats => 1689064155168,-262695,4214
07-11 10:29:15.170 17053 17147 I BatteryMgr:DataCollectionService: stats => 1689064155170,-262695,4214
07-11 10:29:15.173 17053 17147 I BatteryMgr:DataCollectionService: stats => 1689064155173,-262695,4214
07-11 10:29:15.175 17053 17147 I BatteryMgr:DataCollectionService: stats => 1689064155175,-262695,4214
07-11 10:29:15.177 17053 17147 I BatteryMgr:DataCollectionService: stats => 1689064155177,-262695,4214
07-11 10:29:15.179 17053 17147 I BatteryMgr:DataCollectionService: stats => 1689064155179,-262695,4214
07-11 10:29:15.180 17053 17147 I BatteryMgr:DataCollectionService: stats => 1689064155180,-262695,4214
07-11 10:29:15.182 17053 17147 I BatteryMgr:DataCollectionService: stats => 1689064155182,-262695,4214
07-11 10:29:15.184 17053 17147 I BatteryMgr:DataCollectionService: stats => 1689064155184,-262695,4214
07-11 10:29:15.185 17053 17147 I BatteryMgr:DataCollectionService: stats => 1689064155185,-262695,4214
07-11 10:29:15.187 17053 17147 I BatteryMgr:DataCollectionService: stats => 1689064155187,-262695,4214
07-11 10:29:15.189 17053 17147 I BatteryMgr:DataCollectionService: stats => 1689064155189,-262695,4214
07-11 10:29:15.192 17053 17147 I BatteryMgr:DataCollectionService: stats => 1689064155192,-262695,4214
07-11 10:29:15.195 17053 17147 I BatteryMgr:DataCollectionService: stats => 1689064155195,-262695,4214
07-11 10:29:15.197 17053 17147 I BatteryMgr:DataCollectionService: stats => 1689064155197,-262695,4214
07-11 10:29:15.199 17053 17147 I BatteryMgr:DataCollectionService: stats => 1689064155199,-262695,4214
07-11 10:29:15.201 17053 17147 I BatteryMgr:DataCollectionService: stats => 1689064155201,-262695,4214
07-11 10:29:15.203 17053 17147 I BatteryMgr:DataCollectionService: stats => 1689064155203,-262695,4214
07-11 10:29:15.205 17053 17147 I BatteryMgr:DataCollectionService: stats => 1689064155205,-262695,4214
07-11 10:29:15.207 17053 17147 I BatteryMgr:DataCollectionService: stats => 1689064155207,-262695,4214
07-11 10:29:15.209 17053 17147 I BatteryMgr:DataCollectionService: stats => 1689064155209,-262695,4214
07-11 10:29:15.212 17053 17147 I BatteryMgr:DataCollectionService: stats => 1689064155212,-262695,4214
07-11 10:29:15.214 17053 17147 I BatteryMgr:DataCollectionService: stats => 1689064155214,-262695,4214
07-11 10:29:15.216 17053 17147 I BatteryMgr:DataCollectionService: stats => 1689064155215,-262695,4214
07-11 10:29:15.217 17053 17147 I BatteryMgr:DataCollectionService: stats => 1689064155217,-262695,4214
07-11 10:29:15.219 17053 17147 I BatteryMgr:DataCollectionService: stats => 1689064155219,-262695,4214
07-11 10:29:15.221 17053 17147 I BatteryMgr:DataCollectionService: stats => 1689064155221,-262695,4214
07-11 10:29:15.223 17053 17147 I BatteryMgr:DataCollectionService: stats => 1689064155223,-262695,4214
07-11 10:29:15.225 17053 17147 I BatteryMgr:DataCollectionService: stats => 1689064155225,-262695,4214
07-11 10:29:15.227 17053 17147 I BatteryMgr:DataCollectionService: stats => 1689064155227,-262695,4214
07-11 10:29:15.229 17053 17147 I BatteryMgr:DataCollectionService: stats => 1689064155229,-262695,4214
07-11 10:29:15.231 17053 17147 I BatteryMgr:DataCollectionService: stats => 1689064155231,-262695,4214
07-11 10:29:15.233 17053 17147 I BatteryMgr:DataCollectionService: stats => 1689064155232,-262695,4214
07-11 10:29:15.234 17053 17147 I BatteryMgr:DataCollectionService: stats => 1689064155234,-262695,4214
07-11 10:29:15.236 17053 17147 I BatteryMgr:DataCollectionService: stats => 1689064155236,-262695,4214
07-11 10:29:15.237 17053 17147 I BatteryMgr:DataCollectionService: stats => 1689064155237,-262695,4214
07-11 10:29:15.239 17053 17147 I BatteryMgr:DataCollectionService: stats => 1689064155239,-262695,4214
07-11 10:29:15.240 17053 17147 I BatteryMgr:DataCollectionService: stats => 1689064155240,-262695,4214
07-11 10:29:15.243 17053 17147 I BatteryMgr:DataCollectionService: stats => 1689064155243,-262695,4214
07-11 10:29:15.246 17053 17147 I BatteryMgr:DataCollectionService: stats => 1689064155246,-262695,4214
07-11 10:29:15.248 17053 17147 I BatteryMgr:DataCollectionService: stats => 1689064155248,-262695,4214
07-11 10:29:15.249 17053 17147 I BatteryMgr:DataCollectionService: stats => 1689064155249,-262695,4214
07-11 10:29:15.251 17053 17147 I BatteryMgr:DataCollectionService: stats => 1689064155251,-262695,4214
07-11 10:29:15.252 17053 17147 I BatteryMgr:DataCollectionService: stats => 1689064155252,-262695,4214
07-11 10:29:15.253 17053 17147 I BatteryMgr:DataCollectionService: stats => 1689064155253,-262695,4214
07-11 10:29:15.255 17053 17147 I BatteryMgr:DataCollectionService: stats => 1689064155255,-262695,4214
07-11 10:29:15.256 17053 17147 I BatteryMgr:DataCollectionService: stats => 1689064155256,-262695,4214
07-11 10:29:15.258 17053 17147 I BatteryMgr:DataCollectionService: stats => 1689064155258,-262695,4214
07-11 10:29:15.260 17053 17147 I BatteryMgr:DataCollectionService: stats => 1689064155260,-262695,4214
07-11 10:29:15.262 17053 17147 I BatteryMgr:DataCollectionService: stats => 1689064155262,-262695,4214
07-11 10:29:15.265 17053 17147 I BatteryMgr:DataCollectionService: stats => 1689064155264,-262695,4214
07-11 10:29:15.266 17053 17147 I BatteryMgr:DataCollectionService: stats => 1689064155266,-262695,4214
07-11 10:29:15.268 17053 17147 I BatteryMgr:DataCollectionService: stats => 1689064155268,-262695,4214
07-11 10:29:15.270 17053 17147 I BatteryMgr:DataCollectionService: stats => 1689064155270,-262695,4214
07-11 10:29:15.271 17053 17147 I BatteryMgr:DataCollectionService: stats => 1689064155271,-262695,4214
07-11 10:29:15.272 17053 17147 I BatteryMgr:DataCollectionService: stats => 1689064155272,-262695,4214
07-11 10:29:15.274 17053 17147 I BatteryMgr:DataCollectionService: stats => 1689064155274,-262695,4214
07-11 10:29:15.275 17053 17147 I BatteryMgr:DataCollectionService: stats => 1689064155275,-262695,4214
07-11 10:29:15.278 17053 17147 I BatteryMgr:DataCollectionService: stats => 1689064155277,-262695,4214
07-11 10:29:15.280 17053 17147 I BatteryMgr:DataCollectionService: stats => 1689064155280,-262695,4214
07-11 10:29:15.283 17053 17147 I BatteryMgr:DataCollectionService: stats => 1689064155283,-262695,4214
07-11 10:29:15.285 17053 17147 I BatteryMgr:DataCollectionService: stats => 1689064155285,-262695,4214
07-11 10:29:15.287 17053 17147 I BatteryMgr:DataCollectionService: stats => 1689064155287,-262695,4214
07-11 10:29:15.290 17053 17147 I BatteryMgr:DataCollectionService: stats => 1689064155290,-262695,4214
07-11 10:29:15.291 17053 17147 I BatteryMgr:DataCollectionService: stats => 1689064155291,-262695,4214
07-11 10:29:15.294 17053 17147 I BatteryMgr:DataCollectionService: stats => 1689064155294,-262695,4214
07-11 10:29:15.296 17053 17147 I BatteryMgr:DataCollectionService: stats => 1689064155296,-262695,4214
07-11 10:29:15.300 17053 17147 I BatteryMgr:DataCollectionService: stats => 1689064155300,-262695,4214
07-11 10:29:15.302 17053 17147 I BatteryMgr:DataCollectionService: stats => 1689064155302,-262695,4214
07-11 10:29:15.303 17053 17147 I BatteryMgr:DataCollectionService: stats => 1689064155303,-262695,4214
07-11 10:29:15.305 17053 17147 I BatteryMgr:DataCollectionService: stats => 1689064155305,-262695,4214
07-11 10:29:15.306 17053 17147 I BatteryMgr:DataCollectionService: stats => 1689064155306,-262695,4214
07-11 10:29:15.308 17053 17147 I BatteryMgr:DataCollectionService: stats => 1689064155308,-262695,4214
07-11 10:29:15.309 17053 17147 I BatteryMgr:DataCollectionService: stats => 1689064155309,-262695,4214
07-11 10:29:15.311 17053 17147 I BatteryMgr:DataCollectionService: stats => 1689064155311,-262695,4214
07-11 10:29:15.314 17053 17147 I BatteryMgr:DataCollectionService: stats => 1689064155314,-262695,4214
07-11 10:29:15.317 17053 17147 I BatteryMgr:DataCollectionService: stats => 1689064155317,-262695,4214
07-11 10:29:15.319 17053 17147 I BatteryMgr:DataCollectionService: stats => 1689064155319,-262695,4214
07-11 10:29:15.321 17053 17147 I BatteryMgr:DataCollectionService: stats => 1689064155321,-262695,4214
07-11 10:29:15.323 17053 17147 I BatteryMgr:DataCollectionService: stats => 1689064155323,-262695,4214
07-11 10:29:15.324 17053 17147 I BatteryMgr:DataCollectionService: stats => 1689064155324,-262695,4214
07-11 10:29:15.326 17053 17147 I BatteryMgr:DataCollectionService: stats => 1689064155326,-262695,4214
07-11 10:29:15.328 17053 17147 I BatteryMgr:DataCollectionService: stats => 1689064155328,-262695,4214
07-11 10:29:15.330 17053 17147 I BatteryMgr:DataCollectionService: stats => 1689064155330,-262695,4214
07-11 10:29:15.332 17053 17147 I BatteryMgr:DataCollectionService: stats => 1689064155332,-262695,4214
07-11 10:29:15.335 17053 17147 I BatteryMgr:DataCollectionService: stats => 1689064155335,-262695,4214
07-11 10:29:15.337 17053 17147 I BatteryMgr:DataCollectionService: stats => 1689064155337,-262695,4214
07-11 10:29:15.339 17053 17147 I BatteryMgr:DataCollectionService: stats => 1689064155339,-262695,4214
07-11 10:29:15.341 17053 17147 I BatteryMgr:DataCollectionService: stats => 1689064155341,-262695,4214
07-11 10:29:15.345 17053 17147 I BatteryMgr:DataCollectionService: stats => 1689064155344,-262695,4214
07-11 10:29:15.347 17053 17147 I BatteryMgr:DataCollectionService: stats => 1689064155347,-262695,4214
07-11 10:29:15.350 17053 17147 I BatteryMgr:DataCollectionService: stats => 1689064155350,-262695,4214
07-11 10:29:15.353 17053 17147 I BatteryMgr:DataCollectionService: stats => 1689064155353,-262695,4214
07-11 10:29:15.355 17053 17147 I BatteryMgr:DataCollectionService: stats => 1689064155355,-262695,4214
07-11 10:29:15.357 17053 17147 I BatteryMgr:DataCollectionService: stats => 1689064155357,-262695,4214
07-11 10:29:15.359 17053 17147 I BatteryMgr:DataCollectionService: stats => 1689064155359,-262695,4214
07-11 10:29:15.361 17053 17147 I BatteryMgr:DataCollectionService: stats => 1689064155361,-262695,4214
07-11 10:29:15.362 17053 17147 I BatteryMgr:DataCollectionService: stats => 1689064155362,-262695,4214
07-11 10:29:15.364 17053 17147 I BatteryMgr:DataCollectionService: stats => 1689064155364,-262695,4214
07-11 10:29:15.370 17053 17147 I BatteryMgr:DataCollectionService: stats => 1689064155370,-262695,4214
07-11 10:29:15.379 17053 17147 I BatteryMgr:DataCollectionService: stats => 1689064155379,-262695,4214
07-11 10:29:15.381 17053 17147 I BatteryMgr:DataCollectionService: stats => 1689064155381,-262695,4214
07-11 10:29:15.384 17053 17147 I BatteryMgr:DataCollectionService: stats => 1689064155384,-262695,4214
07-11 10:29:15.387 17053 17147 I BatteryMgr:DataCollectionService: stats => 1689064155387,-262695,4214
07-11 10:29:15.390 17053 17147 I BatteryMgr:DataCollectionService: stats => 1689064155390,-262695,4214
07-11 10:29:15.392 17053 17147 I BatteryMgr:DataCollectionService: stats => 1689064155392,-262695,4214
07-11 10:29:15.394 17053 17147 I BatteryMgr:DataCollectionService: stats => 1689064155394,-262695,4214
07-11 10:29:15.396 17053 17147 I BatteryMgr:DataCollectionService: stats => 1689064155396,-262695,4214
07-11 10:29:15.398 17053 17147 I BatteryMgr:DataCollectionService: stats => 1689064155398,-262695,4214
07-11 10:29:15.401 17053 17147 I BatteryMgr:DataCollectionService: stats => 1689064155401,-262695,4214
07-11 10:29:15.405 17053 17147 I BatteryMgr:DataCollectionService: stats => 1689064155405,-262695,4214
07-11 10:29:15.408 17053 17147 I BatteryMgr:DataCollectionService: stats => 1689064155407,-262695,4214
07-11 10:29:15.410 17053 17147 I BatteryMgr:DataCollectionService: stats => 1689064155410,-262695,4214
07-11 10:29:15.412 17053 17147 I BatteryMgr:DataCollectionService: stats => 1689064155412,-262695,4214
07-11 10:29:15.414 17053 17147 I BatteryMgr:DataCollectionService: stats => 1689064155414,-262695,4214
07-11 10:29:15.416 17053 17147 I BatteryMgr:DataCollectionService: stats => 1689064155416,-262695,4214
07-11 10:29:15.419 17053 17147 I BatteryMgr:DataCollectionService: stats => 1689064155419,-262695,4214
07-11 10:29:15.422 17053 17147 I BatteryMgr:DataCollectionService: stats => 1689064155422,-262695,4214
07-11 10:29:15.425 17053 17147 I BatteryMgr:DataCollectionService: stats => 1689064155425,-262695,4214
07-11 10:29:15.427 17053 17147 I BatteryMgr:DataCollectionService: stats => 1689064155427,-262695,4214
07-11 10:29:15.429 17053 17147 I BatteryMgr:DataCollectionService: stats => 1689064155429,-262695,4214
07-11 10:29:15.431 17053 17147 I BatteryMgr:DataCollectionService: stats => 1689064155431,-262695,4214
07-11 10:29:15.434 17053 17147 I BatteryMgr:DataCollectionService: stats => 1689064155434,-262695,4214
07-11 10:29:15.438 17053 17147 I BatteryMgr:DataCollectionService: stats => 1689064155437,-262695,4214
07-11 10:29:15.442 17053 17147 I BatteryMgr:DataCollectionService: stats => 1689064155442,-262695,4214
07-11 10:29:15.445 17053 17147 I BatteryMgr:DataCollectionService: stats => 1689064155445,-262695,4214
07-11 10:29:15.448 17053 17147 I BatteryMgr:DataCollectionService: stats => 1689064155448,-262695,4214
07-11 10:29:15.451 17053 17147 I BatteryMgr:DataCollectionService: stats => 1689064155451,-262695,4214
07-11 10:29:15.455 17053 17147 I BatteryMgr:DataCollectionService: stats => 1689064155455,-262695,4214
07-11 10:29:15.459 17053 17147 I BatteryMgr:DataCollectionService: stats => 1689064155459,-262695,4214
07-11 10:29:15.473 17053 17147 I BatteryMgr:DataCollectionService: stats => 1689064155473,-262695,4214
07-11 10:29:15.478 17053 17147 I BatteryMgr:DataCollectionService: stats => 1689064155478,-262695,4214
07-11 10:29:15.483 17053 17147 I BatteryMgr:DataCollectionService: stats => 1689064155483,-262695,4214
07-11 10:29:15.487 17053 17147 I BatteryMgr:DataCollectionService: stats => 1689064155487,-262695,4214
07-11 10:29:15.495 17053 17147 I BatteryMgr:DataCollectionService: stats => 1689064155494,-262695,4214
07-11 10:29:15.499 17053 17147 I BatteryMgr:DataCollectionService: stats => 1689064155498,-262695,4214
07-11 10:29:15.502 17053 17147 I BatteryMgr:DataCollectionService: stats => 1689064155501,-262695,4214
07-11 10:29:15.505 17053 17147 I BatteryMgr:DataCollectionService: stats => 1689064155505,-262695,4214
07-11 10:29:15.510 17053 17147 I BatteryMgr:DataCollectionService: stats => 1689064155510,-262695,4214
07-11 10:29:15.514 17053 17147 I BatteryMgr:DataCollectionService: stats => 1689064155513,-262695,4214
07-11 10:29:15.516 17053 17147 I BatteryMgr:DataCollectionService: stats => 1689064155516,-262695,4214
07-11 10:29:15.518 17053 17147 I BatteryMgr:DataCollectionService: stats => 1689064155518,-262695,4214
07-11 10:29:15.521 17053 17147 I BatteryMgr:DataCollectionService: stats => 1689064155521,-262695,4214
07-11 10:29:15.523 17053 17147 I BatteryMgr:DataCollectionService: stats => 1689064155523,-262695,4214
07-11 10:29:15.529 17053 17147 I BatteryMgr:DataCollectionService: stats => 1689064155529,-262695,4214
07-11 10:29:15.532 17053 17147 I BatteryMgr:DataCollectionService: stats => 1689064155532,-262695,4214
07-11 10:29:15.535 17053 17147 I BatteryMgr:DataCollectionService: stats => 1689064155535,-262695,4214
07-11 10:29:15.537 17053 17147 I BatteryMgr:DataCollectionService: stats => 1689064155537,-262695,4214
07-11 10:29:15.539 17053 17147 I BatteryMgr:DataCollectionService: stats => 1689064155539,-262695,4214
07-11 10:29:15.543 17053 17147 I BatteryMgr:DataCollectionService: stats => 1689064155543,-262695,4214
07-11 10:29:15.549 17053 17147 I BatteryMgr:DataCollectionService: stats => 1689064155548,-262695,4214
