--------- beginning of main
07-03 22:49:26.082 30935 30935 D ProcessState: Binder ioctl to enable oneway spam detection failed: Invalid argument
--------- beginning of system
07-03 22:49:26.087  1871  7166 I ActivityTaskManager: START u0 {act=android.intent.action.MAIN cat=[android.intent.category.LAUNCHER] flg=0x10000000 cmp=com.example.batterymanager_utility/.MainActivity} from uid 2000
07-03 22:49:26.091  1871  7166 W ActivityTaskManager: Can't find TaskDisplayArea to determine support for multi window. Task id=167 attached=false
07-03 22:49:26.095  1871  7166 D CompatibilityChangeReporter: Compat change id reported: 174042980; UID 10232; state: DISABLED
07-03 22:49:26.095  1871  7166 D CompatibilityChangeReporter: Compat change id reported: 184838306; UID 10232; state: DISABLED
07-03 22:49:26.096  1871  7166 D CompatibilityChangeReporter: Compat change id reported: 185004937; UID 10232; state: DISABLED
07-03 22:49:26.110  1871  1997 W ActivityManager: ProcessRecord{e7f48c5 0:com.example.batterymanager_utility/u0a232}: ART verification disabled
07-03 22:49:26.110  1871  1997 D CompatibilityChangeReporter: Compat change id reported: 135634846; UID 10232; state: DISABLED
07-03 22:49:26.110  1871  1997 D CompatibilityChangeReporter: Compat change id reported: 177438394; UID 10232; state: DISABLED
07-03 22:49:26.110  1871  1997 D CompatibilityChangeReporter: Compat change id reported: 135772972; UID 10232; state: DISABLED
07-03 22:49:26.110  1871  1997 D CompatibilityChangeReporter: Compat change id reported: 135754954; UID 10232; state: ENABLED
07-03 22:49:26.111  1871  2012 D CompatibilityChangeReporter: Compat change id reported: 143937733; UID 10232; state: ENABLED
07-03 22:49:26.116  1233  1233 D Zygote  : Forked child process 30938
07-03 22:49:26.117  1871  2012 I ActivityManager: Start proc 30938:com.example.batterymanager_utility/u0a232 for pre-top-activity {com.example.batterymanager_utility/com.example.batterymanager_utility.MainActivity}
07-03 22:49:26.126 30938 30938 I manager_utilit: Late-enabling -Xcheck:jni
07-03 22:49:26.157 30938 30938 I manager_utilit: Using CollectorTypeCC GC.
07-03 22:49:26.161 23348 23356 I adbd    : jdwp connection from 30938
07-03 22:49:26.163 30938 30938 D ProcessState: Binder ioctl to enable oneway spam detection failed: Invalid argument
07-03 22:49:26.172 30938 30938 D CompatibilityChangeReporter: Compat change id reported: 171979766; UID 10232; state: ENABLED
07-03 22:49:26.178 30938 30938 W ziparchive: Unable to open '/data/app/~~i-njUkeT9ne5S_omxdEW5Q==/com.example.batterymanager_utility-3J55ZYK1J04mG9z2McAsfg==/base.dm': No such file or directory
07-03 22:49:26.178 30938 30938 W ziparchive: Unable to open '/data/app/~~i-njUkeT9ne5S_omxdEW5Q==/com.example.batterymanager_utility-3J55ZYK1J04mG9z2McAsfg==/base.dm': No such file or directory
07-03 22:49:26.203  3838  3838 I A       : onPause
07-03 22:49:26.206  3554  3554 I GsaVoiceInteractionSrv: Handling ACTION_STOP_HOTWORD
07-03 22:49:26.219 30940 30940 D AndroidRuntime: >>>>>> START com.android.internal.os.RuntimeInit uid 2000 <<<<<<
07-03 22:49:26.223 30940 30940 I AndroidRuntime: Using default boot image
07-03 22:49:26.223 30940 30940 I AndroidRuntime: Leaving lock profiling enabled
07-03 22:49:26.217 30940 30940 W app_process: type=1400 audit(0.0:212): avc: denied { read } for name="u:object_r:odsign_prop:s0" dev="tmpfs" ino=24166 scontext=u:r:shell:s0 tcontext=u:object_r:odsign_prop:s0 tclass=file permissive=0
07-03 22:49:26.223 30940 30940 W libc    : Access denied finding property "odsign.verification.success"
07-03 22:49:26.226 30940 30940 W app_process: ART APEX data files are untrusted.
07-03 22:49:26.227 30940 30940 I app_process: Using CollectorTypeCC GC.
07-03 22:49:26.227 30940 30940 E app_process: Error reading named image component header for /system/framework/boot.art, error: Unable to open file "/system/framework/arm64/boot.art" for reading image header
07-03 22:49:26.244 30957 30957 W dex2oat64: Mismatch between dex2oat instruction set features to use (ISA: Arm64 Feature string: -a53,crc,lse,fp16,-dotprod,-sve) and those from CPP defines (ISA: Arm64 Feature string: -a53,-crc,-lse,-fp16,-dotprod,-sve) for the command line:
07-03 22:49:26.244 30957 30957 W dex2oat64: /apex/com.android.art/bin/dex2oat64 --runtime-arg -Xbootclasspath:/apex/com.android.art/javalib/core-oj.jar:/apex/com.android.art/javalib/core-libart.jar:/apex/com.android.art/javalib/okhttp.jar:/apex/com.android.art/javalib/bouncycastle.jar:/apex/com.android.art/javalib/apache-xml.jar:/system/framework/framework.jar:/system/framework/framework-graphics.jar:/system/framework/ext.jar:/system/framework/telephony-common.jar:/system/framework/voip-common.jar:/system/framework/ims-common.jar:/apex/com.android.i18n/javalib/core-icu4j.jar --runtime-arg -Xbootclasspath-locations:/apex/com.android.art/javalib/core-oj.jar:/apex/com.android.art/javalib/core-libart.jar:/apex/com.android.art/javalib/okhttp.jar:/apex/com.android.art/javalib/bouncycastle.jar:/apex/com.android.art/javalib/apache-xml.jar:/system/framework/framework.jar:/system/framework/framework-graphics.jar:/system/framework/ext.jar:/system/framework/telephony-common.jar:/system/framework/voip-common.jar:/system/framework/ims-common.jar:/apex/com.android.i18n/javalib/core-icu4j.jar --base=0x70000000 --dex-file=/apex/com.android.art/javalib/core-oj.jar --dex-location=/apex/com.android.art/javalib/core-oj.jar --dex-file=/apex/com.android.art/javalib/core-libart.jar --dex-location=/apex/com.android.art/javalib/core-libart.jar --dex-file=/apex/com.android.art/javalib/okhttp.jar --dex-location=/apex/com.android.art/javalib/okhttp.jar --dex-file=/apex/com.android.art/javalib/bouncycastle.jar --dex-location=/apex/com.android.art/javalib/bouncycastle.jar --dex-file=/apex/com.android.art/javalib/apache-xml.jar --dex-location=/apex/com.android.art/javalib/apache-xml.jar --dex-file=/system/framework/framework.jar --dex-location=/system/framework/framework.jar --dex-file=/system/framework/framework-graphics.jar --dex-location=/system/framework/framework-graphics.jar --dex-file=/system/framework/ext.jar --dex-location=/system/framework/ext.jar --dex-file=/system/framework/telephony-common.jar --dex-location=/system/framework/telephony-common.jar --dex-file=/system/framework/voip-common.jar --dex-location=/system/framework/voip-common.jar --dex-file=/system/framework/ims-common.jar --dex-location=/system/framework/ims-common.jar --dex-file=/apex/com.android.i18n/javalib/core-icu4j.jar --dex-location=/apex/com.android.i18n/javalib/core-icu4j.jar --image-fd=5 --output-vdex-fd=6 --oat-fd=7 --oat-location=/system/framework/arm64/boot.oat --single-image --image-format=uncompressed --compiler-filter=verify --profile-file=/apex/com.android.art/etc/boot-image.prof --profile-file=/system/etc/boot-image.prof --avoid-storing-invocation --instruction-set=arm64 --instruction-set-features=runtime --runtime-arg -Xms64m --runtime-arg -Xmx64m --dirty-image-objects=/system/etc/dirty-image-objects --instruction-set-variant=kryo385 --instruction-set-features=default --generate-mini-debug-info
07-03 22:49:26.256 30938 30938 D nativeloader: Configuring classloader-namespace for other apk /data/app/~~i-njUkeT9ne5S_omxdEW5Q==/com.example.batterymanager_utility-3J55ZYK1J04mG9z2McAsfg==/base.apk. target_sdk_version=33, uses_libraries=, library_path=/data/app/~~i-njUkeT9ne5S_omxdEW5Q==/com.example.batterymanager_utility-3J55ZYK1J04mG9z2McAsfg==/lib/arm64, permitted_path=/data:/mnt/expand:/data/user/0/com.example.batterymanager_utility
07-03 22:49:26.263 30957 30957 I dex2oat64: /apex/com.android.art/bin/dex2oat64 --runtime-arg -Xbootclasspath:/apex/com.android.art/javalib/core-oj.jar:/apex/com.android.art/javalib/core-libart.jar:/apex/com.android.art/javalib/okhttp.jar:/apex/com.android.art/javalib/bouncycastle.jar:/apex/com.android.art/javalib/apache-xml.jar:/system/framework/framework.jar:/system/framework/framework-graphics.jar:/system/framework/ext.jar:/system/framework/telephony-common.jar:/system/framework/voip-common.jar:/system/framework/ims-common.jar:/apex/com.android.i18n/javalib/core-icu4j.jar --runtime-arg -Xbootclasspath-locations:/apex/com.android.art/javalib/core-oj.jar:/apex/com.android.art/javalib/core-libart.jar:/apex/com.android.art/javalib/okhttp.jar:/apex/com.android.art/javalib/bouncycastle.jar:/apex/com.android.art/javalib/apache-xml.jar:/system/framework/framework.jar:/system/framework/framework-graphics.jar:/system/framework/ext.jar:/system/framework/telephony-common.jar:/system/framework/voip-common.jar:/system/framework/ims-common.jar:/apex/com.android.i18n/javalib/core-icu4j.jar --base=0x70000000 --dex-file=/apex/com.android.art/javalib/core-oj.jar --dex-location=/apex/com.android.art/javalib/core-oj.jar --dex-file=/apex/com.android.art/javalib/core-libart.jar --dex-location=/apex/com.android.art/javalib/core-libart.jar --dex-file=/apex/com.android.art/javalib/okhttp.jar --dex-location=/apex/com.android.art/javalib/okhttp.jar --dex-file=/apex/com.android.art/javalib/bouncycastle.jar --dex-location=/apex/com.android.art/javalib/bouncycastle.jar --dex-file=/apex/com.android.art/javalib/apache-xml.jar --dex-location=/apex/com.android.art/javalib/apache-xml.jar --dex-file=/system/framework/framework.jar --dex-location=/system/framework/framework.jar --dex-file=/system/framework/framework-graphics.jar --dex-location=/system/framework/framework-graphics.jar --dex-file=/system/framework/ext.jar --dex-location=/system/framework/ext.jar --dex-file=/system/framework/telephony-common.jar --dex-location=/system/framework/telephony-common.jar --dex-file=/system/framework/voip-common.jar --dex-location=/system/framework/voip-common.jar --dex-file=/system/framework/ims-common.jar --dex-location=/system/framework/ims-common.jar --dex-file=/apex/com.android.i18n/javalib/core-icu4j.jar --dex-location=/apex/com.android.i18n/javalib/core-icu4j.jar --image-fd=5 --output-vdex-fd=6 --oat-fd=7 --oat-location=/system/framework/arm64/boot.oat --single-image --image-format=uncompressed --compiler-filter=verify --profile-file=/apex/com.android.art/etc/boot-image.prof --profile-file=/system/etc/boot-image.prof --avoid-storing-invocation --instruction-set=arm64 --instruction-set-features=runtime --runtime-arg -Xms64m --runtime-arg -Xmx64m --dirty-image-objects=/system/etc/dirty-image-objects --instruction-set-variant=kryo385 --instruction-set-features=default --generate-mini-debug-info
07-03 22:49:26.264 30938 30938 V GraphicsEnvironment: ANGLE Developer option for 'com.example.batterymanager_utility' set to: 'default'
07-03 22:49:26.264 30938 30938 V GraphicsEnvironment: App is not on the allowlist for updatable production driver.
07-03 22:49:26.264 30957 30957 I dex2oat64: setting boot class path to /apex/com.android.art/javalib/core-oj.jar:/apex/com.android.art/javalib/core-libart.jar:/apex/com.android.art/javalib/okhttp.jar:/apex/com.android.art/javalib/bouncycastle.jar:/apex/com.android.art/javalib/apache-xml.jar:/system/framework/framework.jar:/system/framework/framework-graphics.jar:/system/framework/ext.jar:/system/framework/telephony-common.jar:/system/framework/voip-common.jar:/system/framework/ims-common.jar:/apex/com.android.i18n/javalib/core-icu4j.jar
07-03 22:49:26.265 30938 30938 D NetworkSecurityConfig: No Network Security Config specified, using platform default
07-03 22:49:26.266 30938 30938 D NetworkSecurityConfig: No Network Security Config specified, using platform default
07-03 22:49:26.270 30938 30938 I BatteryMgr:App: creating notification channel
07-03 22:49:26.394  2526  2526 I WallpaperService: engine paused
07-03 22:49:26.407  1871  1998 D CompatibilityChangeReporter: Compat change id reported: 158002302; UID 10232; state: ENABLED
07-03 22:49:26.409 30938 30960 I AdrenoGLES-0: QUALCOMM build                   : 781e7d0, I46ff5fc46f
07-03 22:49:26.409 30938 30960 I AdrenoGLES-0: Build Date                       : 12/01/20
07-03 22:49:26.409 30938 30960 I AdrenoGLES-0: OpenGL ES Shader Compiler Version: EV031.31.04.01
07-03 22:49:26.409 30938 30960 I AdrenoGLES-0: Local Branch                     : QPR1
07-03 22:49:26.409 30938 30960 I AdrenoGLES-0: Remote Branch                    : 
07-03 22:49:26.409 30938 30960 I AdrenoGLES-0: Remote Branch                    : 
07-03 22:49:26.409 30938 30960 I AdrenoGLES-0: Reconstruct Branch               : 
07-03 22:49:26.409 30938 30960 I AdrenoGLES-0: Build Config                     : C P 11.0.1 AArch64
07-03 22:49:26.409 30938 30960 I AdrenoGLES-0: Driver Path                      : /vendor/lib64/egl/libGLESv2_adreno.so
07-03 22:49:26.411 30938 30960 I AdrenoGLES-0: PFP: 0x016ee190, ME: 0x00000000
07-03 22:49:26.413 30938 30960 W AdrenoUtils: <ReadGpuID_from_sysfs:197>: Failed to open /sys/class/kgsl/kgsl-3d0/gpu_model
07-03 22:49:26.413 30938 30960 W AdrenoUtils: <ReadGpuID:221>: Failed to read chip ID from gpu_model. Fallback to use the GSL path
07-03 22:49:26.419   743   743 I SDM     : HWCDisplay::GetColorModeCount: Supported color mode count = 5
07-03 22:49:26.419   741  1062 E HWComposer: getSupportedContentTypes: getSupportedContentTypes failed for display 0: Unsupported (8)
07-03 22:49:26.419 30938 30960 D hw-ProcessState: Binder ioctl to enable oneway spam detection failed: Invalid argument
07-03 22:49:26.421   689   689 I hwservicemanager: getTransport: Cannot find entry android.hardware.graphics.mapper@4.0::IMapper/default in either framework or device VINTF manifest.
07-03 22:49:26.421 30938 30963 I Gralloc4: mapper 4.x is not supported
07-03 22:49:26.421   689   689 I hwservicemanager: getTransport: Cannot find entry android.hardware.graphics.mapper@3.0::IMapper/default in either framework or device VINTF manifest.
07-03 22:49:26.421 30938 30963 W Gralloc3: mapper 3.x is not supported
07-03 22:49:26.422   689   689 I hwservicemanager: getTransport: Cannot find entry android.hardware.graphics.allocator@4.0::IAllocator/default in either framework or device VINTF manifest.
07-03 22:49:26.422 30938 30963 W Gralloc4: allocator 4.x is not supported
07-03 22:49:26.422   689   689 I hwservicemanager: getTransport: Cannot find entry android.hardware.graphics.allocator@3.0::IAllocator/default in either framework or device VINTF manifest.
07-03 22:49:26.423 30938 30963 W Gralloc3: allocator 3.x is not supported
07-03 22:49:26.437  1871  1990 W ziparchive: Unable to open '/data/app/~~i-njUkeT9ne5S_omxdEW5Q==/com.example.batterymanager_utility-3J55ZYK1J04mG9z2McAsfg==/base.dm': No such file or directory
07-03 22:49:26.438  1871  1990 I ActivityTaskManager: Displayed com.example.batterymanager_utility/.MainActivity: +349ms
07-03 22:49:26.451  3568  3568 I GoogleInputMethodService: GoogleInputMethodService.onFinishInput():3306 
07-03 22:49:26.451  3568  3568 I GoogleInputMethodService: GoogleInputMethodService.updateDeviceLockedStatus():2127 repeatCheckTimes = 0, locked = false
07-03 22:49:26.451  3568  3568 I GoogleInputMethodService: GoogleInputMethodService.onStartInput():1909 onStartInput(EditorInfo{inputType=0x0(NULL) imeOptions=0x0 privateImeOptions=null actionName=UNSPECIFIED actionLabel=null actionId=0 initialSelStart=-1 initialSelEnd=-1 initialCapsMode=0x0 hintText=null label=null packageName=com.example.batterymanager_utility fieldId=-1 fieldName=null extras=null hintLocales=[]}, false)
07-03 22:49:26.451  3568  3568 I GoogleInputMethodService: GoogleInputMethodService.shouldHideHeaderOnInitialState():1990 ShouldHideHeaderOnInitialState = false
07-03 22:49:26.452  3568  3568 I GoogleInputMethodService: GoogleInputMethodService.updateDeviceLockedStatus():2127 repeatCheckTimes = 1, locked = false
07-03 22:49:26.455  1871  1997 W ProcessStats: Tracking association SourceState{4c56239 system/1000 BTopFgs #18267} whose proc state 2 is better than process ProcessState{ba85ac5 com.google.android.gms.persistent/10125 pkg=com.google.android.gms} proc state 3 (24 skipped)
07-03 22:49:26.455  3838  3838 I A       : onStop
07-03 22:49:26.564 30957 30957 I dex2oat64: Using CollectorTypeCC GC.
07-03 22:49:26.728  1871  4508 W InputManager-JNI: Input channel object 'a8cf12f Splash Screen com.example.batterymanager_utility (client)' was disposed without first being removed with the input manager!
07-03 22:49:28.307  1871  2252 D ConnectivityService: NetReassign [no changes] [c 0] [a 0] [i 3]
07-03 22:49:28.366 30957 30957 I dex2oat64: Explicit concurrent copying GC freed 88220(11MB) AllocSpace objects, 5(84KB) LOS objects, 27% free, 15MB/21MB, paused 20us,17us total 90.552ms
07-03 22:49:28.580 30957 30957 I dex2oat64: Explicit concurrent copying GC freed 41961(7495KB) AllocSpace objects, 0(0B) LOS objects, 41% free, 8512KB/14MB, paused 13us,12us total 43.844ms
07-03 22:49:29.043 30957 30957 I dex2oat64: dex2oat took 2.801s (5.729s cpu) (threads: 8) arena alloc=0B (0B) java alloc=8512KB (8716512B) native alloc=15MB (16513840B) free=4029KB (4125728B)
07-03 22:49:29.161 30940 30940 D app_process: Time zone APEX ICU file found: /apex/com.android.tzdata/etc/icu/icu_tzdata.dat
07-03 22:49:29.161 30940 30940 D app_process: I18n APEX ICU file found: /apex/com.android.i18n/etc/icu/icudt68l.dat
07-03 22:49:29.221 30940 30940 D ProcessState: Binder ioctl to enable oneway spam detection failed: Invalid argument
07-03 22:49:29.221 30940 30940 D AndroidRuntime: Calling main entry com.android.commands.monkey.Monkey
07-03 22:49:29.224 30940 30940 W Monkey  : args: [-p, x.intervalapp.cpufactorialtest, 1]
07-03 22:49:29.225 30940 30940 W Monkey  :  arg: "-p"
07-03 22:49:29.225 30940 30940 W Monkey  :  arg: "x.intervalapp.cpufactorialtest"
07-03 22:49:29.225 30940 30940 W Monkey  :  arg: "1"
07-03 22:49:29.225 30940 30940 W Monkey  : data="x.intervalapp.cpufactorialtest"
07-03 22:49:29.282  1871  2011 W BroadcastQueue: Skipping deliver [background] BroadcastRecord{77e88da u-1 android.net.conn.CONNECTIVITY_CHANGE} to ReceiverList{12ee10b 30940 (unknown name)/2000/u-1 remote:127bfc}: process gone or crashing
07-03 22:49:29.293  1871  4508 I ActivityTaskManager: START u0 {act=android.intent.action.MAIN cat=[android.intent.category.LAUNCHER] flg=0x10200000 cmp=x.intervalapp.cpufactorialtest/.MainActivity} from uid 2000
07-03 22:49:29.295  1871  4508 W ActivityTaskManager: Can't find TaskDisplayArea to determine support for multi window. Task id=168 attached=false
07-03 22:49:29.296  1871  4508 D CompatibilityChangeReporter: Compat change id reported: 174042980; UID 10286; state: DISABLED
07-03 22:49:29.297  1871  4508 D CompatibilityChangeReporter: Compat change id reported: 184838306; UID 10286; state: DISABLED
07-03 22:49:29.298  1871  4508 D CompatibilityChangeReporter: Compat change id reported: 185004937; UID 10286; state: DISABLED
07-03 22:49:29.300  1871  4508 D CompatibilityChangeReporter: Compat change id reported: 168419799; UID 10286; state: DISABLED
07-03 22:49:29.304 30940 30940 I Monkey  : Events injected: 1
07-03 22:49:29.312  1871  1997 W ActivityManager: ProcessRecord{da6bd3d 0:x.intervalapp.cpufactorialtest/u0a286}: ART verification disabled
07-03 22:49:29.312  1871  1997 D CompatibilityChangeReporter: Compat change id reported: 135634846; UID 10286; state: DISABLED
07-03 22:49:29.312  1871  1997 D CompatibilityChangeReporter: Compat change id reported: 177438394; UID 10286; state: DISABLED
07-03 22:49:29.312  1871  1997 D CompatibilityChangeReporter: Compat change id reported: 135772972; UID 10286; state: DISABLED
07-03 22:49:29.312  1871  1997 D CompatibilityChangeReporter: Compat change id reported: 135754954; UID 10286; state: ENABLED
07-03 22:49:29.312  1871  2012 D CompatibilityChangeReporter: Compat change id reported: 143937733; UID 10286; state: ENABLED
07-03 22:49:29.314 30940 30940 I Monkey  : ## Network stats: elapsed time=21ms (0ms mobile, 0ms wifi, 21ms not connected)
07-03 22:49:29.315 30940 30940 I app_process: System.exit called, status: 0
07-03 22:49:29.315 30940 30940 I AndroidRuntime: VM exiting with result code 0.
07-03 22:49:29.318  1233  1233 D Zygote  : Forked child process 30989
07-03 22:49:29.318  1871  2012 I ActivityManager: Start proc 30989:x.intervalapp.cpufactorialtest/u0a286 for pre-top-activity {x.intervalapp.cpufactorialtest/x.intervalapp.cpufactorialtest.MainActivity}
07-03 22:49:29.323 30989 30989 I pufactorialtes: Late-enabling -Xcheck:jni
07-03 22:49:29.336  2526  2899 W OpenGLRenderer: Surface doesn't have any previously queued frames, nothing to readback from
07-03 22:49:29.341  2526  2526 I WallpaperService: engine resumed
07-03 22:49:29.342  2526  2899 W OpenGLRenderer: Surface doesn't have any previously queued frames, nothing to readback from
07-03 22:49:29.351 30989 30989 I pufactorialtes: Using CollectorTypeCC GC.
07-03 22:49:29.355 23348 23356 I adbd    : jdwp connection from 30989
07-03 22:49:29.357 30989 30989 D ProcessState: Binder ioctl to enable oneway spam detection failed: Invalid argument
07-03 22:49:29.366 30989 30989 D CompatibilityChangeReporter: Compat change id reported: 171979766; UID 10286; state: ENABLED
07-03 22:49:29.372 30989 30989 W ziparchive: Unable to open '/data/app/~~G1lvdh0to0WumdMZlvnt2Q==/x.intervalapp.cpufactorialtest-957XYNe2dp64-YLJ57hWHA==/base.dm': No such file or directory
07-03 22:49:29.372 30989 30989 W ziparchive: Unable to open '/data/app/~~G1lvdh0to0WumdMZlvnt2Q==/x.intervalapp.cpufactorialtest-957XYNe2dp64-YLJ57hWHA==/base.dm': No such file or directory
07-03 22:49:29.400  2423  2434 W System  : A resource failed to call close. 
07-03 22:49:29.400  2423  2434 W System  : A resource failed to call close. 
07-03 22:49:29.400  2423  2434 W System  : A resource failed to call release. 
07-03 22:49:29.400  2423  2434 W System  : A resource failed to call release. 
07-03 22:49:29.401  2423  2434 W System  : A resource failed to call close. 
07-03 22:49:29.401  2423  2434 W System  : A resource failed to call release. 
07-03 22:49:29.402  2423  2434 W System  : A resource failed to call release. 
07-03 22:49:29.402  2423  2434 W System  : A resource failed to call close. 
07-03 22:49:29.402  2423  2434 W System  : A resource failed to call release. 
07-03 22:49:29.402  2423  2434 W System  : A resource failed to call release. 
07-03 22:49:29.402  2423  2434 W System  : A resource failed to call close. 
07-03 22:49:29.402  2423  2434 W System  : A resource failed to call release. 
07-03 22:49:29.402  2423  2434 W System  : A resource failed to call release. 
07-03 22:49:29.402  2423  2434 W System  : A resource failed to call close. 
07-03 22:49:29.402  2423  2434 W System  : A resource failed to call release. 
07-03 22:49:29.403  2423  2434 W System  : A resource failed to call release. 
07-03 22:49:29.404  2423  2434 W System  : A resource failed to call close. 
07-03 22:49:29.404  2423  2434 W System  : A resource failed to call release. 
07-03 22:49:29.404  2423  2434 W System  : A resource failed to call release. 
07-03 22:49:29.405  2423  2434 W System  : A resource failed to call release. 
07-03 22:49:29.405  2423  2434 W System  : A resource failed to call release. 
07-03 22:49:29.466 30989 30989 D nativeloader: Configuring classloader-namespace for other apk /data/app/~~G1lvdh0to0WumdMZlvnt2Q==/x.intervalapp.cpufactorialtest-957XYNe2dp64-YLJ57hWHA==/base.apk. target_sdk_version=33, uses_libraries=, library_path=/data/app/~~G1lvdh0to0WumdMZlvnt2Q==/x.intervalapp.cpufactorialtest-957XYNe2dp64-YLJ57hWHA==/lib/arm64, permitted_path=/data:/mnt/expand:/data/user/0/x.intervalapp.cpufactorialtest
07-03 22:49:29.472 30989 30989 V GraphicsEnvironment: ANGLE Developer option for 'x.intervalapp.cpufactorialtest' set to: 'default'
07-03 22:49:29.472 30989 30989 V GraphicsEnvironment: App is not on the allowlist for updatable production driver.
07-03 22:49:29.473 30989 30989 D NetworkSecurityConfig: No Network Security Config specified, using platform default
07-03 22:49:29.474 30989 30989 D NetworkSecurityConfig: No Network Security Config specified, using platform default
07-03 22:49:29.920  2526  2526 I WallpaperService: engine paused
07-03 22:49:30.502 31015 31015 D ProcessState: Binder ioctl to enable oneway spam detection failed: Invalid argument
07-03 22:49:30.758 31031 31031 D ProcessState: Binder ioctl to enable oneway spam detection failed: Invalid argument
07-03 22:49:30.761  1871  8337 I ActivityManager: Background started FGS: Allowed [callingPackage: com.android.shell; callingUid: 2000; uidState: NONE; intent: Intent { cmp=com.example.batterymanager_utility/.DataCollectionService (has extras) }; code:SYSTEM_UID; tempAllowListReason:<,reasonCode:SYSTEM_ALLOW_LISTED,duration:9223372036854775807,callingUid:-1>; targetSdkVersion:33; callerTargetSdkVersion:-1; startForegroundCount:0; bindFromPackage:null]
07-03 22:49:30.765 30938 30938 I BatteryMgr:DataCollectionService: onStartCommand: begin
07-03 22:49:30.765 30938 30938 I BatteryMgr:DataCollectionService: onStartCommand: sampleRate => 1000
07-03 22:49:30.766 30938 30938 I BatteryMgr:DataCollectionService: onStartCommand: rawFields => Timestamp,BATTERY_PROPERTY_CURRENT_NOW,EXTRA_VOLTAGE
07-03 22:49:30.766 30938 30938 I BatteryMgr:DataCollectionService: onStartCommand: notification done
07-03 22:49:30.768 30938 30938 I BatteryMgr:DataCollectionService: started foreground
07-03 22:49:30.773 30938 31034 I BatteryMgr:DataCollectionService: collectData: begin
07-03 22:49:30.776 30938 31034 I BatteryMgr:DataCollectionService: stats => 1688417370776,501875,4108
07-03 22:49:31.313  1871  2252 D ConnectivityService: NetReassign [no changes] [c 0] [a 0] [i 2]
07-03 22:49:31.710 30938 31043 D ProfileInstaller: Installing profile for com.example.batterymanager_utility
07-03 22:49:31.779 30938 31034 I BatteryMgr:DataCollectionService: stats => 1688417371779,444062,4108
07-03 22:49:32.781 30938 31034 I BatteryMgr:DataCollectionService: stats => 1688417372781,422187,4108
07-03 22:49:33.783 30938 31034 I BatteryMgr:DataCollectionService: stats => 1688417373783,435000,4108
07-03 22:49:34.331  1871  2252 D ConnectivityService: NetReassign [no changes] [c 0] [a 0] [i 4]
07-03 22:49:34.789 30938 31034 I BatteryMgr:DataCollectionService: stats => 1688417374789,479375,4108
07-03 22:49:35.794 30938 31034 I BatteryMgr:DataCollectionService: stats => 1688417375794,492187,4108
07-03 22:49:36.800 30938 31034 I BatteryMgr:DataCollectionService: stats => 1688417376800,465312,4108
07-03 22:49:37.353  1871  2252 D ConnectivityService: NetReassign [no changes] [c 1] [a 0] [i 2]
07-03 22:49:37.806 30938 31034 I BatteryMgr:DataCollectionService: stats => 1688417377806,403437,4108
07-03 22:49:38.811 30938 31034 I BatteryMgr:DataCollectionService: stats => 1688417378811,405937,4108
07-03 22:49:39.311  1871  1997 W ActivityTaskManager: Launch timeout has expired, giving up wake lock!
07-03 22:49:39.364  1871  1997 D CompatibilityChangeReporter: Compat change id reported: 181136395; UID 10286; state: DISABLED
07-03 22:49:39.365  1871  1997 D CompatibilityChangeReporter: Compat change id reported: 174042936; UID 10286; state: DISABLED
07-03 22:49:39.366  1871  1997 W ProcessStats: Tracking association SourceState{4c56239 system/1000 BTopFgs #18278} whose proc state 2 is better than process ProcessState{ba85ac5 com.google.android.gms.persistent/10125 pkg=com.google.android.gms} proc state 3 (13 skipped)
07-03 22:49:39.818 30938 31034 I BatteryMgr:DataCollectionService: stats => 1688417379818,651875,4108
07-03 22:49:40.374  1871  2252 D ConnectivityService: NetReassign [no changes] [c 1] [a 0] [i 2]
07-03 22:49:40.824 30938 31034 I BatteryMgr:DataCollectionService: stats => 1688417380824,611875,4108
07-03 22:49:41.830 30938 31034 I BatteryMgr:DataCollectionService: stats => 1688417381830,600937,4108
07-03 22:49:42.836 30938 31034 I BatteryMgr:DataCollectionService: stats => 1688417382836,700000,4108
07-03 22:49:43.396  1871  2252 D ConnectivityService: NetReassign [no changes] [c 0] [a 0] [i 3]
07-03 22:49:43.843 30938 31034 I BatteryMgr:DataCollectionService: stats => 1688417383843,695625,4108
07-03 22:49:44.848 30938 31034 I BatteryMgr:DataCollectionService: stats => 1688417384848,599375,4108
07-03 22:49:45.855 30938 31034 I BatteryMgr:DataCollectionService: stats => 1688417385855,629687,4108
07-03 22:49:46.416  1871  2252 D ConnectivityService: NetReassign [no changes] [c 0] [a 0] [i 4]
07-03 22:49:46.862 30938 31034 I BatteryMgr:DataCollectionService: stats => 1688417386861,625312,4108
07-03 22:49:47.867 30938 31034 I BatteryMgr:DataCollectionService: stats => 1688417387867,606250,4108
07-03 22:49:48.873 30938 31034 I BatteryMgr:DataCollectionService: stats => 1688417388872,601562,4108
07-03 22:49:49.424  1871  2252 D ConnectivityService: NetReassign [no changes] [c 0] [a 1] [i 1]
07-03 22:49:49.879 30938 31034 I BatteryMgr:DataCollectionService: stats => 1688417389879,786562,4108
07-03 22:49:50.467  2423  2423 D PowerNotificationWarningsGoogleImpl: isPlugged: false | isOverheated: false | defenderEnabled: false
07-03 22:49:50.474  1871  2011 W ProcessStats: Tracking association SourceState{4c56239 system/1000 BTopFgs #18280} whose proc state 2 is better than process ProcessState{ba85ac5 com.google.android.gms.persistent/10125 pkg=com.google.android.gms} proc state 3 (5 skipped)
07-03 22:49:50.483  1871  2018 E system_server: Cannot read thread CPU times for PID 1871
07-03 22:49:50.521  8586  8586 I android_os_HwBinder: HwBinder: Starting thread pool for getting: vendor.google.google_battery@1.1::IGoogleBattery/default
07-03 22:49:50.885 30938 31034 I BatteryMgr:DataCollectionService: stats => 1688417390885,1017500,4013
07-03 22:49:51.891 30938 31034 I BatteryMgr:DataCollectionService: stats => 1688417391891,889375,4013
07-03 22:49:52.448  1871  2252 D ConnectivityService: NetReassign [no changes] [c 0] [a 0] [i 3]
07-03 22:49:52.898 30938 31034 I BatteryMgr:DataCollectionService: stats => 1688417392898,890937,4013
07-03 22:49:53.904 30938 31034 I BatteryMgr:DataCollectionService: stats => 1688417393904,895625,4013
07-03 22:49:54.909 30938 31034 I BatteryMgr:DataCollectionService: stats => 1688417394909,945312,4013
07-03 22:49:55.467  1871  2252 D ConnectivityService: NetReassign [no changes] [c 0] [a 0] [i 3]
07-03 22:49:55.916 30938 31034 I BatteryMgr:DataCollectionService: stats => 1688417395916,838437,4013
07-03 22:49:56.923 30938 31034 I BatteryMgr:DataCollectionService: stats => 1688417396923,816875,4013
07-03 22:49:57.928 30938 31034 I BatteryMgr:DataCollectionService: stats => 1688417397928,792812,4013
07-03 22:49:58.487  1871  2252 D ConnectivityService: NetReassign [no changes] [c 0] [a 0] [i 3]
07-03 22:49:58.935 30938 31034 I BatteryMgr:DataCollectionService: stats => 1688417398935,778750,4013
07-03 22:49:59.940 30938 31034 I BatteryMgr:DataCollectionService: stats => 1688417399940,960937,4013
07-03 22:50:00.008  3546  3947 I AiAiEcho: Predicting[7]: { Feature:1, creation:2023-07-03T20:38:10.514Z, expiry:2023-07-03T21:00:00Z, isExpired: false}, { Feature:1, creation:2023-07-03T21:00:00Z, expiry:2023-07-03T22:00:00Z, isExpired: true}, { Feature:1, creation:2023-07-03T22:00:00Z, expiry:2023-07-03T23:00:00Z, isExpired: true}, { Feature:1, creation:2023-07-03T23:00:00Z, expiry:2023-07-04T00:00:00Z, isExpired: true}, { Feature:1, creation:2023-07-04T00:00:00Z, expiry:2023-07-04T01:00:00Z, isExpired: true}, { Feature:1, creation:2023-07-04T01:00:00Z, expiry:2023-07-04T02:00:00Z, isExpired: true}, { Feature:1, creation:2023-07-04T02:00:00Z, expiry:2023-07-04T02:38:10.514Z, isExpired: true}
07-03 22:50:00.009  3546  3947 I AiAiEcho: EchoTargets: Feature:1
07-03 22:50:00.009  3546  3947 I AiAiEcho: Filtered by AiAi flag check: 
07-03 22:50:00.010  3546  3947 I AiAiEcho: Ranked targets strategy: WEIGHTED, count: 1, ranking metadata: { cardId: WEATHER-569377243, card type: 1, update time: 2023-07-03T20:38:10.514Z, expiration time: 2023-07-03T21:00:00Z, ranking metadata: RankingMetaData(urgency=0.966, priority=0.3, recency=1.0, rankScore=0.28980002, importantTimePoints=# kwj@7bca4) }
07-03 22:50:00.012  3546  3947 I AiAiEcho: #postPredictionTargets: Sending updates to UISurface lockscreen with targets# 1 (types=[1])
07-03 22:50:00.019  2423  2423 W BcSmartspaceCard: No title view to update
07-03 22:50:00.945 30938 31034 I BatteryMgr:DataCollectionService: stats => 1688417400945,1001875,4013
07-03 22:50:01.506  1871  2252 D ConnectivityService: NetReassign [no changes] [c 0] [a 1] [i 3]
07-03 22:50:01.951 30938 31034 I BatteryMgr:DataCollectionService: stats => 1688417401951,1072187,4013
07-03 22:50:02.955 30938 31034 I BatteryMgr:DataCollectionService: stats => 1688417402955,1059062,4013
07-03 22:50:03.960 30938 31034 I BatteryMgr:DataCollectionService: stats => 1688417403960,1070625,4013
07-03 22:50:04.520  1871  2252 D ConnectivityService: NetReassign [no changes] [c 0] [a 0] [i 3]
07-03 22:50:04.966 30938 31034 I BatteryMgr:DataCollectionService: stats => 1688417404966,978750,4013
07-03 22:50:05.572  1871  8572 W ProcessStats: Tracking association SourceState{4c56239 system/1000 BTopFgs #18306} whose proc state 2 is better than process ProcessState{ba85ac5 com.google.android.gms.persistent/10125 pkg=com.google.android.gms} proc state 3 (37 skipped)
07-03 22:50:05.971 30938 31034 I BatteryMgr:DataCollectionService: stats => 1688417405971,965000,4013
07-03 22:50:06.976 30938 31034 I BatteryMgr:DataCollectionService: stats => 1688417406976,985000,4013
07-03 22:50:07.537  1871  2252 D ConnectivityService: NetReassign [no changes] [c 0] [a 0] [i 2]
07-03 22:50:07.982 30938 31034 I BatteryMgr:DataCollectionService: stats => 1688417407981,968437,4013
07-03 22:50:08.987 30938 31034 I BatteryMgr:DataCollectionService: stats => 1688417408986,962187,4013
07-03 22:50:09.990 30938 31034 I BatteryMgr:DataCollectionService: stats => 1688417409990,1034687,4013
07-03 22:50:10.548  1871  2252 D ConnectivityService: NetReassign [no changes] [c 0] [a 0] [i 2]
07-03 22:50:10.994 30938 31034 I BatteryMgr:DataCollectionService: stats => 1688417410994,1016562,4013
07-03 22:50:11.426  1287  1350 D ASH     : @ 13525.372: AP has been up: last 13225262220, now 13525372163 usec
07-03 22:50:11.426  1287  1350 I CHRE    : @ 13525.373: [ImuCal] [NanoSensorCal:GYRO_RPS] Offset | Temperature [C]: -0.002346, 0.000303, -0.000460 | 38.32
07-03 22:50:11.426  1287  1350 I CHRE    : @ 13525.373: [ImuCal] [NanoSensorCal:GYRO_RPS] Temp Sensitivity: -0.000016, 0.000004, 0.000078
07-03 22:50:11.426  1287  1350 I CHRE    : @ 13525.373: [ImuCal] [NanoSensorCal:GYRO_RPS] Temp Intercept: -0.001770, 0.000317, -0.003376
07-03 22:50:11.997 30938 31034 I BatteryMgr:DataCollectionService: stats => 1688417411997,1063750,4013
07-03 22:50:13.000 30938 31034 I BatteryMgr:DataCollectionService: stats => 1688417413000,1114687,4013
07-03 22:50:13.562  1871  2252 D ConnectivityService: NetReassign [no changes] [c 0] [a 0] [i 2]
07-03 22:50:14.004 30938 31034 I BatteryMgr:DataCollectionService: stats => 1688417414004,1046250,4013
07-03 22:50:15.007 30938 31034 I BatteryMgr:DataCollectionService: stats => 1688417415007,1069375,4013
07-03 22:50:16.011 30938 31034 I BatteryMgr:DataCollectionService: stats => 1688417416011,1053750,4013
07-03 22:50:16.577  1871  2252 D ConnectivityService: NetReassign [no changes] [c 1] [a 0] [i 1]
07-03 22:50:17.015 30938 31034 I BatteryMgr:DataCollectionService: stats => 1688417417015,934062,4013
07-03 22:50:18.019 30938 31034 I BatteryMgr:DataCollectionService: stats => 1688417418019,1038437,4013
07-03 22:50:19.022 30938 31034 I BatteryMgr:DataCollectionService: stats => 1688417419022,1071562,4013
07-03 22:50:19.602  1871  2252 D ConnectivityService: NetReassign [no changes] [c 0] [a 1] [i 1]
07-03 22:50:20.026 30938 31034 I BatteryMgr:DataCollectionService: stats => 1688417420026,1095000,4013
07-03 22:50:21.029 30938 31034 I BatteryMgr:DataCollectionService: stats => 1688417421029,1123125,4013
07-03 22:50:22.033 30938 31034 I BatteryMgr:DataCollectionService: stats => 1688417422033,1078750,4013
07-03 22:50:22.617  1871  2252 D ConnectivityService: NetReassign [no changes] [c 0] [a 0] [i 1]
07-03 22:50:23.037 30938 31034 I BatteryMgr:DataCollectionService: stats => 1688417423036,1117187,4013
07-03 22:50:24.040 30938 31034 I BatteryMgr:DataCollectionService: stats => 1688417424039,1106875,4013
07-03 22:50:25.043 30938 31034 I BatteryMgr:DataCollectionService: stats => 1688417425043,1098125,4013
07-03 22:50:25.638  1871  2252 D ConnectivityService: NetReassign [no changes] [c 0] [a 0] [i 2]
07-03 22:50:26.046 30938 31034 I BatteryMgr:DataCollectionService: stats => 1688417426046,1111250,4013
07-03 22:50:27.050 30938 31034 I BatteryMgr:DataCollectionService: stats => 1688417427050,1215312,4013
07-03 22:50:28.054 30938 31034 I BatteryMgr:DataCollectionService: stats => 1688417428054,1092812,4013
07-03 22:50:28.648  1871  2252 D ConnectivityService: NetReassign [no changes] [c 0] [a 0] [i 1]
07-03 22:50:29.058 30938 31034 I BatteryMgr:DataCollectionService: stats => 1688417429058,1177187,4013
07-03 22:50:30.062 30938 31034 I BatteryMgr:DataCollectionService: stats => 1688417430062,1195625,4013
07-03 22:50:31.066 30938 31034 I BatteryMgr:DataCollectionService: stats => 1688417431065,1180937,4013
07-03 22:50:31.090 31064 31064 D ProcessState: Binder ioctl to enable oneway spam detection failed: Invalid argument
07-03 22:50:31.097  1871  7166 W ProcessStats: Tracking association SourceState{4c56239 system/1000 BTopFgs #18307} whose proc state 2 is better than process ProcessState{ba85ac5 com.google.android.gms.persistent/10125 pkg=com.google.android.gms} proc state 3 (2 skipped)
07-03 22:50:31.197 31070 31070 D ProcessState: Binder ioctl to enable oneway spam detection failed: Invalid argument
07-03 22:50:31.416 31081 31081 D ProcessState: Binder ioctl to enable oneway spam detection failed: Invalid argument
07-03 22:50:31.419  1871  7166 I ActivityManager: Force stopping x.intervalapp.cpufactorialtest appid=10286 user=0: from pid 31081
07-03 22:50:31.420  1871  7166 I ActivityManager: Killing 30989:x.intervalapp.cpufactorialtest/u0a286 (adj 0): stop x.intervalapp.cpufactorialtest due to from pid 31081
07-03 22:50:31.421  1871  7166 W ActivityTaskManager: Force removing ActivityRecord{26d0201 u0 x.intervalapp.cpufactorialtest/.MainActivity t168 f}}: app died, no saved state
07-03 22:50:31.424  1871  7166 W InputManager-JNI: Input channel object 'c6882e7 Splash Screen x.intervalapp.cpufactorialtest (client)' was disposed without first being removed with the input manager!
07-03 22:50:31.430  1233  1233 I Zygote  : Process 30989 exited due to signal 9 (Killed)
07-03 22:50:31.432  1871  7166 D CompatibilityChangeReporter: Compat change id reported: 181136395; UID 10232; state: DISABLED
07-03 22:50:31.433  1871  7166 D CompatibilityChangeReporter: Compat change id reported: 174042936; UID 10232; state: DISABLED
07-03 22:50:31.435  1871  7166 W ActivityTaskManager: Can't find TaskDisplayArea to determine support for multi window. Task id=168 attached=false
07-03 22:50:31.435  1871  7166 W ActivityTaskManager: Can't find TaskDisplayArea to determine support for multi window. Task id=168 attached=false
07-03 22:50:31.440  1871  4508 V ActivityManager: Got obituary of 30989:x.intervalapp.cpufactorialtest
07-03 22:50:31.442  2613  2613 E PhoneInterfaceManager: [PhoneIntfMgr] getCarrierPackageNamesForIntentAndPhone: No UICC
07-03 22:50:31.443  2613  2613 D CarrierSvcBindHelper: No carrier app for: 0
07-03 22:50:31.447  3635  3635 D RegisteredNfcFServicesCache: Service unchanged, not updating
07-03 22:50:31.450 23444 23444 I EuiccGoogle: [2] EuiccServiceImpl.onCreate: onCreate Single-SIM mode: simCardState is 1
07-03 22:50:31.453 23444 31087 I EuiccGoogle: [171] EuiccServiceImpl.onGetEuiccProfileInfoList: onGetEuiccProfileInfoList: slotId = -1
07-03 22:50:31.455 23444 31087 W EuiccGoogle: [171] EuiccServiceImpl.onGetEuiccProfileInfoList: slotId=-1. No eUICC is active. Return null.
07-03 22:50:31.471  2526  2899 W OpenGLRenderer: Surface doesn't have any previously queued frames, nothing to readback from
07-03 22:50:31.474  2526  2526 I WallpaperService: engine resumed
07-03 22:50:31.474  1871  2013 I libprocessgroup: Successfully killed process cgroup uid 10286 pid 30989 in 53ms
07-03 22:50:31.478  3568  3568 I GoogleInputMethodService: GoogleInputMethodService.onFinishInput():3306 
07-03 22:50:31.478  2526  2899 W OpenGLRenderer: Surface doesn't have any previously queued frames, nothing to readback from
07-03 22:50:31.479 30938 30954 I OpenGLRenderer: Davey! duration=65188ms; Flags=1, FrameTimelineVsyncId=736381, IntendedVsync=13477965667724, Vsync=13477982334390, InputEventId=0, HandleInputStart=13477994788020, AnimationStart=13477994792239, PerformTraversalsStart=13477994977031, DrawStart=13478108579802, FrameDeadline=13477999001056, FrameInterval=13477994764635, FrameStartTime=16666666, SyncQueued=13478112906730, SyncStart=13478112984178, IssueDrawCommandsStart=13478113429126, SwapBuffers=13478119077147, FrameCompleted=13543154517480, DequeueBufferDuration=18541, QueueBufferDuration=546146, GpuCompleted=13543154517480, SwapBuffersCompleted=13478120117512, DisplayPresentTime=0, 
07-03 22:50:31.480  3568  3568 I GoogleInputMethodService: GoogleInputMethodService.updateDeviceLockedStatus():2127 repeatCheckTimes = 0, locked = false
07-03 22:50:31.480  3568  3568 I GoogleInputMethodService: GoogleInputMethodService.onStartInput():1909 onStartInput(EditorInfo{inputType=0x0(NULL) imeOptions=0x0 privateImeOptions=null actionName=UNSPECIFIED actionLabel=null actionId=0 initialSelStart=-1 initialSelEnd=-1 initialCapsMode=0x0 hintText=null label=null packageName=com.example.batterymanager_utility fieldId=-1 fieldName=null extras=null hintLocales=[]}, false)
07-03 22:50:31.480  3568  3568 I GoogleInputMethodService: GoogleInputMethodService.shouldHideHeaderOnInitialState():1990 ShouldHideHeaderOnInitialState = false
07-03 22:50:31.480  3568  3568 I GoogleInputMethodService: GoogleInputMethodService.updateDeviceLockedStatus():2127 repeatCheckTimes = 1, locked = false
07-03 22:50:31.661  1871  2252 D ConnectivityService: NetReassign [no changes] [c 1] [a 0] [i 1]
07-03 22:50:31.721  1871  8572 W WindowManager: Failed looking up window session=Session{adcedbc 2423:u0a10195} callers=com.android.server.wm.WindowManagerService.windowForClientLocked:5582 com.android.server.wm.WindowManagerService.relayoutWindow:2222 com.android.server.wm.Session.relayout:235 
07-03 22:50:31.724  1871  8572 W WindowManager: Failed looking up window session=Session{adcedbc 2423:u0a10195} callers=com.android.server.wm.WindowManagerService.windowForClientLocked:5582 com.android.server.wm.WindowManagerService.removeWindow:2026 com.android.server.wm.Session.remove:218 
07-03 22:50:32.065  2526  2526 I WallpaperService: engine paused
07-03 22:50:34.678  1871  2252 D ConnectivityService: NetReassign [no changes] [c 0] [a 0] [i 2]
07-03 22:50:34.802 31096 31096 D ProcessState: Binder ioctl to enable oneway spam detection failed: Invalid argument
07-03 22:50:34.807  1871  7166 I ActivityManager: Force stopping com.example.batterymanager_utility appid=10232 user=0: from pid 31096
07-03 22:50:34.808  1871  7166 I ActivityManager: Killing 30938:com.example.batterymanager_utility/u0a232 (adj 0): stop com.example.batterymanager_utility due to from pid 31096
07-03 22:50:34.809  1871  7166 W ActivityTaskManager: Force removing ActivityRecord{9de6509 u0 com.example.batterymanager_utility/.MainActivity t167 f}}: app died, no saved state
07-03 22:50:34.813  1871  7166 W InputManager-JNI: Input channel object 'e648da5 com.example.batterymanager_utility/com.example.batterymanager_utility.MainActivity (client)' was disposed without first being removed with the input manager!
07-03 22:50:34.826  1871  7166 W ActivityTaskManager: Can't find TaskDisplayArea to determine support for multi window. Task id=167 attached=false
07-03 22:50:34.826  1871  7166 W ActivityTaskManager: Can't find TaskDisplayArea to determine support for multi window. Task id=167 attached=false
07-03 22:50:34.833  2613  2613 E PhoneInterfaceManager: [PhoneIntfMgr] getCarrierPackageNamesForIntentAndPhone: No UICC
07-03 22:50:34.834  2613  2613 D CarrierSvcBindHelper: No carrier app for: 0
07-03 22:50:34.838  3635  3635 D RegisteredNfcFServicesCache: Service unchanged, not updating
07-03 22:50:34.843  1233  1233 I Zygote  : Process 30938 exited due to signal 9 (Killed)
07-03 22:50:34.846   741   741 E BpTransactionCompletedListener: Failed to transact (-32)
07-03 22:50:34.846  1871  1997 W ActivityManager: setHasOverlayUi called on unknown pid: 30938
07-03 22:50:34.847  1871  3616 V ActivityManager: Got obituary of 30938:com.example.batterymanager_utility
07-03 22:50:34.852  3838  3838 I A       : (REDACTED) onApplyWindowInsets: systemWindowInsets=%s
07-03 22:50:34.852  3838  3838 I A       : (REDACTED) onApplyWindowInsets: systemWindowInsets=%s
07-03 22:50:34.856  2526  2899 W OpenGLRenderer: Surface doesn't have any previously queued frames, nothing to readback from
07-03 22:50:34.859  2526  2526 I WallpaperService: engine resumed
07-03 22:50:34.860  2526  2899 W OpenGLRenderer: Surface doesn't have any previously queued frames, nothing to readback from
07-03 22:50:34.861  1871  2013 I libprocessgroup: Successfully killed process cgroup uid 10232 pid 30938 in 52ms
07-03 22:50:34.862  3838  3838 I A       : onStart
07-03 22:50:34.869  3838  3838 I A       : onResume
07-03 22:50:34.871  3546  3947 I AiAiEcho: Predicting[7]: { Feature:1, creation:2023-07-03T20:38:10.514Z, expiry:2023-07-03T21:00:00Z, isExpired: false}, { Feature:1, creation:2023-07-03T21:00:00Z, expiry:2023-07-03T22:00:00Z, isExpired: true}, { Feature:1, creation:2023-07-03T22:00:00Z, expiry:2023-07-03T23:00:00Z, isExpired: true}, { Feature:1, creation:2023-07-03T23:00:00Z, expiry:2023-07-04T00:00:00Z, isExpired: true}, { Feature:1, creation:2023-07-04T00:00:00Z, expiry:2023-07-04T01:00:00Z, isExpired: true}, { Feature:1, creation:2023-07-04T01:00:00Z, expiry:2023-07-04T02:00:00Z, isExpired: true}, { Feature:1, creation:2023-07-04T02:00:00Z, expiry:2023-07-04T02:38:10.514Z, isExpired: true}
07-03 22:50:34.872  3546  3947 I AiAiEcho: EchoTargets: Feature:1
07-03 22:50:34.872  3546  3947 I AiAiEcho: Filtered by AiAi flag check: 
07-03 22:50:34.873  3554  3554 I GsaVoiceInteractionSrv: Handling ACTION_START_HOTWORD
07-03 22:50:34.873  3554  4131 I GsaVoiceInteractionSrv: (REDACTED) disregardHotwordSetting: %b
07-03 22:50:34.873  3554  4131 I GsaVoiceInteractionSrv: Cannot start hotword, hotword has been explicitly disabled.
07-03 22:50:34.873  3546  3947 I AiAiEcho: Ranked targets strategy: WEIGHTED, count: 1, ranking metadata: { cardId: WEATHER-569377243, card type: 1, update time: 2023-07-03T20:38:10.514Z, expiration time: 2023-07-03T21:00:00Z, ranking metadata: RankingMetaData(urgency=0.962, priority=0.3, recency=1.0, rankScore=0.28860003, importantTimePoints=# kwj@7bca4) }
07-03 22:50:34.873  3568  3568 I GoogleInputMethodService: GoogleInputMethodService.onFinishInput():3306 
07-03 22:50:34.874  3568  3568 I GoogleInputMethodService: GoogleInputMethodService.updateDeviceLockedStatus():2127 repeatCheckTimes = 0, locked = false
07-03 22:50:34.874  3568  3568 I GoogleInputMethodService: GoogleInputMethodService.onStartInput():1909 onStartInput(EditorInfo{inputType=0x0(NULL) imeOptions=0x0 privateImeOptions=null actionName=UNSPECIFIED actionLabel=null actionId=0 initialSelStart=-1 initialSelEnd=-1 initialCapsMode=0x0 hintText=null label=null packageName=com.google.android.apps.nexuslauncher fieldId=-1 fieldName=null extras=null hintLocales=[]}, false)
07-03 22:50:34.874  3568  3568 I GoogleInputMethodService: GoogleInputMethodService.shouldHideHeaderOnInitialState():1990 ShouldHideHeaderOnInitialState = false
07-03 22:50:34.874  3568  3568 I GoogleInputMethodService: GoogleInputMethodService.updateDeviceLockedStatus():2127 repeatCheckTimes = 1, locked = false
07-03 22:50:34.875  3838  6625 I OpenGLRenderer: Davey! duration=135222ms; Flags=1, FrameTimelineVsyncId=729454, IntendedVsync=13411325847886, Vsync=13411325847886, InputEventId=0, HandleInputStart=13411327326118, AnimationStart=13411327327889, PerformTraversalsStart=13411327328618, DrawStart=13411347619923, FrameDeadline=13411363181218, FrameInterval=13411327197525, FrameStartTime=16666666, SyncQueued=13411353202527, SyncStart=13411353818257, IssueDrawCommandsStart=13411355086382, SwapBuffers=13411356288986, FrameCompleted=13546549432454, DequeueBufferDuration=43125, QueueBufferDuration=853594, GpuCompleted=13546549432454, SwapBuffersCompleted=13411357785913, DisplayPresentTime=-4611685926548246686, 
07-03 22:50:34.876  3546  3947 I AiAiEcho: #postPredictionTargets: Sending updates to UISurface home with targets# 1 (types=[1])
07-03 22:50:34.888  2766  2766 W BcSmartspaceCard: No title view to update
07-03 22:50:37.704  1871  2252 D ConnectivityService: NetReassign [no changes] [c 0] [a 1] [i 2]
07-03 22:50:40.200  3728 30013 W MediaProvider: isAppCloneUserPair failed. Users: 0 and 0
07-03 22:50:40.200  3728 30013 W MediaProvider: isAppCloneUserPair for user 0: false
