07-09 23:05:27.903   830   975 I BatteryMgr:DataCollectionService: stats => 1688936727903,-88,4075
07-09 23:05:27.907   830   975 I BatteryMgr:DataCollectionService: stats => 1688936727907,-88,4075
07-09 23:05:27.911   830   975 I BatteryMgr:DataCollectionService: stats => 1688936727911,-88,4075
07-09 23:05:27.914   830   975 I BatteryMgr:DataCollectionService: stats => 1688936727914,-88,4075
07-09 23:05:27.921  3436   952 D ExynosCamera3: [CAM_ID(1)][]-DEBUG(m_handleInternalFrame[8816]):[EJ] Pass the frame to handleBayerBuffer 57 / m_isNeedRequestFrame = 1, m_isNeedInternalFrame = 0
07-09 23:05:27.924   830   975 I BatteryMgr:DataCollectionService: stats => 1688936727924,-88,4075
07-09 23:05:27.928   830   975 I BatteryMgr:DataCollectionService: stats => 1688936727928,-88,4075
07-09 23:05:27.932   830   975 I BatteryMgr:DataCollectionService: stats => 1688936727932,-88,4075
07-09 23:05:27.937   830   975 I BatteryMgr:DataCollectionService: stats => 1688936727937,-88,4075
07-09 23:05:27.941   830   975 I BatteryMgr:DataCollectionService: stats => 1688936727941,-88,4075
07-09 23:05:27.945   830   975 I BatteryMgr:DataCollectionService: stats => 1688936727945,-88,4075
07-09 23:05:27.952   830   975 I BatteryMgr:DataCollectionService: stats => 1688936727952,-88,4075
07-09 23:05:27.956   830   975 I BatteryMgr:DataCollectionService: stats => 1688936727956,-88,4075
07-09 23:05:27.960   830   975 I BatteryMgr:DataCollectionService: stats => 1688936727960,-88,4075
07-09 23:05:27.964   830   975 I BatteryMgr:DataCollectionService: stats => 1688936727964,-88,4075
07-09 23:05:27.968   830   975 I BatteryMgr:DataCollectionService: stats => 1688936727968,-88,4075
07-09 23:05:27.972   830   975 I BatteryMgr:DataCollectionService: stats => 1688936727972,-88,4075
07-09 23:05:27.975   830   975 I BatteryMgr:DataCollectionService: stats => 1688936727975,-88,4075
07-09 23:05:27.979   830   975 I BatteryMgr:DataCollectionService: stats => 1688936727979,-88,4075
07-09 23:05:27.981  3436   952 D ExynosCamera3: [CAM_ID(1)][]-DEBUG(m_handleInternalFrame[8816]):[EJ] Pass the frame to handleBayerBuffer 58 / m_isNeedRequestFrame = 1, m_isNeedInternalFrame = 0
07-09 23:05:27.983   830   975 I BatteryMgr:DataCollectionService: stats => 1688936727983,-88,4075
07-09 23:05:27.984  3436   949 W ExynosCamera3: [CAM_ID(1)][]-WARN(m_previewStreamVRAPipeThreadFunc[6650]):wait timeout
07-09 23:05:27.987   830   975 I BatteryMgr:DataCollectionService: stats => 1688936727987,-88,4075
07-09 23:05:27.990  3436   942 W ExynosCameraMCPipe: [CAM_ID(1)][PIPE_ISP]-WARN(m_putBuffer[1530]):inputFrameQ wait timeout
07-09 23:05:27.990  3436   942 W ExynosCameraMCPipe: [CAM_ID(1)][PIPE_ISP]-WARN(m_putBufferThreadFunc[1471]):m_putbuffer fail, ret(-110)
07-09 23:05:27.991   830   975 I BatteryMgr:DataCollectionService: stats => 1688936727991,-88,4075
07-09 23:05:27.995   830   975 I BatteryMgr:DataCollectionService: stats => 1688936727995,-88,4075
07-09 23:05:27.999   830   975 I BatteryMgr:DataCollectionService: stats => 1688936727999,-88,4075
07-09 23:05:28.003   830   975 I BatteryMgr:DataCollectionService: stats => 1688936728003,-88,4075
07-09 23:05:28.004  3436   943 W ExynosCameraMCPipe: [CAM_ID(1)][PIPE_ISP]-WARN(m_getBuffer[1976]):requestFrameQ wait timeout
07-09 23:05:28.004  3436   943 W ExynosCameraMCPipe: [CAM_ID(1)][PIPE_ISP]-WARN(m_getBufferThreadFunc[1492]):m_getBuffer fail, ret(-110)
07-09 23:05:28.009  3436   950 W ExynosCamera3: [CAM_ID(1)][]-WARN(m_previewStreamISPPipeThreadFunc[6613]):wait timeout
07-09 23:05:28.010   830   975 I BatteryMgr:DataCollectionService: stats => 1688936728010,-88,4075
07-09 23:05:28.014   830   975 I BatteryMgr:DataCollectionService: stats => 1688936728014,-88,4075
07-09 23:05:28.018   830   975 I BatteryMgr:DataCollectionService: stats => 1688936728018,-88,4075
07-09 23:05:28.022   830   975 I BatteryMgr:DataCollectionService: stats => 1688936728022,-88,4075
07-09 23:05:28.026   830   975 I BatteryMgr:DataCollectionService: stats => 1688936728026,-88,4075
07-09 23:05:28.030   830   975 I BatteryMgr:DataCollectionService: stats => 1688936728030,-88,4075
07-09 23:05:28.034   830   975 I BatteryMgr:DataCollectionService: stats => 1688936728034,-88,4075
07-09 23:05:28.038   830   975 I BatteryMgr:DataCollectionService: stats => 1688936728038,-88,4075
07-09 23:05:28.041  3436   952 D ExynosCamera3: [CAM_ID(1)][]-DEBUG(m_handleInternalFrame[8816]):[EJ] Pass the frame to handleBayerBuffer 59 / m_isNeedRequestFrame = 1, m_isNeedInternalFrame = 0
07-09 23:05:28.042   830   975 I BatteryMgr:DataCollectionService: stats => 1688936728042,-88,4075
07-09 23:05:28.046   830   975 I BatteryMgr:DataCollectionService: stats => 1688936728046,-88,4075
07-09 23:05:28.050   830   975 I BatteryMgr:DataCollectionService: stats => 1688936728050,-88,4075
07-09 23:05:28.054   830   975 I BatteryMgr:DataCollectionService: stats => 1688936728054,-88,4075
07-09 23:05:28.058   830   975 I BatteryMgr:DataCollectionService: stats => 1688936728058,-88,4075
07-09 23:05:28.062   830   975 I BatteryMgr:DataCollectionService: stats => 1688936728062,-88,4075
07-09 23:05:28.066   830   975 I BatteryMgr:DataCollectionService: stats => 1688936728066,-88,4075
07-09 23:05:28.072   830   975 I BatteryMgr:DataCollectionService: stats => 1688936728072,-88,4075
07-09 23:05:28.076   830   975 I BatteryMgr:DataCollectionService: stats => 1688936728076,-88,4075
07-09 23:05:28.080   830   975 I BatteryMgr:DataCollectionService: stats => 1688936728080,-88,4075
07-09 23:05:28.084   830   975 I BatteryMgr:DataCollectionService: stats => 1688936728083,-88,4075
07-09 23:05:28.088   830   975 I BatteryMgr:DataCollectionService: stats => 1688936728087,-88,4075
07-09 23:05:28.092   830   975 I BatteryMgr:DataCollectionService: stats => 1688936728092,-88,4075
07-09 23:05:28.096   830   975 I BatteryMgr:DataCollectionService: stats => 1688936728096,-88,4075
07-09 23:05:28.100   830   975 I BatteryMgr:DataCollectionService: stats => 1688936728100,-88,4075
07-09 23:05:28.101  3436   952 D ExynosCamera3: [CAM_ID(1)][]-DEBUG(m_handleInternalFrame[8816]):[EJ] Pass the frame to handleBayerBuffer 60 / m_isNeedRequestFrame = 1, m_isNeedInternalFrame = 0
07-09 23:05:28.104   830   975 I BatteryMgr:DataCollectionService: stats => 1688936728103,-88,4075
07-09 23:05:28.107   830   975 I BatteryMgr:DataCollectionService: stats => 1688936728107,-88,4075
07-09 23:05:28.111   830   975 I BatteryMgr:DataCollectionService: stats => 1688936728111,-88,4075
07-09 23:05:28.115   830   975 I BatteryMgr:DataCollectionService: stats => 1688936728115,-88,4075
07-09 23:05:28.119   830   975 I BatteryMgr:DataCollectionService: stats => 1688936728119,-88,4075
07-09 23:05:28.123   830   975 I BatteryMgr:DataCollectionService: stats => 1688936728123,-88,4075
07-09 23:05:28.129   830   975 I BatteryMgr:DataCollectionService: stats => 1688936728129,-88,4075
07-09 23:05:28.133   830   975 I BatteryMgr:DataCollectionService: stats => 1688936728133,-88,4075
07-09 23:05:28.134  3436   949 W ExynosCamera3: [CAM_ID(1)][]-WARN(m_previewStreamVRAPipeThreadFunc[6650]):wait timeout
07-09 23:05:28.137   830   975 I BatteryMgr:DataCollectionService: stats => 1688936728137,-88,4075
07-09 23:05:28.141   830   975 I BatteryMgr:DataCollectionService: stats => 1688936728141,-88,4075
07-09 23:05:28.145   830   975 I BatteryMgr:DataCollectionService: stats => 1688936728145,-88,4075
07-09 23:05:28.149   830   975 I BatteryMgr:DataCollectionService: stats => 1688936728148,-88,4075
07-09 23:05:28.152   830   975 I BatteryMgr:DataCollectionService: stats => 1688936728152,-88,4075
07-09 23:05:28.156   830   975 I BatteryMgr:DataCollectionService: stats => 1688936728156,-88,4075
07-09 23:05:28.160  3436   950 W ExynosCamera3: [CAM_ID(1)][]-WARN(m_previewStreamISPPipeThreadFunc[6613]):wait timeout
07-09 23:05:28.160   830   975 I BatteryMgr:DataCollectionService: stats => 1688936728160,-88,4075
07-09 23:05:28.161  3436   952 D ExynosCamera3: [CAM_ID(1)][]-DEBUG(m_handleInternalFrame[8816]):[EJ] Pass the frame to handleBayerBuffer 61 / m_isNeedRequestFrame = 1, m_isNeedInternalFrame = 0
07-09 23:05:28.164   830   975 I BatteryMgr:DataCollectionService: stats => 1688936728164,-88,4075
07-09 23:05:28.168   830   975 I BatteryMgr:DataCollectionService: stats => 1688936728168,-88,4075
07-09 23:05:28.172   830   975 I BatteryMgr:DataCollectionService: stats => 1688936728172,-88,4075
07-09 23:05:28.176   830   975 I BatteryMgr:DataCollectionService: stats => 1688936728175,-88,4075
07-09 23:05:28.180   830   975 I BatteryMgr:DataCollectionService: stats => 1688936728179,-88,4075
07-09 23:05:28.183   830   975 I BatteryMgr:DataCollectionService: stats => 1688936728183,-88,4075
07-09 23:05:28.187   830   975 I BatteryMgr:DataCollectionService: stats => 1688936728187,-88,4075
07-09 23:05:28.191   830   975 I BatteryMgr:DataCollectionService: stats => 1688936728191,-88,4075
07-09 23:05:28.195   830   975 I BatteryMgr:DataCollectionService: stats => 1688936728195,-88,4075
07-09 23:05:28.199   830   975 I BatteryMgr:DataCollectionService: stats => 1688936728199,-88,4075
07-09 23:05:28.203   830   975 I BatteryMgr:DataCollectionService: stats => 1688936728203,-88,4075
07-09 23:05:28.207   830   975 I BatteryMgr:DataCollectionService: stats => 1688936728207,-88,4075
07-09 23:05:28.211   830   975 I BatteryMgr:DataCollectionService: stats => 1688936728211,-88,4075
07-09 23:05:28.216   830   975 I BatteryMgr:DataCollectionService: stats => 1688936728215,-88,4075
07-09 23:05:28.221  3436   952 D ExynosCamera3: [CAM_ID(1)][]-DEBUG(m_handleInternalFrame[8816]):[EJ] Pass the frame to handleBayerBuffer 62 / m_isNeedRequestFrame = 1, m_isNeedInternalFrame = 0
07-09 23:05:28.221   830   975 I BatteryMgr:DataCollectionService: stats => 1688936728221,-88,4075
07-09 23:05:28.227   830   975 I BatteryMgr:DataCollectionService: stats => 1688936728227,-88,4075
07-09 23:05:28.231   830   975 I BatteryMgr:DataCollectionService: stats => 1688936728231,-88,4075
07-09 23:05:28.234   830   975 I BatteryMgr:DataCollectionService: stats => 1688936728234,-88,4075
07-09 23:05:28.238   830   975 I BatteryMgr:DataCollectionService: stats => 1688936728238,-88,4075
07-09 23:05:28.242   830   975 I BatteryMgr:DataCollectionService: stats => 1688936728242,-88,4075
07-09 23:05:28.246   830   975 I BatteryMgr:DataCollectionService: stats => 1688936728246,-88,4075
07-09 23:05:28.250  3961  4327 E TaskPersister: File error accessing recents directory (directory doesn't exist?).
07-09 23:05:28.251   830   975 I BatteryMgr:DataCollectionService: stats => 1688936728251,-88,4075
07-09 23:05:28.255   830   975 I BatteryMgr:DataCollectionService: stats => 1688936728255,-88,4075
07-09 23:05:28.259   830   975 I BatteryMgr:DataCollectionService: stats => 1688936728259,-88,4075
07-09 23:05:28.263   830   975 I BatteryMgr:DataCollectionService: stats => 1688936728263,-88,4075
07-09 23:05:28.267   830   975 I BatteryMgr:DataCollectionService: stats => 1688936728267,-88,4075
07-09 23:05:28.271   830   975 I BatteryMgr:DataCollectionService: stats => 1688936728271,-88,4075
07-09 23:05:28.275   830   975 I BatteryMgr:DataCollectionService: stats => 1688936728275,-88,4075
07-09 23:05:28.279   830   975 I BatteryMgr:DataCollectionService: stats => 1688936728279,-88,4075
07-09 23:05:28.281  3436   952 D ExynosCamera3: [CAM_ID(1)][]-DEBUG(m_handleInternalFrame[8816]):[EJ] Pass the frame to handleBayerBuffer 63 / m_isNeedRequestFrame = 1, m_isNeedInternalFrame = 0
07-09 23:05:28.283   830   975 I BatteryMgr:DataCollectionService: stats => 1688936728283,-88,4075
07-09 23:05:28.285  3436   949 W ExynosCamera3: [CAM_ID(1)][]-WARN(m_previewStreamVRAPipeThreadFunc[6650]):wait timeout
07-09 23:05:28.287   830   975 I BatteryMgr:DataCollectionService: stats => 1688936728287,-88,4075
07-09 23:05:28.290   830   975 I BatteryMgr:DataCollectionService: stats => 1688936728290,-88,4075
07-09 23:05:28.295   830   975 I BatteryMgr:DataCollectionService: stats => 1688936728294,-88,4075
07-09 23:05:28.299   830   975 I BatteryMgr:DataCollectionService: stats => 1688936728299,-88,4075
07-09 23:05:28.303   830   975 I BatteryMgr:DataCollectionService: stats => 1688936728303,-88,4075
07-09 23:05:28.307   830   975 I BatteryMgr:DataCollectionService: stats => 1688936728307,-88,4075
07-09 23:05:28.310  3436   950 W ExynosCamera3: [CAM_ID(1)][]-WARN(m_previewStreamISPPipeThreadFunc[6613]):wait timeout
07-09 23:05:28.313   830   975 I BatteryMgr:DataCollectionService: stats => 1688936728312,-88,4075
07-09 23:05:28.317   830   975 I BatteryMgr:DataCollectionService: stats => 1688936728317,-88,4075
07-09 23:05:28.321   830   975 I BatteryMgr:DataCollectionService: stats => 1688936728321,-88,4075
07-09 23:05:28.326   830   975 I BatteryMgr:DataCollectionService: stats => 1688936728326,-88,4075
07-09 23:05:28.330   830   975 I BatteryMgr:DataCollectionService: stats => 1688936728330,-88,4075
07-09 23:05:28.334   830   975 I BatteryMgr:DataCollectionService: stats => 1688936728334,-88,4075
07-09 23:05:28.337   830   975 I BatteryMgr:DataCollectionService: stats => 1688936728337,-88,4075
07-09 23:05:28.340  3436   952 D ExynosCamera3: [CAM_ID(1)][]-DEBUG(m_handleInternalFrame[8816]):[EJ] Pass the frame to handleBayerBuffer 64 / m_isNeedRequestFrame = 1, m_isNeedInternalFrame = 0
07-09 23:05:28.341   830   975 I BatteryMgr:DataCollectionService: stats => 1688936728341,-88,4075
07-09 23:05:28.345   830   975 I BatteryMgr:DataCollectionService: stats => 1688936728345,-88,4075
07-09 23:05:28.349   830   975 I BatteryMgr:DataCollectionService: stats => 1688936728349,-88,4075
07-09 23:05:28.352   830   975 I BatteryMgr:DataCollectionService: stats => 1688936728352,-88,4075
07-09 23:05:28.356   830   975 I BatteryMgr:DataCollectionService: stats => 1688936728356,-88,4075
07-09 23:05:28.360   830   975 I BatteryMgr:DataCollectionService: stats => 1688936728360,-88,4075
07-09 23:05:28.363   830   975 I BatteryMgr:DataCollectionService: stats => 1688936728363,-88,4075
07-09 23:05:28.370   830   975 I BatteryMgr:DataCollectionService: stats => 1688936728370,-88,4075
07-09 23:05:28.374   830   975 I BatteryMgr:DataCollectionService: stats => 1688936728374,-88,4075
07-09 23:05:28.378   830   975 I BatteryMgr:DataCollectionService: stats => 1688936728378,-88,4075
07-09 23:05:28.381   830   975 I BatteryMgr:DataCollectionService: stats => 1688936728381,-88,4075
07-09 23:05:28.385   830   975 I BatteryMgr:DataCollectionService: stats => 1688936728385,-88,4075
07-09 23:05:28.389   830   975 I BatteryMgr:DataCollectionService: stats => 1688936728389,-88,4075
07-09 23:05:28.392   830   975 I BatteryMgr:DataCollectionService: stats => 1688936728392,-88,4075
07-09 23:05:28.396   830   975 I BatteryMgr:DataCollectionService: stats => 1688936728396,-88,4075
07-09 23:05:28.400   830   975 I BatteryMgr:DataCollectionService: stats => 1688936728400,-88,4075
07-09 23:05:28.400  3436   952 D ExynosCamera3: [CAM_ID(1)][]-DEBUG(m_handleInternalFrame[8816]):[EJ] Pass the frame to handleBayerBuffer 65 / m_isNeedRequestFrame = 1, m_isNeedInternalFrame = 0
07-09 23:05:28.403   830   975 I BatteryMgr:DataCollectionService: stats => 1688936728403,-88,4075
07-09 23:05:28.407   830   975 I BatteryMgr:DataCollectionService: stats => 1688936728407,-88,4075
07-09 23:05:28.410   830   975 I BatteryMgr:DataCollectionService: stats => 1688936728410,-88,4075
07-09 23:05:28.413   830   975 I BatteryMgr:DataCollectionService: stats => 1688936728413,-88,4075
07-09 23:05:28.416   830   975 I BatteryMgr:DataCollectionService: stats => 1688936728416,-88,4075
07-09 23:05:28.419   830   975 I BatteryMgr:DataCollectionService: stats => 1688936728419,-88,4075
07-09 23:05:28.423   830   975 I BatteryMgr:DataCollectionService: stats => 1688936728422,-88,4075
07-09 23:05:28.426   830   975 I BatteryMgr:DataCollectionService: stats => 1688936728426,-88,4075
07-09 23:05:28.429   830   975 I BatteryMgr:DataCollectionService: stats => 1688936728429,-88,4075
07-09 23:05:28.432   830   975 I BatteryMgr:DataCollectionService: stats => 1688936728432,-88,4075
07-09 23:05:28.435  3436   949 W ExynosCamera3: [CAM_ID(1)][]-WARN(m_previewStreamVRAPipeThreadFunc[6650]):wait timeout
07-09 23:05:28.435   830   975 I BatteryMgr:DataCollectionService: stats => 1688936728435,-88,4075
07-09 23:05:28.439   830   975 I BatteryMgr:DataCollectionService: stats => 1688936728439,-88,4075
07-09 23:05:28.443   830   975 I BatteryMgr:DataCollectionService: stats => 1688936728443,-88,4075
07-09 23:05:28.446   830   975 I BatteryMgr:DataCollectionService: stats => 1688936728446,-88,4075
07-09 23:05:28.451   830   975 I BatteryMgr:DataCollectionService: stats => 1688936728451,-88,4075
07-09 23:05:28.454   830   975 I BatteryMgr:DataCollectionService: stats => 1688936728454,-88,4075
07-09 23:05:28.458   830   975 I BatteryMgr:DataCollectionService: stats => 1688936728458,-88,4075
07-09 23:05:28.460  3436   952 D ExynosCamera3: [CAM_ID(1)][]-DEBUG(m_handleInternalFrame[8816]):[EJ] Pass the frame to handleBayerBuffer 66 / m_isNeedRequestFrame = 1, m_isNeedInternalFrame = 0
07-09 23:05:28.460  3436   950 W ExynosCamera3: [CAM_ID(1)][]-WARN(m_previewStreamISPPipeThreadFunc[6613]):wait timeout
07-09 23:05:28.462   830   975 I BatteryMgr:DataCollectionService: stats => 1688936728462,-88,4075
07-09 23:05:28.462  3961 14509 I EDMNativeHelperService: isCameraEnabled
07-09 23:05:28.466   830   975 I BatteryMgr:DataCollectionService: stats => 1688936728466,-88,4075
07-09 23:05:28.470   830   975 I BatteryMgr:DataCollectionService: stats => 1688936728470,-88,4075
07-09 23:05:28.473   830   975 I BatteryMgr:DataCollectionService: stats => 1688936728473,-88,4075
07-09 23:05:28.477   830   975 I BatteryMgr:DataCollectionService: stats => 1688936728477,-88,4075
07-09 23:05:28.481   830   975 I BatteryMgr:DataCollectionService: stats => 1688936728481,-88,4075
07-09 23:05:28.484   830   975 I BatteryMgr:DataCollectionService: stats => 1688936728484,-88,4075
07-09 23:05:28.488   830   975 I BatteryMgr:DataCollectionService: stats => 1688936728488,-88,4075
07-09 23:05:28.492   830   975 I BatteryMgr:DataCollectionService: stats => 1688936728492,-88,4075
07-09 23:05:28.496   830   975 I BatteryMgr:DataCollectionService: stats => 1688936728496,-88,4075
07-09 23:05:28.499   830   975 I BatteryMgr:DataCollectionService: stats => 1688936728499,-88,4075
07-09 23:05:28.503   830   975 I BatteryMgr:DataCollectionService: stats => 1688936728503,-88,4075
07-09 23:05:28.507   830   975 I BatteryMgr:DataCollectionService: stats => 1688936728507,-88,4075
07-09 23:05:28.511   830   975 I BatteryMgr:DataCollectionService: stats => 1688936728511,-88,4075
07-09 23:05:28.514   830   975 I BatteryMgr:DataCollectionService: stats => 1688936728514,-88,4075
07-09 23:05:28.518   830   975 I BatteryMgr:DataCollectionService: stats => 1688936728518,-88,4075
07-09 23:05:28.520  3436   952 D ExynosCamera3: [CAM_ID(1)][]-DEBUG(m_handleInternalFrame[8816]):[EJ] Pass the frame to handleBayerBuffer 67 / m_isNeedRequestFrame = 1, m_isNeedInternalFrame = 0
07-09 23:05:28.522   830   975 I BatteryMgr:DataCollectionService: stats => 1688936728522,-88,4075
07-09 23:05:28.526   830   975 I BatteryMgr:DataCollectionService: stats => 1688936728526,-88,4075
07-09 23:05:28.530   830   975 I BatteryMgr:DataCollectionService: stats => 1688936728530,-88,4075
07-09 23:05:28.533   830   975 I BatteryMgr:DataCollectionService: stats => 1688936728533,-88,4075
07-09 23:05:28.537   830   975 I BatteryMgr:DataCollectionService: stats => 1688936728537,-88,4075
07-09 23:05:28.540  3436   942 W ExynosCameraMCPipe: [CAM_ID(1)][PIPE_ISP]-WARN(m_putBuffer[1530]):inputFrameQ wait timeout
07-09 23:05:28.540  3436   942 W ExynosCameraMCPipe: [CAM_ID(1)][PIPE_ISP]-WARN(m_putBufferThreadFunc[1471]):m_putbuffer fail, ret(-110)
07-09 23:05:28.541   830   975 I BatteryMgr:DataCollectionService: stats => 1688936728541,-88,4075
07-09 23:05:28.545   830   975 I BatteryMgr:DataCollectionService: stats => 1688936728544,-88,4075
07-09 23:05:28.548   830   975 I BatteryMgr:DataCollectionService: stats => 1688936728548,-88,4075
07-09 23:05:28.552   830   975 I BatteryMgr:DataCollectionService: stats => 1688936728552,-88,4075
07-09 23:05:28.554  3436   943 W ExynosCameraMCPipe: [CAM_ID(1)][PIPE_ISP]-WARN(m_getBuffer[1976]):requestFrameQ wait timeout
07-09 23:05:28.554  3436   943 W ExynosCameraMCPipe: [CAM_ID(1)][PIPE_ISP]-WARN(m_getBufferThreadFunc[1492]):m_getBuffer fail, ret(-110)
07-09 23:05:28.556   830   975 I BatteryMgr:DataCollectionService: stats => 1688936728556,-88,4075
07-09 23:05:28.560   830   975 I BatteryMgr:DataCollectionService: stats => 1688936728560,-88,4075
07-09 23:05:28.563   830   975 I BatteryMgr:DataCollectionService: stats => 1688936728563,-88,4075
07-09 23:05:28.567   830   975 I BatteryMgr:DataCollectionService: stats => 1688936728567,-88,4075
07-09 23:05:28.571   830   975 I BatteryMgr:DataCollectionService: stats => 1688936728571,-88,4075
07-09 23:05:28.575   830   975 I BatteryMgr:DataCollectionService: stats => 1688936728575,-88,4075
07-09 23:05:28.579   830   975 I BatteryMgr:DataCollectionService: stats => 1688936728579,-88,4075
07-09 23:05:28.580  3436   952 D ExynosCamera3: [CAM_ID(1)][]-DEBUG(m_handleInternalFrame[8816]):[EJ] Pass the frame to handleBayerBuffer 68 / m_isNeedRequestFrame = 1, m_isNeedInternalFrame = 0
07-09 23:05:28.583   830   975 I BatteryMgr:DataCollectionService: stats => 1688936728583,-88,4075
07-09 23:05:28.585  3436   949 W ExynosCamera3: [CAM_ID(1)][]-WARN(m_previewStreamVRAPipeThreadFunc[6650]):wait timeout
07-09 23:05:28.587   830   975 I BatteryMgr:DataCollectionService: stats => 1688936728587,-88,4075
07-09 23:05:28.591   830   975 I BatteryMgr:DataCollectionService: stats => 1688936728590,-88,4075
07-09 23:05:28.594   830   975 I BatteryMgr:DataCollectionService: stats => 1688936728594,-88,4075
07-09 23:05:28.598   830   975 I BatteryMgr:DataCollectionService: stats => 1688936728598,-88,4075
07-09 23:05:28.602   830   975 I BatteryMgr:DataCollectionService: stats => 1688936728602,-88,4075
07-09 23:05:28.605   830   975 I BatteryMgr:DataCollectionService: stats => 1688936728605,-88,4075
07-09 23:05:28.609   830   975 I BatteryMgr:DataCollectionService: stats => 1688936728609,-88,4075
07-09 23:05:28.610  3436   950 W ExynosCamera3: [CAM_ID(1)][]-WARN(m_previewStreamISPPipeThreadFunc[6613]):wait timeout
07-09 23:05:28.613   830   975 I BatteryMgr:DataCollectionService: stats => 1688936728613,-88,4075
07-09 23:05:28.617   830   975 I BatteryMgr:DataCollectionService: stats => 1688936728617,-88,4075
07-09 23:05:28.620   830   975 I BatteryMgr:DataCollectionService: stats => 1688936728620,-88,4075
07-09 23:05:28.624   830   975 I BatteryMgr:DataCollectionService: stats => 1688936728624,-88,4075
07-09 23:05:28.628   830   975 I BatteryMgr:DataCollectionService: stats => 1688936728628,-88,4075
07-09 23:05:28.632   830   975 I BatteryMgr:DataCollectionService: stats => 1688936728632,-88,4075
07-09 23:05:28.635   830   975 I BatteryMgr:DataCollectionService: stats => 1688936728635,-88,4075
07-09 23:05:28.639   830   975 I BatteryMgr:DataCollectionService: stats => 1688936728639,-88,4075
07-09 23:05:28.640  3436   952 D ExynosCamera3: [CAM_ID(1)][]-DEBUG(m_handleInternalFrame[8816]):[EJ] Pass the frame to handleBayerBuffer 69 / m_isNeedRequestFrame = 1, m_isNeedInternalFrame = 0
07-09 23:05:28.643   830   975 I BatteryMgr:DataCollectionService: stats => 1688936728643,-88,4075
07-09 23:05:28.647   830   975 I BatteryMgr:DataCollectionService: stats => 1688936728646,-88,4075
07-09 23:05:28.650   830   975 I BatteryMgr:DataCollectionService: stats => 1688936728650,-88,4075
07-09 23:05:28.654   830   975 I BatteryMgr:DataCollectionService: stats => 1688936728654,-88,4075
07-09 23:05:28.657   830   975 I BatteryMgr:DataCollectionService: stats => 1688936728657,-88,4075
07-09 23:05:28.661   830   975 I BatteryMgr:DataCollectionService: stats => 1688936728661,-88,4075
07-09 23:05:28.665   830   975 I BatteryMgr:DataCollectionService: stats => 1688936728665,-88,4075
07-09 23:05:28.669   830   975 I BatteryMgr:DataCollectionService: stats => 1688936728669,-88,4075
07-09 23:05:28.670   830   835 I zygote64: Do full code cache collection, code=124KB, data=77KB
07-09 23:05:28.672   830   835 I zygote64: After code cache collection, code=80KB, data=43KB
07-09 23:05:28.673   830   975 I BatteryMgr:DataCollectionService: stats => 1688936728673,-88,4075
07-09 23:05:28.676   830   975 I BatteryMgr:DataCollectionService: stats => 1688936728676,-88,4075
07-09 23:05:28.680   830   975 I BatteryMgr:DataCollectionService: stats => 1688936728680,-88,4075
07-09 23:05:28.684   830   975 I BatteryMgr:DataCollectionService: stats => 1688936728684,-88,4075
07-09 23:05:28.687   830   975 I BatteryMgr:DataCollectionService: stats => 1688936728687,-88,4075
07-09 23:05:28.691   830   975 I BatteryMgr:DataCollectionService: stats => 1688936728691,-88,4075
07-09 23:05:28.695   830   975 I BatteryMgr:DataCollectionService: stats => 1688936728695,-88,4075
07-09 23:05:28.699   830   975 I BatteryMgr:DataCollectionService: stats => 1688936728699,-88,4075
07-09 23:05:28.700  3436   952 D ExynosCamera3: [CAM_ID(1)][]-DEBUG(m_handleInternalFrame[8816]):[EJ] Pass the frame to handleBayerBuffer 70 / m_isNeedRequestFrame = 1, m_isNeedInternalFrame = 0
07-09 23:05:28.703   830   975 I BatteryMgr:DataCollectionService: stats => 1688936728703,-88,4075
07-09 23:05:28.706   830   975 I BatteryMgr:DataCollectionService: stats => 1688936728706,-88,4075
07-09 23:05:28.710   830   975 I BatteryMgr:DataCollectionService: stats => 1688936728710,-88,4075
07-09 23:05:28.714   830   975 I BatteryMgr:DataCollectionService: stats => 1688936728714,-88,4075
07-09 23:05:28.717   830   975 I BatteryMgr:DataCollectionService: stats => 1688936728717,-88,4075
07-09 23:05:28.721   830   975 I BatteryMgr:DataCollectionService: stats => 1688936728721,-88,4075
07-09 23:05:28.724   830   975 I BatteryMgr:DataCollectionService: stats => 1688936728724,-88,4075
07-09 23:05:28.728   830   975 I BatteryMgr:DataCollectionService: stats => 1688936728728,-88,4075
07-09 23:05:28.732   830   975 I BatteryMgr:DataCollectionService: stats => 1688936728732,-88,4075
07-09 23:05:28.735  3436   949 W ExynosCamera3: [CAM_ID(1)][]-WARN(m_previewStreamVRAPipeThreadFunc[6650]):wait timeout
07-09 23:05:28.736   830   975 I BatteryMgr:DataCollectionService: stats => 1688936728736,-88,4075
07-09 23:05:28.740   830   975 I BatteryMgr:DataCollectionService: stats => 1688936728740,-88,4075
07-09 23:05:28.743   830   975 I BatteryMgr:DataCollectionService: stats => 1688936728743,-88,4075
07-09 23:05:28.747   830   975 I BatteryMgr:DataCollectionService: stats => 1688936728747,-88,4075
07-09 23:05:28.751   830   975 I BatteryMgr:DataCollectionService: stats => 1688936728751,-88,4075
07-09 23:05:28.755   830   975 I BatteryMgr:DataCollectionService: stats => 1688936728755,-88,4075
07-09 23:05:28.758   830   975 I BatteryMgr:DataCollectionService: stats => 1688936728758,-88,4075
07-09 23:05:28.760  3436   952 D ExynosCamera3: [CAM_ID(1)][]-DEBUG(m_handleInternalFrame[8816]):[EJ] Pass the frame to handleBayerBuffer 71 / m_isNeedRequestFrame = 1, m_isNeedInternalFrame = 0
07-09 23:05:28.761  3436   950 W ExynosCamera3: [CAM_ID(1)][]-WARN(m_previewStreamISPPipeThreadFunc[6613]):wait timeout
07-09 23:05:28.762   830   975 I BatteryMgr:DataCollectionService: stats => 1688936728762,-88,4075
07-09 23:05:28.766   830   975 I BatteryMgr:DataCollectionService: stats => 1688936728766,-88,4075
07-09 23:05:28.769   830   975 I BatteryMgr:DataCollectionService: stats => 1688936728769,-88,4075
07-09 23:05:28.773   830   975 I BatteryMgr:DataCollectionService: stats => 1688936728773,-88,4075
07-09 23:05:28.777   830   975 I BatteryMgr:DataCollectionService: stats => 1688936728777,-88,4075
07-09 23:05:28.780   830   975 I BatteryMgr:DataCollectionService: stats => 1688936728780,-88,4075
07-09 23:05:28.784   830   975 I BatteryMgr:DataCollectionService: stats => 1688936728784,-88,4075
07-09 23:05:28.788   830   975 I BatteryMgr:DataCollectionService: stats => 1688936728788,-88,4075
07-09 23:05:28.792   830   975 I BatteryMgr:DataCollectionService: stats => 1688936728792,-88,4075
07-09 23:05:28.795   830   975 I BatteryMgr:DataCollectionService: stats => 1688936728795,-88,4075
07-09 23:05:28.799   830   975 I BatteryMgr:DataCollectionService: stats => 1688936728799,-88,4075
07-09 23:05:28.803   830   975 I BatteryMgr:DataCollectionService: stats => 1688936728803,-88,4075
07-09 23:05:28.806   830   975 I BatteryMgr:DataCollectionService: stats => 1688936728806,-88,4075
07-09 23:05:28.810   830   975 I BatteryMgr:DataCollectionService: stats => 1688936728810,-88,4075
07-09 23:05:28.814   830   975 I BatteryMgr:DataCollectionService: stats => 1688936728814,-88,4075
07-09 23:05:28.817   830   975 I BatteryMgr:DataCollectionService: stats => 1688936728817,-88,4075
07-09 23:05:28.820  3436   952 D ExynosCamera3: [CAM_ID(1)][]-DEBUG(m_handleInternalFrame[8816]):[EJ] Pass the frame to handleBayerBuffer 72 / m_isNeedRequestFrame = 1, m_isNeedInternalFrame = 0
07-09 23:05:28.821   830   975 I BatteryMgr:DataCollectionService: stats => 1688936728821,-88,4075
07-09 23:05:28.825   830   975 I BatteryMgr:DataCollectionService: stats => 1688936728825,-88,4075
07-09 23:05:28.829   830   975 I BatteryMgr:DataCollectionService: stats => 1688936728829,-88,4075
07-09 23:05:28.832   830   975 I BatteryMgr:DataCollectionService: stats => 1688936728832,-88,4075
07-09 23:05:28.836   830   975 I BatteryMgr:DataCollectionService: stats => 1688936728836,-88,4075
07-09 23:05:28.840   830   975 I BatteryMgr:DataCollectionService: stats => 1688936728840,-88,4075
07-09 23:05:28.843   830   975 I BatteryMgr:DataCollectionService: stats => 1688936728843,-88,4075
07-09 23:05:28.847   830   975 I BatteryMgr:DataCollectionService: stats => 1688936728847,-88,4075
07-09 23:05:28.851   830   975 I BatteryMgr:DataCollectionService: stats => 1688936728851,-88,4075
07-09 23:05:28.855   830   975 I BatteryMgr:DataCollectionService: stats => 1688936728854,-88,4075
07-09 23:05:28.858   830   975 I BatteryMgr:DataCollectionService: stats => 1688936728858,-88,4075
07-09 23:05:28.862   830   975 I BatteryMgr:DataCollectionService: stats => 1688936728862,-88,4075
07-09 23:05:28.865   830   975 I BatteryMgr:DataCollectionService: stats => 1688936728865,-88,4075
07-09 23:05:28.869   830   975 I BatteryMgr:DataCollectionService: stats => 1688936728869,-88,4075
07-09 23:05:28.873   830   975 I BatteryMgr:DataCollectionService: stats => 1688936728873,-88,4075
07-09 23:05:28.876   830   975 I BatteryMgr:DataCollectionService: stats => 1688936728876,-88,4075
07-09 23:05:28.879  3436   952 D ExynosCamera3: [CAM_ID(1)][]-DEBUG(m_handleInternalFrame[8816]):[EJ] Pass the frame to handleBayerBuffer 73 / m_isNeedRequestFrame = 1, m_isNeedInternalFrame = 0
07-09 23:05:28.880   830   975 I BatteryMgr:DataCollectionService: stats => 1688936728880,-88,4075
07-09 23:05:28.884   830   975 I BatteryMgr:DataCollectionService: stats => 1688936728884,-88,4075
07-09 23:05:28.885  3436   949 W ExynosCamera3: [CAM_ID(1)][]-WARN(m_previewStreamVRAPipeThreadFunc[6650]):wait timeout
07-09 23:05:28.887   830   975 I BatteryMgr:DataCollectionService: stats => 1688936728887,-88,4075
07-09 23:05:28.892   830   975 I BatteryMgr:DataCollectionService: stats => 1688936728892,-88,4075
07-09 23:05:28.897   830   975 I BatteryMgr:DataCollectionService: stats => 1688936728897,-88,4075
07-09 23:05:28.902   830   975 I BatteryMgr:DataCollectionService: stats => 1688936728902,-88,4075
07-09 23:05:28.909   830   975 I BatteryMgr:DataCollectionService: stats => 1688936728909,-88,4075
07-09 23:05:28.911  3436   950 W ExynosCamera3: [CAM_ID(1)][]-WARN(m_previewStreamISPPipeThreadFunc[6613]):wait timeout
07-09 23:05:28.913   830   975 I BatteryMgr:DataCollectionService: stats => 1688936728913,-88,4075
07-09 23:05:28.916   830   975 I BatteryMgr:DataCollectionService: stats => 1688936728916,-88,4075
07-09 23:05:28.920   830   975 I BatteryMgr:DataCollectionService: stats => 1688936728920,-88,4075
07-09 23:05:28.924   830   975 I BatteryMgr:DataCollectionService: stats => 1688936728924,-88,4075
07-09 23:05:28.927   830   975 I BatteryMgr:DataCollectionService: stats => 1688936728927,-88,4075
07-09 23:05:28.931   830   975 I BatteryMgr:DataCollectionService: stats => 1688936728931,-88,4075
07-09 23:05:28.935   830   975 I BatteryMgr:DataCollectionService: stats => 1688936728935,-88,4075
07-09 23:05:28.939   830   975 I BatteryMgr:DataCollectionService: stats => 1688936728939,-88,4075
07-09 23:05:28.939  3436   952 D ExynosCamera3: [CAM_ID(1)][]-DEBUG(m_handleInternalFrame[8816]):[EJ] Pass the frame to handleBayerBuffer 74 / m_isNeedRequestFrame = 1, m_isNeedInternalFrame = 0
07-09 23:05:28.943   830   975 I BatteryMgr:DataCollectionService: stats => 1688936728943,-88,4075
07-09 23:05:28.946   830   975 I BatteryMgr:DataCollectionService: stats => 1688936728946,-88,4075
07-09 23:05:28.950   830   975 I BatteryMgr:DataCollectionService: stats => 1688936728950,-88,4075
07-09 23:05:28.953   830   975 I BatteryMgr:DataCollectionService: stats => 1688936728953,-88,4075
07-09 23:05:28.957   830   975 I BatteryMgr:DataCollectionService: stats => 1688936728957,-88,4075
07-09 23:05:28.961   830   975 I BatteryMgr:DataCollectionService: stats => 1688936728961,-88,4075
07-09 23:05:28.964   830   975 I BatteryMgr:DataCollectionService: stats => 1688936728964,-88,4075
07-09 23:05:28.968   830   975 I BatteryMgr:DataCollectionService: stats => 1688936728968,-88,4075
07-09 23:05:28.972   830   975 I BatteryMgr:DataCollectionService: stats => 1688936728972,-88,4075
07-09 23:05:28.976   830   975 I BatteryMgr:DataCollectionService: stats => 1688936728976,-88,4075
07-09 23:05:28.980   830   975 I BatteryMgr:DataCollectionService: stats => 1688936728980,-88,4075
07-09 23:05:28.981  3436   951 E ExynosCamera3: [CAM_ID(1)][]-ERR(m_monitorThreadFunc[9173]):(0)
07-09 23:05:28.981  3436   951 E ExynosCamera3: [CAM_ID(1)][]-ERR(m_monitorThreadFunc[9175]):ERROR_DQ_BLOCKED) ; ERROR_DQ_BLOCKED_COUNT =20
07-09 23:05:28.981  3436   951 D ExynosCamera3: [CAM_ID(1)][]-DEBUG(dump[1946]):
07-09 23:05:28.984   830   975 I BatteryMgr:DataCollectionService: stats => 1688936728984,-88,4075
07-09 23:05:28.988   830   975 I BatteryMgr:DataCollectionService: stats => 1688936728988,-88,4075
07-09 23:05:28.992   830   975 I BatteryMgr:DataCollectionService: stats => 1688936728992,-88,4075
07-09 23:05:28.996   830   975 I BatteryMgr:DataCollectionService: stats => 1688936728996,-88,4075
07-09 23:05:28.999  3436   952 D ExynosCamera3: [CAM_ID(1)][]-DEBUG(m_handleInternalFrame[8816]):[EJ] Pass the frame to handleBayerBuffer 75 / m_isNeedRequestFrame = 1, m_isNeedInternalFrame = 0
07-09 23:05:29.000   830   975 I BatteryMgr:DataCollectionService: stats => 1688936729000,-88,4075
07-09 23:05:29.004   830   975 I BatteryMgr:DataCollectionService: stats => 1688936729003,-88,4075
07-09 23:05:29.007   830   975 I BatteryMgr:DataCollectionService: stats => 1688936729007,-88,4075
07-09 23:05:29.011   830   975 I BatteryMgr:DataCollectionService: stats => 1688936729011,-88,4075
07-09 23:05:29.015   830   975 I BatteryMgr:DataCollectionService: stats => 1688936729014,-88,4075
07-09 23:05:29.018   830   975 I BatteryMgr:DataCollectionService: stats => 1688936729018,-88,4075
07-09 23:05:29.022   830   975 I BatteryMgr:DataCollectionService: stats => 1688936729022,-88,4075
07-09 23:05:29.025   830   975 I BatteryMgr:DataCollectionService: stats => 1688936729025,-88,4075
07-09 23:05:29.029   830   975 I BatteryMgr:DataCollectionService: stats => 1688936729029,-88,4075
07-09 23:05:29.033   830   975 I BatteryMgr:DataCollectionService: stats => 1688936729033,-88,4075
07-09 23:05:29.036  3436   949 W ExynosCamera3: [CAM_ID(1)][]-WARN(m_previewStreamVRAPipeThreadFunc[6650]):wait timeout
07-09 23:05:29.036   830   983 D ProfileInstaller: Installing profile for com.example.batterymanager_utility
07-09 23:05:29.037   830   975 I BatteryMgr:DataCollectionService: stats => 1688936729037,-88,4075
07-09 23:05:29.040   830   975 I BatteryMgr:DataCollectionService: stats => 1688936729040,-88,4075
07-09 23:05:29.044   830   975 I BatteryMgr:DataCollectionService: stats => 1688936729044,-88,4075
07-09 23:05:29.048   830   975 I BatteryMgr:DataCollectionService: stats => 1688936729048,-88,4075
07-09 23:05:29.051   830   975 I BatteryMgr:DataCollectionService: stats => 1688936729051,-88,4075
07-09 23:05:29.055   830   975 I BatteryMgr:DataCollectionService: stats => 1688936729055,-88,4075
07-09 23:05:29.059  3436   952 D ExynosCamera3: [CAM_ID(1)][]-DEBUG(m_handleInternalFrame[8816]):[EJ] Pass the frame to handleBayerBuffer 76 / m_isNeedRequestFrame = 1, m_isNeedInternalFrame = 0
07-09 23:05:29.059   830   975 I BatteryMgr:DataCollectionService: stats => 1688936729059,-88,4075
07-09 23:05:29.061  3436   950 W ExynosCamera3: [CAM_ID(1)][]-WARN(m_previewStreamISPPipeThreadFunc[6613]):wait timeout
07-09 23:05:29.063   830   975 I BatteryMgr:DataCollectionService: stats => 1688936729063,-88,4075
07-09 23:05:29.066   830   975 I BatteryMgr:DataCollectionService: stats => 1688936729066,-88,4075
07-09 23:05:29.070   830   975 I BatteryMgr:DataCollectionService: stats => 1688936729070,-88,4075
07-09 23:05:29.074   830   975 I BatteryMgr:DataCollectionService: stats => 1688936729074,-88,4075
07-09 23:05:29.077   830   975 I BatteryMgr:DataCollectionService: stats => 1688936729077,-88,4075
07-09 23:05:29.081   830   975 I BatteryMgr:DataCollectionService: stats => 1688936729081,-88,4075
07-09 23:05:29.085   830   975 I BatteryMgr:DataCollectionService: stats => 1688936729085,-88,4075
07-09 23:05:29.089   830   975 I BatteryMgr:DataCollectionService: stats => 1688936729088,-88,4075
07-09 23:05:29.090  3436   942 W ExynosCameraMCPipe: [CAM_ID(1)][PIPE_ISP]-WARN(m_putBuffer[1530]):inputFrameQ wait timeout
07-09 23:05:29.090  3436   942 W ExynosCameraMCPipe: [CAM_ID(1)][PIPE_ISP]-WARN(m_putBufferThreadFunc[1471]):m_putbuffer fail, ret(-110)
07-09 23:05:29.092   830   975 I BatteryMgr:DataCollectionService: stats => 1688936729092,-88,4075
07-09 23:05:29.096   830   975 I BatteryMgr:DataCollectionService: stats => 1688936729096,-88,4075
07-09 23:05:29.100   830   975 I BatteryMgr:DataCollectionService: stats => 1688936729099,-88,4075
07-09 23:05:29.103   830   975 I BatteryMgr:DataCollectionService: stats => 1688936729103,-88,4075
07-09 23:05:29.105  3436   943 W ExynosCameraMCPipe: [CAM_ID(1)][PIPE_ISP]-WARN(m_getBuffer[1976]):requestFrameQ wait timeout
07-09 23:05:29.105  3436   943 W ExynosCameraMCPipe: [CAM_ID(1)][PIPE_ISP]-WARN(m_getBufferThreadFunc[1492]):m_getBuffer fail, ret(-110)
07-09 23:05:29.107   830   975 I BatteryMgr:DataCollectionService: stats => 1688936729107,-88,4075
07-09 23:05:29.111   830   975 I BatteryMgr:DataCollectionService: stats => 1688936729111,-88,4075
07-09 23:05:29.114   830   975 I BatteryMgr:DataCollectionService: stats => 1688936729114,-88,4075
07-09 23:05:29.119   830   975 I BatteryMgr:DataCollectionService: stats => 1688936729118,-88,4075
07-09 23:05:29.119  3436   952 D ExynosCamera3: [CAM_ID(1)][]-DEBUG(m_handleInternalFrame[8816]):[EJ] Pass the frame to handleBayerBuffer 77 / m_isNeedRequestFrame = 1, m_isNeedInternalFrame = 0
07-09 23:05:29.122   830   975 I BatteryMgr:DataCollectionService: stats => 1688936729122,-88,4075
07-09 23:05:29.126   830   975 I BatteryMgr:DataCollectionService: stats => 1688936729126,-88,4075
07-09 23:05:29.130   830   975 I BatteryMgr:DataCollectionService: stats => 1688936729129,-88,4075
07-09 23:05:29.135   830   975 I BatteryMgr:DataCollectionService: stats => 1688936729135,-88,4075
07-09 23:05:29.140   830   975 I BatteryMgr:DataCollectionService: stats => 1688936729140,-88,4075
07-09 23:05:29.145   830   975 I BatteryMgr:DataCollectionService: stats => 1688936729145,-88,4075
07-09 23:05:29.149   830   975 I BatteryMgr:DataCollectionService: stats => 1688936729149,-88,4075
07-09 23:05:29.153   830   975 I BatteryMgr:DataCollectionService: stats => 1688936729153,-88,4075
07-09 23:05:29.156   830   975 I BatteryMgr:DataCollectionService: stats => 1688936729156,-88,4075
07-09 23:05:29.160   830   975 I BatteryMgr:DataCollectionService: stats => 1688936729160,-88,4075
07-09 23:05:29.164   830   975 I BatteryMgr:DataCollectionService: stats => 1688936729164,-88,4075
07-09 23:05:29.167   830   975 I BatteryMgr:DataCollectionService: stats => 1688936729167,-88,4075
07-09 23:05:29.171   830   975 I BatteryMgr:DataCollectionService: stats => 1688936729171,-88,4075
07-09 23:05:29.175   830   975 I BatteryMgr:DataCollectionService: stats => 1688936729174,-88,4075
07-09 23:05:29.178   830   975 I BatteryMgr:DataCollectionService: stats => 1688936729178,-88,4075
07-09 23:05:29.179  3436   952 D ExynosCamera3: [CAM_ID(1)][]-DEBUG(m_handleInternalFrame[8816]):[EJ] Pass the frame to handleBayerBuffer 78 / m_isNeedRequestFrame = 1, m_isNeedInternalFrame = 0
07-09 23:05:29.182   830   975 I BatteryMgr:DataCollectionService: stats => 1688936729182,-88,4075
07-09 23:05:29.186   830   975 I BatteryMgr:DataCollectionService: stats => 1688936729185,-88,4075
07-09 23:05:29.186  3436   949 W ExynosCamera3: [CAM_ID(1)][]-WARN(m_previewStreamVRAPipeThreadFunc[6650]):wait timeout
07-09 23:05:29.189   830   975 I BatteryMgr:DataCollectionService: stats => 1688936729189,-88,4075
07-09 23:05:29.193   830   975 I BatteryMgr:DataCollectionService: stats => 1688936729193,-88,4075
07-09 23:05:29.197   830   975 I BatteryMgr:DataCollectionService: stats => 1688936729196,-88,4075
07-09 23:05:29.200   830   975 I BatteryMgr:DataCollectionService: stats => 1688936729200,-88,4075
07-09 23:05:29.204   830   975 I BatteryMgr:DataCollectionService: stats => 1688936729204,-88,4075
07-09 23:05:29.208   830   975 I BatteryMgr:DataCollectionService: stats => 1688936729208,-88,4075
07-09 23:05:29.211  3436   950 W ExynosCamera3: [CAM_ID(1)][]-WARN(m_previewStreamISPPipeThreadFunc[6613]):wait timeout
07-09 23:05:29.211   830   975 I BatteryMgr:DataCollectionService: stats => 1688936729211,-88,4075
07-09 23:05:29.215   830   975 I BatteryMgr:DataCollectionService: stats => 1688936729215,-88,4075
07-09 23:05:29.219   830   975 I BatteryMgr:DataCollectionService: stats => 1688936729219,-88,4075
07-09 23:05:29.223   830   975 I BatteryMgr:DataCollectionService: stats => 1688936729223,-88,4075
07-09 23:05:29.227   830   975 I BatteryMgr:DataCollectionService: stats => 1688936729227,-88,4075
07-09 23:05:29.231   830   975 I BatteryMgr:DataCollectionService: stats => 1688936729231,-88,4075
07-09 23:05:29.236   830   975 I BatteryMgr:DataCollectionService: stats => 1688936729236,-88,4075
07-09 23:05:29.239  3436   952 D ExynosCamera3: [CAM_ID(1)][]-DEBUG(m_handleInternalFrame[8816]):[EJ] Pass the frame to handleBayerBuffer 79 / m_isNeedRequestFrame = 1, m_isNeedInternalFrame = 0
07-09 23:05:29.242   830   975 I BatteryMgr:DataCollectionService: stats => 1688936729242,-88,4075
07-09 23:05:29.246   830   975 I BatteryMgr:DataCollectionService: stats => 1688936729246,-88,4075
07-09 23:05:29.250   830   975 I BatteryMgr:DataCollectionService: stats => 1688936729250,-88,4075
07-09 23:05:29.254   830   975 I BatteryMgr:DataCollectionService: stats => 1688936729254,-88,4075
07-09 23:05:29.257   830   975 I BatteryMgr:DataCollectionService: stats => 1688936729257,-88,4075
07-09 23:05:29.261   830   975 I BatteryMgr:DataCollectionService: stats => 1688936729261,-88,4075
07-09 23:05:29.265   830   975 I BatteryMgr:DataCollectionService: stats => 1688936729265,-88,4075
07-09 23:05:29.269   830   975 I BatteryMgr:DataCollectionService: stats => 1688936729268,-88,4075
07-09 23:05:29.271  4954  4954 D io_stats: !@ 179,0 r 168600 5664532 w 64762 873492 d 5894 223628 f 13360 13932 iot 94660 80302 th 51200 0 0 pt 0 inp 0 0 13811.695
07-09 23:05:29.272   830   975 I BatteryMgr:DataCollectionService: stats => 1688936729272,-88,4075
07-09 23:05:29.276   830   975 I BatteryMgr:DataCollectionService: stats => 1688936729276,-88,4075
07-09 23:05:29.280   830   975 I BatteryMgr:DataCollectionService: stats => 1688936729280,-88,4075
07-09 23:05:29.283   830   975 I BatteryMgr:DataCollectionService: stats => 1688936729283,-88,4075
07-09 23:05:29.287   830   975 I BatteryMgr:DataCollectionService: stats => 1688936729287,-88,4075
07-09 23:05:29.291   830   975 I BatteryMgr:DataCollectionService: stats => 1688936729291,-88,4075
07-09 23:05:29.294   830   975 I BatteryMgr:DataCollectionService: stats => 1688936729294,-88,4075
07-09 23:05:29.298   830   975 I BatteryMgr:DataCollectionService: stats => 1688936729298,-88,4075
07-09 23:05:29.299  3436   952 D ExynosCamera3: [CAM_ID(1)][]-DEBUG(m_handleInternalFrame[8816]):[EJ] Pass the frame to handleBayerBuffer 80 / m_isNeedRequestFrame = 1, m_isNeedInternalFrame = 0
07-09 23:05:29.301  3436   897 I ExynosCameraFrameManager: [CAM_ID(1)][RUNNING FRAME WORKER]-INFO(workerMain[947]): wait and pop fail, ret(-110)
07-09 23:05:29.302   830   975 I BatteryMgr:DataCollectionService: stats => 1688936729302,-88,4075
07-09 23:05:29.306   830   975 I BatteryMgr:DataCollectionService: stats => 1688936729306,-88,4075
07-09 23:05:29.310   830   975 I BatteryMgr:DataCollectionService: stats => 1688936729310,-88,4075
07-09 23:05:29.313   830   975 I BatteryMgr:DataCollectionService: stats => 1688936729313,-88,4075
07-09 23:05:29.319   830   975 I BatteryMgr:DataCollectionService: stats => 1688936729319,-88,4075
07-09 23:05:29.320  3436   896 D ExynosCameraFrameManager: [CAM_ID(1)][CREATE FRAME WORKER]-DEBUG(workerMain[375]):waiting time is expired
07-09 23:05:29.324   830   975 I BatteryMgr:DataCollectionService: stats => 1688936729324,-88,4075
07-09 23:05:29.330   830   975 I BatteryMgr:DataCollectionService: stats => 1688936729330,-88,4075
07-09 23:05:29.335   830   975 I BatteryMgr:DataCollectionService: stats => 1688936729335,-88,4075
07-09 23:05:29.336  3436   949 W ExynosCamera3: [CAM_ID(1)][]-WARN(m_previewStreamVRAPipeThreadFunc[6650]):wait timeout
07-09 23:05:29.338   830   975 I BatteryMgr:DataCollectionService: stats => 1688936729338,-88,4075
07-09 23:05:29.342   830   975 I BatteryMgr:DataCollectionService: stats => 1688936729342,-88,4075
07-09 23:05:29.346   830   975 I BatteryMgr:DataCollectionService: stats => 1688936729346,-88,4075
07-09 23:05:29.350   830   975 I BatteryMgr:DataCollectionService: stats => 1688936729349,-88,4075
07-09 23:05:29.353   830   975 I BatteryMgr:DataCollectionService: stats => 1688936729353,-88,4075
07-09 23:05:29.357   830   975 I BatteryMgr:DataCollectionService: stats => 1688936729357,-88,4075
07-09 23:05:29.359  3436   952 D ExynosCamera3: [CAM_ID(1)][]-DEBUG(m_handleInternalFrame[8816]):[EJ] Pass the frame to handleBayerBuffer 81 / m_isNeedRequestFrame = 1, m_isNeedInternalFrame = 0
07-09 23:05:29.360   830   975 I BatteryMgr:DataCollectionService: stats => 1688936729360,-88,4075
07-09 23:05:29.361  3436   950 W ExynosCamera3: [CAM_ID(1)][]-WARN(m_previewStreamISPPipeThreadFunc[6613]):wait timeout
07-09 23:05:29.364   830   975 I BatteryMgr:DataCollectionService: stats => 1688936729364,-88,4075
07-09 23:05:29.368   830   975 I BatteryMgr:DataCollectionService: stats => 1688936729368,-88,4075
07-09 23:05:29.372   830   975 I BatteryMgr:DataCollectionService: stats => 1688936729372,-88,4075
07-09 23:05:29.375   830   975 I BatteryMgr:DataCollectionService: stats => 1688936729375,-88,4075
07-09 23:05:29.379   830   975 I BatteryMgr:DataCollectionService: stats => 1688936729379,-88,4075
07-09 23:05:29.383   830   975 I BatteryMgr:DataCollectionService: stats => 1688936729382,-88,4075
07-09 23:05:29.389   830   975 I BatteryMgr:DataCollectionService: stats => 1688936729389,-88,4075
07-09 23:05:29.392   830   975 I BatteryMgr:DataCollectionService: stats => 1688936729392,-88,4075
07-09 23:05:29.396   830   975 I BatteryMgr:DataCollectionService: stats => 1688936729396,-88,4075
07-09 23:05:29.400   830   975 I BatteryMgr:DataCollectionService: stats => 1688936729400,-88,4075
07-09 23:05:29.404   830   975 I BatteryMgr:DataCollectionService: stats => 1688936729403,-88,4075
07-09 23:05:29.407   830   975 I BatteryMgr:DataCollectionService: stats => 1688936729407,-88,4075
07-09 23:05:29.411   830   975 I BatteryMgr:DataCollectionService: stats => 1688936729411,-88,4075
07-09 23:05:29.415   830   975 I BatteryMgr:DataCollectionService: stats => 1688936729414,-88,4075
07-09 23:05:29.418   830   975 I BatteryMgr:DataCollectionService: stats => 1688936729418,-88,4075
07-09 23:05:29.419  3436   952 D ExynosCamera3: [CAM_ID(1)][]-DEBUG(m_handleInternalFrame[8816]):[EJ] Pass the frame to handleBayerBuffer 82 / m_isNeedRequestFrame = 1, m_isNeedInternalFrame = 0
07-09 23:05:29.422   830   975 I BatteryMgr:DataCollectionService: stats => 1688936729422,-88,4075
07-09 23:05:29.426   830   975 I BatteryMgr:DataCollectionService: stats => 1688936729426,-88,4075
07-09 23:05:29.429   830   975 I BatteryMgr:DataCollectionService: stats => 1688936729429,-88,4075
07-09 23:05:29.433   830   975 I BatteryMgr:DataCollectionService: stats => 1688936729433,-88,4075
07-09 23:05:29.437   830   975 I BatteryMgr:DataCollectionService: stats => 1688936729436,-88,4075
07-09 23:05:29.440   830   975 I BatteryMgr:DataCollectionService: stats => 1688936729440,-88,4075
07-09 23:05:29.444   830   975 I BatteryMgr:DataCollectionService: stats => 1688936729444,-88,4075
07-09 23:05:29.448   830   975 I BatteryMgr:DataCollectionService: stats => 1688936729448,-88,4075
07-09 23:05:29.452   830   975 I BatteryMgr:DataCollectionService: stats => 1688936729451,-88,4075
07-09 23:05:29.455   830   975 I BatteryMgr:DataCollectionService: stats => 1688936729455,-88,4075
07-09 23:05:29.459   830   975 I BatteryMgr:DataCollectionService: stats => 1688936729459,-88,4075
07-09 23:05:29.463   830   975 I BatteryMgr:DataCollectionService: stats => 1688936729463,-88,4075
