07-04 12:34:03.921  3434 15129 D ExynosCamera3: [CAM_ID(1)][]-DEBUG(m_handleInternalFrame[8816]):[EJ] Pass the frame to handleBayerBuffer 503 / m_isNeedRequestFrame = 1, m_isNeedInternalFrame = 0
07-04 12:34:03.954  3434 15129 D ExynosCamera3: [CAM_ID(1)][]-DEBUG(m_handleInternalFrame[8816]):[EJ] Pass the frame to handleBayerBuffer 504 / m_isNeedRequestFrame = 1, m_isNeedInternalFrame = 0
07-04 12:34:03.965  3434 15126 W ExynosCamera3: [CAM_ID(1)][]-WARN(m_previewStreamVRAPipeThreadFunc[6650]):wait timeout
07-04 12:34:03.982 15012 15151 I BatteryMgr:DataCollectionService: stats => 1688466843982,-87,4069
07-04 12:34:03.987  3434 15129 D ExynosCamera3: [CAM_ID(1)][]-DEBUG(m_handleInternalFrame[8816]):[EJ] Pass the frame to handleBayerBuffer 505 / m_isNeedRequestFrame = 1, m_isNeedInternalFrame = 0
07-04 12:34:04.021  3434 15129 D ExynosCamera3: [CAM_ID(1)][]-DEBUG(m_handleInternalFrame[8816]):[EJ] Pass the frame to handleBayerBuffer 506 / m_isNeedRequestFrame = 1, m_isNeedInternalFrame = 0
07-04 12:34:04.040  3434 15127 W ExynosCamera3: [CAM_ID(1)][]-WARN(m_previewStreamISPPipeThreadFunc[6613]):wait timeout
07-04 12:34:04.054  3434 15129 D ExynosCamera3: [CAM_ID(1)][]-DEBUG(m_handleInternalFrame[8816]):[EJ] Pass the frame to handleBayerBuffer 507 / m_isNeedRequestFrame = 1, m_isNeedInternalFrame = 0
07-04 12:34:04.087 15012 15151 I BatteryMgr:DataCollectionService: stats => 1688466844087,-87,4069
07-04 12:34:04.087  3434 15129 D ExynosCamera3: [CAM_ID(1)][]-DEBUG(m_handleInternalFrame[8816]):[EJ] Pass the frame to handleBayerBuffer 508 / m_isNeedRequestFrame = 1, m_isNeedInternalFrame = 0
07-04 12:34:04.102  3962 13436 I EDMNativeHelperService: isCameraEnabled
07-04 12:34:04.115  3434 15126 W ExynosCamera3: [CAM_ID(1)][]-WARN(m_previewStreamVRAPipeThreadFunc[6650]):wait timeout
07-04 12:34:04.121  3434 15129 D ExynosCamera3: [CAM_ID(1)][]-DEBUG(m_handleInternalFrame[8816]):[EJ] Pass the frame to handleBayerBuffer 509 / m_isNeedRequestFrame = 1, m_isNeedInternalFrame = 0
07-04 12:34:04.154  3434 15129 D ExynosCamera3: [CAM_ID(1)][]-DEBUG(m_handleInternalFrame[8816]):[EJ] Pass the frame to handleBayerBuffer 510 / m_isNeedRequestFrame = 1, m_isNeedInternalFrame = 0
07-04 12:34:04.188  3434 15129 D ExynosCamera3: [CAM_ID(1)][]-DEBUG(m_handleInternalFrame[8816]):[EJ] Pass the frame to handleBayerBuffer 511 / m_isNeedRequestFrame = 1, m_isNeedInternalFrame = 0
07-04 12:34:04.190  3434 15127 W ExynosCamera3: [CAM_ID(1)][]-WARN(m_previewStreamISPPipeThreadFunc[6613]):wait timeout
07-04 12:34:04.193 15012 15151 I BatteryMgr:DataCollectionService: stats => 1688466844193,-87,4069
07-04 12:34:04.221  3434 15129 D ExynosCamera3: [CAM_ID(1)][]-DEBUG(m_handleInternalFrame[8816]):[EJ] Pass the frame to handleBayerBuffer 512 / m_isNeedRequestFrame = 1, m_isNeedInternalFrame = 0
07-04 12:34:04.254  3434 15129 D ExynosCamera3: [CAM_ID(1)][]-DEBUG(m_handleInternalFrame[8816]):[EJ] Pass the frame to handleBayerBuffer 513 / m_isNeedRequestFrame = 1, m_isNeedInternalFrame = 0
07-04 12:34:04.265  3434 15126 W ExynosCamera3: [CAM_ID(1)][]-WARN(m_previewStreamVRAPipeThreadFunc[6650]):wait timeout
07-04 12:34:04.287  3434 15129 D ExynosCamera3: [CAM_ID(1)][]-DEBUG(m_handleInternalFrame[8816]):[EJ] Pass the frame to handleBayerBuffer 514 / m_isNeedRequestFrame = 1, m_isNeedInternalFrame = 0
07-04 12:34:04.298 15012 15151 I BatteryMgr:DataCollectionService: stats => 1688466844298,-87,4069
07-04 12:34:04.321  3434 15129 D ExynosCamera3: [CAM_ID(1)][]-DEBUG(m_handleInternalFrame[8816]):[EJ] Pass the frame to handleBayerBuffer 515 / m_isNeedRequestFrame = 1, m_isNeedInternalFrame = 0
07-04 12:34:04.340  3434 15127 W ExynosCamera3: [CAM_ID(1)][]-WARN(m_previewStreamISPPipeThreadFunc[6613]):wait timeout
07-04 12:34:04.354  3434 15129 D ExynosCamera3: [CAM_ID(1)][]-DEBUG(m_handleInternalFrame[8816]):[EJ] Pass the frame to handleBayerBuffer 516 / m_isNeedRequestFrame = 1, m_isNeedInternalFrame = 0
07-04 12:34:04.391  3434 15129 D ExynosCamera3: [CAM_ID(1)][]-DEBUG(m_handleInternalFrame[8816]):[EJ] Pass the frame to handleBayerBuffer 517 / m_isNeedRequestFrame = 1, m_isNeedInternalFrame = 0
07-04 12:34:04.403 15012 15151 I BatteryMgr:DataCollectionService: stats => 1688466844403,-87,4069
07-04 12:34:04.415  3434 15126 W ExynosCamera3: [CAM_ID(1)][]-WARN(m_previewStreamVRAPipeThreadFunc[6650]):wait timeout
07-04 12:34:04.416  3434 15120 W ExynosCameraMCPipe: [CAM_ID(1)][PIPE_ISP]-WARN(m_putBuffer[1530]):inputFrameQ wait timeout
07-04 12:34:04.416  3434 15120 W ExynosCameraMCPipe: [CAM_ID(1)][PIPE_ISP]-WARN(m_putBufferThreadFunc[1471]):m_putbuffer fail, ret(-110)
07-04 12:34:04.420  3434 15129 D ExynosCamera3: [CAM_ID(1)][]-DEBUG(m_handleInternalFrame[8816]):[EJ] Pass the frame to handleBayerBuffer 518 / m_isNeedRequestFrame = 1, m_isNeedInternalFrame = 0
07-04 12:34:04.430  3434 15121 W ExynosCameraMCPipe: [CAM_ID(1)][PIPE_ISP]-WARN(m_getBuffer[1976]):requestFrameQ wait timeout
07-04 12:34:04.430  3434 15121 W ExynosCameraMCPipe: [CAM_ID(1)][PIPE_ISP]-WARN(m_getBufferThreadFunc[1492]):m_getBuffer fail, ret(-110)
07-04 12:34:04.454  3434 15129 D ExynosCamera3: [CAM_ID(1)][]-DEBUG(m_handleInternalFrame[8816]):[EJ] Pass the frame to handleBayerBuffer 519 / m_isNeedRequestFrame = 1, m_isNeedInternalFrame = 0
07-04 12:34:04.487  3434 15129 D ExynosCamera3: [CAM_ID(1)][]-DEBUG(m_handleInternalFrame[8816]):[EJ] Pass the frame to handleBayerBuffer 520 / m_isNeedRequestFrame = 1, m_isNeedInternalFrame = 0
07-04 12:34:04.490  3434 15127 W ExynosCamera3: [CAM_ID(1)][]-WARN(m_previewStreamISPPipeThreadFunc[6613]):wait timeout
07-04 12:34:04.508 15012 15151 I BatteryMgr:DataCollectionService: stats => 1688466844508,-87,4069
07-04 12:34:04.520  3434 15129 D ExynosCamera3: [CAM_ID(1)][]-DEBUG(m_handleInternalFrame[8816]):[EJ] Pass the frame to handleBayerBuffer 521 / m_isNeedRequestFrame = 1, m_isNeedInternalFrame = 0
07-04 12:34:04.553  3434 15129 D ExynosCamera3: [CAM_ID(1)][]-DEBUG(m_handleInternalFrame[8816]):[EJ] Pass the frame to handleBayerBuffer 522 / m_isNeedRequestFrame = 1, m_isNeedInternalFrame = 0
07-04 12:34:04.565  3434 15126 W ExynosCamera3: [CAM_ID(1)][]-WARN(m_previewStreamVRAPipeThreadFunc[6650]):wait timeout
07-04 12:34:04.587  3434 15129 D ExynosCamera3: [CAM_ID(1)][]-DEBUG(m_handleInternalFrame[8816]):[EJ] Pass the frame to handleBayerBuffer 523 / m_isNeedRequestFrame = 1, m_isNeedInternalFrame = 0
07-04 12:34:04.614 15012 15151 I BatteryMgr:DataCollectionService: stats => 1688466844614,-87,4069
07-04 12:34:04.620  3434 15129 D ExynosCamera3: [CAM_ID(1)][]-DEBUG(m_handleInternalFrame[8816]):[EJ] Pass the frame to handleBayerBuffer 524 / m_isNeedRequestFrame = 1, m_isNeedInternalFrame = 0
07-04 12:34:04.640  3434 15127 W ExynosCamera3: [CAM_ID(1)][]-WARN(m_previewStreamISPPipeThreadFunc[6613]):wait timeout
07-04 12:34:04.653  3434 15129 D ExynosCamera3: [CAM_ID(1)][]-DEBUG(m_handleInternalFrame[8816]):[EJ] Pass the frame to handleBayerBuffer 525 / m_isNeedRequestFrame = 1, m_isNeedInternalFrame = 0
07-04 12:34:04.687  3434 15129 D ExynosCamera3: [CAM_ID(1)][]-DEBUG(m_handleInternalFrame[8816]):[EJ] Pass the frame to handleBayerBuffer 526 / m_isNeedRequestFrame = 1, m_isNeedInternalFrame = 0
07-04 12:34:04.716  3434 15126 W ExynosCamera3: [CAM_ID(1)][]-WARN(m_previewStreamVRAPipeThreadFunc[6650]):wait timeout
07-04 12:34:04.719 15012 15151 I BatteryMgr:DataCollectionService: stats => 1688466844719,-87,4069
07-04 12:34:04.720  3434 15129 D ExynosCamera3: [CAM_ID(1)][]-DEBUG(m_handleInternalFrame[8816]):[EJ] Pass the frame to handleBayerBuffer 527 / m_isNeedRequestFrame = 1, m_isNeedInternalFrame = 0
07-04 12:34:04.753  3434 15129 D ExynosCamera3: [CAM_ID(1)][]-DEBUG(m_handleInternalFrame[8816]):[EJ] Pass the frame to handleBayerBuffer 528 / m_isNeedRequestFrame = 1, m_isNeedInternalFrame = 0
07-04 12:34:04.787  3434 15129 D ExynosCamera3: [CAM_ID(1)][]-DEBUG(m_handleInternalFrame[8816]):[EJ] Pass the frame to handleBayerBuffer 529 / m_isNeedRequestFrame = 1, m_isNeedInternalFrame = 0
07-04 12:34:04.791  3434 15127 W ExynosCamera3: [CAM_ID(1)][]-WARN(m_previewStreamISPPipeThreadFunc[6613]):wait timeout
07-04 12:34:04.793  3962  6491 D SSRM:k  : SIOP:: AP = 280, PST = 266 (W:26), BAT = 254, USB = 0, CHG = 0
07-04 12:34:04.820  3434 15129 D ExynosCamera3: [CAM_ID(1)][]-DEBUG(m_handleInternalFrame[8816]):[EJ] Pass the frame to handleBayerBuffer 530 / m_isNeedRequestFrame = 1, m_isNeedInternalFrame = 0
07-04 12:34:04.825 15012 15151 I BatteryMgr:DataCollectionService: stats => 1688466844825,-87,4069
07-04 12:34:04.856  3434 15129 D ExynosCamera3: [CAM_ID(1)][]-DEBUG(m_handleInternalFrame[8816]):[EJ] Pass the frame to handleBayerBuffer 531 / m_isNeedRequestFrame = 1, m_isNeedInternalFrame = 0
07-04 12:34:04.866  3434 15126 W ExynosCamera3: [CAM_ID(1)][]-WARN(m_previewStreamVRAPipeThreadFunc[6650]):wait timeout
07-04 12:34:04.887  3434 15129 D ExynosCamera3: [CAM_ID(1)][]-DEBUG(m_handleInternalFrame[8816]):[EJ] Pass the frame to handleBayerBuffer 532 / m_isNeedRequestFrame = 1, m_isNeedInternalFrame = 0
07-04 12:34:04.920  3434 15129 D ExynosCamera3: [CAM_ID(1)][]-DEBUG(m_handleInternalFrame[8816]):[EJ] Pass the frame to handleBayerBuffer 533 / m_isNeedRequestFrame = 1, m_isNeedInternalFrame = 0
07-04 12:34:04.930 15012 15151 I BatteryMgr:DataCollectionService: stats => 1688466844930,-87,4069
07-04 12:34:04.941  3434 15127 W ExynosCamera3: [CAM_ID(1)][]-WARN(m_previewStreamISPPipeThreadFunc[6613]):wait timeout
07-04 12:34:04.953  3434 15129 D ExynosCamera3: [CAM_ID(1)][]-DEBUG(m_handleInternalFrame[8816]):[EJ] Pass the frame to handleBayerBuffer 534 / m_isNeedRequestFrame = 1, m_isNeedInternalFrame = 0
07-04 12:34:04.966  3434 15120 W ExynosCameraMCPipe: [CAM_ID(1)][PIPE_ISP]-WARN(m_putBuffer[1530]):inputFrameQ wait timeout
07-04 12:34:04.966  3434 15120 W ExynosCameraMCPipe: [CAM_ID(1)][PIPE_ISP]-WARN(m_putBufferThreadFunc[1471]):m_putbuffer fail, ret(-110)
07-04 12:34:04.980  3434 15121 W ExynosCameraMCPipe: [CAM_ID(1)][PIPE_ISP]-WARN(m_getBuffer[1976]):requestFrameQ wait timeout
07-04 12:34:04.980  3434 15121 W ExynosCameraMCPipe: [CAM_ID(1)][PIPE_ISP]-WARN(m_getBufferThreadFunc[1492]):m_getBuffer fail, ret(-110)
07-04 12:34:04.987  3434 15129 D ExynosCamera3: [CAM_ID(1)][]-DEBUG(m_handleInternalFrame[8816]):[EJ] Pass the frame to handleBayerBuffer 535 / m_isNeedRequestFrame = 1, m_isNeedInternalFrame = 0
07-04 12:34:05.016  3434 15126 W ExynosCamera3: [CAM_ID(1)][]-WARN(m_previewStreamVRAPipeThreadFunc[6650]):wait timeout
07-04 12:34:05.024  3434 15129 D ExynosCamera3: [CAM_ID(1)][]-DEBUG(m_handleInternalFrame[8816]):[EJ] Pass the frame to handleBayerBuffer 536 / m_isNeedRequestFrame = 1, m_isNeedInternalFrame = 0
07-04 12:34:05.035 15012 15151 I BatteryMgr:DataCollectionService: stats => 1688466845035,-87,4069
07-04 12:34:05.053  3434 15129 D ExynosCamera3: [CAM_ID(1)][]-DEBUG(m_handleInternalFrame[8816]):[EJ] Pass the frame to handleBayerBuffer 537 / m_isNeedRequestFrame = 1, m_isNeedInternalFrame = 0
07-04 12:34:05.086  3434 15129 D ExynosCamera3: [CAM_ID(1)][]-DEBUG(m_handleInternalFrame[8816]):[EJ] Pass the frame to handleBayerBuffer 538 / m_isNeedRequestFrame = 1, m_isNeedInternalFrame = 0
07-04 12:34:05.091  3434 15127 W ExynosCamera3: [CAM_ID(1)][]-WARN(m_previewStreamISPPipeThreadFunc[6613]):wait timeout
07-04 12:34:05.104  3962 13436 I EDMNativeHelperService: isCameraEnabled
07-04 12:34:05.120  3434 15129 D ExynosCamera3: [CAM_ID(1)][]-DEBUG(m_handleInternalFrame[8816]):[EJ] Pass the frame to handleBayerBuffer 539 / m_isNeedRequestFrame = 1, m_isNeedInternalFrame = 0
07-04 12:34:05.141 15012 15151 I BatteryMgr:DataCollectionService: stats => 1688466845140,-87,4069
07-04 12:34:05.153  3434 15129 D ExynosCamera3: [CAM_ID(1)][]-DEBUG(m_handleInternalFrame[8816]):[EJ] Pass the frame to handleBayerBuffer 540 / m_isNeedRequestFrame = 1, m_isNeedInternalFrame = 0
07-04 12:34:05.167  3434 15126 W ExynosCamera3: [CAM_ID(1)][]-WARN(m_previewStreamVRAPipeThreadFunc[6650]):wait timeout
07-04 12:34:05.186  3434 15129 D ExynosCamera3: [CAM_ID(1)][]-DEBUG(m_handleInternalFrame[8816]):[EJ] Pass the frame to handleBayerBuffer 541 / m_isNeedRequestFrame = 1, m_isNeedInternalFrame = 0
07-04 12:34:05.220  3434 15129 D ExynosCamera3: [CAM_ID(1)][]-DEBUG(m_handleInternalFrame[8816]):[EJ] Pass the frame to handleBayerBuffer 542 / m_isNeedRequestFrame = 1, m_isNeedInternalFrame = 0
07-04 12:34:05.241  3434 15127 W ExynosCamera3: [CAM_ID(1)][]-WARN(m_previewStreamISPPipeThreadFunc[6613]):wait timeout
07-04 12:34:05.246 15012 15151 I BatteryMgr:DataCollectionService: stats => 1688466845246,-87,4069
07-04 12:34:05.253  3434 15129 D ExynosCamera3: [CAM_ID(1)][]-DEBUG(m_handleInternalFrame[8816]):[EJ] Pass the frame to handleBayerBuffer 543 / m_isNeedRequestFrame = 1, m_isNeedInternalFrame = 0
07-04 12:34:05.286  3434 15129 D ExynosCamera3: [CAM_ID(1)][]-DEBUG(m_handleInternalFrame[8816]):[EJ] Pass the frame to handleBayerBuffer 544 / m_isNeedRequestFrame = 1, m_isNeedInternalFrame = 0
07-04 12:34:05.317  3434 15126 W ExynosCamera3: [CAM_ID(1)][]-WARN(m_previewStreamVRAPipeThreadFunc[6650]):wait timeout
07-04 12:34:05.319  3434 15129 D ExynosCamera3: [CAM_ID(1)][]-DEBUG(m_handleInternalFrame[8816]):[EJ] Pass the frame to handleBayerBuffer 545 / m_isNeedRequestFrame = 1, m_isNeedInternalFrame = 0
07-04 12:34:05.351 15012 15151 I BatteryMgr:DataCollectionService: stats => 1688466845351,-87,4069
07-04 12:34:05.353  3434 15129 D ExynosCamera3: [CAM_ID(1)][]-DEBUG(m_handleInternalFrame[8816]):[EJ] Pass the frame to handleBayerBuffer 546 / m_isNeedRequestFrame = 1, m_isNeedInternalFrame = 0
07-04 12:34:05.386  3434 15129 D ExynosCamera3: [CAM_ID(1)][]-DEBUG(m_handleInternalFrame[8816]):[EJ] Pass the frame to handleBayerBuffer 547 / m_isNeedRequestFrame = 1, m_isNeedInternalFrame = 0
07-04 12:34:05.392  3434 15127 W ExynosCamera3: [CAM_ID(1)][]-WARN(m_previewStreamISPPipeThreadFunc[6613]):wait timeout
07-04 12:34:05.419  3434 15129 D ExynosCamera3: [CAM_ID(1)][]-DEBUG(m_handleInternalFrame[8816]):[EJ] Pass the frame to handleBayerBuffer 548 / m_isNeedRequestFrame = 1, m_isNeedInternalFrame = 0
07-04 12:34:05.454  3434 15129 D ExynosCamera3: [CAM_ID(1)][]-DEBUG(m_handleInternalFrame[8816]):[EJ] Pass the frame to handleBayerBuffer 549 / m_isNeedRequestFrame = 1, m_isNeedInternalFrame = 0
07-04 12:34:05.457 15012 15151 I BatteryMgr:DataCollectionService: stats => 1688466845457,-87,4069
07-04 12:34:05.467  3434 15126 W ExynosCamera3: [CAM_ID(1)][]-WARN(m_previewStreamVRAPipeThreadFunc[6650]):wait timeout
07-04 12:34:05.486  3434 15129 D ExynosCamera3: [CAM_ID(1)][]-DEBUG(m_handleInternalFrame[8816]):[EJ] Pass the frame to handleBayerBuffer 550 / m_isNeedRequestFrame = 1, m_isNeedInternalFrame = 0
07-04 12:34:05.517  3434 15120 W ExynosCameraMCPipe: [CAM_ID(1)][PIPE_ISP]-WARN(m_putBuffer[1530]):inputFrameQ wait timeout
07-04 12:34:05.517  3434 15120 W ExynosCameraMCPipe: [CAM_ID(1)][PIPE_ISP]-WARN(m_putBufferThreadFunc[1471]):m_putbuffer fail, ret(-110)
07-04 12:34:05.520  3434 15129 D ExynosCamera3: [CAM_ID(1)][]-DEBUG(m_handleInternalFrame[8816]):[EJ] Pass the frame to handleBayerBuffer 551 / m_isNeedRequestFrame = 1, m_isNeedInternalFrame = 0
07-04 12:34:05.530  3434 15121 W ExynosCameraMCPipe: [CAM_ID(1)][PIPE_ISP]-WARN(m_getBuffer[1976]):requestFrameQ wait timeout
07-04 12:34:05.530  3434 15121 W ExynosCameraMCPipe: [CAM_ID(1)][PIPE_ISP]-WARN(m_getBufferThreadFunc[1492]):m_getBuffer fail, ret(-110)
07-04 12:34:05.542  3434 15127 W ExynosCamera3: [CAM_ID(1)][]-WARN(m_previewStreamISPPipeThreadFunc[6613]):wait timeout
07-04 12:34:05.553  3434 15129 D ExynosCamera3: [CAM_ID(1)][]-DEBUG(m_handleInternalFrame[8816]):[EJ] Pass the frame to handleBayerBuffer 552 / m_isNeedRequestFrame = 1, m_isNeedInternalFrame = 0
07-04 12:34:05.562 15012 15151 I BatteryMgr:DataCollectionService: stats => 1688466845562,-87,4069
07-04 12:34:05.586  3434 15129 D ExynosCamera3: [CAM_ID(1)][]-DEBUG(m_handleInternalFrame[8816]):[EJ] Pass the frame to handleBayerBuffer 553 / m_isNeedRequestFrame = 1, m_isNeedInternalFrame = 0
07-04 12:34:05.617  3434 15126 W ExynosCamera3: [CAM_ID(1)][]-WARN(m_previewStreamVRAPipeThreadFunc[6650]):wait timeout
07-04 12:34:05.619  3434 15129 D ExynosCamera3: [CAM_ID(1)][]-DEBUG(m_handleInternalFrame[8816]):[EJ] Pass the frame to handleBayerBuffer 554 / m_isNeedRequestFrame = 1, m_isNeedInternalFrame = 0
07-04 12:34:05.656  3434 15129 D ExynosCamera3: [CAM_ID(1)][]-DEBUG(m_handleInternalFrame[8816]):[EJ] Pass the frame to handleBayerBuffer 555 / m_isNeedRequestFrame = 1, m_isNeedInternalFrame = 0
07-04 12:34:05.667 15012 15151 I BatteryMgr:DataCollectionService: stats => 1688466845667,-87,4069
07-04 12:34:05.686  3434 15129 D ExynosCamera3: [CAM_ID(1)][]-DEBUG(m_handleInternalFrame[8816]):[EJ] Pass the frame to handleBayerBuffer 556 / m_isNeedRequestFrame = 1, m_isNeedInternalFrame = 0
07-04 12:34:05.692  3434 15127 W ExynosCamera3: [CAM_ID(1)][]-WARN(m_previewStreamISPPipeThreadFunc[6613]):wait timeout
07-04 12:34:05.719  3434 15129 D ExynosCamera3: [CAM_ID(1)][]-DEBUG(m_handleInternalFrame[8816]):[EJ] Pass the frame to handleBayerBuffer 557 / m_isNeedRequestFrame = 1, m_isNeedInternalFrame = 0
07-04 12:34:05.753  3434 15129 D ExynosCamera3: [CAM_ID(1)][]-DEBUG(m_handleInternalFrame[8816]):[EJ] Pass the frame to handleBayerBuffer 558 / m_isNeedRequestFrame = 1, m_isNeedInternalFrame = 0
07-04 12:34:05.767  3434 15126 W ExynosCamera3: [CAM_ID(1)][]-WARN(m_previewStreamVRAPipeThreadFunc[6650]):wait timeout
07-04 12:34:05.772 15012 15151 I BatteryMgr:DataCollectionService: stats => 1688466845772,-87,4069
07-04 12:34:05.786  3434 15129 D ExynosCamera3: [CAM_ID(1)][]-DEBUG(m_handleInternalFrame[8816]):[EJ] Pass the frame to handleBayerBuffer 559 / m_isNeedRequestFrame = 1, m_isNeedInternalFrame = 0
07-04 12:34:05.819  3434 15129 D ExynosCamera3: [CAM_ID(1)][]-DEBUG(m_handleInternalFrame[8816]):[EJ] Pass the frame to handleBayerBuffer 560 / m_isNeedRequestFrame = 1, m_isNeedInternalFrame = 0
07-04 12:34:05.842  3434 15127 W ExynosCamera3: [CAM_ID(1)][]-WARN(m_previewStreamISPPipeThreadFunc[6613]):wait timeout
07-04 12:34:05.856  3434 15129 D ExynosCamera3: [CAM_ID(1)][]-DEBUG(m_handleInternalFrame[8816]):[EJ] Pass the frame to handleBayerBuffer 561 / m_isNeedRequestFrame = 1, m_isNeedInternalFrame = 0
07-04 12:34:05.877 15012 15151 I BatteryMgr:DataCollectionService: stats => 1688466845877,-87,4069
07-04 12:34:05.886  3434 15129 D ExynosCamera3: [CAM_ID(1)][]-DEBUG(m_handleInternalFrame[8816]):[EJ] Pass the frame to handleBayerBuffer 562 / m_isNeedRequestFrame = 1, m_isNeedInternalFrame = 0
07-04 12:34:05.918  3434 15126 W ExynosCamera3: [CAM_ID(1)][]-WARN(m_previewStreamVRAPipeThreadFunc[6650]):wait timeout
07-04 12:34:05.919  3434 15129 D ExynosCamera3: [CAM_ID(1)][]-DEBUG(m_handleInternalFrame[8816]):[EJ] Pass the frame to handleBayerBuffer 563 / m_isNeedRequestFrame = 1, m_isNeedInternalFrame = 0
07-04 12:34:05.956  3434 15129 D ExynosCamera3: [CAM_ID(1)][]-DEBUG(m_handleInternalFrame[8816]):[EJ] Pass the frame to handleBayerBuffer 564 / m_isNeedRequestFrame = 1, m_isNeedInternalFrame = 0
07-04 12:34:05.982 15012 15151 I BatteryMgr:DataCollectionService: stats => 1688466845982,-87,4069
07-04 12:34:05.986  3434 15129 D ExynosCamera3: [CAM_ID(1)][]-DEBUG(m_handleInternalFrame[8816]):[EJ] Pass the frame to handleBayerBuffer 565 / m_isNeedRequestFrame = 1, m_isNeedInternalFrame = 0
07-04 12:34:05.993  3434 15127 W ExynosCamera3: [CAM_ID(1)][]-WARN(m_previewStreamISPPipeThreadFunc[6613]):wait timeout
07-04 12:34:06.019  3434 15129 D ExynosCamera3: [CAM_ID(1)][]-DEBUG(m_handleInternalFrame[8816]):[EJ] Pass the frame to handleBayerBuffer 566 / m_isNeedRequestFrame = 1, m_isNeedInternalFrame = 0
07-04 12:34:06.052  3434 15129 D ExynosCamera3: [CAM_ID(1)][]-DEBUG(m_handleInternalFrame[8816]):[EJ] Pass the frame to handleBayerBuffer 567 / m_isNeedRequestFrame = 1, m_isNeedInternalFrame = 0
07-04 12:34:06.067  3434 15120 W ExynosCameraMCPipe: [CAM_ID(1)][PIPE_ISP]-WARN(m_putBuffer[1530]):inputFrameQ wait timeout
07-04 12:34:06.067  3434 15120 W ExynosCameraMCPipe: [CAM_ID(1)][PIPE_ISP]-WARN(m_putBufferThreadFunc[1471]):m_putbuffer fail, ret(-110)
07-04 12:34:06.068  3434 15126 W ExynosCamera3: [CAM_ID(1)][]-WARN(m_previewStreamVRAPipeThreadFunc[6650]):wait timeout
07-04 12:34:06.081  3434 15121 W ExynosCameraMCPipe: [CAM_ID(1)][PIPE_ISP]-WARN(m_getBuffer[1976]):requestFrameQ wait timeout
07-04 12:34:06.081  3434 15121 W ExynosCameraMCPipe: [CAM_ID(1)][PIPE_ISP]-WARN(m_getBufferThreadFunc[1492]):m_getBuffer fail, ret(-110)
07-04 12:34:06.086  3434 15129 D ExynosCamera3: [CAM_ID(1)][]-DEBUG(m_handleInternalFrame[8816]):[EJ] Pass the frame to handleBayerBuffer 568 / m_isNeedRequestFrame = 1, m_isNeedInternalFrame = 0
07-04 12:34:06.088 15012 15151 I BatteryMgr:DataCollectionService: stats => 1688466846088,-87,4069
07-04 12:34:06.106  3962 13436 I EDMNativeHelperService: isCameraEnabled
07-04 12:34:06.119  3434 15129 D ExynosCamera3: [CAM_ID(1)][]-DEBUG(m_handleInternalFrame[8816]):[EJ] Pass the frame to handleBayerBuffer 569 / m_isNeedRequestFrame = 1, m_isNeedInternalFrame = 0
07-04 12:34:06.143  3434 15127 W ExynosCamera3: [CAM_ID(1)][]-WARN(m_previewStreamISPPipeThreadFunc[6613]):wait timeout
07-04 12:34:06.152  3434 15129 D ExynosCamera3: [CAM_ID(1)][]-DEBUG(m_handleInternalFrame[8816]):[EJ] Pass the frame to handleBayerBuffer 570 / m_isNeedRequestFrame = 1, m_isNeedInternalFrame = 0
07-04 12:34:06.186  3434 15129 D ExynosCamera3: [CAM_ID(1)][]-DEBUG(m_handleInternalFrame[8816]):[EJ] Pass the frame to handleBayerBuffer 571 / m_isNeedRequestFrame = 1, m_isNeedInternalFrame = 0
07-04 12:34:06.193 15012 15151 I BatteryMgr:DataCollectionService: stats => 1688466846193,-87,4069
07-04 12:34:06.218  3434 15126 W ExynosCamera3: [CAM_ID(1)][]-WARN(m_previewStreamVRAPipeThreadFunc[6650]):wait timeout
07-04 12:34:06.221  3434 15129 D ExynosCamera3: [CAM_ID(1)][]-DEBUG(m_handleInternalFrame[8816]):[EJ] Pass the frame to handleBayerBuffer 572 / m_isNeedRequestFrame = 1, m_isNeedInternalFrame = 0
07-04 12:34:06.252  3434 15129 D ExynosCamera3: [CAM_ID(1)][]-DEBUG(m_handleInternalFrame[8816]):[EJ] Pass the frame to handleBayerBuffer 573 / m_isNeedRequestFrame = 1, m_isNeedInternalFrame = 0
07-04 12:34:06.285  3434 15129 D ExynosCamera3: [CAM_ID(1)][]-DEBUG(m_handleInternalFrame[8816]):[EJ] Pass the frame to handleBayerBuffer 574 / m_isNeedRequestFrame = 1, m_isNeedInternalFrame = 0
07-04 12:34:06.293  3434 15127 W ExynosCamera3: [CAM_ID(1)][]-WARN(m_previewStreamISPPipeThreadFunc[6613]):wait timeout
07-04 12:34:06.298 15012 15151 I BatteryMgr:DataCollectionService: stats => 1688466846298,-87,4069
07-04 12:34:06.319  3434 15129 D ExynosCamera3: [CAM_ID(1)][]-DEBUG(m_handleInternalFrame[8816]):[EJ] Pass the frame to handleBayerBuffer 575 / m_isNeedRequestFrame = 1, m_isNeedInternalFrame = 0
07-04 12:34:06.346  3433  3433 I android.hardware.wifi@1.0-service: getLinkLayerStats
07-04 12:34:06.352  3434 15129 D ExynosCamera3: [CAM_ID(1)][]-DEBUG(m_handleInternalFrame[8816]):[EJ] Pass the frame to handleBayerBuffer 576 / m_isNeedRequestFrame = 1, m_isNeedInternalFrame = 0
07-04 12:34:06.369  3434 15126 W ExynosCamera3: [CAM_ID(1)][]-WARN(m_previewStreamVRAPipeThreadFunc[6650]):wait timeout
07-04 12:34:06.385  3434 15129 D ExynosCamera3: [CAM_ID(1)][]-DEBUG(m_handleInternalFrame[8816]):[EJ] Pass the frame to handleBayerBuffer 577 / m_isNeedRequestFrame = 1, m_isNeedInternalFrame = 0
07-04 12:34:06.402 15012 15151 I BatteryMgr:DataCollectionService: stats => 1688466846402,-87,4069
07-04 12:34:06.412  4950  4950 D io_stats: !@ 179,0 r 80438 3056716 w 17159 238240 d 1694 49184 f 4205 4337 iot 39412 32923 th 51200 0 0 pt 0 inp 0 0 2814.485
07-04 12:34:06.419  3434 15129 D ExynosCamera3: [CAM_ID(1)][]-DEBUG(m_handleInternalFrame[8816]):[EJ] Pass the frame to handleBayerBuffer 578 / m_isNeedRequestFrame = 1, m_isNeedInternalFrame = 0
07-04 12:34:06.443  3434 15127 W ExynosCamera3: [CAM_ID(1)][]-WARN(m_previewStreamISPPipeThreadFunc[6613]):wait timeout
07-04 12:34:06.452  3434 15129 D ExynosCamera3: [CAM_ID(1)][]-DEBUG(m_handleInternalFrame[8816]):[EJ] Pass the frame to handleBayerBuffer 579 / m_isNeedRequestFrame = 1, m_isNeedInternalFrame = 0
07-04 12:34:06.485  3434 15129 D ExynosCamera3: [CAM_ID(1)][]-DEBUG(m_handleInternalFrame[8816]):[EJ] Pass the frame to handleBayerBuffer 580 / m_isNeedRequestFrame = 1, m_isNeedInternalFrame = 0
07-04 12:34:06.507 15012 15151 I BatteryMgr:DataCollectionService: stats => 1688466846507,-87,4069
07-04 12:34:06.518  3434 15129 D ExynosCamera3: [CAM_ID(1)][]-DEBUG(m_handleInternalFrame[8816]):[EJ] Pass the frame to handleBayerBuffer 581 / m_isNeedRequestFrame = 1, m_isNeedInternalFrame = 0
07-04 12:34:06.519  3434 15126 W ExynosCamera3: [CAM_ID(1)][]-WARN(m_previewStreamVRAPipeThreadFunc[6650]):wait timeout
07-04 12:34:06.552  3434 15129 D ExynosCamera3: [CAM_ID(1)][]-DEBUG(m_handleInternalFrame[8816]):[EJ] Pass the frame to handleBayerBuffer 582 / m_isNeedRequestFrame = 1, m_isNeedInternalFrame = 0
07-04 12:34:06.585  3434 15129 D ExynosCamera3: [CAM_ID(1)][]-DEBUG(m_handleInternalFrame[8816]):[EJ] Pass the frame to handleBayerBuffer 583 / m_isNeedRequestFrame = 1, m_isNeedInternalFrame = 0
07-04 12:34:06.593  3434 15127 W ExynosCamera3: [CAM_ID(1)][]-WARN(m_previewStreamISPPipeThreadFunc[6613]):wait timeout
07-04 12:34:06.612 15012 15151 I BatteryMgr:DataCollectionService: stats => 1688466846612,-87,4069
07-04 12:34:06.617  3434 15120 W ExynosCameraMCPipe: [CAM_ID(1)][PIPE_ISP]-WARN(m_putBuffer[1530]):inputFrameQ wait timeout
07-04 12:34:06.617  3434 15120 W ExynosCameraMCPipe: [CAM_ID(1)][PIPE_ISP]-WARN(m_putBufferThreadFunc[1471]):m_putbuffer fail, ret(-110)
07-04 12:34:06.621  3434 15129 D ExynosCamera3: [CAM_ID(1)][]-DEBUG(m_handleInternalFrame[8816]):[EJ] Pass the frame to handleBayerBuffer 584 / m_isNeedRequestFrame = 1, m_isNeedInternalFrame = 0
07-04 12:34:06.631  3434 15121 W ExynosCameraMCPipe: [CAM_ID(1)][PIPE_ISP]-WARN(m_getBuffer[1976]):requestFrameQ wait timeout
07-04 12:34:06.631  3434 15121 W ExynosCameraMCPipe: [CAM_ID(1)][PIPE_ISP]-WARN(m_getBufferThreadFunc[1492]):m_getBuffer fail, ret(-110)
07-04 12:34:06.656  3434 15129 D ExynosCamera3: [CAM_ID(1)][]-DEBUG(m_handleInternalFrame[8816]):[EJ] Pass the frame to handleBayerBuffer 585 / m_isNeedRequestFrame = 1, m_isNeedInternalFrame = 0
07-04 12:34:06.669  3434 15126 W ExynosCamera3: [CAM_ID(1)][]-WARN(m_previewStreamVRAPipeThreadFunc[6650]):wait timeout
07-04 12:34:06.685  3434 15129 D ExynosCamera3: [CAM_ID(1)][]-DEBUG(m_handleInternalFrame[8816]):[EJ] Pass the frame to handleBayerBuffer 586 / m_isNeedRequestFrame = 1, m_isNeedInternalFrame = 0
07-04 12:34:06.718  3434 15129 D ExynosCamera3: [CAM_ID(1)][]-DEBUG(m_handleInternalFrame[8816]):[EJ] Pass the frame to handleBayerBuffer 587 / m_isNeedRequestFrame = 1, m_isNeedInternalFrame = 0
07-04 12:34:06.722 15012 15151 I BatteryMgr:DataCollectionService: stats => 1688466846722,-87,4069
07-04 12:34:06.744  3434 15127 W ExynosCamera3: [CAM_ID(1)][]-WARN(m_previewStreamISPPipeThreadFunc[6613]):wait timeout
07-04 12:34:06.752  3434 15129 D ExynosCamera3: [CAM_ID(1)][]-DEBUG(m_handleInternalFrame[8816]):[EJ] Pass the frame to handleBayerBuffer 588 / m_isNeedRequestFrame = 1, m_isNeedInternalFrame = 0
07-04 12:34:06.785  3434 15129 D ExynosCamera3: [CAM_ID(1)][]-DEBUG(m_handleInternalFrame[8816]):[EJ] Pass the frame to handleBayerBuffer 589 / m_isNeedRequestFrame = 1, m_isNeedInternalFrame = 0
07-04 12:34:06.818  3434 15129 D ExynosCamera3: [CAM_ID(1)][]-DEBUG(m_handleInternalFrame[8816]):[EJ] Pass the frame to handleBayerBuffer 590 / m_isNeedRequestFrame = 1, m_isNeedInternalFrame = 0
07-04 12:34:06.819  3434 15126 W ExynosCamera3: [CAM_ID(1)][]-WARN(m_previewStreamVRAPipeThreadFunc[6650]):wait timeout
07-04 12:34:06.827 15012 15151 I BatteryMgr:DataCollectionService: stats => 1688466846826,-87,4069
07-04 12:34:06.852  3434 15129 D ExynosCamera3: [CAM_ID(1)][]-DEBUG(m_handleInternalFrame[8816]):[EJ] Pass the frame to handleBayerBuffer 591 / m_isNeedRequestFrame = 1, m_isNeedInternalFrame = 0
07-04 12:34:06.885  3434 15129 D ExynosCamera3: [CAM_ID(1)][]-DEBUG(m_handleInternalFrame[8816]):[EJ] Pass the frame to handleBayerBuffer 592 / m_isNeedRequestFrame = 1, m_isNeedInternalFrame = 0
07-04 12:34:06.894  3434 15127 W ExynosCamera3: [CAM_ID(1)][]-WARN(m_previewStreamISPPipeThreadFunc[6613]):wait timeout
07-04 12:34:06.918  3434 15129 D ExynosCamera3: [CAM_ID(1)][]-DEBUG(m_handleInternalFrame[8816]):[EJ] Pass the frame to handleBayerBuffer 593 / m_isNeedRequestFrame = 1, m_isNeedInternalFrame = 0
07-04 12:34:06.932 15012 15151 I BatteryMgr:DataCollectionService: stats => 1688466846931,-87,4069
07-04 12:34:06.952  3434 15129 D ExynosCamera3: [CAM_ID(1)][]-DEBUG(m_handleInternalFrame[8816]):[EJ] Pass the frame to handleBayerBuffer 594 / m_isNeedRequestFrame = 1, m_isNeedInternalFrame = 0
07-04 12:34:06.970  3434 15126 W ExynosCamera3: [CAM_ID(1)][]-WARN(m_previewStreamVRAPipeThreadFunc[6650]):wait timeout
07-04 12:34:06.985  3434 15129 D ExynosCamera3: [CAM_ID(1)][]-DEBUG(m_handleInternalFrame[8816]):[EJ] Pass the frame to handleBayerBuffer 595 / m_isNeedRequestFrame = 1, m_isNeedInternalFrame = 0
07-04 12:34:07.018  3434 15129 D ExynosCamera3: [CAM_ID(1)][]-DEBUG(m_handleInternalFrame[8816]):[EJ] Pass the frame to handleBayerBuffer 596 / m_isNeedRequestFrame = 1, m_isNeedInternalFrame = 0
07-04 12:34:07.036 15012 15151 I BatteryMgr:DataCollectionService: stats => 1688466847036,-87,4069
07-04 12:34:07.044  3434 15127 W ExynosCamera3: [CAM_ID(1)][]-WARN(m_previewStreamISPPipeThreadFunc[6613]):wait timeout
07-04 12:34:07.051  3434 15129 D ExynosCamera3: [CAM_ID(1)][]-DEBUG(m_handleInternalFrame[8816]):[EJ] Pass the frame to handleBayerBuffer 597 / m_isNeedRequestFrame = 1, m_isNeedInternalFrame = 0
07-04 12:34:07.085  3434 15129 D ExynosCamera3: [CAM_ID(1)][]-DEBUG(m_handleInternalFrame[8816]):[EJ] Pass the frame to handleBayerBuffer 598 / m_isNeedRequestFrame = 1, m_isNeedInternalFrame = 0
07-04 12:34:07.088  3962 13436 I EDMNativeHelperService: isCameraEnabled
07-04 12:34:07.090  3588  8450 D Camera3-Device: submitRequestsHelper: mInterfaceLock.lock()
07-04 12:34:07.090  3588  8450 D Camera3-Status: markComponent: Component 1 is now active
07-04 12:34:07.090  3588  8450 D Camera3-Device: submitRequestsHelper: mInterfaceLock.unlock()
07-04 12:34:07.098  3588 15085 D Camera3-Status: markComponent: Component 2 is now active
07-04 12:34:07.098  3588 15085 D Camera3-Status: markComponent: Component 0 is now active
07-04 12:34:07.101  3434  3935 D ExynosCameraBufferManager: [CAM_ID(1)][ZSL_STREAM_BUF]-DEBUG(getIndexByHandle[4090]): assigned new buffer handle(0x0) Index(31)
07-04 12:34:07.108  3962 13436 I EDMNativeHelperService: isCameraEnabled
07-04 12:34:07.118  3434 15129 D ExynosCamera3: [CAM_ID(1)][]-DEBUG(m_handleInternalFrame[8816]):[EJ] Pass the frame to handleBayerBuffer 599 / m_isNeedRequestFrame = 1, m_isNeedInternalFrame = 0
07-04 12:34:07.120  3434 15126 W ExynosCamera3: [CAM_ID(1)][]-WARN(m_previewStreamVRAPipeThreadFunc[6650]):wait timeout
07-04 12:34:07.142 15012 15151 I BatteryMgr:DataCollectionService: stats => 1688466847142,-87,4069
07-04 12:34:07.151  3434 15129 D ExynosCamera3: [CAM_ID(1)][]-DEBUG(m_handleInternalFrame[8816]):[EJ] Pass the frame to handleBayerBuffer 600 / m_isNeedRequestFrame = 0, m_isNeedInternalFrame = 1
07-04 12:34:07.152  3588 15085 D Camera3-Status: markComponent: Component 1 is now idle
07-04 12:34:07.168  3434 15120 W ExynosCameraMCPipe: [CAM_ID(1)][PIPE_ISP]-WARN(m_putBuffer[1530]):inputFrameQ wait timeout
07-04 12:34:07.168  3434 15120 W ExynosCameraMCPipe: [CAM_ID(1)][PIPE_ISP]-WARN(m_putBufferThreadFunc[1471]):m_putbuffer fail, ret(-110)
07-04 12:34:07.181  3434 15121 W ExynosCameraMCPipe: [CAM_ID(1)][PIPE_ISP]-WARN(m_getBuffer[1976]):requestFrameQ wait timeout
07-04 12:34:07.181  3434 15121 W ExynosCameraMCPipe: [CAM_ID(1)][PIPE_ISP]-WARN(m_getBufferThreadFunc[1492]):m_getBuffer fail, ret(-110)
07-04 12:34:07.185  3434 15129 D ExynosCamera3: [CAM_ID(1)][]-DEBUG(m_handleInternalFrame[8816]):[EJ] Pass the frame to handleBayerBuffer 601 / m_isNeedRequestFrame = 0, m_isNeedInternalFrame = 1
07-04 12:34:07.185  3434 15124 D ExynosCamera3: [CAM_ID(1)][]-DEBUG(m_previewFrameHandler[2457]):Use ZSL Service Buffer. framecount 604 bufferIndex 31
07-04 12:34:07.185  3434 15118 D ExynosCameraMCPipe: [CAM_ID(1)][PIPE_3AA]-DEBUG(m_putBuffer[1621]):Skip to get buffer from bufferMgr.                        pipeId(6), frameCount(604) bufferIndex 31)
07-04 12:34:07.189  3434 15118 D ExynosCameraMCPipe: [CAM_ID(1)][PIPE_3AA]-DEBUG(m_checkNodeGroupInfo[3655]):(3AA_PREVIEW):vid(22), request(0 -> 1), oldCropSize(0, 0, 3264, 2448 / 0, 0, 3264, 2448) -> newCropSize(0, 0, 3264, 2448 / 0, 0, 3264, 2448)
07-04 12:34:07.194  3434 15127 W ExynosCamera3: [CAM_ID(1)][]-WARN(m_previewStreamISPPipeThreadFunc[6613]):wait timeout
07-04 12:34:07.218  3434 15129 D ExynosCamera3: [CAM_ID(1)][]-DEBUG(m_handleInternalFrame[8816]):[EJ] Pass the frame to handleBayerBuffer 602 / m_isNeedRequestFrame = 1, m_isNeedInternalFrame = 0
07-04 12:34:07.221  3434 15118 I ExynosCameraMCPipe: [CAM_ID(1)][PIPE_3AA]-INFO(m_putBuffer[1552]):Internal Frame(5), frameCount(605), (1)
07-04 12:34:07.221  3434 15118 D ExynosCameraMCPipe: [CAM_ID(1)][PIPE_3AA]-DEBUG(m_checkNodeGroupInfo[3655]):(3AA_PREVIEW):vid(22), request(1 -> 0), oldCropSize(0, 0, 3264, 2448 / 0, 0, 3264, 2448) -> newCropSize(0, 0, 3264, 2448 / 0, 0, 3264, 2448)
07-04 12:34:07.247 15012 15151 I BatteryMgr:DataCollectionService: stats => 1688466847247,-87,4069
07-04 12:34:07.251  3434 15129 D ExynosCamera3: [CAM_ID(1)][]-DEBUG(m_handleInternalFrame[8816]):[EJ] Pass the frame to handleBayerBuffer 603 / m_isNeedRequestFrame = 1, m_isNeedInternalFrame = 0
07-04 12:34:07.270  3434 15126 W ExynosCamera3: [CAM_ID(1)][]-WARN(m_previewStreamVRAPipeThreadFunc[6650]):wait timeout
07-04 12:34:07.286  3434 15125 D ExynosCameraBufferManager: [CAM_ID(1)][ZSL_STREAM_BUF]-DEBUG(m_release[4516]):bufIndex(31)
07-04 12:34:07.286  3434 15125 D ExynosCameraBufferManager: [CAM_ID(1)][ZSL_STREAM_BUF]-DEBUG(m_removeFence[4482]):list is empty
07-04 12:34:07.286  3434 15120 W ExynosCameraMCPipe: [CAM_ID(1)][PIPE_ISP]-WARN(m_putBuffer[1712]):Capture node putbuffer is Zero, frameCount(604)
07-04 12:34:07.291  3588  3933 D Camera3-Status: markComponent: Component 2 is now idle
07-04 12:34:07.300  3434 15121 E ExynosCameraMCPipe: [CAM_ID(1)][PIPE_ISP]-ERR(m_getBuffer[2321]):frameCount(604)                    : captureNodeCount == 0 || checkRet(0) != NO_ERROR.                    so, setFrameState(FRAME_STATE_SKIPPED)
07-04 12:34:07.301  3434 15127 W ExynosCamera3: [CAM_ID(1)][]-WARN(m_handlePreviewFrame[7077]):Skipped frame. Force callback result. frameCount 604
07-04 12:34:07.303  3588  3933 D Camera3-Status: markComponent: Component 0 is now idle
07-04 12:34:07.318  3434 15129 D ExynosCamera3: [CAM_ID(1)][]-DEBUG(m_handleInternalFrame[8816]):[EJ] Pass the frame to handleBayerBuffer 605 / m_isNeedRequestFrame = 1, m_isNeedInternalFrame = 0
07-04 12:34:07.352  3434 15129 D ExynosCamera3: [CAM_ID(1)][]-DEBUG(m_handleInternalFrame[8816]):[EJ] Pass the frame to handleBayerBuffer 606 / m_isNeedRequestFrame = 1, m_isNeedInternalFrame = 0
07-04 12:34:07.353 15012 15151 I BatteryMgr:DataCollectionService: stats => 1688466847353,-87,4069
07-04 12:34:07.384  3434 15129 D ExynosCamera3: [CAM_ID(1)][]-DEBUG(m_handleInternalFrame[8816]):[EJ] Pass the frame to handleBayerBuffer 607 / m_isNeedRequestFrame = 1, m_isNeedInternalFrame = 0
07-04 12:34:07.418  3434 15129 D ExynosCamera3: [CAM_ID(1)][]-DEBUG(m_handleInternalFrame[8816]):[EJ] Pass the frame to handleBayerBuffer 608 / m_isNeedRequestFrame = 1, m_isNeedInternalFrame = 0
07-04 12:34:07.420  3434 15126 W ExynosCamera3: [CAM_ID(1)][]-WARN(m_previewStreamVRAPipeThreadFunc[6650]):wait timeout
07-04 12:34:07.452  3434 15127 W ExynosCamera3: [CAM_ID(1)][]-WARN(m_previewStreamISPPipeThreadFunc[6613]):wait timeout
07-04 12:34:07.455  3434 15129 D ExynosCamera3: [CAM_ID(1)][]-DEBUG(m_handleInternalFrame[8816]):[EJ] Pass the frame to handleBayerBuffer 609 / m_isNeedRequestFrame = 1, m_isNeedInternalFrame = 0
07-04 12:34:07.458 15012 15151 I BatteryMgr:DataCollectionService: stats => 1688466847458,-87,4069
07-04 12:34:07.484  3434 15129 D ExynosCamera3: [CAM_ID(1)][]-DEBUG(m_handleInternalFrame[8816]):[EJ] Pass the frame to handleBayerBuffer 610 / m_isNeedRequestFrame = 1, m_isNeedInternalFrame = 0
07-04 12:34:07.518  3434 15129 D ExynosCamera3: [CAM_ID(1)][]-DEBUG(m_handleInternalFrame[8816]):[EJ] Pass the frame to handleBayerBuffer 611 / m_isNeedRequestFrame = 1, m_isNeedInternalFrame = 0
07-04 12:34:07.551  3434 15129 D ExynosCamera3: [CAM_ID(1)][]-DEBUG(m_handleInternalFrame[8816]):[EJ] Pass the frame to handleBayerBuffer 612 / m_isNeedRequestFrame = 1, m_isNeedInternalFrame = 0
07-04 12:34:07.564 15012 15151 I BatteryMgr:DataCollectionService: stats => 1688466847564,-87,4069
07-04 12:34:07.571  3434 15126 W ExynosCamera3: [CAM_ID(1)][]-WARN(m_previewStreamVRAPipeThreadFunc[6650]):wait timeout
07-04 12:34:07.584  3434 15129 D ExynosCamera3: [CAM_ID(1)][]-DEBUG(m_handleInternalFrame[8816]):[EJ] Pass the frame to handleBayerBuffer 613 / m_isNeedRequestFrame = 1, m_isNeedInternalFrame = 0
07-04 12:34:07.603  3434 15127 W ExynosCamera3: [CAM_ID(1)][]-WARN(m_previewStreamISPPipeThreadFunc[6613]):wait timeout
07-04 12:34:07.618  3434 15129 D ExynosCamera3: [CAM_ID(1)][]-DEBUG(m_handleInternalFrame[8816]):[EJ] Pass the frame to handleBayerBuffer 614 / m_isNeedRequestFrame = 1, m_isNeedInternalFrame = 0
07-04 12:34:07.651  3434 15129 D ExynosCamera3: [CAM_ID(1)][]-DEBUG(m_handleInternalFrame[8816]):[EJ] Pass the frame to handleBayerBuffer 615 / m_isNeedRequestFrame = 1, m_isNeedInternalFrame = 0
07-04 12:34:07.669 15012 15151 I BatteryMgr:DataCollectionService: stats => 1688466847669,-87,4069
07-04 12:34:07.684  3434 15129 D ExynosCamera3: [CAM_ID(1)][]-DEBUG(m_handleInternalFrame[8816]):[EJ] Pass the frame to handleBayerBuffer 616 / m_isNeedRequestFrame = 1, m_isNeedInternalFrame = 0
07-04 12:34:07.718  3434 15129 D ExynosCamera3: [CAM_ID(1)][]-DEBUG(m_handleInternalFrame[8816]):[EJ] Pass the frame to handleBayerBuffer 617 / m_isNeedRequestFrame = 1, m_isNeedInternalFrame = 0
07-04 12:34:07.721  3434 15126 W ExynosCamera3: [CAM_ID(1)][]-WARN(m_previewStreamVRAPipeThreadFunc[6650]):wait timeout
07-04 12:34:07.751  3434 15129 D ExynosCamera3: [CAM_ID(1)][]-DEBUG(m_handleInternalFrame[8816]):[EJ] Pass the frame to handleBayerBuffer 618 / m_isNeedRequestFrame = 1, m_isNeedInternalFrame = 0
07-04 12:34:07.753  3434 15127 W ExynosCamera3: [CAM_ID(1)][]-WARN(m_previewStreamISPPipeThreadFunc[6613]):wait timeout
07-04 12:34:07.774 15012 15151 I BatteryMgr:DataCollectionService: stats => 1688466847774,-87,4069
07-04 12:34:07.784  3434 15129 D ExynosCamera3: [CAM_ID(1)][]-DEBUG(m_handleInternalFrame[8816]):[EJ] Pass the frame to handleBayerBuffer 619 / m_isNeedRequestFrame = 1, m_isNeedInternalFrame = 0
07-04 12:34:07.817  3434 15129 D ExynosCamera3: [CAM_ID(1)][]-DEBUG(m_handleInternalFrame[8816]):[EJ] Pass the frame to handleBayerBuffer 620 / m_isNeedRequestFrame = 1, m_isNeedInternalFrame = 0
07-04 12:34:07.836  3434 15120 W ExynosCameraMCPipe: [CAM_ID(1)][PIPE_ISP]-WARN(m_putBuffer[1530]):inputFrameQ wait timeout
07-04 12:34:07.836  3434 15120 W ExynosCameraMCPipe: [CAM_ID(1)][PIPE_ISP]-WARN(m_putBufferThreadFunc[1471]):m_putbuffer fail, ret(-110)
07-04 12:34:07.851  3434 15121 W ExynosCameraMCPipe: [CAM_ID(1)][PIPE_ISP]-WARN(m_getBuffer[1976]):requestFrameQ wait timeout
07-04 12:34:07.851  3434 15121 W ExynosCameraMCPipe: [CAM_ID(1)][PIPE_ISP]-WARN(m_getBufferThreadFunc[1492]):m_getBuffer fail, ret(-110)
07-04 12:34:07.851  3434 15129 D ExynosCamera3: [CAM_ID(1)][]-DEBUG(m_handleInternalFrame[8816]):[EJ] Pass the frame to handleBayerBuffer 621 / m_isNeedRequestFrame = 1, m_isNeedInternalFrame = 0
07-04 12:34:07.871  3434 15126 W ExynosCamera3: [CAM_ID(1)][]-WARN(m_previewStreamVRAPipeThreadFunc[6650]):wait timeout
07-04 12:34:07.879 15012 15151 I BatteryMgr:DataCollectionService: stats => 1688466847879,-87,4069
07-04 12:34:07.884  3434 15129 D ExynosCamera3: [CAM_ID(1)][]-DEBUG(m_handleInternalFrame[8816]):[EJ] Pass the frame to handleBayerBuffer 622 / m_isNeedRequestFrame = 1, m_isNeedInternalFrame = 0
07-04 12:34:07.903  3434 15127 W ExynosCamera3: [CAM_ID(1)][]-WARN(m_previewStreamISPPipeThreadFunc[6613]):wait timeout
07-04 12:34:07.918  3434 15129 D ExynosCamera3: [CAM_ID(1)][]-DEBUG(m_handleInternalFrame[8816]):[EJ] Pass the frame to handleBayerBuffer 623 / m_isNeedRequestFrame = 1, m_isNeedInternalFrame = 0
07-04 12:34:07.953  3434 15129 D ExynosCamera3: [CAM_ID(1)][]-DEBUG(m_handleInternalFrame[8816]):[EJ] Pass the frame to handleBayerBuffer 624 / m_isNeedRequestFrame = 1, m_isNeedInternalFrame = 0
07-04 12:34:07.984  3434 15129 D ExynosCamera3: [CAM_ID(1)][]-DEBUG(m_handleInternalFrame[8816]):[EJ] Pass the frame to handleBayerBuffer 625 / m_isNeedRequestFrame = 1, m_isNeedInternalFrame = 0
07-04 12:34:07.986 15012 15151 I BatteryMgr:DataCollectionService: stats => 1688466847986,-87,4069
07-04 12:34:08.017  3434 15129 D ExynosCamera3: [CAM_ID(1)][]-DEBUG(m_handleInternalFrame[8816]):[EJ] Pass the frame to handleBayerBuffer 626 / m_isNeedRequestFrame = 1, m_isNeedInternalFrame = 0
07-04 12:34:08.021  3434 15126 W ExynosCamera3: [CAM_ID(1)][]-WARN(m_previewStreamVRAPipeThreadFunc[6650]):wait timeout
07-04 12:34:08.051  3434 15129 D ExynosCamera3: [CAM_ID(1)][]-DEBUG(m_handleInternalFrame[8816]):[EJ] Pass the frame to handleBayerBuffer 627 / m_isNeedRequestFrame = 1, m_isNeedInternalFrame = 0
07-04 12:34:08.053  3434 15127 W ExynosCamera3: [CAM_ID(1)][]-WARN(m_previewStreamISPPipeThreadFunc[6613]):wait timeout
07-04 12:34:08.084  3434 15129 D ExynosCamera3: [CAM_ID(1)][]-DEBUG(m_handleInternalFrame[8816]):[EJ] Pass the frame to handleBayerBuffer 628 / m_isNeedRequestFrame = 1, m_isNeedInternalFrame = 0
07-04 12:34:08.091 15012 15151 I BatteryMgr:DataCollectionService: stats => 1688466848091,-87,4069
07-04 12:34:08.110  3962 13436 I EDMNativeHelperService: isCameraEnabled
07-04 12:34:08.117  3434 15129 D ExynosCamera3: [CAM_ID(1)][]-DEBUG(m_handleInternalFrame[8816]):[EJ] Pass the frame to handleBayerBuffer 629 / m_isNeedRequestFrame = 1, m_isNeedInternalFrame = 0
07-04 12:34:08.151  3434 15129 D ExynosCamera3: [CAM_ID(1)][]-DEBUG(m_handleInternalFrame[8816]):[EJ] Pass the frame to handleBayerBuffer 630 / m_isNeedRequestFrame = 1, m_isNeedInternalFrame = 0
07-04 12:34:08.172  3434 15126 W ExynosCamera3: [CAM_ID(1)][]-WARN(m_previewStreamVRAPipeThreadFunc[6650]):wait timeout
07-04 12:34:08.184  3434 15129 D ExynosCamera3: [CAM_ID(1)][]-DEBUG(m_handleInternalFrame[8816]):[EJ] Pass the frame to handleBayerBuffer 631 / m_isNeedRequestFrame = 1, m_isNeedInternalFrame = 0
07-04 12:34:08.196 15012 15151 I BatteryMgr:DataCollectionService: stats => 1688466848196,-87,4069
07-04 12:34:08.204  3434 15127 W ExynosCamera3: [CAM_ID(1)][]-WARN(m_previewStreamISPPipeThreadFunc[6613]):wait timeout
07-04 12:34:08.217  3434 15129 D ExynosCamera3: [CAM_ID(1)][]-DEBUG(m_handleInternalFrame[8816]):[EJ] Pass the frame to handleBayerBuffer 632 / m_isNeedRequestFrame = 1, m_isNeedInternalFrame = 0
07-04 12:34:08.254  3434 15129 D ExynosCamera3: [CAM_ID(1)][]-DEBUG(m_handleInternalFrame[8816]):[EJ] Pass the frame to handleBayerBuffer 633 / m_isNeedRequestFrame = 1, m_isNeedInternalFrame = 0
07-04 12:34:08.284  3434 15129 D ExynosCamera3: [CAM_ID(1)][]-DEBUG(m_handleInternalFrame[8816]):[EJ] Pass the frame to handleBayerBuffer 634 / m_isNeedRequestFrame = 1, m_isNeedInternalFrame = 0
07-04 12:34:08.301 15012 15151 I BatteryMgr:DataCollectionService: stats => 1688466848301,-87,4069
07-04 12:34:08.317  3434 15129 D ExynosCamera3: [CAM_ID(1)][]-DEBUG(m_handleInternalFrame[8816]):[EJ] Pass the frame to handleBayerBuffer 635 / m_isNeedRequestFrame = 1, m_isNeedInternalFrame = 0
07-04 12:34:08.322  3434 15126 W ExynosCamera3: [CAM_ID(1)][]-WARN(m_previewStreamVRAPipeThreadFunc[6650]):wait timeout
07-04 12:34:08.353  3434 15129 D ExynosCamera3: [CAM_ID(1)][]-DEBUG(m_handleInternalFrame[8816]):[EJ] Pass the frame to handleBayerBuffer 636 / m_isNeedRequestFrame = 1, m_isNeedInternalFrame = 0
07-04 12:34:08.354  3434 15127 W ExynosCamera3: [CAM_ID(1)][]-WARN(m_previewStreamISPPipeThreadFunc[6613]):wait timeout
07-04 12:34:08.384  3434 15129 D ExynosCamera3: [CAM_ID(1)][]-DEBUG(m_handleInternalFrame[8816]):[EJ] Pass the frame to handleBayerBuffer 637 / m_isNeedRequestFrame = 1, m_isNeedInternalFrame = 0
07-04 12:34:08.387  3434 15120 W ExynosCameraMCPipe: [CAM_ID(1)][PIPE_ISP]-WARN(m_putBuffer[1530]):inputFrameQ wait timeout
07-04 12:34:08.387  3434 15120 W ExynosCameraMCPipe: [CAM_ID(1)][PIPE_ISP]-WARN(m_putBufferThreadFunc[1471]):m_putbuffer fail, ret(-110)
07-04 12:34:08.401  3434 15121 W ExynosCameraMCPipe: [CAM_ID(1)][PIPE_ISP]-WARN(m_getBuffer[1976]):requestFrameQ wait timeout
07-04 12:34:08.401  3434 15121 W ExynosCameraMCPipe: [CAM_ID(1)][PIPE_ISP]-WARN(m_getBufferThreadFunc[1492]):m_getBuffer fail, ret(-110)
07-04 12:34:08.406 15012 15151 I BatteryMgr:DataCollectionService: stats => 1688466848406,-87,4069
07-04 12:34:08.417  3434 15129 D ExynosCamera3: [CAM_ID(1)][]-DEBUG(m_handleInternalFrame[8816]):[EJ] Pass the frame to handleBayerBuffer 638 / m_isNeedRequestFrame = 1, m_isNeedInternalFrame = 0
07-04 12:34:08.450  3434 15129 D ExynosCamera3: [CAM_ID(1)][]-DEBUG(m_handleInternalFrame[8816]):[EJ] Pass the frame to handleBayerBuffer 639 / m_isNeedRequestFrame = 1, m_isNeedInternalFrame = 0
07-04 12:34:08.472  3434 15126 W ExynosCamera3: [CAM_ID(1)][]-WARN(m_previewStreamVRAPipeThreadFunc[6650]):wait timeout
07-04 12:34:08.483  3434 15129 D ExynosCamera3: [CAM_ID(1)][]-DEBUG(m_handleInternalFrame[8816]):[EJ] Pass the frame to handleBayerBuffer 640 / m_isNeedRequestFrame = 1, m_isNeedInternalFrame = 0
07-04 12:34:08.504  3434 15127 W ExynosCamera3: [CAM_ID(1)][]-WARN(m_previewStreamISPPipeThreadFunc[6613]):wait timeout
07-04 12:34:08.511 15012 15151 I BatteryMgr:DataCollectionService: stats => 1688466848511,-87,4069
07-04 12:34:08.517  3434 15129 D ExynosCamera3: [CAM_ID(1)][]-DEBUG(m_handleInternalFrame[8816]):[EJ] Pass the frame to handleBayerBuffer 641 / m_isNeedRequestFrame = 1, m_isNeedInternalFrame = 0
07-04 12:34:08.550  3434 15129 D ExynosCamera3: [CAM_ID(1)][]-DEBUG(m_handleInternalFrame[8816]):[EJ] Pass the frame to handleBayerBuffer 642 / m_isNeedRequestFrame = 1, m_isNeedInternalFrame = 0
07-04 12:34:08.584  3434 15129 D ExynosCamera3: [CAM_ID(1)][]-DEBUG(m_handleInternalFrame[8816]):[EJ] Pass the frame to handleBayerBuffer 643 / m_isNeedRequestFrame = 1, m_isNeedInternalFrame = 0
07-04 12:34:08.616 15012 15151 I BatteryMgr:DataCollectionService: stats => 1688466848616,-87,4069
07-04 12:34:08.617  3434 15129 D ExynosCamera3: [CAM_ID(1)][]-DEBUG(m_handleInternalFrame[8816]):[EJ] Pass the frame to handleBayerBuffer 644 / m_isNeedRequestFrame = 1, m_isNeedInternalFrame = 0
07-04 12:34:08.623  3434 15126 W ExynosCamera3: [CAM_ID(1)][]-WARN(m_previewStreamVRAPipeThreadFunc[6650]):wait timeout
07-04 12:34:08.650  3434 15129 D ExynosCamera3: [CAM_ID(1)][]-DEBUG(m_handleInternalFrame[8816]):[EJ] Pass the frame to handleBayerBuffer 645 / m_isNeedRequestFrame = 1, m_isNeedInternalFrame = 0
07-04 12:34:08.654  3434 15127 W ExynosCamera3: [CAM_ID(1)][]-WARN(m_previewStreamISPPipeThreadFunc[6613]):wait timeout
07-04 12:34:08.684  3434 15129 D ExynosCamera3: [CAM_ID(1)][]-DEBUG(m_handleInternalFrame[8816]):[EJ] Pass the frame to handleBayerBuffer 646 / m_isNeedRequestFrame = 1, m_isNeedInternalFrame = 0
07-04 12:34:08.717  3434 15129 D ExynosCamera3: [CAM_ID(1)][]-DEBUG(m_handleInternalFrame[8816]):[EJ] Pass the frame to handleBayerBuffer 647 / m_isNeedRequestFrame = 1, m_isNeedInternalFrame = 0
07-04 12:34:08.722 15012 15151 I BatteryMgr:DataCollectionService: stats => 1688466848722,-87,4069
07-04 12:34:08.750  3434 15129 D ExynosCamera3: [CAM_ID(1)][]-DEBUG(m_handleInternalFrame[8816]):[EJ] Pass the frame to handleBayerBuffer 648 / m_isNeedRequestFrame = 1, m_isNeedInternalFrame = 0
07-04 12:34:08.773  3434 15126 W ExynosCamera3: [CAM_ID(1)][]-WARN(m_previewStreamVRAPipeThreadFunc[6650]):wait timeout
07-04 12:34:08.783  3434 15129 D ExynosCamera3: [CAM_ID(1)][]-DEBUG(m_handleInternalFrame[8816]):[EJ] Pass the frame to handleBayerBuffer 649 / m_isNeedRequestFrame = 1, m_isNeedInternalFrame = 0
07-04 12:34:08.804  3434 15127 W ExynosCamera3: [CAM_ID(1)][]-WARN(m_previewStreamISPPipeThreadFunc[6613]):wait timeout
07-04 12:34:08.817  3434 15129 D ExynosCamera3: [CAM_ID(1)][]-DEBUG(m_handleInternalFrame[8816]):[EJ] Pass the frame to handleBayerBuffer 650 / m_isNeedRequestFrame = 1, m_isNeedInternalFrame = 0
07-04 12:34:08.826 15012 15151 I BatteryMgr:DataCollectionService: stats => 1688466848826,-87,4069
07-04 12:34:08.854  3434 15129 D ExynosCamera3: [CAM_ID(1)][]-DEBUG(m_handleInternalFrame[8816]):[EJ] Pass the frame to handleBayerBuffer 651 / m_isNeedRequestFrame = 1, m_isNeedInternalFrame = 0
07-04 12:34:08.883  3434 15129 D ExynosCamera3: [CAM_ID(1)][]-DEBUG(m_handleInternalFrame[8816]):[EJ] Pass the frame to handleBayerBuffer 652 / m_isNeedRequestFrame = 1, m_isNeedInternalFrame = 0
07-04 12:34:08.916  3434 15129 D ExynosCamera3: [CAM_ID(1)][]-DEBUG(m_handleInternalFrame[8816]):[EJ] Pass the frame to handleBayerBuffer 653 / m_isNeedRequestFrame = 1, m_isNeedInternalFrame = 0
07-04 12:34:08.923  3434 15126 W ExynosCamera3: [CAM_ID(1)][]-WARN(m_previewStreamVRAPipeThreadFunc[6650]):wait timeout
07-04 12:34:08.931 15012 15151 I BatteryMgr:DataCollectionService: stats => 1688466848931,-87,4069
07-04 12:34:08.937  3434 15120 W ExynosCameraMCPipe: [CAM_ID(1)][PIPE_ISP]-WARN(m_putBuffer[1530]):inputFrameQ wait timeout
07-04 12:34:08.937  3434 15120 W ExynosCameraMCPipe: [CAM_ID(1)][PIPE_ISP]-WARN(m_putBufferThreadFunc[1471]):m_putbuffer fail, ret(-110)
