07-04 12:20:34.391  3434 13816 D ExynosCamera3: [CAM_ID(1)][]-DEBUG(m_handleInternalFrame[8816]):[EJ] Pass the frame to handleBayerBuffer 669 / m_isNeedRequestFrame = 1, m_isNeedInternalFrame = 0
07-04 12:20:34.421  3434 13816 D ExynosCamera3: [CAM_ID(1)][]-DEBUG(m_handleInternalFrame[8816]):[EJ] Pass the frame to handleBayerBuffer 670 / m_isNeedRequestFrame = 1, m_isNeedInternalFrame = 0
07-04 12:20:34.426  3434 13807 W ExynosCameraMCPipe: [CAM_ID(1)][PIPE_ISP]-WARN(m_putBuffer[1530]):inputFrameQ wait timeout
07-04 12:20:34.427  3434 13807 W ExynosCameraMCPipe: [CAM_ID(1)][PIPE_ISP]-WARN(m_putBufferThreadFunc[1471]):m_putbuffer fail, ret(-110)
07-04 12:20:34.429 13699 13838 I BatteryMgr:DataCollectionService: stats => 1688466034429,-266,4073
07-04 12:20:34.440  3434 13808 W ExynosCameraMCPipe: [CAM_ID(1)][PIPE_ISP]-WARN(m_getBuffer[1976]):requestFrameQ wait timeout
07-04 12:20:34.440  3434 13808 W ExynosCameraMCPipe: [CAM_ID(1)][PIPE_ISP]-WARN(m_getBufferThreadFunc[1492]):m_getBuffer fail, ret(-110)
07-04 12:20:34.458  3434 13816 D ExynosCamera3: [CAM_ID(1)][]-DEBUG(m_handleInternalFrame[8816]):[EJ] Pass the frame to handleBayerBuffer 671 / m_isNeedRequestFrame = 1, m_isNeedInternalFrame = 0
07-04 12:20:34.462  3434 13813 W ExynosCamera3: [CAM_ID(1)][]-WARN(m_previewStreamVRAPipeThreadFunc[6650]):wait timeout
07-04 12:20:34.488  3434 13816 D ExynosCamera3: [CAM_ID(1)][]-DEBUG(m_handleInternalFrame[8816]):[EJ] Pass the frame to handleBayerBuffer 672 / m_isNeedRequestFrame = 1, m_isNeedInternalFrame = 0
07-04 12:20:34.495  3434 13814 W ExynosCamera3: [CAM_ID(1)][]-WARN(m_previewStreamISPPipeThreadFunc[6613]):wait timeout
07-04 12:20:34.521  3434 13816 D ExynosCamera3: [CAM_ID(1)][]-DEBUG(m_handleInternalFrame[8816]):[EJ] Pass the frame to handleBayerBuffer 673 / m_isNeedRequestFrame = 1, m_isNeedInternalFrame = 0
07-04 12:20:34.534 13699 13838 I BatteryMgr:DataCollectionService: stats => 1688466034534,-266,4073
07-04 12:20:34.554  3434 13816 D ExynosCamera3: [CAM_ID(1)][]-DEBUG(m_handleInternalFrame[8816]):[EJ] Pass the frame to handleBayerBuffer 674 / m_isNeedRequestFrame = 1, m_isNeedInternalFrame = 0
07-04 12:20:34.588  3434 13816 D ExynosCamera3: [CAM_ID(1)][]-DEBUG(m_handleInternalFrame[8816]):[EJ] Pass the frame to handleBayerBuffer 675 / m_isNeedRequestFrame = 1, m_isNeedInternalFrame = 0
07-04 12:20:34.612  3434 13813 W ExynosCamera3: [CAM_ID(1)][]-WARN(m_previewStreamVRAPipeThreadFunc[6650]):wait timeout
07-04 12:20:34.621  3434 13816 D ExynosCamera3: [CAM_ID(1)][]-DEBUG(m_handleInternalFrame[8816]):[EJ] Pass the frame to handleBayerBuffer 676 / m_isNeedRequestFrame = 1, m_isNeedInternalFrame = 0
07-04 12:20:34.639 13699 13838 I BatteryMgr:DataCollectionService: stats => 1688466034639,-266,4073
07-04 12:20:34.645  3434 13814 W ExynosCamera3: [CAM_ID(1)][]-WARN(m_previewStreamISPPipeThreadFunc[6613]):wait timeout
07-04 12:20:34.654  3434 13816 D ExynosCamera3: [CAM_ID(1)][]-DEBUG(m_handleInternalFrame[8816]):[EJ] Pass the frame to handleBayerBuffer 677 / m_isNeedRequestFrame = 1, m_isNeedInternalFrame = 0
07-04 12:20:34.687  3434 13816 D ExynosCamera3: [CAM_ID(1)][]-DEBUG(m_handleInternalFrame[8816]):[EJ] Pass the frame to handleBayerBuffer 678 / m_isNeedRequestFrame = 1, m_isNeedInternalFrame = 0
07-04 12:20:34.721  3434 13816 D ExynosCamera3: [CAM_ID(1)][]-DEBUG(m_handleInternalFrame[8816]):[EJ] Pass the frame to handleBayerBuffer 679 / m_isNeedRequestFrame = 1, m_isNeedInternalFrame = 0
07-04 12:20:34.744 13699 13838 I BatteryMgr:DataCollectionService: stats => 1688466034744,-266,4073
07-04 12:20:34.754  3434 13816 D ExynosCamera3: [CAM_ID(1)][]-DEBUG(m_handleInternalFrame[8816]):[EJ] Pass the frame to handleBayerBuffer 680 / m_isNeedRequestFrame = 1, m_isNeedInternalFrame = 0
07-04 12:20:34.762  3434 13813 W ExynosCamera3: [CAM_ID(1)][]-WARN(m_previewStreamVRAPipeThreadFunc[6650]):wait timeout
07-04 12:20:34.787  3434 13816 D ExynosCamera3: [CAM_ID(1)][]-DEBUG(m_handleInternalFrame[8816]):[EJ] Pass the frame to handleBayerBuffer 681 / m_isNeedRequestFrame = 1, m_isNeedInternalFrame = 0
07-04 12:20:34.795  3434 13814 W ExynosCamera3: [CAM_ID(1)][]-WARN(m_previewStreamISPPipeThreadFunc[6613]):wait timeout
07-04 12:20:34.821  3434 13816 D ExynosCamera3: [CAM_ID(1)][]-DEBUG(m_handleInternalFrame[8816]):[EJ] Pass the frame to handleBayerBuffer 682 / m_isNeedRequestFrame = 1, m_isNeedInternalFrame = 0
07-04 12:20:34.849 13699 13838 I BatteryMgr:DataCollectionService: stats => 1688466034849,-266,4073
07-04 12:20:34.854  3434 13816 D ExynosCamera3: [CAM_ID(1)][]-DEBUG(m_handleInternalFrame[8816]):[EJ] Pass the frame to handleBayerBuffer 683 / m_isNeedRequestFrame = 1, m_isNeedInternalFrame = 0
07-04 12:20:34.887  3434 13816 D ExynosCamera3: [CAM_ID(1)][]-DEBUG(m_handleInternalFrame[8816]):[EJ] Pass the frame to handleBayerBuffer 684 / m_isNeedRequestFrame = 1, m_isNeedInternalFrame = 0
07-04 12:20:34.913  3434 13813 W ExynosCamera3: [CAM_ID(1)][]-WARN(m_previewStreamVRAPipeThreadFunc[6650]):wait timeout
07-04 12:20:34.921  3434 13816 D ExynosCamera3: [CAM_ID(1)][]-DEBUG(m_handleInternalFrame[8816]):[EJ] Pass the frame to handleBayerBuffer 685 / m_isNeedRequestFrame = 1, m_isNeedInternalFrame = 0
07-04 12:20:34.945  3434 13814 W ExynosCamera3: [CAM_ID(1)][]-WARN(m_previewStreamISPPipeThreadFunc[6613]):wait timeout
07-04 12:20:34.954  3434 13816 D ExynosCamera3: [CAM_ID(1)][]-DEBUG(m_handleInternalFrame[8816]):[EJ] Pass the frame to handleBayerBuffer 686 / m_isNeedRequestFrame = 1, m_isNeedInternalFrame = 0
07-04 12:20:34.955 13699 13838 I BatteryMgr:DataCollectionService: stats => 1688466034955,-266,4073
07-04 12:20:34.977  3434 13807 W ExynosCameraMCPipe: [CAM_ID(1)][PIPE_ISP]-WARN(m_putBuffer[1530]):inputFrameQ wait timeout
07-04 12:20:34.977  3434 13807 W ExynosCameraMCPipe: [CAM_ID(1)][PIPE_ISP]-WARN(m_putBufferThreadFunc[1471]):m_putbuffer fail, ret(-110)
07-04 12:20:34.987  3434 13816 D ExynosCamera3: [CAM_ID(1)][]-DEBUG(m_handleInternalFrame[8816]):[EJ] Pass the frame to handleBayerBuffer 687 / m_isNeedRequestFrame = 1, m_isNeedInternalFrame = 0
07-04 12:20:34.990  3434 13808 W ExynosCameraMCPipe: [CAM_ID(1)][PIPE_ISP]-WARN(m_getBuffer[1976]):requestFrameQ wait timeout
07-04 12:20:34.990  3434 13808 W ExynosCameraMCPipe: [CAM_ID(1)][PIPE_ISP]-WARN(m_getBufferThreadFunc[1492]):m_getBuffer fail, ret(-110)
07-04 12:20:35.020  3434 13816 D ExynosCamera3: [CAM_ID(1)][]-DEBUG(m_handleInternalFrame[8816]):[EJ] Pass the frame to handleBayerBuffer 688 / m_isNeedRequestFrame = 1, m_isNeedInternalFrame = 0
07-04 12:20:35.042  3962  7142 I EDMNativeHelperService: isCameraEnabled
07-04 12:20:35.054  3434 13816 D ExynosCamera3: [CAM_ID(1)][]-DEBUG(m_handleInternalFrame[8816]):[EJ] Pass the frame to handleBayerBuffer 689 / m_isNeedRequestFrame = 1, m_isNeedInternalFrame = 0
07-04 12:20:35.060 13699 13838 I BatteryMgr:DataCollectionService: stats => 1688466035060,-266,4073
07-04 12:20:35.063  3434 13813 W ExynosCamera3: [CAM_ID(1)][]-WARN(m_previewStreamVRAPipeThreadFunc[6650]):wait timeout
07-04 12:20:35.088  3434 13816 D ExynosCamera3: [CAM_ID(1)][]-DEBUG(m_handleInternalFrame[8816]):[EJ] Pass the frame to handleBayerBuffer 690 / m_isNeedRequestFrame = 1, m_isNeedInternalFrame = 0
07-04 12:20:35.095  3434 13814 W ExynosCamera3: [CAM_ID(1)][]-WARN(m_previewStreamISPPipeThreadFunc[6613]):wait timeout
07-04 12:20:35.121  3434 13816 D ExynosCamera3: [CAM_ID(1)][]-DEBUG(m_handleInternalFrame[8816]):[EJ] Pass the frame to handleBayerBuffer 691 / m_isNeedRequestFrame = 1, m_isNeedInternalFrame = 0
07-04 12:20:35.154  3434 13816 D ExynosCamera3: [CAM_ID(1)][]-DEBUG(m_handleInternalFrame[8816]):[EJ] Pass the frame to handleBayerBuffer 692 / m_isNeedRequestFrame = 1, m_isNeedInternalFrame = 0
07-04 12:20:35.165 13699 13838 I BatteryMgr:DataCollectionService: stats => 1688466035165,-266,4073
07-04 12:20:35.187  3434 13816 D ExynosCamera3: [CAM_ID(1)][]-DEBUG(m_handleInternalFrame[8816]):[EJ] Pass the frame to handleBayerBuffer 693 / m_isNeedRequestFrame = 1, m_isNeedInternalFrame = 0
07-04 12:20:35.213  3434 13813 W ExynosCamera3: [CAM_ID(1)][]-WARN(m_previewStreamVRAPipeThreadFunc[6650]):wait timeout
07-04 12:20:35.224  3434 13816 D ExynosCamera3: [CAM_ID(1)][]-DEBUG(m_handleInternalFrame[8816]):[EJ] Pass the frame to handleBayerBuffer 694 / m_isNeedRequestFrame = 1, m_isNeedInternalFrame = 0
07-04 12:20:35.246  3434 13814 W ExynosCamera3: [CAM_ID(1)][]-WARN(m_previewStreamISPPipeThreadFunc[6613]):wait timeout
07-04 12:20:35.254  3434 13816 D ExynosCamera3: [CAM_ID(1)][]-DEBUG(m_handleInternalFrame[8816]):[EJ] Pass the frame to handleBayerBuffer 695 / m_isNeedRequestFrame = 1, m_isNeedInternalFrame = 0
07-04 12:20:35.270 13699 13838 I BatteryMgr:DataCollectionService: stats => 1688466035270,-266,4073
07-04 12:20:35.287  3434 13816 D ExynosCamera3: [CAM_ID(1)][]-DEBUG(m_handleInternalFrame[8816]):[EJ] Pass the frame to handleBayerBuffer 696 / m_isNeedRequestFrame = 1, m_isNeedInternalFrame = 0
07-04 12:20:35.320  3434 13816 D ExynosCamera3: [CAM_ID(1)][]-DEBUG(m_handleInternalFrame[8816]):[EJ] Pass the frame to handleBayerBuffer 697 / m_isNeedRequestFrame = 1, m_isNeedInternalFrame = 0
07-04 12:20:35.353  3434 13816 D ExynosCamera3: [CAM_ID(1)][]-DEBUG(m_handleInternalFrame[8816]):[EJ] Pass the frame to handleBayerBuffer 698 / m_isNeedRequestFrame = 1, m_isNeedInternalFrame = 0
07-04 12:20:35.363  3434 13813 W ExynosCamera3: [CAM_ID(1)][]-WARN(m_previewStreamVRAPipeThreadFunc[6650]):wait timeout
07-04 12:20:35.375 13699 13838 I BatteryMgr:DataCollectionService: stats => 1688466035375,-266,4073
07-04 12:20:35.387  3434 13816 D ExynosCamera3: [CAM_ID(1)][]-DEBUG(m_handleInternalFrame[8816]):[EJ] Pass the frame to handleBayerBuffer 699 / m_isNeedRequestFrame = 1, m_isNeedInternalFrame = 0
07-04 12:20:35.396  3434 13814 W ExynosCamera3: [CAM_ID(1)][]-WARN(m_previewStreamISPPipeThreadFunc[6613]):wait timeout
07-04 12:20:35.420  3434 13816 D ExynosCamera3: [CAM_ID(1)][]-DEBUG(m_handleInternalFrame[8816]):[EJ] Pass the frame to handleBayerBuffer 700 / m_isNeedRequestFrame = 1, m_isNeedInternalFrame = 0
07-04 12:20:35.453  3434 13816 D ExynosCamera3: [CAM_ID(1)][]-DEBUG(m_handleInternalFrame[8816]):[EJ] Pass the frame to handleBayerBuffer 701 / m_isNeedRequestFrame = 1, m_isNeedInternalFrame = 0
07-04 12:20:35.480 13699 13838 I BatteryMgr:DataCollectionService: stats => 1688466035480,-266,4073
07-04 12:20:35.487  3434 13816 D ExynosCamera3: [CAM_ID(1)][]-DEBUG(m_handleInternalFrame[8816]):[EJ] Pass the frame to handleBayerBuffer 702 / m_isNeedRequestFrame = 1, m_isNeedInternalFrame = 0
07-04 12:20:35.513  3434 13813 W ExynosCamera3: [CAM_ID(1)][]-WARN(m_previewStreamVRAPipeThreadFunc[6650]):wait timeout
07-04 12:20:35.524  3434 13816 D ExynosCamera3: [CAM_ID(1)][]-DEBUG(m_handleInternalFrame[8816]):[EJ] Pass the frame to handleBayerBuffer 703 / m_isNeedRequestFrame = 1, m_isNeedInternalFrame = 0
07-04 12:20:35.527  3434 13807 W ExynosCameraMCPipe: [CAM_ID(1)][PIPE_ISP]-WARN(m_putBuffer[1530]):inputFrameQ wait timeout
07-04 12:20:35.527  3434 13807 W ExynosCameraMCPipe: [CAM_ID(1)][PIPE_ISP]-WARN(m_putBufferThreadFunc[1471]):m_putbuffer fail, ret(-110)
07-04 12:20:35.540  3434 13808 W ExynosCameraMCPipe: [CAM_ID(1)][PIPE_ISP]-WARN(m_getBuffer[1976]):requestFrameQ wait timeout
07-04 12:20:35.540  3434 13808 W ExynosCameraMCPipe: [CAM_ID(1)][PIPE_ISP]-WARN(m_getBufferThreadFunc[1492]):m_getBuffer fail, ret(-110)
07-04 12:20:35.546  3434 13814 W ExynosCamera3: [CAM_ID(1)][]-WARN(m_previewStreamISPPipeThreadFunc[6613]):wait timeout
07-04 12:20:35.554  3434 13816 D ExynosCamera3: [CAM_ID(1)][]-DEBUG(m_handleInternalFrame[8816]):[EJ] Pass the frame to handleBayerBuffer 704 / m_isNeedRequestFrame = 1, m_isNeedInternalFrame = 0
07-04 12:20:35.585 13699 13838 I BatteryMgr:DataCollectionService: stats => 1688466035585,-266,4073
07-04 12:20:35.587  3434 13816 D ExynosCamera3: [CAM_ID(1)][]-DEBUG(m_handleInternalFrame[8816]):[EJ] Pass the frame to handleBayerBuffer 705 / m_isNeedRequestFrame = 1, m_isNeedInternalFrame = 0
07-04 12:20:35.620  3434 13816 D ExynosCamera3: [CAM_ID(1)][]-DEBUG(m_handleInternalFrame[8816]):[EJ] Pass the frame to handleBayerBuffer 706 / m_isNeedRequestFrame = 1, m_isNeedInternalFrame = 0
07-04 12:20:35.621  4950  4950 D io_stats: !@ 179,0 r 79990 3047512 w 15576 217412 d 1509 43996 f 3972 4076 iot 38356 31907 th 51200 0 0 pt 0 inp 0 0 2003.693
07-04 12:20:35.654  3434 13816 D ExynosCamera3: [CAM_ID(1)][]-DEBUG(m_handleInternalFrame[8816]):[EJ] Pass the frame to handleBayerBuffer 707 / m_isNeedRequestFrame = 1, m_isNeedInternalFrame = 0
07-04 12:20:35.664  3434 13813 W ExynosCamera3: [CAM_ID(1)][]-WARN(m_previewStreamVRAPipeThreadFunc[6650]):wait timeout
07-04 12:20:35.687  3434 13816 D ExynosCamera3: [CAM_ID(1)][]-DEBUG(m_handleInternalFrame[8816]):[EJ] Pass the frame to handleBayerBuffer 708 / m_isNeedRequestFrame = 1, m_isNeedInternalFrame = 0
07-04 12:20:35.694 13699 13838 I BatteryMgr:DataCollectionService: stats => 1688466035694,-266,4073
07-04 12:20:35.696  3434 13814 W ExynosCamera3: [CAM_ID(1)][]-WARN(m_previewStreamISPPipeThreadFunc[6613]):wait timeout
07-04 12:20:35.720  3434 13816 D ExynosCamera3: [CAM_ID(1)][]-DEBUG(m_handleInternalFrame[8816]):[EJ] Pass the frame to handleBayerBuffer 709 / m_isNeedRequestFrame = 1, m_isNeedInternalFrame = 0
07-04 12:20:35.753  3434 13816 D ExynosCamera3: [CAM_ID(1)][]-DEBUG(m_handleInternalFrame[8816]):[EJ] Pass the frame to handleBayerBuffer 710 / m_isNeedRequestFrame = 1, m_isNeedInternalFrame = 0
07-04 12:20:35.787  3434 13816 D ExynosCamera3: [CAM_ID(1)][]-DEBUG(m_handleInternalFrame[8816]):[EJ] Pass the frame to handleBayerBuffer 711 / m_isNeedRequestFrame = 1, m_isNeedInternalFrame = 0
07-04 12:20:35.799 13699 13838 I BatteryMgr:DataCollectionService: stats => 1688466035799,-266,4073
07-04 12:20:35.814  3434 13813 W ExynosCamera3: [CAM_ID(1)][]-WARN(m_previewStreamVRAPipeThreadFunc[6650]):wait timeout
07-04 12:20:35.820  3434 13816 D ExynosCamera3: [CAM_ID(1)][]-DEBUG(m_handleInternalFrame[8816]):[EJ] Pass the frame to handleBayerBuffer 712 / m_isNeedRequestFrame = 1, m_isNeedInternalFrame = 0
07-04 12:20:35.846  3434 13814 W ExynosCamera3: [CAM_ID(1)][]-WARN(m_previewStreamISPPipeThreadFunc[6613]):wait timeout
07-04 12:20:35.853  3434 13816 D ExynosCamera3: [CAM_ID(1)][]-DEBUG(m_handleInternalFrame[8816]):[EJ] Pass the frame to handleBayerBuffer 713 / m_isNeedRequestFrame = 1, m_isNeedInternalFrame = 0
07-04 12:20:35.887  3434 13816 D ExynosCamera3: [CAM_ID(1)][]-DEBUG(m_handleInternalFrame[8816]):[EJ] Pass the frame to handleBayerBuffer 714 / m_isNeedRequestFrame = 1, m_isNeedInternalFrame = 0
07-04 12:20:35.904 13699 13838 I BatteryMgr:DataCollectionService: stats => 1688466035904,-266,4073
07-04 12:20:35.920  3434 13816 D ExynosCamera3: [CAM_ID(1)][]-DEBUG(m_handleInternalFrame[8816]):[EJ] Pass the frame to handleBayerBuffer 715 / m_isNeedRequestFrame = 1, m_isNeedInternalFrame = 0
07-04 12:20:35.953  3434 13816 D ExynosCamera3: [CAM_ID(1)][]-DEBUG(m_handleInternalFrame[8816]):[EJ] Pass the frame to handleBayerBuffer 716 / m_isNeedRequestFrame = 1, m_isNeedInternalFrame = 0
07-04 12:20:35.964  3434 13813 W ExynosCamera3: [CAM_ID(1)][]-WARN(m_previewStreamVRAPipeThreadFunc[6650]):wait timeout
07-04 12:20:35.987  3434 13816 D ExynosCamera3: [CAM_ID(1)][]-DEBUG(m_handleInternalFrame[8816]):[EJ] Pass the frame to handleBayerBuffer 717 / m_isNeedRequestFrame = 1, m_isNeedInternalFrame = 0
07-04 12:20:35.997  3434 13814 W ExynosCamera3: [CAM_ID(1)][]-WARN(m_previewStreamISPPipeThreadFunc[6613]):wait timeout
07-04 12:20:36.009 13699 13838 I BatteryMgr:DataCollectionService: stats => 1688466036009,-266,4073
07-04 12:20:36.020  3434 13816 D ExynosCamera3: [CAM_ID(1)][]-DEBUG(m_handleInternalFrame[8816]):[EJ] Pass the frame to handleBayerBuffer 718 / m_isNeedRequestFrame = 1, m_isNeedInternalFrame = 0
07-04 12:20:36.045  3962  7142 I EDMNativeHelperService: isCameraEnabled
07-04 12:20:36.057  3434 13816 D ExynosCamera3: [CAM_ID(1)][]-DEBUG(m_handleInternalFrame[8816]):[EJ] Pass the frame to handleBayerBuffer 719 / m_isNeedRequestFrame = 1, m_isNeedInternalFrame = 0
07-04 12:20:36.077  3434 13807 W ExynosCameraMCPipe: [CAM_ID(1)][PIPE_ISP]-WARN(m_putBuffer[1530]):inputFrameQ wait timeout
07-04 12:20:36.077  3434 13807 W ExynosCameraMCPipe: [CAM_ID(1)][PIPE_ISP]-WARN(m_putBufferThreadFunc[1471]):m_putbuffer fail, ret(-110)
07-04 12:20:36.081  3433  3433 I android.hardware.wifi@1.0-service: getLinkLayerStats
07-04 12:20:36.086  3434 13816 D ExynosCamera3: [CAM_ID(1)][]-DEBUG(m_handleInternalFrame[8816]):[EJ] Pass the frame to handleBayerBuffer 720 / m_isNeedRequestFrame = 1, m_isNeedInternalFrame = 0
07-04 12:20:36.091  3434 13808 W ExynosCameraMCPipe: [CAM_ID(1)][PIPE_ISP]-WARN(m_getBuffer[1976]):requestFrameQ wait timeout
07-04 12:20:36.091  3434 13808 W ExynosCameraMCPipe: [CAM_ID(1)][PIPE_ISP]-WARN(m_getBufferThreadFunc[1492]):m_getBuffer fail, ret(-110)
07-04 12:20:36.114 13699 13838 I BatteryMgr:DataCollectionService: stats => 1688466036113,-266,4073
07-04 12:20:36.114  3434 13813 W ExynosCamera3: [CAM_ID(1)][]-WARN(m_previewStreamVRAPipeThreadFunc[6650]):wait timeout
07-04 12:20:36.123  3434 13816 D ExynosCamera3: [CAM_ID(1)][]-DEBUG(m_handleInternalFrame[8816]):[EJ] Pass the frame to handleBayerBuffer 721 / m_isNeedRequestFrame = 1, m_isNeedInternalFrame = 0
07-04 12:20:36.147  3434 13814 W ExynosCamera3: [CAM_ID(1)][]-WARN(m_previewStreamISPPipeThreadFunc[6613]):wait timeout
07-04 12:20:36.153  3434 13816 D ExynosCamera3: [CAM_ID(1)][]-DEBUG(m_handleInternalFrame[8816]):[EJ] Pass the frame to handleBayerBuffer 722 / m_isNeedRequestFrame = 1, m_isNeedInternalFrame = 0
07-04 12:20:36.186  3434 13816 D ExynosCamera3: [CAM_ID(1)][]-DEBUG(m_handleInternalFrame[8816]):[EJ] Pass the frame to handleBayerBuffer 723 / m_isNeedRequestFrame = 1, m_isNeedInternalFrame = 0
07-04 12:20:36.219 13699 13838 I BatteryMgr:DataCollectionService: stats => 1688466036219,-266,4073
07-04 12:20:36.219  3434 13816 D ExynosCamera3: [CAM_ID(1)][]-DEBUG(m_handleInternalFrame[8816]):[EJ] Pass the frame to handleBayerBuffer 724 / m_isNeedRequestFrame = 1, m_isNeedInternalFrame = 0
07-04 12:20:36.253  3434 13816 D ExynosCamera3: [CAM_ID(1)][]-DEBUG(m_handleInternalFrame[8816]):[EJ] Pass the frame to handleBayerBuffer 725 / m_isNeedRequestFrame = 1, m_isNeedInternalFrame = 0
07-04 12:20:36.264  3434 13813 W ExynosCamera3: [CAM_ID(1)][]-WARN(m_previewStreamVRAPipeThreadFunc[6650]):wait timeout
07-04 12:20:36.286  3434 13816 D ExynosCamera3: [CAM_ID(1)][]-DEBUG(m_handleInternalFrame[8816]):[EJ] Pass the frame to handleBayerBuffer 726 / m_isNeedRequestFrame = 1, m_isNeedInternalFrame = 0
07-04 12:20:36.297  3434 13814 W ExynosCamera3: [CAM_ID(1)][]-WARN(m_previewStreamISPPipeThreadFunc[6613]):wait timeout
07-04 12:20:36.320  3434 13816 D ExynosCamera3: [CAM_ID(1)][]-DEBUG(m_handleInternalFrame[8816]):[EJ] Pass the frame to handleBayerBuffer 727 / m_isNeedRequestFrame = 1, m_isNeedInternalFrame = 0
07-04 12:20:36.327 13699 13838 I BatteryMgr:DataCollectionService: stats => 1688466036326,-266,4073
07-04 12:20:36.353  3434 13816 D ExynosCamera3: [CAM_ID(1)][]-DEBUG(m_handleInternalFrame[8816]):[EJ] Pass the frame to handleBayerBuffer 728 / m_isNeedRequestFrame = 1, m_isNeedInternalFrame = 0
07-04 12:20:36.386  3434 13816 D ExynosCamera3: [CAM_ID(1)][]-DEBUG(m_handleInternalFrame[8816]):[EJ] Pass the frame to handleBayerBuffer 729 / m_isNeedRequestFrame = 1, m_isNeedInternalFrame = 0
07-04 12:20:36.415  3434 13813 W ExynosCamera3: [CAM_ID(1)][]-WARN(m_previewStreamVRAPipeThreadFunc[6650]):wait timeout
07-04 12:20:36.419  3434 13816 D ExynosCamera3: [CAM_ID(1)][]-DEBUG(m_handleInternalFrame[8816]):[EJ] Pass the frame to handleBayerBuffer 730 / m_isNeedRequestFrame = 1, m_isNeedInternalFrame = 0
07-04 12:20:36.431 13699 13838 I BatteryMgr:DataCollectionService: stats => 1688466036431,-266,4073
07-04 12:20:36.447  3434 13814 W ExynosCamera3: [CAM_ID(1)][]-WARN(m_previewStreamISPPipeThreadFunc[6613]):wait timeout
07-04 12:20:36.453  3434 13816 D ExynosCamera3: [CAM_ID(1)][]-DEBUG(m_handleInternalFrame[8816]):[EJ] Pass the frame to handleBayerBuffer 731 / m_isNeedRequestFrame = 1, m_isNeedInternalFrame = 0
07-04 12:20:36.486  3434 13816 D ExynosCamera3: [CAM_ID(1)][]-DEBUG(m_handleInternalFrame[8816]):[EJ] Pass the frame to handleBayerBuffer 732 / m_isNeedRequestFrame = 1, m_isNeedInternalFrame = 0
07-04 12:20:36.519  3434 13816 D ExynosCamera3: [CAM_ID(1)][]-DEBUG(m_handleInternalFrame[8816]):[EJ] Pass the frame to handleBayerBuffer 733 / m_isNeedRequestFrame = 1, m_isNeedInternalFrame = 0
07-04 12:20:36.537 13699 13838 I BatteryMgr:DataCollectionService: stats => 1688466036537,-266,4073
07-04 12:20:36.552  3434 13816 D ExynosCamera3: [CAM_ID(1)][]-DEBUG(m_handleInternalFrame[8816]):[EJ] Pass the frame to handleBayerBuffer 734 / m_isNeedRequestFrame = 1, m_isNeedInternalFrame = 0
07-04 12:20:36.565  3434 13813 W ExynosCamera3: [CAM_ID(1)][]-WARN(m_previewStreamVRAPipeThreadFunc[6650]):wait timeout
07-04 12:20:36.586  3434 13816 D ExynosCamera3: [CAM_ID(1)][]-DEBUG(m_handleInternalFrame[8816]):[EJ] Pass the frame to handleBayerBuffer 735 / m_isNeedRequestFrame = 1, m_isNeedInternalFrame = 0
07-04 12:20:36.598  3434 13814 W ExynosCamera3: [CAM_ID(1)][]-WARN(m_previewStreamISPPipeThreadFunc[6613]):wait timeout
07-04 12:20:36.619  3434 13816 D ExynosCamera3: [CAM_ID(1)][]-DEBUG(m_handleInternalFrame[8816]):[EJ] Pass the frame to handleBayerBuffer 736 / m_isNeedRequestFrame = 1, m_isNeedInternalFrame = 0
07-04 12:20:36.628  3434 13807 W ExynosCameraMCPipe: [CAM_ID(1)][PIPE_ISP]-WARN(m_putBuffer[1530]):inputFrameQ wait timeout
07-04 12:20:36.628  3434 13807 W ExynosCameraMCPipe: [CAM_ID(1)][PIPE_ISP]-WARN(m_putBufferThreadFunc[1471]):m_putbuffer fail, ret(-110)
07-04 12:20:36.641  3434 13808 W ExynosCameraMCPipe: [CAM_ID(1)][PIPE_ISP]-WARN(m_getBuffer[1976]):requestFrameQ wait timeout
07-04 12:20:36.642 13699 13838 I BatteryMgr:DataCollectionService: stats => 1688466036641,-266,4073
07-04 12:20:36.642  3434 13808 W ExynosCameraMCPipe: [CAM_ID(1)][PIPE_ISP]-WARN(m_getBufferThreadFunc[1492]):m_getBuffer fail, ret(-110)
07-04 12:20:36.652  3434 13816 D ExynosCamera3: [CAM_ID(1)][]-DEBUG(m_handleInternalFrame[8816]):[EJ] Pass the frame to handleBayerBuffer 737 / m_isNeedRequestFrame = 1, m_isNeedInternalFrame = 0
07-04 12:20:36.686  3434 13816 D ExynosCamera3: [CAM_ID(1)][]-DEBUG(m_handleInternalFrame[8816]):[EJ] Pass the frame to handleBayerBuffer 738 / m_isNeedRequestFrame = 1, m_isNeedInternalFrame = 0
07-04 12:20:36.715  3434 13813 W ExynosCamera3: [CAM_ID(1)][]-WARN(m_previewStreamVRAPipeThreadFunc[6650]):wait timeout
07-04 12:20:36.719  3434 13816 D ExynosCamera3: [CAM_ID(1)][]-DEBUG(m_handleInternalFrame[8816]):[EJ] Pass the frame to handleBayerBuffer 739 / m_isNeedRequestFrame = 1, m_isNeedInternalFrame = 0
07-04 12:20:36.746 13699 13838 I BatteryMgr:DataCollectionService: stats => 1688466036746,-266,4073
07-04 12:20:36.748  3434 13814 W ExynosCamera3: [CAM_ID(1)][]-WARN(m_previewStreamISPPipeThreadFunc[6613]):wait timeout
07-04 12:20:36.752  3434 13816 D ExynosCamera3: [CAM_ID(1)][]-DEBUG(m_handleInternalFrame[8816]):[EJ] Pass the frame to handleBayerBuffer 740 / m_isNeedRequestFrame = 1, m_isNeedInternalFrame = 0
07-04 12:20:36.786  3434 13816 D ExynosCamera3: [CAM_ID(1)][]-DEBUG(m_handleInternalFrame[8816]):[EJ] Pass the frame to handleBayerBuffer 741 / m_isNeedRequestFrame = 1, m_isNeedInternalFrame = 0
07-04 12:20:36.819  3434 13816 D ExynosCamera3: [CAM_ID(1)][]-DEBUG(m_handleInternalFrame[8816]):[EJ] Pass the frame to handleBayerBuffer 742 / m_isNeedRequestFrame = 1, m_isNeedInternalFrame = 0
07-04 12:20:36.851 13699 13838 I BatteryMgr:DataCollectionService: stats => 1688466036851,-266,4073
07-04 12:20:36.856  3434 13816 D ExynosCamera3: [CAM_ID(1)][]-DEBUG(m_handleInternalFrame[8816]):[EJ] Pass the frame to handleBayerBuffer 743 / m_isNeedRequestFrame = 1, m_isNeedInternalFrame = 0
07-04 12:20:36.866  3434 13813 W ExynosCamera3: [CAM_ID(1)][]-WARN(m_previewStreamVRAPipeThreadFunc[6650]):wait timeout
07-04 12:20:36.885  3434 13816 D ExynosCamera3: [CAM_ID(1)][]-DEBUG(m_handleInternalFrame[8816]):[EJ] Pass the frame to handleBayerBuffer 744 / m_isNeedRequestFrame = 1, m_isNeedInternalFrame = 0
07-04 12:20:36.898  3434 13814 W ExynosCamera3: [CAM_ID(1)][]-WARN(m_previewStreamISPPipeThreadFunc[6613]):wait timeout
07-04 12:20:36.921  3434 13816 D ExynosCamera3: [CAM_ID(1)][]-DEBUG(m_handleInternalFrame[8816]):[EJ] Pass the frame to handleBayerBuffer 745 / m_isNeedRequestFrame = 1, m_isNeedInternalFrame = 0
07-04 12:20:36.956  3434 13816 D ExynosCamera3: [CAM_ID(1)][]-DEBUG(m_handleInternalFrame[8816]):[EJ] Pass the frame to handleBayerBuffer 746 / m_isNeedRequestFrame = 1, m_isNeedInternalFrame = 0
07-04 12:20:36.957 13699 13838 I BatteryMgr:DataCollectionService: stats => 1688466036957,-266,4073
07-04 12:20:36.985  3434 13816 D ExynosCamera3: [CAM_ID(1)][]-DEBUG(m_handleInternalFrame[8816]):[EJ] Pass the frame to handleBayerBuffer 747 / m_isNeedRequestFrame = 1, m_isNeedInternalFrame = 0
07-04 12:20:37.016  3434 13813 W ExynosCamera3: [CAM_ID(1)][]-WARN(m_previewStreamVRAPipeThreadFunc[6650]):wait timeout
07-04 12:20:37.019  3434 13816 D ExynosCamera3: [CAM_ID(1)][]-DEBUG(m_handleInternalFrame[8816]):[EJ] Pass the frame to handleBayerBuffer 748 / m_isNeedRequestFrame = 1, m_isNeedInternalFrame = 0
07-04 12:20:37.047  3962  7142 I EDMNativeHelperService: isCameraEnabled
07-04 12:20:37.048  3434 13814 W ExynosCamera3: [CAM_ID(1)][]-WARN(m_previewStreamISPPipeThreadFunc[6613]):wait timeout
07-04 12:20:37.052  3434 13816 D ExynosCamera3: [CAM_ID(1)][]-DEBUG(m_handleInternalFrame[8816]):[EJ] Pass the frame to handleBayerBuffer 749 / m_isNeedRequestFrame = 1, m_isNeedInternalFrame = 0
07-04 12:20:37.061 13699 13838 I BatteryMgr:DataCollectionService: stats => 1688466037061,-266,4073
07-04 12:20:37.085  3434 13816 D ExynosCamera3: [CAM_ID(1)][]-DEBUG(m_handleInternalFrame[8816]):[EJ] Pass the frame to handleBayerBuffer 750 / m_isNeedRequestFrame = 1, m_isNeedInternalFrame = 0
07-04 12:20:37.123  3434 13816 D ExynosCamera3: [CAM_ID(1)][]-DEBUG(m_handleInternalFrame[8816]):[EJ] Pass the frame to handleBayerBuffer 751 / m_isNeedRequestFrame = 1, m_isNeedInternalFrame = 0
07-04 12:20:37.152  3434 13816 D ExynosCamera3: [CAM_ID(1)][]-DEBUG(m_handleInternalFrame[8816]):[EJ] Pass the frame to handleBayerBuffer 752 / m_isNeedRequestFrame = 1, m_isNeedInternalFrame = 0
07-04 12:20:37.166  3434 13813 W ExynosCamera3: [CAM_ID(1)][]-WARN(m_previewStreamVRAPipeThreadFunc[6650]):wait timeout
07-04 12:20:37.167 13699 13838 I BatteryMgr:DataCollectionService: stats => 1688466037167,-266,4073
07-04 12:20:37.178  3434 13807 W ExynosCameraMCPipe: [CAM_ID(1)][PIPE_ISP]-WARN(m_putBuffer[1530]):inputFrameQ wait timeout
07-04 12:20:37.178  3434 13807 W ExynosCameraMCPipe: [CAM_ID(1)][PIPE_ISP]-WARN(m_putBufferThreadFunc[1471]):m_putbuffer fail, ret(-110)
07-04 12:20:37.185  3434 13816 D ExynosCamera3: [CAM_ID(1)][]-DEBUG(m_handleInternalFrame[8816]):[EJ] Pass the frame to handleBayerBuffer 753 / m_isNeedRequestFrame = 1, m_isNeedInternalFrame = 0
07-04 12:20:37.192  3434 13808 W ExynosCameraMCPipe: [CAM_ID(1)][PIPE_ISP]-WARN(m_getBuffer[1976]):requestFrameQ wait timeout
07-04 12:20:37.192  3434 13808 W ExynosCameraMCPipe: [CAM_ID(1)][PIPE_ISP]-WARN(m_getBufferThreadFunc[1492]):m_getBuffer fail, ret(-110)
07-04 12:20:37.198  3434 13814 W ExynosCamera3: [CAM_ID(1)][]-WARN(m_previewStreamISPPipeThreadFunc[6613]):wait timeout
07-04 12:20:37.219  3434 13816 D ExynosCamera3: [CAM_ID(1)][]-DEBUG(m_handleInternalFrame[8816]):[EJ] Pass the frame to handleBayerBuffer 754 / m_isNeedRequestFrame = 1, m_isNeedInternalFrame = 0
07-04 12:20:37.252  3434 13816 D ExynosCamera3: [CAM_ID(1)][]-DEBUG(m_handleInternalFrame[8816]):[EJ] Pass the frame to handleBayerBuffer 755 / m_isNeedRequestFrame = 1, m_isNeedInternalFrame = 0
07-04 12:20:37.271 13699 13838 I BatteryMgr:DataCollectionService: stats => 1688466037271,-266,4073
07-04 12:20:37.285  3434 13816 D ExynosCamera3: [CAM_ID(1)][]-DEBUG(m_handleInternalFrame[8816]):[EJ] Pass the frame to handleBayerBuffer 756 / m_isNeedRequestFrame = 1, m_isNeedInternalFrame = 0
07-04 12:20:37.316  3434 13813 W ExynosCamera3: [CAM_ID(1)][]-WARN(m_previewStreamVRAPipeThreadFunc[6650]):wait timeout
07-04 12:20:37.319  3434 13816 D ExynosCamera3: [CAM_ID(1)][]-DEBUG(m_handleInternalFrame[8816]):[EJ] Pass the frame to handleBayerBuffer 757 / m_isNeedRequestFrame = 1, m_isNeedInternalFrame = 0
07-04 12:20:37.349  3434 13814 W ExynosCamera3: [CAM_ID(1)][]-WARN(m_previewStreamISPPipeThreadFunc[6613]):wait timeout
07-04 12:20:37.352  3434 13816 D ExynosCamera3: [CAM_ID(1)][]-DEBUG(m_handleInternalFrame[8816]):[EJ] Pass the frame to handleBayerBuffer 758 / m_isNeedRequestFrame = 1, m_isNeedInternalFrame = 0
07-04 12:20:37.377 13699 13838 I BatteryMgr:DataCollectionService: stats => 1688466037377,-266,4073
07-04 12:20:37.385  3434 13816 D ExynosCamera3: [CAM_ID(1)][]-DEBUG(m_handleInternalFrame[8816]):[EJ] Pass the frame to handleBayerBuffer 759 / m_isNeedRequestFrame = 1, m_isNeedInternalFrame = 0
07-04 12:20:37.419  3434 13816 D ExynosCamera3: [CAM_ID(1)][]-DEBUG(m_handleInternalFrame[8816]):[EJ] Pass the frame to handleBayerBuffer 760 / m_isNeedRequestFrame = 1, m_isNeedInternalFrame = 0
07-04 12:20:37.452  3434 13816 D ExynosCamera3: [CAM_ID(1)][]-DEBUG(m_handleInternalFrame[8816]):[EJ] Pass the frame to handleBayerBuffer 761 / m_isNeedRequestFrame = 1, m_isNeedInternalFrame = 0
07-04 12:20:37.466  3434 13813 W ExynosCamera3: [CAM_ID(1)][]-WARN(m_previewStreamVRAPipeThreadFunc[6650]):wait timeout
07-04 12:20:37.482 13699 13838 I BatteryMgr:DataCollectionService: stats => 1688466037482,-266,4073
07-04 12:20:37.485  3434 13816 D ExynosCamera3: [CAM_ID(1)][]-DEBUG(m_handleInternalFrame[8816]):[EJ] Pass the frame to handleBayerBuffer 762 / m_isNeedRequestFrame = 1, m_isNeedInternalFrame = 0
07-04 12:20:37.499  3434 13814 W ExynosCamera3: [CAM_ID(1)][]-WARN(m_previewStreamISPPipeThreadFunc[6613]):wait timeout
07-04 12:20:37.519  3434 13816 D ExynosCamera3: [CAM_ID(1)][]-DEBUG(m_handleInternalFrame[8816]):[EJ] Pass the frame to handleBayerBuffer 763 / m_isNeedRequestFrame = 1, m_isNeedInternalFrame = 0
07-04 12:20:37.552  3434 13816 D ExynosCamera3: [CAM_ID(1)][]-DEBUG(m_handleInternalFrame[8816]):[EJ] Pass the frame to handleBayerBuffer 764 / m_isNeedRequestFrame = 1, m_isNeedInternalFrame = 0
07-04 12:20:37.585  3434 13816 D ExynosCamera3: [CAM_ID(1)][]-DEBUG(m_handleInternalFrame[8816]):[EJ] Pass the frame to handleBayerBuffer 765 / m_isNeedRequestFrame = 1, m_isNeedInternalFrame = 0
07-04 12:20:37.588 13699 13838 I BatteryMgr:DataCollectionService: stats => 1688466037588,-266,4073
07-04 12:20:37.618  3434 13816 D ExynosCamera3: [CAM_ID(1)][]-DEBUG(m_handleInternalFrame[8816]):[EJ] Pass the frame to handleBayerBuffer 766 / m_isNeedRequestFrame = 1, m_isNeedInternalFrame = 0
07-04 12:20:37.619  3434 13813 W ExynosCamera3: [CAM_ID(1)][]-WARN(m_previewStreamVRAPipeThreadFunc[6650]):wait timeout
07-04 12:20:37.649  3434 13814 W ExynosCamera3: [CAM_ID(1)][]-WARN(m_previewStreamISPPipeThreadFunc[6613]):wait timeout
07-04 12:20:37.652  3434 13816 D ExynosCamera3: [CAM_ID(1)][]-DEBUG(m_handleInternalFrame[8816]):[EJ] Pass the frame to handleBayerBuffer 767 / m_isNeedRequestFrame = 1, m_isNeedInternalFrame = 0
07-04 12:20:37.652  3434 13805 I ExynosCameraMCPipe: [CAM_ID(1)][PIPE_3AA]-INFO(m_putBuffer[1552]):Internal Frame(5), frameCount(770), (166)
07-04 12:20:37.685  3434 13816 D ExynosCamera3: [CAM_ID(1)][]-DEBUG(m_handleInternalFrame[8816]):[EJ] Pass the frame to handleBayerBuffer 768 / m_isNeedRequestFrame = 1, m_isNeedInternalFrame = 0
07-04 12:20:37.693 13699 13838 I BatteryMgr:DataCollectionService: stats => 1688466037693,-266,4073
07-04 12:20:37.718  3434 13816 D ExynosCamera3: [CAM_ID(1)][]-DEBUG(m_handleInternalFrame[8816]):[EJ] Pass the frame to handleBayerBuffer 769 / m_isNeedRequestFrame = 1, m_isNeedInternalFrame = 0
07-04 12:20:37.728  3434 13807 W ExynosCameraMCPipe: [CAM_ID(1)][PIPE_ISP]-WARN(m_putBuffer[1530]):inputFrameQ wait timeout
07-04 12:20:37.728  3434 13807 W ExynosCameraMCPipe: [CAM_ID(1)][PIPE_ISP]-WARN(m_putBufferThreadFunc[1471]):m_putbuffer fail, ret(-110)
07-04 12:20:37.742  3434 13808 W ExynosCameraMCPipe: [CAM_ID(1)][PIPE_ISP]-WARN(m_getBuffer[1976]):requestFrameQ wait timeout
07-04 12:20:37.742  3434 13808 W ExynosCameraMCPipe: [CAM_ID(1)][PIPE_ISP]-WARN(m_getBufferThreadFunc[1492]):m_getBuffer fail, ret(-110)
07-04 12:20:37.752  3434 13816 D ExynosCamera3: [CAM_ID(1)][]-DEBUG(m_handleInternalFrame[8816]):[EJ] Pass the frame to handleBayerBuffer 770 / m_isNeedRequestFrame = 1, m_isNeedInternalFrame = 0
07-04 12:20:37.769  3434 13813 W ExynosCamera3: [CAM_ID(1)][]-WARN(m_previewStreamVRAPipeThreadFunc[6650]):wait timeout
07-04 12:20:37.785  3434 13816 D ExynosCamera3: [CAM_ID(1)][]-DEBUG(m_handleInternalFrame[8816]):[EJ] Pass the frame to handleBayerBuffer 771 / m_isNeedRequestFrame = 1, m_isNeedInternalFrame = 0
07-04 12:20:37.798 13699 13838 I BatteryMgr:DataCollectionService: stats => 1688466037798,-266,4073
07-04 12:20:37.799  3434 13814 W ExynosCamera3: [CAM_ID(1)][]-WARN(m_previewStreamISPPipeThreadFunc[6613]):wait timeout
07-04 12:20:37.818  3434 13816 D ExynosCamera3: [CAM_ID(1)][]-DEBUG(m_handleInternalFrame[8816]):[EJ] Pass the frame to handleBayerBuffer 772 / m_isNeedRequestFrame = 1, m_isNeedInternalFrame = 0
07-04 12:20:37.851  3434 13816 D ExynosCamera3: [CAM_ID(1)][]-DEBUG(m_handleInternalFrame[8816]):[EJ] Pass the frame to handleBayerBuffer 773 / m_isNeedRequestFrame = 1, m_isNeedInternalFrame = 0
07-04 12:20:37.885  3434 13816 D ExynosCamera3: [CAM_ID(1)][]-DEBUG(m_handleInternalFrame[8816]):[EJ] Pass the frame to handleBayerBuffer 774 / m_isNeedRequestFrame = 1, m_isNeedInternalFrame = 0
07-04 12:20:37.903 13699 13838 I BatteryMgr:DataCollectionService: stats => 1688466037902,-266,4073
07-04 12:20:37.918  3434 13816 D ExynosCamera3: [CAM_ID(1)][]-DEBUG(m_handleInternalFrame[8816]):[EJ] Pass the frame to handleBayerBuffer 775 / m_isNeedRequestFrame = 1, m_isNeedInternalFrame = 0
07-04 12:20:37.919  3434 13813 W ExynosCamera3: [CAM_ID(1)][]-WARN(m_previewStreamVRAPipeThreadFunc[6650]):wait timeout
07-04 12:20:37.949  3434 13814 W ExynosCamera3: [CAM_ID(1)][]-WARN(m_previewStreamISPPipeThreadFunc[6613]):wait timeout
07-04 12:20:37.951  3434 13816 D ExynosCamera3: [CAM_ID(1)][]-DEBUG(m_handleInternalFrame[8816]):[EJ] Pass the frame to handleBayerBuffer 776 / m_isNeedRequestFrame = 1, m_isNeedInternalFrame = 0
07-04 12:20:37.985  3434 13816 D ExynosCamera3: [CAM_ID(1)][]-DEBUG(m_handleInternalFrame[8816]):[EJ] Pass the frame to handleBayerBuffer 777 / m_isNeedRequestFrame = 1, m_isNeedInternalFrame = 0
07-04 12:20:38.008 13699 13838 I BatteryMgr:DataCollectionService: stats => 1688466038008,-266,4073
07-04 12:20:38.018  3434 13816 D ExynosCamera3: [CAM_ID(1)][]-DEBUG(m_handleInternalFrame[8816]):[EJ] Pass the frame to handleBayerBuffer 778 / m_isNeedRequestFrame = 1, m_isNeedInternalFrame = 0
07-04 12:20:38.049  3962  7142 I EDMNativeHelperService: isCameraEnabled
07-04 12:20:38.051  3434 13816 D ExynosCamera3: [CAM_ID(1)][]-DEBUG(m_handleInternalFrame[8816]):[EJ] Pass the frame to handleBayerBuffer 779 / m_isNeedRequestFrame = 1, m_isNeedInternalFrame = 0
07-04 12:20:38.070  3434 13813 W ExynosCamera3: [CAM_ID(1)][]-WARN(m_previewStreamVRAPipeThreadFunc[6650]):wait timeout
07-04 12:20:38.084  3434 13816 D ExynosCamera3: [CAM_ID(1)][]-DEBUG(m_handleInternalFrame[8816]):[EJ] Pass the frame to handleBayerBuffer 780 / m_isNeedRequestFrame = 1, m_isNeedInternalFrame = 0
07-04 12:20:38.100  3434 13814 W ExynosCamera3: [CAM_ID(1)][]-WARN(m_previewStreamISPPipeThreadFunc[6613]):wait timeout
07-04 12:20:38.112 13699 13838 I BatteryMgr:DataCollectionService: stats => 1688466038112,-266,4073
07-04 12:20:38.118  3434 13816 D ExynosCamera3: [CAM_ID(1)][]-DEBUG(m_handleInternalFrame[8816]):[EJ] Pass the frame to handleBayerBuffer 781 / m_isNeedRequestFrame = 1, m_isNeedInternalFrame = 0
07-04 12:20:38.151  3434 13816 D ExynosCamera3: [CAM_ID(1)][]-DEBUG(m_handleInternalFrame[8816]):[EJ] Pass the frame to handleBayerBuffer 782 / m_isNeedRequestFrame = 1, m_isNeedInternalFrame = 0
07-04 12:20:38.184  3434 13816 D ExynosCamera3: [CAM_ID(1)][]-DEBUG(m_handleInternalFrame[8816]):[EJ] Pass the frame to handleBayerBuffer 783 / m_isNeedRequestFrame = 1, m_isNeedInternalFrame = 0
07-04 12:20:38.218 13699 13838 I BatteryMgr:DataCollectionService: stats => 1688466038218,-266,4073
07-04 12:20:38.220  3434 13813 W ExynosCamera3: [CAM_ID(1)][]-WARN(m_previewStreamVRAPipeThreadFunc[6650]):wait timeout
07-04 12:20:38.221  3434 13816 D ExynosCamera3: [CAM_ID(1)][]-DEBUG(m_handleInternalFrame[8816]):[EJ] Pass the frame to handleBayerBuffer 784 / m_isNeedRequestFrame = 1, m_isNeedInternalFrame = 0
07-04 12:20:38.250  3434 13814 W ExynosCamera3: [CAM_ID(1)][]-WARN(m_previewStreamISPPipeThreadFunc[6613]):wait timeout
07-04 12:20:38.251  3434 13816 D ExynosCamera3: [CAM_ID(1)][]-DEBUG(m_handleInternalFrame[8816]):[EJ] Pass the frame to handleBayerBuffer 785 / m_isNeedRequestFrame = 1, m_isNeedInternalFrame = 0
07-04 12:20:38.278  3434 13807 W ExynosCameraMCPipe: [CAM_ID(1)][PIPE_ISP]-WARN(m_putBuffer[1530]):inputFrameQ wait timeout
07-04 12:20:38.279  3434 13807 W ExynosCameraMCPipe: [CAM_ID(1)][PIPE_ISP]-WARN(m_putBufferThreadFunc[1471]):m_putbuffer fail, ret(-110)
07-04 12:20:38.284  3434 13816 D ExynosCamera3: [CAM_ID(1)][]-DEBUG(m_handleInternalFrame[8816]):[EJ] Pass the frame to handleBayerBuffer 786 / m_isNeedRequestFrame = 1, m_isNeedInternalFrame = 0
07-04 12:20:38.292  3434 13808 W ExynosCameraMCPipe: [CAM_ID(1)][PIPE_ISP]-WARN(m_getBuffer[1976]):requestFrameQ wait timeout
07-04 12:20:38.292  3434 13808 W ExynosCameraMCPipe: [CAM_ID(1)][PIPE_ISP]-WARN(m_getBufferThreadFunc[1492]):m_getBuffer fail, ret(-110)
07-04 12:20:38.318  3434 13816 D ExynosCamera3: [CAM_ID(1)][]-DEBUG(m_handleInternalFrame[8816]):[EJ] Pass the frame to handleBayerBuffer 787 / m_isNeedRequestFrame = 1, m_isNeedInternalFrame = 0
07-04 12:20:38.323 13699 13838 I BatteryMgr:DataCollectionService: stats => 1688466038323,-266,4073
07-04 12:20:38.351  3434 13816 D ExynosCamera3: [CAM_ID(1)][]-DEBUG(m_handleInternalFrame[8816]):[EJ] Pass the frame to handleBayerBuffer 788 / m_isNeedRequestFrame = 1, m_isNeedInternalFrame = 0
07-04 12:20:38.370  3434 13813 W ExynosCamera3: [CAM_ID(1)][]-WARN(m_previewStreamVRAPipeThreadFunc[6650]):wait timeout
07-04 12:20:38.384  3434 13816 D ExynosCamera3: [CAM_ID(1)][]-DEBUG(m_handleInternalFrame[8816]):[EJ] Pass the frame to handleBayerBuffer 789 / m_isNeedRequestFrame = 1, m_isNeedInternalFrame = 0
07-04 12:20:38.401  3434 13814 W ExynosCamera3: [CAM_ID(1)][]-WARN(m_previewStreamISPPipeThreadFunc[6613]):wait timeout
07-04 12:20:38.418  3434 13816 D ExynosCamera3: [CAM_ID(1)][]-DEBUG(m_handleInternalFrame[8816]):[EJ] Pass the frame to handleBayerBuffer 790 / m_isNeedRequestFrame = 1, m_isNeedInternalFrame = 0
07-04 12:20:38.428 13699 13838 I BatteryMgr:DataCollectionService: stats => 1688466038428,-266,4073
07-04 12:20:38.451  3434 13816 D ExynosCamera3: [CAM_ID(1)][]-DEBUG(m_handleInternalFrame[8816]):[EJ] Pass the frame to handleBayerBuffer 791 / m_isNeedRequestFrame = 1, m_isNeedInternalFrame = 0
07-04 12:20:38.484  3434 13816 D ExynosCamera3: [CAM_ID(1)][]-DEBUG(m_handleInternalFrame[8816]):[EJ] Pass the frame to handleBayerBuffer 792 / m_isNeedRequestFrame = 1, m_isNeedInternalFrame = 0
07-04 12:20:38.518  3434 13816 D ExynosCamera3: [CAM_ID(1)][]-DEBUG(m_handleInternalFrame[8816]):[EJ] Pass the frame to handleBayerBuffer 793 / m_isNeedRequestFrame = 1, m_isNeedInternalFrame = 0
07-04 12:20:38.520  3434 13813 W ExynosCamera3: [CAM_ID(1)][]-WARN(m_previewStreamVRAPipeThreadFunc[6650]):wait timeout
07-04 12:20:38.532 13699 13838 I BatteryMgr:DataCollectionService: stats => 1688466038532,-266,4073
07-04 12:20:38.551  3434 13816 D ExynosCamera3: [CAM_ID(1)][]-DEBUG(m_handleInternalFrame[8816]):[EJ] Pass the frame to handleBayerBuffer 794 / m_isNeedRequestFrame = 1, m_isNeedInternalFrame = 0
07-04 12:20:38.553  3434 13814 W ExynosCamera3: [CAM_ID(1)][]-WARN(m_previewStreamISPPipeThreadFunc[6613]):wait timeout
07-04 12:20:38.584  3434 13816 D ExynosCamera3: [CAM_ID(1)][]-DEBUG(m_handleInternalFrame[8816]):[EJ] Pass the frame to handleBayerBuffer 795 / m_isNeedRequestFrame = 1, m_isNeedInternalFrame = 0
07-04 12:20:38.617  3434 13816 D ExynosCamera3: [CAM_ID(1)][]-DEBUG(m_handleInternalFrame[8816]):[EJ] Pass the frame to handleBayerBuffer 796 / m_isNeedRequestFrame = 1, m_isNeedInternalFrame = 0
07-04 12:20:38.637 13699 13838 I BatteryMgr:DataCollectionService: stats => 1688466038637,-266,4073
07-04 12:20:38.651  3434 13816 D ExynosCamera3: [CAM_ID(1)][]-DEBUG(m_handleInternalFrame[8816]):[EJ] Pass the frame to handleBayerBuffer 797 / m_isNeedRequestFrame = 1, m_isNeedInternalFrame = 0
07-04 12:20:38.671  3434 13813 W ExynosCamera3: [CAM_ID(1)][]-WARN(m_previewStreamVRAPipeThreadFunc[6650]):wait timeout
07-04 12:20:38.684  3434 13816 D ExynosCamera3: [CAM_ID(1)][]-DEBUG(m_handleInternalFrame[8816]):[EJ] Pass the frame to handleBayerBuffer 798 / m_isNeedRequestFrame = 1, m_isNeedInternalFrame = 0
07-04 12:20:38.704  3434 13814 W ExynosCamera3: [CAM_ID(1)][]-WARN(m_previewStreamISPPipeThreadFunc[6613]):wait timeout
07-04 12:20:38.718  3434 13816 D ExynosCamera3: [CAM_ID(1)][]-DEBUG(m_handleInternalFrame[8816]):[EJ] Pass the frame to handleBayerBuffer 799 / m_isNeedRequestFrame = 1, m_isNeedInternalFrame = 0
07-04 12:20:38.743 13699 13838 I BatteryMgr:DataCollectionService: stats => 1688466038742,-266,4073
07-04 12:20:38.754  3434 13816 D ExynosCamera3: [CAM_ID(1)][]-DEBUG(m_handleInternalFrame[8816]):[EJ] Pass the frame to handleBayerBuffer 800 / m_isNeedRequestFrame = 1, m_isNeedInternalFrame = 0
07-04 12:20:38.784  3434 13816 D ExynosCamera3: [CAM_ID(1)][]-DEBUG(m_handleInternalFrame[8816]):[EJ] Pass the frame to handleBayerBuffer 801 / m_isNeedRequestFrame = 1, m_isNeedInternalFrame = 0
07-04 12:20:38.817  3434 13816 D ExynosCamera3: [CAM_ID(1)][]-DEBUG(m_handleInternalFrame[8816]):[EJ] Pass the frame to handleBayerBuffer 802 / m_isNeedRequestFrame = 1, m_isNeedInternalFrame = 0
07-04 12:20:38.821  3434 13813 W ExynosCamera3: [CAM_ID(1)][]-WARN(m_previewStreamVRAPipeThreadFunc[6650]):wait timeout
07-04 12:20:38.829  3434 13807 W ExynosCameraMCPipe: [CAM_ID(1)][PIPE_ISP]-WARN(m_putBuffer[1530]):inputFrameQ wait timeout
07-04 12:20:38.829  3434 13807 W ExynosCameraMCPipe: [CAM_ID(1)][PIPE_ISP]-WARN(m_putBufferThreadFunc[1471]):m_putbuffer fail, ret(-110)
07-04 12:20:38.837  5351  5507 D ContactsProvider_EventLog: contents_sample_state: [CONTACT contacts(0) data(0) accounts({}) accounts deleted({}) calls([]) countryIso(NL) userId(0)  ]
07-04 12:20:38.837  5351  5507 D ContactsProvider_EventLog: contents_sample_state: [ agr({})  ]
07-04 12:20:38.837  5351  5507 D ContactsProvider_EventLog: contents_sample_state: [ actCnt({android.process.acore(5351)=1})  ]
07-04 12:20:38.837  5351  5507 D ContactsProvider_EventLog: contents_sample_state: [PROFILE contacts(0) data(0) accounts({})  ]
07-04 12:20:38.837  5351  5507 D ContactsProvider_EventLog: contents_sample_state: [SAPROFILE contacts(1) data(1) accounts({vnd.sec.contact.phone (1)=1})  ]
07-04 12:20:38.841  5351  5507 E ContactsProvider_EventLog: Flush buffer to file cnt : 1 size : 0Kb duration : 3ms lastUpdatedAfter : 60099 ms mFlush_time_threasold : 2000 mCurrentSize : 437
07-04 12:20:38.843  3434 13808 W ExynosCameraMCPipe: [CAM_ID(1)][PIPE_ISP]-WARN(m_getBuffer[1976]):requestFrameQ wait timeout
07-04 12:20:38.843  3434 13808 W ExynosCameraMCPipe: [CAM_ID(1)][PIPE_ISP]-WARN(m_getBufferThreadFunc[1492]):m_getBuffer fail, ret(-110)
07-04 12:20:38.847 13699 13838 I BatteryMgr:DataCollectionService: stats => 1688466038847,-266,4073
07-04 12:20:38.850  3434 13816 D ExynosCamera3: [CAM_ID(1)][]-DEBUG(m_handleInternalFrame[8816]):[EJ] Pass the frame to handleBayerBuffer 803 / m_isNeedRequestFrame = 1, m_isNeedInternalFrame = 0
07-04 12:20:38.854  3434 13814 W ExynosCamera3: [CAM_ID(1)][]-WARN(m_previewStreamISPPipeThreadFunc[6613]):wait timeout
07-04 12:20:38.884  3434 13816 D ExynosCamera3: [CAM_ID(1)][]-DEBUG(m_handleInternalFrame[8816]):[EJ] Pass the frame to handleBayerBuffer 804 / m_isNeedRequestFrame = 1, m_isNeedInternalFrame = 0
07-04 12:20:38.921  3434 13816 D ExynosCamera3: [CAM_ID(1)][]-DEBUG(m_handleInternalFrame[8816]):[EJ] Pass the frame to handleBayerBuffer 805 / m_isNeedRequestFrame = 1, m_isNeedInternalFrame = 0
07-04 12:20:38.951  3434 13816 D ExynosCamera3: [CAM_ID(1)][]-DEBUG(m_handleInternalFrame[8816]):[EJ] Pass the frame to handleBayerBuffer 806 / m_isNeedRequestFrame = 1, m_isNeedInternalFrame = 0
07-04 12:20:38.954 13699 13838 I BatteryMgr:DataCollectionService: stats => 1688466038954,-266,4073
07-04 12:20:38.971  3434 13813 W ExynosCamera3: [CAM_ID(1)][]-WARN(m_previewStreamVRAPipeThreadFunc[6650]):wait timeout
07-04 12:20:38.984  3434 13816 D ExynosCamera3: [CAM_ID(1)][]-DEBUG(m_handleInternalFrame[8816]):[EJ] Pass the frame to handleBayerBuffer 807 / m_isNeedRequestFrame = 1, m_isNeedInternalFrame = 0
07-04 12:20:39.004  3434 13814 W ExynosCamera3: [CAM_ID(1)][]-WARN(m_previewStreamISPPipeThreadFunc[6613]):wait timeout
07-04 12:20:39.017  3434 13816 D ExynosCamera3: [CAM_ID(1)][]-DEBUG(m_handleInternalFrame[8816]):[EJ] Pass the frame to handleBayerBuffer 808 / m_isNeedRequestFrame = 1, m_isNeedInternalFrame = 0
07-04 12:20:39.051  3962  7142 I EDMNativeHelperService: isCameraEnabled
07-04 12:20:39.053  3434 13816 D ExynosCamera3: [CAM_ID(1)][]-DEBUG(m_handleInternalFrame[8816]):[EJ] Pass the frame to handleBayerBuffer 809 / m_isNeedRequestFrame = 1, m_isNeedInternalFrame = 0
07-04 12:20:39.058 13699 13838 I BatteryMgr:DataCollectionService: stats => 1688466039058,-266,4073
07-04 12:20:39.084  3434 13816 D ExynosCamera3: [CAM_ID(1)][]-DEBUG(m_handleInternalFrame[8816]):[EJ] Pass the frame to handleBayerBuffer 810 / m_isNeedRequestFrame = 1, m_isNeedInternalFrame = 0
07-04 12:20:39.086  3433  3433 I android.hardware.wifi@1.0-service: getLinkLayerStats
07-04 12:20:39.117  3434 13816 D ExynosCamera3: [CAM_ID(1)][]-DEBUG(m_handleInternalFrame[8816]):[EJ] Pass the frame to handleBayerBuffer 811 / m_isNeedRequestFrame = 1, m_isNeedInternalFrame = 0
07-04 12:20:39.121  3434 13813 W ExynosCamera3: [CAM_ID(1)][]-WARN(m_previewStreamVRAPipeThreadFunc[6650]):wait timeout
07-04 12:20:39.150  3434 13816 D ExynosCamera3: [CAM_ID(1)][]-DEBUG(m_handleInternalFrame[8816]):[EJ] Pass the frame to handleBayerBuffer 812 / m_isNeedRequestFrame = 1, m_isNeedInternalFrame = 0
07-04 12:20:39.154  3434 13814 W ExynosCamera3: [CAM_ID(1)][]-WARN(m_previewStreamISPPipeThreadFunc[6613]):wait timeout
07-04 12:20:39.163 13699 13838 I BatteryMgr:DataCollectionService: stats => 1688466039163,-266,4073
07-04 12:20:39.184  3434 13816 D ExynosCamera3: [CAM_ID(1)][]-DEBUG(m_handleInternalFrame[8816]):[EJ] Pass the frame to handleBayerBuffer 813 / m_isNeedRequestFrame = 1, m_isNeedInternalFrame = 0
07-04 12:20:39.221  3434 13816 D ExynosCamera3: [CAM_ID(1)][]-DEBUG(m_handleInternalFrame[8816]):[EJ] Pass the frame to handleBayerBuffer 814 / m_isNeedRequestFrame = 1, m_isNeedInternalFrame = 0
07-04 12:20:39.250  3434 13816 D ExynosCamera3: [CAM_ID(1)][]-DEBUG(m_handleInternalFrame[8816]):[EJ] Pass the frame to handleBayerBuffer 815 / m_isNeedRequestFrame = 1, m_isNeedInternalFrame = 0
07-04 12:20:39.268 13699 13838 I BatteryMgr:DataCollectionService: stats => 1688466039268,-266,4073
07-04 12:20:39.271  3434 13813 W ExynosCamera3: [CAM_ID(1)][]-WARN(m_previewStreamVRAPipeThreadFunc[6650]):wait timeout
07-04 12:20:39.284  3434 13816 D ExynosCamera3: [CAM_ID(1)][]-DEBUG(m_handleInternalFrame[8816]):[EJ] Pass the frame to handleBayerBuffer 816 / m_isNeedRequestFrame = 1, m_isNeedInternalFrame = 0
07-04 12:20:39.304  3434 13814 W ExynosCamera3: [CAM_ID(1)][]-WARN(m_previewStreamISPPipeThreadFunc[6613]):wait timeout
07-04 12:20:39.317  3434 13816 D ExynosCamera3: [CAM_ID(1)][]-DEBUG(m_handleInternalFrame[8816]):[EJ] Pass the frame to handleBayerBuffer 817 / m_isNeedRequestFrame = 1, m_isNeedInternalFrame = 0
07-04 12:20:39.350  3434 13816 D ExynosCamera3: [CAM_ID(1)][]-DEBUG(m_handleInternalFrame[8816]):[EJ] Pass the frame to handleBayerBuffer 818 / m_isNeedRequestFrame = 1, m_isNeedInternalFrame = 0
07-04 12:20:39.373 13699 13838 I BatteryMgr:DataCollectionService: stats => 1688466039373,-266,4073
07-04 12:20:39.379  3434 13807 W ExynosCameraMCPipe: [CAM_ID(1)][PIPE_ISP]-WARN(m_putBuffer[1530]):inputFrameQ wait timeout
07-04 12:20:39.379  3434 13807 W ExynosCameraMCPipe: [CAM_ID(1)][PIPE_ISP]-WARN(m_putBufferThreadFunc[1471]):m_putbuffer fail, ret(-110)
07-04 12:20:39.383  3434 13816 D ExynosCamera3: [CAM_ID(1)][]-DEBUG(m_handleInternalFrame[8816]):[EJ] Pass the frame to handleBayerBuffer 819 / m_isNeedRequestFrame = 1, m_isNeedInternalFrame = 0
07-04 12:20:39.393  3434 13808 W ExynosCameraMCPipe: [CAM_ID(1)][PIPE_ISP]-WARN(m_getBuffer[1976]):requestFrameQ wait timeout
07-04 12:20:39.393  3434 13808 W ExynosCameraMCPipe: [CAM_ID(1)][PIPE_ISP]-WARN(m_getBufferThreadFunc[1492]):m_getBuffer fail, ret(-110)
07-04 12:20:39.417  3434 13816 D ExynosCamera3: [CAM_ID(1)][]-DEBUG(m_handleInternalFrame[8816]):[EJ] Pass the frame to handleBayerBuffer 820 / m_isNeedRequestFrame = 1, m_isNeedInternalFrame = 0
07-04 12:20:39.422  3434 13813 W ExynosCamera3: [CAM_ID(1)][]-WARN(m_previewStreamVRAPipeThreadFunc[6650]):wait timeout
07-04 12:20:39.450  3434 13816 D ExynosCamera3: [CAM_ID(1)][]-DEBUG(m_handleInternalFrame[8816]):[EJ] Pass the frame to handleBayerBuffer 821 / m_isNeedRequestFrame = 1, m_isNeedInternalFrame = 0
07-04 12:20:39.455  3434 13814 W ExynosCamera3: [CAM_ID(1)][]-WARN(m_previewStreamISPPipeThreadFunc[6613]):wait timeout
