06-12 01:38:43.087  7955  7972 I AdrenoGLES-0: OpenGL ES Shader Compiler Version: EV031.31.04.01
06-12 01:38:43.087  7955  7972 I AdrenoGLES-0: Local Branch                     : QPR1
06-12 01:38:43.087  7955  7972 I AdrenoGLES-0: Remote Branch                    : 
06-12 01:38:43.087  7955  7972 I AdrenoGLES-0: Remote Branch                    : 
06-12 01:38:43.087  7955  7972 I AdrenoGLES-0: Reconstruct Branch               : 
06-12 01:38:43.087  7955  7972 I AdrenoGLES-0: Build Config                     : C P 11.0.1 AArch64
06-12 01:38:43.087  7955  7972 I AdrenoGLES-0: Driver Path                      : /vendor/lib64/egl/libGLESv2_adreno.so
06-12 01:38:43.089  7955  7972 I AdrenoGLES-0: PFP: 0x016ee190, ME: 0x00000000
06-12 01:38:43.090  7955  7972 W AdrenoUtils: <ReadGpuID_from_sysfs:197>: Failed to open /sys/class/kgsl/kgsl-3d0/gpu_model
06-12 01:38:43.090  7955  7972 W AdrenoUtils: <ReadGpuID:221>: Failed to read chip ID from gpu_model. Fallback to use the GSL path
06-12 01:38:43.091  1917  1949 I MediaFocusControl: requestAudioFocus() from uid/pid 10262/7955 AA=USAGE_MEDIA/CONTENT_TYPE_MOVIE clientId=android.media.AudioManager@161b7e9 callingPack=x.intervalapp.displaytest req=1 flags=0x0 sdk=33
06-12 01:38:43.091  1917  1949 I AudioService.FadeOutManager: unfadeOutUid() uid:10262
06-12 01:38:43.096   745   772 I SDM     : HWCDisplay::GetColorModeCount: Supported color mode count = 5
06-12 01:38:43.096   743   779 E HWComposer: getSupportedContentTypes: getSupportedContentTypes failed for display 0: Unsupported (8)
06-12 01:38:43.097  7955  7972 D hw-ProcessState: Binder ioctl to enable oneway spam detection failed: Invalid argument
06-12 01:38:43.104  1539  2618 D NuPlayerDriver: NuPlayerDriver(0xf3200fb0) created, clientPid(7955)
06-12 01:38:43.108  1539  2618 D SurfaceUtils: connecting to surface 0xee78b068, reason setVideoSurfaceTexture
06-12 01:38:43.108  1539  7977 D NuPlayer: onSetVideoSurface(0xee781940, no video decoder)
06-12 01:38:43.110  1539  7978 D GenericSource: FileSource remote
06-12 01:38:43.111   696   696 I hwservicemanager: getTransport: Cannot find entry android.hardware.graphics.mapper@4.0::IMapper/default in either framework or device VINTF manifest.
06-12 01:38:43.111  7955  7972 I Gralloc4: mapper 4.x is not supported
06-12 01:38:43.112   696   696 I hwservicemanager: getTransport: Cannot find entry android.hardware.graphics.mapper@3.0::IMapper/default in either framework or device VINTF manifest.
06-12 01:38:43.112  7955  7972 W Gralloc3: mapper 3.x is not supported
06-12 01:38:43.113   696   696 I hwservicemanager: getTransport: Cannot find entry android.hardware.graphics.allocator@4.0::IAllocator/default in either framework or device VINTF manifest.
06-12 01:38:43.113  7955  7972 W Gralloc4: allocator 4.x is not supported
06-12 01:38:43.113   696   696 I hwservicemanager: getTransport: Cannot find entry android.hardware.graphics.allocator@3.0::IAllocator/default in either framework or device VINTF manifest.
06-12 01:38:43.113  7955  7972 W Gralloc3: allocator 3.x is not supported
06-12 01:38:43.116  1536  2570 I SampleTable: There are reordered frames present.
06-12 01:38:43.118  1536 31439 D MediaBufferGroup: creating MemoryDealer
06-12 01:38:43.124  1917  2033 W ziparchive: Unable to open '/data/app/~~wwht4evGxO-bPQc18kVPeQ==/x.intervalapp.displaytest-DebNsDEVunNK92DQRrbyqA==/base.dm': No such file or directory
06-12 01:38:43.125  1917  2033 I ActivityTaskManager: Displayed x.intervalapp.displaytest/.MainActivity: +450ms
06-12 01:38:43.126  1917  2037 I WindowManager: Screen frozen for +429ms due to Window{752a9b0 u0 x.intervalapp.displaytest/x.intervalapp.displaytest.MainActivity}
06-12 01:38:43.126  7955  7955 D MediaPlayerNative: getMetadata
06-12 01:38:43.131  1917  2037 W ImageReader_JNI: Unable to acquire a buffer item, very likely client tried to acquire more than maxImages buffers
06-12 01:38:43.138  1539  7977 I GenericSource: start
06-12 01:38:43.141  1539  7984 D CCodec  : allocate(c2.qti.avc.decoder)
06-12 01:38:43.142  1539  7984 I CCodec  : setting up 'default' as default (vendor) store
06-12 01:38:43.143  1344  1686 I QC2Interface: Created Interface (c2.qti.avc.decoder)
06-12 01:38:43.144  1344  1686 E QC2Prop : SK::kPropInputDelay:0
06-12 01:38:43.144  1344  1686 E QC2Prop : SK::kPropOutputDelay:0
06-12 01:38:43.144  1344  1686 I QC2Comp : Create: Allocated component[50] for name c2.qti.avc.decoder
06-12 01:38:43.144  1344  1686 I QC2CompStore: Created component(c2.qti.avc.decoder) id(50)
06-12 01:38:43.144  1539  7986 D CCodec  : allocate(c2.android.aac.decoder)
06-12 01:38:43.145  1539  7984 I CCodec  : Created component [c2.qti.avc.decoder]
06-12 01:38:43.145  1539  7984 D CCodecConfig: read media type: video/avc
06-12 01:38:43.145  1539  7984 D ReflectedParamUpdater: extent() != 1 for single value type: output.buffers.pool-ids.values
06-12 01:38:43.146  1539  7986 I CCodec  : setting up 'default' as default (vendor) store
06-12 01:38:43.146  1548  2616 V C2Store : in init
06-12 01:38:43.146  1548  2616 V C2Store : loading dll
06-12 01:38:43.147  1539  7984 D CCodecConfig: ignoring local param raw.size (0xd2001800) as it is already supported
06-12 01:38:43.147  1539  7984 D CCodecConfig: ignoring local param default.color (0x5200180b) as it is already supported
06-12 01:38:43.147  1539  7984 D CCodecConfig: ignoring local param raw.hdr-static-info (0xd200180a) as it is already supported
06-12 01:38:43.148  1344  1344 E QC2Prop : SK::kPropInputDelay:0
06-12 01:38:43.148  1344  1344 E QC2Prop : SK::kPropOutputDelay:0
06-12 01:38:43.148  1539  7984 I CCodecConfig: query failed after returning 17 values (BAD_INDEX)
06-12 01:38:43.148  1539  7984 D CCodecConfig: c2 config diff is Dict {
06-12 01:38:43.148  1539  7984 D CCodecConfig:   c2::i32 algo.priority.value = -1
06-12 01:38:43.148  1539  7984 D CCodecConfig:   c2::float algo.rate.value = 4.2039e-44
06-12 01:38:43.148  1539  7984 D CCodecConfig:   c2::u32 algo.secure-mode.value = 0
06-12 01:38:43.148  1539  7984 D CCodecConfig:   c2::float coded.frame-rate.value = 30
06-12 01:38:43.148  1539  7984 D CCodecConfig:   c2::u32 coded.pl.level = 20480
06-12 01:38:43.148  1539  7984 D CCodecConfig:   c2::u32 coded.pl.profile = 20480
06-12 01:38:43.148  1539  7984 D CCodecConfig:   c2::u32 coded.vui.color.matrix = 0
06-12 01:38:43.148  1539  7984 D CCodecConfig:   c2::u32 coded.vui.color.primaries = 0
06-12 01:38:43.148  1539  7984 D CCodecConfig:   c2::u32 coded.vui.color.range = 0
06-12 01:38:43.148  1539  7984 D CCodecConfig:   c2::u32 coded.vui.color.transfer = 0
06-12 01:38:43.148  1539  7984 D CCodecConfig:   c2::u32 default.color.matrix = 0
06-12 01:38:43.148  1539  7984 D CCodecConfig:   c2::u32 default.color.primaries = 3
06-12 01:38:43.148  1539  7984 D CCodecConfig:   c2::u32 default.color.range = 2
06-12 01:38:43.148  1539  7984 D CCodecConfig:   c2::u32 default.color.transfer = 0
06-12 01:38:43.148  1539  7984 D CCodecConfig:   c2::u32 input.buffers.max-size.value = 13271040
06-12 01:38:43.148  1539  7984 D CCodecConfig:   c2::u32 input.delay.value = 4
06-12 01:38:43.148  1539  7984 D CCodecConfig:   string input.media-type.value = "video/avc"
06-12 01:38:43.148  1539  7984 D CCodecConfig:   c2::u32 output.delay.value = 18
06-12 01:38:43.148  1539  7984 D CCodecConfig:   string output.media-type.value = "video/raw"
06-12 01:38:43.148  1539  7984 D CCodecConfig:   c2::u32 raw.color.matrix = 0
06-12 01:38:43.148  1539  7984 D CCodecConfig:   c2::u32 raw.color.primaries = 0
06-12 01:38:43.148  1539  7984 D CCodecConfig:   c2::u32 raw.color.range = 0
06-12 01:38:43.148  1539  7984 D CCodecConfig:   c2::u32 raw.color.transfer = 0
06-12 01:38:43.148  1539  7984 D CCodecConfig:   c2::float raw.hdr-static-info.mastering.blue.x = 1.4013e-45
06-12 01:38:43.148  1539  7984 D CCodecConfig:   c2::float raw.hdr-static-info.mastering.blue.y = 1.4013e-45
06-12 01:38:43.148  1539  7984 D CCodecConfig:   c2::float raw.hdr-
06-12 01:38:43.148  1539  7984 W ColorUtils: expected specified color aspects (0:0:0:0)
06-12 01:38:43.150  1539  7986 I CCodec  : Created component [c2.android.aac.decoder]
06-12 01:38:43.150  1539  7986 D CCodecConfig: read media type: audio/mp4a-latm
06-12 01:38:43.150  1539  7982 D SurfaceUtils: disconnecting from surface 0xee781948, reason onConfigure
06-12 01:38:43.151  1539  7983 D SurfaceUtils: connecting to surface 0xee781948, reason connectToSurface
06-12 01:38:43.151  1539  7983 I MediaCodec: [c2.qti.avc.decoder] setting surface generation to 1575975
06-12 01:38:43.151  1539  7983 D SurfaceUtils: disconnecting from surface 0xee781948, reason connectToSurface(reconnect)
06-12 01:38:43.151  1539  7983 D SurfaceUtils: connecting to surface 0xee781948, reason connectToSurface(reconnect)
06-12 01:38:43.152  1539  7984 D CCodec  : [c2.qti.avc.decoder] buffers are bound to CCodec for this session
06-12 01:38:43.152  1539  7986 D ReflectedParamUpdater: extent() != 1 for single value type: algo.buffers.max-count.values
06-12 01:38:43.152  1539  7984 D CCodecConfig: no c2 equivalents for durationUs
06-12 01:38:43.152  1539  7984 D CCodecConfig: no c2 equivalents for frame-count
06-12 01:38:43.152  1539  7984 D CCodecConfig: no c2 equivalents for track-id
06-12 01:38:43.152  1539  7984 D CCodecConfig: no c2 equivalents for language
06-12 01:38:43.152  1539  7984 D CCodecConfig: no c2 equivalents for display-width
06-12 01:38:43.152  1539  7984 D CCodecConfig: no c2 equivalents for display-height
06-12 01:38:43.152  1539  7984 D CCodecConfig: no c2 equivalents for csd-1
06-12 01:38:43.152  1539  7984 D CCodecConfig: no c2 equivalents for native-window
06-12 01:38:43.152  1539  7984 D CCodecConfig: no c2 equivalents for flags
06-12 01:38:43.152  1539  7986 D ReflectedParamUpdater: extent() != 1 for single value type: output.subscribed-indices.values
06-12 01:38:43.152  1539  7986 D ReflectedParamUpdater: extent() != 1 for single value type: input.buffers.allocator-ids.values
06-12 01:38:43.152  1539  7984 D CCodecConfig: c2 config diff is   c2::i32 algo.priority.value = 0
06-12 01:38:43.152  1539  7984 D CCodecConfig:   c2::float algo.rate.value = 30
06-12 01:38:43.152  1539  7984 D CCodecConfig:   c2::u32 coded.pl.level = 20489
06-12 01:38:43.152  1539  7984 D CCodecConfig:   c2::u32 coded.pl.profile = 20484
06-12 01:38:43.152  1539  7984 D CCodecConfig:   c2::u32 input.buffers.max-size.value = 737280
06-12 01:38:43.152  1539  7984 D CCodecConfig:   c2::u32 raw.pixel-format.value = 34
06-12 01:38:43.152  1539  7984 D CCodecConfig:   c2::u32 raw.size.height = 720
06-12 01:38:43.152  1539  7984 D CCodecConfig:   c2::u32 raw.size.width = 1280
06-12 01:38:43.153  1539  7986 D ReflectedParamUpdater: extent() != 1 for single value type: output.buffers.allocator-ids.values
06-12 01:38:43.153  1539  7986 D ReflectedParamUpdater: extent() != 1 for single value type: algo.buffers.allocator-ids.values
06-12 01:38:43.153  1539  7986 D ReflectedParamUpdater: extent() != 1 for single value type: output.buffers.pool-ids.values
06-12 01:38:43.153  1539  7986 D ReflectedParamUpdater: extent() != 1 for single value type: algo.buffers.pool-ids.values
06-12 01:38:43.153  1539  7984 W Codec2Client: query -- param skipped: index = 1107298332.
06-12 01:38:43.153  1539  7984 D CCodec  : client requested max input size 183475, which is smaller than what component recommended (737280); overriding with component recommendation.
06-12 01:38:43.153  1539  7984 W CCodec  : This behavior is subject to change. It is recommended that app developers double check whether the requested max input size is in reasonable range.
06-12 01:38:43.153  1539  7984 D CCodec  : setup formats input: AMessage(what = 0x00000000) = {
06-12 01:38:43.153  1539  7984 D CCodec  :   int32_t feature-secure-playback = 0
06-12 01:38:43.153  1539  7984 D CCodec  :   int32_t frame-rate = 30
06-12 01:38:43.153  1539  7984 D CCodec  :   int32_t height = 720
06-12 01:38:43.153  1539  7984 D CCodec  :   int32_t level = 512
06-12 01:38:43.153  1539  7984 D CCodec  :   int32_t max-input-size = 737280
06-12 01:38:43.153  1539  7984 D CCodec  :   string mime = "video/avc"
06-12 01:38:43.153  1539  7984 D CCodec  :   int32_t priority = 0
06-12 01:38:43.153  1539  7984 D CCodec  :   int32_t profile = 8
06-12 01:38:43.153  1539  7984 D CCodec  :   int32_t width = 1280
06-12 01:38:43.153  1539  7984 D CCodec  :   Rect crop(0, 0, 1279, 719)
06-12 01:38:43.153  1539  7984 D CCodec  : }
06-12 01:38:43.153  1539  7984 D CCodec  : setup formats output: AMessage(what = 0x00000000) = {
06-12 01:38:43.153  1539  7984 D CCodec  :   int32_t android._color-format = 2130708361
06-12 01:38:43.153  1539  7984 D CCodec  :   int32_t android._video-scaling = 1
06-12 01:38:43.153  1539  7984 D CCodec  :   int32_t android._dataspace = 260
06-12 01:38:43.153  1539  7984 D CCodec  :   int32_t color-standard = 1
06-12 01:38:43.153  1539  7984 D CCodec  :   int32_t color-range = 2
06-12 01:38:43.153  1539  7984 D CCodec  :   int32_t color-transfer = 3
06-12 01:38:43.153  1539  7984 D CCodec  :   int32_t sar-height = 1
06-12 01:38:43.153  1539  7984 D CCodec  :   int32_t rotation-degrees = 0
06-12 01:38:43.153  1539  7984 D CCodec  :   Buffer hdr-static-info = {
06-12 01:38:43.153  1539  7984 D CCodec  :     00000000:  00 00 00 00 00 00 00 00  00 00 00 00 00 00 00 00  ................
06-12 01:38:43.153  1539  7984 D CCodec  :     00000010:  00 00 00 00 00 00 00 00  00                       .........
06-12 01:38:43.153  1539  7984 D CCodec  :   }
06-12 01:38:43.153  1539  7984 D CCodec  :   int32_t sar-width = 1
06-12 01:38:43.153  1539  7984 D CCodec  :   Rect crop(0, 0, 1279, 719)
06-12 01:38:43.153  1539  7984 D CCodec  :   int32_t width = 1280
06-12 01:38:43.153  1539  7984 D CCodec  :   int32_t feature-secure-playback = 0
06-12 01:38:43.153  1539  7984 D CCodec  :   int32_t frame-rate = 30
06-12 01:38:43.153  1539  7984 D CCodec  :   int32_t height = 720
06-12 01:38:43.153  1539  7984 D CCodec  :   int32_t max-height = 1080
06-12 01:38:43.153  1539  7984 D CCodec  :   int32_t max-width = 1920
06-12 01:38:43.153  1539  7984 D CCodec  :   string mime = "video/raw"
06-12 01:38:43.153  1539  7984 D CCodec  :   int32_t priority = 0
06-12 01:38:43.153  1539  7984 D CCodec  :   int32_t color-format = 2130708361
06-12 01:38:43.153  1539  7984 D CCodec  : }
06-12 01:38:43.153  1344  1344 E QC2Prop : SK::kPropInputDelay:0
06-12 01:38:43.153  1344  1344 E QC2Prop : SK::kPropOutputDelay:0
06-12 01:38:43.153  1539  7984 I CCodecConfig: query failed after returning 17 values (BAD_INDEX)
06-12 01:38:43.153  1539  7984 D CCodecConfig: c2 config diff is   c2::u32 raw.max-size.height = 720
06-12 01:38:43.153  1539  7984 D CCodecConfig:   c2::u32 raw.max-size.width = 1280
06-12 01:38:43.154  1539  7983 I MediaCodec: MediaCodec will operate in async mode
06-12 01:38:43.154  1539  7982 D MediaCodec: keep callback message for reclaim
06-12 01:38:43.154  1539  7986 I CCodecConfig: query failed after returning 19 values (BAD_INDEX)
06-12 01:38:43.154  1344  7987 I QC2V4l2Driver: [avcD_50] Device /dev/video32 opened with fd: 7
06-12 01:38:43.155  1539  7986 D CCodecConfig: c2 config diff is Dict {
06-12 01:38:43.155  1539  7986 D CCodecConfig:   c2::u32 coded.aac-packaging.value = 0
06-12 01:38:43.155  1539  7986 D CCodecConfig:   c2::u32 coded.bitrate.value = 64000
06-12 01:38:43.155  1539  7986 D CCodecConfig:   c2::u32 coded.pl.level = 0
06-12 01:38:43.155  1539  7986 D CCodecConfig:   c2::u32 coded.pl.profile = 8192
06-12 01:38:43.155  1539  7986 D CCodecConfig:   c2::i32 coding.drc.album-mode.value = 0
06-12 01:38:43.155  1539  7986 D CCodecConfig:   c2::float coding.drc.attenuation-factor.value = 1
06-12 01:38:43.155  1539  7986 D CCodecConfig:   c2::float coding.drc.boost-factor.value = 1
06-12 01:38:43.155  1539  7986 D CCodecConfig:   c2::i32 coding.drc.compression-mode.value = 3
06-12 01:38:43.155  1539  7986 D CCodecConfig:   c2::i32 coding.drc.effect-type.value = 3
06-12 01:38:43.155  1539  7986 D CCodecConfig:   c2::float coding.drc.encoded-level.value = 0.25
06-12 01:38:43.155  1539  7986 D CCodecConfig:   c2::float coding.drc.reference-level.value = -16
06-12 01:38:43.155  1539  7986 D CCodecConfig:   c2::u32 input.buffers.max-size.value = 8192
06-12 01:38:43.155  1539  7986 D CCodecConfig:   c2::u32 input.delay.value = 0
06-12 01:38:43.155  1539  7986 D CCodecConfig:   string input.media-type.value = "audio/mp4a-latm"
06-12 01:38:43.155  1539  7986 D CCodecConfig:   c2::u32 output.delay.value = 2
06-12 01:38:43.155  1539  7986 D CCodecConfig:   c2::float output.drc.output-loudness.value = 0.25
06-12 01:38:43.155  1539  7986 D CCodecConfig:   string output.media-type.value = "audio/raw"
06-12 01:38:43.155  1539  7986 D CCodecConfig:   c2::u32 raw.channel-count.value = 1
06-12 01:38:43.155  1539  7986 D CCodecConfig:   c2::u32 raw.max-channel-count.value = 8
06-12 01:38:43.155  1539  7986 D CCodecConfig:   c2::u32 raw.sample-rate.value = 44100
06-12 01:38:43.155  1539  7986 D CCodecConfig: }
06-12 01:38:43.156  1539  7986 D CCodec  : [c2.android.aac.decoder] buffers are bound to CCodec for this session
06-12 01:38:43.156  1539  7986 D CCodecConfig: no c2 equivalents for durationUs
06-12 01:38:43.156  1539  7986 D CCodecConfig: no c2 equivalents for track-id
06-12 01:38:43.156  1539  7986 D CCodecConfig: no c2 equivalents for language
06-12 01:38:43.156  1539  7986 D CCodecConfig: no c2 equivalents for encoder-delay
06-12 01:38:43.156  1539  7986 D CCodecConfig: no c2 equivalents for encoder-padding
06-12 01:38:43.156  1539  7986 D CCodecConfig: no c2 equivalents for flags
06-12 01:38:43.156  1539  7986 D CCodecConfig: config failed => CORRUPTED
06-12 01:38:43.156  1539  7986 D CCodecConfig: c2 config diff is   c2::u32 raw.channel-count.value = 2
06-12 01:38:43.156  1539  7986 D CCodecConfig:   c2::u32 raw.sample-rate.value = 48000
06-12 01:38:43.156  7741  7741 I GoogleInputMethodService: GoogleInputMethodService.onFinishInput():3307 
06-12 01:38:43.156  1539  7986 W Codec2Client: query -- param skipped: index = 1107298332.
06-12 01:38:43.157  1539  7986 D CCodec  : client requested max input size 576, which is smaller than what component recommended (8192); overriding with component recommendation.
06-12 01:38:43.157  1539  7986 W CCodec  : This behavior is subject to change. It is recommended that app developers double check whether the requested max input size is in reasonable range.
06-12 01:38:43.157  1539  7986 D CCodec  : setup formats input: AMessage(what = 0x00000000) = {
06-12 01:38:43.157  1539  7986 D CCodec  :   int32_t aac-drc-album-mode = 0
06-12 01:38:43.157  1539  7986 D CCodec  :   int32_t aac-drc-boost-level = 127
06-12 01:38:43.157  1539  7986 D CCodec  :   int32_t aac-drc-cut-level = 127
06-12 01:38:43.157  1539  7986 D CCodec  :   int32_t aac-drc-effect-type = 3
06-12 01:38:43.157  1539  7986 D CCodec  :   int32_t aac-encoded-target-level = -1
06-12 01:38:43.157  1539  7986 D CCodec  :   int32_t aac-max-output-channel_count = 8
06-12 01:38:43.157  1539  7986 D CCodec  :   int32_t aac-target-ref-level = 64
06-12 01:38:43.157  1539  7986 D CCodec  :   int32_t bitrate = 64000
06-12 01:38:43.157  1539  7986 D CCodec  :   int32_t channel-count = 2
06-12 01:38:43.157  1539  7986 D CCodec  :   int32_t level = 0
06-12 01:38:43.157  1539  7986 D CCodec  :   int32_t max-input-size = 8192
06-12 01:38:43.157  1539  7986 D CCodec  :   string mime = "audio/mp4a-latm"
06-12 01:38:43.157  1539  7986 D CCodec  :   int32_t profile = 2
06-12 01:38:43.157  1539  7986 D CCodec  :   int32_t sample-rate = 48000
06-12 01:38:43.157  1539  7986 D CCodec  : }
06-12 01:38:43.157  1539  7986 D CCodec  : setup formats output: AMessage(what = 0x00000000) = {
06-12 01:38:43.157  1539  7986 D CCodec  :   int32_t aac-drc-album-mode = 0
06-12 01:38:43.157  1539  7986 D CCodec  :   int32_t aac-drc-boost-level = 127
06-12 01:38:43.157  1539  7986 D CCodec  :   int32_t aac-drc-cut-level = 127
06-12 01:38:43.157  1539  7986 D CCodec  :   int32_t aac-drc-effect-type = 3
06-12 01:38:43.157  1539  7986 D CCodec  :   int32_t aac-drc-output-loudness = -1
06-12 01:38:43.157  1539  7986 D CCodec  :   int32_t aac-encoded-target-level = -1
06-12 01:38:43.157  1539  7986 D CCodec  :   int32_t aac-max-output-channel_count = 8
06-12 01:38:43.157  1539  7986 D CCodec  :   int32_t aac-target-ref-level = 64
06-12 01:38:43.157  1539  7986 D CCodec  :   int32_t channel-count = 2
06-12 01:38:43.157  1539  7986 D CCodec  :   string mime = "audio/raw"
06-12 01:38:43.157  1539  7986 D CCodec  :   int32_t sample-rate = 48000
06-12 01:38:43.157  1539  7986 D CCodec  :   int32_t encoder-delay = 2048
06-12 01:38:43.157  1539  7986 D CCodec  :   int32_t encoder-padding = 64
06-12 01:38:43.157  1539  7986 D CCodec  : }
06-12 01:38:43.157  1539  7986 I CCodecConfig: query failed after returning 19 values (BAD_INDEX)
06-12 01:38:43.157  7741  7741 I GoogleInputMethodService: GoogleInputMethodService.updateDeviceLockedStatus():2137 repeatCheckTimes = 0, locked = false
06-12 01:38:43.157  7741  7741 I GoogleInputMethodService: GoogleInputMethodService.onStartInput():1917 onStartInput(EditorInfo{inputType=0x0(NULL) imeOptions=0x0 privateImeOptions=null actionName=UNSPECIFIED actionLabel=null actionId=0 initialSelStart=-1 initialSelEnd=-1 initialCapsMode=0x0 hintText=null label=null packageName=x.intervalapp.displaytest fieldId=2131034191 fieldName=null extras=null hintLocales=[]}, false)
06-12 01:38:43.157  1539  7986 I MediaCodec: MediaCodec will operate in async mode
06-12 01:38:43.157  7741  7741 I GoogleInputMethodService: GoogleInputMethodService.shouldHideHeaderOnInitialState():1998 ShouldHideHeaderOnInitialState = false
06-12 01:38:43.157  1539  7985 D MediaCodec: keep callback message for reclaim
06-12 01:38:43.158  7741  7741 I GoogleInputMethodService: GoogleInputMethodService.updateDeviceLockedStatus():2137 repeatCheckTimes = 1, locked = false
06-12 01:38:43.159  1539  7986 W Codec2Client: query -- param skipped: index = 1342179345.
06-12 01:38:43.159  1539  7986 W Codec2Client: query -- param skipped: index = 2415921170.
06-12 01:38:43.159  1539  7986 W Codec2Client: query -- param skipped: index = 1610614798.
06-12 01:38:43.159  1539  7986 D CCodecBufferChannel: [c2.android.aac.decoder#264] Created input block pool with allocatorID 16 => poolID 385 - OK (0)
06-12 01:38:43.159  1548 30354 D BufferPoolAccessor2.0: bufferpool2 0x7bf5a5e718 : 0(0 size) total buffers - 0(0 size) used buffers - 67/71 (recycle/alloc) - 4/71 (fetch/transfer)
06-12 01:38:43.159  1548 30354 D BufferPoolAccessor2.0: Destruction - bufferpool2 0x7bf5a5e718 cached: 0/0M, 0/0% in use; allocs: 71, 94% recycled; transfers: 71, 94% unfetched
06-12 01:38:43.160  1539 14924 D BufferPoolAccessor2.0: bufferpool2 0xef241108 : 0(0 size) total buffers - 0(0 size) used buffers - 66/75 (recycle/alloc) - 9/75 (fetch/transfer)
06-12 01:38:43.160  1539 14924 D BufferPoolAccessor2.0: Destruction - bufferpool2 0xef241108 cached: 0/0M, 0/0% in use; allocs: 75, 88% recycled; transfers: 75, 88% unfetched
06-12 01:38:43.160  1539  7986 I CCodecBufferChannel: [c2.android.aac.decoder#264] Created output block pool with allocatorID 16 => poolID 359 - OK
06-12 01:38:43.160  1539  7986 D CCodecBufferChannel: [c2.android.aac.decoder#264] Configured output block pool ids 359 => OK
06-12 01:38:43.161  1548  7989 D SimpleC2Component: Using output block pool with poolID 359 => got 359 - 0
06-12 01:38:43.163  1548  7989 I C2SoftAacDec: Reconfiguring decoder: 0->48000 Hz, 0->2 channels
06-12 01:38:43.163  1344  1344 E QC2Prop : SK::kPropInputDelay:0
06-12 01:38:43.163  1344  1344 E QC2Prop : SK::kPropOutputDelay:0
06-12 01:38:43.163  1539  7984 W Codec2Client: query -- param skipped: index = 1342179345.
06-12 01:38:43.163  1539  7984 W Codec2Client: query -- param skipped: index = 2415921170.
06-12 01:38:43.164  1539  7984 W Codec2Client: query -- param skipped: index = 1610614798.
06-12 01:38:43.164  1539  7984 D CCodecBufferChannel: [c2.qti.avc.decoder#480] Query input allocators returned 0 params => BAD_INDEX (6)
06-12 01:38:43.164  1539  7984 D CCodecBufferChannel: [c2.qti.avc.decoder#480] Created input block pool with allocatorID 16 => poolID 386 - OK (0)
06-12 01:38:43.165  1539  7984 D CCodecBufferChannel: [c2.qti.avc.decoder#480] Query output allocators returned 0 params => BAD_INDEX (6)
06-12 01:38:43.165  1539  7984 D CCodecBufferChannel: [c2.qti.avc.decoder#480] Query output surface allocator returned 0 params => BAD_INDEX (6)
06-12 01:38:43.165  1539  7984 I CCodecBufferChannel: [c2.qti.avc.decoder#480] Created output block pool with allocatorID 18 => poolID 55 - OK
06-12 01:38:43.165  1539  7986 D CCodecConfig: c2 config diff is   c2::u32 raw.channel-mask.value = 12
06-12 01:38:43.165  1539  7984 D CCodecBufferChannel: [c2.qti.avc.decoder#480] Configured output block pool ids 55 => OK
06-12 01:38:43.166  1539  7984 D Codec2-OutputBufferQueue: remote graphic buffer migration 0/0
06-12 01:38:43.166  1539  7984 D Codec2Client: setOutputSurface -- failed to set consumer usage (6/BAD_INDEX)
06-12 01:38:43.166  1539  7984 D Codec2Client: setOutputSurface -- generation=1575975 consumer usage=0x900
06-12 01:38:43.167  1344  1686 D C2BqBuffer: local generation change 1575975 , bqId: 34166464839681 migrated buffers # 0
06-12 01:38:43.168  1539  7984 D Codec2Client: Surface configure completed
06-12 01:38:43.168  1539  7983 W ResourceManagerService: Ignoring request to add new resource entry with value <= 0
06-12 01:38:43.170  1361  2333 D AudioFlinger: Client defaulted notificationFrames to 12000 for frameCount 24000
06-12 01:38:43.172  1539 14943 D BufferPoolAccessor2.0: bufferpool2 0xef243868 : 0(0 size) total buffers - 0(0 size) used buffers - 41/51 (recycle/alloc) - 10/51 (fetch/transfer)
06-12 01:38:43.172  1539 14943 D BufferPoolAccessor2.0: Destruction - bufferpool2 0xef243868 cached: 0/0M, 0/0% in use; allocs: 51, 80% recycled; transfers: 51, 80% unfetched
06-12 01:38:43.172  1361  2333 D AF::TrackHandle: OpPlayAudio: track:415 usage:1 not muted
06-12 01:38:43.181  1296  1419 I EffectsFactory: EffectCreate() create_effect
06-12 01:38:43.182  1361  2333 W AudioFlinger: moveEffectChain_l() effect chain for session 0 not on source thread 0x768fc70a70
06-12 01:38:43.186  1296 31402 D audio_route: Apply path: speaker
06-12 01:38:43.186  1296 31402 D audio_hw_primary: enable_snd_device: snd_device(104: vi-feedback)
06-12 01:38:43.186  1296 31402 D audio_route: Apply path: vi-feedback
06-12 01:38:43.186  1296 31402 E audio_hw_utils: audio_extn_utils_send_app_type_cfg: Failed to derive app_type for uc type : 0x1
06-12 01:38:43.186  1296 31402 D ACDB-LOADER: ACDB -> send_audio_cal, acdb_id = 512, path = 1, app id = 0x11132, sample rate = 48000
06-12 01:38:43.186  1296 31402 D ACDB-LOADER: ACDB -> send_asm_topology
06-12 01:38:43.186  1296 31402 D ACDB-LOADER: ACDB -> ACDB_CMD_GET_AUDPROC_STREAM_TOPOLOGY_ID
06-12 01:38:43.186  1296 31402 D ACDB-LOADER: ACDB -> send_adm_topology
06-12 01:38:43.186  1296 31402 D ACDB-LOADER: ACDB -> ACDB_CMD_GET_AUDPROC_COMMON_TOPOLOGY_ID
06-12 01:38:43.186  1296 31402 D ACDB-LOADER: ACDB -> send_audtable
06-12 01:38:43.186  1296 31402 D ACDB-LOADER: ACDB -> ACDB_CMD_GET_AUDPROC_COMMON_TABLE_SIZE
06-12 01:38:43.186  1296 31402 D ACDB-LOADER: ACDB -> ACDB_CMD_GET_AUDPROC_COMMON_TABLE
06-12 01:38:43.186  1296 31402 D ACDB-LOADER: ACDB -> AUDIO_SET_AUDPROC_CAL
06-12 01:38:43.186  1296 31402 D ACDB-LOADER: ACDB -> send_audvoltable
06-12 01:38:43.186  1296 31402 D ACDB-LOADER: ACDB -> ACDB_CMD_GET_AUDPROC_VOL_STEP_TABLE_SIZE
06-12 01:38:43.186  1296 31402 D ACDB-LOADER: ACDB -> ACDB_CMD_GET_AUDPROC_GAIN_DEP_STEP_TABLE, vol index 0
06-12 01:38:43.186  1296 31402 D android.hardware.audio.service: Failed to fetch the lookup information of the device 00000200 
06-12 01:38:43.186  1296 31402 E ACDB-LOADER: Error: ACDB AudProc vol returned = -19
06-12 01:38:43.186  1296 31402 D ACDB-LOADER: ACDB -> AUDIO_SET_VOL_CAL cal type = 12
06-12 01:38:43.186  1296 31402 D ACDB-LOADER: ACDB -> ACDB_CMD_GET_AUDPROC_STREAM_TABLE_SIZE
06-12 01:38:43.186  1296 31402 D ACDB-LOADER: ACDB -> send_audstrmtable
06-12 01:38:43.186  1296 31402 D ACDB-LOADER: ACDB -> ACDB_CMD_GET_AUDPROC_STREAM_TABLE_V2
06-12 01:38:43.186  1296 31402 D ACDB-LOADER: ACDB -> audstrm_cal->cal_type.cal_data.cal_size = 16
06-12 01:38:43.186  1296 31402 D ACDB-LOADER: ACDB -> send_afe_topology
06-12 01:38:43.186  1296 31402 D ACDB-LOADER: ACDB -> ACDB_CMD_GET_AFE_TOPOLOGY_ID
06-12 01:38:43.186  1296 31402 D ACDB-LOADER: ACDB -> GET_AFE_TOPOLOGY_ID for adcd_id 512, Topology Id 10001ccc
06-12 01:38:43.186  1296 31402 D ACDB-LOADER: ACDB -> send_afe_cal
06-12 01:38:43.186  1296 31402 D ACDB-LOADER: ACDB -> ACDB_CMD_GET_AFE_COMMON_TABLE_SIZE
06-12 01:38:43.186  1296 31402 D ACDB-LOADER: ACDB -> ACDB_CMD_GET_AFE_COMMON_TABLE
06-12 01:38:43.186  1296 31402 D ACDB-LOADER: ACDB -> AUDIO_SET_AFE_CAL
06-12 01:38:43.186  1296 31402 D ACDB-LOADER: ACDB -> send_hw_delay : acdb_id = 512 path = 1
06-12 01:38:43.186  1296 31402 D ACDB-LOADER: ACDB -> ACDB_AVSYNC_INFO: ACDB_CMD_GET_DEVICE_PROPERTY
06-12 01:38:43.186  1296 31402 D audio_hw_primary: enable_audio_route: usecase(25) apply and update mixer path: spkr-vi-record vi-feedback
06-12 01:38:43.186  1296 31402 D audio_route: Apply path: spkr-vi-record vi-feedback
06-12 01:38:43.202  1539  7984 D CCodecConfig: c2 config diff is   c2::u32 raw.color.primaries = 3
06-12 01:38:43.202  1539  7984 D CCodecConfig:   c2::u32 raw.color.range = 2
06-12 01:38:43.202  1539  7984 D CCodecConfig:   c2::u32 raw.crop.height = 720
06-12 01:38:43.202  1539  7984 D CCodecConfig:   c2::u32 raw.crop.left = 0
06-12 01:38:43.202  1539  7984 D CCodecConfig:   c2::u32 raw.crop.top = 0
06-12 01:38:43.202  1539  7984 D CCodecConfig:   c2::u32 raw.crop.width = 1280
06-12 01:38:43.202  1539  7984 D CCodecBuffers: [c2.qti.avc.decoder#480:2D-Output] popFromStashAndRegister: at 0us, output format changed to AMessage(what = 0x00000000) = {
06-12 01:38:43.202  1539  7984 D CCodecBuffers:   int32_t android._color-format = 2130708361
06-12 01:38:43.202  1539  7984 D CCodecBuffers:   int32_t android._video-scaling = 1
06-12 01:38:43.202  1539  7984 D CCodecBuffers:   int32_t android._dataspace = 281214976
06-12 01:38:43.202  1539  7984 D CCodecBuffers:   int32_t color-standard = 3
06-12 01:38:43.202  1539  7984 D CCodecBuffers:   int32_t color-range = 2
06-12 01:38:43.202  1539  7984 D CCodecBuffers:   int32_t color-transfer = 3
06-12 01:38:43.202  1539  7984 D CCodecBuffers:   int32_t sar-height = 1
06-12 01:38:43.202  1539  7984 D CCodecBuffers:   int32_t rotation-degrees = 0
06-12 01:38:43.202  1539  7984 D CCodecBuffers:   Buffer hdr-static-info = {
06-12 01:38:43.202  1539  7984 D CCodecBuffers:     00000000:  00 00 00 00 00 00 00 00  00 00 00 00 00 00 00 00  ................
06-12 01:38:43.202  1539  7984 D CCodecBuffers:     00000010:  00 00 00 00 00 00 00 00  00                       .........
06-12 01:38:43.202  1539  7984 D CCodecBuffers:   }
06-12 01:38:43.202  1539  7984 D CCodecBuffers:   int32_t sar-width = 1
06-12 01:38:43.202  1539  7984 D CCodecBuffers:   Rect crop(0, 0, 1279, 719)
06-12 01:38:43.202  1539  7984 D CCodecBuffers:   int32_t width = 1280
06-12 01:38:43.202  1539  7984 D CCodecBuffers:   int32_t feature-secure-playback = 0
06-12 01:38:43.202  1539  7984 D CCodecBuffers:   int32_t frame-rate = 30
06-12 01:38:43.202  1539  7984 D CCodecBuffers:   int32_t height = 720
06-12 01:38:43.202  1539  7984 D CCodecBuffers:   int32_t max-height = 720
06-12 01:38:43.202  1539  7984 D CCodecBuffers:   int32_t max-width = 1280
06-12 01:38:43.202  1539  7984 D CCodecBuffers:   string mime = "video/raw"
06-12 01:38:43.202  1539  7984 D CCodecBuffers:   int32_t priority = 0
06-12 01:38:43.202  1539  7984 D CCodecBuffers:   int32_t color-format = 2130708361
06-12 01:38:43.202  1539  7984 D CCodecBuffers: }
06-12 01:38:43.203  7955  7970 W MediaPlayerNative: info/warning (3, 0)
06-12 01:38:43.221  1296 31402 I soundtrigger: audio_extn_sound_trigger_update_stream_status: send event 3: usecase id 0, type 0
06-12 01:38:43.222  1296 31402 D sound_trigger_platform: platform_stdev_check_and_update_concurrency: concurrency active 0, tx 0, rx 1, concurrency session_allowed 1
06-12 01:38:43.222  1296 31402 D sound_trigger_platform: platform_stdev_check_concurrency_supported: capture concurrency  allowed, usecase type 0 voice_concur 0 voip_concur 0
06-12 01:38:43.223  1296 31402 D msm8974_platform: Setting audio calibration for snd_device(2) acdb_id(513)
06-12 01:38:43.223  1296 31402 E ACDB-LOADER: [acdb_loader_adsp_set_audio_cal] active device/stream not found (result=-100) for topology 0x1000dffb and apptype 0x11134
06-12 01:38:43.223  1296 31402 E ACDB-LOADER: [acdb_loader_adsp_set_audio_cal] set parameters failed with status -100
06-12 01:38:43.223  1296 31402 D msm8974_platform: Setting audio calibration for snd_device(2) acdb_id(513)
06-12 01:38:43.224  1296 31402 D audio_hw_waves: print_state_log: send volume table -(0,0.000000,F),(1,0.000000,F),(2,0.000000,F),(3,0.000000,T),(4,0.000000,F),(5,0.000000,F)
06-12 01:38:43.224  1296 31402 D ACDB-LOADER: ACDB -> send_audio_cal, acdb_id = 513, path = 0, app id = 0x11134, sample rate = 48000
06-12 01:38:43.224  1296 31402 D ACDB-LOADER: ACDB -> send_asm_topology
06-12 01:38:43.224  1296 31402 D ACDB-LOADER: ACDB -> ACDB_CMD_GET_AUDPROC_STREAM_TOPOLOGY_ID
06-12 01:38:43.224  1296 31402 D ACDB-LOADER: ACDB -> send_adm_topology
06-12 01:38:43.224  1296 31402 D ACDB-LOADER: ACDB -> ACDB_CMD_GET_AUDPROC_COMMON_TOPOLOGY_ID
06-12 01:38:43.224  1296 31402 D ACDB-LOADER: ACDB -> send_audtable
06-12 01:38:43.224  1296 31402 D ACDB-LOADER: ACDB -> ACDB_CMD_GET_AUDPROC_COMMON_TABLE_SIZE
06-12 01:38:43.224  1296 31402 D ACDB-LOADER: ACDB -> ACDB_CMD_GET_AUDPROC_COMMON_TABLE
06-12 01:38:43.224  1296 31402 D ACDB-LOADER: ACDB -> AUDIO_SET_AUDPROC_CAL
06-12 01:38:43.224  1296 31402 D ACDB-LOADER: ACDB -> send_audvoltable
06-12 01:38:43.224  1296 31402 D ACDB-LOADER: ACDB -> ACDB_CMD_GET_AUDPROC_VOL_STEP_TABLE_SIZE
06-12 01:38:43.224  1296 31402 D ACDB-LOADER: ACDB -> ACDB_CMD_GET_AUDPROC_GAIN_DEP_STEP_TABLE, vol index 0
06-12 01:38:43.224  1296 31402 D android.hardware.audio.service: Failed to fetch the lookup information of the device 00000201 
06-12 01:38:43.224  1296 31402 E ACDB-LOADER: Error: ACDB AudProc vol returned = -19
06-12 01:38:43.224  1296 31402 D ACDB-LOADER: ACDB -> AUDIO_SET_VOL_CAL cal type = 12
06-12 01:38:43.224  1296 31402 D ACDB-LOADER: ACDB -> ACDB_CMD_GET_AUDPROC_STREAM_TABLE_SIZE
06-12 01:38:43.224  1296 31402 D ACDB-LOADER: ACDB -> send_audstrmtable
06-12 01:38:43.224  1296 31402 D ACDB-LOADER: ACDB -> ACDB_CMD_GET_AUDPROC_STREAM_TABLE_V2
06-12 01:38:43.224  1296 31402 D ACDB-LOADER: ACDB -> audstrm_cal->cal_type.cal_data.cal_size = 456
06-12 01:38:43.224  1296 31402 D ACDB-LOADER: ACDB -> send_afe_topology
06-12 01:38:43.224  1296 31402 D ACDB-LOADER: ACDB -> ACDB_CMD_GET_AFE_TOPOLOGY_ID
06-12 01:38:43.224  1296 31402 D ACDB-LOADER: ACDB -> GET_AFE_TOPOLOGY_ID for adcd_id 513, Topology Id 10000ccc
06-12 01:38:43.224  1296 31402 D ACDB-LOADER: ACDB -> send_afe_cal
06-12 01:38:43.224  1296 31402 D ACDB-LOADER: ACDB -> ACDB_CMD_GET_AFE_COMMON_TABLE_SIZE
06-12 01:38:43.224  1296 31402 D ACDB-LOADER: ACDB -> ACDB_CMD_GET_AFE_COMMON_TABLE
06-12 01:38:43.224  1296 31402 D ACDB-LOADER: ACDB -> AUDIO_SET_AFE_CAL
06-12 01:38:43.224  1296 31402 D ACDB-LOADER: ACDB -> send_hw_delay : acdb_id = 513 path = 0
06-12 01:38:43.224  1296 31402 D ACDB-LOADER: ACDB -> ACDB_AVSYNC_INFO: ACDB_CMD_GET_DEVICE_PROPERTY
06-12 01:38:43.224  1296 31402 D audio_hw_primary: enable_audio_route: usecase(0) apply and update mixer path: deep-buffer-playback speaker
06-12 01:38:43.224  1296 31402 D audio_route: Apply path: deep-buffer-playback speaker
06-12 01:38:43.278  1296 31402 D audio_hw_primary: out_write: retry previous failed cal level set
06-12 01:38:43.371  1361  1876 D AudioFlinger: mixer(0x768f8f9a70) throttle end: throttle time(50)
06-12 01:38:43.413  1917  4540 W InputManager-JNI: Input channel object 'df9e5a1 Splash Screen x.intervalapp.displaytest (client)' was disposed without first being removed with the input manager!
06-12 01:38:43.860  7996  7996 D ProcessState: Binder ioctl to enable oneway spam detection failed: Invalid argument
06-12 01:38:44.223  8012  8012 D ProcessState: Binder ioctl to enable oneway spam detection failed: Invalid argument
06-12 01:38:44.230  1917  4540 I ActivityManager: Background started FGS: Allowed [callingPackage: com.android.shell; callingUid: 2000; uidState: NONE; intent: Intent { cmp=com.example.batterymanager_utility/.DataCollectionService (has extras) }; code:SYSTEM_UID; tempAllowListReason:<,reasonCode:SYSTEM_ALLOW_LISTED,duration:9223372036854775807,callingUid:-1>; targetSdkVersion:33; callerTargetSdkVersion:-1; startForegroundCount:0; bindFromPackage:null]
06-12 01:38:44.236  1917  4540 D CompatibilityChangeReporter: Compat change id reported: 168419799; UID 10232; state: DISABLED
06-12 01:38:44.254  7896  7896 I BatteryMgr:DataCollectionService: onStartCommand: begin
06-12 01:38:44.254  7896  7896 I BatteryMgr:DataCollectionService: onStartCommand: sampleRate => 1000
06-12 01:38:44.254  7896  7896 I BatteryMgr:DataCollectionService: onStartCommand: rawFields => Timestamp,BATTERY_PROPERTY_CURRENT_NOW,EXTRA_VOLTAGE
06-12 01:38:44.255  7896  7896 I BatteryMgr:DataCollectionService: onStartCommand: notification done
06-12 01:38:44.257  7896  7896 I BatteryMgr:DataCollectionService: started foreground
06-12 01:38:44.274  7896  8017 I BatteryMgr:DataCollectionService: collectData: begin
06-12 01:38:44.277  7896  8017 I BatteryMgr:DataCollectionService: stats => 1686526724277,484375,4101
06-12 01:38:44.810  7896  8024 D ProfileInstaller: Installing profile for com.example.batterymanager_utility
06-12 01:38:45.285  7896  8017 I BatteryMgr:DataCollectionService: stats => 1686526725285,670000,4101
06-12 01:38:45.308  1917  2036 I system_server: Explicit concurrent copying GC freed 567112(19MB) AllocSpace objects, 42(1108KB) LOS objects, 58% free, 34MB/82MB, paused 182us,108us total 170.982ms
06-12 01:38:45.331  1917  1940 W System  : A resource failed to call close. 
06-12 01:38:45.334  1917  1940 W System  : A resource failed to call close. 
06-12 01:38:45.336  1917  1940 W System  : A resource failed to call release. 
06-12 01:38:45.338  1917  1940 W System  : A resource failed to call close. 
06-12 01:38:45.339  1917  1940 W System  : A resource failed to call release. 
06-12 01:38:45.341  1917  1940 W System  : A resource failed to call close. 
06-12 01:38:45.672  1917  2394 D ConnectivityService: NetReassign [no changes] [c 1] [a 0] [i 5]
06-12 01:38:46.295  7896  8017 I BatteryMgr:DataCollectionService: stats => 1686526726295,257187,4101
06-12 01:38:47.301  7896  8017 I BatteryMgr:DataCollectionService: stats => 1686526727301,256875,4101
06-12 01:38:48.057  1539  2618 D NuPlayerDriver: stop(0xf3200fb0)
06-12 01:38:48.059  7955  7955 V MediaPlayer: resetDrmState:  mDrmInfo=null mDrmProvisioningThread=null mPrepareDrmInProgress=false mActiveDrmScheme=false
06-12 01:38:48.059  7955  7955 V MediaPlayer: cleanDrmObj: mDrmObj=null mDrmSessionId=null
06-12 01:38:48.060  1539  2618 D NuPlayerDriver: reset(0xf3200fb0) at state 8
06-12 01:38:48.063  1539  7986 D CCodecBuffers: [c2.android.aac.decoder#264:1D-Output.Impl[N]] Client returned a buffer it does not own according to our record: 0
06-12 01:38:48.063  1539  7986 D CCodecBuffers: [c2.android.aac.decoder#264:1D-Output.Impl[N]] Client returned a buffer it does not own according to our record: 1
06-12 01:38:48.063  1539  7986 D CCodecBuffers: [c2.android.aac.decoder#264:1D-Output.Impl[N]] Client returned a buffer it does not own according to our record: 2
06-12 01:38:48.066  1539  7986 I hw-BpHwBinder: onLastStrongRef automatically unlinking death recipients
06-12 01:38:48.066  1548  2952 I hw-BpHwBinder: onLastStrongRef automatically unlinking death recipients
06-12 01:38:48.066  1548  2952 I hw-BpHwBinder: onLastStrongRef automatically unlinking death recipients
06-12 01:38:48.068  1548  2952 V C2Store : in ~ComponentModule
06-12 01:38:48.068  1548  2952 V C2Store : unloading dll
06-12 01:38:48.077  1539  7984 D CCodecBufferChannel: [c2.qti.avc.decoder#480] flushed work; ignored.
06-12 01:38:48.077  1539  7984 D CCodecBufferChannel: [c2.qti.avc.decoder#480] Discard frames from previous generation.
06-12 01:38:48.077  1539  7984 D CCodecBufferChannel: [c2.qti.avc.decoder#480] flushed work; ignored.
06-12 01:38:48.077  1539  7984 D CCodecBufferChannel: [c2.qti.avc.decoder#480] Discard frames from previous generation.
06-12 01:38:48.077  1539  7984 D CCodecBufferChannel: [c2.qti.avc.decoder#480] flushed work; ignored.
06-12 01:38:48.077  1539  7984 D CCodecBufferChannel: [c2.qti.avc.decoder#480] Discard frames from previous generation.
06-12 01:38:48.078  1539  7984 D CCodecBufferChannel: [c2.qti.avc.decoder#480] flushed work; ignored.
06-12 01:38:48.078  1539  7984 D CCodecBufferChannel: [c2.qti.avc.decoder#480] Discard frames from previous generation.
06-12 01:38:48.078  1539  7984 D CCodecBufferChannel: [c2.qti.avc.decoder#480] flushed work; ignored.
06-12 01:38:48.078  1539  7984 D CCodecBufferChannel: [c2.qti.avc.decoder#480] Discard frames from previous generation.
06-12 01:38:48.078  1539  7984 D CCodecBufferChannel: [c2.qti.avc.decoder#480] flushed work; ignored.
06-12 01:38:48.078  1539  7984 D CCodecBufferChannel: [c2.qti.avc.decoder#480] Discard frames from previous generation.
06-12 01:38:48.078  1539  7984 D CCodecBufferChannel: [c2.qti.avc.decoder#480] flushed work; ignored.
06-12 01:38:48.078  1539  7984 D CCodecBufferChannel: [c2.qti.avc.decoder#480] Discard frames from previous generation.
06-12 01:38:48.078  1539  7984 D CCodecBufferChannel: [c2.qti.avc.decoder#480] flushed work; ignored.
06-12 01:38:48.078  1539  7984 D CCodecBufferChannel: [c2.qti.avc.decoder#480] Discard frames from previous generation.
06-12 01:38:48.078  1539  7984 D CCodecBufferChannel: [c2.qti.avc.decoder#480] flushed work; ignored.
06-12 01:38:48.078  1539  7984 D CCodecBufferChannel: [c2.qti.avc.decoder#480] Discard frames from previous generation.
06-12 01:38:48.078  1539  7984 D CCodecBufferChannel: [c2.qti.avc.decoder#480] flushed work; ignored.
06-12 01:38:48.078  1539  7984 D CCodecBufferChannel: [c2.qti.avc.decoder#480] Discard frames from previous generation.
06-12 01:38:48.078  1539  7984 D CCodecBufferChannel: [c2.qti.avc.decoder#480] flushed work; ignored.
06-12 01:38:48.078  1539  7984 D CCodecBufferChannel: [c2.qti.avc.decoder#480] Discard frames from previous generation.
06-12 01:38:48.084  1344  7987 I QC2V4l2Driver: [avcD_50] Closed device driver with fd: 7
06-12 01:38:48.084  1344  7987 I QC2Comp : NOTE: handleReleaseCodec returning: 0 (OK=0)
06-12 01:38:48.085  1344  1686 I QC2Comp : NOTE: Release returning: 0 (OK=0)
06-12 01:38:48.086  1539  7983 D SurfaceUtils: disconnecting from surface 0xee781948, reason disconnectFromSurface
06-12 01:38:48.087  1539  7984 I hw-BpHwBinder: onLastStrongRef automatically unlinking death recipients
06-12 01:38:48.087  1344  1686 I QC2CompStore: Deleting component(c2.qti.avc.decoder) id(50)
06-12 01:38:48.088  1344  1686 I QC2Comp : [avcD_50] Deallocated component c2.qti.avc.decoder [id=50]
06-12 01:38:48.089  7955  7975 E BufferQueueProducer: [SurfaceView[x.intervalapp.displaytest/x.intervalapp.displaytest.MainActivity]#1(BLAST Consumer)1](id:1f1300000001,api:0,p:-1,c:7955) detachBuffer: BufferQueue has no connected producer
06-12 01:38:48.097  1539  7982 D SurfaceUtils: connecting to surface 0xee781948, reason onShutdown
06-12 01:38:48.104  1539  7977 D NuPlayerDriver: notifyResetComplete(0xf3200fb0)
06-12 01:38:48.104  1539  2618 D SurfaceUtils: disconnecting from surface 0xee78b068, reason disconnectNativeWindow
06-12 01:38:48.105  1539  2618 W AMessage: failed to post message as target looper for handler 2507 is gone.
06-12 01:38:48.105  1539  2618 W AMessage: failed to post message as target looper for handler 0 is gone.
06-12 01:38:48.107  1537  2417 D AudioAnalytics: gc(1700, 2000): log size:1700 item map size:93, item map items:1700
06-12 01:38:48.107  1917  4540 I MediaFocusControl: abandonAudioFocus() from uid/pid 10262/7955 clientId=android.media.AudioManager@161b7e9
06-12 01:38:48.109  7955  7955 W MediaPlayer: mediaplayer went away with unhandled events
06-12 01:38:48.109  7955  7955 W MediaPlayer: mediaplayer went away with unhandled events
06-12 01:38:48.138  7955  8027 D ProfileInstaller: Installing profile for x.intervalapp.displaytest
06-12 01:38:48.160  1548  2594 D BufferPoolAccessor2.0: evictor expired: 1, evicted: 0
06-12 01:38:48.257  1296  1419 D audio_hw_waves: print_state_log: send volume table -(0,0.000000,F),(1,0.000000,F),(2,0.000000,F),(3,0.000000,F),(4,0.000000,F),(5,0.000000,F)
06-12 01:38:48.266  1361  1604 W AudioFlinger: moveEffectChain_l() effect chain for session 0 not on source thread 0x768f8f9a70
06-12 01:38:48.313  7896  8017 I BatteryMgr:DataCollectionService: stats => 1686526728313,295000,4101
06-12 01:38:48.700  1917  2394 D ConnectivityService: NetReassign [no changes] [c 0] [a 1] [i 4]
06-12 01:38:49.160  1539 14959 D BufferPoolAccessor2.0: evictor expired: 2, evicted: 0
06-12 01:38:49.331  7896  8017 I BatteryMgr:DataCollectionService: stats => 1686526729331,242187,4101
06-12 01:38:50.343  7896  8017 I BatteryMgr:DataCollectionService: stats => 1686526730342,259687,4101
06-12 01:38:51.236  1296  1419 D audio_hw_primary: disable_audio_route: usecase(0) reset and update mixer path: deep-buffer-playback speaker
06-12 01:38:51.238  1296  1419 I soundtrigger: audio_extn_sound_trigger_update_stream_status: send event 2: usecase id 0, type 0
06-12 01:38:51.238  1296  1419 D sound_trigger_platform: platform_stdev_check_and_update_concurrency: concurrency active 0, tx 0, rx 0, concurrency session_allowed 1
06-12 01:38:51.238  1296  1419 D sound_trigger_platform: platform_stdev_check_concurrency_supported: capture concurrency  allowed, usecase type 0 voice_concur 0 voip_concur 0
06-12 01:38:51.238  1296  1419 I audio_hw_cirrus_playback: audio_extn_spkr_prot_stop_processing: pcm_tx_close
06-12 01:38:51.248  1296  1419 D audio_hw_primary: disable_audio_route: usecase(25) reset and update mixer path: spkr-vi-record vi-feedback
06-12 01:38:51.248  1296  1419 D audio_hw_primary: disable_snd_device: snd_device(104: vi-feedback)
06-12 01:38:51.365  7896  8017 I BatteryMgr:DataCollectionService: stats => 1686526731365,254375,4101
06-12 01:38:51.734  1917  2394 D ConnectivityService: NetReassign [no changes] [c 1] [a 0] [i 4]
06-12 01:38:52.383  7896  8017 I BatteryMgr:DataCollectionService: stats => 1686526732383,210312,4101
06-12 01:38:53.118  1917  1949 I MediaFocusControl: requestAudioFocus() from uid/pid 10262/7955 AA=USAGE_MEDIA/CONTENT_TYPE_MOVIE clientId=android.media.AudioManager@161b7e9 callingPack=x.intervalapp.displaytest req=1 flags=0x0 sdk=33
06-12 01:38:53.119  1917  1949 I AudioService.FadeOutManager: unfadeOutUid() uid:10262
06-12 01:38:53.134  1539 15015 D NuPlayerDriver: NuPlayerDriver(0xf3200fb0) created, clientPid(7955)
06-12 01:38:53.148  1539 15015 D SurfaceUtils: connecting to surface 0xee781948, reason setVideoSurfaceTexture
06-12 01:38:53.152  1539  8029 D NuPlayer: onSetVideoSurface(0xee78b060, no video decoder)
06-12 01:38:53.166  1539  8030 D GenericSource: FileSource remote
06-12 01:38:53.170  1539 14959 D BufferPoolAccessor2.0: bufferpool2 0xef240388 : 0(0 size) total buffers - 0(0 size) used buffers - 162/173 (recycle/alloc) - 11/173 (fetch/transfer)
06-12 01:38:53.170  1539 14959 D BufferPoolAccessor2.0: bufferpool2 0xef2431a8 : 0(0 size) total buffers - 0(0 size) used buffers - 252/261 (recycle/alloc) - 9/261 (fetch/transfer)
06-12 01:38:53.170  1539 14959 D BufferPoolAccessor2.0: evictor expired: 2, evicted: 2
06-12 01:38:53.170  1548  2594 D BufferPoolAccessor2.0: bufferpool2 0x7bf5a53068 : 0(0 size) total buffers - 0(0 size) used buffers - 253/257 (recycle/alloc) - 4/257 (fetch/transfer)
06-12 01:38:53.170  1548  2594 D BufferPoolAccessor2.0: evictor expired: 1, evicted: 1
06-12 01:38:53.181  1536  2571 I SampleTable: There are reordered frames present.
06-12 01:38:53.196  1536  2570 D MediaBufferGroup: creating MemoryDealer
06-12 01:38:53.218  7955  7955 D MediaPlayerNative: getMetadata
06-12 01:38:53.220  1539  8029 I GenericSource: start
06-12 01:38:53.231  1539  8034 D CCodec  : allocate(c2.qti.avc.decoder)
06-12 01:38:53.233  1539  8036 D CCodec  : allocate(c2.android.aac.decoder)
06-12 01:38:53.234  1539  8034 I CCodec  : setting up 'default' as default (vendor) store
06-12 01:38:53.236  1344  1344 I QC2Interface: Created Interface (c2.qti.avc.decoder)
06-12 01:38:53.237  1539  8036 I CCodec  : setting up 'default' as default (vendor) store
06-12 01:38:53.237  1548  2603 V C2Store : in init
06-12 01:38:53.237  1548  2603 V C2Store : loading dll
06-12 01:38:53.239  1344  1344 E QC2Prop : SK::kPropInputDelay:0
06-12 01:38:53.239  1344  1344 E QC2Prop : SK::kPropOutputDelay:0
06-12 01:38:53.240  1344  1344 I QC2Comp : Create: Allocated component[51] for name c2.qti.avc.decoder
06-12 01:38:53.240  1344  1344 I QC2CompStore: Created component(c2.qti.avc.decoder) id(51)
06-12 01:38:53.243  1539  8034 I CCodec  : Created component [c2.qti.avc.decoder]
06-12 01:38:53.244  1539  8034 D CCodecConfig: read media type: video/avc
06-12 01:38:53.246  1539  8034 D ReflectedParamUpdater: extent() != 1 for single value type: output.buffers.pool-ids.values
06-12 01:38:53.247  1539  8036 I CCodec  : Created component [c2.android.aac.decoder]
06-12 01:38:53.248  1539  8036 D CCodecConfig: read media type: audio/mp4a-latm
06-12 01:38:53.252  1539  8036 D ReflectedParamUpdater: extent() != 1 for single value type: algo.buffers.max-count.values
