--------- beginning of main
07-05 00:56:04.770 10199 10199 E adbd    : recv: OPEN 0000efc7 00000000 003a:73 68 65 6C 6C 2C 76 32 2C 54 45 52 4D 3D 73 63 72 65 65 6E 2C 72 61 77 3A 67 65 74 70 72 6F 70 20 72 6F 2E 62 75 69 6C 64 2E 76 65 72 73 69 6F 6E 2E 72 65 6C 65 61 73 65 00 
07-05 00:56:04.770 10199 10199 E adbd    : service_to_fd: shell,v2,TERM=screen,raw:getprop ro.build.version.release
07-05 00:56:04.832 10199 10199 E adbd    : recv: OPEN 0000efca 00000000 0036:73 68 65 6C 6C 2C 76 32 2C 54 45 52 4D 3D 73 63 72 65 65 6E 2C 72 61 77 3A 67 65 74 70 72 6F 70 20 72 6F 2E 62 75 69 6C 64 2E 76 65 72 73 69 6F 6E 2E 73 64 6B 00 
07-05 00:56:04.832 10199 10199 E adbd    : service_to_fd: shell,v2,TERM=screen,raw:getprop ro.build.version.sdk
--------- beginning of system
07-05 00:56:04.859  3960  6475 D SSRM:k  : SIOP:: AP = 270, PST = 270 (W:30), BAT = 259, USB = 0, CHG = 0
07-05 00:56:04.909 10199 10199 E adbd    : recv: OPEN 0000efcd 00000000 00bc:73 68 65 6C 6C 2C 76 32 2C 54 45 52 4D 3D 73 63 72 65 65 6E 2C 72 61 77 3A 61 6D 20 73 74 61 72 74 20 2D 6E 20 22 63 6F 6D 2E 65 78 61 6D 70 6C 65 2E 62 61 74 74 65 72 79 6D 61 6E 61 67 65 72 5F 75 74 69 6C 69 74 79 2F 63 6F 6D 2E 65 78 61 6D 70 6C 65 2E 62 61 74 74 65 72 79 6D 61 6E 61 67 65 72 5F 75 74 69 6C 69 74 79 2E 4D 61 69 6E 41 63 74 69 76 69 74 79 22 20 2D 61 20 61 6E 64 72 6F 69 64 2E 69 6E 74 65 6E 74 2E 61 63 74 69 6F 6E 2E 4D 41 49 4E 20 2D 63 20 61 6E 64 72 6F 69 64 2E 69 6E 74 65 6E 74 2E 63 61 74 65 67 6F 72 79 2E 4C 41 55 4E 43 48 45 52 00 
07-05 00:56:04.909 10199 10199 E adbd    : service_to_fd: shell,v2,TERM=screen,raw:am start -n "com.example.batterymanager_utility/com.example.batterymanager_utility.MainActivity" -a android.intent.action.MAIN -c android.intent.category.LAUNCHER
07-05 00:56:04.988  3960  4637 I ActivityManager: START u0 {act=android.intent.action.MAIN typ=null flg=0x10000000 cmp=ComponentInfo{com.example.batterymanager_utility/com.example.batterymanager_utility.MainActivity}} from uid 2000
07-05 00:56:04.989  3960  4637 D CustomFrequencyManagerService: acquireDVFSLockLocked : type : DVFS_MIN_LIMIT  frequency : 1560000  uid : 1000  pid : 3960  pkgName : AMS_APP_SWITCH@CPU_MIN@21
07-05 00:56:04.992  3960  4637 D ActivityManagerPerformance: AMP_acquire() APP_SWITCH
07-05 00:56:04.992  3960  5015 D ActivityManagerPerformance: Received MSG_CFMS_HINT_AMS_SWITCH pkgName: com.example.batterymanager_utility
07-05 00:56:04.992  3960  6475 D TelephonyManager: getAllCellInfo : Caller (PID / UID / TID): 3960 / 1000 / 6475
07-05 00:56:04.997  5320  5320 V Launcher: Launcher.onPause()
07-05 00:56:04.997  5320  5320 D Launcher: setHotWordDetection : call requestHotWordDetection false
07-05 00:56:05.000  3960  3960 D MdnieScenarioControlService: Listener Real Multi Window State : false
07-05 00:56:05.005  5198  5198 I GsaVoiceInteractionSrv: Handling ACTION_STOP_HOTWORD
07-05 00:56:05.006  5198  5585 I HwDetectorWithState: (REDACTED) a: %d
07-05 00:56:05.008  3960  4027 D ViewRootImpl@69516ac[batterymanager_utility]: setView = DecorView@77ddb0a[batterymanager_utility] TM=true MM=false
07-05 00:56:05.008  3960 12065 D ActivityManager: isScaleDownAnimationEnabled() : false
07-05 00:56:05.009  3960 12065 D StorageManagerService: getExternalStorageMountMode : 3
07-05 00:56:05.009  3960 12065 D StorageManagerService: getExternalStorageMountMode : 3
07-05 00:56:05.010  3960 12065 D StorageManagerService: getExternalStorageMountMode : final mountMode=3, uid : 10168, packageName : com.example.batterymanager_utility
07-05 00:56:05.010  3960 12065 I ApplicationPolicy: isApplicationExternalStorageWhitelisted:com.example.batterymanager_utility user:0
07-05 00:56:05.010  3960 12065 D ApplicationPolicy: isApplicationExternalStorageWhitelisted: DO is not enabled on user 0. Allowed.
07-05 00:56:05.010  3960 12065 D ActivityManager: package  com.example.batterymanager_utility, user - 0 is SDcard whitelisted
07-05 00:56:05.010  3960 12065 I ApplicationPolicy: isApplicationExternalStorageBlacklisted:com.example.batterymanager_utility user:0
07-05 00:56:05.011  3960 12065 D ApplicationPolicy: isApplicationExternalStorageBlacklisted: DO is not enabled on user 0. Allowed.
07-05 00:56:05.011  3960  4027 D ViewRootImpl@69516ac[batterymanager_utility]: dispatchAttachedToWindow
07-05 00:56:05.011  3960  4027 V WindowManager: Relayout Window{f6b3f75 u0 Splash Screen com.example.batterymanager_utility}: viewVisibility=0 req=719x1237 WM.LayoutParams{(0,0)(fillxfill) sim=#20 ty=3 fl=#81830118 pfl=0x20011 wanim=0x10302fd vsysui=0x600 needsMenuKey=2 colorMode=0 naviIconColor=0}
07-05 00:56:05.018  3446  3446 I SurfaceFlinger: id=250 createSurf (720x1280),1 flag=404, Splash Screen com.example.batterymanager_utility#0
07-05 00:56:05.019  3960  4027 V Surface : sf_framedrop debug : 0x4f4c, game : false, logging : 0
07-05 00:56:05.021  3960  4027 D ViewRootImpl@69516ac[batterymanager_utility]: Relayout returned: old=[0,0][0,0] new=[0,0][720,1280] result=0x7 surface={valid=true 504650088448} changed=true
07-05 00:56:05.023  3960 12065 I ActivityManager: Start proc 18550:com.example.batterymanager_utility/u0a168 for activity com.example.batterymanager_utility/.MainActivity
07-05 00:56:05.024 18550 18550 E Zygote  : isWhitelistProcess - Process is Whitelisted
07-05 00:56:05.024 18550 18550 E libpersona: scanKnoxPersonas
07-05 00:56:05.024 18550 18550 E libpersona: Couldn't open the File - /data/system/users/0/personalist.xml - No such file or directory
07-05 00:56:05.028 18550 18550 W SELinux : SELinux selinux_android_compute_policy_index : Policy Index[2],  Con:u:r:zygote:s0 RAM:SEPF_SM-J720F_8.0.0_0002, [-1 -1 -1 -1 0 1]
07-05 00:56:05.029 18550 18550 I SELinux : SELinux: seapp_context_lookup: seinfo=untrusted, level=s0:c512,c768, pkgname=com.example.batterymanager_utility 
07-05 00:56:05.032 18550 18550 I zygote64: Late-enabling -Xcheck:jni
07-05 00:56:05.034 10199 10199 E adbd    : recv: OPEN 0000efd0 00000000 0044:73 68 65 6C 6C 2C 76 32 2C 54 45 52 4D 3D 73 63 72 65 65 6E 2C 72 61 77 3A 6D 6F 6E 6B 65 79 20 2D 70 20 78 2E 69 6E 74 65 72 76 61 6C 61 70 70 2E 63 70 75 66 61 63 74 6F 72 69 61 6C 74 65 73 74 20 31 00 
07-05 00:56:05.034 10199 10199 E adbd    : service_to_fd: shell,v2,TERM=screen,raw:monkey -p x.intervalapp.cpufactorialtest 1
07-05 00:56:05.045  3960  4027 V WindowManager: finishDrawingLocked: mDrawState=COMMIT_DRAW_PENDING Window{f6b3f75 u0 Splash Screen com.example.batterymanager_utility} in Surface(name=Splash Screen com.example.batterymanager_utility)
07-05 00:56:05.049  4342  4342 D WallpaperService: updateSurface forceRelayout=true redrawNeeded=false myWidth=1280 myHeight=1280 fixedSize=true x = 0 y = 0 mWidth=1280 mHeight=1280 mIsSleepMode=false
07-05 00:56:05.050  3960  8430 V WindowManager: Relayout Window{140dbc2 u0 com.android.systemui.ImageWallpaper}: viewVisibility=0 req=1280x1280 WM.LayoutParams{(0,0)(1280x1280) gr=#800033 ty=2013 fl=#10318 fmt=2 wanim=0x103030e colorMode=0 naviIconColor=0}
07-05 00:56:05.050  3960  8430 V WindowManager: rotationForOrientationLw(orient=-1, last=0); user=0  sensorRotation=-1 mLidState=-1 mDockMode=0 mHdmiPlugged=false
07-05 00:56:05.054  4342  4342 D ImageWallpaper: onOffsetsChanged: xOffset=0.0, yOffset=0.0, xOffsetStep=0.0, yOffsetStep=0.0, xPixels=0, yPixels=0
07-05 00:56:05.055  4342  4342 D ImageWallpaper: newRotation : 0,mLastRotation : 0
07-05 00:56:05.055  4342  4342 D ImageWallpaper: drawFrame:[frame.width()]1280[frame.height()]1280
07-05 00:56:05.055  4342  4342 D ImageWallpaper: surfaceDimensionsChanged=false mDisplayWidth=720 mDisplayHeight=1280
07-05 00:56:05.055  4342  4342 D ImageWallpaper: redrawNeeded = false, mOffsetsChanged = false
07-05 00:56:05.055  4342  4342 D ImageWallpaper: Suppressed drawFrame since redraw is not needed and offsets have not changed.
07-05 00:56:05.072 18550 18550 D TimaKeyStoreProvider: TimaKeyStore is not enabled: cannot add TimaSignature Service and generateKeyPair Service
07-05 00:56:05.073 18550 18550 D ActivityThread: Added TimaKeyStore provider
07-05 00:56:05.076  3960  8430 I ActivityManager: DSS on for com.example.batterymanager_utility and scale is 1.0
07-05 00:56:05.085  3960  8430 D PersonaManagerService: Current focused persona service handled id set to : 0
07-05 00:56:05.086  3960  8430 D InputDispatcher: Focused application set to: xxxx
07-05 00:56:05.087  3960  8430 D InputDispatcher: Focus left window: 5320
07-05 00:56:05.090  3960  8430 D MARsPolicyManager: onPackageResumedFG pkgName = com.example.batterymanager_utility, userId = 0
07-05 00:56:05.090  3960  4208 D GameManagerService: handleForegroundChange(). pkgName: com.example.batterymanager_utility, clsName: com.example.batterymanager_utility.MainActivity,FgActivityName:com.example.batterymanager_utility/.MainActivity
07-05 00:56:05.090  3960  4208 D GameManagerService: sem_perfomance_mode: 3
07-05 00:56:05.090  3960  4208 D GameManagerService: notifyResumePause(). pkg: com.example.batterymanager_utility, type: 4, isMinimized: false, isTunableApp: false
07-05 00:56:05.090  3960  4208 D GameManagerService:   notifyResumePause(). unexpected mPrevNotiType: -1
07-05 00:56:05.091  3960  8430 D SamsungAnimationCreator: createAnimation type:LowEnd transit:12 enter:false wallpaperXoffset:-280 split:false fixedOri:false
07-05 00:56:05.091  3960  8430 D SamsungAnimationCreator: createAnimation displayFrame:Rect(0, 0 - 720, 1280) frame:null insets:null
07-05 00:56:05.099  3960  6475 D GamePkgDataHelper: getGamePkgDataIncServer(). com.example.batterymanager_utility
07-05 00:56:05.099  3960  6475 D GamePkgDataHelper: getSosPolicy(). com.example.batterymanager_utility
07-05 00:56:05.099  3960  6475 D GameManagerService: identifyGamePackage. com.example.batterymanager_utility
07-05 00:56:05.100  3960  6475 D GamePkgDataHelper: getGamePkgData(). com.example.batterymanager_utility
07-05 00:56:05.100  3435  3435 I android.hardware.wifi@1.0-service: getLinkLayerStats
07-05 00:56:05.101  3960  6475 D GameManagerService: identifyGamePackage. com.example.batterymanager_utility
07-05 00:56:05.101  3960  6475 D GamePkgDataHelper: getGamePkgData(). com.example.batterymanager_utility
07-05 00:56:05.102  3960  6475 D GameManagerService: identifyGamePackage. com.example.batterymanager_utility
07-05 00:56:05.102  3960  6475 D GamePkgDataHelper: getGamePkgData(). com.example.batterymanager_utility
07-05 00:56:05.104  5320  5320 I Launcher: onWindowVisibilityChanged : false
07-05 00:56:05.104  3960  6475 D GameManagerService: identifyGamePackage. com.example.batterymanager_utility
07-05 00:56:05.104  3960  6475 D GamePkgDataHelper: getGamePkgData(). com.example.batterymanager_utility
07-05 00:56:05.106  3960  3976 D WindowManager: set systemUiVisibility : systemUiFlags= 0x608 fullscreenStackSysUiFlags= 0x0
07-05 00:56:05.108  3960 12065 D WindowManager: adjustSystemUiVisibilityLw : vis= 0x608
07-05 00:56:05.108  5320  5504 D OpenGLRenderer: eglDestroySurface = 0x75a8993500
07-05 00:56:05.109  3960 12065 V WindowManager: Relayout Window{697a2fb u0 com.sec.android.app.launcher/com.sec.android.app.launcher.activities.LauncherActivity}: viewVisibility=8 req=720x1280 WM.LayoutParams{(0,0)(fillxfill) sim=#130 ty=1 fl=#81910d00 pfl=0x20000 fmt=-2 wanim=0x10302ea vsysui=0x700 needsMenuKey=2 colorMode=0 naviIconColor=0}
07-05 00:56:05.113  5320  5320 D ViewRootImpl@e59f9c8[LauncherActivity]: Relayout returned: old=[0,0][720,1280] new=[0,0][720,1280] result=0x5 surface={valid=false 0} changed=true
07-05 00:56:05.113  5320  5320 D ViewRootImpl@e59f9c8[LauncherActivity]: MSG_WINDOW_FOCUS_CHANGED 0
07-05 00:56:05.116 18550 18550 I zygote64: no shared libraies, dex_files: 1
07-05 00:56:05.129  4342  4363 D SystemServicesProxy: updateOverviewLastStackActiveTimeAsync: newTime=1688509595633
07-05 00:56:05.130  3960 12065 D SecContentProvider: query(), uri = 17 selection = isSettingsChangesAllowed
07-05 00:56:05.131  3960 12065 D SecContentProvider: called from android.uid.systemui:10009
07-05 00:56:05.131  4342  4671 D SystemServicesProxy: updateOverviewLastStackActiveTimeAsync: done.
07-05 00:56:05.146 18550 18550 I BatteryMgr:App: creating notification channel
07-05 00:56:05.189  3446  3446 I SurfaceFlinger: Display 0 HWC layers:
07-05 00:56:05.189  3446  3446 I SurfaceFlinger:     type    |    handle    | flag |  format   |   source crop (l,t,r,b)    |         frame       | name 
07-05 00:56:05.189  3446  3446 I SurfaceFlinger: ------------+--------------+------+-----------+----------------------------+---------------------+------
07-05 00:56:05.189  3446  3446 I SurfaceFlinger:      Device | 0x719ef8e280 | 0002 | RGBx_8888 | 280.0    0.0 1000.0 1280.0 |    0    0  720 1280 | com.android.systemui.ImageWallpaper#0
07-05 00:56:05.189  3446  3446 I SurfaceFlinger:      Device | 0x71a4024900 | 0000 | RGBA_8888 |  21.0   37.0  700.0 1244.0 |    0    0  720 1280 | com.sec.android.app.launcher/com.sec[...]uncher.activities.LauncherActivity#0
07-05 00:56:05.189  3446  3446 I SurfaceFlinger:      Device | 0x719efdf8c0 | 0002 | RGBA_8888 |   0.0    0.0  720.0 1280.0 |  133  236  588 1044 | Splash Screen com.example.batterymanager_utility#0
07-05 00:56:05.189  3446  3446 I SurfaceFlinger:      Device | 0x71a40255c0 | 0000 | RGBA_8888 |   0.0    0.0  720.0   42.0 |    0    0  720   42 | StatusBar#0
07-05 00:56:05.189  3446  3446 I SurfaceFlinger: 
07-05 00:56:05.230  3960  4062 D MdnieScenarioControlService:  packageName : com.example.batterymanager_utility    className : com.example.batterymanager_utility.MainActivity
07-05 00:56:05.230  3960  4062 V MdnieScenarioControlService: setUIMode from UI function(3)
07-05 00:56:05.236 18550 18569 D OpenGLRenderer: HWUI GL Pipeline
07-05 00:56:05.246 18550 18550 D ViewRootImpl@f177ac1[MainActivity]: setView = DecorView@6ac4266[MainActivity] TM=true MM=false
07-05 00:56:05.248  3960  8430 D ActivityManager: post active user change for 0 fullscreen true isHomeActivity() false
07-05 00:56:05.414 18550 18550 W zygote64: Class androidx.compose.runtime.snapshots.SnapshotStateList failed lock verification and will run slower.
07-05 00:56:05.414 18550 18550 W zygote64: Common causes for lock verification issues are non-optimized dex code
07-05 00:56:05.414 18550 18550 W zygote64: and incorrect proguard optimizations.
07-05 00:56:05.504 18555 18555 W ADebug  : Failed to get property persist.sys.media.traces
07-05 00:56:05.508 18555 18555 E appproc : Enhanced Zygote ASLR: ro.knox.enhance.zygote.aslr != 1. Enhanced Zygote ASLR is DISABLED!
07-05 00:56:05.508 18555 18555 D AndroidRuntime: >>>>>> START com.android.internal.os.RuntimeInit uid 2000 <<<<<<
07-05 00:56:05.510 18550 18557 I zygote64: Do partial code cache collection, code=30KB, data=20KB
07-05 00:56:05.511 18550 18557 I zygote64: After code cache collection, code=30KB, data=20KB
07-05 00:56:05.511 18550 18557 I zygote64: Increasing code cache capacity to 128KB
07-05 00:56:05.511 18555 18555 D SecNativeFeatureCppIf: encoded
07-05 00:56:05.512 18555 18555 D SecNativeFeatureCppIf: decoding and unzip finish
07-05 00:56:05.512 18555 18555 D SecNativeFeatureCppIf: use unCompDataBuff. encoded
07-05 00:56:05.512 18555 18555 D SecNativeFeatureCppIf: Free unCompDataBuff
07-05 00:56:05.512 18555 18555 D SecNativeFeatureCppIf: encoded
07-05 00:56:05.512 18555 18555 D SecNativeFeatureCppIf: decoding and unzip finish
07-05 00:56:05.512 18555 18555 D SecNativeFeatureCppIf: use unCompDataBuff. encoded
07-05 00:56:05.512 18555 18555 D SecNativeFeatureCppIf: Free unCompDataBuff
07-05 00:56:05.512 18555 18555 D SecNativeFeatureCppIf: encoded
07-05 00:56:05.512 18555 18555 D SecNativeFeatureCppIf: decoding and unzip finish
07-05 00:56:05.512 18555 18555 D SecNativeFeatureCppIf: use unCompDataBuff. encoded
07-05 00:56:05.512 18555 18555 D SecNativeFeatureCppIf: Free unCompDataBuff
07-05 00:56:05.512 18555 18555 D SecNativeFeatureCppIf: encoded
07-05 00:56:05.513 18555 18555 D SecNativeFeatureCppIf: decoding and unzip finish
07-05 00:56:05.513 18555 18555 D SecNativeFeatureCppIf: use unCompDataBuff. encoded
07-05 00:56:05.513 18555 18555 D SecNativeFeatureCppIf: Free unCompDataBuff
07-05 00:56:05.540  3446  3446 I SurfaceFlinger: Display 0 HWC layers:
07-05 00:56:05.540  3446  3446 I SurfaceFlinger:     type    |    handle    | flag |  format   |   source crop (l,t,r,b)    |         frame       | name 
07-05 00:56:05.540  3446  3446 I SurfaceFlinger: ------------+--------------+------+-----------+----------------------------+---------------------+------
07-05 00:56:05.540  3446  3446 I SurfaceFlinger:      Device | 0x719efdf8c0 | 0002 | RGBA_8888 |   0.0    0.0  720.0 1280.0 |    0    0  720 1280 | Splash Screen com.example.batterymanager_utility#0
07-05 00:56:05.540  3446  3446 I SurfaceFlinger:      Device | 0x71a40255c0 | 0000 | RGBA_8888 |   0.0    0.0  720.0   42.0 |    0    0  720   42 | StatusBar#0
07-05 00:56:05.540  3446  3446 I SurfaceFlinger: 
07-05 00:56:05.540 18550 18550 D ViewRootImpl@f177ac1[MainActivity]: dispatchAttachedToWindow
07-05 00:56:05.556  3960  4027 I WindowManager: Destroying surface Surface(name=com.sec.android.app.launcher/com.sec.android.app.launcher.activities.LauncherActivity) called by com.android.server.wm.WindowStateAnimator.destroySurface:2501 com.android.server.wm.WindowStateAnimator.destroySurfaceLocked:985 com.android.server.wm.WindowState.destroyOrSaveSurfaceUnchecked:3670 com.android.server.wm.WindowState.destroySurface:3618 com.android.server.wm.AppWindowToken.destroySurfaces:722 com.android.server.wm.AppWindowToken.destroySurfaces:706 com.android.server.wm.WindowState.onExitAnimationDone:5316 com.android.server.wm.AppWindowAnimator.stepAnimationLocked:508 
07-05 00:56:05.556  3446  3779 I SurfaceFlinger: id=249 Removed com.sec.android.app.launcher/com.sec.android.app.launcher.activities.LauncherActivity#0 (1/4)
07-05 00:56:05.560  3446  3485 I SurfaceFlinger: id=249 Removed com.sec.android.app.launcher/com.sec.android.app.launcher.activities.LauncherActivity#0 (-2/4)
07-05 00:56:05.561  4342  4363 D WallpaperService: dispatchAppVisibility onVisibilityChanged(): false
07-05 00:56:05.563  4342  4342 D ImageWallpaper: onVisibilityChanged: mVisible, visible=true, false
07-05 00:56:05.563  4342  4342 D ImageWallpaper: Visibility changed to visible=false
07-05 00:56:05.563  4342  4342 D WallpaperService: reportVisibility onVisibilityChanged visible: false
07-05 00:56:05.569  3446  3446 I Layer   : id=249 onRemoved com.sec.android.app.launcher/com.sec.android.app.launcher.activities.LauncherActivity#0 
07-05 00:56:05.595  3960  8430 V WindowManager: Relayout Window{4d391ae u0 com.example.batterymanager_utility/com.example.batterymanager_utility.MainActivity}: viewVisibility=0 req=719x1237 WM.LayoutParams{(0,0)(fillxfill) sim=#120 ty=1 fl=#81810100 pfl=0x20000 wanim=0x10302fd vsysui=0x600 needsMenuKey=2 colorMode=0 naviIconColor=0}
07-05 00:56:05.597  3446  3446 I SurfaceFlinger: id=251 createSurf (720x1280),1 flag=404, com.example.batterymanager_utility/com.example.batterymanager_utility.MainActivity#0
07-05 00:56:05.598  3960  8430 V Surface : sf_framedrop debug : 0x4f4c, game : false, logging : 0
07-05 00:56:05.604  3960  8430 D InputDispatcher: Focus entered window: 18550
07-05 00:56:05.606 18550 18550 V Surface : sf_framedrop debug : 0x4f4c, game : false, logging : 0
07-05 00:56:05.608 18550 18550 D ViewRootImpl@f177ac1[MainActivity]: Relayout returned: old=[0,0][0,0] new=[0,0][720,1280] result=0x7 surface={valid=true 505390759936} changed=true
07-05 00:56:05.614 18550 18569 I OpenGLRenderer: Initialized EGL, version 1.4
07-05 00:56:05.614 18550 18569 D OpenGLRenderer: Swap behavior 2
07-05 00:56:05.621 18550 18569 D libGLESv1: STS_GLApi : DTS, ODTC are not allowed for Package : com.example.batterymanager_utility
07-05 00:56:05.622 18550 18569 D mali_winsys: EGLint new_window_surface(egl_winsys_display *, void *, EGLSurface, EGLConfig, egl_winsys_surface **, egl_color_buffer_format *, EGLBoolean) returns 0x3000,  [720x1280]-format:1
07-05 00:56:05.622 18550 18569 D OpenGLRenderer: eglCreateWindowSurface = 0x759a0b8bc0
07-05 00:56:05.631 18550 18550 D Compose Focus: Owner FocusChanged(true)
07-05 00:56:05.635 18555 18555 D ICU     : Timezone override file found: /data/misc/zoneinfo/current/icu/icu_tzdata.dat
07-05 00:56:05.652 18555 18555 I app_process: find the special shared library, skip check
07-05 00:56:05.682 18555 18555 D SemCscFeature: Encoded
07-05 00:56:05.685 18555 18555 I chatty  : uid=2000(shell) identical 2 lines
07-05 00:56:05.686 18555 18555 D SemCscFeature: Encoded
07-05 00:56:05.688 18555 18555 E SemAffinityControl: SemAffinityControl: registerfunction enter
07-05 00:56:05.694 18555 18555 D AndroidRuntime: Calling main entry com.android.commands.monkey.Monkey
07-05 00:56:05.702  3960  8430 V WindowManager: finishDrawingLocked: mDrawState=COMMIT_DRAW_PENDING Window{4d391ae u0 com.example.batterymanager_utility/com.example.batterymanager_utility.MainActivity} in Surface(name=com.example.batterymanager_utility/com.example.batterymanager_utility.MainActivity)
07-05 00:56:05.705 18550 18550 D ViewRootImpl@f177ac1[MainActivity]: MSG_RESIZED_REPORT: frame=Rect(0, 0 - 720, 1280) ci=Rect(0, 42 - 0, 0) vi=Rect(0, 42 - 0, 0) or=1
07-05 00:56:05.705 18550 18550 D ViewRootImpl@f177ac1[MainActivity]: MSG_WINDOW_FOCUS_CHANGED 1
07-05 00:56:05.708  3960  4027 D ViewRootImpl@69516ac[batterymanager_utility]: dispatchDetachedFromWindow
07-05 00:56:05.708  3960  4027 D InputEventReceiver: channel 'f6b3f75 Splash Screen com.example.batterymanager_utility (client)' ~ Disposing input event receiver.
07-05 00:56:05.708  3960  4027 D InputEventReceiver: channel 'f6b3f75 Splash Screen com.example.batterymanager_utility (client)' ~NativeInputEventReceiver.
07-05 00:56:05.709  3960  3984 I ActivityManager: Displayed com.example.batterymanager_utility/.MainActivity: +699ms
07-05 00:56:05.710  3960  3984 D CustomFrequencyManagerService: acquireDVFSLockLocked : type : DVFS_MIN_LIMIT  frequency : 1560000  uid : 1000  pid : 3960  pkgName : AMS_RESUME_TAIL@CPU_MIN@27
07-05 00:56:05.711  3960  3984 D ActivityManagerPerformance: AMP_acquire() TAIL
07-05 00:56:05.711  3960  3984 D CustomFrequencyManagerService: releaseDVFSLockLocked : Getting Lock type frm List : DVFS_MIN_LIMIT  frequency : 1560000  uid : 1000  pid : 3960  tag : AMS_APP_SWITCH@CPU_MIN@21
07-05 00:56:05.712  3960  3984 D ActivityManagerPerformance: AMP_release() APP_SWITCH
07-05 00:56:05.712 18550 18550 V InputMethodManager: Starting input: tba=android.view.inputmethod.EditorInfo@39f3dfc nm : com.example.batterymanager_utility ic=null
07-05 00:56:05.713 18550 18550 I InputMethodManager: startInputInner - mService.startInputOrWindowGainedFocus
07-05 00:56:05.713  3960  8430 D InputMethodManagerService: startInputOrWindowGainedFocus : windowGainedFocus 
07-05 00:56:05.713  3960  8430 D InputMethodManagerService: windowGainedFocus: destinationUserId (getCallingUid) = 0
07-05 00:56:05.714  3960  8430 D InputMethodManagerService: windowGainedFocus: currentUserId=0
07-05 00:56:05.714  3960  8430 D InputMethodManagerService: windowGainedFocus: mCurrentFocusedUserId=0
07-05 00:56:05.714  3960  8430 D InputMethodManagerService: windowGainedFocus : lock - currentUserId = 0 destinationUserId = 0
07-05 00:56:05.714  3960  8430 D InputMethodManagerService: windowGainedFocus : mCurrentFocusedUserId - 0 and mSecureKeypadEnabled - false, userSwitched - false
07-05 00:56:05.714  3960  8430 V InputMethodManagerService: windowGainedFocus : reason=WINDOW_FOCUS_GAIN client=android.os.BinderProxy@4ba5bb0 inputContext=null missingMethods= attribute=android.view.inputmethod.EditorInfo@18befe5 nm = com.example.batterymanager_utility controlFlags=#105 softInputMode=#120 windowFlags=#81810100
07-05 00:56:05.714  3960  8430 V InputMethodManagerService: hideCurrentInputLocked : shouldHideSoftInput is false
07-05 00:56:05.714  3960  8430 D InputMethodManagerService: isImeSwitcherDisabledPackage : false
07-05 00:56:05.715  3960  8430 V InputMethodManagerService: Creating new session for client ClientState{bcb1aba uid 10168 pid 18550}
07-05 00:56:05.717  3960  8430 D InputMethodManagerService: setCurrentInputInfo - inputContext : null eidtorInfo : android.view.inputmethod.EditorInfo@18befe5 missingMethods : 0
07-05 00:56:05.717  4336  4336 I InputMethodWrapper:  call dispatchStartInputWithToken
07-05 00:56:05.717  4336  4336 I InputMethodService: dispatchStartInputWithToken
07-05 00:56:05.718  4336  4336 I SKBD    : SamsungKeypad [IMI] onStartInput - caller pid : 18550, caller uid : 10168
07-05 00:56:05.725  3960  3975 W BroadcastQueue: Skipping deliver [background] BroadcastRecord{d802886 u-1 android.net.conn.CONNECTIVITY_CHANGE} to ReceiverList{98e4547 18555 (unknown name)/2000/u-1 remote:5f1f0c8}: process gone or crashing
07-05 00:56:05.733 18550 18550 V InputMethodManager: Starting input: tba=android.view.inputmethod.EditorInfo@c985c85 nm : com.example.batterymanager_utility ic=null
07-05 00:56:05.742  5320  5320 D StageManager: saved stages : inStack [1] , outStack[2]
07-05 00:56:05.747  3960 12065 I ActivityManager: START u0 {act=android.intent.action.MAIN typ=null flg=0x10200000 cmp=ComponentInfo{x.intervalapp.cpufactorialtest/x.intervalapp.cpufactorialtest.MainActivity}} from uid 2000
07-05 00:56:05.748  3960 12065 W Binder  : Outgoing transactions from this process must be FLAG_ONEWAY
07-05 00:56:05.748  3960 12065 W Binder  : java.lang.Throwable
07-05 00:56:05.748  3960 12065 W Binder  : 	at android.os.BinderProxy.transact(Binder.java:744)
07-05 00:56:05.748  3960 12065 W Binder  : 	at android.app.IActivityController$Stub$Proxy.activityStarting(IActivityController.java:172)
07-05 00:56:05.748  3960 12065 W Binder  : 	at com.android.server.am.ActivityStarter.startActivity(ActivityStarter.java:648)
07-05 00:56:05.748  3960 12065 W Binder  : 	at com.android.server.am.ActivityStarter.startActivityLocked(ActivityStarter.java:410)
07-05 00:56:05.748  3960 12065 W Binder  : 	at com.android.server.am.ActivityStarter.startActivityMayWait(ActivityStarter.java:1283)
07-05 00:56:05.748  3960 12065 W Binder  : 	at com.android.server.am.ActivityManagerService.startActivityAsUser(ActivityManagerService.java:6033)
07-05 00:56:05.748  3960 12065 W Binder  : 	at com.android.server.am.ActivityManagerService.startActivity(ActivityManagerService.java:5885)
07-05 00:56:05.748  3960 12065 W Binder  : 	at android.app.IActivityManager$Stub.onTransact(IActivityManager.java:121)
07-05 00:56:05.748  3960 12065 W Binder  : 	at com.android.server.am.ActivityManagerService.onTransact(ActivityManagerService.java:3861)
07-05 00:56:05.748  3960 12065 W Binder  : 	at android.os.Binder.execTransact(Binder.java:682)
07-05 00:56:05.751  3960 12065 D CustomFrequencyManagerService: acquireDVFSLockLocked : type : DVFS_MIN_LIMIT  frequency : 1560000  uid : 1000  pid : 3960  pkgName : AMS_APP_SWITCH@CPU_MIN@21
07-05 00:56:05.751  3960 12065 D ActivityManagerPerformance: AMP_acquire() APP_SWITCH
07-05 00:56:05.751  3960  5015 D ActivityManagerPerformance: Received MSG_CFMS_HINT_AMS_SWITCH pkgName: x.intervalapp.cpufactorialtest
07-05 00:56:05.755  3446  3446 I SurfaceFlinger: Display 0 HWC layers:
07-05 00:56:05.755  3446  3446 I SurfaceFlinger:     type    |    handle    | flag |  format   |   source crop (l,t,r,b)    |         frame       | name 
07-05 00:56:05.755  3446  3446 I SurfaceFlinger: ------------+--------------+------+-----------+----------------------------+---------------------+------
07-05 00:56:05.755  3446  3446 I SurfaceFlinger:      Device | 0x71a4024600 | 0002 | RGBA_8888 |   0.0    0.0  720.0 1280.0 |    0    0  720 1280 | com.example.batterymanager_utility/c[...]atterymanager_utility.MainActivity#0
07-05 00:56:05.755  3446  3446 I SurfaceFlinger:      Device | 0x719efdf8c0 | 0002 | RGBA_8888 |   0.0    0.0  720.0 1280.0 |    0    0  720 1280 | Splash Screen com.example.batterymanager_utility#0
07-05 00:56:05.755  3446  3446 I SurfaceFlinger:      Device | 0x71a40255c0 | 0000 | RGBA_8888 |   0.0    0.0  720.0   42.0 |    0    0  720   42 | StatusBar#0
07-05 00:56:05.755  3446  3446 I SurfaceFlinger: 
07-05 00:56:05.758  3960  4637 D ActivityManager: isScaleDownAnimationEnabled() : false
07-05 00:56:05.759  3960 12065 V WindowManager: rotationForOrientationLw(orient=-1, last=0); user=0  sensorRotation=-1 mLidState=-1 mDockMode=0 mHdmiPlugged=false
07-05 00:56:05.760  3960 12065 V WindowManager: rotationForOrientationLw(orient=-1, last=0); user=0  sensorRotation=-1 mLidState=-1 mDockMode=0 mHdmiPlugged=false
07-05 00:56:05.763  3960  4637 D PersonaManagerService: Current focused persona service handled id set to : 0
07-05 00:56:05.763  3960  4637 D InputDispatcher: Focused application set to: xxxx
07-05 00:56:05.764  3960  4637 D InputDispatcher: Focus left window: 18550
07-05 00:56:05.766  3960  4027 D ViewRootImpl@6671bf8[cpufactorialtest]: setView = DecorView@de9bf36[cpufactorialtest] TM=true MM=false
07-05 00:56:05.766  3960  4208 D GameManagerService: handleForegroundChange(). pkgName: x.intervalapp.cpufactorialtest, clsName: x.intervalapp.cpufactorialtest.MainActivity,FgActivityName:x.intervalapp.cpufactorialtest/.MainActivity
07-05 00:56:05.766  3960  4637 D MARsPolicyManager: onPackageResumedFG pkgName = x.intervalapp.cpufactorialtest, userId = 0
07-05 00:56:05.766  3960  4208 D GameManagerService: sem_perfomance_mode: 3
07-05 00:56:05.766  3960  4208 D GameManagerService: notifyResumePause(). pkg: x.intervalapp.cpufactorialtest, type: 4, isMinimized: false, isTunableApp: false
07-05 00:56:05.766  3960  4208 D GameManagerService:   notifyResumePause(). unexpected mPrevNotiType: -1
07-05 00:56:05.770 18550 18550 D ViewRootImpl@f177ac1[MainActivity]: MSG_WINDOW_FOCUS_CHANGED 0
07-05 00:56:05.773  3960  6475 D GamePkgDataHelper: getGamePkgDataIncServer(). x.intervalapp.cpufactorialtest
07-05 00:56:05.773  3960  6475 D GamePkgDataHelper: getSosPolicy(). x.intervalapp.cpufactorialtest
07-05 00:56:05.774  3960  4027 D ViewRootImpl@6671bf8[cpufactorialtest]: dispatchAttachedToWindow
07-05 00:56:05.774  3960  6475 D GameManagerService: identifyGamePackage. x.intervalapp.cpufactorialtest
07-05 00:56:05.774  3960  4027 V WindowManager: Relayout Window{e3ca8d1 u0 Splash Screen x.intervalapp.cpufactorialtest}: viewVisibility=0 req=719x1237 WM.LayoutParams{(0,0)(fillxfill) sim=#20 ty=3 fl=#81830118 pfl=0x20011 wanim=0x10302fd vsysui=0x600 needsMenuKey=2 colorMode=0 naviIconColor=0}
07-05 00:56:05.774  3960  6475 D GamePkgDataHelper: getGamePkgData(). x.intervalapp.cpufactorialtest
07-05 00:56:05.775  3960  6475 D GameManagerService: identifyGamePackage. x.intervalapp.cpufactorialtest
07-05 00:56:05.775  3960  6475 D GamePkgDataHelper: getGamePkgData(). x.intervalapp.cpufactorialtest
07-05 00:56:05.775  3446  3446 I SurfaceFlinger: id=252 createSurf (720x1280),1 flag=404, Splash Screen x.intervalapp.cpufactorialtest#0
07-05 00:56:05.776 18555 18555 I com.android.commands.monkey: System.exit called, status: 0
07-05 00:56:05.776 18555 18555 I AndroidRuntime: VM exiting with result code 0.
07-05 00:56:05.777  3960  4027 V Surface : sf_framedrop debug : 0x4f4c, game : false, logging : 0
07-05 00:56:05.777  3960  6475 D GameManagerService: identifyGamePackage. x.intervalapp.cpufactorialtest
07-05 00:56:05.777  3960  6475 D GamePkgDataHelper: getGamePkgData(). x.intervalapp.cpufactorialtest
07-05 00:56:05.777  3960  6475 D GameManagerService: identifyGamePackage. x.intervalapp.cpufactorialtest
07-05 00:56:05.777  3960  6475 D GamePkgDataHelper: getGamePkgData(). x.intervalapp.cpufactorialtest
07-05 00:56:05.780  3960  4027 D ViewRootImpl@6671bf8[cpufactorialtest]: Relayout returned: old=[0,0][0,0] new=[0,0][720,1280] result=0x7 surface={valid=true 504480088064} changed=true
07-05 00:56:05.780  3960  3976 V WindowManager: rotationForOrientationLw(orient=-1, last=0); user=0  sensorRotation=-1 mLidState=-1 mDockMode=0 mHdmiPlugged=false
07-05 00:56:05.780  3960  4027 D ViewRootImpl@6671bf8[cpufactorialtest]: MSG_RESIZED_REPORT: frame=Rect(0, 0 - 720, 1280) ci=Rect(0, 42 - 0, 0) vi=Rect(0, 42 - 0, 0) or=1
07-05 00:56:05.783  3960  3976 V WindowManager: rotationForOrientationLw(orient=-1, last=0); user=0  sensorRotation=-1 mLidState=-1 mDockMode=0 mHdmiPlugged=false
07-05 00:56:05.798  3960  4027 V WindowManager: finishDrawingLocked: mDrawState=COMMIT_DRAW_PENDING Window{e3ca8d1 u0 Splash Screen x.intervalapp.cpufactorialtest} in Surface(name=Splash Screen x.intervalapp.cpufactorialtest)
07-05 00:56:05.805  3446  3446 V Surface : sf_framedrop debug : 0x4f4c, game : false, logging : 0
07-05 00:56:05.806 18550 18569 D OpenGLRenderer: eglDestroySurface = 0x759a0b8bc0
07-05 00:56:05.816  3960  4027 D TaskSnapshotCache: putSnapshot mTaskId=170 RunningCache size=1
07-05 00:56:05.818  3960  5278 V WindowManager: Relayout Window{4d391ae u0 com.example.batterymanager_utility/com.example.batterymanager_utility.MainActivity}: viewVisibility=8 req=720x1280 WM.LayoutParams{(0,0)(fillxfill) sim=#120 ty=1 fl=#81810100 pfl=0x20000 wanim=0x10302fd vsysui=0x600 needsMenuKey=2 colorMode=0 naviIconColor=0}
07-05 00:56:05.824  3446  3446 I SurfaceFlinger: id=253 createSurf (16x16),-1 flag=20004, animation background stackId=1#0
07-05 00:56:05.826 18550 18550 D ViewRootImpl@f177ac1[MainActivity]: Relayout returned: old=[0,0][720,1280] new=[0,0][720,1280] result=0x5 surface={valid=false 0} changed=true
07-05 00:56:05.840  3446  3446 I SurfaceFlinger: Display 0 HWC layers:
07-05 00:56:05.840  3446  3446 I SurfaceFlinger:     type    |    handle    | flag |  format   |   source crop (l,t,r,b)    |         frame       | name 
07-05 00:56:05.840  3446  3446 I SurfaceFlinger: ------------+--------------+------+-----------+----------------------------+---------------------+------
07-05 00:56:05.840  3446  3446 I SurfaceFlinger:      Client |              | 0000 |  Unknown  |  -0.2   -0.2   -0.8   -0.8 |    0    0  720 1280 | animation background stackId=1#0
07-05 00:56:05.840  3446  3446 I SurfaceFlinger:      Client | 0x71a4024600 | 0002 | RGBA_8888 |   0.0    0.0  720.0 1280.0 |    0    0  720 1279 | com.example.batterymanager_utility/c[...]atterymanager_utility.MainActivity#0
07-05 00:56:05.840  3446  3446 I SurfaceFlinger:      Client | 0x719efdf8c0 | 0002 | RGBA_8888 |   0.0    0.0  720.0 1280.0 |    0    0  720 1279 | Splash Screen com.example.batterymanager_utility#0
07-05 00:56:05.840  3446  3446 I SurfaceFlinger:      Client | 0x71a40255c0 | 0000 | RGBA_8888 |   0.0    0.0  720.0   42.0 |    0    0  720   42 | StatusBar#0
07-05 00:56:05.840  3446  3446 I SurfaceFlinger: 
07-05 00:56:05.840  3960  3976 D WindowManager: set systemUiVisibility : systemUiFlags= 0x608 fullscreenStackSysUiFlags= 0x0
07-05 00:56:05.877  4342  4363 D SystemServicesProxy: updateOverviewLastStackActiveTimeAsync: newTime=1688509595633
07-05 00:56:05.878  3960  5278 D SecContentProvider: query(), uri = 17 selection = isSettingsChangesAllowed
07-05 00:56:05.879  3960  5278 D SecContentProvider: called from android.uid.systemui:10009
07-05 00:56:05.880  4342  4671 D SystemServicesProxy: updateOverviewLastStackActiveTimeAsync: done.
07-05 00:56:05.881  3960 12065 D PackageManager: getComponentMetadataForIconTray : com.example.batterymanager_utility.MainActivity does not exist in mServices
07-05 00:56:05.881  3960 12065 D PackageManager: getComponentMetadataForIconTray : com.example.batterymanager_utility.MainActivity does not exist in mProviders
07-05 00:56:05.881  3960 12065 D PackageManager: getComponentMetadataForIconTray : com.example.batterymanager_utility.MainActivity does not exist in mReceivers
07-05 00:56:05.881  4342  4363 D ApplicationPackageManager: updateItemMetaDataForFixedIconScale: package: com.example.batterymanager_utility
07-05 00:56:05.882  3960 12065 D PackageManager: getSelectedMetaData : packageName(com.example.batterymanager_utility) or Metadata strings {[Ljava.lang.String;@edd7210}
07-05 00:56:05.882  4342  4363 I ApplicationPackageManager: load=com.example.batterymanager_utility, bg=144-144, dr=189-189, forDefault=true, density=0
07-05 00:56:05.884  4342  4363 I ApplicationPackageManager: scaled rate=0.72, size=189, alpha=54, hold=102
07-05 00:56:05.884  4342  4363 D ApplicationPackageManager: iconScale: getScale(): 0.72 getAlpha(): 54
07-05 00:56:05.885  4342  4363 I ApplicationPackageManager: load=com.example.batterymanager_utility-contain, bg=112-112, dr=189-189
07-05 00:56:05.888  3960  4027 I WindowManager: Destroying surface Surface(name=Splash Screen com.example.batterymanager_utility) called by com.android.server.wm.WindowStateAnimator.destroySurface:2501 com.android.server.wm.WindowStateAnimator.destroySurfaceLocked:985 com.android.server.wm.WindowState.destroyOrSaveSurfaceUnchecked:3670 com.android.server.wm.WindowState.destroySurface:3618 com.android.server.wm.AppWindowToken.destroySurfaces:722 com.android.server.wm.AppWindowToken.destroySurfaces:706 com.android.server.wm.WindowState.onExitAnimationDone:5316 com.android.server.wm.WindowStateAnimator.stepAnimationLocked:550 
07-05 00:56:05.888  3446  3779 I SurfaceFlinger: id=250 Removed Splash Screen com.example.batterymanager_utility#0 (3/6)
07-05 00:56:05.890  3446  3446 I SurfaceFlinger: Display 0 HWC layers:
07-05 00:56:05.890  3446  3446 I SurfaceFlinger:     type    |    handle    | flag |  format   |   source crop (l,t,r,b)    |         frame       | name 
07-05 00:56:05.890  3446  3446 I SurfaceFlinger: ------------+--------------+------+-----------+----------------------------+---------------------+------
07-05 00:56:05.890  3446  3446 I SurfaceFlinger:      Client |              | 0000 |  Unknown  |  -0.2   -0.2   -0.8   -0.8 |    0    0  720 1280 | animation background stackId=1#0
07-05 00:56:05.890  3446  3446 I SurfaceFlinger:      Client | 0x71a4024600 | 0002 | RGBA_8888 |   0.0    0.0  720.0 1280.0 |    5    8  716 1271 | com.example.batterymanager_utility/c[...]atterymanager_utility.MainActivity#0
07-05 00:56:05.890  3446  3446 I SurfaceFlinger:      Device | 0x71a40255c0 | 0000 | RGBA_8888 |   0.0    0.0  720.0   42.0 |    0    0  720   42 | StatusBar#0
07-05 00:56:05.890  3446  3446 I SurfaceFlinger: 
07-05 00:56:05.893  3446  3485 I SurfaceFlinger: id=250 Removed Splash Screen com.example.batterymanager_utility#0 (-2/6)
07-05 00:56:05.903  3446  3446 I Layer   : id=250 onRemoved Splash Screen com.example.batterymanager_utility#0 
07-05 00:56:05.905  3960  4062 D MdnieScenarioControlService:  packageName : x.intervalapp.cpufactorialtest    className : x.intervalapp.cpufactorialtest.MainActivity
07-05 00:56:05.905  3960  4062 V MdnieScenarioControlService: setUIMode from UI function(3)
07-05 00:56:06.008  4342  4699 D NetworkController.MobileSignalController(0/-2): onSignalStrengthsChanged signalStrength=SignalStrength: 14 99 -14 -200 -14 -200 -1 99 2147483647 2147483647 2147483647 2147483647 0 2147483647 0x4 P gsm|lte level=4
07-05 00:56:06.009  4342  4699 D NetworkController.MobileSignalController(0/-2): getMobileIconGroup(): 0
07-05 00:56:06.027  3446  3446 I SurfaceFlinger: Display 0 HWC layers:
07-05 00:56:06.027  3446  3446 I SurfaceFlinger:     type    |    handle    | flag |  format   |   source crop (l,t,r,b)    |         frame       | name 
07-05 00:56:06.027  3446  3446 I SurfaceFlinger: ------------+--------------+------+-----------+----------------------------+---------------------+------
07-05 00:56:06.027  3446  3446 I SurfaceFlinger:      Client |              | 0000 |  Unknown  |  -0.2   -0.2   -0.8   -0.8 |    0    0  720 1280 | animation background stackId=1#0
07-05 00:56:06.027  3446  3446 I SurfaceFlinger:      Client | 0x71a4024600 | 0002 | RGBA_8888 |   0.0    0.0  720.0 1280.0 |   16   29  703 1251 | com.example.batterymanager_utility/c[...]atterymanager_utility.MainActivity#0
07-05 00:56:06.027  3446  3446 I SurfaceFlinger:      Device | 0x71a4024840 | 0002 | RGBA_8888 |   0.0    0.0  720.0 1022.0 |   17  305  704 1280 | Splash Screen x.intervalapp.cpufactorialtest#0
07-05 00:56:06.027  3446  3446 I SurfaceFlinger:      Device | 0x71a40255c0 | 0000 | RGBA_8888 |   0.0    0.0  720.0   42.0 |    0    0  720   42 | StatusBar#0
07-05 00:56:06.027  3446  3446 I SurfaceFlinger: 
07-05 00:56:06.312  3960  3960 D CustomFrequencyManagerService: releaseDVFSLockLocked : Getting Lock type frm List : DVFS_MIN_LIMIT  frequency : 1560000  uid : 1000  pid : 3960  tag : AMS_RESUME_TAIL@CPU_MIN@27
07-05 00:56:06.321  3960  4027 I WindowManager: Destroying surface Surface(name=com.example.batterymanager_utility/com.example.batterymanager_utility.MainActivity) called by com.android.server.wm.WindowStateAnimator.destroySurface:2501 com.android.server.wm.WindowStateAnimator.destroySurfaceLocked:985 com.android.server.wm.WindowState.destroyOrSaveSurfaceUnchecked:3670 com.android.server.wm.WindowState.destroySurface:3618 com.android.server.wm.AppWindowToken.destroySurfaces:722 com.android.server.wm.AppWindowToken.destroySurfaces:706 com.android.server.wm.WindowState.onExitAnimationDone:5316 com.android.server.wm.WindowStateAnimator.stepAnimationLocked:550 
07-05 00:56:06.321  3446  3779 I SurfaceFlinger: id=251 Removed com.example.batterymanager_utility/com.example.batterymanager_utility.MainActivity#0 (2/5)
07-05 00:56:06.324  3446  3485 I SurfaceFlinger: id=251 Removed com.example.batterymanager_utility/com.example.batterymanager_utility.MainActivity#0 (-2/5)
07-05 00:56:06.324  3446  3446 I SurfaceFlinger: Display 0 HWC layers:
07-05 00:56:06.324  3446  3446 I SurfaceFlinger:     type    |    handle    | flag |  format   |   source crop (l,t,r,b)    |         frame       | name 
07-05 00:56:06.324  3446  3446 I SurfaceFlinger: ------------+--------------+------+-----------+----------------------------+---------------------+------
07-05 00:56:06.324  3446  3446 I SurfaceFlinger:      Device | 0x71a4024840 | 0002 | RGBA_8888 |   0.0    0.0  720.0 1280.0 |    0    0  720 1280 | Splash Screen x.intervalapp.cpufactorialtest#0
07-05 00:56:06.324  3446  3446 I SurfaceFlinger:      Device | 0x71a40255c0 | 0000 | RGBA_8888 |   0.0    0.0  720.0   42.0 |    0    0  720   42 | StatusBar#0
07-05 00:56:06.324  3446  3446 I SurfaceFlinger: 
07-05 00:56:06.331  3960  4325 I OpenGLRenderer: Initialized EGL, version 1.4
07-05 00:56:06.331  3960  4325 D OpenGLRenderer: Swap behavior 2
07-05 00:56:06.337  3446  3446 I Layer   : id=251 onRemoved com.example.batterymanager_utility/com.example.batterymanager_utility.MainActivity#0 
07-05 00:56:06.408  4951  4951 D io_stats: !@ 179,0 r 127256 4617484 w 32938 601772 d 2742 103740 f 9647 9951 iot 67344 56416 th 51200 0 0 pt 0 inp 0 0 7429.563
07-05 00:56:06.518  3960  4445 E Watchdog: !@Sync 247 [2023-07-05 00:56:06.518]
07-05 00:56:06.943 10199 10199 E adbd    : recv: OPEN 0000efd3 00000000 006e:73 68 65 6C 6C 2C 76 32 2C 54 45 52 4D 3D 73 63 72 65 65 6E 2C 72 61 77 3A 64 75 6D 70 73 79 73 20 61 63 74 69 76 69 74 79 20 72 65 63 65 6E 74 73 20 7C 20 67 72 65 70 20 22 52 65 63 65 6E 74 20 23 30 22 20 7C 20 63 75 74 20 2D 64 20 22 3D 22 20 2D 66 32 20 7C 20 67 72 65 70 20 2D 6F 20 2D 70 20 22 5B 61 2D 7A 7C 2E 5D 2A 22 00 
07-05 00:56:06.943 10199 10199 E adbd    : service_to_fd: shell,v2,TERM=screen,raw:dumpsys activity recents | grep "Recent #0" | cut -d "=" -f2 | grep -o -p "[a-z|.]*"
07-05 00:56:07.023 10199 10199 E adbd    : recv: OPEN 0000efd6 00000000 003a:73 68 65 6C 6C 2C 76 32 2C 54 45 52 4D 3D 73 63 72 65 65 6E 2C 72 61 77 3A 67 65 74 70 72 6F 70 20 72 6F 2E 62 75 69 6C 64 2E 76 65 72 73 69 6F 6E 2E 72 65 6C 65 61 73 65 00 
07-05 00:56:07.023 10199 10199 E adbd    : service_to_fd: shell,v2,TERM=screen,raw:getprop ro.build.version.release
07-05 00:56:07.025  3960  3960 D PreBindingService: handleMessage : 1
07-05 00:56:07.079 10199 10199 E adbd    : recv: OPEN 0000efd9 00000000 0036:73 68 65 6C 6C 2C 76 32 2C 54 45 52 4D 3D 73 63 72 65 65 6E 2C 72 61 77 3A 67 65 74 70 72 6F 70 20 72 6F 2E 62 75 69 6C 64 2E 76 65 72 73 69 6F 6E 2E 73 64 6B 00 
07-05 00:56:07.079 10199 10199 E adbd    : service_to_fd: shell,v2,TERM=screen,raw:getprop ro.build.version.sdk
07-05 00:56:07.149 10199 10199 E adbd    : recv: OPEN 0000efdc 00000000 003a:73 68 65 6C 6C 2C 76 32 2C 54 45 52 4D 3D 73 63 72 65 65 6E 2C 72 61 77 3A 67 65 74 70 72 6F 70 20 72 6F 2E 62 75 69 6C 64 2E 76 65 72 73 69 6F 6E 2E 72 65 6C 65 61 73 65 00 
07-05 00:56:07.150 10199 10199 E adbd    : service_to_fd: shell,v2,TERM=screen,raw:getprop ro.build.version.release
07-05 00:56:07.214 10199 10199 E adbd    : recv: OPEN 0000efdf 00000000 0036:73 68 65 6C 6C 2C 76 32 2C 54 45 52 4D 3D 73 63 72 65 65 6E 2C 72 61 77 3A 67 65 74 70 72 6F 70 20 72 6F 2E 62 75 69 6C 64 2E 76 65 72 73 69 6F 6E 2E 73 64 6B 00 
07-05 00:56:07.214 10199 10199 E adbd    : service_to_fd: shell,v2,TERM=screen,raw:getprop ro.build.version.sdk
07-05 00:56:07.305 10199 10199 E adbd    : recv: OPEN 0000efe2 00000000 00fa:73 68 65 6C 6C 2C 76 32 2C 54 45 52 4D 3D 73 63 72 65 65 6E 2C 72 61 77 3A 61 6D 20 73 74 61 72 74 2D 66 6F 72 65 67 72 6F 75 6E 64 2D 73 65 72 76 69 63 65 20 2D 6E 20 22 63 6F 6D 2E 65 78 61 6D 70 6C 65 2E 62 61 74 74 65 72 79 6D 61 6E 61 67 65 72 5F 75 74 69 6C 69 74 79 2F 63 6F 6D 2E 65 78 61 6D 70 6C 65 2E 62 61 74 74 65 72 79 6D 61 6E 61 67 65 72 5F 75 74 69 6C 69 74 79 2E 44 61 74 61 43 6F 6C 6C 65 63 74 69 6F 6E 53 65 72 76 69 63 65 22 20 2D 2D 65 69 20 73 61 6D 70 6C 65 52 61 74 65 20 31 30 30 20 2D 2D 65 73 20 22 64 61 74 61 46 69 65 6C 64 73 22 20 22 42 41 54 54 45 52 59 5F 50 52 4F 50 45 52 54 59 5F 43 55 52 52 45 4E 54 5F 4E 4F 57 2C 45 58 54 52 41 5F 56 4F 4C 54 41 47 45 22 20 2D 2D 65 7A 20 74 6F 43 53 56 20 66 61 6C 73 65 00 
07-05 00:56:07.305 10199 10199 E adbd    : service_to_fd: shell,v2,TERM=screen,raw:am start-foreground-service -n "com.example.batterymanager_utility/com.example.batterymanager_utility.DataCollectionService" --ei sampleRate 100 --es "dataFields" "BATTERY_PROPERTY_CURRENT_NOW,EXTRA_VOLTAGE" --ez toCSV false
07-05 00:56:07.392 18550 18550 I BatteryMgr:DataCollectionService: onStartCommand: begin
07-05 00:56:07.392 18550 18550 I BatteryMgr:DataCollectionService: onStartCommand: sampleRate => 100
07-05 00:56:07.392 18550 18550 I BatteryMgr:DataCollectionService: onStartCommand: rawFields => Timestamp,BATTERY_PROPERTY_CURRENT_NOW,EXTRA_VOLTAGE
07-05 00:56:07.393 18550 18550 I BatteryMgr:DataCollectionService: onStartCommand: notification done
07-05 00:56:07.394 18550 18550 D Notification: allPendingIntents
07-05 00:56:07.395 18550 18550 I BatteryMgr:DataCollectionService: started foreground
07-05 00:56:07.396  3960  3975 D ApplicationPolicy: isStatusBarNotificationAllowedAsUser: packageName = android,userId = 0
07-05 00:56:07.396  3960  3975 D API test: getContainerInfo: value is 
07-05 00:56:07.396  3960  3975 D ApplicationPolicy: isStatusBarNotificationAllowedAsUser: packageName = android,userId = 0
07-05 00:56:07.396  3960  3975 D API test: getContainerInfo: value is 
07-05 00:56:07.396  3960  3975 D ApplicationPolicy: isStatusBarNotificationAllowedAsUser: packageName = com.example.batterymanager_utility,userId = 0
07-05 00:56:07.396  3960  3975 D API test: getContainerInfo: value is 
07-05 00:56:07.396  3960  3975 D ApplicationPolicy: isStatusBarNotificationAllowedAsUser: packageName = com.example.batterymanager_utility,userId = 0
07-05 00:56:07.397  3960  3975 D API test: getContainerInfo: value is 
07-05 00:56:07.398  3960  3960 D AudioService: getStreamVolume 5 index 110
07-05 00:56:07.399  3960  3975 E NotificationService: Suppressing notification from package by user request.
07-05 00:56:07.399  3960 12065 D Notification: allPendingIntents
07-05 00:56:07.400  3960  5278 D Notification: allPendingIntents
07-05 00:56:07.405 18550 18617 I BatteryMgr:DataCollectionService: collectData: begin
07-05 00:56:07.410 18550 18617 I BatteryMgr:DataCollectionService: stats => 1688511367410,-153,4047
07-05 00:56:07.414 10199 10199 E adbd    : recv: OPEN 0000efe5 00000000 003a:73 68 65 6C 6C 2C 76 32 2C 54 45 52 4D 3D 73 63 72 65 65 6E 2C 72 61 77 3A 67 65 74 70 72 6F 70 20 72 6F 2E 62 75 69 6C 64 2E 76 65 72 73 69 6F 6E 2E 72 65 6C 65 61 73 65 00 
07-05 00:56:07.414 10199 10199 E adbd    : service_to_fd: shell,v2,TERM=screen,raw:getprop ro.build.version.release
07-05 00:56:07.415  4342  4342 D KeyguardUpdateMonitor: handleStatusBarState( false )
07-05 00:56:07.423  4342  4342 D KeyguardUpdateMonitor: handleStatusBarState( false )
07-05 00:56:07.498 10199 10199 E adbd    : recv: OPEN 0000efe8 00000000 0036:73 68 65 6C 6C 2C 76 32 2C 54 45 52 4D 3D 73 63 72 65 65 6E 2C 72 61 77 3A 67 65 74 70 72 6F 70 20 72 6F 2E 62 75 69 6C 64 2E 76 65 72 73 69 6F 6E 2E 73 64 6B 00 
07-05 00:56:07.499 10199 10199 E adbd    : service_to_fd: shell,v2,TERM=screen,raw:getprop ro.build.version.sdk
07-05 00:56:07.515 18550 18617 I BatteryMgr:DataCollectionService: stats => 1688511367515,-153,4047
07-05 00:56:07.564  3960  4032 D SensorService: [SO] 0.077 -0.182 9.946
07-05 00:56:07.622 18550 18617 I BatteryMgr:DataCollectionService: stats => 1688511367621,-153,4047
07-05 00:56:07.727 18550 18617 I BatteryMgr:DataCollectionService: stats => 1688511367727,-153,4047
07-05 00:56:07.768  3960  3960 D PreBindingService: handleMessage : 1
07-05 00:56:07.833 18550 18617 I BatteryMgr:DataCollectionService: stats => 1688511367832,-153,4047
07-05 00:56:07.939 18550 18617 I BatteryMgr:DataCollectionService: stats => 1688511367939,-307,4047
07-05 00:56:08.045 18550 18617 I BatteryMgr:DataCollectionService: stats => 1688511368044,-307,4047
07-05 00:56:08.106  3435  3435 I android.hardware.wifi@1.0-service: getLinkLayerStats
07-05 00:56:08.146  3960 12065 D BatteryService: !@BatteryListener : batteryPropertiesChanged!
07-05 00:56:08.147  3960 12065 D BatteryService: level:82, scale:100, status:3, health:2, present:true, voltage: 3991, temperature: 259, technology: Li-ion, AC powered:false, USB powered:false, POGO powered:false, Wireless powered:false, icon:17303820, invalid charger:0, maxChargingCurrent:0, maxChargingVoltage:0, chargeCounter:0
