07-05 01:56:30.613 25411 25479 I BatteryMgr:DataCollectionService: stats => 1688514990613,-579,3894
07-05 01:56:30.631  3435  3435 I android.hardware.wifi@1.0-service: getLinkLayerStats
07-05 01:56:30.717 25411 25479 I BatteryMgr:DataCollectionService: stats => 1688514990717,-579,3894
07-05 01:56:30.821 25411 25479 I BatteryMgr:DataCollectionService: stats => 1688514990821,-579,3894
07-05 01:56:30.924 25411 25479 I BatteryMgr:DataCollectionService: stats => 1688514990924,-579,3894
07-05 01:56:31.028 25411 25479 I BatteryMgr:DataCollectionService: stats => 1688514991028,-579,3894
07-05 01:56:31.131 25411 25479 I BatteryMgr:DataCollectionService: stats => 1688514991131,-579,3894
07-05 01:56:31.235 25411 25479 I BatteryMgr:DataCollectionService: stats => 1688514991235,-579,3894
07-05 01:56:31.338 25411 25479 I BatteryMgr:DataCollectionService: stats => 1688514991338,-579,3894
07-05 01:56:31.442 25411 25479 I BatteryMgr:DataCollectionService: stats => 1688514991442,-579,3894
07-05 01:56:31.545 25411 25479 I BatteryMgr:DataCollectionService: stats => 1688514991545,-579,3894
07-05 01:56:31.649 25411 25479 I BatteryMgr:DataCollectionService: stats => 1688514991649,-579,3894
07-05 01:56:31.753 25411 25479 I BatteryMgr:DataCollectionService: stats => 1688514991752,-579,3894
07-05 01:56:31.856 25411 25479 I BatteryMgr:DataCollectionService: stats => 1688514991856,-579,3894
07-05 01:56:31.960 25411 25479 I BatteryMgr:DataCollectionService: stats => 1688514991960,-579,3894
07-05 01:56:32.063 25411 25479 I BatteryMgr:DataCollectionService: stats => 1688514992063,-579,3894
07-05 01:56:32.167 25411 25479 I BatteryMgr:DataCollectionService: stats => 1688514992167,-579,3894
07-05 01:56:32.270 25411 25479 I BatteryMgr:DataCollectionService: stats => 1688514992270,-579,3894
07-05 01:56:32.374 25411 25479 I BatteryMgr:DataCollectionService: stats => 1688514992374,-579,3894
07-05 01:56:32.477 25411 25479 I BatteryMgr:DataCollectionService: stats => 1688514992477,-579,3894
07-05 01:56:32.529  4342  4699 D NetworkController.MobileSignalController(0/-2): onSignalStrengthsChanged signalStrength=SignalStrength: 13 99 -13 -200 -13 -200 -1 99 2147483647 2147483647 2147483647 2147483647 0 2147483647 0x4 P gsm|lte level=4
07-05 01:56:32.529  4342  4699 D NetworkController.MobileSignalController(0/-2): getMobileIconGroup(): 0
07-05 01:56:32.581 25411 25479 I BatteryMgr:DataCollectionService: stats => 1688514992581,-579,3894
07-05 01:56:32.684 25411 25479 I BatteryMgr:DataCollectionService: stats => 1688514992684,-579,3894
07-05 01:56:32.788 25411 25479 I BatteryMgr:DataCollectionService: stats => 1688514992788,-579,3894
07-05 01:56:32.891 25411 25479 I BatteryMgr:DataCollectionService: stats => 1688514992891,-579,3894
07-05 01:56:32.995 25411 25479 I BatteryMgr:DataCollectionService: stats => 1688514992995,-579,3894
07-05 01:56:33.098 25411 25479 I BatteryMgr:DataCollectionService: stats => 1688514993098,-579,3894
07-05 01:56:33.202 25411 25479 I BatteryMgr:DataCollectionService: stats => 1688514993202,-579,3894
07-05 01:56:33.305 25411 25479 I BatteryMgr:DataCollectionService: stats => 1688514993305,-579,3894
07-05 01:56:33.409 25411 25479 I BatteryMgr:DataCollectionService: stats => 1688514993409,-579,3894
07-05 01:56:33.513 25411 25479 I BatteryMgr:DataCollectionService: stats => 1688514993512,-579,3894
07-05 01:56:33.616 25411 25479 I BatteryMgr:DataCollectionService: stats => 1688514993616,-579,3894
07-05 01:56:33.650  3435  3435 I android.hardware.wifi@1.0-service: getLinkLayerStats
07-05 01:56:33.719 25411 25479 I BatteryMgr:DataCollectionService: stats => 1688514993719,-579,3894
07-05 01:56:33.823 25411 25479 I BatteryMgr:DataCollectionService: stats => 1688514993823,-579,3894
07-05 01:56:33.927 25411 25479 I BatteryMgr:DataCollectionService: stats => 1688514993927,-579,3894
07-05 01:56:34.030 25411 25479 I BatteryMgr:DataCollectionService: stats => 1688514994030,-579,3894
07-05 01:56:34.134 25411 25479 I BatteryMgr:DataCollectionService: stats => 1688514994134,-579,3894
07-05 01:56:34.238 25411 25479 I BatteryMgr:DataCollectionService: stats => 1688514994237,-579,3894
07-05 01:56:34.341 25411 25479 I BatteryMgr:DataCollectionService: stats => 1688514994341,-579,3894
07-05 01:56:34.445 25411 25479 I BatteryMgr:DataCollectionService: stats => 1688514994444,-579,3894
07-05 01:56:34.548 25411 25479 I BatteryMgr:DataCollectionService: stats => 1688514994548,-579,3894
07-05 01:56:34.651 25411 25479 I BatteryMgr:DataCollectionService: stats => 1688514994651,-579,3894
07-05 01:56:34.755 25411 25479 I BatteryMgr:DataCollectionService: stats => 1688514994755,-579,3894
07-05 01:56:34.859 25411 25479 I BatteryMgr:DataCollectionService: stats => 1688514994859,-579,3894
07-05 01:56:34.962 25411 25479 I BatteryMgr:DataCollectionService: stats => 1688514994962,-579,3894
07-05 01:56:34.969  4951  4951 D io_stats: !@ 179,0 r 152944 5437576 w 42416 725672 d 3673 131504 f 11439 11879 iot 81724 68406 th 51200 0 0 pt 0 inp 0 0 11058.124
07-05 01:56:35.066 25411 25479 I BatteryMgr:DataCollectionService: stats => 1688514995066,-579,3894
07-05 01:56:35.170 25411 25479 I BatteryMgr:DataCollectionService: stats => 1688514995170,-579,3894
07-05 01:56:35.273 25411 25479 I BatteryMgr:DataCollectionService: stats => 1688514995273,-579,3894
07-05 01:56:35.377 25411 25479 I BatteryMgr:DataCollectionService: stats => 1688514995377,-579,3894
07-05 01:56:35.480 25411 25479 I BatteryMgr:DataCollectionService: stats => 1688514995480,-579,3894
07-05 01:56:35.584 25411 25479 I BatteryMgr:DataCollectionService: stats => 1688514995584,-579,3894
07-05 01:56:35.688 25411 25479 I BatteryMgr:DataCollectionService: stats => 1688514995688,-579,3894
07-05 01:56:35.791 25411 25479 I BatteryMgr:DataCollectionService: stats => 1688514995791,-579,3894
07-05 01:56:35.895 25411 25479 I BatteryMgr:DataCollectionService: stats => 1688514995895,-579,3894
07-05 01:56:35.998 25411 25479 I BatteryMgr:DataCollectionService: stats => 1688514995998,-579,3894
07-05 01:56:36.102 25411 25479 I BatteryMgr:DataCollectionService: stats => 1688514996102,-579,3894
07-05 01:56:36.205 25411 25479 I BatteryMgr:DataCollectionService: stats => 1688514996205,-579,3894
07-05 01:56:36.309 25411 25479 I BatteryMgr:DataCollectionService: stats => 1688514996309,-579,3894
07-05 01:56:36.412 25411 25479 I BatteryMgr:DataCollectionService: stats => 1688514996412,-579,3894
07-05 01:56:36.516 25411 25479 I BatteryMgr:DataCollectionService: stats => 1688514996516,-579,3894
07-05 01:56:36.619 25411 25479 I BatteryMgr:DataCollectionService: stats => 1688514996619,-579,3894
07-05 01:56:36.669  3435  3435 I android.hardware.wifi@1.0-service: getLinkLayerStats
07-05 01:56:36.713  3960  3983 W StorageManager: getStorageFullBytes DEFAULT_FULL_THRESHOLD_BYTES : 20971520, threadhold : 20971520
07-05 01:56:36.714  3960  3983 W StorageManager: getStorageLowBytes lowPercent : 5, lowBytes : 1260145254, maxLowBytes : 524288000
07-05 01:56:36.715  3960  3983 W DeviceStorageMonitorService: updateBroadcasts(/data) oldLevel:0, newLevel:0, seq:1
07-05 01:56:36.715  3960  3983 W DeviceStorageMonitorService: updateBroadcasts_filenode(/data) fn_oldLevel:0, fn_newLevel:0, seq:1
07-05 01:56:36.722 25411 25479 I BatteryMgr:DataCollectionService: stats => 1688514996722,-579,3894
07-05 01:56:36.826 25411 25479 I BatteryMgr:DataCollectionService: stats => 1688514996826,-579,3894
07-05 01:56:36.929 25411 25479 I BatteryMgr:DataCollectionService: stats => 1688514996929,-579,3894
07-05 01:56:37.033 25411 25479 I BatteryMgr:DataCollectionService: stats => 1688514997033,-579,3894
07-05 01:56:37.137 25411 25479 I BatteryMgr:DataCollectionService: stats => 1688514997137,-579,3894
07-05 01:56:37.240 25411 25479 I BatteryMgr:DataCollectionService: stats => 1688514997240,-579,3894
07-05 01:56:37.344 25411 25479 I BatteryMgr:DataCollectionService: stats => 1688514997343,-579,3894
07-05 01:56:37.447 25411 25479 I BatteryMgr:DataCollectionService: stats => 1688514997447,-579,3894
07-05 01:56:37.537  3960  4445 E Watchdog: !@Sync 368 [2023-07-05 01:56:37.537]
07-05 01:56:37.550 25411 25479 I BatteryMgr:DataCollectionService: stats => 1688514997550,-579,3894
07-05 01:56:37.654 25411 25479 I BatteryMgr:DataCollectionService: stats => 1688514997654,-579,3894
07-05 01:56:37.757 25411 25479 I BatteryMgr:DataCollectionService: stats => 1688514997757,-579,3894
07-05 01:56:37.800  3960  4032 D SensorService: [SO] 0.105 -0.163 9.926
07-05 01:56:37.861 25411 25479 I BatteryMgr:DataCollectionService: stats => 1688514997861,-579,3894
07-05 01:56:37.965 25411 25479 I BatteryMgr:DataCollectionService: stats => 1688514997965,-579,3894
07-05 01:56:38.068 25411 25479 I BatteryMgr:DataCollectionService: stats => 1688514998068,-579,3894
07-05 01:56:38.172 25411 25479 I BatteryMgr:DataCollectionService: stats => 1688514998172,-579,3894
07-05 01:56:38.275 25411 25479 I BatteryMgr:DataCollectionService: stats => 1688514998275,-579,3894
07-05 01:56:38.379 25411 25479 I BatteryMgr:DataCollectionService: stats => 1688514998379,-579,3894
07-05 01:56:38.482 25411 25479 I BatteryMgr:DataCollectionService: stats => 1688514998482,-579,3894
07-05 01:56:38.586 25411 25479 I BatteryMgr:DataCollectionService: stats => 1688514998586,-579,3894
07-05 01:56:38.689 25411 25479 I BatteryMgr:DataCollectionService: stats => 1688514998689,-579,3894
07-05 01:56:38.793 25411 25479 I BatteryMgr:DataCollectionService: stats => 1688514998792,-579,3894
07-05 01:56:38.896 25411 25479 I BatteryMgr:DataCollectionService: stats => 1688514998896,-579,3894
07-05 01:56:38.999 25411 25479 I BatteryMgr:DataCollectionService: stats => 1688514998999,-579,3894
07-05 01:56:39.103 25411 25479 I BatteryMgr:DataCollectionService: stats => 1688514999103,-579,3894
07-05 01:56:39.207 25411 25479 I BatteryMgr:DataCollectionService: stats => 1688514999207,-579,3894
07-05 01:56:39.310 25411 25479 I BatteryMgr:DataCollectionService: stats => 1688514999310,-579,3894
07-05 01:56:39.346  3960  6475 D SSRM:k  : SIOP:: AP = 370, PST = 293 (W:14), BAT = 265, USB = 0, CHG = 0
07-05 01:56:39.414 25411 25479 I BatteryMgr:DataCollectionService: stats => 1688514999413,-579,3894
07-05 01:56:39.517 25411 25479 I BatteryMgr:DataCollectionService: stats => 1688514999517,-579,3894
07-05 01:56:39.620 25411 25479 I BatteryMgr:DataCollectionService: stats => 1688514999620,-579,3894
07-05 01:56:39.673  3435  3435 I android.hardware.wifi@1.0-service: getLinkLayerStats
07-05 01:56:39.724 25411 25479 I BatteryMgr:DataCollectionService: stats => 1688514999724,-579,3894
07-05 01:56:39.827 25411 25479 I BatteryMgr:DataCollectionService: stats => 1688514999827,-579,3894
07-05 01:56:39.930 25411 25479 I BatteryMgr:DataCollectionService: stats => 1688514999930,-579,3894
07-05 01:56:39.971  4951  4951 D io_stats: !@ 179,0 r 152944 5437576 w 42424 725712 d 3673 131504 f 11439 11879 iot 81724 68407 th 51200 0 0 pt 0 inp 0 0 11063.126
07-05 01:56:40.033 25411 25479 I BatteryMgr:DataCollectionService: stats => 1688515000033,-579,3894
07-05 01:56:40.138 25411 25479 I BatteryMgr:DataCollectionService: stats => 1688515000138,-579,3894
07-05 01:56:40.241 25411 25479 I BatteryMgr:DataCollectionService: stats => 1688515000241,-579,3894
07-05 01:56:40.344 25411 25479 I BatteryMgr:DataCollectionService: stats => 1688515000344,-579,3894
07-05 01:56:40.448 25411 25479 I BatteryMgr:DataCollectionService: stats => 1688515000447,-579,3894
07-05 01:56:40.551 25411 25479 I BatteryMgr:DataCollectionService: stats => 1688515000551,-579,3894
07-05 01:56:40.655 25411 25479 I BatteryMgr:DataCollectionService: stats => 1688515000655,-579,3894
07-05 01:56:40.759 25411 25479 I BatteryMgr:DataCollectionService: stats => 1688515000759,-579,3894
07-05 01:56:40.863 25411 25479 I BatteryMgr:DataCollectionService: stats => 1688515000863,-579,3894
07-05 01:56:40.966 25411 25479 I BatteryMgr:DataCollectionService: stats => 1688515000966,-579,3894
07-05 01:56:41.070 25411 25479 I BatteryMgr:DataCollectionService: stats => 1688515001069,-579,3894
07-05 01:56:41.173 25411 25479 I BatteryMgr:DataCollectionService: stats => 1688515001173,-579,3894
07-05 01:56:41.276 25411 25479 I BatteryMgr:DataCollectionService: stats => 1688515001276,-579,3894
07-05 01:56:41.379 25411 25479 I BatteryMgr:DataCollectionService: stats => 1688515001379,-579,3894
07-05 01:56:41.483 25411 25479 I BatteryMgr:DataCollectionService: stats => 1688515001483,-579,3894
07-05 01:56:41.586 25411 25479 I BatteryMgr:DataCollectionService: stats => 1688515001586,-579,3894
07-05 01:56:41.689 25411 25479 I BatteryMgr:DataCollectionService: stats => 1688515001689,-579,3894
07-05 01:56:41.793 25411 25479 I BatteryMgr:DataCollectionService: stats => 1688515001793,-579,3894
07-05 01:56:41.897 25411 25479 I BatteryMgr:DataCollectionService: stats => 1688515001897,-579,3894
07-05 01:56:42.001 25411 25479 I BatteryMgr:DataCollectionService: stats => 1688515002001,-579,3894
07-05 01:56:42.106 25411 25479 I BatteryMgr:DataCollectionService: stats => 1688515002106,-579,3894
07-05 01:56:42.209 25411 25479 I BatteryMgr:DataCollectionService: stats => 1688515002209,-579,3894
07-05 01:56:42.312 25411 25479 I BatteryMgr:DataCollectionService: stats => 1688515002312,-579,3894
07-05 01:56:42.416 25411 25479 I BatteryMgr:DataCollectionService: stats => 1688515002416,-579,3894
07-05 01:56:42.519 25411 25479 I BatteryMgr:DataCollectionService: stats => 1688515002519,-579,3894
07-05 01:56:42.622 25411 25479 I BatteryMgr:DataCollectionService: stats => 1688515002622,-579,3894
07-05 01:56:42.677  3435  3435 I android.hardware.wifi@1.0-service: getLinkLayerStats
07-05 01:56:42.726 25411 25479 I BatteryMgr:DataCollectionService: stats => 1688515002726,-579,3894
07-05 01:56:42.829 25411 25479 I BatteryMgr:DataCollectionService: stats => 1688515002829,-579,3894
07-05 01:56:42.932 25411 25479 I BatteryMgr:DataCollectionService: stats => 1688515002932,-579,3894
07-05 01:56:43.036 25411 25479 I BatteryMgr:DataCollectionService: stats => 1688515003036,-579,3894
07-05 01:56:43.139 25411 25479 I BatteryMgr:DataCollectionService: stats => 1688515003139,-579,3894
07-05 01:56:43.242 25411 25479 I BatteryMgr:DataCollectionService: stats => 1688515003242,-579,3894
07-05 01:56:43.346 25411 25479 I BatteryMgr:DataCollectionService: stats => 1688515003346,-579,3894
07-05 01:56:43.449 25411 25479 I BatteryMgr:DataCollectionService: stats => 1688515003449,-579,3894
07-05 01:56:43.553 25411 25479 I BatteryMgr:DataCollectionService: stats => 1688515003552,-579,3894
07-05 01:56:43.656 25411 25479 I BatteryMgr:DataCollectionService: stats => 1688515003656,-579,3894
07-05 01:56:43.760 25411 25479 I BatteryMgr:DataCollectionService: stats => 1688515003760,-579,3894
07-05 01:56:43.863 25411 25479 I BatteryMgr:DataCollectionService: stats => 1688515003863,-579,3894
07-05 01:56:43.968 25411 25479 I BatteryMgr:DataCollectionService: stats => 1688515003967,-579,3894
07-05 01:56:44.072 25411 25479 I BatteryMgr:DataCollectionService: stats => 1688515004072,-579,3894
07-05 01:56:44.176 25411 25479 I BatteryMgr:DataCollectionService: stats => 1688515004176,-579,3894
07-05 01:56:44.279 25411 25479 I BatteryMgr:DataCollectionService: stats => 1688515004279,-579,3894
07-05 01:56:44.382 25411 25479 I BatteryMgr:DataCollectionService: stats => 1688515004382,-579,3894
07-05 01:56:44.486 25411 25479 I BatteryMgr:DataCollectionService: stats => 1688515004486,-579,3894
07-05 01:56:44.589 25411 25479 I BatteryMgr:DataCollectionService: stats => 1688515004589,-579,3894
07-05 01:56:44.692 25411 25479 I BatteryMgr:DataCollectionService: stats => 1688515004692,-579,3894
07-05 01:56:44.796 25411 25479 I BatteryMgr:DataCollectionService: stats => 1688515004795,-579,3894
07-05 01:56:44.899 25411 25479 I BatteryMgr:DataCollectionService: stats => 1688515004899,-579,3894
07-05 01:56:44.973  4951  4951 D io_stats: !@ 179,0 r 152944 5437576 w 42427 725740 d 3674 131508 f 11439 11881 iot 81724 68408 th 51200 0 0 pt 0 inp 0 0 11068.128
07-05 01:56:45.002 25411 25479 I BatteryMgr:DataCollectionService: stats => 1688515005002,-579,3894
07-05 01:56:45.106 25411 25479 I BatteryMgr:DataCollectionService: stats => 1688515005106,-579,3894
07-05 01:56:45.209 25411 25479 I BatteryMgr:DataCollectionService: stats => 1688515005209,-579,3894
07-05 01:56:45.313 25411 25479 I BatteryMgr:DataCollectionService: stats => 1688515005313,-579,3894
07-05 01:56:45.416 25411 25479 I BatteryMgr:DataCollectionService: stats => 1688515005416,-579,3894
07-05 01:56:45.519 25411 25479 I BatteryMgr:DataCollectionService: stats => 1688515005519,-579,3894
07-05 01:56:45.623 25411 25479 I BatteryMgr:DataCollectionService: stats => 1688515005623,-579,3894
07-05 01:56:45.681  3435  3435 I android.hardware.wifi@1.0-service: getLinkLayerStats
07-05 01:56:45.726 25411 25479 I BatteryMgr:DataCollectionService: stats => 1688515005726,-579,3894
07-05 01:56:45.830 25411 25479 I BatteryMgr:DataCollectionService: stats => 1688515005830,-579,3894
07-05 01:56:45.933 25411 25479 I BatteryMgr:DataCollectionService: stats => 1688515005933,-579,3894
07-05 01:56:46.037 25411 25479 I BatteryMgr:DataCollectionService: stats => 1688515006037,-579,3894
07-05 01:56:46.140 25411 25479 I BatteryMgr:DataCollectionService: stats => 1688515006140,-579,3894
07-05 01:56:46.244 25411 25479 I BatteryMgr:DataCollectionService: stats => 1688515006244,-579,3894
07-05 01:56:46.347 25411 25479 I BatteryMgr:DataCollectionService: stats => 1688515006347,-579,3894
07-05 01:56:46.451 25411 25479 I BatteryMgr:DataCollectionService: stats => 1688515006451,-579,3894
07-05 01:56:46.554 25411 25479 I BatteryMgr:DataCollectionService: stats => 1688515006554,-579,3894
07-05 01:56:46.657 25411 25479 I BatteryMgr:DataCollectionService: stats => 1688515006657,-579,3894
07-05 01:56:46.761 25411 25479 I BatteryMgr:DataCollectionService: stats => 1688515006761,-579,3894
07-05 01:56:46.864 25411 25479 I BatteryMgr:DataCollectionService: stats => 1688515006864,-579,3894
07-05 01:56:46.968 25411 25479 I BatteryMgr:DataCollectionService: stats => 1688515006968,-579,3894
07-05 01:56:47.071 25411 25479 I BatteryMgr:DataCollectionService: stats => 1688515007071,-579,3894
07-05 01:56:47.174 25411 25479 I BatteryMgr:DataCollectionService: stats => 1688515007174,-579,3894
07-05 01:56:47.278 25411 25479 I BatteryMgr:DataCollectionService: stats => 1688515007278,-579,3894
07-05 01:56:47.381 25411 25479 I BatteryMgr:DataCollectionService: stats => 1688515007381,-579,3894
07-05 01:56:47.485 25411 25479 I BatteryMgr:DataCollectionService: stats => 1688515007485,-579,3894
07-05 01:56:47.588 25411 25479 I BatteryMgr:DataCollectionService: stats => 1688515007588,-579,3894
07-05 01:56:47.692 25411 25479 I BatteryMgr:DataCollectionService: stats => 1688515007691,-579,3894
07-05 01:56:47.795 25411 25479 I BatteryMgr:DataCollectionService: stats => 1688515007795,-579,3894
07-05 01:56:47.800  3960  4032 D SensorService: [SO] 0.086 -0.139 9.955
07-05 01:56:47.898 25411 25479 I BatteryMgr:DataCollectionService: stats => 1688515007898,-579,3894
07-05 01:56:48.002 25411 25479 I BatteryMgr:DataCollectionService: stats => 1688515008002,-579,3894
07-05 01:56:48.105 25411 25479 I BatteryMgr:DataCollectionService: stats => 1688515008105,-579,3894
07-05 01:56:48.209 25411 25479 I BatteryMgr:DataCollectionService: stats => 1688515008209,-579,3894
07-05 01:56:48.312 25411 25479 I BatteryMgr:DataCollectionService: stats => 1688515008312,-579,3894
07-05 01:56:48.416 25411 25479 I BatteryMgr:DataCollectionService: stats => 1688515008416,-579,3894
07-05 01:56:48.520 25411 25479 I BatteryMgr:DataCollectionService: stats => 1688515008520,-579,3894
07-05 01:56:48.623 25411 25479 I BatteryMgr:DataCollectionService: stats => 1688515008623,-579,3894
07-05 01:56:48.695  3435  3435 I android.hardware.wifi@1.0-service: getLinkLayerStats
07-05 01:56:48.726 25411 25479 I BatteryMgr:DataCollectionService: stats => 1688515008726,-579,3894
07-05 01:56:48.829 25411 25479 I BatteryMgr:DataCollectionService: stats => 1688515008829,-579,3894
07-05 01:56:48.933 25411 25479 I BatteryMgr:DataCollectionService: stats => 1688515008932,-579,3894
07-05 01:56:49.036 25411 25479 I BatteryMgr:DataCollectionService: stats => 1688515009036,-579,3894
07-05 01:56:49.139 25411 25479 I BatteryMgr:DataCollectionService: stats => 1688515009139,-579,3894
07-05 01:56:49.242 25411 25479 I BatteryMgr:DataCollectionService: stats => 1688515009242,-579,3894
07-05 01:56:49.346 25411 25479 I BatteryMgr:DataCollectionService: stats => 1688515009346,-579,3894
07-05 01:56:49.362  3960  6475 D SSRM:k  : SIOP:: AP = 390, PST = 305 (W:10), BAT = 265, USB = 0, CHG = 0
07-05 01:56:49.449 25411 25479 I BatteryMgr:DataCollectionService: stats => 1688515009449,-579,3894
07-05 01:56:49.552 25411 25479 I BatteryMgr:DataCollectionService: stats => 1688515009552,-579,3894
07-05 01:56:49.656 25411 25479 I BatteryMgr:DataCollectionService: stats => 1688515009656,-579,3894
07-05 01:56:49.760 25411 25479 I BatteryMgr:DataCollectionService: stats => 1688515009760,-579,3894
07-05 01:56:49.863 25411 25479 I BatteryMgr:DataCollectionService: stats => 1688515009863,-579,3894
07-05 01:56:49.966 25411 25479 I BatteryMgr:DataCollectionService: stats => 1688515009966,-579,3894
07-05 01:56:50.070 25411 25479 I BatteryMgr:DataCollectionService: stats => 1688515010070,-579,3894
07-05 01:56:50.173 25411 25479 I BatteryMgr:DataCollectionService: stats => 1688515010173,-579,3894
07-05 01:56:50.211 20308 20308 E adbd    : recv: OPEN 00000796 00000000 003a:73 68 65 6C 6C 2C 76 32 2C 54 45 52 4D 3D 73 63 72 65 65 6E 2C 72 61 77 3A 67 65 74 70 72 6F 70 20 72 6F 2E 62 75 69 6C 64 2E 76 65 72 73 69 6F 6E 2E 72 65 6C 65 61 73 65 00 
07-05 01:56:50.211 20308 20308 E adbd    : service_to_fd: shell,v2,TERM=screen,raw:getprop ro.build.version.release
07-05 01:56:50.276 25411 25479 I BatteryMgr:DataCollectionService: stats => 1688515010276,-579,3894
07-05 01:56:50.380 25411 25479 I BatteryMgr:DataCollectionService: stats => 1688515010380,-579,3894
07-05 01:56:50.483 25411 25479 I BatteryMgr:DataCollectionService: stats => 1688515010483,-579,3894
07-05 01:56:50.486 20308 20308 E adbd    : recv: OPEN 00000799 00000000 0036:73 68 65 6C 6C 2C 76 32 2C 54 45 52 4D 3D 73 63 72 65 65 6E 2C 72 61 77 3A 67 65 74 70 72 6F 70 20 72 6F 2E 62 75 69 6C 64 2E 76 65 72 73 69 6F 6E 2E 73 64 6B 00 
07-05 01:56:50.486 20308 20308 E adbd    : service_to_fd: shell,v2,TERM=screen,raw:getprop ro.build.version.sdk
07-05 01:56:50.576 20308 20308 E adbd    : recv: OPEN 0000079c 00000000 0084:73 68 65 6C 6C 2C 76 32 2C 54 45 52 4D 3D 73 63 72 65 65 6E 2C 72 61 77 3A 61 6D 20 73 74 6F 70 73 65 72 76 69 63 65 20 63 6F 6D 2E 65 78 61 6D 70 6C 65 2E 62 61 74 74 65 72 79 6D 61 6E 61 67 65 72 5F 75 74 69 6C 69 74 79 2F 63 6F 6D 2E 65 78 61 6D 70 6C 65 2E 62 61 74 74 65 72 79 6D 61 6E 61 67 65 72 5F 75 74 69 6C 69 74 79 2E 44 61 74 61 43 6F 6C 6C 65 63 74 69 6F 6E 53 65 72 76 69 63 65 00 
07-05 01:56:50.576 20308 20308 E adbd    : service_to_fd: shell,v2,TERM=screen,raw:am stopservice com.example.batterymanager_utility/com.example.batterymanager_utility.DataCollectionService
07-05 01:56:50.586 25411 25479 I BatteryMgr:DataCollectionService: stats => 1688515010586,-579,3894
07-05 01:56:50.639  3960  3975 D ApplicationPolicy: isStatusBarNotificationAllowedAsUser: packageName = android,userId = 0
07-05 01:56:50.639  3960  3975 D API test: getContainerInfo: value is 
07-05 01:56:50.639  3960  3975 D ApplicationPolicy: isStatusBarNotificationAllowedAsUser: packageName = android,userId = 0
07-05 01:56:50.639  3960  3975 D API test: getContainerInfo: value is 
07-05 01:56:50.643  3960  3960 D AudioService: getStreamVolume 5 index 110
07-05 01:56:50.644  3960  5278 D Notification: allPendingIntents
07-05 01:56:50.646  3960  5278 D Notification: allPendingIntents
07-05 01:56:50.663  4342  4342 D KeyguardUpdateMonitor: handleStatusBarState( false )
07-05 01:56:50.702 20308 20308 E adbd    : recv: OPEN 0000079f 00000000 006e:73 68 65 6C 6C 2C 76 32 2C 54 45 52 4D 3D 73 63 72 65 65 6E 2C 72 61 77 3A 64 75 6D 70 73 79 73 20 61 63 74 69 76 69 74 79 20 72 65 63 65 6E 74 73 20 7C 20 67 72 65 70 20 22 52 65 63 65 6E 74 20 23 30 22 20 7C 20 63 75 74 20 2D 64 20 22 3D 22 20 2D 66 32 20 7C 20 67 72 65 70 20 2D 6F 20 2D 70 20 22 5B 61 2D 7A 7C 2E 5D 2A 22 00 
07-05 01:56:50.702 20308 20308 E adbd    : service_to_fd: shell,v2,TERM=screen,raw:dumpsys activity recents | grep "Recent #0" | cut -d "=" -f2 | grep -o -p "[a-z|.]*"
07-05 01:56:50.708  4342  4342 D KeyguardUpdateMonitor: handleStatusBarState( false )
07-05 01:56:50.720  4342  4342 D KeyguardUpdateMonitor: handleStatusBarState( false )
07-05 01:56:50.839 20308 20308 E adbd    : recv: OPEN 000007a2 00000000 003a:73 68 65 6C 6C 2C 76 32 2C 54 45 52 4D 3D 73 63 72 65 65 6E 2C 72 61 77 3A 67 65 74 70 72 6F 70 20 72 6F 2E 62 75 69 6C 64 2E 76 65 72 73 69 6F 6E 2E 72 65 6C 65 61 73 65 00 
07-05 01:56:50.840 20308 20308 E adbd    : service_to_fd: shell,v2,TERM=screen,raw:getprop ro.build.version.release
07-05 01:56:50.921 20308 20308 E adbd    : recv: OPEN 000007a5 00000000 0036:73 68 65 6C 6C 2C 76 32 2C 54 45 52 4D 3D 73 63 72 65 65 6E 2C 72 61 77 3A 67 65 74 70 72 6F 70 20 72 6F 2E 62 75 69 6C 64 2E 76 65 72 73 69 6F 6E 2E 73 64 6B 00 
07-05 01:56:50.921 20308 20308 E adbd    : service_to_fd: shell,v2,TERM=screen,raw:getprop ro.build.version.sdk
07-05 01:56:51.023 20308 20308 E adbd    : recv: OPEN 000007a8 00000000 0046:73 68 65 6C 6C 2C 76 32 2C 54 45 52 4D 3D 73 63 72 65 65 6E 2C 72 61 77 3A 61 6D 20 66 6F 72 63 65 2D 73 74 6F 70 20 78 2E 69 6E 74 65 72 76 61 6C 61 70 70 2E 63 70 75 66 61 63 74 6F 72 69 61 6C 74 65 73 74 00 
07-05 01:56:51.023 20308 20308 E adbd    : service_to_fd: shell,v2,TERM=screen,raw:am force-stop x.intervalapp.cpufactorialtest
07-05 01:56:51.084  3960  5278 I ActivityManager: Force stopping x.intervalapp.cpufactorialtest appid=10165 user=0: from pid 25528
07-05 01:56:51.085  3960  5278 I ActivityManager: Killing 24458:x.intervalapp.cpufactorialtest/u0a165 (adj 0): stop x.intervalapp.cpufactorialtest,from pid 25528
07-05 01:56:51.088  3960  5278 D CustomFrequencyManagerService: acquireDVFSLockLocked : type : DVFS_MIN_LIMIT  frequency : 1560000  uid : 1000  pid : 3960  pkgName : AMS_ACT_RESUME@CPU_MIN@14
07-05 01:56:51.089  3960  5278 D ActivityManagerPerformance: AMP_acquire() ACT_RESUME
07-05 01:56:51.089  3960  5278 D ActivityManager: isScaleDownAnimationEnabled() : false
07-05 01:56:51.090  3960  5278 D StorageManagerService: getExternalStorageMountMode : 1
07-05 01:56:51.090  3960  5278 D StorageManagerService: getExternalStorageMountMode : 3
07-05 01:56:51.091  3960  5278 D StorageManagerService: getExternalStorageMountMode : final mountMode=1, uid : 10165, packageName : x.intervalapp.cpufactorialtest
07-05 01:56:51.091  3960  5278 I ApplicationPolicy: isApplicationExternalStorageWhitelisted:x.intervalapp.cpufactorialtest user:0
07-05 01:56:51.092  3960  5278 D ApplicationPolicy: isApplicationExternalStorageWhitelisted: DO is not enabled on user 0. Allowed.
07-05 01:56:51.092  3960  5278 D ActivityManager: package  x.intervalapp.cpufactorialtest, user - 0 is SDcard whitelisted
07-05 01:56:51.092  3960  5278 I ApplicationPolicy: isApplicationExternalStorageBlacklisted:x.intervalapp.cpufactorialtest user:0
07-05 01:56:51.092  3960  5278 D ApplicationPolicy: isApplicationExternalStorageBlacklisted: DO is not enabled on user 0. Allowed.
07-05 01:56:51.102  3960  5278 I ActivityManager: Start proc 25530:x.intervalapp.cpufactorialtest/u0a165 for activity x.intervalapp.cpufactorialtest/.MainActivity
07-05 01:56:51.103 25530 25530 E Zygote  : isWhitelistProcess - Process is Whitelisted
07-05 01:56:51.104 25530 25530 E libpersona: scanKnoxPersonas
07-05 01:56:51.104 25530 25530 E libpersona: Couldn't open the File - /data/system/users/0/personalist.xml - No such file or directory
07-05 01:56:51.106 25530 25530 W SELinux : SELinux selinux_android_compute_policy_index : Policy Index[2],  Con:u:r:zygote:s0 RAM:SEPF_SM-J720F_8.0.0_0002, [-1 -1 -1 -1 0 1]
07-05 01:56:51.106 25530 25530 I SELinux : SELinux: seapp_context_lookup: seinfo=untrusted, level=s0:c512,c768, pkgname=x.intervalapp.cpufactorialtest 
07-05 01:56:51.106  3960  5278 I ActivityManager:   Force finishing activity ActivityRecord{79cc31d u0 x.intervalapp.cpufactorialtest/.MainActivity t224}
07-05 01:56:51.106  3960  5278 W MultiScreenManagerService: moveTaskBackToDisplayIfNeeded(): root activity or app is null, task=TaskRecord{9786890d0 #224 A=x.intervalapp.cpufactorialtest U=0 StackId=1 sz=1}, rootActivity=ActivityRecord{79cc31d u0 x.intervalapp.cpufactorialtest/.MainActivity t224}
07-05 01:56:51.109 25530 25530 I zygote64: Late-enabling -Xcheck:jni
07-05 01:56:51.120  3446  3446 V Surface : sf_framedrop debug : 0x4f4c, game : false, logging : 0
07-05 01:56:51.130  3960  5278 D TaskSnapshotCache: putSnapshot mTaskId=224 RunningCache size=2
07-05 01:56:51.134  3960  5278 D CustomFrequencyManagerService: releaseDVFSLockLocked : Getting Lock type frm List : DVFS_MIN_LIMIT  frequency : 1560000  uid : 1000  pid : 3960  tag : AMS_ACT_RESUME@CPU_MIN@14
07-05 01:56:51.134  3960  5278 D CustomFrequencyManagerService: acquireDVFSLockLocked : type : DVFS_MIN_LIMIT  frequency : 1560000  uid : 1000  pid : 3960  pkgName : AMS_ACT_RESUME@CPU_MIN@14
07-05 01:56:51.135  3960  5278 D ActivityManagerPerformance: AMP_acquire() ACT_RESUME
07-05 01:56:51.136  3960  5278 D ActivityManager: isScaleDownAnimationEnabled() : false
07-05 01:56:51.137  3960  5278 D PersonaManagerService: Current focused persona service handled id set to : 0
07-05 01:56:51.137  3960  5278 D InputDispatcher: Focused application set to: xxxx
07-05 01:56:51.142  3960  5278 D MARsPolicyManager: onPackageResumedFG pkgName = com.example.batterymanager_utility, userId = 0
07-05 01:56:51.142  3960  4208 D GameManagerService: handleForegroundChange(). pkgName: com.example.batterymanager_utility, clsName: com.example.batterymanager_utility.MainActivity,FgActivityName:com.example.batterymanager_utility/.MainActivity
07-05 01:56:51.142  3960  4208 D GameManagerService: sem_perfomance_mode: 3
07-05 01:56:51.142  3960  4208 D GameManagerService: notifyResumePause(). pkg: com.example.batterymanager_utility, type: 4, isMinimized: false, isTunableApp: false
07-05 01:56:51.142  3960  4208 D GameManagerService:   notifyResumePause(). unexpected mPrevNotiType: -1
07-05 01:56:51.148  3960  3960 D SamsungAlarmManager: Remove alarm for next reason : android.intent.action.PACKAGE_RESTARTED : package: x.intervalapp.cpufactorialtest
07-05 01:56:51.150  3960  3975 W BroadcastQueue: Background execution not allowed: receiving Intent { act=android.intent.action.PACKAGE_RESTARTED dat=package:x.intervalapp.cpufactorialtest flg=0x10 (has extras) } to android/com.kddi.android.CpaNotiReceiver
07-05 01:56:51.151  3960  3975 W BroadcastQueue: Background execution not allowed: receiving Intent { act=android.intent.action.PACKAGE_RESTARTED dat=package:x.intervalapp.cpufactorialtest flg=0x10 (has extras) } to com.sec.android.daemonapp/com.samsung.android.weather.daemon.receiver.ClearDataReceiver
07-05 01:56:51.152  4606  4606 D CarrierSvcBindHelper: No carrier app for: 0
07-05 01:56:51.153  4606  4606 D CarrierSvcBindHelper: No carrier app for: 1
07-05 01:56:51.156  3960 12851 V WindowManager: Relayout Window{58a8ea9 u0 com.example.batterymanager_utility/com.example.batterymanager_utility.MainActivity}: viewVisibility=0 req=720x1280 WM.LayoutParams{(0,0)(fillxfill) sim=#120 ty=1 fl=#81810100 pfl=0x20000 wanim=0x10302fd vsysui=0x600 needsMenuKey=2 colorMode=0 naviIconColor=0}
07-05 01:56:51.156  3446  3446 I SurfaceFlinger: Display 0 HWC layers:
07-05 01:56:51.156  3446  3446 I SurfaceFlinger:     type    |    handle    | flag |  format   |   source crop (l,t,r,b)    |         frame       | name 
07-05 01:56:51.156  3446  3446 I SurfaceFlinger: ------------+--------------+------+-----------+----------------------------+---------------------+------
07-05 01:56:51.156  3446  3446 I SurfaceFlinger:      Client |              | 0000 |  Unknown  |  -0.2   -0.2   -0.8   -0.8 |    0    0  720 1280 | animation background stackId=1#0
07-05 01:56:51.156  3446  3446 I SurfaceFlinger:      Client | 0x719efde9c0 | 0002 | RGBA_8888 |   1.0    0.0  720.0 1280.0 |    0    0  719 1280 | Splash Screen x.intervalapp.cpufactorialtest#0
07-05 01:56:51.156  3446  3446 I SurfaceFlinger:      Device | 0x719efdfa40 | 0000 | RGBA_8888 |   0.0    0.0  720.0   42.0 |    0    0  720   42 | StatusBar#0
07-05 01:56:51.156  3446  3446 I SurfaceFlinger: 
07-05 01:56:51.156  3446  3446 I SurfaceFlinger: id=515 createSurf (720x1280),1 flag=404, com.example.batterymanager_utility/com.example.batterymanager_utility.MainActivity#0
07-05 01:56:51.158  3960 12851 V Surface : sf_framedrop debug : 0x4f4c, game : false, logging : 0
07-05 01:56:51.158  3960  3976 D WindowManager: set systemUiVisibility : systemUiFlags= 0x608 fullscreenStackSysUiFlags= 0x0
07-05 01:56:51.159 25530 25530 D TimaKeyStoreProvider: TimaKeyStore is not enabled: cannot add TimaSignature Service and generateKeyPair Service
07-05 01:56:51.159 25530 25530 D ActivityThread: Added TimaKeyStore provider
07-05 01:56:51.161  3960 12851 D InputDispatcher: Focus entered window: 25411
07-05 01:56:51.162  3960  5278 I ActivityManager: DSS on for x.intervalapp.cpufactorialtest and scale is 1.0
07-05 01:56:51.163 25411 25411 V Surface : sf_framedrop debug : 0x4f4c, game : false, logging : 0
07-05 01:56:51.164 25411 25411 D ViewRootImpl@f177ac1[MainActivity]: Relayout returned: old=[0,0][720,1280] new=[0,0][720,1280] result=0x7 surface={valid=true 505096687616} changed=true
07-05 01:56:51.172 25411 25430 D mali_winsys: EGLint new_window_surface(egl_winsys_display *, void *, EGLSurface, EGLConfig, egl_winsys_surface **, egl_color_buffer_format *, EGLBoolean) returns 0x3000,  [720x1280]-format:1
07-05 01:56:51.172 25411 25430 D OpenGLRenderer: eglCreateWindowSurface = 0x759a0b3cc0
07-05 01:56:51.177  3960  5278 D ActivityManager: post active user change for 0 fullscreen true isHomeActivity() false
07-05 01:56:51.178 25411 25411 D ViewRootImpl@f177ac1[MainActivity]: MSG_WINDOW_FOCUS_CHANGED 1
07-05 01:56:51.180  3960  5278 D InputMethodManagerService: startInputOrWindowGainedFocus : windowGainedFocus 
07-05 01:56:51.180  3960  5278 D InputMethodManagerService: windowGainedFocus: destinationUserId (getCallingUid) = 0
07-05 01:56:51.180  3960  5278 D InputMethodManagerService: windowGainedFocus: currentUserId=0
07-05 01:56:51.180  3960  5278 D InputMethodManagerService: windowGainedFocus: mCurrentFocusedUserId=0
07-05 01:56:51.181  3960  5278 D InputMethodManagerService: windowGainedFocus : lock - currentUserId = 0 destinationUserId = 0
07-05 01:56:51.181  3960  5278 D InputMethodManagerService: windowGainedFocus : mCurrentFocusedUserId - 0 and mSecureKeypadEnabled - false, userSwitched - false
07-05 01:56:51.181  3960  5278 W InputMethodManagerService: Window already focused, ignoring focus gain of: com.android.internal.view.IInputMethodClient$Stub$Proxy@203c854 attribute=null, token = android.os.BinderProxy@3381230
07-05 01:56:51.186 25530 25530 I zygote64: no shared libraies, dex_files: 1
07-05 01:56:51.188  3960 12851 V WindowManager: Relayout Window{58a8ea9 u0 com.example.batterymanager_utility/com.example.batterymanager_utility.MainActivity}: viewVisibility=0 req=720x1280 WM.LayoutParams{(0,0)(fillxfill) sim=#20 ty=1 fl=#81810100 pfl=0x20000 wanim=0x10302fd vsysui=0x600 needsMenuKey=2 colorMode=0 naviIconColor=0}
07-05 01:56:51.192 25411 25411 D ViewRootImpl@f177ac1[MainActivity]: Relayout returned: old=[0,0][720,1280] new=[0,0][720,1280] result=0x3 surface={valid=true 505096687616} changed=false
07-05 01:56:51.210  3960  5278 V WindowManager: finishDrawingLocked: mDrawState=COMMIT_DRAW_PENDING Window{58a8ea9 u0 com.example.batterymanager_utility/com.example.batterymanager_utility.MainActivity} in Surface(name=com.example.batterymanager_utility/com.example.batterymanager_utility.MainActivity)
07-05 01:56:51.213  4342 12854 D SystemServicesProxy: updateOverviewLastStackActiveTimeAsync: newTime=1688512646344
07-05 01:56:51.213  3960  8343 D SecContentProvider: query(), uri = 17 selection = isSettingsChangesAllowed
07-05 01:56:51.214  3960  8343 D SecContentProvider: called from android.uid.systemui:10009
07-05 01:56:51.214  4342  4671 D SystemServicesProxy: updateOverviewLastStackActiveTimeAsync: done.
07-05 01:56:51.221  3446  3446 I SurfaceFlinger: id=516 createSurf (720x1280),-1 flag=20004, com.example.batterymanager_utility/com.example.batterymanager_utility.MainActivity_dim#0
07-05 01:56:51.233  3960  8343 D PackageManager: getComponentMetadataForIconTray : x.intervalapp.cpufactorialtest.MainActivity does not exist in mServices
07-05 01:56:51.233  3960  8343 D PackageManager: getComponentMetadataForIconTray : x.intervalapp.cpufactorialtest.MainActivity does not exist in mProviders
07-05 01:56:51.233  3960  8343 D PackageManager: getComponentMetadataForIconTray : x.intervalapp.cpufactorialtest.MainActivity does not exist in mReceivers
07-05 01:56:51.233  4342 12854 D ApplicationPackageManager: updateItemMetaDataForFixedIconScale: package: x.intervalapp.cpufactorialtest
07-05 01:56:51.233  3960  8343 D PackageManager: getSelectedMetaData : packageName(x.intervalapp.cpufactorialtest) or Metadata strings {[Ljava.lang.String;@1bcf2f9}
07-05 01:56:51.234  4342 12854 I ApplicationPackageManager: return adaptive icon for x.intervalapp.cpufactorialtest
07-05 01:56:51.238  3446  3446 I SurfaceFlinger: Display 0 HWC layers:
07-05 01:56:51.238  3446  3446 I SurfaceFlinger:     type    |    handle    | flag |  format   |   source crop (l,t,r,b)    |         frame       | name 
07-05 01:56:51.238  3446  3446 I SurfaceFlinger: ------------+--------------+------+-----------+----------------------------+---------------------+------
07-05 01:56:51.238  3446  3446 I SurfaceFlinger:      Client | 0x719efde9c0 | 0002 | RGBA_8888 |  10.0    0.0  720.0 1280.0 |    0    0  710 1280 | Splash Screen x.intervalapp.cpufactorialtest#0
07-05 01:56:51.238  3446  3446 I SurfaceFlinger:      Client | 0x71a4024b40 | 0002 | RGBA_8888 |   0.0    0.0   31.0 1280.0 |  689    0  720 1280 | com.example.batterymanager_utility/c[...]atterymanager_utility.MainActivity#0
07-05 01:56:51.238  3446  3446 I SurfaceFlinger:      Device | 0x719efdfa40 | 0000 | RGBA_8888 |   0.0    0.0  720.0   42.0 |    0    0  720   42 | StatusBar#0
07-05 01:56:51.238  3446  3446 I SurfaceFlinger: 
07-05 01:56:51.535  3960  4027 I WindowManager: Destroying surface Surface(name=Splash Screen x.intervalapp.cpufactorialtest) called by com.android.server.wm.WindowStateAnimator.destroySurface:2501 com.android.server.wm.WindowStateAnimator.destroySurfaceLocked:985 com.android.server.wm.WindowState.destroyOrSaveSurfaceUnchecked:3670 com.android.server.wm.WindowState.destroySurface:3618 com.android.server.wm.AppWindowToken.destroySurfaces:722 com.android.server.wm.AppWindowToken.destroySurfaces:706 com.android.server.wm.WindowState.onExitAnimationDone:5316 com.android.server.wm.AppWindowAnimator.stepAnimationLocked:508 
07-05 01:56:51.536  3446  3779 I SurfaceFlinger: id=513 Removed Splash Screen x.intervalapp.cpufactorialtest#0 (3/6)
07-05 01:56:51.543  3960  4027 D ViewRootImpl@f1148ea[cpufactorialtest]: dispatchDetachedFromWindow
07-05 01:56:51.543  3446  3484 I SurfaceFlinger: id=513 Removed Splash Screen x.intervalapp.cpufactorialtest#0 (-2/6)
07-05 01:56:51.544  3960  4027 D InputEventReceiver: channel 'd8f87db Splash Screen x.intervalapp.cpufactorialtest (client)' ~ Disposing input event receiver.
07-05 01:56:51.544  3960  4027 D InputEventReceiver: channel 'd8f87db Splash Screen x.intervalapp.cpufactorialtest (client)' ~NativeInputEventReceiver.
07-05 01:56:51.544  3960  4027 W WindowManager: Failed looking up window callers=com.android.server.wm.WindowManagerService.windowForClientLocked:6614 com.android.server.wm.WindowManagerService.removeWindow:2015 com.android.server.wm.Session.remove:237 
07-05 01:56:51.551  3446  3446 I Layer   : id=513 onRemoved Splash Screen x.intervalapp.cpufactorialtest#0 
07-05 01:56:51.555  3446  3446 I SurfaceFlinger: Display 0 HWC layers:
07-05 01:56:51.555  3446  3446 I SurfaceFlinger:     type    |    handle    | flag |  format   |   source crop (l,t,r,b)    |         frame       | name 
07-05 01:56:51.555  3446  3446 I SurfaceFlinger: ------------+--------------+------+-----------+----------------------------+---------------------+------
07-05 01:56:51.555  3446  3446 I SurfaceFlinger:      Client |              | 0000 |  Unknown  |   0.0    0.0   -1.0   -1.0 |    0    0  720 1280 | com.example.batterymanager_utility/c[...]rymanager_utility.MainActivity_dim#0
07-05 01:56:51.555  3446  3446 I SurfaceFlinger:      Client |              | 0000 |  Unknown  |  -0.2   -0.2   -0.8   -0.8 |    0    0  720 1280 | animation background stackId=1#0
07-05 01:56:51.555  3446  3446 I SurfaceFlinger:      Client | 0x71a4024b40 | 0002 | RGBA_8888 |   0.0    0.0  716.0 1280.0 |    4    0  720 1280 | com.example.batterymanager_utility/c[...]atterymanager_utility.MainActivity#0
07-05 01:56:51.555  3446  3446 I SurfaceFlinger:      Device | 0x719efdfa40 | 0000 | RGBA_8888 |   0.0    0.0  720.0   42.0 |    0    0  720   42 | StatusBar#0
07-05 01:56:51.555  3446  3446 I SurfaceFlinger: 
07-05 01:56:51.605  3446  3446 I SurfaceFlinger: Display 0 HWC layers:
07-05 01:56:51.605  3446  3446 I SurfaceFlinger:     type    |    handle    | flag |  format   |   source crop (l,t,r,b)    |         frame       | name 
07-05 01:56:51.605  3446  3446 I SurfaceFlinger: ------------+--------------+------+-----------+----------------------------+---------------------+------
07-05 01:56:51.605  3446  3446 I SurfaceFlinger:      Device | 0x71a4024b40 | 0002 | RGBA_8888 |   0.0    0.0  720.0 1280.0 |    0    0  720 1280 | com.example.batterymanager_utility/c[...]atterymanager_utility.MainActivity#0
07-05 01:56:51.605  3446  3446 I SurfaceFlinger:      Device | 0x719efdfa40 | 0000 | RGBA_8888 |   0.0    0.0  720.0   42.0 |    0    0  720   42 | StatusBar#0
07-05 01:56:51.605  3446  3446 I SurfaceFlinger: 
07-05 01:56:51.618  3960  4027 I WindowManager: Destroying surface Surface(name=com.example.batterymanager_utility/com.example.batterymanager_utility.MainActivity_dim) called by com.android.server.wm.WindowStateAnimator.destroyTransitionDimSurface:2733 com.android.server.wm.WindowState.onExitAnimationDone:5243 com.android.server.wm.AppWindowAnimator.stepAnimationLocked:508 com.android.server.wm.AppWindowToken.stepAppWindowsAnimation:1659 com.android.server.wm.WindowContainer.stepAppWindowsAnimation:521 com.android.server.wm.WindowContainer.stepAppWindowsAnimation:521 com.android.server.wm.TaskStack.stepAppWindowsAnimation:1948 com.android.server.wm.WindowContainer.stepAppWindowsAnimation:521 
07-05 01:56:51.619  3446  5385 I SurfaceFlinger: id=516 Removed com.example.batterymanager_utility/com.example.batterymanager_utility.MainActivity_dim#0 (1/5)
07-05 01:56:51.620  3446  5385 I SurfaceFlinger: id=516 Removed com.example.batterymanager_utility/com.example.batterymanager_utility.MainActivity_dim#0 (-2/5)
07-05 01:56:51.620  3960  3984 D CustomFrequencyManagerService: releaseDVFSLockLocked : Getting Lock type frm List : DVFS_MIN_LIMIT  frequency : 1560000  uid : 1000  pid : 3960  tag : AMS_ACT_RESUME@CPU_MIN@14
07-05 01:56:51.621  3960  3984 D ActivityManagerPerformance: AMP_release() ACT_RESUME
07-05 01:56:51.635  3446  3446 I Layer   : id=516 onRemoved com.example.batterymanager_utility/com.example.batterymanager_utility.MainActivity_dim#0 
07-05 01:56:51.645  3960  3975 D TaskSnapshotCache: removeRunningEntry taskId=224 RunningCache size=1
07-05 01:56:51.700  3435  3435 I android.hardware.wifi@1.0-service: getLinkLayerStats
07-05 01:56:53.110  3960  3960 D PreBindingService: handleMessage : 1
07-05 01:56:54.306 20308 20308 E adbd    : recv: OPEN 000007ab 00000000 003a:73 68 65 6C 6C 2C 76 32 2C 54 45 52 4D 3D 73 63 72 65 65 6E 2C 72 61 77 3A 67 65 74 70 72 6F 70 20 72 6F 2E 62 75 69 6C 64 2E 76 65 72 73 69 6F 6E 2E 72 65 6C 65 61 73 65 00 
07-05 01:56:54.307 20308 20308 E adbd    : service_to_fd: shell,v2,TERM=screen,raw:getprop ro.build.version.release
07-05 01:56:54.422 20308 20308 E adbd    : recv: OPEN 000007ae 00000000 0036:73 68 65 6C 6C 2C 76 32 2C 54 45 52 4D 3D 73 63 72 65 65 6E 2C 72 61 77 3A 67 65 74 70 72 6F 70 20 72 6F 2E 62 75 69 6C 64 2E 76 65 72 73 69 6F 6E 2E 73 64 6B 00 
07-05 01:56:54.422 20308 20308 E adbd    : service_to_fd: shell,v2,TERM=screen,raw:getprop ro.build.version.sdk
07-05 01:56:54.562 20308 20308 E adbd    : recv: OPEN 000007b1 00000000 004a:73 68 65 6C 6C 2C 76 32 2C 54 45 52 4D 3D 73 63 72 65 65 6E 2C 72 61 77 3A 61 6D 20 66 6F 72 63 65 2D 73 74 6F 70 20 63 6F 6D 2E 65 78 61 6D 70 6C 65 2E 62 61 74 74 65 72 79 6D 61 6E 61 67 65 72 5F 75 74 69 6C 69 74 79 00 
07-05 01:56:54.563 20308 20308 E adbd    : service_to_fd: shell,v2,TERM=screen,raw:am force-stop com.example.batterymanager_utility
07-05 01:56:54.651  3960  8343 I ActivityManager: Force stopping com.example.batterymanager_utility appid=10168 user=0: from pid 25552
07-05 01:56:54.652  3960  8343 I ActivityManager: Killing 25411:com.example.batterymanager_utility/u0a168 (adj 0): stop com.example.batterymanager_utility,from pid 25552
07-05 01:56:54.653  3960  8343 W ActivityManager: Force removing ActivityRecord{8035fe7 u0 com.example.batterymanager_utility/.MainActivity t223}: app died, no saved state
07-05 01:56:54.660  3960  8343 D InputDispatcher: Focus left window: 25411
07-05 01:56:54.661  3960  8343 I WindowManager: Failed to capture screenshot of Token{4526794 ActivityRecord{8035fe7 u0 com.example.batterymanager_utility/.MainActivity t223 f}} appWin=Window{58a8ea9 u0 com.example.batterymanager_utility/com.example.batterymanager_utility.MainActivity} drawState=4
07-05 01:56:54.662  3960  8343 D TaskSnapshotCache: removeRunningEntry taskId=223 RunningCache size=0
07-05 01:56:54.662  3960  8343 I WindowManager: Destroying surface Surface(name=com.example.batterymanager_utility/com.example.batterymanager_utility.MainActivity) called by com.android.server.wm.WindowStateAnimator.destroySurface:2501 com.android.server.wm.WindowStateAnimator.destroySurfaceLocked:985 com.android.server.wm.WindowState.removeImmediately:2403 com.android.server.wm.WindowState.removeIfPossible:2602 com.android.server.wm.WindowState.removeIfPossible:2432 com.android.server.wm.WindowToken.removeAllWindowsIfPossible:143 com.android.server.wm.AppWindowToken.removeIfPossible:606 com.android.server.wm.AppWindowToken.onRemovedFromDisplay:674 
07-05 01:56:54.663  3446  3484 I SurfaceFlinger: id=515 Removed com.example.batterymanager_utility/com.example.batterymanager_utility.MainActivity#0 (1/4)
07-05 01:56:54.663  3446  3484 I SurfaceFlinger: id=515 Removed com.example.batterymanager_utility/com.example.batterymanager_utility.MainActivity#0 (-2/4)
07-05 01:56:54.668  3960  8343 D InputDispatcher: Focused application released
07-05 01:56:54.668  3960  8343 W MultiScreenManagerService: moveTaskBackToDisplayIfNeeded(): root activity or app is null, task=TaskRecord{7809589d0 #223 A=com.example.batterymanager_utility U=0 StackId=1 sz=0}, rootActivity=null
07-05 01:56:54.669  3960  3960 D MdnieScenarioControlService: Listener Real Multi Window State : true
07-05 01:56:54.671  3446  3446 I Layer   : id=515 onRemoved com.example.batterymanager_utility/com.example.batterymanager_utility.MainActivity#0 
07-05 01:56:54.675  3446  3446 I SurfaceFlinger: Display 0 HWC layers:
07-05 01:56:54.675  3446  3446 I SurfaceFlinger:     type    |    handle    | flag |  format   |   source crop (l,t,r,b)    |         frame       | name 
07-05 01:56:54.675  3446  3446 I SurfaceFlinger: ------------+--------------+------+-----------+----------------------------+---------------------+------
07-05 01:56:54.675  3446  3446 I SurfaceFlinger:      Device | 0x719efdfa40 | 0000 | RGBA_8888 |   0.0    0.0  720.0   42.0 |    0    0  720   42 | StatusBar#0
07-05 01:56:54.675  3446  3446 I SurfaceFlinger: 
07-05 01:56:54.680  3446  3484 I SurfaceFlinger: id=514 Removed animation background stackId=1#0 (1/3)
07-05 01:56:54.680  3446  3484 I SurfaceFlinger: id=514 Removed animation background stackId=1#0 (-2/3)
07-05 01:56:54.684  3960  8343 D CustomFrequencyManagerService: acquireDVFSLockLocked : type : DVFS_MIN_LIMIT  frequency : 1560000  uid : 1000  pid : 3960  pkgName : AMS_APP_HOME@CPU_MIN@8
07-05 01:56:54.686  3960  8343 D ActivityManagerPerformance: AMP_acquire() HOME
07-05 01:56:54.687  3960  8343 D PersonaManagerService: Current focused persona service handled id set to : 0
07-05 01:56:54.687  3446  3446 I Layer   : id=514 onRemoved animation background stackId=1#0 
07-05 01:56:54.687  3960  8343 D InputDispatcher: Focused application set to: xxxx
07-05 01:56:54.690  3960  8343 V WindowManager: rotationForOrientationLw(orient=5, last=0); user=0  sensorRotation=-1 mLidState=-1 mDockMode=0 mHdmiPlugged=false
07-05 01:56:54.692  3960  8343 D MARsPolicyManager: onPackageResumedFG pkgName = com.sec.android.app.launcher, userId = 0
07-05 01:56:54.692  3960  4208 D GameManagerService: handleForegroundChange(). pkgName: com.sec.android.app.launcher, clsName: com.android.launcher3.Launcher,FgActivityName:com.sec.android.app.launcher/com.android.launcher3.Launcher
07-05 01:56:54.692  3960  4208 D GameManagerService: sem_perfomance_mode: 3
07-05 01:56:54.692  3960  4208 D GameManagerService: notifyResumePause(). pkg: com.sec.android.app.launcher, type: 4, isMinimized: false, isTunableApp: false
07-05 01:56:54.692  3960  4208 D GameManagerService:   notifyResumePause(). unexpected mPrevNotiType: -1
07-05 01:56:54.698  3960  3960 D SamsungAlarmManager: Remove alarm for next reason : android.intent.action.PACKAGE_RESTARTED : package: com.example.batterymanager_utility
