07-05 17:22:25.434 18884 18981 I BatteryMgr:DataCollectionService: stats => 1688570545434,-166,4064
07-05 17:22:25.450 18884 18981 I BatteryMgr:DataCollectionService: stats => 1688570545450,-166,4064
07-05 17:22:25.466 18884 18981 I BatteryMgr:DataCollectionService: stats => 1688570545466,-166,4064
07-05 17:22:25.482 18884 18981 I BatteryMgr:DataCollectionService: stats => 1688570545482,-166,4064
07-05 17:22:25.499 18884 18981 I BatteryMgr:DataCollectionService: stats => 1688570545499,-166,4064
07-05 17:22:25.515 18884 18981 I BatteryMgr:DataCollectionService: stats => 1688570545515,-166,4064
07-05 17:22:25.531 18884 18981 I BatteryMgr:DataCollectionService: stats => 1688570545531,-166,4064
07-05 17:22:25.548 18103 18103 E adbd    : recv: OPEN 0000fd38 00000000 003a:73 68 65 6C 6C 2C 76 32 2C 54 45 52 4D 3D 73 63 72 65 65 6E 2C 72 61 77 3A 67 65 74 70 72 6F 70 20 72 6F 2E 62 75 69 6C 64 2E 76 65 72 73 69 6F 6E 2E 72 65 6C 65 61 73 65 00 
07-05 17:22:25.548 18884 18981 I BatteryMgr:DataCollectionService: stats => 1688570545548,-166,4064
07-05 17:22:25.549 18103 18103 E adbd    : service_to_fd: shell,v2,TERM=screen,raw:getprop ro.build.version.release
07-05 17:22:25.565 18884 18981 I BatteryMgr:DataCollectionService: stats => 1688570545565,-166,4064
07-05 17:22:25.581 18884 18981 I BatteryMgr:DataCollectionService: stats => 1688570545581,-166,4064
07-05 17:22:25.595 18884 18981 I BatteryMgr:DataCollectionService: stats => 1688570545595,-166,4064
07-05 17:22:25.608 18884 18981 I BatteryMgr:DataCollectionService: stats => 1688570545608,-166,4064
07-05 17:22:25.621 18884 18981 I BatteryMgr:DataCollectionService: stats => 1688570545621,-166,4064
07-05 17:22:25.634 18884 18981 I BatteryMgr:DataCollectionService: stats => 1688570545634,-166,4064
07-05 17:22:25.647 18884 18981 I BatteryMgr:DataCollectionService: stats => 1688570545647,-166,4064
07-05 17:22:25.664 18884 18981 I BatteryMgr:DataCollectionService: stats => 1688570545663,-166,4064
07-05 17:22:25.668 18103 18103 E adbd    : recv: OPEN 0000fd3b 00000000 0036:73 68 65 6C 6C 2C 76 32 2C 54 45 52 4D 3D 73 63 72 65 65 6E 2C 72 61 77 3A 67 65 74 70 72 6F 70 20 72 6F 2E 62 75 69 6C 64 2E 76 65 72 73 69 6F 6E 2E 73 64 6B 00 
07-05 17:22:25.668 18103 18103 E adbd    : service_to_fd: shell,v2,TERM=screen,raw:getprop ro.build.version.sdk
07-05 17:22:25.680 18884 18981 I BatteryMgr:DataCollectionService: stats => 1688570545680,-166,4064
07-05 17:22:25.697 18884 18981 I BatteryMgr:DataCollectionService: stats => 1688570545697,-166,4064
07-05 17:22:25.711 18884 18981 I BatteryMgr:DataCollectionService: stats => 1688570545711,-166,4064
07-05 17:22:25.725 18884 18981 I BatteryMgr:DataCollectionService: stats => 1688570545725,-166,4064
07-05 17:22:25.738 18884 18981 I BatteryMgr:DataCollectionService: stats => 1688570545738,-166,4064
07-05 17:22:25.751 18884 18981 I BatteryMgr:DataCollectionService: stats => 1688570545751,-166,4064
07-05 17:22:25.764 18884 18981 I BatteryMgr:DataCollectionService: stats => 1688570545764,-166,4064
07-05 17:22:25.767 18103 18103 E adbd    : recv: OPEN 0000fd3e 00000000 0084:73 68 65 6C 6C 2C 76 32 2C 54 45 52 4D 3D 73 63 72 65 65 6E 2C 72 61 77 3A 61 6D 20 73 74 6F 70 73 65 72 76 69 63 65 20 63 6F 6D 2E 65 78 61 6D 70 6C 65 2E 62 61 74 74 65 72 79 6D 61 6E 61 67 65 72 5F 75 74 69 6C 69 74 79 2F 63 6F 6D 2E 65 78 61 6D 70 6C 65 2E 62 61 74 74 65 72 79 6D 61 6E 61 67 65 72 5F 75 74 69 6C 69 74 79 2E 44 61 74 61 43 6F 6C 6C 65 63 74 69 6F 6E 53 65 72 76 69 63 65 00 
07-05 17:22:25.768 18103 18103 E adbd    : service_to_fd: shell,v2,TERM=screen,raw:am stopservice com.example.batterymanager_utility/com.example.batterymanager_utility.DataCollectionService
07-05 17:22:25.778 18884 18981 I BatteryMgr:DataCollectionService: stats => 1688570545778,-166,4064
07-05 17:22:25.792 18884 18981 I BatteryMgr:DataCollectionService: stats => 1688570545792,-166,4064
07-05 17:22:25.806 18884 18981 I BatteryMgr:DataCollectionService: stats => 1688570545806,-166,4064
07-05 17:22:25.819 18884 18981 I BatteryMgr:DataCollectionService: stats => 1688570545819,-166,4064
07-05 17:22:25.832 18884 18981 I BatteryMgr:DataCollectionService: stats => 1688570545832,-166,4064
07-05 17:22:25.845 18884 18981 I BatteryMgr:DataCollectionService: stats => 1688570545845,-166,4064
07-05 17:22:25.852  3962  3977 D ApplicationPolicy: isStatusBarNotificationAllowedAsUser: packageName = android,userId = 0
07-05 17:22:25.853  3962  3977 D API test: getContainerInfo: value is 
07-05 17:22:25.853  3962  3977 D ApplicationPolicy: isStatusBarNotificationAllowedAsUser: packageName = android,userId = 0
07-05 17:22:25.853  3962  3977 D API test: getContainerInfo: value is 
07-05 17:22:25.855  3962  3962 D AudioService: getStreamVolume 5 index 110
07-05 17:22:25.857  3962  4444 D Notification: allPendingIntents
07-05 17:22:25.858  3962  4444 D Notification: allPendingIntents
07-05 17:22:25.871  4350  4350 D KeyguardUpdateMonitor: handleStatusBarState( false )
07-05 17:22:25.891  4350  4350 D KeyguardUpdateMonitor: handleStatusBarState( false )
07-05 17:22:25.895 18103 18103 E adbd    : recv: OPEN 0000fd41 00000000 006e:73 68 65 6C 6C 2C 76 32 2C 54 45 52 4D 3D 73 63 72 65 65 6E 2C 72 61 77 3A 64 75 6D 70 73 79 73 20 61 63 74 69 76 69 74 79 20 72 65 63 65 6E 74 73 20 7C 20 67 72 65 70 20 22 52 65 63 65 6E 74 20 23 30 22 20 7C 20 63 75 74 20 2D 64 20 22 3D 22 20 2D 66 32 20 7C 20 67 72 65 70 20 2D 6F 20 2D 70 20 22 5B 61 2D 7A 7C 2E 5D 2A 22 00 
07-05 17:22:25.895 18103 18103 E adbd    : service_to_fd: shell,v2,TERM=screen,raw:dumpsys activity recents | grep "Recent #0" | cut -d "=" -f2 | grep -o -p "[a-z|.]*"
07-05 17:22:25.905  4350  4350 D KeyguardUpdateMonitor: handleStatusBarState( false )
07-05 17:22:25.991 18103 18103 E adbd    : recv: OPEN 0000fd44 00000000 003a:73 68 65 6C 6C 2C 76 32 2C 54 45 52 4D 3D 73 63 72 65 65 6E 2C 72 61 77 3A 67 65 74 70 72 6F 70 20 72 6F 2E 62 75 69 6C 64 2E 76 65 72 73 69 6F 6E 2E 72 65 6C 65 61 73 65 00 
07-05 17:22:25.991 18103 18103 E adbd    : service_to_fd: shell,v2,TERM=screen,raw:getprop ro.build.version.release
07-05 17:22:26.068 18103 18103 E adbd    : recv: OPEN 0000fd47 00000000 0036:73 68 65 6C 6C 2C 76 32 2C 54 45 52 4D 3D 73 63 72 65 65 6E 2C 72 61 77 3A 67 65 74 70 72 6F 70 20 72 6F 2E 62 75 69 6C 64 2E 76 65 72 73 69 6F 6E 2E 73 64 6B 00 
07-05 17:22:26.068 18103 18103 E adbd    : service_to_fd: shell,v2,TERM=screen,raw:getprop ro.build.version.sdk
07-05 17:22:26.140  3962  4039 D SensorService: [SO] 0.053 -0.163 9.960
07-05 17:22:26.166 18103 18103 E adbd    : recv: OPEN 0000fd4a 00000000 003e:73 68 65 6C 6C 2C 76 32 2C 54 45 52 4D 3D 73 63 72 65 65 6E 2C 72 61 77 3A 61 6D 20 66 6F 72 63 65 2D 73 74 6F 70 20 65 2E 77 77 77 2E 63 70 75 66 61 63 74 6F 72 69 61 6C 74 65 73 74 00 
07-05 17:22:26.166 18103 18103 E adbd    : service_to_fd: shell,v2,TERM=screen,raw:am force-stop e.www.cpufactorialtest
07-05 17:22:26.211  3962  6674 D SSRM:k  : SIOP:: AP = 250, PST = 252 (W:30), BAT = 235, USB = 0, CHG = 0
07-05 17:22:26.251  3962 17919 I ActivityManager: Force stopping e.www.cpufactorialtest appid=10164 user=0: from pid 19022
07-05 17:22:26.252  3962 17919 I ActivityManager: Killing 18927:e.www.cpufactorialtest/u0a164 (adj 0): stop e.www.cpufactorialtest,from pid 19022
07-05 17:22:26.253  3962 17919 W ActivityManager: Force removing ActivityRecord{88f5e65 u0 e.www.cpufactorialtest/.MainActivity t186}: app died, no saved state
07-05 17:22:26.261  3962 17919 D InputDispatcher: Focus left window: 18927
07-05 17:22:26.262  3962 17919 I WindowManager: Failed to capture screenshot of Token{aec273a ActivityRecord{88f5e65 u0 e.www.cpufactorialtest/.MainActivity t186 f}} appWin=Window{30dc824 u0 e.www.cpufactorialtest/e.www.cpufactorialtest.MainActivity} drawState=4
07-05 17:22:26.264  3962 17919 I WindowManager: Destroying surface Surface(name=e.www.cpufactorialtest/e.www.cpufactorialtest.MainActivity) called by com.android.server.wm.WindowStateAnimator.destroySurface:2501 com.android.server.wm.WindowStateAnimator.destroySurfaceLocked:985 com.android.server.wm.WindowState.removeImmediately:2403 com.android.server.wm.WindowState.removeIfPossible:2602 com.android.server.wm.WindowState.removeIfPossible:2432 com.android.server.wm.WindowToken.removeAllWindowsIfPossible:143 com.android.server.wm.AppWindowToken.removeIfPossible:606 com.android.server.wm.AppWindowToken.onRemovedFromDisplay:674 
07-05 17:22:26.264  3448  3492 I SurfaceFlinger: id=253 Removed e.www.cpufactorialtest/e.www.cpufactorialtest.MainActivity#0 (2/4)
07-05 17:22:26.265  3448  3492 I SurfaceFlinger: id=253 Removed e.www.cpufactorialtest/e.www.cpufactorialtest.MainActivity#0 (-2/4)
07-05 17:22:26.269  3448  3448 I Layer   : id=253 onRemoved e.www.cpufactorialtest/e.www.cpufactorialtest.MainActivity#0 
07-05 17:22:26.270  3962 17919 D InputDispatcher: Focused application released
07-05 17:22:26.275  3448  3448 I SurfaceFlinger: Display 0 HWC layers:
07-05 17:22:26.275  3448  3448 I SurfaceFlinger:     type    |    handle    | flag |  format   |   source crop (l,t,r,b)    |         frame       | name 
07-05 17:22:26.275  3448  3448 I SurfaceFlinger: ------------+--------------+------+-----------+----------------------------+---------------------+------
07-05 17:22:26.275  3448  3448 I SurfaceFlinger:      Device | 0x7f347a5e00 | 0000 | RGBA_8888 |   0.0    0.0  720.0   42.0 |    0    0  720   42 | StatusBar#0
07-05 17:22:26.275  3448  3448 I SurfaceFlinger: 
07-05 17:22:26.278  3962 17919 D CustomFrequencyManagerService: acquireDVFSLockLocked : type : DVFS_MIN_LIMIT  frequency : 1560000  uid : 1000  pid : 3962  pkgName : AMS_ACT_RESUME@CPU_MIN@75
07-05 17:22:26.286  3962 17919 D ActivityManagerPerformance: AMP_acquire() ACT_RESUME
07-05 17:22:26.286  3962 17919 D ActivityManager: isScaleDownAnimationEnabled() : false
07-05 17:22:26.287  3962 17919 D PersonaManagerService: Current focused persona service handled id set to : 0
07-05 17:22:26.287  3962 17919 D InputDispatcher: Focused application set to: xxxx
07-05 17:22:26.291  3962 17919 D MARsPolicyManager: onPackageResumedFG pkgName = com.example.batterymanager_utility, userId = 0
07-05 17:22:26.291  3962  4218 D GameManagerService: handleForegroundChange(). pkgName: com.example.batterymanager_utility, clsName: com.example.batterymanager_utility.MainActivity,FgActivityName:com.example.batterymanager_utility/.MainActivity
07-05 17:22:26.291  3962  4218 D GameManagerService: sem_perfomance_mode: 3
07-05 17:22:26.291  3962  4218 D GameManagerService: notifyResumePause(). pkg: com.example.batterymanager_utility, type: 4, isMinimized: false, isTunableApp: false
07-05 17:22:26.291  3962  4218 D GameManagerService:   notifyResumePause(). unexpected mPrevNotiType: -1
07-05 17:22:26.300  3962  3962 D SamsungAlarmManager: Remove alarm for next reason : android.intent.action.PACKAGE_RESTARTED : package: e.www.cpufactorialtest
07-05 17:22:26.304  3962 17919 V WindowManager: Relayout Window{8e4f218 u0 com.example.batterymanager_utility/com.example.batterymanager_utility.MainActivity}: viewVisibility=4 req=720x1280 WM.LayoutParams{(0,0)(fillxfill) sim=#120 ty=1 fl=#81810100 pfl=0x20000 wanim=0x10302fd vsysui=0x600 needsMenuKey=2 colorMode=0 naviIconColor=0}
07-05 17:22:26.305  3962  3977 W BroadcastQueue: Background execution not allowed: receiving Intent { act=android.intent.action.PACKAGE_RESTARTED dat=package:e.www.cpufactorialtest flg=0x10 (has extras) } to android/com.kddi.android.CpaNotiReceiver
07-05 17:22:26.305  3962  3977 W BroadcastQueue: Background execution not allowed: receiving Intent { act=android.intent.action.PACKAGE_RESTARTED dat=package:e.www.cpufactorialtest flg=0x10 (has extras) } to com.sec.android.daemonapp/com.samsung.android.weather.daemon.receiver.ClearDataReceiver
07-05 17:22:26.306  4629  4629 D CarrierSvcBindHelper: No carrier app for: 0
07-05 17:22:26.307  4629  4629 D CarrierSvcBindHelper: No carrier app for: 1
07-05 17:22:26.310 18884 18884 D ViewRootImpl@d0b2c87[MainActivity]: Relayout returned: old=[0,0][720,1280] new=[0,0][720,1280] result=0x1 surface={valid=false 0} changed=false
07-05 17:22:26.310  3962  6674 D GamePkgDataHelper: getGamePkgDataIncServer(). com.example.batterymanager_utility
07-05 17:22:26.311  3962  6674 D GameManagerService: identifyGamePackage. com.example.batterymanager_utility
07-05 17:22:26.311  3962  6674 D GamePkgDataHelper: getGamePkgData(). com.example.batterymanager_utility
07-05 17:22:26.311  3962  6674 D GamePkgDataHelper: getSosPolicy(). com.example.batterymanager_utility
07-05 17:22:26.312  3962  6674 D GameManagerService: identifyGamePackage. com.example.batterymanager_utility
07-05 17:22:26.312  3962  6674 D GamePkgDataHelper: getGamePkgData(). com.example.batterymanager_utility
07-05 17:22:26.313  3962  6674 D GameManagerService: identifyGamePackage. com.example.batterymanager_utility
07-05 17:22:26.313  3962  6674 D GamePkgDataHelper: getGamePkgData(). com.example.batterymanager_utility
07-05 17:22:26.315  3962  6674 D GameManagerService: identifyGamePackage. com.example.batterymanager_utility
07-05 17:22:26.315  3962  6674 D GamePkgDataHelper: getGamePkgData(). com.example.batterymanager_utility
07-05 17:22:26.316  3962 17919 D ActivityManager: post active user change for 0 fullscreen true isHomeActivity() false
07-05 17:22:26.321  3962 17919 V WindowManager: Relayout Window{8e4f218 u0 com.example.batterymanager_utility/com.example.batterymanager_utility.MainActivity}: viewVisibility=0 req=720x1280 WM.LayoutParams{(0,0)(fillxfill) sim=#120 ty=1 fl=#81810100 pfl=0x20000 wanim=0x10302fd vsysui=0x600 needsMenuKey=2 colorMode=0 naviIconColor=0}
07-05 17:22:26.322  3448  3448 I SurfaceFlinger: id=254 createSurf (720x1280),1 flag=404, com.example.batterymanager_utility/com.example.batterymanager_utility.MainActivity#0
07-05 17:22:26.322  3962 17919 V Surface : sf_framedrop debug : 0x4f4c, game : false, logging : 0
07-05 17:22:26.323  3962  3978 D WindowManager: set systemUiVisibility : systemUiFlags= 0x608 fullscreenStackSysUiFlags= 0x0
07-05 17:22:26.325  3962 17919 D InputDispatcher: Focus entered window: 18884
07-05 17:22:26.326 18884 18884 V Surface : sf_framedrop debug : 0x4f4c, game : false, logging : 0
07-05 17:22:26.327 18884 18884 D ViewRootImpl@d0b2c87[MainActivity]: Relayout returned: old=[0,0][720,1280] new=[0,0][720,1280] result=0x7 surface={valid=true 531076251648} changed=true
07-05 17:22:26.333 18884 18902 D mali_winsys: EGLint new_window_surface(egl_winsys_display *, void *, EGLSurface, EGLConfig, egl_winsys_surface **, egl_color_buffer_format *, EGLBoolean) returns 0x3000,  [720x1280]-format:1
07-05 17:22:26.333 18884 18902 D OpenGLRenderer: eglCreateWindowSurface = 0x7b9add7380
07-05 17:22:26.335 18884 18884 D ViewRootImpl@d0b2c87[MainActivity]: MSG_WINDOW_FOCUS_CHANGED 1
07-05 17:22:26.337 18884 18884 V InputMethodManager: Starting input: tba=android.view.inputmethod.EditorInfo@b8d824 nm : com.example.batterymanager_utility ic=null
07-05 17:22:26.337 18884 18884 I InputMethodManager: startInputInner - mService.startInputOrWindowGainedFocus
07-05 17:22:26.338  3962 17919 D InputMethodManagerService: startInputOrWindowGainedFocus : windowGainedFocus 
07-05 17:22:26.338  3962 17919 D InputMethodManagerService: windowGainedFocus: destinationUserId (getCallingUid) = 0
07-05 17:22:26.338  3962 17919 D InputMethodManagerService: windowGainedFocus: currentUserId=0
07-05 17:22:26.338  3962 17919 D InputMethodManagerService: windowGainedFocus: mCurrentFocusedUserId=0
07-05 17:22:26.338  3962 17919 D InputMethodManagerService: windowGainedFocus : lock - currentUserId = 0 destinationUserId = 0
07-05 17:22:26.338  3962 17919 D InputMethodManagerService: windowGainedFocus : mCurrentFocusedUserId - 0 and mSecureKeypadEnabled - false, userSwitched - false
07-05 17:22:26.338  3962 17919 V InputMethodManagerService: windowGainedFocus : reason=WINDOW_FOCUS_GAIN client=android.os.BinderProxy@94ac78a inputContext=null missingMethods= attribute=android.view.inputmethod.EditorInfo@28645fd nm = com.example.batterymanager_utility controlFlags=#105 softInputMode=#120 windowFlags=#81810100
07-05 17:22:26.338  3962 17919 V InputMethodManagerService: hideCurrentInputLocked : shouldHideSoftInput is false
07-05 17:22:26.338  3962 17919 W InputMethodManagerService: Got RemoteException sending setActive(false) notification to pid 18927 uid 10164
07-05 17:22:26.338  3962 17919 D InputMethodManagerService: isImeSwitcherDisabledPackage : false
07-05 17:22:26.339  3962 17919 D InputMethodManagerService: setCurrentInputInfo - inputContext : null eidtorInfo : android.view.inputmethod.EditorInfo@28645fd missingMethods : 0
07-05 17:22:26.339  4345  4345 I InputMethodWrapper:  call dispatchStartInputWithToken
07-05 17:22:26.340  4345  4345 I InputMethodService: dispatchStartInputWithToken
07-05 17:22:26.340  4345  4345 I SKBD    : SamsungKeypad [IMI] onStartInput - caller pid : 18884, caller uid : 10168
07-05 17:22:26.349  4345  4345 D InputEventReceiver: channel 'ClientState{db0d542 uid 10164 pid 18927} (client)' ~ Disposing input event receiver.
07-05 17:22:26.349  4345  4345 D InputEventReceiver: channel 'ClientState{db0d542 uid 10164 pid 18927} (client)' ~NativeInputEventReceiver.
07-05 17:22:26.350  3962  3989 W ActivityManager: setHasOverlayUi called on unknown pid: 18927
07-05 17:22:26.361  4350  4380 D SystemServicesProxy: updateOverviewLastStackActiveTimeAsync: newTime=1688568458998
07-05 17:22:26.362  3962  4617 D SecContentProvider: query(), uri = 17 selection = isSettingsChangesAllowed
07-05 17:22:26.363  3962  4617 D SecContentProvider: called from android.uid.systemui:10009
07-05 17:22:26.363  4350  4565 D SystemServicesProxy: updateOverviewLastStackActiveTimeAsync: done.
07-05 17:22:26.365  3962  9059 D PackageManager: getComponentMetadataForIconTray : e.www.cpufactorialtest.MainActivity does not exist in mServices
07-05 17:22:26.365  3962  9059 D PackageManager: getComponentMetadataForIconTray : e.www.cpufactorialtest.MainActivity does not exist in mProviders
07-05 17:22:26.365  3962  9059 D PackageManager: getComponentMetadataForIconTray : e.www.cpufactorialtest.MainActivity does not exist in mReceivers
07-05 17:22:26.366  4350  4380 D ApplicationPackageManager: updateItemMetaDataForFixedIconScale: package: e.www.cpufactorialtest
07-05 17:22:26.366  3962  9059 D PackageManager: getSelectedMetaData : packageName(e.www.cpufactorialtest) or Metadata strings {[Ljava.lang.String;@722fd43}
07-05 17:22:26.366  4350  4380 I ApplicationPackageManager: return adaptive icon for e.www.cpufactorialtest
07-05 17:22:26.369  3962  9059 V WindowManager: finishDrawingLocked: mDrawState=COMMIT_DRAW_PENDING Window{8e4f218 u0 com.example.batterymanager_utility/com.example.batterymanager_utility.MainActivity} in Surface(name=com.example.batterymanager_utility/com.example.batterymanager_utility.MainActivity)
07-05 17:22:26.387  3448  3448 I SurfaceFlinger: id=255 createSurf (720x1280),-1 flag=20004, com.example.batterymanager_utility/com.example.batterymanager_utility.MainActivity_dim#0
07-05 17:22:26.406  3448  3448 I SurfaceFlinger: Display 0 HWC layers:
07-05 17:22:26.406  3448  3448 I SurfaceFlinger:     type    |    handle    | flag |  format   |   source crop (l,t,r,b)    |         frame       | name 
07-05 17:22:26.406  3448  3448 I SurfaceFlinger: ------------+--------------+------+-----------+----------------------------+---------------------+------
07-05 17:22:26.406  3448  3448 I SurfaceFlinger:      Client |              | 0000 |  Unknown  |  -0.2   -0.2   -0.8   -0.8 |    0    0  720 1280 | animation background stackId=1#0
07-05 17:22:26.406  3448  3448 I SurfaceFlinger:      Client | 0x7f347a67c0 | 0002 | RGBA_8888 |   0.0    0.0   31.0 1280.0 |  689    0  720 1280 | com.example.batterymanager_utility/c[...]atterymanager_utility.MainActivity#0
07-05 17:22:26.406  3448  3448 I SurfaceFlinger:      Device | 0x7f347a5e00 | 0000 | RGBA_8888 |   0.0    0.0  720.0   42.0 |    0    0  720   42 | StatusBar#0
07-05 17:22:26.406  3448  3448 I SurfaceFlinger: 
07-05 17:22:26.422  3448  3448 I SurfaceFlinger: Display 0 HWC layers:
07-05 17:22:26.422  3448  3448 I SurfaceFlinger:     type    |    handle    | flag |  format   |   source crop (l,t,r,b)    |         frame       | name 
07-05 17:22:26.422  3448  3448 I SurfaceFlinger: ------------+--------------+------+-----------+----------------------------+---------------------+------
07-05 17:22:26.422  3448  3448 I SurfaceFlinger:      Client |              | 0000 |  Unknown  |   0.0    0.0   -1.0   -1.0 |    0    0  720 1280 | com.example.batterymanager_utility/c[...]rymanager_utility.MainActivity_dim#0
07-05 17:22:26.422  3448  3448 I SurfaceFlinger:      Client |              | 0000 |  Unknown  |  -0.2   -0.2   -0.8   -0.8 |    0    0  720 1280 | animation background stackId=1#0
07-05 17:22:26.422  3448  3448 I SurfaceFlinger:      Client | 0x7f347a67c0 | 0002 | RGBA_8888 |   0.0    0.0   67.0 1280.0 |  653    0  720 1280 | com.example.batterymanager_utility/c[...]atterymanager_utility.MainActivity#0
07-05 17:22:26.422  3448  3448 I SurfaceFlinger:      Device | 0x7f347a5e00 | 0000 | RGBA_8888 |   0.0    0.0  720.0   42.0 |    0    0  720   42 | StatusBar#0
07-05 17:22:26.422  3448  3448 I SurfaceFlinger: 
07-05 17:22:26.439  3962  4094 D MdnieScenarioControlService:  packageName : com.example.batterymanager_utility    className : com.example.batterymanager_utility.MainActivity
07-05 17:22:26.439  3962  4094 V MdnieScenarioControlService: setUIMode from UI function(3)
07-05 17:22:26.689 16205 16226 D [ACT]:TransmitPolicyManager: processing priority = NORMAL
07-05 17:22:26.773  3448  3448 I SurfaceFlinger: Display 0 HWC layers:
07-05 17:22:26.773  3448  3448 I SurfaceFlinger:     type    |    handle    | flag |  format   |   source crop (l,t,r,b)    |         frame       | name 
07-05 17:22:26.773  3448  3448 I SurfaceFlinger: ------------+--------------+------+-----------+----------------------------+---------------------+------
07-05 17:22:26.773  3448  3448 I SurfaceFlinger:      Device | 0x7f347a67c0 | 0002 | RGBA_8888 |   0.0    0.0  720.0 1280.0 |    0    0  720 1280 | com.example.batterymanager_utility/c[...]atterymanager_utility.MainActivity#0
07-05 17:22:26.773  3448  3448 I SurfaceFlinger:      Device | 0x7f347a5e00 | 0000 | RGBA_8888 |   0.0    0.0  720.0   42.0 |    0    0  720   42 | StatusBar#0
07-05 17:22:26.773  3448  3448 I SurfaceFlinger: 
07-05 17:22:26.787  3962  4034 I WindowManager: Destroying surface Surface(name=com.example.batterymanager_utility/com.example.batterymanager_utility.MainActivity_dim) called by com.android.server.wm.WindowStateAnimator.destroyTransitionDimSurface:2733 com.android.server.wm.WindowState.onExitAnimationDone:5243 com.android.server.wm.AppWindowAnimator.stepAnimationLocked:508 com.android.server.wm.AppWindowToken.stepAppWindowsAnimation:1659 com.android.server.wm.WindowContainer.stepAppWindowsAnimation:521 com.android.server.wm.WindowContainer.stepAppWindowsAnimation:521 com.android.server.wm.TaskStack.stepAppWindowsAnimation:1948 com.android.server.wm.WindowContainer.stepAppWindowsAnimation:521 
07-05 17:22:26.787  3448  5640 I SurfaceFlinger: id=255 Removed com.example.batterymanager_utility/com.example.batterymanager_utility.MainActivity_dim#0 (1/5)
07-05 17:22:26.787  3448  3734 I SurfaceFlinger: id=255 Removed com.example.batterymanager_utility/com.example.batterymanager_utility.MainActivity_dim#0 (-2/5)
07-05 17:22:26.789  3962  3989 D CustomFrequencyManagerService: releaseDVFSLockLocked : Getting Lock type frm List : DVFS_MIN_LIMIT  frequency : 1560000  uid : 1000  pid : 3962  tag : AMS_ACT_RESUME@CPU_MIN@75
07-05 17:22:26.789  3962  3989 D ActivityManagerPerformance: AMP_release() ACT_RESUME
07-05 17:22:26.803  3448  3448 I Layer   : id=255 onRemoved com.example.batterymanager_utility/com.example.batterymanager_utility.MainActivity_dim#0 
07-05 17:22:28.004  3437  3437 I android.hardware.wifi@1.0-service: getLinkLayerStats
07-05 17:22:28.256  3962  3962 D PreBindingService: handleMessage : 1
07-05 17:22:28.687 16205 16226 D [ACT]:TransmitPolicyManager: processing priority = HIGH
07-05 17:22:29.185  3962  9059 D BatteryService: !@BatteryListener : batteryPropertiesChanged!
07-05 17:22:29.186  3962  9059 D BatteryService: level:86, scale:100, status:3, health:2, present:true, voltage: 4031, temperature: 235, technology: Li-ion, AC powered:false, USB powered:false, POGO powered:false, Wireless powered:false, icon:17303820, invalid charger:0, maxChargingCurrent:0, maxChargingVoltage:0, chargeCounter:0
07-05 17:22:29.186  3962  9059 D BatteryService: online:1, current avg:-146, charge type:0, power sharing:false, high voltage charger:false, capacity:280000, batterySWSelfDischarging:false, misc_event:0, current_event:0, current_now:-127
07-05 17:22:29.186  3962  3962 D BatteryService: Sending ACTION_BATTERY_CHANGED.
07-05 17:22:29.190  3962  3962 D SamsungPhoneWindowManager: ACTION_BATTERY_CHANGED - Level :: 86, battStatus :: 3
07-05 17:22:29.190  3962  3962 I MotionRecognitionService: On Battery, 0
07-05 17:22:29.190  3962  3962 D MotionRecognitionService:   mCableConnection= 0
07-05 17:22:29.192  3962  3987 D UsbDeviceManager: handleMessage -> MSG_UPDATE_CHARGING_STATE = 0
07-05 17:22:29.194  4350  4350 D KeyguardUpdateMonitor: received broadcast android.intent.action.BATTERY_CHANGED
07-05 17:22:29.196  4350  4350 D BatteryController: onReceive-ACTION_BATTERY_CHANGED : mLevel=86, mBatteryStatus=3
07-05 17:22:29.200  4350  4350 D PowerUI : priorPlugType = 0 mPlugType =  0
07-05 17:22:29.435 18103 18103 E adbd    : recv: OPEN 0000fd4d 00000000 003a:73 68 65 6C 6C 2C 76 32 2C 54 45 52 4D 3D 73 63 72 65 65 6E 2C 72 61 77 3A 67 65 74 70 72 6F 70 20 72 6F 2E 62 75 69 6C 64 2E 76 65 72 73 69 6F 6E 2E 72 65 6C 65 61 73 65 00 
07-05 17:22:29.436 18103 18103 E adbd    : service_to_fd: shell,v2,TERM=screen,raw:getprop ro.build.version.release
07-05 17:22:29.801  3962  4335 E TaskPersister: File error accessing recents directory (directory doesn't exist?).
07-05 17:22:29.846 18103 18103 E adbd    : recv: OPEN 0000fd50 00000000 0036:73 68 65 6C 6C 2C 76 32 2C 54 45 52 4D 3D 73 63 72 65 65 6E 2C 72 61 77 3A 67 65 74 70 72 6F 70 20 72 6F 2E 62 75 69 6C 64 2E 76 65 72 73 69 6F 6E 2E 73 64 6B 00 
07-05 17:22:29.846 18103 18103 E adbd    : service_to_fd: shell,v2,TERM=screen,raw:getprop ro.build.version.sdk
07-05 17:22:30.067  4953  4953 D io_stats: !@ 179,0 r 99523 3519872 w 30700 467744 d 2884 103928 f 7741 7976 iot 55792 45226 th 51200 0 0 pt 0 inp 0 0 4991.849
07-05 17:22:30.073 18103 18103 E adbd    : recv: OPEN 0000fd53 00000000 004a:73 68 65 6C 6C 2C 76 32 2C 54 45 52 4D 3D 73 63 72 65 65 6E 2C 72 61 77 3A 61 6D 20 66 6F 72 63 65 2D 73 74 6F 70 20 63 6F 6D 2E 65 78 61 6D 70 6C 65 2E 62 61 74 74 65 72 79 6D 61 6E 61 67 65 72 5F 75 74 69 6C 69 74 79 00 
07-05 17:22:30.073 18103 18103 E adbd    : service_to_fd: shell,v2,TERM=screen,raw:am force-stop com.example.batterymanager_utility
07-05 17:22:30.166  3962  9059 I ActivityManager: Force stopping com.example.batterymanager_utility appid=10168 user=0: from pid 19031
07-05 17:22:30.167  3962  9059 I ActivityManager: Killing 18884:com.example.batterymanager_utility/u0a168 (adj 0): stop com.example.batterymanager_utility,from pid 19031
07-05 17:22:30.168  3962  9059 W ActivityManager: Force removing ActivityRecord{d6849c9 u0 com.example.batterymanager_utility/.MainActivity t185}: app died, no saved state
07-05 17:22:30.175  3962  9059 D InputDispatcher: Focus left window: 18884
07-05 17:22:30.176  3962  9059 I WindowManager: Failed to capture screenshot of Token{658d8ce ActivityRecord{d6849c9 u0 com.example.batterymanager_utility/.MainActivity t185 f}} appWin=Window{8e4f218 u0 com.example.batterymanager_utility/com.example.batterymanager_utility.MainActivity} drawState=4
07-05 17:22:30.176  3962  9059 D TaskSnapshotCache: removeRunningEntry taskId=185 RunningCache size=0
07-05 17:22:30.177  3962  9059 I WindowManager: Destroying surface Surface(name=com.example.batterymanager_utility/com.example.batterymanager_utility.MainActivity) called by com.android.server.wm.WindowStateAnimator.destroySurface:2501 com.android.server.wm.WindowStateAnimator.destroySurfaceLocked:985 com.android.server.wm.WindowState.removeImmediately:2403 com.android.server.wm.WindowState.removeIfPossible:2602 com.android.server.wm.WindowState.removeIfPossible:2432 com.android.server.wm.WindowToken.removeAllWindowsIfPossible:143 com.android.server.wm.AppWindowToken.removeIfPossible:606 com.android.server.wm.AppWindowToken.onRemovedFromDisplay:674 
07-05 17:22:30.178  3448  5640 I SurfaceFlinger: id=254 Removed com.example.batterymanager_utility/com.example.batterymanager_utility.MainActivity#0 (1/4)
07-05 17:22:30.178  3448  5640 I SurfaceFlinger: id=254 Removed com.example.batterymanager_utility/com.example.batterymanager_utility.MainActivity#0 (-2/4)
07-05 17:22:30.183  3962  9059 D InputDispatcher: Focused application released
07-05 17:22:30.183  3962  9059 W MultiScreenManagerService: moveTaskBackToDisplayIfNeeded(): root activity or app is null, task=TaskRecord{64ff7bcd0 #185 A=com.example.batterymanager_utility U=0 StackId=1 sz=0}, rootActivity=null
07-05 17:22:30.184  3962  3962 D MdnieScenarioControlService: Listener Real Multi Window State : true
07-05 17:22:30.189  3448  3448 I Layer   : id=254 onRemoved com.example.batterymanager_utility/com.example.batterymanager_utility.MainActivity#0 
07-05 17:22:30.194  3448  3448 I SurfaceFlinger: Display 0 HWC layers:
07-05 17:22:30.194  3448  3448 I SurfaceFlinger:     type    |    handle    | flag |  format   |   source crop (l,t,r,b)    |         frame       | name 
07-05 17:22:30.194  3448  3448 I SurfaceFlinger: ------------+--------------+------+-----------+----------------------------+---------------------+------
07-05 17:22:30.194  3448  3448 I SurfaceFlinger:      Device | 0x7f3aa24900 | 0000 | RGBA_8888 |   0.0    0.0  720.0   42.0 |    0    0  720   42 | StatusBar#0
07-05 17:22:30.194  3448  3448 I SurfaceFlinger: 
07-05 17:22:30.195  3448  3734 I SurfaceFlinger: id=252 Removed animation background stackId=1#0 (2/3)
07-05 17:22:30.196  3448  3734 I SurfaceFlinger: id=252 Removed animation background stackId=1#0 (-2/3)
07-05 17:22:30.200  3962  9059 D CustomFrequencyManagerService: acquireDVFSLockLocked : type : DVFS_MIN_LIMIT  frequency : 1560000  uid : 1000  pid : 3962  pkgName : AMS_APP_HOME@CPU_MIN@8
07-05 17:22:30.202  3962  9059 D ActivityManagerPerformance: AMP_acquire() HOME
07-05 17:22:30.202  3962  9059 D PersonaManagerService: Current focused persona service handled id set to : 0
07-05 17:22:30.202  3962  9059 D InputDispatcher: Focused application set to: xxxx
07-05 17:22:30.205  3962  9059 V WindowManager: rotationForOrientationLw(orient=5, last=0); user=0  sensorRotation=-1 mLidState=-1 mDockMode=0 mHdmiPlugged=false
07-05 17:22:30.206  3448  3448 I Layer   : id=252 onRemoved animation background stackId=1#0 
07-05 17:22:30.207  5342  5342 I Launcher: onWindowVisibilityChanged : false
07-05 17:22:30.207  3962  9059 D MARsPolicyManager: onPackageResumedFG pkgName = com.sec.android.app.launcher, userId = 0
07-05 17:22:30.207  3962  4218 D GameManagerService: handleForegroundChange(). pkgName: com.sec.android.app.launcher, clsName: com.android.launcher3.Launcher,FgActivityName:com.sec.android.app.launcher/com.android.launcher3.Launcher
07-05 17:22:30.208  3962  4218 D GameManagerService: sem_perfomance_mode: 3
07-05 17:22:30.208  3962  4218 D GameManagerService: notifyResumePause(). pkg: com.sec.android.app.launcher, type: 4, isMinimized: false, isTunableApp: false
07-05 17:22:30.208  3962  4218 D GameManagerService:   notifyResumePause(). unexpected mPrevNotiType: -1
07-05 17:22:30.208  3962  4617 V WindowManager: Relayout Window{11ea95 u0 com.sec.android.app.launcher/com.sec.android.app.launcher.activities.LauncherActivity}: viewVisibility=4 req=720x1280 WM.LayoutParams{(0,0)(fillxfill) sim=#130 ty=1 fl=#81910d00 pfl=0x20000 fmt=-2 wanim=0x10302ea vsysui=0x700 needsMenuKey=2 colorMode=0 naviIconColor=0}
07-05 17:22:30.211  5342  5342 D ViewRootImpl@20c9527[LauncherActivity]: Relayout returned: old=[0,0][720,1280] new=[0,0][720,1280] result=0x1 surface={valid=false 0} changed=false
07-05 17:22:30.212  5342  5342 D HomeContainer: setAlpha : 1.0
07-05 17:22:30.216  5342  5342 V Launcher: Launcher.onResume()
07-05 17:22:30.216  3962  3962 D SamsungAlarmManager: Remove alarm for next reason : android.intent.action.PACKAGE_RESTARTED : package: com.example.batterymanager_utility
07-05 17:22:30.218  3962  3977 W BroadcastQueue: Background execution not allowed: receiving Intent { act=android.intent.action.PACKAGE_RESTARTED dat=package:com.example.batterymanager_utility flg=0x10 (has extras) } to android/com.kddi.android.CpaNotiReceiver
07-05 17:22:30.219  3962  3977 W BroadcastQueue: Background execution not allowed: receiving Intent { act=android.intent.action.PACKAGE_RESTARTED dat=package:com.example.batterymanager_utility flg=0x10 (has extras) } to com.sec.android.daemonapp/com.samsung.android.weather.daemon.receiver.ClearDataReceiver
07-05 17:22:30.219  4629  4629 D CarrierSvcBindHelper: No carrier app for: 0
07-05 17:22:30.220  4629  4629 D CarrierSvcBindHelper: No carrier app for: 1
07-05 17:22:30.221  3962  6674 D GamePkgDataHelper: getGamePkgDataIncServer(). com.sec.android.app.launcher
07-05 17:22:30.222  3962  6674 D GameManagerService: identifyGamePackage. com.sec.android.app.launcher
07-05 17:22:30.222  3962  6674 D GamePkgDataHelper: getGamePkgData(). com.sec.android.app.launcher
07-05 17:22:30.222  3962  6674 D GamePkgDataHelper: getSosPolicy(). com.sec.android.app.launcher
07-05 17:22:30.223  3962  6674 D GameManagerService: identifyGamePackage. com.sec.android.app.launcher
07-05 17:22:30.223  3962  6674 D GamePkgDataHelper: getGamePkgData(). com.sec.android.app.launcher
07-05 17:22:30.224  3962  6674 D GameManagerService: identifyGamePackage. com.sec.android.app.launcher
07-05 17:22:30.224  3962  6674 D GamePkgDataHelper: getGamePkgData(). com.sec.android.app.launcher
07-05 17:22:30.225  3962  6674 D GameManagerService: identifyGamePackage. com.sec.android.app.launcher
07-05 17:22:30.225  3962  6674 D GamePkgDataHelper: getGamePkgData(). com.sec.android.app.launcher
07-05 17:22:30.225  5342  5342 D ExternalRequestQueue: Getting and clearing EXTERNAL_REQUEST_LIST: null
07-05 17:22:30.226  5342  5342 D ExternalMethodQueue: Getting and clearing EXTERNAL_METHOD_LIST: null
07-05 17:22:30.226  5342  5439 I LauncherAppWidgetInfo: reinflateWidgetsIfNecessary, Not required: AppWidget(id=2)
07-05 17:22:30.226  5342  5342 D Launcher: setHotWordDetection : call requestHotWordDetection true
07-05 17:22:30.226  5342  5439 I LauncherAppWidgetInfo: reinflateWidgetsIfNecessary, Not required: AppWidget(id=3)
07-05 17:22:30.226  5342  5342 D NotificationHelpTip: currentTime : 1688570550
07-05 17:22:30.226  5342  5342 D NotificationHelpTip: differentTime234790
07-05 17:22:30.234  5204  5204 I GsaVoiceInteractionSrv: Handling ACTION_START_HOTWORD
07-05 17:22:30.235  5204  5642 I GsaVoiceInteractionSrv: (REDACTED) disregardHotwordSetting: %b
07-05 17:22:30.235  5204  5642 I GsaVoiceInteractionSrv: Cannot start hotword, hotword has been explicitly disabled.
07-05 17:22:30.236  5342  5342 D Launcher.HomeController: onResume HomeContainer current alpha = 1.0
07-05 17:22:30.236  5342  5342 D AppsCustomAdapter: notifyUpdate : com.android.launcher3.Launcher@888eaa1
07-05 17:22:30.236  5342  5342 D AppsDragController: needDeferToBind : true , false
07-05 17:22:30.237  3962  4617 D Notification: allPendingIntents
07-05 17:22:30.237  5342  5439 D Notification.Badge: LauncherModel:onNotificationFullRefresh() : 1
07-05 17:22:30.237  5342  5439 D Notification.Badge: notificationKey : 0|android|40|null|1000, count : 0, this.count : 1
07-05 17:22:30.237  5342  5439 D Notification.Badge: notificationKey : 0|android|40|null|1000, count : 1, mTotalCount : 1
07-05 17:22:30.237  5342  5439 D Notification.Badge: LauncherModel:onNotificationFullRefresh() not need to update, updatedBadges.remove[android], count : [1]
07-05 17:22:30.240  3962  4617 D ActivityManager: post active user change for 0 fullscreen true isHomeActivity() true
07-05 17:22:30.240  3962  4617 I WallpaperManagerService: switchPersonaWallpaper is called for personaId-0
07-05 17:22:30.241  3962  3962 D WallpaperManagerService:  force update = false; persona id = 0; current user =0; current persona = 0
07-05 17:22:30.241  5342  5342 I Launcher: onWindowVisibilityChanged : true
07-05 17:22:30.242  3962  4617 V WindowManager: Relayout Window{11ea95 u0 com.sec.android.app.launcher/com.sec.android.app.launcher.activities.LauncherActivity}: viewVisibility=0 req=720x1280 WM.LayoutParams{(0,0)(fillxfill) sim=#130 ty=1 fl=#81910d00 pfl=0x20000 fmt=-2 wanim=0x10302ea vsysui=0x700 needsMenuKey=2 colorMode=0 naviIconColor=0}
07-05 17:22:30.243  3448  3448 I SurfaceFlinger: id=256 createSurf (720x1280),1 flag=4, com.sec.android.app.launcher/com.sec.android.app.launcher.activities.LauncherActivity#0
07-05 17:22:30.244  3962  4617 V Surface : sf_framedrop debug : 0x4f4c, game : false, logging : 0
07-05 17:22:30.245  3962  3978 D WindowManager: set systemUiVisibility : systemUiFlags= 0x708 fullscreenStackSysUiFlags= 0x0
07-05 17:22:30.246  4345  4345 D InputEventReceiver: channel 'ClientState{96706ad uid 10168 pid 18884} (client)' ~ Disposing input event receiver.
07-05 17:22:30.246  4345  4345 D InputEventReceiver: channel 'ClientState{96706ad uid 10168 pid 18884} (client)' ~NativeInputEventReceiver.
07-05 17:22:30.247  3962  4617 D InputDispatcher: Focus entered window: 5342
07-05 17:22:30.248  5342  5342 V Surface : sf_framedrop debug : 0x4f4c, game : false, logging : 0
07-05 17:22:30.248  3962 16273 D WindowManager: adjustSystemUiVisibilityLw : vis= 0x708
07-05 17:22:30.248  5342  5342 D ViewRootImpl@20c9527[LauncherActivity]: Relayout returned: old=[0,0][720,1280] new=[0,0][720,1280] result=0x7 surface={valid=true 530842021888} changed=true
07-05 17:22:30.249  3962  3989 W ActivityManager: setHasOverlayUi called on unknown pid: 18884
07-05 17:22:30.251  5342  5643 D mali_winsys: EGLint new_window_surface(egl_winsys_display *, void *, EGLSurface, EGLConfig, egl_winsys_surface **, egl_color_buffer_format *, EGLBoolean) returns 0x3000,  [720x1280]-format:1
07-05 17:22:30.251  5342  5643 D OpenGLRenderer: eglCreateWindowSurface = 0x7b9b90f380
07-05 17:22:30.251  5342  5342 D AppsAdapter: notifyUpdate start : com.android.launcher3.Launcher@888eaa1
07-05 17:22:30.252  5342  5342 D AppsCustomAdapter: no change items
07-05 17:22:30.252  5342  5342 D AppsAdapter: notifyUpdate end : com.android.launcher3.Launcher@888eaa1
07-05 17:22:30.252  5342  5342 D ViewRootImpl@20c9527[LauncherActivity]: MSG_WINDOW_FOCUS_CHANGED 1
07-05 17:22:30.254  5342  5342 V InputMethodManager: Starting input: tba=android.view.inputmethod.EditorInfo@56b5d31 nm : com.sec.android.app.launcher ic=null
07-05 17:22:30.254  5342  5342 I InputMethodManager: startInputInner - mService.startInputOrWindowGainedFocus
07-05 17:22:30.254  3962  3972 D InputMethodManagerService: startInputOrWindowGainedFocus : windowGainedFocus 
07-05 17:22:30.254  3962  3972 D InputMethodManagerService: windowGainedFocus: destinationUserId (getCallingUid) = 0
07-05 17:22:30.254  3962  3972 D InputMethodManagerService: windowGainedFocus: currentUserId=0
07-05 17:22:30.254  3962  3972 D InputMethodManagerService: windowGainedFocus: mCurrentFocusedUserId=0
07-05 17:22:30.254  3962  3972 D InputMethodManagerService: windowGainedFocus : lock - currentUserId = 0 destinationUserId = 0
07-05 17:22:30.254  3962  3972 D InputMethodManagerService: windowGainedFocus : mCurrentFocusedUserId - 0 and mSecureKeypadEnabled - false, userSwitched - false
07-05 17:22:30.255  3962  3972 V InputMethodManagerService: windowGainedFocus : reason=WINDOW_FOCUS_GAIN client=android.os.BinderProxy@bc62a7f inputContext=null missingMethods= attribute=android.view.inputmethod.EditorInfo@710c516 nm = com.sec.android.app.launcher controlFlags=#104 softInputMode=#130 windowFlags=#81910d00
07-05 17:22:30.255  3962  3972 V InputMethodManagerService: hideCurrentInputLocked : shouldHideSoftInput is false
07-05 17:22:30.255  3962  3972 D InputMethodManagerService: setCurrentInputInfo - inputContext : null eidtorInfo : android.view.inputmethod.EditorInfo@710c516 missingMethods : 0
07-05 17:22:30.255  4345  4345 I InputMethodWrapper:  call dispatchStartInputWithToken
07-05 17:22:30.255  4345  4345 I InputMethodService: dispatchStartInputWithToken
07-05 17:22:30.256  4345  4345 I SKBD    : SamsungKeypad [IMI] onStartInput - caller pid : 18884, caller uid : 10168
07-05 17:22:30.257  5342  5342 D DragLayer: DragLayer dispatchDraw, mIsNaviBarPositionChanged = false, mWillOrientationChange = false
07-05 17:22:30.268  3962  3972 V WindowManager: finishDrawingLocked: mDrawState=COMMIT_DRAW_PENDING Window{11ea95 u0 com.sec.android.app.launcher/com.sec.android.app.launcher.activities.LauncherActivity} in Surface(name=com.sec.android.app.launcher/com.sec.android.app.launcher.activities.LauncherActivity)
07-05 17:22:30.268  4350  4380 D WallpaperService: dispatchAppVisibility onVisibilityChanged(): true
07-05 17:22:30.269  4350  4350 D WallpaperService: updateSurface forceRelayout=false redrawNeeded=false myWidth=1280 myHeight=1280 fixedSize=true x = 0 y = 0 mWidth=1280 mHeight=1280 mIsSleepMode=false
07-05 17:22:30.269  4350  4350 D ImageWallpaper: onVisibilityChanged: mVisible, visible=false, true
07-05 17:22:30.269  4350  4350 D ImageWallpaper: Visibility changed to visible=true
07-05 17:22:30.270  4350  4350 D ImageWallpaper: newRotation : 0,mLastRotation : 0
07-05 17:22:30.270  4350  4350 D ImageWallpaper: drawFrame:[frame.width()]1280[frame.height()]1280
07-05 17:22:30.270  4350  4350 D ImageWallpaper: surfaceDimensionsChanged=false mDisplayWidth=720 mDisplayHeight=1280
07-05 17:22:30.270  4350  4350 D ImageWallpaper: redrawNeeded = false, mOffsetsChanged = false
07-05 17:22:30.270  4350  4350 D ImageWallpaper: Suppressed drawFrame since redraw is not needed and offsets have not changed.
07-05 17:22:30.270  4350  4350 D WallpaperService: reportVisibility onVisibilityChanged visible: true
07-05 17:22:30.270  3962  4034 D SamsungAnimationCreator: createAnimation type:LowEnd transit:13 enter:false wallpaperXoffset:-280 split:false fixedOri:false
07-05 17:22:30.270  3962  4034 D SamsungAnimationCreator: createAnimation displayFrame:Rect(0, 0 - 720, 1280) frame:null insets:null
07-05 17:22:30.272  4350  4350 D WallpaperService: updateSurface forceRelayout=true redrawNeeded=false myWidth=1280 myHeight=1280 fixedSize=true x = 0 y = 0 mWidth=1280 mHeight=1280 mIsSleepMode=false
07-05 17:22:30.275  3962  4441 V WindowManager: Relayout Window{537a94b u0 com.android.systemui.ImageWallpaper}: viewVisibility=0 req=1280x1280 WM.LayoutParams{(0,0)(1280x1280) gr=#800033 ty=2013 fl=#10318 fmt=2 wanim=0x103030e colorMode=0 naviIconColor=0}
07-05 17:22:30.278  4350  4350 D ImageWallpaper: onOffsetsChanged: xOffset=0.0, yOffset=0.0, xOffsetStep=0.0, yOffsetStep=0.0, xPixels=0, yPixels=0
07-05 17:22:30.279  4350  4350 D ImageWallpaper: newRotation : 0,mLastRotation : 0
07-05 17:22:30.279  4350  4350 D ImageWallpaper: drawFrame:[frame.width()]1280[frame.height()]1280
07-05 17:22:30.279  4350  4350 D ImageWallpaper: surfaceDimensionsChanged=false mDisplayWidth=720 mDisplayHeight=1280
07-05 17:22:30.279  4350  4350 D ImageWallpaper: redrawNeeded = false, mOffsetsChanged = false
07-05 17:22:30.279  4350  4350 D ImageWallpaper: Suppressed drawFrame since redraw is not needed and offsets have not changed.
07-05 17:22:30.287  4350  4849 D SystemServicesProxy: updateOverviewLastStackActiveTimeAsync: newTime=1688568458998
07-05 17:22:30.288  3962  3972 D SecContentProvider: query(), uri = 17 selection = isSettingsChangesAllowed
07-05 17:22:30.289  3962  3972 D SecContentProvider: called from android.uid.systemui:10009
07-05 17:22:30.289  4350  4565 D SystemServicesProxy: updateOverviewLastStackActiveTimeAsync: done.
07-05 17:22:30.292  3962  3972 D PackageManager: getComponentMetadataForIconTray : com.example.batterymanager_utility.MainActivity does not exist in mServices
07-05 17:22:30.292  3962  3972 D PackageManager: getComponentMetadataForIconTray : com.example.batterymanager_utility.MainActivity does not exist in mProviders
07-05 17:22:30.292  3962  3972 D PackageManager: getComponentMetadataForIconTray : com.example.batterymanager_utility.MainActivity does not exist in mReceivers
07-05 17:22:30.293  4350  4849 D ApplicationPackageManager: updateItemMetaDataForFixedIconScale: package: com.example.batterymanager_utility
07-05 17:22:30.293  3962  3972 D PackageManager: getSelectedMetaData : packageName(com.example.batterymanager_utility) or Metadata strings {[Ljava.lang.String;@259a86d}
07-05 17:22:30.293  4350  4849 I ApplicationPackageManager: load=com.example.batterymanager_utility, bg=144-144, dr=189-189, forDefault=true, density=0
07-05 17:22:30.294  3448  3448 I SurfaceFlinger: Display 0 HWC layers:
07-05 17:22:30.294  3448  3448 I SurfaceFlinger:     type    |    handle    | flag |  format   |   source crop (l,t,r,b)    |         frame       | name 
07-05 17:22:30.294  3448  3448 I SurfaceFlinger: ------------+--------------+------+-----------+----------------------------+---------------------+------
07-05 17:22:30.294  3448  3448 I SurfaceFlinger:      Device | 0x7f36df7f80 | 0002 | RGBx_8888 | 280.0    0.0 1000.0 1280.0 |    0    0  720 1280 | com.android.systemui.ImageWallpaper#0
07-05 17:22:30.294  3448  3448 I SurfaceFlinger:      Device | 0x7f36b8d200 | 0000 | RGBA_8888 | 120.0  213.0  601.0 1068.0 |    1    1  720 1280 | com.sec.android.app.launcher/com.sec[...]uncher.activities.LauncherActivity#0
07-05 17:22:30.294  3448  3448 I SurfaceFlinger:      Device | 0x7f3aa24900 | 0000 | RGBA_8888 |   0.0    0.0  720.0   42.0 |    0    0  720   42 | StatusBar#0
07-05 17:22:30.294  3448  3448 I SurfaceFlinger: 
07-05 17:22:30.296  4350  4849 I ApplicationPackageManager: scaled rate=0.72, size=189, alpha=54, hold=102
07-05 17:22:30.297  4350  4849 D ApplicationPackageManager: iconScale: getScale(): 0.72 getAlpha(): 54
07-05 17:22:30.298  4350  4849 I ApplicationPackageManager: load=com.example.batterymanager_utility-contain, bg=112-112, dr=189-189
07-05 17:22:30.351  3962  4094 D MdnieScenarioControlService:  packageName : com.sec.android.app.launcher    className : com.sec.android.app.launcher.activities.LauncherActivity
07-05 17:22:30.351  3962  4094 V MdnieScenarioControlService: setUIMode from UI function(3)
07-05 17:22:30.687 16205 16226 D [ACT]:TransmitPolicyManager: processing priority = NORMAL
07-05 17:22:30.702  3962  3962 D CustomFrequencyManagerService: releaseDVFSLockLocked : Getting Lock type frm List : DVFS_MIN_LIMIT  frequency : 1560000  uid : 1000  pid : 3962  tag : AMS_APP_HOME@CPU_MIN@8
07-05 17:22:30.777  5342  5643 W OpenGLRenderer: Incorrectly called buildLayer on View: WorkspaceCellLayoutChildren, destroying layer...
07-05 17:22:30.811 18103 18103 E adbd    : recv: OPEN 0000fd56 00000000 003a:73 68 65 6C 6C 2C 76 32 2C 54 45 52 4D 3D 73 63 72 65 65 6E 2C 72 61 77 3A 67 65 74 70 72 6F 70 20 72 6F 2E 62 75 69 6C 64 2E 76 65 72 73 69 6F 6E 2E 72 65 6C 65 61 73 65 00 
07-05 17:22:30.811 18103 18103 E adbd    : service_to_fd: shell,v2,TERM=screen,raw:getprop ro.build.version.release
07-05 17:22:31.013  3437  3437 I android.hardware.wifi@1.0-service: getLinkLayerStats
07-05 17:22:31.812 18103 18103 E adbd    : recv: OPEN 0000fd59 00000000 0036:73 68 65 6C 6C 2C 76 32 2C 54 45 52 4D 3D 73 63 72 65 65 6E 2C 72 61 77 3A 67 65 74 70 72 6F 70 20 72 6F 2E 62 75 69 6C 64 2E 76 65 72 73 69 6F 6E 2E 73 64 6B 00 
07-05 17:22:31.812 18103 18103 E adbd    : service_to_fd: shell,v2,TERM=screen,raw:getprop ro.build.version.sdk
07-05 17:22:32.172  3962  3962 D PreBindingService: handleMessage : 1
07-05 17:22:32.687 16205 16226 D [ACT]:TransmitPolicyManager: processing priority = HIGH
07-05 17:22:33.200  3962  4335 E TaskPersister: File error accessing recents directory (directory doesn't exist?).
07-05 17:22:34.021  3437  3437 I android.hardware.wifi@1.0-service: getLinkLayerStats
07-05 17:22:34.687 16205 16226 D [ACT]:TransmitPolicyManager: processing priority = LOW
07-05 17:22:35.073  4953  4953 D io_stats: !@ 179,0 r 99526 3519884 w 30726 468076 d 2887 103976 f 7743 7978 iot 55804 45242 th 51200 0 0 pt 0 inp 0 0 4996.854
07-05 17:22:35.520 16294 16550 E memtrack: Couldn't load memtrack module
07-05 17:22:35.520 16294 16550 W android.os.Debug: failed to get memory consumption info: -1
07-05 17:22:35.667  3962  3988 W StorageManager: getStorageFullBytes DEFAULT_FULL_THRESHOLD_BYTES : 20971520, threadhold : 20971520
07-05 17:22:35.667  3962  3988 W StorageManager: getStorageLowBytes lowPercent : 5, lowBytes : 1260145254, maxLowBytes : 524288000
07-05 17:22:35.672  3962  3988 W DeviceStorageMonitorService: updateBroadcasts(/data) oldLevel:0, newLevel:0, seq:1
07-05 17:22:35.673  3962  3988 W DeviceStorageMonitorService: updateBroadcasts_filenode(/data) fn_oldLevel:0, fn_newLevel:0, seq:1
07-05 17:22:36.141  3962  4039 D SensorService: [SO] 0.053 -0.144 9.931
07-05 17:22:36.252  3962  6674 D SSRM:k  : SIOP:: AP = 250, PST = 252 (W:30), BAT = 235, USB = 0, CHG = 0
07-05 17:22:36.687 16205 16226 D [ACT]:TransmitPolicyManager: processing priority = HIGH
07-05 17:22:37.028  3437  3437 I android.hardware.wifi@1.0-service: getLinkLayerStats
07-05 17:22:37.028 18103 18103 E adbd    : recv: OPEN 0000fd5c 00000000 0036:73 68 65 6C 6C 2C 76 32 2C 54 45 52 4D 3D 73 63 72 65 65 6E 2C 72 61 77 3A 67 65 74 70 72 6F 70 20 72 6F 2E 62 75 69 6C 64 2E 76 65 72 73 69 6F 6E 2E 73 64 6B 00 
07-05 17:22:37.029 18103 18103 E adbd    : service_to_fd: shell,v2,TERM=screen,raw:getprop ro.build.version.sdk
