07-05 16:11:55.487 12249 12349 I BatteryMgr:DataCollectionService: stats => 1688566315487,-293,4143
07-05 16:11:55.504 12249 12349 I BatteryMgr:DataCollectionService: stats => 1688566315504,-293,4143
07-05 16:11:55.521 12249 12349 I BatteryMgr:DataCollectionService: stats => 1688566315521,-293,4143
07-05 16:11:55.537 12249 12349 I BatteryMgr:DataCollectionService: stats => 1688566315537,-293,4143
07-05 16:11:55.553 12249 12349 I BatteryMgr:DataCollectionService: stats => 1688566315553,-293,4143
07-05 16:11:55.569 12249 12349 I BatteryMgr:DataCollectionService: stats => 1688566315569,-293,4143
07-05 16:11:55.586 12249 12349 I BatteryMgr:DataCollectionService: stats => 1688566315586,-293,4143
07-05 16:11:55.603 12249 12349 I BatteryMgr:DataCollectionService: stats => 1688566315603,-293,4143
07-05 16:11:55.619 12249 12349 I BatteryMgr:DataCollectionService: stats => 1688566315619,-293,4143
07-05 16:11:55.636 12249 12349 I BatteryMgr:DataCollectionService: stats => 1688566315636,-293,4143
07-05 16:11:55.653 12249 12349 I BatteryMgr:DataCollectionService: stats => 1688566315653,-293,4143
07-05 16:11:55.669 12249 12349 I BatteryMgr:DataCollectionService: stats => 1688566315669,-293,4143
07-05 16:11:55.686 12249 12349 I BatteryMgr:DataCollectionService: stats => 1688566315686,-293,4143
07-05 16:11:55.688  4953  4953 D io_stats: !@ 179,0 r 82600 3142068 w 17127 305780 d 1537 76392 f 4935 4998 iot 43048 34266 th 51200 0 0 pt 0 inp 0 0 757.469
07-05 16:11:55.703 12249 12349 I BatteryMgr:DataCollectionService: stats => 1688566315703,-293,4143
07-05 16:11:55.719 12249 12349 I BatteryMgr:DataCollectionService: stats => 1688566315719,-293,4143
07-05 16:11:55.735 12249 12349 I BatteryMgr:DataCollectionService: stats => 1688566315735,-293,4143
07-05 16:11:55.752 12249 12349 I BatteryMgr:DataCollectionService: stats => 1688566315752,-293,4143
07-05 16:11:55.769 12249 12349 I BatteryMgr:DataCollectionService: stats => 1688566315769,-293,4143
07-05 16:11:55.785 12249 12349 I BatteryMgr:DataCollectionService: stats => 1688566315785,-293,4143
07-05 16:11:55.802 12249 12349 I BatteryMgr:DataCollectionService: stats => 1688566315802,-293,4143
07-05 16:11:55.818 12249 12349 I BatteryMgr:DataCollectionService: stats => 1688566315818,-293,4143
07-05 16:11:55.835 12249 12349 I BatteryMgr:DataCollectionService: stats => 1688566315835,-293,4143
07-05 16:11:55.851 12249 12349 I BatteryMgr:DataCollectionService: stats => 1688566315851,-293,4143
07-05 16:11:55.868 12249 12349 I BatteryMgr:DataCollectionService: stats => 1688566315868,-293,4143
07-05 16:11:55.885 12249 12349 I BatteryMgr:DataCollectionService: stats => 1688566315885,-293,4143
07-05 16:11:55.901 12249 12349 I BatteryMgr:DataCollectionService: stats => 1688566315901,-293,4143
07-05 16:11:55.903  3962  4039 D SensorService: [SO] 0.081 -0.182 9.960
07-05 16:11:55.918 12249 12349 I BatteryMgr:DataCollectionService: stats => 1688566315918,-293,4143
07-05 16:11:55.934 12249 12349 I BatteryMgr:DataCollectionService: stats => 1688566315934,-293,4143
07-05 16:11:55.951 12249 12349 I BatteryMgr:DataCollectionService: stats => 1688566315951,-293,4143
07-05 16:11:55.968 12249 12349 I BatteryMgr:DataCollectionService: stats => 1688566315967,-293,4143
07-05 16:11:55.985 12249 12349 I BatteryMgr:DataCollectionService: stats => 1688566315984,-293,4143
07-05 16:11:56.001 12249 12349 I BatteryMgr:DataCollectionService: stats => 1688566316001,-293,4143
07-05 16:11:56.018 12249 12349 I BatteryMgr:DataCollectionService: stats => 1688566316018,-293,4143
07-05 16:11:56.034 12249 12349 I BatteryMgr:DataCollectionService: stats => 1688566316034,-293,4143
07-05 16:11:56.051 12249 12349 I BatteryMgr:DataCollectionService: stats => 1688566316051,-293,4143
07-05 16:11:56.067 12249 12349 I BatteryMgr:DataCollectionService: stats => 1688566316067,-293,4143
07-05 16:11:56.084 12249 12349 I BatteryMgr:DataCollectionService: stats => 1688566316084,-293,4143
07-05 16:11:56.101 12249 12349 I BatteryMgr:DataCollectionService: stats => 1688566316101,-293,4143
07-05 16:11:56.118 12249 12349 I BatteryMgr:DataCollectionService: stats => 1688566316118,-293,4143
07-05 16:11:56.133 12249 12349 I BatteryMgr:DataCollectionService: stats => 1688566316133,-293,4143
07-05 16:11:56.149 12249 12349 I BatteryMgr:DataCollectionService: stats => 1688566316149,-293,4143
07-05 16:11:56.164 12249 12349 I BatteryMgr:DataCollectionService: stats => 1688566316164,-293,4143
07-05 16:11:56.179 12249 12349 I BatteryMgr:DataCollectionService: stats => 1688566316179,-293,4143
07-05 16:11:56.194 12249 12349 I BatteryMgr:DataCollectionService: stats => 1688566316194,-293,4143
07-05 16:11:56.209 12249 12349 I BatteryMgr:DataCollectionService: stats => 1688566316209,-293,4143
07-05 16:11:56.224 12249 12349 I BatteryMgr:DataCollectionService: stats => 1688566316224,-293,4143
07-05 16:11:56.238 12249 12349 I BatteryMgr:DataCollectionService: stats => 1688566316238,-293,4143
07-05 16:11:56.254 12249 12349 I BatteryMgr:DataCollectionService: stats => 1688566316253,-293,4143
07-05 16:11:56.268 12249 12349 I BatteryMgr:DataCollectionService: stats => 1688566316268,-293,4143
07-05 16:11:56.285 12249 12349 I BatteryMgr:DataCollectionService: stats => 1688566316285,-293,4143
07-05 16:11:56.301 12249 12349 I BatteryMgr:DataCollectionService: stats => 1688566316301,-293,4143
07-05 16:11:56.318 12249 12349 I BatteryMgr:DataCollectionService: stats => 1688566316318,-293,4143
07-05 16:11:56.334 12249 12349 I BatteryMgr:DataCollectionService: stats => 1688566316334,-293,4143
07-05 16:11:56.351 12249 12349 I BatteryMgr:DataCollectionService: stats => 1688566316351,-293,4143
07-05 16:11:56.367 12249 12349 I BatteryMgr:DataCollectionService: stats => 1688566316367,-293,4143
07-05 16:11:56.384 12249 12349 I BatteryMgr:DataCollectionService: stats => 1688566316384,-293,4143
07-05 16:11:56.400 12249 12349 I BatteryMgr:DataCollectionService: stats => 1688566316400,-293,4143
07-05 16:11:56.417 12249 12349 I BatteryMgr:DataCollectionService: stats => 1688566316417,-293,4143
07-05 16:11:56.434 12249 12349 I BatteryMgr:DataCollectionService: stats => 1688566316434,-293,4143
07-05 16:11:56.450 12249 12349 I BatteryMgr:DataCollectionService: stats => 1688566316450,-293,4143
07-05 16:11:56.467 12249 12349 I BatteryMgr:DataCollectionService: stats => 1688566316467,-293,4143
07-05 16:11:56.483 12249 12349 I BatteryMgr:DataCollectionService: stats => 1688566316483,-293,4143
07-05 16:11:56.499 12249 12349 I BatteryMgr:DataCollectionService: stats => 1688566316499,-293,4143
07-05 16:11:56.516 12249 12349 I BatteryMgr:DataCollectionService: stats => 1688566316516,-293,4143
07-05 16:11:56.533 12249 12349 I BatteryMgr:DataCollectionService: stats => 1688566316533,-293,4143
07-05 16:11:56.549 12249 12349 I BatteryMgr:DataCollectionService: stats => 1688566316549,-293,4143
07-05 16:11:56.566 12249 12349 I BatteryMgr:DataCollectionService: stats => 1688566316566,-293,4143
07-05 16:11:56.582 12249 12349 I BatteryMgr:DataCollectionService: stats => 1688566316582,-293,4143
07-05 16:11:56.599 12249 12349 I BatteryMgr:DataCollectionService: stats => 1688566316599,-293,4143
07-05 16:11:56.615 12249 12349 I BatteryMgr:DataCollectionService: stats => 1688566316615,-293,4143
07-05 16:11:56.633 12249 12349 I BatteryMgr:DataCollectionService: stats => 1688566316632,-293,4143
07-05 16:11:56.649 12249 12349 I BatteryMgr:DataCollectionService: stats => 1688566316649,-293,4143
07-05 16:11:56.665 12249 12349 I BatteryMgr:DataCollectionService: stats => 1688566316665,-293,4143
07-05 16:11:56.681 12249 12349 I BatteryMgr:DataCollectionService: stats => 1688566316681,-293,4143
07-05 16:11:56.698 12249 12349 I BatteryMgr:DataCollectionService: stats => 1688566316698,-293,4143
07-05 16:11:56.714 12249 12349 I BatteryMgr:DataCollectionService: stats => 1688566316714,-293,4143
07-05 16:11:56.731 12249 12349 I BatteryMgr:DataCollectionService: stats => 1688566316731,-293,4143
07-05 16:11:56.747 12249 12349 I BatteryMgr:DataCollectionService: stats => 1688566316747,-293,4143
07-05 16:11:56.764 12249 12349 I BatteryMgr:DataCollectionService: stats => 1688566316764,-293,4143
07-05 16:11:56.781 12249 12349 I BatteryMgr:DataCollectionService: stats => 1688566316780,-293,4143
07-05 16:11:56.797 12249 12349 I BatteryMgr:DataCollectionService: stats => 1688566316797,-293,4143
07-05 16:11:56.814 12249 12349 I BatteryMgr:DataCollectionService: stats => 1688566316814,-293,4143
07-05 16:11:56.830 12249 12349 I BatteryMgr:DataCollectionService: stats => 1688566316830,-293,4143
07-05 16:11:56.847 12249 12349 I BatteryMgr:DataCollectionService: stats => 1688566316847,-293,4143
07-05 16:11:56.863 12249 12349 I BatteryMgr:DataCollectionService: stats => 1688566316863,-293,4143
07-05 16:11:56.880 12249 12349 I BatteryMgr:DataCollectionService: stats => 1688566316880,-293,4143
07-05 16:11:56.896 12249 12349 I BatteryMgr:DataCollectionService: stats => 1688566316896,-293,4143
07-05 16:11:56.913 12249 12349 I BatteryMgr:DataCollectionService: stats => 1688566316913,-293,4143
07-05 16:11:56.930 12249 12349 I BatteryMgr:DataCollectionService: stats => 1688566316930,-293,4143
07-05 16:11:56.939  3437  3437 I android.hardware.wifi@1.0-service: getLinkLayerStats
07-05 16:11:56.947 12249 12349 I BatteryMgr:DataCollectionService: stats => 1688566316947,-293,4143
07-05 16:11:56.963 12249 12349 I BatteryMgr:DataCollectionService: stats => 1688566316963,-293,4143
07-05 16:11:56.980 12249 12349 I BatteryMgr:DataCollectionService: stats => 1688566316980,-293,4143
07-05 16:11:56.996 12249 12349 I BatteryMgr:DataCollectionService: stats => 1688566316996,-293,4143
07-05 16:11:57.013 12249 12349 I BatteryMgr:DataCollectionService: stats => 1688566317013,-293,4143
07-05 16:11:57.030 12249 12349 I BatteryMgr:DataCollectionService: stats => 1688566317030,-293,4143
07-05 16:11:57.046 12249 12349 I BatteryMgr:DataCollectionService: stats => 1688566317046,-293,4143
07-05 16:11:57.063 12249 12349 I BatteryMgr:DataCollectionService: stats => 1688566317063,-293,4143
07-05 16:11:57.079 12249 12349 I BatteryMgr:DataCollectionService: stats => 1688566317079,-293,4143
07-05 16:11:57.096 12249 12349 I BatteryMgr:DataCollectionService: stats => 1688566317096,-293,4143
07-05 16:11:57.113 12249 12349 I BatteryMgr:DataCollectionService: stats => 1688566317113,-293,4143
07-05 16:11:57.130 12249 12349 I BatteryMgr:DataCollectionService: stats => 1688566317130,-293,4143
07-05 16:11:57.146 12249 12349 I BatteryMgr:DataCollectionService: stats => 1688566317146,-293,4143
07-05 16:11:57.163 12249 12349 I BatteryMgr:DataCollectionService: stats => 1688566317163,-293,4143
07-05 16:11:57.179 12249 12349 I BatteryMgr:DataCollectionService: stats => 1688566317179,-293,4143
07-05 16:11:57.196 12249 12349 I BatteryMgr:DataCollectionService: stats => 1688566317196,-293,4143
07-05 16:11:57.212 12249 12349 I BatteryMgr:DataCollectionService: stats => 1688566317212,-293,4143
07-05 16:11:57.229 12249 12349 I BatteryMgr:DataCollectionService: stats => 1688566317229,-293,4143
07-05 16:11:57.246 12249 12349 I BatteryMgr:DataCollectionService: stats => 1688566317245,-293,4143
07-05 16:11:57.262 12249 12349 I BatteryMgr:DataCollectionService: stats => 1688566317262,-293,4143
07-05 16:11:57.278 12249 12349 I BatteryMgr:DataCollectionService: stats => 1688566317278,-293,4143
07-05 16:11:57.293 12249 12349 I BatteryMgr:DataCollectionService: stats => 1688566317293,-293,4143
07-05 16:11:57.308 12249 12349 I BatteryMgr:DataCollectionService: stats => 1688566317308,-293,4143
07-05 16:11:57.324 12249 12349 I BatteryMgr:DataCollectionService: stats => 1688566317323,-293,4143
07-05 16:11:57.337 12249 12349 I BatteryMgr:DataCollectionService: stats => 1688566317337,-293,4143
07-05 16:11:57.350 12249 12349 I BatteryMgr:DataCollectionService: stats => 1688566317350,-293,4143
07-05 16:11:57.363 12249 12349 I BatteryMgr:DataCollectionService: stats => 1688566317363,-293,4143
07-05 16:11:57.375 12249 12349 I BatteryMgr:DataCollectionService: stats => 1688566317375,-293,4143
07-05 16:11:57.389 12249 12349 I BatteryMgr:DataCollectionService: stats => 1688566317389,-293,4143
07-05 16:11:57.404 12249 12349 I BatteryMgr:DataCollectionService: stats => 1688566317404,-293,4143
07-05 16:11:57.419 12249 12349 I BatteryMgr:DataCollectionService: stats => 1688566317419,-293,4143
07-05 16:11:57.434 12249 12349 I BatteryMgr:DataCollectionService: stats => 1688566317434,-293,4143
07-05 16:11:57.449 12249 12349 I BatteryMgr:DataCollectionService: stats => 1688566317449,-293,4143
07-05 16:11:57.465 12249 12349 I BatteryMgr:DataCollectionService: stats => 1688566317465,-293,4143
07-05 16:11:57.480 12249 12349 I BatteryMgr:DataCollectionService: stats => 1688566317480,-293,4143
07-05 16:11:57.495 12249 12349 I BatteryMgr:DataCollectionService: stats => 1688566317495,-293,4143
07-05 16:11:57.511 12249 12349 I BatteryMgr:DataCollectionService: stats => 1688566317511,-293,4143
07-05 16:11:57.526 12249 12349 I BatteryMgr:DataCollectionService: stats => 1688566317526,-293,4143
07-05 16:11:57.543 12249 12349 I BatteryMgr:DataCollectionService: stats => 1688566317543,-293,4143
07-05 16:11:57.560 12249 12349 I BatteryMgr:DataCollectionService: stats => 1688566317559,-293,4143
07-05 16:11:57.573 12249 12349 I BatteryMgr:DataCollectionService: stats => 1688566317573,-293,4143
07-05 16:11:57.587 12249 12349 I BatteryMgr:DataCollectionService: stats => 1688566317587,-293,4143
07-05 16:11:57.600 12249 12349 I BatteryMgr:DataCollectionService: stats => 1688566317600,-293,4143
07-05 16:11:57.614 12249 12349 I BatteryMgr:DataCollectionService: stats => 1688566317614,-293,4143
07-05 16:11:57.628 12249 12349 I BatteryMgr:DataCollectionService: stats => 1688566317628,-293,4143
07-05 16:11:57.650 12249 12349 I BatteryMgr:DataCollectionService: stats => 1688566317650,-293,4143
07-05 16:11:57.667 12249 12349 I BatteryMgr:DataCollectionService: stats => 1688566317667,-293,4143
07-05 16:11:57.683 12249 12349 I BatteryMgr:DataCollectionService: stats => 1688566317683,-293,4143
07-05 16:11:57.699 12249 12349 I BatteryMgr:DataCollectionService: stats => 1688566317699,-293,4143
07-05 16:11:57.716 12249 12349 I BatteryMgr:DataCollectionService: stats => 1688566317715,-293,4143
07-05 16:11:57.732 12249 12349 I BatteryMgr:DataCollectionService: stats => 1688566317732,-293,4143
07-05 16:11:57.749 12249 12349 I BatteryMgr:DataCollectionService: stats => 1688566317749,-293,4143
07-05 16:11:57.766 12249 12349 I BatteryMgr:DataCollectionService: stats => 1688566317766,-293,4143
07-05 16:11:57.780 12249 12349 I BatteryMgr:DataCollectionService: stats => 1688566317780,-293,4143
07-05 16:11:57.793 12249 12349 I BatteryMgr:DataCollectionService: stats => 1688566317793,-293,4143
07-05 16:11:57.807 12249 12349 I BatteryMgr:DataCollectionService: stats => 1688566317807,-293,4143
07-05 16:11:57.821 12249 12349 I BatteryMgr:DataCollectionService: stats => 1688566317821,-293,4143
07-05 16:11:57.837 12249 12349 I BatteryMgr:DataCollectionService: stats => 1688566317837,-293,4143
07-05 16:11:57.854 12249 12349 I BatteryMgr:DataCollectionService: stats => 1688566317854,-293,4143
07-05 16:11:57.870 12249 12349 I BatteryMgr:DataCollectionService: stats => 1688566317870,-293,4143
07-05 16:11:57.887 12249 12349 I BatteryMgr:DataCollectionService: stats => 1688566317887,-293,4143
07-05 16:11:57.903 12249 12349 I BatteryMgr:DataCollectionService: stats => 1688566317903,-293,4143
07-05 16:11:57.920 12249 12349 I BatteryMgr:DataCollectionService: stats => 1688566317920,-293,4143
07-05 16:11:57.936 12249 12349 I BatteryMgr:DataCollectionService: stats => 1688566317936,-293,4143
07-05 16:11:57.953 12249 12349 I BatteryMgr:DataCollectionService: stats => 1688566317953,-293,4143
07-05 16:11:57.970 12249 12349 I BatteryMgr:DataCollectionService: stats => 1688566317969,-293,4143
07-05 16:11:57.986 12249 12349 I BatteryMgr:DataCollectionService: stats => 1688566317986,-293,4143
07-05 16:11:58.003 12249 12349 I BatteryMgr:DataCollectionService: stats => 1688566318002,-293,4143
07-05 16:11:58.019 12249 12349 I BatteryMgr:DataCollectionService: stats => 1688566318019,-293,4143
07-05 16:11:58.036 12249 12349 I BatteryMgr:DataCollectionService: stats => 1688566318035,-293,4143
07-05 16:11:58.052 12249 12349 I BatteryMgr:DataCollectionService: stats => 1688566318052,-293,4143
07-05 16:11:58.069 12249 12349 I BatteryMgr:DataCollectionService: stats => 1688566318069,-293,4143
07-05 16:11:58.086 12249 12349 I BatteryMgr:DataCollectionService: stats => 1688566318086,-293,4143
07-05 16:11:58.103 12249 12349 I BatteryMgr:DataCollectionService: stats => 1688566318103,-293,4143
07-05 16:11:58.119 12249 12349 I BatteryMgr:DataCollectionService: stats => 1688566318119,-293,4143
07-05 16:11:58.136 12249 12349 I BatteryMgr:DataCollectionService: stats => 1688566318136,-293,4143
07-05 16:11:58.153 12249 12349 I BatteryMgr:DataCollectionService: stats => 1688566318153,-293,4143
07-05 16:11:58.169 12249 12349 I BatteryMgr:DataCollectionService: stats => 1688566318169,-293,4143
07-05 16:11:58.186 12249 12349 I BatteryMgr:DataCollectionService: stats => 1688566318186,-293,4143
07-05 16:11:58.202 12249 12349 I BatteryMgr:DataCollectionService: stats => 1688566318202,-293,4143
07-05 16:11:58.218 12249 12349 I BatteryMgr:DataCollectionService: stats => 1688566318218,-293,4143
07-05 16:11:58.235 12249 12349 I BatteryMgr:DataCollectionService: stats => 1688566318235,-293,4143
07-05 16:11:58.251 12249 12349 I BatteryMgr:DataCollectionService: stats => 1688566318251,-293,4143
07-05 16:11:58.268 12249 12349 I BatteryMgr:DataCollectionService: stats => 1688566318268,-293,4143
07-05 16:11:58.285 12249 12349 I BatteryMgr:DataCollectionService: stats => 1688566318285,-293,4143
07-05 16:11:58.310 12249 12349 I BatteryMgr:DataCollectionService: stats => 1688566318310,-293,4143
07-05 16:11:58.327 12249 12349 I BatteryMgr:DataCollectionService: stats => 1688566318327,-293,4143
07-05 16:11:58.341 12249 12349 I BatteryMgr:DataCollectionService: stats => 1688566318341,-293,4143
07-05 16:11:58.354 12249 12349 I BatteryMgr:DataCollectionService: stats => 1688566318354,-293,4143
07-05 16:11:58.368 12249 12349 I BatteryMgr:DataCollectionService: stats => 1688566318368,-293,4143
07-05 16:11:58.382 12249 12349 I BatteryMgr:DataCollectionService: stats => 1688566318382,-293,4143
07-05 16:11:58.398 12249 12349 I BatteryMgr:DataCollectionService: stats => 1688566318398,-293,4143
07-05 16:11:58.413 12249 12349 I BatteryMgr:DataCollectionService: stats => 1688566318413,-293,4143
07-05 16:11:58.428 12249 12349 I BatteryMgr:DataCollectionService: stats => 1688566318428,-293,4143
07-05 16:11:58.443 12249 12349 I BatteryMgr:DataCollectionService: stats => 1688566318443,-293,4143
07-05 16:11:58.458 12249 12349 I BatteryMgr:DataCollectionService: stats => 1688566318458,-293,4143
07-05 16:11:58.473 12249 12349 I BatteryMgr:DataCollectionService: stats => 1688566318473,-293,4143
07-05 16:11:58.482 10061 12368 I wao     : Launching job ItemMessageAttachmentsDownloaderJob
07-05 16:11:58.482 10061 12368 I waa     : Starting Job(ItemMessageAttachmentsDownloaderJob#0.46) (priority=0)
07-05 16:11:58.483 10061 12371 I ooh     : Job(ItemMessageAttachmentsDownloaderJob#0.46) Account is not opted-in for attachment pre-caching, skipping attachment download.
07-05 16:11:58.483 10061 12371 I ooh     : Job(ItemMessageAttachmentsDownloaderJob#0.46) Scheduling next attachment download job in 300000 ms
07-05 16:11:58.485 10061 12371 I waa     : Job(ItemMessageAttachmentsDownloaderJob#0.46) Finished Job(ItemMessageAttachmentsDownloaderJob#0.46) (2 ms)
07-05 16:11:58.488 12249 12349 I BatteryMgr:DataCollectionService: stats => 1688566318488,-293,4143
07-05 16:11:58.503 12249 12349 I BatteryMgr:DataCollectionService: stats => 1688566318503,-293,4143
07-05 16:11:58.518 12249 12349 I BatteryMgr:DataCollectionService: stats => 1688566318518,-293,4143
07-05 16:11:58.533 12249 12349 I BatteryMgr:DataCollectionService: stats => 1688566318533,-293,4143
07-05 16:11:58.549 12249 12349 I BatteryMgr:DataCollectionService: stats => 1688566318549,-293,4143
07-05 16:11:58.566 12249 12349 I BatteryMgr:DataCollectionService: stats => 1688566318566,-293,4143
07-05 16:11:58.583 12249 12349 I BatteryMgr:DataCollectionService: stats => 1688566318582,-293,4143
07-05 16:11:58.599 12249 12349 I BatteryMgr:DataCollectionService: stats => 1688566318599,-293,4143
07-05 16:11:58.615 12249 12349 I BatteryMgr:DataCollectionService: stats => 1688566318615,-293,4143
07-05 16:11:58.631 12249 12349 I BatteryMgr:DataCollectionService: stats => 1688566318631,-293,4143
07-05 16:11:58.648 12249 12349 I BatteryMgr:DataCollectionService: stats => 1688566318648,-293,4143
07-05 16:11:58.664 12249 12349 I BatteryMgr:DataCollectionService: stats => 1688566318664,-293,4143
07-05 16:11:58.681 12249 12349 I BatteryMgr:DataCollectionService: stats => 1688566318681,-293,4143
07-05 16:11:58.698 12249 12349 I BatteryMgr:DataCollectionService: stats => 1688566318698,-293,4143
07-05 16:11:58.714 12249 12349 I BatteryMgr:DataCollectionService: stats => 1688566318714,-293,4143
07-05 16:11:58.730 12249 12349 I BatteryMgr:DataCollectionService: stats => 1688566318730,-293,4143
07-05 16:11:58.747 12249 12349 I BatteryMgr:DataCollectionService: stats => 1688566318747,-293,4143
07-05 16:11:58.763 12249 12349 I BatteryMgr:DataCollectionService: stats => 1688566318763,-293,4143
07-05 16:11:58.779 12249 12349 I BatteryMgr:DataCollectionService: stats => 1688566318779,-293,4143
07-05 16:11:58.789 10061 12371 I wao     : Launching job OfflineSearchIndexingJob
07-05 16:11:58.790 10061 12371 I waa     : Starting Job(OfflineSearchIndexingJob#0.47) (priority=0)
07-05 16:11:58.795 10061 12368 I wnp     : Job(OfflineSearchIndexingJob#0.47) Started new READ_ONLY transaction readtx43 [readDatabaseResultsToIndex]
07-05 16:11:58.796 12249 12349 I BatteryMgr:DataCollectionService: stats => 1688566318796,-293,4143
07-05 16:11:58.810 10061 10283 I wnp     : Closing transaction readtx43 [readDatabaseResultsToIndex]: Stats[1 Reads (rows: 1)]
07-05 16:11:58.813 12249 12349 I BatteryMgr:DataCollectionService: stats => 1688566318813,-293,4143
07-05 16:11:58.814 10061 12368 I mqc     : Job(OfflineSearchIndexingJob#0.47) Already caught up to the current max write_sequence_id
07-05 16:11:58.814 10061 12368 I mqc     : Job(OfflineSearchIndexingJob#0.47) Scheduling next offline search indexing in 60000 ms
07-05 16:11:58.816 10061 12371 I waa     : Job(OfflineSearchIndexingJob#0.47) Finished Job(OfflineSearchIndexingJob#0.47) (25 ms)
07-05 16:11:58.829 12249 12349 I BatteryMgr:DataCollectionService: stats => 1688566318829,-293,4143
07-05 16:11:58.845 12249 12349 I BatteryMgr:DataCollectionService: stats => 1688566318845,-293,4143
07-05 16:11:58.861 12249 12349 I BatteryMgr:DataCollectionService: stats => 1688566318861,-293,4143
07-05 16:11:58.877 12249 12349 I BatteryMgr:DataCollectionService: stats => 1688566318877,-293,4143
07-05 16:11:58.894 12249 12349 I BatteryMgr:DataCollectionService: stats => 1688566318893,-293,4143
07-05 16:11:58.910 12249 12349 I BatteryMgr:DataCollectionService: stats => 1688566318910,-293,4143
07-05 16:11:58.927 12249 12349 I BatteryMgr:DataCollectionService: stats => 1688566318927,-293,4143
07-05 16:11:58.943 12249 12349 I BatteryMgr:DataCollectionService: stats => 1688566318943,-293,4143
07-05 16:11:58.960 12249 12349 I BatteryMgr:DataCollectionService: stats => 1688566318960,-293,4143
07-05 16:11:58.976 12249 12349 I BatteryMgr:DataCollectionService: stats => 1688566318976,-293,4143
07-05 16:11:58.992 12249 12349 I BatteryMgr:DataCollectionService: stats => 1688566318992,-293,4143
07-05 16:11:59.009 12249 12349 I BatteryMgr:DataCollectionService: stats => 1688566319009,-293,4143
07-05 16:11:59.025 12249 12349 I BatteryMgr:DataCollectionService: stats => 1688566319025,-293,4143
07-05 16:11:59.041 12249 12349 I BatteryMgr:DataCollectionService: stats => 1688566319041,-293,4143
07-05 16:11:59.058 12249 12349 I BatteryMgr:DataCollectionService: stats => 1688566319058,-293,4143
07-05 16:11:59.074 12249 12349 I BatteryMgr:DataCollectionService: stats => 1688566319074,-293,4143
07-05 16:11:59.091 12249 12349 I BatteryMgr:DataCollectionService: stats => 1688566319091,-293,4143
07-05 16:11:59.107 12249 12349 I BatteryMgr:DataCollectionService: stats => 1688566319106,-293,4143
07-05 16:11:59.122 12249 12349 I BatteryMgr:DataCollectionService: stats => 1688566319122,-293,4143
07-05 16:11:59.138 12249 12349 I BatteryMgr:DataCollectionService: stats => 1688566319138,-293,4143
07-05 16:11:59.155 12249 12349 I BatteryMgr:DataCollectionService: stats => 1688566319155,-293,4143
07-05 16:11:59.171 12249 12349 I BatteryMgr:DataCollectionService: stats => 1688566319171,-293,4143
07-05 16:11:59.187 12249 12349 I BatteryMgr:DataCollectionService: stats => 1688566319187,-293,4143
07-05 16:11:59.203 12249 12349 I BatteryMgr:DataCollectionService: stats => 1688566319203,-293,4143
07-05 16:11:59.220 12249 12349 I BatteryMgr:DataCollectionService: stats => 1688566319220,-293,4143
07-05 16:11:59.236 12249 12349 I BatteryMgr:DataCollectionService: stats => 1688566319236,-293,4143
07-05 16:11:59.252 12249 12349 I BatteryMgr:DataCollectionService: stats => 1688566319252,-293,4143
07-05 16:11:59.269 12249 12349 I BatteryMgr:DataCollectionService: stats => 1688566319269,-293,4143
07-05 16:11:59.285 12249 12349 I BatteryMgr:DataCollectionService: stats => 1688566319285,-293,4143
07-05 16:11:59.302 12249 12349 I BatteryMgr:DataCollectionService: stats => 1688566319302,-293,4143
07-05 16:11:59.318 12249 12349 I BatteryMgr:DataCollectionService: stats => 1688566319318,-293,4143
07-05 16:11:59.335 12249 12349 I BatteryMgr:DataCollectionService: stats => 1688566319335,-293,4143
07-05 16:11:59.351 12249 12349 I BatteryMgr:DataCollectionService: stats => 1688566319351,-293,4143
07-05 16:11:59.367 12249 12349 I BatteryMgr:DataCollectionService: stats => 1688566319367,-293,4143
07-05 16:11:59.385 12249 12349 I BatteryMgr:DataCollectionService: stats => 1688566319385,-293,4143
07-05 16:11:59.401 12249 12349 I BatteryMgr:DataCollectionService: stats => 1688566319401,-293,4143
07-05 16:11:59.418 12249 12349 I BatteryMgr:DataCollectionService: stats => 1688566319418,-293,4143
07-05 16:11:59.434 12249 12349 I BatteryMgr:DataCollectionService: stats => 1688566319434,-293,4143
07-05 16:11:59.450 12249 12349 I BatteryMgr:DataCollectionService: stats => 1688566319450,-293,4143
07-05 16:11:59.467 12249 12349 I BatteryMgr:DataCollectionService: stats => 1688566319467,-293,4143
07-05 16:11:59.483 12249 12349 I BatteryMgr:DataCollectionService: stats => 1688566319483,-293,4143
07-05 16:11:59.500 12249 12349 I BatteryMgr:DataCollectionService: stats => 1688566319500,-293,4143
07-05 16:11:59.516 12249 12349 I BatteryMgr:DataCollectionService: stats => 1688566319516,-293,4143
07-05 16:11:59.533 12249 12349 I BatteryMgr:DataCollectionService: stats => 1688566319533,-293,4143
07-05 16:11:59.548 12249 12349 I BatteryMgr:DataCollectionService: stats => 1688566319548,-293,4143
07-05 16:11:59.563 12249 12349 I BatteryMgr:DataCollectionService: stats => 1688566319563,-293,4143
07-05 16:11:59.578 12249 12349 I BatteryMgr:DataCollectionService: stats => 1688566319578,-293,4143
07-05 16:11:59.593 12249 12349 I BatteryMgr:DataCollectionService: stats => 1688566319593,-293,4143
07-05 16:11:59.608 12249 12349 I BatteryMgr:DataCollectionService: stats => 1688566319608,-293,4143
07-05 16:11:59.623 12249 12349 I BatteryMgr:DataCollectionService: stats => 1688566319623,-293,4143
07-05 16:11:59.636 12249 12349 I BatteryMgr:DataCollectionService: stats => 1688566319636,-293,4143
07-05 16:11:59.649 12249 12349 I BatteryMgr:DataCollectionService: stats => 1688566319649,-293,4143
07-05 16:11:59.662 12249 12349 I BatteryMgr:DataCollectionService: stats => 1688566319662,-293,4143
07-05 16:11:59.675 12249 12349 I BatteryMgr:DataCollectionService: stats => 1688566319675,-293,4143
07-05 16:11:59.689 12249 12349 I BatteryMgr:DataCollectionService: stats => 1688566319689,-293,4143
07-05 16:11:59.703 12249 12349 I BatteryMgr:DataCollectionService: stats => 1688566319703,-293,4143
07-05 16:11:59.710 12294 12306 I zygote64: Background concurrent copying GC freed 160843(4MB) AllocSpace objects, 0(0B) LOS objects, 49% free, 3MB/7MB, paused 164us total 109.503ms
07-05 16:11:59.716 12249 12349 I BatteryMgr:DataCollectionService: stats => 1688566319716,-293,4143
07-05 16:11:59.729 12249 12349 I BatteryMgr:DataCollectionService: stats => 1688566319729,-293,4143
07-05 16:11:59.742 12249 12349 I BatteryMgr:DataCollectionService: stats => 1688566319742,-293,4143
07-05 16:11:59.755 12249 12349 I BatteryMgr:DataCollectionService: stats => 1688566319755,-293,4143
07-05 16:11:59.767 12249 12349 I BatteryMgr:DataCollectionService: stats => 1688566319767,-293,4143
07-05 16:11:59.782 12249 12349 I BatteryMgr:DataCollectionService: stats => 1688566319782,-293,4143
07-05 16:11:59.797 12249 12349 I BatteryMgr:DataCollectionService: stats => 1688566319797,-293,4143
07-05 16:11:59.810  3962  6674 D SSRM:k  : SIOP:: AP = 250, PST = 245 (W:30), BAT = 232, USB = 0, CHG = 0
07-05 16:11:59.814 12249 12349 I BatteryMgr:DataCollectionService: stats => 1688566319814,-293,4143
07-05 16:11:59.831 12249 12349 I BatteryMgr:DataCollectionService: stats => 1688566319831,-293,4143
07-05 16:11:59.847 12249 12349 I BatteryMgr:DataCollectionService: stats => 1688566319847,-293,4143
07-05 16:11:59.862 12249 12349 I BatteryMgr:DataCollectionService: stats => 1688566319862,-293,4143
07-05 16:11:59.879 12249 12349 I BatteryMgr:DataCollectionService: stats => 1688566319879,-293,4143
07-05 16:11:59.895 12249 12349 I BatteryMgr:DataCollectionService: stats => 1688566319895,-293,4143
07-05 16:11:59.911 12249 12349 I BatteryMgr:DataCollectionService: stats => 1688566319911,-293,4143
07-05 16:11:59.928 12249 12349 I BatteryMgr:DataCollectionService: stats => 1688566319927,-293,4143
07-05 16:11:59.944 12249 12349 I BatteryMgr:DataCollectionService: stats => 1688566319944,-293,4143
07-05 16:11:59.948  3437  3437 I android.hardware.wifi@1.0-service: getLinkLayerStats
07-05 16:11:59.961 12249 12349 I BatteryMgr:DataCollectionService: stats => 1688566319961,-293,4143
07-05 16:11:59.977 12249 12349 I BatteryMgr:DataCollectionService: stats => 1688566319977,-293,4143
07-05 16:11:59.993 12249 12349 I BatteryMgr:DataCollectionService: stats => 1688566319993,-293,4143
07-05 16:12:00.001  3962  4052 D SamsungAlarmManager: Expired : 8
07-05 16:12:00.002  3962  4052 V SamsungAlarmManager: Sending to uid : 1000 action=android.intent.action.TIME_TICK alarm=Alarm{3de07b4 type 3 when 761784 android}
07-05 16:12:00.009  3962  3962 D SamsungAlarmManager: setExact Intent (T:3/F:1/AC:false) 20230705T161259 - CU:1000/CP:3962
07-05 16:12:00.010 12249 12349 I BatteryMgr:DataCollectionService: stats => 1688566320010,-293,4143
07-05 16:12:00.012  4350  4350 D KeyguardUpdateMonitor: received broadcast android.intent.action.TIME_TICK
07-05 16:12:00.013  4350  4350 D KeyguardServiceBoxContainer: refreshTime() 1
07-05 16:12:00.027 12249 12349 I BatteryMgr:DataCollectionService: stats => 1688566320026,-293,4143
07-05 16:12:00.043 12249 12349 I BatteryMgr:DataCollectionService: stats => 1688566320042,-293,4143
07-05 16:12:00.047  4350  4350 D KeyguardUpdateMonitor: handleStatusBarState( false )
07-05 16:12:00.056 12249 12349 I BatteryMgr:DataCollectionService: stats => 1688566320056,-293,4143
07-05 16:12:00.070 12249 12349 I BatteryMgr:DataCollectionService: stats => 1688566320070,-293,4143
07-05 16:12:00.071  4350  4350 D KeyguardUpdateMonitor: handleStatusBarState( false )
07-05 16:12:00.084 12249 12349 I BatteryMgr:DataCollectionService: stats => 1688566320083,-293,4143
07-05 16:12:00.097 12249 12349 I BatteryMgr:DataCollectionService: stats => 1688566320097,-293,4143
07-05 16:12:00.110 12249 12349 I BatteryMgr:DataCollectionService: stats => 1688566320110,-293,4143
07-05 16:12:00.124 12249 12349 I BatteryMgr:DataCollectionService: stats => 1688566320124,-293,4143
07-05 16:12:00.138 12249 12349 I BatteryMgr:DataCollectionService: stats => 1688566320138,-293,4143
07-05 16:12:00.151 12249 12349 I BatteryMgr:DataCollectionService: stats => 1688566320151,-293,4143
07-05 16:12:00.165 12249 12349 I BatteryMgr:DataCollectionService: stats => 1688566320165,-293,4143
07-05 16:12:00.180 12249 12349 I BatteryMgr:DataCollectionService: stats => 1688566320180,-293,4143
07-05 16:12:00.194 12249 12349 I BatteryMgr:DataCollectionService: stats => 1688566320194,-293,4143
07-05 16:12:00.209 12249 12349 I BatteryMgr:DataCollectionService: stats => 1688566320209,-293,4143
07-05 16:12:00.224 12249 12349 I BatteryMgr:DataCollectionService: stats => 1688566320224,-293,4143
07-05 16:12:00.238 12249 12349 I BatteryMgr:DataCollectionService: stats => 1688566320238,-293,4143
07-05 16:12:00.253 12249 12349 I BatteryMgr:DataCollectionService: stats => 1688566320253,-293,4143
07-05 16:12:00.268 12249 12349 I BatteryMgr:DataCollectionService: stats => 1688566320268,-293,4143
07-05 16:12:00.284 12249 12349 I BatteryMgr:DataCollectionService: stats => 1688566320284,-293,4143
07-05 16:12:00.301 12249 12349 I BatteryMgr:DataCollectionService: stats => 1688566320301,-293,4143
07-05 16:12:00.318 12249 12349 I BatteryMgr:DataCollectionService: stats => 1688566320318,-293,4143
07-05 16:12:00.334 12249 12349 I BatteryMgr:DataCollectionService: stats => 1688566320334,-293,4143
07-05 16:12:00.350 12249 12349 I BatteryMgr:DataCollectionService: stats => 1688566320350,-293,4143
07-05 16:12:00.367 12249 12349 I BatteryMgr:DataCollectionService: stats => 1688566320366,-293,4143
07-05 16:12:00.383 12249 12349 I BatteryMgr:DataCollectionService: stats => 1688566320383,-293,4143
07-05 16:12:00.399 12249 12349 I BatteryMgr:DataCollectionService: stats => 1688566320399,-293,4143
07-05 16:12:00.415 12249 12349 I BatteryMgr:DataCollectionService: stats => 1688566320415,-293,4143
07-05 16:12:00.436 12249 12349 I BatteryMgr:DataCollectionService: stats => 1688566320436,-293,4143
07-05 16:12:00.451 12249 12349 I BatteryMgr:DataCollectionService: stats => 1688566320451,-293,4143
07-05 16:12:00.464 12249 12349 I BatteryMgr:DataCollectionService: stats => 1688566320464,-293,4143
07-05 16:12:00.478 12249 12349 I BatteryMgr:DataCollectionService: stats => 1688566320478,-293,4143
07-05 16:12:00.491 12249 12349 I BatteryMgr:DataCollectionService: stats => 1688566320491,-293,4143
07-05 16:12:00.506 12249 12349 I BatteryMgr:DataCollectionService: stats => 1688566320505,-293,4143
07-05 16:12:00.522 12249 12349 I BatteryMgr:DataCollectionService: stats => 1688566320522,-293,4143
07-05 16:12:00.538 12249 12349 I BatteryMgr:DataCollectionService: stats => 1688566320538,-293,4143
07-05 16:12:00.555 12249 12349 I BatteryMgr:DataCollectionService: stats => 1688566320555,-293,4143
07-05 16:12:00.571 12249 12349 I BatteryMgr:DataCollectionService: stats => 1688566320571,-293,4143
07-05 16:12:00.587 12249 12349 I BatteryMgr:DataCollectionService: stats => 1688566320587,-293,4143
07-05 16:12:00.604 12249 12349 I BatteryMgr:DataCollectionService: stats => 1688566320604,-293,4143
07-05 16:12:00.620 12249 12349 I BatteryMgr:DataCollectionService: stats => 1688566320620,-293,4143
07-05 16:12:00.636 12249 12349 I BatteryMgr:DataCollectionService: stats => 1688566320636,-293,4143
07-05 16:12:00.653 12249 12349 I BatteryMgr:DataCollectionService: stats => 1688566320652,-293,4143
07-05 16:12:00.668 12249 12349 I BatteryMgr:DataCollectionService: stats => 1688566320668,-293,4143
07-05 16:12:00.683 12249 12349 I BatteryMgr:DataCollectionService: stats => 1688566320683,-293,4143
07-05 16:12:00.698 12249 12349 I BatteryMgr:DataCollectionService: stats => 1688566320698,-293,4143
07-05 16:12:00.713 12249 12349 I BatteryMgr:DataCollectionService: stats => 1688566320713,-293,4143
07-05 16:12:00.728 12249 12349 I BatteryMgr:DataCollectionService: stats => 1688566320728,-293,4143
07-05 16:12:00.742 12249 12349 I BatteryMgr:DataCollectionService: stats => 1688566320742,-293,4143
07-05 16:12:00.757 12249 12349 I BatteryMgr:DataCollectionService: stats => 1688566320757,-293,4143
07-05 16:12:00.772 12249 12349 I BatteryMgr:DataCollectionService: stats => 1688566320772,-293,4143
07-05 16:12:00.787 12249 12349 I BatteryMgr:DataCollectionService: stats => 1688566320787,-293,4143
07-05 16:12:00.802 12249 12349 I BatteryMgr:DataCollectionService: stats => 1688566320802,-293,4143
07-05 16:12:00.817 12249 12349 I BatteryMgr:DataCollectionService: stats => 1688566320817,-293,4143
07-05 16:12:00.834 12249 12349 I BatteryMgr:DataCollectionService: stats => 1688566320834,-293,4143
07-05 16:12:00.850 12249 12349 I BatteryMgr:DataCollectionService: stats => 1688566320850,-293,4143
07-05 16:12:00.866 12249 12349 I BatteryMgr:DataCollectionService: stats => 1688566320866,-293,4143
07-05 16:12:00.883 12249 12349 I BatteryMgr:DataCollectionService: stats => 1688566320883,-293,4143
07-05 16:12:00.899 12249 12349 I BatteryMgr:DataCollectionService: stats => 1688566320899,-293,4143
07-05 16:12:00.915 12249 12349 I BatteryMgr:DataCollectionService: stats => 1688566320915,-293,4143
07-05 16:12:00.931 12249 12349 I BatteryMgr:DataCollectionService: stats => 1688566320931,-293,4143
07-05 16:12:00.948 12249 12349 I BatteryMgr:DataCollectionService: stats => 1688566320948,-293,4143
07-05 16:12:00.964 12249 12349 I BatteryMgr:DataCollectionService: stats => 1688566320964,-293,4143
07-05 16:12:00.980 12249 12349 I BatteryMgr:DataCollectionService: stats => 1688566320980,-293,4143
07-05 16:12:00.997 12249 12349 I BatteryMgr:DataCollectionService: stats => 1688566320996,-293,4143
07-05 16:12:01.013 12249 12349 I BatteryMgr:DataCollectionService: stats => 1688566321013,-293,4143
07-05 16:12:01.030 12249 12349 I BatteryMgr:DataCollectionService: stats => 1688566321029,-293,4143
07-05 16:12:01.046 12249 12349 I BatteryMgr:DataCollectionService: stats => 1688566321046,-293,4143
07-05 16:12:01.062 12249 12349 I BatteryMgr:DataCollectionService: stats => 1688566321062,-293,4143
07-05 16:12:01.078 12249 12349 I BatteryMgr:DataCollectionService: stats => 1688566321078,-293,4143
07-05 16:12:01.095 12249 12349 I BatteryMgr:DataCollectionService: stats => 1688566321095,-293,4143
07-05 16:12:01.111 12249 12349 I BatteryMgr:DataCollectionService: stats => 1688566321111,-293,4143
07-05 16:12:01.128 12249 12349 I BatteryMgr:DataCollectionService: stats => 1688566321128,-293,4143
07-05 16:12:01.145 12249 12349 I BatteryMgr:DataCollectionService: stats => 1688566321145,-293,4143
07-05 16:12:01.161 12249 12349 I BatteryMgr:DataCollectionService: stats => 1688566321161,-293,4143
07-05 16:12:01.178 12249 12349 I BatteryMgr:DataCollectionService: stats => 1688566321178,-293,4143
07-05 16:12:01.194 12249 12349 I BatteryMgr:DataCollectionService: stats => 1688566321194,-293,4143
07-05 16:12:01.210 12249 12349 I BatteryMgr:DataCollectionService: stats => 1688566321210,-293,4143
07-05 16:12:01.227 12249 12349 I BatteryMgr:DataCollectionService: stats => 1688566321226,-293,4143
07-05 16:12:01.243 12249 12349 I BatteryMgr:DataCollectionService: stats => 1688566321243,-293,4143
07-05 16:12:01.259 12249 12349 I BatteryMgr:DataCollectionService: stats => 1688566321259,-293,4143
07-05 16:12:01.275 12249 12349 I BatteryMgr:DataCollectionService: stats => 1688566321275,-293,4143
07-05 16:12:01.291 12249 12349 I BatteryMgr:DataCollectionService: stats => 1688566321291,-293,4143
07-05 16:12:01.307 12249 12349 I BatteryMgr:DataCollectionService: stats => 1688566321307,-293,4143
07-05 16:12:01.323 12249 12349 I BatteryMgr:DataCollectionService: stats => 1688566321323,-293,4143
07-05 16:12:01.340 12249 12349 I BatteryMgr:DataCollectionService: stats => 1688566321340,-293,4143
07-05 16:12:01.357 12249 12349 I BatteryMgr:DataCollectionService: stats => 1688566321357,-293,4143
07-05 16:12:01.374 12249 12349 I BatteryMgr:DataCollectionService: stats => 1688566321373,-293,4143
07-05 16:12:01.390 12249 12349 I BatteryMgr:DataCollectionService: stats => 1688566321390,-293,4143
07-05 16:12:01.406 12249 12349 I BatteryMgr:DataCollectionService: stats => 1688566321406,-293,4143
07-05 16:12:01.422 12249 12349 I BatteryMgr:DataCollectionService: stats => 1688566321422,-293,4143
07-05 16:12:01.438 12249 12349 I BatteryMgr:DataCollectionService: stats => 1688566321438,-293,4143
07-05 16:12:01.454 12249 12349 I BatteryMgr:DataCollectionService: stats => 1688566321454,-293,4143
07-05 16:12:01.470 12249 12349 I BatteryMgr:DataCollectionService: stats => 1688566321470,-293,4143
07-05 16:12:01.487 12249 12349 I BatteryMgr:DataCollectionService: stats => 1688566321487,-293,4143
07-05 16:12:01.503 12249 12349 I BatteryMgr:DataCollectionService: stats => 1688566321503,-293,4143
07-05 16:12:01.519 12249 12349 I BatteryMgr:DataCollectionService: stats => 1688566321519,-293,4143
07-05 16:12:01.536 12249 12349 I BatteryMgr:DataCollectionService: stats => 1688566321536,-293,4143
07-05 16:12:01.552 12249 12349 I BatteryMgr:DataCollectionService: stats => 1688566321552,-293,4143
07-05 16:12:01.568 12249 12349 I BatteryMgr:DataCollectionService: stats => 1688566321568,-293,4143
07-05 16:12:01.585 12249 12349 I BatteryMgr:DataCollectionService: stats => 1688566321584,-293,4143
07-05 16:12:01.601 12249 12349 I BatteryMgr:DataCollectionService: stats => 1688566321601,-293,4143
07-05 16:12:01.618 12249 12349 I BatteryMgr:DataCollectionService: stats => 1688566321617,-293,4143
07-05 16:12:01.634 12249 12349 I BatteryMgr:DataCollectionService: stats => 1688566321634,-293,4143
07-05 16:12:01.651 12249 12349 I BatteryMgr:DataCollectionService: stats => 1688566321651,-293,4143
07-05 16:12:01.667 12249 12349 I BatteryMgr:DataCollectionService: stats => 1688566321667,-293,4143
07-05 16:12:01.683 12249 12349 I BatteryMgr:DataCollectionService: stats => 1688566321683,-293,4143
07-05 16:12:01.700 12249 12349 I BatteryMgr:DataCollectionService: stats => 1688566321700,-293,4143
07-05 16:12:01.716 12249 12349 I BatteryMgr:DataCollectionService: stats => 1688566321716,-293,4143
07-05 16:12:01.733 12249 12349 I BatteryMgr:DataCollectionService: stats => 1688566321733,-293,4143
07-05 16:12:01.749 12249 12349 I BatteryMgr:DataCollectionService: stats => 1688566321749,-293,4143
07-05 16:12:01.766 12249 12349 I BatteryMgr:DataCollectionService: stats => 1688566321766,-293,4143
07-05 16:12:01.782 12249 12349 I BatteryMgr:DataCollectionService: stats => 1688566321782,-293,4143
07-05 16:12:01.798 12249 12349 I BatteryMgr:DataCollectionService: stats => 1688566321798,-293,4143
07-05 16:12:01.814 12249 12349 I BatteryMgr:DataCollectionService: stats => 1688566321814,-293,4143
07-05 16:12:01.829 12249 12349 I BatteryMgr:DataCollectionService: stats => 1688566321829,-293,4143
07-05 16:12:01.844 12249 12349 I BatteryMgr:DataCollectionService: stats => 1688566321844,-293,4143
07-05 16:12:01.858 12249 12349 I BatteryMgr:DataCollectionService: stats => 1688566321858,-293,4143
07-05 16:12:01.873 12249 12349 I BatteryMgr:DataCollectionService: stats => 1688566321873,-293,4143
07-05 16:12:01.888 12249 12349 I BatteryMgr:DataCollectionService: stats => 1688566321888,-293,4143
07-05 16:12:01.902 12249 12349 I BatteryMgr:DataCollectionService: stats => 1688566321902,-293,4143
07-05 16:12:01.915 12249 12349 I BatteryMgr:DataCollectionService: stats => 1688566321915,-293,4143
07-05 16:12:01.927 12249 12349 I BatteryMgr:DataCollectionService: stats => 1688566321927,-293,4143
07-05 16:12:01.940 12249 12349 I BatteryMgr:DataCollectionService: stats => 1688566321940,-293,4143
07-05 16:12:01.953 12249 12349 I BatteryMgr:DataCollectionService: stats => 1688566321953,-293,4143
07-05 16:12:01.967 12249 12349 I BatteryMgr:DataCollectionService: stats => 1688566321967,-293,4143
07-05 16:12:01.971 12294 12306 I zygote64: Background concurrent copying GC freed 174177(4MB) AllocSpace objects, 0(0B) LOS objects, 49% free, 3MB/6MB, paused 166us total 104.478ms
07-05 16:12:01.981 12249 12349 I BatteryMgr:DataCollectionService: stats => 1688566321981,-293,4143
07-05 16:12:01.995 12249 12349 I BatteryMgr:DataCollectionService: stats => 1688566321995,-293,4143
07-05 16:12:02.009 12249 12349 I BatteryMgr:DataCollectionService: stats => 1688566322008,-293,4143
07-05 16:12:02.023 12249 12349 I BatteryMgr:DataCollectionService: stats => 1688566322023,-293,4143
07-05 16:12:02.038 12249 12349 I BatteryMgr:DataCollectionService: stats => 1688566322038,-293,4143
07-05 16:12:02.053 12249 12349 I BatteryMgr:DataCollectionService: stats => 1688566322053,-293,4143
07-05 16:12:02.069 12249 12349 I BatteryMgr:DataCollectionService: stats => 1688566322069,-293,4143
07-05 16:12:02.085 12249 12349 I BatteryMgr:DataCollectionService: stats => 1688566322085,-293,4143
07-05 16:12:02.102 12249 12349 I BatteryMgr:DataCollectionService: stats => 1688566322102,-293,4143
07-05 16:12:02.118 12249 12349 I BatteryMgr:DataCollectionService: stats => 1688566322118,-293,4143
07-05 16:12:02.134 12249 12349 I BatteryMgr:DataCollectionService: stats => 1688566322134,-293,4143
07-05 16:12:02.150 12249 12349 I BatteryMgr:DataCollectionService: stats => 1688566322150,-293,4143
07-05 16:12:02.167 12249 12349 I BatteryMgr:DataCollectionService: stats => 1688566322167,-293,4143
07-05 16:12:02.183 12249 12349 I BatteryMgr:DataCollectionService: stats => 1688566322183,-293,4143
07-05 16:12:02.199 12249 12349 I BatteryMgr:DataCollectionService: stats => 1688566322199,-293,4143
07-05 16:12:02.215 12249 12349 I BatteryMgr:DataCollectionService: stats => 1688566322215,-293,4143
07-05 16:12:02.231 12249 12349 I BatteryMgr:DataCollectionService: stats => 1688566322231,-293,4143
07-05 16:12:02.248 12249 12349 I BatteryMgr:DataCollectionService: stats => 1688566322247,-293,4143
07-05 16:12:02.264 12249 12349 I BatteryMgr:DataCollectionService: stats => 1688566322264,-293,4143
07-05 16:12:02.280 12249 12349 I BatteryMgr:DataCollectionService: stats => 1688566322280,-293,4143
07-05 16:12:02.296 12249 12349 I BatteryMgr:DataCollectionService: stats => 1688566322296,-293,4143
07-05 16:12:02.313 12249 12349 I BatteryMgr:DataCollectionService: stats => 1688566322313,-293,4143
07-05 16:12:02.329 12249 12349 I BatteryMgr:DataCollectionService: stats => 1688566322329,-293,4143
07-05 16:12:02.346 12249 12349 I BatteryMgr:DataCollectionService: stats => 1688566322346,-293,4143
07-05 16:12:02.362 12249 12349 I BatteryMgr:DataCollectionService: stats => 1688566322362,-293,4143
07-05 16:12:02.379 12249 12349 I BatteryMgr:DataCollectionService: stats => 1688566322379,-293,4143
07-05 16:12:02.395 12249 12349 I BatteryMgr:DataCollectionService: stats => 1688566322395,-293,4143
07-05 16:12:02.411 12249 12349 I BatteryMgr:DataCollectionService: stats => 1688566322411,-293,4143
07-05 16:12:02.428 12249 12349 I BatteryMgr:DataCollectionService: stats => 1688566322428,-293,4143
07-05 16:12:02.444 12249 12349 I BatteryMgr:DataCollectionService: stats => 1688566322444,-293,4143
07-05 16:12:02.461 12249 12349 I BatteryMgr:DataCollectionService: stats => 1688566322461,-293,4143
07-05 16:12:02.477 12249 12349 I BatteryMgr:DataCollectionService: stats => 1688566322477,-293,4143
07-05 16:12:02.493 12249 12349 I BatteryMgr:DataCollectionService: stats => 1688566322493,-293,4143
07-05 16:12:02.510 12249 12349 I BatteryMgr:DataCollectionService: stats => 1688566322510,-293,4143
07-05 16:12:02.527 12249 12349 I BatteryMgr:DataCollectionService: stats => 1688566322527,-293,4143
07-05 16:12:02.543 12249 12349 I BatteryMgr:DataCollectionService: stats => 1688566322543,-293,4143
07-05 16:12:02.559 12249 12349 I BatteryMgr:DataCollectionService: stats => 1688566322559,-293,4143
07-05 16:12:02.575 12249 12349 I BatteryMgr:DataCollectionService: stats => 1688566322575,-293,4143
07-05 16:12:02.591 12249 12349 I BatteryMgr:DataCollectionService: stats => 1688566322591,-293,4143
07-05 16:12:02.608 12249 12349 I BatteryMgr:DataCollectionService: stats => 1688566322608,-293,4143
07-05 16:12:02.624 12249 12349 I BatteryMgr:DataCollectionService: stats => 1688566322624,-293,4143
07-05 16:12:02.640 12249 12349 I BatteryMgr:DataCollectionService: stats => 1688566322639,-293,4143
07-05 16:12:02.656 12249 12349 I BatteryMgr:DataCollectionService: stats => 1688566322656,-293,4143
07-05 16:12:02.672 12249 12349 I BatteryMgr:DataCollectionService: stats => 1688566322672,-293,4143
07-05 16:12:02.689 12249 12349 I BatteryMgr:DataCollectionService: stats => 1688566322689,-293,4143
07-05 16:12:02.705 12249 12349 I BatteryMgr:DataCollectionService: stats => 1688566322705,-293,4143
07-05 16:12:02.722 12249 12349 I BatteryMgr:DataCollectionService: stats => 1688566322722,-293,4143
07-05 16:12:02.738 12249 12349 I BatteryMgr:DataCollectionService: stats => 1688566322738,-293,4143
07-05 16:12:02.754 12249 12349 I BatteryMgr:DataCollectionService: stats => 1688566322754,-293,4143
07-05 16:12:02.770 12249 12349 I BatteryMgr:DataCollectionService: stats => 1688566322770,-293,4143
07-05 16:12:02.787 12249 12349 I BatteryMgr:DataCollectionService: stats => 1688566322787,-293,4143
07-05 16:12:02.803 12249 12349 I BatteryMgr:DataCollectionService: stats => 1688566322803,-293,4143
07-05 16:12:02.819 12249 12349 I BatteryMgr:DataCollectionService: stats => 1688566322819,-293,4143
07-05 16:12:02.836 12249 12349 I BatteryMgr:DataCollectionService: stats => 1688566322836,-293,4143
07-05 16:12:02.852 12249 12349 I BatteryMgr:DataCollectionService: stats => 1688566322852,-293,4143
07-05 16:12:02.868 12249 12349 I BatteryMgr:DataCollectionService: stats => 1688566322868,-293,4143
07-05 16:12:02.885 12249 12349 I BatteryMgr:DataCollectionService: stats => 1688566322885,-293,4143
07-05 16:12:02.901 12249 12349 I BatteryMgr:DataCollectionService: stats => 1688566322901,-293,4143
07-05 16:12:02.918 12249 12349 I BatteryMgr:DataCollectionService: stats => 1688566322918,-293,4143
07-05 16:12:02.933 12249 12349 I BatteryMgr:DataCollectionService: stats => 1688566322933,-293,4143
07-05 16:12:02.948 12249 12349 I BatteryMgr:DataCollectionService: stats => 1688566322948,-293,4143
