07-05 13:03:47.102 27912 28058 I BatteryMgr:DataCollectionService: stats => 1688555027102,356562,4167
07-05 13:03:47.114 27912 28058 I BatteryMgr:DataCollectionService: stats => 1688555027114,356562,4167
07-05 13:03:47.117  1502  1502 I EaselThermalMonitor: Cooling Device: mnh cur_state 0 max_state 4
07-05 13:03:47.117  1502  1502 I EaselThermalMonitor: Cooling Device: mnh cur_state 0 max_state 4
07-05 13:03:47.127 27912 28058 I BatteryMgr:DataCollectionService: stats => 1688555027127,356562,4167
07-05 13:03:47.140 27912 28058 I BatteryMgr:DataCollectionService: stats => 1688555027140,356562,4167
07-05 13:03:47.154 27912 28058 I BatteryMgr:DataCollectionService: stats => 1688555027153,301875,4167
07-05 13:03:47.167 27912 28058 I BatteryMgr:DataCollectionService: stats => 1688555027167,301875,4167
07-05 13:03:47.180 27912 28058 I BatteryMgr:DataCollectionService: stats => 1688555027180,301875,4167
07-05 13:03:47.193 27912 28058 I BatteryMgr:DataCollectionService: stats => 1688555027193,301875,4167
07-05 13:03:47.206 27912 28058 I BatteryMgr:DataCollectionService: stats => 1688555027206,301875,4167
07-05 13:03:47.219 27912 28058 I BatteryMgr:DataCollectionService: stats => 1688555027219,301875,4167
07-05 13:03:47.232 27912 28058 I BatteryMgr:DataCollectionService: stats => 1688555027232,301875,4167
07-05 13:03:47.245 27912 28058 I BatteryMgr:DataCollectionService: stats => 1688555027245,301875,4167
07-05 13:03:47.258 27912 28058 I BatteryMgr:DataCollectionService: stats => 1688555027258,301875,4167
07-05 13:03:47.271 27912 28058 I BatteryMgr:DataCollectionService: stats => 1688555027271,301875,4167
07-05 13:03:47.284 27912 28058 I BatteryMgr:DataCollectionService: stats => 1688555027284,301875,4167
07-05 13:03:47.297 27912 28058 I BatteryMgr:DataCollectionService: stats => 1688555027297,301875,4167
07-05 13:03:47.310 27912 28058 I BatteryMgr:DataCollectionService: stats => 1688555027310,301875,4167
07-05 13:03:47.323 27912 28058 I BatteryMgr:DataCollectionService: stats => 1688555027323,301875,4167
07-05 13:03:47.337 27912 28058 I BatteryMgr:DataCollectionService: stats => 1688555027337,301875,4167
07-05 13:03:47.350 27912 28058 I BatteryMgr:DataCollectionService: stats => 1688555027350,301875,4167
07-05 13:03:47.364 27912 28058 I BatteryMgr:DataCollectionService: stats => 1688555027363,301875,4167
07-05 13:03:47.376 27912 28058 I BatteryMgr:DataCollectionService: stats => 1688555027376,301875,4167
07-05 13:03:47.389 27912 28058 I BatteryMgr:DataCollectionService: stats => 1688555027389,301875,4167
07-05 13:03:47.403 27912 28058 I BatteryMgr:DataCollectionService: stats => 1688555027403,301875,4167
07-05 13:03:47.416 27912 28058 I BatteryMgr:DataCollectionService: stats => 1688555027416,301875,4167
07-05 13:03:47.429 27912 28058 I BatteryMgr:DataCollectionService: stats => 1688555027429,301875,4167
07-05 13:03:47.442 27912 28058 I BatteryMgr:DataCollectionService: stats => 1688555027442,301875,4167
07-05 13:03:47.455 27912 28058 I BatteryMgr:DataCollectionService: stats => 1688555027455,301875,4167
07-05 13:03:47.468 27912 28058 I BatteryMgr:DataCollectionService: stats => 1688555027468,301875,4167
07-05 13:03:47.481 27912 28058 I BatteryMgr:DataCollectionService: stats => 1688555027481,301875,4167
07-05 13:03:47.494 27912 28058 I BatteryMgr:DataCollectionService: stats => 1688555027494,301875,4167
07-05 13:03:47.507 27912 28058 I BatteryMgr:DataCollectionService: stats => 1688555027507,293750,4167
07-05 13:03:47.520 27912 28058 I BatteryMgr:DataCollectionService: stats => 1688555027520,293750,4167
07-05 13:03:47.534 27912 28058 I BatteryMgr:DataCollectionService: stats => 1688555027534,293750,4167
07-05 13:03:47.547 27912 28058 I BatteryMgr:DataCollectionService: stats => 1688555027547,293750,4167
07-05 13:03:47.560 27912 28058 I BatteryMgr:DataCollectionService: stats => 1688555027560,293750,4167
07-05 13:03:47.573 27912 28058 I BatteryMgr:DataCollectionService: stats => 1688555027573,293750,4167
07-05 13:03:47.587 27912 28058 I BatteryMgr:DataCollectionService: stats => 1688555027587,293750,4167
07-05 13:03:47.600 27912 28058 I BatteryMgr:DataCollectionService: stats => 1688555027599,293750,4167
07-05 13:03:47.613 27912 28058 I BatteryMgr:DataCollectionService: stats => 1688555027613,293750,4167
07-05 13:03:47.627 27912 28058 I BatteryMgr:DataCollectionService: stats => 1688555027627,293750,4167
07-05 13:03:47.640 27912 28058 I BatteryMgr:DataCollectionService: stats => 1688555027640,293750,4167
07-05 13:03:47.654 27912 28058 I BatteryMgr:DataCollectionService: stats => 1688555027654,293750,4167
07-05 13:03:47.667 27912 28058 I BatteryMgr:DataCollectionService: stats => 1688555027666,293750,4167
07-05 13:03:47.679 27912 28058 I BatteryMgr:DataCollectionService: stats => 1688555027679,293750,4167
07-05 13:03:47.692 27912 28058 I BatteryMgr:DataCollectionService: stats => 1688555027692,293750,4167
07-05 13:03:47.705 27912 28058 I BatteryMgr:DataCollectionService: stats => 1688555027705,293750,4167
07-05 13:03:47.718 27912 28058 I BatteryMgr:DataCollectionService: stats => 1688555027718,293750,4167
07-05 13:03:47.731 27912 28058 I BatteryMgr:DataCollectionService: stats => 1688555027731,293750,4167
07-05 13:03:47.744 27912 28058 I BatteryMgr:DataCollectionService: stats => 1688555027744,293750,4167
07-05 13:03:47.757 27912 28058 I BatteryMgr:DataCollectionService: stats => 1688555027757,293750,4167
07-05 13:03:47.770 27912 28058 I BatteryMgr:DataCollectionService: stats => 1688555027770,293750,4167
07-05 13:03:47.784 27912 28058 I BatteryMgr:DataCollectionService: stats => 1688555027784,293750,4167
07-05 13:03:47.797 27912 28058 I BatteryMgr:DataCollectionService: stats => 1688555027797,293750,4167
07-05 13:03:47.810 27912 28058 I BatteryMgr:DataCollectionService: stats => 1688555027810,293750,4167
07-05 13:03:47.823 27912 28058 I BatteryMgr:DataCollectionService: stats => 1688555027823,293750,4167
07-05 13:03:47.837 27912 28058 I BatteryMgr:DataCollectionService: stats => 1688555027837,293750,4167
07-05 13:03:47.850 27912 28058 I BatteryMgr:DataCollectionService: stats => 1688555027850,269375,4167
07-05 13:03:47.863 27912 28058 I BatteryMgr:DataCollectionService: stats => 1688555027863,269375,4167
07-05 13:03:47.877 27912 28058 I BatteryMgr:DataCollectionService: stats => 1688555027877,269375,4167
07-05 13:03:47.889 27912 28058 I BatteryMgr:DataCollectionService: stats => 1688555027889,269375,4167
07-05 13:03:47.902 27912 28058 I BatteryMgr:DataCollectionService: stats => 1688555027902,269375,4167
07-05 13:03:47.916 27912 28058 I BatteryMgr:DataCollectionService: stats => 1688555027916,269375,4167
07-05 13:03:47.929 27912 28058 I BatteryMgr:DataCollectionService: stats => 1688555027929,269375,4167
07-05 13:03:47.942 27912 28058 I BatteryMgr:DataCollectionService: stats => 1688555027942,269375,4167
07-05 13:03:47.955 27912 28058 I BatteryMgr:DataCollectionService: stats => 1688555027955,269375,4167
07-05 13:03:47.968 27912 28058 I BatteryMgr:DataCollectionService: stats => 1688555027968,269375,4167
07-05 13:03:47.981 27912 28058 I BatteryMgr:DataCollectionService: stats => 1688555027981,269375,4167
07-05 13:03:47.994 27912 28058 I BatteryMgr:DataCollectionService: stats => 1688555027994,269375,4167
07-05 13:03:48.007 27912 28058 I BatteryMgr:DataCollectionService: stats => 1688555028007,269375,4167
07-05 13:03:48.021 27912 28058 I BatteryMgr:DataCollectionService: stats => 1688555028021,269375,4167
07-05 13:03:48.034 27912 28058 I BatteryMgr:DataCollectionService: stats => 1688555028034,269375,4167
07-05 13:03:48.048 27912 28058 I BatteryMgr:DataCollectionService: stats => 1688555028048,269375,4167
07-05 13:03:48.062 27912 28058 I BatteryMgr:DataCollectionService: stats => 1688555028061,269375,4167
07-05 13:03:48.075 27912 28058 I BatteryMgr:DataCollectionService: stats => 1688555028075,269375,4167
07-05 13:03:48.088 27912 28058 I BatteryMgr:DataCollectionService: stats => 1688555028088,269375,4167
07-05 13:03:48.101 27912 28058 I BatteryMgr:DataCollectionService: stats => 1688555028101,269375,4167
07-05 13:03:48.113 27912 28058 I BatteryMgr:DataCollectionService: stats => 1688555028113,269375,4167
07-05 13:03:48.125 27912 28058 I BatteryMgr:DataCollectionService: stats => 1688555028125,269375,4167
07-05 13:03:48.138 27912 28058 I BatteryMgr:DataCollectionService: stats => 1688555028138,269375,4167
07-05 13:03:48.151 27912 28058 I BatteryMgr:DataCollectionService: stats => 1688555028151,269375,4167
07-05 13:03:48.165 27912 28058 I BatteryMgr:DataCollectionService: stats => 1688555028165,269375,4167
07-05 13:03:48.178 27912 28058 I BatteryMgr:DataCollectionService: stats => 1688555028177,269375,4167
07-05 13:03:48.190 27912 28058 I BatteryMgr:DataCollectionService: stats => 1688555028190,269375,4167
07-05 13:03:48.203 27912 28058 I BatteryMgr:DataCollectionService: stats => 1688555028203,336562,4167
07-05 13:03:48.216 27912 28058 I BatteryMgr:DataCollectionService: stats => 1688555028216,336562,4167
07-05 13:03:48.229 27912 28058 I BatteryMgr:DataCollectionService: stats => 1688555028229,336562,4167
07-05 13:03:48.242 27912 28058 I BatteryMgr:DataCollectionService: stats => 1688555028242,336562,4167
07-05 13:03:48.255 27912 28058 I BatteryMgr:DataCollectionService: stats => 1688555028255,336562,4167
07-05 13:03:48.269 27912 28058 I BatteryMgr:DataCollectionService: stats => 1688555028269,336562,4167
07-05 13:03:48.282 27912 28058 I BatteryMgr:DataCollectionService: stats => 1688555028282,336562,4167
07-05 13:03:48.296 27912 28058 I BatteryMgr:DataCollectionService: stats => 1688555028295,336562,4167
07-05 13:03:48.308 27912 28058 I BatteryMgr:DataCollectionService: stats => 1688555028308,336562,4167
07-05 13:03:48.321 27912 28058 I BatteryMgr:DataCollectionService: stats => 1688555028321,336562,4167
07-05 13:03:48.334 27912 28058 I BatteryMgr:DataCollectionService: stats => 1688555028334,336562,4167
07-05 13:03:48.348 27912 28058 I BatteryMgr:DataCollectionService: stats => 1688555028347,336562,4167
07-05 13:03:48.361 27912 28058 I BatteryMgr:DataCollectionService: stats => 1688555028360,336562,4167
07-05 13:03:48.374 27912 28058 I BatteryMgr:DataCollectionService: stats => 1688555028374,336562,4167
07-05 13:03:48.387 27912 28058 I BatteryMgr:DataCollectionService: stats => 1688555028387,336562,4167
07-05 13:03:48.400 27912 28058 I BatteryMgr:DataCollectionService: stats => 1688555028400,336562,4167
07-05 13:03:48.414 27912 28058 I BatteryMgr:DataCollectionService: stats => 1688555028414,336562,4167
07-05 13:03:48.426 27912 28058 I BatteryMgr:DataCollectionService: stats => 1688555028426,336562,4167
07-05 13:03:48.439 27912 28058 I BatteryMgr:DataCollectionService: stats => 1688555028439,336562,4167
07-05 13:03:48.453 27912 28058 I BatteryMgr:DataCollectionService: stats => 1688555028452,336562,4167
07-05 13:03:48.466 27912 28058 I BatteryMgr:DataCollectionService: stats => 1688555028465,336562,4167
07-05 13:03:48.479 27912 28058 I BatteryMgr:DataCollectionService: stats => 1688555028479,336562,4167
07-05 13:03:48.492 27912 28058 I BatteryMgr:DataCollectionService: stats => 1688555028492,336562,4167
07-05 13:03:48.505 27912 28058 I BatteryMgr:DataCollectionService: stats => 1688555028505,336562,4167
07-05 13:03:48.518 27912 28058 I BatteryMgr:DataCollectionService: stats => 1688555028518,336562,4167
07-05 13:03:48.531 27912 28058 I BatteryMgr:DataCollectionService: stats => 1688555028531,336562,4167
07-05 13:03:48.544 27912 28058 I BatteryMgr:DataCollectionService: stats => 1688555028544,336562,4167
07-05 13:03:48.557 27912 28058 I BatteryMgr:DataCollectionService: stats => 1688555028557,292500,4167
07-05 13:03:48.570 27912 28058 I BatteryMgr:DataCollectionService: stats => 1688555028570,292500,4167
07-05 13:03:48.584 27912 28058 I BatteryMgr:DataCollectionService: stats => 1688555028584,292500,4167
07-05 13:03:48.597 27912 28058 I BatteryMgr:DataCollectionService: stats => 1688555028597,292500,4167
07-05 13:03:48.610 27912 28058 I BatteryMgr:DataCollectionService: stats => 1688555028610,292500,4167
07-05 13:03:48.623 27912 28058 I BatteryMgr:DataCollectionService: stats => 1688555028623,292500,4167
07-05 13:03:48.637 27912 28058 I BatteryMgr:DataCollectionService: stats => 1688555028637,292500,4167
07-05 13:03:48.650 27912 28058 I BatteryMgr:DataCollectionService: stats => 1688555028650,292500,4167
07-05 13:03:48.663 27912 28058 I BatteryMgr:DataCollectionService: stats => 1688555028663,292500,4167
07-05 13:03:48.677 27912 28058 I BatteryMgr:DataCollectionService: stats => 1688555028677,292500,4167
07-05 13:03:48.691 27912 28058 I BatteryMgr:DataCollectionService: stats => 1688555028691,292500,4167
07-05 13:03:48.704 27912 28058 I BatteryMgr:DataCollectionService: stats => 1688555028704,292500,4167
07-05 13:03:48.717 27912 28058 I BatteryMgr:DataCollectionService: stats => 1688555028717,292500,4167
07-05 13:03:48.730 27912 28058 I BatteryMgr:DataCollectionService: stats => 1688555028730,292500,4167
07-05 13:03:48.743 27912 28058 I BatteryMgr:DataCollectionService: stats => 1688555028743,292500,4167
07-05 13:03:48.756 27912 28058 I BatteryMgr:DataCollectionService: stats => 1688555028756,292500,4167
07-05 13:03:48.769 27912 28058 I BatteryMgr:DataCollectionService: stats => 1688555028769,292500,4167
07-05 13:03:48.782 27912 28058 I BatteryMgr:DataCollectionService: stats => 1688555028782,292500,4167
07-05 13:03:48.795 27912 28058 I BatteryMgr:DataCollectionService: stats => 1688555028795,292500,4167
07-05 13:03:48.808 27912 28058 I BatteryMgr:DataCollectionService: stats => 1688555028808,292500,4167
07-05 13:03:48.821 27912 28058 I BatteryMgr:DataCollectionService: stats => 1688555028821,292500,4167
07-05 13:03:48.834 27912 28058 I BatteryMgr:DataCollectionService: stats => 1688555028834,292500,4167
07-05 13:03:48.847 27912 28058 I BatteryMgr:DataCollectionService: stats => 1688555028847,292500,4167
07-05 13:03:48.860 27912 28058 I BatteryMgr:DataCollectionService: stats => 1688555028860,292500,4167
07-05 13:03:48.873 27912 28058 I BatteryMgr:DataCollectionService: stats => 1688555028873,292500,4167
07-05 13:03:48.887 27912 28058 I BatteryMgr:DataCollectionService: stats => 1688555028887,292500,4167
07-05 13:03:48.900 27912 28058 I BatteryMgr:DataCollectionService: stats => 1688555028900,292500,4167
07-05 13:03:48.913 27912 28058 I BatteryMgr:DataCollectionService: stats => 1688555028913,317812,4167
07-05 13:03:48.926 27912 28058 I BatteryMgr:DataCollectionService: stats => 1688555028926,317812,4167
07-05 13:03:48.939 27912 28058 I BatteryMgr:DataCollectionService: stats => 1688555028939,317812,4167
07-05 13:03:48.952 27912 28058 I BatteryMgr:DataCollectionService: stats => 1688555028952,317812,4167
07-05 13:03:48.965 27912 28058 I BatteryMgr:DataCollectionService: stats => 1688555028965,317812,4167
07-05 13:03:48.978 27912 28058 I BatteryMgr:DataCollectionService: stats => 1688555028978,317812,4167
07-05 13:03:48.992 27912 28058 I BatteryMgr:DataCollectionService: stats => 1688555028992,317812,4167
07-05 13:03:49.001  1257  2029 I libgcam : [fast_ae_lib.cc:370]: Resetting motion metering for sensor 1: time since last stats image = 10.0158 sec
07-05 13:03:49.009 27912 28058 I BatteryMgr:DataCollectionService: stats => 1688555029009,317812,4167
07-05 13:03:49.023 27912 28058 I BatteryMgr:DataCollectionService: stats => 1688555029023,317812,4167
07-05 13:03:49.037 27912 28058 I BatteryMgr:DataCollectionService: stats => 1688555029037,317812,4167
07-05 13:03:49.051 27912 28058 I BatteryMgr:DataCollectionService: stats => 1688555029051,317812,4167
07-05 13:03:49.064 27912 28058 I BatteryMgr:DataCollectionService: stats => 1688555029064,317812,4167
07-05 13:03:49.077 27912 28058 I BatteryMgr:DataCollectionService: stats => 1688555029077,317812,4167
07-05 13:03:49.090 27912 28058 I BatteryMgr:DataCollectionService: stats => 1688555029090,317812,4167
07-05 13:03:49.104 27912 28058 I BatteryMgr:DataCollectionService: stats => 1688555029104,317812,4167
07-05 13:03:49.116 27912 28058 I BatteryMgr:DataCollectionService: stats => 1688555029116,317812,4167
07-05 13:03:49.117  1502  1502 I EaselThermalMonitor: Cooling Device: mnh cur_state 0 max_state 4
07-05 13:03:49.117  1502  1502 I EaselThermalMonitor: Cooling Device: mnh cur_state 0 max_state 4
07-05 13:03:49.120  1257  2028 E android.hardware.camera.provider@2.4-service_64: Failed to obtain metadata value of lens_vcm_position for frame 5 because data pointer is null.
07-05 13:03:49.121  1257  2028 E goog_warping: Cannot get per-frame metadata.
07-05 13:03:49.121  1257  2030 I CHIUSECASE: operator(): stream buffer cache notifies the manager for refilling
07-05 13:03:49.122  1257  2030 I CHIUSECASE: GetBuffer: StreamBufferCache for stream 0x78211b98f8 refilled before time out.
07-05 13:03:49.130 27912 28058 I BatteryMgr:DataCollectionService: stats => 1688555029130,317812,4167
07-05 13:03:49.144 27912 28058 I BatteryMgr:DataCollectionService: stats => 1688555029144,317812,4167
07-05 13:03:49.146  1257  2033 I CHIUSECASE: UpdateResultAndInflightRequests: all inflight requests have been processed. Notify stream buffer cache manager to flush.
07-05 13:03:49.147  1257 28035 I CHIUSECASE: RefillReturnThreadLoop: StreamBufferCacheManager flushed SBC for stream 0x78211b98f8.
07-05 13:03:49.157 27912 28058 I BatteryMgr:DataCollectionService: stats => 1688555029157,317812,4167
07-05 13:03:49.170 27912 28058 I BatteryMgr:DataCollectionService: stats => 1688555029170,317812,4167
07-05 13:03:49.182 27912 28058 I BatteryMgr:DataCollectionService: stats => 1688555029182,317812,4167
07-05 13:03:49.195 27912 28058 I BatteryMgr:DataCollectionService: stats => 1688555029195,317812,4167
07-05 13:03:49.207 27912 28058 I BatteryMgr:DataCollectionService: stats => 1688555029207,317812,4167
07-05 13:03:49.220 27912 28058 I BatteryMgr:DataCollectionService: stats => 1688555029220,317812,4167
07-05 13:03:49.233 27912 28058 I BatteryMgr:DataCollectionService: stats => 1688555029233,317812,4167
07-05 13:03:49.246 27912 28058 I BatteryMgr:DataCollectionService: stats => 1688555029246,317812,4167
07-05 13:03:49.259 27912 28058 I BatteryMgr:DataCollectionService: stats => 1688555029259,392500,4167
07-05 13:03:49.273 27912 28058 I BatteryMgr:DataCollectionService: stats => 1688555029273,392500,4167
07-05 13:03:49.286 27912 28058 I BatteryMgr:DataCollectionService: stats => 1688555029286,392500,4167
07-05 13:03:49.299 27912 28058 I BatteryMgr:DataCollectionService: stats => 1688555029299,392500,4167
07-05 13:03:49.312 27912 28058 I BatteryMgr:DataCollectionService: stats => 1688555029312,392500,4167
07-05 13:03:49.325 27912 28058 I BatteryMgr:DataCollectionService: stats => 1688555029325,392500,4167
07-05 13:03:49.338 27912 28058 I BatteryMgr:DataCollectionService: stats => 1688555029338,392500,4167
07-05 13:03:49.351 27912 28058 I BatteryMgr:DataCollectionService: stats => 1688555029351,392500,4167
07-05 13:03:49.364 27912 28058 I BatteryMgr:DataCollectionService: stats => 1688555029364,392500,4167
07-05 13:03:49.378 27912 28058 I BatteryMgr:DataCollectionService: stats => 1688555029377,392500,4167
07-05 13:03:49.391 27912 28058 I BatteryMgr:DataCollectionService: stats => 1688555029391,392500,4167
07-05 13:03:49.404 27912 28058 I BatteryMgr:DataCollectionService: stats => 1688555029404,392500,4167
07-05 13:03:49.417 27912 28058 I BatteryMgr:DataCollectionService: stats => 1688555029417,392500,4167
07-05 13:03:49.430 27912 28058 I BatteryMgr:DataCollectionService: stats => 1688555029430,392500,4167
07-05 13:03:49.443 27912 28058 I BatteryMgr:DataCollectionService: stats => 1688555029443,392500,4167
07-05 13:03:49.456 27912 28058 I BatteryMgr:DataCollectionService: stats => 1688555029456,392500,4167
07-05 13:03:49.469 27912 28058 I BatteryMgr:DataCollectionService: stats => 1688555029469,392500,4167
07-05 13:03:49.477  1871  2225 D ConnectivityService: NetReassign [no changes] [c 0] [a 0] [i 3]
07-05 13:03:49.483 27912 28058 I BatteryMgr:DataCollectionService: stats => 1688555029483,392500,4167
07-05 13:03:49.496 27912 28058 I BatteryMgr:DataCollectionService: stats => 1688555029496,392500,4167
07-05 13:03:49.509 27912 28058 I BatteryMgr:DataCollectionService: stats => 1688555029509,392500,4167
07-05 13:03:49.522 27912 28058 I BatteryMgr:DataCollectionService: stats => 1688555029522,392500,4167
07-05 13:03:49.534 27912 28058 I BatteryMgr:DataCollectionService: stats => 1688555029534,392500,4167
07-05 13:03:49.547 27912 28058 I BatteryMgr:DataCollectionService: stats => 1688555029547,392500,4167
07-05 13:03:49.559 27912 28058 I BatteryMgr:DataCollectionService: stats => 1688555029559,392500,4167
07-05 13:03:49.572 27912 28058 I BatteryMgr:DataCollectionService: stats => 1688555029572,392500,4167
07-05 13:03:49.585 27912 28058 I BatteryMgr:DataCollectionService: stats => 1688555029585,392500,4167
07-05 13:03:49.598 27912 28058 I BatteryMgr:DataCollectionService: stats => 1688555029598,392500,4167
07-05 13:03:49.611 27912 28058 I BatteryMgr:DataCollectionService: stats => 1688555029611,308125,4167
07-05 13:03:49.623 27912 28058 I BatteryMgr:DataCollectionService: stats => 1688555029623,308125,4167
07-05 13:03:49.637 27912 28058 I BatteryMgr:DataCollectionService: stats => 1688555029636,308125,4167
07-05 13:03:49.649 27912 28058 I BatteryMgr:DataCollectionService: stats => 1688555029649,308125,4167
07-05 13:03:49.662 27912 28058 I BatteryMgr:DataCollectionService: stats => 1688555029662,308125,4167
07-05 13:03:49.675 27912 28058 I BatteryMgr:DataCollectionService: stats => 1688555029675,308125,4167
07-05 13:03:49.688 27912 28058 I BatteryMgr:DataCollectionService: stats => 1688555029688,308125,4167
07-05 13:03:49.702 27912 28058 I BatteryMgr:DataCollectionService: stats => 1688555029701,308125,4167
07-05 13:03:49.714 27912 28058 I BatteryMgr:DataCollectionService: stats => 1688555029714,308125,4167
07-05 13:03:49.727 27912 28058 I BatteryMgr:DataCollectionService: stats => 1688555029727,308125,4167
07-05 13:03:49.740 27912 28058 I BatteryMgr:DataCollectionService: stats => 1688555029740,308125,4167
07-05 13:03:49.754 27912 28058 I BatteryMgr:DataCollectionService: stats => 1688555029754,308125,4167
07-05 13:03:49.767 27912 28058 I BatteryMgr:DataCollectionService: stats => 1688555029767,308125,4167
07-05 13:03:49.780 27912 28058 I BatteryMgr:DataCollectionService: stats => 1688555029780,308125,4167
07-05 13:03:49.793 27912 28058 I BatteryMgr:DataCollectionService: stats => 1688555029793,308125,4167
07-05 13:03:49.806 27912 28058 I BatteryMgr:DataCollectionService: stats => 1688555029806,308125,4167
07-05 13:03:49.819 27912 28058 I BatteryMgr:DataCollectionService: stats => 1688555029819,308125,4167
07-05 13:03:49.833 27912 28058 I BatteryMgr:DataCollectionService: stats => 1688555029832,308125,4167
07-05 13:03:49.845 27912 28058 I BatteryMgr:DataCollectionService: stats => 1688555029845,308125,4167
07-05 13:03:49.858 27912 28058 I BatteryMgr:DataCollectionService: stats => 1688555029858,308125,4167
07-05 13:03:49.872 27912 28058 I BatteryMgr:DataCollectionService: stats => 1688555029872,308125,4167
07-05 13:03:49.885 27912 28058 I BatteryMgr:DataCollectionService: stats => 1688555029884,308125,4167
07-05 13:03:49.897 27912 28058 I BatteryMgr:DataCollectionService: stats => 1688555029897,308125,4167
07-05 13:03:49.910 27912 28058 I BatteryMgr:DataCollectionService: stats => 1688555029910,308125,4167
07-05 13:03:49.924 27912 28058 I BatteryMgr:DataCollectionService: stats => 1688555029923,308125,4167
07-05 13:03:49.937 27912 28058 I BatteryMgr:DataCollectionService: stats => 1688555029937,308125,4167
07-05 13:03:49.950 27912 28058 I BatteryMgr:DataCollectionService: stats => 1688555029950,308125,4167
07-05 13:03:49.965 27912 28058 I BatteryMgr:DataCollectionService: stats => 1688555029964,332500,4167
07-05 13:03:49.978 27912 28058 I BatteryMgr:DataCollectionService: stats => 1688555029978,332500,4167
07-05 13:03:49.991 27912 28058 I BatteryMgr:DataCollectionService: stats => 1688555029991,332500,4167
07-05 13:03:50.004 27912 28058 I BatteryMgr:DataCollectionService: stats => 1688555030004,332500,4167
07-05 13:03:50.017 27912 28058 I BatteryMgr:DataCollectionService: stats => 1688555030017,332500,4167
07-05 13:03:50.030 27912 28058 I BatteryMgr:DataCollectionService: stats => 1688555030030,332500,4167
07-05 13:03:50.043 27912 28058 I BatteryMgr:DataCollectionService: stats => 1688555030043,332500,4167
07-05 13:03:50.056 27912 28058 I BatteryMgr:DataCollectionService: stats => 1688555030056,332500,4167
07-05 13:03:50.069 27912 28058 I BatteryMgr:DataCollectionService: stats => 1688555030069,332500,4167
07-05 13:03:50.082 27912 28058 I BatteryMgr:DataCollectionService: stats => 1688555030082,332500,4167
07-05 13:03:50.095 27912 28058 I BatteryMgr:DataCollectionService: stats => 1688555030095,332500,4167
07-05 13:03:50.108 27912 28058 I BatteryMgr:DataCollectionService: stats => 1688555030108,332500,4167
07-05 13:03:50.121 27912 28058 I BatteryMgr:DataCollectionService: stats => 1688555030121,332500,4167
07-05 13:03:50.134 27912 28058 I BatteryMgr:DataCollectionService: stats => 1688555030134,332500,4167
07-05 13:03:50.147 27912 28058 I BatteryMgr:DataCollectionService: stats => 1688555030147,332500,4167
07-05 13:03:50.160 27912 28058 I BatteryMgr:DataCollectionService: stats => 1688555030160,332500,4167
07-05 13:03:50.174 27912 28058 I BatteryMgr:DataCollectionService: stats => 1688555030174,332500,4167
07-05 13:03:50.187 27912 28058 I BatteryMgr:DataCollectionService: stats => 1688555030187,332500,4167
07-05 13:03:50.200 27912 28058 I BatteryMgr:DataCollectionService: stats => 1688555030200,332500,4167
07-05 13:03:50.213 27912 28058 I BatteryMgr:DataCollectionService: stats => 1688555030213,332500,4167
07-05 13:03:50.226 27912 28058 I BatteryMgr:DataCollectionService: stats => 1688555030226,332500,4167
07-05 13:03:50.240 27912 28058 I BatteryMgr:DataCollectionService: stats => 1688555030240,332500,4167
07-05 13:03:50.252 27912 28058 I BatteryMgr:DataCollectionService: stats => 1688555030252,332500,4167
07-05 13:03:50.266 27912 28058 I BatteryMgr:DataCollectionService: stats => 1688555030266,332500,4167
07-05 13:03:50.279 27912 28058 I BatteryMgr:DataCollectionService: stats => 1688555030279,332500,4167
07-05 13:03:50.292 27912 28058 I BatteryMgr:DataCollectionService: stats => 1688555030292,332500,4167
07-05 13:03:50.304 27912 28058 I BatteryMgr:DataCollectionService: stats => 1688555030304,332500,4167
07-05 13:03:50.317 27912 28058 I BatteryMgr:DataCollectionService: stats => 1688555030317,365312,4167
07-05 13:03:50.330 27912 28058 I BatteryMgr:DataCollectionService: stats => 1688555030330,365312,4167
07-05 13:03:50.343 27912 28058 I BatteryMgr:DataCollectionService: stats => 1688555030343,365312,4167
07-05 13:03:50.357 27912 28058 I BatteryMgr:DataCollectionService: stats => 1688555030357,365312,4167
07-05 13:03:50.370 27912 28058 I BatteryMgr:DataCollectionService: stats => 1688555030369,365312,4167
07-05 13:03:50.383 27912 28058 I BatteryMgr:DataCollectionService: stats => 1688555030383,365312,4167
07-05 13:03:50.396 27912 28058 I BatteryMgr:DataCollectionService: stats => 1688555030396,365312,4167
07-05 13:03:50.409 27912 28058 I BatteryMgr:DataCollectionService: stats => 1688555030409,365312,4167
07-05 13:03:50.422 27912 28058 I BatteryMgr:DataCollectionService: stats => 1688555030422,365312,4167
07-05 13:03:50.435 27912 28058 I BatteryMgr:DataCollectionService: stats => 1688555030435,365312,4167
07-05 13:03:50.448 27912 28058 I BatteryMgr:DataCollectionService: stats => 1688555030448,365312,4167
07-05 13:03:50.462 27912 28058 I BatteryMgr:DataCollectionService: stats => 1688555030462,365312,4167
07-05 13:03:50.475 27912 28058 I BatteryMgr:DataCollectionService: stats => 1688555030475,365312,4167
07-05 13:03:50.488 27912 28058 I BatteryMgr:DataCollectionService: stats => 1688555030488,365312,4167
07-05 13:03:50.501 27912 28058 I BatteryMgr:DataCollectionService: stats => 1688555030501,365312,4167
07-05 13:03:50.514 27912 28058 I BatteryMgr:DataCollectionService: stats => 1688555030514,365312,4167
07-05 13:03:50.528 27912 28058 I BatteryMgr:DataCollectionService: stats => 1688555030528,365312,4167
07-05 13:03:50.541 27912 28058 I BatteryMgr:DataCollectionService: stats => 1688555030541,365312,4167
07-05 13:03:50.554 27912 28058 I BatteryMgr:DataCollectionService: stats => 1688555030554,365312,4167
07-05 13:03:50.568 27912 28058 I BatteryMgr:DataCollectionService: stats => 1688555030568,365312,4167
07-05 13:03:50.581 27912 28058 I BatteryMgr:DataCollectionService: stats => 1688555030581,365312,4167
07-05 13:03:50.594 27912 28058 I BatteryMgr:DataCollectionService: stats => 1688555030594,365312,4167
07-05 13:03:50.607 27912 28058 I BatteryMgr:DataCollectionService: stats => 1688555030607,365312,4167
07-05 13:03:50.620 27912 28058 I BatteryMgr:DataCollectionService: stats => 1688555030620,365312,4167
07-05 13:03:50.634 27912 28058 I BatteryMgr:DataCollectionService: stats => 1688555030634,365312,4167
07-05 13:03:50.647 27912 28058 I BatteryMgr:DataCollectionService: stats => 1688555030647,365312,4167
07-05 13:03:50.661 27912 28058 I BatteryMgr:DataCollectionService: stats => 1688555030661,392187,4167
07-05 13:03:50.674 27912 28058 I BatteryMgr:DataCollectionService: stats => 1688555030674,392187,4167
07-05 13:03:50.688 27912 28058 I BatteryMgr:DataCollectionService: stats => 1688555030688,392187,4167
07-05 13:03:50.701 27912 28058 I BatteryMgr:DataCollectionService: stats => 1688555030701,392187,4167
07-05 13:03:50.714 27912 28058 I BatteryMgr:DataCollectionService: stats => 1688555030714,392187,4167
07-05 13:03:50.728 27912 28058 I BatteryMgr:DataCollectionService: stats => 1688555030728,392187,4167
07-05 13:03:50.741 27912 28058 I BatteryMgr:DataCollectionService: stats => 1688555030741,392187,4167
07-05 13:03:50.754 27912 28058 I BatteryMgr:DataCollectionService: stats => 1688555030754,392187,4167
07-05 13:03:50.767 27912 28058 I BatteryMgr:DataCollectionService: stats => 1688555030767,392187,4167
07-05 13:03:50.780 27912 28058 I BatteryMgr:DataCollectionService: stats => 1688555030780,392187,4167
07-05 13:03:50.793 27912 28058 I BatteryMgr:DataCollectionService: stats => 1688555030793,392187,4167
07-05 13:03:50.805 27912 28058 I BatteryMgr:DataCollectionService: stats => 1688555030805,392187,4167
07-05 13:03:50.818 27912 28058 I BatteryMgr:DataCollectionService: stats => 1688555030818,392187,4167
07-05 13:03:50.831 27912 28058 I BatteryMgr:DataCollectionService: stats => 1688555030831,392187,4167
07-05 13:03:50.844 27912 28058 I BatteryMgr:DataCollectionService: stats => 1688555030844,392187,4167
07-05 13:03:50.856 27912 28058 I BatteryMgr:DataCollectionService: stats => 1688555030856,392187,4167
07-05 13:03:50.869 27912 28058 I BatteryMgr:DataCollectionService: stats => 1688555030869,392187,4167
07-05 13:03:50.882 27912 28058 I BatteryMgr:DataCollectionService: stats => 1688555030882,392187,4167
07-05 13:03:50.895 27912 28058 I BatteryMgr:DataCollectionService: stats => 1688555030895,392187,4167
07-05 13:03:50.908 27912 28058 I BatteryMgr:DataCollectionService: stats => 1688555030908,392187,4167
07-05 13:03:50.921 27912 28058 I BatteryMgr:DataCollectionService: stats => 1688555030921,392187,4167
07-05 13:03:50.934 27912 28058 I BatteryMgr:DataCollectionService: stats => 1688555030934,392187,4167
07-05 13:03:50.947 27912 28058 I BatteryMgr:DataCollectionService: stats => 1688555030947,392187,4167
07-05 13:03:50.960 27912 28058 I BatteryMgr:DataCollectionService: stats => 1688555030960,392187,4167
07-05 13:03:50.974 27912 28058 I BatteryMgr:DataCollectionService: stats => 1688555030974,392187,4167
07-05 13:03:50.987 27912 28058 I BatteryMgr:DataCollectionService: stats => 1688555030987,392187,4167
07-05 13:03:51.000 27912 28058 I BatteryMgr:DataCollectionService: stats => 1688555031000,392187,4167
07-05 13:03:51.013 27912 28058 I BatteryMgr:DataCollectionService: stats => 1688555031013,347812,4167
07-05 13:03:51.027 27912 28058 I BatteryMgr:DataCollectionService: stats => 1688555031027,347812,4167
07-05 13:03:51.040 27912 28058 I BatteryMgr:DataCollectionService: stats => 1688555031040,347812,4167
07-05 13:03:51.053 27912 28058 I BatteryMgr:DataCollectionService: stats => 1688555031053,347812,4167
07-05 13:03:51.066 27912 28058 I BatteryMgr:DataCollectionService: stats => 1688555031066,347812,4167
07-05 13:03:51.078 27912 28058 I BatteryMgr:DataCollectionService: stats => 1688555031078,347812,4167
07-05 13:03:51.091 27912 28058 I BatteryMgr:DataCollectionService: stats => 1688555031091,347812,4167
07-05 13:03:51.104 27912 28058 I BatteryMgr:DataCollectionService: stats => 1688555031104,347812,4167
07-05 13:03:51.117 27912 28058 I BatteryMgr:DataCollectionService: stats => 1688555031117,347812,4167
07-05 13:03:51.119  1502  1502 I EaselThermalMonitor: Cooling Device: mnh cur_state 0 max_state 4
07-05 13:03:51.119  1502  1502 I EaselThermalMonitor: Cooling Device: mnh cur_state 0 max_state 4
07-05 13:03:51.130 27912 28058 I BatteryMgr:DataCollectionService: stats => 1688555031130,347812,4167
07-05 13:03:51.144 27912 28058 I BatteryMgr:DataCollectionService: stats => 1688555031144,347812,4167
07-05 13:03:51.157 27912 28058 I BatteryMgr:DataCollectionService: stats => 1688555031157,347812,4167
07-05 13:03:51.170 27912 28058 I BatteryMgr:DataCollectionService: stats => 1688555031170,347812,4167
07-05 13:03:51.183 27912 28058 I BatteryMgr:DataCollectionService: stats => 1688555031183,347812,4167
07-05 13:03:51.196 27912 28058 I BatteryMgr:DataCollectionService: stats => 1688555031196,347812,4167
07-05 13:03:51.209 27912 28058 I BatteryMgr:DataCollectionService: stats => 1688555031209,347812,4167
07-05 13:03:51.222 27912 28058 I BatteryMgr:DataCollectionService: stats => 1688555031222,347812,4167
07-05 13:03:51.235 27912 28058 I BatteryMgr:DataCollectionService: stats => 1688555031235,347812,4167
07-05 13:03:51.248 27912 28058 I BatteryMgr:DataCollectionService: stats => 1688555031248,347812,4167
07-05 13:03:51.262 27912 28058 I BatteryMgr:DataCollectionService: stats => 1688555031262,347812,4167
07-05 13:03:51.275 27912 28058 I BatteryMgr:DataCollectionService: stats => 1688555031275,347812,4167
07-05 13:03:51.288 27912 28058 I BatteryMgr:DataCollectionService: stats => 1688555031288,347812,4167
07-05 13:03:51.301 27912 28058 I BatteryMgr:DataCollectionService: stats => 1688555031301,347812,4167
07-05 13:03:51.314 27912 28058 I BatteryMgr:DataCollectionService: stats => 1688555031314,347812,4167
07-05 13:03:51.327 27912 28058 I BatteryMgr:DataCollectionService: stats => 1688555031327,347812,4167
07-05 13:03:51.340 27912 28058 I BatteryMgr:DataCollectionService: stats => 1688555031340,347812,4167
07-05 13:03:51.353 27912 28058 I BatteryMgr:DataCollectionService: stats => 1688555031353,347812,4167
07-05 13:03:51.367 27912 28058 I BatteryMgr:DataCollectionService: stats => 1688555031367,422187,4167
07-05 13:03:51.379 27912 28058 I BatteryMgr:DataCollectionService: stats => 1688555031379,422187,4167
07-05 13:03:51.393 27912 28058 I BatteryMgr:DataCollectionService: stats => 1688555031392,422187,4167
07-05 13:03:51.406 27912 28058 I BatteryMgr:DataCollectionService: stats => 1688555031405,422187,4167
07-05 13:03:51.419 27912 28058 I BatteryMgr:DataCollectionService: stats => 1688555031419,422187,4167
07-05 13:03:51.432 27912 28058 I BatteryMgr:DataCollectionService: stats => 1688555031432,422187,4167
07-05 13:03:51.445 27912 28058 I BatteryMgr:DataCollectionService: stats => 1688555031445,422187,4167
07-05 13:03:51.458 27912 28058 I BatteryMgr:DataCollectionService: stats => 1688555031458,422187,4167
07-05 13:03:51.472 27912 28058 I BatteryMgr:DataCollectionService: stats => 1688555031472,422187,4167
07-05 13:03:51.485 27912 28058 I BatteryMgr:DataCollectionService: stats => 1688555031485,422187,4167
07-05 13:03:51.498 27912 28058 I BatteryMgr:DataCollectionService: stats => 1688555031498,422187,4167
07-05 13:03:51.512 27912 28058 I BatteryMgr:DataCollectionService: stats => 1688555031512,422187,4167
07-05 13:03:51.525 27912 28058 I BatteryMgr:DataCollectionService: stats => 1688555031525,422187,4167
07-05 13:03:51.537 27912 28058 I BatteryMgr:DataCollectionService: stats => 1688555031537,422187,4167
07-05 13:03:51.551 27912 28058 I BatteryMgr:DataCollectionService: stats => 1688555031551,422187,4167
07-05 13:03:51.564 27912 28058 I BatteryMgr:DataCollectionService: stats => 1688555031564,422187,4167
07-05 13:03:51.577 27912 28058 I BatteryMgr:DataCollectionService: stats => 1688555031577,422187,4167
07-05 13:03:51.589 27912 28058 I BatteryMgr:DataCollectionService: stats => 1688555031589,422187,4167
07-05 13:03:51.603 27912 28058 I BatteryMgr:DataCollectionService: stats => 1688555031603,422187,4167
07-05 13:03:51.617 27912 28058 I BatteryMgr:DataCollectionService: stats => 1688555031617,422187,4167
07-05 13:03:51.630 27912 28058 I BatteryMgr:DataCollectionService: stats => 1688555031630,422187,4167
07-05 13:03:51.643 27912 28058 I BatteryMgr:DataCollectionService: stats => 1688555031643,422187,4167
07-05 13:03:51.656 27912 28058 I BatteryMgr:DataCollectionService: stats => 1688555031656,422187,4167
07-05 13:03:51.669 27912 28058 I BatteryMgr:DataCollectionService: stats => 1688555031669,422187,4167
07-05 13:03:51.684 27912 28058 I BatteryMgr:DataCollectionService: stats => 1688555031684,422187,4167
07-05 13:03:51.697 27912 28058 I BatteryMgr:DataCollectionService: stats => 1688555031697,422187,4167
07-05 13:03:51.710 27912 28058 I BatteryMgr:DataCollectionService: stats => 1688555031710,422187,4167
07-05 13:03:51.723 27912 28058 I BatteryMgr:DataCollectionService: stats => 1688555031723,282500,4167
07-05 13:03:51.737 27912 28058 I BatteryMgr:DataCollectionService: stats => 1688555031736,282500,4167
07-05 13:03:51.749 27912 28058 I BatteryMgr:DataCollectionService: stats => 1688555031749,282500,4167
07-05 13:03:51.762 27912 28058 I BatteryMgr:DataCollectionService: stats => 1688555031762,282500,4167
07-05 13:03:51.776 27912 28058 I BatteryMgr:DataCollectionService: stats => 1688555031776,282500,4167
07-05 13:03:51.789 27912 28058 I BatteryMgr:DataCollectionService: stats => 1688555031789,282500,4167
07-05 13:03:51.803 27912 28058 I BatteryMgr:DataCollectionService: stats => 1688555031803,282500,4167
07-05 13:03:51.816 27912 28058 I BatteryMgr:DataCollectionService: stats => 1688555031816,282500,4167
07-05 13:03:51.830 27912 28058 I BatteryMgr:DataCollectionService: stats => 1688555031830,282500,4167
07-05 13:03:51.843 27912 28058 I BatteryMgr:DataCollectionService: stats => 1688555031843,282500,4167
07-05 13:03:51.856 27912 28058 I BatteryMgr:DataCollectionService: stats => 1688555031856,282500,4167
07-05 13:03:51.869 27912 28058 I BatteryMgr:DataCollectionService: stats => 1688555031869,282500,4167
07-05 13:03:51.882 27912 28058 I BatteryMgr:DataCollectionService: stats => 1688555031882,282500,4167
07-05 13:03:51.896 27912 28058 I BatteryMgr:DataCollectionService: stats => 1688555031895,282500,4167
07-05 13:03:51.909 27912 28058 I BatteryMgr:DataCollectionService: stats => 1688555031909,282500,4167
07-05 13:03:51.922 27912 28058 I BatteryMgr:DataCollectionService: stats => 1688555031922,282500,4167
07-05 13:03:51.935 27912 28058 I BatteryMgr:DataCollectionService: stats => 1688555031935,282500,4167
07-05 13:03:51.948 27912 28058 I BatteryMgr:DataCollectionService: stats => 1688555031948,282500,4167
07-05 13:03:51.961 27912 28058 I BatteryMgr:DataCollectionService: stats => 1688555031961,282500,4167
07-05 13:03:51.975 27912 28058 I BatteryMgr:DataCollectionService: stats => 1688555031975,282500,4167
07-05 13:03:51.988 27912 28058 I BatteryMgr:DataCollectionService: stats => 1688555031988,282500,4167
07-05 13:03:52.001 27912 28058 I BatteryMgr:DataCollectionService: stats => 1688555032001,282500,4167
07-05 13:03:52.014 27912 28058 I BatteryMgr:DataCollectionService: stats => 1688555032014,282500,4167
07-05 13:03:52.027 27912 28058 I BatteryMgr:DataCollectionService: stats => 1688555032027,282500,4167
07-05 13:03:52.040 27912 28058 I BatteryMgr:DataCollectionService: stats => 1688555032040,282500,4167
07-05 13:03:52.055 27912 28058 I BatteryMgr:DataCollectionService: stats => 1688555032055,282500,4167
07-05 13:03:52.068 27912 28058 I BatteryMgr:DataCollectionService: stats => 1688555032068,390000,4167
07-05 13:03:52.081 27912 28058 I BatteryMgr:DataCollectionService: stats => 1688555032081,390000,4167
07-05 13:03:52.094 27912 28058 I BatteryMgr:DataCollectionService: stats => 1688555032094,390000,4167
07-05 13:03:52.107 27912 28058 I BatteryMgr:DataCollectionService: stats => 1688555032107,390000,4167
07-05 13:03:52.120 27912 28058 I BatteryMgr:DataCollectionService: stats => 1688555032120,390000,4167
07-05 13:03:52.133 27912 28058 I BatteryMgr:DataCollectionService: stats => 1688555032133,390000,4167
07-05 13:03:52.146 27912 28058 I BatteryMgr:DataCollectionService: stats => 1688555032146,390000,4167
07-05 13:03:52.159 27912 28058 I BatteryMgr:DataCollectionService: stats => 1688555032159,390000,4167
07-05 13:03:52.173 27912 28058 I BatteryMgr:DataCollectionService: stats => 1688555032173,390000,4167
07-05 13:03:52.185 27912 28058 I BatteryMgr:DataCollectionService: stats => 1688555032185,390000,4167
07-05 13:03:52.199 27912 28058 I BatteryMgr:DataCollectionService: stats => 1688555032199,390000,4167
07-05 13:03:52.212 27912 28058 I BatteryMgr:DataCollectionService: stats => 1688555032212,390000,4167
07-05 13:03:52.225 27912 28058 I BatteryMgr:DataCollectionService: stats => 1688555032225,390000,4167
07-05 13:03:52.238 27912 28058 I BatteryMgr:DataCollectionService: stats => 1688555032238,390000,4167
07-05 13:03:52.251 27912 28058 I BatteryMgr:DataCollectionService: stats => 1688555032251,390000,4167
07-05 13:03:52.264 27912 28058 I BatteryMgr:DataCollectionService: stats => 1688555032264,390000,4167
07-05 13:03:52.277 27912 28058 I BatteryMgr:DataCollectionService: stats => 1688555032277,390000,4167
07-05 13:03:52.290 27912 28058 I BatteryMgr:DataCollectionService: stats => 1688555032290,390000,4167
07-05 13:03:52.303 27912 28058 I BatteryMgr:DataCollectionService: stats => 1688555032303,390000,4167
07-05 13:03:52.316 27912 28058 I BatteryMgr:DataCollectionService: stats => 1688555032316,390000,4167
07-05 13:03:52.329 27912 28058 I BatteryMgr:DataCollectionService: stats => 1688555032329,390000,4167
07-05 13:03:52.342 27912 28058 I BatteryMgr:DataCollectionService: stats => 1688555032342,390000,4167
07-05 13:03:52.356 27912 28058 I BatteryMgr:DataCollectionService: stats => 1688555032356,390000,4167
07-05 13:03:52.369 27912 28058 I BatteryMgr:DataCollectionService: stats => 1688555032369,390000,4167
07-05 13:03:52.382 27912 28058 I BatteryMgr:DataCollectionService: stats => 1688555032382,390000,4167
07-05 13:03:52.395 27912 28058 I BatteryMgr:DataCollectionService: stats => 1688555032395,390000,4167
07-05 13:03:52.408 27912 28058 I BatteryMgr:DataCollectionService: stats => 1688555032408,390000,4167
07-05 13:03:52.421 27912 28058 I BatteryMgr:DataCollectionService: stats => 1688555032421,351875,4167
07-05 13:03:52.435 27912 28058 I BatteryMgr:DataCollectionService: stats => 1688555032435,351875,4167
07-05 13:03:52.448 27912 28058 I BatteryMgr:DataCollectionService: stats => 1688555032448,351875,4167
07-05 13:03:52.462 27912 28058 I BatteryMgr:DataCollectionService: stats => 1688555032462,351875,4167
07-05 13:03:52.475 27912 28058 I BatteryMgr:DataCollectionService: stats => 1688555032475,351875,4167
07-05 13:03:52.489 27912 28058 I BatteryMgr:DataCollectionService: stats => 1688555032489,351875,4167
07-05 13:03:52.493  1871  2225 D ConnectivityService: NetReassign [no changes] [c 1] [a 0] [i 3]
07-05 13:03:52.502 27912 28058 I BatteryMgr:DataCollectionService: stats => 1688555032502,351875,4167
07-05 13:03:52.515 27912 28058 I BatteryMgr:DataCollectionService: stats => 1688555032515,351875,4167
07-05 13:03:52.528 27912 28058 I BatteryMgr:DataCollectionService: stats => 1688555032528,351875,4167
07-05 13:03:52.541 27912 28058 I BatteryMgr:DataCollectionService: stats => 1688555032541,351875,4167
07-05 13:03:52.554 27912 28058 I BatteryMgr:DataCollectionService: stats => 1688555032554,351875,4167
07-05 13:03:52.567 27912 28058 I BatteryMgr:DataCollectionService: stats => 1688555032567,351875,4167
07-05 13:03:52.580 27912 28058 I BatteryMgr:DataCollectionService: stats => 1688555032580,351875,4167
07-05 13:03:52.594 27912 28058 I BatteryMgr:DataCollectionService: stats => 1688555032594,351875,4167
07-05 13:03:52.608 27912 28058 I BatteryMgr:DataCollectionService: stats => 1688555032608,351875,4167
07-05 13:03:52.621 27912 28058 I BatteryMgr:DataCollectionService: stats => 1688555032621,351875,4167
07-05 13:03:52.634 27912 28058 I BatteryMgr:DataCollectionService: stats => 1688555032634,351875,4167
07-05 13:03:52.647 27912 28058 I BatteryMgr:DataCollectionService: stats => 1688555032647,351875,4167
07-05 13:03:52.660 27912 28058 I BatteryMgr:DataCollectionService: stats => 1688555032660,351875,4167
07-05 13:03:52.674 27912 28058 I BatteryMgr:DataCollectionService: stats => 1688555032674,351875,4167
07-05 13:03:52.687 27912 28058 I BatteryMgr:DataCollectionService: stats => 1688555032687,351875,4167
07-05 13:03:52.700 27912 28058 I BatteryMgr:DataCollectionService: stats => 1688555032700,351875,4167
07-05 13:03:52.713 27912 28058 I BatteryMgr:DataCollectionService: stats => 1688555032713,351875,4167
07-05 13:03:52.726 27912 28058 I BatteryMgr:DataCollectionService: stats => 1688555032726,351875,4167
07-05 13:03:52.739 27912 28058 I BatteryMgr:DataCollectionService: stats => 1688555032739,351875,4167
07-05 13:03:52.753 27912 28058 I BatteryMgr:DataCollectionService: stats => 1688555032753,351875,4167
07-05 13:03:52.766 27912 28058 I BatteryMgr:DataCollectionService: stats => 1688555032766,288750,4167
07-05 13:03:52.779 27912 28058 I BatteryMgr:DataCollectionService: stats => 1688555032779,288750,4167
07-05 13:03:52.792 27912 28058 I BatteryMgr:DataCollectionService: stats => 1688555032792,288750,4167
07-05 13:03:52.805 27912 28058 I BatteryMgr:DataCollectionService: stats => 1688555032805,288750,4167
07-05 13:03:52.818 27912 28058 I BatteryMgr:DataCollectionService: stats => 1688555032818,288750,4167
07-05 13:03:52.831 27912 28058 I BatteryMgr:DataCollectionService: stats => 1688555032831,288750,4167
07-05 13:03:52.845 27912 28058 I BatteryMgr:DataCollectionService: stats => 1688555032845,288750,4167
07-05 13:03:52.858 27912 28058 I BatteryMgr:DataCollectionService: stats => 1688555032858,288750,4167
07-05 13:03:52.871 27912 28058 I BatteryMgr:DataCollectionService: stats => 1688555032871,288750,4167
07-05 13:03:52.885 27912 28058 I BatteryMgr:DataCollectionService: stats => 1688555032885,288750,4167
07-05 13:03:52.898 27912 28058 I BatteryMgr:DataCollectionService: stats => 1688555032898,288750,4167
07-05 13:03:52.911 27912 28058 I BatteryMgr:DataCollectionService: stats => 1688555032911,288750,4167
07-05 13:03:52.924 27912 28058 I BatteryMgr:DataCollectionService: stats => 1688555032923,288750,4167
07-05 13:03:52.936 27912 28058 I BatteryMgr:DataCollectionService: stats => 1688555032936,288750,4167
07-05 13:03:52.949 27912 28058 I BatteryMgr:DataCollectionService: stats => 1688555032949,288750,4167
07-05 13:03:52.962 27912 28058 I BatteryMgr:DataCollectionService: stats => 1688555032962,288750,4167
07-05 13:03:52.976 27912 28058 I BatteryMgr:DataCollectionService: stats => 1688555032976,288750,4167
07-05 13:03:52.989 27912 28058 I BatteryMgr:DataCollectionService: stats => 1688555032989,288750,4167
07-05 13:03:53.003 27912 28058 I BatteryMgr:DataCollectionService: stats => 1688555033003,288750,4167
07-05 13:03:53.015 27912 28058 I BatteryMgr:DataCollectionService: stats => 1688555033015,288750,4167
07-05 13:03:53.028 27912 28058 I BatteryMgr:DataCollectionService: stats => 1688555033028,288750,4167
07-05 13:03:53.042 27912 28058 I BatteryMgr:DataCollectionService: stats => 1688555033041,288750,4167
07-05 13:03:53.055 27912 28058 I BatteryMgr:DataCollectionService: stats => 1688555033055,288750,4167
07-05 13:03:53.068 27912 28058 I BatteryMgr:DataCollectionService: stats => 1688555033068,288750,4167
07-05 13:03:53.082 27912 28058 I BatteryMgr:DataCollectionService: stats => 1688555033081,288750,4167
07-05 13:03:53.094 27912 28058 I BatteryMgr:DataCollectionService: stats => 1688555033094,288750,4167
07-05 13:03:53.107 27912 28058 I BatteryMgr:DataCollectionService: stats => 1688555033107,288750,4167
07-05 13:03:53.120  1502  1502 I EaselThermalMonitor: Cooling Device: mnh cur_state 0 max_state 4
07-05 13:03:53.120 27912 28058 I BatteryMgr:DataCollectionService: stats => 1688555033120,244375,4167
07-05 13:03:53.120  1502  1502 I EaselThermalMonitor: Cooling Device: mnh cur_state 0 max_state 4
07-05 13:03:53.133 27912 28058 I BatteryMgr:DataCollectionService: stats => 1688555033133,244375,4167
07-05 13:03:53.146 27912 28058 I BatteryMgr:DataCollectionService: stats => 1688555033146,244375,4167
07-05 13:03:53.159 27912 28058 I BatteryMgr:DataCollectionService: stats => 1688555033159,244375,4167
07-05 13:03:53.172 27912 28058 I BatteryMgr:DataCollectionService: stats => 1688555033172,244375,4167
07-05 13:03:53.185 27912 28058 I BatteryMgr:DataCollectionService: stats => 1688555033185,244375,4167
07-05 13:03:53.199 27912 28058 I BatteryMgr:DataCollectionService: stats => 1688555033199,244375,4167
07-05 13:03:53.212 27912 28058 I BatteryMgr:DataCollectionService: stats => 1688555033212,244375,4167
07-05 13:03:53.224 27912 28058 I BatteryMgr:DataCollectionService: stats => 1688555033224,244375,4167
07-05 13:03:53.237 27912 28058 I BatteryMgr:DataCollectionService: stats => 1688555033237,244375,4167
07-05 13:03:53.250 27912 28058 I BatteryMgr:DataCollectionService: stats => 1688555033250,244375,4167
07-05 13:03:53.264 27912 28058 I BatteryMgr:DataCollectionService: stats => 1688555033264,244375,4167
07-05 13:03:53.277 27912 28058 I BatteryMgr:DataCollectionService: stats => 1688555033277,244375,4167
