--------- beginning of system
07-09 13:05:21.312   762 32533 I ActivityManager: START u0 {act=android.intent.action.MAIN cat=[android.intent.category.LAUNCHER] flg=0x10000000 cmp=com.example.batterymanager_utility/.MainActivity} from uid 2000
07-09 13:05:21.343   762  7906 I ActivityManager: Start proc 7230:com.example.batterymanager_utility/u0a111 for activity com.example.batterymanager_utility/.MainActivity
--------- beginning of main
07-09 13:04:11.045  3183  3406 W OpenGLRenderer: Incorrectly called buildLayer on View: ShortcutAndWidgetContainer, destroying layer...
07-09 13:05:21.347  7230  7230 I zygote64: Late-enabling -Xcheck:jni
07-09 13:05:21.369  3183  3197 V ClearcutMetricXmitter: Transmission is done.
07-09 13:05:21.436  3081  3081 I GsaVoiceInteractionSrv: Handling ACTION_STOP_HOTWORD
07-09 13:05:21.473  7230  7230 I BatteryMgr:App: creating notification channel
07-09 13:05:21.548  7230  7248 D OpenGLRenderer: HWUI GL Pipeline
07-09 13:05:21.714  7235  7235 D AndroidRuntime: >>>>>> START com.android.internal.os.RuntimeInit uid 2000 <<<<<<
07-09 13:05:21.723  7230  7230 W zygote64: Class androidx.compose.runtime.snapshots.SnapshotStateList failed lock verification and will run slower.
07-09 13:05:21.723  7230  7230 W zygote64: Common causes for lock verification issues are non-optimized dex code
07-09 13:05:21.723  7230  7230 W zygote64: and incorrect proguard optimizations.
07-09 13:05:21.824  7235  7235 D ICU     : Timezone override file found: /data/misc/zoneinfo/current/icu/icu_tzdata.dat
07-09 13:05:21.828  7230  7237 I zygote64: Do partial code cache collection, code=30KB, data=19KB
07-09 13:05:21.829  7230  7237 I zygote64: After code cache collection, code=30KB, data=19KB
07-09 13:05:21.829  7230  7237 I zygote64: Increasing code cache capacity to 128KB
07-09 13:05:21.843  7235  7235 I app_process: The ClassLoaderContext is a special shared library.
07-09 13:05:21.880  7235  7235 D AndroidRuntime: Calling main entry com.android.commands.monkey.Monkey
07-09 13:05:21.883  7235  7235 W Monkey  : args: [-p, e.www.speakertest, 1]
07-09 13:05:21.883  7235  7235 W Monkey  :  arg: "-p"
07-09 13:05:21.884  7235  7235 W Monkey  :  arg: "e.www.speakertest"
07-09 13:05:21.884  7235  7235 W Monkey  :  arg: "1"
07-09 13:05:21.884  7235  7235 W Monkey  : data="e.www.speakertest"
07-09 13:05:21.912   762   777 W BroadcastQueue: Skipping deliver [background] BroadcastRecord{9ad4566 u-1 android.net.conn.CONNECTIVITY_CHANGE} to ReceiverList{ccfd0a7 7235 (unknown name)/2000/u-1 remote:87dcaa8}: process gone or crashing
07-09 13:05:21.936   762   773 I ActivityManager: START u0 {act=android.intent.action.MAIN cat=[android.intent.category.LAUNCHER] flg=0x10200000 cmp=e.www.speakertest/.MainActivity} from uid 2000
07-09 13:05:21.936   762   773 W Binder  : Outgoing transactions from this process must be FLAG_ONEWAY
07-09 13:05:21.936   762   773 W Binder  : java.lang.Throwable
07-09 13:05:21.936   762   773 W Binder  : 	at android.os.BinderProxy.transact(Binder.java:752)
07-09 13:05:21.936   762   773 W Binder  : 	at android.app.IActivityController$Stub$Proxy.activityStarting(IActivityController.java:172)
07-09 13:05:21.936   762   773 W Binder  : 	at com.android.server.am.ActivityStarter.startActivity(ActivityStarter.java:449)
07-09 13:05:21.936   762   773 W Binder  : 	at com.android.server.am.ActivityStarter.startActivityLocked(ActivityStarter.java:278)
07-09 13:05:21.936   762   773 W Binder  : 	at com.android.server.am.ActivityStarter.startActivityMayWait(ActivityStarter.java:817)
07-09 13:05:21.936   762   773 W Binder  : 	at com.android.server.am.ActivityManagerService.startActivityAsUser(ActivityManagerService.java:4532)
07-09 13:05:21.936   762   773 W Binder  : 	at com.android.server.am.ActivityManagerService.startActivity(ActivityManagerService.java:4519)
07-09 13:05:21.936   762   773 W Binder  : 	at android.app.IActivityManager$Stub.onTransact(IActivityManager.java:121)
07-09 13:05:21.936   762   773 W Binder  : 	at com.android.server.am.ActivityManagerService.onTransact(ActivityManagerService.java:2919)
07-09 13:05:21.936   762   773 W Binder  : 	at android.os.Binder.execTransact(Binder.java:697)
07-09 13:05:21.943  7230  7248 I Adreno  : QUALCOMM build                   : 8e59954, I0be83d0d26
07-09 13:05:21.943  7230  7248 I Adreno  : Build Date                       : 09/22/17
07-09 13:05:21.943  7230  7248 I Adreno  : OpenGL ES Shader Compiler Version: EV031.21.02.00
07-09 13:05:21.943  7230  7248 I Adreno  : Local Branch                     : O17A
07-09 13:05:21.943  7230  7248 I Adreno  : Remote Branch                    : 
07-09 13:05:21.943  7230  7248 I Adreno  : Remote Branch                    : 
07-09 13:05:21.943  7230  7248 I Adreno  : Reconstruct Branch               : 
07-09 13:05:21.944  7230  7248 D vndksupport: Loading /vendor/lib64/hw/gralloc.msm8992.so from current namespace instead of sphal namespace.
07-09 13:05:21.955  7230  7248 I Adreno  : PFP: 0x00000000, ME: 0x00000000
07-09 13:05:21.958  7235  7235 I Monkey  : Events injected: 1
07-09 13:05:21.960   363   363 W /system/bin/hwservicemanager: getTransport: Cannot find entry android.hardware.configstore@1.0::ISurfaceFlingerConfigs/default in either framework or device manifest.
07-09 13:05:21.963  7230  7248 I zygote64: android::hardware::configstore::V1_0::ISurfaceFlingerConfigs::hasWideColorDisplay retrieved: 0
07-09 13:05:21.987  7230  7248 I OpenGLRenderer: Initialized EGL, version 1.4
07-09 13:05:21.987  7235  7235 I Monkey  : ## Network stats: elapsed time=45ms (0ms mobile, 0ms wifi, 45ms not connected)
07-09 13:05:21.987  7230  7248 D OpenGLRenderer: Swap behavior 2
07-09 13:05:21.989  7235  7235 I com.android.commands.monkey: System.exit called, status: 0
07-09 13:05:21.991  7235  7235 I AndroidRuntime: VM exiting with result code 0.
07-09 13:05:22.007  7230  7230 D Compose Focus: Owner FocusChanged(true)
07-09 13:05:22.062   363   363 W /system/bin/hwservicemanager: getTransport: Cannot find entry android.hardware.graphics.mapper@2.0::IMapper/default in either framework or device manifest.
07-09 13:05:22.063  7230  7248 D vndksupport: Loading /vendor/lib64/hw/android.hardware.graphics.mapper@2.0-impl.so from current namespace instead of sphal namespace.
07-09 13:05:22.064  7230  7248 D vndksupport: Loading /vendor/lib64/hw/gralloc.msm8992.so from current namespace instead of sphal namespace.
07-09 13:05:22.101  1187  1187 I GoogleInputMethodService: GoogleInputMethodService.onFinishInput():3306 
07-09 13:05:22.102  1187  1187 I GoogleInputMethodService: GoogleInputMethodService.updateDeviceLockedStatus():2127 repeatCheckTimes = 0, locked = false
07-09 13:05:22.102  1187  1187 I GoogleInputMethodService: GoogleInputMethodService.onStartInput():1909 onStartInput(EditorInfo{inputType=0x0(NULL) imeOptions=0x0 privateImeOptions=null actionName=UNSPECIFIED actionLabel=null actionId=0 initialSelStart=-1 initialSelEnd=-1 initialCapsMode=0x0 hintText=null label=null packageName=com.example.batterymanager_utility fieldId=-1 fieldName=null extras=null hintLocales=[]}, false)
07-09 13:05:22.103  1187  1187 I GoogleInputMethodService: GoogleInputMethodService.shouldHideHeaderOnInitialState():1990 ShouldHideHeaderOnInitialState = false
07-09 13:05:22.103  1187  1187 I GoogleInputMethodService: GoogleInputMethodService.updateDeviceLockedStatus():2127 repeatCheckTimes = 1, locked = false
07-09 13:05:22.120  7261  7261 I zygote64: Late-enabling -Xcheck:jni
07-09 13:05:22.122   762  1243 I ActivityManager: Start proc 7261:e.www.speakertest/u0a176 for activity e.www.speakertest/.MainActivity
07-09 13:05:22.370  7261  7261 I zygote64: Rejecting re-init on previously-failed class java.lang.Class<androidx.core.view.ViewCompat$2>: java.lang.NoClassDefFoundError: Failed resolution of: Landroid/view/View$OnUnhandledKeyEventListener;
07-09 13:05:22.370  7261  7261 I zygote64:   at void androidx.core.view.ViewCompat.setOnApplyWindowInsetsListener(android.view.View, androidx.core.view.OnApplyWindowInsetsListener) (ViewCompat.java:2436)
07-09 13:05:22.370  7261  7261 I zygote64:   at android.view.ViewGroup androidx.appcompat.app.AppCompatDelegateImpl.createSubDecor() (AppCompatDelegateImpl.java:779)
07-09 13:05:22.370  7261  7261 I zygote64:   at void androidx.appcompat.app.AppCompatDelegateImpl.ensureSubDecor() (AppCompatDelegateImpl.java:659)
07-09 13:05:22.370  7261  7261 I zygote64:   at void androidx.appcompat.app.AppCompatDelegateImpl.setContentView(int) (AppCompatDelegateImpl.java:552)
07-09 13:05:22.370  7261  7261 I zygote64:   at void androidx.appcompat.app.AppCompatActivity.setContentView(int) (AppCompatActivity.java:161)
07-09 13:05:22.370  7261  7261 I zygote64:   at void e.www.speakertest.MainActivity.onCreate(android.os.Bundle) (MainActivity.kt:14)
07-09 13:05:22.370  7261  7261 I zygote64:   at void android.app.Activity.performCreate(android.os.Bundle, android.os.PersistableBundle) (Activity.java:7009)
07-09 13:05:22.370  7261  7261 I zygote64:   at void android.app.Activity.performCreate(android.os.Bundle) (Activity.java:7000)
07-09 13:05:22.370  7261  7261 I zygote64:   at void android.app.Instrumentation.callActivityOnCreate(android.app.Activity, android.os.Bundle) (Instrumentation.java:1214)
07-09 13:05:22.370  7261  7261 I zygote64:   at android.app.Activity android.app.ActivityThread.performLaunchActivity(android.app.ActivityThread$ActivityClientRecord, android.content.Intent) (ActivityThread.java:2731)
07-09 13:05:22.370  7261  7261 I zygote64:   at void android.app.ActivityThread.handleLaunchActivity(android.app.ActivityThread$ActivityClientRecord, android.content.Intent, java.lang.String) (ActivityThread.java:2856)
07-09 13:05:22.371  7261  7261 I zygote64:   at void android.app.ActivityThread.-wrap11(android.app.ActivityThread, android.app.ActivityThread$ActivityClientRecord, android.content.Intent, java.lang.String) (ActivityThread.java:-1)
07-09 13:05:22.371  7261  7261 I zygote64:   at void android.app.ActivityThread$H.handleMessage(android.os.Message) (ActivityThread.java:1589)
07-09 13:05:22.371  7261  7261 I zygote64:   at void android.os.Handler.dispatchMessage(android.os.Message) (Handler.java:106)
07-09 13:05:22.371  7261  7261 I zygote64:   at void android.os.Looper.loop() (Looper.java:164)
07-09 13:05:22.371  7261  7261 I zygote64:   at void android.app.ActivityThread.main(java.lang.String[]) (ActivityThread.java:6494)
07-09 13:05:22.371  7261  7261 I zygote64:   at java.lang.Object java.lang.reflect.Method.invoke(java.lang.Object, java.lang.Object[]) (Method.java:-2)
07-09 13:05:22.371  7261  7261 I zygote64:   at void com.android.internal.os.RuntimeInit$MethodAndArgsCaller.run() (RuntimeInit.java:438)
07-09 13:05:22.371  7261  7261 I zygote64:   at void com.android.internal.os.ZygoteInit.main(java.lang.String[]) (ZygoteInit.java:807)
07-09 13:05:22.371  7261  7261 I zygote64: Caused by: java.lang.ClassNotFoundException: Didn't find class "android.view.View$OnUnhandledKeyEventListener" on path: DexPathList[[zip file "/data/app/e.www.speakertest-Lv5RPXGzlD83Y4eFLic6gA==/base.apk"],nativeLibraryDirectories=[/data/app/e.www.speakertest-Lv5RPXGzlD83Y4eFLic6gA==/lib/arm64, /system/lib64, /vendor/lib64]]
07-09 13:05:22.371  7261  7261 I zygote64:   at java.lang.Class dalvik.system.BaseDexClassLoader.findClass(java.lang.String) (BaseDexClassLoader.java:125)
07-09 13:05:22.371  7261  7261 I zygote64:   at java.lang.Class java.lang.ClassLoader.loadClass(java.lang.String, boolean) (ClassLoader.java:379)
07-09 13:05:22.371  7261  7261 I zygote64:   at java.lang.Class java.lang.ClassLoader.loadClass(java.lang.String) (ClassLoader.java:312)
07-09 13:05:22.371  7261  7261 I zygote64:   at void androidx.core.view.ViewCompat.setOnApplyWindowInsetsListener(android.view.View, androidx.core.view.OnApplyWindowInsetsListener) (ViewCompat.java:2436)
07-09 13:05:22.371  7261  7261 I zygote64:   at android.view.ViewGroup androidx.appcompat.app.AppCompatDelegateImpl.createSubDecor() (AppCompatDelegateImpl.java:779)
07-09 13:05:22.371  7261  7261 I zygote64:   at void androidx.appcompat.app.AppCompatDelegateImpl.ensureSubDecor() (AppCompatDelegateImpl.java:659)
07-09 13:05:22.371  7261  7261 I zygote64:   at void androidx.appcompat.app.AppCompatDelegateImpl.setContentView(int) (AppCompatDelegateImpl.java:552)
07-09 13:05:22.371  7261  7261 I zygote64:   at void androidx.appcompat.app.AppCompatActivity.setContentView(int) (AppCompatActivity.java:161)
07-09 13:05:22.371  7261  7261 I zygote64:   at void e.www.speakertest.MainActivity.onCreate(android.os.Bundle) (MainActivity.kt:14)
07-09 13:05:22.371  7261  7261 I zygote64:   at void android.app.Activity.performCreate(android.os.Bundle, android.os.PersistableBundle) (Activity.java:7009)
07-09 13:05:22.371  7261  7261 I zygote64:   at void android.app.Activity.performCreate(android.os.Bundle) (Activity.java:7000)
07-09 13:05:22.371  7261  7261 I zygote64:   at void android.app.Instrumentation.callActivityOnCreate(android.app.Activity, android.os.Bundle) (Instrumentation.java:1214)
07-09 13:05:22.371  7261  7261 I zygote64:   at android.app.Activity android.app.ActivityThread.performLaunchActivity(android.app.ActivityThread$ActivityClientRecord, android.content.Intent) (ActivityThread.java:2731)
07-09 13:05:22.371  7261  7261 I zygote64:   at void android.app.ActivityThread.handleLaunchActivity(android.app.ActivityThread$ActivityClientRecord, android.content.Intent, java.lang.String) (ActivityThread.java:2856)
07-09 13:05:22.371  7261  7261 I zygote64:   at void android.app.ActivityThread.-wrap11(android.app.ActivityThread, android.app.ActivityThread$ActivityClientRecord, android.content.Intent, java.lang.String) (ActivityThread.java:-1)
07-09 13:05:22.371  7261  7261 I zygote64:   at void android.app.ActivityThread$H.handleMessage(android.os.Message) (ActivityThread.java:1589)
07-09 13:05:22.371  7261  7261 I zygote64:   at void android.os.Handler.dispatchMessage(android.os.Message) (Handler.java:106)
07-09 13:05:22.371  7261  7261 I zygote64:   at void android.os.Looper.loop() (Looper.java:164)
07-09 13:05:22.371  7261  7261 I zygote64:   at void android.app.ActivityThread.main(java.lang.String[]) (ActivityThread.java:6494)
07-09 13:05:22.371  7261  7261 I zygote64:   at java.lang.Object java.lang.reflect.Method.invoke(java.lang.Object, java.lang.Object[]) (Method.java:-2)
07-09 13:05:22.371  7261  7261 I zygote64:   at void com.android.internal.os.RuntimeInit$MethodAndArgsCaller.run() (RuntimeInit.java:438)
07-09 13:05:22.371  7261  7261 I zygote64:   at void com.android.internal.os.ZygoteInit.main(java.lang.String[]) (ZygoteInit.java:807)
07-09 13:05:22.371  7261  7261 I zygote64: 
07-09 13:05:22.371  7261  7261 I zygote64: Rejecting re-init on previously-failed class java.lang.Class<androidx.core.view.ViewCompat$2>: java.lang.NoClassDefFoundError: Failed resolution of: Landroid/view/View$OnUnhandledKeyEventListener;
07-09 13:05:22.371  7261  7261 I zygote64:   at void androidx.core.view.ViewCompat.setOnApplyWindowInsetsListener(android.view.View, androidx.core.view.OnApplyWindowInsetsListener) (ViewCompat.java:2436)
07-09 13:05:22.371  7261  7261 I zygote64:   at android.view.ViewGroup androidx.appcompat.app.AppCompatDelegateImpl.createSubDecor() (AppCompatDelegateImpl.java:779)
07-09 13:05:22.371  7261  7261 I zygote64:   at void androidx.appcompat.app.AppCompatDelegateImpl.ensureSubDecor() (AppCompatDelegateImpl.java:659)
07-09 13:05:22.371  7261  7261 I zygote64:   at void androidx.appcompat.app.AppCompatDelegateImpl.setContentView(int) (AppCompatDelegateImpl.java:552)
07-09 13:05:22.371  7261  7261 I zygote64:   at void androidx.appcompat.app.AppCompatActivity.setContentView(int) (AppCompatActivity.java:161)
07-09 13:05:22.371  7261  7261 I zygote64:   at void e.www.speakertest.MainActivity.onCreate(android.os.Bundle) (MainActivity.kt:14)
07-09 13:05:22.371  7261  7261 I zygote64:   at void android.app.Activity.performCreate(android.os.Bundle, android.os.PersistableBundle) (Activity.java:7009)
07-09 13:05:22.371  7261  7261 I zygote64:   at void android.app.Activity.performCreate(android.os.Bundle) (Activity.java:7000)
07-09 13:05:22.371  7261  7261 I zygote64:   at void android.app.Instrumentation.callActivityOnCreate(android.app.Activity, android.os.Bundle) (Instrumentation.java:1214)
07-09 13:05:22.371  7261  7261 I zygote64:   at android.app.Activity android.app.ActivityThread.performLaunchActivity(android.app.ActivityThread$ActivityClientRecord, android.content.Intent) (ActivityThread.java:2731)
07-09 13:05:22.371  7261  7261 I zygote64:   at void android.app.ActivityThread.handleLaunchActivity(android.app.ActivityThread$ActivityClientRecord, android.content.Intent, java.lang.String) (ActivityThread.java:2856)
07-09 13:05:22.371  7261  7261 I zygote64:   at void android.app.ActivityThread.-wrap11(android.app.ActivityThread, android.app.ActivityThread$ActivityClientRecord, android.content.Intent, java.lang.String) (ActivityThread.java:-1)
07-09 13:05:22.371  7261  7261 I zygote64:   at void android.app.ActivityThread$H.handleMessage(android.os.Message) (ActivityThread.java:1589)
07-09 13:05:22.371  7261  7261 I zygote64:   at void android.os.Handler.dispatchMessage(android.os.Message) (Handler.java:106)
07-09 13:05:22.371  7261  7261 I zygote64:   at void android.os.Looper.loop() (Looper.java:164)
07-09 13:05:22.371  7261  7261 I zygote64:   at void android.app.ActivityThread.main(java.lang.String[]) (ActivityThread.java:6494)
07-09 13:05:22.371  7261  7261 I zygote64:   at java.lang.Object java.lang.reflect.Method.invoke(java.lang.Object, java.lang.Object[]) (Method.java:-2)
07-09 13:05:22.371  7261  7261 I zygote64:   at void com.android.internal.os.RuntimeInit$MethodAndArgsCaller.run() (RuntimeInit.java:438)
07-09 13:05:22.371  7261  7261 I zygote64:   at void com.android.internal.os.ZygoteInit.main(java.lang.String[]) (ZygoteInit.java:807)
07-09 13:05:22.371  7261  7261 I zygote64: Caused by: java.lang.ClassNotFoundException: Didn't find class "android.view.View$OnUnhandledKeyEventListener" on path: DexPathList[[zip file "/data/app/e.www.speakertest-Lv5RPXGzlD83Y4eFLic6gA==/base.apk"],nativeLibraryDirectories=[/data/app/e.www.speakertest-Lv5RPXGzlD83Y4eFLic6gA==/lib/arm64, /system/lib64, /vendor/lib64]]
07-09 13:05:22.371  7261  7261 I zygote64:   at java.lang.Class dalvik.system.BaseDexClassLoader.findClass(java.lang.String) (BaseDexClassLoader.java:125)
07-09 13:05:22.371  7261  7261 I zygote64:   at java.lang.Class java.lang.ClassLoader.loadClass(java.lang.String, boolean) (ClassLoader.java:379)
07-09 13:05:22.371  7261  7261 I zygote64:   at java.lang.Class java.lang.ClassLoader.loadClass(java.lang.String) (ClassLoader.java:312)
07-09 13:05:22.371  7261  7261 I zygote64:   at void androidx.core.view.ViewCompat.setOnApplyWindowInsetsListener(android.view.View, androidx.core.view.OnApplyWindowInsetsListener) (ViewCompat.java:2436)
07-09 13:05:22.371  7261  7261 I zygote64:   at android.view.ViewGroup androidx.appcompat.app.AppCompatDelegateImpl.createSubDecor() (AppCompatDelegateImpl.java:779)
07-09 13:05:22.371  7261  7261 I zygote64:   at void androidx.appcompat.app.AppCompatDelegateImpl.ensureSubDecor() (AppCompatDelegateImpl.java:659)
07-09 13:05:22.371  7261  7261 I zygote64:   at void androidx.appcompat.app.AppCompatDelegateImpl.setContentView(int) (AppCompatDelegateImpl.java:552)
07-09 13:05:22.371  7261  7261 I zygote64:   at void androidx.appcompat.app.AppCompatActivity.setContentView(int) (AppCompatActivity.java:161)
07-09 13:05:22.371  7261  7261 I zygote64:   at void e.www.speakertest.MainActivity.onCreate(android.os.Bundle) (MainActivity.kt:14)
07-09 13:05:22.371  7261  7261 I zygote64:   at void android.app.Activity.performCreate(android.os.Bundle, android.os.PersistableBundle) (Activity.java:7009)
07-09 13:05:22.371  7261  7261 I zygote64:   at void android.app.Activity.performCreate(android.os.Bundle) (Activity.java:7000)
07-09 13:05:22.371  7261  7261 I zygote64:   at void android.app.Instrumentation.callActivityOnCreate(android.app.Activity, android.os.Bundle) (Instrumentation.java:1214)
07-09 13:05:22.371  7261  7261 I zygote64:   at android.app.Activity android.app.ActivityThread.performLaunchActivity(android.app.ActivityThread$ActivityClientRecord, android.content.Intent) (ActivityThread.java:2731)
07-09 13:05:22.371  7261  7261 I zygote64:   at void android.app.ActivityThread.handleLaunchActivity(android.app.ActivityThread$ActivityClientRecord, android.content.Intent, java.lang.String) (ActivityThread.java:2856)
07-09 13:05:22.371  7261  7261 I zygote64:   at void android.app.ActivityThread.-wrap11(android.app.ActivityThread, android.app.ActivityThread$ActivityClientRecord, android.content.Intent, java.lang.String) (ActivityThread.java:-1)
07-09 13:05:22.371  7261  7261 I zygote64:   at void android.app.ActivityThread$H.handleMessage(android.os.Message) (ActivityThread.java:1589)
07-09 13:05:22.371  7261  7261 I zygote64:   at void android.os.Handler.dispatchMessage(android.os.Message) (Handler.java:106)
07-09 13:05:22.371  7261  7261 I zygote64:   at void android.os.Looper.loop() (Looper.java:164)
07-09 13:05:22.371  7261  7261 I zygote64:   at void android.app.ActivityThread.main(java.lang.String[]) (ActivityThread.java:6494)
07-09 13:05:22.371  7261  7261 I zygote64:   at java.lang.Object java.lang.reflect.Method.invoke(java.lang.Object, java.lang.Object[]) (Method.java:-2)
07-09 13:05:22.371  7261  7261 I zygote64:   at void com.android.internal.os.RuntimeInit$MethodAndArgsCaller.run() (RuntimeInit.java:438)
07-09 13:05:22.371  7261  7261 I zygote64:   at void com.android.internal.os.ZygoteInit.main(java.lang.String[]) (ZygoteInit.java:807)
07-09 13:05:22.371  7261  7261 I zygote64: 
07-09 13:05:22.372  7261  7261 I zygote64: Rejecting re-init on previously-failed class java.lang.Class<androidx.core.view.ViewCompat$2>: java.lang.NoClassDefFoundError: Failed resolution of: Landroid/view/View$OnUnhandledKeyEventListener;
07-09 13:05:22.372  7261  7261 I zygote64:   at void androidx.core.view.ViewCompat.setOnApplyWindowInsetsListener(android.view.View, androidx.core.view.OnApplyWindowInsetsListener) (ViewCompat.java:2436)
07-09 13:05:22.372  7261  7261 I zygote64:   at android.view.ViewGroup androidx.appcompat.app.AppCompatDelegateImpl.createSubDecor() (AppCompatDelegateImpl.java:779)
07-09 13:05:22.372  7261  7261 I zygote64:   at void androidx.appcompat.app.AppCompatDelegateImpl.ensureSubDecor() (AppCompatDelegateImpl.java:659)
07-09 13:05:22.372  7261  7261 I zygote64:   at void androidx.appcompat.app.AppCompatDelegateImpl.setContentView(int) (AppCompatDelegateImpl.java:552)
07-09 13:05:22.372  7261  7261 I zygote64:   at void androidx.appcompat.app.AppCompatActivity.setContentView(int) (AppCompatActivity.java:161)
07-09 13:05:22.372  7261  7261 I zygote64:   at void e.www.speakertest.MainActivity.onCreate(android.os.Bundle) (MainActivity.kt:14)
07-09 13:05:22.372  7261  7261 I zygote64:   at void android.app.Activity.performCreate(android.os.Bundle, android.os.PersistableBundle) (Activity.java:7009)
07-09 13:05:22.372  7261  7261 I zygote64:   at void android.app.Activity.performCreate(android.os.Bundle) (Activity.java:7000)
07-09 13:05:22.372  7261  7261 I zygote64:   at void android.app.Instrumentation.callActivityOnCreate(android.app.Activity, android.os.Bundle) (Instrumentation.java:1214)
07-09 13:05:22.372  7261  7261 I zygote64:   at android.app.Activity android.app.ActivityThread.performLaunchActivity(android.app.ActivityThread$ActivityClientRecord, android.content.Intent) (ActivityThread.java:2731)
07-09 13:05:22.372  7261  7261 I zygote64:   at void android.app.ActivityThread.handleLaunchActivity(android.app.ActivityThread$ActivityClientRecord, android.content.Intent, java.lang.String) (ActivityThread.java:2856)
07-09 13:05:22.372  7261  7261 I zygote64:   at void android.app.ActivityThread.-wrap11(android.app.ActivityThread, android.app.ActivityThread$ActivityClientRecord, android.content.Intent, java.lang.String) (ActivityThread.java:-1)
07-09 13:05:22.372  7261  7261 I zygote64:   at void android.app.ActivityThread$H.handleMessage(android.os.Message) (ActivityThread.java:1589)
07-09 13:05:22.372  7261  7261 I zygote64:   at void android.os.Handler.dispatchMessage(android.os.Message) (Handler.java:106)
07-09 13:05:22.372  7261  7261 I zygote64:   at void android.os.Looper.loop() (Looper.java:164)
07-09 13:05:22.372  7261  7261 I zygote64:   at void android.app.ActivityThread.main(java.lang.String[]) (ActivityThread.java:6494)
07-09 13:05:22.372  7261  7261 I zygote64:   at java.lang.Object java.lang.reflect.Method.invoke(java.lang.Object, java.lang.Object[]) (Method.java:-2)
07-09 13:05:22.372  7261  7261 I zygote64:   at void com.android.internal.os.RuntimeInit$MethodAndArgsCaller.run() (RuntimeInit.java:438)
07-09 13:05:22.372  7261  7261 I zygote64:   at void com.android.internal.os.ZygoteInit.main(java.lang.String[]) (ZygoteInit.java:807)
07-09 13:05:22.372  7261  7261 I zygote64: Caused by: java.lang.ClassNotFoundException: Didn't find class "android.view.View$OnUnhandledKeyEventListener" on path: DexPathList[[zip file "/data/app/e.www.speakertest-Lv5RPXGzlD83Y4eFLic6gA==/base.apk"],nativeLibraryDirectories=[/data/app/e.www.speakertest-Lv5RPXGzlD83Y4eFLic6gA==/lib/arm64, /system/lib64, /vendor/lib64]]
07-09 13:05:22.372  7261  7261 I zygote64:   at java.lang.Class dalvik.system.BaseDexClassLoader.findClass(java.lang.String) (BaseDexClassLoader.java:125)
07-09 13:05:22.372  7261  7261 I zygote64:   at java.lang.Class java.lang.ClassLoader.loadClass(java.lang.String, boolean) (ClassLoader.java:379)
07-09 13:05:22.372  7261  7261 I zygote64:   at java.lang.Class java.lang.ClassLoader.loadClass(java.lang.String) (ClassLoader.java:312)
07-09 13:05:22.372  7261  7261 I zygote64:   at void androidx.core.view.ViewCompat.setOnApplyWindowInsetsListener(android.view.View, androidx.core.view.OnApplyWindowInsetsListener) (ViewCompat.java:2436)
07-09 13:05:22.372  7261  7261 I zygote64:   at android.view.ViewGroup androidx.appcompat.app.AppCompatDelegateImpl.createSubDecor() (AppCompatDelegateImpl.java:779)
07-09 13:05:22.372  7261  7261 I zygote64:   at void androidx.appcompat.app.AppCompatDelegateImpl.ensureSubDecor() (AppCompatDelegateImpl.java:659)
07-09 13:05:22.372  7261  7261 I zygote64:   at void androidx.appcompat.app.AppCompatDelegateImpl.setContentView(int) (AppCompatDelegateImpl.java:552)
07-09 13:05:22.372  7261  7261 I zygote64:   at void androidx.appcompat.app.AppCompatActivity.setContentView(int) (AppCompatActivity.java:161)
07-09 13:05:22.372  7261  7261 I zygote64:   at void e.www.speakertest.MainActivity.onCreate(android.os.Bundle) (MainActivity.kt:14)
07-09 13:05:22.372  7261  7261 I zygote64:   at void android.app.Activity.performCreate(android.os.Bundle, android.os.PersistableBundle) (Activity.java:7009)
07-09 13:05:22.372  7261  7261 I zygote64:   at void android.app.Activity.performCreate(android.os.Bundle) (Activity.java:7000)
07-09 13:05:22.372  7261  7261 I zygote64:   at void android.app.Instrumentation.callActivityOnCreate(android.app.Activity, android.os.Bundle) (Instrumentation.java:1214)
07-09 13:05:22.372  7261  7261 I zygote64:   at android.app.Activity android.app.ActivityThread.performLaunchActivity(android.app.ActivityThread$ActivityClientRecord, android.content.Intent) (ActivityThread.java:2731)
07-09 13:05:22.372  7261  7261 I zygote64:   at void android.app.ActivityThread.handleLaunchActivity(android.app.ActivityThread$ActivityClientRecord, android.content.Intent, java.lang.String) (ActivityThread.java:2856)
07-09 13:05:22.372  7261  7261 I zygote64:   at void android.app.ActivityThread.-wrap11(android.app.ActivityThread, android.app.ActivityThread$ActivityClientRecord, android.content.Intent, java.lang.String) (ActivityThread.java:-1)
07-09 13:05:22.372  7261  7261 I zygote64:   at void android.app.ActivityThread$H.handleMessage(android.os.Message) (ActivityThread.java:1589)
07-09 13:05:22.372  7261  7261 I zygote64:   at void android.os.Handler.dispatchMessage(android.os.Message) (Handler.java:106)
07-09 13:05:22.372  7261  7261 I zygote64:   at void android.os.Looper.loop() (Looper.java:164)
07-09 13:05:22.372  7261  7261 I zygote64:   at void android.app.ActivityThread.main(java.lang.String[]) (ActivityThread.java:6494)
07-09 13:05:22.372  7261  7261 I zygote64:   at java.lang.Object java.lang.reflect.Method.invoke(java.lang.Object, java.lang.Object[]) (Method.java:-2)
07-09 13:05:22.372  7261  7261 I zygote64:   at void com.android.internal.os.RuntimeInit$MethodAndArgsCaller.run() (RuntimeInit.java:438)
07-09 13:05:22.372  7261  7261 I zygote64:   at void com.android.internal.os.ZygoteInit.main(java.lang.String[]) (ZygoteInit.java:807)
07-09 13:05:22.372  7261  7261 I zygote64: 
07-09 13:05:22.410   573  1323 D NuPlayerDriver: NuPlayerDriver(0xf1c93180) created, clientPid(7261)
07-09 13:05:22.417   573  7278 D GenericSource: FileSource remote
07-09 13:05:22.423   573  7277 D NuPlayerDriver: notifyListener_l(0xf1c93180), (1, 0, 0, -1), loop setting(0, 0)
07-09 13:05:22.473  7261  7280 D OpenGLRenderer: HWUI GL Pipeline
07-09 13:05:22.496   762 21939 V MediaRouterService: restoreBluetoothA2dp(false)
07-09 13:05:22.496   573  1323 D NuPlayerDriver: start(0xf1c93180), state is 4, eos is 0
07-09 13:05:22.496   573  7277 I GenericSource: start
07-09 13:05:22.508   561   691 I AudioFlinger: openOutput() this 0xf58bd000, module 10 Device 2, SamplingRate 44100, Format 0x1000000, Channels 3, flags 31
07-09 13:05:22.509   561   691 I AudioFlinger: HAL output buffer size 262144 frames, normal sink buffer size 262144 frames
07-09 13:05:22.509   561  7287 I AudioFlinger: AudioFlinger's thread 0xf2f6d000 tid=7287 ready to run
07-09 13:05:22.526   414   414 W /system/bin/hw/android.hidl.allocator@1.0-service: ashmem_create_region(1048576) returning hidl_memory(0x7f47c2b310, 1048576)
07-09 13:05:22.531   414   414 W /system/bin/hw/android.hidl.allocator@1.0-service: ashmem_create_region(1048576) returning hidl_memory(0x7f47c2b310, 1048576)
07-09 13:05:22.533   561   689 W AudioFlinger: moveEffectChain_l() effect chain for session 0 not on source thread 0xf4803900
07-09 13:05:22.533   561  7287 E volume_listener: check_and_set_gain_dep_cal: Failed to set gain dep cal level
07-09 13:05:22.534   561  7287 D audio_hw_primary: out_set_parameters: enter: usecase(3: compress-offload-playback) kvpairs: routing=2
07-09 13:05:22.540   561  7287 D audio_hw_primary: out_set_parameters: enter: usecase(3: compress-offload-playback) kvpairs: delay_samples=576;music_offload_avg_bit_rate=192000;music_offload_sample_rate=44100;padding_samples=1339
07-09 13:05:22.554  7261  7280 I Adreno  : QUALCOMM build                   : 8e59954, I0be83d0d26
07-09 13:05:22.554  7261  7280 I Adreno  : Build Date                       : 09/22/17
07-09 13:05:22.554  7261  7280 I Adreno  : OpenGL ES Shader Compiler Version: EV031.21.02.00
07-09 13:05:22.554  7261  7280 I Adreno  : Local Branch                     : O17A
07-09 13:05:22.554  7261  7280 I Adreno  : Remote Branch                    : 
07-09 13:05:22.554  7261  7280 I Adreno  : Remote Branch                    : 
07-09 13:05:22.554  7261  7280 I Adreno  : Reconstruct Branch               : 
07-09 13:05:22.554  7261  7280 D vndksupport: Loading /vendor/lib64/hw/gralloc.msm8992.so from current namespace instead of sphal namespace.
07-09 13:05:22.563  7261  7280 I Adreno  : PFP: 0x00000000, ME: 0x00000000
07-09 13:05:22.569   363   363 W /system/bin/hwservicemanager: getTransport: Cannot find entry android.hardware.configstore@1.0::ISurfaceFlingerConfigs/default in either framework or device manifest.
07-09 13:05:22.570  7261  7280 I zygote64: android::hardware::configstore::V1_0::ISurfaceFlingerConfigs::hasWideColorDisplay retrieved: 0
07-09 13:05:22.572  7261  7280 I OpenGLRenderer: Initialized EGL, version 1.4
07-09 13:05:22.572  7261  7280 D OpenGLRenderer: Swap behavior 2
07-09 13:05:22.578  1187  1187 I GoogleInputMethodService: GoogleInputMethodService.onFinishInput():3306 
07-09 13:05:22.583  1187  1187 I GoogleInputMethodService: GoogleInputMethodService.updateDeviceLockedStatus():2127 repeatCheckTimes = 0, locked = false
07-09 13:05:22.584  1187  1187 I GoogleInputMethodService: GoogleInputMethodService.onStartInput():1909 onStartInput(EditorInfo{inputType=0x0(NULL) imeOptions=0x0 privateImeOptions=null actionName=UNSPECIFIED actionLabel=null actionId=0 initialSelStart=-1 initialSelEnd=-1 initialCapsMode=0x0 hintText=null label=null packageName=e.www.speakertest fieldId=-1 fieldName=null extras=null hintLocales=[]}, false)
07-09 13:05:22.584  1187  1187 I GoogleInputMethodService: GoogleInputMethodService.shouldHideHeaderOnInitialState():1990 ShouldHideHeaderOnInitialState = false
07-09 13:05:22.584  1187  1187 I GoogleInputMethodService: GoogleInputMethodService.updateDeviceLockedStatus():2127 repeatCheckTimes = 1, locked = false
07-09 13:05:22.595   363   363 W /system/bin/hwservicemanager: getTransport: Cannot find entry android.hardware.graphics.mapper@2.0::IMapper/default in either framework or device manifest.
07-09 13:05:22.596  7261  7280 D vndksupport: Loading /vendor/lib64/hw/android.hardware.graphics.mapper@2.0-impl.so from current namespace instead of sphal namespace.
07-09 13:05:22.597  7261  7280 D vndksupport: Loading /vendor/lib64/hw/gralloc.msm8992.so from current namespace instead of sphal namespace.
07-09 13:05:22.622   762   787 I ActivityManager: Displayed e.www.speakertest/.MainActivity: +507ms (total +1s289ms)
07-09 13:05:22.627   561  7291 D audio_route: Apply path: speaker-protected
07-09 13:05:22.631   561  7291 D audio_hw_primary: enable_snd_device: snd_device(95: vi-feedback)
07-09 13:05:22.631   561  7291 D audio_route: Apply path: vi-feedback
07-09 13:05:22.631   561  7291 D audio_hw_primary: enable_audio_route: usecase(24) apply and update mixer path: spkr-vi-record
07-09 13:05:22.632   561  7291 D audio_route: Apply path: spkr-vi-record
07-09 13:05:22.660   561  7291 D audio_hw_primary: enable_audio_route: usecase(3) apply and update mixer path: compress-offload-playback
07-09 13:05:22.660   561  7291 D audio_route: Apply path: compress-offload-playback
07-09 13:05:22.698   561  7293 D offload_visualizer: thread enter
07-09 13:05:22.757   561  7291 E msm8974_platform: ramp_speaker_gain: Could not get ctl for mixer cmd - Left Speaker Gain or Right Speaker Gain, not applying speaker gain ramp
07-09 13:05:22.757   561  7291 D audio_hw_primary: out_write: retry previous failed cal level set
07-09 13:05:22.758   561  7291 W msm8974_platform: platform_send_gain_dep_cal: Usecase list is empty
07-09 13:05:22.773   573  7282 D AudioSink: callbackwrapper: EVENT_UNDERRUN (discarded)
07-09 13:05:22.902   573  7282 I chatty  : uid=1013(media) /system/bin/mediaserver identical 10 lines
07-09 13:05:22.914   573  7282 D AudioSink: callbackwrapper: EVENT_UNDERRUN (discarded)
07-09 13:05:22.937  3183  3183 I A       : GEL#onSaveInstanceState
07-09 13:05:23.196   762  8714 I OpenGLRenderer: Initialized EGL, version 1.4
07-09 13:05:23.197   762  8714 D OpenGLRenderer: Swap behavior 2
07-09 13:05:23.329   762   771 I zygote64: NativeAlloc concurrent copying GC freed 272841(11MB) AllocSpace objects, 70(2MB) LOS objects, 42% free, 18MB/32MB, paused 158us total 131.199ms
07-09 13:05:23.691  7230  7230 I BatteryMgr:DataCollectionService: onStartCommand: begin
07-09 13:05:23.692  7230  7230 I BatteryMgr:DataCollectionService: onStartCommand: sampleRate => 1
07-09 13:05:23.692  7230  7230 I BatteryMgr:DataCollectionService: onStartCommand: rawFields => Timestamp,BATTERY_PROPERTY_CURRENT_NOW,EXTRA_VOLTAGE
07-09 13:05:23.695  7230  7230 I BatteryMgr:DataCollectionService: onStartCommand: notification done
07-09 13:05:23.700  7230  7230 I BatteryMgr:DataCollectionService: started foreground
07-09 13:05:23.703   762   777 E NotificationService: Suppressing notification from package by user request.
07-09 13:05:23.713  7230  7315 I BatteryMgr:DataCollectionService: collectData: begin
07-09 13:05:23.718  7230  7315 I BatteryMgr:DataCollectionService: stats => 1688922323718,-103606,4208
07-09 13:05:23.727  7230  7315 I BatteryMgr:DataCollectionService: stats => 1688922323727,-103606,4208
07-09 13:05:23.734  7230  7315 I BatteryMgr:DataCollectionService: stats => 1688922323734,-103606,4208
07-09 13:05:23.740  7230  7315 I BatteryMgr:DataCollectionService: stats => 1688922323740,-103606,4208
07-09 13:05:23.746  7230  7315 I BatteryMgr:DataCollectionService: stats => 1688922323746,-103606,4208
07-09 13:05:23.752  7230  7315 I BatteryMgr:DataCollectionService: stats => 1688922323752,-103606,4208
07-09 13:05:23.758  7230  7315 I BatteryMgr:DataCollectionService: stats => 1688922323758,-103606,4208
07-09 13:05:23.764  7230  7315 I BatteryMgr:DataCollectionService: stats => 1688922323764,-103606,4208
07-09 13:05:23.771  7230  7315 I BatteryMgr:DataCollectionService: stats => 1688922323771,-103606,4208
07-09 13:05:23.776  7230  7315 I BatteryMgr:DataCollectionService: stats => 1688922323776,-103606,4208
07-09 13:05:23.782  7230  7315 I BatteryMgr:DataCollectionService: stats => 1688922323782,-103606,4208
07-09 13:05:23.788  7230  7315 I BatteryMgr:DataCollectionService: stats => 1688922323788,-103606,4208
07-09 13:05:23.794  7230  7315 I BatteryMgr:DataCollectionService: stats => 1688922323793,-103606,4208
07-09 13:05:23.801  7230  7315 I BatteryMgr:DataCollectionService: stats => 1688922323801,-103606,4208
07-09 13:05:23.807  7230  7315 I BatteryMgr:DataCollectionService: stats => 1688922323807,-103606,4208
07-09 13:05:23.813  7230  7315 I BatteryMgr:DataCollectionService: stats => 1688922323813,-103606,4208
07-09 13:05:23.819  7230  7315 I BatteryMgr:DataCollectionService: stats => 1688922323819,-103606,4208
07-09 13:05:23.825  7230  7315 I BatteryMgr:DataCollectionService: stats => 1688922323825,-103606,4208
07-09 13:05:23.831  7230  7315 I BatteryMgr:DataCollectionService: stats => 1688922323831,-103606,4208
07-09 13:05:23.837  7230  7315 I BatteryMgr:DataCollectionService: stats => 1688922323837,-103606,4208
07-09 13:05:23.843  7230  7315 I BatteryMgr:DataCollectionService: stats => 1688922323843,-103606,4208
07-09 13:05:23.849  7230  7315 I BatteryMgr:DataCollectionService: stats => 1688922323849,-103606,4208
07-09 13:05:23.855  7230  7315 I BatteryMgr:DataCollectionService: stats => 1688922323855,-103606,4208
07-09 13:05:23.862  7230  7315 I BatteryMgr:DataCollectionService: stats => 1688922323862,-103606,4208
07-09 13:05:23.868  7230  7315 I BatteryMgr:DataCollectionService: stats => 1688922323868,-103606,4208
07-09 13:05:23.874  7230  7315 I BatteryMgr:DataCollectionService: stats => 1688922323874,-103606,4208
07-09 13:05:23.880  7230  7315 I BatteryMgr:DataCollectionService: stats => 1688922323880,-103606,4208
07-09 13:05:23.886  7230  7315 I BatteryMgr:DataCollectionService: stats => 1688922323886,-103606,4208
07-09 13:05:23.892  7230  7315 I BatteryMgr:DataCollectionService: stats => 1688922323892,-103606,4208
07-09 13:05:23.898  7230  7315 I BatteryMgr:DataCollectionService: stats => 1688922323898,-103606,4208
07-09 13:05:23.904  7230  7315 I BatteryMgr:DataCollectionService: stats => 1688922323904,-103606,4208
07-09 13:05:23.909  7230  7315 I BatteryMgr:DataCollectionService: stats => 1688922323909,-103606,4208
07-09 13:05:23.915  7230  7315 I BatteryMgr:DataCollectionService: stats => 1688922323915,-103606,4208
07-09 13:05:23.921  7230  7315 I BatteryMgr:DataCollectionService: stats => 1688922323921,-103606,4208
07-09 13:05:23.930  7230  7315 I BatteryMgr:DataCollectionService: stats => 1688922323930,-103606,4208
07-09 13:05:23.937  7230  7315 I BatteryMgr:DataCollectionService: stats => 1688922323937,-103606,4208
07-09 13:05:23.944  7230  7315 I BatteryMgr:DataCollectionService: stats => 1688922323944,-103606,4208
07-09 13:05:23.952  7230  7315 I BatteryMgr:DataCollectionService: stats => 1688922323952,-103606,4208
07-09 13:05:23.959  7230  7315 I BatteryMgr:DataCollectionService: stats => 1688922323959,-103606,4208
07-09 13:05:23.967  7230  7315 I BatteryMgr:DataCollectionService: stats => 1688922323966,-103606,4208
07-09 13:05:23.974  7230  7315 I BatteryMgr:DataCollectionService: stats => 1688922323974,-103606,4208
07-09 13:05:23.982  7230  7315 I BatteryMgr:DataCollectionService: stats => 1688922323982,-103606,4208
07-09 13:05:23.990  7230  7317 I BatteryMgr:DataCollectionService: stats => 1688922323990,-103606,4208
07-09 13:05:23.997  7230  7317 I BatteryMgr:DataCollectionService: stats => 1688922323997,-103606,4208
07-09 13:05:24.005  7230  7317 I BatteryMgr:DataCollectionService: stats => 1688922324005,-103606,4208
07-09 13:05:24.013  7230  7317 I BatteryMgr:DataCollectionService: stats => 1688922324012,-103606,4208
07-09 13:05:24.020  7230  7317 I BatteryMgr:DataCollectionService: stats => 1688922324020,-103606,4208
07-09 13:05:24.031  7230  7317 I BatteryMgr:DataCollectionService: stats => 1688922324030,-103606,4208
07-09 13:05:24.040  7230  7317 I BatteryMgr:DataCollectionService: stats => 1688922324040,-103606,4208
07-09 13:05:24.048  7230  7317 I BatteryMgr:DataCollectionService: stats => 1688922324048,-103606,4208
07-09 13:05:24.055  7230  7317 I BatteryMgr:DataCollectionService: stats => 1688922324055,-103606,4208
07-09 13:05:24.062  7230  7317 I BatteryMgr:DataCollectionService: stats => 1688922324062,-103606,4208
07-09 13:05:24.069  7230  7317 I BatteryMgr:DataCollectionService: stats => 1688922324068,-103606,4208
07-09 13:05:24.075  7230  7317 I BatteryMgr:DataCollectionService: stats => 1688922324075,-103606,4208
07-09 13:05:24.082  7230  7317 I BatteryMgr:DataCollectionService: stats => 1688922324082,-103606,4208
07-09 13:05:24.089  7230  7317 I BatteryMgr:DataCollectionService: stats => 1688922324088,-103606,4208
07-09 13:05:24.097  7230  7317 I BatteryMgr:DataCollectionService: stats => 1688922324097,-103606,4208
07-09 13:05:24.105  7230  7317 I BatteryMgr:DataCollectionService: stats => 1688922324105,-103606,4208
07-09 13:05:24.114  7230  7317 I BatteryMgr:DataCollectionService: stats => 1688922324114,-103606,4208
07-09 13:05:24.124  7230  7317 I BatteryMgr:DataCollectionService: stats => 1688922324124,-103606,4208
07-09 13:05:24.134  7230  7317 I BatteryMgr:DataCollectionService: stats => 1688922324134,-103606,4208
07-09 13:05:24.144  7230  7317 I BatteryMgr:DataCollectionService: stats => 1688922324144,-103606,4208
07-09 13:05:24.154  7230  7317 I BatteryMgr:DataCollectionService: stats => 1688922324153,-103606,4208
07-09 13:05:24.163  7230  7317 I BatteryMgr:DataCollectionService: stats => 1688922324163,-103606,4208
07-09 13:05:24.173  7230  7317 I BatteryMgr:DataCollectionService: stats => 1688922324173,-103606,4208
07-09 13:05:24.182  7230  7317 I BatteryMgr:DataCollectionService: stats => 1688922324182,-103606,4208
07-09 13:05:24.192  7230  7317 I BatteryMgr:DataCollectionService: stats => 1688922324191,-103606,4208
07-09 13:05:24.201  7230  7317 I BatteryMgr:DataCollectionService: stats => 1688922324201,-103606,4208
07-09 13:05:24.212  7230  7317 I BatteryMgr:DataCollectionService: stats => 1688922324212,-103606,4208
07-09 13:05:24.225  7230  7317 I BatteryMgr:DataCollectionService: stats => 1688922324224,-103606,4208
07-09 13:05:24.235  7230  7317 I BatteryMgr:DataCollectionService: stats => 1688922324235,-103606,4208
07-09 13:05:24.243  7230  7316 I BatteryMgr:DataCollectionService: stats => 1688922324243,-103606,4208
07-09 13:05:24.251  7230  7316 I BatteryMgr:DataCollectionService: stats => 1688922324251,-103606,4208
07-09 13:05:24.259  7230  7316 I BatteryMgr:DataCollectionService: stats => 1688922324259,-103606,4208
07-09 13:05:24.266  7230  7316 I BatteryMgr:DataCollectionService: stats => 1688922324265,-103606,4208
07-09 13:05:24.272  7230  7316 I BatteryMgr:DataCollectionService: stats => 1688922324272,-103606,4208
07-09 13:05:24.279  7230  7316 I BatteryMgr:DataCollectionService: stats => 1688922324279,-103606,4208
07-09 13:05:24.286  7230  7316 I BatteryMgr:DataCollectionService: stats => 1688922324286,-103606,4208
07-09 13:05:24.293  7230  7316 I BatteryMgr:DataCollectionService: stats => 1688922324293,-103606,4208
07-09 13:05:24.300  7230  7316 I BatteryMgr:DataCollectionService: stats => 1688922324300,-103606,4208
07-09 13:05:24.307  7230  7316 I BatteryMgr:DataCollectionService: stats => 1688922324307,-103606,4208
07-09 13:05:24.314  7230  7316 I BatteryMgr:DataCollectionService: stats => 1688922324313,-103606,4208
07-09 13:05:24.321  7230  7316 I BatteryMgr:DataCollectionService: stats => 1688922324321,-103606,4208
07-09 13:05:24.328  7230  7316 I BatteryMgr:DataCollectionService: stats => 1688922324328,-103606,4208
07-09 13:05:24.335  7230  7316 I BatteryMgr:DataCollectionService: stats => 1688922324335,-103606,4208
07-09 13:05:24.343  7230  7316 I BatteryMgr:DataCollectionService: stats => 1688922324342,-103606,4208
07-09 13:05:24.350  7230  7316 I BatteryMgr:DataCollectionService: stats => 1688922324349,-103606,4208
07-09 13:05:24.357  7230  7316 I BatteryMgr:DataCollectionService: stats => 1688922324356,-103606,4208
07-09 13:05:24.366  7230  7316 I BatteryMgr:DataCollectionService: stats => 1688922324365,-103606,4208
07-09 13:05:24.373  7230  7315 I BatteryMgr:DataCollectionService: stats => 1688922324373,-103606,4208
07-09 13:05:24.379  7230  7315 I BatteryMgr:DataCollectionService: stats => 1688922324379,-103606,4208
07-09 13:05:24.386  7230  7315 I BatteryMgr:DataCollectionService: stats => 1688922324386,-103606,4208
07-09 13:05:24.392  7230  7315 I BatteryMgr:DataCollectionService: stats => 1688922324391,-103606,4208
07-09 13:05:24.397  7230  7315 I BatteryMgr:DataCollectionService: stats => 1688922324397,-103606,4208
07-09 13:05:24.403  7230  7315 I BatteryMgr:DataCollectionService: stats => 1688922324403,-103606,4208
07-09 13:05:24.409  7230  7315 I BatteryMgr:DataCollectionService: stats => 1688922324409,-103606,4208
07-09 13:05:24.416  7230  7315 I BatteryMgr:DataCollectionService: stats => 1688922324416,-103606,4208
07-09 13:05:24.423  7230  7315 I BatteryMgr:DataCollectionService: stats => 1688922324423,-103606,4208
07-09 13:05:24.430  7230  7315 I BatteryMgr:DataCollectionService: stats => 1688922324430,-103606,4208
07-09 13:05:24.437  7230  7315 I BatteryMgr:DataCollectionService: stats => 1688922324437,-103606,4208
07-09 13:05:24.447  7230  7315 I BatteryMgr:DataCollectionService: stats => 1688922324447,-103606,4208
07-09 13:05:24.455  7230  7315 I BatteryMgr:DataCollectionService: stats => 1688922324454,-103606,4208
07-09 13:05:24.461  7230  7315 I BatteryMgr:DataCollectionService: stats => 1688922324461,-103606,4208
07-09 13:05:24.467  7230  7315 I BatteryMgr:DataCollectionService: stats => 1688922324467,-103606,4208
07-09 13:05:24.474  7230  7315 I BatteryMgr:DataCollectionService: stats => 1688922324474,-103606,4208
07-09 13:05:24.480  7230  7315 I BatteryMgr:DataCollectionService: stats => 1688922324480,-103606,4208
07-09 13:05:24.487  7230  7315 I BatteryMgr:DataCollectionService: stats => 1688922324487,-103606,4208
07-09 13:05:24.494  7230  7315 I BatteryMgr:DataCollectionService: stats => 1688922324494,-103606,4208
07-09 13:05:24.501  7230  7315 I BatteryMgr:DataCollectionService: stats => 1688922324501,-103606,4208
07-09 13:05:24.509  7230  7315 I BatteryMgr:DataCollectionService: stats => 1688922324509,-103606,4208
07-09 13:05:24.517  7230  7315 I BatteryMgr:DataCollectionService: stats => 1688922324516,-103606,4208
07-09 13:05:24.524  7230  7315 I BatteryMgr:DataCollectionService: stats => 1688922324524,-103606,4208
07-09 13:05:24.532  7230  7315 I BatteryMgr:DataCollectionService: stats => 1688922324532,-103606,4208
07-09 13:05:24.539  7230  7315 I BatteryMgr:DataCollectionService: stats => 1688922324539,-103606,4208
07-09 13:05:24.547  7230  7315 I BatteryMgr:DataCollectionService: stats => 1688922324547,-103606,4208
07-09 13:05:24.555  7230  7315 I BatteryMgr:DataCollectionService: stats => 1688922324555,-103606,4208
07-09 13:05:24.563  7230  7315 I BatteryMgr:DataCollectionService: stats => 1688922324563,-103606,4208
07-09 13:05:24.572  7230  7315 I BatteryMgr:DataCollectionService: stats => 1688922324572,-103606,4208
07-09 13:05:24.580  7230  7315 I BatteryMgr:DataCollectionService: stats => 1688922324580,-103606,4208
07-09 13:05:24.587  7230  7315 I BatteryMgr:DataCollectionService: stats => 1688922324587,-103606,4208
07-09 13:05:24.595  7230  7315 I BatteryMgr:DataCollectionService: stats => 1688922324595,-103606,4208
07-09 13:05:24.603  7230  7315 I BatteryMgr:DataCollectionService: stats => 1688922324603,-103606,4208
07-09 13:05:24.611  7230  7315 I BatteryMgr:DataCollectionService: stats => 1688922324611,-103606,4208
07-09 13:05:24.618  7230  7315 I BatteryMgr:DataCollectionService: stats => 1688922324618,-103606,4208
07-09 13:05:24.626  7230  7315 I BatteryMgr:DataCollectionService: stats => 1688922324625,-103606,4208
07-09 13:05:24.633  7230  7315 I BatteryMgr:DataCollectionService: stats => 1688922324633,-103606,4208
07-09 13:05:24.641  7230  7315 I BatteryMgr:DataCollectionService: stats => 1688922324641,-103606,4208
07-09 13:05:24.650  7230  7315 I BatteryMgr:DataCollectionService: stats => 1688922324650,-103606,4208
07-09 13:05:24.661  7230  7315 I BatteryMgr:DataCollectionService: stats => 1688922324661,-103606,4208
07-09 13:05:24.667  7230  7237 I zygote64: Do partial code cache collection, code=61KB, data=45KB
07-09 13:05:24.667  7230  7237 I zygote64: After code cache collection, code=61KB, data=45KB
07-09 13:05:24.667  7230  7237 I zygote64: Increasing code cache capacity to 256KB
07-09 13:05:24.671  7230  7315 I BatteryMgr:DataCollectionService: stats => 1688922324671,-103606,4208
07-09 13:05:24.681  7230  7315 I BatteryMgr:DataCollectionService: stats => 1688922324680,-103606,4208
07-09 13:05:24.689  7230  7315 I BatteryMgr:DataCollectionService: stats => 1688922324689,-103606,4208
