06-11 18:22:38.356 12103 12103 I zygote64:   at void android.app.ActivityThread.main(java.lang.String[]) (ActivityThread.java:6940)
06-11 18:22:38.356 12103 12103 I zygote64:   at java.lang.Object java.lang.reflect.Method.invoke(java.lang.Object, java.lang.Object[]) (Method.java:-2)
06-11 18:22:38.356 12103 12103 I zygote64:   at void com.android.internal.os.Zygote$MethodAndArgsCaller.run() (Zygote.java:327)
06-11 18:22:38.356 12103 12103 I zygote64:   at void com.android.internal.os.ZygoteInit.main(java.lang.String[]) (ZygoteInit.java:1374)
06-11 18:22:38.356 12103 12103 I zygote64: Caused by: java.lang.ClassNotFoundException: Didn't find class "android.view.View$OnUnhandledKeyEventListener" on path: DexPathList[[zip file "/data/app/e.www.gpstest-FHQA1Yud9umiJ8ll_F1cug==/base.apk"],nativeLibraryDirectories=[/data/app/e.www.gpstest-FHQA1Yud9umiJ8ll_F1cug==/lib/arm64, /system/lib64, /vendor/lib64]]
06-11 18:22:38.356 12103 12103 I zygote64:   at java.lang.Class dalvik.system.BaseDexClassLoader.findClass(java.lang.String) (BaseDexClassLoader.java:93)
06-11 18:22:38.356 12103 12103 I zygote64:   at java.lang.Class java.lang.ClassLoader.loadClass(java.lang.String, boolean) (ClassLoader.java:379)
06-11 18:22:38.356 12103 12103 I zygote64:   at java.lang.Class java.lang.ClassLoader.loadClass(java.lang.String) (ClassLoader.java:312)
06-11 18:22:38.356 12103 12103 I zygote64:   at void androidx.core.view.ViewCompat.setOnApplyWindowInsetsListener(android.view.View, androidx.core.view.OnApplyWindowInsetsListener) (ViewCompat.java:2436)
06-11 18:22:38.356 12103 12103 I zygote64:   at android.view.ViewGroup androidx.appcompat.app.AppCompatDelegateImpl.createSubDecor() (AppCompatDelegateImpl.java:779)
06-11 18:22:38.356 12103 12103 I zygote64:   at void androidx.appcompat.app.AppCompatDelegateImpl.ensureSubDecor() (AppCompatDelegateImpl.java:659)
06-11 18:22:38.356 12103 12103 I zygote64:   at void androidx.appcompat.app.AppCompatDelegateImpl.setContentView(int) (AppCompatDelegateImpl.java:552)
06-11 18:22:38.356 12103 12103 I zygote64:   at void androidx.appcompat.app.AppCompatActivity.setContentView(int) (AppCompatActivity.java:161)
06-11 18:22:38.356 12103 12103 I zygote64:   at void e.www.gpstest.MainActivity.onCreate(android.os.Bundle) (MainActivity.kt:28)
06-11 18:22:38.356 12103 12103 I zygote64:   at void android.app.Activity.performCreate(android.os.Bundle) (Activity.java:7174)
06-11 18:22:38.356 12103 12103 I zygote64:   at void android.app.Instrumentation.callActivityOnCreate(android.app.Activity, android.os.Bundle) (Instrumentation.java:1220)
06-11 18:22:38.356 12103 12103 I zygote64:   at android.app.Activity android.app.ActivityThread.performLaunchActivity(android.app.ActivityThread$ActivityClientRecord, android.content.Intent) (ActivityThread.java:2910)
06-11 18:22:38.356 12103 12103 I zygote64:   at void android.app.ActivityThread.handleLaunchActivity(android.app.ActivityThread$ActivityClientRecord, android.content.Intent, java.lang.String) (ActivityThread.java:3032)
06-11 18:22:38.356 12103 12103 I zygote64:   at void android.app.ActivityThread.-wrap11(android.app.ActivityThread, android.app.ActivityThread$ActivityClientRecord, android.content.Intent, java.lang.String) (ActivityThread.java:-1)
06-11 18:22:38.356 12103 12103 I zygote64:   at void android.app.ActivityThread$H.handleMessage(android.os.Message) (ActivityThread.java:1696)
06-11 18:22:38.356 12103 12103 I zygote64:   at void android.os.Handler.dispatchMessage(android.os.Message) (Handler.java:105)
06-11 18:22:38.356 12103 12103 I zygote64:   at void android.os.Looper.loop() (Looper.java:164)
06-11 18:22:38.356 12103 12103 I zygote64:   at void android.app.ActivityThread.main(java.lang.String[]) (ActivityThread.java:6940)
06-11 18:22:38.356 12103 12103 I zygote64:   at java.lang.Object java.lang.reflect.Method.invoke(java.lang.Object, java.lang.Object[]) (Method.java:-2)
06-11 18:22:38.356 12103 12103 I zygote64:   at void com.android.internal.os.Zygote$MethodAndArgsCaller.run() (Zygote.java:327)
06-11 18:22:38.356 12103 12103 I zygote64:   at void com.android.internal.os.ZygoteInit.main(java.lang.String[]) (ZygoteInit.java:1374)
06-11 18:22:38.356 12103 12103 I zygote64: 
06-11 18:22:38.357 12103 12103 I zygote64: Rejecting re-init on previously-failed class java.lang.Class<androidx.core.view.ViewCompat$2>: java.lang.NoClassDefFoundError: Failed resolution of: Landroid/view/View$OnUnhandledKeyEventListener;
06-11 18:22:38.357 12103 12103 I zygote64:   at void androidx.core.view.ViewCompat.setOnApplyWindowInsetsListener(android.view.View, androidx.core.view.OnApplyWindowInsetsListener) (ViewCompat.java:2436)
06-11 18:22:38.357 12103 12103 I zygote64:   at android.view.ViewGroup androidx.appcompat.app.AppCompatDelegateImpl.createSubDecor() (AppCompatDelegateImpl.java:779)
06-11 18:22:38.357 12103 12103 I zygote64:   at void androidx.appcompat.app.AppCompatDelegateImpl.ensureSubDecor() (AppCompatDelegateImpl.java:659)
06-11 18:22:38.357 12103 12103 I zygote64:   at void androidx.appcompat.app.AppCompatDelegateImpl.setContentView(int) (AppCompatDelegateImpl.java:552)
06-11 18:22:38.357 12103 12103 I zygote64:   at void androidx.appcompat.app.AppCompatActivity.setContentView(int) (AppCompatActivity.java:161)
06-11 18:22:38.357 12103 12103 I zygote64:   at void e.www.gpstest.MainActivity.onCreate(android.os.Bundle) (MainActivity.kt:28)
06-11 18:22:38.357 12103 12103 I zygote64:   at void android.app.Activity.performCreate(android.os.Bundle) (Activity.java:7174)
06-11 18:22:38.357 12103 12103 I zygote64:   at void android.app.Instrumentation.callActivityOnCreate(android.app.Activity, android.os.Bundle) (Instrumentation.java:1220)
06-11 18:22:38.357 12103 12103 I zygote64:   at android.app.Activity android.app.ActivityThread.performLaunchActivity(android.app.ActivityThread$ActivityClientRecord, android.content.Intent) (ActivityThread.java:2910)
06-11 18:22:38.357 12103 12103 I zygote64:   at void android.app.ActivityThread.handleLaunchActivity(android.app.ActivityThread$ActivityClientRecord, android.content.Intent, java.lang.String) (ActivityThread.java:3032)
06-11 18:22:38.357 12103 12103 I zygote64:   at void android.app.ActivityThread.-wrap11(android.app.ActivityThread, android.app.ActivityThread$ActivityClientRecord, android.content.Intent, java.lang.String) (ActivityThread.java:-1)
06-11 18:22:38.357 12103 12103 I zygote64:   at void android.app.ActivityThread$H.handleMessage(android.os.Message) (ActivityThread.java:1696)
06-11 18:22:38.357 12103 12103 I zygote64:   at void android.os.Handler.dispatchMessage(android.os.Message) (Handler.java:105)
06-11 18:22:38.357 12103 12103 I zygote64:   at void android.os.Looper.loop() (Looper.java:164)
06-11 18:22:38.357 12103 12103 I zygote64:   at void android.app.ActivityThread.main(java.lang.String[]) (ActivityThread.java:6940)
06-11 18:22:38.357 12103 12103 I zygote64:   at java.lang.Object java.lang.reflect.Method.invoke(java.lang.Object, java.lang.Object[]) (Method.java:-2)
06-11 18:22:38.357 12103 12103 I zygote64:   at void com.android.internal.os.Zygote$MethodAndArgsCaller.run() (Zygote.java:327)
06-11 18:22:38.357 12103 12103 I zygote64:   at void com.android.internal.os.ZygoteInit.main(java.lang.String[]) (ZygoteInit.java:1374)
06-11 18:22:38.357 12103 12103 I zygote64: Caused by: java.lang.ClassNotFoundException: Didn't find class "android.view.View$OnUnhandledKeyEventListener" on path: DexPathList[[zip file "/data/app/e.www.gpstest-FHQA1Yud9umiJ8ll_F1cug==/base.apk"],nativeLibraryDirectories=[/data/app/e.www.gpstest-FHQA1Yud9umiJ8ll_F1cug==/lib/arm64, /system/lib64, /vendor/lib64]]
06-11 18:22:38.357 12103 12103 I zygote64:   at java.lang.Class dalvik.system.BaseDexClassLoader.findClass(java.lang.String) (BaseDexClassLoader.java:93)
06-11 18:22:38.357 12103 12103 I zygote64:   at java.lang.Class java.lang.ClassLoader.loadClass(java.lang.String, boolean) (ClassLoader.java:379)
06-11 18:22:38.357 12103 12103 I zygote64:   at java.lang.Class java.lang.ClassLoader.loadClass(java.lang.String) (ClassLoader.java:312)
06-11 18:22:38.357 12103 12103 I zygote64:   at void androidx.core.view.ViewCompat.setOnApplyWindowInsetsListener(android.view.View, androidx.core.view.OnApplyWindowInsetsListener) (ViewCompat.java:2436)
06-11 18:22:38.357 12103 12103 I zygote64:   at android.view.ViewGroup androidx.appcompat.app.AppCompatDelegateImpl.createSubDecor() (AppCompatDelegateImpl.java:779)
06-11 18:22:38.357 12103 12103 I zygote64:   at void androidx.appcompat.app.AppCompatDelegateImpl.ensureSubDecor() (AppCompatDelegateImpl.java:659)
06-11 18:22:38.357 12103 12103 I zygote64:   at void androidx.appcompat.app.AppCompatDelegateImpl.setContentView(int) (AppCompatDelegateImpl.java:552)
06-11 18:22:38.357 12103 12103 I zygote64:   at void androidx.appcompat.app.AppCompatActivity.setContentView(int) (AppCompatActivity.java:161)
06-11 18:22:38.357 12103 12103 I zygote64:   at void e.www.gpstest.MainActivity.onCreate(android.os.Bundle) (MainActivity.kt:28)
06-11 18:22:38.357 12103 12103 I zygote64:   at void android.app.Activity.performCreate(android.os.Bundle) (Activity.java:7174)
06-11 18:22:38.357 12103 12103 I zygote64:   at void android.app.Instrumentation.callActivityOnCreate(android.app.Activity, android.os.Bundle) (Instrumentation.java:1220)
06-11 18:22:38.357 12103 12103 I zygote64:   at android.app.Activity android.app.ActivityThread.performLaunchActivity(android.app.ActivityThread$ActivityClientRecord, android.content.Intent) (ActivityThread.java:2910)
06-11 18:22:38.357 12103 12103 I zygote64:   at void android.app.ActivityThread.handleLaunchActivity(android.app.ActivityThread$ActivityClientRecord, android.content.Intent, java.lang.String) (ActivityThread.java:3032)
06-11 18:22:38.357 12103 12103 I zygote64:   at void android.app.ActivityThread.-wrap11(android.app.ActivityThread, android.app.ActivityThread$ActivityClientRecord, android.content.Intent, java.lang.String) (ActivityThread.java:-1)
06-11 18:22:38.357 12103 12103 I zygote64:   at void android.app.ActivityThread$H.handleMessage(android.os.Message) (ActivityThread.java:1696)
06-11 18:22:38.357 12103 12103 I zygote64:   at void android.os.Handler.dispatchMessage(android.os.Message) (Handler.java:105)
06-11 18:22:38.357 12103 12103 I zygote64:   at void android.os.Looper.loop() (Looper.java:164)
06-11 18:22:38.357 12103 12103 I zygote64:   at void android.app.ActivityThread.main(java.lang.String[]) (ActivityThread.java:6940)
06-11 18:22:38.357 12103 12103 I zygote64:   at java.lang.Object java.lang.reflect.Method.invoke(java.lang.Object, java.lang.Object[]) (Method.java:-2)
06-11 18:22:38.357 12103 12103 I zygote64:   at void com.android.internal.os.Zygote$MethodAndArgsCaller.run() (Zygote.java:327)
06-11 18:22:38.357 12103 12103 I zygote64:   at void com.android.internal.os.ZygoteInit.main(java.lang.String[]) (ZygoteInit.java:1374)
06-11 18:22:38.357 12103 12103 I zygote64: 
06-11 18:22:38.390  5301  5445 D MdnieScenarioControlService:  packageName : e.www.gpstest    className : e.www.gpstest.MainActivity
06-11 18:22:38.390  5301  5445 V MdnieScenarioControlService: setUIMode from UI function(3)
06-11 18:22:38.418 12103 12122 D OpenGLRenderer: HWUI GL Pipeline
06-11 18:22:38.425 12103 12103 D ViewRootImpl@10b84c[MainActivity]: setView = DecorView@60dd095[MainActivity] TM=true MM=false
06-11 18:22:38.426  5301  5730 D ActivityManager: post active user change for 0 fullscreen true isHomeActivity() false
06-11 18:22:38.439  5916  5971 E RequestManager_FLP: [FusedLocationApi] Location request 24f6de5 PRIORITY_BALANCED_POWER_ACCURACY interval=2000 from e.www.gpstest
06-11 18:22:38.440  5301  6059 D PermissionMonitor: we received permission notification for rUid: 10199, rPid: 12103from rModuleFlag: 8
06-11 18:22:38.440  5301  6059 I PermissionMonitor: Binder.getCallingUid(): 5013
06-11 18:22:38.440  5301  6059 I PermissionMonitor: packageName: e.www.gpstest
06-11 18:22:38.441  5301  5730 D ConnectivityService: filterNetworkStateForUid() uid: 5013 networkInfo: [type: WIFI[] - WIFI, state: CONNECTED/CONNECTED, reason: (unspecified), extra: "DoodleBoodle", failover: false, available: true, roaming: false, metered: false]
06-11 18:22:38.441  5301  6059 E PermissionMonitor: Calling app is not pre-installed on system. Ignore its notification. pkgName: e.www.gpstest, UserId: 0
06-11 18:22:38.441  5916  5971 D RequestManager_FLP: ProcessObserver registered
06-11 18:22:38.442  5301  6059 E PermissionMonitor: We found matching pid. (uid, pid) : (10199, 12103
06-11 18:22:38.442  5301  6059 E PermissionMonitor:  App has at least one process in foreground. uid: 10199 pid: 12103
06-11 18:22:38.442  5301  6059 I PermissionMonitor: App is not in hidden status (background/etc). Ignore
06-11 18:22:38.442 12103 12103 D ViewRootImpl@10b84c[MainActivity]: dispatchAttachedToWindow
06-11 18:22:38.447  5301  5730 V WindowManager: Relayout Window{8d3ced7 u0 e.www.gpstest/e.www.gpstest.MainActivity}: viewVisibility=0 req=719x1237 WM.LayoutParams{(0,0)(fillxfill) sim=#120 ty=1 fl=#81810100 pfl=0x20000 wanim=0x10302fd vsysui=0x600 needsMenuKey=2 colorMode=0 naviIconColor=0}
06-11 18:22:38.448  3446  3446 I SurfaceFlinger: Display 0 HWC layers:
06-11 18:22:38.448  3446  3446 I SurfaceFlinger:     type    |    handle    | flag |  format   |   source crop (l,t,r,b)    |         frame       | name 
06-11 18:22:38.448  3446  3446 I SurfaceFlinger: ------------+--------------+------+-----------+----------------------------+---------------------+------
06-11 18:22:38.448  3446  3446 I SurfaceFlinger:      Client |              | 0000 |  Unknown  |  -0.2   -0.2   -0.8   -0.8 |    0    0  720 1280 | animation background stackId=1#0
06-11 18:22:38.448  3446  3446 I SurfaceFlinger:      Client | 0x7569824cc0 | 0002 | RGBA_8888 |   0.0    0.0  720.0 1280.0 |   16   29  703 1251 | com.example.batterymanager_utility/c[...]atterymanager_utility.MainActivity#0
06-11 18:22:38.448  3446  3446 I SurfaceFlinger:      Device | 0x7569824e40 | 0002 | RGBA_8888 |   0.0    0.0  720.0 1022.0 |   17  305  704 1280 | Splash Screen e.www.gpstest#0
06-11 18:22:38.448  3446  3446 I SurfaceFlinger:      Device | 0x75634fb440 | 0000 | RGBA_8888 |   0.0    0.0  720.0   42.0 |    0    0  720   42 | StatusBar#0
06-11 18:22:38.448  3446  3446 I SurfaceFlinger: 
06-11 18:22:38.450  3446  3446 I SurfaceFlinger: id=1294 createSurf (720x1280),1 flag=404, e.www.gpstest/e.www.gpstest.MainActivity#0
06-11 18:22:38.451  5301  5730 V Surface : sf_framedrop debug : 0x4f4c, game : false, logging : 0
06-11 18:22:38.454  5301  5730 D InputDispatcher: Focus entered window: 12103
06-11 18:22:38.456 12103 12103 V Surface : sf_framedrop debug : 0x4f4c, game : false, logging : 0
06-11 18:22:38.458 12103 12103 D ViewRootImpl@10b84c[MainActivity]: Relayout returned: old=[0,0][0,0] new=[0,0][720,1280] result=0x7 surface={valid=true 512472305664} changed=true
06-11 18:22:38.464 12103 12122 I OpenGLRenderer: Initialized EGL, version 1.4
06-11 18:22:38.464 12103 12122 D OpenGLRenderer: Swap behavior 2
06-11 18:22:38.467 12103 12122 D libGLESv1: STS_GLApi : DTS, ODTC are not allowed for Package : e.www.gpstest
06-11 18:22:38.469 12103 12122 D mali_winsys: EGLint new_window_surface(egl_winsys_display *, void *, EGLSurface, EGLConfig, egl_winsys_surface **, egl_color_buffer_format *, EGLBoolean) returns 0x3000,  [720x1280]-format:1
06-11 18:22:38.469 12103 12122 D OpenGLRenderer: eglCreateWindowSurface = 0x772dad68c0
06-11 18:22:38.469 12103 12103 D ViewRootImpl@10b84c[MainActivity]: MSG_RESIZED_REPORT: frame=Rect(0, 0 - 720, 1280) ci=Rect(0, 42 - 0, 0) vi=Rect(0, 42 - 0, 0) or=1
06-11 18:22:38.470 12103 12103 D ViewRootImpl@10b84c[MainActivity]: MSG_WINDOW_FOCUS_CHANGED 1
06-11 18:22:38.471 12103 12103 V InputMethodManager: Starting input: tba=android.view.inputmethod.EditorInfo@cb70d38 nm : e.www.gpstest ic=null
06-11 18:22:38.471 12103 12103 I InputMethodManager: startInputInner - mService.startInputOrWindowGainedFocus
06-11 18:22:38.472  5301  5730 D InputMethodManagerService: startInputOrWindowGainedFocus : windowGainedFocus 
06-11 18:22:38.472  5301  5730 D InputMethodManagerService: windowGainedFocus: destinationUserId (getCallingUid) = 0
06-11 18:22:38.472  5301  5730 D InputMethodManagerService: windowGainedFocus: currentUserId=0
06-11 18:22:38.472  5301  5730 D InputMethodManagerService: windowGainedFocus: mCurrentFocusedUserId=0
06-11 18:22:38.472  5301  5730 D InputMethodManagerService: windowGainedFocus : lock - currentUserId = 0 destinationUserId = 0
06-11 18:22:38.472  5301  5730 D InputMethodManagerService: windowGainedFocus : mCurrentFocusedUserId - 0 and mSecureKeypadEnabled - false, userSwitched - false
06-11 18:22:38.472  5301  5730 V InputMethodManagerService: windowGainedFocus : reason=WINDOW_FOCUS_GAIN client=android.os.BinderProxy@5d31071 inputContext=null missingMethods= attribute=android.view.inputmethod.EditorInfo@2b0fd48 nm = e.www.gpstest controlFlags=#104 softInputMode=#120 windowFlags=#81810100
06-11 18:22:38.472  5301  5730 V InputMethodManagerService: hideCurrentInputLocked : shouldHideSoftInput is false
06-11 18:22:38.473  5301  5730 D InputMethodManagerService: isImeSwitcherDisabledPackage : false
06-11 18:22:38.473  5301  5730 V InputMethodManagerService: Creating new session for client ClientState{37f7e1 uid 10199 pid 12103}
06-11 18:22:38.475  5301  5730 D InputMethodManagerService: setCurrentInputInfo - inputContext : null eidtorInfo : android.view.inputmethod.EditorInfo@2b0fd48 missingMethods : 0
06-11 18:22:38.476  5676  5676 I InputMethodWrapper:  call dispatchStartInputWithToken
06-11 18:22:38.476  5676  5676 I InputMethodService: dispatchStartInputWithToken
06-11 18:22:38.477  5676  5676 I SKBD    : SamsungKeypad [IMI] onStartInput - caller pid : 12103, caller uid : 10199
06-11 18:22:38.495  5301  6059 V WindowManager: finishDrawingLocked: mDrawState=COMMIT_DRAW_PENDING Window{8d3ced7 u0 e.www.gpstest/e.www.gpstest.MainActivity} in Surface(name=e.www.gpstest/e.www.gpstest.MainActivity)
06-11 18:22:38.496 12103 12103 V InputMethodManager: Starting input: tba=android.view.inputmethod.EditorInfo@147e111 nm : e.www.gpstest ic=null
06-11 18:22:38.500  5301  5410 D ViewRootImpl@fe8ffa6[gpstest]: dispatchDetachedFromWindow
06-11 18:22:38.500  5301  5410 D InputEventReceiver: channel '47d9de7 Splash Screen e.www.gpstest (client)' ~ Disposing input event receiver.
06-11 18:22:38.500  5301  5410 D InputEventReceiver: channel '47d9de7 Splash Screen e.www.gpstest (client)' ~NativeInputEventReceiver.
06-11 18:22:38.505  5301  5346 I ActivityManager: Displayed e.www.gpstest/.MainActivity: +344ms
06-11 18:22:38.529  3446  3446 I SurfaceFlinger: Display 0 HWC layers:
06-11 18:22:38.529  3446  3446 I SurfaceFlinger:     type    |    handle    | flag |  format   |   source crop (l,t,r,b)    |         frame       | name 
06-11 18:22:38.529  3446  3446 I SurfaceFlinger: ------------+--------------+------+-----------+----------------------------+---------------------+------
06-11 18:22:38.529  3446  3446 I SurfaceFlinger:      Client |              | 0000 |  Unknown  |  -0.2   -0.2   -0.8   -0.8 |    0    0  720 1280 | animation background stackId=1#0
06-11 18:22:38.529  3446  3446 I SurfaceFlinger:      Client | 0x7569824cc0 | 0002 | RGBA_8888 |   0.0    0.0  720.0 1280.0 |   18   32  702 1248 | com.example.batterymanager_utility/c[...]atterymanager_utility.MainActivity#0
06-11 18:22:38.529  3446  3446 I SurfaceFlinger:      Client | 0x75698243c0 | 0002 | RGBA_8888 |   0.0    0.0  720.0 1189.0 |    6  111  714 1280 | e.www.gpstest/e.www.gpstest.MainActivity#0
06-11 18:22:38.529  3446  3446 I SurfaceFlinger:      Client | 0x7569824e40 | 0002 | RGBA_8888 |   0.0    0.0  720.0 1189.0 |    6  111  714 1280 | Splash Screen e.www.gpstest#0
06-11 18:22:38.529  3446  3446 I SurfaceFlinger:      Client | 0x75634fb440 | 0000 | RGBA_8888 |   0.0    0.0  720.0   42.0 |    0    0  720   42 | StatusBar#0
06-11 18:22:38.529  3446  3446 I SurfaceFlinger: 
06-11 18:22:38.541  5301  5410 I WindowManager: Destroying surface Surface(name=Splash Screen e.www.gpstest) called by com.android.server.wm.WindowStateAnimator.destroySurface:2501 com.android.server.wm.WindowStateAnimator.destroySurfaceLocked:985 com.android.server.wm.WindowState.destroyOrSaveSurfaceUnchecked:3670 com.android.server.wm.WindowState.destroySurface:3618 com.android.server.wm.AppWindowToken.destroySurfaces:722 com.android.server.wm.AppWindowToken.destroySurfaces:706 com.android.server.wm.WindowState.onExitAnimationDone:5316 com.android.server.wm.WindowStateAnimator.stepAnimationLocked:550 
06-11 18:22:38.541  3446  4960 I SurfaceFlinger: id=1293 Removed Splash Screen e.www.gpstest#0 (4/6)
06-11 18:22:38.546  3446  3446 I SurfaceFlinger: Display 0 HWC layers:
06-11 18:22:38.546  3446  3446 I SurfaceFlinger:     type    |    handle    | flag |  format   |   source crop (l,t,r,b)    |         frame       | name 
06-11 18:22:38.546  3446  3446 I SurfaceFlinger: ------------+--------------+------+-----------+----------------------------+---------------------+------
06-11 18:22:38.546  3446  3446 I SurfaceFlinger:      Client |              | 0000 |  Unknown  |  -0.2   -0.2   -0.8   -0.8 |    0    0  720 1280 | animation background stackId=1#0
06-11 18:22:38.546  3446  3446 I SurfaceFlinger:      Client | 0x7569824cc0 | 0002 | RGBA_8888 |   0.0    0.0  720.0 1280.0 |   18   32  702 1248 | com.example.batterymanager_utility/c[...]atterymanager_utility.MainActivity#0
06-11 18:22:38.546  3446  3446 I SurfaceFlinger:      Device | 0x75698243c0 | 0002 | RGBA_8888 |   0.0    0.0  720.0 1209.0 |    5   87  716 1280 | e.www.gpstest/e.www.gpstest.MainActivity#0
06-11 18:22:38.546  3446  3446 I SurfaceFlinger:      Device | 0x75634fb440 | 0000 | RGBA_8888 |   0.0    0.0  720.0   42.0 |    0    0  720   42 | StatusBar#0
06-11 18:22:38.546  3446  3446 I SurfaceFlinger: 
06-11 18:22:38.547  3446  3891 I SurfaceFlinger: id=1293 Removed Splash Screen e.www.gpstest#0 (-2/6)
06-11 18:22:38.557  3446  3446 I Layer   : id=1293 onRemoved Splash Screen e.www.gpstest#0 
06-11 18:22:38.724  5301  5301 D CustomFrequencyManagerService: releaseDVFSLockLocked : Getting Lock type frm List : DVFS_MIN_LIMIT  frequency : 1560000  uid : 1000  pid : 5301  tag : AMS_RESUME_TAIL@CPU_MIN@20
06-11 18:22:38.742  5301  5410 I WindowManager: Destroying surface Surface(name=com.example.batterymanager_utility/com.example.batterymanager_utility.MainActivity) called by com.android.server.wm.WindowStateAnimator.destroySurface:2501 com.android.server.wm.WindowStateAnimator.destroySurfaceLocked:985 com.android.server.wm.WindowState.destroyOrSaveSurfaceUnchecked:3670 com.android.server.wm.WindowState.destroySurface:3618 com.android.server.wm.AppWindowToken.destroySurfaces:722 com.android.server.wm.AppWindowToken.destroySurfaces:706 com.android.server.wm.WindowState.onExitAnimationDone:5316 com.android.server.wm.WindowStateAnimator.stepAnimationLocked:550 
06-11 18:22:38.742  3446  4960 I SurfaceFlinger: id=1292 Removed com.example.batterymanager_utility/com.example.batterymanager_utility.MainActivity#0 (2/5)
06-11 18:22:38.744  5301  5346 D CustomFrequencyManagerService: acquireDVFSLockLocked : type : DVFS_MIN_LIMIT  frequency : 1560000  uid : 1000  pid : 5301  pkgName : AMS_RESUME_TAIL@CPU_MIN@20
06-11 18:22:38.744  3446  3446 I SurfaceFlinger: Display 0 HWC layers:
06-11 18:22:38.744  3446  3446 I SurfaceFlinger:     type    |    handle    | flag |  format   |   source crop (l,t,r,b)    |         frame       | name 
06-11 18:22:38.744  3446  3446 I SurfaceFlinger: ------------+--------------+------+-----------+----------------------------+---------------------+------
06-11 18:22:38.744  3446  3446 I SurfaceFlinger:      Device | 0x75698243c0 | 0002 | RGBA_8888 |   0.0    0.0  720.0 1280.0 |    0    0  720 1280 | e.www.gpstest/e.www.gpstest.MainActivity#0
06-11 18:22:38.744  3446  3446 I SurfaceFlinger:      Device | 0x75634fb440 | 0000 | RGBA_8888 |   0.0    0.0  720.0   42.0 |    0    0  720   42 | StatusBar#0
06-11 18:22:38.744  3446  3446 I SurfaceFlinger: 
06-11 18:22:38.744  5301  5346 D ActivityManagerPerformance: AMP_acquire() TAIL
06-11 18:22:38.745  5301  5346 D CustomFrequencyManagerService: releaseDVFSLockLocked : Getting Lock type frm List : DVFS_MIN_LIMIT  frequency : 1560000  uid : 1000  pid : 5301  tag : AMS_APP_SWITCH@CPU_MIN@69
06-11 18:22:38.745  5301  5346 D ActivityManagerPerformance: AMP_release() APP_SWITCH
06-11 18:22:38.747  3446  3891 I SurfaceFlinger: id=1292 Removed com.example.batterymanager_utility/com.example.batterymanager_utility.MainActivity#0 (-2/5)
06-11 18:22:38.757  3446  3446 I Layer   : id=1292 onRemoved com.example.batterymanager_utility/com.example.batterymanager_utility.MainActivity#0 
06-11 18:22:38.783  5916  5946 D ProcessObserver_FLP: onForegroundActivities changed, 12061/10186/false
06-11 18:22:38.784  5916  5971 D EventHandler_FLP: FOREGROUND_ACTIVITY_CHANGE
06-11 18:22:38.852  5301  5653 I OpenGLRenderer: Initialized EGL, version 1.4
06-11 18:22:38.853  5301  5653 D OpenGLRenderer: Swap behavior 2
06-11 18:22:38.914  5301  5445 D MdnieScenarioControlService:  packageName : e.www.gpstest    className : e.www.gpstest.MainActivity
06-11 18:22:38.914  5301  5445 V MdnieScenarioControlService: setUIMode from UI function(3)
06-11 18:22:39.241 31475 31475 E adbd    : recv: OPEN 00009dfe 00000000 0076:73 68 65 6C 6C 2C 76 32 2C 54 45 52 4D 3D 78 74 65 72 6D 2D 32 35 36 63 6F 6C 6F 72 2C 72 61 77 3A 64 75 6D 70 73 79 73 20 61 63 74 69 76 69 74 79 20 72 65 63 65 6E 74 73 20 7C 20 67 72 65 70 20 22 52 65 63 65 6E 74 20 23 30 22 20 7C 20 63 75 74 20 2D 64 20 22 3D 22 20 2D 66 32 20 7C 20 67 72 65 70 20 2D 6F 20 2D 70 20 22 5B 61 2D 7A 7C 2E 5D 2A 22 00 
06-11 18:22:39.241 31475 31475 E adbd    : service_to_fd: shell,v2,TERM=xterm-256color,raw:dumpsys activity recents | grep "Recent #0" | cut -d "=" -f2 | grep -o -p "[a-z|.]*"
06-11 18:22:39.306 31475 31475 E adbd    : recv: OPEN 00009e01 00000000 0042:73 68 65 6C 6C 2C 76 32 2C 54 45 52 4D 3D 78 74 65 72 6D 2D 32 35 36 63 6F 6C 6F 72 2C 72 61 77 3A 67 65 74 70 72 6F 70 20 72 6F 2E 62 75 69 6C 64 2E 76 65 72 73 69 6F 6E 2E 72 65 6C 65 61 73 65 00 
06-11 18:22:39.306 31475 31475 E adbd    : service_to_fd: shell,v2,TERM=xterm-256color,raw:getprop ro.build.version.release
06-11 18:22:39.344  5301  5301 D CustomFrequencyManagerService: releaseDVFSLockLocked : Getting Lock type frm List : DVFS_MIN_LIMIT  frequency : 1560000  uid : 1000  pid : 5301  tag : AMS_RESUME_TAIL@CPU_MIN@20
06-11 18:22:39.348 31475 31475 E adbd    : recv: OPEN 00009e04 00000000 003e:73 68 65 6C 6C 2C 76 32 2C 54 45 52 4D 3D 78 74 65 72 6D 2D 32 35 36 63 6F 6C 6F 72 2C 72 61 77 3A 67 65 74 70 72 6F 70 20 72 6F 2E 62 75 69 6C 64 2E 76 65 72 73 69 6F 6E 2E 73 64 6B 00 
06-11 18:22:39.348 31475 31475 E adbd    : service_to_fd: shell,v2,TERM=xterm-256color,raw:getprop ro.build.version.sdk
06-11 18:22:39.398 31475 31475 E adbd    : recv: OPEN 00009e07 00000000 0042:73 68 65 6C 6C 2C 76 32 2C 54 45 52 4D 3D 78 74 65 72 6D 2D 32 35 36 63 6F 6C 6F 72 2C 72 61 77 3A 67 65 74 70 72 6F 70 20 72 6F 2E 62 75 69 6C 64 2E 76 65 72 73 69 6F 6E 2E 72 65 6C 65 61 73 65 00 
06-11 18:22:39.398 31475 31475 E adbd    : service_to_fd: shell,v2,TERM=xterm-256color,raw:getprop ro.build.version.release
06-11 18:22:39.423  5301  5301 D PreBindingService: handleMessage : 1
06-11 18:22:39.450 31475 31475 E adbd    : recv: OPEN 00009e0a 00000000 003e:73 68 65 6C 6C 2C 76 32 2C 54 45 52 4D 3D 78 74 65 72 6D 2D 32 35 36 63 6F 6C 6F 72 2C 72 61 77 3A 67 65 74 70 72 6F 70 20 72 6F 2E 62 75 69 6C 64 2E 76 65 72 73 69 6F 6E 2E 73 64 6B 00 
06-11 18:22:39.450 31475 31475 E adbd    : service_to_fd: shell,v2,TERM=xterm-256color,raw:getprop ro.build.version.sdk
06-11 18:22:39.500 31475 31475 E adbd    : recv: OPEN 00009e0d 00000000 0103:73 68 65 6C 6C 2C 76 32 2C 54 45 52 4D 3D 78 74 65 72 6D 2D 32 35 36 63 6F 6C 6F 72 2C 72 61 77 3A 61 6D 20 73 74 61 72 74 2D 66 6F 72 65 67 72 6F 75 6E 64 2D 73 65 72 76 69 63 65 20 2D 6E 20 22 63 6F 6D 2E 65 78 61 6D 70 6C 65 2E 62 61 74 74 65 72 79 6D 61 6E 61 67 65 72 5F 75 74 69 6C 69 74 79 2F 63 6F 6D 2E 65 78 61 6D 70 6C 65 2E 62 61 74 74 65 72 79 6D 61 6E 61 67 65 72 5F 75 74 69 6C 69 74 79 2E 44 61 74 61 43 6F 6C 6C 65 63 74 69 6F 6E 53 65 72 76 69 63 65 22 20 2D 2D 65 69 20 73 61 6D 70 6C 65 52 61 74 65 20 31 30 30 30 20 2D 2D 65 73 20 22 64 61 74 61 46 69 65 6C 64 73 22 20 22 42 41 54 54 45 52 59 5F 50 52 4F 50 45 52 54 59 5F 43 55 52 52 45 4E 54 5F 4E 4F 57 2C 45 58 54 52 41 5F 56 4F 4C 54 41 47 45 22 20 2D 2D 65 7A 20 74 6F 43 53 56 20 66 61 6C 73 65 00 
06-11 18:22:39.500 31475 31475 E adbd    : service_to_fd: shell,v2,TERM=xterm-256color,raw:am start-foreground-service -n "com.example.batterymanager_utility/com.example.batterymanager_utility.DataCollectionService" --ei sampleRate 1000 --es "dataFields" "BATTERY_PROPERTY_CURRENT_NOW,EXTRA_VOLTAGE" --ez toCSV false
06-11 18:22:39.577 12061 12061 I BatteryMgr:DataCollectionService: onStartCommand: begin
06-11 18:22:39.577 12061 12061 I BatteryMgr:DataCollectionService: onStartCommand: sampleRate => 1000
06-11 18:22:39.578 12061 12061 I BatteryMgr:DataCollectionService: onStartCommand: rawFields => Timestamp,BATTERY_PROPERTY_CURRENT_NOW,EXTRA_VOLTAGE
06-11 18:22:39.580 12061 12061 I BatteryMgr:DataCollectionService: onStartCommand: notification done
06-11 18:22:39.582 12061 12061 D Notification: allPendingIntents
06-11 18:22:39.583 12061 12061 I BatteryMgr:DataCollectionService: started foreground
06-11 18:22:39.586  5301  5337 D ApplicationPolicy: isStatusBarNotificationAllowedAsUser: packageName = android,userId = 0
06-11 18:22:39.586  5301  5337 D API test: getContainerInfo: value is 
06-11 18:22:39.586  5301  5337 D ApplicationPolicy: isStatusBarNotificationAllowedAsUser: packageName = android,userId = 0
06-11 18:22:39.587  5301  5337 D API test: getContainerInfo: value is 
06-11 18:22:39.587  5301  5337 E NotificationService: Suppressing notification from package by user request.
06-11 18:22:39.588  5301  5337 D ApplicationPolicy: isStatusBarNotificationAllowedAsUser: packageName = com.example.batterymanager_utility,userId = 0
06-11 18:22:39.588  5301  5337 D API test: getContainerInfo: value is 
06-11 18:22:39.588  5301  5337 D ApplicationPolicy: isStatusBarNotificationAllowedAsUser: packageName = com.example.batterymanager_utility,userId = 0
06-11 18:22:39.588  5301  5337 D API test: getContainerInfo: value is 
06-11 18:22:39.589 31475 31475 E adbd    : recv: OPEN 00009e10 00000000 0042:73 68 65 6C 6C 2C 76 32 2C 54 45 52 4D 3D 78 74 65 72 6D 2D 32 35 36 63 6F 6C 6F 72 2C 72 61 77 3A 67 65 74 70 72 6F 70 20 72 6F 2E 62 75 69 6C 64 2E 76 65 72 73 69 6F 6E 2E 72 65 6C 65 61 73 65 00 
06-11 18:22:39.590 31475 31475 E adbd    : service_to_fd: shell,v2,TERM=xterm-256color,raw:getprop ro.build.version.release
06-11 18:22:39.590  5301  5301 I AccessibilityManagerService: semOnLightNotification(null), bIsFlashOn : false
06-11 18:22:39.591  5301  5301 D AccessibilityManagerService: Can't use light notification
06-11 18:22:39.591  5301  5301 D AudioService: getStreamVolume 5 index 110
06-11 18:22:39.593  5301  6059 D Notification: allPendingIntents
06-11 18:22:39.593  5301  6545 D Notification: allPendingIntents
06-11 18:22:39.594  5301  6059 D Notification: allPendingIntents
06-11 18:22:39.594  5689  5689 D StatusBar: addNotification key=0|com.example.batterymanager_utility|1|null|10186 fullscreen:false
06-11 18:22:39.596  5871  5871 W SANotification4O: NotificationListener.onNotificationPosted-Socket is not available
06-11 18:22:39.599 12061 12160 I BatteryMgr:DataCollectionService: collectData: begin
06-11 18:22:39.606 12061 12160 I BatteryMgr:DataCollectionService: stats => 1686500559606,-147,4149
06-11 18:22:39.668  5689  5689 D KeyguardUpdateMonitor: handleStatusBarState( false )
06-11 18:22:39.853  6313  6313 D io_stats: !@ 179,0 r 754152 25258424 w 437877 8613440 d 26226 4275212 f 148692 150739 iot 542156 461402 th 51200 0 0 pt 0 inp 0 0 52963.708
06-11 18:22:39.861 31475 31475 E adbd    : recv: OPEN 00009e13 00000000 003e:73 68 65 6C 6C 2C 76 32 2C 54 45 52 4D 3D 78 74 65 72 6D 2D 32 35 36 63 6F 6C 6F 72 2C 72 61 77 3A 67 65 74 70 72 6F 70 20 72 6F 2E 62 75 69 6C 64 2E 76 65 72 73 69 6F 6E 2E 73 64 6B 00 
06-11 18:22:39.861 31475 31475 E adbd    : service_to_fd: shell,v2,TERM=xterm-256color,raw:getprop ro.build.version.sdk
06-11 18:22:40.122  5301  8272 D SSRM:k  : SIOP:: AP = 340, PST = 340 (W:30), BAT = 332, USB = 0, CHG = 0
06-11 18:22:40.171  5301  5301 D PreBindingService: handleMessage : 1
06-11 18:22:40.621 12061 12160 I BatteryMgr:DataCollectionService: stats => 1686500560621,-147,4149
06-11 18:22:41.336  3435  3435 I android.hardware.wifi@1.0-service: getLinkLayerStats
06-11 18:22:41.635 12061 12160 I BatteryMgr:DataCollectionService: stats => 1686500561634,-147,4149
06-11 18:22:42.641 12061 12160 I BatteryMgr:DataCollectionService: stats => 1686500562640,-147,4149
06-11 18:22:43.484 12061 12170 D ProfileInstaller: Installing profile for com.example.batterymanager_utility
06-11 18:22:43.590  5301  6059 D BatteryService: !@BatteryListener : batteryPropertiesChanged!
06-11 18:22:43.654 12061 12160 I BatteryMgr:DataCollectionService: stats => 1686500563653,-81,4149
06-11 18:22:44.072  9136  9193 D ScanRecord: Not a Multi Manu data
06-11 18:22:44.189  9136  9193 I chatty  : uid=1002(bluetooth) BT Service Call identical 50 lines
06-11 18:22:44.189  9136  9193 D ScanRecord: Not a Multi Manu data
06-11 18:22:44.346  3435  3435 I android.hardware.wifi@1.0-service: getLinkLayerStats
06-11 18:22:44.668 12061 12160 I BatteryMgr:DataCollectionService: stats => 1686500564667,-81,4149
06-11 18:22:44.860  6313  6313 D io_stats: !@ 179,0 r 754152 25258424 w 437921 8613816 d 26228 4275220 f 148695 150742 iot 542172 461413 th 51200 0 0 pt 0 inp 0 0 52968.714
06-11 18:22:45.516  5301  5414 D SensorService: [SO] 0.302 -0.694 9.907
06-11 18:22:45.681 12061 12160 I BatteryMgr:DataCollectionService: stats => 1686500565681,-81,4149
06-11 18:22:46.695 12061 12160 I BatteryMgr:DataCollectionService: stats => 1686500566694,-81,4149
06-11 18:22:47.312  9136  9193 D ScanRecord: Not a Multi Manu data
06-11 18:22:47.313  9136  9193 I chatty  : uid=1002(bluetooth) BT Service Call identical 11 lines
06-11 18:22:47.313  9136  9193 D ScanRecord: Not a Multi Manu data
06-11 18:22:47.355  3435  3435 I android.hardware.wifi@1.0-service: getLinkLayerStats
06-11 18:22:47.709 12061 12160 I BatteryMgr:DataCollectionService: stats => 1686500567708,-81,4149
06-11 18:22:48.722  5689  5922 D NetworkController.MobileSignalController(0/-2): onSignalStrengthsChanged signalStrength=SignalStrength: 21 99 -21 -200 -21 -200 -1 99 2147483647 2147483647 2147483647 2147483647 0 2147483647 0x4 P gsm|lte level=4
06-11 18:22:48.722  5689  5922 D NetworkController.MobileSignalController(0/-2): getMobileIconGroup(): 0
06-11 18:22:48.722 12061 12160 I BatteryMgr:DataCollectionService: stats => 1686500568722,-81,4149
06-11 18:22:49.736 12061 12160 I BatteryMgr:DataCollectionService: stats => 1686500569736,-81,4149
06-11 18:22:49.865  6313  6313 D io_stats: !@ 179,0 r 754152 25258424 w 437928 8614176 d 26229 4275228 f 148698 150745 iot 542184 461424 th 51200 0 0 pt 0 inp 0 0 52973.721
06-11 18:22:50.153  5301  8272 D SSRM:k  : SIOP:: AP = 340, PST = 340 (W:30), BAT = 332, USB = 0, CHG = 0
06-11 18:22:50.364  3435  3435 I android.hardware.wifi@1.0-service: getLinkLayerStats
06-11 18:22:50.749 12061 12160 I BatteryMgr:DataCollectionService: stats => 1686500570749,-81,4149
06-11 18:22:51.763 12061 12160 I BatteryMgr:DataCollectionService: stats => 1686500571762,-81,4149
06-11 18:22:52.777 12061 12160 I BatteryMgr:DataCollectionService: stats => 1686500572776,-81,4149
06-11 18:22:53.373  3435  3435 I android.hardware.wifi@1.0-service: getLinkLayerStats
06-11 18:22:53.791 12061 12160 I BatteryMgr:DataCollectionService: stats => 1686500573791,-81,4149
06-11 18:22:54.805 12061 12160 I BatteryMgr:DataCollectionService: stats => 1686500574804,-81,4149
06-11 18:22:54.871  6313  6313 D io_stats: !@ 179,0 r 754152 25258424 w 437942 8614292 d 26230 4275460 f 148699 150746 iot 542192 461433 th 51200 0 0 pt 0 inp 0 0 52978.726
06-11 18:22:55.516  5301  5414 D SensorService: [SO] 0.302 -0.723 9.888
06-11 18:22:55.818 12061 12160 I BatteryMgr:DataCollectionService: stats => 1686500575818,-81,4149
06-11 18:22:56.393  3435  3435 I android.hardware.wifi@1.0-service: getLinkLayerStats
06-11 18:22:56.550  9136  9193 D ScanRecord: Not a Multi Manu data
06-11 18:22:56.551  9136  9193 I chatty  : uid=1002(bluetooth) BT Service Call identical 11 lines
06-11 18:22:56.551  9136  9193 D ScanRecord: Not a Multi Manu data
06-11 18:22:56.832 12061 12160 I BatteryMgr:DataCollectionService: stats => 1686500576831,-81,4149
06-11 18:22:57.058  5301  5345 W StorageManager: getStorageFullBytes DEFAULT_FULL_THRESHOLD_BYTES : 20971520, threadhold : 20971520
06-11 18:22:57.059  5301  5345 W StorageManager: getStorageLowBytes lowPercent : 5, lowBytes : 1260145254, maxLowBytes : 524288000
06-11 18:22:57.062  5301  5345 W DeviceStorageMonitorService: updateBroadcasts(/data) oldLevel:0, newLevel:0, seq:1
06-11 18:22:57.063  5301  5345 W DeviceStorageMonitorService: updateBroadcasts_filenode(/data) fn_oldLevel:0, fn_newLevel:0, seq:1
06-11 18:22:57.516  5301  5821 E Watchdog: !@Sync 1764 [2023-06-11 18:22:57.516]
06-11 18:22:57.845 12061 12160 I BatteryMgr:DataCollectionService: stats => 1686500577845,-81,4149
06-11 18:22:58.858 12061 12160 I BatteryMgr:DataCollectionService: stats => 1686500578858,-81,4149
06-11 18:22:59.410  3435  3435 I android.hardware.wifi@1.0-service: getLinkLayerStats
06-11 18:22:59.871 12061 12160 I BatteryMgr:DataCollectionService: stats => 1686500579871,-81,4149
06-11 18:22:59.877  6313  6313 D io_stats: !@ 179,0 r 754152 25258424 w 437957 8614372 d 26230 4275460 f 148700 150747 iot 542192 461436 th 51200 0 0 pt 0 inp 0 0 52983.732
06-11 18:23:00.000  5301  5428 D SamsungAlarmManager: Expired : 8
06-11 18:23:00.001  5301  5428 V SamsungAlarmManager: Sending to uid : 1000 action=android.intent.action.TIME_TICK alarm=Alarm{cb066d5 type 3 when 184394999 android}
06-11 18:23:00.003  5301  5428 V SamsungAlarmManager: Sending to uid : 10074 action=com.samsung.action.EVERY_MINUTE_CLOCK_UPDATE alarm=Alarm{42edeea type 1 when 1686500580000 com.sec.android.app.launcher}
06-11 18:23:00.008  6546  6546 I Launcher: onReceive: com.samsung.action.EVERY_MINUTE_CLOCK_UPDATE
06-11 18:23:00.009  5301  5301 D SamsungAlarmManager: setExact Intent (T:3/F:1/AC:false) 20230611T182400 - CU:1000/CP:5301
06-11 18:23:00.009  5301  5301 I SamsungAlarmManager: setLocked to kernel - T:3 / 20230611T182400, SetElapsed=184454999, nowELAPSED=184395008
06-11 18:23:00.012  5689  5689 D KeyguardUpdateMonitor: received broadcast android.intent.action.TIME_TICK
06-11 18:23:00.013  5689  5689 D KeyguardServiceBoxContainer: refreshTime() 1
06-11 18:23:00.020  5301  6059 D SamsungAlarmManager: setInexact Intent (T:1/F:0/AC:false) 20230611T182400 - CU:10074/CP:6546
06-11 18:23:00.021  6546  6546 I IconView: applyFromShortcutInfo - start GetLive : com.samsung.android.calendar
06-11 18:23:00.021  6546  6546 I BitmapCacheContainer: getBitmapCache: BitmapCache expired com.samsung.android.calendar/UserHandle{0}
06-11 18:23:00.030  6546  6546 D ApplicationPackageManager: we has com.samsung.android.calendar class. reuse it 
06-11 18:23:00.047  5689  5689 D KeyguardUpdateMonitor: handleStatusBarState( false )
06-11 18:23:00.048  6546  6546 I ApplicationPackageManager: load= live icon for com.samsung.android.calendar, from overlay = false
06-11 18:23:00.049  6546  6546 I LiveIconManager: getLiveIcon: complete(sync_created)
06-11 18:23:00.049  6546  6546 I IconView: applyFromShortcutInfo - end GetLive : com.samsung.android.calendar
06-11 18:23:00.050  6546  6546 I IconView: applyFromApplicationInfo - start GetLive : com.sec.android.app.clockpackage
06-11 18:23:00.053  6546  6546 D ApplicationPackageManager: we has com.sec.android.app.clockpackage class. reuse it 
06-11 18:23:00.054  6546  6546 D LiveIconLoader: getLiveIcon was called in ClockPackage
06-11 18:23:00.055  6546  6546 D LiveIconLoader: getLiveIcon res = com.sec.android.app.clockpackage
06-11 18:23:00.056  6546  6546 D LiveIconLoader: stdIconSize : 84 , targetIconSize : 94
06-11 18:23:00.056  6546  6546 D LiveIconLoader: mIconDpi : 320 , mTargetIconDpi : 280
06-11 18:23:00.068  6546  6546 I ApplicationPackageManager: load= live icon for com.sec.android.app.clockpackage, from overlay = false
06-11 18:23:00.069  6546  6546 I LiveIconManager: getLiveIcon: complete(sync_created)
06-11 18:23:00.069  6546  6546 I IconView: applyFromApplicationInfo - end GetLive : com.sec.android.app.clockpackage
06-11 18:23:00.070  6546  6546 I IconView: applyFromApplicationInfo - start GetLive : com.samsung.android.calendar
06-11 18:23:00.070  6546  6546 I IconView: applyFromApplicationInfo - end GetLive : com.samsung.android.calendar
06-11 18:23:00.180  5301  8272 D SSRM:k  : SIOP:: AP = 340, PST = 340 (W:30), BAT = 332, USB = 0, CHG = 0
06-11 18:23:00.885 12061 12160 I BatteryMgr:DataCollectionService: stats => 1686500580885,-81,4149
06-11 18:23:01.298 27045 12172 E memtrack: Couldn't load memtrack module
06-11 18:23:01.298 27045 12172 W android.os.Debug: failed to get memory consumption info: -1
06-11 18:23:01.417  5301  5624 D WifiConnectivityMonitor:  [|213]
06-11 18:23:01.898 12061 12160 I BatteryMgr:DataCollectionService: stats => 1686500581898,-81,4149
06-11 18:23:02.432  3435  3435 I android.hardware.wifi@1.0-service: getLinkLayerStats
06-11 18:23:02.912 12061 12160 I BatteryMgr:DataCollectionService: stats => 1686500582911,-81,4149
06-11 18:23:03.925 12061 12160 I BatteryMgr:DataCollectionService: stats => 1686500583925,-81,4149
06-11 18:23:04.883  6313  6313 D io_stats: !@ 179,0 r 754152 25258424 w 437965 8614420 d 26231 4275464 f 148700 150749 iot 542196 461440 th 51200 0 0 pt 0 inp 0 0 52988.738
06-11 18:23:04.938 12061 12160 I BatteryMgr:DataCollectionService: stats => 1686500584938,-81,4149
06-11 18:23:05.441  3435  3435 I android.hardware.wifi@1.0-service: getLinkLayerStats
06-11 18:23:05.516  5301  5414 D SensorService: [SO] 0.287 -0.733 9.898
06-11 18:23:05.952 12061 12160 I BatteryMgr:DataCollectionService: stats => 1686500585951,-81,4149
06-11 18:23:06.965 12061 12160 I BatteryMgr:DataCollectionService: stats => 1686500586965,-81,4149
06-11 18:23:07.978 12061 12160 I BatteryMgr:DataCollectionService: stats => 1686500587977,-81,4149
06-11 18:23:08.406  6943  6996 D ContactsProvider_EventLog: contents_sample_state: [CONTACT contacts(0) data(0) accounts({}) accounts deleted({}) calls([]) countryIso(NL) userId(0)  ]
06-11 18:23:08.406  6943  6996 D ContactsProvider_EventLog: contents_sample_state: [ agr({})  ]
06-11 18:23:08.406  6943  6996 D ContactsProvider_EventLog: contents_sample_state: [ actCnt({android.process.acore(6943)=1})  ]
06-11 18:23:08.406  6943  6996 D ContactsProvider_EventLog: contents_sample_state: [PROFILE contacts(0) data(0) accounts({})  ]
06-11 18:23:08.406  6943  6996 D ContactsProvider_EventLog: contents_sample_state: [SAPROFILE contacts(1) data(2) accounts({vnd.sec.contact.phone (1)=1})  ]
06-11 18:23:08.412  6943  6996 E ContactsProvider_EventLog: Flush buffer to file cnt : 1 size : 0Kb duration : 4ms lastUpdatedAfter : 60114 ms mFlush_time_threasold : 2000 mCurrentSize : 437
06-11 18:23:08.450  3435  3435 I android.hardware.wifi@1.0-service: getLinkLayerStats
06-11 18:23:08.990 12061 12160 I BatteryMgr:DataCollectionService: stats => 1686500588990,-81,4149
06-11 18:23:09.105  9136  9193 D ScanRecord: Not a Multi Manu data
06-11 18:23:09.106  9136  9193 I chatty  : uid=1002(bluetooth) BT Service Call identical 11 lines
06-11 18:23:09.106  9136  9193 D ScanRecord: Not a Multi Manu data
06-11 18:23:09.889  6313  6313 D io_stats: !@ 179,0 r 754152 25258424 w 437972 8614516 d 26231 4275464 f 148702 150751 iot 542204 461444 th 51200 0 0 pt 0 inp 0 0 52993.744
06-11 18:23:10.001 12061 12160 I BatteryMgr:DataCollectionService: stats => 1686500590001,-81,4149
06-11 18:23:10.010 28292 12174 E memtrack: Couldn't load memtrack module
06-11 18:23:10.010 28292 12174 W android.os.Debug: failed to get memory consumption info: -1
06-11 18:23:10.203  5301  8272 D SSRM:k  : SIOP:: AP = 340, PST = 340 (W:30), BAT = 332, USB = 0, CHG = 0
06-11 18:23:11.014 12061 12160 I BatteryMgr:DataCollectionService: stats => 1686500591013,-81,4149
06-11 18:23:11.456  3435  3435 I android.hardware.wifi@1.0-service: getLinkLayerStats
06-11 18:23:12.027 12061 12160 I BatteryMgr:DataCollectionService: stats => 1686500592027,-81,4149
06-11 18:23:12.154  9136  9193 D ScanRecord: Not a Multi Manu data
06-11 18:23:12.155  9136  9193 I chatty  : uid=1002(bluetooth) BT Service Call identical 11 lines
06-11 18:23:12.155  9136  9193 D ScanRecord: Not a Multi Manu data
06-11 18:23:13.040 12061 12160 I BatteryMgr:DataCollectionService: stats => 1686500593040,-81,4149
06-11 18:23:13.839  5301  6059 D BatteryService: !@BatteryListener : batteryPropertiesChanged!
06-11 18:23:13.840  5301  6059 D BatteryService: level:91, scale:100, status:3, health:2, present:true, voltage: 4144, temperature: 331, technology: Li-ion, AC powered:false, USB powered:false, POGO powered:false, Wireless powered:false, icon:17303820, invalid charger:0, maxChargingCurrent:0, maxChargingVoltage:0, chargeCounter:0
06-11 18:23:13.840  5301  6059 D BatteryService: online:1, current avg:-123, charge type:0, power sharing:false, high voltage charger:false, capacity:280000, batterySWSelfDischarging:false, misc_event:0, current_event:0, current_now:-82
06-11 18:23:13.840  5301  5301 D BatteryService: Sending ACTION_BATTERY_CHANGED.
06-11 18:23:13.844  5301  5301 D SamsungPhoneWindowManager: ACTION_BATTERY_CHANGED - Level :: 91, battStatus :: 3
06-11 18:23:13.844  5301  5301 I MotionRecognitionService: On Battery, 0
06-11 18:23:13.844  5301  5301 D MotionRecognitionService:   mCableConnection= 0
06-11 18:23:13.846  5301  5344 D UsbDeviceManager: handleMessage -> MSG_UPDATE_CHARGING_STATE = 0
06-11 18:23:13.847  5689  5689 D KeyguardUpdateMonitor: received broadcast android.intent.action.BATTERY_CHANGED
06-11 18:23:13.850  5689  5689 D BatteryController: onReceive-ACTION_BATTERY_CHANGED : mLevel=91, mBatteryStatus=3
06-11 18:23:13.857  5689  5689 D PowerUI : priorPlugType = 0 mPlugType =  0
06-11 18:23:14.052 12061 12160 I BatteryMgr:DataCollectionService: stats => 1686500594052,-82,4144
06-11 18:23:14.470  3435  3435 I android.hardware.wifi@1.0-service: getLinkLayerStats
06-11 18:23:14.895  6313  6313 D io_stats: !@ 179,0 r 754152 25258424 w 437980 8614600 d 26232 4275468 f 148703 150752 iot 542208 461447 th 51200 0 0 pt 0 inp 0 0 52998.750
06-11 18:23:15.067 12061 12160 I BatteryMgr:DataCollectionService: stats => 1686500595067,-82,4144
06-11 18:23:15.254  9136  9193 D ScanRecord: Not a Multi Manu data
06-11 18:23:15.255  9136  9193 I chatty  : uid=1002(bluetooth) BT Service Call identical 11 lines
06-11 18:23:15.255  9136  9193 D ScanRecord: Not a Multi Manu data
06-11 18:23:15.516  5301  5414 D SensorService: [SO] 0.311 -0.723 9.893
06-11 18:23:16.080 12061 12160 I BatteryMgr:DataCollectionService: stats => 1686500596080,-82,4144
06-11 18:23:17.093 12061 12160 I BatteryMgr:DataCollectionService: stats => 1686500597092,-82,4144
06-11 18:23:17.479  3435  3435 I android.hardware.wifi@1.0-service: getLinkLayerStats
06-11 18:23:18.105 12061 12160 I BatteryMgr:DataCollectionService: stats => 1686500598105,-82,4144
06-11 18:23:19.118 12061 12160 I BatteryMgr:DataCollectionService: stats => 1686500599118,-82,4144
06-11 18:23:19.901  6313  6313 D io_stats: !@ 179,0 r 754152 25258424 w 437982 8614612 d 26232 4275468 f 148703 150752 iot 542208 461448 th 51200 0 0 pt 0 inp 0 0 53003.756
06-11 18:23:20.130 12061 12160 I BatteryMgr:DataCollectionService: stats => 1686500600130,-82,4144
06-11 18:23:20.230  5301  8272 D SSRM:k  : SIOP:: AP = 340, PST = 340 (W:30), BAT = 331, USB = 0, CHG = 0
06-11 18:23:20.488  3435  3435 I android.hardware.wifi@1.0-service: getLinkLayerStats
06-11 18:23:21.143 12061 12160 I BatteryMgr:DataCollectionService: stats => 1686500601143,-82,4144
06-11 18:23:21.594  9136  9193 D ScanRecord: Not a Multi Manu data
06-11 18:23:21.595  9136  9193 I chatty  : uid=1002(bluetooth) BT Service Call identical 11 lines
06-11 18:23:21.595  9136  9193 D ScanRecord: Not a Multi Manu data
06-11 18:23:22.156 12061 12160 I BatteryMgr:DataCollectionService: stats => 1686500602156,-82,4144
06-11 18:23:23.169 12061 12160 I BatteryMgr:DataCollectionService: stats => 1686500603168,-82,4144
06-11 18:23:23.497  3435  3435 I android.hardware.wifi@1.0-service: getLinkLayerStats
06-11 18:23:24.181 12061 12160 I BatteryMgr:DataCollectionService: stats => 1686500604181,-82,4144
06-11 18:23:24.907  6313  6313 D io_stats: !@ 179,0 r 754152 25258424 w 437996 8614696 d 26232 4275468 f 148704 150753 iot 542212 461453 th 51200 0 0 pt 0 inp 0 0 53008.762
06-11 18:23:25.194 12061 12160 I BatteryMgr:DataCollectionService: stats => 1686500605193,-82,4144
06-11 18:23:25.516  5301  5414 D SensorService: [SO] 0.302 -0.723 9.912
06-11 18:23:26.206 12061 12160 I BatteryMgr:DataCollectionService: stats => 1686500606206,-82,4144
06-11 18:23:26.506  3435  3435 I android.hardware.wifi@1.0-service: getLinkLayerStats
06-11 18:23:27.217 12061 12160 I BatteryMgr:DataCollectionService: stats => 1686500607216,-82,4144
06-11 18:23:27.285  5301  5310 I zygote64: Background concurrent copying GC freed 385063(18MB) AllocSpace objects, 306(5MB) LOS objects, 36% free, 41MB/65MB, paused 1.416ms total 224.535ms
06-11 18:23:27.526  5301  5821 E Watchdog: !@Sync 1765 [2023-06-11 18:23:27.526]
06-11 18:23:28.229 12061 12160 I BatteryMgr:DataCollectionService: stats => 1686500608228,-82,4144
06-11 18:23:29.241 12061 12160 I BatteryMgr:DataCollectionService: stats => 1686500609241,-82,4144
