--------- beginning of system
07-09 22:47:16.727  3435  3435 I chatty  : uid=1010 wifi@1.0-servic expire 1 line
07-09 22:47:19.739  3435  3435 I android.hardware.wifi@1.0-service: getLinkLayerStats
--------- beginning of main
07-09 22:47:20.217 29163 29163 E adbd    : recv: OPEN 000100a8 00000000 003a:73 68 65 6C 6C 2C 76 32 2C 54 45 52 4D 3D 73 63 72 65 65 6E 2C 72 61 77 3A 67 65 74 70 72 6F 70 20 72 6F 2E 62 75 69 6C 64 2E 76 65 72 73 69 6F 6E 2E 72 65 6C 65 61 73 65 00 
07-09 22:47:20.217 29163 29163 E adbd    : service_to_fd: shell,v2,TERM=screen,raw:getprop ro.build.version.release
07-09 22:47:20.305 29163 29163 E adbd    : recv: OPEN 000100ab 00000000 0036:73 68 65 6C 6C 2C 76 32 2C 54 45 52 4D 3D 73 63 72 65 65 6E 2C 72 61 77 3A 67 65 74 70 72 6F 70 20 72 6F 2E 62 75 69 6C 64 2E 76 65 72 73 69 6F 6E 2E 73 64 6B 00 
07-09 22:47:20.305 29163 29163 E adbd    : service_to_fd: shell,v2,TERM=screen,raw:getprop ro.build.version.sdk
07-09 22:47:20.388 29163 29163 E adbd    : recv: OPEN 000100ae 00000000 00bc:73 68 65 6C 6C 2C 76 32 2C 54 45 52 4D 3D 73 63 72 65 65 6E 2C 72 61 77 3A 61 6D 20 73 74 61 72 74 20 2D 6E 20 22 63 6F 6D 2E 65 78 61 6D 70 6C 65 2E 62 61 74 74 65 72 79 6D 61 6E 61 67 65 72 5F 75 74 69 6C 69 74 79 2F 63 6F 6D 2E 65 78 61 6D 70 6C 65 2E 62 61 74 74 65 72 79 6D 61 6E 61 67 65 72 5F 75 74 69 6C 69 74 79 2E 4D 61 69 6E 41 63 74 69 76 69 74 79 22 20 2D 61 20 61 6E 64 72 6F 69 64 2E 69 6E 74 65 6E 74 2E 61 63 74 69 6F 6E 2E 4D 41 49 4E 20 2D 63 20 61 6E 64 72 6F 69 64 2E 69 6E 74 65 6E 74 2E 63 61 74 65 67 6F 72 79 2E 4C 41 55 4E 43 48 45 52 00 
07-09 22:47:20.388 29163 29163 E adbd    : service_to_fd: shell,v2,TERM=screen,raw:am start -n "com.example.batterymanager_utility/com.example.batterymanager_utility.MainActivity" -a android.intent.action.MAIN -c android.intent.category.LAUNCHER
07-09 22:47:20.476  3961 11283 I ActivityManager: START u0 {act=android.intent.action.MAIN typ=null flg=0x10000000 cmp=ComponentInfo{com.example.batterymanager_utility/com.example.batterymanager_utility.MainActivity}} from uid 2000
07-09 22:47:20.478  3961 11283 D CustomFrequencyManagerService: acquireDVFSLockLocked : type : DVFS_MIN_LIMIT  frequency : 1560000  uid : 1000  pid : 3961  pkgName : AMS_APP_SWITCH@CPU_MIN@55
07-09 22:47:20.482  3961 11283 D ActivityManagerPerformance: AMP_acquire() APP_SWITCH
07-09 22:47:20.482  3961  5009 D ActivityManagerPerformance: Received MSG_CFMS_HINT_AMS_SWITCH pkgName: com.example.batterymanager_utility
07-09 22:47:20.483  3961  6555 D TelephonyManager: getAllCellInfo : Caller (PID / UID / TID): 3961 / 1000 / 6555
07-09 22:47:20.486  5254  5254 V Launcher: Launcher.onPause()
07-09 22:47:20.486  5254  5254 D Launcher: setHotWordDetection : call requestHotWordDetection false
07-09 22:47:20.492  3961  4645 I ActivityManager: Killing 25546:com.enhance.gameservice/u0a108 (adj 906): empty for 1805s
07-09 22:47:20.493  3961  4645 I ActivityManager: Killing 25588:com.samsung.android.allshare.service.fileshare/5005 (adj 906): empty for 1808s
07-09 22:47:20.494  3961  4025 D ViewRootImpl@735841b[batterymanager_utility]: setView = DecorView@95d8391[batterymanager_utility] TM=true MM=false
07-09 22:47:20.495  3961  3961 D MdnieScenarioControlService: Listener Real Multi Window State : false
07-09 22:47:20.497  5144  5144 I GsaVoiceInteractionSrv: Handling ACTION_STOP_HOTWORD
07-09 22:47:20.497  3961 11283 D ActivityManager: isScaleDownAnimationEnabled() : false
07-09 22:47:20.497  5144  5487 I HwDetectorWithState: (REDACTED) a: %d
07-09 22:47:20.498  3961 11283 D StorageManagerService: getExternalStorageMountMode : 3
07-09 22:47:20.498  3961 11283 D StorageManagerService: getExternalStorageMountMode : 3
07-09 22:47:20.499  3961 11283 D StorageManagerService: getExternalStorageMountMode : final mountMode=3, uid : 10168, packageName : com.example.batterymanager_utility
07-09 22:47:20.499  3961 11283 I ApplicationPolicy: isApplicationExternalStorageWhitelisted:com.example.batterymanager_utility user:0
07-09 22:47:20.499  3961 11283 D ApplicationPolicy: isApplicationExternalStorageWhitelisted: DO is not enabled on user 0. Allowed.
07-09 22:47:20.499  3961 11283 D ActivityManager: package  com.example.batterymanager_utility, user - 0 is SDcard whitelisted
07-09 22:47:20.499  3961 11283 I ApplicationPolicy: isApplicationExternalStorageBlacklisted:com.example.batterymanager_utility user:0
07-09 22:47:20.499  3961 11283 D ApplicationPolicy: isApplicationExternalStorageBlacklisted: DO is not enabled on user 0. Allowed.
07-09 22:47:20.510  3961  4025 D ViewRootImpl@735841b[batterymanager_utility]: dispatchAttachedToWindow
07-09 22:47:20.510  3961  4025 V WindowManager: Relayout Window{7eba9b8 u0 Splash Screen com.example.batterymanager_utility}: viewVisibility=0 req=719x1237 WM.LayoutParams{(0,0)(fillxfill) sim=#20 ty=3 fl=#81830118 pfl=0x20011 wanim=0x10302fd vsysui=0x600 needsMenuKey=2 colorMode=0 naviIconColor=0}
07-09 22:47:20.513  3961 11283 I ActivityManager: Start proc 31732:com.example.batterymanager_utility/u0a168 for activity com.example.batterymanager_utility/.MainActivity
07-09 22:47:20.513  3446  3446 I SurfaceFlinger: id=546 createSurf (720x1280),1 flag=404, Splash Screen com.example.batterymanager_utility#0
07-09 22:47:20.514  3961  4025 V Surface : sf_framedrop debug : 0x4f4c, game : false, logging : 0
07-09 22:47:20.516  3961  4025 D ViewRootImpl@735841b[batterymanager_utility]: Relayout returned: old=[0,0][0,0] new=[0,0][720,1280] result=0x7 surface={valid=true 540182798336} changed=true
07-09 22:47:20.516 31732 31732 E Zygote  : isWhitelistProcess - Process is Whitelisted
07-09 22:47:20.517 31732 31732 E libpersona: scanKnoxPersonas
07-09 22:47:20.517 31732 31732 E libpersona: Couldn't open the File - /data/system/users/0/personalist.xml - No such file or directory
07-09 22:47:20.521 31732 31732 W SELinux : SELinux selinux_android_compute_policy_index : Policy Index[2],  Con:u:r:zygote:s0 RAM:SEPF_SM-J720F_8.0.0_0002, [-1 -1 -1 -1 0 1]
07-09 22:47:20.522 31732 31732 I SELinux : SELinux: seapp_context_lookup: seinfo=untrusted, level=s0:c512,c768, pkgname=com.example.batterymanager_utility 
07-09 22:47:20.525 29163 29163 E adbd    : recv: OPEN 000100b1 00000000 003a:73 68 65 6C 6C 2C 76 32 2C 54 45 52 4D 3D 73 63 72 65 65 6E 2C 72 61 77 3A 6D 6F 6E 6B 65 79 20 2D 70 20 65 2E 77 77 77 2E 77 72 69 74 65 6C 6F 63 61 6C 74 65 73 74 20 31 00 
07-09 22:47:20.525 29163 29163 E adbd    : service_to_fd: shell,v2,TERM=screen,raw:monkey -p e.www.writelocaltest 1
07-09 22:47:20.525 31732 31732 I zygote64: Late-enabling -Xcheck:jni
07-09 22:47:20.536  3961  4025 V WindowManager: finishDrawingLocked: mDrawState=COMMIT_DRAW_PENDING Window{7eba9b8 u0 Splash Screen com.example.batterymanager_utility} in Surface(name=Splash Screen com.example.batterymanager_utility)
07-09 22:47:20.538  4349  4349 D WallpaperService: updateSurface forceRelayout=true redrawNeeded=false myWidth=1280 myHeight=1280 fixedSize=true x = 0 y = 0 mWidth=1280 mHeight=1280 mIsSleepMode=false
07-09 22:47:20.539  3961  4645 V WindowManager: Relayout Window{e13dfb8 u0 com.android.systemui.ImageWallpaper}: viewVisibility=0 req=1280x1280 WM.LayoutParams{(0,0)(1280x1280) gr=#800033 ty=2013 fl=#10318 fmt=2 wanim=0x103030e colorMode=0 naviIconColor=0}
07-09 22:47:20.539  3961  4645 V WindowManager: rotationForOrientationLw(orient=-1, last=0); user=0  sensorRotation=-1 mLidState=-1 mDockMode=0 mHdmiPlugged=false
07-09 22:47:20.543  4349  4349 D ImageWallpaper: onOffsetsChanged: xOffset=0.0, yOffset=0.0, xOffsetStep=0.0, yOffsetStep=0.0, xPixels=0, yPixels=0
07-09 22:47:20.544  4349  4349 D ImageWallpaper: newRotation : 0,mLastRotation : 0
07-09 22:47:20.544  4349  4349 D ImageWallpaper: drawFrame:[frame.width()]1280[frame.height()]1280
07-09 22:47:20.544  4349  4349 D ImageWallpaper: surfaceDimensionsChanged=false mDisplayWidth=720 mDisplayHeight=1280
07-09 22:47:20.544  4349  4349 D ImageWallpaper: redrawNeeded = false, mOffsetsChanged = false
07-09 22:47:20.544  4349  4349 D ImageWallpaper: Suppressed drawFrame since redraw is not needed and offsets have not changed.
07-09 22:47:20.563 31732 31732 D TimaKeyStoreProvider: TimaKeyStore is not enabled: cannot add TimaSignature Service and generateKeyPair Service
07-09 22:47:20.564 31732 31732 D ActivityThread: Added TimaKeyStore provider
07-09 22:47:20.567  3961  7880 I ActivityManager: DSS on for com.example.batterymanager_utility and scale is 1.0
07-09 22:47:20.576  3961  7880 D PersonaManagerService: Current focused persona service handled id set to : 0
07-09 22:47:20.576  3961  7880 D InputDispatcher: Focused application set to: xxxx
07-09 22:47:20.577  3961  7880 D InputDispatcher: Focus left window: 5254
07-09 22:47:20.579  3961  4210 D GameManagerService: handleForegroundChange(). pkgName: com.example.batterymanager_utility, clsName: com.example.batterymanager_utility.MainActivity,FgActivityName:com.example.batterymanager_utility/.MainActivity
07-09 22:47:20.579  3961  7880 D MARsPolicyManager: onPackageResumedFG pkgName = com.example.batterymanager_utility, userId = 0
07-09 22:47:20.579  3961  4210 D GameManagerService: sem_perfomance_mode: 3
07-09 22:47:20.579  3961  4210 D GameManagerService: notifyResumePause(). pkg: com.example.batterymanager_utility, type: 4, isMinimized: false, isTunableApp: false
07-09 22:47:20.580  3961  4210 D GameManagerService:   notifyResumePause(). unexpected mPrevNotiType: -1
07-09 22:47:20.582  3961  7880 D SamsungAnimationCreator: createAnimation type:LowEnd transit:12 enter:false wallpaperXoffset:-280 split:false fixedOri:false
07-09 22:47:20.582  3961  7880 D SamsungAnimationCreator: createAnimation displayFrame:Rect(0, 0 - 720, 1280) frame:null insets:null
07-09 22:47:20.589  3961  6555 D GamePkgDataHelper: getGamePkgDataIncServer(). com.example.batterymanager_utility
07-09 22:47:20.591  3961  6555 D GameManagerService: identifyGamePackage. com.example.batterymanager_utility
07-09 22:47:20.591  3961  6555 D GamePkgDataHelper: getGamePkgData(). com.example.batterymanager_utility
07-09 22:47:20.591  3961  6555 D GameManagerService: identifyGamePackage. com.example.batterymanager_utility
07-09 22:47:20.592  3961  6555 D GamePkgDataHelper: getGamePkgData(). com.example.batterymanager_utility
07-09 22:47:20.592  3961  6555 D GamePkgDataHelper: getSosPolicy(). com.example.batterymanager_utility
07-09 22:47:20.593  3961  6555 D GameManagerService: identifyGamePackage. com.example.batterymanager_utility
07-09 22:47:20.593  3961  6555 D GamePkgDataHelper: getGamePkgData(). com.example.batterymanager_utility
07-09 22:47:20.595  3961  6555 D GameManagerService: identifyGamePackage. com.example.batterymanager_utility
07-09 22:47:20.595  3961  6555 D GamePkgDataHelper: getGamePkgData(). com.example.batterymanager_utility
07-09 22:47:20.597  5254  5254 I Launcher: onWindowVisibilityChanged : false
07-09 22:47:20.599  3961  3978 D WindowManager: set systemUiVisibility : systemUiFlags= 0x608 fullscreenStackSysUiFlags= 0x0
07-09 22:47:20.601  3961  4645 D WindowManager: adjustSystemUiVisibilityLw : vis= 0x608
07-09 22:47:20.602  5254  5443 D OpenGLRenderer: eglDestroySurface = 0x7de4bd10c0
07-09 22:47:20.602 31732 31732 I zygote64: no shared libraies, dex_files: 1
07-09 22:47:20.603  3961  4645 V WindowManager: Relayout Window{6415318 u0 com.sec.android.app.launcher/com.sec.android.app.launcher.activities.LauncherActivity}: viewVisibility=8 req=720x1280 WM.LayoutParams{(0,0)(fillxfill) sim=#130 ty=1 fl=#81910d00 pfl=0x20000 fmt=-2 wanim=0x10302ea vsysui=0x700 needsMenuKey=2 colorMode=0 naviIconColor=0}
07-09 22:47:20.608  5254  5254 D ViewRootImpl@f90c764[LauncherActivity]: Relayout returned: old=[0,0][720,1280] new=[0,0][720,1280] result=0x5 surface={valid=false 0} changed=true
07-09 22:47:20.608  5254  5254 D ViewRootImpl@f90c764[LauncherActivity]: MSG_WINDOW_FOCUS_CHANGED 0
07-09 22:47:20.624  4349  4361 D SystemServicesProxy: updateOverviewLastStackActiveTimeAsync: newTime=1688934831679
07-09 22:47:20.625  3961  7880 D SecContentProvider: query(), uri = 17 selection = isSettingsChangesAllowed
07-09 22:47:20.625  3961  7880 D SecContentProvider: called from android.uid.systemui:10009
07-09 22:47:20.626  4349  4549 D SystemServicesProxy: updateOverviewLastStackActiveTimeAsync: done.
07-09 22:47:20.631 31732 31732 I BatteryMgr:App: creating notification channel
07-09 22:47:20.683  3446  3446 I SurfaceFlinger: Display 0 HWC layers:
07-09 22:47:20.683  3446  3446 I SurfaceFlinger:     type    |    handle    | flag |  format   |   source crop (l,t,r,b)    |         frame       | name 
07-09 22:47:20.683  3446  3446 I SurfaceFlinger: ------------+--------------+------+-----------+----------------------------+---------------------+------
07-09 22:47:20.683  3446  3446 I SurfaceFlinger:      Device | 0x77ee224d80 | 0002 | RGBx_8888 | 280.0    0.0 1000.0 1280.0 |    0    0  720 1280 | com.android.systemui.ImageWallpaper#0
07-09 22:47:20.683  3446  3446 I SurfaceFlinger:      Device | 0x77e7fd70c0 | 0000 | RGBA_8888 |  21.0   37.0  700.0 1244.0 |    0    0  720 1280 | com.sec.android.app.launcher/com.sec[...]uncher.activities.LauncherActivity#0
07-09 22:47:20.683  3446  3446 I SurfaceFlinger:      Device | 0x77ee225200 | 0002 | RGBA_8888 |   0.0    0.0  720.0 1280.0 |  133  236  588 1044 | Splash Screen com.example.batterymanager_utility#0
07-09 22:47:20.683  3446  3446 I SurfaceFlinger:      Device | 0x77ee224600 | 0000 | RGBA_8888 |   0.0    0.0  720.0   42.0 |    0    0  720   42 | StatusBar#0
07-09 22:47:20.683  3446  3446 I SurfaceFlinger: 
07-09 22:47:20.720  3961  4062 D MdnieScenarioControlService:  packageName : com.example.batterymanager_utility    className : com.example.batterymanager_utility.MainActivity
07-09 22:47:20.720  3961  4062 V MdnieScenarioControlService: setUIMode from UI function(3)
07-09 22:47:20.725 31732 31752 D OpenGLRenderer: HWUI GL Pipeline
07-09 22:47:20.735 31732 31732 D ViewRootImpl@4b55eb3[MainActivity]: setView = DecorView@5860c70[MainActivity] TM=true MM=false
07-09 22:47:20.736  3961  7880 D ActivityManager: post active user change for 0 fullscreen true isHomeActivity() false
07-09 22:47:20.907 31732 31732 W zygote64: Class androidx.compose.runtime.snapshots.SnapshotStateList failed lock verification and will run slower.
07-09 22:47:20.907 31732 31732 W zygote64: Common causes for lock verification issues are non-optimized dex code
07-09 22:47:20.907 31732 31732 W zygote64: and incorrect proguard optimizations.
07-09 22:47:20.996 31737 31737 W ADebug  : Failed to get property persist.sys.media.traces
07-09 22:47:21.000 31737 31737 E appproc : Enhanced Zygote ASLR: ro.knox.enhance.zygote.aslr != 1. Enhanced Zygote ASLR is DISABLED!
07-09 22:47:21.000 31737 31737 D AndroidRuntime: >>>>>> START com.android.internal.os.RuntimeInit uid 2000 <<<<<<
07-09 22:47:21.000 31732 31739 I zygote64: Do partial code cache collection, code=30KB, data=20KB
07-09 22:47:21.001 31732 31739 I zygote64: After code cache collection, code=30KB, data=20KB
07-09 22:47:21.001 31732 31739 I zygote64: Increasing code cache capacity to 128KB
07-09 22:47:21.004 31737 31737 D SecNativeFeatureCppIf: encoded
07-09 22:47:21.004 31737 31737 D SecNativeFeatureCppIf: decoding and unzip finish
07-09 22:47:21.004 31737 31737 D SecNativeFeatureCppIf: use unCompDataBuff. encoded
07-09 22:47:21.004 31737 31737 D SecNativeFeatureCppIf: Free unCompDataBuff
07-09 22:47:21.004 31737 31737 D SecNativeFeatureCppIf: encoded
07-09 22:47:21.004 31737 31737 D SecNativeFeatureCppIf: decoding and unzip finish
07-09 22:47:21.004 31737 31737 D SecNativeFeatureCppIf: use unCompDataBuff. encoded
07-09 22:47:21.004 31737 31737 D SecNativeFeatureCppIf: Free unCompDataBuff
07-09 22:47:21.004 31737 31737 D SecNativeFeatureCppIf: encoded
07-09 22:47:21.004 31737 31737 D SecNativeFeatureCppIf: decoding and unzip finish
07-09 22:47:21.004 31737 31737 D SecNativeFeatureCppIf: use unCompDataBuff. encoded
07-09 22:47:21.005 31737 31737 D SecNativeFeatureCppIf: Free unCompDataBuff
07-09 22:47:21.005 31737 31737 D SecNativeFeatureCppIf: encoded
07-09 22:47:21.005 31737 31737 D SecNativeFeatureCppIf: decoding and unzip finish
07-09 22:47:21.005 31737 31737 D SecNativeFeatureCppIf: use unCompDataBuff. encoded
07-09 22:47:21.005 31737 31737 D SecNativeFeatureCppIf: Free unCompDataBuff
07-09 22:47:21.032 31732 31732 D ViewRootImpl@4b55eb3[MainActivity]: dispatchAttachedToWindow
07-09 22:47:21.033  3446  3446 I SurfaceFlinger: Display 0 HWC layers:
07-09 22:47:21.033  3446  3446 I SurfaceFlinger:     type    |    handle    | flag |  format   |   source crop (l,t,r,b)    |         frame       | name 
07-09 22:47:21.033  3446  3446 I SurfaceFlinger: ------------+--------------+------+-----------+----------------------------+---------------------+------
07-09 22:47:21.033  3446  3446 I SurfaceFlinger:      Device | 0x77ee225200 | 0002 | RGBA_8888 |   0.0    0.0  720.0 1280.0 |    0    0  720 1280 | Splash Screen com.example.batterymanager_utility#0
07-09 22:47:21.033  3446  3446 I SurfaceFlinger:      Device | 0x77ee224600 | 0000 | RGBA_8888 |   0.0    0.0  720.0   42.0 |    0    0  720   42 | StatusBar#0
07-09 22:47:21.033  3446  3446 I SurfaceFlinger: 
07-09 22:47:21.047  3961  4025 I WindowManager: Destroying surface Surface(name=com.sec.android.app.launcher/com.sec.android.app.launcher.activities.LauncherActivity) called by com.android.server.wm.WindowStateAnimator.destroySurface:2501 com.android.server.wm.WindowStateAnimator.destroySurfaceLocked:985 com.android.server.wm.WindowState.destroyOrSaveSurfaceUnchecked:3670 com.android.server.wm.WindowState.destroySurface:3618 com.android.server.wm.AppWindowToken.destroySurfaces:722 com.android.server.wm.AppWindowToken.destroySurfaces:706 com.android.server.wm.WindowState.onExitAnimationDone:5316 com.android.server.wm.AppWindowAnimator.stepAnimationLocked:508 
07-09 22:47:21.047  3446  3768 I SurfaceFlinger: id=545 Removed com.sec.android.app.launcher/com.sec.android.app.launcher.activities.LauncherActivity#0 (1/4)
07-09 22:47:21.051  3446  3486 I SurfaceFlinger: id=545 Removed com.sec.android.app.launcher/com.sec.android.app.launcher.activities.LauncherActivity#0 (-2/4)
07-09 22:47:21.052  4349  4363 D WallpaperService: dispatchAppVisibility onVisibilityChanged(): false
07-09 22:47:21.053  4349  4349 D ImageWallpaper: onVisibilityChanged: mVisible, visible=true, false
07-09 22:47:21.053  4349  4349 D ImageWallpaper: Visibility changed to visible=false
07-09 22:47:21.053  4349  4349 D WallpaperService: reportVisibility onVisibilityChanged visible: false
07-09 22:47:21.062  3446  3446 I Layer   : id=545 onRemoved com.sec.android.app.launcher/com.sec.android.app.launcher.activities.LauncherActivity#0 
07-09 22:47:21.085  3961  7880 V WindowManager: Relayout Window{b212385 u0 com.example.batterymanager_utility/com.example.batterymanager_utility.MainActivity}: viewVisibility=0 req=719x1237 WM.LayoutParams{(0,0)(fillxfill) sim=#120 ty=1 fl=#81810100 pfl=0x20000 wanim=0x10302fd vsysui=0x600 needsMenuKey=2 colorMode=0 naviIconColor=0}
07-09 22:47:21.086  3446  3446 I SurfaceFlinger: id=547 createSurf (720x1280),1 flag=404, com.example.batterymanager_utility/com.example.batterymanager_utility.MainActivity#0
07-09 22:47:21.087  3961  7880 V Surface : sf_framedrop debug : 0x4f4c, game : false, logging : 0
07-09 22:47:21.092  3961  7880 D InputDispatcher: Focus entered window: 31732
07-09 22:47:21.096 31732 31732 V Surface : sf_framedrop debug : 0x4f4c, game : false, logging : 0
07-09 22:47:21.097 31732 31732 D ViewRootImpl@4b55eb3[MainActivity]: Relayout returned: old=[0,0][0,0] new=[0,0][720,1280] result=0x7 surface={valid=true 541310111744} changed=true
07-09 22:47:21.103 31732 31752 I OpenGLRenderer: Initialized EGL, version 1.4
07-09 22:47:21.103 31732 31752 D OpenGLRenderer: Swap behavior 2
07-09 22:47:21.108 31732 31752 D libGLESv1: STS_GLApi : DTS, ODTC are not allowed for Package : com.example.batterymanager_utility
07-09 22:47:21.110 31732 31752 D mali_winsys: EGLint new_window_surface(egl_winsys_display *, void *, EGLSurface, EGLConfig, egl_winsys_surface **, egl_color_buffer_format *, EGLBoolean) returns 0x3000,  [720x1280]-format:1
07-09 22:47:21.110 31732 31752 D OpenGLRenderer: eglCreateWindowSurface = 0x7de4acf900
07-09 22:47:21.117 31732 31732 D Compose Focus: Owner FocusChanged(true)
07-09 22:47:21.127 31737 31737 D ICU     : Timezone override file found: /data/misc/zoneinfo/current/icu/icu_tzdata.dat
07-09 22:47:21.144 31737 31737 I app_process: find the special shared library, skip check
07-09 22:47:21.173 31737 31737 D SemCscFeature: Encoded
07-09 22:47:21.176 31737 31737 I chatty  : uid=2000(shell) identical 2 lines
07-09 22:47:21.177 31737 31737 D SemCscFeature: Encoded
07-09 22:47:21.179 31737 31737 E SemAffinityControl: SemAffinityControl: registerfunction enter
07-09 22:47:21.185 31737 31737 D AndroidRuntime: Calling main entry com.android.commands.monkey.Monkey
07-09 22:47:21.188  3961  7880 V WindowManager: finishDrawingLocked: mDrawState=COMMIT_DRAW_PENDING Window{b212385 u0 com.example.batterymanager_utility/com.example.batterymanager_utility.MainActivity} in Surface(name=com.example.batterymanager_utility/com.example.batterymanager_utility.MainActivity)
07-09 22:47:21.190 31732 31732 D ViewRootImpl@4b55eb3[MainActivity]: MSG_RESIZED_REPORT: frame=Rect(0, 0 - 720, 1280) ci=Rect(0, 42 - 0, 0) vi=Rect(0, 42 - 0, 0) or=1
07-09 22:47:21.191 31732 31732 D ViewRootImpl@4b55eb3[MainActivity]: MSG_WINDOW_FOCUS_CHANGED 1
07-09 22:47:21.193  3961  4025 D ViewRootImpl@735841b[batterymanager_utility]: dispatchDetachedFromWindow
07-09 22:47:21.193  3961  4025 D InputEventReceiver: channel '7eba9b8 Splash Screen com.example.batterymanager_utility (client)' ~ Disposing input event receiver.
07-09 22:47:21.193  3961  4025 D InputEventReceiver: channel '7eba9b8 Splash Screen com.example.batterymanager_utility (client)' ~NativeInputEventReceiver.
07-09 22:47:21.197 31732 31732 V InputMethodManager: Starting input: tba=android.view.inputmethod.EditorInfo@e1f5cd6 nm : com.example.batterymanager_utility ic=null
07-09 22:47:21.197 31732 31732 I InputMethodManager: startInputInner - mService.startInputOrWindowGainedFocus
07-09 22:47:21.198  3961  4645 D InputMethodManagerService: startInputOrWindowGainedFocus : windowGainedFocus 
07-09 22:47:21.198  3961  4645 D InputMethodManagerService: windowGainedFocus: destinationUserId (getCallingUid) = 0
07-09 22:47:21.198  3961  4645 D InputMethodManagerService: windowGainedFocus: currentUserId=0
07-09 22:47:21.198  3961  4645 D InputMethodManagerService: windowGainedFocus: mCurrentFocusedUserId=0
07-09 22:47:21.198  3961  4645 D InputMethodManagerService: windowGainedFocus : lock - currentUserId = 0 destinationUserId = 0
07-09 22:47:21.198  3961  4645 D InputMethodManagerService: windowGainedFocus : mCurrentFocusedUserId - 0 and mSecureKeypadEnabled - false, userSwitched - false
07-09 22:47:21.199  3961  4645 V InputMethodManagerService: windowGainedFocus : reason=WINDOW_FOCUS_GAIN client=android.os.BinderProxy@d111def inputContext=null missingMethods= attribute=android.view.inputmethod.EditorInfo@378f0e8 nm = com.example.batterymanager_utility controlFlags=#105 softInputMode=#120 windowFlags=#81810100
07-09 22:47:21.199  3961  4645 V InputMethodManagerService: hideCurrentInputLocked : shouldHideSoftInput is false
07-09 22:47:21.199  3961  4645 D InputMethodManagerService: isImeSwitcherDisabledPackage : false
07-09 22:47:21.200  3961  4645 V InputMethodManagerService: Creating new session for client ClientState{f557301 uid 10168 pid 31732}
07-09 22:47:21.200  3961  3986 I ActivityManager: Displayed com.example.batterymanager_utility/.MainActivity: +695ms
07-09 22:47:21.201  3961  3986 D CustomFrequencyManagerService: acquireDVFSLockLocked : type : DVFS_MIN_LIMIT  frequency : 1560000  uid : 1000  pid : 3961  pkgName : AMS_RESUME_TAIL@CPU_MIN@61
07-09 22:47:21.201  3961  3986 D ActivityManagerPerformance: AMP_acquire() TAIL
07-09 22:47:21.201  3961  3986 D CustomFrequencyManagerService: releaseDVFSLockLocked : Getting Lock type frm List : DVFS_MIN_LIMIT  frequency : 1560000  uid : 1000  pid : 3961  tag : AMS_APP_SWITCH@CPU_MIN@55
07-09 22:47:21.202  3961  3986 D ActivityManagerPerformance: AMP_release() APP_SWITCH
07-09 22:47:21.202  3961  4645 D InputMethodManagerService: setCurrentInputInfo - inputContext : null eidtorInfo : android.view.inputmethod.EditorInfo@378f0e8 missingMethods : 0
07-09 22:47:21.203  4336  4336 I InputMethodWrapper:  call dispatchStartInputWithToken
07-09 22:47:21.203  4336  4336 I InputMethodService: dispatchStartInputWithToken
07-09 22:47:21.203  4336  4336 I SKBD    : SamsungKeypad [IMI] onStartInput - caller pid : 31732, caller uid : 10168
07-09 22:47:21.218  3961  3977 W BroadcastQueue: Skipping deliver [background] BroadcastRecord{c004632 u-1 android.net.conn.CONNECTIVITY_CHANGE} to ReceiverList{e2d4f83 31737 (unknown name)/2000/u-1 remote:6603394}: process gone or crashing
07-09 22:47:21.221 31732 31732 V InputMethodManager: Starting input: tba=android.view.inputmethod.EditorInfo@527eb57 nm : com.example.batterymanager_utility ic=null
07-09 22:47:21.231  5254  5254 D StageManager: saved stages : inStack [1] , outStack[2]
07-09 22:47:21.233  3446  3446 I SurfaceFlinger: Display 0 HWC layers:
07-09 22:47:21.233  3446  3446 I SurfaceFlinger:     type    |    handle    | flag |  format   |   source crop (l,t,r,b)    |         frame       | name 
07-09 22:47:21.233  3446  3446 I SurfaceFlinger: ------------+--------------+------+-----------+----------------------------+---------------------+------
07-09 22:47:21.233  3446  3446 I SurfaceFlinger:      Device | 0x77ee2252c0 | 0002 | RGBA_8888 |   0.0    0.0  720.0 1280.0 |    0    0  720 1280 | com.example.batterymanager_utility/c[...]atterymanager_utility.MainActivity#0
07-09 22:47:21.233  3446  3446 I SurfaceFlinger:      Device | 0x77ee225200 | 0002 | RGBA_8888 |   0.0    0.0  720.0 1280.0 |    0    0  720 1280 | Splash Screen com.example.batterymanager_utility#0
07-09 22:47:21.233  3446  3446 I SurfaceFlinger:      Device | 0x77ee224600 | 0000 | RGBA_8888 |   0.0    0.0  720.0   42.0 |    0    0  720   42 | StatusBar#0
07-09 22:47:21.233  3446  3446 I SurfaceFlinger: 
07-09 22:47:21.240  3961  4645 I ActivityManager: START u0 {act=android.intent.action.MAIN typ=null flg=0x10200000 cmp=ComponentInfo{e.www.writelocaltest/e.www.writelocaltest.MainActivity}} from uid 2000
07-09 22:47:21.241  3961  4645 W Binder  : Outgoing transactions from this process must be FLAG_ONEWAY
07-09 22:47:21.241  3961  4645 W Binder  : java.lang.Throwable
07-09 22:47:21.241  3961  4645 W Binder  : 	at android.os.BinderProxy.transact(Binder.java:744)
07-09 22:47:21.241  3961  4645 W Binder  : 	at android.app.IActivityController$Stub$Proxy.activityStarting(IActivityController.java:172)
07-09 22:47:21.241  3961  4645 W Binder  : 	at com.android.server.am.ActivityStarter.startActivity(ActivityStarter.java:648)
07-09 22:47:21.241  3961  4645 W Binder  : 	at com.android.server.am.ActivityStarter.startActivityLocked(ActivityStarter.java:410)
07-09 22:47:21.241  3961  4645 W Binder  : 	at com.android.server.am.ActivityStarter.startActivityMayWait(ActivityStarter.java:1283)
07-09 22:47:21.241  3961  4645 W Binder  : 	at com.android.server.am.ActivityManagerService.startActivityAsUser(ActivityManagerService.java:6033)
07-09 22:47:21.241  3961  4645 W Binder  : 	at com.android.server.am.ActivityManagerService.startActivity(ActivityManagerService.java:5885)
07-09 22:47:21.241  3961  4645 W Binder  : 	at android.app.IActivityManager$Stub.onTransact(IActivityManager.java:121)
07-09 22:47:21.241  3961  4645 W Binder  : 	at com.android.server.am.ActivityManagerService.onTransact(ActivityManagerService.java:3861)
07-09 22:47:21.241  3961  4645 W Binder  : 	at android.os.Binder.execTransact(Binder.java:682)
07-09 22:47:21.243  3961  4645 D CustomFrequencyManagerService: acquireDVFSLockLocked : type : DVFS_MIN_LIMIT  frequency : 1560000  uid : 1000  pid : 3961  pkgName : AMS_APP_SWITCH@CPU_MIN@55
07-09 22:47:21.243  3961  4645 D ActivityManagerPerformance: AMP_acquire() APP_SWITCH
07-09 22:47:21.243  3961  5009 D ActivityManagerPerformance: Received MSG_CFMS_HINT_AMS_SWITCH pkgName: e.www.writelocaltest
07-09 22:47:21.250  3961  4647 V WindowManager: rotationForOrientationLw(orient=-1, last=0); user=0  sensorRotation=-1 mLidState=-1 mDockMode=0 mHdmiPlugged=false
07-09 22:47:21.253  3961  4647 V WindowManager: rotationForOrientationLw(orient=-1, last=0); user=0  sensorRotation=-1 mLidState=-1 mDockMode=0 mHdmiPlugged=false
07-09 22:47:21.253  3961  4645 D ActivityManager: isScaleDownAnimationEnabled() : false
07-09 22:47:21.254  3961  4645 D StorageManagerService: getExternalStorageMountMode : 3
07-09 22:47:21.254  3961  4645 D StorageManagerService: getExternalStorageMountMode : 3
07-09 22:47:21.254  3961  4025 D ViewRootImpl@e5a8cd7[writelocaltest]: setView = DecorView@dc730ad[writelocaltest] TM=true MM=false
07-09 22:47:21.255  3961  4645 D StorageManagerService: getExternalStorageMountMode : final mountMode=3, uid : 10177, packageName : e.www.writelocaltest
07-09 22:47:21.255  3961  4645 I ApplicationPolicy: isApplicationExternalStorageWhitelisted:e.www.writelocaltest user:0
07-09 22:47:21.255  3961  4645 D ApplicationPolicy: isApplicationExternalStorageWhitelisted: DO is not enabled on user 0. Allowed.
07-09 22:47:21.255  3961  4645 D ActivityManager: package  e.www.writelocaltest, user - 0 is SDcard whitelisted
07-09 22:47:21.255  3961  4645 I ApplicationPolicy: isApplicationExternalStorageBlacklisted:e.www.writelocaltest user:0
07-09 22:47:21.255  3961  4645 D ApplicationPolicy: isApplicationExternalStorageBlacklisted: DO is not enabled on user 0. Allowed.
07-09 22:47:21.263  3961  4025 D ViewRootImpl@e5a8cd7[writelocaltest]: dispatchAttachedToWindow
07-09 22:47:21.264  3961  4025 V WindowManager: Relayout Window{8c1a9c4 u0 Splash Screen e.www.writelocaltest}: viewVisibility=0 req=719x1237 WM.LayoutParams{(0,0)(fillxfill) sim=#20 ty=3 fl=#81830118 pfl=0x20011 wanim=0x10302fd vsysui=0x600 needsMenuKey=2 colorMode=0 naviIconColor=0}
07-09 22:47:21.265  3961  4645 I ActivityManager: Start proc 31777:e.www.writelocaltest/u0a177 for activity e.www.writelocaltest/.MainActivity
07-09 22:47:21.266  3446  3446 I SurfaceFlinger: id=548 createSurf (720x1280),1 flag=404, Splash Screen e.www.writelocaltest#0
07-09 22:47:21.267 31777 31777 E Zygote  : isWhitelistProcess - Process is Whitelisted
07-09 22:47:21.267  3961  4025 V Surface : sf_framedrop debug : 0x4f4c, game : false, logging : 0
07-09 22:47:21.267 31777 31777 E libpersona: scanKnoxPersonas
07-09 22:47:21.267 31777 31777 E libpersona: Couldn't open the File - /data/system/users/0/personalist.xml - No such file or directory
07-09 22:47:21.269 31777 31777 W SELinux : SELinux selinux_android_compute_policy_index : Policy Index[2],  Con:u:r:zygote:s0 RAM:SEPF_SM-J720F_8.0.0_0002, [-1 -1 -1 -1 0 1]
07-09 22:47:21.269  3961  4025 D ViewRootImpl@e5a8cd7[writelocaltest]: Relayout returned: old=[0,0][0,0] new=[0,0][720,1280] result=0x7 surface={valid=true 540233474048} changed=true
07-09 22:47:21.269 31777 31777 I SELinux : SELinux: seapp_context_lookup: seinfo=untrusted, level=s0:c512,c768, pkgname=e.www.writelocaltest 
07-09 22:47:21.271 31777 31777 I zygote64: Late-enabling -Xcheck:jni
07-09 22:47:21.277 31737 31737 I com.android.commands.monkey: System.exit called, status: 0
07-09 22:47:21.277  3961  3978 V WindowManager: rotationForOrientationLw(orient=-1, last=0); user=0  sensorRotation=-1 mLidState=-1 mDockMode=0 mHdmiPlugged=false
07-09 22:47:21.277 31737 31737 I AndroidRuntime: VM exiting with result code 0.
07-09 22:47:21.282  3961  3978 V WindowManager: rotationForOrientationLw(orient=-1, last=0); user=0  sensorRotation=-1 mLidState=-1 mDockMode=0 mHdmiPlugged=false
07-09 22:47:21.289  3961  4025 V WindowManager: finishDrawingLocked: mDrawState=COMMIT_DRAW_PENDING Window{8c1a9c4 u0 Splash Screen e.www.writelocaltest} in Surface(name=Splash Screen e.www.writelocaltest)
07-09 22:47:21.289  3961  4025 D ViewRootImpl@e5a8cd7[writelocaltest]: MSG_RESIZED_REPORT: frame=Rect(0, 0 - 720, 1280) ci=Rect(0, 42 - 0, 0) vi=Rect(0, 42 - 0, 0) or=1
07-09 22:47:21.309 31777 31777 D TimaKeyStoreProvider: TimaKeyStore is not enabled: cannot add TimaSignature Service and generateKeyPair Service
07-09 22:47:21.309 31777 31777 D ActivityThread: Added TimaKeyStore provider
07-09 22:47:21.312  3961  4645 I ActivityManager: DSS on for e.www.writelocaltest and scale is 1.0
07-09 22:47:21.318  3961  4645 D PersonaManagerService: Current focused persona service handled id set to : 0
07-09 22:47:21.318  3961  4645 D InputDispatcher: Focused application set to: xxxx
07-09 22:47:21.319  3961  4645 D InputDispatcher: Focus left window: 31732
07-09 22:47:21.320  3961  4210 D GameManagerService: handleForegroundChange(). pkgName: e.www.writelocaltest, clsName: e.www.writelocaltest.MainActivity,FgActivityName:e.www.writelocaltest/.MainActivity
07-09 22:47:21.320  3961  4645 D MARsPolicyManager: onPackageResumedFG pkgName = e.www.writelocaltest, userId = 0
07-09 22:47:21.320  3961  4210 D GameManagerService: sem_perfomance_mode: 3
07-09 22:47:21.320  3961  4210 D GameManagerService: notifyResumePause(). pkg: e.www.writelocaltest, type: 4, isMinimized: false, isTunableApp: false
07-09 22:47:21.320  3961  4210 D GameManagerService:   notifyResumePause(). unexpected mPrevNotiType: -1
07-09 22:47:21.331  3446  3446 V Surface : sf_framedrop debug : 0x4f4c, game : false, logging : 0
07-09 22:47:21.332 31732 31752 D OpenGLRenderer: eglDestroySurface = 0x7de4acf900
07-09 22:47:21.343  3961  4645 D TaskSnapshotCache: putSnapshot mTaskId=446 RunningCache size=1
07-09 22:47:21.346  3446  3446 I SurfaceFlinger: id=549 createSurf (16x16),-1 flag=20004, animation background stackId=1#0
07-09 22:47:21.358 31777 31777 I zygote64: no shared libraies, dex_files: 1
07-09 22:47:21.363  3961  7880 V WindowManager: Relayout Window{b212385 u0 com.example.batterymanager_utility/com.example.batterymanager_utility.MainActivity}: viewVisibility=8 req=720x1280 WM.LayoutParams{(0,0)(fillxfill) sim=#120 ty=1 fl=#81810100 pfl=0x20000 wanim=0x10302fd vsysui=0x600 needsMenuKey=2 colorMode=0 naviIconColor=0}
07-09 22:47:21.368  3446  3446 I SurfaceFlinger: Display 0 HWC layers:
07-09 22:47:21.368  3446  3446 I SurfaceFlinger:     type    |    handle    | flag |  format   |   source crop (l,t,r,b)    |         frame       | name 
07-09 22:47:21.368  3446  3446 I SurfaceFlinger: ------------+--------------+------+-----------+----------------------------+---------------------+------
07-09 22:47:21.368  3446  3446 I SurfaceFlinger:      Client |              | 0000 |  Unknown  |  -0.2   -0.2   -0.8   -0.8 |    0    0  720 1280 | animation background stackId=1#0
07-09 22:47:21.368  3446  3446 I SurfaceFlinger:      Client | 0x77ee2252c0 | 0002 | RGBA_8888 |   0.0    0.0  720.0 1280.0 |    0    0  720 1279 | com.example.batterymanager_utility/c[...]atterymanager_utility.MainActivity#0
07-09 22:47:21.368  3446  3446 I SurfaceFlinger:      Device | 0x77ee225200 | 0002 | RGBA_8888 |   0.0    0.0  720.0 1280.0 |    0    0  720 1279 | Splash Screen com.example.batterymanager_utility#0
07-09 22:47:21.368  3446  3446 I SurfaceFlinger:      Device | 0x77ee224600 | 0000 | RGBA_8888 |   0.0    0.0  720.0   42.0 |    0    0  720   42 | StatusBar#0
07-09 22:47:21.368  3446  3446 I SurfaceFlinger: 
07-09 22:47:21.370 31732 31732 D ViewRootImpl@4b55eb3[MainActivity]: Relayout returned: old=[0,0][720,1280] new=[0,0][720,1280] result=0x5 surface={valid=false 0} changed=true
07-09 22:47:21.371 31732 31732 D ViewRootImpl@4b55eb3[MainActivity]: MSG_WINDOW_FOCUS_CHANGED 0
07-09 22:47:21.371  3961  6555 D GamePkgDataHelper: getGamePkgDataIncServer(). e.www.writelocaltest
07-09 22:47:21.373  3961  3978 D WindowManager: set systemUiVisibility : systemUiFlags= 0x608 fullscreenStackSysUiFlags= 0x0
07-09 22:47:21.373  3961  6555 D GameManagerService: identifyGamePackage. e.www.writelocaltest
07-09 22:47:21.373  3961  6555 D GamePkgDataHelper: getGamePkgData(). e.www.writelocaltest
07-09 22:47:21.374  3961  6555 D GameManagerService: identifyGamePackage. e.www.writelocaltest
07-09 22:47:21.374  3961  6555 D GamePkgDataHelper: getGamePkgData(). e.www.writelocaltest
07-09 22:47:21.374  3961  6555 D GamePkgDataHelper: getSosPolicy(). e.www.writelocaltest
07-09 22:47:21.375  3961  6555 D GameManagerService: identifyGamePackage. e.www.writelocaltest
07-09 22:47:21.375  3961  6555 D GamePkgDataHelper: getGamePkgData(). e.www.writelocaltest
07-09 22:47:21.376  3961  6555 D GameManagerService: identifyGamePackage. e.www.writelocaltest
07-09 22:47:21.376  3961  6555 D GamePkgDataHelper: getGamePkgData(). e.www.writelocaltest
07-09 22:47:21.379  4349  4361 D SystemServicesProxy: updateOverviewLastStackActiveTimeAsync: newTime=1688934831679
07-09 22:47:21.380  3961  4645 D SecContentProvider: query(), uri = 17 selection = isSettingsChangesAllowed
07-09 22:47:21.380  3961  4645 D SecContentProvider: called from android.uid.systemui:10009
07-09 22:47:21.381  3961  4025 I WindowManager: Destroying surface Surface(name=Splash Screen com.example.batterymanager_utility) called by com.android.server.wm.WindowStateAnimator.destroySurface:2501 com.android.server.wm.WindowStateAnimator.destroySurfaceLocked:985 com.android.server.wm.WindowState.destroyOrSaveSurfaceUnchecked:3670 com.android.server.wm.WindowState.destroySurface:3618 com.android.server.wm.AppWindowToken.destroySurfaces:722 com.android.server.wm.AppWindowToken.destroySurfaces:706 com.android.server.wm.WindowState.onExitAnimationDone:5316 com.android.server.wm.WindowStateAnimator.stepAnimationLocked:550 
07-09 22:47:21.381  4349  4549 D SystemServicesProxy: updateOverviewLastStackActiveTimeAsync: done.
07-09 22:47:21.381  3446  3486 I SurfaceFlinger: id=546 Removed Splash Screen com.example.batterymanager_utility#0 (4/6)
07-09 22:47:21.383  3446  3446 I SurfaceFlinger: Display 0 HWC layers:
07-09 22:47:21.383  3446  3446 I SurfaceFlinger:     type    |    handle    | flag |  format   |   source crop (l,t,r,b)    |         frame       | name 
07-09 22:47:21.383  3446  3446 I SurfaceFlinger: ------------+--------------+------+-----------+----------------------------+---------------------+------
07-09 22:47:21.383  3446  3446 I SurfaceFlinger:      Client |              | 0000 |  Unknown  |  -0.2   -0.2   -0.8   -0.8 |    0    0  720 1280 | animation background stackId=1#0
07-09 22:47:21.383  3446  3446 I SurfaceFlinger:      Client | 0x77ee2252c0 | 0002 | RGBA_8888 |   0.0    0.0  720.0 1280.0 |    2    3  719 1277 | com.example.batterymanager_utility/c[...]atterymanager_utility.MainActivity#0
07-09 22:47:21.383  3446  3446 I SurfaceFlinger:      Device | 0x77ee224600 | 0000 | RGBA_8888 |   0.0    0.0  720.0   42.0 |    0    0  720   42 | StatusBar#0
07-09 22:47:21.383  3446  3446 I SurfaceFlinger: 
07-09 22:47:21.386  3446  3487 I SurfaceFlinger: id=546 Removed Splash Screen com.example.batterymanager_utility#0 (-2/6)
07-09 22:47:21.389  3961  4647 D PackageManager: getComponentMetadataForIconTray : com.example.batterymanager_utility.MainActivity does not exist in mServices
07-09 22:47:21.389  3961  4647 D PackageManager: getComponentMetadataForIconTray : com.example.batterymanager_utility.MainActivity does not exist in mProviders
07-09 22:47:21.389  3961  4647 D PackageManager: getComponentMetadataForIconTray : com.example.batterymanager_utility.MainActivity does not exist in mReceivers
07-09 22:47:21.390  4349  4361 D ApplicationPackageManager: updateItemMetaDataForFixedIconScale: package: com.example.batterymanager_utility
07-09 22:47:21.390  3961  4647 D PackageManager: getSelectedMetaData : packageName(com.example.batterymanager_utility) or Metadata strings {[Ljava.lang.String;@b2a6d5c}
07-09 22:47:21.391  4349  4361 I ApplicationPackageManager: load=com.example.batterymanager_utility, bg=144-144, dr=189-189, forDefault=true, density=0
07-09 22:47:21.394  4349  4361 I ApplicationPackageManager: scaled rate=0.72, size=189, alpha=54, hold=102
07-09 22:47:21.394  4349  4361 D ApplicationPackageManager: iconScale: getScale(): 0.72 getAlpha(): 54
07-09 22:47:21.396  4349  4361 I ApplicationPackageManager: load=com.example.batterymanager_utility-contain, bg=112-112, dr=189-189
07-09 22:47:21.396  3446  3446 I Layer   : id=546 onRemoved Splash Screen com.example.batterymanager_utility#0 
07-09 22:47:21.447 31777 31777 I zygote64: Rejecting re-init on previously-failed class java.lang.Class<androidx.core.view.ViewCompat$2>: java.lang.NoClassDefFoundError: Failed resolution of: Landroid/view/View$OnUnhandledKeyEventListener;
07-09 22:47:21.447 31777 31777 I zygote64:   at void androidx.core.view.ViewCompat.setOnApplyWindowInsetsListener(android.view.View, androidx.core.view.OnApplyWindowInsetsListener) (ViewCompat.java:2436)
07-09 22:47:21.447 31777 31777 I zygote64:   at android.view.ViewGroup androidx.appcompat.app.AppCompatDelegateImpl.createSubDecor() (AppCompatDelegateImpl.java:779)
07-09 22:47:21.447 31777 31777 I zygote64:   at void androidx.appcompat.app.AppCompatDelegateImpl.ensureSubDecor() (AppCompatDelegateImpl.java:659)
07-09 22:47:21.447 31777 31777 I zygote64:   at void androidx.appcompat.app.AppCompatDelegateImpl.setContentView(int) (AppCompatDelegateImpl.java:552)
07-09 22:47:21.447 31777 31777 I zygote64:   at void androidx.appcompat.app.AppCompatActivity.setContentView(int) (AppCompatActivity.java:161)
07-09 22:47:21.447 31777 31777 I zygote64:   at void e.www.writelocaltest.MainActivity.onCreate(android.os.Bundle) (MainActivity.kt:34)
07-09 22:47:21.447 31777 31777 I zygote64:   at void android.app.Activity.performCreate(android.os.Bundle) (Activity.java:7174)
07-09 22:47:21.447 31777 31777 I zygote64:   at void android.app.Instrumentation.callActivityOnCreate(android.app.Activity, android.os.Bundle) (Instrumentation.java:1220)
07-09 22:47:21.447 31777 31777 I zygote64:   at android.app.Activity android.app.ActivityThread.performLaunchActivity(android.app.ActivityThread$ActivityClientRecord, android.content.Intent) (ActivityThread.java:2910)
07-09 22:47:21.447 31777 31777 I zygote64:   at void android.app.ActivityThread.handleLaunchActivity(android.app.ActivityThread$ActivityClientRecord, android.content.Intent, java.lang.String) (ActivityThread.java:3032)
07-09 22:47:21.447 31777 31777 I zygote64:   at void android.app.ActivityThread.-wrap11(android.app.ActivityThread, android.app.ActivityThread$ActivityClientRecord, android.content.Intent, java.lang.String) (ActivityThread.java:-1)
07-09 22:47:21.447 31777 31777 I zygote64:   at void android.app.ActivityThread$H.handleMessage(android.os.Message) (ActivityThread.java:1696)
07-09 22:47:21.447 31777 31777 I zygote64:   at void android.os.Handler.dispatchMessage(android.os.Message) (Handler.java:105)
07-09 22:47:21.447 31777 31777 I zygote64:   at void android.os.Looper.loop() (Looper.java:164)
07-09 22:47:21.447 31777 31777 I zygote64:   at void android.app.ActivityThread.main(java.lang.String[]) (ActivityThread.java:6940)
07-09 22:47:21.447 31777 31777 I zygote64:   at java.lang.Object java.lang.reflect.Method.invoke(java.lang.Object, java.lang.Object[]) (Method.java:-2)
07-09 22:47:21.447 31777 31777 I zygote64:   at void com.android.internal.os.Zygote$MethodAndArgsCaller.run() (Zygote.java:327)
07-09 22:47:21.447 31777 31777 I zygote64:   at void com.android.internal.os.ZygoteInit.main(java.lang.String[]) (ZygoteInit.java:1374)
07-09 22:47:21.447 31777 31777 I zygote64: Caused by: java.lang.ClassNotFoundException: Didn't find class "android.view.View$OnUnhandledKeyEventListener" on path: DexPathList[[zip file "/data/app/e.www.writelocaltest-KNkBXqXrjsuOtMOVB_qiyQ==/base.apk"],nativeLibraryDirectories=[/data/app/e.www.writelocaltest-KNkBXqXrjsuOtMOVB_qiyQ==/lib/arm64, /system/lib64, /vendor/lib64]]
07-09 22:47:21.447 31777 31777 I zygote64:   at java.lang.Class dalvik.system.BaseDexClassLoader.findClass(java.lang.String) (BaseDexClassLoader.java:93)
07-09 22:47:21.447 31777 31777 I zygote64:   at java.lang.Class java.lang.ClassLoader.loadClass(java.lang.String, boolean) (ClassLoader.java:379)
07-09 22:47:21.447 31777 31777 I zygote64:   at java.lang.Class java.lang.ClassLoader.loadClass(java.lang.String) (ClassLoader.java:312)
07-09 22:47:21.447 31777 31777 I zygote64:   at void androidx.core.view.ViewCompat.setOnApplyWindowInsetsListener(android.view.View, androidx.core.view.OnApplyWindowInsetsListener) (ViewCompat.java:2436)
07-09 22:47:21.447 31777 31777 I zygote64:   at android.view.ViewGroup androidx.appcompat.app.AppCompatDelegateImpl.createSubDecor() (AppCompatDelegateImpl.java:779)
07-09 22:47:21.447 31777 31777 I zygote64:   at void androidx.appcompat.app.AppCompatDelegateImpl.ensureSubDecor() (AppCompatDelegateImpl.java:659)
07-09 22:47:21.447 31777 31777 I zygote64:   at void androidx.appcompat.app.AppCompatDelegateImpl.setContentView(int) (AppCompatDelegateImpl.java:552)
07-09 22:47:21.447 31777 31777 I zygote64:   at void androidx.appcompat.app.AppCompatActivity.setContentView(int) (AppCompatActivity.java:161)
07-09 22:47:21.447 31777 31777 I zygote64:   at void e.www.writelocaltest.MainActivity.onCreate(android.os.Bundle) (MainActivity.kt:34)
07-09 22:47:21.447 31777 31777 I zygote64:   at void android.app.Activity.performCreate(android.os.Bundle) (Activity.java:7174)
07-09 22:47:21.447 31777 31777 I zygote64:   at void android.app.Instrumentation.callActivityOnCreate(android.app.Activity, android.os.Bundle) (Instrumentation.java:1220)
07-09 22:47:21.447 31777 31777 I zygote64:   at android.app.Activity android.app.ActivityThread.performLaunchActivity(android.app.ActivityThread$ActivityClientRecord, android.content.Intent) (ActivityThread.java:2910)
07-09 22:47:21.447 31777 31777 I zygote64:   at void android.app.ActivityThread.handleLaunchActivity(android.app.ActivityThread$ActivityClientRecord, android.content.Intent, java.lang.String) (ActivityThread.java:3032)
07-09 22:47:21.447 31777 31777 I zygote64:   at void android.app.ActivityThread.-wrap11(android.app.ActivityThread, android.app.ActivityThread$ActivityClientRecord, android.content.Intent, java.lang.String) (ActivityThread.java:-1)
07-09 22:47:21.447 31777 31777 I zygote64:   at void android.app.ActivityThread$H.handleMessage(android.os.Message) (ActivityThread.java:1696)
07-09 22:47:21.447 31777 31777 I zygote64:   at void android.os.Handler.dispatchMessage(android.os.Message) (Handler.java:105)
07-09 22:47:21.447 31777 31777 I zygote64:   at void android.os.Looper.loop() (Looper.java:164)
07-09 22:47:21.447 31777 31777 I zygote64:   at void android.app.ActivityThread.main(java.lang.String[]) (ActivityThread.java:6940)
07-09 22:47:21.447 31777 31777 I zygote64:   at java.lang.Object java.lang.reflect.Method.invoke(java.lang.Object, java.lang.Object[]) (Method.java:-2)
07-09 22:47:21.447 31777 31777 I zygote64:   at void com.android.internal.os.Zygote$MethodAndArgsCaller.run() (Zygote.java:327)
07-09 22:47:21.447 31777 31777 I zygote64:   at void com.android.internal.os.ZygoteInit.main(java.lang.String[]) (ZygoteInit.java:1374)
07-09 22:47:21.447 31777 31777 I zygote64: 
07-09 22:47:21.448 31777 31777 I zygote64: Rejecting re-init on previously-failed class java.lang.Class<androidx.core.view.ViewCompat$2>: java.lang.NoClassDefFoundError: Failed resolution of: Landroid/view/View$OnUnhandledKeyEventListener;
07-09 22:47:21.448 31777 31777 I zygote64:   at void androidx.core.view.ViewCompat.setOnApplyWindowInsetsListener(android.view.View, androidx.core.view.OnApplyWindowInsetsListener) (ViewCompat.java:2436)
07-09 22:47:21.448 31777 31777 I zygote64:   at android.view.ViewGroup androidx.appcompat.app.AppCompatDelegateImpl.createSubDecor() (AppCompatDelegateImpl.java:779)
07-09 22:47:21.448 31777 31777 I zygote64:   at void androidx.appcompat.app.AppCompatDelegateImpl.ensureSubDecor() (AppCompatDelegateImpl.java:659)
07-09 22:47:21.448 31777 31777 I zygote64:   at void androidx.appcompat.app.AppCompatDelegateImpl.setContentView(int) (AppCompatDelegateImpl.java:552)
07-09 22:47:21.448 31777 31777 I zygote64:   at void androidx.appcompat.app.AppCompatActivity.setContentView(int) (AppCompatActivity.java:161)
07-09 22:47:21.448 31777 31777 I zygote64:   at void e.www.writelocaltest.MainActivity.onCreate(android.os.Bundle) (MainActivity.kt:34)
07-09 22:47:21.448 31777 31777 I zygote64:   at void android.app.Activity.performCreate(android.os.Bundle) (Activity.java:7174)
07-09 22:47:21.448 31777 31777 I zygote64:   at void android.app.Instrumentation.callActivityOnCreate(android.app.Activity, android.os.Bundle) (Instrumentation.java:1220)
07-09 22:47:21.448 31777 31777 I zygote64:   at android.app.Activity android.app.ActivityThread.performLaunchActivity(android.app.ActivityThread$ActivityClientRecord, android.content.Intent) (ActivityThread.java:2910)
07-09 22:47:21.448 31777 31777 I zygote64:   at void android.app.ActivityThread.handleLaunchActivity(android.app.ActivityThread$ActivityClientRecord, android.content.Intent, java.lang.String) (ActivityThread.java:3032)
07-09 22:47:21.448 31777 31777 I zygote64:   at void android.app.ActivityThread.-wrap11(android.app.ActivityThread, android.app.ActivityThread$ActivityClientRecord, android.content.Intent, java.lang.String) (ActivityThread.java:-1)
07-09 22:47:21.448 31777 31777 I zygote64:   at void android.app.ActivityThread$H.handleMessage(android.os.Message) (ActivityThread.java:1696)
07-09 22:47:21.448 31777 31777 I zygote64:   at void android.os.Handler.dispatchMessage(android.os.Message) (Handler.java:105)
07-09 22:47:21.448 31777 31777 I zygote64:   at void android.os.Looper.loop() (Looper.java:164)
07-09 22:47:21.448 31777 31777 I zygote64:   at void android.app.ActivityThread.main(java.lang.String[]) (ActivityThread.java:6940)
