07-05 13:41:30.170 30428 30522 I BatteryMgr:DataCollectionService: stats => 1688557290170,-271484,4190
07-05 13:41:30.186 30428 30522 I BatteryMgr:DataCollectionService: stats => 1688557290186,-271484,4190
07-05 13:41:30.201 30428 30522 I BatteryMgr:DataCollectionService: stats => 1688557290201,-271484,4190
07-05 13:41:30.216 30428 30522 I BatteryMgr:DataCollectionService: stats => 1688557290216,-271484,4190
07-05 13:41:30.232 30428 30522 I BatteryMgr:DataCollectionService: stats => 1688557290232,-271484,4190
07-05 13:41:30.248 30428 30522 I BatteryMgr:DataCollectionService: stats => 1688557290248,-271484,4190
07-05 13:41:30.263 30428 30522 I BatteryMgr:DataCollectionService: stats => 1688557290263,-271484,4190
07-05 13:41:30.279 30428 30522 I BatteryMgr:DataCollectionService: stats => 1688557290279,-271484,4190
07-05 13:41:30.292 30428 30522 I BatteryMgr:DataCollectionService: stats => 1688557290292,-271484,4190
07-05 13:41:30.306 30428 30522 I BatteryMgr:DataCollectionService: stats => 1688557290306,-271484,4190
07-05 13:41:30.322 30428 30522 I BatteryMgr:DataCollectionService: stats => 1688557290322,-271484,4190
07-05 13:41:30.337 30428 30522 I BatteryMgr:DataCollectionService: stats => 1688557290337,-271484,4190
07-05 13:41:30.352 30428 30522 I BatteryMgr:DataCollectionService: stats => 1688557290352,-271484,4190
07-05 13:41:30.367 30428 30522 I BatteryMgr:DataCollectionService: stats => 1688557290367,-271484,4190
07-05 13:41:30.388 30428 30522 I BatteryMgr:DataCollectionService: stats => 1688557290387,-271484,4190
07-05 13:41:30.402 30428 30522 I BatteryMgr:DataCollectionService: stats => 1688557290402,-271484,4190
07-05 13:41:30.418 30428 30522 I BatteryMgr:DataCollectionService: stats => 1688557290417,-271484,4190
07-05 13:41:30.432 30428 30522 I BatteryMgr:DataCollectionService: stats => 1688557290432,-271484,4190
07-05 13:41:30.450 30428 30522 I BatteryMgr:DataCollectionService: stats => 1688557290450,-271484,4190
07-05 13:41:30.465 30428 30522 I BatteryMgr:DataCollectionService: stats => 1688557290465,-271484,4190
07-05 13:41:30.481 30428 30522 I BatteryMgr:DataCollectionService: stats => 1688557290481,-271484,4190
07-05 13:41:30.497 30428 30522 I BatteryMgr:DataCollectionService: stats => 1688557290497,-271484,4190
07-05 13:41:30.513 30428 30522 I BatteryMgr:DataCollectionService: stats => 1688557290513,-271484,4190
07-05 13:41:30.529 30428 30522 I BatteryMgr:DataCollectionService: stats => 1688557290529,-271484,4190
07-05 13:41:30.544 30428 30522 I BatteryMgr:DataCollectionService: stats => 1688557290544,-271484,4190
07-05 13:41:30.559 30428 30522 I BatteryMgr:DataCollectionService: stats => 1688557290559,-271484,4190
07-05 13:41:30.574 30428 30522 I BatteryMgr:DataCollectionService: stats => 1688557290574,-271484,4190
07-05 13:41:30.591 30428 30522 I BatteryMgr:DataCollectionService: stats => 1688557290591,-271484,4190
07-05 13:41:30.608 30428 30522 I BatteryMgr:DataCollectionService: stats => 1688557290607,-271484,4190
07-05 13:41:30.622 30428 30522 I BatteryMgr:DataCollectionService: stats => 1688557290622,-271484,4190
07-05 13:41:30.638 30428 30522 I BatteryMgr:DataCollectionService: stats => 1688557290638,-271484,4190
07-05 13:41:30.653 30428 30522 I BatteryMgr:DataCollectionService: stats => 1688557290653,-271484,4190
07-05 13:41:30.669 30428 30522 I BatteryMgr:DataCollectionService: stats => 1688557290669,-271484,4190
07-05 13:41:30.686 30428 30522 I BatteryMgr:DataCollectionService: stats => 1688557290686,-271484,4190
07-05 13:41:30.701 30428 30522 I BatteryMgr:DataCollectionService: stats => 1688557290701,-271484,4190
07-05 13:41:30.716 30428 30522 I BatteryMgr:DataCollectionService: stats => 1688557290716,-271484,4190
07-05 13:41:30.733 30428 30522 I BatteryMgr:DataCollectionService: stats => 1688557290733,-271484,4190
07-05 13:41:30.749 30428 30522 I BatteryMgr:DataCollectionService: stats => 1688557290749,-271484,4190
07-05 13:41:30.763 30428 30522 I BatteryMgr:DataCollectionService: stats => 1688557290763,-271484,4190
07-05 13:41:30.779 30428 30522 I BatteryMgr:DataCollectionService: stats => 1688557290779,-271484,4190
07-05 13:41:30.797 30428 30522 I BatteryMgr:DataCollectionService: stats => 1688557290797,-271484,4190
07-05 13:41:30.812 30428 30522 I BatteryMgr:DataCollectionService: stats => 1688557290812,-271484,4190
07-05 13:41:30.827 30428 30522 I BatteryMgr:DataCollectionService: stats => 1688557290827,-271484,4190
07-05 13:41:30.842 30428 30522 I BatteryMgr:DataCollectionService: stats => 1688557290841,-271484,4190
07-05 13:41:30.856 30428 30522 I BatteryMgr:DataCollectionService: stats => 1688557290856,-271484,4190
07-05 13:41:30.873 30428 30522 I BatteryMgr:DataCollectionService: stats => 1688557290873,-271484,4190
07-05 13:41:30.891 30428 30522 I BatteryMgr:DataCollectionService: stats => 1688557290891,-271484,4190
07-05 13:41:30.906 30428 30522 I BatteryMgr:DataCollectionService: stats => 1688557290906,-271484,4190
07-05 13:41:30.921 30428 30522 I BatteryMgr:DataCollectionService: stats => 1688557290921,-271484,4190
07-05 13:41:30.936 30428 30522 I BatteryMgr:DataCollectionService: stats => 1688557290936,-271484,4190
07-05 13:41:30.953 30428 30522 I BatteryMgr:DataCollectionService: stats => 1688557290953,-271484,4190
07-05 13:41:30.969 30428 30522 I BatteryMgr:DataCollectionService: stats => 1688557290969,-271484,4190
07-05 13:41:30.983 30428 30522 I BatteryMgr:DataCollectionService: stats => 1688557290983,-271484,4190
07-05 13:41:30.998 30428 30522 I BatteryMgr:DataCollectionService: stats => 1688557290998,-271484,4190
07-05 13:41:31.013 30428 30522 I BatteryMgr:DataCollectionService: stats => 1688557291013,-271484,4190
07-05 13:41:31.029 30428 30522 I BatteryMgr:DataCollectionService: stats => 1688557291029,-271484,4190
07-05 13:41:31.043 30428 30522 I BatteryMgr:DataCollectionService: stats => 1688557291043,-271484,4190
07-05 13:41:31.059 30428 30522 I BatteryMgr:DataCollectionService: stats => 1688557291059,-271484,4190
07-05 13:41:31.074 30428 30522 I BatteryMgr:DataCollectionService: stats => 1688557291074,-271484,4190
07-05 13:41:31.082  1705  2158 I BatteryService: shutdownIfLowCurrentLocked batteryLevel = 94 , hasChargingCurrent = false(isPowered=false,batteryCurrent=-342,hardware=qcom) , hitShutdownVoltage = true(batteryVoltage=4182,mBatteryMinVoltage=-1) , isSystemReady = true
07-05 13:41:31.086  2395  2395 D QtiCarrierConfigHelper: WARNING, no carrier configs on phone Id: 0
07-05 13:41:31.086  2189  2189 D BatteryController: mPluggedIn = false;mCharging =false; status=3; level=94
07-05 13:41:31.087 25447 25447 I [BatteryProtectApp]: ACTION_BATTERY_CHANGED -> Temprature : 26.0
07-05 13:41:31.087 25447 25447 I [BatteryProtectApp]: DetectBatteryService: MaxTempShutDown : false
07-05 13:41:31.087 25447 25447 I [BatteryProtectApp]: DetectBatteryService: LowTempShutDown : false
07-05 13:41:31.088  2189  2189 I BatteryView: updateShowPercent showPercent: 1 mUseSmallBatteryLevel: false mAllowShowPercentage: true
07-05 13:41:31.088  2189  2189 I BatteryMeterDrawableBase: isHideWaring mHideWaring: false
07-05 13:41:31.088 25447 25447 I [BatteryProtectApp]: IS_SUPPORT_DECREASE_CHARGING : true
07-05 13:41:31.089  2189  2189 I BatteryView: updateShowPercent showPercent: 1 mUseSmallBatteryLevel: false mAllowShowPercentage: true
07-05 13:41:31.090  2189  2189 I BatteryMeterDrawableBase: isHideWaring mHideWaring: false
07-05 13:41:31.090  2189  2189 I BatteryView: updateShowPercent showPercent: 1 mUseSmallBatteryLevel: false mAllowShowPercentage: true
07-05 13:41:31.091  2189  2189 I BatteryMeterDrawableBase: isHideWaring mHideWaring: false
07-05 13:41:31.094 30428 30522 I BatteryMgr:DataCollectionService: stats => 1688557291094,-342773,4182
07-05 13:41:31.109 30428 30522 I BatteryMgr:DataCollectionService: stats => 1688557291109,-342773,4182
07-05 13:41:31.125 30428 30522 I BatteryMgr:DataCollectionService: stats => 1688557291124,-342773,4182
07-05 13:41:31.140 30428 30522 I BatteryMgr:DataCollectionService: stats => 1688557291140,-342773,4182
07-05 13:41:31.155 30428 30522 I BatteryMgr:DataCollectionService: stats => 1688557291155,-342773,4182
07-05 13:41:31.170 30428 30522 I BatteryMgr:DataCollectionService: stats => 1688557291170,-342773,4182
07-05 13:41:31.185 30428 30522 I BatteryMgr:DataCollectionService: stats => 1688557291185,-342773,4182
07-05 13:41:31.201 30428 30522 I BatteryMgr:DataCollectionService: stats => 1688557291201,-342773,4182
07-05 13:41:31.216 30428 30522 I BatteryMgr:DataCollectionService: stats => 1688557291216,-342773,4182
07-05 13:41:31.231 30428 30522 I BatteryMgr:DataCollectionService: stats => 1688557291231,-342773,4182
07-05 13:41:31.246 30428 30522 I BatteryMgr:DataCollectionService: stats => 1688557291246,-342773,4182
07-05 13:41:31.261 30428 30522 I BatteryMgr:DataCollectionService: stats => 1688557291261,-342773,4182
07-05 13:41:31.276 30428 30522 I BatteryMgr:DataCollectionService: stats => 1688557291276,-342773,4182
07-05 13:41:31.297 30428 30522 I BatteryMgr:DataCollectionService: stats => 1688557291297,-342773,4182
07-05 13:41:31.311 30428 30522 I BatteryMgr:DataCollectionService: stats => 1688557291311,-342773,4182
07-05 13:41:31.325 30428 30522 I BatteryMgr:DataCollectionService: stats => 1688557291325,-342773,4182
07-05 13:41:31.339 30428 30522 I BatteryMgr:DataCollectionService: stats => 1688557291339,-342773,4182
07-05 13:41:31.353 30428 30522 I BatteryMgr:DataCollectionService: stats => 1688557291353,-342773,4182
07-05 13:41:31.367 30428 30522 I BatteryMgr:DataCollectionService: stats => 1688557291367,-342773,4182
07-05 13:41:31.382 30428 30522 I BatteryMgr:DataCollectionService: stats => 1688557291382,-342773,4182
07-05 13:41:31.397 30428 30522 I BatteryMgr:DataCollectionService: stats => 1688557291397,-342773,4182
07-05 13:41:31.412 30428 30522 I BatteryMgr:DataCollectionService: stats => 1688557291411,-342773,4182
07-05 13:41:31.426 30428 30522 I BatteryMgr:DataCollectionService: stats => 1688557291426,-342773,4182
07-05 13:41:31.441 30428 30522 I BatteryMgr:DataCollectionService: stats => 1688557291441,-342773,4182
07-05 13:41:31.457 30428 30522 I BatteryMgr:DataCollectionService: stats => 1688557291457,-342773,4182
07-05 13:41:31.471 30428 30522 I BatteryMgr:DataCollectionService: stats => 1688557291471,-342773,4182
07-05 13:41:31.487 30428 30522 I BatteryMgr:DataCollectionService: stats => 1688557291487,-342773,4182
07-05 13:41:31.502 30428 30522 I BatteryMgr:DataCollectionService: stats => 1688557291502,-342773,4182
07-05 13:41:31.519 30428 30522 I BatteryMgr:DataCollectionService: stats => 1688557291519,-342773,4182
07-05 13:41:31.534 30428 30522 I BatteryMgr:DataCollectionService: stats => 1688557291533,-342773,4182
07-05 13:41:31.549 30428 30522 I BatteryMgr:DataCollectionService: stats => 1688557291548,-342773,4182
07-05 13:41:31.563 30428 30522 I BatteryMgr:DataCollectionService: stats => 1688557291563,-342773,4182
07-05 13:41:31.579 30428 30522 I BatteryMgr:DataCollectionService: stats => 1688557291579,-342773,4182
07-05 13:41:31.598 30428 30522 I BatteryMgr:DataCollectionService: stats => 1688557291598,-342773,4182
07-05 13:41:31.613 30428 30522 I BatteryMgr:DataCollectionService: stats => 1688557291613,-342773,4182
07-05 13:41:31.628 30428 30522 I BatteryMgr:DataCollectionService: stats => 1688557291628,-342773,4182
07-05 13:41:31.643 30428 30522 I BatteryMgr:DataCollectionService: stats => 1688557291643,-342773,4182
07-05 13:41:31.658 30428 30522 I BatteryMgr:DataCollectionService: stats => 1688557291658,-342773,4182
07-05 13:41:31.673 30428 30522 I BatteryMgr:DataCollectionService: stats => 1688557291673,-342773,4182
07-05 13:41:31.688 30428 30522 I BatteryMgr:DataCollectionService: stats => 1688557291688,-342773,4182
07-05 13:41:31.704 30428 30522 I BatteryMgr:DataCollectionService: stats => 1688557291704,-342773,4182
07-05 13:41:31.719 30428 30522 I BatteryMgr:DataCollectionService: stats => 1688557291718,-342773,4182
07-05 13:41:31.734 30428 30522 I BatteryMgr:DataCollectionService: stats => 1688557291733,-342773,4182
07-05 13:41:31.751 30428 30522 I BatteryMgr:DataCollectionService: stats => 1688557291751,-342773,4182
07-05 13:41:31.766 30428 30522 I BatteryMgr:DataCollectionService: stats => 1688557291766,-342773,4182
07-05 13:41:31.781 30428 30522 I BatteryMgr:DataCollectionService: stats => 1688557291781,-342773,4182
07-05 13:41:31.791  1130  3798 I LOWI-8.6.0.67: [LOWI-Scan] lowi_close_record:Scan done in 14514399ms, 6 APs in scan results
07-05 13:41:31.792  1705  2304 D WificondControl: Scan result ready event
07-05 13:41:31.798 30428 30522 I BatteryMgr:DataCollectionService: stats => 1688557291798,-342773,4182
07-05 13:41:31.809  1705  2142 D WifiNetworkSelector: Current connected network: "DoodleBoodle" , ID: 0
07-05 13:41:31.809  1705  2142 D WifiNetworkSelector: Current network is 2.4GHz. 5GHz networks available.
07-05 13:41:31.809  1705  2142 D WifiNetworkSelector: Current connected network is not sufficient.
07-05 13:41:31.813  1705  2142 D WifiNetworkSelector: Networks filtered out due to low signal strength: TP-LINK_B9E2:98:de:d0:4a:b9:e2(2.4GHz)-86 / 
07-05 13:41:31.813  1705  2142 D WifiNetworkSelector: About to run SavedNetworkEvaluator :
07-05 13:41:31.814  1705  2142 D SavedNetworkEvaluator: 
07-05 13:41:31.814  1705  2142 D SavedNetworkEvaluator: [ DoodleBoodle 90:9a:4a:19:d8:a6 RSSI:-37 ]  RSSI score: 100, Same network bonus: 16, Same BSSID bonus: 24, Secure network bonus: 80, ## Total score: 220
07-05 13:41:31.815 30428 30522 I BatteryMgr:DataCollectionService: stats => 1688557291815,-342773,4182
07-05 13:41:31.815  1705  2142 D WifiNetworkSelector: SavedNetworkEvaluator selects "DoodleBoodle":0
07-05 13:41:31.815  1705  2142 D WifiNetworkSelector: About to run NetworkSuggestionEvaluator :
07-05 13:41:31.816  1705  2142 D WifiNetworkSelector: About to run PasspointNetworkEvaluator :
07-05 13:41:31.820  1705  2142 D PasspointNetworkEvaluator: No suitable Passpoint network found
07-05 13:41:31.821  1705  2142 D WifiNetworkSelector: About to run CarrierNetworkEvaluator :
07-05 13:41:31.821  1705  2142 D WifiNetworkSelector: About to run ScoredNetworkEvaluator :
07-05 13:41:31.823  1705  2142 D WifiNetworkSelector: BubbleFunScorer_v1 would choose 0 score 65.95268018246449+/-0.09881822485042217 expid 42598151
07-05 13:41:31.823  1705  2142 D WifiNetworkSelector: CompatibilityScorer chooses 0 score 219.963+/-10.0 expid 42504592
07-05 13:41:31.823  1705  2142 D WifiNetworkSelector: ScoreCardBasedScorer would choose 0 score 200.0+/-10.0 expid 42902385
07-05 13:41:31.833 30428 30522 I BatteryMgr:DataCollectionService: stats => 1688557291833,-342773,4182
07-05 13:41:31.844  1705  3671 V LocSvc_HIDL_OsNpGlue_jni: [onJavaLocationChanged][236] [HC] =>> [HS]
07-05 13:41:31.844   738   738 V LocSvc_HIDL_IzatOsNpGlue: [locationChanged][95] [HS] <<<<= [HC]
07-05 13:41:31.844   738   885 E IzatSvc_ComboNetworkProvider: Exiting with error proc line 226 "1"
07-05 13:41:31.847 30428 30522 I BatteryMgr:DataCollectionService: stats => 1688557291847,-342773,4182
07-05 13:41:31.852  2834 21106 I ChimeraSrvcProxy: NullBinder for android.net.action.RECOMMEND_NETWORKS triggering remote TransactionTooLargeException due to Service without Chimera impl
07-05 13:41:31.861 30428 30522 I BatteryMgr:DataCollectionService: stats => 1688557291861,-342773,4182
07-05 13:41:31.876 30428 30522 I BatteryMgr:DataCollectionService: stats => 1688557291876,-342773,4182
07-05 13:41:31.892 30428 30522 I BatteryMgr:DataCollectionService: stats => 1688557291892,-342773,4182
07-05 13:41:31.908 30428 30522 I BatteryMgr:DataCollectionService: stats => 1688557291908,-342773,4182
07-05 13:41:31.926 30428 30522 I BatteryMgr:DataCollectionService: stats => 1688557291926,-342773,4182
07-05 13:41:31.943 30428 30522 I BatteryMgr:DataCollectionService: stats => 1688557291943,-342773,4182
07-05 13:41:31.959 30428 30522 I BatteryMgr:DataCollectionService: stats => 1688557291959,-342773,4182
07-05 13:41:31.974 30428 30522 I BatteryMgr:DataCollectionService: stats => 1688557291974,-342773,4182
07-05 13:41:31.990 30428 30522 I BatteryMgr:DataCollectionService: stats => 1688557291990,-342773,4182
07-05 13:41:32.005 30428 30522 I BatteryMgr:DataCollectionService: stats => 1688557292005,-342773,4182
07-05 13:41:32.022 30428 30522 I BatteryMgr:DataCollectionService: stats => 1688557292022,-342773,4182
07-05 13:41:32.038 30428 30522 I BatteryMgr:DataCollectionService: stats => 1688557292038,-342773,4182
07-05 13:41:32.054 30428 30522 I BatteryMgr:DataCollectionService: stats => 1688557292054,-342773,4182
07-05 13:41:32.070 30428 30522 I BatteryMgr:DataCollectionService: stats => 1688557292070,-342773,4182
07-05 13:41:32.087 30428 30522 I BatteryMgr:DataCollectionService: stats => 1688557292086,-342773,4182
07-05 13:41:32.102 30428 30522 I BatteryMgr:DataCollectionService: stats => 1688557292102,-342773,4182
07-05 13:41:32.119 30428 30522 I BatteryMgr:DataCollectionService: stats => 1688557292118,-342773,4182
07-05 13:41:32.134 30428 30522 I BatteryMgr:DataCollectionService: stats => 1688557292134,-342773,4182
07-05 13:41:32.152 30428 30522 I BatteryMgr:DataCollectionService: stats => 1688557292152,-342773,4182
07-05 13:41:32.168 30428 30522 I BatteryMgr:DataCollectionService: stats => 1688557292168,-342773,4182
07-05 13:41:32.184 30428 30522 I BatteryMgr:DataCollectionService: stats => 1688557292184,-342773,4182
07-05 13:41:32.200 30428 30522 I BatteryMgr:DataCollectionService: stats => 1688557292200,-342773,4182
07-05 13:41:32.215 30428 30522 I BatteryMgr:DataCollectionService: stats => 1688557292215,-342773,4182
07-05 13:41:32.232 30428 30522 I BatteryMgr:DataCollectionService: stats => 1688557292232,-342773,4182
07-05 13:41:32.247 30428 30522 I BatteryMgr:DataCollectionService: stats => 1688557292247,-342773,4182
07-05 13:41:32.263 30428 30522 I BatteryMgr:DataCollectionService: stats => 1688557292263,-342773,4182
07-05 13:41:32.278 30428 30522 I BatteryMgr:DataCollectionService: stats => 1688557292278,-342773,4182
07-05 13:41:32.294 30428 30522 I BatteryMgr:DataCollectionService: stats => 1688557292294,-342773,4182
07-05 13:41:32.310 30428 30522 I BatteryMgr:DataCollectionService: stats => 1688557292309,-342773,4182
07-05 13:41:32.327 30428 30522 I BatteryMgr:DataCollectionService: stats => 1688557292327,-342773,4182
07-05 13:41:32.345 30428 30522 I BatteryMgr:DataCollectionService: stats => 1688557292345,-342773,4182
07-05 13:41:32.359 30428 30522 I BatteryMgr:DataCollectionService: stats => 1688557292359,-342773,4182
07-05 13:41:32.382 30428 30522 I BatteryMgr:DataCollectionService: stats => 1688557292382,-342773,4182
07-05 13:41:32.398 30428 30522 I BatteryMgr:DataCollectionService: stats => 1688557292398,-342773,4182
07-05 13:41:32.417 30428 30522 I BatteryMgr:DataCollectionService: stats => 1688557292417,-342773,4182
07-05 13:41:32.434 30428 30522 I BatteryMgr:DataCollectionService: stats => 1688557292434,-342773,4182
07-05 13:41:32.451 30428 30522 I BatteryMgr:DataCollectionService: stats => 1688557292450,-342773,4182
07-05 13:41:32.474 30428 30522 I BatteryMgr:DataCollectionService: stats => 1688557292474,-342773,4182
07-05 13:41:32.490 30428 30522 I BatteryMgr:DataCollectionService: stats => 1688557292490,-342773,4182
07-05 13:41:32.506 30428 30522 I BatteryMgr:DataCollectionService: stats => 1688557292506,-342773,4182
07-05 13:41:32.522 30428 30522 I BatteryMgr:DataCollectionService: stats => 1688557292522,-342773,4182
07-05 13:41:32.537 30428 30522 I BatteryMgr:DataCollectionService: stats => 1688557292537,-237304,4182
07-05 13:41:32.553 30428 30522 I BatteryMgr:DataCollectionService: stats => 1688557292553,-237304,4182
07-05 13:41:32.569 30428 30522 I BatteryMgr:DataCollectionService: stats => 1688557292568,-237304,4182
07-05 13:41:32.584 30428 30522 I BatteryMgr:DataCollectionService: stats => 1688557292583,-237304,4182
07-05 13:41:32.602 30428 30522 I BatteryMgr:DataCollectionService: stats => 1688557292602,-237304,4182
07-05 13:41:32.617 30428 30522 I BatteryMgr:DataCollectionService: stats => 1688557292617,-237304,4182
07-05 13:41:32.634 30428 30522 I BatteryMgr:DataCollectionService: stats => 1688557292634,-237304,4182
07-05 13:41:32.650 30428 30522 I BatteryMgr:DataCollectionService: stats => 1688557292650,-237304,4182
07-05 13:41:32.666 30428 30522 I BatteryMgr:DataCollectionService: stats => 1688557292666,-237304,4182
07-05 13:41:32.682 30428 30522 I BatteryMgr:DataCollectionService: stats => 1688557292682,-237304,4182
07-05 13:41:32.698 30428 30522 I BatteryMgr:DataCollectionService: stats => 1688557292698,-237304,4182
07-05 13:41:32.714 30428 30522 I BatteryMgr:DataCollectionService: stats => 1688557292714,-237304,4182
07-05 13:41:32.730 30428 30522 I BatteryMgr:DataCollectionService: stats => 1688557292730,-237304,4182
07-05 13:41:32.751 30428 30522 I BatteryMgr:DataCollectionService: stats => 1688557292751,-237304,4182
07-05 13:41:32.766 30428 30522 I BatteryMgr:DataCollectionService: stats => 1688557292766,-237304,4182
07-05 13:41:32.785 30428 30522 I BatteryMgr:DataCollectionService: stats => 1688557292785,-237304,4182
07-05 13:41:32.804 30428 30522 I BatteryMgr:DataCollectionService: stats => 1688557292804,-237304,4182
07-05 13:41:32.820 30428 30522 I BatteryMgr:DataCollectionService: stats => 1688557292820,-237304,4182
07-05 13:41:32.842 30428 30522 I BatteryMgr:DataCollectionService: stats => 1688557292842,-237304,4182
07-05 13:41:32.857 30428 30522 I BatteryMgr:DataCollectionService: stats => 1688557292857,-237304,4182
07-05 13:41:32.871 30428 30522 I BatteryMgr:DataCollectionService: stats => 1688557292871,-237304,4182
07-05 13:41:32.885 30428 30522 I BatteryMgr:DataCollectionService: stats => 1688557292885,-237304,4182
07-05 13:41:32.901 30428 30522 I BatteryMgr:DataCollectionService: stats => 1688557292900,-237304,4182
07-05 13:41:32.916 30428 30522 I BatteryMgr:DataCollectionService: stats => 1688557292916,-237304,4182
07-05 13:41:32.932 30428 30522 I BatteryMgr:DataCollectionService: stats => 1688557292932,-237304,4182
07-05 13:41:32.949 30428 30522 I BatteryMgr:DataCollectionService: stats => 1688557292949,-237304,4182
07-05 13:41:32.964 30428 30522 I BatteryMgr:DataCollectionService: stats => 1688557292964,-237304,4182
07-05 13:41:32.980 30428 30522 I BatteryMgr:DataCollectionService: stats => 1688557292980,-237304,4182
07-05 13:41:32.998 30428 30522 I BatteryMgr:DataCollectionService: stats => 1688557292998,-237304,4182
07-05 13:41:33.013 30428 30522 I BatteryMgr:DataCollectionService: stats => 1688557293013,-237304,4182
07-05 13:41:33.029 30428 30522 I BatteryMgr:DataCollectionService: stats => 1688557293029,-237304,4182
07-05 13:41:33.044 30428 30522 I BatteryMgr:DataCollectionService: stats => 1688557293044,-237304,4182
07-05 13:41:33.060 30428 30522 I BatteryMgr:DataCollectionService: stats => 1688557293060,-237304,4182
07-05 13:41:33.075 30428 30522 I BatteryMgr:DataCollectionService: stats => 1688557293075,-237304,4182
07-05 13:41:33.092 30428 30522 I BatteryMgr:DataCollectionService: stats => 1688557293092,-237304,4182
07-05 13:41:33.108 30428 30522 I BatteryMgr:DataCollectionService: stats => 1688557293108,-237304,4182
07-05 13:41:33.124 30428 30522 I BatteryMgr:DataCollectionService: stats => 1688557293124,-237304,4182
07-05 13:41:33.140 30428 30522 I BatteryMgr:DataCollectionService: stats => 1688557293140,-237304,4182
07-05 13:41:33.155 30428 30522 I BatteryMgr:DataCollectionService: stats => 1688557293155,-237304,4182
07-05 13:41:33.172 30428 30522 I BatteryMgr:DataCollectionService: stats => 1688557293172,-237304,4182
07-05 13:41:33.189 30428 30522 I BatteryMgr:DataCollectionService: stats => 1688557293189,-237304,4182
07-05 13:41:33.209 30428 30522 I BatteryMgr:DataCollectionService: stats => 1688557293209,-237304,4182
07-05 13:41:33.211 30179 30397 W aspi    : Job 'AdsStartupJob' did not complete within 00:30.0000 (mm:ss.ms).
07-05 13:41:33.211 30179 30397 W aspi    : atig: Job 'AdsStartupJob' did not complete within 00:30.0000 (mm:ss.ms).
07-05 13:41:33.211 30179 30397 W aspi    : 	at wnh.call(PG:4)
07-05 13:41:33.211 30179 30397 W aspi    : 	at aryq.a(PG:54)
07-05 13:41:33.211 30179 30397 W aspi    : 	at atzq.bc(PG:1)
07-05 13:41:33.211 30179 30397 W aspi    : 	at atgw.run(PG:6)
07-05 13:41:33.211 30179 30397 W aspi    : 	at ambp.run(PG:83)
07-05 13:41:33.211 30179 30397 W aspi    : 	at asev.call(PG:137)
07-05 13:41:33.211 30179 30397 W aspi    : 	at asfg.a(PG:75)
07-05 13:41:33.211 30179 30397 W aspi    : 	at avvw.c(PG:2)
07-05 13:41:33.211 30179 30397 W aspi    : 	at avvy.run(PG:9)
07-05 13:41:33.211 30179 30397 W aspi    : 	at java.util.concurrent.Executors$RunnableAdapter.call(Executors.java:462)
07-05 13:41:33.211 30179 30397 W aspi    : 	at java.util.concurrent.FutureTask.run(FutureTask.java:266)
07-05 13:41:33.211 30179 30397 W aspi    : 	at java.util.concurrent.ScheduledThreadPoolExecutor$ScheduledFutureTask.run(ScheduledThreadPoolExecutor.java:301)
07-05 13:41:33.211 30179 30397 W aspi    : 	at java.util.concurrent.ThreadPoolExecutor.runWorker(ThreadPoolExecutor.java:1167)
07-05 13:41:33.211 30179 30397 W aspi    : 	at java.util.concurrent.ThreadPoolExecutor$Worker.run(ThreadPoolExecutor.java:641)
07-05 13:41:33.211 30179 30397 W aspi    : 	at java.lang.Thread.run(Thread.java:919)
07-05 13:41:33.229 30428 30522 I BatteryMgr:DataCollectionService: stats => 1688557293229,-237304,4182
07-05 13:41:33.244 30428 30522 I BatteryMgr:DataCollectionService: stats => 1688557293244,-237304,4182
07-05 13:41:33.260 30428 30522 I BatteryMgr:DataCollectionService: stats => 1688557293260,-237304,4182
07-05 13:41:33.275 30428 30522 I BatteryMgr:DataCollectionService: stats => 1688557293275,-237304,4182
07-05 13:41:33.297 30428 30522 I BatteryMgr:DataCollectionService: stats => 1688557293297,-237304,4182
07-05 13:41:33.316 30428 30522 I BatteryMgr:DataCollectionService: stats => 1688557293316,-237304,4182
07-05 13:41:33.334 30428 30522 I BatteryMgr:DataCollectionService: stats => 1688557293334,-237304,4182
07-05 13:41:33.349 30428 30522 I BatteryMgr:DataCollectionService: stats => 1688557293348,-237304,4182
07-05 13:41:33.363 30428 30522 I BatteryMgr:DataCollectionService: stats => 1688557293363,-237304,4182
07-05 13:41:33.386 30428 30522 I BatteryMgr:DataCollectionService: stats => 1688557293386,-237304,4182
07-05 13:41:33.403 30428 30522 I BatteryMgr:DataCollectionService: stats => 1688557293402,-237304,4182
07-05 13:41:33.418 30428 30522 I BatteryMgr:DataCollectionService: stats => 1688557293418,-237304,4182
07-05 13:41:33.433 30428 30522 I BatteryMgr:DataCollectionService: stats => 1688557293433,-237304,4182
07-05 13:41:33.434  2189  2189 I DataSaverController: registerReceiver() : Runnable call registerReceiver()
07-05 13:41:33.435  2189  2189 I DataSaverController: registerReceiver() : queryIntentServices = 0
07-05 13:41:33.435  2189  2189 I DataSaverController: registerReceiver() :  postDelayed Runnable 30000
07-05 13:41:33.449 30428 30522 I BatteryMgr:DataCollectionService: stats => 1688557293449,-237304,4182
07-05 13:41:33.466 30428 30522 I BatteryMgr:DataCollectionService: stats => 1688557293466,-237304,4182
07-05 13:41:33.484 30428 30522 I BatteryMgr:DataCollectionService: stats => 1688557293483,-237304,4182
07-05 13:41:33.504 30428 30522 I BatteryMgr:DataCollectionService: stats => 1688557293504,-237304,4182
07-05 13:41:33.519 30428 30522 I BatteryMgr:DataCollectionService: stats => 1688557293519,-237304,4182
07-05 13:41:33.535 30428 30522 I BatteryMgr:DataCollectionService: stats => 1688557293535,-237304,4182
07-05 13:41:33.551 30428 30522 I BatteryMgr:DataCollectionService: stats => 1688557293551,-237304,4182
07-05 13:41:33.566 30428 30522 I BatteryMgr:DataCollectionService: stats => 1688557293566,-237304,4182
07-05 13:41:33.581 30428 30522 I BatteryMgr:DataCollectionService: stats => 1688557293581,-237304,4182
07-05 13:41:33.597 30428 30522 I BatteryMgr:DataCollectionService: stats => 1688557293597,-237304,4182
07-05 13:41:33.612 30428 30522 I BatteryMgr:DataCollectionService: stats => 1688557293612,-237304,4182
07-05 13:41:33.628 30428 30522 I BatteryMgr:DataCollectionService: stats => 1688557293628,-237304,4182
07-05 13:41:33.643 30428 30522 I BatteryMgr:DataCollectionService: stats => 1688557293643,-237304,4182
07-05 13:41:33.659 30428 30522 I BatteryMgr:DataCollectionService: stats => 1688557293658,-237304,4182
07-05 13:41:33.674 30428 30522 I BatteryMgr:DataCollectionService: stats => 1688557293674,-237304,4182
07-05 13:41:33.690 30428 30522 I BatteryMgr:DataCollectionService: stats => 1688557293690,-237304,4182
07-05 13:41:33.706 30428 30522 I BatteryMgr:DataCollectionService: stats => 1688557293706,-237304,4182
07-05 13:41:33.723 30428 30522 I BatteryMgr:DataCollectionService: stats => 1688557293723,-237304,4182
07-05 13:41:33.738 30428 30522 I BatteryMgr:DataCollectionService: stats => 1688557293738,-237304,4182
07-05 13:41:33.754 30428 30522 I BatteryMgr:DataCollectionService: stats => 1688557293753,-237304,4182
07-05 13:41:33.770 30428 30522 I BatteryMgr:DataCollectionService: stats => 1688557293770,-237304,4182
07-05 13:41:33.786 30428 30522 I BatteryMgr:DataCollectionService: stats => 1688557293786,-237304,4182
07-05 13:41:33.803 30428 30522 I BatteryMgr:DataCollectionService: stats => 1688557293802,-237304,4182
07-05 13:41:33.818 30428 30522 I BatteryMgr:DataCollectionService: stats => 1688557293818,-237304,4182
07-05 13:41:33.835 30428 30522 I BatteryMgr:DataCollectionService: stats => 1688557293835,-237304,4182
07-05 13:41:33.851 30428 30522 I BatteryMgr:DataCollectionService: stats => 1688557293851,-237304,4182
07-05 13:41:33.867 30428 30522 I BatteryMgr:DataCollectionService: stats => 1688557293867,-237304,4182
07-05 13:41:33.883 30428 30522 I BatteryMgr:DataCollectionService: stats => 1688557293882,-237304,4182
07-05 13:41:33.898 30428 30522 I BatteryMgr:DataCollectionService: stats => 1688557293898,-237304,4182
07-05 13:41:33.915 30428 30522 I BatteryMgr:DataCollectionService: stats => 1688557293914,-237304,4182
07-05 13:41:33.931 30428 30522 I BatteryMgr:DataCollectionService: stats => 1688557293931,-237304,4182
07-05 13:41:33.946 30428 30522 I BatteryMgr:DataCollectionService: stats => 1688557293946,-237304,4182
07-05 13:41:33.961 30428 30522 I BatteryMgr:DataCollectionService: stats => 1688557293961,-237304,4182
07-05 13:41:33.977 30428 30522 I BatteryMgr:DataCollectionService: stats => 1688557293977,-237304,4182
07-05 13:41:33.992 30428 30522 I BatteryMgr:DataCollectionService: stats => 1688557293992,-237304,4182
07-05 13:41:34.008 30428 30522 I BatteryMgr:DataCollectionService: stats => 1688557294008,-225097,4182
07-05 13:41:34.023 30428 30522 I BatteryMgr:DataCollectionService: stats => 1688557294023,-225097,4182
07-05 13:41:34.038 30428 30522 I BatteryMgr:DataCollectionService: stats => 1688557294038,-225097,4182
07-05 13:41:34.054 30428 30522 I BatteryMgr:DataCollectionService: stats => 1688557294054,-225097,4182
07-05 13:41:34.070 30428 30522 I BatteryMgr:DataCollectionService: stats => 1688557294070,-225097,4182
07-05 13:41:34.085 30428 30522 I BatteryMgr:DataCollectionService: stats => 1688557294085,-225097,4182
07-05 13:41:34.101 30428 30522 I BatteryMgr:DataCollectionService: stats => 1688557294101,-225097,4182
07-05 13:41:34.120 30428 30522 I BatteryMgr:DataCollectionService: stats => 1688557294120,-225097,4182
07-05 13:41:34.136 30428 30522 I BatteryMgr:DataCollectionService: stats => 1688557294136,-225097,4182
07-05 13:41:34.151 30428 30522 I BatteryMgr:DataCollectionService: stats => 1688557294151,-225097,4182
07-05 13:41:34.167 30428 30522 I BatteryMgr:DataCollectionService: stats => 1688557294167,-225097,4182
07-05 13:41:34.182 30428 30522 I BatteryMgr:DataCollectionService: stats => 1688557294182,-225097,4182
07-05 13:41:34.197 30428 30522 I BatteryMgr:DataCollectionService: stats => 1688557294197,-225097,4182
07-05 13:41:34.213 30428 30522 I BatteryMgr:DataCollectionService: stats => 1688557294213,-225097,4182
07-05 13:41:34.228 30428 30522 I BatteryMgr:DataCollectionService: stats => 1688557294228,-225097,4182
07-05 13:41:34.243 30428 30522 I BatteryMgr:DataCollectionService: stats => 1688557294243,-225097,4182
07-05 13:41:34.258 30428 30522 I BatteryMgr:DataCollectionService: stats => 1688557294258,-225097,4182
07-05 13:41:34.274 30428 30522 I BatteryMgr:DataCollectionService: stats => 1688557294273,-225097,4182
07-05 13:41:34.295 30428 30522 I BatteryMgr:DataCollectionService: stats => 1688557294294,-225097,4182
07-05 13:41:34.310 30428 30522 I BatteryMgr:DataCollectionService: stats => 1688557294310,-225097,4182
07-05 13:41:34.325 30428 30522 I BatteryMgr:DataCollectionService: stats => 1688557294325,-225097,4182
07-05 13:41:34.340 30428 30522 I BatteryMgr:DataCollectionService: stats => 1688557294340,-225097,4182
07-05 13:41:34.355 30428 30522 I BatteryMgr:DataCollectionService: stats => 1688557294355,-225097,4182
07-05 13:41:34.373 30428 30522 I BatteryMgr:DataCollectionService: stats => 1688557294372,-225097,4182
07-05 13:41:34.393 30428 30522 I BatteryMgr:DataCollectionService: stats => 1688557294392,-225097,4182
07-05 13:41:34.408 30428 30522 I BatteryMgr:DataCollectionService: stats => 1688557294408,-225097,4182
07-05 13:41:34.424 30428 30522 I BatteryMgr:DataCollectionService: stats => 1688557294424,-225097,4182
07-05 13:41:34.440 30428 30522 I BatteryMgr:DataCollectionService: stats => 1688557294440,-225097,4182
07-05 13:41:34.459 30428 30522 I BatteryMgr:DataCollectionService: stats => 1688557294459,-225097,4182
07-05 13:41:34.476 30428 30522 I BatteryMgr:DataCollectionService: stats => 1688557294476,-225097,4182
07-05 13:41:34.492 30428 30522 I BatteryMgr:DataCollectionService: stats => 1688557294492,-225097,4182
07-05 13:41:34.507 30428 30522 I BatteryMgr:DataCollectionService: stats => 1688557294507,-225097,4182
07-05 13:41:34.522 30428 30522 I BatteryMgr:DataCollectionService: stats => 1688557294522,-225097,4182
07-05 13:41:34.538 30428 30522 I BatteryMgr:DataCollectionService: stats => 1688557294538,-225097,4182
07-05 13:41:34.553 30428 30522 I BatteryMgr:DataCollectionService: stats => 1688557294553,-225097,4182
07-05 13:41:34.568 30428 30522 I BatteryMgr:DataCollectionService: stats => 1688557294568,-225097,4182
07-05 13:41:34.584 30428 30522 I BatteryMgr:DataCollectionService: stats => 1688557294584,-225097,4182
07-05 13:41:34.600 30428 30522 I BatteryMgr:DataCollectionService: stats => 1688557294600,-225097,4182
07-05 13:41:34.616 30428 30522 I BatteryMgr:DataCollectionService: stats => 1688557294616,-225097,4182
07-05 13:41:34.633 30428 30522 I BatteryMgr:DataCollectionService: stats => 1688557294632,-225097,4182
07-05 13:41:34.648 30428 30522 I BatteryMgr:DataCollectionService: stats => 1688557294648,-225097,4182
07-05 13:41:34.664 30428 30522 I BatteryMgr:DataCollectionService: stats => 1688557294664,-225097,4182
07-05 13:41:34.680 30428 30522 I BatteryMgr:DataCollectionService: stats => 1688557294680,-225097,4182
07-05 13:41:34.696 30428 30522 I BatteryMgr:DataCollectionService: stats => 1688557294696,-225097,4182
07-05 13:41:34.712 30428 30522 I BatteryMgr:DataCollectionService: stats => 1688557294712,-225097,4182
07-05 13:41:34.728 30428 30522 I BatteryMgr:DataCollectionService: stats => 1688557294728,-225097,4182
07-05 13:41:34.743 30428 30522 I BatteryMgr:DataCollectionService: stats => 1688557294743,-225097,4182
07-05 13:41:34.759 30428 30522 I BatteryMgr:DataCollectionService: stats => 1688557294758,-225097,4182
07-05 13:41:34.775 30428 30522 I BatteryMgr:DataCollectionService: stats => 1688557294774,-225097,4182
07-05 13:41:34.791 30428 30522 I BatteryMgr:DataCollectionService: stats => 1688557294791,-225097,4182
07-05 13:41:34.807 30428 30522 I BatteryMgr:DataCollectionService: stats => 1688557294805,-225097,4182
07-05 13:41:34.823 30428 30522 I BatteryMgr:DataCollectionService: stats => 1688557294823,-225097,4182
07-05 13:41:34.838 30428 30522 I BatteryMgr:DataCollectionService: stats => 1688557294838,-225097,4182
07-05 13:41:34.854 30428 30522 I BatteryMgr:DataCollectionService: stats => 1688557294854,-225097,4182
07-05 13:41:34.870 30428 30522 I BatteryMgr:DataCollectionService: stats => 1688557294870,-225097,4182
07-05 13:41:34.885 30428 30522 I BatteryMgr:DataCollectionService: stats => 1688557294885,-225097,4182
07-05 13:41:34.902 30428 30522 I BatteryMgr:DataCollectionService: stats => 1688557294902,-225097,4182
07-05 13:41:34.918 30428 30522 I BatteryMgr:DataCollectionService: stats => 1688557294918,-225097,4182
07-05 13:41:34.934 30428 30522 I BatteryMgr:DataCollectionService: stats => 1688557294934,-225097,4182
07-05 13:41:34.951 30428 30522 I BatteryMgr:DataCollectionService: stats => 1688557294951,-225097,4182
07-05 13:41:34.966 30428 30522 I BatteryMgr:DataCollectionService: stats => 1688557294966,-225097,4182
07-05 13:41:34.981 30428 30522 I BatteryMgr:DataCollectionService: stats => 1688557294981,-225097,4182
07-05 13:41:35.002 30428 30522 I BatteryMgr:DataCollectionService: stats => 1688557295002,-225097,4182
07-05 13:41:35.018 30428 30522 I BatteryMgr:DataCollectionService: stats => 1688557295017,-225097,4182
07-05 13:41:35.033 30428 30522 I BatteryMgr:DataCollectionService: stats => 1688557295033,-225097,4182
07-05 13:41:35.048 30428 30522 I BatteryMgr:DataCollectionService: stats => 1688557295048,-225097,4182
07-05 13:41:35.064 30428 30522 I BatteryMgr:DataCollectionService: stats => 1688557295064,-225097,4182
07-05 13:41:35.083 30428 30522 I BatteryMgr:DataCollectionService: stats => 1688557295082,-225097,4182
07-05 13:41:35.099 30428 30522 I BatteryMgr:DataCollectionService: stats => 1688557295098,-225097,4182
07-05 13:41:35.108  1705  8106 W AlarmManager: Alarms must either supply a PendingIntent or an AlarmReceiver
07-05 13:41:35.117 30428 30522 I BatteryMgr:DataCollectionService: stats => 1688557295117,-225097,4182
07-05 13:41:35.132 30428 30522 I BatteryMgr:DataCollectionService: stats => 1688557295131,-225097,4182
07-05 13:41:35.140  1705  2304 D AlarmManagerService: Kernel timezone updated to -120 minutes west of GMT
07-05 13:41:35.147 30428 30522 I BatteryMgr:DataCollectionService: stats => 1688557295147,-225097,4182
07-05 13:41:35.161 30428 30522 I BatteryMgr:DataCollectionService: stats => 1688557295161,-225097,4182
07-05 13:41:35.174 30428 30522 I BatteryMgr:DataCollectionService: stats => 1688557295174,-225097,4182
07-05 13:41:35.189 30428 30522 I BatteryMgr:DataCollectionService: stats => 1688557295189,-225097,4182
07-05 13:41:35.204 30428 30522 I BatteryMgr:DataCollectionService: stats => 1688557295204,-225097,4182
07-05 13:41:35.218 30428 30522 I BatteryMgr:DataCollectionService: stats => 1688557295218,-225097,4182
07-05 13:41:35.233 30428 30522 I BatteryMgr:DataCollectionService: stats => 1688557295233,-225097,4182
07-05 13:41:35.248 30428 30522 I BatteryMgr:DataCollectionService: stats => 1688557295248,-225097,4182
07-05 13:41:35.263 30428 30522 I BatteryMgr:DataCollectionService: stats => 1688557295263,-225097,4182
07-05 13:41:35.278 30428 30522 I BatteryMgr:DataCollectionService: stats => 1688557295278,-225097,4182
07-05 13:41:35.296 30428 30522 I BatteryMgr:DataCollectionService: stats => 1688557295296,-225097,4182
07-05 13:41:35.311 30428 30522 I BatteryMgr:DataCollectionService: stats => 1688557295311,-225097,4182
07-05 13:41:35.324 30428 30522 I BatteryMgr:DataCollectionService: stats => 1688557295324,-225097,4182
07-05 13:41:35.337 30428 30522 I BatteryMgr:DataCollectionService: stats => 1688557295337,-225097,4182
07-05 13:41:35.351 30428 30522 I BatteryMgr:DataCollectionService: stats => 1688557295351,-225097,4182
07-05 13:41:35.366 30428 30522 I BatteryMgr:DataCollectionService: stats => 1688557295366,-225097,4182
07-05 13:41:35.383 30428 30522 I BatteryMgr:DataCollectionService: stats => 1688557295383,-225097,4182
07-05 13:41:35.397 30428 30522 I BatteryMgr:DataCollectionService: stats => 1688557295397,-225097,4182
07-05 13:41:35.412 30428 30522 I BatteryMgr:DataCollectionService: stats => 1688557295412,-225097,4182
07-05 13:41:35.429 30428 30522 I BatteryMgr:DataCollectionService: stats => 1688557295429,-225097,4182
07-05 13:41:35.444 30428 30522 I BatteryMgr:DataCollectionService: stats => 1688557295444,-225097,4182
07-05 13:41:35.458 30428 30522 I BatteryMgr:DataCollectionService: stats => 1688557295458,-334960,4182
07-05 13:41:35.474 30428 30522 I BatteryMgr:DataCollectionService: stats => 1688557295474,-334960,4182
07-05 13:41:35.489 30428 30522 I BatteryMgr:DataCollectionService: stats => 1688557295489,-334960,4182
07-05 13:41:35.503 30428 30522 I BatteryMgr:DataCollectionService: stats => 1688557295503,-334960,4182
07-05 13:41:35.518 30428 30522 I BatteryMgr:DataCollectionService: stats => 1688557295518,-334960,4182
07-05 13:41:35.533 30428 30522 I BatteryMgr:DataCollectionService: stats => 1688557295532,-334960,4182
07-05 13:41:35.547 30428 30522 I BatteryMgr:DataCollectionService: stats => 1688557295547,-334960,4182
07-05 13:41:35.566 30428 30522 I BatteryMgr:DataCollectionService: stats => 1688557295566,-334960,4182
07-05 13:41:35.581 30428 30522 I BatteryMgr:DataCollectionService: stats => 1688557295581,-334960,4182
07-05 13:41:35.596 30428 30522 I BatteryMgr:DataCollectionService: stats => 1688557295596,-334960,4182
07-05 13:41:35.612 30428 30522 I BatteryMgr:DataCollectionService: stats => 1688557295612,-334960,4182
07-05 13:41:35.626 30428 30522 I BatteryMgr:DataCollectionService: stats => 1688557295626,-334960,4182
07-05 13:41:35.641 30428 30522 I BatteryMgr:DataCollectionService: stats => 1688557295641,-334960,4182
07-05 13:41:35.656 30428 30522 I BatteryMgr:DataCollectionService: stats => 1688557295656,-334960,4182
07-05 13:41:35.672 30428 30522 I BatteryMgr:DataCollectionService: stats => 1688557295672,-334960,4182
07-05 13:41:35.687 30428 30522 I BatteryMgr:DataCollectionService: stats => 1688557295687,-334960,4182
07-05 13:41:35.702 30428 30522 I BatteryMgr:DataCollectionService: stats => 1688557295702,-334960,4182
07-05 13:41:35.716 30428 30522 I BatteryMgr:DataCollectionService: stats => 1688557295716,-334960,4182
07-05 13:41:35.732 30428 30522 I BatteryMgr:DataCollectionService: stats => 1688557295732,-334960,4182
07-05 13:41:35.747 30428 30522 I BatteryMgr:DataCollectionService: stats => 1688557295747,-334960,4182
07-05 13:41:35.762 30428 30522 I BatteryMgr:DataCollectionService: stats => 1688557295762,-334960,4182
07-05 13:41:35.776  1705  1877 I GnssLocationProvider: GNSS HAL Requesting location updates from network provider for 10000 millis.
07-05 13:41:35.778  1705  3671 D LocSvc_HIDL_IzatProvider_jni: Provider Type: 2; Num Updates: 2147483647; Interval: 1000Displacement: 0.000000; Accuracy: 1
07-05 13:41:35.778  1705  3671 V LocSvc_HIDL_IzatProvider_jni: [onAddRequest][165] [HC] =>> [HS]
07-05 13:41:35.779   738   738 V LocSvc_HIDL_IzatProvider: [onAddRequest][195] [HS] <<<<= [HC]
07-05 13:41:35.779 30428 30522 I BatteryMgr:DataCollectionService: stats => 1688557295779,-334960,4182
07-05 13:41:35.779  1705  2159 V LocSvc_HIDL_OsNpGlue_jni: [onSetRequest][66] [HC] <<= [HS]
07-05 13:41:35.799 30428 30522 I BatteryMgr:DataCollectionService: stats => 1688557295799,-334960,4182
07-05 13:41:35.815 30428 30522 I BatteryMgr:DataCollectionService: stats => 1688557295815,-334960,4182
07-05 13:41:35.833 30428 30522 I BatteryMgr:DataCollectionService: stats => 1688557295833,-334960,4182
07-05 13:41:35.848 30428 30522 I BatteryMgr:DataCollectionService: stats => 1688557295848,-334960,4182
07-05 13:41:35.862 30428 30522 I BatteryMgr:DataCollectionService: stats => 1688557295862,-334960,4182
07-05 13:41:35.877 30428 30522 I BatteryMgr:DataCollectionService: stats => 1688557295877,-334960,4182
07-05 13:41:35.891 30428 30522 I BatteryMgr:DataCollectionService: stats => 1688557295891,-334960,4182
07-05 13:41:35.905 30428 30522 I BatteryMgr:DataCollectionService: stats => 1688557295905,-334960,4182
07-05 13:41:35.919 30428 30522 I BatteryMgr:DataCollectionService: stats => 1688557295919,-334960,4182
07-05 13:41:35.932 30428 30522 I BatteryMgr:DataCollectionService: stats => 1688557295932,-334960,4182
07-05 13:41:35.946 30428 30522 I BatteryMgr:DataCollectionService: stats => 1688557295946,-334960,4182
07-05 13:41:35.961 30428 30522 I BatteryMgr:DataCollectionService: stats => 1688557295961,-334960,4182
07-05 13:41:35.975 30428 30522 I BatteryMgr:DataCollectionService: stats => 1688557295975,-334960,4182
07-05 13:41:35.992 30428 30522 I BatteryMgr:DataCollectionService: stats => 1688557295991,-334960,4182
07-05 13:41:36.006 30428 30522 I BatteryMgr:DataCollectionService: stats => 1688557296006,-334960,4182
07-05 13:41:36.021 30428 30522 I BatteryMgr:DataCollectionService: stats => 1688557296021,-334960,4182
07-05 13:41:36.035 30428 30522 I BatteryMgr:DataCollectionService: stats => 1688557296035,-334960,4182
07-05 13:41:36.050 30428 30522 I BatteryMgr:DataCollectionService: stats => 1688557296050,-334960,4182
07-05 13:41:36.065 30428 30522 I BatteryMgr:DataCollectionService: stats => 1688557296065,-334960,4182
07-05 13:41:36.080 30428 30522 I BatteryMgr:DataCollectionService: stats => 1688557296080,-334960,4182
07-05 13:41:36.094 30428 30522 I BatteryMgr:DataCollectionService: stats => 1688557296094,-334960,4182
07-05 13:41:36.109 30428 30522 I BatteryMgr:DataCollectionService: stats => 1688557296109,-334960,4182
07-05 13:41:36.124 30428 30522 I BatteryMgr:DataCollectionService: stats => 1688557296123,-334960,4182
07-05 13:41:36.139 30428 30522 I BatteryMgr:DataCollectionService: stats => 1688557296139,-334960,4182
07-05 13:41:36.154 30428 30522 I BatteryMgr:DataCollectionService: stats => 1688557296154,-334960,4182
07-05 13:41:36.169 30428 30522 I BatteryMgr:DataCollectionService: stats => 1688557296169,-334960,4182
07-05 13:41:36.184 30428 30522 I BatteryMgr:DataCollectionService: stats => 1688557296184,-334960,4182
07-05 13:41:36.199 30428 30522 I BatteryMgr:DataCollectionService: stats => 1688557296199,-334960,4182
07-05 13:41:36.214 30428 30522 I BatteryMgr:DataCollectionService: stats => 1688557296214,-334960,4182
07-05 13:41:36.231 30428 30522 I BatteryMgr:DataCollectionService: stats => 1688557296231,-334960,4182
07-05 13:41:36.246 30428 30522 I BatteryMgr:DataCollectionService: stats => 1688557296246,-334960,4182
07-05 13:41:36.261 30428 30522 I BatteryMgr:DataCollectionService: stats => 1688557296261,-334960,4182
07-05 13:41:36.276 30428 30522 I BatteryMgr:DataCollectionService: stats => 1688557296276,-334960,4182
07-05 13:41:36.290 30428 30522 I BatteryMgr:DataCollectionService: stats => 1688557296290,-334960,4182
07-05 13:41:36.303 30428 30522 I BatteryMgr:DataCollectionService: stats => 1688557296303,-334960,4182
07-05 13:41:36.317 30428 30522 I BatteryMgr:DataCollectionService: stats => 1688557296317,-334960,4182
07-05 13:41:36.330 30428 30522 I BatteryMgr:DataCollectionService: stats => 1688557296330,-334960,4182
07-05 13:41:36.344 30428 30522 I BatteryMgr:DataCollectionService: stats => 1688557296344,-334960,4182
07-05 13:41:36.358 30428 30522 I BatteryMgr:DataCollectionService: stats => 1688557296358,-334960,4182
07-05 13:41:36.373 30428 30522 I BatteryMgr:DataCollectionService: stats => 1688557296373,-334960,4182
07-05 13:41:36.388 30428 30522 I BatteryMgr:DataCollectionService: stats => 1688557296388,-334960,4182
07-05 13:41:36.404 30428 30522 I BatteryMgr:DataCollectionService: stats => 1688557296403,-334960,4182
07-05 13:41:36.418 30428 30522 I BatteryMgr:DataCollectionService: stats => 1688557296418,-334960,4182
07-05 13:41:36.433 30428 30522 I BatteryMgr:DataCollectionService: stats => 1688557296433,-334960,4182
07-05 13:41:36.448 30428 30522 I BatteryMgr:DataCollectionService: stats => 1688557296447,-334960,4182
07-05 13:41:36.463 30428 30522 I BatteryMgr:DataCollectionService: stats => 1688557296463,-334960,4182
07-05 13:41:36.478 30428 30522 I BatteryMgr:DataCollectionService: stats => 1688557296478,-334960,4182
07-05 13:41:36.493 30428 30522 I BatteryMgr:DataCollectionService: stats => 1688557296493,-334960,4182
07-05 13:41:36.508 30428 30522 I BatteryMgr:DataCollectionService: stats => 1688557296508,-334960,4182
07-05 13:41:36.523 30428 30522 I BatteryMgr:DataCollectionService: stats => 1688557296523,-334960,4182
07-05 13:41:36.538 30428 30522 I BatteryMgr:DataCollectionService: stats => 1688557296538,-334960,4182
07-05 13:41:36.553 30428 30522 I BatteryMgr:DataCollectionService: stats => 1688557296553,-334960,4182
07-05 13:41:36.567 30428 30522 I BatteryMgr:DataCollectionService: stats => 1688557296567,-334960,4182
07-05 13:41:36.582 30428 30522 I BatteryMgr:DataCollectionService: stats => 1688557296582,-334960,4182
07-05 13:41:36.598 30428 30522 I BatteryMgr:DataCollectionService: stats => 1688557296598,-334960,4182
07-05 13:41:36.614 30428 30522 I BatteryMgr:DataCollectionService: stats => 1688557296614,-334960,4182
07-05 13:41:36.630 30428 30522 I BatteryMgr:DataCollectionService: stats => 1688557296630,-334960,4182
07-05 13:41:36.644 30428 30522 I BatteryMgr:DataCollectionService: stats => 1688557296644,-334960,4182
07-05 13:41:36.659 30428 30522 I BatteryMgr:DataCollectionService: stats => 1688557296659,-334960,4182
07-05 13:41:36.664  1705  2304 D WificondControl: Scan result ready event
07-05 13:41:36.664  1130  3798 I LOWI-8.6.0.67: [LOWI-Scan] lowi_close_record:Scan done in 14519272ms, 6 APs in scan results
07-05 13:41:36.669  1705  2144 D WificondScannerImpl: Filtering out 2 scan results.
07-05 13:41:36.675  1705  2142 D WifiNetworkSelector: Too short since last network selection: 4852 ms. Skip network selection.
07-05 13:41:36.676 30428 30522 I BatteryMgr:DataCollectionService: stats => 1688557296676,-334960,4182
07-05 13:41:36.694 30428 30522 I BatteryMgr:DataCollectionService: stats => 1688557296694,-334960,4182
07-05 13:41:36.711 30428 30522 I BatteryMgr:DataCollectionService: stats => 1688557296711,-334960,4182
07-05 13:41:36.717  1705  3671 V LocSvc_HIDL_OsNpGlue_jni: [onJavaLocationChanged][236] [HC] =>> [HS]
