--------- beginning of main
07-03 20:36:38.816 18389 18389 D ProcessState: Binder ioctl to enable oneway spam detection failed: Invalid argument
--------- beginning of system
07-03 20:36:38.822  1871  3962 I ActivityTaskManager: START u0 {act=android.intent.action.MAIN cat=[android.intent.category.LAUNCHER] flg=0x10000000 cmp=com.example.batterymanager_utility/.MainActivity} from uid 2000
07-03 20:36:38.823  1871  3962 W ActivityTaskManager: Can't find TaskDisplayArea to determine support for multi window. Task id=85 attached=false
07-03 20:36:38.826  1871  3962 D CompatibilityChangeReporter: Compat change id reported: 174042980; UID 10232; state: DISABLED
07-03 20:36:38.827  1871  3962 D CompatibilityChangeReporter: Compat change id reported: 184838306; UID 10232; state: DISABLED
07-03 20:36:38.828  1871  3962 D CompatibilityChangeReporter: Compat change id reported: 185004937; UID 10232; state: DISABLED
07-03 20:36:38.830  1871  3962 D CompatibilityChangeReporter: Compat change id reported: 168419799; UID 10232; state: DISABLED
07-03 20:36:38.844  1871  1997 W ActivityManager: ProcessRecord{fd1feb 0:com.example.batterymanager_utility/u0a232}: ART verification disabled
07-03 20:36:38.844  1871  1997 D CompatibilityChangeReporter: Compat change id reported: 135634846; UID 10232; state: DISABLED
07-03 20:36:38.844  1871  1997 D CompatibilityChangeReporter: Compat change id reported: 177438394; UID 10232; state: DISABLED
07-03 20:36:38.844  1871  1997 D CompatibilityChangeReporter: Compat change id reported: 135772972; UID 10232; state: DISABLED
07-03 20:36:38.844  1871  1997 D CompatibilityChangeReporter: Compat change id reported: 135754954; UID 10232; state: ENABLED
07-03 20:36:38.844  1871  2012 D CompatibilityChangeReporter: Compat change id reported: 143937733; UID 10232; state: ENABLED
07-03 20:36:38.845  1871  1997 I ActivityManager: Killing 15436:com.google.android.apps.gcs/u0a112 (adj 965): empty for 1809s
07-03 20:36:38.851  1233  1233 D Zygote  : Forked child process 18393
07-03 20:36:38.851  1871  2012 I ActivityManager: Start proc 18393:com.example.batterymanager_utility/u0a232 for pre-top-activity {com.example.batterymanager_utility/com.example.batterymanager_utility.MainActivity}
07-03 20:36:38.856 18393 18393 I manager_utilit: Late-enabling -Xcheck:jni
07-03 20:36:38.863  1233  1233 I Zygote  : Process 15436 exited due to signal 9 (Killed)
07-03 20:36:38.884 18393 18393 I manager_utilit: Using CollectorTypeCC GC.
07-03 20:36:38.888  1871  2013 I libprocessgroup: Successfully killed process cgroup uid 10112 pid 15436 in 42ms
07-03 20:36:38.889 16078 16087 I adbd    : jdwp connection from 18393
07-03 20:36:38.891 18393 18393 D ProcessState: Binder ioctl to enable oneway spam detection failed: Invalid argument
07-03 20:36:38.900 18393 18393 D CompatibilityChangeReporter: Compat change id reported: 171979766; UID 10232; state: ENABLED
07-03 20:36:38.908 18393 18393 D nativeloader: Configuring classloader-namespace for other apk /data/app/~~8n5m5SkTFP1d_NWZTzb8Kw==/com.example.batterymanager_utility-0YRESPMRIPZC72mFjy4gBA==/base.apk. target_sdk_version=33, uses_libraries=, library_path=/data/app/~~8n5m5SkTFP1d_NWZTzb8Kw==/com.example.batterymanager_utility-0YRESPMRIPZC72mFjy4gBA==/lib/arm64, permitted_path=/data:/mnt/expand:/data/user/0/com.example.batterymanager_utility
07-03 20:36:38.914 18393 18393 V GraphicsEnvironment: ANGLE Developer option for 'com.example.batterymanager_utility' set to: 'default'
07-03 20:36:38.914 18393 18393 V GraphicsEnvironment: App is not on the allowlist for updatable production driver.
07-03 20:36:38.915 18393 18393 D NetworkSecurityConfig: No Network Security Config specified, using platform default
07-03 20:36:38.915 18393 18393 D NetworkSecurityConfig: No Network Security Config specified, using platform default
07-03 20:36:38.919 18393 18393 I BatteryMgr:App: creating notification channel
07-03 20:36:38.936  3838  3838 I A       : onPause
07-03 20:36:38.940  3554  3554 I GsaVoiceInteractionSrv: Handling ACTION_STOP_HOTWORD
07-03 20:36:38.950 18394 18394 D AndroidRuntime: >>>>>> START com.android.internal.os.RuntimeInit uid 2000 <<<<<<
07-03 20:36:38.953 18394 18394 W app_process: type=1400 audit(0.0:137): avc: denied { read } for name="u:object_r:odsign_prop:s0" dev="tmpfs" ino=24166 scontext=u:r:shell:s0 tcontext=u:object_r:odsign_prop:s0 tclass=file permissive=0
07-03 20:36:38.955 18394 18394 I AndroidRuntime: Using default boot image
07-03 20:36:38.955 18394 18394 I AndroidRuntime: Leaving lock profiling enabled
07-03 20:36:38.955 18394 18394 W libc    : Access denied finding property "odsign.verification.success"
07-03 20:36:38.958 18394 18394 W app_process: ART APEX data files are untrusted.
07-03 20:36:38.958 18394 18394 I app_process: Using CollectorTypeCC GC.
07-03 20:36:38.958 18394 18394 E app_process: Error reading named image component header for /system/framework/boot.art, error: Unable to open file "/system/framework/arm64/boot.art" for reading image header
07-03 20:36:38.975 18416 18416 W dex2oat64: Mismatch between dex2oat instruction set features to use (ISA: Arm64 Feature string: -a53,crc,lse,fp16,-dotprod,-sve) and those from CPP defines (ISA: Arm64 Feature string: -a53,-crc,-lse,-fp16,-dotprod,-sve) for the command line:
07-03 20:36:38.975 18416 18416 W dex2oat64: /apex/com.android.art/bin/dex2oat64 --runtime-arg -Xbootclasspath:/apex/com.android.art/javalib/core-oj.jar:/apex/com.android.art/javalib/core-libart.jar:/apex/com.android.art/javalib/okhttp.jar:/apex/com.android.art/javalib/bouncycastle.jar:/apex/com.android.art/javalib/apache-xml.jar:/system/framework/framework.jar:/system/framework/framework-graphics.jar:/system/framework/ext.jar:/system/framework/telephony-common.jar:/system/framework/voip-common.jar:/system/framework/ims-common.jar:/apex/com.android.i18n/javalib/core-icu4j.jar --runtime-arg -Xbootclasspath-locations:/apex/com.android.art/javalib/core-oj.jar:/apex/com.android.art/javalib/core-libart.jar:/apex/com.android.art/javalib/okhttp.jar:/apex/com.android.art/javalib/bouncycastle.jar:/apex/com.android.art/javalib/apache-xml.jar:/system/framework/framework.jar:/system/framework/framework-graphics.jar:/system/framework/ext.jar:/system/framework/telephony-common.jar:/system/framework/voip-common.jar:/system/framework/ims-common.jar:/apex/com.android.i18n/javalib/core-icu4j.jar --base=0x70000000 --dex-file=/apex/com.android.art/javalib/core-oj.jar --dex-location=/apex/com.android.art/javalib/core-oj.jar --dex-file=/apex/com.android.art/javalib/core-libart.jar --dex-location=/apex/com.android.art/javalib/core-libart.jar --dex-file=/apex/com.android.art/javalib/okhttp.jar --dex-location=/apex/com.android.art/javalib/okhttp.jar --dex-file=/apex/com.android.art/javalib/bouncycastle.jar --dex-location=/apex/com.android.art/javalib/bouncycastle.jar --dex-file=/apex/com.android.art/javalib/apache-xml.jar --dex-location=/apex/com.android.art/javalib/apache-xml.jar --dex-file=/system/framework/framework.jar --dex-location=/system/framework/framework.jar --dex-file=/system/framework/framework-graphics.jar --dex-location=/system/framework/framework-graphics.jar --dex-file=/system/framework/ext.jar --dex-location=/system/framework/ext.jar --dex-file=/system/framework/telephony-common.jar --dex-location=/system/framework/telephony-common.jar --dex-file=/system/framework/voip-common.jar --dex-location=/system/framework/voip-common.jar --dex-file=/system/framework/ims-common.jar --dex-location=/system/framework/ims-common.jar --dex-file=/apex/com.android.i18n/javalib/core-icu4j.jar --dex-location=/apex/com.android.i18n/javalib/core-icu4j.jar --image-fd=5 --output-vdex-fd=6 --oat-fd=7 --oat-location=/system/framework/arm64/boot.oat --single-image --image-format=uncompressed --compiler-filter=verify --profile-file=/apex/com.android.art/etc/boot-image.prof --profile-file=/system/etc/boot-image.prof --avoid-storing-invocation --instruction-set=arm64 --instruction-set-features=runtime --runtime-arg -Xms64m --runtime-arg -Xmx64m --dirty-image-objects=/system/etc/dirty-image-objects --instruction-set-variant=kryo385 --instruction-set-features=default --generate-mini-debug-info
07-03 20:36:38.993 18416 18416 I dex2oat64: /apex/com.android.art/bin/dex2oat64 --runtime-arg -Xbootclasspath:/apex/com.android.art/javalib/core-oj.jar:/apex/com.android.art/javalib/core-libart.jar:/apex/com.android.art/javalib/okhttp.jar:/apex/com.android.art/javalib/bouncycastle.jar:/apex/com.android.art/javalib/apache-xml.jar:/system/framework/framework.jar:/system/framework/framework-graphics.jar:/system/framework/ext.jar:/system/framework/telephony-common.jar:/system/framework/voip-common.jar:/system/framework/ims-common.jar:/apex/com.android.i18n/javalib/core-icu4j.jar --runtime-arg -Xbootclasspath-locations:/apex/com.android.art/javalib/core-oj.jar:/apex/com.android.art/javalib/core-libart.jar:/apex/com.android.art/javalib/okhttp.jar:/apex/com.android.art/javalib/bouncycastle.jar:/apex/com.android.art/javalib/apache-xml.jar:/system/framework/framework.jar:/system/framework/framework-graphics.jar:/system/framework/ext.jar:/system/framework/telephony-common.jar:/system/framework/voip-common.jar:/system/framework/ims-common.jar:/apex/com.android.i18n/javalib/core-icu4j.jar --base=0x70000000 --dex-file=/apex/com.android.art/javalib/core-oj.jar --dex-location=/apex/com.android.art/javalib/core-oj.jar --dex-file=/apex/com.android.art/javalib/core-libart.jar --dex-location=/apex/com.android.art/javalib/core-libart.jar --dex-file=/apex/com.android.art/javalib/okhttp.jar --dex-location=/apex/com.android.art/javalib/okhttp.jar --dex-file=/apex/com.android.art/javalib/bouncycastle.jar --dex-location=/apex/com.android.art/javalib/bouncycastle.jar --dex-file=/apex/com.android.art/javalib/apache-xml.jar --dex-location=/apex/com.android.art/javalib/apache-xml.jar --dex-file=/system/framework/framework.jar --dex-location=/system/framework/framework.jar --dex-file=/system/framework/framework-graphics.jar --dex-location=/system/framework/framework-graphics.jar --dex-file=/system/framework/ext.jar --dex-location=/system/framework/ext.jar --dex-file=/system/framework/telephony-common.jar --dex-location=/system/framework/telephony-common.jar --dex-file=/system/framework/voip-common.jar --dex-location=/system/framework/voip-common.jar --dex-file=/system/framework/ims-common.jar --dex-location=/system/framework/ims-common.jar --dex-file=/apex/com.android.i18n/javalib/core-icu4j.jar --dex-location=/apex/com.android.i18n/javalib/core-icu4j.jar --image-fd=5 --output-vdex-fd=6 --oat-fd=7 --oat-location=/system/framework/arm64/boot.oat --single-image --image-format=uncompressed --compiler-filter=verify --profile-file=/apex/com.android.art/etc/boot-image.prof --profile-file=/system/etc/boot-image.prof --avoid-storing-invocation --instruction-set=arm64 --instruction-set-features=runtime --runtime-arg -Xms64m --runtime-arg -Xmx64m --dirty-image-objects=/system/etc/dirty-image-objects --instruction-set-variant=kryo385 --instruction-set-features=default --generate-mini-debug-info
07-03 20:36:38.994 18416 18416 I dex2oat64: setting boot class path to /apex/com.android.art/javalib/core-oj.jar:/apex/com.android.art/javalib/core-libart.jar:/apex/com.android.art/javalib/okhttp.jar:/apex/com.android.art/javalib/bouncycastle.jar:/apex/com.android.art/javalib/apache-xml.jar:/system/framework/framework.jar:/system/framework/framework-graphics.jar:/system/framework/ext.jar:/system/framework/telephony-common.jar:/system/framework/voip-common.jar:/system/framework/ims-common.jar:/apex/com.android.i18n/javalib/core-icu4j.jar
07-03 20:36:39.044  1871  1998 D CompatibilityChangeReporter: Compat change id reported: 158002302; UID 10232; state: ENABLED
07-03 20:36:39.045 18393 18412 I AdrenoGLES-0: QUALCOMM build                   : 781e7d0, I46ff5fc46f
07-03 20:36:39.045 18393 18412 I AdrenoGLES-0: Build Date                       : 12/01/20
07-03 20:36:39.045 18393 18412 I AdrenoGLES-0: OpenGL ES Shader Compiler Version: EV031.31.04.01
07-03 20:36:39.045 18393 18412 I AdrenoGLES-0: Local Branch                     : QPR1
07-03 20:36:39.045 18393 18412 I AdrenoGLES-0: Remote Branch                    : 
07-03 20:36:39.045 18393 18412 I AdrenoGLES-0: Remote Branch                    : 
07-03 20:36:39.045 18393 18412 I AdrenoGLES-0: Reconstruct Branch               : 
07-03 20:36:39.046 18393 18412 I AdrenoGLES-0: Build Config                     : C P 11.0.1 AArch64
07-03 20:36:39.046 18393 18412 I AdrenoGLES-0: Driver Path                      : /vendor/lib64/egl/libGLESv2_adreno.so
07-03 20:36:39.048 18393 18412 I AdrenoGLES-0: PFP: 0x016ee190, ME: 0x00000000
07-03 20:36:39.049 18393 18412 W AdrenoUtils: <ReadGpuID_from_sysfs:197>: Failed to open /sys/class/kgsl/kgsl-3d0/gpu_model
07-03 20:36:39.049 18393 18412 W AdrenoUtils: <ReadGpuID:221>: Failed to read chip ID from gpu_model. Fallback to use the GSL path
07-03 20:36:39.055   743   768 I SDM     : HWCDisplay::GetColorModeCount: Supported color mode count = 5
07-03 20:36:39.055   741  2412 E HWComposer: getSupportedContentTypes: getSupportedContentTypes failed for display 0: Unsupported (8)
07-03 20:36:39.055 18393 18412 D hw-ProcessState: Binder ioctl to enable oneway spam detection failed: Invalid argument
07-03 20:36:39.056   689   689 I hwservicemanager: getTransport: Cannot find entry android.hardware.graphics.mapper@4.0::IMapper/default in either framework or device VINTF manifest.
07-03 20:36:39.056 18393 18418 I Gralloc4: mapper 4.x is not supported
07-03 20:36:39.056   689   689 I hwservicemanager: getTransport: Cannot find entry android.hardware.graphics.mapper@3.0::IMapper/default in either framework or device VINTF manifest.
07-03 20:36:39.056 18393 18418 W Gralloc3: mapper 3.x is not supported
07-03 20:36:39.057   689   689 I hwservicemanager: getTransport: Cannot find entry android.hardware.graphics.allocator@4.0::IAllocator/default in either framework or device VINTF manifest.
07-03 20:36:39.057 18393 18418 W Gralloc4: allocator 4.x is not supported
07-03 20:36:39.057   689   689 I hwservicemanager: getTransport: Cannot find entry android.hardware.graphics.allocator@3.0::IAllocator/default in either framework or device VINTF manifest.
07-03 20:36:39.058 18393 18418 W Gralloc3: allocator 3.x is not supported
07-03 20:36:39.074  1871  1990 I ActivityTaskManager: Displayed com.example.batterymanager_utility/.MainActivity: +249ms
07-03 20:36:39.089  3568  3568 I GoogleInputMethodService: GoogleInputMethodService.onFinishInput():3306 
07-03 20:36:39.090  3568  3568 I GoogleInputMethodService: GoogleInputMethodService.updateDeviceLockedStatus():2127 repeatCheckTimes = 0, locked = false
07-03 20:36:39.090  3568  3568 I GoogleInputMethodService: GoogleInputMethodService.onStartInput():1909 onStartInput(EditorInfo{inputType=0x0(NULL) imeOptions=0x0 privateImeOptions=null actionName=UNSPECIFIED actionLabel=null actionId=0 initialSelStart=-1 initialSelEnd=-1 initialCapsMode=0x0 hintText=null label=null packageName=com.example.batterymanager_utility fieldId=-1 fieldName=null extras=null hintLocales=[]}, false)
07-03 20:36:39.090  3568  3568 I GoogleInputMethodService: GoogleInputMethodService.shouldHideHeaderOnInitialState():1990 ShouldHideHeaderOnInitialState = false
07-03 20:36:39.090  3568  3568 I GoogleInputMethodService: GoogleInputMethodService.updateDeviceLockedStatus():2127 repeatCheckTimes = 1, locked = false
07-03 20:36:39.117  2526  2526 I WallpaperService: engine paused
07-03 20:36:39.121  1871  1997 W ProcessStats: Tracking association SourceState{4c56239 system/1000 BTopFgs #10245} whose proc state 2 is better than process ProcessState{ba85ac5 com.google.android.gms.persistent/10125 pkg=com.google.android.gms} proc state 3 (24 skipped)
07-03 20:36:39.144  3838  3838 I A       : (REDACTED) onApplyWindowInsets: systemWindowInsets=%s
07-03 20:36:39.144  3838  3838 I A       : (REDACTED) onApplyWindowInsets: systemWindowInsets=%s
07-03 20:36:39.145  3838  3838 I A       : onStop
07-03 20:36:39.282 18416 18416 I dex2oat64: Using CollectorTypeCC GC.
07-03 20:36:39.369  1871  3634 W InputManager-JNI: Input channel object '1796e65 Splash Screen com.example.batterymanager_utility (client)' was disposed without first being removed with the input manager!
07-03 20:36:39.562  2423  2481 D ControlsListingControllerImpl: Subscribing callback, service count: 1
07-03 20:36:39.564  2423  2481 D ControlsListingControllerImpl: Unsubscribing callback
07-03 20:36:39.787  2423  2481 I QAWController: Re-creating the QAW client to avoid stale.
07-03 20:36:39.802  2423  2423 I QuickAccessWalletTile: Successfully retrieved wallet cards.
07-03 20:36:39.802  2423  2423 D QuickAccessWalletTile: No wallet cards exist.
07-03 20:36:40.092  1871  2252 D ConnectivityService: NetReassign [no changes] [c 0] [a 1] [i 1]
07-03 20:36:41.099 18416 18416 I dex2oat64: Explicit concurrent copying GC freed 88235(11MB) AllocSpace objects, 5(84KB) LOS objects, 27% free, 15MB/21MB, paused 19us,14us total 91.389ms
07-03 20:36:41.312 18416 18416 I dex2oat64: Explicit concurrent copying GC freed 41961(7495KB) AllocSpace objects, 0(0B) LOS objects, 41% free, 8512KB/14MB, paused 14us,13us total 43.980ms
07-03 20:36:41.773 18416 18416 I dex2oat64: dex2oat took 2.801s (5.841s cpu) (threads: 8) arena alloc=0B (0B) java alloc=8512KB (8716512B) native alloc=15MB (16378608B) free=4409KB (4515808B)
07-03 20:36:41.894 18394 18394 D app_process: Time zone APEX ICU file found: /apex/com.android.tzdata/etc/icu/icu_tzdata.dat
07-03 20:36:41.894 18394 18394 D app_process: I18n APEX ICU file found: /apex/com.android.i18n/etc/icu/icudt68l.dat
07-03 20:36:41.941 18394 18394 D ProcessState: Binder ioctl to enable oneway spam detection failed: Invalid argument
07-03 20:36:41.942 18394 18394 D AndroidRuntime: Calling main entry com.android.commands.monkey.Monkey
07-03 20:36:41.945 18394 18394 W Monkey  : args: [-p, e.www.writeroomtest, 1]
07-03 20:36:41.947 18394 18394 W Monkey  :  arg: "-p"
07-03 20:36:41.947 18394 18394 W Monkey  :  arg: "e.www.writeroomtest"
07-03 20:36:41.947 18394 18394 W Monkey  :  arg: "1"
07-03 20:36:41.947 18394 18394 W Monkey  : data="e.www.writeroomtest"
07-03 20:36:42.006  1871  2011 W BroadcastQueue: Skipping deliver [background] BroadcastRecord{fd2e923 u-1 android.net.conn.CONNECTIVITY_CHANGE} to ReceiverList{3e81e20 18394 (unknown name)/2000/u-1 remote:66e96dd}: process gone or crashing
07-03 20:36:42.019  1871  3634 I ActivityTaskManager: START u0 {act=android.intent.action.MAIN cat=[android.intent.category.LAUNCHER] flg=0x10200000 cmp=e.www.writeroomtest/.MainActivity} from uid 2000
07-03 20:36:42.020  1871  3634 W ActivityTaskManager: Can't find TaskDisplayArea to determine support for multi window. Task id=86 attached=false
07-03 20:36:42.022  1871  3634 D CompatibilityChangeReporter: Compat change id reported: 174042980; UID 10219; state: DISABLED
07-03 20:36:42.023  1871  3634 D CompatibilityChangeReporter: Compat change id reported: 184838306; UID 10219; state: DISABLED
07-03 20:36:42.024  1871  3634 D CompatibilityChangeReporter: Compat change id reported: 185004937; UID 10219; state: DISABLED
07-03 20:36:42.025  1871  3634 D CompatibilityChangeReporter: Compat change id reported: 181136395; UID 10219; state: DISABLED
07-03 20:36:42.025  1871  3634 D CompatibilityChangeReporter: Compat change id reported: 174042936; UID 10219; state: DISABLED
07-03 20:36:42.027  1871  3634 D CompatibilityChangeReporter: Compat change id reported: 168419799; UID 10219; state: DISABLED
07-03 20:36:42.031 18394 18394 I Monkey  : Events injected: 1
07-03 20:36:42.042  1871  1997 W ActivityManager: ProcessRecord{5e0f47f 0:e.www.writeroomtest/u0a219}: ART verification disabled
07-03 20:36:42.042  1871  1997 D CompatibilityChangeReporter: Compat change id reported: 135634846; UID 10219; state: DISABLED
07-03 20:36:42.042  1871  1997 D CompatibilityChangeReporter: Compat change id reported: 177438394; UID 10219; state: DISABLED
07-03 20:36:42.042  1871  1997 D CompatibilityChangeReporter: Compat change id reported: 135772972; UID 10219; state: DISABLED
07-03 20:36:42.042  1871  1997 D CompatibilityChangeReporter: Compat change id reported: 135754954; UID 10219; state: DISABLED
07-03 20:36:42.042  1871  2012 D CompatibilityChangeReporter: Compat change id reported: 143937733; UID 10219; state: DISABLED
07-03 20:36:42.043 18394 18394 I Monkey  : ## Network stats: elapsed time=23ms (0ms mobile, 0ms wifi, 23ms not connected)
07-03 20:36:42.043 18394 18394 I app_process: System.exit called, status: 0
07-03 20:36:42.043 18394 18394 I AndroidRuntime: VM exiting with result code 0.
07-03 20:36:42.047  1233  1233 D Zygote  : Forked child process 18444
07-03 20:36:42.048  1871  2012 I ActivityManager: Start proc 18444:e.www.writeroomtest/u0a219 for pre-top-activity {e.www.writeroomtest/e.www.writeroomtest.MainActivity}
07-03 20:36:42.052 18444 18444 I w.writeroomtes: Late-enabling -Xcheck:jni
07-03 20:36:42.066  2526  2899 W OpenGLRenderer: Surface doesn't have any previously queued frames, nothing to readback from
07-03 20:36:42.070  2526  2526 I WallpaperService: engine resumed
07-03 20:36:42.071  2526  2899 W OpenGLRenderer: Surface doesn't have any previously queued frames, nothing to readback from
07-03 20:36:42.079 18444 18444 I w.writeroomtes: Using CollectorTypeCC GC.
07-03 20:36:42.083 16078 16087 I adbd    : jdwp connection from 18444
07-03 20:36:42.086 18444 18444 D ProcessState: Binder ioctl to enable oneway spam detection failed: Invalid argument
07-03 20:36:42.094 18444 18444 D CompatibilityChangeReporter: Compat change id reported: 171979766; UID 10219; state: DISABLED
07-03 20:36:42.099 18444 18444 D ApplicationLoaders: Returning zygote-cached class loader: /system/framework/android.test.base.jar
07-03 20:36:42.102 18444 18444 D nativeloader: Configuring classloader-namespace for other apk /data/app/~~ksDm7C5zlcGSJXF4pgWsKg==/e.www.writeroomtest-Qz7KpycQoKuy0BDhxUe9Gg==/base.apk. target_sdk_version=28, uses_libraries=, library_path=/data/app/~~ksDm7C5zlcGSJXF4pgWsKg==/e.www.writeroomtest-Qz7KpycQoKuy0BDhxUe9Gg==/lib/arm64, permitted_path=/data:/mnt/expand:/data/user/0/e.www.writeroomtest
07-03 20:36:42.108 18444 18444 V GraphicsEnvironment: ANGLE Developer option for 'e.www.writeroomtest' set to: 'default'
07-03 20:36:42.108 18444 18444 V GraphicsEnvironment: App is not on the allowlist for updatable production driver.
07-03 20:36:42.109 18444 18444 D NetworkSecurityConfig: No Network Security Config specified, using platform default
07-03 20:36:42.110 18444 18444 D NetworkSecurityConfig: No Network Security Config specified, using platform default
07-03 20:36:42.138 18444 18444 W w.writeroomtes: Accessing hidden method Landroid/view/View;->computeFitSystemWindows(Landroid/graphics/Rect;Landroid/graphics/Rect;)Z (unsupported, reflection, allowed)
07-03 20:36:42.138 18444 18444 W w.writeroomtes: Accessing hidden method Landroid/view/ViewGroup;->makeOptionalFitsSystemWindows()V (unsupported, reflection, allowed)
07-03 20:36:42.173  1871  1998 D CompatibilityChangeReporter: Compat change id reported: 158002302; UID 10219; state: ENABLED
07-03 20:36:42.174 18444 18462 I AdrenoGLES-0: QUALCOMM build                   : 781e7d0, I46ff5fc46f
07-03 20:36:42.174 18444 18462 I AdrenoGLES-0: Build Date                       : 12/01/20
07-03 20:36:42.174 18444 18462 I AdrenoGLES-0: OpenGL ES Shader Compiler Version: EV031.31.04.01
07-03 20:36:42.174 18444 18462 I AdrenoGLES-0: Local Branch                     : QPR1
07-03 20:36:42.174 18444 18462 I AdrenoGLES-0: Remote Branch                    : 
07-03 20:36:42.174 18444 18462 I AdrenoGLES-0: Remote Branch                    : 
07-03 20:36:42.174 18444 18462 I AdrenoGLES-0: Reconstruct Branch               : 
07-03 20:36:42.174 18444 18462 I AdrenoGLES-0: Build Config                     : C P 11.0.1 AArch64
07-03 20:36:42.174 18444 18462 I AdrenoGLES-0: Driver Path                      : /vendor/lib64/egl/libGLESv2_adreno.so
07-03 20:36:42.177 18444 18462 I AdrenoGLES-0: PFP: 0x016ee190, ME: 0x00000000
07-03 20:36:42.178 18444 18462 W AdrenoUtils: <ReadGpuID_from_sysfs:197>: Failed to open /sys/class/kgsl/kgsl-3d0/gpu_model
07-03 20:36:42.178 18444 18462 W AdrenoUtils: <ReadGpuID:221>: Failed to read chip ID from gpu_model. Fallback to use the GSL path
07-03 20:36:42.183   743   768 I SDM     : HWCDisplay::GetColorModeCount: Supported color mode count = 5
07-03 20:36:42.183   741  2412 E HWComposer: getSupportedContentTypes: getSupportedContentTypes failed for display 0: Unsupported (8)
07-03 20:36:42.184 18444 18462 D hw-ProcessState: Binder ioctl to enable oneway spam detection failed: Invalid argument
07-03 20:36:42.185   689   689 I hwservicemanager: getTransport: Cannot find entry android.hardware.graphics.mapper@4.0::IMapper/default in either framework or device VINTF manifest.
07-03 20:36:42.185 18444 18468 I Gralloc4: mapper 4.x is not supported
07-03 20:36:42.185   689   689 I hwservicemanager: getTransport: Cannot find entry android.hardware.graphics.mapper@3.0::IMapper/default in either framework or device VINTF manifest.
07-03 20:36:42.185 18444 18468 W Gralloc3: mapper 3.x is not supported
07-03 20:36:42.187   689   689 I hwservicemanager: getTransport: Cannot find entry android.hardware.graphics.allocator@4.0::IAllocator/default in either framework or device VINTF manifest.
07-03 20:36:42.187 18444 18468 W Gralloc4: allocator 4.x is not supported
07-03 20:36:42.187   689   689 I hwservicemanager: getTransport: Cannot find entry android.hardware.graphics.allocator@3.0::IAllocator/default in either framework or device VINTF manifest.
07-03 20:36:42.187 18444 18468 W Gralloc3: allocator 3.x is not supported
07-03 20:36:42.199  1871  1990 I ActivityTaskManager: Displayed e.www.writeroomtest/.MainActivity: +177ms
07-03 20:36:42.207  3568  3568 I GoogleInputMethodService: GoogleInputMethodService.onFinishInput():3306 
07-03 20:36:42.208  3568  3568 I GoogleInputMethodService: GoogleInputMethodService.updateDeviceLockedStatus():2127 repeatCheckTimes = 0, locked = false
07-03 20:36:42.208  3568  3568 I GoogleInputMethodService: GoogleInputMethodService.onStartInput():1909 onStartInput(EditorInfo{inputType=0x0(NULL) imeOptions=0x0 privateImeOptions=null actionName=UNSPECIFIED actionLabel=null actionId=0 initialSelStart=-1 initialSelEnd=-1 initialCapsMode=0x0 hintText=null label=null packageName=e.www.writeroomtest fieldId=-1 fieldName=null extras=null hintLocales=[]}, false)
07-03 20:36:42.208  3568  3568 I GoogleInputMethodService: GoogleInputMethodService.shouldHideHeaderOnInitialState():1990 ShouldHideHeaderOnInitialState = false
07-03 20:36:42.209  3568  3568 I GoogleInputMethodService: GoogleInputMethodService.updateDeviceLockedStatus():2127 repeatCheckTimes = 1, locked = false
07-03 20:36:42.491  1871  1902 W InputManager-JNI: Input channel object '692c495 Splash Screen e.www.writeroomtest (client)' was disposed without first being removed with the input manager!
07-03 20:36:42.662  2526  2526 I WallpaperService: engine paused
07-03 20:36:43.124  1871  2252 D ConnectivityService: NetReassign [no changes] [c 0] [a 0] [i 2]
07-03 20:36:43.272 18474 18474 D ProcessState: Binder ioctl to enable oneway spam detection failed: Invalid argument
07-03 20:36:43.743 18490 18490 D ProcessState: Binder ioctl to enable oneway spam detection failed: Invalid argument
07-03 20:36:43.748  1871  1902 I ActivityManager: Background started FGS: Allowed [callingPackage: com.android.shell; callingUid: 2000; uidState: NONE; intent: Intent { cmp=com.example.batterymanager_utility/.DataCollectionService (has extras) }; code:SYSTEM_UID; tempAllowListReason:<,reasonCode:SYSTEM_ALLOW_LISTED,duration:9223372036854775807,callingUid:-1>; targetSdkVersion:33; callerTargetSdkVersion:-1; startForegroundCount:0; bindFromPackage:null]
07-03 20:36:43.757 18393 18393 I BatteryMgr:DataCollectionService: onStartCommand: begin
07-03 20:36:43.757 18393 18393 I BatteryMgr:DataCollectionService: onStartCommand: sampleRate => 1000
07-03 20:36:43.757 18393 18393 I BatteryMgr:DataCollectionService: onStartCommand: rawFields => Timestamp,BATTERY_PROPERTY_CURRENT_NOW,EXTRA_VOLTAGE
07-03 20:36:43.758 18393 18393 I BatteryMgr:DataCollectionService: onStartCommand: notification done
07-03 20:36:43.762 18393 18393 I BatteryMgr:DataCollectionService: started foreground
07-03 20:36:43.771 18393 18493 I BatteryMgr:DataCollectionService: collectData: begin
07-03 20:36:43.775 18393 18493 I BatteryMgr:DataCollectionService: stats => 1688409403775,305625,4043
07-03 20:36:44.528 18393 18502 D ProfileInstaller: Installing profile for com.example.batterymanager_utility
07-03 20:36:44.790 18393 18493 I BatteryMgr:DataCollectionService: stats => 1688409404790,85625,4043
07-03 20:36:45.805 18393 18493 I BatteryMgr:DataCollectionService: stats => 1688409405805,111250,4043
07-03 20:36:46.151  1871  2252 D ConnectivityService: NetReassign [no changes] [c 0] [a 1] [i 3]
07-03 20:36:46.820 18393 18493 I BatteryMgr:DataCollectionService: stats => 1688409406820,135000,4043
07-03 20:36:47.844 18393 18493 I BatteryMgr:DataCollectionService: stats => 1688409407844,205937,4043
07-03 20:36:48.868 18393 18493 I BatteryMgr:DataCollectionService: stats => 1688409408868,105000,4043
07-03 20:36:49.179  1871  2252 D ConnectivityService: NetReassign [no changes] [c 0] [a 1] [i 3]
07-03 20:36:49.876 18393 18493 I BatteryMgr:DataCollectionService: stats => 1688409409876,168125,4043
07-03 20:36:50.899 18393 18493 I BatteryMgr:DataCollectionService: stats => 1688409410899,100625,4043
07-03 20:36:51.925 18393 18493 I BatteryMgr:DataCollectionService: stats => 1688409411925,106562,4043
07-03 20:36:52.197  1871  2252 D ConnectivityService: NetReassign [no changes] [c 1] [a 0] [i 3]
07-03 20:36:52.955 18393 18493 I BatteryMgr:DataCollectionService: stats => 1688409412955,279687,4043
07-03 20:36:53.973 18393 18493 I BatteryMgr:DataCollectionService: stats => 1688409413973,121562,4043
07-03 20:36:54.980 18393 18493 I BatteryMgr:DataCollectionService: stats => 1688409414980,97812,4043
07-03 20:36:55.225  1871  2252 D ConnectivityService: NetReassign [no changes] [c 0] [a 1] [i 3]
07-03 20:36:56.005 18393 18493 I BatteryMgr:DataCollectionService: stats => 1688409416005,69375,4043
07-03 20:36:57.020 18393 18493 I BatteryMgr:DataCollectionService: stats => 1688409417019,103750,4043
07-03 20:36:58.043 18393 18493 I BatteryMgr:DataCollectionService: stats => 1688409418043,91875,4043
07-03 20:36:58.250  1871  2252 D ConnectivityService: NetReassign [no changes] [c 0] [a 0] [i 3]
07-03 20:36:59.065 18393 18493 I BatteryMgr:DataCollectionService: stats => 1688409419065,190000,4043
07-03 20:37:00.015  3546  3947 I AiAiEcho: Predicting[7]: { Feature:1, creation:2023-07-03T18:14:10.493Z, expiry:2023-07-03T19:00:00Z, isExpired: false}, { Feature:1, creation:2023-07-03T19:00:00Z, expiry:2023-07-03T20:00:00Z, isExpired: true}, { Feature:1, creation:2023-07-03T20:00:00Z, expiry:2023-07-03T21:00:00Z, isExpired: true}, { Feature:1, creation:2023-07-03T21:00:00Z, expiry:2023-07-03T22:00:00Z, isExpired: true}, { Feature:1, creation:2023-07-03T22:00:00Z, expiry:2023-07-03T23:00:00Z, isExpired: true}, { Feature:1, creation:2023-07-03T23:00:00Z, expiry:2023-07-04T00:00:00Z, isExpired: true}, { Feature:1, creation:2023-07-04T00:00:00Z, expiry:2023-07-04T00:14:10.493Z, isExpired: true}
07-03 20:37:00.017  3546  3947 I AiAiEcho: EchoTargets: Feature:1
07-03 20:37:00.017  3546  3947 I AiAiEcho: Filtered by AiAi flag check: 
07-03 20:37:00.018  3546  3947 I AiAiEcho: Ranked targets strategy: WEIGHTED, count: 1, ranking metadata: { cardId: WEATHER-569377243, card type: 1, update time: 2023-07-03T18:14:10.493Z, expiration time: 2023-07-03T19:00:00Z, ranking metadata: RankingMetaData(urgency=0.788, priority=0.3, recency=1.0, rankScore=0.23640001, importantTimePoints=# kwj@7bca4) }
07-03 20:37:00.020  3546  3947 I AiAiEcho: #postPredictionTargets: Sending updates to UISurface lockscreen with targets# 1 (types=[1])
07-03 20:37:00.024  1871  3962 I ActivityManager: Killing 15573:com.google.android.partnersetup/u0a108 (adj 955): empty for 1800s
07-03 20:37:00.025  1871  3962 I ActivityManager: Killing 15556:android.process.acore/u0a54 (adj 965): empty for 1800s
07-03 20:37:00.026  1871  3962 W ProcessStats: Tracking association SourceState{4c56239 system/1000 BTopFgs #10270} whose proc state 2 is better than process ProcessState{ba85ac5 com.google.android.gms.persistent/10125 pkg=com.google.android.gms} proc state 3 (48 skipped)
07-03 20:37:00.033  2423  2423 W BcSmartspaceCard: No title view to update
07-03 20:37:00.060  1871  2507 D CountryDetector: No listener is left
07-03 20:37:00.060  1233  1233 I Zygote  : Process 15556 exited due to signal 9 (Killed)
07-03 20:37:00.061  1233  1233 I Zygote  : Process 15573 exited due to signal 9 (Killed)
07-03 20:37:00.073 18393 18493 I BatteryMgr:DataCollectionService: stats => 1688409420073,220937,4043
07-03 20:37:00.082  1871  2013 I libprocessgroup: Successfully killed process cgroup uid 10108 pid 15573 in 56ms
07-03 20:37:00.082  1871  2013 I libprocessgroup: Successfully killed process cgroup uid 10054 pid 15556 in 0ms
07-03 20:37:01.083 18393 18493 I BatteryMgr:DataCollectionService: stats => 1688409421083,178750,4043
07-03 20:37:01.270  1871  2252 D ConnectivityService: NetReassign [no changes] [c 1] [a 0] [i 4]
07-03 20:37:02.111 18393 18493 I BatteryMgr:DataCollectionService: stats => 1688409422110,88125,4043
07-03 20:37:03.134 18393 18493 I BatteryMgr:DataCollectionService: stats => 1688409423134,95937,4043
07-03 20:37:04.151 18393 18493 I BatteryMgr:DataCollectionService: stats => 1688409424151,115937,4043
07-03 20:37:04.302  1871  2252 D ConnectivityService: NetReassign [no changes] [c 1] [a 0] [i 4]
07-03 20:37:05.175 18393 18493 I BatteryMgr:DataCollectionService: stats => 1688409425175,246250,4043
07-03 20:37:06.202 18393 18493 I BatteryMgr:DataCollectionService: stats => 1688409426202,98125,4043
07-03 20:37:07.217 18393 18493 I BatteryMgr:DataCollectionService: stats => 1688409427216,104687,4043
07-03 20:37:07.331  1871  2252 D ConnectivityService: NetReassign [no changes] [c 0] [a 1] [i 3]
07-03 20:37:07.746 18444 18456 W System  : A resource failed to call close. 
07-03 20:37:08.237 18393 18493 I BatteryMgr:DataCollectionService: stats => 1688409428236,113750,4043
07-03 20:37:09.262 18393 18493 I BatteryMgr:DataCollectionService: stats => 1688409429262,187500,4043
07-03 20:37:10.272 18393 18493 I BatteryMgr:DataCollectionService: stats => 1688409430272,164687,4043
07-03 20:37:10.361  1871  2252 D ConnectivityService: NetReassign [no changes] [c 0] [a 1] [i 3]
07-03 20:37:11.281 18393 18493 I BatteryMgr:DataCollectionService: stats => 1688409431281,171875,4043
07-03 20:37:12.290 18393 18493 I BatteryMgr:DataCollectionService: stats => 1688409432290,143437,4043
07-03 20:37:13.302 18393 18493 I BatteryMgr:DataCollectionService: stats => 1688409433302,97187,4043
07-03 20:37:13.417  1871  2252 D ConnectivityService: NetReassign [no changes] [c 0] [a 0] [i 4]
07-03 20:37:14.312 18393 18493 I BatteryMgr:DataCollectionService: stats => 1688409434312,151250,4043
07-03 20:37:14.685  1871  3616 W ProcessStats: Tracking association SourceState{efc0de9 com.google.android.googlequicksearchbox:interactor/10135 BTopFgs #10273} whose proc state 2 is better than process ProcessState{ba85ac5 com.google.android.gms.persistent/10125 pkg=com.google.android.gms} proc state 3 (8 skipped)
07-03 20:37:15.338 18393 18493 I BatteryMgr:DataCollectionService: stats => 1688409435338,117500,4043
07-03 20:37:16.347 18393 18493 I BatteryMgr:DataCollectionService: stats => 1688409436347,106875,4043
07-03 20:37:16.441  1871  2252 D ConnectivityService: NetReassign [no changes] [c 1] [a 0] [i 3]
07-03 20:37:17.371 18393 18493 I BatteryMgr:DataCollectionService: stats => 1688409437371,122812,4043
07-03 20:37:18.380 18393 18493 I BatteryMgr:DataCollectionService: stats => 1688409438380,138437,4043
07-03 20:37:19.409 18393 18493 I BatteryMgr:DataCollectionService: stats => 1688409439409,135312,4043
07-03 20:37:19.472  1871  2252 D ConnectivityService: NetReassign [no changes] [c 0] [a 1] [i 3]
07-03 20:37:20.424 18393 18493 I BatteryMgr:DataCollectionService: stats => 1688409440424,241250,4043
07-03 20:37:21.433 18393 18493 I BatteryMgr:DataCollectionService: stats => 1688409441432,179375,4043
07-03 20:37:22.449 18393 18493 I BatteryMgr:DataCollectionService: stats => 1688409442449,101250,4043
07-03 20:37:22.494  1871  2252 D ConnectivityService: NetReassign [no changes] [c 1] [a 0] [i 3]
07-03 20:37:23.466 18393 18493 I BatteryMgr:DataCollectionService: stats => 1688409443465,128437,4043
07-03 20:37:24.494 18393 18493 I BatteryMgr:DataCollectionService: stats => 1688409444494,103750,4043
07-03 20:37:25.503 18393 18493 I BatteryMgr:DataCollectionService: stats => 1688409445503,124375,4043
07-03 20:37:25.520  1871  2252 D ConnectivityService: NetReassign [no changes] [c 1] [a 0] [i 3]
07-03 20:37:26.520 18393 18493 I BatteryMgr:DataCollectionService: stats => 1688409446520,128437,4043
07-03 20:37:27.538 18393 18493 I BatteryMgr:DataCollectionService: stats => 1688409447538,96562,4043
07-03 20:37:28.546 18393 18493 I BatteryMgr:DataCollectionService: stats => 1688409448545,119687,4043
07-03 20:37:28.555  1871  2252 D ConnectivityService: NetReassign [no changes] [c 0] [a 1] [i 2]
07-03 20:37:29.569 18393 18493 I BatteryMgr:DataCollectionService: stats => 1688409449569,94375,4043
07-03 20:37:29.768  1871  3609 W ProcessStats: Tracking association SourceState{4c56239 system/1000 BTopFgs #10274} whose proc state 2 is better than process ProcessState{ba85ac5 com.google.android.gms.persistent/10125 pkg=com.google.android.gms} proc state 3 (3 skipped)
07-03 20:37:30.595 18393 18493 I BatteryMgr:DataCollectionService: stats => 1688409450595,255625,4043
07-03 20:37:31.581  1871  2252 D ConnectivityService: NetReassign [no changes] [c 1] [a 0] [i 3]
07-03 20:37:31.610 18393 18493 I BatteryMgr:DataCollectionService: stats => 1688409451610,182500,4043
07-03 20:37:32.627 18393 18493 I BatteryMgr:DataCollectionService: stats => 1688409452627,192187,4043
07-03 20:37:33.658 18393 18493 I BatteryMgr:DataCollectionService: stats => 1688409453658,115000,4043
07-03 20:37:34.621  1871  2252 D ConnectivityService: NetReassign [no changes] [c 1] [a 0] [i 4]
07-03 20:37:34.681 18393 18493 I BatteryMgr:DataCollectionService: stats => 1688409454681,117187,4043
07-03 20:37:35.696 18393 18493 I BatteryMgr:DataCollectionService: stats => 1688409455696,150312,4043
07-03 20:37:36.714 18393 18493 I BatteryMgr:DataCollectionService: stats => 1688409456714,117500,4043
07-03 20:37:37.661  1871  2252 D ConnectivityService: NetReassign [no changes] [c 0] [a 1] [i 3]
07-03 20:37:37.743 18393 18493 I BatteryMgr:DataCollectionService: stats => 1688409457743,96875,4043
07-03 20:37:38.755 18393 18493 I BatteryMgr:DataCollectionService: stats => 1688409458755,65937,4043
07-03 20:37:39.782 18393 18493 I BatteryMgr:DataCollectionService: stats => 1688409459781,96875,4043
07-03 20:37:39.802  1871  3616 W ProcessStats: Tracking association SourceState{4c56239 system/1000 BTopFgs #10275} whose proc state 2 is better than process ProcessState{ba85ac5 com.google.android.gms.persistent/10125 pkg=com.google.android.gms} proc state 3 (2 skipped)
07-03 20:37:40.675  1871  2252 D ConnectivityService: NetReassign [no changes] [c 0] [a 0] [i 2]
07-03 20:37:40.813 18393 18493 I BatteryMgr:DataCollectionService: stats => 1688409460813,320312,4043
07-03 20:37:41.827 18393 18493 I BatteryMgr:DataCollectionService: stats => 1688409461827,190625,4043
07-03 20:37:42.836 18393 18493 I BatteryMgr:DataCollectionService: stats => 1688409462836,156875,4043
07-03 20:37:43.711  1871  2252 D ConnectivityService: NetReassign [no changes] [c 0] [a 1] [i 3]
07-03 20:37:43.851 18393 18493 I BatteryMgr:DataCollectionService: stats => 1688409463851,100625,4043
07-03 20:37:44.214 18512 18512 D ProcessState: Binder ioctl to enable oneway spam detection failed: Invalid argument
07-03 20:37:44.306 18517 18517 D ProcessState: Binder ioctl to enable oneway spam detection failed: Invalid argument
07-03 20:37:44.583 18528 18528 D ProcessState: Binder ioctl to enable oneway spam detection failed: Invalid argument
07-03 20:37:44.588  1871  3609 I ActivityManager: Force stopping e.www.writeroomtest appid=10219 user=0: from pid 18528
07-03 20:37:44.589  1871  3609 I ActivityManager: Killing 18444:e.www.writeroomtest/u0a219 (adj 0): stop e.www.writeroomtest due to from pid 18528
07-03 20:37:44.591  1871  3609 W ActivityTaskManager: Force removing ActivityRecord{6fb19e u0 e.www.writeroomtest/.MainActivity t86 f}}: app died, no saved state
07-03 20:37:44.595  1871  3609 W InputManager-JNI: Input channel object 'ab856fe e.www.writeroomtest/e.www.writeroomtest.MainActivity (client)' was disposed without first being removed with the input manager!
07-03 20:37:44.607  1871  3609 D CompatibilityChangeReporter: Compat change id reported: 181136395; UID 10232; state: DISABLED
07-03 20:37:44.608  1871  3609 D CompatibilityChangeReporter: Compat change id reported: 174042936; UID 10232; state: DISABLED
07-03 20:37:44.610  1871  3609 W ActivityTaskManager: Can't find TaskDisplayArea to determine support for multi window. Task id=86 attached=false
07-03 20:37:44.610  1871  3609 W ActivityTaskManager: Can't find TaskDisplayArea to determine support for multi window. Task id=86 attached=false
07-03 20:37:44.613  1233  1233 I Zygote  : Process 18444 exited due to signal 9 (Killed)
07-03 20:37:44.613   741   741 E BpTransactionCompletedListener: Failed to transact (-32)
07-03 20:37:44.626  1871  9923 V ActivityManager: Got obituary of 18444:e.www.writeroomtest
07-03 20:37:44.626  2613  2613 E PhoneInterfaceManager: [PhoneIntfMgr] getCarrierPackageNamesForIntentAndPhone: No UICC
07-03 20:37:44.626  1871  1997 W ActivityManager: setHasOverlayUi called on unknown pid: 18444
07-03 20:37:44.626  2613  2613 D CarrierSvcBindHelper: No carrier app for: 0
07-03 20:37:44.631  3635  3635 D RegisteredNfcFServicesCache: Service unchanged, not updating
07-03 20:37:44.633  1871  2013 I libprocessgroup: Successfully killed process cgroup uid 10219 pid 18444 in 43ms
07-03 20:37:44.637  2821  2821 I EuiccGoogle: [2] EuiccServiceImpl.onCreate: onCreate Single-SIM mode: simCardState is 1
07-03 20:37:44.641  2821 18536 I EuiccGoogle: [222] EuiccServiceImpl.onGetEuiccProfileInfoList: onGetEuiccProfileInfoList: slotId = -1
07-03 20:37:44.643  2821 18536 W EuiccGoogle: [222] EuiccServiceImpl.onGetEuiccProfileInfoList: slotId=-1. No eUICC is active. Return null.
07-03 20:37:44.646  2526  2899 W OpenGLRenderer: Surface doesn't have any previously queued frames, nothing to readback from
07-03 20:37:44.649  2526  2526 I WallpaperService: engine resumed
07-03 20:37:44.650  2526  2899 W OpenGLRenderer: Surface doesn't have any previously queued frames, nothing to readback from
07-03 20:37:44.657 18393 18410 I OpenGLRenderer: Davey! duration=65723ms; Flags=1, FrameTimelineVsyncId=376820, IntendedVsync=5510606910325, Vsync=5510640243657, InputEventId=0, HandleInputStart=5510645392085, AnimationStart=5510645396304, PerformTraversalsStart=5510645574429, DrawStart=5510743647668, FrameDeadline=5510640243657, FrameInterval=5510645364793, FrameStartTime=16666666, SyncQueued=5510747902147, SyncStart=5510747977252, IssueDrawCommandsStart=5510748279335, SwapBuffers=5510753248554, FrameCompleted=5576330206806, DequeueBufferDuration=18125, QueueBufferDuration=580469, GpuCompleted=5576330206806, SwapBuffersCompleted=5510754309596, DisplayPresentTime=0, 
07-03 20:37:44.658  3568  3568 I GoogleInputMethodService: GoogleInputMethodService.onFinishInput():3306 
07-03 20:37:44.659  3568  3568 I GoogleInputMethodService: GoogleInputMethodService.updateDeviceLockedStatus():2127 repeatCheckTimes = 0, locked = false
07-03 20:37:44.659  3568  3568 I GoogleInputMethodService: GoogleInputMethodService.onStartInput():1909 onStartInput(EditorInfo{inputType=0x0(NULL) imeOptions=0x0 privateImeOptions=null actionName=UNSPECIFIED actionLabel=null actionId=0 initialSelStart=-1 initialSelEnd=-1 initialCapsMode=0x0 hintText=null label=null packageName=com.example.batterymanager_utility fieldId=-1 fieldName=null extras=null hintLocales=[]}, false)
07-03 20:37:44.659  3568  3568 I GoogleInputMethodService: GoogleInputMethodService.shouldHideHeaderOnInitialState():1990 ShouldHideHeaderOnInitialState = false
07-03 20:37:44.659  3568  3568 I GoogleInputMethodService: GoogleInputMethodService.updateDeviceLockedStatus():2127 repeatCheckTimes = 1, locked = false
07-03 20:37:45.244  2526  2526 I WallpaperService: engine paused
07-03 20:37:46.747  1871  2252 D ConnectivityService: NetReassign [no changes] [c 0] [a 1] [i 2]
07-03 20:37:48.203 18544 18544 D ProcessState: Binder ioctl to enable oneway spam detection failed: Invalid argument
07-03 20:37:48.209  1871  3962 I ActivityManager: Force stopping com.example.batterymanager_utility appid=10232 user=0: from pid 18544
07-03 20:37:48.210  1871  3962 I ActivityManager: Killing 18393:com.example.batterymanager_utility/u0a232 (adj 0): stop com.example.batterymanager_utility due to from pid 18544
07-03 20:37:48.211  1871  3962 W ActivityTaskManager: Force removing ActivityRecord{7fcf5cf u0 com.example.batterymanager_utility/.MainActivity t85 f}}: app died, no saved state
07-03 20:37:48.216  1871  3962 W InputManager-JNI: Input channel object '3d89a9a com.example.batterymanager_utility/com.example.batterymanager_utility.MainActivity (client)' was disposed without first being removed with the input manager!
07-03 20:37:48.228  1871  3962 W ActivityTaskManager: Can't find TaskDisplayArea to determine support for multi window. Task id=85 attached=false
07-03 20:37:48.228  1871  3962 W ActivityTaskManager: Can't find TaskDisplayArea to determine support for multi window. Task id=85 attached=false
07-03 20:37:48.239  3838  3838 I A       : (REDACTED) onApplyWindowInsets: systemWindowInsets=%s
07-03 20:37:48.239  3838  3838 I A       : (REDACTED) onApplyWindowInsets: systemWindowInsets=%s
07-03 20:37:48.244  1233  1233 I Zygote  : Process 18393 exited due to signal 9 (Killed)
07-03 20:37:48.247  2613  2613 E PhoneInterfaceManager: [PhoneIntfMgr] getCarrierPackageNamesForIntentAndPhone: No UICC
07-03 20:37:48.247  2613  2613 D CarrierSvcBindHelper: No carrier app for: 0
07-03 20:37:48.253  3838  3838 I A       : onStart
07-03 20:37:48.254  3635  3635 D RegisteredNfcFServicesCache: Service unchanged, not updating
07-03 20:37:48.254  1871  8337 V ActivityManager: Got obituary of 18393:com.example.batterymanager_utility
07-03 20:37:48.256  1871  1997 W ActivityManager: setHasOverlayUi called on unknown pid: 18393
07-03 20:37:48.256  1871  2013 I libprocessgroup: Successfully killed process cgroup uid 10232 pid 18393 in 45ms
07-03 20:37:48.257  3838  3838 I A       : onResume
07-03 20:37:48.259   741   741 E BpTransactionCompletedListener: Failed to transact (-32)
07-03 20:37:48.259  3554  3554 I GsaVoiceInteractionSrv: Handling ACTION_START_HOTWORD
07-03 20:37:48.260  3554  4131 I GsaVoiceInteractionSrv: (REDACTED) disregardHotwordSetting: %b
07-03 20:37:48.260  3554  4131 I GsaVoiceInteractionSrv: Cannot start hotword, hotword has been explicitly disabled.
07-03 20:37:48.261  2526  2899 W OpenGLRenderer: Surface doesn't have any previously queued frames, nothing to readback from
07-03 20:37:48.262  3838  3852 I OpenGLRenderer: Davey! duration=406552ms; Flags=1, FrameTimelineVsyncId=353191, IntendedVsync=5173385603125, Vsync=5173385603125, InputEventId=0, HandleInputStart=5173387093384, AnimationStart=5173387094790, PerformTraversalsStart=5173387095311, DrawStart=5173404408594, FrameDeadline=5173418936457, FrameInterval=5173386980102, FrameStartTime=16666666, SyncQueued=5173406728386, SyncStart=5173407015209, IssueDrawCommandsStart=5173407431615, SwapBuffers=5173408494115, FrameCompleted=5579937940655, DequeueBufferDuration=22188, QueueBufferDuration=637240, GpuCompleted=5579937940655, SwapBuffersCompleted=5173409661667, DisplayPresentTime=0, 
07-03 20:37:48.264  2526  2526 I WallpaperService: engine resumed
07-03 20:37:48.265  2526  2899 W OpenGLRenderer: Surface doesn't have any previously queued frames, nothing to readback from
07-03 20:37:48.267  3568  3568 I GoogleInputMethodService: GoogleInputMethodService.onFinishInput():3306 
07-03 20:37:48.271  3568  3568 I GoogleInputMethodService: GoogleInputMethodService.updateDeviceLockedStatus():2127 repeatCheckTimes = 0, locked = false
07-03 20:37:48.271  3568  3568 I GoogleInputMethodService: GoogleInputMethodService.onStartInput():1909 onStartInput(EditorInfo{inputType=0x0(NULL) imeOptions=0x0 privateImeOptions=null actionName=UNSPECIFIED actionLabel=null actionId=0 initialSelStart=-1 initialSelEnd=-1 initialCapsMode=0x0 hintText=null label=null packageName=com.google.android.apps.nexuslauncher fieldId=-1 fieldName=null extras=null hintLocales=[]}, false)
07-03 20:37:48.271  3568  3568 I GoogleInputMethodService: GoogleInputMethodService.shouldHideHeaderOnInitialState():1990 ShouldHideHeaderOnInitialState = false
07-03 20:37:48.271  3568  3568 I GoogleInputMethodService: GoogleInputMethodService.updateDeviceLockedStatus():2127 repeatCheckTimes = 1, locked = false
