--------- beginning of main
07-03 19:54:05.726 14187 14187 D ProcessState: Binder ioctl to enable oneway spam detection failed: Invalid argument
--------- beginning of system
07-03 19:54:05.730  1871  2309 I ActivityTaskManager: START u0 {act=android.intent.action.MAIN cat=[android.intent.category.LAUNCHER] flg=0x10000000 cmp=com.example.batterymanager_utility/.MainActivity} from uid 2000
07-03 19:54:05.732  1871  2309 W ActivityTaskManager: Can't find TaskDisplayArea to determine support for multi window. Task id=48 attached=false
07-03 19:54:05.735  1871  2309 D CompatibilityChangeReporter: Compat change id reported: 174042980; UID 10232; state: DISABLED
07-03 19:54:05.735  1871  2309 D CompatibilityChangeReporter: Compat change id reported: 184838306; UID 10232; state: DISABLED
07-03 19:54:05.735  1871  2309 D CompatibilityChangeReporter: Compat change id reported: 185004937; UID 10232; state: DISABLED
07-03 19:54:05.738  1871  2309 D CompatibilityChangeReporter: Compat change id reported: 168419799; UID 10232; state: DISABLED
07-03 19:54:05.749  1871  1997 W ActivityManager: ProcessRecord{495e3a 0:com.example.batterymanager_utility/u0a232}: ART verification disabled
07-03 19:54:05.749  1871  1997 D CompatibilityChangeReporter: Compat change id reported: 135634846; UID 10232; state: DISABLED
07-03 19:54:05.749  1871  1997 D CompatibilityChangeReporter: Compat change id reported: 177438394; UID 10232; state: DISABLED
07-03 19:54:05.749  1871  1997 D CompatibilityChangeReporter: Compat change id reported: 135772972; UID 10232; state: DISABLED
07-03 19:54:05.750  1871  1997 D CompatibilityChangeReporter: Compat change id reported: 135754954; UID 10232; state: ENABLED
07-03 19:54:05.750  1871  2012 D CompatibilityChangeReporter: Compat change id reported: 143937733; UID 10232; state: ENABLED
07-03 19:54:05.754  1233  1233 D Zygote  : Forked child process 14190
07-03 19:54:05.755  1871  2012 I ActivityManager: Start proc 14190:com.example.batterymanager_utility/u0a232 for pre-top-activity {com.example.batterymanager_utility/com.example.batterymanager_utility.MainActivity}
07-03 19:54:05.765 14190 14190 I manager_utilit: Late-enabling -Xcheck:jni
07-03 19:54:05.795 14190 14190 I manager_utilit: Using CollectorTypeCC GC.
07-03 19:54:05.799 13557 13565 I adbd    : jdwp connection from 14190
07-03 19:54:05.801 14190 14190 D ProcessState: Binder ioctl to enable oneway spam detection failed: Invalid argument
07-03 19:54:05.810 14190 14190 D CompatibilityChangeReporter: Compat change id reported: 171979766; UID 10232; state: ENABLED
07-03 19:54:05.818 14190 14190 D nativeloader: Configuring classloader-namespace for other apk /data/app/~~8n5m5SkTFP1d_NWZTzb8Kw==/com.example.batterymanager_utility-0YRESPMRIPZC72mFjy4gBA==/base.apk. target_sdk_version=33, uses_libraries=, library_path=/data/app/~~8n5m5SkTFP1d_NWZTzb8Kw==/com.example.batterymanager_utility-0YRESPMRIPZC72mFjy4gBA==/lib/arm64, permitted_path=/data:/mnt/expand:/data/user/0/com.example.batterymanager_utility
07-03 19:54:05.824 14190 14190 V GraphicsEnvironment: ANGLE Developer option for 'com.example.batterymanager_utility' set to: 'default'
07-03 19:54:05.824 14190 14190 V GraphicsEnvironment: App is not on the allowlist for updatable production driver.
07-03 19:54:05.825 14190 14190 D NetworkSecurityConfig: No Network Security Config specified, using platform default
07-03 19:54:05.826 14190 14190 D NetworkSecurityConfig: No Network Security Config specified, using platform default
07-03 19:54:05.830 14190 14190 I BatteryMgr:App: creating notification channel
07-03 19:54:05.842  3838  3838 I A       : onPause
07-03 19:54:05.844  3554  3554 I GsaVoiceInteractionSrv: Handling ACTION_STOP_HOTWORD
07-03 19:54:05.858 14192 14192 D AndroidRuntime: >>>>>> START com.android.internal.os.RuntimeInit uid 2000 <<<<<<
07-03 19:54:05.863 14192 14192 I AndroidRuntime: Using default boot image
07-03 19:54:05.863 14192 14192 I AndroidRuntime: Leaving lock profiling enabled
07-03 19:54:05.859 14192 14192 W app_process: type=1400 audit(0.0:106): avc: denied { read } for name="u:object_r:odsign_prop:s0" dev="tmpfs" ino=24166 scontext=u:r:shell:s0 tcontext=u:object_r:odsign_prop:s0 tclass=file permissive=0
07-03 19:54:05.863 14192 14192 W libc    : Access denied finding property "odsign.verification.success"
07-03 19:54:05.866 14192 14192 W app_process: ART APEX data files are untrusted.
07-03 19:54:05.866 14192 14192 I app_process: Using CollectorTypeCC GC.
07-03 19:54:05.866 14192 14192 E app_process: Error reading named image component header for /system/framework/boot.art, error: Unable to open file "/system/framework/arm64/boot.art" for reading image header
07-03 19:54:05.882 14213 14213 W dex2oat64: Mismatch between dex2oat instruction set features to use (ISA: Arm64 Feature string: -a53,crc,lse,fp16,-dotprod,-sve) and those from CPP defines (ISA: Arm64 Feature string: -a53,-crc,-lse,-fp16,-dotprod,-sve) for the command line:
07-03 19:54:05.882 14213 14213 W dex2oat64: /apex/com.android.art/bin/dex2oat64 --runtime-arg -Xbootclasspath:/apex/com.android.art/javalib/core-oj.jar:/apex/com.android.art/javalib/core-libart.jar:/apex/com.android.art/javalib/okhttp.jar:/apex/com.android.art/javalib/bouncycastle.jar:/apex/com.android.art/javalib/apache-xml.jar:/system/framework/framework.jar:/system/framework/framework-graphics.jar:/system/framework/ext.jar:/system/framework/telephony-common.jar:/system/framework/voip-common.jar:/system/framework/ims-common.jar:/apex/com.android.i18n/javalib/core-icu4j.jar --runtime-arg -Xbootclasspath-locations:/apex/com.android.art/javalib/core-oj.jar:/apex/com.android.art/javalib/core-libart.jar:/apex/com.android.art/javalib/okhttp.jar:/apex/com.android.art/javalib/bouncycastle.jar:/apex/com.android.art/javalib/apache-xml.jar:/system/framework/framework.jar:/system/framework/framework-graphics.jar:/system/framework/ext.jar:/system/framework/telephony-common.jar:/system/framework/voip-common.jar:/system/framework/ims-common.jar:/apex/com.android.i18n/javalib/core-icu4j.jar --base=0x70000000 --dex-file=/apex/com.android.art/javalib/core-oj.jar --dex-location=/apex/com.android.art/javalib/core-oj.jar --dex-file=/apex/com.android.art/javalib/core-libart.jar --dex-location=/apex/com.android.art/javalib/core-libart.jar --dex-file=/apex/com.android.art/javalib/okhttp.jar --dex-location=/apex/com.android.art/javalib/okhttp.jar --dex-file=/apex/com.android.art/javalib/bouncycastle.jar --dex-location=/apex/com.android.art/javalib/bouncycastle.jar --dex-file=/apex/com.android.art/javalib/apache-xml.jar --dex-location=/apex/com.android.art/javalib/apache-xml.jar --dex-file=/system/framework/framework.jar --dex-location=/system/framework/framework.jar --dex-file=/system/framework/framework-graphics.jar --dex-location=/system/framework/framework-graphics.jar --dex-file=/system/framework/ext.jar --dex-location=/system/framework/ext.jar --dex-file=/system/framework/telephony-common.jar --dex-location=/system/framework/telephony-common.jar --dex-file=/system/framework/voip-common.jar --dex-location=/system/framework/voip-common.jar --dex-file=/system/framework/ims-common.jar --dex-location=/system/framework/ims-common.jar --dex-file=/apex/com.android.i18n/javalib/core-icu4j.jar --dex-location=/apex/com.android.i18n/javalib/core-icu4j.jar --image-fd=5 --output-vdex-fd=6 --oat-fd=7 --oat-location=/system/framework/arm64/boot.oat --single-image --image-format=uncompressed --compiler-filter=verify --profile-file=/apex/com.android.art/etc/boot-image.prof --profile-file=/system/etc/boot-image.prof --avoid-storing-invocation --instruction-set=arm64 --instruction-set-features=runtime --runtime-arg -Xms64m --runtime-arg -Xmx64m --dirty-image-objects=/system/etc/dirty-image-objects --instruction-set-variant=kryo385 --instruction-set-features=default --generate-mini-debug-info
07-03 19:54:05.900 14213 14213 I dex2oat64: /apex/com.android.art/bin/dex2oat64 --runtime-arg -Xbootclasspath:/apex/com.android.art/javalib/core-oj.jar:/apex/com.android.art/javalib/core-libart.jar:/apex/com.android.art/javalib/okhttp.jar:/apex/com.android.art/javalib/bouncycastle.jar:/apex/com.android.art/javalib/apache-xml.jar:/system/framework/framework.jar:/system/framework/framework-graphics.jar:/system/framework/ext.jar:/system/framework/telephony-common.jar:/system/framework/voip-common.jar:/system/framework/ims-common.jar:/apex/com.android.i18n/javalib/core-icu4j.jar --runtime-arg -Xbootclasspath-locations:/apex/com.android.art/javalib/core-oj.jar:/apex/com.android.art/javalib/core-libart.jar:/apex/com.android.art/javalib/okhttp.jar:/apex/com.android.art/javalib/bouncycastle.jar:/apex/com.android.art/javalib/apache-xml.jar:/system/framework/framework.jar:/system/framework/framework-graphics.jar:/system/framework/ext.jar:/system/framework/telephony-common.jar:/system/framework/voip-common.jar:/system/framework/ims-common.jar:/apex/com.android.i18n/javalib/core-icu4j.jar --base=0x70000000 --dex-file=/apex/com.android.art/javalib/core-oj.jar --dex-location=/apex/com.android.art/javalib/core-oj.jar --dex-file=/apex/com.android.art/javalib/core-libart.jar --dex-location=/apex/com.android.art/javalib/core-libart.jar --dex-file=/apex/com.android.art/javalib/okhttp.jar --dex-location=/apex/com.android.art/javalib/okhttp.jar --dex-file=/apex/com.android.art/javalib/bouncycastle.jar --dex-location=/apex/com.android.art/javalib/bouncycastle.jar --dex-file=/apex/com.android.art/javalib/apache-xml.jar --dex-location=/apex/com.android.art/javalib/apache-xml.jar --dex-file=/system/framework/framework.jar --dex-location=/system/framework/framework.jar --dex-file=/system/framework/framework-graphics.jar --dex-location=/system/framework/framework-graphics.jar --dex-file=/system/framework/ext.jar --dex-location=/system/framework/ext.jar --dex-file=/system/framework/telephony-common.jar --dex-location=/system/framework/telephony-common.jar --dex-file=/system/framework/voip-common.jar --dex-location=/system/framework/voip-common.jar --dex-file=/system/framework/ims-common.jar --dex-location=/system/framework/ims-common.jar --dex-file=/apex/com.android.i18n/javalib/core-icu4j.jar --dex-location=/apex/com.android.i18n/javalib/core-icu4j.jar --image-fd=5 --output-vdex-fd=6 --oat-fd=7 --oat-location=/system/framework/arm64/boot.oat --single-image --image-format=uncompressed --compiler-filter=verify --profile-file=/apex/com.android.art/etc/boot-image.prof --profile-file=/system/etc/boot-image.prof --avoid-storing-invocation --instruction-set=arm64 --instruction-set-features=runtime --runtime-arg -Xms64m --runtime-arg -Xmx64m --dirty-image-objects=/system/etc/dirty-image-objects --instruction-set-variant=kryo385 --instruction-set-features=default --generate-mini-debug-info
07-03 19:54:05.902 14213 14213 I dex2oat64: setting boot class path to /apex/com.android.art/javalib/core-oj.jar:/apex/com.android.art/javalib/core-libart.jar:/apex/com.android.art/javalib/okhttp.jar:/apex/com.android.art/javalib/bouncycastle.jar:/apex/com.android.art/javalib/apache-xml.jar:/system/framework/framework.jar:/system/framework/framework-graphics.jar:/system/framework/ext.jar:/system/framework/telephony-common.jar:/system/framework/voip-common.jar:/system/framework/ims-common.jar:/apex/com.android.i18n/javalib/core-icu4j.jar
07-03 19:54:05.954  1871  1998 D CompatibilityChangeReporter: Compat change id reported: 158002302; UID 10232; state: ENABLED
07-03 19:54:05.956 14190 14210 I AdrenoGLES-0: QUALCOMM build                   : 781e7d0, I46ff5fc46f
07-03 19:54:05.956 14190 14210 I AdrenoGLES-0: Build Date                       : 12/01/20
07-03 19:54:05.956 14190 14210 I AdrenoGLES-0: OpenGL ES Shader Compiler Version: EV031.31.04.01
07-03 19:54:05.956 14190 14210 I AdrenoGLES-0: Local Branch                     : QPR1
07-03 19:54:05.956 14190 14210 I AdrenoGLES-0: Remote Branch                    : 
07-03 19:54:05.956 14190 14210 I AdrenoGLES-0: Remote Branch                    : 
07-03 19:54:05.956 14190 14210 I AdrenoGLES-0: Reconstruct Branch               : 
07-03 19:54:05.956 14190 14210 I AdrenoGLES-0: Build Config                     : C P 11.0.1 AArch64
07-03 19:54:05.956 14190 14210 I AdrenoGLES-0: Driver Path                      : /vendor/lib64/egl/libGLESv2_adreno.so
07-03 19:54:05.958 14190 14210 I AdrenoGLES-0: PFP: 0x016ee190, ME: 0x00000000
07-03 19:54:05.959 14190 14210 W AdrenoUtils: <ReadGpuID_from_sysfs:197>: Failed to open /sys/class/kgsl/kgsl-3d0/gpu_model
07-03 19:54:05.959 14190 14210 W AdrenoUtils: <ReadGpuID:221>: Failed to read chip ID from gpu_model. Fallback to use the GSL path
07-03 19:54:05.964   743   768 I SDM     : HWCDisplay::GetColorModeCount: Supported color mode count = 5
07-03 19:54:05.965   741  1062 E HWComposer: getSupportedContentTypes: getSupportedContentTypes failed for display 0: Unsupported (8)
07-03 19:54:05.965 14190 14210 D hw-ProcessState: Binder ioctl to enable oneway spam detection failed: Invalid argument
07-03 19:54:05.966   689   689 I hwservicemanager: getTransport: Cannot find entry android.hardware.graphics.mapper@4.0::IMapper/default in either framework or device VINTF manifest.
07-03 19:54:05.966 14190 14215 I Gralloc4: mapper 4.x is not supported
07-03 19:54:05.966   689   689 I hwservicemanager: getTransport: Cannot find entry android.hardware.graphics.mapper@3.0::IMapper/default in either framework or device VINTF manifest.
07-03 19:54:05.966 14190 14215 W Gralloc3: mapper 3.x is not supported
07-03 19:54:05.968   689   689 I hwservicemanager: getTransport: Cannot find entry android.hardware.graphics.allocator@4.0::IAllocator/default in either framework or device VINTF manifest.
07-03 19:54:05.968 14190 14215 W Gralloc4: allocator 4.x is not supported
07-03 19:54:05.968   689   689 I hwservicemanager: getTransport: Cannot find entry android.hardware.graphics.allocator@3.0::IAllocator/default in either framework or device VINTF manifest.
07-03 19:54:05.968 14190 14215 W Gralloc3: allocator 3.x is not supported
07-03 19:54:05.986  1871  1990 I ActivityTaskManager: Displayed com.example.batterymanager_utility/.MainActivity: +252ms
07-03 19:54:05.996  3568  3568 I GoogleInputMethodService: GoogleInputMethodService.onFinishInput():3306 
07-03 19:54:05.996  3568  3568 I GoogleInputMethodService: GoogleInputMethodService.updateDeviceLockedStatus():2127 repeatCheckTimes = 0, locked = false
07-03 19:54:05.996  3568  3568 I GoogleInputMethodService: GoogleInputMethodService.onStartInput():1909 onStartInput(EditorInfo{inputType=0x0(NULL) imeOptions=0x0 privateImeOptions=null actionName=UNSPECIFIED actionLabel=null actionId=0 initialSelStart=-1 initialSelEnd=-1 initialCapsMode=0x0 hintText=null label=null packageName=com.example.batterymanager_utility fieldId=-1 fieldName=null extras=null hintLocales=[]}, false)
07-03 19:54:05.996  3568  3568 I GoogleInputMethodService: GoogleInputMethodService.shouldHideHeaderOnInitialState():1990 ShouldHideHeaderOnInitialState = false
07-03 19:54:05.997  3568  3568 I GoogleInputMethodService: GoogleInputMethodService.updateDeviceLockedStatus():2127 repeatCheckTimes = 1, locked = false
07-03 19:54:06.034  2526  2526 I WallpaperService: engine paused
07-03 19:54:06.038  1871  1997 W ProcessStats: Tracking association SourceState{4c56239 system/1000 BTopFgs #8490} whose proc state 2 is better than process ProcessState{ba85ac5 com.google.android.gms.persistent/10125 pkg=com.google.android.gms} proc state 3 (31 skipped)
07-03 19:54:06.058  3838  3838 I A       : (REDACTED) onApplyWindowInsets: systemWindowInsets=%s
07-03 19:54:06.059  3838  3838 I A       : (REDACTED) onApplyWindowInsets: systemWindowInsets=%s
07-03 19:54:06.059  3838  3838 I A       : onStop
07-03 19:54:06.194 14213 14213 I dex2oat64: Using CollectorTypeCC GC.
07-03 19:54:06.273  1871  9386 W InputManager-JNI: Input channel object '6b23a5c Splash Screen com.example.batterymanager_utility (client)' was disposed without first being removed with the input manager!
07-03 19:54:07.174  1871  2252 D ConnectivityService: NetReassign [no changes] [c 0] [a 0] [i 2]
07-03 19:54:08.023 14213 14213 I dex2oat64: Explicit concurrent copying GC freed 88251(11MB) AllocSpace objects, 5(84KB) LOS objects, 27% free, 15MB/21MB, paused 20us,14us total 91.704ms
07-03 19:54:08.239 14213 14213 I dex2oat64: Explicit concurrent copying GC freed 41961(7495KB) AllocSpace objects, 0(0B) LOS objects, 41% free, 8512KB/14MB, paused 15us,13us total 44.698ms
07-03 19:54:08.701 14213 14213 I dex2oat64: dex2oat took 2.821s (5.959s cpu) (threads: 8) arena alloc=0B (0B) java alloc=8512KB (8716512B) native alloc=15MB (16378656B) free=4024KB (4120752B)
07-03 19:54:08.825 14192 14192 D app_process: Time zone APEX ICU file found: /apex/com.android.tzdata/etc/icu/icu_tzdata.dat
07-03 19:54:08.825 14192 14192 D app_process: I18n APEX ICU file found: /apex/com.android.i18n/etc/icu/icudt68l.dat
07-03 19:54:08.874 14192 14192 D ProcessState: Binder ioctl to enable oneway spam detection failed: Invalid argument
07-03 19:54:08.874 14192 14192 D AndroidRuntime: Calling main entry com.android.commands.monkey.Monkey
07-03 19:54:08.878 14192 14192 W Monkey  : args: [-p, e.www.writeroomtest, 1]
07-03 19:54:08.879 14192 14192 W Monkey  :  arg: "-p"
07-03 19:54:08.879 14192 14192 W Monkey  :  arg: "e.www.writeroomtest"
07-03 19:54:08.879 14192 14192 W Monkey  :  arg: "1"
07-03 19:54:08.879 14192 14192 W Monkey  : data="e.www.writeroomtest"
07-03 19:54:08.938  1871  2011 W BroadcastQueue: Skipping deliver [background] BroadcastRecord{4ef0aab u-1 android.net.conn.CONNECTIVITY_CHANGE} to ReceiverList{a49d508 14192 (unknown name)/2000/u-1 remote:2b2b25}: process gone or crashing
07-03 19:54:08.953  1871  9386 I ActivityTaskManager: START u0 {act=android.intent.action.MAIN cat=[android.intent.category.LAUNCHER] flg=0x10200000 cmp=e.www.writeroomtest/.MainActivity} from uid 2000
07-03 19:54:08.955  1871  9386 W ActivityTaskManager: Can't find TaskDisplayArea to determine support for multi window. Task id=49 attached=false
07-03 19:54:08.959  1871  9386 D CompatibilityChangeReporter: Compat change id reported: 174042980; UID 10219; state: DISABLED
07-03 19:54:08.960  1871  9386 D CompatibilityChangeReporter: Compat change id reported: 184838306; UID 10219; state: DISABLED
07-03 19:54:08.961  1871  9386 D CompatibilityChangeReporter: Compat change id reported: 185004937; UID 10219; state: DISABLED
07-03 19:54:08.963  1871  9386 D CompatibilityChangeReporter: Compat change id reported: 181136395; UID 10219; state: DISABLED
07-03 19:54:08.964  1871  9386 D CompatibilityChangeReporter: Compat change id reported: 174042936; UID 10219; state: DISABLED
07-03 19:54:08.968  1871  9386 D CompatibilityChangeReporter: Compat change id reported: 168419799; UID 10219; state: DISABLED
07-03 19:54:08.974 14192 14192 I Monkey  : Events injected: 1
07-03 19:54:08.983  1871  1997 W ActivityManager: ProcessRecord{6350952 0:e.www.writeroomtest/u0a219}: ART verification disabled
07-03 19:54:08.983  1871  1997 D CompatibilityChangeReporter: Compat change id reported: 135634846; UID 10219; state: DISABLED
07-03 19:54:08.983  1871  1997 D CompatibilityChangeReporter: Compat change id reported: 177438394; UID 10219; state: DISABLED
07-03 19:54:08.983  1871  1997 D CompatibilityChangeReporter: Compat change id reported: 135772972; UID 10219; state: DISABLED
07-03 19:54:08.983  1871  1997 D CompatibilityChangeReporter: Compat change id reported: 135754954; UID 10219; state: DISABLED
07-03 19:54:08.983  1871  2012 D CompatibilityChangeReporter: Compat change id reported: 143937733; UID 10219; state: DISABLED
07-03 19:54:08.983 14192 14192 I Monkey  : ## Network stats: elapsed time=31ms (0ms mobile, 0ms wifi, 31ms not connected)
07-03 19:54:08.984 14192 14192 I app_process: System.exit called, status: 0
07-03 19:54:08.985 14192 14192 I AndroidRuntime: VM exiting with result code 0.
07-03 19:54:08.988  1233  1233 D Zygote  : Forked child process 14241
07-03 19:54:08.989  1871  2012 I ActivityManager: Start proc 14241:e.www.writeroomtest/u0a219 for pre-top-activity {e.www.writeroomtest/e.www.writeroomtest.MainActivity}
07-03 19:54:08.997 14241 14241 I w.writeroomtes: Late-enabling -Xcheck:jni
07-03 19:54:09.005  2526  2899 W OpenGLRenderer: Surface doesn't have any previously queued frames, nothing to readback from
07-03 19:54:09.009  2526  2526 I WallpaperService: engine resumed
07-03 19:54:09.010  2526  2899 W OpenGLRenderer: Surface doesn't have any previously queued frames, nothing to readback from
07-03 19:54:09.028 14241 14241 I w.writeroomtes: Using CollectorTypeCC GC.
07-03 19:54:09.032 13557 13565 I adbd    : jdwp connection from 14241
07-03 19:54:09.034 14241 14241 D ProcessState: Binder ioctl to enable oneway spam detection failed: Invalid argument
07-03 19:54:09.043 14241 14241 D CompatibilityChangeReporter: Compat change id reported: 171979766; UID 10219; state: DISABLED
07-03 19:54:09.048 14241 14241 D ApplicationLoaders: Returning zygote-cached class loader: /system/framework/android.test.base.jar
07-03 19:54:09.050 14241 14241 D nativeloader: Configuring classloader-namespace for other apk /data/app/~~ksDm7C5zlcGSJXF4pgWsKg==/e.www.writeroomtest-Qz7KpycQoKuy0BDhxUe9Gg==/base.apk. target_sdk_version=28, uses_libraries=, library_path=/data/app/~~ksDm7C5zlcGSJXF4pgWsKg==/e.www.writeroomtest-Qz7KpycQoKuy0BDhxUe9Gg==/lib/arm64, permitted_path=/data:/mnt/expand:/data/user/0/e.www.writeroomtest
07-03 19:54:09.057 14241 14241 V GraphicsEnvironment: ANGLE Developer option for 'e.www.writeroomtest' set to: 'default'
07-03 19:54:09.057 14241 14241 V GraphicsEnvironment: App is not on the allowlist for updatable production driver.
07-03 19:54:09.058 14241 14241 D NetworkSecurityConfig: No Network Security Config specified, using platform default
07-03 19:54:09.059 14241 14241 D NetworkSecurityConfig: No Network Security Config specified, using platform default
07-03 19:54:09.086 14241 14241 W w.writeroomtes: Accessing hidden method Landroid/view/View;->computeFitSystemWindows(Landroid/graphics/Rect;Landroid/graphics/Rect;)Z (unsupported, reflection, allowed)
07-03 19:54:09.086 14241 14241 W w.writeroomtes: Accessing hidden method Landroid/view/ViewGroup;->makeOptionalFitsSystemWindows()V (unsupported, reflection, allowed)
07-03 19:54:09.124  1871  1998 D CompatibilityChangeReporter: Compat change id reported: 158002302; UID 10219; state: ENABLED
07-03 19:54:09.125 14241 14259 I AdrenoGLES-0: QUALCOMM build                   : 781e7d0, I46ff5fc46f
07-03 19:54:09.125 14241 14259 I AdrenoGLES-0: Build Date                       : 12/01/20
07-03 19:54:09.125 14241 14259 I AdrenoGLES-0: OpenGL ES Shader Compiler Version: EV031.31.04.01
07-03 19:54:09.125 14241 14259 I AdrenoGLES-0: Local Branch                     : QPR1
07-03 19:54:09.125 14241 14259 I AdrenoGLES-0: Remote Branch                    : 
07-03 19:54:09.125 14241 14259 I AdrenoGLES-0: Remote Branch                    : 
07-03 19:54:09.125 14241 14259 I AdrenoGLES-0: Reconstruct Branch               : 
07-03 19:54:09.125 14241 14259 I AdrenoGLES-0: Build Config                     : C P 11.0.1 AArch64
07-03 19:54:09.125 14241 14259 I AdrenoGLES-0: Driver Path                      : /vendor/lib64/egl/libGLESv2_adreno.so
07-03 19:54:09.127 14241 14259 I AdrenoGLES-0: PFP: 0x016ee190, ME: 0x00000000
07-03 19:54:09.129 14241 14259 W AdrenoUtils: <ReadGpuID_from_sysfs:197>: Failed to open /sys/class/kgsl/kgsl-3d0/gpu_model
07-03 19:54:09.129 14241 14259 W AdrenoUtils: <ReadGpuID:221>: Failed to read chip ID from gpu_model. Fallback to use the GSL path
07-03 19:54:09.134   743   768 I SDM     : HWCDisplay::GetColorModeCount: Supported color mode count = 5
07-03 19:54:09.134   741  1062 E HWComposer: getSupportedContentTypes: getSupportedContentTypes failed for display 0: Unsupported (8)
07-03 19:54:09.134 14241 14259 D hw-ProcessState: Binder ioctl to enable oneway spam detection failed: Invalid argument
07-03 19:54:09.135   689   689 I hwservicemanager: getTransport: Cannot find entry android.hardware.graphics.mapper@4.0::IMapper/default in either framework or device VINTF manifest.
07-03 19:54:09.135 14241 14265 I Gralloc4: mapper 4.x is not supported
07-03 19:54:09.136   689   689 I hwservicemanager: getTransport: Cannot find entry android.hardware.graphics.mapper@3.0::IMapper/default in either framework or device VINTF manifest.
07-03 19:54:09.136 14241 14265 W Gralloc3: mapper 3.x is not supported
07-03 19:54:09.137   689   689 I hwservicemanager: getTransport: Cannot find entry android.hardware.graphics.allocator@4.0::IAllocator/default in either framework or device VINTF manifest.
07-03 19:54:09.137 14241 14265 W Gralloc4: allocator 4.x is not supported
07-03 19:54:09.137   689   689 I hwservicemanager: getTransport: Cannot find entry android.hardware.graphics.allocator@3.0::IAllocator/default in either framework or device VINTF manifest.
07-03 19:54:09.137 14241 14265 W Gralloc3: allocator 3.x is not supported
07-03 19:54:09.151  1871  1990 I ActivityTaskManager: Displayed e.www.writeroomtest/.MainActivity: +194ms
07-03 19:54:09.157  3568  3568 I GoogleInputMethodService: GoogleInputMethodService.onFinishInput():3306 
07-03 19:54:09.158  3568  3568 I GoogleInputMethodService: GoogleInputMethodService.updateDeviceLockedStatus():2127 repeatCheckTimes = 0, locked = false
07-03 19:54:09.158  3568  3568 I GoogleInputMethodService: GoogleInputMethodService.onStartInput():1909 onStartInput(EditorInfo{inputType=0x0(NULL) imeOptions=0x0 privateImeOptions=null actionName=UNSPECIFIED actionLabel=null actionId=0 initialSelStart=-1 initialSelEnd=-1 initialCapsMode=0x0 hintText=null label=null packageName=e.www.writeroomtest fieldId=-1 fieldName=null extras=null hintLocales=[]}, false)
07-03 19:54:09.158  3568  3568 I GoogleInputMethodService: GoogleInputMethodService.shouldHideHeaderOnInitialState():1990 ShouldHideHeaderOnInitialState = false
07-03 19:54:09.159  3568  3568 I GoogleInputMethodService: GoogleInputMethodService.updateDeviceLockedStatus():2127 repeatCheckTimes = 1, locked = false
07-03 19:54:09.446  1871  3609 W InputManager-JNI: Input channel object '42b39b4 Splash Screen e.www.writeroomtest (client)' was disposed without first being removed with the input manager!
07-03 19:54:09.614  2526  2526 I WallpaperService: engine paused
07-03 19:54:10.169 14271 14271 D ProcessState: Binder ioctl to enable oneway spam detection failed: Invalid argument
07-03 19:54:10.184  1871  2252 D ConnectivityService: NetReassign [no changes] [c 0] [a 0] [i 2]
07-03 19:54:10.629 14287 14287 D ProcessState: Binder ioctl to enable oneway spam detection failed: Invalid argument
07-03 19:54:10.636  1871  3609 I ActivityManager: Background started FGS: Allowed [callingPackage: com.android.shell; callingUid: 2000; uidState: NONE; intent: Intent { cmp=com.example.batterymanager_utility/.DataCollectionService (has extras) }; code:SYSTEM_UID; tempAllowListReason:<,reasonCode:SYSTEM_ALLOW_LISTED,duration:9223372036854775807,callingUid:-1>; targetSdkVersion:33; callerTargetSdkVersion:-1; startForegroundCount:0; bindFromPackage:null]
07-03 19:54:10.645 14190 14190 I BatteryMgr:DataCollectionService: onStartCommand: begin
07-03 19:54:10.646 14190 14190 I BatteryMgr:DataCollectionService: onStartCommand: sampleRate => 1000
07-03 19:54:10.646 14190 14190 I BatteryMgr:DataCollectionService: onStartCommand: rawFields => Timestamp,BATTERY_PROPERTY_CURRENT_NOW,EXTRA_VOLTAGE
07-03 19:54:10.647 14190 14190 I BatteryMgr:DataCollectionService: onStartCommand: notification done
07-03 19:54:10.650 14190 14190 I BatteryMgr:DataCollectionService: started foreground
07-03 19:54:10.658 14190 14290 I BatteryMgr:DataCollectionService: collectData: begin
07-03 19:54:10.661 14190 14290 I BatteryMgr:DataCollectionService: stats => 1688406850661,287812,4151
07-03 19:54:11.696 14190 14290 I BatteryMgr:DataCollectionService: stats => 1688406851696,100000,4151
07-03 19:54:11.834 14190 14299 D ProfileInstaller: Installing profile for com.example.batterymanager_utility
07-03 19:54:12.724 14190 14290 I BatteryMgr:DataCollectionService: stats => 1688406852723,114375,4151
07-03 19:54:13.214  1871  2252 D ConnectivityService: NetReassign [no changes] [c 1] [a 0] [i 5]
07-03 19:54:13.748 14190 14290 I BatteryMgr:DataCollectionService: stats => 1688406853748,72187,4151
07-03 19:54:14.771 14190 14290 I BatteryMgr:DataCollectionService: stats => 1688406854771,277500,4151
07-03 19:54:15.788 14190 14290 I BatteryMgr:DataCollectionService: stats => 1688406855787,143750,4151
07-03 19:54:16.258  1871  2252 D ConnectivityService: NetReassign [no changes] [c 0] [a 1] [i 4]
07-03 19:54:16.813 14190 14290 I BatteryMgr:DataCollectionService: stats => 1688406856812,195937,4151
07-03 19:54:17.832 14190 14290 I BatteryMgr:DataCollectionService: stats => 1688406857831,186875,4151
07-03 19:54:18.841 14190 14290 I BatteryMgr:DataCollectionService: stats => 1688406858841,179687,4151
07-03 19:54:19.284  1871  2252 D ConnectivityService: NetReassign [no changes] [c 1] [a 0] [i 5]
07-03 19:54:19.855 14190 14290 I BatteryMgr:DataCollectionService: stats => 1688406859855,368750,4151
07-03 19:54:20.866 14190 14290 I BatteryMgr:DataCollectionService: stats => 1688406860866,130937,4151
07-03 19:54:21.892 14190 14290 I BatteryMgr:DataCollectionService: stats => 1688406861891,124062,4151
07-03 19:54:22.306  1871  2252 D ConnectivityService: NetReassign [no changes] [c 0] [a 1] [i 5]
07-03 19:54:22.431  1871  1893 W System  : A resource failed to call release. 
07-03 19:54:22.433  1871  1893 W System  : A resource failed to call release. 
07-03 19:54:22.435  1871  1893 W System  : A resource failed to call close. 
07-03 19:54:22.435  1871  1893 W System  : A resource failed to call release. 
07-03 19:54:22.436  1871  1893 W System  : A resource failed to call release. 
07-03 19:54:22.439  1871  1893 W System  : A resource failed to call close. 
07-03 19:54:22.439  1871  1893 W System  : A resource failed to call release. 
07-03 19:54:22.440  1871  1893 W System  : A resource failed to call release. 
07-03 19:54:22.906 14190 14290 I BatteryMgr:DataCollectionService: stats => 1688406862906,117500,4151
07-03 19:54:23.932 14190 14290 I BatteryMgr:DataCollectionService: stats => 1688406863931,86562,4151
07-03 19:54:24.953 14190 14290 I BatteryMgr:DataCollectionService: stats => 1688406864953,117812,4151
07-03 19:54:25.362  1871  2252 D ConnectivityService: NetReassign [no changes] [c 1] [a 0] [i 6]
07-03 19:54:25.966 14190 14290 I BatteryMgr:DataCollectionService: stats => 1688406865966,122812,4151
07-03 19:54:26.988 14190 14290 I BatteryMgr:DataCollectionService: stats => 1688406866988,80937,4151
07-03 19:54:28.011 14190 14290 I BatteryMgr:DataCollectionService: stats => 1688406868010,164062,4151
07-03 19:54:28.399  1871  2252 D ConnectivityService: NetReassign [no changes] [c 1] [a 0] [i 5]
07-03 19:54:29.020 14190 14290 I BatteryMgr:DataCollectionService: stats => 1688406869020,185312,4151
07-03 19:54:30.029 14190 14290 I BatteryMgr:DataCollectionService: stats => 1688406870029,175000,4151
07-03 19:54:31.051 14190 14290 I BatteryMgr:DataCollectionService: stats => 1688406871051,132187,4151
07-03 19:54:31.438  1871  2252 D ConnectivityService: NetReassign [no changes] [c 0] [a 1] [i 4]
07-03 19:54:32.071 14190 14290 I BatteryMgr:DataCollectionService: stats => 1688406872071,103437,4151
07-03 19:54:32.594  1871  2309 D TelephonyManager: requestModemActivityInfo: Sending result to app: ModemActivityInfo{ mTimestamp=2984280 mSleepTimeMs=1849691 mIdleTimeMs=1090319 mTxTimeMs[]=[0, 0, 0, 0, 0] mRxTimeMs=11781}
07-03 19:54:32.621  1871  2018 E system_server: Cannot read thread CPU times for PID 1871
07-03 19:54:33.087 14190 14290 I BatteryMgr:DataCollectionService: stats => 1688406873087,105000,4151
07-03 19:54:34.102 14190 14290 I BatteryMgr:DataCollectionService: stats => 1688406874102,142812,4151
07-03 19:54:34.483  1871  2252 D ConnectivityService: NetReassign [no changes] [c 0] [a 1] [i 5]
07-03 19:54:34.689 14241 14253 W System  : A resource failed to call close. 
07-03 19:54:35.120 14190 14290 I BatteryMgr:DataCollectionService: stats => 1688406875120,99062,4151
07-03 19:54:36.137 14190 14290 I BatteryMgr:DataCollectionService: stats => 1688406876137,104687,4151
07-03 19:54:37.153 14190 14290 I BatteryMgr:DataCollectionService: stats => 1688406877152,102500,4151
07-03 19:54:37.536  1871  2252 D ConnectivityService: NetReassign [no changes] [c 1] [a 0] [i 6]
07-03 19:54:38.178 14190 14290 I BatteryMgr:DataCollectionService: stats => 1688406878178,189375,4151
07-03 19:54:39.197 14190 14290 I BatteryMgr:DataCollectionService: stats => 1688406879197,196250,4151
07-03 19:54:40.207 14190 14290 I BatteryMgr:DataCollectionService: stats => 1688406880207,177187,4151
07-03 19:54:40.564  1871  2252 D ConnectivityService: NetReassign [no changes] [c 1] [a 0] [i 5]
07-03 19:54:41.218 14190 14290 I BatteryMgr:DataCollectionService: stats => 1688406881218,83125,4151
07-03 19:54:42.245 14190 14290 I BatteryMgr:DataCollectionService: stats => 1688406882245,105312,4151
07-03 19:54:43.267 14190 14290 I BatteryMgr:DataCollectionService: stats => 1688406883267,135000,4151
07-03 19:54:43.590  1871  2252 D ConnectivityService: NetReassign [no changes] [c 1] [a 0] [i 5]
07-03 19:54:44.289 14190 14290 I BatteryMgr:DataCollectionService: stats => 1688406884289,94375,4151
07-03 19:54:45.298 14190 14290 I BatteryMgr:DataCollectionService: stats => 1688406885298,90625,4151
07-03 19:54:46.323 14190 14290 I BatteryMgr:DataCollectionService: stats => 1688406886323,104375,4151
07-03 19:54:46.623  1871  2252 D ConnectivityService: NetReassign [no changes] [c 0] [a 1] [i 4]
07-03 19:54:47.337 14190 14290 I BatteryMgr:DataCollectionService: stats => 1688406887336,270625,4151
07-03 19:54:48.367 14190 14290 I BatteryMgr:DataCollectionService: stats => 1688406888367,165000,4151
07-03 19:54:49.386 14190 14290 I BatteryMgr:DataCollectionService: stats => 1688406889385,200000,4151
07-03 19:54:49.666  1871  2252 D ConnectivityService: NetReassign [no changes] [c 1] [a 0] [i 5]
07-03 19:54:50.395 14190 14290 I BatteryMgr:DataCollectionService: stats => 1688406890395,90937,4151
07-03 19:54:51.422 14190 14290 I BatteryMgr:DataCollectionService: stats => 1688406891422,100312,4151
07-03 19:54:51.791  1287  1350 D ASH     : @ 3005.726: AP has been up: last 2705683864, now 3005725691 usec
07-03 19:54:52.449 14190 14290 I BatteryMgr:DataCollectionService: stats => 1688406892449,86562,4151
07-03 19:54:52.689  1871  2252 D ConnectivityService: NetReassign [no changes] [c 1] [a 0] [i 5]
07-03 19:54:53.476 14190 14290 I BatteryMgr:DataCollectionService: stats => 1688406893476,123750,4151
07-03 19:54:54.494 14190 14290 I BatteryMgr:DataCollectionService: stats => 1688406894494,122500,4151
07-03 19:54:55.524 14190 14290 I BatteryMgr:DataCollectionService: stats => 1688406895523,87812,4151
07-03 19:54:55.731  1871  2252 D ConnectivityService: NetReassign [no changes] [c 1] [a 0] [i 5]
07-03 19:54:56.253  1871  1871 W ProcessStats: Tracking association SourceState{4c56239 system/1000 BTopFgs #8505} whose proc state 2 is better than process ProcessState{ba85ac5 com.google.android.gms.persistent/10125 pkg=com.google.android.gms} proc state 3 (33 skipped)
07-03 19:54:56.292  5120 14303 W Turbo.PowerBrainMaintenanceWindowImpl: PB was not active.
07-03 19:54:56.557 14190 14290 I BatteryMgr:DataCollectionService: stats => 1688406896556,174687,4151
07-03 19:54:57.573 14190 14290 I BatteryMgr:DataCollectionService: stats => 1688406897572,120625,4151
07-03 19:54:58.594 14190 14290 I BatteryMgr:DataCollectionService: stats => 1688406898594,165937,4151
07-03 19:54:58.751  1871  2252 D ConnectivityService: NetReassign [no changes] [c 1] [a 0] [i 5]
07-03 19:54:59.623 14190 14290 I BatteryMgr:DataCollectionService: stats => 1688406899622,187500,4151
07-03 19:55:00.017  3546  3947 I AiAiEcho: Predicting[7]: { Feature:1, creation:2023-07-03T17:38:10.562Z, expiry:2023-07-03T18:00:00Z, isExpired: false}, { Feature:1, creation:2023-07-03T18:00:00Z, expiry:2023-07-03T19:00:00Z, isExpired: true}, { Feature:1, creation:2023-07-03T19:00:00Z, expiry:2023-07-03T20:00:00Z, isExpired: true}, { Feature:1, creation:2023-07-03T20:00:00Z, expiry:2023-07-03T21:00:00Z, isExpired: true}, { Feature:1, creation:2023-07-03T21:00:00Z, expiry:2023-07-03T22:00:00Z, isExpired: true}, { Feature:1, creation:2023-07-03T22:00:00Z, expiry:2023-07-03T23:00:00Z, isExpired: true}, { Feature:1, creation:2023-07-03T23:00:00Z, expiry:2023-07-03T23:38:10.562Z, isExpired: true}
07-03 19:55:00.019  3546  3947 I AiAiEcho: EchoTargets: Feature:1
07-03 19:55:00.019  3546  3947 I AiAiEcho: Filtered by AiAi flag check: 
07-03 19:55:00.020  3546  3947 I AiAiEcho: Ranked targets strategy: WEIGHTED, count: 1, ranking metadata: { cardId: WEATHER-569377243, card type: 1, update time: 2023-07-03T17:38:10.562Z, expiration time: 2023-07-03T18:00:00Z, ranking metadata: RankingMetaData(urgency=0.918, priority=0.3, recency=1.0, rankScore=0.2754, importantTimePoints=# kwj@7bca4) }
07-03 19:55:00.023  3546  3947 I AiAiEcho: #postPredictionTargets: Sending updates to UISurface lockscreen with targets# 1 (types=[1])
07-03 19:55:00.054  2423  2423 W BcSmartspaceCard: No title view to update
07-03 19:55:00.640 14190 14290 I BatteryMgr:DataCollectionService: stats => 1688406900640,181250,4151
07-03 19:55:01.650 14190 14290 I BatteryMgr:DataCollectionService: stats => 1688406901650,116562,4151
07-03 19:55:01.773  1871  2252 D ConnectivityService: NetReassign [no changes] [c 1] [a 0] [i 5]
07-03 19:55:02.681 14190 14290 I BatteryMgr:DataCollectionService: stats => 1688406902680,104687,4151
07-03 19:55:03.710 14190 14290 I BatteryMgr:DataCollectionService: stats => 1688406903710,168125,4151
07-03 19:55:04.726 14190 14290 I BatteryMgr:DataCollectionService: stats => 1688406904726,104687,4151
07-03 19:55:04.804  1871  2252 D ConnectivityService: NetReassign [no changes] [c 1] [a 0] [i 5]
07-03 19:55:05.751 14190 14290 I BatteryMgr:DataCollectionService: stats => 1688406905751,97812,4151
07-03 19:55:06.781 14190 14290 I BatteryMgr:DataCollectionService: stats => 1688406906781,85625,4151
07-03 19:55:07.806 14190 14290 I BatteryMgr:DataCollectionService: stats => 1688406907806,117812,4151
07-03 19:55:07.830  1871  2252 D ConnectivityService: NetReassign [no changes] [c 1] [a 0] [i 5]
07-03 19:55:08.832 14190 14290 I BatteryMgr:DataCollectionService: stats => 1688406908832,196250,4151
07-03 19:55:09.865 14190 14290 I BatteryMgr:DataCollectionService: stats => 1688406909864,184687,4151
07-03 19:55:10.858  1871  2252 D ConnectivityService: NetReassign [no changes] [c 1] [a 0] [i 5]
07-03 19:55:10.881 14190 14290 I BatteryMgr:DataCollectionService: stats => 1688406910880,168125,4151
07-03 19:55:11.225 14311 14311 D ProcessState: Binder ioctl to enable oneway spam detection failed: Invalid argument
07-03 19:55:11.232  1871  2309 W ProcessStats: Tracking association SourceState{4c56239 system/1000 BTopFgs #8513} whose proc state 2 is better than process ProcessState{ba85ac5 com.google.android.gms.persistent/10125 pkg=com.google.android.gms} proc state 3 (14 skipped)
07-03 19:55:11.330 14316 14316 D ProcessState: Binder ioctl to enable oneway spam detection failed: Invalid argument
07-03 19:55:11.626 14327 14327 D ProcessState: Binder ioctl to enable oneway spam detection failed: Invalid argument
07-03 19:55:11.632  1871  2309 I ActivityManager: Force stopping e.www.writeroomtest appid=10219 user=0: from pid 14327
07-03 19:55:11.633  1871  2309 I ActivityManager: Killing 14241:e.www.writeroomtest/u0a219 (adj 0): stop e.www.writeroomtest due to from pid 14327
07-03 19:55:11.634  1871  2309 W ActivityTaskManager: Force removing ActivityRecord{55b46c6 u0 e.www.writeroomtest/.MainActivity t49 f}}: app died, no saved state
07-03 19:55:11.639  1871  2309 W InputManager-JNI: Input channel object '245a026 e.www.writeroomtest/e.www.writeroomtest.MainActivity (client)' was disposed without first being removed with the input manager!
07-03 19:55:11.649  1871  2309 D CompatibilityChangeReporter: Compat change id reported: 181136395; UID 10232; state: DISABLED
07-03 19:55:11.649  1871  2309 D CompatibilityChangeReporter: Compat change id reported: 174042936; UID 10232; state: DISABLED
07-03 19:55:11.652  1871  2309 W ActivityTaskManager: Can't find TaskDisplayArea to determine support for multi window. Task id=49 attached=false
07-03 19:55:11.652  1871  2309 W ActivityTaskManager: Can't find TaskDisplayArea to determine support for multi window. Task id=49 attached=false
07-03 19:55:11.661  1233  1233 I Zygote  : Process 14241 exited due to signal 9 (Killed)
07-03 19:55:11.663   741   741 E BpTransactionCompletedListener: Failed to transact (-32)
07-03 19:55:11.664  1871  3609 V ActivityManager: Got obituary of 14241:e.www.writeroomtest
07-03 19:55:11.665  2613  2613 E PhoneInterfaceManager: [PhoneIntfMgr] getCarrierPackageNamesForIntentAndPhone: No UICC
07-03 19:55:11.665  2613  2613 D CarrierSvcBindHelper: No carrier app for: 0
07-03 19:55:11.666  1871  1997 W ActivityManager: setHasOverlayUi called on unknown pid: 14241
07-03 19:55:11.668  3635  3635 D RegisteredNfcFServicesCache: Service unchanged, not updating
07-03 19:55:11.672  2821  2821 I EuiccGoogle: [2] EuiccServiceImpl.onCreate: onCreate Single-SIM mode: simCardState is 1
07-03 19:55:11.676  2821 14334 I EuiccGoogle: [150] EuiccServiceImpl.onGetEuiccProfileInfoList: onGetEuiccProfileInfoList: slotId = -1
07-03 19:55:11.678  2821 14334 W EuiccGoogle: [150] EuiccServiceImpl.onGetEuiccProfileInfoList: slotId=-1. No eUICC is active. Return null.
07-03 19:55:11.678  1871  2013 I libprocessgroup: Successfully killed process cgroup uid 10219 pid 14241 in 45ms
07-03 19:55:11.698  2526  2899 W OpenGLRenderer: Surface doesn't have any previously queued frames, nothing to readback from
07-03 19:55:11.699 14190 14330 I OpenGLRenderer: Davey! duration=65856ms; Flags=1, FrameTimelineVsyncId=202784, IntendedVsync=2957523384619, Vsync=2957540051285, InputEventId=0, HandleInputStart=2957554935146, AnimationStart=2957554939521, PerformTraversalsStart=2957555100094, DrawStart=2957653599895, FrameDeadline=2957556717951, FrameInterval=2957554911187, FrameStartTime=16666666, SyncQueued=2957658277135, SyncStart=2957658385729, IssueDrawCommandsStart=2957659009010, SwapBuffers=2957665087136, FrameCompleted=3023380383109, DequeueBufferDuration=952291, QueueBufferDuration=514063, GpuCompleted=3023380383109, SwapBuffersCompleted=2957666079584, DisplayPresentTime=0, 
07-03 19:55:11.703  2526  2526 I WallpaperService: engine resumed
07-03 19:55:11.703  2526  2899 W OpenGLRenderer: Surface doesn't have any previously queued frames, nothing to readback from
07-03 19:55:11.717  3568  3568 I GoogleInputMethodService: GoogleInputMethodService.onFinishInput():3306 
07-03 19:55:11.718  3568  3568 I GoogleInputMethodService: GoogleInputMethodService.updateDeviceLockedStatus():2127 repeatCheckTimes = 0, locked = false
07-03 19:55:11.719  3568  3568 I GoogleInputMethodService: GoogleInputMethodService.onStartInput():1909 onStartInput(EditorInfo{inputType=0x0(NULL) imeOptions=0x0 privateImeOptions=null actionName=UNSPECIFIED actionLabel=null actionId=0 initialSelStart=-1 initialSelEnd=-1 initialCapsMode=0x0 hintText=null label=null packageName=com.example.batterymanager_utility fieldId=-1 fieldName=null extras=null hintLocales=[]}, false)
07-03 19:55:11.719  3568  3568 I GoogleInputMethodService: GoogleInputMethodService.shouldHideHeaderOnInitialState():1990 ShouldHideHeaderOnInitialState = false
07-03 19:55:11.719  3568  3568 I GoogleInputMethodService: GoogleInputMethodService.updateDeviceLockedStatus():2127 repeatCheckTimes = 1, locked = false
07-03 19:55:12.306  2526  2526 I WallpaperService: engine paused
07-03 19:55:13.883  1871  2252 D ConnectivityService: NetReassign [no changes] [c 0] [a 1] [i 4]
07-03 19:55:15.046 14342 14342 D ProcessState: Binder ioctl to enable oneway spam detection failed: Invalid argument
07-03 19:55:15.051  1871  3634 I ActivityManager: Force stopping com.example.batterymanager_utility appid=10232 user=0: from pid 14342
07-03 19:55:15.052  1871  3634 I ActivityManager: Killing 14190:com.example.batterymanager_utility/u0a232 (adj 0): stop com.example.batterymanager_utility due to from pid 14342
07-03 19:55:15.053  1871  3634 W ActivityTaskManager: Force removing ActivityRecord{40c9d2e u0 com.example.batterymanager_utility/.MainActivity t48 f}}: app died, no saved state
07-03 19:55:15.058  1871  3634 W InputManager-JNI: Input channel object '95532af com.example.batterymanager_utility/com.example.batterymanager_utility.MainActivity (client)' was disposed without first being removed with the input manager!
07-03 19:55:15.071  1871  3634 W ActivityTaskManager: Can't find TaskDisplayArea to determine support for multi window. Task id=48 attached=false
07-03 19:55:15.071  1871  3634 W ActivityTaskManager: Can't find TaskDisplayArea to determine support for multi window. Task id=48 attached=false
07-03 19:55:15.081  2613  2613 E PhoneInterfaceManager: [PhoneIntfMgr] getCarrierPackageNamesForIntentAndPhone: No UICC
07-03 19:55:15.081  2613  2613 D CarrierSvcBindHelper: No carrier app for: 0
07-03 19:55:15.086  1871  1997 W ActivityManager: setHasOverlayUi called on unknown pid: 14190
07-03 19:55:15.086  1871  3960 V ActivityManager: Got obituary of 14190:com.example.batterymanager_utility
07-03 19:55:15.086  1233  1233 I Zygote  : Process 14190 exited due to signal 9 (Killed)
07-03 19:55:15.087  3546  3947 I AiAiEcho: Predicting[7]: { Feature:1, creation:2023-07-03T17:38:10.562Z, expiry:2023-07-03T18:00:00Z, isExpired: false}, { Feature:1, creation:2023-07-03T18:00:00Z, expiry:2023-07-03T19:00:00Z, isExpired: true}, { Feature:1, creation:2023-07-03T19:00:00Z, expiry:2023-07-03T20:00:00Z, isExpired: true}, { Feature:1, creation:2023-07-03T20:00:00Z, expiry:2023-07-03T21:00:00Z, isExpired: true}, { Feature:1, creation:2023-07-03T21:00:00Z, expiry:2023-07-03T22:00:00Z, isExpired: true}, { Feature:1, creation:2023-07-03T22:00:00Z, expiry:2023-07-03T23:00:00Z, isExpired: true}, { Feature:1, creation:2023-07-03T23:00:00Z, expiry:2023-07-03T23:38:10.562Z, isExpired: true}
07-03 19:55:15.088  3546  3947 I AiAiEcho: EchoTargets: Feature:1
07-03 19:55:15.088  3546  3947 I AiAiEcho: Filtered by AiAi flag check: 
07-03 19:55:15.089  3546  3947 I AiAiEcho: Ranked targets strategy: WEIGHTED, count: 1, ranking metadata: { cardId: WEATHER-569377243, card type: 1, update time: 2023-07-03T17:38:10.562Z, expiration time: 2023-07-03T18:00:00Z, ranking metadata: RankingMetaData(urgency=0.914, priority=0.3, recency=1.0, rankScore=0.2742, importantTimePoints=# kwj@7bca4) }
07-03 19:55:15.090  3635  3635 D RegisteredNfcFServicesCache: Service unchanged, not updating
07-03 19:55:15.093   741   741 E BpTransactionCompletedListener: Failed to transact (-32)
07-03 19:55:15.099  3838  3838 I A       : (REDACTED) onApplyWindowInsets: systemWindowInsets=%s
07-03 19:55:15.099  3838  3838 I A       : (REDACTED) onApplyWindowInsets: systemWindowInsets=%s
07-03 19:55:15.104  2526  2899 W OpenGLRenderer: Surface doesn't have any previously queued frames, nothing to readback from
07-03 19:55:15.108  2526  2526 I WallpaperService: engine resumed
07-03 19:55:15.109  3838  3838 I A       : onStart
07-03 19:55:15.109  2526  2899 W OpenGLRenderer: Surface doesn't have any previously queued frames, nothing to readback from
07-03 19:55:15.114  1871  2013 I libprocessgroup: Successfully killed process cgroup uid 10232 pid 14190 in 58ms
07-03 19:55:15.115  3838  3968 I OpenGLRenderer: Davey! duration=408049ms; Flags=1, FrameTimelineVsyncId=179523, IntendedVsync=2618746434170, Vsync=2618746434170, InputEventId=0, HandleInputStart=2618747653790, AnimationStart=2618747654884, PerformTraversalsStart=2618747655405, DrawStart=2618761988375, FrameDeadline=2618779767502, FrameInterval=2618747565196, FrameStartTime=16666666, SyncQueued=2618764158271, SyncStart=2618764712959, IssueDrawCommandsStart=2618765381969, SwapBuffers=2618766731552, FrameCompleted=3026796117096, DequeueBufferDuration=21614, QueueBufferDuration=782291, GpuCompleted=3026796117096, SwapBuffersCompleted=2618768421813, DisplayPresentTime=0, 
07-03 19:55:15.116  3546  3947 I AiAiEcho: #postPredictionTargets: Sending updates to UISurface home with targets# 1 (types=[1])
07-03 19:55:15.117  3838  3838 I A       : onResume
07-03 19:55:15.118  2766  2766 W BcSmartspaceCard: No title view to update
07-03 19:55:15.120  3554  3554 I GsaVoiceInteractionSrv: Handling ACTION_START_HOTWORD
07-03 19:55:15.120  3554  3984 I GsaVoiceInteractionSrv: (REDACTED) disregardHotwordSetting: %b
07-03 19:55:15.120  3554  3984 I GsaVoiceInteractionSrv: Cannot start hotword, hotword has been explicitly disabled.
07-03 19:55:15.129  3568  3568 I GoogleInputMethodService: GoogleInputMethodService.onFinishInput():3306 
07-03 19:55:15.131  3568  3568 I GoogleInputMethodService: GoogleInputMethodService.updateDeviceLockedStatus():2127 repeatCheckTimes = 0, locked = false
07-03 19:55:15.131  3568  3568 I GoogleInputMethodService: GoogleInputMethodService.onStartInput():1909 onStartInput(EditorInfo{inputType=0x0(NULL) imeOptions=0x0 privateImeOptions=null actionName=UNSPECIFIED actionLabel=null actionId=0 initialSelStart=-1 initialSelEnd=-1 initialCapsMode=0x0 hintText=null label=null packageName=com.google.android.apps.nexuslauncher fieldId=-1 fieldName=null extras=null hintLocales=[]}, false)
07-03 19:55:15.131  3568  3568 I GoogleInputMethodService: GoogleInputMethodService.shouldHideHeaderOnInitialState():1990 ShouldHideHeaderOnInitialState = false
07-03 19:55:15.132  3568  3568 I GoogleInputMethodService: GoogleInputMethodService.updateDeviceLockedStatus():2127 repeatCheckTimes = 1, locked = false
07-03 19:55:16.910  1871  2252 D ConnectivityService: NetReassign [no changes] [c 1] [a 0] [i 5]
