07-05 14:08:55.643 17682 17779 I BatteryMgr:DataCollectionService: stats => 1688558935642,-98,4086
07-05 14:08:55.663 17682 17779 I BatteryMgr:DataCollectionService: stats => 1688558935663,-98,4086
07-05 14:08:55.684 17682 17779 I BatteryMgr:DataCollectionService: stats => 1688558935684,-98,4086
07-05 14:08:55.706 17682 17779 I BatteryMgr:DataCollectionService: stats => 1688558935706,-98,4086
07-05 14:08:55.727 17682 17779 I BatteryMgr:DataCollectionService: stats => 1688558935726,-98,4086
07-05 14:08:55.749 17682 17779 I BatteryMgr:DataCollectionService: stats => 1688558935748,-98,4086
07-05 14:08:55.771 17682 17779 I BatteryMgr:DataCollectionService: stats => 1688558935771,-98,4086
07-05 14:08:55.792 17682 17779 I BatteryMgr:DataCollectionService: stats => 1688558935792,-98,4086
07-05 14:08:55.814 17682 17779 I BatteryMgr:DataCollectionService: stats => 1688558935814,-98,4086
07-05 14:08:55.835 17682 17779 I BatteryMgr:DataCollectionService: stats => 1688558935835,-98,4086
07-05 14:08:55.856 17682 17779 I BatteryMgr:DataCollectionService: stats => 1688558935856,-98,4086
07-05 14:08:55.873 17682 17779 I BatteryMgr:DataCollectionService: stats => 1688558935873,-98,4086
07-05 14:08:55.889 17682 17779 I BatteryMgr:DataCollectionService: stats => 1688558935889,-98,4086
07-05 14:08:55.905 17682 17779 I BatteryMgr:DataCollectionService: stats => 1688558935904,-98,4086
07-05 14:08:55.920 17682 17779 I BatteryMgr:DataCollectionService: stats => 1688558935920,-98,4086
07-05 14:08:55.939 17682 17779 I BatteryMgr:DataCollectionService: stats => 1688558935939,-98,4086
07-05 14:08:55.958 17682 17779 I BatteryMgr:DataCollectionService: stats => 1688558935958,-98,4086
07-05 14:08:55.977 17682 17779 I BatteryMgr:DataCollectionService: stats => 1688558935977,-98,4086
07-05 14:08:55.998 17682 17779 I BatteryMgr:DataCollectionService: stats => 1688558935998,-98,4086
07-05 14:08:56.019 17682 17779 I BatteryMgr:DataCollectionService: stats => 1688558936018,-98,4086
07-05 14:08:56.032  3437  3437 I android.hardware.wifi@1.0-service: getLinkLayerStats
07-05 14:08:56.040 17682 17779 I BatteryMgr:DataCollectionService: stats => 1688558936040,-98,4086
07-05 14:08:56.062 17682 17779 I BatteryMgr:DataCollectionService: stats => 1688558936061,-98,4086
07-05 14:08:56.082 17682 17779 I BatteryMgr:DataCollectionService: stats => 1688558936082,-98,4086
07-05 14:08:56.103 17682 17779 I BatteryMgr:DataCollectionService: stats => 1688558936103,-98,4086
07-05 14:08:56.125 17682 17779 I BatteryMgr:DataCollectionService: stats => 1688558936124,-98,4086
07-05 14:08:56.155 17682 17779 I BatteryMgr:DataCollectionService: stats => 1688558936155,-98,4086
07-05 14:08:56.176 17682 17779 I BatteryMgr:DataCollectionService: stats => 1688558936176,-98,4086
07-05 14:08:56.197 17682 17779 I BatteryMgr:DataCollectionService: stats => 1688558936197,-98,4086
07-05 14:08:56.218 17682 17779 I BatteryMgr:DataCollectionService: stats => 1688558936218,-98,4086
07-05 14:08:56.239 17682 17779 I BatteryMgr:DataCollectionService: stats => 1688558936239,-98,4086
07-05 14:08:56.260 17682 17779 I BatteryMgr:DataCollectionService: stats => 1688558936260,-98,4086
07-05 14:08:56.281 17682 17779 I BatteryMgr:DataCollectionService: stats => 1688558936281,-98,4086
07-05 14:08:56.303 17682 17779 I BatteryMgr:DataCollectionService: stats => 1688558936303,-98,4086
07-05 14:08:56.322 17682 17779 I BatteryMgr:DataCollectionService: stats => 1688558936321,-98,4086
07-05 14:08:56.337 17682 17779 I BatteryMgr:DataCollectionService: stats => 1688558936337,-98,4086
07-05 14:08:56.353 17682 17779 I BatteryMgr:DataCollectionService: stats => 1688558936353,-98,4086
07-05 14:08:56.369 17682 17779 I BatteryMgr:DataCollectionService: stats => 1688558936369,-98,4086
07-05 14:08:56.384 17682 17779 I BatteryMgr:DataCollectionService: stats => 1688558936384,-98,4086
07-05 14:08:56.403 17682 17779 I BatteryMgr:DataCollectionService: stats => 1688558936402,-98,4086
07-05 14:08:56.421 17682 17779 I BatteryMgr:DataCollectionService: stats => 1688558936421,-98,4086
07-05 14:08:56.440 17682 17779 I BatteryMgr:DataCollectionService: stats => 1688558936440,-98,4086
07-05 14:08:56.461 17682 17779 I BatteryMgr:DataCollectionService: stats => 1688558936461,-98,4086
07-05 14:08:56.482 17682 17779 I BatteryMgr:DataCollectionService: stats => 1688558936482,-98,4086
07-05 14:08:56.503 17682 17779 I BatteryMgr:DataCollectionService: stats => 1688558936503,-98,4086
07-05 14:08:56.524 17682 17779 I BatteryMgr:DataCollectionService: stats => 1688558936523,-98,4086
07-05 14:08:56.544 17682 17779 I BatteryMgr:DataCollectionService: stats => 1688558936544,-98,4086
07-05 14:08:56.566 17682 17779 I BatteryMgr:DataCollectionService: stats => 1688558936565,-98,4086
07-05 14:08:56.587 17682 17779 I BatteryMgr:DataCollectionService: stats => 1688558936586,-98,4086
07-05 14:08:56.608 17682 17779 I BatteryMgr:DataCollectionService: stats => 1688558936607,-98,4086
07-05 14:08:56.628 17682 17779 I BatteryMgr:DataCollectionService: stats => 1688558936628,-98,4086
07-05 14:08:56.649 17682 17779 I BatteryMgr:DataCollectionService: stats => 1688558936649,-98,4086
07-05 14:08:56.670 17682 17779 I BatteryMgr:DataCollectionService: stats => 1688558936670,-98,4086
07-05 14:08:56.690 17682 17779 I BatteryMgr:DataCollectionService: stats => 1688558936690,-98,4086
07-05 14:08:56.710 17682 17779 I BatteryMgr:DataCollectionService: stats => 1688558936710,-98,4086
07-05 14:08:56.729 17682 17779 I BatteryMgr:DataCollectionService: stats => 1688558936729,-98,4086
07-05 14:08:56.750 17682 17779 I BatteryMgr:DataCollectionService: stats => 1688558936750,-98,4086
07-05 14:08:56.771 17682 17779 I BatteryMgr:DataCollectionService: stats => 1688558936771,-98,4086
07-05 14:08:56.791 17682 17779 I BatteryMgr:DataCollectionService: stats => 1688558936791,-98,4086
07-05 14:08:56.812 17682 17779 I BatteryMgr:DataCollectionService: stats => 1688558936812,-98,4086
07-05 14:08:56.833 17682 17779 I BatteryMgr:DataCollectionService: stats => 1688558936833,-98,4086
07-05 14:08:56.853 17682 17779 I BatteryMgr:DataCollectionService: stats => 1688558936853,-98,4086
07-05 14:08:56.874 17682 17779 I BatteryMgr:DataCollectionService: stats => 1688558936874,-98,4086
07-05 14:08:56.894 17682 17779 I BatteryMgr:DataCollectionService: stats => 1688558936894,-98,4086
07-05 14:08:56.915 17682 17779 I BatteryMgr:DataCollectionService: stats => 1688558936914,-98,4086
07-05 14:08:56.935 17682 17779 I BatteryMgr:DataCollectionService: stats => 1688558936935,-98,4086
07-05 14:08:56.956 17682 17779 I BatteryMgr:DataCollectionService: stats => 1688558936955,-98,4086
07-05 14:08:56.976 17682 17779 I BatteryMgr:DataCollectionService: stats => 1688558936976,-98,4086
07-05 14:08:56.997 17682 17779 I BatteryMgr:DataCollectionService: stats => 1688558936997,-98,4086
07-05 14:08:57.019 17682 17779 I BatteryMgr:DataCollectionService: stats => 1688558937019,-98,4086
07-05 14:08:57.040 17682 17779 I BatteryMgr:DataCollectionService: stats => 1688558937039,-98,4086
07-05 14:08:57.061 17682 17779 I BatteryMgr:DataCollectionService: stats => 1688558937061,-98,4086
07-05 14:08:57.065  3960  4452 E Watchdog: !@Sync 136 [2023-07-05 14:08:57.065]
07-05 14:08:57.082 17682 17779 I BatteryMgr:DataCollectionService: stats => 1688558937081,-98,4086
07-05 14:08:57.101 17682 17779 I BatteryMgr:DataCollectionService: stats => 1688558937101,-98,4086
07-05 14:08:57.120 17682 17779 I BatteryMgr:DataCollectionService: stats => 1688558937120,-98,4086
07-05 14:08:57.141 17682 17779 I BatteryMgr:DataCollectionService: stats => 1688558937141,-98,4086
07-05 14:08:57.162 17682 17779 I BatteryMgr:DataCollectionService: stats => 1688558937162,-98,4086
07-05 14:08:57.182 17682 17779 I BatteryMgr:DataCollectionService: stats => 1688558937182,-98,4086
07-05 14:08:57.203 17682 17779 I BatteryMgr:DataCollectionService: stats => 1688558937202,-98,4086
07-05 14:08:57.223 17682 17779 I BatteryMgr:DataCollectionService: stats => 1688558937223,-98,4086
07-05 14:08:57.244 17682 17779 I BatteryMgr:DataCollectionService: stats => 1688558937244,-98,4086
07-05 14:08:57.264 17682 17779 I BatteryMgr:DataCollectionService: stats => 1688558937264,-98,4086
07-05 14:08:57.285 17682 17779 I BatteryMgr:DataCollectionService: stats => 1688558937285,-98,4086
07-05 14:08:57.306 17682 17779 I BatteryMgr:DataCollectionService: stats => 1688558937306,-98,4086
07-05 14:08:57.326 17682 17779 I BatteryMgr:DataCollectionService: stats => 1688558937326,-98,4086
07-05 14:08:57.346 17682 17779 I BatteryMgr:DataCollectionService: stats => 1688558937346,-98,4086
07-05 14:08:57.366 17682 17779 I BatteryMgr:DataCollectionService: stats => 1688558937366,-98,4086
07-05 14:08:57.387 17682 17779 I BatteryMgr:DataCollectionService: stats => 1688558937387,-98,4086
07-05 14:08:57.407 17682 17779 I BatteryMgr:DataCollectionService: stats => 1688558937407,-98,4086
07-05 14:08:57.428 17682 17779 I BatteryMgr:DataCollectionService: stats => 1688558937427,-98,4086
07-05 14:08:57.448 17682 17779 I BatteryMgr:DataCollectionService: stats => 1688558937448,-98,4086
07-05 14:08:57.469 17682 17779 I BatteryMgr:DataCollectionService: stats => 1688558937469,-98,4086
07-05 14:08:57.490 17682 17779 I BatteryMgr:DataCollectionService: stats => 1688558937490,-98,4086
07-05 14:08:57.511 17682 17779 I BatteryMgr:DataCollectionService: stats => 1688558937511,-98,4086
07-05 14:08:57.531 17682 17779 I BatteryMgr:DataCollectionService: stats => 1688558937531,-98,4086
07-05 14:08:57.551 17682 17779 I BatteryMgr:DataCollectionService: stats => 1688558937551,-98,4086
07-05 14:08:57.572 17682 17779 I BatteryMgr:DataCollectionService: stats => 1688558937572,-98,4086
07-05 14:08:57.593 17682 17779 I BatteryMgr:DataCollectionService: stats => 1688558937592,-98,4086
07-05 14:08:57.613 17682 17779 I BatteryMgr:DataCollectionService: stats => 1688558937612,-98,4086
07-05 14:08:57.632 17682 17779 I BatteryMgr:DataCollectionService: stats => 1688558937632,-98,4086
07-05 14:08:57.653 17682 17779 I BatteryMgr:DataCollectionService: stats => 1688558937652,-98,4086
07-05 14:08:57.673 17682 17779 I BatteryMgr:DataCollectionService: stats => 1688558937673,-98,4086
07-05 14:08:57.694 17682 17779 I BatteryMgr:DataCollectionService: stats => 1688558937694,-98,4086
07-05 14:08:57.714 17682 17779 I BatteryMgr:DataCollectionService: stats => 1688558937714,-98,4086
07-05 14:08:57.735 17682 17779 I BatteryMgr:DataCollectionService: stats => 1688558937735,-98,4086
07-05 14:08:57.756 17682 17779 I BatteryMgr:DataCollectionService: stats => 1688558937755,-98,4086
07-05 14:08:57.776 17682 17779 I BatteryMgr:DataCollectionService: stats => 1688558937776,-98,4086
07-05 14:08:57.796 17682 17779 I BatteryMgr:DataCollectionService: stats => 1688558937796,-98,4086
07-05 14:08:57.816 17682 17779 I BatteryMgr:DataCollectionService: stats => 1688558937816,-98,4086
07-05 14:08:57.836 17682 17779 I BatteryMgr:DataCollectionService: stats => 1688558937836,-98,4086
07-05 14:08:57.857 17682 17779 I BatteryMgr:DataCollectionService: stats => 1688558937857,-98,4086
07-05 14:08:57.877 17682 17779 I BatteryMgr:DataCollectionService: stats => 1688558937877,-98,4086
07-05 14:08:57.897 17682 17779 I BatteryMgr:DataCollectionService: stats => 1688558937897,-98,4086
07-05 14:08:57.918 17682 17779 I BatteryMgr:DataCollectionService: stats => 1688558937918,-98,4086
07-05 14:08:57.938 17682 17779 I BatteryMgr:DataCollectionService: stats => 1688558937938,-98,4086
07-05 14:08:57.959 17682 17779 I BatteryMgr:DataCollectionService: stats => 1688558937959,-98,4086
07-05 14:08:57.979 17682 17779 I BatteryMgr:DataCollectionService: stats => 1688558937979,-98,4086
07-05 14:08:57.999 17682 17779 I BatteryMgr:DataCollectionService: stats => 1688558937999,-98,4086
07-05 14:08:58.019 17682 17779 I BatteryMgr:DataCollectionService: stats => 1688558938019,-98,4086
07-05 14:08:58.039 17682 17779 I BatteryMgr:DataCollectionService: stats => 1688558938039,-98,4086
07-05 14:08:58.059 17682 17779 I BatteryMgr:DataCollectionService: stats => 1688558938059,-98,4086
07-05 14:08:58.080 17682 17779 I BatteryMgr:DataCollectionService: stats => 1688558938080,-98,4086
07-05 14:08:58.101 17682 17779 I BatteryMgr:DataCollectionService: stats => 1688558938100,-98,4086
07-05 14:08:58.122 17682 17779 I BatteryMgr:DataCollectionService: stats => 1688558938121,-98,4086
07-05 14:08:58.142 17682 17779 I BatteryMgr:DataCollectionService: stats => 1688558938142,-98,4086
07-05 14:08:58.162 17682 17779 I BatteryMgr:DataCollectionService: stats => 1688558938162,-98,4086
07-05 14:08:58.182 17682 17779 I BatteryMgr:DataCollectionService: stats => 1688558938182,-98,4086
07-05 14:08:58.203 17682 17779 I BatteryMgr:DataCollectionService: stats => 1688558938203,-98,4086
07-05 14:08:58.209  3960  6677 D SSRM:k  : SIOP:: AP = 250, PST = 245 (W:30), BAT = 231, USB = 0, CHG = 0
07-05 14:08:58.224 17682 17779 I BatteryMgr:DataCollectionService: stats => 1688558938223,-98,4086
07-05 14:08:58.244 17682 17779 I BatteryMgr:DataCollectionService: stats => 1688558938243,-98,4086
07-05 14:08:58.263 17682 17779 I BatteryMgr:DataCollectionService: stats => 1688558938262,-98,4086
07-05 14:08:58.283 17682 17779 I BatteryMgr:DataCollectionService: stats => 1688558938282,-98,4086
07-05 14:08:58.305 17682 17779 I BatteryMgr:DataCollectionService: stats => 1688558938305,-98,4086
07-05 14:08:58.326 17682 17779 I BatteryMgr:DataCollectionService: stats => 1688558938326,-98,4086
07-05 14:08:58.342 17682 17779 I BatteryMgr:DataCollectionService: stats => 1688558938342,-98,4086
07-05 14:08:58.357 17682 17779 I BatteryMgr:DataCollectionService: stats => 1688558938357,-98,4086
07-05 14:08:58.372 17682 17779 I BatteryMgr:DataCollectionService: stats => 1688558938372,-98,4086
07-05 14:08:58.387 17682 17779 I BatteryMgr:DataCollectionService: stats => 1688558938387,-98,4086
07-05 14:08:58.408 17682 17779 I BatteryMgr:DataCollectionService: stats => 1688558938407,-98,4086
07-05 14:08:58.427 17682 17779 I BatteryMgr:DataCollectionService: stats => 1688558938427,-98,4086
07-05 14:08:58.442 17682 17779 I BatteryMgr:DataCollectionService: stats => 1688558938442,-98,4086
07-05 14:08:58.457 17682 17779 I BatteryMgr:DataCollectionService: stats => 1688558938457,-98,4086
07-05 14:08:58.472 17682 17779 I BatteryMgr:DataCollectionService: stats => 1688558938472,-98,4086
07-05 14:08:58.488 17682 17779 I BatteryMgr:DataCollectionService: stats => 1688558938488,-98,4086
07-05 14:08:58.508 17682 17779 I BatteryMgr:DataCollectionService: stats => 1688558938507,-98,4086
07-05 14:08:58.528 17682 17779 I BatteryMgr:DataCollectionService: stats => 1688558938527,-98,4086
07-05 14:08:58.547 17682 17779 I BatteryMgr:DataCollectionService: stats => 1688558938547,-98,4086
07-05 14:08:58.567 17682 17779 I BatteryMgr:DataCollectionService: stats => 1688558938567,-98,4086
07-05 14:08:58.587 17682 17779 I BatteryMgr:DataCollectionService: stats => 1688558938587,-98,4086
07-05 14:08:58.607 17682 17779 I BatteryMgr:DataCollectionService: stats => 1688558938607,-98,4086
07-05 14:08:58.627 17682 17779 I BatteryMgr:DataCollectionService: stats => 1688558938627,-98,4086
07-05 14:08:58.647 17682 17779 I BatteryMgr:DataCollectionService: stats => 1688558938647,-98,4086
07-05 14:08:58.667 17682 17779 I BatteryMgr:DataCollectionService: stats => 1688558938667,-98,4086
07-05 14:08:58.688 17682 17779 I BatteryMgr:DataCollectionService: stats => 1688558938687,-98,4086
07-05 14:08:58.708 17682 17779 I BatteryMgr:DataCollectionService: stats => 1688558938707,-98,4086
07-05 14:08:58.728 17682 17779 I BatteryMgr:DataCollectionService: stats => 1688558938728,-98,4086
07-05 14:08:58.748 17682 17779 I BatteryMgr:DataCollectionService: stats => 1688558938748,-98,4086
07-05 14:08:58.769 17682 17779 I BatteryMgr:DataCollectionService: stats => 1688558938768,-98,4086
07-05 14:08:58.789 17682 17779 I BatteryMgr:DataCollectionService: stats => 1688558938788,-98,4086
07-05 14:08:58.809 17682 17779 I BatteryMgr:DataCollectionService: stats => 1688558938809,-98,4086
07-05 14:08:58.829 17682 17779 I BatteryMgr:DataCollectionService: stats => 1688558938829,-98,4086
07-05 14:08:58.849 17682 17779 I BatteryMgr:DataCollectionService: stats => 1688558938849,-98,4086
07-05 14:08:58.869 17682 17779 I BatteryMgr:DataCollectionService: stats => 1688558938869,-98,4086
07-05 14:08:58.889 17682 17779 I BatteryMgr:DataCollectionService: stats => 1688558938889,-98,4086
07-05 14:08:58.909 17682 17779 I BatteryMgr:DataCollectionService: stats => 1688558938909,-98,4086
07-05 14:08:58.929 17682 17779 I BatteryMgr:DataCollectionService: stats => 1688558938929,-98,4086
07-05 14:08:58.949 17682 17779 I BatteryMgr:DataCollectionService: stats => 1688558938949,-98,4086
07-05 14:08:58.970 17682 17779 I BatteryMgr:DataCollectionService: stats => 1688558938969,-98,4086
07-05 14:08:58.989 17682 17779 I BatteryMgr:DataCollectionService: stats => 1688558938989,-98,4086
07-05 14:08:59.010 17682 17779 I BatteryMgr:DataCollectionService: stats => 1688558939010,-98,4086
07-05 14:08:59.030 17682 17779 I BatteryMgr:DataCollectionService: stats => 1688558939030,-98,4086
07-05 14:08:59.046  3437  3437 I android.hardware.wifi@1.0-service: getLinkLayerStats
07-05 14:08:59.050 17682 17779 I BatteryMgr:DataCollectionService: stats => 1688558939050,-98,4086
07-05 14:08:59.070 17682 17779 I BatteryMgr:DataCollectionService: stats => 1688558939070,-98,4086
07-05 14:08:59.090 17682 17779 I BatteryMgr:DataCollectionService: stats => 1688558939089,-98,4086
07-05 14:08:59.109 17682 17779 I BatteryMgr:DataCollectionService: stats => 1688558939109,-98,4086
07-05 14:08:59.129 17682 17779 I BatteryMgr:DataCollectionService: stats => 1688558939129,-98,4086
07-05 14:08:59.149 17682 17779 I BatteryMgr:DataCollectionService: stats => 1688558939149,-98,4086
07-05 14:08:59.169 17682 17779 I BatteryMgr:DataCollectionService: stats => 1688558939169,-98,4086
07-05 14:08:59.189 17682 17779 I BatteryMgr:DataCollectionService: stats => 1688558939189,-98,4086
07-05 14:08:59.203  4951  4951 D io_stats: !@ 179,0 r 96647 3437792 w 27895 430456 d 2621 90504 f 7251 7454 iot 52352 42842 th 51200 0 0 pt 0 inp 0 0 4101.336
07-05 14:08:59.209 17682 17779 I BatteryMgr:DataCollectionService: stats => 1688558939209,-98,4086
07-05 14:08:59.230 17682 17779 I BatteryMgr:DataCollectionService: stats => 1688558939229,-98,4086
07-05 14:08:59.250 17682 17779 I BatteryMgr:DataCollectionService: stats => 1688558939249,-98,4086
07-05 14:08:59.269 17682 17779 I BatteryMgr:DataCollectionService: stats => 1688558939269,-98,4086
07-05 14:08:59.290 17682 17779 I BatteryMgr:DataCollectionService: stats => 1688558939289,-98,4086
07-05 14:08:59.310 17682 17779 I BatteryMgr:DataCollectionService: stats => 1688558939310,-98,4086
07-05 14:08:59.337 17682 17779 I BatteryMgr:DataCollectionService: stats => 1688558939337,-98,4086
07-05 14:08:59.357 17682 17779 I BatteryMgr:DataCollectionService: stats => 1688558939356,-98,4086
07-05 14:08:59.375 17682 17779 I BatteryMgr:DataCollectionService: stats => 1688558939375,-98,4086
07-05 14:08:59.395 17682 17779 I BatteryMgr:DataCollectionService: stats => 1688558939394,-98,4086
07-05 14:08:59.414 17682 17779 I BatteryMgr:DataCollectionService: stats => 1688558939414,-98,4086
07-05 14:08:59.436 17682 17779 I BatteryMgr:DataCollectionService: stats => 1688558939435,-98,4086
07-05 14:08:59.456 17682 17779 I BatteryMgr:DataCollectionService: stats => 1688558939455,-98,4086
07-05 14:08:59.475 17682 17779 I BatteryMgr:DataCollectionService: stats => 1688558939475,-98,4086
07-05 14:08:59.495 17682 17779 I BatteryMgr:DataCollectionService: stats => 1688558939495,-98,4086
07-05 14:08:59.515 17682 17779 I BatteryMgr:DataCollectionService: stats => 1688558939515,-98,4086
07-05 14:08:59.535 17682 17779 I BatteryMgr:DataCollectionService: stats => 1688558939535,-98,4086
07-05 14:08:59.555 17682 17779 I BatteryMgr:DataCollectionService: stats => 1688558939555,-98,4086
07-05 14:08:59.575 17682 17779 I BatteryMgr:DataCollectionService: stats => 1688558939575,-98,4086
07-05 14:08:59.595 17682 17779 I BatteryMgr:DataCollectionService: stats => 1688558939595,-98,4086
07-05 14:08:59.614 17682 17779 I BatteryMgr:DataCollectionService: stats => 1688558939614,-98,4086
07-05 14:08:59.634 17682 17779 I BatteryMgr:DataCollectionService: stats => 1688558939634,-98,4086
07-05 14:08:59.654 17682 17779 I BatteryMgr:DataCollectionService: stats => 1688558939653,-98,4086
07-05 14:08:59.674 17682 17779 I BatteryMgr:DataCollectionService: stats => 1688558939673,-98,4086
07-05 14:08:59.693 17682 17779 I BatteryMgr:DataCollectionService: stats => 1688558939693,-98,4086
07-05 14:08:59.713 17682 17779 I BatteryMgr:DataCollectionService: stats => 1688558939713,-98,4086
07-05 14:08:59.733 17682 17779 I BatteryMgr:DataCollectionService: stats => 1688558939733,-98,4086
07-05 14:08:59.752 17682 17779 I BatteryMgr:DataCollectionService: stats => 1688558939752,-98,4086
07-05 14:08:59.767 17682 17779 I BatteryMgr:DataCollectionService: stats => 1688558939767,-98,4086
07-05 14:08:59.782 17682 17779 I BatteryMgr:DataCollectionService: stats => 1688558939782,-98,4086
07-05 14:08:59.797 17682 17779 I BatteryMgr:DataCollectionService: stats => 1688558939797,-98,4086
07-05 14:08:59.818 17682 17779 I BatteryMgr:DataCollectionService: stats => 1688558939818,-98,4086
07-05 14:08:59.838 17682 17779 I BatteryMgr:DataCollectionService: stats => 1688558939838,-98,4086
07-05 14:08:59.858 17682 17779 I BatteryMgr:DataCollectionService: stats => 1688558939857,-98,4086
07-05 14:08:59.877 17682 17779 I BatteryMgr:DataCollectionService: stats => 1688558939877,-98,4086
07-05 14:08:59.897 17682 17779 I BatteryMgr:DataCollectionService: stats => 1688558939897,-98,4086
07-05 14:08:59.917 17682 17779 I BatteryMgr:DataCollectionService: stats => 1688558939916,-98,4086
07-05 14:08:59.937 17682 17779 I BatteryMgr:DataCollectionService: stats => 1688558939936,-98,4086
07-05 14:08:59.957 17682 17779 I BatteryMgr:DataCollectionService: stats => 1688558939957,-98,4086
07-05 14:08:59.977 17682 17779 I BatteryMgr:DataCollectionService: stats => 1688558939976,-98,4086
07-05 14:08:59.997 17682 17779 I BatteryMgr:DataCollectionService: stats => 1688558939996,-98,4086
07-05 14:09:00.000  3960  4049 D SamsungAlarmManager: Expired : 8
07-05 14:09:00.001  3960  4049 V SamsungAlarmManager: Sending to uid : 1000 action=android.intent.action.TIME_TICK alarm=Alarm{d6f885f type 3 when 4102135 android}
07-05 14:09:00.003  3960  4049 V SamsungAlarmManager: Sending to uid : 10074 action=com.samsung.action.EVERY_MINUTE_CLOCK_UPDATE alarm=Alarm{8c22b75 type 1 when 1688558940000 com.sec.android.app.launcher}
07-05 14:09:00.007  5305  5305 I Launcher: onReceive: com.samsung.action.EVERY_MINUTE_CLOCK_UPDATE
07-05 14:09:00.009  3960  3960 D SamsungAlarmManager: setExact Intent (T:3/F:1/AC:false) 20230705T141000 - CU:1000/CP:3960
07-05 14:09:00.009  3960  3960 I SamsungAlarmManager: setLocked to kernel - T:3 / 20230705T141000, SetElapsed=4162135, nowELAPSED=4102144
07-05 14:09:00.014  4346  4346 D KeyguardUpdateMonitor: received broadcast android.intent.action.TIME_TICK
07-05 14:09:00.015  4346  4346 D KeyguardServiceBoxContainer: refreshTime() 1
07-05 14:09:00.020  3960  6459 D SamsungAlarmManager: setInexact Intent (T:1/F:0/AC:false) 20230705T141000 - CU:10074/CP:5305
07-05 14:09:00.021 17682 17779 I BatteryMgr:DataCollectionService: stats => 1688558940020,-98,4086
07-05 14:09:00.021  5305  5305 I IconView: applyFromShortcutInfo - start GetLive : com.samsung.android.calendar
07-05 14:09:00.021  5305  5305 I IconView: applyFromShortcutInfo - end GetLive : com.samsung.android.calendar
07-05 14:09:00.023  5305  5305 I IconView: applyFromApplicationInfo - start GetLive : com.sec.android.app.clockpackage
07-05 14:09:00.032  5305  5305 D ApplicationPackageManager: we has com.sec.android.app.clockpackage class. reuse it 
07-05 14:09:00.032  5305  5305 D LiveIconLoader: getLiveIcon was called in ClockPackage
07-05 14:09:00.035  5305  5305 D LiveIconLoader: getLiveIcon res = com.sec.android.app.clockpackage
07-05 14:09:00.037  5305  5305 D LiveIconLoader: stdIconSize : 84 , targetIconSize : 101
07-05 14:09:00.037  5305  5305 D LiveIconLoader: mIconDpi : 480 , mTargetIconDpi : 280
07-05 14:09:00.038 17682 17779 I BatteryMgr:DataCollectionService: stats => 1688558940038,-98,4086
07-05 14:09:00.047  4346  4346 D KeyguardUpdateMonitor: handleStatusBarState( false )
07-05 14:09:00.051  5305  5305 I ApplicationPackageManager: load= live icon for com.sec.android.app.clockpackage, from overlay = false
07-05 14:09:00.052  5305  5305 I LiveIconManager: getLiveIcon: complete(sync_created)
07-05 14:09:00.052  5305  5305 I IconView: applyFromApplicationInfo - end GetLive : com.sec.android.app.clockpackage
07-05 14:09:00.053  5305  5305 I IconView: applyFromApplicationInfo - start GetLive : com.samsung.android.calendar
07-05 14:09:00.053  5305  5305 I IconView: applyFromApplicationInfo - end GetLive : com.samsung.android.calendar
07-05 14:09:00.056 17682 17779 I BatteryMgr:DataCollectionService: stats => 1688558940056,-98,4086
07-05 14:09:00.063  4346  4346 D KeyguardUpdateMonitor: handleStatusBarState( false )
07-05 14:09:00.071 17682 17779 I BatteryMgr:DataCollectionService: stats => 1688558940071,-98,4086
07-05 14:09:00.086 17682 17779 I BatteryMgr:DataCollectionService: stats => 1688558940086,-98,4086
07-05 14:09:00.101 17682 17779 I BatteryMgr:DataCollectionService: stats => 1688558940101,-98,4086
07-05 14:09:00.116 17682 17779 I BatteryMgr:DataCollectionService: stats => 1688558940116,-98,4086
07-05 14:09:00.132 17682 17779 I BatteryMgr:DataCollectionService: stats => 1688558940131,-98,4086
07-05 14:09:00.150 17682 17779 I BatteryMgr:DataCollectionService: stats => 1688558940150,-98,4086
07-05 14:09:00.169 17682 17779 I BatteryMgr:DataCollectionService: stats => 1688558940169,-98,4086
07-05 14:09:00.188 17682 17779 I BatteryMgr:DataCollectionService: stats => 1688558940188,-98,4086
07-05 14:09:00.208 17682 17779 I BatteryMgr:DataCollectionService: stats => 1688558940208,-98,4086
07-05 14:09:00.228 17682 17779 I BatteryMgr:DataCollectionService: stats => 1688558940228,-98,4086
07-05 14:09:00.249 17682 17779 I BatteryMgr:DataCollectionService: stats => 1688558940249,-98,4086
07-05 14:09:00.269 17682 17779 I BatteryMgr:DataCollectionService: stats => 1688558940269,-98,4086
07-05 14:09:00.289 17682 17779 I BatteryMgr:DataCollectionService: stats => 1688558940289,-98,4086
07-05 14:09:00.309 17682 17779 I BatteryMgr:DataCollectionService: stats => 1688558940309,-98,4086
07-05 14:09:00.334 17682 17779 I BatteryMgr:DataCollectionService: stats => 1688558940333,-98,4086
07-05 14:09:00.354 17682 17779 I BatteryMgr:DataCollectionService: stats => 1688558940354,-98,4086
07-05 14:09:00.373 17682 17779 I BatteryMgr:DataCollectionService: stats => 1688558940372,-98,4086
07-05 14:09:00.392 17682 17779 I BatteryMgr:DataCollectionService: stats => 1688558940392,-98,4086
07-05 14:09:00.407  3960  4036 D SensorService: [SO] 0.062 -0.144 9.931
07-05 14:09:00.413 17682 17779 I BatteryMgr:DataCollectionService: stats => 1688558940413,-98,4086
07-05 14:09:00.433 17682 17779 I BatteryMgr:DataCollectionService: stats => 1688558940433,-98,4086
07-05 14:09:00.453 17682 17779 I BatteryMgr:DataCollectionService: stats => 1688558940453,-98,4086
07-05 14:09:00.473 17682 17779 I BatteryMgr:DataCollectionService: stats => 1688558940473,-98,4086
07-05 14:09:00.493 17682 17779 I BatteryMgr:DataCollectionService: stats => 1688558940493,-98,4086
07-05 14:09:00.513 17682 17779 I BatteryMgr:DataCollectionService: stats => 1688558940513,-98,4086
07-05 14:09:00.533 17682 17779 I BatteryMgr:DataCollectionService: stats => 1688558940533,-98,4086
07-05 14:09:00.554 17682 17779 I BatteryMgr:DataCollectionService: stats => 1688558940553,-98,4086
07-05 14:09:00.574 17682 17779 I BatteryMgr:DataCollectionService: stats => 1688558940574,-98,4086
07-05 14:09:00.589 17682 17779 I BatteryMgr:DataCollectionService: stats => 1688558940589,-98,4086
07-05 14:09:00.604 17682 17779 I BatteryMgr:DataCollectionService: stats => 1688558940604,-98,4086
07-05 14:09:00.619 17682 17779 I BatteryMgr:DataCollectionService: stats => 1688558940619,-98,4086
07-05 14:09:00.634 17682 17779 I BatteryMgr:DataCollectionService: stats => 1688558940634,-98,4086
07-05 14:09:00.649 17682 17779 I BatteryMgr:DataCollectionService: stats => 1688558940649,-98,4086
07-05 14:09:00.669 17682 17779 I BatteryMgr:DataCollectionService: stats => 1688558940669,-98,4086
07-05 14:09:00.689 17682 17779 I BatteryMgr:DataCollectionService: stats => 1688558940689,-98,4086
07-05 14:09:00.709 17682 17779 I BatteryMgr:DataCollectionService: stats => 1688558940709,-98,4086
07-05 14:09:00.729 17682 17779 I BatteryMgr:DataCollectionService: stats => 1688558940729,-98,4086
07-05 14:09:00.749 17682 17779 I BatteryMgr:DataCollectionService: stats => 1688558940749,-98,4086
07-05 14:09:00.769 17682 17779 I BatteryMgr:DataCollectionService: stats => 1688558940769,-98,4086
07-05 14:09:00.789 17682 17779 I BatteryMgr:DataCollectionService: stats => 1688558940788,-98,4086
07-05 14:09:00.809 17682 17779 I BatteryMgr:DataCollectionService: stats => 1688558940808,-98,4086
07-05 14:09:00.829 17682 17779 I BatteryMgr:DataCollectionService: stats => 1688558940828,-98,4086
07-05 14:09:00.848 17682 17779 I BatteryMgr:DataCollectionService: stats => 1688558940848,-98,4086
07-05 14:09:00.868 17682 17779 I BatteryMgr:DataCollectionService: stats => 1688558940868,-98,4086
07-05 14:09:00.889 17682 17779 I BatteryMgr:DataCollectionService: stats => 1688558940888,-98,4086
07-05 14:09:00.909 17682 17779 I BatteryMgr:DataCollectionService: stats => 1688558940908,-98,4086
07-05 14:09:00.928 17682 17779 I BatteryMgr:DataCollectionService: stats => 1688558940928,-98,4086
07-05 14:09:00.949 17682 17779 I BatteryMgr:DataCollectionService: stats => 1688558940948,-98,4086
07-05 14:09:00.968 17682 17779 I BatteryMgr:DataCollectionService: stats => 1688558940968,-98,4086
07-05 14:09:00.988 17682 17779 I BatteryMgr:DataCollectionService: stats => 1688558940988,-98,4086
07-05 14:09:01.008 17682 17779 I BatteryMgr:DataCollectionService: stats => 1688558941008,-98,4086
07-05 14:09:01.028 17682 17779 I BatteryMgr:DataCollectionService: stats => 1688558941028,-98,4086
07-05 14:09:01.048 17682 17779 I BatteryMgr:DataCollectionService: stats => 1688558941048,-98,4086
07-05 14:09:01.069 17682 17779 I BatteryMgr:DataCollectionService: stats => 1688558941068,-98,4086
07-05 14:09:01.086 17682 17779 I BatteryMgr:DataCollectionService: stats => 1688558941086,-98,4086
07-05 14:09:01.101 17682 17779 I BatteryMgr:DataCollectionService: stats => 1688558941101,-98,4086
07-05 14:09:01.116 17682 17779 I BatteryMgr:DataCollectionService: stats => 1688558941116,-98,4086
07-05 14:09:01.135 17682 17779 I BatteryMgr:DataCollectionService: stats => 1688558941135,-98,4086
07-05 14:09:01.155 17682 17779 I BatteryMgr:DataCollectionService: stats => 1688558941155,-98,4086
07-05 14:09:01.175 17682 17779 I BatteryMgr:DataCollectionService: stats => 1688558941175,-98,4086
07-05 14:09:01.195 17682 17779 I BatteryMgr:DataCollectionService: stats => 1688558941194,-98,4086
07-05 14:09:01.215 17682 17779 I BatteryMgr:DataCollectionService: stats => 1688558941215,-98,4086
07-05 14:09:01.235 17682 17779 I BatteryMgr:DataCollectionService: stats => 1688558941234,-98,4086
07-05 14:09:01.254 17682 17779 I BatteryMgr:DataCollectionService: stats => 1688558941254,-98,4086
07-05 14:09:01.274 17682 17779 I BatteryMgr:DataCollectionService: stats => 1688558941274,-98,4086
07-05 14:09:01.293 17682 17779 I BatteryMgr:DataCollectionService: stats => 1688558941293,-98,4086
07-05 14:09:01.313 17682 17779 I BatteryMgr:DataCollectionService: stats => 1688558941313,-98,4086
07-05 14:09:01.333 17682 17779 I BatteryMgr:DataCollectionService: stats => 1688558941333,-98,4086
07-05 14:09:01.352 17682 17779 I BatteryMgr:DataCollectionService: stats => 1688558941352,-98,4086
07-05 14:09:01.372 17682 17779 I BatteryMgr:DataCollectionService: stats => 1688558941372,-98,4086
07-05 14:09:01.392 17682 17779 I BatteryMgr:DataCollectionService: stats => 1688558941392,-98,4086
07-05 14:09:01.412 17682 17779 I BatteryMgr:DataCollectionService: stats => 1688558941412,-98,4086
07-05 14:09:01.431 17682 17779 I BatteryMgr:DataCollectionService: stats => 1688558941431,-98,4086
07-05 14:09:01.451 17682 17779 I BatteryMgr:DataCollectionService: stats => 1688558941451,-98,4086
07-05 14:09:01.470 17682 17779 I BatteryMgr:DataCollectionService: stats => 1688558941470,-98,4086
07-05 14:09:01.490 17682 17779 I BatteryMgr:DataCollectionService: stats => 1688558941490,-98,4086
07-05 14:09:01.510 17682 17779 I BatteryMgr:DataCollectionService: stats => 1688558941509,-98,4086
07-05 14:09:01.530 17682 17779 I BatteryMgr:DataCollectionService: stats => 1688558941529,-98,4086
07-05 14:09:01.549 17682 17779 I BatteryMgr:DataCollectionService: stats => 1688558941549,-98,4086
07-05 14:09:01.569 17682 17779 I BatteryMgr:DataCollectionService: stats => 1688558941569,-98,4086
07-05 14:09:01.589 17682 17779 I BatteryMgr:DataCollectionService: stats => 1688558941588,-98,4086
07-05 14:09:01.608 17682 17779 I BatteryMgr:DataCollectionService: stats => 1688558941608,-98,4086
07-05 14:09:01.628 17682 17779 I BatteryMgr:DataCollectionService: stats => 1688558941627,-98,4086
07-05 14:09:01.647 17682 17779 I BatteryMgr:DataCollectionService: stats => 1688558941647,-98,4086
07-05 14:09:01.666 17682 17779 I BatteryMgr:DataCollectionService: stats => 1688558941666,-98,4086
07-05 14:09:01.686 17682 17779 I BatteryMgr:DataCollectionService: stats => 1688558941686,-98,4086
07-05 14:09:01.706 17682 17779 I BatteryMgr:DataCollectionService: stats => 1688558941705,-98,4086
07-05 14:09:01.725 17682 17779 I BatteryMgr:DataCollectionService: stats => 1688558941725,-98,4086
07-05 14:09:01.745 17682 17779 I BatteryMgr:DataCollectionService: stats => 1688558941745,-98,4086
07-05 14:09:01.764 17682 17779 I BatteryMgr:DataCollectionService: stats => 1688558941764,-98,4086
07-05 14:09:01.784 17682 17779 I BatteryMgr:DataCollectionService: stats => 1688558941784,-98,4086
07-05 14:09:01.804 17682 17779 I BatteryMgr:DataCollectionService: stats => 1688558941804,-98,4086
07-05 14:09:01.824 17682 17779 I BatteryMgr:DataCollectionService: stats => 1688558941823,-98,4086
07-05 14:09:01.843 17682 17779 I BatteryMgr:DataCollectionService: stats => 1688558941843,-98,4086
07-05 14:09:01.862 17682 17779 I BatteryMgr:DataCollectionService: stats => 1688558941862,-98,4086
07-05 14:09:01.882 17682 17779 I BatteryMgr:DataCollectionService: stats => 1688558941882,-98,4086
07-05 14:09:01.902 17682 17779 I BatteryMgr:DataCollectionService: stats => 1688558941901,-98,4086
07-05 14:09:01.921 17682 17779 I BatteryMgr:DataCollectionService: stats => 1688558941921,-98,4086
07-05 14:09:01.941 17682 17779 I BatteryMgr:DataCollectionService: stats => 1688558941940,-98,4086
07-05 14:09:01.961 17682 17779 I BatteryMgr:DataCollectionService: stats => 1688558941961,-98,4086
07-05 14:09:01.980 17682 17779 I BatteryMgr:DataCollectionService: stats => 1688558941980,-98,4086
07-05 14:09:02.000 17682 17779 I BatteryMgr:DataCollectionService: stats => 1688558942000,-98,4086
07-05 14:09:02.019 17682 17779 I BatteryMgr:DataCollectionService: stats => 1688558942019,-98,4086
07-05 14:09:02.039 17682 17779 I BatteryMgr:DataCollectionService: stats => 1688558942039,-98,4086
07-05 14:09:02.058 17682 17779 I BatteryMgr:DataCollectionService: stats => 1688558942058,-98,4086
07-05 14:09:02.068  3437  3437 I android.hardware.wifi@1.0-service: getLinkLayerStats
07-05 14:09:02.079 17682 17779 I BatteryMgr:DataCollectionService: stats => 1688558942079,-98,4086
07-05 14:09:02.098 17682 17779 I BatteryMgr:DataCollectionService: stats => 1688558942098,-98,4086
07-05 14:09:02.118 17682 17779 I BatteryMgr:DataCollectionService: stats => 1688558942118,-98,4086
07-05 14:09:02.138 17682 17779 I BatteryMgr:DataCollectionService: stats => 1688558942137,-98,4086
07-05 14:09:02.157 17682 17779 I BatteryMgr:DataCollectionService: stats => 1688558942157,-98,4086
07-05 14:09:02.177 17682 17779 I BatteryMgr:DataCollectionService: stats => 1688558942176,-98,4086
07-05 14:09:02.196 17682 17779 I BatteryMgr:DataCollectionService: stats => 1688558942196,-98,4086
07-05 14:09:02.215 17682 17779 I BatteryMgr:DataCollectionService: stats => 1688558942215,-98,4086
07-05 14:09:02.235 17682 17779 I BatteryMgr:DataCollectionService: stats => 1688558942235,-98,4086
07-05 14:09:02.255 17682 17779 I BatteryMgr:DataCollectionService: stats => 1688558942255,-98,4086
07-05 14:09:02.274 17682 17779 I BatteryMgr:DataCollectionService: stats => 1688558942274,-98,4086
07-05 14:09:02.294 17682 17779 I BatteryMgr:DataCollectionService: stats => 1688558942293,-98,4086
07-05 14:09:02.313 17682 17779 I BatteryMgr:DataCollectionService: stats => 1688558942313,-98,4086
07-05 14:09:02.333 17682 17779 I BatteryMgr:DataCollectionService: stats => 1688558942332,-98,4086
07-05 14:09:02.352 17682 17779 I BatteryMgr:DataCollectionService: stats => 1688558942352,-98,4086
07-05 14:09:02.372 17682 17779 I BatteryMgr:DataCollectionService: stats => 1688558942372,-98,4086
07-05 14:09:02.391 17682 17779 I BatteryMgr:DataCollectionService: stats => 1688558942391,-98,4086
07-05 14:09:02.411 17682 17779 I BatteryMgr:DataCollectionService: stats => 1688558942411,-98,4086
07-05 14:09:02.431 17682 17779 I BatteryMgr:DataCollectionService: stats => 1688558942431,-98,4086
07-05 14:09:02.451 17682 17779 I BatteryMgr:DataCollectionService: stats => 1688558942451,-98,4086
07-05 14:09:02.470 17682 17779 I BatteryMgr:DataCollectionService: stats => 1688558942470,-98,4086
07-05 14:09:02.489 17682 17779 I BatteryMgr:DataCollectionService: stats => 1688558942489,-98,4086
07-05 14:09:02.509 17682 17779 I BatteryMgr:DataCollectionService: stats => 1688558942509,-98,4086
07-05 14:09:02.529 17682 17779 I BatteryMgr:DataCollectionService: stats => 1688558942529,-98,4086
07-05 14:09:02.548 17682 17779 I BatteryMgr:DataCollectionService: stats => 1688558942548,-98,4086
07-05 14:09:02.569 17682 17779 I BatteryMgr:DataCollectionService: stats => 1688558942569,-98,4086
07-05 14:09:02.588 17682 17779 I BatteryMgr:DataCollectionService: stats => 1688558942588,-98,4086
07-05 14:09:02.607 17682 17779 I BatteryMgr:DataCollectionService: stats => 1688558942607,-98,4086
07-05 14:09:02.626 17682 17779 I BatteryMgr:DataCollectionService: stats => 1688558942626,-98,4086
07-05 14:09:02.642 17682 17779 I BatteryMgr:DataCollectionService: stats => 1688558942642,-98,4086
07-05 14:09:02.657 17682 17779 I BatteryMgr:DataCollectionService: stats => 1688558942657,-98,4086
07-05 14:09:02.671 17682 17779 I BatteryMgr:DataCollectionService: stats => 1688558942671,-98,4086
07-05 14:09:02.686 17682 17779 I BatteryMgr:DataCollectionService: stats => 1688558942686,-98,4086
07-05 14:09:02.701 17682 17779 I BatteryMgr:DataCollectionService: stats => 1688558942701,-98,4086
07-05 14:09:02.720 17682 17779 I BatteryMgr:DataCollectionService: stats => 1688558942719,-98,4086
07-05 14:09:02.738 17682 17779 I BatteryMgr:DataCollectionService: stats => 1688558942738,-98,4086
07-05 14:09:02.757 17682 17779 I BatteryMgr:DataCollectionService: stats => 1688558942756,-98,4086
07-05 14:09:02.776 17682 17779 I BatteryMgr:DataCollectionService: stats => 1688558942776,-98,4086
07-05 14:09:02.795 17682 17779 I BatteryMgr:DataCollectionService: stats => 1688558942795,-98,4086
07-05 14:09:02.815 17682 17779 I BatteryMgr:DataCollectionService: stats => 1688558942815,-98,4086
07-05 14:09:02.834 17682 17779 I BatteryMgr:DataCollectionService: stats => 1688558942834,-98,4086
07-05 14:09:02.853 17682 17779 I BatteryMgr:DataCollectionService: stats => 1688558942853,-98,4086
07-05 14:09:02.873 17682 17779 I BatteryMgr:DataCollectionService: stats => 1688558942873,-98,4086
07-05 14:09:02.893 17682 17779 I BatteryMgr:DataCollectionService: stats => 1688558942893,-98,4086
07-05 14:09:02.913 17682 17779 I BatteryMgr:DataCollectionService: stats => 1688558942912,-98,4086
07-05 14:09:02.932 17682 17779 I BatteryMgr:DataCollectionService: stats => 1688558942932,-98,4086
07-05 14:09:02.951 17682 17779 I BatteryMgr:DataCollectionService: stats => 1688558942951,-98,4086
07-05 14:09:02.971 17682 17779 I BatteryMgr:DataCollectionService: stats => 1688558942971,-98,4086
07-05 14:09:02.990 17682 17779 I BatteryMgr:DataCollectionService: stats => 1688558942990,-98,4086
07-05 14:09:03.009 17682 17779 I BatteryMgr:DataCollectionService: stats => 1688558943009,-98,4086
07-05 14:09:03.029 17682 17779 I BatteryMgr:DataCollectionService: stats => 1688558943029,-98,4086
07-05 14:09:03.048 17682 17779 I BatteryMgr:DataCollectionService: stats => 1688558943048,-98,4086
07-05 14:09:03.068 17682 17779 I BatteryMgr:DataCollectionService: stats => 1688558943068,-98,4086
07-05 14:09:03.087 17682 17779 I BatteryMgr:DataCollectionService: stats => 1688558943087,-98,4086
07-05 14:09:03.107 17682 17779 I BatteryMgr:DataCollectionService: stats => 1688558943107,-98,4086
07-05 14:09:03.126 17682 17779 I BatteryMgr:DataCollectionService: stats => 1688558943126,-98,4086
07-05 14:09:03.145 17682 17779 I BatteryMgr:DataCollectionService: stats => 1688558943145,-98,4086
07-05 14:09:03.165 17682 17779 I BatteryMgr:DataCollectionService: stats => 1688558943165,-98,4086
07-05 14:09:03.184 17682 17779 I BatteryMgr:DataCollectionService: stats => 1688558943184,-98,4086
07-05 14:09:03.203 17682 17779 I BatteryMgr:DataCollectionService: stats => 1688558943203,-98,4086
07-05 14:09:03.223 17682 17779 I BatteryMgr:DataCollectionService: stats => 1688558943223,-98,4086
07-05 14:09:03.243 17682 17779 I BatteryMgr:DataCollectionService: stats => 1688558943242,-98,4086
07-05 14:09:03.262 17682 17779 I BatteryMgr:DataCollectionService: stats => 1688558943261,-98,4086
07-05 14:09:03.282 17682 17779 I BatteryMgr:DataCollectionService: stats => 1688558943282,-98,4086
07-05 14:09:03.301 17682 17779 I BatteryMgr:DataCollectionService: stats => 1688558943301,-98,4086
07-05 14:09:03.320 17682 17779 I BatteryMgr:DataCollectionService: stats => 1688558943320,-98,4086
07-05 14:09:03.340 17682 17779 I BatteryMgr:DataCollectionService: stats => 1688558943340,-98,4086
07-05 14:09:03.359 17682 17779 I BatteryMgr:DataCollectionService: stats => 1688558943359,-98,4086
07-05 14:09:03.378 17682 17779 I BatteryMgr:DataCollectionService: stats => 1688558943378,-98,4086
07-05 14:09:03.397 17682 17779 I BatteryMgr:DataCollectionService: stats => 1688558943397,-98,4086
07-05 14:09:03.416 17682 17779 I BatteryMgr:DataCollectionService: stats => 1688558943416,-98,4086
07-05 14:09:03.435 17682 17779 I BatteryMgr:DataCollectionService: stats => 1688558943435,-98,4086
07-05 14:09:03.455 17682 17779 I BatteryMgr:DataCollectionService: stats => 1688558943454,-98,4086
07-05 14:09:03.474 17682 17779 I BatteryMgr:DataCollectionService: stats => 1688558943474,-98,4086
07-05 14:09:03.494 17682 17779 I BatteryMgr:DataCollectionService: stats => 1688558943493,-98,4086
07-05 14:09:03.513 17682 17779 I BatteryMgr:DataCollectionService: stats => 1688558943512,-98,4086
07-05 14:09:03.532 17682 17779 I BatteryMgr:DataCollectionService: stats => 1688558943532,-98,4086
07-05 14:09:03.550 17682 17779 I BatteryMgr:DataCollectionService: stats => 1688558943550,-98,4086
07-05 14:09:03.568 17682 17779 I BatteryMgr:DataCollectionService: stats => 1688558943568,-98,4086
07-05 14:09:03.587 17682 17779 I BatteryMgr:DataCollectionService: stats => 1688558943587,-98,4086
07-05 14:09:03.606 17682 17779 I BatteryMgr:DataCollectionService: stats => 1688558943606,-98,4086
07-05 14:09:03.627 17682 17779 I BatteryMgr:DataCollectionService: stats => 1688558943627,-98,4086
07-05 14:09:03.647 17682 17779 I BatteryMgr:DataCollectionService: stats => 1688558943646,-98,4086
07-05 14:09:03.662 17682 17779 I BatteryMgr:DataCollectionService: stats => 1688558943662,-98,4086
07-05 14:09:03.677 17682 17779 I BatteryMgr:DataCollectionService: stats => 1688558943677,-98,4086
07-05 14:09:03.691 17682 17779 I BatteryMgr:DataCollectionService: stats => 1688558943691,-98,4086
07-05 14:09:03.706 17682 17779 I BatteryMgr:DataCollectionService: stats => 1688558943706,-98,4086
07-05 14:09:03.725 17682 17779 I BatteryMgr:DataCollectionService: stats => 1688558943725,-98,4086
07-05 14:09:03.745 17682 17779 I BatteryMgr:DataCollectionService: stats => 1688558943744,-98,4086
07-05 14:09:03.764 17682 17779 I BatteryMgr:DataCollectionService: stats => 1688558943764,-98,4086
07-05 14:09:03.783 17682 17779 I BatteryMgr:DataCollectionService: stats => 1688558943782,-98,4086
07-05 14:09:03.802 17682 17779 I BatteryMgr:DataCollectionService: stats => 1688558943802,-98,4086
07-05 14:09:03.821 17682 17779 I BatteryMgr:DataCollectionService: stats => 1688558943821,-98,4086
07-05 14:09:03.840 17682 17779 I BatteryMgr:DataCollectionService: stats => 1688558943840,-98,4086
07-05 14:09:03.860 17682 17779 I BatteryMgr:DataCollectionService: stats => 1688558943859,-98,4086
07-05 14:09:03.879 17682 17779 I BatteryMgr:DataCollectionService: stats => 1688558943878,-98,4086
07-05 14:09:03.897 17682 17779 I BatteryMgr:DataCollectionService: stats => 1688558943897,-98,4086
07-05 14:09:03.917 17682 17779 I BatteryMgr:DataCollectionService: stats => 1688558943917,-98,4086
07-05 14:09:03.936 17682 17779 I BatteryMgr:DataCollectionService: stats => 1688558943936,-98,4086
07-05 14:09:03.955 17682 17779 I BatteryMgr:DataCollectionService: stats => 1688558943955,-98,4086
07-05 14:09:03.975 17682 17779 I BatteryMgr:DataCollectionService: stats => 1688558943975,-98,4086
07-05 14:09:03.994 17682 17779 I BatteryMgr:DataCollectionService: stats => 1688558943993,-98,4086
07-05 14:09:04.012 17682 17779 I BatteryMgr:DataCollectionService: stats => 1688558944012,-98,4086
07-05 14:09:04.031 17682 17779 I BatteryMgr:DataCollectionService: stats => 1688558944031,-98,4086
07-05 14:09:04.050 17682 17779 I BatteryMgr:DataCollectionService: stats => 1688558944050,-98,4086
07-05 14:09:04.069 17682 17779 I BatteryMgr:DataCollectionService: stats => 1688558944069,-98,4086
07-05 14:09:04.089 17682 17779 I BatteryMgr:DataCollectionService: stats => 1688558944088,-98,4086
07-05 14:09:04.107 17682 17779 I BatteryMgr:DataCollectionService: stats => 1688558944107,-98,4086
07-05 14:09:04.126 17682 17779 I BatteryMgr:DataCollectionService: stats => 1688558944126,-98,4086
07-05 14:09:04.145 17682 17779 I BatteryMgr:DataCollectionService: stats => 1688558944144,-98,4086
07-05 14:09:04.164 17682 17779 I BatteryMgr:DataCollectionService: stats => 1688558944164,-98,4086
07-05 14:09:04.183 17682 17779 I BatteryMgr:DataCollectionService: stats => 1688558944183,-98,4086
07-05 14:09:04.202 17682 17779 I BatteryMgr:DataCollectionService: stats => 1688558944201,-98,4086
07-05 14:09:04.209  4951  4951 D io_stats: !@ 179,0 r 96647 3437792 w 27903 430692 d 2624 90516 f 7254 7459 iot 52360 42850 th 51200 0 0 pt 0 inp 0 0 4106.341
07-05 14:09:04.221 17682 17779 I BatteryMgr:DataCollectionService: stats => 1688558944221,-98,4086
07-05 14:09:04.240 17682 17779 I BatteryMgr:DataCollectionService: stats => 1688558944240,-98,4086
07-05 14:09:04.259 17682 17779 I BatteryMgr:DataCollectionService: stats => 1688558944259,-98,4086
07-05 14:09:04.279 17682 17779 I BatteryMgr:DataCollectionService: stats => 1688558944278,-98,4086
07-05 14:09:04.298 17682 17779 I BatteryMgr:DataCollectionService: stats => 1688558944298,-98,4086
07-05 14:09:04.316 17682 17779 I BatteryMgr:DataCollectionService: stats => 1688558944316,-98,4086
07-05 14:09:04.335 17682 17779 I BatteryMgr:DataCollectionService: stats => 1688558944335,-98,4086
07-05 14:09:04.354 17682 17779 I BatteryMgr:DataCollectionService: stats => 1688558944354,-98,4086
07-05 14:09:04.373 17682 17779 I BatteryMgr:DataCollectionService: stats => 1688558944373,-98,4086
07-05 14:09:04.392 17682 17779 I BatteryMgr:DataCollectionService: stats => 1688558944392,-98,4086
07-05 14:09:04.412 17682 17779 I BatteryMgr:DataCollectionService: stats => 1688558944412,-98,4086
07-05 14:09:04.431 17682 17779 I BatteryMgr:DataCollectionService: stats => 1688558944430,-98,4086
07-05 14:09:04.450 17682 17779 I BatteryMgr:DataCollectionService: stats => 1688558944449,-98,4086
07-05 14:09:04.469 17682 17779 I BatteryMgr:DataCollectionService: stats => 1688558944468,-98,4086
07-05 14:09:04.488 17682 17779 I BatteryMgr:DataCollectionService: stats => 1688558944487,-98,4086
07-05 14:09:04.506 17682 17779 I BatteryMgr:DataCollectionService: stats => 1688558944506,-98,4086
07-05 14:09:04.525 17682 17779 I BatteryMgr:DataCollectionService: stats => 1688558944525,-98,4086
07-05 14:09:04.545 17682 17779 I BatteryMgr:DataCollectionService: stats => 1688558944544,-98,4086
07-05 14:09:04.564 17682 17779 I BatteryMgr:DataCollectionService: stats => 1688558944564,-98,4086
07-05 14:09:04.583 17682 17779 I BatteryMgr:DataCollectionService: stats => 1688558944582,-98,4086
07-05 14:09:04.602 17682 17779 I BatteryMgr:DataCollectionService: stats => 1688558944601,-98,4086
07-05 14:09:04.621 17682 17779 I BatteryMgr:DataCollectionService: stats => 1688558944621,-98,4086
07-05 14:09:04.640 17682 17779 I BatteryMgr:DataCollectionService: stats => 1688558944640,-98,4086
07-05 14:09:04.659 17682 17779 I BatteryMgr:DataCollectionService: stats => 1688558944659,-98,4086
07-05 14:09:04.678 17682 17779 I BatteryMgr:DataCollectionService: stats => 1688558944678,-98,4086
07-05 14:09:04.697 17682 17779 I BatteryMgr:DataCollectionService: stats => 1688558944697,-98,4086
07-05 14:09:04.716 17682 17779 I BatteryMgr:DataCollectionService: stats => 1688558944716,-98,4086
07-05 14:09:04.736 17682 17779 I BatteryMgr:DataCollectionService: stats => 1688558944735,-98,4086
07-05 14:09:04.755 17682 17779 I BatteryMgr:DataCollectionService: stats => 1688558944754,-98,4086
07-05 14:09:04.773 17682 17779 I BatteryMgr:DataCollectionService: stats => 1688558944773,-98,4086
