--------- beginning of system
07-06 13:33:10.924  1611  3248 I ActivityTaskManager: START u0 {act=android.intent.action.MAIN cat=[android.intent.category.LAUNCHER] flg=0x10000000 cmp=com.example.batterymanager_utility/.MainActivity} from uid 2000
--------- beginning of main
07-06 13:33:10.927   564   564 I hwservicemanager: getTransport: Cannot find entry vendor.qti.hardware.iop@2.0::IIop/default in either framework or device manifest.
07-06 13:33:10.934  1611  3248 D CompatibilityInfo: mCompatibilityFlags - 0
07-06 13:33:10.934  1611  3248 D CompatibilityInfo: applicationDensity - 420
07-06 13:33:10.934  1611  3248 D CompatibilityInfo: applicationScale - 1.0
07-06 13:33:10.934  1611  3248 D ActivityTrigger: ActivityTrigger activityPauseTrigger 
07-06 13:33:10.944  1611  1871 E system_server: Invalid ID 0x00000000.
07-06 13:33:10.945  1611  1870 W ActivityManager: ProcessRecord{ab25431 0:com.example.batterymanager_utility/u0a186}: ART verification disabled
07-06 13:33:10.945  1611  1870 D ActivityManager: Package [com.example.batterymanager_utility] have process
07-06 13:33:10.957   697   697 D Zygote  : Forked child process 21966
07-06 13:33:10.961  1611  1879 I ActivityManager: Start proc 21966:com.example.batterymanager_utility/u0a186 for activity {com.example.batterymanager_utility/com.example.batterymanager_utility.MainActivity}
07-06 13:33:10.962  1611  1879 D ActivityManager: handleProcessStartedLocked mDoneFinishBooting && app.pid != 0 ---> notifyProcessStart, app.processName = com.example.batterymanager_utility, app.info = ApplicationInfo{35b1225 com.example.batterymanager_utility}, app.hostingType = activity, getHostingName() = ComponentInfo{com.example.batterymanager_utility/com.example.batterymanager_utility.MainActivity}, getIntentFlag() = 0, getIsPackageRunning() = true, app = ProcessRecord{ab25431 21966:com.example.batterymanager_utility/u0a186}, getExtraData() = null
07-06 13:33:10.964 21966 21966 I manager_utilit: Late-enabling -Xcheck:jni
07-06 13:33:10.999 21966 21966 E manager_utilit: Unknown bits set in runtime_flags: 0x8000
07-06 13:33:11.020  1611  3248 D CompatibilityInfo: mCompatibilityFlags - 0
07-06 13:33:11.020  1611  3248 D CompatibilityInfo: applicationDensity - 420
07-06 13:33:11.020  1611  3248 D CompatibilityInfo: applicationScale - 1.0
07-06 13:33:11.024  1611  3248 D CompatibilityInfo: mCompatibilityFlags - 0
07-06 13:33:11.024  1611  3248 D CompatibilityInfo: applicationDensity - 420
07-06 13:33:11.024  1611  3248 D CompatibilityInfo: applicationScale - 1.0
07-06 13:33:11.025  1611 21987 W IrisConfig: ColorManagerService is not Existed
07-06 13:33:11.030  1611  3248 I qspmsvc-client: inside perf_hint_qspm
07-06 13:33:11.039  3506  3506 I A       : onPause
07-06 13:33:11.042  3184  3184 I GsaVoiceInteractionSrv: Handling ACTION_STOP_HOTWORD
07-06 13:33:11.042  3184  3928 I HwDetectorWithState: (REDACTED) a: %d
07-06 13:33:11.191 21966 21966 I Perf    : Connecting to perf service.
07-06 13:33:11.209 21966 21966 I BatteryMgr:App: creating notification channel
07-06 13:33:11.212   564   564 I hwservicemanager: getTransport: Cannot find entry vendor.qti.hardware.iop@2.0::IIop/default in either framework or device manifest.
07-06 13:33:11.212  1025  1099 E ANDR-IOP: IIop:: Iop HAL Service is not available.
07-06 13:33:11.214 21966 21990 E Perf    : Fail to get file list com.example.batterymanager_utility
07-06 13:33:11.215 21966 21990 E Perf    : getFolderSize() : Exception_1 = java.lang.NullPointerException: Attempt to get length of null array
07-06 13:33:11.215 21966 21990 E Perf    : Fail to get file list com.example.batterymanager_utility
07-06 13:33:11.215 21966 21990 E Perf    : getFolderSize() : Exception_1 = java.lang.NullPointerException: Attempt to get length of null array
07-06 13:33:11.301  1611  2338 E WindowManager: App trying to use insecure INPUT_FEATURE_NO_INPUT_CHANNEL flag. Ignoring
07-06 13:33:11.407 21972 21972 W app_process: type=1400 audit(0.0:629): avc: denied { read } for name="u:object_r:device_config_runtime_native_boot_prop:s0" dev="tmpfs" ino=13633 scontext=u:r:shell:s0 tcontext=u:object_r:device_config_runtime_native_boot_prop:s0 tclass=file permissive=0
07-06 13:33:11.407 21972 21972 I chatty  : uid=2000(shell) app_process identical 1 line
07-06 13:33:11.407 21972 21972 W app_process: type=1400 audit(0.0:631): avc: denied { read } for name="u:object_r:device_config_runtime_native_boot_prop:s0" dev="tmpfs" ino=13633 scontext=u:r:shell:s0 tcontext=u:object_r:device_config_runtime_native_boot_prop:s0 tclass=file permissive=0
07-06 13:33:11.411 21972 21972 D AndroidRuntime: >>>>>> START com.android.internal.os.RuntimeInit uid 2000 <<<<<<
07-06 13:33:11.417 21972 21972 E libc    : Access denied finding property "persist.device_config.runtime_native_boot.enable_apex_image"
07-06 13:33:11.417 21972 21972 I AndroidRuntime: Using default boot image
07-06 13:33:11.418 21972 21972 E libc    : Access denied finding property "persist.device_config.runtime_native_boot.disable_lock_profiling"
07-06 13:33:11.418 21972 21972 I AndroidRuntime: Leaving lock profiling enabled
07-06 13:33:11.418 21972 21972 E libc    : Access denied finding property "persist.device_config.runtime_native_boot.enable_generational_cc"
07-06 13:33:11.550 21972 21972 D ICU     : Time zone APEX file found: /apex/com.android.tzdata/etc/icu/icu_tzdata.dat
07-06 13:33:11.570 21972 21972 I app_process: The ClassLoaderContext is a special shared library.
07-06 13:33:11.597 21972 21972 W app_process: JNI RegisterNativeMethods: attempt to register 0 native methods for android.media.AudioAttributes
07-06 13:33:11.612 21972 21972 D AndroidRuntime: Calling main entry com.android.commands.monkey.Monkey
07-06 13:33:11.614 21972 21972 W Monkey  : args: [-p, e.www.writelocaltest, 1]
07-06 13:33:11.615 21972 21972 W Monkey  :  arg: "-p"
07-06 13:33:11.615 21972 21972 W Monkey  :  arg: "e.www.writelocaltest"
07-06 13:33:11.615 21972 21972 W Monkey  :  arg: "1"
07-06 13:33:11.615 21972 21972 W Monkey  : data="e.www.writelocaltest"
07-06 13:33:11.652 21966 21991 I AdrenoGLES: QUALCOMM build                   : f2ab992, I401605978b
07-06 13:33:11.652 21966 21991 I AdrenoGLES: Build Date                       : 09/28/19
07-06 13:33:11.652 21966 21991 I AdrenoGLES: OpenGL ES Shader Compiler Version: EV031.27.05.01
07-06 13:33:11.652 21966 21991 I AdrenoGLES: Local Branch                     : 
07-06 13:33:11.652 21966 21991 I AdrenoGLES: Remote Branch                    : 
07-06 13:33:11.652 21966 21991 I AdrenoGLES: Remote Branch                    : 
07-06 13:33:11.652 21966 21991 I AdrenoGLES: Reconstruct Branch               : 
07-06 13:33:11.652 21966 21991 I AdrenoGLES: Build Config                     : S L 8.0.11 AArch64
07-06 13:33:11.657 21966 21966 W RenderThread: type=1400 audit(0.0:632): avc: denied { search } for name="kgsl-3d0" dev="sysfs" ino=29187 scontext=u:r:untrusted_app:s0:c186,c256,c512,c768 tcontext=u:object_r:sysfs_kgsl:s0 tclass=dir permissive=0
07-06 13:33:11.658 21966 21991 I AdrenoGLES: PFP: 0x005ff112, ME: 0x005ff066
07-06 13:33:11.661  1611  1878 W BroadcastQueue: Skipping deliver [background] BroadcastRecord{f65bae4 u-1 android.net.conn.CONNECTIVITY_CHANGE} to ReceiverList{d9a3b4d 21972 (unknown name)/2000/u-1 remote:763b876}: process gone or crashing
07-06 13:33:11.663 21966 21991 W AdrenoUtils: <ReadGpuID_from_sysfs:194>: Failed to open /sys/class/kgsl/kgsl-3d0/gpu_model
07-06 13:33:11.663 21966 21991 W AdrenoUtils: <ReadGpuID:218>: Failed to read chip ID from gpu_model. Fallback to use the GSL path
07-06 13:33:11.665   564   564 I hwservicemanager: getTransport: Cannot find entry vendor.display.config@1.7::IDisplayConfig/default in either framework or device manifest.
07-06 13:33:11.666   564   564 I hwservicemanager: getTransport: Cannot find entry vendor.display.config@1.7::IDisplayConfig/default in either framework or device manifest.
07-06 13:33:11.677  1611  3248 I ActivityTaskManager: START u0 {act=android.intent.action.MAIN cat=[android.intent.category.LAUNCHER] flg=0x10200000 cmp=e.www.writelocaltest/.MainActivity} from uid 2000
07-06 13:33:11.677  1611  3248 W Binder  : Outgoing transactions from this process must be FLAG_ONEWAY
07-06 13:33:11.677  1611  3248 W Binder  : java.lang.Throwable
07-06 13:33:11.677  1611  3248 W Binder  : 	at android.os.BinderProxy.transact(BinderProxy.java:480)
07-06 13:33:11.677  1611  3248 W Binder  : 	at android.app.IActivityController$Stub$Proxy.activityStarting(IActivityController.java:273)
07-06 13:33:11.677  1611  3248 W Binder  : 	at com.android.server.wm.ActivityStarter.startActivity(ActivityStarter.java:798)
07-06 13:33:11.677  1611  3248 W Binder  : 	at com.android.server.wm.ActivityStarter.startActivity(ActivityStarter.java:587)
07-06 13:33:11.677  1611  3248 W Binder  : 	at com.android.server.wm.ActivityStarter.startActivityMayWait(ActivityStarter.java:1292)
07-06 13:33:11.677  1611  3248 W Binder  : 	at com.android.server.wm.ActivityStarter.execute(ActivityStarter.java:518)
07-06 13:33:11.677  1611  3248 W Binder  : 	at com.android.server.wm.ActivityTaskManagerService.startActivityAsUser(ActivityTaskManagerService.java:1058)
07-06 13:33:11.677  1611  3248 W Binder  : 	at com.android.server.wm.ActivityTaskManagerService.startActivityAsUser(ActivityTaskManagerService.java:1032)
07-06 13:33:11.677  1611  3248 W Binder  : 	at com.android.server.am.ActivityManagerService.startActivityAsUser(ActivityManagerService.java:3759)
07-06 13:33:11.677  1611  3248 W Binder  : 	at android.app.IActivityManager$Stub.onTransact(IActivityManager.java:3588)
07-06 13:33:11.677  1611  3248 W Binder  : 	at com.android.server.am.ActivityManagerService.onTransact(ActivityManagerService.java:2906)
07-06 13:33:11.677  1611  3248 W Binder  : 	at android.os.Binder.execTransactInternal(Binder.java:1021)
07-06 13:33:11.677  1611  3248 W Binder  : 	at android.os.Binder.execTransact(Binder.java:994)
07-06 13:33:11.682   564   564 I hwservicemanager: getTransport: Cannot find entry vendor.qti.hardware.iop@2.0::IIop/default in either framework or device manifest.
07-06 13:33:11.689  1611  3248 D CompatibilityInfo: mCompatibilityFlags - 0
07-06 13:33:11.689  1611  3248 D CompatibilityInfo: applicationDensity - 420
07-06 13:33:11.689  1611  3248 D CompatibilityInfo: applicationScale - 1.0
07-06 13:33:11.689  1611  3248 D ActivityTrigger: ActivityTrigger activityPauseTrigger 
07-06 13:33:11.693 21972 21972 I Monkey  : Events injected: 1
07-06 13:33:11.693   564   564 I hwservicemanager: getTransport: Cannot find entry android.hardware.graphics.mapper@3.0::IMapper/default in either framework or device manifest.
07-06 13:33:11.694 21966 21991 W Gralloc3: mapper 3.x is not supported
07-06 13:33:11.695  1611  1611 V SettingsProvider: Notifying for 0: content://settings/system/accelerometer_rotation
07-06 13:33:11.705  1611  1871 E system_server: Invalid ID 0x00000000.
07-06 13:33:11.706  1611  1611 V SettingsProvider: Notifying for 0: content://settings/system/accelerometer_rotation
07-06 13:33:11.714 21972 21972 I Monkey  : ## Network stats: elapsed time=34ms (0ms mobile, 0ms wifi, 34ms not connected)
07-06 13:33:11.715 21972 21972 I app_process: System.exit called, status: 0
07-06 13:33:11.715 21972 21972 I AndroidRuntime: VM exiting with result code 0.
07-06 13:33:11.721   564   564 I hwservicemanager: getTransport: Cannot find entry vendor.qti.hardware.iop@2.0::IIop/default in either framework or device manifest.
07-06 13:33:11.722  1611  1877 I ActivityTaskManager: Displayed e.www.writelocaltest/.MainActivity: +797ms
07-06 13:33:11.722   564   564 I hwservicemanager: getTransport: Cannot find entry vendor.qti.hardware.iop@2.0::IIop/default in either framework or device manifest.
07-06 13:33:11.764  2612  2612 I GoogleInputMethodService: GoogleInputMethodService.onFinishInput():3306 
07-06 13:33:11.765  2612  2612 I GoogleInputMethodService: GoogleInputMethodService.updateDeviceLockedStatus():2127 repeatCheckTimes = 0, locked = false
07-06 13:33:11.765  2612  2612 I GoogleInputMethodService: GoogleInputMethodService.onStartInput():1909 onStartInput(EditorInfo{inputType=0x0(NULL) imeOptions=0x0 privateImeOptions=null actionName=UNSPECIFIED actionLabel=null actionId=0 initialSelStart=-1 initialSelEnd=-1 initialCapsMode=0x0 hintText=null label=null packageName=com.example.batterymanager_utility fieldId=-1 fieldName=null extras=null hintLocales=[]}, false)
07-06 13:33:11.765  2612  2612 I GoogleInputMethodService: GoogleInputMethodService.shouldHideHeaderOnInitialState():1990 ShouldHideHeaderOnInitialState = false
07-06 13:33:11.765  2612  2612 I GoogleInputMethodService: GoogleInputMethodService.updateDeviceLockedStatus():2127 repeatCheckTimes = 1, locked = false
07-06 13:33:11.772  1611  1870 W ActivityManager: ProcessRecord{4f5185f 0:e.www.writelocaltest/u0a193}: ART verification disabled
07-06 13:33:11.773  1611  1870 D ActivityManager: Package [e.www.writelocaltest] have process
07-06 13:33:11.774  1611  1870 D ActivityTrigger: ActivityTrigger activityStopTrigger 
07-06 13:33:11.777   564   564 E SELinux : avc:  denied  { find } for interface=vendor.qti.hardware.servicetracker::IServicetracker sid=u:r:system_server:s0 pid=1611 scontext=u:r:system_server:s0 tcontext=u:object_r:default_android_hwservice:s0 tclass=hwservice_manager permissive=0
07-06 13:33:11.781  3506  3506 I A       : onStop
07-06 13:33:11.788   697   697 D Zygote  : Forked child process 22012
07-06 13:33:11.791  1611  1879 I ActivityManager: Start proc 22012:e.www.writelocaltest/u0a193 for activity {e.www.writelocaltest/e.www.writelocaltest.MainActivity}
07-06 13:33:11.791  1611  1879 D ActivityManager: handleProcessStartedLocked mDoneFinishBooting && app.pid != 0 ---> notifyProcessStart, app.processName = e.www.writelocaltest, app.info = ApplicationInfo{5fcdb7b e.www.writelocaltest}, app.hostingType = activity, getHostingName() = ComponentInfo{e.www.writelocaltest/e.www.writelocaltest.MainActivity}, getIntentFlag() = 0, getIsPackageRunning() = true, app = ProcessRecord{4f5185f 22012:e.www.writelocaltest/u0a193}, getExtraData() = null
07-06 13:33:11.795 22012 22012 I .writelocaltes: Late-enabling -Xcheck:jni
07-06 13:33:11.830 22012 22012 E .writelocaltes: Unknown bits set in runtime_flags: 0x8000
07-06 13:33:11.852  1611  3248 D CompatibilityInfo: mCompatibilityFlags - 0
07-06 13:33:11.852  1611  3248 D CompatibilityInfo: applicationDensity - 420
07-06 13:33:11.852  1611  3248 D CompatibilityInfo: applicationScale - 1.0
07-06 13:33:11.858  1611  3248 D CompatibilityInfo: mCompatibilityFlags - 0
07-06 13:33:11.858  1611  3248 D CompatibilityInfo: applicationDensity - 420
07-06 13:33:11.858  1611  3248 D CompatibilityInfo: applicationScale - 1.0
07-06 13:33:11.859  1611 22031 W IrisConfig: ColorManagerService is not Existed
07-06 13:33:11.861  1611  3248 I qspmsvc-client: inside perf_hint_qspm
07-06 13:33:11.939 22012 22012 I Perf    : Connecting to perf service.
07-06 13:33:11.950   564   564 I hwservicemanager: getTransport: Cannot find entry vendor.qti.hardware.iop@2.0::IIop/default in either framework or device manifest.
07-06 13:33:11.951  1025  1099 E ANDR-IOP: IIop:: Iop HAL Service is not available.
07-06 13:33:11.960 22012 22035 E Perf    : Fail to get file list e.www.writelocaltest
07-06 13:33:11.960 22012 22035 E Perf    : getFolderSize() : Exception_1 = java.lang.NullPointerException: Attempt to get length of null array
07-06 13:33:11.960 22012 22035 E Perf    : Fail to get file list e.www.writelocaltest
07-06 13:33:11.963 22012 22035 E Perf    : getFolderSize() : Exception_1 = java.lang.NullPointerException: Attempt to get length of null array
07-06 13:33:12.027 22012 22012 W .writelocaltes: Accessing hidden method Landroid/view/View;->computeFitSystemWindows(Landroid/graphics/Rect;Landroid/graphics/Rect;)Z (greylist, reflection, allowed)
07-06 13:33:12.029 22012 22012 W .writelocaltes: Accessing hidden method Landroid/view/ViewGroup;->makeOptionalFitsSystemWindows()V (greylist, reflection, allowed)
07-06 13:33:12.064  1611  3248 E WindowManager: App trying to use insecure INPUT_FEATURE_NO_INPUT_CHANNEL flag. Ignoring
07-06 13:33:12.087 22012 22012 W RenderThread: type=1400 audit(0.0:633): avc: denied { search } for name="kgsl-3d0" dev="sysfs" ino=29187 scontext=u:r:untrusted_app_27:s0:c193,c256,c512,c768 tcontext=u:object_r:sysfs_kgsl:s0 tclass=dir permissive=0
07-06 13:33:12.089 22012 22036 I AdrenoGLES: QUALCOMM build                   : f2ab992, I401605978b
07-06 13:33:12.089 22012 22036 I AdrenoGLES: Build Date                       : 09/28/19
07-06 13:33:12.089 22012 22036 I AdrenoGLES: OpenGL ES Shader Compiler Version: EV031.27.05.01
07-06 13:33:12.089 22012 22036 I AdrenoGLES: Local Branch                     : 
07-06 13:33:12.089 22012 22036 I AdrenoGLES: Remote Branch                    : 
07-06 13:33:12.089 22012 22036 I AdrenoGLES: Remote Branch                    : 
07-06 13:33:12.089 22012 22036 I AdrenoGLES: Reconstruct Branch               : 
07-06 13:33:12.089 22012 22036 I AdrenoGLES: Build Config                     : S L 8.0.11 AArch64
07-06 13:33:12.095 22012 22036 I AdrenoGLES: PFP: 0x005ff112, ME: 0x005ff066
07-06 13:33:12.098 22012 22036 W AdrenoUtils: <ReadGpuID_from_sysfs:194>: Failed to open /sys/class/kgsl/kgsl-3d0/gpu_model
07-06 13:33:12.098 22012 22036 W AdrenoUtils: <ReadGpuID:218>: Failed to read chip ID from gpu_model. Fallback to use the GSL path
07-06 13:33:12.101   564   564 I hwservicemanager: getTransport: Cannot find entry vendor.display.config@1.7::IDisplayConfig/default in either framework or device manifest.
07-06 13:33:12.101   564   564 I hwservicemanager: getTransport: Cannot find entry vendor.display.config@1.7::IDisplayConfig/default in either framework or device manifest.
07-06 13:33:12.116   564   564 I hwservicemanager: getTransport: Cannot find entry android.hardware.graphics.mapper@3.0::IMapper/default in either framework or device manifest.
07-06 13:33:12.116 22012 22036 W Gralloc3: mapper 3.x is not supported
07-06 13:33:12.134  2612  2612 I GoogleInputMethodService: GoogleInputMethodService.onFinishInput():3306 
07-06 13:33:12.134  2612  2612 I GoogleInputMethodService: GoogleInputMethodService.updateDeviceLockedStatus():2127 repeatCheckTimes = 0, locked = false
07-06 13:33:12.135  2612  2612 I GoogleInputMethodService: GoogleInputMethodService.onStartInput():1909 onStartInput(EditorInfo{inputType=0x0(NULL) imeOptions=0x0 privateImeOptions=null actionName=UNSPECIFIED actionLabel=null actionId=0 initialSelStart=-1 initialSelEnd=-1 initialCapsMode=0x0 hintText=null label=null packageName=e.www.writelocaltest fieldId=-1 fieldName=null extras=null hintLocales=[]}, false)
07-06 13:33:12.136  2612  2612 I GoogleInputMethodService: GoogleInputMethodService.shouldHideHeaderOnInitialState():1990 ShouldHideHeaderOnInitialState = false
07-06 13:33:12.138  2612  2612 I GoogleInputMethodService: GoogleInputMethodService.updateDeviceLockedStatus():2127 repeatCheckTimes = 1, locked = false
07-06 13:33:12.494  1611  1870 D ActivityTrigger: ActivityTrigger activityStopTrigger 
07-06 13:33:13.168  1611  3268 D CompatibilityInfo: mCompatibilityFlags - 0
07-06 13:33:13.169  1611  3268 D CompatibilityInfo: applicationDensity - 420
07-06 13:33:13.169  1611  3268 D CompatibilityInfo: applicationScale - 1.0
07-06 13:33:13.169   564   564 E SELinux : avc:  denied  { find } for interface=vendor.qti.hardware.servicetracker::IServicetracker sid=u:r:system_server:s0 pid=1611 scontext=u:r:system_server:s0 tcontext=u:object_r:default_android_hwservice:s0 tclass=hwservice_manager permissive=0
07-06 13:33:13.174 21966 21966 I BatteryMgr:DataCollectionService: onStartCommand: begin
07-06 13:33:13.174 21966 21966 I BatteryMgr:DataCollectionService: onStartCommand: sampleRate => 1
07-06 13:33:13.174 21966 21966 I BatteryMgr:DataCollectionService: onStartCommand: rawFields => Timestamp,BATTERY_PROPERTY_CURRENT_NOW,EXTRA_VOLTAGE
07-06 13:33:13.175 21966 21966 I BatteryMgr:DataCollectionService: onStartCommand: notification done
07-06 13:33:13.178 21966 21966 I BatteryMgr:DataCollectionService: started foreground
07-06 13:33:13.178  1611  1878 E NotificationService: Suppressing notification from package by user request.
07-06 13:33:13.178  1611  1878 I ServiceRecord: ServicesRecord broadcast notify intent package = com.example.batterymanager_utility pid = 21966
07-06 13:33:13.187 21966 22061 I BatteryMgr:DataCollectionService: collectData: begin
07-06 13:33:13.193 21966 22061 I BatteryMgr:DataCollectionService: stats => 1688643193193,-344238,4124
07-06 13:33:13.199 21966 22061 I BatteryMgr:DataCollectionService: stats => 1688643193199,-344238,4124
07-06 13:33:13.205 21966 22061 I BatteryMgr:DataCollectionService: stats => 1688643193204,-344238,4124
07-06 13:33:13.210 21966 22061 I BatteryMgr:DataCollectionService: stats => 1688643193210,-344238,4124
07-06 13:33:13.216 21966 22061 I BatteryMgr:DataCollectionService: stats => 1688643193215,-344238,4124
07-06 13:33:13.220 21966 22061 I BatteryMgr:DataCollectionService: stats => 1688643193219,-344238,4124
07-06 13:33:13.223 21966 22061 I BatteryMgr:DataCollectionService: stats => 1688643193223,-344238,4124
07-06 13:33:13.227 21966 22061 I BatteryMgr:DataCollectionService: stats => 1688643193227,-344238,4124
07-06 13:33:13.231 21966 22061 I BatteryMgr:DataCollectionService: stats => 1688643193231,-344238,4124
07-06 13:33:13.235 21966 22061 I BatteryMgr:DataCollectionService: stats => 1688643193235,-344238,4124
07-06 13:33:13.239 21966 22061 I BatteryMgr:DataCollectionService: stats => 1688643193239,-344238,4124
07-06 13:33:13.243 21966 22061 I BatteryMgr:DataCollectionService: stats => 1688643193243,-344238,4124
07-06 13:33:13.249 21966 22061 I BatteryMgr:DataCollectionService: stats => 1688643193249,-344238,4124
07-06 13:33:13.253 21966 22061 I BatteryMgr:DataCollectionService: stats => 1688643193253,-344238,4124
07-06 13:33:13.258 21966 22061 I BatteryMgr:DataCollectionService: stats => 1688643193258,-344238,4124
07-06 13:33:13.263 21966 22061 I BatteryMgr:DataCollectionService: stats => 1688643193262,-344238,4124
07-06 13:33:13.268 21966 22061 I BatteryMgr:DataCollectionService: stats => 1688643193268,-344238,4124
07-06 13:33:13.273 21966 22061 I BatteryMgr:DataCollectionService: stats => 1688643193272,-344238,4124
07-06 13:33:13.278 21966 22061 I BatteryMgr:DataCollectionService: stats => 1688643193278,-344238,4124
07-06 13:33:13.283 21966 22061 I BatteryMgr:DataCollectionService: stats => 1688643193283,-344238,4124
07-06 13:33:13.289 21966 22061 I BatteryMgr:DataCollectionService: stats => 1688643193289,-344238,4124
07-06 13:33:13.294 21966 22061 I BatteryMgr:DataCollectionService: stats => 1688643193294,-344238,4124
07-06 13:33:13.298 21966 22061 I BatteryMgr:DataCollectionService: stats => 1688643193298,-344238,4124
07-06 13:33:13.304 21966 22061 I BatteryMgr:DataCollectionService: stats => 1688643193303,-344238,4124
07-06 13:33:13.307 21966 22061 I BatteryMgr:DataCollectionService: stats => 1688643193307,-344238,4124
07-06 13:33:13.311 21966 22061 I BatteryMgr:DataCollectionService: stats => 1688643193311,-344238,4124
07-06 13:33:13.317 21966 22061 I BatteryMgr:DataCollectionService: stats => 1688643193316,-344238,4124
07-06 13:33:13.321 21966 22061 I BatteryMgr:DataCollectionService: stats => 1688643193321,-344238,4124
07-06 13:33:13.325 21966 22061 I BatteryMgr:DataCollectionService: stats => 1688643193325,-344238,4124
07-06 13:33:13.329 21966 22061 I BatteryMgr:DataCollectionService: stats => 1688643193329,-344238,4124
07-06 13:33:13.333 21966 22061 I BatteryMgr:DataCollectionService: stats => 1688643193333,-344238,4124
07-06 13:33:13.338 21966 22061 I BatteryMgr:DataCollectionService: stats => 1688643193338,-344238,4124
07-06 13:33:13.341 21966 22061 I BatteryMgr:DataCollectionService: stats => 1688643193341,-344238,4124
07-06 13:33:13.345 21966 22061 I BatteryMgr:DataCollectionService: stats => 1688643193345,-344238,4124
07-06 13:33:13.349 21966 22061 I BatteryMgr:DataCollectionService: stats => 1688643193349,-344238,4124
07-06 13:33:13.354 21966 22061 I BatteryMgr:DataCollectionService: stats => 1688643193354,-344238,4124
07-06 13:33:13.359 21966 22061 I BatteryMgr:DataCollectionService: stats => 1688643193359,-344238,4124
07-06 13:33:13.363 21966 22061 I BatteryMgr:DataCollectionService: stats => 1688643193363,-344238,4124
07-06 13:33:13.367 21966 22061 I BatteryMgr:DataCollectionService: stats => 1688643193367,-344238,4124
07-06 13:33:13.372 21966 22061 I BatteryMgr:DataCollectionService: stats => 1688643193372,-344238,4124
07-06 13:33:13.376 21966 22061 I BatteryMgr:DataCollectionService: stats => 1688643193376,-344238,4124
07-06 13:33:13.380 21966 22061 I BatteryMgr:DataCollectionService: stats => 1688643193380,-344238,4124
07-06 13:33:13.384 21966 22061 I BatteryMgr:DataCollectionService: stats => 1688643193383,-344238,4124
07-06 13:33:13.389 21966 22061 I BatteryMgr:DataCollectionService: stats => 1688643193388,-344238,4124
07-06 13:33:13.394 21966 22061 I BatteryMgr:DataCollectionService: stats => 1688643193393,-344238,4124
07-06 13:33:13.398 21966 22061 I BatteryMgr:DataCollectionService: stats => 1688643193397,-344238,4124
07-06 13:33:13.401 21966 22061 I BatteryMgr:DataCollectionService: stats => 1688643193401,-344238,4124
07-06 13:33:13.407 21966 22061 I BatteryMgr:DataCollectionService: stats => 1688643193407,-344238,4124
07-06 13:33:13.411 21966 22061 I BatteryMgr:DataCollectionService: stats => 1688643193411,-344238,4124
07-06 13:33:13.415 21966 22061 I BatteryMgr:DataCollectionService: stats => 1688643193415,-344238,4124
07-06 13:33:13.419 21966 22061 I BatteryMgr:DataCollectionService: stats => 1688643193419,-344238,4124
07-06 13:33:13.424 21966 22061 I BatteryMgr:DataCollectionService: stats => 1688643193424,-344238,4124
07-06 13:33:13.428 21966 22061 I BatteryMgr:DataCollectionService: stats => 1688643193428,-344238,4124
07-06 13:33:13.432 21966 22061 I BatteryMgr:DataCollectionService: stats => 1688643193432,-344238,4124
07-06 13:33:13.436 21966 22061 I BatteryMgr:DataCollectionService: stats => 1688643193436,-344238,4124
07-06 13:33:13.441 21966 22061 I BatteryMgr:DataCollectionService: stats => 1688643193441,-344238,4124
07-06 13:33:13.446 21966 22061 I BatteryMgr:DataCollectionService: stats => 1688643193446,-344238,4124
07-06 13:33:13.450 21966 22061 I BatteryMgr:DataCollectionService: stats => 1688643193450,-344238,4124
07-06 13:33:13.453 21966 22061 I BatteryMgr:DataCollectionService: stats => 1688643193453,-344238,4124
07-06 13:33:13.459 21966 22061 I BatteryMgr:DataCollectionService: stats => 1688643193459,-344238,4124
07-06 13:33:13.464 21966 22061 I BatteryMgr:DataCollectionService: stats => 1688643193464,-344238,4124
07-06 13:33:13.468 21966 22061 I BatteryMgr:DataCollectionService: stats => 1688643193468,-344238,4124
07-06 13:33:13.472 21966 22061 I BatteryMgr:DataCollectionService: stats => 1688643193472,-344238,4124
07-06 13:33:13.478 21966 22061 I BatteryMgr:DataCollectionService: stats => 1688643193478,-344238,4124
07-06 13:33:13.482 21966 22061 I BatteryMgr:DataCollectionService: stats => 1688643193482,-344238,4124
07-06 13:33:13.486 21966 22061 I BatteryMgr:DataCollectionService: stats => 1688643193486,-344238,4124
07-06 13:33:13.490 21966 22061 I BatteryMgr:DataCollectionService: stats => 1688643193490,-344238,4124
07-06 13:33:13.496 21966 22061 I BatteryMgr:DataCollectionService: stats => 1688643193495,-344238,4124
07-06 13:33:13.499 21966 22061 I BatteryMgr:DataCollectionService: stats => 1688643193499,-344238,4124
07-06 13:33:13.503 21966 22061 I BatteryMgr:DataCollectionService: stats => 1688643193503,-344238,4124
07-06 13:33:13.507 21966 22061 I BatteryMgr:DataCollectionService: stats => 1688643193507,-344238,4124
07-06 13:33:13.512 21966 22061 I BatteryMgr:DataCollectionService: stats => 1688643193512,-344238,4124
07-06 13:33:13.516 21966 22061 I BatteryMgr:DataCollectionService: stats => 1688643193516,-344238,4124
07-06 13:33:13.520 21966 22061 I BatteryMgr:DataCollectionService: stats => 1688643193520,-344238,4124
07-06 13:33:13.524 21966 22061 I BatteryMgr:DataCollectionService: stats => 1688643193524,-344238,4124
07-06 13:33:13.530 21966 22061 I BatteryMgr:DataCollectionService: stats => 1688643193529,-344238,4124
07-06 13:33:13.534 21966 22061 I BatteryMgr:DataCollectionService: stats => 1688643193534,-344238,4124
07-06 13:33:13.538 21966 22061 I BatteryMgr:DataCollectionService: stats => 1688643193538,-344238,4124
07-06 13:33:13.541 21966 22061 I BatteryMgr:DataCollectionService: stats => 1688643193541,-344238,4124
07-06 13:33:13.546 21966 22061 I BatteryMgr:DataCollectionService: stats => 1688643193546,-344238,4124
07-06 13:33:13.550 21966 22061 I BatteryMgr:DataCollectionService: stats => 1688643193550,-344238,4124
07-06 13:33:13.554 21966 22061 I BatteryMgr:DataCollectionService: stats => 1688643193554,-344238,4124
07-06 13:33:13.558 21966 22061 I BatteryMgr:DataCollectionService: stats => 1688643193558,-344238,4124
07-06 13:33:13.563 21966 22061 I BatteryMgr:DataCollectionService: stats => 1688643193563,-344238,4124
07-06 13:33:13.568 21966 22061 I BatteryMgr:DataCollectionService: stats => 1688643193568,-344238,4124
07-06 13:33:13.572 21966 22061 I BatteryMgr:DataCollectionService: stats => 1688643193572,-344238,4124
07-06 13:33:13.576 21966 22061 I BatteryMgr:DataCollectionService: stats => 1688643193576,-344238,4124
07-06 13:33:13.582 21966 22061 I BatteryMgr:DataCollectionService: stats => 1688643193582,-344238,4124
07-06 13:33:13.586 21966 22061 I BatteryMgr:DataCollectionService: stats => 1688643193586,-344238,4124
07-06 13:33:13.590 21966 22061 I BatteryMgr:DataCollectionService: stats => 1688643193590,-344238,4124
07-06 13:33:13.594 21966 22061 I BatteryMgr:DataCollectionService: stats => 1688643193594,-344238,4124
07-06 13:33:13.599 21966 22061 I BatteryMgr:DataCollectionService: stats => 1688643193599,-344238,4124
07-06 13:33:13.603 21966 22061 I BatteryMgr:DataCollectionService: stats => 1688643193603,-344238,4124
07-06 13:33:13.607 21966 22061 I BatteryMgr:DataCollectionService: stats => 1688643193607,-344238,4124
07-06 13:33:13.611 21966 22061 I BatteryMgr:DataCollectionService: stats => 1688643193610,-344238,4124
07-06 13:33:13.616 21966 22061 I BatteryMgr:DataCollectionService: stats => 1688643193615,-344238,4124
07-06 13:33:13.620 21966 22061 I BatteryMgr:DataCollectionService: stats => 1688643193620,-344238,4124
07-06 13:33:13.624 21966 22061 I BatteryMgr:DataCollectionService: stats => 1688643193624,-344238,4124
07-06 13:33:13.628 21966 22061 I BatteryMgr:DataCollectionService: stats => 1688643193628,-344238,4124
07-06 13:33:13.633 21966 22061 I BatteryMgr:DataCollectionService: stats => 1688643193633,-344238,4124
07-06 13:33:13.638 21966 22061 I BatteryMgr:DataCollectionService: stats => 1688643193638,-344238,4124
07-06 13:33:13.642 21966 22061 I BatteryMgr:DataCollectionService: stats => 1688643193642,-344238,4124
07-06 13:33:13.646 21966 22061 I BatteryMgr:DataCollectionService: stats => 1688643193646,-344238,4124
07-06 13:33:13.650 21966 22061 I BatteryMgr:DataCollectionService: stats => 1688643193650,-344238,4124
07-06 13:33:13.654 21966 22061 I BatteryMgr:DataCollectionService: stats => 1688643193654,-344238,4124
07-06 13:33:13.658 21966 22061 I BatteryMgr:DataCollectionService: stats => 1688643193658,-344238,4124
07-06 13:33:13.662 21966 22061 I BatteryMgr:DataCollectionService: stats => 1688643193662,-344238,4124
07-06 13:33:13.667 21966 22061 I BatteryMgr:DataCollectionService: stats => 1688643193667,-344238,4124
07-06 13:33:13.671 21966 22061 I BatteryMgr:DataCollectionService: stats => 1688643193671,-344238,4124
07-06 13:33:13.675 21966 22061 I BatteryMgr:DataCollectionService: stats => 1688643193675,-344238,4124
07-06 13:33:13.679 21966 22061 I BatteryMgr:DataCollectionService: stats => 1688643193679,-344238,4124
07-06 13:33:13.684 21966 22061 I BatteryMgr:DataCollectionService: stats => 1688643193683,-344238,4124
07-06 13:33:13.689 21966 22061 I BatteryMgr:DataCollectionService: stats => 1688643193689,-344238,4124
07-06 13:33:13.694 21966 22061 I BatteryMgr:DataCollectionService: stats => 1688643193694,-344238,4124
07-06 13:33:13.698 21966 22061 I BatteryMgr:DataCollectionService: stats => 1688643193698,-344238,4124
07-06 13:33:13.703 21966 22061 I BatteryMgr:DataCollectionService: stats => 1688643193702,-344238,4124
07-06 13:33:13.708 21966 22061 I BatteryMgr:DataCollectionService: stats => 1688643193708,-344238,4124
07-06 13:33:13.715 21966 22061 I BatteryMgr:DataCollectionService: stats => 1688643193715,-344238,4124
07-06 13:33:13.720 21966 22061 I BatteryMgr:DataCollectionService: stats => 1688643193720,-344238,4124
07-06 13:33:13.726 21966 22061 I BatteryMgr:DataCollectionService: stats => 1688643193726,-344238,4124
07-06 13:33:13.730 21966 22061 I BatteryMgr:DataCollectionService: stats => 1688643193730,-344238,4124
07-06 13:33:13.736 21966 22061 I BatteryMgr:DataCollectionService: stats => 1688643193736,-344238,4124
07-06 13:33:13.743 21966 22061 I BatteryMgr:DataCollectionService: stats => 1688643193743,-344238,4124
07-06 13:33:13.748 21966 22061 I BatteryMgr:DataCollectionService: stats => 1688643193748,-344238,4124
07-06 13:33:13.753 21966 22061 I BatteryMgr:DataCollectionService: stats => 1688643193753,-344238,4124
07-06 13:33:13.760 21966 22061 I BatteryMgr:DataCollectionService: stats => 1688643193760,-344238,4124
07-06 13:33:13.766 21966 22061 I BatteryMgr:DataCollectionService: stats => 1688643193766,-344238,4124
07-06 13:33:13.771 21966 22061 I BatteryMgr:DataCollectionService: stats => 1688643193771,-344238,4124
07-06 13:33:13.779 21966 22061 I BatteryMgr:DataCollectionService: stats => 1688643193779,-344238,4124
07-06 13:33:13.785 21966 22061 I BatteryMgr:DataCollectionService: stats => 1688643193785,-344238,4124
07-06 13:33:13.791 21966 22061 I BatteryMgr:DataCollectionService: stats => 1688643193791,-344238,4124
07-06 13:33:13.799 21966 22061 I BatteryMgr:DataCollectionService: stats => 1688643193799,-344238,4124
07-06 13:33:13.804 21966 22061 I BatteryMgr:DataCollectionService: stats => 1688643193804,-344238,4124
07-06 13:33:13.813 21966 22061 I BatteryMgr:DataCollectionService: stats => 1688643193812,-344238,4124
07-06 13:33:13.818 21966 22061 I BatteryMgr:DataCollectionService: stats => 1688643193818,-344238,4124
07-06 13:33:13.826 21966 22061 I BatteryMgr:DataCollectionService: stats => 1688643193826,-344238,4124
07-06 13:33:13.834 21966 22061 I BatteryMgr:DataCollectionService: stats => 1688643193834,-344238,4124
07-06 13:33:13.843 21966 22061 I BatteryMgr:DataCollectionService: stats => 1688643193843,-344238,4124
07-06 13:33:13.851 21966 22061 I BatteryMgr:DataCollectionService: stats => 1688643193850,-344238,4124
07-06 13:33:13.856 21966 22061 I BatteryMgr:DataCollectionService: stats => 1688643193856,-344238,4124
07-06 13:33:13.861 21966 22061 I BatteryMgr:DataCollectionService: stats => 1688643193860,-344238,4124
07-06 13:33:13.866 21966 22061 I BatteryMgr:DataCollectionService: stats => 1688643193866,-344238,4124
07-06 13:33:13.869 21966 22061 I BatteryMgr:DataCollectionService: stats => 1688643193869,-344238,4124
07-06 13:33:13.872 21966 22061 I BatteryMgr:DataCollectionService: stats => 1688643193872,-344238,4124
07-06 13:33:13.876 21966 22061 I BatteryMgr:DataCollectionService: stats => 1688643193876,-344238,4124
07-06 13:33:13.880 21966 22061 I BatteryMgr:DataCollectionService: stats => 1688643193880,-344238,4124
07-06 13:33:13.884 21966 22061 I BatteryMgr:DataCollectionService: stats => 1688643193884,-344238,4124
07-06 13:33:13.889 21966 22061 I BatteryMgr:DataCollectionService: stats => 1688643193889,-344238,4124
07-06 13:33:13.892 21966 22061 I BatteryMgr:DataCollectionService: stats => 1688643193892,-344238,4124
07-06 13:33:13.901 21966 22061 I BatteryMgr:DataCollectionService: stats => 1688643193901,-344238,4124
07-06 13:33:13.906 21966 22061 I BatteryMgr:DataCollectionService: stats => 1688643193906,-344238,4124
07-06 13:33:13.913 21966 22061 I BatteryMgr:DataCollectionService: stats => 1688643193913,-344238,4124
07-06 13:33:13.920 21966 22061 I BatteryMgr:DataCollectionService: stats => 1688643193920,-344238,4124
07-06 13:33:13.925 21966 22061 I BatteryMgr:DataCollectionService: stats => 1688643193925,-344238,4124
07-06 13:33:13.930 21966 22061 I BatteryMgr:DataCollectionService: stats => 1688643193930,-344238,4124
07-06 13:33:13.938 21966 22061 I BatteryMgr:DataCollectionService: stats => 1688643193938,-344238,4124
07-06 13:33:13.945 21966 22061 I BatteryMgr:DataCollectionService: stats => 1688643193945,-344238,4124
07-06 13:33:13.952 21966 22061 I BatteryMgr:DataCollectionService: stats => 1688643193952,-344238,4124
07-06 13:33:13.959 21966 22061 I BatteryMgr:DataCollectionService: stats => 1688643193959,-344238,4124
07-06 13:33:13.965 21966 22061 I BatteryMgr:DataCollectionService: stats => 1688643193965,-344238,4124
07-06 13:33:13.972 21966 22061 I BatteryMgr:DataCollectionService: stats => 1688643193972,-344238,4124
07-06 13:33:13.978 21966 22061 I BatteryMgr:DataCollectionService: stats => 1688643193977,-344238,4124
07-06 13:33:13.983 21966 22061 I BatteryMgr:DataCollectionService: stats => 1688643193983,-344238,4124
07-06 13:33:13.989 21966 22061 I BatteryMgr:DataCollectionService: stats => 1688643193989,-344238,4124
07-06 13:33:13.995 21966 22061 I BatteryMgr:DataCollectionService: stats => 1688643193995,-344238,4124
07-06 13:33:14.000 21966 22061 I BatteryMgr:DataCollectionService: stats => 1688643194000,-344238,4124
07-06 13:33:14.007 21966 22061 I BatteryMgr:DataCollectionService: stats => 1688643194007,-344238,4124
07-06 13:33:14.013 21966 22061 I BatteryMgr:DataCollectionService: stats => 1688643194013,-344238,4124
07-06 13:33:14.019 21966 22061 I BatteryMgr:DataCollectionService: stats => 1688643194019,-344238,4124
07-06 13:33:14.027 21966 22061 I BatteryMgr:DataCollectionService: stats => 1688643194026,-344238,4124
07-06 13:33:14.032 21966 22061 I BatteryMgr:DataCollectionService: stats => 1688643194032,-344238,4124
07-06 13:33:14.038 21966 22061 I BatteryMgr:DataCollectionService: stats => 1688643194038,-344238,4124
07-06 13:33:14.044 21966 22061 I BatteryMgr:DataCollectionService: stats => 1688643194044,-344238,4124
07-06 13:33:14.049 21966 22061 I BatteryMgr:DataCollectionService: stats => 1688643194049,-344238,4124
07-06 13:33:14.057 21966 22061 I BatteryMgr:DataCollectionService: stats => 1688643194057,-344238,4124
07-06 13:33:14.066 21966 22061 I BatteryMgr:DataCollectionService: stats => 1688643194066,-344238,4124
07-06 13:33:14.074 21966 22061 I BatteryMgr:DataCollectionService: stats => 1688643194074,-344238,4124
07-06 13:33:14.085 21966 22061 I BatteryMgr:DataCollectionService: stats => 1688643194085,-344238,4124
07-06 13:33:14.093 21966 22061 I BatteryMgr:DataCollectionService: stats => 1688643194092,-344238,4124
07-06 13:33:14.100 21966 22061 I BatteryMgr:DataCollectionService: stats => 1688643194100,-344238,4124
07-06 13:33:14.108 21966 22061 I BatteryMgr:DataCollectionService: stats => 1688643194108,-344238,4124
07-06 13:33:14.116 21966 22061 I BatteryMgr:DataCollectionService: stats => 1688643194116,-344238,4124
07-06 13:33:14.122 21966 22061 I BatteryMgr:DataCollectionService: stats => 1688643194122,-344238,4124
07-06 13:33:14.128 21966 22061 I BatteryMgr:DataCollectionService: stats => 1688643194128,-344238,4124
07-06 13:33:14.134 21966 22061 I BatteryMgr:DataCollectionService: stats => 1688643194134,-344238,4124
07-06 13:33:14.139 21966 22061 I BatteryMgr:DataCollectionService: stats => 1688643194138,-344238,4124
07-06 13:33:14.144 21966 22061 I BatteryMgr:DataCollectionService: stats => 1688643194144,-344238,4124
07-06 13:33:14.149 21966 22061 I BatteryMgr:DataCollectionService: stats => 1688643194149,-344238,4124
07-06 13:33:14.155 21966 22061 I BatteryMgr:DataCollectionService: stats => 1688643194154,-344238,4124
07-06 13:33:14.162 21966 22061 I BatteryMgr:DataCollectionService: stats => 1688643194162,-344238,4124
07-06 13:33:14.171 21966 22061 I BatteryMgr:DataCollectionService: stats => 1688643194171,-344238,4124
07-06 13:33:14.179 21966 22061 I BatteryMgr:DataCollectionService: stats => 1688643194178,-344238,4124
07-06 13:33:14.189 21966 22061 I BatteryMgr:DataCollectionService: stats => 1688643194188,-344238,4124
07-06 13:33:14.197 21966 22061 I BatteryMgr:DataCollectionService: stats => 1688643194197,-344238,4124
07-06 13:33:14.206 21966 22061 I BatteryMgr:DataCollectionService: stats => 1688643194206,-344238,4124
07-06 13:33:14.215 21966 22061 I BatteryMgr:DataCollectionService: stats => 1688643194215,-344238,4124
07-06 13:33:14.222 21966 22061 I BatteryMgr:DataCollectionService: stats => 1688643194222,-344238,4124
07-06 13:33:14.232 21966 22063 I BatteryMgr:DataCollectionService: stats => 1688643194231,-344238,4124
07-06 13:33:14.245 21966 22063 I BatteryMgr:DataCollectionService: stats => 1688643194245,-344238,4124
07-06 13:33:14.251   564   564 E SELinux : avc:  denied  { find } for interface=vendor.qti.hardware.servicetracker::IServicetracker sid=u:r:system_server:s0 pid=1611 scontext=u:r:system_server:s0 tcontext=u:object_r:default_android_hwservice:s0 tclass=hwservice_manager permissive=0
07-06 13:33:14.262 21966 22063 I BatteryMgr:DataCollectionService: stats => 1688643194262,-344238,4124
07-06 13:33:14.270 21966 22063 I BatteryMgr:DataCollectionService: stats => 1688643194270,-344238,4124
07-06 13:33:14.278 21966 22063 I BatteryMgr:DataCollectionService: stats => 1688643194278,-344238,4124
07-06 13:33:14.288 21966 22063 I BatteryMgr:DataCollectionService: stats => 1688643194288,-344238,4124
07-06 13:33:14.295 21966 22063 I BatteryMgr:DataCollectionService: stats => 1688643194295,-344238,4124
07-06 13:33:14.301 21966 22063 I BatteryMgr:DataCollectionService: stats => 1688643194301,-344238,4124
07-06 13:33:14.308 21966 22063 I BatteryMgr:DataCollectionService: stats => 1688643194308,-344238,4124
07-06 13:33:14.314 21966 22063 I BatteryMgr:DataCollectionService: stats => 1688643194314,-344238,4124
07-06 13:33:14.320 21966 22063 I BatteryMgr:DataCollectionService: stats => 1688643194320,-344238,4124
07-06 13:33:14.326 21966 22063 I BatteryMgr:DataCollectionService: stats => 1688643194326,-344238,4124
07-06 13:33:14.332 21966 22063 I BatteryMgr:DataCollectionService: stats => 1688643194332,-344238,4124
07-06 13:33:14.339 21966 22063 I BatteryMgr:DataCollectionService: stats => 1688643194338,-344238,4124
07-06 13:33:14.345 21966 22063 I BatteryMgr:DataCollectionService: stats => 1688643194345,-344238,4124
07-06 13:33:14.355 21966 22063 I BatteryMgr:DataCollectionService: stats => 1688643194355,-344238,4124
07-06 13:33:14.366 21966 22063 I BatteryMgr:DataCollectionService: stats => 1688643194365,-344238,4124
07-06 13:33:14.383 21966 22063 I BatteryMgr:DataCollectionService: stats => 1688643194383,-344238,4124
07-06 13:33:14.393 21966 22063 I BatteryMgr:DataCollectionService: stats => 1688643194392,-344238,4124
07-06 13:33:14.402 21966 22063 I BatteryMgr:DataCollectionService: stats => 1688643194402,-344238,4124
07-06 13:33:14.411 21966 22063 I BatteryMgr:DataCollectionService: stats => 1688643194411,-344238,4124
07-06 13:33:14.421 21966 22063 I BatteryMgr:DataCollectionService: stats => 1688643194421,-344238,4124
07-06 13:33:14.430 21966 22061 I BatteryMgr:DataCollectionService: stats => 1688643194430,-344238,4124
07-06 13:33:14.440 21966 22062 I BatteryMgr:DataCollectionService: stats => 1688643194440,-344238,4124
07-06 13:33:14.447 21966 22061 I BatteryMgr:DataCollectionService: stats => 1688643194447,-344238,4124
07-06 13:33:14.454 21966 22061 I BatteryMgr:DataCollectionService: stats => 1688643194454,-344238,4124
07-06 13:33:14.462 21966 22061 I BatteryMgr:DataCollectionService: stats => 1688643194462,-344238,4124
07-06 13:33:14.468 21966 22061 I BatteryMgr:DataCollectionService: stats => 1688643194468,-344238,4124
07-06 13:33:14.480 21966 22061 I BatteryMgr:DataCollectionService: stats => 1688643194480,-344238,4124
07-06 13:33:14.487 21966 22061 I BatteryMgr:DataCollectionService: stats => 1688643194487,-344238,4124
07-06 13:33:14.493 21966 22061 I BatteryMgr:DataCollectionService: stats => 1688643194493,-344238,4124
07-06 13:33:14.501 21966 22061 I BatteryMgr:DataCollectionService: stats => 1688643194501,-344238,4124
07-06 13:33:14.511 21966 22061 I BatteryMgr:DataCollectionService: stats => 1688643194511,-344238,4124
07-06 13:33:14.518 21966 22061 I BatteryMgr:DataCollectionService: stats => 1688643194518,-344238,4124
07-06 13:33:14.525 21966 22061 I BatteryMgr:DataCollectionService: stats => 1688643194525,-344238,4124
07-06 13:33:14.531 21966 22061 I BatteryMgr:DataCollectionService: stats => 1688643194531,-344238,4124
07-06 13:33:14.538 21966 22061 I BatteryMgr:DataCollectionService: stats => 1688643194538,-344238,4124
07-06 13:33:14.545 21966 22061 I BatteryMgr:DataCollectionService: stats => 1688643194545,-344238,4124
07-06 13:33:14.551 21966 22061 I BatteryMgr:DataCollectionService: stats => 1688643194551,-344238,4124
07-06 13:33:14.558 21966 22061 I BatteryMgr:DataCollectionService: stats => 1688643194558,-344238,4124
07-06 13:33:14.570 21966 22061 I BatteryMgr:DataCollectionService: stats => 1688643194570,-344238,4124
07-06 13:33:14.578 21966 22061 I BatteryMgr:DataCollectionService: stats => 1688643194578,-344238,4124
07-06 13:33:14.585 21966 22061 I BatteryMgr:DataCollectionService: stats => 1688643194585,-344238,4124
07-06 13:33:14.591 21966 22061 I BatteryMgr:DataCollectionService: stats => 1688643194591,-344238,4124
07-06 13:33:14.597 21966 22061 I BatteryMgr:DataCollectionService: stats => 1688643194597,-344238,4124
07-06 13:33:14.604 21966 22061 I BatteryMgr:DataCollectionService: stats => 1688643194603,-344238,4124
07-06 13:33:14.610 21966 22061 I BatteryMgr:DataCollectionService: stats => 1688643194610,-344238,4124
07-06 13:33:14.616 21966 22061 I BatteryMgr:DataCollectionService: stats => 1688643194616,-344238,4124
07-06 13:33:14.623 21966 22061 I BatteryMgr:DataCollectionService: stats => 1688643194623,-344238,4124
07-06 13:33:14.629 21966 22061 I BatteryMgr:DataCollectionService: stats => 1688643194629,-344238,4124
07-06 13:33:14.637 21966 22061 I BatteryMgr:DataCollectionService: stats => 1688643194636,-344238,4124
07-06 13:33:14.644 21966 22061 I BatteryMgr:DataCollectionService: stats => 1688643194644,-220703,4124
07-06 13:33:14.653 21966 22061 I BatteryMgr:DataCollectionService: stats => 1688643194653,-220703,4124
07-06 13:33:14.661 21966 22061 I BatteryMgr:DataCollectionService: stats => 1688643194660,-220703,4124
07-06 13:33:14.668 21966 22061 I BatteryMgr:DataCollectionService: stats => 1688643194668,-220703,4124
07-06 13:33:14.674 21966 22061 I BatteryMgr:DataCollectionService: stats => 1688643194674,-220703,4124
07-06 13:33:14.681 21966 22061 I BatteryMgr:DataCollectionService: stats => 1688643194681,-220703,4124
07-06 13:33:14.687 21966 22061 I BatteryMgr:DataCollectionService: stats => 1688643194687,-220703,4124
07-06 13:33:14.696 21966 22061 I BatteryMgr:DataCollectionService: stats => 1688643194695,-220703,4124
07-06 13:33:14.705 21966 22061 I BatteryMgr:DataCollectionService: stats => 1688643194705,-220703,4124
07-06 13:33:14.717 21966 22061 I BatteryMgr:DataCollectionService: stats => 1688643194717,-220703,4124
07-06 13:33:14.723 21966 22061 I BatteryMgr:DataCollectionService: stats => 1688643194723,-220703,4124
07-06 13:33:14.728 21966 22061 I BatteryMgr:DataCollectionService: stats => 1688643194728,-220703,4124
07-06 13:33:14.733 21966 22061 I BatteryMgr:DataCollectionService: stats => 1688643194733,-220703,4124
07-06 13:33:14.739 21966 22061 I BatteryMgr:DataCollectionService: stats => 1688643194739,-220703,4124
07-06 13:33:14.747 21966 22061 I BatteryMgr:DataCollectionService: stats => 1688643194746,-220703,4124
07-06 13:33:14.752 21966 22061 I BatteryMgr:DataCollectionService: stats => 1688643194752,-220703,4124
07-06 13:33:14.757 21966 22061 I BatteryMgr:DataCollectionService: stats => 1688643194757,-220703,4124
07-06 13:33:14.763 21966 22061 I BatteryMgr:DataCollectionService: stats => 1688643194763,-220703,4124
07-06 13:33:14.768 21966 22061 I BatteryMgr:DataCollectionService: stats => 1688643194768,-220703,4124
07-06 13:33:14.773 21966 22061 I BatteryMgr:DataCollectionService: stats => 1688643194773,-220703,4124
07-06 13:33:14.782 21966 22061 I BatteryMgr:DataCollectionService: stats => 1688643194781,-220703,4124
07-06 13:33:14.791 21966 22061 I BatteryMgr:DataCollectionService: stats => 1688643194791,-220703,4124
07-06 13:33:14.800 21966 22061 I BatteryMgr:DataCollectionService: stats => 1688643194799,-220703,4124
07-06 13:33:14.808 21966 22061 I BatteryMgr:DataCollectionService: stats => 1688643194808,-220703,4124
07-06 13:33:14.818 21966 22061 I BatteryMgr:DataCollectionService: stats => 1688643194818,-220703,4124
07-06 13:33:14.829 21966 22061 I BatteryMgr:DataCollectionService: stats => 1688643194829,-220703,4124
07-06 13:33:14.838 21966 22061 I BatteryMgr:DataCollectionService: stats => 1688643194838,-220703,4124
07-06 13:33:14.847 21966 22061 I BatteryMgr:DataCollectionService: stats => 1688643194847,-220703,4124
07-06 13:33:14.857 21966 22061 I BatteryMgr:DataCollectionService: stats => 1688643194857,-220703,4124
07-06 13:33:14.865 21966 22061 I BatteryMgr:DataCollectionService: stats => 1688643194865,-220703,4124
07-06 13:33:14.875 21966 22061 I BatteryMgr:DataCollectionService: stats => 1688643194875,-220703,4124
07-06 13:33:14.880 21966 22061 I BatteryMgr:DataCollectionService: stats => 1688643194880,-220703,4124
07-06 13:33:14.885 21966 22061 I BatteryMgr:DataCollectionService: stats => 1688643194885,-220703,4124
07-06 13:33:14.890 21966 22061 I BatteryMgr:DataCollectionService: stats => 1688643194890,-220703,4124
07-06 13:33:14.894 21966 22061 I BatteryMgr:DataCollectionService: stats => 1688643194894,-220703,4124
