07-05 11:41:38.674 19951 20005 W SubscriptionMetadataUti: 	at byfl.run(PG:1)
07-05 11:41:38.674 19951 20005 W SubscriptionMetadataUti: 	at java.util.concurrent.ThreadPoolExecutor.runWorker(ThreadPoolExecutor.java:1137)
07-05 11:41:38.674 19951 20005 W SubscriptionMetadataUti: 	at java.util.concurrent.ThreadPoolExecutor$Worker.run(ThreadPoolExecutor.java:637)
07-05 11:41:38.674 19951 20005 W SubscriptionMetadataUti: 	at byen.run(PG:2)
07-05 11:41:38.674 19951 20005 W SubscriptionMetadataUti: 	at java.lang.Thread.run(Thread.java:1012)
07-05 11:41:38.674 19951 20005 W SubscriptionMetadataUti: 	at byfr.run(PG:5)
07-05 11:41:38.675 19951 20005 I BugleBackup: Registering preference change listener for "buglesub_-1".
07-05 11:41:38.678 19951 20005 W SubscriptionMetadataUti: Bugle: SubscriptionMetadataUtils get: unexpected subId = -2, replacing with -1
07-05 11:41:38.678 19951 20005 W SubscriptionMetadataUti: cqww: FULL
07-05 11:41:38.678 19951 20005 W SubscriptionMetadataUti: 	at beoh.h(PG:6)
07-05 11:41:38.678 19951 20005 W SubscriptionMetadataUti: 	at bhfb.<init>(PG:2)
07-05 11:41:38.678 19951 20005 W SubscriptionMetadataUti: 	at bhfc.a(PG:1)
07-05 11:41:38.678 19951 20005 W SubscriptionMetadataUti: 	at axnp.ai(PG:3)
07-05 11:41:38.678 19951 20005 W SubscriptionMetadataUti: 	at axnp.aj(PG:25)
07-05 11:41:38.678 19951 20005 W SubscriptionMetadataUti: 	at axnp.z(PG:2)
07-05 11:41:38.678 19951 20005 W SubscriptionMetadataUti: 	at avez.j(PG:1)
07-05 11:41:38.678 19951 20005 W SubscriptionMetadataUti: 	at avex.call(Unknown Source:2)
07-05 11:41:38.678 19951 20005 W SubscriptionMetadataUti: 	at cosn.a(PG:1)
07-05 11:41:38.678 19951 20005 W SubscriptionMetadataUti: 	at copt.a(PG:3)
07-05 11:41:38.678 19951 20005 W SubscriptionMetadataUti: 	at cugw.a(PG:1)
07-05 11:41:38.678 19951 20005 W SubscriptionMetadataUti: 	at cufu.run(PG:4)
07-05 11:41:38.678 19951 20005 W SubscriptionMetadataUti: 	at cugy.run(PG:1)
07-05 11:41:38.678 19951 20005 W SubscriptionMetadataUti: 	at byfl.run(PG:1)
07-05 11:41:38.678 19951 20005 W SubscriptionMetadataUti: 	at java.util.concurrent.ThreadPoolExecutor.runWorker(ThreadPoolExecutor.java:1137)
07-05 11:41:38.678 19951 20005 W SubscriptionMetadataUti: 	at java.util.concurrent.ThreadPoolExecutor$Worker.run(ThreadPoolExecutor.java:637)
07-05 11:41:38.678 19951 20005 W SubscriptionMetadataUti: 	at byen.run(PG:2)
07-05 11:41:38.678 19951 20005 W SubscriptionMetadataUti: 	at java.lang.Thread.run(Thread.java:1012)
07-05 11:41:38.678 19951 20005 W SubscriptionMetadataUti: 	at byfr.run(PG:5)
07-05 11:41:38.680 19782 19924 I BatteryMgr:DataCollectionService: stats => 1688550098680,690625,4042
07-05 11:41:38.681 19951 19972 W BugleRcsEngine: [49] bsab.d: [SR]: Single Registration is disabled. Skipping Single Registration capability check for subId: -1, OS.isAtLeastS:[true], enableSingleRegistrationProvisioning:[false]
07-05 11:41:38.681 19951 19980 I BugleTransport: isChatAvailable: RcsAvailability is DISABLED_SIM_ABSENT (RCS is disabled due to SIM absent)
07-05 11:41:38.682 19951 19972 I BugleRcsProvisioning: RcsAvailabilityUpdaterLocal: RcsAvailability configuration availability and enabled status: simId: redacted-pii:sim_id[chars:0,last3:], SipConnectionType: DUAL_REG, isConfigurationAvailableAndEnabled: false
07-05 11:41:38.682 19951 19972 I BugleRcsProvisioning: RcsAvailabilityUpdaterLocal: updateRcsAvailability, currentAvailability: 1, newAvailability: 9, hint: NO_HINT
07-05 11:41:38.684 19951 20005 W SubscriptionMetadataUti: Bugle: SubscriptionMetadataUtils get: unexpected subId = -2, replacing with -1
07-05 11:41:38.684 19951 20005 W SubscriptionMetadataUti: cqww: FULL
07-05 11:41:38.684 19951 20005 W SubscriptionMetadataUti: 	at beoh.h(PG:6)
07-05 11:41:38.684 19951 20005 W SubscriptionMetadataUti: 	at axnp.ai(PG:18)
07-05 11:41:38.684 19951 20005 W SubscriptionMetadataUti: 	at axnp.aj(PG:25)
07-05 11:41:38.684 19951 20005 W SubscriptionMetadataUti: 	at axnp.z(PG:2)
07-05 11:41:38.684 19951 20005 W SubscriptionMetadataUti: 	at avez.j(PG:1)
07-05 11:41:38.684 19951 20005 W SubscriptionMetadataUti: 	at avex.call(Unknown Source:2)
07-05 11:41:38.684 19951 20005 W SubscriptionMetadataUti: 	at cosn.a(PG:1)
07-05 11:41:38.684 19951 20005 W SubscriptionMetadataUti: 	at copt.a(PG:3)
07-05 11:41:38.684 19951 20005 W SubscriptionMetadataUti: 	at cugw.a(PG:1)
07-05 11:41:38.684 19951 20005 W SubscriptionMetadataUti: 	at cufu.run(PG:4)
07-05 11:41:38.684 19951 20005 W SubscriptionMetadataUti: 	at cugy.run(PG:1)
07-05 11:41:38.684 19951 20005 W SubscriptionMetadataUti: 	at byfl.run(PG:1)
07-05 11:41:38.684 19951 20005 W SubscriptionMetadataUti: 	at java.util.concurrent.ThreadPoolExecutor.runWorker(ThreadPoolExecutor.java:1137)
07-05 11:41:38.684 19951 20005 W SubscriptionMetadataUti: 	at java.util.concurrent.ThreadPoolExecutor$Worker.run(ThreadPoolExecutor.java:637)
07-05 11:41:38.684 19951 20005 W SubscriptionMetadataUti: 	at byen.run(PG:2)
07-05 11:41:38.684 19951 20005 W SubscriptionMetadataUti: 	at java.lang.Thread.run(Thread.java:1012)
07-05 11:41:38.684 19951 20005 W SubscriptionMetadataUti: 	at byfr.run(PG:5)
07-05 11:41:38.684 19951 20005 I Bugle   : SubscriptionUtilsAsOfLMR1: getActiveSubscriptionInfo(): empty sub info for subscription{id:-1}
07-05 11:41:38.684 19951 20005 I Bugle   : SubscriptionUtilsAsOfLMR1: getActiveSubscriptionInfo(): empty sub info for subscription{id:-1}
07-05 11:41:38.684 19951 20005 W Bugle   : SubscriptionUtilsAsOfLMR1: getSelfRawNumber: subInfo is null for subscription{id:-1}
07-05 11:41:38.693 19782 19924 I BatteryMgr:DataCollectionService: stats => 1688550098693,690625,4042
07-05 11:41:38.696 19951 20005 W SubscriptionMetadataUti: Bugle: SubscriptionMetadataUtils get: unexpected subId = -1, replacing with -1
07-05 11:41:38.696 19951 20005 W SubscriptionMetadataUti: cqww: FULL
07-05 11:41:38.696 19951 20005 W SubscriptionMetadataUti: 	at beoh.h(PG:6)
07-05 11:41:38.696 19951 20005 W SubscriptionMetadataUti: 	at beqy.a(PG:1)
07-05 11:41:38.696 19951 20005 W SubscriptionMetadataUti: 	at bhfb.<init>(PG:1)
07-05 11:41:38.696 19951 20005 W SubscriptionMetadataUti: 	at bhfc.a(PG:1)
07-05 11:41:38.696 19951 20005 W SubscriptionMetadataUti: 	at axnp.ai(PG:3)
07-05 11:41:38.696 19951 20005 W SubscriptionMetadataUti: 	at axnp.aj(PG:27)
07-05 11:41:38.696 19951 20005 W SubscriptionMetadataUti: 	at axnp.z(PG:2)
07-05 11:41:38.696 19951 20005 W SubscriptionMetadataUti: 	at avez.j(PG:1)
07-05 11:41:38.696 19951 20005 W SubscriptionMetadataUti: 	at avex.call(Unknown Source:2)
07-05 11:41:38.696 19951 20005 W SubscriptionMetadataUti: 	at cosn.a(PG:1)
07-05 11:41:38.696 19951 20005 W SubscriptionMetadataUti: 	at copt.a(PG:3)
07-05 11:41:38.696 19951 20005 W SubscriptionMetadataUti: 	at cugw.a(PG:1)
07-05 11:41:38.696 19951 20005 W SubscriptionMetadataUti: 	at cufu.run(PG:4)
07-05 11:41:38.696 19951 20005 W SubscriptionMetadataUti: 	at cugy.run(PG:1)
07-05 11:41:38.696 19951 20005 W SubscriptionMetadataUti: 	at byfl.run(PG:1)
07-05 11:41:38.696 19951 20005 W SubscriptionMetadataUti: 	at java.util.concurrent.ThreadPoolExecutor.runWorker(ThreadPoolExecutor.java:1137)
07-05 11:41:38.696 19951 20005 W SubscriptionMetadataUti: 	at java.util.concurrent.ThreadPoolExecutor$Worker.run(ThreadPoolExecutor.java:637)
07-05 11:41:38.696 19951 20005 W SubscriptionMetadataUti: 	at byen.run(PG:2)
07-05 11:41:38.696 19951 20005 W SubscriptionMetadataUti: 	at java.lang.Thread.run(Thread.java:1012)
07-05 11:41:38.696 19951 20005 W SubscriptionMetadataUti: 	at byfr.run(PG:5)
07-05 11:41:38.698 19951 20005 W SubscriptionMetadataUti: Bugle: SubscriptionMetadataUtils get: unexpected subId = -1, replacing with -1
07-05 11:41:38.698 19951 20005 W SubscriptionMetadataUti: cqww: FULL
07-05 11:41:38.698 19951 20005 W SubscriptionMetadataUti: 	at beoh.h(PG:6)
07-05 11:41:38.698 19951 20005 W SubscriptionMetadataUti: 	at bhfb.<init>(PG:2)
07-05 11:41:38.698 19951 20005 W SubscriptionMetadataUti: 	at bhfc.a(PG:1)
07-05 11:41:38.698 19951 20005 W SubscriptionMetadataUti: 	at axnp.ai(PG:3)
07-05 11:41:38.698 19951 20005 W SubscriptionMetadataUti: 	at axnp.aj(PG:27)
07-05 11:41:38.698 19951 20005 W SubscriptionMetadataUti: 	at axnp.z(PG:2)
07-05 11:41:38.698 19951 20005 W SubscriptionMetadataUti: 	at avez.j(PG:1)
07-05 11:41:38.698 19951 20005 W SubscriptionMetadataUti: 	at avex.call(Unknown Source:2)
07-05 11:41:38.698 19951 20005 W SubscriptionMetadataUti: 	at cosn.a(PG:1)
07-05 11:41:38.698 19951 20005 W SubscriptionMetadataUti: 	at copt.a(PG:3)
07-05 11:41:38.698 19951 20005 W SubscriptionMetadataUti: 	at cugw.a(PG:1)
07-05 11:41:38.698 19951 20005 W SubscriptionMetadataUti: 	at cufu.run(PG:4)
07-05 11:41:38.698 19951 20005 W SubscriptionMetadataUti: 	at cugy.run(PG:1)
07-05 11:41:38.698 19951 20005 W SubscriptionMetadataUti: 	at byfl.run(PG:1)
07-05 11:41:38.698 19951 20005 W SubscriptionMetadataUti: 	at java.util.concurrent.ThreadPoolExecutor.runWorker(ThreadPoolExecutor.java:1137)
07-05 11:41:38.698 19951 20005 W SubscriptionMetadataUti: 	at java.util.concurrent.ThreadPoolExecutor$Worker.run(ThreadPoolExecutor.java:637)
07-05 11:41:38.698 19951 20005 W SubscriptionMetadataUti: 	at byen.run(PG:2)
07-05 11:41:38.698 19951 20005 W SubscriptionMetadataUti: 	at java.lang.Thread.run(Thread.java:1012)
07-05 11:41:38.698 19951 20005 W SubscriptionMetadataUti: 	at byfr.run(PG:5)
07-05 11:41:38.702 19951 20005 W BugleAction: No default number, returning empty msisdn
07-05 11:41:38.703 19951 20007 I BugleTransport: updateActiveTransport: refreshing chat transport
07-05 11:41:38.706 19951 20007 I BugleTransport: RCS Configuration is empty. Enabled transport is Dual Reg [CONTEXT ratelimit_period="5 SECONDS" ]
07-05 11:41:38.707 19782 19924 I BatteryMgr:DataCollectionService: stats => 1688550098707,690625,4042
07-05 11:41:38.707 19951 20007 I BugleTransport: refreshChatTransport: isChatAvailable: false, enabledTransport: 1, configuration: <empty>
07-05 11:41:38.719 19782 19924 I BatteryMgr:DataCollectionService: stats => 1688550098719,690625,4042
07-05 11:41:38.732 19782 19924 I BatteryMgr:DataCollectionService: stats => 1688550098732,690625,4042
07-05 11:41:38.746 19782 19924 I BatteryMgr:DataCollectionService: stats => 1688550098746,690625,4042
07-05 11:41:38.759 19782 19924 I BatteryMgr:DataCollectionService: stats => 1688550098758,690625,4042
07-05 11:41:38.772 19782 19924 I BatteryMgr:DataCollectionService: stats => 1688550098772,590312,4042
07-05 11:41:38.786 19782 19924 I BatteryMgr:DataCollectionService: stats => 1688550098786,590312,4042
07-05 11:41:38.791 19951 19981 I RcsClientLib: Connecting RcsEngineLifecycleService
07-05 11:41:38.797 19951 19981 I RcsClientLib: shouldUseCarrierServicesJibeService: true, CarrierServices rcs service found: true
07-05 11:41:38.799 19782 19924 I BatteryMgr:DataCollectionService: stats => 1688550098798,590312,4042
07-05 11:41:38.802 19951 19992 I RcsClientLib: com.google.android.rcs.client.lifecycle.RcsEngineLifecycleService connected
07-05 11:41:38.807  3002  3622 I CarrierServices: [35] RcsEngineImpl.triggerStopRcsStack: RcsEngineImpl[DUAL_REG]:[7ceebcb6-300d]: triggerStopRcsStack for msisdn:redacted-pii:phone_number[chars:0,last2:]
07-05 11:41:38.808  3002  4843 I CarrierServices: [51] glr.handleMessage: RcsEngineImpl[DUAL_REG]:[7ceebcb6-300d]>Handler: handleMessage processing message:[STOP_RCS_STACK] with [non-null]:RcsEngineImpl reference
07-05 11:41:38.808  3002  4843 I CarrierServices: [51] glr.handleMessage: RcsEngineImpl[DUAL_REG]:[7ceebcb6-300d]>Handler: RCS engine STOP RCS stack
07-05 11:41:38.808  3002  4843 W CarrierServices: [51] RcsEngineImpl.e: RcsEngineImpl[DUAL_REG]:[7ceebcb6-300d]: imsModule is null, shutdown not required
07-05 11:41:38.808  3002  4843 I CarrierServices: [51] RcsEngineImpl.stopRcsStackInternal: RcsEngineImpl[DUAL_REG]:[7ceebcb6-300d]: skipping imsModule.stop
07-05 11:41:38.808  3002  4843 I CarrierServices: [51] glr.handleMessage: RcsEngineImpl[DUAL_REG]:[7ceebcb6-300d]>Handler: handleMessage processing message:[NOTIFY_UPTIME_IGNORE_STATE_CHANGED] with [non-null]:RcsEngineImpl reference
07-05 11:41:38.809 19951 20014 I RcsClientLib: Disconnecting RcsEngineLifecycleService
07-05 11:41:38.811  2589  2649 E PhoneInterfaceManager: [PhoneIntfMgr] getCarrierPrivilegeStatus: Invalid subId
07-05 11:41:38.812  3002  4843 I CarrierServices: [51] gix.h: RCS Configuration storage in Bugle is disabled by p/h flag, using ProvisioningEngineStateCacheUtil.getProvisioningConfigurationForGivenSimIfExist()
07-05 11:41:38.814 19782 19924 I BatteryMgr:DataCollectionService: stats => 1688550098813,590312,4042
07-05 11:41:38.826 19782 19924 I BatteryMgr:DataCollectionService: stats => 1688550098826,590312,4042
07-05 11:41:38.839 19782 19924 I BatteryMgr:DataCollectionService: stats => 1688550098839,590312,4042
07-05 11:41:38.852 19782 19924 I BatteryMgr:DataCollectionService: stats => 1688550098852,590312,4042
07-05 11:41:38.864 19782 19924 I BatteryMgr:DataCollectionService: stats => 1688550098864,590312,4042
07-05 11:41:38.876 19782 19924 I BatteryMgr:DataCollectionService: stats => 1688550098876,590312,4042
07-05 11:41:38.888 19782 19924 I BatteryMgr:DataCollectionService: stats => 1688550098888,590312,4042
07-05 11:41:38.901 19782 19924 I BatteryMgr:DataCollectionService: stats => 1688550098901,590312,4042
07-05 11:41:38.913 19782 19924 I BatteryMgr:DataCollectionService: stats => 1688550098913,590312,4042
07-05 11:41:38.926 19782 19924 I BatteryMgr:DataCollectionService: stats => 1688550098926,590312,4042
07-05 11:41:38.938 19782 19924 I BatteryMgr:DataCollectionService: stats => 1688550098938,590312,4042
07-05 11:41:38.952 19782 19924 I BatteryMgr:DataCollectionService: stats => 1688550098952,590312,4042
07-05 11:41:38.966 19782 19924 I BatteryMgr:DataCollectionService: stats => 1688550098966,590312,4042
07-05 11:41:38.980 19782 19924 I BatteryMgr:DataCollectionService: stats => 1688550098980,590312,4042
07-05 11:41:38.993 19782 19924 I BatteryMgr:DataCollectionService: stats => 1688550098993,590312,4042
07-05 11:41:39.007 19782 19924 I BatteryMgr:DataCollectionService: stats => 1688550099007,590312,4042
07-05 11:41:39.020 19782 19924 I BatteryMgr:DataCollectionService: stats => 1688550099020,590312,4042
07-05 11:41:39.032 19782 19924 I BatteryMgr:DataCollectionService: stats => 1688550099032,590312,4042
07-05 11:41:39.045 19782 19924 I BatteryMgr:DataCollectionService: stats => 1688550099045,590312,4042
07-05 11:41:39.057 19782 19924 I BatteryMgr:DataCollectionService: stats => 1688550099057,590312,4042
07-05 11:41:39.070 19782 19924 I BatteryMgr:DataCollectionService: stats => 1688550099070,590312,4042
07-05 11:41:39.083 19782 19924 I BatteryMgr:DataCollectionService: stats => 1688550099083,590312,4042
07-05 11:41:39.095 19782 19924 I BatteryMgr:DataCollectionService: stats => 1688550099095,590312,4042
07-05 11:41:39.107 19782 19924 I BatteryMgr:DataCollectionService: stats => 1688550099107,359062,4042
07-05 11:41:39.120 19782 19924 I BatteryMgr:DataCollectionService: stats => 1688550099120,359062,4042
07-05 11:41:39.133 19782 19924 I BatteryMgr:DataCollectionService: stats => 1688550099133,359062,4042
07-05 11:41:39.145 19782 19924 I BatteryMgr:DataCollectionService: stats => 1688550099145,359062,4042
07-05 11:41:39.158 19782 19924 I BatteryMgr:DataCollectionService: stats => 1688550099157,359062,4042
07-05 11:41:39.171 19782 19924 I BatteryMgr:DataCollectionService: stats => 1688550099171,359062,4042
07-05 11:41:39.184 19782 19924 I BatteryMgr:DataCollectionService: stats => 1688550099183,359062,4042
07-05 11:41:39.197 19782 19924 I BatteryMgr:DataCollectionService: stats => 1688550099197,359062,4042
07-05 11:41:39.211 19782 19924 I BatteryMgr:DataCollectionService: stats => 1688550099211,359062,4042
07-05 11:41:39.224 19782 19924 I BatteryMgr:DataCollectionService: stats => 1688550099224,359062,4042
07-05 11:41:39.238 19782 19924 I BatteryMgr:DataCollectionService: stats => 1688550099238,359062,4042
07-05 11:41:39.251 19782 19924 I BatteryMgr:DataCollectionService: stats => 1688550099251,359062,4042
07-05 11:41:39.264 19782 19924 I BatteryMgr:DataCollectionService: stats => 1688550099264,359062,4042
07-05 11:41:39.278 19782 19924 I BatteryMgr:DataCollectionService: stats => 1688550099278,359062,4042
07-05 11:41:39.292 19782 19924 I BatteryMgr:DataCollectionService: stats => 1688550099291,359062,4042
07-05 11:41:39.305 19782 19924 I BatteryMgr:DataCollectionService: stats => 1688550099305,359062,4042
07-05 11:41:39.319 19782 19924 I BatteryMgr:DataCollectionService: stats => 1688550099319,359062,4042
07-05 11:41:39.333 19782 19924 I BatteryMgr:DataCollectionService: stats => 1688550099333,359062,4042
07-05 11:41:39.345 19782 19924 I BatteryMgr:DataCollectionService: stats => 1688550099345,359062,4042
07-05 11:41:39.360 19782 19924 I BatteryMgr:DataCollectionService: stats => 1688550099360,359062,4042
07-05 11:41:39.374 19782 19924 I BatteryMgr:DataCollectionService: stats => 1688550099374,359062,4042
07-05 11:41:39.387 19782 19924 I BatteryMgr:DataCollectionService: stats => 1688550099387,359062,4042
07-05 11:41:39.401 19782 19924 I BatteryMgr:DataCollectionService: stats => 1688550099401,359062,4042
07-05 11:41:39.415 19782 19924 I BatteryMgr:DataCollectionService: stats => 1688550099415,359062,4042
07-05 11:41:39.428 19782 19924 I BatteryMgr:DataCollectionService: stats => 1688550099428,359062,4042
07-05 11:41:39.440 19782 19924 I BatteryMgr:DataCollectionService: stats => 1688550099440,359062,4042
07-05 11:41:39.454 19782 19924 I BatteryMgr:DataCollectionService: stats => 1688550099454,359062,4042
07-05 11:41:39.468 19782 19924 I BatteryMgr:DataCollectionService: stats => 1688550099468,483750,4042
07-05 11:41:39.482 19782 19924 I BatteryMgr:DataCollectionService: stats => 1688550099482,483750,4042
07-05 11:41:39.495 19782 19924 I BatteryMgr:DataCollectionService: stats => 1688550099495,483750,4042
07-05 11:41:39.507 19782 19924 I BatteryMgr:DataCollectionService: stats => 1688550099507,483750,4042
07-05 11:41:39.521 19782 19924 I BatteryMgr:DataCollectionService: stats => 1688550099521,483750,4042
07-05 11:41:39.535 19782 19924 I BatteryMgr:DataCollectionService: stats => 1688550099535,483750,4042
07-05 11:41:39.549 19782 19924 I BatteryMgr:DataCollectionService: stats => 1688550099549,483750,4042
07-05 11:41:39.562 19782 19924 I BatteryMgr:DataCollectionService: stats => 1688550099562,483750,4042
07-05 11:41:39.577 19782 19924 I BatteryMgr:DataCollectionService: stats => 1688550099577,483750,4042
07-05 11:41:39.591 19782 19924 I BatteryMgr:DataCollectionService: stats => 1688550099591,483750,4042
07-05 11:41:39.605 19782 19924 I BatteryMgr:DataCollectionService: stats => 1688550099605,483750,4042
07-05 11:41:39.618 19782 19924 I BatteryMgr:DataCollectionService: stats => 1688550099618,483750,4042
07-05 11:41:39.632 19782 19924 I BatteryMgr:DataCollectionService: stats => 1688550099632,483750,4042
07-05 11:41:39.647 19782 19924 I BatteryMgr:DataCollectionService: stats => 1688550099647,483750,4042
07-05 11:41:39.660 19782 19924 I BatteryMgr:DataCollectionService: stats => 1688550099660,483750,4042
07-05 11:41:39.673 19782 19924 I BatteryMgr:DataCollectionService: stats => 1688550099673,483750,4042
07-05 11:41:39.688 19782 19924 I BatteryMgr:DataCollectionService: stats => 1688550099688,483750,4042
07-05 11:41:39.703 19782 19924 I BatteryMgr:DataCollectionService: stats => 1688550099703,483750,4042
07-05 11:41:39.718 19782 19924 I BatteryMgr:DataCollectionService: stats => 1688550099718,483750,4042
07-05 11:41:39.721  1502  1502 I EaselThermalMonitor: Cooling Device: mnh cur_state 0 max_state 4
07-05 11:41:39.722  1502  1502 I EaselThermalMonitor: Cooling Device: mnh cur_state 0 max_state 4
07-05 11:41:39.733 19782 19924 I BatteryMgr:DataCollectionService: stats => 1688550099732,483750,4042
07-05 11:41:39.748 19782 19924 I BatteryMgr:DataCollectionService: stats => 1688550099748,483750,4042
07-05 11:41:39.761 19782 19924 I BatteryMgr:DataCollectionService: stats => 1688550099761,483750,4042
07-05 11:41:39.775 19782 19924 I BatteryMgr:DataCollectionService: stats => 1688550099775,483750,4042
07-05 11:41:39.790 19782 19924 I BatteryMgr:DataCollectionService: stats => 1688550099790,483750,4042
07-05 11:41:39.803 19782 19924 I BatteryMgr:DataCollectionService: stats => 1688550099803,483750,4042
07-05 11:41:39.818 19782 19924 I BatteryMgr:DataCollectionService: stats => 1688550099818,399062,4042
07-05 11:41:39.832 19782 19924 I BatteryMgr:DataCollectionService: stats => 1688550099832,399062,4042
07-05 11:41:39.845 19782 19924 I BatteryMgr:DataCollectionService: stats => 1688550099845,399062,4042
07-05 11:41:39.859 19782 19924 I BatteryMgr:DataCollectionService: stats => 1688550099859,399062,4042
07-05 11:41:39.874 19782 19924 I BatteryMgr:DataCollectionService: stats => 1688550099874,399062,4042
07-05 11:41:39.887 19782 19924 I BatteryMgr:DataCollectionService: stats => 1688550099887,399062,4042
07-05 11:41:39.901 19782 19924 I BatteryMgr:DataCollectionService: stats => 1688550099901,399062,4042
07-05 11:41:39.915 19782 19924 I BatteryMgr:DataCollectionService: stats => 1688550099915,399062,4042
07-05 11:41:39.930 19782 19924 I BatteryMgr:DataCollectionService: stats => 1688550099929,399062,4042
07-05 11:41:39.944 19782 19924 I BatteryMgr:DataCollectionService: stats => 1688550099944,399062,4042
07-05 11:41:39.959 19782 19924 I BatteryMgr:DataCollectionService: stats => 1688550099959,399062,4042
07-05 11:41:39.973 19782 19924 I BatteryMgr:DataCollectionService: stats => 1688550099973,399062,4042
07-05 11:41:39.987 19782 19924 I BatteryMgr:DataCollectionService: stats => 1688550099987,399062,4042
07-05 11:41:40.001 19782 19924 I BatteryMgr:DataCollectionService: stats => 1688550100001,399062,4042
07-05 11:41:40.016 19782 19924 I BatteryMgr:DataCollectionService: stats => 1688550100016,399062,4042
07-05 11:41:40.029 19782 19924 I BatteryMgr:DataCollectionService: stats => 1688550100029,399062,4042
07-05 11:41:40.043 19782 19924 I BatteryMgr:DataCollectionService: stats => 1688550100043,399062,4042
07-05 11:41:40.058 19782 19924 I BatteryMgr:DataCollectionService: stats => 1688550100058,399062,4042
07-05 11:41:40.073 19782 19924 I BatteryMgr:DataCollectionService: stats => 1688550100073,399062,4042
07-05 11:41:40.087 19782 19924 I BatteryMgr:DataCollectionService: stats => 1688550100087,399062,4042
07-05 11:41:40.097 19951 19983 D PhFileGroupPop: Added file groups webref-model-local-index
07-05 11:41:40.100 19782 19924 I BatteryMgr:DataCollectionService: stats => 1688550100100,399062,4042
07-05 11:41:40.106 19951 19983 D PhFileGroupPop: Added file groups smart_actions_grammars
07-05 11:41:40.114 19782 19924 I BatteryMgr:DataCollectionService: stats => 1688550100114,399062,4042
07-05 11:41:40.115 19951 19983 D PhFileGroupPop: Added file groups smart_actions_ml_models
07-05 11:41:40.118 19951 19983 D PhFileGroupPop: Added file groups text_classifier
07-05 11:41:40.129 19782 19924 I BatteryMgr:DataCollectionService: stats => 1688550100129,399062,4042
07-05 11:41:40.129 19951 19983 D PhFileGroupPop: Added file groups smart_actions_emotive_models
07-05 11:41:40.144 19782 19924 I BatteryMgr:DataCollectionService: stats => 1688550100144,399062,4042
07-05 11:41:40.158 19782 19924 I BatteryMgr:DataCollectionService: stats => 1688550100158,399062,4042
07-05 11:41:40.173 19782 19924 I BatteryMgr:DataCollectionService: stats => 1688550100173,525625,4042
07-05 11:41:40.189 19782 19924 I BatteryMgr:DataCollectionService: stats => 1688550100189,525625,4042
07-05 11:41:40.203 19782 19924 I BatteryMgr:DataCollectionService: stats => 1688550100202,525625,4042
07-05 11:41:40.218 19782 19924 I BatteryMgr:DataCollectionService: stats => 1688550100218,525625,4042
07-05 11:41:40.233 19782 19924 I BatteryMgr:DataCollectionService: stats => 1688550100233,525625,4042
07-05 11:41:40.248 19782 19924 I BatteryMgr:DataCollectionService: stats => 1688550100248,525625,4042
07-05 11:41:40.262 19782 19924 I BatteryMgr:DataCollectionService: stats => 1688550100262,525625,4042
07-05 11:41:40.270 19951 19983 D PhFileGroupPop: Added file groups smarts_expressive_content_scoped_v1
07-05 11:41:40.277 19782 19924 I BatteryMgr:DataCollectionService: stats => 1688550100277,525625,4042
07-05 11:41:40.278 19951 19983 D PhFileGroupPop: Added file groups smart_actions_sensitive_classifier_models
07-05 11:41:40.284 19951 19983 D PhFileGroupPop: Added file groups scripted_reply
07-05 11:41:40.291 19951 19983 D PhFileGroupPop: Added file groups multitask_experiment
07-05 11:41:40.293 19782 19924 I BatteryMgr:DataCollectionService: stats => 1688550100292,525625,4042
07-05 11:41:40.294 19951 19983 D PhFileGroupPop: Added file groups spam_verdict_enforcement_policy_config
07-05 11:41:40.298 19951 19983 D PhFileGroupPop: Added file groups smart_suggestion_reranker_models
07-05 11:41:40.309 19782 19924 I BatteryMgr:DataCollectionService: stats => 1688550100309,525625,4042
07-05 11:41:40.318 19951 19983 D PhFileGroupPop: Added file groups nudge
07-05 11:41:40.325 19782 19924 I BatteryMgr:DataCollectionService: stats => 1688550100325,525625,4042
07-05 11:41:40.334 19951 19983 D PhFileGroupPop: Added file groups calendar_appointment_grammar
07-05 11:41:40.339 19951 19983 D PhFileGroupPop: Added file groups birthday_suggestion
07-05 11:41:40.340 19782 19924 I BatteryMgr:DataCollectionService: stats => 1688550100340,525625,4042
07-05 11:41:40.343 19951 19983 D PhFileGroupPop: Added file groups birthday_grammars
07-05 11:41:40.355 19782 19924 I BatteryMgr:DataCollectionService: stats => 1688550100355,525625,4042
07-05 11:41:40.367 19951 19983 E PhFileGroupPop: Failed to add file group 
07-05 11:41:40.369 19782 19924 I BatteryMgr:DataCollectionService: stats => 1688550100369,525625,4042
07-05 11:41:40.371 19951 19983 E PhFileGroupPop: Failed to add file group 
07-05 11:41:40.371 19951 19983 E PhFileGroupPop: Failed to add file group 
07-05 11:41:40.372 19951 19983 E PhFileGroupPop: Failed to add file group 
07-05 11:41:40.373 19951 19983 E PhFileGroupPop: Failed to add file group 
07-05 11:41:40.373 19951 19983 E PhFileGroupPop: Failed to add file group 
07-05 11:41:40.373 19951 19983 E PhFileGroupPop: Failed to add file group 
07-05 11:41:40.373 19951 19983 E PhFileGroupPop: Failed to add file group 
07-05 11:41:40.374 19951 19983 E PhFileGroupPop: Failed to add file group 
07-05 11:41:40.374 19951 19983 E PhFileGroupPop: Failed to add file group 
07-05 11:41:40.374 19951 19983 E PhFileGroupPop: Failed to add file group 
07-05 11:41:40.374 19951 19983 E PhFileGroupPop: Failed to add file group 
07-05 11:41:40.375 19951 19983 E PhFileGroupPop: Failed to add file group 
07-05 11:41:40.375 19951 19983 E PhFileGroupPop: Failed to add file group 
07-05 11:41:40.375 19951 19983 E PhFileGroupPop: Failed to add file group 
07-05 11:41:40.375 19951 19983 E PhFileGroupPop: Failed to add file group 
07-05 11:41:40.377 19951 19983 E cucd    : RuntimeException while executing runnable cufa{coqg@9d222ab} with executor MoreExecutors.directExecutor()
07-05 11:41:40.377 19951 19983 E cucd    : java.lang.NullPointerException: Attempt to read from field 'java.lang.String cbxo.b' on a null object reference in method 'void cdda.b(java.lang.Object)'
07-05 11:41:40.377 19951 19983 E cucd    : 	at cdda.b(PG:2)
07-05 11:41:40.377 19951 19983 E cucd    : 	at coqg.b(PG:3)
07-05 11:41:40.377 19951 19983 E cucd    : 	at cufa.run(PG:6)
07-05 11:41:40.377 19951 19983 E cucd    : 	at cuee.execute(PG:1)
07-05 11:41:40.377 19951 19983 E cucd    : 	at cucd.o(PG:1)
07-05 11:41:40.377 19951 19983 E cucd    : 	at cucd.b(PG:5)
07-05 11:41:40.377 19951 19983 E cucd    : 	at cufh.r(PG:2)
07-05 11:41:40.377 19951 19983 E cucd    : 	at coss.k(PG:1)
07-05 11:41:40.377 19951 19983 E cucd    : 	at cddc.a(PG:15)
07-05 11:41:40.377 19951 19983 E cucd    : 	at auss.a(PG:2)
07-05 11:41:40.377 19951 19983 E cucd    : 	at ccds.p(PG:3)
07-05 11:41:40.377 19951 19983 E cucd    : 	at ccdf.a(PG:1)
07-05 11:41:40.377 19951 19983 E cucd    : 	at copx.a(PG:3)
07-05 11:41:40.377 19951 19983 E cucd    : 	at cuch.d(PG:2)
07-05 11:41:40.377 19951 19983 E cucd    : 	at cucj.run(PG:9)
07-05 11:41:40.377 19951 19983 E cucd    : 	at cugn.run(PG:4)
07-05 11:41:40.377 19951 19983 E cucd    : 	at byfl.run(PG:1)
07-05 11:41:40.377 19951 19983 E cucd    : 	at java.util.concurrent.ThreadPoolExecutor.runWorker(ThreadPoolExecutor.java:1137)
07-05 11:41:40.377 19951 19983 E cucd    : 	at java.util.concurrent.ThreadPoolExecutor$Worker.run(ThreadPoolExecutor.java:637)
07-05 11:41:40.377 19951 19983 E cucd    : 	at byen.run(PG:2)
07-05 11:41:40.377 19951 19983 E cucd    : 	at java.lang.Thread.run(Thread.java:1012)
07-05 11:41:40.377 19951 19983 E cucd    : 	at byfr.run(PG:5)
07-05 11:41:40.384 19782 19924 I BatteryMgr:DataCollectionService: stats => 1688550100384,525625,4042
07-05 11:41:40.397 19782 19924 I BatteryMgr:DataCollectionService: stats => 1688550100397,525625,4042
07-05 11:41:40.410 19782 19924 I BatteryMgr:DataCollectionService: stats => 1688550100410,525625,4042
07-05 11:41:40.423 19782 19924 I BatteryMgr:DataCollectionService: stats => 1688550100423,525625,4042
07-05 11:41:40.438 19782 19924 I BatteryMgr:DataCollectionService: stats => 1688550100437,525625,4042
07-05 11:41:40.452 19782 19924 I BatteryMgr:DataCollectionService: stats => 1688550100452,525625,4042
07-05 11:41:40.467 19782 19924 I BatteryMgr:DataCollectionService: stats => 1688550100467,525625,4042
07-05 11:41:40.481 19782 19924 I BatteryMgr:DataCollectionService: stats => 1688550100481,525625,4042
07-05 11:41:40.495 19782 19924 I BatteryMgr:DataCollectionService: stats => 1688550100495,525625,4042
07-05 11:41:40.509 19782 19924 I BatteryMgr:DataCollectionService: stats => 1688550100509,511250,4042
07-05 11:41:40.524 19782 19924 I BatteryMgr:DataCollectionService: stats => 1688550100524,511250,4042
07-05 11:41:40.538 19782 19924 I BatteryMgr:DataCollectionService: stats => 1688550100538,511250,4042
07-05 11:41:40.552 19782 19924 I BatteryMgr:DataCollectionService: stats => 1688550100552,511250,4042
07-05 11:41:40.566 19782 19924 I BatteryMgr:DataCollectionService: stats => 1688550100566,511250,4042
07-05 11:41:40.580 19782 19924 I BatteryMgr:DataCollectionService: stats => 1688550100580,511250,4042
07-05 11:41:40.595 19782 19924 I BatteryMgr:DataCollectionService: stats => 1688550100595,511250,4042
07-05 11:41:40.610 19782 19924 I BatteryMgr:DataCollectionService: stats => 1688550100610,511250,4042
07-05 11:41:40.624 19782 19924 I BatteryMgr:DataCollectionService: stats => 1688550100624,511250,4042
07-05 11:41:40.639 19782 19924 I BatteryMgr:DataCollectionService: stats => 1688550100639,511250,4042
07-05 11:41:40.652 19782 19924 I BatteryMgr:DataCollectionService: stats => 1688550100652,511250,4042
07-05 11:41:40.668 19782 19924 I BatteryMgr:DataCollectionService: stats => 1688550100668,511250,4042
07-05 11:41:40.681 19782 19924 I BatteryMgr:DataCollectionService: stats => 1688550100681,511250,4042
07-05 11:41:40.695 19782 19924 I BatteryMgr:DataCollectionService: stats => 1688550100695,511250,4042
07-05 11:41:40.710 19782 19924 I BatteryMgr:DataCollectionService: stats => 1688550100710,511250,4042
07-05 11:41:40.724 19782 19924 I BatteryMgr:DataCollectionService: stats => 1688550100724,511250,4042
07-05 11:41:40.738 19782 19924 I BatteryMgr:DataCollectionService: stats => 1688550100738,511250,4042
07-05 11:41:40.752 19782 19924 I BatteryMgr:DataCollectionService: stats => 1688550100752,511250,4042
07-05 11:41:40.766 19782 19924 I BatteryMgr:DataCollectionService: stats => 1688550100766,511250,4042
07-05 11:41:40.780 19782 19924 I BatteryMgr:DataCollectionService: stats => 1688550100780,511250,4042
07-05 11:41:40.795 19782 19924 I BatteryMgr:DataCollectionService: stats => 1688550100795,511250,4042
07-05 11:41:40.809 19782 19924 I BatteryMgr:DataCollectionService: stats => 1688550100809,511250,4042
07-05 11:41:40.822 19782 19924 I BatteryMgr:DataCollectionService: stats => 1688550100822,511250,4042
07-05 11:41:40.837 19782 19924 I BatteryMgr:DataCollectionService: stats => 1688550100837,511250,4042
07-05 11:41:40.851 19782 19924 I BatteryMgr:DataCollectionService: stats => 1688550100851,511250,4042
07-05 11:41:40.864 19782 19924 I BatteryMgr:DataCollectionService: stats => 1688550100864,511250,4042
07-05 11:41:40.879 19782 19924 I BatteryMgr:DataCollectionService: stats => 1688550100879,430625,4042
07-05 11:41:40.893 19782 19924 I BatteryMgr:DataCollectionService: stats => 1688550100893,430625,4042
07-05 11:41:40.908 19782 19924 I BatteryMgr:DataCollectionService: stats => 1688550100908,430625,4042
07-05 11:41:40.922 19782 19924 I BatteryMgr:DataCollectionService: stats => 1688550100922,430625,4042
07-05 11:41:40.938 19782 19924 I BatteryMgr:DataCollectionService: stats => 1688550100938,430625,4042
07-05 11:41:40.953 19782 19924 I BatteryMgr:DataCollectionService: stats => 1688550100952,430625,4042
07-05 11:41:40.967 19782 19924 I BatteryMgr:DataCollectionService: stats => 1688550100967,430625,4042
07-05 11:41:40.982 19782 19924 I BatteryMgr:DataCollectionService: stats => 1688550100982,430625,4042
07-05 11:41:40.995 19782 19924 I BatteryMgr:DataCollectionService: stats => 1688550100995,430625,4042
07-05 11:41:41.009 19782 19924 I BatteryMgr:DataCollectionService: stats => 1688550101009,430625,4042
07-05 11:41:41.024 19782 19924 I BatteryMgr:DataCollectionService: stats => 1688550101024,430625,4042
07-05 11:41:41.039 19782 19924 I BatteryMgr:DataCollectionService: stats => 1688550101039,430625,4042
07-05 11:41:41.053 19782 19924 I BatteryMgr:DataCollectionService: stats => 1688550101053,430625,4042
07-05 11:41:41.066  1871  2225 D ConnectivityService: NetReassign [no changes] [c 0] [a 0] [i 2]
07-05 11:41:41.068 19782 19924 I BatteryMgr:DataCollectionService: stats => 1688550101068,430625,4042
07-05 11:41:41.082 19782 19924 I BatteryMgr:DataCollectionService: stats => 1688550101082,430625,4042
07-05 11:41:41.096 19782 19924 I BatteryMgr:DataCollectionService: stats => 1688550101096,430625,4042
07-05 11:41:41.111 19782 19924 I BatteryMgr:DataCollectionService: stats => 1688550101110,430625,4042
07-05 11:41:41.125 19782 19924 I BatteryMgr:DataCollectionService: stats => 1688550101125,430625,4042
07-05 11:41:41.140 19782 19924 I BatteryMgr:DataCollectionService: stats => 1688550101140,430625,4042
07-05 11:41:41.154 19782 19924 I BatteryMgr:DataCollectionService: stats => 1688550101154,430625,4042
07-05 11:41:41.168 19782 19924 I BatteryMgr:DataCollectionService: stats => 1688550101168,430625,4042
07-05 11:41:41.182 19782 19924 I BatteryMgr:DataCollectionService: stats => 1688550101182,430625,4042
07-05 11:41:41.196 19782 19924 I BatteryMgr:DataCollectionService: stats => 1688550101196,430625,4042
07-05 11:41:41.209 19782 19924 I BatteryMgr:DataCollectionService: stats => 1688550101209,382187,4042
07-05 11:41:41.224 19782 19924 I BatteryMgr:DataCollectionService: stats => 1688550101224,382187,4042
07-05 11:41:41.237 19782 19924 I BatteryMgr:DataCollectionService: stats => 1688550101237,382187,4042
07-05 11:41:41.252 19782 19924 I BatteryMgr:DataCollectionService: stats => 1688550101252,382187,4042
07-05 11:41:41.267 19782 19924 I BatteryMgr:DataCollectionService: stats => 1688550101267,382187,4042
07-05 11:41:41.282 19782 19924 I BatteryMgr:DataCollectionService: stats => 1688550101282,382187,4042
07-05 11:41:41.298 19782 19924 I BatteryMgr:DataCollectionService: stats => 1688550101298,382187,4042
07-05 11:41:41.312 19782 19924 I BatteryMgr:DataCollectionService: stats => 1688550101312,382187,4042
07-05 11:41:41.326 19782 19924 I BatteryMgr:DataCollectionService: stats => 1688550101326,382187,4042
07-05 11:41:41.340 19782 19924 I BatteryMgr:DataCollectionService: stats => 1688550101340,382187,4042
07-05 11:41:41.354 19782 19924 I BatteryMgr:DataCollectionService: stats => 1688550101354,382187,4042
07-05 11:41:41.369 19782 19924 I BatteryMgr:DataCollectionService: stats => 1688550101369,382187,4042
07-05 11:41:41.384 19782 19924 I BatteryMgr:DataCollectionService: stats => 1688550101384,382187,4042
07-05 11:41:41.396 19951 19983 D PhFileGroupPop: Added file groups webref-model-local-index
07-05 11:41:41.398 19782 19924 I BatteryMgr:DataCollectionService: stats => 1688550101398,382187,4042
07-05 11:41:41.405 19951 19983 D PhFileGroupPop: Added file groups smart_actions_grammars
07-05 11:41:41.411 19782 19924 I BatteryMgr:DataCollectionService: stats => 1688550101411,382187,4042
07-05 11:41:41.414 19951 19983 D PhFileGroupPop: Added file groups smart_actions_ml_models
07-05 11:41:41.419 19951 19983 D PhFileGroupPop: Added file groups text_classifier
07-05 11:41:41.425 19782 19924 I BatteryMgr:DataCollectionService: stats => 1688550101425,382187,4042
07-05 11:41:41.435 19951 19983 D PhFileGroupPop: Added file groups smart_actions_emotive_models
07-05 11:41:41.440 19782 19924 I BatteryMgr:DataCollectionService: stats => 1688550101439,382187,4042
07-05 11:41:41.454 19782 19924 I BatteryMgr:DataCollectionService: stats => 1688550101454,382187,4042
07-05 11:41:41.467 19782 19924 I BatteryMgr:DataCollectionService: stats => 1688550101467,382187,4042
07-05 11:41:41.482 19782 19924 I BatteryMgr:DataCollectionService: stats => 1688550101482,382187,4042
07-05 11:41:41.495 19782 19924 I BatteryMgr:DataCollectionService: stats => 1688550101495,382187,4042
07-05 11:41:41.508 19782 19924 I BatteryMgr:DataCollectionService: stats => 1688550101508,382187,4042
07-05 11:41:41.522 19782 19924 I BatteryMgr:DataCollectionService: stats => 1688550101522,382187,4042
07-05 11:41:41.536 19782 19924 I BatteryMgr:DataCollectionService: stats => 1688550101536,382187,4042
07-05 11:41:41.545 19951 19983 D PhFileGroupPop: Added file groups smarts_expressive_content_scoped_v1
07-05 11:41:41.549 19951 19983 D PhFileGroupPop: Added file groups smart_actions_sensitive_classifier_models
07-05 11:41:41.551 19782 19924 I BatteryMgr:DataCollectionService: stats => 1688550101551,382187,4042
07-05 11:41:41.554 19951 19983 D PhFileGroupPop: Added file groups scripted_reply
07-05 11:41:41.559 19951 19983 D PhFileGroupPop: Added file groups multitask_experiment
07-05 11:41:41.562 19951 19983 D PhFileGroupPop: Added file groups spam_verdict_enforcement_policy_config
07-05 11:41:41.565 19782 19924 I BatteryMgr:DataCollectionService: stats => 1688550101565,505000,4042
07-05 11:41:41.566 19951 19983 D PhFileGroupPop: Added file groups smart_suggestion_reranker_models
07-05 11:41:41.569 19951 19983 D PhFileGroupPop: Added file groups nudge
07-05 11:41:41.573 19951 19983 D PhFileGroupPop: Added file groups calendar_appointment_grammar
07-05 11:41:41.576 19951 19983 D PhFileGroupPop: Added file groups birthday_suggestion
07-05 11:41:41.578 19782 19924 I BatteryMgr:DataCollectionService: stats => 1688550101578,505000,4042
07-05 11:41:41.579 19951 19983 D PhFileGroupPop: Added file groups birthday_grammars
07-05 11:41:41.592 19782 19924 I BatteryMgr:DataCollectionService: stats => 1688550101592,505000,4042
07-05 11:41:41.594 19951 19983 I WM-WorkerWrapper: Worker result SUCCESS for Work [ id=c4358d81-ec3c-4798-ad4b-f150c6fa41bf, tags={ MDD.WIFI.CHARGING.PERIODIC.TASK, com.google.android.libraries.mdi.download.workmanager.workers.PeriodicWorker } ]
07-05 11:41:41.607 19782 19924 I BatteryMgr:DataCollectionService: stats => 1688550101607,505000,4042
07-05 11:41:41.621 19782 19924 I BatteryMgr:DataCollectionService: stats => 1688550101621,505000,4042
07-05 11:41:41.634 19782 19924 I BatteryMgr:DataCollectionService: stats => 1688550101634,505000,4042
07-05 11:41:41.649 19782 19924 I BatteryMgr:DataCollectionService: stats => 1688550101648,505000,4042
07-05 11:41:41.661 19782 19924 I BatteryMgr:DataCollectionService: stats => 1688550101661,505000,4042
07-05 11:41:41.675 19782 19924 I BatteryMgr:DataCollectionService: stats => 1688550101674,505000,4042
07-05 11:41:41.689 19782 19924 I BatteryMgr:DataCollectionService: stats => 1688550101689,505000,4042
07-05 11:41:41.702 19782 19924 I BatteryMgr:DataCollectionService: stats => 1688550101702,505000,4042
07-05 11:41:41.716 19782 19924 I BatteryMgr:DataCollectionService: stats => 1688550101716,505000,4042
07-05 11:41:41.722  1502  1502 I EaselThermalMonitor: Cooling Device: mnh cur_state 0 max_state 4
07-05 11:41:41.723  1502  1502 I EaselThermalMonitor: Cooling Device: mnh cur_state 0 max_state 4
07-05 11:41:41.730 19782 19924 I BatteryMgr:DataCollectionService: stats => 1688550101730,505000,4042
07-05 11:41:41.744 19782 19924 I BatteryMgr:DataCollectionService: stats => 1688550101744,505000,4042
07-05 11:41:41.758 19782 19924 I BatteryMgr:DataCollectionService: stats => 1688550101758,505000,4042
07-05 11:41:41.773 19782 19924 I BatteryMgr:DataCollectionService: stats => 1688550101773,505000,4042
07-05 11:41:41.786 19782 19924 I BatteryMgr:DataCollectionService: stats => 1688550101786,505000,4042
07-05 11:41:41.801 19782 19924 I BatteryMgr:DataCollectionService: stats => 1688550101801,505000,4042
07-05 11:41:41.815 19782 19924 I BatteryMgr:DataCollectionService: stats => 1688550101814,505000,4042
07-05 11:41:41.829 19782 19924 I BatteryMgr:DataCollectionService: stats => 1688550101828,505000,4042
07-05 11:41:41.842 19782 19924 I BatteryMgr:DataCollectionService: stats => 1688550101842,505000,4042
07-05 11:41:41.856 19782 19924 I BatteryMgr:DataCollectionService: stats => 1688550101856,505000,4042
07-05 11:41:41.869 19782 19924 I BatteryMgr:DataCollectionService: stats => 1688550101869,505000,4042
07-05 11:41:41.883 19782 19924 I BatteryMgr:DataCollectionService: stats => 1688550101883,505000,4042
07-05 11:41:41.897 19782 19924 I BatteryMgr:DataCollectionService: stats => 1688550101897,505000,4042
07-05 11:41:41.911 19782 19924 I BatteryMgr:DataCollectionService: stats => 1688550101911,323750,4042
07-05 11:41:41.925 19782 19924 I BatteryMgr:DataCollectionService: stats => 1688550101925,323750,4042
07-05 11:41:41.940 19782 19924 I BatteryMgr:DataCollectionService: stats => 1688550101940,323750,4042
07-05 11:41:41.955 19782 19924 I BatteryMgr:DataCollectionService: stats => 1688550101955,323750,4042
07-05 11:41:41.968 19782 19924 I BatteryMgr:DataCollectionService: stats => 1688550101968,323750,4042
07-05 11:41:41.982 19782 19924 I BatteryMgr:DataCollectionService: stats => 1688550101982,323750,4042
07-05 11:41:41.996 19782 19924 I BatteryMgr:DataCollectionService: stats => 1688550101996,323750,4042
07-05 11:41:42.011 19782 19924 I BatteryMgr:DataCollectionService: stats => 1688550102010,323750,4042
07-05 11:41:42.024 19782 19924 I BatteryMgr:DataCollectionService: stats => 1688550102024,323750,4042
07-05 11:41:42.038 19782 19924 I BatteryMgr:DataCollectionService: stats => 1688550102038,323750,4042
07-05 11:41:42.052 19782 19924 I BatteryMgr:DataCollectionService: stats => 1688550102052,323750,4042
07-05 11:41:42.066 19782 19924 I BatteryMgr:DataCollectionService: stats => 1688550102066,323750,4042
07-05 11:41:42.079 19782 19924 I BatteryMgr:DataCollectionService: stats => 1688550102079,323750,4042
07-05 11:41:42.093 19782 19924 I BatteryMgr:DataCollectionService: stats => 1688550102093,323750,4042
07-05 11:41:42.107 19782 19924 I BatteryMgr:DataCollectionService: stats => 1688550102107,323750,4042
07-05 11:41:42.120 19782 19924 I BatteryMgr:DataCollectionService: stats => 1688550102120,323750,4042
07-05 11:41:42.134 19782 19924 I BatteryMgr:DataCollectionService: stats => 1688550102134,323750,4042
07-05 11:41:42.148 19782 19924 I BatteryMgr:DataCollectionService: stats => 1688550102148,323750,4042
07-05 11:41:42.161 19782 19924 I BatteryMgr:DataCollectionService: stats => 1688550102161,323750,4042
07-05 11:41:42.174 19782 19924 I BatteryMgr:DataCollectionService: stats => 1688550102174,323750,4042
07-05 11:41:42.188 19782 19924 I BatteryMgr:DataCollectionService: stats => 1688550102188,323750,4042
07-05 11:41:42.201 19782 19924 I BatteryMgr:DataCollectionService: stats => 1688550102201,323750,4042
07-05 11:41:42.215 19782 19924 I BatteryMgr:DataCollectionService: stats => 1688550102215,323750,4042
07-05 11:41:42.229 19782 19924 I BatteryMgr:DataCollectionService: stats => 1688550102229,323750,4042
07-05 11:41:42.243 19782 19924 I BatteryMgr:DataCollectionService: stats => 1688550102243,323750,4042
07-05 11:41:42.256 19782 19924 I BatteryMgr:DataCollectionService: stats => 1688550102256,323750,4042
07-05 11:41:42.272 19782 19924 I BatteryMgr:DataCollectionService: stats => 1688550102272,285312,4042
07-05 11:41:42.285 19782 19924 I BatteryMgr:DataCollectionService: stats => 1688550102285,285312,4042
07-05 11:41:42.299 19782 19924 I BatteryMgr:DataCollectionService: stats => 1688550102299,285312,4042
07-05 11:41:42.312 19782 19924 I BatteryMgr:DataCollectionService: stats => 1688550102312,285312,4042
07-05 11:41:42.326 19782 19924 I BatteryMgr:DataCollectionService: stats => 1688550102326,285312,4042
07-05 11:41:42.340 19782 19924 I BatteryMgr:DataCollectionService: stats => 1688550102339,285312,4042
07-05 11:41:42.353 19782 19924 I BatteryMgr:DataCollectionService: stats => 1688550102353,285312,4042
07-05 11:41:42.366 19782 19924 I BatteryMgr:DataCollectionService: stats => 1688550102366,285312,4042
07-05 11:41:42.380 19782 19924 I BatteryMgr:DataCollectionService: stats => 1688550102380,285312,4042
07-05 11:41:42.394 19782 19924 I BatteryMgr:DataCollectionService: stats => 1688550102394,285312,4042
07-05 11:41:42.407 19782 19924 I BatteryMgr:DataCollectionService: stats => 1688550102407,285312,4042
07-05 11:41:42.421 19782 19924 I BatteryMgr:DataCollectionService: stats => 1688550102421,285312,4042
07-05 11:41:42.434 19782 19924 I BatteryMgr:DataCollectionService: stats => 1688550102434,285312,4042
07-05 11:41:42.448 19782 19924 I BatteryMgr:DataCollectionService: stats => 1688550102448,285312,4042
07-05 11:41:42.461 19782 19924 I BatteryMgr:DataCollectionService: stats => 1688550102461,285312,4042
07-05 11:41:42.474 19782 19924 I BatteryMgr:DataCollectionService: stats => 1688550102474,285312,4042
07-05 11:41:42.488 19782 19924 I BatteryMgr:DataCollectionService: stats => 1688550102488,285312,4042
07-05 11:41:42.502 19782 19924 I BatteryMgr:DataCollectionService: stats => 1688550102502,285312,4042
07-05 11:41:42.515 19782 19924 I BatteryMgr:DataCollectionService: stats => 1688550102515,285312,4042
07-05 11:41:42.530 19782 19924 I BatteryMgr:DataCollectionService: stats => 1688550102529,285312,4042
07-05 11:41:42.543 19782 19924 I BatteryMgr:DataCollectionService: stats => 1688550102543,285312,4042
07-05 11:41:42.558 19782 19924 I BatteryMgr:DataCollectionService: stats => 1688550102558,285312,4042
07-05 11:41:42.571 19782 19924 I BatteryMgr:DataCollectionService: stats => 1688550102571,285312,4042
07-05 11:41:42.585 19782 19924 I BatteryMgr:DataCollectionService: stats => 1688550102585,285312,4042
07-05 11:41:42.600 19782 19924 I BatteryMgr:DataCollectionService: stats => 1688550102600,285312,4042
07-05 11:41:42.601  1257  2028 I libgcam : [fast_ae_lib.cc:370]: Resetting motion metering for sensor 1: time since last stats image = 5.00555 sec
07-05 11:41:42.614 19782 19924 I BatteryMgr:DataCollectionService: stats => 1688550102614,492812,4042
07-05 11:41:42.628 19782 19924 I BatteryMgr:DataCollectionService: stats => 1688550102628,492812,4042
07-05 11:41:42.642 19782 19924 I BatteryMgr:DataCollectionService: stats => 1688550102642,492812,4042
07-05 11:41:42.655 19782 19924 I BatteryMgr:DataCollectionService: stats => 1688550102655,492812,4042
07-05 11:41:42.669 19782 19924 I BatteryMgr:DataCollectionService: stats => 1688550102669,492812,4042
07-05 11:41:42.682 19782 19924 I BatteryMgr:DataCollectionService: stats => 1688550102682,492812,4042
07-05 11:41:42.696 19782 19924 I BatteryMgr:DataCollectionService: stats => 1688550102696,492812,4042
07-05 11:41:42.710 19782 19924 I BatteryMgr:DataCollectionService: stats => 1688550102709,492812,4042
07-05 11:41:42.722  1257  2029 E android.hardware.camera.provider@2.4-service_64: Failed to obtain metadata value of lens_vcm_position for frame 6 because data pointer is null.
07-05 11:41:42.722  1257  2029 E goog_warping: Cannot get per-frame metadata.
07-05 11:41:42.723  1257  2031 I CHIUSECASE: operator(): stream buffer cache notifies the manager for refilling
07-05 11:41:42.723 19782 19924 I BatteryMgr:DataCollectionService: stats => 1688550102723,492812,4042
07-05 11:41:42.724  1257  2031 I CHIUSECASE: GetBuffer: StreamBufferCache for stream 0x7821170838 refilled before time out.
07-05 11:41:42.738 19782 19924 I BatteryMgr:DataCollectionService: stats => 1688550102738,492812,4042
07-05 11:41:42.748  1257  2033 I CHIUSECASE: UpdateResultAndInflightRequests: all inflight requests have been processed. Notify stream buffer cache manager to flush.
07-05 11:41:42.749  1257 19900 I CHIUSECASE: RefillReturnThreadLoop: StreamBufferCacheManager flushed SBC for stream 0x7821170838.
07-05 11:41:42.752 19782 19924 I BatteryMgr:DataCollectionService: stats => 1688550102752,492812,4042
07-05 11:41:42.766 19782 19924 I BatteryMgr:DataCollectionService: stats => 1688550102766,492812,4042
07-05 11:41:42.780 19782 19924 I BatteryMgr:DataCollectionService: stats => 1688550102780,492812,4042
07-05 11:41:42.794 19782 19924 I BatteryMgr:DataCollectionService: stats => 1688550102794,492812,4042
07-05 11:41:42.808 19782 19924 I BatteryMgr:DataCollectionService: stats => 1688550102808,492812,4042
07-05 11:41:42.822 19782 19924 I BatteryMgr:DataCollectionService: stats => 1688550102822,492812,4042
07-05 11:41:42.836 19782 19924 I BatteryMgr:DataCollectionService: stats => 1688550102836,492812,4042
07-05 11:41:42.850 19782 19924 I BatteryMgr:DataCollectionService: stats => 1688550102850,492812,4042
07-05 11:41:42.864 19782 19924 I BatteryMgr:DataCollectionService: stats => 1688550102864,492812,4042
07-05 11:41:42.878 19782 19924 I BatteryMgr:DataCollectionService: stats => 1688550102878,492812,4042
07-05 11:41:42.892 19782 19924 I BatteryMgr:DataCollectionService: stats => 1688550102892,492812,4042
