07-05 11:03:40.837 16666 16815 I BatteryMgr:DataCollectionService: stats => 1688547820837,264062,3988
07-05 11:03:40.851 16666 16815 I BatteryMgr:DataCollectionService: stats => 1688547820851,264062,3988
07-05 11:03:40.865 16666 16815 I BatteryMgr:DataCollectionService: stats => 1688547820864,264062,3988
07-05 11:03:40.878 16666 16815 I BatteryMgr:DataCollectionService: stats => 1688547820878,264062,3988
07-05 11:03:40.880  1502  1502 I EaselThermalMonitor: Cooling Device: mnh cur_state 0 max_state 4
07-05 11:03:40.880  1502  1502 I EaselThermalMonitor: Cooling Device: mnh cur_state 0 max_state 4
07-05 11:03:40.892 16666 16815 I BatteryMgr:DataCollectionService: stats => 1688547820892,264062,3988
07-05 11:03:40.905 16666 16815 I BatteryMgr:DataCollectionService: stats => 1688547820905,264062,3988
07-05 11:03:40.919 16666 16815 I BatteryMgr:DataCollectionService: stats => 1688547820919,264062,3988
07-05 11:03:40.932 16666 16815 I BatteryMgr:DataCollectionService: stats => 1688547820932,264062,3988
07-05 11:03:40.946 16666 16815 I BatteryMgr:DataCollectionService: stats => 1688547820946,264062,3988
07-05 11:03:40.961 16666 16815 I BatteryMgr:DataCollectionService: stats => 1688547820961,264062,3988
07-05 11:03:40.975 16666 16815 I BatteryMgr:DataCollectionService: stats => 1688547820975,264062,3988
07-05 11:03:40.977  1871  2225 D ConnectivityService: NetReassign [no changes] [c 0] [a 1] [i 4]
07-05 11:03:40.988 16666 16815 I BatteryMgr:DataCollectionService: stats => 1688547820988,264062,3988
07-05 11:03:41.001 16666 16815 I BatteryMgr:DataCollectionService: stats => 1688547821001,264062,3988
07-05 11:03:41.016 16666 16815 I BatteryMgr:DataCollectionService: stats => 1688547821015,264062,3988
07-05 11:03:41.029 16666 16815 I BatteryMgr:DataCollectionService: stats => 1688547821029,264062,3988
07-05 11:03:41.043 16666 16815 I BatteryMgr:DataCollectionService: stats => 1688547821043,264062,3988
07-05 11:03:41.056 16666 16815 I BatteryMgr:DataCollectionService: stats => 1688547821056,264062,3988
07-05 11:03:41.070 16666 16815 I BatteryMgr:DataCollectionService: stats => 1688547821070,264062,3988
07-05 11:03:41.084 16666 16815 I BatteryMgr:DataCollectionService: stats => 1688547821084,264062,3988
07-05 11:03:41.098 16666 16815 I BatteryMgr:DataCollectionService: stats => 1688547821098,338750,3988
07-05 11:03:41.112 16666 16815 I BatteryMgr:DataCollectionService: stats => 1688547821112,338750,3988
07-05 11:03:41.125 16666 16815 I BatteryMgr:DataCollectionService: stats => 1688547821125,338750,3988
07-05 11:03:41.138 16666 16815 I BatteryMgr:DataCollectionService: stats => 1688547821138,338750,3988
07-05 11:03:41.152 16666 16815 I BatteryMgr:DataCollectionService: stats => 1688547821152,338750,3988
07-05 11:03:41.166 16666 16815 I BatteryMgr:DataCollectionService: stats => 1688547821165,338750,3988
07-05 11:03:41.179 16666 16815 I BatteryMgr:DataCollectionService: stats => 1688547821179,338750,3988
07-05 11:03:41.193 16666 16815 I BatteryMgr:DataCollectionService: stats => 1688547821193,338750,3988
07-05 11:03:41.206 16666 16815 I BatteryMgr:DataCollectionService: stats => 1688547821206,338750,3988
07-05 11:03:41.220 16666 16815 I BatteryMgr:DataCollectionService: stats => 1688547821220,338750,3988
07-05 11:03:41.234 16666 16815 I BatteryMgr:DataCollectionService: stats => 1688547821234,338750,3988
07-05 11:03:41.247 16666 16815 I BatteryMgr:DataCollectionService: stats => 1688547821247,338750,3988
07-05 11:03:41.262 16666 16815 I BatteryMgr:DataCollectionService: stats => 1688547821262,338750,3988
07-05 11:03:41.275 16666 16815 I BatteryMgr:DataCollectionService: stats => 1688547821275,338750,3988
07-05 11:03:41.289 16666 16815 I BatteryMgr:DataCollectionService: stats => 1688547821289,338750,3988
07-05 11:03:41.302 16666 16815 I BatteryMgr:DataCollectionService: stats => 1688547821302,338750,3988
07-05 11:03:41.316 16666 16815 I BatteryMgr:DataCollectionService: stats => 1688547821316,338750,3988
07-05 11:03:41.329 16666 16815 I BatteryMgr:DataCollectionService: stats => 1688547821329,338750,3988
07-05 11:03:41.343 16666 16815 I BatteryMgr:DataCollectionService: stats => 1688547821343,338750,3988
07-05 11:03:41.356 16666 16815 I BatteryMgr:DataCollectionService: stats => 1688547821356,338750,3988
07-05 11:03:41.370 16666 16815 I BatteryMgr:DataCollectionService: stats => 1688547821370,338750,3988
07-05 11:03:41.383 16666 16815 I BatteryMgr:DataCollectionService: stats => 1688547821383,338750,3988
07-05 11:03:41.396 16666 16815 I BatteryMgr:DataCollectionService: stats => 1688547821396,338750,3988
07-05 11:03:41.410 16666 16815 I BatteryMgr:DataCollectionService: stats => 1688547821410,338750,3988
07-05 11:03:41.424 16666 16815 I BatteryMgr:DataCollectionService: stats => 1688547821424,338750,3988
07-05 11:03:41.437 16666 16815 I BatteryMgr:DataCollectionService: stats => 1688547821437,338750,3988
07-05 11:03:41.451 16666 16815 I BatteryMgr:DataCollectionService: stats => 1688547821451,281250,3988
07-05 11:03:41.465 16666 16815 I BatteryMgr:DataCollectionService: stats => 1688547821465,281250,3988
07-05 11:03:41.479 16666 16815 I BatteryMgr:DataCollectionService: stats => 1688547821478,281250,3988
07-05 11:03:41.493 16666 16815 I BatteryMgr:DataCollectionService: stats => 1688547821493,281250,3988
07-05 11:03:41.506 16666 16815 I BatteryMgr:DataCollectionService: stats => 1688547821506,281250,3988
07-05 11:03:41.519 16666 16815 I BatteryMgr:DataCollectionService: stats => 1688547821519,281250,3988
07-05 11:03:41.532 16666 16815 I BatteryMgr:DataCollectionService: stats => 1688547821532,281250,3988
07-05 11:03:41.546 16666 16815 I BatteryMgr:DataCollectionService: stats => 1688547821546,281250,3988
07-05 11:03:41.560 16666 16815 I BatteryMgr:DataCollectionService: stats => 1688547821560,281250,3988
07-05 11:03:41.573 16666 16815 I BatteryMgr:DataCollectionService: stats => 1688547821573,281250,3988
07-05 11:03:41.586 16666 16815 I BatteryMgr:DataCollectionService: stats => 1688547821586,281250,3988
07-05 11:03:41.599 16666 16815 I BatteryMgr:DataCollectionService: stats => 1688547821599,281250,3988
07-05 11:03:41.614 16666 16815 I BatteryMgr:DataCollectionService: stats => 1688547821614,281250,3988
07-05 11:03:41.627 16666 16815 I BatteryMgr:DataCollectionService: stats => 1688547821627,281250,3988
07-05 11:03:41.641 16666 16815 I BatteryMgr:DataCollectionService: stats => 1688547821641,281250,3988
07-05 11:03:41.655 16666 16815 I BatteryMgr:DataCollectionService: stats => 1688547821655,281250,3988
07-05 11:03:41.669 16666 16815 I BatteryMgr:DataCollectionService: stats => 1688547821668,281250,3988
07-05 11:03:41.682 16666 16815 I BatteryMgr:DataCollectionService: stats => 1688547821682,281250,3988
07-05 11:03:41.697 16666 16815 I BatteryMgr:DataCollectionService: stats => 1688547821697,281250,3988
07-05 11:03:41.711 16666 16815 I BatteryMgr:DataCollectionService: stats => 1688547821711,281250,3988
07-05 11:03:41.725 16666 16815 I BatteryMgr:DataCollectionService: stats => 1688547821725,281250,3988
07-05 11:03:41.738 16666 16815 I BatteryMgr:DataCollectionService: stats => 1688547821738,281250,3988
07-05 11:03:41.752 16666 16815 I BatteryMgr:DataCollectionService: stats => 1688547821751,281250,3988
07-05 11:03:41.766 16666 16815 I BatteryMgr:DataCollectionService: stats => 1688547821766,281250,3988
07-05 11:03:41.779 16666 16815 I BatteryMgr:DataCollectionService: stats => 1688547821779,281250,3988
07-05 11:03:41.792 16666 16815 I BatteryMgr:DataCollectionService: stats => 1688547821792,330937,3988
07-05 11:03:41.806 16666 16815 I BatteryMgr:DataCollectionService: stats => 1688547821806,330937,3988
07-05 11:03:41.819 16666 16815 I BatteryMgr:DataCollectionService: stats => 1688547821819,330937,3988
07-05 11:03:41.833 16666 16815 I BatteryMgr:DataCollectionService: stats => 1688547821833,330937,3988
07-05 11:03:41.847 16666 16815 I BatteryMgr:DataCollectionService: stats => 1688547821847,330937,3988
07-05 11:03:41.861 16666 16815 I BatteryMgr:DataCollectionService: stats => 1688547821861,330937,3988
07-05 11:03:41.874 16666 16815 I BatteryMgr:DataCollectionService: stats => 1688547821874,330937,3988
07-05 11:03:41.888 16666 16815 I BatteryMgr:DataCollectionService: stats => 1688547821888,330937,3988
07-05 11:03:41.901 16666 16815 I BatteryMgr:DataCollectionService: stats => 1688547821901,330937,3988
07-05 11:03:41.915 16666 16815 I BatteryMgr:DataCollectionService: stats => 1688547821914,330937,3988
07-05 11:03:41.928 16666 16815 I BatteryMgr:DataCollectionService: stats => 1688547821928,330937,3988
07-05 11:03:41.941 16666 16815 I BatteryMgr:DataCollectionService: stats => 1688547821941,330937,3988
07-05 11:03:41.955 16666 16815 I BatteryMgr:DataCollectionService: stats => 1688547821955,330937,3988
07-05 11:03:41.968 16666 16815 I BatteryMgr:DataCollectionService: stats => 1688547821968,330937,3988
07-05 11:03:41.981 16666 16815 I BatteryMgr:DataCollectionService: stats => 1688547821981,330937,3988
07-05 11:03:41.995 16666 16815 I BatteryMgr:DataCollectionService: stats => 1688547821995,330937,3988
07-05 11:03:42.008 16666 16815 I BatteryMgr:DataCollectionService: stats => 1688547822008,330937,3988
07-05 11:03:42.021 16666 16815 I BatteryMgr:DataCollectionService: stats => 1688547822021,330937,3988
07-05 11:03:42.035 16666 16815 I BatteryMgr:DataCollectionService: stats => 1688547822035,330937,3988
07-05 11:03:42.049 16666 16815 I BatteryMgr:DataCollectionService: stats => 1688547822049,330937,3988
07-05 11:03:42.064 16666 16815 I BatteryMgr:DataCollectionService: stats => 1688547822064,330937,3988
07-05 11:03:42.077 16666 16815 I BatteryMgr:DataCollectionService: stats => 1688547822077,330937,3988
07-05 11:03:42.092 16666 16815 I BatteryMgr:DataCollectionService: stats => 1688547822092,330937,3988
07-05 11:03:42.105 16666 16815 I BatteryMgr:DataCollectionService: stats => 1688547822105,330937,3988
07-05 11:03:42.119 16666 16815 I BatteryMgr:DataCollectionService: stats => 1688547822119,330937,3988
07-05 11:03:42.133 16666 16815 I BatteryMgr:DataCollectionService: stats => 1688547822132,330937,3988
07-05 11:03:42.147 16666 16815 I BatteryMgr:DataCollectionService: stats => 1688547822147,368750,3988
07-05 11:03:42.161 16666 16815 I BatteryMgr:DataCollectionService: stats => 1688547822161,368750,3988
07-05 11:03:42.174 16666 16815 I BatteryMgr:DataCollectionService: stats => 1688547822174,368750,3988
07-05 11:03:42.187 16666 16815 I BatteryMgr:DataCollectionService: stats => 1688547822187,368750,3988
07-05 11:03:42.201 16666 16815 I BatteryMgr:DataCollectionService: stats => 1688547822201,368750,3988
07-05 11:03:42.215 16666 16815 I BatteryMgr:DataCollectionService: stats => 1688547822215,368750,3988
07-05 11:03:42.229 16666 16815 I BatteryMgr:DataCollectionService: stats => 1688547822229,368750,3988
07-05 11:03:42.243 16666 16815 I BatteryMgr:DataCollectionService: stats => 1688547822242,368750,3988
07-05 11:03:42.256 16666 16815 I BatteryMgr:DataCollectionService: stats => 1688547822256,368750,3988
07-05 11:03:42.270 16666 16815 I BatteryMgr:DataCollectionService: stats => 1688547822270,368750,3988
07-05 11:03:42.284 16666 16815 I BatteryMgr:DataCollectionService: stats => 1688547822284,368750,3988
07-05 11:03:42.298 16666 16815 I BatteryMgr:DataCollectionService: stats => 1688547822298,368750,3988
07-05 11:03:42.312 16666 16815 I BatteryMgr:DataCollectionService: stats => 1688547822312,368750,3988
07-05 11:03:42.325 16666 16815 I BatteryMgr:DataCollectionService: stats => 1688547822325,368750,3988
07-05 11:03:42.338 16666 16815 I BatteryMgr:DataCollectionService: stats => 1688547822338,368750,3988
07-05 11:03:42.352 16666 16815 I BatteryMgr:DataCollectionService: stats => 1688547822352,368750,3988
07-05 11:03:42.365 16666 16815 I BatteryMgr:DataCollectionService: stats => 1688547822365,368750,3988
07-05 11:03:42.379 16666 16815 I BatteryMgr:DataCollectionService: stats => 1688547822379,368750,3988
07-05 11:03:42.393 16666 16815 I BatteryMgr:DataCollectionService: stats => 1688547822393,368750,3988
07-05 11:03:42.406 16666 16815 I BatteryMgr:DataCollectionService: stats => 1688547822406,368750,3988
07-05 11:03:42.420 16666 16815 I BatteryMgr:DataCollectionService: stats => 1688547822420,368750,3988
07-05 11:03:42.434 16666 16815 I BatteryMgr:DataCollectionService: stats => 1688547822434,368750,3988
07-05 11:03:42.448 16666 16815 I BatteryMgr:DataCollectionService: stats => 1688547822448,368750,3988
07-05 11:03:42.461 16666 16815 I BatteryMgr:DataCollectionService: stats => 1688547822461,368750,3988
07-05 11:03:42.475 16666 16815 I BatteryMgr:DataCollectionService: stats => 1688547822475,368750,3988
07-05 11:03:42.489 16666 16815 I BatteryMgr:DataCollectionService: stats => 1688547822489,277500,3988
07-05 11:03:42.502 16666 16815 I BatteryMgr:DataCollectionService: stats => 1688547822502,277500,3988
07-05 11:03:42.516 16666 16815 I BatteryMgr:DataCollectionService: stats => 1688547822516,277500,3988
07-05 11:03:42.530 16666 16815 I BatteryMgr:DataCollectionService: stats => 1688547822530,277500,3988
07-05 11:03:42.543 16666 16815 I BatteryMgr:DataCollectionService: stats => 1688547822543,277500,3988
07-05 11:03:42.557 16666 16815 I BatteryMgr:DataCollectionService: stats => 1688547822557,277500,3988
07-05 11:03:42.571 16666 16815 I BatteryMgr:DataCollectionService: stats => 1688547822571,277500,3988
07-05 11:03:42.585 16666 16815 I BatteryMgr:DataCollectionService: stats => 1688547822585,277500,3988
07-05 11:03:42.598 16666 16815 I BatteryMgr:DataCollectionService: stats => 1688547822598,277500,3988
07-05 11:03:42.612 16666 16815 I BatteryMgr:DataCollectionService: stats => 1688547822612,277500,3988
07-05 11:03:42.626 16666 16815 I BatteryMgr:DataCollectionService: stats => 1688547822626,277500,3988
07-05 11:03:42.639 16666 16815 I BatteryMgr:DataCollectionService: stats => 1688547822639,277500,3988
07-05 11:03:42.653 16666 16815 I BatteryMgr:DataCollectionService: stats => 1688547822653,277500,3988
07-05 11:03:42.666 16666 16815 I BatteryMgr:DataCollectionService: stats => 1688547822666,277500,3988
07-05 11:03:42.680 16666 16815 I BatteryMgr:DataCollectionService: stats => 1688547822680,277500,3988
07-05 11:03:42.693 16666 16815 I BatteryMgr:DataCollectionService: stats => 1688547822693,277500,3988
07-05 11:03:42.707 16666 16815 I BatteryMgr:DataCollectionService: stats => 1688547822706,277500,3988
07-05 11:03:42.720 16666 16815 I BatteryMgr:DataCollectionService: stats => 1688547822720,277500,3988
07-05 11:03:42.734 16666 16815 I BatteryMgr:DataCollectionService: stats => 1688547822734,277500,3988
07-05 11:03:42.747 16666 16815 I BatteryMgr:DataCollectionService: stats => 1688547822747,277500,3988
07-05 11:03:42.760 16666 16815 I BatteryMgr:DataCollectionService: stats => 1688547822760,277500,3988
07-05 11:03:42.774 16666 16815 I BatteryMgr:DataCollectionService: stats => 1688547822774,277500,3988
07-05 11:03:42.787 16666 16815 I BatteryMgr:DataCollectionService: stats => 1688547822787,277500,3988
07-05 11:03:42.801 16666 16815 I BatteryMgr:DataCollectionService: stats => 1688547822801,277500,3988
07-05 11:03:42.814 16666 16815 I BatteryMgr:DataCollectionService: stats => 1688547822814,277500,3988
07-05 11:03:42.828 16666 16815 I BatteryMgr:DataCollectionService: stats => 1688547822828,277500,3988
07-05 11:03:42.842 16666 16815 I BatteryMgr:DataCollectionService: stats => 1688547822842,299687,3988
07-05 11:03:42.855 16666 16815 I BatteryMgr:DataCollectionService: stats => 1688547822855,299687,3988
07-05 11:03:42.869 16666 16815 I BatteryMgr:DataCollectionService: stats => 1688547822869,299687,3988
07-05 11:03:42.881  1502  1502 I EaselThermalMonitor: Cooling Device: mnh cur_state 0 max_state 4
07-05 11:03:42.882  1502  1502 I EaselThermalMonitor: Cooling Device: mnh cur_state 0 max_state 4
07-05 11:03:42.882 16666 16815 I BatteryMgr:DataCollectionService: stats => 1688547822882,299687,3988
07-05 11:03:42.896 16666 16815 I BatteryMgr:DataCollectionService: stats => 1688547822896,299687,3988
07-05 11:03:42.910 16666 16815 I BatteryMgr:DataCollectionService: stats => 1688547822909,299687,3988
07-05 11:03:42.923 16666 16815 I BatteryMgr:DataCollectionService: stats => 1688547822923,299687,3988
07-05 11:03:42.936 16666 16815 I BatteryMgr:DataCollectionService: stats => 1688547822936,299687,3988
07-05 11:03:42.950 16666 16815 I BatteryMgr:DataCollectionService: stats => 1688547822950,299687,3988
07-05 11:03:42.963 16666 16815 I BatteryMgr:DataCollectionService: stats => 1688547822963,299687,3988
07-05 11:03:42.977 16666 16815 I BatteryMgr:DataCollectionService: stats => 1688547822977,299687,3988
07-05 11:03:42.991 16666 16815 I BatteryMgr:DataCollectionService: stats => 1688547822991,299687,3988
07-05 11:03:43.005 16666 16815 I BatteryMgr:DataCollectionService: stats => 1688547823005,299687,3988
07-05 11:03:43.018 16666 16815 I BatteryMgr:DataCollectionService: stats => 1688547823018,299687,3988
07-05 11:03:43.031 16666 16815 I BatteryMgr:DataCollectionService: stats => 1688547823031,299687,3988
07-05 11:03:43.045 16666 16815 I BatteryMgr:DataCollectionService: stats => 1688547823045,299687,3988
07-05 11:03:43.059 16666 16815 I BatteryMgr:DataCollectionService: stats => 1688547823059,299687,3988
07-05 11:03:43.073 16666 16815 I BatteryMgr:DataCollectionService: stats => 1688547823073,299687,3988
07-05 11:03:43.086 16666 16815 I BatteryMgr:DataCollectionService: stats => 1688547823086,299687,3988
07-05 11:03:43.100 16666 16815 I BatteryMgr:DataCollectionService: stats => 1688547823100,299687,3988
07-05 11:03:43.114 16666 16815 I BatteryMgr:DataCollectionService: stats => 1688547823114,299687,3988
07-05 11:03:43.128 16666 16815 I BatteryMgr:DataCollectionService: stats => 1688547823128,299687,3988
07-05 11:03:43.141 16666 16815 I BatteryMgr:DataCollectionService: stats => 1688547823141,299687,3988
07-05 11:03:43.155 16666 16815 I BatteryMgr:DataCollectionService: stats => 1688547823155,299687,3988
07-05 11:03:43.168 16666 16815 I BatteryMgr:DataCollectionService: stats => 1688547823168,299687,3988
07-05 11:03:43.182 16666 16815 I BatteryMgr:DataCollectionService: stats => 1688547823182,299687,3988
07-05 11:03:43.195 16666 16815 I BatteryMgr:DataCollectionService: stats => 1688547823195,335312,3988
07-05 11:03:43.209 16666 16815 I BatteryMgr:DataCollectionService: stats => 1688547823208,335312,3988
07-05 11:03:43.222 16666 16815 I BatteryMgr:DataCollectionService: stats => 1688547823222,335312,3988
07-05 11:03:43.236 16666 16815 I BatteryMgr:DataCollectionService: stats => 1688547823236,335312,3988
07-05 11:03:43.250 16666 16815 I BatteryMgr:DataCollectionService: stats => 1688547823250,335312,3988
07-05 11:03:43.264 16666 16815 I BatteryMgr:DataCollectionService: stats => 1688547823264,335312,3988
07-05 11:03:43.278 16666 16815 I BatteryMgr:DataCollectionService: stats => 1688547823278,335312,3988
07-05 11:03:43.291 16666 16815 I BatteryMgr:DataCollectionService: stats => 1688547823291,335312,3988
07-05 11:03:43.305 16666 16815 I BatteryMgr:DataCollectionService: stats => 1688547823305,335312,3988
07-05 11:03:43.318 16666 16815 I BatteryMgr:DataCollectionService: stats => 1688547823318,335312,3988
07-05 11:03:43.332 16666 16815 I BatteryMgr:DataCollectionService: stats => 1688547823332,335312,3988
07-05 11:03:43.346 16666 16815 I BatteryMgr:DataCollectionService: stats => 1688547823346,335312,3988
07-05 11:03:43.360 16666 16815 I BatteryMgr:DataCollectionService: stats => 1688547823360,335312,3988
07-05 11:03:43.374 16666 16815 I BatteryMgr:DataCollectionService: stats => 1688547823374,335312,3988
07-05 11:03:43.387 16666 16815 I BatteryMgr:DataCollectionService: stats => 1688547823387,335312,3988
07-05 11:03:43.400 16666 16815 I BatteryMgr:DataCollectionService: stats => 1688547823400,335312,3988
07-05 11:03:43.414 16666 16815 I BatteryMgr:DataCollectionService: stats => 1688547823414,335312,3988
07-05 11:03:43.427 16666 16815 I BatteryMgr:DataCollectionService: stats => 1688547823427,335312,3988
07-05 11:03:43.441 16666 16815 I BatteryMgr:DataCollectionService: stats => 1688547823441,335312,3988
07-05 11:03:43.455 16666 16815 I BatteryMgr:DataCollectionService: stats => 1688547823455,335312,3988
07-05 11:03:43.469 16666 16815 I BatteryMgr:DataCollectionService: stats => 1688547823469,335312,3988
07-05 11:03:43.482 16666 16815 I BatteryMgr:DataCollectionService: stats => 1688547823482,335312,3988
07-05 11:03:43.496 16666 16815 I BatteryMgr:DataCollectionService: stats => 1688547823496,335312,3988
07-05 11:03:43.510 16666 16815 I BatteryMgr:DataCollectionService: stats => 1688547823510,335312,3988
07-05 11:03:43.523 16666 16815 I BatteryMgr:DataCollectionService: stats => 1688547823523,335312,3988
07-05 11:03:43.536 16666 16815 I BatteryMgr:DataCollectionService: stats => 1688547823536,335312,3988
07-05 11:03:43.550 16666 16815 I BatteryMgr:DataCollectionService: stats => 1688547823550,298437,3988
07-05 11:03:43.564 16666 16815 I BatteryMgr:DataCollectionService: stats => 1688547823564,298437,3988
07-05 11:03:43.578 16666 16815 I BatteryMgr:DataCollectionService: stats => 1688547823578,298437,3988
07-05 11:03:43.592 16666 16815 I BatteryMgr:DataCollectionService: stats => 1688547823591,298437,3988
07-05 11:03:43.605 16666 16815 I BatteryMgr:DataCollectionService: stats => 1688547823605,298437,3988
07-05 11:03:43.618 16666 16815 I BatteryMgr:DataCollectionService: stats => 1688547823618,298437,3988
07-05 11:03:43.631 16666 16815 I BatteryMgr:DataCollectionService: stats => 1688547823631,298437,3988
07-05 11:03:43.644 16666 16815 I BatteryMgr:DataCollectionService: stats => 1688547823644,298437,3988
07-05 11:03:43.658 16666 16815 I BatteryMgr:DataCollectionService: stats => 1688547823658,298437,3988
07-05 11:03:43.671 16666 16815 I BatteryMgr:DataCollectionService: stats => 1688547823671,298437,3988
07-05 11:03:43.685 16666 16815 I BatteryMgr:DataCollectionService: stats => 1688547823685,298437,3988
07-05 11:03:43.698 16666 16815 I BatteryMgr:DataCollectionService: stats => 1688547823698,298437,3988
07-05 11:03:43.713 16666 16815 I BatteryMgr:DataCollectionService: stats => 1688547823713,298437,3988
07-05 11:03:43.726 16666 16815 I BatteryMgr:DataCollectionService: stats => 1688547823726,298437,3988
07-05 11:03:43.740 16666 16815 I BatteryMgr:DataCollectionService: stats => 1688547823740,298437,3988
07-05 11:03:43.753 16666 16815 I BatteryMgr:DataCollectionService: stats => 1688547823753,298437,3988
07-05 11:03:43.767 16666 16815 I BatteryMgr:DataCollectionService: stats => 1688547823767,298437,3988
07-05 11:03:43.780 16666 16815 I BatteryMgr:DataCollectionService: stats => 1688547823780,298437,3988
07-05 11:03:43.794 16666 16815 I BatteryMgr:DataCollectionService: stats => 1688547823794,298437,3988
07-05 11:03:43.808 16666 16815 I BatteryMgr:DataCollectionService: stats => 1688547823808,298437,3988
07-05 11:03:43.821 16666 16815 I BatteryMgr:DataCollectionService: stats => 1688547823821,298437,3988
07-05 11:03:43.835 16666 16815 I BatteryMgr:DataCollectionService: stats => 1688547823835,298437,3988
07-05 11:03:43.849 16666 16815 I BatteryMgr:DataCollectionService: stats => 1688547823849,298437,3988
07-05 11:03:43.862 16666 16815 I BatteryMgr:DataCollectionService: stats => 1688547823862,298437,3988
07-05 11:03:43.876 16666 16815 I BatteryMgr:DataCollectionService: stats => 1688547823876,298437,3988
07-05 11:03:43.889 16666 16815 I BatteryMgr:DataCollectionService: stats => 1688547823889,279687,3988
07-05 11:03:43.904 16666 16815 I BatteryMgr:DataCollectionService: stats => 1688547823904,279687,3988
07-05 11:03:43.918 16666 16815 I BatteryMgr:DataCollectionService: stats => 1688547823918,279687,3988
07-05 11:03:43.932 16666 16815 I BatteryMgr:DataCollectionService: stats => 1688547823932,279687,3988
07-05 11:03:43.945 16666 16815 I BatteryMgr:DataCollectionService: stats => 1688547823945,279687,3988
07-05 11:03:43.958 16666 16815 I BatteryMgr:DataCollectionService: stats => 1688547823958,279687,3988
07-05 11:03:43.972 16666 16815 I BatteryMgr:DataCollectionService: stats => 1688547823972,279687,3988
07-05 11:03:43.986 16666 16815 I BatteryMgr:DataCollectionService: stats => 1688547823986,279687,3988
07-05 11:03:44.000 16666 16815 I BatteryMgr:DataCollectionService: stats => 1688547824000,279687,3988
07-05 11:03:44.003  1871  2225 D ConnectivityService: NetReassign [no changes] [c 0] [a 0] [i 4]
07-05 11:03:44.013 16666 16815 I BatteryMgr:DataCollectionService: stats => 1688547824013,279687,3988
07-05 11:03:44.026 16666 16815 I BatteryMgr:DataCollectionService: stats => 1688547824026,279687,3988
07-05 11:03:44.039 16666 16815 I BatteryMgr:DataCollectionService: stats => 1688547824039,279687,3988
07-05 11:03:44.052 16666 16815 I BatteryMgr:DataCollectionService: stats => 1688547824052,279687,3988
07-05 11:03:44.065 16666 16815 I BatteryMgr:DataCollectionService: stats => 1688547824065,279687,3988
07-05 11:03:44.079 16666 16815 I BatteryMgr:DataCollectionService: stats => 1688547824079,279687,3988
07-05 11:03:44.093 16666 16815 I BatteryMgr:DataCollectionService: stats => 1688547824093,279687,3988
07-05 11:03:44.106 16666 16815 I BatteryMgr:DataCollectionService: stats => 1688547824106,279687,3988
07-05 11:03:44.119 16666 16815 I BatteryMgr:DataCollectionService: stats => 1688547824119,279687,3988
07-05 11:03:44.133 16666 16815 I BatteryMgr:DataCollectionService: stats => 1688547824132,279687,3988
07-05 11:03:44.146 16666 16815 I BatteryMgr:DataCollectionService: stats => 1688547824146,279687,3988
07-05 11:03:44.160 16666 16815 I BatteryMgr:DataCollectionService: stats => 1688547824160,279687,3988
07-05 11:03:44.174 16666 16815 I BatteryMgr:DataCollectionService: stats => 1688547824174,279687,3988
07-05 11:03:44.188 16666 16815 I BatteryMgr:DataCollectionService: stats => 1688547824187,279687,3988
07-05 11:03:44.202 16666 16815 I BatteryMgr:DataCollectionService: stats => 1688547824202,279687,3988
07-05 11:03:44.215 16666 16815 I BatteryMgr:DataCollectionService: stats => 1688547824215,279687,3988
07-05 11:03:44.228 16666 16815 I BatteryMgr:DataCollectionService: stats => 1688547824227,279687,3988
07-05 11:03:44.240 16666 16815 I BatteryMgr:DataCollectionService: stats => 1688547824240,279687,3988
07-05 11:03:44.253 16666 16815 I BatteryMgr:DataCollectionService: stats => 1688547824253,294375,3988
07-05 11:03:44.266 16666 16815 I BatteryMgr:DataCollectionService: stats => 1688547824266,294375,3988
07-05 11:03:44.280 16666 16815 I BatteryMgr:DataCollectionService: stats => 1688547824280,294375,3988
07-05 11:03:44.293 16666 16815 I BatteryMgr:DataCollectionService: stats => 1688547824293,294375,3988
07-05 11:03:44.308 16666 16815 I BatteryMgr:DataCollectionService: stats => 1688547824308,294375,3988
07-05 11:03:44.321 16666 16815 I BatteryMgr:DataCollectionService: stats => 1688547824321,294375,3988
07-05 11:03:44.334 16666 16815 I BatteryMgr:DataCollectionService: stats => 1688547824334,294375,3988
07-05 11:03:44.347 16666 16815 I BatteryMgr:DataCollectionService: stats => 1688547824347,294375,3988
07-05 11:03:44.361 16666 16815 I BatteryMgr:DataCollectionService: stats => 1688547824360,294375,3988
07-05 11:03:44.374 16666 16815 I BatteryMgr:DataCollectionService: stats => 1688547824374,294375,3988
07-05 11:03:44.388 16666 16815 I BatteryMgr:DataCollectionService: stats => 1688547824388,294375,3988
07-05 11:03:44.401 16666 16815 I BatteryMgr:DataCollectionService: stats => 1688547824401,294375,3988
07-05 11:03:44.414 16666 16815 I BatteryMgr:DataCollectionService: stats => 1688547824414,294375,3988
07-05 11:03:44.428 16666 16815 I BatteryMgr:DataCollectionService: stats => 1688547824427,294375,3988
07-05 11:03:44.441 16666 16815 I BatteryMgr:DataCollectionService: stats => 1688547824441,294375,3988
07-05 11:03:44.455 16666 16815 I BatteryMgr:DataCollectionService: stats => 1688547824454,294375,3988
07-05 11:03:44.468 16666 16815 I BatteryMgr:DataCollectionService: stats => 1688547824468,294375,3988
07-05 11:03:44.482 16666 16815 I BatteryMgr:DataCollectionService: stats => 1688547824482,294375,3988
07-05 11:03:44.495 16666 16815 I BatteryMgr:DataCollectionService: stats => 1688547824495,294375,3988
07-05 11:03:44.509 16666 16815 I BatteryMgr:DataCollectionService: stats => 1688547824509,294375,3988
07-05 11:03:44.523 16666 16815 I BatteryMgr:DataCollectionService: stats => 1688547824523,294375,3988
07-05 11:03:44.537 16666 16815 I BatteryMgr:DataCollectionService: stats => 1688547824537,294375,3988
07-05 11:03:44.550 16666 16815 I BatteryMgr:DataCollectionService: stats => 1688547824550,294375,3988
07-05 11:03:44.563 16666 16815 I BatteryMgr:DataCollectionService: stats => 1688547824563,294375,3988
07-05 11:03:44.577 16666 16815 I BatteryMgr:DataCollectionService: stats => 1688547824577,294375,3988
07-05 11:03:44.591 16666 16815 I BatteryMgr:DataCollectionService: stats => 1688547824591,299062,3988
07-05 11:03:44.605 16666 16815 I BatteryMgr:DataCollectionService: stats => 1688547824605,299062,3988
07-05 11:03:44.618 16666 16815 I BatteryMgr:DataCollectionService: stats => 1688547824618,299062,3988
07-05 11:03:44.632 16666 16815 I BatteryMgr:DataCollectionService: stats => 1688547824632,299062,3988
07-05 11:03:44.646 16666 16815 I BatteryMgr:DataCollectionService: stats => 1688547824645,299062,3988
07-05 11:03:44.660 16666 16815 I BatteryMgr:DataCollectionService: stats => 1688547824660,299062,3988
07-05 11:03:44.675 16666 16815 I BatteryMgr:DataCollectionService: stats => 1688547824674,299062,3988
07-05 11:03:44.688 16666 16815 I BatteryMgr:DataCollectionService: stats => 1688547824688,299062,3988
07-05 11:03:44.701 16666 16815 I BatteryMgr:DataCollectionService: stats => 1688547824701,299062,3988
07-05 11:03:44.716 16666 16815 I BatteryMgr:DataCollectionService: stats => 1688547824716,299062,3988
07-05 11:03:44.729 16666 16815 I BatteryMgr:DataCollectionService: stats => 1688547824729,299062,3988
07-05 11:03:44.743 16666 16815 I BatteryMgr:DataCollectionService: stats => 1688547824743,299062,3988
07-05 11:03:44.756 16666 16815 I BatteryMgr:DataCollectionService: stats => 1688547824756,299062,3988
07-05 11:03:44.770  1257  2031 I libgcam : [fast_ae_lib.cc:370]: Resetting motion metering for sensor 1: time since last stats image = 5.00675 sec
07-05 11:03:44.772 16666 16815 I BatteryMgr:DataCollectionService: stats => 1688547824772,299062,3988
07-05 11:03:44.786 16666 16815 I BatteryMgr:DataCollectionService: stats => 1688547824786,299062,3988
07-05 11:03:44.799 16666 16815 I BatteryMgr:DataCollectionService: stats => 1688547824799,299062,3988
07-05 11:03:44.813 16666 16815 I BatteryMgr:DataCollectionService: stats => 1688547824813,299062,3988
07-05 11:03:44.826 16666 16815 I BatteryMgr:DataCollectionService: stats => 1688547824826,299062,3988
07-05 11:03:44.839 16666 16815 I BatteryMgr:DataCollectionService: stats => 1688547824839,299062,3988
07-05 11:03:44.853 16666 16815 I BatteryMgr:DataCollectionService: stats => 1688547824853,299062,3988
07-05 11:03:44.867 16666 16815 I BatteryMgr:DataCollectionService: stats => 1688547824867,299062,3988
07-05 11:03:44.877  1257  2028 E android.hardware.camera.provider@2.4-service_64: Failed to obtain metadata value of lens_vcm_position for frame 7 because data pointer is null.
07-05 11:03:44.877  1257  2028 E goog_warping: Cannot get per-frame metadata.
07-05 11:03:44.877  1257  2031 I CHIUSECASE: operator(): stream buffer cache notifies the manager for refilling
07-05 11:03:44.878  1257  2031 I CHIUSECASE: GetBuffer: StreamBufferCache for stream 0x782120f5e8 refilled before time out.
07-05 11:03:44.882 16666 16815 I BatteryMgr:DataCollectionService: stats => 1688547824881,299062,3988
07-05 11:03:44.882  1502  1502 I EaselThermalMonitor: Cooling Device: mnh cur_state 0 max_state 4
07-05 11:03:44.882  1502  1502 I EaselThermalMonitor: Cooling Device: mnh cur_state 0 max_state 4
07-05 11:03:44.895 16666 16815 I BatteryMgr:DataCollectionService: stats => 1688547824895,299062,3988
07-05 11:03:44.904  1257  2032 I CHIUSECASE: UpdateResultAndInflightRequests: all inflight requests have been processed. Notify stream buffer cache manager to flush.
07-05 11:03:44.905  1257 16792 I CHIUSECASE: RefillReturnThreadLoop: StreamBufferCacheManager flushed SBC for stream 0x782120f5e8.
07-05 11:03:44.908 16666 16815 I BatteryMgr:DataCollectionService: stats => 1688547824908,299062,3988
07-05 11:03:44.922 16666 16815 I BatteryMgr:DataCollectionService: stats => 1688547824921,299062,3988
07-05 11:03:44.935 16666 16815 I BatteryMgr:DataCollectionService: stats => 1688547824935,299062,3988
07-05 11:03:44.949 16666 16815 I BatteryMgr:DataCollectionService: stats => 1688547824949,409062,3988
07-05 11:03:44.962 16666 16815 I BatteryMgr:DataCollectionService: stats => 1688547824962,409062,3988
07-05 11:03:44.976 16666 16815 I BatteryMgr:DataCollectionService: stats => 1688547824975,409062,3988
07-05 11:03:44.989 16666 16815 I BatteryMgr:DataCollectionService: stats => 1688547824989,409062,3988
07-05 11:03:45.003 16666 16815 I BatteryMgr:DataCollectionService: stats => 1688547825003,409062,3988
07-05 11:03:45.016 16666 16815 I BatteryMgr:DataCollectionService: stats => 1688547825016,409062,3988
07-05 11:03:45.029 16666 16815 I BatteryMgr:DataCollectionService: stats => 1688547825029,409062,3988
07-05 11:03:45.043 16666 16815 I BatteryMgr:DataCollectionService: stats => 1688547825043,409062,3988
07-05 11:03:45.056 16666 16815 I BatteryMgr:DataCollectionService: stats => 1688547825056,409062,3988
07-05 11:03:45.070 16666 16815 I BatteryMgr:DataCollectionService: stats => 1688547825070,409062,3988
07-05 11:03:45.083 16666 16815 I BatteryMgr:DataCollectionService: stats => 1688547825083,409062,3988
07-05 11:03:45.097 16666 16815 I BatteryMgr:DataCollectionService: stats => 1688547825097,409062,3988
07-05 11:03:45.110 16666 16815 I BatteryMgr:DataCollectionService: stats => 1688547825110,409062,3988
07-05 11:03:45.124 16666 16815 I BatteryMgr:DataCollectionService: stats => 1688547825124,409062,3988
07-05 11:03:45.138 16666 16815 I BatteryMgr:DataCollectionService: stats => 1688547825138,409062,3988
07-05 11:03:45.151 16666 16815 I BatteryMgr:DataCollectionService: stats => 1688547825151,409062,3988
07-05 11:03:45.164 16666 16815 I BatteryMgr:DataCollectionService: stats => 1688547825164,409062,3988
07-05 11:03:45.178 16666 16815 I BatteryMgr:DataCollectionService: stats => 1688547825178,409062,3988
07-05 11:03:45.191 16666 16815 I BatteryMgr:DataCollectionService: stats => 1688547825191,409062,3988
07-05 11:03:45.205 16666 16815 I BatteryMgr:DataCollectionService: stats => 1688547825205,409062,3988
07-05 11:03:45.218 16666 16815 I BatteryMgr:DataCollectionService: stats => 1688547825218,409062,3988
07-05 11:03:45.232 16666 16815 I BatteryMgr:DataCollectionService: stats => 1688547825232,409062,3988
07-05 11:03:45.247 16666 16815 I BatteryMgr:DataCollectionService: stats => 1688547825247,409062,3988
07-05 11:03:45.260 16666 16815 I BatteryMgr:DataCollectionService: stats => 1688547825260,409062,3988
07-05 11:03:45.274 16666 16815 I BatteryMgr:DataCollectionService: stats => 1688547825274,409062,3988
07-05 11:03:45.288 16666 16815 I BatteryMgr:DataCollectionService: stats => 1688547825288,409062,3988
07-05 11:03:45.302 16666 16815 I BatteryMgr:DataCollectionService: stats => 1688547825302,278125,3988
07-05 11:03:45.316 16666 16815 I BatteryMgr:DataCollectionService: stats => 1688547825316,278125,3988
07-05 11:03:45.330 16666 16815 I BatteryMgr:DataCollectionService: stats => 1688547825330,278125,3988
07-05 11:03:45.344 16666 16815 I BatteryMgr:DataCollectionService: stats => 1688547825344,278125,3988
07-05 11:03:45.358 16666 16815 I BatteryMgr:DataCollectionService: stats => 1688547825358,278125,3988
07-05 11:03:45.371 16666 16815 I BatteryMgr:DataCollectionService: stats => 1688547825371,278125,3988
07-05 11:03:45.385 16666 16815 I BatteryMgr:DataCollectionService: stats => 1688547825385,278125,3988
07-05 11:03:45.398 16666 16815 I BatteryMgr:DataCollectionService: stats => 1688547825398,278125,3988
07-05 11:03:45.412 16666 16815 I BatteryMgr:DataCollectionService: stats => 1688547825412,278125,3988
07-05 11:03:45.426 16666 16815 I BatteryMgr:DataCollectionService: stats => 1688547825426,278125,3988
07-05 11:03:45.439 16666 16815 I BatteryMgr:DataCollectionService: stats => 1688547825439,278125,3988
07-05 11:03:45.452 16666 16815 I BatteryMgr:DataCollectionService: stats => 1688547825452,278125,3988
07-05 11:03:45.465 16666 16815 I BatteryMgr:DataCollectionService: stats => 1688547825465,278125,3988
07-05 11:03:45.478 16666 16815 I BatteryMgr:DataCollectionService: stats => 1688547825478,278125,3988
07-05 11:03:45.492 16666 16815 I BatteryMgr:DataCollectionService: stats => 1688547825492,278125,3988
07-05 11:03:45.505 16666 16815 I BatteryMgr:DataCollectionService: stats => 1688547825505,278125,3988
07-05 11:03:45.519 16666 16815 I BatteryMgr:DataCollectionService: stats => 1688547825519,278125,3988
07-05 11:03:45.532 16666 16815 I BatteryMgr:DataCollectionService: stats => 1688547825532,278125,3988
07-05 11:03:45.546 16666 16815 I BatteryMgr:DataCollectionService: stats => 1688547825546,278125,3988
07-05 11:03:45.559 16666 16815 I BatteryMgr:DataCollectionService: stats => 1688547825559,278125,3988
07-05 11:03:45.573 16666 16815 I BatteryMgr:DataCollectionService: stats => 1688547825573,278125,3988
07-05 11:03:45.586 16666 16815 I BatteryMgr:DataCollectionService: stats => 1688547825586,278125,3988
07-05 11:03:45.600 16666 16815 I BatteryMgr:DataCollectionService: stats => 1688547825600,278125,3988
07-05 11:03:45.613 16666 16815 I BatteryMgr:DataCollectionService: stats => 1688547825613,278125,3988
07-05 11:03:45.627 16666 16815 I BatteryMgr:DataCollectionService: stats => 1688547825627,278125,3988
07-05 11:03:45.640 16666 16815 I BatteryMgr:DataCollectionService: stats => 1688547825640,278125,3988
07-05 11:03:45.654 16666 16815 I BatteryMgr:DataCollectionService: stats => 1688547825654,379687,3988
07-05 11:03:45.667 16666 16815 I BatteryMgr:DataCollectionService: stats => 1688547825667,379687,3988
07-05 11:03:45.681 16666 16815 I BatteryMgr:DataCollectionService: stats => 1688547825681,379687,3988
07-05 11:03:45.695 16666 16815 I BatteryMgr:DataCollectionService: stats => 1688547825695,379687,3988
07-05 11:03:45.708 16666 16815 I BatteryMgr:DataCollectionService: stats => 1688547825708,379687,3988
07-05 11:03:45.721 16666 16815 I BatteryMgr:DataCollectionService: stats => 1688547825721,379687,3988
07-05 11:03:45.735 16666 16815 I BatteryMgr:DataCollectionService: stats => 1688547825735,379687,3988
07-05 11:03:45.748 16666 16815 I BatteryMgr:DataCollectionService: stats => 1688547825748,379687,3988
07-05 11:03:45.762 16666 16815 I BatteryMgr:DataCollectionService: stats => 1688547825762,379687,3988
07-05 11:03:45.776 16666 16815 I BatteryMgr:DataCollectionService: stats => 1688547825775,379687,3988
07-05 11:03:45.789 16666 16815 I BatteryMgr:DataCollectionService: stats => 1688547825789,379687,3988
07-05 11:03:45.802 16666 16815 I BatteryMgr:DataCollectionService: stats => 1688547825802,379687,3988
07-05 11:03:45.817 16666 16815 I BatteryMgr:DataCollectionService: stats => 1688547825817,379687,3988
07-05 11:03:45.830 16666 16815 I BatteryMgr:DataCollectionService: stats => 1688547825830,379687,3988
07-05 11:03:45.844 16666 16815 I BatteryMgr:DataCollectionService: stats => 1688547825844,379687,3988
07-05 11:03:45.858 16666 16815 I BatteryMgr:DataCollectionService: stats => 1688547825858,379687,3988
07-05 11:03:45.871 16666 16815 I BatteryMgr:DataCollectionService: stats => 1688547825871,379687,3988
07-05 11:03:45.884 16666 16815 I BatteryMgr:DataCollectionService: stats => 1688547825884,379687,3988
07-05 11:03:45.898 16666 16815 I BatteryMgr:DataCollectionService: stats => 1688547825898,379687,3988
07-05 11:03:45.911 16666 16815 I BatteryMgr:DataCollectionService: stats => 1688547825911,379687,3988
07-05 11:03:45.924 16666 16815 I BatteryMgr:DataCollectionService: stats => 1688547825924,379687,3988
07-05 11:03:45.939 16666 16815 I BatteryMgr:DataCollectionService: stats => 1688547825939,379687,3988
07-05 11:03:45.953 16666 16815 I BatteryMgr:DataCollectionService: stats => 1688547825952,379687,3988
07-05 11:03:45.966 16666 16815 I BatteryMgr:DataCollectionService: stats => 1688547825966,379687,3988
07-05 11:03:45.979 16666 16815 I BatteryMgr:DataCollectionService: stats => 1688547825979,379687,3988
07-05 11:03:45.993 16666 16815 I BatteryMgr:DataCollectionService: stats => 1688547825993,292812,3988
07-05 11:03:46.007 16666 16815 I BatteryMgr:DataCollectionService: stats => 1688547826007,292812,3988
07-05 11:03:46.021 16666 16815 I BatteryMgr:DataCollectionService: stats => 1688547826021,292812,3988
07-05 11:03:46.035 16666 16815 I BatteryMgr:DataCollectionService: stats => 1688547826035,292812,3988
07-05 11:03:46.048 16666 16815 I BatteryMgr:DataCollectionService: stats => 1688547826048,292812,3988
07-05 11:03:46.060 16666 16815 I BatteryMgr:DataCollectionService: stats => 1688547826060,292812,3988
07-05 11:03:46.074 16666 16815 I BatteryMgr:DataCollectionService: stats => 1688547826074,292812,3988
07-05 11:03:46.087 16666 16815 I BatteryMgr:DataCollectionService: stats => 1688547826087,292812,3988
07-05 11:03:46.101 16666 16815 I BatteryMgr:DataCollectionService: stats => 1688547826101,292812,3988
07-05 11:03:46.115 16666 16815 I BatteryMgr:DataCollectionService: stats => 1688547826115,292812,3988
07-05 11:03:46.129 16666 16815 I BatteryMgr:DataCollectionService: stats => 1688547826129,292812,3988
07-05 11:03:46.143 16666 16815 I BatteryMgr:DataCollectionService: stats => 1688547826143,292812,3988
07-05 11:03:46.156 16666 16815 I BatteryMgr:DataCollectionService: stats => 1688547826156,292812,3988
07-05 11:03:46.169 16666 16815 I BatteryMgr:DataCollectionService: stats => 1688547826169,292812,3988
07-05 11:03:46.183 16666 16815 I BatteryMgr:DataCollectionService: stats => 1688547826183,292812,3988
07-05 11:03:46.196 16666 16815 I BatteryMgr:DataCollectionService: stats => 1688547826196,292812,3988
07-05 11:03:46.210 16666 16815 I BatteryMgr:DataCollectionService: stats => 1688547826210,292812,3988
07-05 11:03:46.224 16666 16815 I BatteryMgr:DataCollectionService: stats => 1688547826224,292812,3988
07-05 11:03:46.237 16666 16815 I BatteryMgr:DataCollectionService: stats => 1688547826237,292812,3988
07-05 11:03:46.250 16666 16815 I BatteryMgr:DataCollectionService: stats => 1688547826250,292812,3988
07-05 11:03:46.263 16666 16815 I BatteryMgr:DataCollectionService: stats => 1688547826263,292812,3988
07-05 11:03:46.277 16666 16815 I BatteryMgr:DataCollectionService: stats => 1688547826277,292812,3988
07-05 11:03:46.290 16666 16815 I BatteryMgr:DataCollectionService: stats => 1688547826290,292812,3988
07-05 11:03:46.304 16666 16815 I BatteryMgr:DataCollectionService: stats => 1688547826304,292812,3988
07-05 11:03:46.317 16666 16815 I BatteryMgr:DataCollectionService: stats => 1688547826317,292812,3988
07-05 11:03:46.330 16666 16815 I BatteryMgr:DataCollectionService: stats => 1688547826330,292812,3988
07-05 11:03:46.343 16666 16815 I BatteryMgr:DataCollectionService: stats => 1688547826343,292812,3988
07-05 11:03:46.356 16666 16815 I BatteryMgr:DataCollectionService: stats => 1688547826356,301250,3988
07-05 11:03:46.370 16666 16815 I BatteryMgr:DataCollectionService: stats => 1688547826370,301250,3988
07-05 11:03:46.384 16666 16815 I BatteryMgr:DataCollectionService: stats => 1688547826383,301250,3988
07-05 11:03:46.398 16666 16815 I BatteryMgr:DataCollectionService: stats => 1688547826398,301250,3988
07-05 11:03:46.411 16666 16815 I BatteryMgr:DataCollectionService: stats => 1688547826411,301250,3988
07-05 11:03:46.425 16666 16815 I BatteryMgr:DataCollectionService: stats => 1688547826425,301250,3988
07-05 11:03:46.438 16666 16815 I BatteryMgr:DataCollectionService: stats => 1688547826438,301250,3988
07-05 11:03:46.451 16666 16815 I BatteryMgr:DataCollectionService: stats => 1688547826451,301250,3988
07-05 11:03:46.465 16666 16815 I BatteryMgr:DataCollectionService: stats => 1688547826464,301250,3988
07-05 11:03:46.478 16666 16815 I BatteryMgr:DataCollectionService: stats => 1688547826478,301250,3988
07-05 11:03:46.491 16666 16815 I BatteryMgr:DataCollectionService: stats => 1688547826491,301250,3988
07-05 11:03:46.505 16666 16815 I BatteryMgr:DataCollectionService: stats => 1688547826505,301250,3988
07-05 11:03:46.518 16666 16815 I BatteryMgr:DataCollectionService: stats => 1688547826518,301250,3988
07-05 11:03:46.531 16666 16815 I BatteryMgr:DataCollectionService: stats => 1688547826531,301250,3988
07-05 11:03:46.544 16666 16815 I BatteryMgr:DataCollectionService: stats => 1688547826544,301250,3988
07-05 11:03:46.558 16666 16815 I BatteryMgr:DataCollectionService: stats => 1688547826558,301250,3988
07-05 11:03:46.571 16666 16815 I BatteryMgr:DataCollectionService: stats => 1688547826571,301250,3988
07-05 11:03:46.585 16666 16815 I BatteryMgr:DataCollectionService: stats => 1688547826585,301250,3988
07-05 11:03:46.599 16666 16815 I BatteryMgr:DataCollectionService: stats => 1688547826599,301250,3988
07-05 11:03:46.613 16666 16815 I BatteryMgr:DataCollectionService: stats => 1688547826613,301250,3988
07-05 11:03:46.627 16666 16815 I BatteryMgr:DataCollectionService: stats => 1688547826627,301250,3988
07-05 11:03:46.640 16666 16815 I BatteryMgr:DataCollectionService: stats => 1688547826640,301250,3988
07-05 11:03:46.653 16666 16815 I BatteryMgr:DataCollectionService: stats => 1688547826653,301250,3988
07-05 11:03:46.668 16666 16815 I BatteryMgr:DataCollectionService: stats => 1688547826668,301250,3988
07-05 11:03:46.681 16666 16815 I BatteryMgr:DataCollectionService: stats => 1688547826681,301250,3988
07-05 11:03:46.694 16666 16815 I BatteryMgr:DataCollectionService: stats => 1688547826694,386562,3988
07-05 11:03:46.709 16666 16815 I BatteryMgr:DataCollectionService: stats => 1688547826709,386562,3988
07-05 11:03:46.722 16666 16815 I BatteryMgr:DataCollectionService: stats => 1688547826722,386562,3988
07-05 11:03:46.736 16666 16815 I BatteryMgr:DataCollectionService: stats => 1688547826736,386562,3988
07-05 11:03:46.749 16666 16815 I BatteryMgr:DataCollectionService: stats => 1688547826749,386562,3988
07-05 11:03:46.762 16666 16815 I BatteryMgr:DataCollectionService: stats => 1688547826762,386562,3988
07-05 11:03:46.776 16666 16815 I BatteryMgr:DataCollectionService: stats => 1688547826776,386562,3988
07-05 11:03:46.789 16666 16815 I BatteryMgr:DataCollectionService: stats => 1688547826789,386562,3988
07-05 11:03:46.803 16666 16815 I BatteryMgr:DataCollectionService: stats => 1688547826803,386562,3988
07-05 11:03:46.816 16666 16815 I BatteryMgr:DataCollectionService: stats => 1688547826816,386562,3988
07-05 11:03:46.830 16666 16815 I BatteryMgr:DataCollectionService: stats => 1688547826830,386562,3988
07-05 11:03:46.844 16666 16815 I BatteryMgr:DataCollectionService: stats => 1688547826843,386562,3988
07-05 11:03:46.857 16666 16815 I BatteryMgr:DataCollectionService: stats => 1688547826857,386562,3988
07-05 11:03:46.871 16666 16815 I BatteryMgr:DataCollectionService: stats => 1688547826871,386562,3988
07-05 11:03:46.882  1502  1502 I EaselThermalMonitor: Cooling Device: mnh cur_state 0 max_state 4
07-05 11:03:46.883  1502  1502 I EaselThermalMonitor: Cooling Device: mnh cur_state 0 max_state 4
07-05 11:03:46.885 16666 16815 I BatteryMgr:DataCollectionService: stats => 1688547826884,386562,3988
07-05 11:03:46.898 16666 16815 I BatteryMgr:DataCollectionService: stats => 1688547826898,386562,3988
07-05 11:03:46.912 16666 16815 I BatteryMgr:DataCollectionService: stats => 1688547826912,386562,3988
07-05 11:03:46.925 16666 16815 I BatteryMgr:DataCollectionService: stats => 1688547826925,386562,3988
07-05 11:03:46.940 16666 16815 I BatteryMgr:DataCollectionService: stats => 1688547826940,386562,3988
07-05 11:03:46.953 16666 16815 I BatteryMgr:DataCollectionService: stats => 1688547826953,386562,3988
07-05 11:03:46.966 16666 16815 I BatteryMgr:DataCollectionService: stats => 1688547826966,386562,3988
07-05 11:03:46.980 16666 16815 I BatteryMgr:DataCollectionService: stats => 1688547826980,386562,3988
07-05 11:03:46.993 16666 16815 I BatteryMgr:DataCollectionService: stats => 1688547826993,386562,3988
07-05 11:03:47.007 16666 16815 I BatteryMgr:DataCollectionService: stats => 1688547827007,386562,3988
07-05 11:03:47.021 16666 16815 I BatteryMgr:DataCollectionService: stats => 1688547827020,386562,3988
07-05 11:03:47.029  1871  2225 D ConnectivityService: NetReassign [no changes] [c 1] [a 0] [i 5]
07-05 11:03:47.035 16666 16815 I BatteryMgr:DataCollectionService: stats => 1688547827035,386562,3988
07-05 11:03:47.048 16666 16815 I BatteryMgr:DataCollectionService: stats => 1688547827048,352500,3988
07-05 11:03:47.061 16666 16815 I BatteryMgr:DataCollectionService: stats => 1688547827061,352500,3988
07-05 11:03:47.075 16666 16815 I BatteryMgr:DataCollectionService: stats => 1688547827075,352500,3988
07-05 11:03:47.089 16666 16815 I BatteryMgr:DataCollectionService: stats => 1688547827089,352500,3988
07-05 11:03:47.102 16666 16815 I BatteryMgr:DataCollectionService: stats => 1688547827102,352500,3988
07-05 11:03:47.115 16666 16815 I BatteryMgr:DataCollectionService: stats => 1688547827115,352500,3988
07-05 11:03:47.130 16666 16815 I BatteryMgr:DataCollectionService: stats => 1688547827130,352500,3988
07-05 11:03:47.144 16666 16815 I BatteryMgr:DataCollectionService: stats => 1688547827144,352500,3988
07-05 11:03:47.157 16666 16815 I BatteryMgr:DataCollectionService: stats => 1688547827157,352500,3988
07-05 11:03:47.171 16666 16815 I BatteryMgr:DataCollectionService: stats => 1688547827171,352500,3988
07-05 11:03:47.185 16666 16815 I BatteryMgr:DataCollectionService: stats => 1688547827184,352500,3988
07-05 11:03:47.198 16666 16815 I BatteryMgr:DataCollectionService: stats => 1688547827198,352500,3988
07-05 11:03:47.212 16666 16815 I BatteryMgr:DataCollectionService: stats => 1688547827212,352500,3988
