07-05 12:06:42.439  1257  2034 E CamX    : [ERROR][STATS_AEC] camxcaecstatsprocessor.cpp:1757 PopulatePropPoolFrameControl() Invalid exposure parameters: gain: 0.000000, exposureTime: 0
07-05 12:06:42.449  1257  2034 D CamX    : [DEBUG][STATS_AWB] camxcawbstatsprocessor.cpp:749 SetOperationModetoAlgo() Mode set to Algo: 1
07-05 12:06:42.452  1271  1271 I sensors-hal: flush_physical_sensor:328, android.sensor.gyroscope/41
07-05 12:06:42.452  1271  1271 I sensors-hal: flush_physical_sensor:336, android.sensor.gyroscope/41 completed
07-05 12:06:42.456  1257  2030 I android.hardware.camera.provider@2.4-service_64: [GOOG_STATS] PDAF wrapper is successfully initialized
07-05 12:06:42.456  1257  2030 I android.hardware.camera.provider@2.4-service_64: [GOOG_STATS] PDAF infinity DAC = 978, macro DAC = 2980, image bits = 8
07-05 12:06:42.456  1257  2030 I android.hardware.camera.provider@2.4-service_64: [GOOG_STATS] doDefaultPDProcess = 0
07-05 12:06:42.456  1257  2030 I android.hardware.camera.provider@2.4-service_64: [GOOG_STATS] Calling QC PDLibInitialize: run on sparse PD = 1
07-05 12:06:42.457  1271  1340 I VSC     : @ 8840.856: {Fusion} configure fusion 9 19230us 0us.
07-05 12:06:42.457  1271  1340 D VSC     : @ 8840.856: [Gravity Sensor] Request accel, interval 19.2 ms, latency 0.0 ms
07-05 12:06:42.459  1271  1340 D VSC     : @ 8840.857: [Gravity Sensor] Request gyro, interval 5.0 ms, latency 0.0 ms
07-05 12:06:42.460  1257 22008 I native  : flicker_wrapper.cc:82 FlickerCreate
07-05 12:06:42.460  1257 22008 I native  : flicker_wrapper.cc:87 Using default flicker parameters.
07-05 12:06:42.466  1271  1340 D ASH     : @ 8840.865: SensorType 1 resampler quality 3
07-05 12:06:42.481  1271  1340 D ASH     : @ 8840.880: SensorType 195 resampler quality 2
07-05 12:06:42.483  1257  2034 I GoogSensorSync: GoogSensorSync 67 Sensor sync camera ID: 1
07-05 12:06:42.484  1257  2034 I GoogSensorSync: GetSensorHandle 109 handle for 1 is found.
07-05 12:06:42.485  1271  1271 I sensors-hal: batch_physical_sensor:285, com.google.sensor.camera_vsync/11053, period=5000000, max_latency=0
07-05 12:06:42.485  1271  1271 I sensors-hal: batch_physical_sensor:296, com.google.sensor.camera_vsync/11053, period=5000000, max_latency=0 request completed
07-05 12:06:42.485  1271  1271 I sensors-hal: activate_physical_sensor:220, com.google.sensor.camera_vsync/11053 en=1
07-05 12:06:42.486  1271  1271 I sensors-hal: get_qmi_debug_flag:245, support_qmi_debug : false
07-05 12:06:42.486  1271  1271 I sensors-hal: activate_physical_sensor:233, com.google.sensor.camera_vsync/11053 en=1 completed
07-05 12:06:42.493  1271  1271 I sensors-hal: flush_physical_sensor:328, android.sensor.gyroscope/41
07-05 12:06:42.493  1271  1271 I sensors-hal: flush_physical_sensor:336, android.sensor.gyroscope/41 completed
07-05 12:06:42.504  1257  2034 E CamX    : [ERROR][STATS_AEC] aec_set.cpp:1586: aec_set_init_chromatix_sensor aec_set_init_chromatix_sensor is called before LoadTuning
07-05 12:06:42.504  1257  2034 E CamX    : [ERROR][STATS_AEC] aec_get.cpp:575: aec_get_param Wrong sequence! Get exposure before AE init idx=-1
07-05 12:06:42.504  1257  2034 E CamX    : [ERROR][STATS_AEC] camxae.cpp:1801: AecGetStartExposure aec get parameter failed
07-05 12:06:42.504  1257  2034 E CamX    : [ERROR][STATS_AEC] camxcaecstatsprocessor.cpp:1757 PopulatePropPoolFrameControl() Invalid exposure parameters: gain: 0.000000, exposureTime: 0
07-05 12:06:42.514  1257  2034 D CamX    : [DEBUG][STATS_AWB] camxcawbstatsprocessor.cpp:749 SetOperationModetoAlgo() Mode set to Algo: 1
07-05 12:06:42.528  1257  2034 I GoogSensorSync: GoogSensorSync 67 Sensor sync camera ID: 2
07-05 12:06:42.529  1257  2034 I GoogSensorSync: GetSensorHandle 109 handle for 2 is found.
07-05 12:06:42.530  1271  1271 I sensors-hal: batch_physical_sensor:285, com.google.sensor.camera_vsync/11055, period=5000000, max_latency=0
07-05 12:06:42.530  1271  1271 I sensors-hal: batch_physical_sensor:296, com.google.sensor.camera_vsync/11055, period=5000000, max_latency=0 request completed
07-05 12:06:42.530  1271  1271 I sensors-hal: activate_physical_sensor:220, com.google.sensor.camera_vsync/11055 en=1
07-05 12:06:42.531  1271  1271 I sensors-hal: get_qmi_debug_flag:245, support_qmi_debug : false
07-05 12:06:42.531  1271  1271 I sensors-hal: activate_physical_sensor:233, com.google.sensor.camera_vsync/11055 en=1 completed
07-05 12:06:42.531  1257  2034 I CHIUSECASE: Build: building a session with pipeline for camera id 1
07-05 12:06:42.531  1257  2034 I CHIUSECASE: Build: building a session with pipeline for camera id 2
07-05 12:06:42.544  1257  2034 I GoogSensorSync: GoogSensorSync 67 Sensor sync camera ID: 1
07-05 12:06:42.545  1257  2034 I GoogSensorSync: GetSensorHandle 109 handle for 1 is found.
07-05 12:06:42.548  1257  2034 I GoogSensorSync: GoogSensorSync 67 Sensor sync camera ID: 2
07-05 12:06:42.549  1257  2034 I GoogSensorSync: GetSensorHandle 109 handle for 2 is found.
07-05 12:06:42.549  1257  2034 I CHIUSECASE: UpdateBufferManagementSupportVersion: ANDROID_INFO_SUPPORTED_BUFFER_MANAGEMENT_VERSION = 0
07-05 12:06:42.550  1257  2034 I CHIUSECASE: InitializeStreamBufferCacheManager: Creating stream buffer cache manager for stream 0x78211ae008.
07-05 12:06:42.550  1257  2034 I CHIUSECASE: StreamBufferCache: reserved buffer will be allocated during signaled stream configured. 
07-05 12:06:42.551  1257  2034 I CHIUSECASE: StreamBufferCache: StreamBufferCache successfully created for stream 0x78211ae008 capacity 1
07-05 12:06:42.551  1257  2034 D CHIUSECASE: Create: Initialized Google use case successfully.
07-05 12:06:42.553  1454 21969 D Camera3-Device: Set real time priority for request queue thread (tid 21969)
07-05 12:06:42.553  1257 12210 I CHIUSECASE: UpdateBufferManagementSupportVersion: ANDROID_INFO_SUPPORTED_BUFFER_MANAGEMENT_VERSION = 0
07-05 12:06:42.553  1257 12210 I CHIUSECASE: SignalStreamConfigured: StreamBufferCacheManager allocated reserved buffer for stream 0x78211ae008.
07-05 12:06:42.553  1257 12210 I CHIUSECASE: ExecuteCaptureRequest: stream 0x78211ae008 first request arrived. Signal for stream configuration complete.
07-05 12:06:42.553  1257 12210 I CHIUSECASE: SubmitRequest: ActivatePipeline camera id 1
07-05 12:06:42.558  1871  3681 W InputManager-JNI: Input channel object '5999b8b Splash Screen e.www.cameratest (client)' was disposed without first being removed with the input manager!
07-05 12:06:42.566  1271 22011 I sensors-hal: handle_indication_realtime:456,  SCHED_FIFO(10) for qmi_cbk
07-05 12:06:42.572  1257 12210 D CHIUSECASE: ModifyPipelineRequest: First request with preview intent. ZSL starts.
07-05 12:06:42.573  1257  2030 D CamX    : [DEBUG][STATS  ] camxae.cpp:2297 AECLoadTuning() load tuning(cameraID,SensorMode,Usecase)=(1,0,0),opMode=2, name:IMX355 Full
07-05 12:06:42.699  1257  2027 E android.hardware.camera.provider@2.4-service_64: Failed to obtain metadata value of lens_vcm_position for frame 1 because data pointer is null.
07-05 12:06:42.699  1257  2027 E goog_warping: Cannot get per-frame metadata.
07-05 12:06:42.718  2530  2530 I WallpaperService: engine paused
07-05 12:06:42.725  1257  2033 I CHIUSECASE: UpdateResultAndInflightRequests: all inflight requests have been processed. Notify stream buffer cache manager to flush.
07-05 12:06:42.725  1257 22016 I CHIUSECASE: RefillReturnThreadLoop: StreamBufferCacheManager flushed SBC for stream 0x78211ae008.
07-05 12:06:42.875  1257 21989 I libgcam : [viewfinder.cc:80]: Smart Metering: Invalidating background AE results (7087.373 seconds old).
07-05 12:06:42.882  1257 21993 I libgcam : [viewfinder.cc:80]: Smart Metering: Invalidating background AE results (7087.380 seconds old).
07-05 12:06:43.191 22022 22022 D ProcessState: Binder ioctl to enable oneway spam detection failed: Invalid argument
07-05 12:06:43.598 22038 22038 D ProcessState: Binder ioctl to enable oneway spam detection failed: Invalid argument
07-05 12:06:43.602  1871  3681 I ActivityManager: Background started FGS: Allowed [callingPackage: com.android.shell; callingUid: 2000; uidState: NONE; intent: Intent { cmp=com.example.batterymanager_utility/.DataCollectionService (has extras) }; code:SYSTEM_UID; tempAllowListReason:<,reasonCode:SYSTEM_ALLOW_LISTED,duration:9223372036854775807,callingUid:-1>; targetSdkVersion:33; callerTargetSdkVersion:-1; startForegroundCount:0; bindFromPackage:null]
07-05 12:06:43.611 21895 21895 I BatteryMgr:DataCollectionService: onStartCommand: begin
07-05 12:06:43.611 21895 21895 I BatteryMgr:DataCollectionService: onStartCommand: sampleRate => 10
07-05 12:06:43.611 21895 21895 I BatteryMgr:DataCollectionService: onStartCommand: rawFields => Timestamp,BATTERY_PROPERTY_CURRENT_NOW,EXTRA_VOLTAGE
07-05 12:06:43.612 21895 21895 I BatteryMgr:DataCollectionService: onStartCommand: notification done
07-05 12:06:43.615 21895 21895 I BatteryMgr:DataCollectionService: started foreground
07-05 12:06:43.621  1871  2225 D ConnectivityService: NetReassign [no changes] [c 0] [a 0] [i 2]
07-05 12:06:43.624 21895 22041 I BatteryMgr:DataCollectionService: collectData: begin
07-05 12:06:43.627 21895 22041 I BatteryMgr:DataCollectionService: stats => 1688551603626,663125,4009
07-05 12:06:43.640 21895 22041 I BatteryMgr:DataCollectionService: stats => 1688551603640,663125,4009
07-05 12:06:43.655 21895 22041 I BatteryMgr:DataCollectionService: stats => 1688551603653,663125,4009
07-05 12:06:43.669 21895 22041 I BatteryMgr:DataCollectionService: stats => 1688551603669,663125,4009
07-05 12:06:43.683 21895 22041 I BatteryMgr:DataCollectionService: stats => 1688551603683,663125,4009
07-05 12:06:43.697 21895 22041 I BatteryMgr:DataCollectionService: stats => 1688551603697,663125,4009
07-05 12:06:43.710 21895 22041 I BatteryMgr:DataCollectionService: stats => 1688551603710,663125,4009
07-05 12:06:43.725 21895 22041 I BatteryMgr:DataCollectionService: stats => 1688551603725,663125,4009
07-05 12:06:43.740 21895 22041 I BatteryMgr:DataCollectionService: stats => 1688551603739,663125,4009
07-05 12:06:43.754 21895 22041 I BatteryMgr:DataCollectionService: stats => 1688551603753,663125,4009
07-05 12:06:43.767 21895 22041 I BatteryMgr:DataCollectionService: stats => 1688551603767,663125,4009
07-05 12:06:43.780 21895 22041 I BatteryMgr:DataCollectionService: stats => 1688551603780,663125,4009
07-05 12:06:43.796 21895 22041 I BatteryMgr:DataCollectionService: stats => 1688551603796,663125,4009
07-05 12:06:43.812 21895 22041 I BatteryMgr:DataCollectionService: stats => 1688551603812,663125,4009
07-05 12:06:43.827 21895 22041 I BatteryMgr:DataCollectionService: stats => 1688551603827,663125,4009
07-05 12:06:43.843 21895 22041 I BatteryMgr:DataCollectionService: stats => 1688551603843,560937,4009
07-05 12:06:43.858 21895 22041 I BatteryMgr:DataCollectionService: stats => 1688551603858,560937,4009
07-05 12:06:43.874 21895 22041 I BatteryMgr:DataCollectionService: stats => 1688551603874,560937,4009
07-05 12:06:43.891 21895 22041 I BatteryMgr:DataCollectionService: stats => 1688551603891,560937,4009
07-05 12:06:43.907 21895 22041 I BatteryMgr:DataCollectionService: stats => 1688551603907,560937,4009
07-05 12:06:43.922 21895 22041 I BatteryMgr:DataCollectionService: stats => 1688551603921,560937,4009
07-05 12:06:43.936 21895 22041 I BatteryMgr:DataCollectionService: stats => 1688551603936,560937,4009
07-05 12:06:43.951 21895 22041 I BatteryMgr:DataCollectionService: stats => 1688551603951,560937,4009
07-05 12:06:43.967 21895 22041 I BatteryMgr:DataCollectionService: stats => 1688551603967,560937,4009
07-05 12:06:43.982 21895 22041 I BatteryMgr:DataCollectionService: stats => 1688551603982,560937,4009
07-05 12:06:43.998 21895 22041 I BatteryMgr:DataCollectionService: stats => 1688551603998,560937,4009
07-05 12:06:44.015 21895 22041 I BatteryMgr:DataCollectionService: stats => 1688551604014,560937,4009
07-05 12:06:44.030 21895 22041 I BatteryMgr:DataCollectionService: stats => 1688551604030,560937,4009
07-05 12:06:44.045 21895 22041 I BatteryMgr:DataCollectionService: stats => 1688551604045,560937,4009
07-05 12:06:44.061 21895 22041 I BatteryMgr:DataCollectionService: stats => 1688551604061,560937,4009
07-05 12:06:44.076 21895 22041 I BatteryMgr:DataCollectionService: stats => 1688551604076,560937,4009
07-05 12:06:44.091 21895 22041 I BatteryMgr:DataCollectionService: stats => 1688551604091,560937,4009
07-05 12:06:44.105 21895 22041 I BatteryMgr:DataCollectionService: stats => 1688551604105,560937,4009
07-05 12:06:44.120 21895 22041 I BatteryMgr:DataCollectionService: stats => 1688551604120,560937,4009
07-05 12:06:44.134 21895 22041 I BatteryMgr:DataCollectionService: stats => 1688551604134,560937,4009
07-05 12:06:44.149 21895 22041 I BatteryMgr:DataCollectionService: stats => 1688551604149,560937,4009
07-05 12:06:44.163 21895 22041 I BatteryMgr:DataCollectionService: stats => 1688551604163,560937,4009
07-05 12:06:44.178 21895 22041 I BatteryMgr:DataCollectionService: stats => 1688551604178,560937,4009
07-05 12:06:44.193 21895 22041 I BatteryMgr:DataCollectionService: stats => 1688551604193,454375,4009
07-05 12:06:44.208 21895 22041 I BatteryMgr:DataCollectionService: stats => 1688551604208,454375,4009
07-05 12:06:44.222 21895 22041 I BatteryMgr:DataCollectionService: stats => 1688551604222,454375,4009
07-05 12:06:44.237 21895 22041 I BatteryMgr:DataCollectionService: stats => 1688551604237,454375,4009
07-05 12:06:44.252 21895 22041 I BatteryMgr:DataCollectionService: stats => 1688551604252,454375,4009
07-05 12:06:44.267 21895 22041 I BatteryMgr:DataCollectionService: stats => 1688551604267,454375,4009
07-05 12:06:44.281 21895 22041 I BatteryMgr:DataCollectionService: stats => 1688551604280,454375,4009
07-05 12:06:44.295 21895 22041 I BatteryMgr:DataCollectionService: stats => 1688551604295,454375,4009
07-05 12:06:44.310 21895 22041 I BatteryMgr:DataCollectionService: stats => 1688551604310,454375,4009
07-05 12:06:44.325 21895 22041 I BatteryMgr:DataCollectionService: stats => 1688551604325,454375,4009
07-05 12:06:44.326 21895 22049 D ProfileInstaller: Installing profile for com.example.batterymanager_utility
07-05 12:06:44.341 21895 22041 I BatteryMgr:DataCollectionService: stats => 1688551604341,454375,4009
07-05 12:06:44.355 21895 22041 I BatteryMgr:DataCollectionService: stats => 1688551604355,454375,4009
07-05 12:06:44.369 21895 22041 I BatteryMgr:DataCollectionService: stats => 1688551604369,454375,4009
07-05 12:06:44.379  1502  1502 I EaselThermalMonitor: Cooling Device: mnh cur_state 0 max_state 4
07-05 12:06:44.382  1502  1502 I EaselThermalMonitor: Cooling Device: mnh cur_state 0 max_state 4
07-05 12:06:44.384 21895 22041 I BatteryMgr:DataCollectionService: stats => 1688551604384,454375,4009
07-05 12:06:44.398 21895 22041 I BatteryMgr:DataCollectionService: stats => 1688551604398,454375,4009
07-05 12:06:44.413 21895 22041 I BatteryMgr:DataCollectionService: stats => 1688551604413,454375,4009
07-05 12:06:44.427 21895 22041 I BatteryMgr:DataCollectionService: stats => 1688551604427,454375,4009
07-05 12:06:44.442 21895 22041 I BatteryMgr:DataCollectionService: stats => 1688551604442,454375,4009
07-05 12:06:44.456 21895 22041 I BatteryMgr:DataCollectionService: stats => 1688551604456,454375,4009
07-05 12:06:44.471 21895 22041 I BatteryMgr:DataCollectionService: stats => 1688551604471,454375,4009
07-05 12:06:44.486 21895 22041 I BatteryMgr:DataCollectionService: stats => 1688551604486,454375,4009
07-05 12:06:44.501 21895 22041 I BatteryMgr:DataCollectionService: stats => 1688551604501,454375,4009
07-05 12:06:44.516 21895 22041 I BatteryMgr:DataCollectionService: stats => 1688551604516,454375,4009
07-05 12:06:44.530 21895 22041 I BatteryMgr:DataCollectionService: stats => 1688551604530,454375,4009
07-05 12:06:44.546 21895 22041 I BatteryMgr:DataCollectionService: stats => 1688551604546,480312,4009
07-05 12:06:44.561 21895 22041 I BatteryMgr:DataCollectionService: stats => 1688551604561,480312,4009
07-05 12:06:44.574 21895 22041 I BatteryMgr:DataCollectionService: stats => 1688551604574,480312,4009
07-05 12:06:44.587 21895 22041 I BatteryMgr:DataCollectionService: stats => 1688551604587,480312,4009
07-05 12:06:44.601 21895 22041 I BatteryMgr:DataCollectionService: stats => 1688551604601,480312,4009
07-05 12:06:44.615 21895 22041 I BatteryMgr:DataCollectionService: stats => 1688551604615,480312,4009
07-05 12:06:44.629 21895 22041 I BatteryMgr:DataCollectionService: stats => 1688551604629,480312,4009
07-05 12:06:44.644 21895 22041 I BatteryMgr:DataCollectionService: stats => 1688551604644,480312,4009
07-05 12:06:44.659 21895 22041 I BatteryMgr:DataCollectionService: stats => 1688551604659,480312,4009
07-05 12:06:44.674 21895 22041 I BatteryMgr:DataCollectionService: stats => 1688551604674,480312,4009
07-05 12:06:44.689 21895 22041 I BatteryMgr:DataCollectionService: stats => 1688551604689,480312,4009
07-05 12:06:44.703 21895 22041 I BatteryMgr:DataCollectionService: stats => 1688551604703,480312,4009
07-05 12:06:44.716 21895 22041 I BatteryMgr:DataCollectionService: stats => 1688551604716,480312,4009
07-05 12:06:44.731 21895 22041 I BatteryMgr:DataCollectionService: stats => 1688551604731,480312,4009
07-05 12:06:44.745 21895 22041 I BatteryMgr:DataCollectionService: stats => 1688551604745,480312,4009
07-05 12:06:44.760 21895 22041 I BatteryMgr:DataCollectionService: stats => 1688551604760,480312,4009
07-05 12:06:44.775 21895 22041 I BatteryMgr:DataCollectionService: stats => 1688551604775,480312,4009
07-05 12:06:44.790 21895 22041 I BatteryMgr:DataCollectionService: stats => 1688551604790,480312,4009
07-05 12:06:44.804 21895 22041 I BatteryMgr:DataCollectionService: stats => 1688551604804,480312,4009
07-05 12:06:44.818 21895 22041 I BatteryMgr:DataCollectionService: stats => 1688551604818,480312,4009
07-05 12:06:44.833 21895 22041 I BatteryMgr:DataCollectionService: stats => 1688551604833,480312,4009
07-05 12:06:44.847 21895 22041 I BatteryMgr:DataCollectionService: stats => 1688551604847,480312,4009
07-05 12:06:44.862 21895 22041 I BatteryMgr:DataCollectionService: stats => 1688551604862,480312,4009
07-05 12:06:44.877 21895 22041 I BatteryMgr:DataCollectionService: stats => 1688551604877,480312,4009
07-05 12:06:44.891 21895 22041 I BatteryMgr:DataCollectionService: stats => 1688551604890,541250,4009
07-05 12:06:44.905 21895 22041 I BatteryMgr:DataCollectionService: stats => 1688551604905,541250,4009
07-05 12:06:44.920 21895 22041 I BatteryMgr:DataCollectionService: stats => 1688551604920,541250,4009
07-05 12:06:44.935 21895 22041 I BatteryMgr:DataCollectionService: stats => 1688551604934,541250,4009
07-05 12:06:44.949 21895 22041 I BatteryMgr:DataCollectionService: stats => 1688551604949,541250,4009
07-05 12:06:44.964 21895 22041 I BatteryMgr:DataCollectionService: stats => 1688551604964,541250,4009
07-05 12:06:44.978 21895 22041 I BatteryMgr:DataCollectionService: stats => 1688551604978,541250,4009
07-05 12:06:44.992 21895 22041 I BatteryMgr:DataCollectionService: stats => 1688551604992,541250,4009
07-05 12:06:45.006 21895 22041 I BatteryMgr:DataCollectionService: stats => 1688551605006,541250,4009
07-05 12:06:45.020 21895 22041 I BatteryMgr:DataCollectionService: stats => 1688551605020,541250,4009
07-05 12:06:45.034 21895 22041 I BatteryMgr:DataCollectionService: stats => 1688551605034,541250,4009
07-05 12:06:45.049 21895 22041 I BatteryMgr:DataCollectionService: stats => 1688551605049,541250,4009
07-05 12:06:45.064 21895 22041 I BatteryMgr:DataCollectionService: stats => 1688551605064,541250,4009
07-05 12:06:45.078 21895 22041 I BatteryMgr:DataCollectionService: stats => 1688551605078,541250,4009
07-05 12:06:45.092 21895 22041 I BatteryMgr:DataCollectionService: stats => 1688551605092,541250,4009
07-05 12:06:45.107 21895 22041 I BatteryMgr:DataCollectionService: stats => 1688551605107,541250,4009
07-05 12:06:45.122 21895 22041 I BatteryMgr:DataCollectionService: stats => 1688551605122,541250,4009
07-05 12:06:45.137 21895 22041 I BatteryMgr:DataCollectionService: stats => 1688551605137,541250,4009
07-05 12:06:45.152 21895 22041 I BatteryMgr:DataCollectionService: stats => 1688551605152,541250,4009
07-05 12:06:45.166 21895 22041 I BatteryMgr:DataCollectionService: stats => 1688551605166,541250,4009
07-05 12:06:45.181 21895 22041 I BatteryMgr:DataCollectionService: stats => 1688551605180,541250,4009
07-05 12:06:45.195 21895 22041 I BatteryMgr:DataCollectionService: stats => 1688551605195,541250,4009
07-05 12:06:45.210 21895 22041 I BatteryMgr:DataCollectionService: stats => 1688551605210,541250,4009
07-05 12:06:45.225 21895 22041 I BatteryMgr:DataCollectionService: stats => 1688551605225,541250,4009
07-05 12:06:45.240 21895 22041 I BatteryMgr:DataCollectionService: stats => 1688551605240,541250,4009
07-05 12:06:45.255 21895 22041 I BatteryMgr:DataCollectionService: stats => 1688551605255,461250,4009
07-05 12:06:45.270 21895 22041 I BatteryMgr:DataCollectionService: stats => 1688551605270,461250,4009
07-05 12:06:45.285 21895 22041 I BatteryMgr:DataCollectionService: stats => 1688551605285,461250,4009
07-05 12:06:45.300 21895 22041 I BatteryMgr:DataCollectionService: stats => 1688551605300,461250,4009
07-05 12:06:45.314 21895 22041 I BatteryMgr:DataCollectionService: stats => 1688551605314,461250,4009
07-05 12:06:45.329 21895 22041 I BatteryMgr:DataCollectionService: stats => 1688551605329,461250,4009
07-05 12:06:45.344 21895 22041 I BatteryMgr:DataCollectionService: stats => 1688551605344,461250,4009
07-05 12:06:45.359 21895 22041 I BatteryMgr:DataCollectionService: stats => 1688551605359,461250,4009
07-05 12:06:45.373 21895 22041 I BatteryMgr:DataCollectionService: stats => 1688551605373,461250,4009
07-05 12:06:45.388 21895 22041 I BatteryMgr:DataCollectionService: stats => 1688551605388,461250,4009
07-05 12:06:45.401 21895 22041 I BatteryMgr:DataCollectionService: stats => 1688551605401,461250,4009
07-05 12:06:45.415 21895 22041 I BatteryMgr:DataCollectionService: stats => 1688551605415,461250,4009
07-05 12:06:45.430 21895 22041 I BatteryMgr:DataCollectionService: stats => 1688551605430,461250,4009
07-05 12:06:45.444 21895 22041 I BatteryMgr:DataCollectionService: stats => 1688551605444,461250,4009
07-05 12:06:45.459 21895 22041 I BatteryMgr:DataCollectionService: stats => 1688551605459,461250,4009
07-05 12:06:45.474 21895 22041 I BatteryMgr:DataCollectionService: stats => 1688551605474,461250,4009
07-05 12:06:45.489 21895 22041 I BatteryMgr:DataCollectionService: stats => 1688551605488,461250,4009
07-05 12:06:45.503 21895 22041 I BatteryMgr:DataCollectionService: stats => 1688551605503,461250,4009
07-05 12:06:45.518 21895 22041 I BatteryMgr:DataCollectionService: stats => 1688551605518,461250,4009
07-05 12:06:45.532 21895 22041 I BatteryMgr:DataCollectionService: stats => 1688551605532,461250,4009
07-05 12:06:45.547 21895 22041 I BatteryMgr:DataCollectionService: stats => 1688551605547,461250,4009
07-05 12:06:45.562 21895 22041 I BatteryMgr:DataCollectionService: stats => 1688551605561,461250,4009
07-05 12:06:45.576 21895 22041 I BatteryMgr:DataCollectionService: stats => 1688551605576,461250,4009
07-05 12:06:45.590 21895 22041 I BatteryMgr:DataCollectionService: stats => 1688551605590,476562,4009
07-05 12:06:45.604 21895 22041 I BatteryMgr:DataCollectionService: stats => 1688551605604,476562,4009
07-05 12:06:45.618 21895 22041 I BatteryMgr:DataCollectionService: stats => 1688551605618,476562,4009
07-05 12:06:45.633 21895 22041 I BatteryMgr:DataCollectionService: stats => 1688551605633,476562,4009
07-05 12:06:45.648 21895 22041 I BatteryMgr:DataCollectionService: stats => 1688551605648,476562,4009
07-05 12:06:45.663 21895 22041 I BatteryMgr:DataCollectionService: stats => 1688551605663,476562,4009
07-05 12:06:45.678 21895 22041 I BatteryMgr:DataCollectionService: stats => 1688551605678,476562,4009
07-05 12:06:45.693 21895 22041 I BatteryMgr:DataCollectionService: stats => 1688551605693,476562,4009
07-05 12:06:45.708 21895 22041 I BatteryMgr:DataCollectionService: stats => 1688551605708,476562,4009
07-05 12:06:45.722 21895 22041 I BatteryMgr:DataCollectionService: stats => 1688551605722,476562,4009
07-05 12:06:45.736 21895 22041 I BatteryMgr:DataCollectionService: stats => 1688551605736,476562,4009
07-05 12:06:45.750 21895 22041 I BatteryMgr:DataCollectionService: stats => 1688551605750,476562,4009
07-05 12:06:45.764 21895 22041 I BatteryMgr:DataCollectionService: stats => 1688551605764,476562,4009
07-05 12:06:45.779 21895 22041 I BatteryMgr:DataCollectionService: stats => 1688551605779,476562,4009
07-05 12:06:45.794 21895 22041 I BatteryMgr:DataCollectionService: stats => 1688551605794,476562,4009
07-05 12:06:45.808 21895 22041 I BatteryMgr:DataCollectionService: stats => 1688551605808,476562,4009
07-05 12:06:45.822 21895 22041 I BatteryMgr:DataCollectionService: stats => 1688551605822,476562,4009
07-05 12:06:45.836 21895 22041 I BatteryMgr:DataCollectionService: stats => 1688551605836,476562,4009
07-05 12:06:45.851 21895 22041 I BatteryMgr:DataCollectionService: stats => 1688551605851,476562,4009
07-05 12:06:45.866 21895 22041 I BatteryMgr:DataCollectionService: stats => 1688551605866,476562,4009
07-05 12:06:45.881 21895 22041 I BatteryMgr:DataCollectionService: stats => 1688551605881,476562,4009
07-05 12:06:45.896 21895 22041 I BatteryMgr:DataCollectionService: stats => 1688551605896,476562,4009
07-05 12:06:45.910 21895 22041 I BatteryMgr:DataCollectionService: stats => 1688551605910,476562,4009
07-05 12:06:45.924 21895 22041 I BatteryMgr:DataCollectionService: stats => 1688551605924,476562,4009
07-05 12:06:45.939 21895 22041 I BatteryMgr:DataCollectionService: stats => 1688551605939,476562,4009
07-05 12:06:45.954 21895 22041 I BatteryMgr:DataCollectionService: stats => 1688551605954,452187,4009
07-05 12:06:45.969 21895 22041 I BatteryMgr:DataCollectionService: stats => 1688551605968,452187,4009
07-05 12:06:45.983 21895 22041 I BatteryMgr:DataCollectionService: stats => 1688551605983,452187,4009
07-05 12:06:45.998 21895 22041 I BatteryMgr:DataCollectionService: stats => 1688551605998,452187,4009
07-05 12:06:46.011 21895 22041 I BatteryMgr:DataCollectionService: stats => 1688551606011,452187,4009
07-05 12:06:46.026 21895 22041 I BatteryMgr:DataCollectionService: stats => 1688551606026,452187,4009
07-05 12:06:46.041 21895 22041 I BatteryMgr:DataCollectionService: stats => 1688551606041,452187,4009
07-05 12:06:46.056 21895 22041 I BatteryMgr:DataCollectionService: stats => 1688551606056,452187,4009
07-05 12:06:46.070 21895 22041 I BatteryMgr:DataCollectionService: stats => 1688551606070,452187,4009
07-05 12:06:46.085 21895 22041 I BatteryMgr:DataCollectionService: stats => 1688551606085,452187,4009
07-05 12:06:46.099 21895 22041 I BatteryMgr:DataCollectionService: stats => 1688551606099,452187,4009
07-05 12:06:46.114 21895 22041 I BatteryMgr:DataCollectionService: stats => 1688551606114,452187,4009
07-05 12:06:46.128 21895 22041 I BatteryMgr:DataCollectionService: stats => 1688551606128,452187,4009
07-05 12:06:46.143 21895 22041 I BatteryMgr:DataCollectionService: stats => 1688551606143,452187,4009
07-05 12:06:46.158 21895 22041 I BatteryMgr:DataCollectionService: stats => 1688551606158,452187,4009
07-05 12:06:46.172 21895 22041 I BatteryMgr:DataCollectionService: stats => 1688551606172,452187,4009
07-05 12:06:46.187 21895 22041 I BatteryMgr:DataCollectionService: stats => 1688551606187,452187,4009
07-05 12:06:46.200 21895 22041 I BatteryMgr:DataCollectionService: stats => 1688551606200,452187,4009
07-05 12:06:46.214 21895 22041 I BatteryMgr:DataCollectionService: stats => 1688551606214,452187,4009
07-05 12:06:46.228 21895 22041 I BatteryMgr:DataCollectionService: stats => 1688551606228,452187,4009
07-05 12:06:46.243 21895 22041 I BatteryMgr:DataCollectionService: stats => 1688551606243,452187,4009
07-05 12:06:46.258 21895 22041 I BatteryMgr:DataCollectionService: stats => 1688551606258,452187,4009
07-05 12:06:46.273 21895 22041 I BatteryMgr:DataCollectionService: stats => 1688551606273,452187,4009
07-05 12:06:46.287 21895 22041 I BatteryMgr:DataCollectionService: stats => 1688551606287,469687,4009
07-05 12:06:46.301 21895 22041 I BatteryMgr:DataCollectionService: stats => 1688551606301,469687,4009
07-05 12:06:46.315 21895 22041 I BatteryMgr:DataCollectionService: stats => 1688551606315,469687,4009
07-05 12:06:46.329 21895 22041 I BatteryMgr:DataCollectionService: stats => 1688551606329,469687,4009
07-05 12:06:46.344 21895 22041 I BatteryMgr:DataCollectionService: stats => 1688551606344,469687,4009
07-05 12:06:46.359 21895 22041 I BatteryMgr:DataCollectionService: stats => 1688551606359,469687,4009
07-05 12:06:46.373 21895 22041 I BatteryMgr:DataCollectionService: stats => 1688551606373,469687,4009
07-05 12:06:46.380  1502  1502 I EaselThermalMonitor: Cooling Device: mnh cur_state 0 max_state 4
07-05 12:06:46.382  1502  1502 I EaselThermalMonitor: Cooling Device: mnh cur_state 0 max_state 4
07-05 12:06:46.387 21895 22041 I BatteryMgr:DataCollectionService: stats => 1688551606387,469687,4009
07-05 12:06:46.401 21895 22041 I BatteryMgr:DataCollectionService: stats => 1688551606401,469687,4009
07-05 12:06:46.415 21895 22041 I BatteryMgr:DataCollectionService: stats => 1688551606415,469687,4009
07-05 12:06:46.429 21895 22041 I BatteryMgr:DataCollectionService: stats => 1688551606429,469687,4009
07-05 12:06:46.443 21895 22041 I BatteryMgr:DataCollectionService: stats => 1688551606443,469687,4009
07-05 12:06:46.457 21895 22041 I BatteryMgr:DataCollectionService: stats => 1688551606457,469687,4009
07-05 12:06:46.472 21895 22041 I BatteryMgr:DataCollectionService: stats => 1688551606471,469687,4009
07-05 12:06:46.486 21895 22041 I BatteryMgr:DataCollectionService: stats => 1688551606486,469687,4009
07-05 12:06:46.501 21895 22041 I BatteryMgr:DataCollectionService: stats => 1688551606501,469687,4009
07-05 12:06:46.515 21895 22041 I BatteryMgr:DataCollectionService: stats => 1688551606515,469687,4009
07-05 12:06:46.530 21895 22041 I BatteryMgr:DataCollectionService: stats => 1688551606530,469687,4009
07-05 12:06:46.544 21895 22041 I BatteryMgr:DataCollectionService: stats => 1688551606544,469687,4009
07-05 12:06:46.559 21895 22041 I BatteryMgr:DataCollectionService: stats => 1688551606559,469687,4009
07-05 12:06:46.574 21895 22041 I BatteryMgr:DataCollectionService: stats => 1688551606574,469687,4009
07-05 12:06:46.588 21895 22041 I BatteryMgr:DataCollectionService: stats => 1688551606588,469687,4009
07-05 12:06:46.602 21895 22041 I BatteryMgr:DataCollectionService: stats => 1688551606602,469687,4009
07-05 12:06:46.616 21895 22041 I BatteryMgr:DataCollectionService: stats => 1688551606616,469687,4009
07-05 12:06:46.633 21895 22041 I BatteryMgr:DataCollectionService: stats => 1688551606633,469687,4009
07-05 12:06:46.648 21895 22041 I BatteryMgr:DataCollectionService: stats => 1688551606648,463437,4009
07-05 12:06:46.663  1871  2225 D ConnectivityService: NetReassign [no changes] [c 1] [a 0] [i 5]
07-05 12:06:46.663 21895 22041 I BatteryMgr:DataCollectionService: stats => 1688551606663,463437,4009
07-05 12:06:46.678 21895 22041 I BatteryMgr:DataCollectionService: stats => 1688551606678,463437,4009
07-05 12:06:46.693 21895 22041 I BatteryMgr:DataCollectionService: stats => 1688551606692,463437,4009
07-05 12:06:46.707 21895 22041 I BatteryMgr:DataCollectionService: stats => 1688551606706,463437,4009
07-05 12:06:46.721 21895 22041 I BatteryMgr:DataCollectionService: stats => 1688551606721,463437,4009
07-05 12:06:46.735 21895 22041 I BatteryMgr:DataCollectionService: stats => 1688551606735,463437,4009
07-05 12:06:46.750 21895 22041 I BatteryMgr:DataCollectionService: stats => 1688551606750,463437,4009
07-05 12:06:46.765 21895 22041 I BatteryMgr:DataCollectionService: stats => 1688551606765,463437,4009
07-05 12:06:46.780 21895 22041 I BatteryMgr:DataCollectionService: stats => 1688551606780,463437,4009
07-05 12:06:46.795 21895 22041 I BatteryMgr:DataCollectionService: stats => 1688551606795,463437,4009
07-05 12:06:46.809 21895 22041 I BatteryMgr:DataCollectionService: stats => 1688551606809,463437,4009
07-05 12:06:46.823 21895 22041 I BatteryMgr:DataCollectionService: stats => 1688551606823,463437,4009
07-05 12:06:46.837 21895 22041 I BatteryMgr:DataCollectionService: stats => 1688551606837,463437,4009
07-05 12:06:46.851 21895 22041 I BatteryMgr:DataCollectionService: stats => 1688551606851,463437,4009
07-05 12:06:46.865 21895 22041 I BatteryMgr:DataCollectionService: stats => 1688551606865,463437,4009
07-05 12:06:46.880 21895 22041 I BatteryMgr:DataCollectionService: stats => 1688551606880,463437,4009
07-05 12:06:46.894 21895 22041 I BatteryMgr:DataCollectionService: stats => 1688551606894,463437,4009
07-05 12:06:46.908 21895 22041 I BatteryMgr:DataCollectionService: stats => 1688551606908,463437,4009
07-05 12:06:46.922 21895 22041 I BatteryMgr:DataCollectionService: stats => 1688551606922,463437,4009
07-05 12:06:46.937 21895 22041 I BatteryMgr:DataCollectionService: stats => 1688551606936,463437,4009
07-05 12:06:46.951 21895 22041 I BatteryMgr:DataCollectionService: stats => 1688551606951,463437,4009
07-05 12:06:46.966 21895 22041 I BatteryMgr:DataCollectionService: stats => 1688551606966,463437,4009
07-05 12:06:46.981 21895 22041 I BatteryMgr:DataCollectionService: stats => 1688551606981,463437,4009
07-05 12:06:46.996 21895 22041 I BatteryMgr:DataCollectionService: stats => 1688551606996,517812,4009
07-05 12:06:47.010 21895 22041 I BatteryMgr:DataCollectionService: stats => 1688551607010,517812,4009
07-05 12:06:47.025 21895 22041 I BatteryMgr:DataCollectionService: stats => 1688551607025,517812,4009
07-05 12:06:47.038 21895 22041 I BatteryMgr:DataCollectionService: stats => 1688551607038,517812,4009
07-05 12:06:47.052 21895 22041 I BatteryMgr:DataCollectionService: stats => 1688551607052,517812,4009
07-05 12:06:47.067 21895 22041 I BatteryMgr:DataCollectionService: stats => 1688551607067,517812,4009
07-05 12:06:47.082 21895 22041 I BatteryMgr:DataCollectionService: stats => 1688551607082,517812,4009
07-05 12:06:47.097 21895 22041 I BatteryMgr:DataCollectionService: stats => 1688551607097,517812,4009
07-05 12:06:47.111 21895 22041 I BatteryMgr:DataCollectionService: stats => 1688551607111,517812,4009
07-05 12:06:47.125 21895 22041 I BatteryMgr:DataCollectionService: stats => 1688551607125,517812,4009
07-05 12:06:47.140 21895 22041 I BatteryMgr:DataCollectionService: stats => 1688551607140,517812,4009
07-05 12:06:47.154 21895 22041 I BatteryMgr:DataCollectionService: stats => 1688551607154,517812,4009
07-05 12:06:47.169 21895 22041 I BatteryMgr:DataCollectionService: stats => 1688551607169,517812,4009
07-05 12:06:47.184 21895 22041 I BatteryMgr:DataCollectionService: stats => 1688551607183,517812,4009
07-05 12:06:47.198 21895 22041 I BatteryMgr:DataCollectionService: stats => 1688551607198,517812,4009
07-05 12:06:47.212 21895 22041 I BatteryMgr:DataCollectionService: stats => 1688551607212,517812,4009
07-05 12:06:47.226 21895 22041 I BatteryMgr:DataCollectionService: stats => 1688551607226,517812,4009
07-05 12:06:47.240 21895 22041 I BatteryMgr:DataCollectionService: stats => 1688551607240,517812,4009
07-05 12:06:47.255 21895 22041 I BatteryMgr:DataCollectionService: stats => 1688551607255,517812,4009
07-05 12:06:47.268 21895 22041 I BatteryMgr:DataCollectionService: stats => 1688551607268,517812,4009
07-05 12:06:47.285 21895 22041 I BatteryMgr:DataCollectionService: stats => 1688551607285,517812,4009
07-05 12:06:47.290  1257 22050 W libgcam : [ae.cc:778]: RunAe: No similar examples during long AE!
07-05 12:06:47.291  1257  2030 W libgcam : [ae.cc:778]: RunAe: No similar examples during short AE!
07-05 12:06:47.291  1257  2030 I libgcam : [fast_ae_lib.cc:370]: Resetting motion metering for sensor 1: time since last stats image = 1469.65 sec
07-05 12:06:47.300 21895 22041 I BatteryMgr:DataCollectionService: stats => 1688551607299,517812,4009
07-05 12:06:47.313 21895 22041 I BatteryMgr:DataCollectionService: stats => 1688551607313,517812,4009
07-05 12:06:47.328 21895 22041 I BatteryMgr:DataCollectionService: stats => 1688551607327,517812,4009
07-05 12:06:47.342 21895 22041 I BatteryMgr:DataCollectionService: stats => 1688551607342,517812,4009
07-05 12:06:47.356 21895 22041 I BatteryMgr:DataCollectionService: stats => 1688551607356,551875,4009
07-05 12:06:47.371 21895 22041 I BatteryMgr:DataCollectionService: stats => 1688551607371,551875,4009
07-05 12:06:47.386  1502  1542 I EaselThermalMonitor: (Low) mnh_cpu: 35.68, mnh_ipu1: 33.31, mnh_ipu2: 32.94, mnh_lpddr: 33.35
07-05 12:06:47.386  1502  1542 I EaselThermalMonitor: Cooling Device: mnh cur_state 0 max_state 4
07-05 12:06:47.386 21895 22041 I BatteryMgr:DataCollectionService: stats => 1688551607386,551875,4009
07-05 12:06:47.395  1257  2027 E android.hardware.camera.provider@2.4-service_64: Failed to obtain metadata value of lens_vcm_position for frame 2 because data pointer is null.
07-05 12:06:47.395  1257  2027 E goog_warping: Cannot get per-frame metadata.
07-05 12:06:47.395  1257  2029 I CHIUSECASE: operator(): stream buffer cache notifies the manager for refilling
07-05 12:06:47.398  1257  2029 I CHIUSECASE: GetBuffer: StreamBufferCache for stream 0x78211ae008 refilled before time out.
07-05 12:06:47.404 21895 22041 I BatteryMgr:DataCollectionService: stats => 1688551607404,551875,4009
07-05 12:06:47.418 21895 22041 I BatteryMgr:DataCollectionService: stats => 1688551607418,551875,4009
07-05 12:06:47.420  1257  2033 I CHIUSECASE: UpdateResultAndInflightRequests: all inflight requests have been processed. Notify stream buffer cache manager to flush.
07-05 12:06:47.421  1257 22016 I CHIUSECASE: RefillReturnThreadLoop: StreamBufferCacheManager flushed SBC for stream 0x78211ae008.
07-05 12:06:47.433 21895 22041 I BatteryMgr:DataCollectionService: stats => 1688551607432,551875,4009
07-05 12:06:47.447 21895 22041 I BatteryMgr:DataCollectionService: stats => 1688551607447,551875,4009
07-05 12:06:47.462 21895 22041 I BatteryMgr:DataCollectionService: stats => 1688551607462,551875,4009
07-05 12:06:47.476 21895 22041 I BatteryMgr:DataCollectionService: stats => 1688551607476,551875,4009
07-05 12:06:47.490 21895 22041 I BatteryMgr:DataCollectionService: stats => 1688551607490,551875,4009
07-05 12:06:47.505 21895 22041 I BatteryMgr:DataCollectionService: stats => 1688551607505,551875,4009
07-05 12:06:47.519 21895 22041 I BatteryMgr:DataCollectionService: stats => 1688551607519,551875,4009
07-05 12:06:47.533 21895 22041 I BatteryMgr:DataCollectionService: stats => 1688551607533,551875,4009
07-05 12:06:47.547 21895 22041 I BatteryMgr:DataCollectionService: stats => 1688551607547,551875,4009
07-05 12:06:47.561 21895 22041 I BatteryMgr:DataCollectionService: stats => 1688551607561,551875,4009
07-05 12:06:47.575 21895 22041 I BatteryMgr:DataCollectionService: stats => 1688551607575,551875,4009
07-05 12:06:47.590 21895 22041 I BatteryMgr:DataCollectionService: stats => 1688551607590,551875,4009
07-05 12:06:47.603 21895 22041 I BatteryMgr:DataCollectionService: stats => 1688551607603,551875,4009
07-05 12:06:47.617 21895 22041 I BatteryMgr:DataCollectionService: stats => 1688551607617,551875,4009
07-05 12:06:47.631 21895 22041 I BatteryMgr:DataCollectionService: stats => 1688551607631,551875,4009
07-05 12:06:47.645 21895 22041 I BatteryMgr:DataCollectionService: stats => 1688551607645,551875,4009
07-05 12:06:47.659 21895 22041 I BatteryMgr:DataCollectionService: stats => 1688551607659,551875,4009
07-05 12:06:47.673 21895 22041 I BatteryMgr:DataCollectionService: stats => 1688551607673,551875,4009
07-05 12:06:47.688 21895 22041 I BatteryMgr:DataCollectionService: stats => 1688551607688,468750,4009
07-05 12:06:47.702 21895 22041 I BatteryMgr:DataCollectionService: stats => 1688551607702,468750,4009
07-05 12:06:47.716 21895 22041 I BatteryMgr:DataCollectionService: stats => 1688551607716,468750,4009
07-05 12:06:47.730 21895 22041 I BatteryMgr:DataCollectionService: stats => 1688551607730,468750,4009
07-05 12:06:47.744 21895 22041 I BatteryMgr:DataCollectionService: stats => 1688551607744,468750,4009
07-05 12:06:47.759 21895 22041 I BatteryMgr:DataCollectionService: stats => 1688551607759,468750,4009
07-05 12:06:47.773 21895 22041 I BatteryMgr:DataCollectionService: stats => 1688551607773,468750,4009
07-05 12:06:47.788 21895 22041 I BatteryMgr:DataCollectionService: stats => 1688551607787,468750,4009
07-05 12:06:47.801 21895 22041 I BatteryMgr:DataCollectionService: stats => 1688551607801,468750,4009
07-05 12:06:47.814 21895 22041 I BatteryMgr:DataCollectionService: stats => 1688551607814,468750,4009
07-05 12:06:47.828 21895 22041 I BatteryMgr:DataCollectionService: stats => 1688551607828,468750,4009
07-05 12:06:47.842 21895 22041 I BatteryMgr:DataCollectionService: stats => 1688551607842,468750,4009
07-05 12:06:47.856 21895 22041 I BatteryMgr:DataCollectionService: stats => 1688551607856,468750,4009
07-05 12:06:47.871 21895 22041 I BatteryMgr:DataCollectionService: stats => 1688551607871,468750,4009
07-05 12:06:47.885 21895 22041 I BatteryMgr:DataCollectionService: stats => 1688551607885,468750,4009
07-05 12:06:47.899 21895 22041 I BatteryMgr:DataCollectionService: stats => 1688551607899,468750,4009
07-05 12:06:47.913 21895 22041 I BatteryMgr:DataCollectionService: stats => 1688551607913,468750,4009
07-05 12:06:47.927 21895 22041 I BatteryMgr:DataCollectionService: stats => 1688551607927,468750,4009
07-05 12:06:47.942 21895 22041 I BatteryMgr:DataCollectionService: stats => 1688551607942,468750,4009
07-05 12:06:47.956 21895 22041 I BatteryMgr:DataCollectionService: stats => 1688551607956,468750,4009
07-05 12:06:47.971 21895 22041 I BatteryMgr:DataCollectionService: stats => 1688551607971,468750,4009
07-05 12:06:47.985 21895 22041 I BatteryMgr:DataCollectionService: stats => 1688551607985,468750,4009
07-05 12:06:47.998 21895 22041 I BatteryMgr:DataCollectionService: stats => 1688551607998,468750,4009
07-05 12:06:48.012 21895 22041 I BatteryMgr:DataCollectionService: stats => 1688551608012,468750,4009
07-05 12:06:48.026 21895 22041 I BatteryMgr:DataCollectionService: stats => 1688551608026,468750,4009
07-05 12:06:48.039 21895 22041 I BatteryMgr:DataCollectionService: stats => 1688551608039,468750,4009
07-05 12:06:48.054 21895 22041 I BatteryMgr:DataCollectionService: stats => 1688551608053,471562,4009
07-05 12:06:48.068 21895 22041 I BatteryMgr:DataCollectionService: stats => 1688551608068,471562,4009
07-05 12:06:48.083 21895 22041 I BatteryMgr:DataCollectionService: stats => 1688551608082,471562,4009
07-05 12:06:48.097 21895 22041 I BatteryMgr:DataCollectionService: stats => 1688551608097,471562,4009
07-05 12:06:48.111 21895 22041 I BatteryMgr:DataCollectionService: stats => 1688551608110,471562,4009
07-05 12:06:48.125 21895 22041 I BatteryMgr:DataCollectionService: stats => 1688551608125,471562,4009
07-05 12:06:48.139 21895 22041 I BatteryMgr:DataCollectionService: stats => 1688551608139,471562,4009
07-05 12:06:48.154 21895 22041 I BatteryMgr:DataCollectionService: stats => 1688551608154,471562,4009
07-05 12:06:48.168 21895 22041 I BatteryMgr:DataCollectionService: stats => 1688551608168,471562,4009
07-05 12:06:48.183 21895 22041 I BatteryMgr:DataCollectionService: stats => 1688551608183,471562,4009
07-05 12:06:48.198 21895 22041 I BatteryMgr:DataCollectionService: stats => 1688551608197,471562,4009
07-05 12:06:48.212 21895 22041 I BatteryMgr:DataCollectionService: stats => 1688551608212,471562,4009
07-05 12:06:48.226 21895 22041 I BatteryMgr:DataCollectionService: stats => 1688551608226,471562,4009
07-05 12:06:48.241 21895 22041 I BatteryMgr:DataCollectionService: stats => 1688551608241,471562,4009
07-05 12:06:48.255 21895 22041 I BatteryMgr:DataCollectionService: stats => 1688551608255,471562,4009
07-05 12:06:48.271 21895 22041 I BatteryMgr:DataCollectionService: stats => 1688551608271,471562,4009
07-05 12:06:48.285 21895 22041 I BatteryMgr:DataCollectionService: stats => 1688551608285,471562,4009
07-05 12:06:48.300 21895 22041 I BatteryMgr:DataCollectionService: stats => 1688551608300,471562,4009
07-05 12:06:48.315 21895 22041 I BatteryMgr:DataCollectionService: stats => 1688551608315,471562,4009
07-05 12:06:48.329 21895 22041 I BatteryMgr:DataCollectionService: stats => 1688551608329,471562,4009
07-05 12:06:48.343 21895 22041 I BatteryMgr:DataCollectionService: stats => 1688551608343,471562,4009
07-05 12:06:48.358 21895 22041 I BatteryMgr:DataCollectionService: stats => 1688551608358,471562,4009
07-05 12:06:48.373 21895 22041 I BatteryMgr:DataCollectionService: stats => 1688551608373,471562,4009
07-05 12:06:48.382  1502  1502 I EaselThermalMonitor: Cooling Device: mnh cur_state 0 max_state 4
07-05 12:06:48.383  1502  1502 I EaselThermalMonitor: Cooling Device: mnh cur_state 0 max_state 4
07-05 12:06:48.388 21895 22041 I BatteryMgr:DataCollectionService: stats => 1688551608388,565312,4009
07-05 12:06:48.403 21895 22041 I BatteryMgr:DataCollectionService: stats => 1688551608403,565312,4009
07-05 12:06:48.418 21895 22041 I BatteryMgr:DataCollectionService: stats => 1688551608417,565312,4009
07-05 12:06:48.432 21895 22041 I BatteryMgr:DataCollectionService: stats => 1688551608432,565312,4009
07-05 12:06:48.446 21895 22041 I BatteryMgr:DataCollectionService: stats => 1688551608446,565312,4009
07-05 12:06:48.461 21895 22041 I BatteryMgr:DataCollectionService: stats => 1688551608461,565312,4009
07-05 12:06:48.475 21895 22041 I BatteryMgr:DataCollectionService: stats => 1688551608475,565312,4009
07-05 12:06:48.491 21895 22041 I BatteryMgr:DataCollectionService: stats => 1688551608491,565312,4009
07-05 12:06:48.506 21895 22041 I BatteryMgr:DataCollectionService: stats => 1688551608505,565312,4009
07-05 12:06:48.520 21895 22041 I BatteryMgr:DataCollectionService: stats => 1688551608519,565312,4009
07-05 12:06:48.533 21895 22041 I BatteryMgr:DataCollectionService: stats => 1688551608533,565312,4009
07-05 12:06:48.547 21895 22041 I BatteryMgr:DataCollectionService: stats => 1688551608547,565312,4009
07-05 12:06:48.562 21895 22041 I BatteryMgr:DataCollectionService: stats => 1688551608562,565312,4009
07-05 12:06:48.577 21895 22041 I BatteryMgr:DataCollectionService: stats => 1688551608577,565312,4009
07-05 12:06:48.592 21895 22041 I BatteryMgr:DataCollectionService: stats => 1688551608592,565312,4009
07-05 12:06:48.606 21895 22041 I BatteryMgr:DataCollectionService: stats => 1688551608606,565312,4009
07-05 12:06:48.620 21895 22041 I BatteryMgr:DataCollectionService: stats => 1688551608620,565312,4009
07-05 12:06:48.634 21895 22041 I BatteryMgr:DataCollectionService: stats => 1688551608634,565312,4009
07-05 12:06:48.648 21895 22041 I BatteryMgr:DataCollectionService: stats => 1688551608648,565312,4009
07-05 12:06:48.662 21895 22041 I BatteryMgr:DataCollectionService: stats => 1688551608662,565312,4009
07-05 12:06:48.676 21895 22041 I BatteryMgr:DataCollectionService: stats => 1688551608676,565312,4009
07-05 12:06:48.691 21895 22041 I BatteryMgr:DataCollectionService: stats => 1688551608690,565312,4009
07-05 12:06:48.705 21895 22041 I BatteryMgr:DataCollectionService: stats => 1688551608704,565312,4009
07-05 12:06:48.719 21895 22041 I BatteryMgr:DataCollectionService: stats => 1688551608719,565312,4009
07-05 12:06:48.733 21895 22041 I BatteryMgr:DataCollectionService: stats => 1688551608733,565312,4009
07-05 12:06:48.748 21895 22041 I BatteryMgr:DataCollectionService: stats => 1688551608748,475937,4009
07-05 12:06:48.762 21895 22041 I BatteryMgr:DataCollectionService: stats => 1688551608762,475937,4009
07-05 12:06:48.776 21895 22041 I BatteryMgr:DataCollectionService: stats => 1688551608776,475937,4009
07-05 12:06:48.791 21895 22041 I BatteryMgr:DataCollectionService: stats => 1688551608791,475937,4009
07-05 12:06:48.806 21895 22041 I BatteryMgr:DataCollectionService: stats => 1688551608806,475937,4009
07-05 12:06:48.821 21895 22041 I BatteryMgr:DataCollectionService: stats => 1688551608821,475937,4009
07-05 12:06:48.834 21895 22041 I BatteryMgr:DataCollectionService: stats => 1688551608834,475937,4009
07-05 12:06:48.848 21895 22041 I BatteryMgr:DataCollectionService: stats => 1688551608848,475937,4009
07-05 12:06:48.863 21895 22041 I BatteryMgr:DataCollectionService: stats => 1688551608863,475937,4009
07-05 12:06:48.878 21895 22041 I BatteryMgr:DataCollectionService: stats => 1688551608877,475937,4009
07-05 12:06:48.892 21895 22041 I BatteryMgr:DataCollectionService: stats => 1688551608892,475937,4009
07-05 12:06:48.906 21895 22041 I BatteryMgr:DataCollectionService: stats => 1688551608906,475937,4009
07-05 12:06:48.921 21895 22041 I BatteryMgr:DataCollectionService: stats => 1688551608921,475937,4009
07-05 12:06:48.935 21895 22041 I BatteryMgr:DataCollectionService: stats => 1688551608935,475937,4009
07-05 12:06:48.949 21895 22041 I BatteryMgr:DataCollectionService: stats => 1688551608948,475937,4009
07-05 12:06:48.963 21895 22041 I BatteryMgr:DataCollectionService: stats => 1688551608963,475937,4009
07-05 12:06:48.977 21895 22041 I BatteryMgr:DataCollectionService: stats => 1688551608977,475937,4009
07-05 12:06:48.992 21895 22041 I BatteryMgr:DataCollectionService: stats => 1688551608992,475937,4009
07-05 12:06:49.005 21895 22041 I BatteryMgr:DataCollectionService: stats => 1688551609005,475937,4009
07-05 12:06:49.020 21895 22041 I BatteryMgr:DataCollectionService: stats => 1688551609020,475937,4009
07-05 12:06:49.034 21895 22041 I BatteryMgr:DataCollectionService: stats => 1688551609034,475937,4009
07-05 12:06:49.049 21895 22041 I BatteryMgr:DataCollectionService: stats => 1688551609049,475937,4009
07-05 12:06:49.063 21895 22041 I BatteryMgr:DataCollectionService: stats => 1688551609063,475937,4009
07-05 12:06:49.077 21895 22041 I BatteryMgr:DataCollectionService: stats => 1688551609077,475937,4009
07-05 12:06:49.091 21895 22041 I BatteryMgr:DataCollectionService: stats => 1688551609091,526562,4009
07-05 12:06:49.106 21895 22041 I BatteryMgr:DataCollectionService: stats => 1688551609106,526562,4009
