07-05 12:07:33.709 21895 22041 I BatteryMgr:DataCollectionService: stats => 1688551653709,308125,3966
07-05 12:07:33.722 21895 22041 I BatteryMgr:DataCollectionService: stats => 1688551653722,308125,3966
07-05 12:07:33.736 21895 22041 I BatteryMgr:DataCollectionService: stats => 1688551653736,308125,3966
07-05 12:07:33.750 21895 22041 I BatteryMgr:DataCollectionService: stats => 1688551653750,308125,3966
07-05 12:07:33.763 21895 22041 I BatteryMgr:DataCollectionService: stats => 1688551653763,308125,3966
07-05 12:07:33.776 21895 22041 I BatteryMgr:DataCollectionService: stats => 1688551653776,308125,3966
07-05 12:07:33.790 21895 22041 I BatteryMgr:DataCollectionService: stats => 1688551653790,308125,3966
07-05 12:07:33.803 21895 22041 I BatteryMgr:DataCollectionService: stats => 1688551653803,308125,3966
07-05 12:07:33.816 21895 22041 I BatteryMgr:DataCollectionService: stats => 1688551653816,308125,3966
07-05 12:07:33.830 21895 22041 I BatteryMgr:DataCollectionService: stats => 1688551653830,308125,3966
07-05 12:07:33.843 21895 22041 I BatteryMgr:DataCollectionService: stats => 1688551653843,308125,3966
07-05 12:07:33.856 21895 22041 I BatteryMgr:DataCollectionService: stats => 1688551653856,308125,3966
07-05 12:07:33.870 21895 22041 I BatteryMgr:DataCollectionService: stats => 1688551653870,308125,3966
07-05 12:07:33.883 21895 22041 I BatteryMgr:DataCollectionService: stats => 1688551653883,308125,3966
07-05 12:07:33.897 21895 22041 I BatteryMgr:DataCollectionService: stats => 1688551653896,308125,3966
07-05 12:07:33.911 21895 22041 I BatteryMgr:DataCollectionService: stats => 1688551653911,308125,3966
07-05 12:07:33.924 21895 22041 I BatteryMgr:DataCollectionService: stats => 1688551653924,317812,3966
07-05 12:07:33.938 21895 22041 I BatteryMgr:DataCollectionService: stats => 1688551653938,317812,3966
07-05 12:07:33.951 21895 22041 I BatteryMgr:DataCollectionService: stats => 1688551653951,317812,3966
07-05 12:07:33.964 21895 22041 I BatteryMgr:DataCollectionService: stats => 1688551653964,317812,3966
07-05 12:07:33.978 21895 22041 I BatteryMgr:DataCollectionService: stats => 1688551653978,317812,3966
07-05 12:07:33.991 21895 22041 I BatteryMgr:DataCollectionService: stats => 1688551653991,317812,3966
07-05 12:07:34.004 21895 22041 I BatteryMgr:DataCollectionService: stats => 1688551654004,317812,3966
07-05 12:07:34.018 21895 22041 I BatteryMgr:DataCollectionService: stats => 1688551654017,317812,3966
07-05 12:07:34.031 21895 22041 I BatteryMgr:DataCollectionService: stats => 1688551654031,317812,3966
07-05 12:07:34.045 21895 22041 I BatteryMgr:DataCollectionService: stats => 1688551654045,317812,3966
07-05 12:07:34.058 21895 22041 I BatteryMgr:DataCollectionService: stats => 1688551654058,317812,3966
07-05 12:07:34.072 21895 22041 I BatteryMgr:DataCollectionService: stats => 1688551654072,317812,3966
07-05 12:07:34.085 21895 22041 I BatteryMgr:DataCollectionService: stats => 1688551654085,317812,3966
07-05 12:07:34.099 21895 22041 I BatteryMgr:DataCollectionService: stats => 1688551654099,317812,3966
07-05 12:07:34.112 21895 22041 I BatteryMgr:DataCollectionService: stats => 1688551654112,317812,3966
07-05 12:07:34.126 21895 22041 I BatteryMgr:DataCollectionService: stats => 1688551654125,317812,3966
07-05 12:07:34.139 21895 22041 I BatteryMgr:DataCollectionService: stats => 1688551654139,317812,3966
07-05 12:07:34.153 21895 22041 I BatteryMgr:DataCollectionService: stats => 1688551654153,317812,3966
07-05 12:07:34.166 21895 22041 I BatteryMgr:DataCollectionService: stats => 1688551654166,317812,3966
07-05 12:07:34.179 21895 22041 I BatteryMgr:DataCollectionService: stats => 1688551654179,317812,3966
07-05 12:07:34.193 21895 22041 I BatteryMgr:DataCollectionService: stats => 1688551654192,317812,3966
07-05 12:07:34.206 21895 22041 I BatteryMgr:DataCollectionService: stats => 1688551654206,317812,3966
07-05 12:07:34.219 21895 22041 I BatteryMgr:DataCollectionService: stats => 1688551654219,317812,3966
07-05 12:07:34.233 21895 22041 I BatteryMgr:DataCollectionService: stats => 1688551654233,317812,3966
07-05 12:07:34.246 21895 22041 I BatteryMgr:DataCollectionService: stats => 1688551654246,317812,3966
07-05 12:07:34.259 21895 22041 I BatteryMgr:DataCollectionService: stats => 1688551654259,317812,3966
07-05 12:07:34.272 21895 22041 I BatteryMgr:DataCollectionService: stats => 1688551654272,317812,3966
07-05 12:07:34.285 21895 22041 I BatteryMgr:DataCollectionService: stats => 1688551654285,317812,3966
07-05 12:07:34.299 21895 22041 I BatteryMgr:DataCollectionService: stats => 1688551654299,317812,3966
07-05 12:07:34.312 21895 22041 I BatteryMgr:DataCollectionService: stats => 1688551654312,317812,3966
07-05 12:07:34.325 21895 22041 I BatteryMgr:DataCollectionService: stats => 1688551654325,317812,3966
07-05 12:07:34.339 21895 22041 I BatteryMgr:DataCollectionService: stats => 1688551654339,317812,3966
07-05 12:07:34.353 21895 22041 I BatteryMgr:DataCollectionService: stats => 1688551654352,317812,3966
07-05 12:07:34.366 21895 22041 I BatteryMgr:DataCollectionService: stats => 1688551654366,317812,3966
07-05 12:07:34.380 21895 22041 I BatteryMgr:DataCollectionService: stats => 1688551654380,317812,3966
07-05 12:07:34.393 21895 22041 I BatteryMgr:DataCollectionService: stats => 1688551654393,317812,3966
07-05 12:07:34.406 21895 22041 I BatteryMgr:DataCollectionService: stats => 1688551654406,317812,3966
07-05 12:07:34.419 21895 22041 I BatteryMgr:DataCollectionService: stats => 1688551654419,317812,3966
07-05 12:07:34.432 21895 22041 I BatteryMgr:DataCollectionService: stats => 1688551654432,317812,3966
07-05 12:07:34.445 21895 22041 I BatteryMgr:DataCollectionService: stats => 1688551654445,317812,3966
07-05 12:07:34.456  1502  1502 I EaselThermalMonitor: Cooling Device: mnh cur_state 0 max_state 4
07-05 12:07:34.456  1502  1502 I EaselThermalMonitor: Cooling Device: mnh cur_state 0 max_state 4
07-05 12:07:34.459 21895 22041 I BatteryMgr:DataCollectionService: stats => 1688551654459,317812,3966
07-05 12:07:34.473 21895 22041 I BatteryMgr:DataCollectionService: stats => 1688551654473,317812,3966
07-05 12:07:34.486 21895 22041 I BatteryMgr:DataCollectionService: stats => 1688551654486,317812,3966
07-05 12:07:34.500 21895 22041 I BatteryMgr:DataCollectionService: stats => 1688551654499,317812,3966
07-05 12:07:34.513 21895 22041 I BatteryMgr:DataCollectionService: stats => 1688551654513,317812,3966
07-05 12:07:34.526 21895 22041 I BatteryMgr:DataCollectionService: stats => 1688551654526,317812,3966
07-05 12:07:34.540 21895 22041 I BatteryMgr:DataCollectionService: stats => 1688551654540,317812,3966
07-05 12:07:34.554 21895 22041 I BatteryMgr:DataCollectionService: stats => 1688551654554,317812,3966
07-05 12:07:34.567 21895 22041 I BatteryMgr:DataCollectionService: stats => 1688551654567,317812,3966
07-05 12:07:34.581 21895 22041 I BatteryMgr:DataCollectionService: stats => 1688551654581,317812,3966
07-05 12:07:34.594 21895 22041 I BatteryMgr:DataCollectionService: stats => 1688551654594,317812,3966
07-05 12:07:34.607 21895 22041 I BatteryMgr:DataCollectionService: stats => 1688551654607,317812,3966
07-05 12:07:34.621 21895 22041 I BatteryMgr:DataCollectionService: stats => 1688551654621,296250,3966
07-05 12:07:34.634 21895 22041 I BatteryMgr:DataCollectionService: stats => 1688551654634,296250,3966
07-05 12:07:34.648 21895 22041 I BatteryMgr:DataCollectionService: stats => 1688551654648,296250,3966
07-05 12:07:34.661 21895 22041 I BatteryMgr:DataCollectionService: stats => 1688551654661,296250,3966
07-05 12:07:34.674 21895 22041 I BatteryMgr:DataCollectionService: stats => 1688551654674,296250,3966
07-05 12:07:34.689 21895 22041 I BatteryMgr:DataCollectionService: stats => 1688551654689,296250,3966
07-05 12:07:34.702 21895 22041 I BatteryMgr:DataCollectionService: stats => 1688551654702,296250,3966
07-05 12:07:34.715 21895 22041 I BatteryMgr:DataCollectionService: stats => 1688551654715,296250,3966
07-05 12:07:34.729 21895 22041 I BatteryMgr:DataCollectionService: stats => 1688551654729,296250,3966
07-05 12:07:34.743 21895 22041 I BatteryMgr:DataCollectionService: stats => 1688551654743,296250,3966
07-05 12:07:34.756 21895 22041 I BatteryMgr:DataCollectionService: stats => 1688551654756,296250,3966
07-05 12:07:34.769 21895 22041 I BatteryMgr:DataCollectionService: stats => 1688551654769,296250,3966
07-05 12:07:34.782 21895 22041 I BatteryMgr:DataCollectionService: stats => 1688551654782,296250,3966
07-05 12:07:34.796 21895 22041 I BatteryMgr:DataCollectionService: stats => 1688551654796,296250,3966
07-05 12:07:34.809 21895 22041 I BatteryMgr:DataCollectionService: stats => 1688551654809,296250,3966
07-05 12:07:34.823 21895 22041 I BatteryMgr:DataCollectionService: stats => 1688551654823,296250,3966
07-05 12:07:34.836 21895 22041 I BatteryMgr:DataCollectionService: stats => 1688551654836,296250,3966
07-05 12:07:34.850 21895 22041 I BatteryMgr:DataCollectionService: stats => 1688551654849,296250,3966
07-05 12:07:34.863 21895 22041 I BatteryMgr:DataCollectionService: stats => 1688551654863,296250,3966
07-05 12:07:34.877 21895 22041 I BatteryMgr:DataCollectionService: stats => 1688551654877,296250,3966
07-05 12:07:34.890 21895 22041 I BatteryMgr:DataCollectionService: stats => 1688551654890,296250,3966
07-05 12:07:34.904 21895 22041 I BatteryMgr:DataCollectionService: stats => 1688551654904,296250,3966
07-05 12:07:34.917 21895 22041 I BatteryMgr:DataCollectionService: stats => 1688551654917,296250,3966
07-05 12:07:34.931 21895 22041 I BatteryMgr:DataCollectionService: stats => 1688551654931,296250,3966
07-05 12:07:34.944 21895 22041 I BatteryMgr:DataCollectionService: stats => 1688551654944,296250,3966
07-05 12:07:34.958 21895 22041 I BatteryMgr:DataCollectionService: stats => 1688551654958,296250,3966
07-05 12:07:34.971 21895 22041 I BatteryMgr:DataCollectionService: stats => 1688551654971,296250,3966
07-05 12:07:34.985 21895 22041 I BatteryMgr:DataCollectionService: stats => 1688551654984,376875,3966
07-05 12:07:34.999 21895 22041 I BatteryMgr:DataCollectionService: stats => 1688551654999,376875,3966
07-05 12:07:35.013 21895 22041 I BatteryMgr:DataCollectionService: stats => 1688551655013,376875,3966
07-05 12:07:35.020  1871  2225 D ConnectivityService: NetReassign [no changes] [c 1] [a 0] [i 4]
07-05 12:07:35.028 21895 22041 I BatteryMgr:DataCollectionService: stats => 1688551655028,376875,3966
07-05 12:07:35.041 21895 22041 I BatteryMgr:DataCollectionService: stats => 1688551655041,376875,3966
07-05 12:07:35.055 21895 22041 I BatteryMgr:DataCollectionService: stats => 1688551655055,376875,3966
07-05 12:07:35.069 21895 22041 I BatteryMgr:DataCollectionService: stats => 1688551655069,376875,3966
07-05 12:07:35.082 21895 22041 I BatteryMgr:DataCollectionService: stats => 1688551655082,376875,3966
07-05 12:07:35.095 21895 22041 I BatteryMgr:DataCollectionService: stats => 1688551655095,376875,3966
07-05 12:07:35.108 21895 22041 I BatteryMgr:DataCollectionService: stats => 1688551655108,376875,3966
07-05 12:07:35.122 21895 22041 I BatteryMgr:DataCollectionService: stats => 1688551655122,376875,3966
07-05 12:07:35.135 21895 22041 I BatteryMgr:DataCollectionService: stats => 1688551655135,376875,3966
07-05 12:07:35.148 21895 22041 I BatteryMgr:DataCollectionService: stats => 1688551655148,376875,3966
07-05 12:07:35.162 21895 22041 I BatteryMgr:DataCollectionService: stats => 1688551655162,376875,3966
07-05 12:07:35.175 21895 22041 I BatteryMgr:DataCollectionService: stats => 1688551655175,376875,3966
07-05 12:07:35.188 21895 22041 I BatteryMgr:DataCollectionService: stats => 1688551655188,376875,3966
07-05 12:07:35.201 21895 22041 I BatteryMgr:DataCollectionService: stats => 1688551655201,376875,3966
07-05 12:07:35.215 21895 22041 I BatteryMgr:DataCollectionService: stats => 1688551655215,376875,3966
07-05 12:07:35.228 21895 22041 I BatteryMgr:DataCollectionService: stats => 1688551655228,376875,3966
07-05 12:07:35.241 21895 22041 I BatteryMgr:DataCollectionService: stats => 1688551655241,376875,3966
07-05 12:07:35.255 21895 22041 I BatteryMgr:DataCollectionService: stats => 1688551655254,376875,3966
07-05 12:07:35.269 21895 22041 I BatteryMgr:DataCollectionService: stats => 1688551655268,376875,3966
07-05 12:07:35.282 21895 22041 I BatteryMgr:DataCollectionService: stats => 1688551655282,376875,3966
07-05 12:07:35.295 21895 22041 I BatteryMgr:DataCollectionService: stats => 1688551655295,376875,3966
07-05 12:07:35.308 21895 22041 I BatteryMgr:DataCollectionService: stats => 1688551655308,376875,3966
07-05 12:07:35.321 21895 22041 I BatteryMgr:DataCollectionService: stats => 1688551655321,288750,3966
07-05 12:07:35.334 21895 22041 I BatteryMgr:DataCollectionService: stats => 1688551655334,288750,3966
07-05 12:07:35.348 21895 22041 I BatteryMgr:DataCollectionService: stats => 1688551655348,288750,3966
07-05 12:07:35.361 21895 22041 I BatteryMgr:DataCollectionService: stats => 1688551655361,288750,3966
07-05 12:07:35.375 21895 22041 I BatteryMgr:DataCollectionService: stats => 1688551655375,288750,3966
07-05 12:07:35.389 21895 22041 I BatteryMgr:DataCollectionService: stats => 1688551655389,288750,3966
07-05 12:07:35.402 21895 22041 I BatteryMgr:DataCollectionService: stats => 1688551655402,288750,3966
07-05 12:07:35.416 21895 22041 I BatteryMgr:DataCollectionService: stats => 1688551655416,288750,3966
07-05 12:07:35.430 21895 22041 I BatteryMgr:DataCollectionService: stats => 1688551655430,288750,3966
07-05 12:07:35.443 21895 22041 I BatteryMgr:DataCollectionService: stats => 1688551655443,288750,3966
07-05 12:07:35.457 21895 22041 I BatteryMgr:DataCollectionService: stats => 1688551655457,288750,3966
07-05 12:07:35.471 21895 22041 I BatteryMgr:DataCollectionService: stats => 1688551655471,288750,3966
07-05 12:07:35.484 21895 22041 I BatteryMgr:DataCollectionService: stats => 1688551655484,288750,3966
07-05 12:07:35.497 21895 22041 I BatteryMgr:DataCollectionService: stats => 1688551655497,288750,3966
07-05 12:07:35.511 21895 22041 I BatteryMgr:DataCollectionService: stats => 1688551655511,288750,3966
07-05 12:07:35.525 21895 22041 I BatteryMgr:DataCollectionService: stats => 1688551655525,288750,3966
07-05 12:07:35.538 21895 22041 I BatteryMgr:DataCollectionService: stats => 1688551655538,288750,3966
07-05 12:07:35.552 21895 22041 I BatteryMgr:DataCollectionService: stats => 1688551655552,288750,3966
07-05 12:07:35.566 21895 22041 I BatteryMgr:DataCollectionService: stats => 1688551655566,288750,3966
07-05 12:07:35.580 21895 22041 I BatteryMgr:DataCollectionService: stats => 1688551655580,288750,3966
07-05 12:07:35.593 21895 22041 I BatteryMgr:DataCollectionService: stats => 1688551655593,288750,3966
07-05 12:07:35.606 21895 22041 I BatteryMgr:DataCollectionService: stats => 1688551655606,288750,3966
07-05 12:07:35.620 21895 22041 I BatteryMgr:DataCollectionService: stats => 1688551655620,288750,3966
07-05 12:07:35.635 21895 22041 I BatteryMgr:DataCollectionService: stats => 1688551655634,288750,3966
07-05 12:07:35.648 21895 22041 I BatteryMgr:DataCollectionService: stats => 1688551655648,288750,3966
07-05 12:07:35.662 21895 22041 I BatteryMgr:DataCollectionService: stats => 1688551655662,288750,3966
07-05 12:07:35.675 21895 22041 I BatteryMgr:DataCollectionService: stats => 1688551655675,320625,3966
07-05 12:07:35.689 21895 22041 I BatteryMgr:DataCollectionService: stats => 1688551655689,320625,3966
07-05 12:07:35.702 21895 22041 I BatteryMgr:DataCollectionService: stats => 1688551655702,320625,3966
07-05 12:07:35.716 21895 22041 I BatteryMgr:DataCollectionService: stats => 1688551655716,320625,3966
07-05 12:07:35.730 21895 22041 I BatteryMgr:DataCollectionService: stats => 1688551655730,320625,3966
07-05 12:07:35.743 21895 22041 I BatteryMgr:DataCollectionService: stats => 1688551655743,320625,3966
07-05 12:07:35.757 21895 22041 I BatteryMgr:DataCollectionService: stats => 1688551655756,320625,3966
07-05 12:07:35.770 21895 22041 I BatteryMgr:DataCollectionService: stats => 1688551655770,320625,3966
07-05 12:07:35.784 21895 22041 I BatteryMgr:DataCollectionService: stats => 1688551655784,320625,3966
07-05 12:07:35.797 21895 22041 I BatteryMgr:DataCollectionService: stats => 1688551655797,320625,3966
07-05 12:07:35.811 21895 22041 I BatteryMgr:DataCollectionService: stats => 1688551655811,320625,3966
07-05 12:07:35.824 21895 22041 I BatteryMgr:DataCollectionService: stats => 1688551655824,320625,3966
07-05 12:07:35.838 21895 22041 I BatteryMgr:DataCollectionService: stats => 1688551655838,320625,3966
07-05 12:07:35.852 21895 22041 I BatteryMgr:DataCollectionService: stats => 1688551655852,320625,3966
07-05 12:07:35.865 21895 22041 I BatteryMgr:DataCollectionService: stats => 1688551655865,320625,3966
07-05 12:07:35.879 21895 22041 I BatteryMgr:DataCollectionService: stats => 1688551655879,320625,3966
07-05 12:07:35.892 21895 22041 I BatteryMgr:DataCollectionService: stats => 1688551655892,320625,3966
07-05 12:07:35.906 21895 22041 I BatteryMgr:DataCollectionService: stats => 1688551655906,320625,3966
07-05 12:07:35.920 21895 22041 I BatteryMgr:DataCollectionService: stats => 1688551655919,320625,3966
07-05 12:07:35.933 21895 22041 I BatteryMgr:DataCollectionService: stats => 1688551655933,320625,3966
07-05 12:07:35.947 21895 22041 I BatteryMgr:DataCollectionService: stats => 1688551655946,320625,3966
07-05 12:07:35.960 21895 22041 I BatteryMgr:DataCollectionService: stats => 1688551655960,320625,3966
07-05 12:07:35.974 21895 22041 I BatteryMgr:DataCollectionService: stats => 1688551655974,320625,3966
07-05 12:07:35.988 21895 22041 I BatteryMgr:DataCollectionService: stats => 1688551655988,320625,3966
07-05 12:07:36.001 21895 22041 I BatteryMgr:DataCollectionService: stats => 1688551656001,320625,3966
07-05 12:07:36.015 21895 22041 I BatteryMgr:DataCollectionService: stats => 1688551656015,320625,3966
07-05 12:07:36.028 21895 22041 I BatteryMgr:DataCollectionService: stats => 1688551656028,386875,3966
07-05 12:07:36.042 21895 22041 I BatteryMgr:DataCollectionService: stats => 1688551656042,386875,3966
07-05 12:07:36.055 21895 22041 I BatteryMgr:DataCollectionService: stats => 1688551656055,386875,3966
07-05 12:07:36.069 21895 22041 I BatteryMgr:DataCollectionService: stats => 1688551656069,386875,3966
07-05 12:07:36.082 21895 22041 I BatteryMgr:DataCollectionService: stats => 1688551656082,386875,3966
07-05 12:07:36.096 21895 22041 I BatteryMgr:DataCollectionService: stats => 1688551656096,386875,3966
07-05 12:07:36.110 21895 22041 I BatteryMgr:DataCollectionService: stats => 1688551656110,386875,3966
07-05 12:07:36.123 21895 22041 I BatteryMgr:DataCollectionService: stats => 1688551656123,386875,3966
07-05 12:07:36.135 21895 22041 I BatteryMgr:DataCollectionService: stats => 1688551656135,386875,3966
07-05 12:07:36.150 21895 22041 I BatteryMgr:DataCollectionService: stats => 1688551656150,386875,3966
07-05 12:07:36.163 21895 22041 I BatteryMgr:DataCollectionService: stats => 1688551656163,386875,3966
07-05 12:07:36.177 21895 22041 I BatteryMgr:DataCollectionService: stats => 1688551656177,386875,3966
07-05 12:07:36.191 21895 22041 I BatteryMgr:DataCollectionService: stats => 1688551656191,386875,3966
07-05 12:07:36.204 21895 22041 I BatteryMgr:DataCollectionService: stats => 1688551656204,386875,3966
07-05 12:07:36.218 21895 22041 I BatteryMgr:DataCollectionService: stats => 1688551656217,386875,3966
07-05 12:07:36.231 21895 22041 I BatteryMgr:DataCollectionService: stats => 1688551656231,386875,3966
07-05 12:07:36.245 21895 22041 I BatteryMgr:DataCollectionService: stats => 1688551656245,386875,3966
07-05 12:07:36.258 21895 22041 I BatteryMgr:DataCollectionService: stats => 1688551656258,386875,3966
07-05 12:07:36.271 21895 22041 I BatteryMgr:DataCollectionService: stats => 1688551656271,386875,3966
07-05 12:07:36.284 21895 22041 I BatteryMgr:DataCollectionService: stats => 1688551656284,386875,3966
07-05 12:07:36.298 21895 22041 I BatteryMgr:DataCollectionService: stats => 1688551656298,386875,3966
07-05 12:07:36.312 21895 22041 I BatteryMgr:DataCollectionService: stats => 1688551656312,386875,3966
07-05 12:07:36.325 21895 22041 I BatteryMgr:DataCollectionService: stats => 1688551656325,386875,3966
07-05 12:07:36.338 21895 22041 I BatteryMgr:DataCollectionService: stats => 1688551656338,386875,3966
07-05 12:07:36.352 21895 22041 I BatteryMgr:DataCollectionService: stats => 1688551656352,386875,3966
07-05 12:07:36.365 21895 22041 I BatteryMgr:DataCollectionService: stats => 1688551656365,386875,3966
07-05 12:07:36.379 21895 22041 I BatteryMgr:DataCollectionService: stats => 1688551656379,304687,3966
07-05 12:07:36.392 21895 22041 I BatteryMgr:DataCollectionService: stats => 1688551656392,304687,3966
07-05 12:07:36.405 21895 22041 I BatteryMgr:DataCollectionService: stats => 1688551656405,304687,3966
07-05 12:07:36.419 21895 22041 I BatteryMgr:DataCollectionService: stats => 1688551656418,304687,3966
07-05 12:07:36.432 21895 22041 I BatteryMgr:DataCollectionService: stats => 1688551656432,304687,3966
07-05 12:07:36.445 21895 22041 I BatteryMgr:DataCollectionService: stats => 1688551656445,304687,3966
07-05 12:07:36.456  1502  1502 I EaselThermalMonitor: Cooling Device: mnh cur_state 0 max_state 4
07-05 12:07:36.456  1502  1502 I EaselThermalMonitor: Cooling Device: mnh cur_state 0 max_state 4
07-05 12:07:36.459 21895 22041 I BatteryMgr:DataCollectionService: stats => 1688551656459,304687,3966
07-05 12:07:36.472 21895 22041 I BatteryMgr:DataCollectionService: stats => 1688551656472,304687,3966
07-05 12:07:36.486 21895 22041 I BatteryMgr:DataCollectionService: stats => 1688551656486,304687,3966
07-05 12:07:36.499 21895 22041 I BatteryMgr:DataCollectionService: stats => 1688551656499,304687,3966
07-05 12:07:36.513 21895 22041 I BatteryMgr:DataCollectionService: stats => 1688551656513,304687,3966
07-05 12:07:36.526 21895 22041 I BatteryMgr:DataCollectionService: stats => 1688551656526,304687,3966
07-05 12:07:36.540 21895 22041 I BatteryMgr:DataCollectionService: stats => 1688551656540,304687,3966
07-05 12:07:36.553 21895 22041 I BatteryMgr:DataCollectionService: stats => 1688551656553,304687,3966
07-05 12:07:36.567 21895 22041 I BatteryMgr:DataCollectionService: stats => 1688551656567,304687,3966
07-05 12:07:36.581 21895 22041 I BatteryMgr:DataCollectionService: stats => 1688551656581,304687,3966
07-05 12:07:36.594 21895 22041 I BatteryMgr:DataCollectionService: stats => 1688551656594,304687,3966
07-05 12:07:36.608 21895 22041 I BatteryMgr:DataCollectionService: stats => 1688551656608,304687,3966
07-05 12:07:36.621 21895 22041 I BatteryMgr:DataCollectionService: stats => 1688551656621,304687,3966
07-05 12:07:36.634 21895 22041 I BatteryMgr:DataCollectionService: stats => 1688551656634,304687,3966
07-05 12:07:36.649 21895 22041 I BatteryMgr:DataCollectionService: stats => 1688551656649,304687,3966
07-05 12:07:36.663 21895 22041 I BatteryMgr:DataCollectionService: stats => 1688551656663,304687,3966
07-05 12:07:36.676 21895 22041 I BatteryMgr:DataCollectionService: stats => 1688551656676,304687,3966
07-05 12:07:36.690 21895 22041 I BatteryMgr:DataCollectionService: stats => 1688551656690,304687,3966
07-05 12:07:36.704 21895 22041 I BatteryMgr:DataCollectionService: stats => 1688551656704,304687,3966
07-05 12:07:36.717 21895 22041 I BatteryMgr:DataCollectionService: stats => 1688551656717,304687,3966
07-05 12:07:36.732 21895 22041 I BatteryMgr:DataCollectionService: stats => 1688551656732,292187,3966
07-05 12:07:36.745 21895 22041 I BatteryMgr:DataCollectionService: stats => 1688551656745,292187,3966
07-05 12:07:36.759 21895 22041 I BatteryMgr:DataCollectionService: stats => 1688551656759,292187,3966
07-05 12:07:36.772 21895 22041 I BatteryMgr:DataCollectionService: stats => 1688551656772,292187,3966
07-05 12:07:36.786 21895 22041 I BatteryMgr:DataCollectionService: stats => 1688551656786,292187,3966
07-05 12:07:36.800 21895 22041 I BatteryMgr:DataCollectionService: stats => 1688551656800,292187,3966
07-05 12:07:36.813 21895 22041 I BatteryMgr:DataCollectionService: stats => 1688551656813,292187,3966
07-05 12:07:36.829 21895 22041 I BatteryMgr:DataCollectionService: stats => 1688551656829,292187,3966
07-05 12:07:36.843 21895 22041 I BatteryMgr:DataCollectionService: stats => 1688551656842,292187,3966
07-05 12:07:36.856 21895 22041 I BatteryMgr:DataCollectionService: stats => 1688551656856,292187,3966
07-05 12:07:36.870 21895 22041 I BatteryMgr:DataCollectionService: stats => 1688551656869,292187,3966
07-05 12:07:36.883 21895 22041 I BatteryMgr:DataCollectionService: stats => 1688551656883,292187,3966
07-05 12:07:36.896 21895 22041 I BatteryMgr:DataCollectionService: stats => 1688551656896,292187,3966
07-05 12:07:36.910 21895 22041 I BatteryMgr:DataCollectionService: stats => 1688551656909,292187,3966
07-05 12:07:36.923 21895 22041 I BatteryMgr:DataCollectionService: stats => 1688551656923,292187,3966
07-05 12:07:36.937 21895 22041 I BatteryMgr:DataCollectionService: stats => 1688551656937,292187,3966
07-05 12:07:36.951 21895 22041 I BatteryMgr:DataCollectionService: stats => 1688551656950,292187,3966
07-05 12:07:36.964 21895 22041 I BatteryMgr:DataCollectionService: stats => 1688551656964,292187,3966
07-05 12:07:36.978 21895 22041 I BatteryMgr:DataCollectionService: stats => 1688551656978,292187,3966
07-05 12:07:36.991 21895 22041 I BatteryMgr:DataCollectionService: stats => 1688551656991,292187,3966
07-05 12:07:37.005 21895 22041 I BatteryMgr:DataCollectionService: stats => 1688551657005,292187,3966
07-05 12:07:37.018 21895 22041 I BatteryMgr:DataCollectionService: stats => 1688551657018,292187,3966
07-05 12:07:37.031 21895 22041 I BatteryMgr:DataCollectionService: stats => 1688551657031,292187,3966
07-05 12:07:37.045 21895 22041 I BatteryMgr:DataCollectionService: stats => 1688551657045,292187,3966
07-05 12:07:37.058 21895 22041 I BatteryMgr:DataCollectionService: stats => 1688551657058,292187,3966
07-05 12:07:37.072 21895 22041 I BatteryMgr:DataCollectionService: stats => 1688551657071,292187,3966
07-05 12:07:37.085 21895 22041 I BatteryMgr:DataCollectionService: stats => 1688551657085,296562,3966
07-05 12:07:37.098 21895 22041 I BatteryMgr:DataCollectionService: stats => 1688551657098,296562,3966
07-05 12:07:37.112 21895 22041 I BatteryMgr:DataCollectionService: stats => 1688551657112,296562,3966
07-05 12:07:37.125 21895 22041 I BatteryMgr:DataCollectionService: stats => 1688551657125,296562,3966
07-05 12:07:37.139 21895 22041 I BatteryMgr:DataCollectionService: stats => 1688551657139,296562,3966
07-05 12:07:37.153 21895 22041 I BatteryMgr:DataCollectionService: stats => 1688551657153,296562,3966
07-05 12:07:37.166 21895 22041 I BatteryMgr:DataCollectionService: stats => 1688551657166,296562,3966
07-05 12:07:37.180 21895 22041 I BatteryMgr:DataCollectionService: stats => 1688551657180,296562,3966
07-05 12:07:37.193 21895 22041 I BatteryMgr:DataCollectionService: stats => 1688551657193,296562,3966
07-05 12:07:37.206 21895 22041 I BatteryMgr:DataCollectionService: stats => 1688551657206,296562,3966
07-05 12:07:37.219 21895 22041 I BatteryMgr:DataCollectionService: stats => 1688551657219,296562,3966
07-05 12:07:37.233 21895 22041 I BatteryMgr:DataCollectionService: stats => 1688551657233,296562,3966
07-05 12:07:37.246 21895 22041 I BatteryMgr:DataCollectionService: stats => 1688551657246,296562,3966
07-05 12:07:37.260 21895 22041 I BatteryMgr:DataCollectionService: stats => 1688551657260,296562,3966
07-05 12:07:37.273 21895 22041 I BatteryMgr:DataCollectionService: stats => 1688551657273,296562,3966
07-05 12:07:37.286 21895 22041 I BatteryMgr:DataCollectionService: stats => 1688551657286,296562,3966
07-05 12:07:37.300 21895 22041 I BatteryMgr:DataCollectionService: stats => 1688551657299,296562,3966
07-05 12:07:37.312 21895 22041 I BatteryMgr:DataCollectionService: stats => 1688551657312,296562,3966
07-05 12:07:37.326 21895 22041 I BatteryMgr:DataCollectionService: stats => 1688551657325,296562,3966
07-05 12:07:37.339 21895 22041 I BatteryMgr:DataCollectionService: stats => 1688551657339,296562,3966
07-05 12:07:37.352 21895 22041 I BatteryMgr:DataCollectionService: stats => 1688551657352,296562,3966
07-05 12:07:37.367 21895 22041 I BatteryMgr:DataCollectionService: stats => 1688551657367,296562,3966
07-05 12:07:37.371  1257  2030 I libgcam : [fast_ae_lib.cc:370]: Resetting motion metering for sensor 1: time since last stats image = 5.01465 sec
07-05 12:07:37.381 21895 22041 I BatteryMgr:DataCollectionService: stats => 1688551657381,296562,3966
07-05 12:07:37.395 21895 22041 I BatteryMgr:DataCollectionService: stats => 1688551657395,296562,3966
07-05 12:07:37.409 21895 22041 I BatteryMgr:DataCollectionService: stats => 1688551657408,296562,3966
07-05 12:07:37.423 21895 22041 I BatteryMgr:DataCollectionService: stats => 1688551657422,396250,3966
07-05 12:07:37.436 21895 22041 I BatteryMgr:DataCollectionService: stats => 1688551657436,396250,3966
07-05 12:07:37.449 21895 22041 I BatteryMgr:DataCollectionService: stats => 1688551657449,396250,3966
07-05 12:07:37.463 21895 22041 I BatteryMgr:DataCollectionService: stats => 1688551657463,396250,3966
07-05 12:07:37.477 21895 22041 I BatteryMgr:DataCollectionService: stats => 1688551657477,396250,3966
07-05 12:07:37.485  1257  2028 E android.hardware.camera.provider@2.4-service_64: Failed to obtain metadata value of lens_vcm_position for frame 12 because data pointer is null.
07-05 12:07:37.485  1257  2028 E goog_warping: Cannot get per-frame metadata.
07-05 12:07:37.485  1257  2029 I CHIUSECASE: operator(): stream buffer cache notifies the manager for refilling
07-05 12:07:37.486  1257  2029 I CHIUSECASE: GetBuffer: StreamBufferCache for stream 0x78211ae008 refilled before time out.
07-05 12:07:37.492 21895 22041 I BatteryMgr:DataCollectionService: stats => 1688551657492,396250,3966
07-05 12:07:37.505 21895 22041 I BatteryMgr:DataCollectionService: stats => 1688551657505,396250,3966
07-05 12:07:37.512  1257  2033 I CHIUSECASE: UpdateResultAndInflightRequests: all inflight requests have been processed. Notify stream buffer cache manager to flush.
07-05 12:07:37.513  1257 22016 I CHIUSECASE: RefillReturnThreadLoop: StreamBufferCacheManager flushed SBC for stream 0x78211ae008.
07-05 12:07:37.520 21895 22041 I BatteryMgr:DataCollectionService: stats => 1688551657519,396250,3966
07-05 12:07:37.533 21895 22041 I BatteryMgr:DataCollectionService: stats => 1688551657533,396250,3966
07-05 12:07:37.547 21895 22041 I BatteryMgr:DataCollectionService: stats => 1688551657546,396250,3966
07-05 12:07:37.559 21895 22041 I BatteryMgr:DataCollectionService: stats => 1688551657559,396250,3966
07-05 12:07:37.572 21895 22041 I BatteryMgr:DataCollectionService: stats => 1688551657572,396250,3966
07-05 12:07:37.586 21895 22041 I BatteryMgr:DataCollectionService: stats => 1688551657586,396250,3966
07-05 12:07:37.599 21895 22041 I BatteryMgr:DataCollectionService: stats => 1688551657599,396250,3966
07-05 12:07:37.613 21895 22041 I BatteryMgr:DataCollectionService: stats => 1688551657613,396250,3966
07-05 12:07:37.626 21895 22041 I BatteryMgr:DataCollectionService: stats => 1688551657626,396250,3966
07-05 12:07:37.639 21895 22041 I BatteryMgr:DataCollectionService: stats => 1688551657639,396250,3966
07-05 12:07:37.653 21895 22041 I BatteryMgr:DataCollectionService: stats => 1688551657653,396250,3966
07-05 12:07:37.666 21895 22041 I BatteryMgr:DataCollectionService: stats => 1688551657666,396250,3966
07-05 12:07:37.680 21895 22041 I BatteryMgr:DataCollectionService: stats => 1688551657680,396250,3966
07-05 12:07:37.693 21895 22041 I BatteryMgr:DataCollectionService: stats => 1688551657693,396250,3966
07-05 12:07:37.706 21895 22041 I BatteryMgr:DataCollectionService: stats => 1688551657706,396250,3966
07-05 12:07:37.720 21895 22041 I BatteryMgr:DataCollectionService: stats => 1688551657720,396250,3966
07-05 12:07:37.733 21895 22041 I BatteryMgr:DataCollectionService: stats => 1688551657733,396250,3966
07-05 12:07:37.746 21895 22041 I BatteryMgr:DataCollectionService: stats => 1688551657746,396250,3966
07-05 12:07:37.760 21895 22041 I BatteryMgr:DataCollectionService: stats => 1688551657760,396250,3966
07-05 12:07:37.774 21895 22041 I BatteryMgr:DataCollectionService: stats => 1688551657774,396250,3966
07-05 12:07:37.787 21895 22041 I BatteryMgr:DataCollectionService: stats => 1688551657787,301875,3966
07-05 12:07:37.801 21895 22041 I BatteryMgr:DataCollectionService: stats => 1688551657801,301875,3966
07-05 12:07:37.814 21895 22041 I BatteryMgr:DataCollectionService: stats => 1688551657814,301875,3966
07-05 12:07:37.828 21895 22041 I BatteryMgr:DataCollectionService: stats => 1688551657828,301875,3966
07-05 12:07:37.842 21895 22041 I BatteryMgr:DataCollectionService: stats => 1688551657842,301875,3966
07-05 12:07:37.855 21895 22041 I BatteryMgr:DataCollectionService: stats => 1688551657855,301875,3966
07-05 12:07:37.870 21895 22041 I BatteryMgr:DataCollectionService: stats => 1688551657870,301875,3966
07-05 12:07:37.883 21895 22041 I BatteryMgr:DataCollectionService: stats => 1688551657883,301875,3966
07-05 12:07:37.896 21895 22041 I BatteryMgr:DataCollectionService: stats => 1688551657896,301875,3966
07-05 12:07:37.910 21895 22041 I BatteryMgr:DataCollectionService: stats => 1688551657910,301875,3966
07-05 12:07:37.923 21895 22041 I BatteryMgr:DataCollectionService: stats => 1688551657923,301875,3966
07-05 12:07:37.936 21895 22041 I BatteryMgr:DataCollectionService: stats => 1688551657936,301875,3966
07-05 12:07:37.949 21895 22041 I BatteryMgr:DataCollectionService: stats => 1688551657949,301875,3966
07-05 12:07:37.963 21895 22041 I BatteryMgr:DataCollectionService: stats => 1688551657963,301875,3966
07-05 12:07:37.976 21895 22041 I BatteryMgr:DataCollectionService: stats => 1688551657976,301875,3966
07-05 12:07:37.989 21895 22041 I BatteryMgr:DataCollectionService: stats => 1688551657989,301875,3966
07-05 12:07:38.003 21895 22041 I BatteryMgr:DataCollectionService: stats => 1688551658003,301875,3966
07-05 12:07:38.016 21895 22041 I BatteryMgr:DataCollectionService: stats => 1688551658016,301875,3966
07-05 12:07:38.031 21895 22041 I BatteryMgr:DataCollectionService: stats => 1688551658031,301875,3966
07-05 12:07:38.041  1871  2225 D ConnectivityService: NetReassign [no changes] [c 1] [a 0] [i 4]
07-05 12:07:38.045 21895 22041 I BatteryMgr:DataCollectionService: stats => 1688551658045,301875,3966
07-05 12:07:38.059 21895 22041 I BatteryMgr:DataCollectionService: stats => 1688551658059,301875,3966
07-05 12:07:38.073 21895 22041 I BatteryMgr:DataCollectionService: stats => 1688551658073,301875,3966
07-05 12:07:38.087 21895 22041 I BatteryMgr:DataCollectionService: stats => 1688551658086,301875,3966
07-05 12:07:38.100 21895 22041 I BatteryMgr:DataCollectionService: stats => 1688551658100,301875,3966
07-05 12:07:38.114 21895 22041 I BatteryMgr:DataCollectionService: stats => 1688551658114,301875,3966
07-05 12:07:38.127 21895 22041 I BatteryMgr:DataCollectionService: stats => 1688551658127,306562,3966
07-05 12:07:38.141 21895 22041 I BatteryMgr:DataCollectionService: stats => 1688551658140,306562,3966
07-05 12:07:38.154 21895 22041 I BatteryMgr:DataCollectionService: stats => 1688551658154,306562,3966
07-05 12:07:38.168 21895 22041 I BatteryMgr:DataCollectionService: stats => 1688551658168,306562,3966
07-05 12:07:38.181 21895 22041 I BatteryMgr:DataCollectionService: stats => 1688551658181,306562,3966
07-05 12:07:38.194 21895 22041 I BatteryMgr:DataCollectionService: stats => 1688551658194,306562,3966
07-05 12:07:38.208 21895 22041 I BatteryMgr:DataCollectionService: stats => 1688551658208,306562,3966
07-05 12:07:38.221 21895 22041 I BatteryMgr:DataCollectionService: stats => 1688551658221,306562,3966
07-05 12:07:38.235 21895 22041 I BatteryMgr:DataCollectionService: stats => 1688551658235,306562,3966
07-05 12:07:38.248 21895 22041 I BatteryMgr:DataCollectionService: stats => 1688551658248,306562,3966
07-05 12:07:38.262 21895 22041 I BatteryMgr:DataCollectionService: stats => 1688551658262,306562,3966
07-05 12:07:38.275 21895 22041 I BatteryMgr:DataCollectionService: stats => 1688551658275,306562,3966
07-05 12:07:38.288 21895 22041 I BatteryMgr:DataCollectionService: stats => 1688551658288,306562,3966
07-05 12:07:38.302 21895 22041 I BatteryMgr:DataCollectionService: stats => 1688551658302,306562,3966
07-05 12:07:38.315 21895 22041 I BatteryMgr:DataCollectionService: stats => 1688551658315,306562,3966
07-05 12:07:38.329 21895 22041 I BatteryMgr:DataCollectionService: stats => 1688551658329,306562,3966
07-05 12:07:38.342 21895 22041 I BatteryMgr:DataCollectionService: stats => 1688551658342,306562,3966
07-05 12:07:38.355 21895 22041 I BatteryMgr:DataCollectionService: stats => 1688551658355,306562,3966
07-05 12:07:38.369 21895 22041 I BatteryMgr:DataCollectionService: stats => 1688551658369,306562,3966
07-05 12:07:38.383 21895 22041 I BatteryMgr:DataCollectionService: stats => 1688551658383,306562,3966
07-05 12:07:38.397 21895 22041 I BatteryMgr:DataCollectionService: stats => 1688551658397,306562,3966
07-05 12:07:38.410 21895 22041 I BatteryMgr:DataCollectionService: stats => 1688551658410,306562,3966
07-05 12:07:38.423 21895 22041 I BatteryMgr:DataCollectionService: stats => 1688551658423,306562,3966
07-05 12:07:38.436 21895 22041 I BatteryMgr:DataCollectionService: stats => 1688551658436,306562,3966
07-05 12:07:38.450 21895 22041 I BatteryMgr:DataCollectionService: stats => 1688551658450,306562,3966
07-05 12:07:38.458  1502  1502 I EaselThermalMonitor: Cooling Device: mnh cur_state 0 max_state 4
07-05 12:07:38.458  1502  1502 I EaselThermalMonitor: Cooling Device: mnh cur_state 0 max_state 4
07-05 12:07:38.463 21895 22041 I BatteryMgr:DataCollectionService: stats => 1688551658463,306562,3966
07-05 12:07:38.477 21895 22041 I BatteryMgr:DataCollectionService: stats => 1688551658477,301875,3966
07-05 12:07:38.491 21895 22041 I BatteryMgr:DataCollectionService: stats => 1688551658491,301875,3966
07-05 12:07:38.504 21895 22041 I BatteryMgr:DataCollectionService: stats => 1688551658504,301875,3966
07-05 12:07:38.517 21895 22041 I BatteryMgr:DataCollectionService: stats => 1688551658517,301875,3966
07-05 12:07:38.531 21895 22041 I BatteryMgr:DataCollectionService: stats => 1688551658531,301875,3966
07-05 12:07:38.544 21895 22041 I BatteryMgr:DataCollectionService: stats => 1688551658544,301875,3966
07-05 12:07:38.558 21895 22041 I BatteryMgr:DataCollectionService: stats => 1688551658558,301875,3966
07-05 12:07:38.571 21895 22041 I BatteryMgr:DataCollectionService: stats => 1688551658571,301875,3966
07-05 12:07:38.584 21895 22041 I BatteryMgr:DataCollectionService: stats => 1688551658584,301875,3966
07-05 12:07:38.597 21895 22041 I BatteryMgr:DataCollectionService: stats => 1688551658597,301875,3966
07-05 12:07:38.610 21895 22041 I BatteryMgr:DataCollectionService: stats => 1688551658610,301875,3966
07-05 12:07:38.624 21895 22041 I BatteryMgr:DataCollectionService: stats => 1688551658623,301875,3966
07-05 12:07:38.637 21895 22041 I BatteryMgr:DataCollectionService: stats => 1688551658637,301875,3966
07-05 12:07:38.651 21895 22041 I BatteryMgr:DataCollectionService: stats => 1688551658651,301875,3966
07-05 12:07:38.664 21895 22041 I BatteryMgr:DataCollectionService: stats => 1688551658664,301875,3966
07-05 12:07:38.678 21895 22041 I BatteryMgr:DataCollectionService: stats => 1688551658678,301875,3966
07-05 12:07:38.692 21895 22041 I BatteryMgr:DataCollectionService: stats => 1688551658692,301875,3966
07-05 12:07:38.705 21895 22041 I BatteryMgr:DataCollectionService: stats => 1688551658705,301875,3966
07-05 12:07:38.718 21895 22041 I BatteryMgr:DataCollectionService: stats => 1688551658718,301875,3966
07-05 12:07:38.731 21895 22041 I BatteryMgr:DataCollectionService: stats => 1688551658731,301875,3966
07-05 12:07:38.744 21895 22041 I BatteryMgr:DataCollectionService: stats => 1688551658744,301875,3966
07-05 12:07:38.758 21895 22041 I BatteryMgr:DataCollectionService: stats => 1688551658758,301875,3966
07-05 12:07:38.771 21895 22041 I BatteryMgr:DataCollectionService: stats => 1688551658771,301875,3966
07-05 12:07:38.784 21895 22041 I BatteryMgr:DataCollectionService: stats => 1688551658784,301875,3966
07-05 12:07:38.798 21895 22041 I BatteryMgr:DataCollectionService: stats => 1688551658798,301875,3966
07-05 12:07:38.811 21895 22041 I BatteryMgr:DataCollectionService: stats => 1688551658811,301875,3966
07-05 12:07:38.824 21895 22041 I BatteryMgr:DataCollectionService: stats => 1688551658824,278125,3966
07-05 12:07:38.838 21895 22041 I BatteryMgr:DataCollectionService: stats => 1688551658838,278125,3966
07-05 12:07:38.852 21895 22041 I BatteryMgr:DataCollectionService: stats => 1688551658852,278125,3966
07-05 12:07:38.865 21895 22041 I BatteryMgr:DataCollectionService: stats => 1688551658865,278125,3966
07-05 12:07:38.878 21895 22041 I BatteryMgr:DataCollectionService: stats => 1688551658878,278125,3966
07-05 12:07:38.892 21895 22041 I BatteryMgr:DataCollectionService: stats => 1688551658892,278125,3966
07-05 12:07:38.905 21895 22041 I BatteryMgr:DataCollectionService: stats => 1688551658905,278125,3966
07-05 12:07:38.919 21895 22041 I BatteryMgr:DataCollectionService: stats => 1688551658919,278125,3966
07-05 12:07:38.932 21895 22041 I BatteryMgr:DataCollectionService: stats => 1688551658932,278125,3966
07-05 12:07:38.945 21895 22041 I BatteryMgr:DataCollectionService: stats => 1688551658945,278125,3966
07-05 12:07:38.959 21895 22041 I BatteryMgr:DataCollectionService: stats => 1688551658959,278125,3966
07-05 12:07:38.973 21895 22041 I BatteryMgr:DataCollectionService: stats => 1688551658973,278125,3966
07-05 12:07:38.987 21895 22041 I BatteryMgr:DataCollectionService: stats => 1688551658986,278125,3966
07-05 12:07:39.000 21895 22041 I BatteryMgr:DataCollectionService: stats => 1688551659000,278125,3966
07-05 12:07:39.014 21895 22041 I BatteryMgr:DataCollectionService: stats => 1688551659014,278125,3966
07-05 12:07:39.028 21895 22041 I BatteryMgr:DataCollectionService: stats => 1688551659027,278125,3966
07-05 12:07:39.041 21895 22041 I BatteryMgr:DataCollectionService: stats => 1688551659041,278125,3966
07-05 12:07:39.055 21895 22041 I BatteryMgr:DataCollectionService: stats => 1688551659055,278125,3966
07-05 12:07:39.068 21895 22041 I BatteryMgr:DataCollectionService: stats => 1688551659068,278125,3966
07-05 12:07:39.081 21895 22041 I BatteryMgr:DataCollectionService: stats => 1688551659081,278125,3966
07-05 12:07:39.095 21895 22041 I BatteryMgr:DataCollectionService: stats => 1688551659095,278125,3966
07-05 12:07:39.108 21895 22041 I BatteryMgr:DataCollectionService: stats => 1688551659108,278125,3966
07-05 12:07:39.121 21895 22041 I BatteryMgr:DataCollectionService: stats => 1688551659121,278125,3966
07-05 12:07:39.134 21895 22041 I BatteryMgr:DataCollectionService: stats => 1688551659134,278125,3966
07-05 12:07:39.147 21895 22041 I BatteryMgr:DataCollectionService: stats => 1688551659147,278125,3966
07-05 12:07:39.160 21895 22041 I BatteryMgr:DataCollectionService: stats => 1688551659160,278125,3966
07-05 12:07:39.174 21895 22041 I BatteryMgr:DataCollectionService: stats => 1688551659173,278125,3966
07-05 12:07:39.187 21895 22041 I BatteryMgr:DataCollectionService: stats => 1688551659187,435937,3966
07-05 12:07:39.200 21895 22041 I BatteryMgr:DataCollectionService: stats => 1688551659200,435937,3966
07-05 12:07:39.214 21895 22041 I BatteryMgr:DataCollectionService: stats => 1688551659213,435937,3966
07-05 12:07:39.227 21895 22041 I BatteryMgr:DataCollectionService: stats => 1688551659227,435937,3966
07-05 12:07:39.241 21895 22041 I BatteryMgr:DataCollectionService: stats => 1688551659241,435937,3966
07-05 12:07:39.254 21895 22041 I BatteryMgr:DataCollectionService: stats => 1688551659254,435937,3966
07-05 12:07:39.267 21895 22041 I BatteryMgr:DataCollectionService: stats => 1688551659267,435937,3966
07-05 12:07:39.280 21895 22041 I BatteryMgr:DataCollectionService: stats => 1688551659280,435937,3966
07-05 12:07:39.295 21895 22041 I BatteryMgr:DataCollectionService: stats => 1688551659295,435937,3966
07-05 12:07:39.308 21895 22041 I BatteryMgr:DataCollectionService: stats => 1688551659308,435937,3966
07-05 12:07:39.321 21895 22041 I BatteryMgr:DataCollectionService: stats => 1688551659321,435937,3966
07-05 12:07:39.334 21895 22041 I BatteryMgr:DataCollectionService: stats => 1688551659334,435937,3966
07-05 12:07:39.347 21895 22041 I BatteryMgr:DataCollectionService: stats => 1688551659347,435937,3966
07-05 12:07:39.361 21895 22041 I BatteryMgr:DataCollectionService: stats => 1688551659361,435937,3966
07-05 12:07:39.375 21895 22041 I BatteryMgr:DataCollectionService: stats => 1688551659375,435937,3966
07-05 12:07:39.388 21895 22041 I BatteryMgr:DataCollectionService: stats => 1688551659388,435937,3966
07-05 12:07:39.402 21895 22041 I BatteryMgr:DataCollectionService: stats => 1688551659402,435937,3966
07-05 12:07:39.415 21895 22041 I BatteryMgr:DataCollectionService: stats => 1688551659415,435937,3966
07-05 12:07:39.429 21895 22041 I BatteryMgr:DataCollectionService: stats => 1688551659429,435937,3966
07-05 12:07:39.443 21895 22041 I BatteryMgr:DataCollectionService: stats => 1688551659443,435937,3966
07-05 12:07:39.457 21895 22041 I BatteryMgr:DataCollectionService: stats => 1688551659457,435937,3966
07-05 12:07:39.471 21895 22041 I BatteryMgr:DataCollectionService: stats => 1688551659471,435937,3966
07-05 12:07:39.485 21895 22041 I BatteryMgr:DataCollectionService: stats => 1688551659485,435937,3966
07-05 12:07:39.499 21895 22041 I BatteryMgr:DataCollectionService: stats => 1688551659499,435937,3966
07-05 12:07:39.512 21895 22041 I BatteryMgr:DataCollectionService: stats => 1688551659512,435937,3966
07-05 12:07:39.526 21895 22041 I BatteryMgr:DataCollectionService: stats => 1688551659526,309687,3966
07-05 12:07:39.540 21895 22041 I BatteryMgr:DataCollectionService: stats => 1688551659540,309687,3966
07-05 12:07:39.553 21895 22041 I BatteryMgr:DataCollectionService: stats => 1688551659553,309687,3966
07-05 12:07:39.567 21895 22041 I BatteryMgr:DataCollectionService: stats => 1688551659567,309687,3966
07-05 12:07:39.581 21895 22041 I BatteryMgr:DataCollectionService: stats => 1688551659581,309687,3966
07-05 12:07:39.594 21895 22041 I BatteryMgr:DataCollectionService: stats => 1688551659594,309687,3966
07-05 12:07:39.608 21895 22041 I BatteryMgr:DataCollectionService: stats => 1688551659608,309687,3966
07-05 12:07:39.621 21895 22041 I BatteryMgr:DataCollectionService: stats => 1688551659621,309687,3966
07-05 12:07:39.634 21895 22041 I BatteryMgr:DataCollectionService: stats => 1688551659634,309687,3966
07-05 12:07:39.647 21895 22041 I BatteryMgr:DataCollectionService: stats => 1688551659647,309687,3966
07-05 12:07:39.661 21895 22041 I BatteryMgr:DataCollectionService: stats => 1688551659661,309687,3966
07-05 12:07:39.674 21895 22041 I BatteryMgr:DataCollectionService: stats => 1688551659674,309687,3966
07-05 12:07:39.688 21895 22041 I BatteryMgr:DataCollectionService: stats => 1688551659688,309687,3966
07-05 12:07:39.701 21895 22041 I BatteryMgr:DataCollectionService: stats => 1688551659701,309687,3966
07-05 12:07:39.714 21895 22041 I BatteryMgr:DataCollectionService: stats => 1688551659714,309687,3966
07-05 12:07:39.727 21895 22041 I BatteryMgr:DataCollectionService: stats => 1688551659727,309687,3966
07-05 12:07:39.741 21895 22041 I BatteryMgr:DataCollectionService: stats => 1688551659741,309687,3966
07-05 12:07:39.754 21895 22041 I BatteryMgr:DataCollectionService: stats => 1688551659754,309687,3966
07-05 12:07:39.768 21895 22041 I BatteryMgr:DataCollectionService: stats => 1688551659768,309687,3966
07-05 12:07:39.781 21895 22041 I BatteryMgr:DataCollectionService: stats => 1688551659781,309687,3966
07-05 12:07:39.794 21895 22041 I BatteryMgr:DataCollectionService: stats => 1688551659794,309687,3966
07-05 12:07:39.808 21895 22041 I BatteryMgr:DataCollectionService: stats => 1688551659808,309687,3966
07-05 12:07:39.821 21895 22041 I BatteryMgr:DataCollectionService: stats => 1688551659821,309687,3966
07-05 12:07:39.834 21895 22041 I BatteryMgr:DataCollectionService: stats => 1688551659834,309687,3966
07-05 12:07:39.847 21895 22041 I BatteryMgr:DataCollectionService: stats => 1688551659847,309687,3966
07-05 12:07:39.860 21895 22041 I BatteryMgr:DataCollectionService: stats => 1688551659859,309687,3966
07-05 12:07:39.873 21895 22041 I BatteryMgr:DataCollectionService: stats => 1688551659873,309687,3966
07-05 12:07:39.887 21895 22041 I BatteryMgr:DataCollectionService: stats => 1688551659887,307187,3966
07-05 12:07:39.900 21895 22041 I BatteryMgr:DataCollectionService: stats => 1688551659900,307187,3966
07-05 12:07:39.914 21895 22041 I BatteryMgr:DataCollectionService: stats => 1688551659914,307187,3966
07-05 12:07:39.927 21895 22041 I BatteryMgr:DataCollectionService: stats => 1688551659927,307187,3966
07-05 12:07:39.941 21895 22041 I BatteryMgr:DataCollectionService: stats => 1688551659941,307187,3966
07-05 12:07:39.954 21895 22041 I BatteryMgr:DataCollectionService: stats => 1688551659954,307187,3966
07-05 12:07:39.967 21895 22041 I BatteryMgr:DataCollectionService: stats => 1688551659967,307187,3966
07-05 12:07:39.981 21895 22041 I BatteryMgr:DataCollectionService: stats => 1688551659981,307187,3966
07-05 12:07:39.995 21895 22041 I BatteryMgr:DataCollectionService: stats => 1688551659995,307187,3966
07-05 12:07:40.008 21895 22041 I BatteryMgr:DataCollectionService: stats => 1688551660008,307187,3966
07-05 12:07:40.021 21895 22041 I BatteryMgr:DataCollectionService: stats => 1688551660021,307187,3966
07-05 12:07:40.034 21895 22041 I BatteryMgr:DataCollectionService: stats => 1688551660034,307187,3966
07-05 12:07:40.047 21895 22041 I BatteryMgr:DataCollectionService: stats => 1688551660047,307187,3966
07-05 12:07:40.061 21895 22041 I BatteryMgr:DataCollectionService: stats => 1688551660061,307187,3966
07-05 12:07:40.075 21895 22041 I BatteryMgr:DataCollectionService: stats => 1688551660075,307187,3966
