07-06 00:34:46.411 32343 32495 I BatteryMgr:DataCollectionService: stats => 1688596486411,-343261,4100
07-06 00:34:46.427 32343 32495 I BatteryMgr:DataCollectionService: stats => 1688596486427,-343261,4100
07-06 00:34:46.448 32343 32495 I BatteryMgr:DataCollectionService: stats => 1688596486448,-343261,4100
07-06 00:34:46.466 32343 32495 I BatteryMgr:DataCollectionService: stats => 1688596486466,-343261,4100
07-06 00:34:46.484 32343 32495 I BatteryMgr:DataCollectionService: stats => 1688596486484,-343261,4100
07-06 00:34:46.508 32343 32495 I BatteryMgr:DataCollectionService: stats => 1688596486506,-343261,4100
07-06 00:34:46.527 32343 32495 I BatteryMgr:DataCollectionService: stats => 1688596486527,-343261,4100
07-06 00:34:46.546  1004 32447 E Camera3-OutputStream: getBufferLockedCommon: Stream 0: Can't dequeue next output buffer: Connection timed out (-110)
07-06 00:34:46.550 32343 32495 I BatteryMgr:DataCollectionService: stats => 1688596486549,-343261,4100
07-06 00:34:46.566 32343 32495 I BatteryMgr:DataCollectionService: stats => 1688596486566,-343261,4100
07-06 00:34:46.584 32343 32495 I BatteryMgr:DataCollectionService: stats => 1688596486584,-343261,4100
07-06 00:34:46.600 32343 32495 I BatteryMgr:DataCollectionService: stats => 1688596486600,-343261,4100
07-06 00:34:46.617 32343 32495 I BatteryMgr:DataCollectionService: stats => 1688596486616,-343261,4100
07-06 00:34:46.633 32343 32495 I BatteryMgr:DataCollectionService: stats => 1688596486633,-343261,4100
07-06 00:34:46.659 32343 32495 I BatteryMgr:DataCollectionService: stats => 1688596486659,-343261,4100
07-06 00:34:46.676 32343 32495 I BatteryMgr:DataCollectionService: stats => 1688596486675,-343261,4100
07-06 00:34:46.697 32343 32495 I BatteryMgr:DataCollectionService: stats => 1688596486697,-343261,4100
07-06 00:34:46.715 32343 32495 I BatteryMgr:DataCollectionService: stats => 1688596486714,-343261,4100
07-06 00:34:46.732 32343 32495 I BatteryMgr:DataCollectionService: stats => 1688596486732,-343261,4100
07-06 00:34:46.749 32343 32495 I BatteryMgr:DataCollectionService: stats => 1688596486749,-343261,4100
07-06 00:34:46.766 32343 32495 I BatteryMgr:DataCollectionService: stats => 1688596486766,-343261,4100
07-06 00:34:46.783 32343 32495 I BatteryMgr:DataCollectionService: stats => 1688596486783,-343261,4100
07-06 00:34:46.802 32343 32495 I BatteryMgr:DataCollectionService: stats => 1688596486802,-343261,4100
07-06 00:34:46.823 32343 32495 I BatteryMgr:DataCollectionService: stats => 1688596486822,-343261,4100
07-06 00:34:46.840 32343 32495 I BatteryMgr:DataCollectionService: stats => 1688596486840,-343261,4100
07-06 00:34:46.866 32343 32495 I BatteryMgr:DataCollectionService: stats => 1688596486866,-343261,4100
07-06 00:34:46.884 32343 32495 I BatteryMgr:DataCollectionService: stats => 1688596486884,-343261,4100
07-06 00:34:46.901 32343 32495 I BatteryMgr:DataCollectionService: stats => 1688596486901,-343261,4100
07-06 00:34:46.917 32343 32495 I BatteryMgr:DataCollectionService: stats => 1688596486917,-343261,4100
07-06 00:34:46.938 32343 32495 I BatteryMgr:DataCollectionService: stats => 1688596486938,-343261,4100
07-06 00:34:46.958 32343 32495 I BatteryMgr:DataCollectionService: stats => 1688596486958,-343261,4100
07-06 00:34:46.976 32343 32495 I BatteryMgr:DataCollectionService: stats => 1688596486976,-343261,4100
07-06 00:34:46.992 32343 32495 I BatteryMgr:DataCollectionService: stats => 1688596486992,-343261,4100
07-06 00:34:47.011 32343 32495 I BatteryMgr:DataCollectionService: stats => 1688596487011,-343261,4100
07-06 00:34:47.028 32343 32495 I BatteryMgr:DataCollectionService: stats => 1688596487028,-343261,4100
07-06 00:34:47.044 32343 32495 I BatteryMgr:DataCollectionService: stats => 1688596487044,-343261,4100
07-06 00:34:47.060 32343 32495 I BatteryMgr:DataCollectionService: stats => 1688596487060,-343261,4100
07-06 00:34:47.078 32343 32495 I BatteryMgr:DataCollectionService: stats => 1688596487078,-343261,4100
07-06 00:34:47.094 32343 32495 I BatteryMgr:DataCollectionService: stats => 1688596487094,-343261,4100
07-06 00:34:47.111 32343 32495 I BatteryMgr:DataCollectionService: stats => 1688596487110,-343261,4100
07-06 00:34:47.127 32343 32495 I BatteryMgr:DataCollectionService: stats => 1688596487127,-343261,4100
07-06 00:34:47.145 32343 32495 I BatteryMgr:DataCollectionService: stats => 1688596487145,-343261,4100
07-06 00:34:47.163 32343 32495 I BatteryMgr:DataCollectionService: stats => 1688596487163,-318359,4100
07-06 00:34:47.184 32343 32495 I BatteryMgr:DataCollectionService: stats => 1688596487184,-318359,4100
07-06 00:34:47.200 32343 32495 I BatteryMgr:DataCollectionService: stats => 1688596487200,-318359,4100
07-06 00:34:47.218 32343 32495 I BatteryMgr:DataCollectionService: stats => 1688596487218,-318359,4100
07-06 00:34:47.236 32343 32495 I BatteryMgr:DataCollectionService: stats => 1688596487236,-318359,4100
07-06 00:34:47.253 32343 32495 I BatteryMgr:DataCollectionService: stats => 1688596487253,-318359,4100
07-06 00:34:47.270 32343 32495 I BatteryMgr:DataCollectionService: stats => 1688596487270,-318359,4100
07-06 00:34:47.288 32343 32495 I BatteryMgr:DataCollectionService: stats => 1688596487288,-318359,4100
07-06 00:34:47.314 32343 32495 I BatteryMgr:DataCollectionService: stats => 1688596487304,-318359,4100
07-06 00:34:47.331 32343 32495 I BatteryMgr:DataCollectionService: stats => 1688596487331,-318359,4100
07-06 00:34:47.348 32343 32495 I BatteryMgr:DataCollectionService: stats => 1688596487348,-318359,4100
07-06 00:34:47.364 32343 32495 I BatteryMgr:DataCollectionService: stats => 1688596487364,-318359,4100
07-06 00:34:47.380 32343 32495 I BatteryMgr:DataCollectionService: stats => 1688596487380,-318359,4100
07-06 00:34:47.399 32343 32495 I BatteryMgr:DataCollectionService: stats => 1688596487399,-318359,4100
07-06 00:34:47.415 32343 32495 I BatteryMgr:DataCollectionService: stats => 1688596487415,-318359,4100
07-06 00:34:47.432 32343 32495 I BatteryMgr:DataCollectionService: stats => 1688596487432,-318359,4100
07-06 00:34:47.448 32343 32495 I BatteryMgr:DataCollectionService: stats => 1688596487448,-318359,4100
07-06 00:34:47.465 32343 32495 I BatteryMgr:DataCollectionService: stats => 1688596487465,-318359,4100
07-06 00:34:47.482 32343 32495 I BatteryMgr:DataCollectionService: stats => 1688596487482,-318359,4100
07-06 00:34:47.500 32343 32495 I BatteryMgr:DataCollectionService: stats => 1688596487500,-318359,4100
07-06 00:34:47.516 32343 32495 I BatteryMgr:DataCollectionService: stats => 1688596487516,-318359,4100
07-06 00:34:47.534 32343 32495 I BatteryMgr:DataCollectionService: stats => 1688596487534,-318359,4100
07-06 00:34:47.548  1004 32447 E Camera3-OutputStream: getBufferLockedCommon: Stream 0: Can't dequeue next output buffer: Connection timed out (-110)
07-06 00:34:47.553 32343 32495 I BatteryMgr:DataCollectionService: stats => 1688596487552,-318359,4100
07-06 00:34:47.569 32343 32495 I BatteryMgr:DataCollectionService: stats => 1688596487569,-318359,4100
07-06 00:34:47.587 32343 32495 I BatteryMgr:DataCollectionService: stats => 1688596487587,-318359,4100
07-06 00:34:47.602 32343 32495 I BatteryMgr:DataCollectionService: stats => 1688596487602,-318359,4100
07-06 00:34:47.617 32343 32495 I BatteryMgr:DataCollectionService: stats => 1688596487617,-318359,4100
07-06 00:34:47.636 32343 32495 I BatteryMgr:DataCollectionService: stats => 1688596487636,-318359,4100
07-06 00:34:47.654 32343 32495 I BatteryMgr:DataCollectionService: stats => 1688596487654,-318359,4100
07-06 00:34:47.674 32343 32495 I BatteryMgr:DataCollectionService: stats => 1688596487674,-318359,4100
07-06 00:34:47.690 32343 32495 I BatteryMgr:DataCollectionService: stats => 1688596487690,-318359,4100
07-06 00:34:47.710 32343 32495 I BatteryMgr:DataCollectionService: stats => 1688596487710,-318359,4100
07-06 00:34:47.727 32343 32495 I BatteryMgr:DataCollectionService: stats => 1688596487726,-318359,4100
07-06 00:34:47.742 32343 32495 I BatteryMgr:DataCollectionService: stats => 1688596487742,-318359,4100
07-06 00:34:47.759 32343 32495 I BatteryMgr:DataCollectionService: stats => 1688596487758,-318359,4100
07-06 00:34:47.784 32343 32495 I BatteryMgr:DataCollectionService: stats => 1688596487783,-318359,4100
07-06 00:34:47.808 32343 32495 I BatteryMgr:DataCollectionService: stats => 1688596487802,-318359,4100
07-06 00:34:47.826 32343 32495 I BatteryMgr:DataCollectionService: stats => 1688596487826,-318359,4100
07-06 00:34:47.843 32343 32495 I BatteryMgr:DataCollectionService: stats => 1688596487843,-318359,4100
07-06 00:34:47.860 32343 32495 I BatteryMgr:DataCollectionService: stats => 1688596487860,-318359,4100
07-06 00:34:47.882 32343 32495 I BatteryMgr:DataCollectionService: stats => 1688596487882,-318359,4100
07-06 00:34:47.898 32343 32495 I BatteryMgr:DataCollectionService: stats => 1688596487898,-318359,4100
07-06 00:34:47.918 32343 32495 I BatteryMgr:DataCollectionService: stats => 1688596487918,-318359,4100
07-06 00:34:47.937 32343 32495 I BatteryMgr:DataCollectionService: stats => 1688596487937,-318359,4100
07-06 00:34:47.953 32343 32495 I BatteryMgr:DataCollectionService: stats => 1688596487953,-318359,4100
07-06 00:34:47.977 32343 32495 I BatteryMgr:DataCollectionService: stats => 1688596487976,-318359,4100
07-06 00:34:47.992 32343 32495 I BatteryMgr:DataCollectionService: stats => 1688596487992,-318359,4100
07-06 00:34:48.007 32343 32495 I BatteryMgr:DataCollectionService: stats => 1688596488007,-318359,4100
07-06 00:34:48.022 32343 32495 I BatteryMgr:DataCollectionService: stats => 1688596488022,-318359,4100
07-06 00:34:48.038 32343 32495 I BatteryMgr:DataCollectionService: stats => 1688596488038,-318359,4100
07-06 00:34:48.060 32343 32495 I BatteryMgr:DataCollectionService: stats => 1688596488060,-318359,4100
07-06 00:34:48.078 32343 32495 I BatteryMgr:DataCollectionService: stats => 1688596488077,-318359,4100
07-06 00:34:48.096 32343 32495 I BatteryMgr:DataCollectionService: stats => 1688596488096,-318359,4100
07-06 00:34:48.113 32343 32495 I BatteryMgr:DataCollectionService: stats => 1688596488113,-318359,4100
07-06 00:34:48.130 32343 32495 I BatteryMgr:DataCollectionService: stats => 1688596488130,-318359,4100
07-06 00:34:48.146 32343 32495 I BatteryMgr:DataCollectionService: stats => 1688596488146,-318359,4100
07-06 00:34:48.162 32343 32495 I BatteryMgr:DataCollectionService: stats => 1688596488162,-318359,4100
07-06 00:34:48.178 32343 32495 I BatteryMgr:DataCollectionService: stats => 1688596488178,-318359,4100
07-06 00:34:48.199 32343 32495 I BatteryMgr:DataCollectionService: stats => 1688596488199,-318359,4100
07-06 00:34:48.216 32343 32495 I BatteryMgr:DataCollectionService: stats => 1688596488215,-318359,4100
07-06 00:34:48.232 32343 32495 I BatteryMgr:DataCollectionService: stats => 1688596488232,-318359,4100
07-06 00:34:48.248 32343 32495 I BatteryMgr:DataCollectionService: stats => 1688596488248,-318359,4100
07-06 00:34:48.270 32343 32495 I BatteryMgr:DataCollectionService: stats => 1688596488269,-318359,4100
07-06 00:34:48.286 32343 32495 I BatteryMgr:DataCollectionService: stats => 1688596488286,-318359,4100
07-06 00:34:48.302 32343 32495 I BatteryMgr:DataCollectionService: stats => 1688596488302,-318359,4100
07-06 00:34:48.319 32343 32495 I BatteryMgr:DataCollectionService: stats => 1688596488319,-318359,4100
07-06 00:34:48.346 32343 32495 I BatteryMgr:DataCollectionService: stats => 1688596488345,-318359,4100
07-06 00:34:48.362 32343 32495 I BatteryMgr:DataCollectionService: stats => 1688596488362,-318359,4100
07-06 00:34:48.380 32343 32495 I BatteryMgr:DataCollectionService: stats => 1688596488380,-318359,4100
07-06 00:34:48.396 32343 32495 I BatteryMgr:DataCollectionService: stats => 1688596488396,-318359,4100
07-06 00:34:48.416 32343 32495 I BatteryMgr:DataCollectionService: stats => 1688596488416,-318359,4100
07-06 00:34:48.433 32343 32495 I BatteryMgr:DataCollectionService: stats => 1688596488432,-318359,4100
07-06 00:34:48.449 32343 32495 I BatteryMgr:DataCollectionService: stats => 1688596488449,-318359,4100
07-06 00:34:48.466 32343 32495 I BatteryMgr:DataCollectionService: stats => 1688596488466,-318359,4100
07-06 00:34:48.483 32343 32495 I BatteryMgr:DataCollectionService: stats => 1688596488483,-318359,4100
07-06 00:34:48.499 32343 32495 I BatteryMgr:DataCollectionService: stats => 1688596488499,-318359,4100
07-06 00:34:48.515 32343 32495 I BatteryMgr:DataCollectionService: stats => 1688596488515,-318359,4100
07-06 00:34:48.535 32343 32495 I BatteryMgr:DataCollectionService: stats => 1688596488535,-318359,4100
07-06 00:34:48.549  1004 32447 E Camera3-OutputStream: getBufferLockedCommon: Stream 0: Can't dequeue next output buffer: Connection timed out (-110)
07-06 00:34:48.553 32343 32495 I BatteryMgr:DataCollectionService: stats => 1688596488553,-318359,4100
07-06 00:34:48.568 32343 32495 I BatteryMgr:DataCollectionService: stats => 1688596488568,-318359,4100
07-06 00:34:48.586 32343 32495 I BatteryMgr:DataCollectionService: stats => 1688596488586,-318359,4100
07-06 00:34:48.605 32343 32495 I BatteryMgr:DataCollectionService: stats => 1688596488604,-318359,4100
07-06 00:34:48.620 32343 32495 I BatteryMgr:DataCollectionService: stats => 1688596488620,-288574,4100
07-06 00:34:48.636 32343 32495 I BatteryMgr:DataCollectionService: stats => 1688596488636,-288574,4100
07-06 00:34:48.653 32343 32495 I BatteryMgr:DataCollectionService: stats => 1688596488653,-288574,4100
07-06 00:34:48.671 32343 32495 I BatteryMgr:DataCollectionService: stats => 1688596488671,-288574,4100
07-06 00:34:48.688 32343 32495 I BatteryMgr:DataCollectionService: stats => 1688596488688,-288574,4100
07-06 00:34:48.704 32343 32495 I BatteryMgr:DataCollectionService: stats => 1688596488704,-288574,4100
07-06 00:34:48.721 32343 32495 I BatteryMgr:DataCollectionService: stats => 1688596488721,-288574,4100
07-06 00:34:48.737 32343 32495 I BatteryMgr:DataCollectionService: stats => 1688596488737,-288574,4100
07-06 00:34:48.754 32343 32495 I BatteryMgr:DataCollectionService: stats => 1688596488754,-288574,4100
07-06 00:34:48.771 32343 32495 I BatteryMgr:DataCollectionService: stats => 1688596488771,-288574,4100
07-06 00:34:48.789 32343 32495 I BatteryMgr:DataCollectionService: stats => 1688596488789,-288574,4100
07-06 00:34:48.805 32343 32495 I BatteryMgr:DataCollectionService: stats => 1688596488804,-288574,4100
07-06 00:34:48.820 32343 32495 I BatteryMgr:DataCollectionService: stats => 1688596488820,-288574,4100
07-06 00:34:48.836 32343 32495 I BatteryMgr:DataCollectionService: stats => 1688596488836,-288574,4100
07-06 00:34:48.852 32343 32495 I BatteryMgr:DataCollectionService: stats => 1688596488852,-288574,4100
07-06 00:34:48.871 32343 32495 I BatteryMgr:DataCollectionService: stats => 1688596488870,-288574,4100
07-06 00:34:48.887 32343 32495 I BatteryMgr:DataCollectionService: stats => 1688596488887,-288574,4100
07-06 00:34:48.906 32343 32495 I BatteryMgr:DataCollectionService: stats => 1688596488906,-288574,4100
07-06 00:34:48.923 32343 32495 I BatteryMgr:DataCollectionService: stats => 1688596488923,-288574,4100
07-06 00:34:48.938 32343 32495 I BatteryMgr:DataCollectionService: stats => 1688596488938,-288574,4100
07-06 00:34:48.954 32343 32495 I BatteryMgr:DataCollectionService: stats => 1688596488953,-288574,4100
07-06 00:34:48.974 32343 32495 I BatteryMgr:DataCollectionService: stats => 1688596488974,-288574,4100
07-06 00:34:48.991 32343 32495 I BatteryMgr:DataCollectionService: stats => 1688596488990,-288574,4100
07-06 00:34:49.009 32343 32495 I BatteryMgr:DataCollectionService: stats => 1688596489008,-288574,4100
07-06 00:34:49.024 32343 32495 I BatteryMgr:DataCollectionService: stats => 1688596489024,-288574,4100
07-06 00:34:49.044 32343 32495 I BatteryMgr:DataCollectionService: stats => 1688596489044,-288574,4100
07-06 00:34:49.061 32343 32495 I BatteryMgr:DataCollectionService: stats => 1688596489061,-288574,4100
07-06 00:34:49.079 32343 32495 I BatteryMgr:DataCollectionService: stats => 1688596489079,-288574,4100
07-06 00:34:49.096 32343 32495 I BatteryMgr:DataCollectionService: stats => 1688596489096,-288574,4100
07-06 00:34:49.114 32343 32495 I BatteryMgr:DataCollectionService: stats => 1688596489114,-288574,4100
07-06 00:34:49.131 32343 32495 I BatteryMgr:DataCollectionService: stats => 1688596489131,-288574,4100
07-06 00:34:49.149 32343 32495 I BatteryMgr:DataCollectionService: stats => 1688596489149,-288574,4100
07-06 00:34:49.166 32343 32495 I BatteryMgr:DataCollectionService: stats => 1688596489166,-288574,4100
07-06 00:34:49.186 32343 32495 I BatteryMgr:DataCollectionService: stats => 1688596489186,-288574,4100
07-06 00:34:49.203 32343 32495 I BatteryMgr:DataCollectionService: stats => 1688596489202,-288574,4100
07-06 00:34:49.220 32343 32495 I BatteryMgr:DataCollectionService: stats => 1688596489220,-288574,4100
07-06 00:34:49.242 32343 32495 I BatteryMgr:DataCollectionService: stats => 1688596489242,-288574,4100
07-06 00:34:49.259 32343 32495 I BatteryMgr:DataCollectionService: stats => 1688596489259,-288574,4100
07-06 00:34:49.276 32343 32495 I BatteryMgr:DataCollectionService: stats => 1688596489276,-288574,4100
07-06 00:34:49.293 32343 32495 I BatteryMgr:DataCollectionService: stats => 1688596489292,-288574,4100
07-06 00:34:49.308 32343 32495 I BatteryMgr:DataCollectionService: stats => 1688596489308,-288574,4100
07-06 00:34:49.324 32343 32495 I BatteryMgr:DataCollectionService: stats => 1688596489324,-288574,4100
07-06 00:34:49.340 32343 32495 I BatteryMgr:DataCollectionService: stats => 1688596489340,-288574,4100
07-06 00:34:49.356 32343 32495 I BatteryMgr:DataCollectionService: stats => 1688596489356,-288574,4100
07-06 00:34:49.372 32343 32495 I BatteryMgr:DataCollectionService: stats => 1688596489371,-288574,4100
07-06 00:34:49.387 32343 32495 I BatteryMgr:DataCollectionService: stats => 1688596489387,-288574,4100
07-06 00:34:49.404 32343 32495 I BatteryMgr:DataCollectionService: stats => 1688596489404,-288574,4100
07-06 00:34:49.423 32343 32495 I BatteryMgr:DataCollectionService: stats => 1688596489423,-288574,4100
07-06 00:34:49.440 32343 32495 I BatteryMgr:DataCollectionService: stats => 1688596489440,-288574,4100
07-06 00:34:49.457 32343 32495 I BatteryMgr:DataCollectionService: stats => 1688596489456,-288574,4100
07-06 00:34:49.473 32343 32495 I BatteryMgr:DataCollectionService: stats => 1688596489473,-288574,4100
07-06 00:34:49.499 32343 32495 I BatteryMgr:DataCollectionService: stats => 1688596489499,-288574,4100
07-06 00:34:49.515 32343 32495 I BatteryMgr:DataCollectionService: stats => 1688596489515,-288574,4100
07-06 00:34:49.539 32343 32495 I BatteryMgr:DataCollectionService: stats => 1688596489538,-288574,4100
07-06 00:34:49.551  1004 32447 E Camera3-OutputStream: getBufferLockedCommon: Stream 0: Can't dequeue next output buffer: Connection timed out (-110)
07-06 00:34:49.556 32343 32495 I BatteryMgr:DataCollectionService: stats => 1688596489556,-288574,4100
07-06 00:34:49.573 32343 32495 I BatteryMgr:DataCollectionService: stats => 1688596489571,-288574,4100
07-06 00:34:49.590 32343 32495 I BatteryMgr:DataCollectionService: stats => 1688596489589,-288574,4100
07-06 00:34:49.606 32343 32495 I BatteryMgr:DataCollectionService: stats => 1688596489606,-288574,4100
07-06 00:34:49.621 32343 32495 I BatteryMgr:DataCollectionService: stats => 1688596489621,-288574,4100
07-06 00:34:49.639 32343 32495 I BatteryMgr:DataCollectionService: stats => 1688596489639,-288574,4100
07-06 00:34:49.656 32343 32495 I BatteryMgr:DataCollectionService: stats => 1688596489656,-288574,4100
07-06 00:34:49.676 32343 32495 I BatteryMgr:DataCollectionService: stats => 1688596489675,-288574,4100
07-06 00:34:49.694 32343 32495 I BatteryMgr:DataCollectionService: stats => 1688596489694,-288574,4100
07-06 00:34:49.712 32343 32495 I BatteryMgr:DataCollectionService: stats => 1688596489712,-288574,4100
07-06 00:34:49.727 32343 32495 I BatteryMgr:DataCollectionService: stats => 1688596489727,-288574,4100
07-06 00:34:49.745 32343 32495 I BatteryMgr:DataCollectionService: stats => 1688596489745,-288574,4100
07-06 00:34:49.761 32343 32495 I BatteryMgr:DataCollectionService: stats => 1688596489761,-288574,4100
07-06 00:34:49.781 32343 32495 I BatteryMgr:DataCollectionService: stats => 1688596489781,-288574,4100
07-06 00:34:49.798 32343 32495 I BatteryMgr:DataCollectionService: stats => 1688596489798,-288574,4100
07-06 00:34:49.816 32343 32495 I BatteryMgr:DataCollectionService: stats => 1688596489816,-288574,4100
07-06 00:34:49.832 32343 32495 I BatteryMgr:DataCollectionService: stats => 1688596489832,-288574,4100
07-06 00:34:49.850 32343 32495 I BatteryMgr:DataCollectionService: stats => 1688596489850,-288574,4100
07-06 00:34:49.866 32343 32495 I BatteryMgr:DataCollectionService: stats => 1688596489866,-288574,4100
07-06 00:34:49.882 32343 32495 I BatteryMgr:DataCollectionService: stats => 1688596489882,-288574,4100
07-06 00:34:49.900 32343 32495 I BatteryMgr:DataCollectionService: stats => 1688596489900,-288574,4100
07-06 00:34:49.918 32343 32495 I BatteryMgr:DataCollectionService: stats => 1688596489918,-288574,4100
07-06 00:34:49.935 32343 32495 I BatteryMgr:DataCollectionService: stats => 1688596489934,-288574,4100
07-06 00:34:49.961 32343 32495 I BatteryMgr:DataCollectionService: stats => 1688596489961,-288574,4100
07-06 00:34:49.978 32343 32495 I BatteryMgr:DataCollectionService: stats => 1688596489978,-288574,4100
07-06 00:34:49.994 32343 32495 I BatteryMgr:DataCollectionService: stats => 1688596489994,-288574,4100
07-06 00:34:50.009 32343 32495 I BatteryMgr:DataCollectionService: stats => 1688596490009,-288574,4100
07-06 00:34:50.028 32343 32495 I BatteryMgr:DataCollectionService: stats => 1688596490028,-288574,4100
07-06 00:34:50.045 32343 32495 I BatteryMgr:DataCollectionService: stats => 1688596490045,-288574,4100
07-06 00:34:50.061 32343 32495 I BatteryMgr:DataCollectionService: stats => 1688596490061,-288574,4100
07-06 00:34:50.077 32343 32495 I BatteryMgr:DataCollectionService: stats => 1688596490077,-249999,4100
07-06 00:34:50.097 32343 32495 I BatteryMgr:DataCollectionService: stats => 1688596490097,-249999,4100
07-06 00:34:50.113 32343 32495 I BatteryMgr:DataCollectionService: stats => 1688596490113,-249999,4100
07-06 00:34:50.131 32343 32495 I BatteryMgr:DataCollectionService: stats => 1688596490130,-249999,4100
07-06 00:34:50.148 32343 32495 I BatteryMgr:DataCollectionService: stats => 1688596490148,-249999,4100
07-06 00:34:50.166 32343 32495 I BatteryMgr:DataCollectionService: stats => 1688596490166,-249999,4100
07-06 00:34:50.182 32343 32495 I BatteryMgr:DataCollectionService: stats => 1688596490182,-249999,4100
07-06 00:34:50.200 32343 32495 I BatteryMgr:DataCollectionService: stats => 1688596490200,-249999,4100
07-06 00:34:50.218 32343 32495 I BatteryMgr:DataCollectionService: stats => 1688596490217,-249999,4100
07-06 00:34:50.236 32343 32495 I BatteryMgr:DataCollectionService: stats => 1688596490236,-249999,4100
07-06 00:34:50.254 32343 32495 I BatteryMgr:DataCollectionService: stats => 1688596490253,-249999,4100
07-06 00:34:50.270 32343 32495 I BatteryMgr:DataCollectionService: stats => 1688596490270,-249999,4100
07-06 00:34:50.290 32343 32495 I BatteryMgr:DataCollectionService: stats => 1688596490290,-249999,4100
07-06 00:34:50.308 32343 32495 I BatteryMgr:DataCollectionService: stats => 1688596490307,-249999,4100
07-06 00:34:50.323 32343 32495 I BatteryMgr:DataCollectionService: stats => 1688596490323,-249999,4100
07-06 00:34:50.340 32343 32495 I BatteryMgr:DataCollectionService: stats => 1688596490340,-249999,4100
07-06 00:34:50.357 32343 32495 I BatteryMgr:DataCollectionService: stats => 1688596490357,-249999,4100
07-06 00:34:50.377 32343 32495 I BatteryMgr:DataCollectionService: stats => 1688596490377,-249999,4100
07-06 00:34:50.392 32343 32495 I BatteryMgr:DataCollectionService: stats => 1688596490392,-249999,4100
07-06 00:34:50.410 32343 32495 I BatteryMgr:DataCollectionService: stats => 1688596490409,-249999,4100
07-06 00:34:50.430 32343 32495 I BatteryMgr:DataCollectionService: stats => 1688596490430,-249999,4100
07-06 00:34:50.447 32343 32495 I BatteryMgr:DataCollectionService: stats => 1688596490447,-249999,4100
07-06 00:34:50.463 32343 32495 I BatteryMgr:DataCollectionService: stats => 1688596490463,-249999,4100
07-06 00:34:50.481 32343 32495 I BatteryMgr:DataCollectionService: stats => 1688596490481,-249999,4100
07-06 00:34:50.496 32343 32495 I BatteryMgr:DataCollectionService: stats => 1688596490496,-249999,4100
07-06 00:34:50.513 32343 32495 I BatteryMgr:DataCollectionService: stats => 1688596490513,-249999,4100
07-06 00:34:50.530 32343 32495 I BatteryMgr:DataCollectionService: stats => 1688596490530,-249999,4100
07-06 00:34:50.553 32343 32495 I BatteryMgr:DataCollectionService: stats => 1688596490553,-249999,4100
07-06 00:34:50.554  1004 32447 E Camera3-OutputStream: getBufferLockedCommon: Stream 0: Can't dequeue next output buffer: Connection timed out (-110)
07-06 00:34:50.574 32343 32495 I BatteryMgr:DataCollectionService: stats => 1688596490574,-249999,4100
07-06 00:34:50.589 32343 32495 I BatteryMgr:DataCollectionService: stats => 1688596490589,-249999,4100
07-06 00:34:50.604 32343 32495 I BatteryMgr:DataCollectionService: stats => 1688596490603,-249999,4100
07-06 00:34:50.618 32343 32495 I BatteryMgr:DataCollectionService: stats => 1688596490617,-249999,4100
07-06 00:34:50.631 32343 32495 I BatteryMgr:DataCollectionService: stats => 1688596490631,-249999,4100
07-06 00:34:50.645 32343 32495 I BatteryMgr:DataCollectionService: stats => 1688596490644,-249999,4100
07-06 00:34:50.657 32343 32495 I BatteryMgr:DataCollectionService: stats => 1688596490657,-249999,4100
07-06 00:34:50.671 32343 32495 I BatteryMgr:DataCollectionService: stats => 1688596490671,-249999,4100
07-06 00:34:50.684 32343 32495 I BatteryMgr:DataCollectionService: stats => 1688596490684,-249999,4100
07-06 00:34:50.699 32343 32495 I BatteryMgr:DataCollectionService: stats => 1688596490699,-249999,4100
07-06 00:34:50.712 32343 32495 I BatteryMgr:DataCollectionService: stats => 1688596490712,-249999,4100
07-06 00:34:50.725 32343 32495 I BatteryMgr:DataCollectionService: stats => 1688596490725,-249999,4100
07-06 00:34:50.738 32343 32495 I BatteryMgr:DataCollectionService: stats => 1688596490738,-249999,4100
07-06 00:34:50.754 32343 32495 I BatteryMgr:DataCollectionService: stats => 1688596490754,-249999,4100
07-06 00:34:50.768 32343 32495 I BatteryMgr:DataCollectionService: stats => 1688596490768,-249999,4100
07-06 00:34:50.782 32343 32495 I BatteryMgr:DataCollectionService: stats => 1688596490782,-249999,4100
07-06 00:34:50.795 32343 32495 I BatteryMgr:DataCollectionService: stats => 1688596490795,-249999,4100
07-06 00:34:50.809 32343 32495 I BatteryMgr:DataCollectionService: stats => 1688596490809,-249999,4100
07-06 00:34:50.824 32343 32495 I BatteryMgr:DataCollectionService: stats => 1688596490824,-249999,4100
07-06 00:34:50.837 32343 32495 I BatteryMgr:DataCollectionService: stats => 1688596490837,-249999,4100
07-06 00:34:50.851 32343 32495 I BatteryMgr:DataCollectionService: stats => 1688596490851,-249999,4100
07-06 00:34:50.864 32343 32495 I BatteryMgr:DataCollectionService: stats => 1688596490864,-249999,4100
07-06 00:34:50.878 32343 32495 I BatteryMgr:DataCollectionService: stats => 1688596490878,-249999,4100
07-06 00:34:50.910 32343 32495 I BatteryMgr:DataCollectionService: stats => 1688596490910,-249999,4100
07-06 00:34:50.923 32343 32495 I BatteryMgr:DataCollectionService: stats => 1688596490923,-249999,4100
07-06 00:34:50.936 32343 32495 I BatteryMgr:DataCollectionService: stats => 1688596490936,-249999,4100
07-06 00:34:50.950 32343 32495 I BatteryMgr:DataCollectionService: stats => 1688596490950,-249999,4100
07-06 00:34:50.963 32343 32495 I BatteryMgr:DataCollectionService: stats => 1688596490963,-249999,4100
07-06 00:34:50.977 32343 32495 I BatteryMgr:DataCollectionService: stats => 1688596490977,-249999,4100
07-06 00:34:50.990 32343 32495 I BatteryMgr:DataCollectionService: stats => 1688596490990,-249999,4100
07-06 00:34:51.005 32343 32495 I BatteryMgr:DataCollectionService: stats => 1688596491004,-249999,4100
07-06 00:34:51.018 32343 32495 I BatteryMgr:DataCollectionService: stats => 1688596491018,-249999,4100
07-06 00:34:51.036 32343 32495 I BatteryMgr:DataCollectionService: stats => 1688596491036,-249999,4100
07-06 00:34:51.050 32343 32495 I BatteryMgr:DataCollectionService: stats => 1688596491050,-249999,4100
07-06 00:34:51.063 32343 32495 I BatteryMgr:DataCollectionService: stats => 1688596491063,-249999,4100
07-06 00:34:51.077 32343 32495 I BatteryMgr:DataCollectionService: stats => 1688596491077,-249999,4100
07-06 00:34:51.090 32343 32495 I BatteryMgr:DataCollectionService: stats => 1688596491090,-249999,4100
07-06 00:34:51.108 32343 32495 I BatteryMgr:DataCollectionService: stats => 1688596491108,-249999,4100
07-06 00:34:51.121 32343 32495 I BatteryMgr:DataCollectionService: stats => 1688596491121,-249999,4100
07-06 00:34:51.135 32343 32495 I BatteryMgr:DataCollectionService: stats => 1688596491135,-249999,4100
07-06 00:34:51.149 32343 32495 I BatteryMgr:DataCollectionService: stats => 1688596491149,-249999,4100
07-06 00:34:51.163 32343 32495 I BatteryMgr:DataCollectionService: stats => 1688596491162,-249999,4100
07-06 00:34:51.178 32343 32495 I BatteryMgr:DataCollectionService: stats => 1688596491178,-249999,4100
07-06 00:34:51.192 32343 32495 I BatteryMgr:DataCollectionService: stats => 1688596491191,-249999,4100
07-06 00:34:51.196  1705  1773 I system_server: Background concurrent copying GC freed 325606(13MB) AllocSpace objects, 39(1420KB) LOS objects, 42% free, 22MB/38MB, paused 234us total 373.130ms
07-06 00:34:51.205 32343 32495 I BatteryMgr:DataCollectionService: stats => 1688596491205,-249999,4100
07-06 00:34:51.218 32343 32495 I BatteryMgr:DataCollectionService: stats => 1688596491218,-249999,4100
07-06 00:34:51.232 32343 32495 I BatteryMgr:DataCollectionService: stats => 1688596491232,-249999,4100
07-06 00:34:51.247 32343 32495 I BatteryMgr:DataCollectionService: stats => 1688596491247,-249999,4100
07-06 00:34:51.260 32343 32495 I BatteryMgr:DataCollectionService: stats => 1688596491260,-249999,4100
07-06 00:34:51.273 32343 32495 I BatteryMgr:DataCollectionService: stats => 1688596491273,-249999,4100
07-06 00:34:51.283 32389 32402 I lapp.camerates: Background concurrent copying GC freed 25648(753KB) AllocSpace objects, 0(0B) LOS objects, 49% free, 10MB/20MB, paused 156us total 125.675ms
07-06 00:34:51.288 32343 32495 I BatteryMgr:DataCollectionService: stats => 1688596491288,-249999,4100
07-06 00:34:51.301 32343 32495 I BatteryMgr:DataCollectionService: stats => 1688596491301,-249999,4100
07-06 00:34:51.316 32343 32495 I BatteryMgr:DataCollectionService: stats => 1688596491316,-249999,4100
07-06 00:34:51.329 32343 32495 I BatteryMgr:DataCollectionService: stats => 1688596491329,-249999,4100
07-06 00:34:51.342 32343 32495 I BatteryMgr:DataCollectionService: stats => 1688596491342,-249999,4100
07-06 00:34:51.356 32343 32495 I BatteryMgr:DataCollectionService: stats => 1688596491356,-249999,4100
07-06 00:34:51.369 32343 32495 I BatteryMgr:DataCollectionService: stats => 1688596491369,-249999,4100
07-06 00:34:51.384 32343 32495 I BatteryMgr:DataCollectionService: stats => 1688596491383,-249999,4100
07-06 00:34:51.397 32343 32495 I BatteryMgr:DataCollectionService: stats => 1688596491397,-249999,4100
07-06 00:34:51.410 32343 32495 I BatteryMgr:DataCollectionService: stats => 1688596491410,-249999,4100
07-06 00:34:51.424 32343 32495 I BatteryMgr:DataCollectionService: stats => 1688596491424,-249999,4100
07-06 00:34:51.438 32343 32495 I BatteryMgr:DataCollectionService: stats => 1688596491438,-249999,4100
07-06 00:34:51.451 32343 32495 I BatteryMgr:DataCollectionService: stats => 1688596491451,-249999,4100
07-06 00:34:51.465 32343 32495 I BatteryMgr:DataCollectionService: stats => 1688596491465,-249999,4100
07-06 00:34:51.478 32343 32495 I BatteryMgr:DataCollectionService: stats => 1688596491478,-249999,4100
07-06 00:34:51.494 32343 32495 I BatteryMgr:DataCollectionService: stats => 1688596491494,-249999,4100
07-06 00:34:51.508 32343 32495 I BatteryMgr:DataCollectionService: stats => 1688596491508,-249999,4100
07-06 00:34:51.522 32343 32495 I BatteryMgr:DataCollectionService: stats => 1688596491522,-249999,4100
07-06 00:34:51.536 32343 32495 I BatteryMgr:DataCollectionService: stats => 1688596491536,-401366,4100
07-06 00:34:51.549 32343 32495 I BatteryMgr:DataCollectionService: stats => 1688596491549,-401366,4100
07-06 00:34:51.555  1004 32447 E Camera3-OutputStream: getBufferLockedCommon: Stream 0: Can't dequeue next output buffer: Connection timed out (-110)
07-06 00:34:51.564 32343 32495 I BatteryMgr:DataCollectionService: stats => 1688596491564,-401366,4100
07-06 00:34:51.577 32343 32495 I BatteryMgr:DataCollectionService: stats => 1688596491577,-401366,4100
07-06 00:34:51.591 32343 32495 I BatteryMgr:DataCollectionService: stats => 1688596491590,-401366,4100
07-06 00:34:51.604 32343 32495 I BatteryMgr:DataCollectionService: stats => 1688596491604,-401366,4100
07-06 00:34:51.618 32343 32495 I BatteryMgr:DataCollectionService: stats => 1688596491618,-401366,4100
07-06 00:34:51.633 32343 32495 I BatteryMgr:DataCollectionService: stats => 1688596491633,-401366,4100
07-06 00:34:51.647 32343 32495 I BatteryMgr:DataCollectionService: stats => 1688596491647,-401366,4100
07-06 00:34:51.661 32343 32495 I BatteryMgr:DataCollectionService: stats => 1688596491661,-401366,4100
07-06 00:34:51.674 32343 32495 I BatteryMgr:DataCollectionService: stats => 1688596491674,-401366,4100
07-06 00:34:51.688 32343 32495 I BatteryMgr:DataCollectionService: stats => 1688596491688,-401366,4100
07-06 00:34:51.703 32343 32495 I BatteryMgr:DataCollectionService: stats => 1688596491703,-401366,4100
07-06 00:34:51.716 32343 32495 I BatteryMgr:DataCollectionService: stats => 1688596491716,-401366,4100
07-06 00:34:51.729 32343 32495 I BatteryMgr:DataCollectionService: stats => 1688596491729,-401366,4100
07-06 00:34:51.743 32343 32495 I BatteryMgr:DataCollectionService: stats => 1688596491743,-401366,4100
07-06 00:34:51.756 32343 32495 I BatteryMgr:DataCollectionService: stats => 1688596491756,-401366,4100
07-06 00:34:51.769 32343 32495 I BatteryMgr:DataCollectionService: stats => 1688596491769,-401366,4100
07-06 00:34:51.783 32343 32495 I BatteryMgr:DataCollectionService: stats => 1688596491783,-401366,4100
07-06 00:34:51.797 32343 32495 I BatteryMgr:DataCollectionService: stats => 1688596491797,-401366,4100
07-06 00:34:51.811 32343 32495 I BatteryMgr:DataCollectionService: stats => 1688596491811,-401366,4100
07-06 00:34:51.825 32343 32495 I BatteryMgr:DataCollectionService: stats => 1688596491825,-401366,4100
07-06 00:34:51.839 32343 32495 I BatteryMgr:DataCollectionService: stats => 1688596491839,-401366,4100
07-06 00:34:51.853 32343 32495 I BatteryMgr:DataCollectionService: stats => 1688596491853,-401366,4100
07-06 00:34:51.868 32343 32495 I BatteryMgr:DataCollectionService: stats => 1688596491868,-401366,4100
07-06 00:34:51.885 32343 32495 I BatteryMgr:DataCollectionService: stats => 1688596491885,-401366,4100
07-06 00:34:51.900 32343 32495 I BatteryMgr:DataCollectionService: stats => 1688596491899,-401366,4100
07-06 00:34:51.915 32343 32495 I BatteryMgr:DataCollectionService: stats => 1688596491915,-401366,4100
07-06 00:34:51.930 32343 32495 I BatteryMgr:DataCollectionService: stats => 1688596491929,-401366,4100
07-06 00:34:51.949 32343 32495 I BatteryMgr:DataCollectionService: stats => 1688596491949,-401366,4100
07-06 00:34:51.964 32343 32495 I BatteryMgr:DataCollectionService: stats => 1688596491964,-401366,4100
07-06 00:34:51.980 32343 32495 I BatteryMgr:DataCollectionService: stats => 1688596491980,-401366,4100
07-06 00:34:51.995 32343 32495 I BatteryMgr:DataCollectionService: stats => 1688596491994,-401366,4100
07-06 00:34:52.009 32343 32495 I BatteryMgr:DataCollectionService: stats => 1688596492009,-401366,4100
07-06 00:34:52.024 32343 32495 I BatteryMgr:DataCollectionService: stats => 1688596492024,-401366,4100
07-06 00:34:52.039 32343 32495 I BatteryMgr:DataCollectionService: stats => 1688596492039,-401366,4100
07-06 00:34:52.056 32343 32495 I BatteryMgr:DataCollectionService: stats => 1688596492056,-401366,4100
07-06 00:34:52.072 32343 32495 I BatteryMgr:DataCollectionService: stats => 1688596492071,-401366,4100
07-06 00:34:52.090 32343 32495 I BatteryMgr:DataCollectionService: stats => 1688596492090,-401366,4100
07-06 00:34:52.107 32343 32495 I BatteryMgr:DataCollectionService: stats => 1688596492106,-401366,4100
07-06 00:34:52.123 32343 32495 I BatteryMgr:DataCollectionService: stats => 1688596492123,-401366,4100
07-06 00:34:52.139 32343 32495 I BatteryMgr:DataCollectionService: stats => 1688596492139,-401366,4100
07-06 00:34:52.163 32343 32495 I BatteryMgr:DataCollectionService: stats => 1688596492163,-401366,4100
07-06 00:34:52.179 32343 32495 I BatteryMgr:DataCollectionService: stats => 1688596492179,-401366,4100
07-06 00:34:52.196 32343 32495 I BatteryMgr:DataCollectionService: stats => 1688596492196,-401366,4100
07-06 00:34:52.212 32343 32495 I BatteryMgr:DataCollectionService: stats => 1688596492212,-401366,4100
07-06 00:34:52.229 32343 32495 I BatteryMgr:DataCollectionService: stats => 1688596492229,-401366,4100
07-06 00:34:52.244 32343 32495 I BatteryMgr:DataCollectionService: stats => 1688596492244,-401366,4100
07-06 00:34:52.260 32343 32495 I BatteryMgr:DataCollectionService: stats => 1688596492260,-401366,4100
07-06 00:34:52.276 32343 32495 I BatteryMgr:DataCollectionService: stats => 1688596492276,-401366,4100
07-06 00:34:52.291 32343 32495 I BatteryMgr:DataCollectionService: stats => 1688596492291,-401366,4100
07-06 00:34:52.307 32343 32495 I BatteryMgr:DataCollectionService: stats => 1688596492307,-401366,4100
07-06 00:34:52.323 32343 32495 I BatteryMgr:DataCollectionService: stats => 1688596492323,-401366,4100
07-06 00:34:52.342 32343 32495 I BatteryMgr:DataCollectionService: stats => 1688596492342,-401366,4100
07-06 00:34:52.358 32343 32495 I BatteryMgr:DataCollectionService: stats => 1688596492358,-401366,4100
07-06 00:34:52.374 32343 32495 I BatteryMgr:DataCollectionService: stats => 1688596492374,-401366,4100
07-06 00:34:52.390 32343 32495 I BatteryMgr:DataCollectionService: stats => 1688596492390,-401366,4100
07-06 00:34:52.410 32343 32495 I BatteryMgr:DataCollectionService: stats => 1688596492410,-401366,4100
07-06 00:34:52.427 32343 32495 I BatteryMgr:DataCollectionService: stats => 1688596492427,-401366,4100
07-06 00:34:52.445 32343 32495 I BatteryMgr:DataCollectionService: stats => 1688596492444,-401366,4100
07-06 00:34:52.460 32343 32495 I BatteryMgr:DataCollectionService: stats => 1688596492460,-401366,4100
07-06 00:34:52.482 32343 32495 I BatteryMgr:DataCollectionService: stats => 1688596492482,-401366,4100
07-06 00:34:52.498 32343 32495 I BatteryMgr:DataCollectionService: stats => 1688596492498,-401366,4100
07-06 00:34:52.514 32343 32495 I BatteryMgr:DataCollectionService: stats => 1688596492514,-401366,4100
07-06 00:34:52.530 32343 32495 I BatteryMgr:DataCollectionService: stats => 1688596492530,-401366,4100
07-06 00:34:52.548 32343 32495 I BatteryMgr:DataCollectionService: stats => 1688596492548,-401366,4100
07-06 00:34:52.556  1004 32447 E Camera3-OutputStream: getBufferLockedCommon: Stream 0: Can't dequeue next output buffer: Connection timed out (-110)
07-06 00:34:52.566 32343 32495 I BatteryMgr:DataCollectionService: stats => 1688596492566,-401366,4100
07-06 00:34:52.584 32343 32495 I BatteryMgr:DataCollectionService: stats => 1688596492584,-401366,4100
07-06 00:34:52.599 32343 32495 I BatteryMgr:DataCollectionService: stats => 1688596492599,-401366,4100
07-06 00:34:52.613 32343 32495 I BatteryMgr:DataCollectionService: stats => 1688596492613,-401366,4100
07-06 00:34:52.628 32343 32495 I BatteryMgr:DataCollectionService: stats => 1688596492628,-401366,4100
07-06 00:34:52.643 32343 32495 I BatteryMgr:DataCollectionService: stats => 1688596492643,-401366,4100
07-06 00:34:52.658 32343 32495 I BatteryMgr:DataCollectionService: stats => 1688596492658,-401366,4100
07-06 00:34:52.672 32343 32495 I BatteryMgr:DataCollectionService: stats => 1688596492672,-401366,4100
07-06 00:34:52.688 32343 32495 I BatteryMgr:DataCollectionService: stats => 1688596492688,-401366,4100
07-06 00:34:52.703 32343 32495 I BatteryMgr:DataCollectionService: stats => 1688596492703,-401366,4100
07-06 00:34:52.721 32343 32495 I BatteryMgr:DataCollectionService: stats => 1688596492721,-401366,4100
07-06 00:34:52.736 32343 32495 I BatteryMgr:DataCollectionService: stats => 1688596492735,-401366,4100
07-06 00:34:52.749 32343 32495 I BatteryMgr:DataCollectionService: stats => 1688596492749,-401366,4100
07-06 00:34:52.761 32343 32495 I BatteryMgr:DataCollectionService: stats => 1688596492761,-401366,4100
07-06 00:34:52.775 32343 32495 I BatteryMgr:DataCollectionService: stats => 1688596492775,-401366,4100
07-06 00:34:52.790 32343 32495 I BatteryMgr:DataCollectionService: stats => 1688596492790,-401366,4100
07-06 00:34:52.803 32343 32495 I BatteryMgr:DataCollectionService: stats => 1688596492803,-401366,4100
07-06 00:34:52.817 32343 32495 I BatteryMgr:DataCollectionService: stats => 1688596492817,-401366,4100
07-06 00:34:52.831 32343 32495 I BatteryMgr:DataCollectionService: stats => 1688596492831,-401366,4100
07-06 00:34:52.844 32343 32495 I BatteryMgr:DataCollectionService: stats => 1688596492844,-401366,4100
07-06 00:34:52.859 32343 32495 I BatteryMgr:DataCollectionService: stats => 1688596492859,-401366,4100
07-06 00:34:52.872 32343 32495 I BatteryMgr:DataCollectionService: stats => 1688596492872,-401366,4100
07-06 00:34:52.886 32343 32495 I BatteryMgr:DataCollectionService: stats => 1688596492886,-401366,4100
07-06 00:34:52.899 32343 32495 I BatteryMgr:DataCollectionService: stats => 1688596492899,-401366,4100
07-06 00:34:52.912 32343 32495 I BatteryMgr:DataCollectionService: stats => 1688596492912,-401366,4100
07-06 00:34:52.926 32343 32495 I BatteryMgr:DataCollectionService: stats => 1688596492926,-401366,4100
07-06 00:34:52.939 32343 32495 I BatteryMgr:DataCollectionService: stats => 1688596492939,-401366,4100
07-06 00:34:52.952 32343 32495 I BatteryMgr:DataCollectionService: stats => 1688596492952,-401366,4100
07-06 00:34:52.967 32343 32495 I BatteryMgr:DataCollectionService: stats => 1688596492967,-401366,4100
07-06 00:34:52.981 32343 32495 I BatteryMgr:DataCollectionService: stats => 1688596492981,-401366,4100
07-06 00:34:52.995 32343 32495 I BatteryMgr:DataCollectionService: stats => 1688596492995,-439452,4100
07-06 00:34:53.008 32343 32495 I BatteryMgr:DataCollectionService: stats => 1688596493008,-439452,4100
07-06 00:34:53.021 32343 32495 I BatteryMgr:DataCollectionService: stats => 1688596493021,-439452,4100
07-06 00:34:53.036 32343 32495 I BatteryMgr:DataCollectionService: stats => 1688596493036,-439452,4100
07-06 00:34:53.049 32343 32495 I BatteryMgr:DataCollectionService: stats => 1688596493049,-439452,4100
07-06 00:34:53.062 32343 32495 I BatteryMgr:DataCollectionService: stats => 1688596493062,-439452,4100
07-06 00:34:53.078 32343 32495 I BatteryMgr:DataCollectionService: stats => 1688596493077,-439452,4100
07-06 00:34:53.091 32343 32495 I BatteryMgr:DataCollectionService: stats => 1688596493091,-439452,4100
07-06 00:34:53.106 32343 32495 I BatteryMgr:DataCollectionService: stats => 1688596493105,-439452,4100
07-06 00:34:53.119 32343 32495 I BatteryMgr:DataCollectionService: stats => 1688596493119,-439452,4100
07-06 00:34:53.133 32343 32495 I BatteryMgr:DataCollectionService: stats => 1688596493133,-439452,4100
07-06 00:34:53.147 32343 32495 I BatteryMgr:DataCollectionService: stats => 1688596493147,-439452,4100
07-06 00:34:53.160 32343 32495 I BatteryMgr:DataCollectionService: stats => 1688596493160,-439452,4100
07-06 00:34:53.173 32343 32495 I BatteryMgr:DataCollectionService: stats => 1688596493173,-439452,4100
07-06 00:34:53.186 32343 32495 I BatteryMgr:DataCollectionService: stats => 1688596493186,-439452,4100
07-06 00:34:53.199 32343 32495 I BatteryMgr:DataCollectionService: stats => 1688596493199,-439452,4100
07-06 00:34:53.214 32343 32495 I BatteryMgr:DataCollectionService: stats => 1688596493214,-439452,4100
07-06 00:34:53.227 32343 32495 I BatteryMgr:DataCollectionService: stats => 1688596493227,-439452,4100
07-06 00:34:53.241 32343 32495 I BatteryMgr:DataCollectionService: stats => 1688596493241,-439452,4100
07-06 00:34:53.254 32343 32495 I BatteryMgr:DataCollectionService: stats => 1688596493254,-439452,4100
07-06 00:34:53.268 32343 32495 I BatteryMgr:DataCollectionService: stats => 1688596493268,-439452,4100
07-06 00:34:53.283 32343 32495 I BatteryMgr:DataCollectionService: stats => 1688596493283,-439452,4100
07-06 00:34:53.298 32343 32495 I BatteryMgr:DataCollectionService: stats => 1688596493298,-439452,4100
07-06 00:34:53.312 32343 32495 I BatteryMgr:DataCollectionService: stats => 1688596493312,-439452,4100
07-06 00:34:53.326 32343 32495 I BatteryMgr:DataCollectionService: stats => 1688596493326,-439452,4100
07-06 00:34:53.342 32343 32495 I BatteryMgr:DataCollectionService: stats => 1688596493342,-439452,4100
07-06 00:34:53.357 32343 32495 I BatteryMgr:DataCollectionService: stats => 1688596493357,-439452,4100
07-06 00:34:53.371 32343 32495 I BatteryMgr:DataCollectionService: stats => 1688596493371,-439452,4100
07-06 00:34:53.387 32343 32495 I BatteryMgr:DataCollectionService: stats => 1688596493387,-439452,4100
07-06 00:34:53.402 32343 32495 I BatteryMgr:DataCollectionService: stats => 1688596493402,-439452,4100
07-06 00:34:53.422 32343 32495 I BatteryMgr:DataCollectionService: stats => 1688596493420,-439452,4100
07-06 00:34:53.438 32343 32495 I BatteryMgr:DataCollectionService: stats => 1688596493438,-439452,4100
07-06 00:34:53.453 32343 32495 I BatteryMgr:DataCollectionService: stats => 1688596493453,-439452,4100
07-06 00:34:53.467 32343 32495 I BatteryMgr:DataCollectionService: stats => 1688596493467,-439452,4100
07-06 00:34:53.481 32343 32495 I BatteryMgr:DataCollectionService: stats => 1688596493481,-439452,4100
07-06 00:34:53.495 32343 32495 I BatteryMgr:DataCollectionService: stats => 1688596493495,-439452,4100
07-06 00:34:53.510 32343 32495 I BatteryMgr:DataCollectionService: stats => 1688596493509,-439452,4100
07-06 00:34:53.524 32343 32495 I BatteryMgr:DataCollectionService: stats => 1688596493524,-439452,4100
07-06 00:34:53.540 32343 32495 I BatteryMgr:DataCollectionService: stats => 1688596493540,-439452,4100
07-06 00:34:53.554 32343 32495 I BatteryMgr:DataCollectionService: stats => 1688596493554,-439452,4100
07-06 00:34:53.557  1004 32447 E Camera3-OutputStream: getBufferLockedCommon: Stream 0: Can't dequeue next output buffer: Connection timed out (-110)
07-06 00:34:53.558 21168 21239 I OpaConnection: Destroying connection
07-06 00:34:53.559 21168 21239 I NgaEntryPointEventSendr: setupConnection
07-06 00:34:53.564   562   562 E SELinux : avc:  denied  { find } for interface=vendor.qti.hardware.servicetracker::IServicetracker sid=u:r:system_server:s0 pid=1705 scontext=u:r:system_server:s0 tcontext=u:object_r:default_android_hwservice:s0 tclass=hwservice_manager permissive=0
07-06 00:34:53.567 21168 21239 I NgaEntryPointEventSendr: (REDACTED) State changed: %s => %s
07-06 00:34:53.568 32343 32495 I BatteryMgr:DataCollectionService: stats => 1688596493568,-439452,4100
07-06 00:34:53.579   686   686 D Zygote  : Forked child process 32507
07-06 00:34:53.581 32343 32495 I BatteryMgr:DataCollectionService: stats => 1688596493581,-439452,4100
07-06 00:34:53.587  1705  1890 I ActivityManager: Start proc 32507:com.google.android.googlequicksearchbox:search/u0a150 for service {com.google.android.googlequicksearchbox/com.google.android.apps.gsa.publicsearch.PublicSearchService}
07-06 00:34:53.587  1705  1890 D ActivityManager: handleProcessStartedLocked mDoneFinishBooting && app.pid != 0 ---> notifyProcessStart, app.processName = com.google.android.googlequicksearchbox:search, app.info = ApplicationInfo{dbf6856 com.google.android.googlequicksearchbox}, app.hostingType = service, getHostingName() = ComponentInfo{com.google.android.googlequicksearchbox/com.google.android.apps.gsa.publicsearch.PublicSearchService}, getIntentFlag() = 0, getIsPackageRunning() = false, app = ProcessRecord{4cdd0d7 32507:com.google.android.googlequicksearchbox:search/u0a150}, getExtraData() = Bundle[{SERVICE_INTENT=Intent { act=com.google.android.apps.gsa.publicsearch.IPublicSearchService pkg=com.google.android.googlequicksearchbox }, CALLER_PACKAGE=com.google.android.googlequicksearchbox}]
07-06 00:34:53.596 32343 32495 I BatteryMgr:DataCollectionService: stats => 1688596493595,-439452,4100
07-06 00:34:53.596 32507 32507 E earchbox:searc: Not starting debugger since process cannot load the jdwp agent.
07-06 00:34:53.607  1705  3239 D CompatibilityInfo: mCompatibilityFlags - 0
07-06 00:34:53.607  1705  3239 D CompatibilityInfo: applicationDensity - 420
07-06 00:34:53.607  1705  3239 D CompatibilityInfo: applicationScale - 1.0
07-06 00:34:53.613  1705  3239 D CompatibilityInfo: mCompatibilityFlags - 0
07-06 00:34:53.613  1705  3239 D CompatibilityInfo: applicationDensity - 420
07-06 00:34:53.613  1705  3239 D CompatibilityInfo: applicationScale - 1.0
07-06 00:34:53.614   562   562 E SELinux : avc:  denied  { find } for interface=vendor.qti.hardware.servicetracker::IServicetracker sid=u:r:system_server:s0 pid=1705 scontext=u:r:system_server:s0 tcontext=u:object_r:default_android_hwservice:s0 tclass=hwservice_manager permissive=0
07-06 00:34:53.617 32343 32495 I BatteryMgr:DataCollectionService: stats => 1688596493617,-439452,4100
07-06 00:34:53.632 32507 32507 I earchbox:searc: The ClassLoaderContext is a special shared library.
07-06 00:34:53.633 32343 32495 I BatteryMgr:DataCollectionService: stats => 1688596493633,-439452,4100
