07-03 14:10:49.268  3435 16288 D ExynosCamera3: [CAM_ID(1)][]-DEBUG(m_handleInternalFrame[8816]):[EJ] Pass the frame to handleBayerBuffer 881 / m_isNeedRequestFrame = 1, m_isNeedInternalFrame = 0
07-03 14:10:49.277 16169 16311 I BatteryMgr:DataCollectionService: stats => 1688386249277,-253,4147
07-03 14:10:49.301  3435 16288 D ExynosCamera3: [CAM_ID(1)][]-DEBUG(m_handleInternalFrame[8816]):[EJ] Pass the frame to handleBayerBuffer 882 / m_isNeedRequestFrame = 1, m_isNeedInternalFrame = 0
07-03 14:10:49.303  3435 16286 W ExynosCamera3: [CAM_ID(1)][]-WARN(m_previewStreamISPPipeThreadFunc[6613]):wait timeout
07-03 14:10:49.323  3435 16279 W ExynosCameraMCPipe: [CAM_ID(1)][PIPE_ISP]-WARN(m_putBuffer[1530]):inputFrameQ wait timeout
07-03 14:10:49.323  3435 16279 W ExynosCameraMCPipe: [CAM_ID(1)][PIPE_ISP]-WARN(m_putBufferThreadFunc[1471]):m_putbuffer fail, ret(-110)
07-03 14:10:49.334  3435 16288 D ExynosCamera3: [CAM_ID(1)][]-DEBUG(m_handleInternalFrame[8816]):[EJ] Pass the frame to handleBayerBuffer 883 / m_isNeedRequestFrame = 1, m_isNeedInternalFrame = 0
07-03 14:10:49.337  3435 16280 W ExynosCameraMCPipe: [CAM_ID(1)][PIPE_ISP]-WARN(m_getBuffer[1976]):requestFrameQ wait timeout
07-03 14:10:49.337  3435 16280 W ExynosCameraMCPipe: [CAM_ID(1)][PIPE_ISP]-WARN(m_getBufferThreadFunc[1492]):m_getBuffer fail, ret(-110)
07-03 14:10:49.344  3435 16285 W ExynosCamera3: [CAM_ID(1)][]-WARN(m_previewStreamVRAPipeThreadFunc[6650]):wait timeout
07-03 14:10:49.368  3435 16288 D ExynosCamera3: [CAM_ID(1)][]-DEBUG(m_handleInternalFrame[8816]):[EJ] Pass the frame to handleBayerBuffer 884 / m_isNeedRequestFrame = 1, m_isNeedInternalFrame = 0
07-03 14:10:49.401  3435 16288 D ExynosCamera3: [CAM_ID(1)][]-DEBUG(m_handleInternalFrame[8816]):[EJ] Pass the frame to handleBayerBuffer 885 / m_isNeedRequestFrame = 1, m_isNeedInternalFrame = 0
07-03 14:10:49.438  3435 16288 D ExynosCamera3: [CAM_ID(1)][]-DEBUG(m_handleInternalFrame[8816]):[EJ] Pass the frame to handleBayerBuffer 886 / m_isNeedRequestFrame = 1, m_isNeedInternalFrame = 0
07-03 14:10:49.453  3435 16286 W ExynosCamera3: [CAM_ID(1)][]-WARN(m_previewStreamISPPipeThreadFunc[6613]):wait timeout
07-03 14:10:49.468  3435 16288 D ExynosCamera3: [CAM_ID(1)][]-DEBUG(m_handleInternalFrame[8816]):[EJ] Pass the frame to handleBayerBuffer 887 / m_isNeedRequestFrame = 1, m_isNeedInternalFrame = 0
07-03 14:10:49.494  3435 16285 W ExynosCamera3: [CAM_ID(1)][]-WARN(m_previewStreamVRAPipeThreadFunc[6650]):wait timeout
07-03 14:10:49.501  3435 16288 D ExynosCamera3: [CAM_ID(1)][]-DEBUG(m_handleInternalFrame[8816]):[EJ] Pass the frame to handleBayerBuffer 888 / m_isNeedRequestFrame = 1, m_isNeedInternalFrame = 0
07-03 14:10:49.537  3435 16288 D ExynosCamera3: [CAM_ID(1)][]-DEBUG(m_handleInternalFrame[8816]):[EJ] Pass the frame to handleBayerBuffer 889 / m_isNeedRequestFrame = 1, m_isNeedInternalFrame = 0
07-03 14:10:49.558  4949  4949 D io_stats: !@ 179,0 r 85643 3193752 w 27795 438608 d 2501 135128 f 7812 7989 iot 48168 39925 th 51200 0 0 pt 0 inp 0 0 3632.070
07-03 14:10:49.571  3435 16288 D ExynosCamera3: [CAM_ID(1)][]-DEBUG(m_handleInternalFrame[8816]):[EJ] Pass the frame to handleBayerBuffer 890 / m_isNeedRequestFrame = 1, m_isNeedInternalFrame = 0
07-03 14:10:49.601  3435 16288 D ExynosCamera3: [CAM_ID(1)][]-DEBUG(m_handleInternalFrame[8816]):[EJ] Pass the frame to handleBayerBuffer 891 / m_isNeedRequestFrame = 1, m_isNeedInternalFrame = 0
07-03 14:10:49.604  3435 16286 W ExynosCamera3: [CAM_ID(1)][]-WARN(m_previewStreamISPPipeThreadFunc[6613]):wait timeout
07-03 14:10:49.634  3435 16288 D ExynosCamera3: [CAM_ID(1)][]-DEBUG(m_handleInternalFrame[8816]):[EJ] Pass the frame to handleBayerBuffer 892 / m_isNeedRequestFrame = 1, m_isNeedInternalFrame = 0
07-03 14:10:49.645  3435 16285 W ExynosCamera3: [CAM_ID(1)][]-WARN(m_previewStreamVRAPipeThreadFunc[6650]):wait timeout
07-03 14:10:49.668  3435 16288 D ExynosCamera3: [CAM_ID(1)][]-DEBUG(m_handleInternalFrame[8816]):[EJ] Pass the frame to handleBayerBuffer 893 / m_isNeedRequestFrame = 1, m_isNeedInternalFrame = 0
07-03 14:10:49.703  3435 16288 D ExynosCamera3: [CAM_ID(1)][]-DEBUG(m_handleInternalFrame[8816]):[EJ] Pass the frame to handleBayerBuffer 894 / m_isNeedRequestFrame = 1, m_isNeedInternalFrame = 0
07-03 14:10:49.714  3434  3434 I android.hardware.wifi@1.0-service: getLinkLayerStats
07-03 14:10:49.734  3435 16288 D ExynosCamera3: [CAM_ID(1)][]-DEBUG(m_handleInternalFrame[8816]):[EJ] Pass the frame to handleBayerBuffer 895 / m_isNeedRequestFrame = 1, m_isNeedInternalFrame = 0
07-03 14:10:49.754  3435 16286 W ExynosCamera3: [CAM_ID(1)][]-WARN(m_previewStreamISPPipeThreadFunc[6613]):wait timeout
07-03 14:10:49.771  3435 16288 D ExynosCamera3: [CAM_ID(1)][]-DEBUG(m_handleInternalFrame[8816]):[EJ] Pass the frame to handleBayerBuffer 896 / m_isNeedRequestFrame = 1, m_isNeedInternalFrame = 0
07-03 14:10:49.795  3435 16285 W ExynosCamera3: [CAM_ID(1)][]-WARN(m_previewStreamVRAPipeThreadFunc[6650]):wait timeout
07-03 14:10:49.801  3435 16288 D ExynosCamera3: [CAM_ID(1)][]-DEBUG(m_handleInternalFrame[8816]):[EJ] Pass the frame to handleBayerBuffer 897 / m_isNeedRequestFrame = 1, m_isNeedInternalFrame = 0
07-03 14:10:49.834  3435 16288 D ExynosCamera3: [CAM_ID(1)][]-DEBUG(m_handleInternalFrame[8816]):[EJ] Pass the frame to handleBayerBuffer 898 / m_isNeedRequestFrame = 1, m_isNeedInternalFrame = 0
07-03 14:10:49.851  3958  4502 I EDMNativeHelperService: isCameraEnabled
07-03 14:10:49.853  3576  8514 D Camera3-Device: submitRequestsHelper: mInterfaceLock.lock()
07-03 14:10:49.853  3576  8514 D Camera3-Status: markComponent: Component 1 is now active
07-03 14:10:49.853  3576  8514 D Camera3-Device: submitRequestsHelper: mInterfaceLock.unlock()
07-03 14:10:49.862  3576 16243 D Camera3-Status: markComponent: Component 2 is now active
07-03 14:10:49.863  3576 16243 D Camera3-Status: markComponent: Component 0 is now active
07-03 14:10:49.867  3435  3938 D ExynosCameraBufferManager: [CAM_ID(1)][ZSL_STREAM_BUF]-DEBUG(getIndexByHandle[4090]): assigned new buffer handle(0x0) Index(31)
07-03 14:10:49.868  3435 16288 D ExynosCamera3: [CAM_ID(1)][]-DEBUG(m_handleInternalFrame[8816]):[EJ] Pass the frame to handleBayerBuffer 899 / m_isNeedRequestFrame = 1, m_isNeedInternalFrame = 0
07-03 14:10:49.873  3435 16279 W ExynosCameraMCPipe: [CAM_ID(1)][PIPE_ISP]-WARN(m_putBuffer[1530]):inputFrameQ wait timeout
07-03 14:10:49.873  3435 16279 W ExynosCameraMCPipe: [CAM_ID(1)][PIPE_ISP]-WARN(m_putBufferThreadFunc[1471]):m_putbuffer fail, ret(-110)
07-03 14:10:49.877  3958  4502 I EDMNativeHelperService: isCameraEnabled
07-03 14:10:49.887  3435 16280 W ExynosCameraMCPipe: [CAM_ID(1)][PIPE_ISP]-WARN(m_getBuffer[1976]):requestFrameQ wait timeout
07-03 14:10:49.887  3435 16280 W ExynosCameraMCPipe: [CAM_ID(1)][PIPE_ISP]-WARN(m_getBufferThreadFunc[1492]):m_getBuffer fail, ret(-110)
07-03 14:10:49.900  3435 16288 D ExynosCamera3: [CAM_ID(1)][]-DEBUG(m_handleInternalFrame[8816]):[EJ] Pass the frame to handleBayerBuffer 900 / m_isNeedRequestFrame = 0, m_isNeedInternalFrame = 1
07-03 14:10:49.904  3435 16286 W ExynosCamera3: [CAM_ID(1)][]-WARN(m_previewStreamISPPipeThreadFunc[6613]):wait timeout
07-03 14:10:49.917  3576 16243 D Camera3-Status: markComponent: Component 1 is now idle
07-03 14:10:49.934  3435 16288 D ExynosCamera3: [CAM_ID(1)][]-DEBUG(m_handleInternalFrame[8816]):[EJ] Pass the frame to handleBayerBuffer 901 / m_isNeedRequestFrame = 0, m_isNeedInternalFrame = 1
07-03 14:10:49.934  3435 16283 D ExynosCamera3: [CAM_ID(1)][]-DEBUG(m_previewFrameHandler[2457]):Use ZSL Service Buffer. framecount 904 bufferIndex 31
07-03 14:10:49.935  3435 16277 D ExynosCameraMCPipe: [CAM_ID(1)][PIPE_3AA]-DEBUG(m_putBuffer[1621]):Skip to get buffer from bufferMgr.                        pipeId(6), frameCount(904) bufferIndex 31)
07-03 14:10:49.939  3435 16277 D ExynosCameraMCPipe: [CAM_ID(1)][PIPE_3AA]-DEBUG(m_checkNodeGroupInfo[3655]):(3AA_PREVIEW):vid(22), request(0 -> 1), oldCropSize(0, 0, 3264, 2448 / 0, 0, 3264, 2448) -> newCropSize(0, 0, 3264, 2448 / 0, 0, 3264, 2448)
07-03 14:10:49.945  3435 16285 W ExynosCamera3: [CAM_ID(1)][]-WARN(m_previewStreamVRAPipeThreadFunc[6650]):wait timeout
07-03 14:10:49.967  3435 16288 D ExynosCamera3: [CAM_ID(1)][]-DEBUG(m_handleInternalFrame[8816]):[EJ] Pass the frame to handleBayerBuffer 902 / m_isNeedRequestFrame = 1, m_isNeedInternalFrame = 0
07-03 14:10:49.968  3435 16277 I ExynosCameraMCPipe: [CAM_ID(1)][PIPE_3AA]-INFO(m_putBuffer[1552]):Internal Frame(5), frameCount(905), (1)
07-03 14:10:49.968  3435 16277 D ExynosCameraMCPipe: [CAM_ID(1)][PIPE_3AA]-DEBUG(m_checkNodeGroupInfo[3655]):(3AA_PREVIEW):vid(22), request(1 -> 0), oldCropSize(0, 0, 3264, 2448 / 0, 0, 3264, 2448) -> newCropSize(0, 0, 3264, 2448 / 0, 0, 3264, 2448)
07-03 14:10:50.001  3435 16288 D ExynosCamera3: [CAM_ID(1)][]-DEBUG(m_handleInternalFrame[8816]):[EJ] Pass the frame to handleBayerBuffer 903 / m_isNeedRequestFrame = 1, m_isNeedInternalFrame = 0
07-03 14:10:50.035  3435 16284 D ExynosCameraBufferManager: [CAM_ID(1)][ZSL_STREAM_BUF]-DEBUG(m_release[4516]):bufIndex(31)
07-03 14:10:50.035  3435 16284 D ExynosCameraBufferManager: [CAM_ID(1)][ZSL_STREAM_BUF]-DEBUG(m_removeFence[4482]):list is empty
07-03 14:10:50.035  3435 16279 W ExynosCameraMCPipe: [CAM_ID(1)][PIPE_ISP]-WARN(m_putBuffer[1712]):Capture node putbuffer is Zero, frameCount(904)
07-03 14:10:50.039  3576  3936 D Camera3-Status: markComponent: Component 2 is now idle
07-03 14:10:50.050  3435 16280 E ExynosCameraMCPipe: [CAM_ID(1)][PIPE_ISP]-ERR(m_getBuffer[2321]):frameCount(904)                    : captureNodeCount == 0 || checkRet(0) != NO_ERROR.                    so, setFrameState(FRAME_STATE_SKIPPED)
07-03 14:10:50.051  3435 16286 W ExynosCamera3: [CAM_ID(1)][]-WARN(m_handlePreviewFrame[7077]):Skipped frame. Force callback result. frameCount 904
07-03 14:10:50.053  3576  3936 D Camera3-Status: markComponent: Component 0 is now idle
07-03 14:10:50.067  3435 16288 D ExynosCamera3: [CAM_ID(1)][]-DEBUG(m_handleInternalFrame[8816]):[EJ] Pass the frame to handleBayerBuffer 905 / m_isNeedRequestFrame = 1, m_isNeedInternalFrame = 0
07-03 14:10:50.095  3435 16285 W ExynosCamera3: [CAM_ID(1)][]-WARN(m_previewStreamVRAPipeThreadFunc[6650]):wait timeout
07-03 14:10:50.101  3435 16288 D ExynosCamera3: [CAM_ID(1)][]-DEBUG(m_handleInternalFrame[8816]):[EJ] Pass the frame to handleBayerBuffer 906 / m_isNeedRequestFrame = 1, m_isNeedInternalFrame = 0
07-03 14:10:50.131  3958  6723 D SSRM:k  : SIOP:: AP = 300, PST = 284 (W:30), BAT = 273, USB = 0, CHG = 0
07-03 14:10:50.134  3435 16288 D ExynosCamera3: [CAM_ID(1)][]-DEBUG(m_handleInternalFrame[8816]):[EJ] Pass the frame to handleBayerBuffer 907 / m_isNeedRequestFrame = 1, m_isNeedInternalFrame = 0
07-03 14:10:50.167  3435 16288 D ExynosCamera3: [CAM_ID(1)][]-DEBUG(m_handleInternalFrame[8816]):[EJ] Pass the frame to handleBayerBuffer 908 / m_isNeedRequestFrame = 1, m_isNeedInternalFrame = 0
07-03 14:10:50.200  3435 16288 D ExynosCamera3: [CAM_ID(1)][]-DEBUG(m_handleInternalFrame[8816]):[EJ] Pass the frame to handleBayerBuffer 909 / m_isNeedRequestFrame = 1, m_isNeedInternalFrame = 0
07-03 14:10:50.202  3435 16286 W ExynosCamera3: [CAM_ID(1)][]-WARN(m_previewStreamISPPipeThreadFunc[6613]):wait timeout
07-03 14:10:50.234  3435 16288 D ExynosCamera3: [CAM_ID(1)][]-DEBUG(m_handleInternalFrame[8816]):[EJ] Pass the frame to handleBayerBuffer 910 / m_isNeedRequestFrame = 1, m_isNeedInternalFrame = 0
07-03 14:10:50.245  3435 16285 W ExynosCamera3: [CAM_ID(1)][]-WARN(m_previewStreamVRAPipeThreadFunc[6650]):wait timeout
07-03 14:10:50.267  3435 16288 D ExynosCamera3: [CAM_ID(1)][]-DEBUG(m_handleInternalFrame[8816]):[EJ] Pass the frame to handleBayerBuffer 911 / m_isNeedRequestFrame = 1, m_isNeedInternalFrame = 0
07-03 14:10:50.283 16169 16311 I BatteryMgr:DataCollectionService: stats => 1688386250282,-253,4147
07-03 14:10:50.300  3435 16288 D ExynosCamera3: [CAM_ID(1)][]-DEBUG(m_handleInternalFrame[8816]):[EJ] Pass the frame to handleBayerBuffer 912 / m_isNeedRequestFrame = 1, m_isNeedInternalFrame = 0
07-03 14:10:50.334  3435 16288 D ExynosCamera3: [CAM_ID(1)][]-DEBUG(m_handleInternalFrame[8816]):[EJ] Pass the frame to handleBayerBuffer 913 / m_isNeedRequestFrame = 1, m_isNeedInternalFrame = 0
07-03 14:10:50.352  3435 16286 W ExynosCamera3: [CAM_ID(1)][]-WARN(m_previewStreamISPPipeThreadFunc[6613]):wait timeout
07-03 14:10:50.367  3435 16288 D ExynosCamera3: [CAM_ID(1)][]-DEBUG(m_handleInternalFrame[8816]):[EJ] Pass the frame to handleBayerBuffer 914 / m_isNeedRequestFrame = 1, m_isNeedInternalFrame = 0
07-03 14:10:50.396  3435 16285 W ExynosCamera3: [CAM_ID(1)][]-WARN(m_previewStreamVRAPipeThreadFunc[6650]):wait timeout
07-03 14:10:50.401  3435 16288 D ExynosCamera3: [CAM_ID(1)][]-DEBUG(m_handleInternalFrame[8816]):[EJ] Pass the frame to handleBayerBuffer 915 / m_isNeedRequestFrame = 1, m_isNeedInternalFrame = 0
07-03 14:10:50.433  3435 16288 D ExynosCamera3: [CAM_ID(1)][]-DEBUG(m_handleInternalFrame[8816]):[EJ] Pass the frame to handleBayerBuffer 916 / m_isNeedRequestFrame = 1, m_isNeedInternalFrame = 0
07-03 14:10:50.467  3435 16288 D ExynosCamera3: [CAM_ID(1)][]-DEBUG(m_handleInternalFrame[8816]):[EJ] Pass the frame to handleBayerBuffer 917 / m_isNeedRequestFrame = 1, m_isNeedInternalFrame = 0
07-03 14:10:50.500  3435 16288 D ExynosCamera3: [CAM_ID(1)][]-DEBUG(m_handleInternalFrame[8816]):[EJ] Pass the frame to handleBayerBuffer 918 / m_isNeedRequestFrame = 1, m_isNeedInternalFrame = 0
07-03 14:10:50.502  3435 16286 W ExynosCamera3: [CAM_ID(1)][]-WARN(m_previewStreamISPPipeThreadFunc[6613]):wait timeout
07-03 14:10:50.534  3435 16288 D ExynosCamera3: [CAM_ID(1)][]-DEBUG(m_handleInternalFrame[8816]):[EJ] Pass the frame to handleBayerBuffer 919 / m_isNeedRequestFrame = 1, m_isNeedInternalFrame = 0
07-03 14:10:50.546  3435 16285 W ExynosCamera3: [CAM_ID(1)][]-WARN(m_previewStreamVRAPipeThreadFunc[6650]):wait timeout
07-03 14:10:50.567  3435 16288 D ExynosCamera3: [CAM_ID(1)][]-DEBUG(m_handleInternalFrame[8816]):[EJ] Pass the frame to handleBayerBuffer 920 / m_isNeedRequestFrame = 1, m_isNeedInternalFrame = 0
07-03 14:10:50.586  3435 16279 W ExynosCameraMCPipe: [CAM_ID(1)][PIPE_ISP]-WARN(m_putBuffer[1530]):inputFrameQ wait timeout
07-03 14:10:50.586  3435 16279 W ExynosCameraMCPipe: [CAM_ID(1)][PIPE_ISP]-WARN(m_putBufferThreadFunc[1471]):m_putbuffer fail, ret(-110)
07-03 14:10:50.600  3435 16280 W ExynosCameraMCPipe: [CAM_ID(1)][PIPE_ISP]-WARN(m_getBuffer[1976]):requestFrameQ wait timeout
07-03 14:10:50.600  3435 16288 D ExynosCamera3: [CAM_ID(1)][]-DEBUG(m_handleInternalFrame[8816]):[EJ] Pass the frame to handleBayerBuffer 921 / m_isNeedRequestFrame = 1, m_isNeedInternalFrame = 0
07-03 14:10:50.600  3435 16280 W ExynosCameraMCPipe: [CAM_ID(1)][PIPE_ISP]-WARN(m_getBufferThreadFunc[1492]):m_getBuffer fail, ret(-110)
07-03 14:10:50.633  3435 16288 D ExynosCamera3: [CAM_ID(1)][]-DEBUG(m_handleInternalFrame[8816]):[EJ] Pass the frame to handleBayerBuffer 922 / m_isNeedRequestFrame = 1, m_isNeedInternalFrame = 0
07-03 14:10:50.652  3435 16286 W ExynosCamera3: [CAM_ID(1)][]-WARN(m_previewStreamISPPipeThreadFunc[6613]):wait timeout
07-03 14:10:50.667  3435 16288 D ExynosCamera3: [CAM_ID(1)][]-DEBUG(m_handleInternalFrame[8816]):[EJ] Pass the frame to handleBayerBuffer 923 / m_isNeedRequestFrame = 1, m_isNeedInternalFrame = 0
07-03 14:10:50.696  3435 16285 W ExynosCamera3: [CAM_ID(1)][]-WARN(m_previewStreamVRAPipeThreadFunc[6650]):wait timeout
07-03 14:10:50.700  3435 16288 D ExynosCamera3: [CAM_ID(1)][]-DEBUG(m_handleInternalFrame[8816]):[EJ] Pass the frame to handleBayerBuffer 924 / m_isNeedRequestFrame = 1, m_isNeedInternalFrame = 0
07-03 14:10:50.733  3435 16288 D ExynosCamera3: [CAM_ID(1)][]-DEBUG(m_handleInternalFrame[8816]):[EJ] Pass the frame to handleBayerBuffer 925 / m_isNeedRequestFrame = 1, m_isNeedInternalFrame = 0
07-03 14:10:50.770  3435 16288 D ExynosCamera3: [CAM_ID(1)][]-DEBUG(m_handleInternalFrame[8816]):[EJ] Pass the frame to handleBayerBuffer 926 / m_isNeedRequestFrame = 1, m_isNeedInternalFrame = 0
07-03 14:10:50.800  3435 16288 D ExynosCamera3: [CAM_ID(1)][]-DEBUG(m_handleInternalFrame[8816]):[EJ] Pass the frame to handleBayerBuffer 927 / m_isNeedRequestFrame = 1, m_isNeedInternalFrame = 0
07-03 14:10:50.803  3435 16286 W ExynosCamera3: [CAM_ID(1)][]-WARN(m_previewStreamISPPipeThreadFunc[6613]):wait timeout
07-03 14:10:50.833  3435 16288 D ExynosCamera3: [CAM_ID(1)][]-DEBUG(m_handleInternalFrame[8816]):[EJ] Pass the frame to handleBayerBuffer 928 / m_isNeedRequestFrame = 1, m_isNeedInternalFrame = 0
07-03 14:10:50.846  3435 16285 W ExynosCamera3: [CAM_ID(1)][]-WARN(m_previewStreamVRAPipeThreadFunc[6650]):wait timeout
07-03 14:10:50.867  3435 16288 D ExynosCamera3: [CAM_ID(1)][]-DEBUG(m_handleInternalFrame[8816]):[EJ] Pass the frame to handleBayerBuffer 929 / m_isNeedRequestFrame = 1, m_isNeedInternalFrame = 0
07-03 14:10:50.879  3958  4502 I EDMNativeHelperService: isCameraEnabled
07-03 14:10:50.900  3435 16288 D ExynosCamera3: [CAM_ID(1)][]-DEBUG(m_handleInternalFrame[8816]):[EJ] Pass the frame to handleBayerBuffer 930 / m_isNeedRequestFrame = 1, m_isNeedInternalFrame = 0
07-03 14:10:50.933  3435 16288 D ExynosCamera3: [CAM_ID(1)][]-DEBUG(m_handleInternalFrame[8816]):[EJ] Pass the frame to handleBayerBuffer 931 / m_isNeedRequestFrame = 1, m_isNeedInternalFrame = 0
07-03 14:10:50.953  3435 16286 W ExynosCamera3: [CAM_ID(1)][]-WARN(m_previewStreamISPPipeThreadFunc[6613]):wait timeout
07-03 14:10:50.967  3435 16288 D ExynosCamera3: [CAM_ID(1)][]-DEBUG(m_handleInternalFrame[8816]):[EJ] Pass the frame to handleBayerBuffer 932 / m_isNeedRequestFrame = 1, m_isNeedInternalFrame = 0
07-03 14:10:50.997  3435 16285 W ExynosCamera3: [CAM_ID(1)][]-WARN(m_previewStreamVRAPipeThreadFunc[6650]):wait timeout
07-03 14:10:51.000  3435 16288 D ExynosCamera3: [CAM_ID(1)][]-DEBUG(m_handleInternalFrame[8816]):[EJ] Pass the frame to handleBayerBuffer 933 / m_isNeedRequestFrame = 1, m_isNeedInternalFrame = 0
07-03 14:10:51.033  3435 16288 D ExynosCamera3: [CAM_ID(1)][]-DEBUG(m_handleInternalFrame[8816]):[EJ] Pass the frame to handleBayerBuffer 934 / m_isNeedRequestFrame = 1, m_isNeedInternalFrame = 0
07-03 14:10:51.066  3435 16288 D ExynosCamera3: [CAM_ID(1)][]-DEBUG(m_handleInternalFrame[8816]):[EJ] Pass the frame to handleBayerBuffer 935 / m_isNeedRequestFrame = 1, m_isNeedInternalFrame = 0
07-03 14:10:51.100  3435 16288 D ExynosCamera3: [CAM_ID(1)][]-DEBUG(m_handleInternalFrame[8816]):[EJ] Pass the frame to handleBayerBuffer 936 / m_isNeedRequestFrame = 1, m_isNeedInternalFrame = 0
07-03 14:10:51.103  3435 16286 W ExynosCamera3: [CAM_ID(1)][]-WARN(m_previewStreamISPPipeThreadFunc[6613]):wait timeout
07-03 14:10:51.133  3435 16288 D ExynosCamera3: [CAM_ID(1)][]-DEBUG(m_handleInternalFrame[8816]):[EJ] Pass the frame to handleBayerBuffer 937 / m_isNeedRequestFrame = 1, m_isNeedInternalFrame = 0
07-03 14:10:51.136  3435 16279 W ExynosCameraMCPipe: [CAM_ID(1)][PIPE_ISP]-WARN(m_putBuffer[1530]):inputFrameQ wait timeout
07-03 14:10:51.136  3435 16279 W ExynosCameraMCPipe: [CAM_ID(1)][PIPE_ISP]-WARN(m_putBufferThreadFunc[1471]):m_putbuffer fail, ret(-110)
07-03 14:10:51.147  3435 16285 W ExynosCamera3: [CAM_ID(1)][]-WARN(m_previewStreamVRAPipeThreadFunc[6650]):wait timeout
07-03 14:10:51.150  3435 16280 W ExynosCameraMCPipe: [CAM_ID(1)][PIPE_ISP]-WARN(m_getBuffer[1976]):requestFrameQ wait timeout
07-03 14:10:51.150  3435 16280 W ExynosCameraMCPipe: [CAM_ID(1)][PIPE_ISP]-WARN(m_getBufferThreadFunc[1492]):m_getBuffer fail, ret(-110)
07-03 14:10:51.167  3435 16288 D ExynosCamera3: [CAM_ID(1)][]-DEBUG(m_handleInternalFrame[8816]):[EJ] Pass the frame to handleBayerBuffer 938 / m_isNeedRequestFrame = 1, m_isNeedInternalFrame = 0
07-03 14:10:51.203  3435 16288 D ExynosCamera3: [CAM_ID(1)][]-DEBUG(m_handleInternalFrame[8816]):[EJ] Pass the frame to handleBayerBuffer 939 / m_isNeedRequestFrame = 1, m_isNeedInternalFrame = 0
07-03 14:10:51.233  3435 16288 D ExynosCamera3: [CAM_ID(1)][]-DEBUG(m_handleInternalFrame[8816]):[EJ] Pass the frame to handleBayerBuffer 940 / m_isNeedRequestFrame = 1, m_isNeedInternalFrame = 0
07-03 14:10:51.253  3435 16286 W ExynosCamera3: [CAM_ID(1)][]-WARN(m_previewStreamISPPipeThreadFunc[6613]):wait timeout
07-03 14:10:51.266  3435 16288 D ExynosCamera3: [CAM_ID(1)][]-DEBUG(m_handleInternalFrame[8816]):[EJ] Pass the frame to handleBayerBuffer 941 / m_isNeedRequestFrame = 1, m_isNeedInternalFrame = 0
07-03 14:10:51.289 16169 16311 I BatteryMgr:DataCollectionService: stats => 1688386251289,-253,4147
07-03 14:10:51.297  3435 16285 W ExynosCamera3: [CAM_ID(1)][]-WARN(m_previewStreamVRAPipeThreadFunc[6650]):wait timeout
07-03 14:10:51.303  3435 16288 D ExynosCamera3: [CAM_ID(1)][]-DEBUG(m_handleInternalFrame[8816]):[EJ] Pass the frame to handleBayerBuffer 942 / m_isNeedRequestFrame = 1, m_isNeedInternalFrame = 0
07-03 14:10:51.333  3435 16288 D ExynosCamera3: [CAM_ID(1)][]-DEBUG(m_handleInternalFrame[8816]):[EJ] Pass the frame to handleBayerBuffer 943 / m_isNeedRequestFrame = 1, m_isNeedInternalFrame = 0
07-03 14:10:51.368  3435 16288 D ExynosCamera3: [CAM_ID(1)][]-DEBUG(m_handleInternalFrame[8816]):[EJ] Pass the frame to handleBayerBuffer 944 / m_isNeedRequestFrame = 1, m_isNeedInternalFrame = 0
07-03 14:10:51.399  3435 16288 D ExynosCamera3: [CAM_ID(1)][]-DEBUG(m_handleInternalFrame[8816]):[EJ] Pass the frame to handleBayerBuffer 945 / m_isNeedRequestFrame = 1, m_isNeedInternalFrame = 0
07-03 14:10:51.404  3435 16286 W ExynosCamera3: [CAM_ID(1)][]-WARN(m_previewStreamISPPipeThreadFunc[6613]):wait timeout
07-03 14:10:51.433  3435 16288 D ExynosCamera3: [CAM_ID(1)][]-DEBUG(m_handleInternalFrame[8816]):[EJ] Pass the frame to handleBayerBuffer 946 / m_isNeedRequestFrame = 1, m_isNeedInternalFrame = 0
07-03 14:10:51.447  3435 16285 W ExynosCamera3: [CAM_ID(1)][]-WARN(m_previewStreamVRAPipeThreadFunc[6650]):wait timeout
07-03 14:10:51.466  3435 16288 D ExynosCamera3: [CAM_ID(1)][]-DEBUG(m_handleInternalFrame[8816]):[EJ] Pass the frame to handleBayerBuffer 947 / m_isNeedRequestFrame = 1, m_isNeedInternalFrame = 0
07-03 14:10:51.499  3435 16288 D ExynosCamera3: [CAM_ID(1)][]-DEBUG(m_handleInternalFrame[8816]):[EJ] Pass the frame to handleBayerBuffer 948 / m_isNeedRequestFrame = 1, m_isNeedInternalFrame = 0
07-03 14:10:51.533  3435 16288 D ExynosCamera3: [CAM_ID(1)][]-DEBUG(m_handleInternalFrame[8816]):[EJ] Pass the frame to handleBayerBuffer 949 / m_isNeedRequestFrame = 1, m_isNeedInternalFrame = 0
07-03 14:10:51.554  3435 16286 W ExynosCamera3: [CAM_ID(1)][]-WARN(m_previewStreamISPPipeThreadFunc[6613]):wait timeout
07-03 14:10:51.566  3435 16288 D ExynosCamera3: [CAM_ID(1)][]-DEBUG(m_handleInternalFrame[8816]):[EJ] Pass the frame to handleBayerBuffer 950 / m_isNeedRequestFrame = 1, m_isNeedInternalFrame = 0
07-03 14:10:51.598  3435 16285 W ExynosCamera3: [CAM_ID(1)][]-WARN(m_previewStreamVRAPipeThreadFunc[6650]):wait timeout
07-03 14:10:51.599  3435 16288 D ExynosCamera3: [CAM_ID(1)][]-DEBUG(m_handleInternalFrame[8816]):[EJ] Pass the frame to handleBayerBuffer 951 / m_isNeedRequestFrame = 1, m_isNeedInternalFrame = 0
07-03 14:10:51.632  3435 16288 D ExynosCamera3: [CAM_ID(1)][]-DEBUG(m_handleInternalFrame[8816]):[EJ] Pass the frame to handleBayerBuffer 952 / m_isNeedRequestFrame = 1, m_isNeedInternalFrame = 0
07-03 14:10:51.669  3435 16288 D ExynosCamera3: [CAM_ID(1)][]-DEBUG(m_handleInternalFrame[8816]):[EJ] Pass the frame to handleBayerBuffer 953 / m_isNeedRequestFrame = 1, m_isNeedInternalFrame = 0
07-03 14:10:51.686  3435 16279 W ExynosCameraMCPipe: [CAM_ID(1)][PIPE_ISP]-WARN(m_putBuffer[1530]):inputFrameQ wait timeout
07-03 14:10:51.686  3435 16279 W ExynosCameraMCPipe: [CAM_ID(1)][PIPE_ISP]-WARN(m_putBufferThreadFunc[1471]):m_putbuffer fail, ret(-110)
07-03 14:10:51.699  3435 16288 D ExynosCamera3: [CAM_ID(1)][]-DEBUG(m_handleInternalFrame[8816]):[EJ] Pass the frame to handleBayerBuffer 954 / m_isNeedRequestFrame = 1, m_isNeedInternalFrame = 0
07-03 14:10:51.700  3435 16280 W ExynosCameraMCPipe: [CAM_ID(1)][PIPE_ISP]-WARN(m_getBuffer[1976]):requestFrameQ wait timeout
07-03 14:10:51.701  3435 16280 W ExynosCameraMCPipe: [CAM_ID(1)][PIPE_ISP]-WARN(m_getBufferThreadFunc[1492]):m_getBuffer fail, ret(-110)
07-03 14:10:51.704  3435 16286 W ExynosCamera3: [CAM_ID(1)][]-WARN(m_previewStreamISPPipeThreadFunc[6613]):wait timeout
07-03 14:10:51.732  3435 16288 D ExynosCamera3: [CAM_ID(1)][]-DEBUG(m_handleInternalFrame[8816]):[EJ] Pass the frame to handleBayerBuffer 955 / m_isNeedRequestFrame = 1, m_isNeedInternalFrame = 0
07-03 14:10:51.748  3435 16285 W ExynosCamera3: [CAM_ID(1)][]-WARN(m_previewStreamVRAPipeThreadFunc[6650]):wait timeout
07-03 14:10:51.766  3435 16288 D ExynosCamera3: [CAM_ID(1)][]-DEBUG(m_handleInternalFrame[8816]):[EJ] Pass the frame to handleBayerBuffer 956 / m_isNeedRequestFrame = 1, m_isNeedInternalFrame = 0
07-03 14:10:51.799  3435 16288 D ExynosCamera3: [CAM_ID(1)][]-DEBUG(m_handleInternalFrame[8816]):[EJ] Pass the frame to handleBayerBuffer 957 / m_isNeedRequestFrame = 1, m_isNeedInternalFrame = 0
07-03 14:10:51.833  3435 16288 D ExynosCamera3: [CAM_ID(1)][]-DEBUG(m_handleInternalFrame[8816]):[EJ] Pass the frame to handleBayerBuffer 958 / m_isNeedRequestFrame = 1, m_isNeedInternalFrame = 0
07-03 14:10:51.855  3435 16286 W ExynosCamera3: [CAM_ID(1)][]-WARN(m_previewStreamISPPipeThreadFunc[6613]):wait timeout
07-03 14:10:51.866  3435 16288 D ExynosCamera3: [CAM_ID(1)][]-DEBUG(m_handleInternalFrame[8816]):[EJ] Pass the frame to handleBayerBuffer 959 / m_isNeedRequestFrame = 1, m_isNeedInternalFrame = 0
07-03 14:10:51.881  3958  4502 I EDMNativeHelperService: isCameraEnabled
07-03 14:10:51.898  3435 16285 W ExynosCamera3: [CAM_ID(1)][]-WARN(m_previewStreamVRAPipeThreadFunc[6650]):wait timeout
07-03 14:10:51.899  3435 16288 D ExynosCamera3: [CAM_ID(1)][]-DEBUG(m_handleInternalFrame[8816]):[EJ] Pass the frame to handleBayerBuffer 960 / m_isNeedRequestFrame = 1, m_isNeedInternalFrame = 0
07-03 14:10:51.932  3435 16288 D ExynosCamera3: [CAM_ID(1)][]-DEBUG(m_handleInternalFrame[8816]):[EJ] Pass the frame to handleBayerBuffer 961 / m_isNeedRequestFrame = 1, m_isNeedInternalFrame = 0
07-03 14:10:51.968  3435 16288 D ExynosCamera3: [CAM_ID(1)][]-DEBUG(m_handleInternalFrame[8816]):[EJ] Pass the frame to handleBayerBuffer 962 / m_isNeedRequestFrame = 1, m_isNeedInternalFrame = 0
07-03 14:10:51.999  3435 16288 D ExynosCamera3: [CAM_ID(1)][]-DEBUG(m_handleInternalFrame[8816]):[EJ] Pass the frame to handleBayerBuffer 963 / m_isNeedRequestFrame = 1, m_isNeedInternalFrame = 0
07-03 14:10:52.005  3435 16286 W ExynosCamera3: [CAM_ID(1)][]-WARN(m_previewStreamISPPipeThreadFunc[6613]):wait timeout
07-03 14:10:52.033  3435 16288 D ExynosCamera3: [CAM_ID(1)][]-DEBUG(m_handleInternalFrame[8816]):[EJ] Pass the frame to handleBayerBuffer 964 / m_isNeedRequestFrame = 1, m_isNeedInternalFrame = 0
07-03 14:10:52.048  3435 16285 W ExynosCamera3: [CAM_ID(1)][]-WARN(m_previewStreamVRAPipeThreadFunc[6650]):wait timeout
07-03 14:10:52.065  3435 16288 D ExynosCamera3: [CAM_ID(1)][]-DEBUG(m_handleInternalFrame[8816]):[EJ] Pass the frame to handleBayerBuffer 965 / m_isNeedRequestFrame = 1, m_isNeedInternalFrame = 0
07-03 14:10:52.099  3435 16288 D ExynosCamera3: [CAM_ID(1)][]-DEBUG(m_handleInternalFrame[8816]):[EJ] Pass the frame to handleBayerBuffer 966 / m_isNeedRequestFrame = 1, m_isNeedInternalFrame = 0
07-03 14:10:52.132  3435 16288 D ExynosCamera3: [CAM_ID(1)][]-DEBUG(m_handleInternalFrame[8816]):[EJ] Pass the frame to handleBayerBuffer 967 / m_isNeedRequestFrame = 1, m_isNeedInternalFrame = 0
07-03 14:10:52.155  3435 16286 W ExynosCamera3: [CAM_ID(1)][]-WARN(m_previewStreamISPPipeThreadFunc[6613]):wait timeout
07-03 14:10:52.165  3435 16288 D ExynosCamera3: [CAM_ID(1)][]-DEBUG(m_handleInternalFrame[8816]):[EJ] Pass the frame to handleBayerBuffer 968 / m_isNeedRequestFrame = 1, m_isNeedInternalFrame = 0
07-03 14:10:52.199  3435 16285 W ExynosCamera3: [CAM_ID(1)][]-WARN(m_previewStreamVRAPipeThreadFunc[6650]):wait timeout
07-03 14:10:52.203  3435 16288 D ExynosCamera3: [CAM_ID(1)][]-DEBUG(m_handleInternalFrame[8816]):[EJ] Pass the frame to handleBayerBuffer 969 / m_isNeedRequestFrame = 1, m_isNeedInternalFrame = 0
07-03 14:10:52.232  3435 16288 D ExynosCamera3: [CAM_ID(1)][]-DEBUG(m_handleInternalFrame[8816]):[EJ] Pass the frame to handleBayerBuffer 970 / m_isNeedRequestFrame = 1, m_isNeedInternalFrame = 0
07-03 14:10:52.237  3435 16279 W ExynosCameraMCPipe: [CAM_ID(1)][PIPE_ISP]-WARN(m_putBuffer[1530]):inputFrameQ wait timeout
07-03 14:10:52.237  3435 16279 W ExynosCameraMCPipe: [CAM_ID(1)][PIPE_ISP]-WARN(m_putBufferThreadFunc[1471]):m_putbuffer fail, ret(-110)
07-03 14:10:52.251  3435 16280 W ExynosCameraMCPipe: [CAM_ID(1)][PIPE_ISP]-WARN(m_getBuffer[1976]):requestFrameQ wait timeout
07-03 14:10:52.251  3435 16280 W ExynosCameraMCPipe: [CAM_ID(1)][PIPE_ISP]-WARN(m_getBufferThreadFunc[1492]):m_getBuffer fail, ret(-110)
07-03 14:10:52.265  3435 16288 D ExynosCamera3: [CAM_ID(1)][]-DEBUG(m_handleInternalFrame[8816]):[EJ] Pass the frame to handleBayerBuffer 971 / m_isNeedRequestFrame = 1, m_isNeedInternalFrame = 0
07-03 14:10:52.294 16169 16311 I BatteryMgr:DataCollectionService: stats => 1688386252294,-253,4147
07-03 14:10:52.298  3435 16288 D ExynosCamera3: [CAM_ID(1)][]-DEBUG(m_handleInternalFrame[8816]):[EJ] Pass the frame to handleBayerBuffer 972 / m_isNeedRequestFrame = 1, m_isNeedInternalFrame = 0
07-03 14:10:52.305  3435 16286 W ExynosCamera3: [CAM_ID(1)][]-WARN(m_previewStreamISPPipeThreadFunc[6613]):wait timeout
07-03 14:10:52.332  3435 16288 D ExynosCamera3: [CAM_ID(1)][]-DEBUG(m_handleInternalFrame[8816]):[EJ] Pass the frame to handleBayerBuffer 973 / m_isNeedRequestFrame = 1, m_isNeedInternalFrame = 0
07-03 14:10:52.349  3435 16285 W ExynosCamera3: [CAM_ID(1)][]-WARN(m_previewStreamVRAPipeThreadFunc[6650]):wait timeout
07-03 14:10:52.369  3435 16288 D ExynosCamera3: [CAM_ID(1)][]-DEBUG(m_handleInternalFrame[8816]):[EJ] Pass the frame to handleBayerBuffer 974 / m_isNeedRequestFrame = 1, m_isNeedInternalFrame = 0
07-03 14:10:52.399  3435 16288 D ExynosCamera3: [CAM_ID(1)][]-DEBUG(m_handleInternalFrame[8816]):[EJ] Pass the frame to handleBayerBuffer 975 / m_isNeedRequestFrame = 1, m_isNeedInternalFrame = 0
07-03 14:10:52.432  3435 16288 D ExynosCamera3: [CAM_ID(1)][]-DEBUG(m_handleInternalFrame[8816]):[EJ] Pass the frame to handleBayerBuffer 976 / m_isNeedRequestFrame = 1, m_isNeedInternalFrame = 0
07-03 14:10:52.456  3435 16286 W ExynosCamera3: [CAM_ID(1)][]-WARN(m_previewStreamISPPipeThreadFunc[6613]):wait timeout
07-03 14:10:52.465  3435 16288 D ExynosCamera3: [CAM_ID(1)][]-DEBUG(m_handleInternalFrame[8816]):[EJ] Pass the frame to handleBayerBuffer 977 / m_isNeedRequestFrame = 1, m_isNeedInternalFrame = 0
07-03 14:10:52.498  3435 16288 D ExynosCamera3: [CAM_ID(1)][]-DEBUG(m_handleInternalFrame[8816]):[EJ] Pass the frame to handleBayerBuffer 978 / m_isNeedRequestFrame = 1, m_isNeedInternalFrame = 0
07-03 14:10:52.499  3435 16285 W ExynosCamera3: [CAM_ID(1)][]-WARN(m_previewStreamVRAPipeThreadFunc[6650]):wait timeout
07-03 14:10:52.532  3435 16288 D ExynosCamera3: [CAM_ID(1)][]-DEBUG(m_handleInternalFrame[8816]):[EJ] Pass the frame to handleBayerBuffer 979 / m_isNeedRequestFrame = 1, m_isNeedInternalFrame = 0
07-03 14:10:52.565  3435 16288 D ExynosCamera3: [CAM_ID(1)][]-DEBUG(m_handleInternalFrame[8816]):[EJ] Pass the frame to handleBayerBuffer 980 / m_isNeedRequestFrame = 1, m_isNeedInternalFrame = 0
07-03 14:10:52.598  3435 16288 D ExynosCamera3: [CAM_ID(1)][]-DEBUG(m_handleInternalFrame[8816]):[EJ] Pass the frame to handleBayerBuffer 981 / m_isNeedRequestFrame = 1, m_isNeedInternalFrame = 0
07-03 14:10:52.606  3435 16286 W ExynosCamera3: [CAM_ID(1)][]-WARN(m_previewStreamISPPipeThreadFunc[6613]):wait timeout
07-03 14:10:52.632  3435 16288 D ExynosCamera3: [CAM_ID(1)][]-DEBUG(m_handleInternalFrame[8816]):[EJ] Pass the frame to handleBayerBuffer 982 / m_isNeedRequestFrame = 1, m_isNeedInternalFrame = 0
07-03 14:10:52.649  3435 16285 W ExynosCamera3: [CAM_ID(1)][]-WARN(m_previewStreamVRAPipeThreadFunc[6650]):wait timeout
07-03 14:10:52.665  3435 16288 D ExynosCamera3: [CAM_ID(1)][]-DEBUG(m_handleInternalFrame[8816]):[EJ] Pass the frame to handleBayerBuffer 983 / m_isNeedRequestFrame = 1, m_isNeedInternalFrame = 0
07-03 14:10:52.702  3435 16288 D ExynosCamera3: [CAM_ID(1)][]-DEBUG(m_handleInternalFrame[8816]):[EJ] Pass the frame to handleBayerBuffer 984 / m_isNeedRequestFrame = 1, m_isNeedInternalFrame = 0
07-03 14:10:52.718  3434  3434 I android.hardware.wifi@1.0-service: getLinkLayerStats
07-03 14:10:52.731  3435 16288 D ExynosCamera3: [CAM_ID(1)][]-DEBUG(m_handleInternalFrame[8816]):[EJ] Pass the frame to handleBayerBuffer 985 / m_isNeedRequestFrame = 1, m_isNeedInternalFrame = 0
07-03 14:10:52.756  3435 16286 W ExynosCamera3: [CAM_ID(1)][]-WARN(m_previewStreamISPPipeThreadFunc[6613]):wait timeout
07-03 14:10:52.765  3435 16288 D ExynosCamera3: [CAM_ID(1)][]-DEBUG(m_handleInternalFrame[8816]):[EJ] Pass the frame to handleBayerBuffer 986 / m_isNeedRequestFrame = 1, m_isNeedInternalFrame = 0
07-03 14:10:52.787  3435 16279 W ExynosCameraMCPipe: [CAM_ID(1)][PIPE_ISP]-WARN(m_putBuffer[1530]):inputFrameQ wait timeout
07-03 14:10:52.787  3435 16279 W ExynosCameraMCPipe: [CAM_ID(1)][PIPE_ISP]-WARN(m_putBufferThreadFunc[1471]):m_putbuffer fail, ret(-110)
07-03 14:10:52.798  3435 16288 D ExynosCamera3: [CAM_ID(1)][]-DEBUG(m_handleInternalFrame[8816]):[EJ] Pass the frame to handleBayerBuffer 987 / m_isNeedRequestFrame = 1, m_isNeedInternalFrame = 0
07-03 14:10:52.800  3435 16285 W ExynosCamera3: [CAM_ID(1)][]-WARN(m_previewStreamVRAPipeThreadFunc[6650]):wait timeout
07-03 14:10:52.801  3435 16280 W ExynosCameraMCPipe: [CAM_ID(1)][PIPE_ISP]-WARN(m_getBuffer[1976]):requestFrameQ wait timeout
07-03 14:10:52.801  3435 16280 W ExynosCameraMCPipe: [CAM_ID(1)][PIPE_ISP]-WARN(m_getBufferThreadFunc[1492]):m_getBuffer fail, ret(-110)
07-03 14:10:52.831  3435 16288 D ExynosCamera3: [CAM_ID(1)][]-DEBUG(m_handleInternalFrame[8816]):[EJ] Pass the frame to handleBayerBuffer 988 / m_isNeedRequestFrame = 1, m_isNeedInternalFrame = 0
07-03 14:10:52.865  3435 16288 D ExynosCamera3: [CAM_ID(1)][]-DEBUG(m_handleInternalFrame[8816]):[EJ] Pass the frame to handleBayerBuffer 989 / m_isNeedRequestFrame = 1, m_isNeedInternalFrame = 0
07-03 14:10:52.883  3958  4502 I EDMNativeHelperService: isCameraEnabled
07-03 14:10:52.898  3435 16288 D ExynosCamera3: [CAM_ID(1)][]-DEBUG(m_handleInternalFrame[8816]):[EJ] Pass the frame to handleBayerBuffer 990 / m_isNeedRequestFrame = 1, m_isNeedInternalFrame = 0
07-03 14:10:52.906  3435 16286 W ExynosCamera3: [CAM_ID(1)][]-WARN(m_previewStreamISPPipeThreadFunc[6613]):wait timeout
07-03 14:10:52.932  3435 16288 D ExynosCamera3: [CAM_ID(1)][]-DEBUG(m_handleInternalFrame[8816]):[EJ] Pass the frame to handleBayerBuffer 991 / m_isNeedRequestFrame = 1, m_isNeedInternalFrame = 0
07-03 14:10:52.950  3435 16285 W ExynosCamera3: [CAM_ID(1)][]-WARN(m_previewStreamVRAPipeThreadFunc[6650]):wait timeout
07-03 14:10:52.965  3435 16288 D ExynosCamera3: [CAM_ID(1)][]-DEBUG(m_handleInternalFrame[8816]):[EJ] Pass the frame to handleBayerBuffer 992 / m_isNeedRequestFrame = 1, m_isNeedInternalFrame = 0
07-03 14:10:52.998  3435 16288 D ExynosCamera3: [CAM_ID(1)][]-DEBUG(m_handleInternalFrame[8816]):[EJ] Pass the frame to handleBayerBuffer 993 / m_isNeedRequestFrame = 1, m_isNeedInternalFrame = 0
07-03 14:10:53.035  3435 16288 D ExynosCamera3: [CAM_ID(1)][]-DEBUG(m_handleInternalFrame[8816]):[EJ] Pass the frame to handleBayerBuffer 994 / m_isNeedRequestFrame = 1, m_isNeedInternalFrame = 0
07-03 14:10:53.056  3435 16286 W ExynosCamera3: [CAM_ID(1)][]-WARN(m_previewStreamISPPipeThreadFunc[6613]):wait timeout
07-03 14:10:53.065  3435 16288 D ExynosCamera3: [CAM_ID(1)][]-DEBUG(m_handleInternalFrame[8816]):[EJ] Pass the frame to handleBayerBuffer 995 / m_isNeedRequestFrame = 1, m_isNeedInternalFrame = 0
07-03 14:10:53.100  3435 16285 W ExynosCamera3: [CAM_ID(1)][]-WARN(m_previewStreamVRAPipeThreadFunc[6650]):wait timeout
07-03 14:10:53.101  3435 16288 D ExynosCamera3: [CAM_ID(1)][]-DEBUG(m_handleInternalFrame[8816]):[EJ] Pass the frame to handleBayerBuffer 996 / m_isNeedRequestFrame = 1, m_isNeedInternalFrame = 0
07-03 14:10:53.133  3435 16288 D ExynosCamera3: [CAM_ID(1)][]-DEBUG(m_handleInternalFrame[8816]):[EJ] Pass the frame to handleBayerBuffer 997 / m_isNeedRequestFrame = 1, m_isNeedInternalFrame = 0
07-03 14:10:53.164  3435 16288 D ExynosCamera3: [CAM_ID(1)][]-DEBUG(m_handleInternalFrame[8816]):[EJ] Pass the frame to handleBayerBuffer 998 / m_isNeedRequestFrame = 1, m_isNeedInternalFrame = 0
07-03 14:10:53.198  3435 16288 D ExynosCamera3: [CAM_ID(1)][]-DEBUG(m_handleInternalFrame[8816]):[EJ] Pass the frame to handleBayerBuffer 999 / m_isNeedRequestFrame = 1, m_isNeedInternalFrame = 0
07-03 14:10:53.207  3435 16286 W ExynosCamera3: [CAM_ID(1)][]-WARN(m_previewStreamISPPipeThreadFunc[6613]):wait timeout
07-03 14:10:53.231  3435 16288 D ExynosCamera3: [CAM_ID(1)][]-DEBUG(m_handleInternalFrame[8816]):[EJ] Pass the frame to handleBayerBuffer 1000 / m_isNeedRequestFrame = 1, m_isNeedInternalFrame = 0
07-03 14:10:53.250  3435 16285 W ExynosCamera3: [CAM_ID(1)][]-WARN(m_previewStreamVRAPipeThreadFunc[6650]):wait timeout
07-03 14:10:53.264  3435 16288 D ExynosCamera3: [CAM_ID(1)][]-DEBUG(m_handleInternalFrame[8816]):[EJ] Pass the frame to handleBayerBuffer 1001 / m_isNeedRequestFrame = 1, m_isNeedInternalFrame = 0
07-03 14:10:53.300  3435 16288 D ExynosCamera3: [CAM_ID(1)][]-DEBUG(m_handleInternalFrame[8816]):[EJ] Pass the frame to handleBayerBuffer 1002 / m_isNeedRequestFrame = 1, m_isNeedInternalFrame = 0
07-03 14:10:53.302 16169 16311 I BatteryMgr:DataCollectionService: stats => 1688386253302,-253,4147
07-03 14:10:53.331  3435 16288 D ExynosCamera3: [CAM_ID(1)][]-DEBUG(m_handleInternalFrame[8816]):[EJ] Pass the frame to handleBayerBuffer 1003 / m_isNeedRequestFrame = 1, m_isNeedInternalFrame = 0
07-03 14:10:53.338  3435 16279 W ExynosCameraMCPipe: [CAM_ID(1)][PIPE_ISP]-WARN(m_putBuffer[1530]):inputFrameQ wait timeout
07-03 14:10:53.338  3435 16279 W ExynosCameraMCPipe: [CAM_ID(1)][PIPE_ISP]-WARN(m_putBufferThreadFunc[1471]):m_putbuffer fail, ret(-110)
07-03 14:10:53.351  3435 16280 W ExynosCameraMCPipe: [CAM_ID(1)][PIPE_ISP]-WARN(m_getBuffer[1976]):requestFrameQ wait timeout
07-03 14:10:53.351  3435 16280 W ExynosCameraMCPipe: [CAM_ID(1)][PIPE_ISP]-WARN(m_getBufferThreadFunc[1492]):m_getBuffer fail, ret(-110)
07-03 14:10:53.357  3435 16286 W ExynosCamera3: [CAM_ID(1)][]-WARN(m_previewStreamISPPipeThreadFunc[6613]):wait timeout
07-03 14:10:53.364  3435 16288 D ExynosCamera3: [CAM_ID(1)][]-DEBUG(m_handleInternalFrame[8816]):[EJ] Pass the frame to handleBayerBuffer 1004 / m_isNeedRequestFrame = 1, m_isNeedInternalFrame = 0
07-03 14:10:53.400  3435 16288 D ExynosCamera3: [CAM_ID(1)][]-DEBUG(m_handleInternalFrame[8816]):[EJ] Pass the frame to handleBayerBuffer 1005 / m_isNeedRequestFrame = 1, m_isNeedInternalFrame = 0
07-03 14:10:53.401  3435 16285 W ExynosCamera3: [CAM_ID(1)][]-WARN(m_previewStreamVRAPipeThreadFunc[6650]):wait timeout
07-03 14:10:53.431  3435 16288 D ExynosCamera3: [CAM_ID(1)][]-DEBUG(m_handleInternalFrame[8816]):[EJ] Pass the frame to handleBayerBuffer 1006 / m_isNeedRequestFrame = 1, m_isNeedInternalFrame = 0
07-03 14:10:53.468  3435 16288 D ExynosCamera3: [CAM_ID(1)][]-DEBUG(m_handleInternalFrame[8816]):[EJ] Pass the frame to handleBayerBuffer 1007 / m_isNeedRequestFrame = 1, m_isNeedInternalFrame = 0
07-03 14:10:53.497  3435 16288 D ExynosCamera3: [CAM_ID(1)][]-DEBUG(m_handleInternalFrame[8816]):[EJ] Pass the frame to handleBayerBuffer 1008 / m_isNeedRequestFrame = 1, m_isNeedInternalFrame = 0
07-03 14:10:53.507  3435 16286 W ExynosCamera3: [CAM_ID(1)][]-WARN(m_previewStreamISPPipeThreadFunc[6613]):wait timeout
07-03 14:10:53.531  3435 16288 D ExynosCamera3: [CAM_ID(1)][]-DEBUG(m_handleInternalFrame[8816]):[EJ] Pass the frame to handleBayerBuffer 1009 / m_isNeedRequestFrame = 1, m_isNeedInternalFrame = 0
07-03 14:10:53.551  3435 16285 W ExynosCamera3: [CAM_ID(1)][]-WARN(m_previewStreamVRAPipeThreadFunc[6650]):wait timeout
07-03 14:10:53.564  3435 16288 D ExynosCamera3: [CAM_ID(1)][]-DEBUG(m_handleInternalFrame[8816]):[EJ] Pass the frame to handleBayerBuffer 1010 / m_isNeedRequestFrame = 1, m_isNeedInternalFrame = 0
07-03 14:10:53.597  3435 16288 D ExynosCamera3: [CAM_ID(1)][]-DEBUG(m_handleInternalFrame[8816]):[EJ] Pass the frame to handleBayerBuffer 1011 / m_isNeedRequestFrame = 1, m_isNeedInternalFrame = 0
07-03 14:10:53.632  3435 16288 D ExynosCamera3: [CAM_ID(1)][]-DEBUG(m_handleInternalFrame[8816]):[EJ] Pass the frame to handleBayerBuffer 1012 / m_isNeedRequestFrame = 1, m_isNeedInternalFrame = 0
07-03 14:10:53.657  3435 16286 W ExynosCamera3: [CAM_ID(1)][]-WARN(m_previewStreamISPPipeThreadFunc[6613]):wait timeout
07-03 14:10:53.664  3435 16288 D ExynosCamera3: [CAM_ID(1)][]-DEBUG(m_handleInternalFrame[8816]):[EJ] Pass the frame to handleBayerBuffer 1013 / m_isNeedRequestFrame = 1, m_isNeedInternalFrame = 0
07-03 14:10:53.701  3435 16285 W ExynosCamera3: [CAM_ID(1)][]-WARN(m_previewStreamVRAPipeThreadFunc[6650]):wait timeout
07-03 14:10:53.701  3435 16288 D ExynosCamera3: [CAM_ID(1)][]-DEBUG(m_handleInternalFrame[8816]):[EJ] Pass the frame to handleBayerBuffer 1014 / m_isNeedRequestFrame = 1, m_isNeedInternalFrame = 0
07-03 14:10:53.731  3435 16288 D ExynosCamera3: [CAM_ID(1)][]-DEBUG(m_handleInternalFrame[8816]):[EJ] Pass the frame to handleBayerBuffer 1015 / m_isNeedRequestFrame = 1, m_isNeedInternalFrame = 0
07-03 14:10:53.764  3435 16288 D ExynosCamera3: [CAM_ID(1)][]-DEBUG(m_handleInternalFrame[8816]):[EJ] Pass the frame to handleBayerBuffer 1016 / m_isNeedRequestFrame = 1, m_isNeedInternalFrame = 0
07-03 14:10:53.797  3435 16288 D ExynosCamera3: [CAM_ID(1)][]-DEBUG(m_handleInternalFrame[8816]):[EJ] Pass the frame to handleBayerBuffer 1017 / m_isNeedRequestFrame = 1, m_isNeedInternalFrame = 0
07-03 14:10:53.807  3435 16286 W ExynosCamera3: [CAM_ID(1)][]-WARN(m_previewStreamISPPipeThreadFunc[6613]):wait timeout
07-03 14:10:53.831  3435 16288 D ExynosCamera3: [CAM_ID(1)][]-DEBUG(m_handleInternalFrame[8816]):[EJ] Pass the frame to handleBayerBuffer 1018 / m_isNeedRequestFrame = 1, m_isNeedInternalFrame = 0
07-03 14:10:53.852  3435 16285 W ExynosCamera3: [CAM_ID(1)][]-WARN(m_previewStreamVRAPipeThreadFunc[6650]):wait timeout
07-03 14:10:53.864  3435 16288 D ExynosCamera3: [CAM_ID(1)][]-DEBUG(m_handleInternalFrame[8816]):[EJ] Pass the frame to handleBayerBuffer 1019 / m_isNeedRequestFrame = 1, m_isNeedInternalFrame = 0
07-03 14:10:53.885  3958  4502 I EDMNativeHelperService: isCameraEnabled
07-03 14:10:53.888  3435 16279 W ExynosCameraMCPipe: [CAM_ID(1)][PIPE_ISP]-WARN(m_putBuffer[1530]):inputFrameQ wait timeout
07-03 14:10:53.888  3435 16279 W ExynosCameraMCPipe: [CAM_ID(1)][PIPE_ISP]-WARN(m_putBufferThreadFunc[1471]):m_putbuffer fail, ret(-110)
07-03 14:10:53.897  3435 16288 D ExynosCamera3: [CAM_ID(1)][]-DEBUG(m_handleInternalFrame[8816]):[EJ] Pass the frame to handleBayerBuffer 1020 / m_isNeedRequestFrame = 1, m_isNeedInternalFrame = 0
07-03 14:10:53.901  3435 16280 W ExynosCameraMCPipe: [CAM_ID(1)][PIPE_ISP]-WARN(m_getBuffer[1976]):requestFrameQ wait timeout
07-03 14:10:53.902  3435 16280 W ExynosCameraMCPipe: [CAM_ID(1)][PIPE_ISP]-WARN(m_getBufferThreadFunc[1492]):m_getBuffer fail, ret(-110)
07-03 14:10:53.931  3435 16288 D ExynosCamera3: [CAM_ID(1)][]-DEBUG(m_handleInternalFrame[8816]):[EJ] Pass the frame to handleBayerBuffer 1021 / m_isNeedRequestFrame = 1, m_isNeedInternalFrame = 0
07-03 14:10:53.958  3435 16286 W ExynosCamera3: [CAM_ID(1)][]-WARN(m_previewStreamISPPipeThreadFunc[6613]):wait timeout
07-03 14:10:53.964  3435 16288 D ExynosCamera3: [CAM_ID(1)][]-DEBUG(m_handleInternalFrame[8816]):[EJ] Pass the frame to handleBayerBuffer 1022 / m_isNeedRequestFrame = 1, m_isNeedInternalFrame = 0
07-03 14:10:53.997  3435 16288 D ExynosCamera3: [CAM_ID(1)][]-DEBUG(m_handleInternalFrame[8816]):[EJ] Pass the frame to handleBayerBuffer 1023 / m_isNeedRequestFrame = 1, m_isNeedInternalFrame = 0
07-03 14:10:54.002  3435 16285 W ExynosCamera3: [CAM_ID(1)][]-WARN(m_previewStreamVRAPipeThreadFunc[6650]):wait timeout
07-03 14:10:54.034  3435 16288 D ExynosCamera3: [CAM_ID(1)][]-DEBUG(m_handleInternalFrame[8816]):[EJ] Pass the frame to handleBayerBuffer 1024 / m_isNeedRequestFrame = 1, m_isNeedInternalFrame = 0
07-03 14:10:54.064  3435 16288 D ExynosCamera3: [CAM_ID(1)][]-DEBUG(m_handleInternalFrame[8816]):[EJ] Pass the frame to handleBayerBuffer 1025 / m_isNeedRequestFrame = 1, m_isNeedInternalFrame = 0
07-03 14:10:54.097  3435 16288 D ExynosCamera3: [CAM_ID(1)][]-DEBUG(m_handleInternalFrame[8816]):[EJ] Pass the frame to handleBayerBuffer 1026 / m_isNeedRequestFrame = 1, m_isNeedInternalFrame = 0
07-03 14:10:54.108  3435 16286 W ExynosCamera3: [CAM_ID(1)][]-WARN(m_previewStreamISPPipeThreadFunc[6613]):wait timeout
07-03 14:10:54.130  3435 16288 D ExynosCamera3: [CAM_ID(1)][]-DEBUG(m_handleInternalFrame[8816]):[EJ] Pass the frame to handleBayerBuffer 1027 / m_isNeedRequestFrame = 1, m_isNeedInternalFrame = 0
07-03 14:10:54.152  3435 16285 W ExynosCamera3: [CAM_ID(1)][]-WARN(m_previewStreamVRAPipeThreadFunc[6650]):wait timeout
07-03 14:10:54.164  3435 16288 D ExynosCamera3: [CAM_ID(1)][]-DEBUG(m_handleInternalFrame[8816]):[EJ] Pass the frame to handleBayerBuffer 1028 / m_isNeedRequestFrame = 1, m_isNeedInternalFrame = 0
07-03 14:10:54.197  3435 16288 D ExynosCamera3: [CAM_ID(1)][]-DEBUG(m_handleInternalFrame[8816]):[EJ] Pass the frame to handleBayerBuffer 1029 / m_isNeedRequestFrame = 1, m_isNeedInternalFrame = 0
07-03 14:10:54.230  3435 16288 D ExynosCamera3: [CAM_ID(1)][]-DEBUG(m_handleInternalFrame[8816]):[EJ] Pass the frame to handleBayerBuffer 1030 / m_isNeedRequestFrame = 1, m_isNeedInternalFrame = 0
07-03 14:10:54.258  3435 16286 W ExynosCamera3: [CAM_ID(1)][]-WARN(m_previewStreamISPPipeThreadFunc[6613]):wait timeout
07-03 14:10:54.264  3435 16288 D ExynosCamera3: [CAM_ID(1)][]-DEBUG(m_handleInternalFrame[8816]):[EJ] Pass the frame to handleBayerBuffer 1031 / m_isNeedRequestFrame = 1, m_isNeedInternalFrame = 0
07-03 14:10:54.297  3435 16288 D ExynosCamera3: [CAM_ID(1)][]-DEBUG(m_handleInternalFrame[8816]):[EJ] Pass the frame to handleBayerBuffer 1032 / m_isNeedRequestFrame = 1, m_isNeedInternalFrame = 0
07-03 14:10:54.302  3435 16285 W ExynosCamera3: [CAM_ID(1)][]-WARN(m_previewStreamVRAPipeThreadFunc[6650]):wait timeout
07-03 14:10:54.307 16169 16311 I BatteryMgr:DataCollectionService: stats => 1688386254307,-253,4147
07-03 14:10:54.330  3435 16288 D ExynosCamera3: [CAM_ID(1)][]-DEBUG(m_handleInternalFrame[8816]):[EJ] Pass the frame to handleBayerBuffer 1033 / m_isNeedRequestFrame = 1, m_isNeedInternalFrame = 0
07-03 14:10:54.367  3435 16288 D ExynosCamera3: [CAM_ID(1)][]-DEBUG(m_handleInternalFrame[8816]):[EJ] Pass the frame to handleBayerBuffer 1034 / m_isNeedRequestFrame = 1, m_isNeedInternalFrame = 0
07-03 14:10:54.397  3435 16288 D ExynosCamera3: [CAM_ID(1)][]-DEBUG(m_handleInternalFrame[8816]):[EJ] Pass the frame to handleBayerBuffer 1035 / m_isNeedRequestFrame = 1, m_isNeedInternalFrame = 0
07-03 14:10:54.408  3435 16286 W ExynosCamera3: [CAM_ID(1)][]-WARN(m_previewStreamISPPipeThreadFunc[6613]):wait timeout
07-03 14:10:54.430  3435 16288 D ExynosCamera3: [CAM_ID(1)][]-DEBUG(m_handleInternalFrame[8816]):[EJ] Pass the frame to handleBayerBuffer 1036 / m_isNeedRequestFrame = 1, m_isNeedInternalFrame = 0
07-03 14:10:54.438  3435 16279 W ExynosCameraMCPipe: [CAM_ID(1)][PIPE_ISP]-WARN(m_putBuffer[1530]):inputFrameQ wait timeout
07-03 14:10:54.438  3435 16279 W ExynosCameraMCPipe: [CAM_ID(1)][PIPE_ISP]-WARN(m_putBufferThreadFunc[1471]):m_putbuffer fail, ret(-110)
07-03 14:10:54.452  3435 16280 W ExynosCameraMCPipe: [CAM_ID(1)][PIPE_ISP]-WARN(m_getBuffer[1976]):requestFrameQ wait timeout
07-03 14:10:54.452  3435 16280 W ExynosCameraMCPipe: [CAM_ID(1)][PIPE_ISP]-WARN(m_getBufferThreadFunc[1492]):m_getBuffer fail, ret(-110)
07-03 14:10:54.452  3435 16285 W ExynosCamera3: [CAM_ID(1)][]-WARN(m_previewStreamVRAPipeThreadFunc[6650]):wait timeout
07-03 14:10:54.467  3435 16288 D ExynosCamera3: [CAM_ID(1)][]-DEBUG(m_handleInternalFrame[8816]):[EJ] Pass the frame to handleBayerBuffer 1037 / m_isNeedRequestFrame = 1, m_isNeedInternalFrame = 0
07-03 14:10:54.497  3435 16288 D ExynosCamera3: [CAM_ID(1)][]-DEBUG(m_handleInternalFrame[8816]):[EJ] Pass the frame to handleBayerBuffer 1038 / m_isNeedRequestFrame = 1, m_isNeedInternalFrame = 0
07-03 14:10:54.530  3435 16288 D ExynosCamera3: [CAM_ID(1)][]-DEBUG(m_handleInternalFrame[8816]):[EJ] Pass the frame to handleBayerBuffer 1039 / m_isNeedRequestFrame = 1, m_isNeedInternalFrame = 0
07-03 14:10:54.558  3435 16286 W ExynosCamera3: [CAM_ID(1)][]-WARN(m_previewStreamISPPipeThreadFunc[6613]):wait timeout
07-03 14:10:54.560  4949  4949 D io_stats: !@ 179,0 r 85643 3193752 w 27801 438684 d 2503 135136 f 7813 7990 iot 48172 39929 th 51200 0 0 pt 0 inp 0 0 3637.073
07-03 14:10:54.563  3435 16288 D ExynosCamera3: [CAM_ID(1)][]-DEBUG(m_handleInternalFrame[8816]):[EJ] Pass the frame to handleBayerBuffer 1040 / m_isNeedRequestFrame = 1, m_isNeedInternalFrame = 0
07-03 14:10:54.600  3435 16288 D ExynosCamera3: [CAM_ID(1)][]-DEBUG(m_handleInternalFrame[8816]):[EJ] Pass the frame to handleBayerBuffer 1041 / m_isNeedRequestFrame = 1, m_isNeedInternalFrame = 0
07-03 14:10:54.603  3435 16285 W ExynosCamera3: [CAM_ID(1)][]-WARN(m_previewStreamVRAPipeThreadFunc[6650]):wait timeout
07-03 14:10:54.630  3435 16288 D ExynosCamera3: [CAM_ID(1)][]-DEBUG(m_handleInternalFrame[8816]):[EJ] Pass the frame to handleBayerBuffer 1042 / m_isNeedRequestFrame = 1, m_isNeedInternalFrame = 0
07-03 14:10:54.663  3435 16288 D ExynosCamera3: [CAM_ID(1)][]-DEBUG(m_handleInternalFrame[8816]):[EJ] Pass the frame to handleBayerBuffer 1043 / m_isNeedRequestFrame = 1, m_isNeedInternalFrame = 0
