07-05 18:52:18.314 27876 27973 I BatteryMgr:DataCollectionService: stats => 1688575938314,-159667,4397
07-05 18:52:18.330 27876 27973 I BatteryMgr:DataCollectionService: stats => 1688575938330,-159667,4397
07-05 18:52:18.344 27876 27973 I BatteryMgr:DataCollectionService: stats => 1688575938344,-159667,4397
07-05 18:52:18.359 27876 27973 I BatteryMgr:DataCollectionService: stats => 1688575938359,-159667,4397
07-05 18:52:18.374 27876 27973 I BatteryMgr:DataCollectionService: stats => 1688575938374,-159667,4397
07-05 18:52:18.388 27876 27973 I BatteryMgr:DataCollectionService: stats => 1688575938388,-159667,4397
07-05 18:52:18.403 27876 27973 I BatteryMgr:DataCollectionService: stats => 1688575938403,-159667,4397
07-05 18:52:18.417 27876 27973 I BatteryMgr:DataCollectionService: stats => 1688575938417,-159667,4397
07-05 18:52:18.433 27876 27973 I BatteryMgr:DataCollectionService: stats => 1688575938433,-159667,4397
07-05 18:52:18.450 27876 27973 I BatteryMgr:DataCollectionService: stats => 1688575938450,-159667,4397
07-05 18:52:18.465 27876 27973 I BatteryMgr:DataCollectionService: stats => 1688575938465,-159667,4397
07-05 18:52:18.482 27876 27973 I BatteryMgr:DataCollectionService: stats => 1688575938482,-159667,4397
07-05 18:52:18.499 27876 27973 I BatteryMgr:DataCollectionService: stats => 1688575938499,-159667,4397
07-05 18:52:18.515 27876 27973 I BatteryMgr:DataCollectionService: stats => 1688575938515,-159667,4397
07-05 18:52:18.531 27876 27973 I BatteryMgr:DataCollectionService: stats => 1688575938531,-159667,4397
07-05 18:52:18.548 27876 27973 I BatteryMgr:DataCollectionService: stats => 1688575938548,-159667,4397
07-05 18:52:18.564 27876 27973 I BatteryMgr:DataCollectionService: stats => 1688575938564,-159667,4397
07-05 18:52:18.580 27876 27973 I BatteryMgr:DataCollectionService: stats => 1688575938580,-159667,4397
07-05 18:52:18.595 27876 27973 I BatteryMgr:DataCollectionService: stats => 1688575938595,-159667,4397
07-05 18:52:18.612 27876 27973 I BatteryMgr:DataCollectionService: stats => 1688575938612,-159667,4397
07-05 18:52:18.629 27876 27973 I BatteryMgr:DataCollectionService: stats => 1688575938629,-159667,4397
07-05 18:52:18.648 27876 27973 I BatteryMgr:DataCollectionService: stats => 1688575938648,-159667,4397
07-05 18:52:18.663 27876 27973 I BatteryMgr:DataCollectionService: stats => 1688575938663,-159667,4397
07-05 18:52:18.678 27876 27973 I BatteryMgr:DataCollectionService: stats => 1688575938678,-159667,4397
07-05 18:52:18.694 27876 27973 I BatteryMgr:DataCollectionService: stats => 1688575938694,-159667,4397
07-05 18:52:18.707 27876 27973 I BatteryMgr:DataCollectionService: stats => 1688575938707,-159667,4397
07-05 18:52:18.720 27876 27973 I BatteryMgr:DataCollectionService: stats => 1688575938720,-159667,4397
07-05 18:52:18.734 27876 27973 I BatteryMgr:DataCollectionService: stats => 1688575938734,-159667,4397
07-05 18:52:18.748 27876 27973 I BatteryMgr:DataCollectionService: stats => 1688575938748,-159667,4397
07-05 18:52:18.763 27876 27973 I BatteryMgr:DataCollectionService: stats => 1688575938763,-159667,4397
07-05 18:52:18.777 27876 27973 I BatteryMgr:DataCollectionService: stats => 1688575938777,-159667,4397
07-05 18:52:18.793 27876 27973 I BatteryMgr:DataCollectionService: stats => 1688575938793,-159667,4397
07-05 18:52:18.809 27876 27973 I BatteryMgr:DataCollectionService: stats => 1688575938809,-159667,4397
07-05 18:52:18.825 27876 27973 I BatteryMgr:DataCollectionService: stats => 1688575938825,-159667,4397
07-05 18:52:18.840 27876 27973 I BatteryMgr:DataCollectionService: stats => 1688575938840,-159667,4397
07-05 18:52:18.855 27876 27973 I BatteryMgr:DataCollectionService: stats => 1688575938855,-159667,4397
07-05 18:52:18.871 27876 27973 I BatteryMgr:DataCollectionService: stats => 1688575938871,-159667,4397
07-05 18:52:18.886 27876 27973 I BatteryMgr:DataCollectionService: stats => 1688575938885,-159667,4397
07-05 18:52:18.902 27876 27973 I BatteryMgr:DataCollectionService: stats => 1688575938902,-159667,4397
07-05 18:52:18.918 27876 27973 I BatteryMgr:DataCollectionService: stats => 1688575938918,-159667,4397
07-05 18:52:18.932 27876 27973 I BatteryMgr:DataCollectionService: stats => 1688575938932,-159667,4397
07-05 18:52:18.949 27876 27973 I BatteryMgr:DataCollectionService: stats => 1688575938949,-159667,4397
07-05 18:52:18.972 27876 27973 I BatteryMgr:DataCollectionService: stats => 1688575938972,-159667,4397
07-05 18:52:18.989 27876 27973 I BatteryMgr:DataCollectionService: stats => 1688575938989,-159667,4397
07-05 18:52:19.004 27876 27973 I BatteryMgr:DataCollectionService: stats => 1688575939003,-159667,4397
07-05 18:52:19.021 27876 27973 I BatteryMgr:DataCollectionService: stats => 1688575939020,-159667,4397
07-05 18:52:19.036 27876 27973 I BatteryMgr:DataCollectionService: stats => 1688575939036,-159667,4397
07-05 18:52:19.052 27876 27973 I BatteryMgr:DataCollectionService: stats => 1688575939052,-159667,4397
07-05 18:52:19.067 27876 27973 I BatteryMgr:DataCollectionService: stats => 1688575939067,-159667,4397
07-05 18:52:19.082 27876 27973 I BatteryMgr:DataCollectionService: stats => 1688575939082,-159667,4397
07-05 18:52:19.099 27876 27973 I BatteryMgr:DataCollectionService: stats => 1688575939099,-159667,4397
07-05 18:52:19.114 27876 27973 I BatteryMgr:DataCollectionService: stats => 1688575939114,-159667,4397
07-05 18:52:19.131 27876 27973 I BatteryMgr:DataCollectionService: stats => 1688575939131,-159667,4397
07-05 18:52:19.146 27876 27973 I BatteryMgr:DataCollectionService: stats => 1688575939146,-159667,4397
07-05 18:52:19.162 27876 27973 I BatteryMgr:DataCollectionService: stats => 1688575939162,-159667,4397
07-05 18:52:19.179 27876 27973 I BatteryMgr:DataCollectionService: stats => 1688575939179,-159667,4397
07-05 18:52:19.194 27876 27973 I BatteryMgr:DataCollectionService: stats => 1688575939194,-159667,4397
07-05 18:52:19.212 27876 27973 I BatteryMgr:DataCollectionService: stats => 1688575939212,-159667,4397
07-05 18:52:19.230 27876 27973 I BatteryMgr:DataCollectionService: stats => 1688575939230,-159667,4397
07-05 18:52:19.245 27876 27973 I BatteryMgr:DataCollectionService: stats => 1688575939245,-159667,4397
07-05 18:52:19.262 27876 27973 I BatteryMgr:DataCollectionService: stats => 1688575939262,-159667,4397
07-05 18:52:19.279 27876 27973 I BatteryMgr:DataCollectionService: stats => 1688575939279,-159667,4397
07-05 18:52:19.294 27876 27973 I BatteryMgr:DataCollectionService: stats => 1688575939294,-159667,4397
07-05 18:52:19.313 27876 27973 I BatteryMgr:DataCollectionService: stats => 1688575939313,-159667,4397
07-05 18:52:19.331 27876 27973 I BatteryMgr:DataCollectionService: stats => 1688575939331,-159667,4397
07-05 18:52:19.346 27876 27973 I BatteryMgr:DataCollectionService: stats => 1688575939346,-159667,4397
07-05 18:52:19.363 27876 27973 I BatteryMgr:DataCollectionService: stats => 1688575939363,-159667,4397
07-05 18:52:19.381 27876 27973 I BatteryMgr:DataCollectionService: stats => 1688575939380,-159667,4397
07-05 18:52:19.396 27876 27973 I BatteryMgr:DataCollectionService: stats => 1688575939396,-159667,4397
07-05 18:52:19.413 27876 27973 I BatteryMgr:DataCollectionService: stats => 1688575939413,-159667,4397
07-05 18:52:19.431 27876 27973 I BatteryMgr:DataCollectionService: stats => 1688575939431,-159667,4397
07-05 18:52:19.449 27876 27973 I BatteryMgr:DataCollectionService: stats => 1688575939449,-159667,4397
07-05 18:52:19.464 27876 27973 I BatteryMgr:DataCollectionService: stats => 1688575939464,-159667,4397
07-05 18:52:19.481 27876 27973 I BatteryMgr:DataCollectionService: stats => 1688575939481,-159667,4397
07-05 18:52:19.498 27876 27973 I BatteryMgr:DataCollectionService: stats => 1688575939497,-159667,4397
07-05 18:52:19.513 27876 27973 I BatteryMgr:DataCollectionService: stats => 1688575939513,-159667,4397
07-05 18:52:19.531 27876 27973 I BatteryMgr:DataCollectionService: stats => 1688575939531,-159667,4397
07-05 18:52:19.547 27876 27973 I BatteryMgr:DataCollectionService: stats => 1688575939546,-159667,4397
07-05 18:52:19.564 27876 27973 I BatteryMgr:DataCollectionService: stats => 1688575939564,-155273,4397
07-05 18:52:19.581 27876 27973 I BatteryMgr:DataCollectionService: stats => 1688575939581,-155273,4397
07-05 18:52:19.595 27876 27973 I BatteryMgr:DataCollectionService: stats => 1688575939595,-155273,4397
07-05 18:52:19.611 27876 27973 I BatteryMgr:DataCollectionService: stats => 1688575939611,-155273,4397
07-05 18:52:19.629 27876 27973 I BatteryMgr:DataCollectionService: stats => 1688575939629,-155273,4397
07-05 18:52:19.644 27876 27973 I BatteryMgr:DataCollectionService: stats => 1688575939644,-155273,4397
07-05 18:52:19.661 27876 27973 I BatteryMgr:DataCollectionService: stats => 1688575939661,-155273,4397
07-05 18:52:19.676 27876 27973 I BatteryMgr:DataCollectionService: stats => 1688575939676,-155273,4397
07-05 18:52:19.692 27876 27973 I BatteryMgr:DataCollectionService: stats => 1688575939692,-155273,4397
07-05 18:52:19.710 27876 27973 I BatteryMgr:DataCollectionService: stats => 1688575939710,-155273,4397
07-05 18:52:19.725 27876 27973 I BatteryMgr:DataCollectionService: stats => 1688575939725,-155273,4397
07-05 18:52:19.742 27876 27973 I BatteryMgr:DataCollectionService: stats => 1688575939742,-155273,4397
07-05 18:52:19.764 27876 27973 I BatteryMgr:DataCollectionService: stats => 1688575939764,-155273,4397
07-05 18:52:19.779 27876 27973 I BatteryMgr:DataCollectionService: stats => 1688575939779,-155273,4397
07-05 18:52:19.794 27876 27973 I BatteryMgr:DataCollectionService: stats => 1688575939793,-155273,4397
07-05 18:52:19.811 27876 27973 I BatteryMgr:DataCollectionService: stats => 1688575939811,-155273,4397
07-05 18:52:19.827 27876 27973 I BatteryMgr:DataCollectionService: stats => 1688575939827,-155273,4397
07-05 18:52:19.844 27876 27973 I BatteryMgr:DataCollectionService: stats => 1688575939844,-155273,4397
07-05 18:52:19.861 27876 27973 I BatteryMgr:DataCollectionService: stats => 1688575939861,-155273,4397
07-05 18:52:19.877 27876 27973 I BatteryMgr:DataCollectionService: stats => 1688575939877,-155273,4397
07-05 18:52:19.894 27876 27973 I BatteryMgr:DataCollectionService: stats => 1688575939894,-155273,4397
07-05 18:52:19.910 27876 27973 I BatteryMgr:DataCollectionService: stats => 1688575939910,-155273,4397
07-05 18:52:19.925 27876 27973 I BatteryMgr:DataCollectionService: stats => 1688575939925,-155273,4397
07-05 18:52:19.941 27876 27973 I BatteryMgr:DataCollectionService: stats => 1688575939941,-155273,4397
07-05 18:52:19.957 27876 27973 I BatteryMgr:DataCollectionService: stats => 1688575939957,-155273,4397
07-05 18:52:19.973 27876 27973 I BatteryMgr:DataCollectionService: stats => 1688575939973,-155273,4397
07-05 18:52:19.990 27876 27973 I BatteryMgr:DataCollectionService: stats => 1688575939990,-155273,4397
07-05 18:52:20.005 27876 27973 I BatteryMgr:DataCollectionService: stats => 1688575940005,-155273,4397
07-05 18:52:20.021 27876 27973 I BatteryMgr:DataCollectionService: stats => 1688575940021,-155273,4397
07-05 18:52:20.036 27876 27973 I BatteryMgr:DataCollectionService: stats => 1688575940035,-155273,4397
07-05 18:52:20.054 27876 27973 I BatteryMgr:DataCollectionService: stats => 1688575940053,-155273,4397
07-05 18:52:20.070 27876 27973 I BatteryMgr:DataCollectionService: stats => 1688575940070,-155273,4397
07-05 18:52:20.084 27876 27973 I BatteryMgr:DataCollectionService: stats => 1688575940084,-155273,4397
07-05 18:52:20.100 27876 27973 I BatteryMgr:DataCollectionService: stats => 1688575940100,-155273,4397
07-05 18:52:20.114 27876 27973 I BatteryMgr:DataCollectionService: stats => 1688575940114,-155273,4397
07-05 18:52:20.131 27876 27973 I BatteryMgr:DataCollectionService: stats => 1688575940131,-155273,4397
07-05 18:52:20.147 27876 27973 I BatteryMgr:DataCollectionService: stats => 1688575940147,-155273,4397
07-05 18:52:20.164 27876 27973 I BatteryMgr:DataCollectionService: stats => 1688575940164,-155273,4397
07-05 18:52:20.181 27876 27973 I BatteryMgr:DataCollectionService: stats => 1688575940181,-155273,4397
07-05 18:52:20.196 27876 27973 I BatteryMgr:DataCollectionService: stats => 1688575940196,-155273,4397
07-05 18:52:20.211 27876 27973 I BatteryMgr:DataCollectionService: stats => 1688575940211,-155273,4397
07-05 18:52:20.225 27876 27973 I BatteryMgr:DataCollectionService: stats => 1688575940225,-155273,4397
07-05 18:52:20.242 27876 27973 I BatteryMgr:DataCollectionService: stats => 1688575940242,-155273,4397
07-05 18:52:20.259 27876 27973 I BatteryMgr:DataCollectionService: stats => 1688575940259,-155273,4397
07-05 18:52:20.274 27876 27973 I BatteryMgr:DataCollectionService: stats => 1688575940274,-155273,4397
07-05 18:52:20.292 27876 27973 I BatteryMgr:DataCollectionService: stats => 1688575940291,-155273,4397
07-05 18:52:20.308 27876 27973 I BatteryMgr:DataCollectionService: stats => 1688575940308,-155273,4397
07-05 18:52:20.324 27876 27973 I BatteryMgr:DataCollectionService: stats => 1688575940323,-155273,4397
07-05 18:52:20.341 27876 27973 I BatteryMgr:DataCollectionService: stats => 1688575940341,-155273,4397
07-05 18:52:20.356 27876 27973 I BatteryMgr:DataCollectionService: stats => 1688575940356,-155273,4397
07-05 18:52:20.373 27876 27973 I BatteryMgr:DataCollectionService: stats => 1688575940373,-155273,4397
07-05 18:52:20.388 27876 27973 I BatteryMgr:DataCollectionService: stats => 1688575940388,-155273,4397
07-05 18:52:20.403 27876 27973 I BatteryMgr:DataCollectionService: stats => 1688575940403,-155273,4397
07-05 18:52:20.420 27876 27973 I BatteryMgr:DataCollectionService: stats => 1688575940420,-155273,4397
07-05 18:52:20.435 27876 27973 I BatteryMgr:DataCollectionService: stats => 1688575940435,-155273,4397
07-05 18:52:20.452 27876 27973 I BatteryMgr:DataCollectionService: stats => 1688575940452,-155273,4397
07-05 18:52:20.469 27876 27973 I BatteryMgr:DataCollectionService: stats => 1688575940469,-155273,4397
07-05 18:52:20.485 27876 27973 I BatteryMgr:DataCollectionService: stats => 1688575940485,-155273,4397
07-05 18:52:20.502 27876 27973 I BatteryMgr:DataCollectionService: stats => 1688575940502,-155273,4397
07-05 18:52:20.519 27876 27973 I BatteryMgr:DataCollectionService: stats => 1688575940519,-155273,4397
07-05 18:52:20.534 27876 27973 I BatteryMgr:DataCollectionService: stats => 1688575940534,-155273,4397
07-05 18:52:20.551 27876 27973 I BatteryMgr:DataCollectionService: stats => 1688575940551,-155273,4397
07-05 18:52:20.566 27876 27973 I BatteryMgr:DataCollectionService: stats => 1688575940566,-155273,4397
07-05 18:52:20.584 27876 27973 I BatteryMgr:DataCollectionService: stats => 1688575940584,-155273,4397
07-05 18:52:20.600 27876 27973 I BatteryMgr:DataCollectionService: stats => 1688575940600,-155273,4397
07-05 18:52:20.614 27876 27973 I BatteryMgr:DataCollectionService: stats => 1688575940614,-155273,4397
07-05 18:52:20.633  1704  2117 D InputDispatcher: Waiting to send key to Window{eb9f5f0 u0 e.www.ambientlighttest/e.www.ambientlighttest.MainActivity} because there are unprocessed events that may cause focus to change
07-05 18:52:20.642 27876 27973 I BatteryMgr:DataCollectionService: stats => 1688575940637,-155273,4397
07-05 18:52:20.659 27876 27973 I BatteryMgr:DataCollectionService: stats => 1688575940659,-155273,4397
07-05 18:52:20.673 27876 27973 I BatteryMgr:DataCollectionService: stats => 1688575940673,-155273,4397
07-05 18:52:20.690 27876 27973 I BatteryMgr:DataCollectionService: stats => 1688575940690,-155273,4397
07-05 18:52:20.705 27876 27973 I BatteryMgr:DataCollectionService: stats => 1688575940705,-155273,4397
07-05 18:52:20.728 27876 27973 I BatteryMgr:DataCollectionService: stats => 1688575940728,-155273,4397
07-05 18:52:20.744 27876 27973 I BatteryMgr:DataCollectionService: stats => 1688575940744,-155273,4397
07-05 18:52:20.761 27876 27973 I BatteryMgr:DataCollectionService: stats => 1688575940761,-155273,4397
07-05 18:52:20.776 27876 27973 I BatteryMgr:DataCollectionService: stats => 1688575940776,-155273,4397
07-05 18:52:20.793 27876 27973 I BatteryMgr:DataCollectionService: stats => 1688575940793,-155273,4397
07-05 18:52:20.811 27876 27973 I BatteryMgr:DataCollectionService: stats => 1688575940811,-155273,4397
07-05 18:52:20.826 27876 27973 I BatteryMgr:DataCollectionService: stats => 1688575940826,-155273,4397
07-05 18:52:20.843 27876 27973 I BatteryMgr:DataCollectionService: stats => 1688575940843,-155273,4397
07-05 18:52:20.860 27876 27973 I BatteryMgr:DataCollectionService: stats => 1688575940860,-155273,4397
07-05 18:52:20.874 27876 27973 I BatteryMgr:DataCollectionService: stats => 1688575940874,-155273,4397
07-05 18:52:20.892 27876 27973 I BatteryMgr:DataCollectionService: stats => 1688575940892,-155273,4397
07-05 18:52:20.909 27876 27973 I BatteryMgr:DataCollectionService: stats => 1688575940909,-155273,4397
07-05 18:52:20.925 27876 27973 I BatteryMgr:DataCollectionService: stats => 1688575940925,-155273,4397
07-05 18:52:20.942 27876 27973 I BatteryMgr:DataCollectionService: stats => 1688575940941,-155273,4397
07-05 18:52:20.959 27876 27973 I BatteryMgr:DataCollectionService: stats => 1688575940958,-155273,4397
07-05 18:52:20.974 27876 27973 I BatteryMgr:DataCollectionService: stats => 1688575940974,-155273,4397
07-05 18:52:20.992 27876 27973 I BatteryMgr:DataCollectionService: stats => 1688575940992,-155273,4397
07-05 18:52:21.009 27876 27973 I BatteryMgr:DataCollectionService: stats => 1688575941009,-155273,4397
07-05 18:52:21.025 27876 27973 I BatteryMgr:DataCollectionService: stats => 1688575941025,-155273,4397
07-05 18:52:21.040 27876 27973 I BatteryMgr:DataCollectionService: stats => 1688575941040,-155273,4397
07-05 18:52:21.055 27876 27973 I BatteryMgr:DataCollectionService: stats => 1688575941055,-155273,4397
07-05 18:52:21.072 27876 27973 I BatteryMgr:DataCollectionService: stats => 1688575941072,-155273,4397
07-05 18:52:21.088 27876 27973 I BatteryMgr:DataCollectionService: stats => 1688575941088,-155273,4397
07-05 18:52:21.103 27876 27973 I BatteryMgr:DataCollectionService: stats => 1688575941103,-155273,4397
07-05 18:52:21.117 27876 27973 I BatteryMgr:DataCollectionService: stats => 1688575941117,-155273,4397
07-05 18:52:21.133 27876 27973 I BatteryMgr:DataCollectionService: stats => 1688575941133,-155273,4397
07-05 18:52:21.149 27876 27973 I BatteryMgr:DataCollectionService: stats => 1688575941149,-155273,4397
07-05 18:52:21.164 27876 27973 I BatteryMgr:DataCollectionService: stats => 1688575941164,-155273,4397
07-05 18:52:21.180 27876 27973 I BatteryMgr:DataCollectionService: stats => 1688575941180,-155273,4397
07-05 18:52:21.195 27876 27973 I BatteryMgr:DataCollectionService: stats => 1688575941195,-155273,4397
07-05 18:52:21.211 27876 27973 I BatteryMgr:DataCollectionService: stats => 1688575941211,-155273,4397
07-05 18:52:21.226 27876 27973 I BatteryMgr:DataCollectionService: stats => 1688575941226,-155273,4397
07-05 18:52:21.242 27876 27973 I BatteryMgr:DataCollectionService: stats => 1688575941242,-155273,4397
07-05 18:52:21.250  1704  2117 D InputDispatcher: Waiting to send key to Window{eb9f5f0 u0 e.www.ambientlighttest/e.www.ambientlighttest.MainActivity} because there are unprocessed events that may cause focus to change
07-05 18:52:21.257 27876 27973 I BatteryMgr:DataCollectionService: stats => 1688575941257,-155273,4397
07-05 18:52:21.273 27876 27973 I BatteryMgr:DataCollectionService: stats => 1688575941273,-155273,4397
07-05 18:52:21.290 27876 27973 I BatteryMgr:DataCollectionService: stats => 1688575941290,-155273,4397
07-05 18:52:21.305 27876 27973 I BatteryMgr:DataCollectionService: stats => 1688575941305,-155273,4397
07-05 18:52:21.322 27876 27973 I BatteryMgr:DataCollectionService: stats => 1688575941322,-155273,4397
07-05 18:52:21.338 27876 27973 I BatteryMgr:DataCollectionService: stats => 1688575941338,-155273,4397
07-05 18:52:21.353 27876 27973 I BatteryMgr:DataCollectionService: stats => 1688575941353,-155273,4397
07-05 18:52:21.370 27876 27973 I BatteryMgr:DataCollectionService: stats => 1688575941370,-155273,4397
07-05 18:52:21.385 27876 27973 I BatteryMgr:DataCollectionService: stats => 1688575941385,-155273,4397
07-05 18:52:21.402 27876 27973 I BatteryMgr:DataCollectionService: stats => 1688575941402,-155273,4397
07-05 18:52:21.419 27876 27973 I BatteryMgr:DataCollectionService: stats => 1688575941419,-155273,4397
07-05 18:52:21.434 27876 27973 I BatteryMgr:DataCollectionService: stats => 1688575941434,-155273,4397
07-05 18:52:21.452 27876 27973 I BatteryMgr:DataCollectionService: stats => 1688575941452,-155273,4397
07-05 18:52:21.470 27876 27973 I BatteryMgr:DataCollectionService: stats => 1688575941470,-155273,4397
07-05 18:52:21.485 27876 27973 I BatteryMgr:DataCollectionService: stats => 1688575941485,-155273,4397
07-05 18:52:21.503 27876 27973 I BatteryMgr:DataCollectionService: stats => 1688575941503,-155273,4397
07-05 18:52:21.520 27876 27973 I BatteryMgr:DataCollectionService: stats => 1688575941520,-155273,4397
07-05 18:52:21.535 27876 27973 I BatteryMgr:DataCollectionService: stats => 1688575941535,-155273,4397
07-05 18:52:21.551 27876 27973 I BatteryMgr:DataCollectionService: stats => 1688575941551,-155273,4397
07-05 18:52:21.569 27876 27973 I BatteryMgr:DataCollectionService: stats => 1688575941569,-155273,4397
07-05 18:52:21.584 27876 27973 I BatteryMgr:DataCollectionService: stats => 1688575941584,-155273,4397
07-05 18:52:21.601 27876 27973 I BatteryMgr:DataCollectionService: stats => 1688575941601,-155273,4397
07-05 18:52:21.617 27876 27973 I BatteryMgr:DataCollectionService: stats => 1688575941616,-155273,4397
07-05 18:52:21.632 27876 27973 I BatteryMgr:DataCollectionService: stats => 1688575941632,-155273,4397
07-05 18:52:21.649 27876 27973 I BatteryMgr:DataCollectionService: stats => 1688575941648,-155273,4397
07-05 18:52:21.663 27876 27973 I BatteryMgr:DataCollectionService: stats => 1688575941663,-155273,4397
07-05 18:52:21.680 27876 27973 I BatteryMgr:DataCollectionService: stats => 1688575941680,-155273,4397
07-05 18:52:21.696 27876 27973 I BatteryMgr:DataCollectionService: stats => 1688575941695,-155273,4397
07-05 18:52:21.713 27876 27973 I BatteryMgr:DataCollectionService: stats => 1688575941713,-155273,4397
07-05 18:52:21.733 27876 27973 I BatteryMgr:DataCollectionService: stats => 1688575941733,-155273,4397
07-05 18:52:21.749 27876 27973 I BatteryMgr:DataCollectionService: stats => 1688575941749,-155273,4397
07-05 18:52:21.764 27876 27973 I BatteryMgr:DataCollectionService: stats => 1688575941764,-155273,4397
07-05 18:52:21.781 27876 27973 I BatteryMgr:DataCollectionService: stats => 1688575941781,-155273,4397
07-05 18:52:21.797 27876 27973 I BatteryMgr:DataCollectionService: stats => 1688575941797,-155273,4397
07-05 18:52:21.813 27876 27973 I BatteryMgr:DataCollectionService: stats => 1688575941813,-155273,4397
07-05 18:52:21.831 27876 27973 I BatteryMgr:DataCollectionService: stats => 1688575941831,-155273,4397
07-05 18:52:21.846 27876 27973 I BatteryMgr:DataCollectionService: stats => 1688575941846,-155273,4397
07-05 18:52:21.863 27876 27973 I BatteryMgr:DataCollectionService: stats => 1688575941863,-155273,4397
07-05 18:52:21.881 27876 27973 I BatteryMgr:DataCollectionService: stats => 1688575941881,-155273,4397
07-05 18:52:21.896 27876 27973 I BatteryMgr:DataCollectionService: stats => 1688575941896,-155273,4397
07-05 18:52:21.914 27876 27973 I BatteryMgr:DataCollectionService: stats => 1688575941914,-155273,4397
07-05 18:52:21.928 27876 27973 I BatteryMgr:DataCollectionService: stats => 1688575941928,-155273,4397
07-05 18:52:21.943 27876 27973 I BatteryMgr:DataCollectionService: stats => 1688575941943,-155273,4397
07-05 18:52:21.961 27876 27973 I BatteryMgr:DataCollectionService: stats => 1688575941961,-155273,4397
07-05 18:52:21.976 27876 27973 I BatteryMgr:DataCollectionService: stats => 1688575941976,-155273,4397
07-05 18:52:21.993 27876 27973 I BatteryMgr:DataCollectionService: stats => 1688575941993,-155273,4397
07-05 18:52:22.010 27876 27973 I BatteryMgr:DataCollectionService: stats => 1688575942010,-155273,4397
07-05 18:52:22.026 27876 27973 I BatteryMgr:DataCollectionService: stats => 1688575942026,-155273,4397
07-05 18:52:22.043 27876 27973 I BatteryMgr:DataCollectionService: stats => 1688575942043,-155273,4397
07-05 18:52:22.061 27876 27973 I BatteryMgr:DataCollectionService: stats => 1688575942061,-155273,4397
07-05 18:52:22.076 27876 27973 I BatteryMgr:DataCollectionService: stats => 1688575942076,-155273,4397
07-05 18:52:22.092 27876 27973 I BatteryMgr:DataCollectionService: stats => 1688575942092,-155273,4397
07-05 18:52:22.110 27876 27973 I BatteryMgr:DataCollectionService: stats => 1688575942110,-155273,4397
07-05 18:52:22.125 27876 27973 I BatteryMgr:DataCollectionService: stats => 1688575942125,-155273,4397
07-05 18:52:22.141 27876 27973 I BatteryMgr:DataCollectionService: stats => 1688575942141,-155273,4397
07-05 18:52:22.156 27876 27973 I BatteryMgr:DataCollectionService: stats => 1688575942156,-155273,4397
07-05 18:52:22.172 27876 27973 I BatteryMgr:DataCollectionService: stats => 1688575942172,-155273,4397
07-05 18:52:22.189 27876 27973 I BatteryMgr:DataCollectionService: stats => 1688575942189,-155273,4397
07-05 18:52:22.203 27876 27973 I BatteryMgr:DataCollectionService: stats => 1688575942203,-155273,4397
07-05 18:52:22.220 27876 27973 I BatteryMgr:DataCollectionService: stats => 1688575942220,-155273,4397
07-05 18:52:22.234 27876 27973 I BatteryMgr:DataCollectionService: stats => 1688575942234,-155273,4397
07-05 18:52:22.250 27876 27973 I BatteryMgr:DataCollectionService: stats => 1688575942250,-155273,4397
07-05 18:52:22.265 27876 27973 I BatteryMgr:DataCollectionService: stats => 1688575942265,-155273,4397
07-05 18:52:22.281 27876 27973 I BatteryMgr:DataCollectionService: stats => 1688575942281,-155273,4397
07-05 18:52:22.299 27876 27973 I BatteryMgr:DataCollectionService: stats => 1688575942299,-155273,4397
07-05 18:52:22.314 27876 27973 I BatteryMgr:DataCollectionService: stats => 1688575942314,-155273,4397
07-05 18:52:22.331 27876 27973 I BatteryMgr:DataCollectionService: stats => 1688575942331,-155273,4397
07-05 18:52:22.346 27876 27973 I BatteryMgr:DataCollectionService: stats => 1688575942346,-155273,4397
07-05 18:52:22.361 27876 27973 I BatteryMgr:DataCollectionService: stats => 1688575942361,-155273,4397
07-05 18:52:22.376 27876 27973 I BatteryMgr:DataCollectionService: stats => 1688575942376,-155273,4397
07-05 18:52:22.391 27876 27973 I BatteryMgr:DataCollectionService: stats => 1688575942391,-155273,4397
07-05 18:52:22.406 27876 27973 I BatteryMgr:DataCollectionService: stats => 1688575942406,-155273,4397
07-05 18:52:22.422 27876 27973 I BatteryMgr:DataCollectionService: stats => 1688575942422,-155273,4397
07-05 18:52:22.440 27876 27973 I BatteryMgr:DataCollectionService: stats => 1688575942440,-155273,4397
07-05 18:52:22.455 27876 27973 I BatteryMgr:DataCollectionService: stats => 1688575942455,-155273,4397
07-05 18:52:22.471 27876 27973 I BatteryMgr:DataCollectionService: stats => 1688575942471,-155273,4397
07-05 18:52:22.486 27876 27973 I BatteryMgr:DataCollectionService: stats => 1688575942486,-155273,4397
07-05 18:52:22.502 27876 27973 I BatteryMgr:DataCollectionService: stats => 1688575942502,-189453,4397
07-05 18:52:22.519 27876 27973 I BatteryMgr:DataCollectionService: stats => 1688575942519,-189453,4397
07-05 18:52:22.534 27876 27973 I BatteryMgr:DataCollectionService: stats => 1688575942534,-189453,4397
07-05 18:52:22.552 27876 27973 I BatteryMgr:DataCollectionService: stats => 1688575942552,-189453,4397
07-05 18:52:22.566 27876 27973 I BatteryMgr:DataCollectionService: stats => 1688575942566,-189453,4397
07-05 18:52:22.582 27876 27973 I BatteryMgr:DataCollectionService: stats => 1688575942582,-189453,4397
07-05 18:52:22.600 27876 27973 I BatteryMgr:DataCollectionService: stats => 1688575942600,-189453,4397
07-05 18:52:22.615 27876 27973 I BatteryMgr:DataCollectionService: stats => 1688575942615,-189453,4397
07-05 18:52:22.634 27876 27973 I BatteryMgr:DataCollectionService: stats => 1688575942634,-189453,4397
07-05 18:52:22.651 27876 27973 I BatteryMgr:DataCollectionService: stats => 1688575942651,-189453,4397
07-05 18:52:22.665 27876 27973 I BatteryMgr:DataCollectionService: stats => 1688575942665,-189453,4397
07-05 18:52:22.682 27876 27973 I BatteryMgr:DataCollectionService: stats => 1688575942682,-189453,4397
07-05 18:52:22.699 27876 27973 I BatteryMgr:DataCollectionService: stats => 1688575942699,-189453,4397
07-05 18:52:22.715 27876 27973 I BatteryMgr:DataCollectionService: stats => 1688575942715,-189453,4397
07-05 18:52:22.723  3964  4436 W TimedProcessReaper: Memory state is: 125
07-05 18:52:22.730 27876 27973 I BatteryMgr:DataCollectionService: stats => 1688575942730,-189453,4397
07-05 18:52:22.744 27876 27973 I BatteryMgr:DataCollectionService: stats => 1688575942744,-189453,4397
07-05 18:52:22.761 27876 27973 I BatteryMgr:DataCollectionService: stats => 1688575942761,-189453,4397
07-05 18:52:22.776 27876 27973 I BatteryMgr:DataCollectionService: stats => 1688575942776,-189453,4397
07-05 18:52:22.792 27876 27973 I BatteryMgr:DataCollectionService: stats => 1688575942792,-189453,4397
07-05 18:52:22.809 27876 27973 I BatteryMgr:DataCollectionService: stats => 1688575942809,-189453,4397
07-05 18:52:22.825 27876 27973 I BatteryMgr:DataCollectionService: stats => 1688575942824,-189453,4397
07-05 18:52:22.840 27876 27973 I BatteryMgr:DataCollectionService: stats => 1688575942840,-189453,4397
07-05 18:52:22.856 27876 27973 I BatteryMgr:DataCollectionService: stats => 1688575942855,-189453,4397
07-05 18:52:22.872 27876 27973 I BatteryMgr:DataCollectionService: stats => 1688575942872,-189453,4397
07-05 18:52:22.889 27876 27973 I BatteryMgr:DataCollectionService: stats => 1688575942889,-189453,4397
07-05 18:52:22.904 27876 27973 I BatteryMgr:DataCollectionService: stats => 1688575942904,-189453,4397
07-05 18:52:22.921 27876 27973 I BatteryMgr:DataCollectionService: stats => 1688575942921,-189453,4397
07-05 18:52:22.936 27876 27973 I BatteryMgr:DataCollectionService: stats => 1688575942936,-189453,4397
07-05 18:52:22.954 27876 27973 I BatteryMgr:DataCollectionService: stats => 1688575942954,-189453,4397
07-05 18:52:22.969 27876 27973 I BatteryMgr:DataCollectionService: stats => 1688575942969,-189453,4397
07-05 18:52:22.984 27876 27973 I BatteryMgr:DataCollectionService: stats => 1688575942984,-189453,4397
07-05 18:52:23.000 27876 27973 I BatteryMgr:DataCollectionService: stats => 1688575943000,-189453,4397
07-05 18:52:23.014 27876 27973 I BatteryMgr:DataCollectionService: stats => 1688575943014,-189453,4397
07-05 18:52:23.030 27876 27973 I BatteryMgr:DataCollectionService: stats => 1688575943030,-189453,4397
07-05 18:52:23.045 27876 27973 I BatteryMgr:DataCollectionService: stats => 1688575943045,-189453,4397
07-05 18:52:23.061 27876 27973 I BatteryMgr:DataCollectionService: stats => 1688575943061,-189453,4397
07-05 18:52:23.076 27876 27973 I BatteryMgr:DataCollectionService: stats => 1688575943076,-189453,4397
07-05 18:52:23.091 27876 27973 I BatteryMgr:DataCollectionService: stats => 1688575943091,-189453,4397
07-05 18:52:23.106 27876 27973 I BatteryMgr:DataCollectionService: stats => 1688575943106,-189453,4397
07-05 18:52:23.125 27876 27973 I BatteryMgr:DataCollectionService: stats => 1688575943124,-189453,4397
07-05 18:52:23.139 27876 27973 I BatteryMgr:DataCollectionService: stats => 1688575943139,-189453,4397
07-05 18:52:23.154 27876 27973 I BatteryMgr:DataCollectionService: stats => 1688575943154,-189453,4397
07-05 18:52:23.170 27876 27973 I BatteryMgr:DataCollectionService: stats => 1688575943170,-189453,4397
07-05 18:52:23.184 27876 27973 I BatteryMgr:DataCollectionService: stats => 1688575943184,-189453,4397
07-05 18:52:23.201 27876 27973 I BatteryMgr:DataCollectionService: stats => 1688575943201,-189453,4397
07-05 18:52:23.216 27876 27973 I BatteryMgr:DataCollectionService: stats => 1688575943216,-189453,4397
07-05 18:52:23.232 27876 27973 I BatteryMgr:DataCollectionService: stats => 1688575943231,-189453,4397
07-05 18:52:23.251 27876 27973 I BatteryMgr:DataCollectionService: stats => 1688575943251,-189453,4397
07-05 18:52:23.267 27876 27973 I BatteryMgr:DataCollectionService: stats => 1688575943267,-189453,4397
07-05 18:52:23.282 27876 27973 I BatteryMgr:DataCollectionService: stats => 1688575943282,-189453,4397
07-05 18:52:23.299 27876 27973 I BatteryMgr:DataCollectionService: stats => 1688575943299,-189453,4397
07-05 18:52:23.313 27876 27973 I BatteryMgr:DataCollectionService: stats => 1688575943313,-189453,4397
07-05 18:52:23.329 27876 27973 I BatteryMgr:DataCollectionService: stats => 1688575943329,-189453,4397
07-05 18:52:23.344 27876 27973 I BatteryMgr:DataCollectionService: stats => 1688575943344,-189453,4397
07-05 18:52:23.359 27876 27973 I BatteryMgr:DataCollectionService: stats => 1688575943359,-189453,4397
07-05 18:52:23.375 27876 27973 I BatteryMgr:DataCollectionService: stats => 1688575943375,-189453,4397
07-05 18:52:23.392 27876 27973 I BatteryMgr:DataCollectionService: stats => 1688575943392,-189453,4397
07-05 18:52:23.409 27876 27973 I BatteryMgr:DataCollectionService: stats => 1688575943409,-189453,4397
07-05 18:52:23.424 27876 27973 I BatteryMgr:DataCollectionService: stats => 1688575943424,-189453,4397
07-05 18:52:23.440 27876 27973 I BatteryMgr:DataCollectionService: stats => 1688575943440,-189453,4397
07-05 18:52:23.455 27876 27973 I BatteryMgr:DataCollectionService: stats => 1688575943455,-189453,4397
07-05 18:52:23.472 27876 27973 I BatteryMgr:DataCollectionService: stats => 1688575943472,-189453,4397
07-05 18:52:23.487 27876 27973 I BatteryMgr:DataCollectionService: stats => 1688575943487,-189453,4397
07-05 18:52:23.503 27876 27973 I BatteryMgr:DataCollectionService: stats => 1688575943503,-189453,4397
07-05 18:52:23.518 27876 27973 I BatteryMgr:DataCollectionService: stats => 1688575943518,-189453,4397
07-05 18:52:23.532 27876 27973 I BatteryMgr:DataCollectionService: stats => 1688575943532,-189453,4397
07-05 18:52:23.548 27876 27973 I BatteryMgr:DataCollectionService: stats => 1688575943548,-189453,4397
07-05 18:52:23.563 27876 27973 I BatteryMgr:DataCollectionService: stats => 1688575943563,-189453,4397
07-05 18:52:23.578 27876 27973 I BatteryMgr:DataCollectionService: stats => 1688575943578,-189453,4397
07-05 18:52:23.593 27876 27973 I BatteryMgr:DataCollectionService: stats => 1688575943593,-189453,4397
07-05 18:52:23.609 27876 27973 I BatteryMgr:DataCollectionService: stats => 1688575943609,-189453,4397
07-05 18:52:23.624 27876 27973 I BatteryMgr:DataCollectionService: stats => 1688575943624,-189453,4397
07-05 18:52:23.639 27876 27973 I BatteryMgr:DataCollectionService: stats => 1688575943639,-189453,4397
07-05 18:52:23.654 27876 27973 I BatteryMgr:DataCollectionService: stats => 1688575943654,-189453,4397
07-05 18:52:23.670 27876 27973 I BatteryMgr:DataCollectionService: stats => 1688575943670,-189453,4397
07-05 18:52:23.685 27876 27973 I BatteryMgr:DataCollectionService: stats => 1688575943685,-189453,4397
07-05 18:52:23.701 27876 27973 I BatteryMgr:DataCollectionService: stats => 1688575943701,-189453,4397
07-05 18:52:23.716 27876 27973 I BatteryMgr:DataCollectionService: stats => 1688575943716,-189453,4397
07-05 18:52:23.733 27876 27973 I BatteryMgr:DataCollectionService: stats => 1688575943733,-189453,4397
07-05 18:52:23.750 27876 27973 I BatteryMgr:DataCollectionService: stats => 1688575943750,-189453,4397
07-05 18:52:23.765 27876 27973 I BatteryMgr:DataCollectionService: stats => 1688575943765,-189453,4397
07-05 18:52:23.784 27876 27973 I BatteryMgr:DataCollectionService: stats => 1688575943784,-189453,4397
07-05 18:52:23.804 27876 27973 I BatteryMgr:DataCollectionService: stats => 1688575943804,-189453,4397
07-05 18:52:23.821 27876 27973 I BatteryMgr:DataCollectionService: stats => 1688575943821,-189453,4397
07-05 18:52:23.835 27876 27973 I BatteryMgr:DataCollectionService: stats => 1688575943835,-189453,4397
07-05 18:52:23.852 27876 27973 I BatteryMgr:DataCollectionService: stats => 1688575943852,-189453,4397
07-05 18:52:23.871 27876 27973 I BatteryMgr:DataCollectionService: stats => 1688575943871,-189453,4397
07-05 18:52:23.886 27876 27973 I BatteryMgr:DataCollectionService: stats => 1688575943886,-189453,4397
07-05 18:52:23.903 27876 27973 I BatteryMgr:DataCollectionService: stats => 1688575943903,-189453,4397
07-05 18:52:23.919 27876 27973 I BatteryMgr:DataCollectionService: stats => 1688575943919,-189453,4397
07-05 18:52:23.935 27876 27973 I BatteryMgr:DataCollectionService: stats => 1688575943935,-189453,4397
07-05 18:52:23.951 27876 27973 I BatteryMgr:DataCollectionService: stats => 1688575943951,-189453,4397
07-05 18:52:23.970 27876 27973 I BatteryMgr:DataCollectionService: stats => 1688575943970,-153808,4397
07-05 18:52:23.985 27876 27973 I BatteryMgr:DataCollectionService: stats => 1688575943985,-153808,4397
07-05 18:52:24.002 27876 27973 I BatteryMgr:DataCollectionService: stats => 1688575944002,-153808,4397
07-05 18:52:24.016 27876 27973 I BatteryMgr:DataCollectionService: stats => 1688575944016,-153808,4397
07-05 18:52:24.033 27876 27973 I BatteryMgr:DataCollectionService: stats => 1688575944033,-153808,4397
07-05 18:52:24.050 27876 27973 I BatteryMgr:DataCollectionService: stats => 1688575944050,-153808,4397
07-05 18:52:24.066 27876 27973 I BatteryMgr:DataCollectionService: stats => 1688575944066,-153808,4397
07-05 18:52:24.082 27876 27973 I BatteryMgr:DataCollectionService: stats => 1688575944082,-153808,4397
07-05 18:52:24.098 27876 27973 I BatteryMgr:DataCollectionService: stats => 1688575944098,-153808,4397
07-05 18:52:24.114 27876 27973 I BatteryMgr:DataCollectionService: stats => 1688575944114,-153808,4397
07-05 18:52:24.130 27876 27973 I BatteryMgr:DataCollectionService: stats => 1688575944130,-153808,4397
07-05 18:52:24.146 27876 27973 I BatteryMgr:DataCollectionService: stats => 1688575944146,-153808,4397
07-05 18:52:24.162 27876 27973 I BatteryMgr:DataCollectionService: stats => 1688575944162,-153808,4397
07-05 18:52:24.179 27876 27973 I BatteryMgr:DataCollectionService: stats => 1688575944179,-153808,4397
07-05 18:52:24.194 27876 27973 I BatteryMgr:DataCollectionService: stats => 1688575944194,-153808,4397
07-05 18:52:24.211 27876 27973 I BatteryMgr:DataCollectionService: stats => 1688575944211,-153808,4397
07-05 18:52:24.225 27876 27973 I BatteryMgr:DataCollectionService: stats => 1688575944225,-153808,4397
07-05 18:52:24.242 27876 27973 I BatteryMgr:DataCollectionService: stats => 1688575944242,-153808,4397
07-05 18:52:24.258 27876 27973 I BatteryMgr:DataCollectionService: stats => 1688575944258,-153808,4397
07-05 18:52:24.273 27876 27973 I BatteryMgr:DataCollectionService: stats => 1688575944273,-153808,4397
07-05 18:52:24.289 27876 27973 I BatteryMgr:DataCollectionService: stats => 1688575944289,-153808,4397
07-05 18:52:24.303 27876 27973 I BatteryMgr:DataCollectionService: stats => 1688575944303,-153808,4397
07-05 18:52:24.319 27876 27973 I BatteryMgr:DataCollectionService: stats => 1688575944319,-153808,4397
07-05 18:52:24.334 27876 27973 I BatteryMgr:DataCollectionService: stats => 1688575944334,-153808,4397
07-05 18:52:24.349 27876 27973 I BatteryMgr:DataCollectionService: stats => 1688575944349,-153808,4397
07-05 18:52:24.363 27876 27973 I BatteryMgr:DataCollectionService: stats => 1688575944363,-153808,4397
07-05 18:52:24.377 27876 27973 I BatteryMgr:DataCollectionService: stats => 1688575944377,-153808,4397
07-05 18:52:24.392 27876 27973 I BatteryMgr:DataCollectionService: stats => 1688575944392,-153808,4397
07-05 18:52:24.407 27876 27973 I BatteryMgr:DataCollectionService: stats => 1688575944406,-153808,4397
07-05 18:52:24.421 27876 27973 I BatteryMgr:DataCollectionService: stats => 1688575944421,-153808,4397
07-05 18:52:24.434 27876 27973 I BatteryMgr:DataCollectionService: stats => 1688575944434,-153808,4397
07-05 18:52:24.448 27876 27973 I BatteryMgr:DataCollectionService: stats => 1688575944448,-153808,4397
07-05 18:52:24.461 27876 27973 I BatteryMgr:DataCollectionService: stats => 1688575944461,-153808,4397
07-05 18:52:24.477 27876 27973 I BatteryMgr:DataCollectionService: stats => 1688575944477,-153808,4397
07-05 18:52:24.491 27876 27973 I BatteryMgr:DataCollectionService: stats => 1688575944491,-153808,4397
07-05 18:52:24.505 27876 27973 I BatteryMgr:DataCollectionService: stats => 1688575944505,-153808,4397
07-05 18:52:24.519 27876 27973 I BatteryMgr:DataCollectionService: stats => 1688575944519,-153808,4397
07-05 18:52:24.532 27876 27973 I BatteryMgr:DataCollectionService: stats => 1688575944532,-153808,4397
07-05 18:52:24.546 27876 27973 I BatteryMgr:DataCollectionService: stats => 1688575944545,-153808,4397
07-05 18:52:24.564 28002 28004 I cmd     : oneway function results will be dropped but finished with status OK and parcel size 4
07-05 18:52:24.566 27876 27973 I BatteryMgr:DataCollectionService: stats => 1688575944566,-153808,4397
07-05 18:52:24.892  1214  1214 W /system/vendor/bin/ipacm: type=1400 audit(0.0:265381): avc: denied { write } for comm=6E65746C696E6B20736F636B6574 name="ipacm_log_file" dev="tmpfs" ino=20285 scontext=u:r:ipacm:s0 tcontext=u:object_r:ipacm_socket:s0 tclass=sock_file permissive=0
07-05 18:52:24.892  1214  1214 I chatty  : uid=1001(radio) /system/vendor/bin/ipacm identical 1 line
07-05 18:52:24.892  1214  1214 W /system/vendor/bin/ipacm: type=1400 audit(0.0:265383): avc: denied { write } for comm=6E65746C696E6B20736F636B6574 name="ipacm_log_file" dev="tmpfs" ino=20285 scontext=u:r:ipacm:s0 tcontext=u:object_r:ipacm_socket:s0 tclass=sock_file permissive=0
07-05 18:52:24.892  1214  1214 W ipacm   : type=1400 audit(0.0:265384): avc: denied { write } for name="ipacm_log_file" dev="tmpfs" ino=20285 scontext=u:r:ipacm:s0 tcontext=u:object_r:ipacm_socket:s0 tclass=sock_file permissive=0
07-05 18:52:24.892  1214  1214 W ipacm   : type=1400 audit(0.0:265385): avc: denied { write } for name="ipacm_log_file" dev="tmpfs" ino=20285 scontext=u:r:ipacm:s0 tcontext=u:object_r:ipacm_socket:s0 tclass=sock_file permissive=0
07-05 18:52:25.035  1704  4034 I ActivityManager: Force stopping e.www.ambientlighttest appid=10224 user=0: from pid 28018
07-05 18:52:25.036  1704  4034 I ActivityManager: Killing 27922:e.www.ambientlighttest/u0a224 (adj 0): stop e.www.ambientlighttest due to from pid 28018
07-05 18:52:25.048  1704  4034 W ActivityTaskManager: Force removing ActivityRecord{6fa4932 u0 e.www.ambientlighttest/.MainActivity t322 f}}: app died, no saved state
07-05 18:52:25.076   949  1200 E QMI_FW  : qmi_cci_get_ref: ref count increased 2
07-05 18:52:25.082  1704  1875 I libprocessgroup: Successfully killed process cgroup uid 10224 pid 27922 in 40ms
07-05 18:52:25.083   885   885 I Zygote  : Process 27922 exited due to signal 9 (Killed)
07-05 18:52:25.086 28018 28020 I cmd     : oneway function results will be dropped but finished with status OK and parcel size 4
07-05 18:52:25.086  3293  3293 E PhoneInterfaceManager: [PhoneIntfMgr] getCarrierPackageNamesForIntentAndPhone: No UICC
07-05 18:52:25.086  3293  3293 D CarrierSvcBindHelper: No carrier app for: 0
07-05 18:52:25.087  3293  3293 E PhoneInterfaceManager: [PhoneIntfMgr] getCarrierPackageNamesForIntentAndPhone: No UICC
07-05 18:52:25.087  3293  3293 D CarrierSvcBindHelper: No carrier app for: 1
07-05 18:52:25.104 27876 27876 V Activity: mLastPackageName-com.example.batterymanager_utility.MainActivity
07-05 18:52:25.106  1704  1854 W ActivityManager: setHasOverlayUi called on unknown pid: 27922
07-05 18:52:25.126  4019  4019 D RegisteredServicesCache: Others service enabled : ComponentInfo{com.google.android.gms/com.google.android.gms.nearby.mediums.nearfieldcommunication.NfcAdvertisingService}
07-05 18:52:25.126  4019  4019 D RegisteredServicesCache: Others service enabled : ComponentInfo{com.google.android.gms/com.google.android.gms.pay.hce.service.PayHceService}
07-05 18:52:25.126  4019  4019 D RegisteredServicesCache: Others service enabled : ComponentInfo{com.google.android.gms/com.google.android.gms.tapandpay.hce.service.TpHceService}
07-05 18:52:25.126  4019  4019 D RegisteredServicesCache: Others service enabled : ComponentInfo{com.google.android.gms/com.google.android.gms.dck.service.DckNfcApduService}
07-05 18:52:25.130  4019  4019 D AidRoutingManager: Default: 0, aid size: 314
07-05 18:52:25.130  4019  4019 D AidRoutingManager: Default: 2, aid size: 0
07-05 18:52:25.130  4019  4019 D AidRoutingManager: Default: 3, aid size: 0
07-05 18:52:25.130  4019  4019 D AidRoutingManager: Default: 0, aid expected size: 0
07-05 18:52:25.130  4019  4019 D AidRoutingManager: Default: 2, aid expected size: 314
07-05 18:52:25.130  4019  4019 D AidRoutingManager: Default: 3, aid expected size: 314
07-05 18:52:25.131  4019  4019 D RegisteredNfcFServicesCache: Service unchanged, not updating
07-05 18:52:25.157 27876 27876 D PureDisplay: package-com.example.batterymanager_utility DYNAMIC_ORIGINAL_MODE open
07-05 18:52:25.162  7466  7466 D PureDisplay: PureDisplayModeChangeReceiver,hdrMode=1
07-05 18:52:25.165  7466  7466 I android_os_HwBinder: HwBinder: Starting thread pool for getting: vendor.pixelworks.hardware.display@1.0::IIris/default
07-05 18:52:25.165   944  1032 I IrisService: irisConfigureSet(258, 1, 1)
07-05 18:52:25.166  7466  7466 D PureDisplay: --setIrisDisplayHdrMode- mode =1--result = 0
07-05 18:52:25.166  7466  7466 D PureDisplay: PureDisplayModeChangeReceiver,pureDisplayMode=1
07-05 18:52:25.167  7466  7466 D PureDisplay: isDeviceProvisioned=true
07-05 18:52:25.168  7466  7466 D PureDisplay: isUserSetuped=true
07-05 18:52:25.168  7466  7466 D PureDisplay: setOriginalModeEnable()
07-05 18:52:25.169  7466  7466 I android_os_HwBinder: HwBinder: Starting thread pool for getting: vendor.pixelworks.hardware.display@1.0::IIris/default
07-05 18:52:25.172   944  1032 I IrisService: irisConfigureSet(0, 1, 0)
07-05 18:52:25.198  7466  7466 I android_os_HwBinder: HwBinder: Starting thread pool for getting: vendor.pixelworks.hardware.display@1.0::IIris/default
07-05 18:52:25.198   944   944 I IrisService: irisConfigureSet(41, 1, 0)
07-05 18:52:25.200  7466  7466 I android_os_HwBinder: HwBinder: Starting thread pool for getting: vendor.pixelworks.hardware.display@1.0::IIris/default
07-05 18:52:25.201   944   944 I IrisService: irisConfigureSet(42, 1, 0)
07-05 18:52:25.202  7466  7466 I android_os_HwBinder: HwBinder: Starting thread pool for getting: vendor.pixelworks.hardware.display@1.0::IIris/default
07-05 18:52:25.202   944   944 I IrisService: irisConfigureSet(40, 1, 0)
07-05 18:52:25.231  7466  7466 I android_os_HwBinder: HwBinder: Starting thread pool for getting: vendor.pixelworks.hardware.display@1.0::IIris/default
07-05 18:52:25.232   944   944 I IrisService: irisConfigureSet(36, 1, 0)
07-05 18:52:25.240  6048  6048 I GoogleInputMethodService: GoogleInputMethodService.onFinishInput():3306 
07-05 18:52:25.241  6048  6048 I GoogleInputMethodService: GoogleInputMethodService.updateDeviceLockedStatus():2127 repeatCheckTimes = 0, locked = false
07-05 18:52:25.241  6048  6048 I GoogleInputMethodService: GoogleInputMethodService.onStartInput():1909 onStartInput(EditorInfo{inputType=0x0(NULL) imeOptions=0x0 privateImeOptions=null actionName=UNSPECIFIED actionLabel=null actionId=0 initialSelStart=-1 initialSelEnd=-1 initialCapsMode=0x0 hintText=null label=null packageName=com.example.batterymanager_utility fieldId=-1 fieldName=null extras=null hintLocales=[]}, false)
07-05 18:52:25.241  6048  6048 I GoogleInputMethodService: GoogleInputMethodService.shouldHideHeaderOnInitialState():1990 ShouldHideHeaderOnInitialState = false
07-05 18:52:25.241  6048  6048 I GoogleInputMethodService: GoogleInputMethodService.updateDeviceLockedStatus():2127 repeatCheckTimes = 1, locked = false
07-05 18:52:25.260  7466  7466 D PureDisplay: getWhiteBalanceAutoMode()0
07-05 18:52:25.263  7466  7466 I android_os_HwBinder: HwBinder: Starting thread pool for getting: vendor.pixelworks.hardware.display@1.0::IIris/default
07-05 18:52:25.264   944   944 I IrisService: irisConfigureSet(39, 1, 1)
07-05 18:52:25.293  7466  7466 I android_os_HwBinder: HwBinder: Starting thread pool for getting: vendor.pixelworks.hardware.display@1.0::IIris/default
07-05 18:52:25.294   944  1032 I IrisService: irisConfigureSet(264, 1, 0)
07-05 18:52:25.294  7466  7466 D PureDisplay: PureDisplayModeChangeReceiver,lastclass=com.example.batterymanager_utility.MainActivity
07-05 18:52:25.297  7466  7466 D PureDisplay: PureDisplayModeChangeReceiver,lastpackage=com.example.batterymanager_utility
07-05 18:52:25.299  7466  7466 D PureDisplay: PureDisplayModeChangeReceiver,lastpackage_resume=1
07-05 18:52:29.621  1704  4057 I ActivityManager: Force stopping com.example.batterymanager_utility appid=10200 user=0: from pid 28028
07-05 18:52:29.622  1704  4057 I ActivityManager: Killing 27876:com.example.batterymanager_utility/u0a200 (adj 0): stop com.example.batterymanager_utility due to from pid 28028
07-05 18:52:29.625  1704  4057 W ActivityTaskManager: Force removing ActivityRecord{d1b5279 u0 com.example.batterymanager_utility/.MainActivity t321 f}}: app died, no saved state
07-05 18:52:29.654   885   885 I Zygote  : Process 27876 exited due to signal 9 (Killed)
07-05 18:52:29.667  1704  1875 I libprocessgroup: Successfully killed process cgroup uid 10200 pid 27876 in 43ms
07-05 18:52:29.673  3293  3293 E PhoneInterfaceManager: [PhoneIntfMgr] getCarrierPackageNamesForIntentAndPhone: No UICC
07-05 18:52:29.673  3293  3293 D CarrierSvcBindHelper: No carrier app for: 0
07-05 18:52:29.674  3293  3293 E PhoneInterfaceManager: [PhoneIntfMgr] getCarrierPackageNamesForIntentAndPhone: No UICC
07-05 18:52:29.674  3293  3293 D CarrierSvcBindHelper: No carrier app for: 1
07-05 18:52:29.680  1704 25570 E ANDR-PERF-JNI: UXEngine Trigger - Returning null
07-05 18:52:29.684  4374  4374 I A       : onStart
07-05 18:52:29.691  1704  1854 W ActivityManager: setHasOverlayUi called on unknown pid: 27876
