07-05 00:33:33.108  3598 17709 V MediaPlayerService: [26] notify (5, 1280, 720)
07-05 00:33:33.108 17615 17648 V MediaPlayerNative: message received msg=5, ext1=1280, ext2=720
07-05 00:33:33.109  3598 17709 V NuPlayer: onSourceNotify() kWhatFlagsChanged  FLAG_CAN_PAUSE: 1  FLAG_CAN_SEEK_BACKWARD: 1 
07-05 00:33:33.109  3598 17709 V NuPlayer: 				 FLAG_CAN_SEEK_FORWARD: 1  FLAG_CAN_SEEK: 1  FLAG_DYNAMIC_DURATION: 0 
07-05 00:33:33.109  3598 17709 V NuPlayer: 				 FLAG_SECURE: 0  FLAG_PROTECTED: 0
07-05 00:33:33.109 17615 17648 V MediaPlayerNative: New video size 1280 x 720
07-05 00:33:33.109 17615 17648 V MediaPlayerNative: callback application
07-05 00:33:33.109 17615 17648 V MediaPlayerNative: back from callback
07-05 00:33:33.109 17615 17615 V MediaPlayerNative: getVideoWidth
07-05 00:33:33.109 17615 17615 V MediaPlayer-JNI: getVideoWidth: 1280
07-05 00:33:33.109 17615 17615 V MediaPlayerNative: getVideoHeight
07-05 00:33:33.109  3596 16036 D MediaBufferGroup: creating MemoryDealer
07-05 00:33:33.109 17615 17615 V MediaPlayer-JNI: getVideoHeight: 720
07-05 00:33:33.110  3598 17711 I GenericSource: make VideoTrackReader
07-05 00:33:33.110  3598 17711 V NuPlayer: Source::notifyPrepared 0
07-05 00:33:33.110  3598 17709 V NuPlayer: NuPlayer::onSourceNotify Source::kWhatPrepared source: 0xe9d5dc00
07-05 00:33:33.111  3598 17709 V NuPlayer: extractMetadata Tracks : 2
07-05 00:33:33.111  3598 17709 V NuPlayer: frameRate 30
07-05 00:33:33.111  3598 17709 V NuPlayer: checkForIFrameInterval - kKeyIframeAvgInterval 2369035
07-05 00:33:33.111  3598 17709 V NuPlayer: checkForIFrameInterval - displayWidth 1280
07-05 00:33:33.111  3598 17709 V NuPlayer: checkForIFrameInterval - displayHeight 720
07-05 00:33:33.111  3598 17709 V NuPlayer: enableInbandTextFromExtr
07-05 00:33:33.112  3598 17709 V NuPlayerDriver: notifyPrepareCompleted 0
07-05 00:33:33.112  3598 17709 D NuPlayerDriver: notifyListener_l(0xebc4b5a0), (1, 0, 0, -1), loop setting(0, 0)
07-05 00:33:33.112  3598 17709 V MediaPlayerService: [26] notify (1, 0, 0)
07-05 00:33:33.112 17615 17648 V MediaPlayerNative: message received msg=1, ext1=0, ext2=0
07-05 00:33:33.112 17615 17648 V MediaPlayerNative: MediaPlayer::notify() prepared
07-05 00:33:33.112 17615 17648 V MediaPlayerNative: callback application
07-05 00:33:33.113 17615 17648 V MediaPlayerNative: back from callback
07-05 00:33:33.129 17615 17615 V MediaPlayerNative: invoke 68
07-05 00:33:33.129  3598  8326 I MediaPlayerService: Client::invoke requestID=1
07-05 00:33:33.129  3598  8326 V NuPlayer: getTrackInfo
07-05 00:33:33.130  3598 17709 W NuPlayer: no name
07-05 00:33:33.132 17615 17615 D MediaPlayerNative: getMetadata
07-05 00:33:33.133 17615 17615 V MediaPlayer-JNI: setVolume: left 0.000000  right 0.000000
07-05 00:33:33.133 17615 17615 V MediaPlayerNative: MediaPlayer::setVolume(0.000000, 0.000000)
07-05 00:33:33.134  3598  8326 V MediaPlayerService: [26] setVolume(0.000000, 0.000000)
07-05 00:33:33.134  3598  8326 V AudioSink: setVolume(0.000000, 0.000000)
07-05 00:33:33.134 17615 17615 V MediaPlayerNative: getVideoWidth
07-05 00:33:33.134 17615 17615 V MediaPlayer-JNI: getVideoWidth: 1280
07-05 00:33:33.134 17615 17615 V MediaPlayerNative: getVideoHeight
07-05 00:33:33.134 17615 17615 V MediaPlayer-JNI: getVideoHeight: 720
07-05 00:33:33.135  3960 10591 D AudioPlaybackMonitor: Found a new active media playback. ID:231 -- type:android.media.MediaPlayer -- u/pid:10167/17615 -- state:started -- attr:AudioAttributes: usage=1 content=3 flags=0x0 tags= bundle=null
07-05 00:33:33.136  3960 10591 D MediaSessionStack: updateMediaButtonSessionIfNeeded, callers=com.android.server.media.MediaSessionService$1.onAudioPlaybackStarted:189 com.android.server.media.AudioPlaybackMonitor.dispatchPlaybackConfigChange:127 
07-05 00:33:33.136  3960 10591 D AudioService: Sending DVFS message = MSG_SET_DVFS_FOR_SOUNDALIVE
07-05 00:33:33.138 17615 17615 V MediaPlayer-JNI: start
07-05 00:33:33.138 17615 17615 V MediaPlayerNative: start
07-05 00:33:33.139  3598  8326 V MediaPlayerService: [26] setLooping(0)
07-05 00:33:33.139  3598  8326 V MediaPlayerService: [26] setVolume(0.000000, 0.000000)
07-05 00:33:33.139  3598  8326 V AudioSink: setVolume(0.000000, 0.000000)
07-05 00:33:33.139  3598  8326 V MediaPlayerService: [26] setAuxEffectSendLevel(0.000000)
07-05 00:33:33.139  3598  8326 V AudioSink: setAuxEffectSendLevel(0.000000)
07-05 00:33:33.139  3598  8326 V MediaPlayerService: [26] start
07-05 00:33:33.139  3598  8326 V MediaPlayerService: getClientDuration
07-05 00:33:33.139  3598  8326 V MediaPlayerService: getDuration
07-05 00:33:33.139  3598  8326 V MediaPlayerService: [26] getDuration = 215637
07-05 00:33:33.139  3598  8326 D NuPlayerDriver: start(0xebc4b5a0), state is 4, eos is 0
07-05 00:33:33.140  3598 17709 V NuPlayer: kWhatStart
07-05 00:33:33.140  3598 17709 V NuPlayer: onStart: mCrypto: 0x0 (0)
07-05 00:33:33.140  3598 17709 I GenericSource: start
07-05 00:33:33.140  3598 17709 V NuPlayer: checkOffloadExceptions : hasVideo is true, return false
07-05 00:33:33.140  3598 17709 V NuPlayer: checkOffloadExceptions is false, disable offload
07-05 00:33:33.140  3598 17709 I MediaClock: setPlaybackRate rate : 1.000000
07-05 00:33:33.141  3598 17713 I NuPlayerRenderer: onConfigPlayback
07-05 00:33:33.141  3598 17713 I MediaClock: setPlaybackRate rate : 1.000000
07-05 00:33:33.141  3598 17713 I MediaClock: setSpeedAjust mSASpeed (0), mMinClockModificationTimeUs (80000)
07-05 00:33:33.145  3960  3970 V WindowManager: Relayout Window{9aca4f3 u0 x.intervalapp.displaytest/x.intervalapp.displaytest.MainActivity}: viewVisibility=0 req=1280x720 WM.LayoutParams{(0,0)(fillxfill) sim=#20 ty=1 fl=#81810180 pfl=0x20000 fmt=-3 wanim=0x10302fd vsysui=0x600 needsMenuKey=2 colorMode=0 naviIconColor=0}
07-05 00:33:33.149  3960  3970 D PowerManagerService: [api] acquire WakeLock flags=0x2000000a tag=WindowManager uid=1000 pid=3960 ws=WorkSource{10167} pkg=android
07-05 00:33:33.155 17615 17615 D ViewRootImpl@9c63bab[MainActivity]: Relayout returned: old=[0,0][1280,720] new=[0,0][1280,720] result=0x1 surface={valid=true 505299877888} changed=false
07-05 00:33:33.164  3598 17709 I NuPlayerRenderer: setVideoFrameRate fps : 30.000000
07-05 00:33:33.164  3598 17709 I NuPlayerRenderer: setDuration (215637333)
07-05 00:33:33.164  3598 17709 V NuPlayer: scanning sources haveAudio=0, haveVideo=0
07-05 00:33:33.164  3598 17709 V NuPlayer: make Decoder (video)
07-05 00:33:33.165  3598 17709 V NuPlayer: checkOffloadExceptions : hasVideo is true, return false
07-05 00:33:33.165  3598 17709 V NuPlayer: checkOffloadExceptions is false, disable offload
07-05 00:33:33.165  3598 17709 V NuPlayer: make Decoder (audio)
07-05 00:33:33.166  3598 17709 V NuPlayer: instantiateDecoder audio Decoder
07-05 00:33:33.166  3598 17714 I ACodec  :  [] Now uninitialized
07-05 00:33:33.167  3598 17718 I ACodec  : [] onAllocateComponent
07-05 00:33:33.167  3598 17716 I ACodec  :  [] Now uninitialized
07-05 00:33:33.168  3598 17717 I ACodec  : [] onAllocateComponent
07-05 00:33:33.170  3598 17718 I OMXClient: Treble IOmx obtained
07-05 00:33:33.170  3598 17717 I OMXClient: Treble IOmx obtained
07-05 00:33:33.170  3598 17718 I ACodec  : Set Google AAC Dec for aacProfile 0
07-05 00:33:33.171  3611  3711 I OMXMaster: makeComponentInstance(OMX.SEC.aac.dec) in omx@1.0-service process
07-05 00:33:33.176  3611  3704 I OMXMaster: makeComponentInstance(OMX.Exynos.avc.dec) in omx@1.0-service process
07-05 00:33:33.176  3598 17717 I ACodec  : [OMX.SEC.aac.dec] Now Loaded
07-05 00:33:33.178  3611  3711 E OMXNodeInstance: getConfig(0xeb323260:SEC.aac.dec, ConfigAndroidVendorExtension(0x6f100004)) ERROR: UnsupportedIndex(0x8000101a)
07-05 00:33:33.179  3611  3704 I vndksupport: sphal namespace is not configured for this process. Loading /vendor/lib/hw/gralloc.exynos5.so from the current namespace instead.
07-05 00:33:33.180  3611  3704 D libexynosv4l2: try node: /dev/video6
07-05 00:33:33.181  3611  3704 I libexynosv4l2: node found for device s5p-mfc-dec: /dev/video6
07-05 00:33:33.181  3598 17717 I MediaCodec: MediaCodec will operate in async mode
07-05 00:33:33.182  3598 17717 I ACodec  : [OMX.SEC.aac.dec] Now Loaded->Idle
07-05 00:33:33.185 17572 17693 I BatteryMgr:DataCollectionService: stats => 1688510013184,-187,4046
07-05 00:33:33.193  3420  3420 W /system/bin/hw/android.hidl.allocator@1.0-service: ashmem_create_region(1572864) returning hidl_memory(0x7868c2c500, 1572864)
07-05 00:33:33.195  3420  3420 W /system/bin/hw/android.hidl.allocator@1.0-service: ashmem_create_region(1572864) returning hidl_memory(0x7868c2c500, 1572864)
07-05 00:33:33.196  3611  3704 I libexynosv4l2: open video device /dev/video6
07-05 00:33:33.196  3420  3420 W /system/bin/hw/android.hidl.allocator@1.0-service: ashmem_create_region(1572864) returning hidl_memory(0x7868c2c500, 1572864)
07-05 00:33:33.197  3420  3420 W /system/bin/hw/android.hidl.allocator@1.0-service: ashmem_create_region(1572864) returning hidl_memory(0x7868c2c500, 1572864)
07-05 00:33:33.197  3598 17718 I ACodec  : [OMX.Exynos.avc.dec] Now Loaded
07-05 00:33:33.199  3598 17714 D SurfaceUtils: disconnecting from surface 0xebc79008, reason onConfigure
07-05 00:33:33.199  3420  3420 W /system/bin/hw/android.hidl.allocator@1.0-service: ashmem_create_region(1572864) returning hidl_memory(0x7868c2c500, 1572864)
07-05 00:33:33.199  3598 17715 D SurfaceUtils: connecting to surface 0xebc79008, reason connectToSurface
07-05 00:33:33.200  3598 17715 I MediaCodec: [OMX.Exynos.avc.dec] setting surface generation to 3684375
07-05 00:33:33.200  3598 17715 D SurfaceUtils: disconnecting from surface 0xebc79008, reason connectToSurface(reconnect)
07-05 00:33:33.201  3598 17715 D SurfaceUtils: connecting to surface 0xebc79008, reason connectToSurface(reconnect)
07-05 00:33:33.202  3598 17715 I ResourceManagerService: ResourceManagerService checkCodecCapacity pid 17615 clientId 3955531456 useExtended 0 
07-05 00:33:33.203  3598 17718 I ACodec  : can't find wfdsink-exynos-enable
07-05 00:33:33.204  3420  3420 W /system/bin/hw/android.hidl.allocator@1.0-service: ashmem_create_region(24576) returning hidl_memory(0x7868c2c500, 24576)
07-05 00:33:33.205  3420  3420 I chatty  : uid=1000(system) allocator@1.0-s identical 1 line
07-05 00:33:33.206  3420  3420 W /system/bin/hw/android.hidl.allocator@1.0-service: ashmem_create_region(24576) returning hidl_memory(0x7868c2c500, 24576)
07-05 00:33:33.206  3611  3711 E OMXNodeInstance: setConfig(0xeb3233e0:Exynos.avc.dec, ConfigPriority(0x6f800002)) ERROR: UnsupportedIndex(0x8000101a)
07-05 00:33:33.207  3598 17718 I ACodec  : codec does not support config priority (err -1010)
07-05 00:33:33.207  3420  3420 W /system/bin/hw/android.hidl.allocator@1.0-service: ashmem_create_region(24576) returning hidl_memory(0x7868c2c500, 24576)
07-05 00:33:33.208  3420  3420 I chatty  : uid=1000(system) allocator@1.0-s identical 1 line
07-05 00:33:33.209  3420  3420 W /system/bin/hw/android.hidl.allocator@1.0-service: ashmem_create_region(24576) returning hidl_memory(0x7868c2c500, 24576)
07-05 00:33:33.209  3611  3711 E OMXNodeInstance: getConfig(0xeb3233e0:Exynos.avc.dec, ConfigCommonOutputCrop(0x700000f)) ERROR: NotReady(0x80001010)
07-05 00:33:33.210  3420  3420 W /system/bin/hw/android.hidl.allocator@1.0-service: ashmem_create_region(24576) returning hidl_memory(0x7868c2c500, 24576)
07-05 00:33:33.211  3420  3420 W /system/bin/hw/android.hidl.allocator@1.0-service: ashmem_create_region(24576) returning hidl_memory(0x7868c2c500, 24576)
07-05 00:33:33.212  3598 17715 I MediaCodec: MediaCodec will operate in async mode
07-05 00:33:33.212  3420  3420 W /system/bin/hw/android.hidl.allocator@1.0-service: ashmem_create_region(24576) returning hidl_memory(0x7868c2c500, 24576)
07-05 00:33:33.213  3611 17721 I EXYNOS_BASE_COMP: [0xeafb9800][Exynos_OMX_ComponentStateSet] current:(OMX_StateLoaded) dest:(OMX_StateIdle)
07-05 00:33:33.213  3598 17718 I ACodec  : [OMX.Exynos.avc.dec] Now Loaded->Idle
07-05 00:33:33.213  3611 17721 D libexynosv4l2: try node: /dev/video6
07-05 00:33:33.214  3611 17721 I libexynosv4l2: node found for device s5p-mfc-dec: /dev/video6
07-05 00:33:33.215  3611 17719 I SEC_BASE_COMP: SEC_OMX_ComponentStateSet: Cur(1) -> Dest(2)
07-05 00:33:33.216  3420  3420 W /system/bin/hw/android.hidl.allocator@1.0-service: ashmem_create_region(1572864) returning hidl_memory(0x7868c2c500, 1572864)
07-05 00:33:33.217  3598 17717 I ACodec  : [OMX.SEC.aac.dec] Now Idle->Executing
07-05 00:33:33.217  3611 17719 I SEC_BASE_COMP: SEC_OMX_ComponentStateSet: Cur(2) -> Dest(3)
07-05 00:33:33.221  3420  3420 W /system/bin/hw/android.hidl.allocator@1.0-service: ashmem_create_region(1572864) returning hidl_memory(0x7868c2c500, 1572864)
07-05 00:33:33.225  3598 17717 I ACodec  : [OMX.SEC.aac.dec] Now Executing
07-05 00:33:33.228  3420  3420 W /system/bin/hw/android.hidl.allocator@1.0-service: ashmem_create_region(1572864) returning hidl_memory(0x7868c2c500, 1572864)
07-05 00:33:33.228  3611 17723 I SEC_AAC_DEC:  AudioSpecificConfig 0x 11 90
07-05 00:33:33.230  3611 17723 I SEC_AAC_DEC:  AudioSpecificConfig 0x 11 90
07-05 00:33:33.230  3420  3420 W /system/bin/hw/android.hidl.allocator@1.0-service: ashmem_create_region(1572864) returning hidl_memory(0x7868c2c500, 1572864)
07-05 00:33:33.232  3611 17721 I libexynosv4l2: open video device /dev/video6
07-05 00:33:33.232  3420  3420 W /system/bin/hw/android.hidl.allocator@1.0-service: ashmem_create_region(1572864) returning hidl_memory(0x7868c2c500, 1572864)
07-05 00:33:33.233  3598 17713 I NuPlayerRenderer: openAudioSink: offloadOnly(0) offloadingAudio(0)
07-05 00:33:33.233  3598 17713 I NuPlayerRenderer: openAudioSink: open AudioSink in NON-offload mode audioFormat : 1, flags : 8
07-05 00:33:33.234  3598 17713 V AudioSink: +++ close
07-05 00:33:33.234  3598 17713 V AudioSink: --- close
07-05 00:33:33.234  3598 17713 I NuPlayerRenderer: checkAudioSinkPcmMsSetting 500
07-05 00:33:33.234  3598 17713 V AudioSink: setPlaybackRate(1.000000 1.000000 0 0)
07-05 00:33:33.234  3598 17713 V AudioSink: open(48000, 2, 0x0, 0x1, 0, 209 0x8)
07-05 00:33:33.234  3585 12124 V APM_AudioPolicyManager: getOutput() device 2, stream 3, samplingRate 0, format 0, channelMask 3, flags 0
07-05 00:33:33.234  3585 12124 V APM_AudioPolicyManager: selectOutput() commonFlags for output 13, 0000
07-05 00:33:33.234  3585 12124 V APM_AudioPolicyManager: selectOutput() commonFlags for output 21, 0000
07-05 00:33:33.234  3585 12124 V APM_AudioPolicyManager:   getOutputForDevice() returns output 13
07-05 00:33:33.234  3585 12124 V APM_AudioPolicyManager: getOutput() device 2, stream 3, samplingRate 0, format 0, channelMask 3, flags 0
07-05 00:33:33.235  3585 12124 V APM_AudioPolicyManager: selectOutput() commonFlags for output 13, 0000
07-05 00:33:33.235  3585 12124 V APM_AudioPolicyManager: selectOutput() commonFlags for output 21, 0000
07-05 00:33:33.235  3585 12124 V APM_AudioPolicyManager:   getOutputForDevice() returns output 13
07-05 00:33:33.235  3598 17713 V AudioSink: no track available to recycle
07-05 00:33:33.235  3598 17713 V AudioSink: creating new AudioTrack
07-05 00:33:33.236  3585 12124 V APM_AudioPolicyManager: getOutputForAttr() usage=1, content=3, tag= flags=00000000 session 209 selectedDeviceId 0
07-05 00:33:33.236  3585 12124 D APM::SoundKitchen: getDevice, uid = 10167, device = 0
07-05 00:33:33.236  3598 17718 D SurfaceUtils: set up nativeWindow 0xebc79008 for 1280x720, color 0x121, rotation 0, usage 0x2900
07-05 00:33:33.236  3585 12124 V APM_AudioPolicyManager: getOutputForAttr() device 0x2, samplingRate 48000, format 1, channelMask 3, flags 1000008
07-05 00:33:33.236  3585 12124 V APM_AudioPolicyManager: selectOutput() commonFlags for output 13, 0001
07-05 00:33:33.236  3585 12124 V APM_AudioPolicyManager:   getOutputForDevice() returns output 13
07-05 00:33:33.237  3598 17718 I ACodec  : [OMX.Exynos.avc.dec] configureOutputBuffersFromNativeWindow setBufferCount : 8, minUndequeuedBuffers : 4
07-05 00:33:33.238  3585 12124 I AudioFlinger: track setMixerOutFormat 1
07-05 00:33:33.239  3611 17721 I EXYNOS_BASE_COMP: [0xeafb9800][Exynos_OMX_EventHandler] OMX_EventCmdComplete(OMX_StateIdle)
07-05 00:33:33.239  3598 17713 D AudioTrack: Client defaulted notificationFrames to 12000 for frameCount 24000
07-05 00:33:33.240  3611 17721 I EXYNOS_BASE_COMP: [0xeafb9800][Exynos_OMX_ComponentStateSet] current:(OMX_StateIdle) dest:(OMX_StateExecuting)
07-05 00:33:33.240  3611 17721 I EXYNOS_BASE_COMP: [0xeafb9800][Exynos_OMX_ComponentStateSet] OMX_EventCmdComplete(OMX_StateExecuting)
07-05 00:33:33.240  3598 17718 I ACodec  : [OMX.Exynos.avc.dec] Now Idle->Executing
07-05 00:33:33.240  3598 17715 I ResourceManagerService: addMediaInfo -(PID : 17615, clientID : 3955531456)
07-05 00:33:33.240  3598 17713 V AudioSink: deleteRecycledTrack_l
07-05 00:33:33.240  3598 17713 V AudioSink: setVolume
07-05 00:33:33.240  3598 17715 I ResourceManagerService: MediaInfo add 921600 (width 1280 height 720) remained 7545600
07-05 00:33:33.241  3598 17718 I ACodec  : [OMX.Exynos.avc.dec] Now Executing
07-05 00:33:33.241  3598 17715 I ResourceManagerService: getMediaResourceInfo resourceType : 2, size : 1
07-05 00:33:33.241  3598 17715 I ResourceManagerService: getMediaResourceInfo (PID : 17615, clientID : 3955531456, non-secure-codec/video-codec:1, 1280x720(fps:30) - SoftCodec : No, Encorder : No)
07-05 00:33:33.241  3598 17713 V AudioSink: updateTrack() DONE status 0
07-05 00:33:33.241  3598 17713 V AudioSink: start
07-05 00:33:33.241  3960  3970 V ResourceManagerHelper-JNI: JNIMediaResourceHelper::notify eventType : 1, ext1 : 0, ext2 : 0
07-05 00:33:33.241  3598 17713 I AudioTrack: This process already got info. FadeIn[0] FadeOut[0] FadeInRing[0]
07-05 00:33:33.241  3960  3970 V ResourceManagerHelper-JNI: notify eventType : 1, ext1 : 0, ext2 : 0
07-05 00:33:33.241  3960  3970 I SemMediaResourceHelper: makeMediaResourceInfo mOwnResourceEventExcluded : false, mPid : 3960
07-05 00:33:33.241  3960  3970 I SemMediaResourceHelper: [1] makeMediaResourceInfo resourceType : 2 isSecured : false, pid : 17615, client id : 3955531456
07-05 00:33:33.242  3960  6789 I SemMediaResourceHelper: onAdd
07-05 00:33:33.242  3960  6789 I DrmMediaResourceHelper: onAdd size = 1
07-05 00:33:33.245  3420  3420 W /system/bin/hw/android.hidl.allocator@1.0-service: ashmem_create_region(3840) returning hidl_memory(0x7868c2c500, 3840)
07-05 00:33:33.246  3611 17727 D ExynosVideoDecoder: MFC_Decoder_ExtensionEnqueue_Inbuf: DATA with flags(0x20000000)
07-05 00:33:33.247  3611 17726 I vndksupport: sphal namespace is not configured for this process. Loading /vendor/lib/hw/gralloc.exynos5.so from the current namespace instead.
07-05 00:33:33.248  3420  3420 W /system/bin/hw/android.hidl.allocator@1.0-service: ashmem_create_region(3840) returning hidl_memory(0x7868c2c500, 3840)
07-05 00:33:33.249  3422  3694 D MySpaceEffect: MySpace EffectCreate start - session 209
07-05 00:33:33.249  3422  3694 D MySpaceEffect: MS EffectCreate - Allocating SessionNo 0 for SessionId 209
07-05 00:33:33.249  3422  3694 D MySpaceEffect: MS EffectCreate - This is the first effect in current sessionId 209 sessionNo 0
07-05 00:33:33.249  3422  3694 D MySpaceEffect: MySpaceEffect::MySpaceEffect ctor
07-05 00:33:33.250  3422  3694 D MySpace : MySpace::Init, mSampleRate = 48000
07-05 00:33:33.250  3422  3694 I MySpace : SoundAlive_3DPosisiton_Factory Create
07-05 00:33:33.251  3422  3694 D MySpace : MySpace Initialize mPreset = 0
07-05 00:33:33.251  3422  3694 I MySpace : MySpace setDevice 2, 0
07-05 00:33:33.252  3585 12124 V APM_AudioPolicyManager: startOutput() output 13, stream 3, session 209
07-05 00:33:33.252  3585 12124 D APM::SoundKitchen: getDevice, uid = 10167, device = 0
07-05 00:33:33.252  3585 12124 D APM_AudioPolicyManager: newDevice=0
07-05 00:33:33.252  3585 12124 V APM_AudioPolicyManager: setBeaconMute(1) mBeaconMuteRefCount=1 mBeaconPlayingRefCount=0
07-05 00:33:33.252  3585 12124 V APM_AudioPolicyManager: selectOutputForMusicEffects activeOnly 1 outputs[0] flags 0x0000000a
07-05 00:33:33.252  3585 12124 V APM_AudioPolicyManager: selectOutputForMusicEffects selected output 13
07-05 00:33:33.252  3585 12124 V APM_AudioPolicyManager: getNewOutputDevice() selected device 2
07-05 00:33:33.252  3585 12124 V APM_AudioPolicyManager: setOutputDevice() device 0002 delayMs 0
07-05 00:33:33.252  3585 12124 V APM_AudioPolicyManager: setOutputDevice() prevDevice 0x0002
07-05 00:33:33.252  3585 12124 V APM_AudioPolicyManager: setOutputDevice() setting same device 0x0002 or null device
07-05 00:33:33.253  3585 12124 I AudioFlinger: track setMixerOutFormat 1
07-05 00:33:33.253  3585 12124 I AudioEffectStage: getStageIndex primary_output_sub1_normal
07-05 00:33:33.253  3585 12124 I AudioFlinger: updateStageIndex prev 0, new -1302
07-05 00:33:33.253  3585 12124 I AudioEffectStage: getSinkBuffer primary_output_sub1_normal
07-05 00:33:33.256  3420  3420 W /system/bin/hw/android.hidl.allocator@1.0-service: ashmem_create_region(3840) returning hidl_memory(0x7868c2c500, 3840)
07-05 00:33:33.256  3611 17721 I EXYNOS_BASE_PORT: [0xeafb9800][Exynos_OMX_PortDisableProcess] Before disabling output port, do flush
07-05 00:33:33.257  3598 17718 I ACodec  : [OMX.Exynos.avc.dec] Now handling output port settings change
07-05 00:33:33.258  3598 17713 I MediaClock: setThreshold mThresholdTimeUsForAnchor(500000), mMinClockModificationTimeUs(40000), mMaxCorrectionTimeUs(30000)
07-05 00:33:33.258  3598 17713 I NuPlayerRenderer: onAudioSinkChanged() getPosition : 0
07-05 00:33:33.258  3598 17713 I MediaClock: setPlaybackRate rate : 0.000000
07-05 00:33:33.259  3598 17713 I NuPlayerRenderer: onDrainAudioQueue() send kWhatPollingAudioStarted audio_out : 0
07-05 00:33:33.259  3598 17713 I NuPlayerRenderer: setAudioFirstAnchorTime mAudioFirstAnchorTimeMediaUs : -1, new mediaTimeUs : 0
07-05 00:33:33.259  3598 17713 I MediaClock: getMediaTime_l - mAnchorTimeRealUs is '-1'
07-05 00:33:33.259  3598 17713 I chatty  : uid=1013(media) /system/bin/mediaserver identical 7 lines
07-05 00:33:33.259  3598 17713 I MediaClock: getMediaTime_l - mAnchorTimeRealUs is '-1'
07-05 00:33:33.259  3611 17721 I vndksupport: sphal namespace is not configured for this process. Loading /vendor/lib/hw/gralloc.exynos5.so from the current namespace instead.
07-05 00:33:33.259  3598 17709 V NuPlayer: media rendering started
07-05 00:33:33.259  3598 17709 V NuPlayer: msg : 6, ext1 : 0, ext2 : 0
07-05 00:33:33.259  3598 17709 D NuPlayerDriver: notifyListener_l(0xebc4b5a0), (6, 0, 0, -1), loop setting(0, 0)
07-05 00:33:33.260  3598 17709 V MediaPlayerService: [26] notify (6, 0, 0)
07-05 00:33:33.260  3598 17709 V NuPlayer: setDecoderBooster enable = No
07-05 00:33:33.260 17615 17648 V MediaPlayerNative: message received msg=6, ext1=0, ext2=0
07-05 00:33:33.260 17615 17648 V MediaPlayerNative: unrecognized message: (6, 0, 0)
07-05 00:33:33.260 17615 17648 V MediaPlayerNative: callback application
07-05 00:33:33.262 17615 17648 V MediaPlayerNative: back from callback
07-05 00:33:33.262  3611 17721 I EXYNOS_BASE_PORT: [0xeafb9800][Exynos_OMX_PortDisableProcess] Disable output Port
07-05 00:33:33.263  3422 12132 D audio_hw_primary_abox: primary_out-set_audio_route: [PLAYBACK] current-device(none) new-device(speaker) in cur-mode(none) & new-mode(normal)!
07-05 00:33:33.263  3422 12132 I audio_route: > audio_route_apply_path : "media-speaker"
07-05 00:33:33.263  3422 12132 I audio_route: > audio_route_update_path : "media-speaker" reverse(0)
07-05 00:33:33.263  3598  8326 I MediaClock: getMediaTime_l - mAnchorTimeRealUs is '-1'
07-05 00:33:33.263 17615 17615 V MediaPlayer-JNI: getCurrentPosition: 0 (msec)
07-05 00:33:33.264  3422 12132 D audio_hw_primary_abox: primary_out-do_set_route: Enabled Audio Route(media-speaker)
07-05 00:33:33.264  3422 12132 I audio_route: > audio_route_apply_path : "gain-media-speaker"
07-05 00:33:33.264  3422 12132 I audio_route: > audio_route_update_path : "gain-media-speaker" reverse(0)
07-05 00:33:33.264  3422 12132 D audio_hw_primary_abox: primary_out-do_set_route: Enabled Audio Gain(gain-media-speaker)
07-05 00:33:33.265  3598 17713 I MediaClock: getMediaTime_l - mAnchorTimeRealUs is '-1'
07-05 00:33:33.266  3598 17713 I MediaClock: getMediaTime_l - mAnchorTimeRealUs is '-1'
07-05 00:33:33.266  3422 12132 I audio_hw_primary_abox: [do_open_spkamp_stream] Opened PCM Device(/dev/snd/pcmC0D7p) configured Info: Channels(2)  Smapling Rate(48000), Format: Default(0)
07-05 00:33:33.266  3598 17713 I MediaClock: getMediaTime_l - mAnchorTimeRealUs is '-1'
07-05 00:33:33.266  3611 17721 I EXYNOS_BASE_PORT: [0xeafb9800][Exynos_OMX_PortEnableProcess] Enable output Port
07-05 00:33:33.267  3598 17713 I MediaClock: getMediaTime_l - mAnchorTimeRealUs is '-1'
07-05 00:33:33.268  3598 17718 D SurfaceUtils: set up nativeWindow 0xebc79008 for 1280x720, color 0x121, rotation 0, usage 0x2900
07-05 00:33:33.268  3598 17713 I MediaClock: getMediaTime_l - mAnchorTimeRealUs is '-1'
07-05 00:33:33.268  3611 17727 D ExynosVideoDecoder: MFC_Decoder_ExtensionEnqueue_Inbuf: DATA with flags(0x20000000)
07-05 00:33:33.268  3611 17727 D ExynosVideoDecoder: MFC_Decoder_ExtensionEnqueue_Inbuf: DATA with flags(0x20000000)
07-05 00:33:33.269  3598 17718 I ACodec  : [OMX.Exynos.avc.dec] configureOutputBuffersFromNativeWindow setBufferCount : 15, minUndequeuedBuffers : 4
07-05 00:33:33.269  3422 12132 I audio_hw_primary_abox: [do_open_spkamp_stream] Opened PCM Device(/dev/snd/pcmC0D11c) configured Info: Channels(2)  Smapling Rate(48000), Format: Default(0)
07-05 00:33:33.270  3598 17713 I MediaClock: getMediaTime_l - mAnchorTimeRealUs is '-1'
07-05 00:33:33.271  3598 17713 I chatty  : uid=1013(media) /system/bin/mediaserver identical 1 line
07-05 00:33:33.272  3598 17713 I MediaClock: getMediaTime_l - mAnchorTimeRealUs is '-1'
07-05 00:33:33.273  3611 17721 I EXYNOS_BASE_COMP: [0xeafb9800][Exynos_OMX_EventHandler] OMX_EventCmdComplete(Enable/output port)
07-05 00:33:33.273  3422 12132 I audio_hw_primary_abox: [do_open_spkamp_stream] Opened PCM Device(/dev/snd/pcmC0D12c) configured Info: Channels(2)  Smapling Rate(48000), Format: Default(0)
07-05 00:33:33.274  3598 17713 I MediaClock: getMediaTime_l - mAnchorTimeRealUs is '-1'
07-05 00:33:33.278  3598 17713 I chatty  : uid=1013(media) /system/bin/mediaserver identical 5 lines
07-05 00:33:33.278  3598 17713 I MediaClock: getMediaTime_l - mAnchorTimeRealUs is '-1'
07-05 00:33:33.281  3598 17718 I ACodec  : [OMX.Exynos.avc.dec] Now Executing
07-05 00:33:33.291  3598 17709 V NuPlayer: updateVideoSize
07-05 00:33:33.291  3598 17713 I MediaClock: getMediaTime_l - mAnchorTimeRealUs is '-1'
07-05 00:33:33.291  3598 17709 V NuPlayer: Video output format changed to 1280 x 720 (crop: 1280 x 720 @ (0, 0))
07-05 00:33:33.291  3598 17709 V NuPlayer: Video display width and height are overridden to 1280 x 720
07-05 00:33:33.291  3598 17709 I NuPlayer: Create new Converter
07-05 00:33:33.291  3598 17709 I SecImageExtractor: construct
07-05 00:33:33.291  3598 17709 I SecImageExtractor: setColorType(0x121)
07-05 00:33:33.291  3598 17709 I SLSIColorType: S.LSI_NV12M construct
07-05 00:33:33.292  3598 17709 I SecImageYCbCrMapper: constuct
07-05 00:33:33.292  3598 17709 V NuPlayer: updateVideoSize- useHardwareCodec
07-05 00:33:33.292  3598 17709 V NuPlayer: msg : 5, ext1 : 1280, ext2 : 720
07-05 00:33:33.292  3598 17709 D NuPlayerDriver: notifyListener_l(0xebc4b5a0), (5, 1280, 720, -1), loop setting(0, 0)
07-05 00:33:33.292  3598 17709 V MediaPlayerService: [26] notify (5, 1280, 720)
07-05 00:33:33.292  3598 17709 I NuPlayer: MEDIA_INFO_RENDERING_START
07-05 00:33:33.292 17615 17648 V MediaPlayerNative: message received msg=5, ext1=1280, ext2=720
07-05 00:33:33.292  3598 17709 V NuPlayer: msg : 200, ext1 : 3, ext2 : 0
07-05 00:33:33.292  3598 17709 D NuPlayerDriver: notifyListener_l(0xebc4b5a0), (200, 3, 0, -1), loop setting(0, 0)
07-05 00:33:33.292 17615 17648 V MediaPlayerNative: New video size 1280 x 720
07-05 00:33:33.292 17615 17648 V MediaPlayerNative: callback application
07-05 00:33:33.292  3598 17709 V MediaPlayerService: [26] notify (200, 3, 0)
07-05 00:33:33.292 17615 17648 V MediaPlayerNative: back from callback
07-05 00:33:33.292 17615 17648 V MediaPlayerNative: message received msg=200, ext1=3, ext2=0
07-05 00:33:33.292 17615 17615 V MediaPlayerNative: getVideoWidth
07-05 00:33:33.292 17615 17648 W MediaPlayerNative: info/warning (3, 0)
07-05 00:33:33.292 17615 17648 V MediaPlayerNative: callback application
07-05 00:33:33.292 17615 17615 V MediaPlayer-JNI: getVideoWidth: 1280
07-05 00:33:33.293 17615 17615 V MediaPlayerNative: getVideoHeight
07-05 00:33:33.293 17615 17615 V MediaPlayer-JNI: getVideoHeight: 720
07-05 00:33:33.293 17615 17648 V MediaPlayerNative: back from callback
07-05 00:33:33.297 17572 17693 I BatteryMgr:DataCollectionService: stats => 1688510013297,-187,4046
07-05 00:33:33.304  3422 12132 I audio_hw_primary_abox: primary_out-do_open_output_stream: Opened PCM Device is /dev/snd/pcmC0D0p samplingRate(48000) pcmformat(0)
07-05 00:33:33.304  3422 12132 I audio_hw_primary_abox: primary_out-out_write: Transit to Idle
07-05 00:33:33.306  3422 12132 I audio_hw_primary_abox: primary_out-out_write: Transit to Playing
07-05 00:33:33.332  4342  4699 D NetworkController.MobileSignalController(0/-2): onSignalStrengthsChanged signalStrength=SignalStrength: 15 99 -15 -200 -15 -200 -1 99 2147483647 2147483647 2147483647 2147483647 0 2147483647 0x4 P gsm|lte level=4
07-05 00:33:33.332  4342  4699 D NetworkController.MobileSignalController(0/-2): getMobileIconGroup(): 0
07-05 00:33:33.398  3585  3806 D AudioFlinger: mixer(0xe8083d40) throttle end: throttle time(55)
07-05 00:33:33.403  3598 17713 I NuPlayerRenderer: kWhatPollingAudioStarted clock running played_out : 18368 us, audio_out : 0 us, gap : 18368 us
07-05 00:33:33.404  3598 17713 I MediaClock: setPlaybackRate rate : 1.000000
07-05 00:33:33.404  3598 17713 I MediaClock: setSpeedAjust mSASpeed (0), mMinClockModificationTimeUs (40000)
07-05 00:33:33.404  3598 17713 I NuPlayerRenderer: kWhatPollingAudioStarted update nowMediaUs : 9034 us
07-05 00:33:33.407 17572 17693 I BatteryMgr:DataCollectionService: stats => 1688510013407,-187,4046
07-05 00:33:33.518 17572 17693 I BatteryMgr:DataCollectionService: stats => 1688510013517,-187,4046
07-05 00:33:33.528  3598 17713 I MediaClock: updateClock closest gapTimeUs(9146), nowMediaUs(143268), oldMediaUs(134122)
07-05 00:33:33.632 17572 17693 I BatteryMgr:DataCollectionService: stats => 1688510013631,-187,4046
07-05 00:33:33.744 17572 17693 I BatteryMgr:DataCollectionService: stats => 1688510013744,-187,4046
07-05 00:33:33.857 17572 17693 I BatteryMgr:DataCollectionService: stats => 1688510013856,-187,4046
07-05 00:33:33.967 17572 17693 I BatteryMgr:DataCollectionService: stats => 1688510013967,-187,4046
07-05 00:33:34.081 17572 17693 I BatteryMgr:DataCollectionService: stats => 1688510014080,-187,4046
07-05 00:33:34.197 17572 17693 I BatteryMgr:DataCollectionService: stats => 1688510014197,-187,4046
07-05 00:33:34.310 17572 17693 I BatteryMgr:DataCollectionService: stats => 1688510014310,-187,4046
07-05 00:33:34.425 17572 17693 I BatteryMgr:DataCollectionService: stats => 1688510014425,-187,4046
07-05 00:33:34.537 17572 17693 I BatteryMgr:DataCollectionService: stats => 1688510014537,-187,4046
07-05 00:33:34.650 17572 17693 I BatteryMgr:DataCollectionService: stats => 1688510014649,-187,4046
07-05 00:33:34.660  3960  3983 W StorageManager: getStorageFullBytes DEFAULT_FULL_THRESHOLD_BYTES : 20971520, threadhold : 20971520
07-05 00:33:34.661  3960  3983 W StorageManager: getStorageLowBytes lowPercent : 5, lowBytes : 1260145254, maxLowBytes : 524288000
07-05 00:33:34.664  3960  3983 W DeviceStorageMonitorService: updateBroadcasts(/data) oldLevel:0, newLevel:0, seq:1
07-05 00:33:34.664  3960  3983 W DeviceStorageMonitorService: updateBroadcasts_filenode(/data) fn_oldLevel:0, fn_newLevel:0, seq:1
07-05 00:33:34.744  3435  3435 I android.hardware.wifi@1.0-service: getLinkLayerStats
07-05 00:33:34.764 17572 17693 I BatteryMgr:DataCollectionService: stats => 1688510014764,-187,4046
07-05 00:33:34.883 17572 17693 I BatteryMgr:DataCollectionService: stats => 1688510014883,-187,4046
07-05 00:33:34.954  4951  4951 D io_stats: !@ 179,0 r 119738 4441676 w 30492 570920 d 2553 95460 f 9051 9307 iot 63432 53073 th 51200 0 0 pt 0 inp 0 0 6078.108
07-05 00:33:34.998 17572 17693 I BatteryMgr:DataCollectionService: stats => 1688510014998,-187,4046
07-05 00:33:35.111 17572 17693 I BatteryMgr:DataCollectionService: stats => 1688510015110,-187,4046
07-05 00:33:35.226 17572 17693 I BatteryMgr:DataCollectionService: stats => 1688510015225,-187,4046
07-05 00:33:35.338 17572 17693 I BatteryMgr:DataCollectionService: stats => 1688510015338,-187,4046
07-05 00:33:35.450 17572 17693 I BatteryMgr:DataCollectionService: stats => 1688510015450,-187,4046
07-05 00:33:35.564 17572 17693 I BatteryMgr:DataCollectionService: stats => 1688510015564,-187,4046
07-05 00:33:35.676 17572 17693 I BatteryMgr:DataCollectionService: stats => 1688510015676,-187,4046
07-05 00:33:35.794 17572 17693 I BatteryMgr:DataCollectionService: stats => 1688510015793,-187,4046
07-05 00:33:35.906 17572 17693 I BatteryMgr:DataCollectionService: stats => 1688510015906,-187,4046
07-05 00:33:36.021 17572 17693 I BatteryMgr:DataCollectionService: stats => 1688510016020,-187,4046
07-05 00:33:36.096  3960  4445 E Watchdog: !@Sync 202 [2023-07-05 00:33:36.095]
07-05 00:33:36.135 17572 17693 I BatteryMgr:DataCollectionService: stats => 1688510016135,-187,4046
07-05 00:33:36.253 17572 17693 I BatteryMgr:DataCollectionService: stats => 1688510016253,-187,4046
07-05 00:33:36.368 17572 17693 I BatteryMgr:DataCollectionService: stats => 1688510016367,-187,4046
07-05 00:33:36.480 17572 17693 I BatteryMgr:DataCollectionService: stats => 1688510016480,-187,4046
07-05 00:33:36.595 17572 17693 I BatteryMgr:DataCollectionService: stats => 1688510016594,-187,4046
07-05 00:33:36.708 17572 17693 I BatteryMgr:DataCollectionService: stats => 1688510016708,-187,4046
07-05 00:33:36.821 17572 17693 I BatteryMgr:DataCollectionService: stats => 1688510016821,-187,4046
07-05 00:33:36.935 17572 17693 I BatteryMgr:DataCollectionService: stats => 1688510016935,-187,4046
07-05 00:33:37.054 17572 17693 I BatteryMgr:DataCollectionService: stats => 1688510017054,-187,4046
07-05 00:33:37.169 17572 17693 I BatteryMgr:DataCollectionService: stats => 1688510017169,-187,4046
07-05 00:33:37.283 17572 17693 I BatteryMgr:DataCollectionService: stats => 1688510017283,-187,4046
07-05 00:33:37.397 17572 17693 I BatteryMgr:DataCollectionService: stats => 1688510017396,-187,4046
07-05 00:33:37.508 17572 17693 I BatteryMgr:DataCollectionService: stats => 1688510017508,-187,4046
07-05 00:33:37.559  3960  4032 D SensorService: [SO] 0.038 -0.110 9.888
07-05 00:33:37.602  3960  6475 D SSRM:k  : SIOP:: AP = 290, PST = 307 (W:12), BAT = 263, USB = 0, CHG = 0
07-05 00:33:37.627 17572 17693 I BatteryMgr:DataCollectionService: stats => 1688510017626,-187,4046
07-05 00:33:37.740 17572 17693 I BatteryMgr:DataCollectionService: stats => 1688510017739,-187,4046
07-05 00:33:37.766  3435  3435 I android.hardware.wifi@1.0-service: getLinkLayerStats
07-05 00:33:37.853 17572 17693 I BatteryMgr:DataCollectionService: stats => 1688510017853,-187,4046
07-05 00:33:37.965 17572 17693 I BatteryMgr:DataCollectionService: stats => 1688510017965,-187,4046
07-05 00:33:38.076 17572 17693 I BatteryMgr:DataCollectionService: stats => 1688510018075,-187,4046
07-05 00:33:38.090 17615 17615 V MediaPlayer-JNI: stop
07-05 00:33:38.090 17615 17615 V MediaPlayerNative: stop
07-05 00:33:38.090  3598  8326 V MediaPlayerService: [26] stop
07-05 00:33:38.091  3598  8326 D NuPlayerDriver: stop(0xebc4b5a0)
07-05 00:33:38.091  3598  8326 D NuPlayerDriver: notifyListener_l(0xebc4b5a0), (8, 0, 0, -1), loop setting(0, 0)
07-05 00:33:38.091  3598  8326 V MediaPlayerService: [26] notify (8, 0, 0)
07-05 00:33:38.091 17615 17648 V MediaPlayerNative: message received msg=8, ext1=0, ext2=0
07-05 00:33:38.092 17615 17648 V MediaPlayerNative: unrecognized message: (8, 0, 0)
07-05 00:33:38.092 17615 17648 V MediaPlayerNative: callback application
07-05 00:33:38.092  3598 17713 I NuPlayerRenderer: onPause
07-05 00:33:38.092 17615 17648 V MediaPlayerNative: back from callback
07-05 00:33:38.092  3598 17713 I MediaClock: setPlaybackRate rate : 0.000000
07-05 00:33:38.092  3598 17713 V AudioSink: pause
07-05 00:33:38.093  3960 10591 D AudioService: Sending DVFS message = MSG_SET_DVFS_FOR_SOUNDALIVE
07-05 00:33:38.096 17615 17615 V MediaPlayer: resetDrmState:  mDrmInfo=null mDrmProvisioningThread=null mPrepareDrmInProgress=false mActiveDrmScheme=false
07-05 00:33:38.097 17615 17615 V MediaPlayer: cleanDrmObj: mDrmObj=null mDrmSessionId=null
07-05 00:33:38.097 17615 17615 V MediaPlayer-JNI: release
07-05 00:33:38.097 17615 17615 V MediaPlayerNative: setListener
07-05 00:33:38.097 17615 17615 V MediaPlayerNative: disconnect
07-05 00:33:38.098  3598  8326 V MediaPlayerService: disconnect(26) from pid 17615
07-05 00:33:38.099  3598  8326 D NuPlayerDriver: reset(0xebc4b5a0) at state 8
07-05 00:33:38.099  3598  8326 V NuPlayerDriver: updateMetrics(0xebc4b5a0) from reset at state 8
07-05 00:33:38.100  3598  8326 V NuPlayerDriver: logMetrics(0xebc4b5a0) from reset at state 8
07-05 00:33:38.104  3598 17709 V NuPlayer: kWhatReset
07-05 00:33:38.106  3598 17709 V NuPlayer: setDecoderBooster enable = No
07-05 00:33:38.106  3598 17709 V NuPlayer: performDecoderFlush audio=2, video=2
07-05 00:33:38.106  3598 17709 V NuPlayer: [audio] flushDecoder needShutdown=1
07-05 00:33:38.106  3598 17709 V NuPlayer: [video] flushDecoder needShutdown=1
07-05 00:33:38.106  3598 17709 V NuPlayer: postponing action mFlushingAudio=2, mFlushingVideo=2
07-05 00:33:38.107  3598 17714 I NuPlayerRenderer: flush video, notifyComplete 1, shutdown Yes
07-05 00:33:38.107  3598 17714 D NuPlayerRenderer: signalTimeDiscontinuity() mHasAudio = 1 , mHasVideo = 1
07-05 00:33:38.107  3598 17713 I NuPlayerRenderer: flushing video
07-05 00:33:38.107  3598 17715 I ACodec  : [OMX.Exynos.avc.dec] signalFlush
07-05 00:33:38.107  3598 17713 I NuPlayerRenderer: onFlush mVideoDrainGeneration : 3
07-05 00:33:38.107  3598 17718 I ACodec  : [OMX.Exynos.avc.dec] ExecutingState flushing now (codec owns 5/5 input, 2/15 output).
07-05 00:33:38.107  3598 17709 V NuPlayer: renderer video flush completed.
07-05 00:33:38.108  3598 17718 I ACodec  : [OMX.Exynos.avc.dec] Now Flushing
07-05 00:33:38.109 16026 16040 D SADVFSHelper: Either heavy-duty effect is Off or Music playback is not active
07-05 00:33:38.109  3611 17725 W libexynosv4l2: failed to ioctl: VIDIOC_DQBUF (22 - Invalid argument)
07-05 00:33:38.110  3598 17718 I ACodec  : [OMX.Exynos.avc.dec] FlushingState onOMXEvent(0,1,0)
07-05 00:33:38.112  3598 17716 I NuPlayerRenderer: flush audio, notifyComplete 1, shutdown Yes
07-05 00:33:38.112  3598 17716 D NuPlayerRenderer: signalTimeDiscontinuity() mHasAudio = 1 , mHasVideo = 1
07-05 00:33:38.113  3598 17713 I NuPlayerRenderer: flushing audio
07-05 00:33:38.113  3598 17713 I NuPlayerRenderer: onFlush mAudioDrainGeneration : 2
07-05 00:33:38.113  3598 17713 V AudioSink: flush
07-05 00:33:38.113  3598 17717 I ACodec  : [OMX.SEC.aac.dec] signalFlush
07-05 00:33:38.113  3598 17713 V AudioSink: stop
07-05 00:33:38.113  3598 17713 D AudioTrack: stop() called with 0 frames delivered
07-05 00:33:38.114  3598 17717 I ACodec  : [OMX.SEC.aac.dec] ExecutingState flushing now (codec owns 1/5 input, 4/9 output).
07-05 00:33:38.114  3598 17709 V NuPlayer: renderer audio flush completed.
07-05 00:33:38.114  3611 17724 W libexynosv4l2: failed to ioctl: VIDIOC_DQBUF (22 - Invalid argument)
07-05 00:33:38.115  3598 17717 I ACodec  : [OMX.SEC.aac.dec] Now Flushing
07-05 00:33:38.116  3611 17719 I         : SAACD_COMP_Reset() in
07-05 00:33:38.117  3598 17717 I ACodec  : [OMX.SEC.aac.dec] FlushingState onOMXEvent(0,1,0)
07-05 00:33:38.118  3598 17717 I ACodec  : [OMX.SEC.aac.dec] FlushingState onOMXEvent(0,1,1)
07-05 00:33:38.118  3598 17717 I ACodec  : [OMX.SEC.aac.dec] Now Executing
07-05 00:33:38.118  3598 17718 I ACodec  : [OMX.Exynos.avc.dec] FlushingState onOMXEvent(0,1,1)
07-05 00:33:38.118  3598 17718 I ACodec  : [OMX.Exynos.avc.dec] Now Executing
07-05 00:33:38.119  3598 17709 V NuPlayer: decoder audio flush completed
07-05 00:33:38.119  3598 17709 V NuPlayer: initiating audio decoder shutdown
07-05 00:33:38.119  3598 17709 V NuPlayer: decoder video flush completed
07-05 00:33:38.119  3598 17709 V NuPlayer: initiating video decoder shutdown
07-05 00:33:38.120  3611 17719 I         : SAACD_COMP_Reset() in
07-05 00:33:38.120  3598 17717 I ACodec  : [OMX.SEC.aac.dec] Now Executing->Idle
07-05 00:33:38.120  3598 17713 I NuPlayerRenderer: kWhatDrainVideoQueue generation is not matched generation : 0, mVideoDrainGeneration : 3
07-05 00:33:38.121  3611 17719 I SEC_BASE_COMP: SEC_OMX_ComponentStateSet: Cur(3) -> Dest(2)
07-05 00:33:38.122  3611 17721 I EXYNOS_BASE_COMP: [0xeafb9800][Exynos_OMX_ComponentStateSet] current:(OMX_StateExecuting) dest:(OMX_StateIdle)
07-05 00:33:38.122  3598 17718 I ACodec  : [OMX.Exynos.avc.dec] Now Executing->Idle
07-05 00:33:38.125  3611 17725 W libexynosv4l2: failed to ioctl: VIDIOC_DQBUF (22 - Invalid argument)
07-05 00:33:38.126  3611 17724 W libexynosv4l2: failed to ioctl: VIDIOC_DQBUF (22 - Invalid argument)
07-05 00:33:38.127  3611 17721 I EXYNOS_BASE_COMP: [0xeafb9800][Exynos_OMX_ComponentStateSet] OMX_EventCmdComplete(OMX_StateIdle)
07-05 00:33:38.128  3611 17721 I EXYNOS_BASE_COMP: [0xeafb9800][Exynos_OMX_ComponentStateSet] current:(OMX_StateIdle) dest:(OMX_StateLoaded)
07-05 00:33:38.129  3611 17719 I SEC_BASE_COMP: SEC_OMX_ComponentStateSet: Cur(2) -> Dest(1)
07-05 00:33:38.129  3598 17717 I ACodec  : [OMX.SEC.aac.dec] Now Idle->Loaded
07-05 00:33:38.129  3598 17717 I ACodec  : [OMX.SEC.aac.dec] Now Loaded
07-05 00:33:38.130  3611  3711 I SEC_BASE_COMP: [OMX.SEC.aac.dec]: Normally terminated
07-05 00:33:38.130  3611 17725 W libexynosv4l2: failed to ioctl: VIDIOC_DQBUF (22 - Invalid argument)
07-05 00:33:38.132  3598 17717 I ACodec  :  [OMX.SEC.aac.dec] Now uninitialized
07-05 00:33:38.132  3598 17717 I ACodec  :  [] Now kWhatShutdownCompleted event : 8475
07-05 00:33:38.132  3598 17717 I MediaCodec: Codec shutdown complete
07-05 00:33:38.133  3598 17716 I NuPlayerDecoder: onShutdown notifyComplete : Yes
07-05 00:33:38.133  3598 17709 V NuPlayer: audio shutdown completed
07-05 00:33:38.141  3611 17721 I EXYNOS_BASE_COMP: [0xeafb9800][Exynos_OMX_EventHandler] OMX_EventCmdComplete(OMX_StateLoaded)
07-05 00:33:38.141  3598 17718 I ACodec  : [OMX.Exynos.avc.dec] Now Idle->Loaded
07-05 00:33:38.142  3598 17718 I ACodec  : [OMX.Exynos.avc.dec] Now Loaded
07-05 00:33:38.145  3598 17718 I ACodec  :  [OMX.Exynos.avc.dec] Now uninitialized
07-05 00:33:38.146  3598 17718 I ACodec  :  [] Now kWhatShutdownCompleted event : 8475
07-05 00:33:38.146  3598 17715 D SurfaceUtils: disconnecting from surface 0xebc79008, reason disconnectFromSurface
07-05 00:33:38.150  3598 17715 I MediaCodec: Codec shutdown complete
07-05 00:33:38.150  3598 17715 I ResourceManagerService: MediaInfo removed 921600 (width 1280 height 720) remained 8467200 
07-05 00:33:38.150  3598 17715 I ResourceManagerService: getMediaResourceInfo resourceType : 2, size : 0
07-05 00:33:38.150  3960  4613 V ResourceManagerHelper-JNI: JNIMediaResourceHelper::notify eventType : 2, ext1 : 0, ext2 : 0
07-05 00:33:38.150  3960  4613 V ResourceManagerHelper-JNI: notify eventType : 2, ext1 : 0, ext2 : 0
07-05 00:33:38.151  3960  6789 I SemMediaResourceHelper: onRemove
07-05 00:33:38.151  3598 17714 D SurfaceUtils: connecting to surface 0xebc79008, reason onShutdown
07-05 00:33:38.152  3598 17714 I NuPlayerDecoder: onShutdown notifyComplete : Yes
07-05 00:33:38.152  3598 17709 V NuPlayer: video shutdown completed
07-05 00:33:38.154  3598 17709 V NuPlayer: both audio and video are flushed now.
07-05 00:33:38.154  3598 17709 V NuPlayer: performReset
07-05 00:33:38.156  3598 17709 D NuPlayerDriver: notifyResetComplete(0xebc4b5a0)
07-05 00:33:38.156  3598 17709 I SecImageExtractor: destruct
07-05 00:33:38.156  3598 17709 I SecImageYCbCrMapper: destruct
07-05 00:33:38.156  3598  8326 D SurfaceUtils: disconnecting from surface 0xebc53808, reason disconnectNativeWindow
07-05 00:33:38.157  3598  8326 V NuPlayerDriver: ~NuPlayerDriver(0xebc4b5a0)
07-05 00:33:38.157  3598  8326 V NuPlayerDriver: updateMetrics(0xebc4b5a0) from destructor at state 0
07-05 00:33:38.157  3598  8326 V NuPlayerDriver: logMetrics(0xebc4b5a0) from destructor at state 0
07-05 00:33:38.157  3598  8326 V NuPlayerDriver: did not have anything to record
07-05 00:33:38.157 17615 17615 V MediaPlayerNative: destructor
07-05 00:33:38.158 17615 17615 V MediaPlayerNative: disconnect
07-05 00:33:38.158  3598  8326 V MediaPlayerService: Client(26) destructor pid = 17615
07-05 00:33:38.158  3598  8326 V AudioSink: +++ close
07-05 00:33:38.158  3598  8326 V AudioSink: --- close
07-05 00:33:38.159  3598  8326 V MediaPlayerService: disconnect(26) from pid 17615
07-05 00:33:38.160  3960  4613 I MediaFocusControl:  AudioFocus  abandonAudioFocus() from uid/pid 10167/17615 clientId=android.media.AudioManager$239e6b4
07-05 00:33:38.160  3960  4613 D AudioService: GetAppDevice, uid=10167
07-05 00:33:38.160  3960  4613 D MediaFocusControl: selectFocusStack, uid = 10167, appDevice = 0, device = 2
07-05 00:33:38.164  3960  4613 V WindowManager: Relayout Window{9aca4f3 u0 x.intervalapp.displaytest/x.intervalapp.displaytest.MainActivity}: viewVisibility=0 req=1280x720 WM.LayoutParams{(0,0)(fillxfill) sim=#20 ty=1 fl=#81810100 pfl=0x20000 fmt=-3 wanim=0x10302fd vsysui=0x600 needsMenuKey=2 colorMode=0 naviIconColor=0}
07-05 00:33:38.168  3960  4613 D PowerManagerService: [api] release WakeLock SCREEN_BRIGHT_WAKE_LOCK        'WindowManager' ON_AFTER_RELEASE ACQ=-5s18ms (uid=1000 pid=3960 ws=WorkSource{10167}) (0x0)
07-05 00:33:38.168  3960  4613 D PowerManagerService: [api] applyWakeLockFlagsOnReleaseLocked : userActivityNoUpdateLocked is called : SCREEN_BRIGHT_WAKE_LOCK        'WindowManager' ON_AFTER_RELEASE (uid=1000 pid=3960 ws=WorkSource{10167})
07-05 00:33:38.169  3960  4613 D PowerManagerService: [s] UserActivityState : 4 -> 1
07-05 00:33:38.169  3960  4297 D WifiConnectivityMonitor:  [|221] []
07-05 00:33:38.174 17615 17615 D ViewRootImpl@9c63bab[MainActivity]: Relayout returned: old=[0,0][1280,720] new=[0,0][1280,720] result=0x1 surface={valid=true 505299877888} changed=false
07-05 00:33:38.175 17615 17615 W MediaPlayer: mediaplayer went away with unhandled events
07-05 00:33:38.182 17572 17693 I BatteryMgr:DataCollectionService: stats => 1688510018182,-187,4046
07-05 00:33:38.279  3585  3806 I SoundAlive_Interface: [ -413838528 ][ 48000 ]FlushBuffers()
07-05 00:33:38.280  3585  3806 I SoundAlive_Core: [ -413838528 ][ 48000 ](interface-API)FlushBuffers()
07-05 00:33:38.280  3585  3806 D SoundAlive_Core: [ -413838528 ][ 48000 ](internal-API)ReOpen( ConfigMode : 1 )
07-05 00:33:38.280  3585  3806 I SoundAlive_Effect: [ -413838528 ][ 48000 ]Init() nch : 2  bitdepth : 1 
07-05 00:33:38.280  3585  3806 I SoundAlive_Effect: [ -413838528 ][ 48000 ]SamplingRateConfig() SamplingRate : 48000
07-05 00:33:38.280  3585  3806 I SoundAlive_Effect: [ -413838528 ][ 48000 ]OutDevConfig() OutDevConfig : 1
07-05 00:33:38.280  3585  3806 D SoundAlive_Core: [ -413838528 ][ 48000 ](internal-API)Set_Current_Effect_Configuration( ConfigMode : 1 )
07-05 00:33:38.280  3585  3806 I SoundAlive_Effect: [ -413838528 ][ 48000 ]Set_Preset() : 0
07-05 00:33:38.280  3585  3806 I SoundAlive_Effect: [ -413838528 ][ 48000 ]Set_User_BWE() 0
07-05 00:33:38.280  3585  3806 I SoundAlive_Effect: [ -413838528 ][ 48000 ]Set_User_CH() : 0
07-05 00:33:38.280  3585  3806 I SoundAlive_Effect: [ -413838528 ][ 48000 ]Set_SquareUI() : 4 , 4
07-05 00:33:38.281  3585  3806 I SoundAlive_Effect: [ -413838528 ][ 48000 ]Set_User_3D() : 0
07-05 00:33:38.281  3585  3806 I SoundAlive_Effect: [ -413838528 ][ 48000 ]Set_User_BE() : 0
07-05 00:33:38.281  3585  3806 I SoundBoosterEffectPlus: SB_reset SoundBooster sessionId(-1302)
07-05 00:33:38.281  3585  3806 I SoundBooster_Interface: BuffClear() mMode: 1
07-05 00:33:38.281  3585  3806 I SoundBooster_Base: BuffClear()
07-05 00:33:38.281  3585  3806 I SoundBooster:SoundBooster_Music: BuffClear()
07-05 00:33:38.297 17572 17693 I BatteryMgr:DataCollectionService: stats => 1688510018296,-187,4046
07-05 00:33:38.297  3585  3757 W AudioFlinger::EffectModule: EffectModule 0xe830df00 destructor called with unreleased interface
07-05 00:33:38.300  3585  3757 W AudioFlinger::EffectHandle: disconnect Effect handle 0xe8aedfc0 disconnected after thread destruction
07-05 00:33:38.301  3422  3422 W MySpaceEffect: MySpaceEffect_setEnabled() MySpace is already disabled
07-05 00:33:38.301  3422  3422 D MySpaceEffect: EffectRelease : All effects are no longer instantiated
07-05 00:33:38.301  3422  3422 D MySpace : MySpace::Close 
07-05 00:33:38.301  3585  3757 V APM_AudioPolicyManager: stopOutput() output 13, stream 3, session 209
07-05 00:33:38.301  3422  3422 D MySpaceEffect: MySpaceEffect::~MySpaceEffect 
07-05 00:33:38.301  3585  3757 V APM_AudioPolicyManager: setLoggingHwData() type(2) device(0x2) time(5) volume(7)
07-05 00:33:38.301  3585  3757 D APM::SoundKitchen: getDevice, uid = 10167, device = 0
07-05 00:33:38.301  3422  3422 D MySpace : MySpace::~MySpace() -
07-05 00:33:38.301  3585  3757 V APM_AudioPolicyManager: setBeaconMute(1) mBeaconMuteRefCount=0 mBeaconPlayingRefCount=0
07-05 00:33:38.301  3585  3757 V APM_AudioPolicyManager: getNewOutputDevice() selected device 0
07-05 00:33:38.301  3585  3757 V APM_AudioPolicyManager: setOutputDevice() device 0000 delayMs 160
07-05 00:33:38.302  3585  3757 V APM_AudioPolicyManager: setOutputDevice() prevDevice 0x0002
