07-05 01:33:14.844  3598 22886 V NuPlayer: kWhatSetDataSource
07-05 01:33:14.845  3598  3598 V NuPlayerDriver: getDefaultBufferingSettings(0xebc4b5a0)
07-05 01:33:14.845  3598 22886 V NuPlayer: kWhatGetDefaultBufferingSettings
07-05 01:33:14.845  3598  3598 V MediaPlayerService: [53] getDefaultBufferingSettings{initialMode(1), rebufferingMode(3), initialMarks(5000 ms, -1 KB), rebufferingMarks(2000, 15000)ms, (40, 200)KB}
07-05 01:33:14.845 22853 22853 V MediaPlayerNative: setVideoSurfaceTexture
07-05 01:33:14.846  3598  3598 V MediaPlayerService: [53] setVideoSurfaceTexture(0xea20b6c0)
07-05 01:33:14.846  3598  3598 V Surface : sf_framedrop debug : 0x4f4c, game : false, logging : 0
07-05 01:33:14.846  3598  3598 D SurfaceUtils: connecting to surface 0xebc79008, reason setVideoSurfaceTexture
07-05 01:33:14.847  3598  3598 V NuPlayerDriver: setVideoSurfaceTexture(0xebc4b5a0)
07-05 01:33:14.847  3598  3598 V Surface : sf_framedrop debug : 0x4f4c, game : false, logging : 0
07-05 01:33:14.847  3598 22886 D NuPlayer: onSetVideoSurface(0xebc53800, no video decoder)
07-05 01:33:14.847  3598 22886 V NuPlayer: performSetSurface
07-05 01:33:14.847  3598 22886 V NuPlayerDriver: notifySetSurfaceComplete(0xebc4b5a0)
07-05 01:33:14.849  3602  3686 I RemoteDisplayService: There is no RemoteDisplay
07-05 01:33:14.850 22853 22853 V MediaPlayer-JNI: setParameter: key 1400
07-05 01:33:14.851 22853 22853 V MediaPlayerNative: MediaPlayer::setParameter(1400)
07-05 01:33:14.851  3598  3598 V MediaPlayerService: [53] setParameter(1400)
07-05 01:33:14.851  3598  3598 V MediaPlayerService: setAudioAttributes_l() usage=1 content=3 flags=0x0 tags=
07-05 01:33:14.851 22853 22853 V MediaPlayer-JNI: setAudioStreamType: 3
07-05 01:33:14.851 22853 22853 V MediaPlayerNative: MediaPlayer::setAudioStreamType
07-05 01:33:14.851 22853 22853 V MediaPlayerNative: setVideoSurfaceTexture
07-05 01:33:14.852  3598  3598 V MediaPlayerService: [53] setVideoSurfaceTexture(0xebc49d40)
07-05 01:33:14.852 22853 22853 V MediaPlayerNative: prepareAsync
07-05 01:33:14.852  3598  3598 V MediaPlayerService: [53] setParameter(1400)
07-05 01:33:14.852  3598  3598 V MediaPlayerService: setAudioAttributes_l() usage=1 content=3 flags=0x0 tags=
07-05 01:33:14.852  3598  3598 V MediaPlayerService: [53] prepareAsync
07-05 01:33:14.852  3598  3598 V NuPlayerDriver: prepareAsync(0xebc4b5a0)
07-05 01:33:14.852  3598  3598 V NuPlayer: prepareAsync
07-05 01:33:14.852  3598 22886 V NuPlayer: onMessageReceived kWhatPrepare
07-05 01:33:14.852  3598 22886 I MediaMonitor: MediaMonitor()
07-05 01:33:14.853 22853 22853 D SurfaceView: surfaceChanged (1280,678) 1 android.widget.VideoView{42ae787 VFE...... .F....ID 0,0-1280,678 #7f05004f app:id/videoView}
07-05 01:33:14.855  3588 12206 E SEC_DRM_PLUGIN_Omafl: OmaPlugin::onOpenDecryptSession(fd)::Drm2IsDrmFileByExtFd::file is NOT DRM by extension
07-05 01:33:14.856 22853 22853 D ViewRootImpl@9c63bab[MainActivity]: MSG_RESIZED_REPORT: frame=Rect(0, 0 - 1280, 720) ci=Rect(0, 42 - 0, 0) vi=Rect(0, 42 - 0, 0) or=2
07-05 01:33:14.856 22853 22853 D ViewRootImpl@9c63bab[MainActivity]: MSG_WINDOW_FOCUS_CHANGED 1
07-05 01:33:14.856  3598 22888 D GenericSource: FileSource remote
07-05 01:33:14.857 22853 22853 V InputMethodManager: Starting input: tba=android.view.inputmethod.EditorInfo@a2a42dd nm : x.intervalapp.displaytest ic=null
07-05 01:33:14.857 22853 22853 I InputMethodManager: startInputInner - mService.startInputOrWindowGainedFocus
07-05 01:33:14.858  3960  4430 D InputMethodManagerService: startInputOrWindowGainedFocus : windowGainedFocus 
07-05 01:33:14.858  3960  4430 D InputMethodManagerService: windowGainedFocus: destinationUserId (getCallingUid) = 0
07-05 01:33:14.859  3960  4430 D InputMethodManagerService: windowGainedFocus: currentUserId=0
07-05 01:33:14.859  3960  4430 D InputMethodManagerService: windowGainedFocus: mCurrentFocusedUserId=0
07-05 01:33:14.859  3960  4430 D InputMethodManagerService: windowGainedFocus : lock - currentUserId = 0 destinationUserId = 0
07-05 01:33:14.859  3960  4430 D InputMethodManagerService: windowGainedFocus : mCurrentFocusedUserId - 0 and mSecureKeypadEnabled - false, userSwitched - false
07-05 01:33:14.859  3960  4430 V InputMethodManagerService: windowGainedFocus : reason=WINDOW_FOCUS_GAIN client=android.os.BinderProxy@8abb0f4 inputContext=null missingMethods= attribute=android.view.inputmethod.EditorInfo@dcc6119 nm = x.intervalapp.displaytest controlFlags=#105 softInputMode=#20 windowFlags=#81810100
07-05 01:33:14.859  3960  4430 V InputMethodManagerService: hideCurrentInputLocked : shouldHideSoftInput is false
07-05 01:33:14.860  3960  4430 D InputMethodManagerService: isImeSwitcherDisabledPackage : false
07-05 01:33:14.860  3960  4430 V InputMethodManagerService: Creating new session for client ClientState{7f125de uid 10167 pid 22853}
07-05 01:33:14.862  3960  4430 D InputMethodManagerService: setCurrentInputInfo - inputContext : null eidtorInfo : android.view.inputmethod.EditorInfo@dcc6119 missingMethods : 0
07-05 01:33:14.863  4336  4336 I InputMethodWrapper:  call dispatchStartInputWithToken
07-05 01:33:14.863  3960  5784 V WindowManager: Relayout Window{d227292 u0 x.intervalapp.displaytest/x.intervalapp.displaytest.MainActivity}: viewVisibility=0 req=1280x720 WM.LayoutParams{(0,0)(fillxfill) sim=#20 ty=1 fl=#81810100 pfl=0x20000 fmt=-3 wanim=0x10302fd vsysui=0x600 needsMenuKey=2 colorMode=0 naviIconColor=0}
07-05 01:33:14.863  4336  4336 I InputMethodService: dispatchStartInputWithToken
07-05 01:33:14.863  4336  4336 I SKBD    : SamsungKeypad [IMI] onStartInput - caller pid : 22853, caller uid : 10167
07-05 01:33:14.864  4336  4336 I SKBD    : SamsungKeypad  CACHEDIC onStartInput  isCachedICEnabled:  false
07-05 01:33:14.864  4336  4336 I SKBD    : atl getDefaultInputRange : UNKNOWN
07-05 01:33:14.864  4336  4336 I SKBD    : awo resetBinderManager()
07-05 01:33:14.864  4336  4336 I SKBD_SYNC: SamsungKeypad onStartInput: import DLM
07-05 01:33:14.864  4336  4336 I SKBD    : atl setPrivateImeOptionsToTable privateImeOptions ( null )
07-05 01:33:14.864  4336  4336 I SKBD    : atl imeOptions is null
07-05 01:33:14.864  4342  4342 V Configuration:  needToUpdateOverlays
07-05 01:33:14.865  4336  4336 I SKBD    : SamsungKeypad [PF_OP][onStartInput] 1607154
07-05 01:33:14.865  4342  4342 V Configuration:  needToUpdateOverlays
07-05 01:33:14.865  4342  4342 I chatty  : uid=10009(u0_a9) com.android.systemui identical 1 line
07-05 01:33:14.865  4342  4342 V Configuration:  needToUpdateOverlays
07-05 01:33:14.868  4336  4336 I SKBD    : putCacheDrawable inputModule=0 key =ICON_SETTING
07-05 01:33:14.869 22853 22853 D ViewRootImpl@9c63bab[MainActivity]: Relayout returned: old=[0,0][1280,720] new=[0,0][1280,720] result=0x3 surface={valid=true 505299877888} changed=false
07-05 01:33:14.873  3596 12931 I SampleTable: There are reordered frames present.
07-05 01:33:14.875  3598 22888 I BpMediaExtractor: Slow/Fast motion Video SEF Info = DEFAULT, playType = 1
07-05 01:33:14.876  3596 12931 I MPEG4Extractor: setSlowFastInfo, playType: 1
07-05 01:33:14.877  3598 22888 I AnotherPacketSource: setFormat() video
07-05 01:33:14.878  3598 22888 I AnotherPacketSource: setFormat() audio
07-05 01:33:14.879  3598 22886 V NuPlayer: updateVideoSize
07-05 01:33:14.879  3598 22886 V NuPlayer: Video input format 1280 x 720
07-05 01:33:14.879  3598 22886 V NuPlayer: Video display width and height are overridden to 1280 x 720
07-05 01:33:14.879  3598 22886 V NuPlayer: msg : 5, ext1 : 1280, ext2 : 720
07-05 01:33:14.879  3598 22886 D NuPlayerDriver: notifyListener_l(0xebc4b5a0), (5, 1280, 720, -1), loop setting(0, 0)
07-05 01:33:14.879  3596 12931 D MediaBufferGroup: creating MemoryDealer
07-05 01:33:14.879  3598 22886 V MediaPlayerService: [53] notify (5, 1280, 720)
07-05 01:33:14.879  3598 22886 V NuPlayer: onSourceNotify() kWhatFlagsChanged  FLAG_CAN_PAUSE: 1  FLAG_CAN_SEEK_BACKWARD: 1 
07-05 01:33:14.879  3598 22886 V NuPlayer: 				 FLAG_CAN_SEEK_FORWARD: 1  FLAG_CAN_SEEK: 1  FLAG_DYNAMIC_DURATION: 0 
07-05 01:33:14.879  3598 22886 V NuPlayer: 				 FLAG_SECURE: 0  FLAG_PROTECTED: 0
07-05 01:33:14.879 22853 22867 V MediaPlayerNative: message received msg=5, ext1=1280, ext2=720
07-05 01:33:14.879 22853 22867 V MediaPlayerNative: New video size 1280 x 720
07-05 01:33:14.879 22853 22867 V MediaPlayerNative: callback application
07-05 01:33:14.879 22853 22867 V MediaPlayerNative: back from callback
07-05 01:33:14.879  3596 12931 D MediaBufferGroup: creating MemoryDealer
07-05 01:33:14.880  3598 22888 I GenericSource: make VideoTrackReader
07-05 01:33:14.880  3598 22888 V NuPlayer: Source::notifyPrepared 0
07-05 01:33:14.880  3598 22886 V NuPlayer: NuPlayer::onSourceNotify Source::kWhatPrepared source: 0xea1b4180
07-05 01:33:14.880  3598 22886 V NuPlayer: extractMetadata Tracks : 2
07-05 01:33:14.881  3598 22886 V NuPlayer: frameRate 30
07-05 01:33:14.881  3598 22886 V NuPlayer: checkForIFrameInterval - kKeyIframeAvgInterval 2369035
07-05 01:33:14.881  3598 22886 V NuPlayer: checkForIFrameInterval - displayWidth 1280
07-05 01:33:14.881  3598 22886 V NuPlayer: checkForIFrameInterval - displayHeight 720
07-05 01:33:14.881  3598 22886 V NuPlayer: enableInbandTextFromExtr
07-05 01:33:14.882  3598 22886 V NuPlayerDriver: notifyPrepareCompleted 0
07-05 01:33:14.882  3598 22886 D NuPlayerDriver: notifyListener_l(0xebc4b5a0), (1, 0, 0, -1), loop setting(0, 0)
07-05 01:33:14.882  3598 22886 V MediaPlayerService: [53] notify (1, 0, 0)
07-05 01:33:14.882 22853 22867 V MediaPlayerNative: message received msg=1, ext1=0, ext2=0
07-05 01:33:14.882 22853 22867 V MediaPlayerNative: MediaPlayer::notify() prepared
07-05 01:33:14.882 22853 22867 V MediaPlayerNative: callback application
07-05 01:33:14.882 22853 22867 V MediaPlayerNative: back from callback
07-05 01:33:14.883  4342  4342 V Configuration:  needToUpdateOverlays
07-05 01:33:14.889  4342  4342 I chatty  : uid=10009(u0_a9) com.android.systemui identical 98 lines
07-05 01:33:14.891  4342  4342 V Configuration:  needToUpdateOverlays
07-05 01:33:14.893  3960  5784 V WindowManager: finishDrawingLocked: mDrawState=COMMIT_DRAW_PENDING Window{d227292 u0 x.intervalapp.displaytest/x.intervalapp.displaytest.MainActivity} in Surface(name=x.intervalapp.displaytest/x.intervalapp.displaytest.MainActivity)
07-05 01:33:14.894  4342  4832 D SystemServicesProxy: updateOverviewLastStackActiveTimeAsync: newTime=1688512646344
07-05 01:33:14.894 22853 22853 V InputMethodManager: Starting input: tba=android.view.inputmethod.EditorInfo@84bfe52 nm : x.intervalapp.displaytest ic=null
07-05 01:33:14.895  3960  4430 D SecContentProvider: query(), uri = 17 selection = isSettingsChangesAllowed
07-05 01:33:14.895  3960  4430 D SecContentProvider: called from android.uid.systemui:10009
07-05 01:33:14.896 22853 22853 V MediaPlayerNative: getVideoWidth
07-05 01:33:14.896 22853 22853 V MediaPlayer-JNI: getVideoWidth: 1280
07-05 01:33:14.896 22853 22853 V MediaPlayerNative: getVideoHeight
07-05 01:33:14.896  4342  4671 D SystemServicesProxy: updateOverviewLastStackActiveTimeAsync: done.
07-05 01:33:14.896 22853 22853 V MediaPlayer-JNI: getVideoHeight: 720
07-05 01:33:14.897 22853 22853 V MediaPlayerNative: invoke 68
07-05 01:33:14.897  3598  3598 I MediaPlayerService: Client::invoke requestID=1
07-05 01:33:14.897  3598  3598 V NuPlayer: getTrackInfo
07-05 01:33:14.897  3598 22886 W NuPlayer: no name
07-05 01:33:14.902 22853 22853 D MediaPlayerNative: getMetadata
07-05 01:33:14.903 22853 22853 V MediaPlayer-JNI: setVolume: left 0.000000  right 0.000000
07-05 01:33:14.903 22853 22853 V MediaPlayerNative: MediaPlayer::setVolume(0.000000, 0.000000)
07-05 01:33:14.903  3598  3598 V MediaPlayerService: [53] setVolume(0.000000, 0.000000)
07-05 01:33:14.903  3598  3598 V AudioSink: setVolume(0.000000, 0.000000)
07-05 01:33:14.903 22853 22853 V MediaPlayerNative: getVideoWidth
07-05 01:33:14.903 22853 22853 V MediaPlayer-JNI: getVideoWidth: 1280
07-05 01:33:14.903 22853 22853 V MediaPlayerNative: getVideoHeight
07-05 01:33:14.903 22853 22853 V MediaPlayer-JNI: getVideoHeight: 720
07-05 01:33:14.908  3960  4027 E WindowManager: Performed 6 layouts in a row. Skipping
07-05 01:33:14.911  4342  4342 D ViewRootImpl@7889592[AssistPreviewPanel]: setView = com.android.systemui.assist.AssistOrbContainer{3a65b63 G.E...... ......I. 0,0-0,0} TM=true MM=false
07-05 01:33:14.913 22853 22853 D SurfaceView: BG show() Surface(name=Background for - SurfaceView - x.intervalapp.displaytest/x.intervalapp.displaytest.MainActivity@42ae787@0) android.widget.VideoView{42ae787 VFE...... .F....I. 0,0-1280,678 #7f05004f app:id/videoView}
07-05 01:33:14.917  3960  4027 D ViewRootImpl@6e1e965[displaytest]: dispatchDetachedFromWindow
07-05 01:33:14.917  3960  4027 D InputEventReceiver: channel 'c6b563a Splash Screen x.intervalapp.displaytest (client)' ~ Disposing input event receiver.
07-05 01:33:14.917  3960  4027 D InputEventReceiver: channel 'c6b563a Splash Screen x.intervalapp.displaytest (client)' ~NativeInputEventReceiver.
07-05 01:33:14.917  4342  4699 D NetworkController.MobileSignalController(0/-2): getMobileIconGroup(): 0
07-05 01:33:14.917  4342  4832 D skia    : approximate: numPoints=3, lengths[2]=1.550599, totalLength=1.550599, segmentPoints[2]=[1.000000,0.000000]
07-05 01:33:14.917  4342  4832 D skia    : approximate: approximation[6]=1.000000, approximation[7]=1.000000, approximation[8]=0.000000
07-05 01:33:14.917  4342  4832 D skia    : approximate: numPoints=4, lengths[3]=1.552745, totalLength=1.552745, segmentPoints[3]=[1.000000,0.000000]
07-05 01:33:14.917  4342  4832 D skia    : approximate: approximation[9]=1.000000, approximation[10]=1.000000, approximation[11]=0.000000
07-05 01:33:14.918  4342  4832 D skia    : approximate: numPoints=19, lengths[18]=1.114354, totalLength=1.114354, segmentPoints[18]=[1.000000,0.150000]
07-05 01:33:14.918  4342  4832 D skia    : approximate: approximation[54]=1.000000, approximation[55]=1.000000, approximation[56]=0.150000
07-05 01:33:14.918  4342  4832 D skia    : approximate: numPoints=4, lengths[3]=1.162570, totalLength=1.162570, segmentPoints[3]=[1.000000,0.250000]
07-05 01:33:14.918  4342  4832 D skia    : approximate: approximation[9]=1.000000, approximation[10]=1.000000, approximation[11]=0.250000
07-05 01:33:14.919  4342  4699 D NetworkController: updateCarrierText : Emergency calls only, slotId = 0numberOfSim = 0 airplane = false
07-05 01:33:14.919  4342  4699 D NetworkController: updateCarrierText final  : Emergency calls only
07-05 01:33:14.920  3960  5784 D PackageManager: getComponentMetadataForIconTray : com.example.batterymanager_utility.MainActivity does not exist in mServices
07-05 01:33:14.920  3960  5784 D PackageManager: getComponentMetadataForIconTray : com.example.batterymanager_utility.MainActivity does not exist in mProviders
07-05 01:33:14.920  3960  5784 D PackageManager: getComponentMetadataForIconTray : com.example.batterymanager_utility.MainActivity does not exist in mReceivers
07-05 01:33:14.921  4342  4832 D ApplicationPackageManager: updateItemMetaDataForFixedIconScale: package: com.example.batterymanager_utility
07-05 01:33:14.921  3960  5784 D PackageManager: getSelectedMetaData : packageName(com.example.batterymanager_utility) or Metadata strings {[Ljava.lang.String;@f650cdb}
07-05 01:33:14.921  4342  4699 D NetworkController: updateCarrierText : Emergency calls only, slotId = 0numberOfSim = 0 airplane = false
07-05 01:33:14.921  4342  4832 I ApplicationPackageManager: load=com.example.batterymanager_utility, bg=144-144, dr=189-189, forDefault=true, density=0
07-05 01:33:14.922  4342  4699 D NetworkController: updateCarrierText final  : Emergency calls only
07-05 01:33:14.922  3960  4027 I WindowManager: Destroying surface Surface(name=Splash Screen x.intervalapp.displaytest) called by com.android.server.wm.WindowStateAnimator.destroySurface:2501 com.android.server.wm.WindowStateAnimator.destroySurfaceLocked:985 com.android.server.wm.WindowState.removeImmediately:2403 com.android.server.wm.WindowState.removeIfPossible:2602 com.android.server.wm.WindowState.removeIfPossible:2432 com.android.server.wm.WindowManagerService.removeWindow:2019 com.android.server.wm.Session.remove:237 android.view.ViewRootImpl.dispatchDetachedFromWindow:4057 
07-05 01:33:14.922  3446  3779 I SurfaceFlinger: id=404 Removed Splash Screen x.intervalapp.displaytest#0 (2/5)
07-05 01:33:14.923  3446  3779 I SurfaceFlinger: id=404 Removed Splash Screen x.intervalapp.displaytest#0 (-2/5)
07-05 01:33:14.924  4342  4832 I ApplicationPackageManager: scaled rate=0.72, size=189, alpha=54, hold=102
07-05 01:33:14.924  4342  4832 D ApplicationPackageManager: iconScale: getScale(): 0.72 getAlpha(): 54
07-05 01:33:14.926  4342  4832 I ApplicationPackageManager: load=com.example.batterymanager_utility-contain, bg=112-112, dr=189-189
07-05 01:33:14.926  3446  3446 I Layer   : id=404 onRemoved Splash Screen x.intervalapp.displaytest#0 
07-05 01:33:14.927 22853 22853 D SurfaceView: surfaceChanged (1280,720) 1 android.widget.VideoView{42ae787 VFE...... .F....I. 0,0-1280,678 #7f05004f app:id/videoView}
07-05 01:33:14.928  3960 13124 D AudioPlaybackMonitor: Found a new active media playback. ID:447 -- type:android.media.MediaPlayer -- u/pid:10167/22853 -- state:started -- attr:AudioAttributes: usage=1 content=3 flags=0x0 tags= bundle=null
07-05 01:33:14.931 22853 22853 V MediaPlayer-JNI: start
07-05 01:33:14.931 22853 22853 V MediaPlayerNative: start
07-05 01:33:14.932  3598  3598 V MediaPlayerService: [53] setLooping(0)
07-05 01:33:14.932  3598  3598 V MediaPlayerService: [53] setVolume(0.000000, 0.000000)
07-05 01:33:14.932  3598  3598 V AudioSink: setVolume(0.000000, 0.000000)
07-05 01:33:14.932  3598  8323 V MediaPlayerService: [53] setAuxEffectSendLevel(0.000000)
07-05 01:33:14.932  3598  8323 V AudioSink: setAuxEffectSendLevel(0.000000)
07-05 01:33:14.932  3598  3598 V MediaPlayerService: [53] start
07-05 01:33:14.932  3598  3598 V MediaPlayerService: getClientDuration
07-05 01:33:14.932  3598  3598 V MediaPlayerService: getDuration
07-05 01:33:14.932  3598  3598 V MediaPlayerService: [53] getDuration = 215637
07-05 01:33:14.932  3598  3598 D NuPlayerDriver: start(0xebc4b5a0), state is 4, eos is 0
07-05 01:33:14.932  3598 22886 V NuPlayer: kWhatStart
07-05 01:33:14.932  3598 22886 V NuPlayer: onStart: mCrypto: 0x0 (0)
07-05 01:33:14.932  3598 22886 I GenericSource: start
07-05 01:33:14.933  3446  3446 I SurfaceFlinger: Display 0 HWC layers:
07-05 01:33:14.933  3446  3446 I SurfaceFlinger:     type    |    handle    | flag |  format   |   source crop (l,t,r,b)    |         frame       | name 
07-05 01:33:14.933  3446  3446 I SurfaceFlinger: ------------+--------------+------+-----------+----------------------------+---------------------+------
07-05 01:33:14.933  3446  3446 I SurfaceFlinger:      Client |              | 0002 |  Unknown  |   0.0    0.0   -1.0   -1.0 |    0    0  678 1280 | Background for - SurfaceView - x.int[...]displaytest.MainActivity@42ae787@0#0
07-05 01:33:14.933  3446  3446 I SurfaceFlinger:      Device | 0x71a4024900 | 0000 | RGBA_8888 | 678.0    0.0  720.0 1280.0 |  678    0  720 1280 | x.intervalapp.displaytest/x.intervalapp.displaytest.MainActivity#0
07-05 01:33:14.933  3446  3446 I SurfaceFlinger:      Device | 0x719cb18500 | 0000 | RGBA_8888 |   0.0    0.0  720.0   42.0 |  678    0  720  720 | StatusBar#0
07-05 01:33:14.933  3446  3446 I SurfaceFlinger:      Device | 0x719efde480 | 0000 | RGBA_8888 |   0.0    0.0  720.0 1280.0 |    0    0  720 1280 | ScreenshotSurface#0
07-05 01:33:14.933  3446  3446 I SurfaceFlinger: 
07-05 01:33:14.933  3598 22886 V NuPlayer: checkOffloadExceptions : hasVideo is true, return false
07-05 01:33:14.933  3598 22886 V NuPlayer: checkOffloadExceptions is false, disable offload
07-05 01:33:14.933  3598 22886 I MediaClock: setPlaybackRate rate : 1.000000
07-05 01:33:14.933  3598 22892 I NuPlayerRenderer: onConfigPlayback
07-05 01:33:14.933  3598 22892 I MediaClock: setPlaybackRate rate : 1.000000
07-05 01:33:14.933  3598 22892 I MediaClock: setSpeedAjust mSASpeed (0), mMinClockModificationTimeUs (80000)
07-05 01:33:14.934  3960  3984 I ActivityManager: Displayed x.intervalapp.displaytest/.MainActivity: +786ms
07-05 01:33:14.935  3960  3984 D CustomFrequencyManagerService: acquireDVFSLockLocked : type : DVFS_MIN_LIMIT  frequency : 1560000  uid : 1000  pid : 3960  pkgName : AMS_RESUME_TAIL@CPU_MIN@27
07-05 01:33:14.936  3960  3984 D ActivityManagerPerformance: AMP_acquire() TAIL
07-05 01:33:14.936  3960  3984 D CustomFrequencyManagerService: releaseDVFSLockLocked : Getting Lock type frm List : DVFS_MIN_LIMIT  frequency : 1560000  uid : 1000  pid : 3960  tag : AMS_APP_SWITCH@CPU_MIN@21
07-05 01:33:14.936  3960  3984 D ActivityManagerPerformance: AMP_release() APP_SWITCH
07-05 01:33:14.945  3960 13124 D MediaSessionStack: updateMediaButtonSessionIfNeeded, callers=com.android.server.media.MediaSessionService$1.onAudioPlaybackStarted:189 com.android.server.media.AudioPlaybackMonitor.dispatchPlaybackConfigChange:127 
07-05 01:33:14.945  3960 13124 D AudioService: Sending DVFS message = MSG_SET_DVFS_FOR_SOUNDALIVE
07-05 01:33:14.945  3960  5784 V WindowManager: Relayout Window{d227292 u0 x.intervalapp.displaytest/x.intervalapp.displaytest.MainActivity}: viewVisibility=0 req=1280x720 WM.LayoutParams{(0,0)(fillxfill) sim=#20 ty=1 fl=#81810100 pfl=0x20000 fmt=-3 wanim=0x10302fd vsysui=0x600 needsMenuKey=2 colorMode=0 naviIconColor=0}
07-05 01:33:14.950 22853 22853 D ViewRootImpl@9c63bab[MainActivity]: Relayout returned: old=[0,0][1280,720] new=[0,0][1280,720] result=0x1 surface={valid=true 505299877888} changed=false
07-05 01:33:14.958  3598 22886 I NuPlayerRenderer: setVideoFrameRate fps : 30.000000
07-05 01:33:14.958  3598 22886 I NuPlayerRenderer: setDuration (215637333)
07-05 01:33:14.958  3598 22886 V NuPlayer: scanning sources haveAudio=0, haveVideo=0
07-05 01:33:14.958  3598 22886 V NuPlayer: make Decoder (video)
07-05 01:33:14.959  3598 22886 V NuPlayer: checkOffloadExceptions : hasVideo is true, return false
07-05 01:33:14.959  3598 22886 V NuPlayer: checkOffloadExceptions is false, disable offload
07-05 01:33:14.959  3598 22886 V NuPlayer: make Decoder (audio)
07-05 01:33:14.960  3598 22886 V NuPlayer: instantiateDecoder audio Decoder
07-05 01:33:14.960  3598 22893 I ACodec  :  [] Now uninitialized
07-05 01:33:14.961  3598 22897 I ACodec  : [] onAllocateComponent
07-05 01:33:14.961  3598 22895 I ACodec  :  [] Now uninitialized
07-05 01:33:14.962  3598 22896 I ACodec  : [] onAllocateComponent
07-05 01:33:14.964  4342  4342 D ViewRootImpl@643b951[DockedStackDivider]: setView = com.android.systemui.stackdivider.DividerView{2f2c5b6 I.E...... ......I. 0,0-0,0} TM=true MM=false
07-05 01:33:14.964  3598 22896 I OMXClient: Treble IOmx obtained
07-05 01:33:14.964  3598 22897 I OMXClient: Treble IOmx obtained
07-05 01:33:14.964  3598 22897 I ACodec  : Set Google AAC Dec for aacProfile 0
07-05 01:33:14.964  3611  3704 I OMXMaster: makeComponentInstance(OMX.Exynos.avc.dec) in omx@1.0-service process
07-05 01:33:14.965  4342  4342 D ViewRootImpl@b87de88[DividerButtonsGroup]: dispatchDetachedFromWindow
07-05 01:33:14.966  4342  4342 D InputEventReceiver: channel 'e2f2e46 DividerButtonsGroup (client)' ~ Disposing input event receiver.
07-05 01:33:14.966  4342  4342 D InputEventReceiver: channel 'e2f2e46 DividerButtonsGroup (client)' ~NativeInputEventReceiver.
07-05 01:33:14.974  3611  3704 I vndksupport: sphal namespace is not configured for this process. Loading /vendor/lib/hw/gralloc.exynos5.so from the current namespace instead.
07-05 01:33:14.976  3611  3704 D libexynosv4l2: try node: /dev/video6
07-05 01:33:14.976  3611  3704 I libexynosv4l2: node found for device s5p-mfc-dec: /dev/video6
07-05 01:33:14.978  4342  4342 D ViewRootImpl@4334189[DividerButtonsGroup]: setView = com.android.systemui.stackdivider.DividerButtonsGroup{c0d58e I.E...... ......I. 0,0-0,0} TM=true MM=false
07-05 01:33:14.978  4342  4342 D ImageWallpaper: engine visible:false
07-05 01:33:14.978  4342  4342 D ImageWallpaper: onConfigurationChanged:2
07-05 01:33:14.978  4342  4342 D ImageWallpaper: deviceWidth=1280 deviceHeight=720 displayWidth=1280 displayHeight=720 backgroundWidth=1280 backgroundHeight=1280 surfaceWidth=1280 surfaceHeight=1280 tiltEnabled=false lastRequestedWidth=1280 lastRequestedHeight=1280
07-05 01:33:14.982  4342  4342 D KeyguardUpdateMonitor: received broadcast android.intent.action.CONFIGURATION_CHANGED
07-05 01:33:15.000  4342  4342 D ViewRootImpl@406c92a[StatusBar]: MSG_RESIZED_REPORT: frame=Rect(0, 0 - 1280, 42) ci=Rect(0, 0 - 0, 0) vi=Rect(0, 0 - 0, 0) or=2
07-05 01:33:15.000  3611  3704 I libexynosv4l2: open video device /dev/video6
07-05 01:33:15.002  3611  3711 I OMXMaster: makeComponentInstance(OMX.SEC.aac.dec) in omx@1.0-service process
07-05 01:33:15.002  3598 22897 I ACodec  : [OMX.Exynos.avc.dec] Now Loaded
07-05 01:33:15.003  3598 22893 D SurfaceUtils: disconnecting from surface 0xebc53808, reason onConfigure
07-05 01:33:15.003  4342  4342 D MetadataParser: onConfigurationChanged()
07-05 01:33:15.003  3598 22894 D SurfaceUtils: connecting to surface 0xebc53808, reason connectToSurface
07-05 01:33:15.004  3598 22894 I MediaCodec: [OMX.Exynos.avc.dec] setting surface generation to 3684402
07-05 01:33:15.004  3598 22894 D SurfaceUtils: disconnecting from surface 0xebc53808, reason connectToSurface(reconnect)
07-05 01:33:15.004  3598 22894 D SurfaceUtils: connecting to surface 0xebc53808, reason connectToSurface(reconnect)
07-05 01:33:15.005  3598 22894 I ResourceManagerService: ResourceManagerService checkCodecCapacity pid 22853 clientId 3955531648 useExtended 0 
07-05 01:33:15.005  3598 22897 I ACodec  : can't find wfdsink-exynos-enable
07-05 01:33:15.007  3960  5784 D SecContentProvider: query(), uri = 17 selection = isSettingsChangesAllowed
07-05 01:33:15.007  3611  3704 E OMXNodeInstance: setConfig(0xeb323860:Exynos.avc.dec, ConfigPriority(0x6f800002)) ERROR: UnsupportedIndex(0x8000101a)
07-05 01:33:15.007  3598 22897 I ACodec  : codec does not support config priority (err -1010)
07-05 01:33:15.007  3960  5784 D SecContentProvider: called from android.uid.systemui:10009
07-05 01:33:15.008  3611  3704 E OMXNodeInstance: getConfig(0xeb323860:Exynos.avc.dec, ConfigCommonOutputCrop(0x700000f)) ERROR: NotReady(0x80001010)
07-05 01:33:15.009  3960  5784 D SecContentProvider: query(), uri = 17 selection = isSettingsChangesAllowed
07-05 01:33:15.009  5320  5320 V Configuration:  needToUpdateOverlays
07-05 01:33:15.009  3960  5784 I chatty  : uid=1000(system) Binder:3960_10 identical 1 line
07-05 01:33:15.010  3598 22894 I MediaCodec: MediaCodec will operate in async mode
07-05 01:33:15.011  3611 22899 I EXYNOS_BASE_COMP: [0xead7a000][Exynos_OMX_ComponentStateSet] current:(OMX_StateLoaded) dest:(OMX_StateIdle)
07-05 01:33:15.011  3598 22897 I ACodec  : [OMX.Exynos.avc.dec] Now Loaded->Idle
07-05 01:33:15.013  3611 22899 D libexynosv4l2: try node: /dev/video6
07-05 01:33:15.014  3611 22899 I libexynosv4l2: node found for device s5p-mfc-dec: /dev/video6
07-05 01:33:15.015  3960  5784 D SecContentProvider: query(), uri = 17 selection = isSettingsChangesAllowed
07-05 01:33:15.015  3598 22896 I ACodec  : [OMX.SEC.aac.dec] Now Loaded
07-05 01:33:15.016  3420  3420 W /system/bin/hw/android.hidl.allocator@1.0-service: ashmem_create_region(1572864) returning hidl_memory(0x7868c2c500, 1572864)
07-05 01:33:15.018  3960  5784 D SecContentProvider: called from android.uid.systemui:10009
07-05 01:33:15.021  3420  3420 W /system/bin/hw/android.hidl.allocator@1.0-service: ashmem_create_region(1572864) returning hidl_memory(0x7868c2c500, 1572864)
07-05 01:33:15.023  3611  3711 E OMXNodeInstance: getConfig(0xeafcd420:SEC.aac.dec, ConfigAndroidVendorExtension(0x6f100004)) ERROR: UnsupportedIndex(0x8000101a)
07-05 01:33:15.024  3598 22896 I MediaCodec: MediaCodec will operate in async mode
07-05 01:33:15.024  3420  3420 W /system/bin/hw/android.hidl.allocator@1.0-service: ashmem_create_region(1572864) returning hidl_memory(0x7868c2c500, 1572864)
07-05 01:33:15.025  3598 22896 I ACodec  : [OMX.SEC.aac.dec] Now Loaded->Idle
07-05 01:33:15.027  3420  3420 W /system/bin/hw/android.hidl.allocator@1.0-service: ashmem_create_region(1572864) returning hidl_memory(0x7868c2c500, 1572864)
07-05 01:33:15.031  3420  3420 I chatty  : uid=1000(system) allocator@1.0-s identical 3 lines
07-05 01:33:15.032  3420  3420 W /system/bin/hw/android.hidl.allocator@1.0-service: ashmem_create_region(1572864) returning hidl_memory(0x7868c2c500, 1572864)
07-05 01:33:15.033  3598 22897 D SurfaceUtils: set up nativeWindow 0xebc53808 for 1280x720, color 0x121, rotation 0, usage 0x2900
07-05 01:33:15.033  3420  3420 W /system/bin/hw/android.hidl.allocator@1.0-service: ashmem_create_region(1572864) returning hidl_memory(0x7868c2c500, 1572864)
07-05 01:33:15.034  3611 22899 I libexynosv4l2: open video device /dev/video6
07-05 01:33:15.034  3598 22897 I ACodec  : [OMX.Exynos.avc.dec] configureOutputBuffersFromNativeWindow setBufferCount : 8, minUndequeuedBuffers : 4
07-05 01:33:15.034  3420  3420 W /system/bin/hw/android.hidl.allocator@1.0-service: ashmem_create_region(1572864) returning hidl_memory(0x7868c2c500, 1572864)
07-05 01:33:15.035  3611 22899 I EXYNOS_BASE_COMP: [0xead7a000][Exynos_OMX_EventHandler] OMX_EventCmdComplete(OMX_StateIdle)
07-05 01:33:15.036  3598 22894 I ResourceManagerService: addMediaInfo -(PID : 22853, clientID : 3955531648)
07-05 01:33:15.036  4342  4342 D ViewRootImpl@8229e35[AssistPreviewPanel]: dispatchDetachedFromWindow
07-05 01:33:15.036  3611 22899 I EXYNOS_BASE_COMP: [0xead7a000][Exynos_OMX_ComponentStateSet] current:(OMX_StateIdle) dest:(OMX_StateExecuting)
07-05 01:33:15.036  3598 22894 I ResourceManagerService: MediaInfo add 921600 (width 1280 height 720) remained 7545600
07-05 01:33:15.036  4342  4342 D InputEventReceiver: channel 'acc86e9 AssistPreviewPanel (client)' ~ Disposing input event receiver.
07-05 01:33:15.036  3598 22894 I ResourceManagerService: getMediaResourceInfo resourceType : 2, size : 1
07-05 01:33:15.036  3611 22899 I EXYNOS_BASE_COMP: [0xead7a000][Exynos_OMX_ComponentStateSet] OMX_EventCmdComplete(OMX_StateExecuting)
07-05 01:33:15.036  4342  4342 D InputEventReceiver: channel 'acc86e9 AssistPreviewPanel (client)' ~NativeInputEventReceiver.
07-05 01:33:15.036  3598 22894 I ResourceManagerService: getMediaResourceInfo (PID : 22853, clientID : 3955531648, non-secure-codec/video-codec:1, 1280x720(fps:30) - SoftCodec : No, Encorder : No)
07-05 01:33:15.036  3960  5784 V ResourceManagerHelper-JNI: JNIMediaResourceHelper::notify eventType : 1, ext1 : 0, ext2 : 0
07-05 01:33:15.036  3420  3420 W /system/bin/hw/android.hidl.allocator@1.0-service: ashmem_create_region(24576) returning hidl_memory(0x7868c2c500, 24576)
07-05 01:33:15.036  3598 22897 I ACodec  : [OMX.Exynos.avc.dec] Now Idle->Executing
07-05 01:33:15.036  3960  5784 V ResourceManagerHelper-JNI: notify eventType : 1, ext1 : 0, ext2 : 0
07-05 01:33:15.037  3960  5784 I SemMediaResourceHelper: makeMediaResourceInfo mOwnResourceEventExcluded : false, mPid : 3960
07-05 01:33:15.037  3960  5784 I SemMediaResourceHelper: [1] makeMediaResourceInfo resourceType : 2 isSecured : false, pid : 22853, client id : 3955531648
07-05 01:33:15.037  3598 22897 I ACodec  : [OMX.Exynos.avc.dec] Now Executing
07-05 01:33:15.037  3960  6789 I SemMediaResourceHelper: onAdd
07-05 01:33:15.037  3960  6789 I DrmMediaResourceHelper: onAdd size = 1
07-05 01:33:15.039  3420  3420 W /system/bin/hw/android.hidl.allocator@1.0-service: ashmem_create_region(24576) returning hidl_memory(0x7868c2c500, 24576)
07-05 01:33:15.041  3420  3420 I chatty  : uid=1000(system) allocator@1.0-s identical 3 lines
07-05 01:33:15.042  3420  3420 W /system/bin/hw/android.hidl.allocator@1.0-service: ashmem_create_region(24576) returning hidl_memory(0x7868c2c500, 24576)
07-05 01:33:15.042  4342  4342 D ViewRootImpl@7889592[AssistPreviewPanel]: dispatchAttachedToWindow
07-05 01:33:15.043  3611 22905 I vndksupport: sphal namespace is not configured for this process. Loading /vendor/lib/hw/gralloc.exynos5.so from the current namespace instead.
07-05 01:33:15.043  3611 22906 D ExynosVideoDecoder: MFC_Decoder_ExtensionEnqueue_Inbuf: DATA with flags(0x20000000)
07-05 01:33:15.044  3420  3420 W /system/bin/hw/android.hidl.allocator@1.0-service: ashmem_create_region(24576) returning hidl_memory(0x7868c2c500, 24576)
07-05 01:33:15.044  3960 13124 V WindowManager: Relayout Window{665c1ea u0 AssistPreviewPanel}: viewVisibility=8 req=1279x438 WM.LayoutParams{(0,0)(fillx438) gr=#800053 sim=#31 ty=2033 fl=#1000118 fmt=-3 vsysui=0x700 colorMode=0 naviIconColor=0}
07-05 01:33:15.045  3420  3420 I chatty  : uid=1000(system) allocator@1.0-s identical 1 line
07-05 01:33:15.045  3420  3420 W /system/bin/hw/android.hidl.allocator@1.0-service: ashmem_create_region(24576) returning hidl_memory(0x7868c2c500, 24576)
07-05 01:33:15.049  4342  4342 D ViewRootImpl@7889592[AssistPreviewPanel]: Relayout returned: old=[0,0][0,0] new=[0,720][1280,720] result=0x1 surface={valid=false 0} changed=false
07-05 01:33:15.050  3611 22901 I SEC_BASE_COMP: SEC_OMX_ComponentStateSet: Cur(1) -> Dest(2)
07-05 01:33:15.050  3598 22896 I ACodec  : [OMX.SEC.aac.dec] Now Idle->Executing
07-05 01:33:15.050  3611 22901 I SEC_BASE_COMP: SEC_OMX_ComponentStateSet: Cur(2) -> Dest(3)
07-05 01:33:15.052  3598 22896 I ACodec  : [OMX.SEC.aac.dec] Now Executing
07-05 01:33:15.053  3611 22908 I SEC_AAC_DEC:  AudioSpecificConfig 0x 11 90
07-05 01:33:15.053  3611 22899 I EXYNOS_BASE_PORT: [0xead7a000][Exynos_OMX_PortDisableProcess] Before disabling output port, do flush
07-05 01:33:15.055  3611 22899 I vndksupport: sphal namespace is not configured for this process. Loading /vendor/lib/hw/gralloc.exynos5.so from the current namespace instead.
07-05 01:33:15.056  3598 22897 I ACodec  : [OMX.Exynos.avc.dec] Now handling output port settings change
07-05 01:33:15.057  3611 22899 I EXYNOS_BASE_PORT: [0xead7a000][Exynos_OMX_PortDisableProcess] Disable output Port
07-05 01:33:15.058  3611 22908 I SEC_AAC_DEC:  AudioSpecificConfig 0x 11 90
07-05 01:33:15.058  3611 22906 D ExynosVideoDecoder: MFC_Decoder_ExtensionEnqueue_Inbuf: DATA with flags(0x20000000)
07-05 01:33:15.059  3611 22899 I EXYNOS_BASE_PORT: [0xead7a000][Exynos_OMX_PortEnableProcess] Enable output Port
07-05 01:33:15.059  3611 22906 D ExynosVideoDecoder: MFC_Decoder_ExtensionEnqueue_Inbuf: DATA with flags(0x20000000)
07-05 01:33:15.060  3598 22892 I NuPlayerRenderer: openAudioSink: offloadOnly(0) offloadingAudio(0)
07-05 01:33:15.060  3598 22892 I NuPlayerRenderer: openAudioSink: open AudioSink in NON-offload mode audioFormat : 1, flags : 8
07-05 01:33:15.060  3598 22892 V AudioSink: +++ close
07-05 01:33:15.060  3598 22892 V AudioSink: --- close
07-05 01:33:15.060  3598 22892 I NuPlayerRenderer: checkAudioSinkPcmMsSetting 500
07-05 01:33:15.060  3598 22892 V AudioSink: setPlaybackRate(1.000000 1.000000 0 0)
07-05 01:33:15.060  3598 22892 V AudioSink: open(48000, 2, 0x0, 0x1, 0, 433 0x8)
07-05 01:33:15.060  3598 22897 D SurfaceUtils: set up nativeWindow 0xebc53808 for 1280x720, color 0x121, rotation 0, usage 0x2900
07-05 01:33:15.061  3585  3585 V APM_AudioPolicyManager: getOutput() device 2, stream 3, samplingRate 0, format 0, channelMask 3, flags 0
07-05 01:33:15.061  3585  3585 V APM_AudioPolicyManager: selectOutput() commonFlags for output 13, 0000
07-05 01:33:15.061  3585  3585 V APM_AudioPolicyManager: selectOutput() commonFlags for output 21, 0000
07-05 01:33:15.061  3585  3585 V APM_AudioPolicyManager:   getOutputForDevice() returns output 13
07-05 01:33:15.062  3585  8142 V APM_AudioPolicyManager: getOutput() device 2, stream 3, samplingRate 0, format 0, channelMask 3, flags 0
07-05 01:33:15.062  3585  8142 V APM_AudioPolicyManager: selectOutput() commonFlags for output 13, 0000
07-05 01:33:15.062  3585  8142 V APM_AudioPolicyManager: selectOutput() commonFlags for output 21, 0000
07-05 01:33:15.062  3585  8142 V APM_AudioPolicyManager:   getOutputForDevice() returns output 13
07-05 01:33:15.062  3598 22892 V AudioSink: no track available to recycle
07-05 01:33:15.062  3598 22892 V AudioSink: creating new AudioTrack
07-05 01:33:15.062  3585  3585 V APM_AudioPolicyManager: getOutputForAttr() usage=1, content=3, tag= flags=00000000 session 433 selectedDeviceId 0
07-05 01:33:15.062  3585  3585 D APM::SoundKitchen: getDevice, uid = 10167, device = 0
07-05 01:33:15.062  3585  3585 V APM_AudioPolicyManager: getOutputForAttr() device 0x2, samplingRate 48000, format 1, channelMask 3, flags 1000008
07-05 01:33:15.062  3585  3585 V APM_AudioPolicyManager: selectOutput() commonFlags for output 13, 0001
07-05 01:33:15.062  3585  3585 V APM_AudioPolicyManager:   getOutputForDevice() returns output 13
07-05 01:33:15.063  3598 22897 I ACodec  : [OMX.Exynos.avc.dec] configureOutputBuffersFromNativeWindow setBufferCount : 15, minUndequeuedBuffers : 4
07-05 01:33:15.064  3585  3585 I AudioFlinger: track setMixerOutFormat 1
07-05 01:33:15.065  3611 22899 I EXYNOS_BASE_COMP: [0xead7a000][Exynos_OMX_EventHandler] OMX_EventCmdComplete(Enable/output port)
07-05 01:33:15.066  3598 22892 D AudioTrack: Client defaulted notificationFrames to 12000 for frameCount 24000
07-05 01:33:15.066  3598 22892 V AudioSink: deleteRecycledTrack_l
07-05 01:33:15.066  3598 22892 V AudioSink: setVolume
07-05 01:33:15.066  3598 22892 V AudioSink: updateTrack() DONE status 0
07-05 01:33:15.066  3598 22892 V AudioSink: start
07-05 01:33:15.066  3598 22892 I AudioTrack: This process already got info. FadeIn[0] FadeOut[0] FadeInRing[0]
07-05 01:33:15.070  3598 22897 I ACodec  : [OMX.Exynos.avc.dec] Now Executing
07-05 01:33:15.070  3420  3420 W /system/bin/hw/android.hidl.allocator@1.0-service: ashmem_create_region(3840) returning hidl_memory(0x7868c2c500, 3840)
07-05 01:33:15.072  3960 13124 V WindowManager: Relayout Window{34e6663 u0 StatusBar}: viewVisibility=0 req=1280x42 WM.LayoutParams{(0,0)(fillx42) gr=#30 sim=#10 ty=2000 fl=#81840048 fmt=-3 vsysui=0x600 colorMode=0 naviIconColor=0}
07-05 01:33:15.073  3420  3420 W /system/bin/hw/android.hidl.allocator@1.0-service: ashmem_create_region(3840) returning hidl_memory(0x7868c2c500, 3840)
07-05 01:33:15.074  3422  3422 D MySpaceEffect: MySpace EffectCreate start - session 433
07-05 01:33:15.074  3422  3422 D MySpaceEffect: MS EffectCreate - Allocating SessionNo 0 for SessionId 433
07-05 01:33:15.074  3422  3422 D MySpaceEffect: MS EffectCreate - This is the first effect in current sessionId 433 sessionNo 0
07-05 01:33:15.074  3422  3422 D MySpaceEffect: MySpaceEffect::MySpaceEffect ctor
07-05 01:33:15.076  3422  3422 D MySpace : MySpace::Init, mSampleRate = 48000
07-05 01:33:15.076  3422  3422 I MySpace : SoundAlive_3DPosisiton_Factory Create
07-05 01:33:15.078  3422  3422 D MySpace : MySpace Initialize mPreset = 0
07-05 01:33:15.079  3422  3422 I MySpace : MySpace setDevice 2, 0
07-05 01:33:15.081  3585  3585 V APM_AudioPolicyManager: startOutput() output 13, stream 3, session 433
07-05 01:33:15.081  3585  3585 D APM::SoundKitchen: getDevice, uid = 10167, device = 0
07-05 01:33:15.081  3585  3585 D APM_AudioPolicyManager: newDevice=0
07-05 01:33:15.081  3585  3585 V APM_AudioPolicyManager: setBeaconMute(1) mBeaconMuteRefCount=1 mBeaconPlayingRefCount=0
07-05 01:33:15.081  3585  3585 V APM_AudioPolicyManager: selectOutputForMusicEffects activeOnly 1 outputs[0] flags 0x0000000a
07-05 01:33:15.081  3585  3585 V APM_AudioPolicyManager: selectOutputForMusicEffects selected output 13
07-05 01:33:15.081  3598 22886 V NuPlayer: updateVideoSize
07-05 01:33:15.081  3598 22886 V NuPlayer: Video output format changed to 1280 x 720 (crop: 1280 x 720 @ (0, 0))
07-05 01:33:15.081  3598 22886 V NuPlayer: Video display width and height are overridden to 1280 x 720
07-05 01:33:15.081  3598 22886 I NuPlayer: Create new Converter
07-05 01:33:15.081  3598 22886 I SecImageExtractor: construct
07-05 01:33:15.081  3598 22886 I SecImageExtractor: setColorType(0x121)
07-05 01:33:15.081  3598 22886 I SLSIColorType: S.LSI_NV12M construct
07-05 01:33:15.081  3598 22886 I SecImageYCbCrMapper: constuct
07-05 01:33:15.081  3598 22886 V NuPlayer: updateVideoSize- useHardwareCodec
07-05 01:33:15.082  3598 22886 V NuPlayer: msg : 5, ext1 : 1280, ext2 : 720
07-05 01:33:15.082  3598 22886 D NuPlayerDriver: notifyListener_l(0xebc4b5a0), (5, 1280, 720, -1), loop setting(0, 0)
07-05 01:33:15.082  4342  4342 D ViewRootImpl@406c92a[StatusBar]: Relayout returned: old=[0,0][1280,42] new=[0,0][1280,42] result=0x23 surface={valid=true 505023340544} changed=false
07-05 01:33:15.082  3598 22886 V MediaPlayerService: [53] notify (5, 1280, 720)
07-05 01:33:15.082 22853 22867 V MediaPlayerNative: message received msg=5, ext1=1280, ext2=720
07-05 01:33:15.082 22853 22867 V MediaPlayerNative: New video size 1280 x 720
07-05 01:33:15.082 22853 22867 V MediaPlayerNative: callback application
07-05 01:33:15.082 22853 22867 V MediaPlayerNative: back from callback
07-05 01:33:15.082 22853 22853 V MediaPlayerNative: getVideoWidth
07-05 01:33:15.082 22853 22853 V MediaPlayer-JNI: getVideoWidth: 1280
07-05 01:33:15.082 22853 22853 V MediaPlayerNative: getVideoHeight
07-05 01:33:15.082 22853 22853 V MediaPlayer-JNI: getVideoHeight: 720
07-05 01:33:15.082  3585  3585 V APM_AudioPolicyManager: getNewOutputDevice() selected device 2
07-05 01:33:15.083  3585  3585 V APM_AudioPolicyManager: setOutputDevice() device 0002 delayMs 0
07-05 01:33:15.083  3585  3585 V APM_AudioPolicyManager: setOutputDevice() prevDevice 0x0002
07-05 01:33:15.083  3585  3585 V APM_AudioPolicyManager: setOutputDevice() setting same device 0x0002 or null device
07-05 01:33:15.083  3585  3585 I AudioFlinger: track setMixerOutFormat 1
07-05 01:33:15.083  3585  3585 I AudioEffectStage: getStageIndex primary_output_sub1_normal
07-05 01:33:15.083  3585  3585 I AudioFlinger: updateStageIndex prev 0, new -1302
07-05 01:33:15.083  3585  3585 I AudioEffectStage: getSinkBuffer primary_output_sub1_normal
07-05 01:33:15.085  4342  4724 D OpenGLRenderer: eglDestroySurface = 0x7590774280
07-05 01:33:15.086  3420  3420 W /system/bin/hw/android.hidl.allocator@1.0-service: ashmem_create_region(3840) returning hidl_memory(0x7868c2c500, 3840)
07-05 01:33:15.087  4342  4724 D mali_winsys: EGLint new_window_surface(egl_winsys_display *, void *, EGLSurface, EGLConfig, egl_winsys_surface **, egl_color_buffer_format *, EGLBoolean) returns 0x3000,  [1280x42]-format:1
07-05 01:33:15.087  4342  4724 D OpenGLRenderer: eglCreateWindowSurface = 0x75a638c500
07-05 01:33:15.088  3598 22892 I MediaClock: setThreshold mThresholdTimeUsForAnchor(500000), mMinClockModificationTimeUs(40000), mMaxCorrectionTimeUs(30000)
07-05 01:33:15.088  3598 22892 I NuPlayerRenderer: onAudioSinkChanged() getPosition : 0
07-05 01:33:15.089  3598 22892 I MediaClock: setPlaybackRate rate : 0.000000
07-05 01:33:15.089  3598 22892 I NuPlayerRenderer: onDrainAudioQueue() send kWhatPollingAudioStarted audio_out : 0
07-05 01:33:15.089  3598 22892 I NuPlayerRenderer: setAudioFirstAnchorTime mAudioFirstAnchorTimeMediaUs : -1, new mediaTimeUs : 0
07-05 01:33:15.089  3598 22886 V NuPlayer: media rendering started
07-05 01:33:15.089  3598 22886 V NuPlayer: msg : 6, ext1 : 0, ext2 : 0
07-05 01:33:15.089  3598 22886 D NuPlayerDriver: notifyListener_l(0xebc4b5a0), (6, 0, 0, -1), loop setting(0, 0)
07-05 01:33:15.089  3598 22886 V MediaPlayerService: [53] notify (6, 0, 0)
07-05 01:33:15.089  3598 22886 V NuPlayer: setDecoderBooster enable = No
07-05 01:33:15.089 22853 22867 V MediaPlayerNative: message received msg=6, ext1=0, ext2=0
07-05 01:33:15.089  3598 22886 I NuPlayer: MEDIA_INFO_RENDERING_START
07-05 01:33:15.089 22853 22867 V MediaPlayerNative: unrecognized message: (6, 0, 0)
07-05 01:33:15.089 22853 22867 V MediaPlayerNative: callback application
07-05 01:33:15.089  3598 22886 V NuPlayer: msg : 200, ext1 : 3, ext2 : 0
07-05 01:33:15.089  3598 22886 D NuPlayerDriver: notifyListener_l(0xebc4b5a0), (200, 3, 0, -1), loop setting(0, 0)
07-05 01:33:15.089  3598 22886 V MediaPlayerService: [53] notify (200, 3, 0)
07-05 01:33:15.089 22853 22867 V MediaPlayerNative: back from callback
07-05 01:33:15.090 22853 22867 V MediaPlayerNative: message received msg=200, ext1=3, ext2=0
07-05 01:33:15.090 22853 22867 W MediaPlayerNative: info/warning (3, 0)
07-05 01:33:15.090 22853 22867 V MediaPlayerNative: callback application
07-05 01:33:15.090 22853 22867 V MediaPlayerNative: back from callback
07-05 01:33:15.090  4342  4342 D ScrollView:  onsize change changed 
07-05 01:33:15.093  3422 12132 D audio_hw_primary_abox: primary_out-set_audio_route: [PLAYBACK] current-device(none) new-device(speaker) in cur-mode(none) & new-mode(normal)!
07-05 01:33:15.093  3422 12132 I audio_route: > audio_route_apply_path : "media-speaker"
07-05 01:33:15.093  3422 12132 I audio_route: > audio_route_update_path : "media-speaker" reverse(0)
07-05 01:33:15.094  3422 12132 D audio_hw_primary_abox: primary_out-do_set_route: Enabled Audio Route(media-speaker)
07-05 01:33:15.094  3422 12132 I audio_route: > audio_route_apply_path : "gain-media-speaker"
07-05 01:33:15.094  3422 12132 I audio_route: > audio_route_update_path : "gain-media-speaker" reverse(0)
07-05 01:33:15.094  3422 12132 D audio_hw_primary_abox: primary_out-do_set_route: Enabled Audio Gain(gain-media-speaker)
07-05 01:33:15.096  3422 12132 I audio_hw_primary_abox: [do_open_spkamp_stream] Opened PCM Device(/dev/snd/pcmC0D7p) configured Info: Channels(2)  Smapling Rate(48000), Format: Default(0)
07-05 01:33:15.099 22853 22853 V MediaPlayer-JNI: getCurrentPosition: 67 (msec)
07-05 01:33:15.100  3422 12132 I audio_hw_primary_abox: [do_open_spkamp_stream] Opened PCM Device(/dev/snd/pcmC0D11c) configured Info: Channels(2)  Smapling Rate(48000), Format: Default(0)
07-05 01:33:15.103  5320  5320 V Configuration:  needToUpdateOverlays
07-05 01:33:15.103  5320  5320 I chatty  : uid=10074(u0_a74) com.sec.android.app.launcher identical 2 lines
07-05 01:33:15.103  5320  5320 V Configuration:  needToUpdateOverlays
07-05 01:33:15.103  3422 12132 I audio_hw_primary_abox: [do_open_spkamp_stream] Opened PCM Device(/dev/snd/pcmC0D12c) configured Info: Channels(2)  Smapling Rate(48000), Format: Default(0)
07-05 01:33:15.107  5320  5320 V Configuration:  needToUpdateOverlays
07-05 01:33:15.114  3446  3446 I SurfaceFlinger: Display 0 HWC layers:
07-05 01:33:15.114  3446  3446 I SurfaceFlinger:     type    |    handle    | flag |  format   |   source crop (l,t,r,b)    |         frame       | name 
07-05 01:33:15.114  3446  3446 I SurfaceFlinger: ------------+--------------+------+-----------+----------------------------+---------------------+------
07-05 01:33:15.114  3446  3446 I SurfaceFlinger:      Device | 0x71a4024b40 | 0002 | 0x0000121 |   0.0    0.0 1280.0  720.0 |    0    0  678 1280 | SurfaceView - x.intervalapp.displayt[...]displaytest.MainActivity@42ae787@0#0
07-05 01:33:15.114  3446  3446 I SurfaceFlinger:      Device | 0x71a40243c0 | 0000 | RGBA_8888 | 678.0    0.0  720.0 1280.0 |  678    0  720 1280 | x.intervalapp.displaytest/x.intervalapp.displaytest.MainActivity#0
07-05 01:33:15.114  3446  3446 I SurfaceFlinger:      Device | 0x719cb18500 | 0000 | RGBA_8888 |   0.0    0.0  720.0   42.0 |  678    0  720  720 | StatusBar#0
07-05 01:33:15.114  3446  3446 I SurfaceFlinger:      Device | 0x719efde480 | 0000 | RGBA_8888 |   0.0    0.0  720.0 1280.0 |    0    0  720 1280 | ScreenshotSurface#0
07-05 01:33:15.114  3446  3446 I SurfaceFlinger: 
07-05 01:33:15.114  3960 13124 V WindowManager: finishDrawingLocked: mDrawState=COMMIT_DRAW_PENDING Window{34e6663 u0 StatusBar} in Surface(name=StatusBar)
07-05 01:33:15.114  4342  4342 D ViewRootImpl@643b951[DockedStackDivider]: dispatchAttachedToWindow
07-05 01:33:15.117  3960 13124 V WindowManager: Relayout Window{5d612b6 u0 DockedStackDivider}: viewVisibility=4 req=84x677 WM.LayoutParams{(0,0)(84xfill) sim=#20 ty=2034 fl=#21840028 pfl=0x40 fmt=-3 vsysui=0x700 colorMode=0 naviIconColor=0}
07-05 01:33:15.120  4342  4342 D ViewRootImpl@643b951[DockedStackDivider]: Relayout returned: old=[0,0][0,0] new=[0,0][0,0] result=0x1 surface={valid=false 0} changed=false
07-05 01:33:15.123  3960  4062 D MdnieScenarioControlService:  packageName : x.intervalapp.displaytest    className : x.intervalapp.displaytest.MainActivity
07-05 01:33:15.123  3960  4062 V MdnieScenarioControlService: setUIMode from UI function(3)
07-05 01:33:15.128  4342  4342 D ViewRootImpl@4334189[DividerButtonsGroup]: dispatchAttachedToWindow
07-05 01:33:15.128  3960  4027 I WindowManager: Screen frozen for +940ms due to Window{34e6663 u0 StatusBar}
07-05 01:33:15.131  3446  3446 I SurfaceFlinger: id=409 createSurf (1440x1280),-1 flag=20004, BlackSurface#0
07-05 01:33:15.133  3446  3446 I SurfaceFlinger: id=410 createSurf (720x2560),-1 flag=20004, BlackSurface#0
07-05 01:33:15.133  3422 12132 I audio_hw_primary_abox: primary_out-do_open_output_stream: Opened PCM Device is /dev/snd/pcmC0D0p samplingRate(48000) pcmformat(0)
07-05 01:33:15.133  3422 12132 I audio_hw_primary_abox: primary_out-out_write: Transit to Idle
07-05 01:33:15.134  3446  3446 I SurfaceFlinger: id=411 createSurf (1440x1280),-1 flag=20004, BlackSurface#0
07-05 01:33:15.134  3422 12132 I audio_hw_primary_abox: primary_out-out_write: Transit to Playing
07-05 01:33:15.135  3446  3446 I SurfaceFlinger: id=412 createSurf (720x2560),-1 flag=20004, BlackSurface#0
07-05 01:33:15.136  3960  4027 D InputDispatcher: setInputDispatchMode: enabled=1, frozen=0
07-05 01:33:15.137  3422  3422 D audio_hw_primary_abox: device-adev_set_parameters: enter with key(display_rotation=1)
07-05 01:33:15.138  3422  3422 D audio_hw_primary_abox: device-adev_set_parameters: exit
