06-11 14:49:16.139  3436 21640 D ExynosCamera3: [CAM_ID(1)][]-DEBUG(m_handleInternalFrame[8816]):[EJ] Pass the frame to handleBayerBuffer 39 / m_isNeedRequestFrame = 1, m_isNeedInternalFrame = 0
06-11 14:49:16.156  3436 21638 W ExynosCamera3: [CAM_ID(1)][]-WARN(m_previewStreamISPPipeThreadFunc[6613]):wait timeout
06-11 14:49:16.162  3436 21637 W ExynosCamera3: [CAM_ID(1)][]-WARN(m_previewStreamVRAPipeThreadFunc[6650]):wait timeout
06-11 14:49:16.168  3436 21640 D ExynosCamera3: [CAM_ID(1)][]-DEBUG(m_handleInternalFrame[8816]):[EJ] Pass the frame to handleBayerBuffer 40 / m_isNeedRequestFrame = 1, m_isNeedInternalFrame = 0
06-11 14:49:16.183 21414 21458 I ReschedulableTimer: [#CMH#] ReschedulableTimer started 
06-11 14:49:16.202  3436 21640 D ExynosCamera3: [CAM_ID(1)][]-DEBUG(m_handleInternalFrame[8816]):[EJ] Pass the frame to handleBayerBuffer 41 / m_isNeedRequestFrame = 1, m_isNeedInternalFrame = 0
06-11 14:49:16.225 21414 21673 I DatabaseRebuilderTask: [#CMH#] Time taken to check MediaProvider installed 126
06-11 14:49:16.225 21414 21673 I DatabaseRebuilderTask: [#CMH#] syncCMHDB started  
06-11 14:49:16.235  3436 21640 D ExynosCamera3: [CAM_ID(1)][]-DEBUG(m_handleInternalFrame[8816]):[EJ] Pass the frame to handleBayerBuffer 42 / m_isNeedRequestFrame = 1, m_isNeedInternalFrame = 0
06-11 14:49:16.243 21414 21673 I DatabaseRebuilderTask: [#CMH#] MP Bucket count : 2
06-11 14:49:16.247 21414 21673 I DatabaseRebuilderTask: [#CMH#] CMH Bucket count : 2
06-11 14:49:16.248 21414 21673 I DatabaseRebuilderTask: [#CMH#] No of Uris that are present in media :  11
06-11 14:49:16.248 21414 21673 I DatabaseRebuilderTask: [#CMH#] No of Uris that are present in CMH :  11
06-11 14:49:16.250 21353 21661 I BatteryMgr:DataCollectionService: stats => 1686487756250,-137,4269
06-11 14:49:16.259 21414 21673 I DatabaseRebuilderTask: [#CMH#] Finished MP dummy delete in  11 milliseceonds
06-11 14:49:16.260 21414 21673 I DatabaseRebuilderTask: [#CMH#] No of Uris that are present in both Media and CMH:  11
06-11 14:49:16.260 21414 21673 I DatabaseRebuilderTask: [#CMH#] Insert =  0 Delete =  0
06-11 14:49:16.260 21414 21673 I DatabaseRebuilderTask: [#CMH#] syncCMHDB ended  0
06-11 14:49:16.267 21414 21414 I CMHService: [#CMH#] onCreate() 
06-11 14:49:16.268  3436 21640 D ExynosCamera3: [CAM_ID(1)][]-DEBUG(m_handleInternalFrame[8816]):[EJ] Pass the frame to handleBayerBuffer 43 / m_isNeedRequestFrame = 1, m_isNeedInternalFrame = 0
06-11 14:49:16.271 21414 21673 I BaseThreadPoolExecutor: [#CMH#] afterExecute FutureTask
06-11 14:49:16.273 21414 21675 I Controller: [#CMH#] com.android.providers.media Insert
06-11 14:49:16.276 21414 21675 I Controller: [#CMH#] startSmartClustering starting clustering 
06-11 14:49:16.277 21414 21479 I ClusteringTask: [#CMH#] before mutex 
06-11 14:49:16.277 21414 21675 I Controller: [#CMH#] startDaywiseClustering starting day clustering 
06-11 14:49:16.277 21414 21479 I ClusteringTask: [#CMH#] after mutex 
06-11 14:49:16.278 21414 21479 I MomentClusteringAlgo: [#CMH#] performClustering images deleted false
06-11 14:49:16.278 21414 21477 I DayAndMonthTask: [#CMH#] before mutex 
06-11 14:49:16.278 21414 21477 I DayAndMonthTask: [#CMH#] after mutex 
06-11 14:49:16.278 21414 21479 I ClusteringDBUtils: [#CMH#] updateClusterTable In nothing to update 
06-11 14:49:16.280 21414 21414 I CMHService: [#CMH#] onDestroy() 
06-11 14:49:16.280 21414 21479 I MomentClusteringAlgo: [#CMH#] performClustering In 0 
06-11 14:49:16.280 21414 21477 I DayAndMonthTask: [#CMH#] after mutex release 
06-11 14:49:16.280 21414 21479 I ClusteringTask: [#CMH#] Cluster size: 0
06-11 14:49:16.281 21414 21479 I ClusteringDBUtils: [#CMH#] updateClusterTable In nothing to update 
06-11 14:49:16.281 21414 21479 I ClusteringTask: [#CMH#] after mutex release 
06-11 14:49:16.284  5301 11664 D PowerManagerService: [api]  override the screen timeout by mNotificationLightScreenOverride
06-11 14:49:16.286  5301 11664 D ConnectivityService: filterNetworkStateForUid() uid: 10025 networkInfo: [type: WIFI[] - WIFI, state: CONNECTED/CONNECTED, reason: (unspecified), extra: "DoodleBoodle", failover: false, available: true, roaming: false, metered: false]
06-11 14:49:16.287  5301 11664 D ConnectivityService: filterNetworkStateForUid() uid: 10025 networkInfo: [type: WIFI[] - WIFI, state: CONNECTED/CONNECTED, reason: (unspecified), extra: "DoodleBoodle", failover: false, available: true, roaming: false, metered: false]
06-11 14:49:16.291  5301 11664 D SamsungAlarmManager: Cancel Alarm calling from uid:10025 pid :27045 / op:PendingIntent{6fe29: PendingIntentRecord{4ead42c com.google.android.gms broadcastIntent}}
06-11 14:49:16.301  3436 21640 D ExynosCamera3: [CAM_ID(1)][]-DEBUG(m_handleInternalFrame[8816]):[EJ] Pass the frame to handleBayerBuffer 44 / m_isNeedRequestFrame = 1, m_isNeedInternalFrame = 0
06-11 14:49:16.306  3436 21638 W ExynosCamera3: [CAM_ID(1)][]-WARN(m_previewStreamISPPipeThreadFunc[6613]):wait timeout
06-11 14:49:16.313  3436 21637 W ExynosCamera3: [CAM_ID(1)][]-WARN(m_previewStreamVRAPipeThreadFunc[6650]):wait timeout
06-11 14:49:16.334  5301 11664 D PowerManagerService: [api]  override the screen timeout by mNotificationLightScreenOverride
06-11 14:49:16.339  3436 21640 D ExynosCamera3: [CAM_ID(1)][]-DEBUG(m_handleInternalFrame[8816]):[EJ] Pass the frame to handleBayerBuffer 45 / m_isNeedRequestFrame = 1, m_isNeedInternalFrame = 0
06-11 14:49:16.367  5301 11664 D SamsungAlarmManager: setInexact Intent (T:3/F:0/AC:false) 20230611T145550 - CU:10025/CP:27045
06-11 14:49:16.368  3436 21640 D ExynosCamera3: [CAM_ID(1)][]-DEBUG(m_handleInternalFrame[8816]):[EJ] Pass the frame to handleBayerBuffer 46 / m_isNeedRequestFrame = 1, m_isNeedInternalFrame = 0
06-11 14:49:16.370  5301 11664 D PowerManagerService: [api]  override the screen timeout by mNotificationLightScreenOverride
06-11 14:49:16.372  5301  5808 D PowerManagerService: [api]  override the screen timeout by mNotificationLightScreenOverride
06-11 14:49:16.373  5301  5808 D ConnectivityService: filterNetworkStateForUid() uid: 10025 networkInfo: [type: WIFI[] - WIFI, state: CONNECTED/CONNECTED, reason: (unspecified), extra: "DoodleBoodle", failover: false, available: true, roaming: false, metered: false]
06-11 14:49:16.374  5301  5808 D ConnectivityService: filterNetworkStateForUid() uid: 10025 networkInfo: [type: WIFI[] - WIFI, state: CONNECTED/CONNECTED, reason: (unspecified), extra: "DoodleBoodle", failover: false, available: true, roaming: false, metered: false]
06-11 14:49:16.377 27045 20665 I NetworkScheduler.Stats: (REDACTED) Task %s/%s started execution. cause:%s exec_start_elapsed_seconds: %s
06-11 14:49:16.380  5301  5808 D SamsungAlarmManager: Cancel Alarm calling from uid:10025 pid :27045 / op:PendingIntent{1e853e5: PendingIntentRecord{4ead42c com.google.android.gms broadcastIntent}}
06-11 14:49:16.386  5301  5808 D SamsungAlarmManager: setInexact Intent (T:3/F:0/AC:false) 20230611T145550 - CU:10025/CP:27045
06-11 14:49:16.387  5301  5808 D PowerManagerService: [api]  override the screen timeout by mNotificationLightScreenOverride
06-11 14:49:16.391  5301  5808 D PowerManagerService: [api]  override the screen timeout by mNotificationLightScreenOverride
06-11 14:49:16.393  5301 11664 D PowerManagerService: [api]  override the screen timeout by mNotificationLightScreenOverride
06-11 14:49:16.395 27045 21383 I NetworkScheduler.Stats: (REDACTED) Task %s/%s finished executing. cause:%s result: %s elapsed_millis: %s uptime_millis: %s exec_start_elapsed_seconds: %s
06-11 14:49:16.401  3436 21640 D ExynosCamera3: [CAM_ID(1)][]-DEBUG(m_handleInternalFrame[8816]):[EJ] Pass the frame to handleBayerBuffer 47 / m_isNeedRequestFrame = 1, m_isNeedInternalFrame = 0
06-11 14:49:16.408  5301 11664 I chatty  : uid=1000(system) Binder:5301_1A identical 1 line
06-11 14:49:16.409  5301 11664 D PowerManagerService: [api]  override the screen timeout by mNotificationLightScreenOverride
06-11 14:49:16.411  5301 11664 D ConnectivityService: filterNetworkStateForUid() uid: 10025 networkInfo: [type: WIFI[] - WIFI, state: CONNECTED/CONNECTED, reason: (unspecified), extra: "DoodleBoodle", failover: false, available: true, roaming: false, metered: false]
06-11 14:49:16.412  5301 11664 D ConnectivityService: filterNetworkStateForUid() uid: 10025 networkInfo: [type: WIFI[] - WIFI, state: CONNECTED/CONNECTED, reason: (unspecified), extra: "DoodleBoodle", failover: false, available: true, roaming: false, metered: false]
06-11 14:49:16.415  5301 11664 D SamsungAlarmManager: Cancel Alarm calling from uid:10025 pid :27045 / op:PendingIntent{4b4a4c8: PendingIntentRecord{4ead42c com.google.android.gms broadcastIntent}}
06-11 14:49:16.421  5301  5808 D SamsungAlarmManager: setInexact Intent (T:3/F:0/AC:false) 20230611T145550 - CU:10025/CP:27045
06-11 14:49:16.422  5301  5808 D PowerManagerService: [api]  override the screen timeout by mNotificationLightScreenOverride
06-11 14:49:16.435  3436 21640 D ExynosCamera3: [CAM_ID(1)][]-DEBUG(m_handleInternalFrame[8816]):[EJ] Pass the frame to handleBayerBuffer 48 / m_isNeedRequestFrame = 1, m_isNeedInternalFrame = 0
06-11 14:49:16.456  3436 21638 W ExynosCamera3: [CAM_ID(1)][]-WARN(m_previewStreamISPPipeThreadFunc[6613]):wait timeout
06-11 14:49:16.463  3436 21637 W ExynosCamera3: [CAM_ID(1)][]-WARN(m_previewStreamVRAPipeThreadFunc[6650]):wait timeout
06-11 14:49:16.468  3436 21640 D ExynosCamera3: [CAM_ID(1)][]-DEBUG(m_handleInternalFrame[8816]):[EJ] Pass the frame to handleBayerBuffer 49 / m_isNeedRequestFrame = 1, m_isNeedInternalFrame = 0
06-11 14:49:16.499  6313  6313 D io_stats: !@ 179,0 r 682377 23055576 w 384905 7957552 d 22155 4077896 f 137171 138774 iot 489968 415520 th 51200 0 0 pt 0 inp 0 0 40518.518
06-11 14:49:16.502  3436 21640 D ExynosCamera3: [CAM_ID(1)][]-DEBUG(m_handleInternalFrame[8816]):[EJ] Pass the frame to handleBayerBuffer 50 / m_isNeedRequestFrame = 1, m_isNeedInternalFrame = 0
06-11 14:49:16.535  3436 21640 D ExynosCamera3: [CAM_ID(1)][]-DEBUG(m_handleInternalFrame[8816]):[EJ] Pass the frame to handleBayerBuffer 51 / m_isNeedRequestFrame = 1, m_isNeedInternalFrame = 0
06-11 14:49:16.568  3436 21640 D ExynosCamera3: [CAM_ID(1)][]-DEBUG(m_handleInternalFrame[8816]):[EJ] Pass the frame to handleBayerBuffer 52 / m_isNeedRequestFrame = 1, m_isNeedInternalFrame = 0
06-11 14:49:16.588  3436 21631 W ExynosCameraMCPipe: [CAM_ID(1)][PIPE_ISP]-WARN(m_putBuffer[1530]):inputFrameQ wait timeout
06-11 14:49:16.589  3436 21631 W ExynosCameraMCPipe: [CAM_ID(1)][PIPE_ISP]-WARN(m_putBufferThreadFunc[1471]):m_putbuffer fail, ret(-110)
06-11 14:49:16.602  3436 21640 D ExynosCamera3: [CAM_ID(1)][]-DEBUG(m_handleInternalFrame[8816]):[EJ] Pass the frame to handleBayerBuffer 53 / m_isNeedRequestFrame = 1, m_isNeedInternalFrame = 0
06-11 14:49:16.603  3436 21632 W ExynosCameraMCPipe: [CAM_ID(1)][PIPE_ISP]-WARN(m_getBuffer[1976]):requestFrameQ wait timeout
06-11 14:49:16.603  3436 21632 W ExynosCameraMCPipe: [CAM_ID(1)][PIPE_ISP]-WARN(m_getBufferThreadFunc[1492]):m_getBuffer fail, ret(-110)
06-11 14:49:16.606  3436 21638 W ExynosCamera3: [CAM_ID(1)][]-WARN(m_previewStreamISPPipeThreadFunc[6613]):wait timeout
06-11 14:49:16.613  3436 21637 W ExynosCamera3: [CAM_ID(1)][]-WARN(m_previewStreamVRAPipeThreadFunc[6650]):wait timeout
06-11 14:49:16.639  3436 21640 D ExynosCamera3: [CAM_ID(1)][]-DEBUG(m_handleInternalFrame[8816]):[EJ] Pass the frame to handleBayerBuffer 54 / m_isNeedRequestFrame = 1, m_isNeedInternalFrame = 0
06-11 14:49:16.662  5301 11664 I EDMNativeHelperService: isCameraEnabled
06-11 14:49:16.668  3436 21640 D ExynosCamera3: [CAM_ID(1)][]-DEBUG(m_handleInternalFrame[8816]):[EJ] Pass the frame to handleBayerBuffer 55 / m_isNeedRequestFrame = 1, m_isNeedInternalFrame = 0
06-11 14:49:16.701  3436 21640 D ExynosCamera3: [CAM_ID(1)][]-DEBUG(m_handleInternalFrame[8816]):[EJ] Pass the frame to handleBayerBuffer 56 / m_isNeedRequestFrame = 1, m_isNeedInternalFrame = 0
06-11 14:49:16.735  3436 21640 D ExynosCamera3: [CAM_ID(1)][]-DEBUG(m_handleInternalFrame[8816]):[EJ] Pass the frame to handleBayerBuffer 57 / m_isNeedRequestFrame = 1, m_isNeedInternalFrame = 0
06-11 14:49:16.757  3436 21638 W ExynosCamera3: [CAM_ID(1)][]-WARN(m_previewStreamISPPipeThreadFunc[6613]):wait timeout
06-11 14:49:16.763  3436 21637 W ExynosCamera3: [CAM_ID(1)][]-WARN(m_previewStreamVRAPipeThreadFunc[6650]):wait timeout
06-11 14:49:16.768  3436 21640 D ExynosCamera3: [CAM_ID(1)][]-DEBUG(m_handleInternalFrame[8816]):[EJ] Pass the frame to handleBayerBuffer 58 / m_isNeedRequestFrame = 1, m_isNeedInternalFrame = 0
06-11 14:49:16.801  3436 21640 D ExynosCamera3: [CAM_ID(1)][]-DEBUG(m_handleInternalFrame[8816]):[EJ] Pass the frame to handleBayerBuffer 59 / m_isNeedRequestFrame = 1, m_isNeedInternalFrame = 0
06-11 14:49:16.835  3436 21640 D ExynosCamera3: [CAM_ID(1)][]-DEBUG(m_handleInternalFrame[8816]):[EJ] Pass the frame to handleBayerBuffer 60 / m_isNeedRequestFrame = 1, m_isNeedInternalFrame = 0
06-11 14:49:16.853  6695  6695 W SAPackageEventReceiver: [com.example.batterymanager_utility] removed. Stop sending intent
06-11 14:49:16.872  3436 21640 D ExynosCamera3: [CAM_ID(1)][]-DEBUG(m_handleInternalFrame[8816]):[EJ] Pass the frame to handleBayerBuffer 61 / m_isNeedRequestFrame = 1, m_isNeedInternalFrame = 0
06-11 14:49:16.901  3436 21640 D ExynosCamera3: [CAM_ID(1)][]-DEBUG(m_handleInternalFrame[8816]):[EJ] Pass the frame to handleBayerBuffer 62 / m_isNeedRequestFrame = 1, m_isNeedInternalFrame = 0
06-11 14:49:16.907  3436 21638 W ExynosCamera3: [CAM_ID(1)][]-WARN(m_previewStreamISPPipeThreadFunc[6613]):wait timeout
06-11 14:49:16.913  3436 21637 W ExynosCamera3: [CAM_ID(1)][]-WARN(m_previewStreamVRAPipeThreadFunc[6650]):wait timeout
06-11 14:49:16.935  3436 21640 D ExynosCamera3: [CAM_ID(1)][]-DEBUG(m_handleInternalFrame[8816]):[EJ] Pass the frame to handleBayerBuffer 63 / m_isNeedRequestFrame = 1, m_isNeedInternalFrame = 0
06-11 14:49:16.968  3436 21640 D ExynosCamera3: [CAM_ID(1)][]-DEBUG(m_handleInternalFrame[8816]):[EJ] Pass the frame to handleBayerBuffer 64 / m_isNeedRequestFrame = 1, m_isNeedInternalFrame = 0
06-11 14:49:17.001  3436 21640 D ExynosCamera3: [CAM_ID(1)][]-DEBUG(m_handleInternalFrame[8816]):[EJ] Pass the frame to handleBayerBuffer 65 / m_isNeedRequestFrame = 1, m_isNeedInternalFrame = 0
06-11 14:49:17.035  3436 21640 D ExynosCamera3: [CAM_ID(1)][]-DEBUG(m_handleInternalFrame[8816]):[EJ] Pass the frame to handleBayerBuffer 66 / m_isNeedRequestFrame = 1, m_isNeedInternalFrame = 0
06-11 14:49:17.058  3436 21638 W ExynosCamera3: [CAM_ID(1)][]-WARN(m_previewStreamISPPipeThreadFunc[6613]):wait timeout
06-11 14:49:17.063  3436 21637 W ExynosCamera3: [CAM_ID(1)][]-WARN(m_previewStreamVRAPipeThreadFunc[6650]):wait timeout
06-11 14:49:17.068  3436 21640 D ExynosCamera3: [CAM_ID(1)][]-DEBUG(m_handleInternalFrame[8816]):[EJ] Pass the frame to handleBayerBuffer 67 / m_isNeedRequestFrame = 1, m_isNeedInternalFrame = 0
06-11 14:49:17.101  3436 21640 D ExynosCamera3: [CAM_ID(1)][]-DEBUG(m_handleInternalFrame[8816]):[EJ] Pass the frame to handleBayerBuffer 68 / m_isNeedRequestFrame = 1, m_isNeedInternalFrame = 0
06-11 14:49:17.134  3436 21640 D ExynosCamera3: [CAM_ID(1)][]-DEBUG(m_handleInternalFrame[8816]):[EJ] Pass the frame to handleBayerBuffer 69 / m_isNeedRequestFrame = 1, m_isNeedInternalFrame = 0
06-11 14:49:17.139  3436 21631 W ExynosCameraMCPipe: [CAM_ID(1)][PIPE_ISP]-WARN(m_putBuffer[1530]):inputFrameQ wait timeout
06-11 14:49:17.139  3436 21631 W ExynosCameraMCPipe: [CAM_ID(1)][PIPE_ISP]-WARN(m_putBufferThreadFunc[1471]):m_putbuffer fail, ret(-110)
06-11 14:49:17.154  3436 21632 W ExynosCameraMCPipe: [CAM_ID(1)][PIPE_ISP]-WARN(m_getBuffer[1976]):requestFrameQ wait timeout
06-11 14:49:17.154  3436 21632 W ExynosCameraMCPipe: [CAM_ID(1)][PIPE_ISP]-WARN(m_getBufferThreadFunc[1492]):m_getBuffer fail, ret(-110)
06-11 14:49:17.167  3436 21640 D ExynosCamera3: [CAM_ID(1)][]-DEBUG(m_handleInternalFrame[8816]):[EJ] Pass the frame to handleBayerBuffer 70 / m_isNeedRequestFrame = 1, m_isNeedInternalFrame = 0
06-11 14:49:17.201  3436 21640 D ExynosCamera3: [CAM_ID(1)][]-DEBUG(m_handleInternalFrame[8816]):[EJ] Pass the frame to handleBayerBuffer 71 / m_isNeedRequestFrame = 1, m_isNeedInternalFrame = 0
06-11 14:49:17.208  3436 21638 W ExynosCamera3: [CAM_ID(1)][]-WARN(m_previewStreamISPPipeThreadFunc[6613]):wait timeout
06-11 14:49:17.214  3436 21637 W ExynosCamera3: [CAM_ID(1)][]-WARN(m_previewStreamVRAPipeThreadFunc[6650]):wait timeout
06-11 14:49:17.234  3436 21640 D ExynosCamera3: [CAM_ID(1)][]-DEBUG(m_handleInternalFrame[8816]):[EJ] Pass the frame to handleBayerBuffer 72 / m_isNeedRequestFrame = 1, m_isNeedInternalFrame = 0
06-11 14:49:17.258 21353 21661 I BatteryMgr:DataCollectionService: stats => 1686487757258,-137,4269
06-11 14:49:17.267  3436 21640 D ExynosCamera3: [CAM_ID(1)][]-DEBUG(m_handleInternalFrame[8816]):[EJ] Pass the frame to handleBayerBuffer 73 / m_isNeedRequestFrame = 1, m_isNeedInternalFrame = 0
06-11 14:49:17.301  3436 21640 D ExynosCamera3: [CAM_ID(1)][]-DEBUG(m_handleInternalFrame[8816]):[EJ] Pass the frame to handleBayerBuffer 74 / m_isNeedRequestFrame = 1, m_isNeedInternalFrame = 0
06-11 14:49:17.334  3436 21640 D ExynosCamera3: [CAM_ID(1)][]-DEBUG(m_handleInternalFrame[8816]):[EJ] Pass the frame to handleBayerBuffer 75 / m_isNeedRequestFrame = 1, m_isNeedInternalFrame = 0
06-11 14:49:17.358  3436 21638 W ExynosCamera3: [CAM_ID(1)][]-WARN(m_previewStreamISPPipeThreadFunc[6613]):wait timeout
06-11 14:49:17.364  3436 21637 W ExynosCamera3: [CAM_ID(1)][]-WARN(m_previewStreamVRAPipeThreadFunc[6650]):wait timeout
06-11 14:49:17.367  3436 21640 D ExynosCamera3: [CAM_ID(1)][]-DEBUG(m_handleInternalFrame[8816]):[EJ] Pass the frame to handleBayerBuffer 76 / m_isNeedRequestFrame = 1, m_isNeedInternalFrame = 0
06-11 14:49:17.401  3436 21640 D ExynosCamera3: [CAM_ID(1)][]-DEBUG(m_handleInternalFrame[8816]):[EJ] Pass the frame to handleBayerBuffer 77 / m_isNeedRequestFrame = 1, m_isNeedInternalFrame = 0
06-11 14:49:17.438  3436 21640 D ExynosCamera3: [CAM_ID(1)][]-DEBUG(m_handleInternalFrame[8816]):[EJ] Pass the frame to handleBayerBuffer 78 / m_isNeedRequestFrame = 1, m_isNeedInternalFrame = 0
06-11 14:49:17.467  3436 21640 D ExynosCamera3: [CAM_ID(1)][]-DEBUG(m_handleInternalFrame[8816]):[EJ] Pass the frame to handleBayerBuffer 79 / m_isNeedRequestFrame = 1, m_isNeedInternalFrame = 0
06-11 14:49:17.504  3436 21640 D ExynosCamera3: [CAM_ID(1)][]-DEBUG(m_handleInternalFrame[8816]):[EJ] Pass the frame to handleBayerBuffer 80 / m_isNeedRequestFrame = 1, m_isNeedInternalFrame = 0
06-11 14:49:17.508  3436 21638 W ExynosCamera3: [CAM_ID(1)][]-WARN(m_previewStreamISPPipeThreadFunc[6613]):wait timeout
06-11 14:49:17.514  3436 21637 W ExynosCamera3: [CAM_ID(1)][]-WARN(m_previewStreamVRAPipeThreadFunc[6650]):wait timeout
06-11 14:49:17.534  3436 21640 D ExynosCamera3: [CAM_ID(1)][]-DEBUG(m_handleInternalFrame[8816]):[EJ] Pass the frame to handleBayerBuffer 81 / m_isNeedRequestFrame = 1, m_isNeedInternalFrame = 0
06-11 14:49:17.567  3436 21640 D ExynosCamera3: [CAM_ID(1)][]-DEBUG(m_handleInternalFrame[8816]):[EJ] Pass the frame to handleBayerBuffer 82 / m_isNeedRequestFrame = 1, m_isNeedInternalFrame = 0
06-11 14:49:17.587  5301  5808 I RemotePrintSpooler: [user: 0] unbindLocked()
06-11 14:49:17.600  3436 21640 D ExynosCamera3: [CAM_ID(1)][]-DEBUG(m_handleInternalFrame[8816]):[EJ] Pass the frame to handleBayerBuffer 83 / m_isNeedRequestFrame = 1, m_isNeedInternalFrame = 0
06-11 14:49:17.634  3436 21640 D ExynosCamera3: [CAM_ID(1)][]-DEBUG(m_handleInternalFrame[8816]):[EJ] Pass the frame to handleBayerBuffer 84 / m_isNeedRequestFrame = 1, m_isNeedInternalFrame = 0
06-11 14:49:17.658  3436 21638 W ExynosCamera3: [CAM_ID(1)][]-WARN(m_previewStreamISPPipeThreadFunc[6613]):wait timeout
06-11 14:49:17.664  5301 11664 I EDMNativeHelperService: isCameraEnabled
06-11 14:49:17.664  3436 21637 W ExynosCamera3: [CAM_ID(1)][]-WARN(m_previewStreamVRAPipeThreadFunc[6650]):wait timeout
06-11 14:49:17.667  3436 21640 D ExynosCamera3: [CAM_ID(1)][]-DEBUG(m_handleInternalFrame[8816]):[EJ] Pass the frame to handleBayerBuffer 85 / m_isNeedRequestFrame = 1, m_isNeedInternalFrame = 0
06-11 14:49:17.689  3436 21631 W ExynosCameraMCPipe: [CAM_ID(1)][PIPE_ISP]-WARN(m_putBuffer[1530]):inputFrameQ wait timeout
06-11 14:49:17.689  3436 21631 W ExynosCameraMCPipe: [CAM_ID(1)][PIPE_ISP]-WARN(m_putBufferThreadFunc[1471]):m_putbuffer fail, ret(-110)
06-11 14:49:17.703  3436 21640 D ExynosCamera3: [CAM_ID(1)][]-DEBUG(m_handleInternalFrame[8816]):[EJ] Pass the frame to handleBayerBuffer 86 / m_isNeedRequestFrame = 1, m_isNeedInternalFrame = 0
06-11 14:49:17.704  3436 21632 W ExynosCameraMCPipe: [CAM_ID(1)][PIPE_ISP]-WARN(m_getBuffer[1976]):requestFrameQ wait timeout
06-11 14:49:17.704  3436 21632 W ExynosCameraMCPipe: [CAM_ID(1)][PIPE_ISP]-WARN(m_getBufferThreadFunc[1492]):m_getBuffer fail, ret(-110)
06-11 14:49:17.734  3436 21640 D ExynosCamera3: [CAM_ID(1)][]-DEBUG(m_handleInternalFrame[8816]):[EJ] Pass the frame to handleBayerBuffer 87 / m_isNeedRequestFrame = 1, m_isNeedInternalFrame = 0
06-11 14:49:17.767  3436 21640 D ExynosCamera3: [CAM_ID(1)][]-DEBUG(m_handleInternalFrame[8816]):[EJ] Pass the frame to handleBayerBuffer 88 / m_isNeedRequestFrame = 1, m_isNeedInternalFrame = 0
06-11 14:49:17.800  3436 21640 D ExynosCamera3: [CAM_ID(1)][]-DEBUG(m_handleInternalFrame[8816]):[EJ] Pass the frame to handleBayerBuffer 89 / m_isNeedRequestFrame = 1, m_isNeedInternalFrame = 0
06-11 14:49:17.809  3436 21638 W ExynosCamera3: [CAM_ID(1)][]-WARN(m_previewStreamISPPipeThreadFunc[6613]):wait timeout
06-11 14:49:17.815  3436 21637 W ExynosCamera3: [CAM_ID(1)][]-WARN(m_previewStreamVRAPipeThreadFunc[6650]):wait timeout
06-11 14:49:17.834  3436 21640 D ExynosCamera3: [CAM_ID(1)][]-DEBUG(m_handleInternalFrame[8816]):[EJ] Pass the frame to handleBayerBuffer 90 / m_isNeedRequestFrame = 1, m_isNeedInternalFrame = 0
06-11 14:49:17.847  3435  3435 I android.hardware.wifi@1.0-service: getLinkLayerStats
06-11 14:49:17.867  3436 21640 D ExynosCamera3: [CAM_ID(1)][]-DEBUG(m_handleInternalFrame[8816]):[EJ] Pass the frame to handleBayerBuffer 91 / m_isNeedRequestFrame = 1, m_isNeedInternalFrame = 0
06-11 14:49:17.903  3436 21640 D ExynosCamera3: [CAM_ID(1)][]-DEBUG(m_handleInternalFrame[8816]):[EJ] Pass the frame to handleBayerBuffer 92 / m_isNeedRequestFrame = 1, m_isNeedInternalFrame = 0
06-11 14:49:17.934  3436 21640 D ExynosCamera3: [CAM_ID(1)][]-DEBUG(m_handleInternalFrame[8816]):[EJ] Pass the frame to handleBayerBuffer 93 / m_isNeedRequestFrame = 1, m_isNeedInternalFrame = 0
06-11 14:49:17.959  3436 21638 W ExynosCamera3: [CAM_ID(1)][]-WARN(m_previewStreamISPPipeThreadFunc[6613]):wait timeout
06-11 14:49:17.965  3436 21637 W ExynosCamera3: [CAM_ID(1)][]-WARN(m_previewStreamVRAPipeThreadFunc[6650]):wait timeout
06-11 14:49:17.967  3436 21640 D ExynosCamera3: [CAM_ID(1)][]-DEBUG(m_handleInternalFrame[8816]):[EJ] Pass the frame to handleBayerBuffer 94 / m_isNeedRequestFrame = 1, m_isNeedInternalFrame = 0
06-11 14:49:18.000  3436 21640 D ExynosCamera3: [CAM_ID(1)][]-DEBUG(m_handleInternalFrame[8816]):[EJ] Pass the frame to handleBayerBuffer 95 / m_isNeedRequestFrame = 1, m_isNeedInternalFrame = 0
06-11 14:49:18.033  3436 21640 D ExynosCamera3: [CAM_ID(1)][]-DEBUG(m_handleInternalFrame[8816]):[EJ] Pass the frame to handleBayerBuffer 96 / m_isNeedRequestFrame = 1, m_isNeedInternalFrame = 0
06-11 14:49:18.067  3436 21640 D ExynosCamera3: [CAM_ID(1)][]-DEBUG(m_handleInternalFrame[8816]):[EJ] Pass the frame to handleBayerBuffer 97 / m_isNeedRequestFrame = 1, m_isNeedInternalFrame = 0
06-11 14:49:18.100  3436 21640 D ExynosCamera3: [CAM_ID(1)][]-DEBUG(m_handleInternalFrame[8816]):[EJ] Pass the frame to handleBayerBuffer 98 / m_isNeedRequestFrame = 1, m_isNeedInternalFrame = 0
06-11 14:49:18.109  3436 21638 W ExynosCamera3: [CAM_ID(1)][]-WARN(m_previewStreamISPPipeThreadFunc[6613]):wait timeout
06-11 14:49:18.115  3436 21637 W ExynosCamera3: [CAM_ID(1)][]-WARN(m_previewStreamVRAPipeThreadFunc[6650]):wait timeout
06-11 14:49:18.133  3436 21640 D ExynosCamera3: [CAM_ID(1)][]-DEBUG(m_handleInternalFrame[8816]):[EJ] Pass the frame to handleBayerBuffer 99 / m_isNeedRequestFrame = 1, m_isNeedInternalFrame = 0
06-11 14:49:18.167  3436 21640 D ExynosCamera3: [CAM_ID(1)][]-DEBUG(m_handleInternalFrame[8816]):[EJ] Pass the frame to handleBayerBuffer 100 / m_isNeedRequestFrame = 1, m_isNeedInternalFrame = 0
06-11 14:49:18.200  3436 21640 D ExynosCamera3: [CAM_ID(1)][]-DEBUG(m_handleInternalFrame[8816]):[EJ] Pass the frame to handleBayerBuffer 101 / m_isNeedRequestFrame = 1, m_isNeedInternalFrame = 0
06-11 14:49:18.210  5301 11664 D BatteryService: !@BatteryListener : batteryPropertiesChanged!
06-11 14:49:18.211  5301 11664 D BatteryService: level:100, scale:100, status:3, health:2, present:true, voltage: 4235, temperature: 329, technology: Li-ion, AC powered:false, USB powered:false, POGO powered:false, Wireless powered:false, icon:17303820, invalid charger:0, maxChargingCurrent:0, maxChargingVoltage:0, chargeCounter:0
06-11 14:49:18.211  5301 11664 D BatteryService: online:1, current avg:-308, charge type:0, power sharing:false, high voltage charger:false, capacity:280000, batterySWSelfDischarging:false, misc_event:0, current_event:0, current_now:-272
06-11 14:49:18.211  5301  5301 D BatteryService: Sending ACTION_BATTERY_CHANGED.
06-11 14:49:18.213  5301  5301 D SamsungPhoneWindowManager: ACTION_BATTERY_CHANGED - Level :: 100, battStatus :: 3
06-11 14:49:18.213  5301  5301 I MotionRecognitionService: On Battery, 0
06-11 14:49:18.213  5301  5301 D MotionRecognitionService:   mCableConnection= 0
06-11 14:49:18.214  5301  5344 D UsbDeviceManager: handleMessage -> MSG_UPDATE_CHARGING_STATE = 0
06-11 14:49:18.214  5689  5689 D KeyguardUpdateMonitor: received broadcast android.intent.action.BATTERY_CHANGED
06-11 14:49:18.216  5689  5689 D BatteryController: onReceive-ACTION_BATTERY_CHANGED : mLevel=100, mBatteryStatus=3
06-11 14:49:18.221  5689  5689 D PowerUI : priorPlugType = 0 mPlugType =  0
06-11 14:49:18.237  3436 21640 D ExynosCamera3: [CAM_ID(1)][]-DEBUG(m_handleInternalFrame[8816]):[EJ] Pass the frame to handleBayerBuffer 102 / m_isNeedRequestFrame = 1, m_isNeedInternalFrame = 0
06-11 14:49:18.239  3436 21631 W ExynosCameraMCPipe: [CAM_ID(1)][PIPE_ISP]-WARN(m_putBuffer[1530]):inputFrameQ wait timeout
06-11 14:49:18.239  3436 21631 W ExynosCameraMCPipe: [CAM_ID(1)][PIPE_ISP]-WARN(m_putBufferThreadFunc[1471]):m_putbuffer fail, ret(-110)
06-11 14:49:18.254  3436 21632 W ExynosCameraMCPipe: [CAM_ID(1)][PIPE_ISP]-WARN(m_getBuffer[1976]):requestFrameQ wait timeout
06-11 14:49:18.254  3436 21632 W ExynosCameraMCPipe: [CAM_ID(1)][PIPE_ISP]-WARN(m_getBufferThreadFunc[1492]):m_getBuffer fail, ret(-110)
06-11 14:49:18.259  3436 21638 W ExynosCamera3: [CAM_ID(1)][]-WARN(m_previewStreamISPPipeThreadFunc[6613]):wait timeout
06-11 14:49:18.265 21353 21661 I BatteryMgr:DataCollectionService: stats => 1686487758264,-272,4235
06-11 14:49:18.265  3436 21637 W ExynosCamera3: [CAM_ID(1)][]-WARN(m_previewStreamVRAPipeThreadFunc[6650]):wait timeout
06-11 14:49:18.270  3436 21640 D ExynosCamera3: [CAM_ID(1)][]-DEBUG(m_handleInternalFrame[8816]):[EJ] Pass the frame to handleBayerBuffer 103 / m_isNeedRequestFrame = 1, m_isNeedInternalFrame = 0
06-11 14:49:18.300  3436 21640 D ExynosCamera3: [CAM_ID(1)][]-DEBUG(m_handleInternalFrame[8816]):[EJ] Pass the frame to handleBayerBuffer 104 / m_isNeedRequestFrame = 1, m_isNeedInternalFrame = 0
06-11 14:49:18.330 21353 21681 D ProfileInstaller: Installing profile for com.example.batterymanager_utility
06-11 14:49:18.333  3436 21640 D ExynosCamera3: [CAM_ID(1)][]-DEBUG(m_handleInternalFrame[8816]):[EJ] Pass the frame to handleBayerBuffer 105 / m_isNeedRequestFrame = 1, m_isNeedInternalFrame = 0
06-11 14:49:18.367  3436 21640 D ExynosCamera3: [CAM_ID(1)][]-DEBUG(m_handleInternalFrame[8816]):[EJ] Pass the frame to handleBayerBuffer 106 / m_isNeedRequestFrame = 1, m_isNeedInternalFrame = 0
06-11 14:49:18.400  3436 21640 D ExynosCamera3: [CAM_ID(1)][]-DEBUG(m_handleInternalFrame[8816]):[EJ] Pass the frame to handleBayerBuffer 107 / m_isNeedRequestFrame = 1, m_isNeedInternalFrame = 0
06-11 14:49:18.409  3436 21638 W ExynosCamera3: [CAM_ID(1)][]-WARN(m_previewStreamISPPipeThreadFunc[6613]):wait timeout
06-11 14:49:18.415  3436 21637 W ExynosCamera3: [CAM_ID(1)][]-WARN(m_previewStreamVRAPipeThreadFunc[6650]):wait timeout
06-11 14:49:18.433  3436 21640 D ExynosCamera3: [CAM_ID(1)][]-DEBUG(m_handleInternalFrame[8816]):[EJ] Pass the frame to handleBayerBuffer 108 / m_isNeedRequestFrame = 1, m_isNeedInternalFrame = 0
06-11 14:49:18.467  3436 21640 D ExynosCamera3: [CAM_ID(1)][]-DEBUG(m_handleInternalFrame[8816]):[EJ] Pass the frame to handleBayerBuffer 109 / m_isNeedRequestFrame = 1, m_isNeedInternalFrame = 0
06-11 14:49:18.500  3436 21640 D ExynosCamera3: [CAM_ID(1)][]-DEBUG(m_handleInternalFrame[8816]):[EJ] Pass the frame to handleBayerBuffer 110 / m_isNeedRequestFrame = 1, m_isNeedInternalFrame = 0
06-11 14:49:18.532 21535 21557 I zygote64: Waiting for a blocking GC ProfileSaver
06-11 14:49:18.533  3436 21640 D ExynosCamera3: [CAM_ID(1)][]-DEBUG(m_handleInternalFrame[8816]):[EJ] Pass the frame to handleBayerBuffer 111 / m_isNeedRequestFrame = 1, m_isNeedInternalFrame = 0
06-11 14:49:18.560  3436 21638 W ExynosCamera3: [CAM_ID(1)][]-WARN(m_previewStreamISPPipeThreadFunc[6613]):wait timeout
06-11 14:49:18.566  3436 21637 W ExynosCamera3: [CAM_ID(1)][]-WARN(m_previewStreamVRAPipeThreadFunc[6650]):wait timeout
06-11 14:49:18.566  3436 21640 D ExynosCamera3: [CAM_ID(1)][]-DEBUG(m_handleInternalFrame[8816]):[EJ] Pass the frame to handleBayerBuffer 112 / m_isNeedRequestFrame = 1, m_isNeedInternalFrame = 0
06-11 14:49:18.600  3436 21640 D ExynosCamera3: [CAM_ID(1)][]-DEBUG(m_handleInternalFrame[8816]):[EJ] Pass the frame to handleBayerBuffer 113 / m_isNeedRequestFrame = 1, m_isNeedInternalFrame = 0
06-11 14:49:18.633  3436 21640 D ExynosCamera3: [CAM_ID(1)][]-DEBUG(m_handleInternalFrame[8816]):[EJ] Pass the frame to handleBayerBuffer 114 / m_isNeedRequestFrame = 1, m_isNeedInternalFrame = 0
06-11 14:49:18.638  5301  8272 D SSRM:k  : SIOP:: AP = 380, PST = 340 (W:26), BAT = 329, USB = 0, CHG = 0
06-11 14:49:18.666  5301 11664 I EDMNativeHelperService: isCameraEnabled
06-11 14:49:18.669  3436 21640 D ExynosCamera3: [CAM_ID(1)][]-DEBUG(m_handleInternalFrame[8816]):[EJ] Pass the frame to handleBayerBuffer 115 / m_isNeedRequestFrame = 1, m_isNeedInternalFrame = 0
06-11 14:49:18.699  3436 21640 D ExynosCamera3: [CAM_ID(1)][]-DEBUG(m_handleInternalFrame[8816]):[EJ] Pass the frame to handleBayerBuffer 116 / m_isNeedRequestFrame = 1, m_isNeedInternalFrame = 0
06-11 14:49:18.710  3436 21638 W ExynosCamera3: [CAM_ID(1)][]-WARN(m_previewStreamISPPipeThreadFunc[6613]):wait timeout
06-11 14:49:18.716  3436 21637 W ExynosCamera3: [CAM_ID(1)][]-WARN(m_previewStreamVRAPipeThreadFunc[6650]):wait timeout
06-11 14:49:18.733  3436 21640 D ExynosCamera3: [CAM_ID(1)][]-DEBUG(m_handleInternalFrame[8816]):[EJ] Pass the frame to handleBayerBuffer 117 / m_isNeedRequestFrame = 1, m_isNeedInternalFrame = 0
06-11 14:49:18.766  3436 21640 D ExynosCamera3: [CAM_ID(1)][]-DEBUG(m_handleInternalFrame[8816]):[EJ] Pass the frame to handleBayerBuffer 118 / m_isNeedRequestFrame = 1, m_isNeedInternalFrame = 0
06-11 14:49:18.790  3436 21631 W ExynosCameraMCPipe: [CAM_ID(1)][PIPE_ISP]-WARN(m_putBuffer[1530]):inputFrameQ wait timeout
06-11 14:49:18.790  3436 21631 W ExynosCameraMCPipe: [CAM_ID(1)][PIPE_ISP]-WARN(m_putBufferThreadFunc[1471]):m_putbuffer fail, ret(-110)
06-11 14:49:18.800  3436 21640 D ExynosCamera3: [CAM_ID(1)][]-DEBUG(m_handleInternalFrame[8816]):[EJ] Pass the frame to handleBayerBuffer 119 / m_isNeedRequestFrame = 1, m_isNeedInternalFrame = 0
06-11 14:49:18.804  3436 21632 W ExynosCameraMCPipe: [CAM_ID(1)][PIPE_ISP]-WARN(m_getBuffer[1976]):requestFrameQ wait timeout
06-11 14:49:18.805  3436 21632 W ExynosCameraMCPipe: [CAM_ID(1)][PIPE_ISP]-WARN(m_getBufferThreadFunc[1492]):m_getBuffer fail, ret(-110)
06-11 14:49:18.833  3436 21640 D ExynosCamera3: [CAM_ID(1)][]-DEBUG(m_handleInternalFrame[8816]):[EJ] Pass the frame to handleBayerBuffer 120 / m_isNeedRequestFrame = 1, m_isNeedInternalFrame = 0
06-11 14:49:18.838  5689  5922 D NetworkController.MobileSignalController(0/-2): onSignalStrengthsChanged signalStrength=SignalStrength: 23 99 -23 -200 -23 -200 -1 99 2147483647 2147483647 2147483647 2147483647 0 2147483647 0x4 P gsm|lte level=4
06-11 14:49:18.839  5689  5922 D NetworkController.MobileSignalController(0/-2): getMobileIconGroup(): 0
06-11 14:49:18.860  3436 21638 W ExynosCamera3: [CAM_ID(1)][]-WARN(m_previewStreamISPPipeThreadFunc[6613]):wait timeout
06-11 14:49:18.866  3436 21640 D ExynosCamera3: [CAM_ID(1)][]-DEBUG(m_handleInternalFrame[8816]):[EJ] Pass the frame to handleBayerBuffer 121 / m_isNeedRequestFrame = 1, m_isNeedInternalFrame = 0
06-11 14:49:18.866  3436 21637 W ExynosCamera3: [CAM_ID(1)][]-WARN(m_previewStreamVRAPipeThreadFunc[6650]):wait timeout
06-11 14:49:18.900  3436 21640 D ExynosCamera3: [CAM_ID(1)][]-DEBUG(m_handleInternalFrame[8816]):[EJ] Pass the frame to handleBayerBuffer 122 / m_isNeedRequestFrame = 1, m_isNeedInternalFrame = 0
06-11 14:49:18.933  3436 21640 D ExynosCamera3: [CAM_ID(1)][]-DEBUG(m_handleInternalFrame[8816]):[EJ] Pass the frame to handleBayerBuffer 123 / m_isNeedRequestFrame = 1, m_isNeedInternalFrame = 0
06-11 14:49:18.966  3436 21640 D ExynosCamera3: [CAM_ID(1)][]-DEBUG(m_handleInternalFrame[8816]):[EJ] Pass the frame to handleBayerBuffer 124 / m_isNeedRequestFrame = 1, m_isNeedInternalFrame = 0
06-11 14:49:18.999  3436 21640 D ExynosCamera3: [CAM_ID(1)][]-DEBUG(m_handleInternalFrame[8816]):[EJ] Pass the frame to handleBayerBuffer 125 / m_isNeedRequestFrame = 1, m_isNeedInternalFrame = 0
06-11 14:49:19.010  3436 21638 W ExynosCamera3: [CAM_ID(1)][]-WARN(m_previewStreamISPPipeThreadFunc[6613]):wait timeout
06-11 14:49:19.016  3436 21637 W ExynosCamera3: [CAM_ID(1)][]-WARN(m_previewStreamVRAPipeThreadFunc[6650]):wait timeout
06-11 14:49:19.033  3436 21640 D ExynosCamera3: [CAM_ID(1)][]-DEBUG(m_handleInternalFrame[8816]):[EJ] Pass the frame to handleBayerBuffer 126 / m_isNeedRequestFrame = 1, m_isNeedInternalFrame = 0
06-11 14:49:19.070  3436 21640 D ExynosCamera3: [CAM_ID(1)][]-DEBUG(m_handleInternalFrame[8816]):[EJ] Pass the frame to handleBayerBuffer 127 / m_isNeedRequestFrame = 1, m_isNeedInternalFrame = 0
06-11 14:49:19.099  3436 21640 D ExynosCamera3: [CAM_ID(1)][]-DEBUG(m_handleInternalFrame[8816]):[EJ] Pass the frame to handleBayerBuffer 128 / m_isNeedRequestFrame = 1, m_isNeedInternalFrame = 0
06-11 14:49:19.133  3436 21640 D ExynosCamera3: [CAM_ID(1)][]-DEBUG(m_handleInternalFrame[8816]):[EJ] Pass the frame to handleBayerBuffer 129 / m_isNeedRequestFrame = 1, m_isNeedInternalFrame = 0
06-11 14:49:19.160  3436 21638 W ExynosCamera3: [CAM_ID(1)][]-WARN(m_previewStreamISPPipeThreadFunc[6613]):wait timeout
06-11 14:49:19.166  3436 21640 D ExynosCamera3: [CAM_ID(1)][]-DEBUG(m_handleInternalFrame[8816]):[EJ] Pass the frame to handleBayerBuffer 130 / m_isNeedRequestFrame = 1, m_isNeedInternalFrame = 0
06-11 14:49:19.167  3436 21637 W ExynosCamera3: [CAM_ID(1)][]-WARN(m_previewStreamVRAPipeThreadFunc[6650]):wait timeout
06-11 14:49:19.199  3436 21640 D ExynosCamera3: [CAM_ID(1)][]-DEBUG(m_handleInternalFrame[8816]):[EJ] Pass the frame to handleBayerBuffer 131 / m_isNeedRequestFrame = 1, m_isNeedInternalFrame = 0
06-11 14:49:19.237  3436 21640 D ExynosCamera3: [CAM_ID(1)][]-DEBUG(m_handleInternalFrame[8816]):[EJ] Pass the frame to handleBayerBuffer 132 / m_isNeedRequestFrame = 1, m_isNeedInternalFrame = 0
06-11 14:49:19.266  3436 21640 D ExynosCamera3: [CAM_ID(1)][]-DEBUG(m_handleInternalFrame[8816]):[EJ] Pass the frame to handleBayerBuffer 133 / m_isNeedRequestFrame = 1, m_isNeedInternalFrame = 0
06-11 14:49:19.274  3436 21639 E ExynosCamera3: [CAM_ID(1)][]-ERR(m_monitorThreadFunc[9173]):(0)
06-11 14:49:19.274  3436 21639 E ExynosCamera3: [CAM_ID(1)][]-ERR(m_monitorThreadFunc[9175]):ERROR_DQ_BLOCKED) ; ERROR_DQ_BLOCKED_COUNT =20
06-11 14:49:19.274  3436 21639 D ExynosCamera3: [CAM_ID(1)][]-DEBUG(dump[1946]):
06-11 14:49:19.274 21353 21661 I BatteryMgr:DataCollectionService: stats => 1686487759274,-272,4235
06-11 14:49:19.276 21414 21458 I ReschedulableTimer: [#CMH#] ReschedulableTimer started 
06-11 14:49:19.299  3436 21640 D ExynosCamera3: [CAM_ID(1)][]-DEBUG(m_handleInternalFrame[8816]):[EJ] Pass the frame to handleBayerBuffer 134 / m_isNeedRequestFrame = 1, m_isNeedInternalFrame = 0
06-11 14:49:19.311  3436 21638 W ExynosCamera3: [CAM_ID(1)][]-WARN(m_previewStreamISPPipeThreadFunc[6613]):wait timeout
06-11 14:49:19.317  3436 21637 W ExynosCamera3: [CAM_ID(1)][]-WARN(m_previewStreamVRAPipeThreadFunc[6650]):wait timeout
06-11 14:49:19.332  3436 21640 D ExynosCamera3: [CAM_ID(1)][]-DEBUG(m_handleInternalFrame[8816]):[EJ] Pass the frame to handleBayerBuffer 135 / m_isNeedRequestFrame = 1, m_isNeedInternalFrame = 0
06-11 14:49:19.340  3436 21631 W ExynosCameraMCPipe: [CAM_ID(1)][PIPE_ISP]-WARN(m_putBuffer[1530]):inputFrameQ wait timeout
06-11 14:49:19.340  3436 21631 W ExynosCameraMCPipe: [CAM_ID(1)][PIPE_ISP]-WARN(m_putBufferThreadFunc[1471]):m_putbuffer fail, ret(-110)
06-11 14:49:19.355  3436 21632 W ExynosCameraMCPipe: [CAM_ID(1)][PIPE_ISP]-WARN(m_getBuffer[1976]):requestFrameQ wait timeout
06-11 14:49:19.355  3436 21632 W ExynosCameraMCPipe: [CAM_ID(1)][PIPE_ISP]-WARN(m_getBufferThreadFunc[1492]):m_getBuffer fail, ret(-110)
06-11 14:49:19.366  3436 21640 D ExynosCamera3: [CAM_ID(1)][]-DEBUG(m_handleInternalFrame[8816]):[EJ] Pass the frame to handleBayerBuffer 136 / m_isNeedRequestFrame = 1, m_isNeedInternalFrame = 0
06-11 14:49:19.399  3436 21640 D ExynosCamera3: [CAM_ID(1)][]-DEBUG(m_handleInternalFrame[8816]):[EJ] Pass the frame to handleBayerBuffer 137 / m_isNeedRequestFrame = 1, m_isNeedInternalFrame = 0
06-11 14:49:19.421  5301 11664 D SamsungAlarmManager: Cancel Alarm calling from uid:10025 pid :27045 / op:PendingIntent{5cf4961: PendingIntentRecord{688556d com.google.android.gms startService}}
06-11 14:49:19.432  3436 21640 D ExynosCamera3: [CAM_ID(1)][]-DEBUG(m_handleInternalFrame[8816]):[EJ] Pass the frame to handleBayerBuffer 138 / m_isNeedRequestFrame = 1, m_isNeedInternalFrame = 0
06-11 14:49:19.461  3436 21638 W ExynosCamera3: [CAM_ID(1)][]-WARN(m_previewStreamISPPipeThreadFunc[6613]):wait timeout
06-11 14:49:19.466  3436 21640 D ExynosCamera3: [CAM_ID(1)][]-DEBUG(m_handleInternalFrame[8816]):[EJ] Pass the frame to handleBayerBuffer 139 / m_isNeedRequestFrame = 1, m_isNeedInternalFrame = 0
06-11 14:49:19.467  3436 21637 W ExynosCamera3: [CAM_ID(1)][]-WARN(m_previewStreamVRAPipeThreadFunc[6650]):wait timeout
06-11 14:49:19.499  3436 21640 D ExynosCamera3: [CAM_ID(1)][]-DEBUG(m_handleInternalFrame[8816]):[EJ] Pass the frame to handleBayerBuffer 140 / m_isNeedRequestFrame = 1, m_isNeedInternalFrame = 0
06-11 14:49:19.516  5301 11664 D SamsungAlarmManager: Cancel Alarm calling from uid:10025 pid :28292 / op:PendingIntent{3a3fc86: PendingIntentRecord{8716984 com.google.android.gms startService}}
06-11 14:49:19.532  3436 21640 D ExynosCamera3: [CAM_ID(1)][]-DEBUG(m_handleInternalFrame[8816]):[EJ] Pass the frame to handleBayerBuffer 141 / m_isNeedRequestFrame = 1, m_isNeedInternalFrame = 0
06-11 14:49:19.566  3436 21640 D ExynosCamera3: [CAM_ID(1)][]-DEBUG(m_handleInternalFrame[8816]):[EJ] Pass the frame to handleBayerBuffer 142 / m_isNeedRequestFrame = 1, m_isNeedInternalFrame = 0
06-11 14:49:19.599  3436 21640 D ExynosCamera3: [CAM_ID(1)][]-DEBUG(m_handleInternalFrame[8816]):[EJ] Pass the frame to handleBayerBuffer 143 / m_isNeedRequestFrame = 1, m_isNeedInternalFrame = 0
06-11 14:49:19.611  3436 21638 W ExynosCamera3: [CAM_ID(1)][]-WARN(m_previewStreamISPPipeThreadFunc[6613]):wait timeout
06-11 14:49:19.617  3436 21637 W ExynosCamera3: [CAM_ID(1)][]-WARN(m_previewStreamVRAPipeThreadFunc[6650]):wait timeout
06-11 14:49:19.632  3436 21640 D ExynosCamera3: [CAM_ID(1)][]-DEBUG(m_handleInternalFrame[8816]):[EJ] Pass the frame to handleBayerBuffer 144 / m_isNeedRequestFrame = 1, m_isNeedInternalFrame = 0
06-11 14:49:19.665  3436 21640 D ExynosCamera3: [CAM_ID(1)][]-DEBUG(m_handleInternalFrame[8816]):[EJ] Pass the frame to handleBayerBuffer 145 / m_isNeedRequestFrame = 1, m_isNeedInternalFrame = 0
06-11 14:49:19.669  5301 11664 I EDMNativeHelperService: isCameraEnabled
06-11 14:49:19.699  3436 21640 D ExynosCamera3: [CAM_ID(1)][]-DEBUG(m_handleInternalFrame[8816]):[EJ] Pass the frame to handleBayerBuffer 146 / m_isNeedRequestFrame = 1, m_isNeedInternalFrame = 0
06-11 14:49:19.732  3436 21640 D ExynosCamera3: [CAM_ID(1)][]-DEBUG(m_handleInternalFrame[8816]):[EJ] Pass the frame to handleBayerBuffer 147 / m_isNeedRequestFrame = 1, m_isNeedInternalFrame = 0
06-11 14:49:19.761  3436 21638 W ExynosCamera3: [CAM_ID(1)][]-WARN(m_previewStreamISPPipeThreadFunc[6613]):wait timeout
06-11 14:49:19.765  3436 21640 D ExynosCamera3: [CAM_ID(1)][]-DEBUG(m_handleInternalFrame[8816]):[EJ] Pass the frame to handleBayerBuffer 148 / m_isNeedRequestFrame = 1, m_isNeedInternalFrame = 0
06-11 14:49:19.768  3436 21637 W ExynosCamera3: [CAM_ID(1)][]-WARN(m_previewStreamVRAPipeThreadFunc[6650]):wait timeout
06-11 14:49:19.799  3436 21640 D ExynosCamera3: [CAM_ID(1)][]-DEBUG(m_handleInternalFrame[8816]):[EJ] Pass the frame to handleBayerBuffer 149 / m_isNeedRequestFrame = 1, m_isNeedInternalFrame = 0
06-11 14:49:19.832  3436 21640 D ExynosCamera3: [CAM_ID(1)][]-DEBUG(m_handleInternalFrame[8816]):[EJ] Pass the frame to handleBayerBuffer 150 / m_isNeedRequestFrame = 1, m_isNeedInternalFrame = 0
06-11 14:49:19.865  3436 21640 D ExynosCamera3: [CAM_ID(1)][]-DEBUG(m_handleInternalFrame[8816]):[EJ] Pass the frame to handleBayerBuffer 151 / m_isNeedRequestFrame = 1, m_isNeedInternalFrame = 0
06-11 14:49:19.890  3436 21631 W ExynosCameraMCPipe: [CAM_ID(1)][PIPE_ISP]-WARN(m_putBuffer[1530]):inputFrameQ wait timeout
06-11 14:49:19.890  3436 21631 W ExynosCameraMCPipe: [CAM_ID(1)][PIPE_ISP]-WARN(m_putBufferThreadFunc[1471]):m_putbuffer fail, ret(-110)
06-11 14:49:19.899  3436 21640 D ExynosCamera3: [CAM_ID(1)][]-DEBUG(m_handleInternalFrame[8816]):[EJ] Pass the frame to handleBayerBuffer 152 / m_isNeedRequestFrame = 1, m_isNeedInternalFrame = 0
06-11 14:49:19.905  3436 21632 W ExynosCameraMCPipe: [CAM_ID(1)][PIPE_ISP]-WARN(m_getBuffer[1976]):requestFrameQ wait timeout
06-11 14:49:19.905  3436 21632 W ExynosCameraMCPipe: [CAM_ID(1)][PIPE_ISP]-WARN(m_getBufferThreadFunc[1492]):m_getBuffer fail, ret(-110)
06-11 14:49:19.911  3436 21638 W ExynosCamera3: [CAM_ID(1)][]-WARN(m_previewStreamISPPipeThreadFunc[6613]):wait timeout
06-11 14:49:19.918  3436 21637 W ExynosCamera3: [CAM_ID(1)][]-WARN(m_previewStreamVRAPipeThreadFunc[6650]):wait timeout
06-11 14:49:19.932  3436 21640 D ExynosCamera3: [CAM_ID(1)][]-DEBUG(m_handleInternalFrame[8816]):[EJ] Pass the frame to handleBayerBuffer 153 / m_isNeedRequestFrame = 1, m_isNeedInternalFrame = 0
06-11 14:49:19.969  3436 21640 D ExynosCamera3: [CAM_ID(1)][]-DEBUG(m_handleInternalFrame[8816]):[EJ] Pass the frame to handleBayerBuffer 154 / m_isNeedRequestFrame = 1, m_isNeedInternalFrame = 0
06-11 14:49:19.998  3436 21640 D ExynosCamera3: [CAM_ID(1)][]-DEBUG(m_handleInternalFrame[8816]):[EJ] Pass the frame to handleBayerBuffer 155 / m_isNeedRequestFrame = 1, m_isNeedInternalFrame = 0
06-11 14:49:20.032  3436 21640 D ExynosCamera3: [CAM_ID(1)][]-DEBUG(m_handleInternalFrame[8816]):[EJ] Pass the frame to handleBayerBuffer 156 / m_isNeedRequestFrame = 1, m_isNeedInternalFrame = 0
06-11 14:49:20.062  3436 21638 W ExynosCamera3: [CAM_ID(1)][]-WARN(m_previewStreamISPPipeThreadFunc[6613]):wait timeout
06-11 14:49:20.065  3436 21640 D ExynosCamera3: [CAM_ID(1)][]-DEBUG(m_handleInternalFrame[8816]):[EJ] Pass the frame to handleBayerBuffer 157 / m_isNeedRequestFrame = 1, m_isNeedInternalFrame = 0
06-11 14:49:20.068  3436 21637 W ExynosCamera3: [CAM_ID(1)][]-WARN(m_previewStreamVRAPipeThreadFunc[6650]):wait timeout
06-11 14:49:20.098  3436 21640 D ExynosCamera3: [CAM_ID(1)][]-DEBUG(m_handleInternalFrame[8816]):[EJ] Pass the frame to handleBayerBuffer 158 / m_isNeedRequestFrame = 1, m_isNeedInternalFrame = 0
06-11 14:49:20.132  3436 21640 D ExynosCamera3: [CAM_ID(1)][]-DEBUG(m_handleInternalFrame[8816]):[EJ] Pass the frame to handleBayerBuffer 159 / m_isNeedRequestFrame = 1, m_isNeedInternalFrame = 0
06-11 14:49:20.165  3436 21640 D ExynosCamera3: [CAM_ID(1)][]-DEBUG(m_handleInternalFrame[8816]):[EJ] Pass the frame to handleBayerBuffer 160 / m_isNeedRequestFrame = 1, m_isNeedInternalFrame = 0
06-11 14:49:20.198  3436 21640 D ExynosCamera3: [CAM_ID(1)][]-DEBUG(m_handleInternalFrame[8816]):[EJ] Pass the frame to handleBayerBuffer 161 / m_isNeedRequestFrame = 1, m_isNeedInternalFrame = 0
06-11 14:49:20.212  3436 21638 W ExynosCamera3: [CAM_ID(1)][]-WARN(m_previewStreamISPPipeThreadFunc[6613]):wait timeout
06-11 14:49:20.218  3436 21637 W ExynosCamera3: [CAM_ID(1)][]-WARN(m_previewStreamVRAPipeThreadFunc[6650]):wait timeout
06-11 14:49:20.232  3436 21640 D ExynosCamera3: [CAM_ID(1)][]-DEBUG(m_handleInternalFrame[8816]):[EJ] Pass the frame to handleBayerBuffer 162 / m_isNeedRequestFrame = 1, m_isNeedInternalFrame = 0
06-11 14:49:20.265  3436 21640 D ExynosCamera3: [CAM_ID(1)][]-DEBUG(m_handleInternalFrame[8816]):[EJ] Pass the frame to handleBayerBuffer 163 / m_isNeedRequestFrame = 1, m_isNeedInternalFrame = 0
06-11 14:49:20.280 21353 21661 I BatteryMgr:DataCollectionService: stats => 1686487760279,-272,4235
06-11 14:49:20.303  3436 21640 D ExynosCamera3: [CAM_ID(1)][]-DEBUG(m_handleInternalFrame[8816]):[EJ] Pass the frame to handleBayerBuffer 164 / m_isNeedRequestFrame = 1, m_isNeedInternalFrame = 0
06-11 14:49:20.332  3436 21640 D ExynosCamera3: [CAM_ID(1)][]-DEBUG(m_handleInternalFrame[8816]):[EJ] Pass the frame to handleBayerBuffer 165 / m_isNeedRequestFrame = 1, m_isNeedInternalFrame = 0
06-11 14:49:20.362  3436 21638 W ExynosCamera3: [CAM_ID(1)][]-WARN(m_previewStreamISPPipeThreadFunc[6613]):wait timeout
06-11 14:49:20.365  3436 21640 D ExynosCamera3: [CAM_ID(1)][]-DEBUG(m_handleInternalFrame[8816]):[EJ] Pass the frame to handleBayerBuffer 166 / m_isNeedRequestFrame = 1, m_isNeedInternalFrame = 0
06-11 14:49:20.365  3436 21629 I ExynosCameraMCPipe: [CAM_ID(1)][PIPE_3AA]-INFO(m_putBuffer[1552]):Internal Frame(5), frameCount(169), (166)
06-11 14:49:20.369  3436 21637 W ExynosCamera3: [CAM_ID(1)][]-WARN(m_previewStreamVRAPipeThreadFunc[6650]):wait timeout
06-11 14:49:20.398  3436 21640 D ExynosCamera3: [CAM_ID(1)][]-DEBUG(m_handleInternalFrame[8816]):[EJ] Pass the frame to handleBayerBuffer 167 / m_isNeedRequestFrame = 1, m_isNeedInternalFrame = 0
06-11 14:49:20.431  3436 21640 D ExynosCamera3: [CAM_ID(1)][]-DEBUG(m_handleInternalFrame[8816]):[EJ] Pass the frame to handleBayerBuffer 168 / m_isNeedRequestFrame = 1, m_isNeedInternalFrame = 0
06-11 14:49:20.440  3436 21631 W ExynosCameraMCPipe: [CAM_ID(1)][PIPE_ISP]-WARN(m_putBuffer[1530]):inputFrameQ wait timeout
06-11 14:49:20.441  3436 21631 W ExynosCameraMCPipe: [CAM_ID(1)][PIPE_ISP]-WARN(m_putBufferThreadFunc[1471]):m_putbuffer fail, ret(-110)
06-11 14:49:20.455  3436 21632 W ExynosCameraMCPipe: [CAM_ID(1)][PIPE_ISP]-WARN(m_getBuffer[1976]):requestFrameQ wait timeout
06-11 14:49:20.456  3436 21632 W ExynosCameraMCPipe: [CAM_ID(1)][PIPE_ISP]-WARN(m_getBufferThreadFunc[1492]):m_getBuffer fail, ret(-110)
06-11 14:49:20.465  3436 21640 D ExynosCamera3: [CAM_ID(1)][]-DEBUG(m_handleInternalFrame[8816]):[EJ] Pass the frame to handleBayerBuffer 169 / m_isNeedRequestFrame = 1, m_isNeedInternalFrame = 0
06-11 14:49:20.498  3436 21640 D ExynosCamera3: [CAM_ID(1)][]-DEBUG(m_handleInternalFrame[8816]):[EJ] Pass the frame to handleBayerBuffer 170 / m_isNeedRequestFrame = 1, m_isNeedInternalFrame = 0
06-11 14:49:20.512  3436 21638 W ExynosCamera3: [CAM_ID(1)][]-WARN(m_previewStreamISPPipeThreadFunc[6613]):wait timeout
06-11 14:49:20.519  3436 21637 W ExynosCamera3: [CAM_ID(1)][]-WARN(m_previewStreamVRAPipeThreadFunc[6650]):wait timeout
06-11 14:49:20.532  3436 21640 D ExynosCamera3: [CAM_ID(1)][]-DEBUG(m_handleInternalFrame[8816]):[EJ] Pass the frame to handleBayerBuffer 171 / m_isNeedRequestFrame = 1, m_isNeedInternalFrame = 0
06-11 14:49:20.565  3436 21640 D ExynosCamera3: [CAM_ID(1)][]-DEBUG(m_handleInternalFrame[8816]):[EJ] Pass the frame to handleBayerBuffer 172 / m_isNeedRequestFrame = 1, m_isNeedInternalFrame = 0
06-11 14:49:20.598  3436 21640 D ExynosCamera3: [CAM_ID(1)][]-DEBUG(m_handleInternalFrame[8816]):[EJ] Pass the frame to handleBayerBuffer 173 / m_isNeedRequestFrame = 1, m_isNeedInternalFrame = 0
06-11 14:49:20.631  3436 21640 D ExynosCamera3: [CAM_ID(1)][]-DEBUG(m_handleInternalFrame[8816]):[EJ] Pass the frame to handleBayerBuffer 174 / m_isNeedRequestFrame = 1, m_isNeedInternalFrame = 0
06-11 14:49:20.662  3436 21638 W ExynosCamera3: [CAM_ID(1)][]-WARN(m_previewStreamISPPipeThreadFunc[6613]):wait timeout
06-11 14:49:20.665  3436 21640 D ExynosCamera3: [CAM_ID(1)][]-DEBUG(m_handleInternalFrame[8816]):[EJ] Pass the frame to handleBayerBuffer 175 / m_isNeedRequestFrame = 1, m_isNeedInternalFrame = 0
06-11 14:49:20.669  3436 21637 W ExynosCamera3: [CAM_ID(1)][]-WARN(m_previewStreamVRAPipeThreadFunc[6650]):wait timeout
06-11 14:49:20.671  5301 11664 I EDMNativeHelperService: isCameraEnabled
06-11 14:49:20.698  3436 21640 D ExynosCamera3: [CAM_ID(1)][]-DEBUG(m_handleInternalFrame[8816]):[EJ] Pass the frame to handleBayerBuffer 176 / m_isNeedRequestFrame = 1, m_isNeedInternalFrame = 0
06-11 14:49:20.731  3436 21640 D ExynosCamera3: [CAM_ID(1)][]-DEBUG(m_handleInternalFrame[8816]):[EJ] Pass the frame to handleBayerBuffer 177 / m_isNeedRequestFrame = 1, m_isNeedInternalFrame = 0
06-11 14:49:20.765  3436 21640 D ExynosCamera3: [CAM_ID(1)][]-DEBUG(m_handleInternalFrame[8816]):[EJ] Pass the frame to handleBayerBuffer 178 / m_isNeedRequestFrame = 1, m_isNeedInternalFrame = 0
