07-05 16:47:30.817 15234 15329 I BatteryMgr:DataCollectionService: stats => 1688568450817,-125976,4196
07-05 16:47:30.836 15234 15329 I BatteryMgr:DataCollectionService: stats => 1688568450836,-125976,4196
07-05 16:47:30.852 15234 15329 I BatteryMgr:DataCollectionService: stats => 1688568450852,-125976,4196
07-05 16:47:30.869 15234 15329 I BatteryMgr:DataCollectionService: stats => 1688568450869,-125976,4196
07-05 16:47:30.885 15234 15329 I BatteryMgr:DataCollectionService: stats => 1688568450885,-125976,4196
07-05 16:47:30.900 15234 15329 I BatteryMgr:DataCollectionService: stats => 1688568450900,-125976,4196
07-05 16:47:30.919 15234 15329 I BatteryMgr:DataCollectionService: stats => 1688568450919,-125976,4196
07-05 16:47:30.938 15234 15329 I BatteryMgr:DataCollectionService: stats => 1688568450938,-125976,4196
07-05 16:47:30.958 15234 15329 I BatteryMgr:DataCollectionService: stats => 1688568450958,-125976,4196
07-05 16:47:30.978 15234 15329 I BatteryMgr:DataCollectionService: stats => 1688568450978,-125976,4196
07-05 16:47:30.999 15234 15329 I BatteryMgr:DataCollectionService: stats => 1688568450999,-125976,4196
07-05 16:47:31.019 15234 15329 I BatteryMgr:DataCollectionService: stats => 1688568451018,-125976,4196
07-05 16:47:31.039 15234 15329 I BatteryMgr:DataCollectionService: stats => 1688568451039,-125976,4196
07-05 16:47:31.059 15234 15329 I BatteryMgr:DataCollectionService: stats => 1688568451059,-125976,4196
07-05 16:47:31.079 15234 15329 I BatteryMgr:DataCollectionService: stats => 1688568451079,-125976,4196
07-05 16:47:31.098 15234 15329 I BatteryMgr:DataCollectionService: stats => 1688568451098,-125976,4196
07-05 16:47:31.117 15234 15329 I BatteryMgr:DataCollectionService: stats => 1688568451117,-125976,4196
07-05 16:47:31.133 15234 15329 I BatteryMgr:DataCollectionService: stats => 1688568451133,-125976,4196
07-05 16:47:31.149 15234 15329 I BatteryMgr:DataCollectionService: stats => 1688568451149,-125976,4196
07-05 16:47:31.165 15234 15329 I BatteryMgr:DataCollectionService: stats => 1688568451165,-125976,4196
07-05 16:47:31.178 15234 15329 I BatteryMgr:DataCollectionService: stats => 1688568451178,-125976,4196
07-05 16:47:31.193 15234 15329 I BatteryMgr:DataCollectionService: stats => 1688568451193,-125976,4196
07-05 16:47:31.207 15234 15329 I BatteryMgr:DataCollectionService: stats => 1688568451207,-125976,4196
07-05 16:47:31.220 15234 15329 I BatteryMgr:DataCollectionService: stats => 1688568451220,-125976,4196
07-05 16:47:31.235 15234 15329 I BatteryMgr:DataCollectionService: stats => 1688568451235,-125976,4196
07-05 16:47:31.249 15234 15329 I BatteryMgr:DataCollectionService: stats => 1688568451248,-125976,4196
07-05 16:47:31.264 15234 15329 I BatteryMgr:DataCollectionService: stats => 1688568451264,-125976,4196
07-05 16:47:31.278 15234 15329 I BatteryMgr:DataCollectionService: stats => 1688568451278,-125976,4196
07-05 16:47:31.295 15234 15329 I BatteryMgr:DataCollectionService: stats => 1688568451295,-125976,4196
07-05 16:47:31.308 15234 15329 I BatteryMgr:DataCollectionService: stats => 1688568451308,-125976,4196
07-05 16:47:31.325 15234 15329 I BatteryMgr:DataCollectionService: stats => 1688568451325,-125976,4196
07-05 16:47:31.339 15234 15329 I BatteryMgr:DataCollectionService: stats => 1688568451339,-125976,4196
07-05 16:47:31.354 15234 15329 I BatteryMgr:DataCollectionService: stats => 1688568451354,-125976,4196
07-05 16:47:31.369 15234 15329 I BatteryMgr:DataCollectionService: stats => 1688568451369,-125976,4196
07-05 16:47:31.388 15234 15329 I BatteryMgr:DataCollectionService: stats => 1688568451388,-125976,4196
07-05 16:47:31.408 15234 15329 I BatteryMgr:DataCollectionService: stats => 1688568451408,-125976,4196
07-05 16:47:31.428 15234 15329 I BatteryMgr:DataCollectionService: stats => 1688568451427,-125976,4196
07-05 16:47:31.443 15234 15329 I BatteryMgr:DataCollectionService: stats => 1688568451443,-125976,4196
07-05 16:47:31.460 15234 15329 I BatteryMgr:DataCollectionService: stats => 1688568451459,-157714,4196
07-05 16:47:31.480 15234 15329 I BatteryMgr:DataCollectionService: stats => 1688568451480,-157714,4196
07-05 16:47:31.494 15234 15329 I BatteryMgr:DataCollectionService: stats => 1688568451494,-157714,4196
07-05 16:47:31.509 15234 15329 I BatteryMgr:DataCollectionService: stats => 1688568451509,-157714,4196
07-05 16:47:31.525 15234 15329 I BatteryMgr:DataCollectionService: stats => 1688568451525,-157714,4196
07-05 16:47:31.538 15234 15329 I BatteryMgr:DataCollectionService: stats => 1688568451538,-157714,4196
07-05 16:47:31.551 15234 15329 I BatteryMgr:DataCollectionService: stats => 1688568451551,-157714,4196
07-05 16:47:31.568 15234 15329 I BatteryMgr:DataCollectionService: stats => 1688568451568,-157714,4196
07-05 16:47:31.582 15234 15329 I BatteryMgr:DataCollectionService: stats => 1688568451581,-157714,4196
07-05 16:47:31.595 15234 15329 I BatteryMgr:DataCollectionService: stats => 1688568451595,-157714,4196
07-05 16:47:31.608 15234 15329 I BatteryMgr:DataCollectionService: stats => 1688568451608,-157714,4196
07-05 16:47:31.622 15234 15329 I BatteryMgr:DataCollectionService: stats => 1688568451622,-157714,4196
07-05 16:47:31.635 15234 15329 I BatteryMgr:DataCollectionService: stats => 1688568451635,-157714,4196
07-05 16:47:31.647 15234 15329 I BatteryMgr:DataCollectionService: stats => 1688568451647,-157714,4196
07-05 16:47:31.660 15234 15329 I BatteryMgr:DataCollectionService: stats => 1688568451660,-157714,4196
07-05 16:47:31.676 15234 15329 I BatteryMgr:DataCollectionService: stats => 1688568451676,-157714,4196
07-05 16:47:31.692 15234 15329 I BatteryMgr:DataCollectionService: stats => 1688568451692,-157714,4196
07-05 16:47:31.709 15234 15329 I BatteryMgr:DataCollectionService: stats => 1688568451709,-157714,4196
07-05 16:47:31.727 15234 15329 I BatteryMgr:DataCollectionService: stats => 1688568451727,-157714,4196
07-05 16:47:31.746 15234 15329 I BatteryMgr:DataCollectionService: stats => 1688568451746,-157714,4196
07-05 16:47:31.767 15234 15329 I BatteryMgr:DataCollectionService: stats => 1688568451767,-157714,4196
07-05 16:47:31.782 15234 15329 I BatteryMgr:DataCollectionService: stats => 1688568451782,-157714,4196
07-05 16:47:31.799 15234 15329 I BatteryMgr:DataCollectionService: stats => 1688568451799,-157714,4196
07-05 16:47:31.818 15234 15329 I BatteryMgr:DataCollectionService: stats => 1688568451818,-157714,4196
07-05 16:47:31.836 15234 15329 I BatteryMgr:DataCollectionService: stats => 1688568451836,-157714,4196
07-05 16:47:31.851 15234 15329 I BatteryMgr:DataCollectionService: stats => 1688568451851,-157714,4196
07-05 16:47:31.869 15234 15329 I BatteryMgr:DataCollectionService: stats => 1688568451869,-157714,4196
07-05 16:47:31.887 15234 15329 I BatteryMgr:DataCollectionService: stats => 1688568451887,-157714,4196
07-05 16:47:31.902 15234 15329 I BatteryMgr:DataCollectionService: stats => 1688568451902,-157714,4196
07-05 16:47:31.918 15234 15329 I BatteryMgr:DataCollectionService: stats => 1688568451918,-157714,4196
07-05 16:47:31.937 15234 15329 I BatteryMgr:DataCollectionService: stats => 1688568451937,-157714,4196
07-05 16:47:31.956 15234 15329 I BatteryMgr:DataCollectionService: stats => 1688568451956,-157714,4196
07-05 16:47:31.971 15234 15329 I BatteryMgr:DataCollectionService: stats => 1688568451971,-157714,4196
07-05 16:47:31.989 15234 15329 I BatteryMgr:DataCollectionService: stats => 1688568451989,-157714,4196
07-05 16:47:32.007 15234 15329 I BatteryMgr:DataCollectionService: stats => 1688568452007,-157714,4196
07-05 16:47:32.022 15234 15329 I BatteryMgr:DataCollectionService: stats => 1688568452022,-157714,4196
07-05 16:47:32.039 15234 15329 I BatteryMgr:DataCollectionService: stats => 1688568452039,-157714,4196
07-05 16:47:32.059 15234 15329 I BatteryMgr:DataCollectionService: stats => 1688568452059,-157714,4196
07-05 16:47:32.076 15234 15329 I BatteryMgr:DataCollectionService: stats => 1688568452076,-157714,4196
07-05 16:47:32.093 15234 15329 I BatteryMgr:DataCollectionService: stats => 1688568452093,-157714,4196
07-05 16:47:32.109 15234 15329 I BatteryMgr:DataCollectionService: stats => 1688568452109,-157714,4196
07-05 16:47:32.129 15234 15329 I BatteryMgr:DataCollectionService: stats => 1688568452129,-157714,4196
07-05 16:47:32.150 15234 15329 I BatteryMgr:DataCollectionService: stats => 1688568452150,-157714,4196
07-05 16:47:32.169 15234 15329 I BatteryMgr:DataCollectionService: stats => 1688568452169,-157714,4196
07-05 16:47:32.188 15234 15329 I BatteryMgr:DataCollectionService: stats => 1688568452188,-157714,4196
07-05 16:47:32.208 15234 15329 I BatteryMgr:DataCollectionService: stats => 1688568452208,-157714,4196
07-05 16:47:32.227 15234 15329 I BatteryMgr:DataCollectionService: stats => 1688568452227,-157714,4196
07-05 16:47:32.243 15234 15329 I BatteryMgr:DataCollectionService: stats => 1688568452243,-157714,4196
07-05 16:47:32.258 15234 15329 I BatteryMgr:DataCollectionService: stats => 1688568452258,-157714,4196
07-05 16:47:32.276 15234 15329 I BatteryMgr:DataCollectionService: stats => 1688568452276,-157714,4196
07-05 16:47:32.291 15234 15329 I BatteryMgr:DataCollectionService: stats => 1688568452291,-157714,4196
07-05 16:47:32.310 15234 15329 I BatteryMgr:DataCollectionService: stats => 1688568452310,-157714,4196
07-05 16:47:32.330 15234 15329 I BatteryMgr:DataCollectionService: stats => 1688568452329,-157714,4196
07-05 16:47:32.348 15234 15329 I BatteryMgr:DataCollectionService: stats => 1688568452348,-157714,4196
07-05 16:47:32.363 15234 15329 I BatteryMgr:DataCollectionService: stats => 1688568452363,-157714,4196
07-05 16:47:32.377 15234 15329 I BatteryMgr:DataCollectionService: stats => 1688568452377,-157714,4196
07-05 16:47:32.391 15234 15329 I BatteryMgr:DataCollectionService: stats => 1688568452391,-157714,4196
07-05 16:47:32.406 15234 15329 I BatteryMgr:DataCollectionService: stats => 1688568452406,-157714,4196
07-05 16:47:32.419 15234 15329 I BatteryMgr:DataCollectionService: stats => 1688568452419,-157714,4196
07-05 16:47:32.434 15234 15329 I BatteryMgr:DataCollectionService: stats => 1688568452434,-157714,4196
07-05 16:47:32.447 15234 15329 I BatteryMgr:DataCollectionService: stats => 1688568452447,-157714,4196
07-05 16:47:32.463 15234 15329 I BatteryMgr:DataCollectionService: stats => 1688568452463,-157714,4196
07-05 16:47:32.477 15234 15329 I BatteryMgr:DataCollectionService: stats => 1688568452477,-157714,4196
07-05 16:47:32.493 15234 15329 I BatteryMgr:DataCollectionService: stats => 1688568452493,-157714,4196
07-05 16:47:32.507 15234 15329 I BatteryMgr:DataCollectionService: stats => 1688568452507,-157714,4196
07-05 16:47:32.523 15234 15329 I BatteryMgr:DataCollectionService: stats => 1688568452523,-157714,4196
07-05 16:47:32.538 15234 15329 I BatteryMgr:DataCollectionService: stats => 1688568452538,-157714,4196
07-05 16:47:32.553 15234 15329 I BatteryMgr:DataCollectionService: stats => 1688568452553,-157714,4196
07-05 16:47:32.567 15234 15329 I BatteryMgr:DataCollectionService: stats => 1688568452567,-157714,4196
07-05 16:47:32.582 15234 15329 I BatteryMgr:DataCollectionService: stats => 1688568452582,-157714,4196
07-05 16:47:32.599 15234 15329 I BatteryMgr:DataCollectionService: stats => 1688568452599,-157714,4196
07-05 16:47:32.619 15234 15329 I BatteryMgr:DataCollectionService: stats => 1688568452618,-157714,4196
07-05 16:47:32.636 15234 15329 I BatteryMgr:DataCollectionService: stats => 1688568452636,-157714,4196
07-05 16:47:32.653 15234 15329 I BatteryMgr:DataCollectionService: stats => 1688568452653,-157714,4196
07-05 16:47:32.667 15234 15329 I BatteryMgr:DataCollectionService: stats => 1688568452667,-157714,4196
07-05 16:47:32.683 15234 15329 I BatteryMgr:DataCollectionService: stats => 1688568452683,-157714,4196
07-05 16:47:32.697 15234 15329 I BatteryMgr:DataCollectionService: stats => 1688568452697,-157714,4196
07-05 16:47:32.710 15234 15329 I BatteryMgr:DataCollectionService: stats => 1688568452710,-157714,4196
07-05 16:47:32.724 15234 15329 I BatteryMgr:DataCollectionService: stats => 1688568452724,-157714,4196
07-05 16:47:32.737 15234 15329 I BatteryMgr:DataCollectionService: stats => 1688568452737,-157714,4196
07-05 16:47:32.751 15234 15329 I BatteryMgr:DataCollectionService: stats => 1688568452751,-157714,4196
07-05 16:47:32.764 15234 15329 I BatteryMgr:DataCollectionService: stats => 1688568452764,-157714,4196
07-05 16:47:32.777 15234 15329 I BatteryMgr:DataCollectionService: stats => 1688568452777,-157714,4196
07-05 16:47:32.791 15234 15329 I BatteryMgr:DataCollectionService: stats => 1688568452790,-157714,4196
07-05 16:47:32.803 15234 15329 I BatteryMgr:DataCollectionService: stats => 1688568452803,-157714,4196
07-05 16:47:32.816 15234 15329 I BatteryMgr:DataCollectionService: stats => 1688568452816,-157714,4196
07-05 16:47:32.828 15234 15329 I BatteryMgr:DataCollectionService: stats => 1688568452828,-157714,4196
07-05 16:47:32.842 15234 15329 I BatteryMgr:DataCollectionService: stats => 1688568452842,-157714,4196
07-05 16:47:32.855 15234 15329 I BatteryMgr:DataCollectionService: stats => 1688568452855,-157714,4196
07-05 16:47:32.867 15234 15329 I BatteryMgr:DataCollectionService: stats => 1688568452867,-157714,4196
07-05 16:47:32.882 15234 15329 I BatteryMgr:DataCollectionService: stats => 1688568452882,-157714,4196
07-05 16:47:32.899 15234 15329 I BatteryMgr:DataCollectionService: stats => 1688568452899,-157714,4196
07-05 16:47:32.916 15234 15329 I BatteryMgr:DataCollectionService: stats => 1688568452916,-254882,4196
07-05 16:47:32.931 15234 15329 I BatteryMgr:DataCollectionService: stats => 1688568452931,-254882,4196
07-05 16:47:32.949 15234 15329 I BatteryMgr:DataCollectionService: stats => 1688568452949,-254882,4196
07-05 16:47:32.968 15234 15329 I BatteryMgr:DataCollectionService: stats => 1688568452968,-254882,4196
07-05 16:47:32.988 15234 15329 I BatteryMgr:DataCollectionService: stats => 1688568452988,-254882,4196
07-05 16:47:33.006 15234 15329 I BatteryMgr:DataCollectionService: stats => 1688568453006,-254882,4196
07-05 16:47:33.021 15234 15329 I BatteryMgr:DataCollectionService: stats => 1688568453021,-254882,4196
07-05 16:47:33.037 15234 15329 I BatteryMgr:DataCollectionService: stats => 1688568453037,-254882,4196
07-05 16:47:33.052 15234 15329 I BatteryMgr:DataCollectionService: stats => 1688568453052,-254882,4196
07-05 16:47:33.069 15234 15329 I BatteryMgr:DataCollectionService: stats => 1688568453069,-254882,4196
07-05 16:47:33.089 15234 15329 I BatteryMgr:DataCollectionService: stats => 1688568453089,-254882,4196
07-05 16:47:33.108 15234 15329 I BatteryMgr:DataCollectionService: stats => 1688568453107,-254882,4196
07-05 16:47:33.127 15234 15329 I BatteryMgr:DataCollectionService: stats => 1688568453126,-254882,4196
07-05 16:47:33.142 15234 15329 I BatteryMgr:DataCollectionService: stats => 1688568453141,-254882,4196
07-05 16:47:33.157 15234 15329 I BatteryMgr:DataCollectionService: stats => 1688568453157,-254882,4196
07-05 16:47:33.172 15234 15329 I BatteryMgr:DataCollectionService: stats => 1688568453172,-254882,4196
07-05 16:47:33.190 15234 15329 I BatteryMgr:DataCollectionService: stats => 1688568453190,-254882,4196
07-05 16:47:33.209 15234 15329 I BatteryMgr:DataCollectionService: stats => 1688568453209,-254882,4196
07-05 16:47:33.228 15234 15329 I BatteryMgr:DataCollectionService: stats => 1688568453228,-254882,4196
07-05 16:47:33.247 15234 15329 I BatteryMgr:DataCollectionService: stats => 1688568453247,-254882,4196
07-05 16:47:33.262 15234 15329 I BatteryMgr:DataCollectionService: stats => 1688568453262,-254882,4196
07-05 16:47:33.277 15234 15329 I BatteryMgr:DataCollectionService: stats => 1688568453277,-254882,4196
07-05 16:47:33.292 15234 15329 I BatteryMgr:DataCollectionService: stats => 1688568453292,-254882,4196
07-05 16:47:33.309 15234 15329 I BatteryMgr:DataCollectionService: stats => 1688568453309,-254882,4196
07-05 16:47:33.329 15234 15329 I BatteryMgr:DataCollectionService: stats => 1688568453329,-254882,4196
07-05 16:47:33.349 15234 15329 I BatteryMgr:DataCollectionService: stats => 1688568453349,-254882,4196
07-05 16:47:33.368 15234 15329 I BatteryMgr:DataCollectionService: stats => 1688568453368,-254882,4196
07-05 16:47:33.389 15234 15329 I BatteryMgr:DataCollectionService: stats => 1688568453389,-254882,4196
07-05 16:47:33.408 15234 15329 I BatteryMgr:DataCollectionService: stats => 1688568453408,-254882,4196
07-05 16:47:33.428 15234 15329 I BatteryMgr:DataCollectionService: stats => 1688568453427,-254882,4196
07-05 16:47:33.443 15234 15329 I BatteryMgr:DataCollectionService: stats => 1688568453443,-254882,4196
07-05 16:47:33.458 15234 15329 I BatteryMgr:DataCollectionService: stats => 1688568453458,-254882,4196
07-05 16:47:33.475 15234 15329 I BatteryMgr:DataCollectionService: stats => 1688568453475,-254882,4196
07-05 16:47:33.491 15234 15329 I BatteryMgr:DataCollectionService: stats => 1688568453491,-254882,4196
07-05 16:47:33.508 15234 15329 I BatteryMgr:DataCollectionService: stats => 1688568453508,-254882,4196
07-05 16:47:33.527 15234 15329 I BatteryMgr:DataCollectionService: stats => 1688568453527,-254882,4196
07-05 16:47:33.547 15234 15329 I BatteryMgr:DataCollectionService: stats => 1688568453546,-254882,4196
07-05 16:47:33.562 15234 15329 I BatteryMgr:DataCollectionService: stats => 1688568453562,-254882,4196
07-05 16:47:33.577 15234 15329 I BatteryMgr:DataCollectionService: stats => 1688568453577,-254882,4196
07-05 16:47:33.591 15234 15329 I BatteryMgr:DataCollectionService: stats => 1688568453591,-254882,4196
07-05 16:47:33.606 15234 15329 I BatteryMgr:DataCollectionService: stats => 1688568453606,-254882,4196
07-05 16:47:33.620 15234 15329 I BatteryMgr:DataCollectionService: stats => 1688568453620,-254882,4196
07-05 16:47:33.637 15234 15329 I BatteryMgr:DataCollectionService: stats => 1688568453637,-254882,4196
07-05 16:47:33.651 15234 15329 I BatteryMgr:DataCollectionService: stats => 1688568453651,-254882,4196
07-05 16:47:33.666 15234 15329 I BatteryMgr:DataCollectionService: stats => 1688568453666,-254882,4196
07-05 16:47:33.680 15234 15329 I BatteryMgr:DataCollectionService: stats => 1688568453680,-254882,4196
07-05 16:47:33.695 15234 15329 I BatteryMgr:DataCollectionService: stats => 1688568453695,-254882,4196
07-05 16:47:33.710 15234 15329 I BatteryMgr:DataCollectionService: stats => 1688568453710,-254882,4196
07-05 16:47:33.725 15234 15329 I BatteryMgr:DataCollectionService: stats => 1688568453725,-254882,4196
07-05 16:47:33.740 15234 15329 I BatteryMgr:DataCollectionService: stats => 1688568453739,-254882,4196
07-05 16:47:33.756 15234 15329 I BatteryMgr:DataCollectionService: stats => 1688568453756,-254882,4196
07-05 16:47:33.769 15234 15329 I BatteryMgr:DataCollectionService: stats => 1688568453769,-254882,4196
07-05 16:47:33.785 15234 15329 I BatteryMgr:DataCollectionService: stats => 1688568453785,-254882,4196
07-05 16:47:33.799 15234 15329 I BatteryMgr:DataCollectionService: stats => 1688568453799,-254882,4196
07-05 16:47:33.814 15234 15329 I BatteryMgr:DataCollectionService: stats => 1688568453814,-254882,4196
07-05 16:47:33.831 15234 15329 I BatteryMgr:DataCollectionService: stats => 1688568453831,-254882,4196
07-05 16:47:33.845 15234 15329 I BatteryMgr:DataCollectionService: stats => 1688568453845,-254882,4196
07-05 16:47:33.860 15234 15329 I BatteryMgr:DataCollectionService: stats => 1688568453860,-254882,4196
07-05 16:47:33.874 15234 15329 I BatteryMgr:DataCollectionService: stats => 1688568453874,-254882,4196
07-05 16:47:33.888 15234 15329 I BatteryMgr:DataCollectionService: stats => 1688568453888,-254882,4196
07-05 16:47:33.902 15234 15329 I BatteryMgr:DataCollectionService: stats => 1688568453902,-254882,4196
07-05 16:47:33.916 15234 15329 I BatteryMgr:DataCollectionService: stats => 1688568453916,-254882,4196
07-05 16:47:33.929 15234 15329 I BatteryMgr:DataCollectionService: stats => 1688568453929,-254882,4196
07-05 16:47:33.943 15234 15329 I BatteryMgr:DataCollectionService: stats => 1688568453943,-254882,4196
07-05 16:47:33.956 15234 15329 I BatteryMgr:DataCollectionService: stats => 1688568453956,-254882,4196
07-05 16:47:33.969 15234 15329 I BatteryMgr:DataCollectionService: stats => 1688568453969,-254882,4196
07-05 16:47:33.981 15234 15329 I BatteryMgr:DataCollectionService: stats => 1688568453981,-254882,4196
07-05 16:47:33.994 15234 15329 I BatteryMgr:DataCollectionService: stats => 1688568453994,-254882,4196
07-05 16:47:34.006 15234 15329 I BatteryMgr:DataCollectionService: stats => 1688568454006,-254882,4196
07-05 16:47:34.018 15234 15329 I BatteryMgr:DataCollectionService: stats => 1688568454018,-254882,4196
07-05 16:47:34.031 15234 15329 I BatteryMgr:DataCollectionService: stats => 1688568454031,-254882,4196
07-05 16:47:34.043 15234 15329 I BatteryMgr:DataCollectionService: stats => 1688568454043,-254882,4196
07-05 16:47:34.056 15234 15329 I BatteryMgr:DataCollectionService: stats => 1688568454056,-254882,4196
07-05 16:47:34.068 15234 15329 I BatteryMgr:DataCollectionService: stats => 1688568454068,-254882,4196
07-05 16:47:34.086 15234 15329 I BatteryMgr:DataCollectionService: stats => 1688568454086,-254882,4196
07-05 16:47:34.101 15234 15329 I BatteryMgr:DataCollectionService: stats => 1688568454101,-254882,4196
07-05 16:47:34.119 15234 15329 I BatteryMgr:DataCollectionService: stats => 1688568454119,-254882,4196
07-05 16:47:34.138 15234 15329 I BatteryMgr:DataCollectionService: stats => 1688568454138,-254882,4196
07-05 16:47:34.158 15234 15329 I BatteryMgr:DataCollectionService: stats => 1688568454158,-254882,4196
07-05 16:47:34.178 15234 15329 I BatteryMgr:DataCollectionService: stats => 1688568454178,-254882,4196
07-05 16:47:34.194 15234 15329 I BatteryMgr:DataCollectionService: stats => 1688568454194,-254882,4196
07-05 16:47:34.209 15234 15329 I BatteryMgr:DataCollectionService: stats => 1688568454209,-254882,4196
07-05 16:47:34.226 15234 15329 I BatteryMgr:DataCollectionService: stats => 1688568454226,-254882,4196
07-05 16:47:34.242 15234 15329 I BatteryMgr:DataCollectionService: stats => 1688568454242,-254882,4196
07-05 16:47:34.261 15234 15329 I BatteryMgr:DataCollectionService: stats => 1688568454261,-254882,4196
07-05 16:47:34.279 15234 15329 I BatteryMgr:DataCollectionService: stats => 1688568454279,-254882,4196
07-05 16:47:34.299 15234 15329 I BatteryMgr:DataCollectionService: stats => 1688568454298,-254882,4196
07-05 16:47:34.318 15234 15329 I BatteryMgr:DataCollectionService: stats => 1688568454318,-254882,4196
07-05 16:47:34.334 15234 15329 I BatteryMgr:DataCollectionService: stats => 1688568454334,-254882,4196
07-05 16:47:34.350 15234 15329 I BatteryMgr:DataCollectionService: stats => 1688568454350,-254882,4196
07-05 16:47:34.369 15234 15329 I BatteryMgr:DataCollectionService: stats => 1688568454369,-254882,4196
07-05 16:47:34.387 15234 15329 I BatteryMgr:DataCollectionService: stats => 1688568454387,-123535,4196
07-05 16:47:34.402 15234 15329 I BatteryMgr:DataCollectionService: stats => 1688568454402,-123535,4196
07-05 16:47:34.420 15234 15329 I BatteryMgr:DataCollectionService: stats => 1688568454420,-123535,4196
07-05 16:47:34.439 15234 15329 I BatteryMgr:DataCollectionService: stats => 1688568454439,-123535,4196
07-05 16:47:34.458 15234 15329 I BatteryMgr:DataCollectionService: stats => 1688568454458,-123535,4196
07-05 16:47:34.479 15234 15329 I BatteryMgr:DataCollectionService: stats => 1688568454479,-123535,4196
07-05 16:47:34.499 15234 15329 I BatteryMgr:DataCollectionService: stats => 1688568454499,-123535,4196
07-05 16:47:34.519 15234 15329 I BatteryMgr:DataCollectionService: stats => 1688568454519,-123535,4196
07-05 16:47:34.538 15234 15329 I BatteryMgr:DataCollectionService: stats => 1688568454538,-123535,4196
07-05 16:47:34.558 15234 15329 I BatteryMgr:DataCollectionService: stats => 1688568454558,-123535,4196
07-05 16:47:34.578 15234 15329 I BatteryMgr:DataCollectionService: stats => 1688568454578,-123535,4196
07-05 16:47:34.604 15234 15329 I BatteryMgr:DataCollectionService: stats => 1688568454604,-123535,4196
07-05 16:47:34.624 15234 15329 I BatteryMgr:DataCollectionService: stats => 1688568454624,-123535,4196
07-05 16:47:34.640 15234 15329 I BatteryMgr:DataCollectionService: stats => 1688568454640,-123535,4196
07-05 16:47:34.655 15234 15329 I BatteryMgr:DataCollectionService: stats => 1688568454655,-123535,4196
07-05 16:47:34.669 15234 15329 I BatteryMgr:DataCollectionService: stats => 1688568454669,-123535,4196
07-05 16:47:34.684 15234 15329 I BatteryMgr:DataCollectionService: stats => 1688568454684,-123535,4196
07-05 16:47:34.698 15234 15329 I BatteryMgr:DataCollectionService: stats => 1688568454698,-123535,4196
07-05 16:47:34.714 15234 15329 I BatteryMgr:DataCollectionService: stats => 1688568454714,-123535,4196
07-05 16:47:34.728 15234 15329 I BatteryMgr:DataCollectionService: stats => 1688568454728,-123535,4196
07-05 16:47:34.743 15234 15329 I BatteryMgr:DataCollectionService: stats => 1688568454743,-123535,4196
07-05 16:47:34.757 15234 15329 I BatteryMgr:DataCollectionService: stats => 1688568454757,-123535,4196
07-05 16:47:34.774 15234 15329 I BatteryMgr:DataCollectionService: stats => 1688568454774,-123535,4196
07-05 16:47:34.788 15234 15329 I BatteryMgr:DataCollectionService: stats => 1688568454788,-123535,4196
07-05 16:47:34.804 15234 15329 I BatteryMgr:DataCollectionService: stats => 1688568454803,-123535,4196
07-05 16:47:34.817 15234 15329 I BatteryMgr:DataCollectionService: stats => 1688568454817,-123535,4196
07-05 16:47:34.834 15234 15329 I BatteryMgr:DataCollectionService: stats => 1688568454834,-123535,4196
07-05 16:47:34.847 15234 15329 I BatteryMgr:DataCollectionService: stats => 1688568454847,-123535,4196
07-05 16:47:34.863 15234 15329 I BatteryMgr:DataCollectionService: stats => 1688568454863,-123535,4196
07-05 16:47:34.877 15234 15329 I BatteryMgr:DataCollectionService: stats => 1688568454877,-123535,4196
07-05 16:47:34.894 15234 15329 I BatteryMgr:DataCollectionService: stats => 1688568454894,-123535,4196
07-05 16:47:34.908 15234 15329 I BatteryMgr:DataCollectionService: stats => 1688568454908,-123535,4196
07-05 16:47:34.923 15234 15329 I BatteryMgr:DataCollectionService: stats => 1688568454923,-123535,4196
07-05 16:47:34.937 15234 15329 I BatteryMgr:DataCollectionService: stats => 1688568454937,-123535,4196
07-05 16:47:34.957 15234 15329 I BatteryMgr:DataCollectionService: stats => 1688568454957,-123535,4196
07-05 16:47:34.974 15234 15329 I BatteryMgr:DataCollectionService: stats => 1688568454974,-123535,4196
07-05 16:47:34.993 15234 15329 I BatteryMgr:DataCollectionService: stats => 1688568454993,-123535,4196
07-05 16:47:35.007 15234 15329 I BatteryMgr:DataCollectionService: stats => 1688568455007,-123535,4196
07-05 16:47:35.022 15234 15329 I BatteryMgr:DataCollectionService: stats => 1688568455022,-123535,4196
07-05 16:47:35.035 15234 15329 I BatteryMgr:DataCollectionService: stats => 1688568455035,-123535,4196
07-05 16:47:35.049 15234 15329 I BatteryMgr:DataCollectionService: stats => 1688568455049,-123535,4196
07-05 16:47:35.063 15234 15329 I BatteryMgr:DataCollectionService: stats => 1688568455063,-123535,4196
07-05 16:47:35.077 15234 15329 I BatteryMgr:DataCollectionService: stats => 1688568455077,-123535,4196
07-05 16:47:35.090 15234 15329 I BatteryMgr:DataCollectionService: stats => 1688568455090,-123535,4196
07-05 16:47:35.104 15234 15329 I BatteryMgr:DataCollectionService: stats => 1688568455104,-123535,4196
07-05 16:47:35.117 15234 15329 I BatteryMgr:DataCollectionService: stats => 1688568455117,-123535,4196
07-05 16:47:35.130 15234 15329 I BatteryMgr:DataCollectionService: stats => 1688568455130,-123535,4196
07-05 16:47:35.142 15234 15329 I BatteryMgr:DataCollectionService: stats => 1688568455142,-123535,4196
07-05 16:47:35.155 15234 15329 I BatteryMgr:DataCollectionService: stats => 1688568455155,-123535,4196
07-05 16:47:35.167 15234 15329 I BatteryMgr:DataCollectionService: stats => 1688568455167,-123535,4196
07-05 16:47:35.179 15234 15329 I BatteryMgr:DataCollectionService: stats => 1688568455179,-123535,4196
07-05 16:47:35.193 15234 15329 I BatteryMgr:DataCollectionService: stats => 1688568455193,-123535,4196
07-05 16:47:35.205 15234 15329 I BatteryMgr:DataCollectionService: stats => 1688568455205,-123535,4196
07-05 16:47:35.221 15234 15329 I BatteryMgr:DataCollectionService: stats => 1688568455221,-123535,4196
07-05 16:47:35.238 15234 15329 I BatteryMgr:DataCollectionService: stats => 1688568455238,-123535,4196
07-05 16:47:35.258 15234 15329 I BatteryMgr:DataCollectionService: stats => 1688568455258,-123535,4196
07-05 16:47:35.277 15234 15329 I BatteryMgr:DataCollectionService: stats => 1688568455277,-123535,4196
07-05 16:47:35.298 15234 15329 I BatteryMgr:DataCollectionService: stats => 1688568455297,-123535,4196
07-05 16:47:35.317 15234 15329 I BatteryMgr:DataCollectionService: stats => 1688568455317,-123535,4196
07-05 16:47:35.333 15234 15329 I BatteryMgr:DataCollectionService: stats => 1688568455332,-123535,4196
07-05 16:47:35.349 15234 15329 I BatteryMgr:DataCollectionService: stats => 1688568455349,-123535,4196
07-05 16:47:35.369 15234 15329 I BatteryMgr:DataCollectionService: stats => 1688568455368,-123535,4196
07-05 16:47:35.386 15234 15329 I BatteryMgr:DataCollectionService: stats => 1688568455386,-123535,4196
07-05 16:47:35.401 15234 15329 I BatteryMgr:DataCollectionService: stats => 1688568455401,-123535,4196
07-05 16:47:35.417 15234 15329 I BatteryMgr:DataCollectionService: stats => 1688568455417,-123535,4196
07-05 16:47:35.432 15234 15329 I BatteryMgr:DataCollectionService: stats => 1688568455432,-123535,4196
07-05 16:47:35.449 15234 15329 I BatteryMgr:DataCollectionService: stats => 1688568455449,-123535,4196
07-05 16:47:35.466 15234 15329 I BatteryMgr:DataCollectionService: stats => 1688568455466,-123535,4196
07-05 16:47:35.481 15234 15329 I BatteryMgr:DataCollectionService: stats => 1688568455481,-123535,4196
07-05 16:47:35.496 15234 15329 I BatteryMgr:DataCollectionService: stats => 1688568455496,-123535,4196
07-05 16:47:35.512 15234 15329 I BatteryMgr:DataCollectionService: stats => 1688568455512,-123535,4196
07-05 16:47:35.529 15234 15329 I BatteryMgr:DataCollectionService: stats => 1688568455529,-123535,4196
07-05 16:47:35.546 15234 15329 I BatteryMgr:DataCollectionService: stats => 1688568455546,-123535,4196
07-05 16:47:35.561 15234 15329 I BatteryMgr:DataCollectionService: stats => 1688568455561,-123535,4196
07-05 16:47:35.579 15234 15329 I BatteryMgr:DataCollectionService: stats => 1688568455579,-123535,4196
07-05 16:47:35.598 15234 15329 I BatteryMgr:DataCollectionService: stats => 1688568455598,-123535,4196
07-05 16:47:35.617 15234 15329 I BatteryMgr:DataCollectionService: stats => 1688568455617,-123535,4196
07-05 16:47:35.632 15234 15329 I BatteryMgr:DataCollectionService: stats => 1688568455632,-123535,4196
07-05 16:47:35.649 15234 15329 I BatteryMgr:DataCollectionService: stats => 1688568455649,-123535,4196
07-05 16:47:35.666 15234 15329 I BatteryMgr:DataCollectionService: stats => 1688568455666,-123535,4196
07-05 16:47:35.681 15234 15329 I BatteryMgr:DataCollectionService: stats => 1688568455681,-123535,4196
07-05 16:47:35.699 15234 15329 I BatteryMgr:DataCollectionService: stats => 1688568455699,-123535,4196
07-05 16:47:35.718 15234 15329 I BatteryMgr:DataCollectionService: stats => 1688568455718,-123535,4196
07-05 16:47:35.738 15234 15329 I BatteryMgr:DataCollectionService: stats => 1688568455738,-123535,4196
07-05 16:47:35.757 15234 15329 I BatteryMgr:DataCollectionService: stats => 1688568455757,-123535,4196
07-05 16:47:35.778 15234 15329 I BatteryMgr:DataCollectionService: stats => 1688568455777,-123535,4196
07-05 16:47:35.797 15234 15329 I BatteryMgr:DataCollectionService: stats => 1688568455797,-123535,4196
07-05 16:47:35.811 15234 15329 I BatteryMgr:DataCollectionService: stats => 1688568455811,-123535,4196
07-05 16:47:35.826 15234 15329 I BatteryMgr:DataCollectionService: stats => 1688568455826,-123535,4196
07-05 16:47:35.840 15234 15329 I BatteryMgr:DataCollectionService: stats => 1688568455840,-125976,4196
07-05 16:47:35.856 15234 15329 I BatteryMgr:DataCollectionService: stats => 1688568455856,-125976,4196
07-05 16:47:35.870 15234 15329 I BatteryMgr:DataCollectionService: stats => 1688568455870,-125976,4196
07-05 16:47:35.886 15234 15329 I BatteryMgr:DataCollectionService: stats => 1688568455886,-125976,4196
07-05 16:47:35.899 15234 15329 I BatteryMgr:DataCollectionService: stats => 1688568455899,-125976,4196
07-05 16:47:35.916 15234 15329 I BatteryMgr:DataCollectionService: stats => 1688568455915,-125976,4196
07-05 16:47:35.929 15234 15329 I BatteryMgr:DataCollectionService: stats => 1688568455929,-125976,4196
07-05 16:47:35.943 15234 15329 I BatteryMgr:DataCollectionService: stats => 1688568455943,-125976,4196
07-05 16:47:35.957 15234 15329 I BatteryMgr:DataCollectionService: stats => 1688568455957,-125976,4196
07-05 16:47:35.974 15234 15329 I BatteryMgr:DataCollectionService: stats => 1688568455973,-125976,4196
07-05 16:47:35.988 15234 15329 I BatteryMgr:DataCollectionService: stats => 1688568455988,-125976,4196
07-05 16:47:36.004 15234 15329 I BatteryMgr:DataCollectionService: stats => 1688568456004,-125976,4196
07-05 16:47:36.018 15234 15329 I BatteryMgr:DataCollectionService: stats => 1688568456018,-125976,4196
07-05 16:47:36.034 15234 15329 I BatteryMgr:DataCollectionService: stats => 1688568456034,-125976,4196
07-05 16:47:36.047 15234 15329 I BatteryMgr:DataCollectionService: stats => 1688568456047,-125976,4196
07-05 16:47:36.062 15234 15329 I BatteryMgr:DataCollectionService: stats => 1688568456062,-125976,4196
07-05 16:47:36.079 15234 15329 I BatteryMgr:DataCollectionService: stats => 1688568456079,-125976,4196
07-05 16:47:36.099 15234 15329 I BatteryMgr:DataCollectionService: stats => 1688568456099,-125976,4196
07-05 16:47:36.119 15234 15329 I BatteryMgr:DataCollectionService: stats => 1688568456119,-125976,4196
07-05 16:47:36.139 15234 15329 I BatteryMgr:DataCollectionService: stats => 1688568456139,-125976,4196
07-05 16:47:36.155 15234 15329 I BatteryMgr:DataCollectionService: stats => 1688568456155,-125976,4196
07-05 16:47:36.169 15234 15329 I BatteryMgr:DataCollectionService: stats => 1688568456169,-125976,4196
07-05 16:47:36.184 15234 15329 I BatteryMgr:DataCollectionService: stats => 1688568456184,-125976,4196
07-05 16:47:36.198 15234 15329 I BatteryMgr:DataCollectionService: stats => 1688568456198,-125976,4196
07-05 16:47:36.212 15234 15329 I BatteryMgr:DataCollectionService: stats => 1688568456212,-125976,4196
07-05 16:47:36.225 15234 15329 I BatteryMgr:DataCollectionService: stats => 1688568456225,-125976,4196
07-05 16:47:36.238 15234 15329 I BatteryMgr:DataCollectionService: stats => 1688568456238,-125976,4196
07-05 16:47:36.252 15234 15329 I BatteryMgr:DataCollectionService: stats => 1688568456252,-125976,4196
07-05 16:47:36.264 15234 15329 I BatteryMgr:DataCollectionService: stats => 1688568456264,-125976,4196
07-05 16:47:36.277 15234 15329 I BatteryMgr:DataCollectionService: stats => 1688568456277,-125976,4196
07-05 16:47:36.291 15234 15329 I BatteryMgr:DataCollectionService: stats => 1688568456290,-125976,4196
07-05 16:47:36.303 15234 15329 I BatteryMgr:DataCollectionService: stats => 1688568456303,-125976,4196
07-05 16:47:36.316 15234 15329 I BatteryMgr:DataCollectionService: stats => 1688568456316,-125976,4196
07-05 16:47:36.327 15234 15329 I BatteryMgr:DataCollectionService: stats => 1688568456327,-125976,4196
07-05 16:47:36.339 15234 15329 I BatteryMgr:DataCollectionService: stats => 1688568456339,-125976,4196
07-05 16:47:36.356 15234 15329 I BatteryMgr:DataCollectionService: stats => 1688568456356,-125976,4196
07-05 16:47:36.371 15234 15329 I BatteryMgr:DataCollectionService: stats => 1688568456371,-125976,4196
07-05 16:47:36.386 15234 15329 I BatteryMgr:DataCollectionService: stats => 1688568456386,-125976,4196
07-05 16:47:36.402 15234 15329 I BatteryMgr:DataCollectionService: stats => 1688568456401,-125976,4196
07-05 16:47:36.419 15234 15329 I BatteryMgr:DataCollectionService: stats => 1688568456419,-125976,4196
07-05 16:47:36.439 15234 15329 I BatteryMgr:DataCollectionService: stats => 1688568456439,-125976,4196
07-05 16:47:36.458 15234 15329 I BatteryMgr:DataCollectionService: stats => 1688568456458,-125976,4196
07-05 16:47:36.477 15234 15329 I BatteryMgr:DataCollectionService: stats => 1688568456477,-125976,4196
07-05 16:47:36.497 15234 15329 I BatteryMgr:DataCollectionService: stats => 1688568456496,-125976,4196
07-05 16:47:36.511 15234 15329 I BatteryMgr:DataCollectionService: stats => 1688568456511,-125976,4196
07-05 16:47:36.529 15234 15329 I BatteryMgr:DataCollectionService: stats => 1688568456529,-125976,4196
07-05 16:47:36.544 15234 15329 I BatteryMgr:DataCollectionService: stats => 1688568456544,-125976,4196
07-05 16:47:36.560 15234 15329 I BatteryMgr:DataCollectionService: stats => 1688568456560,-125976,4196
07-05 16:47:36.579 15234 15329 I BatteryMgr:DataCollectionService: stats => 1688568456579,-125976,4196
07-05 16:47:36.598 15234 15329 I BatteryMgr:DataCollectionService: stats => 1688568456598,-125976,4196
07-05 16:47:36.616 15234 15329 I BatteryMgr:DataCollectionService: stats => 1688568456616,-125976,4196
07-05 16:47:36.632 15234 15329 I BatteryMgr:DataCollectionService: stats => 1688568456632,-125976,4196
07-05 16:47:36.649 15234 15329 I BatteryMgr:DataCollectionService: stats => 1688568456649,-125976,4196
07-05 16:47:36.665 15234 15329 I BatteryMgr:DataCollectionService: stats => 1688568456665,-125976,4196
07-05 16:47:36.681 15234 15329 I BatteryMgr:DataCollectionService: stats => 1688568456681,-125976,4196
07-05 16:47:36.699 15234 15329 I BatteryMgr:DataCollectionService: stats => 1688568456699,-125976,4196
07-05 16:47:36.718 15234 15329 I BatteryMgr:DataCollectionService: stats => 1688568456718,-125976,4196
07-05 16:47:36.738 15234 15329 I BatteryMgr:DataCollectionService: stats => 1688568456737,-125976,4196
07-05 16:47:36.757 15234 15329 I BatteryMgr:DataCollectionService: stats => 1688568456757,-125976,4196
07-05 16:47:36.772 15234 15329 I BatteryMgr:DataCollectionService: stats => 1688568456772,-125976,4196
07-05 16:47:36.790 15234 15329 I BatteryMgr:DataCollectionService: stats => 1688568456790,-125976,4196
07-05 16:47:36.809 15234 15329 I BatteryMgr:DataCollectionService: stats => 1688568456809,-125976,4196
07-05 16:47:36.825 15234 15329 I BatteryMgr:DataCollectionService: stats => 1688568456825,-125976,4196
07-05 16:47:36.840 15234 15329 I BatteryMgr:DataCollectionService: stats => 1688568456840,-125976,4196
07-05 16:47:36.859 15234 15329 I BatteryMgr:DataCollectionService: stats => 1688568456859,-125976,4196
07-05 16:47:36.878 15234 15329 I BatteryMgr:DataCollectionService: stats => 1688568456878,-125976,4196
07-05 16:47:36.895 15234 15329 I BatteryMgr:DataCollectionService: stats => 1688568456895,-125976,4196
07-05 16:47:36.911 15234 15329 I BatteryMgr:DataCollectionService: stats => 1688568456911,-125976,4196
07-05 16:47:36.929 15234 15329 I BatteryMgr:DataCollectionService: stats => 1688568456929,-125976,4196
07-05 16:47:36.944 15234 15329 I BatteryMgr:DataCollectionService: stats => 1688568456944,-125976,4196
07-05 16:47:36.958 15234 15329 I BatteryMgr:DataCollectionService: stats => 1688568456957,-125976,4196
07-05 16:47:36.973 15234 15329 I BatteryMgr:DataCollectionService: stats => 1688568456972,-125976,4196
07-05 16:47:36.989 15234 15329 I BatteryMgr:DataCollectionService: stats => 1688568456989,-125976,4196
07-05 16:47:37.004 15234 15329 I BatteryMgr:DataCollectionService: stats => 1688568457004,-125976,4196
07-05 16:47:37.017 15234 15329 I BatteryMgr:DataCollectionService: stats => 1688568457017,-125976,4196
07-05 16:47:37.029 15234 15329 I BatteryMgr:DataCollectionService: stats => 1688568457029,-125976,4196
07-05 16:47:37.041 15234 15329 I BatteryMgr:DataCollectionService: stats => 1688568457041,-125976,4196
07-05 16:47:37.055 15234 15329 I BatteryMgr:DataCollectionService: stats => 1688568457055,-125976,4196
07-05 16:47:37.070 15234 15329 I BatteryMgr:DataCollectionService: stats => 1688568457070,-125976,4196
07-05 16:47:37.085 15234 15329 I BatteryMgr:DataCollectionService: stats => 1688568457085,-125976,4196
07-05 16:47:37.098 15234 15329 I BatteryMgr:DataCollectionService: stats => 1688568457098,-125976,4196
07-05 16:47:37.111 15234 15329 I BatteryMgr:DataCollectionService: stats => 1688568457111,-125976,4196
07-05 16:47:37.123 15234 15329 I BatteryMgr:DataCollectionService: stats => 1688568457123,-125976,4196
07-05 16:47:37.138 15234 15329 I BatteryMgr:DataCollectionService: stats => 1688568457138,-125976,4196
07-05 16:47:37.152 15234 15329 I BatteryMgr:DataCollectionService: stats => 1688568457152,-125976,4196
07-05 16:47:37.165 15234 15329 I BatteryMgr:DataCollectionService: stats => 1688568457165,-125976,4196
07-05 16:47:37.177 15234 15329 I BatteryMgr:DataCollectionService: stats => 1688568457177,-125976,4196
07-05 16:47:37.182   562   562 E SELinux : avc:  denied  { find } for interface=vendor.qti.hardware.servicetracker::IServicetracker sid=u:r:system_server:s0 pid=1705 scontext=u:r:system_server:s0 tcontext=u:object_r:default_android_hwservice:s0 tclass=hwservice_manager permissive=0
07-05 16:47:37.492  1705  9324 I ActivityManager: Force stopping e.www.cpufactorialtest appid=10201 user=0: from pid 15364
07-05 16:47:37.493  1705  9324 I ActivityManager: Killing 15279:e.www.cpufactorialtest/u0a201 (adj 0): stop e.www.cpufactorialtest
07-05 16:47:37.495   562   562 E SELinux : avc:  denied  { find } for interface=vendor.qti.hardware.servicetracker::IServicetracker sid=u:r:system_server:s0 pid=1705 scontext=u:r:system_server:s0 tcontext=u:object_r:default_android_hwservice:s0 tclass=hwservice_manager permissive=0
07-05 16:47:37.495  1705  9324 W ActivityTaskManager: Force removing ActivityRecord{39e2c93 u0 e.www.cpufactorialtest/.MainActivity t256 f}: app died, no saved state
07-05 16:47:37.510  1705 15367 W IrisConfig: ColorManagerService is not Existed
07-05 16:47:37.530  2395  2395 E PhoneInterfaceManager: [PhoneIntfMgr] getCarrierPackageNamesForIntent: No UICC
07-05 16:47:37.530  2395  2395 D CarrierSvcBindHelper: No carrier app for: 0
07-05 16:47:37.531  2395  2395 E PhoneInterfaceManager: [PhoneIntfMgr] getCarrierPackageNamesForIntent: No UICC
07-05 16:47:37.531  2395  2395 D CarrierSvcBindHelper: No carrier app for: 1
07-05 16:47:37.532  3222  3222 D RegisteredNfcFServicesCache: Service unchanged, not updating
07-05 16:47:37.532   562   562 E SELinux : avc:  denied  { find } for interface=vendor.qti.hardware.servicetracker::IServicetracker sid=u:r:system_server:s0 pid=1705 scontext=u:r:system_server:s0 tcontext=u:object_r:default_android_hwservice:s0 tclass=hwservice_manager permissive=0
07-05 16:47:37.537   562   562 I hwservicemanager: getTransport: Cannot find entry vendor.qti.hardware.iop@2.0::IIop/default in either framework or device manifest.
07-05 16:47:37.537  1705  2883 E ANDR-PERF-JNI: UXEngine Trigger - Returning null
07-05 16:47:37.540  3498  3498 I A       : onStart
07-05 16:47:37.550  3498  3498 I A       : onResume
07-05 16:47:37.561   562   562 E SELinux : avc:  denied  { find } for interface=vendor.qti.hardware.servicetracker::IServicetracker sid=u:r:system_server:s0 pid=1705 scontext=u:r:system_server:s0 tcontext=u:object_r:default_android_hwservice:s0 tclass=hwservice_manager permissive=0
07-05 16:47:37.562  3169  3169 I GsaVoiceInteractionSrv: Handling ACTION_START_HOTWORD
07-05 16:47:37.564  1705  8106 D CompatibilityInfo: mCompatibilityFlags - 0
07-05 16:47:37.564  1705  8106 D CompatibilityInfo: applicationDensity - 420
07-05 16:47:37.564  1705  8106 D CompatibilityInfo: applicationScale - 1.0
07-05 16:47:37.565   562   562 E SELinux : avc:  denied  { find } for interface=vendor.qti.hardware.servicetracker::IServicetracker sid=u:r:system_server:s0 pid=1705 scontext=u:r:system_server:s0 tcontext=u:object_r:default_android_hwservice:s0 tclass=hwservice_manager permissive=0
07-05 16:47:37.566  3169  3926 I GsaVoiceInteractionSrv: (REDACTED) disregardHotwordSetting: %b
07-05 16:47:37.567  3169  3926 I GsaVoiceInteractionSrv: Cannot start hotword, hotword has been explicitly disabled.
07-05 16:47:37.569   686   686 I Zygote  : Process 15279 exited due to signal 9 (Killed)
07-05 16:47:37.571  1705  1891 I libprocessgroup: Successfully killed process cgroup uid 10201 pid 15279 in 76ms
07-05 16:47:37.572  3459  3459 D BoundBrokerSvc: onBind: Intent { act=com.google.android.gms.inappreach.service.START dat=chimera-action: cmp=com.google.android.gms/.chimera.GmsApiService }
07-05 16:47:37.572  3459  3459 D BoundBrokerSvc: Loading bound service for intent: Intent { act=com.google.android.gms.inappreach.service.START dat=chimera-action: cmp=com.google.android.gms/.chimera.GmsApiService }
07-05 16:47:37.582  2586  2586 I GoogleInputMethodService: GoogleInputMethodService.onFinishInput():3306 
07-05 16:47:37.583  2586  2586 I GoogleInputMethodService: GoogleInputMethodService.updateDeviceLockedStatus():2127 repeatCheckTimes = 0, locked = false
07-05 16:47:37.583  2586  2586 I GoogleInputMethodService: GoogleInputMethodService.onStartInput():1909 onStartInput(EditorInfo{inputType=0x0(NULL) imeOptions=0x0 privateImeOptions=null actionName=UNSPECIFIED actionLabel=null actionId=0 initialSelStart=-1 initialSelEnd=-1 initialCapsMode=0x0 hintText=null label=null packageName=com.android.launcher3 fieldId=-1 fieldName=null extras=null hintLocales=[]}, false)
07-05 16:47:37.583  2586  2586 I GoogleInputMethodService: GoogleInputMethodService.shouldHideHeaderOnInitialState():1990 ShouldHideHeaderOnInitialState = false
07-05 16:47:37.583  4044  4044 D PredictionService: onRequestPredictionUpdate
07-05 16:47:37.584  2586  2586 I GoogleInputMethodService: GoogleInputMethodService.updateDeviceLockedStatus():2127 repeatCheckTimes = 1, locked = false
07-05 16:47:37.584  4044  4044 D PredictionService: update predictions
07-05 16:47:37.584  1705  1881 W ActivityManager: setHasOverlayUi called on unknown pid: 15279
07-05 16:47:40.704   562   562 E SELinux : avc:  denied  { find } for interface=vendor.qti.hardware.servicetracker::IServicetracker sid=u:r:system_server:s0 pid=1705 scontext=u:r:system_server:s0 tcontext=u:object_r:default_android_hwservice:s0 tclass=hwservice_manager permissive=0
07-05 16:47:40.897  1705  3271 I ActivityManager: Force stopping com.example.batterymanager_utility appid=10186 user=0: from pid 15374
07-05 16:47:40.898  1705  3271 I ActivityManager: Killing 15234:com.example.batterymanager_utility/u0a186 (adj 700): stop com.example.batterymanager_utility
07-05 16:47:40.900   562   562 E SELinux : avc:  denied  { find } for interface=vendor.qti.hardware.servicetracker::IServicetracker sid=u:r:system_server:s0 pid=1705 scontext=u:r:system_server:s0 tcontext=u:object_r:default_android_hwservice:s0 tclass=hwservice_manager permissive=0
07-05 16:47:40.911  1705  3271 W ActivityTaskManager: Force removing ActivityRecord{6a67928 u0 com.example.batterymanager_utility/.MainActivity t255 f}: app died, no saved state
07-05 16:47:40.927   686   686 I Zygote  : Process 15234 exited due to signal 9 (Killed)
07-05 16:47:40.932  2395  2395 E PhoneInterfaceManager: [PhoneIntfMgr] getCarrierPackageNamesForIntent: No UICC
07-05 16:47:40.932  2395  2395 D CarrierSvcBindHelper: No carrier app for: 0
07-05 16:47:40.933  1705  1881 W ActivityManager: setHasOverlayUi called on unknown pid: 15234
07-05 16:47:40.933  2395  2395 E PhoneInterfaceManager: [PhoneIntfMgr] getCarrierPackageNamesForIntent: No UICC
07-05 16:47:40.933  2395  2395 D CarrierSvcBindHelper: No carrier app for: 1
07-05 16:47:40.936  3222  3222 D RegisteredNfcFServicesCache: Service unchanged, not updating
07-05 16:47:40.946  1705  1891 I libprocessgroup: Successfully killed process cgroup uid 10186 pid 15234 in 46ms
07-05 16:47:42.555  3311  5014 D FileOperator: Mode change to WRITE_MODE!
07-05 16:47:46.291  2189  2189 I DataSaverController: registerReceiver() : Runnable call registerReceiver()
07-05 16:47:46.292  2189  2189 I DataSaverController: registerReceiver() : queryIntentServices = 0
07-05 16:47:46.292  2189  2189 I DataSaverController: registerReceiver() :  postDelayed Runnable 30000
