--------- beginning of main
07-05 19:18:13.612  1214  1214 W ipacm   : type=1400 audit(0.0:278560): avc: denied { write } for name="ipacm_log_file" dev="tmpfs" ino=20285 scontext=u:r:ipacm:s0 tcontext=u:object_r:ipacm_socket:s0 tclass=sock_file permissive=0
--------- beginning of system
07-05 19:18:14.979  1704 11114 I ActivityTaskManager: zhl stack block_packagename =
07-05 19:18:14.979  1704 11114 I ActivityTaskManager: zhl stack block_activity =
07-05 19:18:14.979  1704 11114 I ActivityTaskManager: zhl mPackage =com.example.batterymanager_utility
07-05 19:18:14.979  1704 11114 I ActivityTaskManager: zhl mClass =MainActivity
07-05 19:18:14.979  1704 11114 I ActivityTaskManager: START u0 {act=android.intent.action.MAIN cat=[android.intent.category.LAUNCHER] flg=0x10000000 cmp=com.example.batterymanager_utility/.MainActivity} from uid 2000
07-05 19:18:14.991  1704 11114 D CompatibilityInfo: mCompatibilityFlags - 0
07-05 19:18:14.991  1704 11114 D CompatibilityInfo: applicationDensity - 420
07-05 19:18:14.991  1704 11114 D CompatibilityInfo: applicationScale - 1.0
07-05 19:18:14.992  1704 11114 D ActivityTrigger: ActivityTrigger activityPauseTrigger 
07-05 19:18:14.996 30513 30515 I cmd     : oneway function results will be dropped but finished with status OK and parcel size 4
07-05 19:18:15.004  1704  1854 W ActivityManager: ProcessRecord{4028d4b 0:com.example.batterymanager_utility/u0a200}: ART verification disabled
07-05 19:18:15.004  1704  1854 D CompatibilityChangeReporter: Compat change id reported: 135634846; UID 10200; state: DISABLED
07-05 19:18:15.005  1704  1867 D CompatibilityChangeReporter: Compat change id reported: 143937733; UID 10200; state: ENABLED
07-05 19:18:15.015   885   885 D Zygote  : Forked child process 30520
07-05 19:18:15.020  1704  1867 I ActivityManager: Start proc 30520:com.example.batterymanager_utility/u0a200 for pre-top-activity {com.example.batterymanager_utility/com.example.batterymanager_utility.MainActivity}
07-05 19:18:15.033 30520 30520 I manager_utilit: Late-enabling -Xcheck:jni
07-05 19:18:15.071 30520 30520 I manager_utilit: Unquickening 18 vdex files!
07-05 19:18:15.081 28934 28942 I adbd    : jdwp connection from 30520
07-05 19:18:15.096  1704  2092 D CompatibilityInfo: mCompatibilityFlags - 0
07-05 19:18:15.096  1704  2092 D CompatibilityInfo: applicationDensity - 420
07-05 19:18:15.096  1704  2092 D CompatibilityInfo: applicationScale - 1.0
07-05 19:18:15.098  4374  4374 I A       : onPause
07-05 19:18:15.099  1704  2092 D CompatibilityInfo: mCompatibilityFlags - 0
07-05 19:18:15.099  1704  2092 D CompatibilityInfo: applicationDensity - 420
07-05 19:18:15.099  1704  2092 D CompatibilityInfo: applicationScale - 1.0
07-05 19:18:15.117  3947  3947 I HdmBroadcastRecvUpd: (REDACTED) received broadcast: %s
07-05 19:18:15.118  3947  4761 I HdmHotwordRequestListen: (REDACTED) received broadcast: %s
07-05 19:18:15.118  3947  4761 I SodaTriggeringFrontend: (REDACTED) #onConfigUpdate. requester: %s
07-05 19:18:15.118  3947  4772 I SodaTriggeringFrontend: #onConfigUpdate inside sequencer
07-05 19:18:15.118  3947  4772 I A       : (REDACTED) Voice Match (Speaker-id) supported : %b 
07-05 19:18:15.118  3947  4772 I A       : (REDACTED) hotword enrollment state is enrolled:  %b, speakerId model exist: %b. Voice Match supported : %b 
07-05 19:18:15.118  3947  4772 I A       : (REDACTED) isHotwordAvailable():  %b, isHotwordEnabled() %b 
07-05 19:18:15.119  3947  4772 I A       : (REDACTED) isHotwordAvailable():  %b, isHotwordEnabled() %b 
07-05 19:18:15.119  3947  4772 I A       : (REDACTED) Hotword enrollment state : %s.
07-05 19:18:15.119  3947  4772 I A       : (REDACTED) Voice Match (Speaker-id) supported : %b 
07-05 19:18:15.119  2832  3121 D FaceUnlock: onTaskStackChangedBackground
07-05 19:18:15.119  3947  4772 I A       : (REDACTED) Voice Match (Speaker-id) supported : %b 
07-05 19:18:15.119  3947  4772 I A       : (REDACTED) hotword enrollment state is enrolled:  %b, speakerId model exist: %b, voice match supported : %b
07-05 19:18:15.119  3947  4772 I A       : (REDACTED) Hotword isNonVoiceMatchHotwordEnabled: %b, isHotwordAvailable : %b, isHotwordEnabled : %b, isVoiceMatchSupported: %b, isHotwordEnrolled: %b.
07-05 19:18:15.119  3947  4772 I SodaTriggeringFrontend: (REDACTED) Ignore the legacy hotword request. voice match enabled %b, isHotwordSupported %b, isIncompleteEnrollmentState %b, nonVoiceMatchHotwordEnabled %b
07-05 19:18:15.120  2832  3121 D FaceUnlock: PackageName =com.example.batterymanager_utility
07-05 19:18:15.182 30526 30526 W app_process: type=1400 audit(0.0:278626): avc: denied { read } for name="u:object_r:device_config_runtime_native_boot_prop:s0" dev="tmpfs" ino=12671 scontext=u:r:shell:s0 tcontext=u:object_r:device_config_runtime_native_boot_prop:s0 tclass=file permissive=0
07-05 19:18:15.182 30526 30526 I chatty  : uid=2000(shell) app_process identical 1 line
07-05 19:18:15.182 30526 30526 W app_process: type=1400 audit(0.0:278628): avc: denied { read } for name="u:object_r:device_config_runtime_native_boot_prop:s0" dev="tmpfs" ino=12671 scontext=u:r:shell:s0 tcontext=u:object_r:device_config_runtime_native_boot_prop:s0 tclass=file permissive=0
07-05 19:18:15.182 30526 30526 W app_process: type=1400 audit(0.0:278629): avc: denied { read } for name="u:object_r:device_config_runtime_native_boot_prop:s0" dev="tmpfs" ino=12671 scontext=u:r:shell:s0 tcontext=u:object_r:device_config_runtime_native_boot_prop:s0 tclass=file permissive=0
07-05 19:18:15.192 30526 30526 D AndroidRuntime: >>>>>> START com.android.internal.os.RuntimeInit uid 2000 <<<<<<
07-05 19:18:15.196 30526 30526 E libc    : Access denied finding property "persist.device_config.runtime_native_boot.profilebootclasspath"
07-05 19:18:15.196 30526 30526 E libc    : Access denied finding property "persist.device_config.runtime_native_boot.enable_apex_image"
07-05 19:18:15.196 30526 30526 I AndroidRuntime: Using default boot image
07-05 19:18:15.196 30526 30526 E libc    : Access denied finding property "persist.device_config.runtime_native_boot.disable_lock_profiling"
07-05 19:18:15.196 30526 30526 I AndroidRuntime: Leaving lock profiling enabled
07-05 19:18:15.196 30526 30526 E libc    : Access denied finding property "persist.device_config.runtime_native_boot.enable_generational_cc"
07-05 19:18:15.269 30520 30520 I Perf    : Connecting to perf service.
07-05 19:18:15.280 30520 30520 D NetworkSecurityConfig: No Network Security Config specified, using platform default
07-05 19:18:15.281 30520 30520 D NetworkSecurityConfig: No Network Security Config specified, using platform default
07-05 19:18:15.291 30520 30520 I BatteryMgr:App: creating notification channel
07-05 19:18:15.329 30526 30526 D app_process: Time zone APEX ICU file found: /apex/com.android.tzdata/etc/icu/icu_tzdata.dat
07-05 19:18:15.329 30526 30526 D app_process: I18n APEX ICU file found: /apex/com.android.i18n/etc/icu/icudt66l.dat
07-05 19:18:15.342 30526 30526 I app_process: The ClassLoaderContext is a special shared library.
07-05 19:18:15.361 30520 30520 V Activity: mLastPackageName-com.example.batterymanager_utility.MainActivity
07-05 19:18:15.365 30526 30526 W app_process: JNI RegisterNativeMethods: attempt to register 0 native methods for android.media.AudioAttributes
07-05 19:18:15.379 30526 30526 D AndroidRuntime: Calling main entry com.android.commands.monkey.Monkey
07-05 19:18:15.380 30526 30526 W Monkey  : args: [-p, e.www.microphonetest, 1]
07-05 19:18:15.381 30526 30526 W Monkey  :  arg: "-p"
07-05 19:18:15.381 30526 30526 W Monkey  :  arg: "e.www.microphonetest"
07-05 19:18:15.381 30526 30526 W Monkey  :  arg: "1"
07-05 19:18:15.381 30526 30526 W Monkey  : data="e.www.microphonetest"
07-05 19:18:15.412 30520 30520 D PureDisplay: package-com.example.batterymanager_utility DYNAMIC_ORIGINAL_MODE open
07-05 19:18:15.419  7466  7466 D PureDisplay: PureDisplayModeChangeReceiver,hdrMode=1
07-05 19:18:15.421  7466  7466 I android_os_HwBinder: HwBinder: Starting thread pool for getting: vendor.pixelworks.hardware.display@1.0::IIris/default
07-05 19:18:15.422   944  7504 I IrisService: irisConfigureSet(258, 1, 1)
07-05 19:18:15.422  7466  7466 D PureDisplay: --setIrisDisplayHdrMode- mode =1--result = 0
07-05 19:18:15.422  7466  7466 D PureDisplay: PureDisplayModeChangeReceiver,pureDisplayMode=1
07-05 19:18:15.423  7466  7466 D PureDisplay: isDeviceProvisioned=true
07-05 19:18:15.423  7466  7466 D PureDisplay: isUserSetuped=true
07-05 19:18:15.423  7466  7466 D PureDisplay: setOriginalModeEnable()
07-05 19:18:15.424  7466  7466 I android_os_HwBinder: HwBinder: Starting thread pool for getting: vendor.pixelworks.hardware.display@1.0::IIris/default
07-05 19:18:15.424   944  7504 I IrisService: irisConfigureSet(0, 1, 0)
07-05 19:18:15.427  1704  1866 W BroadcastQueue: Skipping deliver [background] BroadcastRecord{18a09f7 u-1 android.net.conn.CONNECTIVITY_CHANGE} to ReceiverList{2d9b064 30526 (unknown name)/2000/u-1 remote:a34ce91}: process gone or crashing
07-05 19:18:15.442  1704 11114 I ActivityTaskManager: zhl stack block_packagename =
07-05 19:18:15.442  1704 11114 I ActivityTaskManager: zhl stack block_activity =
07-05 19:18:15.442  1704 11114 I ActivityTaskManager: zhl mPackage =e.www.microphonetest
07-05 19:18:15.442  1704 11114 I ActivityTaskManager: zhl mClass =MainActivity
07-05 19:18:15.442  1704 11114 I ActivityTaskManager: START u0 {act=android.intent.action.MAIN cat=[android.intent.category.LAUNCHER] flg=0x10200000 cmp=e.www.microphonetest/.MainActivity} from uid 2000
07-05 19:18:15.443  7466  7466 I android_os_HwBinder: HwBinder: Starting thread pool for getting: vendor.pixelworks.hardware.display@1.0::IIris/default
07-05 19:18:15.445   944  7504 I IrisService: irisConfigureSet(41, 1, 0)
07-05 19:18:15.447  7466  7466 I android_os_HwBinder: HwBinder: Starting thread pool for getting: vendor.pixelworks.hardware.display@1.0::IIris/default
07-05 19:18:15.447   944  7504 I IrisService: irisConfigureSet(42, 1, 0)
07-05 19:18:15.448  7466  7466 I android_os_HwBinder: HwBinder: Starting thread pool for getting: vendor.pixelworks.hardware.display@1.0::IIris/default
07-05 19:18:15.449   944  7504 I IrisService: irisConfigureSet(40, 1, 0)
07-05 19:18:15.452  1704 11114 D CompatibilityInfo: mCompatibilityFlags - 0
07-05 19:18:15.452  1704 11114 D CompatibilityInfo: applicationDensity - 420
07-05 19:18:15.452  1704 11114 D CompatibilityInfo: applicationScale - 1.0
07-05 19:18:15.453  1704 11114 D ActivityTrigger: ActivityTrigger activityPauseTrigger 
07-05 19:18:15.458 30526 30526 I Monkey  : Events injected: 1
07-05 19:18:15.460  1704  1854 W ActivityManager: ProcessRecord{1d240ef 0:e.www.microphonetest/u0a225}: ART verification disabled
07-05 19:18:15.461  1704  1854 D CompatibilityChangeReporter: Compat change id reported: 135634846; UID 10225; state: DISABLED
07-05 19:18:15.462  1704  1867 D CompatibilityChangeReporter: Compat change id reported: 143937733; UID 10225; state: DISABLED
07-05 19:18:15.475 30526 30526 I Monkey  : ## Network stats: elapsed time=30ms (0ms mobile, 0ms wifi, 30ms not connected)
07-05 19:18:15.475 30526 30526 I app_process: System.exit called, status: 0
07-05 19:18:15.475 30526 30526 I AndroidRuntime: VM exiting with result code 0.
07-05 19:18:15.476   885   885 D Zygote  : Forked child process 30567
07-05 19:18:15.476  7466  7466 I android_os_HwBinder: HwBinder: Starting thread pool for getting: vendor.pixelworks.hardware.display@1.0::IIris/default
07-05 19:18:15.477   944  7504 I IrisService: irisConfigureSet(36, 1, 0)
07-05 19:18:15.483  1704  1867 I ActivityManager: Start proc 30567:e.www.microphonetest/u0a225 for pre-top-activity {e.www.microphonetest/e.www.microphonetest.MainActivity}
07-05 19:18:15.487 30567 30567 I .microphonetes: Late-enabling -Xcheck:jni
07-05 19:18:15.510  7466  7466 D PureDisplay: getWhiteBalanceAutoMode()0
07-05 19:18:15.512  7466  7466 I android_os_HwBinder: HwBinder: Starting thread pool for getting: vendor.pixelworks.hardware.display@1.0::IIris/default
07-05 19:18:15.512   944   944 I IrisService: irisConfigureSet(39, 1, 1)
07-05 19:18:15.518 30567 30567 I .microphonetes: Unquickening 18 vdex files!
07-05 19:18:15.526 28934 28942 I adbd    : jdwp connection from 30567
07-05 19:18:15.527  7466  7466 I android_os_HwBinder: HwBinder: Starting thread pool for getting: vendor.pixelworks.hardware.display@1.0::IIris/default
07-05 19:18:15.527   944   944 I IrisService: irisConfigureSet(264, 1, 0)
07-05 19:18:15.527  7466  7466 D PureDisplay: PureDisplayModeChangeReceiver,lastclass=com.example.batterymanager_utility.MainActivity
07-05 19:18:15.529  7466  7466 D PureDisplay: PureDisplayModeChangeReceiver,lastpackage=com.example.batterymanager_utility
07-05 19:18:15.529  7466  7466 D PureDisplay: PureDisplayModeChangeReceiver,lastpackage_resume=1
07-05 19:18:15.540  1704  4057 D CompatibilityInfo: mCompatibilityFlags - 0
07-05 19:18:15.540  1704  4057 D CompatibilityInfo: applicationDensity - 420
07-05 19:18:15.540  1704  4057 D CompatibilityInfo: applicationScale - 1.0
07-05 19:18:15.543  1704  4057 I ActivityTaskManager: The Process e.www.microphonetest Already Exists in BG. So sending its PID: 30567
07-05 19:18:15.549  3086  3086 V Activity: onStop mLastPackageName = com.example.batterymanager_utility.MainActivity--mLastPackageResume = 1
07-05 19:18:15.572 30567 30567 D ApplicationLoaders: Returning zygote-cached class loader: /system/framework/android.test.base.jar
07-05 19:18:15.575  3086  3086 D PureDisplay: package-com.example.batterymanager_utility DYNAMIC_ORIGINAL_MODE open
07-05 19:18:15.578  7466  7466 D PureDisplay: PureDisplayModeChangeReceiver,hdrMode=1
07-05 19:18:15.580  4374  4374 I A       : onStop
07-05 19:18:15.580  7466  7466 I android_os_HwBinder: HwBinder: Starting thread pool for getting: vendor.pixelworks.hardware.display@1.0::IIris/default
07-05 19:18:15.580   944  7504 I IrisService: irisConfigureSet(258, 1, 1)
07-05 19:18:15.580  7466  7466 D PureDisplay: --setIrisDisplayHdrMode- mode =1--result = 0
07-05 19:18:15.581  7466  7466 D PureDisplay: PureDisplayModeChangeReceiver,pureDisplayMode=1
07-05 19:18:15.582  7466  7466 D PureDisplay: isDeviceProvisioned=true
07-05 19:18:15.582  7466  7466 D PureDisplay: isUserSetuped=true
07-05 19:18:15.582  7466  7466 D PureDisplay: setOriginalModeEnable()
07-05 19:18:15.583  7466  7466 I android_os_HwBinder: HwBinder: Starting thread pool for getting: vendor.pixelworks.hardware.display@1.0::IIris/default
07-05 19:18:15.583   944  7504 I IrisService: irisConfigureSet(0, 1, 0)
07-05 19:18:15.593  7466  7466 I android_os_HwBinder: HwBinder: Starting thread pool for getting: vendor.pixelworks.hardware.display@1.0::IIris/default
07-05 19:18:15.594   944  7504 I IrisService: irisConfigureSet(41, 1, 0)
07-05 19:18:15.595  7466  7466 I android_os_HwBinder: HwBinder: Starting thread pool for getting: vendor.pixelworks.hardware.display@1.0::IIris/default
07-05 19:18:15.596   944  7504 I IrisService: irisConfigureSet(42, 1, 0)
07-05 19:18:15.597  7466  7466 I android_os_HwBinder: HwBinder: Starting thread pool for getting: vendor.pixelworks.hardware.display@1.0::IIris/default
07-05 19:18:15.598   944  7504 I IrisService: irisConfigureSet(40, 1, 0)
07-05 19:18:15.610  7466  7466 I android_os_HwBinder: HwBinder: Starting thread pool for getting: vendor.pixelworks.hardware.display@1.0::IIris/default
07-05 19:18:15.610   944  7504 I IrisService: irisConfigureSet(36, 1, 0)
07-05 19:18:15.626  7466  7466 D PureDisplay: getWhiteBalanceAutoMode()0
07-05 19:18:15.627  7466  7466 I android_os_HwBinder: HwBinder: Starting thread pool for getting: vendor.pixelworks.hardware.display@1.0::IIris/default
07-05 19:18:15.627   944  7504 I IrisService: irisConfigureSet(39, 1, 1)
07-05 19:18:15.643  7466  7466 I android_os_HwBinder: HwBinder: Starting thread pool for getting: vendor.pixelworks.hardware.display@1.0::IIris/default
07-05 19:18:15.644   944  7504 I IrisService: irisConfigureSet(264, 1, 0)
07-05 19:18:15.648 30567 30567 I Perf    : Connecting to perf service.
07-05 19:18:15.657 30520 30545 I AdrenoGLES-0: QUALCOMM build                   : d7ad79a, I2f86ca99a8
07-05 19:18:15.657 30520 30545 I AdrenoGLES-0: Build Date                       : 06/13/21
07-05 19:18:15.657 30520 30545 I AdrenoGLES-0: OpenGL ES Shader Compiler Version: EV031.32.02.12
07-05 19:18:15.657 30520 30545 I AdrenoGLES-0: Local Branch                     : mybranchebcc171e-87ea-f17a-bb69-1458d0b52af0
07-05 19:18:15.657 30520 30545 I AdrenoGLES-0: Remote Branch                    : quic/gfx-adreno.lnx.1.0.r127-rel
07-05 19:18:15.657 30520 30545 I AdrenoGLES-0: Remote Branch                    : NONE
07-05 19:18:15.657 30520 30545 I AdrenoGLES-0: Reconstruct Branch               : NOTHING
07-05 19:18:15.657 30520 30545 I AdrenoGLES-0: Build Config                     : S L 10.0.7 AArch64
07-05 19:18:15.657 30520 30545 I AdrenoGLES-0: Driver Path                      : /vendor/lib64/egl/libGLESv2_adreno.so
07-05 19:18:15.661 30567 30567 D NetworkSecurityConfig: No Network Security Config specified, using platform default
07-05 19:18:15.663 30567 30567 D NetworkSecurityConfig: No Network Security Config specified, using platform default
07-05 19:18:15.668 30520 30545 I AdrenoGLES-0: PFP: 0x005ff114, ME: 0x005ff066
07-05 19:18:15.696   622   622 I hwservicemanager: getTransport: Cannot find entry android.hardware.graphics.mapper@4.0::IMapper/default in either framework or device manifest.
07-05 19:18:15.696 30520 30545 I Gralloc4: mapper 4.x is not supported
07-05 19:18:15.697   622   622 I hwservicemanager: getTransport: Cannot find entry android.hardware.graphics.mapper@3.0::IMapper/default in either framework or device manifest.
07-05 19:18:15.697 30520 30545 W Gralloc3: mapper 3.x is not supported
07-05 19:18:15.724  1704  4057 I ActivityTaskManager: The Process e.www.microphonetest Already Exists in BG. So sending its PID: 30567
07-05 19:18:15.726  1704  4057 D CompatibilityInfo: mCompatibilityFlags - 0
07-05 19:18:15.726  1704  4057 D CompatibilityInfo: applicationDensity - 420
07-05 19:18:15.726  1704  4057 D CompatibilityInfo: applicationScale - 1.0
07-05 19:18:15.820 30567 30567 W .microphonetes: Accessing hidden method Landroid/view/View;->computeFitSystemWindows(Landroid/graphics/Rect;Landroid/graphics/Rect;)Z (greylist, reflection, allowed)
07-05 19:18:15.821 30567 30567 W .microphonetes: Accessing hidden method Landroid/view/ViewGroup;->makeOptionalFitsSystemWindows()V (greylist, reflection, allowed)
07-05 19:18:15.825  2832  2846 W System  : A resource failed to call release. 
07-05 19:18:15.826  2832  2846 W System  : A resource failed to call release. 
07-05 19:18:15.831  2832  3121 D FaceUnlock: onTaskStackChangedBackground
07-05 19:18:15.833  2832  3121 D FaceUnlock: PackageName =e.www.microphonetest
07-05 19:18:15.834  1295  3079 W StagefrightRecorder: stop while neither recording nor paused
07-05 19:18:15.841  1295  3079 D MPEG4Writer: PreAllocation disabled. fallocate : Operation not supported on transport endpoint, 95
07-05 19:18:15.841  1295  3079 W StagefrightRecorder: ozo disabled, not using ozo capture
07-05 19:18:15.846   933  5107 D audio_hw_primary: adev_open_input_stream: enter: sample_rate(8000) channel_mask(0x10) devices(0x80000004)        stream_handle(0xf50c4ed0) io_handle(78) source(1) format 1
07-05 19:18:15.846   933  5107 W audio_hw_utils: audio_extn_utils_update_stream_input_app_type_cfg: App type could not be selected. Falling back to default
07-05 19:18:15.846   933  5107 D audio_hw_primary: io_streams_map_insert: Added stream in io_streams_map with handle 78
07-05 19:18:15.847   933  5107 E device_utils: update_device_list: Invalid device: 0
07-05 19:18:15.848   992 30594 I AudioFlinger: AudioFlinger's thread 0x7075c74040 tid=30594 ready to run
07-05 19:18:15.848   933  5107 D audio_hw_primary: in_standby: enter: stream (0xf50c4ed0) usecase(23: audio-record)
07-05 19:18:15.850   933  5107 D audio_hw_primary: in_standby: enter: stream (0xf50c4ed0) usecase(23: audio-record)
07-05 19:18:15.851  1704  4057 I system_server: oneway function results will be dropped but finished with status OK and parcel size 4
07-05 19:18:15.851  1704  4057 I chatty  : uid=1000(system) Binder:1704_13 identical 1 line
07-05 19:18:15.852  1704  4057 I system_server: oneway function results will be dropped but finished with status OK and parcel size 4
07-05 19:18:15.853  1295  3079 W AudioRecord: createRecord_l(44): Server adjusted notificationFrames from 1024 to 160 for frameCount 2048
07-05 19:18:15.854   992  2349 W AudioFlinger: acquireAudioSessionId() unknown client 30567 for session 289
07-05 19:18:15.854  1295 30595 D CCodec  : allocate(c2.android.amrnb.encoder)
07-05 19:18:15.855  1390  1543 V C2Store : in init
07-05 19:18:15.855  1390  1543 V C2Store : loading dll
07-05 19:18:15.858  1295 30595 I CCodec  : Created component [c2.android.amrnb.encoder]
07-05 19:18:15.858  1295 30595 D CCodecConfig: read media type: audio/3gpp
07-05 19:18:15.860  1295 30595 D ReflectedParamUpdater: extent() != 1 for single value type: algo.buffers.max-count.values
07-05 19:18:15.860  1295 30595 D ReflectedParamUpdater: extent() != 1 for single value type: output.subscribed-indices.values
07-05 19:18:15.860  1295 30595 D ReflectedParamUpdater: extent() != 1 for single value type: input.buffers.allocator-ids.values
07-05 19:18:15.860  1295 30595 D ReflectedParamUpdater: extent() != 1 for single value type: output.buffers.allocator-ids.values
07-05 19:18:15.860  1295 30595 D ReflectedParamUpdater: extent() != 1 for single value type: algo.buffers.allocator-ids.values
07-05 19:18:15.860  1295 30595 D ReflectedParamUpdater: extent() != 1 for single value type: output.buffers.pool-ids.values
07-05 19:18:15.860  1295 30595 D ReflectedParamUpdater: extent() != 1 for single value type: algo.buffers.pool-ids.values
07-05 19:18:15.862  1295 30595 I CCodecConfig: query failed after returning 7 values (BAD_INDEX)
07-05 19:18:15.863  1295 30595 D CCodecConfig: c2 config diff is Dict {
07-05 19:18:15.863  1295 30595 D CCodecConfig:   c2::u32 coded.bitrate.value = 4750
07-05 19:18:15.863  1295 30595 D CCodecConfig:   c2::u32 input.buffers.max-size.value = 8192
07-05 19:18:15.863  1295 30595 D CCodecConfig:   c2::u32 input.delay.value = 0
07-05 19:18:15.863  1295 30595 D CCodecConfig:   string input.media-type.value = "audio/raw"
07-05 19:18:15.863  1295 30595 D CCodecConfig:   string output.media-type.value = "audio/3gpp"
07-05 19:18:15.863  1295 30595 D CCodecConfig:   c2::u32 raw.channel-count.value = 1
07-05 19:18:15.863  1295 30595 D CCodecConfig:   c2::u32 raw.sample-rate.value = 8000
07-05 19:18:15.863  1295 30595 D CCodecConfig: }
07-05 19:18:15.863  1295 30595 I MediaCodec: MediaCodec will operate in async mode
07-05 19:18:15.864  1295 30595 D CCodec  : [c2.android.amrnb.encoder] buffers are bound to CCodec for this session
07-05 19:18:15.864  1295 30595 D CCodecConfig: no c2 equivalents for flags
07-05 19:18:15.864  1295 30595 D CCodecConfig: no c2 equivalents for encoder
07-05 19:18:15.864  1295 30595 D CCodecConfig: config failed => CORRUPTED
07-05 19:18:15.864  1295 30595 D CCodecConfig: c2 config diff is   c2::u32 coded.bitrate.value = 12200
07-05 19:18:15.865  1295 30595 W Codec2Client: query -- param skipped: index = 1107298332.
07-05 19:18:15.866  1295 30595 D CCodec  : client requested max input size 2048, which is smaller than what component recommended (8192); overriding with component recommendation.
07-05 19:18:15.866  1295 30595 W CCodec  : This behavior is subject to change. It is recommended that app developers double check whether the requested max input size is in reasonable range.
07-05 19:18:15.866  1295 30595 D CCodec  : setup formats input: AMessage(what = 0x00000000) = {
07-05 19:18:15.866  1295 30595 D CCodec  :   int32_t channel-count = 1
07-05 19:18:15.866  1295 30595 D CCodec  :   int32_t max-input-size = 8192
07-05 19:18:15.866  1295 30595 D CCodec  :   string mime = "audio/raw"
07-05 19:18:15.866  1295 30595 D CCodec  :   int32_t sample-rate = 8000
07-05 19:18:15.866  1295 30595 D CCodec  : } and output: AMessage(what = 0x00000000) = {
07-05 19:18:15.866  1295 30595 D CCodec  :   int32_t bitrate = 12200
07-05 19:18:15.866  1295 30595 D CCodec  :   int32_t channel-count = 1
07-05 19:18:15.866  1295 30595 D CCodec  :   int32_t max-bitrate = 12200
07-05 19:18:15.866  1295 30595 D CCodec  :   string mime = "audio/3gpp"
07-05 19:18:15.866  1295 30595 D CCodec  :   int32_t sample-rate = 8000
07-05 19:18:15.866  1295 30595 D CCodec  : }
07-05 19:18:15.866  1295 30595 W Codec2Client: query -- param skipped: index = 1342179345.
07-05 19:18:15.866  1295 30595 W Codec2Client: query -- param skipped: index = 2415921170.
07-05 19:18:15.868  1295 30595 E FMQ     : grantorIdx must be less than 3
07-05 19:18:15.868  1295 30595 E FMQ     : grantorIdx must be less than 3
07-05 19:18:15.868  1295 30595 D CCodecBufferChannel: [c2.android.amrnb.encoder#955] Created input block pool with allocatorID 16 => poolID 20 - OK (0)
07-05 19:18:15.868  1390  1543 D BufferPoolAccessor2.0: bufferpool2 0x7992bd82e8 : 0(0 size) total buffers - 0(0 size) used buffers - 3279/3286 (recycle/alloc) - 2/3092 (fetch/transfer)
07-05 19:18:15.868  1390  1543 D BufferPoolAccessor2.0: Destruction - bufferpool2 0x7992bd82e8 cached: 0/0M, 0/0% in use; allocs: 3286, 100% recycled; transfers: 3092, 100% unfetched
07-05 19:18:15.869  1295 30595 I CCodecBufferChannel: [c2.android.amrnb.encoder#955] Created output block pool with allocatorID 16 => poolID 32 - OK
07-05 19:18:15.869  1295  2859 D BufferPoolAccessor2.0: bufferpool2 0xe5bc33e8 : 0(0 size) total buffers - 0(0 size) used buffers - 3285/3290 (recycle/alloc) - 5/6570 (fetch/transfer)
07-05 19:18:15.869  1295  2859 D BufferPoolAccessor2.0: Destruction - bufferpool2 0xe5bc33e8 cached: 0/0M, 0/0% in use; allocs: 3290, 100% recycled; transfers: 6570, 100% unfetched
07-05 19:18:15.869  1295 30595 D CCodecBufferChannel: [c2.android.amrnb.encoder#955] Configured output block pool ids 32 => OK
07-05 19:18:15.869  1295 30595 D CCodecBufferChannel: [c2.android.amrnb.encoder#955] start: updating output delay 0
07-05 19:18:15.871  1390 30596 D SimpleC2Component: Using output block pool with poolID 32 => got 32 - 0
07-05 19:18:15.872  1295  3079 D MPEG4Writer: fpathconf _PC_FILESIZEBITS:64
07-05 19:18:15.872  1295  3079 D MPEG4Writer: File size limit set to 4503599627370495 bytes implicitly
07-05 19:18:15.872  1295  3079 D MPEG4Writer: MP4WtrCtrlHlpLooper Started
07-05 19:18:15.872  1295  3079 I MPEG4Writer: limits: 4503599627370495/0 bytes/us, bit rate: 12200 bps and the estimated moov size 3192 bytes
07-05 19:18:15.872  1295 30598 D MPEG4Writer: kWhatNoIOErrorSoFar
07-05 19:18:15.872  1295 30592 I MediaCodecSource: MediaCodecSource (audio) starting
07-05 19:18:15.876  1704 11114 I system_server: oneway function results will be dropped but finished with status OK and parcel size 4
07-05 19:18:15.876   933  5107 D audio_hw_primary: adev_create_audio_patch: enter: num sources 1, num_sinks 1, handle 0
07-05 19:18:15.876   933  5107 D audio_hw_primary: adev_create_audio_patch: Capture patch from device 80000004 to mix 78
07-05 19:18:15.876   933  5107 D audio_hw_primary: update_patch: enter
07-05 19:18:15.876   933  5107 D audio_hw_primary: route_input_stream: exit: status(0)
07-05 19:18:15.876   933  5107 D audio_hw_primary: adev_create_audio_patch: Added a new patch with handle 11
07-05 19:18:15.876  1704 11114 I system_server: oneway function results will be dropped but finished with status OK and parcel size 4
07-05 19:18:15.877   933  5107 E device_utils: update_device_list: Invalid device: 0
07-05 19:18:15.878  1704 11114 I SoundTriggerMiddlewareLogging: setCaptureState[this=com.android.server.soundtrigger_middleware.SoundTriggerMiddlewareImpl@fee6189, caller=1041/992](true)
07-05 19:18:15.878   933  5107 E FMQ     : grantorIdx must be less than 3
07-05 19:18:15.879   933  5107 E FMQ     : grantorIdx must be less than 3
07-05 19:18:15.879   992 30594 E FMQ     : grantorIdx must be less than 3
07-05 19:18:15.879   992 30594 E FMQ     : grantorIdx must be less than 3
07-05 19:18:15.880   933 30600 D audio_hw_primary: start_input_stream: enter: stream(0xf50c4ed0)usecase(23: audio-record)
07-05 19:18:15.880   933 30600 D audio_hw_primary: select_devices for use case (audio-record)
07-05 19:18:15.880   933 30600 D msm8974_platform: platform_get_input_snd_device: recording use snd_device = SND_DEVICE_IN_HANDSET_MIC
07-05 19:18:15.880   933 30600 I msm8974_platform: platform_check_and_set_capture_codec_backend_cfg:txbecf: afe: bitwidth 16, samplerate 8000, channel 1 format 1, backend_idx 8 usecase = 23 device (handset-mic)
07-05 19:18:15.880   933 30600 I msm8974_platform: platform_check_capture_codec_backend_cfg:txbecf: afe: Codec selected backend: 8 current bit width: 16 and sample rate: 8000, channels 1 format 1
07-05 19:18:15.880   933 30600 I msm8974_platform: platform_check_capture_codec_backend_cfg:txbecf: afe: current backend bit_width 16 sample_rate 48000 channels 1, format 0
07-05 19:18:15.880  1295 30592 I MediaCodecSource: MediaCodecSource (audio) started
07-05 19:18:15.880   933 30600 I msm8974_platform: platform_check_capture_codec_backend_cfg:txbecf: afe: Codec backend needs to be updated. new bit width: 16 new sample rate: 48000 new channel: 1 new format: 1
07-05 19:18:15.880   933 30600 I msm8974_platform: platform_set_codec_backend_cfg:becf: afe: bitwidth 16, samplerate 48000 channels 1 format 1, backend_idx 8 device (handset-mic)
07-05 19:18:15.880   933 30600 D audio_hw_primary: check_usecases_capture_codec_backend:becf: force routing 0
07-05 19:18:15.880   933 30600 D hardware_info: hw_info_append_hw_type : device_name = handset-mic
07-05 19:18:15.880   933 30600 D msm8974_platform: platform_split_snd_device: snd_device(124) num devices(0) new_snd_devices(0)
07-05 19:18:15.880   933 30600 D audio_hw_primary: enable_snd_device: snd_device(124: handset-mic)
07-05 19:18:15.880   933 30600 D msm8974_platform: platform_get_island_cfg_on_device:island cfg status on snd_device = (handset-mic 0)
07-05 19:18:15.880   933 30600 D soundtrigger: audio HAL using same device 124 as ST
07-05 19:18:15.880   933 30600 I soundtrigger: audio_extn_sound_trigger_update_device_status: device 0x7c of type 1 for Event 1, with Raise=1
07-05 19:18:15.880   933 30600 D sound_trigger_platform: platform_stdev_check_and_update_concurrency: Received DEVICE event, event type 1
07-05 19:18:15.880   933 30600 D sound_trigger_platform: platform_stdev_check_and_update_concurrency: dedicated path 0, reset backend 1, tx 1, rx 0,concurrency session not allowed
07-05 19:18:15.880   933 30600 D audio_route: Apply path: handset-mic
07-05 19:18:15.886   933 30600 W audio_hw_utils: audio_extn_utils_update_stream_input_app_type_cfg: App type could not be selected. Falling back to default
07-05 19:18:15.886   933 30600 D soundtrigger: audio HAL using same device 124 as ST
07-05 19:18:15.886   933 30600 D soundtrigger: audio_extn_sound_trigger_update_stream_status: uc_info->id 23 of type 1 for Event 3, with Raise=1
07-05 19:18:15.886   933 30600 D soundtrigger: audio_extn_sound_trigger_update_stream_status: send event 13: usecase id 23, type 1
07-05 19:18:15.886   933 30600 I sound_trigger_platform: platform_stdev_check_and_update_concurrency: Received STREAM event, event type 13, usecase type 1
07-05 19:18:15.886   933 30600 D sound_trigger_platform: platform_stdev_check_and_update_concurrency: dedicated path 0, reset backend 1, tx 1, rx 0,concurrency session not allowed
07-05 19:18:15.886   933 30600 D audio_hw_utils: audio_extn_utils_send_app_type_cfg: usecase->in_snd_device handset-mic
07-05 19:18:15.886   933 30600 D msm8974_platform: platform_split_snd_device: snd_device(124) num devices(0) new_snd_devices(0)
07-05 19:18:15.886   933 30600 D audio_hw_utils: audio_extn_btsco_get_sample_rate:Not a BT SCO device, need not update sampling rate
07-05 19:18:15.886   933 30600 I audio_hw_utils: send_app_type_cfg_for_device CAPTURE app_type 69938, acdb_dev_id 4, sample_rate 48000, snd_device_be_idx 134
07-05 19:18:15.887   933 30600 D msm8974_platform: platform_split_snd_device: snd_device(124) num devices(1) new_snd_devices(0)
07-05 19:18:15.887   933 30600 D audio_hw_utils: audio_extn_btsco_get_sample_rate:Not a BT SCO device, need not update sampling rate
07-05 19:18:15.887   933 30600 D ACDB-LOADER: ACDB -> send_audio_cal, acdb_id = 4, path = 1, app id = 0x11132, sample rate = 48000, afe_sample_rate = 48000
07-05 19:18:15.887   933 30600 D ACDB-LOADER: ACDB -> send_asm_topology
07-05 19:18:15.887   933 30600 D ACDB-LOADER: ACDB -> ACDB_CMD_GET_AUDPROC_STREAM_TOPOLOGY_ID
07-05 19:18:15.887   933 30600 D ACDB-LOADER: ACDB -> send_adm_topology
07-05 19:18:15.887   933 30600 D ACDB-LOADER: ACDB -> ACDB_CMD_GET_AUDPROC_COMMON_TOPOLOGY_ID
07-05 19:18:15.887   933 30600 D ACDB-LOADER: ACDB -> send_audtable
07-05 19:18:15.887   933 30600 D ACDB-LOADER: ACDB -> ACDB_CMD_GET_AUDPROC_COMMON_TABLE_SIZE
07-05 19:18:15.887   933 30600 D ACDB-LOADER: ACDB -> ACDB_CMD_GET_AUDPROC_COMMON_TABLE
07-05 19:18:15.887   933 30600 D ACDB-LOADER: ACDB -> AUDIO_SET_AUDPROC_CAL cal_type[11] acdb_id[4] app_type[69938]
07-05 19:18:15.887   933 30600 D ACDB-LOADER: ACDB -> ACDB_CMD_GET_AUDPROC_STREAM_TABLE_SIZE
07-05 19:18:15.887   933 30600 D ACDB-LOADER: ACDB -> send_audstrmtable
07-05 19:18:15.887   933 30600 D ACDB-LOADER: ACDB -> ACDB_CMD_GET_AUDPROC_STREAM_TABLE_V2
07-05 19:18:15.887   933 30600 D ACDB-LOADER: ACDB -> audstrm_cal->cal_type.cal_data.cal_size = 16
07-05 19:18:15.887   933 30600 D ACDB-LOADER: ACDB -> send_afe_topology
07-05 19:18:15.887   933 30600 D ACDB-LOADER: ACDB -> ACDB_CMD_GET_AFE_TOPOLOGY_ID
07-05 19:18:15.887   933 30600 D ACDB-LOADER: ACDB -> GET_AFE_TOPOLOGY_ID for adcd_id 4, Topology Id 112fb
07-05 19:18:15.887   933 30600 D ACDB-LOADER: ACDB -> send_afe_cal
07-05 19:18:15.887   933 30600 D ACDB-LOADER: ACDB -> ACDB_CMD_GET_AFE_COMMON_TABLE_SIZE
07-05 19:18:15.887   933 30600 D android.hardware.audio.service: Failed to fetch the lookup information of the device 00000004 
07-05 19:18:15.887   933 30600 D ACDB-LOADER: Error: ACDB_CMD_GET_AFE_COMMON_TABLE_SIZE Returned = -19
07-05 19:18:15.887   933 30600 D ACDB-LOADER: ACDB -> ACDB_CMD_GET_AFE_COMMON_TABLE
07-05 19:18:15.887   933 30600 D android.hardware.audio.service: Failed to fetch the lookup information of the device 00000004 
07-05 19:18:15.887   933 30600 D ACDB-LOADER: Error: ACDB AFE returned = -19
07-05 19:18:15.887   933 30600 D ACDB-LOADER: ACDB -> AUDIO_SET_AFE_CAL cal_type[17] acdb_id[4]
07-05 19:18:15.887   933 30600 D ACDB-LOADER: ACDB -> send_hw_delay : acdb_id = 4 path = 1
07-05 19:18:15.887   933 30600 D ACDB-LOADER: ACDB -> ACDB_AVSYNC_INFO: ACDB_CMD_GET_DEVICE_PROPERTY
07-05 19:18:15.887   933 30600 D audio_hw_primary: enable_audio_route: apply mixer and update path: audio-record
07-05 19:18:15.887   933 30600 D audio_route: Apply path: audio-record
07-05 19:18:15.888   933 30600 D audio_hw_primary: select_devices: done
07-05 19:18:15.889 30567 30567 V Activity: mLastPackageName-e.www.microphonetest.MainActivity
07-05 19:18:15.923 30567 30567 D PureDisplay: package-e.www.microphonetest DYNAMIC_ORIGINAL_MODE open
07-05 19:18:15.926  7466  7466 D PureDisplay: PureDisplayModeChangeReceiver,hdrMode=1
07-05 19:18:15.928  7466  7466 I android_os_HwBinder: HwBinder: Starting thread pool for getting: vendor.pixelworks.hardware.display@1.0::IIris/default
07-05 19:18:15.929   944   944 I IrisService: irisConfigureSet(258, 1, 1)
07-05 19:18:15.929  7466  7466 D PureDisplay: --setIrisDisplayHdrMode- mode =1--result = 0
07-05 19:18:15.929  7466  7466 D PureDisplay: PureDisplayModeChangeReceiver,pureDisplayMode=1
07-05 19:18:15.930  7466  7466 D PureDisplay: isDeviceProvisioned=true
07-05 19:18:15.930  7466  7466 D PureDisplay: isUserSetuped=true
07-05 19:18:15.930  7466  7466 D PureDisplay: setOriginalModeEnable()
07-05 19:18:15.931  7466  7466 I android_os_HwBinder: HwBinder: Starting thread pool for getting: vendor.pixelworks.hardware.display@1.0::IIris/default
07-05 19:18:15.932   944   944 I IrisService: irisConfigureSet(0, 1, 0)
07-05 19:18:15.943  7466  7466 I android_os_HwBinder: HwBinder: Starting thread pool for getting: vendor.pixelworks.hardware.display@1.0::IIris/default
07-05 19:18:15.945   944  7504 I IrisService: irisConfigureSet(41, 1, 0)
07-05 19:18:15.949  7466  7466 I android_os_HwBinder: HwBinder: Starting thread pool for getting: vendor.pixelworks.hardware.display@1.0::IIris/default
07-05 19:18:15.950   944   944 I IrisService: irisConfigureSet(42, 1, 0)
07-05 19:18:15.951  7466  7466 I android_os_HwBinder: HwBinder: Starting thread pool for getting: vendor.pixelworks.hardware.display@1.0::IIris/default
07-05 19:18:15.951   944  7504 I IrisService: irisConfigureSet(40, 1, 0)
07-05 19:18:15.954   933 30600 D audio_hw_primary: start_input_stream: exit
07-05 19:18:15.959 30567 30589 I AdrenoGLES-0: QUALCOMM build                   : d7ad79a, I2f86ca99a8
07-05 19:18:15.959 30567 30589 I AdrenoGLES-0: Build Date                       : 06/13/21
07-05 19:18:15.959 30567 30589 I AdrenoGLES-0: OpenGL ES Shader Compiler Version: EV031.32.02.12
07-05 19:18:15.959 30567 30589 I AdrenoGLES-0: Local Branch                     : mybranchebcc171e-87ea-f17a-bb69-1458d0b52af0
07-05 19:18:15.959 30567 30589 I AdrenoGLES-0: Remote Branch                    : quic/gfx-adreno.lnx.1.0.r127-rel
07-05 19:18:15.959 30567 30589 I AdrenoGLES-0: Remote Branch                    : NONE
07-05 19:18:15.959 30567 30589 I AdrenoGLES-0: Reconstruct Branch               : NOTHING
07-05 19:18:15.959 30567 30589 I AdrenoGLES-0: Build Config                     : S L 10.0.7 AArch64
07-05 19:18:15.959 30567 30589 I AdrenoGLES-0: Driver Path                      : /vendor/lib64/egl/libGLESv2_adreno.so
07-05 19:18:15.960  7466  7466 I android_os_HwBinder: HwBinder: Starting thread pool for getting: vendor.pixelworks.hardware.display@1.0::IIris/default
07-05 19:18:15.960   944  7504 I IrisService: irisConfigureSet(36, 1, 0)
07-05 19:18:15.966 30567 30589 I AdrenoGLES-0: PFP: 0x005ff114, ME: 0x005ff066
07-05 19:18:15.976  7466  7466 D PureDisplay: getWhiteBalanceAutoMode()0
07-05 19:18:15.976  1295 30595 E FMQ     : grantorIdx must be less than 3
07-05 19:18:15.978  7466  7466 I android_os_HwBinder: HwBinder: Starting thread pool for getting: vendor.pixelworks.hardware.display@1.0::IIris/default
07-05 19:18:15.979   944   944 I IrisService: irisConfigureSet(39, 1, 1)
07-05 19:18:15.981  1295  2859 E FMQ     : grantorIdx must be less than 3
07-05 19:18:15.983   622   622 I hwservicemanager: getTransport: Cannot find entry android.hardware.graphics.mapper@4.0::IMapper/default in either framework or device manifest.
07-05 19:18:15.983  1295 30595 D CCodecBuffers: [c2.android.amrnb.encoder#955:Output[N]] popFromStashAndRegister: output format changed to AMessage(what = 0x00000000) = {
07-05 19:18:15.983  1295 30595 D CCodecBuffers:   int32_t bitrate = 12200
07-05 19:18:15.983  1295 30595 D CCodecBuffers:   int32_t channel-count = 1
07-05 19:18:15.983  1295 30595 D CCodecBuffers:   int32_t max-bitrate = 12200
07-05 19:18:15.983  1295 30595 D CCodecBuffers:   string mime = "audio/3gpp"
07-05 19:18:15.983  1295 30595 D CCodecBuffers:   int32_t sample-rate = 8000
07-05 19:18:15.983  1295 30595 D CCodecBuffers: }
07-05 19:18:15.983 30567 30589 I Gralloc4: mapper 4.x is not supported
07-05 19:18:15.983   622   622 I hwservicemanager: getTransport: Cannot find entry android.hardware.graphics.mapper@3.0::IMapper/default in either framework or device manifest.
07-05 19:18:15.983 30567 30589 W Gralloc3: mapper 3.x is not supported
07-05 19:18:15.983  1295 30601 I MPEG4Writer: setStartTimestampUs: 82744
07-05 19:18:15.983  1295 30601 I MPEG4Writer: Earliest track starting time: 82744
07-05 19:18:15.993  7466  7466 I android_os_HwBinder: HwBinder: Starting thread pool for getting: vendor.pixelworks.hardware.display@1.0::IIris/default
07-05 19:18:15.994   944   944 I IrisService: irisConfigureSet(264, 1, 0)
07-05 19:18:15.994  7466  7466 D PureDisplay: PureDisplayModeChangeReceiver,lastclass=e.www.microphonetest.MainActivity
07-05 19:18:15.995  7466  7466 D PureDisplay: PureDisplayModeChangeReceiver,lastpackage=e.www.microphonetest
07-05 19:18:15.996  1704  1865 I ActivityTaskManager: Displayed e.www.microphonetest/.MainActivity: +551ms
07-05 19:18:15.996  7466  7466 D PureDisplay: PureDisplayModeChangeReceiver,lastpackage_resume=1
07-05 19:18:16.018  6048  6048 I GoogleInputMethodService: GoogleInputMethodService.onFinishInput():3306 
07-05 19:18:16.018  6048  6048 I GoogleInputMethodService: GoogleInputMethodService.updateDeviceLockedStatus():2127 repeatCheckTimes = 0, locked = false
07-05 19:18:16.019  6048  6048 I GoogleInputMethodService: GoogleInputMethodService.onStartInput():1909 onStartInput(EditorInfo{inputType=0x0(NULL) imeOptions=0x0 privateImeOptions=null actionName=UNSPECIFIED actionLabel=null actionId=0 initialSelStart=-1 initialSelEnd=-1 initialCapsMode=0x0 hintText=null label=null packageName=e.www.microphonetest fieldId=-1 fieldName=null extras=null hintLocales=[]}, false)
07-05 19:18:16.019  6048  6048 I GoogleInputMethodService: GoogleInputMethodService.shouldHideHeaderOnInitialState():1990 ShouldHideHeaderOnInitialState = false
07-05 19:18:16.019  6048  6048 I GoogleInputMethodService: GoogleInputMethodService.updateDeviceLockedStatus():2127 repeatCheckTimes = 1, locked = false
07-05 19:18:16.217  1295 30595 D CCodecBuffers: [c2.android.amrnb.encoder#955:Output[N]] popFromStashAndRegister: output format changed to AMessage(what = 0x00000000) = {
07-05 19:18:16.217  1295 30595 D CCodecBuffers:   int32_t bitrate = 12200
07-05 19:18:16.217  1295 30595 D CCodecBuffers:   int32_t channel-count = 1
07-05 19:18:16.217  1295 30595 D CCodecBuffers:   int32_t max-bitrate = 12200
07-05 19:18:16.217  1295 30595 D CCodecBuffers:   string mime = "audio/3gpp"
07-05 19:18:16.217  1295 30595 D CCodecBuffers:   int32_t sample-rate = 8000
07-05 19:18:16.217  1295 30595 D CCodecBuffers: }
07-05 19:18:16.381 30520 30520 V Activity: onStop mLastPackageResume = false com.example.batterymanager_utility.MainActivity@6b2aec3
07-05 19:18:16.383  7466  7466 D PureDisplay: PureDisplayModeChangeReceiver,lastpackage_resume=0
07-05 19:18:16.477  1295 30595 I chatty  : uid=1013(media) /system/bin/mediaserver identical 1 line
07-05 19:18:16.738  1295 30595 D CCodecBuffers: [c2.android.amrnb.encoder#955:Output[N]] popFromStashAndRegister: output format changed to AMessage(what = 0x00000000) = {
07-05 19:18:16.738  1295 30595 D CCodecBuffers:   int32_t bitrate = 12200
07-05 19:18:16.738  1295 30595 D CCodecBuffers:   int32_t channel-count = 1
07-05 19:18:16.738  1295 30595 D CCodecBuffers:   int32_t max-bitrate = 12200
07-05 19:18:16.738  1295 30595 D CCodecBuffers:   string mime = "audio/3gpp"
07-05 19:18:16.738  1295 30595 D CCodecBuffers:   int32_t sample-rate = 8000
07-05 19:18:16.738  1295 30595 D CCodecBuffers: }
07-05 19:18:16.959  1704  4057 D CompatibilityInfo: mCompatibilityFlags - 0
07-05 19:18:16.959  1704  4057 D CompatibilityInfo: applicationDensity - 420
07-05 19:18:16.959  1704  4057 D CompatibilityInfo: applicationScale - 1.0
07-05 19:18:16.961 30622 30624 I cmd     : oneway function results will be dropped but finished with status OK and parcel size 4
07-05 19:18:16.965 30520 30520 I BatteryMgr:DataCollectionService: onStartCommand: begin
07-05 19:18:16.965 30520 30520 I BatteryMgr:DataCollectionService: onStartCommand: sampleRate => 10
07-05 19:18:16.965 30520 30520 I BatteryMgr:DataCollectionService: onStartCommand: rawFields => Timestamp,BATTERY_PROPERTY_CURRENT_NOW,EXTRA_VOLTAGE
07-05 19:18:16.966 30520 30520 I BatteryMgr:DataCollectionService: onStartCommand: notification done
07-05 19:18:16.969  1704  4057 D CompatibilityChangeReporter: Compat change id reported: 136219221; UID 10200; state: ENABLED
07-05 19:18:16.969 30520 30520 I BatteryMgr:DataCollectionService: started foreground
07-05 19:18:16.977 30520 30625 I BatteryMgr:DataCollectionService: collectData: begin
07-05 19:18:16.980 30520 30625 I BatteryMgr:DataCollectionService: stats => 1688577496980,-470214,4230
07-05 19:18:16.994 30520 30625 I BatteryMgr:DataCollectionService: stats => 1688577496994,-470214,4230
07-05 19:18:16.998  1295 30595 D CCodecBuffers: [c2.android.amrnb.encoder#955:Output[N]] popFromStashAndRegister: output format changed to AMessage(what = 0x00000000) = {
07-05 19:18:16.998  1295 30595 D CCodecBuffers:   int32_t bitrate = 12200
07-05 19:18:16.998  1295 30595 D CCodecBuffers:   int32_t channel-count = 1
07-05 19:18:16.998  1295 30595 D CCodecBuffers:   int32_t max-bitrate = 12200
07-05 19:18:16.998  1295 30595 D CCodecBuffers:   string mime = "audio/3gpp"
07-05 19:18:16.998  1295 30595 D CCodecBuffers:   int32_t sample-rate = 8000
07-05 19:18:16.998  1295 30595 D CCodecBuffers: }
07-05 19:18:17.007 30520 30625 I BatteryMgr:DataCollectionService: stats => 1688577497007,-470214,4230
07-05 19:18:17.021 30520 30625 I BatteryMgr:DataCollectionService: stats => 1688577497021,-470214,4230
07-05 19:18:17.034 30520 30625 I BatteryMgr:DataCollectionService: stats => 1688577497034,-470214,4230
07-05 19:18:17.048 30520 30625 I BatteryMgr:DataCollectionService: stats => 1688577497048,-470214,4230
07-05 19:18:17.061 30520 30625 I BatteryMgr:DataCollectionService: stats => 1688577497061,-470214,4230
07-05 19:18:17.075 30520 30625 I BatteryMgr:DataCollectionService: stats => 1688577497075,-470214,4230
07-05 19:18:17.089 30520 30625 I BatteryMgr:DataCollectionService: stats => 1688577497089,-470214,4230
07-05 19:18:17.102 30520 30625 I BatteryMgr:DataCollectionService: stats => 1688577497102,-470214,4230
07-05 19:18:17.116 30520 30625 I BatteryMgr:DataCollectionService: stats => 1688577497115,-470214,4230
07-05 19:18:17.129 30520 30625 I BatteryMgr:DataCollectionService: stats => 1688577497129,-470214,4230
07-05 19:18:17.142 30520 30625 I BatteryMgr:DataCollectionService: stats => 1688577497142,-470214,4230
07-05 19:18:17.155 30520 30625 I BatteryMgr:DataCollectionService: stats => 1688577497155,-318359,4230
07-05 19:18:17.168 30520 30625 I BatteryMgr:DataCollectionService: stats => 1688577497168,-318359,4230
07-05 19:18:17.182 30520 30625 I BatteryMgr:DataCollectionService: stats => 1688577497181,-318359,4230
07-05 19:18:17.194 30520 30625 I BatteryMgr:DataCollectionService: stats => 1688577497194,-318359,4230
07-05 19:18:17.208 30520 30625 I BatteryMgr:DataCollectionService: stats => 1688577497208,-318359,4230
07-05 19:18:17.221 30520 30625 I BatteryMgr:DataCollectionService: stats => 1688577497221,-318359,4230
07-05 19:18:17.233 30520 30625 I BatteryMgr:DataCollectionService: stats => 1688577497233,-318359,4230
07-05 19:18:17.247 30520 30625 I BatteryMgr:DataCollectionService: stats => 1688577497247,-318359,4230
07-05 19:18:17.260 30520 30625 I BatteryMgr:DataCollectionService: stats => 1688577497260,-318359,4230
07-05 19:18:17.273 30520 30625 I BatteryMgr:DataCollectionService: stats => 1688577497272,-318359,4230
07-05 19:18:17.286 30520 30625 I BatteryMgr:DataCollectionService: stats => 1688577497286,-318359,4230
07-05 19:18:17.299 30520 30625 I BatteryMgr:DataCollectionService: stats => 1688577497299,-318359,4230
07-05 19:18:17.312 30520 30625 I BatteryMgr:DataCollectionService: stats => 1688577497312,-318359,4230
07-05 19:18:17.325 30520 30625 I BatteryMgr:DataCollectionService: stats => 1688577497325,-318359,4230
07-05 19:18:17.338 30520 30625 I BatteryMgr:DataCollectionService: stats => 1688577497338,-318359,4230
07-05 19:18:17.351 30520 30625 I BatteryMgr:DataCollectionService: stats => 1688577497351,-318359,4230
07-05 19:18:17.364 30520 30625 I BatteryMgr:DataCollectionService: stats => 1688577497364,-318359,4230
07-05 19:18:17.377 30520 30625 I BatteryMgr:DataCollectionService: stats => 1688577497377,-318359,4230
07-05 19:18:17.390 30520 30625 I BatteryMgr:DataCollectionService: stats => 1688577497390,-318359,4230
07-05 19:18:17.403 30520 30625 I BatteryMgr:DataCollectionService: stats => 1688577497403,-318359,4230
07-05 19:18:17.416 30520 30625 I BatteryMgr:DataCollectionService: stats => 1688577497416,-318359,4230
07-05 19:18:17.429 30520 30625 I BatteryMgr:DataCollectionService: stats => 1688577497429,-318359,4230
07-05 19:18:17.442 30520 30625 I BatteryMgr:DataCollectionService: stats => 1688577497442,-318359,4230
07-05 19:18:17.454 30520 30625 I BatteryMgr:DataCollectionService: stats => 1688577497454,-318359,4230
07-05 19:18:17.467 30520 30625 I BatteryMgr:DataCollectionService: stats => 1688577497467,-318359,4230
07-05 19:18:17.480 30520 30625 I BatteryMgr:DataCollectionService: stats => 1688577497480,-318359,4230
07-05 19:18:17.493 30520 30625 I BatteryMgr:DataCollectionService: stats => 1688577497493,-318359,4230
07-05 19:18:17.497  1295 30595 D CCodecBuffers: [c2.android.amrnb.encoder#955:Output[N]] popFromStashAndRegister: output format changed to AMessage(what = 0x00000000) = {
07-05 19:18:17.497  1295 30595 D CCodecBuffers:   int32_t bitrate = 12200
07-05 19:18:17.497  1295 30595 D CCodecBuffers:   int32_t channel-count = 1
07-05 19:18:17.497  1295 30595 D CCodecBuffers:   int32_t max-bitrate = 12200
07-05 19:18:17.497  1295 30595 D CCodecBuffers:   string mime = "audio/3gpp"
07-05 19:18:17.497  1295 30595 D CCodecBuffers:   int32_t sample-rate = 8000
07-05 19:18:17.497  1295 30595 D CCodecBuffers: }
07-05 19:18:17.506 30520 30625 I BatteryMgr:DataCollectionService: stats => 1688577497506,-318359,4230
07-05 19:18:17.519 30520 30625 I BatteryMgr:DataCollectionService: stats => 1688577497519,-318359,4230
07-05 19:18:17.531 30520 30625 I BatteryMgr:DataCollectionService: stats => 1688577497531,-318359,4230
07-05 19:18:17.544 30520 30625 I BatteryMgr:DataCollectionService: stats => 1688577497544,-318359,4230
