07-05 11:44:04.830 21890 21985 I BatteryMgr:DataCollectionService: stats => 1688550244830,-222167,4216
07-05 11:44:04.851 21890 21985 I BatteryMgr:DataCollectionService: stats => 1688550244851,-222167,4216
07-05 11:44:04.871 21890 21985 I BatteryMgr:DataCollectionService: stats => 1688550244871,-222167,4216
07-05 11:44:04.891 21890 21985 I BatteryMgr:DataCollectionService: stats => 1688550244891,-222167,4216
07-05 11:44:04.909 21890 21985 I BatteryMgr:DataCollectionService: stats => 1688550244908,-222167,4216
07-05 11:44:04.923 21890 21985 I BatteryMgr:DataCollectionService: stats => 1688550244923,-222167,4216
07-05 11:44:04.943 21890 21985 I BatteryMgr:DataCollectionService: stats => 1688550244943,-222167,4216
07-05 11:44:04.960 21890 21985 I BatteryMgr:DataCollectionService: stats => 1688550244960,-222167,4216
07-05 11:44:04.976 21890 21985 I BatteryMgr:DataCollectionService: stats => 1688550244976,-222167,4216
07-05 11:44:04.994 21890 21985 I BatteryMgr:DataCollectionService: stats => 1688550244994,-222167,4216
07-05 11:44:05.014 21890 21985 I BatteryMgr:DataCollectionService: stats => 1688550245014,-222167,4216
07-05 11:44:05.030 21890 21985 I BatteryMgr:DataCollectionService: stats => 1688550245030,-222167,4216
07-05 11:44:05.046 21890 21985 I BatteryMgr:DataCollectionService: stats => 1688550245046,-222167,4216
07-05 11:44:05.065 21890 21985 I BatteryMgr:DataCollectionService: stats => 1688550245065,-222167,4216
07-05 11:44:05.084 21890 21985 I BatteryMgr:DataCollectionService: stats => 1688550245084,-222167,4216
07-05 11:44:05.104 21890 21985 I BatteryMgr:DataCollectionService: stats => 1688550245104,-222167,4216
07-05 11:44:05.122 21890 21985 I BatteryMgr:DataCollectionService: stats => 1688550245122,-222167,4216
07-05 11:44:05.143 21890 21985 I BatteryMgr:DataCollectionService: stats => 1688550245142,-222167,4216
07-05 11:44:05.163 21890 21985 I BatteryMgr:DataCollectionService: stats => 1688550245163,-222167,4216
07-05 11:44:05.181 21890 21985 I BatteryMgr:DataCollectionService: stats => 1688550245181,-222167,4216
07-05 11:44:05.202 21890 21985 I BatteryMgr:DataCollectionService: stats => 1688550245202,-222167,4216
07-05 11:44:05.219 21890 21985 I BatteryMgr:DataCollectionService: stats => 1688550245219,-222167,4216
07-05 11:44:05.234 21890 21985 I BatteryMgr:DataCollectionService: stats => 1688550245234,-222167,4216
07-05 11:44:05.250 21890 21985 I BatteryMgr:DataCollectionService: stats => 1688550245250,-222167,4216
07-05 11:44:05.265 21890 21985 I BatteryMgr:DataCollectionService: stats => 1688550245265,-222167,4216
07-05 11:44:05.281 21890 21985 I BatteryMgr:DataCollectionService: stats => 1688550245281,-222167,4216
07-05 11:44:05.297 21890 21985 I BatteryMgr:DataCollectionService: stats => 1688550245297,-222167,4216
07-05 11:44:05.312 21890 21985 I BatteryMgr:DataCollectionService: stats => 1688550245312,-222167,4216
07-05 11:44:05.328 21890 21985 I BatteryMgr:DataCollectionService: stats => 1688550245328,-222167,4216
07-05 11:44:05.343 21890 21985 I BatteryMgr:DataCollectionService: stats => 1688550245343,-222167,4216
07-05 11:44:05.357 21890 21985 I BatteryMgr:DataCollectionService: stats => 1688550245357,-222167,4216
07-05 11:44:05.372 21890 21985 I BatteryMgr:DataCollectionService: stats => 1688550245372,-222167,4216
07-05 11:44:05.389 21890 21985 I BatteryMgr:DataCollectionService: stats => 1688550245389,-222167,4216
07-05 11:44:05.404 21890 21985 I BatteryMgr:DataCollectionService: stats => 1688550245404,-222167,4216
07-05 11:44:05.421 21890 21985 I BatteryMgr:DataCollectionService: stats => 1688550245421,-222167,4216
07-05 11:44:05.437 21890 21985 I BatteryMgr:DataCollectionService: stats => 1688550245436,-222167,4216
07-05 11:44:05.451 21890 21985 I BatteryMgr:DataCollectionService: stats => 1688550245451,-222167,4216
07-05 11:44:05.472 21890 21985 I BatteryMgr:DataCollectionService: stats => 1688550245471,-222167,4216
07-05 11:44:05.492 21890 21985 I BatteryMgr:DataCollectionService: stats => 1688550245492,-222167,4216
07-05 11:44:05.517 21890 21985 I BatteryMgr:DataCollectionService: stats => 1688550245516,-222167,4216
07-05 11:44:05.532 21890 21985 I BatteryMgr:DataCollectionService: stats => 1688550245532,-222167,4216
07-05 11:44:05.560 21890 21985 I BatteryMgr:DataCollectionService: stats => 1688550245560,-222167,4216
07-05 11:44:05.580 21890 21985 I BatteryMgr:DataCollectionService: stats => 1688550245580,-222167,4216
07-05 11:44:05.601 21890 21985 I BatteryMgr:DataCollectionService: stats => 1688550245600,-222167,4216
07-05 11:44:05.621 21890 21985 I BatteryMgr:DataCollectionService: stats => 1688550245621,-222167,4216
07-05 11:44:05.638 21890 21985 I BatteryMgr:DataCollectionService: stats => 1688550245638,-222167,4216
07-05 11:44:05.655 21890 21985 I BatteryMgr:DataCollectionService: stats => 1688550245655,-222167,4216
07-05 11:44:05.676 21890 21985 I BatteryMgr:DataCollectionService: stats => 1688550245675,-222167,4216
07-05 11:44:05.694 21890 21985 I BatteryMgr:DataCollectionService: stats => 1688550245694,-222167,4216
07-05 11:44:05.716 21890 21985 I BatteryMgr:DataCollectionService: stats => 1688550245716,-222167,4216
07-05 11:44:05.731 21890 21985 I BatteryMgr:DataCollectionService: stats => 1688550245731,-222167,4216
07-05 11:44:05.752 21890 21985 I BatteryMgr:DataCollectionService: stats => 1688550245752,-222167,4216
07-05 11:44:05.773 21890 21985 I BatteryMgr:DataCollectionService: stats => 1688550245773,-222167,4216
07-05 11:44:05.793 21890 21985 I BatteryMgr:DataCollectionService: stats => 1688550245793,-150390,4216
07-05 11:44:05.813 21890 21985 I BatteryMgr:DataCollectionService: stats => 1688550245813,-150390,4216
07-05 11:44:05.829 21890 21985 I BatteryMgr:DataCollectionService: stats => 1688550245829,-150390,4216
07-05 11:44:05.844 21890 21985 I BatteryMgr:DataCollectionService: stats => 1688550245844,-150390,4216
07-05 11:44:05.863 21890 21985 I BatteryMgr:DataCollectionService: stats => 1688550245863,-150390,4216
07-05 11:44:05.883 21890 21985 I BatteryMgr:DataCollectionService: stats => 1688550245883,-150390,4216
07-05 11:44:05.903 21890 21985 I BatteryMgr:DataCollectionService: stats => 1688550245903,-150390,4216
07-05 11:44:05.922 21890 21985 I BatteryMgr:DataCollectionService: stats => 1688550245922,-150390,4216
07-05 11:44:05.940 21890 21985 I BatteryMgr:DataCollectionService: stats => 1688550245940,-150390,4216
07-05 11:44:05.951  1214  1214 W /system/vendor/bin/ipacm: type=1400 audit(0.0:52453): avc: denied { write } for comm=6E65746C696E6B20736F636B6574 name="ipacm_log_file" dev="tmpfs" ino=20285 scontext=u:r:ipacm:s0 tcontext=u:object_r:ipacm_socket:s0 tclass=sock_file permissive=0
07-05 11:44:05.951  1214  1214 I chatty  : uid=1001(radio) /system/vendor/bin/ipacm identical 1 line
07-05 11:44:05.951  1214  1214 W /system/vendor/bin/ipacm: type=1400 audit(0.0:52455): avc: denied { write } for comm=6E65746C696E6B20736F636B6574 name="ipacm_log_file" dev="tmpfs" ino=20285 scontext=u:r:ipacm:s0 tcontext=u:object_r:ipacm_socket:s0 tclass=sock_file permissive=0
07-05 11:44:05.951  1214  1214 W ipacm   : type=1400 audit(0.0:52456): avc: denied { write } for name="ipacm_log_file" dev="tmpfs" ino=20285 scontext=u:r:ipacm:s0 tcontext=u:object_r:ipacm_socket:s0 tclass=sock_file permissive=0
07-05 11:44:05.951  1214  1214 W ipacm   : type=1400 audit(0.0:52457): avc: denied { write } for name="ipacm_log_file" dev="tmpfs" ino=20285 scontext=u:r:ipacm:s0 tcontext=u:object_r:ipacm_socket:s0 tclass=sock_file permissive=0
07-05 11:44:05.962 21890 21985 I BatteryMgr:DataCollectionService: stats => 1688550245962,-150390,4216
07-05 11:44:05.978 21890 21985 I BatteryMgr:DataCollectionService: stats => 1688550245978,-150390,4216
07-05 11:44:05.993 21890 21985 I BatteryMgr:DataCollectionService: stats => 1688550245993,-150390,4216
07-05 11:44:06.007 21890 21985 I BatteryMgr:DataCollectionService: stats => 1688550246007,-150390,4216
07-05 11:44:06.022 21890 21985 I BatteryMgr:DataCollectionService: stats => 1688550246022,-150390,4216
07-05 11:44:06.039 21890 21985 I BatteryMgr:DataCollectionService: stats => 1688550246038,-150390,4216
07-05 11:44:06.053 21890 21985 I BatteryMgr:DataCollectionService: stats => 1688550246053,-150390,4216
07-05 11:44:06.069 21890 21985 I BatteryMgr:DataCollectionService: stats => 1688550246069,-150390,4216
07-05 11:44:06.084 21890 21985 I BatteryMgr:DataCollectionService: stats => 1688550246084,-150390,4216
07-05 11:44:06.100 21890 21985 I BatteryMgr:DataCollectionService: stats => 1688550246100,-150390,4216
07-05 11:44:06.115 21890 21985 I BatteryMgr:DataCollectionService: stats => 1688550246115,-150390,4216
07-05 11:44:06.130 21890 21985 I BatteryMgr:DataCollectionService: stats => 1688550246130,-150390,4216
07-05 11:44:06.145 21890 21985 I BatteryMgr:DataCollectionService: stats => 1688550246145,-150390,4216
07-05 11:44:06.161 21890 21985 I BatteryMgr:DataCollectionService: stats => 1688550246161,-150390,4216
07-05 11:44:06.176 21890 21985 I BatteryMgr:DataCollectionService: stats => 1688550246176,-150390,4216
07-05 11:44:06.191 21890 21985 I BatteryMgr:DataCollectionService: stats => 1688550246191,-150390,4216
07-05 11:44:06.211 21890 21985 I BatteryMgr:DataCollectionService: stats => 1688550246211,-150390,4216
07-05 11:44:06.232 21890 21985 I BatteryMgr:DataCollectionService: stats => 1688550246232,-150390,4216
07-05 11:44:06.249 21890 21985 I BatteryMgr:DataCollectionService: stats => 1688550246249,-150390,4216
07-05 11:44:06.268 21890 21985 I BatteryMgr:DataCollectionService: stats => 1688550246268,-150390,4216
07-05 11:44:06.286 21890 21985 I BatteryMgr:DataCollectionService: stats => 1688550246286,-150390,4216
07-05 11:44:06.305 21890 21985 I BatteryMgr:DataCollectionService: stats => 1688550246305,-150390,4216
07-05 11:44:06.323 21890 21985 I BatteryMgr:DataCollectionService: stats => 1688550246323,-150390,4216
07-05 11:44:06.340 21890 21985 I BatteryMgr:DataCollectionService: stats => 1688550246340,-150390,4216
07-05 11:44:06.361 21890 21985 I BatteryMgr:DataCollectionService: stats => 1688550246361,-150390,4216
07-05 11:44:06.382 21890 21985 I BatteryMgr:DataCollectionService: stats => 1688550246382,-150390,4216
07-05 11:44:06.403 21890 21985 I BatteryMgr:DataCollectionService: stats => 1688550246403,-150390,4216
07-05 11:44:06.426 21890 21985 I BatteryMgr:DataCollectionService: stats => 1688550246426,-150390,4216
07-05 11:44:06.447 21890 21985 I BatteryMgr:DataCollectionService: stats => 1688550246447,-150390,4216
07-05 11:44:06.462 21890 21985 I BatteryMgr:DataCollectionService: stats => 1688550246462,-150390,4216
07-05 11:44:06.478 21890 21985 I BatteryMgr:DataCollectionService: stats => 1688550246478,-150390,4216
07-05 11:44:06.493 21890 21985 I BatteryMgr:DataCollectionService: stats => 1688550246493,-150390,4216
07-05 11:44:06.509 21890 21985 I BatteryMgr:DataCollectionService: stats => 1688550246509,-150390,4216
07-05 11:44:06.526 21890 21985 I BatteryMgr:DataCollectionService: stats => 1688550246526,-150390,4216
07-05 11:44:06.541 21890 21985 I BatteryMgr:DataCollectionService: stats => 1688550246541,-150390,4216
07-05 11:44:06.556 21890 21985 I BatteryMgr:DataCollectionService: stats => 1688550246556,-150390,4216
07-05 11:44:06.571 21890 21985 I BatteryMgr:DataCollectionService: stats => 1688550246571,-150390,4216
07-05 11:44:06.587 21890 21985 I BatteryMgr:DataCollectionService: stats => 1688550246587,-150390,4216
07-05 11:44:06.602 21890 21985 I BatteryMgr:DataCollectionService: stats => 1688550246602,-150390,4216
07-05 11:44:06.618 21890 21985 I BatteryMgr:DataCollectionService: stats => 1688550246618,-150390,4216
07-05 11:44:06.633 21890 21985 I BatteryMgr:DataCollectionService: stats => 1688550246633,-150390,4216
07-05 11:44:06.647 21890 21985 I BatteryMgr:DataCollectionService: stats => 1688550246647,-150390,4216
07-05 11:44:06.662 21890 21985 I BatteryMgr:DataCollectionService: stats => 1688550246662,-150390,4216
07-05 11:44:06.678 21890 21985 I BatteryMgr:DataCollectionService: stats => 1688550246678,-150390,4216
07-05 11:44:06.697 21890 21985 I BatteryMgr:DataCollectionService: stats => 1688550246697,-150390,4216
07-05 11:44:06.716 21890 21985 I BatteryMgr:DataCollectionService: stats => 1688550246716,-150390,4216
07-05 11:44:06.738 21890 21985 I BatteryMgr:DataCollectionService: stats => 1688550246737,-150390,4216
07-05 11:44:06.757 21890 21985 I BatteryMgr:DataCollectionService: stats => 1688550246757,-150390,4216
07-05 11:44:06.772 21890 21985 I BatteryMgr:DataCollectionService: stats => 1688550246772,-150390,4216
07-05 11:44:06.789 21890 21985 I BatteryMgr:DataCollectionService: stats => 1688550246788,-150390,4216
07-05 11:44:06.807 21890 21985 I BatteryMgr:DataCollectionService: stats => 1688550246807,-150390,4216
07-05 11:44:06.826 21890 21985 I BatteryMgr:DataCollectionService: stats => 1688550246826,-150390,4216
07-05 11:44:06.846 21890 21985 I BatteryMgr:DataCollectionService: stats => 1688550246846,-150390,4216
07-05 11:44:06.864 21890 21985 I BatteryMgr:DataCollectionService: stats => 1688550246864,-150390,4216
07-05 11:44:06.884 21890 21985 I BatteryMgr:DataCollectionService: stats => 1688550246884,-150390,4216
07-05 11:44:06.905 21890 21985 I BatteryMgr:DataCollectionService: stats => 1688550246905,-150390,4216
07-05 11:44:06.923 21890 21985 I BatteryMgr:DataCollectionService: stats => 1688550246923,-150390,4216
07-05 11:44:06.944 21890 21985 I BatteryMgr:DataCollectionService: stats => 1688550246944,-150390,4216
07-05 11:44:06.965 21890 21985 I BatteryMgr:DataCollectionService: stats => 1688550246965,-150390,4216
07-05 11:44:06.987 21890 21985 I BatteryMgr:DataCollectionService: stats => 1688550246987,-150390,4216
07-05 11:44:07.008 21890 21985 I BatteryMgr:DataCollectionService: stats => 1688550247008,-150390,4216
07-05 11:44:07.026 21890 21985 I BatteryMgr:DataCollectionService: stats => 1688550247026,-150390,4216
07-05 11:44:07.046 21890 21985 I BatteryMgr:DataCollectionService: stats => 1688550247046,-150390,4216
07-05 11:44:07.067 21890 21985 I BatteryMgr:DataCollectionService: stats => 1688550247067,-150390,4216
07-05 11:44:07.086 21890 21985 I BatteryMgr:DataCollectionService: stats => 1688550247086,-150390,4216
07-05 11:44:07.106 21890 21985 I BatteryMgr:DataCollectionService: stats => 1688550247106,-150390,4216
07-05 11:44:07.124 21890 21985 I BatteryMgr:DataCollectionService: stats => 1688550247124,-150390,4216
07-05 11:44:07.146 21890 21985 I BatteryMgr:DataCollectionService: stats => 1688550247146,-150390,4216
07-05 11:44:07.166 21890 21985 I BatteryMgr:DataCollectionService: stats => 1688550247166,-150390,4216
07-05 11:44:07.187 21890 21985 I BatteryMgr:DataCollectionService: stats => 1688550247187,-150390,4216
07-05 11:44:07.206 21890 21985 I BatteryMgr:DataCollectionService: stats => 1688550247206,-150390,4216
07-05 11:44:07.226 21890 21985 I BatteryMgr:DataCollectionService: stats => 1688550247226,-150390,4216
07-05 11:44:07.246 21890 21985 I BatteryMgr:DataCollectionService: stats => 1688550247246,-150390,4216
07-05 11:44:07.268 21890 21985 I BatteryMgr:DataCollectionService: stats => 1688550247268,-143066,4216
07-05 11:44:07.289 21890 21985 I BatteryMgr:DataCollectionService: stats => 1688550247289,-143066,4216
07-05 11:44:07.308 21890 21985 I BatteryMgr:DataCollectionService: stats => 1688550247308,-143066,4216
07-05 11:44:07.326 21890 21985 I BatteryMgr:DataCollectionService: stats => 1688550247326,-143066,4216
07-05 11:44:07.343 21890 21985 I BatteryMgr:DataCollectionService: stats => 1688550247343,-143066,4216
07-05 11:44:07.366 21890 21985 I BatteryMgr:DataCollectionService: stats => 1688550247366,-143066,4216
07-05 11:44:07.387 21890 21985 I BatteryMgr:DataCollectionService: stats => 1688550247387,-143066,4216
07-05 11:44:07.409 21890 21985 I BatteryMgr:DataCollectionService: stats => 1688550247409,-143066,4216
07-05 11:44:07.439 21890 21985 I BatteryMgr:DataCollectionService: stats => 1688550247439,-143066,4216
07-05 11:44:07.456 21890 21985 I BatteryMgr:DataCollectionService: stats => 1688550247456,-143066,4216
07-05 11:44:07.476 21890 21985 I BatteryMgr:DataCollectionService: stats => 1688550247476,-143066,4216
07-05 11:44:07.496 21890 21985 I BatteryMgr:DataCollectionService: stats => 1688550247496,-143066,4216
07-05 11:44:07.516 21890 21985 I BatteryMgr:DataCollectionService: stats => 1688550247516,-143066,4216
07-05 11:44:07.536 21890 21985 I BatteryMgr:DataCollectionService: stats => 1688550247536,-143066,4216
07-05 11:44:07.555 21890 21985 I BatteryMgr:DataCollectionService: stats => 1688550247555,-143066,4216
07-05 11:44:07.572 21890 21985 I BatteryMgr:DataCollectionService: stats => 1688550247572,-143066,4216
07-05 11:44:07.588 21890 21985 I BatteryMgr:DataCollectionService: stats => 1688550247588,-143066,4216
07-05 11:44:07.602 21890 21985 I BatteryMgr:DataCollectionService: stats => 1688550247602,-143066,4216
07-05 11:44:07.619 21890 21985 I BatteryMgr:DataCollectionService: stats => 1688550247619,-143066,4216
07-05 11:44:07.634 21890 21985 I BatteryMgr:DataCollectionService: stats => 1688550247634,-143066,4216
07-05 11:44:07.649 21890 21985 I BatteryMgr:DataCollectionService: stats => 1688550247648,-143066,4216
07-05 11:44:07.663 21890 21985 I BatteryMgr:DataCollectionService: stats => 1688550247663,-143066,4216
07-05 11:44:07.679 21890 21985 I BatteryMgr:DataCollectionService: stats => 1688550247679,-143066,4216
07-05 11:44:07.694 21890 21985 I BatteryMgr:DataCollectionService: stats => 1688550247694,-143066,4216
07-05 11:44:07.709 21890 21985 I BatteryMgr:DataCollectionService: stats => 1688550247709,-143066,4216
07-05 11:44:07.726 21890 21985 I BatteryMgr:DataCollectionService: stats => 1688550247726,-143066,4216
07-05 11:44:07.741 21890 21985 I BatteryMgr:DataCollectionService: stats => 1688550247741,-143066,4216
07-05 11:44:07.758 21890 21985 I BatteryMgr:DataCollectionService: stats => 1688550247758,-143066,4216
07-05 11:44:07.773 21890 21985 I BatteryMgr:DataCollectionService: stats => 1688550247773,-143066,4216
07-05 11:44:07.788 21890 21985 I BatteryMgr:DataCollectionService: stats => 1688550247788,-143066,4216
07-05 11:44:07.803 21890 21985 I BatteryMgr:DataCollectionService: stats => 1688550247803,-143066,4216
07-05 11:44:07.823 21890 21985 I BatteryMgr:DataCollectionService: stats => 1688550247823,-143066,4216
07-05 11:44:07.844 21890 21985 I BatteryMgr:DataCollectionService: stats => 1688550247843,-143066,4216
07-05 11:44:07.861 21890 21985 I BatteryMgr:DataCollectionService: stats => 1688550247861,-143066,4216
07-05 11:44:07.880 21890 21985 I BatteryMgr:DataCollectionService: stats => 1688550247880,-143066,4216
07-05 11:44:07.898 21890 21985 I BatteryMgr:DataCollectionService: stats => 1688550247898,-143066,4216
07-05 11:44:07.918 21890 21985 I BatteryMgr:DataCollectionService: stats => 1688550247918,-143066,4216
07-05 11:44:07.937 21890 21985 I BatteryMgr:DataCollectionService: stats => 1688550247937,-143066,4216
07-05 11:44:07.956 21890 21985 I BatteryMgr:DataCollectionService: stats => 1688550247956,-143066,4216
07-05 11:44:07.976 21890 21985 I BatteryMgr:DataCollectionService: stats => 1688550247976,-143066,4216
07-05 11:44:07.992 21890 21985 I BatteryMgr:DataCollectionService: stats => 1688550247992,-143066,4216
07-05 11:44:08.013 21890 21985 I BatteryMgr:DataCollectionService: stats => 1688550248013,-143066,4216
07-05 11:44:08.033 21890 21985 I BatteryMgr:DataCollectionService: stats => 1688550248033,-143066,4216
07-05 11:44:08.054 21890 21985 I BatteryMgr:DataCollectionService: stats => 1688550248053,-143066,4216
07-05 11:44:08.074 21890 21985 I BatteryMgr:DataCollectionService: stats => 1688550248074,-143066,4216
07-05 11:44:08.094 21890 21985 I BatteryMgr:DataCollectionService: stats => 1688550248094,-143066,4216
07-05 11:44:08.117 21890 21985 I BatteryMgr:DataCollectionService: stats => 1688550248117,-143066,4216
07-05 11:44:08.133 21890 21985 I BatteryMgr:DataCollectionService: stats => 1688550248133,-143066,4216
07-05 11:44:08.153 21890 21985 I BatteryMgr:DataCollectionService: stats => 1688550248153,-143066,4216
07-05 11:44:08.173 21890 21985 I BatteryMgr:DataCollectionService: stats => 1688550248173,-143066,4216
07-05 11:44:08.193 21890 21985 I BatteryMgr:DataCollectionService: stats => 1688550248193,-143066,4216
07-05 11:44:08.214 21890 21985 I BatteryMgr:DataCollectionService: stats => 1688550248214,-143066,4216
07-05 11:44:08.229 21890 21985 I BatteryMgr:DataCollectionService: stats => 1688550248229,-143066,4216
07-05 11:44:08.247 21890 21985 I BatteryMgr:DataCollectionService: stats => 1688550248247,-143066,4216
07-05 11:44:08.266 21890 21985 I BatteryMgr:DataCollectionService: stats => 1688550248266,-143066,4216
07-05 11:44:08.287 21890 21985 I BatteryMgr:DataCollectionService: stats => 1688550248287,-143066,4216
07-05 11:44:08.306 21890 21985 I BatteryMgr:DataCollectionService: stats => 1688550248306,-143066,4216
07-05 11:44:08.325 21890 21985 I BatteryMgr:DataCollectionService: stats => 1688550248324,-143066,4216
07-05 11:44:08.345 21890 21985 I BatteryMgr:DataCollectionService: stats => 1688550248345,-143066,4216
07-05 11:44:08.366 21890 21985 I BatteryMgr:DataCollectionService: stats => 1688550248366,-143066,4216
07-05 11:44:08.386 21890 21985 I BatteryMgr:DataCollectionService: stats => 1688550248386,-143066,4216
07-05 11:44:08.401 21890 21985 I BatteryMgr:DataCollectionService: stats => 1688550248401,-143066,4216
07-05 11:44:08.418 21890 21985 I BatteryMgr:DataCollectionService: stats => 1688550248418,-143066,4216
07-05 11:44:08.433 21890 21985 I BatteryMgr:DataCollectionService: stats => 1688550248433,-143066,4216
07-05 11:44:08.447 21890 21985 I BatteryMgr:DataCollectionService: stats => 1688550248447,-143066,4216
07-05 11:44:08.461 21890 21985 I BatteryMgr:DataCollectionService: stats => 1688550248461,-143066,4216
07-05 11:44:08.474 21890 21985 I BatteryMgr:DataCollectionService: stats => 1688550248474,-143066,4216
07-05 11:44:08.488 21890 21985 I BatteryMgr:DataCollectionService: stats => 1688550248488,-143066,4216
07-05 11:44:08.503 21890 21985 I BatteryMgr:DataCollectionService: stats => 1688550248502,-143066,4216
07-05 11:44:08.517 21890 21985 I BatteryMgr:DataCollectionService: stats => 1688550248517,-143066,4216
07-05 11:44:08.531 21890 21985 I BatteryMgr:DataCollectionService: stats => 1688550248531,-143066,4216
07-05 11:44:08.544 21890 21985 I BatteryMgr:DataCollectionService: stats => 1688550248544,-143066,4216
07-05 11:44:08.558 21890 21985 I BatteryMgr:DataCollectionService: stats => 1688550248558,-143066,4216
07-05 11:44:08.573 21890 21985 I BatteryMgr:DataCollectionService: stats => 1688550248573,-143066,4216
07-05 11:44:08.588 21890 21985 I BatteryMgr:DataCollectionService: stats => 1688550248588,-143066,4216
07-05 11:44:08.602 21890 21985 I BatteryMgr:DataCollectionService: stats => 1688550248602,-143066,4216
07-05 11:44:08.616 21890 21985 I BatteryMgr:DataCollectionService: stats => 1688550248616,-143066,4216
07-05 11:44:08.629 21890 21985 I BatteryMgr:DataCollectionService: stats => 1688550248629,-143066,4216
07-05 11:44:08.644 22008 22010 I cmd     : oneway function results will be dropped but finished with status OK and parcel size 4
07-05 11:44:08.652 21890 21985 I BatteryMgr:DataCollectionService: stats => 1688550248652,-143066,4216
07-05 11:44:08.990  1704  4014 I ActivityManager: Force stopping e.www.gpstest appid=10208 user=0: from pid 22024
07-05 11:44:08.991  1704  4014 I ActivityManager: Killing 21936:e.www.gpstest/u0a208 (adj 0): stop e.www.gpstest due to from pid 22024
07-05 11:44:08.993  1704  4014 W ActivityTaskManager: Force removing ActivityRecord{2f95b9b u0 e.www.gpstest/.MainActivity t96 f}}: app died, no saved state
07-05 11:44:09.016   885   885 I Zygote  : Process 21936 exited due to signal 9 (Killed)
07-05 11:44:09.036  1704  1875 I libprocessgroup: Successfully killed process cgroup uid 10208 pid 21936 in 43ms
07-05 11:44:09.039 21890 21890 V Activity: mLastPackageName-com.example.batterymanager_utility.MainActivity
07-05 11:44:09.040 22024 22026 I cmd     : oneway function results will be dropped but finished with status OK and parcel size 4
07-05 11:44:09.045  3293  3293 E PhoneInterfaceManager: [PhoneIntfMgr] getCarrierPackageNamesForIntentAndPhone: No UICC
07-05 11:44:09.045  3293  3293 D CarrierSvcBindHelper: No carrier app for: 0
07-05 11:44:09.046  3293  3293 E PhoneInterfaceManager: [PhoneIntfMgr] getCarrierPackageNamesForIntentAndPhone: No UICC
07-05 11:44:09.046  3293  3293 D CarrierSvcBindHelper: No carrier app for: 1
07-05 11:44:09.052  1704  1854 W ActivityManager: setHasOverlayUi called on unknown pid: 21936
07-05 11:44:09.067  4019  4019 D RegisteredServicesCache: Others service enabled : ComponentInfo{com.google.android.gms/com.google.android.gms.nearby.mediums.nearfieldcommunication.NfcAdvertisingService}
07-05 11:44:09.067  4019  4019 D RegisteredServicesCache: Others service enabled : ComponentInfo{com.google.android.gms/com.google.android.gms.pay.hce.service.PayHceService}
07-05 11:44:09.067  4019  4019 D RegisteredServicesCache: Others service enabled : ComponentInfo{com.google.android.gms/com.google.android.gms.tapandpay.hce.service.TpHceService}
07-05 11:44:09.067  4019  4019 D RegisteredServicesCache: Others service enabled : ComponentInfo{com.google.android.gms/com.google.android.gms.dck.service.DckNfcApduService}
07-05 11:44:09.076  4019  4019 D AidRoutingManager: Default: 0, aid size: 314
07-05 11:44:09.076  4019  4019 D AidRoutingManager: Default: 2, aid size: 0
07-05 11:44:09.076  4019  4019 D AidRoutingManager: Default: 3, aid size: 0
07-05 11:44:09.076  4019  4019 D AidRoutingManager: Default: 0, aid expected size: 0
07-05 11:44:09.076  4019  4019 D AidRoutingManager: Default: 2, aid expected size: 314
07-05 11:44:09.076  4019  4019 D AidRoutingManager: Default: 3, aid expected size: 314
07-05 11:44:09.077  4019  4019 D RegisteredNfcFServicesCache: Service unchanged, not updating
07-05 11:44:09.101  1214  1214 W /system/vendor/bin/ipacm: type=1400 audit(0.0:52517): avc: denied { write } for comm=6E65746C696E6B20736F636B6574 name="ipacm_log_file" dev="tmpfs" ino=20285 scontext=u:r:ipacm:s0 tcontext=u:object_r:ipacm_socket:s0 tclass=sock_file permissive=0
07-05 11:44:09.101  1214  1214 I chatty  : uid=1001(radio) /system/vendor/bin/ipacm identical 1 line
07-05 11:44:09.101  1214  1214 W /system/vendor/bin/ipacm: type=1400 audit(0.0:52519): avc: denied { write } for comm=6E65746C696E6B20736F636B6574 name="ipacm_log_file" dev="tmpfs" ino=20285 scontext=u:r:ipacm:s0 tcontext=u:object_r:ipacm_socket:s0 tclass=sock_file permissive=0
07-05 11:44:09.101  1214  1214 W ipacm   : type=1400 audit(0.0:52520): avc: denied { write } for name="ipacm_log_file" dev="tmpfs" ino=20285 scontext=u:r:ipacm:s0 tcontext=u:object_r:ipacm_socket:s0 tclass=sock_file permissive=0
07-05 11:44:09.101  1214  1214 W ipacm   : type=1400 audit(0.0:52521): avc: denied { write } for name="ipacm_log_file" dev="tmpfs" ino=20285 scontext=u:r:ipacm:s0 tcontext=u:object_r:ipacm_socket:s0 tclass=sock_file permissive=0
07-05 11:44:09.103 21890 21890 D PureDisplay: package-com.example.batterymanager_utility DYNAMIC_ORIGINAL_MODE open
07-05 11:44:09.110  7466  7466 D PureDisplay: PureDisplayModeChangeReceiver,hdrMode=1
07-05 11:44:09.113  7466  7466 I android_os_HwBinder: HwBinder: Starting thread pool for getting: vendor.pixelworks.hardware.display@1.0::IIris/default
07-05 11:44:09.114   944  1033 I IrisService: irisConfigureSet(258, 1, 1)
07-05 11:44:09.114  7466  7466 D PureDisplay: --setIrisDisplayHdrMode- mode =1--result = 0
07-05 11:44:09.114  7466  7466 D PureDisplay: PureDisplayModeChangeReceiver,pureDisplayMode=1
07-05 11:44:09.116  7466  7466 D PureDisplay: isDeviceProvisioned=true
07-05 11:44:09.116  7466  7466 D PureDisplay: isUserSetuped=true
07-05 11:44:09.116  7466  7466 D PureDisplay: setOriginalModeEnable()
07-05 11:44:09.123  7466  7466 I android_os_HwBinder: HwBinder: Starting thread pool for getting: vendor.pixelworks.hardware.display@1.0::IIris/default
07-05 11:44:09.126   944  7504 I IrisService: irisConfigureSet(0, 1, 0)
07-05 11:44:09.160  7466  7466 I android_os_HwBinder: HwBinder: Starting thread pool for getting: vendor.pixelworks.hardware.display@1.0::IIris/default
07-05 11:44:09.161   944  1032 I IrisService: irisConfigureSet(41, 1, 0)
07-05 11:44:09.163  7466  7466 I android_os_HwBinder: HwBinder: Starting thread pool for getting: vendor.pixelworks.hardware.display@1.0::IIris/default
07-05 11:44:09.164   944  1033 I IrisService: irisConfigureSet(42, 1, 0)
07-05 11:44:09.175  7466  7466 I android_os_HwBinder: HwBinder: Starting thread pool for getting: vendor.pixelworks.hardware.display@1.0::IIris/default
07-05 11:44:09.176   944  1033 I IrisService: irisConfigureSet(40, 1, 0)
07-05 11:44:09.211  7466  7466 I android_os_HwBinder: HwBinder: Starting thread pool for getting: vendor.pixelworks.hardware.display@1.0::IIris/default
07-05 11:44:09.211  6048  6048 I GoogleInputMethodService: GoogleInputMethodService.onFinishInput():3306 
07-05 11:44:09.213   944  1033 I IrisService: irisConfigureSet(36, 1, 0)
07-05 11:44:09.214  6048  6048 I GoogleInputMethodService: GoogleInputMethodService.updateDeviceLockedStatus():2127 repeatCheckTimes = 0, locked = false
07-05 11:44:09.214  6048  6048 I GoogleInputMethodService: GoogleInputMethodService.onStartInput():1909 onStartInput(EditorInfo{inputType=0x0(NULL) imeOptions=0x0 privateImeOptions=null actionName=UNSPECIFIED actionLabel=null actionId=0 initialSelStart=-1 initialSelEnd=-1 initialCapsMode=0x0 hintText=null label=null packageName=com.example.batterymanager_utility fieldId=-1 fieldName=null extras=null hintLocales=[]}, false)
07-05 11:44:09.214  6048  6048 I GoogleInputMethodService: GoogleInputMethodService.shouldHideHeaderOnInitialState():1990 ShouldHideHeaderOnInitialState = false
07-05 11:44:09.216  6048  6048 I GoogleInputMethodService: GoogleInputMethodService.updateDeviceLockedStatus():2127 repeatCheckTimes = 1, locked = false
07-05 11:44:09.240  7466  7466 D PureDisplay: getWhiteBalanceAutoMode()0
07-05 11:44:09.244  7466  7466 I android_os_HwBinder: HwBinder: Starting thread pool for getting: vendor.pixelworks.hardware.display@1.0::IIris/default
07-05 11:44:09.245   944  1033 I IrisService: irisConfigureSet(39, 1, 1)
07-05 11:44:09.276  7466  7466 I android_os_HwBinder: HwBinder: Starting thread pool for getting: vendor.pixelworks.hardware.display@1.0::IIris/default
07-05 11:44:09.277   944  7504 I IrisService: irisConfigureSet(264, 1, 0)
07-05 11:44:09.278  7466  7466 D PureDisplay: PureDisplayModeChangeReceiver,lastclass=com.example.batterymanager_utility.MainActivity
07-05 11:44:09.283  7466  7466 D PureDisplay: PureDisplayModeChangeReceiver,lastpackage=com.example.batterymanager_utility
07-05 11:44:09.286  7466  7466 D PureDisplay: PureDisplayModeChangeReceiver,lastpackage_resume=1
07-05 11:44:12.423  1704  4014 I ActivityManager: Force stopping com.example.batterymanager_utility appid=10200 user=0: from pid 22033
07-05 11:44:12.424  1704  4014 I ActivityManager: Killing 21890:com.example.batterymanager_utility/u0a200 (adj 0): stop com.example.batterymanager_utility due to from pid 22033
07-05 11:44:12.427  1704  4014 W ActivityTaskManager: Force removing ActivityRecord{4666819 u0 com.example.batterymanager_utility/.MainActivity t95 f}}: app died, no saved state
07-05 11:44:12.458   885   885 I Zygote  : Process 21890 exited due to signal 9 (Killed)
07-05 11:44:12.466  1704  1875 I libprocessgroup: Successfully killed process cgroup uid 10200 pid 21890 in 40ms
07-05 11:44:12.499  3293  3293 E PhoneInterfaceManager: [PhoneIntfMgr] getCarrierPackageNamesForIntentAndPhone: No UICC
07-05 11:44:12.499  3293  3293 D CarrierSvcBindHelper: No carrier app for: 0
07-05 11:44:12.502  3293  3293 E PhoneInterfaceManager: [PhoneIntfMgr] getCarrierPackageNamesForIntentAndPhone: No UICC
07-05 11:44:12.502  3293  3293 D CarrierSvcBindHelper: No carrier app for: 1
07-05 11:44:12.504  1704 10109 E ANDR-PERF-JNI: UXEngine Trigger - Returning null
07-05 11:44:12.509  4374  4374 I A       : onStart
07-05 11:44:12.516  1704  1854 W ActivityManager: setHasOverlayUi called on unknown pid: 21890
07-05 11:44:12.527  1704  3465 D CompatibilityInfo: mCompatibilityFlags - 0
07-05 11:44:12.527  1704  3465 D CompatibilityInfo: applicationDensity - 420
07-05 11:44:12.528  1704  3465 D CompatibilityInfo: applicationScale - 1.0
07-05 11:44:12.531  4188  4188 D BoundBrokerSvc: onBind: Intent { act=com.google.android.gms.inappreach.service.START dat=chimera-action: cmp=com.google.android.gms/.chimera.GmsApiService }
07-05 11:44:12.531  4188  4188 D BoundBrokerSvc: Loading bound service for intent: Intent { act=com.google.android.gms.inappreach.service.START dat=chimera-action: cmp=com.google.android.gms/.chimera.GmsApiService }
07-05 11:44:12.538  4019  4019 D RegisteredServicesCache: Others service enabled : ComponentInfo{com.google.android.gms/com.google.android.gms.nearby.mediums.nearfieldcommunication.NfcAdvertisingService}
07-05 11:44:12.538  4019  4019 D RegisteredServicesCache: Others service enabled : ComponentInfo{com.google.android.gms/com.google.android.gms.pay.hce.service.PayHceService}
07-05 11:44:12.538  4019  4019 D RegisteredServicesCache: Others service enabled : ComponentInfo{com.google.android.gms/com.google.android.gms.tapandpay.hce.service.TpHceService}
07-05 11:44:12.538  4019  4019 D RegisteredServicesCache: Others service enabled : ComponentInfo{com.google.android.gms/com.google.android.gms.dck.service.DckNfcApduService}
07-05 11:44:12.542  4019  4019 D AidRoutingManager: Default: 0, aid size: 314
07-05 11:44:12.542  4019  4019 D AidRoutingManager: Default: 2, aid size: 0
07-05 11:44:12.542  4019  4019 D AidRoutingManager: Default: 3, aid size: 0
07-05 11:44:12.542  4019  4019 D AidRoutingManager: Default: 0, aid expected size: 0
07-05 11:44:12.542  4019  4019 D AidRoutingManager: Default: 2, aid expected size: 314
07-05 11:44:12.542  4019  4019 D AidRoutingManager: Default: 3, aid expected size: 314
07-05 11:44:12.543  4019  4019 D RegisteredNfcFServicesCache: Service unchanged, not updating
07-05 11:44:12.552  3086  3086 D PureDisplay: package-com.android.launcher3 DYNAMIC_ORIGINAL_MODE open
07-05 11:44:12.555  4374  4374 I A       : onResume
07-05 11:44:12.556  7466  7466 D PureDisplay: PureDisplayModeChangeReceiver,hdrMode=1
07-05 11:44:12.558  3947  3947 I HdmBroadcastRecvUpd: (REDACTED) received broadcast: %s
07-05 11:44:12.559  3947  4760 I HdmHotwordRequestListen: (REDACTED) received broadcast: %s
07-05 11:44:12.559  3947  4760 I SodaTriggeringFrontend: (REDACTED) #onConfigUpdate. requester: %s
07-05 11:44:12.559  3947  4760 I SodaTriggeringFrontend: #onConfigUpdate inside sequencer
07-05 11:44:12.559  3947  4760 I A       : (REDACTED) Voice Match (Speaker-id) supported : %b 
07-05 11:44:12.559  3947  4760 I A       : (REDACTED) hotword enrollment state is enrolled:  %b, speakerId model exist: %b. Voice Match supported : %b 
07-05 11:44:12.560  3947  4760 I A       : (REDACTED) isHotwordAvailable():  %b, isHotwordEnabled() %b 
07-05 11:44:12.560  3947  4760 I A       : (REDACTED) isHotwordAvailable():  %b, isHotwordEnabled() %b 
07-05 11:44:12.560  3947  4760 I A       : (REDACTED) Hotword enrollment state : %s.
07-05 11:44:12.560  3947  4760 I A       : (REDACTED) Voice Match (Speaker-id) supported : %b 
07-05 11:44:12.560  3947  4760 I A       : (REDACTED) Voice Match (Speaker-id) supported : %b 
07-05 11:44:12.560  3947  4760 I A       : (REDACTED) hotword enrollment state is enrolled:  %b, speakerId model exist: %b, voice match supported : %b
07-05 11:44:12.560  3947  4760 I A       : (REDACTED) Hotword isNonVoiceMatchHotwordEnabled: %b, isHotwordAvailable : %b, isHotwordEnabled : %b, isVoiceMatchSupported: %b, isHotwordEnrolled: %b.
07-05 11:44:12.560  3947  4760 I SodaTriggeringFrontend: (REDACTED) Ignore the legacy hotword request. voice match enabled %b, isHotwordSupported %b, isIncompleteEnrollmentState %b, nonVoiceMatchHotwordEnabled %b
07-05 11:44:12.565  7466  7466 I android_os_HwBinder: HwBinder: Starting thread pool for getting: vendor.pixelworks.hardware.display@1.0::IIris/default
07-05 11:44:12.567   944  1033 I IrisService: irisConfigureSet(258, 1, 1)
07-05 11:44:12.568  7466  7466 D PureDisplay: --setIrisDisplayHdrMode- mode =1--result = 0
07-05 11:44:12.568  7466  7466 D PureDisplay: PureDisplayModeChangeReceiver,pureDisplayMode=1
07-05 11:44:12.569  7466  7466 D PureDisplay: isDeviceProvisioned=true
07-05 11:44:12.569  7466  7466 D PureDisplay: isUserSetuped=true
07-05 11:44:12.569  7466  7466 D PureDisplay: setOriginalModeEnable()
07-05 11:44:12.572  7466  7466 I android_os_HwBinder: HwBinder: Starting thread pool for getting: vendor.pixelworks.hardware.display@1.0::IIris/default
07-05 11:44:12.573   944  1032 I IrisService: irisConfigureSet(0, 1, 0)
07-05 11:44:12.591  4833  4833 D PredictionService: onRequestPredictionUpdate
07-05 11:44:12.592  4833  4833 D PredictionService: update predictions
07-05 11:44:12.608  7466  7466 I android_os_HwBinder: HwBinder: Starting thread pool for getting: vendor.pixelworks.hardware.display@1.0::IIris/default
07-05 11:44:12.612   944  1032 I IrisService: irisConfigureSet(41, 1, 0)
07-05 11:44:12.615  7466  7466 I android_os_HwBinder: HwBinder: Starting thread pool for getting: vendor.pixelworks.hardware.display@1.0::IIris/default
07-05 11:44:12.616   944  1032 I IrisService: irisConfigureSet(42, 1, 0)
07-05 11:44:12.617  7466  7466 I android_os_HwBinder: HwBinder: Starting thread pool for getting: vendor.pixelworks.hardware.display@1.0::IIris/default
07-05 11:44:12.617   944  1032 I IrisService: irisConfigureSet(40, 1, 0)
07-05 11:44:12.619  6048  6048 I GoogleInputMethodService: GoogleInputMethodService.onFinishInput():3306 
07-05 11:44:12.620  6048  6048 I GoogleInputMethodService: GoogleInputMethodService.updateDeviceLockedStatus():2127 repeatCheckTimes = 0, locked = false
07-05 11:44:12.620  6048  6048 I GoogleInputMethodService: GoogleInputMethodService.onStartInput():1909 onStartInput(EditorInfo{inputType=0x0(NULL) imeOptions=0x0 privateImeOptions=null actionName=UNSPECIFIED actionLabel=null actionId=0 initialSelStart=-1 initialSelEnd=-1 initialCapsMode=0x0 hintText=null label=null packageName=com.android.launcher3 fieldId=-1 fieldName=null extras=null hintLocales=[]}, false)
07-05 11:44:12.620  6048  6048 I GoogleInputMethodService: GoogleInputMethodService.shouldHideHeaderOnInitialState():1990 ShouldHideHeaderOnInitialState = false
07-05 11:44:12.620  6048  6048 I GoogleInputMethodService: GoogleInputMethodService.updateDeviceLockedStatus():2127 repeatCheckTimes = 1, locked = false
07-05 11:44:12.625  7466  7466 I android_os_HwBinder: HwBinder: Starting thread pool for getting: vendor.pixelworks.hardware.display@1.0::IIris/default
07-05 11:44:12.625   944  1032 I IrisService: irisConfigureSet(36, 1, 0)
07-05 11:44:12.657  7466  7466 D PureDisplay: getWhiteBalanceAutoMode()0
07-05 11:44:12.660  7466  7466 I android_os_HwBinder: HwBinder: Starting thread pool for getting: vendor.pixelworks.hardware.display@1.0::IIris/default
07-05 11:44:12.660   944  7504 I IrisService: irisConfigureSet(39, 1, 1)
07-05 11:44:12.691  7466  7466 I android_os_HwBinder: HwBinder: Starting thread pool for getting: vendor.pixelworks.hardware.display@1.0::IIris/default
07-05 11:44:12.692   944  1032 I IrisService: irisConfigureSet(264, 1, 0)
07-05 11:44:17.929  4000 14362 D MediaProvider: CrossUser not enabled.
