07-05 14:25:56.140  6636  6795 I BatteryMgr:DataCollectionService: stats => 1688559956139,-269531,4248
07-05 14:25:56.156  6636  6795 I BatteryMgr:DataCollectionService: stats => 1688559956156,-269531,4248
07-05 14:25:56.159   937  6761 E mm-camera: <IFACE ><ERROR> 2441: iface_axi_handle_sof_event: Event SOF session 5 VFE1, src 0 with frame_id 247 ts: 17200880556000
07-05 14:25:56.162   937  6722 E mm-camera: <ISP   ><ERROR> 172: sce40_select_table: aec_ratio 1.000000
07-05 14:25:56.164   937  6713 E QMI_FW  : qmi_cci_get_ref: ref count increased 2
07-05 14:25:56.181  6636  6795 I BatteryMgr:DataCollectionService: stats => 1688559956181,-269531,4248
07-05 14:25:56.193   937  6761 E mm-camera: <IFACE ><ERROR> 2441: iface_axi_handle_sof_event: Event SOF session 5 VFE1, src 0 with frame_id 248 ts: 17200913882000
07-05 14:25:56.195   937  6713 E QMI_FW  : qmi_cci_get_ref: ref count increased 2
07-05 14:25:56.202  6636  6795 I BatteryMgr:DataCollectionService: stats => 1688559956202,-269531,4248
07-05 14:25:56.219  6636  6795 I BatteryMgr:DataCollectionService: stats => 1688559956219,-269531,4248
07-05 14:25:56.226   937  6761 E mm-camera: <IFACE ><ERROR> 2441: iface_axi_handle_sof_event: Event SOF session 5 VFE1, src 0 with frame_id 249 ts: 17200947267000
07-05 14:25:56.228   937  6713 E QMI_FW  : qmi_cci_get_ref: ref count increased 2
07-05 14:25:56.228   937  6722 E mm-camera: <ISP   ><ERROR> 172: sce40_select_table: aec_ratio 1.000000
07-05 14:25:56.236  6636  6795 I BatteryMgr:DataCollectionService: stats => 1688559956236,-269531,4248
07-05 14:25:56.253  6636  6795 I BatteryMgr:DataCollectionService: stats => 1688559956252,-269531,4248
07-05 14:25:56.259   937  6761 E mm-camera: <IFACE ><ERROR> 2441: iface_axi_handle_sof_event: Event SOF session 5 VFE1, src 0 with frame_id 250 ts: 17200980541000
07-05 14:25:56.267   937  6713 E QMI_FW  : qmi_cci_get_ref: ref count increased 2
07-05 14:25:56.272  6636  6795 I BatteryMgr:DataCollectionService: stats => 1688559956272,-269531,4248
07-05 14:25:56.288  6636  6795 I BatteryMgr:DataCollectionService: stats => 1688559956288,-269531,4248
07-05 14:25:56.293   937  6761 E mm-camera: <IFACE ><ERROR> 2441: iface_axi_handle_sof_event: Event SOF session 5 VFE1, src 0 with frame_id 251 ts: 17201013870000
07-05 14:25:56.295   937  6713 E QMI_FW  : qmi_cci_get_ref: ref count increased 2
07-05 14:25:56.296   937  6722 E mm-camera: <ISP   ><ERROR> 172: sce40_select_table: aec_ratio 1.000000
07-05 14:25:56.304  6636  6795 I BatteryMgr:DataCollectionService: stats => 1688559956304,-269531,4248
07-05 14:25:56.321  6636  6795 I BatteryMgr:DataCollectionService: stats => 1688559956321,-269531,4248
07-05 14:25:56.327   937  6761 E mm-camera: <IFACE ><ERROR> 2441: iface_axi_handle_sof_event: Event SOF session 5 VFE1, src 0 with frame_id 252 ts: 17201047200000
07-05 14:25:56.330   937  6713 E QMI_FW  : qmi_cci_get_ref: ref count increased 2
07-05 14:25:56.342  6636  6795 I BatteryMgr:DataCollectionService: stats => 1688559956341,-269531,4248
07-05 14:25:56.358  6636  6795 I BatteryMgr:DataCollectionService: stats => 1688559956358,-269531,4248
07-05 14:25:56.359   937  6761 E mm-camera: <IFACE ><ERROR> 2441: iface_axi_handle_sof_event: Event SOF session 5 VFE1, src 0 with frame_id 253 ts: 17201080527000
07-05 14:25:56.361   937  6722 E mm-camera: <ISP   ><ERROR> 172: sce40_select_table: aec_ratio 1.000000
07-05 14:25:56.362   937  6713 E QMI_FW  : qmi_cci_get_ref: ref count increased 2
07-05 14:25:56.374  6636  6795 I BatteryMgr:DataCollectionService: stats => 1688559956374,-269531,4248
07-05 14:25:56.390  6636  6795 I BatteryMgr:DataCollectionService: stats => 1688559956390,-269531,4248
07-05 14:25:56.392   937  6761 E mm-camera: <IFACE ><ERROR> 2441: iface_axi_handle_sof_event: Event SOF session 5 VFE1, src 0 with frame_id 254 ts: 17201113857000
07-05 14:25:56.395   937  6713 E QMI_FW  : qmi_cci_get_ref: ref count increased 2
07-05 14:25:56.410  6636  6795 I BatteryMgr:DataCollectionService: stats => 1688559956410,-269531,4248
07-05 14:25:56.426   937  6761 E mm-camera: <IFACE ><ERROR> 2441: iface_axi_handle_sof_event: Event SOF session 5 VFE1, src 0 with frame_id 255 ts: 17201147183000
07-05 14:25:56.429   937  6722 E mm-camera: <ISP   ><ERROR> 172: sce40_select_table: aec_ratio 1.000000
07-05 14:25:56.430   937  6713 E QMI_FW  : qmi_cci_get_ref: ref count increased 2
07-05 14:25:56.434  6636  6795 I BatteryMgr:DataCollectionService: stats => 1688559956434,-269531,4248
07-05 14:25:56.451  6636  6795 I BatteryMgr:DataCollectionService: stats => 1688559956451,-269531,4248
07-05 14:25:56.459   937  6761 E mm-camera: <IFACE ><ERROR> 2441: iface_axi_handle_sof_event: Event SOF session 5 VFE1, src 0 with frame_id 256 ts: 17201180517000
07-05 14:25:56.460   937  6713 E QMI_FW  : qmi_cci_get_ref: ref count increased 2
07-05 14:25:56.461   937  6713 E QMI_FW  : qmi_cci_get_ref: ref count increased 2
07-05 14:25:56.468  6636  6795 I BatteryMgr:DataCollectionService: stats => 1688559956468,-269531,4248
07-05 14:25:56.484  6636  6795 I BatteryMgr:DataCollectionService: stats => 1688559956484,-269531,4248
07-05 14:25:56.492   937  6761 E mm-camera: <IFACE ><ERROR> 2441: iface_axi_handle_sof_event: Event SOF session 5 VFE1, src 0 with frame_id 257 ts: 17201213843000
07-05 14:25:56.495   937  6722 E mm-camera: <ISP   ><ERROR> 172: sce40_select_table: aec_ratio 1.000000
07-05 14:25:56.496   937  6713 E QMI_FW  : qmi_cci_get_ref: ref count increased 2
07-05 14:25:56.503  6636  6795 I BatteryMgr:DataCollectionService: stats => 1688559956503,-269531,4248
07-05 14:25:56.521  6636  6795 I BatteryMgr:DataCollectionService: stats => 1688559956521,-269531,4248
07-05 14:25:56.526   937  6761 E mm-camera: <IFACE ><ERROR> 2441: iface_axi_handle_sof_event: Event SOF session 5 VFE1, src 0 with frame_id 258 ts: 17201247176000
07-05 14:25:56.529   937  6713 E QMI_FW  : qmi_cci_get_ref: ref count increased 2
07-05 14:25:56.542  6636  6795 I BatteryMgr:DataCollectionService: stats => 1688559956542,-269531,4248
07-05 14:25:56.560   937  6761 E mm-camera: <IFACE ><ERROR> 2441: iface_axi_handle_sof_event: Event SOF session 5 VFE1, src 0 with frame_id 259 ts: 17201280500000
07-05 14:25:56.563   937  6722 E mm-camera: <ISP   ><ERROR> 172: sce40_select_table: aec_ratio 1.000000
07-05 14:25:56.563   937  6713 E QMI_FW  : qmi_cci_get_ref: ref count increased 2
07-05 14:25:56.567  6636  6795 I BatteryMgr:DataCollectionService: stats => 1688559956567,-269531,4248
07-05 14:25:56.585  6636  6795 I BatteryMgr:DataCollectionService: stats => 1688559956585,-269531,4248
07-05 14:25:56.592   937  6761 E mm-camera: <IFACE ><ERROR> 2441: iface_axi_handle_sof_event: Event SOF session 5 VFE1, src 0 with frame_id 260 ts: 17201313829000
07-05 14:25:56.595   937  6713 E QMI_FW  : qmi_cci_get_ref: ref count increased 2
07-05 14:25:56.605  6636  6795 I BatteryMgr:DataCollectionService: stats => 1688559956605,-269531,4248
07-05 14:25:56.626   937  6761 E mm-camera: <IFACE ><ERROR> 2441: iface_axi_handle_sof_event: Event SOF session 5 VFE1, src 0 with frame_id 261 ts: 17201347167000
07-05 14:25:56.629   937  6713 E QMI_FW  : qmi_cci_get_ref: ref count increased 2
07-05 14:25:56.629   937  6722 E mm-camera: <ISP   ><ERROR> 172: sce40_select_table: aec_ratio 1.000000
07-05 14:25:56.631  6636  6795 I BatteryMgr:DataCollectionService: stats => 1688559956630,-269531,4248
07-05 14:25:56.648  6636  6795 I BatteryMgr:DataCollectionService: stats => 1688559956648,-269531,4248
07-05 14:25:56.659   937  6761 E mm-camera: <IFACE ><ERROR> 2441: iface_axi_handle_sof_event: Event SOF session 5 VFE1, src 0 with frame_id 262 ts: 17201380497000
07-05 14:25:56.661   937  6713 E QMI_FW  : qmi_cci_get_ref: ref count increased 2
07-05 14:25:56.676  6636  6795 I BatteryMgr:DataCollectionService: stats => 1688559956676,-269531,4248
07-05 14:25:56.692   937  6761 E mm-camera: <IFACE ><ERROR> 2441: iface_axi_handle_sof_event: Event SOF session 5 VFE1, src 0 with frame_id 263 ts: 17201413818000
07-05 14:25:56.696   937  6722 E mm-camera: <ISP   ><ERROR> 172: sce40_select_table: aec_ratio 1.000000
07-05 14:25:56.696  6636  6795 I BatteryMgr:DataCollectionService: stats => 1688559956696,-269531,4248
07-05 14:25:56.698   937  6713 E QMI_FW  : qmi_cci_get_ref: ref count increased 2
07-05 14:25:56.723  6636  6795 I BatteryMgr:DataCollectionService: stats => 1688559956723,-269531,4248
07-05 14:25:56.726   937  6761 E mm-camera: <IFACE ><ERROR> 2441: iface_axi_handle_sof_event: Event SOF session 5 VFE1, src 0 with frame_id 264 ts: 17201447147000
07-05 14:25:56.728   937  6713 E QMI_FW  : qmi_cci_get_ref: ref count increased 2
07-05 14:25:56.739  6636  6795 I BatteryMgr:DataCollectionService: stats => 1688559956739,-269531,4248
07-05 14:25:56.753  6636  6795 I BatteryMgr:DataCollectionService: stats => 1688559956753,-269531,4248
07-05 14:25:56.759   937  6761 E mm-camera: <IFACE ><ERROR> 2441: iface_axi_handle_sof_event: Event SOF session 5 VFE1, src 0 with frame_id 265 ts: 17201480473000
07-05 14:25:56.761   937  6713 E QMI_FW  : qmi_cci_get_ref: ref count increased 2
07-05 14:25:56.761   937  6722 E mm-camera: <ISP   ><ERROR> 172: sce40_select_table: aec_ratio 1.000000
07-05 14:25:56.768  6636  6795 I BatteryMgr:DataCollectionService: stats => 1688559956768,-269531,4248
07-05 14:25:56.785  6636  6795 I BatteryMgr:DataCollectionService: stats => 1688559956784,-269531,4248
07-05 14:25:56.793   937  6761 E mm-camera: <IFACE ><ERROR> 2441: iface_axi_handle_sof_event: Event SOF session 5 VFE1, src 0 with frame_id 266 ts: 17201513808000
07-05 14:25:56.798   937  6713 E QMI_FW  : qmi_cci_get_ref: ref count increased 2
07-05 14:25:56.804  6636  6795 I BatteryMgr:DataCollectionService: stats => 1688559956804,-269531,4248
07-05 14:25:56.821  6636  6795 I BatteryMgr:DataCollectionService: stats => 1688559956821,-269531,4248
07-05 14:25:56.826   937  6761 E mm-camera: <IFACE ><ERROR> 2441: iface_axi_handle_sof_event: Event SOF session 5 VFE1, src 0 with frame_id 267 ts: 17201547133000
07-05 14:25:56.827   937  6713 E QMI_FW  : qmi_cci_get_ref: ref count increased 2
07-05 14:25:56.828   937  6722 E mm-camera: <ISP   ><ERROR> 172: sce40_select_table: aec_ratio 1.000000
07-05 14:25:56.837  6636  6795 I BatteryMgr:DataCollectionService: stats => 1688559956837,-269531,4248
07-05 14:25:56.851  1214  1214 W /system/vendor/bin/ipacm: type=1400 audit(0.0:137018): avc: denied { write } for comm=6E65746C696E6B20736F636B6574 name="ipacm_log_file" dev="tmpfs" ino=20285 scontext=u:r:ipacm:s0 tcontext=u:object_r:ipacm_socket:s0 tclass=sock_file permissive=0
07-05 14:25:56.851  1214  1214 I chatty  : uid=1001(radio) /system/vendor/bin/ipacm identical 1 line
07-05 14:25:56.851  1214  1214 W /system/vendor/bin/ipacm: type=1400 audit(0.0:137020): avc: denied { write } for comm=6E65746C696E6B20736F636B6574 name="ipacm_log_file" dev="tmpfs" ino=20285 scontext=u:r:ipacm:s0 tcontext=u:object_r:ipacm_socket:s0 tclass=sock_file permissive=0
07-05 14:25:56.851  1214  1214 W ipacm   : type=1400 audit(0.0:137021): avc: denied { write } for name="ipacm_log_file" dev="tmpfs" ino=20285 scontext=u:r:ipacm:s0 tcontext=u:object_r:ipacm_socket:s0 tclass=sock_file permissive=0
07-05 14:25:56.851  1214  1214 W ipacm   : type=1400 audit(0.0:137022): avc: denied { write } for name="ipacm_log_file" dev="tmpfs" ino=20285 scontext=u:r:ipacm:s0 tcontext=u:object_r:ipacm_socket:s0 tclass=sock_file permissive=0
07-05 14:25:56.854  6636  6795 I BatteryMgr:DataCollectionService: stats => 1688559956854,-269531,4248
07-05 14:25:56.859   937  6761 E mm-camera: <IFACE ><ERROR> 2441: iface_axi_handle_sof_event: Event SOF session 5 VFE1, src 0 with frame_id 268 ts: 17201580461000
07-05 14:25:56.862   937  6713 E QMI_FW  : qmi_cci_get_ref: ref count increased 2
07-05 14:25:56.872  6636  6795 I BatteryMgr:DataCollectionService: stats => 1688559956872,-269531,4248
07-05 14:25:56.888  6636  6795 I BatteryMgr:DataCollectionService: stats => 1688559956888,-269531,4248
07-05 14:25:56.892   937  6761 E mm-camera: <IFACE ><ERROR> 2441: iface_axi_handle_sof_event: Event SOF session 5 VFE1, src 0 with frame_id 269 ts: 17201613794000
07-05 14:25:56.895   937  6722 E mm-camera: <ISP   ><ERROR> 172: sce40_select_table: aec_ratio 1.000000
07-05 14:25:56.896   937  6713 E QMI_FW  : qmi_cci_get_ref: ref count increased 2
07-05 14:25:56.904  6636  6795 I BatteryMgr:DataCollectionService: stats => 1688559956904,-269531,4248
07-05 14:25:56.920  6636  6795 I BatteryMgr:DataCollectionService: stats => 1688559956920,-269531,4248
07-05 14:25:56.926   937  6761 E mm-camera: <IFACE ><ERROR> 2441: iface_axi_handle_sof_event: Event SOF session 5 VFE1, src 0 with frame_id 270 ts: 17201647122000
07-05 14:25:56.930   937  6713 E QMI_FW  : qmi_cci_get_ref: ref count increased 2
07-05 14:25:56.937  6636  6795 I BatteryMgr:DataCollectionService: stats => 1688559956937,-269531,4248
07-05 14:25:56.952  6636  6795 I BatteryMgr:DataCollectionService: stats => 1688559956952,-269531,4248
07-05 14:25:56.963   937  6761 E mm-camera: <IFACE ><ERROR> 2441: iface_axi_handle_sof_event: Event SOF session 5 VFE1, src 0 with frame_id 271 ts: 17201680448000
07-05 14:25:56.965   937  6713 E QMI_FW  : qmi_cci_get_ref: ref count increased 2
07-05 14:25:56.966   937  6722 E mm-camera: <ISP   ><ERROR> 172: sce40_select_table: aec_ratio 1.000000
07-05 14:25:56.971  6636  6795 I BatteryMgr:DataCollectionService: stats => 1688559956971,-269531,4248
07-05 14:25:56.987  6636  6795 I BatteryMgr:DataCollectionService: stats => 1688559956987,-269531,4248
07-05 14:25:56.992   937  6761 E mm-camera: <IFACE ><ERROR> 2441: iface_axi_handle_sof_event: Event SOF session 5 VFE1, src 0 with frame_id 272 ts: 17201713778000
07-05 14:25:56.995   937  6713 E QMI_FW  : qmi_cci_get_ref: ref count increased 2
07-05 14:25:57.002  6636  6795 I BatteryMgr:DataCollectionService: stats => 1688559957002,-269531,4248
07-05 14:25:57.019  6636  6795 I BatteryMgr:DataCollectionService: stats => 1688559957019,-269531,4248
07-05 14:25:57.026   937  6761 E mm-camera: <IFACE ><ERROR> 2441: iface_axi_handle_sof_event: Event SOF session 5 VFE1, src 0 with frame_id 273 ts: 17201747107000
07-05 14:25:57.028   937  6713 E QMI_FW  : qmi_cci_get_ref: ref count increased 2
07-05 14:25:57.029   937  6722 E mm-camera: <ISP   ><ERROR> 172: sce40_select_table: aec_ratio 1.000000
07-05 14:25:57.038  6636  6795 I BatteryMgr:DataCollectionService: stats => 1688559957038,-269531,4248
07-05 14:25:57.061   937  6761 E mm-camera: <IFACE ><ERROR> 2441: iface_axi_handle_sof_event: Event SOF session 5 VFE1, src 0 with frame_id 274 ts: 17201780442000
07-05 14:25:57.067   937  6713 E QMI_FW  : qmi_cci_get_ref: ref count increased 2
07-05 14:25:57.068  6636  6795 I BatteryMgr:DataCollectionService: stats => 1688559957068,-269531,4248
07-05 14:25:57.086  6636  6795 I BatteryMgr:DataCollectionService: stats => 1688559957086,-269531,4248
07-05 14:25:57.094   937  6761 E mm-camera: <IFACE ><ERROR> 2441: iface_axi_handle_sof_event: Event SOF session 5 VFE1, src 0 with frame_id 275 ts: 17201813765000
07-05 14:25:57.096   937  6722 E mm-camera: <ISP   ><ERROR> 172: sce40_select_table: aec_ratio 1.000000
07-05 14:25:57.096   937  6713 E QMI_FW  : qmi_cci_get_ref: ref count increased 2
07-05 14:25:57.103  6636  6795 I BatteryMgr:DataCollectionService: stats => 1688559957103,-269531,4248
07-05 14:25:57.120  6636  6795 I BatteryMgr:DataCollectionService: stats => 1688559957120,-269531,4248
07-05 14:25:57.128   937  6761 E mm-camera: <IFACE ><ERROR> 2441: iface_axi_handle_sof_event: Event SOF session 5 VFE1, src 0 with frame_id 276 ts: 17201847095000
07-05 14:25:57.131   937  6713 E QMI_FW  : qmi_cci_get_ref: ref count increased 2
07-05 14:25:57.138  6636  6795 I BatteryMgr:DataCollectionService: stats => 1688559957137,-269531,4248
07-05 14:25:57.153  6636  6795 I BatteryMgr:DataCollectionService: stats => 1688559957153,-269531,4248
07-05 14:25:57.160   937  6761 E mm-camera: <IFACE ><ERROR> 2441: iface_axi_handle_sof_event: Event SOF session 5 VFE1, src 0 with frame_id 277 ts: 17201880424000
07-05 14:25:57.162   937  6722 E mm-camera: <ISP   ><ERROR> 172: sce40_select_table: aec_ratio 1.000000
07-05 14:25:57.164   937  6713 E QMI_FW  : qmi_cci_get_ref: ref count increased 2
07-05 14:25:57.171  6636  6795 I BatteryMgr:DataCollectionService: stats => 1688559957171,-269531,4248
07-05 14:25:57.187  6636  6795 I BatteryMgr:DataCollectionService: stats => 1688559957187,-269531,4248
07-05 14:25:57.194   937  6761 E mm-camera: <IFACE ><ERROR> 2441: iface_axi_handle_sof_event: Event SOF session 5 VFE1, src 0 with frame_id 278 ts: 17201913753000
07-05 14:25:57.196   937  6713 E QMI_FW  : qmi_cci_get_ref: ref count increased 2
07-05 14:25:57.204  6636  6795 I BatteryMgr:DataCollectionService: stats => 1688559957204,-269531,4248
07-05 14:25:57.222  6636  6795 I BatteryMgr:DataCollectionService: stats => 1688559957222,-269531,4248
07-05 14:25:57.226   937  6761 E mm-camera: <IFACE ><ERROR> 2441: iface_axi_handle_sof_event: Event SOF session 5 VFE1, src 0 with frame_id 279 ts: 17201947083000
07-05 14:25:57.228   937  6713 E QMI_FW  : qmi_cci_get_ref: ref count increased 2
07-05 14:25:57.232   937  6722 E mm-camera: <ISP   ><ERROR> 172: sce40_select_table: aec_ratio 1.000000
07-05 14:25:57.245  6636  6795 I BatteryMgr:DataCollectionService: stats => 1688559957244,-283691,4248
07-05 14:25:57.259   937  6761 E mm-camera: <IFACE ><ERROR> 2441: iface_axi_handle_sof_event: Event SOF session 5 VFE1, src 0 with frame_id 280 ts: 17201980412000
07-05 14:25:57.269   937  6713 E QMI_FW  : qmi_cci_get_ref: ref count increased 2
07-05 14:25:57.273  6636  6795 I BatteryMgr:DataCollectionService: stats => 1688559957273,-283691,4248
07-05 14:25:57.289  6636  6795 I BatteryMgr:DataCollectionService: stats => 1688559957289,-283691,4248
07-05 14:25:57.292   937  6761 E mm-camera: <IFACE ><ERROR> 2441: iface_axi_handle_sof_event: Event SOF session 5 VFE1, src 0 with frame_id 281 ts: 17202013743000
07-05 14:25:57.294   937  6713 E QMI_FW  : qmi_cci_get_ref: ref count increased 2
07-05 14:25:57.296   937  6722 E mm-camera: <ISP   ><ERROR> 172: sce40_select_table: aec_ratio 1.000000
07-05 14:25:57.304  6636  6795 I BatteryMgr:DataCollectionService: stats => 1688559957304,-283691,4248
07-05 14:25:57.321  6636  6795 I BatteryMgr:DataCollectionService: stats => 1688559957321,-283691,4248
07-05 14:25:57.326   937  6761 E mm-camera: <IFACE ><ERROR> 2441: iface_axi_handle_sof_event: Event SOF session 5 VFE1, src 0 with frame_id 282 ts: 17202047075000
07-05 14:25:57.327   937  6713 E QMI_FW  : qmi_cci_get_ref: ref count increased 2
07-05 14:25:57.339  6636  6795 I BatteryMgr:DataCollectionService: stats => 1688559957339,-283691,4248
07-05 14:25:57.356  6636  6795 I BatteryMgr:DataCollectionService: stats => 1688559957355,-283691,4248
07-05 14:25:57.359   937  6761 E mm-camera: <IFACE ><ERROR> 2441: iface_axi_handle_sof_event: Event SOF session 5 VFE1, src 0 with frame_id 283 ts: 17202080399000
07-05 14:25:57.361   937  6713 E QMI_FW  : qmi_cci_get_ref: ref count increased 2
07-05 14:25:57.361   937  6722 E mm-camera: <ISP   ><ERROR> 172: sce40_select_table: aec_ratio 1.000000
07-05 14:25:57.371  6636  6795 I BatteryMgr:DataCollectionService: stats => 1688559957371,-283691,4248
07-05 14:25:57.388  6636  6795 I BatteryMgr:DataCollectionService: stats => 1688559957388,-283691,4248
07-05 14:25:57.394   937  6761 E mm-camera: <IFACE ><ERROR> 2441: iface_axi_handle_sof_event: Event SOF session 5 VFE1, src 0 with frame_id 284 ts: 17202113727000
07-05 14:25:57.399   937  6713 E QMI_FW  : qmi_cci_get_ref: ref count increased 2
07-05 14:25:57.407  6636  6795 I BatteryMgr:DataCollectionService: stats => 1688559957407,-283691,4248
07-05 14:25:57.423  6636  6795 I BatteryMgr:DataCollectionService: stats => 1688559957423,-283691,4248
07-05 14:25:57.426   937  6761 E mm-camera: <IFACE ><ERROR> 2441: iface_axi_handle_sof_event: Event SOF session 5 VFE1, src 0 with frame_id 285 ts: 17202147059000
07-05 14:25:57.428   937  6713 E QMI_FW  : qmi_cci_get_ref: ref count increased 2
07-05 14:25:57.429   937  6722 E mm-camera: <ISP   ><ERROR> 172: sce40_select_table: aec_ratio 1.000000
07-05 14:25:57.440  6636  6795 I BatteryMgr:DataCollectionService: stats => 1688559957440,-283691,4248
07-05 14:25:57.457  6636  6795 I BatteryMgr:DataCollectionService: stats => 1688559957457,-283691,4248
07-05 14:25:57.459   937  6761 E mm-camera: <IFACE ><ERROR> 2441: iface_axi_handle_sof_event: Event SOF session 5 VFE1, src 0 with frame_id 286 ts: 17202180390000
07-05 14:25:57.466   937  6713 E QMI_FW  : qmi_cci_get_ref: ref count increased 2
07-05 14:25:57.473  6636  6795 I BatteryMgr:DataCollectionService: stats => 1688559957473,-283691,4248
07-05 14:25:57.490  6636  6795 I BatteryMgr:DataCollectionService: stats => 1688559957489,-283691,4248
07-05 14:25:57.492   937  6761 E mm-camera: <IFACE ><ERROR> 2441: iface_axi_handle_sof_event: Event SOF session 5 VFE1, src 0 with frame_id 287 ts: 17202213729000
07-05 14:25:57.494   937  6713 E QMI_FW  : qmi_cci_get_ref: ref count increased 2
07-05 14:25:57.496   937  6722 E mm-camera: <ISP   ><ERROR> 172: sce40_select_table: aec_ratio 1.000000
07-05 14:25:57.507  6636  6795 I BatteryMgr:DataCollectionService: stats => 1688559957507,-283691,4248
07-05 14:25:57.523  6636  6795 I BatteryMgr:DataCollectionService: stats => 1688559957523,-283691,4248
07-05 14:25:57.525   937  6761 E mm-camera: <IFACE ><ERROR> 2441: iface_axi_handle_sof_event: Event SOF session 5 VFE1, src 0 with frame_id 288 ts: 17202247052000
07-05 14:25:57.530   937  6713 E QMI_FW  : qmi_cci_get_ref: ref count increased 2
07-05 14:25:57.531   937  6713 E QMI_FW  : qmi_cci_get_ref: ref count increased 2
07-05 14:25:57.542  6636  6795 I BatteryMgr:DataCollectionService: stats => 1688559957542,-283691,4248
07-05 14:25:57.559   937  6761 E mm-camera: <IFACE ><ERROR> 2441: iface_axi_handle_sof_event: Event SOF session 5 VFE1, src 0 with frame_id 289 ts: 17202280404000
07-05 14:25:57.561   937  6722 E mm-camera: <ISP   ><ERROR> 172: sce40_select_table: aec_ratio 1.000000
07-05 14:25:57.563   937  6713 E QMI_FW  : qmi_cci_get_ref: ref count increased 2
07-05 14:25:57.564  6636  6795 I BatteryMgr:DataCollectionService: stats => 1688559957564,-283691,4248
07-05 14:25:57.581  6636  6795 I BatteryMgr:DataCollectionService: stats => 1688559957581,-283691,4248
07-05 14:25:57.592   937  6761 E mm-camera: <IFACE ><ERROR> 2441: iface_axi_handle_sof_event: Event SOF session 5 VFE1, src 0 with frame_id 290 ts: 17202313721000
07-05 14:25:57.594   937  6713 E QMI_FW  : qmi_cci_get_ref: ref count increased 2
07-05 14:25:57.601  6636  6795 I BatteryMgr:DataCollectionService: stats => 1688559957601,-283691,4248
07-05 14:25:57.618  6636  6795 I BatteryMgr:DataCollectionService: stats => 1688559957618,-283691,4248
07-05 14:25:57.626   937  6761 E mm-camera: <IFACE ><ERROR> 2441: iface_axi_handle_sof_event: Event SOF session 5 VFE1, src 0 with frame_id 291 ts: 17202347039000
07-05 14:25:57.627   937  6713 E QMI_FW  : qmi_cci_get_ref: ref count increased 2
07-05 14:25:57.629   937  6722 E mm-camera: <ISP   ><ERROR> 172: sce40_select_table: aec_ratio 1.000000
07-05 14:25:57.637  6636  6795 I BatteryMgr:DataCollectionService: stats => 1688559957637,-283691,4248
07-05 14:25:57.654  6636  6795 I BatteryMgr:DataCollectionService: stats => 1688559957654,-283691,4248
07-05 14:25:57.659   937  6761 E mm-camera: <IFACE ><ERROR> 2441: iface_axi_handle_sof_event: Event SOF session 5 VFE1, src 0 with frame_id 292 ts: 17202380367000
07-05 14:25:57.664   937  6713 E QMI_FW  : qmi_cci_get_ref: ref count increased 2
07-05 14:25:57.674  6636  6795 I BatteryMgr:DataCollectionService: stats => 1688559957674,-283691,4248
07-05 14:25:57.690  6636  6795 I BatteryMgr:DataCollectionService: stats => 1688559957690,-283691,4248
07-05 14:25:57.692   937  6761 E mm-camera: <IFACE ><ERROR> 2441: iface_axi_handle_sof_event: Event SOF session 5 VFE1, src 0 with frame_id 293 ts: 17202413691000
07-05 14:25:57.694   937  6713 E QMI_FW  : qmi_cci_get_ref: ref count increased 2
07-05 14:25:57.694   937  6722 E mm-camera: <ISP   ><ERROR> 172: sce40_select_table: aec_ratio 1.000000
07-05 14:25:57.708  6636  6795 I BatteryMgr:DataCollectionService: stats => 1688559957708,-283691,4248
07-05 14:25:57.726   937  6761 E mm-camera: <IFACE ><ERROR> 2441: iface_axi_handle_sof_event: Event SOF session 5 VFE1, src 0 with frame_id 294 ts: 17202447023000
07-05 14:25:57.730   937  6713 E QMI_FW  : qmi_cci_get_ref: ref count increased 2
07-05 14:25:57.738  6636  6795 I BatteryMgr:DataCollectionService: stats => 1688559957738,-283691,4248
07-05 14:25:57.757  6636  6795 I BatteryMgr:DataCollectionService: stats => 1688559957757,-283691,4248
07-05 14:25:57.759   937  6761 E mm-camera: <IFACE ><ERROR> 2441: iface_axi_handle_sof_event: Event SOF session 5 VFE1, src 0 with frame_id 295 ts: 17202480351000
07-05 14:25:57.762   937  6722 E mm-camera: <ISP   ><ERROR> 172: sce40_select_table: aec_ratio 1.000000
07-05 14:25:57.764   937  6713 E QMI_FW  : qmi_cci_get_ref: ref count increased 2
07-05 14:25:57.776  6636  6795 I BatteryMgr:DataCollectionService: stats => 1688559957776,-283691,4248
07-05 14:25:57.790  6636  6795 I BatteryMgr:DataCollectionService: stats => 1688559957790,-283691,4248
07-05 14:25:57.793   937  6761 E mm-camera: <IFACE ><ERROR> 2441: iface_axi_handle_sof_event: Event SOF session 5 VFE1, src 0 with frame_id 296 ts: 17202513680000
07-05 14:25:57.795   937  6713 E QMI_FW  : qmi_cci_get_ref: ref count increased 2
07-05 14:25:57.804  6636  6795 I BatteryMgr:DataCollectionService: stats => 1688559957804,-283691,4248
07-05 14:25:57.820  6636  6795 I BatteryMgr:DataCollectionService: stats => 1688559957820,-283691,4248
07-05 14:25:57.826   937  6761 E mm-camera: <IFACE ><ERROR> 2441: iface_axi_handle_sof_event: Event SOF session 5 VFE1, src 0 with frame_id 297 ts: 17202547009000
07-05 14:25:57.828   937  6722 E mm-camera: <ISP   ><ERROR> 172: sce40_select_table: aec_ratio 1.000000
07-05 14:25:57.829   937  6713 E QMI_FW  : qmi_cci_get_ref: ref count increased 2
07-05 14:25:57.838  6636  6795 I BatteryMgr:DataCollectionService: stats => 1688559957838,-283691,4248
07-05 14:25:57.856  6636  6795 I BatteryMgr:DataCollectionService: stats => 1688559957856,-283691,4248
07-05 14:25:57.859   937  6761 E mm-camera: <IFACE ><ERROR> 2441: iface_axi_handle_sof_event: Event SOF session 5 VFE1, src 0 with frame_id 298 ts: 17202580338000
07-05 14:25:57.863   937  6713 E QMI_FW  : qmi_cci_get_ref: ref count increased 2
07-05 14:25:57.878  6636  6795 I BatteryMgr:DataCollectionService: stats => 1688559957878,-283691,4248
07-05 14:25:57.893   937  6761 E mm-camera: <IFACE ><ERROR> 2441: iface_axi_handle_sof_event: Event SOF session 5 VFE1, src 0 with frame_id 299 ts: 17202613664000
07-05 14:25:57.896   937  6722 E mm-camera: <ISP   ><ERROR> 172: sce40_select_table: aec_ratio 1.000000
07-05 14:25:57.900  6636  6795 I BatteryMgr:DataCollectionService: stats => 1688559957900,-283691,4248
07-05 14:25:57.901   937  6713 E QMI_FW  : qmi_cci_get_ref: ref count increased 2
07-05 14:25:57.905   937  2529 I QCamera : <HAL><INFO> translateToHalMetadata: 16871: [ssan Ai] mDeviceRotation = 0
07-05 14:25:57.905   937  2529 E QCamera : <HAL><ERROR> translateToHalMetadata: 16917: pengpeng mHmdCameraMode = 0
07-05 14:25:57.915  6636  6795 I BatteryMgr:DataCollectionService: stats => 1688559957915,-283691,4248
07-05 14:25:57.926   937  6761 E mm-camera: <IFACE ><ERROR> 2441: iface_axi_handle_sof_event: Event SOF session 5 VFE1, src 0 with frame_id 300 ts: 17202646995000
07-05 14:25:57.932   937  6713 I mm-camera: <STATS_AEC >< INFO> 3613: aec_port_proc_downstream_ctrl: AEC_SET_PARAM_MANUAL_EXP_TIME:is_exp_time_valid=1,exp_time=0.000013
07-05 14:25:57.932   937  6713 E mm-camera: <SENSOR><ERROR> 5476: module_sensor_event_control_set_parm: func_tbl for submodule 4 is NULL
07-05 14:25:57.933   937  6713 E mm-camera: <SENSOR><ERROR> 5287: module_sensor_event_control_set_parm: func_tbl for submodule 4 is NULL
07-05 14:25:57.933   937  6713 E mm-camera: <SENSOR><ERROR> 5289: module_sensor_event_control_set_parm: CAM_INTF_META_FLASH_POWER failed
07-05 14:25:57.933  6636  6795 I BatteryMgr:DataCollectionService: stats => 1688559957933,-283691,4248
07-05 14:25:57.935   937  6713 E QMI_FW  : qmi_cci_get_ref: ref count increased 2
07-05 14:25:57.949  6636  6795 I BatteryMgr:DataCollectionService: stats => 1688559957949,-283691,4248
07-05 14:25:57.959   937  6761 E mm-camera: <IFACE ><ERROR> 2441: iface_axi_handle_sof_event: Event SOF session 5 VFE1, src 0 with frame_id 301 ts: 17202680329000
07-05 14:25:57.961   937  6722 E mm-camera: <ISP   ><ERROR> 172: sce40_select_table: aec_ratio 1.000000
07-05 14:25:57.969   937  6713 E QMI_FW  : qmi_cci_get_ref: ref count increased 2
07-05 14:25:57.971  1214  1214 W /system/vendor/bin/ipacm: type=1400 audit(0.0:137050): avc: denied { write } for comm=6E65746C696E6B20736F636B6574 name="ipacm_log_file" dev="tmpfs" ino=20285 scontext=u:r:ipacm:s0 tcontext=u:object_r:ipacm_socket:s0 tclass=sock_file permissive=0
07-05 14:25:57.971  1214  1214 I chatty  : uid=1001(radio) /system/vendor/bin/ipacm identical 1 line
07-05 14:25:57.971  1214  1214 W /system/vendor/bin/ipacm: type=1400 audit(0.0:137052): avc: denied { write } for comm=6E65746C696E6B20736F636B6574 name="ipacm_log_file" dev="tmpfs" ino=20285 scontext=u:r:ipacm:s0 tcontext=u:object_r:ipacm_socket:s0 tclass=sock_file permissive=0
07-05 14:25:57.971  1214  1214 W ipacm   : type=1400 audit(0.0:137053): avc: denied { write } for name="ipacm_log_file" dev="tmpfs" ino=20285 scontext=u:r:ipacm:s0 tcontext=u:object_r:ipacm_socket:s0 tclass=sock_file permissive=0
07-05 14:25:57.971  1214  1214 W ipacm   : type=1400 audit(0.0:137054): avc: denied { write } for name="ipacm_log_file" dev="tmpfs" ino=20285 scontext=u:r:ipacm:s0 tcontext=u:object_r:ipacm_socket:s0 tclass=sock_file permissive=0
07-05 14:25:57.974  6636  6795 I BatteryMgr:DataCollectionService: stats => 1688559957974,-283691,4248
07-05 14:25:57.990  6636  6795 I BatteryMgr:DataCollectionService: stats => 1688559957990,-283691,4248
07-05 14:25:57.992   937  6761 E mm-camera: <IFACE ><ERROR> 2441: iface_axi_handle_sof_event: Event SOF session 5 VFE1, src 0 with frame_id 302 ts: 17202713651000
07-05 14:25:57.994   937  6713 E QMI_FW  : qmi_cci_get_ref: ref count increased 2
07-05 14:25:57.995   937  6722 E mm-camera: <ISP   ><ERROR> 172: sce40_select_table: aec_ratio 1.000000
07-05 14:25:58.005  6636  6795 I BatteryMgr:DataCollectionService: stats => 1688559958005,-283691,4248
07-05 14:25:58.023  6636  6795 I BatteryMgr:DataCollectionService: stats => 1688559958023,-283691,4248
07-05 14:25:58.026   937  6761 E mm-camera: <IFACE ><ERROR> 2441: iface_axi_handle_sof_event: Event SOF session 5 VFE1, src 0 with frame_id 303 ts: 17202746983000
07-05 14:25:58.030   937  6713 E QMI_FW  : qmi_cci_get_ref: ref count increased 2
07-05 14:25:58.030   937  6722 E mm-camera: <ISP   ><ERROR> 172: sce40_select_table: aec_ratio 1.000000
07-05 14:25:58.057  6636  6795 I BatteryMgr:DataCollectionService: stats => 1688559958057,-283691,4248
07-05 14:25:58.063   937  6761 E mm-camera: <IFACE ><ERROR> 2441: iface_axi_handle_sof_event: Event SOF session 5 VFE1, src 0 with frame_id 304 ts: 17202780310000
07-05 14:25:58.067   937  6713 E QMI_FW  : qmi_cci_get_ref: ref count increased 2
07-05 14:25:58.074  6636  6795 I BatteryMgr:DataCollectionService: stats => 1688559958073,-283691,4248
07-05 14:25:58.090  6636  6795 I BatteryMgr:DataCollectionService: stats => 1688559958089,-283691,4248
07-05 14:25:58.093   937  6761 E mm-camera: <IFACE ><ERROR> 2441: iface_axi_handle_sof_event: Event SOF session 5 VFE1, src 0 with frame_id 305 ts: 17202813639000
07-05 14:25:58.095   937  6722 E mm-camera: <ISP   ><ERROR> 172: sce40_select_table: aec_ratio 1.000000
07-05 14:25:58.096   937  6713 E QMI_FW  : qmi_cci_get_ref: ref count increased 2
07-05 14:25:58.106  6636  6795 I BatteryMgr:DataCollectionService: stats => 1688559958106,-283691,4248
07-05 14:25:58.122  6636  6795 I BatteryMgr:DataCollectionService: stats => 1688559958122,-283691,4248
07-05 14:25:58.126   937  6761 E mm-camera: <IFACE ><ERROR> 2441: iface_axi_handle_sof_event: Event SOF session 5 VFE1, src 0 with frame_id 306 ts: 17202846981000
07-05 14:25:58.127   937  6713 E QMI_FW  : qmi_cci_get_ref: ref count increased 2
07-05 14:25:58.141  6636  6795 I BatteryMgr:DataCollectionService: stats => 1688559958141,-283691,4248
07-05 14:25:58.157  6636  6795 I BatteryMgr:DataCollectionService: stats => 1688559958156,-283691,4248
07-05 14:25:58.160   937  6761 E mm-camera: <IFACE ><ERROR> 2441: iface_axi_handle_sof_event: Event SOF session 5 VFE1, src 0 with frame_id 307 ts: 17202880310000
07-05 14:25:58.162   937  6722 E mm-camera: <ISP   ><ERROR> 172: sce40_select_table: aec_ratio 1.000000
07-05 14:25:58.163   937  6713 E QMI_FW  : qmi_cci_get_ref: ref count increased 2
07-05 14:25:58.172  6636  6795 I BatteryMgr:DataCollectionService: stats => 1688559958172,-283691,4248
07-05 14:25:58.188  6636  6795 I BatteryMgr:DataCollectionService: stats => 1688559958188,-283691,4248
07-05 14:25:58.192   937  6761 E mm-camera: <IFACE ><ERROR> 2441: iface_axi_handle_sof_event: Event SOF session 5 VFE1, src 0 with frame_id 308 ts: 17202913628000
07-05 14:25:58.194   937  6713 E QMI_FW  : qmi_cci_get_ref: ref count increased 2
07-05 14:25:58.204  6636  6795 I BatteryMgr:DataCollectionService: stats => 1688559958204,-283691,4248
07-05 14:25:58.223  6636  6795 I BatteryMgr:DataCollectionService: stats => 1688559958222,-283691,4248
07-05 14:25:58.226   937  6761 E mm-camera: <IFACE ><ERROR> 2441: iface_axi_handle_sof_event: Event SOF session 5 VFE1, src 0 with frame_id 309 ts: 17202946960000
07-05 14:25:58.230   937  6713 E QMI_FW  : qmi_cci_get_ref: ref count increased 2
07-05 14:25:58.232   937  6722 E mm-camera: <ISP   ><ERROR> 172: sce40_select_table: aec_ratio 1.000000
07-05 14:25:58.241  6636  6795 I BatteryMgr:DataCollectionService: stats => 1688559958241,-283691,4248
07-05 14:25:58.259   937  6761 E mm-camera: <IFACE ><ERROR> 2441: iface_axi_handle_sof_event: Event SOF session 5 VFE1, src 0 with frame_id 310 ts: 17202980289000
07-05 14:25:58.264   937  6713 E QMI_FW  : qmi_cci_get_ref: ref count increased 2
07-05 14:25:58.270  6636  6795 I BatteryMgr:DataCollectionService: stats => 1688559958269,-283691,4248
07-05 14:25:58.287  6636  6795 I BatteryMgr:DataCollectionService: stats => 1688559958287,-283691,4248
07-05 14:25:58.292   937  6761 E mm-camera: <IFACE ><ERROR> 2441: iface_axi_handle_sof_event: Event SOF session 5 VFE1, src 0 with frame_id 311 ts: 17203013618000
07-05 14:25:58.297   937  6722 E mm-camera: <ISP   ><ERROR> 172: sce40_select_table: aec_ratio 1.000000
07-05 14:25:58.297   937  6713 E QMI_FW  : qmi_cci_get_ref: ref count increased 2
07-05 14:25:58.306  6636  6795 I BatteryMgr:DataCollectionService: stats => 1688559958306,-283691,4248
07-05 14:25:58.326   937  6761 E mm-camera: <IFACE ><ERROR> 2441: iface_axi_handle_sof_event: Event SOF session 5 VFE1, src 0 with frame_id 312 ts: 17203046953000
07-05 14:25:58.333   937  6713 E QMI_FW  : qmi_cci_get_ref: ref count increased 2
07-05 14:25:58.336  6636  6795 I BatteryMgr:DataCollectionService: stats => 1688559958336,-283691,4248
07-05 14:25:58.352  6636  6795 I BatteryMgr:DataCollectionService: stats => 1688559958352,-283691,4248
07-05 14:25:58.359   937  6761 E mm-camera: <IFACE ><ERROR> 2441: iface_axi_handle_sof_event: Event SOF session 5 VFE1, src 0 with frame_id 313 ts: 17203080274000
07-05 14:25:58.361   937  6713 E QMI_FW  : qmi_cci_get_ref: ref count increased 2
07-05 14:25:58.362   937  6722 E mm-camera: <ISP   ><ERROR> 172: sce40_select_table: aec_ratio 1.000000
07-05 14:25:58.369  6636  6795 I BatteryMgr:DataCollectionService: stats => 1688559958369,-283691,4248
07-05 14:25:58.386  6636  6795 I BatteryMgr:DataCollectionService: stats => 1688559958386,-283691,4248
07-05 14:25:58.392   937  6761 E mm-camera: <IFACE ><ERROR> 2441: iface_axi_handle_sof_event: Event SOF session 5 VFE1, src 0 with frame_id 314 ts: 17203113621000
07-05 14:25:58.398   937  6713 E QMI_FW  : qmi_cci_get_ref: ref count increased 2
07-05 14:25:58.405  6636  6795 I BatteryMgr:DataCollectionService: stats => 1688559958405,-283691,4248
07-05 14:25:58.423  6636  6795 I BatteryMgr:DataCollectionService: stats => 1688559958423,-283691,4248
07-05 14:25:58.425   937  6761 E mm-camera: <IFACE ><ERROR> 2441: iface_axi_handle_sof_event: Event SOF session 5 VFE1, src 0 with frame_id 315 ts: 17203146936000
07-05 14:25:58.429   937  6722 E mm-camera: <ISP   ><ERROR> 172: sce40_select_table: aec_ratio 1.000000
07-05 14:25:58.429   937  6713 E QMI_FW  : qmi_cci_get_ref: ref count increased 2
07-05 14:25:58.441  6636  6795 I BatteryMgr:DataCollectionService: stats => 1688559958441,-283691,4248
07-05 14:25:58.459   937  6761 E mm-camera: <IFACE ><ERROR> 2441: iface_axi_handle_sof_event: Event SOF session 5 VFE1, src 0 with frame_id 316 ts: 17203180270000
07-05 14:25:58.468  6636  6795 I BatteryMgr:DataCollectionService: stats => 1688559958468,-283691,4248
07-05 14:25:58.470   937  6713 E QMI_FW  : qmi_cci_get_ref: ref count increased 2
07-05 14:25:58.488  6636  6795 I BatteryMgr:DataCollectionService: stats => 1688559958488,-283691,4248
07-05 14:25:58.493   937  6761 E mm-camera: <IFACE ><ERROR> 2441: iface_axi_handle_sof_event: Event SOF session 5 VFE1, src 0 with frame_id 317 ts: 17203213589000
07-05 14:25:58.494   937  6713 E QMI_FW  : qmi_cci_get_ref: ref count increased 2
07-05 14:25:58.495   937  6722 E mm-camera: <ISP   ><ERROR> 172: sce40_select_table: aec_ratio 1.000000
07-05 14:25:58.502  6636  6795 I BatteryMgr:DataCollectionService: stats => 1688559958502,-283691,4248
07-05 14:25:58.517  6636  6795 I BatteryMgr:DataCollectionService: stats => 1688559958517,-283691,4248
07-05 14:25:58.525   937  6761 E mm-camera: <IFACE ><ERROR> 2441: iface_axi_handle_sof_event: Event SOF session 5 VFE1, src 0 with frame_id 318 ts: 17203246922000
07-05 14:25:58.533   937  6713 E QMI_FW  : qmi_cci_get_ref: ref count increased 2
07-05 14:25:58.540  6636  6795 I BatteryMgr:DataCollectionService: stats => 1688559958540,-283691,4248
07-05 14:25:58.556  6636  6795 I BatteryMgr:DataCollectionService: stats => 1688559958556,-283691,4248
07-05 14:25:58.559   937  6761 E mm-camera: <IFACE ><ERROR> 2441: iface_axi_handle_sof_event: Event SOF session 5 VFE1, src 0 with frame_id 319 ts: 17203280253000
07-05 14:25:58.560   937  6713 E QMI_FW  : qmi_cci_get_ref: ref count increased 2
07-05 14:25:58.561   937  6722 E mm-camera: <ISP   ><ERROR> 172: sce40_select_table: aec_ratio 1.000000
07-05 14:25:58.572  6636  6795 I BatteryMgr:DataCollectionService: stats => 1688559958572,-283691,4248
07-05 14:25:58.590  6636  6795 I BatteryMgr:DataCollectionService: stats => 1688559958589,-283691,4248
07-05 14:25:58.592   937  6761 E mm-camera: <IFACE ><ERROR> 2441: iface_axi_handle_sof_event: Event SOF session 5 VFE1, src 0 with frame_id 320 ts: 17203313843000
07-05 14:25:58.594   937  6713 E QMI_FW  : qmi_cci_get_ref: ref count increased 2
07-05 14:25:58.594   937  6713 E QMI_FW  : qmi_cci_get_ref: ref count increased 2
07-05 14:25:58.607  6636  6795 I BatteryMgr:DataCollectionService: stats => 1688559958607,-283691,4248
07-05 14:25:58.623  6636  6795 I BatteryMgr:DataCollectionService: stats => 1688559958623,-283691,4248
07-05 14:25:58.625   937  6761 E mm-camera: <IFACE ><ERROR> 2441: iface_axi_handle_sof_event: Event SOF session 5 VFE1, src 0 with frame_id 321 ts: 17203346908000
07-05 14:25:58.628   937  6713 E QMI_FW  : qmi_cci_get_ref: ref count increased 2
07-05 14:25:58.628   937  6722 E mm-camera: <ISP   ><ERROR> 172: sce40_select_table: aec_ratio 1.000000
07-05 14:25:58.640  6636  6795 I BatteryMgr:DataCollectionService: stats => 1688559958639,-283691,4248
07-05 14:25:58.656  6636  6795 I BatteryMgr:DataCollectionService: stats => 1688559958656,-283691,4248
07-05 14:25:58.659   937  6761 E mm-camera: <IFACE ><ERROR> 2441: iface_axi_handle_sof_event: Event SOF session 5 VFE1, src 0 with frame_id 322 ts: 17203380242000
07-05 14:25:58.661   937  6713 E QMI_FW  : qmi_cci_get_ref: ref count increased 2
07-05 14:25:58.676  6636  6795 I BatteryMgr:DataCollectionService: stats => 1688559958676,-283691,4248
07-05 14:25:58.690  6636  6795 I BatteryMgr:DataCollectionService: stats => 1688559958690,-283691,4248
07-05 14:25:58.692   937  6761 E mm-camera: <IFACE ><ERROR> 2441: iface_axi_handle_sof_event: Event SOF session 5 VFE1, src 0 with frame_id 323 ts: 17203413566000
07-05 14:25:58.694   937  6722 E mm-camera: <ISP   ><ERROR> 172: sce40_select_table: aec_ratio 1.000000
07-05 14:25:58.696   937  6713 E QMI_FW  : qmi_cci_get_ref: ref count increased 2
07-05 14:25:58.705  6636  6795 I BatteryMgr:DataCollectionService: stats => 1688559958704,-283691,4248
07-05 14:25:58.721  6636  6795 I BatteryMgr:DataCollectionService: stats => 1688559958721,-338378,4248
07-05 14:25:58.725   937  6761 E mm-camera: <IFACE ><ERROR> 2441: iface_axi_handle_sof_event: Event SOF session 5 VFE1, src 0 with frame_id 324 ts: 17203446909000
07-05 14:25:58.728   937  6713 E QMI_FW  : qmi_cci_get_ref: ref count increased 2
07-05 14:25:58.740  6636  6795 I BatteryMgr:DataCollectionService: stats => 1688559958739,-338378,4248
07-05 14:25:58.756  6636  6795 I BatteryMgr:DataCollectionService: stats => 1688559958756,-338378,4248
07-05 14:25:58.759   937  6761 E mm-camera: <IFACE ><ERROR> 2441: iface_axi_handle_sof_event: Event SOF session 5 VFE1, src 0 with frame_id 325 ts: 17203480226000
07-05 14:25:58.760   937  6713 E QMI_FW  : qmi_cci_get_ref: ref count increased 2
07-05 14:25:58.761   937  6722 E mm-camera: <ISP   ><ERROR> 172: sce40_select_table: aec_ratio 1.000000
07-05 14:25:58.773  6636  6795 I BatteryMgr:DataCollectionService: stats => 1688559958773,-338378,4248
07-05 14:25:58.789  6636  6795 I BatteryMgr:DataCollectionService: stats => 1688559958789,-338378,4248
07-05 14:25:58.793   937  6761 E mm-camera: <IFACE ><ERROR> 2441: iface_axi_handle_sof_event: Event SOF session 5 VFE1, src 0 with frame_id 326 ts: 17203513551000
07-05 14:25:58.795   937  6713 E QMI_FW  : qmi_cci_get_ref: ref count increased 2
07-05 14:25:58.803  6636  6795 I BatteryMgr:DataCollectionService: stats => 1688559958803,-338378,4248
07-05 14:25:58.818  6636  6795 I BatteryMgr:DataCollectionService: stats => 1688559958818,-338378,4248
07-05 14:25:58.827   937  6761 E mm-camera: <IFACE ><ERROR> 2441: iface_axi_handle_sof_event: Event SOF session 5 VFE1, src 0 with frame_id 327 ts: 17203546880000
07-05 14:25:58.829   937  6722 E mm-camera: <ISP   ><ERROR> 172: sce40_select_table: aec_ratio 1.000000
07-05 14:25:58.829   937  6713 E QMI_FW  : qmi_cci_get_ref: ref count increased 2
07-05 14:25:58.836  6636  6795 I BatteryMgr:DataCollectionService: stats => 1688559958836,-338378,4248
07-05 14:25:58.852  6636  6795 I BatteryMgr:DataCollectionService: stats => 1688559958852,-338378,4248
07-05 14:25:58.859   937  6761 E mm-camera: <IFACE ><ERROR> 2441: iface_axi_handle_sof_event: Event SOF session 5 VFE1, src 0 with frame_id 328 ts: 17203580211000
07-05 14:25:58.862   937  6713 E QMI_FW  : qmi_cci_get_ref: ref count increased 2
07-05 14:25:58.869  6636  6795 I BatteryMgr:DataCollectionService: stats => 1688559958869,-338378,4248
07-05 14:25:58.884  6636  6795 I BatteryMgr:DataCollectionService: stats => 1688559958884,-338378,4248
07-05 14:25:58.892   937  6761 E mm-camera: <IFACE ><ERROR> 2441: iface_axi_handle_sof_event: Event SOF session 5 VFE1, src 0 with frame_id 329 ts: 17203613540000
07-05 14:25:58.894   937  6713 E QMI_FW  : qmi_cci_get_ref: ref count increased 2
07-05 14:25:58.894   937  6722 E mm-camera: <ISP   ><ERROR> 172: sce40_select_table: aec_ratio 1.000000
07-05 14:25:58.901  6636  6795 I BatteryMgr:DataCollectionService: stats => 1688559958901,-338378,4248
07-05 14:25:58.919  6636  6795 I BatteryMgr:DataCollectionService: stats => 1688559958918,-338378,4248
07-05 14:25:58.926   937  6761 E mm-camera: <IFACE ><ERROR> 2441: iface_axi_handle_sof_event: Event SOF session 5 VFE1, src 0 with frame_id 330 ts: 17203646872000
07-05 14:25:58.928   937  6713 E QMI_FW  : qmi_cci_get_ref: ref count increased 2
07-05 14:25:58.937  6636  6795 I BatteryMgr:DataCollectionService: stats => 1688559958936,-338378,4248
07-05 14:25:58.953  6636  6795 I BatteryMgr:DataCollectionService: stats => 1688559958953,-338378,4248
07-05 14:25:58.959   937  6761 E mm-camera: <IFACE ><ERROR> 2441: iface_axi_handle_sof_event: Event SOF session 5 VFE1, src 0 with frame_id 331 ts: 17203680202000
07-05 14:25:58.964   937  6713 E QMI_FW  : qmi_cci_get_ref: ref count increased 2
07-05 14:25:58.966   937  6722 E mm-camera: <ISP   ><ERROR> 172: sce40_select_table: aec_ratio 1.000000
07-05 14:25:58.976  6636  6795 I BatteryMgr:DataCollectionService: stats => 1688559958976,-338378,4248
07-05 14:25:58.993   937  6761 E mm-camera: <IFACE ><ERROR> 2441: iface_axi_handle_sof_event: Event SOF session 5 VFE1, src 0 with frame_id 332 ts: 17203713528000
07-05 14:25:58.995   937  6713 E QMI_FW  : qmi_cci_get_ref: ref count increased 2
07-05 14:25:58.999  6636  6795 I BatteryMgr:DataCollectionService: stats => 1688559958999,-338378,4248
07-05 14:25:59.014  6636  6795 I BatteryMgr:DataCollectionService: stats => 1688559959014,-338378,4248
07-05 14:25:59.025   937  6761 E mm-camera: <IFACE ><ERROR> 2441: iface_axi_handle_sof_event: Event SOF session 5 VFE1, src 0 with frame_id 333 ts: 17203746858000
07-05 14:25:59.028   937  6722 E mm-camera: <ISP   ><ERROR> 172: sce40_select_table: aec_ratio 1.000000
07-05 14:25:59.029   937  6713 E QMI_FW  : qmi_cci_get_ref: ref count increased 2
07-05 14:25:59.036  6636  6795 I BatteryMgr:DataCollectionService: stats => 1688559959036,-338378,4248
07-05 14:25:59.053  6636  6795 I BatteryMgr:DataCollectionService: stats => 1688559959052,-338378,4248
07-05 14:25:59.059   937  6761 E mm-camera: <IFACE ><ERROR> 2441: iface_axi_handle_sof_event: Event SOF session 5 VFE1, src 0 with frame_id 334 ts: 17203780187000
07-05 14:25:59.067   937  6713 E QMI_FW  : qmi_cci_get_ref: ref count increased 2
07-05 14:25:59.077  6636  6795 I BatteryMgr:DataCollectionService: stats => 1688559959077,-338378,4248
07-05 14:25:59.092   937  6761 E mm-camera: <IFACE ><ERROR> 2441: iface_axi_handle_sof_event: Event SOF session 5 VFE1, src 0 with frame_id 335 ts: 17203813513000
07-05 14:25:59.093   937  6713 E QMI_FW  : qmi_cci_get_ref: ref count increased 2
07-05 14:25:59.094   937  6722 E mm-camera: <ISP   ><ERROR> 172: sce40_select_table: aec_ratio 1.000000
07-05 14:25:59.098  6636  6795 I BatteryMgr:DataCollectionService: stats => 1688559959098,-338378,4248
07-05 14:25:59.113  6636  6795 I BatteryMgr:DataCollectionService: stats => 1688559959113,-338378,4248
07-05 14:25:59.125   937  6761 E mm-camera: <IFACE ><ERROR> 2441: iface_axi_handle_sof_event: Event SOF session 5 VFE1, src 0 with frame_id 336 ts: 17203846844000
07-05 14:25:59.127   937  6713 E QMI_FW  : qmi_cci_get_ref: ref count increased 2
07-05 14:25:59.131  6636  6795 I BatteryMgr:DataCollectionService: stats => 1688559959131,-338378,4248
07-05 14:25:59.147  6636  6795 I BatteryMgr:DataCollectionService: stats => 1688559959147,-338378,4248
07-05 14:25:59.160   937  6761 E mm-camera: <IFACE ><ERROR> 2441: iface_axi_handle_sof_event: Event SOF session 5 VFE1, src 0 with frame_id 337 ts: 17203880174000
07-05 14:25:59.162   937  6722 E mm-camera: <ISP   ><ERROR> 172: sce40_select_table: aec_ratio 1.000000
07-05 14:25:59.164   937  6713 E QMI_FW  : qmi_cci_get_ref: ref count increased 2
07-05 14:25:59.168  6636  6795 I BatteryMgr:DataCollectionService: stats => 1688559959168,-338378,4248
07-05 14:25:59.184  6636  6795 I BatteryMgr:DataCollectionService: stats => 1688559959184,-338378,4248
07-05 14:25:59.192   937  6761 E mm-camera: <IFACE ><ERROR> 2441: iface_axi_handle_sof_event: Event SOF session 5 VFE1, src 0 with frame_id 338 ts: 17203913503000
07-05 14:25:59.196   937  6713 E QMI_FW  : qmi_cci_get_ref: ref count increased 2
07-05 14:25:59.201  6636  6795 I BatteryMgr:DataCollectionService: stats => 1688559959201,-338378,4248
07-05 14:25:59.218  6636  6795 I BatteryMgr:DataCollectionService: stats => 1688559959217,-338378,4248
07-05 14:25:59.225   937  6761 E mm-camera: <IFACE ><ERROR> 2441: iface_axi_handle_sof_event: Event SOF session 5 VFE1, src 0 with frame_id 339 ts: 17203946834000
07-05 14:25:59.227   937  6713 E QMI_FW  : qmi_cci_get_ref: ref count increased 2
07-05 14:25:59.230   937  6722 E mm-camera: <ISP   ><ERROR> 172: sce40_select_table: aec_ratio 1.000000
07-05 14:25:59.235  6636  6795 I BatteryMgr:DataCollectionService: stats => 1688559959234,-338378,4248
07-05 14:25:59.251  6636  6795 I BatteryMgr:DataCollectionService: stats => 1688559959251,-338378,4248
07-05 14:25:59.259   937  6761 E mm-camera: <IFACE ><ERROR> 2441: iface_axi_handle_sof_event: Event SOF session 5 VFE1, src 0 with frame_id 340 ts: 17203980509000
07-05 14:25:59.261   937  6713 E QMI_FW  : qmi_cci_get_ref: ref count increased 2
07-05 14:25:59.273  6636  6795 I BatteryMgr:DataCollectionService: stats => 1688559959273,-338378,4248
07-05 14:25:59.290  6636  6795 I BatteryMgr:DataCollectionService: stats => 1688559959289,-338378,4248
07-05 14:25:59.292   937  6761 E mm-camera: <IFACE ><ERROR> 2441: iface_axi_handle_sof_event: Event SOF session 5 VFE1, src 0 with frame_id 341 ts: 17204013491000
07-05 14:25:59.294   937  6713 E QMI_FW  : qmi_cci_get_ref: ref count increased 2
07-05 14:25:59.296   937  6722 E mm-camera: <ISP   ><ERROR> 172: sce40_select_table: aec_ratio 1.000000
07-05 14:25:59.306  6636  6795 I BatteryMgr:DataCollectionService: stats => 1688559959306,-338378,4248
07-05 14:25:59.322  6636  6795 I BatteryMgr:DataCollectionService: stats => 1688559959322,-338378,4248
07-05 14:25:59.325   937  6761 E mm-camera: <IFACE ><ERROR> 2441: iface_axi_handle_sof_event: Event SOF session 5 VFE1, src 0 with frame_id 342 ts: 17204046855000
