--------- beginning of system
07-10 16:52:32.489   762  3149 I ActivityManager: START u0 {act=android.intent.action.MAIN cat=[android.intent.category.LAUNCHER] flg=0x10000000 cmp=com.example.batterymanager_utility/.MainActivity} from uid 2000
07-10 16:52:32.527   762  3174 I ActivityManager: Start proc 15973:com.example.batterymanager_utility/u0a111 for activity com.example.batterymanager_utility/.MainActivity
--------- beginning of main
07-10 16:52:32.529 15973 15973 I zygote64: Late-enabling -Xcheck:jni
07-10 16:52:32.551  3183  3198 V ClearcutMetricXmitter: Transmission is done.
07-10 16:52:32.616  3081  3081 I GsaVoiceInteractionSrv: Handling ACTION_STOP_HOTWORD
07-10 16:52:32.655 15973 15973 I BatteryMgr:App: creating notification channel
07-10 16:52:32.734 15973 15991 D OpenGLRenderer: HWUI GL Pipeline
07-10 16:52:32.908 15973 15973 W zygote64: Class androidx.compose.runtime.snapshots.SnapshotStateList failed lock verification and will run slower.
07-10 16:52:32.908 15973 15973 W zygote64: Common causes for lock verification issues are non-optimized dex code
07-10 16:52:32.908 15973 15973 W zygote64: and incorrect proguard optimizations.
07-10 16:52:32.910 15978 15978 D AndroidRuntime: >>>>>> START com.android.internal.os.RuntimeInit uid 2000 <<<<<<
07-10 16:52:33.021 15978 15978 D ICU     : Timezone override file found: /data/misc/zoneinfo/current/icu/icu_tzdata.dat
07-10 16:52:33.022 15973 15980 I zygote64: Do partial code cache collection, code=30KB, data=20KB
07-10 16:52:33.022 15973 15980 I zygote64: After code cache collection, code=30KB, data=20KB
07-10 16:52:33.022 15973 15980 I zygote64: Increasing code cache capacity to 128KB
07-10 16:52:33.038 15978 15978 I app_process: The ClassLoaderContext is a special shared library.
07-10 16:52:33.075 15978 15978 D AndroidRuntime: Calling main entry com.android.commands.monkey.Monkey
07-10 16:52:33.079 15978 15978 W Monkey  : args: [-p, e.www.microphonetest, 1]
07-10 16:52:33.079 15978 15978 W Monkey  :  arg: "-p"
07-10 16:52:33.079 15978 15978 W Monkey  :  arg: "e.www.microphonetest"
07-10 16:52:33.079 15978 15978 W Monkey  :  arg: "1"
07-10 16:52:33.080 15978 15978 W Monkey  : data="e.www.microphonetest"
07-10 16:52:33.105   762   777 W BroadcastQueue: Skipping deliver [background] BroadcastRecord{af67dc8 u-1 android.net.conn.CONNECTIVITY_CHANGE} to ReceiverList{5f6ae61 15978 (unknown name)/2000/u-1 remote:eb79fba}: process gone or crashing
07-10 16:52:33.120   762  3174 I ActivityManager: START u0 {act=android.intent.action.MAIN cat=[android.intent.category.LAUNCHER] flg=0x10200000 cmp=e.www.microphonetest/.MainActivity} from uid 2000
07-10 16:52:33.121   762  3174 W Binder  : Outgoing transactions from this process must be FLAG_ONEWAY
07-10 16:52:33.121   762  3174 W Binder  : java.lang.Throwable
07-10 16:52:33.121   762  3174 W Binder  : 	at android.os.BinderProxy.transact(Binder.java:752)
07-10 16:52:33.121   762  3174 W Binder  : 	at android.app.IActivityController$Stub$Proxy.activityStarting(IActivityController.java:172)
07-10 16:52:33.121   762  3174 W Binder  : 	at com.android.server.am.ActivityStarter.startActivity(ActivityStarter.java:449)
07-10 16:52:33.121   762  3174 W Binder  : 	at com.android.server.am.ActivityStarter.startActivityLocked(ActivityStarter.java:278)
07-10 16:52:33.121   762  3174 W Binder  : 	at com.android.server.am.ActivityStarter.startActivityMayWait(ActivityStarter.java:817)
07-10 16:52:33.121   762  3174 W Binder  : 	at com.android.server.am.ActivityManagerService.startActivityAsUser(ActivityManagerService.java:4532)
07-10 16:52:33.121   762  3174 W Binder  : 	at com.android.server.am.ActivityManagerService.startActivity(ActivityManagerService.java:4519)
07-10 16:52:33.121   762  3174 W Binder  : 	at android.app.IActivityManager$Stub.onTransact(IActivityManager.java:121)
07-10 16:52:33.121   762  3174 W Binder  : 	at com.android.server.am.ActivityManagerService.onTransact(ActivityManagerService.java:2919)
07-10 16:52:33.121   762  3174 W Binder  : 	at android.os.Binder.execTransact(Binder.java:697)
07-10 16:52:33.136 15973 15991 I Adreno  : QUALCOMM build                   : 8e59954, I0be83d0d26
07-10 16:52:33.136 15973 15991 I Adreno  : Build Date                       : 09/22/17
07-10 16:52:33.136 15973 15991 I Adreno  : OpenGL ES Shader Compiler Version: EV031.21.02.00
07-10 16:52:33.136 15973 15991 I Adreno  : Local Branch                     : O17A
07-10 16:52:33.136 15973 15991 I Adreno  : Remote Branch                    : 
07-10 16:52:33.136 15973 15991 I Adreno  : Remote Branch                    : 
07-10 16:52:33.136 15973 15991 I Adreno  : Reconstruct Branch               : 
07-10 16:52:33.136 15973 15991 D vndksupport: Loading /vendor/lib64/hw/gralloc.msm8992.so from current namespace instead of sphal namespace.
07-10 16:52:33.144 15978 15978 I Monkey  : Events injected: 1
07-10 16:52:33.182 15978 15978 I Monkey  : ## Network stats: elapsed time=53ms (0ms mobile, 0ms wifi, 53ms not connected)
07-10 16:52:33.185 15978 15978 I com.android.commands.monkey: System.exit called, status: 0
07-10 16:52:33.185 15978 15978 I AndroidRuntime: VM exiting with result code 0.
07-10 16:52:33.199 15973 15991 I Adreno  : PFP: 0x00000000, ME: 0x00000000
07-10 16:52:33.213 15973 15973 D Compose Focus: Owner FocusChanged(true)
07-10 16:52:33.214   363   363 W /system/bin/hwservicemanager: getTransport: Cannot find entry android.hardware.configstore@1.0::ISurfaceFlingerConfigs/default in either framework or device manifest.
07-10 16:52:33.216 15973 15991 I zygote64: android::hardware::configstore::V1_0::ISurfaceFlingerConfigs::hasWideColorDisplay retrieved: 0
07-10 16:52:33.226 15973 15991 I OpenGLRenderer: Initialized EGL, version 1.4
07-10 16:52:33.226 15973 15991 D OpenGLRenderer: Swap behavior 2
07-10 16:52:33.281   363   363 W /system/bin/hwservicemanager: getTransport: Cannot find entry android.hardware.graphics.mapper@2.0::IMapper/default in either framework or device manifest.
07-10 16:52:33.282 15973 15991 D vndksupport: Loading /vendor/lib64/hw/android.hardware.graphics.mapper@2.0-impl.so from current namespace instead of sphal namespace.
07-10 16:52:33.283 15973 15991 D vndksupport: Loading /vendor/lib64/hw/gralloc.msm8992.so from current namespace instead of sphal namespace.
07-10 16:52:33.313  1187  1187 I GoogleInputMethodService: GoogleInputMethodService.onFinishInput():3306 
07-10 16:52:33.315  1187  1187 I GoogleInputMethodService: GoogleInputMethodService.updateDeviceLockedStatus():2127 repeatCheckTimes = 0, locked = false
07-10 16:52:33.315  1187  1187 I GoogleInputMethodService: GoogleInputMethodService.onStartInput():1909 onStartInput(EditorInfo{inputType=0x0(NULL) imeOptions=0x0 privateImeOptions=null actionName=UNSPECIFIED actionLabel=null actionId=0 initialSelStart=-1 initialSelEnd=-1 initialCapsMode=0x0 hintText=null label=null packageName=com.example.batterymanager_utility fieldId=-1 fieldName=null extras=null hintLocales=[]}, false)
07-10 16:52:33.315  1187  1187 I GoogleInputMethodService: GoogleInputMethodService.shouldHideHeaderOnInitialState():1990 ShouldHideHeaderOnInitialState = false
07-10 16:52:33.315  1187  1187 I GoogleInputMethodService: GoogleInputMethodService.updateDeviceLockedStatus():2127 repeatCheckTimes = 1, locked = false
07-10 16:52:33.330   762 32534 I ActivityManager: Start proc 16004:e.www.microphonetest/u0a208 for activity e.www.microphonetest/.MainActivity
07-10 16:52:33.331 16004 16004 I zygote64: Late-enabling -Xcheck:jni
07-10 16:52:33.538 16004 16004 I zygote64: Rejecting re-init on previously-failed class java.lang.Class<androidx.core.view.ViewCompat$2>: java.lang.NoClassDefFoundError: Failed resolution of: Landroid/view/View$OnUnhandledKeyEventListener;
07-10 16:52:33.538 16004 16004 I zygote64:   at void androidx.core.view.ViewCompat.setOnApplyWindowInsetsListener(android.view.View, androidx.core.view.OnApplyWindowInsetsListener) (ViewCompat.java:2436)
07-10 16:52:33.538 16004 16004 I zygote64:   at android.view.ViewGroup androidx.appcompat.app.AppCompatDelegateImpl.createSubDecor() (AppCompatDelegateImpl.java:779)
07-10 16:52:33.538 16004 16004 I zygote64:   at void androidx.appcompat.app.AppCompatDelegateImpl.ensureSubDecor() (AppCompatDelegateImpl.java:659)
07-10 16:52:33.538 16004 16004 I zygote64:   at void androidx.appcompat.app.AppCompatDelegateImpl.setContentView(int) (AppCompatDelegateImpl.java:552)
07-10 16:52:33.538 16004 16004 I zygote64:   at void androidx.appcompat.app.AppCompatActivity.setContentView(int) (AppCompatActivity.java:161)
07-10 16:52:33.538 16004 16004 I zygote64:   at void e.www.microphonetest.MainActivity.onCreate(android.os.Bundle) (MainActivity.kt:24)
07-10 16:52:33.538 16004 16004 I zygote64:   at void android.app.Activity.performCreate(android.os.Bundle, android.os.PersistableBundle) (Activity.java:7009)
07-10 16:52:33.538 16004 16004 I zygote64:   at void android.app.Activity.performCreate(android.os.Bundle) (Activity.java:7000)
07-10 16:52:33.538 16004 16004 I zygote64:   at void android.app.Instrumentation.callActivityOnCreate(android.app.Activity, android.os.Bundle) (Instrumentation.java:1214)
07-10 16:52:33.538 16004 16004 I zygote64:   at android.app.Activity android.app.ActivityThread.performLaunchActivity(android.app.ActivityThread$ActivityClientRecord, android.content.Intent) (ActivityThread.java:2731)
07-10 16:52:33.538 16004 16004 I zygote64:   at void android.app.ActivityThread.handleLaunchActivity(android.app.ActivityThread$ActivityClientRecord, android.content.Intent, java.lang.String) (ActivityThread.java:2856)
07-10 16:52:33.538 16004 16004 I zygote64:   at void android.app.ActivityThread.-wrap11(android.app.ActivityThread, android.app.ActivityThread$ActivityClientRecord, android.content.Intent, java.lang.String) (ActivityThread.java:-1)
07-10 16:52:33.538 16004 16004 I zygote64:   at void android.app.ActivityThread$H.handleMessage(android.os.Message) (ActivityThread.java:1589)
07-10 16:52:33.538 16004 16004 I zygote64:   at void android.os.Handler.dispatchMessage(android.os.Message) (Handler.java:106)
07-10 16:52:33.538 16004 16004 I zygote64:   at void android.os.Looper.loop() (Looper.java:164)
07-10 16:52:33.538 16004 16004 I zygote64:   at void android.app.ActivityThread.main(java.lang.String[]) (ActivityThread.java:6494)
07-10 16:52:33.538 16004 16004 I zygote64:   at java.lang.Object java.lang.reflect.Method.invoke(java.lang.Object, java.lang.Object[]) (Method.java:-2)
07-10 16:52:33.538 16004 16004 I zygote64:   at void com.android.internal.os.RuntimeInit$MethodAndArgsCaller.run() (RuntimeInit.java:438)
07-10 16:52:33.538 16004 16004 I zygote64:   at void com.android.internal.os.ZygoteInit.main(java.lang.String[]) (ZygoteInit.java:807)
07-10 16:52:33.538 16004 16004 I zygote64: Caused by: java.lang.ClassNotFoundException: Didn't find class "android.view.View$OnUnhandledKeyEventListener" on path: DexPathList[[zip file "/data/app/e.www.microphonetest-HZmdTiFekFm4Bj1ErAt2WA==/base.apk"],nativeLibraryDirectories=[/data/app/e.www.microphonetest-HZmdTiFekFm4Bj1ErAt2WA==/lib/arm64, /system/lib64, /vendor/lib64]]
07-10 16:52:33.538 16004 16004 I zygote64:   at java.lang.Class dalvik.system.BaseDexClassLoader.findClass(java.lang.String) (BaseDexClassLoader.java:125)
07-10 16:52:33.538 16004 16004 I zygote64:   at java.lang.Class java.lang.ClassLoader.loadClass(java.lang.String, boolean) (ClassLoader.java:379)
07-10 16:52:33.538 16004 16004 I zygote64:   at java.lang.Class java.lang.ClassLoader.loadClass(java.lang.String) (ClassLoader.java:312)
07-10 16:52:33.538 16004 16004 I zygote64:   at void androidx.core.view.ViewCompat.setOnApplyWindowInsetsListener(android.view.View, androidx.core.view.OnApplyWindowInsetsListener) (ViewCompat.java:2436)
07-10 16:52:33.538 16004 16004 I zygote64:   at android.view.ViewGroup androidx.appcompat.app.AppCompatDelegateImpl.createSubDecor() (AppCompatDelegateImpl.java:779)
07-10 16:52:33.538 16004 16004 I zygote64:   at void androidx.appcompat.app.AppCompatDelegateImpl.ensureSubDecor() (AppCompatDelegateImpl.java:659)
07-10 16:52:33.538 16004 16004 I zygote64:   at void androidx.appcompat.app.AppCompatDelegateImpl.setContentView(int) (AppCompatDelegateImpl.java:552)
07-10 16:52:33.538 16004 16004 I zygote64:   at void androidx.appcompat.app.AppCompatActivity.setContentView(int) (AppCompatActivity.java:161)
07-10 16:52:33.538 16004 16004 I zygote64:   at void e.www.microphonetest.MainActivity.onCreate(android.os.Bundle) (MainActivity.kt:24)
07-10 16:52:33.538 16004 16004 I zygote64:   at void android.app.Activity.performCreate(android.os.Bundle, android.os.PersistableBundle) (Activity.java:7009)
07-10 16:52:33.538 16004 16004 I zygote64:   at void android.app.Activity.performCreate(android.os.Bundle) (Activity.java:7000)
07-10 16:52:33.538 16004 16004 I zygote64:   at void android.app.Instrumentation.callActivityOnCreate(android.app.Activity, android.os.Bundle) (Instrumentation.java:1214)
07-10 16:52:33.538 16004 16004 I zygote64:   at android.app.Activity android.app.ActivityThread.performLaunchActivity(android.app.ActivityThread$ActivityClientRecord, android.content.Intent) (ActivityThread.java:2731)
07-10 16:52:33.538 16004 16004 I zygote64:   at void android.app.ActivityThread.handleLaunchActivity(android.app.ActivityThread$ActivityClientRecord, android.content.Intent, java.lang.String) (ActivityThread.java:2856)
07-10 16:52:33.538 16004 16004 I zygote64:   at void android.app.ActivityThread.-wrap11(android.app.ActivityThread, android.app.ActivityThread$ActivityClientRecord, android.content.Intent, java.lang.String) (ActivityThread.java:-1)
07-10 16:52:33.538 16004 16004 I zygote64:   at void android.app.ActivityThread$H.handleMessage(android.os.Message) (ActivityThread.java:1589)
07-10 16:52:33.538 16004 16004 I zygote64:   at void android.os.Handler.dispatchMessage(android.os.Message) (Handler.java:106)
07-10 16:52:33.538 16004 16004 I zygote64:   at void android.os.Looper.loop() (Looper.java:164)
07-10 16:52:33.538 16004 16004 I zygote64:   at void android.app.ActivityThread.main(java.lang.String[]) (ActivityThread.java:6494)
07-10 16:52:33.538 16004 16004 I zygote64:   at java.lang.Object java.lang.reflect.Method.invoke(java.lang.Object, java.lang.Object[]) (Method.java:-2)
07-10 16:52:33.538 16004 16004 I zygote64:   at void com.android.internal.os.RuntimeInit$MethodAndArgsCaller.run() (RuntimeInit.java:438)
07-10 16:52:33.538 16004 16004 I zygote64:   at void com.android.internal.os.ZygoteInit.main(java.lang.String[]) (ZygoteInit.java:807)
07-10 16:52:33.538 16004 16004 I zygote64: 
07-10 16:52:33.538 16004 16004 I zygote64: Rejecting re-init on previously-failed class java.lang.Class<androidx.core.view.ViewCompat$2>: java.lang.NoClassDefFoundError: Failed resolution of: Landroid/view/View$OnUnhandledKeyEventListener;
07-10 16:52:33.538 16004 16004 I zygote64:   at void androidx.core.view.ViewCompat.setOnApplyWindowInsetsListener(android.view.View, androidx.core.view.OnApplyWindowInsetsListener) (ViewCompat.java:2436)
07-10 16:52:33.538 16004 16004 I zygote64:   at android.view.ViewGroup androidx.appcompat.app.AppCompatDelegateImpl.createSubDecor() (AppCompatDelegateImpl.java:779)
07-10 16:52:33.538 16004 16004 I zygote64:   at void androidx.appcompat.app.AppCompatDelegateImpl.ensureSubDecor() (AppCompatDelegateImpl.java:659)
07-10 16:52:33.538 16004 16004 I zygote64:   at void androidx.appcompat.app.AppCompatDelegateImpl.setContentView(int) (AppCompatDelegateImpl.java:552)
07-10 16:52:33.538 16004 16004 I zygote64:   at void androidx.appcompat.app.AppCompatActivity.setContentView(int) (AppCompatActivity.java:161)
07-10 16:52:33.538 16004 16004 I zygote64:   at void e.www.microphonetest.MainActivity.onCreate(android.os.Bundle) (MainActivity.kt:24)
07-10 16:52:33.538 16004 16004 I zygote64:   at void android.app.Activity.performCreate(android.os.Bundle, android.os.PersistableBundle) (Activity.java:7009)
07-10 16:52:33.538 16004 16004 I zygote64:   at void android.app.Activity.performCreate(android.os.Bundle) (Activity.java:7000)
07-10 16:52:33.538 16004 16004 I zygote64:   at void android.app.Instrumentation.callActivityOnCreate(android.app.Activity, android.os.Bundle) (Instrumentation.java:1214)
07-10 16:52:33.538 16004 16004 I zygote64:   at android.app.Activity android.app.ActivityThread.performLaunchActivity(android.app.ActivityThread$ActivityClientRecord, android.content.Intent) (ActivityThread.java:2731)
07-10 16:52:33.538 16004 16004 I zygote64:   at void android.app.ActivityThread.handleLaunchActivity(android.app.ActivityThread$ActivityClientRecord, android.content.Intent, java.lang.String) (ActivityThread.java:2856)
07-10 16:52:33.538 16004 16004 I zygote64:   at void android.app.ActivityThread.-wrap11(android.app.ActivityThread, android.app.ActivityThread$ActivityClientRecord, android.content.Intent, java.lang.String) (ActivityThread.java:-1)
07-10 16:52:33.538 16004 16004 I zygote64:   at void android.app.ActivityThread$H.handleMessage(android.os.Message) (ActivityThread.java:1589)
07-10 16:52:33.538 16004 16004 I zygote64:   at void android.os.Handler.dispatchMessage(android.os.Message) (Handler.java:106)
07-10 16:52:33.539 16004 16004 I zygote64:   at void android.os.Looper.loop() (Looper.java:164)
07-10 16:52:33.539 16004 16004 I zygote64:   at void android.app.ActivityThread.main(java.lang.String[]) (ActivityThread.java:6494)
07-10 16:52:33.539 16004 16004 I zygote64:   at java.lang.Object java.lang.reflect.Method.invoke(java.lang.Object, java.lang.Object[]) (Method.java:-2)
07-10 16:52:33.539 16004 16004 I zygote64:   at void com.android.internal.os.RuntimeInit$MethodAndArgsCaller.run() (RuntimeInit.java:438)
07-10 16:52:33.539 16004 16004 I zygote64:   at void com.android.internal.os.ZygoteInit.main(java.lang.String[]) (ZygoteInit.java:807)
07-10 16:52:33.539 16004 16004 I zygote64: Caused by: java.lang.ClassNotFoundException: Didn't find class "android.view.View$OnUnhandledKeyEventListener" on path: DexPathList[[zip file "/data/app/e.www.microphonetest-HZmdTiFekFm4Bj1ErAt2WA==/base.apk"],nativeLibraryDirectories=[/data/app/e.www.microphonetest-HZmdTiFekFm4Bj1ErAt2WA==/lib/arm64, /system/lib64, /vendor/lib64]]
07-10 16:52:33.539 16004 16004 I zygote64:   at java.lang.Class dalvik.system.BaseDexClassLoader.findClass(java.lang.String) (BaseDexClassLoader.java:125)
07-10 16:52:33.539 16004 16004 I zygote64:   at java.lang.Class java.lang.ClassLoader.loadClass(java.lang.String, boolean) (ClassLoader.java:379)
07-10 16:52:33.539 16004 16004 I zygote64:   at java.lang.Class java.lang.ClassLoader.loadClass(java.lang.String) (ClassLoader.java:312)
07-10 16:52:33.539 16004 16004 I zygote64:   at void androidx.core.view.ViewCompat.setOnApplyWindowInsetsListener(android.view.View, androidx.core.view.OnApplyWindowInsetsListener) (ViewCompat.java:2436)
07-10 16:52:33.539 16004 16004 I zygote64:   at android.view.ViewGroup androidx.appcompat.app.AppCompatDelegateImpl.createSubDecor() (AppCompatDelegateImpl.java:779)
07-10 16:52:33.539 16004 16004 I zygote64:   at void androidx.appcompat.app.AppCompatDelegateImpl.ensureSubDecor() (AppCompatDelegateImpl.java:659)
07-10 16:52:33.539 16004 16004 I zygote64:   at void androidx.appcompat.app.AppCompatDelegateImpl.setContentView(int) (AppCompatDelegateImpl.java:552)
07-10 16:52:33.539 16004 16004 I zygote64:   at void androidx.appcompat.app.AppCompatActivity.setContentView(int) (AppCompatActivity.java:161)
07-10 16:52:33.539 16004 16004 I zygote64:   at void e.www.microphonetest.MainActivity.onCreate(android.os.Bundle) (MainActivity.kt:24)
07-10 16:52:33.539 16004 16004 I zygote64:   at void android.app.Activity.performCreate(android.os.Bundle, android.os.PersistableBundle) (Activity.java:7009)
07-10 16:52:33.539 16004 16004 I zygote64:   at void android.app.Activity.performCreate(android.os.Bundle) (Activity.java:7000)
07-10 16:52:33.539 16004 16004 I zygote64:   at void android.app.Instrumentation.callActivityOnCreate(android.app.Activity, android.os.Bundle) (Instrumentation.java:1214)
07-10 16:52:33.539 16004 16004 I zygote64:   at android.app.Activity android.app.ActivityThread.performLaunchActivity(android.app.ActivityThread$ActivityClientRecord, android.content.Intent) (ActivityThread.java:2731)
07-10 16:52:33.539 16004 16004 I zygote64:   at void android.app.ActivityThread.handleLaunchActivity(android.app.ActivityThread$ActivityClientRecord, android.content.Intent, java.lang.String) (ActivityThread.java:2856)
07-10 16:52:33.539 16004 16004 I zygote64:   at void android.app.ActivityThread.-wrap11(android.app.ActivityThread, android.app.ActivityThread$ActivityClientRecord, android.content.Intent, java.lang.String) (ActivityThread.java:-1)
07-10 16:52:33.539 16004 16004 I zygote64:   at void android.app.ActivityThread$H.handleMessage(android.os.Message) (ActivityThread.java:1589)
07-10 16:52:33.539 16004 16004 I zygote64:   at void android.os.Handler.dispatchMessage(android.os.Message) (Handler.java:106)
07-10 16:52:33.539 16004 16004 I zygote64:   at void android.os.Looper.loop() (Looper.java:164)
07-10 16:52:33.539 16004 16004 I zygote64:   at void android.app.ActivityThread.main(java.lang.String[]) (ActivityThread.java:6494)
07-10 16:52:33.539 16004 16004 I zygote64:   at java.lang.Object java.lang.reflect.Method.invoke(java.lang.Object, java.lang.Object[]) (Method.java:-2)
07-10 16:52:33.539 16004 16004 I zygote64:   at void com.android.internal.os.RuntimeInit$MethodAndArgsCaller.run() (RuntimeInit.java:438)
07-10 16:52:33.539 16004 16004 I zygote64:   at void com.android.internal.os.ZygoteInit.main(java.lang.String[]) (ZygoteInit.java:807)
07-10 16:52:33.539 16004 16004 I zygote64: 
07-10 16:52:33.539 16004 16004 I zygote64: Rejecting re-init on previously-failed class java.lang.Class<androidx.core.view.ViewCompat$2>: java.lang.NoClassDefFoundError: Failed resolution of: Landroid/view/View$OnUnhandledKeyEventListener;
07-10 16:52:33.539 16004 16004 I zygote64:   at void androidx.core.view.ViewCompat.setOnApplyWindowInsetsListener(android.view.View, androidx.core.view.OnApplyWindowInsetsListener) (ViewCompat.java:2436)
07-10 16:52:33.539 16004 16004 I zygote64:   at android.view.ViewGroup androidx.appcompat.app.AppCompatDelegateImpl.createSubDecor() (AppCompatDelegateImpl.java:779)
07-10 16:52:33.539 16004 16004 I zygote64:   at void androidx.appcompat.app.AppCompatDelegateImpl.ensureSubDecor() (AppCompatDelegateImpl.java:659)
07-10 16:52:33.539 16004 16004 I zygote64:   at void androidx.appcompat.app.AppCompatDelegateImpl.setContentView(int) (AppCompatDelegateImpl.java:552)
07-10 16:52:33.539 16004 16004 I zygote64:   at void androidx.appcompat.app.AppCompatActivity.setContentView(int) (AppCompatActivity.java:161)
07-10 16:52:33.539 16004 16004 I zygote64:   at void e.www.microphonetest.MainActivity.onCreate(android.os.Bundle) (MainActivity.kt:24)
07-10 16:52:33.539 16004 16004 I zygote64:   at void android.app.Activity.performCreate(android.os.Bundle, android.os.PersistableBundle) (Activity.java:7009)
07-10 16:52:33.539 16004 16004 I zygote64:   at void android.app.Activity.performCreate(android.os.Bundle) (Activity.java:7000)
07-10 16:52:33.539 16004 16004 I zygote64:   at void android.app.Instrumentation.callActivityOnCreate(android.app.Activity, android.os.Bundle) (Instrumentation.java:1214)
07-10 16:52:33.539 16004 16004 I zygote64:   at android.app.Activity android.app.ActivityThread.performLaunchActivity(android.app.ActivityThread$ActivityClientRecord, android.content.Intent) (ActivityThread.java:2731)
07-10 16:52:33.539 16004 16004 I zygote64:   at void android.app.ActivityThread.handleLaunchActivity(android.app.ActivityThread$ActivityClientRecord, android.content.Intent, java.lang.String) (ActivityThread.java:2856)
07-10 16:52:33.539 16004 16004 I zygote64:   at void android.app.ActivityThread.-wrap11(android.app.ActivityThread, android.app.ActivityThread$ActivityClientRecord, android.content.Intent, java.lang.String) (ActivityThread.java:-1)
07-10 16:52:33.539 16004 16004 I zygote64:   at void android.app.ActivityThread$H.handleMessage(android.os.Message) (ActivityThread.java:1589)
07-10 16:52:33.539 16004 16004 I zygote64:   at void android.os.Handler.dispatchMessage(android.os.Message) (Handler.java:106)
07-10 16:52:33.539 16004 16004 I zygote64:   at void android.os.Looper.loop() (Looper.java:164)
07-10 16:52:33.539 16004 16004 I zygote64:   at void android.app.ActivityThread.main(java.lang.String[]) (ActivityThread.java:6494)
07-10 16:52:33.539 16004 16004 I zygote64:   at java.lang.Object java.lang.reflect.Method.invoke(java.lang.Object, java.lang.Object[]) (Method.java:-2)
07-10 16:52:33.539 16004 16004 I zygote64:   at void com.android.internal.os.RuntimeInit$MethodAndArgsCaller.run() (RuntimeInit.java:438)
07-10 16:52:33.539 16004 16004 I zygote64:   at void com.android.internal.os.ZygoteInit.main(java.lang.String[]) (ZygoteInit.java:807)
07-10 16:52:33.539 16004 16004 I zygote64: Caused by: java.lang.ClassNotFoundException: Didn't find class "android.view.View$OnUnhandledKeyEventListener" on path: DexPathList[[zip file "/data/app/e.www.microphonetest-HZmdTiFekFm4Bj1ErAt2WA==/base.apk"],nativeLibraryDirectories=[/data/app/e.www.microphonetest-HZmdTiFekFm4Bj1ErAt2WA==/lib/arm64, /system/lib64, /vendor/lib64]]
07-10 16:52:33.539 16004 16004 I zygote64:   at java.lang.Class dalvik.system.BaseDexClassLoader.findClass(java.lang.String) (BaseDexClassLoader.java:125)
07-10 16:52:33.539 16004 16004 I zygote64:   at java.lang.Class java.lang.ClassLoader.loadClass(java.lang.String, boolean) (ClassLoader.java:379)
07-10 16:52:33.539 16004 16004 I zygote64:   at java.lang.Class java.lang.ClassLoader.loadClass(java.lang.String) (ClassLoader.java:312)
07-10 16:52:33.539 16004 16004 I zygote64:   at void androidx.core.view.ViewCompat.setOnApplyWindowInsetsListener(android.view.View, androidx.core.view.OnApplyWindowInsetsListener) (ViewCompat.java:2436)
07-10 16:52:33.539 16004 16004 I zygote64:   at android.view.ViewGroup androidx.appcompat.app.AppCompatDelegateImpl.createSubDecor() (AppCompatDelegateImpl.java:779)
07-10 16:52:33.539 16004 16004 I zygote64:   at void androidx.appcompat.app.AppCompatDelegateImpl.ensureSubDecor() (AppCompatDelegateImpl.java:659)
07-10 16:52:33.539 16004 16004 I zygote64:   at void androidx.appcompat.app.AppCompatDelegateImpl.setContentView(int) (AppCompatDelegateImpl.java:552)
07-10 16:52:33.539 16004 16004 I zygote64:   at void androidx.appcompat.app.AppCompatActivity.setContentView(int) (AppCompatActivity.java:161)
07-10 16:52:33.539 16004 16004 I zygote64:   at void e.www.microphonetest.MainActivity.onCreate(android.os.Bundle) (MainActivity.kt:24)
07-10 16:52:33.539 16004 16004 I zygote64:   at void android.app.Activity.performCreate(android.os.Bundle, android.os.PersistableBundle) (Activity.java:7009)
07-10 16:52:33.539 16004 16004 I zygote64:   at void android.app.Activity.performCreate(android.os.Bundle) (Activity.java:7000)
07-10 16:52:33.539 16004 16004 I zygote64:   at void android.app.Instrumentation.callActivityOnCreate(android.app.Activity, android.os.Bundle) (Instrumentation.java:1214)
07-10 16:52:33.539 16004 16004 I zygote64:   at android.app.Activity android.app.ActivityThread.performLaunchActivity(android.app.ActivityThread$ActivityClientRecord, android.content.Intent) (ActivityThread.java:2731)
07-10 16:52:33.539 16004 16004 I zygote64:   at void android.app.ActivityThread.handleLaunchActivity(android.app.ActivityThread$ActivityClientRecord, android.content.Intent, java.lang.String) (ActivityThread.java:2856)
07-10 16:52:33.539 16004 16004 I zygote64:   at void android.app.ActivityThread.-wrap11(android.app.ActivityThread, android.app.ActivityThread$ActivityClientRecord, android.content.Intent, java.lang.String) (ActivityThread.java:-1)
07-10 16:52:33.539 16004 16004 I zygote64:   at void android.app.ActivityThread$H.handleMessage(android.os.Message) (ActivityThread.java:1589)
07-10 16:52:33.539 16004 16004 I zygote64:   at void android.os.Handler.dispatchMessage(android.os.Message) (Handler.java:106)
07-10 16:52:33.539 16004 16004 I zygote64:   at void android.os.Looper.loop() (Looper.java:164)
07-10 16:52:33.539 16004 16004 I zygote64:   at void android.app.ActivityThread.main(java.lang.String[]) (ActivityThread.java:6494)
07-10 16:52:33.539 16004 16004 I zygote64:   at java.lang.Object java.lang.reflect.Method.invoke(java.lang.Object, java.lang.Object[]) (Method.java:-2)
07-10 16:52:33.539 16004 16004 I zygote64:   at void com.android.internal.os.RuntimeInit$MethodAndArgsCaller.run() (RuntimeInit.java:438)
07-10 16:52:33.539 16004 16004 I zygote64:   at void com.android.internal.os.ZygoteInit.main(java.lang.String[]) (ZygoteInit.java:807)
07-10 16:52:33.539 16004 16004 I zygote64: 
07-10 16:52:33.576   561 15479 W DeviceHAL: Device 0xf4f2c000 open_input_stream: Invalid argument
07-10 16:52:33.577   561 16023 I AudioFlinger: AudioFlinger's thread 0xf0883200 tid=16023 ready to run
07-10 16:52:33.583   573  1611 W AudioRecord: Server adjusted notificationFrames from 1024 to 160 for frameCount 2048
07-10 16:52:33.590   577 28026 I OMXMaster: makeComponentInstance(OMX.google.amrnb.encoder) in android.hardwar process
07-10 16:52:33.593   573 16024 I MediaCodec: MediaCodec will operate in async mode
07-10 16:52:33.595   577  2897 E OMXNodeInstance: setConfig(0xf4d876c0:google.amrnb.encoder, ConfigPriority(0x6f800002)) ERROR: Undefined(0x80001001)
07-10 16:52:33.596   573 16024 I ACodec  : codec does not support config priority (err -2147483648)
07-10 16:52:33.597   577 28701 E OMXNodeInstance: getConfig(0xf4d876c0:google.amrnb.encoder, ConfigAndroidVendorExtension(0x6f100004)) ERROR: Undefined(0x80001001)
07-10 16:52:33.604   573  1611 I MPEG4Writer: limits: 4294967295/0 bytes/us, bit rate: 12200 bps and the estimated moov size 3313 bytes
07-10 16:52:33.605   573 16020 I MediaCodecSource: MediaCodecSource (audio) starting
07-10 16:52:33.609   561   738 I SoundTriggerHwService::Module: onCallbackEvent no clients
07-10 16:52:33.609   573 16020 I MediaCodecSource: MediaCodecSource (audio) started
07-10 16:52:33.615   561 16029 D sound_trigger_platform: platform_stdev_check_and_update_concurrency: concurrency active 0, tx 1, rx 0, concurrency session_allowed 0
07-10 16:52:33.615   561 16029 D audio_hw_primary: enable_snd_device: snd_device(38: handset-mic)
07-10 16:52:33.615   561 16029 D audio_route: Apply path: handset-mic
07-10 16:52:33.623   561 16029 D audio_hw_primary: enable_audio_route: usecase(9) apply and update mixer path: audio-record
07-10 16:52:33.623   561 16029 D audio_route: Apply path: audio-record
07-10 16:52:33.634 16004 16031 D OpenGLRenderer: HWUI GL Pipeline
07-10 16:52:33.669 16004 16031 I Adreno  : QUALCOMM build                   : 8e59954, I0be83d0d26
07-10 16:52:33.669 16004 16031 I Adreno  : Build Date                       : 09/22/17
07-10 16:52:33.669 16004 16031 I Adreno  : OpenGL ES Shader Compiler Version: EV031.21.02.00
07-10 16:52:33.669 16004 16031 I Adreno  : Local Branch                     : O17A
07-10 16:52:33.669 16004 16031 I Adreno  : Remote Branch                    : 
07-10 16:52:33.669 16004 16031 I Adreno  : Remote Branch                    : 
07-10 16:52:33.669 16004 16031 I Adreno  : Reconstruct Branch               : 
07-10 16:52:33.670 16004 16031 D vndksupport: Loading /vendor/lib64/hw/gralloc.msm8992.so from current namespace instead of sphal namespace.
07-10 16:52:33.680 16004 16031 I Adreno  : PFP: 0x00000000, ME: 0x00000000
07-10 16:52:33.683   363   363 W /system/bin/hwservicemanager: getTransport: Cannot find entry android.hardware.configstore@1.0::ISurfaceFlingerConfigs/default in either framework or device manifest.
07-10 16:52:33.685 16004 16031 I zygote64: android::hardware::configstore::V1_0::ISurfaceFlingerConfigs::hasWideColorDisplay retrieved: 0
07-10 16:52:33.686 16004 16031 I OpenGLRenderer: Initialized EGL, version 1.4
07-10 16:52:33.686 16004 16031 D OpenGLRenderer: Swap behavior 2
07-10 16:52:33.694  1187  1187 I GoogleInputMethodService: GoogleInputMethodService.onFinishInput():3306 
07-10 16:52:33.696  1187  1187 I GoogleInputMethodService: GoogleInputMethodService.updateDeviceLockedStatus():2127 repeatCheckTimes = 0, locked = false
07-10 16:52:33.696  1187  1187 I GoogleInputMethodService: GoogleInputMethodService.onStartInput():1909 onStartInput(EditorInfo{inputType=0x0(NULL) imeOptions=0x0 privateImeOptions=null actionName=UNSPECIFIED actionLabel=null actionId=0 initialSelStart=-1 initialSelEnd=-1 initialCapsMode=0x0 hintText=null label=null packageName=e.www.microphonetest fieldId=-1 fieldName=null extras=null hintLocales=[]}, false)
07-10 16:52:33.696  1187  1187 I GoogleInputMethodService: GoogleInputMethodService.shouldHideHeaderOnInitialState():1990 ShouldHideHeaderOnInitialState = false
07-10 16:52:33.697  1187  1187 I GoogleInputMethodService: GoogleInputMethodService.updateDeviceLockedStatus():2127 repeatCheckTimes = 1, locked = false
07-10 16:52:33.697   573 16030 I MPEG4Writer: setStartTimestampUs: 67886
07-10 16:52:33.697   573 16030 I MPEG4Writer: Earliest track starting time: 67886
07-10 16:52:33.709   363   363 W /system/bin/hwservicemanager: getTransport: Cannot find entry android.hardware.graphics.mapper@2.0::IMapper/default in either framework or device manifest.
07-10 16:52:33.710 16004 16031 D vndksupport: Loading /vendor/lib64/hw/android.hardware.graphics.mapper@2.0-impl.so from current namespace instead of sphal namespace.
07-10 16:52:33.711 16004 16031 D vndksupport: Loading /vendor/lib64/hw/gralloc.msm8992.so from current namespace instead of sphal namespace.
07-10 16:52:33.734   762   787 I ActivityManager: Displayed e.www.microphonetest/.MainActivity: +410ms (total +1s219ms)
07-10 16:52:34.135  3183  3183 I A       : GEL#onSaveInstanceState
07-10 16:52:34.380   762  8714 I OpenGLRenderer: Initialized EGL, version 1.4
07-10 16:52:34.381   762  8714 D OpenGLRenderer: Swap behavior 2
07-10 16:52:34.724 15973 15973 I BatteryMgr:DataCollectionService: onStartCommand: begin
07-10 16:52:34.724 15973 15973 I BatteryMgr:DataCollectionService: onStartCommand: sampleRate => 0
07-10 16:52:34.725 15973 15973 I BatteryMgr:DataCollectionService: onStartCommand: rawFields => Timestamp,BATTERY_PROPERTY_CURRENT_NOW,EXTRA_VOLTAGE
07-10 16:52:34.727 15973 15973 I BatteryMgr:DataCollectionService: onStartCommand: notification done
07-10 16:52:34.730 15973 15973 I BatteryMgr:DataCollectionService: started foreground
07-10 16:52:34.731   762   777 E NotificationService: Suppressing notification from package by user request.
07-10 16:52:34.745 15973 16054 I BatteryMgr:DataCollectionService: collectData: begin
07-10 16:52:34.748 15973 16054 I BatteryMgr:DataCollectionService: stats => 1689022354748,-105132,4132
07-10 16:52:34.751 15973 16054 I BatteryMgr:DataCollectionService: stats => 1689022354751,-105132,4132
07-10 16:52:34.755 15973 16054 I BatteryMgr:DataCollectionService: stats => 1689022354755,-105132,4132
07-10 16:52:34.758 15973 16054 I BatteryMgr:DataCollectionService: stats => 1689022354758,-105132,4132
07-10 16:52:34.761 15973 16054 I BatteryMgr:DataCollectionService: stats => 1689022354761,-105132,4132
07-10 16:52:34.764 15973 16054 I BatteryMgr:DataCollectionService: stats => 1689022354763,-105132,4132
07-10 16:52:34.766 15973 16054 I BatteryMgr:DataCollectionService: stats => 1689022354766,-105132,4132
07-10 16:52:34.769 15973 16054 I BatteryMgr:DataCollectionService: stats => 1689022354769,-105132,4132
07-10 16:52:34.772 15973 16054 I BatteryMgr:DataCollectionService: stats => 1689022354772,-105132,4132
07-10 16:52:34.776 15973 16054 I BatteryMgr:DataCollectionService: stats => 1689022354776,-105132,4132
07-10 16:52:34.779 15973 16054 I BatteryMgr:DataCollectionService: stats => 1689022354779,-105132,4132
07-10 16:52:34.782 15973 16054 I BatteryMgr:DataCollectionService: stats => 1689022354782,-105132,4132
07-10 16:52:34.785 15973 16054 I BatteryMgr:DataCollectionService: stats => 1689022354785,-105132,4132
07-10 16:52:34.789 15973 16054 I BatteryMgr:DataCollectionService: stats => 1689022354788,-105132,4132
07-10 16:52:34.792 15973 16054 I BatteryMgr:DataCollectionService: stats => 1689022354792,-105132,4132
07-10 16:52:34.795 15973 16054 I BatteryMgr:DataCollectionService: stats => 1689022354795,-105132,4132
07-10 16:52:34.798 15973 16054 I BatteryMgr:DataCollectionService: stats => 1689022354798,-105132,4132
07-10 16:52:34.801 15973 16054 I BatteryMgr:DataCollectionService: stats => 1689022354801,-105132,4132
07-10 16:52:34.804 15973 16054 I BatteryMgr:DataCollectionService: stats => 1689022354804,-105132,4132
07-10 16:52:34.806 15973 16054 I BatteryMgr:DataCollectionService: stats => 1689022354806,-105132,4132
07-10 16:52:34.809 15973 16054 I BatteryMgr:DataCollectionService: stats => 1689022354809,-105132,4132
07-10 16:52:34.813 15973 16054 I BatteryMgr:DataCollectionService: stats => 1689022354813,-105132,4132
07-10 16:52:34.816 15973 16054 I BatteryMgr:DataCollectionService: stats => 1689022354816,-105132,4132
07-10 16:52:34.819 15973 16054 I BatteryMgr:DataCollectionService: stats => 1689022354819,-105132,4132
07-10 16:52:34.822 15973 16054 I BatteryMgr:DataCollectionService: stats => 1689022354822,-105132,4132
07-10 16:52:34.826 15973 16054 I BatteryMgr:DataCollectionService: stats => 1689022354826,-105132,4132
07-10 16:52:34.829 15973 16054 I BatteryMgr:DataCollectionService: stats => 1689022354829,-105132,4132
07-10 16:52:34.832 15973 16054 I BatteryMgr:DataCollectionService: stats => 1689022354832,-105132,4132
07-10 16:52:34.836 15973 16054 I BatteryMgr:DataCollectionService: stats => 1689022354836,-105132,4132
07-10 16:52:34.839 15973 16054 I BatteryMgr:DataCollectionService: stats => 1689022354839,-105132,4132
07-10 16:52:34.842 15973 16054 I BatteryMgr:DataCollectionService: stats => 1689022354841,-105132,4132
07-10 16:52:34.844 15973 16054 I BatteryMgr:DataCollectionService: stats => 1689022354844,-105132,4132
07-10 16:52:34.847 15973 16054 I BatteryMgr:DataCollectionService: stats => 1689022354847,-105132,4132
07-10 16:52:34.850 15973 16054 I BatteryMgr:DataCollectionService: stats => 1689022354850,-105132,4132
07-10 16:52:34.852 15973 16054 I BatteryMgr:DataCollectionService: stats => 1689022354852,-105132,4132
07-10 16:52:34.856 15973 16054 I BatteryMgr:DataCollectionService: stats => 1689022354856,-105132,4132
07-10 16:52:34.859 15973 16054 I BatteryMgr:DataCollectionService: stats => 1689022354859,-105132,4132
07-10 16:52:34.863 15973 16054 I BatteryMgr:DataCollectionService: stats => 1689022354862,-105132,4132
07-10 16:52:34.866 15973 16054 I BatteryMgr:DataCollectionService: stats => 1689022354866,-105132,4132
07-10 16:52:34.869 15973 16054 I BatteryMgr:DataCollectionService: stats => 1689022354869,-105132,4132
07-10 16:52:34.872 15973 16054 I BatteryMgr:DataCollectionService: stats => 1689022354872,-105132,4132
07-10 16:52:34.876 15973 16054 I BatteryMgr:DataCollectionService: stats => 1689022354875,-105132,4132
07-10 16:52:34.878 15973 16054 I BatteryMgr:DataCollectionService: stats => 1689022354878,-105132,4132
07-10 16:52:34.881 15973 16054 I BatteryMgr:DataCollectionService: stats => 1689022354881,-105132,4132
07-10 16:52:34.884 15973 16054 I BatteryMgr:DataCollectionService: stats => 1689022354884,-105132,4132
07-10 16:52:34.886 15973 16054 I BatteryMgr:DataCollectionService: stats => 1689022354886,-105132,4132
07-10 16:52:34.890 15973 16054 I BatteryMgr:DataCollectionService: stats => 1689022354889,-105132,4132
07-10 16:52:34.893 15973 16054 I BatteryMgr:DataCollectionService: stats => 1689022354893,-105132,4132
07-10 16:52:34.897 15973 16054 I BatteryMgr:DataCollectionService: stats => 1689022354896,-105132,4132
07-10 16:52:34.899 15973 16054 I BatteryMgr:DataCollectionService: stats => 1689022354899,-105132,4132
07-10 16:52:34.902 15973 16054 I BatteryMgr:DataCollectionService: stats => 1689022354902,-105132,4132
07-10 16:52:34.904 15973 16054 I BatteryMgr:DataCollectionService: stats => 1689022354904,-105132,4132
07-10 16:52:34.907 15973 16054 I BatteryMgr:DataCollectionService: stats => 1689022354907,-105132,4132
07-10 16:52:34.909 15973 16054 I BatteryMgr:DataCollectionService: stats => 1689022354909,-105132,4132
07-10 16:52:34.912 15973 16054 I BatteryMgr:DataCollectionService: stats => 1689022354912,-105132,4132
07-10 16:52:34.915 15973 16054 I BatteryMgr:DataCollectionService: stats => 1689022354915,-105132,4132
07-10 16:52:34.918 15973 16054 I BatteryMgr:DataCollectionService: stats => 1689022354918,-105132,4132
07-10 16:52:34.920 15973 16054 I BatteryMgr:DataCollectionService: stats => 1689022354920,-105132,4132
07-10 16:52:34.923 15973 16054 I BatteryMgr:DataCollectionService: stats => 1689022354922,-105132,4132
07-10 16:52:34.925 15973 16054 I BatteryMgr:DataCollectionService: stats => 1689022354925,-105132,4132
07-10 16:52:34.928 15973 16054 I BatteryMgr:DataCollectionService: stats => 1689022354928,-105132,4132
07-10 16:52:34.930 15973 16054 I BatteryMgr:DataCollectionService: stats => 1689022354930,-105132,4132
07-10 16:52:34.933 15973 16054 I BatteryMgr:DataCollectionService: stats => 1689022354933,-105132,4132
07-10 16:52:34.936 15973 16054 I BatteryMgr:DataCollectionService: stats => 1689022354936,-105132,4132
07-10 16:52:34.939 15973 16054 I BatteryMgr:DataCollectionService: stats => 1689022354939,-105132,4132
07-10 16:52:34.942 15973 16054 I BatteryMgr:DataCollectionService: stats => 1689022354941,-105132,4132
07-10 16:52:34.944 15973 16054 I BatteryMgr:DataCollectionService: stats => 1689022354944,-105132,4132
07-10 16:52:34.946 15973 16054 I BatteryMgr:DataCollectionService: stats => 1689022354946,-105132,4132
07-10 16:52:34.949 15973 16054 I BatteryMgr:DataCollectionService: stats => 1689022354949,-105132,4132
07-10 16:52:34.952 15973 16054 I BatteryMgr:DataCollectionService: stats => 1689022354952,-105132,4132
07-10 16:52:34.955 15973 16054 I BatteryMgr:DataCollectionService: stats => 1689022354955,-105132,4132
07-10 16:52:34.958 15973 16054 I BatteryMgr:DataCollectionService: stats => 1689022354958,-105132,4132
07-10 16:52:34.961 15973 16054 I BatteryMgr:DataCollectionService: stats => 1689022354961,-105132,4132
07-10 16:52:34.964 15973 16054 I BatteryMgr:DataCollectionService: stats => 1689022354964,-105132,4132
07-10 16:52:34.966 15973 16054 I BatteryMgr:DataCollectionService: stats => 1689022354966,-105132,4132
07-10 16:52:34.969 15973 16054 I BatteryMgr:DataCollectionService: stats => 1689022354969,-105132,4132
07-10 16:52:34.973 15973 16054 I BatteryMgr:DataCollectionService: stats => 1689022354973,-105132,4132
07-10 16:52:34.976 15973 16054 I BatteryMgr:DataCollectionService: stats => 1689022354976,-105132,4132
07-10 16:52:34.979 15973 16054 I BatteryMgr:DataCollectionService: stats => 1689022354979,-105132,4132
07-10 16:52:34.982 15973 16054 I BatteryMgr:DataCollectionService: stats => 1689022354982,-105132,4132
07-10 16:52:34.985 15973 16054 I BatteryMgr:DataCollectionService: stats => 1689022354985,-105132,4132
07-10 16:52:34.988 15973 16054 I BatteryMgr:DataCollectionService: stats => 1689022354988,-105132,4132
07-10 16:52:34.991 15973 16054 I BatteryMgr:DataCollectionService: stats => 1689022354991,-105132,4132
07-10 16:52:34.995 15973 16054 I BatteryMgr:DataCollectionService: stats => 1689022354994,-105132,4132
07-10 16:52:34.998 15973 16054 I BatteryMgr:DataCollectionService: stats => 1689022354998,-105132,4132
07-10 16:52:35.001 15973 16054 I BatteryMgr:DataCollectionService: stats => 1689022355001,-105132,4132
07-10 16:52:35.004 15973 16054 I BatteryMgr:DataCollectionService: stats => 1689022355004,-105132,4132
07-10 16:52:35.006 15973 16054 I BatteryMgr:DataCollectionService: stats => 1689022355006,-105132,4132
07-10 16:52:35.009 15973 16054 I BatteryMgr:DataCollectionService: stats => 1689022355009,-105132,4132
07-10 16:52:35.012 15973 16054 I BatteryMgr:DataCollectionService: stats => 1689022355012,-105132,4132
07-10 16:52:35.015 15973 16054 I BatteryMgr:DataCollectionService: stats => 1689022355015,-105132,4132
07-10 16:52:35.018 15973 16054 I BatteryMgr:DataCollectionService: stats => 1689022355018,-105132,4132
07-10 16:52:35.021 15973 16054 I BatteryMgr:DataCollectionService: stats => 1689022355021,-105132,4132
07-10 16:52:35.023 15973 16054 I BatteryMgr:DataCollectionService: stats => 1689022355023,-105132,4132
07-10 16:52:35.026 15973 16054 I BatteryMgr:DataCollectionService: stats => 1689022355026,-105132,4132
07-10 16:52:35.029 15973 16054 I BatteryMgr:DataCollectionService: stats => 1689022355029,-105132,4132
07-10 16:52:35.032 15973 16054 I BatteryMgr:DataCollectionService: stats => 1689022355032,-105132,4132
07-10 16:52:35.035 15973 16054 I BatteryMgr:DataCollectionService: stats => 1689022355035,-105132,4132
07-10 16:52:35.039 15973 16054 I BatteryMgr:DataCollectionService: stats => 1689022355039,-105132,4132
07-10 16:52:35.042 15973 16054 I BatteryMgr:DataCollectionService: stats => 1689022355042,-105132,4132
07-10 16:52:35.046 15973 16054 I BatteryMgr:DataCollectionService: stats => 1689022355045,-105132,4132
07-10 16:52:35.049 15973 16054 I BatteryMgr:DataCollectionService: stats => 1689022355049,-105132,4132
07-10 16:52:35.052 15973 16054 I BatteryMgr:DataCollectionService: stats => 1689022355052,-105132,4132
07-10 16:52:35.056 15973 16054 I BatteryMgr:DataCollectionService: stats => 1689022355056,-105132,4132
07-10 16:52:35.059 15973 16054 I BatteryMgr:DataCollectionService: stats => 1689022355059,-105132,4132
07-10 16:52:35.062 15973 16054 I BatteryMgr:DataCollectionService: stats => 1689022355062,-105132,4132
07-10 16:52:35.066 15973 16054 I BatteryMgr:DataCollectionService: stats => 1689022355066,-105132,4132
07-10 16:52:35.069 15973 16054 I BatteryMgr:DataCollectionService: stats => 1689022355069,-105132,4132
07-10 16:52:35.072 15973 16054 I BatteryMgr:DataCollectionService: stats => 1689022355072,-105132,4132
07-10 16:52:35.076 15973 16054 I BatteryMgr:DataCollectionService: stats => 1689022355075,-105132,4132
07-10 16:52:35.079 15973 16054 I BatteryMgr:DataCollectionService: stats => 1689022355079,-105132,4132
07-10 16:52:35.083 15973 16054 I BatteryMgr:DataCollectionService: stats => 1689022355082,-105132,4132
07-10 16:52:35.086 15973 16054 I BatteryMgr:DataCollectionService: stats => 1689022355085,-105132,4132
07-10 16:52:35.089 15973 16054 I BatteryMgr:DataCollectionService: stats => 1689022355089,-105132,4132
07-10 16:52:35.093 15973 16054 I BatteryMgr:DataCollectionService: stats => 1689022355092,-105132,4132
07-10 16:52:35.097 15973 16054 I BatteryMgr:DataCollectionService: stats => 1689022355096,-105132,4132
07-10 16:52:35.100 15973 16054 I BatteryMgr:DataCollectionService: stats => 1689022355100,-105132,4132
07-10 16:52:35.104 15973 16054 I BatteryMgr:DataCollectionService: stats => 1689022355104,-105132,4132
07-10 16:52:35.108 15973 16054 I BatteryMgr:DataCollectionService: stats => 1689022355107,-105132,4132
07-10 16:52:35.111 15973 16054 I BatteryMgr:DataCollectionService: stats => 1689022355111,-105132,4132
07-10 16:52:35.115 15973 16054 I BatteryMgr:DataCollectionService: stats => 1689022355115,-105132,4132
07-10 16:52:35.120 15973 16054 I BatteryMgr:DataCollectionService: stats => 1689022355119,-105132,4132
07-10 16:52:35.123 15973 16054 I BatteryMgr:DataCollectionService: stats => 1689022355123,-105132,4132
07-10 16:52:35.128 15973 16054 I BatteryMgr:DataCollectionService: stats => 1689022355127,-105132,4132
07-10 16:52:35.132 15973 16054 I BatteryMgr:DataCollectionService: stats => 1689022355132,-105132,4132
07-10 16:52:35.137 15973 16054 I BatteryMgr:DataCollectionService: stats => 1689022355136,-105132,4132
07-10 16:52:35.141 15973 16054 I BatteryMgr:DataCollectionService: stats => 1689022355140,-105132,4132
07-10 16:52:35.144 15973 16054 I BatteryMgr:DataCollectionService: stats => 1689022355144,-105132,4132
07-10 16:52:35.148 15973 16054 I BatteryMgr:DataCollectionService: stats => 1689022355148,-105132,4132
07-10 16:52:35.152 15973 16054 I BatteryMgr:DataCollectionService: stats => 1689022355152,-105132,4132
07-10 16:52:35.157 15973 16054 I BatteryMgr:DataCollectionService: stats => 1689022355157,-105132,4132
07-10 16:52:35.161 15973 16054 I BatteryMgr:DataCollectionService: stats => 1689022355160,-105132,4132
07-10 16:52:35.164 15973 16054 I BatteryMgr:DataCollectionService: stats => 1689022355164,-105132,4132
07-10 16:52:35.168 15973 16054 I BatteryMgr:DataCollectionService: stats => 1689022355168,-105132,4132
07-10 16:52:35.173 15973 16054 I BatteryMgr:DataCollectionService: stats => 1689022355172,-105132,4132
07-10 16:52:35.177 15973 16054 I BatteryMgr:DataCollectionService: stats => 1689022355177,-105132,4132
07-10 16:52:35.181 15973 16054 I BatteryMgr:DataCollectionService: stats => 1689022355181,-105132,4132
07-10 16:52:35.185 15973 16054 I BatteryMgr:DataCollectionService: stats => 1689022355185,-105132,4132
07-10 16:52:35.190 15973 16054 I BatteryMgr:DataCollectionService: stats => 1689022355190,-105132,4132
07-10 16:52:35.194 15973 16054 I BatteryMgr:DataCollectionService: stats => 1689022355194,-105132,4132
07-10 16:52:35.199 15973 16054 I BatteryMgr:DataCollectionService: stats => 1689022355198,-105132,4132
07-10 16:52:35.203 15973 16054 I BatteryMgr:DataCollectionService: stats => 1689022355202,-105132,4132
07-10 16:52:35.207 15973 16054 I BatteryMgr:DataCollectionService: stats => 1689022355206,-105132,4132
07-10 16:52:35.211 15973 16054 I BatteryMgr:DataCollectionService: stats => 1689022355210,-105132,4132
07-10 16:52:35.215 15973 16054 I BatteryMgr:DataCollectionService: stats => 1689022355215,-105132,4132
07-10 16:52:35.219 15973 16054 I BatteryMgr:DataCollectionService: stats => 1689022355219,-105132,4132
07-10 16:52:35.223 15973 16054 I BatteryMgr:DataCollectionService: stats => 1689022355223,-105132,4132
07-10 16:52:35.227 15973 16054 I BatteryMgr:DataCollectionService: stats => 1689022355227,-105132,4132
