07-04 16:43:16.472  3414  3414 D QtiCarrierConfigHelper: WARNING, no carrier configs on phone Id: 0
07-04 16:43:16.479 13469 13567 I BatteryMgr:DataCollectionService: stats => 1688481796479,213378,4396
07-04 16:43:16.486  1726  3337 D BatteryService:  light=false
07-04 16:43:16.487  2942  2942 D KeyguardUpdateMonitor: received broadcast android.intent.action.BATTERY_CHANGED
07-04 16:43:16.487  1726  1726 D NotificationService: isCharge=true
07-04 16:43:16.487  1726  3337 D BatteryService:  isLight=false oldAmbient=0
07-04 16:43:16.488  3414  3414 D QtiCarrierConfigHelper: WARNING, no carrier configs on phone Id: 0
07-04 16:43:16.494   979  2407 E android.hardware.usb@1.0-service: uevent received SUBSYSTEM=dual_role_usb
07-04 16:43:16.494   979  2407 I android.hardware.usb@1.0-service: otg_default
07-04 16:43:16.495   979  2407 I android.hardware.usb@1.0-service: canChangeMode: 1 canChagedata: 1 canChangePower:1
07-04 16:43:16.496  2942  2942 D KeyguardUpdateMonitor: handleBatteryUpdate
07-04 16:43:16.497  1726  3337 D BatteryService:  light=false
07-04 16:43:16.498  1726  3337 D BatteryService:  isLight=false oldAmbient=0
07-04 16:43:16.499  1726  1726 D NotificationService: isCharge=true
07-04 16:43:16.500  3414  3414 D QtiCarrierConfigHelper: WARNING, no carrier configs on phone Id: 0
07-04 16:43:16.500  2942  2942 D KeyguardUpdateMonitor: received broadcast android.intent.action.BATTERY_CHANGED
07-04 16:43:16.508  1726  3337 D BatteryService:  light=false
07-04 16:43:16.508  1726  3337 D BatteryService:  isLight=false oldAmbient=0
07-04 16:43:16.509  3414  3414 D QtiCarrierConfigHelper: WARNING, no carrier configs on phone Id: 0
07-04 16:43:16.509  1726  1726 D NotificationService: isCharge=true
07-04 16:43:16.515  2942  2942 D KeyguardUpdateMonitor: received broadcast android.intent.action.BATTERY_CHANGED
07-04 16:43:16.519  2942  2942 D KeyguardUpdateMonitor: handleBatteryUpdate
07-04 16:43:16.521  2942  2942 D KeyguardUpdateMonitor: received broadcast android.intent.action.BATTERY_CHANGED
07-04 16:43:16.522  1726  3337 D BatteryService:  light=false
07-04 16:43:16.522  1726  3337 D BatteryService:  isLight=false oldAmbient=0
07-04 16:43:16.523  2942  2942 D KeyguardUpdateMonitor: handleBatteryUpdate
07-04 16:43:16.524  1726  1726 D NotificationService: isCharge=true
07-04 16:43:16.525  3414  3414 D QtiCarrierConfigHelper: WARNING, no carrier configs on phone Id: 0
07-04 16:43:16.531  2942  2942 D KeyguardUpdateMonitor: handleBatteryUpdate
07-04 16:43:16.532  2942  2942 D KeyguardUpdateMonitor: received broadcast android.intent.action.BATTERY_CHANGED
07-04 16:43:16.535  2942  2942 D KeyguardUpdateMonitor: handleBatteryUpdate
07-04 16:43:16.587 13469 13567 I BatteryMgr:DataCollectionService: stats => 1688481796587,213378,4396
07-04 16:43:16.695 13469 13567 I BatteryMgr:DataCollectionService: stats => 1688481796695,213378,4396
07-04 16:43:16.805 13469 13567 I BatteryMgr:DataCollectionService: stats => 1688481796805,213378,4396
07-04 16:43:16.918 13469 13567 I BatteryMgr:DataCollectionService: stats => 1688481796918,213378,4396
07-04 16:43:17.032 13469 13567 I BatteryMgr:DataCollectionService: stats => 1688481797032,213378,4396
07-04 16:43:17.144 13469 13567 I BatteryMgr:DataCollectionService: stats => 1688481797144,213378,4396
07-04 16:43:17.185   979  2407 E android.hardware.usb@1.0-service: uevent received SUBSYSTEM=dual_role_usb
07-04 16:43:17.185   979  2407 I android.hardware.usb@1.0-service: otg_default
07-04 16:43:17.188   979  2407 I android.hardware.usb@1.0-service: canChangeMode: 1 canChagedata: 1 canChangePower:1
07-04 16:43:17.194  1726  3337 D BatteryService:  light=false
07-04 16:43:17.195  1726  3337 D BatteryService:  isLight=false oldAmbient=0
07-04 16:43:17.195  1726  1726 D NotificationService: isCharge=true
07-04 16:43:17.198  3414  3414 D QtiCarrierConfigHelper: WARNING, no carrier configs on phone Id: 0
07-04 16:43:17.199  2942  2942 D KeyguardUpdateMonitor: received broadcast android.intent.action.BATTERY_CHANGED
07-04 16:43:17.202  2942  2942 D KeyguardUpdateMonitor: handleBatteryUpdate
07-04 16:43:17.241   979  2407 E android.hardware.usb@1.0-service: uevent received SUBSYSTEM=dual_role_usb
07-04 16:43:17.241   979  2407 I android.hardware.usb@1.0-service: otg_default
07-04 16:43:17.242   979  2407 I android.hardware.usb@1.0-service: canChangeMode: 1 canChagedata: 1 canChangePower:1
07-04 16:43:17.250 13469 13567 I BatteryMgr:DataCollectionService: stats => 1688481797250,213378,4396
07-04 16:43:17.357 13469 13567 I BatteryMgr:DataCollectionService: stats => 1688481797357,213378,4396
07-04 16:43:17.471 13469 13567 I BatteryMgr:DataCollectionService: stats => 1688481797471,213378,4396
07-04 16:43:17.582 13469 13567 I BatteryMgr:DataCollectionService: stats => 1688481797582,213378,4396
07-04 16:43:17.697 13469 13567 I BatteryMgr:DataCollectionService: stats => 1688481797696,213378,4396
07-04 16:43:17.813 13469 13567 I BatteryMgr:DataCollectionService: stats => 1688481797813,218749,4396
07-04 16:43:17.923 13469 13567 I BatteryMgr:DataCollectionService: stats => 1688481797923,218749,4396
07-04 16:43:17.944   979  2407 E android.hardware.usb@1.0-service: uevent received SUBSYSTEM=dual_role_usb
07-04 16:43:17.945   979  2407 I android.hardware.usb@1.0-service: otg_default
07-04 16:43:17.946   979  2407 I android.hardware.usb@1.0-service: canChangeMode: 1 canChagedata: 1 canChangePower:1
07-04 16:43:17.962  1726  3337 D BatteryService:  light=false
07-04 16:43:17.962  3414  3414 D QtiCarrierConfigHelper: WARNING, no carrier configs on phone Id: 0
07-04 16:43:17.963  1726  3337 D BatteryService:  isLight=false oldAmbient=0
07-04 16:43:17.963  2942  2942 D KeyguardUpdateMonitor: received broadcast android.intent.action.BATTERY_CHANGED
07-04 16:43:17.967  2942  2942 D KeyguardUpdateMonitor: handleBatteryUpdate
07-04 16:43:17.967  1726  1726 D NotificationService: isCharge=true
07-04 16:43:18.024  1726  3337 D BatteryService:  light=false
07-04 16:43:18.024  1726  3337 D BatteryService:  isLight=false oldAmbient=0
07-04 16:43:18.028  3414  3414 D QtiCarrierConfigHelper: WARNING, no carrier configs on phone Id: 0
07-04 16:43:18.029  1726  1726 D NotificationService: isCharge=true
07-04 16:43:18.033  2942  2942 D KeyguardUpdateMonitor: received broadcast android.intent.action.BATTERY_CHANGED
07-04 16:43:18.034 13469 13567 I BatteryMgr:DataCollectionService: stats => 1688481798034,218749,4396
07-04 16:43:18.040  2942  2942 D KeyguardUpdateMonitor: handleBatteryUpdate
07-04 16:43:18.160 13469 13567 I BatteryMgr:DataCollectionService: stats => 1688481798160,218749,4396
07-04 16:43:18.275 13469 13567 I BatteryMgr:DataCollectionService: stats => 1688481798274,218749,4396
07-04 16:43:18.382 13469 13567 I BatteryMgr:DataCollectionService: stats => 1688481798382,218749,4396
07-04 16:43:18.489 13469 13567 I BatteryMgr:DataCollectionService: stats => 1688481798489,218749,4396
07-04 16:43:18.601 13469 13567 I BatteryMgr:DataCollectionService: stats => 1688481798600,218749,4396
07-04 16:43:18.697   979  2407 E android.hardware.usb@1.0-service: uevent received SUBSYSTEM=dual_role_usb
07-04 16:43:18.697   979  2407 I android.hardware.usb@1.0-service: otg_default
07-04 16:43:18.698   979  2407 I android.hardware.usb@1.0-service: canChangeMode: 1 canChagedata: 1 canChangePower:1
07-04 16:43:18.716  1726  3337 D BatteryService:  light=false
07-04 16:43:18.717  1726  3337 D BatteryService:  isLight=false oldAmbient=0
07-04 16:43:18.719  3414  3414 D QtiCarrierConfigHelper: WARNING, no carrier configs on phone Id: 0
07-04 16:43:18.720  2942  2942 D KeyguardUpdateMonitor: received broadcast android.intent.action.BATTERY_CHANGED
07-04 16:43:18.721  1726  1726 D NotificationService: isCharge=true
07-04 16:43:18.727 13469 13567 I BatteryMgr:DataCollectionService: stats => 1688481798727,218749,4396
07-04 16:43:18.727  2942  2942 D KeyguardUpdateMonitor: handleBatteryUpdate
07-04 16:43:18.739  1726  3337 D BatteryService:  light=false
07-04 16:43:18.740  1726  3337 D BatteryService:  isLight=false oldAmbient=0
07-04 16:43:18.741  3414  3414 D QtiCarrierConfigHelper: WARNING, no carrier configs on phone Id: 0
07-04 16:43:18.741  1726  1726 D NotificationService: isCharge=true
07-04 16:43:18.749  2942  2942 D KeyguardUpdateMonitor: received broadcast android.intent.action.BATTERY_CHANGED
07-04 16:43:18.756  2942  2942 D KeyguardUpdateMonitor: handleBatteryUpdate
07-04 16:43:18.756  1726  3337 D BatteryService:  light=false
07-04 16:43:18.757  1726  3337 D BatteryService:  isLight=false oldAmbient=0
07-04 16:43:18.760  3414  3414 D QtiCarrierConfigHelper: WARNING, no carrier configs on phone Id: 0
07-04 16:43:18.763  1726  1726 D NotificationService: isCharge=true
07-04 16:43:18.765  1726  3337 D BatteryService:  light=false
07-04 16:43:18.765  1726  3337 D BatteryService:  isLight=false oldAmbient=0
07-04 16:43:18.767  3414  3414 D QtiCarrierConfigHelper: WARNING, no carrier configs on phone Id: 0
07-04 16:43:18.767  1726  1726 D NotificationService: isCharge=true
07-04 16:43:18.774  2942  2942 D KeyguardUpdateMonitor: received broadcast android.intent.action.BATTERY_CHANGED
07-04 16:43:18.778  2942  2942 D KeyguardUpdateMonitor: received broadcast android.intent.action.BATTERY_CHANGED
07-04 16:43:18.782  2942  2942 D KeyguardUpdateMonitor: handleBatteryUpdate
07-04 16:43:18.794  2942  2942 D KeyguardUpdateMonitor: handleBatteryUpdate
07-04 16:43:18.834 13469 13567 I BatteryMgr:DataCollectionService: stats => 1688481798834,218749,4396
07-04 16:43:18.941 13469 13567 I BatteryMgr:DataCollectionService: stats => 1688481798941,218749,4396
07-04 16:43:19.049 13469 13567 I BatteryMgr:DataCollectionService: stats => 1688481799048,218749,4396
07-04 16:43:19.159 13469 13567 I BatteryMgr:DataCollectionService: stats => 1688481799159,218749,4396
07-04 16:43:19.269 13469 13567 I BatteryMgr:DataCollectionService: stats => 1688481799269,208984,4396
07-04 16:43:19.383 13469 13567 I BatteryMgr:DataCollectionService: stats => 1688481799382,208984,4396
07-04 16:43:19.490 13469 13567 I BatteryMgr:DataCollectionService: stats => 1688481799490,208984,4396
07-04 16:43:19.549   979  2407 E android.hardware.usb@1.0-service: uevent received SUBSYSTEM=dual_role_usb
07-04 16:43:19.549   979  2407 I android.hardware.usb@1.0-service: otg_default
07-04 16:43:19.550   979  2407 I android.hardware.usb@1.0-service: canChangeMode: 1 canChagedata: 1 canChangePower:1
07-04 16:43:19.556  1726  3337 D BatteryService:  light=false
07-04 16:43:19.557  1726  3337 D BatteryService:  isLight=false oldAmbient=0
07-04 16:43:19.560  3414  3414 D QtiCarrierConfigHelper: WARNING, no carrier configs on phone Id: 0
07-04 16:43:19.560  1726  1726 D NotificationService: isCharge=true
07-04 16:43:19.561  2942  2942 D KeyguardUpdateMonitor: received broadcast android.intent.action.BATTERY_CHANGED
07-04 16:43:19.565  2942  2942 D KeyguardUpdateMonitor: handleBatteryUpdate
07-04 16:43:19.571  1726  3337 D BatteryService:  light=false
07-04 16:43:19.572  1726  3337 D BatteryService:  isLight=false oldAmbient=0
07-04 16:43:19.573  1726  1726 D NotificationService: isCharge=true
07-04 16:43:19.575  3414  3414 D QtiCarrierConfigHelper: WARNING, no carrier configs on phone Id: 0
07-04 16:43:19.584  1726  3337 D BatteryService:  light=false
07-04 16:43:19.584  1726  3337 D BatteryService:  isLight=false oldAmbient=0
07-04 16:43:19.584  1726  1726 D NotificationService: isCharge=true
07-04 16:43:19.586  3414  3414 D QtiCarrierConfigHelper: WARNING, no carrier configs on phone Id: 0
07-04 16:43:19.591  1726  3337 D BatteryService:  light=false
07-04 16:43:19.592  1726  3337 D BatteryService:  isLight=false oldAmbient=0
07-04 16:43:19.592  1726  1726 D NotificationService: isCharge=true
07-04 16:43:19.593  3414  3414 D QtiCarrierConfigHelper: WARNING, no carrier configs on phone Id: 0
07-04 16:43:19.597  2942  2942 D KeyguardUpdateMonitor: received broadcast android.intent.action.BATTERY_CHANGED
07-04 16:43:19.598 13469 13567 I BatteryMgr:DataCollectionService: stats => 1688481799598,208984,4396
07-04 16:43:19.604   979  2407 E android.hardware.usb@1.0-service: uevent received SUBSYSTEM=dual_role_usb
07-04 16:43:19.604   979  2407 I android.hardware.usb@1.0-service: otg_default
07-04 16:43:19.605   979  2407 I android.hardware.usb@1.0-service: canChangeMode: 1 canChagedata: 1 canChangePower:1
07-04 16:43:19.607  1726  3337 D BatteryService:  light=false
07-04 16:43:19.608  3414  3414 D QtiCarrierConfigHelper: WARNING, no carrier configs on phone Id: 0
07-04 16:43:19.609  1726  1726 D NotificationService: isCharge=true
07-04 16:43:19.611  1726  3337 D BatteryService:  isLight=false oldAmbient=0
07-04 16:43:19.612  2942  2942 D KeyguardUpdateMonitor: received broadcast android.intent.action.BATTERY_CHANGED
07-04 16:43:19.614  1726  3337 D BatteryService:  light=false
07-04 16:43:19.614  1726  3337 D BatteryService:  isLight=false oldAmbient=0
07-04 16:43:19.615  1726  1726 D NotificationService: isCharge=true
07-04 16:43:19.616  3414  3414 D QtiCarrierConfigHelper: WARNING, no carrier configs on phone Id: 0
07-04 16:43:19.617  2942  2942 D KeyguardUpdateMonitor: received broadcast android.intent.action.BATTERY_CHANGED
07-04 16:43:19.620  2942  2942 D KeyguardUpdateMonitor: handleBatteryUpdate
07-04 16:43:19.624  1726  3337 D BatteryService:  light=false
07-04 16:43:19.624  1726  3337 D BatteryService:  isLight=false oldAmbient=0
07-04 16:43:19.624  1726  1726 D NotificationService: isCharge=true
07-04 16:43:19.625  3414  3414 D QtiCarrierConfigHelper: WARNING, no carrier configs on phone Id: 0
07-04 16:43:19.634  2942  2942 D KeyguardUpdateMonitor: received broadcast android.intent.action.BATTERY_CHANGED
07-04 16:43:19.636  2942  2942 D KeyguardUpdateMonitor: handleBatteryUpdate
07-04 16:43:19.636  2942  2942 D KeyguardUpdateMonitor: handleBatteryUpdate
07-04 16:43:19.637  2942  2942 D KeyguardUpdateMonitor: received broadcast android.intent.action.BATTERY_CHANGED
07-04 16:43:19.640  2942  2942 D KeyguardUpdateMonitor: received broadcast android.intent.action.BATTERY_CHANGED
07-04 16:43:19.643  2942  2942 D KeyguardUpdateMonitor: handleBatteryUpdate
07-04 16:43:19.649  2942  2942 I chatty  : uid=10166(com.android.systemui) identical 1 line
07-04 16:43:19.650  2942  2942 D KeyguardUpdateMonitor: handleBatteryUpdate
07-04 16:43:19.705 13469 13567 I BatteryMgr:DataCollectionService: stats => 1688481799705,208984,4396
07-04 16:43:19.817 13469 13567 I BatteryMgr:DataCollectionService: stats => 1688481799816,208984,4396
07-04 16:43:19.934 13469 13567 I BatteryMgr:DataCollectionService: stats => 1688481799932,208984,4396
07-04 16:43:20.047 13469 13567 I BatteryMgr:DataCollectionService: stats => 1688481800046,208984,4396
07-04 16:43:20.156   979  2407 E android.hardware.usb@1.0-service: uevent received SUBSYSTEM=dual_role_usb
07-04 16:43:20.156   979  2407 I android.hardware.usb@1.0-service: otg_default
07-04 16:43:20.157   979  2407 I android.hardware.usb@1.0-service: canChangeMode: 1 canChagedata: 1 canChangePower:1
07-04 16:43:20.169  1726  3337 D BatteryService:  light=false
07-04 16:43:20.171  1726  1726 D NotificationService: isCharge=true
07-04 16:43:20.173  1726  3337 D BatteryService:  isLight=false oldAmbient=0
07-04 16:43:20.175  3414  3414 D QtiCarrierConfigHelper: WARNING, no carrier configs on phone Id: 0
07-04 16:43:20.176  2942  2942 D KeyguardUpdateMonitor: received broadcast android.intent.action.BATTERY_CHANGED
07-04 16:43:20.181 13469 13567 I BatteryMgr:DataCollectionService: stats => 1688481800181,208984,4396
07-04 16:43:20.186  2942  2942 D KeyguardUpdateMonitor: handleBatteryUpdate
07-04 16:43:20.287 13469 13567 I BatteryMgr:DataCollectionService: stats => 1688481800287,208984,4396
07-04 16:43:20.397 13469 13567 I BatteryMgr:DataCollectionService: stats => 1688481800397,208984,4396
07-04 16:43:20.509 13469 13567 I BatteryMgr:DataCollectionService: stats => 1688481800509,208984,4396
07-04 16:43:20.616 13469 13567 I BatteryMgr:DataCollectionService: stats => 1688481800616,208984,4396
07-04 16:43:20.724 13469 13567 I BatteryMgr:DataCollectionService: stats => 1688481800723,208984,4396
07-04 16:43:20.743  3414  3414 D QtiCarrierConfigHelper: WARNING, no carrier configs on phone Id: 0
07-04 16:43:20.743  2942  2942 D KeyguardUpdateMonitor: received broadcast android.intent.action.BATTERY_CHANGED
07-04 16:43:20.744  1726  1726 D NotificationService: isCharge=true
07-04 16:43:20.745  1726  3337 D BatteryService:  light=false
07-04 16:43:20.745  1726  3337 D BatteryService:  isLight=false oldAmbient=0
07-04 16:43:20.747  2942  2942 D KeyguardUpdateMonitor: handleBatteryUpdate
07-04 16:43:20.760   979  2407 E android.hardware.usb@1.0-service: uevent received SUBSYSTEM=dual_role_usb
07-04 16:43:20.761   979  2407 I android.hardware.usb@1.0-service: otg_default
07-04 16:43:20.761   979  2407 I android.hardware.usb@1.0-service: canChangeMode: 1 canChagedata: 1 canChangePower:1
07-04 16:43:20.776  1726  3337 D BatteryService:  light=false
07-04 16:43:20.777  1726  3337 D BatteryService:  isLight=false oldAmbient=0
07-04 16:43:20.778  1726  1726 D NotificationService: isCharge=true
07-04 16:43:20.780  3414  3414 D QtiCarrierConfigHelper: WARNING, no carrier configs on phone Id: 0
07-04 16:43:20.784  2942  2942 D KeyguardUpdateMonitor: received broadcast android.intent.action.BATTERY_CHANGED
07-04 16:43:20.791  1726  3337 D BatteryService:  light=false
07-04 16:43:20.791  1726  3337 D BatteryService:  isLight=false oldAmbient=0
07-04 16:43:20.792  1726  1726 D NotificationService: isCharge=true
07-04 16:43:20.795  3414  3414 D QtiCarrierConfigHelper: WARNING, no carrier configs on phone Id: 0
07-04 16:43:20.796  2942  2942 D KeyguardUpdateMonitor: handleBatteryUpdate
07-04 16:43:20.798  1726  3337 D BatteryService:  light=false
07-04 16:43:20.799  1726  3337 D BatteryService:  isLight=false oldAmbient=0
07-04 16:43:20.799  1726  1726 D NotificationService: isCharge=true
07-04 16:43:20.801  3414  3414 D QtiCarrierConfigHelper: WARNING, no carrier configs on phone Id: 0
07-04 16:43:20.813  2942  2942 D KeyguardUpdateMonitor: received broadcast android.intent.action.BATTERY_CHANGED
07-04 16:43:20.818  2942  2942 D KeyguardUpdateMonitor: received broadcast android.intent.action.BATTERY_CHANGED
07-04 16:43:20.820  2942  2942 D KeyguardUpdateMonitor: handleBatteryUpdate
07-04 16:43:20.831 13469 13567 I BatteryMgr:DataCollectionService: stats => 1688481800830,208495,4395
07-04 16:43:20.834  2942  2942 D KeyguardUpdateMonitor: handleBatteryUpdate
07-04 16:43:20.878   979  2407 E android.hardware.usb@1.0-service: uevent received SUBSYSTEM=dual_role_usb
07-04 16:43:20.878   979  2407 I android.hardware.usb@1.0-service: otg_default
07-04 16:43:20.879   979  2407 I android.hardware.usb@1.0-service: canChangeMode: 1 canChagedata: 1 canChangePower:1
07-04 16:43:20.885  1726  3337 D BatteryService:  light=false
07-04 16:43:20.886  1726  3337 D BatteryService:  isLight=false oldAmbient=0
07-04 16:43:20.888  3414  3414 D QtiCarrierConfigHelper: WARNING, no carrier configs on phone Id: 0
07-04 16:43:20.888  1726  1726 D NotificationService: isCharge=true
07-04 16:43:20.889  2942  2942 D KeyguardUpdateMonitor: received broadcast android.intent.action.BATTERY_CHANGED
07-04 16:43:20.895  2942  2942 D KeyguardUpdateMonitor: handleBatteryUpdate
07-04 16:43:20.938 13469 13567 I BatteryMgr:DataCollectionService: stats => 1688481800938,208495,4395
07-04 16:43:21.052 13469 13567 I BatteryMgr:DataCollectionService: stats => 1688481801052,208495,4395
07-04 16:43:21.164 13469 13567 I BatteryMgr:DataCollectionService: stats => 1688481801164,208495,4395
07-04 16:43:21.274 13469 13567 I BatteryMgr:DataCollectionService: stats => 1688481801274,208495,4395
07-04 16:43:21.385 13469 13567 I BatteryMgr:DataCollectionService: stats => 1688481801385,208495,4395
07-04 16:43:21.498 13469 13567 I BatteryMgr:DataCollectionService: stats => 1688481801498,208495,4395
07-04 16:43:21.551   979  2407 E android.hardware.usb@1.0-service: uevent received SUBSYSTEM=dual_role_usb
07-04 16:43:21.551   979  2407 I android.hardware.usb@1.0-service: otg_default
07-04 16:43:21.553   979  2407 I android.hardware.usb@1.0-service: canChangeMode: 1 canChagedata: 1 canChangePower:1
07-04 16:43:21.565  1726  3337 D BatteryService:  light=false
07-04 16:43:21.566  1726  3337 D BatteryService:  isLight=false oldAmbient=0
07-04 16:43:21.569  1726  1726 D NotificationService: isCharge=true
07-04 16:43:21.569  3414  3414 D QtiCarrierConfigHelper: WARNING, no carrier configs on phone Id: 0
07-04 16:43:21.571  2942  2942 D KeyguardUpdateMonitor: received broadcast android.intent.action.BATTERY_CHANGED
07-04 16:43:21.571  2942  2942 D KeyguardUpdateMonitor: handleBatteryUpdate
07-04 16:43:21.606   979  2407 E android.hardware.usb@1.0-service: uevent received SUBSYSTEM=dual_role_usb
07-04 16:43:21.607   979  2407 I android.hardware.usb@1.0-service: otg_default
07-04 16:43:21.607  1726  3337 D BatteryService:  light=false
07-04 16:43:21.607  1726  3337 D BatteryService:  isLight=false oldAmbient=0
07-04 16:43:21.607   979  2407 I android.hardware.usb@1.0-service: canChangeMode: 1 canChagedata: 1 canChangePower:1
07-04 16:43:21.610  3414  3414 D QtiCarrierConfigHelper: WARNING, no carrier configs on phone Id: 0
07-04 16:43:21.611 13469 13567 I BatteryMgr:DataCollectionService: stats => 1688481801611,208495,4395
07-04 16:43:21.611  2942  2942 D KeyguardUpdateMonitor: received broadcast android.intent.action.BATTERY_CHANGED
07-04 16:43:21.613  1726  1726 D NotificationService: isCharge=true
07-04 16:43:21.617  2942  2942 D KeyguardUpdateMonitor: handleBatteryUpdate
07-04 16:43:21.622  1726  3337 D BatteryService:  light=false
07-04 16:43:21.622  1726  1726 D NotificationService: isCharge=true
07-04 16:43:21.623  1726  3337 D BatteryService:  isLight=false oldAmbient=0
07-04 16:43:21.623  3414  3414 D QtiCarrierConfigHelper: WARNING, no carrier configs on phone Id: 0
07-04 16:43:21.634  2942  2942 D KeyguardUpdateMonitor: received broadcast android.intent.action.BATTERY_CHANGED
07-04 16:43:21.641  1726  3337 D BatteryService:  light=false
07-04 16:43:21.642  1726  3337 D BatteryService:  isLight=false oldAmbient=0
07-04 16:43:21.642  2942  2942 D KeyguardUpdateMonitor: handleBatteryUpdate
07-04 16:43:21.643  1726  1726 D NotificationService: isCharge=true
07-04 16:43:21.645  3414  3414 D QtiCarrierConfigHelper: WARNING, no carrier configs on phone Id: 0
07-04 16:43:21.648  1726  3337 D BatteryService:  light=false
07-04 16:43:21.649  1726  3337 D BatteryService:  isLight=false oldAmbient=0
07-04 16:43:21.650  1726  1726 D NotificationService: isCharge=true
07-04 16:43:21.650  3414  3414 D QtiCarrierConfigHelper: WARNING, no carrier configs on phone Id: 0
07-04 16:43:21.654  2942  2942 D KeyguardUpdateMonitor: received broadcast android.intent.action.BATTERY_CHANGED
07-04 16:43:21.656  2942  2942 D KeyguardUpdateMonitor: received broadcast android.intent.action.BATTERY_CHANGED
07-04 16:43:21.660  2942  2942 D KeyguardUpdateMonitor: handleBatteryUpdate
07-04 16:43:21.678  2942  2942 D KeyguardUpdateMonitor: handleBatteryUpdate
07-04 16:43:21.718 13469 13567 I BatteryMgr:DataCollectionService: stats => 1688481801718,208495,4395
07-04 16:43:21.825 13469 13567 I BatteryMgr:DataCollectionService: stats => 1688481801825,208495,4395
07-04 16:43:21.933 13469 13567 I BatteryMgr:DataCollectionService: stats => 1688481801932,208495,4395
07-04 16:43:22.064 13469 13567 I BatteryMgr:DataCollectionService: stats => 1688481802063,208495,4395
07-04 16:43:22.175 13469 13567 I BatteryMgr:DataCollectionService: stats => 1688481802175,208495,4395
07-04 16:43:22.250   979  2407 E android.hardware.usb@1.0-service: uevent received SUBSYSTEM=dual_role_usb
07-04 16:43:22.251   979  2407 I android.hardware.usb@1.0-service: otg_default
07-04 16:43:22.252   979  2407 I android.hardware.usb@1.0-service: canChangeMode: 1 canChagedata: 1 canChangePower:1
07-04 16:43:22.260  1726  3337 D BatteryService:  light=false
07-04 16:43:22.261  1726  3337 D BatteryService:  isLight=false oldAmbient=0
07-04 16:43:22.263  1726  1726 D NotificationService: isCharge=true
07-04 16:43:22.267  3414  3414 D QtiCarrierConfigHelper: WARNING, no carrier configs on phone Id: 0
07-04 16:43:22.271  2942  2942 D KeyguardUpdateMonitor: received broadcast android.intent.action.BATTERY_CHANGED
07-04 16:43:22.286  2942  2942 D KeyguardUpdateMonitor: handleBatteryUpdate
07-04 16:43:22.289 13469 13567 I BatteryMgr:DataCollectionService: stats => 1688481802289,216796,4396
07-04 16:43:22.297  1726  3337 D BatteryService:  light=false
07-04 16:43:22.298  1726  3337 D BatteryService:  isLight=false oldAmbient=0
07-04 16:43:22.300  3414  3414 D QtiCarrierConfigHelper: WARNING, no carrier configs on phone Id: 0
07-04 16:43:22.301  1726  1726 D NotificationService: isCharge=true
07-04 16:43:22.306   979  2407 E android.hardware.usb@1.0-service: uevent received SUBSYSTEM=dual_role_usb
07-04 16:43:22.307   979  2407 I android.hardware.usb@1.0-service: otg_default
07-04 16:43:22.307   979  2407 I android.hardware.usb@1.0-service: canChangeMode: 1 canChagedata: 1 canChangePower:1
07-04 16:43:22.309  2942  2942 D KeyguardUpdateMonitor: received broadcast android.intent.action.BATTERY_CHANGED
07-04 16:43:22.317  1726  3337 D BatteryService:  light=false
07-04 16:43:22.318  1726  3337 D BatteryService:  isLight=false oldAmbient=0
07-04 16:43:22.319  1726  1726 D NotificationService: isCharge=true
07-04 16:43:22.320  3414  3414 D QtiCarrierConfigHelper: WARNING, no carrier configs on phone Id: 0
07-04 16:43:22.329  1726  3337 D BatteryService:  light=false
07-04 16:43:22.329  1726  3337 D BatteryService:  isLight=false oldAmbient=0
07-04 16:43:22.330  1726  1726 D NotificationService: isCharge=true
07-04 16:43:22.330  3414  3414 D QtiCarrierConfigHelper: WARNING, no carrier configs on phone Id: 0
07-04 16:43:22.333  2942  2942 D KeyguardUpdateMonitor: handleBatteryUpdate
07-04 16:43:22.334  2942  2942 D KeyguardUpdateMonitor: received broadcast android.intent.action.BATTERY_CHANGED
07-04 16:43:22.339  2942  2942 D KeyguardUpdateMonitor: received broadcast android.intent.action.BATTERY_CHANGED
07-04 16:43:22.341  2942  2942 D KeyguardUpdateMonitor: handleBatteryUpdate
07-04 16:43:22.343  1726  3337 D BatteryService:  light=false
07-04 16:43:22.343  1726  3337 D BatteryService:  isLight=false oldAmbient=0
07-04 16:43:22.344  1726  1726 D NotificationService: isCharge=true
07-04 16:43:22.344  3414  3414 D QtiCarrierConfigHelper: WARNING, no carrier configs on phone Id: 0
07-04 16:43:22.347  2942  2942 D KeyguardUpdateMonitor: handleBatteryUpdate
07-04 16:43:22.349  2942  2942 D KeyguardUpdateMonitor: received broadcast android.intent.action.BATTERY_CHANGED
07-04 16:43:22.363  2942  2942 D KeyguardUpdateMonitor: handleBatteryUpdate
07-04 16:43:22.394 13469 13567 I BatteryMgr:DataCollectionService: stats => 1688481802394,216796,4396
07-04 16:43:22.508 13469 13567 I BatteryMgr:DataCollectionService: stats => 1688481802508,216796,4396
07-04 16:43:22.617 13469 13567 I BatteryMgr:DataCollectionService: stats => 1688481802616,216796,4396
07-04 16:43:22.726 13469 13567 I BatteryMgr:DataCollectionService: stats => 1688481802726,216796,4396
07-04 16:43:22.804   979  2407 E android.hardware.usb@1.0-service: uevent received SUBSYSTEM=dual_role_usb
07-04 16:43:22.804   979  2407 I android.hardware.usb@1.0-service: otg_default
07-04 16:43:22.806   979  2407 I android.hardware.usb@1.0-service: canChangeMode: 1 canChagedata: 1 canChangePower:1
07-04 16:43:22.814  1726  3337 D BatteryService:  light=false
07-04 16:43:22.815  1726  3337 D BatteryService:  isLight=false oldAmbient=0
07-04 16:43:22.818  1726  1726 D NotificationService: isCharge=true
07-04 16:43:22.821  3414  3414 D QtiCarrierConfigHelper: WARNING, no carrier configs on phone Id: 0
07-04 16:43:22.822  2942  2942 D KeyguardUpdateMonitor: received broadcast android.intent.action.BATTERY_CHANGED
07-04 16:43:22.826  2942  2942 D KeyguardUpdateMonitor: handleBatteryUpdate
07-04 16:43:22.831 13469 13567 I BatteryMgr:DataCollectionService: stats => 1688481802831,216796,4396
07-04 16:43:22.939 13469 13567 I BatteryMgr:DataCollectionService: stats => 1688481802939,216796,4396
07-04 16:43:23.046 13469 13567 I BatteryMgr:DataCollectionService: stats => 1688481803046,216796,4396
07-04 16:43:23.165 13469 13567 I BatteryMgr:DataCollectionService: stats => 1688481803165,216796,4396
07-04 16:43:23.276 13469 13567 I BatteryMgr:DataCollectionService: stats => 1688481803276,216796,4396
07-04 16:43:23.388 13469 13567 I BatteryMgr:DataCollectionService: stats => 1688481803388,216796,4396
07-04 16:43:23.499 13469 13567 I BatteryMgr:DataCollectionService: stats => 1688481803499,216796,4396
07-04 16:43:23.615 13469 13567 I BatteryMgr:DataCollectionService: stats => 1688481803615,216796,4396
07-04 16:43:23.668   979  2407 E android.hardware.usb@1.0-service: uevent received SUBSYSTEM=dual_role_usb
07-04 16:43:23.668   979  2407 I android.hardware.usb@1.0-service: otg_default
07-04 16:43:23.669   979  2407 I android.hardware.usb@1.0-service: canChangeMode: 1 canChagedata: 1 canChangePower:1
07-04 16:43:23.677  1726  3337 D BatteryService:  light=false
07-04 16:43:23.678  1726  1726 D NotificationService: isCharge=true
07-04 16:43:23.680  1726  3337 D BatteryService:  isLight=false oldAmbient=0
07-04 16:43:23.681  2942  2942 D KeyguardUpdateMonitor: received broadcast android.intent.action.BATTERY_CHANGED
07-04 16:43:23.681  3414  3414 D QtiCarrierConfigHelper: WARNING, no carrier configs on phone Id: 0
07-04 16:43:23.681  2942  2942 D KeyguardUpdateMonitor: handleBatteryUpdate
07-04 16:43:23.722   979  2407 E android.hardware.usb@1.0-service: uevent received SUBSYSTEM=dual_role_usb
07-04 16:43:23.722   979  2407 I android.hardware.usb@1.0-service: otg_default
07-04 16:43:23.723   979  2407 I android.hardware.usb@1.0-service: canChangeMode: 1 canChagedata: 1 canChangePower:1
07-04 16:43:23.727 13469 13567 I BatteryMgr:DataCollectionService: stats => 1688481803727,209960,4396
07-04 16:43:23.733  1726  3337 D BatteryService:  light=false
07-04 16:43:23.733  1726  3337 D BatteryService:  isLight=false oldAmbient=0
07-04 16:43:23.735  3414  3414 D QtiCarrierConfigHelper: WARNING, no carrier configs on phone Id: 0
07-04 16:43:23.735  1726  1726 D NotificationService: isCharge=true
07-04 16:43:23.738  2942  2942 D KeyguardUpdateMonitor: received broadcast android.intent.action.BATTERY_CHANGED
07-04 16:43:23.741  2942  2942 D KeyguardUpdateMonitor: handleBatteryUpdate
07-04 16:43:23.744  1726  3337 D BatteryService:  light=false
07-04 16:43:23.744  1726  3337 D BatteryService:  isLight=false oldAmbient=0
07-04 16:43:23.746  3414  3414 D QtiCarrierConfigHelper: WARNING, no carrier configs on phone Id: 0
07-04 16:43:23.746  1726  1726 D NotificationService: isCharge=true
07-04 16:43:23.764  2942  2942 D KeyguardUpdateMonitor: received broadcast android.intent.action.BATTERY_CHANGED
07-04 16:43:23.770  2942  2942 D KeyguardUpdateMonitor: handleBatteryUpdate
07-04 16:43:23.834 13469 13567 I BatteryMgr:DataCollectionService: stats => 1688481803833,209960,4396
07-04 16:43:23.948 13469 13567 I BatteryMgr:DataCollectionService: stats => 1688481803948,209960,4396
07-04 16:43:24.055 13469 13567 I BatteryMgr:DataCollectionService: stats => 1688481804055,209960,4396
07-04 16:43:24.162 13469 13567 I BatteryMgr:DataCollectionService: stats => 1688481804162,209960,4396
07-04 16:43:24.285 13469 13567 I BatteryMgr:DataCollectionService: stats => 1688481804285,209960,4396
07-04 16:43:24.396 13469 13567 I BatteryMgr:DataCollectionService: stats => 1688481804396,209960,4396
07-04 16:43:24.408   979  2407 E android.hardware.usb@1.0-service: uevent received SUBSYSTEM=dual_role_usb
07-04 16:43:24.408   979  2407 I android.hardware.usb@1.0-service: otg_default
07-04 16:43:24.409   979  2407 I android.hardware.usb@1.0-service: canChangeMode: 1 canChagedata: 1 canChangePower:1
07-04 16:43:24.419  1726  3337 D BatteryService:  light=false
07-04 16:43:24.420  1726  3337 D BatteryService:  isLight=false oldAmbient=0
07-04 16:43:24.423  1726  1726 D NotificationService: isCharge=true
07-04 16:43:24.425  3414  3414 D QtiCarrierConfigHelper: WARNING, no carrier configs on phone Id: 0
07-04 16:43:24.426  2942  2942 D KeyguardUpdateMonitor: received broadcast android.intent.action.BATTERY_CHANGED
07-04 16:43:24.430  2942  2942 D KeyguardUpdateMonitor: handleBatteryUpdate
07-04 16:43:24.440  1726  3337 D BatteryService:  light=false
07-04 16:43:24.440  1726  3337 D BatteryService:  isLight=false oldAmbient=0
07-04 16:43:24.442  1726  1726 D NotificationService: isCharge=true
07-04 16:43:24.443  3414  3414 D QtiCarrierConfigHelper: WARNING, no carrier configs on phone Id: 0
07-04 16:43:24.450  2942  2942 D KeyguardUpdateMonitor: received broadcast android.intent.action.BATTERY_CHANGED
07-04 16:43:24.461  1726  3337 D BatteryService:  light=false
07-04 16:43:24.462  1726  3337 D BatteryService:  isLight=false oldAmbient=0
07-04 16:43:24.463  1726  1726 D NotificationService: isCharge=true
07-04 16:43:24.463  3414  3414 D QtiCarrierConfigHelper: WARNING, no carrier configs on phone Id: 0
07-04 16:43:24.470  2942  2942 D KeyguardUpdateMonitor: handleBatteryUpdate
07-04 16:43:24.472  2942  2942 D KeyguardUpdateMonitor: received broadcast android.intent.action.BATTERY_CHANGED
07-04 16:43:24.472  1726  3337 D BatteryService:  light=false
07-04 16:43:24.473  1726  3337 D BatteryService:  isLight=false oldAmbient=0
07-04 16:43:24.473  1726  1726 D NotificationService: isCharge=true
07-04 16:43:24.474  3414  3414 D QtiCarrierConfigHelper: WARNING, no carrier configs on phone Id: 0
07-04 16:43:24.482  2942  2942 D KeyguardUpdateMonitor: handleBatteryUpdate
07-04 16:43:24.483  2942  2942 D KeyguardUpdateMonitor: received broadcast android.intent.action.BATTERY_CHANGED
07-04 16:43:24.485  1726  3337 D BatteryService:  light=false
07-04 16:43:24.485  1726  3337 D BatteryService:  isLight=false oldAmbient=0
07-04 16:43:24.485  2942  2942 D KeyguardUpdateMonitor: handleBatteryUpdate
07-04 16:43:24.489  3414  3414 D QtiCarrierConfigHelper: WARNING, no carrier configs on phone Id: 0
07-04 16:43:24.489  1726  1726 D NotificationService: isCharge=true
07-04 16:43:24.495  2942  2942 D KeyguardUpdateMonitor: received broadcast android.intent.action.BATTERY_CHANGED
07-04 16:43:24.498  2942  2942 D KeyguardUpdateMonitor: handleBatteryUpdate
07-04 16:43:24.501  1726  3337 D BatteryService:  light=false
07-04 16:43:24.501  1726  3337 D BatteryService:  isLight=false oldAmbient=0
07-04 16:43:24.503  3414  3414 D QtiCarrierConfigHelper: WARNING, no carrier configs on phone Id: 0
07-04 16:43:24.503  1726  1726 D NotificationService: isCharge=true
07-04 16:43:24.504 13469 13567 I BatteryMgr:DataCollectionService: stats => 1688481804504,209960,4396
07-04 16:43:24.510  2942  2942 D KeyguardUpdateMonitor: received broadcast android.intent.action.BATTERY_CHANGED
07-04 16:43:24.513  2942  2942 D KeyguardUpdateMonitor: handleBatteryUpdate
07-04 16:43:24.611 13469 13567 I BatteryMgr:DataCollectionService: stats => 1688481804611,209960,4396
07-04 16:43:24.723 13469 13567 I BatteryMgr:DataCollectionService: stats => 1688481804722,209960,4396
07-04 16:43:24.834 13469 13567 I BatteryMgr:DataCollectionService: stats => 1688481804834,209960,4396
07-04 16:43:24.896   979  2407 E android.hardware.usb@1.0-service: uevent received SUBSYSTEM=dual_role_usb
07-04 16:43:24.897   979  2407 I android.hardware.usb@1.0-service: otg_default
07-04 16:43:24.898   979  2407 I android.hardware.usb@1.0-service: canChangeMode: 1 canChagedata: 1 canChangePower:1
07-04 16:43:24.900  1726  3337 I chatty  : uid=1000(system) HwBinder:1726_5 identical 61 lines
07-04 16:43:24.910  1726  3337 D BatteryService:  light=false
07-04 16:43:24.910  1726  1726 D NotificationService: isCharge=true
07-04 16:43:24.913  3414  3414 D QtiCarrierConfigHelper: WARNING, no carrier configs on phone Id: 0
07-04 16:43:24.915  2942  2942 D KeyguardUpdateMonitor: received broadcast android.intent.action.BATTERY_CHANGED
07-04 16:43:24.921  1726  3337 D BatteryService:  isLight=false oldAmbient=0
07-04 16:43:24.925  2942  2942 D KeyguardUpdateMonitor: handleBatteryUpdate
07-04 16:43:24.944 13469 13567 I BatteryMgr:DataCollectionService: stats => 1688481804944,209960,4396
07-04 16:43:25.054 13469 13567 I BatteryMgr:DataCollectionService: stats => 1688481805054,209960,4396
07-04 16:43:25.176 13469 13567 I BatteryMgr:DataCollectionService: stats => 1688481805176,209960,4396
07-04 16:43:25.203  1726  3337 D BatteryService:  light=false
07-04 16:43:25.204  1726  3337 D BatteryService:  isLight=false oldAmbient=0
07-04 16:43:25.207  1726  1726 D NotificationService: isCharge=true
07-04 16:43:25.207  3414  3414 D QtiCarrierConfigHelper: WARNING, no carrier configs on phone Id: 0
07-04 16:43:25.208  2942  2942 D KeyguardUpdateMonitor: received broadcast android.intent.action.BATTERY_CHANGED
07-04 16:43:25.214  2942  2942 D KeyguardUpdateMonitor: handleBatteryUpdate
07-04 16:43:25.285 13469 13567 I BatteryMgr:DataCollectionService: stats => 1688481805284,213867,4396
07-04 16:43:25.397 13469 13567 I BatteryMgr:DataCollectionService: stats => 1688481805397,213867,4396
07-04 16:43:25.505 13469 13567 I BatteryMgr:DataCollectionService: stats => 1688481805505,213867,4396
07-04 16:43:25.628 13469 13567 I BatteryMgr:DataCollectionService: stats => 1688481805627,213867,4396
07-04 16:43:25.682   979  2407 E android.hardware.usb@1.0-service: uevent received SUBSYSTEM=dual_role_usb
07-04 16:43:25.683   979  2407 I android.hardware.usb@1.0-service: otg_default
07-04 16:43:25.684   979  2407 I android.hardware.usb@1.0-service: canChangeMode: 1 canChagedata: 1 canChangePower:1
07-04 16:43:25.686  1726  3337 I UsbPortManager: ClientCallback V1_0: otg_default
07-04 16:43:25.698  3414  3414 D QtiCarrierConfigHelper: WARNING, no carrier configs on phone Id: 0
07-04 16:43:25.698  2942  2942 D KeyguardUpdateMonitor: received broadcast android.intent.action.BATTERY_CHANGED
07-04 16:43:25.703  1726  1726 D NotificationService: isCharge=true
07-04 16:43:25.704  1726  3337 D BatteryService:  light=false
07-04 16:43:25.705  1726  3337 D BatteryService:  isLight=false oldAmbient=0
07-04 16:43:25.707  2942  2942 D KeyguardUpdateMonitor: handleBatteryUpdate
07-04 16:43:25.719  1726  3337 D BatteryService:  light=false
07-04 16:43:25.719  1726  3337 D BatteryService:  isLight=false oldAmbient=0
07-04 16:43:25.721  3414  3414 D QtiCarrierConfigHelper: WARNING, no carrier configs on phone Id: 0
07-04 16:43:25.721  1726  1726 D NotificationService: isCharge=true
07-04 16:43:25.735  2942  2942 D KeyguardUpdateMonitor: received broadcast android.intent.action.BATTERY_CHANGED
07-04 16:43:25.735  1726  3337 D BatteryService:  light=false
07-04 16:43:25.735  1726  3337 D BatteryService:  isLight=false oldAmbient=0
07-04 16:43:25.737  1726  1726 D NotificationService: isCharge=true
07-04 16:43:25.739  3414  3414 D QtiCarrierConfigHelper: WARNING, no carrier configs on phone Id: 0
07-04 16:43:25.740   979  2407 E android.hardware.usb@1.0-service: uevent received SUBSYSTEM=dual_role_usb
07-04 16:43:25.741   979  2407 I android.hardware.usb@1.0-service: otg_default
07-04 16:43:25.745   979  2407 I android.hardware.usb@1.0-service: canChangeMode: 1 canChagedata: 1 canChangePower:1
07-04 16:43:25.746  1726  3334 I UsbPortManager: ClientCallback V1_0: otg_default
07-04 16:43:25.746  1726  3337 D BatteryService:  light=false
07-04 16:43:25.746  1726  3337 D BatteryService:  isLight=false oldAmbient=0
07-04 16:43:25.746  1726  1726 D NotificationService: isCharge=true
07-04 16:43:25.748  3414  3414 D QtiCarrierConfigHelper: WARNING, no carrier configs on phone Id: 0
07-04 16:43:25.749 13469 13567 I BatteryMgr:DataCollectionService: stats => 1688481805749,213867,4396
07-04 16:43:25.751  2942  2942 D KeyguardUpdateMonitor: handleBatteryUpdate
07-04 16:43:25.752  2942  2942 D KeyguardUpdateMonitor: received broadcast android.intent.action.BATTERY_CHANGED
07-04 16:43:25.754  1726  3337 D BatteryService:  light=false
07-04 16:43:25.754  1726  3337 D BatteryService:  isLight=false oldAmbient=0
07-04 16:43:25.754  1726  1726 D NotificationService: isCharge=true
07-04 16:43:25.755  3414  3414 D QtiCarrierConfigHelper: WARNING, no carrier configs on phone Id: 0
07-04 16:43:25.760  1726  3337 D BatteryService:  light=false
07-04 16:43:25.760  1726  3337 D BatteryService:  isLight=false oldAmbient=0
07-04 16:43:25.760  1726  1726 D NotificationService: isCharge=true
07-04 16:43:25.761  3414  3414 D QtiCarrierConfigHelper: WARNING, no carrier configs on phone Id: 0
07-04 16:43:25.764  2942  2942 D KeyguardUpdateMonitor: received broadcast android.intent.action.BATTERY_CHANGED
07-04 16:43:25.767  2942  2942 D KeyguardUpdateMonitor: handleBatteryUpdate
07-04 16:43:25.768  2942  2942 D KeyguardUpdateMonitor: received broadcast android.intent.action.BATTERY_CHANGED
07-04 16:43:25.771  2942  2942 D KeyguardUpdateMonitor: received broadcast android.intent.action.BATTERY_CHANGED
07-04 16:43:25.773  2942  2942 D KeyguardUpdateMonitor: handleBatteryUpdate
07-04 16:43:25.782  2942  2942 I chatty  : uid=10166(com.android.systemui) identical 1 line
07-04 16:43:25.783  2942  2942 D KeyguardUpdateMonitor: handleBatteryUpdate
07-04 16:43:25.798  1233  1233 W /system/vendor/bin/ipacm: type=1400 audit(0.0:105927): avc: denied { write } for comm=6E65746C696E6B20736F636B6574 name="ipacm_log_file" dev="tmpfs" ino=27039 scontext=u:r:ipacm:s0 tcontext=u:object_r:ipacm_socket:s0 tclass=sock_file permissive=0
07-04 16:43:25.798  1233  1233 I chatty  : uid=1001(radio) /system/vendor/bin/ipacm identical 1 line
07-04 16:43:25.798  1233  1233 W /system/vendor/bin/ipacm: type=1400 audit(0.0:105929): avc: denied { write } for comm=6E65746C696E6B20736F636B6574 name="ipacm_log_file" dev="tmpfs" ino=27039 scontext=u:r:ipacm:s0 tcontext=u:object_r:ipacm_socket:s0 tclass=sock_file permissive=0
07-04 16:43:25.798  1233  1233 W ipacm   : type=1400 audit(0.0:105930): avc: denied { write } for name="ipacm_log_file" dev="tmpfs" ino=27039 scontext=u:r:ipacm:s0 tcontext=u:object_r:ipacm_socket:s0 tclass=sock_file permissive=0
07-04 16:43:25.798  1233  1233 W ipacm   : type=1400 audit(0.0:105931): avc: denied { write } for name="ipacm_log_file" dev="tmpfs" ino=27039 scontext=u:r:ipacm:s0 tcontext=u:object_r:ipacm_socket:s0 tclass=sock_file permissive=0
07-04 16:43:25.857 13469 13567 I BatteryMgr:DataCollectionService: stats => 1688481805857,213867,4396
07-04 16:43:25.970 13469 13567 I BatteryMgr:DataCollectionService: stats => 1688481805970,213867,4396
07-04 16:43:26.082 13469 13567 I BatteryMgr:DataCollectionService: stats => 1688481806082,213867,4396
07-04 16:43:26.195 13469 13567 I BatteryMgr:DataCollectionService: stats => 1688481806195,213867,4396
07-04 16:43:26.305 13469 13567 I BatteryMgr:DataCollectionService: stats => 1688481806305,213867,4396
07-04 16:43:26.312   979  2407 E android.hardware.usb@1.0-service: uevent received SUBSYSTEM=dual_role_usb
07-04 16:43:26.312   979  2407 I android.hardware.usb@1.0-service: otg_default
07-04 16:43:26.313   979  2407 I android.hardware.usb@1.0-service: canChangeMode: 1 canChagedata: 1 canChangePower:1
07-04 16:43:26.316  1726  3337 I UsbPortManager: ClientCallback V1_0: otg_default
07-04 16:43:26.322  1726  3337 D BatteryService:  light=false
07-04 16:43:26.322  2942  2942 D KeyguardUpdateMonitor: received broadcast android.intent.action.BATTERY_CHANGED
07-04 16:43:26.322  3414  3414 D QtiCarrierConfigHelper: WARNING, no carrier configs on phone Id: 0
07-04 16:43:26.323  1726  1726 D NotificationService: isCharge=true
07-04 16:43:26.324  1726  3337 D BatteryService:  isLight=false oldAmbient=0
07-04 16:43:26.329  2942  2942 D KeyguardUpdateMonitor: handleBatteryUpdate
07-04 16:43:26.361  1726  3337 D BatteryService:  light=false
07-04 16:43:26.362  1726  3337 D BatteryService:  isLight=false oldAmbient=0
07-04 16:43:26.363  1726  1726 D NotificationService: isCharge=true
07-04 16:43:26.364  3414  3414 D QtiCarrierConfigHelper: WARNING, no carrier configs on phone Id: 0
07-04 16:43:26.364  2942  2942 D KeyguardUpdateMonitor: received broadcast android.intent.action.BATTERY_CHANGED
07-04 16:43:26.369  2942  2942 D KeyguardUpdateMonitor: handleBatteryUpdate
07-04 16:43:26.372  1726  3337 D BatteryService:  light=false
07-04 16:43:26.372  1726  3337 D BatteryService:  isLight=false oldAmbient=0
07-04 16:43:26.373  1726  1726 D NotificationService: isCharge=true
07-04 16:43:26.374  3414  3414 D QtiCarrierConfigHelper: WARNING, no carrier configs on phone Id: 0
07-04 16:43:26.380  2942  2942 D KeyguardUpdateMonitor: received broadcast android.intent.action.BATTERY_CHANGED
07-04 16:43:26.384  2942  2942 D KeyguardUpdateMonitor: handleBatteryUpdate
07-04 16:43:26.391  1726  3337 D BatteryService:  light=false
07-04 16:43:26.392  1726  3337 D BatteryService:  isLight=false oldAmbient=0
07-04 16:43:26.394  3414  3414 D QtiCarrierConfigHelper: WARNING, no carrier configs on phone Id: 0
07-04 16:43:26.395  1726  1726 D NotificationService: isCharge=true
07-04 16:43:26.402  2942  2942 D KeyguardUpdateMonitor: received broadcast android.intent.action.BATTERY_CHANGED
07-04 16:43:26.410 13469 13567 I BatteryMgr:DataCollectionService: stats => 1688481806410,213867,4396
07-04 16:43:26.415  2942  2942 D KeyguardUpdateMonitor: handleBatteryUpdate
07-04 16:43:26.528 13469 13567 I BatteryMgr:DataCollectionService: stats => 1688481806527,213867,4396
07-04 16:43:26.639 13469 13567 I BatteryMgr:DataCollectionService: stats => 1688481806639,213867,4396
07-04 16:43:26.755 13469 13567 I BatteryMgr:DataCollectionService: stats => 1688481806755,216308,4396
07-04 16:43:26.871 13469 13567 I BatteryMgr:DataCollectionService: stats => 1688481806871,216308,4396
07-04 16:43:26.898  1726  3337 D BatteryService:  light=false
07-04 16:43:26.899  1726  3337 D BatteryService:  isLight=false oldAmbient=0
07-04 16:43:26.904  3414  3414 D QtiCarrierConfigHelper: WARNING, no carrier configs on phone Id: 0
07-04 16:43:26.905  1726  1726 D NotificationService: isCharge=true
07-04 16:43:26.905  2942  2942 D KeyguardUpdateMonitor: received broadcast android.intent.action.BATTERY_CHANGED
07-04 16:43:26.916  2942  2942 D KeyguardUpdateMonitor: handleBatteryUpdate
07-04 16:43:26.979 13469 13567 I BatteryMgr:DataCollectionService: stats => 1688481806979,216308,4396
07-04 16:43:27.007   979  2407 E android.hardware.usb@1.0-service: uevent received SUBSYSTEM=dual_role_usb
07-04 16:43:27.008   979  2407 I android.hardware.usb@1.0-service: otg_default
07-04 16:43:27.008   979  2407 I android.hardware.usb@1.0-service: canChangeMode: 1 canChagedata: 1 canChangePower:1
07-04 16:43:27.018  1726  3337 D BatteryService:  light=false
07-04 16:43:27.019  1726  3337 D BatteryService:  isLight=false oldAmbient=0
07-04 16:43:27.019  1726  1726 D NotificationService: isCharge=true
07-04 16:43:27.022  3414  3414 D QtiCarrierConfigHelper: WARNING, no carrier configs on phone Id: 0
07-04 16:43:27.022  2942  2942 D KeyguardUpdateMonitor: received broadcast android.intent.action.BATTERY_CHANGED
07-04 16:43:27.029  2942  2942 D KeyguardUpdateMonitor: handleBatteryUpdate
07-04 16:43:27.032  1726  3337 D BatteryService:  light=false
07-04 16:43:27.032  1726  3337 D BatteryService:  isLight=false oldAmbient=0
07-04 16:43:27.032  1726  1726 D NotificationService: isCharge=true
07-04 16:43:27.033  3414  3414 D QtiCarrierConfigHelper: WARNING, no carrier configs on phone Id: 0
07-04 16:43:27.047  2942  2942 D KeyguardUpdateMonitor: received broadcast android.intent.action.BATTERY_CHANGED
07-04 16:43:27.051  2942  2942 D KeyguardUpdateMonitor: handleBatteryUpdate
07-04 16:43:27.085 13469 13567 I BatteryMgr:DataCollectionService: stats => 1688481807085,216308,4396
07-04 16:43:27.197 13469 13567 I BatteryMgr:DataCollectionService: stats => 1688481807197,216308,4396
07-04 16:43:27.309 13469 13567 I BatteryMgr:DataCollectionService: stats => 1688481807309,216308,4396
07-04 16:43:27.420 13469 13567 I BatteryMgr:DataCollectionService: stats => 1688481807419,216308,4396
07-04 16:43:27.461  1482  1576 E QMI_FW  : qmi_cci_get_ref: ref count increased 2
07-04 16:43:27.527 13469 13567 I BatteryMgr:DataCollectionService: stats => 1688481807526,216308,4396
07-04 16:43:27.637 13469 13567 I BatteryMgr:DataCollectionService: stats => 1688481807636,216308,4396
07-04 16:43:27.753 13469 13567 I BatteryMgr:DataCollectionService: stats => 1688481807753,216308,4396
07-04 16:43:27.796   979  2407 E android.hardware.usb@1.0-service: uevent received SUBSYSTEM=dual_role_usb
07-04 16:43:27.797   979  2407 I android.hardware.usb@1.0-service: otg_default
07-04 16:43:27.798   979  2407 I android.hardware.usb@1.0-service: canChangeMode: 1 canChagedata: 1 canChangePower:1
07-04 16:43:27.809  1726  3337 D BatteryService:  light=false
07-04 16:43:27.810  1726  3337 D BatteryService:  isLight=false oldAmbient=0
07-04 16:43:27.811  1726  1726 D NotificationService: isCharge=true
07-04 16:43:27.814  3414  3414 D QtiCarrierConfigHelper: WARNING, no carrier configs on phone Id: 0
07-04 16:43:27.815  2942  2942 D KeyguardUpdateMonitor: received broadcast android.intent.action.BATTERY_CHANGED
07-04 16:43:27.821  2942  2942 D KeyguardUpdateMonitor: handleBatteryUpdate
07-04 16:43:27.852   979  2407 E android.hardware.usb@1.0-service: uevent received SUBSYSTEM=dual_role_usb
07-04 16:43:27.852   979  2407 I android.hardware.usb@1.0-service: otg_default
07-04 16:43:27.853   979  2407 I android.hardware.usb@1.0-service: canChangeMode: 1 canChagedata: 1 canChangePower:1
07-04 16:43:27.858  1726  3337 D BatteryService:  light=false
07-04 16:43:27.858  1726  3337 D BatteryService:  isLight=false oldAmbient=0
07-04 16:43:27.860  3414  3414 D QtiCarrierConfigHelper: WARNING, no carrier configs on phone Id: 0
07-04 16:43:27.860  1726  1726 D NotificationService: isCharge=true
