--------- beginning of system
06-12 17:03:00.760   753  3176 I ActivityManager: START u0 {act=android.intent.action.MAIN cat=[android.intent.category.LAUNCHER] flg=0x10000000 cmp=com.example.batterymanager_utility/.MainActivity} from uid 2000
06-12 17:03:00.811   753  3815 I ActivityManager: Start proc 1125:com.example.batterymanager_utility/u0a111 for activity com.example.batterymanager_utility/.MainActivity
--------- beginning of main
06-12 17:03:00.813  1125  1125 I zygote64: Late-enabling -Xcheck:jni
06-12 17:03:00.858 32380 32416 V ClearcutMetricXmitter: Transmission is done.
06-12 17:03:00.879 27061 27061 I GsaVoiceInteractionSrv: Handling ACTION_STOP_HOTWORD
06-12 17:03:00.959  1125  1125 I BatteryMgr:App: creating notification channel
06-12 17:03:01.037  1125  1143 D OpenGLRenderer: HWUI GL Pipeline
06-12 17:03:01.194  1130  1130 D AndroidRuntime: >>>>>> START com.android.internal.os.RuntimeInit uid 2000 <<<<<<
06-12 17:03:01.242  1125  1125 W zygote64: Class androidx.compose.runtime.snapshots.SnapshotStateList failed lock verification and will run slower.
06-12 17:03:01.242  1125  1125 W zygote64: Common causes for lock verification issues are non-optimized dex code
06-12 17:03:01.242  1125  1125 W zygote64: and incorrect proguard optimizations.
06-12 17:03:01.307  1130  1130 D ICU     : Timezone override file found: /data/misc/zoneinfo/current/icu/icu_tzdata.dat
06-12 17:03:01.326  1130  1130 I app_process: The ClassLoaderContext is a special shared library.
06-12 17:03:01.342  1125  1132 I zygote64: Do partial code cache collection, code=30KB, data=19KB
06-12 17:03:01.342  1125  1132 I zygote64: After code cache collection, code=30KB, data=19KB
06-12 17:03:01.342  1125  1132 I zygote64: Increasing code cache capacity to 128KB
06-12 17:03:01.363  1130  1130 D AndroidRuntime: Calling main entry com.android.commands.monkey.Monkey
06-12 17:03:01.366  1130  1130 W Monkey  : args: [-p, e.www.speakertest, 1]
06-12 17:03:01.367  1130  1130 W Monkey  :  arg: "-p"
06-12 17:03:01.367  1130  1130 W Monkey  :  arg: "e.www.speakertest"
06-12 17:03:01.367  1130  1130 W Monkey  :  arg: "1"
06-12 17:03:01.368  1130  1130 W Monkey  : data="e.www.speakertest"
06-12 17:03:01.393   753   779 W BroadcastQueue: Skipping deliver [background] BroadcastRecord{735daed u-1 android.net.conn.CONNECTIVITY_CHANGE} to ReceiverList{af09d22 1130 (unknown name)/2000/u-1 remote:9401d17}: process gone or crashing
06-12 17:03:01.409   753  3809 I ActivityManager: START u0 {act=android.intent.action.MAIN cat=[android.intent.category.LAUNCHER] flg=0x10200000 cmp=e.www.speakertest/.MainActivity} from uid 2000
06-12 17:03:01.409   753  3809 W Binder  : Outgoing transactions from this process must be FLAG_ONEWAY
06-12 17:03:01.409   753  3809 W Binder  : java.lang.Throwable
06-12 17:03:01.409   753  3809 W Binder  : 	at android.os.BinderProxy.transact(Binder.java:752)
06-12 17:03:01.409   753  3809 W Binder  : 	at android.app.IActivityController$Stub$Proxy.activityStarting(IActivityController.java:172)
06-12 17:03:01.409   753  3809 W Binder  : 	at com.android.server.am.ActivityStarter.startActivity(ActivityStarter.java:449)
06-12 17:03:01.409   753  3809 W Binder  : 	at com.android.server.am.ActivityStarter.startActivityLocked(ActivityStarter.java:278)
06-12 17:03:01.409   753  3809 W Binder  : 	at com.android.server.am.ActivityStarter.startActivityMayWait(ActivityStarter.java:817)
06-12 17:03:01.409   753  3809 W Binder  : 	at com.android.server.am.ActivityManagerService.startActivityAsUser(ActivityManagerService.java:4532)
06-12 17:03:01.409   753  3809 W Binder  : 	at com.android.server.am.ActivityManagerService.startActivity(ActivityManagerService.java:4519)
06-12 17:03:01.409   753  3809 W Binder  : 	at android.app.IActivityManager$Stub.onTransact(IActivityManager.java:121)
06-12 17:03:01.409   753  3809 W Binder  : 	at com.android.server.am.ActivityManagerService.onTransact(ActivityManagerService.java:2919)
06-12 17:03:01.409   753  3809 W Binder  : 	at android.os.Binder.execTransact(Binder.java:697)
06-12 17:03:01.425  1130  1130 I Monkey  : Events injected: 1
06-12 17:03:01.441  1130  1130 I Monkey  : ## Network stats: elapsed time=30ms (0ms mobile, 0ms wifi, 30ms not connected)
06-12 17:03:01.442  1130  1130 I com.android.commands.monkey: System.exit called, status: 0
06-12 17:03:01.442  1130  1130 I AndroidRuntime: VM exiting with result code 0.
06-12 17:03:01.456  1125  1143 I Adreno  : QUALCOMM build                   : 8e59954, I0be83d0d26
06-12 17:03:01.456  1125  1143 I Adreno  : Build Date                       : 09/22/17
06-12 17:03:01.456  1125  1143 I Adreno  : OpenGL ES Shader Compiler Version: EV031.21.02.00
06-12 17:03:01.456  1125  1143 I Adreno  : Local Branch                     : O17A
06-12 17:03:01.456  1125  1143 I Adreno  : Remote Branch                    : 
06-12 17:03:01.456  1125  1143 I Adreno  : Remote Branch                    : 
06-12 17:03:01.456  1125  1143 I Adreno  : Reconstruct Branch               : 
06-12 17:03:01.458  1125  1143 D vndksupport: Loading /vendor/lib64/hw/gralloc.msm8992.so from current namespace instead of sphal namespace.
06-12 17:03:01.467  1125  1143 I Adreno  : PFP: 0x00000000, ME: 0x00000000
06-12 17:03:01.472   362   362 W /system/bin/hwservicemanager: getTransport: Cannot find entry android.hardware.configstore@1.0::ISurfaceFlingerConfigs/default in either framework or device manifest.
06-12 17:03:01.474  1125  1143 I zygote64: android::hardware::configstore::V1_0::ISurfaceFlingerConfigs::hasWideColorDisplay retrieved: 0
06-12 17:03:01.476  1125  1143 I OpenGLRenderer: Initialized EGL, version 1.4
06-12 17:03:01.476  1125  1143 D OpenGLRenderer: Swap behavior 2
06-12 17:03:01.481  1125  1125 D Compose Focus: Owner FocusChanged(true)
06-12 17:03:01.535   362   362 W /system/bin/hwservicemanager: getTransport: Cannot find entry android.hardware.graphics.mapper@2.0::IMapper/default in either framework or device manifest.
06-12 17:03:01.536  1125  1143 D vndksupport: Loading /vendor/lib64/hw/android.hardware.graphics.mapper@2.0-impl.so from current namespace instead of sphal namespace.
06-12 17:03:01.537  1125  1143 D vndksupport: Loading /vendor/lib64/hw/gralloc.msm8992.so from current namespace instead of sphal namespace.
06-12 17:03:01.580   753  3816 I ActivityManager: Start proc 1158:e.www.speakertest/u0a216 for activity e.www.speakertest/.MainActivity
06-12 17:03:01.584  1158  1158 I zygote64: Late-enabling -Xcheck:jni
06-12 17:03:01.781  1158  1158 I zygote64: Rejecting re-init on previously-failed class java.lang.Class<androidx.core.view.ViewCompat$2>: java.lang.NoClassDefFoundError: Failed resolution of: Landroid/view/View$OnUnhandledKeyEventListener;
06-12 17:03:01.781  1158  1158 I zygote64:   at void androidx.core.view.ViewCompat.setOnApplyWindowInsetsListener(android.view.View, androidx.core.view.OnApplyWindowInsetsListener) (ViewCompat.java:2436)
06-12 17:03:01.781  1158  1158 I zygote64:   at android.view.ViewGroup androidx.appcompat.app.AppCompatDelegateImpl.createSubDecor() (AppCompatDelegateImpl.java:779)
06-12 17:03:01.781  1158  1158 I zygote64:   at void androidx.appcompat.app.AppCompatDelegateImpl.ensureSubDecor() (AppCompatDelegateImpl.java:659)
06-12 17:03:01.781  1158  1158 I zygote64:   at void androidx.appcompat.app.AppCompatDelegateImpl.setContentView(int) (AppCompatDelegateImpl.java:552)
06-12 17:03:01.781  1158  1158 I zygote64:   at void androidx.appcompat.app.AppCompatActivity.setContentView(int) (AppCompatActivity.java:161)
06-12 17:03:01.781  1158  1158 I zygote64:   at void e.www.speakertest.MainActivity.onCreate(android.os.Bundle) (MainActivity.kt:14)
06-12 17:03:01.781  1158  1158 I zygote64:   at void android.app.Activity.performCreate(android.os.Bundle, android.os.PersistableBundle) (Activity.java:7009)
06-12 17:03:01.781  1158  1158 I zygote64:   at void android.app.Activity.performCreate(android.os.Bundle) (Activity.java:7000)
06-12 17:03:01.781  1158  1158 I zygote64:   at void android.app.Instrumentation.callActivityOnCreate(android.app.Activity, android.os.Bundle) (Instrumentation.java:1214)
06-12 17:03:01.781  1158  1158 I zygote64:   at android.app.Activity android.app.ActivityThread.performLaunchActivity(android.app.ActivityThread$ActivityClientRecord, android.content.Intent) (ActivityThread.java:2731)
06-12 17:03:01.781  1158  1158 I zygote64:   at void android.app.ActivityThread.handleLaunchActivity(android.app.ActivityThread$ActivityClientRecord, android.content.Intent, java.lang.String) (ActivityThread.java:2856)
06-12 17:03:01.781  1158  1158 I zygote64:   at void android.app.ActivityThread.-wrap11(android.app.ActivityThread, android.app.ActivityThread$ActivityClientRecord, android.content.Intent, java.lang.String) (ActivityThread.java:-1)
06-12 17:03:01.782  1158  1158 I zygote64:   at void android.app.ActivityThread$H.handleMessage(android.os.Message) (ActivityThread.java:1589)
06-12 17:03:01.782  1158  1158 I zygote64:   at void android.os.Handler.dispatchMessage(android.os.Message) (Handler.java:106)
06-12 17:03:01.782  1158  1158 I zygote64:   at void android.os.Looper.loop() (Looper.java:164)
06-12 17:03:01.782  1158  1158 I zygote64:   at void android.app.ActivityThread.main(java.lang.String[]) (ActivityThread.java:6494)
06-12 17:03:01.782  1158  1158 I zygote64:   at java.lang.Object java.lang.reflect.Method.invoke(java.lang.Object, java.lang.Object[]) (Method.java:-2)
06-12 17:03:01.782  1158  1158 I zygote64:   at void com.android.internal.os.RuntimeInit$MethodAndArgsCaller.run() (RuntimeInit.java:438)
06-12 17:03:01.782  1158  1158 I zygote64:   at void com.android.internal.os.ZygoteInit.main(java.lang.String[]) (ZygoteInit.java:807)
06-12 17:03:01.782  1158  1158 I zygote64: Caused by: java.lang.ClassNotFoundException: Didn't find class "android.view.View$OnUnhandledKeyEventListener" on path: DexPathList[[zip file "/data/app/e.www.speakertest-cBtVezhiPFNKq5CTCI_0Ew==/base.apk"],nativeLibraryDirectories=[/data/app/e.www.speakertest-cBtVezhiPFNKq5CTCI_0Ew==/lib/arm64, /system/lib64, /vendor/lib64]]
06-12 17:03:01.782  1158  1158 I zygote64:   at java.lang.Class dalvik.system.BaseDexClassLoader.findClass(java.lang.String) (BaseDexClassLoader.java:125)
06-12 17:03:01.782  1158  1158 I zygote64:   at java.lang.Class java.lang.ClassLoader.loadClass(java.lang.String, boolean) (ClassLoader.java:379)
06-12 17:03:01.782  1158  1158 I zygote64:   at java.lang.Class java.lang.ClassLoader.loadClass(java.lang.String) (ClassLoader.java:312)
06-12 17:03:01.782  1158  1158 I zygote64:   at void androidx.core.view.ViewCompat.setOnApplyWindowInsetsListener(android.view.View, androidx.core.view.OnApplyWindowInsetsListener) (ViewCompat.java:2436)
06-12 17:03:01.782  1158  1158 I zygote64:   at android.view.ViewGroup androidx.appcompat.app.AppCompatDelegateImpl.createSubDecor() (AppCompatDelegateImpl.java:779)
06-12 17:03:01.782  1158  1158 I zygote64:   at void androidx.appcompat.app.AppCompatDelegateImpl.ensureSubDecor() (AppCompatDelegateImpl.java:659)
06-12 17:03:01.782  1158  1158 I zygote64:   at void androidx.appcompat.app.AppCompatDelegateImpl.setContentView(int) (AppCompatDelegateImpl.java:552)
06-12 17:03:01.782  1158  1158 I zygote64:   at void androidx.appcompat.app.AppCompatActivity.setContentView(int) (AppCompatActivity.java:161)
06-12 17:03:01.782  1158  1158 I zygote64:   at void e.www.speakertest.MainActivity.onCreate(android.os.Bundle) (MainActivity.kt:14)
06-12 17:03:01.782  1158  1158 I zygote64:   at void android.app.Activity.performCreate(android.os.Bundle, android.os.PersistableBundle) (Activity.java:7009)
06-12 17:03:01.782  1158  1158 I zygote64:   at void android.app.Activity.performCreate(android.os.Bundle) (Activity.java:7000)
06-12 17:03:01.782  1158  1158 I zygote64:   at void android.app.Instrumentation.callActivityOnCreate(android.app.Activity, android.os.Bundle) (Instrumentation.java:1214)
06-12 17:03:01.782  1158  1158 I zygote64:   at android.app.Activity android.app.ActivityThread.performLaunchActivity(android.app.ActivityThread$ActivityClientRecord, android.content.Intent) (ActivityThread.java:2731)
06-12 17:03:01.782  1158  1158 I zygote64:   at void android.app.ActivityThread.handleLaunchActivity(android.app.ActivityThread$ActivityClientRecord, android.content.Intent, java.lang.String) (ActivityThread.java:2856)
06-12 17:03:01.782  1158  1158 I zygote64:   at void android.app.ActivityThread.-wrap11(android.app.ActivityThread, android.app.ActivityThread$ActivityClientRecord, android.content.Intent, java.lang.String) (ActivityThread.java:-1)
06-12 17:03:01.782  1158  1158 I zygote64:   at void android.app.ActivityThread$H.handleMessage(android.os.Message) (ActivityThread.java:1589)
06-12 17:03:01.782  1158  1158 I zygote64:   at void android.os.Handler.dispatchMessage(android.os.Message) (Handler.java:106)
06-12 17:03:01.782  1158  1158 I zygote64:   at void android.os.Looper.loop() (Looper.java:164)
06-12 17:03:01.782  1158  1158 I zygote64:   at void android.app.ActivityThread.main(java.lang.String[]) (ActivityThread.java:6494)
06-12 17:03:01.782  1158  1158 I zygote64:   at java.lang.Object java.lang.reflect.Method.invoke(java.lang.Object, java.lang.Object[]) (Method.java:-2)
06-12 17:03:01.782  1158  1158 I zygote64:   at void com.android.internal.os.RuntimeInit$MethodAndArgsCaller.run() (RuntimeInit.java:438)
06-12 17:03:01.782  1158  1158 I zygote64:   at void com.android.internal.os.ZygoteInit.main(java.lang.String[]) (ZygoteInit.java:807)
06-12 17:03:01.782  1158  1158 I zygote64: 
06-12 17:03:01.782  1158  1158 I zygote64: Rejecting re-init on previously-failed class java.lang.Class<androidx.core.view.ViewCompat$2>: java.lang.NoClassDefFoundError: Failed resolution of: Landroid/view/View$OnUnhandledKeyEventListener;
06-12 17:03:01.782  1158  1158 I zygote64:   at void androidx.core.view.ViewCompat.setOnApplyWindowInsetsListener(android.view.View, androidx.core.view.OnApplyWindowInsetsListener) (ViewCompat.java:2436)
06-12 17:03:01.782  1158  1158 I zygote64:   at android.view.ViewGroup androidx.appcompat.app.AppCompatDelegateImpl.createSubDecor() (AppCompatDelegateImpl.java:779)
06-12 17:03:01.782  1158  1158 I zygote64:   at void androidx.appcompat.app.AppCompatDelegateImpl.ensureSubDecor() (AppCompatDelegateImpl.java:659)
06-12 17:03:01.782  1158  1158 I zygote64:   at void androidx.appcompat.app.AppCompatDelegateImpl.setContentView(int) (AppCompatDelegateImpl.java:552)
06-12 17:03:01.782  1158  1158 I zygote64:   at void androidx.appcompat.app.AppCompatActivity.setContentView(int) (AppCompatActivity.java:161)
06-12 17:03:01.782  1158  1158 I zygote64:   at void e.www.speakertest.MainActivity.onCreate(android.os.Bundle) (MainActivity.kt:14)
06-12 17:03:01.782  1158  1158 I zygote64:   at void android.app.Activity.performCreate(android.os.Bundle, android.os.PersistableBundle) (Activity.java:7009)
06-12 17:03:01.782  1158  1158 I zygote64:   at void android.app.Activity.performCreate(android.os.Bundle) (Activity.java:7000)
06-12 17:03:01.782  1158  1158 I zygote64:   at void android.app.Instrumentation.callActivityOnCreate(android.app.Activity, android.os.Bundle) (Instrumentation.java:1214)
06-12 17:03:01.782  1158  1158 I zygote64:   at android.app.Activity android.app.ActivityThread.performLaunchActivity(android.app.ActivityThread$ActivityClientRecord, android.content.Intent) (ActivityThread.java:2731)
06-12 17:03:01.782  1158  1158 I zygote64:   at void android.app.ActivityThread.handleLaunchActivity(android.app.ActivityThread$ActivityClientRecord, android.content.Intent, java.lang.String) (ActivityThread.java:2856)
06-12 17:03:01.782  1158  1158 I zygote64:   at void android.app.ActivityThread.-wrap11(android.app.ActivityThread, android.app.ActivityThread$ActivityClientRecord, android.content.Intent, java.lang.String) (ActivityThread.java:-1)
06-12 17:03:01.782  1158  1158 I zygote64:   at void android.app.ActivityThread$H.handleMessage(android.os.Message) (ActivityThread.java:1589)
06-12 17:03:01.782  1158  1158 I zygote64:   at void android.os.Handler.dispatchMessage(android.os.Message) (Handler.java:106)
06-12 17:03:01.782  1158  1158 I zygote64:   at void android.os.Looper.loop() (Looper.java:164)
06-12 17:03:01.782  1158  1158 I zygote64:   at void android.app.ActivityThread.main(java.lang.String[]) (ActivityThread.java:6494)
06-12 17:03:01.782  1158  1158 I zygote64:   at java.lang.Object java.lang.reflect.Method.invoke(java.lang.Object, java.lang.Object[]) (Method.java:-2)
06-12 17:03:01.782  1158  1158 I zygote64:   at void com.android.internal.os.RuntimeInit$MethodAndArgsCaller.run() (RuntimeInit.java:438)
06-12 17:03:01.782  1158  1158 I zygote64:   at void com.android.internal.os.ZygoteInit.main(java.lang.String[]) (ZygoteInit.java:807)
06-12 17:03:01.782  1158  1158 I zygote64: Caused by: java.lang.ClassNotFoundException: Didn't find class "android.view.View$OnUnhandledKeyEventListener" on path: DexPathList[[zip file "/data/app/e.www.speakertest-cBtVezhiPFNKq5CTCI_0Ew==/base.apk"],nativeLibraryDirectories=[/data/app/e.www.speakertest-cBtVezhiPFNKq5CTCI_0Ew==/lib/arm64, /system/lib64, /vendor/lib64]]
06-12 17:03:01.782  1158  1158 I zygote64:   at java.lang.Class dalvik.system.BaseDexClassLoader.findClass(java.lang.String) (BaseDexClassLoader.java:125)
06-12 17:03:01.782  1158  1158 I zygote64:   at java.lang.Class java.lang.ClassLoader.loadClass(java.lang.String, boolean) (ClassLoader.java:379)
06-12 17:03:01.782  1158  1158 I zygote64:   at java.lang.Class java.lang.ClassLoader.loadClass(java.lang.String) (ClassLoader.java:312)
06-12 17:03:01.782  1158  1158 I zygote64:   at void androidx.core.view.ViewCompat.setOnApplyWindowInsetsListener(android.view.View, androidx.core.view.OnApplyWindowInsetsListener) (ViewCompat.java:2436)
06-12 17:03:01.782  1158  1158 I zygote64:   at android.view.ViewGroup androidx.appcompat.app.AppCompatDelegateImpl.createSubDecor() (AppCompatDelegateImpl.java:779)
06-12 17:03:01.782  1158  1158 I zygote64:   at void androidx.appcompat.app.AppCompatDelegateImpl.ensureSubDecor() (AppCompatDelegateImpl.java:659)
06-12 17:03:01.782  1158  1158 I zygote64:   at void androidx.appcompat.app.AppCompatDelegateImpl.setContentView(int) (AppCompatDelegateImpl.java:552)
06-12 17:03:01.782  1158  1158 I zygote64:   at void androidx.appcompat.app.AppCompatActivity.setContentView(int) (AppCompatActivity.java:161)
06-12 17:03:01.782  1158  1158 I zygote64:   at void e.www.speakertest.MainActivity.onCreate(android.os.Bundle) (MainActivity.kt:14)
06-12 17:03:01.782  1158  1158 I zygote64:   at void android.app.Activity.performCreate(android.os.Bundle, android.os.PersistableBundle) (Activity.java:7009)
06-12 17:03:01.782  1158  1158 I zygote64:   at void android.app.Activity.performCreate(android.os.Bundle) (Activity.java:7000)
06-12 17:03:01.782  1158  1158 I zygote64:   at void android.app.Instrumentation.callActivityOnCreate(android.app.Activity, android.os.Bundle) (Instrumentation.java:1214)
06-12 17:03:01.782  1158  1158 I zygote64:   at android.app.Activity android.app.ActivityThread.performLaunchActivity(android.app.ActivityThread$ActivityClientRecord, android.content.Intent) (ActivityThread.java:2731)
06-12 17:03:01.782  1158  1158 I zygote64:   at void android.app.ActivityThread.handleLaunchActivity(android.app.ActivityThread$ActivityClientRecord, android.content.Intent, java.lang.String) (ActivityThread.java:2856)
06-12 17:03:01.782  1158  1158 I zygote64:   at void android.app.ActivityThread.-wrap11(android.app.ActivityThread, android.app.ActivityThread$ActivityClientRecord, android.content.Intent, java.lang.String) (ActivityThread.java:-1)
06-12 17:03:01.782  1158  1158 I zygote64:   at void android.app.ActivityThread$H.handleMessage(android.os.Message) (ActivityThread.java:1589)
06-12 17:03:01.782  1158  1158 I zygote64:   at void android.os.Handler.dispatchMessage(android.os.Message) (Handler.java:106)
06-12 17:03:01.782  1158  1158 I zygote64:   at void android.os.Looper.loop() (Looper.java:164)
06-12 17:03:01.782  1158  1158 I zygote64:   at void android.app.ActivityThread.main(java.lang.String[]) (ActivityThread.java:6494)
06-12 17:03:01.782  1158  1158 I zygote64:   at java.lang.Object java.lang.reflect.Method.invoke(java.lang.Object, java.lang.Object[]) (Method.java:-2)
06-12 17:03:01.782  1158  1158 I zygote64:   at void com.android.internal.os.RuntimeInit$MethodAndArgsCaller.run() (RuntimeInit.java:438)
06-12 17:03:01.782  1158  1158 I zygote64:   at void com.android.internal.os.ZygoteInit.main(java.lang.String[]) (ZygoteInit.java:807)
06-12 17:03:01.782  1158  1158 I zygote64: 
06-12 17:03:01.783  1158  1158 I zygote64: Rejecting re-init on previously-failed class java.lang.Class<androidx.core.view.ViewCompat$2>: java.lang.NoClassDefFoundError: Failed resolution of: Landroid/view/View$OnUnhandledKeyEventListener;
06-12 17:03:01.783  1158  1158 I zygote64:   at void androidx.core.view.ViewCompat.setOnApplyWindowInsetsListener(android.view.View, androidx.core.view.OnApplyWindowInsetsListener) (ViewCompat.java:2436)
06-12 17:03:01.783  1158  1158 I zygote64:   at android.view.ViewGroup androidx.appcompat.app.AppCompatDelegateImpl.createSubDecor() (AppCompatDelegateImpl.java:779)
06-12 17:03:01.783  1158  1158 I zygote64:   at void androidx.appcompat.app.AppCompatDelegateImpl.ensureSubDecor() (AppCompatDelegateImpl.java:659)
06-12 17:03:01.783  1158  1158 I zygote64:   at void androidx.appcompat.app.AppCompatDelegateImpl.setContentView(int) (AppCompatDelegateImpl.java:552)
06-12 17:03:01.783  1158  1158 I zygote64:   at void androidx.appcompat.app.AppCompatActivity.setContentView(int) (AppCompatActivity.java:161)
06-12 17:03:01.783  1158  1158 I zygote64:   at void e.www.speakertest.MainActivity.onCreate(android.os.Bundle) (MainActivity.kt:14)
06-12 17:03:01.783  1158  1158 I zygote64:   at void android.app.Activity.performCreate(android.os.Bundle, android.os.PersistableBundle) (Activity.java:7009)
06-12 17:03:01.783  1158  1158 I zygote64:   at void android.app.Activity.performCreate(android.os.Bundle) (Activity.java:7000)
06-12 17:03:01.783  1158  1158 I zygote64:   at void android.app.Instrumentation.callActivityOnCreate(android.app.Activity, android.os.Bundle) (Instrumentation.java:1214)
06-12 17:03:01.783  1158  1158 I zygote64:   at android.app.Activity android.app.ActivityThread.performLaunchActivity(android.app.ActivityThread$ActivityClientRecord, android.content.Intent) (ActivityThread.java:2731)
06-12 17:03:01.783  1158  1158 I zygote64:   at void android.app.ActivityThread.handleLaunchActivity(android.app.ActivityThread$ActivityClientRecord, android.content.Intent, java.lang.String) (ActivityThread.java:2856)
06-12 17:03:01.783  1158  1158 I zygote64:   at void android.app.ActivityThread.-wrap11(android.app.ActivityThread, android.app.ActivityThread$ActivityClientRecord, android.content.Intent, java.lang.String) (ActivityThread.java:-1)
06-12 17:03:01.783  1158  1158 I zygote64:   at void android.app.ActivityThread$H.handleMessage(android.os.Message) (ActivityThread.java:1589)
06-12 17:03:01.783  1158  1158 I zygote64:   at void android.os.Handler.dispatchMessage(android.os.Message) (Handler.java:106)
06-12 17:03:01.783  1158  1158 I zygote64:   at void android.os.Looper.loop() (Looper.java:164)
06-12 17:03:01.783  1158  1158 I zygote64:   at void android.app.ActivityThread.main(java.lang.String[]) (ActivityThread.java:6494)
06-12 17:03:01.783  1158  1158 I zygote64:   at java.lang.Object java.lang.reflect.Method.invoke(java.lang.Object, java.lang.Object[]) (Method.java:-2)
06-12 17:03:01.783  1158  1158 I zygote64:   at void com.android.internal.os.RuntimeInit$MethodAndArgsCaller.run() (RuntimeInit.java:438)
06-12 17:03:01.783  1158  1158 I zygote64:   at void com.android.internal.os.ZygoteInit.main(java.lang.String[]) (ZygoteInit.java:807)
06-12 17:03:01.783  1158  1158 I zygote64: Caused by: java.lang.ClassNotFoundException: Didn't find class "android.view.View$OnUnhandledKeyEventListener" on path: DexPathList[[zip file "/data/app/e.www.speakertest-cBtVezhiPFNKq5CTCI_0Ew==/base.apk"],nativeLibraryDirectories=[/data/app/e.www.speakertest-cBtVezhiPFNKq5CTCI_0Ew==/lib/arm64, /system/lib64, /vendor/lib64]]
06-12 17:03:01.783  1158  1158 I zygote64:   at java.lang.Class dalvik.system.BaseDexClassLoader.findClass(java.lang.String) (BaseDexClassLoader.java:125)
06-12 17:03:01.783  1158  1158 I zygote64:   at java.lang.Class java.lang.ClassLoader.loadClass(java.lang.String, boolean) (ClassLoader.java:379)
06-12 17:03:01.783  1158  1158 I zygote64:   at java.lang.Class java.lang.ClassLoader.loadClass(java.lang.String) (ClassLoader.java:312)
06-12 17:03:01.783  1158  1158 I zygote64:   at void androidx.core.view.ViewCompat.setOnApplyWindowInsetsListener(android.view.View, androidx.core.view.OnApplyWindowInsetsListener) (ViewCompat.java:2436)
06-12 17:03:01.783  1158  1158 I zygote64:   at android.view.ViewGroup androidx.appcompat.app.AppCompatDelegateImpl.createSubDecor() (AppCompatDelegateImpl.java:779)
06-12 17:03:01.783  1158  1158 I zygote64:   at void androidx.appcompat.app.AppCompatDelegateImpl.ensureSubDecor() (AppCompatDelegateImpl.java:659)
06-12 17:03:01.783  1158  1158 I zygote64:   at void androidx.appcompat.app.AppCompatDelegateImpl.setContentView(int) (AppCompatDelegateImpl.java:552)
06-12 17:03:01.783  1158  1158 I zygote64:   at void androidx.appcompat.app.AppCompatActivity.setContentView(int) (AppCompatActivity.java:161)
06-12 17:03:01.783  1158  1158 I zygote64:   at void e.www.speakertest.MainActivity.onCreate(android.os.Bundle) (MainActivity.kt:14)
06-12 17:03:01.783  1158  1158 I zygote64:   at void android.app.Activity.performCreate(android.os.Bundle, android.os.PersistableBundle) (Activity.java:7009)
06-12 17:03:01.783  1158  1158 I zygote64:   at void android.app.Activity.performCreate(android.os.Bundle) (Activity.java:7000)
06-12 17:03:01.783  1158  1158 I zygote64:   at void android.app.Instrumentation.callActivityOnCreate(android.app.Activity, android.os.Bundle) (Instrumentation.java:1214)
06-12 17:03:01.783  1158  1158 I zygote64:   at android.app.Activity android.app.ActivityThread.performLaunchActivity(android.app.ActivityThread$ActivityClientRecord, android.content.Intent) (ActivityThread.java:2731)
06-12 17:03:01.783  1158  1158 I zygote64:   at void android.app.ActivityThread.handleLaunchActivity(android.app.ActivityThread$ActivityClientRecord, android.content.Intent, java.lang.String) (ActivityThread.java:2856)
06-12 17:03:01.783  1158  1158 I zygote64:   at void android.app.ActivityThread.-wrap11(android.app.ActivityThread, android.app.ActivityThread$ActivityClientRecord, android.content.Intent, java.lang.String) (ActivityThread.java:-1)
06-12 17:03:01.783  1158  1158 I zygote64:   at void android.app.ActivityThread$H.handleMessage(android.os.Message) (ActivityThread.java:1589)
06-12 17:03:01.783  1158  1158 I zygote64:   at void android.os.Handler.dispatchMessage(android.os.Message) (Handler.java:106)
06-12 17:03:01.783  1158  1158 I zygote64:   at void android.os.Looper.loop() (Looper.java:164)
06-12 17:03:01.783  1158  1158 I zygote64:   at void android.app.ActivityThread.main(java.lang.String[]) (ActivityThread.java:6494)
06-12 17:03:01.783  1158  1158 I zygote64:   at java.lang.Object java.lang.reflect.Method.invoke(java.lang.Object, java.lang.Object[]) (Method.java:-2)
06-12 17:03:01.783  1158  1158 I zygote64:   at void com.android.internal.os.RuntimeInit$MethodAndArgsCaller.run() (RuntimeInit.java:438)
06-12 17:03:01.783  1158  1158 I zygote64:   at void com.android.internal.os.ZygoteInit.main(java.lang.String[]) (ZygoteInit.java:807)
06-12 17:03:01.783  1158  1158 I zygote64: 
06-12 17:03:01.821   578  8893 D NuPlayerDriver: NuPlayerDriver(0xefa5d000) created, clientPid(1158)
06-12 17:03:01.828   578  1180 D GenericSource: FileSource remote
06-12 17:03:01.834   578  1179 D NuPlayerDriver: notifyListener_l(0xefa5d000), (1, 0, 0, -1), loop setting(0, 0)
06-12 17:03:01.873  1158  1183 D OpenGLRenderer: HWUI GL Pipeline
06-12 17:03:01.892   753   764 V MediaRouterService: restoreBluetoothA2dp(false)
06-12 17:03:01.892   578  1411 D NuPlayerDriver: start(0xefa5d000), state is 4, eos is 0
06-12 17:03:01.892   578  1179 I GenericSource: start
06-12 17:03:01.905   565 30706 I AudioFlinger: openOutput() this 0xe67bd000, module 10 Device 2, SamplingRate 44100, Format 0x1000000, Channels 3, flags 31
06-12 17:03:01.906   565 30706 I AudioFlinger: HAL output buffer size 262144 frames, normal sink buffer size 262144 frames
06-12 17:03:01.907   565  1191 I AudioFlinger: AudioFlinger's thread 0xe2642000 tid=1191 ready to run
06-12 17:03:01.920   414   414 W /system/bin/hw/android.hidl.allocator@1.0-service: ashmem_create_region(1048576) returning hidl_memory(0x7c74c2b310, 1048576)
06-12 17:03:01.925   414   414 W /system/bin/hw/android.hidl.allocator@1.0-service: ashmem_create_region(1048576) returning hidl_memory(0x7c74c2b310, 1048576)
06-12 17:03:01.928   565  9658 W AudioFlinger: moveEffectChain_l() effect chain for session 0 not on source thread 0xe57035c0
06-12 17:03:01.932   565  1191 D audio_hw_primary: out_set_parameters: enter: usecase(3: compress-offload-playback) kvpairs: routing=2
06-12 17:03:01.934   565  1191 E volume_listener: check_and_set_gain_dep_cal: Failed to set gain dep cal level
06-12 17:03:01.934  1158  1183 I Adreno  : QUALCOMM build                   : 8e59954, I0be83d0d26
06-12 17:03:01.934  1158  1183 I Adreno  : Build Date                       : 09/22/17
06-12 17:03:01.934  1158  1183 I Adreno  : OpenGL ES Shader Compiler Version: EV031.21.02.00
06-12 17:03:01.934  1158  1183 I Adreno  : Local Branch                     : O17A
06-12 17:03:01.934  1158  1183 I Adreno  : Remote Branch                    : 
06-12 17:03:01.934  1158  1183 I Adreno  : Remote Branch                    : 
06-12 17:03:01.934  1158  1183 I Adreno  : Reconstruct Branch               : 
06-12 17:03:01.936  1158  1183 D vndksupport: Loading /vendor/lib64/hw/gralloc.msm8992.so from current namespace instead of sphal namespace.
06-12 17:03:01.940   565  1191 D audio_hw_primary: out_set_parameters: enter: usecase(3: compress-offload-playback) kvpairs: delay_samples=576;music_offload_avg_bit_rate=192000;music_offload_sample_rate=44100;padding_samples=1339
06-12 17:03:01.941   565  1191 E volume_listener: check_and_set_gain_dep_cal: Failed to set gain dep cal level
06-12 17:03:01.949  1158  1183 I Adreno  : PFP: 0x00000000, ME: 0x00000000
06-12 17:03:01.955   362   362 W /system/bin/hwservicemanager: getTransport: Cannot find entry android.hardware.configstore@1.0::ISurfaceFlingerConfigs/default in either framework or device manifest.
06-12 17:03:01.957  1158  1183 I zygote64: android::hardware::configstore::V1_0::ISurfaceFlingerConfigs::hasWideColorDisplay retrieved: 0
06-12 17:03:01.959  1158  1183 I OpenGLRenderer: Initialized EGL, version 1.4
06-12 17:03:01.959  1158  1183 D OpenGLRenderer: Swap behavior 2
06-12 17:03:01.968 18762 18762 I GoogleInputMethodService: GoogleInputMethodService.onFinishInput():3307 
06-12 17:03:01.971 18762 18762 I GoogleInputMethodService: GoogleInputMethodService.updateDeviceLockedStatus():2137 repeatCheckTimes = 0, locked = false
06-12 17:03:01.971 18762 18762 I GoogleInputMethodService: GoogleInputMethodService.onStartInput():1917 onStartInput(EditorInfo{inputType=0x0(NULL) imeOptions=0x0 privateImeOptions=null actionName=UNSPECIFIED actionLabel=null actionId=0 initialSelStart=-1 initialSelEnd=-1 initialCapsMode=0x0 hintText=null label=null packageName=e.www.speakertest fieldId=-1 fieldName=null extras=null hintLocales=[]}, false)
06-12 17:03:01.971 18762 18762 I GoogleInputMethodService: GoogleInputMethodService.shouldHideHeaderOnInitialState():1998 ShouldHideHeaderOnInitialState = false
06-12 17:03:01.972 18762 18762 I GoogleInputMethodService: GoogleInputMethodService.updateDeviceLockedStatus():2137 repeatCheckTimes = 1, locked = false
06-12 17:03:01.986   362   362 W /system/bin/hwservicemanager: getTransport: Cannot find entry android.hardware.graphics.mapper@2.0::IMapper/default in either framework or device manifest.
06-12 17:03:01.987  1158  1183 D vndksupport: Loading /vendor/lib64/hw/android.hardware.graphics.mapper@2.0-impl.so from current namespace instead of sphal namespace.
06-12 17:03:01.988  1158  1183 D vndksupport: Loading /vendor/lib64/hw/gralloc.msm8992.so from current namespace instead of sphal namespace.
06-12 17:03:02.010   753   789 I ActivityManager: Displayed e.www.speakertest/.MainActivity: +437ms (total +1s218ms)
06-12 17:03:02.039   565  1203 D audio_route: Apply path: speaker-protected
06-12 17:03:02.045   565  1203 D audio_hw_primary: enable_snd_device: snd_device(95: vi-feedback)
06-12 17:03:02.045   565  1203 D audio_route: Apply path: vi-feedback
06-12 17:03:02.045   565  1203 D audio_hw_primary: enable_audio_route: usecase(24) apply and update mixer path: spkr-vi-record
06-12 17:03:02.045   565  1203 D audio_route: Apply path: spkr-vi-record
06-12 17:03:02.073   565  1203 D audio_hw_primary: enable_audio_route: usecase(3) apply and update mixer path: compress-offload-playback
06-12 17:03:02.073   565  1203 D audio_route: Apply path: compress-offload-playback
06-12 17:03:02.110   565  1205 D offload_visualizer: thread enter
06-12 17:03:02.164   565  1203 E msm8974_platform: ramp_speaker_gain: Could not get ctl for mixer cmd - Left Speaker Gain or Right Speaker Gain, not applying speaker gain ramp
06-12 17:03:02.164   565  1203 D audio_hw_primary: out_write: retry previous failed cal level set
06-12 17:03:02.165   565  1203 W msm8974_platform: platform_send_gain_dep_cal: Usecase list is empty
06-12 17:03:02.177   578  1186 D AudioSink: callbackwrapper: EVENT_UNDERRUN (discarded)
06-12 17:03:02.299   578  1186 I chatty  : uid=1013(media) /system/bin/mediaserver identical 10 lines
06-12 17:03:02.311   578  1186 D AudioSink: callbackwrapper: EVENT_UNDERRUN (discarded)
06-12 17:03:02.405 32380 32380 I A       : GEL#onSaveInstanceState
06-12 17:03:02.693   753 27542 I OpenGLRenderer: Initialized EGL, version 1.4
06-12 17:03:02.693   753 27542 D OpenGLRenderer: Swap behavior 2
06-12 17:03:02.939  1125  1125 I BatteryMgr:DataCollectionService: onStartCommand: begin
06-12 17:03:02.939  1125  1125 I BatteryMgr:DataCollectionService: onStartCommand: sampleRate => 100
06-12 17:03:02.940  1125  1125 I BatteryMgr:DataCollectionService: onStartCommand: rawFields => Timestamp,BATTERY_PROPERTY_CURRENT_NOW,EXTRA_VOLTAGE
06-12 17:03:02.942  1125  1125 I BatteryMgr:DataCollectionService: onStartCommand: notification done
06-12 17:03:02.945  1125  1125 I BatteryMgr:DataCollectionService: started foreground
06-12 17:03:02.947   753   779 E NotificationService: Suppressing notification from package by user request.
06-12 17:03:02.958  1125  1234 I BatteryMgr:DataCollectionService: collectData: begin
06-12 17:03:02.968  1125  1234 I BatteryMgr:DataCollectionService: stats => 1686603782967,-128630,4150
06-12 17:03:03.074  1125  1234 I BatteryMgr:DataCollectionService: stats => 1686603783074,-128630,4150
06-12 17:03:03.180  1125  1234 I BatteryMgr:DataCollectionService: stats => 1686603783180,-128630,4150
06-12 17:03:03.288  1125  1234 I BatteryMgr:DataCollectionService: stats => 1686603783288,-128630,4150
06-12 17:03:03.404  1125  1234 I BatteryMgr:DataCollectionService: stats => 1686603783403,-128630,4150
06-12 17:03:03.522  1125  1234 I BatteryMgr:DataCollectionService: stats => 1686603783522,-128630,4150
06-12 17:03:03.639  1125  1234 I BatteryMgr:DataCollectionService: stats => 1686603783639,-128630,4150
06-12 17:03:03.759  1125  1234 I BatteryMgr:DataCollectionService: stats => 1686603783758,-128630,4150
06-12 17:03:03.874  1125  1234 I BatteryMgr:DataCollectionService: stats => 1686603783874,-128630,4150
06-12 17:03:03.994  1125  1234 I BatteryMgr:DataCollectionService: stats => 1686603783994,-128630,4150
06-12 17:03:04.117  1125  1234 I BatteryMgr:DataCollectionService: stats => 1686603784116,-128630,4150
06-12 17:03:04.234  1125  1234 I BatteryMgr:DataCollectionService: stats => 1686603784233,-128630,4150
06-12 17:03:04.351  1125  1234 I BatteryMgr:DataCollectionService: stats => 1686603784351,-128630,4150
06-12 17:03:04.471  1125  1234 I BatteryMgr:DataCollectionService: stats => 1686603784470,-128630,4150
06-12 17:03:04.587  1125  1234 I BatteryMgr:DataCollectionService: stats => 1686603784587,-128630,4150
06-12 17:03:04.706  1125  1234 I BatteryMgr:DataCollectionService: stats => 1686603784705,-128630,4150
06-12 17:03:04.822  1125  1234 I BatteryMgr:DataCollectionService: stats => 1686603784822,-128630,4150
06-12 17:03:04.941  1125  1234 I BatteryMgr:DataCollectionService: stats => 1686603784941,-128630,4150
06-12 17:03:05.061  1125  1234 I BatteryMgr:DataCollectionService: stats => 1686603785061,-128630,4150
06-12 17:03:05.180  1125  1234 I BatteryMgr:DataCollectionService: stats => 1686603785179,-128630,4150
06-12 17:03:05.297  1125  1234 I BatteryMgr:DataCollectionService: stats => 1686603785297,-128630,4150
06-12 17:03:05.416  1125  1234 I BatteryMgr:DataCollectionService: stats => 1686603785416,-128630,4150
06-12 17:03:05.529  1125  1234 I BatteryMgr:DataCollectionService: stats => 1686603785528,-128630,4150
06-12 17:03:05.645  1125  1234 I BatteryMgr:DataCollectionService: stats => 1686603785645,-128630,4150
06-12 17:03:05.764  1125  1234 I BatteryMgr:DataCollectionService: stats => 1686603785763,-128630,4150
06-12 17:03:05.881  1125  1234 I BatteryMgr:DataCollectionService: stats => 1686603785880,-128630,4150
06-12 17:03:05.991  1125  1234 I BatteryMgr:DataCollectionService: stats => 1686603785991,-128630,4150
06-12 17:03:06.109  1125  1234 I BatteryMgr:DataCollectionService: stats => 1686603786108,-128630,4150
06-12 17:03:06.227  1125  1234 I BatteryMgr:DataCollectionService: stats => 1686603786227,-128630,4150
06-12 17:03:06.343  1125  1234 I BatteryMgr:DataCollectionService: stats => 1686603786342,-128630,4150
06-12 17:03:06.459  1125  1234 I BatteryMgr:DataCollectionService: stats => 1686603786459,-128630,4150
06-12 17:03:06.577  1125  1234 I BatteryMgr:DataCollectionService: stats => 1686603786576,-128630,4150
06-12 17:03:06.693  1125  1234 I BatteryMgr:DataCollectionService: stats => 1686603786693,-128630,4150
06-12 17:03:06.811  1125  1234 I BatteryMgr:DataCollectionService: stats => 1686603786810,-128630,4150
06-12 17:03:06.888  1125  1253 D ProfileInstaller: Installing profile for com.example.batterymanager_utility
06-12 17:03:06.922  1125  1234 I BatteryMgr:DataCollectionService: stats => 1686603786922,-128630,4150
06-12 17:03:07.037  1125  1234 I BatteryMgr:DataCollectionService: stats => 1686603787037,-128630,4150
06-12 17:03:07.157  1125  1234 I BatteryMgr:DataCollectionService: stats => 1686603787156,-128630,4150
06-12 17:03:07.275  1125  1234 I BatteryMgr:DataCollectionService: stats => 1686603787275,-128630,4150
06-12 17:03:07.392  1125  1234 I BatteryMgr:DataCollectionService: stats => 1686603787392,-128630,4150
06-12 17:03:07.498  1125  1234 I BatteryMgr:DataCollectionService: stats => 1686603787498,-128630,4150
06-12 17:03:07.604  1125  1234 I BatteryMgr:DataCollectionService: stats => 1686603787604,-128630,4150
06-12 17:03:07.710  1125  1234 I BatteryMgr:DataCollectionService: stats => 1686603787709,-128630,4150
06-12 17:03:07.816  1125  1234 I BatteryMgr:DataCollectionService: stats => 1686603787816,-128630,4150
06-12 17:03:07.924  1125  1234 I BatteryMgr:DataCollectionService: stats => 1686603787924,-128630,4150
06-12 17:03:08.041  1125  1234 I BatteryMgr:DataCollectionService: stats => 1686603788040,-128630,4150
06-12 17:03:08.156  1125  1234 I BatteryMgr:DataCollectionService: stats => 1686603788155,-128630,4150
06-12 17:03:08.272  1125  1234 I BatteryMgr:DataCollectionService: stats => 1686603788272,-128630,4150
06-12 17:03:08.391  1125  1234 I BatteryMgr:DataCollectionService: stats => 1686603788391,-128630,4150
06-12 17:03:08.507  1125  1234 I BatteryMgr:DataCollectionService: stats => 1686603788507,-128630,4150
06-12 17:03:08.629  1125  1234 I BatteryMgr:DataCollectionService: stats => 1686603788629,-128630,4150
06-12 17:03:08.749  1125  1234 I BatteryMgr:DataCollectionService: stats => 1686603788749,-128630,4150
06-12 17:03:08.866  1125  1234 I BatteryMgr:DataCollectionService: stats => 1686603788866,-128630,4150
06-12 17:03:08.986  1125  1234 I BatteryMgr:DataCollectionService: stats => 1686603788985,-128630,4150
06-12 17:03:09.105  1125  1234 I BatteryMgr:DataCollectionService: stats => 1686603789104,-128630,4150
06-12 17:03:09.232  1125  1234 I BatteryMgr:DataCollectionService: stats => 1686603789232,-128630,4150
06-12 17:03:09.349  1125  1234 I BatteryMgr:DataCollectionService: stats => 1686603789348,-128630,4150
06-12 17:03:09.463  1125  1234 I BatteryMgr:DataCollectionService: stats => 1686603789462,-128630,4150
06-12 17:03:09.579  1125  1234 I BatteryMgr:DataCollectionService: stats => 1686603789578,-128630,4150
06-12 17:03:09.696  1125  1234 I BatteryMgr:DataCollectionService: stats => 1686603789696,-128630,4150
06-12 17:03:09.815  1125  1234 I BatteryMgr:DataCollectionService: stats => 1686603789815,-128630,4150
06-12 17:03:09.934  1125  1234 I BatteryMgr:DataCollectionService: stats => 1686603789934,-128630,4150
06-12 17:03:10.051  1125  1234 I BatteryMgr:DataCollectionService: stats => 1686603790051,-128630,4150
06-12 17:03:10.167  1125  1234 I BatteryMgr:DataCollectionService: stats => 1686603790167,-128630,4150
06-12 17:03:10.285  1125  1234 I BatteryMgr:DataCollectionService: stats => 1686603790284,-128630,4150
06-12 17:03:10.406  1125  1234 I BatteryMgr:DataCollectionService: stats => 1686603790405,-128630,4150
06-12 17:03:10.524  1125  1234 I BatteryMgr:DataCollectionService: stats => 1686603790523,-128630,4150
06-12 17:03:10.639  1125  1234 I BatteryMgr:DataCollectionService: stats => 1686603790639,-128630,4150
06-12 17:03:10.760  1125  1234 I BatteryMgr:DataCollectionService: stats => 1686603790759,-128630,4150
06-12 17:03:10.872  1125  1234 I BatteryMgr:DataCollectionService: stats => 1686603790871,-128630,4150
06-12 17:03:10.989  1125  1234 I BatteryMgr:DataCollectionService: stats => 1686603790988,-128630,4150
06-12 17:03:11.107  1125  1234 I BatteryMgr:DataCollectionService: stats => 1686603791107,-128630,4150
06-12 17:03:11.223  1125  1234 I BatteryMgr:DataCollectionService: stats => 1686603791223,-128630,4150
06-12 17:03:11.342  1125  1234 I BatteryMgr:DataCollectionService: stats => 1686603791342,-128630,4150
06-12 17:03:11.459  1125  1234 I BatteryMgr:DataCollectionService: stats => 1686603791458,-128630,4150
06-12 17:03:11.576  1125  1234 I BatteryMgr:DataCollectionService: stats => 1686603791575,-128630,4150
06-12 17:03:11.692  1125  1234 I BatteryMgr:DataCollectionService: stats => 1686603791691,-128630,4150
06-12 17:03:11.808  1125  1234 I BatteryMgr:DataCollectionService: stats => 1686603791808,-128630,4150
06-12 17:03:11.932  1125  1234 I BatteryMgr:DataCollectionService: stats => 1686603791931,-128630,4150
06-12 17:03:12.046  1125  1234 I BatteryMgr:DataCollectionService: stats => 1686603792046,-128630,4150
06-12 17:03:12.162  1125  1234 I BatteryMgr:DataCollectionService: stats => 1686603792162,-128630,4150
06-12 17:03:12.276  1125  1234 I BatteryMgr:DataCollectionService: stats => 1686603792275,-128630,4150
06-12 17:03:12.395  1125  1234 I BatteryMgr:DataCollectionService: stats => 1686603792395,-128630,4150
06-12 17:03:12.511  1125  1234 I BatteryMgr:DataCollectionService: stats => 1686603792510,-128630,4150
06-12 17:03:12.628  1125  1234 I BatteryMgr:DataCollectionService: stats => 1686603792627,-128630,4150
06-12 17:03:12.746  1125  1234 I BatteryMgr:DataCollectionService: stats => 1686603792746,-128630,4150
06-12 17:03:12.863  1125  1234 I BatteryMgr:DataCollectionService: stats => 1686603792862,-128630,4150
06-12 17:03:12.980  1125  1234 I BatteryMgr:DataCollectionService: stats => 1686603792976,-128630,4150
06-12 17:03:13.096  1125  1234 I BatteryMgr:DataCollectionService: stats => 1686603793096,-128630,4150
06-12 17:03:13.212  1125  1234 I BatteryMgr:DataCollectionService: stats => 1686603793212,-128630,4150
06-12 17:03:13.328  1125  1234 I BatteryMgr:DataCollectionService: stats => 1686603793328,-128630,4150
06-12 17:03:13.446  1125  1234 I BatteryMgr:DataCollectionService: stats => 1686603793443,-128630,4150
06-12 17:03:13.566  1125  1234 I BatteryMgr:DataCollectionService: stats => 1686603793562,-128630,4150
06-12 17:03:13.684  1125  1234 I BatteryMgr:DataCollectionService: stats => 1686603793683,-128630,4150
06-12 17:03:13.799  1125  1234 I BatteryMgr:DataCollectionService: stats => 1686603793799,-128630,4150
06-12 17:03:13.915  1125  1234 I BatteryMgr:DataCollectionService: stats => 1686603793915,-128630,4150
06-12 17:03:14.029  1125  1234 I BatteryMgr:DataCollectionService: stats => 1686603794028,-128630,4150
06-12 17:03:14.145  1125  1234 I BatteryMgr:DataCollectionService: stats => 1686603794145,-128630,4150
06-12 17:03:14.264  1125  1234 I BatteryMgr:DataCollectionService: stats => 1686603794263,-128630,4150
06-12 17:03:14.381  1125  1234 I BatteryMgr:DataCollectionService: stats => 1686603794381,-128630,4150
06-12 17:03:14.488  1125  1234 I BatteryMgr:DataCollectionService: stats => 1686603794488,-128630,4150
06-12 17:03:14.595  1125  1234 I BatteryMgr:DataCollectionService: stats => 1686603794595,-128630,4150
06-12 17:03:14.703  1125  1132 I zygote64: Do partial code cache collection, code=61KB, data=45KB
06-12 17:03:14.704  1125  1132 I zygote64: After code cache collection, code=61KB, data=45KB
06-12 17:03:14.704  1125  1132 I zygote64: Increasing code cache capacity to 256KB
06-12 17:03:14.707  1125  1234 I BatteryMgr:DataCollectionService: stats => 1686603794706,-128630,4150
06-12 17:03:14.823  1125  1234 I BatteryMgr:DataCollectionService: stats => 1686603794823,-128630,4150
06-12 17:03:14.942  1125  1234 I BatteryMgr:DataCollectionService: stats => 1686603794942,-128630,4150
06-12 17:03:15.057  1125  1234 I BatteryMgr:DataCollectionService: stats => 1686603795057,-128630,4150
06-12 17:03:15.174  1125  1234 I BatteryMgr:DataCollectionService: stats => 1686603795173,-128630,4150
06-12 17:03:15.290  1125  1234 I BatteryMgr:DataCollectionService: stats => 1686603795289,-128630,4150
06-12 17:03:15.407  1125  1234 I BatteryMgr:DataCollectionService: stats => 1686603795407,-128630,4150
06-12 17:03:15.525  1125  1234 I BatteryMgr:DataCollectionService: stats => 1686603795524,-128630,4150
06-12 17:03:15.645  1125  1234 I BatteryMgr:DataCollectionService: stats => 1686603795644,-128630,4150
06-12 17:03:15.764  1125  1234 I BatteryMgr:DataCollectionService: stats => 1686603795763,-128630,4150
06-12 17:03:15.879  1125  1234 I BatteryMgr:DataCollectionService: stats => 1686603795879,-128630,4150
06-12 17:03:15.999  1125  1234 I BatteryMgr:DataCollectionService: stats => 1686603795999,-128630,4150
06-12 17:03:16.117  1125  1234 I BatteryMgr:DataCollectionService: stats => 1686603796116,-128630,4150
06-12 17:03:16.237  1125  1234 I BatteryMgr:DataCollectionService: stats => 1686603796236,-128630,4150
06-12 17:03:16.352  1125  1234 I BatteryMgr:DataCollectionService: stats => 1686603796352,-128630,4150
06-12 17:03:16.469  1125  1234 I BatteryMgr:DataCollectionService: stats => 1686603796468,-128630,4150
06-12 17:03:16.585  1125  1234 I BatteryMgr:DataCollectionService: stats => 1686603796585,-128630,4150
06-12 17:03:16.708  1125  1234 I BatteryMgr:DataCollectionService: stats => 1686603796708,-128630,4150
06-12 17:03:16.821  1125  1234 I BatteryMgr:DataCollectionService: stats => 1686603796821,-128630,4150
06-12 17:03:16.936  1125  1234 I BatteryMgr:DataCollectionService: stats => 1686603796936,-128630,4150
06-12 17:03:17.052  1125  1234 I BatteryMgr:DataCollectionService: stats => 1686603797052,-128630,4150
06-12 17:03:17.169  1125  1234 I BatteryMgr:DataCollectionService: stats => 1686603797168,-128630,4150
06-12 17:03:17.287  1125  1234 I BatteryMgr:DataCollectionService: stats => 1686603797287,-128630,4150
06-12 17:03:17.406  1125  1234 I BatteryMgr:DataCollectionService: stats => 1686603797405,-128630,4150
06-12 17:03:17.521  1125  1234 I BatteryMgr:DataCollectionService: stats => 1686603797520,-128630,4150
06-12 17:03:17.635  1125  1234 I BatteryMgr:DataCollectionService: stats => 1686603797634,-128630,4150
06-12 17:03:17.749  1125  1234 I BatteryMgr:DataCollectionService: stats => 1686603797749,-207365,4150
06-12 17:03:17.868  1125  1234 I BatteryMgr:DataCollectionService: stats => 1686603797867,-207365,4150
06-12 17:03:17.982  1125  1234 I BatteryMgr:DataCollectionService: stats => 1686603797982,-207365,4150
06-12 17:03:18.097  1125  1234 I BatteryMgr:DataCollectionService: stats => 1686603798096,-207365,4150
06-12 17:03:18.212  1125  1234 I BatteryMgr:DataCollectionService: stats => 1686603798212,-207365,4150
06-12 17:03:18.330  1125  1234 I BatteryMgr:DataCollectionService: stats => 1686603798329,-207365,4150
06-12 17:03:18.445  1125  1234 I BatteryMgr:DataCollectionService: stats => 1686603798445,-207365,4150
06-12 17:03:18.566  1125  1234 I BatteryMgr:DataCollectionService: stats => 1686603798565,-207365,4150
06-12 17:03:18.681  1125  1234 I BatteryMgr:DataCollectionService: stats => 1686603798681,-207365,4150
06-12 17:03:18.800  1125  1234 I BatteryMgr:DataCollectionService: stats => 1686603798799,-207365,4150
06-12 17:03:18.915  1125  1234 I BatteryMgr:DataCollectionService: stats => 1686603798915,-207365,4150
06-12 17:03:19.032  1125  1234 I BatteryMgr:DataCollectionService: stats => 1686603799031,-207365,4150
06-12 17:03:19.149  1125  1234 I BatteryMgr:DataCollectionService: stats => 1686603799148,-207365,4150
06-12 17:03:19.265  1125  1234 I BatteryMgr:DataCollectionService: stats => 1686603799264,-207365,4150
06-12 17:03:19.381  1125  1234 I BatteryMgr:DataCollectionService: stats => 1686603799381,-207365,4150
