--------- beginning of main
07-05 16:13:30.979  9827  9827 E adbd    : recv: OPEN 0000c785 00000000 003a:73 68 65 6C 6C 2C 76 32 2C 54 45 52 4D 3D 73 63 72 65 65 6E 2C 72 61 77 3A 67 65 74 70 72 6F 70 20 72 6F 2E 62 75 69 6C 64 2E 76 65 72 73 69 6F 6E 2E 72 65 6C 65 61 73 65 00 
07-05 16:13:30.979  9827  9827 E adbd    : service_to_fd: shell,v2,TERM=screen,raw:getprop ro.build.version.release
07-05 16:13:31.062  9827  9827 E adbd    : recv: OPEN 0000c788 00000000 0036:73 68 65 6C 6C 2C 76 32 2C 54 45 52 4D 3D 73 63 72 65 65 6E 2C 72 61 77 3A 67 65 74 70 72 6F 70 20 72 6F 2E 62 75 69 6C 64 2E 76 65 72 73 69 6F 6E 2E 73 64 6B 00 
07-05 16:13:31.062  9827  9827 E adbd    : service_to_fd: shell,v2,TERM=screen,raw:getprop ro.build.version.sdk
07-05 16:13:31.178  9827  9827 E adbd    : recv: OPEN 0000c78b 00000000 00bc:73 68 65 6C 6C 2C 76 32 2C 54 45 52 4D 3D 73 63 72 65 65 6E 2C 72 61 77 3A 61 6D 20 73 74 61 72 74 20 2D 6E 20 22 63 6F 6D 2E 65 78 61 6D 70 6C 65 2E 62 61 74 74 65 72 79 6D 61 6E 61 67 65 72 5F 75 74 69 6C 69 74 79 2F 63 6F 6D 2E 65 78 61 6D 70 6C 65 2E 62 61 74 74 65 72 79 6D 61 6E 61 67 65 72 5F 75 74 69 6C 69 74 79 2E 4D 61 69 6E 41 63 74 69 76 69 74 79 22 20 2D 61 20 61 6E 64 72 6F 69 64 2E 69 6E 74 65 6E 74 2E 61 63 74 69 6F 6E 2E 4D 41 49 4E 20 2D 63 20 61 6E 64 72 6F 69 64 2E 69 6E 74 65 6E 74 2E 63 61 74 65 67 6F 72 79 2E 4C 41 55 4E 43 48 45 52 00 
07-05 16:13:31.178  9827  9827 E adbd    : service_to_fd: shell,v2,TERM=screen,raw:am start -n "com.example.batterymanager_utility/com.example.batterymanager_utility.MainActivity" -a android.intent.action.MAIN -c android.intent.category.LAUNCHER
--------- beginning of system
07-05 16:13:31.282  3962  9323 I ActivityManager: START u0 {act=android.intent.action.MAIN typ=null flg=0x10000000 cmp=ComponentInfo{com.example.batterymanager_utility/com.example.batterymanager_utility.MainActivity}} from uid 2000
07-05 16:13:31.283  3962  9323 D CustomFrequencyManagerService: acquireDVFSLockLocked : type : DVFS_MIN_LIMIT  frequency : 1560000  uid : 1000  pid : 3962  pkgName : AMS_APP_SWITCH@CPU_MIN@15
07-05 16:13:31.286  3962  9323 D ActivityManagerPerformance: AMP_acquire() APP_SWITCH
07-05 16:13:31.286  3962  4991 D ActivityManagerPerformance: Received MSG_CFMS_HINT_AMS_SWITCH pkgName: com.example.batterymanager_utility
07-05 16:13:31.286  3962  6674 D TelephonyManager: getAllCellInfo : Caller (PID / UID / TID): 3962 / 1000 / 6674
07-05 16:13:31.291  5342  5342 V Launcher: Launcher.onPause()
07-05 16:13:31.291  5342  5342 D Launcher: setHotWordDetection : call requestHotWordDetection false
07-05 16:13:31.294  3962  3962 D MdnieScenarioControlService: Listener Real Multi Window State : false
07-05 16:13:31.301  3962  4034 D ViewRootImpl@64b8b57[batterymanager_utility]: setView = DecorView@5b8932d[batterymanager_utility] TM=true MM=false
07-05 16:13:31.301  5204  5204 I GsaVoiceInteractionSrv: Handling ACTION_STOP_HOTWORD
07-05 16:13:31.302  5204  5639 I HwDetectorWithState: (REDACTED) a: %d
07-05 16:13:31.304  3962  7419 D ActivityManager: isScaleDownAnimationEnabled() : false
07-05 16:13:31.305  3962  7419 D StorageManagerService: getExternalStorageMountMode : 3
07-05 16:13:31.306  3962  7419 D StorageManagerService: getExternalStorageMountMode : 3
07-05 16:13:31.306  3962  7419 D StorageManagerService: getExternalStorageMountMode : final mountMode=3, uid : 10168, packageName : com.example.batterymanager_utility
07-05 16:13:31.306  3962  7419 I ApplicationPolicy: isApplicationExternalStorageWhitelisted:com.example.batterymanager_utility user:0
07-05 16:13:31.306  3962  7419 D ApplicationPolicy: isApplicationExternalStorageWhitelisted: DO is not enabled on user 0. Allowed.
07-05 16:13:31.306  3962  7419 D ActivityManager: package  com.example.batterymanager_utility, user - 0 is SDcard whitelisted
07-05 16:13:31.307  3962  7419 I ApplicationPolicy: isApplicationExternalStorageBlacklisted:com.example.batterymanager_utility user:0
07-05 16:13:31.307  3962  7419 D ApplicationPolicy: isApplicationExternalStorageBlacklisted: DO is not enabled on user 0. Allowed.
07-05 16:13:31.308  3962  4034 D ViewRootImpl@64b8b57[batterymanager_utility]: dispatchAttachedToWindow
07-05 16:13:31.309  3962  4034 V WindowManager: Relayout Window{ee90644 u0 Splash Screen com.example.batterymanager_utility}: viewVisibility=0 req=719x1237 WM.LayoutParams{(0,0)(fillxfill) sim=#20 ty=3 fl=#81830118 pfl=0x20011 wanim=0x10302fd vsysui=0x600 needsMenuKey=2 colorMode=0 naviIconColor=0}
07-05 16:13:31.312  3448  3448 I SurfaceFlinger: id=58 createSurf (720x1280),1 flag=404, Splash Screen com.example.batterymanager_utility#0
07-05 16:13:31.313  3962  4034 V Surface : sf_framedrop debug : 0x4f4c, game : false, logging : 0
07-05 16:13:31.315  3962  4034 D ViewRootImpl@64b8b57[batterymanager_utility]: Relayout returned: old=[0,0][0,0] new=[0,0][720,1280] result=0x7 surface={valid=true 530399698944} changed=true
07-05 16:13:31.320  3962  7419 I ActivityManager: Start proc 12457:com.example.batterymanager_utility/u0a168 for activity com.example.batterymanager_utility/.MainActivity
07-05 16:13:31.321 12457 12457 E Zygote  : isWhitelistProcess - Process is Whitelisted
07-05 16:13:31.321 12457 12457 E libpersona: scanKnoxPersonas
07-05 16:13:31.321 12457 12457 E libpersona: Couldn't open the File - /data/system/users/0/personalist.xml - No such file or directory
07-05 16:13:31.323 12457 12457 W SELinux : SELinux selinux_android_compute_policy_index : Policy Index[2],  Con:u:r:zygote:s0 RAM:SEPF_SM-J720F_8.0.0_0002, [-1 -1 -1 -1 0 1]
07-05 16:13:31.324 12457 12457 I SELinux : SELinux: seapp_context_lookup: seinfo=untrusted, level=s0:c512,c768, pkgname=com.example.batterymanager_utility 
07-05 16:13:31.326 12457 12457 I zygote64: Late-enabling -Xcheck:jni
07-05 16:13:31.332  3962  4034 V WindowManager: finishDrawingLocked: mDrawState=COMMIT_DRAW_PENDING Window{ee90644 u0 Splash Screen com.example.batterymanager_utility} in Surface(name=Splash Screen com.example.batterymanager_utility)
07-05 16:13:31.334  4350  4350 D WallpaperService: updateSurface forceRelayout=true redrawNeeded=false myWidth=1280 myHeight=1280 fixedSize=true x = 0 y = 0 mWidth=1280 mHeight=1280 mIsSleepMode=false
07-05 16:13:31.335  3962  9323 V WindowManager: Relayout Window{537a94b u0 com.android.systemui.ImageWallpaper}: viewVisibility=0 req=1280x1280 WM.LayoutParams{(0,0)(1280x1280) gr=#800033 ty=2013 fl=#10318 fmt=2 wanim=0x103030e colorMode=0 naviIconColor=0}
07-05 16:13:31.335  3962  9323 V WindowManager: rotationForOrientationLw(orient=-1, last=0); user=0  sensorRotation=-1 mLidState=-1 mDockMode=0 mHdmiPlugged=false
07-05 16:13:31.339  4350  4350 D ImageWallpaper: onOffsetsChanged: xOffset=0.0, yOffset=0.0, xOffsetStep=0.0, yOffsetStep=0.0, xPixels=0, yPixels=0
07-05 16:13:31.339  4350  4350 D ImageWallpaper: newRotation : 0,mLastRotation : 0
07-05 16:13:31.339  4350  4350 D ImageWallpaper: drawFrame:[frame.width()]1280[frame.height()]1280
07-05 16:13:31.339  4350  4350 D ImageWallpaper: surfaceDimensionsChanged=false mDisplayWidth=720 mDisplayHeight=1280
07-05 16:13:31.339  4350  4350 D ImageWallpaper: redrawNeeded = false, mOffsetsChanged = false
07-05 16:13:31.339  4350  4350 D ImageWallpaper: Suppressed drawFrame since redraw is not needed and offsets have not changed.
07-05 16:13:31.351  9827  9827 E adbd    : recv: OPEN 0000c78e 00000000 0036:73 68 65 6C 6C 2C 76 32 2C 54 45 52 4D 3D 73 63 72 65 65 6E 2C 72 61 77 3A 6D 6F 6E 6B 65 79 20 2D 70 20 65 2E 77 77 77 2E 63 61 6D 65 72 61 74 65 73 74 20 31 00 
07-05 16:13:31.351  9827  9827 E adbd    : service_to_fd: shell,v2,TERM=screen,raw:monkey -p e.www.cameratest 1
07-05 16:13:31.365 12457 12457 D TimaKeyStoreProvider: TimaKeyStore is not enabled: cannot add TimaSignature Service and generateKeyPair Service
07-05 16:13:31.365 12457 12457 D ActivityThread: Added TimaKeyStore provider
07-05 16:13:31.368  3962  9323 I ActivityManager: DSS on for com.example.batterymanager_utility and scale is 1.0
07-05 16:13:31.375  3962  9323 D PersonaManagerService: Current focused persona service handled id set to : 0
07-05 16:13:31.376  3962  9323 D InputDispatcher: Focused application set to: xxxx
07-05 16:13:31.376  3962  9323 D InputDispatcher: Focus left window: 5342
07-05 16:13:31.378  3962  9323 D MARsPolicyManager: onPackageResumedFG pkgName = com.example.batterymanager_utility, userId = 0
07-05 16:13:31.378  3962  4218 D GameManagerService: handleForegroundChange(). pkgName: com.example.batterymanager_utility, clsName: com.example.batterymanager_utility.MainActivity,FgActivityName:com.example.batterymanager_utility/.MainActivity
07-05 16:13:31.378  3962  4218 D GameManagerService: sem_perfomance_mode: 3
07-05 16:13:31.378  3962  4218 D GameManagerService: notifyResumePause(). pkg: com.example.batterymanager_utility, type: 4, isMinimized: false, isTunableApp: false
07-05 16:13:31.378  3962  4218 D GameManagerService:   notifyResumePause(). unexpected mPrevNotiType: -1
07-05 16:13:31.380  3962  9323 D SamsungAnimationCreator: createAnimation type:LowEnd transit:12 enter:false wallpaperXoffset:-280 split:false fixedOri:false
07-05 16:13:31.380  3962  9323 D SamsungAnimationCreator: createAnimation displayFrame:Rect(0, 0 - 720, 1280) frame:null insets:null
07-05 16:13:31.386  3962  6674 D GamePkgDataHelper: getGamePkgDataIncServer(). com.example.batterymanager_utility
07-05 16:13:31.386  3962  6674 D GameManagerService: identifyGamePackage. com.example.batterymanager_utility
07-05 16:13:31.386  3962  6674 D GamePkgDataHelper: getGamePkgData(). com.example.batterymanager_utility
07-05 16:13:31.386  3962  6674 D GamePkgDataHelper: getSosPolicy(). com.example.batterymanager_utility
07-05 16:13:31.387  3962  6674 D GameManagerService: identifyGamePackage. com.example.batterymanager_utility
07-05 16:13:31.387  3962  6674 D GamePkgDataHelper: getGamePkgData(). com.example.batterymanager_utility
07-05 16:13:31.388  3962  6674 D GameManagerService: identifyGamePackage. com.example.batterymanager_utility
07-05 16:13:31.388  3962  6674 D GamePkgDataHelper: getGamePkgData(). com.example.batterymanager_utility
07-05 16:13:31.390  5342  5342 I Launcher: onWindowVisibilityChanged : false
07-05 16:13:31.391  3962  6674 D GameManagerService: identifyGamePackage. com.example.batterymanager_utility
07-05 16:13:31.391  3962  6674 D GamePkgDataHelper: getGamePkgData(). com.example.batterymanager_utility
07-05 16:13:31.393  3962  3978 D WindowManager: set systemUiVisibility : systemUiFlags= 0x608 fullscreenStackSysUiFlags= 0x0
07-05 16:13:31.394  3962  7419 D WindowManager: adjustSystemUiVisibilityLw : vis= 0x608
07-05 16:13:31.395  5342  5643 D OpenGLRenderer: eglDestroySurface = 0x7b94e83580
07-05 16:13:31.396  3962  9323 V WindowManager: Relayout Window{11ea95 u0 com.sec.android.app.launcher/com.sec.android.app.launcher.activities.LauncherActivity}: viewVisibility=8 req=720x1280 WM.LayoutParams{(0,0)(fillxfill) sim=#130 ty=1 fl=#81910d00 pfl=0x20000 fmt=-2 wanim=0x10302ea vsysui=0x700 needsMenuKey=2 colorMode=0 naviIconColor=0}
07-05 16:13:31.400  5342  5342 D ViewRootImpl@20c9527[LauncherActivity]: Relayout returned: old=[0,0][720,1280] new=[0,0][720,1280] result=0x5 surface={valid=false 0} changed=true
07-05 16:13:31.400  5342  5342 D ViewRootImpl@20c9527[LauncherActivity]: MSG_WINDOW_FOCUS_CHANGED 0
07-05 16:13:31.401 12457 12457 I zygote64: no shared libraies, dex_files: 1
07-05 16:13:31.427  4350  4368 D SystemServicesProxy: updateOverviewLastStackActiveTimeAsync: newTime=1688565873198
07-05 16:13:31.427  3962  3972 D SecContentProvider: query(), uri = 17 selection = isSettingsChangesAllowed
07-05 16:13:31.428  3962  3972 D SecContentProvider: called from android.uid.systemui:10009
07-05 16:13:31.429  4350  4565 D SystemServicesProxy: updateOverviewLastStackActiveTimeAsync: done.
07-05 16:13:31.429 12457 12457 I BatteryMgr:App: creating notification channel
07-05 16:13:31.477  3448  3448 I SurfaceFlinger: Display 0 HWC layers:
07-05 16:13:31.477  3448  3448 I SurfaceFlinger:     type    |    handle    | flag |  format   |   source crop (l,t,r,b)    |         frame       | name 
07-05 16:13:31.477  3448  3448 I SurfaceFlinger: ------------+--------------+------+-----------+----------------------------+---------------------+------
07-05 16:13:31.477  3448  3448 I SurfaceFlinger:      Device | 0x7f36df7f80 | 0002 | RGBx_8888 | 280.0    0.0 1000.0 1280.0 |    0    0  720 1280 | com.android.systemui.ImageWallpaper#0
07-05 16:13:31.477  3448  3448 I SurfaceFlinger:      Device | 0x7f347a5140 | 0000 | RGBA_8888 |  21.0   37.0  700.0 1244.0 |    0    0  720 1280 | com.sec.android.app.launcher/com.sec[...]uncher.activities.LauncherActivity#0
07-05 16:13:31.477  3448  3448 I SurfaceFlinger:      Device | 0x7f346689c0 | 0002 | RGBA_8888 |   0.0    0.0  720.0 1280.0 |  133  236  588 1044 | Splash Screen com.example.batterymanager_utility#0
07-05 16:13:31.477  3448  3448 I SurfaceFlinger:      Device | 0x7f3aa240c0 | 0000 | RGBA_8888 |   0.0    0.0  720.0   42.0 |    0    0  720   42 | StatusBar#0
07-05 16:13:31.477  3448  3448 I SurfaceFlinger: 
07-05 16:13:31.515  3962  4094 D MdnieScenarioControlService:  packageName : com.example.batterymanager_utility    className : com.example.batterymanager_utility.MainActivity
07-05 16:13:31.515  3962  4094 V MdnieScenarioControlService: setUIMode from UI function(3)
07-05 16:13:31.520 12457 12476 D OpenGLRenderer: HWUI GL Pipeline
07-05 16:13:31.530 12457 12457 D ViewRootImpl@d0b2c87[MainActivity]: setView = DecorView@cbd47b4[MainActivity] TM=true MM=false
07-05 16:13:31.531  3962  9323 D ActivityManager: post active user change for 0 fullscreen true isHomeActivity() false
07-05 16:13:31.689 12457 12457 W zygote64: Class androidx.compose.runtime.snapshots.SnapshotStateList failed lock verification and will run slower.
07-05 16:13:31.689 12457 12457 W zygote64: Common causes for lock verification issues are non-optimized dex code
07-05 16:13:31.689 12457 12457 W zygote64: and incorrect proguard optimizations.
07-05 16:13:31.783 12457 12462 I zygote64: Do partial code cache collection, code=30KB, data=19KB
07-05 16:13:31.784 12457 12462 I zygote64: After code cache collection, code=30KB, data=19KB
07-05 16:13:31.784 12457 12462 I zygote64: Increasing code cache capacity to 128KB
07-05 16:13:31.827 12469 12469 W ADebug  : Failed to get property persist.sys.media.traces
07-05 16:13:31.828  3448  3448 I SurfaceFlinger: Display 0 HWC layers:
07-05 16:13:31.828  3448  3448 I SurfaceFlinger:     type    |    handle    | flag |  format   |   source crop (l,t,r,b)    |         frame       | name 
07-05 16:13:31.828  3448  3448 I SurfaceFlinger: ------------+--------------+------+-----------+----------------------------+---------------------+------
07-05 16:13:31.828  3448  3448 I SurfaceFlinger:      Device | 0x7f346689c0 | 0002 | RGBA_8888 |   0.0    0.0  720.0 1280.0 |    0    0  720 1280 | Splash Screen com.example.batterymanager_utility#0
07-05 16:13:31.828  3448  3448 I SurfaceFlinger:      Device | 0x7f3aa240c0 | 0000 | RGBA_8888 |   0.0    0.0  720.0   42.0 |    0    0  720   42 | StatusBar#0
07-05 16:13:31.828  3448  3448 I SurfaceFlinger: 
07-05 16:13:31.830 12457 12457 D ViewRootImpl@d0b2c87[MainActivity]: dispatchAttachedToWindow
07-05 16:13:31.830 12469 12469 E appproc : Enhanced Zygote ASLR: ro.knox.enhance.zygote.aslr != 1. Enhanced Zygote ASLR is DISABLED!
07-05 16:13:31.830 12469 12469 D AndroidRuntime: >>>>>> START com.android.internal.os.RuntimeInit uid 2000 <<<<<<
07-05 16:13:31.834 12469 12469 D SecNativeFeatureCppIf: encoded
07-05 16:13:31.834 12469 12469 D SecNativeFeatureCppIf: decoding and unzip finish
07-05 16:13:31.834 12469 12469 D SecNativeFeatureCppIf: use unCompDataBuff. encoded
07-05 16:13:31.834 12469 12469 D SecNativeFeatureCppIf: Free unCompDataBuff
07-05 16:13:31.834 12469 12469 D SecNativeFeatureCppIf: encoded
07-05 16:13:31.834 12469 12469 D SecNativeFeatureCppIf: decoding and unzip finish
07-05 16:13:31.834 12469 12469 D SecNativeFeatureCppIf: use unCompDataBuff. encoded
07-05 16:13:31.834 12469 12469 D SecNativeFeatureCppIf: Free unCompDataBuff
07-05 16:13:31.834 12469 12469 D SecNativeFeatureCppIf: encoded
07-05 16:13:31.834 12469 12469 D SecNativeFeatureCppIf: decoding and unzip finish
07-05 16:13:31.834 12469 12469 D SecNativeFeatureCppIf: use unCompDataBuff. encoded
07-05 16:13:31.835 12469 12469 D SecNativeFeatureCppIf: Free unCompDataBuff
07-05 16:13:31.835 12469 12469 D SecNativeFeatureCppIf: encoded
07-05 16:13:31.835 12469 12469 D SecNativeFeatureCppIf: decoding and unzip finish
07-05 16:13:31.835 12469 12469 D SecNativeFeatureCppIf: use unCompDataBuff. encoded
07-05 16:13:31.835 12469 12469 D SecNativeFeatureCppIf: Free unCompDataBuff
07-05 16:13:31.843  3962  4034 I WindowManager: Destroying surface Surface(name=com.sec.android.app.launcher/com.sec.android.app.launcher.activities.LauncherActivity) called by com.android.server.wm.WindowStateAnimator.destroySurface:2501 com.android.server.wm.WindowStateAnimator.destroySurfaceLocked:985 com.android.server.wm.WindowState.destroyOrSaveSurfaceUnchecked:3670 com.android.server.wm.WindowState.destroySurface:3618 com.android.server.wm.AppWindowToken.destroySurfaces:722 com.android.server.wm.AppWindowToken.destroySurfaces:706 com.android.server.wm.WindowState.onExitAnimationDone:5316 com.android.server.wm.AppWindowAnimator.stepAnimationLocked:508 
07-05 16:13:31.844  3448  3733 I SurfaceFlinger: id=57 Removed com.sec.android.app.launcher/com.sec.android.app.launcher.activities.LauncherActivity#0 (1/4)
07-05 16:13:31.848  3448  3491 I SurfaceFlinger: id=57 Removed com.sec.android.app.launcher/com.sec.android.app.launcher.activities.LauncherActivity#0 (-2/4)
07-05 16:13:31.850  4350  4870 D WallpaperService: dispatchAppVisibility onVisibilityChanged(): false
07-05 16:13:31.851  4350  4350 D ImageWallpaper: onVisibilityChanged: mVisible, visible=true, false
07-05 16:13:31.851  4350  4350 D ImageWallpaper: Visibility changed to visible=false
07-05 16:13:31.851  4350  4350 D WallpaperService: reportVisibility onVisibilityChanged visible: false
07-05 16:13:31.858  3448  3448 I Layer   : id=57 onRemoved com.sec.android.app.launcher/com.sec.android.app.launcher.activities.LauncherActivity#0 
07-05 16:13:31.882  3962  9323 V WindowManager: Relayout Window{4ffb7c8 u0 com.example.batterymanager_utility/com.example.batterymanager_utility.MainActivity}: viewVisibility=0 req=719x1237 WM.LayoutParams{(0,0)(fillxfill) sim=#120 ty=1 fl=#81810100 pfl=0x20000 wanim=0x10302fd vsysui=0x600 needsMenuKey=2 colorMode=0 naviIconColor=0}
07-05 16:13:31.883  3448  3448 I SurfaceFlinger: id=59 createSurf (720x1280),1 flag=404, com.example.batterymanager_utility/com.example.batterymanager_utility.MainActivity#0
07-05 16:13:31.884  3962  9323 V Surface : sf_framedrop debug : 0x4f4c, game : false, logging : 0
07-05 16:13:31.889  3962  9323 D InputDispatcher: Focus entered window: 12457
07-05 16:13:31.895 12457 12457 V Surface : sf_framedrop debug : 0x4f4c, game : false, logging : 0
07-05 16:13:31.896 12457 12457 D ViewRootImpl@d0b2c87[MainActivity]: Relayout returned: old=[0,0][0,0] new=[0,0][720,1280] result=0x7 surface={valid=true 531168833536} changed=true
07-05 16:13:31.901 12457 12476 I OpenGLRenderer: Initialized EGL, version 1.4
07-05 16:13:31.901 12457 12476 D OpenGLRenderer: Swap behavior 2
07-05 16:13:31.906 12457 12476 D libGLESv1: STS_GLApi : DTS, ODTC are not allowed for Package : com.example.batterymanager_utility
07-05 16:13:31.907 12457 12476 D mali_winsys: EGLint new_window_surface(egl_winsys_display *, void *, EGLSurface, EGLConfig, egl_winsys_surface **, egl_color_buffer_format *, EGLBoolean) returns 0x3000,  [720x1280]-format:1
07-05 16:13:31.907 12457 12476 D OpenGLRenderer: eglCreateWindowSurface = 0x7ba91f0880
07-05 16:13:31.919 12457 12457 D Compose Focus: Owner FocusChanged(true)
07-05 16:13:31.956 12469 12469 D ICU     : Timezone override file found: /data/misc/zoneinfo/current/icu/icu_tzdata.dat
07-05 16:13:31.973 12469 12469 I app_process: find the special shared library, skip check
07-05 16:13:31.994  3962  7419 V WindowManager: finishDrawingLocked: mDrawState=COMMIT_DRAW_PENDING Window{4ffb7c8 u0 com.example.batterymanager_utility/com.example.batterymanager_utility.MainActivity} in Surface(name=com.example.batterymanager_utility/com.example.batterymanager_utility.MainActivity)
07-05 16:13:31.996 12457 12457 D ViewRootImpl@d0b2c87[MainActivity]: MSG_RESIZED_REPORT: frame=Rect(0, 0 - 720, 1280) ci=Rect(0, 42 - 0, 0) vi=Rect(0, 42 - 0, 0) or=1
07-05 16:13:31.996 12457 12457 D ViewRootImpl@d0b2c87[MainActivity]: MSG_WINDOW_FOCUS_CHANGED 1
07-05 16:13:32.000  3962  4034 D ViewRootImpl@64b8b57[batterymanager_utility]: dispatchDetachedFromWindow
07-05 16:13:32.000  3962  4034 D InputEventReceiver: channel 'ee90644 Splash Screen com.example.batterymanager_utility (client)' ~ Disposing input event receiver.
07-05 16:13:32.000  3962  4034 D InputEventReceiver: channel 'ee90644 Splash Screen com.example.batterymanager_utility (client)' ~NativeInputEventReceiver.
07-05 16:13:32.004 12457 12457 V InputMethodManager: Starting input: tba=android.view.inputmethod.EditorInfo@6a0dfeb nm : com.example.batterymanager_utility ic=null
07-05 16:13:32.004 12457 12457 I InputMethodManager: startInputInner - mService.startInputOrWindowGainedFocus
07-05 16:13:32.005  3962  7419 D InputMethodManagerService: startInputOrWindowGainedFocus : windowGainedFocus 
07-05 16:13:32.005  3962  7419 D InputMethodManagerService: windowGainedFocus: destinationUserId (getCallingUid) = 0
07-05 16:13:32.005  3962  7419 D InputMethodManagerService: windowGainedFocus: currentUserId=0
07-05 16:13:32.005  3962  7419 D InputMethodManagerService: windowGainedFocus: mCurrentFocusedUserId=0
07-05 16:13:32.005  3962  7419 D InputMethodManagerService: windowGainedFocus : lock - currentUserId = 0 destinationUserId = 0
07-05 16:13:32.005  3962  7419 D InputMethodManagerService: windowGainedFocus : mCurrentFocusedUserId - 0 and mSecureKeypadEnabled - false, userSwitched - false
07-05 16:13:32.006  3962  7419 V InputMethodManagerService: windowGainedFocus : reason=WINDOW_FOCUS_GAIN client=android.os.BinderProxy@74bc9ba inputContext=null missingMethods= attribute=android.view.inputmethod.EditorInfo@63c8874 nm = com.example.batterymanager_utility controlFlags=#105 softInputMode=#120 windowFlags=#81810100
07-05 16:13:32.007  3962  7419 V InputMethodManagerService: hideCurrentInputLocked : shouldHideSoftInput is false
07-05 16:13:32.007  3962  3989 I ActivityManager: Displayed com.example.batterymanager_utility/.MainActivity: +695ms
07-05 16:13:32.007  3962  7419 D InputMethodManagerService: isImeSwitcherDisabledPackage : false
07-05 16:13:32.007  3962  7419 V InputMethodManagerService: Creating new session for client ClientState{711a19d uid 10168 pid 12457}
07-05 16:13:32.007 12469 12469 D SemCscFeature: Encoded
07-05 16:13:32.008  3962  3989 D CustomFrequencyManagerService: acquireDVFSLockLocked : type : DVFS_MIN_LIMIT  frequency : 1560000  uid : 1000  pid : 3962  pkgName : AMS_RESUME_TAIL@CPU_MIN@21
07-05 16:13:32.008  3962  3989 D ActivityManagerPerformance: AMP_acquire() TAIL
07-05 16:13:32.008  3962  3989 D CustomFrequencyManagerService: releaseDVFSLockLocked : Getting Lock type frm List : DVFS_MIN_LIMIT  frequency : 1560000  uid : 1000  pid : 3962  tag : AMS_APP_SWITCH@CPU_MIN@15
07-05 16:13:32.009  3962  3989 D ActivityManagerPerformance: AMP_release() APP_SWITCH
07-05 16:13:32.011 12469 12469 I chatty  : uid=2000(shell) identical 2 lines
07-05 16:13:32.012 12469 12469 D SemCscFeature: Encoded
07-05 16:13:32.012  3962  7419 D InputMethodManagerService: setCurrentInputInfo - inputContext : null eidtorInfo : android.view.inputmethod.EditorInfo@63c8874 missingMethods : 0
07-05 16:13:32.013  4345  4345 I InputMethodWrapper:  call dispatchStartInputWithToken
07-05 16:13:32.013  4345  4345 I InputMethodService: dispatchStartInputWithToken
07-05 16:13:32.013  4345  4345 I SKBD    : SamsungKeypad [IMI] onStartInput - caller pid : 12457, caller uid : 10168
07-05 16:13:32.014 12469 12469 E SemAffinityControl: SemAffinityControl: registerfunction enter
07-05 16:13:32.020 12469 12469 D AndroidRuntime: Calling main entry com.android.commands.monkey.Monkey
07-05 16:13:32.028 12457 12457 V InputMethodManager: Starting input: tba=android.view.inputmethod.EditorInfo@17b2148 nm : com.example.batterymanager_utility ic=null
07-05 16:13:32.038  5342  5342 D StageManager: saved stages : inStack [1] , outStack[2]
07-05 16:13:32.044  3448  3448 I SurfaceFlinger: Display 0 HWC layers:
07-05 16:13:32.044  3448  3448 I SurfaceFlinger:     type    |    handle    | flag |  format   |   source crop (l,t,r,b)    |         frame       | name 
07-05 16:13:32.044  3448  3448 I SurfaceFlinger: ------------+--------------+------+-----------+----------------------------+---------------------+------
07-05 16:13:32.044  3448  3448 I SurfaceFlinger:      Device | 0x7f3aa24600 | 0002 | RGBA_8888 |   0.0    0.0  720.0 1280.0 |    0    0  720 1280 | com.example.batterymanager_utility/c[...]atterymanager_utility.MainActivity#0
07-05 16:13:32.044  3448  3448 I SurfaceFlinger:      Device | 0x7f346689c0 | 0002 | RGBA_8888 |   0.0    0.0  720.0 1280.0 |    0    0  720 1280 | Splash Screen com.example.batterymanager_utility#0
07-05 16:13:32.044  3448  3448 I SurfaceFlinger:      Device | 0x7f3aa240c0 | 0000 | RGBA_8888 |   0.0    0.0  720.0   42.0 |    0    0  720   42 | StatusBar#0
07-05 16:13:32.044  3448  3448 I SurfaceFlinger: 
07-05 16:13:32.051  3962  3977 W BroadcastQueue: Skipping deliver [background] BroadcastRecord{d6bba99 u-1 android.net.conn.CONNECTIVITY_CHANGE} to ReceiverList{50f415e 12469 (unknown name)/2000/u-1 remote:4a9d1e3}: process gone or crashing
07-05 16:13:32.074  3962  7419 I ActivityManager: START u0 {act=android.intent.action.MAIN typ=null flg=0x10200000 cmp=ComponentInfo{e.www.cameratest/e.www.cameratest.MainActivity}} from uid 2000
07-05 16:13:32.074  3962  7419 W Binder  : Outgoing transactions from this process must be FLAG_ONEWAY
07-05 16:13:32.074  3962  7419 W Binder  : java.lang.Throwable
07-05 16:13:32.074  3962  7419 W Binder  : 	at android.os.BinderProxy.transact(Binder.java:744)
07-05 16:13:32.074  3962  7419 W Binder  : 	at android.app.IActivityController$Stub$Proxy.activityStarting(IActivityController.java:172)
07-05 16:13:32.074  3962  7419 W Binder  : 	at com.android.server.am.ActivityStarter.startActivity(ActivityStarter.java:648)
07-05 16:13:32.074  3962  7419 W Binder  : 	at com.android.server.am.ActivityStarter.startActivityLocked(ActivityStarter.java:410)
07-05 16:13:32.074  3962  7419 W Binder  : 	at com.android.server.am.ActivityStarter.startActivityMayWait(ActivityStarter.java:1283)
07-05 16:13:32.074  3962  7419 W Binder  : 	at com.android.server.am.ActivityManagerService.startActivityAsUser(ActivityManagerService.java:6033)
07-05 16:13:32.074  3962  7419 W Binder  : 	at com.android.server.am.ActivityManagerService.startActivity(ActivityManagerService.java:5885)
07-05 16:13:32.074  3962  7419 W Binder  : 	at android.app.IActivityManager$Stub.onTransact(IActivityManager.java:121)
07-05 16:13:32.074  3962  7419 W Binder  : 	at com.android.server.am.ActivityManagerService.onTransact(ActivityManagerService.java:3861)
07-05 16:13:32.074  3962  7419 W Binder  : 	at android.os.Binder.execTransact(Binder.java:682)
07-05 16:13:32.078  3962  7419 D CustomFrequencyManagerService: acquireDVFSLockLocked : type : DVFS_MIN_LIMIT  frequency : 1560000  uid : 1000  pid : 3962  pkgName : AMS_APP_SWITCH@CPU_MIN@15
07-05 16:13:32.079  3962  7419 D ActivityManagerPerformance: AMP_acquire() APP_SWITCH
07-05 16:13:32.079  3962  4991 D ActivityManagerPerformance: Received MSG_CFMS_HINT_AMS_SWITCH pkgName: e.www.cameratest
07-05 16:13:32.086  3962  7419 D ActivityManager: isScaleDownAnimationEnabled() : false
07-05 16:13:32.086  3962  3972 V WindowManager: rotationForOrientationLw(orient=-1, last=0); user=0  sensorRotation=-1 mLidState=-1 mDockMode=0 mHdmiPlugged=false
07-05 16:13:32.087  3962  7419 D StorageManagerService: getExternalStorageMountMode : 1
07-05 16:13:32.087  3962  3972 V WindowManager: rotationForOrientationLw(orient=-1, last=0); user=0  sensorRotation=-1 mLidState=-1 mDockMode=0 mHdmiPlugged=false
07-05 16:13:32.087  3962  7419 D StorageManagerService: getExternalStorageMountMode : 3
07-05 16:13:32.088  3962  7419 D StorageManagerService: getExternalStorageMountMode : final mountMode=1, uid : 10163, packageName : e.www.cameratest
07-05 16:13:32.090  3962  7419 I ApplicationPolicy: isApplicationExternalStorageWhitelisted:e.www.cameratest user:0
07-05 16:13:32.090  3962  7419 D ApplicationPolicy: isApplicationExternalStorageWhitelisted: DO is not enabled on user 0. Allowed.
07-05 16:13:32.090  3962  7419 D ActivityManager: package  e.www.cameratest, user - 0 is SDcard whitelisted
07-05 16:13:32.090  3962  7419 I ApplicationPolicy: isApplicationExternalStorageBlacklisted:e.www.cameratest user:0
07-05 16:13:32.090  3962  7419 D ApplicationPolicy: isApplicationExternalStorageBlacklisted: DO is not enabled on user 0. Allowed.
07-05 16:13:32.091  3962  4034 D ViewRootImpl@393e7c2[cameratest]: setView = DecorView@1b4d910[cameratest] TM=true MM=false
07-05 16:13:32.102 12501 12501 E Zygote  : isWhitelistProcess - Process is Whitelisted
07-05 16:13:32.102  3962  7419 I ActivityManager: Start proc 12501:e.www.cameratest/u0a163 for activity e.www.cameratest/.MainActivity
07-05 16:13:32.103 12501 12501 E libpersona: scanKnoxPersonas
07-05 16:13:32.103 12501 12501 E libpersona: Couldn't open the File - /data/system/users/0/personalist.xml - No such file or directory
07-05 16:13:32.104 12501 12501 W SELinux : SELinux selinux_android_compute_policy_index : Policy Index[2],  Con:u:r:zygote:s0 RAM:SEPF_SM-J720F_8.0.0_0002, [-1 -1 -1 -1 0 1]
07-05 16:13:32.105 12501 12501 I SELinux : SELinux: seapp_context_lookup: seinfo=untrusted, level=s0:c512,c768, pkgname=e.www.cameratest 
07-05 16:13:32.106 12501 12501 I zygote64: Late-enabling -Xcheck:jni
07-05 16:13:32.109  3962  4034 D ViewRootImpl@393e7c2[cameratest]: dispatchAttachedToWindow
07-05 16:13:32.110  3962  4034 V WindowManager: Relayout Window{8a2f9d3 u0 Splash Screen e.www.cameratest}: viewVisibility=0 req=719x1237 WM.LayoutParams{(0,0)(fillxfill) sim=#20 ty=3 fl=#81830118 pfl=0x20011 wanim=0x10302fd vsysui=0x600 needsMenuKey=2 colorMode=0 naviIconColor=0}
07-05 16:13:32.111  3448  3448 I SurfaceFlinger: id=60 createSurf (720x1280),1 flag=404, Splash Screen e.www.cameratest#0
07-05 16:13:32.112  3962  4034 V Surface : sf_framedrop debug : 0x4f4c, game : false, logging : 0
07-05 16:13:32.113 12469 12469 I com.android.commands.monkey: System.exit called, status: 0
07-05 16:13:32.113 12469 12469 I AndroidRuntime: VM exiting with result code 0.
07-05 16:13:32.115  3962  4034 D InputDispatcher: Focus left window: 12457
07-05 16:13:32.116  3962  4034 D ViewRootImpl@393e7c2[cameratest]: Relayout returned: old=[0,0][0,0] new=[0,0][720,1280] result=0x7 surface={valid=true 530365169664} changed=true
07-05 16:13:32.116 12457 12457 D ViewRootImpl@d0b2c87[MainActivity]: MSG_WINDOW_FOCUS_CHANGED 0
07-05 16:13:32.117  3962  4034 D ViewRootImpl@393e7c2[cameratest]: MSG_RESIZED_REPORT: frame=Rect(0, 0 - 720, 1280) ci=Rect(0, 42 - 0, 0) vi=Rect(0, 42 - 0, 0) or=1
07-05 16:13:32.117  3962  3978 V WindowManager: rotationForOrientationLw(orient=-1, last=0); user=0  sensorRotation=-1 mLidState=-1 mDockMode=0 mHdmiPlugged=false
07-05 16:13:32.121  3962  3978 V WindowManager: rotationForOrientationLw(orient=-1, last=0); user=0  sensorRotation=-1 mLidState=-1 mDockMode=0 mHdmiPlugged=false
07-05 16:13:32.131  3962  4034 V WindowManager: finishDrawingLocked: mDrawState=COMMIT_DRAW_PENDING Window{8a2f9d3 u0 Splash Screen e.www.cameratest} in Surface(name=Splash Screen e.www.cameratest)
07-05 16:13:32.146 12501 12501 D TimaKeyStoreProvider: TimaKeyStore is not enabled: cannot add TimaSignature Service and generateKeyPair Service
07-05 16:13:32.146 12501 12501 D ActivityThread: Added TimaKeyStore provider
07-05 16:13:32.149  3962  7419 I ActivityManager: DSS on for e.www.cameratest and scale is 1.0
07-05 16:13:32.155  3962  7419 D PersonaManagerService: Current focused persona service handled id set to : 0
07-05 16:13:32.155  3962  7419 D InputDispatcher: Focused application set to: xxxx
07-05 16:13:32.156  3962  7419 D MARsPolicyManager: onPackageResumedFG pkgName = e.www.cameratest, userId = 0
07-05 16:13:32.156  3962  4218 D GameManagerService: handleForegroundChange(). pkgName: e.www.cameratest, clsName: e.www.cameratest.MainActivity,FgActivityName:e.www.cameratest/.MainActivity
07-05 16:13:32.157  3962  4218 D GameManagerService: sem_perfomance_mode: 3
07-05 16:13:32.157  3962  4218 D GameManagerService: notifyResumePause(). pkg: e.www.cameratest, type: 4, isMinimized: false, isTunableApp: false
07-05 16:13:32.157  3962  4218 D GameManagerService:   notifyResumePause(). unexpected mPrevNotiType: -1
07-05 16:13:32.177  3448  3448 V Surface : sf_framedrop debug : 0x4f4c, game : false, logging : 0
07-05 16:13:32.178 12457 12476 D OpenGLRenderer: eglDestroySurface = 0x7ba91f0880
07-05 16:13:32.189  3962  7419 D TaskSnapshotCache: putSnapshot mTaskId=135 RunningCache size=1
07-05 16:13:32.194  3448  3448 I SurfaceFlinger: id=61 createSurf (16x16),-1 flag=20004, animation background stackId=1#0
07-05 16:13:32.205 12501 12501 I zygote64: no shared libraies, dex_files: 1
07-05 16:13:32.209  3962  4034 I WindowManager: Destroying surface Surface(name=Splash Screen com.example.batterymanager_utility) called by com.android.server.wm.WindowStateAnimator.destroySurface:2501 com.android.server.wm.WindowStateAnimator.destroySurfaceLocked:985 com.android.server.wm.WindowState.destroyOrSaveSurfaceUnchecked:3670 com.android.server.wm.WindowState.destroySurface:3618 com.android.server.wm.AppWindowToken.destroySurfaces:722 com.android.server.wm.AppWindowToken.destroySurfaces:706 com.android.server.wm.WindowState.onExitAnimationDone:5316 com.android.server.wm.WindowStateAnimator.stepAnimationLocked:550 
07-05 16:13:32.210  3448  3733 I SurfaceFlinger: id=58 Removed Splash Screen com.example.batterymanager_utility#0 (4/6)
07-05 16:13:32.212  3448  3448 I SurfaceFlinger: Display 0 HWC layers:
07-05 16:13:32.212  3448  3448 I SurfaceFlinger:     type    |    handle    | flag |  format   |   source crop (l,t,r,b)    |         frame       | name 
07-05 16:13:32.212  3448  3448 I SurfaceFlinger: ------------+--------------+------+-----------+----------------------------+---------------------+------
07-05 16:13:32.212  3448  3448 I SurfaceFlinger:      Client |              | 0000 |  Unknown  |  -0.2   -0.2   -0.8   -0.8 |    0    0  720 1280 | animation background stackId=1#0
07-05 16:13:32.212  3448  3448 I SurfaceFlinger:      Client | 0x7f3aa24600 | 0002 | RGBA_8888 |   0.0    0.0  720.0 1280.0 |    0    0  720 1279 | com.example.batterymanager_utility/c[...]atterymanager_utility.MainActivity#0
07-05 16:13:32.212  3448  3448 I SurfaceFlinger:      Device | 0x7f3aa240c0 | 0000 | RGBA_8888 |   0.0    0.0  720.0   42.0 |    0    0  720   42 | StatusBar#0
07-05 16:13:32.212  3448  3448 I SurfaceFlinger: 
07-05 16:13:32.215  3962  3972 V WindowManager: Relayout Window{4ffb7c8 u0 com.example.batterymanager_utility/com.example.batterymanager_utility.MainActivity}: viewVisibility=8 req=720x1280 WM.LayoutParams{(0,0)(fillxfill) sim=#120 ty=1 fl=#81810100 pfl=0x20000 wanim=0x10302fd vsysui=0x600 needsMenuKey=2 colorMode=0 naviIconColor=0}
07-05 16:13:32.219  3448  3491 I SurfaceFlinger: id=58 Removed Splash Screen com.example.batterymanager_utility#0 (-2/6)
07-05 16:13:32.219 12457 12457 D ViewRootImpl@d0b2c87[MainActivity]: Relayout returned: old=[0,0][720,1280] new=[0,0][720,1280] result=0x5 surface={valid=false 0} changed=true
07-05 16:13:32.221  3962  4094 D MdnieScenarioControlService:  packageName : e.www.cameratest    className : e.www.cameratest.MainActivity
07-05 16:13:32.221  3962  4094 V MdnieScenarioControlService: setUIMode from UI function(3)
07-05 16:13:32.222  3962  6674 D GamePkgDataHelper: getGamePkgDataIncServer(). e.www.cameratest
07-05 16:13:32.223  3962  6674 D GameManagerService: identifyGamePackage. e.www.cameratest
07-05 16:13:32.223  3962  6674 D GamePkgDataHelper: getGamePkgData(). e.www.cameratest
07-05 16:13:32.223  3962  6674 D GamePkgDataHelper: getSosPolicy(). e.www.cameratest
07-05 16:13:32.223  3962  6674 D GameManagerService: identifyGamePackage. e.www.cameratest
07-05 16:13:32.224  3962  6674 D GamePkgDataHelper: getGamePkgData(). e.www.cameratest
07-05 16:13:32.225  3448  3448 I Layer   : id=58 onRemoved Splash Screen com.example.batterymanager_utility#0 
07-05 16:13:32.225  3962  3978 D WindowManager: set systemUiVisibility : systemUiFlags= 0x608 fullscreenStackSysUiFlags= 0x0
07-05 16:13:32.226  3962  6674 D GameManagerService: identifyGamePackage. e.www.cameratest
07-05 16:13:32.226  3962  6674 D GamePkgDataHelper: getGamePkgData(). e.www.cameratest
07-05 16:13:32.227  3962  6674 D GameManagerService: identifyGamePackage. e.www.cameratest
07-05 16:13:32.227  3962  6674 D GamePkgDataHelper: getGamePkgData(). e.www.cameratest
07-05 16:13:32.233  4350  4870 D SystemServicesProxy: updateOverviewLastStackActiveTimeAsync: newTime=1688565873198
07-05 16:13:32.233  3962  3972 D SecContentProvider: query(), uri = 17 selection = isSettingsChangesAllowed
07-05 16:13:32.234  3962  3972 D SecContentProvider: called from android.uid.systemui:10009
07-05 16:13:32.234  4350  4565 D SystemServicesProxy: updateOverviewLastStackActiveTimeAsync: done.
07-05 16:13:32.236  3962  3972 D PackageManager: getComponentMetadataForIconTray : com.example.batterymanager_utility.MainActivity does not exist in mServices
07-05 16:13:32.236  3962  3972 D PackageManager: getComponentMetadataForIconTray : com.example.batterymanager_utility.MainActivity does not exist in mProviders
07-05 16:13:32.236  3962  3972 D PackageManager: getComponentMetadataForIconTray : com.example.batterymanager_utility.MainActivity does not exist in mReceivers
07-05 16:13:32.237  4350  4870 D ApplicationPackageManager: updateItemMetaDataForFixedIconScale: package: com.example.batterymanager_utility
07-05 16:13:32.237  3962  3972 D PackageManager: getSelectedMetaData : packageName(com.example.batterymanager_utility) or Metadata strings {[Ljava.lang.String;@9e5d04b}
07-05 16:13:32.237  4350  4870 I ApplicationPackageManager: load=com.example.batterymanager_utility, bg=144-144, dr=189-189, forDefault=true, density=0
07-05 16:13:32.240  4350  4870 I ApplicationPackageManager: scaled rate=0.72, size=189, alpha=54, hold=102
07-05 16:13:32.240  4350  4870 D ApplicationPackageManager: iconScale: getScale(): 0.72 getAlpha(): 54
07-05 16:13:32.242  4350  4870 I ApplicationPackageManager: load=com.example.batterymanager_utility-contain, bg=112-112, dr=189-189
07-05 16:13:32.301 12501 12501 I zygote64: Rejecting re-init on previously-failed class java.lang.Class<androidx.core.view.ViewCompat$2>: java.lang.NoClassDefFoundError: Failed resolution of: Landroid/view/View$OnUnhandledKeyEventListener;
07-05 16:13:32.301 12501 12501 I zygote64:   at void androidx.core.view.ViewCompat.setOnApplyWindowInsetsListener(android.view.View, androidx.core.view.OnApplyWindowInsetsListener) (ViewCompat.java:2421)
07-05 16:13:32.301 12501 12501 I zygote64:   at android.view.ViewGroup androidx.appcompat.app.AppCompatDelegateImpl.createSubDecor() (AppCompatDelegateImpl.java:779)
07-05 16:13:32.301 12501 12501 I zygote64:   at void androidx.appcompat.app.AppCompatDelegateImpl.ensureSubDecor() (AppCompatDelegateImpl.java:659)
07-05 16:13:32.301 12501 12501 I zygote64:   at void androidx.appcompat.app.AppCompatDelegateImpl.setContentView(int) (AppCompatDelegateImpl.java:552)
07-05 16:13:32.301 12501 12501 I zygote64:   at void androidx.appcompat.app.AppCompatActivity.setContentView(int) (AppCompatActivity.java:161)
07-05 16:13:32.301 12501 12501 I zygote64:   at void e.www.cameratest.MainActivity.onCreate(android.os.Bundle) (MainActivity.kt:109)
07-05 16:13:32.301 12501 12501 I zygote64:   at void android.app.Activity.performCreate(android.os.Bundle) (Activity.java:7174)
07-05 16:13:32.301 12501 12501 I zygote64:   at void android.app.Instrumentation.callActivityOnCreate(android.app.Activity, android.os.Bundle) (Instrumentation.java:1220)
07-05 16:13:32.301 12501 12501 I zygote64:   at android.app.Activity android.app.ActivityThread.performLaunchActivity(android.app.ActivityThread$ActivityClientRecord, android.content.Intent) (ActivityThread.java:2910)
07-05 16:13:32.301 12501 12501 I zygote64:   at void android.app.ActivityThread.handleLaunchActivity(android.app.ActivityThread$ActivityClientRecord, android.content.Intent, java.lang.String) (ActivityThread.java:3032)
07-05 16:13:32.301 12501 12501 I zygote64:   at void android.app.ActivityThread.-wrap11(android.app.ActivityThread, android.app.ActivityThread$ActivityClientRecord, android.content.Intent, java.lang.String) (ActivityThread.java:-1)
07-05 16:13:32.301 12501 12501 I zygote64:   at void android.app.ActivityThread$H.handleMessage(android.os.Message) (ActivityThread.java:1696)
07-05 16:13:32.301 12501 12501 I zygote64:   at void android.os.Handler.dispatchMessage(android.os.Message) (Handler.java:105)
07-05 16:13:32.301 12501 12501 I zygote64:   at void android.os.Looper.loop() (Looper.java:164)
07-05 16:13:32.301 12501 12501 I zygote64:   at void android.app.ActivityThread.main(java.lang.String[]) (ActivityThread.java:6940)
07-05 16:13:32.301 12501 12501 I zygote64:   at java.lang.Object java.lang.reflect.Method.invoke(java.lang.Object, java.lang.Object[]) (Method.java:-2)
07-05 16:13:32.301 12501 12501 I zygote64:   at void com.android.internal.os.Zygote$MethodAndArgsCaller.run() (Zygote.java:327)
07-05 16:13:32.301 12501 12501 I zygote64:   at void com.android.internal.os.ZygoteInit.main(java.lang.String[]) (ZygoteInit.java:1374)
07-05 16:13:32.301 12501 12501 I zygote64: Caused by: java.lang.ClassNotFoundException: Didn't find class "android.view.View$OnUnhandledKeyEventListener" on path: DexPathList[[zip file "/data/app/e.www.cameratest-5vETgFPg547_OEZQre8DAg==/base.apk"],nativeLibraryDirectories=[/data/app/e.www.cameratest-5vETgFPg547_OEZQre8DAg==/lib/arm64, /system/lib64, /vendor/lib64]]
07-05 16:13:32.301 12501 12501 I zygote64:   at java.lang.Class dalvik.system.BaseDexClassLoader.findClass(java.lang.String) (BaseDexClassLoader.java:93)
07-05 16:13:32.301 12501 12501 I zygote64:   at java.lang.Class java.lang.ClassLoader.loadClass(java.lang.String, boolean) (ClassLoader.java:379)
07-05 16:13:32.301 12501 12501 I zygote64:   at java.lang.Class java.lang.ClassLoader.loadClass(java.lang.String) (ClassLoader.java:312)
07-05 16:13:32.301 12501 12501 I zygote64:   at void androidx.core.view.ViewCompat.setOnApplyWindowInsetsListener(android.view.View, androidx.core.view.OnApplyWindowInsetsListener) (ViewCompat.java:2421)
07-05 16:13:32.301 12501 12501 I zygote64:   at android.view.ViewGroup androidx.appcompat.app.AppCompatDelegateImpl.createSubDecor() (AppCompatDelegateImpl.java:779)
07-05 16:13:32.301 12501 12501 I zygote64:   at void androidx.appcompat.app.AppCompatDelegateImpl.ensureSubDecor() (AppCompatDelegateImpl.java:659)
07-05 16:13:32.301 12501 12501 I zygote64:   at void androidx.appcompat.app.AppCompatDelegateImpl.setContentView(int) (AppCompatDelegateImpl.java:552)
07-05 16:13:32.301 12501 12501 I zygote64:   at void androidx.appcompat.app.AppCompatActivity.setContentView(int) (AppCompatActivity.java:161)
07-05 16:13:32.301 12501 12501 I zygote64:   at void e.www.cameratest.MainActivity.onCreate(android.os.Bundle) (MainActivity.kt:109)
07-05 16:13:32.301 12501 12501 I zygote64:   at void android.app.Activity.performCreate(android.os.Bundle) (Activity.java:7174)
07-05 16:13:32.301 12501 12501 I zygote64:   at void android.app.Instrumentation.callActivityOnCreate(android.app.Activity, android.os.Bundle) (Instrumentation.java:1220)
07-05 16:13:32.301 12501 12501 I zygote64:   at android.app.Activity android.app.ActivityThread.performLaunchActivity(android.app.ActivityThread$ActivityClientRecord, android.content.Intent) (ActivityThread.java:2910)
07-05 16:13:32.301 12501 12501 I zygote64:   at void android.app.ActivityThread.handleLaunchActivity(android.app.ActivityThread$ActivityClientRecord, android.content.Intent, java.lang.String) (ActivityThread.java:3032)
07-05 16:13:32.301 12501 12501 I zygote64:   at void android.app.ActivityThread.-wrap11(android.app.ActivityThread, android.app.ActivityThread$ActivityClientRecord, android.content.Intent, java.lang.String) (ActivityThread.java:-1)
07-05 16:13:32.301 12501 12501 I zygote64:   at void android.app.ActivityThread$H.handleMessage(android.os.Message) (ActivityThread.java:1696)
07-05 16:13:32.301 12501 12501 I zygote64:   at void android.os.Handler.dispatchMessage(android.os.Message) (Handler.java:105)
07-05 16:13:32.301 12501 12501 I zygote64:   at void android.os.Looper.loop() (Looper.java:164)
07-05 16:13:32.301 12501 12501 I zygote64:   at void android.app.ActivityThread.main(java.lang.String[]) (ActivityThread.java:6940)
07-05 16:13:32.301 12501 12501 I zygote64:   at java.lang.Object java.lang.reflect.Method.invoke(java.lang.Object, java.lang.Object[]) (Method.java:-2)
07-05 16:13:32.301 12501 12501 I zygote64:   at void com.android.internal.os.Zygote$MethodAndArgsCaller.run() (Zygote.java:327)
07-05 16:13:32.301 12501 12501 I zygote64:   at void com.android.internal.os.ZygoteInit.main(java.lang.String[]) (ZygoteInit.java:1374)
07-05 16:13:32.301 12501 12501 I zygote64: 
07-05 16:13:32.302 12501 12501 I zygote64: Rejecting re-init on previously-failed class java.lang.Class<androidx.core.view.ViewCompat$2>: java.lang.NoClassDefFoundError: Failed resolution of: Landroid/view/View$OnUnhandledKeyEventListener;
07-05 16:13:32.302 12501 12501 I zygote64:   at void androidx.core.view.ViewCompat.setOnApplyWindowInsetsListener(android.view.View, androidx.core.view.OnApplyWindowInsetsListener) (ViewCompat.java:2421)
07-05 16:13:32.302 12501 12501 I zygote64:   at android.view.ViewGroup androidx.appcompat.app.AppCompatDelegateImpl.createSubDecor() (AppCompatDelegateImpl.java:779)
07-05 16:13:32.302 12501 12501 I zygote64:   at void androidx.appcompat.app.AppCompatDelegateImpl.ensureSubDecor() (AppCompatDelegateImpl.java:659)
07-05 16:13:32.302 12501 12501 I zygote64:   at void androidx.appcompat.app.AppCompatDelegateImpl.setContentView(int) (AppCompatDelegateImpl.java:552)
07-05 16:13:32.302 12501 12501 I zygote64:   at void androidx.appcompat.app.AppCompatActivity.setContentView(int) (AppCompatActivity.java:161)
07-05 16:13:32.302 12501 12501 I zygote64:   at void e.www.cameratest.MainActivity.onCreate(android.os.Bundle) (MainActivity.kt:109)
07-05 16:13:32.302 12501 12501 I zygote64:   at void android.app.Activity.performCreate(android.os.Bundle) (Activity.java:7174)
07-05 16:13:32.302 12501 12501 I zygote64:   at void android.app.Instrumentation.callActivityOnCreate(android.app.Activity, android.os.Bundle) (Instrumentation.java:1220)
07-05 16:13:32.302 12501 12501 I zygote64:   at android.app.Activity android.app.ActivityThread.performLaunchActivity(android.app.ActivityThread$ActivityClientRecord, android.content.Intent) (ActivityThread.java:2910)
07-05 16:13:32.302 12501 12501 I zygote64:   at void android.app.ActivityThread.handleLaunchActivity(android.app.ActivityThread$ActivityClientRecord, android.content.Intent, java.lang.String) (ActivityThread.java:3032)
07-05 16:13:32.302 12501 12501 I zygote64:   at void android.app.ActivityThread.-wrap11(android.app.ActivityThread, android.app.ActivityThread$ActivityClientRecord, android.content.Intent, java.lang.String) (ActivityThread.java:-1)
07-05 16:13:32.302 12501 12501 I zygote64:   at void android.app.ActivityThread$H.handleMessage(android.os.Message) (ActivityThread.java:1696)
07-05 16:13:32.302 12501 12501 I zygote64:   at void android.os.Handler.dispatchMessage(android.os.Message) (Handler.java:105)
07-05 16:13:32.302 12501 12501 I zygote64:   at void android.os.Looper.loop() (Looper.java:164)
07-05 16:13:32.302 12501 12501 I zygote64:   at void android.app.ActivityThread.main(java.lang.String[]) (ActivityThread.java:6940)
07-05 16:13:32.302 12501 12501 I zygote64:   at java.lang.Object java.lang.reflect.Method.invoke(java.lang.Object, java.lang.Object[]) (Method.java:-2)
07-05 16:13:32.302 12501 12501 I zygote64:   at void com.android.internal.os.Zygote$MethodAndArgsCaller.run() (Zygote.java:327)
07-05 16:13:32.302 12501 12501 I zygote64:   at void com.android.internal.os.ZygoteInit.main(java.lang.String[]) (ZygoteInit.java:1374)
07-05 16:13:32.302 12501 12501 I zygote64: Caused by: java.lang.ClassNotFoundException: Didn't find class "android.view.View$OnUnhandledKeyEventListener" on path: DexPathList[[zip file "/data/app/e.www.cameratest-5vETgFPg547_OEZQre8DAg==/base.apk"],nativeLibraryDirectories=[/data/app/e.www.cameratest-5vETgFPg547_OEZQre8DAg==/lib/arm64, /system/lib64, /vendor/lib64]]
07-05 16:13:32.302 12501 12501 I zygote64:   at java.lang.Class dalvik.system.BaseDexClassLoader.findClass(java.lang.String) (BaseDexClassLoader.java:93)
07-05 16:13:32.302 12501 12501 I zygote64:   at java.lang.Class java.lang.ClassLoader.loadClass(java.lang.String, boolean) (ClassLoader.java:379)
07-05 16:13:32.302 12501 12501 I zygote64:   at java.lang.Class java.lang.ClassLoader.loadClass(java.lang.String) (ClassLoader.java:312)
07-05 16:13:32.302 12501 12501 I zygote64:   at void androidx.core.view.ViewCompat.setOnApplyWindowInsetsListener(android.view.View, androidx.core.view.OnApplyWindowInsetsListener) (ViewCompat.java:2421)
07-05 16:13:32.302 12501 12501 I zygote64:   at android.view.ViewGroup androidx.appcompat.app.AppCompatDelegateImpl.createSubDecor() (AppCompatDelegateImpl.java:779)
