07-05 21:51:46.414 14442 14558 I BatteryMgr:DataCollectionService: stats => 1688586706414,-223632,4257
07-05 21:51:46.429 14442 14558 I BatteryMgr:DataCollectionService: stats => 1688586706429,-223632,4257
07-05 21:51:46.436  1331 14528 E qdmetadata: Unknown paramType 4096
07-05 21:51:46.452 14442 14558 I BatteryMgr:DataCollectionService: stats => 1688586706452,-223632,4257
07-05 21:51:46.467 14442 14558 I BatteryMgr:DataCollectionService: stats => 1688586706467,-223632,4257
07-05 21:51:46.471  1331 14528 E qdmetadata: Unknown paramType 4096
07-05 21:51:46.482 14442 14558 I BatteryMgr:DataCollectionService: stats => 1688586706482,-223632,4257
07-05 21:51:46.496 14442 14558 I BatteryMgr:DataCollectionService: stats => 1688586706495,-223632,4257
07-05 21:51:46.502  1331 14528 E qdmetadata: Unknown paramType 4096
07-05 21:51:46.509 14442 14558 I BatteryMgr:DataCollectionService: stats => 1688586706509,-223632,4257
07-05 21:51:46.524 14442 14558 I BatteryMgr:DataCollectionService: stats => 1688586706524,-223632,4257
07-05 21:51:46.538  1331 14528 E qdmetadata: Unknown paramType 4096
07-05 21:51:46.539 14442 14558 I BatteryMgr:DataCollectionService: stats => 1688586706539,-223632,4257
07-05 21:51:46.554 14442 14558 I BatteryMgr:DataCollectionService: stats => 1688586706554,-223632,4257
07-05 21:51:46.568 14442 14558 I BatteryMgr:DataCollectionService: stats => 1688586706568,-223632,4257
07-05 21:51:46.570  1331 14528 E qdmetadata: Unknown paramType 4096
07-05 21:51:46.583 14442 14558 I BatteryMgr:DataCollectionService: stats => 1688586706583,-223632,4257
07-05 21:51:46.597 14442 14558 I BatteryMgr:DataCollectionService: stats => 1688586706597,-223632,4257
07-05 21:51:46.603  1331 14528 E qdmetadata: Unknown paramType 4096
07-05 21:51:46.612 14442 14558 I BatteryMgr:DataCollectionService: stats => 1688586706612,-223632,4257
07-05 21:51:46.627 14442 14558 I BatteryMgr:DataCollectionService: stats => 1688586706627,-223632,4257
07-05 21:51:46.636  1331 14528 E qdmetadata: Unknown paramType 4096
07-05 21:51:46.642 14442 14558 I BatteryMgr:DataCollectionService: stats => 1688586706642,-280761,4257
07-05 21:51:46.663 14442 14558 I BatteryMgr:DataCollectionService: stats => 1688586706663,-280761,4257
07-05 21:51:46.670  1331 14528 E qdmetadata: Unknown paramType 4096
07-05 21:51:46.684 14442 14558 I BatteryMgr:DataCollectionService: stats => 1688586706684,-280761,4257
07-05 21:51:46.699 14442 14558 I BatteryMgr:DataCollectionService: stats => 1688586706699,-280761,4257
07-05 21:51:46.704  1331 14528 E qdmetadata: Unknown paramType 4096
07-05 21:51:46.714 14442 14558 I BatteryMgr:DataCollectionService: stats => 1688586706714,-280761,4257
07-05 21:51:46.733 14442 14558 I BatteryMgr:DataCollectionService: stats => 1688586706733,-280761,4257
07-05 21:51:46.737  1331 14528 E qdmetadata: Unknown paramType 4096
07-05 21:51:46.748 14442 14558 I BatteryMgr:DataCollectionService: stats => 1688586706748,-280761,4257
07-05 21:51:46.765 14442 14558 I BatteryMgr:DataCollectionService: stats => 1688586706765,-280761,4257
07-05 21:51:46.770  1331 14528 E qdmetadata: Unknown paramType 4096
07-05 21:51:46.781 14442 14558 I BatteryMgr:DataCollectionService: stats => 1688586706781,-280761,4257
07-05 21:51:46.799 14442 14558 I BatteryMgr:DataCollectionService: stats => 1688586706799,-280761,4257
07-05 21:51:46.805  1331 14528 E qdmetadata: Unknown paramType 4096
07-05 21:51:46.813 14442 14558 I BatteryMgr:DataCollectionService: stats => 1688586706813,-280761,4257
07-05 21:51:46.831 14442 14558 I BatteryMgr:DataCollectionService: stats => 1688586706831,-280761,4257
07-05 21:51:46.837  1331 14528 E qdmetadata: Unknown paramType 4096
07-05 21:51:46.847 14442 14558 I BatteryMgr:DataCollectionService: stats => 1688586706847,-280761,4257
07-05 21:51:46.864 14442 14558 I BatteryMgr:DataCollectionService: stats => 1688586706864,-280761,4257
07-05 21:51:46.871  1331 14528 E qdmetadata: Unknown paramType 4096
07-05 21:51:46.872  1331 14528 I chatty  : uid=1046(mediacodec) omx@1.0-service identical 1 line
07-05 21:51:46.873  1331 14528 E qdmetadata: Unknown paramType 4096
07-05 21:51:46.879 14442 14558 I BatteryMgr:DataCollectionService: stats => 1688586706879,-280761,4257
07-05 21:51:46.897 14442 14558 I BatteryMgr:DataCollectionService: stats => 1688586706897,-280761,4257
07-05 21:51:46.914 14442 14558 I BatteryMgr:DataCollectionService: stats => 1688586706913,-280761,4257
07-05 21:51:46.931 14442 14558 I BatteryMgr:DataCollectionService: stats => 1688586706931,-280761,4257
07-05 21:51:46.946 14442 14558 I BatteryMgr:DataCollectionService: stats => 1688586706946,-280761,4257
07-05 21:51:46.964 14442 14558 I BatteryMgr:DataCollectionService: stats => 1688586706964,-280761,4257
07-05 21:51:46.971  1331 14528 E qdmetadata: Unknown paramType 4096
07-05 21:51:46.981 14442 14558 I BatteryMgr:DataCollectionService: stats => 1688586706981,-280761,4257
07-05 21:51:46.997 14442 14558 I BatteryMgr:DataCollectionService: stats => 1688586706997,-280761,4257
07-05 21:51:47.003  1331 14528 E qdmetadata: Unknown paramType 4096
07-05 21:51:47.014 14442 14558 I BatteryMgr:DataCollectionService: stats => 1688586707014,-280761,4257
07-05 21:51:47.031 14442 14558 I BatteryMgr:DataCollectionService: stats => 1688586707031,-280761,4257
07-05 21:51:47.038  1331 14528 E qdmetadata: Unknown paramType 4096
07-05 21:51:47.038  1331 14528 E qdmetadata: Unknown paramType 4096
07-05 21:51:47.047 14442 14558 I BatteryMgr:DataCollectionService: stats => 1688586707047,-280761,4257
07-05 21:51:47.065 14442 14558 I BatteryMgr:DataCollectionService: stats => 1688586707065,-280761,4257
07-05 21:51:47.080 14442 14558 I BatteryMgr:DataCollectionService: stats => 1688586707080,-280761,4257
07-05 21:51:47.099 14442 14558 I BatteryMgr:DataCollectionService: stats => 1688586707099,-280761,4257
07-05 21:51:47.104  1331 14528 E qdmetadata: Unknown paramType 4096
07-05 21:51:47.114 14442 14558 I BatteryMgr:DataCollectionService: stats => 1688586707114,-280761,4257
07-05 21:51:47.130 14442 14558 I BatteryMgr:DataCollectionService: stats => 1688586707130,-280761,4257
07-05 21:51:47.137  1331 14528 E qdmetadata: Unknown paramType 4096
07-05 21:51:47.145 14442 14558 I BatteryMgr:DataCollectionService: stats => 1688586707145,-280761,4257
07-05 21:51:47.160 14442 14558 I BatteryMgr:DataCollectionService: stats => 1688586707160,-280761,4257
07-05 21:51:47.171  1331 14528 E qdmetadata: Unknown paramType 4096
07-05 21:51:47.172  1331 14528 E qdmetadata: Unknown paramType 4096
07-05 21:51:47.177 14442 14558 I BatteryMgr:DataCollectionService: stats => 1688586707177,-280761,4257
07-05 21:51:47.193 14442 14558 I BatteryMgr:DataCollectionService: stats => 1688586707192,-280761,4257
07-05 21:51:47.208 14442 14558 I BatteryMgr:DataCollectionService: stats => 1688586707208,-280761,4257
07-05 21:51:47.224 14442 14558 I BatteryMgr:DataCollectionService: stats => 1688586707224,-280761,4257
07-05 21:51:47.237  1331 14528 E qdmetadata: Unknown paramType 4096
07-05 21:51:47.242 14442 14558 I BatteryMgr:DataCollectionService: stats => 1688586707242,-280761,4257
07-05 21:51:47.257 14442 14558 I BatteryMgr:DataCollectionService: stats => 1688586707257,-280761,4257
07-05 21:51:47.271  1331 14528 E qdmetadata: Unknown paramType 4096
07-05 21:51:47.275 14442 14558 I BatteryMgr:DataCollectionService: stats => 1688586707275,-280761,4257
07-05 21:51:47.290 14442 14558 I BatteryMgr:DataCollectionService: stats => 1688586707290,-280761,4257
07-05 21:51:47.304  1331 14528 E qdmetadata: Unknown paramType 4096
07-05 21:51:47.304  1331 14528 E qdmetadata: Unknown paramType 4096
07-05 21:51:47.306 14442 14558 I BatteryMgr:DataCollectionService: stats => 1688586707306,-280761,4257
07-05 21:51:47.322 14442 14558 I BatteryMgr:DataCollectionService: stats => 1688586707322,-280761,4257
07-05 21:51:47.342 14442 14558 I BatteryMgr:DataCollectionService: stats => 1688586707342,-280761,4257
07-05 21:51:47.357 14442 14558 I BatteryMgr:DataCollectionService: stats => 1688586707357,-280761,4257
07-05 21:51:47.371  1331 14528 E qdmetadata: Unknown paramType 4096
07-05 21:51:47.376 14442 14558 I BatteryMgr:DataCollectionService: stats => 1688586707376,-280761,4257
07-05 21:51:47.392 14442 14558 I BatteryMgr:DataCollectionService: stats => 1688586707392,-280761,4257
07-05 21:51:47.404  1331 14528 E qdmetadata: Unknown paramType 4096
07-05 21:51:47.407 14442 14558 I BatteryMgr:DataCollectionService: stats => 1688586707407,-280761,4257
07-05 21:51:47.422 14442 14558 I BatteryMgr:DataCollectionService: stats => 1688586707422,-280761,4257
07-05 21:51:47.437  1331 14528 E qdmetadata: Unknown paramType 4096
07-05 21:51:47.437 14442 14558 I BatteryMgr:DataCollectionService: stats => 1688586707437,-280761,4257
07-05 21:51:47.439  1331 14528 E qdmetadata: Unknown paramType 4096
07-05 21:51:47.453 14442 14558 I BatteryMgr:DataCollectionService: stats => 1688586707453,-280761,4257
07-05 21:51:47.468 14442 14558 I BatteryMgr:DataCollectionService: stats => 1688586707468,-280761,4257
07-05 21:51:47.483 14442 14558 I BatteryMgr:DataCollectionService: stats => 1688586707483,-280761,4257
07-05 21:51:47.499 14442 14558 I BatteryMgr:DataCollectionService: stats => 1688586707499,-280761,4257
07-05 21:51:47.505  1331 14528 E qdmetadata: Unknown paramType 4096
07-05 21:51:47.514 14442 14558 I BatteryMgr:DataCollectionService: stats => 1688586707514,-280761,4257
07-05 21:51:47.528 14442 14558 I BatteryMgr:DataCollectionService: stats => 1688586707528,-280761,4257
07-05 21:51:47.538  1331 14528 E qdmetadata: Unknown paramType 4096
07-05 21:51:47.545 14442 14558 I BatteryMgr:DataCollectionService: stats => 1688586707545,-280761,4257
07-05 21:51:47.559 14442 14558 I BatteryMgr:DataCollectionService: stats => 1688586707559,-280761,4257
07-05 21:51:47.571  1331 14528 E qdmetadata: Unknown paramType 4096
07-05 21:51:47.573  1331 14528 E qdmetadata: Unknown paramType 4096
07-05 21:51:47.577 14442 14558 I BatteryMgr:DataCollectionService: stats => 1688586707577,-280761,4257
07-05 21:51:47.593 14442 14558 I BatteryMgr:DataCollectionService: stats => 1688586707593,-280761,4257
07-05 21:51:47.612 14442 14558 I BatteryMgr:DataCollectionService: stats => 1688586707612,-280761,4257
07-05 21:51:47.626 14442 14558 I BatteryMgr:DataCollectionService: stats => 1688586707626,-280761,4257
07-05 21:51:47.637  1331 14528 E qdmetadata: Unknown paramType 4096
07-05 21:51:47.642 14442 14558 I BatteryMgr:DataCollectionService: stats => 1688586707642,-280761,4257
07-05 21:51:47.657 14442 14558 I BatteryMgr:DataCollectionService: stats => 1688586707657,-280761,4257
07-05 21:51:47.671  1331 14528 E qdmetadata: Unknown paramType 4096
07-05 21:51:47.672 14442 14558 I BatteryMgr:DataCollectionService: stats => 1688586707672,-280761,4257
07-05 21:51:47.672  1214  1214 W /system/vendor/bin/ipacm: type=1400 audit(0.0:358176): avc: denied { write } for comm=6E65746C696E6B20736F636B6574 name="ipacm_log_file" dev="tmpfs" ino=20285 scontext=u:r:ipacm:s0 tcontext=u:object_r:ipacm_socket:s0 tclass=sock_file permissive=0
07-05 21:51:47.672  1214  1214 I chatty  : uid=1001(radio) /system/vendor/bin/ipacm identical 1 line
07-05 21:51:47.672  1214  1214 W /system/vendor/bin/ipacm: type=1400 audit(0.0:358178): avc: denied { write } for comm=6E65746C696E6B20736F636B6574 name="ipacm_log_file" dev="tmpfs" ino=20285 scontext=u:r:ipacm:s0 tcontext=u:object_r:ipacm_socket:s0 tclass=sock_file permissive=0
07-05 21:51:47.672  1214  1214 W ipacm   : type=1400 audit(0.0:358179): avc: denied { write } for name="ipacm_log_file" dev="tmpfs" ino=20285 scontext=u:r:ipacm:s0 tcontext=u:object_r:ipacm_socket:s0 tclass=sock_file permissive=0
07-05 21:51:47.672  1214  1214 W ipacm   : type=1400 audit(0.0:358180): avc: denied { write } for name="ipacm_log_file" dev="tmpfs" ino=20285 scontext=u:r:ipacm:s0 tcontext=u:object_r:ipacm_socket:s0 tclass=sock_file permissive=0
07-05 21:51:47.687 14442 14558 I BatteryMgr:DataCollectionService: stats => 1688586707687,-280761,4257
07-05 21:51:47.702 14442 14558 I BatteryMgr:DataCollectionService: stats => 1688586707702,-280761,4257
07-05 21:51:47.705  1331 14528 E qdmetadata: Unknown paramType 4096
07-05 21:51:47.706  1331 14528 E qdmetadata: Unknown paramType 4096
07-05 21:51:47.717 14442 14558 I BatteryMgr:DataCollectionService: stats => 1688586707717,-280761,4257
07-05 21:51:47.731 14442 14558 I BatteryMgr:DataCollectionService: stats => 1688586707731,-280761,4257
07-05 21:51:47.746 14442 14558 I BatteryMgr:DataCollectionService: stats => 1688586707746,-280761,4257
07-05 21:51:47.761 14442 14558 I BatteryMgr:DataCollectionService: stats => 1688586707761,-280761,4257
07-05 21:51:47.771  1331 14528 E qdmetadata: Unknown paramType 4096
07-05 21:51:47.776 14442 14558 I BatteryMgr:DataCollectionService: stats => 1688586707776,-280761,4257
07-05 21:51:47.793 14442 14558 I BatteryMgr:DataCollectionService: stats => 1688586707793,-280761,4257
07-05 21:51:47.804  1331 14528 E qdmetadata: Unknown paramType 4096
07-05 21:51:47.810 14442 14558 I BatteryMgr:DataCollectionService: stats => 1688586707810,-280761,4257
07-05 21:51:47.825 14442 14558 I BatteryMgr:DataCollectionService: stats => 1688586707825,-280761,4257
07-05 21:51:47.839  1331 14528 E qdmetadata: Unknown paramType 4096
07-05 21:51:47.840  1331 14528 E qdmetadata: Unknown paramType 4096
07-05 21:51:47.841 14442 14558 I BatteryMgr:DataCollectionService: stats => 1688586707841,-280761,4257
07-05 21:51:47.856 14442 14558 I BatteryMgr:DataCollectionService: stats => 1688586707856,-280761,4257
07-05 21:51:47.871 14442 14558 I BatteryMgr:DataCollectionService: stats => 1688586707870,-280761,4257
07-05 21:51:47.885 14442 14558 I BatteryMgr:DataCollectionService: stats => 1688586707885,-280761,4257
07-05 21:51:47.900 14442 14558 I BatteryMgr:DataCollectionService: stats => 1688586707900,-280761,4257
07-05 21:51:47.906  1331 14528 E qdmetadata: Unknown paramType 4096
07-05 21:51:47.915 14442 14558 I BatteryMgr:DataCollectionService: stats => 1688586707915,-280761,4257
07-05 21:51:47.932 14442 14558 I BatteryMgr:DataCollectionService: stats => 1688586707932,-280761,4257
07-05 21:51:47.938  1331 14528 E qdmetadata: Unknown paramType 4096
07-05 21:51:47.947 14442 14558 I BatteryMgr:DataCollectionService: stats => 1688586707947,-280761,4257
07-05 21:51:47.962 14442 14558 I BatteryMgr:DataCollectionService: stats => 1688586707962,-280761,4257
07-05 21:51:47.971  1331 14528 E qdmetadata: Unknown paramType 4096
07-05 21:51:47.972  1331 14528 E qdmetadata: Unknown paramType 4096
07-05 21:51:47.978 14442 14558 I BatteryMgr:DataCollectionService: stats => 1688586707978,-280761,4257
07-05 21:51:47.994 14442 14558 I BatteryMgr:DataCollectionService: stats => 1688586707994,-280761,4257
07-05 21:51:48.011 14442 14558 I BatteryMgr:DataCollectionService: stats => 1688586708011,-280761,4257
07-05 21:51:48.026 14442 14558 I BatteryMgr:DataCollectionService: stats => 1688586708025,-280761,4257
07-05 21:51:48.040  1331 14528 E qdmetadata: Unknown paramType 4096
07-05 21:51:48.044 14442 14558 I BatteryMgr:DataCollectionService: stats => 1688586708044,-280761,4257
07-05 21:51:48.061 14442 14558 I BatteryMgr:DataCollectionService: stats => 1688586708061,-280761,4257
07-05 21:51:48.071  1331 14528 E qdmetadata: Unknown paramType 4096
07-05 21:51:48.077 14442 14558 I BatteryMgr:DataCollectionService: stats => 1688586708077,-280761,4257
07-05 21:51:48.092 14442 14558 I BatteryMgr:DataCollectionService: stats => 1688586708092,-280761,4257
07-05 21:51:48.106  1331 14528 E qdmetadata: Unknown paramType 4096
07-05 21:51:48.107  1331 14528 E qdmetadata: Unknown paramType 4096
07-05 21:51:48.113 14442 14558 I BatteryMgr:DataCollectionService: stats => 1688586708113,-213378,4257
07-05 21:51:48.132 14442 14558 I BatteryMgr:DataCollectionService: stats => 1688586708132,-213378,4257
07-05 21:51:48.146 14442 14558 I BatteryMgr:DataCollectionService: stats => 1688586708146,-213378,4257
07-05 21:51:48.165 14442 14558 I BatteryMgr:DataCollectionService: stats => 1688586708164,-213378,4257
07-05 21:51:48.172  1331 14528 E qdmetadata: Unknown paramType 4096
07-05 21:51:48.180 14442 14558 I BatteryMgr:DataCollectionService: stats => 1688586708180,-213378,4257
07-05 21:51:48.198 14442 14558 I BatteryMgr:DataCollectionService: stats => 1688586708198,-213378,4257
07-05 21:51:48.205  1331 14528 E qdmetadata: Unknown paramType 4096
07-05 21:51:48.213 14442 14558 I BatteryMgr:DataCollectionService: stats => 1688586708213,-213378,4257
07-05 21:51:48.227 14442 14558 I BatteryMgr:DataCollectionService: stats => 1688586708227,-213378,4257
07-05 21:51:48.238  1331 14528 E qdmetadata: Unknown paramType 4096
07-05 21:51:48.240  1331 14528 E qdmetadata: Unknown paramType 4096
07-05 21:51:48.244 14442 14558 I BatteryMgr:DataCollectionService: stats => 1688586708244,-213378,4257
07-05 21:51:48.259 14442 14558 I BatteryMgr:DataCollectionService: stats => 1688586708259,-213378,4257
07-05 21:51:48.276 14442 14558 I BatteryMgr:DataCollectionService: stats => 1688586708275,-213378,4257
07-05 21:51:48.290 14442 14558 I BatteryMgr:DataCollectionService: stats => 1688586708290,-213378,4257
07-05 21:51:48.307 14442 14558 I BatteryMgr:DataCollectionService: stats => 1688586708307,-213378,4257
07-05 21:51:48.307  1331 14528 E qdmetadata: Unknown paramType 4096
07-05 21:51:48.322 14442 14558 I BatteryMgr:DataCollectionService: stats => 1688586708322,-213378,4257
07-05 21:51:48.338 14442 14558 I BatteryMgr:DataCollectionService: stats => 1688586708338,-213378,4257
07-05 21:51:48.339  1331 14528 E qdmetadata: Unknown paramType 4096
07-05 21:51:48.354 14442 14558 I BatteryMgr:DataCollectionService: stats => 1688586708354,-213378,4257
07-05 21:51:48.369 14442 14558 I BatteryMgr:DataCollectionService: stats => 1688586708369,-213378,4257
07-05 21:51:48.373  1331 14528 E qdmetadata: Unknown paramType 4096
07-05 21:51:48.374  1331 14528 E qdmetadata: Unknown paramType 4096
07-05 21:51:48.384 14442 14558 I BatteryMgr:DataCollectionService: stats => 1688586708384,-213378,4257
07-05 21:51:48.402 14442 14558 I BatteryMgr:DataCollectionService: stats => 1688586708402,-213378,4257
07-05 21:51:48.417 14442 14558 I BatteryMgr:DataCollectionService: stats => 1688586708417,-213378,4257
07-05 21:51:48.434 14442 14558 I BatteryMgr:DataCollectionService: stats => 1688586708433,-213378,4257
07-05 21:51:48.439  1331 14528 E qdmetadata: Unknown paramType 4096
07-05 21:51:48.449 14442 14558 I BatteryMgr:DataCollectionService: stats => 1688586708449,-213378,4257
07-05 21:51:48.464 14442 14558 I BatteryMgr:DataCollectionService: stats => 1688586708464,-213378,4257
07-05 21:51:48.472  1331 14528 E qdmetadata: Unknown paramType 4096
07-05 21:51:48.480 14442 14558 I BatteryMgr:DataCollectionService: stats => 1688586708480,-213378,4257
07-05 21:51:48.497 14442 14558 I BatteryMgr:DataCollectionService: stats => 1688586708497,-213378,4257
07-05 21:51:48.505  1331 14528 E qdmetadata: Unknown paramType 4096
07-05 21:51:48.506  1331 14528 E qdmetadata: Unknown paramType 4096
07-05 21:51:48.514 14442 14558 I BatteryMgr:DataCollectionService: stats => 1688586708514,-213378,4257
07-05 21:51:48.532 14442 14558 I BatteryMgr:DataCollectionService: stats => 1688586708531,-213378,4257
07-05 21:51:48.546 14442 14558 I BatteryMgr:DataCollectionService: stats => 1688586708546,-213378,4257
07-05 21:51:48.562 14442 14558 I BatteryMgr:DataCollectionService: stats => 1688586708562,-213378,4257
07-05 21:51:48.572  1331 14528 E qdmetadata: Unknown paramType 4096
07-05 21:51:48.579 14442 14558 I BatteryMgr:DataCollectionService: stats => 1688586708579,-213378,4257
07-05 21:51:48.597 14442 14558 I BatteryMgr:DataCollectionService: stats => 1688586708594,-213378,4257
07-05 21:51:48.605  1331 14528 E qdmetadata: Unknown paramType 4096
07-05 21:51:48.613 14442 14558 I BatteryMgr:DataCollectionService: stats => 1688586708613,-213378,4257
07-05 21:51:48.630 14442 14558 I BatteryMgr:DataCollectionService: stats => 1688586708630,-213378,4257
07-05 21:51:48.638  1331 14528 E qdmetadata: Unknown paramType 4096
07-05 21:51:48.640  1331 14528 E qdmetadata: Unknown paramType 4096
07-05 21:51:48.647 14442 14558 I BatteryMgr:DataCollectionService: stats => 1688586708647,-213378,4257
07-05 21:51:48.665 14442 14558 I BatteryMgr:DataCollectionService: stats => 1688586708664,-213378,4257
07-05 21:51:48.679 14442 14558 I BatteryMgr:DataCollectionService: stats => 1688586708679,-213378,4257
07-05 21:51:48.697 14442 14558 I BatteryMgr:DataCollectionService: stats => 1688586708697,-213378,4257
07-05 21:51:48.705  1331 14528 E qdmetadata: Unknown paramType 4096
07-05 21:51:48.712 14442 14558 I BatteryMgr:DataCollectionService: stats => 1688586708712,-213378,4257
07-05 21:51:48.729 14442 14558 I BatteryMgr:DataCollectionService: stats => 1688586708727,-213378,4257
07-05 21:51:48.738  1331 14528 E qdmetadata: Unknown paramType 4096
07-05 21:51:48.744 14442 14558 I BatteryMgr:DataCollectionService: stats => 1688586708744,-213378,4257
07-05 21:51:48.758 14442 14558 I BatteryMgr:DataCollectionService: stats => 1688586708758,-213378,4257
07-05 21:51:48.772  1331 14528 E qdmetadata: Unknown paramType 4096
07-05 21:51:48.774  1331 14528 E qdmetadata: Unknown paramType 4096
07-05 21:51:48.774 14442 14558 I BatteryMgr:DataCollectionService: stats => 1688586708774,-213378,4257
07-05 21:51:48.789 14442 14558 I BatteryMgr:DataCollectionService: stats => 1688586708789,-213378,4257
07-05 21:51:48.806 14442 14558 I BatteryMgr:DataCollectionService: stats => 1688586708806,-213378,4257
07-05 21:51:48.821 14442 14558 I BatteryMgr:DataCollectionService: stats => 1688586708821,-213378,4257
07-05 21:51:48.835 14442 14558 I BatteryMgr:DataCollectionService: stats => 1688586708835,-213378,4257
07-05 21:51:48.839  1331 14528 E qdmetadata: Unknown paramType 4096
07-05 21:51:48.850 14442 14558 I BatteryMgr:DataCollectionService: stats => 1688586708850,-213378,4257
07-05 21:51:48.867 14442 14558 I BatteryMgr:DataCollectionService: stats => 1688586708867,-213378,4257
07-05 21:51:48.872  1331 14528 E qdmetadata: Unknown paramType 4096
07-05 21:51:48.883 14442 14558 I BatteryMgr:DataCollectionService: stats => 1688586708883,-213378,4257
07-05 21:51:48.901 14442 14558 I BatteryMgr:DataCollectionService: stats => 1688586708901,-213378,4257
07-05 21:51:48.905  1331 14528 E qdmetadata: Unknown paramType 4096
07-05 21:51:48.906  1331 14528 E qdmetadata: Unknown paramType 4096
07-05 21:51:48.917 14442 14558 I BatteryMgr:DataCollectionService: stats => 1688586708916,-213378,4257
07-05 21:51:48.934 14442 14558 I BatteryMgr:DataCollectionService: stats => 1688586708934,-213378,4257
07-05 21:51:48.950 14442 14558 I BatteryMgr:DataCollectionService: stats => 1688586708950,-213378,4257
07-05 21:51:48.967 14442 14558 I BatteryMgr:DataCollectionService: stats => 1688586708967,-213378,4257
07-05 21:51:48.972  1331 14528 E qdmetadata: Unknown paramType 4096
07-05 21:51:48.982 14442 14558 I BatteryMgr:DataCollectionService: stats => 1688586708982,-213378,4257
07-05 21:51:48.997 14442 14558 I BatteryMgr:DataCollectionService: stats => 1688586708997,-213378,4257
07-05 21:51:49.006  1331 14528 E qdmetadata: Unknown paramType 4096
07-05 21:51:49.012 14442 14558 I BatteryMgr:DataCollectionService: stats => 1688586709012,-213378,4257
07-05 21:51:49.031 14442 14558 I BatteryMgr:DataCollectionService: stats => 1688586709031,-213378,4257
07-05 21:51:49.041  1331 14528 E qdmetadata: Unknown paramType 4096
07-05 21:51:49.042  1331 14528 E qdmetadata: Unknown paramType 4096
07-05 21:51:49.051 14442 14558 I BatteryMgr:DataCollectionService: stats => 1688586709050,-213378,4257
07-05 21:51:49.068 14442 14558 I BatteryMgr:DataCollectionService: stats => 1688586709068,-213378,4257
07-05 21:51:49.084 14442 14558 I BatteryMgr:DataCollectionService: stats => 1688586709084,-213378,4257
07-05 21:51:49.102 14442 14558 I BatteryMgr:DataCollectionService: stats => 1688586709102,-213378,4257
07-05 21:51:49.106  1331 14528 E qdmetadata: Unknown paramType 4096
07-05 21:51:49.117 14442 14558 I BatteryMgr:DataCollectionService: stats => 1688586709117,-213378,4257
07-05 21:51:49.135 14442 14558 I BatteryMgr:DataCollectionService: stats => 1688586709135,-213378,4257
07-05 21:51:49.141  1331 14528 E qdmetadata: Unknown paramType 4096
07-05 21:51:49.151 14442 14558 I BatteryMgr:DataCollectionService: stats => 1688586709151,-213378,4257
07-05 21:51:49.168 14442 14558 I BatteryMgr:DataCollectionService: stats => 1688586709168,-213378,4257
07-05 21:51:49.172  1331 14528 E qdmetadata: Unknown paramType 4096
07-05 21:51:49.173  1331 14528 E qdmetadata: Unknown paramType 4096
07-05 21:51:49.183 14442 14558 I BatteryMgr:DataCollectionService: stats => 1688586709183,-213378,4257
07-05 21:51:49.204 14442 14558 I BatteryMgr:DataCollectionService: stats => 1688586709204,-213378,4257
07-05 21:51:49.220 14442 14558 I BatteryMgr:DataCollectionService: stats => 1688586709220,-213378,4257
07-05 21:51:49.236 14442 14558 I BatteryMgr:DataCollectionService: stats => 1688586709236,-213378,4257
07-05 21:51:49.241  1331 14528 E qdmetadata: Unknown paramType 4096
07-05 21:51:49.252 14442 14558 I BatteryMgr:DataCollectionService: stats => 1688586709252,-213378,4257
07-05 21:51:49.267 14442 14558 I BatteryMgr:DataCollectionService: stats => 1688586709267,-213378,4257
07-05 21:51:49.273  1331 14528 E qdmetadata: Unknown paramType 4096
07-05 21:51:49.282 14442 14558 I BatteryMgr:DataCollectionService: stats => 1688586709282,-213378,4257
07-05 21:51:49.297 14442 14558 I BatteryMgr:DataCollectionService: stats => 1688586709297,-213378,4257
07-05 21:51:49.306  1331 14528 E qdmetadata: Unknown paramType 4096
07-05 21:51:49.307  1331 14528 E qdmetadata: Unknown paramType 4096
07-05 21:51:49.314 14442 14558 I BatteryMgr:DataCollectionService: stats => 1688586709314,-213378,4257
07-05 21:51:49.332 14442 14558 I BatteryMgr:DataCollectionService: stats => 1688586709331,-213378,4257
07-05 21:51:49.346 14442 14558 I BatteryMgr:DataCollectionService: stats => 1688586709346,-213378,4257
07-05 21:51:49.366 14442 14558 I BatteryMgr:DataCollectionService: stats => 1688586709366,-213378,4257
07-05 21:51:49.373  1331 14528 E qdmetadata: Unknown paramType 4096
07-05 21:51:49.382 14442 14558 I BatteryMgr:DataCollectionService: stats => 1688586709382,-213378,4257
07-05 21:51:49.401 14442 14558 I BatteryMgr:DataCollectionService: stats => 1688586709401,-213378,4257
07-05 21:51:49.406  1331 14528 E qdmetadata: Unknown paramType 4096
07-05 21:51:49.417 14442 14558 I BatteryMgr:DataCollectionService: stats => 1688586709416,-213378,4257
07-05 21:51:49.434 14442 14558 I BatteryMgr:DataCollectionService: stats => 1688586709434,-213378,4257
07-05 21:51:49.440  1331 14528 E qdmetadata: Unknown paramType 4096
07-05 21:51:49.441  1331 14528 E qdmetadata: Unknown paramType 4096
07-05 21:51:49.449 14442 14558 I BatteryMgr:DataCollectionService: stats => 1688586709449,-213378,4257
07-05 21:51:49.464 14442 14558 I BatteryMgr:DataCollectionService: stats => 1688586709464,-213378,4257
07-05 21:51:49.481 14442 14558 I BatteryMgr:DataCollectionService: stats => 1688586709481,-213378,4257
07-05 21:51:49.504 14442 14558 I BatteryMgr:DataCollectionService: stats => 1688586709504,-213378,4257
07-05 21:51:49.510  1331 14528 E qdmetadata: Unknown paramType 4096
07-05 21:51:49.519 14442 14558 I BatteryMgr:DataCollectionService: stats => 1688586709519,-213378,4257
07-05 21:51:49.536 14442 14558 I BatteryMgr:DataCollectionService: stats => 1688586709536,-213378,4257
07-05 21:51:49.543  1331 14528 E qdmetadata: Unknown paramType 4096
07-05 21:51:49.552 14442 14558 I BatteryMgr:DataCollectionService: stats => 1688586709551,-213378,4257
07-05 21:51:49.567 14442 14558 I BatteryMgr:DataCollectionService: stats => 1688586709567,-213378,4257
07-05 21:51:49.577  1331 14528 E qdmetadata: Unknown paramType 4096
07-05 21:51:49.578  1331 14528 E qdmetadata: Unknown paramType 4096
07-05 21:51:49.588 14442 14558 I BatteryMgr:DataCollectionService: stats => 1688586709588,-212402,4257
07-05 21:51:49.605 14442 14558 I BatteryMgr:DataCollectionService: stats => 1688586709605,-212402,4257
07-05 21:51:49.621 14442 14558 I BatteryMgr:DataCollectionService: stats => 1688586709621,-212402,4257
07-05 21:51:49.636 14442 14558 I BatteryMgr:DataCollectionService: stats => 1688586709636,-212402,4257
07-05 21:51:49.643  1331 14528 E qdmetadata: Unknown paramType 4096
07-05 21:51:49.653 14442 14558 I BatteryMgr:DataCollectionService: stats => 1688586709653,-212402,4257
07-05 21:51:49.668 14442 14558 I BatteryMgr:DataCollectionService: stats => 1688586709668,-212402,4257
07-05 21:51:49.677  1331 14528 E qdmetadata: Unknown paramType 4096
07-05 21:51:49.687 14442 14558 I BatteryMgr:DataCollectionService: stats => 1688586709687,-212402,4257
07-05 21:51:49.695   933 14525 D audio_hw_primary: copl(0xf47cc970):out of compress_wait
07-05 21:51:49.703   933 14532 D audio_hw_primary: No space available in compress driver, post msg to cb thread
07-05 21:51:49.703   933 14525 D audio_hw_primary: copl(0xf47cc970):calling compress_wait
07-05 21:51:49.710  1331 14528 E qdmetadata: Unknown paramType 4096
07-05 21:51:49.711  1331 14528 E qdmetadata: Unknown paramType 4096
07-05 21:51:49.717 14442 14558 I BatteryMgr:DataCollectionService: stats => 1688586709717,-212402,4257
07-05 21:51:49.732 14442 14558 I BatteryMgr:DataCollectionService: stats => 1688586709732,-212402,4257
07-05 21:51:49.747 14442 14558 I BatteryMgr:DataCollectionService: stats => 1688586709747,-212402,4257
07-05 21:51:49.763 14442 14558 I BatteryMgr:DataCollectionService: stats => 1688586709763,-212402,4257
07-05 21:51:49.777  1331 14528 E qdmetadata: Unknown paramType 4096
07-05 21:51:49.778 14442 14558 I BatteryMgr:DataCollectionService: stats => 1688586709778,-212402,4257
07-05 21:51:49.792 14442 14558 I BatteryMgr:DataCollectionService: stats => 1688586709792,-212402,4257
07-05 21:51:49.807 14442 14558 I BatteryMgr:DataCollectionService: stats => 1688586709807,-212402,4257
07-05 21:51:49.811  1331 14528 E qdmetadata: Unknown paramType 4096
07-05 21:51:49.823 14442 14558 I BatteryMgr:DataCollectionService: stats => 1688586709823,-212402,4257
07-05 21:51:49.838 14442 14558 I BatteryMgr:DataCollectionService: stats => 1688586709838,-212402,4257
07-05 21:51:49.843  1331 14528 E qdmetadata: Unknown paramType 4096
07-05 21:51:49.844  1331 14528 E qdmetadata: Unknown paramType 4096
07-05 21:51:49.856 14442 14558 I BatteryMgr:DataCollectionService: stats => 1688586709856,-212402,4257
07-05 21:51:49.871 14442 14558 I BatteryMgr:DataCollectionService: stats => 1688586709871,-212402,4257
07-05 21:51:49.877  1331 14528 E qdmetadata: Unknown paramType 4096
07-05 21:51:49.878  1331 14528 E qdmetadata: Unknown paramType 4096
07-05 21:51:49.886 14442 14558 I BatteryMgr:DataCollectionService: stats => 1688586709886,-212402,4257
07-05 21:51:49.902 14442 14558 I BatteryMgr:DataCollectionService: stats => 1688586709902,-212402,4257
07-05 21:51:49.917 14442 14558 I BatteryMgr:DataCollectionService: stats => 1688586709917,-212402,4257
07-05 21:51:49.934 14442 14558 I BatteryMgr:DataCollectionService: stats => 1688586709933,-212402,4257
07-05 21:51:49.952 14442 14558 I BatteryMgr:DataCollectionService: stats => 1688586709952,-212402,4257
07-05 21:51:49.970 14442 14558 I BatteryMgr:DataCollectionService: stats => 1688586709967,-212402,4257
07-05 21:51:49.976  1331 14528 E qdmetadata: Unknown paramType 4096
07-05 21:51:49.984 14442 14558 I BatteryMgr:DataCollectionService: stats => 1688586709984,-212402,4257
07-05 21:51:50.002 14442 14558 I BatteryMgr:DataCollectionService: stats => 1688586710002,-212402,4257
07-05 21:51:50.010  1331 14528 E qdmetadata: Unknown paramType 4096
07-05 21:51:50.017 14442 14558 I BatteryMgr:DataCollectionService: stats => 1688586710017,-212402,4257
07-05 21:51:50.038 14442 14558 I BatteryMgr:DataCollectionService: stats => 1688586710038,-212402,4257
07-05 21:51:50.043  1331 14528 E qdmetadata: Unknown paramType 4096
07-05 21:51:50.044  1331 14528 E qdmetadata: Unknown paramType 4096
07-05 21:51:50.055 14442 14558 I BatteryMgr:DataCollectionService: stats => 1688586710055,-212402,4257
07-05 21:51:50.071 14442 14558 I BatteryMgr:DataCollectionService: stats => 1688586710070,-212402,4257
07-05 21:51:50.086 14442 14558 I BatteryMgr:DataCollectionService: stats => 1688586710086,-212402,4257
07-05 21:51:50.104 14442 14558 I BatteryMgr:DataCollectionService: stats => 1688586710104,-212402,4257
07-05 21:51:50.114  1331 14528 E qdmetadata: Unknown paramType 4096
07-05 21:51:50.121 14442 14558 I BatteryMgr:DataCollectionService: stats => 1688586710121,-212402,4257
07-05 21:51:50.137 14442 14558 I BatteryMgr:DataCollectionService: stats => 1688586710137,-212402,4257
07-05 21:51:50.147  1331 14528 E qdmetadata: Unknown paramType 4096
07-05 21:51:50.153 14442 14558 I BatteryMgr:DataCollectionService: stats => 1688586710153,-212402,4257
07-05 21:51:50.169 14442 14558 I BatteryMgr:DataCollectionService: stats => 1688586710169,-212402,4257
07-05 21:51:50.177  1331 14528 E qdmetadata: Unknown paramType 4096
07-05 21:51:50.178  1331 14528 E qdmetadata: Unknown paramType 4096
07-05 21:51:50.184 14442 14558 I BatteryMgr:DataCollectionService: stats => 1688586710184,-212402,4257
07-05 21:51:50.203 14442 14558 I BatteryMgr:DataCollectionService: stats => 1688586710203,-212402,4257
07-05 21:51:50.218 14442 14558 I BatteryMgr:DataCollectionService: stats => 1688586710218,-212402,4257
07-05 21:51:50.235 14442 14558 I BatteryMgr:DataCollectionService: stats => 1688586710235,-212402,4257
07-05 21:51:50.248  1331 14528 E qdmetadata: Unknown paramType 4096
07-05 21:51:50.252 14442 14558 I BatteryMgr:DataCollectionService: stats => 1688586710252,-212402,4257
07-05 21:51:50.269 14442 14558 I BatteryMgr:DataCollectionService: stats => 1688586710269,-212402,4257
07-05 21:51:50.280  1331 14528 E qdmetadata: Unknown paramType 4096
07-05 21:51:50.285 14442 14558 I BatteryMgr:DataCollectionService: stats => 1688586710285,-212402,4257
07-05 21:51:50.302 14442 14558 I BatteryMgr:DataCollectionService: stats => 1688586710302,-212402,4257
07-05 21:51:50.311  1331 14528 E qdmetadata: Unknown paramType 4096
07-05 21:51:50.312  1331 14528 E qdmetadata: Unknown paramType 4096
07-05 21:51:50.322 14442 14558 I BatteryMgr:DataCollectionService: stats => 1688586710322,-212402,4257
07-05 21:51:50.339 14442 14558 I BatteryMgr:DataCollectionService: stats => 1688586710339,-212402,4257
07-05 21:51:50.354 14442 14558 I BatteryMgr:DataCollectionService: stats => 1688586710354,-212402,4257
07-05 21:51:50.372 14442 14558 I BatteryMgr:DataCollectionService: stats => 1688586710372,-212402,4257
07-05 21:51:50.378  1331 14528 E qdmetadata: Unknown paramType 4096
07-05 21:51:50.389 14442 14558 I BatteryMgr:DataCollectionService: stats => 1688586710389,-212402,4257
07-05 21:51:50.405 14442 14558 I BatteryMgr:DataCollectionService: stats => 1688586710405,-212402,4257
07-05 21:51:50.413  1331 14528 E qdmetadata: Unknown paramType 4096
07-05 21:51:50.421 14442 14558 I BatteryMgr:DataCollectionService: stats => 1688586710421,-212402,4257
07-05 21:51:50.438 14442 14558 I BatteryMgr:DataCollectionService: stats => 1688586710438,-212402,4257
07-05 21:51:50.445  1331 14528 E qdmetadata: Unknown paramType 4096
07-05 21:51:50.447  1331 14528 E qdmetadata: Unknown paramType 4096
07-05 21:51:50.454 14442 14558 I BatteryMgr:DataCollectionService: stats => 1688586710454,-212402,4257
07-05 21:51:50.473  1704  2117 D InputDispatcher: Waiting to send key to Window{554a3ef u0 e.www.displaytest/e.www.displaytest.MainActivity} because there are unprocessed events that may cause focus to change
07-05 21:51:50.476 14442 14558 I BatteryMgr:DataCollectionService: stats => 1688586710476,-212402,4257
07-05 21:51:50.493 14442 14558 I BatteryMgr:DataCollectionService: stats => 1688586710493,-212402,4257
07-05 21:51:50.510  1331 14528 E qdmetadata: Unknown paramType 4096
07-05 21:51:50.514 14442 14558 I BatteryMgr:DataCollectionService: stats => 1688586710514,-212402,4257
07-05 21:51:50.527 14442 14558 I BatteryMgr:DataCollectionService: stats => 1688586710527,-212402,4257
07-05 21:51:50.543  1331 14528 E qdmetadata: Unknown paramType 4096
07-05 21:51:50.547 14442 14558 I BatteryMgr:DataCollectionService: stats => 1688586710542,-212402,4257
07-05 21:51:50.564 14442 14558 I BatteryMgr:DataCollectionService: stats => 1688586710564,-212402,4257
07-05 21:51:50.576  1331 14528 E qdmetadata: Unknown paramType 4096
07-05 21:51:50.576  1331 14528 E qdmetadata: Unknown paramType 4096
07-05 21:51:50.580 14442 14558 I BatteryMgr:DataCollectionService: stats => 1688586710580,-212402,4257
07-05 21:51:50.593 14442 14558 I BatteryMgr:DataCollectionService: stats => 1688586710593,-212402,4257
07-05 21:51:50.607 14442 14558 I BatteryMgr:DataCollectionService: stats => 1688586710607,-212402,4257
07-05 21:51:50.623 14442 14558 I BatteryMgr:DataCollectionService: stats => 1688586710623,-212402,4257
07-05 21:51:50.640 14442 14558 I BatteryMgr:DataCollectionService: stats => 1688586710640,-212402,4257
07-05 21:51:50.643  1331 14528 E qdmetadata: Unknown paramType 4096
07-05 21:51:50.644  1331 14528 E qdmetadata: Unknown paramType 4096
07-05 21:51:50.656 14442 14558 I BatteryMgr:DataCollectionService: stats => 1688586710655,-212402,4257
07-05 21:51:50.672 14442 14558 I BatteryMgr:DataCollectionService: stats => 1688586710672,-212402,4257
07-05 21:51:50.686 14442 14558 I BatteryMgr:DataCollectionService: stats => 1688586710686,-212402,4257
07-05 21:51:50.703 14442 14558 I BatteryMgr:DataCollectionService: stats => 1688586710703,-212402,4257
07-05 21:51:50.712  1331 14528 E qdmetadata: Unknown paramType 4096
07-05 21:51:50.718 14442 14558 I BatteryMgr:DataCollectionService: stats => 1688586710718,-212402,4257
07-05 21:51:50.736 14442 14558 I BatteryMgr:DataCollectionService: stats => 1688586710736,-212402,4257
07-05 21:51:50.745  1331 14528 E qdmetadata: Unknown paramType 4096
07-05 21:51:50.750 14442 14558 I BatteryMgr:DataCollectionService: stats => 1688586710750,-212402,4257
07-05 21:51:50.767 14442 14558 I BatteryMgr:DataCollectionService: stats => 1688586710767,-212402,4257
07-05 21:51:50.777  1331 14528 E qdmetadata: Unknown paramType 4096
07-05 21:51:50.783 14442 14558 I BatteryMgr:DataCollectionService: stats => 1688586710783,-212402,4257
07-05 21:51:50.798 14442 14558 I BatteryMgr:DataCollectionService: stats => 1688586710798,-212402,4257
07-05 21:51:50.811  1331 14528 E qdmetadata: Unknown paramType 4096
07-05 21:51:50.815 14442 14558 I BatteryMgr:DataCollectionService: stats => 1688586710815,-212402,4257
07-05 21:51:50.831 14442 14558 I BatteryMgr:DataCollectionService: stats => 1688586710831,-212402,4257
07-05 21:51:50.843  1331 14528 E qdmetadata: Unknown paramType 4096
07-05 21:51:50.846 14442 14558 I BatteryMgr:DataCollectionService: stats => 1688586710846,-212402,4257
07-05 21:51:50.862 14442 14558 I BatteryMgr:DataCollectionService: stats => 1688586710862,-212402,4257
07-05 21:51:50.877  1331 14528 E qdmetadata: Unknown paramType 4096
07-05 21:51:50.883 14442 14558 I BatteryMgr:DataCollectionService: stats => 1688586710883,-212402,4257
07-05 21:51:50.900 14442 14558 I BatteryMgr:DataCollectionService: stats => 1688586710899,-212402,4257
07-05 21:51:50.910  1331 14528 E qdmetadata: Unknown paramType 4096
07-05 21:51:50.922 14442 14558 I BatteryMgr:DataCollectionService: stats => 1688586710922,-212402,4257
07-05 21:51:50.937 14442 14558 I BatteryMgr:DataCollectionService: stats => 1688586710937,-212402,4257
07-05 21:51:50.944  1331 14528 E qdmetadata: Unknown paramType 4096
07-05 21:51:50.952 14442 14558 I BatteryMgr:DataCollectionService: stats => 1688586710952,-212402,4257
07-05 21:51:50.968 14442 14558 I BatteryMgr:DataCollectionService: stats => 1688586710967,-212402,4257
07-05 21:51:50.977  1331 14528 E qdmetadata: Unknown paramType 4096
07-05 21:51:50.978  1331 14528 E qdmetadata: Unknown paramType 4096
07-05 21:51:50.984 14442 14558 I BatteryMgr:DataCollectionService: stats => 1688586710984,-212402,4257
07-05 21:51:50.996  1704  2117 D InputDispatcher: Waiting to send key to Window{721d944 u0 Panel:e.www.displaytest/e.www.displaytest.MainActivity} because there are unprocessed events that may cause focus to change
07-05 21:51:51.002 14442 14558 I BatteryMgr:DataCollectionService: stats => 1688586711002,-212402,4257
07-05 21:51:51.019 14442 14558 I BatteryMgr:DataCollectionService: stats => 1688586711018,-212402,4257
07-05 21:51:51.036 14442 14558 I BatteryMgr:DataCollectionService: stats => 1688586711036,-212402,4257
07-05 21:51:51.044  1331 14528 E qdmetadata: Unknown paramType 4096
07-05 21:51:51.053 14442 14558 I BatteryMgr:DataCollectionService: stats => 1688586711053,-271972,4257
07-05 21:51:51.068 14442 14558 I BatteryMgr:DataCollectionService: stats => 1688586711068,-271972,4257
07-05 21:51:51.078  1331 14528 E qdmetadata: Unknown paramType 4096
07-05 21:51:51.084 14442 14558 I BatteryMgr:DataCollectionService: stats => 1688586711084,-271972,4257
07-05 21:51:51.105 14442 14558 I BatteryMgr:DataCollectionService: stats => 1688586711105,-271972,4257
07-05 21:51:51.110  1331 14528 E qdmetadata: Unknown paramType 4096
07-05 21:51:51.119 14442 14558 I BatteryMgr:DataCollectionService: stats => 1688586711119,-271972,4257
07-05 21:51:51.132 14442 14558 I BatteryMgr:DataCollectionService: stats => 1688586711132,-271972,4257
07-05 21:51:51.143  1331 14528 E qdmetadata: Unknown paramType 4096
07-05 21:51:51.144  1331 14528 E qdmetadata: Unknown paramType 4096
07-05 21:51:51.151 14442 14558 I BatteryMgr:DataCollectionService: stats => 1688586711150,-271972,4257
07-05 21:51:51.169 14442 14558 I BatteryMgr:DataCollectionService: stats => 1688586711169,-271972,4257
07-05 21:51:51.186 14442 14558 I BatteryMgr:DataCollectionService: stats => 1688586711186,-271972,4257
07-05 21:51:51.202 14442 14558 I BatteryMgr:DataCollectionService: stats => 1688586711202,-271972,4257
07-05 21:51:51.210  1331 14528 E qdmetadata: Unknown paramType 4096
07-05 21:51:51.216 14442 14558 I BatteryMgr:DataCollectionService: stats => 1688586711216,-271972,4257
07-05 21:51:51.232 14442 14558 I BatteryMgr:DataCollectionService: stats => 1688586711232,-271972,4257
07-05 21:51:51.244  1331 14528 E qdmetadata: Unknown paramType 4096
07-05 21:51:51.251 14442 14558 I BatteryMgr:DataCollectionService: stats => 1688586711251,-271972,4257
07-05 21:51:51.269 14442 14558 I BatteryMgr:DataCollectionService: stats => 1688586711269,-271972,4257
07-05 21:51:51.276  1331 14528 E qdmetadata: Unknown paramType 4096
07-05 21:51:51.285 14442 14558 I BatteryMgr:DataCollectionService: stats => 1688586711284,-271972,4257
07-05 21:51:51.301 14442 14558 I BatteryMgr:DataCollectionService: stats => 1688586711301,-271972,4257
07-05 21:51:51.310  1331 14528 E qdmetadata: Unknown paramType 4096
07-05 21:51:51.316 14442 14558 I BatteryMgr:DataCollectionService: stats => 1688586711316,-271972,4257
07-05 21:51:51.332 14442 14558 I BatteryMgr:DataCollectionService: stats => 1688586711332,-271972,4257
07-05 21:51:51.343  1331 14528 E qdmetadata: Unknown paramType 4096
07-05 21:51:51.349 14442 14558 I BatteryMgr:DataCollectionService: stats => 1688586711349,-271972,4257
07-05 21:51:51.366 14442 14558 I BatteryMgr:DataCollectionService: stats => 1688586711365,-271972,4257
07-05 21:51:51.376  1331 14528 E qdmetadata: Unknown paramType 4096
07-05 21:51:51.378  1331 14528 E qdmetadata: Unknown paramType 4096
07-05 21:51:51.382 14442 14558 I BatteryMgr:DataCollectionService: stats => 1688586711382,-271972,4257
07-05 21:51:51.397 14442 14558 I BatteryMgr:DataCollectionService: stats => 1688586711397,-271972,4257
07-05 21:51:51.412 14442 14558 I BatteryMgr:DataCollectionService: stats => 1688586711412,-271972,4257
07-05 21:51:51.428 14442 14558 I BatteryMgr:DataCollectionService: stats => 1688586711428,-271972,4257
07-05 21:51:51.444 14442 14558 I BatteryMgr:DataCollectionService: stats => 1688586711444,-271972,4257
07-05 21:51:51.444  1331 14528 E qdmetadata: Unknown paramType 4096
07-05 21:51:51.466 14442 14558 I BatteryMgr:DataCollectionService: stats => 1688586711465,-271972,4257
07-05 21:51:51.477  1331 14528 E qdmetadata: Unknown paramType 4096
07-05 21:51:51.486 14442 14558 I BatteryMgr:DataCollectionService: stats => 1688586711486,-271972,4257
07-05 21:51:51.494  1704  2117 D InputDispatcher: Waiting to send key to Window{721d944 u0 Panel:e.www.displaytest/e.www.displaytest.MainActivity} because there are unprocessed events that may cause focus to change
07-05 21:51:51.505 14442 14558 I BatteryMgr:DataCollectionService: stats => 1688586711505,-271972,4257
07-05 21:51:51.512  1331 14528 E qdmetadata: Unknown paramType 4096
07-05 21:51:51.513  1331 14528 E qdmetadata: Unknown paramType 4096
07-05 21:51:51.520 14442 14558 I BatteryMgr:DataCollectionService: stats => 1688586711520,-271972,4257
07-05 21:51:51.536 14442 14558 I BatteryMgr:DataCollectionService: stats => 1688586711536,-271972,4257
07-05 21:51:51.552 14442 14558 I BatteryMgr:DataCollectionService: stats => 1688586711552,-271972,4257
07-05 21:51:51.568 14442 14558 I BatteryMgr:DataCollectionService: stats => 1688586711567,-271972,4257
07-05 21:51:51.578  1331 14528 E qdmetadata: Unknown paramType 4096
07-05 21:51:51.583 14442 14558 I BatteryMgr:DataCollectionService: stats => 1688586711583,-271972,4257
07-05 21:51:51.598 14442 14558 I BatteryMgr:DataCollectionService: stats => 1688586711598,-271972,4257
07-05 21:51:51.602  1214  1214 W /system/vendor/bin/ipacm: type=1400 audit(0.0:358208): avc: denied { write } for comm=6E65746C696E6B20736F636B6574 name="ipacm_log_file" dev="tmpfs" ino=20285 scontext=u:r:ipacm:s0 tcontext=u:object_r:ipacm_socket:s0 tclass=sock_file permissive=0
07-05 21:51:51.602  1214  1214 I chatty  : uid=1001(radio) /system/vendor/bin/ipacm identical 1 line
07-05 21:51:51.602  1214  1214 W /system/vendor/bin/ipacm: type=1400 audit(0.0:358210): avc: denied { write } for comm=6E65746C696E6B20736F636B6574 name="ipacm_log_file" dev="tmpfs" ino=20285 scontext=u:r:ipacm:s0 tcontext=u:object_r:ipacm_socket:s0 tclass=sock_file permissive=0
07-05 21:51:51.602  1214  1214 W ipacm   : type=1400 audit(0.0:358211): avc: denied { write } for name="ipacm_log_file" dev="tmpfs" ino=20285 scontext=u:r:ipacm:s0 tcontext=u:object_r:ipacm_socket:s0 tclass=sock_file permissive=0
07-05 21:51:51.602  1214  1214 W ipacm   : type=1400 audit(0.0:358212): avc: denied { write } for name="ipacm_log_file" dev="tmpfs" ino=20285 scontext=u:r:ipacm:s0 tcontext=u:object_r:ipacm_socket:s0 tclass=sock_file permissive=0
07-05 21:51:51.611  1331 14528 E qdmetadata: Unknown paramType 4096
07-05 21:51:51.615 14442 14558 I BatteryMgr:DataCollectionService: stats => 1688586711615,-271972,4257
07-05 21:51:51.630 14442 14558 I BatteryMgr:DataCollectionService: stats => 1688586711630,-271972,4257
07-05 21:51:51.644  1331 14528 E qdmetadata: Unknown paramType 4096
07-05 21:51:51.646 14442 14558 I BatteryMgr:DataCollectionService: stats => 1688586711646,-271972,4257
07-05 21:51:51.662 14442 14558 I BatteryMgr:DataCollectionService: stats => 1688586711662,-271972,4257
07-05 21:51:51.676  1331 14528 E qdmetadata: Unknown paramType 4096
07-05 21:51:51.682 14442 14558 I BatteryMgr:DataCollectionService: stats => 1688586711682,-271972,4257
07-05 21:51:51.700 14442 14558 I BatteryMgr:DataCollectionService: stats => 1688586711700,-271972,4257
07-05 21:51:51.710  1331 14528 E qdmetadata: Unknown paramType 4096
07-05 21:51:51.711  1331 14528 E qdmetadata: Unknown paramType 4096
07-05 21:51:51.722 14442 14558 I BatteryMgr:DataCollectionService: stats => 1688586711722,-271972,4257
07-05 21:51:51.739 14442 14558 I BatteryMgr:DataCollectionService: stats => 1688586711739,-271972,4257
07-05 21:51:51.755 14442 14558 I BatteryMgr:DataCollectionService: stats => 1688586711755,-271972,4257
07-05 21:51:51.772 14442 14558 I BatteryMgr:DataCollectionService: stats => 1688586711772,-271972,4257
07-05 21:51:51.779  1331 14528 E qdmetadata: Unknown paramType 4096
07-05 21:51:51.787 14442 14558 I BatteryMgr:DataCollectionService: stats => 1688586711787,-271972,4257
07-05 21:51:51.806 14442 14558 I BatteryMgr:DataCollectionService: stats => 1688586711806,-271972,4257
07-05 21:51:51.810  1331 14528 E qdmetadata: Unknown paramType 4096
07-05 21:51:51.822 14442 14558 I BatteryMgr:DataCollectionService: stats => 1688586711822,-271972,4257
07-05 21:51:51.838 14442 14558 I BatteryMgr:DataCollectionService: stats => 1688586711838,-271972,4257
07-05 21:51:51.847  1331 14528 E qdmetadata: Unknown paramType 4096
07-05 21:51:51.853 14442 14558 I BatteryMgr:DataCollectionService: stats => 1688586711853,-271972,4257
07-05 21:51:51.870 14442 14558 I BatteryMgr:DataCollectionService: stats => 1688586711870,-271972,4257
07-05 21:51:51.880  1331 14528 E qdmetadata: Unknown paramType 4096
07-05 21:51:51.885 14442 14558 I BatteryMgr:DataCollectionService: stats => 1688586711885,-271972,4257
07-05 21:51:51.901 14442 14558 I BatteryMgr:DataCollectionService: stats => 1688586711901,-271972,4257
07-05 21:51:51.910  1331 14528 E qdmetadata: Unknown paramType 4096
07-05 21:51:51.916 14442 14558 I BatteryMgr:DataCollectionService: stats => 1688586711916,-271972,4257
07-05 21:51:51.930 14442 14558 I BatteryMgr:DataCollectionService: stats => 1688586711930,-271972,4257
07-05 21:51:51.944  1331 14528 E qdmetadata: Unknown paramType 4096
07-05 21:51:51.945  1331 14528 E qdmetadata: Unknown paramType 4096
07-05 21:51:51.949 14442 14558 I BatteryMgr:DataCollectionService: stats => 1688586711949,-271972,4257
07-05 21:51:51.967 14442 14558 I BatteryMgr:DataCollectionService: stats => 1688586711967,-271972,4257
07-05 21:51:51.984 14442 14558 I BatteryMgr:DataCollectionService: stats => 1688586711984,-271972,4257
07-05 21:51:52.000 14442 14558 I BatteryMgr:DataCollectionService: stats => 1688586712000,-271972,4257
07-05 21:51:52.010  1331 14528 E qdmetadata: Unknown paramType 4096
07-05 21:51:52.017 14442 14558 I BatteryMgr:DataCollectionService: stats => 1688586712017,-271972,4257
