07-05 21:33:24.354  1331 12473 E qdmetadata: Unknown paramType 4096
07-05 21:33:24.370 12388 12503 I BatteryMgr:DataCollectionService: stats => 1688585604370,-208495,4276
07-05 21:33:24.389 12388 12503 I BatteryMgr:DataCollectionService: stats => 1688585604389,-208495,4276
07-05 21:33:24.412 12388 12503 I BatteryMgr:DataCollectionService: stats => 1688585604412,-208495,4276
07-05 21:33:24.420  1331 12473 E qdmetadata: Unknown paramType 4096
07-05 21:33:24.430 12388 12503 I BatteryMgr:DataCollectionService: stats => 1688585604430,-208495,4276
07-05 21:33:24.448 12388 12503 I BatteryMgr:DataCollectionService: stats => 1688585604448,-208495,4276
07-05 21:33:24.452  1331 12473 E qdmetadata: Unknown paramType 4096
07-05 21:33:24.464 12388 12503 I BatteryMgr:DataCollectionService: stats => 1688585604464,-208495,4276
07-05 21:33:24.483 12388 12503 I BatteryMgr:DataCollectionService: stats => 1688585604483,-208495,4276
07-05 21:33:24.486  1331 12473 E qdmetadata: Unknown paramType 4096
07-05 21:33:24.489  1331 12473 E qdmetadata: Unknown paramType 4096
07-05 21:33:24.505 12388 12503 I BatteryMgr:DataCollectionService: stats => 1688585604504,-208495,4276
07-05 21:33:24.524 12388 12503 I BatteryMgr:DataCollectionService: stats => 1688585604524,-208495,4276
07-05 21:33:24.544 12388 12503 I BatteryMgr:DataCollectionService: stats => 1688585604544,-208495,4276
07-05 21:33:24.551  1331 12473 E qdmetadata: Unknown paramType 4096
07-05 21:33:24.561 12388 12503 I BatteryMgr:DataCollectionService: stats => 1688585604561,-208495,4276
07-05 21:33:24.579 12388 12503 I BatteryMgr:DataCollectionService: stats => 1688585604579,-208495,4276
07-05 21:33:24.586  1331 12473 E qdmetadata: Unknown paramType 4096
07-05 21:33:24.596 12388 12503 I BatteryMgr:DataCollectionService: stats => 1688585604596,-208495,4276
07-05 21:33:24.614 12388 12503 I BatteryMgr:DataCollectionService: stats => 1688585604614,-208495,4276
07-05 21:33:24.618  1331 12473 E qdmetadata: Unknown paramType 4096
07-05 21:33:24.620  1331 12473 E qdmetadata: Unknown paramType 4096
07-05 21:33:24.635 12388 12503 I BatteryMgr:DataCollectionService: stats => 1688585604635,-208495,4276
07-05 21:33:24.651 12388 12503 I BatteryMgr:DataCollectionService: stats => 1688585604651,-208495,4276
07-05 21:33:24.672 12388 12503 I BatteryMgr:DataCollectionService: stats => 1688585604672,-208495,4276
07-05 21:33:24.685  1331 12473 E qdmetadata: Unknown paramType 4096
07-05 21:33:24.695 12388 12503 I BatteryMgr:DataCollectionService: stats => 1688585604694,-208495,4276
07-05 21:33:24.715 12388 12503 I BatteryMgr:DataCollectionService: stats => 1688585604715,-208495,4276
07-05 21:33:24.719  1331 12473 E qdmetadata: Unknown paramType 4096
07-05 21:33:24.733 12388 12503 I BatteryMgr:DataCollectionService: stats => 1688585604733,-208495,4276
07-05 21:33:24.749 12388 12503 I BatteryMgr:DataCollectionService: stats => 1688585604749,-208495,4276
07-05 21:33:24.751  1331 12473 E qdmetadata: Unknown paramType 4096
07-05 21:33:24.752  1331 12473 E qdmetadata: Unknown paramType 4096
07-05 21:33:24.767 12388 12503 I BatteryMgr:DataCollectionService: stats => 1688585604767,-208495,4276
07-05 21:33:24.783 12388 12503 I BatteryMgr:DataCollectionService: stats => 1688585604783,-208495,4276
07-05 21:33:24.801 12388 12503 I BatteryMgr:DataCollectionService: stats => 1688585604801,-208495,4276
07-05 21:33:24.817 12388 12503 I BatteryMgr:DataCollectionService: stats => 1688585604817,-208495,4276
07-05 21:33:24.818  1331 12473 E qdmetadata: Unknown paramType 4096
07-05 21:33:24.834 12388 12503 I BatteryMgr:DataCollectionService: stats => 1688585604834,-208495,4276
07-05 21:33:24.853  1331 12473 E qdmetadata: Unknown paramType 4096
07-05 21:33:24.857 12388 12503 I BatteryMgr:DataCollectionService: stats => 1688585604857,-208495,4276
07-05 21:33:24.878 12388 12503 I BatteryMgr:DataCollectionService: stats => 1688585604878,-208495,4276
07-05 21:33:24.885  1331 12473 E qdmetadata: Unknown paramType 4096
07-05 21:33:24.885  1331 12473 E qdmetadata: Unknown paramType 4096
07-05 21:33:24.896 12388 12503 I BatteryMgr:DataCollectionService: stats => 1688585604896,-208495,4276
07-05 21:33:24.914 12388 12503 I BatteryMgr:DataCollectionService: stats => 1688585604914,-208495,4276
07-05 21:33:24.931 12388 12503 I BatteryMgr:DataCollectionService: stats => 1688585604931,-208495,4276
07-05 21:33:24.948 12388 12503 I BatteryMgr:DataCollectionService: stats => 1688585604948,-208495,4276
07-05 21:33:24.953  1331 12473 E qdmetadata: Unknown paramType 4096
07-05 21:33:24.965 12388 12503 I BatteryMgr:DataCollectionService: stats => 1688585604965,-208495,4276
07-05 21:33:24.982 12388 12503 I BatteryMgr:DataCollectionService: stats => 1688585604982,-208495,4276
07-05 21:33:24.985  1331 12473 E qdmetadata: Unknown paramType 4096
07-05 21:33:25.002 12388 12503 I BatteryMgr:DataCollectionService: stats => 1688585605002,-208495,4276
07-05 21:33:25.021  1331 12473 E qdmetadata: Unknown paramType 4096
07-05 21:33:25.022  1331 12473 E qdmetadata: Unknown paramType 4096
07-05 21:33:25.023 12388 12503 I BatteryMgr:DataCollectionService: stats => 1688585605022,-208495,4276
07-05 21:33:25.040 12388 12503 I BatteryMgr:DataCollectionService: stats => 1688585605039,-208495,4276
07-05 21:33:25.060 12388 12503 I BatteryMgr:DataCollectionService: stats => 1688585605060,-208495,4276
07-05 21:33:25.080 12388 12503 I BatteryMgr:DataCollectionService: stats => 1688585605080,-208495,4276
07-05 21:33:25.086  1331 12473 E qdmetadata: Unknown paramType 4096
07-05 21:33:25.097 12388 12503 I BatteryMgr:DataCollectionService: stats => 1688585605097,-208495,4276
07-05 21:33:25.114 12388 12503 I BatteryMgr:DataCollectionService: stats => 1688585605114,-208495,4276
07-05 21:33:25.119  1331 12473 E qdmetadata: Unknown paramType 4096
07-05 21:33:25.131 12388 12503 I BatteryMgr:DataCollectionService: stats => 1688585605131,-208495,4276
07-05 21:33:25.148 12388 12503 I BatteryMgr:DataCollectionService: stats => 1688585605148,-208495,4276
07-05 21:33:25.155  1331 12473 E qdmetadata: Unknown paramType 4096
07-05 21:33:25.156  1331 12473 I chatty  : uid=1046(mediacodec) omx@1.0-service identical 1 line
07-05 21:33:25.157  1331 12473 E qdmetadata: Unknown paramType 4096
07-05 21:33:25.166 12388 12503 I BatteryMgr:DataCollectionService: stats => 1688585605166,-208495,4276
07-05 21:33:25.183 12388 12503 I BatteryMgr:DataCollectionService: stats => 1688585605182,-208495,4276
07-05 21:33:25.198 12388 12503 I BatteryMgr:DataCollectionService: stats => 1688585605198,-208495,4276
07-05 21:33:25.214 12388 12503 I BatteryMgr:DataCollectionService: stats => 1688585605214,-208495,4276
07-05 21:33:25.231 12388 12503 I BatteryMgr:DataCollectionService: stats => 1688585605231,-208495,4276
07-05 21:33:25.247 12388 12503 I BatteryMgr:DataCollectionService: stats => 1688585605247,-208495,4276
07-05 21:33:25.252  1331 12473 E qdmetadata: Unknown paramType 4096
07-05 21:33:25.264 12388 12503 I BatteryMgr:DataCollectionService: stats => 1688585605263,-208495,4276
07-05 21:33:25.280 12388 12503 I BatteryMgr:DataCollectionService: stats => 1688585605279,-208495,4276
07-05 21:33:25.285  1331 12473 E qdmetadata: Unknown paramType 4096
07-05 21:33:25.296 12388 12503 I BatteryMgr:DataCollectionService: stats => 1688585605296,-208495,4276
07-05 21:33:25.313 12388 12503 I BatteryMgr:DataCollectionService: stats => 1688585605313,-208495,4276
07-05 21:33:25.322  1331 12473 E qdmetadata: Unknown paramType 4096
07-05 21:33:25.333 12388 12503 I BatteryMgr:DataCollectionService: stats => 1688585605333,-208495,4276
07-05 21:33:25.349 12388 12503 I BatteryMgr:DataCollectionService: stats => 1688585605349,-208495,4276
07-05 21:33:25.351  1331 12473 E qdmetadata: Unknown paramType 4096
07-05 21:33:25.365 12388 12503 I BatteryMgr:DataCollectionService: stats => 1688585605365,-279296,4276
07-05 21:33:25.383 12388 12503 I BatteryMgr:DataCollectionService: stats => 1688585605383,-279296,4276
07-05 21:33:25.390  1331 12473 E qdmetadata: Unknown paramType 4096
07-05 21:33:25.400 12388 12503 I BatteryMgr:DataCollectionService: stats => 1688585605400,-279296,4276
07-05 21:33:25.418 12388 12503 I BatteryMgr:DataCollectionService: stats => 1688585605418,-279296,4276
07-05 21:33:25.419  1331 12473 E qdmetadata: Unknown paramType 4096
07-05 21:33:25.435 12388 12503 I BatteryMgr:DataCollectionService: stats => 1688585605435,-279296,4276
07-05 21:33:25.451 12388 12503 I BatteryMgr:DataCollectionService: stats => 1688585605451,-279296,4276
07-05 21:33:25.453  1331 12473 E qdmetadata: Unknown paramType 4096
07-05 21:33:25.467 12388 12503 I BatteryMgr:DataCollectionService: stats => 1688585605467,-279296,4276
07-05 21:33:25.483 12388 12503 I BatteryMgr:DataCollectionService: stats => 1688585605483,-279296,4276
07-05 21:33:25.485  1331 12473 E qdmetadata: Unknown paramType 4096
07-05 21:33:25.500 12388 12503 I BatteryMgr:DataCollectionService: stats => 1688585605500,-279296,4276
07-05 21:33:25.516 12388 12503 I BatteryMgr:DataCollectionService: stats => 1688585605516,-279296,4276
07-05 21:33:25.520  1331 12473 E qdmetadata: Unknown paramType 4096
07-05 21:33:25.533 12388 12503 I BatteryMgr:DataCollectionService: stats => 1688585605533,-279296,4276
07-05 21:33:25.552 12388 12503 I BatteryMgr:DataCollectionService: stats => 1688585605551,-279296,4276
07-05 21:33:25.552  1331 12473 E qdmetadata: Unknown paramType 4096
07-05 21:33:25.570 12388 12503 I BatteryMgr:DataCollectionService: stats => 1688585605569,-279296,4276
07-05 21:33:25.574  4188  4188 D BoundBrokerSvc: onUnbind: Intent { act=com.google.android.gms.inappreach.service.START dat=chimera-action: cmp=com.google.android.gms/.chimera.GmsApiService }
07-05 21:33:25.589 12388 12503 I BatteryMgr:DataCollectionService: stats => 1688585605589,-279296,4276
07-05 21:33:25.592  1331 12473 E qdmetadata: Unknown paramType 4096
07-05 21:33:25.604 12388 12503 I BatteryMgr:DataCollectionService: stats => 1688585605604,-279296,4276
07-05 21:33:25.622 12388 12503 I BatteryMgr:DataCollectionService: stats => 1688585605622,-279296,4276
07-05 21:33:25.626  1331 12473 E qdmetadata: Unknown paramType 4096
07-05 21:33:25.636 12388 12503 I BatteryMgr:DataCollectionService: stats => 1688585605636,-279296,4276
07-05 21:33:25.650 12388 12503 I BatteryMgr:DataCollectionService: stats => 1688585605650,-279296,4276
07-05 21:33:25.652  1331 12473 E qdmetadata: Unknown paramType 4096
07-05 21:33:25.665 12388 12503 I BatteryMgr:DataCollectionService: stats => 1688585605665,-279296,4276
07-05 21:33:25.679 12388 12503 I BatteryMgr:DataCollectionService: stats => 1688585605679,-279296,4276
07-05 21:33:25.686  1331 12473 E qdmetadata: Unknown paramType 4096
07-05 21:33:25.694 12388 12503 I BatteryMgr:DataCollectionService: stats => 1688585605694,-279296,4276
07-05 21:33:25.712 12388 12503 I BatteryMgr:DataCollectionService: stats => 1688585605712,-279296,4276
07-05 21:33:25.721  1331 12473 E qdmetadata: Unknown paramType 4096
07-05 21:33:25.728 12388 12503 I BatteryMgr:DataCollectionService: stats => 1688585605728,-279296,4276
07-05 21:33:25.748 12388 12503 I BatteryMgr:DataCollectionService: stats => 1688585605748,-279296,4276
07-05 21:33:25.752  1331 12473 E qdmetadata: Unknown paramType 4096
07-05 21:33:25.765 12388 12503 I BatteryMgr:DataCollectionService: stats => 1688585605765,-279296,4276
07-05 21:33:25.782 12388 12503 I BatteryMgr:DataCollectionService: stats => 1688585605782,-279296,4276
07-05 21:33:25.786  1331 12473 E qdmetadata: Unknown paramType 4096
07-05 21:33:25.800 12388 12503 I BatteryMgr:DataCollectionService: stats => 1688585605800,-279296,4276
07-05 21:33:25.816 12388 12503 I BatteryMgr:DataCollectionService: stats => 1688585605816,-279296,4276
07-05 21:33:25.820  1331 12473 E qdmetadata: Unknown paramType 4096
07-05 21:33:25.833 12388 12503 I BatteryMgr:DataCollectionService: stats => 1688585605833,-279296,4276
07-05 21:33:25.849 12388 12503 I BatteryMgr:DataCollectionService: stats => 1688585605849,-279296,4276
07-05 21:33:25.854  1331 12473 E qdmetadata: Unknown paramType 4096
07-05 21:33:25.868 12388 12503 I BatteryMgr:DataCollectionService: stats => 1688585605866,-279296,4276
07-05 21:33:25.886  1331 12473 E qdmetadata: Unknown paramType 4096
07-05 21:33:25.891 12388 12503 I BatteryMgr:DataCollectionService: stats => 1688585605891,-279296,4276
07-05 21:33:25.908 12388 12503 I BatteryMgr:DataCollectionService: stats => 1688585605908,-279296,4276
07-05 21:33:25.921  1331 12473 E qdmetadata: Unknown paramType 4096
07-05 21:33:25.931 12388 12503 I BatteryMgr:DataCollectionService: stats => 1688585605931,-279296,4276
07-05 21:33:25.947 12388 12503 I BatteryMgr:DataCollectionService: stats => 1688585605947,-279296,4276
07-05 21:33:25.952  1331 12473 E qdmetadata: Unknown paramType 4096
07-05 21:33:25.966 12388 12503 I BatteryMgr:DataCollectionService: stats => 1688585605966,-279296,4276
07-05 21:33:25.982 12388 12503 I BatteryMgr:DataCollectionService: stats => 1688585605982,-279296,4276
07-05 21:33:25.986  1331 12473 E qdmetadata: Unknown paramType 4096
07-05 21:33:25.999 12388 12503 I BatteryMgr:DataCollectionService: stats => 1688585605998,-279296,4276
07-05 21:33:26.015 12388 12503 I BatteryMgr:DataCollectionService: stats => 1688585606014,-279296,4276
07-05 21:33:26.023  1331 12473 E qdmetadata: Unknown paramType 4096
07-05 21:33:26.033 12388 12503 I BatteryMgr:DataCollectionService: stats => 1688585606033,-279296,4276
07-05 21:33:26.049 12388 12503 I BatteryMgr:DataCollectionService: stats => 1688585606049,-279296,4276
07-05 21:33:26.053  1331 12473 E qdmetadata: Unknown paramType 4096
07-05 21:33:26.066 12388 12503 I BatteryMgr:DataCollectionService: stats => 1688585606066,-279296,4276
07-05 21:33:26.083 12388 12503 I BatteryMgr:DataCollectionService: stats => 1688585606082,-279296,4276
07-05 21:33:26.086  1331 12473 E qdmetadata: Unknown paramType 4096
07-05 21:33:26.099 12388 12503 I BatteryMgr:DataCollectionService: stats => 1688585606098,-279296,4276
07-05 21:33:26.115 12388 12503 I BatteryMgr:DataCollectionService: stats => 1688585606115,-279296,4276
07-05 21:33:26.121  1331 12473 E qdmetadata: Unknown paramType 4096
07-05 21:33:26.133 12388 12503 I BatteryMgr:DataCollectionService: stats => 1688585606133,-279296,4276
07-05 21:33:26.148 12388 12503 I BatteryMgr:DataCollectionService: stats => 1688585606148,-279296,4276
07-05 21:33:26.153  1331 12473 E qdmetadata: Unknown paramType 4096
07-05 21:33:26.165 12388 12503 I BatteryMgr:DataCollectionService: stats => 1688585606165,-279296,4276
07-05 21:33:26.182 12388 12503 I BatteryMgr:DataCollectionService: stats => 1688585606182,-279296,4276
07-05 21:33:26.186  1331 12473 E qdmetadata: Unknown paramType 4096
07-05 21:33:26.199 12388 12503 I BatteryMgr:DataCollectionService: stats => 1688585606199,-279296,4276
07-05 21:33:26.216 12388 12503 I BatteryMgr:DataCollectionService: stats => 1688585606216,-279296,4276
07-05 21:33:26.220  1331 12473 E qdmetadata: Unknown paramType 4096
07-05 21:33:26.233 12388 12503 I BatteryMgr:DataCollectionService: stats => 1688585606233,-279296,4276
07-05 21:33:26.250 12388 12503 I BatteryMgr:DataCollectionService: stats => 1688585606250,-279296,4276
07-05 21:33:26.254  1331 12473 E qdmetadata: Unknown paramType 4096
07-05 21:33:26.266 12388 12503 I BatteryMgr:DataCollectionService: stats => 1688585606266,-279296,4276
07-05 21:33:26.282 12388 12503 I BatteryMgr:DataCollectionService: stats => 1688585606282,-279296,4276
07-05 21:33:26.286  1331 12473 E qdmetadata: Unknown paramType 4096
07-05 21:33:26.301 12388 12503 I BatteryMgr:DataCollectionService: stats => 1688585606301,-279296,4276
07-05 21:33:26.316 12388 12503 I BatteryMgr:DataCollectionService: stats => 1688585606316,-279296,4276
07-05 21:33:26.320  1331 12473 E qdmetadata: Unknown paramType 4096
07-05 21:33:26.333 12388 12503 I BatteryMgr:DataCollectionService: stats => 1688585606333,-279296,4276
07-05 21:33:26.353  1331 12473 E qdmetadata: Unknown paramType 4096
07-05 21:33:26.361 12388 12503 I BatteryMgr:DataCollectionService: stats => 1688585606361,-279296,4276
07-05 21:33:26.377 12388 12503 I BatteryMgr:DataCollectionService: stats => 1688585606376,-279296,4276
07-05 21:33:26.388  1331 12473 E qdmetadata: Unknown paramType 4096
07-05 21:33:26.393 12388 12503 I BatteryMgr:DataCollectionService: stats => 1688585606392,-279296,4276
07-05 21:33:26.413 12388 12503 I BatteryMgr:DataCollectionService: stats => 1688585606413,-279296,4276
07-05 21:33:26.420  1331 12473 E qdmetadata: Unknown paramType 4096
07-05 21:33:26.430 12388 12503 I BatteryMgr:DataCollectionService: stats => 1688585606430,-279296,4276
07-05 21:33:26.447 12388 12503 I BatteryMgr:DataCollectionService: stats => 1688585606447,-279296,4276
07-05 21:33:26.456  1331 12473 E qdmetadata: Unknown paramType 4096
07-05 21:33:26.464 12388 12503 I BatteryMgr:DataCollectionService: stats => 1688585606463,-279296,4276
07-05 21:33:26.479 12388 12503 I BatteryMgr:DataCollectionService: stats => 1688585606479,-279296,4276
07-05 21:33:26.488  1331 12473 E qdmetadata: Unknown paramType 4096
07-05 21:33:26.495 12388 12503 I BatteryMgr:DataCollectionService: stats => 1688585606495,-279296,4276
07-05 21:33:26.511 12388 12503 I BatteryMgr:DataCollectionService: stats => 1688585606511,-279296,4276
07-05 21:33:26.521  1331 12473 E qdmetadata: Unknown paramType 4096
07-05 21:33:26.528 12388 12503 I BatteryMgr:DataCollectionService: stats => 1688585606528,-279296,4276
07-05 21:33:26.544 12388 12503 I BatteryMgr:DataCollectionService: stats => 1688585606544,-279296,4276
07-05 21:33:26.553  1331 12473 E qdmetadata: Unknown paramType 4096
07-05 21:33:26.561 12388 12503 I BatteryMgr:DataCollectionService: stats => 1688585606561,-279296,4276
07-05 21:33:26.577 12388 12503 I BatteryMgr:DataCollectionService: stats => 1688585606577,-279296,4276
07-05 21:33:26.588  1331 12473 E qdmetadata: Unknown paramType 4096
07-05 21:33:26.606 12388 12503 I BatteryMgr:DataCollectionService: stats => 1688585606606,-279296,4276
07-05 21:33:26.621  1331 12473 E qdmetadata: Unknown paramType 4096
07-05 21:33:26.629 12388 12503 I BatteryMgr:DataCollectionService: stats => 1688585606629,-279296,4276
07-05 21:33:26.649 12388 12503 I BatteryMgr:DataCollectionService: stats => 1688585606648,-279296,4276
07-05 21:33:26.653  1331 12473 E qdmetadata: Unknown paramType 4096
07-05 21:33:26.665 12388 12503 I BatteryMgr:DataCollectionService: stats => 1688585606665,-279296,4276
07-05 21:33:26.682 12388 12503 I BatteryMgr:DataCollectionService: stats => 1688585606682,-279296,4276
07-05 21:33:26.688  1331 12473 E qdmetadata: Unknown paramType 4096
07-05 21:33:26.699 12388 12503 I BatteryMgr:DataCollectionService: stats => 1688585606699,-279296,4276
07-05 21:33:26.718 12388 12503 I BatteryMgr:DataCollectionService: stats => 1688585606717,-279296,4276
07-05 21:33:26.725  1331 12473 E qdmetadata: Unknown paramType 4096
07-05 21:33:26.734 12388 12503 I BatteryMgr:DataCollectionService: stats => 1688585606734,-279296,4276
07-05 21:33:26.750 12388 12503 I BatteryMgr:DataCollectionService: stats => 1688585606750,-279296,4276
07-05 21:33:26.761  1331 12473 E qdmetadata: Unknown paramType 4096
07-05 21:33:26.771 12388 12503 I BatteryMgr:DataCollectionService: stats => 1688585606771,-279296,4276
07-05 21:33:26.787  1331 12473 E qdmetadata: Unknown paramType 4096
07-05 21:33:26.788 12388 12503 I BatteryMgr:DataCollectionService: stats => 1688585606787,-279296,4276
07-05 21:33:26.803 12388 12503 I BatteryMgr:DataCollectionService: stats => 1688585606803,-279296,4276
07-05 21:33:26.821  1331 12473 E qdmetadata: Unknown paramType 4096
07-05 21:33:26.825 12388 12503 I BatteryMgr:DataCollectionService: stats => 1688585606825,-279296,4276
07-05 21:33:26.844 12388 12503 I BatteryMgr:DataCollectionService: stats => 1688585606842,-210449,4276
07-05 21:33:26.854  1331 12473 E qdmetadata: Unknown paramType 4096
07-05 21:33:26.862 12388 12503 I BatteryMgr:DataCollectionService: stats => 1688585606862,-210449,4276
07-05 21:33:26.881 12388 12503 I BatteryMgr:DataCollectionService: stats => 1688585606881,-210449,4276
07-05 21:33:26.886  1331 12473 E qdmetadata: Unknown paramType 4096
07-05 21:33:26.897 12388 12503 I BatteryMgr:DataCollectionService: stats => 1688585606897,-210449,4276
07-05 21:33:26.916 12388 12503 I BatteryMgr:DataCollectionService: stats => 1688585606916,-210449,4276
07-05 21:33:26.921  1331 12473 E qdmetadata: Unknown paramType 4096
07-05 21:33:26.934 12388 12503 I BatteryMgr:DataCollectionService: stats => 1688585606934,-210449,4276
07-05 21:33:26.950 12388 12503 I BatteryMgr:DataCollectionService: stats => 1688585606950,-210449,4276
07-05 21:33:26.954  1331 12473 E qdmetadata: Unknown paramType 4096
07-05 21:33:26.967 12388 12503 I BatteryMgr:DataCollectionService: stats => 1688585606966,-210449,4276
07-05 21:33:26.983 12388 12503 I BatteryMgr:DataCollectionService: stats => 1688585606983,-210449,4276
07-05 21:33:26.987  1331 12473 E qdmetadata: Unknown paramType 4096
07-05 21:33:27.000 12388 12503 I BatteryMgr:DataCollectionService: stats => 1688585607000,-210449,4276
07-05 21:33:27.017 12388 12503 I BatteryMgr:DataCollectionService: stats => 1688585607016,-210449,4276
07-05 21:33:27.021  1331 12473 E qdmetadata: Unknown paramType 4096
07-05 21:33:27.033 12388 12503 I BatteryMgr:DataCollectionService: stats => 1688585607033,-210449,4276
07-05 21:33:27.049 12388 12503 I BatteryMgr:DataCollectionService: stats => 1688585607049,-210449,4276
07-05 21:33:27.057  1331 12473 E qdmetadata: Unknown paramType 4096
07-05 21:33:27.066 12388 12503 I BatteryMgr:DataCollectionService: stats => 1688585607066,-210449,4276
07-05 21:33:27.084 12388 12503 I BatteryMgr:DataCollectionService: stats => 1688585607084,-210449,4276
07-05 21:33:27.090  1331 12473 E qdmetadata: Unknown paramType 4096
07-05 21:33:27.099 12388 12503 I BatteryMgr:DataCollectionService: stats => 1688585607099,-210449,4276
07-05 21:33:27.117 12388 12503 I BatteryMgr:DataCollectionService: stats => 1688585607117,-210449,4276
07-05 21:33:27.124  1331 12473 E qdmetadata: Unknown paramType 4096
07-05 21:33:27.125  1331 12473 I chatty  : uid=1046(mediacodec) omx@1.0-service identical 1 line
07-05 21:33:27.126  1331 12473 E qdmetadata: Unknown paramType 4096
07-05 21:33:27.134 12388 12503 I BatteryMgr:DataCollectionService: stats => 1688585607134,-210449,4276
07-05 21:33:27.151 12388 12503 I BatteryMgr:DataCollectionService: stats => 1688585607151,-210449,4276
07-05 21:33:27.167 12388 12503 I BatteryMgr:DataCollectionService: stats => 1688585607167,-210449,4276
07-05 21:33:27.184 12388 12503 I BatteryMgr:DataCollectionService: stats => 1688585607184,-210449,4276
07-05 21:33:27.201 12388 12503 I BatteryMgr:DataCollectionService: stats => 1688585607201,-210449,4276
07-05 21:33:27.218 12388 12503 I BatteryMgr:DataCollectionService: stats => 1688585607218,-210449,4276
07-05 21:33:27.224  1331 12473 E qdmetadata: Unknown paramType 4096
07-05 21:33:27.237 12388 12503 I BatteryMgr:DataCollectionService: stats => 1688585607237,-210449,4276
07-05 21:33:27.253 12388 12503 I BatteryMgr:DataCollectionService: stats => 1688585607253,-210449,4276
07-05 21:33:27.254  1331 12473 E qdmetadata: Unknown paramType 4096
07-05 21:33:27.273 12388 12503 I BatteryMgr:DataCollectionService: stats => 1688585607273,-210449,4276
07-05 21:33:27.287  1331 12473 E qdmetadata: Unknown paramType 4096
07-05 21:33:27.295 12388 12503 I BatteryMgr:DataCollectionService: stats => 1688585607295,-210449,4276
07-05 21:33:27.312 12388 12503 I BatteryMgr:DataCollectionService: stats => 1688585607312,-210449,4276
07-05 21:33:27.321  1331 12473 E qdmetadata: Unknown paramType 4096
07-05 21:33:27.330 12388 12503 I BatteryMgr:DataCollectionService: stats => 1688585607330,-210449,4276
07-05 21:33:27.350 12388 12503 I BatteryMgr:DataCollectionService: stats => 1688585607350,-210449,4276
07-05 21:33:27.357  1331 12473 E qdmetadata: Unknown paramType 4096
07-05 21:33:27.359  1331 12473 E qdmetadata: Unknown paramType 4096
07-05 21:33:27.366 12388 12503 I BatteryMgr:DataCollectionService: stats => 1688585607366,-210449,4276
07-05 21:33:27.384 12388 12503 I BatteryMgr:DataCollectionService: stats => 1688585607384,-210449,4276
07-05 21:33:27.401 12388 12503 I BatteryMgr:DataCollectionService: stats => 1688585607401,-210449,4276
07-05 21:33:27.416 12388 12503 I BatteryMgr:DataCollectionService: stats => 1688585607416,-210449,4276
07-05 21:33:27.421  1331 12473 E qdmetadata: Unknown paramType 4096
07-05 21:33:27.433 12388 12503 I BatteryMgr:DataCollectionService: stats => 1688585607433,-210449,4276
07-05 21:33:27.451 12388 12503 I BatteryMgr:DataCollectionService: stats => 1688585607450,-210449,4276
07-05 21:33:27.455  1331 12473 E qdmetadata: Unknown paramType 4096
07-05 21:33:27.466 12388 12503 I BatteryMgr:DataCollectionService: stats => 1688585607466,-210449,4276
07-05 21:33:27.482 12388 12503 I BatteryMgr:DataCollectionService: stats => 1688585607481,-210449,4276
07-05 21:33:27.485   933 12470 D audio_hw_primary: copl(0xf47d4fb0):out of compress_wait
07-05 21:33:27.489   933 12477 D audio_hw_primary: No space available in compress driver, post msg to cb thread
07-05 21:33:27.489   933 12470 D audio_hw_primary: copl(0xf47d4fb0):calling compress_wait
07-05 21:33:27.490  1331 12473 E qdmetadata: Unknown paramType 4096
07-05 21:33:27.491  1331 12473 E qdmetadata: Unknown paramType 4096
07-05 21:33:27.501 12388 12503 I BatteryMgr:DataCollectionService: stats => 1688585607497,-210449,4276
07-05 21:33:27.524 12388 12503 I BatteryMgr:DataCollectionService: stats => 1688585607524,-210449,4276
07-05 21:33:27.541 12388 12503 I BatteryMgr:DataCollectionService: stats => 1688585607541,-210449,4276
07-05 21:33:27.553  1331 12473 E qdmetadata: Unknown paramType 4096
07-05 21:33:27.557 12388 12503 I BatteryMgr:DataCollectionService: stats => 1688585607557,-210449,4276
07-05 21:33:27.572 12388 12503 I BatteryMgr:DataCollectionService: stats => 1688585607572,-210449,4276
07-05 21:33:27.586 12388 12503 I BatteryMgr:DataCollectionService: stats => 1688585607586,-210449,4276
07-05 21:33:27.587  1331 12473 E qdmetadata: Unknown paramType 4096
07-05 21:33:27.602 12388 12503 I BatteryMgr:DataCollectionService: stats => 1688585607602,-210449,4276
07-05 21:33:27.617 12388 12503 I BatteryMgr:DataCollectionService: stats => 1688585607617,-210449,4276
07-05 21:33:27.621  1331 12473 E qdmetadata: Unknown paramType 4096
07-05 21:33:27.622  1331 12473 E qdmetadata: Unknown paramType 4096
07-05 21:33:27.633 12388 12503 I BatteryMgr:DataCollectionService: stats => 1688585607633,-210449,4276
07-05 21:33:27.648 12388 12503 I BatteryMgr:DataCollectionService: stats => 1688585607648,-210449,4276
07-05 21:33:27.668 12388 12503 I BatteryMgr:DataCollectionService: stats => 1688585607667,-210449,4276
07-05 21:33:27.684 12388 12503 I BatteryMgr:DataCollectionService: stats => 1688585607684,-210449,4276
07-05 21:33:27.688  1331 12473 E qdmetadata: Unknown paramType 4096
07-05 21:33:27.700 12388 12503 I BatteryMgr:DataCollectionService: stats => 1688585607700,-210449,4276
07-05 21:33:27.718 12388 12503 I BatteryMgr:DataCollectionService: stats => 1688585607718,-210449,4276
07-05 21:33:27.722  1331 12473 E qdmetadata: Unknown paramType 4096
07-05 21:33:27.734 12388 12503 I BatteryMgr:DataCollectionService: stats => 1688585607734,-210449,4276
07-05 21:33:27.751 12388 12503 I BatteryMgr:DataCollectionService: stats => 1688585607751,-210449,4276
07-05 21:33:27.755  1331 12473 E qdmetadata: Unknown paramType 4096
07-05 21:33:27.767 12388 12503 I BatteryMgr:DataCollectionService: stats => 1688585607767,-210449,4276
07-05 21:33:27.785 12388 12503 I BatteryMgr:DataCollectionService: stats => 1688585607784,-210449,4276
07-05 21:33:27.788  1331 12473 E qdmetadata: Unknown paramType 4096
07-05 21:33:27.789  1331 12473 E qdmetadata: Unknown paramType 4096
07-05 21:33:27.802 12388 12503 I BatteryMgr:DataCollectionService: stats => 1688585607802,-210449,4276
07-05 21:33:27.818 12388 12503 I BatteryMgr:DataCollectionService: stats => 1688585607818,-210449,4276
07-05 21:33:27.834 12388 12503 I BatteryMgr:DataCollectionService: stats => 1688585607834,-210449,4276
07-05 21:33:27.850 12388 12503 I BatteryMgr:DataCollectionService: stats => 1688585607850,-210449,4276
07-05 21:33:27.854  1331 12473 E qdmetadata: Unknown paramType 4096
07-05 21:33:27.866 12388 12503 I BatteryMgr:DataCollectionService: stats => 1688585607866,-210449,4276
07-05 21:33:27.883 12388 12503 I BatteryMgr:DataCollectionService: stats => 1688585607883,-210449,4276
07-05 21:33:27.890  1331 12473 E qdmetadata: Unknown paramType 4096
07-05 21:33:27.901 12388 12503 I BatteryMgr:DataCollectionService: stats => 1688585607901,-210449,4276
07-05 21:33:27.916 12388 12503 I BatteryMgr:DataCollectionService: stats => 1688585607916,-210449,4276
07-05 21:33:27.922  1331 12473 E qdmetadata: Unknown paramType 4096
07-05 21:33:27.922  1331 12473 E qdmetadata: Unknown paramType 4096
07-05 21:33:27.935 12388 12503 I BatteryMgr:DataCollectionService: stats => 1688585607935,-210449,4276
07-05 21:33:27.950 12388 12503 I BatteryMgr:DataCollectionService: stats => 1688585607950,-210449,4276
07-05 21:33:27.967 12388 12503 I BatteryMgr:DataCollectionService: stats => 1688585607967,-210449,4276
07-05 21:33:27.985 12388 12503 I BatteryMgr:DataCollectionService: stats => 1688585607985,-210449,4276
07-05 21:33:27.988  1331 12473 E qdmetadata: Unknown paramType 4096
07-05 21:33:27.989  1331 12473 E qdmetadata: Unknown paramType 4096
07-05 21:33:28.002 12388 12503 I BatteryMgr:DataCollectionService: stats => 1688585608002,-210449,4276
07-05 21:33:28.017 12388 12503 I BatteryMgr:DataCollectionService: stats => 1688585608017,-210449,4276
07-05 21:33:28.034 12388 12503 I BatteryMgr:DataCollectionService: stats => 1688585608034,-210449,4276
07-05 21:33:28.050 12388 12503 I BatteryMgr:DataCollectionService: stats => 1688585608050,-210449,4276
07-05 21:33:28.055  1331 12473 E qdmetadata: Unknown paramType 4096
07-05 21:33:28.067 12388 12503 I BatteryMgr:DataCollectionService: stats => 1688585608067,-210449,4276
07-05 21:33:28.083 12388 12503 I BatteryMgr:DataCollectionService: stats => 1688585608083,-210449,4276
07-05 21:33:28.089  1331 12473 E qdmetadata: Unknown paramType 4096
07-05 21:33:28.100 12388 12503 I BatteryMgr:DataCollectionService: stats => 1688585608100,-210449,4276
07-05 21:33:28.116 12388 12503 I BatteryMgr:DataCollectionService: stats => 1688585608116,-210449,4276
07-05 21:33:28.122  1331 12473 E qdmetadata: Unknown paramType 4096
07-05 21:33:28.133 12388 12503 I BatteryMgr:DataCollectionService: stats => 1688585608133,-210449,4276
07-05 21:33:28.152 12388 12503 I BatteryMgr:DataCollectionService: stats => 1688585608151,-210449,4276
07-05 21:33:28.158  1331 12473 E qdmetadata: Unknown paramType 4096
07-05 21:33:28.167 12388 12503 I BatteryMgr:DataCollectionService: stats => 1688585608167,-210449,4276
07-05 21:33:28.184 12388 12503 I BatteryMgr:DataCollectionService: stats => 1688585608184,-210449,4276
07-05 21:33:28.188  1331 12473 E qdmetadata: Unknown paramType 4096
07-05 21:33:28.189  1331 12473 E qdmetadata: Unknown paramType 4096
07-05 21:33:28.201 12388 12503 I BatteryMgr:DataCollectionService: stats => 1688585608201,-210449,4276
07-05 21:33:28.218 12388 12503 I BatteryMgr:DataCollectionService: stats => 1688585608218,-210449,4276
07-05 21:33:28.235 12388 12503 I BatteryMgr:DataCollectionService: stats => 1688585608235,-210449,4276
07-05 21:33:28.250 12388 12503 I BatteryMgr:DataCollectionService: stats => 1688585608250,-210449,4276
07-05 21:33:28.257  1331 12473 E qdmetadata: Unknown paramType 4096
07-05 21:33:28.267 12388 12503 I BatteryMgr:DataCollectionService: stats => 1688585608267,-210449,4276
07-05 21:33:28.286 12388 12503 I BatteryMgr:DataCollectionService: stats => 1688585608286,-210449,4276
07-05 21:33:28.289  1331 12473 E qdmetadata: Unknown paramType 4096
07-05 21:33:28.303 12388 12503 I BatteryMgr:DataCollectionService: stats => 1688585608303,-211425,4276
07-05 21:33:28.319 12388 12503 I BatteryMgr:DataCollectionService: stats => 1688585608319,-211425,4276
07-05 21:33:28.322  1331 12473 E qdmetadata: Unknown paramType 4096
07-05 21:33:28.335 12388 12503 I BatteryMgr:DataCollectionService: stats => 1688585608335,-211425,4276
07-05 21:33:28.354 12388 12503 I BatteryMgr:DataCollectionService: stats => 1688585608351,-211425,4276
07-05 21:33:28.355  1331 12473 E qdmetadata: Unknown paramType 4096
07-05 21:33:28.356  1331 12473 E qdmetadata: Unknown paramType 4096
07-05 21:33:28.373 12388 12503 I BatteryMgr:DataCollectionService: stats => 1688585608373,-211425,4276
07-05 21:33:28.391 12388 12503 I BatteryMgr:DataCollectionService: stats => 1688585608391,-211425,4276
07-05 21:33:28.407 12388 12503 I BatteryMgr:DataCollectionService: stats => 1688585608407,-211425,4276
07-05 21:33:28.422  1331 12473 E qdmetadata: Unknown paramType 4096
07-05 21:33:28.424 12388 12503 I BatteryMgr:DataCollectionService: stats => 1688585608423,-211425,4276
07-05 21:33:28.446 12388 12503 I BatteryMgr:DataCollectionService: stats => 1688585608446,-211425,4276
07-05 21:33:28.455  1331 12473 E qdmetadata: Unknown paramType 4096
07-05 21:33:28.464 12388 12503 I BatteryMgr:DataCollectionService: stats => 1688585608463,-211425,4276
07-05 21:33:28.481 12388 12503 I BatteryMgr:DataCollectionService: stats => 1688585608481,-211425,4276
07-05 21:33:28.488  1331 12473 E qdmetadata: Unknown paramType 4096
07-05 21:33:28.503 12388 12503 I BatteryMgr:DataCollectionService: stats => 1688585608502,-211425,4276
07-05 21:33:28.518 12388 12503 I BatteryMgr:DataCollectionService: stats => 1688585608518,-211425,4276
07-05 21:33:28.522  1331 12473 E qdmetadata: Unknown paramType 4096
07-05 21:33:28.534 12388 12503 I BatteryMgr:DataCollectionService: stats => 1688585608534,-211425,4276
07-05 21:33:28.550 12388 12503 I BatteryMgr:DataCollectionService: stats => 1688585608550,-211425,4276
07-05 21:33:28.558  1331 12473 E qdmetadata: Unknown paramType 4096
07-05 21:33:28.565 12388 12503 I BatteryMgr:DataCollectionService: stats => 1688585608565,-211425,4276
07-05 21:33:28.581 12388 12503 I BatteryMgr:DataCollectionService: stats => 1688585608580,-211425,4276
07-05 21:33:28.590  1331 12473 E qdmetadata: Unknown paramType 4096
07-05 21:33:28.590  1331 12473 E qdmetadata: Unknown paramType 4096
07-05 21:33:28.597 12388 12503 I BatteryMgr:DataCollectionService: stats => 1688585608597,-211425,4276
07-05 21:33:28.615 12388 12503 I BatteryMgr:DataCollectionService: stats => 1688585608615,-211425,4276
07-05 21:33:28.633 12388 12503 I BatteryMgr:DataCollectionService: stats => 1688585608633,-211425,4276
07-05 21:33:28.655 12388 12503 I BatteryMgr:DataCollectionService: stats => 1688585608655,-211425,4276
07-05 21:33:28.656  1331 12473 E qdmetadata: Unknown paramType 4096
07-05 21:33:28.657  1331 12473 E qdmetadata: Unknown paramType 4096
07-05 21:33:28.672 12388 12503 I BatteryMgr:DataCollectionService: stats => 1688585608672,-211425,4276
07-05 21:33:28.687 12388 12503 I BatteryMgr:DataCollectionService: stats => 1688585608687,-211425,4276
07-05 21:33:28.703 12388 12503 I BatteryMgr:DataCollectionService: stats => 1688585608703,-211425,4276
07-05 21:33:28.718 12388 12503 I BatteryMgr:DataCollectionService: stats => 1688585608718,-211425,4276
07-05 21:33:28.722  1331 12473 E qdmetadata: Unknown paramType 4096
07-05 21:33:28.736 12388 12503 I BatteryMgr:DataCollectionService: stats => 1688585608736,-211425,4276
07-05 21:33:28.751 12388 12503 I BatteryMgr:DataCollectionService: stats => 1688585608751,-211425,4276
07-05 21:33:28.755  1331 12473 E qdmetadata: Unknown paramType 4096
07-05 21:33:28.768 12388 12503 I BatteryMgr:DataCollectionService: stats => 1688585608767,-211425,4276
07-05 21:33:28.784 12388 12503 I BatteryMgr:DataCollectionService: stats => 1688585608784,-211425,4276
07-05 21:33:28.789  1331 12473 E qdmetadata: Unknown paramType 4096
07-05 21:33:28.800 12388 12503 I BatteryMgr:DataCollectionService: stats => 1688585608800,-211425,4276
07-05 21:33:28.819 12388 12503 I BatteryMgr:DataCollectionService: stats => 1688585608818,-211425,4276
07-05 21:33:28.822  1331 12473 E qdmetadata: Unknown paramType 4096
07-05 21:33:28.823  1331 12473 E qdmetadata: Unknown paramType 4096
07-05 21:33:28.837 12388 12503 I BatteryMgr:DataCollectionService: stats => 1688585608837,-211425,4276
07-05 21:33:28.853 12388 12503 I BatteryMgr:DataCollectionService: stats => 1688585608853,-211425,4276
07-05 21:33:28.873 12388 12503 I BatteryMgr:DataCollectionService: stats => 1688585608873,-211425,4276
07-05 21:33:28.891  1331 12473 E qdmetadata: Unknown paramType 4096
07-05 21:33:28.894 12388 12503 I BatteryMgr:DataCollectionService: stats => 1688585608894,-211425,4276
07-05 21:33:28.914 12388 12503 I BatteryMgr:DataCollectionService: stats => 1688585608914,-211425,4276
07-05 21:33:28.922  1331 12473 E qdmetadata: Unknown paramType 4096
07-05 21:33:28.940 12388 12503 I BatteryMgr:DataCollectionService: stats => 1688585608940,-211425,4276
07-05 21:33:28.956  1331 12473 E qdmetadata: Unknown paramType 4096
07-05 21:33:28.961 12388 12503 I BatteryMgr:DataCollectionService: stats => 1688585608961,-211425,4276
07-05 21:33:28.976 12388 12503 I BatteryMgr:DataCollectionService: stats => 1688585608976,-211425,4276
07-05 21:33:28.989  1331 12473 E qdmetadata: Unknown paramType 4096
07-05 21:33:28.990  1331 12473 E qdmetadata: Unknown paramType 4096
07-05 21:33:28.994 12388 12503 I BatteryMgr:DataCollectionService: stats => 1688585608994,-211425,4276
07-05 21:33:29.010 12388 12503 I BatteryMgr:DataCollectionService: stats => 1688585609010,-211425,4276
07-05 21:33:29.029 12388 12503 I BatteryMgr:DataCollectionService: stats => 1688585609029,-211425,4276
07-05 21:33:29.045 12388 12503 I BatteryMgr:DataCollectionService: stats => 1688585609045,-211425,4276
07-05 21:33:29.056  1331 12473 E qdmetadata: Unknown paramType 4096
07-05 21:33:29.063 12388 12503 I BatteryMgr:DataCollectionService: stats => 1688585609063,-211425,4276
07-05 21:33:29.078 12388 12503 I BatteryMgr:DataCollectionService: stats => 1688585609078,-211425,4276
07-05 21:33:29.093  1331 12473 E qdmetadata: Unknown paramType 4096
07-05 21:33:29.098 12388 12503 I BatteryMgr:DataCollectionService: stats => 1688585609098,-211425,4276
07-05 21:33:29.115 12388 12503 I BatteryMgr:DataCollectionService: stats => 1688585609115,-211425,4276
07-05 21:33:29.122  1331 12473 E qdmetadata: Unknown paramType 4096
07-05 21:33:29.124  1331 12473 E qdmetadata: Unknown paramType 4096
07-05 21:33:29.132 12388 12503 I BatteryMgr:DataCollectionService: stats => 1688585609132,-211425,4276
07-05 21:33:29.151 12388 12503 I BatteryMgr:DataCollectionService: stats => 1688585609151,-211425,4276
07-05 21:33:29.166 12388 12503 I BatteryMgr:DataCollectionService: stats => 1688585609165,-211425,4276
07-05 21:33:29.181 12388 12503 I BatteryMgr:DataCollectionService: stats => 1688585609181,-211425,4276
07-05 21:33:29.190  1331 12473 E qdmetadata: Unknown paramType 4096
07-05 21:33:29.199 12388 12503 I BatteryMgr:DataCollectionService: stats => 1688585609199,-211425,4276
07-05 21:33:29.202  1214  1214 W /system/vendor/bin/ipacm: type=1400 audit(0.0:349790): avc: denied { write } for comm=6E65746C696E6B20736F636B6574 name="ipacm_log_file" dev="tmpfs" ino=20285 scontext=u:r:ipacm:s0 tcontext=u:object_r:ipacm_socket:s0 tclass=sock_file permissive=0
07-05 21:33:29.202  1214  1214 I chatty  : uid=1001(radio) /system/vendor/bin/ipacm identical 1 line
07-05 21:33:29.202  1214  1214 W /system/vendor/bin/ipacm: type=1400 audit(0.0:349792): avc: denied { write } for comm=6E65746C696E6B20736F636B6574 name="ipacm_log_file" dev="tmpfs" ino=20285 scontext=u:r:ipacm:s0 tcontext=u:object_r:ipacm_socket:s0 tclass=sock_file permissive=0
07-05 21:33:29.202  1214  1214 W ipacm   : type=1400 audit(0.0:349793): avc: denied { write } for name="ipacm_log_file" dev="tmpfs" ino=20285 scontext=u:r:ipacm:s0 tcontext=u:object_r:ipacm_socket:s0 tclass=sock_file permissive=0
07-05 21:33:29.202  1214  1214 W ipacm   : type=1400 audit(0.0:349794): avc: denied { write } for name="ipacm_log_file" dev="tmpfs" ino=20285 scontext=u:r:ipacm:s0 tcontext=u:object_r:ipacm_socket:s0 tclass=sock_file permissive=0
07-05 21:33:29.216 12388 12503 I BatteryMgr:DataCollectionService: stats => 1688585609216,-211425,4276
07-05 21:33:29.224  1331 12473 E qdmetadata: Unknown paramType 4096
07-05 21:33:29.235 12388 12503 I BatteryMgr:DataCollectionService: stats => 1688585609235,-211425,4276
07-05 21:33:29.253 12388 12503 I BatteryMgr:DataCollectionService: stats => 1688585609253,-211425,4276
07-05 21:33:29.257  1331 12473 E qdmetadata: Unknown paramType 4096
07-05 21:33:29.268 12388 12503 I BatteryMgr:DataCollectionService: stats => 1688585609268,-211425,4276
07-05 21:33:29.285 12388 12503 I BatteryMgr:DataCollectionService: stats => 1688585609284,-211425,4276
07-05 21:33:29.290  1331 12473 E qdmetadata: Unknown paramType 4096
07-05 21:33:29.302 12388 12503 I BatteryMgr:DataCollectionService: stats => 1688585609302,-211425,4276
07-05 21:33:29.319 12388 12503 I BatteryMgr:DataCollectionService: stats => 1688585609319,-211425,4276
07-05 21:33:29.323  1331 12473 E qdmetadata: Unknown paramType 4096
07-05 21:33:29.336 12388 12503 I BatteryMgr:DataCollectionService: stats => 1688585609335,-211425,4276
07-05 21:33:29.353 12388 12503 I BatteryMgr:DataCollectionService: stats => 1688585609353,-211425,4276
07-05 21:33:29.357  1331 12473 E qdmetadata: Unknown paramType 4096
07-05 21:33:29.370 12388 12503 I BatteryMgr:DataCollectionService: stats => 1688585609370,-211425,4276
07-05 21:33:29.390  1331 12473 E qdmetadata: Unknown paramType 4096
07-05 21:33:29.391  1331 12473 E qdmetadata: Unknown paramType 4096
07-05 21:33:29.392 12388 12503 I BatteryMgr:DataCollectionService: stats => 1688585609392,-211425,4276
07-05 21:33:29.408 12388 12503 I BatteryMgr:DataCollectionService: stats => 1688585609408,-211425,4276
07-05 21:33:29.424 12388 12503 I BatteryMgr:DataCollectionService: stats => 1688585609424,-211425,4276
07-05 21:33:29.439 12388 12503 I BatteryMgr:DataCollectionService: stats => 1688585609439,-211425,4276
07-05 21:33:29.455 12388 12503 I BatteryMgr:DataCollectionService: stats => 1688585609455,-211425,4276
07-05 21:33:29.457  1331 12473 E qdmetadata: Unknown paramType 4096
07-05 21:33:29.472 12388 12503 I BatteryMgr:DataCollectionService: stats => 1688585609471,-211425,4276
07-05 21:33:29.487 12388 12503 I BatteryMgr:DataCollectionService: stats => 1688585609487,-211425,4276
07-05 21:33:29.491  1331 12473 E qdmetadata: Unknown paramType 4096
07-05 21:33:29.506 12388 12503 I BatteryMgr:DataCollectionService: stats => 1688585609506,-211425,4276
07-05 21:33:29.522 12388 12503 I BatteryMgr:DataCollectionService: stats => 1688585609522,-211425,4276
07-05 21:33:29.524  1331 12473 E qdmetadata: Unknown paramType 4096
07-05 21:33:29.538 12388 12503 I BatteryMgr:DataCollectionService: stats => 1688585609538,-211425,4276
07-05 21:33:29.554 12388 12503 I BatteryMgr:DataCollectionService: stats => 1688585609554,-211425,4276
07-05 21:33:29.558  1331 12473 E qdmetadata: Unknown paramType 4096
07-05 21:33:29.569 12388 12503 I BatteryMgr:DataCollectionService: stats => 1688585609569,-211425,4276
07-05 21:33:29.587 12388 12503 I BatteryMgr:DataCollectionService: stats => 1688585609587,-211425,4276
07-05 21:33:29.590  1331 12473 E qdmetadata: Unknown paramType 4096
07-05 21:33:29.591  1331 12473 E qdmetadata: Unknown paramType 4096
07-05 21:33:29.603 12388 12503 I BatteryMgr:DataCollectionService: stats => 1688585609603,-211425,4276
07-05 21:33:29.619 12388 12503 I BatteryMgr:DataCollectionService: stats => 1688585609618,-211425,4276
07-05 21:33:29.635 12388 12503 I BatteryMgr:DataCollectionService: stats => 1688585609635,-211425,4276
07-05 21:33:29.651 12388 12503 I BatteryMgr:DataCollectionService: stats => 1688585609651,-211425,4276
07-05 21:33:29.657  1331 12473 E qdmetadata: Unknown paramType 4096
07-05 21:33:29.667 12388 12503 I BatteryMgr:DataCollectionService: stats => 1688585609667,-211425,4276
07-05 21:33:29.686 12388 12503 I BatteryMgr:DataCollectionService: stats => 1688585609686,-211425,4276
07-05 21:33:29.690  1331 12473 E qdmetadata: Unknown paramType 4096
07-05 21:33:29.703 12388 12503 I BatteryMgr:DataCollectionService: stats => 1688585609703,-211425,4276
07-05 21:33:29.718 12388 12503 I BatteryMgr:DataCollectionService: stats => 1688585609718,-211425,4276
07-05 21:33:29.723  1331 12473 E qdmetadata: Unknown paramType 4096
07-05 21:33:29.733 12388 12503 I BatteryMgr:DataCollectionService: stats => 1688585609733,-211425,4276
07-05 21:33:29.751 12388 12503 I BatteryMgr:DataCollectionService: stats => 1688585609751,-211425,4276
07-05 21:33:29.757  1331 12473 E qdmetadata: Unknown paramType 4096
07-05 21:33:29.758  1331 12473 E qdmetadata: Unknown paramType 4096
07-05 21:33:29.767 12388 12503 I BatteryMgr:DataCollectionService: stats => 1688585609767,-245117,4276
07-05 21:33:29.784 12388 12503 I BatteryMgr:DataCollectionService: stats => 1688585609784,-245117,4276
07-05 21:33:29.800 12388 12503 I BatteryMgr:DataCollectionService: stats => 1688585609800,-245117,4276
07-05 21:33:29.817 12388 12503 I BatteryMgr:DataCollectionService: stats => 1688585609817,-245117,4276
07-05 21:33:29.822  1331 12473 E qdmetadata: Unknown paramType 4096
07-05 21:33:29.832 12388 12503 I BatteryMgr:DataCollectionService: stats => 1688585609832,-245117,4276
07-05 21:33:29.848 12388 12503 I BatteryMgr:DataCollectionService: stats => 1688585609847,-245117,4276
07-05 21:33:29.858  1331 12473 E qdmetadata: Unknown paramType 4096
07-05 21:33:29.865 12388 12503 I BatteryMgr:DataCollectionService: stats => 1688585609865,-245117,4276
07-05 21:33:29.883 12388 12503 I BatteryMgr:DataCollectionService: stats => 1688585609883,-245117,4276
07-05 21:33:29.889  1331 12473 E qdmetadata: Unknown paramType 4096
07-05 21:33:29.899 12388 12503 I BatteryMgr:DataCollectionService: stats => 1688585609899,-245117,4276
07-05 21:33:29.915 12388 12503 I BatteryMgr:DataCollectionService: stats => 1688585609915,-245117,4276
07-05 21:33:29.923  1331 12473 E qdmetadata: Unknown paramType 4096
07-05 21:33:29.933 12388 12503 I BatteryMgr:DataCollectionService: stats => 1688585609931,-245117,4276
07-05 21:33:29.951 12388 12503 I BatteryMgr:DataCollectionService: stats => 1688585609950,-245117,4276
07-05 21:33:29.957  1331 12473 E qdmetadata: Unknown paramType 4096
07-05 21:33:29.958  1331 12473 E qdmetadata: Unknown paramType 4096
07-05 21:33:29.967 12388 12503 I BatteryMgr:DataCollectionService: stats => 1688585609967,-245117,4276
07-05 21:33:29.990 12388 12503 I BatteryMgr:DataCollectionService: stats => 1688585609990,-245117,4276
07-05 21:33:30.007 12388 12503 I BatteryMgr:DataCollectionService: stats => 1688585610007,-245117,4276
07-05 21:33:30.023 12388 12503 I BatteryMgr:DataCollectionService: stats => 1688585610023,-245117,4276
07-05 21:33:30.023  1331 12473 E qdmetadata: Unknown paramType 4096
07-05 21:33:30.047 12388 12503 I BatteryMgr:DataCollectionService: stats => 1688585610043,-245117,4276
07-05 21:33:30.057  1331 12473 E qdmetadata: Unknown paramType 4096
07-05 21:33:30.068 12388 12503 I BatteryMgr:DataCollectionService: stats => 1688585610067,-245117,4276
07-05 21:33:30.086 12388 12503 I BatteryMgr:DataCollectionService: stats => 1688585610086,-245117,4276
07-05 21:33:30.090  1331 12473 E qdmetadata: Unknown paramType 4096
07-05 21:33:30.103 12388 12503 I BatteryMgr:DataCollectionService: stats => 1688585610103,-245117,4276
07-05 21:33:30.120 12388 12503 I BatteryMgr:DataCollectionService: stats => 1688585610119,-245117,4276
07-05 21:33:30.128  1331 12473 E qdmetadata: Unknown paramType 4096
07-05 21:33:30.128  1331 12473 I chatty  : uid=1046(mediacodec) omx@1.0-service identical 1 line
07-05 21:33:30.130  1331 12473 E qdmetadata: Unknown paramType 4096
07-05 21:33:30.140 12388 12503 I BatteryMgr:DataCollectionService: stats => 1688585610140,-245117,4276
07-05 21:33:30.155 12388 12503 I BatteryMgr:DataCollectionService: stats => 1688585610155,-245117,4276
07-05 21:33:30.171 12388 12503 I BatteryMgr:DataCollectionService: stats => 1688585610171,-245117,4276
07-05 21:33:30.187 12388 12503 I BatteryMgr:DataCollectionService: stats => 1688585610187,-245117,4276
07-05 21:33:30.204 12388 12503 I BatteryMgr:DataCollectionService: stats => 1688585610204,-245117,4276
07-05 21:33:30.220 12388 12503 I BatteryMgr:DataCollectionService: stats => 1688585610220,-245117,4276
07-05 21:33:30.228  1331 12473 E qdmetadata: Unknown paramType 4096
07-05 21:33:30.238 12388 12503 I BatteryMgr:DataCollectionService: stats => 1688585610238,-245117,4276
07-05 21:33:30.254 12388 12503 I BatteryMgr:DataCollectionService: stats => 1688585610254,-245117,4276
07-05 21:33:30.257  1331 12473 E qdmetadata: Unknown paramType 4096
07-05 21:33:30.271 12388 12503 I BatteryMgr:DataCollectionService: stats => 1688585610271,-245117,4276
07-05 21:33:30.287 12388 12503 I BatteryMgr:DataCollectionService: stats => 1688585610287,-245117,4276
07-05 21:33:30.291  1331 12473 E qdmetadata: Unknown paramType 4096
07-05 21:33:30.304 12388 12503 I BatteryMgr:DataCollectionService: stats => 1688585610304,-245117,4276
07-05 21:33:30.320 12388 12503 I BatteryMgr:DataCollectionService: stats => 1688585610320,-245117,4276
07-05 21:33:30.324  1331 12473 E qdmetadata: Unknown paramType 4096
07-05 21:33:30.337 12388 12503 I BatteryMgr:DataCollectionService: stats => 1688585610337,-245117,4276
07-05 21:33:30.353 12388 12503 I BatteryMgr:DataCollectionService: stats => 1688585610353,-245117,4276
07-05 21:33:30.357  1331 12473 E qdmetadata: Unknown paramType 4096
07-05 21:33:30.369 12388 12503 I BatteryMgr:DataCollectionService: stats => 1688585610369,-245117,4276
07-05 21:33:30.386 12388 12503 I BatteryMgr:DataCollectionService: stats => 1688585610386,-245117,4276
07-05 21:33:30.391  1331 12473 E qdmetadata: Unknown paramType 4096
07-05 21:33:30.391  1331 12473 E qdmetadata: Unknown paramType 4096
