--------- beginning of main
07-04 02:35:07.512  1871  2252 D ConnectivityService: NetReassign [no changes] [c 1] [a 0] [i 1]
07-04 02:35:07.750 20766 20766 D ProcessState: Binder ioctl to enable oneway spam detection failed: Invalid argument
--------- beginning of system
07-04 02:35:07.755  1871  3616 I ActivityTaskManager: START u0 {act=android.intent.action.MAIN cat=[android.intent.category.LAUNCHER] flg=0x10000000 cmp=com.example.batterymanager_utility/.MainActivity} from uid 2000
07-04 02:35:07.757  1871  3616 W ActivityTaskManager: Can't find TaskDisplayArea to determine support for multi window. Task id=296 attached=false
07-04 02:35:07.759  1871  3616 D CompatibilityChangeReporter: Compat change id reported: 174042980; UID 10232; state: DISABLED
07-04 02:35:07.760  1871  3616 D CompatibilityChangeReporter: Compat change id reported: 184838306; UID 10232; state: DISABLED
07-04 02:35:07.760  1871  3616 D CompatibilityChangeReporter: Compat change id reported: 185004937; UID 10232; state: DISABLED
07-04 02:35:07.765  1871  3616 D CompatibilityChangeReporter: Compat change id reported: 168419799; UID 10232; state: DISABLED
07-04 02:35:07.776  1871  1997 W ActivityManager: ProcessRecord{14b4b52 0:com.example.batterymanager_utility/u0a232}: ART verification disabled
07-04 02:35:07.776  1871  1997 D CompatibilityChangeReporter: Compat change id reported: 135634846; UID 10232; state: DISABLED
07-04 02:35:07.777  1871  1997 D CompatibilityChangeReporter: Compat change id reported: 177438394; UID 10232; state: DISABLED
07-04 02:35:07.777  1871  1997 D CompatibilityChangeReporter: Compat change id reported: 135772972; UID 10232; state: DISABLED
07-04 02:35:07.777  1871  1997 D CompatibilityChangeReporter: Compat change id reported: 135754954; UID 10232; state: ENABLED
07-04 02:35:07.777  1871  2012 D CompatibilityChangeReporter: Compat change id reported: 143937733; UID 10232; state: ENABLED
07-04 02:35:07.782  1233  1233 D Zygote  : Forked child process 20770
07-04 02:35:07.783  1871  2012 I ActivityManager: Start proc 20770:com.example.batterymanager_utility/u0a232 for pre-top-activity {com.example.batterymanager_utility/com.example.batterymanager_utility.MainActivity}
07-04 02:35:07.788 20770 20770 I manager_utilit: Late-enabling -Xcheck:jni
07-04 02:35:07.815 20770 20770 I manager_utilit: Using CollectorTypeCC GC.
07-04 02:35:07.820 17104 17112 I adbd    : jdwp connection from 20770
07-04 02:35:07.823 20770 20770 D ProcessState: Binder ioctl to enable oneway spam detection failed: Invalid argument
07-04 02:35:07.833 20770 20770 D CompatibilityChangeReporter: Compat change id reported: 171979766; UID 10232; state: ENABLED
07-04 02:35:07.839 20770 20770 W ziparchive: Unable to open '/data/app/~~nTEerLEx-PzIMKCvFlCPzw==/com.example.batterymanager_utility-Mnaf7eoKizePMy_-ukOuGg==/base.dm': No such file or directory
07-04 02:35:07.839 20770 20770 W ziparchive: Unable to open '/data/app/~~nTEerLEx-PzIMKCvFlCPzw==/com.example.batterymanager_utility-Mnaf7eoKizePMy_-ukOuGg==/base.dm': No such file or directory
07-04 02:35:07.870  3838  3838 I A       : onPause
07-04 02:35:07.873  3554  3554 I GsaVoiceInteractionSrv: Handling ACTION_STOP_HOTWORD
07-04 02:35:07.884 20771 20771 D AndroidRuntime: >>>>>> START com.android.internal.os.RuntimeInit uid 2000 <<<<<<
07-04 02:35:07.889 20771 20771 I AndroidRuntime: Using default boot image
07-04 02:35:07.889 20771 20771 I AndroidRuntime: Leaving lock profiling enabled
07-04 02:35:07.889 20771 20771 W libc    : Access denied finding property "odsign.verification.success"
07-04 02:35:07.884 20771 20771 W app_process: type=1400 audit(0.0:1757): avc: denied { read } for name="u:object_r:odsign_prop:s0" dev="tmpfs" ino=24166 scontext=u:r:shell:s0 tcontext=u:object_r:odsign_prop:s0 tclass=file permissive=0
07-04 02:35:07.892 20771 20771 W app_process: ART APEX data files are untrusted.
07-04 02:35:07.892 20771 20771 I app_process: Using CollectorTypeCC GC.
07-04 02:35:07.892 20771 20771 E app_process: Error reading named image component header for /system/framework/boot.art, error: Unable to open file "/system/framework/arm64/boot.art" for reading image header
07-04 02:35:07.909 20788 20788 W dex2oat64: Mismatch between dex2oat instruction set features to use (ISA: Arm64 Feature string: -a53,crc,lse,fp16,-dotprod,-sve) and those from CPP defines (ISA: Arm64 Feature string: -a53,-crc,-lse,-fp16,-dotprod,-sve) for the command line:
07-04 02:35:07.909 20788 20788 W dex2oat64: /apex/com.android.art/bin/dex2oat64 --runtime-arg -Xbootclasspath:/apex/com.android.art/javalib/core-oj.jar:/apex/com.android.art/javalib/core-libart.jar:/apex/com.android.art/javalib/okhttp.jar:/apex/com.android.art/javalib/bouncycastle.jar:/apex/com.android.art/javalib/apache-xml.jar:/system/framework/framework.jar:/system/framework/framework-graphics.jar:/system/framework/ext.jar:/system/framework/telephony-common.jar:/system/framework/voip-common.jar:/system/framework/ims-common.jar:/apex/com.android.i18n/javalib/core-icu4j.jar --runtime-arg -Xbootclasspath-locations:/apex/com.android.art/javalib/core-oj.jar:/apex/com.android.art/javalib/core-libart.jar:/apex/com.android.art/javalib/okhttp.jar:/apex/com.android.art/javalib/bouncycastle.jar:/apex/com.android.art/javalib/apache-xml.jar:/system/framework/framework.jar:/system/framework/framework-graphics.jar:/system/framework/ext.jar:/system/framework/telephony-common.jar:/system/framework/voip-common.jar:/system/framework/ims-common.jar:/apex/com.android.i18n/javalib/core-icu4j.jar --base=0x70000000 --dex-file=/apex/com.android.art/javalib/core-oj.jar --dex-location=/apex/com.android.art/javalib/core-oj.jar --dex-file=/apex/com.android.art/javalib/core-libart.jar --dex-location=/apex/com.android.art/javalib/core-libart.jar --dex-file=/apex/com.android.art/javalib/okhttp.jar --dex-location=/apex/com.android.art/javalib/okhttp.jar --dex-file=/apex/com.android.art/javalib/bouncycastle.jar --dex-location=/apex/com.android.art/javalib/bouncycastle.jar --dex-file=/apex/com.android.art/javalib/apache-xml.jar --dex-location=/apex/com.android.art/javalib/apache-xml.jar --dex-file=/system/framework/framework.jar --dex-location=/system/framework/framework.jar --dex-file=/system/framework/framework-graphics.jar --dex-location=/system/framework/framework-graphics.jar --dex-file=/system/framework/ext.jar --dex-location=/system/framework/ext.jar --dex-file=/system/framework/telephony-common.jar --dex-location=/system/framework/telephony-common.jar --dex-file=/system/framework/voip-common.jar --dex-location=/system/framework/voip-common.jar --dex-file=/system/framework/ims-common.jar --dex-location=/system/framework/ims-common.jar --dex-file=/apex/com.android.i18n/javalib/core-icu4j.jar --dex-location=/apex/com.android.i18n/javalib/core-icu4j.jar --image-fd=5 --output-vdex-fd=6 --oat-fd=7 --oat-location=/system/framework/arm64/boot.oat --single-image --image-format=uncompressed --compiler-filter=verify --profile-file=/apex/com.android.art/etc/boot-image.prof --profile-file=/system/etc/boot-image.prof --avoid-storing-invocation --instruction-set=arm64 --instruction-set-features=runtime --runtime-arg -Xms64m --runtime-arg -Xmx64m --dirty-image-objects=/system/etc/dirty-image-objects --instruction-set-variant=kryo385 --instruction-set-features=default --generate-mini-debug-info
07-04 02:35:07.918 20770 20770 D nativeloader: Configuring classloader-namespace for other apk /data/app/~~nTEerLEx-PzIMKCvFlCPzw==/com.example.batterymanager_utility-Mnaf7eoKizePMy_-ukOuGg==/base.apk. target_sdk_version=33, uses_libraries=, library_path=/data/app/~~nTEerLEx-PzIMKCvFlCPzw==/com.example.batterymanager_utility-Mnaf7eoKizePMy_-ukOuGg==/lib/arm64, permitted_path=/data:/mnt/expand:/data/user/0/com.example.batterymanager_utility
07-04 02:35:07.924 20770 20770 V GraphicsEnvironment: ANGLE Developer option for 'com.example.batterymanager_utility' set to: 'default'
07-04 02:35:07.924 20770 20770 V GraphicsEnvironment: App is not on the allowlist for updatable production driver.
07-04 02:35:07.926 20770 20770 D NetworkSecurityConfig: No Network Security Config specified, using platform default
07-04 02:35:07.926 20770 20770 D NetworkSecurityConfig: No Network Security Config specified, using platform default
07-04 02:35:07.927 20788 20788 I dex2oat64: /apex/com.android.art/bin/dex2oat64 --runtime-arg -Xbootclasspath:/apex/com.android.art/javalib/core-oj.jar:/apex/com.android.art/javalib/core-libart.jar:/apex/com.android.art/javalib/okhttp.jar:/apex/com.android.art/javalib/bouncycastle.jar:/apex/com.android.art/javalib/apache-xml.jar:/system/framework/framework.jar:/system/framework/framework-graphics.jar:/system/framework/ext.jar:/system/framework/telephony-common.jar:/system/framework/voip-common.jar:/system/framework/ims-common.jar:/apex/com.android.i18n/javalib/core-icu4j.jar --runtime-arg -Xbootclasspath-locations:/apex/com.android.art/javalib/core-oj.jar:/apex/com.android.art/javalib/core-libart.jar:/apex/com.android.art/javalib/okhttp.jar:/apex/com.android.art/javalib/bouncycastle.jar:/apex/com.android.art/javalib/apache-xml.jar:/system/framework/framework.jar:/system/framework/framework-graphics.jar:/system/framework/ext.jar:/system/framework/telephony-common.jar:/system/framework/voip-common.jar:/system/framework/ims-common.jar:/apex/com.android.i18n/javalib/core-icu4j.jar --base=0x70000000 --dex-file=/apex/com.android.art/javalib/core-oj.jar --dex-location=/apex/com.android.art/javalib/core-oj.jar --dex-file=/apex/com.android.art/javalib/core-libart.jar --dex-location=/apex/com.android.art/javalib/core-libart.jar --dex-file=/apex/com.android.art/javalib/okhttp.jar --dex-location=/apex/com.android.art/javalib/okhttp.jar --dex-file=/apex/com.android.art/javalib/bouncycastle.jar --dex-location=/apex/com.android.art/javalib/bouncycastle.jar --dex-file=/apex/com.android.art/javalib/apache-xml.jar --dex-location=/apex/com.android.art/javalib/apache-xml.jar --dex-file=/system/framework/framework.jar --dex-location=/system/framework/framework.jar --dex-file=/system/framework/framework-graphics.jar --dex-location=/system/framework/framework-graphics.jar --dex-file=/system/framework/ext.jar --dex-location=/system/framework/ext.jar --dex-file=/system/framework/telephony-common.jar --dex-location=/system/framework/telephony-common.jar --dex-file=/system/framework/voip-common.jar --dex-location=/system/framework/voip-common.jar --dex-file=/system/framework/ims-common.jar --dex-location=/system/framework/ims-common.jar --dex-file=/apex/com.android.i18n/javalib/core-icu4j.jar --dex-location=/apex/com.android.i18n/javalib/core-icu4j.jar --image-fd=5 --output-vdex-fd=6 --oat-fd=7 --oat-location=/system/framework/arm64/boot.oat --single-image --image-format=uncompressed --compiler-filter=verify --profile-file=/apex/com.android.art/etc/boot-image.prof --profile-file=/system/etc/boot-image.prof --avoid-storing-invocation --instruction-set=arm64 --instruction-set-features=runtime --runtime-arg -Xms64m --runtime-arg -Xmx64m --dirty-image-objects=/system/etc/dirty-image-objects --instruction-set-variant=kryo385 --instruction-set-features=default --generate-mini-debug-info
07-04 02:35:07.929 20788 20788 I dex2oat64: setting boot class path to /apex/com.android.art/javalib/core-oj.jar:/apex/com.android.art/javalib/core-libart.jar:/apex/com.android.art/javalib/okhttp.jar:/apex/com.android.art/javalib/bouncycastle.jar:/apex/com.android.art/javalib/apache-xml.jar:/system/framework/framework.jar:/system/framework/framework-graphics.jar:/system/framework/ext.jar:/system/framework/telephony-common.jar:/system/framework/voip-common.jar:/system/framework/ims-common.jar:/apex/com.android.i18n/javalib/core-icu4j.jar
07-04 02:35:07.931 20770 20770 I BatteryMgr:App: creating notification channel
07-04 02:35:08.067  2526  2526 I WallpaperService: engine paused
07-04 02:35:08.072  1871  1998 D CompatibilityChangeReporter: Compat change id reported: 158002302; UID 10232; state: ENABLED
07-04 02:35:08.074 20770 20791 I AdrenoGLES-0: QUALCOMM build                   : 781e7d0, I46ff5fc46f
07-04 02:35:08.074 20770 20791 I AdrenoGLES-0: Build Date                       : 12/01/20
07-04 02:35:08.074 20770 20791 I AdrenoGLES-0: OpenGL ES Shader Compiler Version: EV031.31.04.01
07-04 02:35:08.074 20770 20791 I AdrenoGLES-0: Local Branch                     : QPR1
07-04 02:35:08.074 20770 20791 I AdrenoGLES-0: Remote Branch                    : 
07-04 02:35:08.074 20770 20791 I AdrenoGLES-0: Remote Branch                    : 
07-04 02:35:08.074 20770 20791 I AdrenoGLES-0: Reconstruct Branch               : 
07-04 02:35:08.074 20770 20791 I AdrenoGLES-0: Build Config                     : C P 11.0.1 AArch64
07-04 02:35:08.074 20770 20791 I AdrenoGLES-0: Driver Path                      : /vendor/lib64/egl/libGLESv2_adreno.so
07-04 02:35:08.076 20770 20791 I AdrenoGLES-0: PFP: 0x016ee190, ME: 0x00000000
07-04 02:35:08.077 20770 20791 W AdrenoUtils: <ReadGpuID_from_sysfs:197>: Failed to open /sys/class/kgsl/kgsl-3d0/gpu_model
07-04 02:35:08.077 20770 20791 W AdrenoUtils: <ReadGpuID:221>: Failed to read chip ID from gpu_model. Fallback to use the GSL path
07-04 02:35:08.083   743   768 I SDM     : HWCDisplay::GetColorModeCount: Supported color mode count = 5
07-04 02:35:08.084   741   776 E HWComposer: getSupportedContentTypes: getSupportedContentTypes failed for display 0: Unsupported (8)
07-04 02:35:08.084 20770 20791 D hw-ProcessState: Binder ioctl to enable oneway spam detection failed: Invalid argument
07-04 02:35:08.087   689   689 I hwservicemanager: getTransport: Cannot find entry android.hardware.graphics.mapper@4.0::IMapper/default in either framework or device VINTF manifest.
07-04 02:35:08.088  3838  3838 I A       : (REDACTED) onApplyWindowInsets: systemWindowInsets=%s
07-04 02:35:08.088  3838  3838 I A       : (REDACTED) onApplyWindowInsets: systemWindowInsets=%s
07-04 02:35:08.088 20770 20794 I Gralloc4: mapper 4.x is not supported
07-04 02:35:08.088   689   689 I hwservicemanager: getTransport: Cannot find entry android.hardware.graphics.mapper@3.0::IMapper/default in either framework or device VINTF manifest.
07-04 02:35:08.088 20770 20794 W Gralloc3: mapper 3.x is not supported
07-04 02:35:08.090   689   689 I hwservicemanager: getTransport: Cannot find entry android.hardware.graphics.allocator@4.0::IAllocator/default in either framework or device VINTF manifest.
07-04 02:35:08.090 20770 20794 W Gralloc4: allocator 4.x is not supported
07-04 02:35:08.090   689   689 I hwservicemanager: getTransport: Cannot find entry android.hardware.graphics.allocator@3.0::IAllocator/default in either framework or device VINTF manifest.
07-04 02:35:08.090 20770 20794 W Gralloc3: allocator 3.x is not supported
07-04 02:35:08.104  1871  1990 W ziparchive: Unable to open '/data/app/~~nTEerLEx-PzIMKCvFlCPzw==/com.example.batterymanager_utility-Mnaf7eoKizePMy_-ukOuGg==/base.dm': No such file or directory
07-04 02:35:08.105  1871  1990 I ActivityTaskManager: Displayed com.example.batterymanager_utility/.MainActivity: +348ms
07-04 02:35:08.119  1871  1997 W ProcessStats: Tracking association SourceState{4c56239 system/1000 BTopFgs #30979} whose proc state 2 is better than process ProcessState{ba85ac5 com.google.android.gms.persistent/10125 pkg=com.google.android.gms} proc state 3 (29 skipped)
07-04 02:35:08.120  3838  3838 I A       : onStop
07-04 02:35:08.123  3568  3568 I GoogleInputMethodService: GoogleInputMethodService.onFinishInput():3306 
07-04 02:35:08.123  3568  3568 I GoogleInputMethodService: GoogleInputMethodService.updateDeviceLockedStatus():2127 repeatCheckTimes = 0, locked = false
07-04 02:35:08.124  3568  3568 I GoogleInputMethodService: GoogleInputMethodService.onStartInput():1909 onStartInput(EditorInfo{inputType=0x0(NULL) imeOptions=0x0 privateImeOptions=null actionName=UNSPECIFIED actionLabel=null actionId=0 initialSelStart=-1 initialSelEnd=-1 initialCapsMode=0x0 hintText=null label=null packageName=com.example.batterymanager_utility fieldId=-1 fieldName=null extras=null hintLocales=[]}, false)
07-04 02:35:08.124  3568  3568 I GoogleInputMethodService: GoogleInputMethodService.shouldHideHeaderOnInitialState():1990 ShouldHideHeaderOnInitialState = false
07-04 02:35:08.124  3568  3568 I GoogleInputMethodService: GoogleInputMethodService.updateDeviceLockedStatus():2127 repeatCheckTimes = 1, locked = false
07-04 02:35:08.229 20788 20788 I dex2oat64: Using CollectorTypeCC GC.
07-04 02:35:08.402  1871  8622 W InputManager-JNI: Input channel object '6732bb4 Splash Screen com.example.batterymanager_utility (client)' was disposed without first being removed with the input manager!
07-04 02:35:10.042 20788 20788 I dex2oat64: Explicit concurrent copying GC freed 88244(11MB) AllocSpace objects, 5(84KB) LOS objects, 27% free, 15MB/21MB, paused 20us,17us total 90.518ms
07-04 02:35:10.255 20788 20788 I dex2oat64: Explicit concurrent copying GC freed 41961(7495KB) AllocSpace objects, 0(0B) LOS objects, 41% free, 8512KB/14MB, paused 13us,11us total 43.686ms
07-04 02:35:10.530  1871  2252 D ConnectivityService: NetReassign [no changes] [c 0] [a 0] [i 3]
07-04 02:35:10.716 20788 20788 I dex2oat64: dex2oat took 2.809s (5.687s cpu) (threads: 8) arena alloc=0B (0B) java alloc=8512KB (8716512B) native alloc=15MB (16378224B) free=4022KB (4118688B)
07-04 02:35:10.838 20771 20771 D app_process: Time zone APEX ICU file found: /apex/com.android.tzdata/etc/icu/icu_tzdata.dat
07-04 02:35:10.838 20771 20771 D app_process: I18n APEX ICU file found: /apex/com.android.i18n/etc/icu/icudt68l.dat
07-04 02:35:10.881 20771 20771 D ProcessState: Binder ioctl to enable oneway spam detection failed: Invalid argument
07-04 02:35:10.881 20771 20771 D AndroidRuntime: Calling main entry com.android.commands.monkey.Monkey
07-04 02:35:10.883 20771 20771 W Monkey  : args: [-p, e.www.httpsrequesttest, 1]
07-04 02:35:10.884 20771 20771 W Monkey  :  arg: "-p"
07-04 02:35:10.884 20771 20771 W Monkey  :  arg: "e.www.httpsrequesttest"
07-04 02:35:10.884 20771 20771 W Monkey  :  arg: "1"
07-04 02:35:10.884 20771 20771 W Monkey  : data="e.www.httpsrequesttest"
07-04 02:35:10.942  1871  2011 W BroadcastQueue: Skipping deliver [background] BroadcastRecord{42045e3 u-1 android.net.conn.CONNECTIVITY_CHANGE} to ReceiverList{79b1be0 20771 (unknown name)/2000/u-1 remote:3fdf59d}: process gone or crashing
07-04 02:35:10.954  1871  3962 I ActivityTaskManager: START u0 {act=android.intent.action.MAIN cat=[android.intent.category.LAUNCHER] flg=0x10200000 cmp=e.www.httpsrequesttest/.MainActivity} from uid 2000
07-04 02:35:10.955  1871  3962 W ActivityTaskManager: Can't find TaskDisplayArea to determine support for multi window. Task id=297 attached=false
07-04 02:35:10.957  1871  3962 D CompatibilityChangeReporter: Compat change id reported: 174042980; UID 10293; state: DISABLED
07-04 02:35:10.957  1871  3962 D CompatibilityChangeReporter: Compat change id reported: 184838306; UID 10293; state: DISABLED
07-04 02:35:10.958  1871  3962 D CompatibilityChangeReporter: Compat change id reported: 185004937; UID 10293; state: DISABLED
07-04 02:35:10.958  1871  3962 D CompatibilityChangeReporter: Compat change id reported: 181136395; UID 10293; state: DISABLED
07-04 02:35:10.959  1871  3962 D CompatibilityChangeReporter: Compat change id reported: 174042936; UID 10293; state: DISABLED
07-04 02:35:10.962  1871  3962 D CompatibilityChangeReporter: Compat change id reported: 168419799; UID 10293; state: DISABLED
07-04 02:35:10.966 20771 20771 I Monkey  : Events injected: 1
07-04 02:35:10.977  1871  1997 W ActivityManager: ProcessRecord{2f6596a 0:e.www.httpsrequesttest/u0a293}: ART verification disabled
07-04 02:35:10.977  1871  1997 D CompatibilityChangeReporter: Compat change id reported: 135634846; UID 10293; state: DISABLED
07-04 02:35:10.978  1871  1997 D CompatibilityChangeReporter: Compat change id reported: 177438394; UID 10293; state: DISABLED
07-04 02:35:10.978  1871  1997 D CompatibilityChangeReporter: Compat change id reported: 135772972; UID 10293; state: DISABLED
07-04 02:35:10.978  1871  1997 D CompatibilityChangeReporter: Compat change id reported: 135754954; UID 10293; state: DISABLED
07-04 02:35:10.978  1871  2012 D CompatibilityChangeReporter: Compat change id reported: 143937733; UID 10293; state: DISABLED
07-04 02:35:10.978 20771 20771 I Monkey  : ## Network stats: elapsed time=23ms (0ms mobile, 0ms wifi, 23ms not connected)
07-04 02:35:10.979 20771 20771 I app_process: System.exit called, status: 0
07-04 02:35:10.979 20771 20771 I AndroidRuntime: VM exiting with result code 0.
07-04 02:35:10.985  1233  1233 D Zygote  : Forked child process 20821
07-04 02:35:10.986  1871  2012 I ActivityManager: Start proc 20821:e.www.httpsrequesttest/u0a293 for pre-top-activity {e.www.httpsrequesttest/e.www.httpsrequesttest.MainActivity}
07-04 02:35:10.990 20821 20821 I ttpsrequesttes: Late-enabling -Xcheck:jni
07-04 02:35:10.998  2526  2899 W OpenGLRenderer: Surface doesn't have any previously queued frames, nothing to readback from
07-04 02:35:11.003  2526  2526 I WallpaperService: engine resumed
07-04 02:35:11.006  2526  2899 W OpenGLRenderer: Surface doesn't have any previously queued frames, nothing to readback from
07-04 02:35:11.017 20821 20821 I ttpsrequesttes: Using CollectorTypeCC GC.
07-04 02:35:11.022 17104 17112 I adbd    : jdwp connection from 20821
07-04 02:35:11.024 20821 20821 D ProcessState: Binder ioctl to enable oneway spam detection failed: Invalid argument
07-04 02:35:11.033 20821 20821 D CompatibilityChangeReporter: Compat change id reported: 171979766; UID 10293; state: DISABLED
07-04 02:35:11.039 20821 20821 D ApplicationLoaders: Returning zygote-cached class loader: /system/framework/android.test.base.jar
07-04 02:35:11.039 20821 20821 W ziparchive: Unable to open '/data/app/~~uY2HiZRzh3l2nt79IkbhJQ==/e.www.httpsrequesttest-goCtC5x3jU9dCHqKHGWsXA==/base.dm': No such file or directory
07-04 02:35:11.039 20821 20821 W ziparchive: Unable to open '/data/app/~~uY2HiZRzh3l2nt79IkbhJQ==/e.www.httpsrequesttest-goCtC5x3jU9dCHqKHGWsXA==/base.dm': No such file or directory
07-04 02:35:11.046  2423  2432 W ndroid.systemu: Reducing the number of considered missed Gc histogram windows from 109 to 100
07-04 02:35:11.059  2423  2434 W System  : A resource failed to call close. 
07-04 02:35:11.059  2423  2434 W System  : A resource failed to call close. 
07-04 02:35:11.059  2423  2434 W System  : A resource failed to call release. 
07-04 02:35:11.059  2423  2434 W System  : A resource failed to call release. 
07-04 02:35:11.059  2423  2434 W System  : A resource failed to call close. 
07-04 02:35:11.059  2423  2434 W System  : A resource failed to call release. 
07-04 02:35:11.059  2423  2434 W System  : A resource failed to call release. 
07-04 02:35:11.060  2423  2434 W System  : A resource failed to call close. 
07-04 02:35:11.060  2423  2434 W System  : A resource failed to call release. 
07-04 02:35:11.060  2423  2434 W System  : A resource failed to call release. 
07-04 02:35:11.061  2423  2434 W System  : A resource failed to call close. 
07-04 02:35:11.061  2423  2434 W System  : A resource failed to call release. 
07-04 02:35:11.061  2423  2434 W System  : A resource failed to call release. 
07-04 02:35:11.061  2423  2434 W System  : A resource failed to call close. 
07-04 02:35:11.061  2423  2434 W System  : A resource failed to call release. 
07-04 02:35:11.061  2423  2434 W System  : A resource failed to call release. 
07-04 02:35:11.061  2423  2434 W System  : A resource failed to call close. 
07-04 02:35:11.061  2423  2434 W System  : A resource failed to call release. 
07-04 02:35:11.062  2423  2434 W System  : A resource failed to call release. 
07-04 02:35:11.062  2423  2434 W System  : A resource failed to call close. 
07-04 02:35:11.062  2423  2434 W System  : A resource failed to call release. 
07-04 02:35:11.062  2423  2434 W System  : A resource failed to call release. 
07-04 02:35:11.062  2423  2434 W System  : A resource failed to call release. 
07-04 02:35:11.062  2423  2434 W System  : A resource failed to call release. 
07-04 02:35:11.071 20821 20821 D nativeloader: Configuring classloader-namespace for other apk /data/app/~~uY2HiZRzh3l2nt79IkbhJQ==/e.www.httpsrequesttest-goCtC5x3jU9dCHqKHGWsXA==/base.apk. target_sdk_version=28, uses_libraries=, library_path=/data/app/~~uY2HiZRzh3l2nt79IkbhJQ==/e.www.httpsrequesttest-goCtC5x3jU9dCHqKHGWsXA==/lib/arm64, permitted_path=/data:/mnt/expand:/data/user/0/e.www.httpsrequesttest
07-04 02:35:11.078 20821 20821 V GraphicsEnvironment: ANGLE Developer option for 'e.www.httpsrequesttest' set to: 'default'
07-04 02:35:11.078 20821 20821 V GraphicsEnvironment: App is not on the allowlist for updatable production driver.
07-04 02:35:11.079 20821 20821 D NetworkSecurityConfig: No Network Security Config specified, using platform default
07-04 02:35:11.079 20821 20821 D NetworkSecurityConfig: No Network Security Config specified, using platform default
07-04 02:35:11.106 20821 20821 W ttpsrequesttes: Accessing hidden method Landroid/view/View;->computeFitSystemWindows(Landroid/graphics/Rect;Landroid/graphics/Rect;)Z (unsupported, reflection, allowed)
07-04 02:35:11.106 20821 20821 W ttpsrequesttes: Accessing hidden method Landroid/view/ViewGroup;->makeOptionalFitsSystemWindows()V (unsupported, reflection, allowed)
07-04 02:35:11.139  1871  1998 D CompatibilityChangeReporter: Compat change id reported: 158002302; UID 10293; state: ENABLED
07-04 02:35:11.141 20821 20838 I AdrenoGLES-0: QUALCOMM build                   : 781e7d0, I46ff5fc46f
07-04 02:35:11.141 20821 20838 I AdrenoGLES-0: Build Date                       : 12/01/20
07-04 02:35:11.141 20821 20838 I AdrenoGLES-0: OpenGL ES Shader Compiler Version: EV031.31.04.01
07-04 02:35:11.141 20821 20838 I AdrenoGLES-0: Local Branch                     : QPR1
07-04 02:35:11.141 20821 20838 I AdrenoGLES-0: Remote Branch                    : 
07-04 02:35:11.141 20821 20838 I AdrenoGLES-0: Remote Branch                    : 
07-04 02:35:11.141 20821 20838 I AdrenoGLES-0: Reconstruct Branch               : 
07-04 02:35:11.141 20821 20838 I AdrenoGLES-0: Build Config                     : C P 11.0.1 AArch64
07-04 02:35:11.141 20821 20838 I AdrenoGLES-0: Driver Path                      : /vendor/lib64/egl/libGLESv2_adreno.so
07-04 02:35:11.143 20821 20838 I AdrenoGLES-0: PFP: 0x016ee190, ME: 0x00000000
07-04 02:35:11.144 20821 20838 W AdrenoUtils: <ReadGpuID_from_sysfs:197>: Failed to open /sys/class/kgsl/kgsl-3d0/gpu_model
07-04 02:35:11.144 20821 20838 W AdrenoUtils: <ReadGpuID:221>: Failed to read chip ID from gpu_model. Fallback to use the GSL path
07-04 02:35:11.150   743   768 I SDM     : HWCDisplay::GetColorModeCount: Supported color mode count = 5
07-04 02:35:11.150   741  2412 E HWComposer: getSupportedContentTypes: getSupportedContentTypes failed for display 0: Unsupported (8)
07-04 02:35:11.151 20821 20838 D hw-ProcessState: Binder ioctl to enable oneway spam detection failed: Invalid argument
07-04 02:35:11.151   689   689 I hwservicemanager: getTransport: Cannot find entry android.hardware.graphics.mapper@4.0::IMapper/default in either framework or device VINTF manifest.
07-04 02:35:11.151 20821 20844 I Gralloc4: mapper 4.x is not supported
07-04 02:35:11.152   689   689 I hwservicemanager: getTransport: Cannot find entry android.hardware.graphics.mapper@3.0::IMapper/default in either framework or device VINTF manifest.
07-04 02:35:11.152 20821 20844 W Gralloc3: mapper 3.x is not supported
07-04 02:35:11.154   689   689 I hwservicemanager: getTransport: Cannot find entry android.hardware.graphics.allocator@4.0::IAllocator/default in either framework or device VINTF manifest.
07-04 02:35:11.154 20821 20844 W Gralloc4: allocator 4.x is not supported
07-04 02:35:11.155   689   689 I hwservicemanager: getTransport: Cannot find entry android.hardware.graphics.allocator@3.0::IAllocator/default in either framework or device VINTF manifest.
07-04 02:35:11.155 20821 20844 W Gralloc3: allocator 3.x is not supported
07-04 02:35:11.165  1871  1990 W ziparchive: Unable to open '/data/app/~~uY2HiZRzh3l2nt79IkbhJQ==/e.www.httpsrequesttest-goCtC5x3jU9dCHqKHGWsXA==/base.dm': No such file or directory
07-04 02:35:11.166  1871  1990 I ActivityTaskManager: Displayed e.www.httpsrequesttest/.MainActivity: +210ms
07-04 02:35:11.172  3568  3568 I GoogleInputMethodService: GoogleInputMethodService.onFinishInput():3306 
07-04 02:35:11.173  3568  3568 I GoogleInputMethodService: GoogleInputMethodService.updateDeviceLockedStatus():2127 repeatCheckTimes = 0, locked = false
07-04 02:35:11.173  3568  3568 I GoogleInputMethodService: GoogleInputMethodService.onStartInput():1909 onStartInput(EditorInfo{inputType=0x0(NULL) imeOptions=0x0 privateImeOptions=null actionName=UNSPECIFIED actionLabel=null actionId=0 initialSelStart=-1 initialSelEnd=-1 initialCapsMode=0x0 hintText=null label=null packageName=e.www.httpsrequesttest fieldId=-1 fieldName=null extras=null hintLocales=[]}, false)
07-04 02:35:11.173  3568  3568 I GoogleInputMethodService: GoogleInputMethodService.shouldHideHeaderOnInitialState():1990 ShouldHideHeaderOnInitialState = false
07-04 02:35:11.173  3568  3568 I GoogleInputMethodService: GoogleInputMethodService.updateDeviceLockedStatus():2127 repeatCheckTimes = 1, locked = false
07-04 02:35:11.457  1871  3962 W InputManager-JNI: Input channel object '1c6160c Splash Screen e.www.httpsrequesttest (client)' was disposed without first being removed with the input manager!
07-04 02:35:11.595  2526  2526 I WallpaperService: engine paused
07-04 02:35:12.141 20850 20850 D ProcessState: Binder ioctl to enable oneway spam detection failed: Invalid argument
07-04 02:35:12.623 20866 20866 D ProcessState: Binder ioctl to enable oneway spam detection failed: Invalid argument
07-04 02:35:12.629  1871  3962 I ActivityManager: Background started FGS: Allowed [callingPackage: com.android.shell; callingUid: 2000; uidState: NONE; intent: Intent { cmp=com.example.batterymanager_utility/.DataCollectionService (has extras) }; code:SYSTEM_UID; tempAllowListReason:<,reasonCode:SYSTEM_ALLOW_LISTED,duration:9223372036854775807,callingUid:-1>; targetSdkVersion:33; callerTargetSdkVersion:-1; startForegroundCount:0; bindFromPackage:null]
07-04 02:35:12.638 20770 20770 I BatteryMgr:DataCollectionService: onStartCommand: begin
07-04 02:35:12.638 20770 20770 I BatteryMgr:DataCollectionService: onStartCommand: sampleRate => 100
07-04 02:35:12.638 20770 20770 I BatteryMgr:DataCollectionService: onStartCommand: rawFields => Timestamp,BATTERY_PROPERTY_CURRENT_NOW,EXTRA_VOLTAGE
07-04 02:35:12.640 20770 20770 I BatteryMgr:DataCollectionService: onStartCommand: notification done
07-04 02:35:12.643 20770 20770 I BatteryMgr:DataCollectionService: started foreground
07-04 02:35:12.650 20770 20869 I BatteryMgr:DataCollectionService: collectData: begin
07-04 02:35:12.654 20770 20869 I BatteryMgr:DataCollectionService: stats => 1688430912654,216562,4081
07-04 02:35:12.763 20770 20869 I BatteryMgr:DataCollectionService: stats => 1688430912762,234375,4081
07-04 02:35:12.871 20770 20869 I BatteryMgr:DataCollectionService: stats => 1688430912871,234375,4081
07-04 02:35:12.983 20770 20869 I BatteryMgr:DataCollectionService: stats => 1688430912982,234375,4081
07-04 02:35:13.095 20770 20869 I BatteryMgr:DataCollectionService: stats => 1688430913095,254062,4081
07-04 02:35:13.205 20770 20869 I BatteryMgr:DataCollectionService: stats => 1688430913205,254062,4081
07-04 02:35:13.327 20770 20869 I BatteryMgr:DataCollectionService: stats => 1688430913327,254062,4081
07-04 02:35:13.439 20770 20877 D ProfileInstaller: Installing profile for com.example.batterymanager_utility
07-04 02:35:13.440 20770 20869 I BatteryMgr:DataCollectionService: stats => 1688430913440,99062,4081
07-04 02:35:13.549 20770 20869 I BatteryMgr:DataCollectionService: stats => 1688430913549,99062,4081
07-04 02:35:13.564  1871  2252 D ConnectivityService: NetReassign [no changes] [c 0] [a 1] [i 2]
07-04 02:35:13.674 20770 20869 I BatteryMgr:DataCollectionService: stats => 1688430913674,99062,4081
07-04 02:35:13.796 20770 20869 I BatteryMgr:DataCollectionService: stats => 1688430913796,136875,4081
07-04 02:35:13.905 20770 20869 I BatteryMgr:DataCollectionService: stats => 1688430913905,136875,4081
07-04 02:35:14.018 20770 20869 I BatteryMgr:DataCollectionService: stats => 1688430914017,136875,4081
07-04 02:35:14.126 20770 20869 I BatteryMgr:DataCollectionService: stats => 1688430914126,196250,4081
07-04 02:35:14.248 20770 20869 I BatteryMgr:DataCollectionService: stats => 1688430914248,196250,4081
07-04 02:35:14.365 20770 20869 I BatteryMgr:DataCollectionService: stats => 1688430914365,196250,4081
07-04 02:35:14.496 20770 20869 I BatteryMgr:DataCollectionService: stats => 1688430914496,120312,4081
07-04 02:35:14.619 20770 20869 I BatteryMgr:DataCollectionService: stats => 1688430914619,120312,4081
07-04 02:35:14.729 20770 20869 I BatteryMgr:DataCollectionService: stats => 1688430914729,120312,4081
07-04 02:35:14.846 20770 20869 I BatteryMgr:DataCollectionService: stats => 1688430914846,113437,4081
07-04 02:35:14.976 20770 20869 I BatteryMgr:DataCollectionService: stats => 1688430914976,113437,4081
07-04 02:35:15.089 20770 20869 I BatteryMgr:DataCollectionService: stats => 1688430915089,113437,4081
07-04 02:35:15.198 20770 20869 I BatteryMgr:DataCollectionService: stats => 1688430915198,240625,4081
07-04 02:35:15.320 20770 20869 I BatteryMgr:DataCollectionService: stats => 1688430915320,240625,4081
07-04 02:35:15.430 20770 20869 I BatteryMgr:DataCollectionService: stats => 1688430915429,240625,4081
07-04 02:35:15.540 20770 20869 I BatteryMgr:DataCollectionService: stats => 1688430915540,100000,4081
07-04 02:35:15.649 20770 20869 I BatteryMgr:DataCollectionService: stats => 1688430915649,100000,4081
07-04 02:35:15.779 20770 20869 I BatteryMgr:DataCollectionService: stats => 1688430915779,100000,4081
07-04 02:35:15.906 20770 20869 I BatteryMgr:DataCollectionService: stats => 1688430915905,152500,4081
07-04 02:35:16.030 20770 20869 I BatteryMgr:DataCollectionService: stats => 1688430916030,152500,4081
07-04 02:35:16.148 20770 20869 I BatteryMgr:DataCollectionService: stats => 1688430916148,152500,4081
07-04 02:35:16.261 20770 20869 I BatteryMgr:DataCollectionService: stats => 1688430916261,168125,4081
07-04 02:35:16.376 20770 20869 I BatteryMgr:DataCollectionService: stats => 1688430916375,168125,4081
07-04 02:35:16.501 20770 20869 I BatteryMgr:DataCollectionService: stats => 1688430916501,168125,4081
07-04 02:35:16.591  1871  2252 D ConnectivityService: NetReassign [no changes] [c 0] [a 1] [i 2]
07-04 02:35:16.613 20770 20869 I BatteryMgr:DataCollectionService: stats => 1688430916612,106875,4081
07-04 02:35:16.739 20770 20869 I BatteryMgr:DataCollectionService: stats => 1688430916739,106875,4081
07-04 02:35:16.862 20770 20869 I BatteryMgr:DataCollectionService: stats => 1688430916862,106875,4081
07-04 02:35:16.978 20770 20869 I BatteryMgr:DataCollectionService: stats => 1688430916978,111562,4081
07-04 02:35:17.091 20770 20869 I BatteryMgr:DataCollectionService: stats => 1688430917091,111562,4081
07-04 02:35:17.203 20770 20869 I BatteryMgr:DataCollectionService: stats => 1688430917203,111562,4081
07-04 02:35:17.310 20770 20869 I BatteryMgr:DataCollectionService: stats => 1688430917310,137187,4081
07-04 02:35:17.423 20770 20869 I BatteryMgr:DataCollectionService: stats => 1688430917423,137187,4081
07-04 02:35:17.547 20770 20869 I BatteryMgr:DataCollectionService: stats => 1688430917547,137187,4081
07-04 02:35:17.674 20770 20869 I BatteryMgr:DataCollectionService: stats => 1688430917673,119062,4081
07-04 02:35:17.799 20770 20869 I BatteryMgr:DataCollectionService: stats => 1688430917798,119062,4081
07-04 02:35:17.919 20770 20869 I BatteryMgr:DataCollectionService: stats => 1688430917919,119062,4081
07-04 02:35:18.040 20770 20869 I BatteryMgr:DataCollectionService: stats => 1688430918040,185625,4081
07-04 02:35:18.156 20770 20869 I BatteryMgr:DataCollectionService: stats => 1688430918156,185625,4081
07-04 02:35:18.285 20770 20869 I BatteryMgr:DataCollectionService: stats => 1688430918284,185625,4081
07-04 02:35:18.402 20770 20869 I BatteryMgr:DataCollectionService: stats => 1688430918402,153750,4081
07-04 02:35:18.518 20770 20869 I BatteryMgr:DataCollectionService: stats => 1688430918518,153750,4081
07-04 02:35:18.629 20770 20869 I BatteryMgr:DataCollectionService: stats => 1688430918628,153750,4081
07-04 02:35:18.754 20770 20869 I BatteryMgr:DataCollectionService: stats => 1688430918754,135312,4081
07-04 02:35:18.877 20770 20869 I BatteryMgr:DataCollectionService: stats => 1688430918877,135312,4081
07-04 02:35:18.995 20770 20869 I BatteryMgr:DataCollectionService: stats => 1688430918994,135312,4081
07-04 02:35:19.114 20770 20869 I BatteryMgr:DataCollectionService: stats => 1688430919114,129062,4081
07-04 02:35:19.221 20770 20869 I BatteryMgr:DataCollectionService: stats => 1688430919221,129062,4081
07-04 02:35:19.330 20770 20869 I BatteryMgr:DataCollectionService: stats => 1688430919330,129062,4081
07-04 02:35:19.446 20770 20869 I BatteryMgr:DataCollectionService: stats => 1688430919446,141875,4081
07-04 02:35:19.555 20770 20869 I BatteryMgr:DataCollectionService: stats => 1688430919555,141875,4081
07-04 02:35:19.612  1871  2252 D ConnectivityService: NetReassign [no changes] [c 1] [a 0] [i 3]
07-04 02:35:19.674 20770 20869 I BatteryMgr:DataCollectionService: stats => 1688430919674,141875,4081
07-04 02:35:19.796 20770 20869 I BatteryMgr:DataCollectionService: stats => 1688430919796,175625,4081
07-04 02:35:19.920 20770 20869 I BatteryMgr:DataCollectionService: stats => 1688430919920,175625,4081
07-04 02:35:20.039 20770 20869 I BatteryMgr:DataCollectionService: stats => 1688430920039,175625,4081
07-04 02:35:20.152 20770 20869 I BatteryMgr:DataCollectionService: stats => 1688430920152,149375,4081
07-04 02:35:20.269 20770 20869 I BatteryMgr:DataCollectionService: stats => 1688430920268,149375,4081
07-04 02:35:20.394 20770 20869 I BatteryMgr:DataCollectionService: stats => 1688430920394,149375,4081
07-04 02:35:20.517 20770 20869 I BatteryMgr:DataCollectionService: stats => 1688430920517,137812,4081
07-04 02:35:20.634 20770 20869 I BatteryMgr:DataCollectionService: stats => 1688430920633,137812,4081
07-04 02:35:20.751 20770 20869 I BatteryMgr:DataCollectionService: stats => 1688430920750,137812,4081
07-04 02:35:20.863 20770 20869 I BatteryMgr:DataCollectionService: stats => 1688430920863,200312,4081
07-04 02:35:20.972 20770 20869 I BatteryMgr:DataCollectionService: stats => 1688430920972,200312,4081
07-04 02:35:21.084 20770 20869 I BatteryMgr:DataCollectionService: stats => 1688430921084,200312,4081
07-04 02:35:21.200 20770 20869 I BatteryMgr:DataCollectionService: stats => 1688430921200,105625,4081
07-04 02:35:21.321 20770 20869 I BatteryMgr:DataCollectionService: stats => 1688430921320,105625,4081
07-04 02:35:21.445 20770 20869 I BatteryMgr:DataCollectionService: stats => 1688430921444,105625,4081
07-04 02:35:21.565 20770 20869 I BatteryMgr:DataCollectionService: stats => 1688430921565,116562,4081
07-04 02:35:21.680 20770 20869 I BatteryMgr:DataCollectionService: stats => 1688430921680,116562,4081
07-04 02:35:21.789 20770 20869 I BatteryMgr:DataCollectionService: stats => 1688430921789,116562,4081
07-04 02:35:21.901 20770 20869 I BatteryMgr:DataCollectionService: stats => 1688430921901,211875,4081
07-04 02:35:22.011 20770 20869 I BatteryMgr:DataCollectionService: stats => 1688430922011,211875,4081
07-04 02:35:22.138 20770 20869 I BatteryMgr:DataCollectionService: stats => 1688430922138,211875,4081
07-04 02:35:22.265 20770 20869 I BatteryMgr:DataCollectionService: stats => 1688430922265,107812,4081
07-04 02:35:22.386 20770 20869 I BatteryMgr:DataCollectionService: stats => 1688430922386,107812,4081
07-04 02:35:22.503 20770 20869 I BatteryMgr:DataCollectionService: stats => 1688430922502,107812,4081
07-04 02:35:22.623 20770 20869 I BatteryMgr:DataCollectionService: stats => 1688430922623,176562,4081
07-04 02:35:22.640  1871  2252 D ConnectivityService: NetReassign [no changes] [c 1] [a 0] [i 3]
07-04 02:35:22.748 20770 20869 I BatteryMgr:DataCollectionService: stats => 1688430922747,176562,4081
07-04 02:35:22.874 20770 20869 I BatteryMgr:DataCollectionService: stats => 1688430922874,176562,4081
07-04 02:35:22.991 20770 20869 I BatteryMgr:DataCollectionService: stats => 1688430922990,105000,4081
07-04 02:35:23.101 20770 20869 I BatteryMgr:DataCollectionService: stats => 1688430923100,105000,4081
07-04 02:35:23.214 20770 20869 I BatteryMgr:DataCollectionService: stats => 1688430923214,194375,4081
07-04 02:35:23.332 20770 20869 I BatteryMgr:DataCollectionService: stats => 1688430923331,194375,4081
07-04 02:35:23.449 20770 20869 I BatteryMgr:DataCollectionService: stats => 1688430923449,194375,4081
07-04 02:35:23.572 20770 20869 I BatteryMgr:DataCollectionService: stats => 1688430923572,102812,4081
07-04 02:35:23.694 20770 20869 I BatteryMgr:DataCollectionService: stats => 1688430923694,102812,4081
07-04 02:35:23.811 20770 20869 I BatteryMgr:DataCollectionService: stats => 1688430923810,102812,4081
07-04 02:35:23.933 20770 20869 I BatteryMgr:DataCollectionService: stats => 1688430923933,106875,4081
07-04 02:35:24.036 20192 20233 I PlayCommon: [67] alqc.j(32): Preparing logs for uploading
07-04 02:35:24.039 20192 20233 I PlayCommon: [67] alqc.j(149): Connecting to server for timestamp: https://play.googleapis.com/play/log/timestamp
07-04 02:35:24.041 20770 20869 I BatteryMgr:DataCollectionService: stats => 1688430924041,106875,4081
07-04 02:35:24.123  1871  3962 W ProcessStats: Tracking association SourceState{4c56239 system/1000 BTopFgs #30994} whose proc state 2 is better than process ProcessState{ba85ac5 com.google.android.gms.persistent/10125 pkg=com.google.android.gms} proc state 3 (28 skipped)
07-04 02:35:24.140  2864  2864 D BoundBrokerSvc: onBind: Intent { act=com.google.android.gms.auth.account.workaccount.START dat=chimera-action: cmp=com.google.android.gms/.chimera.PersistentApiService }
07-04 02:35:24.141  2864  2864 D BoundBrokerSvc: Loading bound service for intent: Intent { act=com.google.android.gms.auth.account.workaccount.START dat=chimera-action: cmp=com.google.android.gms/.chimera.PersistentApiService }
07-04 02:35:24.146 20770 20869 I BatteryMgr:DataCollectionService: stats => 1688430924146,106875,4081
07-04 02:35:24.197 20192 20233 I PlayCommon: [67] alqc.j(183): Connecting to server: https://play.googleapis.com/play/log?format=raw&proto_v2=true
07-04 02:35:24.223 20192 20233 I PlayCommon: [67] alqc.j(220): Successfully uploaded logs.
07-04 02:35:24.252 20770 20869 I BatteryMgr:DataCollectionService: stats => 1688430924251,106875,4081
07-04 02:35:24.357 20770 20869 I BatteryMgr:DataCollectionService: stats => 1688430924357,332500,4081
07-04 02:35:24.359  1871  1893 W System  : A resource failed to call release. 
07-04 02:35:24.360  1871  1893 W System  : A resource failed to call release. 
07-04 02:35:24.361  1871  1893 W System  : A resource failed to call close. 
07-04 02:35:24.361  1871  1893 W System  : A resource failed to call release. 
07-04 02:35:24.362  1871  1893 W System  : A resource failed to call release. 
07-04 02:35:24.464 20770 20869 I BatteryMgr:DataCollectionService: stats => 1688430924464,332500,4081
07-04 02:35:24.573 20770 20869 I BatteryMgr:DataCollectionService: stats => 1688430924573,332500,4081
07-04 02:35:24.702 20770 20869 I BatteryMgr:DataCollectionService: stats => 1688430924702,99375,4081
07-04 02:35:24.824 20770 20869 I BatteryMgr:DataCollectionService: stats => 1688430924824,99375,4081
07-04 02:35:24.944 20770 20869 I BatteryMgr:DataCollectionService: stats => 1688430924944,99375,4081
07-04 02:35:25.070 20770 20869 I BatteryMgr:DataCollectionService: stats => 1688430925070,138750,4081
07-04 02:35:25.187 20770 20869 I BatteryMgr:DataCollectionService: stats => 1688430925187,138750,4081
07-04 02:35:25.299 20770 20869 I BatteryMgr:DataCollectionService: stats => 1688430925299,138750,4081
07-04 02:35:25.425 20770 20869 I BatteryMgr:DataCollectionService: stats => 1688430925425,209375,4081
07-04 02:35:25.546 20770 20869 I BatteryMgr:DataCollectionService: stats => 1688430925546,209375,4081
07-04 02:35:25.655 20770 20869 I BatteryMgr:DataCollectionService: stats => 1688430925655,209375,4081
07-04 02:35:25.670  1871  2252 D ConnectivityService: NetReassign [no changes] [c 1] [a 0] [i 3]
07-04 02:35:25.764 20770 20869 I BatteryMgr:DataCollectionService: stats => 1688430925764,216250,4081
07-04 02:35:25.878 20770 20869 I BatteryMgr:DataCollectionService: stats => 1688430925878,216250,4081
07-04 02:35:25.998 20770 20869 I BatteryMgr:DataCollectionService: stats => 1688430925998,216250,4081
07-04 02:35:26.121 20770 20869 I BatteryMgr:DataCollectionService: stats => 1688430926120,113750,4081
07-04 02:35:26.248 20770 20869 I BatteryMgr:DataCollectionService: stats => 1688430926247,113750,4081
07-04 02:35:26.361 20770 20869 I BatteryMgr:DataCollectionService: stats => 1688430926361,113750,4081
07-04 02:35:26.471 20770 20869 I BatteryMgr:DataCollectionService: stats => 1688430926471,205312,4081
07-04 02:35:26.598 20770 20869 I BatteryMgr:DataCollectionService: stats => 1688430926598,205312,4081
07-04 02:35:26.712 20770 20869 I BatteryMgr:DataCollectionService: stats => 1688430926712,205312,4081
07-04 02:35:26.842 20770 20869 I BatteryMgr:DataCollectionService: stats => 1688430926842,126875,4081
07-04 02:35:26.967 20770 20869 I BatteryMgr:DataCollectionService: stats => 1688430926967,126875,4081
07-04 02:35:27.093 20770 20869 I BatteryMgr:DataCollectionService: stats => 1688430927093,98437,4081
07-04 02:35:27.200 20770 20869 I BatteryMgr:DataCollectionService: stats => 1688430927200,98437,4081
07-04 02:35:27.309 20770 20869 I BatteryMgr:DataCollectionService: stats => 1688430927309,98437,4081
07-04 02:35:27.421 20770 20869 I BatteryMgr:DataCollectionService: stats => 1688430927421,229375,4081
07-04 02:35:27.533 20770 20869 I BatteryMgr:DataCollectionService: stats => 1688430927533,229375,4081
07-04 02:35:27.645 20770 20869 I BatteryMgr:DataCollectionService: stats => 1688430927645,229375,4081
07-04 02:35:27.768 20770 20869 I BatteryMgr:DataCollectionService: stats => 1688430927767,229375,4081
07-04 02:35:27.888 20770 20869 I BatteryMgr:DataCollectionService: stats => 1688430927887,130312,4081
07-04 02:35:28.010 20770 20869 I BatteryMgr:DataCollectionService: stats => 1688430928010,130312,4081
07-04 02:35:28.130 20770 20869 I BatteryMgr:DataCollectionService: stats => 1688430928130,117500,4081
07-04 02:35:28.255 20770 20869 I BatteryMgr:DataCollectionService: stats => 1688430928255,117500,4081
07-04 02:35:28.381 20770 20869 I BatteryMgr:DataCollectionService: stats => 1688430928380,117500,4081
07-04 02:35:28.497 20770 20869 I BatteryMgr:DataCollectionService: stats => 1688430928497,109687,4081
07-04 02:35:28.611 20770 20869 I BatteryMgr:DataCollectionService: stats => 1688430928611,109687,4081
07-04 02:35:28.692  1871  2252 D ConnectivityService: NetReassign [no changes] [c 0] [a 1] [i 3]
07-04 02:35:28.726 20770 20869 I BatteryMgr:DataCollectionService: stats => 1688430928726,109687,4081
07-04 02:35:28.846 20770 20869 I BatteryMgr:DataCollectionService: stats => 1688430928846,148125,4081
07-04 02:35:28.968 20770 20869 I BatteryMgr:DataCollectionService: stats => 1688430928968,148125,4081
07-04 02:35:29.089 20770 20869 I BatteryMgr:DataCollectionService: stats => 1688430929089,148125,4081
07-04 02:35:29.211 20770 20869 I BatteryMgr:DataCollectionService: stats => 1688430929211,110937,4081
07-04 02:35:29.317 20770 20869 I BatteryMgr:DataCollectionService: stats => 1688430929317,110937,4081
07-04 02:35:29.436 20770 20869 I BatteryMgr:DataCollectionService: stats => 1688430929436,110937,4081
07-04 02:35:29.560 20770 20869 I BatteryMgr:DataCollectionService: stats => 1688430929560,100937,4081
07-04 02:35:29.681 20770 20869 I BatteryMgr:DataCollectionService: stats => 1688430929681,100937,4081
07-04 02:35:29.805 20770 20869 I BatteryMgr:DataCollectionService: stats => 1688430929805,100937,4081
07-04 02:35:29.914 20770 20869 I BatteryMgr:DataCollectionService: stats => 1688430929913,173750,4081
07-04 02:35:30.020 20770 20869 I BatteryMgr:DataCollectionService: stats => 1688430930020,173750,4081
07-04 02:35:30.135 20770 20869 I BatteryMgr:DataCollectionService: stats => 1688430930135,173750,4081
07-04 02:35:30.248 20770 20869 I BatteryMgr:DataCollectionService: stats => 1688430930248,368437,4081
07-04 02:35:30.370 20770 20869 I BatteryMgr:DataCollectionService: stats => 1688430930370,368437,4081
07-04 02:35:30.492 20770 20869 I BatteryMgr:DataCollectionService: stats => 1688430930492,368437,4081
07-04 02:35:30.611 20770 20869 I BatteryMgr:DataCollectionService: stats => 1688430930611,150625,4081
07-04 02:35:30.734 20770 20869 I BatteryMgr:DataCollectionService: stats => 1688430930733,150625,4081
07-04 02:35:30.855 20770 20869 I BatteryMgr:DataCollectionService: stats => 1688430930855,150625,4081
07-04 02:35:30.963 20770 20869 I BatteryMgr:DataCollectionService: stats => 1688430930963,90625,4081
07-04 02:35:31.069 20770 20869 I BatteryMgr:DataCollectionService: stats => 1688430931069,90625,4081
07-04 02:35:31.182 20770 20869 I BatteryMgr:DataCollectionService: stats => 1688430931182,90625,4081
07-04 02:35:31.290 20770 20869 I BatteryMgr:DataCollectionService: stats => 1688430931290,190312,4081
07-04 02:35:31.398 20770 20869 I BatteryMgr:DataCollectionService: stats => 1688430931398,190312,4081
07-04 02:35:31.524 20770 20869 I BatteryMgr:DataCollectionService: stats => 1688430931524,190312,4081
07-04 02:35:31.638 20770 20869 I BatteryMgr:DataCollectionService: stats => 1688430931638,169687,4081
07-04 02:35:31.714  1871  2252 D ConnectivityService: NetReassign [no changes] [c 0] [a 0] [i 4]
07-04 02:35:31.751 20770 20869 I BatteryMgr:DataCollectionService: stats => 1688430931751,169687,4081
