--------- beginning of system
07-05 18:02:30.500   767  5260 I ActivityManager: START u0 {act=android.intent.action.MAIN cat=[android.intent.category.LAUNCHER] flg=0x10000000 cmp=com.example.batterymanager_utility/.MainActivity} from uid 2000
--------- beginning of main
07-05 18:02:30.531  3105  7220 V ClearcutMetricXmitter: Transmission is done.
07-05 18:02:30.540 23132 23132 I zygote64: Late-enabling -Xcheck:jni
07-05 18:02:30.540   767  3093 I ActivityManager: Start proc 23132:com.example.batterymanager_utility/u0a111 for activity com.example.batterymanager_utility/.MainActivity
07-05 18:02:30.616  2947  2947 I GsaVoiceInteractionSrv: Handling ACTION_STOP_HOTWORD
07-05 18:02:30.703 23132 23132 I BatteryMgr:App: creating notification channel
07-05 18:02:30.789 23132 23150 D OpenGLRenderer: HWUI GL Pipeline
07-05 18:02:30.994 23132 23132 W zygote64: Class androidx.compose.runtime.snapshots.SnapshotStateList failed lock verification and will run slower.
07-05 18:02:30.994 23132 23132 W zygote64: Common causes for lock verification issues are non-optimized dex code
07-05 18:02:30.994 23132 23132 W zygote64: and incorrect proguard optimizations.
07-05 18:02:31.096 23132 23137 I zygote64: Do partial code cache collection, code=30KB, data=19KB
07-05 18:02:31.097 23132 23137 I zygote64: After code cache collection, code=30KB, data=19KB
07-05 18:02:31.097 23132 23137 I zygote64: Increasing code cache capacity to 128KB
07-05 18:02:31.110 23148 23148 D AndroidRuntime: >>>>>> START com.android.internal.os.RuntimeInit uid 2000 <<<<<<
07-05 18:02:31.204 23132 23150 I Adreno  : QUALCOMM build                   : 8e59954, I0be83d0d26
07-05 18:02:31.204 23132 23150 I Adreno  : Build Date                       : 09/22/17
07-05 18:02:31.204 23132 23150 I Adreno  : OpenGL ES Shader Compiler Version: EV031.21.02.00
07-05 18:02:31.204 23132 23150 I Adreno  : Local Branch                     : O17A
07-05 18:02:31.204 23132 23150 I Adreno  : Remote Branch                    : 
07-05 18:02:31.204 23132 23150 I Adreno  : Remote Branch                    : 
07-05 18:02:31.204 23132 23150 I Adreno  : Reconstruct Branch               : 
07-05 18:02:31.204 23132 23150 D vndksupport: Loading /vendor/lib64/hw/gralloc.msm8992.so from current namespace instead of sphal namespace.
07-05 18:02:31.215 23132 23150 I Adreno  : PFP: 0x00000000, ME: 0x00000000
07-05 18:02:31.220   362   362 W /system/bin/hwservicemanager: getTransport: Cannot find entry android.hardware.configstore@1.0::ISurfaceFlingerConfigs/default in either framework or device manifest.
07-05 18:02:31.222 23132 23150 I zygote64: android::hardware::configstore::V1_0::ISurfaceFlingerConfigs::hasWideColorDisplay retrieved: 0
07-05 18:02:31.224 23132 23150 I OpenGLRenderer: Initialized EGL, version 1.4
07-05 18:02:31.224 23132 23150 D OpenGLRenderer: Swap behavior 2
07-05 18:02:31.225 23148 23148 D ICU     : Timezone override file found: /data/misc/zoneinfo/current/icu/icu_tzdata.dat
07-05 18:02:31.228 23132 23132 D Compose Focus: Owner FocusChanged(true)
07-05 18:02:31.247 23148 23148 I app_process: The ClassLoaderContext is a special shared library.
07-05 18:02:31.286 23148 23148 D AndroidRuntime: Calling main entry com.android.commands.monkey.Monkey
07-05 18:02:31.286   362   362 W /system/bin/hwservicemanager: getTransport: Cannot find entry android.hardware.graphics.mapper@2.0::IMapper/default in either framework or device manifest.
07-05 18:02:31.287 23132 23150 D vndksupport: Loading /vendor/lib64/hw/android.hardware.graphics.mapper@2.0-impl.so from current namespace instead of sphal namespace.
07-05 18:02:31.288 23132 23150 D vndksupport: Loading /vendor/lib64/hw/gralloc.msm8992.so from current namespace instead of sphal namespace.
07-05 18:02:31.292 23148 23148 W Monkey  : args: [-p, x.intervalapp.displaytest, 1]
07-05 18:02:31.293 23148 23148 W Monkey  :  arg: "-p"
07-05 18:02:31.293 23148 23148 W Monkey  :  arg: "x.intervalapp.displaytest"
07-05 18:02:31.293 23148 23148 W Monkey  :  arg: "1"
07-05 18:02:31.293 23148 23148 W Monkey  : data="x.intervalapp.displaytest"
07-05 18:02:31.316   767   782 W BroadcastQueue: Skipping deliver [background] BroadcastRecord{e9bb45c u-1 android.net.conn.CONNECTIVITY_CHANGE} to ReceiverList{4680365 23148 (unknown name)/2000/u-1 remote:4f7072e}: process gone or crashing
07-05 18:02:31.325  1019  1019 I GoogleInputMethodService: GoogleInputMethodService.onFinishInput():3306 
07-05 18:02:31.326  1019  1019 I GoogleInputMethodService: GoogleInputMethodService.updateDeviceLockedStatus():2127 repeatCheckTimes = 0, locked = false
07-05 18:02:31.327  1019  1019 I GoogleInputMethodService: GoogleInputMethodService.onStartInput():1909 onStartInput(EditorInfo{inputType=0x0(NULL) imeOptions=0x0 privateImeOptions=null actionName=UNSPECIFIED actionLabel=null actionId=0 initialSelStart=-1 initialSelEnd=-1 initialCapsMode=0x0 hintText=null label=null packageName=com.example.batterymanager_utility fieldId=-1 fieldName=null extras=null hintLocales=[]}, false)
07-05 18:02:31.328   767   792 I ActivityManager: Displayed com.example.batterymanager_utility/.MainActivity: +799ms
07-05 18:02:31.330  1019  1019 I GoogleInputMethodService: GoogleInputMethodService.shouldHideHeaderOnInitialState():1990 ShouldHideHeaderOnInitialState = false
07-05 18:02:31.331  1019  1019 I GoogleInputMethodService: GoogleInputMethodService.updateDeviceLockedStatus():2127 repeatCheckTimes = 1, locked = false
07-05 18:02:31.343   767  1473 I ActivityManager: START u0 {act=android.intent.action.MAIN cat=[android.intent.category.LAUNCHER] flg=0x10200000 cmp=x.intervalapp.displaytest/.MainActivity} from uid 2000
07-05 18:02:31.347   767  1473 W Binder  : Outgoing transactions from this process must be FLAG_ONEWAY
07-05 18:02:31.347   767  1473 W Binder  : java.lang.Throwable
07-05 18:02:31.347   767  1473 W Binder  : 	at android.os.BinderProxy.transact(Binder.java:752)
07-05 18:02:31.347   767  1473 W Binder  : 	at android.app.IActivityController$Stub$Proxy.activityStarting(IActivityController.java:172)
07-05 18:02:31.347   767  1473 W Binder  : 	at com.android.server.am.ActivityStarter.startActivity(ActivityStarter.java:449)
07-05 18:02:31.347   767  1473 W Binder  : 	at com.android.server.am.ActivityStarter.startActivityLocked(ActivityStarter.java:278)
07-05 18:02:31.347   767  1473 W Binder  : 	at com.android.server.am.ActivityStarter.startActivityMayWait(ActivityStarter.java:817)
07-05 18:02:31.347   767  1473 W Binder  : 	at com.android.server.am.ActivityManagerService.startActivityAsUser(ActivityManagerService.java:4532)
07-05 18:02:31.347   767  1473 W Binder  : 	at com.android.server.am.ActivityManagerService.startActivity(ActivityManagerService.java:4519)
07-05 18:02:31.347   767  1473 W Binder  : 	at android.app.IActivityManager$Stub.onTransact(IActivityManager.java:121)
07-05 18:02:31.347   767  1473 W Binder  : 	at com.android.server.am.ActivityManagerService.onTransact(ActivityManagerService.java:2919)
07-05 18:02:31.347   767  1473 W Binder  : 	at android.os.Binder.execTransact(Binder.java:697)
07-05 18:02:31.359 23148 23148 I Monkey  : Events injected: 1
07-05 18:02:31.387   767  1424 I ActivityManager: Start proc 23162:x.intervalapp.displaytest/u0a188 for activity x.intervalapp.displaytest/.MainActivity
07-05 18:02:31.390 23162 23162 I zygote64: Late-enabling -Xcheck:jni
07-05 18:02:31.398   767   893 W LocalDisplayAdapter: Unable to find color mode 0, ignoring request.
07-05 18:02:31.428   426   426 E qdoverlay: Failed to call ioctl MSMFB_OVERLAY_SET err=Device or resource busy
07-05 18:02:31.428   426   426 E qdoverlay: MdssRot commit failed!
07-05 18:02:31.428   426   426 E qdoverlay: == Dump MdssRot start ==
07-05 18:02:31.428   426   426 E qdoverlay: == Dump OvFD fd=153 path=/dev/graphics/fb0 start/end ==
07-05 18:02:31.428   426   426 E qdoverlay: == Dump OvMem start ==
07-05 18:02:31.428   426   426 E qdoverlay: fd=-1 addr=0xffffffffffffffff type=0 bufsz=0 AlignedBufSz=0
07-05 18:02:31.428   426   426 E qdoverlay: == Dump OvMem end ==
07-05 18:02:31.428   426   426 E qdoverlay: mRotInfo mdp_overlay z=0 alpha=0 mask=0 flags=0x100084 id=-1
07-05 18:02:31.428   426   426 E qdoverlay: src msmfb_img w=1152 h=1920 format=13 MDP_RGBA_8888
07-05 18:02:31.428   426   426 E qdoverlay: src_rect mdp_rect x=0 y=0 w=1080 h=1080
07-05 18:02:31.428   426   426 E qdoverlay: dst_rect mdp_rect x=0 y=0 w=1080 h=1080
07-05 18:02:31.428   426   426 E qdoverlay: mRotData msmfb_overlay_data id=0
07-05 18:02:31.428   426   426 E qdoverlay: data msmfb_data offset=0 memid=-1 id=0 flags=0x0 priv=0
07-05 18:02:31.428   426   426 E qdoverlay: == Dump MdssRot end ==
07-05 18:02:31.444   426   426 E qdhwcomposer: configure: configRotator failed!
07-05 18:02:31.484   767   783 I ActivityManager: Config changes=480 {1.0 ?mcc?mnc [en_US] ldltr sw411dp w683dp h387dp 420dpi nrml land finger -keyb/v/h -nav/h appBounds=Rect(0, 0 - 1794, 1080) s.14}
07-05 18:02:31.593   767   783 I ActivityManager: Override config changes=480 {1.0 ?mcc?mnc [en_US] ldltr sw411dp w683dp h387dp 420dpi nrml land finger -keyb/v/h -nav/h appBounds=Rect(0, 0 - 1794, 1080) s.14} for displayId=0
07-05 18:02:31.605   767   783 W Looper  : Dispatch took 243ms on android.ui, h=Handler (com.android.server.policy.PhoneWindowManager$PolicyHandler) {feddcde} cb=android.database.ContentObserver$NotificationRunnable@fc965b7 msg=0
07-05 18:02:31.620 23148 23148 I Monkey  : ## Network stats: elapsed time=29ms (0ms mobile, 0ms wifi, 29ms not connected)
07-05 18:02:31.622 23148 23148 I com.android.commands.monkey: System.exit called, status: 0
07-05 18:02:31.622 23148 23148 I AndroidRuntime: VM exiting with result code 0.
07-05 18:02:31.682   767   912 I InputReader: Reconfiguring input devices.  changes=0x00000004
07-05 18:02:31.682   767   912 I InputReader: Device reconfigured: id=8, name='synaptics_rmi4_i2c', size 1080x1920, orientation 1, mode 1, display id 0
07-05 18:02:31.748  1019  1019 I DeviceModeUtil: DeviceModeUtil.getDeviceMode():140 Get device mode phone by ui mode:1 and smallestScreenWidthDp:411
07-05 18:02:31.762  1019  1019 W GoogleInputMethodService: GoogleInputMethodService.onConfigurationChanged():1574 onConfigurationChanged() : NewConfig = {1.0 ?mcc?mnc [en_US] ldltr sw411dp w683dp h387dp 420dpi nrml land finger -keyb/v/h -nav/h appBounds=Rect(0, 0 - 1794, 1080) s.14}
07-05 18:02:31.764  1019  1019 I GoogleInputMethodService: GoogleInputMethodService.onConfigurationChanged():1591 changedMask : 480
07-05 18:02:31.766  1019  1019 I KeyboardModeManager: KeyboardModeManager.setInputView():557 setInputView() : supportsOneHandedMode=false
07-05 18:02:31.768  1019  1019 I NormalModeController: NormalModeController.getKeyboardBodyViewHolderPaddingBottom():118 currentPrimeKeyboardType:SOFT systemPaddingBottom:-1
07-05 18:02:31.769  1019  1019 I KeyboardModeManager: KeyboardModeManager.setInputView():549 setInputView() : entry=idi{languageTag=en-US, variant=qwerty, hasLocalizedResources=true, conditionCacheKey=_device=phone_device_size=default_enable_adaptive_translate=true_enable_large_tablet_batch_1=false_enable_large_tablet_batch_2=false_enable_more_candidates_view_for_multilingual=false_enable_nav_redesign=true_enable_nav_redesign_for_expression=true_enable_navbar_motion=true_enable_number_row=false_enable_preemptive_decode=true_enable_secondary_symbols=false_expressions=normal_four_or_more_letter_rows=false_keyboard_mode=normal_language=en-US_orientation=portrait_physical_keyboard=nokeys_rtl_layout=false_show_secondary_digits=true_show_suggestions=true_split_with_duplicate_keys=true_variant=qwerty, imeDef.stringId=ime_english_united_states, imeDef.className=com.google.android.apps.inputmethod.libs.latin5.LatinIme, imeDef.languageTag=en-US}
07-05 18:02:31.785   767  6676 I OpenGLRenderer: Initialized EGL, version 1.4
07-05 18:02:31.785   767  6676 D OpenGLRenderer: Swap behavior 2
07-05 18:02:31.798  1019  1019 I StyledKeyboardTheme: StyledKeyboardTheme.<init>():103 Pref: [], themeName: [assets:theme_package_metadata_google_blue_light.binarypb], darkMode: [false], cacheKey: [builtin_google_blue_light.binarypb]
07-05 18:02:31.800  1019  1019 I DeviceModeUtil: DeviceModeUtil.getDeviceMode():140 Get device mode phone by ui mode:1 and smallestScreenWidthDp:411
07-05 18:02:31.802  1019  1019 I chatty  : uid=10080(com.google.android.inputmethod.latin) identical 1 line
07-05 18:02:31.817  1019  1019 I DeviceModeUtil: DeviceModeUtil.getDeviceMode():140 Get device mode phone by ui mode:1 and smallestScreenWidthDp:411
07-05 18:02:31.818  1019  1019 I GoogleInputMethodService: GoogleInputMethodService.initializeKeyboardTheme():1355 Apply keyboard theme: theme_border_stylesheet_navredesign_googleblue_materiallight_phone_400_builtin_google_blue_light.binarypb_land
07-05 18:02:31.873  1019  1019 I DeviceModeUtil: DeviceModeUtil.getDeviceMode():140 Get device mode phone by ui mode:1 and smallestScreenWidthDp:411
07-05 18:02:31.878  1049  1049 D StatusBar: disable<e i a s b h r c s q >
07-05 18:02:31.897  1019  1019 W ResourceType: For resource 0x7f150700, entry index(1792) is beyond type entryCount(346)
07-05 18:02:31.897  1019  1019 W ResourceType: For resource 0x7f1502df, entry index(735) is beyond type entryCount(346)
07-05 18:02:31.897  1019  1019 W ResourceType: For resource 0x7f15039e, entry index(926) is beyond type entryCount(346)
07-05 18:02:31.897  1019  1019 W ResourceType: For resource 0x7f150313, entry index(787) is beyond type entryCount(346)
07-05 18:02:31.897  1019  1019 W ResourceType: For resource 0x7f150280, entry index(640) is beyond type entryCount(346)
07-05 18:02:31.897  1019  1019 W ResourceType: For resource 0x7f150498, entry index(1176) is beyond type entryCount(346)
07-05 18:02:31.897  1019  1019 W ResourceType: For resource 0x7f150409, entry index(1033) is beyond type entryCount(346)
07-05 18:02:31.897  1019  1019 W ResourceType: For resource 0x7f1501fd, entry index(509) is beyond type entryCount(346)
07-05 18:02:31.899  1019  1019 W ResourceType: For resource 0x7f150700, entry index(1792) is beyond type entryCount(346)
07-05 18:02:31.899  1019  1019 I chatty  : uid=10080(com.google.android.inputmethod.latin) identical 1 line
07-05 18:02:31.899  1019  1019 W ResourceType: For resource 0x7f150700, entry index(1792) is beyond type entryCount(346)
07-05 18:02:31.899  1019  1019 W ResourceType: For resource 0x7f150433, entry index(1075) is beyond type entryCount(346)
07-05 18:02:31.899  1019  1019 W ResourceType: For resource 0x7f150442, entry index(1090) is beyond type entryCount(346)
07-05 18:02:31.901  1019  1019 W ResourceType: For resource 0x7f150700, entry index(1792) is beyond type entryCount(346)
07-05 18:02:31.901  1019  1019 W ResourceType: For resource 0x7f1502df, entry index(735) is beyond type entryCount(346)
07-05 18:02:31.901  1019  1019 I chatty  : uid=10080(com.google.android.inputmethod.latin) identical 2 lines
07-05 18:02:31.901  1019  1019 W ResourceType: For resource 0x7f1502df, entry index(735) is beyond type entryCount(346)
07-05 18:02:31.901  1019  1019 W ResourceType: For resource 0x7f15039e, entry index(926) is beyond type entryCount(346)
07-05 18:02:31.901  1019  1019 I chatty  : uid=10080(com.google.android.inputmethod.latin) identical 1 line
07-05 18:02:31.901  1019  1019 W ResourceType: For resource 0x7f15039e, entry index(926) is beyond type entryCount(346)
07-05 18:02:31.901  1019  1019 W ResourceType: For resource 0x7f15037f, entry index(895) is beyond type entryCount(346)
07-05 18:02:31.901  1019  1019 W ResourceType: For resource 0x7f15037e, entry index(894) is beyond type entryCount(346)
07-05 18:02:31.901  1019  1019 W ResourceType: For resource 0x7f15037d, entry index(893) is beyond type entryCount(346)
07-05 18:02:31.903  1019  1019 W ResourceType: For resource 0x7f15039e, entry index(926) is beyond type entryCount(346)
07-05 18:02:31.903  1019  1019 W ResourceType: For resource 0x7f150313, entry index(787) is beyond type entryCount(346)
07-05 18:02:31.903  1019  1019 I chatty  : uid=10080(com.google.android.inputmethod.latin) identical 2 lines
07-05 18:02:31.903  1019  1019 W ResourceType: For resource 0x7f150313, entry index(787) is beyond type entryCount(346)
07-05 18:02:31.903  1019  1019 W ResourceType: For resource 0x7f150280, entry index(640) is beyond type entryCount(346)
07-05 18:02:31.904  1019  1019 I chatty  : uid=10080(com.google.android.inputmethod.latin) identical 2 lines
07-05 18:02:31.904  1019  1019 W ResourceType: For resource 0x7f150280, entry index(640) is beyond type entryCount(346)
07-05 18:02:31.904  1019  1019 W ResourceType: For resource 0x7f150498, entry index(1176) is beyond type entryCount(346)
07-05 18:02:31.904  1019  1019 I chatty  : uid=10080(com.google.android.inputmethod.latin) identical 1 line
07-05 18:02:31.904  1019  1019 W ResourceType: For resource 0x7f150498, entry index(1176) is beyond type entryCount(346)
07-05 18:02:31.904  1019  1019 W ResourceType: For resource 0x7f15020c, entry index(524) is beyond type entryCount(346)
07-05 18:02:31.904  1019  1019 W ResourceType: For resource 0x7f150498, entry index(1176) is beyond type entryCount(346)
07-05 18:02:31.904  1019  1019 W ResourceType: For resource 0x7f150409, entry index(1033) is beyond type entryCount(346)
07-05 18:02:31.904  1019  1019 I chatty  : uid=10080(com.google.android.inputmethod.latin) identical 2 lines
07-05 18:02:31.904  1019  1019 W ResourceType: For resource 0x7f150409, entry index(1033) is beyond type entryCount(346)
07-05 18:02:31.904  1019  1019 W ResourceType: For resource 0x7f1501fd, entry index(509) is beyond type entryCount(346)
07-05 18:02:31.904  1019  1019 I chatty  : uid=10080(com.google.android.inputmethod.latin) identical 2 lines
07-05 18:02:31.904  1019  1019 W ResourceType: For resource 0x7f1501fd, entry index(509) is beyond type entryCount(346)
07-05 18:02:31.904  1019  1019 W ResourceType: For resource 0x7f150380, entry index(896) is beyond type entryCount(346)
07-05 18:02:31.904  1019  1019 W ResourceType: For resource 0x7f15027f, entry index(639) is beyond type entryCount(346)
07-05 18:02:31.904  1019  1019 W ResourceType: For resource 0x7f150492, entry index(1170) is beyond type entryCount(346)
07-05 18:02:31.904  1019  1019 W ResourceType: For resource 0x7f150404, entry index(1028) is beyond type entryCount(346)
07-05 18:02:31.904  1019  1019 W ResourceType: For resource 0x7f1501fd, entry index(509) is beyond type entryCount(346)
07-05 18:02:31.904  1019  1019 W ResourceType: For resource 0x7f150380, entry index(896) is beyond type entryCount(346)
07-05 18:02:31.904  1019  1019 I chatty  : uid=10080(com.google.android.inputmethod.latin) identical 1 line
07-05 18:02:31.904  1019  1019 W ResourceType: For resource 0x7f150380, entry index(896) is beyond type entryCount(346)
07-05 18:02:31.904  1019  1019 W ResourceType: For resource 0x7f150381, entry index(897) is beyond type entryCount(346)
07-05 18:02:31.904  1019  1019 W ResourceType: For resource 0x7f150380, entry index(896) is beyond type entryCount(346)
07-05 18:02:31.905  1019  1019 W ResourceType: For resource 0x7f15027f, entry index(639) is beyond type entryCount(346)
07-05 18:02:31.905  1019  1019 I chatty  : uid=10080(com.google.android.inputmethod.latin) identical 2 lines
07-05 18:02:31.905  1019  1019 W ResourceType: For resource 0x7f15027f, entry index(639) is beyond type entryCount(346)
07-05 18:02:31.905  1019  1019 W ResourceType: For resource 0x7f150492, entry index(1170) is beyond type entryCount(346)
07-05 18:02:31.905  1019  1019 I chatty  : uid=10080(com.google.android.inputmethod.latin) identical 2 lines
07-05 18:02:31.905  1019  1019 W ResourceType: For resource 0x7f150492, entry index(1170) is beyond type entryCount(346)
07-05 18:02:31.905  1019  1019 W ResourceType: For resource 0x7f150404, entry index(1028) is beyond type entryCount(346)
07-05 18:02:31.905  1019  1019 I chatty  : uid=10080(com.google.android.inputmethod.latin) identical 2 lines
07-05 18:02:31.905  1019  1019 W ResourceType: For resource 0x7f150404, entry index(1028) is beyond type entryCount(346)
07-05 18:02:31.905  1019  1019 W ResourceType: For resource 0x7f1501fd, entry index(509) is beyond type entryCount(346)
07-05 18:02:31.905  1019  1019 I chatty  : uid=10080(com.google.android.inputmethod.latin) identical 1 line
07-05 18:02:31.905  1019  1019 W ResourceType: For resource 0x7f1501fd, entry index(509) is beyond type entryCount(346)
07-05 18:02:31.905  1019  1019 W ResourceType: For resource 0x7f150383, entry index(899) is beyond type entryCount(346)
07-05 18:02:31.905  1019  1019 W ResourceType: For resource 0x7f150384, entry index(900) is beyond type entryCount(346)
07-05 18:02:31.905  1019  1019 W ResourceType: For resource 0x7f150383, entry index(899) is beyond type entryCount(346)
07-05 18:02:31.905  1019  1019 I chatty  : uid=10080(com.google.android.inputmethod.latin) identical 2 lines
07-05 18:02:31.905  1019  1019 W ResourceType: For resource 0x7f150383, entry index(899) is beyond type entryCount(346)
07-05 18:02:31.905  1019  1019 W ResourceType: For resource 0x7f150384, entry index(900) is beyond type entryCount(346)
07-05 18:02:31.905  1019  1019 I chatty  : uid=10080(com.google.android.inputmethod.latin) identical 2 lines
07-05 18:02:31.905  1019  1019 W ResourceType: For resource 0x7f150384, entry index(900) is beyond type entryCount(346)
07-05 18:02:31.905  1019  1019 W ResourceType: For resource 0x7f150385, entry index(901) is beyond type entryCount(346)
07-05 18:02:31.906  1019  1019 I chatty  : uid=10080(com.google.android.inputmethod.latin) identical 3 lines
07-05 18:02:31.906  1019  1019 W ResourceType: For resource 0x7f150385, entry index(901) is beyond type entryCount(346)
07-05 18:02:31.906  1019  1019 W ResourceType: For resource 0x7f1503a2, entry index(930) is beyond type entryCount(346)
07-05 18:02:31.906  1019  1019 I chatty  : uid=10080(com.google.android.inputmethod.latin) identical 3 lines
07-05 18:02:31.906  1019  1019 W ResourceType: For resource 0x7f1503a2, entry index(930) is beyond type entryCount(346)
07-05 18:02:31.906  1019  1019 W ResourceType: For resource 0x7f1503a3, entry index(931) is beyond type entryCount(346)
07-05 18:02:31.906  1019  1019 I chatty  : uid=10080(com.google.android.inputmethod.latin) identical 3 lines
07-05 18:02:31.906  1019  1019 W ResourceType: For resource 0x7f1503a3, entry index(931) is beyond type entryCount(346)
07-05 18:02:31.906  1019  1019 W ResourceType: For resource 0x7f15039f, entry index(927) is beyond type entryCount(346)
07-05 18:02:31.906  1019  1019 I chatty  : uid=10080(com.google.android.inputmethod.latin) identical 3 lines
07-05 18:02:31.906  1019  1019 W ResourceType: For resource 0x7f15039f, entry index(927) is beyond type entryCount(346)
07-05 18:02:31.906  1019  1019 W ResourceType: For resource 0x7f1503a0, entry index(928) is beyond type entryCount(346)
07-05 18:02:31.906  1019  1019 I chatty  : uid=10080(com.google.android.inputmethod.latin) identical 3 lines
07-05 18:02:31.906  1019  1019 W ResourceType: For resource 0x7f1503a0, entry index(928) is beyond type entryCount(346)
07-05 18:02:31.906  1019  1019 W ResourceType: For resource 0x7f150399, entry index(921) is beyond type entryCount(346)
07-05 18:02:31.906  1019  1019 W ResourceType: For resource 0x7f15039a, entry index(922) is beyond type entryCount(346)
07-05 18:02:31.906  1019  1019 W ResourceType: For resource 0x7f150399, entry index(921) is beyond type entryCount(346)
07-05 18:02:31.906  1019  1019 I chatty  : uid=10080(com.google.android.inputmethod.latin) identical 2 lines
07-05 18:02:31.906  1019  1019 W ResourceType: For resource 0x7f150399, entry index(921) is beyond type entryCount(346)
07-05 18:02:31.906  1019  1019 W ResourceType: For resource 0x7f15039a, entry index(922) is beyond type entryCount(346)
07-05 18:02:31.906  1019  1019 I chatty  : uid=10080(com.google.android.inputmethod.latin) identical 2 lines
07-05 18:02:31.906  1019  1019 W ResourceType: For resource 0x7f15039a, entry index(922) is beyond type entryCount(346)
07-05 18:02:31.906  1019  1019 W ResourceType: For resource 0x7f15039b, entry index(923) is beyond type entryCount(346)
07-05 18:02:31.906  1019  1019 I chatty  : uid=10080(com.google.android.inputmethod.latin) identical 3 lines
07-05 18:02:31.906  1019  1019 W ResourceType: For resource 0x7f15039b, entry index(923) is beyond type entryCount(346)
07-05 18:02:31.906  1019  1019 W ResourceType: For resource 0x7f150395, entry index(917) is beyond type entryCount(346)
07-05 18:02:31.907  1019  1019 I chatty  : uid=10080(com.google.android.inputmethod.latin) identical 3 lines
07-05 18:02:31.907  1019  1019 W ResourceType: For resource 0x7f150395, entry index(917) is beyond type entryCount(346)
07-05 18:02:31.907  1019  1019 W ResourceType: For resource 0x7f150397, entry index(919) is beyond type entryCount(346)
07-05 18:02:31.907  1019  1019 I chatty  : uid=10080(com.google.android.inputmethod.latin) identical 3 lines
07-05 18:02:31.907  1019  1019 W ResourceType: For resource 0x7f150397, entry index(919) is beyond type entryCount(346)
07-05 18:02:31.907  1019  1019 W ResourceType: For resource 0x7f1505ec, entry index(1516) is beyond type entryCount(346)
07-05 18:02:31.907  1019  1019 I chatty  : uid=10080(com.google.android.inputmethod.latin) identical 1 line
07-05 18:02:31.907  1019  1019 W ResourceType: For resource 0x7f1505ec, entry index(1516) is beyond type entryCount(346)
07-05 18:02:31.907  1019  1019 W ResourceType: For resource 0x7f150282, entry index(642) is beyond type entryCount(346)
07-05 18:02:31.907  1019  1019 I chatty  : uid=10080(com.google.android.inputmethod.latin) identical 1 line
07-05 18:02:31.907  1019  1019 W ResourceType: For resource 0x7f150282, entry index(642) is beyond type entryCount(346)
07-05 18:02:31.907  1019  1019 W ResourceType: For resource 0x7f15021a, entry index(538) is beyond type entryCount(346)
07-05 18:02:31.907  1019  1019 I chatty  : uid=10080(com.google.android.inputmethod.latin) identical 1 line
07-05 18:02:31.907  1019  1019 W ResourceType: For resource 0x7f15021a, entry index(538) is beyond type entryCount(346)
07-05 18:02:31.910  1019  1019 W ResourceType: For resource 0x7f150700, entry index(1792) is beyond type entryCount(346)
07-05 18:02:31.910  1019  1019 W ResourceType: For resource 0x7f1502df, entry index(735) is beyond type entryCount(346)
07-05 18:02:31.910  1019  1019 W ResourceType: For resource 0x7f15039e, entry index(926) is beyond type entryCount(346)
07-05 18:02:31.910  1019  1019 W ResourceType: For resource 0x7f150313, entry index(787) is beyond type entryCount(346)
07-05 18:02:31.910  1049  1049 W StatusBar/NavBarView: *** Invalid layout in navigation bar (sizeChanged this=126x1080 cur=126x1038)
07-05 18:02:31.910  1019  1019 W ResourceType: For resource 0x7f150280, entry index(640) is beyond type entryCount(346)
07-05 18:02:31.910  1019  1019 W ResourceType: For resource 0x7f150498, entry index(1176) is beyond type entryCount(346)
07-05 18:02:31.910  1019  1019 W ResourceType: For resource 0x7f150409, entry index(1033) is beyond type entryCount(346)
07-05 18:02:31.910  1019  1019 W ResourceType: For resource 0x7f1501fd, entry index(509) is beyond type entryCount(346)
07-05 18:02:31.910  1019  1019 W ResourceType: For resource 0x7f150700, entry index(1792) is beyond type entryCount(346)
07-05 18:02:31.910  1019  1019 I chatty  : uid=10080(com.google.android.inputmethod.latin) identical 1 line
07-05 18:02:31.910  1019  1019 W ResourceType: For resource 0x7f150700, entry index(1792) is beyond type entryCount(346)
07-05 18:02:31.910  1019  1019 W ResourceType: For resource 0x7f1502df, entry index(735) is beyond type entryCount(346)
07-05 18:02:31.910  1019  1019 I chatty  : uid=10080(com.google.android.inputmethod.latin) identical 1 line
07-05 18:02:31.910  1019  1019 W ResourceType: For resource 0x7f1502df, entry index(735) is beyond type entryCount(346)
07-05 18:02:31.910  1019  1019 W ResourceType: For resource 0x7f15039e, entry index(926) is beyond type entryCount(346)
07-05 18:02:31.910  1019  1019 I chatty  : uid=10080(com.google.android.inputmethod.latin) identical 1 line
07-05 18:02:31.910  1019  1019 W ResourceType: For resource 0x7f15039e, entry index(926) is beyond type entryCount(346)
07-05 18:02:31.910  1019  1019 W ResourceType: For resource 0x7f150313, entry index(787) is beyond type entryCount(346)
07-05 18:02:31.910  1019  1019 I chatty  : uid=10080(com.google.android.inputmethod.latin) identical 1 line
07-05 18:02:31.910  1019  1019 W ResourceType: For resource 0x7f150313, entry index(787) is beyond type entryCount(346)
07-05 18:02:31.910  1019  1019 W ResourceType: For resource 0x7f150280, entry index(640) is beyond type entryCount(346)
07-05 18:02:31.910  1019  1019 I chatty  : uid=10080(com.google.android.inputmethod.latin) identical 1 line
07-05 18:02:31.910  1019  1019 W ResourceType: For resource 0x7f150280, entry index(640) is beyond type entryCount(346)
07-05 18:02:31.910  1019  1019 W ResourceType: For resource 0x7f150498, entry index(1176) is beyond type entryCount(346)
07-05 18:02:31.910  1019  1019 I chatty  : uid=10080(com.google.android.inputmethod.latin) identical 1 line
07-05 18:02:31.910  1019  1019 W ResourceType: For resource 0x7f150498, entry index(1176) is beyond type entryCount(346)
07-05 18:02:31.911  1019  1019 W ResourceType: For resource 0x7f150409, entry index(1033) is beyond type entryCount(346)
07-05 18:02:31.911  1019  1019 I chatty  : uid=10080(com.google.android.inputmethod.latin) identical 1 line
07-05 18:02:31.911  1019  1019 W ResourceType: For resource 0x7f150409, entry index(1033) is beyond type entryCount(346)
07-05 18:02:31.911  1019  1019 W ResourceType: For resource 0x7f1501fd, entry index(509) is beyond type entryCount(346)
07-05 18:02:31.911  1019  1019 I chatty  : uid=10080(com.google.android.inputmethod.latin) identical 1 line
07-05 18:02:31.911  1019  1019 W ResourceType: For resource 0x7f1501fd, entry index(509) is beyond type entryCount(346)
07-05 18:02:31.911  1019  1019 W ResourceType: For resource 0x7f150380, entry index(896) is beyond type entryCount(346)
07-05 18:02:31.911  1019  1019 W ResourceType: For resource 0x7f15027f, entry index(639) is beyond type entryCount(346)
07-05 18:02:31.911  1019  1019 W ResourceType: For resource 0x7f150492, entry index(1170) is beyond type entryCount(346)
07-05 18:02:31.911  1019  1019 W ResourceType: For resource 0x7f150404, entry index(1028) is beyond type entryCount(346)
07-05 18:02:31.911  1019  1019 W ResourceType: For resource 0x7f1501fd, entry index(509) is beyond type entryCount(346)
07-05 18:02:31.911  1019  1019 W ResourceType: For resource 0x7f150380, entry index(896) is beyond type entryCount(346)
07-05 18:02:31.911  1019  1019 I chatty  : uid=10080(com.google.android.inputmethod.latin) identical 1 line
07-05 18:02:31.911  1019  1019 W ResourceType: For resource 0x7f150380, entry index(896) is beyond type entryCount(346)
07-05 18:02:31.911  1019  1019 W ResourceType: For resource 0x7f15027f, entry index(639) is beyond type entryCount(346)
07-05 18:02:31.911  1019  1019 I chatty  : uid=10080(com.google.android.inputmethod.latin) identical 1 line
07-05 18:02:31.911  1019  1019 W ResourceType: For resource 0x7f15027f, entry index(639) is beyond type entryCount(346)
07-05 18:02:31.911  1019  1019 W ResourceType: For resource 0x7f150492, entry index(1170) is beyond type entryCount(346)
07-05 18:02:31.911  1019  1019 I chatty  : uid=10080(com.google.android.inputmethod.latin) identical 1 line
07-05 18:02:31.911  1019  1019 W ResourceType: For resource 0x7f150492, entry index(1170) is beyond type entryCount(346)
07-05 18:02:31.911  1019  1019 W ResourceType: For resource 0x7f150404, entry index(1028) is beyond type entryCount(346)
07-05 18:02:31.911  1019  1019 I chatty  : uid=10080(com.google.android.inputmethod.latin) identical 1 line
07-05 18:02:31.911  1019  1019 W ResourceType: For resource 0x7f150404, entry index(1028) is beyond type entryCount(346)
07-05 18:02:31.911  1019  1019 W ResourceType: For resource 0x7f1501fd, entry index(509) is beyond type entryCount(346)
07-05 18:02:31.911  1019  1019 I chatty  : uid=10080(com.google.android.inputmethod.latin) identical 1 line
07-05 18:02:31.911  1019  1019 W ResourceType: For resource 0x7f1501fd, entry index(509) is beyond type entryCount(346)
07-05 18:02:31.911  1019  1019 W ResourceType: For resource 0x7f150383, entry index(899) is beyond type entryCount(346)
07-05 18:02:31.911  1019  1019 W ResourceType: For resource 0x7f150384, entry index(900) is beyond type entryCount(346)
07-05 18:02:31.911  1019  1019 W ResourceType: For resource 0x7f150383, entry index(899) is beyond type entryCount(346)
07-05 18:02:31.911  1019  1019 I chatty  : uid=10080(com.google.android.inputmethod.latin) identical 1 line
07-05 18:02:31.912  1019  1019 W ResourceType: For resource 0x7f150383, entry index(899) is beyond type entryCount(346)
07-05 18:02:31.912  1019  1019 W ResourceType: For resource 0x7f150384, entry index(900) is beyond type entryCount(346)
07-05 18:02:31.912  1019  1019 I chatty  : uid=10080(com.google.android.inputmethod.latin) identical 1 line
07-05 18:02:31.912  1019  1019 W ResourceType: For resource 0x7f150384, entry index(900) is beyond type entryCount(346)
07-05 18:02:31.912  1019  1019 W ResourceType: For resource 0x7f150385, entry index(901) is beyond type entryCount(346)
07-05 18:02:31.912  1019  1019 I chatty  : uid=10080(com.google.android.inputmethod.latin) identical 2 lines
07-05 18:02:31.912  1019  1019 W ResourceType: For resource 0x7f150385, entry index(901) is beyond type entryCount(346)
07-05 18:02:31.912  1019  1019 W ResourceType: For resource 0x7f1503a2, entry index(930) is beyond type entryCount(346)
07-05 18:02:31.912  1019  1019 I chatty  : uid=10080(com.google.android.inputmethod.latin) identical 2 lines
07-05 18:02:31.912  1019  1019 W ResourceType: For resource 0x7f1503a2, entry index(930) is beyond type entryCount(346)
07-05 18:02:31.912  1019  1019 W ResourceType: For resource 0x7f1503a3, entry index(931) is beyond type entryCount(346)
07-05 18:02:31.912  1019  1019 I chatty  : uid=10080(com.google.android.inputmethod.latin) identical 2 lines
07-05 18:02:31.912  1019  1019 W ResourceType: For resource 0x7f1503a3, entry index(931) is beyond type entryCount(346)
07-05 18:02:31.912  1019  1019 W ResourceType: For resource 0x7f15039f, entry index(927) is beyond type entryCount(346)
07-05 18:02:31.912  1019  1019 I chatty  : uid=10080(com.google.android.inputmethod.latin) identical 2 lines
07-05 18:02:31.912  1019  1019 W ResourceType: For resource 0x7f15039f, entry index(927) is beyond type entryCount(346)
07-05 18:02:31.912  1019  1019 W ResourceType: For resource 0x7f1503a0, entry index(928) is beyond type entryCount(346)
07-05 18:02:31.912  1019  1019 I chatty  : uid=10080(com.google.android.inputmethod.latin) identical 2 lines
07-05 18:02:31.912  1019  1019 W ResourceType: For resource 0x7f1503a0, entry index(928) is beyond type entryCount(346)
07-05 18:02:31.912  1019  1019 W ResourceType: For resource 0x7f150399, entry index(921) is beyond type entryCount(346)
07-05 18:02:31.912  1019  1019 W ResourceType: For resource 0x7f15039a, entry index(922) is beyond type entryCount(346)
07-05 18:02:31.912  1019  1019 W ResourceType: For resource 0x7f150399, entry index(921) is beyond type entryCount(346)
07-05 18:02:31.912  1019  1019 I chatty  : uid=10080(com.google.android.inputmethod.latin) identical 1 line
07-05 18:02:31.912  1019  1019 W ResourceType: For resource 0x7f150399, entry index(921) is beyond type entryCount(346)
07-05 18:02:31.912  1019  1019 W ResourceType: For resource 0x7f15039a, entry index(922) is beyond type entryCount(346)
07-05 18:02:31.912  1019  1019 I chatty  : uid=10080(com.google.android.inputmethod.latin) identical 1 line
07-05 18:02:31.912  1019  1019 W ResourceType: For resource 0x7f15039a, entry index(922) is beyond type entryCount(346)
07-05 18:02:31.912  1019  1019 W ResourceType: For resource 0x7f15039b, entry index(923) is beyond type entryCount(346)
07-05 18:02:31.913  1019  1019 I chatty  : uid=10080(com.google.android.inputmethod.latin) identical 2 lines
07-05 18:02:31.913  1019  1019 W ResourceType: For resource 0x7f15039b, entry index(923) is beyond type entryCount(346)
07-05 18:02:31.913  1019  1019 W ResourceType: For resource 0x7f150395, entry index(917) is beyond type entryCount(346)
07-05 18:02:31.913  1019  1019 I chatty  : uid=10080(com.google.android.inputmethod.latin) identical 2 lines
07-05 18:02:31.913  1019  1019 W ResourceType: For resource 0x7f150395, entry index(917) is beyond type entryCount(346)
07-05 18:02:31.914  1019  1019 W ResourceType: For resource 0x7f150397, entry index(919) is beyond type entryCount(346)
07-05 18:02:31.914  1019  1019 I chatty  : uid=10080(com.google.android.inputmethod.latin) identical 2 lines
07-05 18:02:31.914  1019  1019 W ResourceType: For resource 0x7f150397, entry index(919) is beyond type entryCount(346)
07-05 18:02:31.915  1019  1019 W ResourceType: For resource 0x7f1505ec, entry index(1516) is beyond type entryCount(346)
07-05 18:02:31.915  1019  1019 W ResourceType: For resource 0x7f1505ec, entry index(1516) is beyond type entryCount(346)
07-05 18:02:31.915  1019  1019 W ResourceType: For resource 0x7f150282, entry index(642) is beyond type entryCount(346)
07-05 18:02:31.915  1019  1019 W ResourceType: For resource 0x7f150282, entry index(642) is beyond type entryCount(346)
07-05 18:02:31.915  1019  1019 W ResourceType: For resource 0x7f15021a, entry index(538) is beyond type entryCount(346)
07-05 18:02:31.915  1019  1019 W ResourceType: For resource 0x7f15021a, entry index(538) is beyond type entryCount(346)
07-05 18:02:31.930  1019  1019 I NormalModeController: NormalModeController.getKeyboardBodyViewHolderPaddingBottom():118 currentPrimeKeyboardType:SOFT systemPaddingBottom:-1
07-05 18:02:31.943  1019  1019 I InputMethodEntryManager: InputMethodEntryManager.startLoadingInputMethodEntrySettings():741 Start loading input method entry settings: [LanguageTagVariantTuple{languageTag=en-US, variant=qwerty}]
07-05 18:02:31.948  1019  1019 I InputMethodEntryManager: InputMethodEntryManager.updateInputMethodEntrySettingsLoadingTask():828 update loading task with resetImplicitlyEnabledEntries is false
07-05 18:02:31.983  1019  1019 I KeyboardHeightUtil: KeyboardHeightUtil.getKeyboardHeightRatio():193 systemKeyboardHeightRatio:1.000000; userKeyboardHeightRatio:1.000000.
07-05 18:02:32.031 23162 23183 D OpenGLRenderer: HWUI GL Pipeline
07-05 18:02:32.036  1019  1019 I GoogleInputMethodService: GoogleInputMethodService.onStartInput():1909 onStartInput(EditorInfo{inputType=0x0(NULL) imeOptions=0x0 privateImeOptions=null actionName=UNSPECIFIED actionLabel=null actionId=0 initialSelStart=-1 initialSelEnd=-1 initialCapsMode=0x0 hintText=null label=null packageName=com.example.batterymanager_utility fieldId=-1 fieldName=null extras=null hintLocales=[]}, true)
07-05 18:02:32.038  1019  1019 I GoogleInputMethodService: GoogleInputMethodService.shouldHideHeaderOnInitialState():1990 ShouldHideHeaderOnInitialState = false
07-05 18:02:32.038  1019  1019 I GoogleInputMethodService: GoogleInputMethodService.updateDeviceLockedStatus():2127 repeatCheckTimes = 1, locked = false
07-05 18:02:32.039  1019  1019 W SessionManager: SessionManager.beginSession():53 Try to begin an already begun session [INPUT_SESSION], end it first
07-05 18:02:32.052  1019  1019 I InputMethodEntryManager: InputMethodEntryManager$5.onSuccess():847 Success load entries: [LanguageTagVariantTuple{languageTag=en-US, variant=qwerty}], resetImplicitlyEnabledEntries=false
07-05 18:02:32.062 23162 23183 I Adreno  : QUALCOMM build                   : 8e59954, I0be83d0d26
07-05 18:02:32.062 23162 23183 I Adreno  : Build Date                       : 09/22/17
07-05 18:02:32.062 23162 23183 I Adreno  : OpenGL ES Shader Compiler Version: EV031.21.02.00
07-05 18:02:32.062 23162 23183 I Adreno  : Local Branch                     : O17A
07-05 18:02:32.062 23162 23183 I Adreno  : Remote Branch                    : 
07-05 18:02:32.062 23162 23183 I Adreno  : Remote Branch                    : 
07-05 18:02:32.062 23162 23183 I Adreno  : Reconstruct Branch               : 
07-05 18:02:32.062 23162 23183 D vndksupport: Loading /vendor/lib64/hw/gralloc.msm8992.so from current namespace instead of sphal namespace.
07-05 18:02:32.067  1019  1549 I SP      : Registering emoticon_content_description.2022081613, url: https://www.gstatic.com/android/keyboard/emoticon_content_desc/202208161305/superpacks_manifest.json, constraints: W:*:*:*, flags: bg, requested: 2022081613, current: 2022081613
07-05 18:02:32.072 23162 23183 I Adreno  : PFP: 0x00000000, ME: 0x00000000
07-05 18:02:32.078   362   362 W /system/bin/hwservicemanager: getTransport: Cannot find entry android.hardware.configstore@1.0::ISurfaceFlingerConfigs/default in either framework or device manifest.
07-05 18:02:32.080 23162 23183 I zygote64: android::hardware::configstore::V1_0::ISurfaceFlingerConfigs::hasWideColorDisplay retrieved: 0
07-05 18:02:32.083   767 17356 I MediaFocusControl: requestAudioFocus() from uid/pid 10188/23162 clientId=android.media.AudioManager@d999080 callingPack=x.intervalapp.displaytest req=1 flags=0x0 sdk=33
07-05 18:02:32.083 23162 23183 I OpenGLRenderer: Initialized EGL, version 1.4
07-05 18:02:32.083 23162 23183 D OpenGLRenderer: Swap behavior 2
07-05 18:02:32.093  1019  1019 I KeyboardDefManager: KeyboardDefManager$LoadKeyboardDefTask$1.onFailure():188 Task to load keyboard def was canceled.
07-05 18:02:32.093  1019  1019 I KeyboardDefManager: java.util.concurrent.CancellationException: Task was cancelled.
07-05 18:02:32.093  1019  1019 I KeyboardDefManager: 	at ngi.r(PG:2)
07-05 18:02:32.093  1019  1019 I KeyboardDefManager: 	at ngi.get(PG:3)
07-05 18:02:32.093  1019  1019 I KeyboardDefManager: 	at bv.D(PG:1)
07-05 18:02:32.093  1019  1019 I KeyboardDefManager: 	at mul.az(PG:2)
07-05 18:02:32.093  1019  1019 I KeyboardDefManager: 	at nhz.run(PG:3)
07-05 18:02:32.093  1019  1019 I KeyboardDefManager: 	at hgk.execute(PG:3)
07-05 18:02:32.093  1019  1019 I KeyboardDefManager: 	at ngi.h(PG:1)
07-05 18:02:32.093  1019  1019 I KeyboardDefManager: 	at ngi.k(PG:12)
07-05 18:02:32.093  1019  1019 I KeyboardDefManager: 	at ngi.cancel(PG:6)
07-05 18:02:32.093  1019  1019 I KeyboardDefManager: 	at iqj.b(PG:2)
07-05 18:02:32.093  1019  1019 I KeyboardDefManager: 	at dnh.aj(PG:2)
07-05 18:02:32.093  1019  1019 I KeyboardDefManager: 	at dnh.i(PG:4)
07-05 18:02:32.093  1019  1019 I KeyboardDefManager: 	at cal.i(PG:2)
07-05 18:02:32.093  1019  1019 I KeyboardDefManager: 	at dna.a(PG:1)
07-05 18:02:32.093  1019  1019 I KeyboardDefManager: 	at ict.d(PG:1)
07-05 18:02:32.093  1019  1019 I KeyboardDefManager: 	at ict.fw(PG:2)
07-05 18:02:32.093  1019  1019 I KeyboardDefManager: 	at isl.run(PG:24)
07-05 18:02:32.093  1019  1019 I KeyboardDefManager: 	at nhj.execute(PG:1)
07-05 18:02:32.093  1019  1019 I KeyboardDefManager: 	at kjx.t(PG:1)
07-05 18:02:32.093  1019  1019 I KeyboardDefManager: 	at iyl.j(PG:11)
07-05 18:02:32.093  1019  1019 I KeyboardDefManager: 	at iyl.g(PG:5)
07-05 18:02:32.093  1019  1019 I KeyboardDefManager: 	at ied.ah(PG:6)
07-05 18:02:32.093  1019  1019 I KeyboardDefManager: 	at idw.b(PG:10)
07-05 18:02:32.093  1019  1019 I KeyboardDefManager: 	at nhz.run(PG:6)
07-05 18:02:32.093  1019  1019 I KeyboardDefManager: 	at hgk.execute(PG:3)
07-05 18:02:32.093  1019  1019 I KeyboardDefManager: 	at ngi.h(PG:1)
07-05 18:02:32.093  1019  1019 I KeyboardDefManager: 	at ngi.c(PG:5)
07-05 18:02:32.093  1019  1019 I KeyboardDefManager: 	at mul.aB(PG:2)
07-05 18:02:32.093  1019  1019 I KeyboardDefManager: 	at ied.M(PG:23)
07-05 18:02:32.093  1019  1019 I KeyboardDefManager: 	at idu.b(PG:40)
07-05 18:02:32.093  1019  1019 I KeyboardDefManager: 	at nhz.run(PG:6)
07-05 18:02:32.093  1019  1019 I KeyboardDefManager: 	at android.os.Handler.handleCallback(Handler.java:790)
07-05 18:02:32.093  1019  1019 I KeyboardDefManager: 	at android.os.Handler.dispatchMessage(Handler.java:99)
07-05 18:02:32.093  1019  1019 I KeyboardDefManager: 	at android.os.Looper.loop(Looper.java:164)
07-05 18:02:32.093  1019  1019 I KeyboardDefManager: 	at android.app.ActivityThread.main(ActivityThread.java:6494)
07-05 18:02:32.093  1019  1019 I KeyboardDefManager: 	at java.lang.reflect.Method.invoke(Native Method)
07-05 18:02:32.093  1019  1019 I KeyboardDefManager: 	at com.android.internal.os.RuntimeInit$MethodAndArgsCaller.run(RuntimeInit.java:438)
07-05 18:02:32.093  1019  1019 I KeyboardDefManager: 	at com.android.internal.os.ZygoteInit.main(ZygoteInit.java:807)
07-05 18:02:32.108  1019  1019 I StyledKeyboardTheme: StyledKeyboardTheme.<init>():103 Pref: [], themeName: [assets:theme_package_metadata_google_blue_light.binarypb], darkMode: [false], cacheKey: [builtin_google_blue_light.binarypb]
07-05 18:02:32.109  1019  1019 I DeviceModeUtil: DeviceModeUtil.getDeviceMode():140 Get device mode phone by ui mode:1 and smallestScreenWidthDp:411
07-05 18:02:32.111  1019  1019 I DeviceModeUtil: DeviceModeUtil.getDeviceMode():140 Get device mode phone by ui mode:1 and smallestScreenWidthDp:411
07-05 18:02:32.111   578   578 D NuPlayerDriver: NuPlayerDriver(0xf3a93180) created, clientPid(23162)
07-05 18:02:32.113  1019  1019 I DeviceModeUtil: DeviceModeUtil.getDeviceMode():140 Get device mode phone by ui mode:1 and smallestScreenWidthDp:411
07-05 18:02:32.113  1019  1019 I GoogleInputMethodService: GoogleInputMethodService.initializeKeyboardTheme():1355 Apply keyboard theme: theme_border_stylesheet_navredesign_googleblue_materiallight_phone_400_builtin_google_blue_light.binarypb_land
07-05 18:02:32.114   578  1363 D SurfaceUtils: connecting to surface 0xf21ae008, reason setVideoSurfaceTexture
07-05 18:02:32.115   578 23184 D NuPlayer: onSetVideoSurface(0xf21ae800, no video decoder)
07-05 18:02:32.117  6025  6200 D Avrcp   : AudioManager Player: ID:23 -- type:android.media.SoundPool -- u/pid:10042/1049 -- state:idle -- attr:AudioAttributes: usage=USAGE_ASSISTANCE_SONIFICATION content=CONTENT_TYPE_SONIFICATION flags=0x0 tags= bundle=null
07-05 18:02:32.118  6025  6200 D Avrcp   : AudioManager Player: ID:311 -- type:android.media.MediaPlayer -- u/pid:10188/23162 -- state:idle -- attr:AudioAttributes: usage=USAGE_MEDIA content=CONTENT_TYPE_MOVIE flags=0x0 tags= bundle=null
07-05 18:02:32.118  6025  6200 D Avrcp   : AudioManager Player: ID:15 -- type:android.media.SoundPool -- u/pid:1000/767 -- state:idle -- attr:AudioAttributes: usage=USAGE_ASSISTANCE_SONIFICATION content=CONTENT_TYPE_SONIFICATION flags=0x0 tags= bundle=null
07-05 18:02:32.118  6025  6200 D Avrcp   : AudioManager Player: ID:31 -- type:android.media.SoundPool -- u/pid:1027/3038 -- state:idle -- attr:AudioAttributes: usage=USAGE_NOTIFICATION content=CONTENT_TYPE_SONIFICATION flags=0x0 tags= bundle=null
07-05 18:02:32.118  6025  6200 D Avrcp   : AudioManager isPlaying: false
07-05 18:02:32.120  6025  6200 V Avrcp   : updatePlaybackState (1): 1➡0(PlaybackState {state=0, position=-1, buffered position=0, speed=0.0, updated=51807245, actions=0, custom actions=[], active item id=-1, error=null})
07-05 18:02:32.120  6025  6200 I Avrcp   : Skipping update due to invalid playback state
07-05 18:02:32.120  6025  6200 E Avrcp   : play status change 1➡0 mPlayStatusChangedNT: 1
07-05 18:02:32.120  6025  6200 E bt_btif : register_notification_rsp: Avrcp device is not connected, handle: 0x0
07-05 18:02:32.120  6025  6200 D Avrcp   : sendPlayPosNotificationRsp: Not registered or requesting.
07-05 18:02:32.126   578 23185 D GenericSource: FileSource remote
07-05 18:02:32.135   362   362 W /system/bin/hwservicemanager: getTransport: Cannot find entry android.hardware.graphics.mapper@2.0::IMapper/default in either framework or device manifest.
07-05 18:02:32.136 23162 23183 D vndksupport: Loading /vendor/lib64/hw/android.hardware.graphics.mapper@2.0-impl.so from current namespace instead of sphal namespace.
07-05 18:02:32.137 23162 23183 D vndksupport: Loading /vendor/lib64/hw/gralloc.msm8992.so from current namespace instead of sphal namespace.
07-05 18:02:32.145   576  1144 I SampleTable: There are reordered frames present.
07-05 18:02:32.150   578 23184 D NuPlayerDriver: notifyListener_l(0xf3a93180), (5, 1280, 720, -1), loop setting(0, 0)
07-05 18:02:32.151   576   660 D MediaBufferGroup: creating MemoryDealer
07-05 18:02:32.151   578 23184 D NuPlayerDriver: notifyListener_l(0xf3a93180), (1, 0, 0, -1), loop setting(0, 0)
07-05 18:02:32.164   767   792 I ActivityManager: Displayed x.intervalapp.displaytest/.MainActivity: +787ms
07-05 18:02:32.175 23162 23162 D MediaPlayerNative: getMetadata
07-05 18:02:32.176   767   893 I WindowManager: Screen frozen for +791ms due to Window{3608b9a u0 x.intervalapp.displaytest/x.intervalapp.displaytest.MainActivity}
07-05 18:02:32.191   767  5302 V MediaRouterService: restoreBluetoothA2dp(false)
07-05 18:02:32.192  6025  6200 D Avrcp   : AudioManager Player: ID:23 -- type:android.media.SoundPool -- u/pid:10042/1049 -- state:idle -- attr:AudioAttributes: usage=USAGE_ASSISTANCE_SONIFICATION content=CONTENT_TYPE_SONIFICATION flags=0x0 tags= bundle=null
07-05 18:02:32.192  6025  6200 D Avrcp   : AudioManager Player: ID:311 -- type:android.media.MediaPlayer -- u/pid:10188/23162 -- state:started -- attr:AudioAttributes: usage=USAGE_MEDIA content=CONTENT_TYPE_MOVIE flags=0x0 tags= bundle=null
07-05 18:02:32.192  6025  6200 D Avrcp   : AudioManager isPlaying: true
07-05 18:02:32.192  6025  6200 V Avrcp   : updatePlaybackState (1): 0➡1(PlaybackState {state=3, position=-1, buffered position=0, speed=1.0, updated=51807319, actions=0, custom actions=[], active item id=-1, error=null})
07-05 18:02:32.192  6025  6200 V Avrcp   : Media update: id -1➡-1? [MediaAttributes: none] : [MediaAttributes: none]
