07-04 14:24:07.408  2305  2649 I BatteryMgr:DataCollectionService: stats => 1688473447407,520937,4102
07-04 14:24:07.419  2164  2258 I libprocessgroup: Successfully killed process cgroup uid 10146 pid 30024 in 46ms
07-04 14:24:07.512  2305  2649 I BatteryMgr:DataCollectionService: stats => 1688473447512,634687,4102
07-04 14:24:07.617  2305  2649 I BatteryMgr:DataCollectionService: stats => 1688473447617,634687,4102
07-04 14:24:07.723  2305  2649 I BatteryMgr:DataCollectionService: stats => 1688473447723,634687,4102
07-04 14:24:07.726  1356  1356 I EaselThermalMonitor: Cooling Device: mnh cur_state 0 max_state 4
07-04 14:24:07.726  1356  1356 I EaselThermalMonitor: Cooling Device: mnh cur_state 0 max_state 4
07-04 14:24:07.734  1356  1375 I EaselThermalMonitor: (Low) mnh_cpu: 40.94, mnh_ipu1: 39.09, mnh_ipu2: 38.32, mnh_lpddr: 38.97
07-04 14:24:07.734  1356  1375 I EaselThermalMonitor: Cooling Device: mnh cur_state 0 max_state 4
07-04 14:24:07.827  2305  2649 I BatteryMgr:DataCollectionService: stats => 1688473447827,634687,4102
07-04 14:24:07.931  2305  2649 I BatteryMgr:DataCollectionService: stats => 1688473447931,728437,4102
07-04 14:24:08.036  2305  2649 I BatteryMgr:DataCollectionService: stats => 1688473448036,728437,4102
07-04 14:24:08.140  2305  2649 I BatteryMgr:DataCollectionService: stats => 1688473448140,728437,4102
07-04 14:24:08.246  2305  2649 I BatteryMgr:DataCollectionService: stats => 1688473448246,880937,4102
07-04 14:24:08.350  2305  2649 I BatteryMgr:DataCollectionService: stats => 1688473448350,880937,4102
07-04 14:24:08.455  2305  2649 I BatteryMgr:DataCollectionService: stats => 1688473448455,880937,4102
07-04 14:24:08.559  2305  2649 I BatteryMgr:DataCollectionService: stats => 1688473448559,590625,4102
07-04 14:24:08.664  2305  2649 I BatteryMgr:DataCollectionService: stats => 1688473448664,590625,4102
07-04 14:24:08.684  2171  2413 W MDD     : MddFileDownloader: stopDownloading on non-existent download
07-04 14:24:08.684  2171  2413 W MDD     : MddFileDownloader: stopDownloading on non-existent download
07-04 14:24:08.684  2171  2413 W MDD     : MddFileDownloader: stopDownloading on non-existent download
07-04 14:24:08.685  2171  2413 W MDD     : MddFileDownloader: stopDownloading on non-existent download
07-04 14:24:08.685  2171  2413 W MDD     : MddFileDownloader: stopDownloading on non-existent download
07-04 14:24:08.685  2171  2413 W MDD     : MddFileDownloader: stopDownloading on non-existent download
07-04 14:24:08.685  2171  2413 W MDD     : MddFileDownloader: stopDownloading on non-existent download
07-04 14:24:08.752  2171  2233 I Bugle   : BugleStartup: Registering SIM change receiver...
07-04 14:24:08.753  2171  2233 I Bugle   : BugleStartup: Updating app config...
07-04 14:24:08.758  2171  2233 I Bugle   : BugleStartup: Done with SIM change receiver & app config.
07-04 14:24:08.758  2171  2233 I Bugle   : BugleStartup: Handling shared prefs upgrade & Load MMS Configuration...
07-04 14:24:08.768  2305  2649 I BatteryMgr:DataCollectionService: stats => 1688473448768,590625,4102
07-04 14:24:08.790  2171  2234 I Bugle   : BugleStartup: Initializing RCS availability...
07-04 14:24:08.791  2171  2234 I Bugle   : RcsAvailabilityUtilForProvisioningEngineV2: updateAvailabilityAsync, hint: NO_HINT
07-04 14:24:08.792  2171  2234 I BugleRcsProvisioning: RcsAvailabilityUpdaterLocal: updateAvailabilityAsync: scheduling updateRcsAvailability call, hint: NO_HINT, enableWelcomePopupWithoutGoogleTos: false, reshowSuccessPopup: false
07-04 14:24:08.792  2171  2234 I Bugle   : BugleStartup: Done with RCS availability.
07-04 14:24:08.792  2171  2234 I Bugle   : BugleStartup: Done initializing with enabled individual init failures.
07-04 14:24:08.792  2171  2678 I BugleRcsEngine: [2189] bszu.c: do not delay first event
07-04 14:24:08.796  2171  2233 W BugleRcsEngine: [2160] bsab.d: [SR]: Single Registration is disabled. Skipping Single Registration capability check for subId: -1, OS.isAtLeastS:[true], enableSingleRegistrationProvisioning:[false]
07-04 14:24:08.798  2171  2233 I BugleRcsProvisioning: RcsAvailabilityUpdaterLocal: RcsAvailability configuration availability and enabled status: simId: redacted-pii:sim_id[chars:0,last3:], SipConnectionType: DUAL_REG, isConfigurationAvailableAndEnabled: false
07-04 14:24:08.799  2171  2225 I BugleRcsEngine: [2153] bszu.c: SIM delay is not enabled
07-04 14:24:08.800  2171  2225 W BugleRcsEngine: [2153] bszr.a: (Sim): process intent: android.intent.action.SIM_STATE_CHANGED
07-04 14:24:08.803  2171  2678 I BugleRcsEngine: [2189] bszr.o: (Sim): Processing an intent
07-04 14:24:08.804  2171  2678 I BugleRcsEngine: [2189] bszr.Q: (Sim): SIM state ABSENT
07-04 14:24:08.804  3085  4104 I CarrierServices: [117] gwb.d: Received Provisioning Event: [Bugle information (100)]
07-04 14:24:08.804  3085  4104 I CarrierServices: [117] gwb.d: JibeService is running, passing event to provisioning engine.
07-04 14:24:08.806  2171  2678 I BugleRcsEngine: [2189] bszr.I: (Sim): Broadcasting Intent { act=com.google.android.ims.SIM_ABSENT }
07-04 14:24:08.807  2171  2233 I BugleRcsProvisioning: RcsAvailabilityUpdaterLocal: updateRcsAvailability, currentAvailability: 9, newAvailability: 9, hint: NO_HINT
07-04 14:24:08.807  2171  2171 I Bugle   : SimChangeReceiver: action: com.google.android.ims.SIM_ABSENT
07-04 14:24:08.812  2171  2225 W BugleRcsEngine: [2153] bszr.d: (Sim): Unexpected action: android.intent.action.ACTION_DEFAULT_DATA_SUBSCRIPTION_CHANGED
07-04 14:24:08.813  2171  2225 W BugleRcsEngine: [2153] bszr.d: (Sim): Unexpected action: android.intent.action.ACTION_DEFAULT_VOICE_SUBSCRIPTION_CHANGED
07-04 14:24:08.815  2171  2678 I BugleRcsEngine: [2189] bszr.o: (Sim): Processing an intent
07-04 14:24:08.815  2171  2678 I BugleRcsEngine: [2189] bszr.z: (Sim): Ignoring duplicate SIM state: ABSENT
07-04 14:24:08.820  2171  2397 W SubscriptionMetadataUti: Bugle: SubscriptionMetadataUtils get: unexpected subId = -1, replacing with -1
07-04 14:24:08.820  2171  2397 W SubscriptionMetadataUti: cqww: FULL
07-04 14:24:08.820  2171  2397 W SubscriptionMetadataUti: 	at beoh.h(PG:6)
07-04 14:24:08.820  2171  2397 W SubscriptionMetadataUti: 	at beof.j(PG:2)
07-04 14:24:08.820  2171  2397 W SubscriptionMetadataUti: 	at abke.d(PG:1)
07-04 14:24:08.820  2171  2397 W SubscriptionMetadataUti: 	at abke.<init>(PG:20)
07-04 14:24:08.820  2171  2397 W SubscriptionMetadataUti: 	at aart.a(PG:150)
07-04 14:24:08.820  2171  2397 W SubscriptionMetadataUti: 	at aart.b(PG:4)
07-04 14:24:08.820  2171  2397 W SubscriptionMetadataUti: 	at abli.a(PG:3)
07-04 14:24:08.820  2171  2397 W SubscriptionMetadataUti: 	at abkd.E(PG:1)
07-04 14:24:08.820  2171  2397 W SubscriptionMetadataUti: 	at abkd.s(PG:1)
07-04 14:24:08.820  2171  2397 W SubscriptionMetadataUti: 	at azme.run(PG:93)
07-04 14:24:08.820  2171  2397 W SubscriptionMetadataUti: 	at cops.run(PG:1)
07-04 14:24:08.820  2171  2397 W SubscriptionMetadataUti: 	at byfl.run(PG:1)
07-04 14:24:08.820  2171  2397 W SubscriptionMetadataUti: 	at java.util.concurrent.ThreadPoolExecutor.runWorker(ThreadPoolExecutor.java:1137)
07-04 14:24:08.820  2171  2397 W SubscriptionMetadataUti: 	at java.util.concurrent.ThreadPoolExecutor$Worker.run(ThreadPoolExecutor.java:637)
07-04 14:24:08.820  2171  2397 W SubscriptionMetadataUti: 	at byen.run(PG:2)
07-04 14:24:08.820  2171  2397 W SubscriptionMetadataUti: 	at java.lang.Thread.run(Thread.java:1012)
07-04 14:24:08.820  2171  2397 W SubscriptionMetadataUti: 	at byfr.run(PG:5)
07-04 14:24:08.826  2171  2397 W SubscriptionMetadataUti: Bugle: SubscriptionMetadataUtils get: unexpected subId = -1, replacing with -1
07-04 14:24:08.826  2171  2397 W SubscriptionMetadataUti: cqww: FULL
07-04 14:24:08.826  2171  2397 W SubscriptionMetadataUti: 	at beoh.h(PG:6)
07-04 14:24:08.826  2171  2397 W SubscriptionMetadataUti: 	at beof.j(PG:2)
07-04 14:24:08.826  2171  2397 W SubscriptionMetadataUti: 	at abke.a(PG:1)
07-04 14:24:08.826  2171  2397 W SubscriptionMetadataUti: 	at abke.<init>(PG:29)
07-04 14:24:08.826  2171  2397 W SubscriptionMetadataUti: 	at aart.a(PG:150)
07-04 14:24:08.826  2171  2397 W SubscriptionMetadataUti: 	at aart.b(PG:4)
07-04 14:24:08.826  2171  2397 W SubscriptionMetadataUti: 	at abli.a(PG:3)
07-04 14:24:08.826  2171  2397 W SubscriptionMetadataUti: 	at abkd.E(PG:1)
07-04 14:24:08.826  2171  2397 W SubscriptionMetadataUti: 	at abkd.s(PG:1)
07-04 14:24:08.826  2171  2397 W SubscriptionMetadataUti: 	at azme.run(PG:93)
07-04 14:24:08.826  2171  2397 W SubscriptionMetadataUti: 	at cops.run(PG:1)
07-04 14:24:08.826  2171  2397 W SubscriptionMetadataUti: 	at byfl.run(PG:1)
07-04 14:24:08.826  2171  2397 W SubscriptionMetadataUti: 	at java.util.concurrent.ThreadPoolExecutor.runWorker(ThreadPoolExecutor.java:1137)
07-04 14:24:08.826  2171  2397 W SubscriptionMetadataUti: 	at java.util.concurrent.ThreadPoolExecutor$Worker.run(ThreadPoolExecutor.java:637)
07-04 14:24:08.826  2171  2397 W SubscriptionMetadataUti: 	at byen.run(PG:2)
07-04 14:24:08.826  2171  2397 W SubscriptionMetadataUti: 	at java.lang.Thread.run(Thread.java:1012)
07-04 14:24:08.826  2171  2397 W SubscriptionMetadataUti: 	at byfr.run(PG:5)
07-04 14:24:08.833  2171  2397 W SubscriptionMetadataUti: Bugle: SubscriptionMetadataUtils get: unexpected subId = -1, replacing with -1
07-04 14:24:08.833  2171  2397 W SubscriptionMetadataUti: cqww: FULL
07-04 14:24:08.833  2171  2397 W SubscriptionMetadataUti: 	at beoh.h(PG:6)
07-04 14:24:08.833  2171  2397 W SubscriptionMetadataUti: 	at abke.c(PG:1)
07-04 14:24:08.833  2171  2397 W SubscriptionMetadataUti: 	at abli.a(PG:4)
07-04 14:24:08.833  2171  2397 W SubscriptionMetadataUti: 	at abkd.E(PG:1)
07-04 14:24:08.833  2171  2397 W SubscriptionMetadataUti: 	at abkd.s(PG:1)
07-04 14:24:08.833  2171  2397 W SubscriptionMetadataUti: 	at azme.run(PG:93)
07-04 14:24:08.833  2171  2397 W SubscriptionMetadataUti: 	at cops.run(PG:1)
07-04 14:24:08.833  2171  2397 W SubscriptionMetadataUti: 	at byfl.run(PG:1)
07-04 14:24:08.833  2171  2397 W SubscriptionMetadataUti: 	at java.util.concurrent.ThreadPoolExecutor.runWorker(ThreadPoolExecutor.java:1137)
07-04 14:24:08.833  2171  2397 W SubscriptionMetadataUti: 	at java.util.concurrent.ThreadPoolExecutor$Worker.run(ThreadPoolExecutor.java:637)
07-04 14:24:08.833  2171  2397 W SubscriptionMetadataUti: 	at byen.run(PG:2)
07-04 14:24:08.833  2171  2397 W SubscriptionMetadataUti: 	at java.lang.Thread.run(Thread.java:1012)
07-04 14:24:08.833  2171  2397 W SubscriptionMetadataUti: 	at byfr.run(PG:5)
07-04 14:24:08.833  2171  2397 I Bugle   : SubscriptionUtilsAsOfLMR1: getActiveSubscriptionInfo(): empty sub info for subscription{id:-1}
07-04 14:24:08.836  2171  2397 W SubscriptionMetadataUti: Bugle: SubscriptionMetadataUtils get: unexpected subId = -1, replacing with -1
07-04 14:24:08.836  2171  2397 W SubscriptionMetadataUti: cqww: FULL
07-04 14:24:08.836  2171  2397 W SubscriptionMetadataUti: 	at beoh.h(PG:6)
07-04 14:24:08.836  2171  2397 W SubscriptionMetadataUti: 	at beof.j(PG:2)
07-04 14:24:08.836  2171  2397 W SubscriptionMetadataUti: 	at abke.d(PG:1)
07-04 14:24:08.836  2171  2397 W SubscriptionMetadataUti: 	at abke.c(PG:16)
07-04 14:24:08.836  2171  2397 W SubscriptionMetadataUti: 	at abli.a(PG:4)
07-04 14:24:08.836  2171  2397 W SubscriptionMetadataUti: 	at abkd.E(PG:1)
07-04 14:24:08.836  2171  2397 W SubscriptionMetadataUti: 	at abkd.s(PG:1)
07-04 14:24:08.836  2171  2397 W SubscriptionMetadataUti: 	at azme.run(PG:93)
07-04 14:24:08.836  2171  2397 W SubscriptionMetadataUti: 	at cops.run(PG:1)
07-04 14:24:08.836  2171  2397 W SubscriptionMetadataUti: 	at byfl.run(PG:1)
07-04 14:24:08.836  2171  2397 W SubscriptionMetadataUti: 	at java.util.concurrent.ThreadPoolExecutor.runWorker(ThreadPoolExecutor.java:1137)
07-04 14:24:08.836  2171  2397 W SubscriptionMetadataUti: 	at java.util.concurrent.ThreadPoolExecutor$Worker.run(ThreadPoolExecutor.java:637)
07-04 14:24:08.836  2171  2397 W SubscriptionMetadataUti: 	at byen.run(PG:2)
07-04 14:24:08.836  2171  2397 W SubscriptionMetadataUti: 	at java.lang.Thread.run(Thread.java:1012)
07-04 14:24:08.836  2171  2397 W SubscriptionMetadataUti: 	at byfr.run(PG:5)
07-04 14:24:08.838  2171  2397 W SubscriptionMetadataUti: Bugle: SubscriptionMetadataUtils get: unexpected subId = -1, replacing with -1
07-04 14:24:08.838  2171  2397 W SubscriptionMetadataUti: cqww: FULL
07-04 14:24:08.838  2171  2397 W SubscriptionMetadataUti: 	at beoh.h(PG:6)
07-04 14:24:08.838  2171  2397 W SubscriptionMetadataUti: 	at beof.j(PG:2)
07-04 14:24:08.838  2171  2397 W SubscriptionMetadataUti: 	at abke.a(PG:1)
07-04 14:24:08.838  2171  2397 W SubscriptionMetadataUti: 	at abke.c(PG:22)
07-04 14:24:08.838  2171  2397 W SubscriptionMetadataUti: 	at abli.a(PG:4)
07-04 14:24:08.838  2171  2397 W SubscriptionMetadataUti: 	at abkd.E(PG:1)
07-04 14:24:08.838  2171  2397 W SubscriptionMetadataUti: 	at abkd.s(PG:1)
07-04 14:24:08.838  2171  2397 W SubscriptionMetadataUti: 	at azme.run(PG:93)
07-04 14:24:08.838  2171  2397 W SubscriptionMetadataUti: 	at cops.run(PG:1)
07-04 14:24:08.838  2171  2397 W SubscriptionMetadataUti: 	at byfl.run(PG:1)
07-04 14:24:08.838  2171  2397 W SubscriptionMetadataUti: 	at java.util.concurrent.ThreadPoolExecutor.runWorker(ThreadPoolExecutor.java:1137)
07-04 14:24:08.838  2171  2397 W SubscriptionMetadataUti: 	at java.util.concurrent.ThreadPoolExecutor$Worker.run(ThreadPoolExecutor.java:637)
07-04 14:24:08.838  2171  2397 W SubscriptionMetadataUti: 	at byen.run(PG:2)
07-04 14:24:08.838  2171  2397 W SubscriptionMetadataUti: 	at java.lang.Thread.run(Thread.java:1012)
07-04 14:24:08.838  2171  2397 W SubscriptionMetadataUti: 	at byfr.run(PG:5)
07-04 14:24:08.873  2305  2649 I BatteryMgr:DataCollectionService: stats => 1688473448872,590625,4102
07-04 14:24:08.897  2171  2234 I BugleJobs: Starts to observe table change.
07-04 14:24:08.928  2171  2228 I BugleJobs: Icing index repair service is not scheduled. [CONTEXT class_name="IcingMonitoringUtils" ]
07-04 14:24:08.930  2171  2225 D CompatibilityChangeReporter: Compat change id reported: 147600208; UID 10123; state: ENABLED
07-04 14:24:08.947  2171  2405 I Forking : Starting analysis.
07-04 14:24:08.950  2171  2405 I Misthreading: Starting analysis.
07-04 14:24:08.976  2305  2649 I BatteryMgr:DataCollectionService: stats => 1688473448976,728437,4102
07-04 14:24:09.022  2171  2234 W BugleAction: Failed to get msisdn from Bugle
07-04 14:24:09.023  2171  2234 W BugleAction: Failed to get msisdn from RcsProfileService
07-04 14:24:09.023  2171  2234 W BugleAction: clsb: Jibe SDK Service not available. Is the Jibe SDK service running? Did you call connect() and wait for the notification before calling an API function?
07-04 14:24:09.023  2171  2234 W BugleAction: 	at clrt.b(PG:2)
07-04 14:24:09.023  2171  2234 W BugleAction: 	at com.google.android.rcs.client.profile.RcsProfileService.g(PG:1)
07-04 14:24:09.023  2171  2234 W BugleAction: 	at com.google.android.rcs.client.profile.RcsProfileService.getMsisdn(PG:3)
07-04 14:24:09.023  2171  2234 W BugleAction: 	at axnp.aj(PG:17)
07-04 14:24:09.023  2171  2234 W BugleAction: 	at axnp.u(PG:1)
07-04 14:24:09.023  2171  2234 W BugleAction: 	at avez.g(PG:1)
07-04 14:24:09.023  2171  2234 W BugleAction: 	at avez.d(PG:1)
07-04 14:24:09.023  2171  2234 W BugleAction: 	at aphy.e(PG:2)
07-04 14:24:09.023  2171  2234 W BugleAction: 	at aphu.run(PG:4)
07-04 14:24:09.023  2171  2234 W BugleAction: 	at cops.run(PG:1)
07-04 14:24:09.023  2171  2234 W BugleAction: 	at java.util.concurrent.Executors$RunnableAdapter.call(Executors.java:463)
07-04 14:24:09.023  2171  2234 W BugleAction: 	at cugx.a(PG:1)
07-04 14:24:09.023  2171  2234 W BugleAction: 	at cufu.run(PG:4)
07-04 14:24:09.023  2171  2234 W BugleAction: 	at cugy.run(PG:1)
07-04 14:24:09.023  2171  2234 W BugleAction: 	at byfl.run(PG:1)
07-04 14:24:09.023  2171  2234 W BugleAction: 	at java.util.concurrent.ThreadPoolExecutor.runWorker(ThreadPoolExecutor.java:1137)
07-04 14:24:09.023  2171  2234 W BugleAction: 	at java.util.concurrent.ThreadPoolExecutor$Worker.run(ThreadPoolExecutor.java:637)
07-04 14:24:09.023  2171  2234 W BugleAction: 	at byen.run(PG:2)
07-04 14:24:09.023  2171  2234 W BugleAction: 	at java.lang.Thread.run(Thread.java:1012)
07-04 14:24:09.023  2171  2234 W BugleAction: 	at byfr.run(PG:5)
07-04 14:24:09.030  2171  2234 W SubscriptionMetadataUti: Bugle: SubscriptionMetadataUtils get: unexpected subId = -2, replacing with -1
07-04 14:24:09.030  2171  2234 W SubscriptionMetadataUti: cqww: FULL
07-04 14:24:09.030  2171  2234 W SubscriptionMetadataUti: 	at beoh.h(PG:6)
07-04 14:24:09.030  2171  2234 W SubscriptionMetadataUti: 	at beqy.a(PG:1)
07-04 14:24:09.030  2171  2234 W SubscriptionMetadataUti: 	at bhfb.<init>(PG:1)
07-04 14:24:09.030  2171  2234 W SubscriptionMetadataUti: 	at bhfc.a(PG:1)
07-04 14:24:09.030  2171  2234 W SubscriptionMetadataUti: 	at axnp.ai(PG:3)
07-04 14:24:09.030  2171  2234 W SubscriptionMetadataUti: 	at axnp.aj(PG:25)
07-04 14:24:09.030  2171  2234 W SubscriptionMetadataUti: 	at axnp.u(PG:1)
07-04 14:24:09.030  2171  2234 W SubscriptionMetadataUti: 	at avez.g(PG:1)
07-04 14:24:09.030  2171  2234 W SubscriptionMetadataUti: 	at avez.d(PG:1)
07-04 14:24:09.030  2171  2234 W SubscriptionMetadataUti: 	at aphy.e(PG:2)
07-04 14:24:09.030  2171  2234 W SubscriptionMetadataUti: 	at aphu.run(PG:4)
07-04 14:24:09.030  2171  2234 W SubscriptionMetadataUti: 	at cops.run(PG:1)
07-04 14:24:09.030  2171  2234 W SubscriptionMetadataUti: 	at java.util.concurrent.Executors$RunnableAdapter.call(Executors.java:463)
07-04 14:24:09.030  2171  2234 W SubscriptionMetadataUti: 	at cugx.a(PG:1)
07-04 14:24:09.030  2171  2234 W SubscriptionMetadataUti: 	at cufu.run(PG:4)
07-04 14:24:09.030  2171  2234 W SubscriptionMetadataUti: 	at cugy.run(PG:1)
07-04 14:24:09.030  2171  2234 W SubscriptionMetadataUti: 	at byfl.run(PG:1)
07-04 14:24:09.030  2171  2234 W SubscriptionMetadataUti: 	at java.util.concurrent.ThreadPoolExecutor.runWorker(ThreadPoolExecutor.java:1137)
07-04 14:24:09.030  2171  2234 W SubscriptionMetadataUti: 	at java.util.concurrent.ThreadPoolExecutor$Worker.run(ThreadPoolExecutor.java:637)
07-04 14:24:09.030  2171  2234 W SubscriptionMetadataUti: 	at byen.run(PG:2)
07-04 14:24:09.030  2171  2234 W SubscriptionMetadataUti: 	at java.lang.Thread.run(Thread.java:1012)
07-04 14:24:09.030  2171  2234 W SubscriptionMetadataUti: 	at byfr.run(PG:5)
07-04 14:24:09.032  2171  2234 W SubscriptionMetadataUti: Bugle: SubscriptionMetadataUtils get: unexpected subId = -2, replacing with -1
07-04 14:24:09.032  2171  2234 W SubscriptionMetadataUti: cqww: FULL
07-04 14:24:09.032  2171  2234 W SubscriptionMetadataUti: 	at beoh.h(PG:6)
07-04 14:24:09.032  2171  2234 W SubscriptionMetadataUti: 	at bhfb.<init>(PG:2)
07-04 14:24:09.032  2171  2234 W SubscriptionMetadataUti: 	at bhfc.a(PG:1)
07-04 14:24:09.032  2171  2234 W SubscriptionMetadataUti: 	at axnp.ai(PG:3)
07-04 14:24:09.032  2171  2234 W SubscriptionMetadataUti: 	at axnp.aj(PG:25)
07-04 14:24:09.032  2171  2234 W SubscriptionMetadataUti: 	at axnp.u(PG:1)
07-04 14:24:09.032  2171  2234 W SubscriptionMetadataUti: 	at avez.g(PG:1)
07-04 14:24:09.032  2171  2234 W SubscriptionMetadataUti: 	at avez.d(PG:1)
07-04 14:24:09.032  2171  2234 W SubscriptionMetadataUti: 	at aphy.e(PG:2)
07-04 14:24:09.032  2171  2234 W SubscriptionMetadataUti: 	at aphu.run(PG:4)
07-04 14:24:09.032  2171  2234 W SubscriptionMetadataUti: 	at cops.run(PG:1)
07-04 14:24:09.032  2171  2234 W SubscriptionMetadataUti: 	at java.util.concurrent.Executors$RunnableAdapter.call(Executors.java:463)
07-04 14:24:09.032  2171  2234 W SubscriptionMetadataUti: 	at cugx.a(PG:1)
07-04 14:24:09.032  2171  2234 W SubscriptionMetadataUti: 	at cufu.run(PG:4)
07-04 14:24:09.032  2171  2234 W SubscriptionMetadataUti: 	at cugy.run(PG:1)
07-04 14:24:09.032  2171  2234 W SubscriptionMetadataUti: 	at byfl.run(PG:1)
07-04 14:24:09.032  2171  2234 W SubscriptionMetadataUti: 	at java.util.concurrent.ThreadPoolExecutor.runWorker(ThreadPoolExecutor.java:1137)
07-04 14:24:09.032  2171  2234 W SubscriptionMetadataUti: 	at java.util.concurrent.ThreadPoolExecutor$Worker.run(ThreadPoolExecutor.java:637)
07-04 14:24:09.032  2171  2234 W SubscriptionMetadataUti: 	at byen.run(PG:2)
07-04 14:24:09.032  2171  2234 W SubscriptionMetadataUti: 	at java.lang.Thread.run(Thread.java:1012)
07-04 14:24:09.032  2171  2234 W SubscriptionMetadataUti: 	at byfr.run(PG:5)
07-04 14:24:09.038  2171  2234 W SubscriptionMetadataUti: Bugle: SubscriptionMetadataUtils get: unexpected subId = -2, replacing with -1
07-04 14:24:09.038  2171  2234 W SubscriptionMetadataUti: cqww: FULL
07-04 14:24:09.038  2171  2234 W SubscriptionMetadataUti: 	at beoh.h(PG:6)
07-04 14:24:09.038  2171  2234 W SubscriptionMetadataUti: 	at axnp.ai(PG:18)
07-04 14:24:09.038  2171  2234 W SubscriptionMetadataUti: 	at axnp.aj(PG:25)
07-04 14:24:09.038  2171  2234 W SubscriptionMetadataUti: 	at axnp.u(PG:1)
07-04 14:24:09.038  2171  2234 W SubscriptionMetadataUti: 	at avez.g(PG:1)
07-04 14:24:09.038  2171  2234 W SubscriptionMetadataUti: 	at avez.d(PG:1)
07-04 14:24:09.038  2171  2234 W SubscriptionMetadataUti: 	at aphy.e(PG:2)
07-04 14:24:09.038  2171  2234 W SubscriptionMetadataUti: 	at aphu.run(PG:4)
07-04 14:24:09.038  2171  2234 W SubscriptionMetadataUti: 	at cops.run(PG:1)
07-04 14:24:09.038  2171  2234 W SubscriptionMetadataUti: 	at java.util.concurrent.Executors$RunnableAdapter.call(Executors.java:463)
07-04 14:24:09.038  2171  2234 W SubscriptionMetadataUti: 	at cugx.a(PG:1)
07-04 14:24:09.038  2171  2234 W SubscriptionMetadataUti: 	at cufu.run(PG:4)
07-04 14:24:09.038  2171  2234 W SubscriptionMetadataUti: 	at cugy.run(PG:1)
07-04 14:24:09.038  2171  2234 W SubscriptionMetadataUti: 	at byfl.run(PG:1)
07-04 14:24:09.038  2171  2234 W SubscriptionMetadataUti: 	at java.util.concurrent.ThreadPoolExecutor.runWorker(ThreadPoolExecutor.java:1137)
07-04 14:24:09.038  2171  2234 W SubscriptionMetadataUti: 	at java.util.concurrent.ThreadPoolExecutor$Worker.run(ThreadPoolExecutor.java:637)
07-04 14:24:09.038  2171  2234 W SubscriptionMetadataUti: 	at byen.run(PG:2)
07-04 14:24:09.038  2171  2234 W SubscriptionMetadataUti: 	at java.lang.Thread.run(Thread.java:1012)
07-04 14:24:09.038  2171  2234 W SubscriptionMetadataUti: 	at byfr.run(PG:5)
07-04 14:24:09.039  2171  2234 I Bugle   : SubscriptionUtilsAsOfLMR1: getActiveSubscriptionInfo(): empty sub info for subscription{id:-1}
07-04 14:24:09.039  2171  2234 I Bugle   : SubscriptionUtilsAsOfLMR1: getActiveSubscriptionInfo(): empty sub info for subscription{id:-1}
07-04 14:24:09.039  2171  2234 W Bugle   : SubscriptionUtilsAsOfLMR1: getSelfRawNumber: subInfo is null for subscription{id:-1}
07-04 14:24:09.050  2171  2234 W SubscriptionMetadataUti: Bugle: SubscriptionMetadataUtils get: unexpected subId = -1, replacing with -1
07-04 14:24:09.050  2171  2234 W SubscriptionMetadataUti: cqww: FULL
07-04 14:24:09.050  2171  2234 W SubscriptionMetadataUti: 	at beoh.h(PG:6)
07-04 14:24:09.050  2171  2234 W SubscriptionMetadataUti: 	at beqy.a(PG:1)
07-04 14:24:09.050  2171  2234 W SubscriptionMetadataUti: 	at bhfb.<init>(PG:1)
07-04 14:24:09.050  2171  2234 W SubscriptionMetadataUti: 	at bhfc.a(PG:1)
07-04 14:24:09.050  2171  2234 W SubscriptionMetadataUti: 	at axnp.ai(PG:3)
07-04 14:24:09.050  2171  2234 W SubscriptionMetadataUti: 	at axnp.aj(PG:27)
07-04 14:24:09.050  2171  2234 W SubscriptionMetadataUti: 	at axnp.u(PG:1)
07-04 14:24:09.050  2171  2234 W SubscriptionMetadataUti: 	at avez.g(PG:1)
07-04 14:24:09.050  2171  2234 W SubscriptionMetadataUti: 	at avez.d(PG:1)
07-04 14:24:09.050  2171  2234 W SubscriptionMetadataUti: 	at aphy.e(PG:2)
07-04 14:24:09.050  2171  2234 W SubscriptionMetadataUti: 	at aphu.run(PG:4)
07-04 14:24:09.050  2171  2234 W SubscriptionMetadataUti: 	at cops.run(PG:1)
07-04 14:24:09.050  2171  2234 W SubscriptionMetadataUti: 	at java.util.concurrent.Executors$RunnableAdapter.call(Executors.java:463)
07-04 14:24:09.050  2171  2234 W SubscriptionMetadataUti: 	at cugx.a(PG:1)
07-04 14:24:09.050  2171  2234 W SubscriptionMetadataUti: 	at cufu.run(PG:4)
07-04 14:24:09.050  2171  2234 W SubscriptionMetadataUti: 	at cugy.run(PG:1)
07-04 14:24:09.050  2171  2234 W SubscriptionMetadataUti: 	at byfl.run(PG:1)
07-04 14:24:09.050  2171  2234 W SubscriptionMetadataUti: 	at java.util.concurrent.ThreadPoolExecutor.runWorker(ThreadPoolExecutor.java:1137)
07-04 14:24:09.050  2171  2234 W SubscriptionMetadataUti: 	at java.util.concurrent.ThreadPoolExecutor$Worker.run(ThreadPoolExecutor.java:637)
07-04 14:24:09.050  2171  2234 W SubscriptionMetadataUti: 	at byen.run(PG:2)
07-04 14:24:09.050  2171  2234 W SubscriptionMetadataUti: 	at java.lang.Thread.run(Thread.java:1012)
07-04 14:24:09.050  2171  2234 W SubscriptionMetadataUti: 	at byfr.run(PG:5)
07-04 14:24:09.057  2171  2234 W SubscriptionMetadataUti: Bugle: SubscriptionMetadataUtils get: unexpected subId = -1, replacing with -1
07-04 14:24:09.057  2171  2234 W SubscriptionMetadataUti: cqww: FULL
07-04 14:24:09.057  2171  2234 W SubscriptionMetadataUti: 	at beoh.h(PG:6)
07-04 14:24:09.057  2171  2234 W SubscriptionMetadataUti: 	at bhfb.<init>(PG:2)
07-04 14:24:09.057  2171  2234 W SubscriptionMetadataUti: 	at bhfc.a(PG:1)
07-04 14:24:09.057  2171  2234 W SubscriptionMetadataUti: 	at axnp.ai(PG:3)
07-04 14:24:09.057  2171  2234 W SubscriptionMetadataUti: 	at axnp.aj(PG:27)
07-04 14:24:09.057  2171  2234 W SubscriptionMetadataUti: 	at axnp.u(PG:1)
07-04 14:24:09.057  2171  2234 W SubscriptionMetadataUti: 	at avez.g(PG:1)
07-04 14:24:09.057  2171  2234 W SubscriptionMetadataUti: 	at avez.d(PG:1)
07-04 14:24:09.057  2171  2234 W SubscriptionMetadataUti: 	at aphy.e(PG:2)
07-04 14:24:09.057  2171  2234 W SubscriptionMetadataUti: 	at aphu.run(PG:4)
07-04 14:24:09.057  2171  2234 W SubscriptionMetadataUti: 	at cops.run(PG:1)
07-04 14:24:09.057  2171  2234 W SubscriptionMetadataUti: 	at java.util.concurrent.Executors$RunnableAdapter.call(Executors.java:463)
07-04 14:24:09.057  2171  2234 W SubscriptionMetadataUti: 	at cugx.a(PG:1)
07-04 14:24:09.057  2171  2234 W SubscriptionMetadataUti: 	at cufu.run(PG:4)
07-04 14:24:09.057  2171  2234 W SubscriptionMetadataUti: 	at cugy.run(PG:1)
07-04 14:24:09.057  2171  2234 W SubscriptionMetadataUti: 	at byfl.run(PG:1)
07-04 14:24:09.057  2171  2234 W SubscriptionMetadataUti: 	at java.util.concurrent.ThreadPoolExecutor.runWorker(ThreadPoolExecutor.java:1137)
07-04 14:24:09.057  2171  2234 W SubscriptionMetadataUti: 	at java.util.concurrent.ThreadPoolExecutor$Worker.run(ThreadPoolExecutor.java:637)
07-04 14:24:09.057  2171  2234 W SubscriptionMetadataUti: 	at byen.run(PG:2)
07-04 14:24:09.057  2171  2234 W SubscriptionMetadataUti: 	at java.lang.Thread.run(Thread.java:1012)
07-04 14:24:09.057  2171  2234 W SubscriptionMetadataUti: 	at byfr.run(PG:5)
07-04 14:24:09.060  2171  2234 W BugleAction: No default number, returning empty msisdn
07-04 14:24:09.061  2171  2234 W BugleEtouffee: E2eeStartupTask: Skip prekey checking because MSISDN is empty.
07-04 14:24:09.080  2305  2649 I BatteryMgr:DataCollectionService: stats => 1688473449080,728437,4102
07-04 14:24:09.143  2171  2217 I FirebaseApp: Device unlocked: initializing all Firebase APIs for app [DEFAULT]
07-04 14:24:09.183  2305  2649 I BatteryMgr:DataCollectionService: stats => 1688473449183,728437,4102
07-04 14:24:09.183  2171  2397 I BugleNetwork: FirebaseRegistrationStartupTask: Enabling Firebase component
07-04 14:24:09.206  2171  2221 I BugleRcsProvisioning: BugleSystemBindingManager: onBuglePhenotypeFlagChanged
07-04 14:24:09.215  2171  2221 I BugleTransport: onBuglePhenotypeFlagChanged: kicking off updateActiveTransport
07-04 14:24:09.215  2171  2219 I BugleRcsEngine: [2147] bqre.run: SystemBindingManager: SystemBinding enabled: true
07-04 14:24:09.216  2171  2219 I BugleRcsEngine: [2147] bqrf.b: System Binding updated
07-04 14:24:09.218  2171  2233 W BugleAction: Failed to get msisdn from Bugle
07-04 14:24:09.218  2171  2233 W BugleAction: Failed to get msisdn from RcsProfileService
07-04 14:24:09.219  2171  2233 W BugleAction: clsb: Jibe SDK Service not available. Is the Jibe SDK service running? Did you call connect() and wait for the notification before calling an API function?
07-04 14:24:09.219  2171  2233 W BugleAction: 	at clrt.b(PG:2)
07-04 14:24:09.219  2171  2233 W BugleAction: 	at com.google.android.rcs.client.profile.RcsProfileService.g(PG:1)
07-04 14:24:09.219  2171  2233 W BugleAction: 	at com.google.android.rcs.client.profile.RcsProfileService.getMsisdn(PG:3)
07-04 14:24:09.219  2171  2233 W BugleAction: 	at axnp.aj(PG:17)
07-04 14:24:09.219  2171  2233 W BugleAction: 	at axnp.z(PG:2)
07-04 14:24:09.219  2171  2233 W BugleAction: 	at avez.j(PG:1)
07-04 14:24:09.219  2171  2233 W BugleAction: 	at avex.call(Unknown Source:2)
07-04 14:24:09.219  2171  2233 W BugleAction: 	at cosn.a(PG:1)
07-04 14:24:09.219  2171  2233 W BugleAction: 	at copt.a(PG:3)
07-04 14:24:09.219  2171  2233 W BugleAction: 	at cugw.a(PG:1)
07-04 14:24:09.219  2171  2233 W BugleAction: 	at cufu.run(PG:4)
07-04 14:24:09.219  2171  2233 W BugleAction: 	at cugy.run(PG:1)
07-04 14:24:09.219  2171  2233 W BugleAction: 	at byfl.run(PG:1)
07-04 14:24:09.219  2171  2233 W BugleAction: 	at java.util.concurrent.ThreadPoolExecutor.runWorker(ThreadPoolExecutor.java:1137)
07-04 14:24:09.219  2171  2233 W BugleAction: 	at java.util.concurrent.ThreadPoolExecutor$Worker.run(ThreadPoolExecutor.java:637)
07-04 14:24:09.219  2171  2233 W BugleAction: 	at byen.run(PG:2)
07-04 14:24:09.219  2171  2233 W BugleAction: 	at java.lang.Thread.run(Thread.java:1012)
07-04 14:24:09.219  2171  2233 W BugleAction: 	at byfr.run(PG:5)
07-04 14:24:09.219  2171  2234 I BugleTransport: isChatAvailable: RcsAvailability is DISABLED_SIM_ABSENT (RCS is disabled due to SIM absent)
07-04 14:24:09.220  2171  2233 W SubscriptionMetadataUti: Bugle: SubscriptionMetadataUtils get: unexpected subId = -2, replacing with -1
07-04 14:24:09.220  2171  2233 W SubscriptionMetadataUti: cqww: FULL
07-04 14:24:09.220  2171  2233 W SubscriptionMetadataUti: 	at beoh.h(PG:6)
07-04 14:24:09.220  2171  2233 W SubscriptionMetadataUti: 	at beqy.a(PG:1)
07-04 14:24:09.220  2171  2233 W SubscriptionMetadataUti: 	at bhfb.<init>(PG:1)
07-04 14:24:09.220  2171  2233 W SubscriptionMetadataUti: 	at bhfc.a(PG:1)
07-04 14:24:09.220  2171  2233 W SubscriptionMetadataUti: 	at axnp.ai(PG:3)
07-04 14:24:09.220  2171  2233 W SubscriptionMetadataUti: 	at axnp.aj(PG:25)
07-04 14:24:09.220  2171  2233 W SubscriptionMetadataUti: 	at axnp.z(PG:2)
07-04 14:24:09.220  2171  2233 W SubscriptionMetadataUti: 	at avez.j(PG:1)
07-04 14:24:09.220  2171  2233 W SubscriptionMetadataUti: 	at avex.call(Unknown Source:2)
07-04 14:24:09.220  2171  2233 W SubscriptionMetadataUti: 	at cosn.a(PG:1)
07-04 14:24:09.220  2171  2233 W SubscriptionMetadataUti: 	at copt.a(PG:3)
07-04 14:24:09.220  2171  2233 W SubscriptionMetadataUti: 	at cugw.a(PG:1)
07-04 14:24:09.220  2171  2233 W SubscriptionMetadataUti: 	at cufu.run(PG:4)
07-04 14:24:09.220  2171  2233 W SubscriptionMetadataUti: 	at cugy.run(PG:1)
07-04 14:24:09.220  2171  2233 W SubscriptionMetadataUti: 	at byfl.run(PG:1)
07-04 14:24:09.220  2171  2233 W SubscriptionMetadataUti: 	at java.util.concurrent.ThreadPoolExecutor.runWorker(ThreadPoolExecutor.java:1137)
07-04 14:24:09.220  2171  2233 W SubscriptionMetadataUti: 	at java.util.concurrent.ThreadPoolExecutor$Worker.run(ThreadPoolExecutor.java:637)
07-04 14:24:09.220  2171  2233 W SubscriptionMetadataUti: 	at byen.run(PG:2)
07-04 14:24:09.220  2171  2233 W SubscriptionMetadataUti: 	at java.lang.Thread.run(Thread.java:1012)
07-04 14:24:09.220  2171  2233 W SubscriptionMetadataUti: 	at byfr.run(PG:5)
07-04 14:24:09.228  2171  2233 W SubscriptionMetadataUti: Bugle: SubscriptionMetadataUtils get: unexpected subId = -2, replacing with -1
07-04 14:24:09.228  2171  2233 W SubscriptionMetadataUti: cqww: FULL
07-04 14:24:09.228  2171  2233 W SubscriptionMetadataUti: 	at beoh.h(PG:6)
07-04 14:24:09.228  2171  2233 W SubscriptionMetadataUti: 	at bhfb.<init>(PG:2)
07-04 14:24:09.228  2171  2233 W SubscriptionMetadataUti: 	at bhfc.a(PG:1)
07-04 14:24:09.228  2171  2233 W SubscriptionMetadataUti: 	at axnp.ai(PG:3)
07-04 14:24:09.228  2171  2233 W SubscriptionMetadataUti: 	at axnp.aj(PG:25)
07-04 14:24:09.228  2171  2233 W SubscriptionMetadataUti: 	at axnp.z(PG:2)
07-04 14:24:09.228  2171  2233 W SubscriptionMetadataUti: 	at avez.j(PG:1)
07-04 14:24:09.228  2171  2233 W SubscriptionMetadataUti: 	at avex.call(Unknown Source:2)
07-04 14:24:09.228  2171  2233 W SubscriptionMetadataUti: 	at cosn.a(PG:1)
07-04 14:24:09.228  2171  2233 W SubscriptionMetadataUti: 	at copt.a(PG:3)
07-04 14:24:09.228  2171  2233 W SubscriptionMetadataUti: 	at cugw.a(PG:1)
07-04 14:24:09.228  2171  2233 W SubscriptionMetadataUti: 	at cufu.run(PG:4)
07-04 14:24:09.228  2171  2233 W SubscriptionMetadataUti: 	at cugy.run(PG:1)
07-04 14:24:09.228  2171  2233 W SubscriptionMetadataUti: 	at byfl.run(PG:1)
07-04 14:24:09.228  2171  2233 W SubscriptionMetadataUti: 	at java.util.concurrent.ThreadPoolExecutor.runWorker(ThreadPoolExecutor.java:1137)
07-04 14:24:09.228  2171  2233 W SubscriptionMetadataUti: 	at java.util.concurrent.ThreadPoolExecutor$Worker.run(ThreadPoolExecutor.java:637)
07-04 14:24:09.228  2171  2233 W SubscriptionMetadataUti: 	at byen.run(PG:2)
07-04 14:24:09.228  2171  2233 W SubscriptionMetadataUti: 	at java.lang.Thread.run(Thread.java:1012)
07-04 14:24:09.228  2171  2233 W SubscriptionMetadataUti: 	at byfr.run(PG:5)
07-04 14:24:09.251  2171  2235 I BugleWearable: Wear Companion app is not installed on phone. Skipping sync to wear devices. [CONTEXT class_name="SyncDataToWearableAppHandler" ]
07-04 14:24:09.278  2951  2951 I Wear_Controller: Wearable module requires a companion app to be installed.
07-04 14:24:09.278  2951  2951 I WearableService: onCreate: Wearable Services not starting. Wear is not available on this device.
07-04 14:24:09.287  2305  2649 I BatteryMgr:DataCollectionService: stats => 1688473449287,731562,4102
07-04 14:24:09.288  2171  2233 W SubscriptionMetadataUti: Bugle: SubscriptionMetadataUtils get: unexpected subId = -2, replacing with -1
07-04 14:24:09.288  2171  2233 W SubscriptionMetadataUti: cqww: FULL
07-04 14:24:09.288  2171  2233 W SubscriptionMetadataUti: 	at beoh.h(PG:6)
07-04 14:24:09.288  2171  2233 W SubscriptionMetadataUti: 	at axnp.ai(PG:18)
07-04 14:24:09.288  2171  2233 W SubscriptionMetadataUti: 	at axnp.aj(PG:25)
07-04 14:24:09.288  2171  2233 W SubscriptionMetadataUti: 	at axnp.z(PG:2)
07-04 14:24:09.288  2171  2233 W SubscriptionMetadataUti: 	at avez.j(PG:1)
07-04 14:24:09.288  2171  2233 W SubscriptionMetadataUti: 	at avex.call(Unknown Source:2)
07-04 14:24:09.288  2171  2233 W SubscriptionMetadataUti: 	at cosn.a(PG:1)
07-04 14:24:09.288  2171  2233 W SubscriptionMetadataUti: 	at copt.a(PG:3)
07-04 14:24:09.288  2171  2233 W SubscriptionMetadataUti: 	at cugw.a(PG:1)
07-04 14:24:09.288  2171  2233 W SubscriptionMetadataUti: 	at cufu.run(PG:4)
07-04 14:24:09.288  2171  2233 W SubscriptionMetadataUti: 	at cugy.run(PG:1)
07-04 14:24:09.288  2171  2233 W SubscriptionMetadataUti: 	at byfl.run(PG:1)
07-04 14:24:09.288  2171  2233 W SubscriptionMetadataUti: 	at java.util.concurrent.ThreadPoolExecutor.runWorker(ThreadPoolExecutor.java:1137)
07-04 14:24:09.288  2171  2233 W SubscriptionMetadataUti: 	at java.util.concurrent.ThreadPoolExecutor$Worker.run(ThreadPoolExecutor.java:637)
07-04 14:24:09.288  2171  2233 W SubscriptionMetadataUti: 	at byen.run(PG:2)
07-04 14:24:09.288  2171  2233 W SubscriptionMetadataUti: 	at java.lang.Thread.run(Thread.java:1012)
07-04 14:24:09.288  2171  2233 W SubscriptionMetadataUti: 	at byfr.run(PG:5)
07-04 14:24:09.289  2171  2233 I Bugle   : SubscriptionUtilsAsOfLMR1: getActiveSubscriptionInfo(): empty sub info for subscription{id:-1}
07-04 14:24:09.289  2171  2233 I Bugle   : SubscriptionUtilsAsOfLMR1: getActiveSubscriptionInfo(): empty sub info for subscription{id:-1}
07-04 14:24:09.289  2171  2233 W Bugle   : SubscriptionUtilsAsOfLMR1: getSelfRawNumber: subInfo is null for subscription{id:-1}
07-04 14:24:09.291  2171  2233 W SubscriptionMetadataUti: Bugle: SubscriptionMetadataUtils get: unexpected subId = -1, replacing with -1
07-04 14:24:09.291  2171  2233 W SubscriptionMetadataUti: cqww: FULL
07-04 14:24:09.291  2171  2233 W SubscriptionMetadataUti: 	at beoh.h(PG:6)
07-04 14:24:09.291  2171  2233 W SubscriptionMetadataUti: 	at beqy.a(PG:1)
07-04 14:24:09.291  2171  2233 W SubscriptionMetadataUti: 	at bhfb.<init>(PG:1)
07-04 14:24:09.291  2171  2233 W SubscriptionMetadataUti: 	at bhfc.a(PG:1)
07-04 14:24:09.291  2171  2233 W SubscriptionMetadataUti: 	at axnp.ai(PG:3)
07-04 14:24:09.291  2171  2233 W SubscriptionMetadataUti: 	at axnp.aj(PG:27)
07-04 14:24:09.291  2171  2233 W SubscriptionMetadataUti: 	at axnp.z(PG:2)
07-04 14:24:09.291  2171  2233 W SubscriptionMetadataUti: 	at avez.j(PG:1)
07-04 14:24:09.291  2171  2233 W SubscriptionMetadataUti: 	at avex.call(Unknown Source:2)
07-04 14:24:09.291  2171  2233 W SubscriptionMetadataUti: 	at cosn.a(PG:1)
07-04 14:24:09.291  2171  2233 W SubscriptionMetadataUti: 	at copt.a(PG:3)
07-04 14:24:09.291  2171  2233 W SubscriptionMetadataUti: 	at cugw.a(PG:1)
07-04 14:24:09.291  2171  2233 W SubscriptionMetadataUti: 	at cufu.run(PG:4)
07-04 14:24:09.291  2171  2233 W SubscriptionMetadataUti: 	at cugy.run(PG:1)
07-04 14:24:09.291  2171  2233 W SubscriptionMetadataUti: 	at byfl.run(PG:1)
07-04 14:24:09.291  2171  2233 W SubscriptionMetadataUti: 	at java.util.concurrent.ThreadPoolExecutor.runWorker(ThreadPoolExecutor.java:1137)
07-04 14:24:09.291  2171  2233 W SubscriptionMetadataUti: 	at java.util.concurrent.ThreadPoolExecutor$Worker.run(ThreadPoolExecutor.java:637)
07-04 14:24:09.291  2171  2233 W SubscriptionMetadataUti: 	at byen.run(PG:2)
07-04 14:24:09.291  2171  2233 W SubscriptionMetadataUti: 	at java.lang.Thread.run(Thread.java:1012)
07-04 14:24:09.291  2171  2233 W SubscriptionMetadataUti: 	at byfr.run(PG:5)
07-04 14:24:09.293  2951  4586 W WearableService: onGetService: Wear is not available on this device.
07-04 14:24:09.295  3085  4104 I CarrierServices: [117] gwb.d: Received Provisioning Event: [Bugle information (100)]
07-04 14:24:09.295  3085  4104 I CarrierServices: [117] gwb.d: JibeService is running, passing event to provisioning engine.
07-04 14:24:09.300  2171  2233 W SubscriptionMetadataUti: Bugle: SubscriptionMetadataUtils get: unexpected subId = -1, replacing with -1
07-04 14:24:09.300  2171  2233 W SubscriptionMetadataUti: cqww: FULL
07-04 14:24:09.300  2171  2233 W SubscriptionMetadataUti: 	at beoh.h(PG:6)
07-04 14:24:09.300  2171  2233 W SubscriptionMetadataUti: 	at bhfb.<init>(PG:2)
07-04 14:24:09.300  2171  2233 W SubscriptionMetadataUti: 	at bhfc.a(PG:1)
07-04 14:24:09.300  2171  2233 W SubscriptionMetadataUti: 	at axnp.ai(PG:3)
07-04 14:24:09.300  2171  2233 W SubscriptionMetadataUti: 	at axnp.aj(PG:27)
07-04 14:24:09.300  2171  2233 W SubscriptionMetadataUti: 	at axnp.z(PG:2)
07-04 14:24:09.300  2171  2233 W SubscriptionMetadataUti: 	at avez.j(PG:1)
07-04 14:24:09.300  2171  2233 W SubscriptionMetadataUti: 	at avex.call(Unknown Source:2)
07-04 14:24:09.300  2171  2233 W SubscriptionMetadataUti: 	at cosn.a(PG:1)
07-04 14:24:09.300  2171  2233 W SubscriptionMetadataUti: 	at copt.a(PG:3)
07-04 14:24:09.300  2171  2233 W SubscriptionMetadataUti: 	at cugw.a(PG:1)
07-04 14:24:09.300  2171  2233 W SubscriptionMetadataUti: 	at cufu.run(PG:4)
07-04 14:24:09.300  2171  2233 W SubscriptionMetadataUti: 	at cugy.run(PG:1)
07-04 14:24:09.300  2171  2233 W SubscriptionMetadataUti: 	at byfl.run(PG:1)
07-04 14:24:09.300  2171  2233 W SubscriptionMetadataUti: 	at java.util.concurrent.ThreadPoolExecutor.runWorker(ThreadPoolExecutor.java:1137)
07-04 14:24:09.300  2171  2233 W SubscriptionMetadataUti: 	at java.util.concurrent.ThreadPoolExecutor$Worker.run(ThreadPoolExecutor.java:637)
07-04 14:24:09.300  2171  2233 W SubscriptionMetadataUti: 	at byen.run(PG:2)
07-04 14:24:09.300  2171  2233 W SubscriptionMetadataUti: 	at java.lang.Thread.run(Thread.java:1012)
07-04 14:24:09.300  2171  2233 W SubscriptionMetadataUti: 	at byfr.run(PG:5)
07-04 14:24:09.303  2171  2233 W BugleAction: No default number, returning empty msisdn
07-04 14:24:09.306  2171  2221 I BugleTransport: updateActiveTransport: refreshing chat transport
07-04 14:24:09.308  2171  2221 I BugleTransport: RCS Configuration is empty. Enabled transport is Dual Reg [CONTEXT ratelimit_period="5 SECONDS" ]
07-04 14:24:09.309  2171  2221 I BugleTransport: refreshChatTransport: isChatAvailable: false, enabledTransport: 1, configuration: <empty>
07-04 14:24:09.313  2171  2221 I RcsClientLib: Connecting RcsEngineLifecycleService
07-04 14:24:09.316  2171  2221 I RcsClientLib: shouldUseCarrierServicesJibeService: true, CarrierServices rcs service found: true
07-04 14:24:09.320  2171  2234 I RcsClientLib: com.google.android.rcs.client.lifecycle.RcsEngineLifecycleService connected
07-04 14:24:09.320  2171  2233 D ProfileInstaller: Skipping profile installation for com.google.android.apps.messaging
07-04 14:24:09.323  3085  3105 I CarrierServices: [110] RcsEngineImpl.triggerStopRcsStack: RcsEngineImpl[DUAL_REG]:[821f5eb8-488a]: triggerStopRcsStack for msisdn:redacted-pii:phone_number[chars:0,last2:]
07-04 14:24:09.324  3085  5024 I CarrierServices: [131] glr.handleMessage: RcsEngineImpl[DUAL_REG]:[821f5eb8-488a]>Handler: handleMessage processing message:[STOP_RCS_STACK] with [non-null]:RcsEngineImpl reference
07-04 14:24:09.324  3085  5024 I CarrierServices: [131] glr.handleMessage: RcsEngineImpl[DUAL_REG]:[821f5eb8-488a]>Handler: RCS engine STOP RCS stack
07-04 14:24:09.324  3085  5024 W CarrierServices: [131] RcsEngineImpl.e: RcsEngineImpl[DUAL_REG]:[821f5eb8-488a]: imsModule is null, shutdown not required
07-04 14:24:09.325  3085  5024 I CarrierServices: [131] RcsEngineImpl.stopRcsStackInternal: RcsEngineImpl[DUAL_REG]:[821f5eb8-488a]: skipping imsModule.stop
07-04 14:24:09.325  3085  5024 I CarrierServices: [131] glr.handleMessage: RcsEngineImpl[DUAL_REG]:[821f5eb8-488a]>Handler: handleMessage processing message:[NOTIFY_UPTIME_IGNORE_STATE_CHANGED] with [non-null]:RcsEngineImpl reference
07-04 14:24:09.326  2171  2235 I RcsClientLib: Disconnecting RcsEngineLifecycleService
07-04 14:24:09.329  2700  2739 E PhoneInterfaceManager: [PhoneIntfMgr] getCarrierPrivilegeStatus: Invalid subId
07-04 14:24:09.330  3085  5024 I CarrierServices: [131] gix.h: RCS Configuration storage in Bugle is disabled by p/h flag, using ProvisioningEngineStateCacheUtil.getProvisioningConfigurationForGivenSimIfExist()
07-04 14:24:09.336  2171  2221 I BugleRcsProvisioning: RcsProvisioningTrigger: Schedule provisioning on app startup
07-04 14:24:09.336  2171  2221 I BugleRcsProvisioning: scheduleProvisioning using legacy code path
07-04 14:24:09.337  2171  2221 W BugleRcsEngine: [2149] bsab.d: [SR]: Single Registration is disabled. Skipping Single Registration capability check for subId: -1, OS.isAtLeastS:[true], enableSingleRegistrationProvisioning:[false]
07-04 14:24:09.338  2171  2221 I BugleRcsProvisioning: RcsProvisioningTrigger: DR is active, initializing DR provisioning. DUAL_REG
07-04 14:24:09.340  2171  2234 W BugleRcsEngine: [2161] bsab.d: [SR]: Single Registration is disabled. Skipping Single Registration capability check for subId: -1, OS.isAtLeastS:[true], enableSingleRegistrationProvisioning:[false]
07-04 14:24:09.341  2171  2233 I BugleNetwork: Startup: registering tachyon.
07-04 14:24:09.343  2171  2234 I BugleRcsEngine: [2161] aamc.run: Skipping provisioning scheduling since RCS is disabled
07-04 14:24:09.355  2171  2233 I BugleNetwork: Startup: skip phone registration because of no sim.
07-04 14:24:09.356  2171  2233 I Bugle   : VerifiedSmsEnabledCheckerImpl: VSMS is disabled via Phenotype flag.
07-04 14:24:09.361  2171  2218 I Bugle   : VerifiedSmsStartupTask: Checking if Verified SMS tasks should be enqueued. feature supported: false, feature enabled: false, eligible / has registered key: false, C11N: false
07-04 14:24:09.361  2171  2218 I Bugle   : VerifiedSmsStartupTask: Not enqueuing VSMS periodic task, VSMS is disabled or not supported.
07-04 14:24:09.362  2171  2405 I Bugle   : VerifiedSmsStartupTask: Not calling C11N to get phone numbers.
07-04 14:24:09.391  2305  2649 I BatteryMgr:DataCollectionService: stats => 1688473449391,731562,4102
07-04 14:24:09.421  2171  2233 I WM-WorkerWrapper: Worker result SUCCESS for Work [ id=9d6ce0ec-cea2-4004-a313-e35aae636497, tags={ MDD.MAINTENANCE.PERIODIC.GCM.TASK, com.google.android.libraries.mdi.download.workmanager.workers.PeriodicWorker } ]
07-04 14:24:09.422  2171  2413 I BugleMDD: MddBackgroundStartupTask: Scheduled MDD periodic tasks.
07-04 14:24:09.500  2305  2649 I BatteryMgr:DataCollectionService: stats => 1688473449500,731562,4102
07-04 14:24:09.606  2305  2649 I BatteryMgr:DataCollectionService: stats => 1688473449606,518125,4102
07-04 14:24:09.622 30663 30663 D BoundBrokerSvc: onUnbind: Intent { act=com.google.android.gms.inappreach.service.START dat=chimera-action: cmp=com.google.android.gms/.chimera.GmsApiService }
07-04 14:24:09.713  2305  2649 I BatteryMgr:DataCollectionService: stats => 1688473449712,518125,4102
07-04 14:24:09.726  1356  1356 I EaselThermalMonitor: Cooling Device: mnh cur_state 0 max_state 4
07-04 14:24:09.727  1356  1356 I EaselThermalMonitor: Cooling Device: mnh cur_state 0 max_state 4
07-04 14:24:09.818  2305  2649 I BatteryMgr:DataCollectionService: stats => 1688473449818,518125,4102
07-04 14:24:09.923  2305  2649 I BatteryMgr:DataCollectionService: stats => 1688473449923,518125,4102
07-04 14:24:10.018  2164  2338 D ConnectivityService: NetReassign [no changes] [c 1] [a 0] [i 3]
07-04 14:24:10.030  2305  2649 I BatteryMgr:DataCollectionService: stats => 1688473450030,496250,4102
07-04 14:24:10.136  2305  2649 I BatteryMgr:DataCollectionService: stats => 1688473450136,496250,4102
07-04 14:24:10.242  2305  2649 I BatteryMgr:DataCollectionService: stats => 1688473450242,496250,4102
07-04 14:24:10.349  2305  2649 I BatteryMgr:DataCollectionService: stats => 1688473450349,419687,4102
07-04 14:24:10.454  2305  2649 I BatteryMgr:DataCollectionService: stats => 1688473450454,419687,4102
07-04 14:24:10.561  2305  2649 I BatteryMgr:DataCollectionService: stats => 1688473450560,419687,4102
07-04 14:24:10.666  2305  2649 I BatteryMgr:DataCollectionService: stats => 1688473450666,545625,4102
07-04 14:24:10.772  2305  2649 I BatteryMgr:DataCollectionService: stats => 1688473450772,545625,4102
07-04 14:24:10.879  2305  2649 I BatteryMgr:DataCollectionService: stats => 1688473450879,545625,4102
07-04 14:24:10.986  2305  2649 I BatteryMgr:DataCollectionService: stats => 1688473450986,545625,4102
07-04 14:24:11.091  2305  2649 I BatteryMgr:DataCollectionService: stats => 1688473451091,433437,4102
07-04 14:24:11.197  2305  2649 I BatteryMgr:DataCollectionService: stats => 1688473451196,433437,4102
07-04 14:24:11.302  2305  2649 I BatteryMgr:DataCollectionService: stats => 1688473451302,433437,4102
07-04 14:24:11.407  2305  2649 I BatteryMgr:DataCollectionService: stats => 1688473451407,450312,4102
07-04 14:24:11.512  2305  2649 I BatteryMgr:DataCollectionService: stats => 1688473451512,450312,4102
07-04 14:24:11.617  2305  2649 I BatteryMgr:DataCollectionService: stats => 1688473451617,450312,4102
07-04 14:24:11.723  2305  2649 I BatteryMgr:DataCollectionService: stats => 1688473451723,544375,4102
07-04 14:24:11.728  1356  1356 I EaselThermalMonitor: Cooling Device: mnh cur_state 0 max_state 4
07-04 14:24:11.728  1356  1356 I EaselThermalMonitor: Cooling Device: mnh cur_state 0 max_state 4
07-04 14:24:11.829  2305  2649 I BatteryMgr:DataCollectionService: stats => 1688473451829,544375,4102
07-04 14:24:11.935  2305  2649 I BatteryMgr:DataCollectionService: stats => 1688473451935,544375,4102
07-04 14:24:12.041  2305  2649 I BatteryMgr:DataCollectionService: stats => 1688473452041,457812,4102
07-04 14:24:12.146  2305  2649 I BatteryMgr:DataCollectionService: stats => 1688473452146,457812,4102
07-04 14:24:12.253  2305  2649 I BatteryMgr:DataCollectionService: stats => 1688473452252,457812,4102
07-04 14:24:12.358  2305  2649 I BatteryMgr:DataCollectionService: stats => 1688473452358,457812,4102
07-04 14:24:12.464  2305  2649 I BatteryMgr:DataCollectionService: stats => 1688473452464,454375,4102
07-04 14:24:12.570  2305  2649 I BatteryMgr:DataCollectionService: stats => 1688473452569,454375,4102
07-04 14:24:12.636  1104  1918 W libgcam : [ae.cc:778]: RunAe: No similar examples during short AE!
07-04 14:24:12.636  1104  2704 W libgcam : [ae.cc:778]: RunAe: No similar examples during long AE!
07-04 14:24:12.636  1104  1918 I libgcam : [fast_ae_lib.cc:370]: Resetting motion metering for sensor 1: time since last stats image = 772.976 sec
07-04 14:24:12.676  2305  2649 I BatteryMgr:DataCollectionService: stats => 1688473452676,454375,4102
07-04 14:24:12.740  1356  1375 I EaselThermalMonitor: (Low) mnh_cpu: 40.94, mnh_ipu1: 39.72, mnh_ipu2: 39.16, mnh_lpddr: 39.79
07-04 14:24:12.740  1356  1375 I EaselThermalMonitor: Cooling Device: mnh cur_state 0 max_state 4
07-04 14:24:12.764  1104  1918 E android.hardware.camera.provider@2.4-service_64: Failed to obtain metadata value of lens_vcm_position for frame 2 because data pointer is null.
07-04 14:24:12.764  1104  1918 E goog_warping: Cannot get per-frame metadata.
07-04 14:24:12.765  1104  1917 I CHIUSECASE: operator(): stream buffer cache notifies the manager for refilling
07-04 14:24:12.771  1104  1917 I CHIUSECASE: GetBuffer: StreamBufferCache for stream 0x751ddedac8 refilled before time out.
07-04 14:24:12.781  2305  2649 I BatteryMgr:DataCollectionService: stats => 1688473452781,531875,4102
07-04 14:24:12.793  1104  1922 I CHIUSECASE: UpdateResultAndInflightRequests: all inflight requests have been processed. Notify stream buffer cache manager to flush.
