07-04 12:41:06.213 19537 19633 I BatteryMgr:DataCollectionService: stats => 1688467266213,-161621,4242
07-04 12:41:06.322 19537 19633 I BatteryMgr:DataCollectionService: stats => 1688467266321,-161621,4242
07-04 12:41:06.432 19537 19633 I BatteryMgr:DataCollectionService: stats => 1688467266432,-161621,4242
07-04 12:41:06.540 19537 19633 I BatteryMgr:DataCollectionService: stats => 1688467266540,-161621,4242
07-04 12:41:06.650 19537 19633 I BatteryMgr:DataCollectionService: stats => 1688467266650,-161621,4242
07-04 12:41:06.760 19537 19633 I BatteryMgr:DataCollectionService: stats => 1688467266760,-161621,4242
07-04 12:41:06.868 19537 19633 I BatteryMgr:DataCollectionService: stats => 1688467266868,-161621,4242
07-04 12:41:06.977 19537 19633 I BatteryMgr:DataCollectionService: stats => 1688467266977,-145507,4242
07-04 12:41:07.095 19537 19633 I BatteryMgr:DataCollectionService: stats => 1688467267094,-145507,4242
07-04 12:41:07.209 19537 19633 I BatteryMgr:DataCollectionService: stats => 1688467267209,-145507,4242
07-04 12:41:07.319 19537 19633 I BatteryMgr:DataCollectionService: stats => 1688467267319,-145507,4242
07-04 12:41:07.427 19537 19633 I BatteryMgr:DataCollectionService: stats => 1688467267427,-145507,4242
07-04 12:41:07.542 19537 19633 I BatteryMgr:DataCollectionService: stats => 1688467267542,-145507,4242
07-04 12:41:07.650 19537 19633 I BatteryMgr:DataCollectionService: stats => 1688467267650,-145507,4242
07-04 12:41:07.760 19537 19633 I BatteryMgr:DataCollectionService: stats => 1688467267760,-145507,4242
07-04 12:41:07.870 19537 19633 I BatteryMgr:DataCollectionService: stats => 1688467267870,-145507,4242
07-04 12:41:07.980 19537 19633 I BatteryMgr:DataCollectionService: stats => 1688467267980,-145507,4242
07-04 12:41:08.087 19537 19633 I BatteryMgr:DataCollectionService: stats => 1688467268087,-145507,4242
07-04 12:41:08.195 19537 19633 I BatteryMgr:DataCollectionService: stats => 1688467268195,-145507,4242
07-04 12:41:08.309 19537 19633 I BatteryMgr:DataCollectionService: stats => 1688467268308,-145507,4242
07-04 12:41:08.419 19537 19633 I BatteryMgr:DataCollectionService: stats => 1688467268419,-146484,4242
07-04 12:41:08.529 19537 19633 I BatteryMgr:DataCollectionService: stats => 1688467268529,-146484,4242
07-04 12:41:08.638 19537 19633 I BatteryMgr:DataCollectionService: stats => 1688467268638,-146484,4242
07-04 12:41:08.748 19537 19633 I BatteryMgr:DataCollectionService: stats => 1688467268747,-146484,4242
07-04 12:41:08.857 19537 19633 I BatteryMgr:DataCollectionService: stats => 1688467268857,-146484,4242
07-04 12:41:08.967 19537 19633 I BatteryMgr:DataCollectionService: stats => 1688467268967,-146484,4242
07-04 12:41:09.077 19537 19633 I BatteryMgr:DataCollectionService: stats => 1688467269077,-146484,4242
07-04 12:41:09.185 19537 19633 I BatteryMgr:DataCollectionService: stats => 1688467269185,-146484,4242
07-04 12:41:09.296 19537 19633 I BatteryMgr:DataCollectionService: stats => 1688467269296,-146484,4242
07-04 12:41:09.406 19537 19633 I BatteryMgr:DataCollectionService: stats => 1688467269406,-146484,4242
07-04 12:41:09.515 19537 19633 I BatteryMgr:DataCollectionService: stats => 1688467269514,-146484,4242
07-04 12:41:09.624 19537 19633 I BatteryMgr:DataCollectionService: stats => 1688467269624,-146484,4242
07-04 12:41:09.732 19537 19633 I BatteryMgr:DataCollectionService: stats => 1688467269732,-146484,4242
07-04 12:41:09.848 19537 19633 I BatteryMgr:DataCollectionService: stats => 1688467269848,-119628,4242
07-04 12:41:09.956 19537 19633 I BatteryMgr:DataCollectionService: stats => 1688467269956,-119628,4242
07-04 12:41:10.063 19537 19633 I BatteryMgr:DataCollectionService: stats => 1688467270063,-119628,4242
07-04 12:41:10.174 19537 19633 I BatteryMgr:DataCollectionService: stats => 1688467270174,-119628,4242
07-04 12:41:10.282 19537 19633 I BatteryMgr:DataCollectionService: stats => 1688467270282,-119628,4242
07-04 12:41:10.392 19537 19633 I BatteryMgr:DataCollectionService: stats => 1688467270391,-119628,4242
07-04 12:41:10.500 19537 19633 I BatteryMgr:DataCollectionService: stats => 1688467270499,-119628,4242
07-04 12:41:10.608 19537 19633 I BatteryMgr:DataCollectionService: stats => 1688467270607,-119628,4242
07-04 12:41:10.715 19537 19633 I BatteryMgr:DataCollectionService: stats => 1688467270715,-119628,4242
07-04 12:41:10.828 19537 19633 I BatteryMgr:DataCollectionService: stats => 1688467270827,-119628,4242
07-04 12:41:10.946 19537 19633 I BatteryMgr:DataCollectionService: stats => 1688467270945,-119628,4242
07-04 12:41:11.054 19537 19633 I BatteryMgr:DataCollectionService: stats => 1688467271054,-119628,4242
07-04 12:41:11.164 19537 19633 I BatteryMgr:DataCollectionService: stats => 1688467271163,-119628,4242
07-04 12:41:11.274 19537 19633 I BatteryMgr:DataCollectionService: stats => 1688467271274,-119628,4242
07-04 12:41:11.384 19537 19633 I BatteryMgr:DataCollectionService: stats => 1688467271384,-167480,4242
07-04 12:41:11.495 19537 19633 I BatteryMgr:DataCollectionService: stats => 1688467271494,-167480,4242
07-04 12:41:11.558  1233  1233 W /system/vendor/bin/ipacm: type=1400 audit(0.0:25941): avc: denied { write } for comm=6E65746C696E6B20736F636B6574 name="ipacm_log_file" dev="tmpfs" ino=27039 scontext=u:r:ipacm:s0 tcontext=u:object_r:ipacm_socket:s0 tclass=sock_file permissive=0
07-04 12:41:11.558  1233  1233 I chatty  : uid=1001(radio) /system/vendor/bin/ipacm identical 1 line
07-04 12:41:11.558  1233  1233 W /system/vendor/bin/ipacm: type=1400 audit(0.0:25943): avc: denied { write } for comm=6E65746C696E6B20736F636B6574 name="ipacm_log_file" dev="tmpfs" ino=27039 scontext=u:r:ipacm:s0 tcontext=u:object_r:ipacm_socket:s0 tclass=sock_file permissive=0
07-04 12:41:11.558  1233  1233 W ipacm   : type=1400 audit(0.0:25944): avc: denied { write } for name="ipacm_log_file" dev="tmpfs" ino=27039 scontext=u:r:ipacm:s0 tcontext=u:object_r:ipacm_socket:s0 tclass=sock_file permissive=0
07-04 12:41:11.558  1233  1233 W ipacm   : type=1400 audit(0.0:25945): avc: denied { write } for name="ipacm_log_file" dev="tmpfs" ino=27039 scontext=u:r:ipacm:s0 tcontext=u:object_r:ipacm_socket:s0 tclass=sock_file permissive=0
07-04 12:41:11.605 19537 19633 I BatteryMgr:DataCollectionService: stats => 1688467271605,-167480,4242
07-04 12:41:11.714 19537 19633 I BatteryMgr:DataCollectionService: stats => 1688467271714,-167480,4242
07-04 12:41:11.824 19537 19633 I BatteryMgr:DataCollectionService: stats => 1688467271824,-167480,4242
07-04 12:41:11.934 19537 19633 I BatteryMgr:DataCollectionService: stats => 1688467271934,-167480,4242
07-04 12:41:12.046 19537 19633 I BatteryMgr:DataCollectionService: stats => 1688467272046,-167480,4242
07-04 12:41:12.156 19537 19633 I BatteryMgr:DataCollectionService: stats => 1688467272156,-167480,4242
07-04 12:41:12.268 19537 19633 I BatteryMgr:DataCollectionService: stats => 1688467272268,-167480,4242
07-04 12:41:12.378 19537 19633 I BatteryMgr:DataCollectionService: stats => 1688467272378,-167480,4242
07-04 12:41:12.489 19537 19633 I BatteryMgr:DataCollectionService: stats => 1688467272488,-167480,4242
07-04 12:41:12.599 19537 19633 I BatteryMgr:DataCollectionService: stats => 1688467272599,-167480,4242
07-04 12:41:12.710 19537 19633 I BatteryMgr:DataCollectionService: stats => 1688467272710,-167480,4242
07-04 12:41:12.821 19537 19633 I BatteryMgr:DataCollectionService: stats => 1688467272821,-137206,4242
07-04 12:41:12.932 19537 19633 I BatteryMgr:DataCollectionService: stats => 1688467272932,-137206,4242
07-04 12:41:13.048 19537 19633 I BatteryMgr:DataCollectionService: stats => 1688467273048,-137206,4242
07-04 12:41:13.160 19537 19633 I BatteryMgr:DataCollectionService: stats => 1688467273160,-137206,4242
07-04 12:41:13.269 19537 19633 I BatteryMgr:DataCollectionService: stats => 1688467273269,-137206,4242
07-04 12:41:13.377 19537 19633 I BatteryMgr:DataCollectionService: stats => 1688467273377,-137206,4242
07-04 12:41:13.493 19537 19633 I BatteryMgr:DataCollectionService: stats => 1688467273493,-137206,4242
07-04 12:41:13.609 19537 19633 I BatteryMgr:DataCollectionService: stats => 1688467273609,-137206,4242
07-04 12:41:13.720 19537 19633 I BatteryMgr:DataCollectionService: stats => 1688467273720,-137206,4242
07-04 12:41:13.834 19537 19633 I BatteryMgr:DataCollectionService: stats => 1688467273834,-137206,4242
07-04 12:41:13.944 19537 19633 I BatteryMgr:DataCollectionService: stats => 1688467273944,-137206,4242
07-04 12:41:14.073 19537 19633 I BatteryMgr:DataCollectionService: stats => 1688467274072,-137206,4242
07-04 12:41:14.186 19537 19633 I BatteryMgr:DataCollectionService: stats => 1688467274185,-137206,4242
07-04 12:41:14.298 19537 19633 I BatteryMgr:DataCollectionService: stats => 1688467274297,-122558,4242
07-04 12:41:14.407 19537 19633 I BatteryMgr:DataCollectionService: stats => 1688467274407,-122558,4242
07-04 12:41:14.514 19537 19633 I BatteryMgr:DataCollectionService: stats => 1688467274513,-122558,4242
07-04 12:41:14.626 19537 19633 I BatteryMgr:DataCollectionService: stats => 1688467274625,-122558,4242
07-04 12:41:14.740 19537 19633 I BatteryMgr:DataCollectionService: stats => 1688467274740,-122558,4242
07-04 12:41:14.857 19537 19633 I BatteryMgr:DataCollectionService: stats => 1688467274857,-122558,4242
07-04 12:41:14.967 19537 19633 I BatteryMgr:DataCollectionService: stats => 1688467274967,-122558,4242
07-04 12:41:15.075 19537 19633 I BatteryMgr:DataCollectionService: stats => 1688467275075,-122558,4242
07-04 12:41:15.189 19537 19633 I BatteryMgr:DataCollectionService: stats => 1688467275189,-122558,4242
07-04 12:41:15.303 19537 19633 I BatteryMgr:DataCollectionService: stats => 1688467275303,-122558,4242
07-04 12:41:15.418 19537 19633 I BatteryMgr:DataCollectionService: stats => 1688467275418,-122558,4242
07-04 12:41:15.525 19537 19633 I BatteryMgr:DataCollectionService: stats => 1688467275525,-122558,4242
07-04 12:41:15.632 19537 19633 I BatteryMgr:DataCollectionService: stats => 1688467275632,-122558,4242
07-04 12:41:15.719  1726  3337 D BatteryService:  light=false
07-04 12:41:15.720  1726  3337 D BatteryService:  isLight=false oldAmbient=0
07-04 12:41:15.724  3414  3414 D QtiCarrierConfigHelper: WARNING, no carrier configs on phone Id: 0
07-04 12:41:15.725  1726  1726 D NotificationService: isCharge=false
07-04 12:41:15.725  2942  2942 D KeyguardUpdateMonitor: received broadcast android.intent.action.BATTERY_CHANGED
07-04 12:41:15.730  2942  2942 D KeyguardUpdateMonitor: handleBatteryUpdate
07-04 12:41:15.757  1726  1925 D CompatibilityInfo: mCompatibilityFlags - 0
07-04 12:41:15.757  1726  1925 D CompatibilityInfo: applicationDensity - 420
07-04 12:41:15.757  1726  1925 D CompatibilityInfo: applicationScale - 1.0
07-04 12:41:15.772 19537 19633 I BatteryMgr:DataCollectionService: stats => 1688467275771,-210937,4237
07-04 12:41:15.876 19537 19633 I BatteryMgr:DataCollectionService: stats => 1688467275876,-210937,4237
07-04 12:41:15.985 19537 19633 I BatteryMgr:DataCollectionService: stats => 1688467275985,-210937,4237
07-04 12:41:16.097 19537 19633 I BatteryMgr:DataCollectionService: stats => 1688467276097,-210937,4237
07-04 12:41:16.205 19537 19633 I BatteryMgr:DataCollectionService: stats => 1688467276205,-210937,4237
07-04 12:41:16.313 19537 19633 I BatteryMgr:DataCollectionService: stats => 1688467276313,-210937,4237
07-04 12:41:16.422 19537 19633 I BatteryMgr:DataCollectionService: stats => 1688467276422,-210937,4237
07-04 12:41:16.530 19537 19633 I BatteryMgr:DataCollectionService: stats => 1688467276530,-210937,4237
07-04 12:41:16.641 19537 19633 I BatteryMgr:DataCollectionService: stats => 1688467276641,-210937,4237
07-04 12:41:16.750 19537 19633 I BatteryMgr:DataCollectionService: stats => 1688467276750,-210937,4237
07-04 12:41:16.864 19537 19633 I BatteryMgr:DataCollectionService: stats => 1688467276864,-210937,4237
07-04 12:41:16.974 19537 19633 I BatteryMgr:DataCollectionService: stats => 1688467276974,-210937,4237
07-04 12:41:17.084 19537 19633 I BatteryMgr:DataCollectionService: stats => 1688467277084,-210937,4237
07-04 12:41:17.118  1233  1233 W /system/vendor/bin/ipacm: type=1400 audit(0.0:25976): avc: denied { write } for comm=6E65746C696E6B20736F636B6574 name="ipacm_log_file" dev="tmpfs" ino=27039 scontext=u:r:ipacm:s0 tcontext=u:object_r:ipacm_socket:s0 tclass=sock_file permissive=0
07-04 12:41:17.118  1233  1233 I chatty  : uid=1001(radio) /system/vendor/bin/ipacm identical 1 line
07-04 12:41:17.118  1233  1233 W /system/vendor/bin/ipacm: type=1400 audit(0.0:25978): avc: denied { write } for comm=6E65746C696E6B20736F636B6574 name="ipacm_log_file" dev="tmpfs" ino=27039 scontext=u:r:ipacm:s0 tcontext=u:object_r:ipacm_socket:s0 tclass=sock_file permissive=0
07-04 12:41:17.118  1233  1233 W ipacm   : type=1400 audit(0.0:25979): avc: denied { write } for name="ipacm_log_file" dev="tmpfs" ino=27039 scontext=u:r:ipacm:s0 tcontext=u:object_r:ipacm_socket:s0 tclass=sock_file permissive=0
07-04 12:41:17.118  1233  1233 W ipacm   : type=1400 audit(0.0:25980): avc: denied { write } for name="ipacm_log_file" dev="tmpfs" ino=27039 scontext=u:r:ipacm:s0 tcontext=u:object_r:ipacm_socket:s0 tclass=sock_file permissive=0
07-04 12:41:17.192 19537 19633 I BatteryMgr:DataCollectionService: stats => 1688467277191,-166503,4237
07-04 12:41:17.300 19537 19633 I BatteryMgr:DataCollectionService: stats => 1688467277300,-166503,4237
07-04 12:41:17.413 19537 19633 I BatteryMgr:DataCollectionService: stats => 1688467277413,-166503,4237
07-04 12:41:17.521 19537 19633 I BatteryMgr:DataCollectionService: stats => 1688467277521,-166503,4237
07-04 12:41:17.628 19537 19633 I BatteryMgr:DataCollectionService: stats => 1688467277628,-166503,4237
07-04 12:41:17.736 19537 19633 I BatteryMgr:DataCollectionService: stats => 1688467277736,-166503,4237
07-04 12:41:17.845 19537 19633 I BatteryMgr:DataCollectionService: stats => 1688467277845,-166503,4237
07-04 12:41:17.952 19537 19633 I BatteryMgr:DataCollectionService: stats => 1688467277952,-166503,4237
07-04 12:41:18.062 19537 19633 I BatteryMgr:DataCollectionService: stats => 1688467278062,-166503,4237
07-04 12:41:18.171 19537 19633 I BatteryMgr:DataCollectionService: stats => 1688467278171,-166503,4237
07-04 12:41:18.279 19537 19633 I BatteryMgr:DataCollectionService: stats => 1688467278279,-166503,4237
07-04 12:41:18.387 19537 19633 I BatteryMgr:DataCollectionService: stats => 1688467278387,-166503,4237
07-04 12:41:18.497 19537 19633 I BatteryMgr:DataCollectionService: stats => 1688467278497,-166503,4237
07-04 12:41:18.608 19537 19633 I BatteryMgr:DataCollectionService: stats => 1688467278608,-166503,4237
07-04 12:41:18.715 19537 19633 I BatteryMgr:DataCollectionService: stats => 1688467278715,-138183,4237
07-04 12:41:18.824 19537 19633 I BatteryMgr:DataCollectionService: stats => 1688467278824,-138183,4237
07-04 12:41:18.932 19537 19633 I BatteryMgr:DataCollectionService: stats => 1688467278932,-138183,4237
07-04 12:41:19.044 19537 19633 I BatteryMgr:DataCollectionService: stats => 1688467279043,-138183,4237
07-04 12:41:19.154 19537 19633 I BatteryMgr:DataCollectionService: stats => 1688467279154,-138183,4237
07-04 12:41:19.267 19537 19633 I BatteryMgr:DataCollectionService: stats => 1688467279267,-138183,4237
07-04 12:41:19.374 19537 19633 I BatteryMgr:DataCollectionService: stats => 1688467279374,-138183,4237
07-04 12:41:19.483 19537 19633 I BatteryMgr:DataCollectionService: stats => 1688467279482,-138183,4237
07-04 12:41:19.592 19537 19633 I BatteryMgr:DataCollectionService: stats => 1688467279592,-138183,4237
07-04 12:41:19.704 19537 19633 I BatteryMgr:DataCollectionService: stats => 1688467279704,-138183,4237
07-04 12:41:19.814 19537 19633 I BatteryMgr:DataCollectionService: stats => 1688467279814,-138183,4237
07-04 12:41:19.922 19537 19633 I BatteryMgr:DataCollectionService: stats => 1688467279922,-138183,4237
07-04 12:41:20.040 19537 19633 I BatteryMgr:DataCollectionService: stats => 1688467280039,-138183,4237
07-04 12:41:20.149 19537 19633 I BatteryMgr:DataCollectionService: stats => 1688467280149,-200683,4237
07-04 12:41:20.259 19537 19633 I BatteryMgr:DataCollectionService: stats => 1688467280259,-200683,4237
07-04 12:41:20.369 19537 19633 I BatteryMgr:DataCollectionService: stats => 1688467280369,-200683,4237
07-04 12:41:20.478 19537 19633 I BatteryMgr:DataCollectionService: stats => 1688467280478,-200683,4237
07-04 12:41:20.585 19537 19633 I BatteryMgr:DataCollectionService: stats => 1688467280585,-200683,4237
07-04 12:41:20.693 19537 19633 I BatteryMgr:DataCollectionService: stats => 1688467280693,-200683,4237
07-04 12:41:20.803 19537 19633 I BatteryMgr:DataCollectionService: stats => 1688467280803,-200683,4237
07-04 12:41:20.910 19537 19633 I BatteryMgr:DataCollectionService: stats => 1688467280910,-200683,4237
07-04 12:41:21.018 19537 19633 I BatteryMgr:DataCollectionService: stats => 1688467281018,-200683,4237
07-04 12:41:21.126 19537 19633 I BatteryMgr:DataCollectionService: stats => 1688467281126,-200683,4237
07-04 12:41:21.233 19537 19633 I BatteryMgr:DataCollectionService: stats => 1688467281233,-200683,4237
07-04 12:41:21.342 19537 19633 I BatteryMgr:DataCollectionService: stats => 1688467281342,-200683,4237
07-04 12:41:21.451 19537 19633 I BatteryMgr:DataCollectionService: stats => 1688467281451,-200683,4237
07-04 12:41:21.561 19537 19633 I BatteryMgr:DataCollectionService: stats => 1688467281561,-200683,4237
07-04 12:41:21.671 19537 19633 I BatteryMgr:DataCollectionService: stats => 1688467281671,-140136,4237
07-04 12:41:21.780 19537 19633 I BatteryMgr:DataCollectionService: stats => 1688467281780,-140136,4237
07-04 12:41:21.894 19537 19633 I BatteryMgr:DataCollectionService: stats => 1688467281894,-140136,4237
07-04 12:41:22.007 19537 19633 I BatteryMgr:DataCollectionService: stats => 1688467282006,-140136,4237
07-04 12:41:22.114 19537 19633 I BatteryMgr:DataCollectionService: stats => 1688467282114,-140136,4237
07-04 12:41:22.222 19537 19633 I BatteryMgr:DataCollectionService: stats => 1688467282222,-140136,4237
07-04 12:41:22.337 19537 19633 I BatteryMgr:DataCollectionService: stats => 1688467282337,-140136,4237
07-04 12:41:22.474 19537 19633 I BatteryMgr:DataCollectionService: stats => 1688467282474,-140136,4237
07-04 12:41:22.584 19537 19633 I BatteryMgr:DataCollectionService: stats => 1688467282584,-140136,4237
07-04 12:41:22.694 19537 19633 I BatteryMgr:DataCollectionService: stats => 1688467282694,-140136,4237
07-04 12:41:22.804 19537 19633 I BatteryMgr:DataCollectionService: stats => 1688467282804,-140136,4237
07-04 12:41:22.911 19537 19633 I BatteryMgr:DataCollectionService: stats => 1688467282911,-140136,4237
07-04 12:41:23.022 19537 19633 I BatteryMgr:DataCollectionService: stats => 1688467283022,-140136,4237
07-04 12:41:23.131 19537 19633 I BatteryMgr:DataCollectionService: stats => 1688467283131,-121093,4237
07-04 12:41:23.239 19537 19633 I BatteryMgr:DataCollectionService: stats => 1688467283239,-121093,4237
07-04 12:41:23.347 19537 19633 I BatteryMgr:DataCollectionService: stats => 1688467283347,-121093,4237
07-04 12:41:23.456 19537 19633 I BatteryMgr:DataCollectionService: stats => 1688467283456,-121093,4237
07-04 12:41:23.569 19537 19633 I BatteryMgr:DataCollectionService: stats => 1688467283569,-121093,4237
07-04 12:41:23.679 19537 19633 I BatteryMgr:DataCollectionService: stats => 1688467283679,-121093,4237
07-04 12:41:23.789 19537 19633 I BatteryMgr:DataCollectionService: stats => 1688467283789,-121093,4237
07-04 12:41:23.899 19537 19633 I BatteryMgr:DataCollectionService: stats => 1688467283899,-121093,4237
07-04 12:41:24.009 19537 19633 I BatteryMgr:DataCollectionService: stats => 1688467284009,-121093,4237
07-04 12:41:24.120 19537 19633 I BatteryMgr:DataCollectionService: stats => 1688467284120,-121093,4237
07-04 12:41:24.230 19537 19633 I BatteryMgr:DataCollectionService: stats => 1688467284230,-121093,4237
07-04 12:41:24.338 19537 19633 I BatteryMgr:DataCollectionService: stats => 1688467284338,-121093,4237
07-04 12:41:24.446 19537 19633 I BatteryMgr:DataCollectionService: stats => 1688467284446,-121093,4237
07-04 12:41:24.553 19537 19633 I BatteryMgr:DataCollectionService: stats => 1688467284552,-237304,4237
07-04 12:41:24.661 19537 19633 I BatteryMgr:DataCollectionService: stats => 1688467284661,-237304,4237
07-04 12:41:24.768 19537 19633 I BatteryMgr:DataCollectionService: stats => 1688467284768,-237304,4237
07-04 12:41:24.877 19537 19633 I BatteryMgr:DataCollectionService: stats => 1688467284877,-237304,4237
07-04 12:41:24.988 19537 19633 I BatteryMgr:DataCollectionService: stats => 1688467284988,-237304,4237
07-04 12:41:25.095 19537 19633 I BatteryMgr:DataCollectionService: stats => 1688467285095,-237304,4237
07-04 12:41:25.204 19537 19633 I BatteryMgr:DataCollectionService: stats => 1688467285204,-237304,4237
07-04 12:41:25.311 19537 19633 I BatteryMgr:DataCollectionService: stats => 1688467285311,-237304,4237
07-04 12:41:25.418 19537 19633 I BatteryMgr:DataCollectionService: stats => 1688467285418,-237304,4237
07-04 12:41:25.530 19537 19633 I BatteryMgr:DataCollectionService: stats => 1688467285530,-237304,4237
07-04 12:41:25.637 19537 19633 I BatteryMgr:DataCollectionService: stats => 1688467285637,-237304,4237
07-04 12:41:25.745 19537 19633 I BatteryMgr:DataCollectionService: stats => 1688467285745,-237304,4237
07-04 12:41:25.855 19537 19633 I BatteryMgr:DataCollectionService: stats => 1688467285855,-237304,4237
07-04 12:41:25.965 19537 19633 I BatteryMgr:DataCollectionService: stats => 1688467285964,-237304,4237
07-04 12:41:26.074 19537 19633 I BatteryMgr:DataCollectionService: stats => 1688467286073,-139160,4237
07-04 12:41:26.181 19537 19633 I BatteryMgr:DataCollectionService: stats => 1688467286181,-139160,4237
07-04 12:41:26.289 19537 19633 I BatteryMgr:DataCollectionService: stats => 1688467286289,-139160,4237
07-04 12:41:26.401 19537 19633 I BatteryMgr:DataCollectionService: stats => 1688467286400,-139160,4237
07-04 12:41:26.507 19537 19633 I BatteryMgr:DataCollectionService: stats => 1688467286507,-139160,4237
07-04 12:41:26.617 19537 19633 I BatteryMgr:DataCollectionService: stats => 1688467286617,-139160,4237
07-04 12:41:26.739 19537 19633 I BatteryMgr:DataCollectionService: stats => 1688467286739,-139160,4237
07-04 12:41:26.845 19537 19633 I BatteryMgr:DataCollectionService: stats => 1688467286845,-139160,4237
07-04 12:41:26.955 19537 19633 I BatteryMgr:DataCollectionService: stats => 1688467286955,-139160,4237
07-04 12:41:27.066 19537 19633 I BatteryMgr:DataCollectionService: stats => 1688467287065,-139160,4237
07-04 12:41:27.174 19537 19633 I BatteryMgr:DataCollectionService: stats => 1688467287173,-139160,4237
07-04 12:41:27.284 19537 19633 I BatteryMgr:DataCollectionService: stats => 1688467287284,-139160,4237
07-04 12:41:27.393 19537 19633 I BatteryMgr:DataCollectionService: stats => 1688467287393,-139160,4237
07-04 12:41:27.502 19537 19633 I BatteryMgr:DataCollectionService: stats => 1688467287502,-197753,4237
07-04 12:41:27.611 19537 19633 I BatteryMgr:DataCollectionService: stats => 1688467287611,-197753,4237
07-04 12:41:27.719 19537 19633 I BatteryMgr:DataCollectionService: stats => 1688467287719,-197753,4237
07-04 12:41:27.828 19537 19633 I BatteryMgr:DataCollectionService: stats => 1688467287828,-197753,4237
07-04 12:41:27.941 19537 19633 I BatteryMgr:DataCollectionService: stats => 1688467287940,-197753,4237
07-04 12:41:28.049 19537 19633 I BatteryMgr:DataCollectionService: stats => 1688467288049,-197753,4237
07-04 12:41:28.164 19537 19633 I BatteryMgr:DataCollectionService: stats => 1688467288164,-197753,4237
07-04 12:41:28.273 19537 19633 I BatteryMgr:DataCollectionService: stats => 1688467288273,-197753,4237
07-04 12:41:28.278  1233  1233 W /system/vendor/bin/ipacm: type=1400 audit(0.0:26046): avc: denied { write } for comm=6E65746C696E6B20736F636B6574 name="ipacm_log_file" dev="tmpfs" ino=27039 scontext=u:r:ipacm:s0 tcontext=u:object_r:ipacm_socket:s0 tclass=sock_file permissive=0
07-04 12:41:28.278  1233  1233 I chatty  : uid=1001(radio) /system/vendor/bin/ipacm identical 1 line
07-04 12:41:28.278  1233  1233 W /system/vendor/bin/ipacm: type=1400 audit(0.0:26048): avc: denied { write } for comm=6E65746C696E6B20736F636B6574 name="ipacm_log_file" dev="tmpfs" ino=27039 scontext=u:r:ipacm:s0 tcontext=u:object_r:ipacm_socket:s0 tclass=sock_file permissive=0
07-04 12:41:28.278  1233  1233 W ipacm   : type=1400 audit(0.0:26049): avc: denied { write } for name="ipacm_log_file" dev="tmpfs" ino=27039 scontext=u:r:ipacm:s0 tcontext=u:object_r:ipacm_socket:s0 tclass=sock_file permissive=0
07-04 12:41:28.278  1233  1233 W ipacm   : type=1400 audit(0.0:26050): avc: denied { write } for name="ipacm_log_file" dev="tmpfs" ino=27039 scontext=u:r:ipacm:s0 tcontext=u:object_r:ipacm_socket:s0 tclass=sock_file permissive=0
07-04 12:41:28.380 19537 19633 I BatteryMgr:DataCollectionService: stats => 1688467288380,-197753,4237
07-04 12:41:28.488 19537 19633 I BatteryMgr:DataCollectionService: stats => 1688467288488,-197753,4237
07-04 12:41:28.595 19537 19633 I BatteryMgr:DataCollectionService: stats => 1688467288595,-197753,4237
07-04 12:41:28.704 19537 19633 I BatteryMgr:DataCollectionService: stats => 1688467288704,-197753,4237
07-04 12:41:28.814 19537 19633 I BatteryMgr:DataCollectionService: stats => 1688467288814,-197753,4237
07-04 12:41:28.923 19537 19633 I BatteryMgr:DataCollectionService: stats => 1688467288923,-197753,4237
07-04 12:41:29.032 19537 19633 I BatteryMgr:DataCollectionService: stats => 1688467289032,-143066,4237
07-04 12:41:29.142 19537 19633 I BatteryMgr:DataCollectionService: stats => 1688467289141,-143066,4237
07-04 12:41:29.250 19537 19633 I BatteryMgr:DataCollectionService: stats => 1688467289250,-143066,4237
07-04 12:41:29.359 19537 19633 I BatteryMgr:DataCollectionService: stats => 1688467289359,-143066,4237
07-04 12:41:29.469 19537 19633 I BatteryMgr:DataCollectionService: stats => 1688467289469,-143066,4237
07-04 12:41:29.584 19537 19633 I BatteryMgr:DataCollectionService: stats => 1688467289584,-143066,4237
07-04 12:41:29.697 19537 19633 I BatteryMgr:DataCollectionService: stats => 1688467289697,-143066,4237
07-04 12:41:29.807 19537 19633 I BatteryMgr:DataCollectionService: stats => 1688467289807,-143066,4237
07-04 12:41:29.914 19537 19633 I BatteryMgr:DataCollectionService: stats => 1688467289914,-143066,4237
07-04 12:41:30.021 19537 19633 I BatteryMgr:DataCollectionService: stats => 1688467290021,-143066,4237
07-04 12:41:30.128 19537 19633 I BatteryMgr:DataCollectionService: stats => 1688467290128,-143066,4237
07-04 12:41:30.238 19537 19633 I BatteryMgr:DataCollectionService: stats => 1688467290238,-143066,4237
07-04 12:41:30.348 19537 19633 I BatteryMgr:DataCollectionService: stats => 1688467290348,-143066,4237
07-04 12:41:30.457 19537 19633 I BatteryMgr:DataCollectionService: stats => 1688467290457,-135253,4237
07-04 12:41:30.567 19537 19633 I BatteryMgr:DataCollectionService: stats => 1688467290567,-135253,4237
07-04 12:41:30.676 19537 19633 I BatteryMgr:DataCollectionService: stats => 1688467290676,-135253,4237
07-04 12:41:30.784 19537 19633 I BatteryMgr:DataCollectionService: stats => 1688467290784,-135253,4237
07-04 12:41:30.897 19537 19633 I BatteryMgr:DataCollectionService: stats => 1688467290897,-135253,4237
07-04 12:41:31.005 19537 19633 I BatteryMgr:DataCollectionService: stats => 1688467291005,-135253,4237
07-04 12:41:31.113 19537 19633 I BatteryMgr:DataCollectionService: stats => 1688467291112,-135253,4237
07-04 12:41:31.223 19537 19633 I BatteryMgr:DataCollectionService: stats => 1688467291223,-135253,4237
07-04 12:41:31.330 19537 19633 I BatteryMgr:DataCollectionService: stats => 1688467291330,-135253,4237
07-04 12:41:31.437 19537 19633 I BatteryMgr:DataCollectionService: stats => 1688467291437,-135253,4237
07-04 12:41:31.545 19537 19633 I BatteryMgr:DataCollectionService: stats => 1688467291545,-135253,4237
07-04 12:41:31.653 19537 19633 I BatteryMgr:DataCollectionService: stats => 1688467291653,-135253,4237
07-04 12:41:31.760 19537 19633 I BatteryMgr:DataCollectionService: stats => 1688467291760,-135253,4237
07-04 12:41:31.869 19537 19633 I BatteryMgr:DataCollectionService: stats => 1688467291868,-135253,4237
07-04 12:41:31.976 19537 19633 I BatteryMgr:DataCollectionService: stats => 1688467291976,-137695,4237
07-04 12:41:32.086 19537 19633 I BatteryMgr:DataCollectionService: stats => 1688467292086,-137695,4237
07-04 12:41:32.196 19537 19633 I BatteryMgr:DataCollectionService: stats => 1688467292195,-137695,4237
07-04 12:41:32.258  1233  1233 W /system/vendor/bin/ipacm: type=1400 audit(0.0:26081): avc: denied { write } for comm=6E65746C696E6B20736F636B6574 name="ipacm_log_file" dev="tmpfs" ino=27039 scontext=u:r:ipacm:s0 tcontext=u:object_r:ipacm_socket:s0 tclass=sock_file permissive=0
07-04 12:41:32.258  1233  1233 I chatty  : uid=1001(radio) /system/vendor/bin/ipacm identical 1 line
07-04 12:41:32.258  1233  1233 W /system/vendor/bin/ipacm: type=1400 audit(0.0:26083): avc: denied { write } for comm=6E65746C696E6B20736F636B6574 name="ipacm_log_file" dev="tmpfs" ino=27039 scontext=u:r:ipacm:s0 tcontext=u:object_r:ipacm_socket:s0 tclass=sock_file permissive=0
07-04 12:41:32.258  1233  1233 W ipacm   : type=1400 audit(0.0:26084): avc: denied { write } for name="ipacm_log_file" dev="tmpfs" ino=27039 scontext=u:r:ipacm:s0 tcontext=u:object_r:ipacm_socket:s0 tclass=sock_file permissive=0
07-04 12:41:32.258  1233  1233 W ipacm   : type=1400 audit(0.0:26085): avc: denied { write } for name="ipacm_log_file" dev="tmpfs" ino=27039 scontext=u:r:ipacm:s0 tcontext=u:object_r:ipacm_socket:s0 tclass=sock_file permissive=0
07-04 12:41:32.303 19537 19633 I BatteryMgr:DataCollectionService: stats => 1688467292303,-137695,4237
07-04 12:41:32.411 19537 19633 I BatteryMgr:DataCollectionService: stats => 1688467292411,-137695,4237
07-04 12:41:32.519 19537 19633 I BatteryMgr:DataCollectionService: stats => 1688467292519,-137695,4237
07-04 12:41:32.635 19537 19633 I BatteryMgr:DataCollectionService: stats => 1688467292635,-137695,4237
07-04 12:41:32.745 19537 19633 I BatteryMgr:DataCollectionService: stats => 1688467292744,-137695,4237
07-04 12:41:32.854 19537 19633 I BatteryMgr:DataCollectionService: stats => 1688467292854,-137695,4237
07-04 12:41:32.964 19537 19633 I BatteryMgr:DataCollectionService: stats => 1688467292963,-137695,4237
07-04 12:41:33.074 19537 19633 I BatteryMgr:DataCollectionService: stats => 1688467293073,-137695,4237
07-04 12:41:33.182 19537 19633 I BatteryMgr:DataCollectionService: stats => 1688467293182,-137695,4237
07-04 12:41:33.293 19537 19633 I BatteryMgr:DataCollectionService: stats => 1688467293292,-137695,4237
07-04 12:41:33.399 19537 19633 I BatteryMgr:DataCollectionService: stats => 1688467293399,-119628,4237
07-04 12:41:33.507 19537 19633 I BatteryMgr:DataCollectionService: stats => 1688467293507,-119628,4237
07-04 12:41:33.616 19537 19633 I BatteryMgr:DataCollectionService: stats => 1688467293615,-119628,4237
07-04 12:41:33.728 19537 19633 I BatteryMgr:DataCollectionService: stats => 1688467293728,-119628,4237
07-04 12:41:33.837 19537 19633 I BatteryMgr:DataCollectionService: stats => 1688467293837,-119628,4237
07-04 12:41:33.947 19537 19633 I BatteryMgr:DataCollectionService: stats => 1688467293947,-119628,4237
07-04 12:41:34.057 19537 19633 I BatteryMgr:DataCollectionService: stats => 1688467294057,-119628,4237
07-04 12:41:34.166 19537 19633 I BatteryMgr:DataCollectionService: stats => 1688467294166,-119628,4237
07-04 12:41:34.274 19537 19633 I BatteryMgr:DataCollectionService: stats => 1688467294274,-119628,4237
07-04 12:41:34.381 19537 19633 I BatteryMgr:DataCollectionService: stats => 1688467294381,-119628,4237
07-04 12:41:34.488 19537 19633 I BatteryMgr:DataCollectionService: stats => 1688467294488,-119628,4237
07-04 12:41:34.596 19537 19633 I BatteryMgr:DataCollectionService: stats => 1688467294596,-119628,4237
07-04 12:41:34.706 19537 19633 I BatteryMgr:DataCollectionService: stats => 1688467294706,-119628,4237
07-04 12:41:34.816 19537 19633 I BatteryMgr:DataCollectionService: stats => 1688467294816,-119628,4237
07-04 12:41:34.925 19537 19633 I BatteryMgr:DataCollectionService: stats => 1688467294925,-154785,4237
07-04 12:41:35.035 19537 19633 I BatteryMgr:DataCollectionService: stats => 1688467295035,-154785,4237
07-04 12:41:35.145 19537 19633 I BatteryMgr:DataCollectionService: stats => 1688467295144,-154785,4237
07-04 12:41:35.252 19537 19633 I BatteryMgr:DataCollectionService: stats => 1688467295252,-154785,4237
07-04 12:41:35.361 19537 19633 I BatteryMgr:DataCollectionService: stats => 1688467295361,-154785,4237
07-04 12:41:35.472 19537 19633 I BatteryMgr:DataCollectionService: stats => 1688467295472,-154785,4237
07-04 12:41:35.581 19537 19633 I BatteryMgr:DataCollectionService: stats => 1688467295581,-154785,4237
07-04 12:41:35.691 19537 19633 I BatteryMgr:DataCollectionService: stats => 1688467295691,-154785,4237
07-04 12:41:35.804 19537 19633 I BatteryMgr:DataCollectionService: stats => 1688467295804,-154785,4237
07-04 12:41:35.911 19537 19633 I BatteryMgr:DataCollectionService: stats => 1688467295911,-154785,4237
07-04 12:41:36.020 19537 19633 I BatteryMgr:DataCollectionService: stats => 1688467296020,-154785,4237
07-04 12:41:36.129 19537 19633 I BatteryMgr:DataCollectionService: stats => 1688467296129,-154785,4237
07-04 12:41:36.238 19537 19633 I BatteryMgr:DataCollectionService: stats => 1688467296237,-154785,4237
07-04 12:41:36.346 19537 19633 I BatteryMgr:DataCollectionService: stats => 1688467296346,-127929,4237
07-04 12:41:36.453 19537 19633 I BatteryMgr:DataCollectionService: stats => 1688467296453,-127929,4237
07-04 12:41:36.560 19537 19633 I BatteryMgr:DataCollectionService: stats => 1688467296559,-127929,4237
07-04 12:41:36.666 19537 19633 I BatteryMgr:DataCollectionService: stats => 1688467296666,-127929,4237
07-04 12:41:36.775 19537 19633 I BatteryMgr:DataCollectionService: stats => 1688467296774,-127929,4237
07-04 12:41:36.883 19537 19633 I BatteryMgr:DataCollectionService: stats => 1688467296882,-127929,4237
07-04 12:41:36.991 19537 19633 I BatteryMgr:DataCollectionService: stats => 1688467296991,-127929,4237
07-04 12:41:37.100 19537 19633 I BatteryMgr:DataCollectionService: stats => 1688467297100,-127929,4237
07-04 12:41:37.209 19537 19633 I BatteryMgr:DataCollectionService: stats => 1688467297209,-127929,4237
07-04 12:41:37.278  1233  1233 W /system/vendor/bin/ipacm: type=1400 audit(0.0:26116): avc: denied { write } for comm=6E65746C696E6B20736F636B6574 name="ipacm_log_file" dev="tmpfs" ino=27039 scontext=u:r:ipacm:s0 tcontext=u:object_r:ipacm_socket:s0 tclass=sock_file permissive=0
07-04 12:41:37.278  1233  1233 I chatty  : uid=1001(radio) /system/vendor/bin/ipacm identical 1 line
07-04 12:41:37.278  1233  1233 W /system/vendor/bin/ipacm: type=1400 audit(0.0:26118): avc: denied { write } for comm=6E65746C696E6B20736F636B6574 name="ipacm_log_file" dev="tmpfs" ino=27039 scontext=u:r:ipacm:s0 tcontext=u:object_r:ipacm_socket:s0 tclass=sock_file permissive=0
07-04 12:41:37.278  1233  1233 W ipacm   : type=1400 audit(0.0:26119): avc: denied { write } for name="ipacm_log_file" dev="tmpfs" ino=27039 scontext=u:r:ipacm:s0 tcontext=u:object_r:ipacm_socket:s0 tclass=sock_file permissive=0
07-04 12:41:37.278  1233  1233 W ipacm   : type=1400 audit(0.0:26120): avc: denied { write } for name="ipacm_log_file" dev="tmpfs" ino=27039 scontext=u:r:ipacm:s0 tcontext=u:object_r:ipacm_socket:s0 tclass=sock_file permissive=0
07-04 12:41:37.317 19537 19633 I BatteryMgr:DataCollectionService: stats => 1688467297317,-127929,4237
07-04 12:41:37.425 19537 19633 I BatteryMgr:DataCollectionService: stats => 1688467297425,-127929,4237
07-04 12:41:37.532 19537 19633 I BatteryMgr:DataCollectionService: stats => 1688467297531,-127929,4237
07-04 12:41:37.639 19537 19633 I BatteryMgr:DataCollectionService: stats => 1688467297639,-127929,4237
07-04 12:41:37.751 19537 19633 I BatteryMgr:DataCollectionService: stats => 1688467297751,-127929,4237
07-04 12:41:37.860 19537 19633 I BatteryMgr:DataCollectionService: stats => 1688467297860,-147460,4237
07-04 12:41:37.968 19537 19633 I BatteryMgr:DataCollectionService: stats => 1688467297968,-147460,4237
07-04 12:41:38.077 19537 19633 I BatteryMgr:DataCollectionService: stats => 1688467298077,-147460,4237
07-04 12:41:38.187 19537 19633 I BatteryMgr:DataCollectionService: stats => 1688467298187,-147460,4237
07-04 12:41:38.294 19537 19633 I BatteryMgr:DataCollectionService: stats => 1688467298294,-147460,4237
07-04 12:41:38.404 19537 19633 I BatteryMgr:DataCollectionService: stats => 1688467298403,-147460,4237
07-04 12:41:38.511 19537 19633 I BatteryMgr:DataCollectionService: stats => 1688467298511,-147460,4237
07-04 12:41:38.620 19537 19633 I BatteryMgr:DataCollectionService: stats => 1688467298620,-147460,4237
07-04 12:41:38.730 19537 19633 I BatteryMgr:DataCollectionService: stats => 1688467298729,-147460,4237
07-04 12:41:38.839 19537 19633 I BatteryMgr:DataCollectionService: stats => 1688467298839,-147460,4237
07-04 12:41:38.949 19537 19633 I BatteryMgr:DataCollectionService: stats => 1688467298949,-147460,4237
07-04 12:41:39.057 19537 19633 I BatteryMgr:DataCollectionService: stats => 1688467299057,-147460,4237
07-04 12:41:39.166 19537 19633 I BatteryMgr:DataCollectionService: stats => 1688467299165,-147460,4237
07-04 12:41:39.277 19537 19633 I BatteryMgr:DataCollectionService: stats => 1688467299277,-208007,4237
07-04 12:41:39.387 19537 19633 I BatteryMgr:DataCollectionService: stats => 1688467299386,-208007,4237
07-04 12:41:39.494 19537 19633 I BatteryMgr:DataCollectionService: stats => 1688467299494,-208007,4237
07-04 12:41:39.603 19537 19633 I BatteryMgr:DataCollectionService: stats => 1688467299603,-208007,4237
07-04 12:41:39.710 19537 19633 I BatteryMgr:DataCollectionService: stats => 1688467299710,-208007,4237
07-04 12:41:39.826 19537 19633 I BatteryMgr:DataCollectionService: stats => 1688467299826,-208007,4237
07-04 12:41:39.936 19537 19633 I BatteryMgr:DataCollectionService: stats => 1688467299936,-208007,4237
07-04 12:41:40.045 19537 19633 I BatteryMgr:DataCollectionService: stats => 1688467300045,-208007,4237
07-04 12:41:40.152 19537 19633 I BatteryMgr:DataCollectionService: stats => 1688467300152,-208007,4237
07-04 12:41:40.260 19537 19633 I BatteryMgr:DataCollectionService: stats => 1688467300260,-208007,4237
07-04 12:41:40.367 19537 19633 I BatteryMgr:DataCollectionService: stats => 1688467300367,-208007,4237
07-04 12:41:40.476 19537 19633 I BatteryMgr:DataCollectionService: stats => 1688467300476,-208007,4237
07-04 12:41:40.585 19537 19633 I BatteryMgr:DataCollectionService: stats => 1688467300585,-208007,4237
07-04 12:41:40.694 19537 19633 I BatteryMgr:DataCollectionService: stats => 1688467300693,-208007,4237
07-04 12:41:40.802 19537 19633 I BatteryMgr:DataCollectionService: stats => 1688467300802,-126953,4237
07-04 12:41:40.913 19537 19633 I BatteryMgr:DataCollectionService: stats => 1688467300912,-126953,4237
07-04 12:41:41.022 19537 19633 I BatteryMgr:DataCollectionService: stats => 1688467301022,-126953,4237
07-04 12:41:41.131 19537 19633 I BatteryMgr:DataCollectionService: stats => 1688467301131,-126953,4237
07-04 12:41:41.240 19537 19633 I BatteryMgr:DataCollectionService: stats => 1688467301240,-126953,4237
07-04 12:41:41.349 19537 19633 I BatteryMgr:DataCollectionService: stats => 1688467301348,-126953,4237
07-04 12:41:41.457 19537 19633 I BatteryMgr:DataCollectionService: stats => 1688467301457,-126953,4237
07-04 12:41:41.575 19537 19633 I BatteryMgr:DataCollectionService: stats => 1688467301575,-126953,4237
07-04 12:41:41.682 19537 19633 I BatteryMgr:DataCollectionService: stats => 1688467301682,-126953,4237
07-04 12:41:41.794 19537 19633 I BatteryMgr:DataCollectionService: stats => 1688467301794,-126953,4237
07-04 12:41:41.904 19537 19633 I BatteryMgr:DataCollectionService: stats => 1688467301904,-126953,4237
07-04 12:41:42.011 19537 19633 I BatteryMgr:DataCollectionService: stats => 1688467302011,-126953,4237
07-04 12:41:42.119 19537 19633 I BatteryMgr:DataCollectionService: stats => 1688467302119,-126953,4237
07-04 12:41:42.229 19537 19633 I BatteryMgr:DataCollectionService: stats => 1688467302228,-142578,4237
07-04 12:41:42.340 19537 19633 I BatteryMgr:DataCollectionService: stats => 1688467302340,-142578,4237
07-04 12:41:42.448 19537 19633 I BatteryMgr:DataCollectionService: stats => 1688467302448,-142578,4237
07-04 12:41:42.555 19537 19633 I BatteryMgr:DataCollectionService: stats => 1688467302555,-142578,4237
07-04 12:41:42.664 19537 19633 I BatteryMgr:DataCollectionService: stats => 1688467302663,-142578,4237
07-04 12:41:42.772 19537 19633 I BatteryMgr:DataCollectionService: stats => 1688467302772,-142578,4237
07-04 12:41:42.889 19537 19633 I BatteryMgr:DataCollectionService: stats => 1688467302889,-142578,4237
07-04 12:41:43.004 19537 19633 I BatteryMgr:DataCollectionService: stats => 1688467303004,-142578,4237
07-04 12:41:43.116 19537 19633 I BatteryMgr:DataCollectionService: stats => 1688467303116,-142578,4237
07-04 12:41:43.229 19537 19633 I BatteryMgr:DataCollectionService: stats => 1688467303229,-142578,4237
07-04 12:41:43.339 19537 19633 I BatteryMgr:DataCollectionService: stats => 1688467303338,-142578,4237
07-04 12:41:43.447 19537 19633 I BatteryMgr:DataCollectionService: stats => 1688467303447,-142578,4237
07-04 12:41:43.553 19537 19633 I BatteryMgr:DataCollectionService: stats => 1688467303553,-142578,4237
07-04 12:41:43.661 19537 19633 I BatteryMgr:DataCollectionService: stats => 1688467303661,-142578,4237
07-04 12:41:43.765 19660 19662 I cmd     : oneway function results will be dropped but finished with status OK and parcel size 4
07-04 12:41:44.205  1726  3529 I ActivityManager: Force stopping e.www.gpstest appid=10208 user=0: from pid 19676
07-04 12:41:44.206  1726  3529 I ActivityManager: Killing 19583:e.www.gpstest/u0a208 (adj 0): stop e.www.gpstest due to from pid 19676
07-04 12:41:44.208  1726  3529 W ActivityTaskManager: Force removing ActivityRecord{65b9786 u0 e.www.gpstest/.MainActivity t937 f}}: app died, no saved state
07-04 12:41:44.224  1726  2166 W InputDispatcher: channel '3133764 e.www.gpstest/e.www.gpstest.MainActivity (server)' ~ Consumer closed input channel or an error occurred.  events=0x9
07-04 12:41:44.224  1726  2166 E InputDispatcher: channel '3133764 e.www.gpstest/e.www.gpstest.MainActivity (server)' ~ Channel is unrecoverably broken and will be disposed!
07-04 12:41:44.224  1726  3529 W InputDispatcher: Attempted to unregister already unregistered input channel '3133764 e.www.gpstest/e.www.gpstest.MainActivity (server)'
07-04 12:41:44.232   916   916 I Zygote  : Process 19583 exited due to signal 9 (Killed)
07-04 12:41:44.244  1726  1929 I libprocessgroup: Successfully killed process cgroup uid 10208 pid 19583 in 36ms
07-04 12:41:44.247  1726  4292 W WindowManager: Failed looking up window session=Session{b339991 19583:u0a10208} callers=com.android.server.wm.WindowManagerService.windowForClientLocked:5467 com.android.server.wm.WindowState$DeathRecipient.binderDied:2818 android.os.IBinder$DeathRecipient.binderDied:305 
07-04 12:41:44.247  1726  4292 I WindowManager: WIN DEATH: null
07-04 12:41:44.276  1726  1913 W ActivityManager: setHasOverlayUi called on unknown pid: 19583
07-04 12:41:44.276 19537 19537 V Activity: mLastPackageName-com.example.batterymanager_utility.MainActivity
07-04 12:41:44.277  3449  3449 E PhoneInterfaceManager: [PhoneIntfMgr] getCarrierPackageNamesForIntentAndPhone: No UICC
07-04 12:41:44.279 19676 19678 I cmd     : oneway function results will be dropped but finished with status OK and parcel size 4
07-04 12:41:44.280  3449  3449 D CarrierSvcBindHelper: No carrier app for: 0
07-04 12:41:44.282  3449  3449 E PhoneInterfaceManager: [PhoneIntfMgr] getCarrierPackageNamesForIntentAndPhone: No UICC
07-04 12:41:44.283  3449  3449 D CarrierSvcBindHelper: No carrier app for: 1
07-04 12:41:44.301  4261  4261 D RegisteredServicesCache: Others service enabled : ComponentInfo{com.google.android.gms/com.google.android.gms.nearby.mediums.nearfieldcommunication.NfcAdvertisingService}
07-04 12:41:44.301  4261  4261 D RegisteredServicesCache: Others service enabled : ComponentInfo{com.google.android.gms/com.google.android.gms.pay.hce.service.PayHceService}
07-04 12:41:44.301  4261  4261 D RegisteredServicesCache: Others service enabled : ComponentInfo{com.google.android.gms/com.google.android.gms.tapandpay.hce.service.TpHceService}
07-04 12:41:44.301  4261  4261 D RegisteredServicesCache: Others service enabled : ComponentInfo{com.google.android.gms/com.google.android.gms.dck.service.DckNfcApduService}
07-04 12:41:44.304  4261  4261 D AidRoutingManager: Default: 0, aid size: 314
07-04 12:41:44.305  4261  4261 D AidRoutingManager: Default: 2, aid size: 0
07-04 12:41:44.305  4261  4261 D AidRoutingManager: Default: 3, aid size: 0
07-04 12:41:44.305  4261  4261 D AidRoutingManager: Default: 0, aid expected size: 0
07-04 12:41:44.305  4261  4261 D AidRoutingManager: Default: 2, aid expected size: 314
07-04 12:41:44.305  4261  4261 D AidRoutingManager: Default: 3, aid expected size: 314
07-04 12:41:44.306  4261  4261 D RegisteredNfcFServicesCache: Service unchanged, not updating
07-04 12:41:44.335 19537 19537 D PureDisplay: package-com.example.batterymanager_utility DYNAMIC_ORIGINAL_MODE open
07-04 12:41:44.341  7436  7436 D PureDisplay: PureDisplayModeChangeReceiver,hdrMode=1
07-04 12:41:44.344  7436  7436 I android_os_HwBinder: HwBinder: Starting thread pool for getting: vendor.pixelworks.hardware.display@1.0::IIris/default
07-04 12:41:44.345   973 10233 I IrisService: irisConfigureSet(258, 1, 1)
07-04 12:41:44.346  7436  7436 D PureDisplay: --setIrisDisplayHdrMode- mode =1--result = 0
07-04 12:41:44.346  7436  7436 D PureDisplay: PureDisplayModeChangeReceiver,pureDisplayMode=1
07-04 12:41:44.347  7436  7436 D PureDisplay: isDeviceProvisioned=true
07-04 12:41:44.347  7436  7436 D PureDisplay: isUserSetuped=true
07-04 12:41:44.347  7436  7436 D PureDisplay: setOriginalModeEnable()
07-04 12:41:44.354  7436  7436 I android_os_HwBinder: HwBinder: Starting thread pool for getting: vendor.pixelworks.hardware.display@1.0::IIris/default
07-04 12:41:44.354   973 10233 I IrisService: irisConfigureSet(0, 1, 0)
07-04 12:41:44.378  7436  7436 I android_os_HwBinder: HwBinder: Starting thread pool for getting: vendor.pixelworks.hardware.display@1.0::IIris/default
07-04 12:41:44.378   973 10233 I IrisService: irisConfigureSet(41, 1, 0)
07-04 12:41:44.381  7436  7436 I android_os_HwBinder: HwBinder: Starting thread pool for getting: vendor.pixelworks.hardware.display@1.0::IIris/default
07-04 12:41:44.382   973 10233 I IrisService: irisConfigureSet(42, 1, 0)
07-04 12:41:44.385  7436  7436 I android_os_HwBinder: HwBinder: Starting thread pool for getting: vendor.pixelworks.hardware.display@1.0::IIris/default
07-04 12:41:44.385   973 10233 I IrisService: irisConfigureSet(40, 1, 0)
07-04 12:41:44.412  7436  7436 I android_os_HwBinder: HwBinder: Starting thread pool for getting: vendor.pixelworks.hardware.display@1.0::IIris/default
07-04 12:41:44.414   973  1072 I IrisService: irisConfigureSet(36, 1, 0)
07-04 12:41:44.426 10241 10241 I GoogleInputMethodService: GoogleInputMethodService.onFinishInput():3306 
07-04 12:41:44.428 10241 10241 I GoogleInputMethodService: GoogleInputMethodService.updateDeviceLockedStatus():2127 repeatCheckTimes = 0, locked = false
07-04 12:41:44.428 10241 10241 I GoogleInputMethodService: GoogleInputMethodService.onStartInput():1909 onStartInput(EditorInfo{inputType=0x0(NULL) imeOptions=0x0 privateImeOptions=null actionName=UNSPECIFIED actionLabel=null actionId=0 initialSelStart=-1 initialSelEnd=-1 initialCapsMode=0x0 hintText=null label=null packageName=com.example.batterymanager_utility fieldId=-1 fieldName=null extras=null hintLocales=[]}, false)
07-04 12:41:44.428 10241 10241 I GoogleInputMethodService: GoogleInputMethodService.shouldHideHeaderOnInitialState():1990 ShouldHideHeaderOnInitialState = false
07-04 12:41:44.430 10241 10241 I GoogleInputMethodService: GoogleInputMethodService.updateDeviceLockedStatus():2127 repeatCheckTimes = 1, locked = false
07-04 12:41:44.444  7436  7436 D PureDisplay: getWhiteBalanceAutoMode()0
07-04 12:41:44.447  7436  7436 I android_os_HwBinder: HwBinder: Starting thread pool for getting: vendor.pixelworks.hardware.display@1.0::IIris/default
07-04 12:41:44.447   973 10233 I IrisService: irisConfigureSet(39, 1, 1)
07-04 12:41:44.477  7436  7436 I android_os_HwBinder: HwBinder: Starting thread pool for getting: vendor.pixelworks.hardware.display@1.0::IIris/default
07-04 12:41:44.478   973 10233 I IrisService: irisConfigureSet(264, 1, 0)
07-04 12:41:44.478  7436  7436 D PureDisplay: PureDisplayModeChangeReceiver,lastclass=com.example.batterymanager_utility.MainActivity
07-04 12:41:44.480  7436  7436 D PureDisplay: PureDisplayModeChangeReceiver,lastpackage=com.example.batterymanager_utility
07-04 12:41:44.484  7436  7436 D PureDisplay: PureDisplayModeChangeReceiver,lastpackage_resume=1
07-04 12:41:47.681  1726  3529 I ActivityManager: Force stopping com.example.batterymanager_utility appid=10200 user=0: from pid 19686
07-04 12:41:47.682  1726  3529 I ActivityManager: Killing 19537:com.example.batterymanager_utility/u0a200 (adj 0): stop com.example.batterymanager_utility due to from pid 19686
07-04 12:41:47.684  1726  3529 W ActivityTaskManager: Force removing ActivityRecord{3663b20 u0 com.example.batterymanager_utility/.MainActivity t936 f}}: app died, no saved state
07-04 12:41:47.715   916   916 I Zygote  : Process 19537 exited due to signal 9 (Killed)
07-04 12:41:47.723  1726  1929 I libprocessgroup: Successfully killed process cgroup uid 10200 pid 19537 in 40ms
07-04 12:41:47.728 19686 19688 I cmd     : oneway function results will be dropped but finished with status OK and parcel size 4
07-04 12:41:47.731  3449  3449 E PhoneInterfaceManager: [PhoneIntfMgr] getCarrierPackageNamesForIntentAndPhone: No UICC
