07-05 18:45:27.016 27158 27256 I BatteryMgr:DataCollectionService: stats => 1688575527016,-149902,4397
07-05 18:45:27.033 27158 27256 I BatteryMgr:DataCollectionService: stats => 1688575527033,-149902,4397
07-05 18:45:27.054 27158 27256 I BatteryMgr:DataCollectionService: stats => 1688575527054,-137206,4397
07-05 18:45:27.077 27158 27256 I BatteryMgr:DataCollectionService: stats => 1688575527077,-137206,4397
07-05 18:45:27.093 27158 27256 I BatteryMgr:DataCollectionService: stats => 1688575527092,-137206,4397
07-05 18:45:27.109 27158 27256 I BatteryMgr:DataCollectionService: stats => 1688575527109,-137206,4397
07-05 18:45:27.124 27158 27256 I BatteryMgr:DataCollectionService: stats => 1688575527124,-137206,4397
07-05 18:45:27.138 27158 27256 I BatteryMgr:DataCollectionService: stats => 1688575527138,-137206,4397
07-05 18:45:27.154 27158 27256 I BatteryMgr:DataCollectionService: stats => 1688575527154,-137206,4397
07-05 18:45:27.171 27158 27256 I BatteryMgr:DataCollectionService: stats => 1688575527171,-137206,4397
07-05 18:45:27.188 27158 27256 I BatteryMgr:DataCollectionService: stats => 1688575527188,-137206,4397
07-05 18:45:27.202 27158 27256 I BatteryMgr:DataCollectionService: stats => 1688575527202,-137206,4397
07-05 18:45:27.218 27158 27256 I BatteryMgr:DataCollectionService: stats => 1688575527218,-137206,4397
07-05 18:45:27.222  1214  1214 W /system/vendor/bin/ipacm: type=1400 audit(0.0:261273): avc: denied { write } for comm=6E65746C696E6B20736F636B6574 name="ipacm_log_file" dev="tmpfs" ino=20285 scontext=u:r:ipacm:s0 tcontext=u:object_r:ipacm_socket:s0 tclass=sock_file permissive=0
07-05 18:45:27.222  1214  1214 I chatty  : uid=1001(radio) /system/vendor/bin/ipacm identical 1 line
07-05 18:45:27.222  1214  1214 W /system/vendor/bin/ipacm: type=1400 audit(0.0:261275): avc: denied { write } for comm=6E65746C696E6B20736F636B6574 name="ipacm_log_file" dev="tmpfs" ino=20285 scontext=u:r:ipacm:s0 tcontext=u:object_r:ipacm_socket:s0 tclass=sock_file permissive=0
07-05 18:45:27.222  1214  1214 W ipacm   : type=1400 audit(0.0:261276): avc: denied { write } for name="ipacm_log_file" dev="tmpfs" ino=20285 scontext=u:r:ipacm:s0 tcontext=u:object_r:ipacm_socket:s0 tclass=sock_file permissive=0
07-05 18:45:27.222  1214  1214 W ipacm   : type=1400 audit(0.0:261277): avc: denied { write } for name="ipacm_log_file" dev="tmpfs" ino=20285 scontext=u:r:ipacm:s0 tcontext=u:object_r:ipacm_socket:s0 tclass=sock_file permissive=0
07-05 18:45:27.234 27158 27256 I BatteryMgr:DataCollectionService: stats => 1688575527234,-137206,4397
07-05 18:45:27.253 27158 27256 I BatteryMgr:DataCollectionService: stats => 1688575527253,-137206,4397
07-05 18:45:27.269 27158 27256 I BatteryMgr:DataCollectionService: stats => 1688575527269,-137206,4397
07-05 18:45:27.284 27158 27256 I BatteryMgr:DataCollectionService: stats => 1688575527284,-137206,4397
07-05 18:45:27.299 27158 27256 I BatteryMgr:DataCollectionService: stats => 1688575527299,-137206,4397
07-05 18:45:27.315 27158 27256 I BatteryMgr:DataCollectionService: stats => 1688575527315,-137206,4397
07-05 18:45:27.335 27158 27256 I BatteryMgr:DataCollectionService: stats => 1688575527335,-137206,4397
07-05 18:45:27.359 27158 27256 I BatteryMgr:DataCollectionService: stats => 1688575527359,-137206,4397
07-05 18:45:27.374 27158 27256 I BatteryMgr:DataCollectionService: stats => 1688575527374,-137206,4397
07-05 18:45:27.392 27158 27256 I BatteryMgr:DataCollectionService: stats => 1688575527392,-137206,4397
07-05 18:45:27.418 27158 27256 I BatteryMgr:DataCollectionService: stats => 1688575527418,-137206,4397
07-05 18:45:27.438 27158 27256 I BatteryMgr:DataCollectionService: stats => 1688575527438,-137206,4397
07-05 18:45:27.460 27158 27256 I BatteryMgr:DataCollectionService: stats => 1688575527460,-137206,4397
07-05 18:45:27.475 27158 27256 I BatteryMgr:DataCollectionService: stats => 1688575527475,-137206,4397
07-05 18:45:27.490 27158 27256 I BatteryMgr:DataCollectionService: stats => 1688575527490,-137206,4397
07-05 18:45:27.504 27158 27256 I BatteryMgr:DataCollectionService: stats => 1688575527504,-137206,4397
07-05 18:45:27.518 27158 27256 I BatteryMgr:DataCollectionService: stats => 1688575527518,-137206,4397
07-05 18:45:27.533 27158 27256 I BatteryMgr:DataCollectionService: stats => 1688575527533,-137206,4397
07-05 18:45:27.551 27158 27256 I BatteryMgr:DataCollectionService: stats => 1688575527551,-137206,4397
07-05 18:45:27.570 27158 27256 I BatteryMgr:DataCollectionService: stats => 1688575527570,-137206,4397
07-05 18:45:27.587 27158 27256 I BatteryMgr:DataCollectionService: stats => 1688575527587,-137206,4397
07-05 18:45:27.605 27158 27256 I BatteryMgr:DataCollectionService: stats => 1688575527605,-137206,4397
07-05 18:45:27.625 27158 27256 I BatteryMgr:DataCollectionService: stats => 1688575527624,-137206,4397
07-05 18:45:27.644 27158 27256 I BatteryMgr:DataCollectionService: stats => 1688575527644,-137206,4397
07-05 18:45:27.663 27158 27256 I BatteryMgr:DataCollectionService: stats => 1688575527663,-137206,4397
07-05 18:45:27.682 27158 27256 I BatteryMgr:DataCollectionService: stats => 1688575527682,-137206,4397
07-05 18:45:27.698 27158 27256 I BatteryMgr:DataCollectionService: stats => 1688575527698,-137206,4397
07-05 18:45:27.718 27158 27256 I BatteryMgr:DataCollectionService: stats => 1688575527718,-137206,4397
07-05 18:45:27.740 27158 27256 I BatteryMgr:DataCollectionService: stats => 1688575527740,-137206,4397
07-05 18:45:27.761 27158 27256 I BatteryMgr:DataCollectionService: stats => 1688575527761,-137206,4397
07-05 18:45:27.780 27158 27256 I BatteryMgr:DataCollectionService: stats => 1688575527780,-137206,4397
07-05 18:45:27.800 27158 27256 I BatteryMgr:DataCollectionService: stats => 1688575527800,-137206,4397
07-05 18:45:27.821 27158 27256 I BatteryMgr:DataCollectionService: stats => 1688575527821,-137206,4397
07-05 18:45:27.841 27158 27256 I BatteryMgr:DataCollectionService: stats => 1688575527841,-137206,4397
07-05 18:45:27.859 27158 27256 I BatteryMgr:DataCollectionService: stats => 1688575527859,-137206,4397
07-05 18:45:27.880 27158 27256 I BatteryMgr:DataCollectionService: stats => 1688575527880,-137206,4397
07-05 18:45:27.900 27158 27256 I BatteryMgr:DataCollectionService: stats => 1688575527900,-137206,4397
07-05 18:45:27.922 27158 27256 I BatteryMgr:DataCollectionService: stats => 1688575527921,-137206,4397
07-05 18:45:27.944 27158 27256 I BatteryMgr:DataCollectionService: stats => 1688575527944,-137206,4397
07-05 18:45:27.965 27158 27256 I BatteryMgr:DataCollectionService: stats => 1688575527965,-137206,4397
07-05 18:45:27.986 27158 27256 I BatteryMgr:DataCollectionService: stats => 1688575527986,-137206,4397
07-05 18:45:28.005 27158 27256 I BatteryMgr:DataCollectionService: stats => 1688575528005,-137206,4397
07-05 18:45:28.023 27158 27256 I BatteryMgr:DataCollectionService: stats => 1688575528022,-137206,4397
07-05 18:45:28.043 27158 27256 I BatteryMgr:DataCollectionService: stats => 1688575528043,-137206,4397
07-05 18:45:28.062 27158 27256 I BatteryMgr:DataCollectionService: stats => 1688575528062,-137206,4397
07-05 18:45:28.084 27158 27256 I BatteryMgr:DataCollectionService: stats => 1688575528083,-137206,4397
07-05 18:45:28.104 27158 27256 I BatteryMgr:DataCollectionService: stats => 1688575528104,-137206,4397
07-05 18:45:28.125 27158 27256 I BatteryMgr:DataCollectionService: stats => 1688575528125,-137206,4397
07-05 18:45:28.143 27158 27256 I BatteryMgr:DataCollectionService: stats => 1688575528143,-137206,4397
07-05 18:45:28.166 27158 27256 I BatteryMgr:DataCollectionService: stats => 1688575528166,-137206,4397
07-05 18:45:28.186 27158 27256 I BatteryMgr:DataCollectionService: stats => 1688575528186,-137206,4397
07-05 18:45:28.202 27158 27256 I BatteryMgr:DataCollectionService: stats => 1688575528202,-137206,4397
07-05 18:45:28.218 27158 27256 I BatteryMgr:DataCollectionService: stats => 1688575528218,-137206,4397
07-05 18:45:28.233 27158 27256 I BatteryMgr:DataCollectionService: stats => 1688575528233,-137206,4397
07-05 18:45:28.250 27158 27256 I BatteryMgr:DataCollectionService: stats => 1688575528250,-137206,4397
07-05 18:45:28.265 27158 27256 I BatteryMgr:DataCollectionService: stats => 1688575528265,-137206,4397
07-05 18:45:28.282 27158 27256 I BatteryMgr:DataCollectionService: stats => 1688575528282,-137206,4397
07-05 18:45:28.298 27158 27256 I BatteryMgr:DataCollectionService: stats => 1688575528296,-137206,4397
07-05 18:45:28.313 27158 27256 I BatteryMgr:DataCollectionService: stats => 1688575528312,-137206,4397
07-05 18:45:28.328 27158 27256 I BatteryMgr:DataCollectionService: stats => 1688575528328,-137206,4397
07-05 18:45:28.343 27158 27256 I BatteryMgr:DataCollectionService: stats => 1688575528343,-137206,4397
07-05 18:45:28.361 27158 27256 I BatteryMgr:DataCollectionService: stats => 1688575528361,-137206,4397
07-05 18:45:28.376 27158 27256 I BatteryMgr:DataCollectionService: stats => 1688575528375,-137206,4397
07-05 18:45:28.392 27158 27256 I BatteryMgr:DataCollectionService: stats => 1688575528392,-137206,4397
07-05 18:45:28.407 27158 27256 I BatteryMgr:DataCollectionService: stats => 1688575528406,-137206,4397
07-05 18:45:28.424 27158 27256 I BatteryMgr:DataCollectionService: stats => 1688575528424,-137206,4397
07-05 18:45:28.442 27158 27256 I BatteryMgr:DataCollectionService: stats => 1688575528442,-137206,4397
07-05 18:45:28.458 27158 27256 I BatteryMgr:DataCollectionService: stats => 1688575528457,-137206,4397
07-05 18:45:28.473 27158 27256 I BatteryMgr:DataCollectionService: stats => 1688575528473,-137206,4397
07-05 18:45:28.489 27158 27256 I BatteryMgr:DataCollectionService: stats => 1688575528489,-137206,4397
07-05 18:45:28.503 27158 27256 I BatteryMgr:DataCollectionService: stats => 1688575528503,-137206,4397
07-05 18:45:28.518 27158 27256 I BatteryMgr:DataCollectionService: stats => 1688575528518,-137206,4397
07-05 18:45:28.533 27158 27256 I BatteryMgr:DataCollectionService: stats => 1688575528532,-217285,4397
07-05 18:45:28.548 27158 27256 I BatteryMgr:DataCollectionService: stats => 1688575528548,-217285,4397
07-05 18:45:28.564 27158 27256 I BatteryMgr:DataCollectionService: stats => 1688575528563,-217285,4397
07-05 18:45:28.580 27158 27256 I BatteryMgr:DataCollectionService: stats => 1688575528580,-217285,4397
07-05 18:45:28.596 27158 27256 I BatteryMgr:DataCollectionService: stats => 1688575528596,-217285,4397
07-05 18:45:28.613 27158 27256 I BatteryMgr:DataCollectionService: stats => 1688575528613,-217285,4397
07-05 18:45:28.629 27158 27256 I BatteryMgr:DataCollectionService: stats => 1688575528629,-217285,4397
07-05 18:45:28.650 27158 27256 I BatteryMgr:DataCollectionService: stats => 1688575528650,-217285,4397
07-05 18:45:28.670 27158 27256 I BatteryMgr:DataCollectionService: stats => 1688575528670,-217285,4397
07-05 18:45:28.690 27158 27256 I BatteryMgr:DataCollectionService: stats => 1688575528690,-217285,4397
07-05 18:45:28.707 25243 25280 I Finsky:quick_launch: [2870] nlb.run(33): Stats for Executor: bgExecutor nls@1c8267f[Running, pool size = 4, active threads = 0, queued tasks = 0, completed tasks = 8]
07-05 18:45:28.709 25243 25280 I Finsky:quick_launch: [2870] nlb.run(33): Stats for Executor: LightweightExecutor nls@32d464c[Running, pool size = 1, active threads = 0, queued tasks = 0, completed tasks = 1]
07-05 18:45:28.710 25243 25280 I Finsky:quick_launch: [2870] nlb.run(33): Stats for Executor: BlockingExecutor nls@7a4695[Running, pool size = 0, active threads = 0, queued tasks = 0, completed tasks = 0]
07-05 18:45:28.711 27158 27256 I BatteryMgr:DataCollectionService: stats => 1688575528711,-217285,4397
07-05 18:45:28.730 27158 27256 I BatteryMgr:DataCollectionService: stats => 1688575528730,-217285,4397
07-05 18:45:28.751 27158 27256 I BatteryMgr:DataCollectionService: stats => 1688575528751,-217285,4397
07-05 18:45:28.773 27158 27256 I BatteryMgr:DataCollectionService: stats => 1688575528773,-217285,4397
07-05 18:45:28.792 27158 27256 I BatteryMgr:DataCollectionService: stats => 1688575528792,-217285,4397
07-05 18:45:28.804 25775 25969 W TaskMonitor: 1 tasks running slow
07-05 18:45:28.804 25775 25969 W TaskMonitor: 1 tasks running slow
07-05 18:45:28.805 25775 25969 W TaskMonitor: [Task=55993185] Slow task still running after 77s, operation queue size 0. celloTaskManagerImpl_98471701{not started,timedOut,delayMs=600000}
07-05 18:45:28.805 25775 25969 W TaskMonitor: [Task=55993185] Slow task still running after 77s, operation queue size 0. celloTaskManagerImpl_98471701{not started,timedOut,delayMs=600000}
07-05 18:45:28.811 27158 27256 I BatteryMgr:DataCollectionService: stats => 1688575528811,-217285,4397
07-05 18:45:28.826 27158 27256 I BatteryMgr:DataCollectionService: stats => 1688575528826,-217285,4397
07-05 18:45:28.846 27158 27256 I BatteryMgr:DataCollectionService: stats => 1688575528846,-217285,4397
07-05 18:45:28.865 27158 27256 I BatteryMgr:DataCollectionService: stats => 1688575528865,-217285,4397
07-05 18:45:28.885 27158 27256 I BatteryMgr:DataCollectionService: stats => 1688575528885,-217285,4397
07-05 18:45:28.906 27158 27256 I BatteryMgr:DataCollectionService: stats => 1688575528906,-217285,4397
07-05 18:45:28.928 27158 27256 I BatteryMgr:DataCollectionService: stats => 1688575528928,-217285,4397
07-05 18:45:28.949 27158 27256 I BatteryMgr:DataCollectionService: stats => 1688575528949,-217285,4397
07-05 18:45:28.976 27158 27256 I BatteryMgr:DataCollectionService: stats => 1688575528975,-217285,4397
07-05 18:45:28.995 27158 27256 I BatteryMgr:DataCollectionService: stats => 1688575528995,-217285,4397
07-05 18:45:29.015 27158 27256 I BatteryMgr:DataCollectionService: stats => 1688575529015,-217285,4397
07-05 18:45:29.036 27158 27256 I BatteryMgr:DataCollectionService: stats => 1688575529036,-217285,4397
07-05 18:45:29.055 27158 27256 I BatteryMgr:DataCollectionService: stats => 1688575529055,-217285,4397
07-05 18:45:29.074 27158 27256 I BatteryMgr:DataCollectionService: stats => 1688575529074,-217285,4397
07-05 18:45:29.094 27158 27256 I BatteryMgr:DataCollectionService: stats => 1688575529094,-217285,4397
07-05 18:45:29.114 27158 27256 I BatteryMgr:DataCollectionService: stats => 1688575529114,-217285,4397
07-05 18:45:29.130 27158 27256 I BatteryMgr:DataCollectionService: stats => 1688575529130,-217285,4397
07-05 18:45:29.146 27158 27256 I BatteryMgr:DataCollectionService: stats => 1688575529146,-217285,4397
07-05 18:45:29.162 27158 27256 I BatteryMgr:DataCollectionService: stats => 1688575529162,-217285,4397
07-05 18:45:29.183 27158 27256 I BatteryMgr:DataCollectionService: stats => 1688575529183,-217285,4397
07-05 18:45:29.205 27158 27256 I BatteryMgr:DataCollectionService: stats => 1688575529204,-217285,4397
07-05 18:45:29.225 27158 27256 I BatteryMgr:DataCollectionService: stats => 1688575529225,-217285,4397
07-05 18:45:29.242 27158 27256 I BatteryMgr:DataCollectionService: stats => 1688575529242,-217285,4397
07-05 18:45:29.258 27158 27256 I BatteryMgr:DataCollectionService: stats => 1688575529257,-217285,4397
07-05 18:45:29.272 27158 27256 I BatteryMgr:DataCollectionService: stats => 1688575529272,-217285,4397
07-05 18:45:29.289 27158 27256 I BatteryMgr:DataCollectionService: stats => 1688575529289,-217285,4397
07-05 18:45:29.305 27158 27256 I BatteryMgr:DataCollectionService: stats => 1688575529305,-217285,4397
07-05 18:45:29.322 27158 27256 I BatteryMgr:DataCollectionService: stats => 1688575529322,-217285,4397
07-05 18:45:29.337 27158 27256 I BatteryMgr:DataCollectionService: stats => 1688575529336,-217285,4397
07-05 18:45:29.352 27158 27256 I BatteryMgr:DataCollectionService: stats => 1688575529352,-217285,4397
07-05 18:45:29.368 27158 27256 I BatteryMgr:DataCollectionService: stats => 1688575529368,-217285,4397
07-05 18:45:29.383 27158 27256 I BatteryMgr:DataCollectionService: stats => 1688575529383,-217285,4397
07-05 18:45:29.400 27158 27256 I BatteryMgr:DataCollectionService: stats => 1688575529400,-217285,4397
07-05 18:45:29.414 27158 27256 I BatteryMgr:DataCollectionService: stats => 1688575529414,-217285,4397
07-05 18:45:29.433 27158 27256 I BatteryMgr:DataCollectionService: stats => 1688575529433,-217285,4397
07-05 18:45:29.452 27158 27256 I BatteryMgr:DataCollectionService: stats => 1688575529452,-217285,4397
07-05 18:45:29.470 27158 27256 I BatteryMgr:DataCollectionService: stats => 1688575529470,-217285,4397
07-05 18:45:29.492 27158 27256 I BatteryMgr:DataCollectionService: stats => 1688575529491,-217285,4397
07-05 18:45:29.515 27158 27256 I BatteryMgr:DataCollectionService: stats => 1688575529515,-217285,4397
07-05 18:45:29.539 27158 27256 I BatteryMgr:DataCollectionService: stats => 1688575529539,-217285,4397
07-05 18:45:29.559 27158 27256 I BatteryMgr:DataCollectionService: stats => 1688575529559,-217285,4397
07-05 18:45:29.579 27158 27256 I BatteryMgr:DataCollectionService: stats => 1688575529579,-217285,4397
07-05 18:45:29.599 27158 27256 I BatteryMgr:DataCollectionService: stats => 1688575529599,-217285,4397
07-05 18:45:29.618 27158 27256 I BatteryMgr:DataCollectionService: stats => 1688575529618,-217285,4397
07-05 18:45:29.639 27158 27256 I BatteryMgr:DataCollectionService: stats => 1688575529639,-217285,4397
07-05 18:45:29.657 27158 27256 I BatteryMgr:DataCollectionService: stats => 1688575529657,-217285,4397
07-05 18:45:29.675 27158 27256 I BatteryMgr:DataCollectionService: stats => 1688575529675,-217285,4397
07-05 18:45:29.696 27158 27256 I BatteryMgr:DataCollectionService: stats => 1688575529695,-217285,4397
07-05 18:45:29.716 27158 27256 I BatteryMgr:DataCollectionService: stats => 1688575529716,-217285,4397
07-05 18:45:29.736 27158 27256 I BatteryMgr:DataCollectionService: stats => 1688575529736,-217285,4397
07-05 18:45:29.757 27158 27256 I BatteryMgr:DataCollectionService: stats => 1688575529756,-217285,4397
07-05 18:45:29.776 27158 27256 I BatteryMgr:DataCollectionService: stats => 1688575529776,-217285,4397
07-05 18:45:29.796 27158 27256 I BatteryMgr:DataCollectionService: stats => 1688575529796,-217285,4397
07-05 18:45:29.814 27158 27256 I BatteryMgr:DataCollectionService: stats => 1688575529814,-217285,4397
07-05 18:45:29.831 27158 27256 I BatteryMgr:DataCollectionService: stats => 1688575529831,-217285,4397
07-05 18:45:29.853 27158 27256 I BatteryMgr:DataCollectionService: stats => 1688575529853,-217285,4397
07-05 18:45:29.872 27158 27256 I BatteryMgr:DataCollectionService: stats => 1688575529872,-217285,4397
07-05 18:45:29.886 27158 27256 I BatteryMgr:DataCollectionService: stats => 1688575529886,-217285,4397
07-05 18:45:29.900 27158 27256 I BatteryMgr:DataCollectionService: stats => 1688575529900,-217285,4397
07-05 18:45:29.915 27158 27256 I BatteryMgr:DataCollectionService: stats => 1688575529915,-217285,4397
07-05 18:45:29.935 27158 27256 I BatteryMgr:DataCollectionService: stats => 1688575529935,-217285,4397
07-05 18:45:29.955 27158 27256 I BatteryMgr:DataCollectionService: stats => 1688575529955,-217285,4397
07-05 18:45:29.976 27158 27256 I BatteryMgr:DataCollectionService: stats => 1688575529976,-217285,4397
07-05 18:45:29.996 27158 27256 I BatteryMgr:DataCollectionService: stats => 1688575529996,-160156,4397
07-05 18:45:30.019 27158 27256 I BatteryMgr:DataCollectionService: stats => 1688575530019,-160156,4397
07-05 18:45:30.035 27158 27256 I BatteryMgr:DataCollectionService: stats => 1688575530035,-160156,4397
07-05 18:45:30.058 27158 27256 I BatteryMgr:DataCollectionService: stats => 1688575530058,-160156,4397
07-05 18:45:30.079 27158 27256 I BatteryMgr:DataCollectionService: stats => 1688575530079,-160156,4397
07-05 18:45:30.095 27158 27256 I BatteryMgr:DataCollectionService: stats => 1688575530095,-160156,4397
07-05 18:45:30.116 27158 27256 I BatteryMgr:DataCollectionService: stats => 1688575530116,-160156,4397
07-05 18:45:30.140 27158 27256 I BatteryMgr:DataCollectionService: stats => 1688575530140,-160156,4397
07-05 18:45:30.157 27158 27256 I BatteryMgr:DataCollectionService: stats => 1688575530157,-160156,4397
07-05 18:45:30.180 27158 27256 I BatteryMgr:DataCollectionService: stats => 1688575530180,-160156,4397
07-05 18:45:30.196 27158 27256 I BatteryMgr:DataCollectionService: stats => 1688575530196,-160156,4397
07-05 18:45:30.212 27158 27256 I BatteryMgr:DataCollectionService: stats => 1688575530212,-160156,4397
07-05 18:45:30.234 27158 27256 I BatteryMgr:DataCollectionService: stats => 1688575530234,-160156,4397
07-05 18:45:30.254 27158 27256 I BatteryMgr:DataCollectionService: stats => 1688575530254,-160156,4397
07-05 18:45:30.274 27158 27256 I BatteryMgr:DataCollectionService: stats => 1688575530274,-160156,4397
07-05 18:45:30.296 27158 27256 I BatteryMgr:DataCollectionService: stats => 1688575530296,-160156,4397
07-05 18:45:30.319 27158 27256 I BatteryMgr:DataCollectionService: stats => 1688575530319,-160156,4397
07-05 18:45:30.340 27158 27256 I BatteryMgr:DataCollectionService: stats => 1688575530340,-160156,4397
07-05 18:45:30.356 27158 27256 I BatteryMgr:DataCollectionService: stats => 1688575530356,-160156,4397
07-05 18:45:30.371 27158 27256 I BatteryMgr:DataCollectionService: stats => 1688575530371,-160156,4397
07-05 18:45:30.388 27158 27256 I BatteryMgr:DataCollectionService: stats => 1688575530388,-160156,4397
07-05 18:45:30.403 27158 27256 I BatteryMgr:DataCollectionService: stats => 1688575530403,-160156,4397
07-05 18:45:30.419 27158 27256 I BatteryMgr:DataCollectionService: stats => 1688575530419,-160156,4397
07-05 18:45:30.435 27158 27256 I BatteryMgr:DataCollectionService: stats => 1688575530434,-160156,4397
07-05 18:45:30.450 27158 27256 I BatteryMgr:DataCollectionService: stats => 1688575530450,-160156,4397
07-05 18:45:30.465 27158 27256 I BatteryMgr:DataCollectionService: stats => 1688575530465,-160156,4397
07-05 18:45:30.480 27158 27256 I BatteryMgr:DataCollectionService: stats => 1688575530480,-160156,4397
07-05 18:45:30.496 27158 27256 I BatteryMgr:DataCollectionService: stats => 1688575530496,-160156,4397
07-05 18:45:30.512 27158 27256 I BatteryMgr:DataCollectionService: stats => 1688575530512,-160156,4397
07-05 18:45:30.528 27158 27256 I BatteryMgr:DataCollectionService: stats => 1688575530528,-160156,4397
07-05 18:45:30.542 27158 27256 I BatteryMgr:DataCollectionService: stats => 1688575530542,-160156,4397
07-05 18:45:30.558 27158 27256 I BatteryMgr:DataCollectionService: stats => 1688575530558,-160156,4397
07-05 18:45:30.573 27158 27256 I BatteryMgr:DataCollectionService: stats => 1688575530573,-160156,4397
07-05 18:45:30.589 27158 27256 I BatteryMgr:DataCollectionService: stats => 1688575530589,-160156,4397
07-05 18:45:30.607 27158 27256 I BatteryMgr:DataCollectionService: stats => 1688575530607,-160156,4397
07-05 18:45:30.625 27158 27256 I BatteryMgr:DataCollectionService: stats => 1688575530625,-160156,4397
07-05 18:45:30.644 27158 27256 I BatteryMgr:DataCollectionService: stats => 1688575530644,-160156,4397
07-05 18:45:30.661 27158 27256 I BatteryMgr:DataCollectionService: stats => 1688575530661,-160156,4397
07-05 18:45:30.679 27158 27256 I BatteryMgr:DataCollectionService: stats => 1688575530678,-160156,4397
07-05 18:45:30.698 27158 27256 I BatteryMgr:DataCollectionService: stats => 1688575530697,-160156,4397
07-05 18:45:30.718 27158 27256 I BatteryMgr:DataCollectionService: stats => 1688575530718,-160156,4397
07-05 18:45:30.738 27158 27256 I BatteryMgr:DataCollectionService: stats => 1688575530737,-160156,4397
07-05 18:45:30.757 27158 27256 I BatteryMgr:DataCollectionService: stats => 1688575530757,-160156,4397
07-05 18:45:30.772 27158 27256 I BatteryMgr:DataCollectionService: stats => 1688575530772,-160156,4397
07-05 18:45:30.793 27158 27256 I BatteryMgr:DataCollectionService: stats => 1688575530793,-160156,4397
07-05 18:45:30.815 27158 27256 I BatteryMgr:DataCollectionService: stats => 1688575530815,-160156,4397
07-05 18:45:30.832 27158 27256 I BatteryMgr:DataCollectionService: stats => 1688575530832,-160156,4397
07-05 18:45:30.850 27158 27256 I BatteryMgr:DataCollectionService: stats => 1688575530850,-160156,4397
07-05 18:45:30.868 27158 27256 I BatteryMgr:DataCollectionService: stats => 1688575530868,-160156,4397
07-05 18:45:30.889 27158 27256 I BatteryMgr:DataCollectionService: stats => 1688575530889,-160156,4397
07-05 18:45:30.909 27158 27256 I BatteryMgr:DataCollectionService: stats => 1688575530909,-160156,4397
07-05 18:45:30.929 27158 27256 I BatteryMgr:DataCollectionService: stats => 1688575530928,-160156,4397
07-05 18:45:30.949 27158 27256 I BatteryMgr:DataCollectionService: stats => 1688575530948,-160156,4397
07-05 18:45:30.969 27158 27256 I BatteryMgr:DataCollectionService: stats => 1688575530969,-160156,4397
07-05 18:45:30.989 27158 27256 I BatteryMgr:DataCollectionService: stats => 1688575530989,-160156,4397
07-05 18:45:31.008 27158 27256 I BatteryMgr:DataCollectionService: stats => 1688575531008,-160156,4397
07-05 18:45:31.024 27158 27256 I BatteryMgr:DataCollectionService: stats => 1688575531024,-160156,4397
07-05 18:45:31.038 27158 27256 I BatteryMgr:DataCollectionService: stats => 1688575531038,-160156,4397
07-05 18:45:31.060 27158 27256 I BatteryMgr:DataCollectionService: stats => 1688575531060,-160156,4397
07-05 18:45:31.080 27158 27256 I BatteryMgr:DataCollectionService: stats => 1688575531080,-160156,4397
07-05 18:45:31.100 27158 27256 I BatteryMgr:DataCollectionService: stats => 1688575531100,-160156,4397
07-05 18:45:31.119 27158 27256 I BatteryMgr:DataCollectionService: stats => 1688575531118,-160156,4397
07-05 18:45:31.135 27158 27256 I BatteryMgr:DataCollectionService: stats => 1688575531135,-160156,4397
07-05 18:45:31.150 27158 27256 I BatteryMgr:DataCollectionService: stats => 1688575531150,-160156,4397
07-05 18:45:31.169 27158 27256 I BatteryMgr:DataCollectionService: stats => 1688575531169,-160156,4397
07-05 18:45:31.185 27158 27256 I BatteryMgr:DataCollectionService: stats => 1688575531184,-160156,4397
07-05 18:45:31.206 27158 27256 I BatteryMgr:DataCollectionService: stats => 1688575531206,-160156,4397
07-05 18:45:31.229 27158 27256 I BatteryMgr:DataCollectionService: stats => 1688575531229,-160156,4397
07-05 18:45:31.249 27158 27256 I BatteryMgr:DataCollectionService: stats => 1688575531249,-160156,4397
07-05 18:45:31.268 27158 27256 I BatteryMgr:DataCollectionService: stats => 1688575531268,-160156,4397
07-05 18:45:31.283 27158 27256 I BatteryMgr:DataCollectionService: stats => 1688575531283,-160156,4397
07-05 18:45:31.305 27158 27256 I BatteryMgr:DataCollectionService: stats => 1688575531305,-160156,4397
07-05 18:45:31.326 27158 27256 I BatteryMgr:DataCollectionService: stats => 1688575531326,-160156,4397
07-05 18:45:31.348 27158 27256 I BatteryMgr:DataCollectionService: stats => 1688575531348,-160156,4397
07-05 18:45:31.370 27158 27256 I BatteryMgr:DataCollectionService: stats => 1688575531370,-160156,4397
07-05 18:45:31.390 27158 27256 I BatteryMgr:DataCollectionService: stats => 1688575531390,-160156,4397
07-05 18:45:31.411 27158 27256 I BatteryMgr:DataCollectionService: stats => 1688575531411,-160156,4397
07-05 18:45:31.432 27158 27256 I BatteryMgr:DataCollectionService: stats => 1688575531432,-160156,4397
07-05 18:45:31.454 27158 27256 I BatteryMgr:DataCollectionService: stats => 1688575531454,-160156,4397
07-05 18:45:31.474 27158 27256 I BatteryMgr:DataCollectionService: stats => 1688575531473,-131835,4397
07-05 18:45:31.492 27158 27256 I BatteryMgr:DataCollectionService: stats => 1688575531492,-131835,4397
07-05 18:45:31.511 27158 27256 I BatteryMgr:DataCollectionService: stats => 1688575531511,-131835,4397
07-05 18:45:31.529 27158 27256 I BatteryMgr:DataCollectionService: stats => 1688575531529,-131835,4397
07-05 18:45:31.548 27158 27256 I BatteryMgr:DataCollectionService: stats => 1688575531548,-131835,4397
07-05 18:45:31.567 27158 27256 I BatteryMgr:DataCollectionService: stats => 1688575531567,-131835,4397
07-05 18:45:31.583 27158 27256 I BatteryMgr:DataCollectionService: stats => 1688575531583,-131835,4397
07-05 18:45:31.598 27158 27256 I BatteryMgr:DataCollectionService: stats => 1688575531598,-131835,4397
07-05 18:45:31.612 27158 27256 I BatteryMgr:DataCollectionService: stats => 1688575531612,-131835,4397
07-05 18:45:31.628 27158 27256 I BatteryMgr:DataCollectionService: stats => 1688575531628,-131835,4397
07-05 18:45:31.643 27158 27256 I BatteryMgr:DataCollectionService: stats => 1688575531643,-131835,4397
07-05 18:45:31.658 27158 27256 I BatteryMgr:DataCollectionService: stats => 1688575531658,-131835,4397
07-05 18:45:31.672 27158 27256 I BatteryMgr:DataCollectionService: stats => 1688575531672,-131835,4397
07-05 18:45:31.687 27158 27256 I BatteryMgr:DataCollectionService: stats => 1688575531687,-131835,4397
07-05 18:45:31.702 27158 27256 I BatteryMgr:DataCollectionService: stats => 1688575531702,-131835,4397
07-05 18:45:31.718 27158 27256 I BatteryMgr:DataCollectionService: stats => 1688575531718,-131835,4397
07-05 18:45:31.733 27158 27256 I BatteryMgr:DataCollectionService: stats => 1688575531733,-131835,4397
07-05 18:45:31.749 27158 27256 I BatteryMgr:DataCollectionService: stats => 1688575531749,-131835,4397
07-05 18:45:31.764 27158 27256 I BatteryMgr:DataCollectionService: stats => 1688575531764,-131835,4397
07-05 18:45:31.779 27158 27256 I BatteryMgr:DataCollectionService: stats => 1688575531779,-131835,4397
07-05 18:45:31.794 27158 27256 I BatteryMgr:DataCollectionService: stats => 1688575531794,-131835,4397
07-05 18:45:31.797 25775 25969 W TaskMonitor: 1 tasks running slow
07-05 18:45:31.797 25775 25969 W TaskMonitor: 1 tasks running slow
07-05 18:45:31.798 25775 25969 W TaskMonitor: [Task=55993185] Slow task still running after 80s, operation queue size 0. celloTaskManagerImpl_98471701{not started,timedOut,delayMs=600000}
07-05 18:45:31.798 25775 25969 W TaskMonitor: [Task=55993185] Slow task still running after 80s, operation queue size 0. celloTaskManagerImpl_98471701{not started,timedOut,delayMs=600000}
07-05 18:45:31.809 27158 27256 I BatteryMgr:DataCollectionService: stats => 1688575531809,-131835,4397
07-05 18:45:31.828 27158 27256 I BatteryMgr:DataCollectionService: stats => 1688575531828,-131835,4397
07-05 18:45:31.848 27158 27256 I BatteryMgr:DataCollectionService: stats => 1688575531848,-131835,4397
07-05 18:45:31.866 27158 27256 I BatteryMgr:DataCollectionService: stats => 1688575531866,-131835,4397
07-05 18:45:31.886 27158 27256 I BatteryMgr:DataCollectionService: stats => 1688575531886,-131835,4397
07-05 18:45:31.906 27158 27256 I BatteryMgr:DataCollectionService: stats => 1688575531906,-131835,4397
07-05 18:45:31.929 27158 27256 I BatteryMgr:DataCollectionService: stats => 1688575531929,-131835,4397
07-05 18:45:31.949 27158 27256 I BatteryMgr:DataCollectionService: stats => 1688575531949,-131835,4397
07-05 18:45:31.966 27158 27256 I BatteryMgr:DataCollectionService: stats => 1688575531966,-131835,4397
07-05 18:45:31.982 27158 27256 I BatteryMgr:DataCollectionService: stats => 1688575531982,-131835,4397
07-05 18:45:32.000 27158 27256 I BatteryMgr:DataCollectionService: stats => 1688575532000,-131835,4397
07-05 18:45:32.017 27158 27256 I BatteryMgr:DataCollectionService: stats => 1688575532017,-131835,4397
07-05 18:45:32.037 27158 27256 I BatteryMgr:DataCollectionService: stats => 1688575532037,-131835,4397
07-05 18:45:32.057 27158 27256 I BatteryMgr:DataCollectionService: stats => 1688575532057,-131835,4397
07-05 18:45:32.073 27158 27256 I BatteryMgr:DataCollectionService: stats => 1688575532073,-131835,4397
07-05 18:45:32.091 27158 27256 I BatteryMgr:DataCollectionService: stats => 1688575532091,-131835,4397
07-05 18:45:32.106 27158 27256 I BatteryMgr:DataCollectionService: stats => 1688575532106,-131835,4397
07-05 18:45:32.130 27158 27256 I BatteryMgr:DataCollectionService: stats => 1688575532129,-131835,4397
07-05 18:45:32.154 27158 27256 I BatteryMgr:DataCollectionService: stats => 1688575532153,-131835,4397
07-05 18:45:32.176 27158 27256 I BatteryMgr:DataCollectionService: stats => 1688575532176,-131835,4397
07-05 18:45:32.198 27158 27256 I BatteryMgr:DataCollectionService: stats => 1688575532198,-131835,4397
07-05 18:45:32.213 27158 27256 I BatteryMgr:DataCollectionService: stats => 1688575532213,-131835,4397
07-05 18:45:32.235 27158 27256 I BatteryMgr:DataCollectionService: stats => 1688575532235,-131835,4397
07-05 18:45:32.258 27158 27256 I BatteryMgr:DataCollectionService: stats => 1688575532257,-131835,4397
07-05 18:45:32.279 27158 27256 I BatteryMgr:DataCollectionService: stats => 1688575532279,-131835,4397
07-05 18:45:32.299 27158 27256 I BatteryMgr:DataCollectionService: stats => 1688575532299,-131835,4397
07-05 18:45:32.314 27158 27256 I BatteryMgr:DataCollectionService: stats => 1688575532313,-131835,4397
07-05 18:45:32.335 27158 27256 I BatteryMgr:DataCollectionService: stats => 1688575532335,-131835,4397
07-05 18:45:32.357 27158 27256 I BatteryMgr:DataCollectionService: stats => 1688575532357,-131835,4397
07-05 18:45:32.380 27158 27256 I BatteryMgr:DataCollectionService: stats => 1688575532380,-131835,4397
07-05 18:45:32.399 27158 27256 I BatteryMgr:DataCollectionService: stats => 1688575532399,-131835,4397
07-05 18:45:32.419 27158 27256 I BatteryMgr:DataCollectionService: stats => 1688575532418,-131835,4397
07-05 18:45:32.446 27158 27256 I BatteryMgr:DataCollectionService: stats => 1688575532446,-131835,4397
07-05 18:45:32.475 27158 27256 I BatteryMgr:DataCollectionService: stats => 1688575532475,-131835,4397
07-05 18:45:32.499 27158 27256 I BatteryMgr:DataCollectionService: stats => 1688575532499,-131835,4397
07-05 18:45:32.529 27158 27256 I BatteryMgr:DataCollectionService: stats => 1688575532529,-131835,4397
07-05 18:45:32.546 27158 27256 I BatteryMgr:DataCollectionService: stats => 1688575532546,-131835,4397
07-05 18:45:32.558 23110 23159 E TraceManagerImpl: Trace BugleApplicationBase#onTrimMemory timed out after 3627521 ms. Complete trace: # coqo@302bacb2
07-05 18:45:32.558 23110 23159 E TraceManagerImpl: coqx: 
07-05 18:45:32.558 23110 23159 E TraceManagerImpl: 	at tk_trace.PreferenceFileInitModule#providePreferenceFileInit(Started After:0)
07-05 18:45:32.561 27158 27256 I BatteryMgr:DataCollectionService: stats => 1688575532561,-131835,4397
07-05 18:45:32.575 27158 27256 I BatteryMgr:DataCollectionService: stats => 1688575532575,-131835,4397
07-05 18:45:32.593 27158 27256 I BatteryMgr:DataCollectionService: stats => 1688575532593,-131835,4397
07-05 18:45:32.611 27158 27256 I BatteryMgr:DataCollectionService: stats => 1688575532611,-131835,4397
07-05 18:45:32.631 27158 27256 I BatteryMgr:DataCollectionService: stats => 1688575532630,-131835,4397
07-05 18:45:32.648 27158 27256 I BatteryMgr:DataCollectionService: stats => 1688575532648,-131835,4397
07-05 18:45:32.666 27158 27256 I BatteryMgr:DataCollectionService: stats => 1688575532666,-131835,4397
07-05 18:45:32.684 27158 27256 I BatteryMgr:DataCollectionService: stats => 1688575532684,-131835,4397
07-05 18:45:32.703 27158 27256 I BatteryMgr:DataCollectionService: stats => 1688575532702,-131835,4397
07-05 18:45:32.722 27158 27256 I BatteryMgr:DataCollectionService: stats => 1688575532721,-131835,4397
07-05 18:45:32.739 27158 27256 I BatteryMgr:DataCollectionService: stats => 1688575532738,-131835,4397
07-05 18:45:32.760 27158 27256 I BatteryMgr:DataCollectionService: stats => 1688575532760,-131835,4397
07-05 18:45:32.791 27158 27256 I BatteryMgr:DataCollectionService: stats => 1688575532791,-131835,4397
07-05 18:45:32.809 27158 27256 I BatteryMgr:DataCollectionService: stats => 1688575532808,-131835,4397
07-05 18:45:32.825 27158 27256 I BatteryMgr:DataCollectionService: stats => 1688575532825,-131835,4397
07-05 18:45:32.840 27158 27256 I BatteryMgr:DataCollectionService: stats => 1688575532840,-131835,4397
07-05 18:45:32.856 27158 27256 I BatteryMgr:DataCollectionService: stats => 1688575532856,-131835,4397
07-05 18:45:32.871 27158 27256 I BatteryMgr:DataCollectionService: stats => 1688575532870,-131835,4397
07-05 18:45:32.885 27158 27256 I BatteryMgr:DataCollectionService: stats => 1688575532885,-131835,4397
07-05 18:45:32.901 27158 27256 I BatteryMgr:DataCollectionService: stats => 1688575532901,-131835,4397
07-05 18:45:32.916 27158 27256 I BatteryMgr:DataCollectionService: stats => 1688575532916,-131835,4397
07-05 18:45:32.935 27158 27256 I BatteryMgr:DataCollectionService: stats => 1688575532935,-131835,4397
07-05 18:45:32.951 27158 27256 I BatteryMgr:DataCollectionService: stats => 1688575532951,-214843,4397
07-05 18:45:32.968 27158 27256 I BatteryMgr:DataCollectionService: stats => 1688575532968,-214843,4397
07-05 18:45:32.983 27158 27256 I BatteryMgr:DataCollectionService: stats => 1688575532983,-214843,4397
07-05 18:45:33.000 27158 27256 I BatteryMgr:DataCollectionService: stats => 1688575533000,-214843,4397
07-05 18:45:33.017 27158 27256 I BatteryMgr:DataCollectionService: stats => 1688575533017,-214843,4397
07-05 18:45:33.033 27158 27256 I BatteryMgr:DataCollectionService: stats => 1688575533033,-214843,4397
07-05 18:45:33.048 27158 27256 I BatteryMgr:DataCollectionService: stats => 1688575533048,-214843,4397
07-05 18:45:33.066 27158 27256 I BatteryMgr:DataCollectionService: stats => 1688575533066,-214843,4397
07-05 18:45:33.085 27158 27256 I BatteryMgr:DataCollectionService: stats => 1688575533084,-214843,4397
07-05 18:45:33.103 27158 27256 I BatteryMgr:DataCollectionService: stats => 1688575533103,-214843,4397
07-05 18:45:33.124 27158 27256 I BatteryMgr:DataCollectionService: stats => 1688575533124,-214843,4397
07-05 18:45:33.122  1214  1214 W /system/vendor/bin/ipacm: type=1400 audit(0.0:261308): avc: denied { write } for comm=6E65746C696E6B20736F636B6574 name="ipacm_log_file" dev="tmpfs" ino=20285 scontext=u:r:ipacm:s0 tcontext=u:object_r:ipacm_socket:s0 tclass=sock_file permissive=0
07-05 18:45:33.122  1214  1214 I chatty  : uid=1001(radio) /system/vendor/bin/ipacm identical 1 line
07-05 18:45:33.122  1214  1214 W /system/vendor/bin/ipacm: type=1400 audit(0.0:261310): avc: denied { write } for comm=6E65746C696E6B20736F636B6574 name="ipacm_log_file" dev="tmpfs" ino=20285 scontext=u:r:ipacm:s0 tcontext=u:object_r:ipacm_socket:s0 tclass=sock_file permissive=0
07-05 18:45:33.122  1214  1214 W ipacm   : type=1400 audit(0.0:261311): avc: denied { write } for name="ipacm_log_file" dev="tmpfs" ino=20285 scontext=u:r:ipacm:s0 tcontext=u:object_r:ipacm_socket:s0 tclass=sock_file permissive=0
07-05 18:45:33.122  1214  1214 W ipacm   : type=1400 audit(0.0:261312): avc: denied { write } for name="ipacm_log_file" dev="tmpfs" ino=20285 scontext=u:r:ipacm:s0 tcontext=u:object_r:ipacm_socket:s0 tclass=sock_file permissive=0
07-05 18:45:33.143 27158 27256 I BatteryMgr:DataCollectionService: stats => 1688575533143,-214843,4397
07-05 18:45:33.165 27158 27256 I BatteryMgr:DataCollectionService: stats => 1688575533165,-214843,4397
07-05 18:45:33.185 27158 27256 I BatteryMgr:DataCollectionService: stats => 1688575533185,-214843,4397
07-05 18:45:33.205 27158 27256 I BatteryMgr:DataCollectionService: stats => 1688575533205,-214843,4397
07-05 18:45:33.225 27158 27256 I BatteryMgr:DataCollectionService: stats => 1688575533225,-214843,4397
07-05 18:45:33.241 27158 27256 I BatteryMgr:DataCollectionService: stats => 1688575533241,-214843,4397
07-05 18:45:33.255 27158 27256 I BatteryMgr:DataCollectionService: stats => 1688575533255,-214843,4397
07-05 18:45:33.271 27158 27256 I BatteryMgr:DataCollectionService: stats => 1688575533271,-214843,4397
07-05 18:45:33.290 27158 27256 I BatteryMgr:DataCollectionService: stats => 1688575533289,-214843,4397
07-05 18:45:33.304 27158 27256 I BatteryMgr:DataCollectionService: stats => 1688575533304,-214843,4397
07-05 18:45:33.322 27158 27256 I BatteryMgr:DataCollectionService: stats => 1688575533322,-214843,4397
07-05 18:45:33.340 27158 27256 I BatteryMgr:DataCollectionService: stats => 1688575533340,-214843,4397
07-05 18:45:33.355 27158 27256 I BatteryMgr:DataCollectionService: stats => 1688575533355,-214843,4397
07-05 18:45:33.371 27158 27256 I BatteryMgr:DataCollectionService: stats => 1688575533371,-214843,4397
07-05 18:45:33.386 27158 27256 I BatteryMgr:DataCollectionService: stats => 1688575533386,-214843,4397
07-05 18:45:33.402 27158 27256 I BatteryMgr:DataCollectionService: stats => 1688575533402,-214843,4397
07-05 18:45:33.420 27158 27256 I BatteryMgr:DataCollectionService: stats => 1688575533420,-214843,4397
07-05 18:45:33.435 27158 27256 I BatteryMgr:DataCollectionService: stats => 1688575533435,-214843,4397
07-05 18:45:33.452 27158 27256 I BatteryMgr:DataCollectionService: stats => 1688575533452,-214843,4397
07-05 18:45:33.469 27158 27256 I BatteryMgr:DataCollectionService: stats => 1688575533469,-214843,4397
07-05 18:45:33.488 27158 27256 I BatteryMgr:DataCollectionService: stats => 1688575533488,-214843,4397
07-05 18:45:33.508 27158 27256 I BatteryMgr:DataCollectionService: stats => 1688575533508,-214843,4397
07-05 18:45:33.526 27158 27256 I BatteryMgr:DataCollectionService: stats => 1688575533526,-214843,4397
07-05 18:45:33.545 27158 27256 I BatteryMgr:DataCollectionService: stats => 1688575533545,-214843,4397
07-05 18:45:33.566 27158 27256 I BatteryMgr:DataCollectionService: stats => 1688575533566,-214843,4397
07-05 18:45:33.586 27158 27256 I BatteryMgr:DataCollectionService: stats => 1688575533586,-214843,4397
07-05 18:45:33.607 27158 27256 I BatteryMgr:DataCollectionService: stats => 1688575533607,-214843,4397
07-05 18:45:33.627 27158 27256 I BatteryMgr:DataCollectionService: stats => 1688575533627,-214843,4397
07-05 18:45:33.642 27158 27256 I BatteryMgr:DataCollectionService: stats => 1688575533642,-214843,4397
07-05 18:45:33.661 27158 27256 I BatteryMgr:DataCollectionService: stats => 1688575533661,-214843,4397
07-05 18:45:33.678 27158 27256 I BatteryMgr:DataCollectionService: stats => 1688575533678,-214843,4397
07-05 18:45:33.696 27158 27256 I BatteryMgr:DataCollectionService: stats => 1688575533696,-214843,4397
07-05 18:45:33.714 27158 27256 I BatteryMgr:DataCollectionService: stats => 1688575533714,-214843,4397
07-05 18:45:33.731 27158 27256 I BatteryMgr:DataCollectionService: stats => 1688575533731,-214843,4397
07-05 18:45:33.745 27158 27256 I BatteryMgr:DataCollectionService: stats => 1688575533745,-214843,4397
07-05 18:45:33.764 27158 27256 I BatteryMgr:DataCollectionService: stats => 1688575533764,-214843,4397
07-05 18:45:33.780 27158 27256 I BatteryMgr:DataCollectionService: stats => 1688575533780,-214843,4397
07-05 18:45:33.799 27158 27256 I BatteryMgr:DataCollectionService: stats => 1688575533799,-214843,4397
07-05 18:45:33.817 27158 27256 I BatteryMgr:DataCollectionService: stats => 1688575533817,-214843,4397
07-05 18:45:33.834 27158 27256 I BatteryMgr:DataCollectionService: stats => 1688575533834,-214843,4397
07-05 18:45:33.848 27158 27256 I BatteryMgr:DataCollectionService: stats => 1688575533848,-214843,4397
07-05 18:45:33.863 27158 27256 I BatteryMgr:DataCollectionService: stats => 1688575533863,-214843,4397
07-05 18:45:33.879 27158 27256 I BatteryMgr:DataCollectionService: stats => 1688575533879,-214843,4397
07-05 18:45:33.895 27158 27256 I BatteryMgr:DataCollectionService: stats => 1688575533895,-214843,4397
07-05 18:45:33.913 27158 27256 I BatteryMgr:DataCollectionService: stats => 1688575533913,-214843,4397
07-05 18:45:33.932 27158 27256 I BatteryMgr:DataCollectionService: stats => 1688575533932,-214843,4397
07-05 18:45:33.948 27158 27256 I BatteryMgr:DataCollectionService: stats => 1688575533948,-214843,4397
07-05 18:45:33.971 27158 27256 I BatteryMgr:DataCollectionService: stats => 1688575533970,-214843,4397
07-05 18:45:33.985 27158 27256 I BatteryMgr:DataCollectionService: stats => 1688575533985,-214843,4397
07-05 18:45:34.002 27158 27256 I BatteryMgr:DataCollectionService: stats => 1688575534002,-214843,4397
07-05 18:45:34.018 27158 27256 I BatteryMgr:DataCollectionService: stats => 1688575534018,-214843,4397
07-05 18:45:34.033 27158 27256 I BatteryMgr:DataCollectionService: stats => 1688575534033,-214843,4397
07-05 18:45:34.050 27158 27256 I BatteryMgr:DataCollectionService: stats => 1688575534049,-214843,4397
07-05 18:45:34.066 27158 27256 I BatteryMgr:DataCollectionService: stats => 1688575534066,-214843,4397
07-05 18:45:34.083 27158 27256 I BatteryMgr:DataCollectionService: stats => 1688575534083,-214843,4397
07-05 18:45:34.099 27158 27256 I BatteryMgr:DataCollectionService: stats => 1688575534099,-214843,4397
07-05 18:45:34.114 27158 27256 I BatteryMgr:DataCollectionService: stats => 1688575534114,-214843,4397
07-05 18:45:34.129 27158 27256 I BatteryMgr:DataCollectionService: stats => 1688575534129,-214843,4397
07-05 18:45:34.145 27158 27256 I BatteryMgr:DataCollectionService: stats => 1688575534145,-214843,4397
07-05 18:45:34.160 27158 27256 I BatteryMgr:DataCollectionService: stats => 1688575534160,-214843,4397
07-05 18:45:34.176 27158 27256 I BatteryMgr:DataCollectionService: stats => 1688575534176,-214843,4397
07-05 18:45:34.195 27158 27256 I BatteryMgr:DataCollectionService: stats => 1688575534195,-214843,4397
07-05 18:45:34.214 27158 27256 I BatteryMgr:DataCollectionService: stats => 1688575534214,-214843,4397
07-05 18:45:34.234 27158 27256 I BatteryMgr:DataCollectionService: stats => 1688575534234,-214843,4397
07-05 18:45:34.253 27158 27256 I BatteryMgr:DataCollectionService: stats => 1688575534253,-214843,4397
07-05 18:45:34.275 27158 27256 I BatteryMgr:DataCollectionService: stats => 1688575534275,-214843,4397
07-05 18:45:34.294 27158 27256 I BatteryMgr:DataCollectionService: stats => 1688575534294,-214843,4397
07-05 18:45:34.311 27158 27256 I BatteryMgr:DataCollectionService: stats => 1688575534311,-214843,4397
07-05 18:45:34.330 27158 27256 I BatteryMgr:DataCollectionService: stats => 1688575534330,-214843,4397
07-05 18:45:34.351 27158 27256 I BatteryMgr:DataCollectionService: stats => 1688575534350,-214843,4397
07-05 18:45:34.371 27158 27256 I BatteryMgr:DataCollectionService: stats => 1688575534371,-214843,4397
07-05 18:45:34.391 27158 27256 I BatteryMgr:DataCollectionService: stats => 1688575534391,-214843,4397
07-05 18:45:34.412 27158 27256 I BatteryMgr:DataCollectionService: stats => 1688575534412,-214843,4397
07-05 18:45:34.434 27158 27256 I BatteryMgr:DataCollectionService: stats => 1688575534433,-146972,4397
07-05 18:45:34.456 27158 27256 I BatteryMgr:DataCollectionService: stats => 1688575534456,-146972,4397
07-05 18:45:34.476 27158 27256 I BatteryMgr:DataCollectionService: stats => 1688575534476,-146972,4397
07-05 18:45:34.495 27158 27256 I BatteryMgr:DataCollectionService: stats => 1688575534495,-146972,4397
07-05 18:45:34.516 27158 27256 I BatteryMgr:DataCollectionService: stats => 1688575534516,-146972,4397
07-05 18:45:34.537 27158 27256 I BatteryMgr:DataCollectionService: stats => 1688575534537,-146972,4397
07-05 18:45:34.556 27158 27256 I BatteryMgr:DataCollectionService: stats => 1688575534556,-146972,4397
07-05 18:45:34.576 27158 27256 I BatteryMgr:DataCollectionService: stats => 1688575534576,-146972,4397
07-05 18:45:34.597 27158 27256 I BatteryMgr:DataCollectionService: stats => 1688575534597,-146972,4397
07-05 18:45:34.618 27158 27256 I BatteryMgr:DataCollectionService: stats => 1688575534618,-146972,4397
07-05 18:45:34.636 27158 27256 I BatteryMgr:DataCollectionService: stats => 1688575534636,-146972,4397
07-05 18:45:34.658 27158 27256 I BatteryMgr:DataCollectionService: stats => 1688575534658,-146972,4397
07-05 18:45:34.673 27158 27256 I BatteryMgr:DataCollectionService: stats => 1688575534673,-146972,4397
07-05 18:45:34.695 27158 27256 I BatteryMgr:DataCollectionService: stats => 1688575534695,-146972,4397
07-05 18:45:34.719 27158 27256 I BatteryMgr:DataCollectionService: stats => 1688575534719,-146972,4397
07-05 18:45:34.739 27158 27256 I BatteryMgr:DataCollectionService: stats => 1688575534739,-146972,4397
07-05 18:45:34.756 27158 27256 I BatteryMgr:DataCollectionService: stats => 1688575534756,-146972,4397
07-05 18:45:34.775 27158 27256 I BatteryMgr:DataCollectionService: stats => 1688575534775,-146972,4397
07-05 18:45:34.793 27158 27256 I BatteryMgr:DataCollectionService: stats => 1688575534793,-146972,4397
07-05 18:45:34.794 25775 25969 W TaskMonitor: 1 tasks running slow
07-05 18:45:34.795 25775 25969 W TaskMonitor: 1 tasks running slow
07-05 18:45:34.795 25775 25969 W TaskMonitor: [Task=55993185] Slow task still running after 83s, operation queue size 0. celloTaskManagerImpl_98471701{not started,timedOut,delayMs=600000}
07-05 18:45:34.795 25775 25969 W TaskMonitor: [Task=55993185] Slow task still running after 83s, operation queue size 0. celloTaskManagerImpl_98471701{not started,timedOut,delayMs=600000}
07-05 18:45:34.809 27158 27256 I BatteryMgr:DataCollectionService: stats => 1688575534809,-146972,4397
07-05 18:45:34.824 27158 27256 I BatteryMgr:DataCollectionService: stats => 1688575534824,-146972,4397
07-05 18:45:34.853 27158 27256 I BatteryMgr:DataCollectionService: stats => 1688575534853,-146972,4397
07-05 18:45:34.870 27158 27256 I BatteryMgr:DataCollectionService: stats => 1688575534870,-146972,4397
07-05 18:45:34.886 27158 27256 I BatteryMgr:DataCollectionService: stats => 1688575534886,-146972,4397
07-05 18:45:34.903 27158 27256 I BatteryMgr:DataCollectionService: stats => 1688575534903,-146972,4397
07-05 18:45:34.918 27158 27256 I BatteryMgr:DataCollectionService: stats => 1688575534917,-146972,4397
07-05 18:45:34.937 27158 27256 I BatteryMgr:DataCollectionService: stats => 1688575534936,-146972,4397
07-05 18:45:34.959 27158 27256 I BatteryMgr:DataCollectionService: stats => 1688575534959,-146972,4397
07-05 18:45:34.979 27158 27256 I BatteryMgr:DataCollectionService: stats => 1688575534979,-146972,4397
07-05 18:45:34.999 27158 27256 I BatteryMgr:DataCollectionService: stats => 1688575534999,-146972,4397
07-05 18:45:35.019 27158 27256 I BatteryMgr:DataCollectionService: stats => 1688575535019,-146972,4397
07-05 18:45:35.040 27158 27256 I BatteryMgr:DataCollectionService: stats => 1688575535040,-146972,4397
07-05 18:45:35.059 27158 27256 I BatteryMgr:DataCollectionService: stats => 1688575535059,-146972,4397
