05-07 21:33:18.316 12258 12368 I BatteryMgr:DataCollectionService: stats => 1683487998316,false,true,-2147483648,90,91875,144375,-2147483648,2203000,3,2203000,91875,90,90,2203000,144375,91875,-2147483648,3,91875,144375,-2147483648,90,2203000,2,17303567,90,0,100,3,Li-ion,255,4161
05-07 21:33:18.849 12258 12368 I BatteryMgr:DataCollectionService: stats => 1683487998849,false,true,-2147483648,90,105312,142812,-2147483648,2203000,3,2203000,105312,90,90,2203000,142812,105312,-2147483648,3,105312,142812,-2147483648,90,2203000,2,17303567,90,0,100,3,Li-ion,255,4161
05-07 21:33:18.989  1007  1073 D VSC     : @ 279824.917: [WO] Proposed rotation: 0, flat angle threshold: 65
05-07 21:33:18.989  1007  1073 D VSC     : @ 279824.918: [WO] orientation angle 3, orientation 0
05-07 21:33:18.990  1007  1073 D VSC     : @ 279824.918: [WO] Gyro angle integrated: 0.108146
05-07 21:33:19.396 12258 12368 I BatteryMgr:DataCollectionService: stats => 1683487999396,false,true,-2147483648,90,104687,141875,-2147483648,2203000,3,2203000,104687,90,90,2203000,141875,104687,-2147483648,3,104687,141875,-2147483648,90,2203000,2,17303567,90,0,100,3,Li-ion,255,4161
05-07 21:33:19.607  1701  2076 D ConnectivityService: NetReassign [no changes]
05-07 21:33:19.932 12258 12368 I BatteryMgr:DataCollectionService: stats => 1683487999932,false,true,-2147483648,90,136250,140625,-2147483648,2203000,3,2203000,136250,90,90,2203000,140625,136250,-2147483648,3,136250,140625,-2147483648,90,2203000,2,17303567,90,0,100,3,Li-ion,255,4161
05-07 21:33:20.468 12258 12368 I BatteryMgr:DataCollectionService: stats => 1683488000468,false,true,-2147483648,90,98437,140000,-2147483648,2203000,3,2203000,98437,90,90,2203000,140000,98437,-2147483648,3,98437,140000,-2147483648,90,2203000,2,17303567,90,0,100,3,Li-ion,255,4161
05-07 21:33:20.978  1007  1073 D VSC     : @ 279826.917: [WO] Proposed rotation: 0, flat angle threshold: 65
05-07 21:33:20.978  1007  1073 D VSC     : @ 279826.917: [WO] orientation angle 3, orientation 0
05-07 21:33:20.979  1007  1073 D VSC     : @ 279826.917: [WO] Gyro angle integrated: 0.031965
05-07 21:33:21.001 12258 12368 I BatteryMgr:DataCollectionService: stats => 1683488001001,false,true,-2147483648,90,106875,137812,-2147483648,2203000,3,2203000,106875,90,90,2203000,137812,106875,-2147483648,3,106875,137812,-2147483648,90,2203000,2,17303567,90,0,100,3,Li-ion,255,4161
05-07 21:33:21.541 12258 12368 I BatteryMgr:DataCollectionService: stats => 1683488001541,false,true,-2147483648,90,109687,139062,-2147483648,2203000,3,2203000,109687,90,90,2203000,139062,109687,-2147483648,3,109687,139062,-2147483648,90,2203000,2,17303567,90,0,100,3,Li-ion,255,4161
05-07 21:33:22.073 12258 12368 I BatteryMgr:DataCollectionService: stats => 1683488002073,false,true,-2147483648,90,129687,138125,-2147483648,2203000,3,2203000,129687,90,90,2203000,138125,129687,-2147483648,3,129687,138125,-2147483648,90,2203000,2,17303567,90,0,100,3,Li-ion,255,4161
05-07 21:33:22.457  1701 11436 D ConnectivityService: requestNetwork for uid/pid:10150/7971 activeRequest: null callbackRequest: 1898 [NetworkRequest [ REQUEST id=1899, [ Capabilities: INTERNET&NOT_RESTRICTED&TRUSTED&NOT_VCN_MANAGED Uid: 10150 RequestorUid: 10150 RequestorPkg: com.google.android.youtube] ]] callback flags: 0 priority: 2147483647
05-07 21:33:22.458  1701  2076 D ConnectivityService: NetReassign [1899 : null  101]
05-07 21:33:22.462  1701  2029 D WifiNetworkFactory: got request NetworkRequest [ REQUEST id=1899, [ Capabilities: INTERNET&NOT_RESTRICTED&TRUSTED&NOT_VCN_MANAGED Uid: 10150 RequestorUid: 10150 RequestorPkg: com.google.android.youtube] ]
05-07 21:33:22.462  1701  2029 D UntrustedWifiNetworkFactory: got request NetworkRequest [ REQUEST id=1899, [ Capabilities: INTERNET&NOT_RESTRICTED&TRUSTED&NOT_VCN_MANAGED Uid: 10150 RequestorUid: 10150 RequestorPkg: com.google.android.youtube] ]
05-07 21:33:22.462  1701  2029 D OemPaidWifiNetworkFactory: got request NetworkRequest [ REQUEST id=1899, [ Capabilities: INTERNET&NOT_RESTRICTED&TRUSTED&NOT_VCN_MANAGED Uid: 10150 RequestorUid: 10150 RequestorPkg: com.google.android.youtube] ]
05-07 21:33:22.496  7971  7971 E YouTube : Volley request retry failed for type alwn
05-07 21:33:22.496  7971  7971 E YouTube : dxm: java.lang.IllegalStateException: DefaultAccountIdResolver could not resolve youtube-direct, 112421797803862578903||
05-07 21:33:22.496  7971  7971 E YouTube : 	at uwu.a(PG:1)
05-07 21:33:22.496  7971  7971 E YouTube : 	at uwu.d(PG:17)
05-07 21:33:22.496  7971  7971 E YouTube : 	at uky.run(PG:1)
05-07 21:33:22.496  7971  7971 E YouTube : 	at afzp.run(PG:3)
05-07 21:33:22.496  7971  7971 E YouTube : 	at pez.run(PG:1)
05-07 21:33:22.496  7971  7971 E YouTube : 	at pfd.run(PG:24)
05-07 21:33:22.496  7971  7971 E YouTube : 	at ozr.run(PG:14)
05-07 21:33:22.496  7971  7971 E YouTube : 	at ozr.run(PG:44)
05-07 21:33:22.496  7971  7971 E YouTube : 	at java.lang.Thread.run(Thread.java:920)
05-07 21:33:22.496  7971  7971 E YouTube : 	at pfi.run(PG:5)
05-07 21:33:22.496  7971  7971 E YouTube : Caused by: java.lang.IllegalStateException: DefaultAccountIdResolver could not resolve youtube-direct, 112421797803862578903||
05-07 21:33:22.496  7971  7971 E YouTube : 	at szo.a(PG:18)
05-07 21:33:22.496  7971  7971 E YouTube : 	at vvo.A(PG:2)
05-07 21:33:22.496  7971  7971 E YouTube : 	at wzx.N(PG:26)
05-07 21:33:22.496  7971  7971 E YouTube : 	at wzx.L(PG:2)
05-07 21:33:22.496  7971  7971 E YouTube : 	at wzx.rU(PG:1)
05-07 21:33:22.496  7971  7971 E YouTube : 	at uwu.b(PG:17)
05-07 21:33:22.496  7971  7971 E YouTube : 	at uwu.d(PG:16)
05-07 21:33:22.496  7971  7971 E YouTube : 	... 8 more
05-07 21:33:22.496  7971  7971 E YouTube : Caused by: java.util.concurrent.ExecutionException: afpi: account of type youtube-direct is not enabled
05-07 21:33:22.496  7971  7971 E YouTube : 	at ahat.n(PG:4)
05-07 21:33:22.496  7971  7971 E YouTube : 	at ahat.get(PG:17)
05-07 21:33:22.496  7971  7971 E YouTube : 	at ahao.get(PG:2)
05-07 21:33:22.496  7971  7971 E YouTube : 	at szo.a(PG:14)
05-07 21:33:22.496  7971  7971 E YouTube : 	... 14 more
05-07 21:33:22.496  7971  7971 E YouTube : Caused by: afpi: account of type youtube-direct is not enabled
05-07 21:33:22.496  7971  7971 E YouTube : 	at zpp.apply(PG:10)
05-07 21:33:22.496  7971  7971 E YouTube : 	at afzs.apply(PG:3)
05-07 21:33:22.496  7971  7971 E YouTube : 	at ahaw.c(PG:2)
05-07 21:33:22.496  7971  7971 E YouTube : 	at ahax.run(PG:9)
05-07 21:33:22.496  7971  7971 E YouTube : 	at ahbs.execute(PG:1)
05-07 21:33:22.496  7971  7971 E YouTube : 	at ahat.f(PG:1)
05-07 21:33:22.496  7971  7971 E YouTube : 	at ahat.i(PG:12)
05-07 21:33:22.496  7971  7971 E YouTube : 	at ahat.setFuture(PG:5)
05-07 21:33:22.496  7971  7971 E YouTube : 	at ahcm.run(PG:1)
05-07 21:33:22.496  7971  7971 E YouTube : 	at ahbs.execute(PG:1)
05-07 21:33:22.496  7971  7971 E YouTube : 	at ahat.f(PG:1)
05-07 21:33:22.496  7971  7971 E YouTube : 	at ahat.i(PG:12)
05-07 21:33:22.496  7971  7971 E YouTube : 	at ahat.setFuture(PG:5)
05-07 21:33:22.496  7971  7971 E YouTube : 	at ahav.d(PG:2)
05-07 21:33:22.496  7971  7971 E YouTube : 	at ahax.run(PG:13)
05-07 21:33:22.496  7971  7971 E YouTube : 	at ahbs.execute(PG:1)
05-07 21:33:22.496  7971  7971 E YouTube : 	at ahat.f(PG:1)
05-07 21:33:22.496  7971  7971 E YouTube : 	at ahat.i(PG:12)
05-07 21:33:22.496  7971  7971 E YouTube : 	at ahat.setFuture(PG:5)
05-07 21:33:22.496  7971  7971 E YouTube : 	at afra.setFuture(PG:1)
05-07 21:33:22.496  7971  7971 E YouTube : 	at afqz.run(PG:4)
05-07 21:33:22.496  7971  7971 E YouTube : 	at ahbs.execute(PG:1)
05-07 21:33:22.496  7971  7971 E YouTube : 	at ahat.f(PG:1)
05-07 21:33:22.496  7971  7971 E YouTube : 	at ahat.i(PG:12)
05-07 21:33:22.496  7971  7971 E YouTube : 	at ahat.set(PG:2)
05-07 21:33:22.496  7971  7971 E YouTube : 	at ahbp.c(PG:1)
05-07 21:33:22.496  7971  7971 E YouTube : 	at ahbq.e(PG:2)
05-07 21:33:22.496  7971  7971 E YouTube : 	at ahcv.run(PG:8)
05-07 21:33:22.496  7971  7971 E YouTube : 	at ahbs.execute(PG:1)
05-07 21:33:22.496  7971  7971 E YouTube : 	at ahbq.f(PG:1)
05-07 21:33:22.496  7971  7971 E YouTube : 	at ahbr.m(PG:1)
05-07 21:33:22.496  7971  7971 E YouTube : 	at ahba.f(PG:6)
05-07 21:33:22.496  7971  7971 E YouTube : 	at ahay.run(PG:4)
05-07 21:33:22.496  7971  7971 E YouTube : 	at ahbs.execute(PG:1)
05-07 21:33:22.496  7971  7971 E YouTube : 	at ahat.f(PG:1)
05-07 21:33:22.496  7971  7971 E YouTube : 	at ahat.i(PG:12)
05-07 21:33:22.496  7971  7971 E YouTube : 	at ahat.setFuture(PG:5)
05-07 21:33:22.496  7971  7971 E YouTube : 	at ahav.d(PG:2)
05-07 21:33:22.496  7971  7971 E YouTube : 	at ahax.run(PG:13)
05-07 21:33:22.496  7971  7971 E YouTube : 	at ahbs.execute(PG:1)
05-07 21:33:22.496  7971  7971 E YouTube : 	at ahat.f(PG:1)
05-07 21:33:22.496  7971  7971 E YouTube : 	at ahat.i(PG:12)
05-07 21:33:22.496  7971  7971 E YouTube : 	at ahat.setFuture(PG:5)
05-07 21:33:22.496  7971  7971 E YouTube : 	at ahcm.run(PG:1)
05-07 21:33:22.496  7971  7971 E YouTube : 	at ahbs.execute(PG:1)
05-07 21:33:22.496  7971  7971 E YouTube : 	at ahat.f(PG:1)
05-07 21:33:22.496  7971  7971 E YouTube : 	at ahat.i(PG:12)
05-07 21:33:22.496  7971  7971 E YouTube : 	at ahat.setFuture(PG:5)
05-07 21:33:22.496  7971  7971 E YouTube : 	at ahav.d(PG:2)
05-07 21:33:22.496  7971  7971 E YouTube : 	at ahax.run(PG:13)
05-07 21:33:22.496  7971  7971 E YouTube : 	at ahbs.execute(PG:1)
05-07 21:33:22.496  7971  7971 E YouTube : 	at ahat.f(PG:1)
05-07 21:33:22.496  7971  7971 E YouTube : 	at ahat.i(PG:12)
05-07 21:33:22.496  7971  7971 E YouTube : 	at ahat.setFuture(PG:5)
05-07 21:33:22.496  7971  7971 E YouTube : 	at ahbo.c(PG:2)
05-07 21:33:22.496  7971  7971 E YouTube : 	at ahbq.e(PG:2)
05-07 21:33:22.496  7971  7971 E YouTube : 	at ahcv.run(PG:8)
05-07 21:33:22.496  7971  7971 E YouTube : 	at pez.run(PG:1)
05-07 21:33:22.496  7971  7971 E YouTube : 	at java.util.concurrent.ThreadPoolExecutor.runWorker(ThreadPoolExecutor.java:1167)
05-07 21:33:22.496  7971  7971 E YouTube : 	at java.util.concurrent.ThreadPoolExecutor$Worker.run(ThreadPoolExecutor.java:641)
05-07 21:33:22.496  7971  7971 E YouTube : 	at nwa.run(PG:145)
05-07 21:33:22.496  7971  7971 E YouTube : 	... 2 more
05-07 21:33:22.608 12258 12368 I BatteryMgr:DataCollectionService: stats => 1683488002607,false,true,-2147483648,90,98125,140000,-2147483648,2203000,3,2203000,98125,90,90,2203000,140000,98125,-2147483648,3,98125,140000,-2147483648,90,2203000,2,17303567,90,0,100,3,Li-ion,255,4161
05-07 21:33:22.629  1701  2076 D ConnectivityService: NetReassign [no changes]
05-07 21:33:22.981  1007  1073 D VSC     : @ 279828.917: [WO] Proposed rotation: 0, flat angle threshold: 65
05-07 21:33:22.982  1007  1073 D VSC     : @ 279828.917: [WO] orientation angle 3, orientation 0
05-07 21:33:22.982  1007  1073 D VSC     : @ 279828.918: [WO] Gyro angle integrated: 0.086309
05-07 21:33:23.136 12258 12368 I BatteryMgr:DataCollectionService: stats => 1683488003136,false,true,-2147483648,90,123750,138125,-2147483648,2203000,3,2203000,123750,90,90,2203000,138125,123750,-2147483648,3,123750,138125,-2147483648,90,2203000,2,17303567,90,0,100,3,Li-ion,255,4161
05-07 21:33:23.669 12258 12368 I BatteryMgr:DataCollectionService: stats => 1683488003668,false,true,-2147483648,90,110937,144375,-2147483648,2203000,3,2203000,110937,90,90,2203000,144375,110937,-2147483648,3,110937,144375,-2147483648,90,2203000,2,17303567,90,0,100,3,Li-ion,255,4161
05-07 21:33:24.204 12258 12368 I BatteryMgr:DataCollectionService: stats => 1683488004204,false,true,-2147483648,90,124062,142812,-2147483648,2203000,3,2203000,115937,90,90,2203000,142812,115937,-2147483648,3,115937,142812,-2147483648,90,2203000,2,17303567,90,0,100,3,Li-ion,255,4161
05-07 21:33:24.740 12258 12368 I BatteryMgr:DataCollectionService: stats => 1683488004740,false,true,-2147483648,90,122500,141875,-2147483648,2203000,3,2203000,122500,90,90,2203000,141875,122500,-2147483648,3,122500,141875,-2147483648,90,2203000,2,17303567,90,0,100,3,Li-ion,255,4161
05-07 21:33:24.980  1007  1073 D VSC     : @ 279830.917: [WO] Proposed rotation: 0, flat angle threshold: 65
05-07 21:33:24.980  1007  1073 D VSC     : @ 279830.918: [WO] orientation angle 3, orientation 0
05-07 21:33:24.980  1007  1073 D VSC     : @ 279830.918: [WO] Gyro angle integrated: 0.029833
05-07 21:33:25.277 12258 12368 I BatteryMgr:DataCollectionService: stats => 1683488005276,false,true,-2147483648,90,93125,140312,-2147483648,2203000,3,2203000,93125,90,90,2203000,140312,93125,-2147483648,3,93125,140312,-2147483648,90,2203000,2,17303567,90,0,100,3,Li-ion,255,4161
05-07 21:33:25.650  1701  2076 D ConnectivityService: NetReassign [no changes]
05-07 21:33:25.820 12258 12368 I BatteryMgr:DataCollectionService: stats => 1683488005820,false,true,-2147483648,90,164062,139062,-2147483648,2203000,3,2203000,164062,90,90,2203000,139062,164062,-2147483648,3,164062,139062,-2147483648,90,2203000,2,17303567,90,0,100,3,Li-ion,255,4161
05-07 21:33:26.357 12258 12368 I BatteryMgr:DataCollectionService: stats => 1683488006356,false,true,-2147483648,90,138437,139062,-2147483648,2203000,3,2203000,138437,90,90,2203000,139062,138437,-2147483648,3,138437,139062,-2147483648,90,2203000,2,17303567,90,0,100,3,Li-ion,255,4161
05-07 21:33:26.889 12258 12368 I BatteryMgr:DataCollectionService: stats => 1683488006889,false,true,-2147483648,90,187500,139062,-2147483648,2203000,3,2203000,187500,90,90,2203000,139062,187500,-2147483648,3,187500,139062,-2147483648,90,2203000,2,17303567,90,0,100,3,Li-ion,255,4161
05-07 21:33:26.989  1007  1073 D VSC     : @ 279832.918: [WO] Proposed rotation: 0, flat angle threshold: 65
05-07 21:33:26.990  1007  1073 D VSC     : @ 279832.918: [WO] orientation angle 3, orientation 0
05-07 21:33:26.990  1007  1073 D VSC     : @ 279832.918: [WO] Gyro angle integrated: 0.018642
05-07 21:33:27.423 12258 12368 I BatteryMgr:DataCollectionService: stats => 1683488007423,false,true,-2147483648,90,129687,140312,-2147483648,2203000,3,2203000,129687,90,90,2203000,140312,129687,-2147483648,3,129687,140312,-2147483648,90,2203000,2,17303567,90,0,100,3,Li-ion,255,4161
05-07 21:33:27.953 12258 12368 I BatteryMgr:DataCollectionService: stats => 1683488007953,false,true,-2147483648,90,120312,140000,-2147483648,2203000,3,2203000,120312,90,90,2203000,140000,120312,-2147483648,3,120312,140000,-2147483648,90,2203000,2,17303567,90,0,100,3,Li-ion,255,4161
05-07 21:33:28.490 12258 12368 I BatteryMgr:DataCollectionService: stats => 1683488008490,false,true,-2147483648,90,126562,137812,-2147483648,2203000,3,2203000,126562,90,90,2203000,137812,126562,-2147483648,3,126562,137812,-2147483648,90,2203000,2,17303567,90,0,100,3,Li-ion,255,4161
05-07 21:33:28.678  1701  2076 D ConnectivityService: NetReassign [no changes]
05-07 21:33:28.981  1007  1073 D VSC     : @ 279834.917: [WO] Proposed rotation: 0, flat angle threshold: 65
05-07 21:33:28.981  1007  1073 D VSC     : @ 279834.917: [WO] orientation angle 3, orientation 0
05-07 21:33:28.981  1007  1073 D VSC     : @ 279834.917: [WO] Gyro angle integrated: 0.078848
05-07 21:33:29.022 12258 12368 I BatteryMgr:DataCollectionService: stats => 1683488009022,false,true,-2147483648,90,123437,137500,-2147483648,2203000,3,2203000,123437,90,90,2203000,136875,123437,-2147483648,3,123437,136875,-2147483648,90,2203000,2,17303567,90,0,100,3,Li-ion,255,4161
05-07 21:33:29.560 12258 12368 I BatteryMgr:DataCollectionService: stats => 1683488009560,false,true,-2147483648,90,82812,136875,-2147483648,2203000,3,2203000,82812,90,90,2203000,136875,82812,-2147483648,3,82812,136875,-2147483648,90,2203000,2,17303567,90,0,100,3,Li-ion,255,4161
05-07 21:33:30.091 12258 12368 I BatteryMgr:DataCollectionService: stats => 1683488010091,false,true,-2147483648,90,149687,135625,-2147483648,2203000,3,2203000,149687,90,90,2203000,135625,149687,-2147483648,3,149687,135625,-2147483648,90,2203000,2,17303567,90,0,100,3,Li-ion,255,4161
05-07 21:33:30.630 12258 12368 I BatteryMgr:DataCollectionService: stats => 1683488010630,false,true,-2147483648,90,128125,137187,-2147483648,2203000,3,2203000,128125,90,90,2203000,137187,128125,-2147483648,3,128125,137187,-2147483648,90,2203000,2,17303567,90,0,100,3,Li-ion,255,4161
05-07 21:33:30.981  1007  1073 D VSC     : @ 279836.917: [WO] Proposed rotation: 0, flat angle threshold: 65
05-07 21:33:30.981  1007  1073 D VSC     : @ 279836.917: [WO] orientation angle 3, orientation 0
05-07 21:33:30.981  1007  1073 D VSC     : @ 279836.918: [WO] Gyro angle integrated: 0.018113
05-07 21:33:31.163 12258 12368 I BatteryMgr:DataCollectionService: stats => 1683488011163,false,true,-2147483648,90,126562,136562,-2147483648,2203000,3,2203000,126562,90,90,2203000,136562,126562,-2147483648,3,126562,136562,-2147483648,90,2203000,2,17303567,90,0,100,3,Li-ion,255,4161
05-07 21:33:31.698 12258 12368 I BatteryMgr:DataCollectionService: stats => 1683488011698,false,true,-2147483648,90,117812,138437,-2147483648,2203000,3,2203000,117812,90,90,2203000,138437,117812,-2147483648,3,117812,138437,-2147483648,90,2203000,2,17303567,90,0,100,3,Li-ion,255,4161
05-07 21:33:31.710  1701  2076 D ConnectivityService: NetReassign [no changes]
05-07 21:33:32.230 12258 12368 I BatteryMgr:DataCollectionService: stats => 1683488012230,false,true,-2147483648,90,127812,137500,-2147483648,2203000,3,2203000,127812,90,90,2203000,137500,127812,-2147483648,3,127812,137500,-2147483648,90,2203000,2,17303567,90,0,100,3,Li-ion,255,4161
05-07 21:33:32.762 12258 12368 I BatteryMgr:DataCollectionService: stats => 1683488012762,false,true,-2147483648,90,186562,139375,-2147483648,2203000,3,2203000,186562,90,90,2203000,139375,186562,-2147483648,3,186562,139375,-2147483648,90,2203000,2,17303567,90,0,100,3,Li-ion,255,4161
05-07 21:33:32.981  1007  1073 D VSC     : @ 279838.918: [WO] Proposed rotation: 0, flat angle threshold: 65
05-07 21:33:32.981  1007  1073 D VSC     : @ 279838.918: [WO] orientation angle 3, orientation 0
05-07 21:33:32.981  1007  1073 D VSC     : @ 279838.918: [WO] Gyro angle integrated: 0.141447
05-07 21:33:33.301 12258 12368 I BatteryMgr:DataCollectionService: stats => 1683488013300,false,true,-2147483648,90,103750,139687,-2147483648,2203000,3,2203000,103750,90,90,2203000,139687,103750,-2147483648,3,103750,139687,-2147483648,90,2203000,2,17303567,90,0,100,3,Li-ion,255,4161
05-07 21:33:33.841 12258 12368 I BatteryMgr:DataCollectionService: stats => 1683488013841,false,true,-2147483648,90,118437,139687,-2147483648,2203000,3,2203000,118437,90,90,2203000,139687,118437,-2147483648,3,118437,139687,-2147483648,90,2203000,2,17303567,90,0,100,3,Li-ion,255,4161
05-07 21:33:34.377 12258 12368 I BatteryMgr:DataCollectionService: stats => 1683488014377,false,true,-2147483648,90,110000,138125,-2147483648,2203000,3,2203000,110000,90,90,2203000,138125,110000,-2147483648,3,110000,138125,-2147483648,90,2203000,2,17303567,90,0,100,3,Li-ion,255,4161
05-07 21:33:34.731  1701  2076 D ConnectivityService: NetReassign [no changes]
05-07 21:33:34.909 12258 12368 I BatteryMgr:DataCollectionService: stats => 1683488014908,false,true,-2147483648,90,201250,137187,-2147483648,2203000,3,2203000,201250,90,90,2203000,137187,201250,-2147483648,3,201250,137187,-2147483648,90,2203000,2,17303567,90,0,100,3,Li-ion,255,4161
05-07 21:33:34.983  1007  1073 D VSC     : @ 279840.918: [WO] Proposed rotation: 0, flat angle threshold: 65
05-07 21:33:34.984  1007  1073 D VSC     : @ 279840.918: [WO] orientation angle 3, orientation 0
05-07 21:33:34.984  1007  1073 D VSC     : @ 279840.918: [WO] Gyro angle integrated: 0.090567
05-07 21:33:35.443 12258 12368 I BatteryMgr:DataCollectionService: stats => 1683488015442,false,true,-2147483648,90,201250,138750,-2147483648,2203000,3,2203000,201250,90,90,2203000,138750,201250,-2147483648,3,201250,138750,-2147483648,90,2203000,2,17303567,90,0,100,3,Li-ion,255,4161
05-07 21:33:35.982 12258 12368 I BatteryMgr:DataCollectionService: stats => 1683488015982,false,true,-2147483648,90,186250,140625,-2147483648,2203000,3,2203000,186250,90,90,2203000,140625,186250,-2147483648,3,186250,140625,-2147483648,90,2203000,2,17303567,90,0,100,3,Li-ion,255,4161
05-07 21:33:36.516 12258 12368 I BatteryMgr:DataCollectionService: stats => 1683488016516,false,true,-2147483648,90,147500,143437,-2147483648,2203000,3,2203000,147500,90,90,2203000,143437,147500,-2147483648,3,147500,143437,-2147483648,90,2203000,2,17303567,90,0,100,3,Li-ion,255,4161
05-07 21:33:36.989  1007  1073 D VSC     : @ 279842.918: [WO] Proposed rotation: 0, flat angle threshold: 65
05-07 21:33:36.990  1007  1073 D VSC     : @ 279842.918: [WO] orientation angle 3, orientation 0
05-07 21:33:36.990  1007  1073 D VSC     : @ 279842.918: [WO] Gyro angle integrated: 0.031966
05-07 21:33:37.050 12258 12368 I BatteryMgr:DataCollectionService: stats => 1683488017050,false,true,-2147483648,90,184687,143437,-2147483648,2203000,3,2203000,184687,90,90,2203000,143437,184687,-2147483648,3,184687,143437,-2147483648,90,2203000,2,17303567,90,0,100,3,Li-ion,255,4161
05-07 21:33:37.588 12258 12368 I BatteryMgr:DataCollectionService: stats => 1683488017588,false,true,-2147483648,90,123750,145312,-2147483648,2203000,3,2203000,123750,90,90,2203000,145312,123750,-2147483648,3,123750,145312,-2147483648,90,2203000,2,17303567,90,0,100,3,Li-ion,255,4161
05-07 21:33:37.761  1701  2076 D ConnectivityService: NetReassign [no changes]
05-07 21:33:38.113 12258 12368 I BatteryMgr:DataCollectionService: stats => 1683488018113,false,true,-2147483648,90,202187,144687,-2147483648,2203000,3,2203000,202187,90,90,2203000,144687,202187,-2147483648,3,202187,144687,-2147483648,90,2203000,2,17303567,90,0,100,3,Li-ion,255,4161
05-07 21:33:38.120 12389 12389 D ProcessState: Binder ioctl to enable oneway spam detection failed: Invalid argument
05-07 21:33:38.136 12258 12258 I BatteryMgr:createFile: creating file called /storage/emulated/0/Documents/BatteryManager.csv
05-07 21:33:38.142  1701 11436 D CompatibilityChangeReporter: Compat change id reported: 149924527; UID 10221; state: ENABLED
05-07 21:33:38.142  1701 11436 D CompatibilityChangeReporter: Compat change id reported: 132649864; UID 10221; state: DISABLED
05-07 21:33:38.155  3355  3609 W MediaProvider: isAppCloneUserPair failed. Users: 0 and 0
05-07 21:33:38.155  3355  3609 W MediaProvider: isAppCloneUserPair for user 0: false
05-07 21:33:38.176 12394 12394 D ProcessState: Binder ioctl to enable oneway spam detection failed: Invalid argument
05-07 21:33:38.182 12258 12258 I BatteryMgr:createFile: created file called /storage/emulated/0/Documents/BatteryManager.csv
05-07 21:33:38.215  8321 11953 I NetworkScheduler.Stats: Task com.google.android.gms/com.google.android.gms.ipa.base.IpaGcmTaskService started execution. cause:9 exec_start_elapsed_seconds: 279841 [CONTEXT service_id=218 ]
05-07 21:33:38.223  8321 11719 I NetworkScheduler.Stats: Task com.google.android.gms/com.google.android.gms.ipa.base.IpaGcmTaskService finished executing. cause:9 result: 1 elapsed_millis: 28 uptime_millis: 28 exec_start_elapsed_seconds: 279841 [CONTEXT service_id=218 ]
05-07 21:33:38.225  8321  8321 D BoundBrokerSvc: onBind: Intent { act=com.google.android.gms.scheduler.ACTION_PROXY_SCHEDULE dat=chimera-action: cmp=com.google.android.gms/.chimera.PersistentApiService }
05-07 21:33:38.225  8321  8321 D BoundBrokerSvc: Loading bound service for intent: Intent { act=com.google.android.gms.scheduler.ACTION_PROXY_SCHEDULE dat=chimera-action: cmp=com.google.android.gms/.chimera.PersistentApiService }
05-07 21:33:38.244  8321  8329 W .gms.persisten: Reducing the number of considered missed Gc histogram windows from 127 to 100
05-07 21:33:38.253 12406 12406 D ProcessState: Binder ioctl to enable oneway spam detection failed: Invalid argument
05-07 21:33:38.257  1701  5029 I ActivityManager: Force stopping e.www.magneticfieldtest appid=10249 user=0: from pid 12406
05-07 21:33:38.257  1701  5029 I ActivityManager: Killing 12294:e.www.magneticfieldtest/u0a249 (adj 0): stop e.www.magneticfieldtest due to from pid 12406
05-07 21:33:38.257  1701  5029 W ActivityTaskManager: Force removing ActivityRecord{bab8bc2 u0 e.www.magneticfieldtest/.MainActivity t554 f}}: app died, no saved state
05-07 21:33:38.258  1007  1007 I sensors-hal: activate_physical_sensor:220, android.sensor.magnetic_field/21 en=0
05-07 21:33:38.260  1701  5029 W InputManager-JNI: Input channel object '2556da3 e.www.magneticfieldtest/e.www.magneticfieldtest.MainActivity (client)' was disposed without first being removed with the input manager!
05-07 21:33:38.261  1007  1007 I sensors-hal: activate_physical_sensor:233, android.sensor.magnetic_field/21 en=0 completed
05-07 21:33:38.267  1701  5029 D CompatibilityChangeReporter: Compat change id reported: 181136395; UID 10221; state: DISABLED
05-07 21:33:38.267  1701  5029 D CompatibilityChangeReporter: Compat change id reported: 174042936; UID 10221; state: DISABLED
05-07 21:33:38.269  1701  5029 W ActivityTaskManager: Can't find TaskDisplayArea to determine support for multi window. Task id=554 attached=false
05-07 21:33:38.269  1701  5029 W ActivityTaskManager: Can't find TaskDisplayArea to determine support for multi window. Task id=554 attached=false
05-07 21:33:38.272   956   956 I Zygote  : Process 12294 exited due to signal 9 (Killed)
05-07 21:33:38.274  1701  1767 W ActivityManager: setHasOverlayUi called on unknown pid: 12294
05-07 21:33:38.274  1701  4860 V ActivityManager: Got obituary of 12294:e.www.magneticfieldtest
05-07 21:33:38.274  2430  2430 E PhoneInterfaceManager: [PhoneIntfMgr] getCarrierPackageNamesForIntentAndPhone: No UICC
05-07 21:33:38.275  2430  2430 D CarrierSvcBindHelper: No carrier app for: 0
05-07 21:33:38.279   716   716 E ClientCache: failed to get buffer, invalid process token
05-07 21:33:38.280  3282  3282 D RegisteredNfcFServicesCache: Service unchanged, not updating
05-07 21:33:38.281   716   716 E BpTransactionCompletedListener: Failed to transact (-32)
05-07 21:33:38.285  9206  9206 I EuiccGoogle: [2] EuiccServiceImpl.onCreate: onCreate Single-SIM mode: simCardState is 1
05-07 21:33:38.291  9206 12415 I EuiccGoogle: [210] EuiccServiceImpl.onGetEuiccProfileInfoList: onGetEuiccProfileInfoList: slotId = -1
05-07 21:33:38.294  9206 12415 W EuiccGoogle: [210] EuiccServiceImpl.onGetEuiccProfileInfoList: slotId=-1. No eUICC is active. Return null.
05-07 21:33:38.296  1701  1798 I libprocessgroup: Successfully killed process cgroup uid 10249 pid 12294 in 38ms
05-07 21:33:38.327 12258 12411 I OpenGLRenderer: Davey! duration=61911ms; Flags=1, FrameTimelineVsyncId=558150, IntendedVsync=54531679068304, Vsync=54531745734968, InputEventId=0, HandleInputStart=54531761750347, AnimationStart=54531761755659, PerformTraversalsStart=54531762060555, DrawStart=54532060876835, FrameDeadline=54531712401636, FrameInterval=54531761704930, FrameStartTime=16666666, SyncQueued=54532068181523, SyncStart=54532068319388, IssueDrawCommandsStart=54532068987930, SwapBuffers=54532080666993, FrameCompleted=54593590490256, DequeueBufferDuration=65000, QueueBufferDuration=647865, GpuCompleted=54593590490256, SwapBuffersCompleted=54532082187827, DisplayPresentTime=0, 
05-07 21:33:38.329 11343 11343 I GoogleInputMethodService: GoogleInputMethodService.onFinishInput():3261 
05-07 21:33:38.329 11343 11343 I GoogleInputMethodService: GoogleInputMethodService.updateDeviceLockedStatus():2110 repeatCheckTimes = 0, locked = false
05-07 21:33:38.330 11343 11343 I GoogleInputMethodService: GoogleInputMethodService.onStartInput():1898 onStartInput(EditorInfo{inputType=0x0(NULL) imeOptions=0x0 privateImeOptions=null actionName=UNSPECIFIED actionLabel=null actionId=0 initialSelStart=-1 initialSelEnd=-1 initialCapsMode=0x0 hintText=null label=null packageName=com.example.batterymanager_utility fieldId=-1 fieldName=null extras=null hintLocales=[]}, false)
05-07 21:33:38.330 11343 11343 I GoogleInputMethodService: GoogleInputMethodService.shouldHideHeaderOnInitialState():4088 ShouldHideHeaderOnInitialState = false
05-07 21:33:38.330 11343 11343 I GoogleInputMethodService: GoogleInputMethodService.updateDeviceLockedStatus():2110 repeatCheckTimes = 1, locked = false
05-07 21:33:38.980  1007  1073 D VSC     : @ 279844.918: [WO] Proposed rotation: 0, flat angle threshold: 65
05-07 21:33:38.981  1007  1073 D VSC     : @ 279844.918: [WO] orientation angle 3, orientation 0
05-07 21:33:38.981  1007  1073 D VSC     : @ 279844.918: [WO] Gyro angle integrated: 0.143846
05-07 21:33:40.792  1701  2076 D ConnectivityService: NetReassign [no changes]
05-07 21:33:40.991  1007  1073 D VSC     : @ 279846.921: [WO] Proposed rotation: 0, flat angle threshold: 65
05-07 21:33:40.991  1007  1073 D VSC     : @ 279846.921: [WO] orientation angle 3, orientation 0
05-07 21:33:40.991  1007  1073 D VSC     : @ 279846.922: [WO] Gyro angle integrated: 0.153668
05-07 21:33:41.458 12423 12423 D ProcessState: Binder ioctl to enable oneway spam detection failed: Invalid argument
05-07 21:33:41.464  1701  9347 I ActivityManager: Force stopping com.example.batterymanager_utility appid=10221 user=0: from pid 12423
05-07 21:33:41.465  1701  9347 I ActivityManager: Killing 12258:com.example.batterymanager_utility/u0a221 (adj 0): stop com.example.batterymanager_utility due to from pid 12423
05-07 21:33:41.467  1701  9347 W ActivityTaskManager: Force removing ActivityRecord{f150a44 u0 com.example.batterymanager_utility/.MainActivity t553 f}}: app died, no saved state
05-07 21:33:41.472  1701  9347 W InputManager-JNI: Input channel object '4ebea40 com.example.batterymanager_utility/com.example.batterymanager_utility.MainActivity (client)' was disposed without first being removed with the input manager!
05-07 21:33:41.484  1701  9347 W ActivityTaskManager: Can't find TaskDisplayArea to determine support for multi window. Task id=553 attached=false
05-07 21:33:41.484  1701  9347 W ActivityTaskManager: Can't find TaskDisplayArea to determine support for multi window. Task id=553 attached=false
05-07 21:33:41.494  2430  2430 E PhoneInterfaceManager: [PhoneIntfMgr] getCarrierPackageNamesForIntentAndPhone: No UICC
05-07 21:33:41.494  2430  2430 D CarrierSvcBindHelper: No carrier app for: 0
05-07 21:33:41.499  3282  3282 D RegisteredNfcFServicesCache: Service unchanged, not updating
05-07 21:33:41.499  2578  2642 W BcSmartspaceView: Current card number does not present in the Adapter.
05-07 21:33:41.502  1701  1767 W ActivityManager: setHasOverlayUi called on unknown pid: 12258
05-07 21:33:41.502  1701  1897 V ActivityManager: Got obituary of 12258:com.example.batterymanager_utility
05-07 21:33:41.502   956   956 I Zygote  : Process 12258 exited due to signal 9 (Killed)
05-07 21:33:41.503 19838 19838 I GsaVoiceInteractionSrv: Handling ACTION_START_HOTWORD
05-07 21:33:41.503 19838 19929 I GsaVoiceInteractionSrv: (REDACTED) disregardHotwordSetting: %b
05-07 21:33:41.503 19838 19929 I GsaVoiceInteractionSrv: Cannot start hotword, hotword has been explicitly disabled.
05-07 21:33:41.509   716   716 E BpTransactionCompletedListener: Failed to transact (-32)
05-07 21:33:41.515 16431 16475 I AiAiEcho: Predicting[1]: { Feature:1, creation:2023-05-07T19:27:50.389Z, expiry:2023-05-08T01:27:50.389Z, isExpired: false}
05-07 21:33:41.516 16431 16475 I AiAiEcho: EchoTargets: Feature:1
05-07 21:33:41.516 16431 16475 I AiAiEcho: Filtered by AiAi flag check: 
05-07 21:33:41.516 16431 16475 I AiAiEcho: Ranked targets strategy: SORT, count: 1, ranking metadata: { cardId: WEATHER-569377242, card type: 1, update time: 2023-05-07T19:27:50.389Z, expiration time: 2023-05-08T01:27:50.389Z, ranking metadata: RankingMetaData(urgency=0.0, priority=0.0, recency=0.0, rankScore=0.0, importantTimePoints=# kwj@7bca4) }
05-07 21:33:41.517 16431 16475 I AiAiEcho: #postPredictionTargets: Sending updates to UISurface home with targets# 1 (types=[1])
05-07 21:33:41.519  1701  1798 I libprocessgroup: Successfully killed process cgroup uid 10221 pid 12258 in 52ms
05-07 21:33:41.521  2578  2578 W BcSmartspaceCard: No title view to update
05-07 21:33:41.530 11343 11343 I GoogleInputMethodService: GoogleInputMethodService.onFinishInput():3261 
05-07 21:33:41.531 11343 11343 I GoogleInputMethodService: GoogleInputMethodService.updateDeviceLockedStatus():2110 repeatCheckTimes = 0, locked = false
05-07 21:33:41.531 11343 11343 I GoogleInputMethodService: GoogleInputMethodService.onStartInput():1898 onStartInput(EditorInfo{inputType=0x0(NULL) imeOptions=0x0 privateImeOptions=null actionName=UNSPECIFIED actionLabel=null actionId=0 initialSelStart=-1 initialSelEnd=-1 initialCapsMode=0x0 hintText=null label=null packageName=com.google.android.apps.nexuslauncher fieldId=-1 fieldName=null extras=null hintLocales=[]}, false)
05-07 21:33:41.531 11343 11343 I GoogleInputMethodService: GoogleInputMethodService.shouldHideHeaderOnInitialState():4088 ShouldHideHeaderOnInitialState = false
05-07 21:33:41.531 11343 11343 I GoogleInputMethodService: GoogleInputMethodService.updateDeviceLockedStatus():2110 repeatCheckTimes = 1, locked = false
05-07 21:33:41.619  3355 23638 I MediaProvider: Invalidating LocalCallingIdentity cache for package com.example.batterymanager_utility. Reason: owned_database_row_deleted:/storage/emulated/0/Documents/BatteryManager.csv
05-07 21:33:41.635  3355 23638 I MediaProvider: Deleted 0 0 0 0 0 0 1 items on external_primary due to com.android.shell
05-07 21:33:41.690  8321 12232 I NetworkScheduler.Stats: Task com.google.android.gms/com.google.android.gms.ipa.base.IpaGcmTaskService started execution. cause:9 exec_start_elapsed_seconds: 279845 [CONTEXT service_id=218 ]
05-07 21:33:41.704  8321 11953 I NetworkScheduler.Stats: Task com.google.android.gms/com.google.android.gms.ipa.base.IpaGcmTaskService finished executing. cause:9 result: 1 elapsed_millis: 45 uptime_millis: 45 exec_start_elapsed_seconds: 279845 [CONTEXT service_id=218 ]
05-07 21:33:41.714  3355 23639 W MediaProvider: isAppCloneUserPair failed. Users: 0 and 0
05-07 21:33:41.714  3355 23639 W MediaProvider: isAppCloneUserPair for user 0: false
