--------- beginning of main
07-10 20:41:09.623 21555 21555 D ProcessState: Binder ioctl to enable oneway spam detection failed: Invalid argument
--------- beginning of system
07-10 20:41:09.628  1862  2687 I ActivityTaskManager: START u0 {act=android.intent.action.MAIN cat=[android.intent.category.LAUNCHER] flg=0x10000000 cmp=com.example.batterymanager_utility/.MainActivity} from uid 2000
07-10 20:41:09.629  1862  2687 W ActivityTaskManager: Can't find TaskDisplayArea to determine support for multi window. Task id=101 attached=false
07-10 20:41:09.632  1862  2687 D CompatibilityChangeReporter: Compat change id reported: 174042980; UID 10232; state: DISABLED
07-10 20:41:09.632  1862  2687 D CompatibilityChangeReporter: Compat change id reported: 184838306; UID 10232; state: DISABLED
07-10 20:41:09.632  1862  2687 D CompatibilityChangeReporter: Compat change id reported: 185004937; UID 10232; state: DISABLED
07-10 20:41:09.636  1862  2687 D CompatibilityChangeReporter: Compat change id reported: 168419799; UID 10232; state: DISABLED
07-10 20:41:09.648  1862  1985 W ActivityManager: ProcessRecord{f377faa 0:com.example.batterymanager_utility/u0a232}: ART verification disabled
07-10 20:41:09.648  1862  1985 D CompatibilityChangeReporter: Compat change id reported: 135634846; UID 10232; state: DISABLED
07-10 20:41:09.648  1862  1985 D CompatibilityChangeReporter: Compat change id reported: 177438394; UID 10232; state: DISABLED
07-10 20:41:09.648  1862  1985 D CompatibilityChangeReporter: Compat change id reported: 135772972; UID 10232; state: DISABLED
07-10 20:41:09.648  1862  1985 D CompatibilityChangeReporter: Compat change id reported: 135754954; UID 10232; state: ENABLED
07-10 20:41:09.648  1862  1998 D CompatibilityChangeReporter: Compat change id reported: 143937733; UID 10232; state: ENABLED
07-10 20:41:09.653  1230  1230 D Zygote  : Forked child process 21559
07-10 20:41:09.654  1862  1998 I ActivityManager: Start proc 21559:com.example.batterymanager_utility/u0a232 for pre-top-activity {com.example.batterymanager_utility/com.example.batterymanager_utility.MainActivity}
07-10 20:41:09.659 21559 21559 I manager_utilit: Late-enabling -Xcheck:jni
07-10 20:41:09.686 21559 21559 I manager_utilit: Using CollectorTypeCC GC.
07-10 20:41:09.690 12099 12107 I adbd    : jdwp connection from 21559
07-10 20:41:09.693 21559 21559 D ProcessState: Binder ioctl to enable oneway spam detection failed: Invalid argument
07-10 20:41:09.703 21559 21559 D CompatibilityChangeReporter: Compat change id reported: 171979766; UID 10232; state: ENABLED
07-10 20:41:09.708 21559 21559 W ziparchive: Unable to open '/data/app/~~_NKlnUNZ_eAAAMNT0iI_Mg==/com.example.batterymanager_utility-VCt2fp7iofqzA67c5JpODA==/base.dm': No such file or directory
07-10 20:41:09.708 21559 21559 W ziparchive: Unable to open '/data/app/~~_NKlnUNZ_eAAAMNT0iI_Mg==/com.example.batterymanager_utility-VCt2fp7iofqzA67c5JpODA==/base.dm': No such file or directory
07-10 20:41:09.741  3832  3832 I A       : onPause
07-10 20:41:09.745  3573  3573 I GsaVoiceInteractionSrv: Handling ACTION_STOP_HOTWORD
07-10 20:41:09.756 21560 21560 D AndroidRuntime: >>>>>> START com.android.internal.os.RuntimeInit uid 2000 <<<<<<
07-10 20:41:09.755 21560 21560 W app_process: type=1400 audit(0.0:131): avc: denied { read } for name="u:object_r:odsign_prop:s0" dev="tmpfs" ino=22454 scontext=u:r:shell:s0 tcontext=u:object_r:odsign_prop:s0 tclass=file permissive=0
07-10 20:41:09.760 21560 21560 I AndroidRuntime: Using default boot image
07-10 20:41:09.760 21560 21560 I AndroidRuntime: Leaving lock profiling enabled
07-10 20:41:09.760 21560 21560 W libc    : Access denied finding property "odsign.verification.success"
07-10 20:41:09.763 21560 21560 W app_process: ART APEX data files are untrusted.
07-10 20:41:09.764 21560 21560 I app_process: Using CollectorTypeCC GC.
07-10 20:41:09.764 21560 21560 E app_process: Error reading named image component header for /system/framework/boot.art, error: Unable to open file "/system/framework/arm64/boot.art" for reading image header
07-10 20:41:09.780 21577 21577 W dex2oat64: Mismatch between dex2oat instruction set features to use (ISA: Arm64 Feature string: -a53,crc,lse,fp16,-dotprod,-sve) and those from CPP defines (ISA: Arm64 Feature string: -a53,-crc,-lse,-fp16,-dotprod,-sve) for the command line:
07-10 20:41:09.780 21577 21577 W dex2oat64: /apex/com.android.art/bin/dex2oat64 --runtime-arg -Xbootclasspath:/apex/com.android.art/javalib/core-oj.jar:/apex/com.android.art/javalib/core-libart.jar:/apex/com.android.art/javalib/okhttp.jar:/apex/com.android.art/javalib/bouncycastle.jar:/apex/com.android.art/javalib/apache-xml.jar:/system/framework/framework.jar:/system/framework/framework-graphics.jar:/system/framework/ext.jar:/system/framework/telephony-common.jar:/system/framework/voip-common.jar:/system/framework/ims-common.jar:/apex/com.android.i18n/javalib/core-icu4j.jar --runtime-arg -Xbootclasspath-locations:/apex/com.android.art/javalib/core-oj.jar:/apex/com.android.art/javalib/core-libart.jar:/apex/com.android.art/javalib/okhttp.jar:/apex/com.android.art/javalib/bouncycastle.jar:/apex/com.android.art/javalib/apache-xml.jar:/system/framework/framework.jar:/system/framework/framework-graphics.jar:/system/framework/ext.jar:/system/framework/telephony-common.jar:/system/framework/voip-common.jar:/system/framework/ims-common.jar:/apex/com.android.i18n/javalib/core-icu4j.jar --base=0x70000000 --dex-file=/apex/com.android.art/javalib/core-oj.jar --dex-location=/apex/com.android.art/javalib/core-oj.jar --dex-file=/apex/com.android.art/javalib/core-libart.jar --dex-location=/apex/com.android.art/javalib/core-libart.jar --dex-file=/apex/com.android.art/javalib/okhttp.jar --dex-location=/apex/com.android.art/javalib/okhttp.jar --dex-file=/apex/com.android.art/javalib/bouncycastle.jar --dex-location=/apex/com.android.art/javalib/bouncycastle.jar --dex-file=/apex/com.android.art/javalib/apache-xml.jar --dex-location=/apex/com.android.art/javalib/apache-xml.jar --dex-file=/system/framework/framework.jar --dex-location=/system/framework/framework.jar --dex-file=/system/framework/framework-graphics.jar --dex-location=/system/framework/framework-graphics.jar --dex-file=/system/framework/ext.jar --dex-location=/system/framework/ext.jar --dex-file=/system/framework/telephony-common.jar --dex-location=/system/framework/telephony-common.jar --dex-file=/system/framework/voip-common.jar --dex-location=/system/framework/voip-common.jar --dex-file=/system/framework/ims-common.jar --dex-location=/system/framework/ims-common.jar --dex-file=/apex/com.android.i18n/javalib/core-icu4j.jar --dex-location=/apex/com.android.i18n/javalib/core-icu4j.jar --image-fd=5 --output-vdex-fd=6 --oat-fd=7 --oat-location=/system/framework/arm64/boot.oat --single-image --image-format=uncompressed --compiler-filter=verify --profile-file=/apex/com.android.art/etc/boot-image.prof --profile-file=/system/etc/boot-image.prof --avoid-storing-invocation --instruction-set=arm64 --instruction-set-features=runtime --runtime-arg -Xms64m --runtime-arg -Xmx64m --dirty-image-objects=/system/etc/dirty-image-objects --instruction-set-variant=kryo385 --instruction-set-features=default --generate-mini-debug-info
07-10 20:41:09.786 21559 21559 D nativeloader: Configuring classloader-namespace for other apk /data/app/~~_NKlnUNZ_eAAAMNT0iI_Mg==/com.example.batterymanager_utility-VCt2fp7iofqzA67c5JpODA==/base.apk. target_sdk_version=33, uses_libraries=, library_path=/data/app/~~_NKlnUNZ_eAAAMNT0iI_Mg==/com.example.batterymanager_utility-VCt2fp7iofqzA67c5JpODA==/lib/arm64, permitted_path=/data:/mnt/expand:/data/user/0/com.example.batterymanager_utility
07-10 20:41:09.793 21559 21559 V GraphicsEnvironment: ANGLE Developer option for 'com.example.batterymanager_utility' set to: 'default'
07-10 20:41:09.793 21559 21559 V GraphicsEnvironment: App is not on the allowlist for updatable production driver.
07-10 20:41:09.794 21559 21559 D NetworkSecurityConfig: No Network Security Config specified, using platform default
07-10 20:41:09.795 21559 21559 D NetworkSecurityConfig: No Network Security Config specified, using platform default
07-10 20:41:09.798 21577 21577 I dex2oat64: /apex/com.android.art/bin/dex2oat64 --runtime-arg -Xbootclasspath:/apex/com.android.art/javalib/core-oj.jar:/apex/com.android.art/javalib/core-libart.jar:/apex/com.android.art/javalib/okhttp.jar:/apex/com.android.art/javalib/bouncycastle.jar:/apex/com.android.art/javalib/apache-xml.jar:/system/framework/framework.jar:/system/framework/framework-graphics.jar:/system/framework/ext.jar:/system/framework/telephony-common.jar:/system/framework/voip-common.jar:/system/framework/ims-common.jar:/apex/com.android.i18n/javalib/core-icu4j.jar --runtime-arg -Xbootclasspath-locations:/apex/com.android.art/javalib/core-oj.jar:/apex/com.android.art/javalib/core-libart.jar:/apex/com.android.art/javalib/okhttp.jar:/apex/com.android.art/javalib/bouncycastle.jar:/apex/com.android.art/javalib/apache-xml.jar:/system/framework/framework.jar:/system/framework/framework-graphics.jar:/system/framework/ext.jar:/system/framework/telephony-common.jar:/system/framework/voip-common.jar:/system/framework/ims-common.jar:/apex/com.android.i18n/javalib/core-icu4j.jar --base=0x70000000 --dex-file=/apex/com.android.art/javalib/core-oj.jar --dex-location=/apex/com.android.art/javalib/core-oj.jar --dex-file=/apex/com.android.art/javalib/core-libart.jar --dex-location=/apex/com.android.art/javalib/core-libart.jar --dex-file=/apex/com.android.art/javalib/okhttp.jar --dex-location=/apex/com.android.art/javalib/okhttp.jar --dex-file=/apex/com.android.art/javalib/bouncycastle.jar --dex-location=/apex/com.android.art/javalib/bouncycastle.jar --dex-file=/apex/com.android.art/javalib/apache-xml.jar --dex-location=/apex/com.android.art/javalib/apache-xml.jar --dex-file=/system/framework/framework.jar --dex-location=/system/framework/framework.jar --dex-file=/system/framework/framework-graphics.jar --dex-location=/system/framework/framework-graphics.jar --dex-file=/system/framework/ext.jar --dex-location=/system/framework/ext.jar --dex-file=/system/framework/telephony-common.jar --dex-location=/system/framework/telephony-common.jar --dex-file=/system/framework/voip-common.jar --dex-location=/system/framework/voip-common.jar --dex-file=/system/framework/ims-common.jar --dex-location=/system/framework/ims-common.jar --dex-file=/apex/com.android.i18n/javalib/core-icu4j.jar --dex-location=/apex/com.android.i18n/javalib/core-icu4j.jar --image-fd=5 --output-vdex-fd=6 --oat-fd=7 --oat-location=/system/framework/arm64/boot.oat --single-image --image-format=uncompressed --compiler-filter=verify --profile-file=/apex/com.android.art/etc/boot-image.prof --profile-file=/system/etc/boot-image.prof --avoid-storing-invocation --instruction-set=arm64 --instruction-set-features=runtime --runtime-arg -Xms64m --runtime-arg -Xmx64m --dirty-image-objects=/system/etc/dirty-image-objects --instruction-set-variant=kryo385 --instruction-set-features=default --generate-mini-debug-info
07-10 20:41:09.799 21559 21559 I BatteryMgr:App: creating notification channel
07-10 20:41:09.800 21577 21577 I dex2oat64: setting boot class path to /apex/com.android.art/javalib/core-oj.jar:/apex/com.android.art/javalib/core-libart.jar:/apex/com.android.art/javalib/okhttp.jar:/apex/com.android.art/javalib/bouncycastle.jar:/apex/com.android.art/javalib/apache-xml.jar:/system/framework/framework.jar:/system/framework/framework-graphics.jar:/system/framework/ext.jar:/system/framework/telephony-common.jar:/system/framework/voip-common.jar:/system/framework/ims-common.jar:/apex/com.android.i18n/javalib/core-icu4j.jar
07-10 20:41:09.923  2516  2516 I WallpaperService: engine paused
07-10 20:41:09.938  1862  1986 D CompatibilityChangeReporter: Compat change id reported: 158002302; UID 10232; state: ENABLED
07-10 20:41:09.940 21559 21580 I AdrenoGLES-0: QUALCOMM build                   : 781e7d0, I46ff5fc46f
07-10 20:41:09.940 21559 21580 I AdrenoGLES-0: Build Date                       : 12/01/20
07-10 20:41:09.940 21559 21580 I AdrenoGLES-0: OpenGL ES Shader Compiler Version: EV031.31.04.01
07-10 20:41:09.940 21559 21580 I AdrenoGLES-0: Local Branch                     : QPR1
07-10 20:41:09.940 21559 21580 I AdrenoGLES-0: Remote Branch                    : 
07-10 20:41:09.940 21559 21580 I AdrenoGLES-0: Remote Branch                    : 
07-10 20:41:09.940 21559 21580 I AdrenoGLES-0: Reconstruct Branch               : 
07-10 20:41:09.940 21559 21580 I AdrenoGLES-0: Build Config                     : C P 11.0.1 AArch64
07-10 20:41:09.940 21559 21580 I AdrenoGLES-0: Driver Path                      : /vendor/lib64/egl/libGLESv2_adreno.so
07-10 20:41:09.942 21559 21580 I AdrenoGLES-0: PFP: 0x016ee190, ME: 0x00000000
07-10 20:41:09.944 21559 21580 W AdrenoUtils: <ReadGpuID_from_sysfs:197>: Failed to open /sys/class/kgsl/kgsl-3d0/gpu_model
07-10 20:41:09.944 21559 21580 W AdrenoUtils: <ReadGpuID:221>: Failed to read chip ID from gpu_model. Fallback to use the GSL path
07-10 20:41:09.946  3832  3832 I A       : (REDACTED) onApplyWindowInsets: systemWindowInsets=%s
07-10 20:41:09.946  3832  3832 I A       : (REDACTED) onApplyWindowInsets: systemWindowInsets=%s
07-10 20:41:09.950   737   761 I SDM     : HWCDisplay::GetColorModeCount: Supported color mode count = 5
07-10 20:41:09.950   735   772 E HWComposer: getSupportedContentTypes: getSupportedContentTypes failed for display 0: Unsupported (8)
07-10 20:41:09.950 21559 21580 D hw-ProcessState: Binder ioctl to enable oneway spam detection failed: Invalid argument
07-10 20:41:09.951   685   685 I hwservicemanager: getTransport: Cannot find entry android.hardware.graphics.mapper@4.0::IMapper/default in either framework or device VINTF manifest.
07-10 20:41:09.951 21559 21583 I Gralloc4: mapper 4.x is not supported
07-10 20:41:09.951   685   685 I hwservicemanager: getTransport: Cannot find entry android.hardware.graphics.mapper@3.0::IMapper/default in either framework or device VINTF manifest.
07-10 20:41:09.951 21559 21583 W Gralloc3: mapper 3.x is not supported
07-10 20:41:09.952   685   685 I hwservicemanager: getTransport: Cannot find entry android.hardware.graphics.allocator@4.0::IAllocator/default in either framework or device VINTF manifest.
07-10 20:41:09.952 21559 21583 W Gralloc4: allocator 4.x is not supported
07-10 20:41:09.953   685   685 I hwservicemanager: getTransport: Cannot find entry android.hardware.graphics.allocator@3.0::IAllocator/default in either framework or device VINTF manifest.
07-10 20:41:09.953 21559 21583 W Gralloc3: allocator 3.x is not supported
07-10 20:41:09.967  1862  1982 W ziparchive: Unable to open '/data/app/~~_NKlnUNZ_eAAAMNT0iI_Mg==/com.example.batterymanager_utility-VCt2fp7iofqzA67c5JpODA==/base.dm': No such file or directory
07-10 20:41:09.968  1862  1982 I ActivityTaskManager: Displayed com.example.batterymanager_utility/.MainActivity: +339ms
07-10 20:41:09.981  3533  3533 I GoogleInputMethodService: GoogleInputMethodService.onFinishInput():3306 
07-10 20:41:09.982  3533  3533 I GoogleInputMethodService: GoogleInputMethodService.updateDeviceLockedStatus():2127 repeatCheckTimes = 0, locked = false
07-10 20:41:09.982  3533  3533 I GoogleInputMethodService: GoogleInputMethodService.onStartInput():1909 onStartInput(EditorInfo{inputType=0x0(NULL) imeOptions=0x0 privateImeOptions=null actionName=UNSPECIFIED actionLabel=null actionId=0 initialSelStart=-1 initialSelEnd=-1 initialCapsMode=0x0 hintText=null label=null packageName=com.example.batterymanager_utility fieldId=-1 fieldName=null extras=null hintLocales=[]}, false)
07-10 20:41:09.982  3533  3533 I GoogleInputMethodService: GoogleInputMethodService.shouldHideHeaderOnInitialState():1990 ShouldHideHeaderOnInitialState = false
07-10 20:41:09.982  3533  3533 I GoogleInputMethodService: GoogleInputMethodService.updateDeviceLockedStatus():2127 repeatCheckTimes = 1, locked = false
07-10 20:41:09.985  1862  1985 W ProcessStats: Tracking association SourceState{58b1e9b system/1000 BTopFgs #14246} whose proc state 2 is better than process ProcessState{bee633e com.google.android.gms.persistent/10125 pkg=com.google.android.gms} proc state 3 (21 skipped)
07-10 20:41:09.985  3832  3832 I A       : onStop
07-10 20:41:10.096 21577 21577 I dex2oat64: Using CollectorTypeCC GC.
07-10 20:41:10.258  1862  4440 W InputManager-JNI: Input channel object '342c24c Splash Screen com.example.batterymanager_utility (client)' was disposed without first being removed with the input manager!
07-10 20:41:10.518  1862  2225 D ConnectivityService: NetReassign [no changes] [c 1] [a 0] [i 1]
07-10 20:41:11.901 21577 21577 I dex2oat64: Explicit concurrent copying GC freed 88221(11MB) AllocSpace objects, 5(84KB) LOS objects, 27% free, 15MB/21MB, paused 19us,16us total 91.808ms
07-10 20:41:12.115 21577 21577 I dex2oat64: Explicit concurrent copying GC freed 41961(7495KB) AllocSpace objects, 0(0B) LOS objects, 41% free, 8512KB/14MB, paused 15us,13us total 44.299ms
07-10 20:41:12.578 21577 21577 I dex2oat64: dex2oat took 2.800s (5.773s cpu) (threads: 8) arena alloc=0B (0B) java alloc=8512KB (8716512B) native alloc=15MB (16513952B) free=4016KB (4113136B)
07-10 20:41:12.694 21560 21560 D app_process: Time zone APEX ICU file found: /apex/com.android.tzdata/etc/icu/icu_tzdata.dat
07-10 20:41:12.694 21560 21560 D app_process: I18n APEX ICU file found: /apex/com.android.i18n/etc/icu/icudt68l.dat
07-10 20:41:12.743 21560 21560 D ProcessState: Binder ioctl to enable oneway spam detection failed: Invalid argument
07-10 20:41:12.743 21560 21560 D AndroidRuntime: Calling main entry com.android.commands.monkey.Monkey
07-10 20:41:12.749 21560 21560 W Monkey  : args: [-p, e.www.httpsrequesttest, 1]
07-10 20:41:12.749 21560 21560 W Monkey  :  arg: "-p"
07-10 20:41:12.749 21560 21560 W Monkey  :  arg: "e.www.httpsrequesttest"
07-10 20:41:12.749 21560 21560 W Monkey  :  arg: "1"
07-10 20:41:12.750 21560 21560 W Monkey  : data="e.www.httpsrequesttest"
07-10 20:41:12.809  1862  1997 W BroadcastQueue: Skipping deliver [background] BroadcastRecord{527975b u-1 android.net.conn.CONNECTIVITY_CHANGE} to ReceiverList{d5b5bf8 21560 (unknown name)/2000/u-1 remote:43cdc55}: process gone or crashing
07-10 20:41:12.823  1862  2687 I ActivityTaskManager: START u0 {act=android.intent.action.MAIN cat=[android.intent.category.LAUNCHER] flg=0x10200000 cmp=e.www.httpsrequesttest/.MainActivity} from uid 2000
07-10 20:41:12.824  1862  2687 W ActivityTaskManager: Can't find TaskDisplayArea to determine support for multi window. Task id=102 attached=false
07-10 20:41:12.826  1862  2687 D CompatibilityChangeReporter: Compat change id reported: 174042980; UID 10224; state: DISABLED
07-10 20:41:12.826  1862  2687 D CompatibilityChangeReporter: Compat change id reported: 184838306; UID 10224; state: DISABLED
07-10 20:41:12.827  1862  2687 D CompatibilityChangeReporter: Compat change id reported: 185004937; UID 10224; state: DISABLED
07-10 20:41:12.828  1862  2687 D CompatibilityChangeReporter: Compat change id reported: 181136395; UID 10224; state: DISABLED
07-10 20:41:12.828  1862  2687 D CompatibilityChangeReporter: Compat change id reported: 174042936; UID 10224; state: DISABLED
07-10 20:41:12.831  1862  2687 D CompatibilityChangeReporter: Compat change id reported: 168419799; UID 10224; state: DISABLED
07-10 20:41:12.835 21560 21560 I Monkey  : Events injected: 1
07-10 20:41:12.844  1862  1985 W ActivityManager: ProcessRecord{d5cd8c2 0:e.www.httpsrequesttest/u0a224}: ART verification disabled
07-10 20:41:12.844  1862  1985 D CompatibilityChangeReporter: Compat change id reported: 135634846; UID 10224; state: DISABLED
07-10 20:41:12.844  1862  1985 D CompatibilityChangeReporter: Compat change id reported: 177438394; UID 10224; state: DISABLED
07-10 20:41:12.844  1862  1985 D CompatibilityChangeReporter: Compat change id reported: 135772972; UID 10224; state: DISABLED
07-10 20:41:12.844  1862  1985 D CompatibilityChangeReporter: Compat change id reported: 135754954; UID 10224; state: DISABLED
07-10 20:41:12.845  1862  1998 D CompatibilityChangeReporter: Compat change id reported: 143937733; UID 10224; state: DISABLED
07-10 20:41:12.845 21560 21560 I Monkey  : ## Network stats: elapsed time=22ms (0ms mobile, 0ms wifi, 22ms not connected)
07-10 20:41:12.846 21560 21560 I app_process: System.exit called, status: 0
07-10 20:41:12.846 21560 21560 I AndroidRuntime: VM exiting with result code 0.
07-10 20:41:12.853  1230  1230 D Zygote  : Forked child process 21609
07-10 20:41:12.854  1862  1998 I ActivityManager: Start proc 21609:e.www.httpsrequesttest/u0a224 for pre-top-activity {e.www.httpsrequesttest/e.www.httpsrequesttest.MainActivity}
07-10 20:41:12.863 21609 21609 I ttpsrequesttes: Late-enabling -Xcheck:jni
07-10 20:41:12.865  2516  2895 W OpenGLRenderer: Surface doesn't have any previously queued frames, nothing to readback from
07-10 20:41:12.869  2516  2516 I WallpaperService: engine resumed
07-10 20:41:12.870  2516  2895 W OpenGLRenderer: Surface doesn't have any previously queued frames, nothing to readback from
07-10 20:41:12.891 21609 21609 I ttpsrequesttes: Using CollectorTypeCC GC.
07-10 20:41:12.895 12099 12107 I adbd    : jdwp connection from 21609
07-10 20:41:12.897 21609 21609 D ProcessState: Binder ioctl to enable oneway spam detection failed: Invalid argument
07-10 20:41:12.905 21609 21609 D CompatibilityChangeReporter: Compat change id reported: 171979766; UID 10224; state: DISABLED
07-10 20:41:12.910 21609 21609 D ApplicationLoaders: Returning zygote-cached class loader: /system/framework/android.test.base.jar
07-10 20:41:12.911 21609 21609 W ziparchive: Unable to open '/data/app/~~TeM65MXj8PQ4yttsY99b_g==/e.www.httpsrequesttest-qf3rVkV2V5fqqXXX3m9NHw==/base.dm': No such file or directory
07-10 20:41:12.911 21609 21609 W ziparchive: Unable to open '/data/app/~~TeM65MXj8PQ4yttsY99b_g==/e.www.httpsrequesttest-qf3rVkV2V5fqqXXX3m9NHw==/base.dm': No such file or directory
07-10 20:41:12.942 21609 21609 D nativeloader: Configuring classloader-namespace for other apk /data/app/~~TeM65MXj8PQ4yttsY99b_g==/e.www.httpsrequesttest-qf3rVkV2V5fqqXXX3m9NHw==/base.apk. target_sdk_version=28, uses_libraries=, library_path=/data/app/~~TeM65MXj8PQ4yttsY99b_g==/e.www.httpsrequesttest-qf3rVkV2V5fqqXXX3m9NHw==/lib/arm64, permitted_path=/data:/mnt/expand:/data/user/0/e.www.httpsrequesttest
07-10 20:41:12.949 21609 21609 V GraphicsEnvironment: ANGLE Developer option for 'e.www.httpsrequesttest' set to: 'default'
07-10 20:41:12.949 21609 21609 V GraphicsEnvironment: App is not on the allowlist for updatable production driver.
07-10 20:41:12.950 21609 21609 D NetworkSecurityConfig: No Network Security Config specified, using platform default
07-10 20:41:12.950 21609 21609 D NetworkSecurityConfig: No Network Security Config specified, using platform default
07-10 20:41:12.977 21609 21609 W ttpsrequesttes: Accessing hidden method Landroid/view/View;->computeFitSystemWindows(Landroid/graphics/Rect;Landroid/graphics/Rect;)Z (unsupported, reflection, allowed)
07-10 20:41:12.977 21609 21609 W ttpsrequesttes: Accessing hidden method Landroid/view/ViewGroup;->makeOptionalFitsSystemWindows()V (unsupported, reflection, allowed)
07-10 20:41:12.999  1862  1986 D CompatibilityChangeReporter: Compat change id reported: 158002302; UID 10224; state: ENABLED
07-10 20:41:13.001 21609 21627 I AdrenoGLES-0: QUALCOMM build                   : 781e7d0, I46ff5fc46f
07-10 20:41:13.001 21609 21627 I AdrenoGLES-0: Build Date                       : 12/01/20
07-10 20:41:13.001 21609 21627 I AdrenoGLES-0: OpenGL ES Shader Compiler Version: EV031.31.04.01
07-10 20:41:13.001 21609 21627 I AdrenoGLES-0: Local Branch                     : QPR1
07-10 20:41:13.001 21609 21627 I AdrenoGLES-0: Remote Branch                    : 
07-10 20:41:13.001 21609 21627 I AdrenoGLES-0: Remote Branch                    : 
07-10 20:41:13.001 21609 21627 I AdrenoGLES-0: Reconstruct Branch               : 
07-10 20:41:13.001 21609 21627 I AdrenoGLES-0: Build Config                     : C P 11.0.1 AArch64
07-10 20:41:13.001 21609 21627 I AdrenoGLES-0: Driver Path                      : /vendor/lib64/egl/libGLESv2_adreno.so
07-10 20:41:13.003 21609 21627 I AdrenoGLES-0: PFP: 0x016ee190, ME: 0x00000000
07-10 20:41:13.004 21609 21627 W AdrenoUtils: <ReadGpuID_from_sysfs:197>: Failed to open /sys/class/kgsl/kgsl-3d0/gpu_model
07-10 20:41:13.004 21609 21627 W AdrenoUtils: <ReadGpuID:221>: Failed to read chip ID from gpu_model. Fallback to use the GSL path
07-10 20:41:13.010   737   761 I SDM     : HWCDisplay::GetColorModeCount: Supported color mode count = 5
07-10 20:41:13.010   735   771 E HWComposer: getSupportedContentTypes: getSupportedContentTypes failed for display 0: Unsupported (8)
07-10 20:41:13.010 21609 21627 D hw-ProcessState: Binder ioctl to enable oneway spam detection failed: Invalid argument
07-10 20:41:13.011   685   685 I hwservicemanager: getTransport: Cannot find entry android.hardware.graphics.mapper@4.0::IMapper/default in either framework or device VINTF manifest.
07-10 20:41:13.011 21609 21633 I Gralloc4: mapper 4.x is not supported
07-10 20:41:13.011   685   685 I hwservicemanager: getTransport: Cannot find entry android.hardware.graphics.mapper@3.0::IMapper/default in either framework or device VINTF manifest.
07-10 20:41:13.012 21609 21633 W Gralloc3: mapper 3.x is not supported
07-10 20:41:13.013   685   685 I hwservicemanager: getTransport: Cannot find entry android.hardware.graphics.allocator@4.0::IAllocator/default in either framework or device VINTF manifest.
07-10 20:41:13.013 21609 21633 W Gralloc4: allocator 4.x is not supported
07-10 20:41:13.013   685   685 I hwservicemanager: getTransport: Cannot find entry android.hardware.graphics.allocator@3.0::IAllocator/default in either framework or device VINTF manifest.
07-10 20:41:13.013 21609 21633 W Gralloc3: allocator 3.x is not supported
07-10 20:41:13.024  1862  1982 W ziparchive: Unable to open '/data/app/~~TeM65MXj8PQ4yttsY99b_g==/e.www.httpsrequesttest-qf3rVkV2V5fqqXXX3m9NHw==/base.dm': No such file or directory
07-10 20:41:13.025  1862  1982 I ActivityTaskManager: Displayed e.www.httpsrequesttest/.MainActivity: +200ms
07-10 20:41:13.046  3533  3533 I GoogleInputMethodService: GoogleInputMethodService.onFinishInput():3306 
07-10 20:41:13.047  3533  3533 I GoogleInputMethodService: GoogleInputMethodService.updateDeviceLockedStatus():2127 repeatCheckTimes = 0, locked = false
07-10 20:41:13.048  3533  3533 I GoogleInputMethodService: GoogleInputMethodService.onStartInput():1909 onStartInput(EditorInfo{inputType=0x0(NULL) imeOptions=0x0 privateImeOptions=null actionName=UNSPECIFIED actionLabel=null actionId=0 initialSelStart=-1 initialSelEnd=-1 initialCapsMode=0x0 hintText=null label=null packageName=e.www.httpsrequesttest fieldId=-1 fieldName=null extras=null hintLocales=[]}, false)
07-10 20:41:13.048  3533  3533 I GoogleInputMethodService: GoogleInputMethodService.shouldHideHeaderOnInitialState():1990 ShouldHideHeaderOnInitialState = false
07-10 20:41:13.048  3533  3533 I GoogleInputMethodService: GoogleInputMethodService.updateDeviceLockedStatus():2127 repeatCheckTimes = 1, locked = false
07-10 20:41:13.331  1862  1881 W InputManager-JNI: Input channel object '3e63fa4 Splash Screen e.www.httpsrequesttest (client)' was disposed without first being removed with the input manager!
07-10 20:41:13.469  2516  2516 I WallpaperService: engine paused
07-10 20:41:13.536  1862  2225 D ConnectivityService: NetReassign [no changes] [c 0] [a 1] [i 2]
07-10 20:41:14.030 21639 21639 D ProcessState: Binder ioctl to enable oneway spam detection failed: Invalid argument
07-10 20:41:14.562 21655 21655 D ProcessState: Binder ioctl to enable oneway spam detection failed: Invalid argument
07-10 20:41:14.567  1862  1881 I ActivityManager: Background started FGS: Allowed [callingPackage: com.android.shell; callingUid: 2000; uidState: NONE; intent: Intent { cmp=com.example.batterymanager_utility/.DataCollectionService (has extras) }; code:SYSTEM_UID; tempAllowListReason:<,reasonCode:SYSTEM_ALLOW_LISTED,duration:9223372036854775807,callingUid:-1>; targetSdkVersion:33; callerTargetSdkVersion:-1; startForegroundCount:0; bindFromPackage:null]
07-10 20:41:14.577 21559 21559 I BatteryMgr:DataCollectionService: onStartCommand: begin
07-10 20:41:14.577 21559 21559 I BatteryMgr:DataCollectionService: onStartCommand: sampleRate => 0
07-10 20:41:14.577 21559 21559 I BatteryMgr:DataCollectionService: onStartCommand: rawFields => Timestamp,BATTERY_PROPERTY_CURRENT_NOW,EXTRA_VOLTAGE
07-10 20:41:14.579 21559 21559 I BatteryMgr:DataCollectionService: onStartCommand: notification done
07-10 20:41:14.582 21559 21559 I BatteryMgr:DataCollectionService: started foreground
07-10 20:41:14.594 21559 21658 I BatteryMgr:DataCollectionService: collectData: begin
07-10 20:41:14.598 21559 21658 I BatteryMgr:DataCollectionService: stats => 1689014474598,191875,4050
07-10 20:41:14.601 21559 21658 I BatteryMgr:DataCollectionService: stats => 1689014474601,191875,4050
07-10 20:41:14.603 21559 21658 I BatteryMgr:DataCollectionService: stats => 1689014474603,191875,4050
07-10 20:41:14.605 21559 21658 I BatteryMgr:DataCollectionService: stats => 1689014474605,191875,4050
07-10 20:41:14.607 21559 21658 I BatteryMgr:DataCollectionService: stats => 1689014474607,191875,4050
07-10 20:41:14.609 21559 21658 I BatteryMgr:DataCollectionService: stats => 1689014474609,191875,4050
07-10 20:41:14.611 21559 21658 I BatteryMgr:DataCollectionService: stats => 1689014474611,191875,4050
07-10 20:41:14.613 21559 21658 I BatteryMgr:DataCollectionService: stats => 1689014474613,191875,4050
07-10 20:41:14.616 21559 21658 I BatteryMgr:DataCollectionService: stats => 1689014474616,191875,4050
07-10 20:41:14.618 21559 21658 I BatteryMgr:DataCollectionService: stats => 1689014474618,191875,4050
07-10 20:41:14.621 21559 21658 I BatteryMgr:DataCollectionService: stats => 1689014474621,236875,4050
07-10 20:41:14.623 21559 21658 I BatteryMgr:DataCollectionService: stats => 1689014474623,236875,4050
07-10 20:41:14.626 21559 21658 I BatteryMgr:DataCollectionService: stats => 1689014474626,236875,4050
07-10 20:41:14.629 21559 21658 I BatteryMgr:DataCollectionService: stats => 1689014474629,236875,4050
07-10 20:41:14.632 21559 21658 I BatteryMgr:DataCollectionService: stats => 1689014474632,236875,4050
07-10 20:41:14.635 21559 21658 I BatteryMgr:DataCollectionService: stats => 1689014474635,236875,4050
07-10 20:41:14.637 21559 21658 I BatteryMgr:DataCollectionService: stats => 1689014474637,236875,4050
07-10 20:41:14.640 21559 21658 I BatteryMgr:DataCollectionService: stats => 1689014474640,236875,4050
07-10 20:41:14.642 21559 21658 I BatteryMgr:DataCollectionService: stats => 1689014474642,236875,4050
07-10 20:41:14.645 21559 21658 I BatteryMgr:DataCollectionService: stats => 1689014474645,236875,4050
07-10 20:41:14.648 21559 21658 I BatteryMgr:DataCollectionService: stats => 1689014474647,236875,4050
07-10 20:41:14.650 21559 21658 I BatteryMgr:DataCollectionService: stats => 1689014474650,236875,4050
07-10 20:41:14.653 21559 21658 I BatteryMgr:DataCollectionService: stats => 1689014474653,236875,4050
07-10 20:41:14.654 21559 21658 I BatteryMgr:DataCollectionService: stats => 1689014474654,236875,4050
07-10 20:41:14.655 21559 21658 I BatteryMgr:DataCollectionService: stats => 1689014474655,236875,4050
07-10 20:41:14.657 21559 21658 I BatteryMgr:DataCollectionService: stats => 1689014474657,236875,4050
07-10 20:41:14.658 21559 21658 I BatteryMgr:DataCollectionService: stats => 1689014474658,236875,4050
07-10 20:41:14.659 21559 21658 I BatteryMgr:DataCollectionService: stats => 1689014474659,236875,4050
07-10 20:41:14.661 21559 21658 I BatteryMgr:DataCollectionService: stats => 1689014474661,236875,4050
07-10 20:41:14.663 21559 21658 I BatteryMgr:DataCollectionService: stats => 1689014474663,236875,4050
07-10 20:41:14.665 21559 21658 I BatteryMgr:DataCollectionService: stats => 1689014474665,236875,4050
07-10 20:41:14.666 21559 21658 I BatteryMgr:DataCollectionService: stats => 1689014474666,236875,4050
07-10 20:41:14.667 21559 21658 I BatteryMgr:DataCollectionService: stats => 1689014474667,236875,4050
07-10 20:41:14.669 21559 21658 I BatteryMgr:DataCollectionService: stats => 1689014474669,236875,4050
07-10 20:41:14.670 21559 21658 I BatteryMgr:DataCollectionService: stats => 1689014474670,236875,4050
07-10 20:41:14.671 21559 21658 I BatteryMgr:DataCollectionService: stats => 1689014474671,236875,4050
07-10 20:41:14.673 21559 21658 I BatteryMgr:DataCollectionService: stats => 1689014474673,236875,4050
07-10 20:41:14.674 21559 21658 I BatteryMgr:DataCollectionService: stats => 1689014474674,236875,4050
07-10 20:41:14.676 21559 21658 I BatteryMgr:DataCollectionService: stats => 1689014474676,236875,4050
07-10 20:41:14.677 21559 21658 I BatteryMgr:DataCollectionService: stats => 1689014474677,236875,4050
07-10 20:41:14.678 21559 21658 I BatteryMgr:DataCollectionService: stats => 1689014474678,236875,4050
07-10 20:41:14.680 21559 21658 I BatteryMgr:DataCollectionService: stats => 1689014474680,236875,4050
07-10 20:41:14.681 21559 21658 I BatteryMgr:DataCollectionService: stats => 1689014474681,236875,4050
07-10 20:41:14.682 21559 21658 I BatteryMgr:DataCollectionService: stats => 1689014474682,236875,4050
07-10 20:41:14.683 21559 21658 I BatteryMgr:DataCollectionService: stats => 1689014474683,236875,4050
07-10 20:41:14.685 21559 21658 I BatteryMgr:DataCollectionService: stats => 1689014474685,236875,4050
07-10 20:41:14.686 21559 21658 I BatteryMgr:DataCollectionService: stats => 1689014474686,236875,4050
07-10 20:41:14.687 21559 21658 I BatteryMgr:DataCollectionService: stats => 1689014474687,236875,4050
07-10 20:41:14.689 21559 21658 I BatteryMgr:DataCollectionService: stats => 1689014474689,236875,4050
07-10 20:41:14.690 21559 21658 I BatteryMgr:DataCollectionService: stats => 1689014474690,236875,4050
07-10 20:41:14.692 21559 21658 I BatteryMgr:DataCollectionService: stats => 1689014474692,236875,4050
07-10 20:41:14.694 21559 21658 I BatteryMgr:DataCollectionService: stats => 1689014474694,236875,4050
07-10 20:41:14.696 21559 21658 I BatteryMgr:DataCollectionService: stats => 1689014474696,236875,4050
07-10 20:41:14.698 21559 21658 I BatteryMgr:DataCollectionService: stats => 1689014474698,236875,4050
07-10 20:41:14.700 21559 21658 I BatteryMgr:DataCollectionService: stats => 1689014474700,236875,4050
07-10 20:41:14.702 21559 21658 I BatteryMgr:DataCollectionService: stats => 1689014474702,236875,4050
07-10 20:41:14.704 21559 21658 I BatteryMgr:DataCollectionService: stats => 1689014474704,236875,4050
07-10 20:41:14.706 21559 21658 I BatteryMgr:DataCollectionService: stats => 1689014474706,236875,4050
07-10 20:41:14.709 21559 21658 I BatteryMgr:DataCollectionService: stats => 1689014474709,236875,4050
07-10 20:41:14.712 21559 21658 I BatteryMgr:DataCollectionService: stats => 1689014474712,236875,4050
07-10 20:41:14.714 21559 21658 I BatteryMgr:DataCollectionService: stats => 1689014474714,236875,4050
07-10 20:41:14.716 21559 21658 I BatteryMgr:DataCollectionService: stats => 1689014474716,236875,4050
07-10 20:41:14.719 21559 21658 I BatteryMgr:DataCollectionService: stats => 1689014474719,236875,4050
07-10 20:41:14.721 21559 21658 I BatteryMgr:DataCollectionService: stats => 1689014474721,236875,4050
07-10 20:41:14.724 21559 21658 I BatteryMgr:DataCollectionService: stats => 1689014474724,236875,4050
07-10 20:41:14.726 21559 21658 I BatteryMgr:DataCollectionService: stats => 1689014474726,236875,4050
07-10 20:41:14.728 21559 21658 I BatteryMgr:DataCollectionService: stats => 1689014474728,236875,4050
07-10 20:41:14.731 21559 21658 I BatteryMgr:DataCollectionService: stats => 1689014474731,236875,4050
07-10 20:41:14.735 21559 21658 I BatteryMgr:DataCollectionService: stats => 1689014474735,236875,4050
07-10 20:41:14.737 21559 21658 I BatteryMgr:DataCollectionService: stats => 1689014474737,236875,4050
07-10 20:41:14.739 21559 21658 I BatteryMgr:DataCollectionService: stats => 1689014474739,236875,4050
07-10 20:41:14.742 21559 21658 I BatteryMgr:DataCollectionService: stats => 1689014474742,236875,4050
07-10 20:41:14.744 21559 21658 I BatteryMgr:DataCollectionService: stats => 1689014474744,236875,4050
07-10 20:41:14.745 21559 21658 I BatteryMgr:DataCollectionService: stats => 1689014474745,236875,4050
07-10 20:41:14.747 21559 21658 I BatteryMgr:DataCollectionService: stats => 1689014474747,236875,4050
07-10 20:41:14.748 21559 21658 I BatteryMgr:DataCollectionService: stats => 1689014474748,236875,4050
07-10 20:41:14.750 21559 21658 I BatteryMgr:DataCollectionService: stats => 1689014474750,236875,4050
07-10 20:41:14.751 21559 21658 I BatteryMgr:DataCollectionService: stats => 1689014474751,236875,4050
07-10 20:41:14.753 21559 21658 I BatteryMgr:DataCollectionService: stats => 1689014474753,236875,4050
07-10 20:41:14.754 21559 21658 I BatteryMgr:DataCollectionService: stats => 1689014474754,236875,4050
07-10 20:41:14.756 21559 21658 I BatteryMgr:DataCollectionService: stats => 1689014474756,236875,4050
07-10 20:41:14.757 21559 21658 I BatteryMgr:DataCollectionService: stats => 1689014474757,236875,4050
07-10 20:41:14.759 21559 21658 I BatteryMgr:DataCollectionService: stats => 1689014474759,236875,4050
07-10 20:41:14.760 21559 21658 I BatteryMgr:DataCollectionService: stats => 1689014474760,236875,4050
07-10 20:41:14.762 21559 21658 I BatteryMgr:DataCollectionService: stats => 1689014474762,236875,4050
07-10 20:41:14.763 21559 21658 I BatteryMgr:DataCollectionService: stats => 1689014474763,236875,4050
07-10 20:41:14.765 21559 21658 I BatteryMgr:DataCollectionService: stats => 1689014474765,236875,4050
07-10 20:41:14.767 21559 21658 I BatteryMgr:DataCollectionService: stats => 1689014474766,236875,4050
07-10 20:41:14.768 21559 21658 I BatteryMgr:DataCollectionService: stats => 1689014474768,236875,4050
07-10 20:41:14.770 21559 21658 I BatteryMgr:DataCollectionService: stats => 1689014474770,236875,4050
07-10 20:41:14.771 21559 21658 I BatteryMgr:DataCollectionService: stats => 1689014474771,236875,4050
07-10 20:41:14.773 21559 21658 I BatteryMgr:DataCollectionService: stats => 1689014474773,236875,4050
07-10 20:41:14.775 21559 21658 I BatteryMgr:DataCollectionService: stats => 1689014474775,236875,4050
07-10 20:41:14.776 21559 21658 I BatteryMgr:DataCollectionService: stats => 1689014474776,236875,4050
07-10 20:41:14.778 21559 21658 I BatteryMgr:DataCollectionService: stats => 1689014474778,236875,4050
07-10 20:41:14.780 21559 21658 I BatteryMgr:DataCollectionService: stats => 1689014474780,236875,4050
07-10 20:41:14.782 21559 21658 I BatteryMgr:DataCollectionService: stats => 1689014474782,236875,4050
07-10 20:41:14.784 21559 21658 I BatteryMgr:DataCollectionService: stats => 1689014474784,236875,4050
07-10 20:41:14.786 21559 21658 I BatteryMgr:DataCollectionService: stats => 1689014474786,236875,4050
07-10 20:41:14.789 21559 21658 I BatteryMgr:DataCollectionService: stats => 1689014474789,236875,4050
07-10 20:41:14.792 21559 21658 I BatteryMgr:DataCollectionService: stats => 1689014474792,236875,4050
07-10 20:41:14.794 21559 21658 I BatteryMgr:DataCollectionService: stats => 1689014474794,236875,4050
07-10 20:41:14.797 21559 21658 I BatteryMgr:DataCollectionService: stats => 1689014474797,236875,4050
07-10 20:41:14.799 21559 21658 I BatteryMgr:DataCollectionService: stats => 1689014474799,236875,4050
07-10 20:41:14.801 21559 21658 I BatteryMgr:DataCollectionService: stats => 1689014474801,236875,4050
07-10 20:41:14.804 21559 21658 I BatteryMgr:DataCollectionService: stats => 1689014474804,236875,4050
07-10 20:41:14.806 21559 21658 I BatteryMgr:DataCollectionService: stats => 1689014474806,236875,4050
07-10 20:41:14.809 21559 21658 I BatteryMgr:DataCollectionService: stats => 1689014474809,236875,4050
07-10 20:41:14.811 21559 21658 I BatteryMgr:DataCollectionService: stats => 1689014474811,236875,4050
07-10 20:41:14.813 21559 21658 I BatteryMgr:DataCollectionService: stats => 1689014474813,236875,4050
07-10 20:41:14.814 21559 21658 I BatteryMgr:DataCollectionService: stats => 1689014474814,236875,4050
07-10 20:41:14.816 21559 21658 I BatteryMgr:DataCollectionService: stats => 1689014474816,236875,4050
07-10 20:41:14.817 21559 21658 I BatteryMgr:DataCollectionService: stats => 1689014474817,236875,4050
07-10 20:41:14.819 21559 21658 I BatteryMgr:DataCollectionService: stats => 1689014474819,236875,4050
07-10 20:41:14.820 21559 21658 I BatteryMgr:DataCollectionService: stats => 1689014474820,236875,4050
07-10 20:41:14.821 21559 21658 I BatteryMgr:DataCollectionService: stats => 1689014474821,236875,4050
07-10 20:41:14.823 21559 21658 I BatteryMgr:DataCollectionService: stats => 1689014474823,236875,4050
07-10 20:41:14.824 21559 21658 I BatteryMgr:DataCollectionService: stats => 1689014474824,236875,4050
07-10 20:41:14.826 21559 21658 I BatteryMgr:DataCollectionService: stats => 1689014474826,236875,4050
07-10 20:41:14.827 21559 21658 I BatteryMgr:DataCollectionService: stats => 1689014474827,236875,4050
07-10 20:41:14.828 21559 21658 I BatteryMgr:DataCollectionService: stats => 1689014474828,236875,4050
07-10 20:41:14.829 21559 21658 I BatteryMgr:DataCollectionService: stats => 1689014474829,236875,4050
07-10 20:41:14.831 21559 21658 I BatteryMgr:DataCollectionService: stats => 1689014474831,236875,4050
07-10 20:41:14.832 21559 21658 I BatteryMgr:DataCollectionService: stats => 1689014474832,236875,4050
07-10 20:41:14.833 21559 21658 I BatteryMgr:DataCollectionService: stats => 1689014474833,236875,4050
07-10 20:41:14.835 21559 21658 I BatteryMgr:DataCollectionService: stats => 1689014474835,236875,4050
07-10 20:41:14.836 21559 21658 I BatteryMgr:DataCollectionService: stats => 1689014474836,236875,4050
07-10 20:41:14.838 21559 21658 I BatteryMgr:DataCollectionService: stats => 1689014474838,236875,4050
07-10 20:41:14.839 21559 21658 I BatteryMgr:DataCollectionService: stats => 1689014474839,236875,4050
07-10 20:41:14.841 21559 21658 I BatteryMgr:DataCollectionService: stats => 1689014474841,236875,4050
07-10 20:41:14.843 21559 21658 I BatteryMgr:DataCollectionService: stats => 1689014474842,236875,4050
07-10 20:41:14.844 21559 21658 I BatteryMgr:DataCollectionService: stats => 1689014474844,236875,4050
07-10 20:41:14.846 21559 21658 I BatteryMgr:DataCollectionService: stats => 1689014474846,236875,4050
07-10 20:41:14.847 21559 21658 I BatteryMgr:DataCollectionService: stats => 1689014474847,236875,4050
07-10 20:41:14.849 21559 21658 I BatteryMgr:DataCollectionService: stats => 1689014474849,236875,4050
07-10 20:41:14.850 21559 21658 I BatteryMgr:DataCollectionService: stats => 1689014474850,236875,4050
07-10 20:41:14.852 21559 21658 I BatteryMgr:DataCollectionService: stats => 1689014474852,236875,4050
07-10 20:41:14.854 21559 21658 I BatteryMgr:DataCollectionService: stats => 1689014474854,236875,4050
07-10 20:41:14.856 21559 21658 I BatteryMgr:DataCollectionService: stats => 1689014474856,236875,4050
07-10 20:41:14.858 21559 21658 I BatteryMgr:DataCollectionService: stats => 1689014474858,236875,4050
07-10 20:41:14.860 21559 21658 I BatteryMgr:DataCollectionService: stats => 1689014474860,236875,4050
07-10 20:41:14.862 21559 21658 I BatteryMgr:DataCollectionService: stats => 1689014474862,236875,4050
07-10 20:41:14.864 21559 21658 I BatteryMgr:DataCollectionService: stats => 1689014474864,236875,4050
07-10 20:41:14.866 21559 21658 I BatteryMgr:DataCollectionService: stats => 1689014474866,236875,4050
07-10 20:41:14.868 21559 21658 I BatteryMgr:DataCollectionService: stats => 1689014474868,236875,4050
07-10 20:41:14.870 21559 21658 I BatteryMgr:DataCollectionService: stats => 1689014474870,236875,4050
07-10 20:41:14.872 21559 21658 I BatteryMgr:DataCollectionService: stats => 1689014474872,236875,4050
07-10 20:41:14.875 21559 21658 I BatteryMgr:DataCollectionService: stats => 1689014474875,236875,4050
07-10 20:41:14.877 21559 21658 I BatteryMgr:DataCollectionService: stats => 1689014474877,236875,4050
07-10 20:41:14.880 21559 21658 I BatteryMgr:DataCollectionService: stats => 1689014474880,236875,4050
07-10 20:41:14.882 21559 21658 I BatteryMgr:DataCollectionService: stats => 1689014474882,236875,4050
07-10 20:41:14.885 21559 21658 I BatteryMgr:DataCollectionService: stats => 1689014474885,236875,4050
07-10 20:41:14.887 21559 21658 I BatteryMgr:DataCollectionService: stats => 1689014474887,236875,4050
07-10 20:41:14.889 21559 21658 I BatteryMgr:DataCollectionService: stats => 1689014474889,236875,4050
07-10 20:41:14.892 21559 21658 I BatteryMgr:DataCollectionService: stats => 1689014474892,236875,4050
07-10 20:41:14.895 21559 21658 I BatteryMgr:DataCollectionService: stats => 1689014474895,236875,4050
07-10 20:41:14.898 21559 21658 I BatteryMgr:DataCollectionService: stats => 1689014474898,236875,4050
07-10 20:41:14.901 21559 21658 I BatteryMgr:DataCollectionService: stats => 1689014474901,236875,4050
07-10 20:41:14.904 21559 21658 I BatteryMgr:DataCollectionService: stats => 1689014474904,236875,4050
07-10 20:41:14.907 21559 21658 I BatteryMgr:DataCollectionService: stats => 1689014474907,236875,4050
07-10 20:41:14.910 21559 21658 I BatteryMgr:DataCollectionService: stats => 1689014474910,236875,4050
07-10 20:41:14.913 21559 21658 I BatteryMgr:DataCollectionService: stats => 1689014474913,236875,4050
07-10 20:41:14.917 21559 21658 I BatteryMgr:DataCollectionService: stats => 1689014474917,236875,4050
07-10 20:41:14.920 21559 21658 I BatteryMgr:DataCollectionService: stats => 1689014474920,236875,4050
07-10 20:41:14.923 21559 21658 I BatteryMgr:DataCollectionService: stats => 1689014474923,236875,4050
07-10 20:41:14.926 21559 21658 I BatteryMgr:DataCollectionService: stats => 1689014474926,236875,4050
07-10 20:41:14.929 21559 21658 I BatteryMgr:DataCollectionService: stats => 1689014474929,236875,4050
07-10 20:41:14.932 21559 21658 I BatteryMgr:DataCollectionService: stats => 1689014474932,236875,4050
07-10 20:41:14.936 21559 21658 I BatteryMgr:DataCollectionService: stats => 1689014474936,236875,4050
07-10 20:41:14.939 21559 21658 I BatteryMgr:DataCollectionService: stats => 1689014474939,236875,4050
07-10 20:41:14.942 21559 21658 I BatteryMgr:DataCollectionService: stats => 1689014474941,236875,4050
07-10 20:41:14.945 21559 21658 I BatteryMgr:DataCollectionService: stats => 1689014474944,236875,4050
07-10 20:41:14.948 21559 21658 I BatteryMgr:DataCollectionService: stats => 1689014474948,236875,4050
07-10 20:41:14.951 21559 21658 I BatteryMgr:DataCollectionService: stats => 1689014474951,236875,4050
07-10 20:41:14.954 21559 21658 I BatteryMgr:DataCollectionService: stats => 1689014474954,236875,4050
07-10 20:41:14.957 21559 21658 I BatteryMgr:DataCollectionService: stats => 1689014474957,236875,4050
07-10 20:41:14.960 21559 21658 I BatteryMgr:DataCollectionService: stats => 1689014474960,236875,4050
07-10 20:41:14.963 21559 21658 I BatteryMgr:DataCollectionService: stats => 1689014474963,236875,4050
07-10 20:41:14.966 21559 21658 I BatteryMgr:DataCollectionService: stats => 1689014474966,236875,4050
07-10 20:41:14.969 21559 21658 I BatteryMgr:DataCollectionService: stats => 1689014474968,236875,4050
07-10 20:41:14.971 21559 21658 I BatteryMgr:DataCollectionService: stats => 1689014474971,236875,4050
07-10 20:41:14.975 21559 21658 I BatteryMgr:DataCollectionService: stats => 1689014474974,210312,4050
07-10 20:41:14.977 21559 21658 I BatteryMgr:DataCollectionService: stats => 1689014474977,210312,4050
07-10 20:41:14.980 21559 21658 I BatteryMgr:DataCollectionService: stats => 1689014474980,210312,4050
07-10 20:41:14.983 21559 21658 I BatteryMgr:DataCollectionService: stats => 1689014474983,210312,4050
07-10 20:41:14.987 21559 21658 I BatteryMgr:DataCollectionService: stats => 1689014474987,210312,4050
07-10 20:41:14.990 21559 21658 I BatteryMgr:DataCollectionService: stats => 1689014474989,210312,4050
07-10 20:41:14.992 21559 21658 I BatteryMgr:DataCollectionService: stats => 1689014474992,210312,4050
07-10 20:41:14.996 21559 21658 I BatteryMgr:DataCollectionService: stats => 1689014474995,210312,4050
07-10 20:41:15.000 21559 21658 I BatteryMgr:DataCollectionService: stats => 1689014475000,210312,4050
07-10 20:41:15.003 21559 21658 I BatteryMgr:DataCollectionService: stats => 1689014475003,210312,4050
07-10 20:41:15.007 21559 21658 I BatteryMgr:DataCollectionService: stats => 1689014475007,210312,4050
07-10 20:41:15.010 21559 21658 I BatteryMgr:DataCollectionService: stats => 1689014475009,210312,4050
07-10 20:41:15.013 21559 21658 I BatteryMgr:DataCollectionService: stats => 1689014475013,210312,4050
07-10 20:41:15.016 21559 21658 I BatteryMgr:DataCollectionService: stats => 1689014475015,210312,4050
07-10 20:41:15.020 21559 21658 I BatteryMgr:DataCollectionService: stats => 1689014475020,210312,4050
07-10 20:41:15.023 21559 21658 I BatteryMgr:DataCollectionService: stats => 1689014475023,210312,4050
07-10 20:41:15.027 21559 21658 I BatteryMgr:DataCollectionService: stats => 1689014475027,210312,4050
07-10 20:41:15.030 21559 21658 I BatteryMgr:DataCollectionService: stats => 1689014475030,210312,4050
07-10 20:41:15.033 21559 21658 I BatteryMgr:DataCollectionService: stats => 1689014475033,210312,4050
07-10 20:41:15.038 21559 21658 I BatteryMgr:DataCollectionService: stats => 1689014475038,210312,4050
07-10 20:41:15.041 21559 21658 I BatteryMgr:DataCollectionService: stats => 1689014475041,210312,4050
07-10 20:41:15.044 21559 21658 I BatteryMgr:DataCollectionService: stats => 1689014475044,210312,4050
07-10 20:41:15.047 21559 21658 I BatteryMgr:DataCollectionService: stats => 1689014475047,210312,4050
07-10 20:41:15.050 21559 21658 I BatteryMgr:DataCollectionService: stats => 1689014475050,210312,4050
07-10 20:41:15.054 21559 21658 I BatteryMgr:DataCollectionService: stats => 1689014475054,210312,4050
