07-03 12:48:35.187   738   738 V LocSvc_HIDL_IzatOsNpGlue: [locationChanged][95] [HS] <<<<= [HC]
07-03 12:48:35.187   738   852 V LocSvc_HIDL_IzatProvider: [onLocationChanged][72] [HS] =>>>> [HC]
07-03 12:48:35.187  1272  2941 V LocSvc_HIDL_IzatProvider_jni: [onLocationChanged][218] [HC] <<= [HS]
07-03 12:48:35.307 14006 14023 I .gms.persisten: Background young concurrent copying GC freed 250521(12MB) AllocSpace objects, 22(584KB) LOS objects, 42% free, 18MB/32MB, paused 331us total 102.718ms
07-03 12:48:35.307 14006 14023 W .gms.persisten: Reducing the number of considered missed Gc histogram windows from 122 to 100
07-03 12:48:35.854 22617 22711 I BatteryMgr:DataCollectionService: stats => 1688381315854,-330077,4155
07-03 12:48:36.158   779  7045 E ANDR-PERF-MPCTL: poll() has timed out for /sys/module/msm_performance/events/cpu_hotplug
07-03 12:48:36.158   779  7045 E ANDR-PERF-MPCTL: Block on poll()
07-03 12:48:36.861 22617 22711 I BatteryMgr:DataCollectionService: stats => 1688381316861,-239257,4155
07-03 12:48:37.606   560   560 E SELinux : avc:  denied  { find } for interface=vendor.qti.hardware.servicetracker::IServicetracker sid=u:r:system_server:s0 pid=1272 scontext=u:r:system_server:s0 tcontext=u:object_r:default_android_hwservice:s0 tclass=hwservice_manager permissive=0
07-03 12:48:37.868 22617 22711 I BatteryMgr:DataCollectionService: stats => 1688381317867,-239257,4155
07-03 12:48:38.631  1272  6132 W AlarmManager: Alarms must either supply a PendingIntent or an AlarmReceiver
07-03 12:48:38.874 22617 22711 I BatteryMgr:DataCollectionService: stats => 1688381318873,-218749,4155
07-03 12:48:39.162   779  7045 E ANDR-PERF-MPCTL: poll() has timed out for /sys/module/msm_performance/events/cpu_hotplug
07-03 12:48:39.162   779  7045 E ANDR-PERF-MPCTL: Block on poll()
07-03 12:48:39.879 22617 22711 I BatteryMgr:DataCollectionService: stats => 1688381319879,-317870,4155
07-03 12:48:40.171  1272  6132 D WificondControl: Scan result ready event
07-03 12:48:40.171  1185 11462 I LOWI-8.6.0.67: [LOWI-Scan] lowi_close_record:Scan done in 166203496ms, 10 APs in scan results
07-03 12:48:40.179  1272  4885 D WificondScannerImpl: Filtering out 2 scan results.
07-03 12:48:40.188  1272  4883 D WifiNetworkSelector: Current connected network: "DoodleBoodle" , ID: 0
07-03 12:48:40.188  1272  4883 D WifiNetworkSelector: Current network is 2.4GHz. 5GHz networks available.
07-03 12:48:40.188  1272  4883 D WifiNetworkSelector: Current connected network is not sufficient.
07-03 12:48:40.193  1272  4883 D WifiNetworkSelector: Networks filtered out due to low signal strength: TP-LINK_B9E2:98:de:d0:4a:b9:e2(2.4GHz)-81 / HUAWEI-L2ALSY_HiLink:60:aa:ef:21:56:a4(2.4GHz)-86 / 
07-03 12:48:40.193  1272  4883 D WifiNetworkSelector: About to run SavedNetworkEvaluator :
07-03 12:48:40.194  1272  4883 D SavedNetworkEvaluator: 
07-03 12:48:40.194  1272  4883 D SavedNetworkEvaluator: [ DoodleBoodle 90:9a:4a:19:d8:a6 RSSI:-34 ]  RSSI score: 100, User selection 166187932 ms ago, bonus: 0, Same network bonus: 16, Same BSSID bonus: 24, Secure network bonus: 80, ## Total score: 220
07-03 12:48:40.194  1272  4883 D WifiNetworkSelector: SavedNetworkEvaluator selects "DoodleBoodle":0
07-03 12:48:40.194  1272  4883 D WifiNetworkSelector: About to run NetworkSuggestionEvaluator :
07-03 12:48:40.195  1272  4883 D WifiNetworkSelector: About to run PasspointNetworkEvaluator :
07-03 12:48:40.198  1272  4883 D PasspointNetworkEvaluator: No suitable Passpoint network found
07-03 12:48:40.199  1272  4883 D WifiNetworkSelector: About to run CarrierNetworkEvaluator :
07-03 12:48:40.199  1272  4883 D WifiNetworkSelector: About to run ScoredNetworkEvaluator :
07-03 12:48:40.200  1272  4883 D WifiNetworkSelector: BubbleFunScorer_v1 would choose 0 score 66.01668321956319+/-0.07320634150461588 expid 42598151
07-03 12:48:40.200  1272  4883 D WifiNetworkSelector: CompatibilityScorer chooses 0 score 219.966+/-10.0 expid 42504592
07-03 12:48:40.200  1272  4883 D WifiNetworkSelector: ScoreCardBasedScorer would choose 0 score 200.0+/-10.0 expid 42902385
07-03 12:48:40.215  1272  6375 V LocSvc_HIDL_OsNpGlue_jni: [onJavaLocationChanged][236] [HC] =>> [HS]
07-03 12:48:40.215   738   738 V LocSvc_HIDL_IzatOsNpGlue: [locationChanged][95] [HS] <<<<= [HC]
07-03 12:48:40.216   738   852 V LocSvc_HIDL_IzatProvider: [onLocationChanged][72] [HS] =>>>> [HC]
07-03 12:48:40.216  1272  4014 V LocSvc_HIDL_IzatProvider_jni: [onLocationChanged][218] [HC] <<= [HS]
07-03 12:48:40.230 14006 14628 I ChimeraSrvcProxy: NullBinder for android.net.action.RECOMMEND_NETWORKS triggering remote TransactionTooLargeException due to Service without Chimera impl
07-03 12:48:40.886 22617 22711 I BatteryMgr:DataCollectionService: stats => 1688381320885,-317870,4155
07-03 12:48:41.892 22617 22711 I BatteryMgr:DataCollectionService: stats => 1688381321891,-239745,4155
07-03 12:48:42.165   779  7045 E ANDR-PERF-MPCTL: poll() has timed out for /sys/module/msm_performance/events/cpu_hotplug
07-03 12:48:42.165   779  7045 E ANDR-PERF-MPCTL: Block on poll()
07-03 12:48:42.179  1272  6136 W AppOps  : Noting op not finished: uid 10152 pkg com.google.android.gms code 79 time=1688381273376 duration=-1
07-03 12:48:42.898 22617 22711 I BatteryMgr:DataCollectionService: stats => 1688381322897,-286620,4155
07-03 12:48:43.647  1272  6132 W AlarmManager: Alarms must either supply a PendingIntent or an AlarmReceiver
07-03 12:48:43.688  1272  6132 D AlarmManagerService: Kernel timezone updated to -120 minutes west of GMT
07-03 12:48:43.710  5388  5413 W m.android.phon: Reducing the number of considered missed Gc histogram windows from 157 to 100
07-03 12:48:43.903 22617 22711 I BatteryMgr:DataCollectionService: stats => 1688381323903,-286620,4155
07-03 12:48:44.077  1272  1342 I GnssLocationProvider: Removing location updates from network provider.
07-03 12:48:44.078  1272  6375 V LocSvc_HIDL_IzatProvider_jni: [onRemoveRequest][180] [HC] =>> [HS]
07-03 12:48:44.079   738   738 V LocSvc_HIDL_IzatProvider: [onRemoveRequest][210] [HS] <<<<= [HC]
07-03 12:48:44.079  1272  2941 V LocSvc_HIDL_OsNpGlue_jni: [onStopRequest][73] [HC] <<= [HS]
07-03 12:48:44.908 22617 22711 I BatteryMgr:DataCollectionService: stats => 1688381324908,-338378,4155
07-03 12:48:45.168   779  7045 E ANDR-PERF-MPCTL: poll() has timed out for /sys/module/msm_performance/events/cpu_hotplug
07-03 12:48:45.168   779  7045 E ANDR-PERF-MPCTL: Block on poll()
07-03 12:48:45.228  1185 11462 I LOWI-8.6.0.67: [LOWI-Scan] lowi_close_record:Scan done in 166208554ms, 11 APs in scan results
07-03 12:48:45.229  1272  6132 D WificondControl: Scan result ready event
07-03 12:48:45.235  1272  4885 D WificondScannerImpl: Filtering out 4 scan results.
07-03 12:48:45.245  1272  4883 D WifiNetworkSelector: Too short since last network selection: 5045 ms. Skip network selection.
07-03 12:48:45.262  1272  6375 V LocSvc_HIDL_OsNpGlue_jni: [onJavaLocationChanged][236] [HC] =>> [HS]
07-03 12:48:45.262   738   738 V LocSvc_HIDL_IzatOsNpGlue: [locationChanged][95] [HS] <<<<= [HC]
07-03 12:48:45.263   738   852 E IzatSvc_ComboNetworkProvider: Exiting with error proc line 226 "1"
07-03 12:48:45.915 22617 22711 I BatteryMgr:DataCollectionService: stats => 1688381325915,-217285,4155
07-03 12:48:46.921 22617 22711 I BatteryMgr:DataCollectionService: stats => 1688381326921,-217285,4155
07-03 12:48:47.927 22617 22711 I BatteryMgr:DataCollectionService: stats => 1688381327927,-219726,4155
07-03 12:48:48.172   779  7045 E ANDR-PERF-MPCTL: poll() has timed out for /sys/module/msm_performance/events/cpu_hotplug
07-03 12:48:48.172   779  7045 E ANDR-PERF-MPCTL: Block on poll()
07-03 12:48:48.663  1272  6132 W AlarmManager: Alarms must either supply a PendingIntent or an AlarmReceiver
07-03 12:48:48.933 22617 22711 I BatteryMgr:DataCollectionService: stats => 1688381328933,-223144,4155
07-03 12:48:49.938 22617 22711 I BatteryMgr:DataCollectionService: stats => 1688381329938,-223144,4155
07-03 12:48:50.198  1272  6132 D WificondControl: Scan result ready event
07-03 12:48:50.198  1185 11462 I LOWI-8.6.0.67: [LOWI-Scan] lowi_close_record:Scan done in 166213524ms, 10 APs in scan results
07-03 12:48:50.205  1272  4885 D WificondScannerImpl: Filtering out 3 scan results.
07-03 12:48:50.218  1272  4883 D WifiNetworkSelector: Current connected network: "DoodleBoodle" , ID: 0
07-03 12:48:50.218  1272  4883 D WifiNetworkSelector: Current network is 2.4GHz. 5GHz networks available.
07-03 12:48:50.218  1272  4883 D WifiNetworkSelector: Current connected network is not sufficient.
07-03 12:48:50.222  1272  4883 D WifiNetworkSelector: Networks filtered out due to low signal strength: TP-Link_B10F_5G:1c:3b:f3:a3:b1:0e(5GHz)-78 / HUAWEI-L2ALSY_HiLink:60:aa:ef:21:56:a4(2.4GHz)-86 / 
07-03 12:48:50.223  1272  4883 D WifiNetworkSelector: About to run SavedNetworkEvaluator :
07-03 12:48:50.225  1272  4883 D SavedNetworkEvaluator: 
07-03 12:48:50.225  1272  4883 D SavedNetworkEvaluator: [ DoodleBoodle 90:9a:4a:19:d8:a6 RSSI:-36 ]  RSSI score: 100, User selection 166197963 ms ago, bonus: 0, Same network bonus: 16, Same BSSID bonus: 24, Secure network bonus: 80, ## Total score: 220
07-03 12:48:50.225  1272  4883 D WifiNetworkSelector: SavedNetworkEvaluator selects "DoodleBoodle":0
07-03 12:48:50.226  1272  4883 D WifiNetworkSelector: About to run NetworkSuggestionEvaluator :
07-03 12:48:50.226  1272  4883 D WifiNetworkSelector: About to run PasspointNetworkEvaluator :
07-03 12:48:50.232  1272  4883 D PasspointNetworkEvaluator: No suitable Passpoint network found
07-03 12:48:50.232  1272  4883 D WifiNetworkSelector: About to run CarrierNetworkEvaluator :
07-03 12:48:50.233  1272  4883 D WifiNetworkSelector: About to run ScoredNetworkEvaluator :
07-03 12:48:50.233  1272  6375 V LocSvc_HIDL_OsNpGlue_jni: [onJavaLocationChanged][236] [HC] =>> [HS]
07-03 12:48:50.233   738   738 V LocSvc_HIDL_IzatOsNpGlue: [locationChanged][95] [HS] <<<<= [HC]
07-03 12:48:50.234   738   852 E IzatSvc_ComboNetworkProvider: Exiting with error proc line 226 "1"
07-03 12:48:50.235  1272  4883 D WifiNetworkSelector: BubbleFunScorer_v1 would choose 0 score 65.97617988325315+/-0.08941442742855318 expid 42598151
07-03 12:48:50.236  1272  4883 D WifiNetworkSelector: CompatibilityScorer chooses 0 score 219.964+/-10.0 expid 42504592
07-03 12:48:50.236  1272  4883 D WifiNetworkSelector: ScoreCardBasedScorer would choose 0 score 200.0+/-10.0 expid 42902385
07-03 12:48:50.265 14006  1697 I ChimeraSrvcProxy: NullBinder for android.net.action.RECOMMEND_NETWORKS triggering remote TransactionTooLargeException due to Service without Chimera impl
07-03 12:48:50.945 22617 22711 I BatteryMgr:DataCollectionService: stats => 1688381330945,-320800,4155
07-03 12:48:51.175   779  7045 E ANDR-PERF-MPCTL: poll() has timed out for /sys/module/msm_performance/events/cpu_hotplug
07-03 12:48:51.175   779  7045 E ANDR-PERF-MPCTL: Block on poll()
07-03 12:48:51.951 22617 22711 I BatteryMgr:DataCollectionService: stats => 1688381331951,-272460,4155
07-03 12:48:52.693   560   560 E SELinux : avc:  denied  { find } for interface=vendor.qti.hardware.servicetracker::IServicetracker sid=u:r:system_server:s0 pid=1272 scontext=u:r:system_server:s0 tcontext=u:object_r:default_android_hwservice:s0 tclass=hwservice_manager permissive=0
07-03 12:48:52.957 22617 22711 I BatteryMgr:DataCollectionService: stats => 1688381332956,-216308,4155
07-03 12:48:52.966  1272  2941 I BatteryService: shutdownIfLowCurrentLocked batteryLevel = 89 , hasChargingCurrent = false(isPowered=false,batteryCurrent=-216,hardware=qcom) , hitShutdownVoltage = true(batteryVoltage=4153,mBatteryMinVoltage=-1) , isSystemReady = true
07-03 12:48:52.968  4943  4943 D BatteryController: mPluggedIn = false;mCharging =false; status=3; level=89
07-03 12:48:52.968  5388  5388 D QtiCarrierConfigHelper: WARNING, no carrier configs on phone Id: 0
07-03 12:48:52.969  4943  4943 I BatteryView: updateShowPercent showPercent: 1 mUseSmallBatteryLevel: false mAllowShowPercentage: true
07-03 12:48:52.969  4943  4943 I BatteryMeterDrawableBase: isHideWaring mHideWaring: false
07-03 12:48:52.970 11522 11522 I [BatteryProtectApp]: ACTION_BATTERY_CHANGED -> Temprature : 31.0
07-03 12:48:52.970 11522 11522 I [BatteryProtectApp]: DetectBatteryService: MaxTempShutDown : false
07-03 12:48:52.970 11522 11522 I [BatteryProtectApp]: DetectBatteryService: LowTempShutDown : false
07-03 12:48:52.972 11522 11522 I [BatteryProtectApp]: IS_SUPPORT_DECREASE_CHARGING : true
07-03 12:48:52.972  4943  4943 I BatteryView: updateShowPercent showPercent: 1 mUseSmallBatteryLevel: false mAllowShowPercentage: true
07-03 12:48:52.972  4943  4943 I BatteryMeterDrawableBase: isHideWaring mHideWaring: false
07-03 12:48:52.974  4943  4943 I BatteryView: updateShowPercent showPercent: 1 mUseSmallBatteryLevel: false mAllowShowPercentage: true
07-03 12:48:52.974  4943  4943 I BatteryMeterDrawableBase: isHideWaring mHideWaring: false
07-03 12:48:53.006 11522 11538 W .batteryprotec: Reducing the number of considered missed Gc histogram windows from 123 to 100
07-03 12:48:53.680  1272  5432 W AlarmManager: Alarms must either supply a PendingIntent or an AlarmReceiver
07-03 12:48:53.711  1272  5432 D AlarmManagerService: Kernel timezone updated to -120 minutes west of GMT
07-03 12:48:53.962 22617 22711 I BatteryMgr:DataCollectionService: stats => 1688381333962,-216308,4153
07-03 12:48:54.179   779  7045 E ANDR-PERF-MPCTL: poll() has timed out for /sys/module/msm_performance/events/cpu_hotplug
07-03 12:48:54.179   779  7045 E ANDR-PERF-MPCTL: Block on poll()
07-03 12:48:54.968 22617 22711 I BatteryMgr:DataCollectionService: stats => 1688381334968,-323242,4153
07-03 12:48:55.077   560   560 E SELinux : avc:  denied  { find } for interface=vendor.qti.hardware.servicetracker::IServicetracker sid=u:r:system_server:s0 pid=1272 scontext=u:r:system_server:s0 tcontext=u:object_r:default_android_hwservice:s0 tclass=hwservice_manager permissive=0
07-03 12:48:55.202   560   560 E SELinux : avc:  denied  { find } for interface=vendor.qti.hardware.servicetracker::IServicetracker sid=u:r:system_server:s0 pid=1272 scontext=u:r:system_server:s0 tcontext=u:object_r:default_android_hwservice:s0 tclass=hwservice_manager permissive=0
07-03 12:48:55.367  1272  6136 D WificondControl: Scan result ready event
07-03 12:48:55.367  1185 11462 I LOWI-8.6.0.67: [LOWI-Scan] lowi_close_record:Scan done in 166218692ms, 10 APs in scan results
07-03 12:48:55.373  1272  4885 D WificondScannerImpl: Filtering out 3 scan results.
07-03 12:48:55.379  1272  4883 D WifiNetworkSelector: Too short since last network selection: 5143 ms. Skip network selection.
07-03 12:48:55.398  1272  6375 V LocSvc_HIDL_OsNpGlue_jni: [onJavaLocationChanged][236] [HC] =>> [HS]
07-03 12:48:55.398   738   738 V LocSvc_HIDL_IzatOsNpGlue: [locationChanged][95] [HS] <<<<= [HC]
07-03 12:48:55.399   738   852 E IzatSvc_ComboNetworkProvider: Exiting with error proc line 226 "1"
07-03 12:48:55.449  1272  6136 I ActivityManager: Force stopping e.www.gpstest appid=10202 user=0: from pid 22751
07-03 12:48:55.450  1272  6136 I ActivityManager: Killing 22662:e.www.gpstest/u0a202 (adj 0): stop e.www.gpstest
07-03 12:48:55.453   560   560 E SELinux : avc:  denied  { find } for interface=vendor.qti.hardware.servicetracker::IServicetracker sid=u:r:system_server:s0 pid=1272 scontext=u:r:system_server:s0 tcontext=u:object_r:default_android_hwservice:s0 tclass=hwservice_manager permissive=0
07-03 12:48:55.454  1272  6136 W ActivityTaskManager: Force removing ActivityRecord{4d11fd u0 e.www.gpstest/.MainActivity t334 f}: app died, no saved state
07-03 12:48:55.459  1272  6132 E InputDispatcher: Window handle Window{387002 u0 e.www.gpstest/e.www.gpstest.MainActivity} has no registered input channel
07-03 12:48:55.472  1272 22754 W IrisConfig: ColorManagerService is not Existed
07-03 12:48:55.481   560   560 I hwservicemanager: getTransport: Cannot find entry vendor.qti.hardware.iop@2.0::IIop/default in either framework or device manifest.
07-03 12:48:55.482  1272 12292 E ANDR-PERF-JNI: UXEngine Trigger - Returning null
07-03 12:48:55.485   680   680 I Zygote  : Process 22662 exited due to signal 9 (Killed)
07-03 12:48:55.487  5388  5388 E PhoneInterfaceManager: [PhoneIntfMgr] getCarrierPackageNamesForIntent: No UICC
07-03 12:48:55.487  5388  5388 D CarrierSvcBindHelper: No carrier app for: 0
07-03 12:48:55.488  5388  5388 E PhoneInterfaceManager: [PhoneIntfMgr] getCarrierPackageNamesForIntent: No UICC
07-03 12:48:55.488  5388  5388 D CarrierSvcBindHelper: No carrier app for: 1
07-03 12:48:55.489  6139  6139 D RegisteredNfcFServicesCache: Service unchanged, not updating
07-03 12:48:55.493  6198  6198 I PowerLog.EventRecord: gpsEnable = false
07-03 12:48:55.498  1272  1356 I libprocessgroup: Successfully killed process cgroup uid 10202 pid 22662 in 45ms
07-03 12:48:55.511   560   560 E SELinux : avc:  denied  { find } for interface=vendor.qti.hardware.servicetracker::IServicetracker sid=u:r:system_server:s0 pid=1272 scontext=u:r:system_server:s0 tcontext=u:object_r:default_android_hwservice:s0 tclass=hwservice_manager permissive=0
07-03 12:48:55.517 10382 10382 I A       : onStart
07-03 12:48:55.532  1272  1346 W ActivityManager: setHasOverlayUi called on unknown pid: 22662
07-03 12:48:55.537 10382 10382 I A       : onResume
07-03 12:48:55.552 14690 14690 D PredictionService: onRequestPredictionUpdate
07-03 12:48:55.552  4823  4823 I GsaVoiceInteractionSrv: Handling ACTION_START_HOTWORD
07-03 12:48:55.553 14690 14690 D PredictionService: update predictions
07-03 12:48:55.553  4823  4971 I GsaVoiceInteractionSrv: (REDACTED) disregardHotwordSetting: %b
07-03 12:48:55.553  4823  4971 I GsaVoiceInteractionSrv: Cannot start hotword, hotword has been explicitly disabled.
07-03 12:48:55.553   560   560 E SELinux : avc:  denied  { find } for interface=vendor.qti.hardware.servicetracker::IServicetracker sid=u:r:system_server:s0 pid=1272 scontext=u:r:system_server:s0 tcontext=u:object_r:default_android_hwservice:s0 tclass=hwservice_manager permissive=0
07-03 12:48:55.556 25207 25207 I GoogleInputMethodService: GoogleInputMethodService.onFinishInput():3306 
07-03 12:48:55.557 25207 25207 I GoogleInputMethodService: GoogleInputMethodService.updateDeviceLockedStatus():2127 repeatCheckTimes = 0, locked = false
07-03 12:48:55.557 25207 25207 I GoogleInputMethodService: GoogleInputMethodService.onStartInput():1909 onStartInput(EditorInfo{inputType=0x0(NULL) imeOptions=0x0 privateImeOptions=null actionName=UNSPECIFIED actionLabel=null actionId=0 initialSelStart=-1 initialSelEnd=-1 initialCapsMode=0x0 hintText=null label=null packageName=com.android.launcher3 fieldId=-1 fieldName=null extras=null hintLocales=[]}, false)
07-03 12:48:55.558 25207 25207 I GoogleInputMethodService: GoogleInputMethodService.shouldHideHeaderOnInitialState():1990 ShouldHideHeaderOnInitialState = false
07-03 12:48:55.558 25207 25207 I GoogleInputMethodService: GoogleInputMethodService.updateDeviceLockedStatus():2127 repeatCheckTimes = 1, locked = false
07-03 12:48:55.560  1272  5276 D CompatibilityInfo: mCompatibilityFlags - 0
07-03 12:48:55.560  1272  5276 D CompatibilityInfo: applicationDensity - 420
07-03 12:48:55.560  1272  5276 D CompatibilityInfo: applicationScale - 1.0
07-03 12:48:55.562   560   560 E SELinux : avc:  denied  { find } for interface=vendor.qti.hardware.servicetracker::IServicetracker sid=u:r:system_server:s0 pid=1272 scontext=u:r:system_server:s0 tcontext=u:object_r:default_android_hwservice:s0 tclass=hwservice_manager permissive=0
07-03 12:48:55.564 27187 27187 D BoundBrokerSvc: onBind: Intent { act=com.google.android.gms.inappreach.service.START dat=chimera-action: cmp=com.google.android.gms/.chimera.GmsApiService }
07-03 12:48:55.564 27187 27187 D BoundBrokerSvc: Loading bound service for intent: Intent { act=com.google.android.gms.inappreach.service.START dat=chimera-action: cmp=com.google.android.gms/.chimera.GmsApiService }
07-03 12:48:57.184   779  7045 E ANDR-PERF-MPCTL: poll() has timed out for /sys/module/msm_performance/events/cpu_hotplug
07-03 12:48:57.184   779  7045 E ANDR-PERF-MPCTL: Block on poll()
07-03 12:48:58.690  1272  5191 W AlarmManager: Alarms must either supply a PendingIntent or an AlarmReceiver
07-03 12:48:58.796  1272  5191 I ActivityManager: Force stopping com.example.batterymanager_utility appid=10186 user=0: from pid 22763
07-03 12:48:58.797  1272  5191 I ActivityManager: Killing 22617:com.example.batterymanager_utility/u0a186 (adj 700): stop com.example.batterymanager_utility
07-03 12:48:58.799   560   560 E SELinux : avc:  denied  { find } for interface=vendor.qti.hardware.servicetracker::IServicetracker sid=u:r:system_server:s0 pid=1272 scontext=u:r:system_server:s0 tcontext=u:object_r:default_android_hwservice:s0 tclass=hwservice_manager permissive=0
07-03 12:48:58.800  1272  5191 W ActivityTaskManager: Force removing ActivityRecord{ecc975c u0 com.example.batterymanager_utility/.MainActivity t333 f}: app died, no saved state
07-03 12:48:58.815  5388  5388 E PhoneInterfaceManager: [PhoneIntfMgr] getCarrierPackageNamesForIntent: No UICC
07-03 12:48:58.815  5388  5388 D CarrierSvcBindHelper: No carrier app for: 0
07-03 12:48:58.816  5388  5388 E PhoneInterfaceManager: [PhoneIntfMgr] getCarrierPackageNamesForIntent: No UICC
07-03 12:48:58.816  5388  5388 D CarrierSvcBindHelper: No carrier app for: 1
07-03 12:48:58.817  6139  6139 D RegisteredNfcFServicesCache: Service unchanged, not updating
07-03 12:48:58.836   680   680 I Zygote  : Process 22617 exited due to signal 9 (Killed)
07-03 12:48:58.837  1272  1346 W ActivityManager: setHasOverlayUi called on unknown pid: 22617
07-03 12:48:58.842  1272  1356 I libprocessgroup: Successfully killed process cgroup uid 10186 pid 22617 in 44ms
07-03 12:49:00.002  4943  4943 D SystemUIUpdateMonitor: run() curMinutes = 28139689 mLastMinute = 28139688
07-03 12:49:00.002  4943  4943 D SystemUIUpdateMonitor: setTimeHandler() mTimeTICK_receiver.size() = 16
07-03 12:49:00.002  4943  4943 D SystemUIUpdateMonitor: setTimeHandler() newDelay = 59998
07-03 12:49:00.188   779  7045 E ANDR-PERF-MPCTL: poll() has timed out for /sys/module/msm_performance/events/cpu_hotplug
07-03 12:49:00.188   779  7045 E ANDR-PERF-MPCTL: Block on poll()
07-03 12:49:00.432  1185 11462 I LOWI-8.6.0.67: [LOWI-Scan] lowi_close_record:Scan done in 166223757ms, 12 APs in scan results
07-03 12:49:00.434  1272  5250 D WificondControl: Scan result ready event
07-03 12:49:00.441  1272  4885 D WificondScannerImpl: Filtering out 4 scan results.
07-03 12:49:00.453  1272  4883 D WifiNetworkSelector: Current connected network: "DoodleBoodle" , ID: 0
07-03 12:49:00.454  1272  4883 D WifiNetworkSelector: Current network is 2.4GHz. 5GHz networks available.
07-03 12:49:00.454  1272  4883 D WifiNetworkSelector: Current connected network is not sufficient.
07-03 12:49:00.457  1272  4883 D WifiNetworkSelector: Networks filtered out due to invalid SSID: 22:3b:f3:a3:b1:0f / 
07-03 12:49:00.457  1272  4883 D WifiNetworkSelector: Networks filtered out due to low signal strength: TP-Link_B10F_5G:1c:3b:f3:a3:b1:0e(5GHz)-78 / Wi-Filosofie:50:d4:f7:53:a4:fe(2.4GHz)-83 / 
07-03 12:49:00.457  1272  4883 D WifiNetworkSelector: About to run SavedNetworkEvaluator :
07-03 12:49:00.458  1272  4883 D SavedNetworkEvaluator: 
07-03 12:49:00.458  1272  4883 D SavedNetworkEvaluator: [ DoodleBoodle 90:9a:4a:19:d8:a6 RSSI:-35 ]  RSSI score: 100, User selection 166208197 ms ago, bonus: 0, Same network bonus: 16, Same BSSID bonus: 24, Secure network bonus: 80, ## Total score: 220
07-03 12:49:00.459  1272  4883 D WifiNetworkSelector: SavedNetworkEvaluator selects "DoodleBoodle":0
07-03 12:49:00.459  1272  4883 D WifiNetworkSelector: About to run NetworkSuggestionEvaluator :
07-03 12:49:00.459  1272  4883 D WifiNetworkSelector: About to run PasspointNetworkEvaluator :
07-03 12:49:00.466  1272  4883 D PasspointNetworkEvaluator: No suitable Passpoint network found
07-03 12:49:00.466  1272  4883 D WifiNetworkSelector: About to run CarrierNetworkEvaluator :
07-03 12:49:00.467  1272  4883 D WifiNetworkSelector: About to run ScoredNetworkEvaluator :
07-03 12:49:00.468  1272  4883 D WifiNetworkSelector: BubbleFunScorer_v1 would choose 0 score 65.99744329183939+/-0.08090551964961565 expid 42598151
07-03 12:49:00.468  1272  4883 D WifiNetworkSelector: CompatibilityScorer chooses 0 score 219.965+/-10.0 expid 42504592
07-03 12:49:00.468  1272  4883 D WifiNetworkSelector: ScoreCardBasedScorer would choose 0 score 200.0+/-10.0 expid 42902385
07-03 12:49:00.483  1272  5250 W AlarmManager: Window length 1383505805503149568ms suspiciously long; limiting to 1 hour
07-03 12:49:00.487 14006 14163 I ChimeraSrvcProxy: NullBinder for android.net.action.RECOMMEND_NETWORKS triggering remote TransactionTooLargeException due to Service without Chimera impl
07-03 12:49:00.508  6198  7527 D FileOperator: Mode change to WRITE_MODE!
07-03 12:49:03.192   779  7045 E ANDR-PERF-MPCTL: poll() has timed out for /sys/module/msm_performance/events/cpu_hotplug
07-03 12:49:03.192   779  7045 E ANDR-PERF-MPCTL: Block on poll()
