07-13 11:01:35.936 18357 18478 I BatteryMgr:DataCollectionService: stats => 1689238895935,-129,4188
07-13 11:01:35.938 18357 18478 I BatteryMgr:DataCollectionService: stats => 1689238895938,-129,4188
07-13 11:01:35.941 18357 18478 I BatteryMgr:DataCollectionService: stats => 1689238895941,-129,4188
07-13 11:01:35.943 18357 18478 I BatteryMgr:DataCollectionService: stats => 1689238895943,-129,4188
07-13 11:01:35.946 18357 18478 I BatteryMgr:DataCollectionService: stats => 1689238895946,-129,4188
07-13 11:01:35.949 18357 18478 I BatteryMgr:DataCollectionService: stats => 1689238895949,-129,4188
07-13 11:01:35.951 18357 18478 I BatteryMgr:DataCollectionService: stats => 1689238895951,-129,4188
07-13 11:01:35.954 18357 18478 I BatteryMgr:DataCollectionService: stats => 1689238895954,-129,4188
07-13 11:01:35.956 18357 18478 I BatteryMgr:DataCollectionService: stats => 1689238895956,-129,4188
07-13 11:01:35.958 18357 18478 I BatteryMgr:DataCollectionService: stats => 1689238895958,-129,4188
07-13 11:01:35.961 18357 18478 I BatteryMgr:DataCollectionService: stats => 1689238895961,-129,4188
07-13 11:01:35.963 18357 18478 I BatteryMgr:DataCollectionService: stats => 1689238895963,-129,4188
07-13 11:01:35.965 18357 18478 I BatteryMgr:DataCollectionService: stats => 1689238895965,-129,4188
07-13 11:01:35.968 18357 18478 I BatteryMgr:DataCollectionService: stats => 1689238895968,-129,4188
07-13 11:01:35.971 18357 18478 I BatteryMgr:DataCollectionService: stats => 1689238895971,-129,4188
07-13 11:01:35.973 18357 18478 I BatteryMgr:DataCollectionService: stats => 1689238895973,-129,4188
07-13 11:01:35.976 18357 18478 I BatteryMgr:DataCollectionService: stats => 1689238895976,-129,4188
07-13 11:01:35.978 18357 18478 I BatteryMgr:DataCollectionService: stats => 1689238895978,-129,4188
07-13 11:01:35.980 18357 18478 I BatteryMgr:DataCollectionService: stats => 1689238895980,-129,4188
07-13 11:01:35.983 18357 18478 I BatteryMgr:DataCollectionService: stats => 1689238895983,-129,4188
07-13 11:01:35.985 18357 18478 I BatteryMgr:DataCollectionService: stats => 1689238895985,-129,4188
07-13 11:01:35.987 18357 18478 I BatteryMgr:DataCollectionService: stats => 1689238895987,-129,4188
07-13 11:01:35.990 18357 18478 I BatteryMgr:DataCollectionService: stats => 1689238895990,-129,4188
07-13 11:01:35.992 18357 18478 I BatteryMgr:DataCollectionService: stats => 1689238895992,-129,4188
07-13 11:01:35.995 18357 18478 I BatteryMgr:DataCollectionService: stats => 1689238895994,-129,4188
07-13 11:01:35.997 18357 18478 I BatteryMgr:DataCollectionService: stats => 1689238895997,-129,4188
07-13 11:01:36.000 18357 18478 I BatteryMgr:DataCollectionService: stats => 1689238896000,-129,4188
07-13 11:01:36.002 18357 18478 I BatteryMgr:DataCollectionService: stats => 1689238896002,-129,4188
07-13 11:01:36.005 18357 18478 I BatteryMgr:DataCollectionService: stats => 1689238896005,-129,4188
07-13 11:01:36.008 18357 18478 I BatteryMgr:DataCollectionService: stats => 1689238896007,-129,4188
07-13 11:01:36.010 18357 18478 I BatteryMgr:DataCollectionService: stats => 1689238896010,-129,4188
07-13 11:01:36.013 18357 18478 I BatteryMgr:DataCollectionService: stats => 1689238896013,-129,4188
07-13 11:01:36.015 18357 18478 I BatteryMgr:DataCollectionService: stats => 1689238896015,-129,4188
07-13 11:01:36.018 18357 18478 I BatteryMgr:DataCollectionService: stats => 1689238896018,-129,4188
07-13 11:01:36.020 18357 18478 I BatteryMgr:DataCollectionService: stats => 1689238896020,-129,4188
07-13 11:01:36.023 18357 18478 I BatteryMgr:DataCollectionService: stats => 1689238896023,-129,4188
07-13 11:01:36.025 18357 18478 I BatteryMgr:DataCollectionService: stats => 1689238896025,-129,4188
07-13 11:01:36.028 18357 18478 I BatteryMgr:DataCollectionService: stats => 1689238896028,-129,4188
07-13 11:01:36.030 18357 18478 I BatteryMgr:DataCollectionService: stats => 1689238896030,-129,4188
07-13 11:01:36.033 18357 18478 I BatteryMgr:DataCollectionService: stats => 1689238896033,-129,4188
07-13 11:01:36.037 18357 18478 I BatteryMgr:DataCollectionService: stats => 1689238896037,-129,4188
07-13 11:01:36.040 18357 18478 I BatteryMgr:DataCollectionService: stats => 1689238896040,-129,4188
07-13 11:01:36.044 18357 18478 I BatteryMgr:DataCollectionService: stats => 1689238896044,-129,4188
07-13 11:01:36.048 18357 18478 I BatteryMgr:DataCollectionService: stats => 1689238896047,-129,4188
07-13 11:01:36.052 18357 18478 I BatteryMgr:DataCollectionService: stats => 1689238896051,-129,4188
07-13 11:01:36.055 18357 18478 I BatteryMgr:DataCollectionService: stats => 1689238896055,-129,4188
07-13 11:01:36.059 18357 18478 I BatteryMgr:DataCollectionService: stats => 1689238896059,-129,4188
07-13 11:01:36.062 18357 18478 I BatteryMgr:DataCollectionService: stats => 1689238896062,-129,4188
07-13 11:01:36.066 18357 18478 I BatteryMgr:DataCollectionService: stats => 1689238896066,-129,4188
07-13 11:01:36.070 18357 18478 I BatteryMgr:DataCollectionService: stats => 1689238896069,-129,4188
07-13 11:01:36.073 18357 18478 I BatteryMgr:DataCollectionService: stats => 1689238896073,-129,4188
07-13 11:01:36.078 18357 18478 I BatteryMgr:DataCollectionService: stats => 1689238896078,-129,4188
07-13 11:01:36.082 18357 18478 I BatteryMgr:DataCollectionService: stats => 1689238896082,-129,4188
07-13 11:01:36.086 18357 18478 I BatteryMgr:DataCollectionService: stats => 1689238896086,-129,4188
07-13 11:01:36.089 18357 18478 I BatteryMgr:DataCollectionService: stats => 1689238896089,-129,4188
07-13 11:01:36.093 18357 18478 I BatteryMgr:DataCollectionService: stats => 1689238896093,-129,4188
07-13 11:01:36.097 18357 18478 I BatteryMgr:DataCollectionService: stats => 1689238896097,-129,4188
07-13 11:01:36.101 18357 18478 I BatteryMgr:DataCollectionService: stats => 1689238896101,-129,4188
07-13 11:01:36.105 18357 18478 I BatteryMgr:DataCollectionService: stats => 1689238896105,-129,4188
07-13 11:01:36.109 18357 18478 I BatteryMgr:DataCollectionService: stats => 1689238896109,-129,4188
07-13 11:01:36.113 18357 18478 I BatteryMgr:DataCollectionService: stats => 1689238896113,-129,4188
07-13 11:01:36.123  3962  4615 D BatteryService: !@BatteryListener : batteryPropertiesChanged!
07-13 11:01:36.124 18357 18478 I BatteryMgr:DataCollectionService: stats => 1689238896124,-129,4188
07-13 11:01:36.128 18357 18478 I BatteryMgr:DataCollectionService: stats => 1689238896128,-129,4188
07-13 11:01:36.132 18357 18478 I BatteryMgr:DataCollectionService: stats => 1689238896132,-129,4188
07-13 11:01:36.136 18357 18478 I BatteryMgr:DataCollectionService: stats => 1689238896136,-129,4188
07-13 11:01:36.140 18357 18478 I BatteryMgr:DataCollectionService: stats => 1689238896140,-129,4188
07-13 11:01:36.144 18357 18478 I BatteryMgr:DataCollectionService: stats => 1689238896144,-129,4188
07-13 11:01:36.148 18357 18478 I BatteryMgr:DataCollectionService: stats => 1689238896148,-129,4188
07-13 11:01:36.152 18357 18478 I BatteryMgr:DataCollectionService: stats => 1689238896152,-129,4188
07-13 11:01:36.156 18357 18478 I BatteryMgr:DataCollectionService: stats => 1689238896156,-129,4188
07-13 11:01:36.160 18357 18478 I BatteryMgr:DataCollectionService: stats => 1689238896160,-129,4188
07-13 11:01:36.164 18357 18478 I BatteryMgr:DataCollectionService: stats => 1689238896164,-129,4188
07-13 11:01:36.168 18357 18478 I BatteryMgr:DataCollectionService: stats => 1689238896168,-129,4188
07-13 11:01:36.172 18357 18478 I BatteryMgr:DataCollectionService: stats => 1689238896172,-129,4188
07-13 11:01:36.177 18357 18478 I BatteryMgr:DataCollectionService: stats => 1689238896176,-129,4188
07-13 11:01:36.180 18357 18478 I BatteryMgr:DataCollectionService: stats => 1689238896180,-129,4188
07-13 11:01:36.185 18357 18478 I BatteryMgr:DataCollectionService: stats => 1689238896185,-129,4188
07-13 11:01:36.189 18357 18478 I BatteryMgr:DataCollectionService: stats => 1689238896188,-129,4188
07-13 11:01:36.193 18357 18478 I BatteryMgr:DataCollectionService: stats => 1689238896192,-129,4188
07-13 11:01:36.197 18357 18478 I BatteryMgr:DataCollectionService: stats => 1689238896197,-129,4188
07-13 11:01:36.201 18357 18478 I BatteryMgr:DataCollectionService: stats => 1689238896200,-129,4188
07-13 11:01:36.205 18357 18478 I BatteryMgr:DataCollectionService: stats => 1689238896205,-129,4188
07-13 11:01:36.209 18357 18478 I BatteryMgr:DataCollectionService: stats => 1689238896209,-129,4188
07-13 11:01:36.213 18357 18478 I BatteryMgr:DataCollectionService: stats => 1689238896213,-129,4188
07-13 11:01:36.217 18357 18478 I BatteryMgr:DataCollectionService: stats => 1689238896217,-129,4188
07-13 11:01:36.221 18357 18478 I BatteryMgr:DataCollectionService: stats => 1689238896221,-129,4188
07-13 11:01:36.225 18357 18478 I BatteryMgr:DataCollectionService: stats => 1689238896225,-129,4188
07-13 11:01:36.229 18357 18478 I BatteryMgr:DataCollectionService: stats => 1689238896229,-129,4188
07-13 11:01:36.233 18357 18478 I BatteryMgr:DataCollectionService: stats => 1689238896233,-129,4188
07-13 11:01:36.236 18357 18478 I BatteryMgr:DataCollectionService: stats => 1689238896236,-129,4188
07-13 11:01:36.240 18357 18478 I BatteryMgr:DataCollectionService: stats => 1689238896240,-129,4188
07-13 11:01:36.244 18357 18478 I BatteryMgr:DataCollectionService: stats => 1689238896244,-129,4188
07-13 11:01:36.248 18357 18478 I BatteryMgr:DataCollectionService: stats => 1689238896248,-129,4188
07-13 11:01:36.252 18357 18478 I BatteryMgr:DataCollectionService: stats => 1689238896252,-129,4188
07-13 11:01:36.256 18357 18478 I BatteryMgr:DataCollectionService: stats => 1689238896256,-129,4188
07-13 11:01:36.260 18357 18478 I BatteryMgr:DataCollectionService: stats => 1689238896260,-129,4188
07-13 11:01:36.264 18357 18478 I BatteryMgr:DataCollectionService: stats => 1689238896264,-129,4188
07-13 11:01:36.268 18357 18478 I BatteryMgr:DataCollectionService: stats => 1689238896268,-129,4188
07-13 11:01:36.272 18357 18478 I BatteryMgr:DataCollectionService: stats => 1689238896272,-129,4188
07-13 11:01:36.276 18357 18478 I BatteryMgr:DataCollectionService: stats => 1689238896276,-129,4188
07-13 11:01:36.280 18357 18478 I BatteryMgr:DataCollectionService: stats => 1689238896280,-129,4188
07-13 11:01:36.284 18357 18478 I BatteryMgr:DataCollectionService: stats => 1689238896284,-129,4188
07-13 11:01:36.288 18357 18478 I BatteryMgr:DataCollectionService: stats => 1689238896287,-129,4188
07-13 11:01:36.292 18357 18478 I BatteryMgr:DataCollectionService: stats => 1689238896292,-129,4188
07-13 11:01:36.296 18357 18478 I BatteryMgr:DataCollectionService: stats => 1689238896296,-129,4188
07-13 11:01:36.300 18357 18478 I BatteryMgr:DataCollectionService: stats => 1689238896300,-129,4188
07-13 11:01:36.304 18357 18478 I BatteryMgr:DataCollectionService: stats => 1689238896304,-129,4188
07-13 11:01:36.308 18357 18478 I BatteryMgr:DataCollectionService: stats => 1689238896308,-129,4188
07-13 11:01:36.312 18357 18478 I BatteryMgr:DataCollectionService: stats => 1689238896312,-129,4188
07-13 11:01:36.316 18357 18478 I BatteryMgr:DataCollectionService: stats => 1689238896316,-129,4188
07-13 11:01:36.320 18357 18478 I BatteryMgr:DataCollectionService: stats => 1689238896320,-129,4188
07-13 11:01:36.324 18357 18478 I BatteryMgr:DataCollectionService: stats => 1689238896324,-129,4188
07-13 11:01:36.328 18357 18478 I BatteryMgr:DataCollectionService: stats => 1689238896328,-129,4188
07-13 11:01:36.332 18357 18478 I BatteryMgr:DataCollectionService: stats => 1689238896332,-129,4188
07-13 11:01:36.336 18357 18478 I BatteryMgr:DataCollectionService: stats => 1689238896336,-129,4188
07-13 11:01:36.340 18357 18478 I BatteryMgr:DataCollectionService: stats => 1689238896340,-129,4188
07-13 11:01:36.344 18357 18478 I BatteryMgr:DataCollectionService: stats => 1689238896344,-129,4188
07-13 11:01:36.348 18357 18478 I BatteryMgr:DataCollectionService: stats => 1689238896348,-129,4188
07-13 11:01:36.352 18357 18478 I BatteryMgr:DataCollectionService: stats => 1689238896352,-129,4188
07-13 11:01:36.356 18357 18478 I BatteryMgr:DataCollectionService: stats => 1689238896355,-129,4188
07-13 11:01:36.360 18357 18478 I BatteryMgr:DataCollectionService: stats => 1689238896360,-129,4188
07-13 11:01:36.364 18357 18478 I BatteryMgr:DataCollectionService: stats => 1689238896364,-129,4188
07-13 11:01:36.368 18357 18478 I BatteryMgr:DataCollectionService: stats => 1689238896368,-129,4188
07-13 11:01:36.372 18357 18478 I BatteryMgr:DataCollectionService: stats => 1689238896372,-129,4188
07-13 11:01:36.376 18357 18478 I BatteryMgr:DataCollectionService: stats => 1689238896376,-129,4188
07-13 11:01:36.380 18357 18478 I BatteryMgr:DataCollectionService: stats => 1689238896380,-129,4188
07-13 11:01:36.384 18357 18478 I BatteryMgr:DataCollectionService: stats => 1689238896384,-129,4188
07-13 11:01:36.388 18357 18478 I BatteryMgr:DataCollectionService: stats => 1689238896388,-129,4188
07-13 11:01:36.392 18357 18478 I BatteryMgr:DataCollectionService: stats => 1689238896392,-129,4188
07-13 11:01:36.396 18357 18478 I BatteryMgr:DataCollectionService: stats => 1689238896395,-129,4188
07-13 11:01:36.400 18357 18478 I BatteryMgr:DataCollectionService: stats => 1689238896400,-129,4188
07-13 11:01:36.404 18357 18478 I BatteryMgr:DataCollectionService: stats => 1689238896403,-129,4188
07-13 11:01:36.407 18357 18478 I BatteryMgr:DataCollectionService: stats => 1689238896407,-129,4188
07-13 11:01:36.411 18357 18478 I BatteryMgr:DataCollectionService: stats => 1689238896411,-129,4188
07-13 11:01:36.415 18357 18478 I BatteryMgr:DataCollectionService: stats => 1689238896415,-129,4188
07-13 11:01:36.419 18357 18478 I BatteryMgr:DataCollectionService: stats => 1689238896419,-129,4188
07-13 11:01:36.423 18357 18478 I BatteryMgr:DataCollectionService: stats => 1689238896423,-129,4188
07-13 11:01:36.427 18357 18478 I BatteryMgr:DataCollectionService: stats => 1689238896427,-129,4188
07-13 11:01:36.432 18357 18478 I BatteryMgr:DataCollectionService: stats => 1689238896431,-129,4188
07-13 11:01:36.435 18357 18478 I BatteryMgr:DataCollectionService: stats => 1689238896435,-129,4188
07-13 11:01:36.440 18357 18478 I BatteryMgr:DataCollectionService: stats => 1689238896440,-129,4188
07-13 11:01:36.443 18357 18478 I BatteryMgr:DataCollectionService: stats => 1689238896443,-129,4188
07-13 11:01:36.448 18357 18478 I BatteryMgr:DataCollectionService: stats => 1689238896447,-129,4188
07-13 11:01:36.451 18357 18478 I BatteryMgr:DataCollectionService: stats => 1689238896451,-129,4188
07-13 11:01:36.455 18357 18478 I BatteryMgr:DataCollectionService: stats => 1689238896455,-129,4188
07-13 11:01:36.460 18357 18478 I BatteryMgr:DataCollectionService: stats => 1689238896460,-129,4188
07-13 11:01:36.465 18357 18478 I BatteryMgr:DataCollectionService: stats => 1689238896465,-129,4188
07-13 11:01:36.470 18357 18478 I BatteryMgr:DataCollectionService: stats => 1689238896470,-129,4188
07-13 11:01:36.475 18357 18478 I BatteryMgr:DataCollectionService: stats => 1689238896475,-129,4188
07-13 11:01:36.480 18357 18478 I BatteryMgr:DataCollectionService: stats => 1689238896480,-129,4188
07-13 11:01:36.484 18357 18478 I BatteryMgr:DataCollectionService: stats => 1689238896484,-129,4188
07-13 11:01:36.489 18357 18478 I BatteryMgr:DataCollectionService: stats => 1689238896489,-129,4188
07-13 11:01:36.493 18357 18478 I BatteryMgr:DataCollectionService: stats => 1689238896493,-129,4188
07-13 11:01:36.497 18357 18478 I BatteryMgr:DataCollectionService: stats => 1689238896497,-129,4188
07-13 11:01:36.501 18357 18478 I BatteryMgr:DataCollectionService: stats => 1689238896501,-129,4188
07-13 11:01:36.504 18357 18478 I BatteryMgr:DataCollectionService: stats => 1689238896504,-129,4188
07-13 11:01:36.507 18357 18478 I BatteryMgr:DataCollectionService: stats => 1689238896507,-129,4188
07-13 11:01:36.510 18357 18478 I BatteryMgr:DataCollectionService: stats => 1689238896509,-129,4188
07-13 11:01:36.512 18357 18478 I BatteryMgr:DataCollectionService: stats => 1689238896512,-129,4188
07-13 11:01:36.515 18357 18478 I BatteryMgr:DataCollectionService: stats => 1689238896515,-129,4188
07-13 11:01:36.517 18357 18478 I BatteryMgr:DataCollectionService: stats => 1689238896517,-129,4188
07-13 11:01:36.520 18357 18478 I BatteryMgr:DataCollectionService: stats => 1689238896519,-129,4188
07-13 11:01:36.522 18357 18478 I BatteryMgr:DataCollectionService: stats => 1689238896522,-129,4188
07-13 11:01:36.525 18357 18478 I BatteryMgr:DataCollectionService: stats => 1689238896524,-129,4188
07-13 11:01:36.527 18357 18478 I BatteryMgr:DataCollectionService: stats => 1689238896527,-129,4188
07-13 11:01:36.530 18357 18478 I BatteryMgr:DataCollectionService: stats => 1689238896530,-129,4188
07-13 11:01:36.532 18357 18478 I BatteryMgr:DataCollectionService: stats => 1689238896532,-129,4188
07-13 11:01:36.535 18357 18478 I BatteryMgr:DataCollectionService: stats => 1689238896534,-129,4188
07-13 11:01:36.537 18357 18478 I BatteryMgr:DataCollectionService: stats => 1689238896537,-129,4188
07-13 11:01:36.540 18357 18478 I BatteryMgr:DataCollectionService: stats => 1689238896540,-129,4188
07-13 11:01:36.542 18357 18478 I BatteryMgr:DataCollectionService: stats => 1689238896542,-129,4188
07-13 11:01:36.545 18357 18478 I BatteryMgr:DataCollectionService: stats => 1689238896544,-129,4188
07-13 11:01:36.548 18357 18478 I BatteryMgr:DataCollectionService: stats => 1689238896548,-129,4188
07-13 11:01:36.551 18357 18478 I BatteryMgr:DataCollectionService: stats => 1689238896551,-129,4188
07-13 11:01:36.555 18357 18478 I BatteryMgr:DataCollectionService: stats => 1689238896555,-129,4188
07-13 11:01:36.558 18357 18478 I BatteryMgr:DataCollectionService: stats => 1689238896558,-129,4188
07-13 11:01:36.561 18357 18478 I BatteryMgr:DataCollectionService: stats => 1689238896561,-129,4188
07-13 11:01:36.565 18357 18478 I BatteryMgr:DataCollectionService: stats => 1689238896565,-129,4188
07-13 11:01:36.568 18357 18478 I BatteryMgr:DataCollectionService: stats => 1689238896568,-129,4188
07-13 11:01:36.571 18357 18478 I BatteryMgr:DataCollectionService: stats => 1689238896571,-129,4188
07-13 11:01:36.575 18357 18478 I BatteryMgr:DataCollectionService: stats => 1689238896574,-129,4188
07-13 11:01:36.578 18357 18478 I BatteryMgr:DataCollectionService: stats => 1689238896578,-129,4188
07-13 11:01:36.581 18357 18478 I BatteryMgr:DataCollectionService: stats => 1689238896581,-129,4188
07-13 11:01:36.585 18357 18478 I BatteryMgr:DataCollectionService: stats => 1689238896585,-129,4188
07-13 11:01:36.588 18357 18478 I BatteryMgr:DataCollectionService: stats => 1689238896588,-129,4188
07-13 11:01:36.592 18357 18478 I BatteryMgr:DataCollectionService: stats => 1689238896592,-129,4188
07-13 11:01:36.595 18357 18478 I BatteryMgr:DataCollectionService: stats => 1689238896595,-129,4188
07-13 11:01:36.599 18357 18478 I BatteryMgr:DataCollectionService: stats => 1689238896599,-129,4188
07-13 11:01:36.603 18357 18478 I BatteryMgr:DataCollectionService: stats => 1689238896603,-129,4188
07-13 11:01:36.607 18357 18478 I BatteryMgr:DataCollectionService: stats => 1689238896607,-129,4188
07-13 11:01:36.611 18357 18478 I BatteryMgr:DataCollectionService: stats => 1689238896611,-129,4188
07-13 11:01:36.615 18357 18478 I BatteryMgr:DataCollectionService: stats => 1689238896615,-129,4188
07-13 11:01:36.618 18357 18478 I BatteryMgr:DataCollectionService: stats => 1689238896618,-129,4188
07-13 11:01:36.622 18357 18478 I BatteryMgr:DataCollectionService: stats => 1689238896622,-129,4188
07-13 11:01:36.626 18357 18478 I BatteryMgr:DataCollectionService: stats => 1689238896626,-129,4188
07-13 11:01:36.630 18357 18478 I BatteryMgr:DataCollectionService: stats => 1689238896629,-129,4188
07-13 11:01:36.633 18357 18478 I BatteryMgr:DataCollectionService: stats => 1689238896633,-129,4188
07-13 11:01:36.637 18357 18478 I BatteryMgr:DataCollectionService: stats => 1689238896637,-129,4188
07-13 11:01:36.641 18357 18478 I BatteryMgr:DataCollectionService: stats => 1689238896641,-129,4188
07-13 11:01:36.645 18357 18478 I BatteryMgr:DataCollectionService: stats => 1689238896645,-129,4188
07-13 11:01:36.649 18357 18478 I BatteryMgr:DataCollectionService: stats => 1689238896649,-129,4188
07-13 11:01:36.653 18357 18478 I BatteryMgr:DataCollectionService: stats => 1689238896653,-129,4188
07-13 11:01:36.657 18357 18478 I BatteryMgr:DataCollectionService: stats => 1689238896656,-129,4188
07-13 11:01:36.660 18357 18478 I BatteryMgr:DataCollectionService: stats => 1689238896660,-129,4188
07-13 11:01:36.664 18357 18478 I BatteryMgr:DataCollectionService: stats => 1689238896664,-129,4188
07-13 11:01:36.668 18357 18478 I BatteryMgr:DataCollectionService: stats => 1689238896668,-129,4188
07-13 11:01:36.673 18357 18478 I BatteryMgr:DataCollectionService: stats => 1689238896672,-129,4188
07-13 11:01:36.677 18357 18478 I BatteryMgr:DataCollectionService: stats => 1689238896677,-129,4188
07-13 11:01:36.681 18357 18478 I BatteryMgr:DataCollectionService: stats => 1689238896681,-129,4188
07-13 11:01:36.685 18357 18478 I BatteryMgr:DataCollectionService: stats => 1689238896685,-129,4188
07-13 11:01:36.689 18357 18478 I BatteryMgr:DataCollectionService: stats => 1689238896689,-129,4188
07-13 11:01:36.693 18357 18478 I BatteryMgr:DataCollectionService: stats => 1689238896693,-129,4188
07-13 11:01:36.697 18357 18478 I BatteryMgr:DataCollectionService: stats => 1689238896697,-129,4188
07-13 11:01:36.701 18357 18478 I BatteryMgr:DataCollectionService: stats => 1689238896701,-129,4188
07-13 11:01:36.705 18357 18478 I BatteryMgr:DataCollectionService: stats => 1689238896705,-129,4188
07-13 11:01:36.709 18357 18478 I BatteryMgr:DataCollectionService: stats => 1689238896708,-129,4188
07-13 11:01:36.712 18357 18478 I BatteryMgr:DataCollectionService: stats => 1689238896712,-129,4188
07-13 11:01:36.716 18357 18478 I BatteryMgr:DataCollectionService: stats => 1689238896716,-129,4188
07-13 11:01:36.720 18357 18478 I BatteryMgr:DataCollectionService: stats => 1689238896719,-129,4188
07-13 11:01:36.723 18357 18478 I BatteryMgr:DataCollectionService: stats => 1689238896723,-129,4188
07-13 11:01:36.728 18357 18478 I BatteryMgr:DataCollectionService: stats => 1689238896727,-129,4188
07-13 11:01:36.731 18357 18478 I BatteryMgr:DataCollectionService: stats => 1689238896731,-129,4188
07-13 11:01:36.736 18357 18478 I BatteryMgr:DataCollectionService: stats => 1689238896735,-129,4188
07-13 11:01:36.740 18357 18478 I BatteryMgr:DataCollectionService: stats => 1689238896740,-129,4188
07-13 11:01:36.744 18357 18478 I BatteryMgr:DataCollectionService: stats => 1689238896744,-129,4188
07-13 11:01:36.748 18357 18478 I BatteryMgr:DataCollectionService: stats => 1689238896748,-129,4188
07-13 11:01:36.752 18357 18478 I BatteryMgr:DataCollectionService: stats => 1689238896752,-129,4188
07-13 11:01:36.756 18357 18478 I BatteryMgr:DataCollectionService: stats => 1689238896756,-129,4188
07-13 11:01:36.760 18357 18478 I BatteryMgr:DataCollectionService: stats => 1689238896760,-129,4188
07-13 11:01:36.764 18357 18478 I BatteryMgr:DataCollectionService: stats => 1689238896764,-129,4188
07-13 11:01:36.768 18357 18478 I BatteryMgr:DataCollectionService: stats => 1689238896768,-129,4188
07-13 11:01:36.772 18357 18478 I BatteryMgr:DataCollectionService: stats => 1689238896772,-129,4188
07-13 11:01:36.776 18357 18478 I BatteryMgr:DataCollectionService: stats => 1689238896776,-129,4188
07-13 11:01:36.781 18357 18478 I BatteryMgr:DataCollectionService: stats => 1689238896780,-129,4188
07-13 11:01:36.785 18357 18478 I BatteryMgr:DataCollectionService: stats => 1689238896785,-129,4188
07-13 11:01:36.789 18357 18478 I BatteryMgr:DataCollectionService: stats => 1689238896789,-129,4188
07-13 11:01:36.794 18357 18478 I BatteryMgr:DataCollectionService: stats => 1689238896794,-129,4188
07-13 11:01:36.798 18357 18478 I BatteryMgr:DataCollectionService: stats => 1689238896798,-129,4188
07-13 11:01:36.803 18357 18478 I BatteryMgr:DataCollectionService: stats => 1689238896802,-129,4188
07-13 11:01:36.807 18357 18478 I BatteryMgr:DataCollectionService: stats => 1689238896807,-129,4188
07-13 11:01:36.812 18357 18478 I BatteryMgr:DataCollectionService: stats => 1689238896811,-129,4188
07-13 11:01:36.816 18357 18478 I BatteryMgr:DataCollectionService: stats => 1689238896816,-129,4188
07-13 11:01:36.820 18357 18478 I BatteryMgr:DataCollectionService: stats => 1689238896820,-129,4188
07-13 11:01:36.825 18357 18478 I BatteryMgr:DataCollectionService: stats => 1689238896825,-129,4188
07-13 11:01:36.829 18357 18478 I BatteryMgr:DataCollectionService: stats => 1689238896829,-129,4188
07-13 11:01:36.833 18357 18478 I BatteryMgr:DataCollectionService: stats => 1689238896833,-129,4188
07-13 11:01:36.837 18357 18478 I BatteryMgr:DataCollectionService: stats => 1689238896837,-129,4188
07-13 11:01:36.842 18357 18478 I BatteryMgr:DataCollectionService: stats => 1689238896842,-129,4188
07-13 11:01:36.846 18357 18478 I BatteryMgr:DataCollectionService: stats => 1689238896846,-129,4188
07-13 11:01:36.851 18357 18478 I BatteryMgr:DataCollectionService: stats => 1689238896851,-129,4188
07-13 11:01:36.855 18357 18478 I BatteryMgr:DataCollectionService: stats => 1689238896855,-129,4188
07-13 11:01:36.860 18357 18478 I BatteryMgr:DataCollectionService: stats => 1689238896860,-129,4188
07-13 11:01:36.865 18357 18478 I BatteryMgr:DataCollectionService: stats => 1689238896864,-129,4188
07-13 11:01:36.869 18357 18478 I BatteryMgr:DataCollectionService: stats => 1689238896869,-129,4188
07-13 11:01:36.875 18357 18478 I BatteryMgr:DataCollectionService: stats => 1689238896874,-129,4188
07-13 11:01:36.879 18357 18478 I BatteryMgr:DataCollectionService: stats => 1689238896879,-129,4188
07-13 11:01:36.884 18357 18478 I BatteryMgr:DataCollectionService: stats => 1689238896884,-129,4188
07-13 11:01:36.890 18357 18478 I BatteryMgr:DataCollectionService: stats => 1689238896890,-129,4188
07-13 11:01:36.895 18357 18478 I BatteryMgr:DataCollectionService: stats => 1689238896895,-129,4188
07-13 11:01:36.900 18357 18478 I BatteryMgr:DataCollectionService: stats => 1689238896900,-129,4188
07-13 11:01:36.905 18357 18478 I BatteryMgr:DataCollectionService: stats => 1689238896905,-129,4188
07-13 11:01:36.910 18357 18478 I BatteryMgr:DataCollectionService: stats => 1689238896910,-129,4188
07-13 11:01:36.915 18357 18478 I BatteryMgr:DataCollectionService: stats => 1689238896915,-129,4188
07-13 11:01:36.920 18357 18478 I BatteryMgr:DataCollectionService: stats => 1689238896920,-129,4188
07-13 11:01:36.925 18357 18478 I BatteryMgr:DataCollectionService: stats => 1689238896925,-129,4188
07-13 11:01:36.930 18357 18478 I BatteryMgr:DataCollectionService: stats => 1689238896930,-129,4188
07-13 11:01:36.935 18357 18478 I BatteryMgr:DataCollectionService: stats => 1689238896935,-129,4188
07-13 11:01:36.940 18357 18478 I BatteryMgr:DataCollectionService: stats => 1689238896940,-129,4188
07-13 11:01:36.945 18357 18478 I BatteryMgr:DataCollectionService: stats => 1689238896945,-129,4188
07-13 11:01:36.951 18357 18478 I BatteryMgr:DataCollectionService: stats => 1689238896950,-129,4188
07-13 11:01:36.955 18357 18478 I BatteryMgr:DataCollectionService: stats => 1689238896955,-129,4188
07-13 11:01:36.961 18357 18478 I BatteryMgr:DataCollectionService: stats => 1689238896961,-129,4188
07-13 11:01:36.966 18357 18478 I BatteryMgr:DataCollectionService: stats => 1689238896966,-129,4188
07-13 11:01:36.971 18357 18478 I BatteryMgr:DataCollectionService: stats => 1689238896971,-129,4188
07-13 11:01:36.976 18357 18478 I BatteryMgr:DataCollectionService: stats => 1689238896976,-129,4188
07-13 11:01:36.981 18357 18478 I BatteryMgr:DataCollectionService: stats => 1689238896981,-129,4188
07-13 11:01:36.997 18357 18478 I BatteryMgr:DataCollectionService: stats => 1689238896997,-129,4188
07-13 11:01:37.002 18357 18478 I BatteryMgr:DataCollectionService: stats => 1689238897002,-129,4188
07-13 11:01:37.007 18357 18478 I BatteryMgr:DataCollectionService: stats => 1689238897007,-129,4188
07-13 11:01:37.011  3435  3435 I android.hardware.wifi@1.0-service: getLinkLayerStats
07-13 11:01:37.011 18357 18478 I BatteryMgr:DataCollectionService: stats => 1689238897011,-129,4188
07-13 11:01:37.014 18357 18478 I BatteryMgr:DataCollectionService: stats => 1689238897014,-129,4188
07-13 11:01:37.016 18357 18478 I BatteryMgr:DataCollectionService: stats => 1689238897016,-129,4188
07-13 11:01:37.019 18357 18478 I BatteryMgr:DataCollectionService: stats => 1689238897019,-129,4188
07-13 11:01:37.022 18357 18478 I BatteryMgr:DataCollectionService: stats => 1689238897022,-129,4188
07-13 11:01:37.025 18357 18478 I BatteryMgr:DataCollectionService: stats => 1689238897025,-129,4188
07-13 11:01:37.027 18357 18478 I BatteryMgr:DataCollectionService: stats => 1689238897027,-129,4188
07-13 11:01:37.030 18357 18478 I BatteryMgr:DataCollectionService: stats => 1689238897030,-129,4188
07-13 11:01:37.032 18357 18478 I BatteryMgr:DataCollectionService: stats => 1689238897032,-129,4188
07-13 11:01:37.035 18357 18478 I BatteryMgr:DataCollectionService: stats => 1689238897034,-129,4188
07-13 11:01:37.037 18357 18478 I BatteryMgr:DataCollectionService: stats => 1689238897037,-129,4188
07-13 11:01:37.039 18357 18478 I BatteryMgr:DataCollectionService: stats => 1689238897039,-129,4188
07-13 11:01:37.042 18357 18478 I BatteryMgr:DataCollectionService: stats => 1689238897042,-129,4188
07-13 11:01:37.044 18357 18478 I BatteryMgr:DataCollectionService: stats => 1689238897044,-129,4188
07-13 11:01:37.046 18357 18478 I BatteryMgr:DataCollectionService: stats => 1689238897046,-129,4188
07-13 11:01:37.048 18357 18478 I BatteryMgr:DataCollectionService: stats => 1689238897048,-129,4188
07-13 11:01:37.051 18357 18478 I BatteryMgr:DataCollectionService: stats => 1689238897051,-129,4188
07-13 11:01:37.053 18357 18478 I BatteryMgr:DataCollectionService: stats => 1689238897053,-129,4188
07-13 11:01:37.055 18357 18478 I BatteryMgr:DataCollectionService: stats => 1689238897055,-129,4188
07-13 11:01:37.058 18357 18478 I BatteryMgr:DataCollectionService: stats => 1689238897058,-129,4188
07-13 11:01:37.060 18357 18478 I BatteryMgr:DataCollectionService: stats => 1689238897060,-129,4188
07-13 11:01:37.063 18357 18478 I BatteryMgr:DataCollectionService: stats => 1689238897062,-129,4188
07-13 11:01:37.065 18357 18478 I BatteryMgr:DataCollectionService: stats => 1689238897065,-129,4188
07-13 11:01:37.067 18357 18478 I BatteryMgr:DataCollectionService: stats => 1689238897067,-129,4188
07-13 11:01:37.070 18357 18478 I BatteryMgr:DataCollectionService: stats => 1689238897070,-129,4188
07-13 11:01:37.072 18357 18478 I BatteryMgr:DataCollectionService: stats => 1689238897072,-129,4188
07-13 11:01:37.075 18357 18478 I BatteryMgr:DataCollectionService: stats => 1689238897075,-129,4188
07-13 11:01:37.077 18357 18478 I BatteryMgr:DataCollectionService: stats => 1689238897077,-129,4188
07-13 11:01:37.080 18357 18478 I BatteryMgr:DataCollectionService: stats => 1689238897080,-129,4188
07-13 11:01:37.083 18357 18478 I BatteryMgr:DataCollectionService: stats => 1689238897082,-129,4188
07-13 11:01:37.085 18357 18478 I BatteryMgr:DataCollectionService: stats => 1689238897085,-129,4188
07-13 11:01:37.088 18357 18478 I BatteryMgr:DataCollectionService: stats => 1689238897088,-129,4188
07-13 11:01:37.090 18357 18478 I BatteryMgr:DataCollectionService: stats => 1689238897090,-129,4188
07-13 11:01:37.093 18357 18478 I BatteryMgr:DataCollectionService: stats => 1689238897093,-129,4188
07-13 11:01:37.095 18357 18478 I BatteryMgr:DataCollectionService: stats => 1689238897095,-129,4188
07-13 11:01:37.098 18357 18478 I BatteryMgr:DataCollectionService: stats => 1689238897098,-129,4188
07-13 11:01:37.101 18357 18478 I BatteryMgr:DataCollectionService: stats => 1689238897101,-129,4188
07-13 11:01:37.103 18357 18478 I BatteryMgr:DataCollectionService: stats => 1689238897103,-129,4188
07-13 11:01:37.106 18357 18478 I BatteryMgr:DataCollectionService: stats => 1689238897106,-129,4188
07-13 11:01:37.109 18357 18478 I BatteryMgr:DataCollectionService: stats => 1689238897108,-129,4188
07-13 11:01:37.111 18357 18478 I BatteryMgr:DataCollectionService: stats => 1689238897111,-129,4188
07-13 11:01:37.114 18357 18478 I BatteryMgr:DataCollectionService: stats => 1689238897113,-129,4188
07-13 11:01:37.116 18357 18478 I BatteryMgr:DataCollectionService: stats => 1689238897116,-129,4188
07-13 11:01:37.119 18357 18478 I BatteryMgr:DataCollectionService: stats => 1689238897119,-129,4188
07-13 11:01:37.123 18357 18478 I BatteryMgr:DataCollectionService: stats => 1689238897122,-129,4188
07-13 11:01:37.126 18357 18478 I BatteryMgr:DataCollectionService: stats => 1689238897126,-129,4188
07-13 11:01:37.129 18357 18478 I BatteryMgr:DataCollectionService: stats => 1689238897129,-129,4188
07-13 11:01:37.133 18357 18478 I BatteryMgr:DataCollectionService: stats => 1689238897133,-129,4188
07-13 11:01:37.137 18357 18478 I BatteryMgr:DataCollectionService: stats => 1689238897137,-129,4188
07-13 11:01:37.140 18357 18478 I BatteryMgr:DataCollectionService: stats => 1689238897140,-129,4188
07-13 11:01:37.144 18357 18478 I BatteryMgr:DataCollectionService: stats => 1689238897144,-129,4188
07-13 11:01:37.148 18357 18478 I BatteryMgr:DataCollectionService: stats => 1689238897147,-129,4188
07-13 11:01:37.151 18357 18478 I BatteryMgr:DataCollectionService: stats => 1689238897151,-129,4188
07-13 11:01:37.155 18357 18478 I BatteryMgr:DataCollectionService: stats => 1689238897154,-129,4188
07-13 11:01:37.158 18357 18478 I BatteryMgr:DataCollectionService: stats => 1689238897158,-129,4188
07-13 11:01:37.162 18357 18478 I BatteryMgr:DataCollectionService: stats => 1689238897162,-129,4188
07-13 11:01:37.166 18357 18478 I BatteryMgr:DataCollectionService: stats => 1689238897166,-129,4188
07-13 11:01:37.170 18357 18478 I BatteryMgr:DataCollectionService: stats => 1689238897170,-129,4188
07-13 11:01:37.174 18357 18478 I BatteryMgr:DataCollectionService: stats => 1689238897174,-129,4188
07-13 11:01:37.178 18357 18478 I BatteryMgr:DataCollectionService: stats => 1689238897178,-129,4188
07-13 11:01:37.182 18357 18478 I BatteryMgr:DataCollectionService: stats => 1689238897182,-129,4188
07-13 11:01:37.186 18357 18478 I BatteryMgr:DataCollectionService: stats => 1689238897185,-129,4188
07-13 11:01:37.189 18357 18478 I BatteryMgr:DataCollectionService: stats => 1689238897189,-129,4188
07-13 11:01:37.193 18357 18478 I BatteryMgr:DataCollectionService: stats => 1689238897193,-129,4188
07-13 11:01:37.197 18357 18478 I BatteryMgr:DataCollectionService: stats => 1689238897197,-129,4188
07-13 11:01:37.201 18357 18478 I BatteryMgr:DataCollectionService: stats => 1689238897201,-129,4188
07-13 11:01:37.205 18357 18478 I BatteryMgr:DataCollectionService: stats => 1689238897205,-129,4188
07-13 11:01:37.209 18357 18478 I BatteryMgr:DataCollectionService: stats => 1689238897209,-129,4188
07-13 11:01:37.213 18357 18478 I BatteryMgr:DataCollectionService: stats => 1689238897212,-129,4188
07-13 11:01:37.216 18357 18478 I BatteryMgr:DataCollectionService: stats => 1689238897216,-129,4188
07-13 11:01:37.220 18357 18478 I BatteryMgr:DataCollectionService: stats => 1689238897220,-129,4188
07-13 11:01:37.224 18357 18478 I BatteryMgr:DataCollectionService: stats => 1689238897223,-129,4188
07-13 11:01:37.228 18357 18478 I BatteryMgr:DataCollectionService: stats => 1689238897228,-129,4188
07-13 11:01:37.232 18357 18478 I BatteryMgr:DataCollectionService: stats => 1689238897232,-129,4188
07-13 11:01:37.236 18357 18478 I BatteryMgr:DataCollectionService: stats => 1689238897236,-129,4188
07-13 11:01:37.240 18357 18478 I BatteryMgr:DataCollectionService: stats => 1689238897240,-129,4188
07-13 11:01:37.244 18357 18478 I BatteryMgr:DataCollectionService: stats => 1689238897244,-129,4188
07-13 11:01:37.248 18357 18478 I BatteryMgr:DataCollectionService: stats => 1689238897248,-129,4188
07-13 11:01:37.252 18357 18478 I BatteryMgr:DataCollectionService: stats => 1689238897252,-129,4188
07-13 11:01:37.256 18357 18478 I BatteryMgr:DataCollectionService: stats => 1689238897256,-129,4188
07-13 11:01:37.260 18357 18478 I BatteryMgr:DataCollectionService: stats => 1689238897260,-129,4188
07-13 11:01:37.265 18357 18478 I BatteryMgr:DataCollectionService: stats => 1689238897265,-129,4188
07-13 11:01:37.269 18357 18478 I BatteryMgr:DataCollectionService: stats => 1689238897269,-129,4188
07-13 11:01:37.274 18357 18478 I BatteryMgr:DataCollectionService: stats => 1689238897274,-129,4188
07-13 11:01:37.278 18357 18478 I BatteryMgr:DataCollectionService: stats => 1689238897278,-129,4188
07-13 11:01:37.283 18357 18478 I BatteryMgr:DataCollectionService: stats => 1689238897282,-129,4188
07-13 11:01:37.287 18357 18478 I BatteryMgr:DataCollectionService: stats => 1689238897287,-129,4188
07-13 11:01:37.291 18357 18478 I BatteryMgr:DataCollectionService: stats => 1689238897291,-129,4188
07-13 11:01:37.296 18357 18478 I BatteryMgr:DataCollectionService: stats => 1689238897296,-129,4188
07-13 11:01:37.300 18357 18478 I BatteryMgr:DataCollectionService: stats => 1689238897300,-129,4188
07-13 11:01:37.305 18357 18478 I BatteryMgr:DataCollectionService: stats => 1689238897305,-129,4188
07-13 11:01:37.309 18357 18478 I BatteryMgr:DataCollectionService: stats => 1689238897309,-129,4188
07-13 11:01:37.313 18357 18478 I BatteryMgr:DataCollectionService: stats => 1689238897313,-129,4188
07-13 11:01:37.318 18357 18478 I BatteryMgr:DataCollectionService: stats => 1689238897318,-129,4188
07-13 11:01:37.323 18357 18478 I BatteryMgr:DataCollectionService: stats => 1689238897322,-129,4188
07-13 11:01:37.327 18357 18478 I BatteryMgr:DataCollectionService: stats => 1689238897327,-129,4188
07-13 11:01:37.331 18357 18478 I BatteryMgr:DataCollectionService: stats => 1689238897331,-129,4188
07-13 11:01:37.335 18357 18478 I BatteryMgr:DataCollectionService: stats => 1689238897335,-129,4188
07-13 11:01:37.340 18357 18478 I BatteryMgr:DataCollectionService: stats => 1689238897340,-129,4188
07-13 11:01:37.345 18357 18478 I BatteryMgr:DataCollectionService: stats => 1689238897344,-129,4188
07-13 11:01:37.349 18357 18478 I BatteryMgr:DataCollectionService: stats => 1689238897349,-129,4188
07-13 11:01:37.353 18357 18478 I BatteryMgr:DataCollectionService: stats => 1689238897353,-129,4188
07-13 11:01:37.358 18357 18478 I BatteryMgr:DataCollectionService: stats => 1689238897357,-129,4188
07-13 11:01:37.363 18357 18478 I BatteryMgr:DataCollectionService: stats => 1689238897363,-129,4188
07-13 11:01:37.368 18357 18478 I BatteryMgr:DataCollectionService: stats => 1689238897367,-129,4188
07-13 11:01:37.373 18357 18478 I BatteryMgr:DataCollectionService: stats => 1689238897372,-129,4188
07-13 11:01:37.378 18357 18478 I BatteryMgr:DataCollectionService: stats => 1689238897378,-129,4188
07-13 11:01:37.383 18357 18478 I BatteryMgr:DataCollectionService: stats => 1689238897382,-129,4188
07-13 11:01:37.388 18357 18478 I BatteryMgr:DataCollectionService: stats => 1689238897388,-129,4188
07-13 11:01:37.393 18357 18478 I BatteryMgr:DataCollectionService: stats => 1689238897393,-129,4188
07-13 11:01:37.398 18357 18478 I BatteryMgr:DataCollectionService: stats => 1689238897398,-129,4188
07-13 11:01:37.403 18357 18478 I BatteryMgr:DataCollectionService: stats => 1689238897403,-129,4188
07-13 11:01:37.408 18357 18478 I BatteryMgr:DataCollectionService: stats => 1689238897408,-129,4188
07-13 11:01:37.413 18357 18478 I BatteryMgr:DataCollectionService: stats => 1689238897413,-129,4188
07-13 11:01:37.418 18357 18478 I BatteryMgr:DataCollectionService: stats => 1689238897418,-129,4188
07-13 11:01:37.423 18357 18478 I BatteryMgr:DataCollectionService: stats => 1689238897423,-129,4188
07-13 11:01:37.428 18357 18478 I BatteryMgr:DataCollectionService: stats => 1689238897428,-129,4188
07-13 11:01:37.433 18357 18478 I BatteryMgr:DataCollectionService: stats => 1689238897433,-129,4188
07-13 11:01:37.438 18357 18478 I BatteryMgr:DataCollectionService: stats => 1689238897438,-129,4188
07-13 11:01:37.443 18357 18478 I BatteryMgr:DataCollectionService: stats => 1689238897443,-129,4188
07-13 11:01:37.448 18357 18478 I BatteryMgr:DataCollectionService: stats => 1689238897448,-129,4188
07-13 11:01:37.453 18357 18478 I BatteryMgr:DataCollectionService: stats => 1689238897453,-129,4188
07-13 11:01:37.458 18357 18478 I BatteryMgr:DataCollectionService: stats => 1689238897458,-129,4188
07-13 11:01:37.463 18357 18478 I BatteryMgr:DataCollectionService: stats => 1689238897463,-129,4188
07-13 11:01:37.468 18357 18478 I BatteryMgr:DataCollectionService: stats => 1689238897468,-129,4188
07-13 11:01:37.473 18357 18478 I BatteryMgr:DataCollectionService: stats => 1689238897473,-129,4188
07-13 11:01:37.478 18357 18478 I BatteryMgr:DataCollectionService: stats => 1689238897478,-129,4188
07-13 11:01:37.483 18357 18478 I BatteryMgr:DataCollectionService: stats => 1689238897483,-129,4188
07-13 11:01:37.483  3962  4615 I MediaFocusControl:  AudioFocus  requestAudioFocus() from uid/pid 10167/18400 clientId=android.media.AudioManager$9279c62 req=1 flags=0x0
07-13 11:01:37.484  3962  4615 D AudioService: GetAppDevice, uid=10167
07-13 11:01:37.484  3962  4615 D MediaFocusControl: selectFocusStack, uid = 10167, appDevice = 0, device = 2
07-13 11:01:37.484  3962  4615 D AudioService: GetAppDevice, uid=10167
07-13 11:01:37.485 18400 18400 V MediaPlayer-JNI: native_setup
07-13 11:01:37.486 18357 18478 I BatteryMgr:DataCollectionService: stats => 1689238897485,-129,4188
07-13 11:01:37.486 18400 18400 V MediaPlayerNative: constructor
07-13 11:01:37.486 18400 18400 V MediaPlayerNative: setListener
07-13 11:01:37.488 18357 18478 I BatteryMgr:DataCollectionService: stats => 1689238897488,-129,4188
07-13 11:01:37.491 18357 18478 I BatteryMgr:DataCollectionService: stats => 1689238897491,-129,4188
07-13 11:01:37.492 18400 18400 V MediaPlayer-JNI: set_session_id(): 393
07-13 11:01:37.492 18400 18400 V MediaPlayerNative: MediaPlayer::setAudioSessionId(393)
07-13 11:01:37.493 18357 18478 I BatteryMgr:DataCollectionService: stats => 1689238897493,-129,4188
07-13 11:01:37.496 18357 18478 I BatteryMgr:DataCollectionService: stats => 1689238897496,-129,4188
07-13 11:01:37.496 18400 18400 V MediaPlayer-JNI: setDataSourceFD: fd 72
07-13 11:01:37.496 18400 18400 V MediaPlayerNative: setDataSource(72, 84324, 57544796)
07-13 11:01:37.496  3590  3590 V MediaPlayerService: Create new client(47) from pid 18400, uid 10167, 
07-13 11:01:37.498  3590  3590 V MediaPlayerService: st_dev  = 65027
07-13 11:01:37.498  3590  3590 V MediaPlayerService: st_mode = 33188
07-13 11:01:37.498  3590  3590 V MediaPlayerService: st_uid  = 1000
07-13 11:01:37.498  3590  3590 V MediaPlayerService: st_gid  = 1000
07-13 11:01:37.498  3590  3590 V MediaPlayerService: st_size = 63859823
07-13 11:01:37.498  3590  3590 V MediaPlayerService: player type = 4
07-13 11:01:37.498  3590  3590 D NuPlayerDriver: NuPlayerDriver(0xef54b960) created, clientPid(18400)
07-13 11:01:37.498 18357 18478 I BatteryMgr:DataCollectionService: stats => 1689238897498,-129,4188
07-13 11:01:37.501  3590  3590 V AudioSink: AudioOutput(393)
07-13 11:01:37.502  3590  3590 V NuPlayerDriver: setDataSource(0xef54b960) file(8)
07-13 11:01:37.502  3590  3590 V NuPlayer: setDataSourceAsync fd 8/84324/57544796 source: 0xedab4340
07-13 11:01:37.502  3590 18488 V NuPlayer: kWhatSetAudioSink
07-13 11:01:37.502 18357 18478 I BatteryMgr:DataCollectionService: stats => 1689238897502,-129,4188
07-13 11:01:37.502  3590 18488 V NuPlayer: kWhatSetDataSource
07-13 11:01:37.502  3590  3590 V NuPlayerDriver: getDefaultBufferingSettings(0xef54b960)
07-13 11:01:37.503  3590 18488 V NuPlayer: kWhatGetDefaultBufferingSettings
07-13 11:01:37.503  3590  3590 V MediaPlayerService: [47] getDefaultBufferingSettings{initialMode(1), rebufferingMode(3), initialMarks(5000 ms, -1 KB), rebufferingMarks(2000, 15000)ms, (40, 200)KB}
07-13 11:01:37.504 18400 18400 V MediaPlayerNative: setVideoSurfaceTexture
07-13 11:01:37.504  3590  3590 V MediaPlayerService: [47] setVideoSurfaceTexture(0xedb0b7a0)
07-13 11:01:37.504 18357 18478 I BatteryMgr:DataCollectionService: stats => 1689238897504,-129,4188
07-13 11:01:37.504  3590  3590 V Surface : sf_framedrop debug : 0x4f4c, game : false, logging : 0
07-13 11:01:37.504  3590  3590 D SurfaceUtils: connecting to surface 0xedaff008, reason setVideoSurfaceTexture
07-13 11:01:37.505  3590  3590 V NuPlayerDriver: setVideoSurfaceTexture(0xef54b960)
07-13 11:01:37.506  3590  3590 V Surface : sf_framedrop debug : 0x4f4c, game : false, logging : 0
07-13 11:01:37.506  3590 18488 D NuPlayer: onSetVideoSurface(0xedaff800, no video decoder)
07-13 11:01:37.506  3590 18488 V NuPlayer: performSetSurface
07-13 11:01:37.506  3590 18488 V NuPlayerDriver: notifySetSurfaceComplete(0xef54b960)
07-13 11:01:37.507 18357 18478 I BatteryMgr:DataCollectionService: stats => 1689238897507,-129,4188
07-13 11:01:37.508  3598  3735 I RemoteDisplayService: There is no RemoteDisplay
07-13 11:01:37.510 18357 18478 I BatteryMgr:DataCollectionService: stats => 1689238897510,-129,4188
07-13 11:01:37.510 18400 18400 V MediaPlayer-JNI: setParameter: key 1400
07-13 11:01:37.510 18400 18400 V MediaPlayerNative: MediaPlayer::setParameter(1400)
07-13 11:01:37.510  3590  3590 V MediaPlayerService: [47] setParameter(1400)
07-13 11:01:37.510  3590  3590 V MediaPlayerService: setAudioAttributes_l() usage=1 content=3 flags=0x0 tags=
07-13 11:01:37.511 18400 18400 V MediaPlayer-JNI: setAudioStreamType: 3
07-13 11:01:37.511 18400 18400 V MediaPlayerNative: MediaPlayer::setAudioStreamType
07-13 11:01:37.511 18400 18400 V MediaPlayerNative: setVideoSurfaceTexture
07-13 11:01:37.512  3590  3590 V MediaPlayerService: [47] setVideoSurfaceTexture(0xef517ee0)
07-13 11:01:37.512 18400 18400 V MediaPlayerNative: prepareAsync
07-13 11:01:37.512  3590  3590 V MediaPlayerService: [47] setParameter(1400)
07-13 11:01:37.512 18357 18478 I BatteryMgr:DataCollectionService: stats => 1689238897512,-129,4188
07-13 11:01:37.512  3590  3590 V MediaPlayerService: setAudioAttributes_l() usage=1 content=3 flags=0x0 tags=
07-13 11:01:37.512  3590  3590 V MediaPlayerService: [47] prepareAsync
07-13 11:01:37.513  3590  3590 V NuPlayerDriver: prepareAsync(0xef54b960)
07-13 11:01:37.513  3590  3590 V NuPlayer: prepareAsync
07-13 11:01:37.513  3590 18488 V NuPlayer: onMessageReceived kWhatPrepare
07-13 11:01:37.513  3590 18488 I MediaMonitor: MediaMonitor()
07-13 11:01:37.515 18357 18478 I BatteryMgr:DataCollectionService: stats => 1689238897515,-129,4188
07-13 11:01:37.516  3582  3582 E SEC_DRM_PLUGIN_Omafl: OmaPlugin::onOpenDecryptSession(fd)::Drm2IsDrmFileByExtFd::file is NOT DRM by extension
07-13 11:01:37.518  3590 18490 D GenericSource: FileSource remote
07-13 11:01:37.519 18357 18478 I BatteryMgr:DataCollectionService: stats => 1689238897519,-129,4188
07-13 11:01:37.521 18357 18478 I BatteryMgr:DataCollectionService: stats => 1689238897521,-129,4188
07-13 11:01:37.524 18357 18478 I BatteryMgr:DataCollectionService: stats => 1689238897524,-129,4188
07-13 11:01:37.527 18357 18478 I BatteryMgr:DataCollectionService: stats => 1689238897527,-129,4188
07-13 11:01:37.530 18357 18478 I BatteryMgr:DataCollectionService: stats => 1689238897530,-129,4188
07-13 11:01:37.533 18357 18478 I BatteryMgr:DataCollectionService: stats => 1689238897533,-129,4188
07-13 11:01:37.534  3588 15398 I SampleTable: There are reordered frames present.
07-13 11:01:37.536  3590 18490 I BpMediaExtractor: Slow/Fast motion Video SEF Info = DEFAULT, playType = 1
07-13 11:01:37.536 18357 18478 I BatteryMgr:DataCollectionService: stats => 1689238897536,-129,4188
07-13 11:01:37.536  3588 15398 I MPEG4Extractor: setSlowFastInfo, playType: 1
07-13 11:01:37.537  3590 18490 I AnotherPacketSource: setFormat() video
07-13 11:01:37.538 18357 18478 I BatteryMgr:DataCollectionService: stats => 1689238897538,-129,4188
07-13 11:01:37.540  3590 18490 I AnotherPacketSource: setFormat() audio
07-13 11:01:37.540  3590 18488 V NuPlayer: updateVideoSize
07-13 11:01:37.540  3588 15398 D MediaBufferGroup: creating MemoryDealer
07-13 11:01:37.540  3590 18488 V NuPlayer: Video input format 1280 x 720
07-13 11:01:37.540  3590 18488 V NuPlayer: Video display width and height are overridden to 1280 x 720
07-13 11:01:37.540  3590 18488 V NuPlayer: msg : 5, ext1 : 1280, ext2 : 720
07-13 11:01:37.540  3590 18488 D NuPlayerDriver: notifyListener_l(0xef54b960), (5, 1280, 720, -1), loop setting(0, 0)
07-13 11:01:37.541  3590 18488 V MediaPlayerService: [47] notify (5, 1280, 720)
07-13 11:01:37.541 18400 18433 V MediaPlayerNative: message received msg=5, ext1=1280, ext2=720
07-13 11:01:37.541  3590 18488 V NuPlayer: onSourceNotify() kWhatFlagsChanged  FLAG_CAN_PAUSE: 1  FLAG_CAN_SEEK_BACKWARD: 1 
07-13 11:01:37.541  3590 18488 V NuPlayer: 				 FLAG_CAN_SEEK_FORWARD: 1  FLAG_CAN_SEEK: 1  FLAG_DYNAMIC_DURATION: 0 
07-13 11:01:37.541  3590 18488 V NuPlayer: 				 FLAG_SECURE: 0  FLAG_PROTECTED: 0
07-13 11:01:37.541 18400 18433 V MediaPlayerNative: New video size 1280 x 720
07-13 11:01:37.541 18400 18433 V MediaPlayerNative: callback application
07-13 11:01:37.541 18357 18478 I BatteryMgr:DataCollectionService: stats => 1689238897541,-129,4188
07-13 11:01:37.541  3588 15398 D MediaBufferGroup: creating MemoryDealer
07-13 11:01:37.541 18400 18433 V MediaPlayerNative: back from callback
07-13 11:01:37.541 18400 18400 V MediaPlayerNative: getVideoWidth
07-13 11:01:37.541 18400 18400 V MediaPlayer-JNI: getVideoWidth: 1280
07-13 11:01:37.541 18400 18400 V MediaPlayerNative: getVideoHeight
07-13 11:01:37.542 18400 18400 V MediaPlayer-JNI: getVideoHeight: 720
07-13 11:01:37.542  3590 18490 I GenericSource: make VideoTrackReader
07-13 11:01:37.542  3590 18490 V NuPlayer: Source::notifyPrepared 0
07-13 11:01:37.542  3590 18488 V NuPlayer: NuPlayer::onSourceNotify Source::kWhatPrepared source: 0xedab4340
07-13 11:01:37.543  3590 18488 V NuPlayer: extractMetadata Tracks : 2
