07-03 18:38:13.059 11558 11558 I zygote64:   at void androidx.appcompat.app.AppCompatActivity.setContentView(int) (AppCompatActivity.java:161)
07-03 18:38:13.059 11558 11558 I zygote64:   at void e.www.microphonetest.MainActivity.onCreate(android.os.Bundle) (MainActivity.kt:24)
07-03 18:38:13.059 11558 11558 I zygote64:   at void android.app.Activity.performCreate(android.os.Bundle) (Activity.java:7174)
07-03 18:38:13.059 11558 11558 I zygote64:   at void android.app.Instrumentation.callActivityOnCreate(android.app.Activity, android.os.Bundle) (Instrumentation.java:1220)
07-03 18:38:13.059 11558 11558 I zygote64:   at android.app.Activity android.app.ActivityThread.performLaunchActivity(android.app.ActivityThread$ActivityClientRecord, android.content.Intent) (ActivityThread.java:2910)
07-03 18:38:13.059 11558 11558 I zygote64:   at void android.app.ActivityThread.handleLaunchActivity(android.app.ActivityThread$ActivityClientRecord, android.content.Intent, java.lang.String) (ActivityThread.java:3032)
07-03 18:38:13.059 11558 11558 I zygote64:   at void android.app.ActivityThread.-wrap11(android.app.ActivityThread, android.app.ActivityThread$ActivityClientRecord, android.content.Intent, java.lang.String) (ActivityThread.java:-1)
07-03 18:38:13.059 11558 11558 I zygote64:   at void android.app.ActivityThread$H.handleMessage(android.os.Message) (ActivityThread.java:1696)
07-03 18:38:13.059 11558 11558 I zygote64:   at void android.os.Handler.dispatchMessage(android.os.Message) (Handler.java:105)
07-03 18:38:13.059 11558 11558 I zygote64:   at void android.os.Looper.loop() (Looper.java:164)
07-03 18:38:13.059 11558 11558 I zygote64:   at void android.app.ActivityThread.main(java.lang.String[]) (ActivityThread.java:6940)
07-03 18:38:13.059 11558 11558 I zygote64:   at java.lang.Object java.lang.reflect.Method.invoke(java.lang.Object, java.lang.Object[]) (Method.java:-2)
07-03 18:38:13.059 11558 11558 I zygote64:   at void com.android.internal.os.Zygote$MethodAndArgsCaller.run() (Zygote.java:327)
07-03 18:38:13.059 11558 11558 I zygote64:   at void com.android.internal.os.ZygoteInit.main(java.lang.String[]) (ZygoteInit.java:1374)
07-03 18:38:13.059 11558 11558 I zygote64: 
07-03 18:38:13.060 11558 11558 I zygote64: Rejecting re-init on previously-failed class java.lang.Class<androidx.core.view.ViewCompat$2>: java.lang.NoClassDefFoundError: Failed resolution of: Landroid/view/View$OnUnhandledKeyEventListener;
07-03 18:38:13.060 11558 11558 I zygote64:   at void androidx.core.view.ViewCompat.setOnApplyWindowInsetsListener(android.view.View, androidx.core.view.OnApplyWindowInsetsListener) (ViewCompat.java:2436)
07-03 18:38:13.060 11558 11558 I zygote64:   at android.view.ViewGroup androidx.appcompat.app.AppCompatDelegateImpl.createSubDecor() (AppCompatDelegateImpl.java:779)
07-03 18:38:13.060 11558 11558 I zygote64:   at void androidx.appcompat.app.AppCompatDelegateImpl.ensureSubDecor() (AppCompatDelegateImpl.java:659)
07-03 18:38:13.060 11558 11558 I zygote64:   at void androidx.appcompat.app.AppCompatDelegateImpl.setContentView(int) (AppCompatDelegateImpl.java:552)
07-03 18:38:13.060 11558 11558 I zygote64:   at void androidx.appcompat.app.AppCompatActivity.setContentView(int) (AppCompatActivity.java:161)
07-03 18:38:13.060 11558 11558 I zygote64:   at void e.www.microphonetest.MainActivity.onCreate(android.os.Bundle) (MainActivity.kt:24)
07-03 18:38:13.060 11558 11558 I zygote64:   at void android.app.Activity.performCreate(android.os.Bundle) (Activity.java:7174)
07-03 18:38:13.060 11558 11558 I zygote64:   at void android.app.Instrumentation.callActivityOnCreate(android.app.Activity, android.os.Bundle) (Instrumentation.java:1220)
07-03 18:38:13.060 11558 11558 I zygote64:   at android.app.Activity android.app.ActivityThread.performLaunchActivity(android.app.ActivityThread$ActivityClientRecord, android.content.Intent) (ActivityThread.java:2910)
07-03 18:38:13.060 11558 11558 I zygote64:   at void android.app.ActivityThread.handleLaunchActivity(android.app.ActivityThread$ActivityClientRecord, android.content.Intent, java.lang.String) (ActivityThread.java:3032)
07-03 18:38:13.060 11558 11558 I zygote64:   at void android.app.ActivityThread.-wrap11(android.app.ActivityThread, android.app.ActivityThread$ActivityClientRecord, android.content.Intent, java.lang.String) (ActivityThread.java:-1)
07-03 18:38:13.060 11558 11558 I zygote64:   at void android.app.ActivityThread$H.handleMessage(android.os.Message) (ActivityThread.java:1696)
07-03 18:38:13.060 11558 11558 I zygote64:   at void android.os.Handler.dispatchMessage(android.os.Message) (Handler.java:105)
07-03 18:38:13.060 11558 11558 I zygote64:   at void android.os.Looper.loop() (Looper.java:164)
07-03 18:38:13.060 11558 11558 I zygote64:   at void android.app.ActivityThread.main(java.lang.String[]) (ActivityThread.java:6940)
07-03 18:38:13.060 11558 11558 I zygote64:   at java.lang.Object java.lang.reflect.Method.invoke(java.lang.Object, java.lang.Object[]) (Method.java:-2)
07-03 18:38:13.060 11558 11558 I zygote64:   at void com.android.internal.os.Zygote$MethodAndArgsCaller.run() (Zygote.java:327)
07-03 18:38:13.060 11558 11558 I zygote64:   at void com.android.internal.os.ZygoteInit.main(java.lang.String[]) (ZygoteInit.java:1374)
07-03 18:38:13.060 11558 11558 I zygote64: Caused by: java.lang.ClassNotFoundException: Didn't find class "android.view.View$OnUnhandledKeyEventListener" on path: DexPathList[[zip file "/data/app/e.www.microphonetest-wK1-0i2zxDnKbNagDdnoxA==/base.apk"],nativeLibraryDirectories=[/data/app/e.www.microphonetest-wK1-0i2zxDnKbNagDdnoxA==/lib/arm64, /system/lib64, /vendor/lib64]]
07-03 18:38:13.060 11558 11558 I zygote64:   at java.lang.Class dalvik.system.BaseDexClassLoader.findClass(java.lang.String) (BaseDexClassLoader.java:93)
07-03 18:38:13.060 11558 11558 I zygote64:   at java.lang.Class java.lang.ClassLoader.loadClass(java.lang.String, boolean) (ClassLoader.java:379)
07-03 18:38:13.060 11558 11558 I zygote64:   at java.lang.Class java.lang.ClassLoader.loadClass(java.lang.String) (ClassLoader.java:312)
07-03 18:38:13.060 11558 11558 I zygote64:   at void androidx.core.view.ViewCompat.setOnApplyWindowInsetsListener(android.view.View, androidx.core.view.OnApplyWindowInsetsListener) (ViewCompat.java:2436)
07-03 18:38:13.060 11558 11558 I zygote64:   at android.view.ViewGroup androidx.appcompat.app.AppCompatDelegateImpl.createSubDecor() (AppCompatDelegateImpl.java:779)
07-03 18:38:13.060 11558 11558 I zygote64:   at void androidx.appcompat.app.AppCompatDelegateImpl.ensureSubDecor() (AppCompatDelegateImpl.java:659)
07-03 18:38:13.060 11558 11558 I zygote64:   at void androidx.appcompat.app.AppCompatDelegateImpl.setContentView(int) (AppCompatDelegateImpl.java:552)
07-03 18:38:13.060 11558 11558 I zygote64:   at void androidx.appcompat.app.AppCompatActivity.setContentView(int) (AppCompatActivity.java:161)
07-03 18:38:13.060 11558 11558 I zygote64:   at void e.www.microphonetest.MainActivity.onCreate(android.os.Bundle) (MainActivity.kt:24)
07-03 18:38:13.060 11558 11558 I zygote64:   at void android.app.Activity.performCreate(android.os.Bundle) (Activity.java:7174)
07-03 18:38:13.060 11558 11558 I zygote64:   at void android.app.Instrumentation.callActivityOnCreate(android.app.Activity, android.os.Bundle) (Instrumentation.java:1220)
07-03 18:38:13.060 11558 11558 I zygote64:   at android.app.Activity android.app.ActivityThread.performLaunchActivity(android.app.ActivityThread$ActivityClientRecord, android.content.Intent) (ActivityThread.java:2910)
07-03 18:38:13.060 11558 11558 I zygote64:   at void android.app.ActivityThread.handleLaunchActivity(android.app.ActivityThread$ActivityClientRecord, android.content.Intent, java.lang.String) (ActivityThread.java:3032)
07-03 18:38:13.060 11558 11558 I zygote64:   at void android.app.ActivityThread.-wrap11(android.app.ActivityThread, android.app.ActivityThread$ActivityClientRecord, android.content.Intent, java.lang.String) (ActivityThread.java:-1)
07-03 18:38:13.060 11558 11558 I zygote64:   at void android.app.ActivityThread$H.handleMessage(android.os.Message) (ActivityThread.java:1696)
07-03 18:38:13.060 11558 11558 I zygote64:   at void android.os.Handler.dispatchMessage(android.os.Message) (Handler.java:105)
07-03 18:38:13.060 11558 11558 I zygote64:   at void android.os.Looper.loop() (Looper.java:164)
07-03 18:38:13.060 11558 11558 I zygote64:   at void android.app.ActivityThread.main(java.lang.String[]) (ActivityThread.java:6940)
07-03 18:38:13.060 11558 11558 I zygote64:   at java.lang.Object java.lang.reflect.Method.invoke(java.lang.Object, java.lang.Object[]) (Method.java:-2)
07-03 18:38:13.060 11558 11558 I zygote64:   at void com.android.internal.os.Zygote$MethodAndArgsCaller.run() (Zygote.java:327)
07-03 18:38:13.060 11558 11558 I zygote64:   at void com.android.internal.os.ZygoteInit.main(java.lang.String[]) (ZygoteInit.java:1374)
07-03 18:38:13.060 11558 11558 I zygote64: 
07-03 18:38:13.084  3957  3968 W StorageManager: getStorageLowBytes lowPercent : 5, lowBytes : 1260145254, maxLowBytes : 524288000
07-03 18:38:13.087 11558 11558 I MediaRecorderJNI: setup
07-03 18:38:13.089  3957  4083 D MdnieScenarioControlService:  packageName : e.www.microphonetest    className : e.www.microphonetest.MainActivity
07-03 18:38:13.089  3957  4083 V MdnieScenarioControlService: setUIMode from UI function(3)
07-03 18:38:13.094  3596  3596 V MediaPlayerService: Create new media recorder client from pid 11558
07-03 18:38:13.096 11558 11558 I MediaRecorderJNI: setAudioSource(1)
07-03 18:38:13.105  3957  3968 D PermissionMonitor: we received permission notification for rUid: 10178, rPid: 11558from rModuleFlag: 2
07-03 18:38:13.105  3957  3968 I PermissionMonitor: Binder.getCallingUid(): 1013
07-03 18:38:13.105  3957  3968 I PermissionMonitor: packageName: e.www.microphonetest
07-03 18:38:13.105 11558 11558 I MediaRecorderJNI: setAudioEncoder(1)
07-03 18:38:13.106  3957  3968 E PermissionMonitor: Calling app is not pre-installed on system. Ignore its notification. pkgName: e.www.microphonetest, UserId: 0
07-03 18:38:13.111  3957  3968 E PermissionMonitor: We found matching pid. (uid, pid) : (10178, 11558
07-03 18:38:13.111  3957  3968 E PermissionMonitor:  App has at least one process in foreground. uid: 10178 pid: 11558
07-03 18:38:13.111  3957  3968 I PermissionMonitor: App is not in hidden status (background/etc). Ignore
07-03 18:38:13.112 11558 11558 I MediaRecorderJNI: setOutputFile
07-03 18:38:13.114 11558 11558 I MediaRecorderJNI: prepare
07-03 18:38:13.115  3957  3968 I EDMNativeHelperService: isAudioRecordAllowed
07-03 18:38:13.117 11558 11558 I MediaRecorderJNI: start
07-03 18:38:13.133  3421  3664 D audio_hw_primary_abox: device-adev_get_input_buffer_size: exited with 320 Bytes from SR(8000), Format(1), Mask(16)
07-03 18:38:13.136  3446  3446 I SurfaceFlinger: Display 0 HWC layers:
07-03 18:38:13.136  3446  3446 I SurfaceFlinger:     type    |    handle    | flag |  format   |   source crop (l,t,r,b)    |         frame       | name 
07-03 18:38:13.136  3446  3446 I SurfaceFlinger: ------------+--------------+------+-----------+----------------------------+---------------------+------
07-03 18:38:13.136  3446  3446 I SurfaceFlinger:      Client |              | 0000 |  Unknown  |  -0.2   -0.2   -0.8   -0.8 |    0    0  720 1280 | animation background stackId=1#0
07-03 18:38:13.136  3446  3446 I SurfaceFlinger:      Client | 0x7f7a59cac0 | 0002 | RGBA_8888 |   0.0    0.0  720.0 1280.0 |   16   29  703 1251 | com.example.batterymanager_utility/c[...]atterymanager_utility.MainActivity#0
07-03 18:38:13.136  3446  3446 I SurfaceFlinger:      Device | 0x7f80824c00 | 0002 | RGBA_8888 |   0.0    0.0  720.0 1022.0 |   17  305  704 1280 | Splash Screen e.www.microphonetest#0
07-03 18:38:13.136  3446  3446 I SurfaceFlinger:      Device | 0x7f80824b40 | 0000 | RGBA_8888 |   0.0    0.0  720.0   42.0 |    0    0  720   42 | StatusBar#0
07-03 18:38:13.136  3446  3446 I SurfaceFlinger: 
07-03 18:38:13.140  3585  3780 V APM_AudioPolicyManager: getInputForAttr() source 1, samplingRate 8000, format 1, channelMask 10,session 41, flags 0
07-03 18:38:13.143  3957  6129 I EDMNativeHelperService: isMicrophoneEnabled
07-03 18:38:13.144  3957  6129 I EDMNativeHelperService: isAudioRecordAllowed
07-03 18:38:13.146  3585  3780 V APM::AudioPolicyEngine: getDeviceForInputSource()input source 1, device 80000004
07-03 18:38:13.152  3585  3780 D MultiRecordManager: skipMultiRecord() isBypass 1, moduleName primary, source 1, flag 0
07-03 18:38:13.152  3585  3780 I MultiRecordManager: openInputStream() skipMultiRecord
07-03 18:38:13.153  3421  3664 D audio_hw_primary_abox: device-adev_open_input_stream: enter: io_handle (38), sample_rate(8000) channel_mask(0x10) devices(0x80000004) flags(0) source(1)
07-03 18:38:13.153  3421  3664 I audio_hw_primary_abox: device-adev_open_input_stream: requested input samplerate decides audio path of csvt and vowifi, sample_rate = 8000
07-03 18:38:13.153  3421  3664 D audio_hw_primary_abox: device-adev_open_input_stream: Requested open Primary input
07-03 18:38:13.153  3421  3664 I audio_hw_primary_abox: primary_in-adev_open_input_stream: Transit to Standby
07-03 18:38:13.153  3421  3664 V audio_hw_primary_abox: primary_in-add_audio_usage: Added Audio Stream into Audio Usage list!
07-03 18:38:13.153  3421  3664 D audio_hw_primary_abox: adev_open_input_stream: preprocessing_latency = 0
07-03 18:38:13.153  3421  3664 I audio_hw_primary_abox: adev_open_input_stream: input is null, set new input stream
07-03 18:38:13.153  3421  3664 D audio_hw_primary_abox: device-adev_open_input_stream: Opened primary_in stream
07-03 18:38:13.163  3585 11580 I AudioFlinger: AudioFlinger's thread 0xeac831c0 tid=11580 ready to run
07-03 18:38:13.163  3421  3664 D audio_hw_primary_abox: primary_in-in_standby: enter
07-03 18:38:13.163  3421  3664 D audio_hw_primary_abox: primary_in-in_standby: exit
07-03 18:38:13.163  3585  3780 V APM_AudioPolicyManager: getInputForAttr() returns input type = 0
07-03 18:38:13.164  3585  8454 V APM_AudioPolicyManager: listAudioPorts() role 0 type 0 num_ports 0 ports 0xecb14060
07-03 18:38:13.164  3585  8454 V APM_AudioPolicyManager: listAudioPorts() got 0 ports needed 9
07-03 18:38:13.165  3585  3585 V APM_AudioPolicyManager: listAudioPorts() role 0 type 0 num_ports 0 ports 0xecf19468
07-03 18:38:13.165  3585  3585 V APM_AudioPolicyManager: listAudioPorts() got 0 ports needed 9
07-03 18:38:13.165  3585  8454 V APM_AudioPolicyManager: listAudioPorts() role 0 type 0 num_ports 9 ports 0xeacf8000
07-03 18:38:13.165  3421  3664 D audio_hw_primary_abox: primary_in-in_standby: enter
07-03 18:38:13.165  3421  3664 D audio_hw_primary_abox: primary_in-in_standby: exit
07-03 18:38:13.165  3585  8454 V APM_AudioPolicyManager: listAudioPorts() got 9 ports needed 9
07-03 18:38:13.165  3585  3585 V APM_AudioPolicyManager: listAudioPorts() role 0 type 0 num_ports 9 ports 0xec78d000
07-03 18:38:13.165  3585  3585 V APM_AudioPolicyManager: listAudioPorts() got 9 ports needed 9
07-03 18:38:13.171  3596  3596 W AudioRecord: Server adjusted notificationFrames from 1024 to 160 for frameCount 2048
07-03 18:38:13.172  3596  3596 I AudioSource: setRecordingMode: recordingmode = -1
07-03 18:38:13.175  3596  3596 I ACodec  :  [] Now uninitialized
07-03 18:38:13.176  3596 11581 I ACodec  : [] onAllocateComponent
07-03 18:38:13.178  3596 11581 I OMXClient: Treble IOmx obtained
07-03 18:38:13.186  3608  3835 I OMXMaster: makeComponentInstance(OMX.google.amrnb.encoder) in omx@1.0-service process
07-03 18:38:13.207  3596 11581 I ACodec  : [OMX.google.amrnb.encoder] Now Loaded
07-03 18:38:13.208  3596 11581 I MediaCodec: MediaCodec will operate in async mode
07-03 18:38:13.210  3608  3835 E OMXNodeInstance: setConfig(0xf32238c0:google.amrnb.encoder, ConfigPriority(0x6f800002)) ERROR: Undefined(0x80001001)
07-03 18:38:13.210  3596 11581 I ACodec  : codec does not support config priority (err -2147483648)
07-03 18:38:13.210  3608  3835 E OMXNodeInstance: getConfig(0xf32238c0:google.amrnb.encoder, ConfigAndroidVendorExtension(0x6f100004)) ERROR: Undefined(0x80001001)
07-03 18:38:13.211  3596 11581 I ACodec  : [OMX.google.amrnb.encoder] Now Loaded->Idle
07-03 18:38:13.218  3420  3420 W /system/bin/hw/android.hidl.allocator@1.0-service: ashmem_create_region(2048) returning hidl_memory(0x6fce22c500, 2048)
07-03 18:38:13.244  3420  3420 I chatty  : uid=1000(system) allocator@1.0-s identical 2 lines
07-03 18:38:13.244  3420  3420 W /system/bin/hw/android.hidl.allocator@1.0-service: ashmem_create_region(2048) returning hidl_memory(0x6fce22c500, 2048)
07-03 18:38:13.249  3420  3420 W /system/bin/hw/android.hidl.allocator@1.0-service: ashmem_create_region(8192) returning hidl_memory(0x6fce22c500, 8192)
07-03 18:38:13.251  3420  3420 I chatty  : uid=1000(system) allocator@1.0-s identical 2 lines
07-03 18:38:13.252  3420  3420 W /system/bin/hw/android.hidl.allocator@1.0-service: ashmem_create_region(8192) returning hidl_memory(0x6fce22c500, 8192)
07-03 18:38:13.252  3596  3596 W StagefrightRecorder: audio source is exist, set interval to audio
07-03 18:38:13.253  3596 11581 I ACodec  : [OMX.google.amrnb.encoder] Now Idle->Executing
07-03 18:38:13.253  3596 11576 I MediaCodecSource: MediaCodecSource (audio) starting
07-03 18:38:13.254  3596 11581 I ACodec  : [OMX.google.amrnb.encoder] Now Executing
07-03 18:38:13.254  3585  3780 V MultiRecordManager: getParameters() io 0, keys get_input_latency, calling pid 3596
07-03 18:38:13.254  3421  3664 D audio_hw_primary_abox: device-adev_get_parameters: enter with key(get_input_latency)
07-03 18:38:13.254  3421  3664 I audio_hw_primary_abox: adev_get_parameters: pcmread_latency = 20, preprocessing_latency = 0
07-03 18:38:13.255  3421  3664 D audio_hw_primary_abox: device-adev_get_parameters: exit with get_input_latency=20
07-03 18:38:13.258  3596 11587 I AudioSource: Initial latency from Audio F/W: 20
07-03 18:38:13.259  3585  3780 I APM_AudioPolicyManager: startInput() input 38
07-03 18:38:13.259  3585  3780 V APM::AudioPolicyEngine: getDeviceForInputSource()input source 1, device 80000004
07-03 18:38:13.263  3421  3664 D audio_hw_primary_abox: primary_in-in_set_parameters: enter with param = input_source=1;routing=-2147483644
07-03 18:38:13.263  3421  3664 D audio_hw_primary_abox: primary_in-in_set_parameters: Requested to change route from 0x80000004 to 0x80000004
07-03 18:38:13.265  3421  3664 D audio_hw_primary_abox: primary_in-in_set_parameters: exit
07-03 18:38:13.267  3585  3780 V APM_AudioPolicyManager: setInputDevice() createAudioPatch returned 0 patchHandle 28
07-03 18:38:13.269  3585  3780 V APM_AudioPolicyManager: AudioPolicyManager::startInput() input source = 1
07-03 18:38:13.269  3585  3585 V APM_AudioPolicyManager: listAudioPorts() role 0 type 0 num_ports 0 ports 0xecf19468
07-03 18:38:13.269  3585  3585 V APM_AudioPolicyManager: listAudioPorts() got 0 ports needed 9
07-03 18:38:13.269  3596 11576 I MediaCodecSource: MediaCodecSource (audio) started
07-03 18:38:13.269  3585  3585 V APM_AudioPolicyManager: listAudioPorts() role 0 type 0 num_ports 9 ports 0xec78d000
07-03 18:38:13.270  3585  3585 V APM_AudioPolicyManager: listAudioPorts() got 9 ports needed 9
07-03 18:38:13.271  3585  3585 V APM_AudioPolicyManager: listAudioPorts() role 0 type 0 num_ports 0 ports 0xecf19468
07-03 18:38:13.271  3585  3585 V APM_AudioPolicyManager: listAudioPorts() got 0 ports needed 9
07-03 18:38:13.271  3585  3585 V APM_AudioPolicyManager: listAudioPorts() role 0 type 0 num_ports 9 ports 0xec78d000
07-03 18:38:13.271  3585  3585 V APM_AudioPolicyManager: listAudioPorts() got 9 ports needed 9
07-03 18:38:13.273  3421 11589 D PostProcessConvertor: PostProcessConvertorInit ++ OSR 8000, ISR 48000, CC 2, OBW 1, IBW 1 
07-03 18:38:13.275  3421 11589 D SoundAliveResampler: [SoundAliveResampler] Init+++
07-03 18:38:13.275  3421 11589 W audio_hw_primary_abox: primary_in-do_open_input_stream: SoundTrigger HAL Open function Not available!
07-03 18:38:13.275  3421 11589 D audio_hw_primary_abox: primary_in-set_audio_route: [CAPTURE] current-device(none) new-device(mic) in cur-mode(normal) & new-mode(recording)!
07-03 18:38:13.275  3421 11589 I audio_route: > audio_route_apply_path : "recording-mic"
07-03 18:38:13.276  3421 11589 I audio_route: > audio_route_update_path : "recording-mic" reverse(0)
07-03 18:38:13.277  3421 11589 D audio_hw_primary_abox: primary_in-do_set_route: Enabled Audio Route(recording-mic)
07-03 18:38:13.277  3421 11589 I audio_route: > audio_route_apply_path : "gain-recording-mic"
07-03 18:38:13.278  3421 11589 I audio_route: > audio_route_update_path : "gain-recording-mic" reverse(0)
07-03 18:38:13.278  3421 11589 D audio_hw_primary_abox: primary_in-do_set_route: Enabled Audio Gain(gain-recording-mic)
07-03 18:38:13.278  3421 11589 V audio_route: requested PCM dai for capture_link: 9
07-03 18:38:13.297 11558 11590 D OpenGLRenderer: HWUI GL Pipeline
07-03 18:38:13.305 11558 11558 D ViewRootImpl@70f17c5[MainActivity]: setView = DecorView@209551a[MainActivity] TM=true MM=false
07-03 18:38:13.306  3957  3968 D ActivityManager: post active user change for 0 fullscreen true isHomeActivity() false
07-03 18:38:13.308  3421 11589 I audio_hw_primary_abox: primary_in-do_open_input_stream: Opened PCM Device is /dev/snd/pcmC0D9c samplingRate(48000) pcmformat(0)
07-03 18:38:13.308  3421 11589 I audio_hw_primary_abox: primary_in-in_read: Transit to Idle
07-03 18:38:13.315 11558 11558 D ViewRootImpl@70f17c5[MainActivity]: dispatchAttachedToWindow
07-03 18:38:13.319  3957  3968 V WindowManager: Relayout Window{ce3a142 u0 e.www.microphonetest/e.www.microphonetest.MainActivity}: viewVisibility=0 req=719x1237 WM.LayoutParams{(0,0)(fillxfill) sim=#120 ty=1 fl=#81810100 pfl=0x20000 wanim=0x10302fd vsysui=0x600 needsMenuKey=2 colorMode=0 naviIconColor=0}
07-03 18:38:13.322  3446  3446 I SurfaceFlinger: id=35 createSurf (720x1280),1 flag=404, e.www.microphonetest/e.www.microphonetest.MainActivity#0
07-03 18:38:13.324  3957  3968 V Surface : sf_framedrop debug : 0x4f4c, game : false, logging : 0
07-03 18:38:13.328  3957  3968 D InputDispatcher: Focus entered window: 11558
07-03 18:38:13.330 11558 11558 V Surface : sf_framedrop debug : 0x4f4c, game : false, logging : 0
07-03 18:38:13.331 11558 11558 D ViewRootImpl@70f17c5[MainActivity]: Relayout returned: old=[0,0][0,0] new=[0,0][720,1280] result=0x7 surface={valid=true 531618885632} changed=true
07-03 18:38:13.341 11558 11590 I OpenGLRenderer: Initialized EGL, version 1.4
07-03 18:38:13.341 11558 11590 D OpenGLRenderer: Swap behavior 2
07-03 18:38:13.343 11558 11558 D ViewRootImpl@70f17c5[MainActivity]: MSG_RESIZED_REPORT: frame=Rect(0, 0 - 720, 1280) ci=Rect(0, 42 - 0, 0) vi=Rect(0, 42 - 0, 0) or=1
07-03 18:38:13.343 11558 11558 D ViewRootImpl@70f17c5[MainActivity]: MSG_WINDOW_FOCUS_CHANGED 1
07-03 18:38:13.345 11558 11558 V InputMethodManager: Starting input: tba=android.view.inputmethod.EditorInfo@fce6b41 nm : e.www.microphonetest ic=null
07-03 18:38:13.345 11558 11558 I InputMethodManager: startInputInner - mService.startInputOrWindowGainedFocus
07-03 18:38:13.345  3957  3968 D InputMethodManagerService: startInputOrWindowGainedFocus : windowGainedFocus 
07-03 18:38:13.346  3957  3968 D InputMethodManagerService: windowGainedFocus: destinationUserId (getCallingUid) = 0
07-03 18:38:13.346  3957  3968 D InputMethodManagerService: windowGainedFocus: currentUserId=0
07-03 18:38:13.346  3957  3968 D InputMethodManagerService: windowGainedFocus: mCurrentFocusedUserId=0
07-03 18:38:13.346  3957  3968 D InputMethodManagerService: windowGainedFocus : lock - currentUserId = 0 destinationUserId = 0
07-03 18:38:13.346  3957  3968 D InputMethodManagerService: windowGainedFocus : mCurrentFocusedUserId - 0 and mSecureKeypadEnabled - false, userSwitched - false
07-03 18:38:13.347  3957  3968 V InputMethodManagerService: windowGainedFocus : reason=WINDOW_FOCUS_GAIN client=android.os.BinderProxy@5d8b424 inputContext=null missingMethods= attribute=android.view.inputmethod.EditorInfo@319f553 nm = e.www.microphonetest controlFlags=#104 softInputMode=#120 windowFlags=#81810100
07-03 18:38:13.347  3957  3968 V InputMethodManagerService: hideCurrentInputLocked : shouldHideSoftInput is false
07-03 18:38:13.347  3957  3968 D InputMethodManagerService: isImeSwitcherDisabledPackage : false
07-03 18:38:13.347  3957  3968 V InputMethodManagerService: Creating new session for client ClientState{bfeee90 uid 10178 pid 11558}
07-03 18:38:13.348 11558 11590 D libGLESv1: STS_GLApi : DTS, ODTC are not allowed for Package : e.www.microphonetest
07-03 18:38:13.349 11558 11590 D mali_winsys: EGLint new_window_surface(egl_winsys_display *, void *, EGLSurface, EGLConfig, egl_winsys_surface **, egl_color_buffer_format *, EGLBoolean) returns 0x3000,  [720x1280]-format:1
07-03 18:38:13.349 11558 11590 D OpenGLRenderer: eglCreateWindowSurface = 0x7bc95e6640
07-03 18:38:13.350  3957  3968 D InputMethodManagerService: setCurrentInputInfo - inputContext : null eidtorInfo : android.view.inputmethod.EditorInfo@319f553 missingMethods : 0
07-03 18:38:13.351  4336  4336 I InputMethodWrapper:  call dispatchStartInputWithToken
07-03 18:38:13.351  4336  4336 I InputMethodService: dispatchStartInputWithToken
07-03 18:38:13.352  4336  4336 I SKBD    : SamsungKeypad [IMI] onStartInput - caller pid : 11558, caller uid : 10178
07-03 18:38:13.358  3957  3957 D CustomFrequencyManagerService: releaseDVFSLockLocked : Getting Lock type frm List : DVFS_MIN_LIMIT  frequency : 1560000  uid : 1000  pid : 3957  tag : AMS_RESUME_TAIL@CPU_MIN@21
07-03 18:38:13.366  3421 11589 I audio_hw_primary_abox: primary_in-do_start_input_stream: Started PCM Device
07-03 18:38:13.369  3957  6129 V WindowManager: finishDrawingLocked: mDrawState=COMMIT_DRAW_PENDING Window{ce3a142 u0 e.www.microphonetest/e.www.microphonetest.MainActivity} in Surface(name=e.www.microphonetest/e.www.microphonetest.MainActivity)
07-03 18:38:13.370 11558 11558 V InputMethodManager: Starting input: tba=android.view.inputmethod.EditorInfo@4d7a8e6 nm : e.www.microphonetest ic=null
07-03 18:38:13.370  3421 11589 D AudioInfo: can not find AudioDataPath for fileName:/miccalib.txt
07-03 18:38:13.370  3421 11589 I PreProcess_RA: [samsungrecordMIC]Use HardCoding Values
07-03 18:38:13.371  3421 11589 I PreProcess_RA: [samsungrecordMIC]Use HardCoding Values
07-03 18:38:13.371  3421 11589 I audio_hw_primary_abox: primary_in-in_read: Transit to Capturing
07-03 18:38:13.373  3957  4023 D ViewRootImpl@4856d60[microphonetest]: dispatchDetachedFromWindow
07-03 18:38:13.373  3957  4023 D InputEventReceiver: channel 'c630219 Splash Screen e.www.microphonetest (client)' ~ Disposing input event receiver.
07-03 18:38:13.373  3957  4023 D InputEventReceiver: channel 'c630219 Splash Screen e.www.microphonetest (client)' ~NativeInputEventReceiver.
07-03 18:38:13.378  3957  3981 I ActivityManager: Displayed e.www.microphonetest/.MainActivity: +538ms
07-03 18:38:13.389  3596 11588 I MPEG4Writer: setStartTimestampUs: 94582
07-03 18:38:13.389  3596 11588 I MPEG4Writer: Earliest track starting time: 94582
07-03 18:38:13.396  3957  4023 I WindowManager: Destroying surface Surface(name=Splash Screen e.www.microphonetest) called by com.android.server.wm.WindowStateAnimator.destroySurface:2501 com.android.server.wm.WindowStateAnimator.destroySurfaceLocked:985 com.android.server.wm.WindowState.destroyOrSaveSurfaceUnchecked:3670 com.android.server.wm.WindowState.destroySurface:3618 com.android.server.wm.AppWindowToken.destroySurfaces:722 com.android.server.wm.AppWindowToken.destroySurfaces:706 com.android.server.wm.WindowState.onExitAnimationDone:5316 com.android.server.wm.WindowStateAnimator.stepAnimationLocked:550 
07-03 18:38:13.396  3446  3487 I SurfaceFlinger: id=33 Removed Splash Screen e.www.microphonetest#0 (4/6)
07-03 18:38:13.400  3446  3446 I SurfaceFlinger: Display 0 HWC layers:
07-03 18:38:13.400  3446  3446 I SurfaceFlinger:     type    |    handle    | flag |  format   |   source crop (l,t,r,b)    |         frame       | name 
07-03 18:38:13.400  3446  3446 I SurfaceFlinger: ------------+--------------+------+-----------+----------------------------+---------------------+------
07-03 18:38:13.400  3446  3446 I SurfaceFlinger:      Client |              | 0000 |  Unknown  |  -0.2   -0.2   -0.8   -0.8 |    0    0  720 1280 | animation background stackId=1#0
07-03 18:38:13.400  3446  3446 I SurfaceFlinger:      Client | 0x7f7a59cac0 | 0002 | RGBA_8888 |   0.0    0.0  720.0 1280.0 |   18   32  702 1248 | com.example.batterymanager_utility/c[...]atterymanager_utility.MainActivity#0
07-03 18:38:13.400  3446  3446 I SurfaceFlinger:      Device | 0x7f80824a80 | 0002 | RGBA_8888 |   0.0    0.0  720.0 1279.0 |    0    1  720 1280 | e.www.microphonetest/e.www.microphonetest.MainActivity#0
07-03 18:38:13.400  3446  3446 I SurfaceFlinger:      Device | 0x7f80824b40 | 0000 | RGBA_8888 |   0.0    0.0  720.0   42.0 |    0    0  720   42 | StatusBar#0
07-03 18:38:13.400  3446  3446 I SurfaceFlinger: 
07-03 18:38:13.401  3446  3784 I SurfaceFlinger: id=33 Removed Splash Screen e.www.microphonetest#0 (-2/6)
07-03 18:38:13.412  3446  3446 I Layer   : id=33 onRemoved Splash Screen e.www.microphonetest#0 
07-03 18:38:13.413  3957  4023 I WindowManager: Destroying surface Surface(name=com.example.batterymanager_utility/com.example.batterymanager_utility.MainActivity) called by com.android.server.wm.WindowStateAnimator.destroySurface:2501 com.android.server.wm.WindowStateAnimator.destroySurfaceLocked:985 com.android.server.wm.WindowState.destroyOrSaveSurfaceUnchecked:3670 com.android.server.wm.WindowState.destroySurface:3618 com.android.server.wm.AppWindowToken.destroySurfaces:722 com.android.server.wm.AppWindowToken.destroySurfaces:706 com.android.server.wm.WindowState.onExitAnimationDone:5316 com.android.server.wm.WindowStateAnimator.stepAnimationLocked:550 
07-03 18:38:13.413  3957  3981 D CustomFrequencyManagerService: acquireDVFSLockLocked : type : DVFS_MIN_LIMIT  frequency : 1560000  uid : 1000  pid : 3957  pkgName : AMS_RESUME_TAIL@CPU_MIN@21
07-03 18:38:13.413  3957  3981 D ActivityManagerPerformance: AMP_acquire() TAIL
07-03 18:38:13.414  3446  3487 I SurfaceFlinger: id=32 Removed com.example.batterymanager_utility/com.example.batterymanager_utility.MainActivity#0 (2/5)
07-03 18:38:13.414  3957  3981 D CustomFrequencyManagerService: releaseDVFSLockLocked : Getting Lock type frm List : DVFS_MIN_LIMIT  frequency : 1560000  uid : 1000  pid : 3957  tag : AMS_APP_SWITCH@CPU_MIN@15
07-03 18:38:13.414  3957  3981 D ActivityManagerPerformance: AMP_release() APP_SWITCH
07-03 18:38:13.415  3446  3446 I SurfaceFlinger: Display 0 HWC layers:
07-03 18:38:13.415  3446  3446 I SurfaceFlinger:     type    |    handle    | flag |  format   |   source crop (l,t,r,b)    |         frame       | name 
07-03 18:38:13.415  3446  3446 I SurfaceFlinger: ------------+--------------+------+-----------+----------------------------+---------------------+------
07-03 18:38:13.415  3446  3446 I SurfaceFlinger:      Device | 0x7f80824a80 | 0002 | RGBA_8888 |   0.0    0.0  720.0 1280.0 |    0    0  720 1280 | e.www.microphonetest/e.www.microphonetest.MainActivity#0
07-03 18:38:13.415  3446  3446 I SurfaceFlinger:      Device | 0x7f80824b40 | 0000 | RGBA_8888 |   0.0    0.0  720.0   42.0 |    0    0  720   42 | StatusBar#0
07-03 18:38:13.415  3446  3446 I SurfaceFlinger: 
07-03 18:38:13.417  3446  3487 I SurfaceFlinger: id=32 Removed com.example.batterymanager_utility/com.example.batterymanager_utility.MainActivity#0 (-2/5)
07-03 18:38:13.423  3957  4324 I OpenGLRenderer: Initialized EGL, version 1.4
07-03 18:38:13.423  3957  4324 D OpenGLRenderer: Swap behavior 2
07-03 18:38:13.429  3446  3446 I Layer   : id=32 onRemoved com.example.batterymanager_utility/com.example.batterymanager_utility.MainActivity#0 
07-03 18:38:13.573  3957  4083 D MdnieScenarioControlService:  packageName : e.www.microphonetest    className : e.www.microphonetest.MainActivity
07-03 18:38:13.573  3957  4083 V MdnieScenarioControlService: setUIMode from UI function(3)
07-03 18:38:13.888  3435  3435 I android.hardware.wifi@1.0-service: getLinkLayerStats
07-03 18:38:13.951 10756 10756 E adbd    : recv: OPEN 000117e6 00000000 006e:73 68 65 6C 6C 2C 76 32 2C 54 45 52 4D 3D 73 63 72 65 65 6E 2C 72 61 77 3A 64 75 6D 70 73 79 73 20 61 63 74 69 76 69 74 79 20 72 65 63 65 6E 74 73 20 7C 20 67 72 65 70 20 22 52 65 63 65 6E 74 20 23 30 22 20 7C 20 63 75 74 20 2D 64 20 22 3D 22 20 2D 66 32 20 7C 20 67 72 65 70 20 2D 6F 20 2D 70 20 22 5B 61 2D 7A 7C 2E 5D 2A 22 00 
07-03 18:38:13.952 10756 10756 E adbd    : service_to_fd: shell,v2,TERM=screen,raw:dumpsys activity recents | grep "Recent #0" | cut -d "=" -f2 | grep -o -p "[a-z|.]*"
07-03 18:38:14.014  3957  3957 D CustomFrequencyManagerService: releaseDVFSLockLocked : Getting Lock type frm List : DVFS_MIN_LIMIT  frequency : 1560000  uid : 1000  pid : 3957  tag : AMS_RESUME_TAIL@CPU_MIN@21
07-03 18:38:14.057 10756 10756 E adbd    : recv: OPEN 000117e9 00000000 003a:73 68 65 6C 6C 2C 76 32 2C 54 45 52 4D 3D 73 63 72 65 65 6E 2C 72 61 77 3A 67 65 74 70 72 6F 70 20 72 6F 2E 62 75 69 6C 64 2E 76 65 72 73 69 6F 6E 2E 72 65 6C 65 61 73 65 00 
07-03 18:38:14.057 10756 10756 E adbd    : service_to_fd: shell,v2,TERM=screen,raw:getprop ro.build.version.release
07-03 18:38:14.147 10756 10756 E adbd    : recv: OPEN 000117ec 00000000 0036:73 68 65 6C 6C 2C 76 32 2C 54 45 52 4D 3D 73 63 72 65 65 6E 2C 72 61 77 3A 67 65 74 70 72 6F 70 20 72 6F 2E 62 75 69 6C 64 2E 76 65 72 73 69 6F 6E 2E 73 64 6B 00 
07-03 18:38:14.147 10756 10756 E adbd    : service_to_fd: shell,v2,TERM=screen,raw:getprop ro.build.version.sdk
07-03 18:38:14.241 10756 10756 E adbd    : recv: OPEN 000117ef 00000000 003a:73 68 65 6C 6C 2C 76 32 2C 54 45 52 4D 3D 73 63 72 65 65 6E 2C 72 61 77 3A 67 65 74 70 72 6F 70 20 72 6F 2E 62 75 69 6C 64 2E 76 65 72 73 69 6F 6E 2E 72 65 6C 65 61 73 65 00 
07-03 18:38:14.242 10756 10756 E adbd    : service_to_fd: shell,v2,TERM=screen,raw:getprop ro.build.version.release
07-03 18:38:14.299 10126 11488 I wao     : Launching job ItemMessageAttachmentsDownloaderJob
07-03 18:38:14.300 10126 11488 I waa     : Starting Job(ItemMessageAttachmentsDownloaderJob#0.36) (priority=0)
07-03 18:38:14.300 10126 11489 I ooh     : Job(ItemMessageAttachmentsDownloaderJob#0.36) Account is not opted-in for attachment pre-caching, skipping attachment download.
07-03 18:38:14.300 10126 11489 I ooh     : Job(ItemMessageAttachmentsDownloaderJob#0.36) Scheduling next attachment download job in 300000 ms
07-03 18:38:14.301 10126 11490 I waa     : Job(ItemMessageAttachmentsDownloaderJob#0.36) Finished Job(ItemMessageAttachmentsDownloaderJob#0.36) (1 ms)
07-03 18:38:14.322 10756 10756 E adbd    : recv: OPEN 000117f2 00000000 0036:73 68 65 6C 6C 2C 76 32 2C 54 45 52 4D 3D 73 63 72 65 65 6E 2C 72 61 77 3A 67 65 74 70 72 6F 70 20 72 6F 2E 62 75 69 6C 64 2E 76 65 72 73 69 6F 6E 2E 73 64 6B 00 
07-03 18:38:14.322 10756 10756 E adbd    : service_to_fd: shell,v2,TERM=screen,raw:getprop ro.build.version.sdk
07-03 18:38:14.372 10126 11491 I wao     : Launching job OfflineSearchIndexingJob
07-03 18:38:14.372 10126 11491 I waa     : Starting Job(OfflineSearchIndexingJob#0.37) (priority=0)
07-03 18:38:14.373 10126 11489 I mqc     : Job(OfflineSearchIndexingJob#0.37) Index storage not ready
07-03 18:38:14.373 10126 11489 I mqc     : Job(OfflineSearchIndexingJob#0.37) Scheduling next offline search indexing in 60000 ms
07-03 18:38:14.374 10126 11489 I waa     : Job(OfflineSearchIndexingJob#0.37) Finished Job(OfflineSearchIndexingJob#0.37) (1 ms)
07-03 18:38:14.580 10756 10756 E adbd    : recv: OPEN 000117f5 00000000 00fb:73 68 65 6C 6C 2C 76 32 2C 54 45 52 4D 3D 73 63 72 65 65 6E 2C 72 61 77 3A 61 6D 20 73 74 61 72 74 2D 66 6F 72 65 67 72 6F 75 6E 64 2D 73 65 72 76 69 63 65 20 2D 6E 20 22 63 6F 6D 2E 65 78 61 6D 70 6C 65 2E 62 61 74 74 65 72 79 6D 61 6E 61 67 65 72 5F 75 74 69 6C 69 74 79 2F 63 6F 6D 2E 65 78 61 6D 70 6C 65 2E 62 61 74 74 65 72 79 6D 61 6E 61 67 65 72 5F 75 74 69 6C 69 74 79 2E 44 61 74 61 43 6F 6C 6C 65 63 74 69 6F 6E 53 65 72 76 69 63 65 22 20 2D 2D 65 69 20 73 61 6D 70 6C 65 52 61 74 65 20 31 30 30 30 20 2D 2D 65 73 20 22 64 61 74 61 46 69 65 6C 64 73 22 20 22 42 41 54 54 45 52 59 5F 50 52 4F 50 45 52 54 59 5F 43 55 52 52 45 4E 54 5F 4E 4F 57 2C 45 58 54 52 41 5F 56 4F 4C 54 41 47 45 22 20 2D 2D 65 7A 20 74 6F 43 53 56 20 66 61 6C 73 65 00 
07-03 18:38:14.581 10756 10756 E adbd    : service_to_fd: shell,v2,TERM=screen,raw:am start-foreground-service -n "com.example.batterymanager_utility/com.example.batterymanager_utility.DataCollectionService" --ei sampleRate 1000 --es "dataFields" "BATTERY_PROPERTY_CURRENT_NOW,EXTRA_VOLTAGE" --ez toCSV false
07-03 18:38:14.684 11515 11515 I BatteryMgr:DataCollectionService: onStartCommand: begin
07-03 18:38:14.685 11515 11515 I BatteryMgr:DataCollectionService: onStartCommand: sampleRate => 1000
07-03 18:38:14.685 11515 11515 I BatteryMgr:DataCollectionService: onStartCommand: rawFields => Timestamp,BATTERY_PROPERTY_CURRENT_NOW,EXTRA_VOLTAGE
07-03 18:38:14.688 11515 11515 I BatteryMgr:DataCollectionService: onStartCommand: notification done
07-03 18:38:14.690 11515 11515 D Notification: allPendingIntents
07-03 18:38:14.692 11515 11515 I BatteryMgr:DataCollectionService: started foreground
07-03 18:38:14.695  3957  3972 D ApplicationPolicy: isStatusBarNotificationAllowedAsUser: packageName = android,userId = 0
07-03 18:38:14.695  3957  3972 D API test: getContainerInfo: value is 
07-03 18:38:14.695  3957  3972 D ApplicationPolicy: isStatusBarNotificationAllowedAsUser: packageName = android,userId = 0
07-03 18:38:14.696  3957  3972 D API test: getContainerInfo: value is 
07-03 18:38:14.697  3957  3972 D ApplicationPolicy: isStatusBarNotificationAllowedAsUser: packageName = com.example.batterymanager_utility,userId = 0
07-03 18:38:14.697  3957  3972 D API test: getContainerInfo: value is 
07-03 18:38:14.697  3957  3972 D ApplicationPolicy: isStatusBarNotificationAllowedAsUser: packageName = com.example.batterymanager_utility,userId = 0
07-03 18:38:14.697  3957  3972 D API test: getContainerInfo: value is 
07-03 18:38:14.700  3957  3957 D AudioService: getStreamVolume 5 index 110
07-03 18:38:14.700  3957  3972 E NotificationService: Suppressing notification from package by user request.
07-03 18:38:14.701  3957  6129 D Notification: allPendingIntents
07-03 18:38:14.702  3957  3968 D Notification: allPendingIntents
07-03 18:38:14.709 11515 11626 I BatteryMgr:DataCollectionService: collectData: begin
07-03 18:38:14.716 11515 11626 I BatteryMgr:DataCollectionService: stats => 1688402294716,-146,4118
07-03 18:38:14.725  4342  4342 D KeyguardUpdateMonitor: handleStatusBarState( false )
07-03 18:38:14.726 10756 10756 E adbd    : recv: OPEN 000117f8 00000000 003a:73 68 65 6C 6C 2C 76 32 2C 54 45 52 4D 3D 73 63 72 65 65 6E 2C 72 61 77 3A 67 65 74 70 72 6F 70 20 72 6F 2E 62 75 69 6C 64 2E 76 65 72 73 69 6F 6E 2E 72 65 6C 65 61 73 65 00 
07-03 18:38:14.726 10756 10756 E adbd    : service_to_fd: shell,v2,TERM=screen,raw:getprop ro.build.version.release
07-03 18:38:14.745  4342  4342 D KeyguardUpdateMonitor: handleStatusBarState( false )
07-03 18:38:14.752  4342  4342 D KeyguardUpdateMonitor: handleStatusBarState( false )
07-03 18:38:14.807 10756 10756 E adbd    : recv: OPEN 000117fb 00000000 0036:73 68 65 6C 6C 2C 76 32 2C 54 45 52 4D 3D 73 63 72 65 65 6E 2C 72 61 77 3A 67 65 74 70 72 6F 70 20 72 6F 2E 62 75 69 6C 64 2E 76 65 72 73 69 6F 6E 2E 73 64 6B 00 
07-03 18:38:14.807 10756 10756 E adbd    : service_to_fd: shell,v2,TERM=screen,raw:getprop ro.build.version.sdk
07-03 18:38:14.853  3957  3957 D PreBindingService: handleMessage : 1
07-03 18:38:15.269  3957  4028 D SensorService: [SO] 0.091 -0.153 9.946
07-03 18:38:15.731 11515 11626 I BatteryMgr:DataCollectionService: stats => 1688402295731,-146,4118
07-03 18:38:15.786  4941  4941 D io_stats: !@ 179,0 r 81762 3131876 w 13019 186112 d 1235 38952 f 3689 3747 iot 38324 30945 th 51200 0 0 pt 0 inp 0 0 462.237
07-03 18:38:16.340  3957  3986 I PowerManagerService: [PWL] On : 0 (462792 ms ago)
07-03 18:38:16.340  3957  3986 I PowerManagerService: [PWL]  mStayOn: false  mWakeLockSummary & WAKE_LOCK_STAY_AWAKE: 20  mUserActivitySummary: 0x4
07-03 18:38:16.340  3957  3986 I PowerManagerService: [PWL]  SCREEN_BRIGHT_WAKE_LOCK        'app:ScreenScreenON' ACQ=-6m47s872ms (uid=10162 pid=7153)
07-03 18:38:16.591  3957  4327 E TaskPersister: File error accessing recents directory (directory doesn't exist?).
07-03 18:38:16.745 11515 11626 I BatteryMgr:DataCollectionService: stats => 1688402296744,-146,4118
07-03 18:38:16.909  3435  3435 I android.hardware.wifi@1.0-service: getLinkLayerStats
07-03 18:38:17.759 11515 11626 I BatteryMgr:DataCollectionService: stats => 1688402297759,-146,4118
07-03 18:38:17.874 11515 11638 D ProfileInstaller: Installing profile for com.example.batterymanager_utility
07-03 18:38:18.772 11515 11626 I BatteryMgr:DataCollectionService: stats => 1688402298772,-146,4118
07-03 18:38:19.317  3957  6578 D SSRM:k  : SIOP:: AP = 280, PST = 273 (W:28), BAT = 263, USB = 0, CHG = 0
07-03 18:38:19.786 11515 11626 I BatteryMgr:DataCollectionService: stats => 1688402299786,-146,4118
07-03 18:38:19.927  3435  3435 I android.hardware.wifi@1.0-service: getLinkLayerStats
07-03 18:38:20.792  4941  4941 D io_stats: !@ 179,0 r 81762 3131876 w 13052 186348 d 1236 38956 f 3690 3748 iot 38336 30953 th 51200 0 0 pt 0 inp 0 0 467.243
07-03 18:38:20.801 11515 11626 I BatteryMgr:DataCollectionService: stats => 1688402300800,-146,4118
07-03 18:38:21.321  3957  4444 E Watchdog: !@Sync 15 [2023-07-03 18:38:21.320]
07-03 18:38:21.814 11515 11626 I BatteryMgr:DataCollectionService: stats => 1688402301814,-146,4118
07-03 18:38:22.828 11515 11626 I BatteryMgr:DataCollectionService: stats => 1688402302828,-146,4118
07-03 18:38:22.949  3435  3435 I android.hardware.wifi@1.0-service: getLinkLayerStats
07-03 18:38:23.842 11515 11626 I BatteryMgr:DataCollectionService: stats => 1688402303841,-146,4118
07-03 18:38:24.857 11515 11626 I BatteryMgr:DataCollectionService: stats => 1688402304857,-146,4118
07-03 18:38:25.269  3957  4028 D SensorService: [SO] 0.091 -0.168 9.931
07-03 18:38:25.798  4941  4941 D io_stats: !@ 179,0 r 81762 3131876 w 13059 186568 d 1237 38960 f 3693 3751 iot 38344 30960 th 51200 0 0 pt 0 inp 0 0 472.249
07-03 18:38:25.872 11515 11626 I BatteryMgr:DataCollectionService: stats => 1688402305872,-146,4118
07-03 18:38:25.960  3435  3435 I android.hardware.wifi@1.0-service: getLinkLayerStats
07-03 18:38:26.885 11515 11626 I BatteryMgr:DataCollectionService: stats => 1688402306885,-146,4118
07-03 18:38:27.899 11515 11626 I BatteryMgr:DataCollectionService: stats => 1688402307898,-146,4118
07-03 18:38:28.912 11515 11626 I BatteryMgr:DataCollectionService: stats => 1688402308912,-146,4118
07-03 18:38:28.970  3435  3435 I android.hardware.wifi@1.0-service: getLinkLayerStats
07-03 18:38:29.351  3957  6578 D SSRM:k  : SIOP:: AP = 270, PST = 273 (W:28), BAT = 263, USB = 0, CHG = 0
07-03 18:38:29.925 11515 11626 I BatteryMgr:DataCollectionService: stats => 1688402309925,-146,4118
07-03 18:38:30.804  4941  4941 D io_stats: !@ 179,0 r 81762 3131876 w 13087 186756 d 1238 39044 f 3694 3752 iot 38360 30971 th 51200 0 0 pt 0 inp 0 0 477.255
07-03 18:38:30.940 11515 11626 I BatteryMgr:DataCollectionService: stats => 1688402310939,-146,4118
07-03 18:38:31.953 11515 11626 I BatteryMgr:DataCollectionService: stats => 1688402311953,-146,4118
07-03 18:38:31.982  3435  3435 I android.hardware.wifi@1.0-service: getLinkLayerStats
07-03 18:38:32.967 11515 11626 I BatteryMgr:DataCollectionService: stats => 1688402312966,-146,4118
07-03 18:38:33.981 11515 11626 I BatteryMgr:DataCollectionService: stats => 1688402313981,-146,4118
07-03 18:38:34.255  3957  3968 D BatteryService: !@BatteryListener : batteryPropertiesChanged!
07-03 18:38:34.995 11515 11626 I BatteryMgr:DataCollectionService: stats => 1688402314994,-144,4118
07-03 18:38:35.004  3435  3435 I android.hardware.wifi@1.0-service: getLinkLayerStats
07-03 18:38:35.269  3957  4028 D SensorService: [SO] 0.086 -0.148 9.946
07-03 18:38:35.810  4941  4941 D io_stats: !@ 179,0 r 81762 3131876 w 13090 186796 d 1238 39044 f 3695 3753 iot 38364 30973 th 51200 0 0 pt 0 inp 0 0 482.261
07-03 18:38:35.948  3957  4294 D WifiConnectivityMonitor:  [|223] []
07-03 18:38:36.008 11515 11626 I BatteryMgr:DataCollectionService: stats => 1688402316007,-144,4118
07-03 18:38:37.021 11515 11626 I BatteryMgr:DataCollectionService: stats => 1688402317021,-144,4118
07-03 18:38:38.012  3435  3435 I android.hardware.wifi@1.0-service: getLinkLayerStats
07-03 18:38:38.035 11515 11626 I BatteryMgr:DataCollectionService: stats => 1688402318034,-144,4118
07-03 18:38:39.048 11515 11626 I BatteryMgr:DataCollectionService: stats => 1688402319047,-144,4118
07-03 18:38:39.384  3957  6578 D SSRM:k  : SIOP:: AP = 270, PST = 273 (W:28), BAT = 263, USB = 0, CHG = 0
07-03 18:38:40.062 11515 11626 I BatteryMgr:DataCollectionService: stats => 1688402320061,-144,4118
07-03 18:38:40.447  3622  3622 I bootchecker: bootchecker wake up!!
07-03 18:38:40.816  4941  4941 D io_stats: !@ 179,0 r 81765 3132140 w 13098 186852 d 1238 39044 f 3696 3754 iot 38364 30978 th 51200 0 0 pt 0 inp 0 0 487.267
07-03 18:38:41.021  3435  3435 I android.hardware.wifi@1.0-service: getLinkLayerStats
07-03 18:38:41.077 11515 11626 I BatteryMgr:DataCollectionService: stats => 1688402321077,-144,4118
07-03 18:38:42.090 11515 11626 I BatteryMgr:DataCollectionService: stats => 1688402322090,-144,4118
07-03 18:38:43.103 11515 11626 I BatteryMgr:DataCollectionService: stats => 1688402323103,-144,4118
07-03 18:38:44.044  3435  3435 I android.hardware.wifi@1.0-service: getLinkLayerStats
07-03 18:38:44.116 11515 11626 I BatteryMgr:DataCollectionService: stats => 1688402324116,-144,4118
07-03 18:38:44.345 10126 11642 I wao     : Launching job CalendarCacheRefreshJob
07-03 18:38:44.346 10126 11642 I waa     : Starting Job(CalendarCacheRefreshJob#0.38) (priority=0)
07-03 18:38:44.347 10126 11641 I ljg     : Job(CalendarCacheRefreshJob#0.38) Scheduling next refresh in 180 s
07-03 18:38:44.350 10126 11641 I waa     : Finished Job(CalendarCacheRefreshJob#0.38) (3 ms)
07-03 18:38:45.129 11515 11626 I BatteryMgr:DataCollectionService: stats => 1688402325128,-144,4118
07-03 18:38:45.269  3957  4028 D SensorService: [SO] 0.086 -0.158 9.931
07-03 18:38:45.822  4941  4941 D io_stats: !@ 179,0 r 81765 3132140 w 13101 186892 d 1238 39044 f 3697 3755 iot 38364 30979 th 51200 0 0 pt 0 inp 0 0 492.273
07-03 18:38:46.142 11515 11626 I BatteryMgr:DataCollectionService: stats => 1688402326142,-144,4118
07-03 18:38:47.052  3435  3435 I android.hardware.wifi@1.0-service: getLinkLayerStats
07-03 18:38:47.155 11515 11626 I BatteryMgr:DataCollectionService: stats => 1688402327154,-144,4118
07-03 18:38:48.167 11515 11626 I BatteryMgr:DataCollectionService: stats => 1688402328167,-144,4118
07-03 18:38:49.180 11515 11626 I BatteryMgr:DataCollectionService: stats => 1688402329180,-144,4118
07-03 18:38:49.433  3957  6578 D SSRM:k  : SIOP:: AP = 270, PST = 273 (W:28), BAT = 263, USB = 0, CHG = 0
07-03 18:38:49.616  3957  3980 W StorageManager: getStorageFullBytes DEFAULT_FULL_THRESHOLD_BYTES : 20971520, threadhold : 20971520
07-03 18:38:49.617  3957  3980 W StorageManager: getStorageLowBytes lowPercent : 5, lowBytes : 1260145254, maxLowBytes : 524288000
07-03 18:38:49.620  3957  3980 W DeviceStorageMonitorService: updateBroadcasts(/data) oldLevel:0, newLevel:0, seq:1
07-03 18:38:49.621  3957  3980 W DeviceStorageMonitorService: updateBroadcasts_filenode(/data) fn_oldLevel:0, fn_newLevel:0, seq:1
07-03 18:38:50.062  3435  3435 I android.hardware.wifi@1.0-service: getLinkLayerStats
07-03 18:38:50.193 11515 11626 I BatteryMgr:DataCollectionService: stats => 1688402330193,-144,4118
07-03 18:38:50.655  4495  4495 D BoundBrokerSvc: onUnbind: Intent { act=com.google.android.gms.clearcut.service.START pkg=com.google.android.gms }
07-03 18:38:50.827  4941  4941 D io_stats: !@ 179,0 r 81765 3132140 w 13109 186948 d 1238 39044 f 3698 3756 iot 38368 30982 th 51200 0 0 pt 0 inp 0 0 497.278
07-03 18:38:51.206 11515 11626 I BatteryMgr:DataCollectionService: stats => 1688402331206,-144,4118
07-03 18:38:51.331  3957  4444 E Watchdog: !@Sync 16 [2023-07-03 18:38:51.331]
07-03 18:38:52.219 11515 11626 I BatteryMgr:DataCollectionService: stats => 1688402332219,-144,4118
07-03 18:38:53.074  3435  3435 I android.hardware.wifi@1.0-service: getLinkLayerStats
07-03 18:38:53.232 11515 11626 I BatteryMgr:DataCollectionService: stats => 1688402333231,-144,4118
07-03 18:38:54.244 11515 11626 I BatteryMgr:DataCollectionService: stats => 1688402334244,-144,4118
07-03 18:38:55.258 11515 11626 I BatteryMgr:DataCollectionService: stats => 1688402335258,-144,4118
07-03 18:38:55.270  3957  4028 D SensorService: [SO] 0.072 -0.163 9.917
07-03 18:38:55.833  4941  4941 D io_stats: !@ 179,0 r 81765 3132140 w 13115 187020 d 1239 39048 f 3699 3759 iot 38376 30986 th 51200 0 0 pt 0 inp 0 0 502.284
07-03 18:38:56.083  3435  3435 I android.hardware.wifi@1.0-service: getLinkLayerStats
07-03 18:38:56.271 11515 11626 I BatteryMgr:DataCollectionService: stats => 1688402336271,-144,4118
07-03 18:38:57.284 11515 11626 I BatteryMgr:DataCollectionService: stats => 1688402337284,-144,4118
07-03 18:38:57.882  5145  5287 D ContactsProvider_EventLog: contents_sample_state: [CONTACT contacts(0) data(0) accounts({}) accounts deleted({}) calls([]) countryIso(NL) userId(0)  ]
07-03 18:38:57.882  5145  5287 D ContactsProvider_EventLog: contents_sample_state: [ agr({})  ]
07-03 18:38:57.882  5145  5287 D ContactsProvider_EventLog: contents_sample_state: [ actCnt({android.process.acore(5145)=1})  ]
07-03 18:38:57.882  5145  5287 D ContactsProvider_EventLog: contents_sample_state: [PROFILE contacts(0) data(0) accounts({})  ]
