07-04 11:27:00.302 11708 11816 I BatteryMgr:DataCollectionService: stats => 1688462820302,160312,4245
07-04 11:27:00.417 11708 11816 I BatteryMgr:DataCollectionService: stats => 1688462820417,160312,4245
07-04 11:27:00.527 11708 11816 I BatteryMgr:DataCollectionService: stats => 1688462820527,163437,4245
07-04 11:27:00.654 11708 11816 I BatteryMgr:DataCollectionService: stats => 1688462820654,163437,4245
07-04 11:27:00.780 11708 11816 I BatteryMgr:DataCollectionService: stats => 1688462820779,163437,4245
07-04 11:27:00.906 11708 11816 I BatteryMgr:DataCollectionService: stats => 1688462820906,115625,4245
07-04 11:27:01.026 11708 11816 I BatteryMgr:DataCollectionService: stats => 1688462821026,115625,4245
07-04 11:27:01.148 11708 11816 I BatteryMgr:DataCollectionService: stats => 1688462821148,115625,4245
07-04 11:27:01.257 11708 11816 I BatteryMgr:DataCollectionService: stats => 1688462821257,112187,4245
07-04 11:27:01.368 11708 11816 I BatteryMgr:DataCollectionService: stats => 1688462821368,112187,4245
07-04 11:27:01.481 11708 11816 I BatteryMgr:DataCollectionService: stats => 1688462821481,112187,4245
07-04 11:27:01.508  2164  2338 D ConnectivityService: NetReassign [no changes] [c 0] [a 1] [i 6]
07-04 11:27:01.596 11708 11816 I BatteryMgr:DataCollectionService: stats => 1688462821596,190312,4245
07-04 11:27:01.727 11708 11816 I BatteryMgr:DataCollectionService: stats => 1688462821727,190312,4245
07-04 11:27:01.838 11708 11816 I BatteryMgr:DataCollectionService: stats => 1688462821838,190312,4245
07-04 11:27:01.966 11708 11816 I BatteryMgr:DataCollectionService: stats => 1688462821966,181875,4245
07-04 11:27:02.094 11708 11816 I BatteryMgr:DataCollectionService: stats => 1688462822094,181875,4245
07-04 11:27:02.221 11708 11816 I BatteryMgr:DataCollectionService: stats => 1688462822221,118437,4245
07-04 11:27:02.348 11708 11816 I BatteryMgr:DataCollectionService: stats => 1688462822348,118437,4245
07-04 11:27:02.463 11708 11816 I BatteryMgr:DataCollectionService: stats => 1688462822463,118437,4245
07-04 11:27:02.577 11708 11816 I BatteryMgr:DataCollectionService: stats => 1688462822577,88125,4245
07-04 11:27:02.686 11708 11816 I BatteryMgr:DataCollectionService: stats => 1688462822686,88125,4245
07-04 11:27:02.795 11708 11816 I BatteryMgr:DataCollectionService: stats => 1688462822795,88125,4245
07-04 11:27:02.927 11708 11816 I BatteryMgr:DataCollectionService: stats => 1688462822927,109375,4245
07-04 11:27:03.051 11708 11816 I BatteryMgr:DataCollectionService: stats => 1688462823050,109375,4245
07-04 11:27:03.173 11708 11816 I BatteryMgr:DataCollectionService: stats => 1688462823172,109375,4245
07-04 11:27:03.285 11708 11816 I BatteryMgr:DataCollectionService: stats => 1688462823285,149062,4245
07-04 11:27:03.395 11708 11816 I BatteryMgr:DataCollectionService: stats => 1688462823395,149062,4245
07-04 11:27:03.523 11708 11816 I BatteryMgr:DataCollectionService: stats => 1688462823523,149062,4245
07-04 11:27:03.654 11708 11816 I BatteryMgr:DataCollectionService: stats => 1688462823654,83750,4245
07-04 11:27:03.763 11708 11816 I BatteryMgr:DataCollectionService: stats => 1688462823763,83750,4245
07-04 11:27:03.883 11708 11816 I BatteryMgr:DataCollectionService: stats => 1688462823882,83750,4245
07-04 11:27:04.005 11708 11816 I BatteryMgr:DataCollectionService: stats => 1688462824005,135312,4245
07-04 11:27:04.121 11708 11816 I BatteryMgr:DataCollectionService: stats => 1688462824121,135312,4245
07-04 11:27:04.247 11708 11816 I BatteryMgr:DataCollectionService: stats => 1688462824246,135312,4245
07-04 11:27:04.368 11708 11816 I BatteryMgr:DataCollectionService: stats => 1688462824368,88750,4245
07-04 11:27:04.491 11708 11816 I BatteryMgr:DataCollectionService: stats => 1688462824491,88750,4245
07-04 11:27:04.537  2164  2338 D ConnectivityService: NetReassign [no changes] [c 1] [a 0] [i 6]
07-04 11:27:04.606 11708 11816 I BatteryMgr:DataCollectionService: stats => 1688462824606,88750,4245
07-04 11:27:04.733 11708 11816 I BatteryMgr:DataCollectionService: stats => 1688462824733,126875,4245
07-04 11:27:04.842 11708 11816 I BatteryMgr:DataCollectionService: stats => 1688462824842,126875,4245
07-04 11:27:04.959 11708 11816 I BatteryMgr:DataCollectionService: stats => 1688462824959,126875,4245
07-04 11:27:05.073 11708 11816 I BatteryMgr:DataCollectionService: stats => 1688462825073,172500,4245
07-04 11:27:05.195 11708 11816 I BatteryMgr:DataCollectionService: stats => 1688462825195,172500,4245
07-04 11:27:05.323 11708 11816 I BatteryMgr:DataCollectionService: stats => 1688462825323,172500,4245
07-04 11:27:05.443 11708 11816 I BatteryMgr:DataCollectionService: stats => 1688462825443,145937,4245
07-04 11:27:05.574 11708 11816 I BatteryMgr:DataCollectionService: stats => 1688462825573,145937,4245
07-04 11:27:05.702 11708 11816 I BatteryMgr:DataCollectionService: stats => 1688462825702,105000,4245
07-04 11:27:05.830 11708 11816 I BatteryMgr:DataCollectionService: stats => 1688462825830,105000,4245
07-04 11:27:05.947 11708 11816 I BatteryMgr:DataCollectionService: stats => 1688462825947,105000,4245
07-04 11:27:06.061 11708 11816 I BatteryMgr:DataCollectionService: stats => 1688462826061,188125,4245
07-04 11:27:06.170 11708 11816 I BatteryMgr:DataCollectionService: stats => 1688462826170,188125,4245
07-04 11:27:06.282 11708 11816 I BatteryMgr:DataCollectionService: stats => 1688462826282,188125,4245
07-04 11:27:06.397 11708 11816 I BatteryMgr:DataCollectionService: stats => 1688462826397,188125,4245
07-04 11:27:06.506 11708 11816 I BatteryMgr:DataCollectionService: stats => 1688462826506,244062,4245
07-04 11:27:06.622 11708 11816 I BatteryMgr:DataCollectionService: stats => 1688462826622,244062,4245
07-04 11:27:06.731 11708 11816 I BatteryMgr:DataCollectionService: stats => 1688462826731,244062,4245
07-04 11:27:06.860 11708 11816 I BatteryMgr:DataCollectionService: stats => 1688462826859,128125,4245
07-04 11:27:06.969 11708 11816 I BatteryMgr:DataCollectionService: stats => 1688462826969,128125,4245
07-04 11:27:07.080 11708 11816 I BatteryMgr:DataCollectionService: stats => 1688462827079,128125,4245
07-04 11:27:07.104  2164  2290 D TelephonyManager: requestModemActivityInfo: Sending result to app: ModemActivityInfo{ mTimestamp=739648 mSleepTimeMs=393437 mIdleTimeMs=335682 mTxTimeMs[]=[0, 0, 0, 0, 0] mRxTimeMs=3217}
07-04 11:27:07.140  2164  2263 E system_server: Cannot read thread CPU times for PID 2164
07-04 11:27:07.188 11708 11816 I BatteryMgr:DataCollectionService: stats => 1688462827188,225937,4245
07-04 11:27:07.297 11708 11816 I BatteryMgr:DataCollectionService: stats => 1688462827297,225937,4245
07-04 11:27:07.425 11708 11816 I BatteryMgr:DataCollectionService: stats => 1688462827425,225937,4245
07-04 11:27:07.547 11708 11816 I BatteryMgr:DataCollectionService: stats => 1688462827547,98125,4245
07-04 11:27:07.574  2164  2338 D ConnectivityService: NetReassign [no changes] [c 0] [a 1] [i 6]
07-04 11:27:07.667 11708 11816 I BatteryMgr:DataCollectionService: stats => 1688462827667,98125,4245
07-04 11:27:07.780 11708 11816 I BatteryMgr:DataCollectionService: stats => 1688462827780,98125,4245
07-04 11:27:07.897 11708 11816 I BatteryMgr:DataCollectionService: stats => 1688462827896,168437,4245
07-04 11:27:08.013 11708 11816 I BatteryMgr:DataCollectionService: stats => 1688462828013,168437,4245
07-04 11:27:08.129 11708 11816 I BatteryMgr:DataCollectionService: stats => 1688462828129,168437,4245
07-04 11:27:08.245 11708 11816 I BatteryMgr:DataCollectionService: stats => 1688462828245,92500,4245
07-04 11:27:08.358 11708 11816 I BatteryMgr:DataCollectionService: stats => 1688462828358,92500,4245
07-04 11:27:08.490 11708 11816 I BatteryMgr:DataCollectionService: stats => 1688462828490,92500,4245
07-04 11:27:08.608 11708 11816 I BatteryMgr:DataCollectionService: stats => 1688462828608,126562,4245
07-04 11:27:08.737 11708 11816 I BatteryMgr:DataCollectionService: stats => 1688462828737,126562,4245
07-04 11:27:08.856 11708 11816 I BatteryMgr:DataCollectionService: stats => 1688462828856,126562,4245
07-04 11:27:08.985 11708 11816 I BatteryMgr:DataCollectionService: stats => 1688462828985,122812,4245
07-04 11:27:09.106 11708 11816 I BatteryMgr:DataCollectionService: stats => 1688462829105,122812,4245
07-04 11:27:09.221 11708 11816 I BatteryMgr:DataCollectionService: stats => 1688462829221,104375,4245
07-04 11:27:09.330 11708 11816 I BatteryMgr:DataCollectionService: stats => 1688462829330,104375,4245
07-04 11:27:09.439 11708 11816 I BatteryMgr:DataCollectionService: stats => 1688462829439,104375,4245
07-04 11:27:09.549 11708 11816 I BatteryMgr:DataCollectionService: stats => 1688462829548,104375,4245
07-04 11:27:09.671 11708 11816 I BatteryMgr:DataCollectionService: stats => 1688462829671,239062,4245
07-04 11:27:09.794 11708 11816 I BatteryMgr:DataCollectionService: stats => 1688462829794,239062,4245
07-04 11:27:09.915 11708 11816 I BatteryMgr:DataCollectionService: stats => 1688462829915,120312,4245
07-04 11:27:10.040 11708 11816 I BatteryMgr:DataCollectionService: stats => 1688462830039,120312,4245
07-04 11:27:10.170 11708 11816 I BatteryMgr:DataCollectionService: stats => 1688462830170,120312,4245
07-04 11:27:10.286 11708 11816 I BatteryMgr:DataCollectionService: stats => 1688462830286,113750,4245
07-04 11:27:10.413 11708 11816 I BatteryMgr:DataCollectionService: stats => 1688462830413,113750,4245
07-04 11:27:10.527 11708 11816 I BatteryMgr:DataCollectionService: stats => 1688462830527,113750,4245
07-04 11:27:10.600  2164  2338 D ConnectivityService: NetReassign [no changes] [c 1] [a 1] [i 6]
07-04 11:27:10.643 11708 11816 I BatteryMgr:DataCollectionService: stats => 1688462830643,215312,4245
07-04 11:27:10.771 11708 11816 I BatteryMgr:DataCollectionService: stats => 1688462830771,215312,4245
07-04 11:27:10.884 11708 11816 I BatteryMgr:DataCollectionService: stats => 1688462830883,215312,4245
07-04 11:27:11.000 11708 11816 I BatteryMgr:DataCollectionService: stats => 1688462831000,105000,4245
07-04 11:27:11.125 11708 11816 I BatteryMgr:DataCollectionService: stats => 1688462831124,105000,4245
07-04 11:27:11.251 11708 11816 I BatteryMgr:DataCollectionService: stats => 1688462831251,105000,4245
07-04 11:27:11.373 11708 11816 I BatteryMgr:DataCollectionService: stats => 1688462831373,115937,4245
07-04 11:27:11.495 11708 11816 I BatteryMgr:DataCollectionService: stats => 1688462831495,115937,4245
07-04 11:27:11.608 11708 11816 I BatteryMgr:DataCollectionService: stats => 1688462831608,115937,4245
07-04 11:27:11.725 11708 11816 I BatteryMgr:DataCollectionService: stats => 1688462831725,184062,4245
07-04 11:27:11.852 11708 11816 I BatteryMgr:DataCollectionService: stats => 1688462831852,184062,4245
07-04 11:27:11.976 11708 11816 I BatteryMgr:DataCollectionService: stats => 1688462831976,184062,4245
07-04 11:27:12.090 11708 11816 I BatteryMgr:DataCollectionService: stats => 1688462832090,220937,4245
07-04 11:27:12.200 11708 11816 I BatteryMgr:DataCollectionService: stats => 1688462832200,220937,4245
07-04 11:27:12.273  2164  2239 W ProcessStats: Tracking association SourceState{c3a3072 system/1000 BTopFgs #7594} whose proc state 2 is better than process ProcessState{9b58cc3 com.google.android.gms.persistent/10125 pkg=com.google.android.gms} proc state 3 (26 skipped)
07-04 11:27:12.308 11708 11816 I BatteryMgr:DataCollectionService: stats => 1688462832308,220937,4245
07-04 11:27:12.435 11708 11816 I BatteryMgr:DataCollectionService: stats => 1688462832435,164687,4245
07-04 11:27:12.552 11708 11816 I BatteryMgr:DataCollectionService: stats => 1688462832552,164687,4245
07-04 11:27:12.668 11708 11816 I BatteryMgr:DataCollectionService: stats => 1688462832667,164687,4245
07-04 11:27:12.779 11708 11816 I BatteryMgr:DataCollectionService: stats => 1688462832779,189687,4245
07-04 11:27:12.892 11708 11816 I BatteryMgr:DataCollectionService: stats => 1688462832892,189687,4245
07-04 11:27:13.021 11708 11816 I BatteryMgr:DataCollectionService: stats => 1688462833021,189687,4245
07-04 11:27:13.146 11708 11816 I BatteryMgr:DataCollectionService: stats => 1688462833146,160000,4245
07-04 11:27:13.270 11708 11816 I BatteryMgr:DataCollectionService: stats => 1688462833270,160000,4245
07-04 11:27:13.396 11708 11816 I BatteryMgr:DataCollectionService: stats => 1688462833396,160000,4245
07-04 11:27:13.521 11708 11816 I BatteryMgr:DataCollectionService: stats => 1688462833520,113125,4245
07-04 11:27:13.628 11708 11816 I BatteryMgr:DataCollectionService: stats => 1688462833628,113125,4245
07-04 11:27:13.644  2164  2338 D ConnectivityService: NetReassign [no changes] [c 1] [a 0] [i 6]
07-04 11:27:13.741 11708 11816 I BatteryMgr:DataCollectionService: stats => 1688462833741,113125,4245
07-04 11:27:13.853 11708 11816 I BatteryMgr:DataCollectionService: stats => 1688462833853,181562,4245
07-04 11:27:13.969 11708 11816 I BatteryMgr:DataCollectionService: stats => 1688462833969,181562,4245
07-04 11:27:14.088 11708 11816 I BatteryMgr:DataCollectionService: stats => 1688462834088,181562,4245
07-04 11:27:14.205 11708 11816 I BatteryMgr:DataCollectionService: stats => 1688462834205,206562,4245
07-04 11:27:14.328 11708 11816 I BatteryMgr:DataCollectionService: stats => 1688462834328,206562,4245
07-04 11:27:14.442 11708 11816 I BatteryMgr:DataCollectionService: stats => 1688462834442,206562,4245
07-04 11:27:14.556 11708 11816 I BatteryMgr:DataCollectionService: stats => 1688462834555,241562,4245
07-04 11:27:14.665 11708 11816 I BatteryMgr:DataCollectionService: stats => 1688462834665,241562,4245
07-04 11:27:14.793 11708 11816 I BatteryMgr:DataCollectionService: stats => 1688462834793,241562,4245
07-04 11:27:14.918 11708 11816 I BatteryMgr:DataCollectionService: stats => 1688462834918,124375,4245
07-04 11:27:15.029 11708 11816 I BatteryMgr:DataCollectionService: stats => 1688462835029,124375,4245
07-04 11:27:15.145 11708 11816 I BatteryMgr:DataCollectionService: stats => 1688462835145,124375,4245
07-04 11:27:15.258 11708 11816 I BatteryMgr:DataCollectionService: stats => 1688462835258,207500,4245
07-04 11:27:15.372 11708 11816 I BatteryMgr:DataCollectionService: stats => 1688462835372,207500,4245
07-04 11:27:15.486 11708 11816 I BatteryMgr:DataCollectionService: stats => 1688462835485,207500,4245
07-04 11:27:15.611 11708 11816 I BatteryMgr:DataCollectionService: stats => 1688462835611,125625,4245
07-04 11:27:15.719 11708 11816 I BatteryMgr:DataCollectionService: stats => 1688462835719,125625,4245
07-04 11:27:15.836 11708 11816 I BatteryMgr:DataCollectionService: stats => 1688462835836,125625,4245
07-04 11:27:15.967 11708 11816 I BatteryMgr:DataCollectionService: stats => 1688462835967,116562,4245
07-04 11:27:16.081 11708 11816 I BatteryMgr:DataCollectionService: stats => 1688462836081,116562,4245
07-04 11:27:16.197 11708 11816 I BatteryMgr:DataCollectionService: stats => 1688462836196,116562,4245
07-04 11:27:16.305 11708 11816 I BatteryMgr:DataCollectionService: stats => 1688462836305,209062,4245
07-04 11:27:16.421 11708 11816 I BatteryMgr:DataCollectionService: stats => 1688462836420,209062,4245
07-04 11:27:16.551 11708 11816 I BatteryMgr:DataCollectionService: stats => 1688462836551,209062,4245
07-04 11:27:16.662 11708 11816 I BatteryMgr:DataCollectionService: stats => 1688462836661,127187,4245
07-04 11:27:16.684  2164  2338 D ConnectivityService: NetReassign [no changes] [c 1] [a 1] [i 5]
07-04 11:27:16.787 11708 11816 I BatteryMgr:DataCollectionService: stats => 1688462836787,127187,4245
07-04 11:27:16.913 11708 11816 I BatteryMgr:DataCollectionService: stats => 1688462836913,126875,4245
07-04 11:27:17.033 11708 11816 I BatteryMgr:DataCollectionService: stats => 1688462837033,126875,4245
07-04 11:27:17.156 11708 11816 I BatteryMgr:DataCollectionService: stats => 1688462837156,126875,4245
07-04 11:27:17.277 11708 11816 I BatteryMgr:DataCollectionService: stats => 1688462837276,164062,4245
07-04 11:27:17.389 11708 11816 I BatteryMgr:DataCollectionService: stats => 1688462837389,164062,4245
07-04 11:27:17.512 11708 11816 I BatteryMgr:DataCollectionService: stats => 1688462837512,164062,4245
07-04 11:27:17.625 11708 11816 I BatteryMgr:DataCollectionService: stats => 1688462837625,114375,4245
07-04 11:27:17.753 11708 11816 I BatteryMgr:DataCollectionService: stats => 1688462837752,114375,4245
07-04 11:27:17.876 11708 11816 I BatteryMgr:DataCollectionService: stats => 1688462837876,114375,4245
07-04 11:27:18.005 11708 11816 I BatteryMgr:DataCollectionService: stats => 1688462838005,105000,4245
07-04 11:27:18.124 11708 11816 I BatteryMgr:DataCollectionService: stats => 1688462838124,105000,4245
07-04 11:27:18.237 11708 11816 I BatteryMgr:DataCollectionService: stats => 1688462838237,105000,4245
07-04 11:27:18.350 11708 11816 I BatteryMgr:DataCollectionService: stats => 1688462838349,100937,4245
07-04 11:27:18.466 11708 11816 I BatteryMgr:DataCollectionService: stats => 1688462838466,100937,4245
07-04 11:27:18.581 11708 11816 I BatteryMgr:DataCollectionService: stats => 1688462838581,100937,4245
07-04 11:27:18.711 11708 11816 I BatteryMgr:DataCollectionService: stats => 1688462838711,103125,4245
07-04 11:27:18.824 11708 11816 I BatteryMgr:DataCollectionService: stats => 1688462838824,103125,4245
07-04 11:27:18.947 11708 11816 I BatteryMgr:DataCollectionService: stats => 1688462838947,103125,4245
07-04 11:27:19.065 11708 11816 I BatteryMgr:DataCollectionService: stats => 1688462839065,88750,4245
07-04 11:27:19.195 11708 11816 I BatteryMgr:DataCollectionService: stats => 1688462839194,88750,4245
07-04 11:27:19.317 11708 11816 I BatteryMgr:DataCollectionService: stats => 1688462839317,88750,4245
07-04 11:27:19.445 11708 11816 I BatteryMgr:DataCollectionService: stats => 1688462839445,182500,4245
07-04 11:27:19.558 11708 11816 I BatteryMgr:DataCollectionService: stats => 1688462839558,182500,4245
07-04 11:27:19.668 11708 11816 I BatteryMgr:DataCollectionService: stats => 1688462839667,182500,4245
07-04 11:27:19.708  2164  2338 D ConnectivityService: NetReassign [no changes] [c 1] [a 0] [i 6]
07-04 11:27:19.792 11708 11816 I BatteryMgr:DataCollectionService: stats => 1688462839792,154687,4245
07-04 11:27:19.920 11708 11816 I BatteryMgr:DataCollectionService: stats => 1688462839920,154687,4245
07-04 11:27:20.051 11708 11816 I BatteryMgr:DataCollectionService: stats => 1688462840051,154687,4245
07-04 11:27:20.174 11708 11816 I BatteryMgr:DataCollectionService: stats => 1688462840174,119062,4245
07-04 11:27:20.299 11708 11816 I BatteryMgr:DataCollectionService: stats => 1688462840298,119062,4245
07-04 11:27:20.426 11708 11816 I BatteryMgr:DataCollectionService: stats => 1688462840426,107187,4245
07-04 11:27:20.554 11708 11816 I BatteryMgr:DataCollectionService: stats => 1688462840553,107187,4245
07-04 11:27:20.670 11708 11816 I BatteryMgr:DataCollectionService: stats => 1688462840670,107187,4245
07-04 11:27:20.783 11708 11816 I BatteryMgr:DataCollectionService: stats => 1688462840783,156562,4245
07-04 11:27:20.910 11708 11816 I BatteryMgr:DataCollectionService: stats => 1688462840909,156562,4245
07-04 11:27:21.026 11708 11816 I BatteryMgr:DataCollectionService: stats => 1688462841026,156562,4245
07-04 11:27:21.143 11708 11816 I BatteryMgr:DataCollectionService: stats => 1688462841143,170937,4245
07-04 11:27:21.265 11708 11816 I BatteryMgr:DataCollectionService: stats => 1688462841265,170937,4245
07-04 11:27:21.395 11708 11816 I BatteryMgr:DataCollectionService: stats => 1688462841394,170937,4245
07-04 11:27:21.518 11708 11816 I BatteryMgr:DataCollectionService: stats => 1688462841518,94062,4245
07-04 11:27:21.638 11708 11816 I BatteryMgr:DataCollectionService: stats => 1688462841638,94062,4245
07-04 11:27:21.755 11708 11816 I BatteryMgr:DataCollectionService: stats => 1688462841755,94062,4245
07-04 11:27:21.865 11708 11816 I BatteryMgr:DataCollectionService: stats => 1688462841865,185625,4245
07-04 11:27:21.986 11708 11816 I BatteryMgr:DataCollectionService: stats => 1688462841985,185625,4245
07-04 11:27:22.108 11708 11816 I BatteryMgr:DataCollectionService: stats => 1688462842108,185625,4245
07-04 11:27:22.235 11708 11816 I BatteryMgr:DataCollectionService: stats => 1688462842235,94375,4245
07-04 11:27:22.358 11708 11816 I BatteryMgr:DataCollectionService: stats => 1688462842357,94375,4245
07-04 11:27:22.487 11708 11816 I BatteryMgr:DataCollectionService: stats => 1688462842487,94375,4245
07-04 11:27:22.618 11708 11816 I BatteryMgr:DataCollectionService: stats => 1688462842617,97812,4245
07-04 11:27:22.727 11708 11816 I BatteryMgr:DataCollectionService: stats => 1688462842727,97812,4245
07-04 11:27:22.750  2164  2338 D ConnectivityService: NetReassign [no changes] [c 1] [a 1] [i 5]
07-04 11:27:22.835 11708 11816 I BatteryMgr:DataCollectionService: stats => 1688462842835,97812,4245
07-04 11:27:22.943 11708 11816 I BatteryMgr:DataCollectionService: stats => 1688462842943,162812,4245
07-04 11:27:23.056 11708 11816 I BatteryMgr:DataCollectionService: stats => 1688462843056,162812,4245
07-04 11:27:23.175 11708 11816 I BatteryMgr:DataCollectionService: stats => 1688462843175,162812,4245
07-04 11:27:23.299 11708 11816 I BatteryMgr:DataCollectionService: stats => 1688462843299,94375,4245
07-04 11:27:23.422 11708 11816 I BatteryMgr:DataCollectionService: stats => 1688462843421,94375,4245
07-04 11:27:23.553 11708 11816 I BatteryMgr:DataCollectionService: stats => 1688462843553,94375,4245
07-04 11:27:23.680 11708 11816 I BatteryMgr:DataCollectionService: stats => 1688462843679,107812,4245
07-04 11:27:23.797 11708 11816 I BatteryMgr:DataCollectionService: stats => 1688462843797,107812,4245
07-04 11:27:23.925 11708 11816 I BatteryMgr:DataCollectionService: stats => 1688462843924,92187,4245
07-04 11:27:24.042 11708 11816 I BatteryMgr:DataCollectionService: stats => 1688462844042,92187,4245
07-04 11:27:24.156 11708 11816 I BatteryMgr:DataCollectionService: stats => 1688462844156,92187,4245
07-04 11:27:24.266 11708 11816 I BatteryMgr:DataCollectionService: stats => 1688462844266,92187,4245
07-04 11:27:24.396 11708 11816 I BatteryMgr:DataCollectionService: stats => 1688462844396,189687,4245
07-04 11:27:24.520 11708 11816 I BatteryMgr:DataCollectionService: stats => 1688462844520,189687,4245
07-04 11:27:24.645 11708 11816 I BatteryMgr:DataCollectionService: stats => 1688462844644,132812,4245
07-04 11:27:24.768 11708 11816 I BatteryMgr:DataCollectionService: stats => 1688462844768,132812,4245
07-04 11:27:24.892 11708 11816 I BatteryMgr:DataCollectionService: stats => 1688462844892,132812,4245
07-04 11:27:25.008 11708 11816 I BatteryMgr:DataCollectionService: stats => 1688462845007,140000,4245
07-04 11:27:25.122 11708 11816 I BatteryMgr:DataCollectionService: stats => 1688462845122,140000,4245
07-04 11:27:25.238 11708 11816 I BatteryMgr:DataCollectionService: stats => 1688462845238,140000,4245
07-04 11:27:25.353 11708 11816 I BatteryMgr:DataCollectionService: stats => 1688462845353,183437,4245
07-04 11:27:25.477 11708 11816 I BatteryMgr:DataCollectionService: stats => 1688462845477,183437,4245
07-04 11:27:25.595 11708 11816 I BatteryMgr:DataCollectionService: stats => 1688462845595,183437,4245
07-04 11:27:25.707 11708 11816 I BatteryMgr:DataCollectionService: stats => 1688462845707,90312,4245
07-04 11:27:25.776  2164  2338 D ConnectivityService: NetReassign [no changes] [c 1] [a 1] [i 5]
07-04 11:27:25.821 11708 11816 I BatteryMgr:DataCollectionService: stats => 1688462845820,90312,4245
07-04 11:27:25.937 11708 11816 I BatteryMgr:DataCollectionService: stats => 1688462845937,90312,4245
07-04 11:27:26.062 11708 11816 I BatteryMgr:DataCollectionService: stats => 1688462846062,128437,4245
07-04 11:27:26.186 11708 11816 I BatteryMgr:DataCollectionService: stats => 1688462846186,128437,4245
07-04 11:27:26.302 11708 11816 I BatteryMgr:DataCollectionService: stats => 1688462846301,128437,4245
07-04 11:27:26.415 11708 11816 I BatteryMgr:DataCollectionService: stats => 1688462846415,173437,4245
07-04 11:27:26.538 11708 11816 I BatteryMgr:DataCollectionService: stats => 1688462846538,173437,4245
07-04 11:27:26.669 11708 11816 I BatteryMgr:DataCollectionService: stats => 1688462846669,173437,4245
07-04 11:27:26.784 11708 11816 I BatteryMgr:DataCollectionService: stats => 1688462846784,90000,4245
07-04 11:27:26.912 11708 11816 I BatteryMgr:DataCollectionService: stats => 1688462846912,90000,4245
07-04 11:27:27.032 11708 11816 I BatteryMgr:DataCollectionService: stats => 1688462847032,90000,4245
07-04 11:27:27.146 11708 11816 I BatteryMgr:DataCollectionService: stats => 1688462847145,100625,4245
07-04 11:27:27.270 11708 11816 I BatteryMgr:DataCollectionService: stats => 1688462847269,100625,4245
07-04 11:27:27.387 11708 11816 I BatteryMgr:DataCollectionService: stats => 1688462847387,100625,4245
07-04 11:27:27.508 11708 11816 I BatteryMgr:DataCollectionService: stats => 1688462847508,183437,4245
07-04 11:27:27.632 11708 11816 I BatteryMgr:DataCollectionService: stats => 1688462847632,183437,4245
07-04 11:27:27.751 11708 11816 I BatteryMgr:DataCollectionService: stats => 1688462847751,183437,4245
07-04 11:27:27.859 11708 11816 I BatteryMgr:DataCollectionService: stats => 1688462847859,153437,4245
07-04 11:27:27.974 11708 11816 I BatteryMgr:DataCollectionService: stats => 1688462847973,153437,4245
07-04 11:27:28.083 11708 11816 I BatteryMgr:DataCollectionService: stats => 1688462848082,153437,4245
07-04 11:27:28.199 11708 11816 I BatteryMgr:DataCollectionService: stats => 1688462848199,219687,4245
07-04 11:27:28.330 11708 11816 I BatteryMgr:DataCollectionService: stats => 1688462848329,219687,4245
07-04 11:27:28.457 11708 11816 I BatteryMgr:DataCollectionService: stats => 1688462848457,219687,4245
07-04 11:27:28.573 11708 11816 I BatteryMgr:DataCollectionService: stats => 1688462848573,151875,4245
07-04 11:27:28.682 11708 11816 I BatteryMgr:DataCollectionService: stats => 1688462848682,151875,4245
07-04 11:27:28.795 11708 11816 I BatteryMgr:DataCollectionService: stats => 1688462848795,151875,4245
07-04 11:27:28.819  2164  2338 D ConnectivityService: NetReassign [no changes] [c 1] [a 0] [i 6]
07-04 11:27:28.919 11708 11816 I BatteryMgr:DataCollectionService: stats => 1688462848918,175312,4245
07-04 11:27:29.047 11708 11816 I BatteryMgr:DataCollectionService: stats => 1688462849046,175312,4245
07-04 11:27:29.177 11708 11816 I BatteryMgr:DataCollectionService: stats => 1688462849176,175312,4245
07-04 11:27:29.286 11708 11816 I BatteryMgr:DataCollectionService: stats => 1688462849286,119062,4245
07-04 11:27:29.398 11708 11816 I BatteryMgr:DataCollectionService: stats => 1688462849398,119062,4245
07-04 11:27:29.526 11708 11816 I BatteryMgr:DataCollectionService: stats => 1688462849526,83437,4245
07-04 11:27:29.640 11708 11816 I BatteryMgr:DataCollectionService: stats => 1688462849640,83437,4245
07-04 11:27:29.757 11708 11816 I BatteryMgr:DataCollectionService: stats => 1688462849757,83437,4245
07-04 11:27:29.881 11708 11816 I BatteryMgr:DataCollectionService: stats => 1688462849880,83437,4245
07-04 11:27:30.004 11708 11816 I BatteryMgr:DataCollectionService: stats => 1688462850004,113437,4245
07-04 11:27:30.123 11708 11816 I BatteryMgr:DataCollectionService: stats => 1688462850123,113437,4245
07-04 11:27:30.249 11708 11816 I BatteryMgr:DataCollectionService: stats => 1688462850249,107500,4245
07-04 11:27:30.373 11708 11816 I BatteryMgr:DataCollectionService: stats => 1688462850373,107500,4245
07-04 11:27:30.500 11708 11816 I BatteryMgr:DataCollectionService: stats => 1688462850500,107500,4245
07-04 11:27:30.621 11708 11816 I BatteryMgr:DataCollectionService: stats => 1688462850620,96250,4245
07-04 11:27:30.737 11708 11816 I BatteryMgr:DataCollectionService: stats => 1688462850737,96250,4245
07-04 11:27:30.850 11708 11816 I BatteryMgr:DataCollectionService: stats => 1688462850850,96250,4245
07-04 11:27:30.968 11708 11816 I BatteryMgr:DataCollectionService: stats => 1688462850968,306875,4245
07-04 11:27:31.090 11708 11816 I BatteryMgr:DataCollectionService: stats => 1688462851090,306875,4245
07-04 11:27:31.211 11708 11816 I BatteryMgr:DataCollectionService: stats => 1688462851211,306875,4245
07-04 11:27:31.330 11708 11816 I BatteryMgr:DataCollectionService: stats => 1688462851329,321875,4245
07-04 11:27:31.453 11708 11816 I BatteryMgr:DataCollectionService: stats => 1688462851452,321875,4245
07-04 11:27:31.579 11708 11816 I BatteryMgr:DataCollectionService: stats => 1688462851579,321875,4245
07-04 11:27:31.700 11708 11816 I BatteryMgr:DataCollectionService: stats => 1688462851700,105625,4245
07-04 11:27:31.821 11708 11816 I BatteryMgr:DataCollectionService: stats => 1688462851821,105625,4245
07-04 11:27:31.854  2164  2338 D ConnectivityService: NetReassign [no changes] [c 1] [a 0] [i 6]
07-04 11:27:31.935 11708 11816 I BatteryMgr:DataCollectionService: stats => 1688462851935,105625,4245
07-04 11:27:32.047 11708 11816 I BatteryMgr:DataCollectionService: stats => 1688462852047,187812,4245
07-04 11:27:32.161 11708 11816 I BatteryMgr:DataCollectionService: stats => 1688462852161,187812,4245
07-04 11:27:32.276 11708 11816 I BatteryMgr:DataCollectionService: stats => 1688462852276,187812,4245
07-04 11:27:32.404 11708 11816 I BatteryMgr:DataCollectionService: stats => 1688462852403,100625,4245
07-04 11:27:32.525 11708 11816 I BatteryMgr:DataCollectionService: stats => 1688462852525,100625,4245
07-04 11:27:32.640 11708 11816 I BatteryMgr:DataCollectionService: stats => 1688462852640,100625,4245
07-04 11:27:32.752 11708 11816 I BatteryMgr:DataCollectionService: stats => 1688462852752,168437,4245
07-04 11:27:32.861 11708 11816 I BatteryMgr:DataCollectionService: stats => 1688462852861,168437,4245
07-04 11:27:32.970 11708 11816 I BatteryMgr:DataCollectionService: stats => 1688462852970,168437,4245
07-04 11:27:33.082 11708 11816 I BatteryMgr:DataCollectionService: stats => 1688462853081,179062,4245
07-04 11:27:33.195 11708 11816 I BatteryMgr:DataCollectionService: stats => 1688462853195,179062,4245
07-04 11:27:33.305 11708 11816 I BatteryMgr:DataCollectionService: stats => 1688462853305,179062,4245
07-04 11:27:33.435 11708 11816 I BatteryMgr:DataCollectionService: stats => 1688462853435,140937,4245
07-04 11:27:33.563 11708 11816 I BatteryMgr:DataCollectionService: stats => 1688462853563,140937,4245
07-04 11:27:33.689 11708 11816 I BatteryMgr:DataCollectionService: stats => 1688462853689,140937,4245
07-04 11:27:33.820 11708 11816 I BatteryMgr:DataCollectionService: stats => 1688462853820,123750,4245
07-04 11:27:33.951 11708 11816 I BatteryMgr:DataCollectionService: stats => 1688462853951,123750,4245
07-04 11:27:34.084 11708 11816 I BatteryMgr:DataCollectionService: stats => 1688462854083,123750,4245
07-04 11:27:34.193 11708 11816 I BatteryMgr:DataCollectionService: stats => 1688462854193,116250,4245
07-04 11:27:34.302 11708 11816 I BatteryMgr:DataCollectionService: stats => 1688462854302,116250,4245
07-04 11:27:34.421 11708 11816 I BatteryMgr:DataCollectionService: stats => 1688462854421,116250,4245
07-04 11:27:34.534 11708 11816 I BatteryMgr:DataCollectionService: stats => 1688462854534,180937,4245
07-04 11:27:34.657 11708 11816 I BatteryMgr:DataCollectionService: stats => 1688462854657,180937,4245
07-04 11:27:34.788 11708 11816 I BatteryMgr:DataCollectionService: stats => 1688462854788,110000,4245
07-04 11:27:34.896 11708 11816 I BatteryMgr:DataCollectionService: stats => 1688462854896,110000,4245
07-04 11:27:34.897  2164  2338 D ConnectivityService: NetReassign [no changes] [c 1] [a 0] [i 6]
07-04 11:27:35.022 11708 11816 I BatteryMgr:DataCollectionService: stats => 1688462855022,110000,4245
07-04 11:27:35.149 11708 11816 I BatteryMgr:DataCollectionService: stats => 1688462855149,113125,4245
07-04 11:27:35.275 11708 11816 I BatteryMgr:DataCollectionService: stats => 1688462855275,113125,4245
07-04 11:27:35.398 11708 11816 I BatteryMgr:DataCollectionService: stats => 1688462855398,113125,4245
07-04 11:27:35.517 11708 11816 I BatteryMgr:DataCollectionService: stats => 1688462855516,189375,4245
07-04 11:27:35.629 11708 11816 I BatteryMgr:DataCollectionService: stats => 1688462855629,189375,4245
07-04 11:27:35.746 11708 11816 I BatteryMgr:DataCollectionService: stats => 1688462855746,189375,4245
07-04 11:27:35.863 11708 11816 I BatteryMgr:DataCollectionService: stats => 1688462855863,111250,4245
07-04 11:27:35.990 11708 11816 I BatteryMgr:DataCollectionService: stats => 1688462855989,111250,4245
07-04 11:27:36.115 11708 11816 I BatteryMgr:DataCollectionService: stats => 1688462856115,111250,4245
07-04 11:27:36.229 11708 11816 I BatteryMgr:DataCollectionService: stats => 1688462856229,186250,4245
07-04 11:27:36.342 11708 11816 I BatteryMgr:DataCollectionService: stats => 1688462856342,186250,4245
07-04 11:27:36.471 11708 11816 I BatteryMgr:DataCollectionService: stats => 1688462856470,186250,4245
07-04 11:27:36.592 11708 11816 I BatteryMgr:DataCollectionService: stats => 1688462856592,103437,4245
07-04 11:27:36.712 11708 11816 I BatteryMgr:DataCollectionService: stats => 1688462856712,103437,4245
07-04 11:27:36.835 11708 11816 I BatteryMgr:DataCollectionService: stats => 1688462856835,103437,4245
07-04 11:27:36.967 11708 11816 I BatteryMgr:DataCollectionService: stats => 1688462856966,315937,4245
07-04 11:27:37.095 11708 11816 I BatteryMgr:DataCollectionService: stats => 1688462857095,315937,4245
07-04 11:27:37.222 11708 11816 I BatteryMgr:DataCollectionService: stats => 1688462857222,315937,4245
07-04 11:27:37.336 11708 11816 I BatteryMgr:DataCollectionService: stats => 1688462857336,130000,4245
07-04 11:27:37.375  1133  1202 I CHRE    : @ 772.055: [ImuCal] [NanoSensorCal:GYRO_RPS] Offset | Temperature [C]: -0.002331, 0.000588, -0.000808 | 29.79
07-04 11:27:37.375  1133  1202 I CHRE    : @ 772.055: [ImuCal] [NanoSensorCal:GYRO_RPS] Temp Sensitivity: 0.000034, -0.000014, 0.000028
07-04 11:27:37.375  1133  1202 I CHRE    : @ 772.055: [ImuCal] [NanoSensorCal:GYRO_RPS] Temp Intercept: -0.003388, 0.000940, -0.001646
07-04 11:27:37.442 11708 11816 I BatteryMgr:DataCollectionService: stats => 1688462857442,130000,4245
07-04 11:27:37.562 11708 11816 I BatteryMgr:DataCollectionService: stats => 1688462857562,130000,4245
07-04 11:27:37.682 11708 11816 I BatteryMgr:DataCollectionService: stats => 1688462857682,180937,4245
07-04 11:27:37.798 11708 11816 I BatteryMgr:DataCollectionService: stats => 1688462857798,180937,4245
07-04 11:27:37.907 11708 11816 I BatteryMgr:DataCollectionService: stats => 1688462857906,180937,4245
07-04 11:27:37.920  2164  2338 D ConnectivityService: NetReassign [no changes] [c 1] [a 0] [i 6]
07-04 11:27:38.032 11708 11816 I BatteryMgr:DataCollectionService: stats => 1688462858032,228750,4245
07-04 11:27:38.152 11708 11816 I BatteryMgr:DataCollectionService: stats => 1688462858152,228750,4245
07-04 11:27:38.275 11708 11816 I BatteryMgr:DataCollectionService: stats => 1688462858275,228750,4245
07-04 11:27:38.392 11708 11816 I BatteryMgr:DataCollectionService: stats => 1688462858392,114062,4245
07-04 11:27:38.501 11708 11816 I BatteryMgr:DataCollectionService: stats => 1688462858501,114062,4245
07-04 11:27:38.623 11708 11816 I BatteryMgr:DataCollectionService: stats => 1688462858622,114062,4245
07-04 11:27:38.739 11708 11816 I BatteryMgr:DataCollectionService: stats => 1688462858739,179375,4245
07-04 11:27:38.849 11708 11816 I BatteryMgr:DataCollectionService: stats => 1688462858849,179375,4245
07-04 11:27:38.966 11708 11816 I BatteryMgr:DataCollectionService: stats => 1688462858965,179375,4245
07-04 11:27:39.092 11708 11816 I BatteryMgr:DataCollectionService: stats => 1688462859091,198437,4245
07-04 11:27:39.207 11708 11816 I BatteryMgr:DataCollectionService: stats => 1688462859207,198437,4245
07-04 11:27:39.331 11708 11816 I BatteryMgr:DataCollectionService: stats => 1688462859331,104375,4245
07-04 11:27:39.452 11708 11816 I BatteryMgr:DataCollectionService: stats => 1688462859452,104375,4245
07-04 11:27:39.570 11708 11816 I BatteryMgr:DataCollectionService: stats => 1688462859569,104375,4245
07-04 11:27:39.695 11708 11816 I BatteryMgr:DataCollectionService: stats => 1688462859695,104375,4245
07-04 11:27:39.821 11708 11816 I BatteryMgr:DataCollectionService: stats => 1688462859821,104375,4245
07-04 11:27:39.930 11708 11816 I BatteryMgr:DataCollectionService: stats => 1688462859930,104375,4245
07-04 11:27:40.044 11708 11816 I BatteryMgr:DataCollectionService: stats => 1688462860044,184062,4245
07-04 11:27:40.153 11708 11816 I BatteryMgr:DataCollectionService: stats => 1688462860153,184062,4245
07-04 11:27:40.276 11708 11816 I BatteryMgr:DataCollectionService: stats => 1688462860276,184062,4245
07-04 11:27:40.382 11708 11816 I BatteryMgr:DataCollectionService: stats => 1688462860382,236562,4245
07-04 11:27:40.489 11708 11816 I BatteryMgr:DataCollectionService: stats => 1688462860488,236562,4245
07-04 11:27:40.568 11833 11833 D ProcessState: Binder ioctl to enable oneway spam detection failed: Invalid argument
07-04 11:27:40.577  2164  2239 W ProcessStats: Tracking association SourceState{c3a3072 system/1000 BTopFgs #7597} whose proc state 2 is better than process ProcessState{9b58cc3 com.google.android.gms.persistent/10125 pkg=com.google.android.gms} proc state 3 (5 skipped)
07-04 11:27:40.669 11838 11838 D ProcessState: Binder ioctl to enable oneway spam detection failed: Invalid argument
07-04 11:27:40.938  2164  2338 D ConnectivityService: NetReassign [no changes] [c 0] [a 1] [i 4]
07-04 11:27:40.979 11849 11849 D ProcessState: Binder ioctl to enable oneway spam detection failed: Invalid argument
07-04 11:27:40.984  2164  2834 I ActivityManager: Force stopping e.www.cpufactorialtest appid=10220 user=0: from pid 11849
07-04 11:27:40.986  2164  2834 I ActivityManager: Killing 11764:e.www.cpufactorialtest/u0a220 (adj 0): stop e.www.cpufactorialtest due to from pid 11849
07-04 11:27:40.990  2164  2834 W ActivityTaskManager: Force removing ActivityRecord{627864 u0 e.www.cpufactorialtest/.MainActivity t16 f}}: app died, no saved state
07-04 11:27:41.000  2164  2834 W InputManager-JNI: Input channel object 'fecaf2e e.www.cpufactorialtest/e.www.cpufactorialtest.MainActivity (client)' was disposed without first being removed with the input manager!
07-04 11:27:41.012  1085  1085 I Zygote  : Process 11764 exited due to signal 9 (Killed)
07-04 11:27:41.017   737   737 E BpTransactionCompletedListener: Failed to transact (-32)
07-04 11:27:41.022  2164  2834 D CompatibilityChangeReporter: Compat change id reported: 181136395; UID 10232; state: DISABLED
07-04 11:27:41.022  2164  2834 D CompatibilityChangeReporter: Compat change id reported: 174042936; UID 10232; state: DISABLED
07-04 11:27:41.026  2164  2834 W ActivityTaskManager: Can't find TaskDisplayArea to determine support for multi window. Task id=16 attached=false
07-04 11:27:41.026  2164  2834 W ActivityTaskManager: Can't find TaskDisplayArea to determine support for multi window. Task id=16 attached=false
07-04 11:27:41.031  2164  2258 I libprocessgroup: Successfully killed process cgroup uid 10220 pid 11764 in 43ms
07-04 11:27:41.047  2164  2290 V ActivityManager: Got obituary of 11764:e.www.cpufactorialtest
07-04 11:27:41.047  2700  2700 E PhoneInterfaceManager: [PhoneIntfMgr] getCarrierPackageNamesForIntentAndPhone: No UICC
07-04 11:27:41.047  2700  2700 D CarrierSvcBindHelper: No carrier app for: 0
07-04 11:27:41.047  2164  2248 W ActivityManager: setHasOverlayUi called on unknown pid: 11764
07-04 11:27:41.055  3814  3814 D RegisteredNfcFServicesCache: Service unchanged, not updating
07-04 11:27:41.055  2928  2928 I EuiccGoogle: [2] EuiccServiceImpl.onCreate: onCreate Single-SIM mode: simCardState is 1
07-04 11:27:41.059  2928 11855 I EuiccGoogle: [136] EuiccServiceImpl.onGetEuiccProfileInfoList: onGetEuiccProfileInfoList: slotId = -1
07-04 11:27:41.062  2928 11855 W EuiccGoogle: [136] EuiccServiceImpl.onGetEuiccProfileInfoList: slotId=-1. No eUICC is active. Return null.
07-04 11:27:41.092  2570  2911 W OpenGLRenderer: Surface doesn't have any previously queued frames, nothing to readback from
07-04 11:27:41.097 11708 11729 I OpenGLRenderer: Davey! duration=65858ms; Flags=1, FrameTimelineVsyncId=55740, IntendedVsync=707769001463, Vsync=707785668129, InputEventId=0, HandleInputStart=707796468736, AnimationStart=707796473475, PerformTraversalsStart=707796689725, DrawStart=707897759631, FrameDeadline=707802334795, FrameInterval=707796445298, FrameStartTime=16666666, SyncQueued=707903559163, SyncStart=707903657288, IssueDrawCommandsStart=707904721976, SwapBuffers=707912715726, FrameCompleted=773627577950, DequeueBufferDuration=2640000, QueueBufferDuration=549063, GpuCompleted=773627577950, SwapBuffersCompleted=707913846976, DisplayPresentTime=0, 
07-04 11:27:41.101  2570  2570 I WallpaperService: engine resumed
07-04 11:27:41.114  3678  3678 I GoogleInputMethodService: GoogleInputMethodService.onFinishInput():3306 
07-04 11:27:41.116  3678  3678 I GoogleInputMethodService: GoogleInputMethodService.updateDeviceLockedStatus():2127 repeatCheckTimes = 0, locked = false
07-04 11:27:41.116  3678  3678 I GoogleInputMethodService: GoogleInputMethodService.onStartInput():1909 onStartInput(EditorInfo{inputType=0x0(NULL) imeOptions=0x0 privateImeOptions=null actionName=UNSPECIFIED actionLabel=null actionId=0 initialSelStart=-1 initialSelEnd=-1 initialCapsMode=0x0 hintText=null label=null packageName=com.example.batterymanager_utility fieldId=-1 fieldName=null extras=null hintLocales=[]}, false)
07-04 11:27:41.116  3678  3678 I GoogleInputMethodService: GoogleInputMethodService.shouldHideHeaderOnInitialState():1990 ShouldHideHeaderOnInitialState = false
07-04 11:27:41.116  3678  3678 I GoogleInputMethodService: GoogleInputMethodService.updateDeviceLockedStatus():2127 repeatCheckTimes = 1, locked = false
07-04 11:27:41.686  2570  2570 I WallpaperService: engine paused
07-04 11:27:43.977  2164  2338 D ConnectivityService: NetReassign [no changes] [c 1] [a 1] [i 5]
07-04 11:27:44.366 11863 11863 D ProcessState: Binder ioctl to enable oneway spam detection failed: Invalid argument
07-04 11:27:44.372  2164  2834 I ActivityManager: Force stopping com.example.batterymanager_utility appid=10232 user=0: from pid 11863
07-04 11:27:44.374  2164  2834 I ActivityManager: Killing 11708:com.example.batterymanager_utility/u0a232 (adj 0): stop com.example.batterymanager_utility due to from pid 11863
07-04 11:27:44.378  2164  2834 W ActivityTaskManager: Force removing ActivityRecord{5da1cdf u0 com.example.batterymanager_utility/.MainActivity t15 f}}: app died, no saved state
07-04 11:27:44.388  2164  2834 W InputManager-JNI: Input channel object '4a260ea com.example.batterymanager_utility/com.example.batterymanager_utility.MainActivity (client)' was disposed without first being removed with the input manager!
07-04 11:27:44.401  1085  1085 I Zygote  : Process 11708 exited due to signal 9 (Killed)
07-04 11:27:44.409  2164  2258 I libprocessgroup: Successfully killed process cgroup uid 10232 pid 11708 in 32ms
07-04 11:27:44.410  2164  2834 W ActivityTaskManager: Can't find TaskDisplayArea to determine support for multi window. Task id=15 attached=false
07-04 11:27:44.410  2164  2834 W ActivityTaskManager: Can't find TaskDisplayArea to determine support for multi window. Task id=15 attached=false
07-04 11:27:44.413   737   737 E BpTransactionCompletedListener: Failed to transact (-32)
07-04 11:27:44.418  2164  2239 V ActivityManager: Got obituary of 11708:com.example.batterymanager_utility
07-04 11:27:44.418  2164  2248 W ActivityManager: setHasOverlayUi called on unknown pid: 11708
07-04 11:27:44.418  2700  2700 E PhoneInterfaceManager: [PhoneIntfMgr] getCarrierPackageNamesForIntentAndPhone: No UICC
07-04 11:27:44.419  2700  2700 D CarrierSvcBindHelper: No carrier app for: 0
07-04 11:27:44.423  3814  3814 D RegisteredNfcFServicesCache: Service unchanged, not updating
07-04 11:27:44.430  4096  4096 I A       : (REDACTED) onApplyWindowInsets: systemWindowInsets=%s
07-04 11:27:44.430  4096  4096 I A       : (REDACTED) onApplyWindowInsets: systemWindowInsets=%s
07-04 11:27:44.440  4096  4096 I A       : onStart
07-04 11:27:44.442  4096  4124 I OpenGLRenderer: Davey! duration=685610ms; Flags=1, FrameTimelineVsyncId=7718, IntendedVsync=91373352552, Vsync=91373352552, InputEventId=1616720551, HandleInputStart=91373665193, AnimationStart=91373666131, PerformTraversalsStart=91373666547, DrawStart=91419558583, FrameDeadline=91427352550, FrameInterval=91373661808, FrameStartTime=16666666, SyncQueued=91422436500, SyncStart=91422527854, IssueDrawCommandsStart=91422662125, SwapBuffers=91423195250, FrameCompleted=776984098232, DequeueBufferDuration=14531, QueueBufferDuration=678333, GpuCompleted=776984098232, SwapBuffersCompleted=91424219521, DisplayPresentTime=1396292356426190456, 
07-04 11:27:44.445  4096  4096 I A       : onResume
07-04 11:27:44.449  3724  3724 I GsaVoiceInteractionSrv: Handling ACTION_START_HOTWORD
07-04 11:27:44.449  3724  4506 I GsaVoiceInteractionSrv: (REDACTED) disregardHotwordSetting: %b
07-04 11:27:44.449  3724  4506 I GsaVoiceInteractionSrv: Cannot start hotword, hotword has been explicitly disabled.
07-04 11:27:44.465  2570  2570 I WallpaperService: engine resumed
07-04 11:27:44.475  3655  3912 I AiAiEcho: Predicting[7]: { Feature:1, creation:2023-07-04T09:16:23.032Z, expiry:2023-07-04T10:00:00Z, isExpired: false}, { Feature:1, creation:2023-07-04T10:00:00Z, expiry:2023-07-04T11:00:00Z, isExpired: true}, { Feature:1, creation:2023-07-04T11:00:00Z, expiry:2023-07-04T12:00:00Z, isExpired: true}, { Feature:1, creation:2023-07-04T12:00:00Z, expiry:2023-07-04T13:00:00Z, isExpired: true}, { Feature:1, creation:2023-07-04T13:00:00Z, expiry:2023-07-04T14:00:00Z, isExpired: true}, { Feature:1, creation:2023-07-04T14:00:00Z, expiry:2023-07-04T15:00:00Z, isExpired: true}, { Feature:1, creation:2023-07-04T15:00:00Z, expiry:2023-07-04T15:16:23.032Z, isExpired: true}
07-04 11:27:44.476  3655  3912 I AiAiEcho: EchoTargets: Feature:1
07-04 11:27:44.476  3655  3912 I AiAiEcho: Filtered by AiAi flag check: 
07-04 11:27:44.478  3655  3912 I AiAiEcho: Ranked targets strategy: WEIGHTED, count: 1, ranking metadata: { cardId: WEATHER-569377242, card type: 1, update time: 2023-07-04T09:16:23.032Z, expiration time: 2023-07-04T10:00:00Z, ranking metadata: RankingMetaData(urgency=0.968, priority=0.3, recency=1.0, rankScore=0.2904, importantTimePoints=# kwj@7bca4) }
07-04 11:27:44.479  3678  3678 I GoogleInputMethodService: GoogleInputMethodService.onFinishInput():3306 
07-04 11:27:44.481  3678  3678 I GoogleInputMethodService: GoogleInputMethodService.updateDeviceLockedStatus():2127 repeatCheckTimes = 0, locked = false
07-04 11:27:44.481  3678  3678 I GoogleInputMethodService: GoogleInputMethodService.onStartInput():1909 onStartInput(EditorInfo{inputType=0x0(NULL) imeOptions=0x0 privateImeOptions=null actionName=UNSPECIFIED actionLabel=null actionId=0 initialSelStart=-1 initialSelEnd=-1 initialCapsMode=0x0 hintText=null label=null packageName=com.google.android.apps.nexuslauncher fieldId=-1 fieldName=null extras=null hintLocales=[]}, false)
07-04 11:27:44.481  3678  3678 I GoogleInputMethodService: GoogleInputMethodService.shouldHideHeaderOnInitialState():1990 ShouldHideHeaderOnInitialState = false
07-04 11:27:44.483  3678  3678 I GoogleInputMethodService: GoogleInputMethodService.updateDeviceLockedStatus():2127 repeatCheckTimes = 1, locked = false
07-04 11:27:44.483  3655  3912 I AiAiEcho: #postPredictionTargets: Sending updates to UISurface home with targets# 1 (types=[1])
07-04 11:27:44.491  2843  2843 W BcSmartspaceCard: No title view to update
07-04 11:27:46.998  2164  2338 D ConnectivityService: NetReassign [no changes] [c 1] [a 0] [i 6]
07-04 11:27:49.782  3701  4223 W MediaProvider: isAppCloneUserPair failed. Users: 0 and 0
07-04 11:27:49.782  3701  4223 W MediaProvider: isAppCloneUserPair for user 0: false
