--------- beginning of main
07-03 13:47:20.745   560   560 E SELinux : avc:  denied  { find } for interface=vendor.qti.hardware.servicetracker::IServicetracker sid=u:r:system_server:s0 pid=1272 scontext=u:r:system_server:s0 tcontext=u:object_r:default_android_hwservice:s0 tclass=hwservice_manager permissive=0
07-03 13:47:20.748 25847 26051 I Finsky  : [5942] jmc.a(5): AIM: AppInfoManager-Perf > OnDeviceAppInfo > cacheHitCount=0, cacheMissCount=1. Missed  in cache (limit 10) : [com.example.batterymanager_utility]
07-03 13:47:20.749 25847 26051 I Finsky  : [5942] jmc.a(5): AIM: AppInfoManager-Perf > OnDeviceAppInfo > cacheHitCount=1, cacheMissCount=0. Missed  in cache (limit 10) : []
07-03 13:47:20.749 25847 26051 I Finsky  : [5942] jjt.apply(106): AIM: Got app ownership map. App counts: . Unique apps: 0
07-03 13:47:20.749 25847 26051 I Finsky  : [5942] jjt.apply(106): AIM: Got app ownership map. App counts: . Unique apps: 0
--------- beginning of system
07-03 13:47:20.754  1272  1354 W BroadcastQueue: Background execution not allowed: receiving Intent { act=android.intent.action.PACKAGE_REMOVED dat=package:com.example.batterymanager_utility flg=0x4000010 (has extras) } to com.google.android.gms/.games.chimera.GamesSystemBroadcastReceiverProxy
07-03 13:47:20.754  1272  1354 W BroadcastQueue: Background execution not allowed: receiving Intent { act=android.intent.action.PACKAGE_REMOVED dat=package:com.example.batterymanager_utility flg=0x4000010 (has extras) } to com.google.android.gms/.chimera.GmsIntentOperationService$PersistentTrustedReceiver
07-03 13:47:20.754  1272  1354 W BroadcastQueue: Background execution not allowed: receiving Intent { act=android.intent.action.PACKAGE_REMOVED dat=package:com.example.batterymanager_utility flg=0x4000010 (has extras) } to com.google.android.googlequicksearchbox/com.google.android.apps.gsa.googlequicksearchbox.GelStubAppWatcher
07-03 13:47:20.755  1272  1354 W BroadcastQueue: Background execution not allowed: receiving Intent { act=android.intent.action.PACKAGE_REMOVED dat=package:com.example.batterymanager_utility flg=0x4000010 (has extras) } to com.google.android.videos/com.google.android.libraries.social.peoplekit.thirdparty.viewcontrollers.ThirdPartyReceiver
07-03 13:47:20.755  1272  1354 W BroadcastQueue: Background execution not allowed: receiving Intent { act=android.intent.action.PACKAGE_ADDED dat=package:com.example.batterymanager_utility flg=0x4000010 (has extras) } to com.google.android.packageinstaller/com.android.packageinstaller.PackageInstalledReceiver
07-03 13:47:20.756 25847 28555 I Finsky  : [6015] otv.run(31): Wrote row to frosting DB: 615
07-03 13:47:20.757  6212 28702 V FP907.PushServiceUtil: > resolveInfoToApplicationBinding(): getPushInfos com.evenwell.DeviceMonitorControl
07-03 13:47:20.757  1272  1354 W BroadcastQueue: Background execution not allowed: receiving Intent { act=android.intent.action.PACKAGE_ADDED dat=package:com.example.batterymanager_utility flg=0x4000010 (has extras) } to com.android.musicfx/.Compatibility$Receiver
07-03 13:47:20.757  1272  1354 W BroadcastQueue: Background execution not allowed: receiving Intent { act=android.intent.action.PACKAGE_ADDED dat=package:com.example.batterymanager_utility flg=0x4000010 (has extras) } to com.android.vending/com.google.android.finsky.packagemonitor.impl.PackageMonitorReceiverImpl$RegisteredReceiver
07-03 13:47:20.758   779  7045 E ANDR-PERF-MPCTL: poll() has timed out for /sys/module/msm_performance/events/cpu_hotplug
07-03 13:47:20.758   779  7045 E ANDR-PERF-MPCTL: Block on poll()
07-03 13:47:20.760  1272  1354 W BroadcastQueue: Background execution not allowed: receiving Intent { act=android.intent.action.PACKAGE_ADDED dat=package:com.example.batterymanager_utility flg=0x4000010 (has extras) } to com.android.vending/com.google.android.finsky.packagemonitor.backgroundimpl.BackgroundPackageMonitorReceiverImpl$RegisteredReceiver
07-03 13:47:20.783   560   560 E SELinux : avc:  denied  { find } for interface=vendor.qti.hardware.servicetracker::IServicetracker sid=u:r:system_server:s0 pid=1272 scontext=u:r:system_server:s0 tcontext=u:object_r:default_android_hwservice:s0 tclass=hwservice_manager permissive=0
07-03 13:47:20.786   560   560 E SELinux : avc:  denied  { find } for interface=vendor.qti.hardware.servicetracker::IServicetracker sid=u:r:system_server:s0 pid=1272 scontext=u:r:system_server:s0 tcontext=u:object_r:default_android_hwservice:s0 tclass=hwservice_manager permissive=0
07-03 13:47:20.786 25847 25847 I Finsky  : [2] vpn.g(0): vpn - Received: android.intent.action.PACKAGE_ADDED, [CPZqccH6UYIfBlmeVTJ5dE0qJsfxIuFjQpsmBq2XUG8]
07-03 13:47:20.792  1272  6135 D CompatibilityInfo: mCompatibilityFlags - 0
07-03 13:47:20.792  1272  6135 D CompatibilityInfo: applicationDensity - 420
07-03 13:47:20.792  1272  6135 D CompatibilityInfo: applicationScale - 1.0
07-03 13:47:20.794   560   560 E SELinux : avc:  denied  { find } for interface=vendor.qti.hardware.servicetracker::IServicetracker sid=u:r:system_server:s0 pid=1272 scontext=u:r:system_server:s0 tcontext=u:object_r:default_android_hwservice:s0 tclass=hwservice_manager permissive=0
07-03 13:47:20.795 25847 28555 I Finsky  : [6015] otv.run(31): Wrote row to frosting DB: 616
07-03 13:47:20.798  6212  6212 I PushAgentReceiver: onReceive():android.intent.action.PACKAGE_REPLACED
07-03 13:47:20.798  6212 28705 W PushAgentReceiver: onReceive(package): push data changed, re-register
07-03 13:47:20.802  1272  2707 I InputReader: Reconfiguring input devices.  changes=0x00000010
07-03 13:47:20.804  5388  9281 E LocationAccessPolicy: Allowing com.evenwell.pushagent fine because it doesn't target API 29 yet. Please fix this app. Called from getAllCellInfo
07-03 13:47:20.804  1272  1354 W BroadcastQueue: Background execution not allowed: receiving Intent { act=android.intent.action.PACKAGE_ADDED dat=package:com.example.batterymanager_utility flg=0x4000010 (has extras) } to com.google.android.gms/.games.chimera.GamesSystemBroadcastReceiverProxy
07-03 13:47:20.804  1272  1354 W BroadcastQueue: Background execution not allowed: receiving Intent { act=android.intent.action.PACKAGE_ADDED dat=package:com.example.batterymanager_utility flg=0x4000010 (has extras) } to com.google.android.gms/.gass.chimera.PackageChangeBroadcastReceiver
07-03 13:47:20.805  1272  1354 W BroadcastQueue: Background execution not allowed: receiving Intent { act=android.intent.action.PACKAGE_ADDED dat=package:com.example.batterymanager_utility flg=0x4000010 (has extras) } to com.google.android.gms/.chimera.GmsIntentOperationService$PersistentTrustedReceiver
07-03 13:47:20.805  1272  1354 W BroadcastQueue: Background execution not allowed: receiving Intent { act=android.intent.action.PACKAGE_ADDED dat=package:com.example.batterymanager_utility flg=0x4000010 (has extras) } to com.google.android.googlequicksearchbox/com.google.android.apps.gsa.googlequicksearchbox.GelStubAppWatcher
07-03 13:47:20.805  4823  4823 I GsaVoiceInteractionSrv: (REDACTED) O received %s
07-03 13:47:20.805 25847 26062 I Finsky  : [5946] jmc.a(5): AIM: AppInfoManager-Perf > OnDeviceAppInfo > cacheHitCount=1, cacheMissCount=0. Missed  in cache (limit 10) : []
07-03 13:47:20.805  1272  1354 W BroadcastQueue: Background execution not allowed: receiving Intent { act=android.intent.action.PACKAGE_ADDED dat=package:com.example.batterymanager_utility flg=0x4000010 (has extras) } to com.google.android.ims/.receivers.RcsAutoStartReceiver
07-03 13:47:20.805 25847 25847 I Finsky  : [2] jkg.f(1): AIM: AppInfoCacheUpdater -> invalidating apps: [com.example.batterymanager_utility]
07-03 13:47:20.805 25847 25847 I Finsky  : [2] jkx.g(1): AIM: AppInfoManager-Perf > getApps > called for 1 apps
07-03 13:47:20.808  1272  1354 D CompatibilityInfo: mCompatibilityFlags - 0
07-03 13:47:20.808  1272  1354 D CompatibilityInfo: applicationDensity - 420
07-03 13:47:20.808  1272  1354 D CompatibilityInfo: applicationScale - 1.0
07-03 13:47:20.809  6212 28705 I CountryFromCell: Get country code from cell error: Not allowed to access cell info
07-03 13:47:20.819  6139  6139 D RegisteredServicesCache:  Reading service state data always from file
07-03 13:47:20.820 25847 28704 I Finsky  : [6026] pwk.accept(17): IQ: handled package removed
07-03 13:47:20.820 25847 26043 I Finsky  : [5937] jmc.a(5): AIM: AppInfoManager-Perf > OnDeviceAppInfo > cacheHitCount=0, cacheMissCount=1. Missed  in cache (limit 10) : [com.example.batterymanager_utility]
07-03 13:47:20.822 25847 28557 I Finsky  : [6016] khm.aao(23): [ContentSync] finished, scheduled=false
07-03 13:47:20.825 25847 26037 I Finsky  : [5933] jjt.apply(106): AIM: Got app ownership map. App counts: . Unique apps: 0
07-03 13:47:20.830  6139  6139 D RegisteredServicesCache: ServiceStateFileVersion=1.0
07-03 13:47:20.830  6139  6139 E RegisteredServicesCache: Next Tag=services
07-03 13:47:20.830  6139  6139 D RegisteredServicesCache:  curr component com.google.android.gms/com.google.android.gms.nearby.mediums.nearfieldcommunication.NfcAdvertisingService
07-03 13:47:20.830  6139  6139 D RegisteredServicesCache:  curr uid 10152
07-03 13:47:20.830  6139  6139 D RegisteredServicesCache:  curr state 2
07-03 13:47:20.830  6139  6139 E RegisteredServicesCache: installedServices no uidString 
07-03 13:47:20.830  6139  6139 D RegisteredServicesCache:  curr component com.google.android.gms/com.google.android.gms.pay.hce.service.PayHceService
07-03 13:47:20.830  6139  6139 D RegisteredServicesCache:  curr uid 10152
07-03 13:47:20.830  6139  6139 D RegisteredServicesCache:  curr state 2
07-03 13:47:20.833 25847 25847 I Finsky  : [2] qrl.afB(1): DTU: Received onPackageAdded, replacing: true
07-03 13:47:20.833  6139  6139 E RegisteredServicesCache: installedServices contains uidString : 10152
07-03 13:47:20.836  1272  1272 W Looper  : Slow dispatch took 127ms main h=android.app.ActivityThread$H c=android.app.-$$Lambda$LoadedApk$ReceiverDispatcher$Args$_BumDX2UKsnxLVrE6UJsJZkotuA@683a407 m=0
07-03 13:47:20.837   560   560 E SELinux : avc:  denied  { find } for interface=vendor.qti.hardware.servicetracker::IServicetracker sid=u:r:system_server:s0 pid=1272 scontext=u:r:system_server:s0 tcontext=u:object_r:default_android_hwservice:s0 tclass=hwservice_manager permissive=0
07-03 13:47:20.841 25847 26037 I Finsky  : [5933] jjt.apply(106): AIM: Got app ownership map. App counts: . Unique apps: 0
07-03 13:47:20.842   560   560 E SELinux : avc:  denied  { find } for interface=vendor.qti.hardware.servicetracker::IServicetracker sid=u:r:system_server:s0 pid=1272 scontext=u:r:system_server:s0 tcontext=u:object_r:default_android_hwservice:s0 tclass=hwservice_manager permissive=0
07-03 13:47:20.843  6139  6139 E RegisteredServicesCache: 1invalidateCache:WriteServiceStateToFile
07-03 13:47:20.843  6139  6139 E RegisteredServicesCache:  Writing service state Data Always
07-03 13:47:20.845   560   560 E SELinux : avc:  denied  { find } for interface=vendor.qti.hardware.servicetracker::IServicetracker sid=u:r:system_server:s0 pid=1272 scontext=u:r:system_server:s0 tcontext=u:object_r:default_android_hwservice:s0 tclass=hwservice_manager permissive=0
07-03 13:47:20.845  6139  6139 E RegisteredServicesCache: component namecom.google.android.gms/com.google.android.gms.nearby.mediums.nearfieldcommunication.NfcAdvertisingService
07-03 13:47:20.845  6139  6139 E RegisteredServicesCache: component namecom.google.android.gms/com.google.android.gms.pay.hce.service.PayHceService
07-03 13:47:20.846 10382 10494 W SearchServiceCore: Abort, client detached.
07-03 13:47:20.846 10382 10494 W SearchServiceCore: Abort, client detached.
07-03 13:47:20.846 25847 26062 I Finsky  : [5946] jlz.a(11): AIM: AppInfoManager-Perf > ItemModel > CacheSize=37, cacheHitCount=0, cacheMissCount=0, total appsWithNoServerDataCount=0. Missed  in cache (limit 10) : []
07-03 13:47:20.849  6212 28702 V FP907.PushServiceUtil: < resolveInfoToApplicationBinding(): getPushInfos com.evenwell.DeviceMonitorControl
07-03 13:47:20.850  6212 28702 V FP907.PushServiceUtil: > resolveInfoToApplicationBinding(): getApplicationInfo com.evenwell.DeviceMonitorControl
07-03 13:47:20.850 25847 26062 I Finsky  : [5946] jlz.a(11): AIM: AppInfoManager-Perf > ItemModel > CacheSize=37, cacheHitCount=0, cacheMissCount=0, total appsWithNoServerDataCount=0. Missed  in cache (limit 10) : []
07-03 13:47:20.852 25847 28555 I Finsky  : [6015] otv.run(31): Wrote row to frosting DB: 617
07-03 13:47:20.853 25847 26062 I Finsky  : [5946] jlz.a(11): AIM: AppInfoManager-Perf > ItemModel > CacheSize=37, cacheHitCount=0, cacheMissCount=0, total appsWithNoServerDataCount=0. Missed  in cache (limit 10) : []
07-03 13:47:20.855   560   560 E SELinux : avc:  denied  { find } for interface=vendor.qti.hardware.servicetracker::IServicetracker sid=u:r:system_server:s0 pid=1272 scontext=u:r:system_server:s0 tcontext=u:object_r:default_android_hwservice:s0 tclass=hwservice_manager permissive=0
07-03 13:47:20.857  6139  6139 D NfcService: defaultMifateCLTRoute : 539
07-03 13:47:20.857  6139  6139 I chatty  : uid=1027(nfc) com.android.nfc identical 24 lines
07-03 13:47:20.857  6139  6139 D NfcService: defaultMifateCLTRoute : 539
07-03 13:47:20.857  6139  6139 D NfcService: defaultAidRoute : 25
07-03 13:47:20.857  6139  6139 D NfcService: GetDefaultRouteLoc  :0
07-03 13:47:20.857  6139  6139 D NfcService: defaultAidRoute : 25
07-03 13:47:20.857  6139  6139 E AidRoutingManager: Size of routing table800
07-03 13:47:20.860  6139  6139 D RegisteredNfcFServicesCache: Service unchanged, not updating
07-03 13:47:20.860   560   560 E SELinux : avc:  denied  { find } for interface=vendor.qti.hardware.servicetracker::IServicetracker sid=u:r:system_server:s0 pid=1272 scontext=u:r:system_server:s0 tcontext=u:object_r:default_android_hwservice:s0 tclass=hwservice_manager permissive=0
07-03 13:47:20.862  1272  5565 D CompatibilityInfo: mCompatibilityFlags - 0
07-03 13:47:20.862  1272  5565 D CompatibilityInfo: applicationDensity - 420
07-03 13:47:20.862  1272  5565 D CompatibilityInfo: applicationScale - 1.0
07-03 13:47:20.863  1272  1272 I Telecom : DefaultDialerCache: Refreshing default dialer for user 0: now com.google.android.dialer: DDC.oR@Ax4
07-03 13:47:20.864   560   560 E SELinux : avc:  denied  { find } for interface=vendor.qti.hardware.servicetracker::IServicetracker sid=u:r:system_server:s0 pid=1272 scontext=u:r:system_server:s0 tcontext=u:object_r:default_android_hwservice:s0 tclass=hwservice_manager permissive=0
07-03 13:47:20.870 25847 25847 I Finsky  : [2] vpn.g(0): vpn - Received: android.intent.action.PACKAGE_ADDED, [CPZqccH6UYIfBlmeVTJ5dE0qJsfxIuFjQpsmBq2XUG8]
07-03 13:47:20.878 25847 28555 I Finsky  : [6015] otv.run(31): Wrote row to frosting DB: 618
07-03 13:47:20.892   560   560 E SELinux : avc:  denied  { find } for interface=vendor.qti.hardware.servicetracker::IServicetracker sid=u:r:system_server:s0 pid=1272 scontext=u:r:system_server:s0 tcontext=u:object_r:default_android_hwservice:s0 tclass=hwservice_manager permissive=0
07-03 13:47:20.892 25847 26043 I Finsky  : [5937] jlz.a(11): AIM: AppInfoManager-Perf > ItemModel > CacheSize=37, cacheHitCount=0, cacheMissCount=0, total appsWithNoServerDataCount=0. Missed  in cache (limit 10) : []
07-03 13:47:20.894 14006 28524 I Fitness : (REDACTED) FitCleanupIntentOperation received Intent %s
07-03 13:47:20.897 25847 25847 I Finsky  : [2] vpn.g(0): vpn - Deduping intent android.intent.action.PACKAGE_ADDED
07-03 13:47:20.898  1272  6065 D CompatibilityInfo: mCompatibilityFlags - 0
07-03 13:47:20.898  1272  6065 D CompatibilityInfo: applicationDensity - 420
07-03 13:47:20.898  1272  6065 D CompatibilityInfo: applicationScale - 1.0
07-03 13:47:20.899   560   560 E SELinux : avc:  denied  { find } for interface=vendor.qti.hardware.servicetracker::IServicetracker sid=u:r:system_server:s0 pid=1272 scontext=u:r:system_server:s0 tcontext=u:object_r:default_android_hwservice:s0 tclass=hwservice_manager permissive=0
07-03 13:47:20.902   560   560 E SELinux : avc:  denied  { find } for interface=vendor.qti.hardware.servicetracker::IServicetracker sid=u:r:system_server:s0 pid=1272 scontext=u:r:system_server:s0 tcontext=u:object_r:default_android_hwservice:s0 tclass=hwservice_manager permissive=0
07-03 13:47:20.902 25847 25847 I Finsky  : [2] vpn.g(0): vpn - Received: android.intent.action.PACKAGE_ADDED, [CPZqccH6UYIfBlmeVTJ5dE0qJsfxIuFjQpsmBq2XUG8]
07-03 13:47:20.905  1272  1272 V BackupManagerConstants: getFullBackupIntervalMilliseconds(...) returns 86400000
07-03 13:47:20.905  1272  1272 V BackupManagerConstants: getFullBackupRequiredNetworkType(...) returns 2
07-03 13:47:20.905  1272  1272 V BackupManagerConstants: getFullBackupRequireCharging(...) returns true
07-03 13:47:20.906   560   560 E SELinux : avc:  denied  { find } for interface=vendor.qti.hardware.servicetracker::IServicetracker sid=u:r:system_server:s0 pid=1272 scontext=u:r:system_server:s0 tcontext=u:object_r:default_android_hwservice:s0 tclass=hwservice_manager permissive=0
07-03 13:47:20.908  6212 28702 V FP907.PushServiceUtil: < resolveInfoToApplicationBinding(): getApplicationInfo com.evenwell.DeviceMonitorControl
07-03 13:47:20.912  1272  6953 D CompatibilityInfo: mCompatibilityFlags - 0
07-03 13:47:20.912  1272  6953 D CompatibilityInfo: applicationDensity - 420
07-03 13:47:20.912  1272  6953 D CompatibilityInfo: applicationScale - 1.0
07-03 13:47:20.913  6212 28702 V FP907.PushServiceUtil: > resolveInfoToApplicationBinding(): getPushInfos com.evenwell.custmanager
07-03 13:47:20.913   560   560 E SELinux : avc:  denied  { find } for interface=vendor.qti.hardware.servicetracker::IServicetracker sid=u:r:system_server:s0 pid=1272 scontext=u:r:system_server:s0 tcontext=u:object_r:default_android_hwservice:s0 tclass=hwservice_manager permissive=0
07-03 13:47:20.918   560   560 E SELinux : avc:  denied  { find } for interface=vendor.qti.hardware.servicetracker::IServicetracker sid=u:r:system_server:s0 pid=1272 scontext=u:r:system_server:s0 tcontext=u:object_r:default_android_hwservice:s0 tclass=hwservice_manager permissive=0
07-03 13:47:20.919 25847 26062 I Finsky  : [5946] irw.accept(30): AIM: AppInfoManager-Perf > getApps > data collection finished
07-03 13:47:20.920 25847 25847 I Finsky  : [2] vpn.g(0): vpn - Deduping intent android.intent.action.PACKAGE_ADDED
07-03 13:47:20.921 25847 26062 I Finsky  : [5946] jas.run(72): AIM: AppInfoManager-Perf > maybeDestroyAppInfoManager is called. actives = 1
07-03 13:47:20.922 25847 26043 I Finsky  : [5937] irw.accept(30): AIM: AppInfoManager-Perf > getApps > data collection finished
07-03 13:47:20.922 25847 26043 I Finsky  : [5937] jas.run(72): AIM: AppInfoManager-Perf > maybeDestroyAppInfoManager is called. actives = 0
07-03 13:47:20.928  1272  8673 D CompatibilityInfo: mCompatibilityFlags - 0
07-03 13:47:20.928  1272  8673 D CompatibilityInfo: applicationDensity - 420
07-03 13:47:20.928  1272  8673 D CompatibilityInfo: applicationScale - 1.0
07-03 13:47:20.929   560   560 E SELinux : avc:  denied  { find } for interface=vendor.qti.hardware.servicetracker::IServicetracker sid=u:r:system_server:s0 pid=1272 scontext=u:r:system_server:s0 tcontext=u:object_r:default_android_hwservice:s0 tclass=hwservice_manager permissive=0
07-03 13:47:20.935  5388  5388 E PhoneInterfaceManager: [PhoneIntfMgr] getCarrierPackageNamesForIntent: No UICC
07-03 13:47:20.935  5388  5388 D CarrierSvcBindHelper: No carrier app for: 0
07-03 13:47:20.937  5388  5388 E PhoneInterfaceManager: [PhoneIntfMgr] getCarrierPackageNamesForIntent: No UICC
07-03 13:47:20.937  5388  5388 D CarrierSvcBindHelper: No carrier app for: 1
07-03 13:47:20.938  5388  5388 E PhoneInterfaceManager: [PhoneIntfMgr] getCarrierPackageNamesForIntent: No UICC
07-03 13:47:20.938  5388  5388 D CarrierSvcBindHelper: No carrier app for: 0
07-03 13:47:20.938  5388  5388 E PhoneInterfaceManager: [PhoneIntfMgr] getCarrierPackageNamesForIntent: No UICC
07-03 13:47:20.938  5388  5388 D CarrierSvcBindHelper: No carrier app for: 1
07-03 13:47:20.939  6409  6548 I PackageUpdatedTask: PackageUpdatedTask packages [com.example.batterymanager_utility] 2
07-03 13:47:20.941 27083 28521 I Auth    : [SupervisedAccountIntentOperation] onHandleIntent(): android.intent.action.PACKAGE_ADDED
07-03 13:47:20.947   560   560 E SELinux : avc:  denied  { find } for interface=vendor.qti.hardware.servicetracker::IServicetracker sid=u:r:system_server:s0 pid=1272 scontext=u:r:system_server:s0 tcontext=u:object_r:default_android_hwservice:s0 tclass=hwservice_manager permissive=0
07-03 13:47:20.948  5388  5388 E VvmPkgInstalledRcvr: cannot create TelephonyManager from ComponentInfo{com.android.phone/com.android.services.telephony.TelephonyConnectionService}, ***, UserHandle{0}
07-03 13:47:20.949  1272  5565 D CompatibilityInfo: mCompatibilityFlags - 0
07-03 13:47:20.950  1272  5565 D CompatibilityInfo: applicationDensity - 420
07-03 13:47:20.950  1272  5565 D CompatibilityInfo: applicationScale - 1.0
07-03 13:47:20.950  5388  5388 D CarrierConfigLoader: android.intent.action.PACKAGE_REPLACED , package name:com.example.batterymanager_utility
07-03 13:47:20.950 25847 28555 I Finsky  : [6015] otv.run(31): Wrote row to frosting DB: 619
07-03 13:47:20.951  5388  5388 D ImsResolver: maybeAddedImsService, packageName: com.example.batterymanager_utility
07-03 13:47:20.951   560   560 E SELinux : avc:  denied  { find } for interface=vendor.qti.hardware.servicetracker::IServicetracker sid=u:r:system_server:s0 pid=1272 scontext=u:r:system_server:s0 tcontext=u:object_r:default_android_hwservice:s0 tclass=hwservice_manager permissive=0
07-03 13:47:20.952  5388  5388 D CarrierConfigLoader: mHandler: 9 phoneId: 0
07-03 13:47:20.953  1272  1342 W Looper  : Slow delivery took 207ms android.fg h=android.os.Handler c=<recycled PooledLambda@34276ad> m=0
07-03 13:47:20.953   560   560 E SELinux : avc:  denied  { find } for interface=vendor.qti.hardware.servicetracker::IServicetracker sid=u:r:system_server:s0 pid=1272 scontext=u:r:system_server:s0 tcontext=u:object_r:default_android_hwservice:s0 tclass=hwservice_manager permissive=0
07-03 13:47:20.955   560   560 E SELinux : avc:  denied  { find } for interface=vendor.qti.hardware.servicetracker::IServicetracker sid=u:r:system_server:s0 pid=1272 scontext=u:r:system_server:s0 tcontext=u:object_r:default_android_hwservice:s0 tclass=hwservice_manager permissive=0
07-03 13:47:20.956  6212 28702 V FP907.PushServiceUtil: < resolveInfoToApplicationBinding(): getPushInfos com.evenwell.custmanager
07-03 13:47:20.956  6212 28702 V FP907.PushServiceUtil: > resolveInfoToApplicationBinding(): getApplicationInfo com.evenwell.custmanager
07-03 13:47:20.957  1272  6111 D CompatibilityInfo: mCompatibilityFlags - 0
07-03 13:47:20.957  1272  6111 D CompatibilityInfo: applicationDensity - 420
07-03 13:47:20.957  1272  6111 D CompatibilityInfo: applicationScale - 1.0
07-03 13:47:20.964 27083 27083 D BoundBrokerSvc: onBind: Intent { act=com.google.android.gms.common.BIND_SHARED_PREFS pkg=com.google.android.gms }
07-03 13:47:20.964 27083 27083 D BoundBrokerSvc: Loading bound service for intent: Intent { act=com.google.android.gms.common.BIND_SHARED_PREFS pkg=com.google.android.gms }
07-03 13:47:20.969   560   560 E SELinux : avc:  denied  { find } for interface=vendor.qti.hardware.servicetracker::IServicetracker sid=u:r:system_server:s0 pid=1272 scontext=u:r:system_server:s0 tcontext=u:object_r:default_android_hwservice:s0 tclass=hwservice_manager permissive=0
07-03 13:47:20.969 14006 28542 I FontLog : (REDACTED) Package %s has no metadata
07-03 13:47:20.987  1272  8673 D CompatibilityInfo: mCompatibilityFlags - 0
07-03 13:47:20.987  1272  8673 D CompatibilityInfo: applicationDensity - 420
07-03 13:47:20.987  1272  8673 D CompatibilityInfo: applicationScale - 1.0
07-03 13:47:20.988   560   560 E SELinux : avc:  denied  { find } for interface=vendor.qti.hardware.servicetracker::IServicetracker sid=u:r:system_server:s0 pid=1272 scontext=u:r:system_server:s0 tcontext=u:object_r:default_android_hwservice:s0 tclass=hwservice_manager permissive=0
07-03 13:47:20.992   560   560 E SELinux : avc:  denied  { find } for interface=vendor.qti.hardware.servicetracker::IServicetracker sid=u:r:system_server:s0 pid=1272 scontext=u:r:system_server:s0 tcontext=u:object_r:default_android_hwservice:s0 tclass=hwservice_manager permissive=0
07-03 13:47:20.993  1272  7114 D CompatibilityInfo: mCompatibilityFlags - 0
07-03 13:47:20.993  1272  7114 D CompatibilityInfo: applicationDensity - 420
07-03 13:47:20.993  1272  7114 D CompatibilityInfo: applicationScale - 1.0
07-03 13:47:20.994   560   560 E SELinux : avc:  denied  { find } for interface=vendor.qti.hardware.servicetracker::IServicetracker sid=u:r:system_server:s0 pid=1272 scontext=u:r:system_server:s0 tcontext=u:object_r:default_android_hwservice:s0 tclass=hwservice_manager permissive=0
07-03 13:47:20.999  1272  6953 D CompatibilityInfo: mCompatibilityFlags - 0
07-03 13:47:20.999  1272  6953 D CompatibilityInfo: applicationDensity - 420
07-03 13:47:20.999  1272  6953 D CompatibilityInfo: applicationScale - 1.0
07-03 13:47:21.000   560   560 E SELinux : avc:  denied  { find } for interface=vendor.qti.hardware.servicetracker::IServicetracker sid=u:r:system_server:s0 pid=1272 scontext=u:r:system_server:s0 tcontext=u:object_r:default_android_hwservice:s0 tclass=hwservice_manager permissive=0
07-03 13:47:21.004 25847 28555 I Finsky  : [6015] otv.run(31): Wrote row to frosting DB: 620
07-03 13:47:21.006   560   560 E SELinux : avc:  denied  { find } for interface=vendor.qti.hardware.servicetracker::IServicetracker sid=u:r:system_server:s0 pid=1272 scontext=u:r:system_server:s0 tcontext=u:object_r:default_android_hwservice:s0 tclass=hwservice_manager permissive=0
07-03 13:47:21.010  1272  6584 D CompatibilityInfo: mCompatibilityFlags - 0
07-03 13:47:21.010  1272  6584 D CompatibilityInfo: applicationDensity - 420
07-03 13:47:21.010  1272  6584 D CompatibilityInfo: applicationScale - 1.0
07-03 13:47:21.011   560   560 E SELinux : avc:  denied  { find } for interface=vendor.qti.hardware.servicetracker::IServicetracker sid=u:r:system_server:s0 pid=1272 scontext=u:r:system_server:s0 tcontext=u:object_r:default_android_hwservice:s0 tclass=hwservice_manager permissive=0
07-03 13:47:21.015  1272  6953 D CompatibilityInfo: mCompatibilityFlags - 0
07-03 13:47:21.015  1272  6953 D CompatibilityInfo: applicationDensity - 420
07-03 13:47:21.015  1272  6953 D CompatibilityInfo: applicationScale - 1.0
07-03 13:47:21.016   560   560 E SELinux : avc:  denied  { find } for interface=vendor.qti.hardware.servicetracker::IServicetracker sid=u:r:system_server:s0 pid=1272 scontext=u:r:system_server:s0 tcontext=u:object_r:default_android_hwservice:s0 tclass=hwservice_manager permissive=0
07-03 13:47:21.019   560   560 I chatty  : uid=1000(system) hwservicemanage identical 1 line
07-03 13:47:21.021   560   560 E SELinux : avc:  denied  { find } for interface=vendor.qti.hardware.servicetracker::IServicetracker sid=u:r:system_server:s0 pid=1272 scontext=u:r:system_server:s0 tcontext=u:object_r:default_android_hwservice:s0 tclass=hwservice_manager permissive=0
07-03 13:47:21.023  6212 28702 V FP907.PushServiceUtil: < resolveInfoToApplicationBinding(): getApplicationInfo com.evenwell.custmanager
07-03 13:47:21.026  1272  6111 W BroadcastQueue: Background execution not allowed: receiving Intent { act=android.intent.action.PACKAGE_REPLACED dat=package:com.example.batterymanager_utility flg=0x4000010 (has extras) } to com.android.musicfx/.Compatibility$Receiver
07-03 13:47:21.027  6212 28702 V FP907.PushServiceUtil: > resolveInfoToApplicationBinding(): getPushInfos com.hmdglobal.datago
07-03 13:47:21.028  1272  1354 W BroadcastQueue: Background execution not allowed: receiving Intent { act=android.intent.action.PACKAGE_REPLACED dat=package:com.example.batterymanager_utility flg=0x4000010 (has extras) } to com.evenwell.CPClient/.CPReceiver
07-03 13:47:21.028  1272  1354 W BroadcastQueue: Background execution not allowed: receiving Intent { act=android.intent.action.PACKAGE_REPLACED dat=package:com.example.batterymanager_utility flg=0x4000010 (has extras) } to com.evenwell.batteryprotect/.BatteryProtectOnReceiver
07-03 13:47:21.028  1272  1354 W BroadcastQueue: Background execution not allowed: receiving Intent { act=android.intent.action.PACKAGE_REPLACED dat=package:com.example.batterymanager_utility flg=0x4000010 (has extras) } to com.google.android.apps.photos/.account.full.FetchAccountPropertiesAppUpgradeBroadcastReceiver
07-03 13:47:21.029  1272  1354 W BroadcastQueue: Background execution not allowed: receiving Intent { act=android.intent.action.PACKAGE_REPLACED dat=package:com.example.batterymanager_utility flg=0x4000010 (has extras) } to com.google.android.apps.photos/.account.full.SyncAccountsForLoginBroadcastReceiver
07-03 13:47:21.029  1272  1354 W BroadcastQueue: Background execution not allowed: receiving Intent { act=android.intent.action.PACKAGE_REPLACED dat=package:com.example.batterymanager_utility flg=0x4000010 (has extras) } to com.google.android.apps.photos/.notificationchannels.AppUpdateBroadcastReceiver
07-03 13:47:21.029  1272  1354 W BroadcastQueue: Background execution not allowed: receiving Intent { act=android.intent.action.PACKAGE_REPLACED dat=package:com.example.batterymanager_utility flg=0x4000010 (has extras) } to com.google.android.gms/.gass.chimera.PackageChangeBroadcastReceiver
07-03 13:47:21.030  1272  1354 W BroadcastQueue: Background execution not allowed: receiving Intent { act=android.intent.action.PACKAGE_REPLACED dat=package:com.example.batterymanager_utility flg=0x4000010 (has extras) } to com.google.android.gms/.chimera.GmsIntentOperationService$PersistentTrustedReceiver
07-03 13:47:21.031  1272  1354 W BroadcastQueue: Background execution not allowed: receiving Intent { act=android.intent.action.PACKAGE_REPLACED dat=package:com.example.batterymanager_utility flg=0x4000010 (has extras) } to com.google.android.googlequicksearchbox/com.google.android.apps.gsa.googlequicksearchbox.GelStubAppWatcher
07-03 13:47:21.032   560   560 E SELinux : avc:  denied  { find } for interface=vendor.qti.hardware.servicetracker::IServicetracker sid=u:r:system_server:s0 pid=1272 scontext=u:r:system_server:s0 tcontext=u:object_r:default_android_hwservice:s0 tclass=hwservice_manager permissive=0
07-03 13:47:21.033   560   560 E SELinux : avc:  denied  { find } for interface=vendor.qti.hardware.servicetracker::IServicetracker sid=u:r:system_server:s0 pid=1272 scontext=u:r:system_server:s0 tcontext=u:object_r:default_android_hwservice:s0 tclass=hwservice_manager permissive=0
07-03 13:47:21.033 27083 27083 D BoundBrokerSvc: onUnbind: Intent { act=com.google.android.gms.common.BIND_SHARED_PREFS pkg=com.google.android.gms }
07-03 13:47:21.037   560   560 E SELinux : avc:  denied  { find } for interface=vendor.qti.hardware.servicetracker::IServicetracker sid=u:r:system_server:s0 pid=1272 scontext=u:r:system_server:s0 tcontext=u:object_r:default_android_hwservice:s0 tclass=hwservice_manager permissive=0
07-03 13:47:21.037 27083 27130 I Icing   : Indexing com.google.android.gms-apps from com.google.android.gms
07-03 13:47:21.039  1272  8673 D CompatibilityInfo: mCompatibilityFlags - 0
07-03 13:47:21.039  1272  8673 D CompatibilityInfo: applicationDensity - 420
07-03 13:47:21.039  1272  8673 D CompatibilityInfo: applicationScale - 1.0
07-03 13:47:21.040   560   560 E SELinux : avc:  denied  { find } for interface=vendor.qti.hardware.servicetracker::IServicetracker sid=u:r:system_server:s0 pid=1272 scontext=u:r:system_server:s0 tcontext=u:object_r:default_android_hwservice:s0 tclass=hwservice_manager permissive=0
07-03 13:47:21.042  1272  1354 W BroadcastQueue: Background execution not allowed: receiving Intent { act=android.intent.action.PACKAGE_REPLACED dat=package:com.example.batterymanager_utility flg=0x4000010 (has extras) } to com.google.android.ims/.receivers.RcsAutoStartReceiver
07-03 13:47:21.049   560   560 I chatty  : uid=1000(system) hwservicemanage identical 3 lines
07-03 13:47:21.052   560   560 E SELinux : avc:  denied  { find } for interface=vendor.qti.hardware.servicetracker::IServicetracker sid=u:r:system_server:s0 pid=1272 scontext=u:r:system_server:s0 tcontext=u:object_r:default_android_hwservice:s0 tclass=hwservice_manager permissive=0
07-03 13:47:21.052 14006 16727 W ChimeraUtils: Module com.google.android.gms.nearby_en missing resource null(0)
07-03 13:47:21.053   560   560 E SELinux : avc:  denied  { find } for interface=vendor.qti.hardware.servicetracker::IServicetracker sid=u:r:system_server:s0 pid=1272 scontext=u:r:system_server:s0 tcontext=u:object_r:default_android_hwservice:s0 tclass=hwservice_manager permissive=0
07-03 13:47:21.055  6212 28702 V FP907ServiceProxy: getPushInfos() return null
07-03 13:47:21.056  6212 28702 V FP907.PushServiceUtil: < resolveInfoToApplicationBinding(): getPushInfos com.hmdglobal.datago
07-03 13:47:21.057  6212 28702 V FP907.PushServiceUtil: > resolveInfoToApplicationBinding(): getApplicationInfo com.hmdglobal.datago
07-03 13:47:21.066   560   560 E SELinux : avc:  denied  { find } for interface=vendor.qti.hardware.servicetracker::IServicetracker sid=u:r:system_server:s0 pid=1272 scontext=u:r:system_server:s0 tcontext=u:object_r:default_android_hwservice:s0 tclass=hwservice_manager permissive=0
07-03 13:47:21.069  1272  8673 D CompatibilityInfo: mCompatibilityFlags - 0
07-03 13:47:21.069  1272  8673 D CompatibilityInfo: applicationDensity - 420
07-03 13:47:21.069  1272  8673 D CompatibilityInfo: applicationScale - 1.0
07-03 13:47:21.070   560   560 E SELinux : avc:  denied  { find } for interface=vendor.qti.hardware.servicetracker::IServicetracker sid=u:r:system_server:s0 pid=1272 scontext=u:r:system_server:s0 tcontext=u:object_r:default_android_hwservice:s0 tclass=hwservice_manager permissive=0
07-03 13:47:21.078   560   560 I chatty  : uid=1000(system) hwservicemanage identical 1 line
07-03 13:47:21.079   560   560 E SELinux : avc:  denied  { find } for interface=vendor.qti.hardware.servicetracker::IServicetracker sid=u:r:system_server:s0 pid=1272 scontext=u:r:system_server:s0 tcontext=u:object_r:default_android_hwservice:s0 tclass=hwservice_manager permissive=0
07-03 13:47:21.082  1272  1342 W Looper  : Drained
07-03 13:47:21.083  6212 28702 V FP907.PushServiceUtil: < resolveInfoToApplicationBinding(): getApplicationInfo com.hmdglobal.datago
07-03 13:47:21.084  6212 28702 V FP907.PushUtilPriv: getDeviceId() get device ID cache: jPZnWy2A7rZ3wUFwXANC1K9VqvMMYMRJKWUTiRdoae8=
07-03 13:47:21.084  6212 28702 I chatty  : uid=10102(com.evenwell.pushagent) identical 1 line
07-03 13:47:21.085  6212 28702 V FP907.PushUtilPriv: getDeviceId() get device ID cache: jPZnWy2A7rZ3wUFwXANC1K9VqvMMYMRJKWUTiRdoae8=
07-03 13:47:21.085  6212 28702 D FP907PushRegisterUtil: generateRegisterJson(): listen app com.evenwell.DeviceMonitorControl
07-03 13:47:21.085  6212 28702 D FP907PushRegisterUtil: generateRegisterJson(): listen app com.evenwell.custmanager
07-03 13:47:21.085  6212 28702 D FP907PushRegisterUtil: generateRegisterJson(): listen app com.hmdglobal.datago
07-03 13:47:21.087  6212 28702 V FP907.PushUtilPriv: getDeviceId() get device ID cache: jPZnWy2A7rZ3wUFwXANC1K9VqvMMYMRJKWUTiRdoae8=
07-03 13:47:21.088  6212 28702 V FP907.PushServerConnect: registerPushServer = Yq/+sAkVsnmoOo1aXpfPlzrsVrGHLxR4ZGpdpAuZaA2M7el7nblsMJLDdL2wybkta8fpH5y/4BUkh00G/au+1IUUwAPkGaex+xbEtkJY01+U45Mw8lh9OYeDu4PJelP9ECIfap9h6LDqmAUrbf+wPz74+3iJ7jJtwkaAi+AiGypmo3hgVVyvUY6u7o7WJy5f6edDIJ5BHSVApyfA/fRvIDXXUtxBAI6a6mtm9eMDD9y2VK6p+QwW6eBFJukyYU4Dh4xO7jY4VSV3ygKqonX7Zh+rxOGLpHCdXHi/pR6m/a7RRwqTfLqrKnQ6ISSFMJfHQP875TfWzpJ7jnvajJlIqTzel7y9ErGC+feAW9pfErE96ZD2sD3WsNkf+wWWMIZxSkp3l58s3m33ci2pkEPMX5k2ayRYI6q4F4fqRPBFwfpM3EbIrq/jxoYcwc8e8Ra+L2gM9Yv01yLV37OFKcZT6tSGf/ZwcALVOAmIDnbRzIokMaSFd256VEuxitHzlfXb52tfkJ+dFILRhTlxXY8Kgu70Ebupl4bN44UN8LyViM5O5hD8ay5KpBMiTdbly8PfspcVa4oClc7X/WxWEOAG3zEdyf/894Zy17yBJ0AyS1nIAeEY3+R5dT/xqyRHavcx41+a1swSU7GrlblAmzjanaTBagTDPFlo//zJJKWUvQciWqwyJ8BSU7ns210XnVIQrLQin3PKoO6eTfx5wmbl86W1ytxieDEdTVj7VBCQtfd67yvUUJIkCI7BYATN5qR6cYYbmBJqJQZzY5kmiLc83ksQ2WCW0K+/UuRSva/c3Gzk3ReyVjk8xxLOuKk0kDjK/aY4n0P7Wp70gVefD1JBDNq9lOA6rUPOf+nSJYmRTLa6Cq06n+HSz/SuIM81r2lCM9wkuMQgKpBOnMtaTxobkkqUqvLqtq7zRntMtj/8loUVEZgqeYDqa+XRrmSoM61H76mSjIs1y2/b/4rxadRWWGeHRA4fl2hlyJTzCRPC1nZleNRwJxMl/aljrZ6PtuUp
07-03 13:47:21.088  6212 28702 V FP907.PushServerConnect: S88D186fz7hVw6I5He9sigWJd5115JFjak2mUnlLP3MZ6kfyM0wEQKS90unNyL+mM8PUUuiwtKpngK11vQ57WRzOAeyGbAR1k3kgjPFKPUcOHp7N234zTtPFCAprc25V5FdKVsFGsFDPjnDCsGgDF3iwJjBJxFjonkUDFSmWFC7yZew4ME6neqwbirQ1BZuSLBT/Wu0I9lGbrU81AafemNtMctkTpGCr0deS2grwXT37S2ylrlwzbTSRuwOsJkf0dO78Yla7O6F5dr83ePwTtQbLd/UEqpk+Fh4zK+/lVt+Yiete6e0kJif0iQFxbQEM5irAykuRDLdJBQ+c/Q/SH3p4mnxiWkIIza/Xl2SBbSzLvYIDvus2eAWXKJTJNN1TOagBat2lJxdE27VfJE3bZ9Bt4r/kCHHoqGvO7T9eEeFN9+hGqLvJW4wAIxxhGKo3gz4oG6ye4GgoQPSlnAf97pDp/GVbl4fQsby0JTSoz7tDsMxDZ4HhWhOWN6Vm1YDFTRgnUFjQWmBB+FvwN+UuHtA4e6nFylYvCwSFeuc+XwKWaflQkBx2l6o4qyu/Vz2fjonRfWKEM9Zgk2NMqO95RgsViwkg9TBh50ILfpvs3JfyqtQoIGAZuvkSjsv6UM8lEiCyckYFpI6WNZiypTQXu7t+5EXwcqw5dJN0u4eoEe7tMy25q86G/CwhipRPLfvCb6Ayb4rTWBTfhjSYCWEvtKE39sNWcOkBL2mXtPBTSQSwcFmVHh7fOBGq/+MEYQpnkFEf8250bUtiy1ay3wyaCOJfIoMqAFkT3N4wboHp+mmP/psSbKXoWJpWSpyb1EKMEB4ucmTWHlYT0+u9ZzfO+XnLH6NeNIlL+ZyhM2kMHXI1oqBlEc5pCeLXXUXcoMlWg46BLU4DGqrcIWgscW5Vtn5QrMqrddmVL/OHKsEitZ1TGuHEBPxT0AvgAAmLbCyX3v9N+uJ6G7hiAan4gKrPC5xk5pyQOejydiN0bonZLrHzS7+1gIiyq1tAWZ7m3auH
07-03 13:47:21.088  6212 28702 V FP907.PushServerConnect: SC5gdw/9iSEEQsHHH/SSTUHNoblF8X7e3gyVBBMnY066ZbqDiE+VM8dm7CSc76x4BGjUAHIzpi0OcmOGWJaVkdfuAZNDknOnC22tbH1hKPsDhVs2798xn9x7SnnE82+yZbNOjHnhPPy0nZPHIWRhWhpLb8yodYwGRMWE9CqJIoXV60et6bDP26XLk/mYyoHkrNR3TU0f+ExlP1m1tFwlM45lS2vC98j5QQ2B80Yyha3vP7Fy8m2Dalpd/s+fee+AIfAszAKVFo0hbxN/7oawF+eg/R/RwhkiS1eDQcS0Y13b81dS7WqmKhrBvF2VL9whG5eRLKrYZfroGxIlwUM/Q+DWlySGxDJiJqgV3P7u/uGatCRe+IH5mzAReA+8OhUVb+aW9XUuy2QAwDYYcb2QOYncwJhd5NhCXOeNmzNa2pFe6ZzTYdLibfa1khJAUK8jk3KZ210JNscTAeo7lqK29qbRXgPqF7Hvb7Gsw6rUT+UMfRt2QG+z3J4veh6ssYNeNcX1L6i+F/W7LeIQF6alc69VqvMMYMRJKWUTiRdoae8=
07-03 13:47:21.089  6212 28702 D FP907.PushConfig: getPushServerRegisterUrl():https://aps-no-ww.hmdglobal.net/api/v2/Client/Register
07-03 13:47:21.095  6212 28702 W System.err: java.net.UnknownHostException: Unable to resolve host "aps-no-ww.hmdglobal.net": No address associated with hostname
07-03 13:47:21.095  6212 28702 W System.err: 	at java.net.Inet6AddressImpl.lookupHostByName(Inet6AddressImpl.java:156)
07-03 13:47:21.095  6212 28702 W System.err: 	at java.net.Inet6AddressImpl.lookupAllHostAddr(Inet6AddressImpl.java:103)
07-03 13:47:21.095  6212 28702 W System.err: 	at java.net.InetAddress.getAllByName(InetAddress.java:1152)
07-03 13:47:21.095  6212 28702 W System.err: 	at com.android.okhttp.Dns$1.lookup(Dns.java:41)
07-03 13:47:21.095  6212 28702 W System.err: 	at com.android.okhttp.internal.http.RouteSelector.resetNextInetSocketAddress(RouteSelector.java:178)
07-03 13:47:21.095  6212 28702 W System.err: 	at com.android.okhttp.internal.http.RouteSelector.nextProxy(RouteSelector.java:144)
07-03 13:47:21.095  6212 28702 W System.err: 	at com.android.okhttp.internal.http.RouteSelector.next(RouteSelector.java:86)
07-03 13:47:21.095  6212 28702 W System.err: 	at com.android.okhttp.internal.http.StreamAllocation.findConnection(StreamAllocation.java:176)
07-03 13:47:21.095  6212 28702 W System.err: 	at com.android.okhttp.internal.http.StreamAllocation.findHealthyConnection(StreamAllocation.java:128)
07-03 13:47:21.095  6212 28702 W System.err: 	at com.android.okhttp.internal.http.StreamAllocation.newStream(StreamAllocation.java:97)
07-03 13:47:21.095  6212 28702 W System.err: 	at com.android.okhttp.internal.http.HttpEngine.connect(HttpEngine.java:289)
07-03 13:47:21.095  6212 28702 W System.err: 	at com.android.okhttp.internal.http.HttpEngine.sendRequest(HttpEngine.java:232)
07-03 13:47:21.095  6212 28702 W System.err: 	at com.android.okhttp.internal.huc.HttpURLConnectionImpl.execute(HttpURLConnectionImpl.java:465)
07-03 13:47:21.095  6212 28702 W System.err: 	at com.android.okhttp.internal.huc.HttpURLConnectionImpl.connect(HttpURLConnectionImpl.java:131)
07-03 13:47:21.095  6212 28702 W System.err: 	at com.android.okhttp.internal.huc.HttpURLConnectionImpl.getOutputStream(HttpURLConnectionImpl.java:262)
07-03 13:47:21.095  6212 28702 W System.err: 	at com.android.okhttp.internal.huc.DelegatingHttpsURLConnection.getOutputStream(DelegatingHttpsURLConnection.java:219)
07-03 13:47:21.095  6212 28702 W System.err: 	at com.android.okhttp.internal.huc.HttpsURLConnectionImpl.getOutputStream(HttpsURLConnectionImpl.java:30)
07-03 13:47:21.095  6212 28702 W System.err: 	at com.fihtdc.push_system.lib.service.PushServerConnector.registerPushServer(PushServerConnector.java:108)
07-03 13:47:21.095  6212 28702 W System.err: 	at com.evenwell.pushagent.utils.PushServerConnectUtil.registerPushServer(PushServerConnectUtil.java:60)
07-03 13:47:21.095  6212 28702 W System.err: 	at com.evenwell.pushagent.PushAgentReceiver$1.run(PushAgentReceiver.java:29)
07-03 13:47:21.095  6212 28702 W System.err: 	at java.lang.Thread.run(Thread.java:919)
07-03 13:47:21.096  6212 28702 W System.err: Caused by: android.system.GaiException: android_getaddrinfo failed: EAI_NODATA (No address associated with hostname)
07-03 13:47:21.096  6212 28702 W System.err: 	at libcore.io.Linux.android_getaddrinfo(Native Method)
07-03 13:47:21.096  6212 28702 W System.err: 	at libcore.io.ForwardingOs.android_getaddrinfo(ForwardingOs.java:74)
07-03 13:47:21.096  6212 28702 W System.err: 	at libcore.io.BlockGuardOs.android_getaddrinfo(BlockGuardOs.java:200)
07-03 13:47:21.096  6212 28702 W System.err: 	at libcore.io.ForwardingOs.android_getaddrinfo(ForwardingOs.java:74)
07-03 13:47:21.096  6212 28702 W System.err: 	at java.net.Inet6AddressImpl.lookupHostByName(Inet6AddressImpl.java:135)
07-03 13:47:21.096  6212 28702 W System.err: 	... 20 more
07-03 13:47:21.096  6212 28702 W PushServerConnectUtil: registerPushServer(): UnknownHostException; msg=Unable to resolve host "aps-no-ww.hmdglobal.net": No address associated with hostname
07-03 13:47:21.098  6212 28702 I PushServerConnectUtil: registerPushServer(): reconnect at 2023-07-03 14:07:21
07-03 13:47:21.098  6212 28702 I PushServerConnectUtil: < registerPushServer()
07-03 13:47:21.098  6212 28705 I PushServerConnectUtil: > registerPushServer()
07-03 13:47:21.104 10382 10465 I DeviceAppInfoWork: (REDACTED) remove existing package for update: %s
07-03 13:47:21.104 10382 10464 I DeviceAppInfoWork: (REDACTED) remove existing package for update: %s
07-03 13:47:21.105  6212 28705 V FP907.PushServiceUtil: > resolveInfoToApplicationBinding(): getPushInfos com.evenwell.DeviceMonitorControl
07-03 13:47:21.106   560   560 E SELinux : avc:  denied  { find } for interface=vendor.qti.hardware.servicetracker::IServicetracker sid=u:r:system_server:s0 pid=1272 scontext=u:r:system_server:s0 tcontext=u:object_r:default_android_hwservice:s0 tclass=hwservice_manager permissive=0
07-03 13:47:21.107 10382 28522 I A       : (REDACTED) soft deleting data for %s
07-03 13:47:21.108  1272  6953 D CompatibilityInfo: mCompatibilityFlags - 0
07-03 13:47:21.109  1272  6953 D CompatibilityInfo: applicationDensity - 420
07-03 13:47:21.109  1272  6953 D CompatibilityInfo: applicationScale - 1.0
07-03 13:47:21.110   560   560 E SELinux : avc:  denied  { find } for interface=vendor.qti.hardware.servicetracker::IServicetracker sid=u:r:system_server:s0 pid=1272 scontext=u:r:system_server:s0 tcontext=u:object_r:default_android_hwservice:s0 tclass=hwservice_manager permissive=0
07-03 13:47:21.113  1272  5276 I ActivityTaskManager: START u0 {act=android.intent.action.MAIN cat=[android.intent.category.LAUNCHER] flg=0x10000000 cmp=com.example.batterymanager_utility/.MainActivity} from uid 2000
07-03 13:47:21.121   560   560 I hwservicemanager: getTransport: Cannot find entry vendor.qti.hardware.iop@2.0::IIop/default in either framework or device manifest.
07-03 13:47:21.128  1272  5276 D CompatibilityInfo: mCompatibilityFlags - 0
07-03 13:47:21.128  1272  5276 D CompatibilityInfo: applicationDensity - 420
07-03 13:47:21.128  1272  5276 D CompatibilityInfo: applicationScale - 1.0
07-03 13:47:21.129  1272  5276 D ActivityTrigger: ActivityTrigger activityPauseTrigger 
07-03 13:47:21.140 10382 28522 I A       : (REDACTED) Writing data of size=%d bytes with N=%d keys to Geller corpus %s at ts=%d
07-03 13:47:21.141  1272  1347 E system_server: Invalid ID 0x00000000.
07-03 13:47:21.143   560   560 E SELinux : avc:  denied  { find } for interface=vendor.qti.hardware.servicetracker::IServicetracker sid=u:r:system_server:s0 pid=1272 scontext=u:r:system_server:s0 tcontext=u:object_r:default_android_hwservice:s0 tclass=hwservice_manager permissive=0
07-03 13:47:21.145   560   560 E SELinux : avc:  denied  { find } for interface=vendor.qti.hardware.servicetracker::IServicetracker sid=u:r:system_server:s0 pid=1272 scontext=u:r:system_server:s0 tcontext=u:object_r:default_android_hwservice:s0 tclass=hwservice_manager permissive=0
07-03 13:47:21.145 10382 10465 I DeviceAppInfoWork: refreshDeviceAppInfoForAccount done.
07-03 13:47:21.148 14006 16727 W ChimeraUtils: Module com.google.android.gms.nearby_en missing resource null(0)
07-03 13:47:21.149 10382 10466 I DeviceAppInfoWork: refreshDeviceAppInfoForAccount done.
07-03 13:47:21.150  6212 28705 V FP907.PushServiceUtil: < resolveInfoToApplicationBinding(): getPushInfos com.evenwell.DeviceMonitorControl
07-03 13:47:21.150  6212 28705 V FP907.PushServiceUtil: > resolveInfoToApplicationBinding(): getApplicationInfo com.evenwell.DeviceMonitorControl
07-03 13:47:21.150 14006 16727 W ChimeraUtils: Module com.google.android.gms.nearby_en missing resource null(0)
07-03 13:47:21.151  1272  1346 W ActivityManager: ProcessRecord{2c11da7 0:com.example.batterymanager_utility/u0a186}: ART verification disabled
07-03 13:47:21.151 27083 27130 I Icing   : Indexing done com.google.android.gms-apps
07-03 13:47:21.155   560   560 E SELinux : avc:  denied  { find } for interface=vendor.qti.hardware.servicetracker::IServicetracker sid=u:r:system_server:s0 pid=1272 scontext=u:r:system_server:s0 tcontext=u:object_r:default_android_hwservice:s0 tclass=hwservice_manager permissive=0
07-03 13:47:21.157  1272  5276 D CompatibilityInfo: mCompatibilityFlags - 0
07-03 13:47:21.157  1272  5276 D CompatibilityInfo: applicationDensity - 420
07-03 13:47:21.157  1272  5276 D CompatibilityInfo: applicationScale - 1.0
07-03 13:47:21.157 10382 10480 W DeviceAppInfoWork: missing version info.
07-03 13:47:21.158   560   560 E SELinux : avc:  denied  { find } for interface=vendor.qti.hardware.servicetracker::IServicetracker sid=u:r:system_server:s0 pid=1272 scontext=u:r:system_server:s0 tcontext=u:object_r:default_android_hwservice:s0 tclass=hwservice_manager permissive=0
07-03 13:47:21.159 10382 10494 W SearchServiceCore: Abort, client detached.
07-03 13:47:21.160  1272  1346 D ActivityManager: Package [com.example.batterymanager_utility] have process
07-03 13:47:21.165   560   560 E SELinux : avc:  denied  { find } for interface=vendor.qti.hardware.servicetracker::IServicetracker sid=u:r:system_server:s0 pid=1272 scontext=u:r:system_server:s0 tcontext=u:object_r:default_android_hwservice:s0 tclass=hwservice_manager permissive=0
07-03 13:47:21.167   680   680 D Zygote  : Forked child process 28744
07-03 13:47:21.167 10382 10481 W DeviceAppInfoWork: missing version info.
07-03 13:47:21.170   560   560 E SELinux : avc:  denied  { find } for interface=vendor.qti.hardware.servicetracker::IServicetracker sid=u:r:system_server:s0 pid=1272 scontext=u:r:system_server:s0 tcontext=u:object_r:default_android_hwservice:s0 tclass=hwservice_manager permissive=0
07-03 13:47:21.176   560   560 I chatty  : uid=1000(system) hwservicemanage identical 2 lines
07-03 13:47:21.181   560   560 E SELinux : avc:  denied  { find } for interface=vendor.qti.hardware.servicetracker::IServicetracker sid=u:r:system_server:s0 pid=1272 scontext=u:r:system_server:s0 tcontext=u:object_r:default_android_hwservice:s0 tclass=hwservice_manager permissive=0
07-03 13:47:21.182 28744 28744 I manager_utilit: Late-enabling -Xcheck:jni
07-03 13:47:21.183  6212 28705 V FP907.PushServiceUtil: < resolveInfoToApplicationBinding(): getApplicationInfo com.evenwell.DeviceMonitorControl
07-03 13:47:21.185   560   560 E SELinux : avc:  denied  { find } for interface=vendor.qti.hardware.servicetracker::IServicetracker sid=u:r:system_server:s0 pid=1272 scontext=u:r:system_server:s0 tcontext=u:object_r:default_android_hwservice:s0 tclass=hwservice_manager permissive=0
07-03 13:47:21.186  6212 28705 V FP907.PushServiceUtil: > resolveInfoToApplicationBinding(): getPushInfos com.evenwell.custmanager
07-03 13:47:21.191 27083 27130 I Icing   : Indexing com.google.android.gms-apps from com.google.android.gms
07-03 13:47:21.192  1272  1355 I ActivityManager: Start proc 28744:com.example.batterymanager_utility/u0a186 for activity {com.example.batterymanager_utility/com.example.batterymanager_utility.MainActivity}
07-03 13:47:21.192  1272  1355 D ActivityManager: handleProcessStartedLocked mDoneFinishBooting && app.pid != 0 ---> notifyProcessStart, app.processName = com.example.batterymanager_utility, app.info = ApplicationInfo{9a31c3e com.example.batterymanager_utility}, app.hostingType = activity, getHostingName() = ComponentInfo{com.example.batterymanager_utility/com.example.batterymanager_utility.MainActivity}, getIntentFlag() = 0, getIsPackageRunning() = true, app = ProcessRecord{2c11da7 28744:com.example.batterymanager_utility/u0a186}, getExtraData() = null
07-03 13:47:21.192 27083 27130 I Icing   : Indexing done com.google.android.gms-apps
