07-09 17:25:44.830 29908 30048 I BatteryMgr:DataCollectionService: stats => 1688916344830,-97,4229
07-09 17:25:44.834 29908 30048 I BatteryMgr:DataCollectionService: stats => 1688916344834,-97,4229
07-09 17:25:44.835  3436 30023 W ExynosCamera3: [CAM_ID(1)][]-WARN(m_previewStreamISPPipeThreadFunc[6613]):wait timeout
07-09 17:25:44.837  3436 30022 W ExynosCamera3: [CAM_ID(1)][]-WARN(m_previewStreamVRAPipeThreadFunc[6650]):wait timeout
07-09 17:25:44.838 29908 30048 I BatteryMgr:DataCollectionService: stats => 1688916344838,-97,4229
07-09 17:25:44.841  3436 30025 D ExynosCamera3: [CAM_ID(1)][]-DEBUG(m_handleInternalFrame[8816]):[EJ] Pass the frame to handleBayerBuffer 94 / m_isNeedRequestFrame = 1, m_isNeedInternalFrame = 0
07-09 17:25:44.842 29908 30048 I BatteryMgr:DataCollectionService: stats => 1688916344842,-97,4229
07-09 17:25:44.846 29908 30048 I BatteryMgr:DataCollectionService: stats => 1688916344846,-97,4229
07-09 17:25:44.850 29908 30048 I BatteryMgr:DataCollectionService: stats => 1688916344850,-97,4229
07-09 17:25:44.854 29908 30048 I BatteryMgr:DataCollectionService: stats => 1688916344854,-97,4229
07-09 17:25:44.858 29908 30048 I BatteryMgr:DataCollectionService: stats => 1688916344858,-97,4229
07-09 17:25:44.862 29908 30048 I BatteryMgr:DataCollectionService: stats => 1688916344862,-97,4229
07-09 17:25:44.866 29908 30048 I BatteryMgr:DataCollectionService: stats => 1688916344866,-97,4229
07-09 17:25:44.870 29908 30048 I BatteryMgr:DataCollectionService: stats => 1688916344870,-97,4229
07-09 17:25:44.874 29908 30048 I BatteryMgr:DataCollectionService: stats => 1688916344874,-97,4229
07-09 17:25:44.875  3436 30025 D ExynosCamera3: [CAM_ID(1)][]-DEBUG(m_handleInternalFrame[8816]):[EJ] Pass the frame to handleBayerBuffer 95 / m_isNeedRequestFrame = 1, m_isNeedInternalFrame = 0
07-09 17:25:44.878 29908 30048 I BatteryMgr:DataCollectionService: stats => 1688916344878,-97,4229
07-09 17:25:44.882 29908 30048 I BatteryMgr:DataCollectionService: stats => 1688916344882,-97,4229
07-09 17:25:44.886 29908 30048 I BatteryMgr:DataCollectionService: stats => 1688916344886,-97,4229
07-09 17:25:44.890 29908 30048 I BatteryMgr:DataCollectionService: stats => 1688916344890,-97,4229
07-09 17:25:44.894 29908 30048 I BatteryMgr:DataCollectionService: stats => 1688916344894,-97,4229
07-09 17:25:44.898 29908 30048 I BatteryMgr:DataCollectionService: stats => 1688916344898,-97,4229
07-09 17:25:44.902 29908 30048 I BatteryMgr:DataCollectionService: stats => 1688916344902,-97,4229
07-09 17:25:44.906 29908 30048 I BatteryMgr:DataCollectionService: stats => 1688916344906,-97,4229
07-09 17:25:44.908  3436 30025 D ExynosCamera3: [CAM_ID(1)][]-DEBUG(m_handleInternalFrame[8816]):[EJ] Pass the frame to handleBayerBuffer 96 / m_isNeedRequestFrame = 1, m_isNeedInternalFrame = 0
07-09 17:25:44.911 29908 30048 I BatteryMgr:DataCollectionService: stats => 1688916344910,-97,4229
07-09 17:25:44.915 29908 30048 I BatteryMgr:DataCollectionService: stats => 1688916344915,-97,4229
07-09 17:25:44.918  3962  6763 D SSRM:k  : SIOP:: AP = 320, PST = 318 (W:30), BAT = 307, USB = 0, CHG = 0
07-09 17:25:44.919 29908 30048 I BatteryMgr:DataCollectionService: stats => 1688916344919,-97,4229
07-09 17:25:44.923 29908 30048 I BatteryMgr:DataCollectionService: stats => 1688916344923,-97,4229
07-09 17:25:44.927 29908 30048 I BatteryMgr:DataCollectionService: stats => 1688916344927,-97,4229
07-09 17:25:44.931 29908 30048 I BatteryMgr:DataCollectionService: stats => 1688916344931,-97,4229
07-09 17:25:44.935 29908 30048 I BatteryMgr:DataCollectionService: stats => 1688916344935,-97,4229
07-09 17:25:44.939 29908 30048 I BatteryMgr:DataCollectionService: stats => 1688916344939,-97,4229
07-09 17:25:44.944 29908 30048 I BatteryMgr:DataCollectionService: stats => 1688916344944,-97,4229
07-09 17:25:44.944  3436 30025 D ExynosCamera3: [CAM_ID(1)][]-DEBUG(m_handleInternalFrame[8816]):[EJ] Pass the frame to handleBayerBuffer 97 / m_isNeedRequestFrame = 1, m_isNeedInternalFrame = 0
07-09 17:25:44.948 29908 30048 I BatteryMgr:DataCollectionService: stats => 1688916344948,-97,4229
07-09 17:25:44.952 29908 30048 I BatteryMgr:DataCollectionService: stats => 1688916344952,-97,4229
07-09 17:25:44.956 29908 30048 I BatteryMgr:DataCollectionService: stats => 1688916344956,-97,4229
07-09 17:25:44.960 29908 30048 I BatteryMgr:DataCollectionService: stats => 1688916344960,-97,4229
07-09 17:25:44.964 29908 30048 I BatteryMgr:DataCollectionService: stats => 1688916344964,-97,4229
07-09 17:25:44.968 29908 30048 I BatteryMgr:DataCollectionService: stats => 1688916344968,-97,4229
07-09 17:25:44.972 29908 30048 I BatteryMgr:DataCollectionService: stats => 1688916344972,-97,4229
07-09 17:25:44.976 29908 30048 I BatteryMgr:DataCollectionService: stats => 1688916344976,-97,4229
07-09 17:25:44.978  3436 30025 D ExynosCamera3: [CAM_ID(1)][]-DEBUG(m_handleInternalFrame[8816]):[EJ] Pass the frame to handleBayerBuffer 98 / m_isNeedRequestFrame = 1, m_isNeedInternalFrame = 0
07-09 17:25:44.981 29908 30048 I BatteryMgr:DataCollectionService: stats => 1688916344980,-97,4229
07-09 17:25:44.984 29908 30048 I BatteryMgr:DataCollectionService: stats => 1688916344984,-97,4229
07-09 17:25:44.985  3436 30023 W ExynosCamera3: [CAM_ID(1)][]-WARN(m_previewStreamISPPipeThreadFunc[6613]):wait timeout
07-09 17:25:44.988  3436 30022 W ExynosCamera3: [CAM_ID(1)][]-WARN(m_previewStreamVRAPipeThreadFunc[6650]):wait timeout
07-09 17:25:44.989 29908 30048 I BatteryMgr:DataCollectionService: stats => 1688916344988,-97,4229
07-09 17:25:44.992 29908 30048 I BatteryMgr:DataCollectionService: stats => 1688916344992,-97,4229
07-09 17:25:44.996 29908 30048 I BatteryMgr:DataCollectionService: stats => 1688916344996,-97,4229
07-09 17:25:45.000 29908 30048 I BatteryMgr:DataCollectionService: stats => 1688916345000,-97,4229
07-09 17:25:45.004 29908 30048 I BatteryMgr:DataCollectionService: stats => 1688916345004,-97,4229
07-09 17:25:45.008  3436 30025 D ExynosCamera3: [CAM_ID(1)][]-DEBUG(m_handleInternalFrame[8816]):[EJ] Pass the frame to handleBayerBuffer 99 / m_isNeedRequestFrame = 1, m_isNeedInternalFrame = 0
07-09 17:25:45.013 29908 30048 I BatteryMgr:DataCollectionService: stats => 1688916345013,-97,4229
07-09 17:25:45.019 29908 30048 I BatteryMgr:DataCollectionService: stats => 1688916345018,-97,4229
07-09 17:25:45.024 29908 30048 I BatteryMgr:DataCollectionService: stats => 1688916345024,-97,4229
07-09 17:25:45.029 29908 30048 I BatteryMgr:DataCollectionService: stats => 1688916345029,-97,4229
07-09 17:25:45.033 29908 30048 I BatteryMgr:DataCollectionService: stats => 1688916345033,-97,4229
07-09 17:25:45.037 29908 30048 I BatteryMgr:DataCollectionService: stats => 1688916345037,-97,4229
07-09 17:25:45.041 29908 30048 I BatteryMgr:DataCollectionService: stats => 1688916345041,-97,4229
07-09 17:25:45.041  3436 30025 D ExynosCamera3: [CAM_ID(1)][]-DEBUG(m_handleInternalFrame[8816]):[EJ] Pass the frame to handleBayerBuffer 100 / m_isNeedRequestFrame = 1, m_isNeedInternalFrame = 0
07-09 17:25:45.045 29908 30048 I BatteryMgr:DataCollectionService: stats => 1688916345045,-97,4229
07-09 17:25:45.049 29908 30048 I BatteryMgr:DataCollectionService: stats => 1688916345049,-97,4229
07-09 17:25:45.053 29908 30048 I BatteryMgr:DataCollectionService: stats => 1688916345053,-97,4229
07-09 17:25:45.057 29908 30048 I BatteryMgr:DataCollectionService: stats => 1688916345057,-97,4229
07-09 17:25:45.061 29908 30048 I BatteryMgr:DataCollectionService: stats => 1688916345061,-97,4229
07-09 17:25:45.066 29908 30048 I BatteryMgr:DataCollectionService: stats => 1688916345065,-97,4229
07-09 17:25:45.069 29908 30048 I BatteryMgr:DataCollectionService: stats => 1688916345069,-97,4229
07-09 17:25:45.073 29908 30048 I BatteryMgr:DataCollectionService: stats => 1688916345073,-97,4229
07-09 17:25:45.075  3436 30025 D ExynosCamera3: [CAM_ID(1)][]-DEBUG(m_handleInternalFrame[8816]):[EJ] Pass the frame to handleBayerBuffer 101 / m_isNeedRequestFrame = 1, m_isNeedInternalFrame = 0
07-09 17:25:45.077 29908 30048 I BatteryMgr:DataCollectionService: stats => 1688916345077,-97,4229
07-09 17:25:45.081 29908 30048 I BatteryMgr:DataCollectionService: stats => 1688916345081,-97,4229
07-09 17:25:45.085 29908 30048 I BatteryMgr:DataCollectionService: stats => 1688916345085,-97,4229
07-09 17:25:45.089 29908 30048 I BatteryMgr:DataCollectionService: stats => 1688916345089,-97,4229
07-09 17:25:45.093 29908 30048 I BatteryMgr:DataCollectionService: stats => 1688916345093,-97,4229
07-09 17:25:45.098 29908 30048 I BatteryMgr:DataCollectionService: stats => 1688916345098,-97,4229
07-09 17:25:45.102 29908 30048 I BatteryMgr:DataCollectionService: stats => 1688916345102,-97,4229
07-09 17:25:45.107 29908 30048 I BatteryMgr:DataCollectionService: stats => 1688916345107,-97,4229
07-09 17:25:45.108  3436 30025 D ExynosCamera3: [CAM_ID(1)][]-DEBUG(m_handleInternalFrame[8816]):[EJ] Pass the frame to handleBayerBuffer 102 / m_isNeedRequestFrame = 1, m_isNeedInternalFrame = 0
07-09 17:25:45.112 29908 30048 I BatteryMgr:DataCollectionService: stats => 1688916345112,-97,4229
07-09 17:25:45.116  3436 30016 W ExynosCameraMCPipe: [CAM_ID(1)][PIPE_ISP]-WARN(m_putBuffer[1530]):inputFrameQ wait timeout
07-09 17:25:45.116  3436 30016 W ExynosCameraMCPipe: [CAM_ID(1)][PIPE_ISP]-WARN(m_putBufferThreadFunc[1471]):m_putbuffer fail, ret(-110)
07-09 17:25:45.117 29908 30048 I BatteryMgr:DataCollectionService: stats => 1688916345117,-97,4229
07-09 17:25:45.121 29908 30048 I BatteryMgr:DataCollectionService: stats => 1688916345121,-97,4229
07-09 17:25:45.126 29908 30048 I BatteryMgr:DataCollectionService: stats => 1688916345126,-97,4229
07-09 17:25:45.130  3436 30017 W ExynosCameraMCPipe: [CAM_ID(1)][PIPE_ISP]-WARN(m_getBuffer[1976]):requestFrameQ wait timeout
07-09 17:25:45.130  3436 30017 W ExynosCameraMCPipe: [CAM_ID(1)][PIPE_ISP]-WARN(m_getBufferThreadFunc[1492]):m_getBuffer fail, ret(-110)
07-09 17:25:45.131 29908 30048 I BatteryMgr:DataCollectionService: stats => 1688916345131,-97,4229
07-09 17:25:45.136  3436 30023 W ExynosCamera3: [CAM_ID(1)][]-WARN(m_previewStreamISPPipeThreadFunc[6613]):wait timeout
07-09 17:25:45.136 29908 30048 I BatteryMgr:DataCollectionService: stats => 1688916345136,-97,4229
07-09 17:25:45.138  3436 30022 W ExynosCamera3: [CAM_ID(1)][]-WARN(m_previewStreamVRAPipeThreadFunc[6650]):wait timeout
07-09 17:25:45.140 29908 30048 I BatteryMgr:DataCollectionService: stats => 1688916345140,-97,4229
07-09 17:25:45.142  3436 30025 D ExynosCamera3: [CAM_ID(1)][]-DEBUG(m_handleInternalFrame[8816]):[EJ] Pass the frame to handleBayerBuffer 103 / m_isNeedRequestFrame = 1, m_isNeedInternalFrame = 0
07-09 17:25:45.145 29908 30048 I BatteryMgr:DataCollectionService: stats => 1688916345145,-97,4229
07-09 17:25:45.149 29908 30048 I BatteryMgr:DataCollectionService: stats => 1688916345149,-97,4229
07-09 17:25:45.153 29908 30048 I BatteryMgr:DataCollectionService: stats => 1688916345153,-97,4229
07-09 17:25:45.157 29908 30048 I BatteryMgr:DataCollectionService: stats => 1688916345157,-97,4229
07-09 17:25:45.161 29908 30048 I BatteryMgr:DataCollectionService: stats => 1688916345161,-97,4229
07-09 17:25:45.165 29908 30048 I BatteryMgr:DataCollectionService: stats => 1688916345165,-97,4229
07-09 17:25:45.168 29908 30048 I BatteryMgr:DataCollectionService: stats => 1688916345168,-97,4229
07-09 17:25:45.172 29908 30048 I BatteryMgr:DataCollectionService: stats => 1688916345172,-97,4229
07-09 17:25:45.174  3436 30025 D ExynosCamera3: [CAM_ID(1)][]-DEBUG(m_handleInternalFrame[8816]):[EJ] Pass the frame to handleBayerBuffer 104 / m_isNeedRequestFrame = 1, m_isNeedInternalFrame = 0
07-09 17:25:45.177 29908 30048 I BatteryMgr:DataCollectionService: stats => 1688916345177,-97,4229
07-09 17:25:45.181 29908 30048 I BatteryMgr:DataCollectionService: stats => 1688916345181,-97,4229
07-09 17:25:45.185 29908 30048 I BatteryMgr:DataCollectionService: stats => 1688916345185,-97,4229
07-09 17:25:45.189 29908 30048 I BatteryMgr:DataCollectionService: stats => 1688916345189,-97,4229
07-09 17:25:45.193 29908 30048 I BatteryMgr:DataCollectionService: stats => 1688916345193,-97,4229
07-09 17:25:45.196 29908 30048 I BatteryMgr:DataCollectionService: stats => 1688916345196,-97,4229
07-09 17:25:45.200 29908 30048 I BatteryMgr:DataCollectionService: stats => 1688916345200,-97,4229
07-09 17:25:45.204 29908 30048 I BatteryMgr:DataCollectionService: stats => 1688916345204,-97,4229
07-09 17:25:45.208  3436 30025 D ExynosCamera3: [CAM_ID(1)][]-DEBUG(m_handleInternalFrame[8816]):[EJ] Pass the frame to handleBayerBuffer 105 / m_isNeedRequestFrame = 1, m_isNeedInternalFrame = 0
07-09 17:25:45.212 29908 30048 I BatteryMgr:DataCollectionService: stats => 1688916345211,-97,4229
07-09 17:25:45.215 29908 30048 I BatteryMgr:DataCollectionService: stats => 1688916345215,-97,4229
07-09 17:25:45.219 29908 30048 I BatteryMgr:DataCollectionService: stats => 1688916345219,-97,4229
07-09 17:25:45.223 29908 30048 I BatteryMgr:DataCollectionService: stats => 1688916345222,-97,4229
07-09 17:25:45.226 29908 30048 I BatteryMgr:DataCollectionService: stats => 1688916345226,-97,4229
07-09 17:25:45.230 29908 30048 I BatteryMgr:DataCollectionService: stats => 1688916345230,-97,4229
07-09 17:25:45.234 29908 30048 I BatteryMgr:DataCollectionService: stats => 1688916345234,-97,4229
07-09 17:25:45.238 29908 30048 I BatteryMgr:DataCollectionService: stats => 1688916345238,-97,4229
07-09 17:25:45.241  3436 30025 D ExynosCamera3: [CAM_ID(1)][]-DEBUG(m_handleInternalFrame[8816]):[EJ] Pass the frame to handleBayerBuffer 106 / m_isNeedRequestFrame = 1, m_isNeedInternalFrame = 0
07-09 17:25:45.242 29908 30048 I BatteryMgr:DataCollectionService: stats => 1688916345242,-97,4229
07-09 17:25:45.246 29908 30048 I BatteryMgr:DataCollectionService: stats => 1688916345246,-97,4229
07-09 17:25:45.250 29908 30048 I BatteryMgr:DataCollectionService: stats => 1688916345250,-97,4229
07-09 17:25:45.254 29908 30048 I BatteryMgr:DataCollectionService: stats => 1688916345254,-97,4229
07-09 17:25:45.257 29908 30048 I BatteryMgr:DataCollectionService: stats => 1688916345257,-97,4229
07-09 17:25:45.260 29908 30048 I BatteryMgr:DataCollectionService: stats => 1688916345260,-97,4229
07-09 17:25:45.263 29908 30048 I BatteryMgr:DataCollectionService: stats => 1688916345263,-97,4229
07-09 17:25:45.266 29908 30048 I BatteryMgr:DataCollectionService: stats => 1688916345266,-97,4229
07-09 17:25:45.269 29908 30048 I BatteryMgr:DataCollectionService: stats => 1688916345269,-97,4229
07-09 17:25:45.272 29908 30048 I BatteryMgr:DataCollectionService: stats => 1688916345272,-97,4229
07-09 17:25:45.274  3436 30025 D ExynosCamera3: [CAM_ID(1)][]-DEBUG(m_handleInternalFrame[8816]):[EJ] Pass the frame to handleBayerBuffer 107 / m_isNeedRequestFrame = 1, m_isNeedInternalFrame = 0
07-09 17:25:45.276 29908 30048 I BatteryMgr:DataCollectionService: stats => 1688916345276,-97,4229
07-09 17:25:45.280 29908 30048 I BatteryMgr:DataCollectionService: stats => 1688916345280,-97,4229
07-09 17:25:45.284 29908 30048 I BatteryMgr:DataCollectionService: stats => 1688916345284,-97,4229
07-09 17:25:45.286  3436 30023 W ExynosCamera3: [CAM_ID(1)][]-WARN(m_previewStreamISPPipeThreadFunc[6613]):wait timeout
07-09 17:25:45.288 29908 30048 I BatteryMgr:DataCollectionService: stats => 1688916345287,-97,4229
07-09 17:25:45.288  3436 30022 W ExynosCamera3: [CAM_ID(1)][]-WARN(m_previewStreamVRAPipeThreadFunc[6650]):wait timeout
07-09 17:25:45.291 29908 30048 I BatteryMgr:DataCollectionService: stats => 1688916345291,-97,4229
07-09 17:25:45.295 29908 30048 I BatteryMgr:DataCollectionService: stats => 1688916345295,-97,4229
07-09 17:25:45.300 29908 30048 I BatteryMgr:DataCollectionService: stats => 1688916345300,-97,4229
07-09 17:25:45.303 29908 30048 I BatteryMgr:DataCollectionService: stats => 1688916345303,-97,4229
07-09 17:25:45.308 29908 30048 I BatteryMgr:DataCollectionService: stats => 1688916345307,-97,4229
07-09 17:25:45.308  3436 30025 D ExynosCamera3: [CAM_ID(1)][]-DEBUG(m_handleInternalFrame[8816]):[EJ] Pass the frame to handleBayerBuffer 108 / m_isNeedRequestFrame = 1, m_isNeedInternalFrame = 0
07-09 17:25:45.312 29908 30048 I BatteryMgr:DataCollectionService: stats => 1688916345312,-97,4229
07-09 17:25:45.315 29908 30048 I BatteryMgr:DataCollectionService: stats => 1688916345315,-97,4229
07-09 17:25:45.319 29908 30048 I BatteryMgr:DataCollectionService: stats => 1688916345319,-97,4229
07-09 17:25:45.323 29908 30048 I BatteryMgr:DataCollectionService: stats => 1688916345323,-97,4229
07-09 17:25:45.327 29908 30048 I BatteryMgr:DataCollectionService: stats => 1688916345327,-97,4229
07-09 17:25:45.331 29908 30048 I BatteryMgr:DataCollectionService: stats => 1688916345331,-97,4229
07-09 17:25:45.335 29908 30048 I BatteryMgr:DataCollectionService: stats => 1688916345335,-97,4229
07-09 17:25:45.339 29908 30048 I BatteryMgr:DataCollectionService: stats => 1688916345339,-97,4229
07-09 17:25:45.341  3436 30025 D ExynosCamera3: [CAM_ID(1)][]-DEBUG(m_handleInternalFrame[8816]):[EJ] Pass the frame to handleBayerBuffer 109 / m_isNeedRequestFrame = 1, m_isNeedInternalFrame = 0
07-09 17:25:45.344 29908 30048 I BatteryMgr:DataCollectionService: stats => 1688916345344,-97,4229
07-09 17:25:45.348 29908 30048 I BatteryMgr:DataCollectionService: stats => 1688916345348,-97,4229
07-09 17:25:45.352 29908 30048 I BatteryMgr:DataCollectionService: stats => 1688916345351,-97,4229
07-09 17:25:45.355 29908 30048 I BatteryMgr:DataCollectionService: stats => 1688916345355,-97,4229
07-09 17:25:45.359 29908 30048 I BatteryMgr:DataCollectionService: stats => 1688916345359,-97,4229
07-09 17:25:45.363 29908 30048 I BatteryMgr:DataCollectionService: stats => 1688916345363,-97,4229
07-09 17:25:45.367 29908 30048 I BatteryMgr:DataCollectionService: stats => 1688916345367,-97,4229
07-09 17:25:45.371 29908 30048 I BatteryMgr:DataCollectionService: stats => 1688916345371,-97,4229
07-09 17:25:45.374  3436 30025 D ExynosCamera3: [CAM_ID(1)][]-DEBUG(m_handleInternalFrame[8816]):[EJ] Pass the frame to handleBayerBuffer 110 / m_isNeedRequestFrame = 1, m_isNeedInternalFrame = 0
07-09 17:25:45.376 29908 30048 I BatteryMgr:DataCollectionService: stats => 1688916345375,-97,4229
07-09 17:25:45.380 29908 30048 I BatteryMgr:DataCollectionService: stats => 1688916345379,-97,4229
07-09 17:25:45.383 29908 30048 I BatteryMgr:DataCollectionService: stats => 1688916345383,-97,4229
07-09 17:25:45.387 29908 30048 I BatteryMgr:DataCollectionService: stats => 1688916345387,-97,4229
07-09 17:25:45.391 29908 30048 I BatteryMgr:DataCollectionService: stats => 1688916345391,-97,4229
07-09 17:25:45.395 29908 30048 I BatteryMgr:DataCollectionService: stats => 1688916345395,-97,4229
07-09 17:25:45.400 29908 30048 I BatteryMgr:DataCollectionService: stats => 1688916345399,-97,4229
07-09 17:25:45.403 29908 30048 I BatteryMgr:DataCollectionService: stats => 1688916345403,-97,4229
07-09 17:25:45.407 29908 30048 I BatteryMgr:DataCollectionService: stats => 1688916345407,-97,4229
07-09 17:25:45.408  3436 30025 D ExynosCamera3: [CAM_ID(1)][]-DEBUG(m_handleInternalFrame[8816]):[EJ] Pass the frame to handleBayerBuffer 111 / m_isNeedRequestFrame = 1, m_isNeedInternalFrame = 0
07-09 17:25:45.411 29908 30048 I BatteryMgr:DataCollectionService: stats => 1688916345411,-97,4229
07-09 17:25:45.415 29908 30048 I BatteryMgr:DataCollectionService: stats => 1688916345415,-97,4229
07-09 17:25:45.419 29908 30048 I BatteryMgr:DataCollectionService: stats => 1688916345419,-97,4229
07-09 17:25:45.423 29908 30048 I BatteryMgr:DataCollectionService: stats => 1688916345423,-97,4229
07-09 17:25:45.426 29908 30048 I BatteryMgr:DataCollectionService: stats => 1688916345426,-97,4229
07-09 17:25:45.431 29908 30048 I BatteryMgr:DataCollectionService: stats => 1688916345431,-97,4229
07-09 17:25:45.435 29908 30048 I BatteryMgr:DataCollectionService: stats => 1688916345435,-97,4229
07-09 17:25:45.436  3436 30023 W ExynosCamera3: [CAM_ID(1)][]-WARN(m_previewStreamISPPipeThreadFunc[6613]):wait timeout
07-09 17:25:45.438  3436 30022 W ExynosCamera3: [CAM_ID(1)][]-WARN(m_previewStreamVRAPipeThreadFunc[6650]):wait timeout
07-09 17:25:45.438 29908 30048 I BatteryMgr:DataCollectionService: stats => 1688916345438,-97,4229
07-09 17:25:45.441  3436 30025 D ExynosCamera3: [CAM_ID(1)][]-DEBUG(m_handleInternalFrame[8816]):[EJ] Pass the frame to handleBayerBuffer 112 / m_isNeedRequestFrame = 1, m_isNeedInternalFrame = 0
07-09 17:25:45.443 29908 30048 I BatteryMgr:DataCollectionService: stats => 1688916345443,-97,4229
07-09 17:25:45.447 29908 30048 I BatteryMgr:DataCollectionService: stats => 1688916345447,-97,4229
07-09 17:25:45.451 29908 30048 I BatteryMgr:DataCollectionService: stats => 1688916345451,-97,4229
07-09 17:25:45.454 29908 30048 I BatteryMgr:DataCollectionService: stats => 1688916345454,-97,4229
07-09 17:25:45.458 29908 30048 I BatteryMgr:DataCollectionService: stats => 1688916345458,-97,4229
07-09 17:25:45.462 29908 30048 I BatteryMgr:DataCollectionService: stats => 1688916345462,-97,4229
07-09 17:25:45.464  3962  7157 I EDMNativeHelperService: isCameraEnabled
07-09 17:25:45.466 29908 30048 I BatteryMgr:DataCollectionService: stats => 1688916345466,-97,4229
07-09 17:25:45.470 29908 30048 I BatteryMgr:DataCollectionService: stats => 1688916345470,-97,4229
07-09 17:25:45.474  3436 30025 D ExynosCamera3: [CAM_ID(1)][]-DEBUG(m_handleInternalFrame[8816]):[EJ] Pass the frame to handleBayerBuffer 113 / m_isNeedRequestFrame = 1, m_isNeedInternalFrame = 0
07-09 17:25:45.475 29908 30048 I BatteryMgr:DataCollectionService: stats => 1688916345475,-97,4229
07-09 17:25:45.479 29908 30048 I BatteryMgr:DataCollectionService: stats => 1688916345479,-97,4229
07-09 17:25:45.483 29908 30048 I BatteryMgr:DataCollectionService: stats => 1688916345483,-97,4229
07-09 17:25:45.487 29908 30048 I BatteryMgr:DataCollectionService: stats => 1688916345487,-97,4229
07-09 17:25:45.491 29908 30048 I BatteryMgr:DataCollectionService: stats => 1688916345491,-97,4229
07-09 17:25:45.494 29908 30048 I BatteryMgr:DataCollectionService: stats => 1688916345494,-97,4229
07-09 17:25:45.499 29908 30048 I BatteryMgr:DataCollectionService: stats => 1688916345499,-97,4229
07-09 17:25:45.503 29908 30048 I BatteryMgr:DataCollectionService: stats => 1688916345502,-97,4229
07-09 17:25:45.506 29908 30048 I BatteryMgr:DataCollectionService: stats => 1688916345506,-97,4229
07-09 17:25:45.508  3436 30025 D ExynosCamera3: [CAM_ID(1)][]-DEBUG(m_handleInternalFrame[8816]):[EJ] Pass the frame to handleBayerBuffer 114 / m_isNeedRequestFrame = 1, m_isNeedInternalFrame = 0
07-09 17:25:45.511 29908 30048 I BatteryMgr:DataCollectionService: stats => 1688916345510,-97,4229
07-09 17:25:45.514 29908 30048 I BatteryMgr:DataCollectionService: stats => 1688916345514,-97,4229
07-09 17:25:45.518 29908 30048 I BatteryMgr:DataCollectionService: stats => 1688916345518,-97,4229
07-09 17:25:45.522 29908 30048 I BatteryMgr:DataCollectionService: stats => 1688916345522,-97,4229
07-09 17:25:45.525 29908 30048 I BatteryMgr:DataCollectionService: stats => 1688916345525,-97,4229
07-09 17:25:45.529 29908 30048 I BatteryMgr:DataCollectionService: stats => 1688916345529,-97,4229
07-09 17:25:45.533 29908 30048 I BatteryMgr:DataCollectionService: stats => 1688916345533,-97,4229
07-09 17:25:45.538 29908 30048 I BatteryMgr:DataCollectionService: stats => 1688916345538,-97,4229
07-09 17:25:45.541  3436 30025 D ExynosCamera3: [CAM_ID(1)][]-DEBUG(m_handleInternalFrame[8816]):[EJ] Pass the frame to handleBayerBuffer 115 / m_isNeedRequestFrame = 1, m_isNeedInternalFrame = 0
07-09 17:25:45.546 29908 30048 I BatteryMgr:DataCollectionService: stats => 1688916345546,-97,4229
07-09 17:25:45.549 29908 30054 D ProfileInstaller: Installing profile for com.example.batterymanager_utility
07-09 17:25:45.551 29908 30048 I BatteryMgr:DataCollectionService: stats => 1688916345551,-97,4229
07-09 17:25:45.555 29908 30048 I BatteryMgr:DataCollectionService: stats => 1688916345555,-97,4229
07-09 17:25:45.559 29908 30048 I BatteryMgr:DataCollectionService: stats => 1688916345559,-97,4229
07-09 17:25:45.563 29908 30048 I BatteryMgr:DataCollectionService: stats => 1688916345563,-97,4229
07-09 17:25:45.567 29908 30048 I BatteryMgr:DataCollectionService: stats => 1688916345566,-97,4229
07-09 17:25:45.570 29908 30048 I BatteryMgr:DataCollectionService: stats => 1688916345570,-97,4229
07-09 17:25:45.574  3436 30025 D ExynosCamera3: [CAM_ID(1)][]-DEBUG(m_handleInternalFrame[8816]):[EJ] Pass the frame to handleBayerBuffer 116 / m_isNeedRequestFrame = 1, m_isNeedInternalFrame = 0
07-09 17:25:45.579 29908 30048 I BatteryMgr:DataCollectionService: stats => 1688916345579,-97,4229
07-09 17:25:45.582 29908 30048 I BatteryMgr:DataCollectionService: stats => 1688916345582,-97,4229
07-09 17:25:45.586  3436 30023 W ExynosCamera3: [CAM_ID(1)][]-WARN(m_previewStreamISPPipeThreadFunc[6613]):wait timeout
07-09 17:25:45.586 29908 30048 I BatteryMgr:DataCollectionService: stats => 1688916345586,-97,4229
07-09 17:25:45.588  3436 30022 W ExynosCamera3: [CAM_ID(1)][]-WARN(m_previewStreamVRAPipeThreadFunc[6650]):wait timeout
07-09 17:25:45.590 29908 30048 I BatteryMgr:DataCollectionService: stats => 1688916345590,-97,4229
07-09 17:25:45.594 29908 30048 I BatteryMgr:DataCollectionService: stats => 1688916345594,-97,4229
07-09 17:25:45.597 29908 30048 I BatteryMgr:DataCollectionService: stats => 1688916345597,-97,4229
07-09 17:25:45.601 29908 30048 I BatteryMgr:DataCollectionService: stats => 1688916345601,-97,4229
07-09 17:25:45.605 29908 30048 I BatteryMgr:DataCollectionService: stats => 1688916345605,-97,4229
07-09 17:25:45.609 29908 30048 I BatteryMgr:DataCollectionService: stats => 1688916345609,-97,4229
07-09 17:25:45.610  3436 30025 D ExynosCamera3: [CAM_ID(1)][]-DEBUG(m_handleInternalFrame[8816]):[EJ] Pass the frame to handleBayerBuffer 117 / m_isNeedRequestFrame = 1, m_isNeedInternalFrame = 0
07-09 17:25:45.613 29908 30048 I BatteryMgr:DataCollectionService: stats => 1688916345613,-97,4229
07-09 17:25:45.617 29908 30048 I BatteryMgr:DataCollectionService: stats => 1688916345617,-97,4229
07-09 17:25:45.621 29908 30048 I BatteryMgr:DataCollectionService: stats => 1688916345621,-97,4229
07-09 17:25:45.624 29908 30048 I BatteryMgr:DataCollectionService: stats => 1688916345624,-97,4229
07-09 17:25:45.628 29908 30048 I BatteryMgr:DataCollectionService: stats => 1688916345628,-97,4229
07-09 17:25:45.632 29908 30048 I BatteryMgr:DataCollectionService: stats => 1688916345632,-97,4229
07-09 17:25:45.636 29908 30048 I BatteryMgr:DataCollectionService: stats => 1688916345636,-97,4229
07-09 17:25:45.641  3436 30025 D ExynosCamera3: [CAM_ID(1)][]-DEBUG(m_handleInternalFrame[8816]):[EJ] Pass the frame to handleBayerBuffer 118 / m_isNeedRequestFrame = 1, m_isNeedInternalFrame = 0
07-09 17:25:45.644 29908 30048 I BatteryMgr:DataCollectionService: stats => 1688916345644,-97,4229
07-09 17:25:45.648 29908 30048 I BatteryMgr:DataCollectionService: stats => 1688916345648,-97,4229
07-09 17:25:45.651 29908 30048 I BatteryMgr:DataCollectionService: stats => 1688916345651,-97,4229
07-09 17:25:45.655 29908 30048 I BatteryMgr:DataCollectionService: stats => 1688916345655,-97,4229
07-09 17:25:45.659 29908 30048 I BatteryMgr:DataCollectionService: stats => 1688916345659,-97,4229
07-09 17:25:45.664 29908 30048 I BatteryMgr:DataCollectionService: stats => 1688916345664,-97,4229
07-09 17:25:45.666  3436 30016 W ExynosCameraMCPipe: [CAM_ID(1)][PIPE_ISP]-WARN(m_putBuffer[1530]):inputFrameQ wait timeout
07-09 17:25:45.667  3436 30016 W ExynosCameraMCPipe: [CAM_ID(1)][PIPE_ISP]-WARN(m_putBufferThreadFunc[1471]):m_putbuffer fail, ret(-110)
07-09 17:25:45.667 29908 30048 I BatteryMgr:DataCollectionService: stats => 1688916345667,-97,4229
07-09 17:25:45.671 29908 30048 I BatteryMgr:DataCollectionService: stats => 1688916345671,-97,4229
07-09 17:25:45.674  3436 30025 D ExynosCamera3: [CAM_ID(1)][]-DEBUG(m_handleInternalFrame[8816]):[EJ] Pass the frame to handleBayerBuffer 119 / m_isNeedRequestFrame = 1, m_isNeedInternalFrame = 0
07-09 17:25:45.675 29908 30048 I BatteryMgr:DataCollectionService: stats => 1688916345675,-97,4229
07-09 17:25:45.679 29908 30048 I BatteryMgr:DataCollectionService: stats => 1688916345679,-97,4229
07-09 17:25:45.681  3436 30017 W ExynosCameraMCPipe: [CAM_ID(1)][PIPE_ISP]-WARN(m_getBuffer[1976]):requestFrameQ wait timeout
07-09 17:25:45.681  3436 30017 W ExynosCameraMCPipe: [CAM_ID(1)][PIPE_ISP]-WARN(m_getBufferThreadFunc[1492]):m_getBuffer fail, ret(-110)
07-09 17:25:45.683 29908 30048 I BatteryMgr:DataCollectionService: stats => 1688916345683,-97,4229
07-09 17:25:45.687 29908 30048 I BatteryMgr:DataCollectionService: stats => 1688916345687,-97,4229
07-09 17:25:45.691 29908 30048 I BatteryMgr:DataCollectionService: stats => 1688916345691,-97,4229
07-09 17:25:45.694 29908 30048 I BatteryMgr:DataCollectionService: stats => 1688916345694,-97,4229
07-09 17:25:45.698 29908 30048 I BatteryMgr:DataCollectionService: stats => 1688916345698,-97,4229
07-09 17:25:45.702 29908 30048 I BatteryMgr:DataCollectionService: stats => 1688916345702,-97,4229
07-09 17:25:45.706 29908 30048 I BatteryMgr:DataCollectionService: stats => 1688916345706,-97,4229
07-09 17:25:45.708  3436 30025 D ExynosCamera3: [CAM_ID(1)][]-DEBUG(m_handleInternalFrame[8816]):[EJ] Pass the frame to handleBayerBuffer 120 / m_isNeedRequestFrame = 1, m_isNeedInternalFrame = 0
07-09 17:25:45.710 29908 30048 I BatteryMgr:DataCollectionService: stats => 1688916345710,-97,4229
07-09 17:25:45.713 29908 30048 I BatteryMgr:DataCollectionService: stats => 1688916345713,-97,4229
07-09 17:25:45.717 29908 30048 I BatteryMgr:DataCollectionService: stats => 1688916345717,-97,4229
07-09 17:25:45.721 29908 30048 I BatteryMgr:DataCollectionService: stats => 1688916345721,-97,4229
07-09 17:25:45.725 29908 30048 I BatteryMgr:DataCollectionService: stats => 1688916345724,-97,4229
07-09 17:25:45.728 29908 30048 I BatteryMgr:DataCollectionService: stats => 1688916345728,-97,4229
07-09 17:25:45.732 29908 30048 I BatteryMgr:DataCollectionService: stats => 1688916345732,-97,4229
07-09 17:25:45.736 29908 30048 I BatteryMgr:DataCollectionService: stats => 1688916345736,-97,4229
07-09 17:25:45.736  3436 30023 W ExynosCamera3: [CAM_ID(1)][]-WARN(m_previewStreamISPPipeThreadFunc[6613]):wait timeout
07-09 17:25:45.739  3436 30022 W ExynosCamera3: [CAM_ID(1)][]-WARN(m_previewStreamVRAPipeThreadFunc[6650]):wait timeout
07-09 17:25:45.740 29908 30048 I BatteryMgr:DataCollectionService: stats => 1688916345740,-97,4229
07-09 17:25:45.741  3436 30025 D ExynosCamera3: [CAM_ID(1)][]-DEBUG(m_handleInternalFrame[8816]):[EJ] Pass the frame to handleBayerBuffer 121 / m_isNeedRequestFrame = 1, m_isNeedInternalFrame = 0
07-09 17:25:45.744 29908 30048 I BatteryMgr:DataCollectionService: stats => 1688916345744,-97,4229
07-09 17:25:45.747 29908 30048 I BatteryMgr:DataCollectionService: stats => 1688916345747,-97,4229
07-09 17:25:45.751 29908 30048 I BatteryMgr:DataCollectionService: stats => 1688916345751,-97,4229
07-09 17:25:45.755 29908 30048 I BatteryMgr:DataCollectionService: stats => 1688916345755,-97,4229
07-09 17:25:45.759 29908 30048 I BatteryMgr:DataCollectionService: stats => 1688916345758,-97,4229
07-09 17:25:45.762 29908 30048 I BatteryMgr:DataCollectionService: stats => 1688916345762,-97,4229
07-09 17:25:45.766 29908 30048 I BatteryMgr:DataCollectionService: stats => 1688916345766,-97,4229
07-09 17:25:45.770 29908 30048 I BatteryMgr:DataCollectionService: stats => 1688916345770,-97,4229
07-09 17:25:45.774 29908 30048 I BatteryMgr:DataCollectionService: stats => 1688916345774,-97,4229
07-09 17:25:45.777  3436 30025 D ExynosCamera3: [CAM_ID(1)][]-DEBUG(m_handleInternalFrame[8816]):[EJ] Pass the frame to handleBayerBuffer 122 / m_isNeedRequestFrame = 1, m_isNeedInternalFrame = 0
07-09 17:25:45.778 29908 30048 I BatteryMgr:DataCollectionService: stats => 1688916345778,-97,4229
07-09 17:25:45.782 29908 30048 I BatteryMgr:DataCollectionService: stats => 1688916345782,-97,4229
07-09 17:25:45.785 29908 30048 I BatteryMgr:DataCollectionService: stats => 1688916345785,-97,4229
07-09 17:25:45.789 29908 30048 I BatteryMgr:DataCollectionService: stats => 1688916345789,-97,4229
07-09 17:25:45.793 29908 30048 I BatteryMgr:DataCollectionService: stats => 1688916345793,-97,4229
07-09 17:25:45.797 29908 30048 I BatteryMgr:DataCollectionService: stats => 1688916345797,-97,4229
07-09 17:25:45.801 29908 30048 I BatteryMgr:DataCollectionService: stats => 1688916345801,-97,4229
07-09 17:25:45.805 29908 30048 I BatteryMgr:DataCollectionService: stats => 1688916345804,-97,4229
07-09 17:25:45.807  3436 30025 D ExynosCamera3: [CAM_ID(1)][]-DEBUG(m_handleInternalFrame[8816]):[EJ] Pass the frame to handleBayerBuffer 123 / m_isNeedRequestFrame = 1, m_isNeedInternalFrame = 0
07-09 17:25:45.813 29908 30048 I BatteryMgr:DataCollectionService: stats => 1688916345813,-97,4229
07-09 17:25:45.817 29908 30048 I BatteryMgr:DataCollectionService: stats => 1688916345816,-97,4229
07-09 17:25:45.820 29908 30048 I BatteryMgr:DataCollectionService: stats => 1688916345820,-97,4229
07-09 17:25:45.824 29908 30048 I BatteryMgr:DataCollectionService: stats => 1688916345824,-97,4229
07-09 17:25:45.828 29908 30048 I BatteryMgr:DataCollectionService: stats => 1688916345828,-97,4229
07-09 17:25:45.832 29908 30048 I BatteryMgr:DataCollectionService: stats => 1688916345832,-97,4229
07-09 17:25:45.836 29908 30048 I BatteryMgr:DataCollectionService: stats => 1688916345835,-97,4229
07-09 17:25:45.839 29908 30048 I BatteryMgr:DataCollectionService: stats => 1688916345839,-97,4229
07-09 17:25:45.841  3436 30025 D ExynosCamera3: [CAM_ID(1)][]-DEBUG(m_handleInternalFrame[8816]):[EJ] Pass the frame to handleBayerBuffer 124 / m_isNeedRequestFrame = 1, m_isNeedInternalFrame = 0
07-09 17:25:45.843 29908 30048 I BatteryMgr:DataCollectionService: stats => 1688916345843,-97,4229
07-09 17:25:45.847 29908 30048 I BatteryMgr:DataCollectionService: stats => 1688916345847,-97,4229
07-09 17:25:45.851 29908 30048 I BatteryMgr:DataCollectionService: stats => 1688916345851,-97,4229
07-09 17:25:45.854 29908 30048 I BatteryMgr:DataCollectionService: stats => 1688916345854,-97,4229
07-09 17:25:45.858 29908 30048 I BatteryMgr:DataCollectionService: stats => 1688916345858,-97,4229
07-09 17:25:45.862 29908 30048 I BatteryMgr:DataCollectionService: stats => 1688916345862,-97,4229
07-09 17:25:45.866 29908 30048 I BatteryMgr:DataCollectionService: stats => 1688916345866,-97,4229
07-09 17:25:45.870 29908 30048 I BatteryMgr:DataCollectionService: stats => 1688916345869,-97,4229
07-09 17:25:45.872 29908 29913 I zygote64: Do full code cache collection, code=124KB, data=77KB
07-09 17:25:45.873 29908 29913 I zygote64: After code cache collection, code=84KB, data=46KB
07-09 17:25:45.873 29908 30048 I BatteryMgr:DataCollectionService: stats => 1688916345873,-97,4229
07-09 17:25:45.874  3436 30025 D ExynosCamera3: [CAM_ID(1)][]-DEBUG(m_handleInternalFrame[8816]):[EJ] Pass the frame to handleBayerBuffer 125 / m_isNeedRequestFrame = 1, m_isNeedInternalFrame = 0
07-09 17:25:45.877 29908 30048 I BatteryMgr:DataCollectionService: stats => 1688916345877,-97,4229
07-09 17:25:45.881 29908 30048 I BatteryMgr:DataCollectionService: stats => 1688916345881,-97,4229
07-09 17:25:45.885 29908 30048 I BatteryMgr:DataCollectionService: stats => 1688916345885,-97,4229
07-09 17:25:45.887  3436 30023 W ExynosCamera3: [CAM_ID(1)][]-WARN(m_previewStreamISPPipeThreadFunc[6613]):wait timeout
07-09 17:25:45.888 29908 30048 I BatteryMgr:DataCollectionService: stats => 1688916345888,-97,4229
07-09 17:25:45.889  3436 30022 W ExynosCamera3: [CAM_ID(1)][]-WARN(m_previewStreamVRAPipeThreadFunc[6650]):wait timeout
07-09 17:25:45.892 29908 30048 I BatteryMgr:DataCollectionService: stats => 1688916345892,-97,4229
07-09 17:25:45.896 29908 30048 I BatteryMgr:DataCollectionService: stats => 1688916345896,-97,4229
07-09 17:25:45.900 29908 30048 I BatteryMgr:DataCollectionService: stats => 1688916345900,-97,4229
07-09 17:25:45.903 29908 30048 I BatteryMgr:DataCollectionService: stats => 1688916345903,-97,4229
07-09 17:25:45.907 29908 30048 I BatteryMgr:DataCollectionService: stats => 1688916345907,-97,4229
07-09 17:25:45.907  3436 30025 D ExynosCamera3: [CAM_ID(1)][]-DEBUG(m_handleInternalFrame[8816]):[EJ] Pass the frame to handleBayerBuffer 126 / m_isNeedRequestFrame = 1, m_isNeedInternalFrame = 0
07-09 17:25:45.911 29908 30048 I BatteryMgr:DataCollectionService: stats => 1688916345911,-97,4229
07-09 17:25:45.914 29908 30048 I BatteryMgr:DataCollectionService: stats => 1688916345914,-97,4229
07-09 17:25:45.918 29908 30048 I BatteryMgr:DataCollectionService: stats => 1688916345918,-97,4229
07-09 17:25:45.922 29908 30048 I BatteryMgr:DataCollectionService: stats => 1688916345922,-97,4229
07-09 17:25:45.925 29908 30048 I BatteryMgr:DataCollectionService: stats => 1688916345925,-97,4229
07-09 17:25:45.929 29908 30048 I BatteryMgr:DataCollectionService: stats => 1688916345929,-97,4229
07-09 17:25:45.933 29908 30048 I BatteryMgr:DataCollectionService: stats => 1688916345933,-97,4229
07-09 17:25:45.936 29908 30048 I BatteryMgr:DataCollectionService: stats => 1688916345936,-97,4229
07-09 17:25:45.941  3436 30025 D ExynosCamera3: [CAM_ID(1)][]-DEBUG(m_handleInternalFrame[8816]):[EJ] Pass the frame to handleBayerBuffer 127 / m_isNeedRequestFrame = 1, m_isNeedInternalFrame = 0
07-09 17:25:45.944 29908 30048 I BatteryMgr:DataCollectionService: stats => 1688916345944,-97,4229
07-09 17:25:45.948 29908 30048 I BatteryMgr:DataCollectionService: stats => 1688916345948,-97,4229
07-09 17:25:45.951 29908 30048 I BatteryMgr:DataCollectionService: stats => 1688916345951,-97,4229
07-09 17:25:45.955 29908 30048 I BatteryMgr:DataCollectionService: stats => 1688916345955,-97,4229
07-09 17:25:45.959 29908 30048 I BatteryMgr:DataCollectionService: stats => 1688916345959,-97,4229
07-09 17:25:45.962 29908 30048 I BatteryMgr:DataCollectionService: stats => 1688916345962,-97,4229
07-09 17:25:45.966 29908 30048 I BatteryMgr:DataCollectionService: stats => 1688916345966,-97,4229
07-09 17:25:45.970 29908 30048 I BatteryMgr:DataCollectionService: stats => 1688916345970,-97,4229
07-09 17:25:45.974 29908 30048 I BatteryMgr:DataCollectionService: stats => 1688916345974,-97,4229
07-09 17:25:45.974  3436 30025 D ExynosCamera3: [CAM_ID(1)][]-DEBUG(m_handleInternalFrame[8816]):[EJ] Pass the frame to handleBayerBuffer 128 / m_isNeedRequestFrame = 1, m_isNeedInternalFrame = 0
07-09 17:25:45.977 29908 30048 I BatteryMgr:DataCollectionService: stats => 1688916345977,-97,4229
07-09 17:25:45.981 29908 30048 I BatteryMgr:DataCollectionService: stats => 1688916345981,-97,4229
07-09 17:25:45.985 29908 30048 I BatteryMgr:DataCollectionService: stats => 1688916345985,-97,4229
07-09 17:25:45.988 29908 30048 I BatteryMgr:DataCollectionService: stats => 1688916345988,-97,4229
07-09 17:25:45.992 29908 30048 I BatteryMgr:DataCollectionService: stats => 1688916345992,-97,4229
07-09 17:25:45.996 29908 30048 I BatteryMgr:DataCollectionService: stats => 1688916345996,-97,4229
07-09 17:25:46.000 29908 30048 I BatteryMgr:DataCollectionService: stats => 1688916345999,-97,4229
07-09 17:25:46.003 29908 30048 I BatteryMgr:DataCollectionService: stats => 1688916346003,-97,4229
07-09 17:25:46.007 29908 30048 I BatteryMgr:DataCollectionService: stats => 1688916346007,-97,4229
07-09 17:25:46.007  3436 30025 D ExynosCamera3: [CAM_ID(1)][]-DEBUG(m_handleInternalFrame[8816]):[EJ] Pass the frame to handleBayerBuffer 129 / m_isNeedRequestFrame = 1, m_isNeedInternalFrame = 0
07-09 17:25:46.011 29908 30048 I BatteryMgr:DataCollectionService: stats => 1688916346011,-97,4229
07-09 17:25:46.016 29908 30048 I BatteryMgr:DataCollectionService: stats => 1688916346016,-97,4229
07-09 17:25:46.022 29908 30048 I BatteryMgr:DataCollectionService: stats => 1688916346022,-97,4229
07-09 17:25:46.027 29908 30048 I BatteryMgr:DataCollectionService: stats => 1688916346027,-97,4229
07-09 17:25:46.030 29908 30048 I BatteryMgr:DataCollectionService: stats => 1688916346030,-97,4229
07-09 17:25:46.034 29908 30048 I BatteryMgr:DataCollectionService: stats => 1688916346034,-97,4229
07-09 17:25:46.037  3436 30023 W ExynosCamera3: [CAM_ID(1)][]-WARN(m_previewStreamISPPipeThreadFunc[6613]):wait timeout
07-09 17:25:46.038 29908 30048 I BatteryMgr:DataCollectionService: stats => 1688916346038,-97,4229
07-09 17:25:46.039  3436 30022 W ExynosCamera3: [CAM_ID(1)][]-WARN(m_previewStreamVRAPipeThreadFunc[6650]):wait timeout
07-09 17:25:46.040  3436 30025 D ExynosCamera3: [CAM_ID(1)][]-DEBUG(m_handleInternalFrame[8816]):[EJ] Pass the frame to handleBayerBuffer 130 / m_isNeedRequestFrame = 1, m_isNeedInternalFrame = 0
07-09 17:25:46.046 29908 30048 I BatteryMgr:DataCollectionService: stats => 1688916346046,-97,4229
07-09 17:25:46.049 29908 30048 I BatteryMgr:DataCollectionService: stats => 1688916346049,-97,4229
07-09 17:25:46.053 29908 30048 I BatteryMgr:DataCollectionService: stats => 1688916346053,-97,4229
07-09 17:25:46.057 29908 30048 I BatteryMgr:DataCollectionService: stats => 1688916346057,-97,4229
07-09 17:25:46.060 29908 30048 I BatteryMgr:DataCollectionService: stats => 1688916346060,-97,4229
07-09 17:25:46.065 29908 30048 I BatteryMgr:DataCollectionService: stats => 1688916346065,-97,4229
07-09 17:25:46.068 29908 30048 I BatteryMgr:DataCollectionService: stats => 1688916346068,-97,4229
07-09 17:25:46.072 29908 30048 I BatteryMgr:DataCollectionService: stats => 1688916346072,-97,4229
07-09 17:25:46.074  3436 30025 D ExynosCamera3: [CAM_ID(1)][]-DEBUG(m_handleInternalFrame[8816]):[EJ] Pass the frame to handleBayerBuffer 131 / m_isNeedRequestFrame = 1, m_isNeedInternalFrame = 0
07-09 17:25:46.079 29908 30048 I BatteryMgr:DataCollectionService: stats => 1688916346079,-97,4229
07-09 17:25:46.083 29908 30048 I BatteryMgr:DataCollectionService: stats => 1688916346083,-97,4229
07-09 17:25:46.086 29908 30048 I BatteryMgr:DataCollectionService: stats => 1688916346086,-97,4229
07-09 17:25:46.090 29908 30048 I BatteryMgr:DataCollectionService: stats => 1688916346090,-97,4229
07-09 17:25:46.094 29908 30048 I BatteryMgr:DataCollectionService: stats => 1688916346094,-97,4229
07-09 17:25:46.098 29908 30048 I BatteryMgr:DataCollectionService: stats => 1688916346098,-97,4229
07-09 17:25:46.102 29908 30048 I BatteryMgr:DataCollectionService: stats => 1688916346102,-97,4229
07-09 17:25:46.107 29908 30048 I BatteryMgr:DataCollectionService: stats => 1688916346107,-97,4229
07-09 17:25:46.111 29908 30048 I BatteryMgr:DataCollectionService: stats => 1688916346110,-97,4229
07-09 17:25:46.111  3436 30025 D ExynosCamera3: [CAM_ID(1)][]-DEBUG(m_handleInternalFrame[8816]):[EJ] Pass the frame to handleBayerBuffer 132 / m_isNeedRequestFrame = 1, m_isNeedInternalFrame = 0
07-09 17:25:46.116 29908 30048 I BatteryMgr:DataCollectionService: stats => 1688916346116,-97,4229
07-09 17:25:46.121 29908 30048 I BatteryMgr:DataCollectionService: stats => 1688916346121,-97,4229
07-09 17:25:46.125 29908 30048 I BatteryMgr:DataCollectionService: stats => 1688916346125,-97,4229
07-09 17:25:46.128 29908 30048 I BatteryMgr:DataCollectionService: stats => 1688916346128,-97,4229
07-09 17:25:46.132 29908 30048 I BatteryMgr:DataCollectionService: stats => 1688916346132,-97,4229
07-09 17:25:46.135 29908 30048 I BatteryMgr:DataCollectionService: stats => 1688916346135,-97,4229
07-09 17:25:46.137  3436 30024 E ExynosCamera3: [CAM_ID(1)][]-ERR(m_monitorThreadFunc[9173]):(0)
07-09 17:25:46.137  3436 30024 E ExynosCamera3: [CAM_ID(1)][]-ERR(m_monitorThreadFunc[9175]):ERROR_DQ_BLOCKED) ; ERROR_DQ_BLOCKED_COUNT =20
07-09 17:25:46.137  3436 30024 D ExynosCamera3: [CAM_ID(1)][]-DEBUG(dump[1946]):
07-09 17:25:46.139 29908 30048 I BatteryMgr:DataCollectionService: stats => 1688916346139,-97,4229
07-09 17:25:46.140  3436 30025 D ExynosCamera3: [CAM_ID(1)][]-DEBUG(m_handleInternalFrame[8816]):[EJ] Pass the frame to handleBayerBuffer 133 / m_isNeedRequestFrame = 1, m_isNeedInternalFrame = 0
07-09 17:25:46.143 29908 30048 I BatteryMgr:DataCollectionService: stats => 1688916346143,-97,4229
07-09 17:25:46.147 29908 30048 I BatteryMgr:DataCollectionService: stats => 1688916346147,-97,4229
07-09 17:25:46.150 29908 30048 I BatteryMgr:DataCollectionService: stats => 1688916346150,-97,4229
07-09 17:25:46.154 29908 30048 I BatteryMgr:DataCollectionService: stats => 1688916346154,-97,4229
07-09 17:25:46.158 29908 30048 I BatteryMgr:DataCollectionService: stats => 1688916346158,-97,4229
07-09 17:25:46.161 29908 30048 I BatteryMgr:DataCollectionService: stats => 1688916346161,-97,4229
07-09 17:25:46.165 29908 30048 I BatteryMgr:DataCollectionService: stats => 1688916346165,-97,4229
07-09 17:25:46.169 29908 30048 I BatteryMgr:DataCollectionService: stats => 1688916346169,-97,4229
07-09 17:25:46.173 29908 30048 I BatteryMgr:DataCollectionService: stats => 1688916346172,-97,4229
07-09 17:25:46.174  3436 30025 D ExynosCamera3: [CAM_ID(1)][]-DEBUG(m_handleInternalFrame[8816]):[EJ] Pass the frame to handleBayerBuffer 134 / m_isNeedRequestFrame = 1, m_isNeedInternalFrame = 0
07-09 17:25:46.177 29908 30048 I BatteryMgr:DataCollectionService: stats => 1688916346177,-97,4229
07-09 17:25:46.181 29908 30048 I BatteryMgr:DataCollectionService: stats => 1688916346181,-97,4229
07-09 17:25:46.184 29908 30048 I BatteryMgr:DataCollectionService: stats => 1688916346184,-97,4229
07-09 17:25:46.187  3436 30023 W ExynosCamera3: [CAM_ID(1)][]-WARN(m_previewStreamISPPipeThreadFunc[6613]):wait timeout
07-09 17:25:46.188 29908 30048 I BatteryMgr:DataCollectionService: stats => 1688916346188,-97,4229
07-09 17:25:46.189  3436 30022 W ExynosCamera3: [CAM_ID(1)][]-WARN(m_previewStreamVRAPipeThreadFunc[6650]):wait timeout
07-09 17:25:46.192 29908 30048 I BatteryMgr:DataCollectionService: stats => 1688916346192,-97,4229
07-09 17:25:46.196 29908 30048 I BatteryMgr:DataCollectionService: stats => 1688916346196,-97,4229
07-09 17:25:46.199 29908 30048 I BatteryMgr:DataCollectionService: stats => 1688916346199,-97,4229
07-09 17:25:46.203 29908 30048 I BatteryMgr:DataCollectionService: stats => 1688916346203,-97,4229
07-09 17:25:46.207 29908 30048 I BatteryMgr:DataCollectionService: stats => 1688916346207,-97,4229
07-09 17:25:46.207  3436 30025 D ExynosCamera3: [CAM_ID(1)][]-DEBUG(m_handleInternalFrame[8816]):[EJ] Pass the frame to handleBayerBuffer 135 / m_isNeedRequestFrame = 1, m_isNeedInternalFrame = 0
07-09 17:25:46.211 29908 30048 I BatteryMgr:DataCollectionService: stats => 1688916346211,-97,4229
07-09 17:25:46.214 29908 30048 I BatteryMgr:DataCollectionService: stats => 1688916346214,-97,4229
07-09 17:25:46.217  3436 30016 W ExynosCameraMCPipe: [CAM_ID(1)][PIPE_ISP]-WARN(m_putBuffer[1530]):inputFrameQ wait timeout
07-09 17:25:46.217  3436 30016 W ExynosCameraMCPipe: [CAM_ID(1)][PIPE_ISP]-WARN(m_putBufferThreadFunc[1471]):m_putbuffer fail, ret(-110)
07-09 17:25:46.218 29908 30048 I BatteryMgr:DataCollectionService: stats => 1688916346218,-97,4229
07-09 17:25:46.222 29908 30048 I BatteryMgr:DataCollectionService: stats => 1688916346222,-97,4229
07-09 17:25:46.225 29908 30048 I BatteryMgr:DataCollectionService: stats => 1688916346225,-97,4229
07-09 17:25:46.229 29908 30048 I BatteryMgr:DataCollectionService: stats => 1688916346229,-97,4229
07-09 17:25:46.231  3436 30017 W ExynosCameraMCPipe: [CAM_ID(1)][PIPE_ISP]-WARN(m_getBuffer[1976]):requestFrameQ wait timeout
07-09 17:25:46.231  3436 30017 W ExynosCameraMCPipe: [CAM_ID(1)][PIPE_ISP]-WARN(m_getBufferThreadFunc[1492]):m_getBuffer fail, ret(-110)
07-09 17:25:46.233 29908 30048 I BatteryMgr:DataCollectionService: stats => 1688916346233,-97,4229
07-09 17:25:46.236 29908 30048 I BatteryMgr:DataCollectionService: stats => 1688916346236,-97,4229
07-09 17:25:46.240  3436 30025 D ExynosCamera3: [CAM_ID(1)][]-DEBUG(m_handleInternalFrame[8816]):[EJ] Pass the frame to handleBayerBuffer 136 / m_isNeedRequestFrame = 1, m_isNeedInternalFrame = 0
07-09 17:25:46.244 29908 30048 I BatteryMgr:DataCollectionService: stats => 1688916346244,-97,4229
07-09 17:25:46.248 29908 30048 I BatteryMgr:DataCollectionService: stats => 1688916346248,-97,4229
07-09 17:25:46.252 29908 30048 I BatteryMgr:DataCollectionService: stats => 1688916346252,-97,4229
07-09 17:25:46.256 29908 30048 I BatteryMgr:DataCollectionService: stats => 1688916346255,-97,4229
07-09 17:25:46.259 29908 30048 I BatteryMgr:DataCollectionService: stats => 1688916346259,-97,4229
07-09 17:25:46.263 29908 30048 I BatteryMgr:DataCollectionService: stats => 1688916346263,-97,4229
07-09 17:25:46.267 29908 30048 I BatteryMgr:DataCollectionService: stats => 1688916346267,-97,4229
07-09 17:25:46.271 29908 30048 I BatteryMgr:DataCollectionService: stats => 1688916346271,-97,4229
07-09 17:25:46.274  3436 30025 D ExynosCamera3: [CAM_ID(1)][]-DEBUG(m_handleInternalFrame[8816]):[EJ] Pass the frame to handleBayerBuffer 137 / m_isNeedRequestFrame = 1, m_isNeedInternalFrame = 0
07-09 17:25:46.275 29908 30048 I BatteryMgr:DataCollectionService: stats => 1688916346274,-97,4229
07-09 17:25:46.278 29908 30048 I BatteryMgr:DataCollectionService: stats => 1688916346278,-97,4229
07-09 17:25:46.282 29908 30048 I BatteryMgr:DataCollectionService: stats => 1688916346282,-97,4229
07-09 17:25:46.286 29908 30048 I BatteryMgr:DataCollectionService: stats => 1688916346286,-97,4229
07-09 17:25:46.290 29908 30048 I BatteryMgr:DataCollectionService: stats => 1688916346289,-97,4229
07-09 17:25:46.293 29908 30048 I BatteryMgr:DataCollectionService: stats => 1688916346293,-97,4229
07-09 17:25:46.297 29908 30048 I BatteryMgr:DataCollectionService: stats => 1688916346297,-97,4229
07-09 17:25:46.301 29908 30048 I BatteryMgr:DataCollectionService: stats => 1688916346301,-97,4229
07-09 17:25:46.305 29908 30048 I BatteryMgr:DataCollectionService: stats => 1688916346305,-97,4229
07-09 17:25:46.308  3436 30025 D ExynosCamera3: [CAM_ID(1)][]-DEBUG(m_handleInternalFrame[8816]):[EJ] Pass the frame to handleBayerBuffer 138 / m_isNeedRequestFrame = 1, m_isNeedInternalFrame = 0
