07-09 18:11:10.051  1633  1798 I BatteryMgr:DataCollectionService: stats => 1688919070051,-110,4178
07-09 18:11:10.052  3436  1769 D ExynosCamera3: [CAM_ID(1)][]-DEBUG(m_handleInternalFrame[8816]):[EJ] Pass the frame to handleBayerBuffer 281 / m_isNeedRequestFrame = 1, m_isNeedInternalFrame = 0
07-09 18:11:10.059  1633  1798 I BatteryMgr:DataCollectionService: stats => 1688919070059,-110,4178
07-09 18:11:10.063  1633  1798 I BatteryMgr:DataCollectionService: stats => 1688919070063,-110,4178
07-09 18:11:10.067  1633  1798 I BatteryMgr:DataCollectionService: stats => 1688919070067,-110,4178
07-09 18:11:10.071  1633  1798 I BatteryMgr:DataCollectionService: stats => 1688919070071,-110,4178
07-09 18:11:10.076  1633  1798 I BatteryMgr:DataCollectionService: stats => 1688919070076,-110,4178
07-09 18:11:10.080  1633  1798 I BatteryMgr:DataCollectionService: stats => 1688919070079,-110,4178
07-09 18:11:10.084  1633  1798 I BatteryMgr:DataCollectionService: stats => 1688919070084,-110,4178
07-09 18:11:10.086  3436  1769 D ExynosCamera3: [CAM_ID(1)][]-DEBUG(m_handleInternalFrame[8816]):[EJ] Pass the frame to handleBayerBuffer 282 / m_isNeedRequestFrame = 1, m_isNeedInternalFrame = 0
07-09 18:11:10.089  1633  1798 I BatteryMgr:DataCollectionService: stats => 1688919070089,-110,4178
07-09 18:11:10.093  1633  1798 I BatteryMgr:DataCollectionService: stats => 1688919070093,-110,4178
07-09 18:11:10.095  4959  4959 D io_stats: !@ 179,0 r 278506 9831108 w 139784 2574284 d 8728 1271736 f 38256 38842 iot 179896 150126 th 51200 0 0 pt 0 inp 0 1 15153.711
07-09 18:11:10.098  1633  1798 I BatteryMgr:DataCollectionService: stats => 1688919070098,-110,4178
07-09 18:11:10.103  1633  1798 I BatteryMgr:DataCollectionService: stats => 1688919070103,-110,4178
07-09 18:11:10.107  1633  1798 I BatteryMgr:DataCollectionService: stats => 1688919070107,-110,4178
07-09 18:11:10.111  1633  1798 I BatteryMgr:DataCollectionService: stats => 1688919070111,-110,4178
07-09 18:11:10.115  1633  1798 I BatteryMgr:DataCollectionService: stats => 1688919070115,-110,4178
07-09 18:11:10.119  1633  1798 I BatteryMgr:DataCollectionService: stats => 1688919070119,-110,4178
07-09 18:11:10.119  3436  1769 D ExynosCamera3: [CAM_ID(1)][]-DEBUG(m_handleInternalFrame[8816]):[EJ] Pass the frame to handleBayerBuffer 283 / m_isNeedRequestFrame = 1, m_isNeedInternalFrame = 0
07-09 18:11:10.123  1633  1798 I BatteryMgr:DataCollectionService: stats => 1688919070123,-110,4178
07-09 18:11:10.127  1633  1798 I BatteryMgr:DataCollectionService: stats => 1688919070127,-110,4178
07-09 18:11:10.128  3436  1766 W ExynosCamera3: [CAM_ID(1)][]-WARN(m_previewStreamVRAPipeThreadFunc[6650]):wait timeout
07-09 18:11:10.130  3436  1767 W ExynosCamera3: [CAM_ID(1)][]-WARN(m_previewStreamISPPipeThreadFunc[6613]):wait timeout
07-09 18:11:10.131  1633  1798 I BatteryMgr:DataCollectionService: stats => 1688919070131,-110,4178
07-09 18:11:10.135  1633  1798 I BatteryMgr:DataCollectionService: stats => 1688919070135,-110,4178
07-09 18:11:10.139  1633  1798 I BatteryMgr:DataCollectionService: stats => 1688919070139,-110,4178
07-09 18:11:10.143  1633  1798 I BatteryMgr:DataCollectionService: stats => 1688919070143,-110,4178
07-09 18:11:10.147  1633  1798 I BatteryMgr:DataCollectionService: stats => 1688919070147,-110,4178
07-09 18:11:10.151  1633  1798 I BatteryMgr:DataCollectionService: stats => 1688919070151,-110,4178
07-09 18:11:10.152  3436  1760 W ExynosCameraMCPipe: [CAM_ID(1)][PIPE_ISP]-WARN(m_putBuffer[1530]):inputFrameQ wait timeout
07-09 18:11:10.152  3436  1760 W ExynosCameraMCPipe: [CAM_ID(1)][PIPE_ISP]-WARN(m_putBufferThreadFunc[1471]):m_putbuffer fail, ret(-110)
07-09 18:11:10.153  3436  1769 D ExynosCamera3: [CAM_ID(1)][]-DEBUG(m_handleInternalFrame[8816]):[EJ] Pass the frame to handleBayerBuffer 284 / m_isNeedRequestFrame = 1, m_isNeedInternalFrame = 0
07-09 18:11:10.156  1633  1798 I BatteryMgr:DataCollectionService: stats => 1688919070156,-110,4178
07-09 18:11:10.160  1633  1798 I BatteryMgr:DataCollectionService: stats => 1688919070160,-110,4178
07-09 18:11:10.163  1633  1798 I BatteryMgr:DataCollectionService: stats => 1688919070163,-110,4178
07-09 18:11:10.165  3436  1761 W ExynosCameraMCPipe: [CAM_ID(1)][PIPE_ISP]-WARN(m_getBuffer[1976]):requestFrameQ wait timeout
07-09 18:11:10.165  3436  1761 W ExynosCameraMCPipe: [CAM_ID(1)][PIPE_ISP]-WARN(m_getBufferThreadFunc[1492]):m_getBuffer fail, ret(-110)
07-09 18:11:10.167  1633  1798 I BatteryMgr:DataCollectionService: stats => 1688919070167,-110,4178
07-09 18:11:10.172  1633  1798 I BatteryMgr:DataCollectionService: stats => 1688919070172,-110,4178
07-09 18:11:10.176  1633  1798 I BatteryMgr:DataCollectionService: stats => 1688919070176,-110,4178
07-09 18:11:10.180  1633  1798 I BatteryMgr:DataCollectionService: stats => 1688919070180,-110,4178
07-09 18:11:10.184  1633  1798 I BatteryMgr:DataCollectionService: stats => 1688919070184,-110,4178
07-09 18:11:10.186  3436  1769 D ExynosCamera3: [CAM_ID(1)][]-DEBUG(m_handleInternalFrame[8816]):[EJ] Pass the frame to handleBayerBuffer 285 / m_isNeedRequestFrame = 1, m_isNeedInternalFrame = 0
07-09 18:11:10.191  1633  1798 I BatteryMgr:DataCollectionService: stats => 1688919070191,-110,4178
07-09 18:11:10.195  1633  1798 I BatteryMgr:DataCollectionService: stats => 1688919070195,-110,4178
07-09 18:11:10.198  1633  1798 I BatteryMgr:DataCollectionService: stats => 1688919070198,-110,4178
07-09 18:11:10.202  1633  1798 I BatteryMgr:DataCollectionService: stats => 1688919070202,-110,4178
07-09 18:11:10.206  1633  1798 I BatteryMgr:DataCollectionService: stats => 1688919070206,-110,4178
07-09 18:11:10.210  1633  1798 I BatteryMgr:DataCollectionService: stats => 1688919070210,-110,4178
07-09 18:11:10.214  1633  1798 I BatteryMgr:DataCollectionService: stats => 1688919070214,-110,4178
07-09 18:11:10.219  3436  1769 D ExynosCamera3: [CAM_ID(1)][]-DEBUG(m_handleInternalFrame[8816]):[EJ] Pass the frame to handleBayerBuffer 286 / m_isNeedRequestFrame = 1, m_isNeedInternalFrame = 0
07-09 18:11:10.223  1633  1798 I BatteryMgr:DataCollectionService: stats => 1688919070223,-110,4178
07-09 18:11:10.226  1633  1798 I BatteryMgr:DataCollectionService: stats => 1688919070226,-110,4178
07-09 18:11:10.230  1633  1798 I BatteryMgr:DataCollectionService: stats => 1688919070230,-110,4178
07-09 18:11:10.234  1633  1798 I BatteryMgr:DataCollectionService: stats => 1688919070234,-110,4178
07-09 18:11:10.238  1633  1798 I BatteryMgr:DataCollectionService: stats => 1688919070238,-110,4178
07-09 18:11:10.242  1633  1798 I BatteryMgr:DataCollectionService: stats => 1688919070242,-110,4178
07-09 18:11:10.246  1633  1798 I BatteryMgr:DataCollectionService: stats => 1688919070246,-110,4178
07-09 18:11:10.250  1633  1798 I BatteryMgr:DataCollectionService: stats => 1688919070250,-110,4178
07-09 18:11:10.252  3436  1769 D ExynosCamera3: [CAM_ID(1)][]-DEBUG(m_handleInternalFrame[8816]):[EJ] Pass the frame to handleBayerBuffer 287 / m_isNeedRequestFrame = 1, m_isNeedInternalFrame = 0
07-09 18:11:10.258  1633  1798 I BatteryMgr:DataCollectionService: stats => 1688919070258,-110,4178
07-09 18:11:10.262  1633  1798 I BatteryMgr:DataCollectionService: stats => 1688919070262,-110,4178
07-09 18:11:10.266  1633  1798 I BatteryMgr:DataCollectionService: stats => 1688919070266,-110,4178
07-09 18:11:10.270  1633  1798 I BatteryMgr:DataCollectionService: stats => 1688919070270,-110,4178
07-09 18:11:10.274  1633  1798 I BatteryMgr:DataCollectionService: stats => 1688919070274,-110,4178
07-09 18:11:10.278  1633  1798 I BatteryMgr:DataCollectionService: stats => 1688919070277,-110,4178
07-09 18:11:10.278  3436  1766 W ExynosCamera3: [CAM_ID(1)][]-WARN(m_previewStreamVRAPipeThreadFunc[6650]):wait timeout
07-09 18:11:10.281  3436  1767 W ExynosCamera3: [CAM_ID(1)][]-WARN(m_previewStreamISPPipeThreadFunc[6613]):wait timeout
07-09 18:11:10.281  1633  1798 I BatteryMgr:DataCollectionService: stats => 1688919070281,-110,4178
07-09 18:11:10.286  3436  1769 D ExynosCamera3: [CAM_ID(1)][]-DEBUG(m_handleInternalFrame[8816]):[EJ] Pass the frame to handleBayerBuffer 288 / m_isNeedRequestFrame = 1, m_isNeedInternalFrame = 0
07-09 18:11:10.286  1633  1798 I BatteryMgr:DataCollectionService: stats => 1688919070286,-110,4178
07-09 18:11:10.290  1633  1798 I BatteryMgr:DataCollectionService: stats => 1688919070290,-110,4178
07-09 18:11:10.294  1633  1798 I BatteryMgr:DataCollectionService: stats => 1688919070294,-110,4178
07-09 18:11:10.298  1633  1798 I BatteryMgr:DataCollectionService: stats => 1688919070298,-110,4178
07-09 18:11:10.302  1633  1798 I BatteryMgr:DataCollectionService: stats => 1688919070302,-110,4178
07-09 18:11:10.306  1633  1798 I BatteryMgr:DataCollectionService: stats => 1688919070306,-110,4178
07-09 18:11:10.309  1633  1798 I BatteryMgr:DataCollectionService: stats => 1688919070309,-110,4178
07-09 18:11:10.313  1633  1798 I BatteryMgr:DataCollectionService: stats => 1688919070313,-110,4178
07-09 18:11:10.317  1633  1798 I BatteryMgr:DataCollectionService: stats => 1688919070317,-110,4178
07-09 18:11:10.319  3436  1769 D ExynosCamera3: [CAM_ID(1)][]-DEBUG(m_handleInternalFrame[8816]):[EJ] Pass the frame to handleBayerBuffer 289 / m_isNeedRequestFrame = 1, m_isNeedInternalFrame = 0
07-09 18:11:10.324  1633  1798 I BatteryMgr:DataCollectionService: stats => 1688919070324,-110,4178
07-09 18:11:10.328  1633  1798 I BatteryMgr:DataCollectionService: stats => 1688919070328,-110,4178
07-09 18:11:10.332  1633  1798 I BatteryMgr:DataCollectionService: stats => 1688919070332,-110,4178
07-09 18:11:10.336  1633  1798 I BatteryMgr:DataCollectionService: stats => 1688919070336,-110,4178
07-09 18:11:10.340  1633  1798 I BatteryMgr:DataCollectionService: stats => 1688919070340,-110,4178
07-09 18:11:10.344  1633  1798 I BatteryMgr:DataCollectionService: stats => 1688919070344,-110,4178
07-09 18:11:10.348  1633  1798 I BatteryMgr:DataCollectionService: stats => 1688919070348,-110,4178
07-09 18:11:10.352  3436  1769 D ExynosCamera3: [CAM_ID(1)][]-DEBUG(m_handleInternalFrame[8816]):[EJ] Pass the frame to handleBayerBuffer 290 / m_isNeedRequestFrame = 1, m_isNeedInternalFrame = 0
07-09 18:11:10.353  1633  1798 I BatteryMgr:DataCollectionService: stats => 1688919070353,-110,4178
07-09 18:11:10.357  1633  1798 I BatteryMgr:DataCollectionService: stats => 1688919070357,-110,4178
07-09 18:11:10.361  1633  1798 I BatteryMgr:DataCollectionService: stats => 1688919070361,-110,4178
07-09 18:11:10.365  1633  1798 I BatteryMgr:DataCollectionService: stats => 1688919070365,-110,4178
07-09 18:11:10.369  1633  1798 I BatteryMgr:DataCollectionService: stats => 1688919070369,-110,4178
07-09 18:11:10.372  1633  1798 I BatteryMgr:DataCollectionService: stats => 1688919070372,-110,4178
07-09 18:11:10.377  1633  1798 I BatteryMgr:DataCollectionService: stats => 1688919070377,-110,4178
07-09 18:11:10.381  1633  1798 I BatteryMgr:DataCollectionService: stats => 1688919070381,-110,4178
07-09 18:11:10.386  3436  1769 D ExynosCamera3: [CAM_ID(1)][]-DEBUG(m_handleInternalFrame[8816]):[EJ] Pass the frame to handleBayerBuffer 291 / m_isNeedRequestFrame = 1, m_isNeedInternalFrame = 0
07-09 18:11:10.389  1633  1798 I BatteryMgr:DataCollectionService: stats => 1688919070389,-110,4178
07-09 18:11:10.393  1633  1798 I BatteryMgr:DataCollectionService: stats => 1688919070393,-110,4178
07-09 18:11:10.397  1633  1798 I BatteryMgr:DataCollectionService: stats => 1688919070397,-110,4178
07-09 18:11:10.400  1633  1798 I BatteryMgr:DataCollectionService: stats => 1688919070400,-110,4178
07-09 18:11:10.404  1633  1798 I BatteryMgr:DataCollectionService: stats => 1688919070404,-110,4178
07-09 18:11:10.409  1633  1798 I BatteryMgr:DataCollectionService: stats => 1688919070408,-110,4178
07-09 18:11:10.412  1633  1798 I BatteryMgr:DataCollectionService: stats => 1688919070412,-110,4178
07-09 18:11:10.416  1633  1798 I BatteryMgr:DataCollectionService: stats => 1688919070416,-110,4178
07-09 18:11:10.421  1633  1798 I BatteryMgr:DataCollectionService: stats => 1688919070421,-110,4178
07-09 18:11:10.422  3436  1769 D ExynosCamera3: [CAM_ID(1)][]-DEBUG(m_handleInternalFrame[8816]):[EJ] Pass the frame to handleBayerBuffer 292 / m_isNeedRequestFrame = 1, m_isNeedInternalFrame = 0
07-09 18:11:10.425  1633  1798 I BatteryMgr:DataCollectionService: stats => 1688919070425,-110,4178
07-09 18:11:10.429  3436  1766 W ExynosCamera3: [CAM_ID(1)][]-WARN(m_previewStreamVRAPipeThreadFunc[6650]):wait timeout
07-09 18:11:10.429  1633  1798 I BatteryMgr:DataCollectionService: stats => 1688919070429,-110,4178
07-09 18:11:10.431  3436  1767 W ExynosCamera3: [CAM_ID(1)][]-WARN(m_previewStreamISPPipeThreadFunc[6613]):wait timeout
07-09 18:11:10.433  1633  1798 I BatteryMgr:DataCollectionService: stats => 1688919070433,-110,4178
07-09 18:11:10.437  1633  1798 I BatteryMgr:DataCollectionService: stats => 1688919070437,-110,4178
07-09 18:11:10.441  1633  1798 I BatteryMgr:DataCollectionService: stats => 1688919070441,-110,4178
07-09 18:11:10.445  1633  1798 I BatteryMgr:DataCollectionService: stats => 1688919070445,-110,4178
07-09 18:11:10.448  1633  1798 I BatteryMgr:DataCollectionService: stats => 1688919070448,-110,4178
07-09 18:11:10.452  3436  1769 D ExynosCamera3: [CAM_ID(1)][]-DEBUG(m_handleInternalFrame[8816]):[EJ] Pass the frame to handleBayerBuffer 293 / m_isNeedRequestFrame = 1, m_isNeedInternalFrame = 0
07-09 18:11:10.457  1633  1798 I BatteryMgr:DataCollectionService: stats => 1688919070457,-110,4178
07-09 18:11:10.461  1633  1798 I BatteryMgr:DataCollectionService: stats => 1688919070461,-110,4178
07-09 18:11:10.464  1633  1798 I BatteryMgr:DataCollectionService: stats => 1688919070464,-110,4178
07-09 18:11:10.468  1633  1798 I BatteryMgr:DataCollectionService: stats => 1688919070468,-110,4178
07-09 18:11:10.472  1633  1798 I BatteryMgr:DataCollectionService: stats => 1688919070472,-110,4178
07-09 18:11:10.476  1633  1798 I BatteryMgr:DataCollectionService: stats => 1688919070476,-110,4178
07-09 18:11:10.480  1633  1798 I BatteryMgr:DataCollectionService: stats => 1688919070480,-110,4178
07-09 18:11:10.484  1633  1798 I BatteryMgr:DataCollectionService: stats => 1688919070484,-110,4178
07-09 18:11:10.486  3436  1769 D ExynosCamera3: [CAM_ID(1)][]-DEBUG(m_handleInternalFrame[8816]):[EJ] Pass the frame to handleBayerBuffer 294 / m_isNeedRequestFrame = 1, m_isNeedInternalFrame = 0
07-09 18:11:10.488  1633  1798 I BatteryMgr:DataCollectionService: stats => 1688919070488,-110,4178
07-09 18:11:10.492  1633  1798 I BatteryMgr:DataCollectionService: stats => 1688919070492,-110,4178
07-09 18:11:10.496  1633  1798 I BatteryMgr:DataCollectionService: stats => 1688919070496,-110,4178
07-09 18:11:10.500  1633  1798 I BatteryMgr:DataCollectionService: stats => 1688919070500,-110,4178
07-09 18:11:10.504  1633  1798 I BatteryMgr:DataCollectionService: stats => 1688919070504,-110,4178
07-09 18:11:10.507  1633  1798 I BatteryMgr:DataCollectionService: stats => 1688919070507,-110,4178
07-09 18:11:10.512  1633  1798 I BatteryMgr:DataCollectionService: stats => 1688919070512,-110,4178
07-09 18:11:10.516  1633  1798 I BatteryMgr:DataCollectionService: stats => 1688919070516,-110,4178
07-09 18:11:10.520  1633  1798 I BatteryMgr:DataCollectionService: stats => 1688919070520,-110,4178
07-09 18:11:10.522  3436  1769 D ExynosCamera3: [CAM_ID(1)][]-DEBUG(m_handleInternalFrame[8816]):[EJ] Pass the frame to handleBayerBuffer 295 / m_isNeedRequestFrame = 1, m_isNeedInternalFrame = 0
07-09 18:11:10.525  1633  1798 I BatteryMgr:DataCollectionService: stats => 1688919070525,-110,4178
07-09 18:11:10.529  1633  1798 I BatteryMgr:DataCollectionService: stats => 1688919070529,-110,4178
07-09 18:11:10.533  1633  1798 I BatteryMgr:DataCollectionService: stats => 1688919070533,-110,4178
07-09 18:11:10.537  1633  1798 I BatteryMgr:DataCollectionService: stats => 1688919070537,-110,4178
07-09 18:11:10.541  1633  1798 I BatteryMgr:DataCollectionService: stats => 1688919070541,-110,4178
07-09 18:11:10.545  1633  1798 I BatteryMgr:DataCollectionService: stats => 1688919070545,-110,4178
07-09 18:11:10.549  1633  1798 I BatteryMgr:DataCollectionService: stats => 1688919070549,-110,4178
07-09 18:11:10.552  3436  1769 D ExynosCamera3: [CAM_ID(1)][]-DEBUG(m_handleInternalFrame[8816]):[EJ] Pass the frame to handleBayerBuffer 296 / m_isNeedRequestFrame = 1, m_isNeedInternalFrame = 0
07-09 18:11:10.554  1633  1798 I BatteryMgr:DataCollectionService: stats => 1688919070554,-110,4178
07-09 18:11:10.563  1633  1798 I BatteryMgr:DataCollectionService: stats => 1688919070563,-110,4178
07-09 18:11:10.567  1633  1798 I BatteryMgr:DataCollectionService: stats => 1688919070567,-110,4178
07-09 18:11:10.571  1633  1798 I BatteryMgr:DataCollectionService: stats => 1688919070571,-110,4178
07-09 18:11:10.575  1633  1798 I BatteryMgr:DataCollectionService: stats => 1688919070575,-110,4178
07-09 18:11:10.579  3436  1766 W ExynosCamera3: [CAM_ID(1)][]-WARN(m_previewStreamVRAPipeThreadFunc[6650]):wait timeout
07-09 18:11:10.579  1633  1798 I BatteryMgr:DataCollectionService: stats => 1688919070579,-110,4178
07-09 18:11:10.581  3436  1767 W ExynosCamera3: [CAM_ID(1)][]-WARN(m_previewStreamISPPipeThreadFunc[6613]):wait timeout
07-09 18:11:10.583  1633  1798 I BatteryMgr:DataCollectionService: stats => 1688919070583,-110,4178
07-09 18:11:10.585  3436  1769 D ExynosCamera3: [CAM_ID(1)][]-DEBUG(m_handleInternalFrame[8816]):[EJ] Pass the frame to handleBayerBuffer 297 / m_isNeedRequestFrame = 1, m_isNeedInternalFrame = 0
07-09 18:11:10.588  1633  1798 I BatteryMgr:DataCollectionService: stats => 1688919070588,-110,4178
07-09 18:11:10.592  1633  1798 I BatteryMgr:DataCollectionService: stats => 1688919070592,-110,4178
07-09 18:11:10.596  1633  1798 I BatteryMgr:DataCollectionService: stats => 1688919070596,-110,4178
07-09 18:11:10.600  1633  1798 I BatteryMgr:DataCollectionService: stats => 1688919070600,-110,4178
07-09 18:11:10.604  3962  7352 I EDMNativeHelperService: isCameraEnabled
07-09 18:11:10.604  1633  1798 I BatteryMgr:DataCollectionService: stats => 1688919070604,-110,4178
07-09 18:11:10.605  3584 16560 D Camera3-Device: submitRequestsHelper: mInterfaceLock.lock()
07-09 18:11:10.605  3584 16560 D Camera3-Status: markComponent: Component 1 is now active
07-09 18:11:10.605  3584 16560 D Camera3-Device: submitRequestsHelper: mInterfaceLock.unlock()
07-09 18:11:10.608  3962  7352 I EDMNativeHelperService: isCameraEnabled
07-09 18:11:10.608  1633  1798 I BatteryMgr:DataCollectionService: stats => 1688919070608,-110,4178
07-09 18:11:10.615  1633  1798 I BatteryMgr:DataCollectionService: stats => 1688919070615,-110,4178
07-09 18:11:10.615  3584  1720 D Camera3-Status: markComponent: Component 2 is now active
07-09 18:11:10.615  3584  1720 D Camera3-Status: markComponent: Component 0 is now active
07-09 18:11:10.619  3436  1769 D ExynosCamera3: [CAM_ID(1)][]-DEBUG(m_handleInternalFrame[8816]):[EJ] Pass the frame to handleBayerBuffer 298 / m_isNeedRequestFrame = 1, m_isNeedInternalFrame = 0
07-09 18:11:10.620  1633  1798 I BatteryMgr:DataCollectionService: stats => 1688919070620,-110,4178
07-09 18:11:10.622  3436  3942 D ExynosCameraBufferManager: [CAM_ID(1)][ZSL_STREAM_BUF]-DEBUG(getIndexByHandle[4090]): assigned new buffer handle(0x0) Index(31)
07-09 18:11:10.624  1633  1798 I BatteryMgr:DataCollectionService: stats => 1688919070624,-110,4178
07-09 18:11:10.628  1633  1798 I BatteryMgr:DataCollectionService: stats => 1688919070627,-110,4178
07-09 18:11:10.631  1633  1798 I BatteryMgr:DataCollectionService: stats => 1688919070631,-110,4178
07-09 18:11:10.635  1633  1798 I BatteryMgr:DataCollectionService: stats => 1688919070635,-110,4178
07-09 18:11:10.639  1633  1798 I BatteryMgr:DataCollectionService: stats => 1688919070639,-110,4178
07-09 18:11:10.643  1633  1798 I BatteryMgr:DataCollectionService: stats => 1688919070643,-110,4178
07-09 18:11:10.646  1633  1798 I BatteryMgr:DataCollectionService: stats => 1688919070646,-110,4178
07-09 18:11:10.650  1633  1798 I BatteryMgr:DataCollectionService: stats => 1688919070650,-110,4178
07-09 18:11:10.652  3436  1769 D ExynosCamera3: [CAM_ID(1)][]-DEBUG(m_handleInternalFrame[8816]):[EJ] Pass the frame to handleBayerBuffer 299 / m_isNeedRequestFrame = 1, m_isNeedInternalFrame = 0
07-09 18:11:10.658  1633  1798 I BatteryMgr:DataCollectionService: stats => 1688919070658,-110,4178
07-09 18:11:10.662  1633  1798 I BatteryMgr:DataCollectionService: stats => 1688919070662,-110,4178
07-09 18:11:10.665  1633  1798 I BatteryMgr:DataCollectionService: stats => 1688919070665,-110,4178
07-09 18:11:10.669  1633  1798 I BatteryMgr:DataCollectionService: stats => 1688919070669,-110,4178
07-09 18:11:10.673  3584  1720 D Camera3-Status: markComponent: Component 1 is now idle
07-09 18:11:10.673  1633  1798 I BatteryMgr:DataCollectionService: stats => 1688919070673,-110,4178
07-09 18:11:10.677  1633  1798 I BatteryMgr:DataCollectionService: stats => 1688919070677,-110,4178
07-09 18:11:10.681  1633  1798 I BatteryMgr:DataCollectionService: stats => 1688919070681,-110,4178
07-09 18:11:10.685  3436  1769 D ExynosCamera3: [CAM_ID(1)][]-DEBUG(m_handleInternalFrame[8816]):[EJ] Pass the frame to handleBayerBuffer 300 / m_isNeedRequestFrame = 0, m_isNeedInternalFrame = 1
07-09 18:11:10.685  1633  1798 I BatteryMgr:DataCollectionService: stats => 1688919070685,-110,4178
07-09 18:11:10.690  1633  1798 I BatteryMgr:DataCollectionService: stats => 1688919070690,-110,4178
07-09 18:11:10.693  1633  1798 I BatteryMgr:DataCollectionService: stats => 1688919070693,-110,4178
07-09 18:11:10.697  1633  1798 I BatteryMgr:DataCollectionService: stats => 1688919070697,-110,4178
07-09 18:11:10.701  1633  1798 I BatteryMgr:DataCollectionService: stats => 1688919070701,-110,4178
07-09 18:11:10.702  3436  1760 W ExynosCameraMCPipe: [CAM_ID(1)][PIPE_ISP]-WARN(m_putBuffer[1530]):inputFrameQ wait timeout
07-09 18:11:10.702  3436  1760 W ExynosCameraMCPipe: [CAM_ID(1)][PIPE_ISP]-WARN(m_putBufferThreadFunc[1471]):m_putbuffer fail, ret(-110)
07-09 18:11:10.705  1633  1798 I BatteryMgr:DataCollectionService: stats => 1688919070705,-110,4178
07-09 18:11:10.709  1633  1798 I BatteryMgr:DataCollectionService: stats => 1688919070709,-110,4178
07-09 18:11:10.712  1633  1798 I BatteryMgr:DataCollectionService: stats => 1688919070712,-110,4178
07-09 18:11:10.715  3436  1761 W ExynosCameraMCPipe: [CAM_ID(1)][PIPE_ISP]-WARN(m_getBuffer[1976]):requestFrameQ wait timeout
07-09 18:11:10.715  3436  1761 W ExynosCameraMCPipe: [CAM_ID(1)][PIPE_ISP]-WARN(m_getBufferThreadFunc[1492]):m_getBuffer fail, ret(-110)
07-09 18:11:10.716  1633  1798 I BatteryMgr:DataCollectionService: stats => 1688919070716,-110,4178
07-09 18:11:10.719  3436  1769 D ExynosCamera3: [CAM_ID(1)][]-DEBUG(m_handleInternalFrame[8816]):[EJ] Pass the frame to handleBayerBuffer 301 / m_isNeedRequestFrame = 0, m_isNeedInternalFrame = 1
07-09 18:11:10.719  3436  1764 D ExynosCamera3: [CAM_ID(1)][]-DEBUG(m_previewFrameHandler[2457]):Use ZSL Service Buffer. framecount 304 bufferIndex 31
07-09 18:11:10.720  3436  1758 D ExynosCameraMCPipe: [CAM_ID(1)][PIPE_3AA]-DEBUG(m_putBuffer[1621]):Skip to get buffer from bufferMgr.                        pipeId(6), frameCount(304) bufferIndex 31)
07-09 18:11:10.722  1633  1798 I BatteryMgr:DataCollectionService: stats => 1688919070722,-110,4178
07-09 18:11:10.725  3436  1758 D ExynosCameraMCPipe: [CAM_ID(1)][PIPE_3AA]-DEBUG(m_checkNodeGroupInfo[3655]):(3AA_PREVIEW):vid(22), request(0 -> 1), oldCropSize(0, 0, 3264, 2448 / 0, 0, 3264, 2448) -> newCropSize(0, 0, 3264, 2448 / 0, 0, 3264, 2448)
07-09 18:11:10.726  1633  1798 I BatteryMgr:DataCollectionService: stats => 1688919070726,-110,4178
07-09 18:11:10.729  3436  1766 W ExynosCamera3: [CAM_ID(1)][]-WARN(m_previewStreamVRAPipeThreadFunc[6650]):wait timeout
07-09 18:11:10.730  1633  1798 I BatteryMgr:DataCollectionService: stats => 1688919070730,-110,4178
07-09 18:11:10.731  3436  1767 W ExynosCamera3: [CAM_ID(1)][]-WARN(m_previewStreamISPPipeThreadFunc[6613]):wait timeout
07-09 18:11:10.733  1633  1798 I BatteryMgr:DataCollectionService: stats => 1688919070733,-110,4178
07-09 18:11:10.737  1633  1798 I BatteryMgr:DataCollectionService: stats => 1688919070737,-110,4178
07-09 18:11:10.742  1633  1798 I BatteryMgr:DataCollectionService: stats => 1688919070742,-110,4178
07-09 18:11:10.745  1633  1798 I BatteryMgr:DataCollectionService: stats => 1688919070745,-110,4178
07-09 18:11:10.746  3435  3435 I android.hardware.wifi@1.0-service: getLinkLayerStats
07-09 18:11:10.750  1633  1798 I BatteryMgr:DataCollectionService: stats => 1688919070750,-110,4178
07-09 18:11:10.752  3436  1769 D ExynosCamera3: [CAM_ID(1)][]-DEBUG(m_handleInternalFrame[8816]):[EJ] Pass the frame to handleBayerBuffer 302 / m_isNeedRequestFrame = 1, m_isNeedInternalFrame = 0
07-09 18:11:10.752  3436  1758 I ExynosCameraMCPipe: [CAM_ID(1)][PIPE_3AA]-INFO(m_putBuffer[1552]):Internal Frame(5), frameCount(305), (1)
07-09 18:11:10.753  3436  1758 D ExynosCameraMCPipe: [CAM_ID(1)][PIPE_3AA]-DEBUG(m_checkNodeGroupInfo[3655]):(3AA_PREVIEW):vid(22), request(1 -> 0), oldCropSize(0, 0, 3264, 2448 / 0, 0, 3264, 2448) -> newCropSize(0, 0, 3264, 2448 / 0, 0, 3264, 2448)
07-09 18:11:10.754  1633  1798 I BatteryMgr:DataCollectionService: stats => 1688919070754,-110,4178
07-09 18:11:10.758  1633  1798 I BatteryMgr:DataCollectionService: stats => 1688919070758,-110,4178
07-09 18:11:10.762  1633  1798 I BatteryMgr:DataCollectionService: stats => 1688919070762,-110,4178
07-09 18:11:10.766  1633  1798 I BatteryMgr:DataCollectionService: stats => 1688919070766,-110,4178
07-09 18:11:10.769  1633  1798 I BatteryMgr:DataCollectionService: stats => 1688919070769,-110,4178
07-09 18:11:10.773  1633  1798 I BatteryMgr:DataCollectionService: stats => 1688919070773,-110,4178
07-09 18:11:10.777  1633  1798 I BatteryMgr:DataCollectionService: stats => 1688919070777,-110,4178
07-09 18:11:10.781  1633  1798 I BatteryMgr:DataCollectionService: stats => 1688919070781,-110,4178
07-09 18:11:10.785  1633  1798 I BatteryMgr:DataCollectionService: stats => 1688919070785,-110,4178
07-09 18:11:10.786  3436  1769 D ExynosCamera3: [CAM_ID(1)][]-DEBUG(m_handleInternalFrame[8816]):[EJ] Pass the frame to handleBayerBuffer 303 / m_isNeedRequestFrame = 1, m_isNeedInternalFrame = 0
07-09 18:11:10.790  1633  1798 I BatteryMgr:DataCollectionService: stats => 1688919070790,-110,4178
07-09 18:11:10.793  1633  1798 I BatteryMgr:DataCollectionService: stats => 1688919070793,-110,4178
07-09 18:11:10.797  1633  1798 I BatteryMgr:DataCollectionService: stats => 1688919070797,-110,4178
07-09 18:11:10.801  1633  1798 I BatteryMgr:DataCollectionService: stats => 1688919070801,-110,4178
07-09 18:11:10.805  1633  1798 I BatteryMgr:DataCollectionService: stats => 1688919070805,-110,4178
07-09 18:11:10.810  1633  1798 I BatteryMgr:DataCollectionService: stats => 1688919070810,-110,4178
07-09 18:11:10.814  1633  1798 I BatteryMgr:DataCollectionService: stats => 1688919070814,-110,4178
07-09 18:11:10.818  1633  1798 I BatteryMgr:DataCollectionService: stats => 1688919070818,-110,4178
07-09 18:11:10.820  3436  1765 D ExynosCameraBufferManager: [CAM_ID(1)][ZSL_STREAM_BUF]-DEBUG(m_release[4516]):bufIndex(31)
07-09 18:11:10.820  3436  1765 D ExynosCameraBufferManager: [CAM_ID(1)][ZSL_STREAM_BUF]-DEBUG(m_removeFence[4482]):list is empty
07-09 18:11:10.821  3436  1760 W ExynosCameraMCPipe: [CAM_ID(1)][PIPE_ISP]-WARN(m_putBuffer[1712]):Capture node putbuffer is Zero, frameCount(304)
07-09 18:11:10.823  1633  1798 I BatteryMgr:DataCollectionService: stats => 1688919070823,-110,4178
07-09 18:11:10.825  3584 17871 D Camera3-Status: markComponent: Component 2 is now idle
07-09 18:11:10.828  1633  1798 I BatteryMgr:DataCollectionService: stats => 1688919070828,-110,4178
07-09 18:11:10.832  1633  1798 I BatteryMgr:DataCollectionService: stats => 1688919070832,-110,4178
07-09 18:11:10.835  3436  1761 E ExynosCameraMCPipe: [CAM_ID(1)][PIPE_ISP]-ERR(m_getBuffer[2321]):frameCount(304)                    : captureNodeCount == 0 || checkRet(0) != NO_ERROR.                    so, setFrameState(FRAME_STATE_SKIPPED)
07-09 18:11:10.836  1633  1798 I BatteryMgr:DataCollectionService: stats => 1688919070836,-110,4178
07-09 18:11:10.836  3436  1767 W ExynosCamera3: [CAM_ID(1)][]-WARN(m_handlePreviewFrame[7077]):Skipped frame. Force callback result. frameCount 304
07-09 18:11:10.837  3584 17871 D Camera3-Status: markComponent: Component 0 is now idle
07-09 18:11:10.840  1633  1798 I BatteryMgr:DataCollectionService: stats => 1688919070840,-110,4178
07-09 18:11:10.844  1633  1798 I BatteryMgr:DataCollectionService: stats => 1688919070844,-110,4178
07-09 18:11:10.847  1633  1798 I BatteryMgr:DataCollectionService: stats => 1688919070847,-110,4178
07-09 18:11:10.852  3436  1769 D ExynosCamera3: [CAM_ID(1)][]-DEBUG(m_handleInternalFrame[8816]):[EJ] Pass the frame to handleBayerBuffer 305 / m_isNeedRequestFrame = 1, m_isNeedInternalFrame = 0
07-09 18:11:10.855  1633  1798 I BatteryMgr:DataCollectionService: stats => 1688919070855,-110,4178
07-09 18:11:10.859  1633  1798 I BatteryMgr:DataCollectionService: stats => 1688919070859,-110,4178
07-09 18:11:10.863  1633  1798 I BatteryMgr:DataCollectionService: stats => 1688919070863,-110,4178
07-09 18:11:10.866  1633  1798 I BatteryMgr:DataCollectionService: stats => 1688919070866,-110,4178
07-09 18:11:10.870  1633  1798 I BatteryMgr:DataCollectionService: stats => 1688919070870,-110,4178
07-09 18:11:10.874  1633  1798 I BatteryMgr:DataCollectionService: stats => 1688919070874,-110,4178
07-09 18:11:10.879  1633  1798 I BatteryMgr:DataCollectionService: stats => 1688919070879,-110,4178
07-09 18:11:10.879  3436  1766 W ExynosCamera3: [CAM_ID(1)][]-WARN(m_previewStreamVRAPipeThreadFunc[6650]):wait timeout
07-09 18:11:10.882  1633  1798 I BatteryMgr:DataCollectionService: stats => 1688919070882,-110,4178
07-09 18:11:10.885  3436  1769 D ExynosCamera3: [CAM_ID(1)][]-DEBUG(m_handleInternalFrame[8816]):[EJ] Pass the frame to handleBayerBuffer 306 / m_isNeedRequestFrame = 1, m_isNeedInternalFrame = 0
07-09 18:11:10.888  1633  1798 I BatteryMgr:DataCollectionService: stats => 1688919070888,-110,4178
07-09 18:11:10.891  1633  1798 I BatteryMgr:DataCollectionService: stats => 1688919070891,-110,4178
07-09 18:11:10.895  1633  1798 I BatteryMgr:DataCollectionService: stats => 1688919070895,-110,4178
07-09 18:11:10.899  1633  1798 I BatteryMgr:DataCollectionService: stats => 1688919070899,-110,4178
07-09 18:11:10.903  1633  1798 I BatteryMgr:DataCollectionService: stats => 1688919070903,-110,4178
07-09 18:11:10.907  1633  1798 I BatteryMgr:DataCollectionService: stats => 1688919070906,-110,4178
07-09 18:11:10.910  1633  1798 I BatteryMgr:DataCollectionService: stats => 1688919070910,-110,4178
07-09 18:11:10.914  1633  1798 I BatteryMgr:DataCollectionService: stats => 1688919070914,-110,4178
07-09 18:11:10.918  1633  1798 I BatteryMgr:DataCollectionService: stats => 1688919070918,-110,4178
07-09 18:11:10.918  3436  1769 D ExynosCamera3: [CAM_ID(1)][]-DEBUG(m_handleInternalFrame[8816]):[EJ] Pass the frame to handleBayerBuffer 307 / m_isNeedRequestFrame = 1, m_isNeedInternalFrame = 0
07-09 18:11:10.922  1633  1798 I BatteryMgr:DataCollectionService: stats => 1688919070922,-110,4178
07-09 18:11:10.926  1633  1798 I BatteryMgr:DataCollectionService: stats => 1688919070926,-110,4178
07-09 18:11:10.930  1633  1798 I BatteryMgr:DataCollectionService: stats => 1688919070930,-110,4178
07-09 18:11:10.933  1633  1798 I BatteryMgr:DataCollectionService: stats => 1688919070933,-110,4178
07-09 18:11:10.937  1633  1798 I BatteryMgr:DataCollectionService: stats => 1688919070937,-110,4178
07-09 18:11:10.942  1633  1798 I BatteryMgr:DataCollectionService: stats => 1688919070942,-110,4178
07-09 18:11:10.946  1633  1798 I BatteryMgr:DataCollectionService: stats => 1688919070946,-110,4178
07-09 18:11:10.949  1633  1798 I BatteryMgr:DataCollectionService: stats => 1688919070949,-110,4178
07-09 18:11:10.952  3436  1769 D ExynosCamera3: [CAM_ID(1)][]-DEBUG(m_handleInternalFrame[8816]):[EJ] Pass the frame to handleBayerBuffer 308 / m_isNeedRequestFrame = 1, m_isNeedInternalFrame = 0
07-09 18:11:10.956  1633  1798 I BatteryMgr:DataCollectionService: stats => 1688919070956,-110,4178
07-09 18:11:10.960  1633  1798 I BatteryMgr:DataCollectionService: stats => 1688919070960,-110,4178
07-09 18:11:10.964  1633  1798 I BatteryMgr:DataCollectionService: stats => 1688919070963,-110,4178
07-09 18:11:10.967  1633  1798 I BatteryMgr:DataCollectionService: stats => 1688919070967,-110,4178
07-09 18:11:10.971  1633  1798 I BatteryMgr:DataCollectionService: stats => 1688919070971,-110,4178
07-09 18:11:10.976  1633  1798 I BatteryMgr:DataCollectionService: stats => 1688919070976,-110,4178
07-09 18:11:10.979  1633  1798 I BatteryMgr:DataCollectionService: stats => 1688919070979,-110,4178
07-09 18:11:10.983  1633  1798 I BatteryMgr:DataCollectionService: stats => 1688919070983,-110,4178
07-09 18:11:10.987  3436  1769 D ExynosCamera3: [CAM_ID(1)][]-DEBUG(m_handleInternalFrame[8816]):[EJ] Pass the frame to handleBayerBuffer 309 / m_isNeedRequestFrame = 1, m_isNeedInternalFrame = 0
07-09 18:11:10.987  3436  1767 W ExynosCamera3: [CAM_ID(1)][]-WARN(m_previewStreamISPPipeThreadFunc[6613]):wait timeout
07-09 18:11:10.988  1633  1798 I BatteryMgr:DataCollectionService: stats => 1688919070988,-110,4178
07-09 18:11:10.992  1633  1798 I BatteryMgr:DataCollectionService: stats => 1688919070992,-110,4178
07-09 18:11:10.995  1633  1798 I BatteryMgr:DataCollectionService: stats => 1688919070995,-110,4178
07-09 18:11:10.999  1633  1798 I BatteryMgr:DataCollectionService: stats => 1688919070999,-110,4178
07-09 18:11:11.002  1633  1798 I BatteryMgr:DataCollectionService: stats => 1688919071002,-110,4178
07-09 18:11:11.006  1633  1798 I BatteryMgr:DataCollectionService: stats => 1688919071006,-110,4178
07-09 18:11:11.010  1633  1798 I BatteryMgr:DataCollectionService: stats => 1688919071010,-110,4178
07-09 18:11:11.014  1633  1798 I BatteryMgr:DataCollectionService: stats => 1688919071014,-110,4178
07-09 18:11:11.018  3436  1769 D ExynosCamera3: [CAM_ID(1)][]-DEBUG(m_handleInternalFrame[8816]):[EJ] Pass the frame to handleBayerBuffer 310 / m_isNeedRequestFrame = 1, m_isNeedInternalFrame = 0
07-09 18:11:11.019  1633  1798 I BatteryMgr:DataCollectionService: stats => 1688919071019,-110,4178
07-09 18:11:11.021  1633  1639 I zygote64: Do partial code cache collection, code=123KB, data=65KB
07-09 18:11:11.022  1633  1639 I zygote64: After code cache collection, code=123KB, data=65KB
07-09 18:11:11.022  1633  1639 I zygote64: Increasing code cache capacity to 512KB
07-09 18:11:11.024  1633  1798 I BatteryMgr:DataCollectionService: stats => 1688919071024,-110,4178
07-09 18:11:11.028  1633  1798 I BatteryMgr:DataCollectionService: stats => 1688919071028,-110,4178
07-09 18:11:11.030  3436  1766 W ExynosCamera3: [CAM_ID(1)][]-WARN(m_previewStreamVRAPipeThreadFunc[6650]):wait timeout
07-09 18:11:11.032  1633  1798 I BatteryMgr:DataCollectionService: stats => 1688919071032,-110,4178
07-09 18:11:11.036  1633  1798 I BatteryMgr:DataCollectionService: stats => 1688919071036,-110,4178
07-09 18:11:11.039  1633  1798 I BatteryMgr:DataCollectionService: stats => 1688919071039,-110,4178
07-09 18:11:11.043  1633  1798 I BatteryMgr:DataCollectionService: stats => 1688919071043,-110,4178
07-09 18:11:11.046  1633  1798 I BatteryMgr:DataCollectionService: stats => 1688919071046,-110,4178
07-09 18:11:11.050  1633  1798 I BatteryMgr:DataCollectionService: stats => 1688919071050,-110,4178
07-09 18:11:11.052  3436  1769 D ExynosCamera3: [CAM_ID(1)][]-DEBUG(m_handleInternalFrame[8816]):[EJ] Pass the frame to handleBayerBuffer 311 / m_isNeedRequestFrame = 1, m_isNeedInternalFrame = 0
07-09 18:11:11.055  1633  1798 I BatteryMgr:DataCollectionService: stats => 1688919071054,-110,4178
07-09 18:11:11.058  1633  1798 I BatteryMgr:DataCollectionService: stats => 1688919071058,-110,4178
07-09 18:11:11.062  1633  1798 I BatteryMgr:DataCollectionService: stats => 1688919071062,-110,4178
07-09 18:11:11.066  1633  1798 I BatteryMgr:DataCollectionService: stats => 1688919071066,-110,4178
07-09 18:11:11.069  1633  1798 I BatteryMgr:DataCollectionService: stats => 1688919071069,-110,4178
07-09 18:11:11.073  1633  1798 I BatteryMgr:DataCollectionService: stats => 1688919071073,-110,4178
07-09 18:11:11.077  1633  1798 I BatteryMgr:DataCollectionService: stats => 1688919071077,-110,4178
07-09 18:11:11.081  1633  1798 I BatteryMgr:DataCollectionService: stats => 1688919071081,-110,4178
07-09 18:11:11.085  3436  1769 D ExynosCamera3: [CAM_ID(1)][]-DEBUG(m_handleInternalFrame[8816]):[EJ] Pass the frame to handleBayerBuffer 312 / m_isNeedRequestFrame = 1, m_isNeedInternalFrame = 0
07-09 18:11:11.085  1633  1798 I BatteryMgr:DataCollectionService: stats => 1688919071085,-110,4178
07-09 18:11:11.089  1633  1798 I BatteryMgr:DataCollectionService: stats => 1688919071089,-110,4178
07-09 18:11:11.093  1633  1798 I BatteryMgr:DataCollectionService: stats => 1688919071093,-110,4178
07-09 18:11:11.097  1633  1798 I BatteryMgr:DataCollectionService: stats => 1688919071097,-110,4178
07-09 18:11:11.101  1633  1798 I BatteryMgr:DataCollectionService: stats => 1688919071101,-110,4178
07-09 18:11:11.110  1633  1798 I BatteryMgr:DataCollectionService: stats => 1688919071110,-110,4178
07-09 18:11:11.114  1633  1798 I BatteryMgr:DataCollectionService: stats => 1688919071114,-110,4178
07-09 18:11:11.119  1633  1798 I BatteryMgr:DataCollectionService: stats => 1688919071119,-110,4178
07-09 18:11:11.121  3436  1769 D ExynosCamera3: [CAM_ID(1)][]-DEBUG(m_handleInternalFrame[8816]):[EJ] Pass the frame to handleBayerBuffer 313 / m_isNeedRequestFrame = 1, m_isNeedInternalFrame = 0
07-09 18:11:11.123  1633  1798 I BatteryMgr:DataCollectionService: stats => 1688919071123,-110,4178
07-09 18:11:11.127  1633  1798 I BatteryMgr:DataCollectionService: stats => 1688919071127,-110,4178
07-09 18:11:11.131  1633  1798 I BatteryMgr:DataCollectionService: stats => 1688919071131,-110,4178
07-09 18:11:11.135  1633  1798 I BatteryMgr:DataCollectionService: stats => 1688919071135,-110,4178
07-09 18:11:11.137  3436  1767 W ExynosCamera3: [CAM_ID(1)][]-WARN(m_previewStreamISPPipeThreadFunc[6613]):wait timeout
07-09 18:11:11.138  1633  1798 I BatteryMgr:DataCollectionService: stats => 1688919071138,-110,4178
07-09 18:11:11.142  1633  1798 I BatteryMgr:DataCollectionService: stats => 1688919071142,-110,4178
07-09 18:11:11.145  1633  1798 I BatteryMgr:DataCollectionService: stats => 1688919071145,-110,4178
07-09 18:11:11.149  1633  1798 I BatteryMgr:DataCollectionService: stats => 1688919071149,-110,4178
07-09 18:11:11.152  3436  1769 D ExynosCamera3: [CAM_ID(1)][]-DEBUG(m_handleInternalFrame[8816]):[EJ] Pass the frame to handleBayerBuffer 314 / m_isNeedRequestFrame = 1, m_isNeedInternalFrame = 0
07-09 18:11:11.156  1633  1798 I BatteryMgr:DataCollectionService: stats => 1688919071156,-110,4178
07-09 18:11:11.160  1633  1798 I BatteryMgr:DataCollectionService: stats => 1688919071160,-110,4178
07-09 18:11:11.163  1633  1798 I BatteryMgr:DataCollectionService: stats => 1688919071163,-110,4178
07-09 18:11:11.166  1633  1798 I BatteryMgr:DataCollectionService: stats => 1688919071166,-110,4178
07-09 18:11:11.171  1633  1798 I BatteryMgr:DataCollectionService: stats => 1688919071171,-110,4178
07-09 18:11:11.175  1633  1798 I BatteryMgr:DataCollectionService: stats => 1688919071175,-110,4178
07-09 18:11:11.179  1633  1798 I BatteryMgr:DataCollectionService: stats => 1688919071179,-110,4178
07-09 18:11:11.180  3436  1766 W ExynosCamera3: [CAM_ID(1)][]-WARN(m_previewStreamVRAPipeThreadFunc[6650]):wait timeout
07-09 18:11:11.183  1633  1798 I BatteryMgr:DataCollectionService: stats => 1688919071183,-110,4178
07-09 18:11:11.185  3436  1769 D ExynosCamera3: [CAM_ID(1)][]-DEBUG(m_handleInternalFrame[8816]):[EJ] Pass the frame to handleBayerBuffer 315 / m_isNeedRequestFrame = 1, m_isNeedInternalFrame = 0
07-09 18:11:11.187  1633  1798 I BatteryMgr:DataCollectionService: stats => 1688919071187,-110,4178
07-09 18:11:11.191  1633  1798 I BatteryMgr:DataCollectionService: stats => 1688919071191,-110,4178
07-09 18:11:11.195  1633  1798 I BatteryMgr:DataCollectionService: stats => 1688919071195,-110,4178
07-09 18:11:11.198  1633  1798 I BatteryMgr:DataCollectionService: stats => 1688919071198,-110,4178
07-09 18:11:11.202  1633  1798 I BatteryMgr:DataCollectionService: stats => 1688919071202,-110,4178
07-09 18:11:11.206  1633  1798 I BatteryMgr:DataCollectionService: stats => 1688919071206,-110,4178
07-09 18:11:11.210  1633  1798 I BatteryMgr:DataCollectionService: stats => 1688919071210,-110,4178
07-09 18:11:11.213  1633  1798 I BatteryMgr:DataCollectionService: stats => 1688919071213,-110,4178
07-09 18:11:11.217  1633  1798 I BatteryMgr:DataCollectionService: stats => 1688919071217,-110,4178
07-09 18:11:11.218  3436  1769 D ExynosCamera3: [CAM_ID(1)][]-DEBUG(m_handleInternalFrame[8816]):[EJ] Pass the frame to handleBayerBuffer 316 / m_isNeedRequestFrame = 1, m_isNeedInternalFrame = 0
07-09 18:11:11.221  1633  1798 I BatteryMgr:DataCollectionService: stats => 1688919071221,-110,4178
07-09 18:11:11.225  1633  1798 I BatteryMgr:DataCollectionService: stats => 1688919071225,-110,4178
07-09 18:11:11.229  1633  1798 I BatteryMgr:DataCollectionService: stats => 1688919071229,-110,4178
07-09 18:11:11.233  1633  1798 I BatteryMgr:DataCollectionService: stats => 1688919071233,-110,4178
07-09 18:11:11.236  1633  1798 I BatteryMgr:DataCollectionService: stats => 1688919071236,-110,4178
07-09 18:11:11.240  1633  1798 I BatteryMgr:DataCollectionService: stats => 1688919071240,-110,4178
07-09 18:11:11.244  1633  1798 I BatteryMgr:DataCollectionService: stats => 1688919071244,-110,4178
07-09 18:11:11.247  1633  1798 I BatteryMgr:DataCollectionService: stats => 1688919071247,-110,4178
07-09 18:11:11.252  3436  1769 D ExynosCamera3: [CAM_ID(1)][]-DEBUG(m_handleInternalFrame[8816]):[EJ] Pass the frame to handleBayerBuffer 317 / m_isNeedRequestFrame = 1, m_isNeedInternalFrame = 0
07-09 18:11:11.252  1633  1798 I BatteryMgr:DataCollectionService: stats => 1688919071252,-110,4178
07-09 18:11:11.256  1633  1798 I BatteryMgr:DataCollectionService: stats => 1688919071256,-110,4178
07-09 18:11:11.259  1633  1798 I BatteryMgr:DataCollectionService: stats => 1688919071259,-110,4178
07-09 18:11:11.263  1633  1798 I BatteryMgr:DataCollectionService: stats => 1688919071263,-110,4178
07-09 18:11:11.267  1633  1798 I BatteryMgr:DataCollectionService: stats => 1688919071267,-110,4178
07-09 18:11:11.270  1633  1798 I BatteryMgr:DataCollectionService: stats => 1688919071270,-110,4178
07-09 18:11:11.274  1633  1798 I BatteryMgr:DataCollectionService: stats => 1688919071274,-110,4178
07-09 18:11:11.278  1633  1798 I BatteryMgr:DataCollectionService: stats => 1688919071278,-110,4178
07-09 18:11:11.282  1633  1798 I BatteryMgr:DataCollectionService: stats => 1688919071282,-110,4178
07-09 18:11:11.285  3436  1769 D ExynosCamera3: [CAM_ID(1)][]-DEBUG(m_handleInternalFrame[8816]):[EJ] Pass the frame to handleBayerBuffer 318 / m_isNeedRequestFrame = 1, m_isNeedInternalFrame = 0
07-09 18:11:11.288  3436  1767 W ExynosCamera3: [CAM_ID(1)][]-WARN(m_previewStreamISPPipeThreadFunc[6613]):wait timeout
07-09 18:11:11.290  1633  1798 I BatteryMgr:DataCollectionService: stats => 1688919071290,-110,4178
07-09 18:11:11.293  1633  1798 I BatteryMgr:DataCollectionService: stats => 1688919071293,-110,4178
07-09 18:11:11.297  1633  1798 I BatteryMgr:DataCollectionService: stats => 1688919071297,-110,4178
07-09 18:11:11.301  1633  1798 I BatteryMgr:DataCollectionService: stats => 1688919071301,-110,4178
07-09 18:11:11.304  1633  1798 I BatteryMgr:DataCollectionService: stats => 1688919071304,-110,4178
07-09 18:11:11.308  1633  1798 I BatteryMgr:DataCollectionService: stats => 1688919071308,-110,4178
07-09 18:11:11.312  1633  1798 I BatteryMgr:DataCollectionService: stats => 1688919071312,-110,4178
07-09 18:11:11.316  1633  1798 I BatteryMgr:DataCollectionService: stats => 1688919071315,-110,4178
07-09 18:11:11.318  3436  1769 D ExynosCamera3: [CAM_ID(1)][]-DEBUG(m_handleInternalFrame[8816]):[EJ] Pass the frame to handleBayerBuffer 319 / m_isNeedRequestFrame = 1, m_isNeedInternalFrame = 0
07-09 18:11:11.322  1633  1798 I BatteryMgr:DataCollectionService: stats => 1688919071322,-110,4178
07-09 18:11:11.326  1633  1798 I BatteryMgr:DataCollectionService: stats => 1688919071325,-110,4178
07-09 18:11:11.329  1633  1798 I BatteryMgr:DataCollectionService: stats => 1688919071329,-110,4178
07-09 18:11:11.330  3436  1766 W ExynosCamera3: [CAM_ID(1)][]-WARN(m_previewStreamVRAPipeThreadFunc[6650]):wait timeout
07-09 18:11:11.333  1633  1798 I BatteryMgr:DataCollectionService: stats => 1688919071333,-110,4178
07-09 18:11:11.336  1633  1798 I BatteryMgr:DataCollectionService: stats => 1688919071336,-110,4178
07-09 18:11:11.340  1633  1798 I BatteryMgr:DataCollectionService: stats => 1688919071340,-110,4178
07-09 18:11:11.344  1633  1798 I BatteryMgr:DataCollectionService: stats => 1688919071344,-110,4178
07-09 18:11:11.347  1633  1798 I BatteryMgr:DataCollectionService: stats => 1688919071347,-110,4178
07-09 18:11:11.352  3436  1769 D ExynosCamera3: [CAM_ID(1)][]-DEBUG(m_handleInternalFrame[8816]):[EJ] Pass the frame to handleBayerBuffer 320 / m_isNeedRequestFrame = 1, m_isNeedInternalFrame = 0
07-09 18:11:11.352  1633  1798 I BatteryMgr:DataCollectionService: stats => 1688919071352,-110,4178
07-09 18:11:11.356  1633  1798 I BatteryMgr:DataCollectionService: stats => 1688919071356,-110,4178
07-09 18:11:11.360  1633  1798 I BatteryMgr:DataCollectionService: stats => 1688919071359,-110,4178
07-09 18:11:11.363  1633  1798 I BatteryMgr:DataCollectionService: stats => 1688919071363,-110,4178
07-09 18:11:11.367  1633  1798 I BatteryMgr:DataCollectionService: stats => 1688919071367,-110,4178
07-09 18:11:11.371  1633  1798 I BatteryMgr:DataCollectionService: stats => 1688919071371,-110,4178
07-09 18:11:11.371  3436  1760 W ExynosCameraMCPipe: [CAM_ID(1)][PIPE_ISP]-WARN(m_putBuffer[1530]):inputFrameQ wait timeout
07-09 18:11:11.371  3436  1760 W ExynosCameraMCPipe: [CAM_ID(1)][PIPE_ISP]-WARN(m_putBufferThreadFunc[1471]):m_putbuffer fail, ret(-110)
07-09 18:11:11.374  1633  1798 I BatteryMgr:DataCollectionService: stats => 1688919071374,-110,4178
07-09 18:11:11.378  1633  1798 I BatteryMgr:DataCollectionService: stats => 1688919071378,-110,4178
07-09 18:11:11.382  1633  1798 I BatteryMgr:DataCollectionService: stats => 1688919071382,-110,4178
07-09 18:11:11.385  3436  1769 D ExynosCamera3: [CAM_ID(1)][]-DEBUG(m_handleInternalFrame[8816]):[EJ] Pass the frame to handleBayerBuffer 321 / m_isNeedRequestFrame = 1, m_isNeedInternalFrame = 0
07-09 18:11:11.385  3436  1761 W ExynosCameraMCPipe: [CAM_ID(1)][PIPE_ISP]-WARN(m_getBuffer[1976]):requestFrameQ wait timeout
07-09 18:11:11.385  3436  1761 W ExynosCameraMCPipe: [CAM_ID(1)][PIPE_ISP]-WARN(m_getBufferThreadFunc[1492]):m_getBuffer fail, ret(-110)
07-09 18:11:11.386  1633  1798 I BatteryMgr:DataCollectionService: stats => 1688919071386,-110,4178
07-09 18:11:11.390  1633  1798 I BatteryMgr:DataCollectionService: stats => 1688919071390,-110,4178
07-09 18:11:11.394  1633  1798 I BatteryMgr:DataCollectionService: stats => 1688919071394,-110,4178
07-09 18:11:11.397  1633  1798 I BatteryMgr:DataCollectionService: stats => 1688919071397,-110,4178
07-09 18:11:11.401  1633  1798 I BatteryMgr:DataCollectionService: stats => 1688919071401,-110,4178
07-09 18:11:11.405  1633  1798 I BatteryMgr:DataCollectionService: stats => 1688919071405,-110,4178
07-09 18:11:11.410  1633  1798 I BatteryMgr:DataCollectionService: stats => 1688919071409,-110,4178
07-09 18:11:11.413  1633  1798 I BatteryMgr:DataCollectionService: stats => 1688919071413,-110,4178
07-09 18:11:11.418  1633  1798 I BatteryMgr:DataCollectionService: stats => 1688919071418,-110,4178
07-09 18:11:11.418  3436  1769 D ExynosCamera3: [CAM_ID(1)][]-DEBUG(m_handleInternalFrame[8816]):[EJ] Pass the frame to handleBayerBuffer 322 / m_isNeedRequestFrame = 1, m_isNeedInternalFrame = 0
07-09 18:11:11.422  1633  1798 I BatteryMgr:DataCollectionService: stats => 1688919071422,-110,4178
07-09 18:11:11.426  1633  1798 I BatteryMgr:DataCollectionService: stats => 1688919071426,-110,4178
07-09 18:11:11.429  1633  1798 I BatteryMgr:DataCollectionService: stats => 1688919071429,-110,4178
07-09 18:11:11.433  1633  1798 I BatteryMgr:DataCollectionService: stats => 1688919071433,-110,4178
07-09 18:11:11.437  1633  1798 I BatteryMgr:DataCollectionService: stats => 1688919071437,-110,4178
07-09 18:11:11.438  3436  1767 W ExynosCamera3: [CAM_ID(1)][]-WARN(m_previewStreamISPPipeThreadFunc[6613]):wait timeout
07-09 18:11:11.441  1633  1798 I BatteryMgr:DataCollectionService: stats => 1688919071441,-110,4178
07-09 18:11:11.445  1633  1798 I BatteryMgr:DataCollectionService: stats => 1688919071445,-110,4178
07-09 18:11:11.449  1633  1798 I BatteryMgr:DataCollectionService: stats => 1688919071448,-110,4178
07-09 18:11:11.451  3436  1769 D ExynosCamera3: [CAM_ID(1)][]-DEBUG(m_handleInternalFrame[8816]):[EJ] Pass the frame to handleBayerBuffer 323 / m_isNeedRequestFrame = 1, m_isNeedInternalFrame = 0
07-09 18:11:11.454  1633  1798 I BatteryMgr:DataCollectionService: stats => 1688919071454,-110,4178
07-09 18:11:11.458  1633  1798 I BatteryMgr:DataCollectionService: stats => 1688919071458,-110,4178
07-09 18:11:11.461  1633  1798 I BatteryMgr:DataCollectionService: stats => 1688919071461,-110,4178
07-09 18:11:11.465  1633  1798 I BatteryMgr:DataCollectionService: stats => 1688919071465,-110,4178
07-09 18:11:11.468  1633  1798 I BatteryMgr:DataCollectionService: stats => 1688919071468,-110,4178
07-09 18:11:11.472  1633  1798 I BatteryMgr:DataCollectionService: stats => 1688919071472,-110,4178
07-09 18:11:11.476  1633  1798 I BatteryMgr:DataCollectionService: stats => 1688919071476,-110,4178
