07-09 20:03:45.028 16439 16579 I BatteryMgr:DataCollectionService: stats => 1688925825028,-96,4084
07-09 20:03:45.032 16439 16579 I BatteryMgr:DataCollectionService: stats => 1688925825032,-96,4084
07-09 20:03:45.036 16439 16579 I BatteryMgr:DataCollectionService: stats => 1688925825036,-96,4084
07-09 20:03:45.040 16439 16579 I BatteryMgr:DataCollectionService: stats => 1688925825040,-96,4084
07-09 20:03:45.044  3436 16555 D ExynosCamera3: [CAM_ID(1)][]-DEBUG(m_handleInternalFrame[8816]):[EJ] Pass the frame to handleBayerBuffer 294 / m_isNeedRequestFrame = 1, m_isNeedInternalFrame = 0
07-09 20:03:45.049 16439 16579 I BatteryMgr:DataCollectionService: stats => 1688925825049,-96,4084
07-09 20:03:45.052 16439 16579 I BatteryMgr:DataCollectionService: stats => 1688925825052,-96,4084
07-09 20:03:45.056 16439 16579 I BatteryMgr:DataCollectionService: stats => 1688925825056,-96,4084
07-09 20:03:45.060 16439 16579 I BatteryMgr:DataCollectionService: stats => 1688925825060,-96,4084
07-09 20:03:45.065 16439 16579 I BatteryMgr:DataCollectionService: stats => 1688925825065,-96,4084
07-09 20:03:45.069 16439 16579 I BatteryMgr:DataCollectionService: stats => 1688925825069,-96,4084
07-09 20:03:45.073 16439 16579 I BatteryMgr:DataCollectionService: stats => 1688925825073,-96,4084
07-09 20:03:45.080  3436 16555 D ExynosCamera3: [CAM_ID(1)][]-DEBUG(m_handleInternalFrame[8816]):[EJ] Pass the frame to handleBayerBuffer 295 / m_isNeedRequestFrame = 1, m_isNeedInternalFrame = 0
07-09 20:03:45.080 16439 16579 I BatteryMgr:DataCollectionService: stats => 1688925825080,-96,4084
07-09 20:03:45.084 16439 16579 I BatteryMgr:DataCollectionService: stats => 1688925825084,-96,4084
07-09 20:03:45.088 16439 16579 I BatteryMgr:DataCollectionService: stats => 1688925825088,-96,4084
07-09 20:03:45.092 16439 16579 I BatteryMgr:DataCollectionService: stats => 1688925825092,-96,4084
07-09 20:03:45.096 16439 16579 I BatteryMgr:DataCollectionService: stats => 1688925825096,-96,4084
07-09 20:03:45.100 16439 16579 I BatteryMgr:DataCollectionService: stats => 1688925825100,-96,4084
07-09 20:03:45.104 16439 16579 I BatteryMgr:DataCollectionService: stats => 1688925825104,-96,4084
07-09 20:03:45.108 16439 16579 I BatteryMgr:DataCollectionService: stats => 1688925825108,-96,4084
07-09 20:03:45.111  3436 16555 D ExynosCamera3: [CAM_ID(1)][]-DEBUG(m_handleInternalFrame[8816]):[EJ] Pass the frame to handleBayerBuffer 296 / m_isNeedRequestFrame = 1, m_isNeedInternalFrame = 0
07-09 20:03:45.113 16439 16579 I BatteryMgr:DataCollectionService: stats => 1688925825113,-96,4084
07-09 20:03:45.118 16439 16579 I BatteryMgr:DataCollectionService: stats => 1688925825118,-96,4084
07-09 20:03:45.121 16439 16579 I BatteryMgr:DataCollectionService: stats => 1688925825121,-96,4084
07-09 20:03:45.125 16439 16579 I BatteryMgr:DataCollectionService: stats => 1688925825125,-96,4084
07-09 20:03:45.129 16439 16579 I BatteryMgr:DataCollectionService: stats => 1688925825129,-96,4084
07-09 20:03:45.134 16439 16579 I BatteryMgr:DataCollectionService: stats => 1688925825134,-96,4084
07-09 20:03:45.136  3436 16553 W ExynosCamera3: [CAM_ID(1)][]-WARN(m_previewStreamISPPipeThreadFunc[6613]):wait timeout
07-09 20:03:45.138 16439 16579 I BatteryMgr:DataCollectionService: stats => 1688925825138,-96,4084
07-09 20:03:45.140  3436 16552 W ExynosCamera3: [CAM_ID(1)][]-WARN(m_previewStreamVRAPipeThreadFunc[6650]):wait timeout
07-09 20:03:45.142 16439 16579 I BatteryMgr:DataCollectionService: stats => 1688925825142,-96,4084
07-09 20:03:45.146 16439 16579 I BatteryMgr:DataCollectionService: stats => 1688925825146,-96,4084
07-09 20:03:45.147  3436 16555 D ExynosCamera3: [CAM_ID(1)][]-DEBUG(m_handleInternalFrame[8816]):[EJ] Pass the frame to handleBayerBuffer 297 / m_isNeedRequestFrame = 1, m_isNeedInternalFrame = 0
07-09 20:03:45.150 16439 16579 I BatteryMgr:DataCollectionService: stats => 1688925825150,-96,4084
07-09 20:03:45.153  3961  3971 I EDMNativeHelperService: isCameraEnabled
07-09 20:03:45.155  3576  4728 D Camera3-Device: submitRequestsHelper: mInterfaceLock.lock()
07-09 20:03:45.155  3576  4728 D Camera3-Status: markComponent: Component 1 is now active
07-09 20:03:45.155  3576  4728 D Camera3-Device: submitRequestsHelper: mInterfaceLock.unlock()
07-09 20:03:45.155 16439 16579 I BatteryMgr:DataCollectionService: stats => 1688925825155,-96,4084
07-09 20:03:45.160 16439 16579 I BatteryMgr:DataCollectionService: stats => 1688925825160,-96,4084
07-09 20:03:45.160  3961  3971 I EDMNativeHelperService: isCameraEnabled
07-09 20:03:45.164 16439 16579 I BatteryMgr:DataCollectionService: stats => 1688925825164,-96,4084
07-09 20:03:45.168  3576 16511 D Camera3-Status: markComponent: Component 2 is now active
07-09 20:03:45.168  3576 16511 D Camera3-Status: markComponent: Component 0 is now active
07-09 20:03:45.171 16439 16579 I BatteryMgr:DataCollectionService: stats => 1688925825171,-96,4084
07-09 20:03:45.171  3436  3939 D ExynosCameraBufferManager: [CAM_ID(1)][ZSL_STREAM_BUF]-DEBUG(getIndexByHandle[4090]): assigned new buffer handle(0x0) Index(31)
07-09 20:03:45.174 16439 16579 I BatteryMgr:DataCollectionService: stats => 1688925825174,-96,4084
07-09 20:03:45.177  3436 16555 D ExynosCamera3: [CAM_ID(1)][]-DEBUG(m_handleInternalFrame[8816]):[EJ] Pass the frame to handleBayerBuffer 298 / m_isNeedRequestFrame = 1, m_isNeedInternalFrame = 0
07-09 20:03:45.179 16439 16579 I BatteryMgr:DataCollectionService: stats => 1688925825179,-96,4084
07-09 20:03:45.183 16439 16579 I BatteryMgr:DataCollectionService: stats => 1688925825183,-96,4084
07-09 20:03:45.187 16439 16579 I BatteryMgr:DataCollectionService: stats => 1688925825187,-96,4084
07-09 20:03:45.191 16439 16579 I BatteryMgr:DataCollectionService: stats => 1688925825191,-96,4084
07-09 20:03:45.195 16439 16579 I BatteryMgr:DataCollectionService: stats => 1688925825195,-96,4084
07-09 20:03:45.199 16439 16579 I BatteryMgr:DataCollectionService: stats => 1688925825198,-96,4084
07-09 20:03:45.203 16439 16579 I BatteryMgr:DataCollectionService: stats => 1688925825202,-96,4084
07-09 20:03:45.206 16439 16579 I BatteryMgr:DataCollectionService: stats => 1688925825206,-96,4084
07-09 20:03:45.210 16439 16579 I BatteryMgr:DataCollectionService: stats => 1688925825210,-96,4084
07-09 20:03:45.211  3436 16555 D ExynosCamera3: [CAM_ID(1)][]-DEBUG(m_handleInternalFrame[8816]):[EJ] Pass the frame to handleBayerBuffer 299 / m_isNeedRequestFrame = 0, m_isNeedInternalFrame = 1
07-09 20:03:45.215 16439 16579 I BatteryMgr:DataCollectionService: stats => 1688925825215,-96,4084
07-09 20:03:45.219 16439 16579 I BatteryMgr:DataCollectionService: stats => 1688925825219,-96,4084
07-09 20:03:45.221  3576 16511 D Camera3-Status: markComponent: Component 1 is now idle
07-09 20:03:45.223 16439 16579 I BatteryMgr:DataCollectionService: stats => 1688925825223,-96,4084
07-09 20:03:45.227 16439 16579 I BatteryMgr:DataCollectionService: stats => 1688925825227,-96,4084
07-09 20:03:45.230 16439 16579 I BatteryMgr:DataCollectionService: stats => 1688925825230,-96,4084
07-09 20:03:45.235 16439 16579 I BatteryMgr:DataCollectionService: stats => 1688925825235,-96,4084
07-09 20:03:45.238 16439 16579 I BatteryMgr:DataCollectionService: stats => 1688925825238,-96,4084
07-09 20:03:45.242 16439 16579 I BatteryMgr:DataCollectionService: stats => 1688925825242,-96,4084
07-09 20:03:45.247  3436 16555 D ExynosCamera3: [CAM_ID(1)][]-DEBUG(m_handleInternalFrame[8816]):[EJ] Pass the frame to handleBayerBuffer 300 / m_isNeedRequestFrame = 0, m_isNeedInternalFrame = 1
07-09 20:03:45.248  3436 16550 D ExynosCamera3: [CAM_ID(1)][]-DEBUG(m_previewFrameHandler[2457]):Use ZSL Service Buffer. framecount 303 bufferIndex 31
07-09 20:03:45.248 16439 16579 I BatteryMgr:DataCollectionService: stats => 1688925825248,-96,4084
07-09 20:03:45.248  3436 16544 D ExynosCameraMCPipe: [CAM_ID(1)][PIPE_3AA]-DEBUG(m_putBuffer[1621]):Skip to get buffer from bufferMgr.                        pipeId(6), frameCount(303) bufferIndex 31)
07-09 20:03:45.252 16439 16579 I BatteryMgr:DataCollectionService: stats => 1688925825252,-96,4084
07-09 20:03:45.252  3436 16544 D ExynosCameraMCPipe: [CAM_ID(1)][PIPE_3AA]-DEBUG(m_checkNodeGroupInfo[3655]):(3AA_PREVIEW):vid(22), request(0 -> 1), oldCropSize(0, 0, 3264, 2448 / 0, 0, 3264, 2448) -> newCropSize(0, 0, 3264, 2448 / 0, 0, 3264, 2448)
07-09 20:03:45.256 16439 16579 I BatteryMgr:DataCollectionService: stats => 1688925825256,-96,4084
07-09 20:03:45.258  4954  4954 D io_stats: !@ 179,0 r 117545 4409484 w 25271 342412 d 2437 62528 f 5294 5451 iot 57468 47711 th 51200 0 0 pt 0 inp 0 0 2934.601
07-09 20:03:45.260 16439 16579 I BatteryMgr:DataCollectionService: stats => 1688925825260,-96,4084
07-09 20:03:45.260  3436 16546 W ExynosCameraMCPipe: [CAM_ID(1)][PIPE_ISP]-WARN(m_putBuffer[1530]):inputFrameQ wait timeout
07-09 20:03:45.260  3436 16546 W ExynosCameraMCPipe: [CAM_ID(1)][PIPE_ISP]-WARN(m_putBufferThreadFunc[1471]):m_putbuffer fail, ret(-110)
07-09 20:03:45.263 16439 16579 I BatteryMgr:DataCollectionService: stats => 1688925825263,-96,4084
07-09 20:03:45.268 16439 16579 I BatteryMgr:DataCollectionService: stats => 1688925825268,-96,4084
07-09 20:03:45.272 16439 16579 I BatteryMgr:DataCollectionService: stats => 1688925825272,-96,4084
07-09 20:03:45.273  3436 16547 W ExynosCameraMCPipe: [CAM_ID(1)][PIPE_ISP]-WARN(m_getBuffer[1976]):requestFrameQ wait timeout
07-09 20:03:45.273  3436 16547 W ExynosCameraMCPipe: [CAM_ID(1)][PIPE_ISP]-WARN(m_getBufferThreadFunc[1492]):m_getBuffer fail, ret(-110)
07-09 20:03:45.276 16439 16579 I BatteryMgr:DataCollectionService: stats => 1688925825276,-96,4084
07-09 20:03:45.277  3436 16555 D ExynosCamera3: [CAM_ID(1)][]-DEBUG(m_handleInternalFrame[8816]):[EJ] Pass the frame to handleBayerBuffer 301 / m_isNeedRequestFrame = 1, m_isNeedInternalFrame = 0
07-09 20:03:45.278  3436 16544 I ExynosCameraMCPipe: [CAM_ID(1)][PIPE_3AA]-INFO(m_putBuffer[1552]):Internal Frame(5), frameCount(304), (1)
07-09 20:03:45.278  3436 16544 D ExynosCameraMCPipe: [CAM_ID(1)][PIPE_3AA]-DEBUG(m_checkNodeGroupInfo[3655]):(3AA_PREVIEW):vid(22), request(1 -> 0), oldCropSize(0, 0, 3264, 2448 / 0, 0, 3264, 2448) -> newCropSize(0, 0, 3264, 2448 / 0, 0, 3264, 2448)
07-09 20:03:45.285 16439 16579 I BatteryMgr:DataCollectionService: stats => 1688925825285,-96,4084
07-09 20:03:45.286  3436 16553 W ExynosCamera3: [CAM_ID(1)][]-WARN(m_previewStreamISPPipeThreadFunc[6613]):wait timeout
07-09 20:03:45.289 16439 16579 I BatteryMgr:DataCollectionService: stats => 1688925825289,-96,4084
07-09 20:03:45.290  3436 16552 W ExynosCamera3: [CAM_ID(1)][]-WARN(m_previewStreamVRAPipeThreadFunc[6650]):wait timeout
07-09 20:03:45.293 16439 16579 I BatteryMgr:DataCollectionService: stats => 1688925825293,-96,4084
07-09 20:03:45.297 16439 16579 I BatteryMgr:DataCollectionService: stats => 1688925825297,-96,4084
07-09 20:03:45.301 16439 16579 I BatteryMgr:DataCollectionService: stats => 1688925825301,-96,4084
07-09 20:03:45.304 16439 16579 I BatteryMgr:DataCollectionService: stats => 1688925825304,-96,4084
07-09 20:03:45.308 16439 16579 I BatteryMgr:DataCollectionService: stats => 1688925825308,-96,4084
07-09 20:03:45.311  3436 16555 D ExynosCamera3: [CAM_ID(1)][]-DEBUG(m_handleInternalFrame[8816]):[EJ] Pass the frame to handleBayerBuffer 302 / m_isNeedRequestFrame = 1, m_isNeedInternalFrame = 0
07-09 20:03:45.315 16439 16579 I BatteryMgr:DataCollectionService: stats => 1688925825315,-96,4084
07-09 20:03:45.319 16439 16579 I BatteryMgr:DataCollectionService: stats => 1688925825319,-96,4084
07-09 20:03:45.323 16439 16579 I BatteryMgr:DataCollectionService: stats => 1688925825323,-96,4084
07-09 20:03:45.327 16439 16579 I BatteryMgr:DataCollectionService: stats => 1688925825327,-96,4084
07-09 20:03:45.331 16439 16579 I BatteryMgr:DataCollectionService: stats => 1688925825331,-96,4084
07-09 20:03:45.336 16439 16579 I BatteryMgr:DataCollectionService: stats => 1688925825336,-96,4084
07-09 20:03:45.339 16439 16579 I BatteryMgr:DataCollectionService: stats => 1688925825339,-96,4084
07-09 20:03:45.345  3436 16551 D ExynosCameraBufferManager: [CAM_ID(1)][ZSL_STREAM_BUF]-DEBUG(m_release[4516]):bufIndex(31)
07-09 20:03:45.345  3436 16551 D ExynosCameraBufferManager: [CAM_ID(1)][ZSL_STREAM_BUF]-DEBUG(m_removeFence[4482]):list is empty
07-09 20:03:45.345  3436 16546 W ExynosCameraMCPipe: [CAM_ID(1)][PIPE_ISP]-WARN(m_putBuffer[1712]):Capture node putbuffer is Zero, frameCount(303)
07-09 20:03:45.348 16439 16579 I BatteryMgr:DataCollectionService: stats => 1688925825348,-96,4084
07-09 20:03:45.350  3576  3937 D Camera3-Status: markComponent: Component 2 is now idle
07-09 20:03:45.353 16439 16579 I BatteryMgr:DataCollectionService: stats => 1688925825353,-96,4084
07-09 20:03:45.356 16439 16579 I BatteryMgr:DataCollectionService: stats => 1688925825356,-96,4084
07-09 20:03:45.360  3436 16547 E ExynosCameraMCPipe: [CAM_ID(1)][PIPE_ISP]-ERR(m_getBuffer[2321]):frameCount(303)                    : captureNodeCount == 0 || checkRet(0) != NO_ERROR.                    so, setFrameState(FRAME_STATE_SKIPPED)
07-09 20:03:45.361 16439 16579 I BatteryMgr:DataCollectionService: stats => 1688925825361,-96,4084
07-09 20:03:45.361  3436 16553 W ExynosCamera3: [CAM_ID(1)][]-WARN(m_handlePreviewFrame[7077]):Skipped frame. Force callback result. frameCount 303
07-09 20:03:45.363  3576  3937 D Camera3-Status: markComponent: Component 0 is now idle
07-09 20:03:45.365 16439 16579 I BatteryMgr:DataCollectionService: stats => 1688925825365,-96,4084
07-09 20:03:45.369 16439 16579 I BatteryMgr:DataCollectionService: stats => 1688925825369,-96,4084
07-09 20:03:45.373 16439 16579 I BatteryMgr:DataCollectionService: stats => 1688925825373,-96,4084
07-09 20:03:45.377  3436 16555 D ExynosCamera3: [CAM_ID(1)][]-DEBUG(m_handleInternalFrame[8816]):[EJ] Pass the frame to handleBayerBuffer 304 / m_isNeedRequestFrame = 1, m_isNeedInternalFrame = 0
07-09 20:03:45.381 16439 16579 I BatteryMgr:DataCollectionService: stats => 1688925825381,-96,4084
07-09 20:03:45.385 16439 16579 I BatteryMgr:DataCollectionService: stats => 1688925825385,-96,4084
07-09 20:03:45.389 16439 16579 I BatteryMgr:DataCollectionService: stats => 1688925825389,-96,4084
07-09 20:03:45.393 16439 16579 I BatteryMgr:DataCollectionService: stats => 1688925825393,-96,4084
07-09 20:03:45.397 16439 16579 I BatteryMgr:DataCollectionService: stats => 1688925825397,-96,4084
07-09 20:03:45.401 16439 16579 I BatteryMgr:DataCollectionService: stats => 1688925825401,-96,4084
07-09 20:03:45.405 16439 16579 I BatteryMgr:DataCollectionService: stats => 1688925825405,-96,4084
07-09 20:03:45.409 16439 16579 I BatteryMgr:DataCollectionService: stats => 1688925825409,-96,4084
07-09 20:03:45.411  3436 16555 D ExynosCamera3: [CAM_ID(1)][]-DEBUG(m_handleInternalFrame[8816]):[EJ] Pass the frame to handleBayerBuffer 305 / m_isNeedRequestFrame = 1, m_isNeedInternalFrame = 0
07-09 20:03:45.414 16439 16579 I BatteryMgr:DataCollectionService: stats => 1688925825414,-96,4084
07-09 20:03:45.417 16439 16579 I BatteryMgr:DataCollectionService: stats => 1688925825417,-96,4084
07-09 20:03:45.421 16439 16579 I BatteryMgr:DataCollectionService: stats => 1688925825421,-96,4084
07-09 20:03:45.425 16439 16579 I BatteryMgr:DataCollectionService: stats => 1688925825425,-96,4084
07-09 20:03:45.429 16439 16579 I BatteryMgr:DataCollectionService: stats => 1688925825429,-96,4084
07-09 20:03:45.433 16439 16579 I BatteryMgr:DataCollectionService: stats => 1688925825433,-96,4084
07-09 20:03:45.437 16439 16579 I BatteryMgr:DataCollectionService: stats => 1688925825437,-96,4084
07-09 20:03:45.441  3436 16552 W ExynosCamera3: [CAM_ID(1)][]-WARN(m_previewStreamVRAPipeThreadFunc[6650]):wait timeout
07-09 20:03:45.441 16439 16579 I BatteryMgr:DataCollectionService: stats => 1688925825441,-96,4084
07-09 20:03:45.445 16439 16579 I BatteryMgr:DataCollectionService: stats => 1688925825445,-96,4084
07-09 20:03:45.447  3436 16555 D ExynosCamera3: [CAM_ID(1)][]-DEBUG(m_handleInternalFrame[8816]):[EJ] Pass the frame to handleBayerBuffer 306 / m_isNeedRequestFrame = 1, m_isNeedInternalFrame = 0
07-09 20:03:45.449 16439 16579 I BatteryMgr:DataCollectionService: stats => 1688925825449,-96,4084
07-09 20:03:45.453 16439 16579 I BatteryMgr:DataCollectionService: stats => 1688925825453,-96,4084
07-09 20:03:45.457 16439 16579 I BatteryMgr:DataCollectionService: stats => 1688925825457,-96,4084
07-09 20:03:45.461 16439 16579 I BatteryMgr:DataCollectionService: stats => 1688925825461,-96,4084
07-09 20:03:45.465 16439 16579 I BatteryMgr:DataCollectionService: stats => 1688925825465,-96,4084
07-09 20:03:45.469 16439 16579 I BatteryMgr:DataCollectionService: stats => 1688925825469,-96,4084
07-09 20:03:45.473 16439 16579 I BatteryMgr:DataCollectionService: stats => 1688925825473,-96,4084
07-09 20:03:45.477  3436 16555 D ExynosCamera3: [CAM_ID(1)][]-DEBUG(m_handleInternalFrame[8816]):[EJ] Pass the frame to handleBayerBuffer 307 / m_isNeedRequestFrame = 1, m_isNeedInternalFrame = 0
07-09 20:03:45.481 16439 16579 I BatteryMgr:DataCollectionService: stats => 1688925825481,-96,4084
07-09 20:03:45.485 16439 16579 I BatteryMgr:DataCollectionService: stats => 1688925825485,-96,4084
07-09 20:03:45.489 16439 16579 I BatteryMgr:DataCollectionService: stats => 1688925825489,-96,4084
07-09 20:03:45.493 16439 16579 I BatteryMgr:DataCollectionService: stats => 1688925825493,-96,4084
07-09 20:03:45.496 16439 16579 I BatteryMgr:DataCollectionService: stats => 1688925825496,-96,4084
07-09 20:03:45.501 16439 16579 I BatteryMgr:DataCollectionService: stats => 1688925825500,-96,4084
07-09 20:03:45.504 16439 16579 I BatteryMgr:DataCollectionService: stats => 1688925825504,-96,4084
07-09 20:03:45.508 16439 16579 I BatteryMgr:DataCollectionService: stats => 1688925825508,-96,4084
07-09 20:03:45.511  3436 16555 D ExynosCamera3: [CAM_ID(1)][]-DEBUG(m_handleInternalFrame[8816]):[EJ] Pass the frame to handleBayerBuffer 308 / m_isNeedRequestFrame = 1, m_isNeedInternalFrame = 0
07-09 20:03:45.512  3436 16553 W ExynosCamera3: [CAM_ID(1)][]-WARN(m_previewStreamISPPipeThreadFunc[6613]):wait timeout
07-09 20:03:45.516 16439 16579 I BatteryMgr:DataCollectionService: stats => 1688925825516,-96,4084
07-09 20:03:45.520 16439 16579 I BatteryMgr:DataCollectionService: stats => 1688925825520,-96,4084
07-09 20:03:45.525 16439 16579 I BatteryMgr:DataCollectionService: stats => 1688925825525,-96,4084
07-09 20:03:45.528 16439 16579 I BatteryMgr:DataCollectionService: stats => 1688925825528,-96,4084
07-09 20:03:45.532 16439 16579 I BatteryMgr:DataCollectionService: stats => 1688925825532,-96,4084
07-09 20:03:45.536 16439 16579 I BatteryMgr:DataCollectionService: stats => 1688925825536,-96,4084
07-09 20:03:45.540 16439 16579 I BatteryMgr:DataCollectionService: stats => 1688925825540,-96,4084
07-09 20:03:45.544  3436 16555 D ExynosCamera3: [CAM_ID(1)][]-DEBUG(m_handleInternalFrame[8816]):[EJ] Pass the frame to handleBayerBuffer 309 / m_isNeedRequestFrame = 1, m_isNeedInternalFrame = 0
07-09 20:03:45.548 16439 16579 I BatteryMgr:DataCollectionService: stats => 1688925825548,-96,4084
07-09 20:03:45.552 16439 16579 I BatteryMgr:DataCollectionService: stats => 1688925825552,-96,4084
07-09 20:03:45.556 16439 16579 I BatteryMgr:DataCollectionService: stats => 1688925825556,-96,4084
07-09 20:03:45.560 16439 16579 I BatteryMgr:DataCollectionService: stats => 1688925825560,-96,4084
07-09 20:03:45.564 16439 16579 I BatteryMgr:DataCollectionService: stats => 1688925825564,-96,4084
07-09 20:03:45.569 16439 16579 I BatteryMgr:DataCollectionService: stats => 1688925825569,-96,4084
07-09 20:03:45.573 16439 16579 I BatteryMgr:DataCollectionService: stats => 1688925825573,-96,4084
07-09 20:03:45.577 16439 16579 I BatteryMgr:DataCollectionService: stats => 1688925825577,-96,4084
07-09 20:03:45.577  3436 16555 D ExynosCamera3: [CAM_ID(1)][]-DEBUG(m_handleInternalFrame[8816]):[EJ] Pass the frame to handleBayerBuffer 310 / m_isNeedRequestFrame = 1, m_isNeedInternalFrame = 0
07-09 20:03:45.581 16439 16579 I BatteryMgr:DataCollectionService: stats => 1688925825581,-96,4084
07-09 20:03:45.585 16439 16579 I BatteryMgr:DataCollectionService: stats => 1688925825585,-96,4084
07-09 20:03:45.589 16439 16579 I BatteryMgr:DataCollectionService: stats => 1688925825589,-96,4084
07-09 20:03:45.591  3436 16552 W ExynosCamera3: [CAM_ID(1)][]-WARN(m_previewStreamVRAPipeThreadFunc[6650]):wait timeout
07-09 20:03:45.593 16439 16579 I BatteryMgr:DataCollectionService: stats => 1688925825593,-96,4084
07-09 20:03:45.597 16439 16579 I BatteryMgr:DataCollectionService: stats => 1688925825597,-96,4084
07-09 20:03:45.601 16439 16579 I BatteryMgr:DataCollectionService: stats => 1688925825601,-96,4084
07-09 20:03:45.605 16439 16579 I BatteryMgr:DataCollectionService: stats => 1688925825605,-96,4084
07-09 20:03:45.609 16439 16579 I BatteryMgr:DataCollectionService: stats => 1688925825609,-96,4084
07-09 20:03:45.610  3436 16555 D ExynosCamera3: [CAM_ID(1)][]-DEBUG(m_handleInternalFrame[8816]):[EJ] Pass the frame to handleBayerBuffer 311 / m_isNeedRequestFrame = 1, m_isNeedInternalFrame = 0
07-09 20:03:45.613 16439 16579 I BatteryMgr:DataCollectionService: stats => 1688925825613,-96,4084
07-09 20:03:45.617 16439 16579 I BatteryMgr:DataCollectionService: stats => 1688925825617,-96,4084
07-09 20:03:45.621 16439 16579 I BatteryMgr:DataCollectionService: stats => 1688925825621,-96,4084
07-09 20:03:45.625 16439 16579 I BatteryMgr:DataCollectionService: stats => 1688925825625,-96,4084
07-09 20:03:45.629 16439 16579 I BatteryMgr:DataCollectionService: stats => 1688925825629,-96,4084
07-09 20:03:45.633 16439 16579 I BatteryMgr:DataCollectionService: stats => 1688925825633,-96,4084
07-09 20:03:45.638 16439 16579 I BatteryMgr:DataCollectionService: stats => 1688925825638,-96,4084
07-09 20:03:45.641 16439 16579 I BatteryMgr:DataCollectionService: stats => 1688925825641,-96,4084
07-09 20:03:45.644  3436 16555 D ExynosCamera3: [CAM_ID(1)][]-DEBUG(m_handleInternalFrame[8816]):[EJ] Pass the frame to handleBayerBuffer 312 / m_isNeedRequestFrame = 1, m_isNeedInternalFrame = 0
07-09 20:03:45.646 16439 16579 I BatteryMgr:DataCollectionService: stats => 1688925825646,-96,4084
07-09 20:03:45.650 16439 16579 I BatteryMgr:DataCollectionService: stats => 1688925825650,-96,4084
07-09 20:03:45.652 16439 16444 I zygote64: Do partial code cache collection, code=123KB, data=65KB
07-09 20:03:45.653 16439 16444 I zygote64: After code cache collection, code=123KB, data=65KB
07-09 20:03:45.653 16439 16444 I zygote64: Increasing code cache capacity to 512KB
07-09 20:03:45.655 16439 16579 I BatteryMgr:DataCollectionService: stats => 1688925825655,-96,4084
07-09 20:03:45.659 16439 16579 I BatteryMgr:DataCollectionService: stats => 1688925825659,-96,4084
07-09 20:03:45.662  3436 16553 W ExynosCamera3: [CAM_ID(1)][]-WARN(m_previewStreamISPPipeThreadFunc[6613]):wait timeout
07-09 20:03:45.663 16439 16579 I BatteryMgr:DataCollectionService: stats => 1688925825663,-96,4084
07-09 20:03:45.667 16439 16579 I BatteryMgr:DataCollectionService: stats => 1688925825667,-96,4084
07-09 20:03:45.671 16439 16579 I BatteryMgr:DataCollectionService: stats => 1688925825671,-96,4084
07-09 20:03:45.675 16439 16579 I BatteryMgr:DataCollectionService: stats => 1688925825675,-96,4084
07-09 20:03:45.677  3436 16555 D ExynosCamera3: [CAM_ID(1)][]-DEBUG(m_handleInternalFrame[8816]):[EJ] Pass the frame to handleBayerBuffer 313 / m_isNeedRequestFrame = 1, m_isNeedInternalFrame = 0
07-09 20:03:45.680 16439 16579 I BatteryMgr:DataCollectionService: stats => 1688925825680,-96,4084
07-09 20:03:45.684 16439 16579 I BatteryMgr:DataCollectionService: stats => 1688925825684,-96,4084
07-09 20:03:45.687 16439 16579 I BatteryMgr:DataCollectionService: stats => 1688925825687,-96,4084
07-09 20:03:45.691 16439 16579 I BatteryMgr:DataCollectionService: stats => 1688925825691,-96,4084
07-09 20:03:45.695 16439 16579 I BatteryMgr:DataCollectionService: stats => 1688925825695,-96,4084
07-09 20:03:45.699 16439 16579 I BatteryMgr:DataCollectionService: stats => 1688925825699,-96,4084
07-09 20:03:45.703 16439 16579 I BatteryMgr:DataCollectionService: stats => 1688925825703,-96,4084
07-09 20:03:45.706 16439 16579 I BatteryMgr:DataCollectionService: stats => 1688925825706,-96,4084
07-09 20:03:45.710 16439 16579 I BatteryMgr:DataCollectionService: stats => 1688925825710,-96,4084
07-09 20:03:45.710  3436 16555 D ExynosCamera3: [CAM_ID(1)][]-DEBUG(m_handleInternalFrame[8816]):[EJ] Pass the frame to handleBayerBuffer 314 / m_isNeedRequestFrame = 1, m_isNeedInternalFrame = 0
07-09 20:03:45.715 16439 16579 I BatteryMgr:DataCollectionService: stats => 1688925825714,-96,4084
07-09 20:03:45.718 16439 16579 I BatteryMgr:DataCollectionService: stats => 1688925825718,-96,4084
07-09 20:03:45.722 16439 16579 I BatteryMgr:DataCollectionService: stats => 1688925825722,-96,4084
07-09 20:03:45.725 16439 16579 I BatteryMgr:DataCollectionService: stats => 1688925825725,-96,4084
07-09 20:03:45.729 16439 16579 I BatteryMgr:DataCollectionService: stats => 1688925825729,-96,4084
07-09 20:03:45.734 16439 16579 I BatteryMgr:DataCollectionService: stats => 1688925825734,-96,4084
07-09 20:03:45.737 16439 16579 I BatteryMgr:DataCollectionService: stats => 1688925825737,-96,4084
07-09 20:03:45.741 16439 16579 I BatteryMgr:DataCollectionService: stats => 1688925825741,-96,4084
07-09 20:03:45.741  3436 16552 W ExynosCamera3: [CAM_ID(1)][]-WARN(m_previewStreamVRAPipeThreadFunc[6650]):wait timeout
07-09 20:03:45.744  3436 16555 D ExynosCamera3: [CAM_ID(1)][]-DEBUG(m_handleInternalFrame[8816]):[EJ] Pass the frame to handleBayerBuffer 315 / m_isNeedRequestFrame = 1, m_isNeedInternalFrame = 0
07-09 20:03:45.749 16439 16579 I BatteryMgr:DataCollectionService: stats => 1688925825749,-96,4084
07-09 20:03:45.753 16439 16579 I BatteryMgr:DataCollectionService: stats => 1688925825753,-96,4084
07-09 20:03:45.757 16439 16579 I BatteryMgr:DataCollectionService: stats => 1688925825757,-96,4084
07-09 20:03:45.761 16439 16579 I BatteryMgr:DataCollectionService: stats => 1688925825761,-96,4084
07-09 20:03:45.764 16439 16579 I BatteryMgr:DataCollectionService: stats => 1688925825764,-96,4084
07-09 20:03:45.769 16439 16579 I BatteryMgr:DataCollectionService: stats => 1688925825769,-96,4084
07-09 20:03:45.773 16439 16579 I BatteryMgr:DataCollectionService: stats => 1688925825773,-96,4084
07-09 20:03:45.777  3436 16555 D ExynosCamera3: [CAM_ID(1)][]-DEBUG(m_handleInternalFrame[8816]):[EJ] Pass the frame to handleBayerBuffer 316 / m_isNeedRequestFrame = 1, m_isNeedInternalFrame = 0
07-09 20:03:45.777 16439 16579 I BatteryMgr:DataCollectionService: stats => 1688925825777,-96,4084
07-09 20:03:45.782 16439 16579 I BatteryMgr:DataCollectionService: stats => 1688925825782,-96,4084
07-09 20:03:45.786 16439 16579 I BatteryMgr:DataCollectionService: stats => 1688925825786,-96,4084
07-09 20:03:45.790 16439 16579 I BatteryMgr:DataCollectionService: stats => 1688925825790,-96,4084
07-09 20:03:45.794 16439 16579 I BatteryMgr:DataCollectionService: stats => 1688925825794,-96,4084
07-09 20:03:45.797 16439 16579 I BatteryMgr:DataCollectionService: stats => 1688925825797,-96,4084
07-09 20:03:45.801 16439 16579 I BatteryMgr:DataCollectionService: stats => 1688925825801,-96,4084
07-09 20:03:45.805 16439 16579 I BatteryMgr:DataCollectionService: stats => 1688925825805,-96,4084
07-09 20:03:45.809 16439 16579 I BatteryMgr:DataCollectionService: stats => 1688925825809,-96,4084
07-09 20:03:45.810  3436 16555 D ExynosCamera3: [CAM_ID(1)][]-DEBUG(m_handleInternalFrame[8816]):[EJ] Pass the frame to handleBayerBuffer 317 / m_isNeedRequestFrame = 1, m_isNeedInternalFrame = 0
07-09 20:03:45.812  3436 16553 W ExynosCamera3: [CAM_ID(1)][]-WARN(m_previewStreamISPPipeThreadFunc[6613]):wait timeout
07-09 20:03:45.816 16439 16579 I BatteryMgr:DataCollectionService: stats => 1688925825816,-96,4084
07-09 20:03:45.819 16439 16579 I BatteryMgr:DataCollectionService: stats => 1688925825819,-96,4084
07-09 20:03:45.823 16439 16579 I BatteryMgr:DataCollectionService: stats => 1688925825823,-96,4084
07-09 20:03:45.827 16439 16579 I BatteryMgr:DataCollectionService: stats => 1688925825827,-96,4084
07-09 20:03:45.831 16439 16579 I BatteryMgr:DataCollectionService: stats => 1688925825831,-96,4084
07-09 20:03:45.835 16439 16579 I BatteryMgr:DataCollectionService: stats => 1688925825835,-96,4084
07-09 20:03:45.838 16439 16579 I BatteryMgr:DataCollectionService: stats => 1688925825838,-96,4084
07-09 20:03:45.842 16439 16579 I BatteryMgr:DataCollectionService: stats => 1688925825842,-96,4084
07-09 20:03:45.844  3436 16555 D ExynosCamera3: [CAM_ID(1)][]-DEBUG(m_handleInternalFrame[8816]):[EJ] Pass the frame to handleBayerBuffer 318 / m_isNeedRequestFrame = 1, m_isNeedInternalFrame = 0
07-09 20:03:45.846 16439 16579 I BatteryMgr:DataCollectionService: stats => 1688925825846,-96,4084
07-09 20:03:45.850 16439 16579 I BatteryMgr:DataCollectionService: stats => 1688925825850,-96,4084
07-09 20:03:45.854 16439 16579 I BatteryMgr:DataCollectionService: stats => 1688925825854,-96,4084
07-09 20:03:45.858 16439 16579 I BatteryMgr:DataCollectionService: stats => 1688925825858,-96,4084
07-09 20:03:45.861 16439 16579 I BatteryMgr:DataCollectionService: stats => 1688925825861,-96,4084
07-09 20:03:45.865 16439 16579 I BatteryMgr:DataCollectionService: stats => 1688925825865,-96,4084
07-09 20:03:45.869 16439 16579 I BatteryMgr:DataCollectionService: stats => 1688925825869,-96,4084
07-09 20:03:45.872 16439 16579 I BatteryMgr:DataCollectionService: stats => 1688925825872,-96,4084
07-09 20:03:45.877  3436 16555 D ExynosCamera3: [CAM_ID(1)][]-DEBUG(m_handleInternalFrame[8816]):[EJ] Pass the frame to handleBayerBuffer 319 / m_isNeedRequestFrame = 1, m_isNeedInternalFrame = 0
07-09 20:03:45.877 16439 16579 I BatteryMgr:DataCollectionService: stats => 1688925825877,-96,4084
07-09 20:03:45.881 16439 16579 I BatteryMgr:DataCollectionService: stats => 1688925825881,-96,4084
07-09 20:03:45.885 16439 16579 I BatteryMgr:DataCollectionService: stats => 1688925825885,-96,4084
07-09 20:03:45.889 16439 16579 I BatteryMgr:DataCollectionService: stats => 1688925825889,-96,4084
07-09 20:03:45.891  3436 16552 W ExynosCamera3: [CAM_ID(1)][]-WARN(m_previewStreamVRAPipeThreadFunc[6650]):wait timeout
07-09 20:03:45.893 16439 16579 I BatteryMgr:DataCollectionService: stats => 1688925825893,-96,4084
07-09 20:03:45.896  3436 16546 W ExynosCameraMCPipe: [CAM_ID(1)][PIPE_ISP]-WARN(m_putBuffer[1530]):inputFrameQ wait timeout
07-09 20:03:45.896  3436 16546 W ExynosCameraMCPipe: [CAM_ID(1)][PIPE_ISP]-WARN(m_putBufferThreadFunc[1471]):m_putbuffer fail, ret(-110)
07-09 20:03:45.896 16439 16579 I BatteryMgr:DataCollectionService: stats => 1688925825896,-96,4084
07-09 20:03:45.901 16439 16579 I BatteryMgr:DataCollectionService: stats => 1688925825901,-96,4084
07-09 20:03:45.904 16439 16579 I BatteryMgr:DataCollectionService: stats => 1688925825904,-96,4084
07-09 20:03:45.908 16439 16579 I BatteryMgr:DataCollectionService: stats => 1688925825908,-96,4084
07-09 20:03:45.910  3436 16547 W ExynosCameraMCPipe: [CAM_ID(1)][PIPE_ISP]-WARN(m_getBuffer[1976]):requestFrameQ wait timeout
07-09 20:03:45.910  3436 16555 D ExynosCamera3: [CAM_ID(1)][]-DEBUG(m_handleInternalFrame[8816]):[EJ] Pass the frame to handleBayerBuffer 320 / m_isNeedRequestFrame = 1, m_isNeedInternalFrame = 0
07-09 20:03:45.910  3436 16547 W ExynosCameraMCPipe: [CAM_ID(1)][PIPE_ISP]-WARN(m_getBufferThreadFunc[1492]):m_getBuffer fail, ret(-110)
07-09 20:03:45.913 16439 16579 I BatteryMgr:DataCollectionService: stats => 1688925825913,-96,4084
07-09 20:03:45.917 16439 16579 I BatteryMgr:DataCollectionService: stats => 1688925825917,-96,4084
07-09 20:03:45.920 16439 16579 I BatteryMgr:DataCollectionService: stats => 1688925825920,-96,4084
07-09 20:03:45.924 16439 16579 I BatteryMgr:DataCollectionService: stats => 1688925825924,-96,4084
07-09 20:03:45.928 16439 16579 I BatteryMgr:DataCollectionService: stats => 1688925825928,-96,4084
07-09 20:03:45.932 16439 16579 I BatteryMgr:DataCollectionService: stats => 1688925825932,-96,4084
07-09 20:03:45.936 16439 16579 I BatteryMgr:DataCollectionService: stats => 1688925825936,-96,4084
07-09 20:03:45.939 16439 16579 I BatteryMgr:DataCollectionService: stats => 1688925825939,-96,4084
07-09 20:03:45.944  3436 16555 D ExynosCamera3: [CAM_ID(1)][]-DEBUG(m_handleInternalFrame[8816]):[EJ] Pass the frame to handleBayerBuffer 321 / m_isNeedRequestFrame = 1, m_isNeedInternalFrame = 0
07-09 20:03:45.947 16439 16579 I BatteryMgr:DataCollectionService: stats => 1688925825947,-96,4084
07-09 20:03:45.951 16439 16579 I BatteryMgr:DataCollectionService: stats => 1688925825951,-96,4084
07-09 20:03:45.955 16439 16579 I BatteryMgr:DataCollectionService: stats => 1688925825955,-96,4084
07-09 20:03:45.958 16439 16579 I BatteryMgr:DataCollectionService: stats => 1688925825958,-96,4084
07-09 20:03:45.962 16439 16579 I BatteryMgr:DataCollectionService: stats => 1688925825962,-96,4084
07-09 20:03:45.963  3436 16553 W ExynosCamera3: [CAM_ID(1)][]-WARN(m_previewStreamISPPipeThreadFunc[6613]):wait timeout
07-09 20:03:45.966 16439 16579 I BatteryMgr:DataCollectionService: stats => 1688925825966,-96,4084
07-09 20:03:45.970 16439 16579 I BatteryMgr:DataCollectionService: stats => 1688925825970,-96,4084
07-09 20:03:45.973 16439 16579 I BatteryMgr:DataCollectionService: stats => 1688925825973,-96,4084
07-09 20:03:45.977  3436 16555 D ExynosCamera3: [CAM_ID(1)][]-DEBUG(m_handleInternalFrame[8816]):[EJ] Pass the frame to handleBayerBuffer 322 / m_isNeedRequestFrame = 1, m_isNeedInternalFrame = 0
07-09 20:03:45.978 16439 16579 I BatteryMgr:DataCollectionService: stats => 1688925825978,-96,4084
07-09 20:03:45.982 16439 16579 I BatteryMgr:DataCollectionService: stats => 1688925825982,-96,4084
07-09 20:03:45.986 16439 16579 I BatteryMgr:DataCollectionService: stats => 1688925825986,-96,4084
07-09 20:03:45.990 16439 16579 I BatteryMgr:DataCollectionService: stats => 1688925825990,-96,4084
07-09 20:03:45.994 16439 16579 I BatteryMgr:DataCollectionService: stats => 1688925825994,-96,4084
07-09 20:03:45.997 16439 16579 I BatteryMgr:DataCollectionService: stats => 1688925825997,-96,4084
07-09 20:03:46.002 16439 16579 I BatteryMgr:DataCollectionService: stats => 1688925826002,-96,4084
07-09 20:03:46.005 16439 16579 I BatteryMgr:DataCollectionService: stats => 1688925826005,-96,4084
07-09 20:03:46.010  3436 16555 D ExynosCamera3: [CAM_ID(1)][]-DEBUG(m_handleInternalFrame[8816]):[EJ] Pass the frame to handleBayerBuffer 323 / m_isNeedRequestFrame = 1, m_isNeedInternalFrame = 0
07-09 20:03:46.013 16439 16579 I BatteryMgr:DataCollectionService: stats => 1688925826013,-96,4084
07-09 20:03:46.018 16439 16579 I BatteryMgr:DataCollectionService: stats => 1688925826018,-96,4084
07-09 20:03:46.021 16439 16579 I BatteryMgr:DataCollectionService: stats => 1688925826021,-96,4084
07-09 20:03:46.025 16439 16579 I BatteryMgr:DataCollectionService: stats => 1688925826025,-96,4084
07-09 20:03:46.029 16439 16579 I BatteryMgr:DataCollectionService: stats => 1688925826029,-96,4084
07-09 20:03:46.033 16439 16579 I BatteryMgr:DataCollectionService: stats => 1688925826033,-96,4084
07-09 20:03:46.037 16439 16579 I BatteryMgr:DataCollectionService: stats => 1688925826037,-96,4084
07-09 20:03:46.041 16439 16579 I BatteryMgr:DataCollectionService: stats => 1688925826041,-96,4084
07-09 20:03:46.042  3436 16552 W ExynosCamera3: [CAM_ID(1)][]-WARN(m_previewStreamVRAPipeThreadFunc[6650]):wait timeout
07-09 20:03:46.043  3436 16555 D ExynosCamera3: [CAM_ID(1)][]-DEBUG(m_handleInternalFrame[8816]):[EJ] Pass the frame to handleBayerBuffer 324 / m_isNeedRequestFrame = 1, m_isNeedInternalFrame = 0
07-09 20:03:46.045 16439 16579 I BatteryMgr:DataCollectionService: stats => 1688925826045,-96,4084
07-09 20:03:46.049 16439 16579 I BatteryMgr:DataCollectionService: stats => 1688925826049,-96,4084
07-09 20:03:46.053 16439 16579 I BatteryMgr:DataCollectionService: stats => 1688925826053,-96,4084
07-09 20:03:46.057 16439 16579 I BatteryMgr:DataCollectionService: stats => 1688925826057,-96,4084
07-09 20:03:46.060 16439 16579 I BatteryMgr:DataCollectionService: stats => 1688925826060,-96,4084
07-09 20:03:46.064 16439 16579 I BatteryMgr:DataCollectionService: stats => 1688925826064,-96,4084
07-09 20:03:46.069 16439 16579 I BatteryMgr:DataCollectionService: stats => 1688925826069,-96,4084
07-09 20:03:46.072 16439 16579 I BatteryMgr:DataCollectionService: stats => 1688925826072,-96,4084
07-09 20:03:46.077  3436 16555 D ExynosCamera3: [CAM_ID(1)][]-DEBUG(m_handleInternalFrame[8816]):[EJ] Pass the frame to handleBayerBuffer 325 / m_isNeedRequestFrame = 1, m_isNeedInternalFrame = 0
07-09 20:03:46.080 16439 16579 I BatteryMgr:DataCollectionService: stats => 1688925826080,-96,4084
07-09 20:03:46.084 16439 16579 I BatteryMgr:DataCollectionService: stats => 1688925826084,-96,4084
07-09 20:03:46.088 16439 16579 I BatteryMgr:DataCollectionService: stats => 1688925826087,-96,4084
07-09 20:03:46.091 16439 16579 I BatteryMgr:DataCollectionService: stats => 1688925826091,-96,4084
07-09 20:03:46.095 16439 16579 I BatteryMgr:DataCollectionService: stats => 1688925826095,-96,4084
07-09 20:03:46.099 16439 16579 I BatteryMgr:DataCollectionService: stats => 1688925826099,-96,4084
07-09 20:03:46.103 16439 16579 I BatteryMgr:DataCollectionService: stats => 1688925826103,-96,4084
07-09 20:03:46.106 16439 16579 I BatteryMgr:DataCollectionService: stats => 1688925826106,-96,4084
07-09 20:03:46.110  3436 16555 D ExynosCamera3: [CAM_ID(1)][]-DEBUG(m_handleInternalFrame[8816]):[EJ] Pass the frame to handleBayerBuffer 326 / m_isNeedRequestFrame = 1, m_isNeedInternalFrame = 0
07-09 20:03:46.113  3436 16553 W ExynosCamera3: [CAM_ID(1)][]-WARN(m_previewStreamISPPipeThreadFunc[6613]):wait timeout
07-09 20:03:46.114 16439 16579 I BatteryMgr:DataCollectionService: stats => 1688925826114,-96,4084
07-09 20:03:46.118 16439 16579 I BatteryMgr:DataCollectionService: stats => 1688925826118,-96,4084
07-09 20:03:46.122 16439 16579 I BatteryMgr:DataCollectionService: stats => 1688925826122,-96,4084
07-09 20:03:46.125 16439 16579 I BatteryMgr:DataCollectionService: stats => 1688925826125,-96,4084
07-09 20:03:46.129 16439 16579 I BatteryMgr:DataCollectionService: stats => 1688925826129,-96,4084
07-09 20:03:46.133 16439 16579 I BatteryMgr:DataCollectionService: stats => 1688925826133,-96,4084
07-09 20:03:46.137 16439 16579 I BatteryMgr:DataCollectionService: stats => 1688925826137,-96,4084
07-09 20:03:46.141 16439 16579 I BatteryMgr:DataCollectionService: stats => 1688925826141,-96,4084
07-09 20:03:46.143  3436 16555 D ExynosCamera3: [CAM_ID(1)][]-DEBUG(m_handleInternalFrame[8816]):[EJ] Pass the frame to handleBayerBuffer 327 / m_isNeedRequestFrame = 1, m_isNeedInternalFrame = 0
07-09 20:03:46.146 16439 16579 I BatteryMgr:DataCollectionService: stats => 1688925826146,-96,4084
07-09 20:03:46.150 16439 16579 I BatteryMgr:DataCollectionService: stats => 1688925826150,-96,4084
07-09 20:03:46.153 16439 16579 I BatteryMgr:DataCollectionService: stats => 1688925826153,-96,4084
07-09 20:03:46.157 16439 16579 I BatteryMgr:DataCollectionService: stats => 1688925826157,-96,4084
07-09 20:03:46.161 16439 16579 I BatteryMgr:DataCollectionService: stats => 1688925826161,-96,4084
07-09 20:03:46.162  3961  3971 I EDMNativeHelperService: isCameraEnabled
07-09 20:03:46.165 16439 16579 I BatteryMgr:DataCollectionService: stats => 1688925826164,-96,4084
07-09 20:03:46.168 16439 16579 I BatteryMgr:DataCollectionService: stats => 1688925826168,-96,4084
07-09 20:03:46.172 16439 16579 I BatteryMgr:DataCollectionService: stats => 1688925826172,-96,4084
07-09 20:03:46.176 16439 16579 I BatteryMgr:DataCollectionService: stats => 1688925826176,-96,4084
07-09 20:03:46.177  3436 16555 D ExynosCamera3: [CAM_ID(1)][]-DEBUG(m_handleInternalFrame[8816]):[EJ] Pass the frame to handleBayerBuffer 328 / m_isNeedRequestFrame = 1, m_isNeedInternalFrame = 0
07-09 20:03:46.181 16439 16579 I BatteryMgr:DataCollectionService: stats => 1688925826181,-96,4084
07-09 20:03:46.184 16439 16579 I BatteryMgr:DataCollectionService: stats => 1688925826184,-96,4084
07-09 20:03:46.188 16439 16579 I BatteryMgr:DataCollectionService: stats => 1688925826188,-96,4084
07-09 20:03:46.192 16439 16579 I BatteryMgr:DataCollectionService: stats => 1688925826192,-96,4084
07-09 20:03:46.192  3436 16552 W ExynosCamera3: [CAM_ID(1)][]-WARN(m_previewStreamVRAPipeThreadFunc[6650]):wait timeout
07-09 20:03:46.196 16439 16579 I BatteryMgr:DataCollectionService: stats => 1688925826196,-96,4084
07-09 20:03:46.200 16439 16579 I BatteryMgr:DataCollectionService: stats => 1688925826200,-96,4084
07-09 20:03:46.204 16439 16579 I BatteryMgr:DataCollectionService: stats => 1688925826204,-96,4084
07-09 20:03:46.207 16439 16579 I BatteryMgr:DataCollectionService: stats => 1688925826207,-96,4084
07-09 20:03:46.210  3436 16555 D ExynosCamera3: [CAM_ID(1)][]-DEBUG(m_handleInternalFrame[8816]):[EJ] Pass the frame to handleBayerBuffer 329 / m_isNeedRequestFrame = 1, m_isNeedInternalFrame = 0
07-09 20:03:46.213 16439 16579 I BatteryMgr:DataCollectionService: stats => 1688925826213,-96,4084
07-09 20:03:46.217 16439 16579 I BatteryMgr:DataCollectionService: stats => 1688925826217,-96,4084
07-09 20:03:46.221 16439 16579 I BatteryMgr:DataCollectionService: stats => 1688925826221,-96,4084
07-09 20:03:46.224 16439 16579 I BatteryMgr:DataCollectionService: stats => 1688925826224,-96,4084
07-09 20:03:46.228 16439 16579 I BatteryMgr:DataCollectionService: stats => 1688925826228,-96,4084
07-09 20:03:46.232 16439 16579 I BatteryMgr:DataCollectionService: stats => 1688925826232,-96,4084
07-09 20:03:46.235 16439 16579 I BatteryMgr:DataCollectionService: stats => 1688925826235,-96,4084
07-09 20:03:46.239 16439 16579 I BatteryMgr:DataCollectionService: stats => 1688925826239,-96,4084
07-09 20:03:46.243 16439 16579 I BatteryMgr:DataCollectionService: stats => 1688925826243,-96,4084
07-09 20:03:46.244  3436 16555 D ExynosCamera3: [CAM_ID(1)][]-DEBUG(m_handleInternalFrame[8816]):[EJ] Pass the frame to handleBayerBuffer 330 / m_isNeedRequestFrame = 1, m_isNeedInternalFrame = 0
07-09 20:03:46.248 16439 16579 I BatteryMgr:DataCollectionService: stats => 1688925826248,-96,4084
07-09 20:03:46.251 16439 16579 I BatteryMgr:DataCollectionService: stats => 1688925826251,-96,4084
07-09 20:03:46.255 16439 16579 I BatteryMgr:DataCollectionService: stats => 1688925826255,-96,4084
07-09 20:03:46.259 16439 16579 I BatteryMgr:DataCollectionService: stats => 1688925826259,-96,4084
07-09 20:03:46.263 16439 16579 I BatteryMgr:DataCollectionService: stats => 1688925826262,-96,4084
07-09 20:03:46.263  3436 16553 W ExynosCamera3: [CAM_ID(1)][]-WARN(m_previewStreamISPPipeThreadFunc[6613]):wait timeout
07-09 20:03:46.267 16439 16579 I BatteryMgr:DataCollectionService: stats => 1688925826267,-96,4084
07-09 20:03:46.271 16439 16579 I BatteryMgr:DataCollectionService: stats => 1688925826271,-96,4084
07-09 20:03:46.274 16439 16579 I BatteryMgr:DataCollectionService: stats => 1688925826274,-96,4084
07-09 20:03:46.279 16439 16579 I BatteryMgr:DataCollectionService: stats => 1688925826279,-96,4084
07-09 20:03:46.279  3436 16555 D ExynosCamera3: [CAM_ID(1)][]-DEBUG(m_handleInternalFrame[8816]):[EJ] Pass the frame to handleBayerBuffer 331 / m_isNeedRequestFrame = 1, m_isNeedInternalFrame = 0
07-09 20:03:46.282 16439 16579 I BatteryMgr:DataCollectionService: stats => 1688925826282,-96,4084
07-09 20:03:46.286 16439 16579 I BatteryMgr:DataCollectionService: stats => 1688925826286,-96,4084
07-09 20:03:46.290 16439 16579 I BatteryMgr:DataCollectionService: stats => 1688925826290,-96,4084
07-09 20:03:46.294 16439 16579 I BatteryMgr:DataCollectionService: stats => 1688925826294,-96,4084
07-09 20:03:46.298 16439 16579 I BatteryMgr:DataCollectionService: stats => 1688925826298,-96,4084
07-09 20:03:46.302 16439 16579 I BatteryMgr:DataCollectionService: stats => 1688925826301,-96,4084
07-09 20:03:46.305 16439 16579 I BatteryMgr:DataCollectionService: stats => 1688925826305,-96,4084
07-09 20:03:46.310  3436 16555 D ExynosCamera3: [CAM_ID(1)][]-DEBUG(m_handleInternalFrame[8816]):[EJ] Pass the frame to handleBayerBuffer 332 / m_isNeedRequestFrame = 1, m_isNeedInternalFrame = 0
07-09 20:03:46.313 16439 16579 I BatteryMgr:DataCollectionService: stats => 1688925826313,-96,4084
07-09 20:03:46.317 16439 16579 I BatteryMgr:DataCollectionService: stats => 1688925826317,-96,4084
07-09 20:03:46.321 16439 16579 I BatteryMgr:DataCollectionService: stats => 1688925826321,-96,4084
07-09 20:03:46.324 16439 16579 I BatteryMgr:DataCollectionService: stats => 1688925826324,-96,4084
07-09 20:03:46.328 16439 16579 I BatteryMgr:DataCollectionService: stats => 1688925826328,-96,4084
07-09 20:03:46.332 16439 16579 I BatteryMgr:DataCollectionService: stats => 1688925826332,-96,4084
07-09 20:03:46.336 16439 16579 I BatteryMgr:DataCollectionService: stats => 1688925826336,-96,4084
07-09 20:03:46.340 16439 16579 I BatteryMgr:DataCollectionService: stats => 1688925826340,-96,4084
07-09 20:03:46.342  3436 16552 W ExynosCamera3: [CAM_ID(1)][]-WARN(m_previewStreamVRAPipeThreadFunc[6650]):wait timeout
07-09 20:03:46.343  3436 16555 D ExynosCamera3: [CAM_ID(1)][]-DEBUG(m_handleInternalFrame[8816]):[EJ] Pass the frame to handleBayerBuffer 333 / m_isNeedRequestFrame = 1, m_isNeedInternalFrame = 0
07-09 20:03:46.345 16439 16579 I BatteryMgr:DataCollectionService: stats => 1688925826345,-96,4084
07-09 20:03:46.349 16439 16579 I BatteryMgr:DataCollectionService: stats => 1688925826349,-96,4084
07-09 20:03:46.353 16439 16579 I BatteryMgr:DataCollectionService: stats => 1688925826353,-96,4084
07-09 20:03:46.356 16439 16579 I BatteryMgr:DataCollectionService: stats => 1688925826356,-96,4084
07-09 20:03:46.360 16439 16579 I BatteryMgr:DataCollectionService: stats => 1688925826360,-96,4084
07-09 20:03:46.364 16439 16579 I BatteryMgr:DataCollectionService: stats => 1688925826364,-96,4084
07-09 20:03:46.367 16439 16579 I BatteryMgr:DataCollectionService: stats => 1688925826367,-96,4084
07-09 20:03:46.371 16439 16579 I BatteryMgr:DataCollectionService: stats => 1688925826371,-96,4084
07-09 20:03:46.375 16439 16579 I BatteryMgr:DataCollectionService: stats => 1688925826375,-96,4084
07-09 20:03:46.376  3436 16555 D ExynosCamera3: [CAM_ID(1)][]-DEBUG(m_handleInternalFrame[8816]):[EJ] Pass the frame to handleBayerBuffer 334 / m_isNeedRequestFrame = 1, m_isNeedInternalFrame = 0
07-09 20:03:46.379 16439 16579 I BatteryMgr:DataCollectionService: stats => 1688925826379,-96,4084
07-09 20:03:46.383 16439 16579 I BatteryMgr:DataCollectionService: stats => 1688925826383,-96,4084
07-09 20:03:46.387 16439 16579 I BatteryMgr:DataCollectionService: stats => 1688925826386,-96,4084
07-09 20:03:46.390 16439 16579 I BatteryMgr:DataCollectionService: stats => 1688925826390,-96,4084
07-09 20:03:46.394 16439 16579 I BatteryMgr:DataCollectionService: stats => 1688925826394,-96,4084
07-09 20:03:46.397 16439 16579 I BatteryMgr:DataCollectionService: stats => 1688925826397,-96,4084
07-09 20:03:46.402 16439 16579 I BatteryMgr:DataCollectionService: stats => 1688925826402,-96,4084
07-09 20:03:46.405 16439 16579 I BatteryMgr:DataCollectionService: stats => 1688925826405,-96,4084
07-09 20:03:46.409 16439 16579 I BatteryMgr:DataCollectionService: stats => 1688925826409,-96,4084
07-09 20:03:46.410  3436 16555 D ExynosCamera3: [CAM_ID(1)][]-DEBUG(m_handleInternalFrame[8816]):[EJ] Pass the frame to handleBayerBuffer 335 / m_isNeedRequestFrame = 1, m_isNeedInternalFrame = 0
07-09 20:03:46.413  3436 16553 W ExynosCamera3: [CAM_ID(1)][]-WARN(m_previewStreamISPPipeThreadFunc[6613]):wait timeout
07-09 20:03:46.414 16439 16579 I BatteryMgr:DataCollectionService: stats => 1688925826414,-96,4084
07-09 20:03:46.417 16439 16579 I BatteryMgr:DataCollectionService: stats => 1688925826417,-96,4084
07-09 20:03:46.421 16439 16579 I BatteryMgr:DataCollectionService: stats => 1688925826421,-96,4084
07-09 20:03:46.425 16439 16579 I BatteryMgr:DataCollectionService: stats => 1688925826425,-96,4084
07-09 20:03:46.429 16439 16579 I BatteryMgr:DataCollectionService: stats => 1688925826429,-96,4084
07-09 20:03:46.433 16439 16579 I BatteryMgr:DataCollectionService: stats => 1688925826433,-96,4084
07-09 20:03:46.437 16439 16579 I BatteryMgr:DataCollectionService: stats => 1688925826437,-96,4084
07-09 20:03:46.440 16439 16579 I BatteryMgr:DataCollectionService: stats => 1688925826440,-96,4084
07-09 20:03:46.443  3436 16555 D ExynosCamera3: [CAM_ID(1)][]-DEBUG(m_handleInternalFrame[8816]):[EJ] Pass the frame to handleBayerBuffer 336 / m_isNeedRequestFrame = 1, m_isNeedInternalFrame = 0
07-09 20:03:46.446  3436 16546 W ExynosCameraMCPipe: [CAM_ID(1)][PIPE_ISP]-WARN(m_putBuffer[1530]):inputFrameQ wait timeout
07-09 20:03:46.446  3436 16546 W ExynosCameraMCPipe: [CAM_ID(1)][PIPE_ISP]-WARN(m_putBufferThreadFunc[1471]):m_putbuffer fail, ret(-110)
07-09 20:03:46.446 16439 16579 I BatteryMgr:DataCollectionService: stats => 1688925826446,-96,4084
07-09 20:03:46.450 16439 16579 I BatteryMgr:DataCollectionService: stats => 1688925826450,-96,4084
07-09 20:03:46.454 16439 16579 I BatteryMgr:DataCollectionService: stats => 1688925826454,-96,4084
07-09 20:03:46.457 16439 16579 I BatteryMgr:DataCollectionService: stats => 1688925826457,-96,4084
07-09 20:03:46.460  3436 16547 W ExynosCameraMCPipe: [CAM_ID(1)][PIPE_ISP]-WARN(m_getBuffer[1976]):requestFrameQ wait timeout
07-09 20:03:46.461  3436 16547 W ExynosCameraMCPipe: [CAM_ID(1)][PIPE_ISP]-WARN(m_getBufferThreadFunc[1492]):m_getBuffer fail, ret(-110)
07-09 20:03:46.461 16439 16579 I BatteryMgr:DataCollectionService: stats => 1688925826461,-96,4084
07-09 20:03:46.465 16439 16579 I BatteryMgr:DataCollectionService: stats => 1688925826465,-96,4084
07-09 20:03:46.469 16439 16579 I BatteryMgr:DataCollectionService: stats => 1688925826469,-96,4084
07-09 20:03:46.473 16439 16579 I BatteryMgr:DataCollectionService: stats => 1688925826473,-96,4084
