05-07 23:10:36.407 22425 22517 I BatteryMgr:DataCollectionService: stats => 1683493836407,false,true,-2147483648,90,135312,149375,-2147483648,2217000,3,2217000,135312,90,90,2217000,149375,135312,-2147483648,3,135312,149375,-2147483648,90,2217000,2,17303567,90,0,100,3,Li-ion,269,4219
05-07 23:10:36.789  1007  1073 D VSC     : @ 285662.719: [WO] Proposed rotation: 0, flat angle threshold: 65
05-07 23:10:36.790  1007  1073 D VSC     : @ 285662.720: [WO] orientation angle 3, orientation 0
05-07 23:10:36.790  1007  1073 D VSC     : @ 285662.720: [WO] Gyro angle integrated: 0.321276
05-07 23:10:36.944 22425 22517 I BatteryMgr:DataCollectionService: stats => 1683493836944,false,true,-2147483648,90,130312,150625,-2147483648,2217000,3,2217000,130312,90,90,2217000,150625,130312,-2147483648,3,130312,150625,-2147483648,90,2217000,2,17303567,90,0,100,3,Li-ion,269,4219
05-07 23:10:37.309  1701  2076 D ConnectivityService: NetReassign [no changes]
05-07 23:10:37.487 22425 22517 I BatteryMgr:DataCollectionService: stats => 1683493837487,false,true,-2147483648,90,159062,150000,-2147483648,2217000,3,2217000,159062,90,90,2217000,150000,159062,-2147483648,3,159062,150000,-2147483648,90,2217000,2,17303567,90,0,100,3,Li-ion,269,4219
05-07 23:10:38.025 22425 22517 I BatteryMgr:DataCollectionService: stats => 1683493838024,false,true,-2147483648,90,113750,152187,-2147483648,2217000,3,2217000,113750,90,90,2217000,152187,113750,-2147483648,3,113750,152187,-2147483648,90,2217000,2,17303567,90,0,100,3,Li-ion,269,4219
05-07 23:10:38.566 22425 22517 I BatteryMgr:DataCollectionService: stats => 1683493838565,false,true,-2147483648,90,115312,150937,-2147483648,2217000,3,2217000,115312,90,90,2217000,150937,115312,-2147483648,3,115312,150937,-2147483648,90,2217000,2,17303567,90,0,100,3,Li-ion,269,4219
05-07 23:10:38.781  1007  1073 D VSC     : @ 285664.718: [WO] Proposed rotation: 0, flat angle threshold: 65
05-07 23:10:38.781  1007  1073 D VSC     : @ 285664.718: [WO] orientation angle 3, orientation 0
05-07 23:10:38.781  1007  1073 D VSC     : @ 285664.718: [WO] Gyro angle integrated: 0.309594
05-07 23:10:39.106 22425 22517 I BatteryMgr:DataCollectionService: stats => 1683493839106,false,true,-2147483648,90,125937,149375,-2147483648,2217000,3,2217000,125937,90,90,2217000,149375,125937,-2147483648,3,125937,149375,-2147483648,90,2217000,2,17303567,90,0,100,3,Li-ion,269,4219
05-07 23:10:39.653 22425 22517 I BatteryMgr:DataCollectionService: stats => 1683493839653,false,true,-2147483648,90,120000,148750,-2147483648,2217000,3,2217000,120000,90,90,2217000,147812,120000,-2147483648,3,120000,147812,-2147483648,90,2217000,2,17303567,90,0,100,3,Li-ion,269,4219
05-07 23:10:40.195 22425 22517 I BatteryMgr:DataCollectionService: stats => 1683493840195,false,true,-2147483648,90,114062,147187,-2147483648,2217000,3,2217000,114062,90,90,2217000,147187,114062,-2147483648,3,114062,147187,-2147483648,90,2217000,2,17303567,90,0,100,3,Li-ion,269,4219
05-07 23:10:40.349  1701  2076 D ConnectivityService: NetReassign [no changes]
05-07 23:10:40.730 22425 22517 I BatteryMgr:DataCollectionService: stats => 1683493840730,false,true,-2147483648,90,185937,147187,-2147483648,2217000,3,2217000,185937,90,90,2217000,147187,185937,-2147483648,3,185937,147187,-2147483648,90,2217000,2,17303567,90,0,100,3,Li-ion,269,4219
05-07 23:10:40.788  1007  1073 D VSC     : @ 285666.719: [WO] Proposed rotation: 0, flat angle threshold: 65
05-07 23:10:40.788  1007  1073 D VSC     : @ 285666.719: [WO] orientation angle 3, orientation 0
05-07 23:10:40.788  1007  1073 D VSC     : @ 285666.720: [WO] Gyro angle integrated: 0.018152
05-07 23:10:41.260 22425 22517 I BatteryMgr:DataCollectionService: stats => 1683493841260,false,true,-2147483648,90,185625,146562,-2147483648,2217000,3,2217000,185625,90,90,2217000,146562,185625,-2147483648,3,185625,146562,-2147483648,90,2217000,2,17303567,90,0,100,3,Li-ion,269,4219
05-07 23:10:41.634 19016 19061 I Finsky  : [185] iwr.run(28): AIM: AppInfoManager-Perf > Destroying AppInfoManager ...
05-07 23:10:41.798 22425 22517 I BatteryMgr:DataCollectionService: stats => 1683493841798,false,true,-2147483648,90,119375,146875,-2147483648,2217000,3,2217000,119375,90,90,2217000,146875,119375,-2147483648,3,119375,146875,-2147483648,90,2217000,2,17303567,90,0,100,3,Li-ion,269,4219
05-07 23:10:42.349 22425 22517 I BatteryMgr:DataCollectionService: stats => 1683493842349,false,true,-2147483648,90,203750,145937,-2147483648,2217000,3,2217000,203750,90,90,2217000,145937,203750,-2147483648,3,203750,145937,-2147483648,90,2217000,2,17303567,90,0,100,3,Li-ion,269,4219
05-07 23:10:42.426 19016 19057 I Finsky  : [183] iwr.run(28): AIM: AppInfoManager-Perf > Destroying AppInfoManager ...
05-07 23:10:42.428 19016 19061 I Finsky  : [185] iwr.run(28): AIM: AppInfoManager-Perf > Destroying AppInfoManager ...
05-07 23:10:42.789  1007  1073 D VSC     : @ 285668.719: [WO] Proposed rotation: 0, flat angle threshold: 65
05-07 23:10:42.790  1007  1073 D VSC     : @ 285668.719: [WO] orientation angle 3, orientation 0
05-07 23:10:42.790  1007  1073 D VSC     : @ 285668.719: [WO] Gyro angle integrated: 0.182397
05-07 23:10:42.883 22425 22517 I BatteryMgr:DataCollectionService: stats => 1683493842882,false,true,-2147483648,90,176562,148750,-2147483648,2217000,3,2217000,176562,90,90,2217000,148750,175000,-2147483648,3,175000,148750,-2147483648,90,2217000,2,17303567,90,0,100,3,Li-ion,269,4219
05-07 23:10:43.374  1701  2076 D ConnectivityService: NetReassign [no changes]
05-07 23:10:43.408 22425 22517 I BatteryMgr:DataCollectionService: stats => 1683493843408,false,true,-2147483648,90,208750,149375,-2147483648,2217000,3,2217000,208750,90,90,2217000,149375,208750,-2147483648,3,208750,149375,-2147483648,90,2217000,2,17303567,90,0,100,3,Li-ion,269,4219
05-07 23:10:43.945 22425 22517 I BatteryMgr:DataCollectionService: stats => 1683493843945,false,true,-2147483648,90,134062,150625,-2147483648,2217000,3,2217000,134062,90,90,2217000,150625,129687,-2147483648,3,129687,150625,-2147483648,90,2217000,2,17303567,90,0,100,3,Li-ion,269,4219
05-07 23:10:44.075 19016 19061 I Finsky  : [185] iwr.run(28): AIM: AppInfoManager-Perf > Destroying AppInfoManager ...
05-07 23:10:44.481 22425 22517 I BatteryMgr:DataCollectionService: stats => 1683493844481,false,true,-2147483648,90,123750,150000,-2147483648,2217000,3,2217000,123750,90,90,2217000,150000,123750,-2147483648,3,123750,150000,-2147483648,90,2217000,2,17303567,90,0,100,3,Li-ion,269,4219
05-07 23:10:44.784  1007  1073 D VSC     : @ 285670.720: [WO] Proposed rotation: 0, flat angle threshold: 65
05-07 23:10:44.784  1007  1073 D VSC     : @ 285670.720: [WO] orientation angle 3, orientation 0
05-07 23:10:44.784  1007  1073 D VSC     : @ 285670.720: [WO] Gyro angle integrated: 0.167224
05-07 23:10:45.015 22425 22517 I BatteryMgr:DataCollectionService: stats => 1683493845014,false,true,-2147483648,90,103125,149062,-2147483648,2217000,3,2217000,103125,90,90,2217000,149062,103125,-2147483648,3,103125,149062,-2147483648,90,2217000,2,17303567,90,0,100,3,Li-ion,269,4219
05-07 23:10:45.549 22425 22517 I BatteryMgr:DataCollectionService: stats => 1683493845549,false,true,-2147483648,90,134687,147500,-2147483648,2217000,3,2217000,134687,90,90,2217000,147500,134687,-2147483648,3,134687,147500,-2147483648,90,2217000,2,17303567,90,0,100,3,Li-ion,269,4219
05-07 23:10:46.094 22425 22517 I BatteryMgr:DataCollectionService: stats => 1683493846094,false,true,-2147483648,90,111250,146875,-2147483648,2217000,3,2217000,111250,90,90,2217000,146875,111250,-2147483648,3,111250,146875,-2147483648,90,2217000,2,17303567,90,0,100,3,Li-ion,269,4219
05-07 23:10:46.147  7113  7113 D BoundBrokerSvc: onUnbind: Intent { act=com.google.android.gms.safetynet.service.START pkg=com.google.android.gms }
05-07 23:10:46.402  1701  2076 D ConnectivityService: NetReassign [no changes]
05-07 23:10:46.627 22425 22517 I BatteryMgr:DataCollectionService: stats => 1683493846626,false,true,-2147483648,90,124687,145625,-2147483648,2217000,3,2217000,124687,90,90,2217000,145625,124687,-2147483648,3,124687,145625,-2147483648,90,2217000,2,17303567,90,0,100,3,Li-ion,269,4219
05-07 23:10:46.781  1007  1073 D VSC     : @ 285672.718: [WO] Proposed rotation: 0, flat angle threshold: 65
05-07 23:10:46.781  1007  1073 D VSC     : @ 285672.718: [WO] orientation angle 3, orientation 0
05-07 23:10:46.781  1007  1073 D VSC     : @ 285672.718: [WO] Gyro angle integrated: 0.078371
05-07 23:10:47.175 22425 22517 I BatteryMgr:DataCollectionService: stats => 1683493847175,false,true,-2147483648,90,113750,145937,-2147483648,2217000,3,2217000,113750,90,90,2217000,145937,113750,-2147483648,3,113750,145937,-2147483648,90,2217000,2,17303567,90,0,100,3,Li-ion,269,4219
05-07 23:10:47.707 22425 22517 I BatteryMgr:DataCollectionService: stats => 1683493847707,false,true,-2147483648,90,125937,145000,-2147483648,2217000,3,2217000,125937,90,90,2217000,145000,125937,-2147483648,3,125937,144375,-2147483648,90,2217000,2,17303567,90,0,100,3,Li-ion,269,4219
05-07 23:10:48.245 22425 22517 I BatteryMgr:DataCollectionService: stats => 1683493848245,false,true,-2147483648,90,111875,147500,-2147483648,2217000,3,2217000,111875,90,90,2217000,147500,111875,-2147483648,3,111875,147500,-2147483648,90,2217000,2,17303567,90,0,100,3,Li-ion,269,4219
05-07 23:10:48.781  1007  1073 D VSC     : @ 285674.719: [WO] Proposed rotation: 0, flat angle threshold: 65
05-07 23:10:48.782  1007  1073 D VSC     : @ 285674.719: [WO] orientation angle 3, orientation 0
05-07 23:10:48.782  1007  1073 D VSC     : @ 285674.719: [WO] Gyro angle integrated: 0.064769
05-07 23:10:48.783 22425 22517 I BatteryMgr:DataCollectionService: stats => 1683493848783,false,true,-2147483648,90,130312,145937,-2147483648,2217000,3,2217000,130312,90,90,2217000,145937,130312,-2147483648,3,130312,145937,-2147483648,90,2217000,2,17303567,90,0,100,3,Li-ion,269,4219
05-07 23:10:49.318 22425 22517 I BatteryMgr:DataCollectionService: stats => 1683493849318,false,true,-2147483648,90,124687,147187,-2147483648,2217000,3,2217000,124687,90,90,2217000,147187,124687,-2147483648,3,124687,147187,-2147483648,90,2217000,2,17303567,90,0,100,3,Li-ion,269,4219
05-07 23:10:49.443  1701  2076 D ConnectivityService: NetReassign [no changes]
05-07 23:10:49.856 22425 22517 I BatteryMgr:DataCollectionService: stats => 1683493849855,false,true,-2147483648,90,182500,147500,-2147483648,2217000,3,2217000,182500,90,90,2217000,147500,182500,-2147483648,3,182500,147500,-2147483648,90,2217000,2,17303567,90,0,100,3,Li-ion,269,4219
05-07 23:10:50.397 22425 22517 I BatteryMgr:DataCollectionService: stats => 1683493850397,false,true,-2147483648,90,162500,146250,-2147483648,2217000,3,2217000,162500,90,90,2217000,146250,162500,-2147483648,3,162500,146250,-2147483648,90,2217000,2,17303567,90,0,100,3,Li-ion,269,4219
05-07 23:10:50.783  1007  1073 D VSC     : @ 285676.719: [WO] Proposed rotation: 0, flat angle threshold: 65
05-07 23:10:50.784  1007  1073 D VSC     : @ 285676.719: [WO] orientation angle 3, orientation 0
05-07 23:10:50.784  1007  1073 D VSC     : @ 285676.719: [WO] Gyro angle integrated: 0.134262
05-07 23:10:50.929 22425 22517 I BatteryMgr:DataCollectionService: stats => 1683493850929,false,true,-2147483648,90,125625,145937,-2147483648,2217000,3,2217000,125625,90,90,2217000,145937,125625,-2147483648,3,125625,145937,-2147483648,90,2217000,2,17303567,90,0,100,3,Li-ion,269,4219
05-07 23:10:51.467 22425 22517 I BatteryMgr:DataCollectionService: stats => 1683493851467,false,true,-2147483648,90,143437,145312,-2147483648,2217000,3,2217000,143437,90,90,2217000,145312,143437,-2147483648,3,143437,145312,-2147483648,90,2217000,2,17303567,90,0,100,3,Li-ion,269,4219
05-07 23:10:51.997 22425 22517 I BatteryMgr:DataCollectionService: stats => 1683493851997,false,true,-2147483648,90,117812,144375,-2147483648,2217000,3,2217000,117812,90,90,2217000,144375,169687,-2147483648,3,169687,144375,-2147483648,90,2217000,2,17303567,90,0,100,3,Li-ion,269,4219
05-07 23:10:52.459  1701  2076 D ConnectivityService: NetReassign [no changes]
05-07 23:10:52.489 22536 22536 D ProcessState: Binder ioctl to enable oneway spam detection failed: Invalid argument
05-07 23:10:52.502 22425 22425 I BatteryMgr:createFile: creating file called /storage/emulated/0/Documents/BatteryManager.csv
05-07 23:10:52.506  1701  2481 D CompatibilityChangeReporter: Compat change id reported: 149924527; UID 10221; state: ENABLED
05-07 23:10:52.506  1701  2481 D CompatibilityChangeReporter: Compat change id reported: 132649864; UID 10221; state: DISABLED
05-07 23:10:52.514  3355  3607 W MediaProvider: isAppCloneUserPair failed. Users: 0 and 0
05-07 23:10:52.514  3355  3607 W MediaProvider: isAppCloneUserPair for user 0: false
05-07 23:10:52.520 22425 22425 I BatteryMgr:createFile: created file called /storage/emulated/0/Documents/BatteryManager.csv
05-07 23:10:52.535 22541 22541 D ProcessState: Binder ioctl to enable oneway spam detection failed: Invalid argument
05-07 23:10:52.588  8321 22186 I NetworkScheduler.Stats: Task com.google.android.gms/com.google.android.gms.ipa.base.IpaGcmTaskService started execution. cause:9 exec_start_elapsed_seconds: 285676 [CONTEXT service_id=218 ]
05-07 23:10:52.593  8321 21052 I NetworkScheduler.Stats: Task com.google.android.gms/com.google.android.gms.ipa.base.IpaGcmTaskService finished executing. cause:9 result: 1 elapsed_millis: 26 uptime_millis: 26 exec_start_elapsed_seconds: 285676 [CONTEXT service_id=218 ]
05-07 23:10:52.595  8321  8321 D BoundBrokerSvc: onBind: Intent { act=com.google.android.gms.scheduler.ACTION_PROXY_SCHEDULE dat=chimera-action: cmp=com.google.android.gms/.chimera.PersistentApiService }
05-07 23:10:52.595  8321  8321 D BoundBrokerSvc: Loading bound service for intent: Intent { act=com.google.android.gms.scheduler.ACTION_PROXY_SCHEDULE dat=chimera-action: cmp=com.google.android.gms/.chimera.PersistentApiService }
05-07 23:10:52.649 22552 22552 D ProcessState: Binder ioctl to enable oneway spam detection failed: Invalid argument
05-07 23:10:52.653  1701  1897 I ActivityManager: Force stopping e.www.gravitytest appid=10253 user=0: from pid 22552
05-07 23:10:52.654  1701  1897 I ActivityManager: Killing 22463:e.www.gravitytest/u0a253 (adj 0): stop e.www.gravitytest due to from pid 22552
05-07 23:10:52.654  1701  1897 W ActivityTaskManager: Force removing ActivityRecord{251073e u0 e.www.gravitytest/.MainActivity t632 f}}: app died, no saved state
05-07 23:10:52.657  1007  1073 D VSC     : @ 285678.594: [Gravity Sensor] Stop accel
05-07 23:10:52.657  1007  1073 D VSC     : @ 285678.595: [Gravity Sensor] Stop gyro
05-07 23:10:52.660  1701  1897 W InputManager-JNI: Input channel object '8d38c11 e.www.gravitytest/e.www.gravitytest.MainActivity (client)' was disposed without first being removed with the input manager!
05-07 23:10:52.670  1701  1897 D CompatibilityChangeReporter: Compat change id reported: 181136395; UID 10221; state: DISABLED
05-07 23:10:52.670  1701  1897 D CompatibilityChangeReporter: Compat change id reported: 174042936; UID 10221; state: DISABLED
05-07 23:10:52.675  1701  1897 W ActivityTaskManager: Can't find TaskDisplayArea to determine support for multi window. Task id=632 attached=false
05-07 23:10:52.675  1701  1897 W ActivityTaskManager: Can't find TaskDisplayArea to determine support for multi window. Task id=632 attached=false
05-07 23:10:52.680   956   956 I Zygote  : Process 22463 exited due to signal 9 (Killed)
05-07 23:10:52.680  1701  1897 V ActivityManager: Got obituary of 22463:e.www.gravitytest
05-07 23:10:52.680  2430  2430 E PhoneInterfaceManager: [PhoneIntfMgr] getCarrierPackageNamesForIntentAndPhone: No UICC
05-07 23:10:52.680  2430  2430 D CarrierSvcBindHelper: No carrier app for: 0
05-07 23:10:52.680   716   716 E BpTransactionCompletedListener: Failed to transact (-32)
05-07 23:10:52.681  1701  1767 W ActivityManager: setHasOverlayUi called on unknown pid: 22463
05-07 23:10:52.685  3282  3282 D RegisteredNfcFServicesCache: Service unchanged, not updating
05-07 23:10:52.697  9206  9206 I EuiccGoogle: [2] EuiccServiceImpl.onCreate: onCreate Single-SIM mode: simCardState is 1
05-07 23:10:52.699  1701  1770 D CompatibilityChangeReporter: Compat change id reported: 158002302; UID 10221; state: ENABLED
05-07 23:10:52.700  1701  1798 I libprocessgroup: Successfully killed process cgroup uid 10253 pid 22463 in 45ms
05-07 23:10:52.700  9206 22559 I EuiccGoogle: [375] EuiccServiceImpl.onGetEuiccProfileInfoList: onGetEuiccProfileInfoList: slotId = -1
05-07 23:10:52.702 22425 22459 I AdrenoGLES-0: QUALCOMM build                   : 781e7d0, I46ff5fc46f
05-07 23:10:52.702 22425 22459 I AdrenoGLES-0: Build Date                       : 12/01/20
05-07 23:10:52.702 22425 22459 I AdrenoGLES-0: OpenGL ES Shader Compiler Version: EV031.31.04.01
05-07 23:10:52.702 22425 22459 I AdrenoGLES-0: Local Branch                     : QPR1
05-07 23:10:52.702 22425 22459 I AdrenoGLES-0: Remote Branch                    : 
05-07 23:10:52.702 22425 22459 I AdrenoGLES-0: Remote Branch                    : 
05-07 23:10:52.702 22425 22459 I AdrenoGLES-0: Reconstruct Branch               : 
05-07 23:10:52.702 22425 22459 I AdrenoGLES-0: Build Config                     : C P 11.0.1 AArch64
05-07 23:10:52.702 22425 22459 I AdrenoGLES-0: Driver Path                      : /vendor/lib64/egl/libGLESv2_adreno.so
05-07 23:10:52.703  9206 22559 W EuiccGoogle: [375] EuiccServiceImpl.onGetEuiccProfileInfoList: slotId=-1. No eUICC is active. Return null.
05-07 23:10:52.706 22425 22459 I AdrenoGLES-0: PFP: 0x016ee190, ME: 0x00000000
05-07 23:10:52.707 22425 22459 W AdrenoUtils: <ReadGpuID_from_sysfs:197>: Failed to open /sys/class/kgsl/kgsl-3d0/gpu_model
05-07 23:10:52.707 22425 22459 W AdrenoUtils: <ReadGpuID:221>: Failed to read chip ID from gpu_model. Fallback to use the GSL path
05-07 23:10:52.713   718   718 I SDM     : HWCDisplay::GetColorModeCount: Supported color mode count = 5
05-07 23:10:52.714   716  2141 E HWComposer: getSupportedContentTypes: getSupportedContentTypes failed for display 0: Unsupported (8)
05-07 23:10:52.714 22425 22459 D hw-ProcessState: Binder ioctl to enable oneway spam detection failed: Invalid argument
05-07 23:10:52.715   669   669 I hwservicemanager: getTransport: Cannot find entry android.hardware.graphics.mapper@4.0::IMapper/default in either framework or device VINTF manifest.
05-07 23:10:52.715 22425 22560 I Gralloc4: mapper 4.x is not supported
05-07 23:10:52.715   669   669 I hwservicemanager: getTransport: Cannot find entry android.hardware.graphics.mapper@3.0::IMapper/default in either framework or device VINTF manifest.
05-07 23:10:52.715 22425 22560 W Gralloc3: mapper 3.x is not supported
05-07 23:10:52.717   669   669 I hwservicemanager: getTransport: Cannot find entry android.hardware.graphics.allocator@4.0::IAllocator/default in either framework or device VINTF manifest.
05-07 23:10:52.717 22425 22560 W Gralloc4: allocator 4.x is not supported
05-07 23:10:52.717   669   669 I hwservicemanager: getTransport: Cannot find entry android.hardware.graphics.allocator@3.0::IAllocator/default in either framework or device VINTF manifest.
05-07 23:10:52.717 22425 22560 W Gralloc3: allocator 3.x is not supported
05-07 23:10:52.770 11343 11343 I GoogleInputMethodService: GoogleInputMethodService.onFinishInput():3261 
05-07 23:10:52.772 11343 11343 I GoogleInputMethodService: GoogleInputMethodService.updateDeviceLockedStatus():2110 repeatCheckTimes = 0, locked = false
05-07 23:10:52.772 11343 11343 I GoogleInputMethodService: GoogleInputMethodService.onStartInput():1898 onStartInput(EditorInfo{inputType=0x0(NULL) imeOptions=0x0 privateImeOptions=null actionName=UNSPECIFIED actionLabel=null actionId=0 initialSelStart=-1 initialSelEnd=-1 initialCapsMode=0x0 hintText=null label=null packageName=com.example.batterymanager_utility fieldId=-1 fieldName=null extras=null hintLocales=[]}, false)
05-07 23:10:52.772 11343 11343 I GoogleInputMethodService: GoogleInputMethodService.shouldHideHeaderOnInitialState():4088 ShouldHideHeaderOnInitialState = false
05-07 23:10:52.772 11343 11343 I GoogleInputMethodService: GoogleInputMethodService.updateDeviceLockedStatus():2110 repeatCheckTimes = 1, locked = false
05-07 23:10:52.780  1007  1073 D VSC     : @ 285678.719: [WO] Proposed rotation: 0, flat angle threshold: 65
05-07 23:10:52.780  1007  1073 D VSC     : @ 285678.719: [WO] orientation angle 3, orientation 0
05-07 23:10:52.780  1007  1073 D VSC     : @ 285678.719: [WO] Gyro angle integrated: 0.000899
05-07 23:10:54.824  1007  1073 D VSC     : @ 285680.761: [WO] Proposed rotation: 0, flat angle threshold: 65
05-07 23:10:54.824  1007  1073 D VSC     : @ 285680.761: [WO] orientation angle 3, orientation 0
05-07 23:10:54.824  1007  1073 D VSC     : @ 285680.761: [WO] Gyro angle integrated: 0.065663
05-07 23:10:55.489  1701  2076 D ConnectivityService: NetReassign [no changes]
05-07 23:10:55.901 22569 22569 D ProcessState: Binder ioctl to enable oneway spam detection failed: Invalid argument
05-07 23:10:55.906  1701  1897 I ActivityManager: Force stopping com.example.batterymanager_utility appid=10221 user=0: from pid 22569
05-07 23:10:55.906  1701  1897 I ActivityManager: Killing 22425:com.example.batterymanager_utility/u0a221 (adj 0): stop com.example.batterymanager_utility due to from pid 22569
05-07 23:10:55.908  1701  1897 W ActivityTaskManager: Force removing ActivityRecord{102ce92 u0 com.example.batterymanager_utility/.MainActivity t631 f}}: app died, no saved state
05-07 23:10:55.913  1701  1897 W InputManager-JNI: Input channel object '8888c33 com.example.batterymanager_utility/com.example.batterymanager_utility.MainActivity (client)' was disposed without first being removed with the input manager!
05-07 23:10:55.926  1701  1897 W ActivityTaskManager: Can't find TaskDisplayArea to determine support for multi window. Task id=631 attached=false
05-07 23:10:55.926  1701  1897 W ActivityTaskManager: Can't find TaskDisplayArea to determine support for multi window. Task id=631 attached=false
05-07 23:10:55.935  2430  2430 E PhoneInterfaceManager: [PhoneIntfMgr] getCarrierPackageNamesForIntentAndPhone: No UICC
05-07 23:10:55.935  2430  2430 D CarrierSvcBindHelper: No carrier app for: 0
05-07 23:10:55.939   956   956 I Zygote  : Process 22425 exited due to signal 9 (Killed)
05-07 23:10:55.940  2578  2642 W BcSmartspaceView: Current card number does not present in the Adapter.
05-07 23:10:55.943  1701  1767 W ActivityManager: setHasOverlayUi called on unknown pid: 22425
05-07 23:10:55.943  1701  1897 V ActivityManager: Got obituary of 22425:com.example.batterymanager_utility
05-07 23:10:55.944  3282  3282 D RegisteredNfcFServicesCache: Service unchanged, not updating
05-07 23:10:55.945 19838 19838 I GsaVoiceInteractionSrv: Handling ACTION_START_HOTWORD
05-07 23:10:55.946 19838 19930 I GsaVoiceInteractionSrv: (REDACTED) disregardHotwordSetting: %b
05-07 23:10:55.946 19838 19930 I GsaVoiceInteractionSrv: Cannot start hotword, hotword has been explicitly disabled.
05-07 23:10:55.946   716   716 E BpTransactionCompletedListener: Failed to transact (-32)
05-07 23:10:55.949  1701  1798 I libprocessgroup: Successfully killed process cgroup uid 10221 pid 22425 in 41ms
05-07 23:10:55.953 16431 16475 I AiAiEcho: Predicting[1]: { Feature:1, creation:2023-05-07T20:39:50.379Z, expiry:2023-05-08T02:39:50.379Z, isExpired: false}
05-07 23:10:55.953 16431 16475 I AiAiEcho: EchoTargets: Feature:1
05-07 23:10:55.953 16431 16475 I AiAiEcho: Filtered by AiAi flag check: 
05-07 23:10:55.954 16431 16475 I AiAiEcho: Ranked targets strategy: SORT, count: 1, ranking metadata: { cardId: WEATHER-569377242, card type: 1, update time: 2023-05-07T20:39:50.379Z, expiration time: 2023-05-08T02:39:50.379Z, ranking metadata: RankingMetaData(urgency=0.0, priority=0.0, recency=0.0, rankScore=0.0, importantTimePoints=# kwj@7bca4) }
05-07 23:10:55.954 16431 16475 I AiAiEcho: #postPredictionTargets: Sending updates to UISurface home with targets# 1 (types=[1])
05-07 23:10:55.959  2578  2578 W BcSmartspaceCard: No title view to update
05-07 23:10:55.983 11343 11343 I GoogleInputMethodService: GoogleInputMethodService.onFinishInput():3261 
05-07 23:10:55.984 11343 11343 I GoogleInputMethodService: GoogleInputMethodService.updateDeviceLockedStatus():2110 repeatCheckTimes = 0, locked = false
05-07 23:10:55.984 11343 11343 I GoogleInputMethodService: GoogleInputMethodService.onStartInput():1898 onStartInput(EditorInfo{inputType=0x0(NULL) imeOptions=0x0 privateImeOptions=null actionName=UNSPECIFIED actionLabel=null actionId=0 initialSelStart=-1 initialSelEnd=-1 initialCapsMode=0x0 hintText=null label=null packageName=com.google.android.apps.nexuslauncher fieldId=-1 fieldName=null extras=null hintLocales=[]}, false)
05-07 23:10:55.984 11343 11343 I GoogleInputMethodService: GoogleInputMethodService.shouldHideHeaderOnInitialState():4088 ShouldHideHeaderOnInitialState = false
05-07 23:10:55.984 11343 11343 I GoogleInputMethodService: GoogleInputMethodService.updateDeviceLockedStatus():2110 repeatCheckTimes = 1, locked = false
05-07 23:10:56.115  3355 23639 I MediaProvider: Invalidating LocalCallingIdentity cache for package com.example.batterymanager_utility. Reason: owned_database_row_deleted:/storage/emulated/0/Documents/BatteryManager.csv
05-07 23:10:56.118  3355 23639 I MediaProvider: Deleted 0 0 0 0 0 0 1 items on external_primary due to com.android.shell
05-07 23:10:56.183  8321 22189 I NetworkScheduler.Stats: Task com.google.android.gms/com.google.android.gms.ipa.base.IpaGcmTaskService started execution. cause:9 exec_start_elapsed_seconds: 285679 [CONTEXT service_id=218 ]
05-07 23:10:56.196  8321 22186 I NetworkScheduler.Stats: Task com.google.android.gms/com.google.android.gms.ipa.base.IpaGcmTaskService finished executing. cause:9 result: 1 elapsed_millis: 40 uptime_millis: 40 exec_start_elapsed_seconds: 285679 [CONTEXT service_id=218 ]
05-07 23:10:56.203  3355 23640 W MediaProvider: isAppCloneUserPair failed. Users: 0 and 0
05-07 23:10:56.203  3355 23640 W MediaProvider: isAppCloneUserPair for user 0: false
05-07 23:10:56.243  8321 21052 I NetworkScheduler.Stats: Task com.google.android.gms/com.google.android.gms.ipa.base.IpaGcmTaskService started execution. cause:9 exec_start_elapsed_seconds: 285679 [CONTEXT service_id=218 ]
05-07 23:10:56.247  8321 22189 I NetworkScheduler.Stats: Task com.google.android.gms/com.google.android.gms.ipa.base.IpaGcmTaskService finished executing. cause:9 result: 1 elapsed_millis: 17 uptime_millis: 17 exec_start_elapsed_seconds: 285679 [CONTEXT service_id=218 ]
