07-03 23:28:04.093 13533 13533 I zygote64:   at java.lang.Class dalvik.system.BaseDexClassLoader.findClass(java.lang.String) (BaseDexClassLoader.java:93)
07-03 23:28:04.093 13533 13533 I zygote64:   at java.lang.Class java.lang.ClassLoader.loadClass(java.lang.String, boolean) (ClassLoader.java:379)
07-03 23:28:04.093 13533 13533 I zygote64:   at java.lang.Class java.lang.ClassLoader.loadClass(java.lang.String) (ClassLoader.java:312)
07-03 23:28:04.093 13533 13533 I zygote64:   at void androidx.core.view.ViewCompat.setOnApplyWindowInsetsListener(android.view.View, androidx.core.view.OnApplyWindowInsetsListener) (ViewCompat.java:2203)
07-03 23:28:04.093 13533 13533 I zygote64:   at android.view.ViewGroup androidx.appcompat.app.AppCompatDelegateImpl.createSubDecor() (AppCompatDelegateImpl.java:637)
07-03 23:28:04.093 13533 13533 I zygote64:   at void androidx.appcompat.app.AppCompatDelegateImpl.ensureSubDecor() (AppCompatDelegateImpl.java:518)
07-03 23:28:04.093 13533 13533 I zygote64:   at void androidx.appcompat.app.AppCompatDelegateImpl.setContentView(int) (AppCompatDelegateImpl.java:466)
07-03 23:28:04.093 13533 13533 I zygote64:   at void androidx.appcompat.app.AppCompatActivity.setContentView(int) (AppCompatActivity.java:140)
07-03 23:28:04.093 13533 13533 I zygote64:   at void e.www.gravitytest.MainActivity.onCreate(android.os.Bundle) (MainActivity.kt:13)
07-03 23:28:04.093 13533 13533 I zygote64:   at void android.app.Activity.performCreate(android.os.Bundle) (Activity.java:7174)
07-03 23:28:04.093 13533 13533 I zygote64:   at void android.app.Instrumentation.callActivityOnCreate(android.app.Activity, android.os.Bundle) (Instrumentation.java:1220)
07-03 23:28:04.093 13533 13533 I zygote64:   at android.app.Activity android.app.ActivityThread.performLaunchActivity(android.app.ActivityThread$ActivityClientRecord, android.content.Intent) (ActivityThread.java:2910)
07-03 23:28:04.093 13533 13533 I zygote64:   at void android.app.ActivityThread.handleLaunchActivity(android.app.ActivityThread$ActivityClientRecord, android.content.Intent, java.lang.String) (ActivityThread.java:3032)
07-03 23:28:04.093 13533 13533 I zygote64:   at void android.app.ActivityThread.-wrap11(android.app.ActivityThread, android.app.ActivityThread$ActivityClientRecord, android.content.Intent, java.lang.String) (ActivityThread.java:-1)
07-03 23:28:04.093 13533 13533 I zygote64:   at void android.app.ActivityThread$H.handleMessage(android.os.Message) (ActivityThread.java:1696)
07-03 23:28:04.093 13533 13533 I zygote64:   at void android.os.Handler.dispatchMessage(android.os.Message) (Handler.java:105)
07-03 23:28:04.093 13533 13533 I zygote64:   at void android.os.Looper.loop() (Looper.java:164)
07-03 23:28:04.093 13533 13533 I zygote64:   at void android.app.ActivityThread.main(java.lang.String[]) (ActivityThread.java:6940)
07-03 23:28:04.093 13533 13533 I zygote64:   at java.lang.Object java.lang.reflect.Method.invoke(java.lang.Object, java.lang.Object[]) (Method.java:-2)
07-03 23:28:04.093 13533 13533 I zygote64:   at void com.android.internal.os.Zygote$MethodAndArgsCaller.run() (Zygote.java:327)
07-03 23:28:04.093 13533 13533 I zygote64:   at void com.android.internal.os.ZygoteInit.main(java.lang.String[]) (ZygoteInit.java:1374)
07-03 23:28:04.093 13533 13533 I zygote64: 
07-03 23:28:04.093 13533 13533 I zygote64: Rejecting re-init on previously-failed class java.lang.Class<androidx.core.view.ViewCompat$OnUnhandledKeyEventListenerWrapper>: java.lang.NoClassDefFoundError: Failed resolution of: Landroid/view/View$OnUnhandledKeyEventListener;
07-03 23:28:04.093 13533 13533 I zygote64:   at void androidx.core.view.ViewCompat.setOnApplyWindowInsetsListener(android.view.View, androidx.core.view.OnApplyWindowInsetsListener) (ViewCompat.java:2203)
07-03 23:28:04.093 13533 13533 I zygote64:   at android.view.ViewGroup androidx.appcompat.app.AppCompatDelegateImpl.createSubDecor() (AppCompatDelegateImpl.java:637)
07-03 23:28:04.093 13533 13533 I zygote64:   at void androidx.appcompat.app.AppCompatDelegateImpl.ensureSubDecor() (AppCompatDelegateImpl.java:518)
07-03 23:28:04.093 13533 13533 I zygote64:   at void androidx.appcompat.app.AppCompatDelegateImpl.setContentView(int) (AppCompatDelegateImpl.java:466)
07-03 23:28:04.093 13533 13533 I zygote64:   at void androidx.appcompat.app.AppCompatActivity.setContentView(int) (AppCompatActivity.java:140)
07-03 23:28:04.093 13533 13533 I zygote64:   at void e.www.gravitytest.MainActivity.onCreate(android.os.Bundle) (MainActivity.kt:13)
07-03 23:28:04.093 13533 13533 I zygote64:   at void android.app.Activity.performCreate(android.os.Bundle) (Activity.java:7174)
07-03 23:28:04.093 13533 13533 I zygote64:   at void android.app.Instrumentation.callActivityOnCreate(android.app.Activity, android.os.Bundle) (Instrumentation.java:1220)
07-03 23:28:04.093 13533 13533 I zygote64:   at android.app.Activity android.app.ActivityThread.performLaunchActivity(android.app.ActivityThread$ActivityClientRecord, android.content.Intent) (ActivityThread.java:2910)
07-03 23:28:04.093 13533 13533 I zygote64:   at void android.app.ActivityThread.handleLaunchActivity(android.app.ActivityThread$ActivityClientRecord, android.content.Intent, java.lang.String) (ActivityThread.java:3032)
07-03 23:28:04.093 13533 13533 I zygote64:   at void android.app.ActivityThread.-wrap11(android.app.ActivityThread, android.app.ActivityThread$ActivityClientRecord, android.content.Intent, java.lang.String) (ActivityThread.java:-1)
07-03 23:28:04.093 13533 13533 I zygote64:   at void android.app.ActivityThread$H.handleMessage(android.os.Message) (ActivityThread.java:1696)
07-03 23:28:04.093 13533 13533 I zygote64:   at void android.os.Handler.dispatchMessage(android.os.Message) (Handler.java:105)
07-03 23:28:04.093 13533 13533 I zygote64:   at void android.os.Looper.loop() (Looper.java:164)
07-03 23:28:04.093 13533 13533 I zygote64:   at void android.app.ActivityThread.main(java.lang.String[]) (ActivityThread.java:6940)
07-03 23:28:04.093 13533 13533 I zygote64:   at java.lang.Object java.lang.reflect.Method.invoke(java.lang.Object, java.lang.Object[]) (Method.java:-2)
07-03 23:28:04.093 13533 13533 I zygote64:   at void com.android.internal.os.Zygote$MethodAndArgsCaller.run() (Zygote.java:327)
07-03 23:28:04.093 13533 13533 I zygote64:   at void com.android.internal.os.ZygoteInit.main(java.lang.String[]) (ZygoteInit.java:1374)
07-03 23:28:04.093 13533 13533 I zygote64: Caused by: java.lang.ClassNotFoundException: Didn't find class "android.view.View$OnUnhandledKeyEventListener" on path: DexPathList[[zip file "/data/app/e.www.gravitytest-Ogxq6HIffk3vu8yo3j9Xpg==/base.apk"],nativeLibraryDirectories=[/data/app/e.www.gravitytest-Ogxq6HIffk3vu8yo3j9Xpg==/lib/arm64, /system/lib64, /vendor/lib64]]
07-03 23:28:04.093 13533 13533 I zygote64:   at java.lang.Class dalvik.system.BaseDexClassLoader.findClass(java.lang.String) (BaseDexClassLoader.java:93)
07-03 23:28:04.093 13533 13533 I zygote64:   at java.lang.Class java.lang.ClassLoader.loadClass(java.lang.String, boolean) (ClassLoader.java:379)
07-03 23:28:04.093 13533 13533 I zygote64:   at java.lang.Class java.lang.ClassLoader.loadClass(java.lang.String) (ClassLoader.java:312)
07-03 23:28:04.093 13533 13533 I zygote64:   at void androidx.core.view.ViewCompat.setOnApplyWindowInsetsListener(android.view.View, androidx.core.view.OnApplyWindowInsetsListener) (ViewCompat.java:2203)
07-03 23:28:04.093 13533 13533 I zygote64:   at android.view.ViewGroup androidx.appcompat.app.AppCompatDelegateImpl.createSubDecor() (AppCompatDelegateImpl.java:637)
07-03 23:28:04.093 13533 13533 I zygote64:   at void androidx.appcompat.app.AppCompatDelegateImpl.ensureSubDecor() (AppCompatDelegateImpl.java:518)
07-03 23:28:04.093 13533 13533 I zygote64:   at void androidx.appcompat.app.AppCompatDelegateImpl.setContentView(int) (AppCompatDelegateImpl.java:466)
07-03 23:28:04.093 13533 13533 I zygote64:   at void androidx.appcompat.app.AppCompatActivity.setContentView(int) (AppCompatActivity.java:140)
07-03 23:28:04.093 13533 13533 I zygote64:   at void e.www.gravitytest.MainActivity.onCreate(android.os.Bundle) (MainActivity.kt:13)
07-03 23:28:04.093 13533 13533 I zygote64:   at void android.app.Activity.performCreate(android.os.Bundle) (Activity.java:7174)
07-03 23:28:04.093 13533 13533 I zygote64:   at void android.app.Instrumentation.callActivityOnCreate(android.app.Activity, android.os.Bundle) (Instrumentation.java:1220)
07-03 23:28:04.093 13533 13533 I zygote64:   at android.app.Activity android.app.ActivityThread.performLaunchActivity(android.app.ActivityThread$ActivityClientRecord, android.content.Intent) (ActivityThread.java:2910)
07-03 23:28:04.093 13533 13533 I zygote64:   at void android.app.ActivityThread.handleLaunchActivity(android.app.ActivityThread$ActivityClientRecord, android.content.Intent, java.lang.String) (ActivityThread.java:3032)
07-03 23:28:04.093 13533 13533 I zygote64:   at void android.app.ActivityThread.-wrap11(android.app.ActivityThread, android.app.ActivityThread$ActivityClientRecord, android.content.Intent, java.lang.String) (ActivityThread.java:-1)
07-03 23:28:04.093 13533 13533 I zygote64:   at void android.app.ActivityThread$H.handleMessage(android.os.Message) (ActivityThread.java:1696)
07-03 23:28:04.093 13533 13533 I zygote64:   at void android.os.Handler.dispatchMessage(android.os.Message) (Handler.java:105)
07-03 23:28:04.093 13533 13533 I zygote64:   at void android.os.Looper.loop() (Looper.java:164)
07-03 23:28:04.093 13533 13533 I zygote64:   at void android.app.ActivityThread.main(java.lang.String[]) (ActivityThread.java:6940)
07-03 23:28:04.093 13533 13533 I zygote64:   at java.lang.Object java.lang.reflect.Method.invoke(java.lang.Object, java.lang.Object[]) (Method.java:-2)
07-03 23:28:04.093 13533 13533 I zygote64:   at void com.android.internal.os.Zygote$MethodAndArgsCaller.run() (Zygote.java:327)
07-03 23:28:04.093 13533 13533 I zygote64:   at void com.android.internal.os.ZygoteInit.main(java.lang.String[]) (ZygoteInit.java:1374)
07-03 23:28:04.093 13533 13533 I zygote64: 
07-03 23:28:04.118 13533 13533 D AndroidRuntime: Shutting down VM
--------- beginning of crash
07-03 23:28:04.121 13533 13533 E AndroidRuntime: FATAL EXCEPTION: main
07-03 23:28:04.121 13533 13533 E AndroidRuntime: Process: e.www.gravitytest, PID: 13533
07-03 23:28:04.121 13533 13533 E AndroidRuntime: java.lang.RuntimeException: Unable to start activity ComponentInfo{e.www.gravitytest/e.www.gravitytest.MainActivity}: java.lang.IllegalStateException: sensorManager.getDefaultnsor(Sensor.TYPE_GRAVITY) must not be null
07-03 23:28:04.121 13533 13533 E AndroidRuntime: 	at android.app.ActivityThread.performLaunchActivity(ActivityThread.java:2957)
07-03 23:28:04.121 13533 13533 E AndroidRuntime: 	at android.app.ActivityThread.handleLaunchActivity(ActivityThread.java:3032)
07-03 23:28:04.121 13533 13533 E AndroidRuntime: 	at android.app.ActivityThread.-wrap11(Unknown Source:0)
07-03 23:28:04.121 13533 13533 E AndroidRuntime: 	at android.app.ActivityThread$H.handleMessage(ActivityThread.java:1696)
07-03 23:28:04.121 13533 13533 E AndroidRuntime: 	at android.os.Handler.dispatchMessage(Handler.java:105)
07-03 23:28:04.121 13533 13533 E AndroidRuntime: 	at android.os.Looper.loop(Looper.java:164)
07-03 23:28:04.121 13533 13533 E AndroidRuntime: 	at android.app.ActivityThread.main(ActivityThread.java:6940)
07-03 23:28:04.121 13533 13533 E AndroidRuntime: 	at java.lang.reflect.Method.invoke(Native Method)
07-03 23:28:04.121 13533 13533 E AndroidRuntime: 	at com.android.internal.os.Zygote$MethodAndArgsCaller.run(Zygote.java:327)
07-03 23:28:04.121 13533 13533 E AndroidRuntime: 	at com.android.internal.os.ZygoteInit.main(ZygoteInit.java:1374)
07-03 23:28:04.121 13533 13533 E AndroidRuntime: Caused by: java.lang.IllegalStateException: sensorManager.getDefaultnsor(Sensor.TYPE_GRAVITY) must not be null
07-03 23:28:04.121 13533 13533 E AndroidRuntime: 	at e.www.gravitytest.GravitySensorListener.<init>(GravitySensorListener.kt:18)
07-03 23:28:04.121 13533 13533 E AndroidRuntime: 	at e.www.gravitytest.MainActivity.onCreate(MainActivity.kt:16)
07-03 23:28:04.121 13533 13533 E AndroidRuntime: 	at android.app.Activity.performCreate(Activity.java:7174)
07-03 23:28:04.121 13533 13533 E AndroidRuntime: 	at android.app.Instrumentation.callActivityOnCreate(Instrumentation.java:1220)
07-03 23:28:04.121 13533 13533 E AndroidRuntime: 	at android.app.ActivityThread.performLaunchActivity(ActivityThread.java:2910)
07-03 23:28:04.121 13533 13533 E AndroidRuntime: 	... 9 more
07-03 23:28:04.127  3959  4631 D Debug   : !@DumpState : SHIP
07-03 23:28:04.127  3959  4631 D Debug   : !@DumpState : debug level:0x4f4c
07-03 23:28:04.127  3959  4631 D Debug   : !@Dumpstate : Finally, system will skip dumpstate
07-03 23:28:04.127  3959  4631 W ActivityManager: crash : e.www.gravitytest,0
07-03 23:28:04.129  3959  4631 W ActivityManager:   Force finishing activity e.www.gravitytest/.MainActivity
07-03 23:28:04.132  3959  4631 W ActivityManager:   Force finishing activity com.example.batterymanager_utility/.MainActivity
07-03 23:28:04.133  3959  4631 W MultiScreenManagerService: moveTaskBackToDisplayIfNeeded(): root activity or app is null, task=TaskRecord{a0ff11dd0 #28 A=e.www.gravitytest U=0 StackId=1 sz=1}, rootActivity=null
07-03 23:28:04.133  3959  3959 D MdnieScenarioControlService: Listener Real Multi Window State : true
07-03 23:28:04.134  3959  4631 D CustomFrequencyManagerService: acquireDVFSLockLocked : type : DVFS_MIN_LIMIT  frequency : 1560000  uid : 1000  pid : 3959  pkgName : AMS_APP_HOME@CPU_MIN@29
07-03 23:28:04.134  3959  4631 D ActivityManagerPerformance: AMP_acquire() HOME
07-03 23:28:04.142  8007  8007 I DMT-SMReceiver: Received : com.samsung.android.sm.ACTION_ERROR
07-03 23:28:04.143  8007  8007 W ContextImpl: Calling a method in the system process without a qualified user: android.app.ContextImpl.startService:1483 android.content.ContextWrapper.startService:663 android.content.ContextWrapper.startService:663 com.samsung.android.sm.common.SmartManagerReceiver.a:211 com.samsung.android.sm.common.SmartManagerReceiver.onReceive:94 
07-03 23:28:04.147  3959  4067 D MdnieScenarioControlService:  packageName : com.sec.android.app.launcher    className : com.sec.android.app.launcher.activities.LauncherActivity
07-03 23:28:04.148  3959  4067 V MdnieScenarioControlService: setUIMode from UI function(3)
07-03 23:28:04.150  3959  6653 D GamePkgDataHelper: getGamePkgDataIncServer(). com.sec.android.app.launcher
07-03 23:28:04.151  3959  6653 D GameManagerService: identifyGamePackage. com.sec.android.app.launcher
07-03 23:28:04.151  3959  6653 D GamePkgDataHelper: getGamePkgData(). com.sec.android.app.launcher
07-03 23:28:04.151  3959  6653 D GamePkgDataHelper: getSosPolicy(). com.sec.android.app.launcher
07-03 23:28:04.151  3959  6653 D GameManagerService: identifyGamePackage. com.sec.android.app.launcher
07-03 23:28:04.151  3959  6653 D GamePkgDataHelper: getGamePkgData(). com.sec.android.app.launcher
07-03 23:28:04.152  3959  6364 W BroadcastQueue: Background execution not allowed: receiving Intent { act=android.intent.action.DROPBOX_ENTRY_ADDED flg=0x10 (has extras) } to com.google.android.gms/.stats.service.DropBoxEntryAddedReceiver
07-03 23:28:04.153  3959  3974 W BroadcastQueue: Background execution not allowed: receiving Intent { act=android.intent.action.DROPBOX_ENTRY_ADDED flg=0x10 (has extras) } to com.google.android.gms/.chimera.GmsIntentOperationService$PersistentTrustedReceiver
07-03 23:28:04.154  3959  6653 D GameManagerService: identifyGamePackage. com.sec.android.app.launcher
07-03 23:28:04.154  3959  6653 D GamePkgDataHelper: getGamePkgData(). com.sec.android.app.launcher
07-03 23:28:04.154  3959  6653 D GameManagerService: identifyGamePackage. com.sec.android.app.launcher
07-03 23:28:04.154  3959  6653 D GamePkgDataHelper: getGamePkgData(). com.sec.android.app.launcher
07-03 23:28:04.156  3959  3975 I ActivityManager: Showing crash dialog for package e.www.gravitytest u0
07-03 23:28:04.160  8007 13551 V CrashedAppLogging: isMasterSwitchOff : false
07-03 23:28:04.162  3959  3975 D ScrollView: initGoToTop
07-03 23:28:04.163  3959  6364 D SamsungAlarmManager: setInexact Intent (T:3/F:0/AC:false) 20330630T232804 - CU:10025/CP:4792
07-03 23:28:04.174  3959  3975 E PhoneWindow_APM : : isCalledPackage return false
07-03 23:28:04.175 10242 10253 W PkgUtils: p: e.www.gravitytest, u:0
07-03 23:28:04.176  3959  3982 V MARsPolicyManager: handelAlertToastWindowStarted pkgName = android, userId = 0
07-03 23:28:04.177  3959  3975 D InputDispatcher: Focus entered window: 3959
07-03 23:28:04.177  3959  3975 D ViewRootImpl@a86158f[gravitytest]: setView = DecorView@67969fa[gravitytest] TM=true MM=false
07-03 23:28:04.186 13490 13490 D ViewRootImpl@b417b95[MainActivity]: dispatchDetachedFromWindow
07-03 23:28:04.186 13490 13490 D InputEventReceiver: channel 'be1903d com.example.batterymanager_utility/com.example.batterymanager_utility.MainActivity (client)' ~ Disposing input event receiver.
07-03 23:28:04.186 13490 13490 D InputEventReceiver: channel 'be1903d com.example.batterymanager_utility/com.example.batterymanager_utility.MainActivity (client)' ~NativeInputEventReceiver.
07-03 23:28:04.187  3959  3975 D ViewRootImpl@a86158f[gravitytest]: dispatchAttachedToWindow
07-03 23:28:04.191  3959  3975 V WindowManager: Relayout Window{50f425 u0 Application Error: e.www.gravitytest}: viewVisibility=0 req=676x262 WM.LayoutParams{(0,0)(wrapxwrap) gr=#11 sim=#120 ty=2003 fl=#1820002 pfl=0x110 fmt=-3 wanim=0x10302ec surfaceInsets=Rect(4, 4 - 4, 4) needsMenuKey=2 colorMode=0 naviIconColor=0}
07-03 23:28:04.192  3448  3448 I SurfaceFlinger: id=114 createSurf (9x9),1 flag=4, Application Error: e.www.gravitytest#0
07-03 23:28:04.193  3959  3975 V Surface : sf_framedrop debug : 0x4f4c, game : false, logging : 0
07-03 23:28:04.206  3959  3975 D ViewRootImpl@a86158f[gravitytest]: Relayout returned: old=[0,0][0,0] new=[22,530][698,792] result=0x27 surface={valid=true 497528336384} changed=true
07-03 23:28:04.206  3959  4330 I OpenGLRenderer: Initialized EGL, version 1.4
07-03 23:28:04.207  3959  4330 D OpenGLRenderer: Swap behavior 2
07-03 23:28:04.207  3959 10457 D TaskSnapshotCache: removeRunningEntry taskId=27 RunningCache size=0
07-03 23:28:04.208  3448  3448 I SurfaceFlinger: Display 0 HWC layers:
07-03 23:28:04.208  3448  3448 I SurfaceFlinger:     type    |    handle    | flag |  format   |   source crop (l,t,r,b)    |         frame       | name 
07-03 23:28:04.208  3448  3448 I SurfaceFlinger: ------------+--------------+------+-----------+----------------------------+---------------------+------
07-03 23:28:04.208  3448  3448 I SurfaceFlinger:      Client |              | 0000 |  Unknown  |  -0.2   -0.2   -0.8   -0.8 |    0    0  720 1280 | animation background stackId=1#0
07-03 23:28:04.208  3448  3448 I SurfaceFlinger:      Client | 0x72623238c0 | 0002 | RGBA_8888 |   0.0    0.0  720.0 1280.0 |   16   29  703 1251 | com.example.batterymanager_utility/c[...]atterymanager_utility.MainActivity#0
07-03 23:28:04.208  3448  3448 I SurfaceFlinger:      Device | 0x7268676740 | 0002 | RGBA_8888 |   0.0    0.0  720.0 1022.0 |   17  305  704 1280 | Splash Screen e.www.gravitytest#0
07-03 23:28:04.208  3448  3448 I SurfaceFlinger:      Device | 0x7268675180 | 0000 | RGBA_8888 |   0.0    0.0  720.0   42.0 |    0    0  720   42 | StatusBar#0
07-03 23:28:04.208  3448  3448 I SurfaceFlinger: 
07-03 23:28:04.210  3959  3975 D ViewRootImpl@a86158f[gravitytest]: MSG_WINDOW_FOCUS_CHANGED 1
07-03 23:28:04.210  3959  3975 D WindowManager: set systemUiVisibility : systemUiFlags= 0x8 fullscreenStackSysUiFlags= 0x0
07-03 23:28:04.211  3959  4330 D mali_winsys: EGLint new_window_surface(egl_winsys_display *, void *, EGLSurface, EGLConfig, egl_winsys_surface **, egl_color_buffer_format *, EGLBoolean) returns 0x3000,  [684x270]-format:1
07-03 23:28:04.211  3959  4330 D OpenGLRenderer: eglCreateWindowSurface = 0x73c2748800
07-03 23:28:04.211  3959 11778 D SamsungAlarmManager: setInexact Intent (T:3/F:0/AC:false) 20330630T232804 - CU:10025/CP:5256
07-03 23:28:04.211  3959  4546 D WindowManager: adjustSystemUiVisibilityLw : vis= 0x8
07-03 23:28:04.225  3959  3975 V WindowManager: finishDrawingLocked: mDrawState=COMMIT_DRAW_PENDING Window{50f425 u0 Application Error: e.www.gravitytest} in Surface(name=Application Error: e.www.gravitytest)
07-03 23:28:04.226  3959  3975 D ViewRootImpl@a86158f[gravitytest]: MSG_RESIZED_REPORT: frame=Rect(22, 530 - 698, 792) ci=Rect(0, 0 - 0, 0) vi=Rect(0, 0 - 0, 0) or=1
07-03 23:28:04.237  4355  4823 D SystemServicesProxy: updateOverviewLastStackActiveTimeAsync: newTime=1688419683906
07-03 23:28:04.239  3959  6364 D SecContentProvider: query(), uri = 17 selection = isSettingsChangesAllowed
07-03 23:28:04.239  3959  6364 D SecContentProvider: called from android.uid.systemui:10009
07-03 23:28:04.240  4355  4671 D SystemServicesProxy: updateOverviewLastStackActiveTimeAsync: done.
07-03 23:28:04.243  3959 11778 D PackageManager: getComponentMetadataForIconTray : com.example.batterymanager_utility.MainActivity does not exist in mServices
07-03 23:28:04.243  3959 11778 D PackageManager: getComponentMetadataForIconTray : com.example.batterymanager_utility.MainActivity does not exist in mProviders
07-03 23:28:04.243  3959 11778 D PackageManager: getComponentMetadataForIconTray : com.example.batterymanager_utility.MainActivity does not exist in mReceivers
07-03 23:28:04.243  4355  4823 D ApplicationPackageManager: updateItemMetaDataForFixedIconScale: package: com.example.batterymanager_utility
07-03 23:28:04.243  3959 11778 D PackageManager: getSelectedMetaData : packageName(com.example.batterymanager_utility) or Metadata strings {[Ljava.lang.String;@1603095}
07-03 23:28:04.244  4355  4823 I ApplicationPackageManager: load=com.example.batterymanager_utility, bg=144-144, dr=189-189, forDefault=true, density=0
07-03 23:28:04.246  4355  4823 I ApplicationPackageManager: scaled rate=0.72, size=189, alpha=54, hold=102
07-03 23:28:04.246  4355  4823 D ApplicationPackageManager: iconScale: getScale(): 0.72 getAlpha(): 54
07-03 23:28:04.247  4355  4823 I ApplicationPackageManager: load=com.example.batterymanager_utility-contain, bg=112-112, dr=189-189
07-03 23:28:04.249  3959 11778 D PackageManager: getComponentMetadataForIconTray : e.www.gravitytest.MainActivity does not exist in mServices
07-03 23:28:04.249  3959 11778 D PackageManager: getComponentMetadataForIconTray : e.www.gravitytest.MainActivity does not exist in mProviders
07-03 23:28:04.249  3959 11778 D PackageManager: getComponentMetadataForIconTray : e.www.gravitytest.MainActivity does not exist in mReceivers
07-03 23:28:04.250  4355  4823 D ApplicationPackageManager: updateItemMetaDataForFixedIconScale: package: e.www.gravitytest
07-03 23:28:04.250  3959 11778 D PackageManager: getSelectedMetaData : packageName(e.www.gravitytest) or Metadata strings {[Ljava.lang.String;@d0045aa}
07-03 23:28:04.250  4355  4823 I ApplicationPackageManager: return adaptive icon for e.www.gravitytest
07-03 23:28:04.274  3448  3448 I SurfaceFlinger: Display 0 HWC layers:
07-03 23:28:04.274  3448  3448 I SurfaceFlinger:     type    |    handle    | flag |  format   |   source crop (l,t,r,b)    |         frame       | name 
07-03 23:28:04.274  3448  3448 I SurfaceFlinger: ------------+--------------+------+-----------+----------------------------+---------------------+------
07-03 23:28:04.274  3448  3448 I SurfaceFlinger:      Client |              | 0000 |  Unknown  |  -0.2   -0.2   -0.8   -0.8 |    0    0  720 1280 | animation background stackId=1#0
07-03 23:28:04.274  3448  3448 I SurfaceFlinger:      Client | 0x72623238c0 | 0002 | RGBA_8888 |   0.0    0.0  720.0 1280.0 |   18   32  702 1248 | com.example.batterymanager_utility/c[...]atterymanager_utility.MainActivity#0
07-03 23:28:04.274  3448  3448 I SurfaceFlinger:      Device | 0x7268676740 | 0002 | RGBA_8888 |   0.0    0.0  720.0 1166.0 |    7  138  712 1280 | Splash Screen e.www.gravitytest#0
07-03 23:28:04.274  3448  3448 I SurfaceFlinger:      Device | 0x7268677640 | 0000 | RGBA_8888 |   0.0    0.0  684.0  269.0 |   45  536  674  784 | Application Error: e.www.gravitytest#0
07-03 23:28:04.274  3448  3448 I SurfaceFlinger:      Device | 0x7268675180 | 0000 | RGBA_8888 |   0.0    0.0  720.0   42.0 |    0    0  720   42 | StatusBar#0
07-03 23:28:04.274  3448  3448 I SurfaceFlinger: 
07-03 23:28:04.275  3959  3974 W BroadcastQueue: Background execution not allowed: receiving Intent { act=android.intent.action.DROPBOX_ENTRY_ADDED flg=0x10 (has extras) } to com.google.android.gms/.stats.service.DropBoxEntryAddedReceiver
07-03 23:28:04.275  3959  3974 W BroadcastQueue: Background execution not allowed: receiving Intent { act=android.intent.action.DROPBOX_ENTRY_ADDED flg=0x10 (has extras) } to com.google.android.gms/.chimera.GmsIntentOperationService$PersistentTrustedReceiver
07-03 23:28:04.277  3959  4067 D MdnieScenarioControlService:  packageName : com.sec.android.app.launcher    className : com.sec.android.app.launcher.activities.LauncherActivity
07-03 23:28:04.277  3959  4067 V MdnieScenarioControlService: setUIMode from UI function(3)
07-03 23:28:04.283  3566  3566 W keystore: get failed DELETEALL_Stats_Key_EC from uid 10025 for uid 10025, isKnoxKey(0), error(7)
07-03 23:28:04.284  3566  3566 I keystore: ENTER del CACERT_Stats_Key_EC 10025 0
07-03 23:28:04.284  3566  3566 W keystore: ENTER del user_0/10025_CACERT_Stats_Key_EC for userId 0
07-03 23:28:04.285  3566  3566 I keystore: ENTER del USRCERT_Stats_Key_EC 10025 0
07-03 23:28:04.286  3566  3566 W keystore: ENTER del user_0/10025_USRCERT_Stats_Key_EC for userId 0
07-03 23:28:04.286  3566  3566 I keystore: ENTER del USRPKEY_Stats_Key_EC 10025 0
07-03 23:28:04.286  3566  3566 W keystore: ENTER del user_0/10025_USRPKEY_Stats_Key_EC for userId 0
07-03 23:28:04.288  3566  3566 W keystore: ENTER del user_0/.10025_chr_USRPKEY_Stats_Key_EC for userId 0
07-03 23:28:04.288  3566  3566 I keystore: ENTER del USRSKEY_Stats_Key_EC 10025 0
07-03 23:28:04.289  3566  3566 I keystore: ENTER del USRCSR_Stats_Key_EC 10025 0
07-03 23:28:04.290  3330  3330 W keymaster2_mdfpp: entered add_rng_entropy function.
07-03 23:28:04.291  3448  3448 I SurfaceFlinger: Display 0 HWC layers:
07-03 23:28:04.291  3448  3448 I SurfaceFlinger:     type    |    handle    | flag |  format   |   source crop (l,t,r,b)    |         frame       | name 
07-03 23:28:04.291  3448  3448 I SurfaceFlinger: ------------+--------------+------+-----------+----------------------------+---------------------+------
07-03 23:28:04.291  3448  3448 I SurfaceFlinger:      Client |              | 0000 |  Unknown  |  -0.2   -0.2   -0.8   -0.8 |    0    0  720 1280 | animation background stackId=1#0
07-03 23:28:04.291  3448  3448 I SurfaceFlinger:      Client | 0x72623238c0 | 0002 | RGBA_8888 |   0.0    0.0  720.0 1280.0 |   18   32  702 1248 | com.example.batterymanager_utility/c[...]atterymanager_utility.MainActivity#0
07-03 23:28:04.291  3448  3448 I SurfaceFlinger:      Client | 0x7268676740 | 0002 | RGBA_8888 |   0.0    0.0  720.0 1189.0 |    6  111  714 1280 | Splash Screen e.www.gravitytest#0
07-03 23:28:04.291  3448  3448 I SurfaceFlinger:      Client |              | 0000 |  Unknown  |  -0.2   -0.2   -0.8   -0.8 |    0    0  720 1280 | DimLayerController/Stack=0#0
07-03 23:28:04.291  3448  3448 I SurfaceFlinger:      Device | 0x7268677640 | 0000 | RGBA_8888 |   0.0    0.0  684.0  270.0 |   38  534  681  788 | Application Error: e.www.gravitytest#0
07-03 23:28:04.291  3448  3448 I SurfaceFlinger:      Device | 0x7268675180 | 0000 | RGBA_8888 |   0.0    0.0  720.0   42.0 |    0  
07-03 23:28:04.291  3448  3448 I SurfaceFlinger:   0  720   42 | StatusBar#0
07-03 23:28:04.291  3448  3448 I SurfaceFlinger: 
07-03 23:28:04.291  3330  3330 W keymaster2_mdfpp: exit add_rng_entropy function, returned 0
07-03 23:28:04.291  3330  3330 W keymaster2_mdfpp: entered generate_key function.
07-03 23:28:04.304  3330  3330 W keymaster_tee: [WRN]KEY_PARAMS: EC SIG SHA256 AUTH SIZE:256 
07-03 23:28:04.304  3330  3330 W keymaster_tee: [WRN]KEY_PARAMS: 20230703232804 
07-03 23:28:04.313  3330  3330 W keymaster2_mdfpp: entered get_key_characteristics function.
07-03 23:28:04.315  3330  3330 W keymaster_tee: [WRN]KEY_PARAMS: EC SIG SHA256 AUTH SIZE:256 
07-03 23:28:04.315  3330  3330 W keymaster_tee: [WRN]KEY_PARAMS: 20230703232804 
07-03 23:28:04.315  3330  3330 W keymaster2_mdfpp: exit get_key_characteristics function, returned 0
07-03 23:28:04.315  3330  3330 W keymaster2_mdfpp: entered export_key function.
07-03 23:28:04.319  3330  3330 W keymaster2_mdfpp: exit export_key function, returned 0
07-03 23:28:04.321  3566  3566 D keystore: ENTER attestKey name USRPKEY_Stats_Key_EC, callingUid 10025
07-03 23:28:04.322  3959 11128 D KeyAttestationApplicationIdProviderService: uid : 10025
07-03 23:28:04.322  3959 11128 D KeyAttestationApplicationIdProviderService: finally getKeyAttestationApplicationId
07-03 23:28:04.322  3959 11128 D KeyAttestationApplicationIdProviderService: keyAttestatioonPackageInfos length : 3
07-03 23:28:04.323  3330  3330 D vendor.samsung.security.skeymaster@3.0-impl: attestWithSamsung 0
07-03 23:28:04.323  3330  3330 W keymaster2_mdfpp: entered attest_key function.
07-03 23:28:04.339  3330  3330 W keymaster2_mdfpp: exit attest_key function, returned 0
07-03 23:28:04.341  3566  3566 E DEVKWCMD_CLIENT: Failed to connect socket. errno : 13
07-03 23:28:04.341  3566  3566 E DEVKWCMD_CLIENT: Failed to communicate DrkSerivce. = -10101
07-03 23:28:04.341  3566  3566 E         : failed to loggingBigData error : -5
07-03 23:28:04.342  3535  3535 E audit   : type=1400 audit(1688419684.339:238): avc:  denied  { connectto } for  pid=3566 comm="keystore" path=00446576696365526F6F744B657953657276696365 scontext=u:r:keystore:s0 tcontext=u:r:system_server:s0 tclass=unix_stream_socket permissive=0 SEPF_SM-J720F_8.0.0_0002 unfiltered
07-03 23:28:04.342  3535  3535 E audit   : type=1300 audit(1688419684.339:238): arch=c00000b7 syscall=203 success=no exit=-13 a0=10 a1=7fe32dfe78 a2=17 a3=78f56d12a0 items=0 ppid=1 pid=3566 auid=4294967295 uid=1017 gid=1017 euid=1017 suid=1017 fsuid=1017 egid=1017 sgid=1017 fsgid=1017 tty=(none) ses=4294967295 comm="keystore" exe="/system/bin/keystore" subj=u:r:keystore:s0 key=(null)
07-03 23:28:04.343  4792 13554 D CertificatePolicyCache: Creating new instance of CertificatePolicyCache myUid: 10025 callingUid: 10025
07-03 23:28:04.343  4792 13554 D CertificatePolicyCache: readVariables type: null userId: 0
07-03 23:28:04.344  3959  3981 D SecurityLogAgent:SEDenialService: Got Modify Event and sending Denial Intent for audit.log / /system/bin/keystore /data/misc/keystore
07-03 23:28:04.344  3535  3535 E audit   : type=1327 audit(1688419684.339:238): proctitle=2F73797374656D2F62696E2F6B657973746F7265002F646174612F6D6973632F6B657973746F7265
07-03 23:28:04.344  3959  3981 W ContextImpl: Calling a method in the system process without a qualified user: android.app.ContextImpl.sendBroadcast:956 com.android.server.SEDenialService$AuditFileObserver.onEvent:84 android.os.FileObserver$ObserverThread.onEvent:123 android.os.FileObserver$ObserverThread.observe:-2 android.os.FileObserver$ObserverThread.run:86 
07-03 23:28:04.346  3959  3981 D SecurityLogAgent:SEDenialService: audit.ondenial set to 0 after sending samsung.intent.action.knox.DENIAL_NOTIFICATION intent
07-03 23:28:04.347  8438  8438 D SecurityLogAgent:  SeDenialReceiver : Intent received : samsung.intent.action.knox.DENIAL_NOTIFICATION
07-03 23:28:04.381  4792 13554 I zygote64: Deoptimizing boolean cvjv.hasNext() due to JIT inline cache
07-03 23:28:04.393  4792  4897 I zygote64: Deoptimizing void abmj.i(abml) due to JIT inline cache
07-03 23:28:04.404  3959 11128 D ConnectivityService: filterNetworkStateForUid() uid: 10025 networkInfo: [type: WIFI[] - WIFI, state: CONNECTED/CONNECTED, reason: (unspecified), extra: "DoodleBoodle", failover: false, available: true, roaming: false, metered: false]
07-03 23:28:04.470  3959  4030 I WindowManager: Destroying surface Surface(name=com.example.batterymanager_utility/com.example.batterymanager_utility.MainActivity) called by com.android.server.wm.WindowStateAnimator.destroySurface:2501 com.android.server.wm.WindowStateAnimator.destroySurfaceLocked:985 com.android.server.wm.WindowState.destroyOrSaveSurfaceUnchecked:3670 com.android.server.wm.WindowState.destroySurface:3618 com.android.server.wm.AppWindowToken.destroySurfaces:722 com.android.server.wm.AppWindowToken.destroySurfaces:706 com.android.server.wm.WindowState.onExitAnimationDone:5316 com.android.server.wm.WindowStateAnimator.stepAnimationLocked:550 
07-03 23:28:04.471  3448  3486 I SurfaceFlinger: id=111 Removed com.example.batterymanager_utility/com.example.batterymanager_utility.MainActivity#0 (2/6)
07-03 23:28:04.471  3959  3959 D CustomFrequencyManagerService: releaseDVFSLockLocked : Getting Lock type frm List : DVFS_MIN_LIMIT  frequency : 1560000  uid : 1000  pid : 3959  tag : AMS_RESUME_TAIL@CPU_MIN@15
07-03 23:28:04.478  3448  3486 I SurfaceFlinger: id=111 Removed com.example.batterymanager_utility/com.example.batterymanager_utility.MainActivity#0 (-2/6)
07-03 23:28:04.487  3448  3448 I Layer   : id=111 onRemoved com.example.batterymanager_utility/com.example.batterymanager_utility.MainActivity#0 
07-03 23:28:04.493  3448  3448 I SurfaceFlinger: Display 0 HWC layers:
07-03 23:28:04.493  3448  3448 I SurfaceFlinger:     type    |    handle    | flag |  format   |   source crop (l,t,r,b)    |         frame       | name 
07-03 23:28:04.493  3448  3448 I SurfaceFlinger: ------------+--------------+------+-----------+----------------------------+---------------------+------
07-03 23:28:04.493  3448  3448 I SurfaceFlinger:      Device | 0x7268676740 | 0002 | RGBA_8888 |   0.0    0.0  720.0 1280.0 |    0    0  720 1280 | Splash Screen e.www.gravitytest#0
07-03 23:28:04.493  3448  3448 I SurfaceFlinger:      Client |              | 0000 |  Unknown  |  -0.2   -0.2   -0.8   -0.8 |    0    0  720 1280 | DimLayerController/Stack=0#0
07-03 23:28:04.493  3448  3448 I SurfaceFlinger:      Device | 0x7268677640 | 0000 | RGBA_8888 |   0.0    0.0  684.0  270.0 |   16  525  704  797 | Application Error: e.www.gravitytest#0
07-03 23:28:04.493  3448  3448 I SurfaceFlinger:      Device | 0x7268675180 | 0000 | RGBA_8888 |   0.0    0.0  720.0   42.0 |    0    0  720   42 | StatusBar#0
07-03 23:28:04.493  3448  3448 I SurfaceFlinger: 
07-03 23:28:04.630  3959  3974 W ActivityManager: Activity pause timeout for ActivityRecord{f0bd071 u0 e.www.gravitytest/.MainActivity t28 f}
07-03 23:28:04.631  3959  3974 D CustomFrequencyManagerService: acquireDVFSLockLocked : type : DVFS_MIN_LIMIT  frequency : 1560000  uid : 1000  pid : 3959  pkgName : AMS_ACT_RESUME@CPU_MIN@23
07-03 23:28:04.631  3959  3974 D ActivityManagerPerformance: AMP_acquire() ACT_RESUME
07-03 23:28:04.631  3959  3974 D ActivityManager: isScaleDownAnimationEnabled() : false
07-03 23:28:04.632  3959  3974 D PersonaManagerService: Current focused persona service handled id set to : 0
07-03 23:28:04.632  3959  3974 D InputDispatcher: Focused application set to: xxxx
07-03 23:28:04.633  3959  3974 V WindowManager: rotationForOrientationLw(orient=5, last=0); user=0  sensorRotation=-1 mLidState=-1 mDockMode=0 mHdmiPlugged=false
07-03 23:28:04.634  3959  3959 D CustomFrequencyManagerService: releaseDVFSLockLocked : Getting Lock type frm List : DVFS_MIN_LIMIT  frequency : 1560000  uid : 1000  pid : 3959  tag : AMS_APP_HOME@CPU_MIN@29
07-03 23:28:04.636  3959  4218 D GameManagerService: handleForegroundChange(). pkgName: com.sec.android.app.launcher, clsName: com.android.launcher3.Launcher,FgActivityName:com.sec.android.app.launcher/com.android.launcher3.Launcher
07-03 23:28:04.636  3959  3974 D MARsPolicyManager: onPackageResumedFG pkgName = com.sec.android.app.launcher, userId = 0
07-03 23:28:04.636  3959  4218 D GameManagerService: sem_perfomance_mode: 3
07-03 23:28:04.636  3959  4218 D GameManagerService: notifyResumePause(). pkg: com.sec.android.app.launcher, type: 4, isMinimized: false, isTunableApp: false
07-03 23:28:04.636  3959  4218 D GameManagerService:   notifyResumePause(). unexpected mPrevNotiType: -1
07-03 23:28:04.637  5477  5477 I Launcher: onWindowVisibilityChanged : false
07-03 23:28:04.638  3959 11128 V WindowManager: Relayout Window{54c820f u0 com.sec.android.app.launcher/com.sec.android.app.launcher.activities.LauncherActivity}: viewVisibility=4 req=720x1280 WM.LayoutParams{(0,0)(fillxfill) sim=#130 ty=1 fl=#81910d00 pfl=0x20000 fmt=-2 wanim=0x10302ea vsysui=0x700 needsMenuKey=2 colorMode=0 naviIconColor=0}
07-03 23:28:04.642  5477  5477 D ViewRootImpl@e116f3b[LauncherActivity]: Relayout returned: old=[0,0][720,1280] new=[0,0][720,1280] result=0x1 surface={valid=false 0} changed=false
07-03 23:28:04.643  5477  5477 D HomeContainer: setAlpha : 1.0
07-03 23:28:04.647  5477  5477 V Launcher: Launcher.onResume()
07-03 23:28:04.654  5477  5477 D ExternalRequestQueue: Getting and clearing EXTERNAL_REQUEST_LIST: null
07-03 23:28:04.654  5477  5477 D ExternalMethodQueue: Getting and clearing EXTERNAL_METHOD_LIST: null
07-03 23:28:04.654  5477  5543 I LauncherAppWidgetInfo: reinflateWidgetsIfNecessary, Not required: AppWidget(id=2)
07-03 23:28:04.654  5477  5543 I LauncherAppWidgetInfo: reinflateWidgetsIfNecessary, Not required: AppWidget(id=3)
07-03 23:28:04.656  5477  5477 D Launcher: setHotWordDetection : call requestHotWordDetection true
07-03 23:28:04.656  5477  5477 D NotificationHelpTip: currentTime : 1688419684
07-03 23:28:04.656  5477  5477 D NotificationHelpTip: differentTime83924
07-03 23:28:04.659  5477  5477 D Launcher.HomeController: onResume HomeContainer current alpha = 1.0
07-03 23:28:04.659  5477  5477 D AppsCustomAdapter: notifyUpdate : com.android.launcher3.Launcher@d8b3c11
07-03 23:28:04.659  5477  5477 D AppsDragController: needDeferToBind : true , false
07-03 23:28:04.660  5372  5372 I GsaVoiceInteractionSrv: Handling ACTION_START_HOTWORD
07-03 23:28:04.660  5477  5543 D Notification.Badge: LauncherModel:onNotificationFullRefresh() : 0
07-03 23:28:04.661  5372  5584 I GsaVoiceInteractionSrv: (REDACTED) disregardHotwordSetting: %b
07-03 23:28:04.661  5372  5584 I GsaVoiceInteractionSrv: Cannot start hotword, hotword has been explicitly disabled.
07-03 23:28:04.663  3959  6364 D ActivityManager: post active user change for 0 fullscreen true isHomeActivity() true
07-03 23:28:04.663  3959  6364 I WallpaperManagerService: switchPersonaWallpaper is called for personaId-0
07-03 23:28:04.663  3959  3959 D WallpaperManagerService:  force update = false; persona id = 0; current user =0; current persona = 0
07-03 23:28:04.664  5477  5477 I Launcher: onWindowVisibilityChanged : true
07-03 23:28:04.665  3959  6364 V WindowManager: Relayout Window{54c820f u0 com.sec.android.app.launcher/com.sec.android.app.launcher.activities.LauncherActivity}: viewVisibility=0 req=720x1280 WM.LayoutParams{(0,0)(fillxfill) sim=#130 ty=1 fl=#81910d00 pfl=0x20000 fmt=-2 wanim=0x10302ea vsysui=0x700 needsMenuKey=2 colorMode=0 naviIconColor=0}
07-03 23:28:04.667  3448  3448 I SurfaceFlinger: id=115 createSurf (720x1280),1 flag=4, com.sec.android.app.launcher/com.sec.android.app.launcher.activities.LauncherActivity#0
07-03 23:28:04.668  3959  6364 V Surface : sf_framedrop debug : 0x4f4c, game : false, logging : 0
07-03 23:28:04.673  5477  5477 V Surface : sf_framedrop debug : 0x4f4c, game : false, logging : 0
07-03 23:28:04.673  5477  5477 D ViewRootImpl@e116f3b[LauncherActivity]: Relayout returned: old=[0,0][720,1280] new=[0,0][720,1280] result=0x7 surface={valid=true 496998129664} changed=true
07-03 23:28:04.677  5477  6654 D mali_winsys: EGLint new_window_surface(egl_winsys_display *, void *, EGLSurface, EGLConfig, egl_winsys_surface **, egl_color_buffer_format *, EGLBoolean) returns 0x3000,  [720x1280]-format:1
07-03 23:28:04.677  5477  6654 D OpenGLRenderer: eglCreateWindowSurface = 0x73b6a88480
07-03 23:28:04.677  5477  5477 D AppsAdapter: notifyUpdate start : com.android.launcher3.Launcher@d8b3c11
07-03 23:28:04.678  5477  5477 D AppsCustomAdapter: no change items
07-03 23:28:04.678  5477  5477 D AppsAdapter: notifyUpdate end : com.android.launcher3.Launcher@d8b3c11
07-03 23:28:04.679  5477  5477 D DragLayer: DragLayer dispatchDraw, mIsNaviBarPositionChanged = false, mWillOrientationChange = false
07-03 23:28:04.694  3959  6364 V WindowManager: finishDrawingLocked: mDrawState=COMMIT_DRAW_PENDING Window{54c820f u0 com.sec.android.app.launcher/com.sec.android.app.launcher.activities.LauncherActivity} in Surface(name=com.sec.android.app.launcher/com.sec.android.app.launcher.activities.LauncherActivity)
07-03 23:28:04.695  4355  4823 D WallpaperService: dispatchAppVisibility onVisibilityChanged(): true
07-03 23:28:04.696  4355  4355 D WallpaperService: updateSurface forceRelayout=false redrawNeeded=false myWidth=1280 myHeight=1280 fixedSize=true x = 0 y = 0 mWidth=1280 mHeight=1280 mIsSleepMode=false
07-03 23:28:04.696  4355  4355 D ImageWallpaper: onVisibilityChanged: mVisible, visible=false, true
07-03 23:28:04.696  4355  4355 D ImageWallpaper: Visibility changed to visible=true
07-03 23:28:04.697  4355  4355 D ImageWallpaper: newRotation : 0,mLastRotation : 0
07-03 23:28:04.697  4355  4355 D ImageWallpaper: drawFrame:[frame.width()]1280[frame.height()]1280
07-03 23:28:04.697  4355  4355 D ImageWallpaper: surfaceDimensionsChanged=false mDisplayWidth=720 mDisplayHeight=1280
07-03 23:28:04.697  4355  4355 D ImageWallpaper: redrawNeeded = false, mOffsetsChanged = false
07-03 23:28:04.697  4355  4355 D ImageWallpaper: Suppressed drawFrame since redraw is not needed and offsets have not changed.
07-03 23:28:04.697  4355  4355 D WallpaperService: reportVisibility onVisibilityChanged visible: true
07-03 23:28:04.697  3959  4030 D SamsungAnimationCreator: createAnimation type:LowEnd transit:13 enter:false wallpaperXoffset:-280 split:false fixedOri:false
07-03 23:28:04.697  3959  4030 D SamsungAnimationCreator: createAnimation displayFrame:Rect(0, 0 - 720, 1280) frame:null insets:null
07-03 23:28:04.707  3448  3448 V Surface : sf_framedrop debug : 0x4f4c, game : false, logging : 0
07-03 23:28:04.716  3959  4030 D TaskSnapshotCache: putSnapshot mTaskId=28 RunningCache size=1
07-03 23:28:04.716  4355  4355 D WallpaperService: updateSurface forceRelayout=true redrawNeeded=false myWidth=1280 myHeight=1280 fixedSize=true x = 0 y = 0 mWidth=1280 mHeight=1280 mIsSleepMode=false
07-03 23:28:04.719  3959 11128 V WindowManager: Relayout Window{93269e8 u0 com.android.systemui.ImageWallpaper}: viewVisibility=0 req=1280x1280 WM.LayoutParams{(0,0)(1280x1280) gr=#800033 ty=2013 fl=#10318 fmt=2 wanim=0x103030e colorMode=0 naviIconColor=0}
07-03 23:28:04.722  4355  4355 D ImageWallpaper: onOffsetsChanged: xOffset=0.0, yOffset=0.0, xOffsetStep=0.0, yOffsetStep=0.0, xPixels=0, yPixels=0
07-03 23:28:04.723  4355  4355 D ImageWallpaper: newRotation : 0,mLastRotation : 0
07-03 23:28:04.723  4355  4355 D ImageWallpaper: drawFrame:[frame.width()]1280[frame.height()]1280
07-03 23:28:04.723  4355  4355 D ImageWallpaper: surfaceDimensionsChanged=false mDisplayWidth=720 mDisplayHeight=1280
07-03 23:28:04.723  4355  4355 D ImageWallpaper: redrawNeeded = false, mOffsetsChanged = false
07-03 23:28:04.723  4355  4355 D ImageWallpaper: Suppressed drawFrame since redraw is not needed and offsets have not changed.
07-03 23:28:04.740  4355  4823 D SystemServicesProxy: updateOverviewLastStackActiveTimeAsync: newTime=1688419683906
07-03 23:28:04.741  3959 11778 D SecContentProvider: query(), uri = 17 selection = isSettingsChangesAllowed
07-03 23:28:04.741  3959 11778 D SecContentProvider: called from android.uid.systemui:10009
07-03 23:28:04.742  4355  4671 D SystemServicesProxy: updateOverviewLastStackActiveTimeAsync: done.
07-03 23:28:04.742  3448  3448 I SurfaceFlinger: Display 0 HWC layers:
07-03 23:28:04.742  3448  3448 I SurfaceFlinger:     type    |    handle    | flag |  format   |   source crop (l,t,r,b)    |         frame       | name 
07-03 23:28:04.742  3448  3448 I SurfaceFlinger: ------------+--------------+------+-----------+----------------------------+---------------------+------
07-03 23:28:04.742  3448  3448 I SurfaceFlinger:      Device | 0x7264597cc0 | 0002 | RGBx_8888 | 280.0    0.0 1000.0 1280.0 |    0    0  720 1280 | com.android.systemui.ImageWallpaper#0
07-03 23:28:04.742  3448  3448 I SurfaceFlinger:      Device | 0x7268676f80 | 0000 | RGBA_8888 | 120.0  213.0  601.0 1068.0 |    1    1  720 1280 | com.sec.android.app.launcher/com.sec[...]uncher.activities.LauncherActivity#0
07-03 23:28:04.742  3448  3448 I SurfaceFlinger:      Device | 0x7268676740 | 0002 | RGBA_8888 |   0.0    0.0  720.0 1280.0 |    1    2  719 1278 | Splash Screen e.www.gravitytest#0
07-03 23:28:04.742  3448  3448 I SurfaceFlinger:      Client |              | 0000 |  Unknown  |  -0.2   -0.2   -0.8   -0.8 |    0    0  720 1280 | DimLayerController/Stack=0#0
07-03 23:28:04.742  3448  3448 I SurfaceFlinger:      Client | 0x7268677640 | 0000 | RGBA_8888 |   0.0    0.0  684.0  270.0 |   18  526  702  796 | Application Error: e.www.gravitytest#0
07-03 23:28:04.742  3448  3448 I SurfaceFlinger:      Device | 0x7268675180 | 0000 | RGBA_8888 |   0.0    0.0  720.0   42.0 |  
07-03 23:28:04.742  3448  3448 I SurfaceFlinger:   0    0  720   42 | StatusBar#0
07-03 23:28:04.742  3448  3448 I SurfaceFlinger: 
07-03 23:28:05.038  3959  4030 I WindowManager: Destroying surface Surface(name=Splash Screen e.www.gravitytest) called by com.android.server.wm.WindowStateAnimator.destroySurface:2501 com.android.server.wm.WindowStateAnimator.destroySurfaceLocked:985 com.android.server.wm.WindowState.destroyOrSaveSurfaceUnchecked:3670 com.android.server.wm.WindowState.destroySurface:3618 com.android.server.wm.AppWindowToken.destroySurfaces:722 com.android.server.wm.AppWindowToken.destroySurfaces:706 com.android.server.wm.WindowState.onExitAnimationDone:5316 com.android.server.wm.AppWindowAnimator.stepAnimationLocked:508 
07-03 23:28:05.038  3448  3486 I SurfaceFlinger: id=112 Removed Splash Screen e.www.gravitytest#0 (3/6)
07-03 23:28:05.042  3448  3448 I SurfaceFlinger: Display 0 HWC layers:
07-03 23:28:05.042  3448  3448 I SurfaceFlinger:     type    |    handle    | flag |  format   |   source crop (l,t,r,b)    |         frame       | name 
07-03 23:28:05.042  3448  3448 I SurfaceFlinger: ------------+--------------+------+-----------+----------------------------+---------------------+------
07-03 23:28:05.042  3448  3448 I SurfaceFlinger:      Device | 0x7264597cc0 | 0002 | RGBx_8888 | 280.0    0.0 1000.0 1280.0 |    0    0  720 1280 | com.android.systemui.ImageWallpaper#0
07-03 23:28:05.042  3448  3448 I SurfaceFlinger:      Device | 0x72686f4b80 | 0000 | RGBA_8888 |   0.0    1.0  719.0 1279.0 |    0    0  720 1280 | com.sec.android.app.launcher/com.sec[...]uncher.activities.LauncherActivity#0
07-03 23:28:05.042  3448  3448 I SurfaceFlinger:      Client |              | 0000 |  Unknown  |  -0.2   -0.2   -0.8   -0.8 |    0    0  720 1280 | DimLayerController/Stack=0#0
07-03 23:28:05.042  3448  3448 I SurfaceFlinger:      Client | 0x7268677640 | 0000 | RGBA_8888 |   0.0    0.0  684.0  270.0 |   18  526  702  796 | Application Error: e.www.gravitytest#0
07-03 23:28:05.042  3448  3448 I SurfaceFlinger:      Device | 0x7268675180 | 0000 | RGBA_8888 |   0.0    0.0  720.0   42.0 |    0    0  720   42 | StatusBar#0
07-03 23:28:05.042  3448  3448 I SurfaceFlinger: 
07-03 23:28:05.044  3959  4030 D ViewRootImpl@184e22e[gravitytest]: dispatchDetachedFromWindow
07-03 23:28:05.044  3448  5096 I SurfaceFlinger: id=112 Removed Splash Screen e.www.gravitytest#0 (-2/6)
07-03 23:28:05.045  3959  4030 D InputEventReceiver: channel '1281cf Splash Screen e.www.gravitytest (client)' ~ Disposing input event receiver.
07-03 23:28:05.045  3959  4030 D InputEventReceiver: channel '1281cf Splash Screen e.www.gravitytest (client)' ~NativeInputEventReceiver.
07-03 23:28:05.045  3959  4030 W WindowManager: Failed looking up window callers=com.android.server.wm.WindowManagerService.windowForClientLocked:6614 com.android.server.wm.WindowManagerService.removeWindow:2015 com.android.server.wm.Session.remove:237 
07-03 23:28:05.054  3448  3448 I Layer   : id=112 onRemoved Splash Screen e.www.gravitytest#0 
07-03 23:28:05.054  3959  3986 D CustomFrequencyManagerService: FrequencyrequestList.getNextCStateDisableRequest, index: 1
07-03 23:28:05.055  3959  3986 D CustomFrequencyManagerService: releaseDVFSLockLocked : Getting Lock type frm List : DVFS_MIN_LIMIT  frequency : 1560000  uid : 1000  pid : 3959  tag : AMS_ACT_RESUME@CPU_MIN@23
07-03 23:28:05.055  3959  3986 D ActivityManagerPerformance: AMP_release() ACT_RESUME
07-03 23:28:05.055  5477  5477 D DragLayer: DragLayer dispatchDraw, mIsNaviBarPositionChanged = false, mWillOrientationChange = false
07-03 23:28:05.055  3959  3986 D CustomFrequencyManagerService: acquireDVFSLockLocked : type : DVFS_MIN_LIMIT  frequency : 1560000  uid : 1000  pid : 3959  pkgName : AMS_RESUME_TAIL@CPU_MIN@15
07-03 23:28:05.055  3959  3986 D ActivityManagerPerformance: AMP_acquire() TAIL
07-03 23:28:05.056  3959  3986 D CustomFrequencyManagerService: releaseDVFSLockLocked : Getting Lock type frm List : DVFS_MIN_LIMIT  frequency : 1560000  uid : 1000  pid : 3959  tag : AMS_APP_SWITCH@CPU_MIN@9
07-03 23:28:05.056  3959  3986 D ActivityManagerPerformance: AMP_release() APP_SWITCH
07-03 23:28:05.084 13396 13396 E adbd    : recv: OPEN 0001c7d9 00000000 006e:73 68 65 6C 6C 2C 76 32 2C 54 45 52 4D 3D 73 63 72 65 65 6E 2C 72 61 77 3A 64 75 6D 70 73 79 73 20 61 63 74 69 76 69 74 79 20 72 65 63 65 6E 74 73 20 7C 20 67 72 65 70 20 22 52 65 63 65 6E 74 20 23 30 22 20 7C 20 63 75 74 20 2D 64 20 22 3D 22 20 2D 66 32 20 7C 20 67 72 65 70 20 2D 6F 20 2D 70 20 22 5B 61 2D 7A 7C 2E 5D 2A 22 00 
