--------- beginning of system
07-09 10:14:57.606   762 21939 I ActivityManager: START u0 {act=android.intent.action.MAIN cat=[android.intent.category.LAUNCHER] flg=0x10000000 cmp=com.example.batterymanager_utility/.MainActivity} from uid 2000
07-09 10:14:57.636   762 21939 I ActivityManager: Start proc 26632:com.example.batterymanager_utility/u0a111 for activity com.example.batterymanager_utility/.MainActivity
--------- beginning of main
07-09 10:14:57.639 26632 26632 I zygote64: Late-enabling -Xcheck:jni
07-09 10:14:57.674  3183  3198 V ClearcutMetricXmitter: Transmission is done.
07-09 10:14:57.720  3081  3081 I GsaVoiceInteractionSrv: Handling ACTION_STOP_HOTWORD
07-09 10:14:57.799 26632 26632 I BatteryMgr:App: creating notification channel
07-09 10:14:57.874 26632 26650 D OpenGLRenderer: HWUI GL Pipeline
07-09 10:14:58.034 26637 26637 D AndroidRuntime: >>>>>> START com.android.internal.os.RuntimeInit uid 2000 <<<<<<
07-09 10:14:58.053 26632 26632 W zygote64: Class androidx.compose.runtime.snapshots.SnapshotStateList failed lock verification and will run slower.
07-09 10:14:58.053 26632 26632 W zygote64: Common causes for lock verification issues are non-optimized dex code
07-09 10:14:58.053 26632 26632 W zygote64: and incorrect proguard optimizations.
07-09 10:14:58.169 26632 26639 I zygote64: Do partial code cache collection, code=30KB, data=19KB
07-09 10:14:58.170 26632 26639 I zygote64: After code cache collection, code=30KB, data=19KB
07-09 10:14:58.170 26632 26639 I zygote64: Increasing code cache capacity to 128KB
07-09 10:14:58.175 26637 26637 D ICU     : Timezone override file found: /data/misc/zoneinfo/current/icu/icu_tzdata.dat
07-09 10:14:58.198 26637 26637 I app_process: The ClassLoaderContext is a special shared library.
07-09 10:14:58.237 26637 26637 D AndroidRuntime: Calling main entry com.android.commands.monkey.Monkey
07-09 10:14:58.240 26637 26637 W Monkey  : args: [-p, e.www.writelocaltest, 1]
07-09 10:14:58.241 26637 26637 W Monkey  :  arg: "-p"
07-09 10:14:58.241 26637 26637 W Monkey  :  arg: "e.www.writelocaltest"
07-09 10:14:58.241 26637 26637 W Monkey  :  arg: "1"
07-09 10:14:58.241 26637 26637 W Monkey  : data="e.www.writelocaltest"
07-09 10:14:58.268   762   777 W BroadcastQueue: Skipping deliver [background] BroadcastRecord{6d17773 u-1 android.net.conn.CONNECTIVITY_CHANGE} to ReceiverList{f871630 26637 (unknown name)/2000/u-1 remote:6c9c8ad}: process gone or crashing
07-09 10:14:58.279 26632 26650 I Adreno  : QUALCOMM build                   : 8e59954, I0be83d0d26
07-09 10:14:58.279 26632 26650 I Adreno  : Build Date                       : 09/22/17
07-09 10:14:58.279 26632 26650 I Adreno  : OpenGL ES Shader Compiler Version: EV031.21.02.00
07-09 10:14:58.279 26632 26650 I Adreno  : Local Branch                     : O17A
07-09 10:14:58.279 26632 26650 I Adreno  : Remote Branch                    : 
07-09 10:14:58.279 26632 26650 I Adreno  : Remote Branch                    : 
07-09 10:14:58.279 26632 26650 I Adreno  : Reconstruct Branch               : 
07-09 10:14:58.280 26632 26650 D vndksupport: Loading /vendor/lib64/hw/gralloc.msm8992.so from current namespace instead of sphal namespace.
07-09 10:14:58.290 26632 26650 I Adreno  : PFP: 0x00000000, ME: 0x00000000
07-09 10:14:58.292   762 21139 I ActivityManager: START u0 {act=android.intent.action.MAIN cat=[android.intent.category.LAUNCHER] flg=0x10200000 cmp=e.www.writelocaltest/.MainActivity} from uid 2000
07-09 10:14:58.293   762 21139 W Binder  : Outgoing transactions from this process must be FLAG_ONEWAY
07-09 10:14:58.293   762 21139 W Binder  : java.lang.Throwable
07-09 10:14:58.293   762 21139 W Binder  : 	at android.os.BinderProxy.transact(Binder.java:752)
07-09 10:14:58.293   762 21139 W Binder  : 	at android.app.IActivityController$Stub$Proxy.activityStarting(IActivityController.java:172)
07-09 10:14:58.293   762 21139 W Binder  : 	at com.android.server.am.ActivityStarter.startActivity(ActivityStarter.java:449)
07-09 10:14:58.293   762 21139 W Binder  : 	at com.android.server.am.ActivityStarter.startActivityLocked(ActivityStarter.java:278)
07-09 10:14:58.293   762 21139 W Binder  : 	at com.android.server.am.ActivityStarter.startActivityMayWait(ActivityStarter.java:817)
07-09 10:14:58.293   762 21139 W Binder  : 	at com.android.server.am.ActivityManagerService.startActivityAsUser(ActivityManagerService.java:4532)
07-09 10:14:58.293   762 21139 W Binder  : 	at com.android.server.am.ActivityManagerService.startActivity(ActivityManagerService.java:4519)
07-09 10:14:58.293   762 21139 W Binder  : 	at android.app.IActivityManager$Stub.onTransact(IActivityManager.java:121)
07-09 10:14:58.293   762 21139 W Binder  : 	at com.android.server.am.ActivityManagerService.onTransact(ActivityManagerService.java:2919)
07-09 10:14:58.293   762 21139 W Binder  : 	at android.os.Binder.execTransact(Binder.java:697)
07-09 10:14:58.296   363   363 W /system/bin/hwservicemanager: getTransport: Cannot find entry android.hardware.configstore@1.0::ISurfaceFlingerConfigs/default in either framework or device manifest.
07-09 10:14:58.298 26632 26650 I zygote64: android::hardware::configstore::V1_0::ISurfaceFlingerConfigs::hasWideColorDisplay retrieved: 0
07-09 10:14:58.304 26632 26650 I OpenGLRenderer: Initialized EGL, version 1.4
07-09 10:14:58.304 26632 26650 D OpenGLRenderer: Swap behavior 2
07-09 10:14:58.305 26632 26632 D Compose Focus: Owner FocusChanged(true)
07-09 10:14:58.309 26637 26637 I Monkey  : Events injected: 1
07-09 10:14:58.328 26637 26637 I Monkey  : ## Network stats: elapsed time=33ms (0ms mobile, 0ms wifi, 33ms not connected)
07-09 10:14:58.329 26637 26637 I com.android.commands.monkey: System.exit called, status: 0
07-09 10:14:58.329 26637 26637 I AndroidRuntime: VM exiting with result code 0.
07-09 10:14:58.372   363   363 W /system/bin/hwservicemanager: getTransport: Cannot find entry android.hardware.graphics.mapper@2.0::IMapper/default in either framework or device manifest.
07-09 10:14:58.373 26632 26650 D vndksupport: Loading /vendor/lib64/hw/android.hardware.graphics.mapper@2.0-impl.so from current namespace instead of sphal namespace.
07-09 10:14:58.375 26632 26650 D vndksupport: Loading /vendor/lib64/hw/gralloc.msm8992.so from current namespace instead of sphal namespace.
07-09 10:14:58.425  1187  1187 I GoogleInputMethodService: GoogleInputMethodService.onFinishInput():3306 
07-09 10:14:58.426  1187  1187 I GoogleInputMethodService: GoogleInputMethodService.updateDeviceLockedStatus():2127 repeatCheckTimes = 0, locked = false
07-09 10:14:58.426  1187  1187 I GoogleInputMethodService: GoogleInputMethodService.onStartInput():1909 onStartInput(EditorInfo{inputType=0x0(NULL) imeOptions=0x0 privateImeOptions=null actionName=UNSPECIFIED actionLabel=null actionId=0 initialSelStart=-1 initialSelEnd=-1 initialCapsMode=0x0 hintText=null label=null packageName=com.example.batterymanager_utility fieldId=-1 fieldName=null extras=null hintLocales=[]}, false)
07-09 10:14:58.426  1187  1187 I GoogleInputMethodService: GoogleInputMethodService.shouldHideHeaderOnInitialState():1990 ShouldHideHeaderOnInitialState = false
07-09 10:14:58.428  1187  1187 I GoogleInputMethodService: GoogleInputMethodService.updateDeviceLockedStatus():2127 repeatCheckTimes = 1, locked = false
07-09 10:14:58.443   762  1243 I ActivityManager: Start proc 26663:e.www.writelocaltest/u0a172 for activity e.www.writelocaltest/.MainActivity
07-09 10:14:58.444 26663 26663 I zygote64: Late-enabling -Xcheck:jni
07-09 10:14:58.698 26663 26663 I zygote64: Rejecting re-init on previously-failed class java.lang.Class<androidx.core.view.ViewCompat$2>: java.lang.NoClassDefFoundError: Failed resolution of: Landroid/view/View$OnUnhandledKeyEventListener;
07-09 10:14:58.698 26663 26663 I zygote64:   at void androidx.core.view.ViewCompat.setOnApplyWindowInsetsListener(android.view.View, androidx.core.view.OnApplyWindowInsetsListener) (ViewCompat.java:2436)
07-09 10:14:58.698 26663 26663 I zygote64:   at android.view.ViewGroup androidx.appcompat.app.AppCompatDelegateImpl.createSubDecor() (AppCompatDelegateImpl.java:779)
07-09 10:14:58.698 26663 26663 I zygote64:   at void androidx.appcompat.app.AppCompatDelegateImpl.ensureSubDecor() (AppCompatDelegateImpl.java:659)
07-09 10:14:58.698 26663 26663 I zygote64:   at void androidx.appcompat.app.AppCompatDelegateImpl.setContentView(int) (AppCompatDelegateImpl.java:552)
07-09 10:14:58.698 26663 26663 I zygote64:   at void androidx.appcompat.app.AppCompatActivity.setContentView(int) (AppCompatActivity.java:161)
07-09 10:14:58.698 26663 26663 I zygote64:   at void e.www.writelocaltest.MainActivity.onCreate(android.os.Bundle) (MainActivity.kt:34)
07-09 10:14:58.698 26663 26663 I zygote64:   at void android.app.Activity.performCreate(android.os.Bundle, android.os.PersistableBundle) (Activity.java:7009)
07-09 10:14:58.698 26663 26663 I zygote64:   at void android.app.Activity.performCreate(android.os.Bundle) (Activity.java:7000)
07-09 10:14:58.698 26663 26663 I zygote64:   at void android.app.Instrumentation.callActivityOnCreate(android.app.Activity, android.os.Bundle) (Instrumentation.java:1214)
07-09 10:14:58.699 26663 26663 I zygote64:   at android.app.Activity android.app.ActivityThread.performLaunchActivity(android.app.ActivityThread$ActivityClientRecord, android.content.Intent) (ActivityThread.java:2731)
07-09 10:14:58.699 26663 26663 I zygote64:   at void android.app.ActivityThread.handleLaunchActivity(android.app.ActivityThread$ActivityClientRecord, android.content.Intent, java.lang.String) (ActivityThread.java:2856)
07-09 10:14:58.699 26663 26663 I zygote64:   at void android.app.ActivityThread.-wrap11(android.app.ActivityThread, android.app.ActivityThread$ActivityClientRecord, android.content.Intent, java.lang.String) (ActivityThread.java:-1)
07-09 10:14:58.699 26663 26663 I zygote64:   at void android.app.ActivityThread$H.handleMessage(android.os.Message) (ActivityThread.java:1589)
07-09 10:14:58.699 26663 26663 I zygote64:   at void android.os.Handler.dispatchMessage(android.os.Message) (Handler.java:106)
07-09 10:14:58.699 26663 26663 I zygote64:   at void android.os.Looper.loop() (Looper.java:164)
07-09 10:14:58.699 26663 26663 I zygote64:   at void android.app.ActivityThread.main(java.lang.String[]) (ActivityThread.java:6494)
07-09 10:14:58.699 26663 26663 I zygote64:   at java.lang.Object java.lang.reflect.Method.invoke(java.lang.Object, java.lang.Object[]) (Method.java:-2)
07-09 10:14:58.699 26663 26663 I zygote64:   at void com.android.internal.os.RuntimeInit$MethodAndArgsCaller.run() (RuntimeInit.java:438)
07-09 10:14:58.699 26663 26663 I zygote64:   at void com.android.internal.os.ZygoteInit.main(java.lang.String[]) (ZygoteInit.java:807)
07-09 10:14:58.699 26663 26663 I zygote64: Caused by: java.lang.ClassNotFoundException: Didn't find class "android.view.View$OnUnhandledKeyEventListener" on path: DexPathList[[zip file "/data/app/e.www.writelocaltest-pddBdGln6k7Ki2RitDsevg==/base.apk"],nativeLibraryDirectories=[/data/app/e.www.writelocaltest-pddBdGln6k7Ki2RitDsevg==/lib/arm64, /system/lib64, /vendor/lib64]]
07-09 10:14:58.699 26663 26663 I zygote64:   at java.lang.Class dalvik.system.BaseDexClassLoader.findClass(java.lang.String) (BaseDexClassLoader.java:125)
07-09 10:14:58.699 26663 26663 I zygote64:   at java.lang.Class java.lang.ClassLoader.loadClass(java.lang.String, boolean) (ClassLoader.java:379)
07-09 10:14:58.699 26663 26663 I zygote64:   at java.lang.Class java.lang.ClassLoader.loadClass(java.lang.String) (ClassLoader.java:312)
07-09 10:14:58.699 26663 26663 I zygote64:   at void androidx.core.view.ViewCompat.setOnApplyWindowInsetsListener(android.view.View, androidx.core.view.OnApplyWindowInsetsListener) (ViewCompat.java:2436)
07-09 10:14:58.699 26663 26663 I zygote64:   at android.view.ViewGroup androidx.appcompat.app.AppCompatDelegateImpl.createSubDecor() (AppCompatDelegateImpl.java:779)
07-09 10:14:58.699 26663 26663 I zygote64:   at void androidx.appcompat.app.AppCompatDelegateImpl.ensureSubDecor() (AppCompatDelegateImpl.java:659)
07-09 10:14:58.699 26663 26663 I zygote64:   at void androidx.appcompat.app.AppCompatDelegateImpl.setContentView(int) (AppCompatDelegateImpl.java:552)
07-09 10:14:58.699 26663 26663 I zygote64:   at void androidx.appcompat.app.AppCompatActivity.setContentView(int) (AppCompatActivity.java:161)
07-09 10:14:58.699 26663 26663 I zygote64:   at void e.www.writelocaltest.MainActivity.onCreate(android.os.Bundle) (MainActivity.kt:34)
07-09 10:14:58.699 26663 26663 I zygote64:   at void android.app.Activity.performCreate(android.os.Bundle, android.os.PersistableBundle) (Activity.java:7009)
07-09 10:14:58.699 26663 26663 I zygote64:   at void android.app.Activity.performCreate(android.os.Bundle) (Activity.java:7000)
07-09 10:14:58.699 26663 26663 I zygote64:   at void android.app.Instrumentation.callActivityOnCreate(android.app.Activity, android.os.Bundle) (Instrumentation.java:1214)
07-09 10:14:58.699 26663 26663 I zygote64:   at android.app.Activity android.app.ActivityThread.performLaunchActivity(android.app.ActivityThread$ActivityClientRecord, android.content.Intent) (ActivityThread.java:2731)
07-09 10:14:58.699 26663 26663 I zygote64:   at void android.app.ActivityThread.handleLaunchActivity(android.app.ActivityThread$ActivityClientRecord, android.content.Intent, java.lang.String) (ActivityThread.java:2856)
07-09 10:14:58.699 26663 26663 I zygote64:   at void android.app.ActivityThread.-wrap11(android.app.ActivityThread, android.app.ActivityThread$ActivityClientRecord, android.content.Intent, java.lang.String) (ActivityThread.java:-1)
07-09 10:14:58.699 26663 26663 I zygote64:   at void android.app.ActivityThread$H.handleMessage(android.os.Message) (ActivityThread.java:1589)
07-09 10:14:58.699 26663 26663 I zygote64:   at void android.os.Handler.dispatchMessage(android.os.Message) (Handler.java:106)
07-09 10:14:58.699 26663 26663 I zygote64:   at void android.os.Looper.loop() (Looper.java:164)
07-09 10:14:58.699 26663 26663 I zygote64:   at void android.app.ActivityThread.main(java.lang.String[]) (ActivityThread.java:6494)
07-09 10:14:58.699 26663 26663 I zygote64:   at java.lang.Object java.lang.reflect.Method.invoke(java.lang.Object, java.lang.Object[]) (Method.java:-2)
07-09 10:14:58.699 26663 26663 I zygote64:   at void com.android.internal.os.RuntimeInit$MethodAndArgsCaller.run() (RuntimeInit.java:438)
07-09 10:14:58.699 26663 26663 I zygote64:   at void com.android.internal.os.ZygoteInit.main(java.lang.String[]) (ZygoteInit.java:807)
07-09 10:14:58.699 26663 26663 I zygote64: 
07-09 10:14:58.699 26663 26663 I zygote64: Rejecting re-init on previously-failed class java.lang.Class<androidx.core.view.ViewCompat$2>: java.lang.NoClassDefFoundError: Failed resolution of: Landroid/view/View$OnUnhandledKeyEventListener;
07-09 10:14:58.699 26663 26663 I zygote64:   at void androidx.core.view.ViewCompat.setOnApplyWindowInsetsListener(android.view.View, androidx.core.view.OnApplyWindowInsetsListener) (ViewCompat.java:2436)
07-09 10:14:58.699 26663 26663 I zygote64:   at android.view.ViewGroup androidx.appcompat.app.AppCompatDelegateImpl.createSubDecor() (AppCompatDelegateImpl.java:779)
07-09 10:14:58.699 26663 26663 I zygote64:   at void androidx.appcompat.app.AppCompatDelegateImpl.ensureSubDecor() (AppCompatDelegateImpl.java:659)
07-09 10:14:58.699 26663 26663 I zygote64:   at void androidx.appcompat.app.AppCompatDelegateImpl.setContentView(int) (AppCompatDelegateImpl.java:552)
07-09 10:14:58.699 26663 26663 I zygote64:   at void androidx.appcompat.app.AppCompatActivity.setContentView(int) (AppCompatActivity.java:161)
07-09 10:14:58.699 26663 26663 I zygote64:   at void e.www.writelocaltest.MainActivity.onCreate(android.os.Bundle) (MainActivity.kt:34)
07-09 10:14:58.699 26663 26663 I zygote64:   at void android.app.Activity.performCreate(android.os.Bundle, android.os.PersistableBundle) (Activity.java:7009)
07-09 10:14:58.699 26663 26663 I zygote64:   at void android.app.Activity.performCreate(android.os.Bundle) (Activity.java:7000)
07-09 10:14:58.699 26663 26663 I zygote64:   at void android.app.Instrumentation.callActivityOnCreate(android.app.Activity, android.os.Bundle) (Instrumentation.java:1214)
07-09 10:14:58.699 26663 26663 I zygote64:   at android.app.Activity android.app.ActivityThread.performLaunchActivity(android.app.ActivityThread$ActivityClientRecord, android.content.Intent) (ActivityThread.java:2731)
07-09 10:14:58.699 26663 26663 I zygote64:   at void android.app.ActivityThread.handleLaunchActivity(android.app.ActivityThread$ActivityClientRecord, android.content.Intent, java.lang.String) (ActivityThread.java:2856)
07-09 10:14:58.699 26663 26663 I zygote64:   at void android.app.ActivityThread.-wrap11(android.app.ActivityThread, android.app.ActivityThread$ActivityClientRecord, android.content.Intent, java.lang.String) (ActivityThread.java:-1)
07-09 10:14:58.699 26663 26663 I zygote64:   at void android.app.ActivityThread$H.handleMessage(android.os.Message) (ActivityThread.java:1589)
07-09 10:14:58.699 26663 26663 I zygote64:   at void android.os.Handler.dispatchMessage(android.os.Message) (Handler.java:106)
07-09 10:14:58.699 26663 26663 I zygote64:   at void android.os.Looper.loop() (Looper.java:164)
07-09 10:14:58.699 26663 26663 I zygote64:   at void android.app.ActivityThread.main(java.lang.String[]) (ActivityThread.java:6494)
07-09 10:14:58.699 26663 26663 I zygote64:   at java.lang.Object java.lang.reflect.Method.invoke(java.lang.Object, java.lang.Object[]) (Method.java:-2)
07-09 10:14:58.699 26663 26663 I zygote64:   at void com.android.internal.os.RuntimeInit$MethodAndArgsCaller.run() (RuntimeInit.java:438)
07-09 10:14:58.699 26663 26663 I zygote64:   at void com.android.internal.os.ZygoteInit.main(java.lang.String[]) (ZygoteInit.java:807)
07-09 10:14:58.699 26663 26663 I zygote64: Caused by: java.lang.ClassNotFoundException: Didn't find class "android.view.View$OnUnhandledKeyEventListener" on path: DexPathList[[zip file "/data/app/e.www.writelocaltest-pddBdGln6k7Ki2RitDsevg==/base.apk"],nativeLibraryDirectories=[/data/app/e.www.writelocaltest-pddBdGln6k7Ki2RitDsevg==/lib/arm64, /system/lib64, /vendor/lib64]]
07-09 10:14:58.699 26663 26663 I zygote64:   at java.lang.Class dalvik.system.BaseDexClassLoader.findClass(java.lang.String) (BaseDexClassLoader.java:125)
07-09 10:14:58.699 26663 26663 I zygote64:   at java.lang.Class java.lang.ClassLoader.loadClass(java.lang.String, boolean) (ClassLoader.java:379)
07-09 10:14:58.699 26663 26663 I zygote64:   at java.lang.Class java.lang.ClassLoader.loadClass(java.lang.String) (ClassLoader.java:312)
07-09 10:14:58.699 26663 26663 I zygote64:   at void androidx.core.view.ViewCompat.setOnApplyWindowInsetsListener(android.view.View, androidx.core.view.OnApplyWindowInsetsListener) (ViewCompat.java:2436)
07-09 10:14:58.699 26663 26663 I zygote64:   at android.view.ViewGroup androidx.appcompat.app.AppCompatDelegateImpl.createSubDecor() (AppCompatDelegateImpl.java:779)
07-09 10:14:58.699 26663 26663 I zygote64:   at void androidx.appcompat.app.AppCompatDelegateImpl.ensureSubDecor() (AppCompatDelegateImpl.java:659)
07-09 10:14:58.699 26663 26663 I zygote64:   at void androidx.appcompat.app.AppCompatDelegateImpl.setContentView(int) (AppCompatDelegateImpl.java:552)
07-09 10:14:58.699 26663 26663 I zygote64:   at void androidx.appcompat.app.AppCompatActivity.setContentView(int) (AppCompatActivity.java:161)
07-09 10:14:58.699 26663 26663 I zygote64:   at void e.www.writelocaltest.MainActivity.onCreate(android.os.Bundle) (MainActivity.kt:34)
07-09 10:14:58.699 26663 26663 I zygote64:   at void android.app.Activity.performCreate(android.os.Bundle, android.os.PersistableBundle) (Activity.java:7009)
07-09 10:14:58.699 26663 26663 I zygote64:   at void android.app.Activity.performCreate(android.os.Bundle) (Activity.java:7000)
07-09 10:14:58.700 26663 26663 I zygote64:   at void android.app.Instrumentation.callActivityOnCreate(android.app.Activity, android.os.Bundle) (Instrumentation.java:1214)
07-09 10:14:58.700 26663 26663 I zygote64:   at android.app.Activity android.app.ActivityThread.performLaunchActivity(android.app.ActivityThread$ActivityClientRecord, android.content.Intent) (ActivityThread.java:2731)
07-09 10:14:58.700 26663 26663 I zygote64:   at void android.app.ActivityThread.handleLaunchActivity(android.app.ActivityThread$ActivityClientRecord, android.content.Intent, java.lang.String) (ActivityThread.java:2856)
07-09 10:14:58.700 26663 26663 I zygote64:   at void android.app.ActivityThread.-wrap11(android.app.ActivityThread, android.app.ActivityThread$ActivityClientRecord, android.content.Intent, java.lang.String) (ActivityThread.java:-1)
07-09 10:14:58.700 26663 26663 I zygote64:   at void android.app.ActivityThread$H.handleMessage(android.os.Message) (ActivityThread.java:1589)
07-09 10:14:58.700 26663 26663 I zygote64:   at void android.os.Handler.dispatchMessage(android.os.Message) (Handler.java:106)
07-09 10:14:58.700 26663 26663 I zygote64:   at void android.os.Looper.loop() (Looper.java:164)
07-09 10:14:58.700 26663 26663 I zygote64:   at void android.app.ActivityThread.main(java.lang.String[]) (ActivityThread.java:6494)
07-09 10:14:58.700 26663 26663 I zygote64:   at java.lang.Object java.lang.reflect.Method.invoke(java.lang.Object, java.lang.Object[]) (Method.java:-2)
07-09 10:14:58.700 26663 26663 I zygote64:   at void com.android.internal.os.RuntimeInit$MethodAndArgsCaller.run() (RuntimeInit.java:438)
07-09 10:14:58.700 26663 26663 I zygote64:   at void com.android.internal.os.ZygoteInit.main(java.lang.String[]) (ZygoteInit.java:807)
07-09 10:14:58.700 26663 26663 I zygote64: 
07-09 10:14:58.700 26663 26663 I zygote64: Rejecting re-init on previously-failed class java.lang.Class<androidx.core.view.ViewCompat$2>: java.lang.NoClassDefFoundError: Failed resolution of: Landroid/view/View$OnUnhandledKeyEventListener;
07-09 10:14:58.700 26663 26663 I zygote64:   at void androidx.core.view.ViewCompat.setOnApplyWindowInsetsListener(android.view.View, androidx.core.view.OnApplyWindowInsetsListener) (ViewCompat.java:2436)
07-09 10:14:58.700 26663 26663 I zygote64:   at android.view.ViewGroup androidx.appcompat.app.AppCompatDelegateImpl.createSubDecor() (AppCompatDelegateImpl.java:779)
07-09 10:14:58.700 26663 26663 I zygote64:   at void androidx.appcompat.app.AppCompatDelegateImpl.ensureSubDecor() (AppCompatDelegateImpl.java:659)
07-09 10:14:58.700 26663 26663 I zygote64:   at void androidx.appcompat.app.AppCompatDelegateImpl.setContentView(int) (AppCompatDelegateImpl.java:552)
07-09 10:14:58.700 26663 26663 I zygote64:   at void androidx.appcompat.app.AppCompatActivity.setContentView(int) (AppCompatActivity.java:161)
07-09 10:14:58.700 26663 26663 I zygote64:   at void e.www.writelocaltest.MainActivity.onCreate(android.os.Bundle) (MainActivity.kt:34)
07-09 10:14:58.700 26663 26663 I zygote64:   at void android.app.Activity.performCreate(android.os.Bundle, android.os.PersistableBundle) (Activity.java:7009)
07-09 10:14:58.700 26663 26663 I zygote64:   at void android.app.Activity.performCreate(android.os.Bundle) (Activity.java:7000)
07-09 10:14:58.700 26663 26663 I zygote64:   at void android.app.Instrumentation.callActivityOnCreate(android.app.Activity, android.os.Bundle) (Instrumentation.java:1214)
07-09 10:14:58.700 26663 26663 I zygote64:   at android.app.Activity android.app.ActivityThread.performLaunchActivity(android.app.ActivityThread$ActivityClientRecord, android.content.Intent) (ActivityThread.java:2731)
07-09 10:14:58.700 26663 26663 I zygote64:   at void android.app.ActivityThread.handleLaunchActivity(android.app.ActivityThread$ActivityClientRecord, android.content.Intent, java.lang.String) (ActivityThread.java:2856)
07-09 10:14:58.700 26663 26663 I zygote64:   at void android.app.ActivityThread.-wrap11(android.app.ActivityThread, android.app.ActivityThread$ActivityClientRecord, android.content.Intent, java.lang.String) (ActivityThread.java:-1)
07-09 10:14:58.700 26663 26663 I zygote64:   at void android.app.ActivityThread$H.handleMessage(android.os.Message) (ActivityThread.java:1589)
07-09 10:14:58.700 26663 26663 I zygote64:   at void android.os.Handler.dispatchMessage(android.os.Message) (Handler.java:106)
07-09 10:14:58.700 26663 26663 I zygote64:   at void android.os.Looper.loop() (Looper.java:164)
07-09 10:14:58.700 26663 26663 I zygote64:   at void android.app.ActivityThread.main(java.lang.String[]) (ActivityThread.java:6494)
07-09 10:14:58.700 26663 26663 I zygote64:   at java.lang.Object java.lang.reflect.Method.invoke(java.lang.Object, java.lang.Object[]) (Method.java:-2)
07-09 10:14:58.700 26663 26663 I zygote64:   at void com.android.internal.os.RuntimeInit$MethodAndArgsCaller.run() (RuntimeInit.java:438)
07-09 10:14:58.700 26663 26663 I zygote64:   at void com.android.internal.os.ZygoteInit.main(java.lang.String[]) (ZygoteInit.java:807)
07-09 10:14:58.700 26663 26663 I zygote64: Caused by: java.lang.ClassNotFoundException: Didn't find class "android.view.View$OnUnhandledKeyEventListener" on path: DexPathList[[zip file "/data/app/e.www.writelocaltest-pddBdGln6k7Ki2RitDsevg==/base.apk"],nativeLibraryDirectories=[/data/app/e.www.writelocaltest-pddBdGln6k7Ki2RitDsevg==/lib/arm64, /system/lib64, /vendor/lib64]]
07-09 10:14:58.700 26663 26663 I zygote64:   at java.lang.Class dalvik.system.BaseDexClassLoader.findClass(java.lang.String) (BaseDexClassLoader.java:125)
07-09 10:14:58.700 26663 26663 I zygote64:   at java.lang.Class java.lang.ClassLoader.loadClass(java.lang.String, boolean) (ClassLoader.java:379)
07-09 10:14:58.700 26663 26663 I zygote64:   at java.lang.Class java.lang.ClassLoader.loadClass(java.lang.String) (ClassLoader.java:312)
07-09 10:14:58.700 26663 26663 I zygote64:   at void androidx.core.view.ViewCompat.setOnApplyWindowInsetsListener(android.view.View, androidx.core.view.OnApplyWindowInsetsListener) (ViewCompat.java:2436)
07-09 10:14:58.700 26663 26663 I zygote64:   at android.view.ViewGroup androidx.appcompat.app.AppCompatDelegateImpl.createSubDecor() (AppCompatDelegateImpl.java:779)
07-09 10:14:58.700 26663 26663 I zygote64:   at void androidx.appcompat.app.AppCompatDelegateImpl.ensureSubDecor() (AppCompatDelegateImpl.java:659)
07-09 10:14:58.700 26663 26663 I zygote64:   at void androidx.appcompat.app.AppCompatDelegateImpl.setContentView(int) (AppCompatDelegateImpl.java:552)
07-09 10:14:58.700 26663 26663 I zygote64:   at void androidx.appcompat.app.AppCompatActivity.setContentView(int) (AppCompatActivity.java:161)
07-09 10:14:58.700 26663 26663 I zygote64:   at void e.www.writelocaltest.MainActivity.onCreate(android.os.Bundle) (MainActivity.kt:34)
07-09 10:14:58.700 26663 26663 I zygote64:   at void android.app.Activity.performCreate(android.os.Bundle, android.os.PersistableBundle) (Activity.java:7009)
07-09 10:14:58.700 26663 26663 I zygote64:   at void android.app.Activity.performCreate(android.os.Bundle) (Activity.java:7000)
07-09 10:14:58.700 26663 26663 I zygote64:   at void android.app.Instrumentation.callActivityOnCreate(android.app.Activity, android.os.Bundle) (Instrumentation.java:1214)
07-09 10:14:58.700 26663 26663 I zygote64:   at android.app.Activity android.app.ActivityThread.performLaunchActivity(android.app.ActivityThread$ActivityClientRecord, android.content.Intent) (ActivityThread.java:2731)
07-09 10:14:58.700 26663 26663 I zygote64:   at void android.app.ActivityThread.handleLaunchActivity(android.app.ActivityThread$ActivityClientRecord, android.content.Intent, java.lang.String) (ActivityThread.java:2856)
07-09 10:14:58.700 26663 26663 I zygote64:   at void android.app.ActivityThread.-wrap11(android.app.ActivityThread, android.app.ActivityThread$ActivityClientRecord, android.content.Intent, java.lang.String) (ActivityThread.java:-1)
07-09 10:14:58.700 26663 26663 I zygote64:   at void android.app.ActivityThread$H.handleMessage(android.os.Message) (ActivityThread.java:1589)
07-09 10:14:58.700 26663 26663 I zygote64:   at void android.os.Handler.dispatchMessage(android.os.Message) (Handler.java:106)
07-09 10:14:58.700 26663 26663 I zygote64:   at void android.os.Looper.loop() (Looper.java:164)
07-09 10:14:58.700 26663 26663 I zygote64:   at void android.app.ActivityThread.main(java.lang.String[]) (ActivityThread.java:6494)
07-09 10:14:58.700 26663 26663 I zygote64:   at java.lang.Object java.lang.reflect.Method.invoke(java.lang.Object, java.lang.Object[]) (Method.java:-2)
07-09 10:14:58.700 26663 26663 I zygote64:   at void com.android.internal.os.RuntimeInit$MethodAndArgsCaller.run() (RuntimeInit.java:438)
07-09 10:14:58.700 26663 26663 I zygote64:   at void com.android.internal.os.ZygoteInit.main(java.lang.String[]) (ZygoteInit.java:807)
07-09 10:14:58.700 26663 26663 I zygote64: 
07-09 10:14:58.757 26663 26679 D OpenGLRenderer: HWUI GL Pipeline
07-09 10:14:58.808 26663 26679 I Adreno  : QUALCOMM build                   : 8e59954, I0be83d0d26
07-09 10:14:58.808 26663 26679 I Adreno  : Build Date                       : 09/22/17
07-09 10:14:58.808 26663 26679 I Adreno  : OpenGL ES Shader Compiler Version: EV031.21.02.00
07-09 10:14:58.808 26663 26679 I Adreno  : Local Branch                     : O17A
07-09 10:14:58.808 26663 26679 I Adreno  : Remote Branch                    : 
07-09 10:14:58.808 26663 26679 I Adreno  : Remote Branch                    : 
07-09 10:14:58.808 26663 26679 I Adreno  : Reconstruct Branch               : 
07-09 10:14:58.810 26663 26679 D vndksupport: Loading /vendor/lib64/hw/gralloc.msm8992.so from current namespace instead of sphal namespace.
07-09 10:14:58.828 26663 26679 I Adreno  : PFP: 0x00000000, ME: 0x00000000
07-09 10:14:58.830  1187  1187 I GoogleInputMethodService: GoogleInputMethodService.onFinishInput():3306 
07-09 10:14:58.832  1187  1187 I GoogleInputMethodService: GoogleInputMethodService.updateDeviceLockedStatus():2127 repeatCheckTimes = 0, locked = false
07-09 10:14:58.832  1187  1187 I GoogleInputMethodService: GoogleInputMethodService.onStartInput():1909 onStartInput(EditorInfo{inputType=0x0(NULL) imeOptions=0x0 privateImeOptions=null actionName=UNSPECIFIED actionLabel=null actionId=0 initialSelStart=-1 initialSelEnd=-1 initialCapsMode=0x0 hintText=null label=null packageName=e.www.writelocaltest fieldId=-1 fieldName=null extras=null hintLocales=[]}, false)
07-09 10:14:58.832  1187  1187 I GoogleInputMethodService: GoogleInputMethodService.shouldHideHeaderOnInitialState():1990 ShouldHideHeaderOnInitialState = false
07-09 10:14:58.833  1187  1187 I GoogleInputMethodService: GoogleInputMethodService.updateDeviceLockedStatus():2127 repeatCheckTimes = 1, locked = false
07-09 10:14:58.835   363   363 W /system/bin/hwservicemanager: getTransport: Cannot find entry android.hardware.configstore@1.0::ISurfaceFlingerConfigs/default in either framework or device manifest.
07-09 10:14:58.839 26663 26679 I zygote64: android::hardware::configstore::V1_0::ISurfaceFlingerConfigs::hasWideColorDisplay retrieved: 0
07-09 10:14:58.841 26663 26679 I OpenGLRenderer: Initialized EGL, version 1.4
07-09 10:14:58.842 26663 26679 D OpenGLRenderer: Swap behavior 2
07-09 10:14:58.864   363   363 W /system/bin/hwservicemanager: getTransport: Cannot find entry android.hardware.graphics.mapper@2.0::IMapper/default in either framework or device manifest.
07-09 10:14:58.866 26663 26679 D vndksupport: Loading /vendor/lib64/hw/android.hardware.graphics.mapper@2.0-impl.so from current namespace instead of sphal namespace.
07-09 10:14:58.868 26663 26679 D vndksupport: Loading /vendor/lib64/hw/gralloc.msm8992.so from current namespace instead of sphal namespace.
07-09 10:14:58.893   762   787 I ActivityManager: Displayed e.www.writelocaltest/.MainActivity: +454ms (total +1s264ms)
07-09 10:14:59.283  3183  3183 I A       : GEL#onSaveInstanceState
07-09 10:14:59.536   762  8714 I OpenGLRenderer: Initialized EGL, version 1.4
07-09 10:14:59.537   762  8714 D OpenGLRenderer: Swap behavior 2
07-09 10:14:59.990 26632 26632 I BatteryMgr:DataCollectionService: onStartCommand: begin
07-09 10:14:59.990 26632 26632 I BatteryMgr:DataCollectionService: onStartCommand: sampleRate => 1
07-09 10:14:59.991 26632 26632 I BatteryMgr:DataCollectionService: onStartCommand: rawFields => Timestamp,BATTERY_PROPERTY_CURRENT_NOW,EXTRA_VOLTAGE
07-09 10:14:59.993 26632 26632 I BatteryMgr:DataCollectionService: onStartCommand: notification done
07-09 10:14:59.997 26632 26632 I BatteryMgr:DataCollectionService: started foreground
07-09 10:15:00.000   762   777 E NotificationService: Suppressing notification from package by user request.
07-09 10:15:00.014 26632 26703 I BatteryMgr:DataCollectionService: collectData: begin
07-09 10:15:00.019 26632 26703 I BatteryMgr:DataCollectionService: stats => 1688912100019,-97045,4208
07-09 10:15:00.028 26632 26703 I BatteryMgr:DataCollectionService: stats => 1688912100027,-97045,4208
07-09 10:15:00.034 26632 26703 I BatteryMgr:DataCollectionService: stats => 1688912100034,-97045,4208
07-09 10:15:00.040 26632 26703 I BatteryMgr:DataCollectionService: stats => 1688912100040,-97045,4208
07-09 10:15:00.048 26632 26703 I BatteryMgr:DataCollectionService: stats => 1688912100048,-97045,4208
07-09 10:15:00.055 26632 26703 I BatteryMgr:DataCollectionService: stats => 1688912100055,-97045,4208
07-09 10:15:00.061 26632 26703 I BatteryMgr:DataCollectionService: stats => 1688912100061,-97045,4208
07-09 10:15:00.067 26632 26703 I BatteryMgr:DataCollectionService: stats => 1688912100067,-97045,4208
07-09 10:15:00.072 26632 26703 I BatteryMgr:DataCollectionService: stats => 1688912100072,-97045,4208
07-09 10:15:00.079 26632 26703 I BatteryMgr:DataCollectionService: stats => 1688912100079,-97045,4208
07-09 10:15:00.084 26632 26703 I BatteryMgr:DataCollectionService: stats => 1688912100084,-97045,4208
07-09 10:15:00.089 26632 26703 I BatteryMgr:DataCollectionService: stats => 1688912100089,-97045,4208
07-09 10:15:00.094 26632 26703 I BatteryMgr:DataCollectionService: stats => 1688912100094,-97045,4208
07-09 10:15:00.100 26632 26703 I BatteryMgr:DataCollectionService: stats => 1688912100099,-97045,4208
07-09 10:15:00.106 26632 26703 I BatteryMgr:DataCollectionService: stats => 1688912100106,-97045,4208
07-09 10:15:00.113 26632 26703 I BatteryMgr:DataCollectionService: stats => 1688912100111,-97045,4208
07-09 10:15:00.119 26632 26703 I BatteryMgr:DataCollectionService: stats => 1688912100119,-97045,4208
07-09 10:15:00.126 26632 26703 I BatteryMgr:DataCollectionService: stats => 1688912100125,-97045,4208
07-09 10:15:00.132 26632 26703 I BatteryMgr:DataCollectionService: stats => 1688912100131,-97045,4208
07-09 10:15:00.137 26632 26703 I BatteryMgr:DataCollectionService: stats => 1688912100137,-97045,4208
07-09 10:15:00.143 26632 26703 I BatteryMgr:DataCollectionService: stats => 1688912100143,-97045,4208
07-09 10:15:00.149 26632 26703 I BatteryMgr:DataCollectionService: stats => 1688912100148,-97045,4208
07-09 10:15:00.155 26632 26703 I BatteryMgr:DataCollectionService: stats => 1688912100154,-97045,4208
07-09 10:15:00.160 26632 26703 I BatteryMgr:DataCollectionService: stats => 1688912100160,-97045,4208
07-09 10:15:00.166 26632 26703 I BatteryMgr:DataCollectionService: stats => 1688912100166,-97045,4208
07-09 10:15:00.172 26632 26703 I BatteryMgr:DataCollectionService: stats => 1688912100172,-97045,4208
07-09 10:15:00.178 26632 26703 I BatteryMgr:DataCollectionService: stats => 1688912100177,-97045,4208
07-09 10:15:00.183 26632 26703 I BatteryMgr:DataCollectionService: stats => 1688912100183,-97045,4208
07-09 10:15:00.189 26632 26703 I BatteryMgr:DataCollectionService: stats => 1688912100188,-97045,4208
07-09 10:15:00.195 26632 26703 I BatteryMgr:DataCollectionService: stats => 1688912100195,-97045,4208
07-09 10:15:00.201 26632 26703 I BatteryMgr:DataCollectionService: stats => 1688912100201,-97045,4208
07-09 10:15:00.207 26632 26703 I BatteryMgr:DataCollectionService: stats => 1688912100207,-97045,4208
07-09 10:15:00.213 26632 26703 I BatteryMgr:DataCollectionService: stats => 1688912100213,-97045,4208
07-09 10:15:00.219 26632 26703 I BatteryMgr:DataCollectionService: stats => 1688912100218,-97045,4208
07-09 10:15:00.225 26632 26703 I BatteryMgr:DataCollectionService: stats => 1688912100225,-97045,4208
07-09 10:15:00.231 26632 26703 I BatteryMgr:DataCollectionService: stats => 1688912100231,-97045,4208
07-09 10:15:00.237 26632 26703 I BatteryMgr:DataCollectionService: stats => 1688912100237,-97045,4208
07-09 10:15:00.244 26632 26703 I BatteryMgr:DataCollectionService: stats => 1688912100244,-97045,4208
07-09 10:15:00.252 26632 26703 I BatteryMgr:DataCollectionService: stats => 1688912100251,-97045,4208
07-09 10:15:00.258 26632 26703 I BatteryMgr:DataCollectionService: stats => 1688912100258,-97045,4208
07-09 10:15:00.265 26632 26703 I BatteryMgr:DataCollectionService: stats => 1688912100265,-97045,4208
07-09 10:15:00.271 26632 26703 I BatteryMgr:DataCollectionService: stats => 1688912100271,-97045,4208
07-09 10:15:00.278 26632 26703 I BatteryMgr:DataCollectionService: stats => 1688912100277,-97045,4208
07-09 10:15:00.284 26632 26703 I BatteryMgr:DataCollectionService: stats => 1688912100284,-97045,4208
07-09 10:15:00.290 26632 26703 I BatteryMgr:DataCollectionService: stats => 1688912100290,-97045,4208
07-09 10:15:00.297 26632 26703 I BatteryMgr:DataCollectionService: stats => 1688912100297,-97045,4208
07-09 10:15:00.303 26632 26703 I BatteryMgr:DataCollectionService: stats => 1688912100303,-97045,4208
07-09 10:15:00.311 26632 26703 I BatteryMgr:DataCollectionService: stats => 1688912100310,-97045,4208
07-09 10:15:00.318 26632 26703 I BatteryMgr:DataCollectionService: stats => 1688912100318,-97045,4208
07-09 10:15:00.326 26632 26703 I BatteryMgr:DataCollectionService: stats => 1688912100326,-97045,4208
07-09 10:15:00.333 26632 26703 I BatteryMgr:DataCollectionService: stats => 1688912100333,-97045,4208
07-09 10:15:00.341 26632 26703 I BatteryMgr:DataCollectionService: stats => 1688912100340,-97045,4208
07-09 10:15:00.348 26632 26703 I BatteryMgr:DataCollectionService: stats => 1688912100348,-97045,4208
07-09 10:15:00.358 26632 26703 I BatteryMgr:DataCollectionService: stats => 1688912100358,-97045,4208
07-09 10:15:00.366 26632 26703 I BatteryMgr:DataCollectionService: stats => 1688912100365,-97045,4208
07-09 10:15:00.373 26632 26703 I BatteryMgr:DataCollectionService: stats => 1688912100373,-97045,4208
07-09 10:15:00.381 26632 26703 I BatteryMgr:DataCollectionService: stats => 1688912100381,-97045,4208
07-09 10:15:00.389 26632 26703 I BatteryMgr:DataCollectionService: stats => 1688912100389,-97045,4208
07-09 10:15:00.397 26632 26703 I BatteryMgr:DataCollectionService: stats => 1688912100397,-97045,4208
07-09 10:15:00.408 26632 26703 I BatteryMgr:DataCollectionService: stats => 1688912100408,-97045,4208
07-09 10:15:00.418 26632 26703 I BatteryMgr:DataCollectionService: stats => 1688912100418,-97045,4208
07-09 10:15:00.429 26632 26703 I BatteryMgr:DataCollectionService: stats => 1688912100428,-97045,4208
07-09 10:15:00.439 26632 26703 I BatteryMgr:DataCollectionService: stats => 1688912100438,-97045,4208
07-09 10:15:00.448 26632 26703 I BatteryMgr:DataCollectionService: stats => 1688912100448,-97045,4208
07-09 10:15:00.459 26632 26703 I BatteryMgr:DataCollectionService: stats => 1688912100458,-97045,4208
07-09 10:15:00.469 26632 26703 I BatteryMgr:DataCollectionService: stats => 1688912100468,-97045,4208
07-09 10:15:00.479 26632 26703 I BatteryMgr:DataCollectionService: stats => 1688912100479,-97045,4208
07-09 10:15:00.490 26632 26703 I BatteryMgr:DataCollectionService: stats => 1688912100490,-97045,4208
07-09 10:15:00.500 26632 26703 I BatteryMgr:DataCollectionService: stats => 1688912100500,-97045,4208
07-09 10:15:00.514 26632 26703 I BatteryMgr:DataCollectionService: stats => 1688912100514,-97045,4208
07-09 10:15:00.525 26632 26703 I BatteryMgr:DataCollectionService: stats => 1688912100525,-97045,4208
07-09 10:15:00.537 26632 26703 I BatteryMgr:DataCollectionService: stats => 1688912100536,-97045,4208
07-09 10:15:00.546 26632 26703 I BatteryMgr:DataCollectionService: stats => 1688912100546,-97045,4208
07-09 10:15:00.556 26632 26703 I BatteryMgr:DataCollectionService: stats => 1688912100556,-97045,4208
07-09 10:15:00.567 26632 26703 I BatteryMgr:DataCollectionService: stats => 1688912100567,-97045,4208
07-09 10:15:00.577 26632 26703 I BatteryMgr:DataCollectionService: stats => 1688912100576,-97045,4208
07-09 10:15:00.587 26632 26703 I BatteryMgr:DataCollectionService: stats => 1688912100587,-97045,4208
07-09 10:15:00.597 26632 26703 I BatteryMgr:DataCollectionService: stats => 1688912100597,-97045,4208
07-09 10:15:00.607 26632 26703 I BatteryMgr:DataCollectionService: stats => 1688912100607,-97045,4208
07-09 10:15:00.617 26632 26703 I BatteryMgr:DataCollectionService: stats => 1688912100617,-97045,4208
07-09 10:15:00.627 26632 26703 I BatteryMgr:DataCollectionService: stats => 1688912100627,-97045,4208
07-09 10:15:00.637 26632 26703 I BatteryMgr:DataCollectionService: stats => 1688912100637,-97045,4208
07-09 10:15:00.648 26632 26703 I BatteryMgr:DataCollectionService: stats => 1688912100647,-97045,4208
07-09 10:15:00.662 26632 26703 I BatteryMgr:DataCollectionService: stats => 1688912100662,-97045,4208
07-09 10:15:00.674 26632 26703 I BatteryMgr:DataCollectionService: stats => 1688912100673,-97045,4208
07-09 10:15:00.681 26632 26703 I BatteryMgr:DataCollectionService: stats => 1688912100681,-97045,4208
07-09 10:15:00.689 26632 26703 I BatteryMgr:DataCollectionService: stats => 1688912100689,-97045,4208
07-09 10:15:00.697 26632 26703 I BatteryMgr:DataCollectionService: stats => 1688912100697,-97045,4208
07-09 10:15:00.705 26632 26703 I BatteryMgr:DataCollectionService: stats => 1688912100705,-97045,4208
07-09 10:15:00.713 26632 26703 I BatteryMgr:DataCollectionService: stats => 1688912100712,-97045,4208
07-09 10:15:00.720 26632 26703 I BatteryMgr:DataCollectionService: stats => 1688912100720,-97045,4208
07-09 10:15:00.727 26632 26703 I BatteryMgr:DataCollectionService: stats => 1688912100727,-97045,4208
07-09 10:15:00.734 26632 26703 I BatteryMgr:DataCollectionService: stats => 1688912100734,-97045,4208
07-09 10:15:00.742 26632 26703 I BatteryMgr:DataCollectionService: stats => 1688912100742,-97045,4208
07-09 10:15:00.749 26632 26703 I BatteryMgr:DataCollectionService: stats => 1688912100749,-97045,4208
07-09 10:15:00.756 26632 26703 I BatteryMgr:DataCollectionService: stats => 1688912100756,-97045,4208
07-09 10:15:00.764 26632 26703 I BatteryMgr:DataCollectionService: stats => 1688912100764,-97045,4208
07-09 10:15:00.773 26632 26703 I BatteryMgr:DataCollectionService: stats => 1688912100773,-97045,4208
07-09 10:15:00.780 26632 26703 I BatteryMgr:DataCollectionService: stats => 1688912100780,-97045,4208
07-09 10:15:00.787 26632 26703 I BatteryMgr:DataCollectionService: stats => 1688912100787,-97045,4208
07-09 10:15:00.794 26632 26703 I BatteryMgr:DataCollectionService: stats => 1688912100794,-97045,4208
07-09 10:15:00.802 26632 26703 I BatteryMgr:DataCollectionService: stats => 1688912100802,-97045,4208
07-09 10:15:00.809 26632 26703 I BatteryMgr:DataCollectionService: stats => 1688912100809,-97045,4208
07-09 10:15:00.818 26632 26703 I BatteryMgr:DataCollectionService: stats => 1688912100818,-97045,4208
07-09 10:15:00.826 26632 26703 I BatteryMgr:DataCollectionService: stats => 1688912100826,-97045,4208
07-09 10:15:00.834 26632 26703 I BatteryMgr:DataCollectionService: stats => 1688912100833,-97045,4208
07-09 10:15:00.841 26632 26703 I BatteryMgr:DataCollectionService: stats => 1688912100841,-97045,4208
07-09 10:15:00.849 26632 26703 I BatteryMgr:DataCollectionService: stats => 1688912100848,-97045,4208
07-09 10:15:00.857 26632 26703 I BatteryMgr:DataCollectionService: stats => 1688912100856,-97045,4208
07-09 10:15:00.864 26632 26703 I BatteryMgr:DataCollectionService: stats => 1688912100864,-97045,4208
07-09 10:15:00.874 26632 26703 I BatteryMgr:DataCollectionService: stats => 1688912100874,-97045,4208
07-09 10:15:00.883 26632 26703 I BatteryMgr:DataCollectionService: stats => 1688912100883,-97045,4208
07-09 10:15:00.893 26632 26703 I BatteryMgr:DataCollectionService: stats => 1688912100893,-97045,4208
07-09 10:15:00.900 26632 26703 I BatteryMgr:DataCollectionService: stats => 1688912100900,-97045,4208
07-09 10:15:00.908 26632 26703 I BatteryMgr:DataCollectionService: stats => 1688912100908,-97045,4208
07-09 10:15:00.916 26632 26703 I BatteryMgr:DataCollectionService: stats => 1688912100916,-97045,4208
07-09 10:15:00.923 26632 26703 I BatteryMgr:DataCollectionService: stats => 1688912100923,-97045,4208
07-09 10:15:00.931 26632 26703 I BatteryMgr:DataCollectionService: stats => 1688912100930,-97045,4208
07-09 10:15:00.938 26632 26703 I BatteryMgr:DataCollectionService: stats => 1688912100938,-97045,4208
07-09 10:15:00.949 26632 26703 I BatteryMgr:DataCollectionService: stats => 1688912100949,-97045,4208
07-09 10:15:00.958 26632 26703 I BatteryMgr:DataCollectionService: stats => 1688912100957,-97045,4208
07-09 10:15:00.966 26632 26703 I BatteryMgr:DataCollectionService: stats => 1688912100966,-97045,4208
07-09 10:15:00.975 26632 26703 I BatteryMgr:DataCollectionService: stats => 1688912100975,-97045,4208
07-09 10:15:00.984 26632 26703 I BatteryMgr:DataCollectionService: stats => 1688912100983,-97045,4208
07-09 10:15:00.992 26632 26703 I BatteryMgr:DataCollectionService: stats => 1688912100992,-97045,4208
07-09 10:15:01.001 26632 26703 I BatteryMgr:DataCollectionService: stats => 1688912101001,-97045,4208
07-09 10:15:01.009 26632 26703 I BatteryMgr:DataCollectionService: stats => 1688912101009,-97045,4208
07-09 10:15:01.017 26632 26703 I BatteryMgr:DataCollectionService: stats => 1688912101017,-97045,4208
07-09 10:15:01.025 26632 26703 I BatteryMgr:DataCollectionService: stats => 1688912101025,-97045,4208
07-09 10:15:01.035 26632 26703 I BatteryMgr:DataCollectionService: stats => 1688912101034,-97045,4208
07-09 10:15:01.042 26632 26703 I BatteryMgr:DataCollectionService: stats => 1688912101042,-97045,4208
07-09 10:15:01.050 26632 26703 I BatteryMgr:DataCollectionService: stats => 1688912101050,-97045,4208
07-09 10:15:01.058 26632 26703 I BatteryMgr:DataCollectionService: stats => 1688912101058,-97045,4208
07-09 10:15:01.070 26632 26703 I BatteryMgr:DataCollectionService: stats => 1688912101070,-97045,4208
07-09 10:15:01.080 26632 26703 I BatteryMgr:DataCollectionService: stats => 1688912101079,-97045,4208
07-09 10:15:01.088 26632 26703 I BatteryMgr:DataCollectionService: stats => 1688912101088,-97045,4208
07-09 10:15:01.097 26632 26703 I BatteryMgr:DataCollectionService: stats => 1688912101097,-97045,4208
07-09 10:15:01.106 26632 26703 I BatteryMgr:DataCollectionService: stats => 1688912101106,-97045,4208
07-09 10:15:01.115 26632 26703 I BatteryMgr:DataCollectionService: stats => 1688912101115,-97045,4208
07-09 10:15:01.125 26632 26703 I BatteryMgr:DataCollectionService: stats => 1688912101125,-97045,4208
07-09 10:15:01.136 26632 26703 I BatteryMgr:DataCollectionService: stats => 1688912101135,-97045,4208
07-09 10:15:01.145 26632 26703 I BatteryMgr:DataCollectionService: stats => 1688912101145,-97045,4208
07-09 10:15:01.155 26632 26703 I BatteryMgr:DataCollectionService: stats => 1688912101155,-97045,4208
07-09 10:15:01.165 26632 26703 I BatteryMgr:DataCollectionService: stats => 1688912101165,-97045,4208
07-09 10:15:01.167 26632 26639 I zygote64: Do partial code cache collection, code=61KB, data=45KB
07-09 10:15:01.167 26632 26639 I zygote64: After code cache collection, code=61KB, data=45KB
07-09 10:15:01.168 26632 26639 I zygote64: Increasing code cache capacity to 256KB
07-09 10:15:01.178 26632 26703 I BatteryMgr:DataCollectionService: stats => 1688912101177,-97045,4208
07-09 10:15:01.187 26632 26703 I BatteryMgr:DataCollectionService: stats => 1688912101187,-97045,4208
07-09 10:15:01.197 26632 26703 I BatteryMgr:DataCollectionService: stats => 1688912101196,-97045,4208
07-09 10:15:01.207 26632 26703 I BatteryMgr:DataCollectionService: stats => 1688912101206,-97045,4208
07-09 10:15:01.217 26632 26703 I BatteryMgr:DataCollectionService: stats => 1688912101217,-97045,4208
07-09 10:15:01.228 26632 26703 I BatteryMgr:DataCollectionService: stats => 1688912101228,-97045,4208
07-09 10:15:01.237 26632 26703 I BatteryMgr:DataCollectionService: stats => 1688912101237,-97045,4208
07-09 10:15:01.246 26632 26703 I BatteryMgr:DataCollectionService: stats => 1688912101246,-97045,4208
07-09 10:15:01.256 26632 26703 I BatteryMgr:DataCollectionService: stats => 1688912101256,-97045,4208
07-09 10:15:01.264 26632 26703 I BatteryMgr:DataCollectionService: stats => 1688912101264,-97045,4208
07-09 10:15:01.277 26632 26703 I BatteryMgr:DataCollectionService: stats => 1688912101277,-97045,4208
07-09 10:15:01.288 26632 26703 I BatteryMgr:DataCollectionService: stats => 1688912101288,-97045,4208
07-09 10:15:01.297 26632 26703 I BatteryMgr:DataCollectionService: stats => 1688912101297,-97045,4208
07-09 10:15:01.306 26632 26703 I BatteryMgr:DataCollectionService: stats => 1688912101306,-97045,4208
07-09 10:15:01.316 26632 26703 I BatteryMgr:DataCollectionService: stats => 1688912101316,-97045,4208
07-09 10:15:01.325 26632 26703 I BatteryMgr:DataCollectionService: stats => 1688912101325,-97045,4208
07-09 10:15:01.334 26632 26703 I BatteryMgr:DataCollectionService: stats => 1688912101333,-97045,4208
07-09 10:15:01.345 26632 26703 I BatteryMgr:DataCollectionService: stats => 1688912101344,-97045,4208
07-09 10:15:01.357 26632 26703 I BatteryMgr:DataCollectionService: stats => 1688912101357,-97045,4208
07-09 10:15:01.366 26632 26703 I BatteryMgr:DataCollectionService: stats => 1688912101365,-97045,4208
07-09 10:15:01.374 26632 26703 I BatteryMgr:DataCollectionService: stats => 1688912101374,-97045,4208
07-09 10:15:01.382 26632 26703 I BatteryMgr:DataCollectionService: stats => 1688912101382,-97045,4208
07-09 10:15:01.390 26632 26703 I BatteryMgr:DataCollectionService: stats => 1688912101390,-97045,4208
