07-04 23:12:10.494 17889 17984 I BatteryMgr:DataCollectionService: stats => 1688505130493,-209960,4278
07-04 23:12:10.607 17889 17984 I BatteryMgr:DataCollectionService: stats => 1688505130607,-209960,4278
07-04 23:12:10.716 17889 17984 I BatteryMgr:DataCollectionService: stats => 1688505130715,-209960,4278
07-04 23:12:10.823 17889 17984 I BatteryMgr:DataCollectionService: stats => 1688505130823,-209960,4278
07-04 23:12:10.937 17889 17984 I BatteryMgr:DataCollectionService: stats => 1688505130937,-209960,4278
07-04 23:12:11.053 17889 17984 I BatteryMgr:DataCollectionService: stats => 1688505131052,-209960,4278
07-04 23:12:11.165 17889 17984 I BatteryMgr:DataCollectionService: stats => 1688505131165,-209960,4278
07-04 23:12:11.282 17889 17984 I BatteryMgr:DataCollectionService: stats => 1688505131282,-209960,4278
07-04 23:12:11.402 17889 17984 I BatteryMgr:DataCollectionService: stats => 1688505131402,-144531,4278
07-04 23:12:11.514 17889 17984 I BatteryMgr:DataCollectionService: stats => 1688505131513,-144531,4278
07-04 23:12:11.627 17889 17984 I BatteryMgr:DataCollectionService: stats => 1688505131627,-144531,4278
07-04 23:12:11.745 17889 17984 I BatteryMgr:DataCollectionService: stats => 1688505131744,-144531,4278
07-04 23:12:11.852 17889 17984 I BatteryMgr:DataCollectionService: stats => 1688505131852,-144531,4278
07-04 23:12:11.962 17889 17984 I BatteryMgr:DataCollectionService: stats => 1688505131962,-144531,4278
07-04 23:12:12.079 17889 17984 I BatteryMgr:DataCollectionService: stats => 1688505132079,-144531,4278
07-04 23:12:12.193 17889 17984 I BatteryMgr:DataCollectionService: stats => 1688505132192,-144531,4278
07-04 23:12:12.305 17889 17984 I BatteryMgr:DataCollectionService: stats => 1688505132305,-144531,4278
07-04 23:12:12.419 17889 17984 I BatteryMgr:DataCollectionService: stats => 1688505132419,-144531,4278
07-04 23:12:12.536 17889 17984 I BatteryMgr:DataCollectionService: stats => 1688505132536,-144531,4278
07-04 23:12:12.648 17889 17984 I BatteryMgr:DataCollectionService: stats => 1688505132648,-144531,4278
07-04 23:12:12.765 17889 17984 I BatteryMgr:DataCollectionService: stats => 1688505132764,-144531,4278
07-04 23:12:12.877 17889 17984 I BatteryMgr:DataCollectionService: stats => 1688505132877,-132812,4278
07-04 23:12:12.984 17889 17984 I BatteryMgr:DataCollectionService: stats => 1688505132984,-132812,4278
07-04 23:12:13.091 17889 17984 I BatteryMgr:DataCollectionService: stats => 1688505133091,-132812,4278
07-04 23:12:13.206 17889 17984 I BatteryMgr:DataCollectionService: stats => 1688505133206,-132812,4278
07-04 23:12:13.319 17889 17984 I BatteryMgr:DataCollectionService: stats => 1688505133318,-132812,4278
07-04 23:12:13.434 17889 17984 I BatteryMgr:DataCollectionService: stats => 1688505133433,-132812,4278
07-04 23:12:13.549 17889 17984 I BatteryMgr:DataCollectionService: stats => 1688505133549,-132812,4278
07-04 23:12:13.661 17889 17984 I BatteryMgr:DataCollectionService: stats => 1688505133661,-132812,4278
07-04 23:12:13.689  1233  1233 W /system/vendor/bin/ipacm: type=1400 audit(0.0:228006): avc: denied { write } for comm=6E65746C696E6B20736F636B6574 name="ipacm_log_file" dev="tmpfs" ino=27039 scontext=u:r:ipacm:s0 tcontext=u:object_r:ipacm_socket:s0 tclass=sock_file permissive=0
07-04 23:12:13.689  1233  1233 I chatty  : uid=1001(radio) /system/vendor/bin/ipacm identical 1 line
07-04 23:12:13.689  1233  1233 W /system/vendor/bin/ipacm: type=1400 audit(0.0:228008): avc: denied { write } for comm=6E65746C696E6B20736F636B6574 name="ipacm_log_file" dev="tmpfs" ino=27039 scontext=u:r:ipacm:s0 tcontext=u:object_r:ipacm_socket:s0 tclass=sock_file permissive=0
07-04 23:12:13.689  1233  1233 W ipacm   : type=1400 audit(0.0:228009): avc: denied { write } for name="ipacm_log_file" dev="tmpfs" ino=27039 scontext=u:r:ipacm:s0 tcontext=u:object_r:ipacm_socket:s0 tclass=sock_file permissive=0
07-04 23:12:13.689  1233  1233 W ipacm   : type=1400 audit(0.0:228010): avc: denied { write } for name="ipacm_log_file" dev="tmpfs" ino=27039 scontext=u:r:ipacm:s0 tcontext=u:object_r:ipacm_socket:s0 tclass=sock_file permissive=0
07-04 23:12:13.771 17889 17984 I BatteryMgr:DataCollectionService: stats => 1688505133771,-132812,4278
07-04 23:12:13.883 17889 17984 I BatteryMgr:DataCollectionService: stats => 1688505133883,-132812,4278
07-04 23:12:13.992 17889 17984 I BatteryMgr:DataCollectionService: stats => 1688505133992,-132812,4278
07-04 23:12:14.103 17889 17984 I BatteryMgr:DataCollectionService: stats => 1688505134103,-132812,4278
07-04 23:12:14.217 17889 17984 I BatteryMgr:DataCollectionService: stats => 1688505134216,-132812,4278
07-04 23:12:14.325 17889 17984 I BatteryMgr:DataCollectionService: stats => 1688505134324,-132812,4278
07-04 23:12:14.440 17889 17984 I BatteryMgr:DataCollectionService: stats => 1688505134440,-146972,4278
07-04 23:12:14.551 17889 17984 I BatteryMgr:DataCollectionService: stats => 1688505134551,-146972,4278
07-04 23:12:14.670 17889 17984 I BatteryMgr:DataCollectionService: stats => 1688505134670,-146972,4278
07-04 23:12:14.787 17889 17984 I BatteryMgr:DataCollectionService: stats => 1688505134787,-146972,4278
07-04 23:12:14.912 17889 17984 I BatteryMgr:DataCollectionService: stats => 1688505134912,-146972,4278
07-04 23:12:15.019 17889 17984 I BatteryMgr:DataCollectionService: stats => 1688505135019,-146972,4278
07-04 23:12:15.128 17889 17984 I BatteryMgr:DataCollectionService: stats => 1688505135128,-146972,4278
07-04 23:12:15.239 17889 17984 I BatteryMgr:DataCollectionService: stats => 1688505135239,-146972,4278
07-04 23:12:15.348 17889 17984 I BatteryMgr:DataCollectionService: stats => 1688505135348,-146972,4278
07-04 23:12:15.460 17889 17984 I BatteryMgr:DataCollectionService: stats => 1688505135460,-146972,4278
07-04 23:12:15.572 17889 17984 I BatteryMgr:DataCollectionService: stats => 1688505135571,-146972,4278
07-04 23:12:15.684 17889 17984 I BatteryMgr:DataCollectionService: stats => 1688505135684,-146972,4278
07-04 23:12:15.796 17889 17984 I BatteryMgr:DataCollectionService: stats => 1688505135796,-146972,4278
07-04 23:12:15.903 17889 17984 I BatteryMgr:DataCollectionService: stats => 1688505135902,-140624,4278
07-04 23:12:16.015 17889 17984 I BatteryMgr:DataCollectionService: stats => 1688505136014,-140624,4278
07-04 23:12:16.126 17889 17984 I BatteryMgr:DataCollectionService: stats => 1688505136126,-140624,4278
07-04 23:12:16.234 17889 17984 I BatteryMgr:DataCollectionService: stats => 1688505136234,-140624,4278
07-04 23:12:16.347 17889 17984 I BatteryMgr:DataCollectionService: stats => 1688505136347,-140624,4278
07-04 23:12:16.460 17889 17984 I BatteryMgr:DataCollectionService: stats => 1688505136460,-140624,4278
07-04 23:12:16.568 17889 17984 I BatteryMgr:DataCollectionService: stats => 1688505136568,-140624,4278
07-04 23:12:16.676 17889 17984 I BatteryMgr:DataCollectionService: stats => 1688505136676,-140624,4278
07-04 23:12:16.783 17889 17984 I BatteryMgr:DataCollectionService: stats => 1688505136783,-140624,4278
07-04 23:12:16.896 17889 17984 I BatteryMgr:DataCollectionService: stats => 1688505136895,-140624,4278
07-04 23:12:17.011 17889 17984 I BatteryMgr:DataCollectionService: stats => 1688505137011,-140624,4278
07-04 23:12:17.123 17889 17984 I BatteryMgr:DataCollectionService: stats => 1688505137122,-140624,4278
07-04 23:12:17.231 17889 17984 I BatteryMgr:DataCollectionService: stats => 1688505137231,-140624,4278
07-04 23:12:17.338 17889 17984 I BatteryMgr:DataCollectionService: stats => 1688505137338,-194335,4278
07-04 23:12:17.456 17889 17984 I BatteryMgr:DataCollectionService: stats => 1688505137455,-194335,4278
07-04 23:12:17.568 17889 17984 I BatteryMgr:DataCollectionService: stats => 1688505137568,-194335,4278
07-04 23:12:17.681 17889 17984 I BatteryMgr:DataCollectionService: stats => 1688505137681,-194335,4278
07-04 23:12:17.792 17889 17984 I BatteryMgr:DataCollectionService: stats => 1688505137792,-194335,4278
07-04 23:12:17.905 17889 17984 I BatteryMgr:DataCollectionService: stats => 1688505137905,-194335,4278
07-04 23:12:18.029 17889 17984 I BatteryMgr:DataCollectionService: stats => 1688505138028,-194335,4278
07-04 23:12:18.144 17889 17984 I BatteryMgr:DataCollectionService: stats => 1688505138144,-194335,4278
07-04 23:12:18.257 17889 17984 I BatteryMgr:DataCollectionService: stats => 1688505138257,-194335,4278
07-04 23:12:18.373 17889 17984 I BatteryMgr:DataCollectionService: stats => 1688505138372,-194335,4278
07-04 23:12:18.483 17889 17984 I BatteryMgr:DataCollectionService: stats => 1688505138483,-194335,4278
07-04 23:12:18.593 17889 17984 I BatteryMgr:DataCollectionService: stats => 1688505138593,-194335,4278
07-04 23:12:18.705 17889 17984 I BatteryMgr:DataCollectionService: stats => 1688505138705,-194335,4278
07-04 23:12:18.817 17889 17984 I BatteryMgr:DataCollectionService: stats => 1688505138817,-152831,4278
07-04 23:12:18.924 17889 17984 I BatteryMgr:DataCollectionService: stats => 1688505138924,-152831,4278
07-04 23:12:19.038 17889 17984 I BatteryMgr:DataCollectionService: stats => 1688505139037,-152831,4278
07-04 23:12:19.159 17889 17984 I BatteryMgr:DataCollectionService: stats => 1688505139159,-152831,4278
07-04 23:12:19.271 17889 17984 I BatteryMgr:DataCollectionService: stats => 1688505139271,-152831,4278
07-04 23:12:19.385 17889 17984 I BatteryMgr:DataCollectionService: stats => 1688505139385,-152831,4278
07-04 23:12:19.496 17889 17984 I BatteryMgr:DataCollectionService: stats => 1688505139496,-152831,4278
07-04 23:12:19.609 17889 17984 I BatteryMgr:DataCollectionService: stats => 1688505139609,-152831,4278
07-04 23:12:19.718 17889 17984 I BatteryMgr:DataCollectionService: stats => 1688505139718,-152831,4278
07-04 23:12:19.826 17889 17984 I BatteryMgr:DataCollectionService: stats => 1688505139826,-152831,4278
07-04 23:12:19.940 17889 17984 I BatteryMgr:DataCollectionService: stats => 1688505139940,-152831,4278
07-04 23:12:20.050 17889 17984 I BatteryMgr:DataCollectionService: stats => 1688505140050,-152831,4278
07-04 23:12:20.162 17889 17984 I BatteryMgr:DataCollectionService: stats => 1688505140162,-152831,4278
07-04 23:12:20.277 17889 17984 I BatteryMgr:DataCollectionService: stats => 1688505140277,-143066,4278
07-04 23:12:20.388 17889 17984 I BatteryMgr:DataCollectionService: stats => 1688505140388,-143066,4278
07-04 23:12:20.504 17889 17984 I BatteryMgr:DataCollectionService: stats => 1688505140504,-143066,4278
07-04 23:12:20.613 17889 17984 I BatteryMgr:DataCollectionService: stats => 1688505140612,-143066,4278
07-04 23:12:20.727 17889 17984 I BatteryMgr:DataCollectionService: stats => 1688505140727,-143066,4278
07-04 23:12:20.839 17889 17984 I BatteryMgr:DataCollectionService: stats => 1688505140839,-143066,4278
07-04 23:12:20.946 17889 17984 I BatteryMgr:DataCollectionService: stats => 1688505140946,-143066,4278
07-04 23:12:21.058 17889 17984 I BatteryMgr:DataCollectionService: stats => 1688505141058,-143066,4278
07-04 23:12:21.169 17889 17984 I BatteryMgr:DataCollectionService: stats => 1688505141169,-143066,4278
07-04 23:12:21.281 17889 17984 I BatteryMgr:DataCollectionService: stats => 1688505141281,-143066,4278
07-04 23:12:21.399 17889 17984 I BatteryMgr:DataCollectionService: stats => 1688505141399,-143066,4278
07-04 23:12:21.514 17889 17984 I BatteryMgr:DataCollectionService: stats => 1688505141513,-143066,4278
07-04 23:12:21.625 17889 17984 I BatteryMgr:DataCollectionService: stats => 1688505141625,-143066,4278
07-04 23:12:21.738 17889 17984 I BatteryMgr:DataCollectionService: stats => 1688505141738,-125488,4278
07-04 23:12:21.853 17889 17984 I BatteryMgr:DataCollectionService: stats => 1688505141852,-125488,4278
07-04 23:12:21.960 17889 17984 I BatteryMgr:DataCollectionService: stats => 1688505141960,-125488,4278
07-04 23:12:22.069 17889 17984 I BatteryMgr:DataCollectionService: stats => 1688505142069,-125488,4278
07-04 23:12:22.182 17889 17984 I BatteryMgr:DataCollectionService: stats => 1688505142182,-125488,4278
07-04 23:12:22.293 17889 17984 I BatteryMgr:DataCollectionService: stats => 1688505142292,-125488,4278
07-04 23:12:22.401 17889 17984 I BatteryMgr:DataCollectionService: stats => 1688505142401,-125488,4278
07-04 23:12:22.518 17889 17984 I BatteryMgr:DataCollectionService: stats => 1688505142518,-125488,4278
07-04 23:12:22.631 17889 17984 I BatteryMgr:DataCollectionService: stats => 1688505142631,-125488,4278
07-04 23:12:22.744 17889 17984 I BatteryMgr:DataCollectionService: stats => 1688505142744,-125488,4278
07-04 23:12:22.858 17889 17984 I BatteryMgr:DataCollectionService: stats => 1688505142858,-125488,4278
07-04 23:12:22.974 17889 17984 I BatteryMgr:DataCollectionService: stats => 1688505142974,-125488,4278
07-04 23:12:23.083 17889 17984 I BatteryMgr:DataCollectionService: stats => 1688505143082,-125488,4278
07-04 23:12:23.191 17889 17984 I BatteryMgr:DataCollectionService: stats => 1688505143190,-125488,4278
07-04 23:12:23.308 17889 17984 I BatteryMgr:DataCollectionService: stats => 1688505143308,-213867,4278
07-04 23:12:23.423 17889 17984 I BatteryMgr:DataCollectionService: stats => 1688505143422,-213867,4278
07-04 23:12:23.532 17889 17984 I BatteryMgr:DataCollectionService: stats => 1688505143531,-213867,4278
07-04 23:12:23.639 17889 17984 I BatteryMgr:DataCollectionService: stats => 1688505143639,-213867,4278
07-04 23:12:23.750 17889 17984 I BatteryMgr:DataCollectionService: stats => 1688505143750,-213867,4278
07-04 23:12:23.866 17889 17984 I BatteryMgr:DataCollectionService: stats => 1688505143866,-213867,4278
07-04 23:12:23.982 17889 17984 I BatteryMgr:DataCollectionService: stats => 1688505143982,-213867,4278
07-04 23:12:24.111 17889 17984 I BatteryMgr:DataCollectionService: stats => 1688505144111,-213867,4278
07-04 23:12:24.219 17889 17984 I BatteryMgr:DataCollectionService: stats => 1688505144218,-213867,4278
07-04 23:12:24.326 17889 17984 I BatteryMgr:DataCollectionService: stats => 1688505144326,-213867,4278
07-04 23:12:24.438 17889 17984 I BatteryMgr:DataCollectionService: stats => 1688505144438,-213867,4278
07-04 23:12:24.549 17889 17984 I BatteryMgr:DataCollectionService: stats => 1688505144549,-213867,4278
07-04 23:12:24.662 17889 17984 I BatteryMgr:DataCollectionService: stats => 1688505144662,-213867,4278
07-04 23:12:24.777 17889 17984 I BatteryMgr:DataCollectionService: stats => 1688505144777,-137695,4278
07-04 23:12:24.892 17889 17984 I BatteryMgr:DataCollectionService: stats => 1688505144891,-137695,4278
07-04 23:12:25.004 17889 17984 I BatteryMgr:DataCollectionService: stats => 1688505145004,-137695,4278
07-04 23:12:25.118 17889 17984 I BatteryMgr:DataCollectionService: stats => 1688505145117,-137695,4278
07-04 23:12:25.225 17889 17984 I BatteryMgr:DataCollectionService: stats => 1688505145224,-137695,4278
07-04 23:12:25.332 17889 17984 I BatteryMgr:DataCollectionService: stats => 1688505145332,-137695,4278
07-04 23:12:25.437 17889 17984 I BatteryMgr:DataCollectionService: stats => 1688505145437,-137695,4278
07-04 23:12:25.550 17889 17984 I BatteryMgr:DataCollectionService: stats => 1688505145550,-137695,4278
07-04 23:12:25.666 17889 17984 I BatteryMgr:DataCollectionService: stats => 1688505145666,-137695,4278
07-04 23:12:25.778 17889 17984 I BatteryMgr:DataCollectionService: stats => 1688505145778,-137695,4278
07-04 23:12:25.892 17889 17984 I BatteryMgr:DataCollectionService: stats => 1688505145892,-137695,4278
07-04 23:12:26.011 17889 17984 I BatteryMgr:DataCollectionService: stats => 1688505146011,-137695,4278
07-04 23:12:26.129 17889 17984 I BatteryMgr:DataCollectionService: stats => 1688505146129,-137695,4278
07-04 23:12:26.240 17889 17984 I BatteryMgr:DataCollectionService: stats => 1688505146240,-125976,4278
07-04 23:12:26.355 17889 17984 I BatteryMgr:DataCollectionService: stats => 1688505146355,-125976,4278
07-04 23:12:26.469 17889 17984 I BatteryMgr:DataCollectionService: stats => 1688505146468,-125976,4278
07-04 23:12:26.579 17889 17984 I BatteryMgr:DataCollectionService: stats => 1688505146579,-125976,4278
07-04 23:12:26.690 17889 17984 I BatteryMgr:DataCollectionService: stats => 1688505146690,-125976,4278
07-04 23:12:26.806 17889 17984 I BatteryMgr:DataCollectionService: stats => 1688505146806,-125976,4278
07-04 23:12:26.922 17889 17984 I BatteryMgr:DataCollectionService: stats => 1688505146922,-125976,4278
07-04 23:12:27.033 17889 17984 I BatteryMgr:DataCollectionService: stats => 1688505147032,-125976,4278
07-04 23:12:27.149 17889 17984 I BatteryMgr:DataCollectionService: stats => 1688505147149,-125976,4278
07-04 23:12:27.265 17889 17984 I BatteryMgr:DataCollectionService: stats => 1688505147265,-125976,4278
07-04 23:12:27.377 17889 17984 I BatteryMgr:DataCollectionService: stats => 1688505147377,-125976,4278
07-04 23:12:27.492 17889 17984 I BatteryMgr:DataCollectionService: stats => 1688505147492,-125976,4278
07-04 23:12:27.600 17889 17984 I BatteryMgr:DataCollectionService: stats => 1688505147600,-125976,4278
07-04 23:12:27.711 17889 17984 I BatteryMgr:DataCollectionService: stats => 1688505147711,-189453,4278
07-04 23:12:27.820 17889 17984 I BatteryMgr:DataCollectionService: stats => 1688505147819,-189453,4278
07-04 23:12:27.929 17889 17984 I BatteryMgr:DataCollectionService: stats => 1688505147929,-189453,4278
07-04 23:12:28.038 17889 17984 I BatteryMgr:DataCollectionService: stats => 1688505148038,-189453,4278
07-04 23:12:28.154 17889 17984 I BatteryMgr:DataCollectionService: stats => 1688505148154,-189453,4278
07-04 23:12:28.269 17889 17984 I BatteryMgr:DataCollectionService: stats => 1688505148269,-189453,4278
07-04 23:12:28.385 17889 17984 I BatteryMgr:DataCollectionService: stats => 1688505148385,-189453,4278
07-04 23:12:28.502 17889 17984 I BatteryMgr:DataCollectionService: stats => 1688505148501,-189453,4278
07-04 23:12:28.615 17889 17984 I BatteryMgr:DataCollectionService: stats => 1688505148615,-189453,4278
07-04 23:12:28.723 17889 17984 I BatteryMgr:DataCollectionService: stats => 1688505148723,-189453,4278
07-04 23:12:28.830 17889 17984 I BatteryMgr:DataCollectionService: stats => 1688505148830,-189453,4278
07-04 23:12:28.941 17889 17984 I BatteryMgr:DataCollectionService: stats => 1688505148941,-189453,4278
07-04 23:12:29.049 17889 17984 I BatteryMgr:DataCollectionService: stats => 1688505149049,-189453,4278
07-04 23:12:29.157 17889 17984 I BatteryMgr:DataCollectionService: stats => 1688505149157,-146972,4278
07-04 23:12:29.266 17889 17984 I BatteryMgr:DataCollectionService: stats => 1688505149266,-146972,4278
07-04 23:12:29.375 17889 17984 I BatteryMgr:DataCollectionService: stats => 1688505149375,-146972,4278
07-04 23:12:29.486 17889 17984 I BatteryMgr:DataCollectionService: stats => 1688505149486,-146972,4278
07-04 23:12:29.605 17889 17984 I BatteryMgr:DataCollectionService: stats => 1688505149605,-146972,4278
07-04 23:12:29.719 17889 17984 I BatteryMgr:DataCollectionService: stats => 1688505149718,-146972,4278
07-04 23:12:29.827 17889 17984 I BatteryMgr:DataCollectionService: stats => 1688505149827,-146972,4278
07-04 23:12:29.935 17889 17984 I BatteryMgr:DataCollectionService: stats => 1688505149935,-146972,4278
07-04 23:12:30.049 17889 17984 I BatteryMgr:DataCollectionService: stats => 1688505150049,-146972,4278
07-04 23:12:30.165 17889 17984 I BatteryMgr:DataCollectionService: stats => 1688505150165,-146972,4278
07-04 23:12:30.277 17889 17984 I BatteryMgr:DataCollectionService: stats => 1688505150277,-146972,4278
07-04 23:12:30.385 17889 17984 I BatteryMgr:DataCollectionService: stats => 1688505150385,-146972,4278
07-04 23:12:30.498 17889 17984 I BatteryMgr:DataCollectionService: stats => 1688505150497,-146972,4278
07-04 23:12:30.615 17889 17984 I BatteryMgr:DataCollectionService: stats => 1688505150614,-125488,4278
07-04 23:12:30.741 17889 17984 I BatteryMgr:DataCollectionService: stats => 1688505150740,-125488,4278
07-04 23:12:30.855 17889 17984 I BatteryMgr:DataCollectionService: stats => 1688505150855,-125488,4278
07-04 23:12:30.963 17889 17984 I BatteryMgr:DataCollectionService: stats => 1688505150962,-125488,4278
07-04 23:12:31.071 17889 17984 I BatteryMgr:DataCollectionService: stats => 1688505151070,-125488,4278
07-04 23:12:31.182 17889 17984 I BatteryMgr:DataCollectionService: stats => 1688505151182,-125488,4278
07-04 23:12:31.296 17889 17984 I BatteryMgr:DataCollectionService: stats => 1688505151296,-125488,4278
07-04 23:12:31.404 17889 17984 I BatteryMgr:DataCollectionService: stats => 1688505151404,-125488,4278
07-04 23:12:31.520 17889 17984 I BatteryMgr:DataCollectionService: stats => 1688505151520,-125488,4278
07-04 23:12:31.632 17889 17984 I BatteryMgr:DataCollectionService: stats => 1688505151631,-125488,4278
07-04 23:12:31.746 17889 17984 I BatteryMgr:DataCollectionService: stats => 1688505151745,-125488,4278
07-04 23:12:31.858 17889 17984 I BatteryMgr:DataCollectionService: stats => 1688505151858,-125488,4278
07-04 23:12:31.969 17889 17984 I BatteryMgr:DataCollectionService: stats => 1688505151969,-125488,4278
07-04 23:12:32.076 17889 17984 I BatteryMgr:DataCollectionService: stats => 1688505152076,-146972,4278
07-04 23:12:32.186 17889 17984 I BatteryMgr:DataCollectionService: stats => 1688505152186,-146972,4278
07-04 23:12:32.300 17889 17984 I BatteryMgr:DataCollectionService: stats => 1688505152300,-146972,4278
07-04 23:12:32.417 17889 17984 I BatteryMgr:DataCollectionService: stats => 1688505152416,-146972,4278
07-04 23:12:32.526 17889 17984 I BatteryMgr:DataCollectionService: stats => 1688505152525,-146972,4278
07-04 23:12:32.634 17889 17984 I BatteryMgr:DataCollectionService: stats => 1688505152634,-146972,4278
07-04 23:12:32.740 17889 17984 I BatteryMgr:DataCollectionService: stats => 1688505152740,-146972,4278
07-04 23:12:32.847 17889 17984 I BatteryMgr:DataCollectionService: stats => 1688505152847,-146972,4278
07-04 23:12:32.962 17889 17984 I BatteryMgr:DataCollectionService: stats => 1688505152961,-146972,4278
07-04 23:12:33.080 17889 17984 I BatteryMgr:DataCollectionService: stats => 1688505153080,-146972,4278
07-04 23:12:33.187 17889 17984 I BatteryMgr:DataCollectionService: stats => 1688505153187,-146972,4278
07-04 23:12:33.295 17889 17984 I BatteryMgr:DataCollectionService: stats => 1688505153295,-146972,4278
07-04 23:12:33.408 17889 17984 I BatteryMgr:DataCollectionService: stats => 1688505153407,-146972,4278
07-04 23:12:33.520 17889 17984 I BatteryMgr:DataCollectionService: stats => 1688505153519,-146972,4278
07-04 23:12:33.632 17889 17984 I BatteryMgr:DataCollectionService: stats => 1688505153632,-141601,4278
07-04 23:12:33.743 17889 17984 I BatteryMgr:DataCollectionService: stats => 1688505153743,-141601,4278
07-04 23:12:33.867 17889 17984 I BatteryMgr:DataCollectionService: stats => 1688505153867,-141601,4278
07-04 23:12:33.981 17889 17984 I BatteryMgr:DataCollectionService: stats => 1688505153980,-141601,4278
07-04 23:12:34.094 17889 17984 I BatteryMgr:DataCollectionService: stats => 1688505154094,-141601,4278
07-04 23:12:34.205 17889 17984 I BatteryMgr:DataCollectionService: stats => 1688505154205,-141601,4278
07-04 23:12:34.249  1233  1233 W /system/vendor/bin/ipacm: type=1400 audit(0.0:228076): avc: denied { write } for comm=6E65746C696E6B20736F636B6574 name="ipacm_log_file" dev="tmpfs" ino=27039 scontext=u:r:ipacm:s0 tcontext=u:object_r:ipacm_socket:s0 tclass=sock_file permissive=0
07-04 23:12:34.249  1233  1233 I chatty  : uid=1001(radio) /system/vendor/bin/ipacm identical 1 line
07-04 23:12:34.249  1233  1233 W /system/vendor/bin/ipacm: type=1400 audit(0.0:228078): avc: denied { write } for comm=6E65746C696E6B20736F636B6574 name="ipacm_log_file" dev="tmpfs" ino=27039 scontext=u:r:ipacm:s0 tcontext=u:object_r:ipacm_socket:s0 tclass=sock_file permissive=0
07-04 23:12:34.249  1233  1233 W ipacm   : type=1400 audit(0.0:228079): avc: denied { write } for name="ipacm_log_file" dev="tmpfs" ino=27039 scontext=u:r:ipacm:s0 tcontext=u:object_r:ipacm_socket:s0 tclass=sock_file permissive=0
07-04 23:12:34.249  1233  1233 W ipacm   : type=1400 audit(0.0:228080): avc: denied { write } for name="ipacm_log_file" dev="tmpfs" ino=27039 scontext=u:r:ipacm:s0 tcontext=u:object_r:ipacm_socket:s0 tclass=sock_file permissive=0
07-04 23:12:34.315 17889 17984 I BatteryMgr:DataCollectionService: stats => 1688505154315,-141601,4278
07-04 23:12:34.421 17889 17984 I BatteryMgr:DataCollectionService: stats => 1688505154421,-141601,4278
07-04 23:12:34.532 17889 17984 I BatteryMgr:DataCollectionService: stats => 1688505154531,-141601,4278
07-04 23:12:34.640 17889 17984 I BatteryMgr:DataCollectionService: stats => 1688505154639,-141601,4278
07-04 23:12:34.751 17889 17984 I BatteryMgr:DataCollectionService: stats => 1688505154751,-141601,4278
07-04 23:12:34.864 17889 17984 I BatteryMgr:DataCollectionService: stats => 1688505154864,-141601,4278
07-04 23:12:34.976 17889 17984 I BatteryMgr:DataCollectionService: stats => 1688505154976,-141601,4278
07-04 23:12:35.086 17889 17984 I BatteryMgr:DataCollectionService: stats => 1688505155086,-144531,4278
07-04 23:12:35.205 17889 17984 I BatteryMgr:DataCollectionService: stats => 1688505155204,-144531,4278
07-04 23:12:35.317 17889 17984 I BatteryMgr:DataCollectionService: stats => 1688505155317,-144531,4278
07-04 23:12:35.428 17889 17984 I BatteryMgr:DataCollectionService: stats => 1688505155428,-144531,4278
07-04 23:12:35.536 17889 17984 I BatteryMgr:DataCollectionService: stats => 1688505155536,-144531,4278
07-04 23:12:35.647 17889 17984 I BatteryMgr:DataCollectionService: stats => 1688505155647,-144531,4278
07-04 23:12:35.760 17889 17984 I BatteryMgr:DataCollectionService: stats => 1688505155760,-144531,4278
07-04 23:12:35.874 17889 17984 I BatteryMgr:DataCollectionService: stats => 1688505155873,-144531,4278
07-04 23:12:35.985 17889 17984 I BatteryMgr:DataCollectionService: stats => 1688505155985,-144531,4278
07-04 23:12:36.100 17889 17984 I BatteryMgr:DataCollectionService: stats => 1688505156100,-144531,4278
07-04 23:12:36.212 17889 17984 I BatteryMgr:DataCollectionService: stats => 1688505156212,-144531,4278
07-04 23:12:36.326 17889 17984 I BatteryMgr:DataCollectionService: stats => 1688505156325,-144531,4278
07-04 23:12:36.440 17889 17984 I BatteryMgr:DataCollectionService: stats => 1688505156439,-144531,4278
07-04 23:12:36.548 17889 17984 I BatteryMgr:DataCollectionService: stats => 1688505156548,-129882,4278
07-04 23:12:36.656 17889 17984 I BatteryMgr:DataCollectionService: stats => 1688505156656,-129882,4278
07-04 23:12:36.769 17889 17984 I BatteryMgr:DataCollectionService: stats => 1688505156769,-129882,4278
07-04 23:12:36.880 17889 17984 I BatteryMgr:DataCollectionService: stats => 1688505156880,-129882,4278
07-04 23:12:37.005 17889 17984 I BatteryMgr:DataCollectionService: stats => 1688505157004,-129882,4278
07-04 23:12:37.118 17889 17984 I BatteryMgr:DataCollectionService: stats => 1688505157118,-129882,4278
07-04 23:12:37.231 17889 17984 I BatteryMgr:DataCollectionService: stats => 1688505157231,-129882,4278
07-04 23:12:37.338 17889 17984 I BatteryMgr:DataCollectionService: stats => 1688505157338,-129882,4278
07-04 23:12:37.447 17889 17984 I BatteryMgr:DataCollectionService: stats => 1688505157447,-129882,4278
07-04 23:12:37.557 17889 17984 I BatteryMgr:DataCollectionService: stats => 1688505157557,-129882,4278
07-04 23:12:37.665 17889 17984 I BatteryMgr:DataCollectionService: stats => 1688505157665,-129882,4278
07-04 23:12:37.773 17889 17984 I BatteryMgr:DataCollectionService: stats => 1688505157773,-129882,4278
07-04 23:12:37.882 17889 17984 I BatteryMgr:DataCollectionService: stats => 1688505157882,-129882,4278
07-04 23:12:37.993 17889 17984 I BatteryMgr:DataCollectionService: stats => 1688505157993,-183593,4278
07-04 23:12:38.111 17889 17984 I BatteryMgr:DataCollectionService: stats => 1688505158111,-183593,4278
07-04 23:12:38.222 17889 17984 I BatteryMgr:DataCollectionService: stats => 1688505158221,-183593,4278
07-04 23:12:38.335 17889 17984 I BatteryMgr:DataCollectionService: stats => 1688505158335,-183593,4278
07-04 23:12:38.446 17889 17984 I BatteryMgr:DataCollectionService: stats => 1688505158446,-183593,4278
07-04 23:12:38.560 17889 17984 I BatteryMgr:DataCollectionService: stats => 1688505158560,-183593,4278
07-04 23:12:38.675 17889 17984 I BatteryMgr:DataCollectionService: stats => 1688505158675,-183593,4278
07-04 23:12:38.782 17889 17984 I BatteryMgr:DataCollectionService: stats => 1688505158782,-183593,4278
07-04 23:12:38.890 17889 17984 I BatteryMgr:DataCollectionService: stats => 1688505158890,-183593,4278
07-04 23:12:38.997 17889 17984 I BatteryMgr:DataCollectionService: stats => 1688505158997,-183593,4278
07-04 23:12:39.111 17889 17984 I BatteryMgr:DataCollectionService: stats => 1688505159110,-183593,4278
07-04 23:12:39.222 17889 17984 I BatteryMgr:DataCollectionService: stats => 1688505159222,-183593,4278
07-04 23:12:39.269  1233  1233 W /system/vendor/bin/ipacm: type=1400 audit(0.0:228111): avc: denied { write } for comm=6E65746C696E6B20736F636B6574 name="ipacm_log_file" dev="tmpfs" ino=27039 scontext=u:r:ipacm:s0 tcontext=u:object_r:ipacm_socket:s0 tclass=sock_file permissive=0
07-04 23:12:39.269  1233  1233 I chatty  : uid=1001(radio) /system/vendor/bin/ipacm identical 1 line
07-04 23:12:39.269  1233  1233 W /system/vendor/bin/ipacm: type=1400 audit(0.0:228113): avc: denied { write } for comm=6E65746C696E6B20736F636B6574 name="ipacm_log_file" dev="tmpfs" ino=27039 scontext=u:r:ipacm:s0 tcontext=u:object_r:ipacm_socket:s0 tclass=sock_file permissive=0
07-04 23:12:39.269  1233  1233 W ipacm   : type=1400 audit(0.0:228114): avc: denied { write } for name="ipacm_log_file" dev="tmpfs" ino=27039 scontext=u:r:ipacm:s0 tcontext=u:object_r:ipacm_socket:s0 tclass=sock_file permissive=0
07-04 23:12:39.269  1233  1233 W ipacm   : type=1400 audit(0.0:228115): avc: denied { write } for name="ipacm_log_file" dev="tmpfs" ino=27039 scontext=u:r:ipacm:s0 tcontext=u:object_r:ipacm_socket:s0 tclass=sock_file permissive=0
07-04 23:12:39.329 17889 17984 I BatteryMgr:DataCollectionService: stats => 1688505159329,-183593,4278
07-04 23:12:39.438 17889 17984 I BatteryMgr:DataCollectionService: stats => 1688505159438,-213867,4278
07-04 23:12:39.550 17889 17984 I BatteryMgr:DataCollectionService: stats => 1688505159550,-213867,4278
07-04 23:12:39.661 17889 17984 I BatteryMgr:DataCollectionService: stats => 1688505159660,-213867,4278
07-04 23:12:39.776 17889 17984 I BatteryMgr:DataCollectionService: stats => 1688505159776,-213867,4278
07-04 23:12:39.891 17889 17984 I BatteryMgr:DataCollectionService: stats => 1688505159890,-213867,4278
07-04 23:12:39.999 17889 17984 I BatteryMgr:DataCollectionService: stats => 1688505159999,-213867,4278
07-04 23:12:40.110 17889 17984 I BatteryMgr:DataCollectionService: stats => 1688505160109,-213867,4278
07-04 23:12:40.219 17889 17984 I BatteryMgr:DataCollectionService: stats => 1688505160219,-213867,4278
07-04 23:12:40.334 17889 17984 I BatteryMgr:DataCollectionService: stats => 1688505160334,-213867,4278
07-04 23:12:40.446 17889 17984 I BatteryMgr:DataCollectionService: stats => 1688505160445,-213867,4278
07-04 23:12:40.561 17889 17984 I BatteryMgr:DataCollectionService: stats => 1688505160561,-213867,4278
07-04 23:12:40.672 17889 17984 I BatteryMgr:DataCollectionService: stats => 1688505160672,-213867,4278
07-04 23:12:40.787 17889 17984 I BatteryMgr:DataCollectionService: stats => 1688505160787,-213867,4278
07-04 23:12:40.903 17889 17984 I BatteryMgr:DataCollectionService: stats => 1688505160903,-122558,4278
07-04 23:12:41.015 17889 17984 I BatteryMgr:DataCollectionService: stats => 1688505161015,-122558,4278
07-04 23:12:41.125 17889 17984 I BatteryMgr:DataCollectionService: stats => 1688505161125,-122558,4278
07-04 23:12:41.234 17889 17984 I BatteryMgr:DataCollectionService: stats => 1688505161234,-122558,4278
07-04 23:12:41.347 17889 17984 I BatteryMgr:DataCollectionService: stats => 1688505161347,-122558,4278
07-04 23:12:41.458 17889 17984 I BatteryMgr:DataCollectionService: stats => 1688505161458,-122558,4278
07-04 23:12:41.574 17889 17984 I BatteryMgr:DataCollectionService: stats => 1688505161574,-122558,4278
07-04 23:12:41.685 17889 17984 I BatteryMgr:DataCollectionService: stats => 1688505161685,-122558,4278
07-04 23:12:41.800 17889 17984 I BatteryMgr:DataCollectionService: stats => 1688505161799,-122558,4278
07-04 23:12:41.916 17889 17984 I BatteryMgr:DataCollectionService: stats => 1688505161916,-122558,4278
07-04 23:12:42.027 17889 17984 I BatteryMgr:DataCollectionService: stats => 1688505162027,-122558,4278
07-04 23:12:42.141 17889 17984 I BatteryMgr:DataCollectionService: stats => 1688505162141,-122558,4278
07-04 23:12:42.250 17889 17984 I BatteryMgr:DataCollectionService: stats => 1688505162250,-122558,4278
07-04 23:12:42.356 17889 17984 I BatteryMgr:DataCollectionService: stats => 1688505162356,-122558,4278
07-04 23:12:42.464 17889 17984 I BatteryMgr:DataCollectionService: stats => 1688505162464,-219726,4278
07-04 23:12:42.575 17889 17984 I BatteryMgr:DataCollectionService: stats => 1688505162574,-219726,4278
07-04 23:12:42.688 17889 17984 I BatteryMgr:DataCollectionService: stats => 1688505162687,-219726,4278
07-04 23:12:42.799 17889 17984 I BatteryMgr:DataCollectionService: stats => 1688505162798,-219726,4278
07-04 23:12:42.910 17889 17984 I BatteryMgr:DataCollectionService: stats => 1688505162910,-219726,4278
07-04 23:12:43.021 17889 17984 I BatteryMgr:DataCollectionService: stats => 1688505163021,-219726,4278
07-04 23:12:43.136 17889 17984 I BatteryMgr:DataCollectionService: stats => 1688505163135,-219726,4278
07-04 23:12:43.246 17889 17984 I BatteryMgr:DataCollectionService: stats => 1688505163246,-219726,4278
07-04 23:12:43.355 17889 17984 I BatteryMgr:DataCollectionService: stats => 1688505163355,-219726,4278
07-04 23:12:43.461 17889 17984 I BatteryMgr:DataCollectionService: stats => 1688505163461,-219726,4278
07-04 23:12:43.571 17889 17984 I BatteryMgr:DataCollectionService: stats => 1688505163571,-219726,4278
07-04 23:12:43.682 17889 17984 I BatteryMgr:DataCollectionService: stats => 1688505163682,-219726,4278
07-04 23:12:43.788 17889 17984 I BatteryMgr:DataCollectionService: stats => 1688505163788,-219726,4278
07-04 23:12:43.895 17889 17984 I BatteryMgr:DataCollectionService: stats => 1688505163895,-132812,4278
07-04 23:12:44.002 17889 17984 I BatteryMgr:DataCollectionService: stats => 1688505164002,-132812,4278
07-04 23:12:44.112 17889 17984 I BatteryMgr:DataCollectionService: stats => 1688505164112,-132812,4278
07-04 23:12:44.224 17889 17984 I BatteryMgr:DataCollectionService: stats => 1688505164224,-132812,4278
07-04 23:12:44.335 17889 17984 I BatteryMgr:DataCollectionService: stats => 1688505164335,-132812,4278
07-04 23:12:44.444 17889 17984 I BatteryMgr:DataCollectionService: stats => 1688505164444,-132812,4278
07-04 23:12:44.552 17889 17984 I BatteryMgr:DataCollectionService: stats => 1688505164552,-132812,4278
07-04 23:12:44.662 17889 17984 I BatteryMgr:DataCollectionService: stats => 1688505164662,-132812,4278
07-04 23:12:44.777 17889 17984 I BatteryMgr:DataCollectionService: stats => 1688505164776,-132812,4278
07-04 23:12:44.888 17889 17984 I BatteryMgr:DataCollectionService: stats => 1688505164887,-132812,4278
07-04 23:12:44.996 17889 17984 I BatteryMgr:DataCollectionService: stats => 1688505164996,-132812,4278
07-04 23:12:45.102 17889 17984 I BatteryMgr:DataCollectionService: stats => 1688505165102,-132812,4278
07-04 23:12:45.212 17889 17984 I BatteryMgr:DataCollectionService: stats => 1688505165212,-132812,4278
07-04 23:12:45.321 17889 17984 I BatteryMgr:DataCollectionService: stats => 1688505165321,-132812,4278
07-04 23:12:45.432 17889 17984 I BatteryMgr:DataCollectionService: stats => 1688505165431,-146484,4278
07-04 23:12:45.544 17889 17984 I BatteryMgr:DataCollectionService: stats => 1688505165544,-146484,4278
07-04 23:12:45.651 17889 17984 I BatteryMgr:DataCollectionService: stats => 1688505165650,-146484,4278
07-04 23:12:45.759 17889 17984 I BatteryMgr:DataCollectionService: stats => 1688505165758,-146484,4278
07-04 23:12:45.865 17889 17984 I BatteryMgr:DataCollectionService: stats => 1688505165865,-146484,4278
07-04 23:12:45.981 17889 17984 I BatteryMgr:DataCollectionService: stats => 1688505165981,-146484,4278
07-04 23:12:46.099 17889 17984 I BatteryMgr:DataCollectionService: stats => 1688505166099,-146484,4278
07-04 23:12:46.216 17889 17984 I BatteryMgr:DataCollectionService: stats => 1688505166216,-146484,4278
07-04 23:12:46.331 17889 17984 I BatteryMgr:DataCollectionService: stats => 1688505166330,-146484,4278
07-04 23:12:46.442 17889 17984 I BatteryMgr:DataCollectionService: stats => 1688505166441,-146484,4278
07-04 23:12:46.555 17889 17984 I BatteryMgr:DataCollectionService: stats => 1688505166555,-146484,4278
07-04 23:12:46.661 17889 17984 I BatteryMgr:DataCollectionService: stats => 1688505166661,-146484,4278
07-04 23:12:46.769 17889 17984 I BatteryMgr:DataCollectionService: stats => 1688505166769,-146484,4278
07-04 23:12:46.879 17889 17984 I BatteryMgr:DataCollectionService: stats => 1688505166879,-208984,4278
07-04 23:12:46.986 17889 17984 I BatteryMgr:DataCollectionService: stats => 1688505166986,-208984,4278
07-04 23:12:47.097 17889 17984 I BatteryMgr:DataCollectionService: stats => 1688505167096,-208984,4278
07-04 23:12:47.202 17889 17984 I BatteryMgr:DataCollectionService: stats => 1688505167202,-208984,4278
07-04 23:12:47.307 17889 17984 I BatteryMgr:DataCollectionService: stats => 1688505167307,-208984,4278
07-04 23:12:47.383 18015 18017 I cmd     : oneway function results will be dropped but finished with status OK and parcel size 4
07-04 23:12:47.729  1726  4987 I ActivityManager: Force stopping e.www.gravitytest appid=10227 user=0: from pid 18031
07-04 23:12:47.731  1726  4987 I ActivityManager: Killing 17935:e.www.gravitytest/u0a227 (adj 0): stop e.www.gravitytest due to from pid 18031
07-04 23:12:47.733  1726  4987 W ActivityTaskManager: Force removing ActivityRecord{47d9ff6 u0 e.www.gravitytest/.MainActivity t1328 f}}: app died, no saved state
07-04 23:12:47.753   978   978 E QMI_FW  : qmi_cci_get_ref: ref count increased 2
07-04 23:12:47.755   916   916 I Zygote  : Process 17935 exited due to signal 9 (Killed)
07-04 23:12:47.773  3449  3449 E PhoneInterfaceManager: [PhoneIntfMgr] getCarrierPackageNamesForIntentAndPhone: No UICC
07-04 23:12:47.773  1726  1913 W ActivityManager: setHasOverlayUi called on unknown pid: 17935
07-04 23:12:47.773  3449  3449 D CarrierSvcBindHelper: No carrier app for: 0
07-04 23:12:47.774  3449  3449 E PhoneInterfaceManager: [PhoneIntfMgr] getCarrierPackageNamesForIntentAndPhone: No UICC
07-04 23:12:47.774  3449  3449 D CarrierSvcBindHelper: No carrier app for: 1
07-04 23:12:47.776  1726  1929 I libprocessgroup: Successfully killed process cgroup uid 10227 pid 17935 in 43ms
07-04 23:12:47.788 17889 17889 V Activity: mLastPackageName-com.example.batterymanager_utility.MainActivity
07-04 23:12:47.799  4261  4261 D RegisteredServicesCache: Others service enabled : ComponentInfo{com.google.android.gms/com.google.android.gms.nearby.mediums.nearfieldcommunication.NfcAdvertisingService}
07-04 23:12:47.799  4261  4261 D RegisteredServicesCache: Others service enabled : ComponentInfo{com.google.android.gms/com.google.android.gms.pay.hce.service.PayHceService}
07-04 23:12:47.799  4261  4261 D RegisteredServicesCache: Others service enabled : ComponentInfo{com.google.android.gms/com.google.android.gms.tapandpay.hce.service.TpHceService}
07-04 23:12:47.799  4261  4261 D RegisteredServicesCache: Others service enabled : ComponentInfo{com.google.android.gms/com.google.android.gms.dck.service.DckNfcApduService}
07-04 23:12:47.801  4261  4261 D AidRoutingManager: Default: 0, aid size: 314
07-04 23:12:47.801  4261  4261 D AidRoutingManager: Default: 2, aid size: 0
07-04 23:12:47.801  4261  4261 D AidRoutingManager: Default: 3, aid size: 0
07-04 23:12:47.802  4261  4261 D AidRoutingManager: Default: 0, aid expected size: 0
07-04 23:12:47.802  4261  4261 D AidRoutingManager: Default: 2, aid expected size: 314
07-04 23:12:47.802  4261  4261 D AidRoutingManager: Default: 3, aid expected size: 314
07-04 23:12:47.803  4261  4261 D RegisteredNfcFServicesCache: Service unchanged, not updating
07-04 23:12:47.834 17889 17889 D PureDisplay: package-com.example.batterymanager_utility DYNAMIC_ORIGINAL_MODE open
07-04 23:12:47.838 25555 25555 D PureDisplay: PureDisplayModeChangeReceiver,hdrMode=1
07-04 23:12:47.840 25555 25555 I android_os_HwBinder: HwBinder: Starting thread pool for getting: vendor.pixelworks.hardware.display@1.0::IIris/default
07-04 23:12:47.841   973  1072 I IrisService: irisConfigureSet(258, 1, 1)
07-04 23:12:47.842 25555 25555 D PureDisplay: --setIrisDisplayHdrMode- mode =1--result = 0
07-04 23:12:47.842 25555 25555 D PureDisplay: PureDisplayModeChangeReceiver,pureDisplayMode=1
07-04 23:12:47.843 25555 25555 D PureDisplay: isDeviceProvisioned=true
07-04 23:12:47.843 25555 25555 D PureDisplay: isUserSetuped=true
07-04 23:12:47.843 25555 25555 D PureDisplay: setOriginalModeEnable()
07-04 23:12:47.845 25555 25555 I android_os_HwBinder: HwBinder: Starting thread pool for getting: vendor.pixelworks.hardware.display@1.0::IIris/default
07-04 23:12:47.845   973  1072 I IrisService: irisConfigureSet(0, 1, 0)
07-04 23:12:47.882 25555 25555 I android_os_HwBinder: HwBinder: Starting thread pool for getting: vendor.pixelworks.hardware.display@1.0::IIris/default
07-04 23:12:47.887   973  1072 I IrisService: irisConfigureSet(41, 1, 0)
07-04 23:12:47.889 25555 25555 I android_os_HwBinder: HwBinder: Starting thread pool for getting: vendor.pixelworks.hardware.display@1.0::IIris/default
07-04 23:12:47.890   973  1072 I IrisService: irisConfigureSet(42, 1, 0)
07-04 23:12:47.905 25555 25555 I android_os_HwBinder: HwBinder: Starting thread pool for getting: vendor.pixelworks.hardware.display@1.0::IIris/default
07-04 23:12:47.905   973  1072 I IrisService: irisConfigureSet(40, 1, 0)
07-04 23:12:47.918 10241 10241 I GoogleInputMethodService: GoogleInputMethodService.onFinishInput():3306 
07-04 23:12:47.921 10241 10241 I GoogleInputMethodService: GoogleInputMethodService.updateDeviceLockedStatus():2127 repeatCheckTimes = 0, locked = false
07-04 23:12:47.921 10241 10241 I GoogleInputMethodService: GoogleInputMethodService.onStartInput():1909 onStartInput(EditorInfo{inputType=0x0(NULL) imeOptions=0x0 privateImeOptions=null actionName=UNSPECIFIED actionLabel=null actionId=0 initialSelStart=-1 initialSelEnd=-1 initialCapsMode=0x0 hintText=null label=null packageName=com.example.batterymanager_utility fieldId=-1 fieldName=null extras=null hintLocales=[]}, false)
07-04 23:12:47.923 10241 10241 I GoogleInputMethodService: GoogleInputMethodService.shouldHideHeaderOnInitialState():1990 ShouldHideHeaderOnInitialState = false
07-04 23:12:47.924 10241 10241 I GoogleInputMethodService: GoogleInputMethodService.updateDeviceLockedStatus():2127 repeatCheckTimes = 1, locked = false
07-04 23:12:47.932 25555 25555 I android_os_HwBinder: HwBinder: Starting thread pool for getting: vendor.pixelworks.hardware.display@1.0::IIris/default
07-04 23:12:47.934   973  1072 I IrisService: irisConfigureSet(36, 1, 0)
07-04 23:12:47.966 25555 25555 D PureDisplay: getWhiteBalanceAutoMode()0
07-04 23:12:47.968 25555 25555 I android_os_HwBinder: HwBinder: Starting thread pool for getting: vendor.pixelworks.hardware.display@1.0::IIris/default
07-04 23:12:47.969   973   973 I IrisService: irisConfigureSet(39, 1, 1)
07-04 23:12:48.003 25555 25555 I android_os_HwBinder: HwBinder: Starting thread pool for getting: vendor.pixelworks.hardware.display@1.0::IIris/default
07-04 23:12:48.005   973   973 I IrisService: irisConfigureSet(264, 1, 0)
07-04 23:12:48.005 25555 25555 D PureDisplay: PureDisplayModeChangeReceiver,lastclass=com.example.batterymanager_utility.MainActivity
07-04 23:12:48.009 25555 25555 D PureDisplay: PureDisplayModeChangeReceiver,lastpackage=com.example.batterymanager_utility
07-04 23:12:48.011 25555 25555 D PureDisplay: PureDisplayModeChangeReceiver,lastpackage_resume=1
07-04 23:12:51.222  1726  4987 I ActivityManager: Force stopping com.example.batterymanager_utility appid=10200 user=0: from pid 18041
07-04 23:12:51.222  1726  4987 I ActivityManager: Killing 17889:com.example.batterymanager_utility/u0a200 (adj 0): stop com.example.batterymanager_utility due to from pid 18041
07-04 23:12:51.225  1726  4987 W ActivityTaskManager: Force removing ActivityRecord{872e70d u0 com.example.batterymanager_utility/.MainActivity t1327 f}}: app died, no saved state
07-04 23:12:51.255   916   916 I Zygote  : Process 17889 exited due to signal 9 (Killed)
07-04 23:12:51.273  1726  1929 I libprocessgroup: Successfully killed process cgroup uid 10200 pid 17889 in 50ms
07-04 23:12:51.276  1726  2718 E ANDR-PERF-JNI: UXEngine Trigger - Returning null
07-04 23:12:51.278  3449  3449 E PhoneInterfaceManager: [PhoneIntfMgr] getCarrierPackageNamesForIntentAndPhone: No UICC
07-04 23:12:51.278  3449  3449 D CarrierSvcBindHelper: No carrier app for: 0
07-04 23:12:51.281  3449  3449 E PhoneInterfaceManager: [PhoneIntfMgr] getCarrierPackageNamesForIntentAndPhone: No UICC
07-04 23:12:51.281  3449  3449 D CarrierSvcBindHelper: No carrier app for: 1
07-04 23:12:51.283  1726  1913 W ActivityManager: setHasOverlayUi called on unknown pid: 17889
07-04 23:12:51.287  4180  4180 I A       : onStart
07-04 23:12:51.308  1726  3273 D CompatibilityInfo: mCompatibilityFlags - 0
07-04 23:12:51.308  1726  3273 D CompatibilityInfo: applicationDensity - 420
07-04 23:12:51.308  1726  3273 D CompatibilityInfo: applicationScale - 1.0
07-04 23:12:51.308  4261  4261 D RegisteredServicesCache: Others service enabled : ComponentInfo{com.google.android.gms/com.google.android.gms.nearby.mediums.nearfieldcommunication.NfcAdvertisingService}
07-04 23:12:51.309  4261  4261 D RegisteredServicesCache: Others service enabled : ComponentInfo{com.google.android.gms/com.google.android.gms.pay.hce.service.PayHceService}
07-04 23:12:51.309  4261  4261 D RegisteredServicesCache: Others service enabled : ComponentInfo{com.google.android.gms/com.google.android.gms.tapandpay.hce.service.TpHceService}
07-04 23:12:51.309  4261  4261 D RegisteredServicesCache: Others service enabled : ComponentInfo{com.google.android.gms/com.google.android.gms.dck.service.DckNfcApduService}
07-04 23:12:51.312 24715 24715 D BoundBrokerSvc: onBind: Intent { act=com.google.android.gms.inappreach.service.START dat=chimera-action: cmp=com.google.android.gms/.chimera.GmsApiService }
07-04 23:12:51.312  4261  4261 D AidRoutingManager: Default: 0, aid size: 314
07-04 23:12:51.312 24715 24715 D BoundBrokerSvc: Loading bound service for intent: Intent { act=com.google.android.gms.inappreach.service.START dat=chimera-action: cmp=com.google.android.gms/.chimera.GmsApiService }
07-04 23:12:51.312  4261  4261 D AidRoutingManager: Default: 2, aid size: 0
07-04 23:12:51.312  4261  4261 D AidRoutingManager: Default: 3, aid size: 0
07-04 23:12:51.312  4261  4261 D AidRoutingManager: Default: 0, aid expected size: 0
07-04 23:12:51.312  4261  4261 D AidRoutingManager: Default: 2, aid expected size: 314
07-04 23:12:51.312  4261  4261 D AidRoutingManager: Default: 3, aid expected size: 314
07-04 23:12:51.314  4261  4261 D RegisteredNfcFServicesCache: Service unchanged, not updating
07-04 23:12:51.332  3196  3196 D PureDisplay: package-com.android.launcher3 DYNAMIC_ORIGINAL_MODE open
07-04 23:12:51.335 25555 25555 D PureDisplay: PureDisplayModeChangeReceiver,hdrMode=1
07-04 23:12:51.336  4180  4180 I A       : onResume
07-04 23:12:51.340 25555 25555 I android_os_HwBinder: HwBinder: Starting thread pool for getting: vendor.pixelworks.hardware.display@1.0::IIris/default
07-04 23:12:51.342   973  1072 I IrisService: irisConfigureSet(258, 1, 1)
07-04 23:12:51.344 25555 25555 D PureDisplay: --setIrisDisplayHdrMode- mode =1--result = 0
07-04 23:12:51.344 25555 25555 D PureDisplay: PureDisplayModeChangeReceiver,pureDisplayMode=1
07-04 23:12:51.346 25555 25555 D PureDisplay: isDeviceProvisioned=true
07-04 23:12:51.346 25555 25555 D PureDisplay: isUserSetuped=true
07-04 23:12:51.346 25555 25555 D PureDisplay: setOriginalModeEnable()
07-04 23:12:51.346  4204  4204 I HdmBroadcastRecvUpd: (REDACTED) received broadcast: %s
07-04 23:12:51.347  4204  4925 I HdmHotwordRequestListen: (REDACTED) received broadcast: %s
07-04 23:12:51.347  4204  4925 I SodaTriggeringFrontend: (REDACTED) #onConfigUpdate. requester: %s
07-04 23:12:51.347  4204  4919 I SodaTriggeringFrontend: #onConfigUpdate inside sequencer
07-04 23:12:51.347  4204  4919 I A       : (REDACTED) Voice Match (Speaker-id) supported : %b 
07-04 23:12:51.347  4204  4919 I A       : (REDACTED) hotword enrollment state is enrolled:  %b, speakerId model exist: %b. Voice Match supported : %b 
07-04 23:12:51.347  4204  4919 I A       : (REDACTED) isHotwordAvailable():  %b, isHotwordEnabled() %b 
07-04 23:12:51.347  4204  4919 I A       : (REDACTED) isHotwordAvailable():  %b, isHotwordEnabled() %b 
07-04 23:12:51.347  4204  4919 I A       : (REDACTED) Hotword enrollment state : %s.
07-04 23:12:51.347  4204  4919 I A       : (REDACTED) Voice Match (Speaker-id) supported : %b 
07-04 23:12:51.348  4204  4919 I A       : (REDACTED) Voice Match (Speaker-id) supported : %b 
07-04 23:12:51.348  4204  4919 I A       : (REDACTED) hotword enrollment state is enrolled:  %b, speakerId model exist: %b, voice match supported : %b
07-04 23:12:51.348  4204  4919 I A       : (REDACTED) Hotword isNonVoiceMatchHotwordEnabled: %b, isHotwordAvailable : %b, isHotwordEnabled : %b, isVoiceMatchSupported: %b, isHotwordEnrolled: %b.
07-04 23:12:51.348  4204  4919 I SodaTriggeringFrontend: (REDACTED) Ignore the legacy hotword request. voice match enabled %b, isHotwordSupported %b, isIncompleteEnrollmentState %b, nonVoiceMatchHotwordEnabled %b
07-04 23:12:51.350 25555 25555 I android_os_HwBinder: HwBinder: Starting thread pool for getting: vendor.pixelworks.hardware.display@1.0::IIris/default
07-04 23:12:51.352   973   973 I IrisService: irisConfigureSet(0, 1, 0)
