--------- beginning of main
07-04 23:00:36.689  1233  1233 W ipacm   : type=1400 audit(0.0:224340): avc: denied { write } for name="ipacm_log_file" dev="tmpfs" ino=27039 scontext=u:r:ipacm:s0 tcontext=u:object_r:ipacm_socket:s0 tclass=sock_file permissive=0
--------- beginning of system
07-04 23:00:38.688  1726  8215 I ActivityTaskManager: zhl stack block_packagename =
07-04 23:00:38.688  1726  8215 I ActivityTaskManager: zhl stack block_activity =
07-04 23:00:38.688  1726  8215 I ActivityTaskManager: zhl mPackage =com.example.batterymanager_utility
07-04 23:00:38.688  1726  8215 I ActivityTaskManager: zhl mClass =MainActivity
07-04 23:00:38.688  1726  8215 I ActivityTaskManager: START u0 {act=android.intent.action.MAIN cat=[android.intent.category.LAUNCHER] flg=0x10000000 cmp=com.example.batterymanager_utility/.MainActivity} from uid 2000
07-04 23:00:38.699  1726  8215 D CompatibilityInfo: mCompatibilityFlags - 0
07-04 23:00:38.699  1726  8215 D CompatibilityInfo: applicationDensity - 420
07-04 23:00:38.699  1726  8215 D CompatibilityInfo: applicationScale - 1.0
07-04 23:00:38.700  1726  8215 D ActivityTrigger: ActivityTrigger activityPauseTrigger 
07-04 23:00:38.704 16408 16411 I cmd     : oneway function results will be dropped but finished with status OK and parcel size 4
07-04 23:00:38.712  1726  1913 W ActivityManager: ProcessRecord{a1dd262 0:com.example.batterymanager_utility/u0a200}: ART verification disabled
07-04 23:00:38.713  1726  1913 D CompatibilityChangeReporter: Compat change id reported: 135634846; UID 10200; state: DISABLED
07-04 23:00:38.713  1726  1926 D CompatibilityChangeReporter: Compat change id reported: 143937733; UID 10200; state: ENABLED
07-04 23:00:38.724   916   916 D Zygote  : Forked child process 16415
07-04 23:00:38.729  1726  1926 I ActivityManager: Start proc 16415:com.example.batterymanager_utility/u0a200 for pre-top-activity {com.example.batterymanager_utility/com.example.batterymanager_utility.MainActivity}
07-04 23:00:38.745 16415 16415 I manager_utilit: Late-enabling -Xcheck:jni
07-04 23:00:38.781 16415 16415 I manager_utilit: Unquickening 18 vdex files!
07-04 23:00:38.791 32728 32736 I adbd    : jdwp connection from 16415
07-04 23:00:38.805  1726  8215 D CompatibilityInfo: mCompatibilityFlags - 0
07-04 23:00:38.805  1726  8215 D CompatibilityInfo: applicationDensity - 420
07-04 23:00:38.805  1726  8215 D CompatibilityInfo: applicationScale - 1.0
07-04 23:00:38.805  4180  4180 I A       : onPause
07-04 23:00:38.808  1726  8215 D CompatibilityInfo: mCompatibilityFlags - 0
07-04 23:00:38.808  1726  8215 D CompatibilityInfo: applicationDensity - 420
07-04 23:00:38.808  1726  8215 D CompatibilityInfo: applicationScale - 1.0
07-04 23:00:38.823  4204  4204 I HdmBroadcastRecvUpd: (REDACTED) received broadcast: %s
07-04 23:00:38.825  4204  4917 I HdmHotwordRequestListen: (REDACTED) received broadcast: %s
07-04 23:00:38.825  4204  4917 I SodaTriggeringFrontend: (REDACTED) #onConfigUpdate. requester: %s
07-04 23:00:38.826  4204  4917 I SodaTriggeringFrontend: #onConfigUpdate inside sequencer
07-04 23:00:38.826  4204  4917 I A       : (REDACTED) Voice Match (Speaker-id) supported : %b 
07-04 23:00:38.826  4204  4917 I A       : (REDACTED) hotword enrollment state is enrolled:  %b, speakerId model exist: %b. Voice Match supported : %b 
07-04 23:00:38.826  4204  4917 I A       : (REDACTED) isHotwordAvailable():  %b, isHotwordEnabled() %b 
07-04 23:00:38.826  4204  4917 I A       : (REDACTED) isHotwordAvailable():  %b, isHotwordEnabled() %b 
07-04 23:00:38.826  4204  4917 I A       : (REDACTED) Hotword enrollment state : %s.
07-04 23:00:38.826  4204  4917 I A       : (REDACTED) Voice Match (Speaker-id) supported : %b 
07-04 23:00:38.826  4204  4917 I A       : (REDACTED) Voice Match (Speaker-id) supported : %b 
07-04 23:00:38.826  4204  4917 I A       : (REDACTED) hotword enrollment state is enrolled:  %b, speakerId model exist: %b, voice match supported : %b
07-04 23:00:38.826  4204  4917 I A       : (REDACTED) Hotword isNonVoiceMatchHotwordEnabled: %b, isHotwordAvailable : %b, isHotwordEnabled : %b, isVoiceMatchSupported: %b, isHotwordEnrolled: %b.
07-04 23:00:38.826  4204  4917 I SodaTriggeringFrontend: (REDACTED) Ignore the legacy hotword request. voice match enabled %b, isHotwordSupported %b, isIncompleteEnrollmentState %b, nonVoiceMatchHotwordEnabled %b
07-04 23:00:38.827  2942  3624 D FaceUnlock: onTaskStackChangedBackground
07-04 23:00:38.829  2942  3624 D FaceUnlock: PackageName =com.example.batterymanager_utility
07-04 23:00:38.899 16421 16421 W app_process: type=1400 audit(0.0:224371): avc: denied { read } for name="u:object_r:device_config_runtime_native_boot_prop:s0" dev="tmpfs" ino=12577 scontext=u:r:shell:s0 tcontext=u:object_r:device_config_runtime_native_boot_prop:s0 tclass=file permissive=0
07-04 23:00:38.899 16421 16421 I chatty  : uid=2000(shell) app_process identical 2 lines
07-04 23:00:38.899 16421 16421 W app_process: type=1400 audit(0.0:224374): avc: denied { read } for name="u:object_r:device_config_runtime_native_boot_prop:s0" dev="tmpfs" ino=12577 scontext=u:r:shell:s0 tcontext=u:object_r:device_config_runtime_native_boot_prop:s0 tclass=file permissive=0
07-04 23:00:38.901 16421 16421 D AndroidRuntime: >>>>>> START com.android.internal.os.RuntimeInit uid 2000 <<<<<<
07-04 23:00:38.905 16421 16421 E libc    : Access denied finding property "persist.device_config.runtime_native_boot.profilebootclasspath"
07-04 23:00:38.905 16421 16421 E libc    : Access denied finding property "persist.device_config.runtime_native_boot.enable_apex_image"
07-04 23:00:38.905 16421 16421 I AndroidRuntime: Using default boot image
07-04 23:00:38.905 16421 16421 E libc    : Access denied finding property "persist.device_config.runtime_native_boot.disable_lock_profiling"
07-04 23:00:38.905 16421 16421 I AndroidRuntime: Leaving lock profiling enabled
07-04 23:00:38.906 16421 16421 E libc    : Access denied finding property "persist.device_config.runtime_native_boot.enable_generational_cc"
07-04 23:00:38.977 16415 16415 I Perf    : Connecting to perf service.
07-04 23:00:38.987 16415 16415 D NetworkSecurityConfig: No Network Security Config specified, using platform default
07-04 23:00:38.988 16415 16415 D NetworkSecurityConfig: No Network Security Config specified, using platform default
07-04 23:00:38.999 16415 16415 I BatteryMgr:App: creating notification channel
07-04 23:00:39.039 16421 16421 D app_process: Time zone APEX ICU file found: /apex/com.android.tzdata/etc/icu/icu_tzdata.dat
07-04 23:00:39.040 16421 16421 D app_process: I18n APEX ICU file found: /apex/com.android.i18n/etc/icu/icudt66l.dat
07-04 23:00:39.052 16421 16421 I app_process: The ClassLoaderContext is a special shared library.
07-04 23:00:39.069 16415 16415 V Activity: mLastPackageName-com.example.batterymanager_utility.MainActivity
07-04 23:00:39.076 16421 16421 W app_process: JNI RegisterNativeMethods: attempt to register 0 native methods for android.media.AudioAttributes
07-04 23:00:39.089 16421 16421 D AndroidRuntime: Calling main entry com.android.commands.monkey.Monkey
07-04 23:00:39.091 16421 16421 W Monkey  : args: [-p, e.www.gravitytest, 1]
07-04 23:00:39.092 16421 16421 W Monkey  :  arg: "-p"
07-04 23:00:39.092 16421 16421 W Monkey  :  arg: "e.www.gravitytest"
07-04 23:00:39.092 16421 16421 W Monkey  :  arg: "1"
07-04 23:00:39.092 16421 16421 W Monkey  : data="e.www.gravitytest"
07-04 23:00:39.124 16415 16415 D PureDisplay: package-com.example.batterymanager_utility DYNAMIC_ORIGINAL_MODE open
07-04 23:00:39.127 25555 25555 D PureDisplay: PureDisplayModeChangeReceiver,hdrMode=1
07-04 23:00:39.130 25555 25555 I android_os_HwBinder: HwBinder: Starting thread pool for getting: vendor.pixelworks.hardware.display@1.0::IIris/default
07-04 23:00:39.130   973  1072 I IrisService: irisConfigureSet(258, 1, 1)
07-04 23:00:39.131 25555 25555 D PureDisplay: --setIrisDisplayHdrMode- mode =1--result = 0
07-04 23:00:39.131 25555 25555 D PureDisplay: PureDisplayModeChangeReceiver,pureDisplayMode=1
07-04 23:00:39.131 25555 25555 D PureDisplay: isDeviceProvisioned=true
07-04 23:00:39.132 25555 25555 D PureDisplay: isUserSetuped=true
07-04 23:00:39.132 25555 25555 D PureDisplay: setOriginalModeEnable()
07-04 23:00:39.133 25555 25555 I android_os_HwBinder: HwBinder: Starting thread pool for getting: vendor.pixelworks.hardware.display@1.0::IIris/default
07-04 23:00:39.133   973  1072 I IrisService: irisConfigureSet(0, 1, 0)
07-04 23:00:39.140 25555 25555 I android_os_HwBinder: HwBinder: Starting thread pool for getting: vendor.pixelworks.hardware.display@1.0::IIris/default
07-04 23:00:39.140   973  1072 I IrisService: irisConfigureSet(41, 1, 0)
07-04 23:00:39.142 25555 25555 I android_os_HwBinder: HwBinder: Starting thread pool for getting: vendor.pixelworks.hardware.display@1.0::IIris/default
07-04 23:00:39.143   973   973 I IrisService: irisConfigureSet(42, 1, 0)
07-04 23:00:39.143  1726  1925 W BroadcastQueue: Skipping deliver [background] BroadcastRecord{33d3c3b u-1 android.net.conn.CONNECTIVITY_CHANGE} to ReceiverList{a0ecf58 16421 (unknown name)/2000/u-1 remote:c0bfe35}: process gone or crashing
07-04 23:00:39.144 25555 25555 I android_os_HwBinder: HwBinder: Starting thread pool for getting: vendor.pixelworks.hardware.display@1.0::IIris/default
07-04 23:00:39.145   973  1072 I IrisService: irisConfigureSet(40, 1, 0)
07-04 23:00:39.157 25555 25555 I android_os_HwBinder: HwBinder: Starting thread pool for getting: vendor.pixelworks.hardware.display@1.0::IIris/default
07-04 23:00:39.159   973   973 I IrisService: irisConfigureSet(36, 1, 0)
07-04 23:00:39.161  1726  8215 I ActivityTaskManager: zhl stack block_packagename =
07-04 23:00:39.161  1726  8215 I ActivityTaskManager: zhl stack block_activity =
07-04 23:00:39.161  1726  8215 I ActivityTaskManager: zhl mPackage =e.www.gravitytest
07-04 23:00:39.161  1726  8215 I ActivityTaskManager: zhl mClass =MainActivity
07-04 23:00:39.161  1726  8215 I ActivityTaskManager: START u0 {act=android.intent.action.MAIN cat=[android.intent.category.LAUNCHER] flg=0x10200000 cmp=e.www.gravitytest/.MainActivity} from uid 2000
07-04 23:00:39.170  1726  8215 D CompatibilityInfo: mCompatibilityFlags - 0
07-04 23:00:39.171  1726  8215 D CompatibilityInfo: applicationDensity - 420
07-04 23:00:39.171  1726  8215 D CompatibilityInfo: applicationScale - 1.0
07-04 23:00:39.172  1726  8215 D ActivityTrigger: ActivityTrigger activityPauseTrigger 
07-04 23:00:39.173 25555 25555 D PureDisplay: getWhiteBalanceAutoMode()0
07-04 23:00:39.174 25555 25555 I android_os_HwBinder: HwBinder: Starting thread pool for getting: vendor.pixelworks.hardware.display@1.0::IIris/default
07-04 23:00:39.175   973  1072 I IrisService: irisConfigureSet(39, 1, 1)
07-04 23:00:39.176 16421 16421 I Monkey  : Events injected: 1
07-04 23:00:39.186  1726  1913 W ActivityManager: ProcessRecord{1b96117 0:e.www.gravitytest/u0a227}: ART verification disabled
07-04 23:00:39.187  1726  1913 D CompatibilityChangeReporter: Compat change id reported: 135634846; UID 10227; state: DISABLED
07-04 23:00:39.187  1726  1926 D CompatibilityChangeReporter: Compat change id reported: 143937733; UID 10227; state: DISABLED
07-04 23:00:39.188 16421 16421 I Monkey  : ## Network stats: elapsed time=27ms (0ms mobile, 0ms wifi, 27ms not connected)
07-04 23:00:39.189 16421 16421 I app_process: System.exit called, status: 0
07-04 23:00:39.189 16421 16421 I AndroidRuntime: VM exiting with result code 0.
07-04 23:00:39.202   916   916 D Zygote  : Forked child process 16462
07-04 23:00:39.211  1726  1926 I ActivityManager: Start proc 16462:e.www.gravitytest/u0a227 for pre-top-activity {e.www.gravitytest/e.www.gravitytest.MainActivity}
07-04 23:00:39.213 25555 25555 I android_os_HwBinder: HwBinder: Starting thread pool for getting: vendor.pixelworks.hardware.display@1.0::IIris/default
07-04 23:00:39.213   973  1072 I IrisService: irisConfigureSet(264, 1, 0)
07-04 23:00:39.214 25555 25555 D PureDisplay: PureDisplayModeChangeReceiver,lastclass=com.example.batterymanager_utility.MainActivity
07-04 23:00:39.215 25555 25555 D PureDisplay: PureDisplayModeChangeReceiver,lastpackage=com.example.batterymanager_utility
07-04 23:00:39.215 16462 16462 I www.gravitytes: Late-enabling -Xcheck:jni
07-04 23:00:39.216 25555 25555 D PureDisplay: PureDisplayModeChangeReceiver,lastpackage_resume=1
07-04 23:00:39.242 16462 16462 I www.gravitytes: Unquickening 18 vdex files!
07-04 23:00:39.250 32728 32736 I adbd    : jdwp connection from 16462
07-04 23:00:39.264  1726  8215 D CompatibilityInfo: mCompatibilityFlags - 0
07-04 23:00:39.264  1726  8215 D CompatibilityInfo: applicationDensity - 420
07-04 23:00:39.264  1726  8215 D CompatibilityInfo: applicationScale - 1.0
07-04 23:00:39.266  1726  8215 I ActivityTaskManager: The Process e.www.gravitytest Already Exists in BG. So sending its PID: 16462
07-04 23:00:39.273  3196  3196 V Activity: onStop mLastPackageName = com.example.batterymanager_utility.MainActivity--mLastPackageResume = 1
07-04 23:00:39.298  3196  3196 D PureDisplay: package-com.example.batterymanager_utility DYNAMIC_ORIGINAL_MODE open
07-04 23:00:39.299 16462 16462 D ApplicationLoaders: Returning zygote-cached class loader: /system/framework/android.test.base.jar
07-04 23:00:39.300 25555 25555 D PureDisplay: PureDisplayModeChangeReceiver,hdrMode=1
07-04 23:00:39.301  4180  4180 I A       : onStop
07-04 23:00:39.302 25555 25555 I android_os_HwBinder: HwBinder: Starting thread pool for getting: vendor.pixelworks.hardware.display@1.0::IIris/default
07-04 23:00:39.302   973  1072 I IrisService: irisConfigureSet(258, 1, 1)
07-04 23:00:39.302 25555 25555 D PureDisplay: --setIrisDisplayHdrMode- mode =1--result = 0
07-04 23:00:39.302 25555 25555 D PureDisplay: PureDisplayModeChangeReceiver,pureDisplayMode=1
07-04 23:00:39.303 25555 25555 D PureDisplay: isDeviceProvisioned=true
07-04 23:00:39.304 25555 25555 D PureDisplay: isUserSetuped=true
07-04 23:00:39.304 25555 25555 D PureDisplay: setOriginalModeEnable()
07-04 23:00:39.305 25555 25555 I android_os_HwBinder: HwBinder: Starting thread pool for getting: vendor.pixelworks.hardware.display@1.0::IIris/default
07-04 23:00:39.306   973  1072 I IrisService: irisConfigureSet(0, 1, 0)
07-04 23:00:39.323 25555 25555 I android_os_HwBinder: HwBinder: Starting thread pool for getting: vendor.pixelworks.hardware.display@1.0::IIris/default
07-04 23:00:39.324   973  1072 I IrisService: irisConfigureSet(41, 1, 0)
07-04 23:00:39.326 25555 25555 I android_os_HwBinder: HwBinder: Starting thread pool for getting: vendor.pixelworks.hardware.display@1.0::IIris/default
07-04 23:00:39.327   973   973 I IrisService: irisConfigureSet(42, 1, 0)
07-04 23:00:39.328 25555 25555 I android_os_HwBinder: HwBinder: Starting thread pool for getting: vendor.pixelworks.hardware.display@1.0::IIris/default
07-04 23:00:39.328   973   973 I IrisService: irisConfigureSet(40, 1, 0)
07-04 23:00:39.340 25555 25555 I android_os_HwBinder: HwBinder: Starting thread pool for getting: vendor.pixelworks.hardware.display@1.0::IIris/default
07-04 23:00:39.340   973   973 I IrisService: irisConfigureSet(36, 1, 0)
07-04 23:00:39.356 25555 25555 D PureDisplay: getWhiteBalanceAutoMode()0
07-04 23:00:39.358 25555 25555 I android_os_HwBinder: HwBinder: Starting thread pool for getting: vendor.pixelworks.hardware.display@1.0::IIris/default
07-04 23:00:39.359   973  1072 I IrisService: irisConfigureSet(39, 1, 1)
07-04 23:00:39.369 16415 16441 I AdrenoGLES-0: QUALCOMM build                   : d7ad79a, I2f86ca99a8
07-04 23:00:39.369 16415 16441 I AdrenoGLES-0: Build Date                       : 06/13/21
07-04 23:00:39.369 16415 16441 I AdrenoGLES-0: OpenGL ES Shader Compiler Version: EV031.32.02.12
07-04 23:00:39.369 16415 16441 I AdrenoGLES-0: Local Branch                     : mybranchebcc171e-87ea-f17a-bb69-1458d0b52af0
07-04 23:00:39.369 16415 16441 I AdrenoGLES-0: Remote Branch                    : quic/gfx-adreno.lnx.1.0.r127-rel
07-04 23:00:39.369 16415 16441 I AdrenoGLES-0: Remote Branch                    : NONE
07-04 23:00:39.369 16415 16441 I AdrenoGLES-0: Reconstruct Branch               : NOTHING
07-04 23:00:39.369 16415 16441 I AdrenoGLES-0: Build Config                     : S L 10.0.7 AArch64
07-04 23:00:39.369 16415 16441 I AdrenoGLES-0: Driver Path                      : /vendor/lib64/egl/libGLESv2_adreno.so
07-04 23:00:39.374 25555 25555 I android_os_HwBinder: HwBinder: Starting thread pool for getting: vendor.pixelworks.hardware.display@1.0::IIris/default
07-04 23:00:39.374   973  1072 I IrisService: irisConfigureSet(264, 1, 0)
07-04 23:00:39.374 16462 16462 I Perf    : Connecting to perf service.
07-04 23:00:39.381 16415 16441 I AdrenoGLES-0: PFP: 0x005ff114, ME: 0x005ff066
07-04 23:00:39.389 16462 16462 D NetworkSecurityConfig: No Network Security Config specified, using platform default
07-04 23:00:39.390 16462 16462 D NetworkSecurityConfig: No Network Security Config specified, using platform default
07-04 23:00:39.409   632   632 I hwservicemanager: getTransport: Cannot find entry android.hardware.graphics.mapper@4.0::IMapper/default in either framework or device manifest.
07-04 23:00:39.410 16415 16441 I Gralloc4: mapper 4.x is not supported
07-04 23:00:39.410   632   632 I hwservicemanager: getTransport: Cannot find entry android.hardware.graphics.mapper@3.0::IMapper/default in either framework or device manifest.
07-04 23:00:39.410 16415 16441 W Gralloc3: mapper 3.x is not supported
07-04 23:00:39.444  1726  3273 I ActivityTaskManager: The Process e.www.gravitytest Already Exists in BG. So sending its PID: 16462
07-04 23:00:39.446  1726  3273 D CompatibilityInfo: mCompatibilityFlags - 0
07-04 23:00:39.446  1726  3273 D CompatibilityInfo: applicationDensity - 420
07-04 23:00:39.446  1726  3273 D CompatibilityInfo: applicationScale - 1.0
07-04 23:00:39.538 16462 16462 W www.gravitytes: Accessing hidden method Landroid/view/View;->computeFitSystemWindows(Landroid/graphics/Rect;Landroid/graphics/Rect;)Z (greylist, reflection, allowed)
07-04 23:00:39.539 16462 16462 W www.gravitytes: Accessing hidden method Landroid/view/ViewGroup;->makeOptionalFitsSystemWindows()V (greylist, reflection, allowed)
07-04 23:00:39.551  2942  2997 D FaceUnlock: onTaskStackChangedBackground
07-04 23:00:39.553  2942  2997 D FaceUnlock: PackageName =e.www.gravitytest
07-04 23:00:39.553  2942  2974 W System  : A resource failed to call release. 
07-04 23:00:39.554  2942  2974 W System  : A resource failed to call release. 
07-04 23:00:39.562   978  1219 E QMI_FW  : qmi_cci_get_ref: ref count increased 2
07-04 23:00:39.563   978  1219 E QMI_FW  : qmi_cci_get_ref: ref count increased 2
07-04 23:00:39.571 16462 16462 V Activity: mLastPackageName-e.www.gravitytest.MainActivity
07-04 23:00:39.603 16462 16462 D PureDisplay: package-e.www.gravitytest DYNAMIC_ORIGINAL_MODE open
07-04 23:00:39.605 25555 25555 D PureDisplay: PureDisplayModeChangeReceiver,hdrMode=1
07-04 23:00:39.607 25555 25555 I android_os_HwBinder: HwBinder: Starting thread pool for getting: vendor.pixelworks.hardware.display@1.0::IIris/default
07-04 23:00:39.607   973   973 I IrisService: irisConfigureSet(258, 1, 1)
07-04 23:00:39.607 25555 25555 D PureDisplay: --setIrisDisplayHdrMode- mode =1--result = 0
07-04 23:00:39.607 25555 25555 D PureDisplay: PureDisplayModeChangeReceiver,pureDisplayMode=1
07-04 23:00:39.608 25555 25555 D PureDisplay: isDeviceProvisioned=true
07-04 23:00:39.609 25555 25555 D PureDisplay: isUserSetuped=true
07-04 23:00:39.609 25555 25555 D PureDisplay: setOriginalModeEnable()
07-04 23:00:39.610 25555 25555 I android_os_HwBinder: HwBinder: Starting thread pool for getting: vendor.pixelworks.hardware.display@1.0::IIris/default
07-04 23:00:39.610   973   973 I IrisService: irisConfigureSet(0, 1, 0)
07-04 23:00:39.623 25555 25555 I android_os_HwBinder: HwBinder: Starting thread pool for getting: vendor.pixelworks.hardware.display@1.0::IIris/default
07-04 23:00:39.624   973   973 I IrisService: irisConfigureSet(41, 1, 0)
07-04 23:00:39.625 25555 25555 I android_os_HwBinder: HwBinder: Starting thread pool for getting: vendor.pixelworks.hardware.display@1.0::IIris/default
07-04 23:00:39.626   973   973 I IrisService: irisConfigureSet(42, 1, 0)
07-04 23:00:39.627 25555 25555 I android_os_HwBinder: HwBinder: Starting thread pool for getting: vendor.pixelworks.hardware.display@1.0::IIris/default
07-04 23:00:39.627   973  1072 I IrisService: irisConfigureSet(40, 1, 0)
07-04 23:00:39.639 16462 16484 I AdrenoGLES-0: QUALCOMM build                   : d7ad79a, I2f86ca99a8
07-04 23:00:39.639 16462 16484 I AdrenoGLES-0: Build Date                       : 06/13/21
07-04 23:00:39.639 16462 16484 I AdrenoGLES-0: OpenGL ES Shader Compiler Version: EV031.32.02.12
07-04 23:00:39.639 16462 16484 I AdrenoGLES-0: Local Branch                     : mybranchebcc171e-87ea-f17a-bb69-1458d0b52af0
07-04 23:00:39.639 16462 16484 I AdrenoGLES-0: Remote Branch                    : quic/gfx-adreno.lnx.1.0.r127-rel
07-04 23:00:39.639 16462 16484 I AdrenoGLES-0: Remote Branch                    : NONE
07-04 23:00:39.639 16462 16484 I AdrenoGLES-0: Reconstruct Branch               : NOTHING
07-04 23:00:39.639 16462 16484 I AdrenoGLES-0: Build Config                     : S L 10.0.7 AArch64
07-04 23:00:39.639 16462 16484 I AdrenoGLES-0: Driver Path                      : /vendor/lib64/egl/libGLESv2_adreno.so
07-04 23:00:39.640 25555 25555 I android_os_HwBinder: HwBinder: Starting thread pool for getting: vendor.pixelworks.hardware.display@1.0::IIris/default
07-04 23:00:39.640   973  1072 I IrisService: irisConfigureSet(36, 1, 0)
07-04 23:00:39.646 16462 16484 I AdrenoGLES-0: PFP: 0x005ff114, ME: 0x005ff066
07-04 23:00:39.656 25555 25555 D PureDisplay: getWhiteBalanceAutoMode()0
07-04 23:00:39.657 25555 25555 I android_os_HwBinder: HwBinder: Starting thread pool for getting: vendor.pixelworks.hardware.display@1.0::IIris/default
07-04 23:00:39.657   973  1072 I IrisService: irisConfigureSet(39, 1, 1)
07-04 23:00:39.662   632   632 I hwservicemanager: getTransport: Cannot find entry android.hardware.graphics.mapper@4.0::IMapper/default in either framework or device manifest.
07-04 23:00:39.662 16462 16484 I Gralloc4: mapper 4.x is not supported
07-04 23:00:39.662   632   632 I hwservicemanager: getTransport: Cannot find entry android.hardware.graphics.mapper@3.0::IMapper/default in either framework or device manifest.
07-04 23:00:39.662 16462 16484 W Gralloc3: mapper 3.x is not supported
07-04 23:00:39.674 25555 25555 I android_os_HwBinder: HwBinder: Starting thread pool for getting: vendor.pixelworks.hardware.display@1.0::IIris/default
07-04 23:00:39.674   973  1072 I IrisService: irisConfigureSet(264, 1, 0)
07-04 23:00:39.674 25555 25555 D PureDisplay: PureDisplayModeChangeReceiver,lastclass=e.www.gravitytest.MainActivity
07-04 23:00:39.676  1726  1924 I ActivityTaskManager: Displayed e.www.gravitytest/.MainActivity: +512ms
07-04 23:00:39.676 25555 25555 D PureDisplay: PureDisplayModeChangeReceiver,lastpackage=e.www.gravitytest
07-04 23:00:39.677 25555 25555 D PureDisplay: PureDisplayModeChangeReceiver,lastpackage_resume=1
07-04 23:00:39.698 10241 10241 I GoogleInputMethodService: GoogleInputMethodService.onFinishInput():3306 
07-04 23:00:39.699 10241 10241 I GoogleInputMethodService: GoogleInputMethodService.updateDeviceLockedStatus():2127 repeatCheckTimes = 0, locked = false
07-04 23:00:39.699 10241 10241 I GoogleInputMethodService: GoogleInputMethodService.onStartInput():1909 onStartInput(EditorInfo{inputType=0x0(NULL) imeOptions=0x0 privateImeOptions=null actionName=UNSPECIFIED actionLabel=null actionId=0 initialSelStart=-1 initialSelEnd=-1 initialCapsMode=0x0 hintText=null label=null packageName=e.www.gravitytest fieldId=-1 fieldName=null extras=null hintLocales=[]}, false)
07-04 23:00:39.699 10241 10241 I GoogleInputMethodService: GoogleInputMethodService.shouldHideHeaderOnInitialState():1990 ShouldHideHeaderOnInitialState = false
07-04 23:00:39.699 10241 10241 I GoogleInputMethodService: GoogleInputMethodService.updateDeviceLockedStatus():2127 repeatCheckTimes = 1, locked = false
07-04 23:00:40.095 16415 16415 V Activity: onStop mLastPackageResume = false com.example.batterymanager_utility.MainActivity@dac091f
07-04 23:00:40.097 25555 25555 D PureDisplay: PureDisplayModeChangeReceiver,lastpackage_resume=0
07-04 23:00:40.625  1726  3273 D CompatibilityInfo: mCompatibilityFlags - 0
07-04 23:00:40.625  1726  3273 D CompatibilityInfo: applicationDensity - 420
07-04 23:00:40.625  1726  3273 D CompatibilityInfo: applicationScale - 1.0
07-04 23:00:40.627 16507 16509 I cmd     : oneway function results will be dropped but finished with status OK and parcel size 4
07-04 23:00:40.630 16415 16415 I BatteryMgr:DataCollectionService: onStartCommand: begin
07-04 23:00:40.630 16415 16415 I BatteryMgr:DataCollectionService: onStartCommand: sampleRate => 100
07-04 23:00:40.630 16415 16415 I BatteryMgr:DataCollectionService: onStartCommand: rawFields => Timestamp,BATTERY_PROPERTY_CURRENT_NOW,EXTRA_VOLTAGE
07-04 23:00:40.631 16415 16415 I BatteryMgr:DataCollectionService: onStartCommand: notification done
07-04 23:00:40.634  1726  3273 D CompatibilityChangeReporter: Compat change id reported: 136219221; UID 10200; state: ENABLED
07-04 23:00:40.635 16415 16415 I BatteryMgr:DataCollectionService: started foreground
07-04 23:00:40.642 16415 16510 I BatteryMgr:DataCollectionService: collectData: begin
07-04 23:00:40.645 16415 16510 I BatteryMgr:DataCollectionService: stats => 1688504440645,-304199,4288
07-04 23:00:40.749 16415 16510 I BatteryMgr:DataCollectionService: stats => 1688504440749,-304199,4288
07-04 23:00:40.852 16415 16510 I BatteryMgr:DataCollectionService: stats => 1688504440852,-304199,4288
07-04 23:00:40.955 16415 16510 I BatteryMgr:DataCollectionService: stats => 1688504440955,-304199,4288
07-04 23:00:41.059 16415 16510 I BatteryMgr:DataCollectionService: stats => 1688504441059,-304199,4288
07-04 23:00:41.162 16415 16510 I BatteryMgr:DataCollectionService: stats => 1688504441162,-304199,4288
07-04 23:00:41.265 16415 16510 I BatteryMgr:DataCollectionService: stats => 1688504441265,-304199,4288
07-04 23:00:41.368 16415 16510 I BatteryMgr:DataCollectionService: stats => 1688504441368,-304199,4288
07-04 23:00:41.472 16415 16510 I BatteryMgr:DataCollectionService: stats => 1688504441471,-304199,4288
07-04 23:00:41.575 16415 16510 I BatteryMgr:DataCollectionService: stats => 1688504441575,-304199,4288
07-04 23:00:41.678 16415 16510 I BatteryMgr:DataCollectionService: stats => 1688504441678,-304199,4288
07-04 23:00:41.719  1233  1233 W /system/vendor/bin/ipacm: type=1400 audit(0.0:224375): avc: denied { write } for comm=6E65746C696E6B20736F636B6574 name="ipacm_log_file" dev="tmpfs" ino=27039 scontext=u:r:ipacm:s0 tcontext=u:object_r:ipacm_socket:s0 tclass=sock_file permissive=0
07-04 23:00:41.719  1233  1233 I chatty  : uid=1001(radio) /system/vendor/bin/ipacm identical 1 line
07-04 23:00:41.719  1233  1233 W /system/vendor/bin/ipacm: type=1400 audit(0.0:224377): avc: denied { write } for comm=6E65746C696E6B20736F636B6574 name="ipacm_log_file" dev="tmpfs" ino=27039 scontext=u:r:ipacm:s0 tcontext=u:object_r:ipacm_socket:s0 tclass=sock_file permissive=0
07-04 23:00:41.719  1233  1233 W ipacm   : type=1400 audit(0.0:224378): avc: denied { write } for name="ipacm_log_file" dev="tmpfs" ino=27039 scontext=u:r:ipacm:s0 tcontext=u:object_r:ipacm_socket:s0 tclass=sock_file permissive=0
07-04 23:00:41.719  1233  1233 I chatty  : uid=1001(radio) /system/vendor/bin/ipacm identical 1 line
07-04 23:00:41.719  1233  1233 W ipacm   : type=1400 audit(0.0:224380): avc: denied { write } for name="ipacm_log_file" dev="tmpfs" ino=27039 scontext=u:r:ipacm:s0 tcontext=u:object_r:ipacm_socket:s0 tclass=sock_file permissive=0
07-04 23:00:41.781 16415 16510 I BatteryMgr:DataCollectionService: stats => 1688504441781,-199218,4288
07-04 23:00:41.885 16415 16510 I BatteryMgr:DataCollectionService: stats => 1688504441885,-199218,4288
07-04 23:00:41.988 16415 16510 I BatteryMgr:DataCollectionService: stats => 1688504441988,-199218,4288
07-04 23:00:42.091 16415 16510 I BatteryMgr:DataCollectionService: stats => 1688504442091,-199218,4288
07-04 23:00:42.199 16415 16510 I BatteryMgr:DataCollectionService: stats => 1688504442199,-199218,4288
07-04 23:00:42.315 16415 16510 I BatteryMgr:DataCollectionService: stats => 1688504442314,-199218,4288
07-04 23:00:42.431 16415 16510 I BatteryMgr:DataCollectionService: stats => 1688504442431,-199218,4288
07-04 23:00:42.542 16415 16510 I BatteryMgr:DataCollectionService: stats => 1688504442542,-199218,4288
07-04 23:00:42.659 16415 16510 I BatteryMgr:DataCollectionService: stats => 1688504442659,-199218,4288
07-04 23:00:42.779 16415 16510 I BatteryMgr:DataCollectionService: stats => 1688504442779,-199218,4288
07-04 23:00:42.896 16415 16510 I BatteryMgr:DataCollectionService: stats => 1688504442896,-199218,4288
07-04 23:00:43.009 16415 16510 I BatteryMgr:DataCollectionService: stats => 1688504443009,-199218,4288
07-04 23:00:43.120 16415 16510 I BatteryMgr:DataCollectionService: stats => 1688504443120,-199218,4288
07-04 23:00:43.232 16415 16510 I BatteryMgr:DataCollectionService: stats => 1688504443232,-195312,4288
07-04 23:00:43.349 16415 16510 I BatteryMgr:DataCollectionService: stats => 1688504443349,-195312,4288
07-04 23:00:43.467 16415 16510 I BatteryMgr:DataCollectionService: stats => 1688504443466,-195312,4288
07-04 23:00:43.585 16415 16510 I BatteryMgr:DataCollectionService: stats => 1688504443585,-195312,4288
07-04 23:00:43.700 16415 16510 I BatteryMgr:DataCollectionService: stats => 1688504443699,-195312,4288
07-04 23:00:43.822 16415 16510 I BatteryMgr:DataCollectionService: stats => 1688504443822,-195312,4288
07-04 23:00:43.939 16415 16510 I BatteryMgr:DataCollectionService: stats => 1688504443939,-195312,4288
07-04 23:00:44.051 16415 16510 I BatteryMgr:DataCollectionService: stats => 1688504444051,-195312,4288
07-04 23:00:44.166 16415 16510 I BatteryMgr:DataCollectionService: stats => 1688504444166,-195312,4288
07-04 23:00:44.251 16415 16518 D ProfileInstaller: Installing profile for com.example.batterymanager_utility
07-04 23:00:44.276 16415 16510 I BatteryMgr:DataCollectionService: stats => 1688504444276,-195312,4288
07-04 23:00:44.389 16415 16510 I BatteryMgr:DataCollectionService: stats => 1688504444387,-195312,4288
07-04 23:00:44.498 16415 16510 I BatteryMgr:DataCollectionService: stats => 1688504444498,-195312,4288
07-04 23:00:44.612 16415 16510 I BatteryMgr:DataCollectionService: stats => 1688504444610,-195312,4288
07-04 23:00:44.722 16415 16510 I BatteryMgr:DataCollectionService: stats => 1688504444721,-133300,4288
07-04 23:00:44.830 16415 16510 I BatteryMgr:DataCollectionService: stats => 1688504444830,-133300,4288
07-04 23:00:44.946 16415 16510 I BatteryMgr:DataCollectionService: stats => 1688504444945,-133300,4288
07-04 23:00:45.062 16415 16510 I BatteryMgr:DataCollectionService: stats => 1688504445062,-133300,4288
07-04 23:00:45.176 16415 16510 I BatteryMgr:DataCollectionService: stats => 1688504445176,-133300,4288
07-04 23:00:45.287 16415 16510 I BatteryMgr:DataCollectionService: stats => 1688504445287,-133300,4288
07-04 23:00:45.395 16415 16510 I BatteryMgr:DataCollectionService: stats => 1688504445395,-133300,4288
07-04 23:00:45.507 16415 16510 I BatteryMgr:DataCollectionService: stats => 1688504445507,-133300,4288
07-04 23:00:45.618 16415 16510 I BatteryMgr:DataCollectionService: stats => 1688504445618,-133300,4288
07-04 23:00:45.728 16415 16510 I BatteryMgr:DataCollectionService: stats => 1688504445728,-133300,4288
07-04 23:00:45.841 16415 16510 I BatteryMgr:DataCollectionService: stats => 1688504445841,-133300,4288
07-04 23:00:45.956 16415 16510 I BatteryMgr:DataCollectionService: stats => 1688504445955,-133300,4288
07-04 23:00:46.069 16415 16510 I BatteryMgr:DataCollectionService: stats => 1688504446068,-133300,4288
07-04 23:00:46.188 16415 16510 I BatteryMgr:DataCollectionService: stats => 1688504446188,-125976,4288
07-04 23:00:46.302 16415 16510 I BatteryMgr:DataCollectionService: stats => 1688504446302,-125976,4288
07-04 23:00:46.411 16415 16510 I BatteryMgr:DataCollectionService: stats => 1688504446411,-125976,4288
07-04 23:00:46.520 16415 16510 I BatteryMgr:DataCollectionService: stats => 1688504446520,-125976,4288
07-04 23:00:46.631 16415 16510 I BatteryMgr:DataCollectionService: stats => 1688504446631,-125976,4288
07-04 23:00:46.741 16415 16510 I BatteryMgr:DataCollectionService: stats => 1688504446741,-125976,4288
07-04 23:00:46.856 16415 16510 I BatteryMgr:DataCollectionService: stats => 1688504446856,-125976,4288
07-04 23:00:46.971 16415 16510 I BatteryMgr:DataCollectionService: stats => 1688504446971,-125976,4288
07-04 23:00:47.086 16415 16510 I BatteryMgr:DataCollectionService: stats => 1688504447085,-125976,4288
07-04 23:00:47.207 16415 16510 I BatteryMgr:DataCollectionService: stats => 1688504447203,-125976,4288
07-04 23:00:47.321 16415 16510 I BatteryMgr:DataCollectionService: stats => 1688504447320,-125976,4288
07-04 23:00:47.436 16415 16510 I BatteryMgr:DataCollectionService: stats => 1688504447436,-125976,4288
07-04 23:00:47.544 16415 16510 I BatteryMgr:DataCollectionService: stats => 1688504447544,-125976,4288
07-04 23:00:47.654 16415 16510 I BatteryMgr:DataCollectionService: stats => 1688504447654,-217285,4288
07-04 23:00:47.768 16415 16510 I BatteryMgr:DataCollectionService: stats => 1688504447767,-217285,4288
07-04 23:00:47.882 16415 16510 I BatteryMgr:DataCollectionService: stats => 1688504447881,-217285,4288
07-04 23:00:47.996 16415 16510 I BatteryMgr:DataCollectionService: stats => 1688504447996,-217285,4288
07-04 23:00:48.115 16415 16510 I BatteryMgr:DataCollectionService: stats => 1688504448114,-217285,4288
07-04 23:00:48.230 16415 16510 I BatteryMgr:DataCollectionService: stats => 1688504448230,-217285,4288
07-04 23:00:48.348 16415 16510 I BatteryMgr:DataCollectionService: stats => 1688504448348,-217285,4288
07-04 23:00:48.465 16415 16510 I BatteryMgr:DataCollectionService: stats => 1688504448465,-217285,4288
07-04 23:00:48.576 16415 16510 I BatteryMgr:DataCollectionService: stats => 1688504448576,-217285,4288
07-04 23:00:48.690 16415 16510 I BatteryMgr:DataCollectionService: stats => 1688504448690,-217285,4288
07-04 23:00:48.797 16415 16510 I BatteryMgr:DataCollectionService: stats => 1688504448797,-217285,4288
07-04 23:00:48.911 16415 16510 I BatteryMgr:DataCollectionService: stats => 1688504448911,-217285,4288
07-04 23:00:49.023 16415 16510 I BatteryMgr:DataCollectionService: stats => 1688504449022,-217285,4288
07-04 23:00:49.139 16415 16510 I BatteryMgr:DataCollectionService: stats => 1688504449139,-140136,4288
07-04 23:00:49.254 16415 16510 I BatteryMgr:DataCollectionService: stats => 1688504449254,-140136,4288
07-04 23:00:49.369 16415 16510 I BatteryMgr:DataCollectionService: stats => 1688504449369,-140136,4288
07-04 23:00:49.485 16415 16510 I BatteryMgr:DataCollectionService: stats => 1688504449485,-140136,4288
07-04 23:00:49.601 16415 16510 I BatteryMgr:DataCollectionService: stats => 1688504449601,-140136,4288
07-04 23:00:49.709 16415 16510 I BatteryMgr:DataCollectionService: stats => 1688504449708,-140136,4288
07-04 23:00:49.818 16415 16510 I BatteryMgr:DataCollectionService: stats => 1688504449818,-140136,4288
07-04 23:00:49.927 16415 16510 I BatteryMgr:DataCollectionService: stats => 1688504449927,-140136,4288
07-04 23:00:50.042 16415 16510 I BatteryMgr:DataCollectionService: stats => 1688504450042,-140136,4288
07-04 23:00:50.080  1726  3273 D WifiMemoryStoreImpl: Set cluster Gac1d4b9e810a6db0 for Wa6e36144ff670139: SUCCESS
07-04 23:00:50.118  1726  3273 D WifiMemoryStoreImpl: Set cluster Gac1d4b9e810a6db0 for Wac1d4b9e810a6db0: SUCCESS
07-04 23:00:50.155 16415 16510 I BatteryMgr:DataCollectionService: stats => 1688504450155,-140136,4288
07-04 23:00:50.270 16415 16510 I BatteryMgr:DataCollectionService: stats => 1688504450270,-140136,4288
07-04 23:00:50.381 16415 16510 I BatteryMgr:DataCollectionService: stats => 1688504450381,-140136,4288
07-04 23:00:50.491 16415 16510 I BatteryMgr:DataCollectionService: stats => 1688504450491,-140136,4288
07-04 23:00:50.605 16415 16510 I BatteryMgr:DataCollectionService: stats => 1688504450604,-146972,4288
07-04 23:00:50.721 16415 16510 I BatteryMgr:DataCollectionService: stats => 1688504450721,-146972,4288
07-04 23:00:50.830 16415 16510 I BatteryMgr:DataCollectionService: stats => 1688504450830,-146972,4288
07-04 23:00:50.940 16415 16510 I BatteryMgr:DataCollectionService: stats => 1688504450939,-146972,4288
07-04 23:00:51.048 16415 16510 I BatteryMgr:DataCollectionService: stats => 1688504451048,-146972,4288
07-04 23:00:51.155 16415 16510 I BatteryMgr:DataCollectionService: stats => 1688504451155,-146972,4288
07-04 23:00:51.262 16415 16510 I BatteryMgr:DataCollectionService: stats => 1688504451261,-146972,4288
07-04 23:00:51.369 16415 16510 I BatteryMgr:DataCollectionService: stats => 1688504451369,-146972,4288
07-04 23:00:51.479 16415 16510 I BatteryMgr:DataCollectionService: stats => 1688504451479,-146972,4288
07-04 23:00:51.588 16415 16510 I BatteryMgr:DataCollectionService: stats => 1688504451587,-146972,4288
07-04 23:00:51.695 16415 16510 I BatteryMgr:DataCollectionService: stats => 1688504451695,-146972,4288
07-04 23:00:51.803 16415 16510 I BatteryMgr:DataCollectionService: stats => 1688504451802,-146972,4288
07-04 23:00:51.889  1233  1233 W /system/vendor/bin/ipacm: type=1400 audit(0.0:224410): avc: denied { write } for comm=6E65746C696E6B20736F636B6574 name="ipacm_log_file" dev="tmpfs" ino=27039 scontext=u:r:ipacm:s0 tcontext=u:object_r:ipacm_socket:s0 tclass=sock_file permissive=0
07-04 23:00:51.889  1233  1233 I chatty  : uid=1001(radio) /system/vendor/bin/ipacm identical 1 line
07-04 23:00:51.889  1233  1233 W /system/vendor/bin/ipacm: type=1400 audit(0.0:224412): avc: denied { write } for comm=6E65746C696E6B20736F636B6574 name="ipacm_log_file" dev="tmpfs" ino=27039 scontext=u:r:ipacm:s0 tcontext=u:object_r:ipacm_socket:s0 tclass=sock_file permissive=0
07-04 23:00:51.889  1233  1233 W ipacm   : type=1400 audit(0.0:224413): avc: denied { write } for name="ipacm_log_file" dev="tmpfs" ino=27039 scontext=u:r:ipacm:s0 tcontext=u:object_r:ipacm_socket:s0 tclass=sock_file permissive=0
07-04 23:00:51.889  1233  1233 W ipacm   : type=1400 audit(0.0:224414): avc: denied { write } for name="ipacm_log_file" dev="tmpfs" ino=27039 scontext=u:r:ipacm:s0 tcontext=u:object_r:ipacm_socket:s0 tclass=sock_file permissive=0
07-04 23:00:51.911 16415 16510 I BatteryMgr:DataCollectionService: stats => 1688504451911,-146972,4288
07-04 23:00:52.018 16415 16510 I BatteryMgr:DataCollectionService: stats => 1688504452018,-146972,4288
07-04 23:00:52.126 16415 16510 I BatteryMgr:DataCollectionService: stats => 1688504452126,-240234,4288
07-04 23:00:52.236 16415 16510 I BatteryMgr:DataCollectionService: stats => 1688504452236,-240234,4288
07-04 23:00:52.343 16415 16510 I BatteryMgr:DataCollectionService: stats => 1688504452343,-240234,4288
07-04 23:00:52.450 16415 16510 I BatteryMgr:DataCollectionService: stats => 1688504452449,-240234,4288
07-04 23:00:52.559 16415 16510 I BatteryMgr:DataCollectionService: stats => 1688504452559,-240234,4288
07-04 23:00:52.666 16415 16510 I BatteryMgr:DataCollectionService: stats => 1688504452666,-240234,4288
07-04 23:00:52.775 16415 16510 I BatteryMgr:DataCollectionService: stats => 1688504452775,-240234,4288
07-04 23:00:52.884 16415 16510 I BatteryMgr:DataCollectionService: stats => 1688504452884,-240234,4288
07-04 23:00:52.991 16415 16510 I BatteryMgr:DataCollectionService: stats => 1688504452991,-240234,4288
07-04 23:00:53.098 16415 16510 I BatteryMgr:DataCollectionService: stats => 1688504453098,-240234,4288
07-04 23:00:53.207 16415 16510 I BatteryMgr:DataCollectionService: stats => 1688504453207,-240234,4288
07-04 23:00:53.314 16415 16510 I BatteryMgr:DataCollectionService: stats => 1688504453314,-240234,4288
07-04 23:00:53.423 16415 16510 I BatteryMgr:DataCollectionService: stats => 1688504453423,-240234,4288
07-04 23:00:53.530 16415 16510 I BatteryMgr:DataCollectionService: stats => 1688504453530,-240234,4288
07-04 23:00:53.637 16415 16510 I BatteryMgr:DataCollectionService: stats => 1688504453637,-244140,4288
07-04 23:00:53.745 16415 16510 I BatteryMgr:DataCollectionService: stats => 1688504453745,-244140,4288
07-04 23:00:53.853 16415 16510 I BatteryMgr:DataCollectionService: stats => 1688504453852,-244140,4288
07-04 23:00:53.960 16415 16510 I BatteryMgr:DataCollectionService: stats => 1688504453960,-244140,4288
07-04 23:00:54.068 16415 16510 I BatteryMgr:DataCollectionService: stats => 1688504454068,-244140,4288
07-04 23:00:54.179 16415 16510 I BatteryMgr:DataCollectionService: stats => 1688504454178,-244140,4288
07-04 23:00:54.286 16415 16510 I BatteryMgr:DataCollectionService: stats => 1688504454286,-244140,4288
07-04 23:00:54.352 24715 24715 D BoundBrokerSvc: onUnbind: Intent { act=com.google.android.gms.inappreach.service.START dat=chimera-action: cmp=com.google.android.gms/.chimera.GmsApiService }
07-04 23:00:54.390 16415 16510 I BatteryMgr:DataCollectionService: stats => 1688504454390,-244140,4288
07-04 23:00:54.501 16415 16510 I BatteryMgr:DataCollectionService: stats => 1688504454501,-244140,4288
07-04 23:00:54.610 16415 16510 I BatteryMgr:DataCollectionService: stats => 1688504454610,-244140,4288
07-04 23:00:54.719 16415 16510 I BatteryMgr:DataCollectionService: stats => 1688504454719,-244140,4288
07-04 23:00:54.830 16415 16510 I BatteryMgr:DataCollectionService: stats => 1688504454829,-244140,4288
07-04 23:00:54.940 16415 16510 I BatteryMgr:DataCollectionService: stats => 1688504454939,-244140,4288
07-04 23:00:55.052 16415 16510 I BatteryMgr:DataCollectionService: stats => 1688504455049,-235839,4288
07-04 23:00:55.161 16415 16510 I BatteryMgr:DataCollectionService: stats => 1688504455161,-235839,4288
07-04 23:00:55.269 16415 16510 I BatteryMgr:DataCollectionService: stats => 1688504455269,-235839,4288
07-04 23:00:55.378 16415 16510 I BatteryMgr:DataCollectionService: stats => 1688504455377,-235839,4288
07-04 23:00:55.485 16415 16510 I BatteryMgr:DataCollectionService: stats => 1688504455485,-235839,4288
07-04 23:00:55.593 16415 16510 I BatteryMgr:DataCollectionService: stats => 1688504455593,-235839,4288
07-04 23:00:55.702 16415 16510 I BatteryMgr:DataCollectionService: stats => 1688504455702,-235839,4288
07-04 23:00:55.810 16415 16510 I BatteryMgr:DataCollectionService: stats => 1688504455810,-235839,4288
07-04 23:00:55.919 16415 16510 I BatteryMgr:DataCollectionService: stats => 1688504455918,-235839,4288
07-04 23:00:56.027 16415 16510 I BatteryMgr:DataCollectionService: stats => 1688504456027,-235839,4288
07-04 23:00:56.135 16415 16510 I BatteryMgr:DataCollectionService: stats => 1688504456135,-235839,4288
07-04 23:00:56.244 16415 16510 I BatteryMgr:DataCollectionService: stats => 1688504456244,-235839,4288
07-04 23:00:56.350 16415 16510 I BatteryMgr:DataCollectionService: stats => 1688504456350,-235839,4288
07-04 23:00:56.458 16415 16510 I BatteryMgr:DataCollectionService: stats => 1688504456458,-235839,4288
07-04 23:00:56.566 16415 16510 I BatteryMgr:DataCollectionService: stats => 1688504456566,-222656,4288
07-04 23:00:56.674 16415 16510 I BatteryMgr:DataCollectionService: stats => 1688504456674,-222656,4288
07-04 23:00:56.785 16415 16510 I BatteryMgr:DataCollectionService: stats => 1688504456785,-222656,4288
07-04 23:00:56.899 16415 16510 I BatteryMgr:DataCollectionService: stats => 1688504456899,-222656,4288
07-04 23:00:57.008 16415 16510 I BatteryMgr:DataCollectionService: stats => 1688504457007,-222656,4288
07-04 23:00:57.122 16415 16510 I BatteryMgr:DataCollectionService: stats => 1688504457122,-222656,4288
07-04 23:00:57.238 16415 16510 I BatteryMgr:DataCollectionService: stats => 1688504457238,-222656,4288
07-04 23:00:57.348 16415 16510 I BatteryMgr:DataCollectionService: stats => 1688504457348,-222656,4288
07-04 23:00:57.457 16415 16510 I BatteryMgr:DataCollectionService: stats => 1688504457457,-222656,4288
07-04 23:00:57.571 16415 16510 I BatteryMgr:DataCollectionService: stats => 1688504457571,-222656,4288
07-04 23:00:57.695 16415 16510 I BatteryMgr:DataCollectionService: stats => 1688504457695,-222656,4288
07-04 23:00:57.809 16415 16510 I BatteryMgr:DataCollectionService: stats => 1688504457809,-222656,4288
07-04 23:00:57.869  1233  1233 W /system/vendor/bin/ipacm: type=1400 audit(0.0:224445): avc: denied { write } for comm=6E65746C696E6B20736F636B6574 name="ipacm_log_file" dev="tmpfs" ino=27039 scontext=u:r:ipacm:s0 tcontext=u:object_r:ipacm_socket:s0 tclass=sock_file permissive=0
07-04 23:00:57.869  1233  1233 I chatty  : uid=1001(radio) /system/vendor/bin/ipacm identical 1 line
07-04 23:00:57.869  1233  1233 W /system/vendor/bin/ipacm: type=1400 audit(0.0:224447): avc: denied { write } for comm=6E65746C696E6B20736F636B6574 name="ipacm_log_file" dev="tmpfs" ino=27039 scontext=u:r:ipacm:s0 tcontext=u:object_r:ipacm_socket:s0 tclass=sock_file permissive=0
07-04 23:00:57.869  1233  1233 W ipacm   : type=1400 audit(0.0:224448): avc: denied { write } for name="ipacm_log_file" dev="tmpfs" ino=27039 scontext=u:r:ipacm:s0 tcontext=u:object_r:ipacm_socket:s0 tclass=sock_file permissive=0
07-04 23:00:57.869  1233  1233 W ipacm   : type=1400 audit(0.0:224449): avc: denied { write } for name="ipacm_log_file" dev="tmpfs" ino=27039 scontext=u:r:ipacm:s0 tcontext=u:object_r:ipacm_socket:s0 tclass=sock_file permissive=0
07-04 23:00:57.917 16415 16510 I BatteryMgr:DataCollectionService: stats => 1688504457917,-222656,4288
07-04 23:00:58.027 16415 16510 I BatteryMgr:DataCollectionService: stats => 1688504458027,-186035,4288
07-04 23:00:58.140 16415 16510 I BatteryMgr:DataCollectionService: stats => 1688504458140,-186035,4288
07-04 23:00:58.257 16415 16510 I BatteryMgr:DataCollectionService: stats => 1688504458257,-186035,4288
07-04 23:00:58.371 16415 16510 I BatteryMgr:DataCollectionService: stats => 1688504458371,-186035,4288
07-04 23:00:58.479 16415 16510 I BatteryMgr:DataCollectionService: stats => 1688504458479,-186035,4288
07-04 23:00:58.588 16415 16510 I BatteryMgr:DataCollectionService: stats => 1688504458588,-186035,4288
07-04 23:00:58.705 16415 16510 I BatteryMgr:DataCollectionService: stats => 1688504458705,-186035,4288
07-04 23:00:58.817 16415 16510 I BatteryMgr:DataCollectionService: stats => 1688504458816,-186035,4288
07-04 23:00:58.925 16415 16510 I BatteryMgr:DataCollectionService: stats => 1688504458925,-186035,4288
07-04 23:00:59.044 16415 16510 I BatteryMgr:DataCollectionService: stats => 1688504459044,-186035,4288
07-04 23:00:59.156 16415 16510 I BatteryMgr:DataCollectionService: stats => 1688504459155,-186035,4288
07-04 23:00:59.270 16415 16510 I BatteryMgr:DataCollectionService: stats => 1688504459270,-186035,4288
07-04 23:00:59.382 16415 16510 I BatteryMgr:DataCollectionService: stats => 1688504459382,-186035,4288
07-04 23:00:59.497 16415 16510 I BatteryMgr:DataCollectionService: stats => 1688504459497,-139648,4288
07-04 23:00:59.606 16415 16510 I BatteryMgr:DataCollectionService: stats => 1688504459606,-139648,4288
07-04 23:00:59.716 16415 16510 I BatteryMgr:DataCollectionService: stats => 1688504459716,-139648,4288
07-04 23:00:59.832 16415 16510 I BatteryMgr:DataCollectionService: stats => 1688504459832,-139648,4288
07-04 23:00:59.946 16415 16510 I BatteryMgr:DataCollectionService: stats => 1688504459946,-139648,4288
07-04 23:01:00.006  2942  2942 D KeyguardUpdateMonitor: received broadcast android.intent.action.TIME_TICK
07-04 23:01:00.016  2942  2942 D KeyguardUpdateMonitor: handleTimeUpdate
07-04 23:01:00.054 16415 16510 I BatteryMgr:DataCollectionService: stats => 1688504460054,-139648,4288
07-04 23:01:00.162 16415 16510 I BatteryMgr:DataCollectionService: stats => 1688504460161,-139648,4288
07-04 23:01:00.272 16415 16510 I BatteryMgr:DataCollectionService: stats => 1688504460272,-139648,4288
07-04 23:01:00.386 16415 16510 I BatteryMgr:DataCollectionService: stats => 1688504460386,-139648,4288
07-04 23:01:00.496 16415 16510 I BatteryMgr:DataCollectionService: stats => 1688504460496,-139648,4288
07-04 23:01:00.604 16415 16510 I BatteryMgr:DataCollectionService: stats => 1688504460604,-139648,4288
07-04 23:01:00.725 16415 16510 I BatteryMgr:DataCollectionService: stats => 1688504460724,-139648,4288
07-04 23:01:00.834 16415 16510 I BatteryMgr:DataCollectionService: stats => 1688504460834,-139648,4288
07-04 23:01:00.945 16415 16510 I BatteryMgr:DataCollectionService: stats => 1688504460944,-144042,4288
07-04 23:01:01.054 16415 16510 I BatteryMgr:DataCollectionService: stats => 1688504461054,-144042,4288
07-04 23:01:01.162 16415 16510 I BatteryMgr:DataCollectionService: stats => 1688504461162,-144042,4288
07-04 23:01:01.271 16415 16510 I BatteryMgr:DataCollectionService: stats => 1688504461271,-144042,4288
07-04 23:01:01.379 16415 16510 I BatteryMgr:DataCollectionService: stats => 1688504461378,-144042,4288
07-04 23:01:01.495 16415 16510 I BatteryMgr:DataCollectionService: stats => 1688504461495,-144042,4288
07-04 23:01:01.604 16415 16510 I BatteryMgr:DataCollectionService: stats => 1688504461603,-144042,4288
07-04 23:01:01.711 16415 16510 I BatteryMgr:DataCollectionService: stats => 1688504461711,-144042,4288
07-04 23:01:01.821 16415 16510 I BatteryMgr:DataCollectionService: stats => 1688504461821,-144042,4288
07-04 23:01:01.929 16415 16510 I BatteryMgr:DataCollectionService: stats => 1688504461929,-144042,4288
07-04 23:01:02.050 16415 16510 I BatteryMgr:DataCollectionService: stats => 1688504462050,-144042,4288
07-04 23:01:02.161 16415 16510 I BatteryMgr:DataCollectionService: stats => 1688504462161,-144042,4288
07-04 23:01:02.269 16415 16510 I BatteryMgr:DataCollectionService: stats => 1688504462269,-144042,4288
07-04 23:01:02.377 16415 16510 I BatteryMgr:DataCollectionService: stats => 1688504462377,-144042,4288
