--------- beginning of system
07-03 06:00:54.430   756  3586 I ActivityManager: START u0 {act=android.intent.action.MAIN cat=[android.intent.category.LAUNCHER] flg=0x10000000 cmp=com.example.batterymanager_utility/.MainActivity} from uid 2000
--------- beginning of main
07-03 06:00:54.468  3058  3058 I zygote64: Late-enabling -Xcheck:jni
07-03 06:00:54.471   756 15226 I ActivityManager: Start proc 3058:com.example.batterymanager_utility/u0a111 for activity com.example.batterymanager_utility/.MainActivity
07-03 06:00:54.499  3166 13553 V ClearcutMetricXmitter: Transmission is done.
07-03 06:00:54.558 30320 30320 I GsaVoiceInteractionSrv: Handling ACTION_STOP_HOTWORD
07-03 06:00:54.603  3058  3058 I BatteryMgr:App: creating notification channel
07-03 06:00:54.674  3058  3103 D OpenGLRenderer: HWUI GL Pipeline
07-03 06:00:54.851  3063  3063 D AndroidRuntime: >>>>>> START com.android.internal.os.RuntimeInit uid 2000 <<<<<<
07-03 06:00:54.882  3058  3058 W zygote64: Class androidx.compose.runtime.snapshots.SnapshotStateList failed lock verification and will run slower.
07-03 06:00:54.882  3058  3058 W zygote64: Common causes for lock verification issues are non-optimized dex code
07-03 06:00:54.882  3058  3058 W zygote64: and incorrect proguard optimizations.
07-03 06:00:54.965  3063  3063 D ICU     : Timezone override file found: /data/misc/zoneinfo/current/icu/icu_tzdata.dat
07-03 06:00:54.984  3063  3063 I app_process: The ClassLoaderContext is a special shared library.
07-03 06:00:54.987  3058  3066 I zygote64: Do partial code cache collection, code=30KB, data=19KB
07-03 06:00:54.988  3058  3066 I zygote64: After code cache collection, code=30KB, data=19KB
07-03 06:00:54.988  3058  3066 I zygote64: Increasing code cache capacity to 128KB
07-03 06:00:55.021  3063  3063 D AndroidRuntime: Calling main entry com.android.commands.monkey.Monkey
07-03 06:00:55.024  3063  3063 W Monkey  : args: [-p, e.www.gpstest, 1]
07-03 06:00:55.024  3063  3063 W Monkey  :  arg: "-p"
07-03 06:00:55.024  3063  3063 W Monkey  :  arg: "e.www.gpstest"
07-03 06:00:55.025  3063  3063 W Monkey  :  arg: "1"
07-03 06:00:55.025  3063  3063 W Monkey  : data="e.www.gpstest"
07-03 06:00:55.050   756   782 W BroadcastQueue: Skipping deliver [background] BroadcastRecord{8cf30c5 u-1 android.net.conn.CONNECTIVITY_CHANGE} to ReceiverList{e71fa1a 3063 (unknown name)/2000/u-1 remote:a50992f}: process gone or crashing
07-03 06:00:55.063   756  1317 I ActivityManager: START u0 {act=android.intent.action.MAIN cat=[android.intent.category.LAUNCHER] flg=0x10200000 cmp=e.www.gpstest/.MainActivity} from uid 2000
07-03 06:00:55.063   756  1317 W Binder  : Outgoing transactions from this process must be FLAG_ONEWAY
07-03 06:00:55.063   756  1317 W Binder  : java.lang.Throwable
07-03 06:00:55.063   756  1317 W Binder  : 	at android.os.BinderProxy.transact(Binder.java:752)
07-03 06:00:55.063   756  1317 W Binder  : 	at android.app.IActivityController$Stub$Proxy.activityStarting(IActivityController.java:172)
07-03 06:00:55.063   756  1317 W Binder  : 	at com.android.server.am.ActivityStarter.startActivity(ActivityStarter.java:449)
07-03 06:00:55.063   756  1317 W Binder  : 	at com.android.server.am.ActivityStarter.startActivityLocked(ActivityStarter.java:278)
07-03 06:00:55.063   756  1317 W Binder  : 	at com.android.server.am.ActivityStarter.startActivityMayWait(ActivityStarter.java:817)
07-03 06:00:55.063   756  1317 W Binder  : 	at com.android.server.am.ActivityManagerService.startActivityAsUser(ActivityManagerService.java:4532)
07-03 06:00:55.063   756  1317 W Binder  : 	at com.android.server.am.ActivityManagerService.startActivity(ActivityManagerService.java:4519)
07-03 06:00:55.063   756  1317 W Binder  : 	at android.app.IActivityManager$Stub.onTransact(IActivityManager.java:121)
07-03 06:00:55.063   756  1317 W Binder  : 	at com.android.server.am.ActivityManagerService.onTransact(ActivityManagerService.java:2919)
07-03 06:00:55.063   756  1317 W Binder  : 	at android.os.Binder.execTransact(Binder.java:697)
07-03 06:00:55.069  3063  3063 I Monkey  : Events injected: 1
07-03 06:00:55.085  3063  3063 I Monkey  : ## Network stats: elapsed time=22ms (0ms mobile, 0ms wifi, 22ms not connected)
07-03 06:00:55.088  3063  3063 I com.android.commands.monkey: System.exit called, status: 0
07-03 06:00:55.088  3063  3063 I AndroidRuntime: VM exiting with result code 0.
07-03 06:00:55.103  3058  3103 I Adreno  : QUALCOMM build                   : 8e59954, I0be83d0d26
07-03 06:00:55.103  3058  3103 I Adreno  : Build Date                       : 09/22/17
07-03 06:00:55.103  3058  3103 I Adreno  : OpenGL ES Shader Compiler Version: EV031.21.02.00
07-03 06:00:55.103  3058  3103 I Adreno  : Local Branch                     : O17A
07-03 06:00:55.103  3058  3103 I Adreno  : Remote Branch                    : 
07-03 06:00:55.103  3058  3103 I Adreno  : Remote Branch                    : 
07-03 06:00:55.103  3058  3103 I Adreno  : Reconstruct Branch               : 
07-03 06:00:55.103  3058  3103 D vndksupport: Loading /vendor/lib64/hw/gralloc.msm8992.so from current namespace instead of sphal namespace.
07-03 06:00:55.112  3058  3103 I Adreno  : PFP: 0x00000000, ME: 0x00000000
07-03 06:00:55.117   363   363 W /system/bin/hwservicemanager: getTransport: Cannot find entry android.hardware.configstore@1.0::ISurfaceFlingerConfigs/default in either framework or device manifest.
07-03 06:00:55.119  3058  3103 I zygote64: android::hardware::configstore::V1_0::ISurfaceFlingerConfigs::hasWideColorDisplay retrieved: 0
07-03 06:00:55.124  3058  3103 I OpenGLRenderer: Initialized EGL, version 1.4
07-03 06:00:55.124  3058  3103 D OpenGLRenderer: Swap behavior 2
07-03 06:00:55.135  3058  3058 D Compose Focus: Owner FocusChanged(true)
07-03 06:00:55.182   363   363 W /system/bin/hwservicemanager: getTransport: Cannot find entry android.hardware.graphics.mapper@2.0::IMapper/default in either framework or device manifest.
07-03 06:00:55.183  3058  3103 D vndksupport: Loading /vendor/lib64/hw/android.hardware.graphics.mapper@2.0-impl.so from current namespace instead of sphal namespace.
07-03 06:00:55.184  3058  3103 D vndksupport: Loading /vendor/lib64/hw/gralloc.msm8992.so from current namespace instead of sphal namespace.
07-03 06:00:55.226   756  3586 I ActivityManager: Start proc 3128:e.www.gpstest/u0a171 for activity e.www.gpstest/.MainActivity
07-03 06:00:55.230  3128  3128 I zygote64: Late-enabling -Xcheck:jni
07-03 06:00:55.420  3128  3128 I zygote64: Rejecting re-init on previously-failed class java.lang.Class<androidx.core.view.ViewCompat$2>: java.lang.NoClassDefFoundError: Failed resolution of: Landroid/view/View$OnUnhandledKeyEventListener;
07-03 06:00:55.420  3128  3128 I zygote64:   at void androidx.core.view.ViewCompat.setOnApplyWindowInsetsListener(android.view.View, androidx.core.view.OnApplyWindowInsetsListener) (ViewCompat.java:2436)
07-03 06:00:55.420  3128  3128 I zygote64:   at android.view.ViewGroup androidx.appcompat.app.AppCompatDelegateImpl.createSubDecor() (AppCompatDelegateImpl.java:779)
07-03 06:00:55.420  3128  3128 I zygote64:   at void androidx.appcompat.app.AppCompatDelegateImpl.ensureSubDecor() (AppCompatDelegateImpl.java:659)
07-03 06:00:55.420  3128  3128 I zygote64:   at void androidx.appcompat.app.AppCompatDelegateImpl.setContentView(int) (AppCompatDelegateImpl.java:552)
07-03 06:00:55.420  3128  3128 I zygote64:   at void androidx.appcompat.app.AppCompatActivity.setContentView(int) (AppCompatActivity.java:161)
07-03 06:00:55.420  3128  3128 I zygote64:   at void e.www.gpstest.MainActivity.onCreate(android.os.Bundle) (MainActivity.kt:28)
07-03 06:00:55.420  3128  3128 I zygote64:   at void android.app.Activity.performCreate(android.os.Bundle, android.os.PersistableBundle) (Activity.java:7009)
07-03 06:00:55.420  3128  3128 I zygote64:   at void android.app.Activity.performCreate(android.os.Bundle) (Activity.java:7000)
07-03 06:00:55.420  3128  3128 I zygote64:   at void android.app.Instrumentation.callActivityOnCreate(android.app.Activity, android.os.Bundle) (Instrumentation.java:1214)
07-03 06:00:55.420  3128  3128 I zygote64:   at android.app.Activity android.app.ActivityThread.performLaunchActivity(android.app.ActivityThread$ActivityClientRecord, android.content.Intent) (ActivityThread.java:2731)
07-03 06:00:55.420  3128  3128 I zygote64:   at void android.app.ActivityThread.handleLaunchActivity(android.app.ActivityThread$ActivityClientRecord, android.content.Intent, java.lang.String) (ActivityThread.java:2856)
07-03 06:00:55.420  3128  3128 I zygote64:   at void android.app.ActivityThread.-wrap11(android.app.ActivityThread, android.app.ActivityThread$ActivityClientRecord, android.content.Intent, java.lang.String) (ActivityThread.java:-1)
07-03 06:00:55.420  3128  3128 I zygote64:   at void android.app.ActivityThread$H.handleMessage(android.os.Message) (ActivityThread.java:1589)
07-03 06:00:55.420  3128  3128 I zygote64:   at void android.os.Handler.dispatchMessage(android.os.Message) (Handler.java:106)
07-03 06:00:55.420  3128  3128 I zygote64:   at void android.os.Looper.loop() (Looper.java:164)
07-03 06:00:55.420  3128  3128 I zygote64:   at void android.app.ActivityThread.main(java.lang.String[]) (ActivityThread.java:6494)
07-03 06:00:55.420  3128  3128 I zygote64:   at java.lang.Object java.lang.reflect.Method.invoke(java.lang.Object, java.lang.Object[]) (Method.java:-2)
07-03 06:00:55.420  3128  3128 I zygote64:   at void com.android.internal.os.RuntimeInit$MethodAndArgsCaller.run() (RuntimeInit.java:438)
07-03 06:00:55.420  3128  3128 I zygote64:   at void com.android.internal.os.ZygoteInit.main(java.lang.String[]) (ZygoteInit.java:807)
07-03 06:00:55.420  3128  3128 I zygote64: Caused by: java.lang.ClassNotFoundException: Didn't find class "android.view.View$OnUnhandledKeyEventListener" on path: DexPathList[[zip file "/data/app/e.www.gpstest-x4FwBn3rFsX4l27LxWJRuA==/base.apk"],nativeLibraryDirectories=[/data/app/e.www.gpstest-x4FwBn3rFsX4l27LxWJRuA==/lib/arm64, /system/lib64, /vendor/lib64]]
07-03 06:00:55.420  3128  3128 I zygote64:   at java.lang.Class dalvik.system.BaseDexClassLoader.findClass(java.lang.String) (BaseDexClassLoader.java:125)
07-03 06:00:55.420  3128  3128 I zygote64:   at java.lang.Class java.lang.ClassLoader.loadClass(java.lang.String, boolean) (ClassLoader.java:379)
07-03 06:00:55.420  3128  3128 I zygote64:   at java.lang.Class java.lang.ClassLoader.loadClass(java.lang.String) (ClassLoader.java:312)
07-03 06:00:55.420  3128  3128 I zygote64:   at void androidx.core.view.ViewCompat.setOnApplyWindowInsetsListener(android.view.View, androidx.core.view.OnApplyWindowInsetsListener) (ViewCompat.java:2436)
07-03 06:00:55.420  3128  3128 I zygote64:   at android.view.ViewGroup androidx.appcompat.app.AppCompatDelegateImpl.createSubDecor() (AppCompatDelegateImpl.java:779)
07-03 06:00:55.420  3128  3128 I zygote64:   at void androidx.appcompat.app.AppCompatDelegateImpl.ensureSubDecor() (AppCompatDelegateImpl.java:659)
07-03 06:00:55.420  3128  3128 I zygote64:   at void androidx.appcompat.app.AppCompatDelegateImpl.setContentView(int) (AppCompatDelegateImpl.java:552)
07-03 06:00:55.420  3128  3128 I zygote64:   at void androidx.appcompat.app.AppCompatActivity.setContentView(int) (AppCompatActivity.java:161)
07-03 06:00:55.420  3128  3128 I zygote64:   at void e.www.gpstest.MainActivity.onCreate(android.os.Bundle) (MainActivity.kt:28)
07-03 06:00:55.420  3128  3128 I zygote64:   at void android.app.Activity.performCreate(android.os.Bundle, android.os.PersistableBundle) (Activity.java:7009)
07-03 06:00:55.420  3128  3128 I zygote64:   at void android.app.Activity.performCreate(android.os.Bundle) (Activity.java:7000)
07-03 06:00:55.420  3128  3128 I zygote64:   at void android.app.Instrumentation.callActivityOnCreate(android.app.Activity, android.os.Bundle) (Instrumentation.java:1214)
07-03 06:00:55.420  3128  3128 I zygote64:   at android.app.Activity android.app.ActivityThread.performLaunchActivity(android.app.ActivityThread$ActivityClientRecord, android.content.Intent) (ActivityThread.java:2731)
07-03 06:00:55.420  3128  3128 I zygote64:   at void android.app.ActivityThread.handleLaunchActivity(android.app.ActivityThread$ActivityClientRecord, android.content.Intent, java.lang.String) (ActivityThread.java:2856)
07-03 06:00:55.420  3128  3128 I zygote64:   at void android.app.ActivityThread.-wrap11(android.app.ActivityThread, android.app.ActivityThread$ActivityClientRecord, android.content.Intent, java.lang.String) (ActivityThread.java:-1)
07-03 06:00:55.420  3128  3128 I zygote64:   at void android.app.ActivityThread$H.handleMessage(android.os.Message) (ActivityThread.java:1589)
07-03 06:00:55.420  3128  3128 I zygote64:   at void android.os.Handler.dispatchMessage(android.os.Message) (Handler.java:106)
07-03 06:00:55.420  3128  3128 I zygote64:   at void android.os.Looper.loop() (Looper.java:164)
07-03 06:00:55.420  3128  3128 I zygote64:   at void android.app.ActivityThread.main(java.lang.String[]) (ActivityThread.java:6494)
07-03 06:00:55.420  3128  3128 I zygote64:   at java.lang.Object java.lang.reflect.Method.invoke(java.lang.Object, java.lang.Object[]) (Method.java:-2)
07-03 06:00:55.420  3128  3128 I zygote64:   at void com.android.internal.os.RuntimeInit$MethodAndArgsCaller.run() (RuntimeInit.java:438)
07-03 06:00:55.420  3128  3128 I zygote64:   at void com.android.internal.os.ZygoteInit.main(java.lang.String[]) (ZygoteInit.java:807)
07-03 06:00:55.420  3128  3128 I zygote64: 
07-03 06:00:55.421  3128  3128 I zygote64: Rejecting re-init on previously-failed class java.lang.Class<androidx.core.view.ViewCompat$2>: java.lang.NoClassDefFoundError: Failed resolution of: Landroid/view/View$OnUnhandledKeyEventListener;
07-03 06:00:55.421  3128  3128 I zygote64:   at void androidx.core.view.ViewCompat.setOnApplyWindowInsetsListener(android.view.View, androidx.core.view.OnApplyWindowInsetsListener) (ViewCompat.java:2436)
07-03 06:00:55.421  3128  3128 I zygote64:   at android.view.ViewGroup androidx.appcompat.app.AppCompatDelegateImpl.createSubDecor() (AppCompatDelegateImpl.java:779)
07-03 06:00:55.421  3128  3128 I zygote64:   at void androidx.appcompat.app.AppCompatDelegateImpl.ensureSubDecor() (AppCompatDelegateImpl.java:659)
07-03 06:00:55.421  3128  3128 I zygote64:   at void androidx.appcompat.app.AppCompatDelegateImpl.setContentView(int) (AppCompatDelegateImpl.java:552)
07-03 06:00:55.421  3128  3128 I zygote64:   at void androidx.appcompat.app.AppCompatActivity.setContentView(int) (AppCompatActivity.java:161)
07-03 06:00:55.421  3128  3128 I zygote64:   at void e.www.gpstest.MainActivity.onCreate(android.os.Bundle) (MainActivity.kt:28)
07-03 06:00:55.421  3128  3128 I zygote64:   at void android.app.Activity.performCreate(android.os.Bundle, android.os.PersistableBundle) (Activity.java:7009)
07-03 06:00:55.421  3128  3128 I zygote64:   at void android.app.Activity.performCreate(android.os.Bundle) (Activity.java:7000)
07-03 06:00:55.421  3128  3128 I zygote64:   at void android.app.Instrumentation.callActivityOnCreate(android.app.Activity, android.os.Bundle) (Instrumentation.java:1214)
07-03 06:00:55.421  3128  3128 I zygote64:   at android.app.Activity android.app.ActivityThread.performLaunchActivity(android.app.ActivityThread$ActivityClientRecord, android.content.Intent) (ActivityThread.java:2731)
07-03 06:00:55.421  3128  3128 I zygote64:   at void android.app.ActivityThread.handleLaunchActivity(android.app.ActivityThread$ActivityClientRecord, android.content.Intent, java.lang.String) (ActivityThread.java:2856)
07-03 06:00:55.421  3128  3128 I zygote64:   at void android.app.ActivityThread.-wrap11(android.app.ActivityThread, android.app.ActivityThread$ActivityClientRecord, android.content.Intent, java.lang.String) (ActivityThread.java:-1)
07-03 06:00:55.421  3128  3128 I zygote64:   at void android.app.ActivityThread$H.handleMessage(android.os.Message) (ActivityThread.java:1589)
07-03 06:00:55.421  3128  3128 I zygote64:   at void android.os.Handler.dispatchMessage(android.os.Message) (Handler.java:106)
07-03 06:00:55.421  3128  3128 I zygote64:   at void android.os.Looper.loop() (Looper.java:164)
07-03 06:00:55.421  3128  3128 I zygote64:   at void android.app.ActivityThread.main(java.lang.String[]) (ActivityThread.java:6494)
07-03 06:00:55.421  3128  3128 I zygote64:   at java.lang.Object java.lang.reflect.Method.invoke(java.lang.Object, java.lang.Object[]) (Method.java:-2)
07-03 06:00:55.421  3128  3128 I zygote64:   at void com.android.internal.os.RuntimeInit$MethodAndArgsCaller.run() (RuntimeInit.java:438)
07-03 06:00:55.421  3128  3128 I zygote64:   at void com.android.internal.os.ZygoteInit.main(java.lang.String[]) (ZygoteInit.java:807)
07-03 06:00:55.421  3128  3128 I zygote64: Caused by: java.lang.ClassNotFoundException: Didn't find class "android.view.View$OnUnhandledKeyEventListener" on path: DexPathList[[zip file "/data/app/e.www.gpstest-x4FwBn3rFsX4l27LxWJRuA==/base.apk"],nativeLibraryDirectories=[/data/app/e.www.gpstest-x4FwBn3rFsX4l27LxWJRuA==/lib/arm64, /system/lib64, /vendor/lib64]]
07-03 06:00:55.421  3128  3128 I zygote64:   at java.lang.Class dalvik.system.BaseDexClassLoader.findClass(java.lang.String) (BaseDexClassLoader.java:125)
07-03 06:00:55.421  3128  3128 I zygote64:   at java.lang.Class java.lang.ClassLoader.loadClass(java.lang.String, boolean) (ClassLoader.java:379)
07-03 06:00:55.421  3128  3128 I zygote64:   at java.lang.Class java.lang.ClassLoader.loadClass(java.lang.String) (ClassLoader.java:312)
07-03 06:00:55.421  3128  3128 I zygote64:   at void androidx.core.view.ViewCompat.setOnApplyWindowInsetsListener(android.view.View, androidx.core.view.OnApplyWindowInsetsListener) (ViewCompat.java:2436)
07-03 06:00:55.421  3128  3128 I zygote64:   at android.view.ViewGroup androidx.appcompat.app.AppCompatDelegateImpl.createSubDecor() (AppCompatDelegateImpl.java:779)
07-03 06:00:55.421  3128  3128 I zygote64:   at void androidx.appcompat.app.AppCompatDelegateImpl.ensureSubDecor() (AppCompatDelegateImpl.java:659)
07-03 06:00:55.421  3128  3128 I zygote64:   at void androidx.appcompat.app.AppCompatDelegateImpl.setContentView(int) (AppCompatDelegateImpl.java:552)
07-03 06:00:55.421  3128  3128 I zygote64:   at void androidx.appcompat.app.AppCompatActivity.setContentView(int) (AppCompatActivity.java:161)
07-03 06:00:55.421  3128  3128 I zygote64:   at void e.www.gpstest.MainActivity.onCreate(android.os.Bundle) (MainActivity.kt:28)
07-03 06:00:55.421  3128  3128 I zygote64:   at void android.app.Activity.performCreate(android.os.Bundle, android.os.PersistableBundle) (Activity.java:7009)
07-03 06:00:55.421  3128  3128 I zygote64:   at void android.app.Activity.performCreate(android.os.Bundle) (Activity.java:7000)
07-03 06:00:55.421  3128  3128 I zygote64:   at void android.app.Instrumentation.callActivityOnCreate(android.app.Activity, android.os.Bundle) (Instrumentation.java:1214)
07-03 06:00:55.421  3128  3128 I zygote64:   at android.app.Activity android.app.ActivityThread.performLaunchActivity(android.app.ActivityThread$ActivityClientRecord, android.content.Intent) (ActivityThread.java:2731)
07-03 06:00:55.421  3128  3128 I zygote64:   at void android.app.ActivityThread.handleLaunchActivity(android.app.ActivityThread$ActivityClientRecord, android.content.Intent, java.lang.String) (ActivityThread.java:2856)
07-03 06:00:55.421  3128  3128 I zygote64:   at void android.app.ActivityThread.-wrap11(android.app.ActivityThread, android.app.ActivityThread$ActivityClientRecord, android.content.Intent, java.lang.String) (ActivityThread.java:-1)
07-03 06:00:55.421  3128  3128 I zygote64:   at void android.app.ActivityThread$H.handleMessage(android.os.Message) (ActivityThread.java:1589)
07-03 06:00:55.421  3128  3128 I zygote64:   at void android.os.Handler.dispatchMessage(android.os.Message) (Handler.java:106)
07-03 06:00:55.421  3128  3128 I zygote64:   at void android.os.Looper.loop() (Looper.java:164)
07-03 06:00:55.421  3128  3128 I zygote64:   at void android.app.ActivityThread.main(java.lang.String[]) (ActivityThread.java:6494)
07-03 06:00:55.421  3128  3128 I zygote64:   at java.lang.Object java.lang.reflect.Method.invoke(java.lang.Object, java.lang.Object[]) (Method.java:-2)
07-03 06:00:55.421  3128  3128 I zygote64:   at void com.android.internal.os.RuntimeInit$MethodAndArgsCaller.run() (RuntimeInit.java:438)
07-03 06:00:55.421  3128  3128 I zygote64:   at void com.android.internal.os.ZygoteInit.main(java.lang.String[]) (ZygoteInit.java:807)
07-03 06:00:55.421  3128  3128 I zygote64: 
07-03 06:00:55.421  3128  3128 I zygote64: Rejecting re-init on previously-failed class java.lang.Class<androidx.core.view.ViewCompat$2>: java.lang.NoClassDefFoundError: Failed resolution of: Landroid/view/View$OnUnhandledKeyEventListener;
07-03 06:00:55.421  3128  3128 I zygote64:   at void androidx.core.view.ViewCompat.setOnApplyWindowInsetsListener(android.view.View, androidx.core.view.OnApplyWindowInsetsListener) (ViewCompat.java:2436)
07-03 06:00:55.421  3128  3128 I zygote64:   at android.view.ViewGroup androidx.appcompat.app.AppCompatDelegateImpl.createSubDecor() (AppCompatDelegateImpl.java:779)
07-03 06:00:55.421  3128  3128 I zygote64:   at void androidx.appcompat.app.AppCompatDelegateImpl.ensureSubDecor() (AppCompatDelegateImpl.java:659)
07-03 06:00:55.421  3128  3128 I zygote64:   at void androidx.appcompat.app.AppCompatDelegateImpl.setContentView(int) (AppCompatDelegateImpl.java:552)
07-03 06:00:55.421  3128  3128 I zygote64:   at void androidx.appcompat.app.AppCompatActivity.setContentView(int) (AppCompatActivity.java:161)
07-03 06:00:55.421  3128  3128 I zygote64:   at void e.www.gpstest.MainActivity.onCreate(android.os.Bundle) (MainActivity.kt:28)
07-03 06:00:55.421  3128  3128 I zygote64:   at void android.app.Activity.performCreate(android.os.Bundle, android.os.PersistableBundle) (Activity.java:7009)
07-03 06:00:55.421  3128  3128 I zygote64:   at void android.app.Activity.performCreate(android.os.Bundle) (Activity.java:7000)
07-03 06:00:55.421  3128  3128 I zygote64:   at void android.app.Instrumentation.callActivityOnCreate(android.app.Activity, android.os.Bundle) (Instrumentation.java:1214)
07-03 06:00:55.421  3128  3128 I zygote64:   at android.app.Activity android.app.ActivityThread.performLaunchActivity(android.app.ActivityThread$ActivityClientRecord, android.content.Intent) (ActivityThread.java:2731)
07-03 06:00:55.421  3128  3128 I zygote64:   at void android.app.ActivityThread.handleLaunchActivity(android.app.ActivityThread$ActivityClientRecord, android.content.Intent, java.lang.String) (ActivityThread.java:2856)
07-03 06:00:55.421  3128  3128 I zygote64:   at void android.app.ActivityThread.-wrap11(android.app.ActivityThread, android.app.ActivityThread$ActivityClientRecord, android.content.Intent, java.lang.String) (ActivityThread.java:-1)
07-03 06:00:55.421  3128  3128 I zygote64:   at void android.app.ActivityThread$H.handleMessage(android.os.Message) (ActivityThread.java:1589)
07-03 06:00:55.421  3128  3128 I zygote64:   at void android.os.Handler.dispatchMessage(android.os.Message) (Handler.java:106)
07-03 06:00:55.421  3128  3128 I zygote64:   at void android.os.Looper.loop() (Looper.java:164)
07-03 06:00:55.421  3128  3128 I zygote64:   at void android.app.ActivityThread.main(java.lang.String[]) (ActivityThread.java:6494)
07-03 06:00:55.421  3128  3128 I zygote64:   at java.lang.Object java.lang.reflect.Method.invoke(java.lang.Object, java.lang.Object[]) (Method.java:-2)
07-03 06:00:55.421  3128  3128 I zygote64:   at void com.android.internal.os.RuntimeInit$MethodAndArgsCaller.run() (RuntimeInit.java:438)
07-03 06:00:55.421  3128  3128 I zygote64:   at void com.android.internal.os.ZygoteInit.main(java.lang.String[]) (ZygoteInit.java:807)
07-03 06:00:55.421  3128  3128 I zygote64: Caused by: java.lang.ClassNotFoundException: Didn't find class "android.view.View$OnUnhandledKeyEventListener" on path: DexPathList[[zip file "/data/app/e.www.gpstest-x4FwBn3rFsX4l27LxWJRuA==/base.apk"],nativeLibraryDirectories=[/data/app/e.www.gpstest-x4FwBn3rFsX4l27LxWJRuA==/lib/arm64, /system/lib64, /vendor/lib64]]
07-03 06:00:55.421  3128  3128 I zygote64:   at java.lang.Class dalvik.system.BaseDexClassLoader.findClass(java.lang.String) (BaseDexClassLoader.java:125)
07-03 06:00:55.421  3128  3128 I zygote64:   at java.lang.Class java.lang.ClassLoader.loadClass(java.lang.String, boolean) (ClassLoader.java:379)
07-03 06:00:55.421  3128  3128 I zygote64:   at java.lang.Class java.lang.ClassLoader.loadClass(java.lang.String) (ClassLoader.java:312)
07-03 06:00:55.421  3128  3128 I zygote64:   at void androidx.core.view.ViewCompat.setOnApplyWindowInsetsListener(android.view.View, androidx.core.view.OnApplyWindowInsetsListener) (ViewCompat.java:2436)
07-03 06:00:55.421  3128  3128 I zygote64:   at android.view.ViewGroup androidx.appcompat.app.AppCompatDelegateImpl.createSubDecor() (AppCompatDelegateImpl.java:779)
07-03 06:00:55.421  3128  3128 I zygote64:   at void androidx.appcompat.app.AppCompatDelegateImpl.ensureSubDecor() (AppCompatDelegateImpl.java:659)
07-03 06:00:55.421  3128  3128 I zygote64:   at void androidx.appcompat.app.AppCompatDelegateImpl.setContentView(int) (AppCompatDelegateImpl.java:552)
07-03 06:00:55.421  3128  3128 I zygote64:   at void androidx.appcompat.app.AppCompatActivity.setContentView(int) (AppCompatActivity.java:161)
07-03 06:00:55.421  3128  3128 I zygote64:   at void e.www.gpstest.MainActivity.onCreate(android.os.Bundle) (MainActivity.kt:28)
07-03 06:00:55.421  3128  3128 I zygote64:   at void android.app.Activity.performCreate(android.os.Bundle, android.os.PersistableBundle) (Activity.java:7009)
07-03 06:00:55.421  3128  3128 I zygote64:   at void android.app.Activity.performCreate(android.os.Bundle) (Activity.java:7000)
07-03 06:00:55.421  3128  3128 I zygote64:   at void android.app.Instrumentation.callActivityOnCreate(android.app.Activity, android.os.Bundle) (Instrumentation.java:1214)
07-03 06:00:55.421  3128  3128 I zygote64:   at android.app.Activity android.app.ActivityThread.performLaunchActivity(android.app.ActivityThread$ActivityClientRecord, android.content.Intent) (ActivityThread.java:2731)
07-03 06:00:55.421  3128  3128 I zygote64:   at void android.app.ActivityThread.handleLaunchActivity(android.app.ActivityThread$ActivityClientRecord, android.content.Intent, java.lang.String) (ActivityThread.java:2856)
07-03 06:00:55.421  3128  3128 I zygote64:   at void android.app.ActivityThread.-wrap11(android.app.ActivityThread, android.app.ActivityThread$ActivityClientRecord, android.content.Intent, java.lang.String) (ActivityThread.java:-1)
07-03 06:00:55.421  3128  3128 I zygote64:   at void android.app.ActivityThread$H.handleMessage(android.os.Message) (ActivityThread.java:1589)
07-03 06:00:55.421  3128  3128 I zygote64:   at void android.os.Handler.dispatchMessage(android.os.Message) (Handler.java:106)
07-03 06:00:55.421  3128  3128 I zygote64:   at void android.os.Looper.loop() (Looper.java:164)
07-03 06:00:55.421  3128  3128 I zygote64:   at void android.app.ActivityThread.main(java.lang.String[]) (ActivityThread.java:6494)
07-03 06:00:55.421  3128  3128 I zygote64:   at java.lang.Object java.lang.reflect.Method.invoke(java.lang.Object, java.lang.Object[]) (Method.java:-2)
07-03 06:00:55.421  3128  3128 I zygote64:   at void com.android.internal.os.RuntimeInit$MethodAndArgsCaller.run() (RuntimeInit.java:438)
07-03 06:00:55.421  3128  3128 I zygote64:   at void com.android.internal.os.ZygoteInit.main(java.lang.String[]) (ZygoteInit.java:807)
07-03 06:00:55.421  3128  3128 I zygote64: 
07-03 06:00:55.489  3128  3145 D OpenGLRenderer: HWUI GL Pipeline
07-03 06:00:55.531   756  2061 I GnssLocationProvider: WakeLock acquired by sendMessage(SET_REQUEST, 0, com.android.server.location.GnssLocationProvider$GpsRequest@743992b)
07-03 06:00:55.532   756   781 I GnssLocationProvider: WakeLock released by handleMessage(SET_REQUEST, 0, com.android.server.location.GnssLocationProvider$GpsRequest@743992b)
07-03 06:00:55.540  3128  3145 I Adreno  : QUALCOMM build                   : 8e59954, I0be83d0d26
07-03 06:00:55.540  3128  3145 I Adreno  : Build Date                       : 09/22/17
07-03 06:00:55.540  3128  3145 I Adreno  : OpenGL ES Shader Compiler Version: EV031.21.02.00
07-03 06:00:55.540  3128  3145 I Adreno  : Local Branch                     : O17A
07-03 06:00:55.540  3128  3145 I Adreno  : Remote Branch                    : 
07-03 06:00:55.540  3128  3145 I Adreno  : Remote Branch                    : 
07-03 06:00:55.540  3128  3145 I Adreno  : Reconstruct Branch               : 
07-03 06:00:55.540  3128  3145 D vndksupport: Loading /vendor/lib64/hw/gralloc.msm8992.so from current namespace instead of sphal namespace.
07-03 06:00:55.556 13208 13208 I GoogleInputMethodService: GoogleInputMethodService.onFinishInput():3306 
07-03 06:00:55.556  3128  3145 I Adreno  : PFP: 0x00000000, ME: 0x00000000
07-03 06:00:55.556 25183 25245 W inertial-anchor: Triggering reinit due to mag declination change
07-03 06:00:55.559 25183 25245 W Looper  : Looper already prepared for this thread with a different value for the LOOPER_PREPARE_ALLOW_NON_CALLBACKS option.
07-03 06:00:55.563 13208 13208 I GoogleInputMethodService: GoogleInputMethodService.updateDeviceLockedStatus():2127 repeatCheckTimes = 0, locked = false
07-03 06:00:55.564   363   363 W /system/bin/hwservicemanager: getTransport: Cannot find entry android.hardware.configstore@1.0::ISurfaceFlingerConfigs/default in either framework or device manifest.
07-03 06:00:55.565 13208 13208 I GoogleInputMethodService: GoogleInputMethodService.onStartInput():1909 onStartInput(EditorInfo{inputType=0x0(NULL) imeOptions=0x0 privateImeOptions=null actionName=UNSPECIFIED actionLabel=null actionId=0 initialSelStart=-1 initialSelEnd=-1 initialCapsMode=0x0 hintText=null label=null packageName=e.www.gpstest fieldId=-1 fieldName=null extras=null hintLocales=[]}, false)
07-03 06:00:55.565 13208 13208 I GoogleInputMethodService: GoogleInputMethodService.shouldHideHeaderOnInitialState():1990 ShouldHideHeaderOnInitialState = false
07-03 06:00:55.566 13208 13208 I GoogleInputMethodService: GoogleInputMethodService.updateDeviceLockedStatus():2127 repeatCheckTimes = 1, locked = false
07-03 06:00:55.567  3128  3145 I zygote64: android::hardware::configstore::V1_0::ISurfaceFlingerConfigs::hasWideColorDisplay retrieved: 0
07-03 06:00:55.568  3128  3145 I OpenGLRenderer: Initialized EGL, version 1.4
07-03 06:00:55.569  3128  3145 D OpenGLRenderer: Swap behavior 2
07-03 06:00:55.581   756  2060 I WifiService: getWifiEnabledState uid=10019
07-03 06:00:55.587   756 15230 W AlarmManager: Alarms must either supply a PendingIntent or an AlarmReceiver
07-03 06:00:55.589   363   363 W /system/bin/hwservicemanager: getTransport: Cannot find entry android.hardware.graphics.mapper@2.0::IMapper/default in either framework or device manifest.
07-03 06:00:55.593  3128  3145 D vndksupport: Loading /vendor/lib64/hw/android.hardware.graphics.mapper@2.0-impl.so from current namespace instead of sphal namespace.
07-03 06:00:55.594  3128  3145 D vndksupport: Loading /vendor/lib64/hw/gralloc.msm8992.so from current namespace instead of sphal namespace.
07-03 06:00:55.625   756   791 I ActivityManager: Displayed e.www.gpstest/.MainActivity: +402ms (total +1s165ms)
07-03 06:00:55.684 25183 25245 E inertial-anchor: [CalibrationManager]: Unknown sensor_type used in SetCalibration.
07-03 06:00:56.049  3166  3166 I A       : GEL#onSaveInstanceState
07-03 06:00:56.277   756 16255 I OpenGLRenderer: Initialized EGL, version 1.4
07-03 06:00:56.278   756 16255 D OpenGLRenderer: Swap behavior 2
07-03 06:00:56.399   756   765 I zygote64: NativeAlloc concurrent copying GC freed 49922(2MB) AllocSpace objects, 37(1444KB) LOS objects, 42% free, 17MB/30MB, paused 165us total 120.656ms
07-03 06:00:56.737  3058  3058 I BatteryMgr:DataCollectionService: onStartCommand: begin
07-03 06:00:56.737  3058  3058 I BatteryMgr:DataCollectionService: onStartCommand: sampleRate => 1000
07-03 06:00:56.738  3058  3058 I BatteryMgr:DataCollectionService: onStartCommand: rawFields => Timestamp,BATTERY_PROPERTY_CURRENT_NOW,EXTRA_VOLTAGE
07-03 06:00:56.741  3058  3058 I BatteryMgr:DataCollectionService: onStartCommand: notification done
07-03 06:00:56.744  3058  3058 I BatteryMgr:DataCollectionService: started foreground
07-03 06:00:56.746   756   782 E NotificationService: Suppressing notification from package by user request.
07-03 06:00:56.762  3058  3192 I BatteryMgr:DataCollectionService: collectData: begin
07-03 06:00:56.771  3058  3192 I BatteryMgr:DataCollectionService: stats => 1688378456771,-151213,4216
07-03 06:00:56.875   756 15229 D WificondControl: Scan result ready event
07-03 06:00:57.785  3058  3192 I BatteryMgr:DataCollectionService: stats => 1688378457785,-151213,4216
07-03 06:00:58.109   756   768 D WificondControl: Scan result ready event
07-03 06:00:58.798  3058  3192 I BatteryMgr:DataCollectionService: stats => 1688378458798,-151213,4216
07-03 06:00:59.812  3058  3192 I BatteryMgr:DataCollectionService: stats => 1688378459812,-151213,4216
07-03 06:01:00.573  3058  3205 D ProfileInstaller: Installing profile for com.example.batterymanager_utility
07-03 06:01:00.601   756  2061 I WifiService: getWifiEnabledState uid=10019
07-03 06:01:00.604   756 15229 W AlarmManager: Alarms must either supply a PendingIntent or an AlarmReceiver
07-03 06:01:00.826  3058  3192 I BatteryMgr:DataCollectionService: stats => 1688378460826,-151213,4216
07-03 06:01:01.742   756  2055 D WificondControl: Scan result ready event
07-03 06:01:01.833  3058  3192 I BatteryMgr:DataCollectionService: stats => 1688378461833,-151213,4216
07-03 06:01:02.841  3058  3192 I BatteryMgr:DataCollectionService: stats => 1688378462841,-151213,4216
07-03 06:01:03.850  3058  3192 I BatteryMgr:DataCollectionService: stats => 1688378463850,-151213,4216
07-03 06:01:04.858  3058  3192 I BatteryMgr:DataCollectionService: stats => 1688378464858,-151213,4216
07-03 06:01:05.621   756  1317 I WifiService: getWifiEnabledState uid=10019
07-03 06:01:05.627   756 13003 W AlarmManager: Alarms must either supply a PendingIntent or an AlarmReceiver
07-03 06:01:05.866  3058  3192 I BatteryMgr:DataCollectionService: stats => 1688378465866,-151213,4216
07-03 06:01:06.755   756  1640 D WificondControl: Scan result ready event
07-03 06:01:06.872  3058  3192 I BatteryMgr:DataCollectionService: stats => 1688378466872,-151213,4216
07-03 06:01:07.882  3058  3192 I BatteryMgr:DataCollectionService: stats => 1688378467882,-151213,4216
07-03 06:01:08.896  3058  3192 I BatteryMgr:DataCollectionService: stats => 1688378468895,-151213,4216
07-03 06:01:09.903  3058  3192 I BatteryMgr:DataCollectionService: stats => 1688378469903,-151213,4216
07-03 06:01:10.639   756  2056 I WifiService: getWifiEnabledState uid=10019
07-03 06:01:10.644   756 15228 W AlarmManager: Alarms must either supply a PendingIntent or an AlarmReceiver
07-03 06:01:10.913  3058  3192 I BatteryMgr:DataCollectionService: stats => 1688378470912,-151213,4216
07-03 06:01:11.769   756   774 D WificondControl: Scan result ready event
07-03 06:01:11.921  3058  3192 I BatteryMgr:DataCollectionService: stats => 1688378471920,-151213,4216
07-03 06:01:12.928  3058  3192 I BatteryMgr:DataCollectionService: stats => 1688378472928,-151213,4216
07-03 06:01:13.941  3058  3192 I BatteryMgr:DataCollectionService: stats => 1688378473941,-151213,4216
07-03 06:01:14.954  3058  3192 I BatteryMgr:DataCollectionService: stats => 1688378474954,-151213,4216
07-03 06:01:15.656   756  2059 I WifiService: getWifiEnabledState uid=10019
07-03 06:01:15.663   756 13002 W AlarmManager: Alarms must either supply a PendingIntent or an AlarmReceiver
07-03 06:01:15.968  3058  3192 I BatteryMgr:DataCollectionService: stats => 1688378475968,-151213,4216
07-03 06:01:16.784   756  2061 D WificondControl: Scan result ready event
07-03 06:01:16.982  3058  3192 I BatteryMgr:DataCollectionService: stats => 1688378476982,-151213,4216
07-03 06:01:17.998  3058  3192 I BatteryMgr:DataCollectionService: stats => 1688378477998,-265043,4216
07-03 06:01:19.012  3058  3192 I BatteryMgr:DataCollectionService: stats => 1688378479011,-265043,4216
07-03 06:01:20.026  3058  3192 I BatteryMgr:DataCollectionService: stats => 1688378480025,-265043,4216
07-03 06:01:20.670   756 15221 I WifiService: getWifiEnabledState uid=10019
07-03 06:01:20.676   756  2057 W AlarmManager: Alarms must either supply a PendingIntent or an AlarmReceiver
07-03 06:01:21.047  3058  3192 I BatteryMgr:DataCollectionService: stats => 1688378481046,-265043,4216
07-03 06:01:21.797   756  1317 D WificondControl: Scan result ready event
07-03 06:01:22.058  3058  3192 I BatteryMgr:DataCollectionService: stats => 1688378482058,-265043,4216
07-03 06:01:23.071  3058  3192 I BatteryMgr:DataCollectionService: stats => 1688378483070,-265043,4216
07-03 06:01:24.082  3058  3192 I BatteryMgr:DataCollectionService: stats => 1688378484081,-265043,4216
07-03 06:01:25.094  3058  3192 I BatteryMgr:DataCollectionService: stats => 1688378485093,-265043,4216
07-03 06:01:25.688   756  3112 I WifiService: getWifiEnabledState uid=10019
07-03 06:01:25.693   756 13003 W AlarmManager: Alarms must either supply a PendingIntent or an AlarmReceiver
07-03 06:01:26.104  3058  3192 I BatteryMgr:DataCollectionService: stats => 1688378486104,-265043,4216
07-03 06:01:26.811   756   768 D WificondControl: Scan result ready event
07-03 06:01:27.117  3058  3192 I BatteryMgr:DataCollectionService: stats => 1688378487116,-265043,4216
07-03 06:01:28.129  3058  3192 I BatteryMgr:DataCollectionService: stats => 1688378488128,-265043,4216
07-03 06:01:29.142  3058  3192 I BatteryMgr:DataCollectionService: stats => 1688378489141,-265043,4216
07-03 06:01:30.154  3058  3192 I BatteryMgr:DataCollectionService: stats => 1688378490153,-265043,4216
07-03 06:01:30.704   756  3112 I WifiService: getWifiEnabledState uid=10019
07-03 06:01:30.709   756  2060 W AlarmManager: Alarms must either supply a PendingIntent or an AlarmReceiver
07-03 06:01:31.167  3058  3192 I BatteryMgr:DataCollectionService: stats => 1688378491167,-265043,4216
07-03 06:01:31.927   756 13002 D WificondControl: Scan result ready event
07-03 06:01:32.181  3058  3192 I BatteryMgr:DataCollectionService: stats => 1688378492180,-265043,4216
07-03 06:01:33.193  3058  3192 I BatteryMgr:DataCollectionService: stats => 1688378493193,-265043,4216
07-03 06:01:34.205  3058  3192 I BatteryMgr:DataCollectionService: stats => 1688378494205,-265043,4216
07-03 06:01:35.219  3058  3192 I BatteryMgr:DataCollectionService: stats => 1688378495219,-265043,4216
07-03 06:01:35.722   756 13002 I WifiService: getWifiEnabledState uid=10019
07-03 06:01:35.727   756 15230 W AlarmManager: Alarms must either supply a PendingIntent or an AlarmReceiver
07-03 06:01:36.234  3058  3192 I BatteryMgr:DataCollectionService: stats => 1688378496234,-265043,4216
07-03 06:01:36.945   756 15221 D WificondControl: Scan result ready event
07-03 06:01:37.246  3058  3192 I BatteryMgr:DataCollectionService: stats => 1688378497246,-265043,4216
07-03 06:01:38.260  3058  3192 I BatteryMgr:DataCollectionService: stats => 1688378498260,-265043,4216
07-03 06:01:39.275  3058  3192 I BatteryMgr:DataCollectionService: stats => 1688378499274,-265043,4216
07-03 06:01:40.290  3058  3192 I BatteryMgr:DataCollectionService: stats => 1688378500289,-265043,4216
07-03 06:01:40.740   756 15226 I WifiService: getWifiEnabledState uid=10019
07-03 06:01:40.746   756  2055 W AlarmManager: Alarms must either supply a PendingIntent or an AlarmReceiver
07-03 06:01:41.156   756   765 I zygote64: Background concurrent copying GC freed 78550(3MB) AllocSpace objects, 12(496KB) LOS objects, 42% free, 17MB/29MB, paused 217us total 117.656ms
07-03 06:01:41.304  3058  3192 I BatteryMgr:DataCollectionService: stats => 1688378501304,-265043,4216
07-03 06:01:41.958   756  2062 D WificondControl: Scan result ready event
07-03 06:01:42.318  3058  3192 I BatteryMgr:DataCollectionService: stats => 1688378502318,-265043,4216
07-03 06:01:43.331  3058  3192 I BatteryMgr:DataCollectionService: stats => 1688378503331,-265043,4216
07-03 06:01:44.344  3058  3192 I BatteryMgr:DataCollectionService: stats => 1688378504344,-265043,4216
07-03 06:01:45.355  3058  3192 I BatteryMgr:DataCollectionService: stats => 1688378505355,-265043,4216
07-03 06:01:45.756   756 15221 I WifiService: getWifiEnabledState uid=10019
07-03 06:01:45.761   756  2057 W AlarmManager: Alarms must either supply a PendingIntent or an AlarmReceiver
07-03 06:01:46.368  3058  3192 I BatteryMgr:DataCollectionService: stats => 1688378506368,-265043,4216
07-03 06:01:46.972   756 15228 D WificondControl: Scan result ready event
07-03 06:01:47.382  3058  3192 I BatteryMgr:DataCollectionService: stats => 1688378507381,-265043,4216
07-03 06:01:48.394  3058  3192 I BatteryMgr:DataCollectionService: stats => 1688378508393,-172881,4216
07-03 06:01:49.406  3058  3192 I BatteryMgr:DataCollectionService: stats => 1688378509405,-172881,4216
07-03 06:01:50.418  3058  3192 I BatteryMgr:DataCollectionService: stats => 1688378510417,-172881,4216
07-03 06:01:50.772   756  2063 I WifiService: getWifiEnabledState uid=10019
07-03 06:01:51.430  3058  3192 I BatteryMgr:DataCollectionService: stats => 1688378511429,-172881,4216
07-03 06:01:51.993   756  3112 D WificondControl: Scan result ready event
07-03 06:01:52.442  3058  3192 I BatteryMgr:DataCollectionService: stats => 1688378512442,-172881,4216
07-03 06:01:53.454  3058  3192 I BatteryMgr:DataCollectionService: stats => 1688378513454,-172881,4216
07-03 06:01:54.467  3058  3192 I BatteryMgr:DataCollectionService: stats => 1688378514466,-172881,4216
07-03 06:01:55.479  3058  3192 I BatteryMgr:DataCollectionService: stats => 1688378515478,-172881,4216
07-03 06:01:55.787   756  2062 I WifiService: getWifiEnabledState uid=10019
07-03 06:01:56.493  3058  3192 I BatteryMgr:DataCollectionService: stats => 1688378516492,-172881,4216
07-03 06:01:56.999   756 15229 D WificondControl: Scan result ready event
07-03 06:01:50.778   756  2057 I chatty  : uid=1000(system) Binder:756_16 identical 1 line
07-03 06:01:55.792   756  2057 W AlarmManager: Alarms must either supply a PendingIntent or an AlarmReceiver
07-03 06:01:57.337   756   782 E NotificationService: Suppressing notification from package by user request.
07-03 06:01:57.704   756  2057 I ActivityManager: Force stopping e.www.gpstest appid=10171 user=0: from pid 3280
07-03 06:01:57.704   756  2057 I ActivityManager: Killing 3128:e.www.gpstest/u0a171 (adj 0): stop e.www.gpstest
07-03 06:01:57.705   756   784 W zygote64: kill(-3128, 9) failed: No such process
07-03 06:01:57.706   756  2057 W ActivityManager: Force removing ActivityRecord{ff71441 u0 e.www.gpstest/.MainActivity t766}: app died, no saved state
07-03 06:01:57.711   756  2057 I WindowManager: Failed to capture screenshot of Token{fa59de6 ActivityRecord{ff71441 u0 e.www.gpstest/.MainActivity t766 f}} appWin=Window{ec875a5 u0 e.www.gpstest/e.www.gpstest.MainActivity} drawState=4
07-03 06:01:57.744  1466  1466 D CarrierSvcBindHelper: No carrier app for: 0
07-03 06:01:57.749   756   784 W zygote64: kill(-3128, 9) failed: No such process
07-03 06:01:57.749   756   784 I zygote64: Successfully killed process cgroup uid 10171 pid 3128 in 44ms
07-03 06:01:57.750 25183 25194 I FusedLocation: stationary throttling engaged [CONTEXT service_id=6 ]
07-03 06:01:57.751   756 15226 I GnssLocationProvider: WakeLock acquired by sendMessage(SET_REQUEST, 0, com.android.server.location.GnssLocationProvider$GpsRequest@fa9c800)
07-03 06:01:57.752   756   781 I GnssLocationProvider: WakeLock released by handleMessage(SET_REQUEST, 0, com.android.server.location.GnssLocationProvider$GpsRequest@fa9c800)
07-03 06:01:57.752 25183 25283 I FusedLocation: stationary throttling disengaged [CONTEXT service_id=6 ]
07-03 06:01:57.759   756   791 W ActivityManager: setHasOverlayUi called on unknown pid: 3128
07-03 06:01:57.761  3076  3076 D RegisteredNfcFServicesCache: Service unchanged, not updating
07-03 06:01:57.797 13208 13208 I GoogleInputMethodService: GoogleInputMethodService.onFinishInput():3306 
07-03 06:01:57.799 13208 13208 I GoogleInputMethodService: GoogleInputMethodService.updateDeviceLockedStatus():2127 repeatCheckTimes = 0, locked = false
07-03 06:01:57.799 13208 13208 I GoogleInputMethodService: GoogleInputMethodService.onStartInput():1909 onStartInput(EditorInfo{inputType=0x0(NULL) imeOptions=0x0 privateImeOptions=null actionName=UNSPECIFIED actionLabel=null actionId=0 initialSelStart=-1 initialSelEnd=-1 initialCapsMode=0x0 hintText=null label=null packageName=com.example.batterymanager_utility fieldId=-1 fieldName=null extras=null hintLocales=[]}, false)
07-03 06:01:57.799 13208 13208 I GoogleInputMethodService: GoogleInputMethodService.shouldHideHeaderOnInitialState():1990 ShouldHideHeaderOnInitialState = false
07-03 06:01:57.800 13208 13208 I GoogleInputMethodService: GoogleInputMethodService.updateDeviceLockedStatus():2127 repeatCheckTimes = 1, locked = false
07-03 06:02:00.805   756  3108 I WifiService: getWifiEnabledState uid=10019
07-03 06:02:00.809   756  1486 W AlarmManager: Alarms must either supply a PendingIntent or an AlarmReceiver
07-03 06:02:00.814   756  1000 E WifiScanningService: Got invalid work source request: WorkSource{} from ClientInfo[uid=10019,android.os.Messenger@e9dbe25]
07-03 06:02:01.361   756  2058 I ActivityManager: Force stopping com.example.batterymanager_utility appid=10111 user=0: from pid 3296
07-03 06:02:01.362   756  2058 I ActivityManager: Killing 3058:com.example.batterymanager_utility/u0a111 (adj 0): stop com.example.batterymanager_utility
07-03 06:02:01.362   756  2058 W ActivityManager: Force removing ActivityRecord{d96486 u0 com.example.batterymanager_utility/.MainActivity t765}: app died, no saved state
07-03 06:02:01.363   756   784 W zygote64: kill(-3058, 9) failed: No such process
07-03 06:02:01.367   756  2058 I WindowManager: Failed to capture screenshot of Token{ed4d147 ActivityRecord{d96486 u0 com.example.batterymanager_utility/.MainActivity t765 f}} appWin=Window{fd93b0e u0 com.example.batterymanager_utility/com.example.batterymanager_utility.MainActivity} drawState=4
07-03 06:02:01.408   756   784 W zygote64: kill(-3058, 9) failed: No such process
07-03 06:02:01.408   756   784 I zygote64: Successfully killed process cgroup uid 10111 pid 3058 in 45ms
07-03 06:02:01.421   756   791 W ActivityManager: setHasOverlayUi called on unknown pid: 3058
07-03 06:02:01.421  1466  1466 D CarrierSvcBindHelper: No carrier app for: 0
07-03 06:02:01.426  3166  3166 D PrimesStartupMeasure: Error handling StartupMeasure's onActivityResume
07-03 06:02:01.426  3166  3166 D PrimesStartupMeasure: java.lang.NullPointerException: Attempt to invoke virtual method 'android.view.ViewTreeObserver android.view.View.getViewTreeObserver()' on a null object reference
07-03 06:02:01.426  3166  3166 D PrimesStartupMeasure: 	at com.google.android.libraries.performance.primes.metrics.h.m.onActivityResumed(PG:3)
07-03 06:02:01.426  3166  3166 D PrimesStartupMeasure: 	at android.app.Application.dispatchActivityResumed(Application.java:216)
07-03 06:02:01.426  3166  3166 D PrimesStartupMeasure: 	at android.app.Activity.onResume(Activity.java:1313)
07-03 06:02:01.426  3166  3166 D PrimesStartupMeasure: 	at com.android.launcher3.Launcher.onResume(PG:1)
07-03 06:02:01.426  3166  3166 D PrimesStartupMeasure: 	at android.app.Instrumentation.callActivityOnResume(Instrumentation.java:1355)
07-03 06:02:01.426  3166  3166 D PrimesStartupMeasure: 	at android.app.Activity.performResume(Activity.java:7117)
07-03 06:02:01.426  3166  3166 D PrimesStartupMeasure: 	at android.app.ActivityThread.performResumeActivity(ActivityThread.java:3556)
07-03 06:02:01.426  3166  3166 D PrimesStartupMeasure: 	at android.app.ActivityThread.handleResumeActivity(ActivityThread.java:3621)
07-03 06:02:01.426  3166  3166 D PrimesStartupMeasure: 	at android.app.ActivityThread$H.handleMessage(ActivityThread.java:1638)
07-03 06:02:01.426  3166  3166 D PrimesStartupMeasure: 	at android.os.Handler.dispatchMessage(Handler.java:106)
07-03 06:02:01.426  3166  3166 D PrimesStartupMeasure: 	at android.os.Looper.loop(Looper.java:164)
07-03 06:02:01.426  3166  3166 D PrimesStartupMeasure: 	at android.app.ActivityThread.main(ActivityThread.java:6494)
07-03 06:02:01.426  3166  3166 D PrimesStartupMeasure: 	at java.lang.reflect.Method.invoke(Native Method)
07-03 06:02:01.426  3166  3166 D PrimesStartupMeasure: 	at com.android.internal.os.RuntimeInit$MethodAndArgsCaller.run(RuntimeInit.java:438)
07-03 06:02:01.426  3166  3166 D PrimesStartupMeasure: 	at com.android.internal.os.ZygoteInit.main(ZygoteInit.java:807)
07-03 06:02:01.428  3076  3076 D RegisteredNfcFServicesCache: Service unchanged, not updating
07-03 06:02:01.433   428   428 D SurfaceFlinger: duplicate layer name: changing com.google.android.googlequicksearchbox/com.google.android.launcher.GEL to com.google.android.googlequicksearchbox/com.google.android.launcher.GEL#1
07-03 06:02:01.448 30320 30320 I GsaVoiceInteractionSrv: Handling ACTION_START_HOTWORD
07-03 06:02:01.448 30320 30376 I GsaVoiceInteractionSrv: (REDACTED) disregardHotwordSetting: %b
07-03 06:02:01.448 30320 30376 I GsaVoiceInteractionSrv: Cannot start hotword, hotword has been explicitly disabled.
07-03 06:02:01.458 13208 13208 I GoogleInputMethodService: GoogleInputMethodService.onFinishInput():3306 
07-03 06:02:01.463 13208 13208 I GoogleInputMethodService: GoogleInputMethodService.updateDeviceLockedStatus():2127 repeatCheckTimes = 0, locked = false
