06-11 13:02:19.495  3126  3339 E NxpHal  : write_unlocked failed - PN54X Maybe in Standby Mode - Retry
06-11 13:02:20.431  3721  3860 I BatteryMgr:DataCollectionService: stats => 1686502940431,-783839,4117
06-11 13:02:21.440  3721  3860 I BatteryMgr:DataCollectionService: stats => 1686502941440,-319059,4117
06-11 13:02:22.321 13079 21712 W Nearby  : [MBleClient] Ignore outdated onLost runnable from cycle : 19, current cycle : 24 [CONTEXT service_id=49 ]
06-11 13:02:22.431 13079 21712 W Nearby  : [MBleClient] Ignore outdated onLost runnable from cycle : 20, current cycle : 24 [CONTEXT service_id=49 ]
06-11 13:02:22.446  3721  3860 I BatteryMgr:DataCollectionService: stats => 1686502942446,-319059,4117
06-11 13:02:23.454  3721  3860 I BatteryMgr:DataCollectionService: stats => 1686502943454,-319059,4117
06-11 13:02:24.462  3721  3860 I BatteryMgr:DataCollectionService: stats => 1686502944462,-319059,4117
06-11 13:02:25.469  3721  3860 I BatteryMgr:DataCollectionService: stats => 1686502945468,-319059,4117
06-11 13:02:26.477  3721  3860 I BatteryMgr:DataCollectionService: stats => 1686502946476,-319059,4117
06-11 13:02:27.490  3721  3860 I BatteryMgr:DataCollectionService: stats => 1686502947490,-319059,4117
06-11 13:02:27.978   633  3792 E mm-camera-sensor: port_sensor_handle_aec_update:444miss aec update window, skip
06-11 13:02:28.111   633  3792 E mm-camera-sensor: port_sensor_handle_aec_update:444miss aec update window, skip
06-11 13:02:28.496  3721  3860 I BatteryMgr:DataCollectionService: stats => 1686502948496,-319059,4117
06-11 13:02:29.503  3721  3860 I BatteryMgr:DataCollectionService: stats => 1686502949503,-319059,4117
06-11 13:02:30.509  3721  3860 I BatteryMgr:DataCollectionService: stats => 1686502950509,-319059,4117
06-11 13:02:31.519  3721  3860 I BatteryMgr:DataCollectionService: stats => 1686502951519,-319059,4117
06-11 13:02:32.525  3721  3860 I BatteryMgr:DataCollectionService: stats => 1686502952525,-319059,4117
06-11 13:02:32.780   633  3792 E mm-camera-sensor: port_sensor_handle_aec_update:444miss aec update window, skip
06-11 13:02:33.532  3721  3860 I BatteryMgr:DataCollectionService: stats => 1686502953532,-319059,4117
06-11 13:02:34.532  3126  3368 E NxpTml  : _i2c_write() errno : 5
06-11 13:02:34.532  3126  3368 E NxpTml  : PN54X - Error in I2C Write.....
06-11 13:02:34.532  3126  3370 E NxpHal  : write error status = 0x1ff
06-11 13:02:34.532  3126  3339 E NxpHal  : write_unlocked failed - PN54X Maybe in Standby Mode - Retry
06-11 13:02:34.539  3721  3860 I BatteryMgr:DataCollectionService: stats => 1686502954538,-319059,4117
06-11 13:02:35.546  3721  3860 I BatteryMgr:DataCollectionService: stats => 1686502955545,-319059,4117
06-11 13:02:36.558  3721  3860 I BatteryMgr:DataCollectionService: stats => 1686502956558,-319059,4117
06-11 13:02:37.568  3721  3860 I BatteryMgr:DataCollectionService: stats => 1686502957567,-319059,4117
06-11 13:02:38.578  3721  3860 I BatteryMgr:DataCollectionService: stats => 1686502958578,-319059,4117
06-11 13:02:39.379   633  3792 E mm-camera-sensor: port_sensor_handle_aec_update:444miss aec update window, skip
06-11 13:02:39.592  3721  3860 I BatteryMgr:DataCollectionService: stats => 1686502959592,-319059,4117
06-11 13:02:40.600  3721  3860 I BatteryMgr:DataCollectionService: stats => 1686502960599,-319059,4117
06-11 13:02:41.607  3721  3860 I BatteryMgr:DataCollectionService: stats => 1686502961607,-319059,4117
06-11 13:02:41.846   633  3792 E mm-camera-sensor: port_sensor_handle_aec_update:444miss aec update window, skip
06-11 13:02:42.617  3721  3860 I BatteryMgr:DataCollectionService: stats => 1686502962617,-319059,4117
06-11 13:02:42.956   753 15608 D ConnectivityService: requestNetwork for uid/pid:10097/28433 NetworkRequest [ TRACK_DEFAULT id=528, [ Capabilities: INTERNET&NOT_RESTRICTED&TRUSTED&NOT_VPN] ]
06-11 13:02:42.958   753   960 D WIFI    : got request NetworkRequest [ TRACK_DEFAULT id=528, [ Capabilities: INTERNET&NOT_RESTRICTED&TRUSTED&NOT_VPN] ] with score 60
06-11 13:02:42.959   753   960 D WIFI_UT : got request NetworkRequest [ TRACK_DEFAULT id=528, [ Capabilities: INTERNET&NOT_RESTRICTED&TRUSTED&NOT_VPN] ] with score 60
06-11 13:02:42.959   753  1243 D Ethernet: got request NetworkRequest [ TRACK_DEFAULT id=528, [ Capabilities: INTERNET&NOT_RESTRICTED&TRUSTED&NOT_VPN] ] with score 60
06-11 13:02:42.960  1539  1539 D PhoneSwitcherNetworkRequstListener: got request NetworkRequest [ TRACK_DEFAULT id=528, [ Capabilities: INTERNET&NOT_RESTRICTED&TRUSTED&NOT_VPN] ] with score 60
06-11 13:02:43.026   753  1000 D ConnectivityService: releasing NetworkRequest [ TRACK_DEFAULT id=528, [ Capabilities: INTERNET&NOT_RESTRICTED&TRUSTED&NOT_VPN] ] (release request)
06-11 13:02:43.630  3721  3860 I BatteryMgr:DataCollectionService: stats => 1686502963630,-319059,4117
06-11 13:02:44.636  3721  3860 I BatteryMgr:DataCollectionService: stats => 1686502964636,-319059,4117
06-11 13:02:45.642  3721  3860 I BatteryMgr:DataCollectionService: stats => 1686502965642,-319059,4117
06-11 13:02:46.177   753   782 I WifiService: requestActivityInfo uid=1000
06-11 13:02:46.177   753   782 I WifiService: reportActivityInfo uid=1000
06-11 13:02:46.177   753   782 I WifiService: getSupportedFeatures uid=1000
06-11 13:02:46.190   753  3239 D WificondControl: Scan result ready event
06-11 13:02:46.212   753   782 E BatteryExternalStatsWorker: no controller energy info supplied for bluetooth
06-11 13:02:46.242 13079 13124 I ChimeraSrvcProxy: NullBinder for android.net.action.RECOMMEND_NETWORKS triggering remote TransactionTooLargeException due to Service without Chimera impl
06-11 13:02:46.654  3721  3860 I BatteryMgr:DataCollectionService: stats => 1686502966654,-319059,4082
06-11 13:02:47.660  3721  3860 I BatteryMgr:DataCollectionService: stats => 1686502967660,-319059,4082
06-11 13:02:48.667  3721  3860 I BatteryMgr:DataCollectionService: stats => 1686502968666,-319059,4082
06-11 13:02:48.976   633  3792 E mm-camera-sensor: port_sensor_handle_aec_update:444miss aec update window, skip
06-11 13:02:49.526  3126  3368 E NxpTml  : _i2c_write() errno : 5
06-11 13:02:49.526  3126  3368 E NxpTml  : PN54X - Error in I2C Write.....
06-11 13:02:49.526  3126  3370 E NxpHal  : write error status = 0x1ff
06-11 13:02:49.526  3126  3339 E NxpHal  : write_unlocked failed - PN54X Maybe in Standby Mode - Retry
06-11 13:02:49.673  3721  3860 I BatteryMgr:DataCollectionService: stats => 1686502969673,-319059,4082
06-11 13:02:50.619   578  1411 D NuPlayerDriver: stop(0xf1313100)
06-11 13:02:50.619   578  1411 D NuPlayerDriver: notifyListener_l(0xf1313100), (8, 0, 0, -1), loop setting(0, 0)
06-11 13:02:50.620  1344  1788 W MessageQueue: Handler (android.media.MediaPlayer$EventHandler) {2a2a151} sending message to a Handler on a dead thread
06-11 13:02:50.620  1344  1788 W MessageQueue: java.lang.IllegalStateException: Handler (android.media.MediaPlayer$EventHandler) {2a2a151} sending message to a Handler on a dead thread
06-11 13:02:50.620  1344  1788 W MessageQueue: 	at android.os.MessageQueue.enqueueMessage(MessageQueue.java:545)
06-11 13:02:50.620  1344  1788 W MessageQueue: 	at android.os.Handler.enqueueMessage(Handler.java:662)
06-11 13:02:50.620  1344  1788 W MessageQueue: 	at android.os.Handler.sendMessageAtTime(Handler.java:631)
06-11 13:02:50.620  1344  1788 W MessageQueue: 	at android.os.Handler.sendMessageDelayed(Handler.java:601)
06-11 13:02:50.620  1344  1788 W MessageQueue: 	at android.os.Handler.sendMessage(Handler.java:538)
06-11 13:02:50.620  1344  1788 W MessageQueue: 	at android.media.MediaPlayer.postEventFromNative(MediaPlayer.java:3461)
06-11 13:02:50.620  1344  3907 V MediaPlayer: resetDrmState:  mDrmInfo=null mDrmProvisioningThread=null mPrepareDrmInProgress=false mActiveDrmScheme=false
06-11 13:02:50.620  1344  3907 V MediaPlayer: cleanDrmObj: mDrmObj=null mDrmSessionId=null
06-11 13:02:50.620   578   578 D NuPlayerDriver: reset(0xf1313100) at state 8
06-11 13:02:50.621   753   779 E NotificationService: Suppressing notification from package by user request.
06-11 13:02:50.638   578  3863 D NuPlayerDriver: notifyResetComplete(0xf1313100)
06-11 13:02:50.854   753   765 I ActivityManager: Force stopping e.www.cameratest appid=10179 user=0: from pid 3921
06-11 13:02:50.855   753   765 I ActivityManager: Killing 3752:e.www.cameratest/u0a179 (adj 0): stop e.www.cameratest
06-11 13:02:50.855   753   765 W ActivityManager: Force removing ActivityRecord{81785e4 u0 e.www.cameratest/.MainActivity t871}: app died, no saved state
06-11 13:02:50.855   753   781 W zygote64: kill(-3752, 9) failed: No such process
06-11 13:02:50.860   753   765 I WindowManager: Failed to capture screenshot of Token{f27aa4d ActivityRecord{81785e4 u0 e.www.cameratest/.MainActivity t871 f}} appWin=Window{66a3cd6 u0 e.www.cameratest/e.www.cameratest.MainActivity} drawState=4
06-11 13:02:50.879 18762 18762 I AppBase : AppBase.onTrimMemory():449 onTrimMemory(): 10
06-11 13:02:50.884 18762 18762 I GoogleInputMethodService: GoogleInputMethodService.onTrimMemory():4540 onTrimMemory(): 10
06-11 13:02:50.899   753   781 W zygote64: kill(-3752, 9) failed: No such process
06-11 13:02:50.905  1539  1539 D CarrierSvcBindHelper: No carrier app for: 0
06-11 13:02:50.912   753   789 W ActivityManager: setHasOverlayUi called on unknown pid: 3752
06-11 13:02:50.922   566   566 I Camera3-Device: disconnect: E
06-11 13:02:50.922   566   566 I CameraLatencyHistogram: ProcessCaptureRequest latency histogram (5) samples:
06-11 13:02:50.923   566   566 I CameraLatencyHistogram:        40     80    120    160    200    240    280    320    360    inf (max ms)
06-11 13:02:50.923   566   566 I CameraLatencyHistogram:      80.00   0.00   20.00   0.00   0.00   0.00   0.00   0.00   0.00   0.00 (%)
06-11 13:02:50.928  3126  3126 D RegisteredNfcFServicesCache: Service unchanged, not updating
06-11 13:02:50.929   566   566 E mm-camera-intf: mm_camera_poll_thread_del_poll_fd: invalid handler 52739 (3)
06-11 13:02:50.931   633  3789 E mm-camera: module_faceproc_port_event_func:794] FD_STREAMOFF 0 20004
06-11 13:02:50.932   633  3789 E mm-camera: iface_streamoff_to_thread: E, session id = 2, user stream id = 4
06-11 13:02:50.933  3721  3739 I Adreno  : QUALCOMM build                   : 8e59954, I0be83d0d26
06-11 13:02:50.933  3721  3739 I Adreno  : Build Date                       : 09/22/17
06-11 13:02:50.933  3721  3739 I Adreno  : OpenGL ES Shader Compiler Version: EV031.21.02.00
06-11 13:02:50.933  3721  3739 I Adreno  : Local Branch                     : O17A
06-11 13:02:50.933  3721  3739 I Adreno  : Remote Branch                    : 
06-11 13:02:50.933  3721  3739 I Adreno  : Remote Branch                    : 
06-11 13:02:50.933  3721  3739 I Adreno  : Reconstruct Branch               : 
06-11 13:02:50.933   633  3776 E mm-camera: iface_streamoff: E, session_id 2 mct_stream_id = 4
06-11 13:02:50.933   633  3776 E mm-camera: iface_util_get_user_streams_by_bundle: streamoff, first bundled streamoff all bindled streams!
06-11 13:02:50.933   633  3776 E mm-camera: iface_util_update_streamon_id: left stream on count 1, skip hw streamoff
06-11 13:02:50.943   753   781 W zygote64: kill(-3752, 9) failed: No such process
06-11 13:02:50.943   753   781 I zygote64: Successfully killed process cgroup uid 10179 pid 3752 in 87ms
06-11 13:02:50.945  3721  3739 D vndksupport: Loading /vendor/lib64/hw/gralloc.msm8992.so from current namespace instead of sphal namespace.
06-11 13:02:50.946   633  3826 E mm-camera: iface_axi_cfg_stats_stream_stop: stats_cmd: enable  = 0, num of stats stream = 6
06-11 13:02:50.947   633  3776 E mm-camera: iface_ispif_get_cfg_params_from_hw_streams: interace 0 active count = 1, skip stop ispif 
06-11 13:02:50.948  3721  3739 I Adreno  : PFP: 0x00000000, ME: 0x00000000
06-11 13:02:50.949   633  3776 E mm-camera: iface_ispif_streamoff: X, rc = 0
06-11 13:02:50.949   633  3776 E mm-camera: iface_streamoff: session_id = 2, active_streams = 0
06-11 13:02:50.949   633  3776 E mm-camera: iface_streamoff: X
06-11 13:02:50.949   633  3789 E mm-camera: iface_streamoff_to_thread: X, session id = 2, user stream id = 4
06-11 13:02:50.950   566   566 E mm-camera-intf: mm_camera_poll_thread_del_poll_fd: invalid handler 52225 (1)
06-11 13:02:50.950   633  3789 E mm-camera: iface_streamoff_to_thread: E, session id = 2, user stream id = 2
06-11 13:02:50.950   633  3776 E mm-camera: iface_streamoff: E, session_id 2 mct_stream_id = 2
06-11 13:02:50.950   633  3776 E mm-camera: iface_util_get_user_streams_by_bundle: skip streamoff! left 1 bundled streamoff, mct stream id 2total bundled stream num = 3
06-11 13:02:50.950   633  3776 E mm-camera: iface_streamoff: X
06-11 13:02:50.950   633  3789 E mm-camera: iface_streamoff_to_thread: X, session id = 2, user stream id = 2
06-11 13:02:50.950   633  3789 E mm-camera: iface_util_set_frame_skip_all_stream: session id = 2, skip pattern = 0
06-11 13:02:50.952   633  3789 E mm-camera: cpp_module_handle_streamoff_event:3462, info: doing stream-off for identity 0x20003
06-11 13:02:50.952   633  3789 E mm-camera: cpp_module_handle_streamoff_event:3566] iden:0x20003, linked_params:0x0
06-11 13:02:50.952   633  3789 E mm-camera: cpp_hardware_process_streamoff:731] skip_iden:0x0, duplicate_stream_status:0x0
06-11 13:02:50.953   633  3782 E mm-camera: :cpp_hardware_set_clock:333 Set clock 320000000 BW abg 0 BW inst 0
06-11 13:02:50.953  3721  3739 I zygote64: android::hardware::configstore::V1_0::ISurfaceFlingerConfigs::hasWideColorDisplay retrieved: 0
06-11 13:02:50.953   633  3789 E mm-camera: cpp_module_handle_streamoff_event:3611, info: stream-off done for identity 0x20003
06-11 13:02:50.954  3721  3739 I OpenGLRenderer: Initialized EGL, version 1.4
06-11 13:02:50.954  3721  3739 D OpenGLRenderer: Swap behavior 2
06-11 13:02:50.954   633  3789 E mm-camera: iface_streamoff_to_thread: E, session id = 2, user stream id = 3
06-11 13:02:50.954   633  3776 E mm-camera: iface_streamoff: E, session_id 2 mct_stream_id = 3
06-11 13:02:50.955   633  3776 E mm-camera: iface_util_get_user_streams_by_bundle: skip streamoff! left 0 bundled streamoff, mct stream id 3total bundled stream num = 3
06-11 13:02:50.955   633  3826 E mm-camera: iface_axi_stats_stream_unconfig: release stats stream id 80010003, handle 505
06-11 13:02:50.955   633  3826 E mm-camera: iface_stats_unreg_buf: last VFE close, relase stats buffer
06-11 13:02:50.955   633  3826 E mm-camera: iface_axi_stats_stream_unconfig: release stats stream id 80010007, handle 302
06-11 13:02:50.955   633  3826 E mm-camera: iface_stats_unreg_buf: last VFE close, relase stats buffer
06-11 13:02:50.956   633  3826 E mm-camera: iface_axi_stats_stream_unconfig: release stats stream id 80010008, handle 203
06-11 13:02:50.956   633  3826 E mm-camera: iface_stats_unreg_buf: last VFE close, relase stats buffer
06-11 13:02:50.956   633  3826 E mm-camera: iface_axi_stats_stream_unconfig: release stats stream id 80010009, handle 401
06-11 13:02:50.956   633  3826 E mm-camera: iface_stats_unreg_buf: last VFE close, relase stats buffer
06-11 13:02:50.956   633  3826 E mm-camera: iface_axi_stats_stream_unconfig: release stats stream id 8001000a, handle 608
06-11 13:02:50.956   633  3826 E mm-camera: iface_stats_unreg_buf: last VFE close, relase stats buffer
06-11 13:02:50.956   633  3826 E mm-camera: iface_axi_stats_stream_unconfig: release stats stream id 8001000b, handle 700
06-11 13:02:50.956   633  3826 E mm-camera: iface_stats_unreg_buf: last VFE close, relase stats buffer
06-11 13:02:50.958   633  3776 E mm-camera: iface_util_release_resource: camif_cnt= 1 rdi_cnt= 0 used mask 10000
06-11 13:02:50.958   633  3776 E mm-camera: iface_util_release_resource: camif_cnt= 0 rdi_cnt= 0 used mask 0
06-11 13:02:50.959   633  3776 E mm-camera: iface_streamoff: all bundled stream streamoff, clear hal bundled mask
06-11 13:02:50.959   633  3776 E mm-camera: iface_streamoff: X
06-11 13:02:50.959   633  3789 E mm-camera: iface_streamoff_to_thread: X, session id = 2, user stream id = 3
06-11 13:02:50.959   633  3789 E mm-camera: sensor_pdaf_deinit:4287failed to open pdaf3 init library function
06-11 13:02:50.962 18762 18762 I GoogleInputMethodService: GoogleInputMethodService.onFinishInput():3307 
06-11 13:02:50.964 18762 18762 I GoogleInputMethodService: GoogleInputMethodService.updateDeviceLockedStatus():2137 repeatCheckTimes = 0, locked = false
06-11 13:02:50.964 18762 18762 I GoogleInputMethodService: GoogleInputMethodService.onStartInput():1917 onStartInput(EditorInfo{inputType=0x0(NULL) imeOptions=0x0 privateImeOptions=null actionName=UNSPECIFIED actionLabel=null actionId=0 initialSelStart=-1 initialSelEnd=-1 initialCapsMode=0x0 hintText=null label=null packageName=com.example.batterymanager_utility fieldId=-1 fieldName=null extras=null hintLocales=[]}, false)
06-11 13:02:50.964 18762 18762 I GoogleInputMethodService: GoogleInputMethodService.shouldHideHeaderOnInitialState():1998 ShouldHideHeaderOnInitialState = false
06-11 13:02:50.964 18762 18762 I GoogleInputMethodService: GoogleInputMethodService.updateDeviceLockedStatus():2137 repeatCheckTimes = 1, locked = false
06-11 13:02:50.987   566   566 I QCamera3HWI: ~QCamera3HardwareInterface: stopping channel 51712
06-11 13:02:50.987   566   566 E QCamera3Channel: stop: Attempt to stop inactive channel
06-11 13:02:50.988   633  3789 E mm-camera: port_iface_ext_unlink_func: E, identity = 0x20002, port = 0xee9af680, direction = 2
06-11 13:02:50.988   633  3789 E mm-camera: port_iface_check_caps_unreserve_func:  E, identity = 0x20002, port = 0xee9af680, direction = 2
06-11 13:02:50.988   633  3789 E mm-camera: iface_unreserve_sink_port: stream_id 2 mode 0 
06-11 13:02:50.989   633  3789 E mm-camera: port_iface_ext_unlink_func: E, identity = 0x20002, port = 0xee9af980, direction = 1
06-11 13:02:50.989   633  3789 E mm-camera: iface_ext_unlink_src_port: mct stream already removed from hw stream
06-11 13:02:50.989   633  3789 E mm-camera: port_iface_check_caps_unreserve_func:  E, identity = 0x20002, port = 0xee9af980, direction = 1
06-11 13:02:50.989   633  3789 E mm-camera: isp_port_check_caps_unreserve:844 ide 20002 port 0xee55a660
06-11 13:02:50.991   633  3789 E mm-camera: port_iface_ext_unlink_func: E, identity = 0x20003, port = 0xee9af680, direction = 2
06-11 13:02:50.991   633  3789 E mm-camera: port_iface_check_caps_unreserve_func:  E, identity = 0x20003, port = 0xee9af680, direction = 2
06-11 13:02:50.991   633  3789 E mm-camera: iface_unreserve_sink_port: stream_id 3 mode 0 
06-11 13:02:50.991   633  3789 E mm-camera: port_iface_ext_unlink_func: E, identity = 0x20003, port = 0xee9af980, direction = 1
06-11 13:02:50.991   633  3789 E mm-camera: iface_ext_unlink_src_port: mct stream already removed from hw stream
06-11 13:02:50.991   633  3789 E mm-camera: port_iface_check_caps_unreserve_func:  E, identity = 0x20003, port = 0xee9af980, direction = 1
06-11 13:02:50.991   633  3789 E mm-camera: isp_port_check_caps_unreserve:844 ide 20003 port 0xee55a660
06-11 13:02:50.992   633  3789 E mm-camera: cpp_port_check_caps_unreserve:164, identity=0x20003
06-11 13:02:50.992   633  3789 E mm-camera: cpp_port_check_caps_unreserve:174, identity=0x20003, unreserved
06-11 13:02:50.992   633  3789 E mm-camera: cpp_port_check_caps_unreserve:164, identity=0x20003
06-11 13:02:50.992   633  3789 E mm-camera: cpp_port_check_caps_unreserve:174, identity=0x20003, unreserved
06-11 13:02:50.995   633  3789 E mm-camera: port_iface_ext_unlink_func: E, identity = 0x20004, port = 0xee9af680, direction = 2
06-11 13:02:50.995   633  3789 E mm-camera: port_iface_check_caps_unreserve_func:  E, identity = 0x20004, port = 0xee9af680, direction = 2
06-11 13:02:50.995   633  3789 E mm-camera: iface_unreserve_sink_port: stream_id 4 mode 0 
06-11 13:02:50.995   633  3789 E mm-camera: port_iface_ext_unlink_func: E, identity = 0x20004, port = 0xee9af980, direction = 1
06-11 13:02:50.995   633  3789 E mm-camera: iface_ext_unlink_src_port: mct stream already removed from hw stream
06-11 13:02:50.995   633  3789 E mm-camera: port_iface_check_caps_unreserve_func:  E, identity = 0x20004, port = 0xee9af980, direction = 1
06-11 13:02:50.995   633  3789 E mm-camera: isp_port_check_caps_unreserve:844 ide 20004 port 0xee55a660
06-11 13:02:51.000   633  3789 E mm-camera: isp_util_print_meta_stream_info:5716 Deallocate resources
06-11 13:02:51.002   566   566 E QCamera3HWI: ~QCamera3HardwareInterface: deleting channel 51712
06-11 13:02:51.003   633  3789 E mm-camera: mct: mct_pipeline_process_set:2304: Couldn't find stream id: 0
06-11 13:02:51.006   633   633 E mm-camera: port_iface_ext_unlink_func: E, identity = 0x2000f, port = 0xee9af680, direction = 2
06-11 13:02:51.006   633   633 E mm-camera: port_iface_check_caps_unreserve_func:  E, identity = 0x2000f, port = 0xee9af680, direction = 2
06-11 13:02:51.006   633   633 E mm-camera: iface_unreserve_sink_port: stream_id f mode 0 
06-11 13:02:51.006   633   633 E mm-camera: port_iface_ext_unlink_func: E, identity = 0x2000f, port = 0xee9af980, direction = 1
06-11 13:02:51.006   633   633 E mm-camera: iface_ext_unlink_src_port: mct stream already removed from hw stream
06-11 13:02:51.006   633   633 E mm-camera: port_iface_check_caps_unreserve_func:  E, identity = 0x2000f, port = 0xee9af980, direction = 1
06-11 13:02:51.007   633   633 E mm-camera: isp_port_check_caps_unreserve:844 ide 2000f port 0xee55a660
06-11 13:02:51.007   633   633 E mm-camera: c2d_port_check_caps_unreserve:183, identity=0x2000f
06-11 13:02:51.007   633   633 E mm-camera: c2d_port_check_caps_unreserve:193, identity=0x2000f, unreserved
06-11 13:02:51.007   633   633 E mm-camera: c2d_port_check_caps_unreserve:183, identity=0x2000f
06-11 13:02:51.007   633   633 E mm-camera: c2d_port_check_caps_unreserve:193, identity=0x2000f, unreserved
06-11 13:02:51.007   633   633 E mm-camera: cpp_port_check_caps_unreserve:164, identity=0x2000f
06-11 13:02:51.007   633   633 E mm-camera: cpp_port_check_caps_unreserve:174, identity=0x2000f, unreserved
06-11 13:02:51.007   633   633 E mm-camera: cpp_port_check_caps_unreserve:164, identity=0x2000f
06-11 13:02:51.007   633   633 E mm-camera: cpp_port_check_caps_unreserve:174, identity=0x2000f, unreserved
06-11 13:02:51.007   633   633 E mm-camera: q3a_thread_af_stop:679  q3a_thread_af_stop:679 MSG_STOP_THREAD
06-11 13:02:51.008   633   633 D mm-camera: stats_port_delete_reserved_stream:2426: going to NULL peer
06-11 13:02:51.010   633  3927 E mm-camera-isp2: isp_module_stop_session:437 session id 2
06-11 13:02:51.016   633  3929 E mm-camera: cpp_module_stop_session:552, info: stopping session 2 ...
06-11 13:02:51.016   633  3782 E mm-camera: cpp_thread_process_pipe_message:584, CPP_THREAD_MSG_ABORT: cpp_thread exiting..
06-11 13:02:51.018   633  3930 E mm-camera: module_faceproc_stop_session:1804] session cnt 1
06-11 13:02:51.018   633  3929 E mm-camera: cpp_module_stop_session:601, info: session 2 stopped.
06-11 13:02:51.018   633  3929 E mm-camera: c2d_module_stop_session:354, info: stopping session 2 ...
06-11 13:02:51.019   633  3783 E mm-camera: c2d_thread_process_pipe_message:836, C2D_THREAD_MSG_ABORT: c2d_thread exiting..
06-11 13:02:51.027   633  3929 E mm-camera: c2d_module_stop_session:399, info: session 2 stopped.
06-11 13:02:51.028   633  3929 E cac2    :  [cac2latency] cac2_destroy_buffers: 0 ms 
06-11 13:02:51.041   566   566 W Camera3-OutputStream: disconnectLocked: While disconnecting stream 0 from native window, the native window died from under us
06-11 13:02:51.041   566   566 I CameraLatencyHistogram: Stream 0 dequeueBuffer latency histogram (5) samples:
06-11 13:02:51.041   566   566 I CameraLatencyHistogram:         5     10     15     20     25     30     35     40     45    inf (max ms)
06-11 13:02:51.041   566   566 I CameraLatencyHistogram:      0.00   60.00   40.00   0.00   0.00   0.00   0.00   0.00   0.00   0.00 (%)
06-11 13:02:51.041   566   566 I Camera3-Device: disconnect: X
06-11 13:02:51.041   566   566 I Camera3-Device: disconnect: E
06-11 13:02:51.044   566   566 I CameraService: disconnect: Disconnected client for camera 1 for PID 3752
06-11 13:02:51.044   566   566 I Camera2ClientBase: Closed Camera 1. Client was: e.www.cameratest (PID 3752, UID 10179)
06-11 13:02:51.044   566   566 E CameraService: binderDied: Java client's binder died, removing it from the list of active clients
06-11 13:02:54.229   753 12387 I ActivityManager: Force stopping com.example.batterymanager_utility appid=10111 user=0: from pid 3938
06-11 13:02:54.229   753 12387 I ActivityManager: Killing 3721:com.example.batterymanager_utility/u0a111 (adj 0): stop com.example.batterymanager_utility
06-11 13:02:54.231   753   781 W zygote64: kill(-3721, 9) failed: No such process
06-11 13:02:54.231   753 12387 W ActivityManager: Force removing ActivityRecord{404ae33 u0 com.example.batterymanager_utility/.MainActivity t870}: app died, no saved state
06-11 13:02:54.242   753 12387 I WindowManager: Failed to capture screenshot of Token{183e5f0 ActivityRecord{404ae33 u0 com.example.batterymanager_utility/.MainActivity t870 f}} appWin=Window{8d85d95 u0 com.example.batterymanager_utility/com.example.batterymanager_utility.MainActivity} drawState=4
06-11 13:02:54.276   753   781 W zygote64: kill(-3721, 9) failed: No such process
06-11 13:02:54.276   753   781 I zygote64: Successfully killed process cgroup uid 10111 pid 3721 in 45ms
06-11 13:02:54.293   753   789 W ActivityManager: setHasOverlayUi called on unknown pid: 3721
06-11 13:02:54.294  1539  1539 D CarrierSvcBindHelper: No carrier app for: 0
06-11 13:02:54.303  3126  3126 D RegisteredNfcFServicesCache: Service unchanged, not updating
06-11 13:02:54.306 26984 26984 D PrimesStartupMeasure: Error handling StartupMeasure's onActivityResume
06-11 13:02:54.306 26984 26984 D PrimesStartupMeasure: java.lang.NullPointerException: Attempt to invoke virtual method 'android.view.ViewTreeObserver android.view.View.getViewTreeObserver()' on a null object reference
06-11 13:02:54.306 26984 26984 D PrimesStartupMeasure: 	at com.google.android.libraries.performance.primes.metrics.h.m.onActivityResumed(PG:3)
06-11 13:02:54.306 26984 26984 D PrimesStartupMeasure: 	at android.app.Application.dispatchActivityResumed(Application.java:216)
06-11 13:02:54.306 26984 26984 D PrimesStartupMeasure: 	at android.app.Activity.onResume(Activity.java:1313)
06-11 13:02:54.306 26984 26984 D PrimesStartupMeasure: 	at com.android.launcher3.Launcher.onResume(PG:1)
06-11 13:02:54.306 26984 26984 D PrimesStartupMeasure: 	at android.app.Instrumentation.callActivityOnResume(Instrumentation.java:1355)
06-11 13:02:54.306 26984 26984 D PrimesStartupMeasure: 	at android.app.Activity.performResume(Activity.java:7117)
06-11 13:02:54.306 26984 26984 D PrimesStartupMeasure: 	at android.app.ActivityThread.performResumeActivity(ActivityThread.java:3556)
06-11 13:02:54.306 26984 26984 D PrimesStartupMeasure: 	at android.app.ActivityThread.handleResumeActivity(ActivityThread.java:3621)
06-11 13:02:54.306 26984 26984 D PrimesStartupMeasure: 	at android.app.ActivityThread$H.handleMessage(ActivityThread.java:1638)
06-11 13:02:54.306 26984 26984 D PrimesStartupMeasure: 	at android.os.Handler.dispatchMessage(Handler.java:106)
06-11 13:02:54.306 26984 26984 D PrimesStartupMeasure: 	at android.os.Looper.loop(Looper.java:164)
06-11 13:02:54.306 26984 26984 D PrimesStartupMeasure: 	at android.app.ActivityThread.main(ActivityThread.java:6494)
06-11 13:02:54.306 26984 26984 D PrimesStartupMeasure: 	at java.lang.reflect.Method.invoke(Native Method)
06-11 13:02:54.306 26984 26984 D PrimesStartupMeasure: 	at com.android.internal.os.RuntimeInit$MethodAndArgsCaller.run(RuntimeInit.java:438)
06-11 13:02:54.306 26984 26984 D PrimesStartupMeasure: 	at com.android.internal.os.ZygoteInit.main(ZygoteInit.java:807)
06-11 13:02:54.315   428   428 D SurfaceFlinger: duplicate layer name: changing com.google.android.googlequicksearchbox/com.google.android.launcher.GEL to com.google.android.googlequicksearchbox/com.google.android.launcher.GEL#1
06-11 13:02:54.323 26984 27105 I Adreno  : QUALCOMM build                   : 8e59954, I0be83d0d26
06-11 13:02:54.323 26984 27105 I Adreno  : Build Date                       : 09/22/17
06-11 13:02:54.323 26984 27105 I Adreno  : OpenGL ES Shader Compiler Version: EV031.21.02.00
06-11 13:02:54.323 26984 27105 I Adreno  : Local Branch                     : O17A
06-11 13:02:54.323 26984 27105 I Adreno  : Remote Branch                    : 
06-11 13:02:54.323 26984 27105 I Adreno  : Remote Branch                    : 
06-11 13:02:54.323 26984 27105 I Adreno  : Reconstruct Branch               : 
06-11 13:02:54.325 26984 27105 D vndksupport: Loading /vendor/lib64/hw/gralloc.msm8992.so from current namespace instead of sphal namespace.
06-11 13:02:54.327 27061 27061 I GsaVoiceInteractionSrv: Handling ACTION_START_HOTWORD
06-11 13:02:54.327 27061 27107 I GsaVoiceInteractionSrv: (REDACTED) disregardHotwordSetting: %b
06-11 13:02:54.327 27061 27107 I GsaVoiceInteractionSrv: Cannot start hotword, hotword has been explicitly disabled.
06-11 13:02:54.329 26984 27105 I Adreno  : PFP: 0x00000000, ME: 0x00000000
06-11 13:02:54.333 26984 27105 I zygote64: android::hardware::configstore::V1_0::ISurfaceFlingerConfigs::hasWideColorDisplay retrieved: 0
06-11 13:02:54.334 26984 27105 I OpenGLRenderer: Initialized EGL, version 1.4
06-11 13:02:54.334 26984 27105 D OpenGLRenderer: Swap behavior 2
06-11 13:02:54.340 18762 18762 I GoogleInputMethodService: GoogleInputMethodService.onFinishInput():3307 
06-11 13:02:54.341 18762 18762 I GoogleInputMethodService: GoogleInputMethodService.updateDeviceLockedStatus():2137 repeatCheckTimes = 0, locked = false
06-11 13:02:54.342 18762 18762 I GoogleInputMethodService: GoogleInputMethodService.onStartInput():1917 onStartInput(EditorInfo{inputType=0x0(NULL) imeOptions=0x0 privateImeOptions=null actionName=UNSPECIFIED actionLabel=null actionId=0 initialSelStart=-1 initialSelEnd=-1 initialCapsMode=0x0 hintText=null label=null packageName=com.google.android.googlequicksearchbox fieldId=-1 fieldName=null extras=null hintLocales=[]}, false)
06-11 13:02:54.342 18762 18762 I GoogleInputMethodService: GoogleInputMethodService.shouldHideHeaderOnInitialState():1998 ShouldHideHeaderOnInitialState = false
06-11 13:02:54.343 18762 18762 I GoogleInputMethodService: GoogleInputMethodService.updateDeviceLockedStatus():2137 repeatCheckTimes = 1, locked = false
06-11 13:02:54.363   753 27542 I OpenGLRenderer: Initialized EGL, version 1.4
06-11 13:02:54.363   753 27542 D OpenGLRenderer: Swap behavior 2
06-11 13:02:54.884 26984 27105 W OpenGLRenderer: Incorrectly called buildLayer on View: ShortcutAndWidgetContainer, destroying layer...
