--------- beginning of main
07-04 21:05:20.994  1233  1233 W ipacm   : type=1400 audit(0.0:184794): avc: denied { write } for name="ipacm_log_file" dev="tmpfs" ino=27039 scontext=u:r:ipacm:s0 tcontext=u:object_r:ipacm_socket:s0 tclass=sock_file permissive=0
--------- beginning of system
07-04 21:05:23.457  1726  4282 I ActivityTaskManager: zhl stack block_packagename =
07-04 21:05:23.457  1726  4282 I ActivityTaskManager: zhl stack block_activity =
07-04 21:05:23.457  1726  4282 I ActivityTaskManager: zhl mPackage =com.example.batterymanager_utility
07-04 21:05:23.457  1726  4282 I ActivityTaskManager: zhl mClass =MainActivity
07-04 21:05:23.457  1726  4282 I ActivityTaskManager: START u0 {act=android.intent.action.MAIN cat=[android.intent.category.LAUNCHER] flg=0x10000000 cmp=com.example.batterymanager_utility/.MainActivity} from uid 2000
07-04 21:05:23.467  1726  4282 D CompatibilityInfo: mCompatibilityFlags - 0
07-04 21:05:23.467  1726  4282 D CompatibilityInfo: applicationDensity - 420
07-04 21:05:23.467  1726  4282 D CompatibilityInfo: applicationScale - 1.0
07-04 21:05:23.468  1726  4282 D ActivityTrigger: ActivityTrigger activityPauseTrigger 
07-04 21:05:23.472  6276  6278 I cmd     : oneway function results will be dropped but finished with status OK and parcel size 4
07-04 21:05:23.479  1726  1913 W ActivityManager: ProcessRecord{19e5f30 0:com.example.batterymanager_utility/u0a200}: ART verification disabled
07-04 21:05:23.480  1726  1913 D CompatibilityChangeReporter: Compat change id reported: 135634846; UID 10200; state: DISABLED
07-04 21:05:23.480  1726  1926 D CompatibilityChangeReporter: Compat change id reported: 143937733; UID 10200; state: ENABLED
07-04 21:05:23.493   916   916 D Zygote  : Forked child process 6283
07-04 21:05:23.497  1726  1926 I ActivityManager: Start proc 6283:com.example.batterymanager_utility/u0a200 for pre-top-activity {com.example.batterymanager_utility/com.example.batterymanager_utility.MainActivity}
07-04 21:05:23.510  6283  6283 I manager_utilit: Late-enabling -Xcheck:jni
07-04 21:05:23.549  6283  6283 I manager_utilit: Unquickening 18 vdex files!
07-04 21:05:23.558 32728 32736 I adbd    : jdwp connection from 6283
07-04 21:05:23.572  1726  7455 D CompatibilityInfo: mCompatibilityFlags - 0
07-04 21:05:23.572  1726  7455 D CompatibilityInfo: applicationDensity - 420
07-04 21:05:23.572  1726  7455 D CompatibilityInfo: applicationScale - 1.0
07-04 21:05:23.573  4180  4180 I A       : onPause
07-04 21:05:23.575  1726  7455 D CompatibilityInfo: mCompatibilityFlags - 0
07-04 21:05:23.575  1726  7455 D CompatibilityInfo: applicationDensity - 420
07-04 21:05:23.575  1726  7455 D CompatibilityInfo: applicationScale - 1.0
07-04 21:05:23.593  4204  4204 I HdmBroadcastRecvUpd: (REDACTED) received broadcast: %s
07-04 21:05:23.593  4204  4927 I HdmHotwordRequestListen: (REDACTED) received broadcast: %s
07-04 21:05:23.593  4204  4927 I SodaTriggeringFrontend: (REDACTED) #onConfigUpdate. requester: %s
07-04 21:05:23.594  4204  4917 I SodaTriggeringFrontend: #onConfigUpdate inside sequencer
07-04 21:05:23.594  4204  4917 I A       : (REDACTED) Voice Match (Speaker-id) supported : %b 
07-04 21:05:23.594  4204  4917 I A       : (REDACTED) hotword enrollment state is enrolled:  %b, speakerId model exist: %b. Voice Match supported : %b 
07-04 21:05:23.594  4204  4917 I A       : (REDACTED) isHotwordAvailable():  %b, isHotwordEnabled() %b 
07-04 21:05:23.594  4204  4917 I A       : (REDACTED) isHotwordAvailable():  %b, isHotwordEnabled() %b 
07-04 21:05:23.594  4204  4917 I A       : (REDACTED) Hotword enrollment state : %s.
07-04 21:05:23.594  4204  4917 I A       : (REDACTED) Voice Match (Speaker-id) supported : %b 
07-04 21:05:23.594  4204  4917 I A       : (REDACTED) Voice Match (Speaker-id) supported : %b 
07-04 21:05:23.594  4204  4917 I A       : (REDACTED) hotword enrollment state is enrolled:  %b, speakerId model exist: %b, voice match supported : %b
07-04 21:05:23.594  4204  4917 I A       : (REDACTED) Hotword isNonVoiceMatchHotwordEnabled: %b, isHotwordAvailable : %b, isHotwordEnabled : %b, isVoiceMatchSupported: %b, isHotwordEnrolled: %b.
07-04 21:05:23.594  4204  4917 I SodaTriggeringFrontend: (REDACTED) Ignore the legacy hotword request. voice match enabled %b, isHotwordSupported %b, isIncompleteEnrollmentState %b, nonVoiceMatchHotwordEnabled %b
07-04 21:05:23.597  2942  3721 D FaceUnlock: onTaskStackChangedBackground
07-04 21:05:23.602  2942  3721 D FaceUnlock: PackageName =com.example.batterymanager_utility
07-04 21:05:23.654  6289  6289 W app_process: type=1400 audit(0.0:184825): avc: denied { read } for name="u:object_r:device_config_runtime_native_boot_prop:s0" dev="tmpfs" ino=12577 scontext=u:r:shell:s0 tcontext=u:object_r:device_config_runtime_native_boot_prop:s0 tclass=file permissive=0
07-04 21:05:23.654  6289  6289 W app_process: type=1400 audit(0.0:184826): avc: denied { read } for name="u:object_r:device_config_runtime_native_boot_prop:s0" dev="tmpfs" ino=12577 scontext=u:r:shell:s0 tcontext=u:object_r:device_config_runtime_native_boot_prop:s0 tclass=file permissive=0
07-04 21:05:23.654  6289  6289 I chatty  : uid=2000(shell) app_process identical 1 line
07-04 21:05:23.654  6289  6289 W app_process: type=1400 audit(0.0:184828): avc: denied { read } for name="u:object_r:device_config_runtime_native_boot_prop:s0" dev="tmpfs" ino=12577 scontext=u:r:shell:s0 tcontext=u:object_r:device_config_runtime_native_boot_prop:s0 tclass=file permissive=0
07-04 21:05:23.662  6289  6289 D AndroidRuntime: >>>>>> START com.android.internal.os.RuntimeInit uid 2000 <<<<<<
07-04 21:05:23.666  6289  6289 E libc    : Access denied finding property "persist.device_config.runtime_native_boot.profilebootclasspath"
07-04 21:05:23.666  6289  6289 E libc    : Access denied finding property "persist.device_config.runtime_native_boot.enable_apex_image"
07-04 21:05:23.666  6289  6289 I AndroidRuntime: Using default boot image
07-04 21:05:23.666  6289  6289 E libc    : Access denied finding property "persist.device_config.runtime_native_boot.disable_lock_profiling"
07-04 21:05:23.666  6289  6289 I AndroidRuntime: Leaving lock profiling enabled
07-04 21:05:23.666  6289  6289 E libc    : Access denied finding property "persist.device_config.runtime_native_boot.enable_generational_cc"
07-04 21:05:23.746  6283  6283 I Perf    : Connecting to perf service.
07-04 21:05:23.758  6283  6283 D NetworkSecurityConfig: No Network Security Config specified, using platform default
07-04 21:05:23.759  6283  6283 D NetworkSecurityConfig: No Network Security Config specified, using platform default
07-04 21:05:23.769  6283  6283 I BatteryMgr:App: creating notification channel
07-04 21:05:23.801  6289  6289 D app_process: Time zone APEX ICU file found: /apex/com.android.tzdata/etc/icu/icu_tzdata.dat
07-04 21:05:23.801  6289  6289 D app_process: I18n APEX ICU file found: /apex/com.android.i18n/etc/icu/icudt66l.dat
07-04 21:05:23.814  6289  6289 I app_process: The ClassLoaderContext is a special shared library.
07-04 21:05:23.837  6283  6283 V Activity: mLastPackageName-com.example.batterymanager_utility.MainActivity
07-04 21:05:23.838  6289  6289 W app_process: JNI RegisterNativeMethods: attempt to register 0 native methods for android.media.AudioAttributes
07-04 21:05:23.851  6289  6289 D AndroidRuntime: Calling main entry com.android.commands.monkey.Monkey
07-04 21:05:23.852  6289  6289 W Monkey  : args: [-p, e.www.gyroscopetest, 1]
07-04 21:05:23.853  6289  6289 W Monkey  :  arg: "-p"
07-04 21:05:23.853  6289  6289 W Monkey  :  arg: "e.www.gyroscopetest"
07-04 21:05:23.853  6289  6289 W Monkey  :  arg: "1"
07-04 21:05:23.853  6289  6289 W Monkey  : data="e.www.gyroscopetest"
07-04 21:05:23.878  6283  6283 D PureDisplay: package-com.example.batterymanager_utility DYNAMIC_ORIGINAL_MODE open
07-04 21:05:23.880 25555 25555 D PureDisplay: PureDisplayModeChangeReceiver,hdrMode=1
07-04 21:05:23.883 25555 25555 I android_os_HwBinder: HwBinder: Starting thread pool for getting: vendor.pixelworks.hardware.display@1.0::IIris/default
07-04 21:05:23.883   973  1073 I IrisService: irisConfigureSet(258, 1, 1)
07-04 21:05:23.884 25555 25555 D PureDisplay: --setIrisDisplayHdrMode- mode =1--result = 0
07-04 21:05:23.884 25555 25555 D PureDisplay: PureDisplayModeChangeReceiver,pureDisplayMode=1
07-04 21:05:23.886 25555 25555 D PureDisplay: isDeviceProvisioned=true
07-04 21:05:23.886 25555 25555 D PureDisplay: isUserSetuped=true
07-04 21:05:23.886 25555 25555 D PureDisplay: setOriginalModeEnable()
07-04 21:05:23.888 25555 25555 I android_os_HwBinder: HwBinder: Starting thread pool for getting: vendor.pixelworks.hardware.display@1.0::IIris/default
07-04 21:05:23.888   973 10233 I IrisService: irisConfigureSet(0, 1, 0)
07-04 21:05:23.897  1726  1925 W BroadcastQueue: Skipping deliver [background] BroadcastRecord{1d1aaec u-1 android.net.conn.CONNECTIVITY_CHANGE} to ReceiverList{6e1deb5 6289 (unknown name)/2000/u-1 remote:af6d73e}: process gone or crashing
07-04 21:05:23.899 25555 25555 I android_os_HwBinder: HwBinder: Starting thread pool for getting: vendor.pixelworks.hardware.display@1.0::IIris/default
07-04 21:05:23.900   973 10233 I IrisService: irisConfigureSet(41, 1, 0)
07-04 21:05:23.902 25555 25555 I android_os_HwBinder: HwBinder: Starting thread pool for getting: vendor.pixelworks.hardware.display@1.0::IIris/default
07-04 21:05:23.902   973 10233 I IrisService: irisConfigureSet(42, 1, 0)
07-04 21:05:23.904 25555 25555 I android_os_HwBinder: HwBinder: Starting thread pool for getting: vendor.pixelworks.hardware.display@1.0::IIris/default
07-04 21:05:23.904   973 10233 I IrisService: irisConfigureSet(40, 1, 0)
07-04 21:05:23.915 25555 25555 I android_os_HwBinder: HwBinder: Starting thread pool for getting: vendor.pixelworks.hardware.display@1.0::IIris/default
07-04 21:05:23.916   973 10233 I IrisService: irisConfigureSet(36, 1, 0)
07-04 21:05:23.921  1726  4282 I ActivityTaskManager: zhl stack block_packagename =
07-04 21:05:23.921  1726  4282 I ActivityTaskManager: zhl stack block_activity =
07-04 21:05:23.921  1726  4282 I ActivityTaskManager: zhl mPackage =e.www.gyroscopetest
07-04 21:05:23.921  1726  4282 I ActivityTaskManager: zhl mClass =MainActivity
07-04 21:05:23.921  1726  4282 I ActivityTaskManager: START u0 {act=android.intent.action.MAIN cat=[android.intent.category.LAUNCHER] flg=0x10200000 cmp=e.www.gyroscopetest/.MainActivity} from uid 2000
07-04 21:05:23.929  1726  4282 D CompatibilityInfo: mCompatibilityFlags - 0
07-04 21:05:23.929  1726  4282 D CompatibilityInfo: applicationDensity - 420
07-04 21:05:23.929  1726  4282 D CompatibilityInfo: applicationScale - 1.0
07-04 21:05:23.930  1726  4282 D ActivityTrigger: ActivityTrigger activityPauseTrigger 
07-04 21:05:23.931 25555 25555 D PureDisplay: getWhiteBalanceAutoMode()0
07-04 21:05:23.933 25555 25555 I android_os_HwBinder: HwBinder: Starting thread pool for getting: vendor.pixelworks.hardware.display@1.0::IIris/default
07-04 21:05:23.933   973 10233 I IrisService: irisConfigureSet(39, 1, 1)
07-04 21:05:23.935  6289  6289 I Monkey  : Events injected: 1
07-04 21:05:23.941  1726  1913 W ActivityManager: ProcessRecord{ec46b84 0:e.www.gyroscopetest/u0a225}: ART verification disabled
07-04 21:05:23.942  1726  1913 D CompatibilityChangeReporter: Compat change id reported: 135634846; UID 10225; state: DISABLED
07-04 21:05:23.942  1726  1926 D CompatibilityChangeReporter: Compat change id reported: 143937733; UID 10225; state: DISABLED
07-04 21:05:23.946  1466  1466 E TLOC    : [TLOCChannel]"Can't receive message due to timeout"
07-04 21:05:23.946  1466  1466 E QMI_FW  : qmi_cci_get_ref: ref count increased 2
07-04 21:05:23.947  1466  1466 I TLOC    : [ModemComm  ]"Request succeeded for gps engine lock"
07-04 21:05:23.947  1466  1466 D TLOC    : [TLOCChannel] "Going to receive message for TLOCD"
07-04 21:05:23.947  1466  1466 D TLOC    : [TLOCChannel] "wait for message for user TLOCD"
07-04 21:05:23.947  6289  6289 I Monkey  : ## Network stats: elapsed time=24ms (0ms mobile, 0ms wifi, 24ms not connected)
07-04 21:05:23.948  1466  1756 E QMI_FW  : qmi_cci_get_ref: ref count increased 2
07-04 21:05:23.948  1466  1756 E LocSvc_api_v02: locClientIndCb:1210]: Error decoding indication -45
07-04 21:05:23.948  6289  6289 I app_process: System.exit called, status: 0
07-04 21:05:23.948  6289  6289 I AndroidRuntime: VM exiting with result code 0.
07-04 21:05:23.955   916   916 D Zygote  : Forked child process 6329
07-04 21:05:23.962  1726  1926 I ActivityManager: Start proc 6329:e.www.gyroscopetest/u0a225 for pre-top-activity {e.www.gyroscopetest/e.www.gyroscopetest.MainActivity}
07-04 21:05:23.968 25555 25555 I android_os_HwBinder: HwBinder: Starting thread pool for getting: vendor.pixelworks.hardware.display@1.0::IIris/default
07-04 21:05:23.969   973   973 I IrisService: irisConfigureSet(264, 1, 0)
07-04 21:05:23.969 25555 25555 D PureDisplay: PureDisplayModeChangeReceiver,lastclass=com.example.batterymanager_utility.MainActivity
07-04 21:05:23.970 25555 25555 D PureDisplay: PureDisplayModeChangeReceiver,lastpackage=com.example.batterymanager_utility
07-04 21:05:23.971 25555 25555 D PureDisplay: PureDisplayModeChangeReceiver,lastpackage_resume=1
07-04 21:05:23.974  6329  6329 I w.gyroscopetes: Late-enabling -Xcheck:jni
07-04 21:05:24.010  6329  6329 I w.gyroscopetes: Unquickening 18 vdex files!
07-04 21:05:24.020 32728 32736 I adbd    : jdwp connection from 6329
07-04 21:05:24.034  1726  7455 D CompatibilityInfo: mCompatibilityFlags - 0
07-04 21:05:24.034  1726  7455 D CompatibilityInfo: applicationDensity - 420
07-04 21:05:24.034  1726  7455 D CompatibilityInfo: applicationScale - 1.0
07-04 21:05:24.036  1726  7455 I ActivityTaskManager: The Process e.www.gyroscopetest Already Exists in BG. So sending its PID: 6329
07-04 21:05:24.042  3196  3196 V Activity: onStop mLastPackageName = com.example.batterymanager_utility.MainActivity--mLastPackageResume = 1
07-04 21:05:24.069  6329  6329 D ApplicationLoaders: Returning zygote-cached class loader: /system/framework/android.test.base.jar
07-04 21:05:24.071  3196  3196 D PureDisplay: package-com.example.batterymanager_utility DYNAMIC_ORIGINAL_MODE open
07-04 21:05:24.073 25555 25555 D PureDisplay: PureDisplayModeChangeReceiver,hdrMode=1
07-04 21:05:24.075  4180  4180 I A       : onStop
07-04 21:05:24.076 25555 25555 I android_os_HwBinder: HwBinder: Starting thread pool for getting: vendor.pixelworks.hardware.display@1.0::IIris/default
07-04 21:05:24.076   973 10233 I IrisService: irisConfigureSet(258, 1, 1)
07-04 21:05:24.076 25555 25555 D PureDisplay: --setIrisDisplayHdrMode- mode =1--result = 0
07-04 21:05:24.076 25555 25555 D PureDisplay: PureDisplayModeChangeReceiver,pureDisplayMode=1
07-04 21:05:24.077 25555 25555 D PureDisplay: isDeviceProvisioned=true
07-04 21:05:24.078 25555 25555 D PureDisplay: isUserSetuped=true
07-04 21:05:24.078 25555 25555 D PureDisplay: setOriginalModeEnable()
07-04 21:05:24.079 25555 25555 I android_os_HwBinder: HwBinder: Starting thread pool for getting: vendor.pixelworks.hardware.display@1.0::IIris/default
07-04 21:05:24.079   973 10233 I IrisService: irisConfigureSet(0, 1, 0)
07-04 21:05:24.082 25555 25555 I android_os_HwBinder: HwBinder: Starting thread pool for getting: vendor.pixelworks.hardware.display@1.0::IIris/default
07-04 21:05:24.082   973 10233 I IrisService: irisConfigureSet(41, 1, 0)
07-04 21:05:24.085 25555 25555 I android_os_HwBinder: HwBinder: Starting thread pool for getting: vendor.pixelworks.hardware.display@1.0::IIris/default
07-04 21:05:24.086   973   973 I IrisService: irisConfigureSet(42, 1, 0)
07-04 21:05:24.089 25555 25555 I android_os_HwBinder: HwBinder: Starting thread pool for getting: vendor.pixelworks.hardware.display@1.0::IIris/default
07-04 21:05:24.089   973 10233 I IrisService: irisConfigureSet(40, 1, 0)
07-04 21:05:24.099 25555 25555 I android_os_HwBinder: HwBinder: Starting thread pool for getting: vendor.pixelworks.hardware.display@1.0::IIris/default
07-04 21:05:24.099   973 10233 I IrisService: irisConfigureSet(36, 1, 0)
07-04 21:05:24.115 25555 25555 D PureDisplay: getWhiteBalanceAutoMode()0
07-04 21:05:24.117 25555 25555 I android_os_HwBinder: HwBinder: Starting thread pool for getting: vendor.pixelworks.hardware.display@1.0::IIris/default
07-04 21:05:24.117   973 10233 I IrisService: irisConfigureSet(39, 1, 1)
07-04 21:05:24.129  6283  6308 I AdrenoGLES-0: QUALCOMM build                   : d7ad79a, I2f86ca99a8
07-04 21:05:24.129  6283  6308 I AdrenoGLES-0: Build Date                       : 06/13/21
07-04 21:05:24.129  6283  6308 I AdrenoGLES-0: OpenGL ES Shader Compiler Version: EV031.32.02.12
07-04 21:05:24.129  6283  6308 I AdrenoGLES-0: Local Branch                     : mybranchebcc171e-87ea-f17a-bb69-1458d0b52af0
07-04 21:05:24.129  6283  6308 I AdrenoGLES-0: Remote Branch                    : quic/gfx-adreno.lnx.1.0.r127-rel
07-04 21:05:24.129  6283  6308 I AdrenoGLES-0: Remote Branch                    : NONE
07-04 21:05:24.129  6283  6308 I AdrenoGLES-0: Reconstruct Branch               : NOTHING
07-04 21:05:24.129  6283  6308 I AdrenoGLES-0: Build Config                     : S L 10.0.7 AArch64
07-04 21:05:24.129  6283  6308 I AdrenoGLES-0: Driver Path                      : /vendor/lib64/egl/libGLESv2_adreno.so
07-04 21:05:24.141  6283  6308 I AdrenoGLES-0: PFP: 0x005ff114, ME: 0x005ff066
07-04 21:05:24.147  6329  6329 I Perf    : Connecting to perf service.
07-04 21:05:24.148 25555 25555 I android_os_HwBinder: HwBinder: Starting thread pool for getting: vendor.pixelworks.hardware.display@1.0::IIris/default
07-04 21:05:24.150   973 10233 I IrisService: irisConfigureSet(264, 1, 0)
07-04 21:05:24.164  6329  6329 D NetworkSecurityConfig: No Network Security Config specified, using platform default
07-04 21:05:24.165  6329  6329 D NetworkSecurityConfig: No Network Security Config specified, using platform default
07-04 21:05:24.170   632   632 I hwservicemanager: getTransport: Cannot find entry android.hardware.graphics.mapper@4.0::IMapper/default in either framework or device manifest.
07-04 21:05:24.170  6283  6308 I Gralloc4: mapper 4.x is not supported
07-04 21:05:24.170   632   632 I hwservicemanager: getTransport: Cannot find entry android.hardware.graphics.mapper@3.0::IMapper/default in either framework or device manifest.
07-04 21:05:24.170  6283  6308 W Gralloc3: mapper 3.x is not supported
07-04 21:05:24.197  1726  7455 I ActivityTaskManager: The Process e.www.gyroscopetest Already Exists in BG. So sending its PID: 6329
07-04 21:05:24.198  1726  7455 D CompatibilityInfo: mCompatibilityFlags - 0
07-04 21:05:24.198  1726  7455 D CompatibilityInfo: applicationDensity - 420
07-04 21:05:24.198  1726  7455 D CompatibilityInfo: applicationScale - 1.0
07-04 21:05:24.284  6329  6329 W w.gyroscopetes: Accessing hidden method Landroid/view/View;->computeFitSystemWindows(Landroid/graphics/Rect;Landroid/graphics/Rect;)Z (greylist, reflection, allowed)
07-04 21:05:24.285  6329  6329 W w.gyroscopetes: Accessing hidden method Landroid/view/ViewGroup;->makeOptionalFitsSystemWindows()V (greylist, reflection, allowed)
07-04 21:05:24.296  2942  2974 W System  : A resource failed to call release. 
07-04 21:05:24.296  2942  2974 W System  : A resource failed to call release. 
07-04 21:05:24.302  2942  2981 D FaceUnlock: onTaskStackChangedBackground
07-04 21:05:24.303  2942  2981 D FaceUnlock: PackageName =e.www.gyroscopetest
07-04 21:05:24.308   978  1219 E QMI_FW  : qmi_cci_get_ref: ref count increased 2
07-04 21:05:24.308   978  1219 I chatty  : uid=1000(system) HwBinder:978_1 identical 1 line
07-04 21:05:24.308   978  1219 E QMI_FW  : qmi_cci_get_ref: ref count increased 2
07-04 21:05:24.319  6329  6329 V Activity: mLastPackageName-e.www.gyroscopetest.MainActivity
07-04 21:05:24.351  6329  6329 D PureDisplay: package-e.www.gyroscopetest DYNAMIC_ORIGINAL_MODE open
07-04 21:05:24.354 25555 25555 D PureDisplay: PureDisplayModeChangeReceiver,hdrMode=1
07-04 21:05:24.356 25555 25555 I android_os_HwBinder: HwBinder: Starting thread pool for getting: vendor.pixelworks.hardware.display@1.0::IIris/default
07-04 21:05:24.356   973  1073 I IrisService: irisConfigureSet(258, 1, 1)
07-04 21:05:24.356 25555 25555 D PureDisplay: --setIrisDisplayHdrMode- mode =1--result = 0
07-04 21:05:24.356 25555 25555 D PureDisplay: PureDisplayModeChangeReceiver,pureDisplayMode=1
07-04 21:05:24.357 25555 25555 D PureDisplay: isDeviceProvisioned=true
07-04 21:05:24.357 25555 25555 D PureDisplay: isUserSetuped=true
07-04 21:05:24.357 25555 25555 D PureDisplay: setOriginalModeEnable()
07-04 21:05:24.358 25555 25555 I android_os_HwBinder: HwBinder: Starting thread pool for getting: vendor.pixelworks.hardware.display@1.0::IIris/default
07-04 21:05:24.359   973  1073 I IrisService: irisConfigureSet(0, 1, 0)
07-04 21:05:24.365 25555 25555 I android_os_HwBinder: HwBinder: Starting thread pool for getting: vendor.pixelworks.hardware.display@1.0::IIris/default
07-04 21:05:24.366   973  1073 I IrisService: irisConfigureSet(41, 1, 0)
07-04 21:05:24.367 25555 25555 I android_os_HwBinder: HwBinder: Starting thread pool for getting: vendor.pixelworks.hardware.display@1.0::IIris/default
07-04 21:05:24.367   973 10233 I IrisService: irisConfigureSet(42, 1, 0)
07-04 21:05:24.369 25555 25555 I android_os_HwBinder: HwBinder: Starting thread pool for getting: vendor.pixelworks.hardware.display@1.0::IIris/default
07-04 21:05:24.369   973  1073 I IrisService: irisConfigureSet(40, 1, 0)
07-04 21:05:24.382 25555 25555 I android_os_HwBinder: HwBinder: Starting thread pool for getting: vendor.pixelworks.hardware.display@1.0::IIris/default
07-04 21:05:24.382   973  1073 I IrisService: irisConfigureSet(36, 1, 0)
07-04 21:05:24.392  6329  6351 I AdrenoGLES-0: QUALCOMM build                   : d7ad79a, I2f86ca99a8
07-04 21:05:24.392  6329  6351 I AdrenoGLES-0: Build Date                       : 06/13/21
07-04 21:05:24.392  6329  6351 I AdrenoGLES-0: OpenGL ES Shader Compiler Version: EV031.32.02.12
07-04 21:05:24.392  6329  6351 I AdrenoGLES-0: Local Branch                     : mybranchebcc171e-87ea-f17a-bb69-1458d0b52af0
07-04 21:05:24.392  6329  6351 I AdrenoGLES-0: Remote Branch                    : quic/gfx-adreno.lnx.1.0.r127-rel
07-04 21:05:24.392  6329  6351 I AdrenoGLES-0: Remote Branch                    : NONE
07-04 21:05:24.392  6329  6351 I AdrenoGLES-0: Reconstruct Branch               : NOTHING
07-04 21:05:24.392  6329  6351 I AdrenoGLES-0: Build Config                     : S L 10.0.7 AArch64
07-04 21:05:24.393  6329  6351 I AdrenoGLES-0: Driver Path                      : /vendor/lib64/egl/libGLESv2_adreno.so
07-04 21:05:24.398 25555 25555 D PureDisplay: getWhiteBalanceAutoMode()0
07-04 21:05:24.399  6329  6351 I AdrenoGLES-0: PFP: 0x005ff114, ME: 0x005ff066
07-04 21:05:24.399 25555 25555 I android_os_HwBinder: HwBinder: Starting thread pool for getting: vendor.pixelworks.hardware.display@1.0::IIris/default
07-04 21:05:24.400   973  1073 I IrisService: irisConfigureSet(39, 1, 1)
07-04 21:05:24.414   632   632 I hwservicemanager: getTransport: Cannot find entry android.hardware.graphics.mapper@4.0::IMapper/default in either framework or device manifest.
07-04 21:05:24.415  6329  6351 I Gralloc4: mapper 4.x is not supported
07-04 21:05:24.415   632   632 I hwservicemanager: getTransport: Cannot find entry android.hardware.graphics.mapper@3.0::IMapper/default in either framework or device manifest.
07-04 21:05:24.415  6329  6351 W Gralloc3: mapper 3.x is not supported
07-04 21:05:24.415 25555 25555 I android_os_HwBinder: HwBinder: Starting thread pool for getting: vendor.pixelworks.hardware.display@1.0::IIris/default
07-04 21:05:24.416   973  1073 I IrisService: irisConfigureSet(264, 1, 0)
07-04 21:05:24.416 25555 25555 D PureDisplay: PureDisplayModeChangeReceiver,lastclass=e.www.gyroscopetest.MainActivity
07-04 21:05:24.418 25555 25555 D PureDisplay: PureDisplayModeChangeReceiver,lastpackage=e.www.gyroscopetest
07-04 21:05:24.419 25555 25555 D PureDisplay: PureDisplayModeChangeReceiver,lastpackage_resume=1
07-04 21:05:24.428  1726  1924 I ActivityTaskManager: Displayed e.www.gyroscopetest/.MainActivity: +505ms
07-04 21:05:24.442 10241 10241 I GoogleInputMethodService: GoogleInputMethodService.onFinishInput():3306 
07-04 21:05:24.442 10241 10241 I GoogleInputMethodService: GoogleInputMethodService.updateDeviceLockedStatus():2127 repeatCheckTimes = 0, locked = false
07-04 21:05:24.443 10241 10241 I GoogleInputMethodService: GoogleInputMethodService.onStartInput():1909 onStartInput(EditorInfo{inputType=0x0(NULL) imeOptions=0x0 privateImeOptions=null actionName=UNSPECIFIED actionLabel=null actionId=0 initialSelStart=-1 initialSelEnd=-1 initialCapsMode=0x0 hintText=null label=null packageName=e.www.gyroscopetest fieldId=-1 fieldName=null extras=null hintLocales=[]}, false)
07-04 21:05:24.443 10241 10241 I GoogleInputMethodService: GoogleInputMethodService.shouldHideHeaderOnInitialState():1990 ShouldHideHeaderOnInitialState = false
07-04 21:05:24.443 10241 10241 I GoogleInputMethodService: GoogleInputMethodService.updateDeviceLockedStatus():2127 repeatCheckTimes = 1, locked = false
07-04 21:05:24.853  6283  6283 V Activity: onStop mLastPackageResume = false com.example.batterymanager_utility.MainActivity@47f3c3
07-04 21:05:24.855 25555 25555 D PureDisplay: PureDisplayModeChangeReceiver,lastpackage_resume=0
07-04 21:05:24.946  1466  1466 E TLOC    : [TLOCChannel]"Can't receive message due to timeout"
07-04 21:05:24.946  1466  1466 E TLOC    : [TLOCDaemon ]"Couldn't receive command response"
07-04 21:05:24.946  1466  1466 I TLOC    : [TLOCDaemon ]"timeout passed - start periodic warm-up"
07-04 21:05:24.946  1466  1466 E QMI_FW  : qmi_cci_get_ref: ref count increased 2
07-04 21:05:24.947  1466  1466 I TLOC    : [ModemComm  ]"Start a session successfully"
07-04 21:05:24.947  1466  1466 D TLOC    : [TLOCDaemon ]"The command finished successfully"
07-04 21:05:24.947  1466  1466 D TLOC    : [TLOCDaemon ]"waiting for command"
07-04 21:05:24.947  1466  1466 D TLOC    : [TLOCChannel] "Going to receive message for TLOCD"
07-04 21:05:24.947  1466  1466 D TLOC    : [TLOCChannel] "wait for message for user TLOCD"
07-04 21:05:24.953  1465  1758 E QMI_FW  : qmi_cci_get_ref: ref count increased 2
07-04 21:05:24.953   971  1757 E QMI_FW  : qmi_cci_get_ref: ref count increased 2
07-04 21:05:24.953  1465  1758 W LocSvc_xtra2: onRequestNtpTime:255] NTP download req state:0 reqsource:2 cursource:65535 isGpsEnabled:0
07-04 21:05:24.953  1465  1518 W LocSvc_IzatApiV02: operator():1379] time: 1688497524951; elapsedTimeMs: 35410736; reference: 1851867; uncertainty: 84; timeSrc: 2
07-04 21:05:24.953  1465  1518 E QMI_FW  : qmi_cci_get_ref: ref count increased 2
07-04 21:05:24.954  1465  1758 E QMI_FW  : qmi_cci_get_ref: ref count increased 2
07-04 21:05:24.954  1465  1518 E LocSvc_IzatApiV02: operator():1380]: Error : st = 0, ind.status = 1
07-04 21:05:24.954  1465  1518 E LocSvc_IzatApiV02: operator():1385] injectNtpTime fail
07-04 21:05:24.956  1726  1910 I GnssLocationProvider: GNSS HAL Requesting location updates from network provider for 10000 millis.
07-04 21:05:25.156  1726  1735 I system_server: NativeAlloc concurrent copying GC freed 419069(18MB) AllocSpace objects, 106(3616KB) LOS objects, 49% free, 24MB/48MB, paused 171us total 258.226ms
07-04 21:05:25.170  1726  1736 W JavaBinder: BinderProxy is being destroyed but the application did not call unlinkToDeath to unlink all of its death recipients beforehand.  Releasing leaked death recipient: com.android.server.AlarmManagerService$2
07-04 21:05:25.170  1726  1736 W JavaBinder: BinderProxy is being destroyed but the application did not call unlinkToDeath to unlink all of its death recipients beforehand.  Releasing leaked death recipient: com.android.server.AlarmManagerService$2
07-04 21:05:25.170  1726  1736 I BpBinder: onLastStrongRef automatically unlinking death recipients: <uncached descriptor>
07-04 21:05:25.170  1726  1736 W JavaBinder: BinderProxy is being destroyed but the application did not call unlinkToDeath to unlink all of its death recipients beforehand.  Releasing leaked death recipient: com.android.server.AlarmManagerService$2
07-04 21:05:25.170  1726  1736 I BpBinder: onLastStrongRef automatically unlinking death recipients: <uncached descriptor>
07-04 21:05:25.185  1726  1737 W System  : A resource failed to call release. 
07-04 21:05:25.188  1726  1737 I chatty  : uid=1000(system) FinalizerDaemon identical 1 line
07-04 21:05:25.191  1726  1737 W System  : A resource failed to call release. 
07-04 21:05:25.319  1726  4282 D CompatibilityInfo: mCompatibilityFlags - 0
07-04 21:05:25.319  1726  4282 D CompatibilityInfo: applicationDensity - 420
07-04 21:05:25.319  1726  4282 D CompatibilityInfo: applicationScale - 1.0
07-04 21:05:25.321  6374  6376 I cmd     : oneway function results will be dropped but finished with status OK and parcel size 4
07-04 21:05:25.325  6283  6283 I BatteryMgr:DataCollectionService: onStartCommand: begin
07-04 21:05:25.325  6283  6283 I BatteryMgr:DataCollectionService: onStartCommand: sampleRate => 100
07-04 21:05:25.325  6283  6283 I BatteryMgr:DataCollectionService: onStartCommand: rawFields => Timestamp,BATTERY_PROPERTY_CURRENT_NOW,EXTRA_VOLTAGE
07-04 21:05:25.326  6283  6283 I BatteryMgr:DataCollectionService: onStartCommand: notification done
07-04 21:05:25.329  1726  4282 D CompatibilityChangeReporter: Compat change id reported: 136219221; UID 10200; state: ENABLED
07-04 21:05:25.329  6283  6283 I BatteryMgr:DataCollectionService: started foreground
07-04 21:05:25.337  6283  6377 I BatteryMgr:DataCollectionService: collectData: begin
07-04 21:05:25.341  6283  6377 I BatteryMgr:DataCollectionService: stats => 1688497525340,-500976,4243
07-04 21:05:25.444  6283  6377 I BatteryMgr:DataCollectionService: stats => 1688497525444,-500976,4243
07-04 21:05:25.547  6283  6377 I BatteryMgr:DataCollectionService: stats => 1688497525547,-298339,4243
07-04 21:05:25.651  6283  6377 I BatteryMgr:DataCollectionService: stats => 1688497525651,-298339,4243
07-04 21:05:25.754  6283  6377 I BatteryMgr:DataCollectionService: stats => 1688497525754,-298339,4243
07-04 21:05:25.857  6283  6377 I BatteryMgr:DataCollectionService: stats => 1688497525857,-298339,4243
07-04 21:05:25.960  6283  6377 I BatteryMgr:DataCollectionService: stats => 1688497525960,-298339,4243
07-04 21:05:26.064  6283  6377 I BatteryMgr:DataCollectionService: stats => 1688497526064,-298339,4243
07-04 21:05:26.167  6283  6377 I BatteryMgr:DataCollectionService: stats => 1688497526167,-298339,4243
07-04 21:05:26.270  6283  6377 I BatteryMgr:DataCollectionService: stats => 1688497526270,-298339,4243
07-04 21:05:26.344  1233  1233 W /system/vendor/bin/ipacm: type=1400 audit(0.0:184829): avc: denied { write } for comm=6E65746C696E6B20736F636B6574 name="ipacm_log_file" dev="tmpfs" ino=27039 scontext=u:r:ipacm:s0 tcontext=u:object_r:ipacm_socket:s0 tclass=sock_file permissive=0
07-04 21:05:26.344  1233  1233 I chatty  : uid=1001(radio) /system/vendor/bin/ipacm identical 1 line
07-04 21:05:26.344  1233  1233 W /system/vendor/bin/ipacm: type=1400 audit(0.0:184831): avc: denied { write } for comm=6E65746C696E6B20736F636B6574 name="ipacm_log_file" dev="tmpfs" ino=27039 scontext=u:r:ipacm:s0 tcontext=u:object_r:ipacm_socket:s0 tclass=sock_file permissive=0
07-04 21:05:26.344  1233  1233 W ipacm   : type=1400 audit(0.0:184832): avc: denied { write } for name="ipacm_log_file" dev="tmpfs" ino=27039 scontext=u:r:ipacm:s0 tcontext=u:object_r:ipacm_socket:s0 tclass=sock_file permissive=0
07-04 21:05:26.344  1233  1233 I chatty  : uid=1001(radio) /system/vendor/bin/ipacm identical 1 line
07-04 21:05:26.344  1233  1233 W ipacm   : type=1400 audit(0.0:184834): avc: denied { write } for name="ipacm_log_file" dev="tmpfs" ino=27039 scontext=u:r:ipacm:s0 tcontext=u:object_r:ipacm_socket:s0 tclass=sock_file permissive=0
07-04 21:05:26.373  6283  6377 I BatteryMgr:DataCollectionService: stats => 1688497526373,-298339,4243
07-04 21:05:26.477  6283  6377 I BatteryMgr:DataCollectionService: stats => 1688497526477,-298339,4243
07-04 21:05:26.580  6283  6377 I BatteryMgr:DataCollectionService: stats => 1688497526580,-298339,4243
07-04 21:05:26.683  6283  6377 I BatteryMgr:DataCollectionService: stats => 1688497526683,-298339,4243
07-04 21:05:26.787  6283  6377 I BatteryMgr:DataCollectionService: stats => 1688497526787,-298339,4243
07-04 21:05:26.890  6283  6377 I BatteryMgr:DataCollectionService: stats => 1688497526890,-298339,4243
07-04 21:05:26.998  6283  6377 I BatteryMgr:DataCollectionService: stats => 1688497526998,-298339,4243
07-04 21:05:27.107  6283  6377 I BatteryMgr:DataCollectionService: stats => 1688497527106,-230468,4243
07-04 21:05:27.216  6283  6377 I BatteryMgr:DataCollectionService: stats => 1688497527215,-230468,4243
07-04 21:05:27.322  6283  6377 I BatteryMgr:DataCollectionService: stats => 1688497527322,-230468,4243
07-04 21:05:27.432  6283  6377 I BatteryMgr:DataCollectionService: stats => 1688497527431,-230468,4243
07-04 21:05:27.541  6283  6377 I BatteryMgr:DataCollectionService: stats => 1688497527541,-230468,4243
07-04 21:05:27.653  6283  6377 I BatteryMgr:DataCollectionService: stats => 1688497527653,-230468,4243
07-04 21:05:27.762  6283  6377 I BatteryMgr:DataCollectionService: stats => 1688497527762,-230468,4243
07-04 21:05:27.870  6283  6377 I BatteryMgr:DataCollectionService: stats => 1688497527870,-230468,4243
07-04 21:05:27.979  6283  6377 I BatteryMgr:DataCollectionService: stats => 1688497527979,-230468,4243
07-04 21:05:28.087  6283  6377 I BatteryMgr:DataCollectionService: stats => 1688497528087,-230468,4243
07-04 21:05:28.196  6283  6377 I BatteryMgr:DataCollectionService: stats => 1688497528196,-230468,4243
07-04 21:05:28.304  6283  6377 I BatteryMgr:DataCollectionService: stats => 1688497528304,-230468,4243
07-04 21:05:28.419  6283  6377 I BatteryMgr:DataCollectionService: stats => 1688497528419,-230468,4243
07-04 21:05:28.529  6283  6377 I BatteryMgr:DataCollectionService: stats => 1688497528529,-213378,4243
07-04 21:05:28.637  6283  6377 I BatteryMgr:DataCollectionService: stats => 1688497528637,-213378,4243
07-04 21:05:28.748  6283  6377 I BatteryMgr:DataCollectionService: stats => 1688497528748,-213378,4243
07-04 21:05:28.854  6283  6377 I BatteryMgr:DataCollectionService: stats => 1688497528853,-213378,4243
07-04 21:05:28.962  6283  6377 I BatteryMgr:DataCollectionService: stats => 1688497528962,-213378,4243
07-04 21:05:29.073  6283  6377 I BatteryMgr:DataCollectionService: stats => 1688497529072,-213378,4243
07-04 21:05:29.182  6283  6386 D ProfileInstaller: Installing profile for com.example.batterymanager_utility
07-04 21:05:29.182  6283  6377 I BatteryMgr:DataCollectionService: stats => 1688497529182,-213378,4243
07-04 21:05:29.294  6283  6377 I BatteryMgr:DataCollectionService: stats => 1688497529293,-213378,4243
07-04 21:05:29.402  6283  6377 I BatteryMgr:DataCollectionService: stats => 1688497529402,-213378,4243
07-04 21:05:29.512  6283  6377 I BatteryMgr:DataCollectionService: stats => 1688497529512,-213378,4243
07-04 21:05:29.620  6283  6377 I BatteryMgr:DataCollectionService: stats => 1688497529620,-213378,4243
07-04 21:05:29.729  6283  6377 I BatteryMgr:DataCollectionService: stats => 1688497529729,-213378,4243
07-04 21:05:29.839  6283  6377 I BatteryMgr:DataCollectionService: stats => 1688497529839,-213378,4243
07-04 21:05:29.947  6283  6377 I BatteryMgr:DataCollectionService: stats => 1688497529946,-213378,4243
07-04 21:05:30.055  6283  6377 I BatteryMgr:DataCollectionService: stats => 1688497530055,-228515,4243
07-04 21:05:30.166  6283  6377 I BatteryMgr:DataCollectionService: stats => 1688497530166,-228515,4243
07-04 21:05:30.275  6283  6377 I BatteryMgr:DataCollectionService: stats => 1688497530275,-228515,4243
07-04 21:05:30.382  6283  6377 I BatteryMgr:DataCollectionService: stats => 1688497530382,-228515,4243
07-04 21:05:30.490  6283  6377 I BatteryMgr:DataCollectionService: stats => 1688497530489,-228515,4243
07-04 21:05:30.597  6283  6377 I BatteryMgr:DataCollectionService: stats => 1688497530597,-228515,4243
07-04 21:05:30.708  6283  6377 I BatteryMgr:DataCollectionService: stats => 1688497530707,-228515,4243
07-04 21:05:30.816  6283  6377 I BatteryMgr:DataCollectionService: stats => 1688497530816,-228515,4243
07-04 21:05:30.925  6283  6377 I BatteryMgr:DataCollectionService: stats => 1688497530925,-228515,4243
07-04 21:05:31.043  6283  6377 I BatteryMgr:DataCollectionService: stats => 1688497531043,-228515,4243
07-04 21:05:31.154  6283  6377 I BatteryMgr:DataCollectionService: stats => 1688497531154,-228515,4243
07-04 21:05:31.262  6283  6377 I BatteryMgr:DataCollectionService: stats => 1688497531262,-228515,4243
07-04 21:05:31.377  6283  6377 I BatteryMgr:DataCollectionService: stats => 1688497531376,-228515,4243
07-04 21:05:31.485  6283  6377 I BatteryMgr:DataCollectionService: stats => 1688497531485,-200683,4243
07-04 21:05:31.593  6283  6377 I BatteryMgr:DataCollectionService: stats => 1688497531593,-200683,4243
07-04 21:05:31.702  6283  6377 I BatteryMgr:DataCollectionService: stats => 1688497531702,-200683,4243
07-04 21:05:31.810  6283  6377 I BatteryMgr:DataCollectionService: stats => 1688497531810,-200683,4243
07-04 21:05:31.920  6283  6377 I BatteryMgr:DataCollectionService: stats => 1688497531919,-200683,4243
07-04 21:05:32.029  6283  6377 I BatteryMgr:DataCollectionService: stats => 1688497532029,-200683,4243
07-04 21:05:32.136  6283  6377 I BatteryMgr:DataCollectionService: stats => 1688497532136,-200683,4243
07-04 21:05:32.245  6283  6377 I BatteryMgr:DataCollectionService: stats => 1688497532245,-200683,4243
07-04 21:05:32.356  6283  6377 I BatteryMgr:DataCollectionService: stats => 1688497532355,-200683,4243
07-04 21:05:32.465  6283  6377 I BatteryMgr:DataCollectionService: stats => 1688497532465,-200683,4243
07-04 21:05:32.575  6283  6377 I BatteryMgr:DataCollectionService: stats => 1688497532575,-200683,4243
07-04 21:05:32.686  6283  6377 I BatteryMgr:DataCollectionService: stats => 1688497532685,-200683,4243
07-04 21:05:32.796  6283  6377 I BatteryMgr:DataCollectionService: stats => 1688497532796,-200683,4243
07-04 21:05:32.907  6283  6377 I BatteryMgr:DataCollectionService: stats => 1688497532906,-200683,4243
07-04 21:05:33.016  6283  6377 I BatteryMgr:DataCollectionService: stats => 1688497533015,-207519,4243
07-04 21:05:33.130  6283  6377 I BatteryMgr:DataCollectionService: stats => 1688497533130,-207519,4243
07-04 21:05:33.240  6283  6377 I BatteryMgr:DataCollectionService: stats => 1688497533240,-207519,4243
07-04 21:05:33.348  6283  6377 I BatteryMgr:DataCollectionService: stats => 1688497533348,-207519,4243
07-04 21:05:33.457  6283  6377 I BatteryMgr:DataCollectionService: stats => 1688497533457,-207519,4243
07-04 21:05:33.565  6283  6377 I BatteryMgr:DataCollectionService: stats => 1688497533565,-207519,4243
07-04 21:05:33.673  6283  6377 I BatteryMgr:DataCollectionService: stats => 1688497533673,-207519,4243
07-04 21:05:33.782  6283  6377 I BatteryMgr:DataCollectionService: stats => 1688497533782,-207519,4243
07-04 21:05:33.891  6283  6377 I BatteryMgr:DataCollectionService: stats => 1688497533891,-207519,4243
07-04 21:05:34.000  6283  6377 I BatteryMgr:DataCollectionService: stats => 1688497533999,-207519,4243
07-04 21:05:34.107  6283  6377 I BatteryMgr:DataCollectionService: stats => 1688497534107,-207519,4243
07-04 21:05:34.217  6283  6377 I BatteryMgr:DataCollectionService: stats => 1688497534217,-207519,4243
07-04 21:05:34.325  6283  6377 I BatteryMgr:DataCollectionService: stats => 1688497534325,-207519,4243
07-04 21:05:34.437  6283  6377 I BatteryMgr:DataCollectionService: stats => 1688497534437,-248046,4243
07-04 21:05:34.545  6283  6377 I BatteryMgr:DataCollectionService: stats => 1688497534545,-248046,4243
07-04 21:05:34.655  6283  6377 I BatteryMgr:DataCollectionService: stats => 1688497534655,-248046,4243
07-04 21:05:34.768  6283  6377 I BatteryMgr:DataCollectionService: stats => 1688497534767,-248046,4243
07-04 21:05:34.877  6283  6377 I BatteryMgr:DataCollectionService: stats => 1688497534877,-248046,4243
07-04 21:05:34.963  1726  1910 I GnssLocationProvider: GNSS HAL Requesting location updates from network provider for 10000 millis.
07-04 21:05:34.987  6283  6377 I BatteryMgr:DataCollectionService: stats => 1688497534987,-248046,4243
07-04 21:05:35.095  6283  6377 I BatteryMgr:DataCollectionService: stats => 1688497535095,-248046,4243
07-04 21:05:35.206  6283  6377 I BatteryMgr:DataCollectionService: stats => 1688497535205,-248046,4243
07-04 21:05:35.314  6283  6377 I BatteryMgr:DataCollectionService: stats => 1688497535314,-248046,4243
07-04 21:05:35.425  6283  6377 I BatteryMgr:DataCollectionService: stats => 1688497535425,-248046,4243
07-04 21:05:35.534  6283  6377 I BatteryMgr:DataCollectionService: stats => 1688497535534,-248046,4243
07-04 21:05:35.642  6283  6377 I BatteryMgr:DataCollectionService: stats => 1688497535642,-248046,4243
07-04 21:05:35.753  6283  6377 I BatteryMgr:DataCollectionService: stats => 1688497535752,-248046,4243
07-04 21:05:35.863  6283  6377 I BatteryMgr:DataCollectionService: stats => 1688497535862,-194335,4243
07-04 21:05:35.972  6283  6377 I BatteryMgr:DataCollectionService: stats => 1688497535971,-194335,4243
07-04 21:05:36.082  6283  6377 I BatteryMgr:DataCollectionService: stats => 1688497536082,-194335,4243
07-04 21:05:36.191  6283  6377 I BatteryMgr:DataCollectionService: stats => 1688497536191,-194335,4243
07-04 21:05:36.302  6283  6377 I BatteryMgr:DataCollectionService: stats => 1688497536302,-194335,4243
07-04 21:05:36.410  6283  6377 I BatteryMgr:DataCollectionService: stats => 1688497536410,-194335,4243
07-04 21:05:36.518  6283  6377 I BatteryMgr:DataCollectionService: stats => 1688497536518,-194335,4243
07-04 21:05:36.631  6283  6377 I BatteryMgr:DataCollectionService: stats => 1688497536631,-194335,4243
07-04 21:05:36.739  6283  6377 I BatteryMgr:DataCollectionService: stats => 1688497536739,-194335,4243
07-04 21:05:36.848  6283  6377 I BatteryMgr:DataCollectionService: stats => 1688497536847,-194335,4243
07-04 21:05:36.956  6283  6377 I BatteryMgr:DataCollectionService: stats => 1688497536956,-194335,4243
07-04 21:05:37.065  6283  6377 I BatteryMgr:DataCollectionService: stats => 1688497537065,-194335,4243
07-04 21:05:37.176  6283  6377 I BatteryMgr:DataCollectionService: stats => 1688497537176,-194335,4243
07-04 21:05:37.286  6283  6377 I BatteryMgr:DataCollectionService: stats => 1688497537286,-194335,4243
07-04 21:05:37.395  6283  6377 I BatteryMgr:DataCollectionService: stats => 1688497537395,-208007,4243
07-04 21:05:37.504  6283  6377 I BatteryMgr:DataCollectionService: stats => 1688497537503,-208007,4243
07-04 21:05:37.611  6283  6377 I BatteryMgr:DataCollectionService: stats => 1688497537611,-208007,4243
07-04 21:05:37.723  6283  6377 I BatteryMgr:DataCollectionService: stats => 1688497537723,-208007,4243
07-04 21:05:37.832  6283  6377 I BatteryMgr:DataCollectionService: stats => 1688497537832,-208007,4243
07-04 21:05:37.942  6283  6377 I BatteryMgr:DataCollectionService: stats => 1688497537942,-208007,4243
07-04 21:05:38.050  6283  6377 I BatteryMgr:DataCollectionService: stats => 1688497538050,-208007,4243
07-04 21:05:38.160  6283  6377 I BatteryMgr:DataCollectionService: stats => 1688497538159,-208007,4243
07-04 21:05:38.269  6283  6377 I BatteryMgr:DataCollectionService: stats => 1688497538269,-208007,4243
07-04 21:05:38.376  6283  6377 I BatteryMgr:DataCollectionService: stats => 1688497538376,-208007,4243
07-04 21:05:38.488  6283  6377 I BatteryMgr:DataCollectionService: stats => 1688497538488,-208007,4243
07-04 21:05:38.596  6283  6377 I BatteryMgr:DataCollectionService: stats => 1688497538595,-208007,4243
07-04 21:05:38.704  6283  6377 I BatteryMgr:DataCollectionService: stats => 1688497538703,-208007,4243
07-04 21:05:38.811  6283  6377 I BatteryMgr:DataCollectionService: stats => 1688497538811,-254882,4243
07-04 21:05:38.920  6283  6377 I BatteryMgr:DataCollectionService: stats => 1688497538920,-254882,4243
07-04 21:05:39.029  6283  6377 I BatteryMgr:DataCollectionService: stats => 1688497539029,-254882,4243
07-04 21:05:39.111 24715 24715 D BoundBrokerSvc: onUnbind: Intent { act=com.google.android.gms.inappreach.service.START dat=chimera-action: cmp=com.google.android.gms/.chimera.GmsApiService }
07-04 21:05:39.139  6283  6377 I BatteryMgr:DataCollectionService: stats => 1688497539139,-254882,4243
07-04 21:05:39.249  6283  6377 I BatteryMgr:DataCollectionService: stats => 1688497539248,-254882,4243
07-04 21:05:39.359  6283  6377 I BatteryMgr:DataCollectionService: stats => 1688497539359,-254882,4243
07-04 21:05:39.471  6283  6377 I BatteryMgr:DataCollectionService: stats => 1688497539469,-254882,4243
07-04 21:05:39.579  6283  6377 I BatteryMgr:DataCollectionService: stats => 1688497539579,-254882,4243
07-04 21:05:39.689  6283  6377 I BatteryMgr:DataCollectionService: stats => 1688497539689,-254882,4243
07-04 21:05:39.797  6283  6377 I BatteryMgr:DataCollectionService: stats => 1688497539797,-254882,4243
07-04 21:05:39.908  6283  6377 I BatteryMgr:DataCollectionService: stats => 1688497539908,-254882,4243
07-04 21:05:40.017  6283  6377 I BatteryMgr:DataCollectionService: stats => 1688497540015,-254882,4243
07-04 21:05:40.125  6283  6377 I BatteryMgr:DataCollectionService: stats => 1688497540125,-254882,4243
07-04 21:05:40.236  6283  6377 I BatteryMgr:DataCollectionService: stats => 1688497540236,-254882,4243
07-04 21:05:40.344  6283  6377 I BatteryMgr:DataCollectionService: stats => 1688497540343,-203124,4243
07-04 21:05:40.454  6283  6377 I BatteryMgr:DataCollectionService: stats => 1688497540454,-203124,4243
07-04 21:05:40.562  6283  6377 I BatteryMgr:DataCollectionService: stats => 1688497540562,-203124,4243
07-04 21:05:40.671  6283  6377 I BatteryMgr:DataCollectionService: stats => 1688497540671,-203124,4243
07-04 21:05:40.779  6283  6377 I BatteryMgr:DataCollectionService: stats => 1688497540779,-203124,4243
07-04 21:05:40.887  6283  6377 I BatteryMgr:DataCollectionService: stats => 1688497540886,-203124,4243
07-04 21:05:40.995  6283  6377 I BatteryMgr:DataCollectionService: stats => 1688497540995,-203124,4243
07-04 21:05:41.105  6283  6377 I BatteryMgr:DataCollectionService: stats => 1688497541104,-203124,4243
07-04 21:05:41.212  6283  6377 I BatteryMgr:DataCollectionService: stats => 1688497541212,-203124,4243
07-04 21:05:41.321  6283  6377 I BatteryMgr:DataCollectionService: stats => 1688497541321,-203124,4243
07-04 21:05:41.432  6283  6377 I BatteryMgr:DataCollectionService: stats => 1688497541431,-203124,4243
07-04 21:05:41.539  6283  6377 I BatteryMgr:DataCollectionService: stats => 1688497541539,-203124,4243
07-04 21:05:41.648  6283  6377 I BatteryMgr:DataCollectionService: stats => 1688497541647,-203124,4243
07-04 21:05:41.755  6283  6377 I BatteryMgr:DataCollectionService: stats => 1688497541755,-203124,4243
07-04 21:05:41.864  6283  6377 I BatteryMgr:DataCollectionService: stats => 1688497541864,-196288,4243
07-04 21:05:41.974  6283  6377 I BatteryMgr:DataCollectionService: stats => 1688497541974,-196288,4243
07-04 21:05:42.085  6283  6377 I BatteryMgr:DataCollectionService: stats => 1688497542085,-196288,4243
07-04 21:05:42.124  1233  1233 W /system/vendor/bin/ipacm: type=1400 audit(0.0:184864): avc: denied { write } for comm=6E65746C696E6B20736F636B6574 name="ipacm_log_file" dev="tmpfs" ino=27039 scontext=u:r:ipacm:s0 tcontext=u:object_r:ipacm_socket:s0 tclass=sock_file permissive=0
07-04 21:05:42.124  1233  1233 I chatty  : uid=1001(radio) /system/vendor/bin/ipacm identical 1 line
07-04 21:05:42.124  1233  1233 W /system/vendor/bin/ipacm: type=1400 audit(0.0:184866): avc: denied { write } for comm=6E65746C696E6B20736F636B6574 name="ipacm_log_file" dev="tmpfs" ino=27039 scontext=u:r:ipacm:s0 tcontext=u:object_r:ipacm_socket:s0 tclass=sock_file permissive=0
07-04 21:05:42.124  1233  1233 W ipacm   : type=1400 audit(0.0:184867): avc: denied { write } for name="ipacm_log_file" dev="tmpfs" ino=27039 scontext=u:r:ipacm:s0 tcontext=u:object_r:ipacm_socket:s0 tclass=sock_file permissive=0
07-04 21:05:42.124  1233  1233 W ipacm   : type=1400 audit(0.0:184868): avc: denied { write } for name="ipacm_log_file" dev="tmpfs" ino=27039 scontext=u:r:ipacm:s0 tcontext=u:object_r:ipacm_socket:s0 tclass=sock_file permissive=0
07-04 21:05:42.195  6283  6377 I BatteryMgr:DataCollectionService: stats => 1688497542194,-196288,4243
07-04 21:05:42.303  6283  6377 I BatteryMgr:DataCollectionService: stats => 1688497542303,-196288,4243
07-04 21:05:42.412  6283  6377 I BatteryMgr:DataCollectionService: stats => 1688497542412,-196288,4243
07-04 21:05:42.521  6283  6377 I BatteryMgr:DataCollectionService: stats => 1688497542521,-196288,4243
07-04 21:05:42.629  6283  6377 I BatteryMgr:DataCollectionService: stats => 1688497542629,-196288,4243
07-04 21:05:42.736  6283  6377 I BatteryMgr:DataCollectionService: stats => 1688497542736,-196288,4243
07-04 21:05:42.845  6283  6377 I BatteryMgr:DataCollectionService: stats => 1688497542845,-196288,4243
07-04 21:05:42.953  6283  6377 I BatteryMgr:DataCollectionService: stats => 1688497542953,-196288,4243
07-04 21:05:43.062  6283  6377 I BatteryMgr:DataCollectionService: stats => 1688497543062,-196288,4243
07-04 21:05:43.171  6283  6377 I BatteryMgr:DataCollectionService: stats => 1688497543171,-196288,4243
07-04 21:05:43.278  6283  6377 I BatteryMgr:DataCollectionService: stats => 1688497543278,-247070,4243
07-04 21:05:43.393  6283  6377 I BatteryMgr:DataCollectionService: stats => 1688497543393,-247070,4243
07-04 21:05:43.501  6283  6377 I BatteryMgr:DataCollectionService: stats => 1688497543501,-247070,4243
07-04 21:05:43.614  6283  6377 I BatteryMgr:DataCollectionService: stats => 1688497543614,-247070,4243
07-04 21:05:43.723  6283  6377 I BatteryMgr:DataCollectionService: stats => 1688497543722,-247070,4243
