07-06 15:35:15.467  4793  4972 I BatteryMgr:DataCollectionService: stats => 1688650515467,496562,4128
07-06 15:35:15.470  4793  4972 I BatteryMgr:DataCollectionService: stats => 1688650515470,496562,4128
07-06 15:35:15.473  4793  4972 I BatteryMgr:DataCollectionService: stats => 1688650515473,496562,4128
07-06 15:35:15.476  4793  4972 I BatteryMgr:DataCollectionService: stats => 1688650515476,496562,4128
07-06 15:35:15.480  4793  4972 I BatteryMgr:DataCollectionService: stats => 1688650515480,496562,4128
07-06 15:35:15.483  4793  4972 I BatteryMgr:DataCollectionService: stats => 1688650515483,496562,4128
07-06 15:35:15.487  4793  4972 I BatteryMgr:DataCollectionService: stats => 1688650515487,496562,4128
07-06 15:35:15.492  4793  4972 I BatteryMgr:DataCollectionService: stats => 1688650515492,496562,4128
07-06 15:35:15.497  4793  4972 I BatteryMgr:DataCollectionService: stats => 1688650515497,496562,4128
07-06 15:35:15.502  4793  4972 I BatteryMgr:DataCollectionService: stats => 1688650515502,496562,4128
07-06 15:35:15.506  4793  4972 I BatteryMgr:DataCollectionService: stats => 1688650515506,496562,4128
07-06 15:35:15.510  4793  4972 I BatteryMgr:DataCollectionService: stats => 1688650515510,496562,4128
07-06 15:35:15.516  4793  4972 I BatteryMgr:DataCollectionService: stats => 1688650515516,496562,4128
07-06 15:35:15.521  4793  4972 I BatteryMgr:DataCollectionService: stats => 1688650515521,496562,4128
07-06 15:35:15.525  4793  4972 I BatteryMgr:DataCollectionService: stats => 1688650515525,496562,4128
07-06 15:35:15.530  4793  4972 I BatteryMgr:DataCollectionService: stats => 1688650515529,496562,4128
07-06 15:35:15.534  4793  4972 I BatteryMgr:DataCollectionService: stats => 1688650515533,496562,4128
07-06 15:35:15.537  4793  4972 I BatteryMgr:DataCollectionService: stats => 1688650515537,496562,4128
07-06 15:35:15.541  4793  4972 I BatteryMgr:DataCollectionService: stats => 1688650515541,515000,4128
07-06 15:35:15.545  4793  4972 I BatteryMgr:DataCollectionService: stats => 1688650515544,515000,4128
07-06 15:35:15.548  4793  4972 I BatteryMgr:DataCollectionService: stats => 1688650515548,515000,4128
07-06 15:35:15.552  4793  4972 I BatteryMgr:DataCollectionService: stats => 1688650515552,515000,4128
07-06 15:35:15.556  4793  4972 I BatteryMgr:DataCollectionService: stats => 1688650515556,515000,4128
07-06 15:35:15.560  4793  4972 I BatteryMgr:DataCollectionService: stats => 1688650515560,515000,4128
07-06 15:35:15.565  4793  4972 I BatteryMgr:DataCollectionService: stats => 1688650515565,515000,4128
07-06 15:35:15.568  4793  4972 I BatteryMgr:DataCollectionService: stats => 1688650515568,515000,4128
07-06 15:35:15.572  4793  4972 I BatteryMgr:DataCollectionService: stats => 1688650515572,515000,4128
07-06 15:35:15.575  4793  4972 I BatteryMgr:DataCollectionService: stats => 1688650515575,515000,4128
07-06 15:35:15.579  4793  4972 I BatteryMgr:DataCollectionService: stats => 1688650515579,515000,4128
07-06 15:35:15.582  4793  4972 I BatteryMgr:DataCollectionService: stats => 1688650515582,515000,4128
07-06 15:35:15.586  4793  4972 I BatteryMgr:DataCollectionService: stats => 1688650515586,515000,4128
07-06 15:35:15.591  4793  4972 I BatteryMgr:DataCollectionService: stats => 1688650515591,515000,4128
07-06 15:35:15.595  4793  4972 I BatteryMgr:DataCollectionService: stats => 1688650515595,515000,4128
07-06 15:35:15.600  4793  4972 I BatteryMgr:DataCollectionService: stats => 1688650515599,515000,4128
07-06 15:35:15.604  4793  4972 I BatteryMgr:DataCollectionService: stats => 1688650515604,515000,4128
07-06 15:35:15.608  4793  4972 I BatteryMgr:DataCollectionService: stats => 1688650515608,515000,4128
07-06 15:35:15.613  4793  4972 I BatteryMgr:DataCollectionService: stats => 1688650515613,515000,4128
07-06 15:35:15.617  4793  4972 I BatteryMgr:DataCollectionService: stats => 1688650515617,515000,4128
07-06 15:35:15.622  4793  4972 I BatteryMgr:DataCollectionService: stats => 1688650515621,515000,4128
07-06 15:35:15.626  4793  4972 I BatteryMgr:DataCollectionService: stats => 1688650515626,515000,4128
07-06 15:35:15.631  4793  4972 I BatteryMgr:DataCollectionService: stats => 1688650515630,515000,4128
07-06 15:35:15.635  4793  4972 I BatteryMgr:DataCollectionService: stats => 1688650515635,515000,4128
07-06 15:35:15.640  4793  4972 I BatteryMgr:DataCollectionService: stats => 1688650515640,515000,4128
07-06 15:35:15.645  4793  4972 I BatteryMgr:DataCollectionService: stats => 1688650515645,515000,4128
07-06 15:35:15.649  4793  4972 I BatteryMgr:DataCollectionService: stats => 1688650515649,515000,4128
07-06 15:35:15.653  4793  4972 I BatteryMgr:DataCollectionService: stats => 1688650515653,515000,4128
07-06 15:35:15.658  4793  4972 I BatteryMgr:DataCollectionService: stats => 1688650515658,515000,4128
07-06 15:35:15.662  4793  4972 I BatteryMgr:DataCollectionService: stats => 1688650515662,515000,4128
07-06 15:35:15.666  4793  4972 I BatteryMgr:DataCollectionService: stats => 1688650515666,515000,4128
07-06 15:35:15.670  4793  4972 I BatteryMgr:DataCollectionService: stats => 1688650515670,515000,4128
07-06 15:35:15.673  4793  4972 I BatteryMgr:DataCollectionService: stats => 1688650515673,515000,4128
07-06 15:35:15.676  4793  4972 I BatteryMgr:DataCollectionService: stats => 1688650515676,515000,4128
07-06 15:35:15.680  4793  4972 I BatteryMgr:DataCollectionService: stats => 1688650515680,515000,4128
07-06 15:35:15.684  4793  4972 I BatteryMgr:DataCollectionService: stats => 1688650515684,515000,4128
07-06 15:35:15.688  4793  4972 I BatteryMgr:DataCollectionService: stats => 1688650515688,515000,4128
07-06 15:35:15.693  4793  4972 I BatteryMgr:DataCollectionService: stats => 1688650515692,515000,4128
07-06 15:35:15.697  4793  4972 I BatteryMgr:DataCollectionService: stats => 1688650515697,515000,4128
07-06 15:35:15.701  4793  4972 I BatteryMgr:DataCollectionService: stats => 1688650515701,515000,4128
07-06 15:35:15.706  4793  4972 I BatteryMgr:DataCollectionService: stats => 1688650515706,515000,4128
07-06 15:35:15.710  4793  4972 I BatteryMgr:DataCollectionService: stats => 1688650515710,515000,4128
07-06 15:35:15.715  4793  4972 I BatteryMgr:DataCollectionService: stats => 1688650515714,515000,4128
07-06 15:35:15.720  4793  4972 I BatteryMgr:DataCollectionService: stats => 1688650515720,515000,4128
07-06 15:35:15.724  4793  4972 I BatteryMgr:DataCollectionService: stats => 1688650515724,515000,4128
07-06 15:35:15.729  4793  4972 I BatteryMgr:DataCollectionService: stats => 1688650515728,515000,4128
07-06 15:35:15.733  4793  4972 I BatteryMgr:DataCollectionService: stats => 1688650515733,515000,4128
07-06 15:35:15.737  4793  4972 I BatteryMgr:DataCollectionService: stats => 1688650515737,515000,4128
07-06 15:35:15.742  4793  4972 I BatteryMgr:DataCollectionService: stats => 1688650515742,515000,4128
07-06 15:35:15.746  4793  4972 I BatteryMgr:DataCollectionService: stats => 1688650515746,515000,4128
07-06 15:35:15.751  4793  4972 I BatteryMgr:DataCollectionService: stats => 1688650515751,515000,4128
07-06 15:35:15.755  4793  4972 I BatteryMgr:DataCollectionService: stats => 1688650515755,515000,4128
07-06 15:35:15.761  4793  4972 I BatteryMgr:DataCollectionService: stats => 1688650515761,515000,4128
07-06 15:35:15.764  4793  4972 I BatteryMgr:DataCollectionService: stats => 1688650515764,515000,4128
07-06 15:35:15.768  4793  4972 I BatteryMgr:DataCollectionService: stats => 1688650515768,515000,4128
07-06 15:35:15.772  4793  4972 I BatteryMgr:DataCollectionService: stats => 1688650515772,515000,4128
07-06 15:35:15.775  4793  4972 I BatteryMgr:DataCollectionService: stats => 1688650515775,515000,4128
07-06 15:35:15.779  4793  4972 I BatteryMgr:DataCollectionService: stats => 1688650515779,515000,4128
07-06 15:35:15.783  4793  4972 I BatteryMgr:DataCollectionService: stats => 1688650515783,515000,4128
07-06 15:35:15.787  4793  4972 I BatteryMgr:DataCollectionService: stats => 1688650515787,515000,4128
07-06 15:35:15.792  4793  4972 I BatteryMgr:DataCollectionService: stats => 1688650515792,515000,4128
07-06 15:35:15.796  4793  4972 I BatteryMgr:DataCollectionService: stats => 1688650515796,515000,4128
07-06 15:35:15.801  4793  4972 I BatteryMgr:DataCollectionService: stats => 1688650515800,515000,4128
07-06 15:35:15.805  4793  4972 I BatteryMgr:DataCollectionService: stats => 1688650515805,515000,4128
07-06 15:35:15.809  4793  4972 I BatteryMgr:DataCollectionService: stats => 1688650515809,515000,4128
07-06 15:35:15.813  4793  4972 I BatteryMgr:DataCollectionService: stats => 1688650515813,515000,4128
07-06 15:35:15.817  4793  4972 I BatteryMgr:DataCollectionService: stats => 1688650515817,515000,4128
07-06 15:35:15.822  4793  4972 I BatteryMgr:DataCollectionService: stats => 1688650515822,515000,4128
07-06 15:35:15.826  4793  4972 I BatteryMgr:DataCollectionService: stats => 1688650515826,515000,4128
07-06 15:35:15.831  4793  4972 I BatteryMgr:DataCollectionService: stats => 1688650515831,515000,4128
07-06 15:35:15.836  4793  4972 I BatteryMgr:DataCollectionService: stats => 1688650515835,515000,4128
07-06 15:35:15.840  4793  4972 I BatteryMgr:DataCollectionService: stats => 1688650515840,515000,4128
07-06 15:35:15.844  4793  4972 I BatteryMgr:DataCollectionService: stats => 1688650515844,515000,4128
07-06 15:35:15.849  4793  4972 I BatteryMgr:DataCollectionService: stats => 1688650515849,515000,4128
07-06 15:35:15.853  4793  4972 I BatteryMgr:DataCollectionService: stats => 1688650515853,515000,4128
07-06 15:35:15.857  4793  4972 I BatteryMgr:DataCollectionService: stats => 1688650515857,515000,4128
07-06 15:35:15.862  4793  4972 I BatteryMgr:DataCollectionService: stats => 1688650515862,515000,4128
07-06 15:35:15.866  4793  4972 I BatteryMgr:DataCollectionService: stats => 1688650515866,515000,4128
07-06 15:35:15.869  4793  4972 I BatteryMgr:DataCollectionService: stats => 1688650515869,515000,4128
07-06 15:35:15.873  4793  4972 I BatteryMgr:DataCollectionService: stats => 1688650515873,515000,4128
07-06 15:35:15.876  4793  4972 I BatteryMgr:DataCollectionService: stats => 1688650515876,515000,4128
07-06 15:35:15.880  4793  4972 I BatteryMgr:DataCollectionService: stats => 1688650515880,515000,4128
07-06 15:35:15.883  4793  4972 I BatteryMgr:DataCollectionService: stats => 1688650515883,515000,4128
07-06 15:35:15.887  4793  4972 I BatteryMgr:DataCollectionService: stats => 1688650515887,495625,4128
07-06 15:35:15.892  4793  4972 I BatteryMgr:DataCollectionService: stats => 1688650515892,495625,4128
07-06 15:35:15.896  4793  4972 I BatteryMgr:DataCollectionService: stats => 1688650515896,495625,4128
07-06 15:35:15.901  4793  4972 I BatteryMgr:DataCollectionService: stats => 1688650515901,495625,4128
07-06 15:35:15.905  4793  4972 I BatteryMgr:DataCollectionService: stats => 1688650515905,495625,4128
07-06 15:35:15.909  4793  4972 I BatteryMgr:DataCollectionService: stats => 1688650515909,495625,4128
07-06 15:35:15.914  4793  4972 I BatteryMgr:DataCollectionService: stats => 1688650515913,495625,4128
07-06 15:35:15.918  4793  4972 I BatteryMgr:DataCollectionService: stats => 1688650515918,495625,4128
07-06 15:35:15.922  4793  4972 I BatteryMgr:DataCollectionService: stats => 1688650515922,495625,4128
07-06 15:35:15.926  4793  4972 I BatteryMgr:DataCollectionService: stats => 1688650515926,495625,4128
07-06 15:35:15.931  4793  4972 I BatteryMgr:DataCollectionService: stats => 1688650515931,495625,4128
07-06 15:35:15.936  4793  4972 I BatteryMgr:DataCollectionService: stats => 1688650515936,495625,4128
07-06 15:35:15.940  4793  4972 I BatteryMgr:DataCollectionService: stats => 1688650515940,495625,4128
07-06 15:35:15.945  4793  4972 I BatteryMgr:DataCollectionService: stats => 1688650515944,495625,4128
07-06 15:35:15.949  4793  4972 I BatteryMgr:DataCollectionService: stats => 1688650515949,495625,4128
07-06 15:35:15.953  4793  4972 I BatteryMgr:DataCollectionService: stats => 1688650515953,495625,4128
07-06 15:35:15.958  4793  4972 I BatteryMgr:DataCollectionService: stats => 1688650515958,495625,4128
07-06 15:35:15.962  4793  4972 I BatteryMgr:DataCollectionService: stats => 1688650515962,495625,4128
07-06 15:35:15.967  4793  4972 I BatteryMgr:DataCollectionService: stats => 1688650515967,495625,4128
07-06 15:35:15.971  4793  4972 I BatteryMgr:DataCollectionService: stats => 1688650515971,495625,4128
07-06 15:35:15.976  4793  4972 I BatteryMgr:DataCollectionService: stats => 1688650515975,495625,4128
07-06 15:35:15.980  4793  4972 I BatteryMgr:DataCollectionService: stats => 1688650515980,495625,4128
07-06 15:35:15.985  4793  4972 I BatteryMgr:DataCollectionService: stats => 1688650515985,495625,4128
07-06 15:35:15.989  4793  4972 I BatteryMgr:DataCollectionService: stats => 1688650515989,495625,4128
07-06 15:35:15.994  4793  4972 I BatteryMgr:DataCollectionService: stats => 1688650515993,495625,4128
07-06 15:35:15.998  4793  4972 I BatteryMgr:DataCollectionService: stats => 1688650515998,495625,4128
07-06 15:35:16.002  4793  4972 I BatteryMgr:DataCollectionService: stats => 1688650516002,495625,4128
07-06 15:35:16.007  4793  4972 I BatteryMgr:DataCollectionService: stats => 1688650516007,495625,4128
07-06 15:35:16.011  4793  4972 I BatteryMgr:DataCollectionService: stats => 1688650516011,495625,4128
07-06 15:35:16.016  4793  4972 I BatteryMgr:DataCollectionService: stats => 1688650516016,495625,4128
07-06 15:35:16.020  4793  4972 I BatteryMgr:DataCollectionService: stats => 1688650516020,495625,4128
07-06 15:35:16.024  4793  4972 I BatteryMgr:DataCollectionService: stats => 1688650516024,495625,4128
07-06 15:35:16.028  4793  4972 I BatteryMgr:DataCollectionService: stats => 1688650516028,495625,4128
07-06 15:35:16.033  4793  4972 I BatteryMgr:DataCollectionService: stats => 1688650516032,495625,4128
07-06 15:35:16.037  4793  4972 I BatteryMgr:DataCollectionService: stats => 1688650516037,495625,4128
07-06 15:35:16.041  4793  4972 I BatteryMgr:DataCollectionService: stats => 1688650516041,495625,4128
07-06 15:35:16.045  4793  4972 I BatteryMgr:DataCollectionService: stats => 1688650516045,495625,4128
07-06 15:35:16.049  4793  4972 I BatteryMgr:DataCollectionService: stats => 1688650516049,495625,4128
07-06 15:35:16.053  4793  4972 I BatteryMgr:DataCollectionService: stats => 1688650516053,495625,4128
07-06 15:35:16.058  4793  4972 I BatteryMgr:DataCollectionService: stats => 1688650516058,495625,4128
07-06 15:35:16.062  4793  4972 I BatteryMgr:DataCollectionService: stats => 1688650516062,495625,4128
07-06 15:35:16.066  4793  4972 I BatteryMgr:DataCollectionService: stats => 1688650516066,495625,4128
07-06 15:35:16.070  4793  4972 I BatteryMgr:DataCollectionService: stats => 1688650516070,495625,4128
07-06 15:35:16.074  4793  4972 I BatteryMgr:DataCollectionService: stats => 1688650516074,495625,4128
07-06 15:35:16.077  4793  4972 I BatteryMgr:DataCollectionService: stats => 1688650516077,495625,4128
07-06 15:35:16.081  4793  4972 I BatteryMgr:DataCollectionService: stats => 1688650516081,495625,4128
07-06 15:35:16.085  4793  4972 I BatteryMgr:DataCollectionService: stats => 1688650516085,495625,4128
07-06 15:35:16.090  4793  4972 I BatteryMgr:DataCollectionService: stats => 1688650516090,495625,4128
07-06 15:35:16.094  4793  4972 I BatteryMgr:DataCollectionService: stats => 1688650516094,495625,4128
07-06 15:35:16.098  4793  4972 I BatteryMgr:DataCollectionService: stats => 1688650516098,495625,4128
07-06 15:35:16.102  4793  4972 I BatteryMgr:DataCollectionService: stats => 1688650516102,495625,4128
07-06 15:35:16.106  4793  4972 I BatteryMgr:DataCollectionService: stats => 1688650516106,495625,4128
07-06 15:35:16.110  4793  4972 I BatteryMgr:DataCollectionService: stats => 1688650516110,495625,4128
07-06 15:35:16.115  4793  4972 I BatteryMgr:DataCollectionService: stats => 1688650516115,495625,4128
07-06 15:35:16.119  4793  4972 I BatteryMgr:DataCollectionService: stats => 1688650516119,495625,4128
07-06 15:35:16.123  4793  4972 I BatteryMgr:DataCollectionService: stats => 1688650516123,495625,4128
07-06 15:35:16.127  4793  4972 I BatteryMgr:DataCollectionService: stats => 1688650516126,495625,4128
07-06 15:35:16.130  4793  4972 I BatteryMgr:DataCollectionService: stats => 1688650516130,495625,4128
07-06 15:35:16.134  4793  4972 I BatteryMgr:DataCollectionService: stats => 1688650516134,495625,4128
07-06 15:35:16.138  4793  4972 I BatteryMgr:DataCollectionService: stats => 1688650516138,495625,4128
07-06 15:35:16.142  4793  4972 I BatteryMgr:DataCollectionService: stats => 1688650516142,495625,4128
07-06 15:35:16.146  1118  1959 E CamX    : [ERROR][STATS  ] gcamfastaestats.cpp:80 Create() [FastAE] Failed to create the FastAEStats object
07-06 15:35:16.146  1118  1959 E CamX    : [ERROR][STATS  ] camxcaecstatsprocessor.cpp:3237 ProcessRequestFastAE() [FastAE] ISP gain calculation failed!
07-06 15:35:16.147  4793  4972 I BatteryMgr:DataCollectionService: stats => 1688650516147,495625,4128
07-06 15:35:16.151  4793  4972 I BatteryMgr:DataCollectionService: stats => 1688650516151,495625,4128
07-06 15:35:16.155  4793  4972 I BatteryMgr:DataCollectionService: stats => 1688650516155,495625,4128
07-06 15:35:16.159  4793  4972 I BatteryMgr:DataCollectionService: stats => 1688650516159,495625,4128
07-06 15:35:16.164  4793  4972 I BatteryMgr:DataCollectionService: stats => 1688650516164,495625,4128
07-06 15:35:16.167  4793  4972 I BatteryMgr:DataCollectionService: stats => 1688650516167,495625,4128
07-06 15:35:16.170  4793  4972 I BatteryMgr:DataCollectionService: stats => 1688650516170,495625,4128
07-06 15:35:16.175  4793  4972 I BatteryMgr:DataCollectionService: stats => 1688650516175,495625,4128
07-06 15:35:16.179  4793  4972 I BatteryMgr:DataCollectionService: stats => 1688650516179,495625,4128
07-06 15:35:16.182  4793  4972 I BatteryMgr:DataCollectionService: stats => 1688650516182,495625,4128
07-06 15:35:16.186  4793  4972 I BatteryMgr:DataCollectionService: stats => 1688650516185,495625,4128
07-06 15:35:16.189  4793  4972 I BatteryMgr:DataCollectionService: stats => 1688650516189,495625,4128
07-06 15:35:16.192  4793  4972 I BatteryMgr:DataCollectionService: stats => 1688650516192,495625,4128
07-06 15:35:16.197  4793  4972 I BatteryMgr:DataCollectionService: stats => 1688650516197,495625,4128
07-06 15:35:16.201  4793  4972 I BatteryMgr:DataCollectionService: stats => 1688650516201,495625,4128
07-06 15:35:16.204  4793  4972 I BatteryMgr:DataCollectionService: stats => 1688650516204,495625,4128
07-06 15:35:16.207  4793  4972 I BatteryMgr:DataCollectionService: stats => 1688650516207,495625,4128
07-06 15:35:16.210  4793  4972 I BatteryMgr:DataCollectionService: stats => 1688650516210,495625,4128
07-06 15:35:16.213  4793  4972 I BatteryMgr:DataCollectionService: stats => 1688650516213,495625,4128
07-06 15:35:16.217  4793  4972 I BatteryMgr:DataCollectionService: stats => 1688650516217,495625,4128
07-06 15:35:16.221  4793  4972 I BatteryMgr:DataCollectionService: stats => 1688650516221,495625,4128
07-06 15:35:16.225  4793  4972 I BatteryMgr:DataCollectionService: stats => 1688650516225,495625,4128
07-06 15:35:16.228  4793  4972 I BatteryMgr:DataCollectionService: stats => 1688650516228,495625,4128
07-06 15:35:16.231  4793  4972 I BatteryMgr:DataCollectionService: stats => 1688650516231,495625,4128
07-06 15:35:16.235  4793  4972 I BatteryMgr:DataCollectionService: stats => 1688650516235,495625,4128
07-06 15:35:16.238  4793  4972 I BatteryMgr:DataCollectionService: stats => 1688650516238,495625,4128
07-06 15:35:16.242  4793  4972 I BatteryMgr:DataCollectionService: stats => 1688650516242,495625,4128
07-06 15:35:16.246  4793  4972 I BatteryMgr:DataCollectionService: stats => 1688650516246,573125,4128
07-06 15:35:16.248  1344  1344 I EaselThermalMonitor: Cooling Device: mnh cur_state 0 max_state 4
07-06 15:35:16.250  4793  4972 I BatteryMgr:DataCollectionService: stats => 1688650516249,573125,4128
07-06 15:35:16.251  1344  1344 I EaselThermalMonitor: Cooling Device: mnh cur_state 0 max_state 4
07-06 15:35:16.253  4793  4972 I BatteryMgr:DataCollectionService: stats => 1688650516253,573125,4128
07-06 15:35:16.257  4793  4972 I BatteryMgr:DataCollectionService: stats => 1688650516257,573125,4128
07-06 15:35:16.258  1344  1393 I EaselThermalMonitor: (Low) mnh_cpu: 40.32, mnh_ipu1: 38.03, mnh_ipu2: 37.47, mnh_lpddr: 37.94
07-06 15:35:16.258  1344  1393 I EaselThermalMonitor: Cooling Device: mnh cur_state 0 max_state 4
07-06 15:35:16.261  4793  4972 I BatteryMgr:DataCollectionService: stats => 1688650516261,573125,4128
07-06 15:35:16.264  1118  1959 E android.hardware.camera.provider@2.4-service_64: Failed to obtain metadata value of lens_vcm_position for frame 2 because data pointer is null.
07-06 15:35:16.264  1118  1959 E goog_warping: Cannot get per-frame metadata.
07-06 15:35:16.264  1118  1957 I CHIUSECASE: operator(): stream buffer cache notifies the manager for refilling
07-06 15:35:16.266  4793  4972 I BatteryMgr:DataCollectionService: stats => 1688650516265,573125,4128
07-06 15:35:16.267  1118  1957 I CHIUSECASE: GetBuffer: StreamBufferCache for stream 0x7b39112908 refilled before time out.
07-06 15:35:16.270  4793  4972 I BatteryMgr:DataCollectionService: stats => 1688650516270,573125,4128
07-06 15:35:16.275  4793  4972 I BatteryMgr:DataCollectionService: stats => 1688650516275,573125,4128
07-06 15:35:16.278  4793  4972 I BatteryMgr:DataCollectionService: stats => 1688650516278,573125,4128
07-06 15:35:16.282  4793  4972 I BatteryMgr:DataCollectionService: stats => 1688650516282,573125,4128
07-06 15:35:16.285  4793  4972 I BatteryMgr:DataCollectionService: stats => 1688650516285,573125,4128
07-06 15:35:16.289  4793  4972 I BatteryMgr:DataCollectionService: stats => 1688650516288,573125,4128
07-06 15:35:16.291  1118  1960 I CHIUSECASE: UpdateResultAndInflightRequests: all inflight requests have been processed. Notify stream buffer cache manager to flush.
07-06 15:35:16.292  1118  4946 I CHIUSECASE: RefillReturnThreadLoop: StreamBufferCacheManager flushed SBC for stream 0x7b39112908.
07-06 15:35:16.292  4793  4972 I BatteryMgr:DataCollectionService: stats => 1688650516292,573125,4128
07-06 15:35:16.296  4793  4972 I BatteryMgr:DataCollectionService: stats => 1688650516296,573125,4128
07-06 15:35:16.299  4793  4972 I BatteryMgr:DataCollectionService: stats => 1688650516299,573125,4128
07-06 15:35:16.304  4793  4972 I BatteryMgr:DataCollectionService: stats => 1688650516303,573125,4128
07-06 15:35:16.307  4793  4972 I BatteryMgr:DataCollectionService: stats => 1688650516307,573125,4128
07-06 15:35:16.309  4793  4972 I BatteryMgr:DataCollectionService: stats => 1688650516309,573125,4128
07-06 15:35:16.312  4793  4972 I BatteryMgr:DataCollectionService: stats => 1688650516312,573125,4128
07-06 15:35:16.315  4793  4972 I BatteryMgr:DataCollectionService: stats => 1688650516315,573125,4128
07-06 15:35:16.319  4793  4972 I BatteryMgr:DataCollectionService: stats => 1688650516318,573125,4128
07-06 15:35:16.322  4793  4972 I BatteryMgr:DataCollectionService: stats => 1688650516322,573125,4128
07-06 15:35:16.325  4793  4972 I BatteryMgr:DataCollectionService: stats => 1688650516325,573125,4128
07-06 15:35:16.327  4793  4972 I BatteryMgr:DataCollectionService: stats => 1688650516327,573125,4128
07-06 15:35:16.331  4793  4972 I BatteryMgr:DataCollectionService: stats => 1688650516331,573125,4128
07-06 15:35:16.334  4793  4972 I BatteryMgr:DataCollectionService: stats => 1688650516334,573125,4128
07-06 15:35:16.338  4793  4972 I BatteryMgr:DataCollectionService: stats => 1688650516338,573125,4128
07-06 15:35:16.341  4793  4972 I BatteryMgr:DataCollectionService: stats => 1688650516341,573125,4128
07-06 15:35:16.344  4793  4972 I BatteryMgr:DataCollectionService: stats => 1688650516344,573125,4128
07-06 15:35:16.347  4793  4972 I BatteryMgr:DataCollectionService: stats => 1688650516347,573125,4128
07-06 15:35:16.351  4793  4972 I BatteryMgr:DataCollectionService: stats => 1688650516351,573125,4128
07-06 15:35:16.354  4793  4972 I BatteryMgr:DataCollectionService: stats => 1688650516354,573125,4128
07-06 15:35:16.358  4793  4972 I BatteryMgr:DataCollectionService: stats => 1688650516358,573125,4128
07-06 15:35:16.362  4793  4972 I BatteryMgr:DataCollectionService: stats => 1688650516362,573125,4128
07-06 15:35:16.366  4793  4972 I BatteryMgr:DataCollectionService: stats => 1688650516366,573125,4128
07-06 15:35:16.370  4793  4972 I BatteryMgr:DataCollectionService: stats => 1688650516370,573125,4128
07-06 15:35:16.373  4793  4972 I BatteryMgr:DataCollectionService: stats => 1688650516373,573125,4128
07-06 15:35:16.377  4793  4972 I BatteryMgr:DataCollectionService: stats => 1688650516376,573125,4128
07-06 15:35:16.381  4793  4972 I BatteryMgr:DataCollectionService: stats => 1688650516381,573125,4128
07-06 15:35:16.385  4793  4972 I BatteryMgr:DataCollectionService: stats => 1688650516385,573125,4128
07-06 15:35:16.388  4793  4972 I BatteryMgr:DataCollectionService: stats => 1688650516388,573125,4128
07-06 15:35:16.393  4793  4972 I BatteryMgr:DataCollectionService: stats => 1688650516393,573125,4128
07-06 15:35:16.397  4793  4972 I BatteryMgr:DataCollectionService: stats => 1688650516396,573125,4128
07-06 15:35:16.400  4793  4972 I BatteryMgr:DataCollectionService: stats => 1688650516400,573125,4128
07-06 15:35:16.404  4793  4972 I BatteryMgr:DataCollectionService: stats => 1688650516404,573125,4128
07-06 15:35:16.407  4793  4972 I BatteryMgr:DataCollectionService: stats => 1688650516407,573125,4128
07-06 15:35:16.410  4793  4972 I BatteryMgr:DataCollectionService: stats => 1688650516410,573125,4128
07-06 15:35:16.414  4793  4972 I BatteryMgr:DataCollectionService: stats => 1688650516414,573125,4128
07-06 15:35:16.417  4793  4972 I BatteryMgr:DataCollectionService: stats => 1688650516417,573125,4128
07-06 15:35:16.420  4793  4972 I BatteryMgr:DataCollectionService: stats => 1688650516420,573125,4128
07-06 15:35:16.423  4793  4972 I BatteryMgr:DataCollectionService: stats => 1688650516423,573125,4128
07-06 15:35:16.427  4793  4972 I BatteryMgr:DataCollectionService: stats => 1688650516427,573125,4128
07-06 15:35:16.431  4793  4972 I BatteryMgr:DataCollectionService: stats => 1688650516431,573125,4128
07-06 15:35:16.435  4793  4972 I BatteryMgr:DataCollectionService: stats => 1688650516435,573125,4128
07-06 15:35:16.439  4793  4972 I BatteryMgr:DataCollectionService: stats => 1688650516439,573125,4128
07-06 15:35:16.443  4793  4972 I BatteryMgr:DataCollectionService: stats => 1688650516443,573125,4128
07-06 15:35:16.447  4793  4972 I BatteryMgr:DataCollectionService: stats => 1688650516447,573125,4128
07-06 15:35:16.452  4793  4972 I BatteryMgr:DataCollectionService: stats => 1688650516452,573125,4128
07-06 15:35:16.456  4793  4972 I BatteryMgr:DataCollectionService: stats => 1688650516456,573125,4128
07-06 15:35:16.460  4793  4972 I BatteryMgr:DataCollectionService: stats => 1688650516460,573125,4128
07-06 15:35:16.464  4793  4972 I BatteryMgr:DataCollectionService: stats => 1688650516464,573125,4128
07-06 15:35:16.469  4793  4972 I BatteryMgr:DataCollectionService: stats => 1688650516469,573125,4128
07-06 15:35:16.474  4793  4972 I BatteryMgr:DataCollectionService: stats => 1688650516474,573125,4128
07-06 15:35:16.480  4793  4972 I BatteryMgr:DataCollectionService: stats => 1688650516480,573125,4128
07-06 15:35:16.485  4793  4972 I BatteryMgr:DataCollectionService: stats => 1688650516485,573125,4128
07-06 15:35:16.489  4793  4972 I BatteryMgr:DataCollectionService: stats => 1688650516489,573125,4128
07-06 15:35:16.494  4793  4972 I BatteryMgr:DataCollectionService: stats => 1688650516494,573125,4128
07-06 15:35:16.499  4793  4972 I BatteryMgr:DataCollectionService: stats => 1688650516499,573125,4128
07-06 15:35:16.504  4793  4972 I BatteryMgr:DataCollectionService: stats => 1688650516504,573125,4128
07-06 15:35:16.508  4793  4972 I BatteryMgr:DataCollectionService: stats => 1688650516508,573125,4128
07-06 15:35:16.513  4793  4972 I BatteryMgr:DataCollectionService: stats => 1688650516513,573125,4128
07-06 15:35:16.517  4793  4972 I BatteryMgr:DataCollectionService: stats => 1688650516517,573125,4128
07-06 15:35:16.522  4793  4972 I BatteryMgr:DataCollectionService: stats => 1688650516522,573125,4128
07-06 15:35:16.526  4793  4972 I BatteryMgr:DataCollectionService: stats => 1688650516526,573125,4128
07-06 15:35:16.532  4793  4972 I BatteryMgr:DataCollectionService: stats => 1688650516532,573125,4128
07-06 15:35:16.537  4793  4972 I BatteryMgr:DataCollectionService: stats => 1688650516537,573125,4128
07-06 15:35:16.542  4793  4972 I BatteryMgr:DataCollectionService: stats => 1688650516542,573125,4128
07-06 15:35:16.546  4793  4972 I BatteryMgr:DataCollectionService: stats => 1688650516546,573125,4128
07-06 15:35:16.551  4793  4972 I BatteryMgr:DataCollectionService: stats => 1688650516551,573125,4128
07-06 15:35:16.555  4793  4972 I BatteryMgr:DataCollectionService: stats => 1688650516555,573125,4128
07-06 15:35:16.560  4793  4972 I BatteryMgr:DataCollectionService: stats => 1688650516560,573125,4128
07-06 15:35:16.565  4793  4972 I BatteryMgr:DataCollectionService: stats => 1688650516565,573125,4128
07-06 15:35:16.570  4793  4972 I BatteryMgr:DataCollectionService: stats => 1688650516569,573125,4128
07-06 15:35:16.574  4793  4972 I BatteryMgr:DataCollectionService: stats => 1688650516574,573125,4128
07-06 15:35:16.580  4793  4972 I BatteryMgr:DataCollectionService: stats => 1688650516579,573125,4128
07-06 15:35:16.584  4793  4972 I BatteryMgr:DataCollectionService: stats => 1688650516584,573125,4128
07-06 15:35:16.587  4793  4972 I BatteryMgr:DataCollectionService: stats => 1688650516587,608750,4128
07-06 15:35:16.591  4793  4972 I BatteryMgr:DataCollectionService: stats => 1688650516591,608750,4128
07-06 15:35:16.595  4793  4972 I BatteryMgr:DataCollectionService: stats => 1688650516595,608750,4128
07-06 15:35:16.599  4793  4972 I BatteryMgr:DataCollectionService: stats => 1688650516599,608750,4128
07-06 15:35:16.602  4793  4972 I BatteryMgr:DataCollectionService: stats => 1688650516602,608750,4128
07-06 15:35:16.606  4793  4972 I BatteryMgr:DataCollectionService: stats => 1688650516606,608750,4128
07-06 15:35:16.610  4793  4972 I BatteryMgr:DataCollectionService: stats => 1688650516610,608750,4128
07-06 15:35:16.614  4793  4972 I BatteryMgr:DataCollectionService: stats => 1688650516614,608750,4128
07-06 15:35:16.618  4793  4972 I BatteryMgr:DataCollectionService: stats => 1688650516618,608750,4128
07-06 15:35:16.622  4793  4972 I BatteryMgr:DataCollectionService: stats => 1688650516622,608750,4128
07-06 15:35:16.627  4793  4972 I BatteryMgr:DataCollectionService: stats => 1688650516627,608750,4128
07-06 15:35:16.631  4793  4972 I BatteryMgr:DataCollectionService: stats => 1688650516631,608750,4128
07-06 15:35:16.636  4793  4972 I BatteryMgr:DataCollectionService: stats => 1688650516636,608750,4128
07-06 15:35:16.640  4793  4972 I BatteryMgr:DataCollectionService: stats => 1688650516640,608750,4128
07-06 15:35:16.644  4793  4972 I BatteryMgr:DataCollectionService: stats => 1688650516644,608750,4128
07-06 15:35:16.648  4793  4972 I BatteryMgr:DataCollectionService: stats => 1688650516648,608750,4128
07-06 15:35:16.652  4793  4972 I BatteryMgr:DataCollectionService: stats => 1688650516652,608750,4128
07-06 15:35:16.655  4793  4972 I BatteryMgr:DataCollectionService: stats => 1688650516655,608750,4128
07-06 15:35:16.659  4793  4972 I BatteryMgr:DataCollectionService: stats => 1688650516659,608750,4128
07-06 15:35:16.664  4793  4972 I BatteryMgr:DataCollectionService: stats => 1688650516664,608750,4128
07-06 15:35:16.669  4793  4972 I BatteryMgr:DataCollectionService: stats => 1688650516669,608750,4128
07-06 15:35:16.672  4793  4972 I BatteryMgr:DataCollectionService: stats => 1688650516672,608750,4128
07-06 15:35:16.677  4793  4972 I BatteryMgr:DataCollectionService: stats => 1688650516677,608750,4128
07-06 15:35:16.681  4793  4972 I BatteryMgr:DataCollectionService: stats => 1688650516681,608750,4128
07-06 15:35:16.685  4793  4972 I BatteryMgr:DataCollectionService: stats => 1688650516685,608750,4128
07-06 15:35:16.689  4793  4972 I BatteryMgr:DataCollectionService: stats => 1688650516689,608750,4128
07-06 15:35:16.694  4793  4972 I BatteryMgr:DataCollectionService: stats => 1688650516693,608750,4128
07-06 15:35:16.698  4793  4972 I BatteryMgr:DataCollectionService: stats => 1688650516698,608750,4128
07-06 15:35:16.702  4793  4972 I BatteryMgr:DataCollectionService: stats => 1688650516702,608750,4128
07-06 15:35:16.706  4793  4972 I BatteryMgr:DataCollectionService: stats => 1688650516706,608750,4128
07-06 15:35:16.711  4793  4972 I BatteryMgr:DataCollectionService: stats => 1688650516711,608750,4128
07-06 15:35:16.715  4793  4972 I BatteryMgr:DataCollectionService: stats => 1688650516715,608750,4128
07-06 15:35:16.720  4793  4972 I BatteryMgr:DataCollectionService: stats => 1688650516720,608750,4128
07-06 15:35:16.724  4793  4972 I BatteryMgr:DataCollectionService: stats => 1688650516724,608750,4128
07-06 15:35:16.728  4793  4972 I BatteryMgr:DataCollectionService: stats => 1688650516728,608750,4128
07-06 15:35:16.733  4793  4972 I BatteryMgr:DataCollectionService: stats => 1688650516732,608750,4128
07-06 15:35:16.737  4793  4972 I BatteryMgr:DataCollectionService: stats => 1688650516737,608750,4128
07-06 15:35:16.741  4793  4972 I BatteryMgr:DataCollectionService: stats => 1688650516741,608750,4128
07-06 15:35:16.745  4793  4972 I BatteryMgr:DataCollectionService: stats => 1688650516745,608750,4128
07-06 15:35:16.750  4793  4972 I BatteryMgr:DataCollectionService: stats => 1688650516749,608750,4128
07-06 15:35:16.754  4793  4972 I BatteryMgr:DataCollectionService: stats => 1688650516754,608750,4128
07-06 15:35:16.758  4793  4972 I BatteryMgr:DataCollectionService: stats => 1688650516758,608750,4128
07-06 15:35:16.763  4793  4972 I BatteryMgr:DataCollectionService: stats => 1688650516763,608750,4128
07-06 15:35:16.767  4793  4972 I BatteryMgr:DataCollectionService: stats => 1688650516767,608750,4128
07-06 15:35:16.771  4793  4972 I BatteryMgr:DataCollectionService: stats => 1688650516771,608750,4128
07-06 15:35:16.775  4793  4972 I BatteryMgr:DataCollectionService: stats => 1688650516775,608750,4128
07-06 15:35:16.780  4793  4972 I BatteryMgr:DataCollectionService: stats => 1688650516780,608750,4128
07-06 15:35:16.784  4793  4972 I BatteryMgr:DataCollectionService: stats => 1688650516784,608750,4128
07-06 15:35:16.788  4793  4972 I BatteryMgr:DataCollectionService: stats => 1688650516788,608750,4128
07-06 15:35:16.792  4793  4972 I BatteryMgr:DataCollectionService: stats => 1688650516791,608750,4128
07-06 15:35:16.796  4793  4972 I BatteryMgr:DataCollectionService: stats => 1688650516796,608750,4128
07-06 15:35:16.800  4793  4972 I BatteryMgr:DataCollectionService: stats => 1688650516800,608750,4128
07-06 15:35:16.805  4793  4972 I BatteryMgr:DataCollectionService: stats => 1688650516805,608750,4128
07-06 15:35:16.809  4793  4972 I BatteryMgr:DataCollectionService: stats => 1688650516809,608750,4128
07-06 15:35:16.813  4793  4972 I BatteryMgr:DataCollectionService: stats => 1688650516813,608750,4128
07-06 15:35:16.817  4793  4972 I BatteryMgr:DataCollectionService: stats => 1688650516817,608750,4128
07-06 15:35:16.821  4793  4972 I BatteryMgr:DataCollectionService: stats => 1688650516821,608750,4128
07-06 15:35:16.826  4793  4972 I BatteryMgr:DataCollectionService: stats => 1688650516825,608750,4128
07-06 15:35:16.830  4793  4972 I BatteryMgr:DataCollectionService: stats => 1688650516830,608750,4128
07-06 15:35:16.834  4793  4972 I BatteryMgr:DataCollectionService: stats => 1688650516834,608750,4128
07-06 15:35:16.839  4793  4972 I BatteryMgr:DataCollectionService: stats => 1688650516838,608750,4128
07-06 15:35:16.843  4793  4972 I BatteryMgr:DataCollectionService: stats => 1688650516843,608750,4128
07-06 15:35:16.848  4793  4972 I BatteryMgr:DataCollectionService: stats => 1688650516848,608750,4128
07-06 15:35:16.852  4793  4972 I BatteryMgr:DataCollectionService: stats => 1688650516852,608750,4128
07-06 15:35:16.856  4793  4972 I BatteryMgr:DataCollectionService: stats => 1688650516856,608750,4128
07-06 15:35:16.862  4793  4972 I BatteryMgr:DataCollectionService: stats => 1688650516862,608750,4128
07-06 15:35:16.865  2161  2293 D ConnectivityService: NetReassign [no changes] [c 0] [a 1] [i 4]
07-06 15:35:16.866  4793  4972 I BatteryMgr:DataCollectionService: stats => 1688650516866,608750,4128
07-06 15:35:16.869  4793  4972 I BatteryMgr:DataCollectionService: stats => 1688650516869,608750,4128
07-06 15:35:16.873  4793  4972 I BatteryMgr:DataCollectionService: stats => 1688650516873,608750,4128
07-06 15:35:16.876  4793  4972 I BatteryMgr:DataCollectionService: stats => 1688650516876,608750,4128
07-06 15:35:16.880  4793  4972 I BatteryMgr:DataCollectionService: stats => 1688650516880,608750,4128
07-06 15:35:16.883  4793  4972 I BatteryMgr:DataCollectionService: stats => 1688650516883,608750,4128
07-06 15:35:16.887  4793  4972 I BatteryMgr:DataCollectionService: stats => 1688650516887,608750,4128
07-06 15:35:16.891  4793  4972 I BatteryMgr:DataCollectionService: stats => 1688650516891,608750,4128
07-06 15:35:16.895  4793  4972 I BatteryMgr:DataCollectionService: stats => 1688650516895,608750,4128
07-06 15:35:16.899  4793  4972 I BatteryMgr:DataCollectionService: stats => 1688650516899,608750,4128
07-06 15:35:16.904  4793  4972 I BatteryMgr:DataCollectionService: stats => 1688650516904,608750,4128
07-06 15:35:16.908  4793  4972 I BatteryMgr:DataCollectionService: stats => 1688650516908,608750,4128
07-06 15:35:16.912  4793  4972 I BatteryMgr:DataCollectionService: stats => 1688650516912,608750,4128
07-06 15:35:16.917  4793  4972 I BatteryMgr:DataCollectionService: stats => 1688650516917,608750,4128
07-06 15:35:16.921  4793  4972 I BatteryMgr:DataCollectionService: stats => 1688650516921,608750,4128
07-06 15:35:16.925  4793  4972 I BatteryMgr:DataCollectionService: stats => 1688650516925,608750,4128
07-06 15:35:16.930  4793  4972 I BatteryMgr:DataCollectionService: stats => 1688650516930,608750,4128
07-06 15:35:16.934  4793  4972 I BatteryMgr:DataCollectionService: stats => 1688650516934,608750,4128
07-06 15:35:16.938  4793  4972 I BatteryMgr:DataCollectionService: stats => 1688650516938,608750,4128
07-06 15:35:16.943  4793  4972 I BatteryMgr:DataCollectionService: stats => 1688650516943,485000,4128
07-06 15:35:16.947  4793  4972 I BatteryMgr:DataCollectionService: stats => 1688650516947,485000,4128
07-06 15:35:16.952  4793  4972 I BatteryMgr:DataCollectionService: stats => 1688650516952,485000,4128
07-06 15:35:16.956  4793  4972 I BatteryMgr:DataCollectionService: stats => 1688650516956,485000,4128
07-06 15:35:16.960  4793  4972 I BatteryMgr:DataCollectionService: stats => 1688650516960,485000,4128
07-06 15:35:16.964  4793  4972 I BatteryMgr:DataCollectionService: stats => 1688650516964,485000,4128
07-06 15:35:16.967  4793  4972 I BatteryMgr:DataCollectionService: stats => 1688650516967,485000,4128
07-06 15:35:16.971  4793  4972 I BatteryMgr:DataCollectionService: stats => 1688650516971,485000,4128
07-06 15:35:16.974  4793  4972 I BatteryMgr:DataCollectionService: stats => 1688650516974,485000,4128
07-06 15:35:16.977  4793  4972 I BatteryMgr:DataCollectionService: stats => 1688650516977,485000,4128
07-06 15:35:16.981  4793  4972 I BatteryMgr:DataCollectionService: stats => 1688650516981,485000,4128
07-06 15:35:16.984  4793  4972 I BatteryMgr:DataCollectionService: stats => 1688650516984,485000,4128
07-06 15:35:16.989  4793  4972 I BatteryMgr:DataCollectionService: stats => 1688650516989,485000,4128
07-06 15:35:16.994  4793  4972 I BatteryMgr:DataCollectionService: stats => 1688650516994,485000,4128
07-06 15:35:16.998  4793  4972 I BatteryMgr:DataCollectionService: stats => 1688650516998,485000,4128
07-06 15:35:17.002  4793  4972 I BatteryMgr:DataCollectionService: stats => 1688650517002,485000,4128
07-06 15:35:17.006  4793  4972 I BatteryMgr:DataCollectionService: stats => 1688650517006,485000,4128
07-06 15:35:17.011  4793  4972 I BatteryMgr:DataCollectionService: stats => 1688650517011,485000,4128
07-06 15:35:17.015  4793  4972 I BatteryMgr:DataCollectionService: stats => 1688650517015,485000,4128
07-06 15:35:17.020  4793  4972 I BatteryMgr:DataCollectionService: stats => 1688650517020,485000,4128
07-06 15:35:17.024  4793  4972 I BatteryMgr:DataCollectionService: stats => 1688650517024,485000,4128
07-06 15:35:17.029  4793  4972 I BatteryMgr:DataCollectionService: stats => 1688650517029,485000,4128
07-06 15:35:17.034  4793  4972 I BatteryMgr:DataCollectionService: stats => 1688650517034,485000,4128
07-06 15:35:17.038  4793  4972 I BatteryMgr:DataCollectionService: stats => 1688650517038,485000,4128
07-06 15:35:17.042  4793  4972 I BatteryMgr:DataCollectionService: stats => 1688650517042,485000,4128
07-06 15:35:17.047  4793  4972 I BatteryMgr:DataCollectionService: stats => 1688650517047,485000,4128
07-06 15:35:17.051  4793  4972 I BatteryMgr:DataCollectionService: stats => 1688650517051,485000,4128
07-06 15:35:17.056  4793  4972 I BatteryMgr:DataCollectionService: stats => 1688650517056,485000,4128
07-06 15:35:17.060  4793  4972 I BatteryMgr:DataCollectionService: stats => 1688650517060,485000,4128
07-06 15:35:17.064  4793  4972 I BatteryMgr:DataCollectionService: stats => 1688650517064,485000,4128
07-06 15:35:17.068  4793  4972 I BatteryMgr:DataCollectionService: stats => 1688650517068,485000,4128
07-06 15:35:17.072  4793  4972 I BatteryMgr:DataCollectionService: stats => 1688650517071,485000,4128
07-06 15:35:17.077  4793  4972 I BatteryMgr:DataCollectionService: stats => 1688650517076,485000,4128
07-06 15:35:17.080  4793  4972 I BatteryMgr:DataCollectionService: stats => 1688650517080,485000,4128
07-06 15:35:17.084  4793  4972 I BatteryMgr:DataCollectionService: stats => 1688650517083,485000,4128
07-06 15:35:17.088  4793  4972 I BatteryMgr:DataCollectionService: stats => 1688650517088,485000,4128
07-06 15:35:17.093  4793  4972 I BatteryMgr:DataCollectionService: stats => 1688650517092,485000,4128
07-06 15:35:17.098  4793  4972 I BatteryMgr:DataCollectionService: stats => 1688650517098,485000,4128
07-06 15:35:17.102  4793  4972 I BatteryMgr:DataCollectionService: stats => 1688650517102,485000,4128
07-06 15:35:17.107  4793  4972 I BatteryMgr:DataCollectionService: stats => 1688650517107,485000,4128
07-06 15:35:17.111  4793  4972 I BatteryMgr:DataCollectionService: stats => 1688650517111,485000,4128
07-06 15:35:17.115  4793  4972 I BatteryMgr:DataCollectionService: stats => 1688650517115,485000,4128
07-06 15:35:17.120  4793  4972 I BatteryMgr:DataCollectionService: stats => 1688650517120,485000,4128
07-06 15:35:17.125  4793  4972 I BatteryMgr:DataCollectionService: stats => 1688650517125,485000,4128
07-06 15:35:17.129  4793  4972 I BatteryMgr:DataCollectionService: stats => 1688650517129,485000,4128
07-06 15:35:17.133  4793  4972 I BatteryMgr:DataCollectionService: stats => 1688650517133,485000,4128
07-06 15:35:17.138  4793  4972 I BatteryMgr:DataCollectionService: stats => 1688650517138,485000,4128
07-06 15:35:17.142  4793  4972 I BatteryMgr:DataCollectionService: stats => 1688650517142,485000,4128
07-06 15:35:17.145  4793  4972 I BatteryMgr:DataCollectionService: stats => 1688650517145,485000,4128
07-06 15:35:17.149  4793  4972 I BatteryMgr:DataCollectionService: stats => 1688650517149,485000,4128
07-06 15:35:17.153  4793  4972 I BatteryMgr:DataCollectionService: stats => 1688650517153,485000,4128
07-06 15:35:17.156  4793  4972 I BatteryMgr:DataCollectionService: stats => 1688650517156,485000,4128
07-06 15:35:17.161  4793  4972 I BatteryMgr:DataCollectionService: stats => 1688650517161,485000,4128
07-06 15:35:17.165  4793  4972 I BatteryMgr:DataCollectionService: stats => 1688650517165,485000,4128
07-06 15:35:17.169  4793  4972 I BatteryMgr:DataCollectionService: stats => 1688650517169,485000,4128
07-06 15:35:17.173  4793  4972 I BatteryMgr:DataCollectionService: stats => 1688650517173,485000,4128
07-06 15:35:17.177  4793  4972 I BatteryMgr:DataCollectionService: stats => 1688650517177,485000,4128
07-06 15:35:17.180  4793  4972 I BatteryMgr:DataCollectionService: stats => 1688650517180,485000,4128
07-06 15:35:17.184  4793  4972 I BatteryMgr:DataCollectionService: stats => 1688650517184,485000,4128
07-06 15:35:17.189  4793  4972 I BatteryMgr:DataCollectionService: stats => 1688650517189,485000,4128
07-06 15:35:17.193  4793  4972 I BatteryMgr:DataCollectionService: stats => 1688650517193,485000,4128
07-06 15:35:17.198  4793  4972 I BatteryMgr:DataCollectionService: stats => 1688650517198,485000,4128
07-06 15:35:17.203  4793  4972 I BatteryMgr:DataCollectionService: stats => 1688650517202,485000,4128
07-06 15:35:17.207  4793  4972 I BatteryMgr:DataCollectionService: stats => 1688650517206,485000,4128
07-06 15:35:17.211  4793  4972 I BatteryMgr:DataCollectionService: stats => 1688650517211,485000,4128
07-06 15:35:17.216  4793  4972 I BatteryMgr:DataCollectionService: stats => 1688650517215,485000,4128
07-06 15:35:17.220  4793  4972 I BatteryMgr:DataCollectionService: stats => 1688650517220,485000,4128
07-06 15:35:17.224  4793  4972 I BatteryMgr:DataCollectionService: stats => 1688650517224,485000,4128
07-06 15:35:17.229  4793  4972 I BatteryMgr:DataCollectionService: stats => 1688650517228,485000,4128
07-06 15:35:17.233  4793  4972 I BatteryMgr:DataCollectionService: stats => 1688650517233,485000,4128
07-06 15:35:17.237  4793  4972 I BatteryMgr:DataCollectionService: stats => 1688650517237,485000,4128
07-06 15:35:17.240  4793  4972 I BatteryMgr:DataCollectionService: stats => 1688650517240,485000,4128
07-06 15:35:17.244  4793  4972 I BatteryMgr:DataCollectionService: stats => 1688650517244,485000,4128
07-06 15:35:17.247  4793  4972 I BatteryMgr:DataCollectionService: stats => 1688650517247,485000,4128
07-06 15:35:17.250  4793  4972 I BatteryMgr:DataCollectionService: stats => 1688650517250,485000,4128
07-06 15:35:17.254  4793  4972 I BatteryMgr:DataCollectionService: stats => 1688650517253,485000,4128
07-06 15:35:17.257  4793  4972 I BatteryMgr:DataCollectionService: stats => 1688650517257,485000,4128
07-06 15:35:17.261  4793  4972 I BatteryMgr:DataCollectionService: stats => 1688650517261,485000,4128
07-06 15:35:17.265  4793  4972 I BatteryMgr:DataCollectionService: stats => 1688650517265,485000,4128
07-06 15:35:17.268  4793  4972 I BatteryMgr:DataCollectionService: stats => 1688650517268,485000,4128
07-06 15:35:17.271  4793  4972 I BatteryMgr:DataCollectionService: stats => 1688650517271,485000,4128
07-06 15:35:17.275  4793  4972 I BatteryMgr:DataCollectionService: stats => 1688650517275,485000,4128
07-06 15:35:17.278  4793  4972 I BatteryMgr:DataCollectionService: stats => 1688650517278,485000,4128
07-06 15:35:17.281  4793  4972 I BatteryMgr:DataCollectionService: stats => 1688650517281,485000,4128
07-06 15:35:17.285  4793  4972 I BatteryMgr:DataCollectionService: stats => 1688650517285,485000,4128
07-06 15:35:17.290  4793  4972 I BatteryMgr:DataCollectionService: stats => 1688650517289,478125,4128
07-06 15:35:17.294  4793  4972 I BatteryMgr:DataCollectionService: stats => 1688650517294,478125,4128
07-06 15:35:17.299  4793  4972 I BatteryMgr:DataCollectionService: stats => 1688650517298,478125,4128
07-06 15:35:17.303  4793  4972 I BatteryMgr:DataCollectionService: stats => 1688650517303,478125,4128
07-06 15:35:17.308  4793  4972 I BatteryMgr:DataCollectionService: stats => 1688650517308,478125,4128
07-06 15:35:17.312  4793  4972 I BatteryMgr:DataCollectionService: stats => 1688650517312,478125,4128
07-06 15:35:17.317  4793  4972 I BatteryMgr:DataCollectionService: stats => 1688650517317,478125,4128
07-06 15:35:17.321  4793  4972 I BatteryMgr:DataCollectionService: stats => 1688650517321,478125,4128
07-06 15:35:17.327  4793  4972 I BatteryMgr:DataCollectionService: stats => 1688650517326,478125,4128
07-06 15:35:17.331  4793  4972 I BatteryMgr:DataCollectionService: stats => 1688650517331,478125,4128
07-06 15:35:17.335  4793  4972 I BatteryMgr:DataCollectionService: stats => 1688650517335,478125,4128
07-06 15:35:17.340  4793  4972 I BatteryMgr:DataCollectionService: stats => 1688650517340,478125,4128
07-06 15:35:17.344  4793  4972 I BatteryMgr:DataCollectionService: stats => 1688650517344,478125,4128
07-06 15:35:17.349  4793  4972 I BatteryMgr:DataCollectionService: stats => 1688650517348,478125,4128
07-06 15:35:17.353  4793  4972 I BatteryMgr:DataCollectionService: stats => 1688650517353,478125,4128
07-06 15:35:17.357  4793  4972 I BatteryMgr:DataCollectionService: stats => 1688650517357,478125,4128
07-06 15:35:17.362  4793  4972 I BatteryMgr:DataCollectionService: stats => 1688650517362,478125,4128
07-06 15:35:17.366  4793  4972 I BatteryMgr:DataCollectionService: stats => 1688650517366,478125,4128
07-06 15:35:17.370  4793  4972 I BatteryMgr:DataCollectionService: stats => 1688650517370,478125,4128
07-06 15:35:17.375  4793  4972 I BatteryMgr:DataCollectionService: stats => 1688650517375,478125,4128
07-06 15:35:17.379  4793  4972 I BatteryMgr:DataCollectionService: stats => 1688650517379,478125,4128
07-06 15:35:17.383  4793  4972 I BatteryMgr:DataCollectionService: stats => 1688650517383,478125,4128
07-06 15:35:17.387  4793  4972 I BatteryMgr:DataCollectionService: stats => 1688650517387,478125,4128
07-06 15:35:17.391  4793  4972 I BatteryMgr:DataCollectionService: stats => 1688650517391,478125,4128
07-06 15:35:17.396  4793  4972 I BatteryMgr:DataCollectionService: stats => 1688650517396,478125,4128
07-06 15:35:17.400  4793  4972 I BatteryMgr:DataCollectionService: stats => 1688650517400,478125,4128
07-06 15:35:17.404  4793  4972 I BatteryMgr:DataCollectionService: stats => 1688650517404,478125,4128
07-06 15:35:17.408  4793  4972 I BatteryMgr:DataCollectionService: stats => 1688650517408,478125,4128
07-06 15:35:17.413  4793  4972 I BatteryMgr:DataCollectionService: stats => 1688650517413,478125,4128
