07-04 17:12:50.615  4204  4927 I A       : (REDACTED) Voice Match (Speaker-id) supported : %b 
07-04 17:12:50.615  4204  4927 I A       : (REDACTED) hotword enrollment state is enrolled:  %b, speakerId model exist: %b. Voice Match supported : %b 
07-04 17:12:50.615  4204  4927 I A       : (REDACTED) isHotwordAvailable():  %b, isHotwordEnabled() %b 
07-04 17:12:50.615  4204  4927 I A       : (REDACTED) isHotwordAvailable():  %b, isHotwordEnabled() %b 
07-04 17:12:50.615  4204  4927 I A       : (REDACTED) Hotword enrollment state : %s.
07-04 17:12:50.615  4204  4927 I A       : (REDACTED) Voice Match (Speaker-id) supported : %b 
07-04 17:12:50.616  4204  4927 I A       : (REDACTED) Voice Match (Speaker-id) supported : %b 
07-04 17:12:50.616  4204  4927 I A       : (REDACTED) hotword enrollment state is enrolled:  %b, speakerId model exist: %b, voice match supported : %b
07-04 17:12:50.616  4204  4927 I A       : (REDACTED) Hotword isNonVoiceMatchHotwordEnabled: %b, isHotwordAvailable : %b, isHotwordEnabled : %b, isVoiceMatchSupported: %b, isHotwordEnrolled: %b.
07-04 17:12:50.616  4204  4927 I SodaTriggeringFrontend: (REDACTED) Ignore the legacy hotword request. voice match enabled %b, isHotwordSupported %b, isIncompleteEnrollmentState %b, nonVoiceMatchHotwordEnabled %b
07-04 17:12:50.635  4942  4942 D PredictionService: onRequestPredictionUpdate
07-04 17:12:50.636  4942  4942 D PredictionService: update predictions
07-04 17:12:50.642 25555 25555 I android_os_HwBinder: HwBinder: Starting thread pool for getting: vendor.pixelworks.hardware.display@1.0::IIris/default
07-04 17:12:50.644   973   973 I IrisService: irisConfigureSet(41, 1, 0)
07-04 17:12:50.646 25555 25555 I android_os_HwBinder: HwBinder: Starting thread pool for getting: vendor.pixelworks.hardware.display@1.0::IIris/default
07-04 17:12:50.647   973   973 I IrisService: irisConfigureSet(42, 1, 0)
07-04 17:12:50.649 25555 25555 I android_os_HwBinder: HwBinder: Starting thread pool for getting: vendor.pixelworks.hardware.display@1.0::IIris/default
07-04 17:12:50.649   973   973 I IrisService: irisConfigureSet(40, 1, 0)
07-04 17:12:50.664 10241 10241 I GoogleInputMethodService: GoogleInputMethodService.onFinishInput():3306 
07-04 17:12:50.665 10241 10241 I GoogleInputMethodService: GoogleInputMethodService.updateDeviceLockedStatus():2127 repeatCheckTimes = 0, locked = false
07-04 17:12:50.665 10241 10241 I GoogleInputMethodService: GoogleInputMethodService.onStartInput():1909 onStartInput(EditorInfo{inputType=0x0(NULL) imeOptions=0x0 privateImeOptions=null actionName=UNSPECIFIED actionLabel=null actionId=0 initialSelStart=-1 initialSelEnd=-1 initialCapsMode=0x0 hintText=null label=null packageName=com.android.launcher3 fieldId=-1 fieldName=null extras=null hintLocales=[]}, false)
07-04 17:12:50.665 10241 10241 I GoogleInputMethodService: GoogleInputMethodService.shouldHideHeaderOnInitialState():1990 ShouldHideHeaderOnInitialState = false
07-04 17:12:50.666 10241 10241 I GoogleInputMethodService: GoogleInputMethodService.updateDeviceLockedStatus():2127 repeatCheckTimes = 1, locked = false
07-04 17:12:50.673 25555 25555 I android_os_HwBinder: HwBinder: Starting thread pool for getting: vendor.pixelworks.hardware.display@1.0::IIris/default
07-04 17:12:50.674   973  1072 I IrisService: irisConfigureSet(36, 1, 0)
07-04 17:12:50.688  4180  4193 I earchbox:searc: Background young concurrent copying GC freed 248340(11MB) AllocSpace objects, 38(776KB) LOS objects, 25% free, 35MB/48MB, paused 106us total 117.942ms
07-04 17:12:50.688  4180  4193 W earchbox:searc: Reducing the number of considered missed Gc histogram windows from 313 to 100
07-04 17:12:50.706 25555 25555 D PureDisplay: getWhiteBalanceAutoMode()0
07-04 17:12:50.710 25555 25555 I android_os_HwBinder: HwBinder: Starting thread pool for getting: vendor.pixelworks.hardware.display@1.0::IIris/default
07-04 17:12:50.710   973   973 I IrisService: irisConfigureSet(39, 1, 1)
07-04 17:12:50.739 25555 25555 I android_os_HwBinder: HwBinder: Starting thread pool for getting: vendor.pixelworks.hardware.display@1.0::IIris/default
07-04 17:12:50.740   973   973 I IrisService: irisConfigureSet(264, 1, 0)
07-04 17:12:52.177  1419  3238 D BufferPoolAccessor2.0: bufferpool2 0x71cd1b3c58 : 0(0 size) total buffers - 0(0 size) used buffers - 3281/3288 (recycle/alloc) - 5/3094 (fetch/transfer)
07-04 17:12:52.177  1328 14566 D BufferPoolAccessor2.0: bufferpool2 0xecd02428 : 0(0 size) total buffers - 0(0 size) used buffers - 3287/3292 (recycle/alloc) - 5/6574 (fetch/transfer)
07-04 17:12:52.177  1328 14566 D BufferPoolAccessor2.0: evictor expired: 1, evicted: 1
07-04 17:12:52.177  1419  3238 D BufferPoolAccessor2.0: evictor expired: 1, evicted: 1
07-04 17:12:52.216  4972  5069 I Finsky  : [1905] nlb.run(33): Stats for Executor: BlockingExecutor nls@e115598[Running, pool size = 0, active threads = 0, queued tasks = 0, completed tasks = 23]
07-04 17:12:52.217  4972  5069 I Finsky  : [1905] nlb.run(33): Stats for Executor: LightweightExecutor nls@105f1f1[Running, pool size = 4, active threads = 0, queued tasks = 0, completed tasks = 375]
07-04 17:12:52.375  4972  5069 I Finsky  : [1905] nlb.run(33): Stats for Executor: bgExecutor nls@a5a1d6[Running, pool size = 4, active threads = 0, queued tasks = 0, completed tasks = 1269]
07-04 17:12:54.123 12542 12554 W dglobal.suppor: Reducing the number of considered missed Gc histogram windows from 105 to 100
07-04 17:12:56.018  4432  9691 D MediaProvider: CrossUser not enabled.
