05-07 15:46:39.300  1007  1073 D VSC     : @ 259025.232: [WO] Proposed rotation: 0, flat angle threshold: 65
05-07 15:46:39.300  1007  1073 D VSC     : @ 259025.232: [WO] orientation angle 3, orientation 0
05-07 15:46:39.300  1007  1073 D VSC     : @ 259025.232: [WO] Gyro angle integrated: 0.083113
05-07 15:46:39.635  1701  2076 D ConnectivityService: NetReassign [no changes]
05-07 15:46:39.725 11705 11799 I BatteryMgr:DataCollectionService: stats => 1683467199725,false,true,-2147483648,94,202812,135312,-2147483648,2317000,3,2317000,202812,94,94,2317000,135312,202812,-2147483648,3,202812,135312,-2147483648,94,2317000,2,17303567,94,0,100,3,Li-ion,275,4216
05-07 15:46:40.268 11705 11799 I BatteryMgr:DataCollectionService: stats => 1683467200268,false,true,-2147483648,94,114375,136562,-2147483648,2317000,3,2317000,114375,94,94,2317000,136562,114375,-2147483648,3,114375,136562,-2147483648,94,2317000,2,17303567,94,0,100,3,Li-ion,275,4216
05-07 15:46:40.805 11705 11799 I BatteryMgr:DataCollectionService: stats => 1683467200805,false,true,-2147483648,94,160625,135625,-2147483648,2317000,3,2317000,160625,94,94,2317000,135625,160625,-2147483648,3,160625,135625,-2147483648,94,2317000,2,17303567,94,0,100,3,Li-ion,275,4216
05-07 15:46:41.296  1007  1073 D VSC     : @ 259027.232: [WO] Proposed rotation: 0, flat angle threshold: 65
05-07 15:46:41.297  1007  1073 D VSC     : @ 259027.232: [WO] orientation angle 3, orientation 0
05-07 15:46:41.297  1007  1073 D VSC     : @ 259027.232: [WO] Gyro angle integrated: 0.033441
05-07 15:46:41.342 11705 11799 I BatteryMgr:DataCollectionService: stats => 1683467201341,false,true,-2147483648,94,93750,135000,-2147483648,2317000,3,2317000,93750,94,94,2317000,135000,93750,-2147483648,3,93750,135000,-2147483648,94,2317000,2,17303567,94,0,100,3,Li-ion,275,4216
05-07 15:46:41.883 11705 11799 I BatteryMgr:DataCollectionService: stats => 1683467201883,false,true,-2147483648,94,19687,135000,-2147483648,2317000,3,2317000,19687,94,94,2317000,135000,19687,-2147483648,3,19687,135000,-2147483648,94,2317000,2,17303567,94,0,100,3,Li-ion,275,4216
05-07 15:46:42.437 11705 11799 I BatteryMgr:DataCollectionService: stats => 1683467202437,false,true,-2147483648,94,77500,131875,-2147483648,2317000,3,2317000,77500,94,94,2317000,131875,77500,-2147483648,3,77500,131875,-2147483648,94,2317000,2,17303567,94,0,100,3,Li-ion,275,4216
05-07 15:46:42.628 10917 10952 I Finsky  : [164] iwr.run(28): AIM: AppInfoManager-Perf > Destroying AppInfoManager ...
05-07 15:46:42.643 10917 10949 I Finsky  : [160] iwr.run(28): AIM: AppInfoManager-Perf > Destroying AppInfoManager ...
05-07 15:46:42.660  1701  2076 D ConnectivityService: NetReassign [no changes]
05-07 15:46:42.972 11705 11799 I BatteryMgr:DataCollectionService: stats => 1683467202972,false,true,-2147483648,94,169375,130000,-2147483648,2317000,3,2317000,169375,94,94,2317000,130000,169375,-2147483648,3,169375,130000,-2147483648,94,2317000,2,17303567,94,0,100,3,Li-ion,275,4216
05-07 15:46:43.301  1007  1073 D VSC     : @ 259029.230: [WO] Proposed rotation: 0, flat angle threshold: 65
05-07 15:46:43.301  1007  1073 D VSC     : @ 259029.231: [WO] orientation angle 3, orientation 0
05-07 15:46:43.301  1007  1073 D VSC     : @ 259029.231: [WO] Gyro angle integrated: 0.027125
05-07 15:46:43.421 10917 10949 I Finsky  : [160] iwr.run(28): AIM: AppInfoManager-Perf > Destroying AppInfoManager ...
05-07 15:46:43.510 11705 11799 I BatteryMgr:DataCollectionService: stats => 1683467203510,false,true,-2147483648,94,235312,130312,-2147483648,2317000,3,2317000,235312,94,94,2317000,130312,235312,-2147483648,3,235312,130312,-2147483648,94,2317000,2,17303567,94,0,100,3,Li-ion,275,4216
05-07 15:46:44.045 11705 11799 I BatteryMgr:DataCollectionService: stats => 1683467204045,false,true,-2147483648,94,146250,133750,-2147483648,2317000,3,2317000,146250,94,94,2317000,133750,146250,-2147483648,3,146250,133750,-2147483648,94,2317000,2,17303567,94,0,100,3,Li-ion,275,4216
05-07 15:46:44.277 10917 10952 I Finsky  : [164] iwr.run(28): AIM: AppInfoManager-Perf > Destroying AppInfoManager ...
05-07 15:46:44.602 11705 11799 I BatteryMgr:DataCollectionService: stats => 1683467204602,false,true,-2147483648,94,151250,133125,-2147483648,2317000,3,2317000,151250,94,94,2317000,133125,151250,-2147483648,3,151250,133125,-2147483648,94,2317000,2,17303567,94,0,100,3,Li-ion,275,4216
05-07 15:46:45.022 10917 10960 I Finsky  : [171] iwr.run(28): AIM: AppInfoManager-Perf > Destroying AppInfoManager ...
05-07 15:46:45.029 10917 10964 I Finsky  : [173] iwr.run(28): AIM: AppInfoManager-Perf > Destroying AppInfoManager ...
05-07 15:46:45.135 11705 11799 I BatteryMgr:DataCollectionService: stats => 1683467205135,false,true,-2147483648,94,114062,133125,-2147483648,2317000,3,2317000,114062,94,94,2317000,133125,114062,-2147483648,3,114062,133125,-2147483648,94,2317000,2,17303567,94,0,100,3,Li-ion,275,4216
05-07 15:46:45.302  1007  1073 D VSC     : @ 259031.231: [WO] Proposed rotation: 0, flat angle threshold: 65
05-07 15:46:45.302  1007  1073 D VSC     : @ 259031.231: [WO] orientation angle 3, orientation 0
05-07 15:46:45.302  1007  1073 D VSC     : @ 259031.231: [WO] Gyro angle integrated: 0.186521
05-07 15:46:45.683 11705 11799 I BatteryMgr:DataCollectionService: stats => 1683467205683,false,true,-2147483648,94,102500,131875,-2147483648,2317000,3,2317000,102500,94,94,2317000,131875,102500,-2147483648,3,102500,131875,-2147483648,94,2317000,2,17303567,94,0,100,3,Li-ion,275,4216
05-07 15:46:45.686  1701  2076 D ConnectivityService: NetReassign [no changes]
05-07 15:46:45.835 10917 10964 I Finsky  : [173] iwr.run(28): AIM: AppInfoManager-Perf > Destroying AppInfoManager ...
05-07 15:46:45.871 10917 10960 I Finsky  : [171] iwr.run(28): AIM: AppInfoManager-Perf > Destroying AppInfoManager ...
05-07 15:46:46.219 11705 11799 I BatteryMgr:DataCollectionService: stats => 1683467206219,false,true,-2147483648,94,194375,133125,-2147483648,2317000,3,2317000,194375,94,94,2317000,133125,194375,-2147483648,3,194375,133125,-2147483648,94,2317000,2,17303567,94,0,100,3,Li-ion,275,4216
05-07 15:46:46.763 11705 11799 I BatteryMgr:DataCollectionService: stats => 1683467206763,false,true,-2147483648,94,113750,134062,-2147483648,2317000,3,2317000,113750,94,94,2317000,134062,113750,-2147483648,3,113750,134062,-2147483648,94,2317000,2,17303567,94,0,100,3,Li-ion,275,4216
05-07 15:46:47.287  1007  1073 D VSC     : @ 259033.226: [WO] Proposed rotation: 0, flat angle threshold: 65
05-07 15:46:47.287  1007  1073 D VSC     : @ 259033.226: [WO] orientation angle 3, orientation 0
05-07 15:46:47.287  1007  1073 D VSC     : @ 259033.226: [WO] Gyro angle integrated: 0.093745
05-07 15:46:47.298 11705 11799 I BatteryMgr:DataCollectionService: stats => 1683467207298,false,true,-2147483648,94,163125,134375,-2147483648,2317000,3,2317000,163125,94,94,2317000,134375,163125,-2147483648,3,163125,134375,-2147483648,94,2317000,2,17303567,94,0,100,3,Li-ion,275,4216
05-07 15:46:47.313 10917 10952 I Finsky  : [164] iwr.run(28): AIM: AppInfoManager-Perf > Destroying AppInfoManager ...
05-07 15:46:47.838 11705 11799 I BatteryMgr:DataCollectionService: stats => 1683467207837,false,true,-2147483648,94,116562,136562,-2147483648,2317000,3,2317000,116562,94,94,2317000,136562,116562,-2147483648,3,116562,136562,-2147483648,94,2317000,2,17303567,94,0,100,3,Li-ion,275,4216
05-07 15:46:48.391 11705 11799 I BatteryMgr:DataCollectionService: stats => 1683467208391,false,true,-2147483648,94,90937,135937,-2147483648,2317000,3,2317000,90937,94,94,2317000,135937,90937,-2147483648,3,90937,135937,-2147483648,94,2317000,2,17303567,94,0,100,3,Li-ion,275,4216
05-07 15:46:48.710  1701  2076 D ConnectivityService: NetReassign [no changes]
05-07 15:46:48.922 11705 11799 I BatteryMgr:DataCollectionService: stats => 1683467208922,false,true,-2147483648,94,148437,134375,-2147483648,2317000,3,2317000,148437,94,94,2317000,134375,148437,-2147483648,3,148437,134375,-2147483648,94,2317000,2,17303567,94,0,100,3,Li-ion,275,4216
05-07 15:46:49.296  1007  1073 D VSC     : @ 259035.232: [WO] Proposed rotation: 0, flat angle threshold: 65
05-07 15:46:49.296  1007  1073 D VSC     : @ 259035.232: [WO] orientation angle 3, orientation 0
05-07 15:46:49.296  1007  1073 D VSC     : @ 259035.232: [WO] Gyro angle integrated: 0.193294
05-07 15:46:49.464 11705 11799 I BatteryMgr:DataCollectionService: stats => 1683467209464,false,true,-2147483648,94,103750,136562,-2147483648,2317000,3,2317000,103750,94,94,2317000,136562,103750,-2147483648,3,103750,136562,-2147483648,94,2317000,2,17303567,94,0,100,3,Li-ion,275,4216
05-07 15:46:50.004 11705 11799 I BatteryMgr:DataCollectionService: stats => 1683467210004,false,true,-2147483648,94,125937,135312,-2147483648,2317000,3,2317000,125937,94,94,2317000,135312,125937,-2147483648,3,125937,135312,-2147483648,94,2317000,2,17303567,94,0,100,3,Li-ion,275,4216
05-07 15:46:50.553 11705 11799 I BatteryMgr:DataCollectionService: stats => 1683467210553,false,true,-2147483648,94,84375,136250,-2147483648,2317000,3,2317000,84375,94,94,2317000,136250,84375,-2147483648,3,84375,136250,-2147483648,94,2317000,2,17303567,94,0,100,3,Li-ion,275,4216
05-07 15:46:51.109 11705 11799 I BatteryMgr:DataCollectionService: stats => 1683467211108,false,true,-2147483648,94,187500,136250,-2147483648,2317000,3,2317000,187500,94,94,2317000,136250,187500,-2147483648,3,187500,136250,-2147483648,94,2317000,2,17303567,94,0,100,3,Li-ion,275,4216
05-07 15:46:51.300  1007  1073 D VSC     : @ 259037.230: [WO] Proposed rotation: 0, flat angle threshold: 65
05-07 15:46:51.300  1007  1073 D VSC     : @ 259037.230: [WO] orientation angle 3, orientation 0
05-07 15:46:51.300  1007  1073 D VSC     : @ 259037.230: [WO] Gyro angle integrated: 0.115971
05-07 15:46:51.660 11705 11799 I BatteryMgr:DataCollectionService: stats => 1683467211659,false,true,-2147483648,94,91875,137187,-2147483648,2317000,3,2317000,91875,94,94,2317000,137187,91875,-2147483648,3,91875,137187,-2147483648,94,2317000,2,17303567,94,0,100,3,Li-ion,275,4216
05-07 15:46:51.744  1701  2076 D ConnectivityService: NetReassign [no changes]
05-07 15:46:52.194 11705 11799 I BatteryMgr:DataCollectionService: stats => 1683467212194,false,true,-2147483648,94,174687,137187,-2147483648,2317000,3,2317000,174687,94,94,2317000,137187,174687,-2147483648,3,174687,137187,-2147483648,94,2317000,2,17303567,94,0,100,3,Li-ion,275,4216
05-07 15:46:52.740 11705 11799 I BatteryMgr:DataCollectionService: stats => 1683467212740,false,true,-2147483648,94,90312,136875,-2147483648,2317000,3,2317000,90312,94,94,2317000,136875,90312,-2147483648,3,90312,136875,-2147483648,94,2317000,2,17303567,94,0,100,3,Li-ion,275,4216
05-07 15:46:53.293  1007  1073 D VSC     : @ 259039.231: [WO] Proposed rotation: 0, flat angle threshold: 65
05-07 15:46:53.294  1007  1073 D VSC     : @ 259039.231: [WO] orientation angle 3, orientation 0
05-07 15:46:53.294  1007  1073 D VSC     : @ 259039.231: [WO] Gyro angle integrated: 0.056882
05-07 15:46:53.303 11705 11799 I BatteryMgr:DataCollectionService: stats => 1683467213303,false,true,-2147483648,94,118125,137187,-2147483648,2317000,3,2317000,118125,94,94,2317000,137187,118125,-2147483648,3,118125,137187,-2147483648,94,2317000,2,17303567,94,0,100,3,Li-ion,275,4216
05-07 15:46:53.837 11705 11799 I BatteryMgr:DataCollectionService: stats => 1683467213837,false,true,-2147483648,94,135625,136562,-2147483648,2317000,3,2317000,135625,94,94,2317000,136562,135625,-2147483648,3,135625,136562,-2147483648,94,2317000,2,17303567,94,0,100,3,Li-ion,275,4216
05-07 15:46:54.383 11705 11799 I BatteryMgr:DataCollectionService: stats => 1683467214383,false,true,-2147483648,94,105312,137500,-2147483648,2317000,3,2317000,105312,94,94,2317000,137500,105312,-2147483648,3,105312,137500,-2147483648,94,2317000,2,17303567,94,0,100,3,Li-ion,275,4216
05-07 15:46:54.786  1701  2076 D ConnectivityService: NetReassign [no changes]
05-07 15:46:54.929 11705 11799 I BatteryMgr:DataCollectionService: stats => 1683467214929,false,true,-2147483648,94,111875,136562,-2147483648,2317000,3,2317000,111875,94,94,2317000,136562,111875,-2147483648,3,111875,136562,-2147483648,94,2317000,2,17303567,94,0,100,3,Li-ion,275,4216
05-07 15:46:55.300  1007  1073 D VSC     : @ 259041.229: [WO] Proposed rotation: 0, flat angle threshold: 65
05-07 15:46:55.300  1007  1073 D VSC     : @ 259041.230: [WO] orientation angle 3, orientation 0
05-07 15:46:55.300  1007  1073 D VSC     : @ 259041.230: [WO] Gyro angle integrated: 0.062030
05-07 15:46:55.482 11705 11799 I BatteryMgr:DataCollectionService: stats => 1683467215482,false,true,-2147483648,94,110000,134375,-2147483648,2317000,3,2317000,110000,94,94,2317000,134375,110000,-2147483648,3,110000,134375,-2147483648,94,2317000,2,17303567,94,0,100,3,Li-ion,275,4216
05-07 15:46:55.864 11825 11825 D ProcessState: Binder ioctl to enable oneway spam detection failed: Invalid argument
05-07 15:46:55.879 11705 11705 I BatteryMgr:createFile: creating file called /storage/emulated/0/Documents/BatteryManager.csv
05-07 15:46:55.884  1701  3661 D CompatibilityChangeReporter: Compat change id reported: 149924527; UID 10221; state: ENABLED
05-07 15:46:55.884  1701  3661 D CompatibilityChangeReporter: Compat change id reported: 132649864; UID 10221; state: DISABLED
05-07 15:46:55.895  3355  3614 W MediaProvider: isAppCloneUserPair failed. Users: 0 and 0
05-07 15:46:55.896  3355  3614 W MediaProvider: isAppCloneUserPair for user 0: false
05-07 15:46:55.920 11830 11830 D ProcessState: Binder ioctl to enable oneway spam detection failed: Invalid argument
05-07 15:46:55.927 11705 11705 I BatteryMgr:createFile: created file called /storage/emulated/0/Documents/BatteryManager.csv
05-07 15:46:55.979  8321 11602 I NetworkScheduler.Stats: Task com.google.android.gms/com.google.android.gms.ipa.base.IpaGcmTaskService started execution. cause:9 exec_start_elapsed_seconds: 259039 [CONTEXT service_id=218 ]
05-07 15:46:55.985  8321 10837 I NetworkScheduler.Stats: Task com.google.android.gms/com.google.android.gms.ipa.base.IpaGcmTaskService finished executing. cause:9 result: 1 elapsed_millis: 33 uptime_millis: 33 exec_start_elapsed_seconds: 259039 [CONTEXT service_id=218 ]
05-07 15:46:56.063 11841 11841 D ProcessState: Binder ioctl to enable oneway spam detection failed: Invalid argument
05-07 15:46:56.068  1701  2390 I ActivityManager: Force stopping e.www.gpstest appid=10239 user=0: from pid 11841
05-07 15:46:56.068  1701  2390 I ActivityManager: Killing 11742:e.www.gpstest/u0a239 (adj 0): stop e.www.gpstest due to from pid 11841
05-07 15:46:56.069  1701  2390 W ActivityTaskManager: Force removing ActivityRecord{48eeda4 u0 e.www.gpstest/.MainActivity t331 f}}: app died, no saved state
05-07 15:46:56.073  1701  2390 W InputManager-JNI: Input channel object '6960491 e.www.gpstest/e.www.gpstest.MainActivity (client)' was disposed without first being removed with the input manager!
05-07 15:46:56.081  1701  2390 D CompatibilityChangeReporter: Compat change id reported: 181136395; UID 10221; state: DISABLED
05-07 15:46:56.082  1701  2390 D CompatibilityChangeReporter: Compat change id reported: 174042936; UID 10221; state: DISABLED
05-07 15:46:56.085   956   956 I Zygote  : Process 11742 exited due to signal 9 (Killed)
05-07 15:46:56.085  1701  2390 W ActivityTaskManager: Can't find TaskDisplayArea to determine support for multi window. Task id=331 attached=false
05-07 15:46:56.085  1701  2390 W ActivityTaskManager: Can't find TaskDisplayArea to determine support for multi window. Task id=331 attached=false
05-07 15:46:56.091  1701  1767 W ActivityManager: setHasOverlayUi called on unknown pid: 11742
05-07 15:46:56.091  2430  2430 E PhoneInterfaceManager: [PhoneIntfMgr] getCarrierPackageNamesForIntentAndPhone: No UICC
05-07 15:46:56.091  2430  2430 D CarrierSvcBindHelper: No carrier app for: 0
05-07 15:46:56.092  1701  4434 V ActivityManager: Got obituary of 11742:e.www.gpstest
05-07 15:46:56.093   716   716 E BpTransactionCompletedListener: Failed to transact (-32)
05-07 15:46:56.098  3282  3282 D RegisteredNfcFServicesCache: Service unchanged, not updating
05-07 15:46:56.103 11101 11101 I EuiccGoogle: [2] EuiccServiceImpl.onCreate: onCreate Single-SIM mode: simCardState is 1
05-07 15:46:56.108 11101 11848 I EuiccGoogle: [166] EuiccServiceImpl.onGetEuiccProfileInfoList: onGetEuiccProfileInfoList: slotId = -1
05-07 15:46:56.111 11101 11848 W EuiccGoogle: [166] EuiccServiceImpl.onGetEuiccProfileInfoList: slotId=-1. No eUICC is active. Return null.
05-07 15:46:56.114  1701  1770 D CompatibilityChangeReporter: Compat change id reported: 158002302; UID 10221; state: ENABLED
05-07 15:46:56.118  1701  1798 I libprocessgroup: Successfully killed process cgroup uid 10239 pid 11742 in 47ms
05-07 15:46:56.118 11705 11738 I AdrenoGLES-0: QUALCOMM build                   : 781e7d0, I46ff5fc46f
05-07 15:46:56.118 11705 11738 I AdrenoGLES-0: Build Date                       : 12/01/20
05-07 15:46:56.118 11705 11738 I AdrenoGLES-0: OpenGL ES Shader Compiler Version: EV031.31.04.01
05-07 15:46:56.118 11705 11738 I AdrenoGLES-0: Local Branch                     : QPR1
05-07 15:46:56.118 11705 11738 I AdrenoGLES-0: Remote Branch                    : 
05-07 15:46:56.118 11705 11738 I AdrenoGLES-0: Remote Branch                    : 
05-07 15:46:56.118 11705 11738 I AdrenoGLES-0: Reconstruct Branch               : 
05-07 15:46:56.118 11705 11738 I AdrenoGLES-0: Build Config                     : C P 11.0.1 AArch64
05-07 15:46:56.118 11705 11738 I AdrenoGLES-0: Driver Path                      : /vendor/lib64/egl/libGLESv2_adreno.so
05-07 15:46:56.123 11705 11738 I AdrenoGLES-0: PFP: 0x016ee190, ME: 0x00000000
05-07 15:46:56.125 11705 11738 W AdrenoUtils: <ReadGpuID_from_sysfs:197>: Failed to open /sys/class/kgsl/kgsl-3d0/gpu_model
05-07 15:46:56.125 11705 11738 W AdrenoUtils: <ReadGpuID:221>: Failed to read chip ID from gpu_model. Fallback to use the GSL path
05-07 15:46:56.134   718   748 I SDM     : HWCDisplay::GetColorModeCount: Supported color mode count = 5
05-07 15:46:56.134   716  2141 E HWComposer: getSupportedContentTypes: getSupportedContentTypes failed for display 0: Unsupported (8)
05-07 15:46:56.134 11705 11738 D hw-ProcessState: Binder ioctl to enable oneway spam detection failed: Invalid argument
05-07 15:46:56.135   669   669 I hwservicemanager: getTransport: Cannot find entry android.hardware.graphics.mapper@4.0::IMapper/default in either framework or device VINTF manifest.
05-07 15:46:56.136 11705 11849 I Gralloc4: mapper 4.x is not supported
05-07 15:46:56.136   669   669 I hwservicemanager: getTransport: Cannot find entry android.hardware.graphics.mapper@3.0::IMapper/default in either framework or device VINTF manifest.
05-07 15:46:56.136 11705 11849 W Gralloc3: mapper 3.x is not supported
05-07 15:46:56.138   669   669 I hwservicemanager: getTransport: Cannot find entry android.hardware.graphics.allocator@4.0::IAllocator/default in either framework or device VINTF manifest.
05-07 15:46:56.138 11705 11849 W Gralloc4: allocator 4.x is not supported
05-07 15:46:56.138   669   669 I hwservicemanager: getTransport: Cannot find entry android.hardware.graphics.allocator@3.0::IAllocator/default in either framework or device VINTF manifest.
05-07 15:46:56.138 11705 11849 W Gralloc3: allocator 3.x is not supported
05-07 15:46:56.181 11343 11343 I GoogleInputMethodService: GoogleInputMethodService.onFinishInput():3261 
05-07 15:46:56.182 11343 11343 I GoogleInputMethodService: GoogleInputMethodService.updateDeviceLockedStatus():2110 repeatCheckTimes = 0, locked = false
05-07 15:46:56.183 11343 11343 I GoogleInputMethodService: GoogleInputMethodService.onStartInput():1898 onStartInput(EditorInfo{inputType=0x0(NULL) imeOptions=0x0 privateImeOptions=null actionName=UNSPECIFIED actionLabel=null actionId=0 initialSelStart=-1 initialSelEnd=-1 initialCapsMode=0x0 hintText=null label=null packageName=com.example.batterymanager_utility fieldId=-1 fieldName=null extras=null hintLocales=[]}, false)
05-07 15:46:56.183 11343 11343 I GoogleInputMethodService: GoogleInputMethodService.shouldHideHeaderOnInitialState():4088 ShouldHideHeaderOnInitialState = false
05-07 15:46:56.183 11343 11343 I GoogleInputMethodService: GoogleInputMethodService.updateDeviceLockedStatus():2110 repeatCheckTimes = 1, locked = false
05-07 15:46:57.287  1007  1073 D VSC     : @ 259043.227: [WO] Proposed rotation: 0, flat angle threshold: 65
05-07 15:46:57.287  1007  1073 D VSC     : @ 259043.227: [WO] orientation angle 3, orientation 0
05-07 15:46:57.287  1007  1073 D VSC     : @ 259043.227: [WO] Gyro angle integrated: 0.075558
05-07 15:46:57.804  1701  2076 D ConnectivityService: NetReassign [no changes]
05-07 15:46:59.287  1007  1073 D VSC     : @ 259045.227: [WO] Proposed rotation: 0, flat angle threshold: 65
05-07 15:46:59.287  1007  1073 D VSC     : @ 259045.227: [WO] orientation angle 3, orientation 0
05-07 15:46:59.287  1007  1073 D VSC     : @ 259045.227: [WO] Gyro angle integrated: 0.004832
05-07 15:46:59.391 11858 11858 D ProcessState: Binder ioctl to enable oneway spam detection failed: Invalid argument
05-07 15:46:59.396  1701  3263 I ActivityManager: Force stopping com.example.batterymanager_utility appid=10221 user=0: from pid 11858
05-07 15:46:59.397  1701  3263 I ActivityManager: Killing 11705:com.example.batterymanager_utility/u0a221 (adj 0): stop com.example.batterymanager_utility due to from pid 11858
05-07 15:46:59.399  1701  3263 W ActivityTaskManager: Force removing ActivityRecord{cc1ff98 u0 com.example.batterymanager_utility/.MainActivity t330 f}}: app died, no saved state
05-07 15:46:59.405  1701  3263 W InputManager-JNI: Input channel object 'dadd9b1 com.example.batterymanager_utility/com.example.batterymanager_utility.MainActivity (client)' was disposed without first being removed with the input manager!
05-07 15:46:59.416  1701  3263 W ActivityTaskManager: Can't find TaskDisplayArea to determine support for multi window. Task id=330 attached=false
05-07 15:46:59.416  1701  3263 W ActivityTaskManager: Can't find TaskDisplayArea to determine support for multi window. Task id=330 attached=false
05-07 15:46:59.426  2430  2430 E PhoneInterfaceManager: [PhoneIntfMgr] getCarrierPackageNamesForIntentAndPhone: No UICC
05-07 15:46:59.426  2430  2430 D CarrierSvcBindHelper: No carrier app for: 0
05-07 15:46:59.433  1701  4434 V ActivityManager: Got obituary of 11705:com.example.batterymanager_utility
05-07 15:46:59.434  2578  2642 W BcSmartspaceView: Current card number does not present in the Adapter.
05-07 15:46:59.434   956   956 I Zygote  : Process 11705 exited due to signal 9 (Killed)
05-07 15:46:59.435  1701  1767 W ActivityManager: setHasOverlayUi called on unknown pid: 11705
05-07 15:46:59.438  3282  3282 D RegisteredNfcFServicesCache: Service unchanged, not updating
05-07 15:46:59.440  1701  1798 I libprocessgroup: Successfully killed process cgroup uid 10221 pid 11705 in 41ms
05-07 15:46:59.442   716   716 E BpTransactionCompletedListener: Failed to transact (-32)
05-07 15:46:59.443 19838 19838 I GsaVoiceInteractionSrv: Handling ACTION_START_HOTWORD
05-07 15:46:59.443 19838 19930 I GsaVoiceInteractionSrv: (REDACTED) disregardHotwordSetting: %b
05-07 15:46:59.443 19838 19930 I GsaVoiceInteractionSrv: Cannot start hotword, hotword has been explicitly disabled.
05-07 15:46:59.465 16431 16475 I AiAiEcho: Predicting[1]: { Feature:1, creation:2023-05-07T13:27:50.213Z, expiry:2023-05-07T19:27:50.213Z, isExpired: false}
05-07 15:46:59.466 16431 16475 I AiAiEcho: EchoTargets: Feature:1
05-07 15:46:59.466 16431 16475 I AiAiEcho: Filtered by AiAi flag check: 
05-07 15:46:59.466 16431 16475 I AiAiEcho: Ranked targets strategy: SORT, count: 1, ranking metadata: { cardId: WEATHER-569377242, card type: 1, update time: 2023-05-07T13:27:50.213Z, expiration time: 2023-05-07T19:27:50.213Z, ranking metadata: RankingMetaData(urgency=0.0, priority=0.0, recency=0.0, rankScore=0.0, importantTimePoints=# kwj@7bca4) }
05-07 15:46:59.467 16431 16475 I AiAiEcho: #postPredictionTargets: Sending updates to UISurface home with targets# 1 (types=[1])
05-07 15:46:59.469  2578  2578 W BcSmartspaceCard: No title view to update
05-07 15:46:59.479 11343 11343 I GoogleInputMethodService: GoogleInputMethodService.onFinishInput():3261 
05-07 15:46:59.480 11343 11343 I GoogleInputMethodService: GoogleInputMethodService.updateDeviceLockedStatus():2110 repeatCheckTimes = 0, locked = false
05-07 15:46:59.481 11343 11343 I GoogleInputMethodService: GoogleInputMethodService.onStartInput():1898 onStartInput(EditorInfo{inputType=0x0(NULL) imeOptions=0x0 privateImeOptions=null actionName=UNSPECIFIED actionLabel=null actionId=0 initialSelStart=-1 initialSelEnd=-1 initialCapsMode=0x0 hintText=null label=null packageName=com.google.android.apps.nexuslauncher fieldId=-1 fieldName=null extras=null hintLocales=[]}, false)
05-07 15:46:59.481 11343 11343 I GoogleInputMethodService: GoogleInputMethodService.shouldHideHeaderOnInitialState():4088 ShouldHideHeaderOnInitialState = false
05-07 15:46:59.481 11343 11343 I GoogleInputMethodService: GoogleInputMethodService.updateDeviceLockedStatus():2110 repeatCheckTimes = 1, locked = false
05-07 15:46:59.583  3355 23638 I MediaProvider: Invalidating LocalCallingIdentity cache for package com.example.batterymanager_utility. Reason: owned_database_row_deleted:/storage/emulated/0/Documents/BatteryManager.csv
05-07 15:46:59.600  3355 23638 I MediaProvider: Deleted 0 0 0 0 0 0 1 items on external_primary due to com.android.shell
05-07 15:46:59.628  8321 11285 I NetworkScheduler.Stats: Task com.google.android.gms/com.google.android.gms.ipa.base.IpaGcmTaskService started execution. cause:9 exec_start_elapsed_seconds: 259043 [CONTEXT service_id=218 ]
05-07 15:46:59.633  8321 10837 I NetworkScheduler.Stats: Task com.google.android.gms/com.google.android.gms.ipa.base.IpaGcmTaskService finished executing. cause:9 result: 1 elapsed_millis: 14 uptime_millis: 13 exec_start_elapsed_seconds: 259043 [CONTEXT service_id=218 ]
05-07 15:46:59.666  3355 23639 W MediaProvider: isAppCloneUserPair failed. Users: 0 and 0
05-07 15:46:59.666  3355 23639 W MediaProvider: isAppCloneUserPair for user 0: false
