--------- beginning of main
07-03 22:58:09.564 10815 10815 E adbd    : recv: OPEN 0001b039 00000000 003a:73 68 65 6C 6C 2C 76 32 2C 54 45 52 4D 3D 73 63 72 65 65 6E 2C 72 61 77 3A 67 65 74 70 72 6F 70 20 72 6F 2E 62 75 69 6C 64 2E 76 65 72 73 69 6F 6E 2E 72 65 6C 65 61 73 65 00 
07-03 22:58:09.564 10815 10815 E adbd    : service_to_fd: shell,v2,TERM=screen,raw:getprop ro.build.version.release
07-03 22:58:09.665 10815 10815 E adbd    : recv: OPEN 0001b03c 00000000 0036:73 68 65 6C 6C 2C 76 32 2C 54 45 52 4D 3D 73 63 72 65 65 6E 2C 72 61 77 3A 67 65 74 70 72 6F 70 20 72 6F 2E 62 75 69 6C 64 2E 76 65 72 73 69 6F 6E 2E 73 64 6B 00 
07-03 22:58:09.665 10815 10815 E adbd    : service_to_fd: shell,v2,TERM=screen,raw:getprop ro.build.version.sdk
07-03 22:58:09.782 10815 10815 E adbd    : recv: OPEN 0001b03f 00000000 00bc:73 68 65 6C 6C 2C 76 32 2C 54 45 52 4D 3D 73 63 72 65 65 6E 2C 72 61 77 3A 61 6D 20 73 74 61 72 74 20 2D 6E 20 22 63 6F 6D 2E 65 78 61 6D 70 6C 65 2E 62 61 74 74 65 72 79 6D 61 6E 61 67 65 72 5F 75 74 69 6C 69 74 79 2F 63 6F 6D 2E 65 78 61 6D 70 6C 65 2E 62 61 74 74 65 72 79 6D 61 6E 61 67 65 72 5F 75 74 69 6C 69 74 79 2E 4D 61 69 6E 41 63 74 69 76 69 74 79 22 20 2D 61 20 61 6E 64 72 6F 69 64 2E 69 6E 74 65 6E 74 2E 61 63 74 69 6F 6E 2E 4D 41 49 4E 20 2D 63 20 61 6E 64 72 6F 69 64 2E 69 6E 74 65 6E 74 2E 63 61 74 65 67 6F 72 79 2E 4C 41 55 4E 43 48 45 52 00 
07-03 22:58:09.782 10815 10815 E adbd    : service_to_fd: shell,v2,TERM=screen,raw:am start -n "com.example.batterymanager_utility/com.example.batterymanager_utility.MainActivity" -a android.intent.action.MAIN -c android.intent.category.LAUNCHER
--------- beginning of system
07-03 22:58:09.882  3959  4615 I ActivityManager: START u0 {act=android.intent.action.MAIN typ=null flg=0x10000000 cmp=ComponentInfo{com.example.batterymanager_utility/com.example.batterymanager_utility.MainActivity}} from uid 2000
07-03 22:58:09.884  3959  4615 D CustomFrequencyManagerService: acquireDVFSLockLocked : type : DVFS_MIN_LIMIT  frequency : 1560000  uid : 1000  pid : 3959  pkgName : AMS_APP_SWITCH@CPU_MIN@15
07-03 22:58:09.887  3959  4615 D ActivityManagerPerformance: AMP_acquire() APP_SWITCH
07-03 22:58:09.887  3959  4990 D ActivityManagerPerformance: Received MSG_CFMS_HINT_AMS_SWITCH pkgName: com.example.batterymanager_utility
07-03 22:58:09.888  3959  6578 D TelephonyManager: getAllCellInfo : Caller (PID / UID / TID): 3959 / 1000 / 6578
07-03 22:58:09.893  5338  5338 V Launcher: Launcher.onPause()
07-03 22:58:09.893  5338  5338 D Launcher: setHotWordDetection : call requestHotWordDetection false
07-03 22:58:09.896  3959  3959 D MdnieScenarioControlService: Listener Real Multi Window State : false
07-03 22:58:09.901  3959  4633 D ActivityManager: isScaleDownAnimationEnabled() : false
07-03 22:58:09.901  5191  5191 I GsaVoiceInteractionSrv: Handling ACTION_STOP_HOTWORD
07-03 22:58:09.902  3959  4633 D StorageManagerService: getExternalStorageMountMode : 3
07-03 22:58:09.902  3959  4633 D StorageManagerService: getExternalStorageMountMode : 3
07-03 22:58:09.902  3959  4633 D StorageManagerService: getExternalStorageMountMode : final mountMode=3, uid : 10168, packageName : com.example.batterymanager_utility
07-03 22:58:09.903  3959  4633 I ApplicationPolicy: isApplicationExternalStorageWhitelisted:com.example.batterymanager_utility user:0
07-03 22:58:09.903  3959  4633 D ApplicationPolicy: isApplicationExternalStorageWhitelisted: DO is not enabled on user 0. Allowed.
07-03 22:58:09.903  3959  4633 D ActivityManager: package  com.example.batterymanager_utility, user - 0 is SDcard whitelisted
07-03 22:58:09.903  3959  4633 I ApplicationPolicy: isApplicationExternalStorageBlacklisted:com.example.batterymanager_utility user:0
07-03 22:58:09.903  3959  4633 D ApplicationPolicy: isApplicationExternalStorageBlacklisted: DO is not enabled on user 0. Allowed.
07-03 22:58:09.904  3959  4029 D ViewRootImpl@3d31290[batterymanager_utility]: setView = DecorView@db9538e[batterymanager_utility] TM=true MM=false
07-03 22:58:09.905  5191  5742 I HwDetectorWithState: (REDACTED) a: %d
07-03 22:58:09.910  3959  4029 D ViewRootImpl@3d31290[batterymanager_utility]: dispatchAttachedToWindow
07-03 22:58:09.910  3959  4029 V WindowManager: Relayout Window{be6f789 u0 Splash Screen com.example.batterymanager_utility}: viewVisibility=0 req=719x1237 WM.LayoutParams{(0,0)(fillxfill) sim=#20 ty=3 fl=#81830118 pfl=0x20011 wanim=0x10302fd vsysui=0x600 needsMenuKey=2 colorMode=0 naviIconColor=0}
07-03 22:58:09.914  3447  3447 I SurfaceFlinger: id=308 createSurf (720x1280),1 flag=404, Splash Screen com.example.batterymanager_utility#0
07-03 22:58:09.915  3959  4029 V Surface : sf_framedrop debug : 0x4f4c, game : false, logging : 0
07-03 22:58:09.918  3959  4029 D ViewRootImpl@3d31290[batterymanager_utility]: Relayout returned: old=[0,0][0,0] new=[0,0][720,1280] result=0x7 surface={valid=true 543541420032} changed=true
07-03 22:58:09.918 19295 19295 E Zygote  : isWhitelistProcess - Process is Whitelisted
07-03 22:58:09.919 19295 19295 E libpersona: scanKnoxPersonas
07-03 22:58:09.919 19295 19295 E libpersona: Couldn't open the File - /data/system/users/0/personalist.xml - No such file or directory
07-03 22:58:09.920  3959  4633 I ActivityManager: Start proc 19295:com.example.batterymanager_utility/u0a168 for activity com.example.batterymanager_utility/.MainActivity
07-03 22:58:09.921 19295 19295 W SELinux : SELinux selinux_android_compute_policy_index : Policy Index[2],  Con:u:r:zygote:s0 RAM:SEPF_SM-J720F_8.0.0_0002, [-1 -1 -1 -1 0 1]
07-03 22:58:09.922 19295 19295 I SELinux : SELinux: seapp_context_lookup: seinfo=untrusted, level=s0:c512,c768, pkgname=com.example.batterymanager_utility 
07-03 22:58:09.925 19295 19295 I zygote64: Late-enabling -Xcheck:jni
07-03 22:58:09.935  3959  4029 V WindowManager: finishDrawingLocked: mDrawState=COMMIT_DRAW_PENDING Window{be6f789 u0 Splash Screen com.example.batterymanager_utility} in Surface(name=Splash Screen com.example.batterymanager_utility)
07-03 22:58:09.937  4354  4354 D WallpaperService: updateSurface forceRelayout=true redrawNeeded=false myWidth=1280 myHeight=1280 fixedSize=true x = 0 y = 0 mWidth=1280 mHeight=1280 mIsSleepMode=false
07-03 22:58:09.938  3959  6943 V WindowManager: Relayout Window{838c9d5 u0 com.android.systemui.ImageWallpaper}: viewVisibility=0 req=1280x1280 WM.LayoutParams{(0,0)(1280x1280) gr=#800033 ty=2013 fl=#10318 fmt=2 wanim=0x103030e colorMode=0 naviIconColor=0}
07-03 22:58:09.939  3959  6943 V WindowManager: rotationForOrientationLw(orient=-1, last=0); user=0  sensorRotation=-1 mLidState=-1 mDockMode=0 mHdmiPlugged=false
07-03 22:58:09.944  4354  4354 D ImageWallpaper: onOffsetsChanged: xOffset=0.0, yOffset=0.0, xOffsetStep=0.0, yOffsetStep=0.0, xPixels=0, yPixels=0
07-03 22:58:09.945  4354  4354 D ImageWallpaper: newRotation : 0,mLastRotation : 0
07-03 22:58:09.945  4354  4354 D ImageWallpaper: drawFrame:[frame.width()]1280[frame.height()]1280
07-03 22:58:09.945  4354  4354 D ImageWallpaper: surfaceDimensionsChanged=false mDisplayWidth=720 mDisplayHeight=1280
07-03 22:58:09.945  4354  4354 D ImageWallpaper: redrawNeeded = false, mOffsetsChanged = false
07-03 22:58:09.945  4354  4354 D ImageWallpaper: Suppressed drawFrame since redraw is not needed and offsets have not changed.
07-03 22:58:09.963 19295 19295 D TimaKeyStoreProvider: TimaKeyStore is not enabled: cannot add TimaSignature Service and generateKeyPair Service
07-03 22:58:09.964 19295 19295 D ActivityThread: Added TimaKeyStore provider
07-03 22:58:09.967  3959  6943 I ActivityManager: DSS on for com.example.batterymanager_utility and scale is 1.0
07-03 22:58:09.974  3959  6943 D PersonaManagerService: Current focused persona service handled id set to : 0
07-03 22:58:09.975  3959  6943 D InputDispatcher: Focused application set to: xxxx
07-03 22:58:09.975  3959  6943 D InputDispatcher: Focus left window: 5338
07-03 22:58:09.977  3959  4212 D GameManagerService: handleForegroundChange(). pkgName: com.example.batterymanager_utility, clsName: com.example.batterymanager_utility.MainActivity,FgActivityName:com.example.batterymanager_utility/.MainActivity
07-03 22:58:09.978  3959  6943 D MARsPolicyManager: onPackageResumedFG pkgName = com.example.batterymanager_utility, userId = 0
07-03 22:58:09.978  3959  4212 D GameManagerService: sem_perfomance_mode: 3
07-03 22:58:09.978  3959  4212 D GameManagerService: notifyResumePause(). pkg: com.example.batterymanager_utility, type: 4, isMinimized: false, isTunableApp: false
07-03 22:58:09.978  3959  4212 D GameManagerService:   notifyResumePause(). unexpected mPrevNotiType: -1
07-03 22:58:09.978 10815 10815 E adbd    : recv: OPEN 0001b042 00000000 0044:73 68 65 6C 6C 2C 76 32 2C 54 45 52 4D 3D 73 63 72 65 65 6E 2C 72 61 77 3A 6D 6F 6E 6B 65 79 20 2D 70 20 78 2E 69 6E 74 65 72 76 61 6C 61 70 70 2E 63 70 75 66 61 63 74 6F 72 69 61 6C 74 65 73 74 20 31 00 
07-03 22:58:09.978 10815 10815 E adbd    : service_to_fd: shell,v2,TERM=screen,raw:monkey -p x.intervalapp.cpufactorialtest 1
07-03 22:58:09.979  3959  6943 D SamsungAnimationCreator: createAnimation type:LowEnd transit:12 enter:false wallpaperXoffset:-280 split:false fixedOri:false
07-03 22:58:09.979  3959  6943 D SamsungAnimationCreator: createAnimation displayFrame:Rect(0, 0 - 720, 1280) frame:null insets:null
07-03 22:58:09.986  3959  6578 D GamePkgDataHelper: getGamePkgDataIncServer(). com.example.batterymanager_utility
07-03 22:58:09.987  3959  6578 D GamePkgDataHelper: getSosPolicy(). com.example.batterymanager_utility
07-03 22:58:09.987  3959  6578 D GameManagerService: identifyGamePackage. com.example.batterymanager_utility
07-03 22:58:09.987  3959  6578 D GamePkgDataHelper: getGamePkgData(). com.example.batterymanager_utility
07-03 22:58:09.988  3959  6578 D GameManagerService: identifyGamePackage. com.example.batterymanager_utility
07-03 22:58:09.988  3959  6578 D GamePkgDataHelper: getGamePkgData(). com.example.batterymanager_utility
07-03 22:58:09.989  3959  6578 D GameManagerService: identifyGamePackage. com.example.batterymanager_utility
07-03 22:58:09.989  3959  6578 D GamePkgDataHelper: getGamePkgData(). com.example.batterymanager_utility
07-03 22:58:09.990  3959  6578 D GameManagerService: identifyGamePackage. com.example.batterymanager_utility
07-03 22:58:09.990  3959  6578 D GamePkgDataHelper: getGamePkgData(). com.example.batterymanager_utility
07-03 22:58:09.992  5338  5338 I Launcher: onWindowVisibilityChanged : false
07-03 22:58:09.994  3959  3975 D WindowManager: set systemUiVisibility : systemUiFlags= 0x608 fullscreenStackSysUiFlags= 0x0
07-03 22:58:09.995  3959  6943 D WindowManager: adjustSystemUiVisibilityLw : vis= 0x608
07-03 22:58:09.998  5338  5719 D OpenGLRenderer: eglDestroySurface = 0x7ea63142c0
07-03 22:58:09.998  3959  6943 V WindowManager: Relayout Window{f583e41 u0 com.sec.android.app.launcher/com.sec.android.app.launcher.activities.LauncherActivity}: viewVisibility=8 req=720x1280 WM.LayoutParams{(0,0)(fillxfill) sim=#130 ty=1 fl=#81910d00 pfl=0x20000 fmt=-2 wanim=0x10302ea vsysui=0x700 needsMenuKey=2 colorMode=0 naviIconColor=0}
07-03 22:58:09.999 19295 19295 I zygote64: no shared libraies, dex_files: 1
07-03 22:58:10.002  5338  5338 D ViewRootImpl@e098ee2[LauncherActivity]: Relayout returned: old=[0,0][720,1280] new=[0,0][720,1280] result=0x5 surface={valid=false 0} changed=true
07-03 22:58:10.002  5338  5338 D ViewRootImpl@e098ee2[LauncherActivity]: MSG_WINDOW_FOCUS_CHANGED 0
07-03 22:58:10.025 19295 19295 I BatteryMgr:App: creating notification channel
07-03 22:58:10.029  4354  4370 D SystemServicesProxy: updateOverviewLastStackActiveTimeAsync: newTime=1688416268097
07-03 22:58:10.030  3959  6943 D SecContentProvider: query(), uri = 17 selection = isSettingsChangesAllowed
07-03 22:58:10.030  3959  6943 D SecContentProvider: called from android.uid.systemui:10009
07-03 22:58:10.031  4354  4679 D SystemServicesProxy: updateOverviewLastStackActiveTimeAsync: done.
07-03 22:58:10.079  3447  3447 I SurfaceFlinger: Display 0 HWC layers:
07-03 22:58:10.079  3447  3447 I SurfaceFlinger:     type    |    handle    | flag |  format   |   source crop (l,t,r,b)    |         frame       | name 
07-03 22:58:10.079  3447  3447 I SurfaceFlinger: ------------+--------------+------+-----------+----------------------------+---------------------+------
07-03 22:58:10.079  3447  3447 I SurfaceFlinger:      Device | 0x738ba24600 | 0002 | RGBx_8888 | 280.0    0.0 1000.0 1280.0 |    0    0  720 1280 | com.android.systemui.ImageWallpaper#0
07-03 22:58:10.079  3447  3447 I SurfaceFlinger:      Device | 0x738ba24180 | 0000 | RGBA_8888 |  21.0   37.0  700.0 1244.0 |    0    0  720 1280 | com.sec.android.app.launcher/com.sec[...]uncher.activities.LauncherActivity#0
07-03 22:58:10.079  3447  3447 I SurfaceFlinger:      Device | 0x7385504700 | 0002 | RGBA_8888 |   0.0    0.0  720.0 1280.0 |  133  236  588 1044 | Splash Screen com.example.batterymanager_utility#0
07-03 22:58:10.079  3447  3447 I SurfaceFlinger:      Device | 0x73855032c0 | 0000 | RGBA_8888 |   0.0    0.0  720.0   42.0 |    0    0  720   42 | StatusBar#0
07-03 22:58:10.079  3447  3447 I SurfaceFlinger: 
07-03 22:58:10.114 19295 19313 D OpenGLRenderer: HWUI GL Pipeline
07-03 22:58:10.117  3959  4089 D MdnieScenarioControlService:  packageName : com.example.batterymanager_utility    className : com.example.batterymanager_utility.MainActivity
07-03 22:58:10.117  3959  4089 V MdnieScenarioControlService: setUIMode from UI function(3)
07-03 22:58:10.122 19295 19295 D ViewRootImpl@5d6af37[MainActivity]: setView = DecorView@1558ca4[MainActivity] TM=true MM=false
07-03 22:58:10.123  3959  6943 D ActivityManager: post active user change for 0 fullscreen true isHomeActivity() false
07-03 22:58:10.286 19295 19295 W zygote64: Class androidx.compose.runtime.snapshots.SnapshotStateList failed lock verification and will run slower.
07-03 22:58:10.286 19295 19295 W zygote64: Common causes for lock verification issues are non-optimized dex code
07-03 22:58:10.286 19295 19295 W zygote64: and incorrect proguard optimizations.
07-03 22:58:10.373 19295 19300 I zygote64: Do partial code cache collection, code=30KB, data=20KB
07-03 22:58:10.374 19295 19300 I zygote64: After code cache collection, code=30KB, data=20KB
07-03 22:58:10.374 19295 19300 I zygote64: Increasing code cache capacity to 128KB
07-03 22:58:10.406 19295 19295 D ViewRootImpl@5d6af37[MainActivity]: dispatchAttachedToWindow
07-03 22:58:10.429  3447  3447 I SurfaceFlinger: Display 0 HWC layers:
07-03 22:58:10.429  3447  3447 I SurfaceFlinger:     type    |    handle    | flag |  format   |   source crop (l,t,r,b)    |         frame       | name 
07-03 22:58:10.429  3447  3447 I SurfaceFlinger: ------------+--------------+------+-----------+----------------------------+---------------------+------
07-03 22:58:10.429  3447  3447 I SurfaceFlinger:      Device | 0x7385504700 | 0002 | RGBA_8888 |   0.0    0.0  720.0 1280.0 |    0    0  720 1280 | Splash Screen com.example.batterymanager_utility#0
07-03 22:58:10.429  3447  3447 I SurfaceFlinger:      Device | 0x73855032c0 | 0000 | RGBA_8888 |   0.0    0.0  720.0   42.0 |    0    0  720   42 | StatusBar#0
07-03 22:58:10.429  3447  3447 I SurfaceFlinger: 
07-03 22:58:10.445  3959  4029 I WindowManager: Destroying surface Surface(name=com.sec.android.app.launcher/com.sec.android.app.launcher.activities.LauncherActivity) called by com.android.server.wm.WindowStateAnimator.destroySurface:2501 com.android.server.wm.WindowStateAnimator.destroySurfaceLocked:985 com.android.server.wm.WindowState.destroyOrSaveSurfaceUnchecked:3670 com.android.server.wm.WindowState.destroySurface:3618 com.android.server.wm.AppWindowToken.destroySurfaces:722 com.android.server.wm.AppWindowToken.destroySurfaces:706 com.android.server.wm.WindowState.onExitAnimationDone:5316 com.android.server.wm.AppWindowAnimator.stepAnimationLocked:508 
07-03 22:58:10.446  3447  3746 I SurfaceFlinger: id=307 Removed com.sec.android.app.launcher/com.sec.android.app.launcher.activities.LauncherActivity#0 (1/4)
07-03 22:58:10.449  3447  5657 I SurfaceFlinger: id=307 Removed com.sec.android.app.launcher/com.sec.android.app.launcher.activities.LauncherActivity#0 (-2/4)
07-03 22:58:10.451  4354  4853 D WallpaperService: dispatchAppVisibility onVisibilityChanged(): false
07-03 22:58:10.452  4354  4354 D ImageWallpaper: onVisibilityChanged: mVisible, visible=true, false
07-03 22:58:10.452  4354  4354 D ImageWallpaper: Visibility changed to visible=false
07-03 22:58:10.452  4354  4354 D WallpaperService: reportVisibility onVisibilityChanged visible: false
07-03 22:58:10.457  3959  6943 V WindowManager: Relayout Window{f1a62f2 u0 com.example.batterymanager_utility/com.example.batterymanager_utility.MainActivity}: viewVisibility=0 req=719x1237 WM.LayoutParams{(0,0)(fillxfill) sim=#120 ty=1 fl=#81810100 pfl=0x20000 wanim=0x10302fd vsysui=0x600 needsMenuKey=2 colorMode=0 naviIconColor=0}
07-03 22:58:10.458  3447  3447 I SurfaceFlinger: id=309 createSurf (720x1280),1 flag=404, com.example.batterymanager_utility/com.example.batterymanager_utility.MainActivity#0
07-03 22:58:10.459  3447  3447 I Layer   : id=307 onRemoved com.sec.android.app.launcher/com.sec.android.app.launcher.activities.LauncherActivity#0 
07-03 22:58:10.460  3959  6943 V Surface : sf_framedrop debug : 0x4f4c, game : false, logging : 0
07-03 22:58:10.464  3959  6943 D InputDispatcher: Focus entered window: 19295
07-03 22:58:10.468 19295 19295 V Surface : sf_framedrop debug : 0x4f4c, game : false, logging : 0
07-03 22:58:10.469 19295 19295 D ViewRootImpl@5d6af37[MainActivity]: Relayout returned: old=[0,0][0,0] new=[0,0][720,1280] result=0x7 surface={valid=true 544367484928} changed=true
07-03 22:58:10.475 19295 19313 I OpenGLRenderer: Initialized EGL, version 1.4
07-03 22:58:10.475 19295 19313 D OpenGLRenderer: Swap behavior 2
07-03 22:58:10.480 19295 19313 D libGLESv1: STS_GLApi : DTS, ODTC are not allowed for Package : com.example.batterymanager_utility
07-03 22:58:10.482 19295 19313 D mali_winsys: EGLint new_window_surface(egl_winsys_display *, void *, EGLSurface, EGLConfig, egl_winsys_surface **, egl_color_buffer_format *, EGLBoolean) returns 0x3000,  [720x1280]-format:1
07-03 22:58:10.482 19295 19313 D OpenGLRenderer: eglCreateWindowSurface = 0x7eb1ecf900
07-03 22:58:10.488 19295 19295 D Compose Focus: Owner FocusChanged(true)
07-03 22:58:10.549 19309 19309 W ADebug  : Failed to get property persist.sys.media.traces
07-03 22:58:10.554 19309 19309 E appproc : Enhanced Zygote ASLR: ro.knox.enhance.zygote.aslr != 1. Enhanced Zygote ASLR is DISABLED!
07-03 22:58:10.554 19309 19309 D AndroidRuntime: >>>>>> START com.android.internal.os.RuntimeInit uid 2000 <<<<<<
07-03 22:58:10.557  3959  4633 V WindowManager: finishDrawingLocked: mDrawState=COMMIT_DRAW_PENDING Window{f1a62f2 u0 com.example.batterymanager_utility/com.example.batterymanager_utility.MainActivity} in Surface(name=com.example.batterymanager_utility/com.example.batterymanager_utility.MainActivity)
07-03 22:58:10.562 19295 19295 D ViewRootImpl@5d6af37[MainActivity]: MSG_RESIZED_REPORT: frame=Rect(0, 0 - 720, 1280) ci=Rect(0, 42 - 0, 0) vi=Rect(0, 42 - 0, 0) or=1
07-03 22:58:10.562 19295 19295 D ViewRootImpl@5d6af37[MainActivity]: MSG_WINDOW_FOCUS_CHANGED 1
07-03 22:58:10.563  3959  4029 D ViewRootImpl@3d31290[batterymanager_utility]: dispatchDetachedFromWindow
07-03 22:58:10.563  3959  4029 D InputEventReceiver: channel 'be6f789 Splash Screen com.example.batterymanager_utility (client)' ~ Disposing input event receiver.
07-03 22:58:10.563  3959  4029 D InputEventReceiver: channel 'be6f789 Splash Screen com.example.batterymanager_utility (client)' ~NativeInputEventReceiver.
07-03 22:58:10.564 19309 19309 D SecNativeFeatureCppIf: encoded
07-03 22:58:10.565 19309 19309 D SecNativeFeatureCppIf: decoding and unzip finish
07-03 22:58:10.565 19309 19309 D SecNativeFeatureCppIf: use unCompDataBuff. encoded
07-03 22:58:10.565 19309 19309 D SecNativeFeatureCppIf: Free unCompDataBuff
07-03 22:58:10.565 19309 19309 D SecNativeFeatureCppIf: encoded
07-03 22:58:10.565 19309 19309 D SecNativeFeatureCppIf: decoding and unzip finish
07-03 22:58:10.565 19309 19309 D SecNativeFeatureCppIf: use unCompDataBuff. encoded
07-03 22:58:10.565 19309 19309 D SecNativeFeatureCppIf: Free unCompDataBuff
07-03 22:58:10.565 19309 19309 D SecNativeFeatureCppIf: encoded
07-03 22:58:10.565 19309 19309 D SecNativeFeatureCppIf: decoding and unzip finish
07-03 22:58:10.565 19309 19309 D SecNativeFeatureCppIf: use unCompDataBuff. encoded
07-03 22:58:10.565 19309 19309 D SecNativeFeatureCppIf: Free unCompDataBuff
07-03 22:58:10.565 19309 19309 D SecNativeFeatureCppIf: encoded
07-03 22:58:10.566 19309 19309 D SecNativeFeatureCppIf: decoding and unzip finish
07-03 22:58:10.566 19309 19309 D SecNativeFeatureCppIf: use unCompDataBuff. encoded
07-03 22:58:10.566 19309 19309 D SecNativeFeatureCppIf: Free unCompDataBuff
07-03 22:58:10.567 19295 19295 V InputMethodManager: Starting input: tba=android.view.inputmethod.EditorInfo@b46279b nm : com.example.batterymanager_utility ic=null
07-03 22:58:10.567 19295 19295 I InputMethodManager: startInputInner - mService.startInputOrWindowGainedFocus
07-03 22:58:10.568  3959  6943 D InputMethodManagerService: startInputOrWindowGainedFocus : windowGainedFocus 
07-03 22:58:10.568  3959  6943 D InputMethodManagerService: windowGainedFocus: destinationUserId (getCallingUid) = 0
07-03 22:58:10.568  3959  6943 D InputMethodManagerService: windowGainedFocus: currentUserId=0
07-03 22:58:10.568  3959  6943 D InputMethodManagerService: windowGainedFocus: mCurrentFocusedUserId=0
07-03 22:58:10.568  3959  6943 D InputMethodManagerService: windowGainedFocus : lock - currentUserId = 0 destinationUserId = 0
07-03 22:58:10.568  3959  6943 D InputMethodManagerService: windowGainedFocus : mCurrentFocusedUserId - 0 and mSecureKeypadEnabled - false, userSwitched - false
07-03 22:58:10.568  3959  3983 I ActivityManager: Displayed com.example.batterymanager_utility/.MainActivity: +660ms
07-03 22:58:10.568  3959  6943 V InputMethodManagerService: windowGainedFocus : reason=WINDOW_FOCUS_GAIN client=android.os.BinderProxy@b3e5254 inputContext=null missingMethods= attribute=android.view.inputmethod.EditorInfo@be7bc3e nm = com.example.batterymanager_utility controlFlags=#105 softInputMode=#120 windowFlags=#81810100
07-03 22:58:10.568  3959  6943 V InputMethodManagerService: hideCurrentInputLocked : shouldHideSoftInput is false
07-03 22:58:10.569  3959  6943 D InputMethodManagerService: isImeSwitcherDisabledPackage : false
07-03 22:58:10.569  3959  6943 V InputMethodManagerService: Creating new session for client ClientState{2fa3a9f uid 10168 pid 19295}
07-03 22:58:10.569  3959  3983 D CustomFrequencyManagerService: acquireDVFSLockLocked : type : DVFS_MIN_LIMIT  frequency : 1560000  uid : 1000  pid : 3959  pkgName : AMS_RESUME_TAIL@CPU_MIN@21
07-03 22:58:10.570  3959  3983 D ActivityManagerPerformance: AMP_acquire() TAIL
07-03 22:58:10.570  3959  3983 D CustomFrequencyManagerService: releaseDVFSLockLocked : Getting Lock type frm List : DVFS_MIN_LIMIT  frequency : 1560000  uid : 1000  pid : 3959  tag : AMS_APP_SWITCH@CPU_MIN@15
07-03 22:58:10.571  3959  3983 D ActivityManagerPerformance: AMP_release() APP_SWITCH
07-03 22:58:10.571  3959  6943 D InputMethodManagerService: setCurrentInputInfo - inputContext : null eidtorInfo : android.view.inputmethod.EditorInfo@be7bc3e missingMethods : 0
07-03 22:58:10.572  4341  4341 I InputMethodWrapper:  call dispatchStartInputWithToken
07-03 22:58:10.572  4341  4341 I InputMethodService: dispatchStartInputWithToken
07-03 22:58:10.573  4341  4341 I SKBD    : SamsungKeypad [IMI] onStartInput - caller pid : 19295, caller uid : 10168
07-03 22:58:10.585 19295 19295 V InputMethodManager: Starting input: tba=android.view.inputmethod.EditorInfo@9d24738 nm : com.example.batterymanager_utility ic=null
07-03 22:58:10.593  5338  5338 D StageManager: saved stages : inStack [1] , outStack[2]
07-03 22:58:10.613  3447  3447 I SurfaceFlinger: Display 0 HWC layers:
07-03 22:58:10.613  3447  3447 I SurfaceFlinger:     type    |    handle    | flag |  format   |   source crop (l,t,r,b)    |         frame       | name 
07-03 22:58:10.613  3447  3447 I SurfaceFlinger: ------------+--------------+------+-----------+----------------------------+---------------------+------
07-03 22:58:10.613  3447  3447 I SurfaceFlinger:      Device | 0x738ba246c0 | 0002 | RGBA_8888 |   0.0    0.0  720.0 1280.0 |    0    0  720 1280 | com.example.batterymanager_utility/c[...]atterymanager_utility.MainActivity#0
07-03 22:58:10.613  3447  3447 I SurfaceFlinger:      Device | 0x7385504700 | 0002 | RGBA_8888 |   0.0    0.0  720.0 1280.0 |    0    0  720 1280 | Splash Screen com.example.batterymanager_utility#0
07-03 22:58:10.613  3447  3447 I SurfaceFlinger:      Device | 0x73855032c0 | 0000 | RGBA_8888 |   0.0    0.0  720.0   42.0 |    0    0  720   42 | StatusBar#0
07-03 22:58:10.613  3447  3447 I SurfaceFlinger: 
07-03 22:58:10.711 19309 19309 D ICU     : Timezone override file found: /data/misc/zoneinfo/current/icu/icu_tzdata.dat
07-03 22:58:10.737 19309 19309 I app_process: find the special shared library, skip check
07-03 22:58:10.743  3959  4029 I WindowManager: Destroying surface Surface(name=Splash Screen com.example.batterymanager_utility) called by com.android.server.wm.WindowStateAnimator.destroySurface:2501 com.android.server.wm.WindowStateAnimator.destroySurfaceLocked:985 com.android.server.wm.WindowState.destroyOrSaveSurfaceUnchecked:3670 com.android.server.wm.WindowState.destroySurface:3618 com.android.server.wm.AppWindowToken.destroySurfaces:722 com.android.server.wm.AppWindowToken.destroySurfaces:706 com.android.server.wm.WindowState.onExitAnimationDone:5316 com.android.server.wm.WindowStateAnimator.stepAnimationLocked:550 
07-03 22:58:10.743  3959  4089 D MdnieScenarioControlService:  packageName : com.example.batterymanager_utility    className : com.example.batterymanager_utility.MainActivity
07-03 22:58:10.743  3959  4089 V MdnieScenarioControlService: setUIMode from UI function(3)
07-03 22:58:10.743  3447  3746 I SurfaceFlinger: id=308 Removed Splash Screen com.example.batterymanager_utility#0 (2/4)
07-03 22:58:10.744  3447  3447 I SurfaceFlinger: Display 0 HWC layers:
07-03 22:58:10.744  3447  3447 I SurfaceFlinger:     type    |    handle    | flag |  format   |   source crop (l,t,r,b)    |         frame       | name 
07-03 22:58:10.744  3447  3447 I SurfaceFlinger: ------------+--------------+------+-----------+----------------------------+---------------------+------
07-03 22:58:10.744  3447  3447 I SurfaceFlinger:      Device | 0x738ba246c0 | 0002 | RGBA_8888 |   0.0    0.0  720.0 1280.0 |    0    0  720 1280 | com.example.batterymanager_utility/c[...]atterymanager_utility.MainActivity#0
07-03 22:58:10.744  3447  3447 I SurfaceFlinger:      Device | 0x73855032c0 | 0000 | RGBA_8888 |   0.0    0.0  720.0   42.0 |    0    0  720   42 | StatusBar#0
07-03 22:58:10.744  3447  3447 I SurfaceFlinger: 
07-03 22:58:10.748  3447  5657 I SurfaceFlinger: id=308 Removed Splash Screen com.example.batterymanager_utility#0 (-2/4)
07-03 22:58:10.759  3447  3447 I Layer   : id=308 onRemoved Splash Screen com.example.batterymanager_utility#0 
07-03 22:58:10.787 19309 19309 D SemCscFeature: Encoded
07-03 22:58:10.790 19309 19309 I chatty  : uid=2000(shell) identical 2 lines
07-03 22:58:10.791 19309 19309 D SemCscFeature: Encoded
07-03 22:58:10.792 19309 19309 E SemAffinityControl: SemAffinityControl: registerfunction enter
07-03 22:58:10.798 19309 19309 D AndroidRuntime: Calling main entry com.android.commands.monkey.Monkey
07-03 22:58:10.829  3959  3974 W BroadcastQueue: Skipping deliver [background] BroadcastRecord{dd1e1bb u-1 android.net.conn.CONNECTIVITY_CHANGE} to ReceiverList{6c646d8 19309 (unknown name)/2000/u-1 remote:a5fc7b5}: process gone or crashing
07-03 22:58:10.848  3959  4633 I ActivityManager: START u0 {act=android.intent.action.MAIN typ=null flg=0x10200000 cmp=ComponentInfo{x.intervalapp.cpufactorialtest/x.intervalapp.cpufactorialtest.MainActivity}} from uid 2000
07-03 22:58:10.849  3959  4633 W Binder  : Outgoing transactions from this process must be FLAG_ONEWAY
07-03 22:58:10.849  3959  4633 W Binder  : java.lang.Throwable
07-03 22:58:10.849  3959  4633 W Binder  : 	at android.os.BinderProxy.transact(Binder.java:744)
07-03 22:58:10.849  3959  4633 W Binder  : 	at android.app.IActivityController$Stub$Proxy.activityStarting(IActivityController.java:172)
07-03 22:58:10.849  3959  4633 W Binder  : 	at com.android.server.am.ActivityStarter.startActivity(ActivityStarter.java:648)
07-03 22:58:10.849  3959  4633 W Binder  : 	at com.android.server.am.ActivityStarter.startActivityLocked(ActivityStarter.java:410)
07-03 22:58:10.849  3959  4633 W Binder  : 	at com.android.server.am.ActivityStarter.startActivityMayWait(ActivityStarter.java:1283)
07-03 22:58:10.849  3959  4633 W Binder  : 	at com.android.server.am.ActivityManagerService.startActivityAsUser(ActivityManagerService.java:6033)
07-03 22:58:10.849  3959  4633 W Binder  : 	at com.android.server.am.ActivityManagerService.startActivity(ActivityManagerService.java:5885)
07-03 22:58:10.849  3959  4633 W Binder  : 	at android.app.IActivityManager$Stub.onTransact(IActivityManager.java:121)
07-03 22:58:10.849  3959  4633 W Binder  : 	at com.android.server.am.ActivityManagerService.onTransact(ActivityManagerService.java:3861)
07-03 22:58:10.849  3959  4633 W Binder  : 	at android.os.Binder.execTransact(Binder.java:682)
07-03 22:58:10.852  3959  4633 D CustomFrequencyManagerService: acquireDVFSLockLocked : type : DVFS_MIN_LIMIT  frequency : 1560000  uid : 1000  pid : 3959  pkgName : AMS_APP_SWITCH@CPU_MIN@15
07-03 22:58:10.852  3959  4633 D ActivityManagerPerformance: AMP_acquire() APP_SWITCH
07-03 22:58:10.852  3959  4990 D ActivityManagerPerformance: Received MSG_CFMS_HINT_AMS_SWITCH pkgName: x.intervalapp.cpufactorialtest
07-03 22:58:10.859  3959  6943 D ActivityManager: isScaleDownAnimationEnabled() : false
07-03 22:58:10.862  3959  6943 D PersonaManagerService: Current focused persona service handled id set to : 0
07-03 22:58:10.863  3959  4029 D ViewRootImpl@3d30825[cpufactorialtest]: setView = DecorView@9baafab[cpufactorialtest] TM=true MM=false
07-03 22:58:10.863  3959  6943 D InputDispatcher: Focused application set to: xxxx
07-03 22:58:10.864  3959  6943 D InputDispatcher: Focus left window: 19295
07-03 22:58:10.865  3959  4633 V WindowManager: rotationForOrientationLw(orient=-1, last=0); user=0  sensorRotation=-1 mLidState=-1 mDockMode=0 mHdmiPlugged=false
07-03 22:58:10.866  3959  4212 D GameManagerService: handleForegroundChange(). pkgName: x.intervalapp.cpufactorialtest, clsName: x.intervalapp.cpufactorialtest.MainActivity,FgActivityName:x.intervalapp.cpufactorialtest/.MainActivity
07-03 22:58:10.866  3959  6943 D MARsPolicyManager: onPackageResumedFG pkgName = x.intervalapp.cpufactorialtest, userId = 0
07-03 22:58:10.866  3959  4615 V WindowManager: rotationForOrientationLw(orient=-1, last=0); user=0  sensorRotation=-1 mLidState=-1 mDockMode=0 mHdmiPlugged=false
07-03 22:58:10.866  3959  4212 D GameManagerService: sem_perfomance_mode: 3
07-03 22:58:10.866  3959  4212 D GameManagerService: notifyResumePause(). pkg: x.intervalapp.cpufactorialtest, type: 4, isMinimized: false, isTunableApp: false
07-03 22:58:10.866  3959  4212 D GameManagerService:   notifyResumePause(). unexpected mPrevNotiType: -1
07-03 22:58:10.870 19295 19295 D ViewRootImpl@5d6af37[MainActivity]: MSG_WINDOW_FOCUS_CHANGED 0
07-03 22:58:10.872  3959  6578 D GamePkgDataHelper: getGamePkgDataIncServer(). x.intervalapp.cpufactorialtest
07-03 22:58:10.872  3959  6578 D GamePkgDataHelper: getSosPolicy(). x.intervalapp.cpufactorialtest
07-03 22:58:10.873  3959  6578 D GameManagerService: identifyGamePackage. x.intervalapp.cpufactorialtest
07-03 22:58:10.873  3959  6578 D GamePkgDataHelper: getGamePkgData(). x.intervalapp.cpufactorialtest
07-03 22:58:10.873  3959  3975 V WindowManager: rotationForOrientationLw(orient=-1, last=0); user=0  sensorRotation=-1 mLidState=-1 mDockMode=0 mHdmiPlugged=false
07-03 22:58:10.873  3959  6578 D GameManagerService: identifyGamePackage. x.intervalapp.cpufactorialtest
07-03 22:58:10.873  3959  6578 D GamePkgDataHelper: getGamePkgData(). x.intervalapp.cpufactorialtest
07-03 22:58:10.874  3959  6578 D GameManagerService: identifyGamePackage. x.intervalapp.cpufactorialtest
07-03 22:58:10.874  3959  6578 D GamePkgDataHelper: getGamePkgData(). x.intervalapp.cpufactorialtest
07-03 22:58:10.875  3959  6578 D GameManagerService: identifyGamePackage. x.intervalapp.cpufactorialtest
07-03 22:58:10.875  3959  6578 D GamePkgDataHelper: getGamePkgData(). x.intervalapp.cpufactorialtest
07-03 22:58:10.877 19309 19309 I com.android.commands.monkey: System.exit called, status: 0
07-03 22:58:10.877 19309 19309 I AndroidRuntime: VM exiting with result code 0.
07-03 22:58:10.881  3959  3975 V WindowManager: rotationForOrientationLw(orient=-1, last=0); user=0  sensorRotation=-1 mLidState=-1 mDockMode=0 mHdmiPlugged=false
07-03 22:58:10.881  3959  4029 D ViewRootImpl@3d30825[cpufactorialtest]: dispatchAttachedToWindow
07-03 22:58:10.884  3959  4029 V WindowManager: Relayout Window{ef3edfa u0 Splash Screen x.intervalapp.cpufactorialtest}: viewVisibility=0 req=719x1237 WM.LayoutParams{(0,0)(fillxfill) sim=#20 ty=3 fl=#81830118 pfl=0x20011 wanim=0x10302fd vsysui=0x600 needsMenuKey=2 colorMode=0 naviIconColor=0}
07-03 22:58:10.884  3447  3447 I SurfaceFlinger: id=310 createSurf (720x1280),1 flag=404, Splash Screen x.intervalapp.cpufactorialtest#0
07-03 22:58:10.885  3959  4029 V Surface : sf_framedrop debug : 0x4f4c, game : false, logging : 0
07-03 22:58:10.888  3959  4029 D ViewRootImpl@3d30825[cpufactorialtest]: Relayout returned: old=[0,0][0,0] new=[0,0][720,1280] result=0x7 surface={valid=true 543301734400} changed=true
07-03 22:58:10.889  3959  4029 D ViewRootImpl@3d30825[cpufactorialtest]: MSG_RESIZED_REPORT: frame=Rect(0, 0 - 720, 1280) ci=Rect(0, 42 - 0, 0) vi=Rect(0, 42 - 0, 0) or=1
07-03 22:58:10.901  3959  4029 V WindowManager: finishDrawingLocked: mDrawState=COMMIT_DRAW_PENDING Window{ef3edfa u0 Splash Screen x.intervalapp.cpufactorialtest} in Surface(name=Splash Screen x.intervalapp.cpufactorialtest)
07-03 22:58:10.911  3447  3447 V Surface : sf_framedrop debug : 0x4f4c, game : false, logging : 0
07-03 22:58:10.913 19295 19313 D OpenGLRenderer: eglDestroySurface = 0x7eb1ecf900
07-03 22:58:10.920  3959  4029 D TaskSnapshotCache: putSnapshot mTaskId=103 RunningCache size=1
07-03 22:58:10.922  3959  4615 V WindowManager: Relayout Window{f1a62f2 u0 com.example.batterymanager_utility/com.example.batterymanager_utility.MainActivity}: viewVisibility=8 req=720x1280 WM.LayoutParams{(0,0)(fillxfill) sim=#120 ty=1 fl=#81810100 pfl=0x20000 wanim=0x10302fd vsysui=0x600 needsMenuKey=2 colorMode=0 naviIconColor=0}
07-03 22:58:10.926  3447  3447 I SurfaceFlinger: id=311 createSurf (16x16),-1 flag=20004, animation background stackId=1#0
07-03 22:58:10.927 19295 19295 D ViewRootImpl@5d6af37[MainActivity]: Relayout returned: old=[0,0][720,1280] new=[0,0][720,1280] result=0x5 surface={valid=false 0} changed=true
07-03 22:58:10.946  3959  3975 D WindowManager: set systemUiVisibility : systemUiFlags= 0x608 fullscreenStackSysUiFlags= 0x0
07-03 22:58:10.946  3447  3447 I SurfaceFlinger: Display 0 HWC layers:
07-03 22:58:10.946  3447  3447 I SurfaceFlinger:     type    |    handle    | flag |  format   |   source crop (l,t,r,b)    |         frame       | name 
07-03 22:58:10.946  3447  3447 I SurfaceFlinger: ------------+--------------+------+-----------+----------------------------+---------------------+------
07-03 22:58:10.946  3447  3447 I SurfaceFlinger:      Client |              | 0000 |  Unknown  |  -0.2   -0.2   -0.8   -0.8 |    0    0  720 1280 | animation background stackId=1#0
07-03 22:58:10.946  3447  3447 I SurfaceFlinger:      Client | 0x738ba246c0 | 0002 | RGBA_8888 |   0.0    0.0  720.0 1280.0 |    0    0  720 1279 | com.example.batterymanager_utility/c[...]atterymanager_utility.MainActivity#0
07-03 22:58:10.946  3447  3447 I SurfaceFlinger:      Device | 0x73855032c0 | 0000 | RGBA_8888 |   0.0    0.0  720.0   42.0 |    0    0  720   42 | StatusBar#0
07-03 22:58:10.946  3447  3447 I SurfaceFlinger: 
07-03 22:58:10.976  4354  4853 D SystemServicesProxy: updateOverviewLastStackActiveTimeAsync: newTime=1688416268097
07-03 22:58:10.977  3959  4633 D SecContentProvider: query(), uri = 17 selection = isSettingsChangesAllowed
07-03 22:58:10.977  3959  4633 D SecContentProvider: called from android.uid.systemui:10009
07-03 22:58:10.979  4354  4679 D SystemServicesProxy: updateOverviewLastStackActiveTimeAsync: done.
07-03 22:58:10.981  3959  4615 D PackageManager: getComponentMetadataForIconTray : com.example.batterymanager_utility.MainActivity does not exist in mServices
07-03 22:58:10.981  3959  4615 D PackageManager: getComponentMetadataForIconTray : com.example.batterymanager_utility.MainActivity does not exist in mProviders
07-03 22:58:10.981  3959  4615 D PackageManager: getComponentMetadataForIconTray : com.example.batterymanager_utility.MainActivity does not exist in mReceivers
07-03 22:58:10.982  4354  4853 D ApplicationPackageManager: updateItemMetaDataForFixedIconScale: package: com.example.batterymanager_utility
07-03 22:58:10.982  3959  4615 D PackageManager: getSelectedMetaData : packageName(com.example.batterymanager_utility) or Metadata strings {[Ljava.lang.String;@25b16dd}
07-03 22:58:10.982  4354  4853 I ApplicationPackageManager: load=com.example.batterymanager_utility, bg=144-144, dr=189-189, forDefault=true, density=0
07-03 22:58:10.984  4354  4853 I ApplicationPackageManager: scaled rate=0.72, size=189, alpha=54, hold=102
07-03 22:58:10.984  4354  4853 D ApplicationPackageManager: iconScale: getScale(): 0.72 getAlpha(): 54
07-03 22:58:10.986  4354  4853 I ApplicationPackageManager: load=com.example.batterymanager_utility-contain, bg=112-112, dr=189-189
07-03 22:58:11.003  3959  4089 D MdnieScenarioControlService:  packageName : x.intervalapp.cpufactorialtest    className : x.intervalapp.cpufactorialtest.MainActivity
07-03 22:58:11.003  3959  4089 V MdnieScenarioControlService: setUIMode from UI function(3)
07-03 22:58:11.133  3447  3447 I SurfaceFlinger: Display 0 HWC layers:
07-03 22:58:11.133  3447  3447 I SurfaceFlinger:     type    |    handle    | flag |  format   |   source crop (l,t,r,b)    |         frame       | name 
07-03 22:58:11.133  3447  3447 I SurfaceFlinger: ------------+--------------+------+-----------+----------------------------+---------------------+------
07-03 22:58:11.133  3447  3447 I SurfaceFlinger:      Client |              | 0000 |  Unknown  |  -0.2   -0.2   -0.8   -0.8 |    0    0  720 1280 | animation background stackId=1#0
07-03 22:58:11.133  3447  3447 I SurfaceFlinger:      Client | 0x738ba246c0 | 0002 | RGBA_8888 |   0.0    0.0  720.0 1280.0 |   16   29  703 1251 | com.example.batterymanager_utility/c[...]atterymanager_utility.MainActivity#0
07-03 22:58:11.133  3447  3447 I SurfaceFlinger:      Device | 0x738ba24900 | 0002 | RGBA_8888 |   0.0    0.0  720.0 1022.0 |   17  305  704 1280 | Splash Screen x.intervalapp.cpufactorialtest#0
07-03 22:58:11.133  3447  3447 I SurfaceFlinger:      Device | 0x73855032c0 | 0000 | RGBA_8888 |   0.0    0.0  720.0   42.0 |    0    0  720   42 | StatusBar#0
07-03 22:58:11.133  3447  3447 I SurfaceFlinger: 
07-03 22:58:11.170  3959  3959 D CustomFrequencyManagerService: releaseDVFSLockLocked : Getting Lock type frm List : DVFS_MIN_LIMIT  frequency : 1560000  uid : 1000  pid : 3959  tag : AMS_RESUME_TAIL@CPU_MIN@21
07-03 22:58:11.411  3959  4029 I WindowManager: Destroying surface Surface(name=com.example.batterymanager_utility/com.example.batterymanager_utility.MainActivity) called by com.android.server.wm.WindowStateAnimator.destroySurface:2501 com.android.server.wm.WindowStateAnimator.destroySurfaceLocked:985 com.android.server.wm.WindowState.destroyOrSaveSurfaceUnchecked:3670 com.android.server.wm.WindowState.destroySurface:3618 com.android.server.wm.AppWindowToken.destroySurfaces:722 com.android.server.wm.AppWindowToken.destroySurfaces:706 com.android.server.wm.WindowState.onExitAnimationDone:5316 com.android.server.wm.WindowStateAnimator.stepAnimationLocked:550 
07-03 22:58:11.412  3447  3746 I SurfaceFlinger: id=309 Removed com.example.batterymanager_utility/com.example.batterymanager_utility.MainActivity#0 (2/5)
07-03 22:58:11.414  3447  3447 I SurfaceFlinger: Display 0 HWC layers:
07-03 22:58:11.414  3447  3447 I SurfaceFlinger:     type    |    handle    | flag |  format   |   source crop (l,t,r,b)    |         frame       | name 
07-03 22:58:11.414  3447  3447 I SurfaceFlinger: ------------+--------------+------+-----------+----------------------------+---------------------+------
07-03 22:58:11.414  3447  3447 I SurfaceFlinger:      Device | 0x738ba24900 | 0002 | RGBA_8888 |   0.0    0.0  720.0 1280.0 |    0    0  720 1280 | Splash Screen x.intervalapp.cpufactorialtest#0
07-03 22:58:11.414  3447  3447 I SurfaceFlinger:      Device | 0x73855032c0 | 0000 | RGBA_8888 |   0.0    0.0  720.0   42.0 |    0    0  720   42 | StatusBar#0
07-03 22:58:11.414  3447  3447 I SurfaceFlinger: 
07-03 22:58:11.415  3447  5657 I SurfaceFlinger: id=309 Removed com.example.batterymanager_utility/com.example.batterymanager_utility.MainActivity#0 (-2/5)
07-03 22:58:11.422  3959  4331 I OpenGLRenderer: Initialized EGL, version 1.4
07-03 22:58:11.423  3959  4331 D OpenGLRenderer: Swap behavior 2
07-03 22:58:11.427  3447  3447 I Layer   : id=309 onRemoved com.example.batterymanager_utility/com.example.batterymanager_utility.MainActivity#0 
07-03 22:58:11.508  3959  6578 D SSRM:k  : SIOP:: AP = 280, PST = 285 (W:28), BAT = 261, USB = 0, CHG = 0
07-03 22:58:11.922  3959  3959 D PreBindingService: handleMessage : 1
07-03 22:58:12.209  3436  3436 I android.hardware.wifi@1.0-service: getLinkLayerStats
07-03 22:58:12.670  4951  4951 D io_stats: !@ 179,0 r 108940 4000580 w 26069 519372 d 2464 93372 f 6777 6968 iot 56148 46976 th 51200 0 0 pt 0 inp 0 0 4350.773
07-03 22:58:12.856 10815 10815 E adbd    : recv: OPEN 0001b045 00000000 006e:73 68 65 6C 6C 2C 76 32 2C 54 45 52 4D 3D 73 63 72 65 65 6E 2C 72 61 77 3A 64 75 6D 70 73 79 73 20 61 63 74 69 76 69 74 79 20 72 65 63 65 6E 74 73 20 7C 20 67 72 65 70 20 22 52 65 63 65 6E 74 20 23 30 22 20 7C 20 63 75 74 20 2D 64 20 22 3D 22 20 2D 66 32 20 7C 20 67 72 65 70 20 2D 6F 20 2D 70 20 22 5B 61 2D 7A 7C 2E 5D 2A 22 00 
07-03 22:58:12.857 10815 10815 E adbd    : service_to_fd: shell,v2,TERM=screen,raw:dumpsys activity recents | grep "Recent #0" | cut -d "=" -f2 | grep -o -p "[a-z|.]*"
07-03 22:58:12.868  3959  3959 D PreBindingService: handleMessage : 1
07-03 22:58:12.954 10815 10815 E adbd    : recv: OPEN 0001b04e 00000000 003a:73 68 65 6C 6C 2C 76 32 2C 54 45 52 4D 3D 73 63 72 65 65 6E 2C 72 61 77 3A 67 65 74 70 72 6F 70 20 72 6F 2E 62 75 69 6C 64 2E 76 65 72 73 69 6F 6E 2E 72 65 6C 65 61 73 65 00 
07-03 22:58:12.954 10815 10815 E adbd    : service_to_fd: shell,v2,TERM=screen,raw:getprop ro.build.version.release
07-03 22:58:13.032 10815 10815 E adbd    : recv: OPEN 0001b051 00000000 0036:73 68 65 6C 6C 2C 76 32 2C 54 45 52 4D 3D 73 63 72 65 65 6E 2C 72 61 77 3A 67 65 74 70 72 6F 70 20 72 6F 2E 62 75 69 6C 64 2E 76 65 72 73 69 6F 6E 2E 73 64 6B 00 
07-03 22:58:13.032 10815 10815 E adbd    : service_to_fd: shell,v2,TERM=screen,raw:getprop ro.build.version.sdk
07-03 22:58:13.037  5301  5434 D ContactsProvider_EventLog: contents_sample_state: [CONTACT contacts(0) data(0) accounts({}) accounts deleted({}) calls([]) countryIso(NL) userId(0)  ]
07-03 22:58:13.037  5301  5434 D ContactsProvider_EventLog: contents_sample_state: [ agr({})  ]
07-03 22:58:13.037  5301  5434 D ContactsProvider_EventLog: contents_sample_state: [ actCnt({com.android.providers.calendar(19162)=4, android.process.acore(5301)=1})  ]
07-03 22:58:13.037  5301  5434 D ContactsProvider_EventLog: contents_sample_state: [PROFILE contacts(0) data(0) accounts({})  ]
07-03 22:58:13.037  5301  5434 D ContactsProvider_EventLog: contents_sample_state: [SAPROFILE contacts(1) data(1) accounts({vnd.sec.contact.phone (1)=1})  ]
07-03 22:58:13.039  5301  5434 E ContactsProvider_EventLog: Flush buffer to file cnt : 1 size : 0Kb duration : 1ms lastUpdatedAfter : 49689 ms mFlush_time_threasold : 2000 mCurrentSize : 478
07-03 22:58:13.130 10815 10815 E adbd    : recv: OPEN 0001b057 00000000 003a:73 68 65 6C 6C 2C 76 32 2C 54 45 52 4D 3D 73 63 72 65 65 6E 2C 72 61 77 3A 67 65 74 70 72 6F 70 20 72 6F 2E 62 75 69 6C 64 2E 76 65 72 73 69 6F 6E 2E 72 65 6C 65 61 73 65 00 
07-03 22:58:13.130 10815 10815 E adbd    : service_to_fd: shell,v2,TERM=screen,raw:getprop ro.build.version.release
07-03 22:58:13.207 10815 10815 E adbd    : recv: OPEN 0001b05a 00000000 0036:73 68 65 6C 6C 2C 76 32 2C 54 45 52 4D 3D 73 63 72 65 65 6E 2C 72 61 77 3A 67 65 74 70 72 6F 70 20 72 6F 2E 62 75 69 6C 64 2E 76 65 72 73 69 6F 6E 2E 73 64 6B 00 
07-03 22:58:13.207 10815 10815 E adbd    : service_to_fd: shell,v2,TERM=screen,raw:getprop ro.build.version.sdk
07-03 22:58:13.276 10815 10815 E adbd    : recv: OPEN 0001b060 00000000 00fb:73 68 65 6C 6C 2C 76 32 2C 54 45 52 4D 3D 73 63 72 65 65 6E 2C 72 61 77 3A 61 6D 20 73 74 61 72 74 2D 66 6F 72 65 67 72 6F 75 6E 64 2D 73 65 72 76 69 63 65 20 2D 6E 20 22 63 6F 6D 2E 65 78 61 6D 70 6C 65 2E 62 61 74 74 65 72 79 6D 61 6E 61 67 65 72 5F 75 74 69 6C 69 74 79 2F 63 6F 6D 2E 65 78 61 6D 70 6C 65 2E 62 61 74 74 65 72 79 6D 61 6E 61 67 65 72 5F 75 74 69 6C 69 74 79 2E 44 61 74 61 43 6F 6C 6C 65 63 74 69 6F 6E 53 65 72 76 69 63 65 22 20 2D 2D 65 69 20 73 61 6D 70 6C 65 52 61 74 65 20 31 30 30 30 20 2D 2D 65 73 20 22 64 61 74 61 46 69 65 6C 64 73 22 20 22 42 41 54 54 45 52 59 5F 50 52 4F 50 45 52 54 59 5F 43 55 52 52 45 4E 54 5F 4E 4F 57 2C 45 58 54 52 41 5F 56 4F 4C 54 41 47 45 22 20 2D 2D 65 7A 20 74 6F 43 53 56 20 66 61 6C 73 65 00 
07-03 22:58:13.277 10815 10815 E adbd    : service_to_fd: shell,v2,TERM=screen,raw:am start-foreground-service -n "com.example.batterymanager_utility/com.example.batterymanager_utility.DataCollectionService" --ei sampleRate 1000 --es "dataFields" "BATTERY_PROPERTY_CURRENT_NOW,EXTRA_VOLTAGE" --ez toCSV false
07-03 22:58:13.353 19295 19295 I BatteryMgr:DataCollectionService: onStartCommand: begin
07-03 22:58:13.353 19295 19295 I BatteryMgr:DataCollectionService: onStartCommand: sampleRate => 1000
07-03 22:58:13.353 19295 19295 I BatteryMgr:DataCollectionService: onStartCommand: rawFields => Timestamp,BATTERY_PROPERTY_CURRENT_NOW,EXTRA_VOLTAGE
07-03 22:58:13.355 19295 19295 I BatteryMgr:DataCollectionService: onStartCommand: notification done
07-03 22:58:13.356 19295 19295 D Notification: allPendingIntents
07-03 22:58:13.357 19295 19295 I BatteryMgr:DataCollectionService: started foreground
07-03 22:58:13.358  3959  3974 D ApplicationPolicy: isStatusBarNotificationAllowedAsUser: packageName = android,userId = 0
07-03 22:58:13.359  3959  3974 D API test: getContainerInfo: value is 
07-03 22:58:13.359  3959  3974 D ApplicationPolicy: isStatusBarNotificationAllowedAsUser: packageName = android,userId = 0
07-03 22:58:13.359  3959  3974 D API test: getContainerInfo: value is 
07-03 22:58:13.360  3959  3974 D ApplicationPolicy: isStatusBarNotificationAllowedAsUser: packageName = com.example.batterymanager_utility,userId = 0
07-03 22:58:13.360  3959  3974 D API test: getContainerInfo: value is 
07-03 22:58:13.360  3959  3974 D ApplicationPolicy: isStatusBarNotificationAllowedAsUser: packageName = com.example.batterymanager_utility,userId = 0
07-03 22:58:13.360  3959  3974 D API test: getContainerInfo: value is 
07-03 22:58:13.361  3959  3959 D AudioService: getStreamVolume 5 index 110
07-03 22:58:13.361  3959  3974 E NotificationService: Suppressing notification from package by user request.
07-03 22:58:13.362  3959  4615 D Notification: allPendingIntents
07-03 22:58:13.364  3959  4615 D Notification: allPendingIntents
07-03 22:58:13.368 19295 19363 I BatteryMgr:DataCollectionService: collectData: begin
07-03 22:58:13.371 19295 19363 I BatteryMgr:DataCollectionService: stats => 1688417893371,-149,4028
07-03 22:58:13.382  4354  4354 D KeyguardUpdateMonitor: handleStatusBarState( false )
07-03 22:58:13.384 10815 10815 E adbd    : recv: OPEN 0001b066 00000000 003a:73 68 65 6C 6C 2C 76 32 2C 54 45 52 4D 3D 73 63 72 65 65 6E 2C 72 61 77 3A 67 65 74 70 72 6F 70 20 72 6F 2E 62 75 69 6C 64 2E 76 65 72 73 69 6F 6E 2E 72 65 6C 65 61 73 65 00 
07-03 22:58:13.384 10815 10815 E adbd    : service_to_fd: shell,v2,TERM=screen,raw:getprop ro.build.version.release
07-03 22:58:13.397  4354  4354 D KeyguardUpdateMonitor: handleStatusBarState( false )
07-03 22:58:13.456 10815 10815 E adbd    : recv: OPEN 0001b069 00000000 0036:73 68 65 6C 6C 2C 76 32 2C 54 45 52 4D 3D 73 63 72 65 65 6E 2C 72 61 77 3A 67 65 74 70 72 6F 70 20 72 6F 2E 62 75 69 6C 64 2E 76 65 72 73 69 6F 6E 2E 73 64 6B 00 
07-03 22:58:13.456 10815 10815 E adbd    : service_to_fd: shell,v2,TERM=screen,raw:getprop ro.build.version.sdk
07-03 22:58:13.851  3959  4034 D SensorService: [SO] 0.072 -0.134 9.946
07-03 22:58:13.856  3959  4990 D ActivityManagerPerformance: Received MSG_DISABLE_APP_SWITCH, r: ActivityRecord{4b2de97 u0 x.intervalapp.cpufactorialtest/.MainActivity t104}
07-03 22:58:13.856  3959  4990 D CustomFrequencyManagerService: acquireDVFSLockLocked : type : DVFS_MIN_LIMIT  frequency : 1560000  uid : 1000  pid : 3959  pkgName : AMS_RESUME_TAIL@CPU_MIN@21
07-03 22:58:13.856  3959  4990 D ActivityManagerPerformance: AMP_acquire() TAIL
07-03 22:58:13.856  3959  4990 D CustomFrequencyManagerService: releaseDVFSLockLocked : Getting Lock type frm List : DVFS_MIN_LIMIT  frequency : 1560000  uid : 1000  pid : 3959  tag : AMS_APP_SWITCH@CPU_MIN@15
07-03 22:58:13.857  3959  4990 D ActivityManagerPerformance: AMP_release() APP_SWITCH
