--------- beginning of system
07-12 01:44:51.685  1495  3677 I ActivityTaskManager: START u0 {act=android.intent.action.MAIN cat=[android.intent.category.LAUNCHER] flg=0x10000000 cmp=com.example.batterymanager_utility/.MainActivity} from uid 2000
--------- beginning of main
07-12 01:44:51.688   562   562 I hwservicemanager: getTransport: Cannot find entry vendor.qti.hardware.iop@2.0::IIop/default in either framework or device manifest.
07-12 01:44:51.695  1495  3677 D CompatibilityInfo: mCompatibilityFlags - 0
07-12 01:44:51.695  1495  3677 D CompatibilityInfo: applicationDensity - 420
07-12 01:44:51.695  1495  3677 D CompatibilityInfo: applicationScale - 1.0
07-12 01:44:51.695  1495  3677 D ActivityTrigger: ActivityTrigger activityPauseTrigger 
07-12 01:44:51.705  1495  1858 E system_server: Invalid ID 0x00000000.
07-12 01:44:51.705  1495  1857 W ActivityManager: ProcessRecord{66863f5 0:com.example.batterymanager_utility/u0a186}: ART verification disabled
07-12 01:44:51.706  1495  1857 D ActivityManager: Package [com.example.batterymanager_utility] have process
07-12 01:44:51.719   695   695 D Zygote  : Forked child process 29176
07-12 01:44:51.724  1495  1876 I ActivityManager: Start proc 29176:com.example.batterymanager_utility/u0a186 for activity {com.example.batterymanager_utility/com.example.batterymanager_utility.MainActivity}
07-12 01:44:51.724  1495  1876 D ActivityManager: handleProcessStartedLocked mDoneFinishBooting && app.pid != 0 ---> notifyProcessStart, app.processName = com.example.batterymanager_utility, app.info = ApplicationInfo{834d6a9 com.example.batterymanager_utility}, app.hostingType = activity, getHostingName() = ComponentInfo{com.example.batterymanager_utility/com.example.batterymanager_utility.MainActivity}, getIntentFlag() = 0, getIsPackageRunning() = true, app = ProcessRecord{66863f5 29176:com.example.batterymanager_utility/u0a186}, getExtraData() = null
07-12 01:44:51.728 29176 29176 I manager_utilit: Late-enabling -Xcheck:jni
07-12 01:44:51.763 29176 29176 E manager_utilit: Unknown bits set in runtime_flags: 0x8000
07-12 01:44:51.785  1495  3677 D CompatibilityInfo: mCompatibilityFlags - 0
07-12 01:44:51.785  1495  3677 D CompatibilityInfo: applicationDensity - 420
07-12 01:44:51.785  1495  3677 D CompatibilityInfo: applicationScale - 1.0
07-12 01:44:51.790  1495  3677 D CompatibilityInfo: mCompatibilityFlags - 0
07-12 01:44:51.790  1495  3677 D CompatibilityInfo: applicationDensity - 420
07-12 01:44:51.790  1495  3677 D CompatibilityInfo: applicationScale - 1.0
07-12 01:44:51.792  1495 29197 W IrisConfig: ColorManagerService is not Existed
07-12 01:44:51.793  1495  3677 I qspmsvc-client: inside perf_hint_qspm
07-12 01:44:51.801 27643 27643 I A       : onPause
07-12 01:44:51.809  3148  3148 I HdmBroadcastRecvUpd: (REDACTED) received broadcast: %s
07-12 01:44:51.809  3148  3791 I HdmHotwordRequestListen: (REDACTED) received broadcast: %s
07-12 01:44:51.809  3148  3791 I SodaTriggeringFrontend: (REDACTED) #onConfigUpdate. requester: %s
07-12 01:44:51.810  3148  3802 I SodaTriggeringFrontend: #onConfigUpdate inside sequencer
07-12 01:44:51.810  3148  3802 I HotwordConfigUtils: (REDACTED) Voice Match (Speaker-id) supported : %b 
07-12 01:44:51.810  3148  3802 I HotwordConfigUtils: (REDACTED) hotword enrollment state is enrolled:  %b, speakerId model exist: %b. Voice Match supported : %b 
07-12 01:44:51.810  3148  3802 I HotwordConfigUtils: (REDACTED) isHotwordAvailable():  %b, isHotwordEnabled() %b 
07-12 01:44:51.810  3148  3802 I HotwordConfigUtils: (REDACTED) isHotwordAvailable():  %b, isHotwordEnabled() %b 
07-12 01:44:51.810  3148  3802 I HotwordConfigUtils: (REDACTED) Hotword enrollment state : %s.
07-12 01:44:51.810  3148  3802 I HotwordConfigUtils: (REDACTED) Voice Match (Speaker-id) supported : %b 
07-12 01:44:51.810  3148  3802 I HotwordConfigUtils: (REDACTED) Voice Match (Speaker-id) supported : %b 
07-12 01:44:51.810  3148  3802 I HotwordConfigUtils: (REDACTED) hotword enrollment state is enrolled:  %b, speakerId model exist: %b, voice match supported : %b
07-12 01:44:51.810  3148  3802 I HotwordConfigUtils: (REDACTED) Hotword isNonVoiceMatchHotwordEnabled: %b, isHotwordAvailable : %b, isHotwordEnabled : %b, isVoiceMatchSupported: %b, isHotwordEnrolled: %b.
07-12 01:44:51.810  3148  3802 I SodaTriggeringFrontend: (REDACTED) Ignore the legacy hotword request. voice match enabled %b, isHotwordSupported %b, isIncompleteEnrollmentState %b, nonVoiceMatchHotwordEnabled %b
07-12 01:44:51.958 29176 29176 I Perf    : Connecting to perf service.
07-12 01:44:51.977 29176 29176 I BatteryMgr:App: creating notification channel
07-12 01:44:51.980   562   562 I hwservicemanager: getTransport: Cannot find entry vendor.qti.hardware.iop@2.0::IIop/default in either framework or device manifest.
07-12 01:44:51.980  1022  8029 E ANDR-IOP: IIop:: Iop HAL Service is not available.
07-12 01:44:51.983 29176 29200 E Perf    : Fail to get file list com.example.batterymanager_utility
07-12 01:44:51.983 29176 29200 E Perf    : getFolderSize() : Exception_1 = java.lang.NullPointerException: Attempt to get length of null array
07-12 01:44:51.983 29176 29200 E Perf    : Fail to get file list com.example.batterymanager_utility
07-12 01:44:51.983 29176 29200 E Perf    : getFolderSize() : Exception_1 = java.lang.NullPointerException: Attempt to get length of null array
07-12 01:44:52.073  1495  3224 E WindowManager: App trying to use insecure INPUT_FEATURE_NO_INPUT_CHANNEL flag. Ignoring
07-12 01:44:52.179 29182 29182 W app_process: type=1400 audit(0.0:16471): avc: denied { read } for name="u:object_r:device_config_runtime_native_boot_prop:s0" dev="tmpfs" ino=14617 scontext=u:r:shell:s0 tcontext=u:object_r:device_config_runtime_native_boot_prop:s0 tclass=file permissive=0
07-12 01:44:52.179 29182 29182 W app_process: type=1400 audit(0.0:16472): avc: denied { read } for name="u:object_r:device_config_runtime_native_boot_prop:s0" dev="tmpfs" ino=14617 scontext=u:r:shell:s0 tcontext=u:object_r:device_config_runtime_native_boot_prop:s0 tclass=file permissive=0
07-12 01:44:52.179 29182 29182 W app_process: type=1400 audit(0.0:16473): avc: denied { read } for name="u:object_r:device_config_runtime_native_boot_prop:s0" dev="tmpfs" ino=14617 scontext=u:r:shell:s0 tcontext=u:object_r:device_config_runtime_native_boot_prop:s0 tclass=file permissive=0
07-12 01:44:52.179 29182 29182 D AndroidRuntime: >>>>>> START com.android.internal.os.RuntimeInit uid 2000 <<<<<<
07-12 01:44:52.184 29182 29182 E libc    : Access denied finding property "persist.device_config.runtime_native_boot.enable_apex_image"
07-12 01:44:52.185 29182 29182 I AndroidRuntime: Using default boot image
07-12 01:44:52.185 29182 29182 E libc    : Access denied finding property "persist.device_config.runtime_native_boot.disable_lock_profiling"
07-12 01:44:52.185 29182 29182 I AndroidRuntime: Leaving lock profiling enabled
07-12 01:44:52.185 29182 29182 E libc    : Access denied finding property "persist.device_config.runtime_native_boot.enable_generational_cc"
07-12 01:44:52.318 29182 29182 D ICU     : Time zone APEX file found: /apex/com.android.tzdata/etc/icu/icu_tzdata.dat
07-12 01:44:52.339 29182 29182 I app_process: The ClassLoaderContext is a special shared library.
07-12 01:44:52.365 29182 29182 W app_process: JNI RegisterNativeMethods: attempt to register 0 native methods for android.media.AudioAttributes
07-12 01:44:52.380 29182 29182 D AndroidRuntime: Calling main entry com.android.commands.monkey.Monkey
07-12 01:44:52.381 29182 29182 W Monkey  : args: [-p, x.intervalapp.displaytest, 1]
07-12 01:44:52.383 29182 29182 W Monkey  :  arg: "-p"
07-12 01:44:52.383 29182 29182 W Monkey  :  arg: "x.intervalapp.displaytest"
07-12 01:44:52.383 29182 29182 W Monkey  :  arg: "1"
07-12 01:44:52.383 29182 29182 W Monkey  : data="x.intervalapp.displaytest"
07-12 01:44:52.419 29176 29176 W RenderThread: type=1400 audit(0.0:16474): avc: denied { search } for name="kgsl-3d0" dev="sysfs" ino=29187 scontext=u:r:untrusted_app:s0:c186,c256,c512,c768 tcontext=u:object_r:sysfs_kgsl:s0 tclass=dir permissive=0
07-12 01:44:52.420 29176 29201 I AdrenoGLES: QUALCOMM build                   : f2ab992, I401605978b
07-12 01:44:52.420 29176 29201 I AdrenoGLES: Build Date                       : 09/28/19
07-12 01:44:52.420 29176 29201 I AdrenoGLES: OpenGL ES Shader Compiler Version: EV031.27.05.01
07-12 01:44:52.420 29176 29201 I AdrenoGLES: Local Branch                     : 
07-12 01:44:52.420 29176 29201 I AdrenoGLES: Remote Branch                    : 
07-12 01:44:52.420 29176 29201 I AdrenoGLES: Remote Branch                    : 
07-12 01:44:52.420 29176 29201 I AdrenoGLES: Reconstruct Branch               : 
07-12 01:44:52.420 29176 29201 I AdrenoGLES: Build Config                     : S L 8.0.11 AArch64
07-12 01:44:52.426 29176 29201 I AdrenoGLES: PFP: 0x005ff112, ME: 0x005ff066
07-12 01:44:52.429  1495  1875 W BroadcastQueue: Skipping deliver [background] BroadcastRecord{db98fdb u-1 android.net.conn.CONNECTIVITY_CHANGE} to ReceiverList{392a78 29182 (unknown name)/2000/u-1 remote:39b00d5}: process gone or crashing
07-12 01:44:52.429 29176 29201 W AdrenoUtils: <ReadGpuID_from_sysfs:194>: Failed to open /sys/class/kgsl/kgsl-3d0/gpu_model
07-12 01:44:52.429 29176 29201 W AdrenoUtils: <ReadGpuID:218>: Failed to read chip ID from gpu_model. Fallback to use the GSL path
07-12 01:44:52.432   562   562 I hwservicemanager: getTransport: Cannot find entry vendor.display.config@1.7::IDisplayConfig/default in either framework or device manifest.
07-12 01:44:52.432   562   562 I hwservicemanager: getTransport: Cannot find entry vendor.display.config@1.7::IDisplayConfig/default in either framework or device manifest.
07-12 01:44:52.446  1495  3677 I ActivityTaskManager: START u0 {act=android.intent.action.MAIN cat=[android.intent.category.LAUNCHER] flg=0x10200000 cmp=x.intervalapp.displaytest/.MainActivity} from uid 2000
07-12 01:44:52.447  1495  3677 W Binder  : Outgoing transactions from this process must be FLAG_ONEWAY
07-12 01:44:52.447  1495  3677 W Binder  : java.lang.Throwable
07-12 01:44:52.447  1495  3677 W Binder  : 	at android.os.BinderProxy.transact(BinderProxy.java:480)
07-12 01:44:52.447  1495  3677 W Binder  : 	at android.app.IActivityController$Stub$Proxy.activityStarting(IActivityController.java:273)
07-12 01:44:52.447  1495  3677 W Binder  : 	at com.android.server.wm.ActivityStarter.startActivity(ActivityStarter.java:798)
07-12 01:44:52.447  1495  3677 W Binder  : 	at com.android.server.wm.ActivityStarter.startActivity(ActivityStarter.java:587)
07-12 01:44:52.447  1495  3677 W Binder  : 	at com.android.server.wm.ActivityStarter.startActivityMayWait(ActivityStarter.java:1292)
07-12 01:44:52.447  1495  3677 W Binder  : 	at com.android.server.wm.ActivityStarter.execute(ActivityStarter.java:518)
07-12 01:44:52.447  1495  3677 W Binder  : 	at com.android.server.wm.ActivityTaskManagerService.startActivityAsUser(ActivityTaskManagerService.java:1058)
07-12 01:44:52.447  1495  3677 W Binder  : 	at com.android.server.wm.ActivityTaskManagerService.startActivityAsUser(ActivityTaskManagerService.java:1032)
07-12 01:44:52.447  1495  3677 W Binder  : 	at com.android.server.am.ActivityManagerService.startActivityAsUser(ActivityManagerService.java:3759)
07-12 01:44:52.447  1495  3677 W Binder  : 	at android.app.IActivityManager$Stub.onTransact(IActivityManager.java:3588)
07-12 01:44:52.447  1495  3677 W Binder  : 	at com.android.server.am.ActivityManagerService.onTransact(ActivityManagerService.java:2906)
07-12 01:44:52.447  1495  3677 W Binder  : 	at android.os.Binder.execTransactInternal(Binder.java:1021)
07-12 01:44:52.447  1495  3677 W Binder  : 	at android.os.Binder.execTransact(Binder.java:994)
07-12 01:44:52.455   562   562 I hwservicemanager: getTransport: Cannot find entry vendor.qti.hardware.iop@2.0::IIop/default in either framework or device manifest.
07-12 01:44:52.460   562   562 I hwservicemanager: getTransport: Cannot find entry android.hardware.graphics.mapper@3.0::IMapper/default in either framework or device manifest.
07-12 01:44:52.460 29176 29201 W Gralloc3: mapper 3.x is not supported
07-12 01:44:52.461  1495  3677 D CompatibilityInfo: mCompatibilityFlags - 0
07-12 01:44:52.461  1495  3677 D CompatibilityInfo: applicationDensity - 420
07-12 01:44:52.461  1495  3677 D CompatibilityInfo: applicationScale - 1.0
07-12 01:44:52.462  1495  3677 D ActivityTrigger: ActivityTrigger activityPauseTrigger 
07-12 01:44:52.466 29182 29182 I Monkey  : Events injected: 1
07-12 01:44:52.468  1495  1495 V SettingsProvider: Notifying for 0: content://settings/system/accelerometer_rotation
07-12 01:44:52.476  1495  1858 E system_server: Invalid ID 0x00000000.
07-12 01:44:52.480  1495  1495 V SettingsProvider: Notifying for 0: content://settings/system/accelerometer_rotation
07-12 01:44:52.484 29182 29182 I Monkey  : ## Network stats: elapsed time=35ms (0ms mobile, 0ms wifi, 35ms not connected)
07-12 01:44:52.485 29182 29182 I app_process: System.exit called, status: 0
07-12 01:44:52.486 29182 29182 I AndroidRuntime: VM exiting with result code 0.
07-12 01:44:52.488   562   562 I hwservicemanager: getTransport: Cannot find entry vendor.qti.hardware.iop@2.0::IIop/default in either framework or device manifest.
07-12 01:44:52.489  1495  1874 I ActivityTaskManager: Displayed x.intervalapp.displaytest/.MainActivity: +803ms
07-12 01:44:52.489   562   562 I hwservicemanager: getTransport: Cannot find entry vendor.qti.hardware.iop@2.0::IIop/default in either framework or device manifest.
07-12 01:44:52.536 11409 11409 I GoogleInputMethodService: GoogleInputMethodService.onFinishInput():3303 
07-12 01:44:52.537 11409 11409 I GoogleInputMethodService: GoogleInputMethodService.updateDeviceLockedStatus():2122 repeatCheckTimes = 0, locked = false
07-12 01:44:52.537 11409 11409 I GoogleInputMethodService: GoogleInputMethodService.onStartInput():1902 onStartInput(EditorInfo{EditorInfo{packageName=com.example.batterymanager_utility, inputType=0, inputTypeString=NULL, enableLearning=false, autoCorrection=false, autoComplete=false, imeOptions=0, privateImeOptions=null, actionName=UNSPECIFIED, actionLabel=null, initialSelStart=-1, initialSelEnd=-1, initialCapsMode=0, label=null, fieldId=-1, fieldName=null, extras=null, hintText=null, hintLocales=[]}}, false)
07-12 01:44:52.537 11409 11409 I GoogleInputMethodService: GoogleInputMethodService.shouldHideHeaderOnInitialState():1985 ShouldHideHeaderOnInitialState = false
07-12 01:44:52.538 11409 11409 I GoogleInputMethodService: GoogleInputMethodService.updateDeviceLockedStatus():2122 repeatCheckTimes = 1, locked = false
07-12 01:44:52.604  1495  2323 I ActivityTaskManager: Config changes=20000480 {1.0 ?mcc?mnc [en_GB] ldltr sw411dp w683dp h387dp 420dpi nrml land finger -keyb/v/h -nav/h winConfig={ mBounds=Rect(0, 0 - 1920, 1080) mAppBounds=Rect(0, 0 - 1794, 1080) mWindowingMode=fullscreen mDisplayWindowingMode=fullscreen mActivityType=undefined mAlwaysOnTop=undefined mRotation=ROTATION_90} s.659}
07-12 01:44:52.653 11409 11409 E InputConnectionWrapper: InputConnectionWrapper.waitForInputConnectionFutureInternal():1586 Failed to get the input connection call's result.
07-12 01:44:52.653 11409 11409 E InputConnectionWrapper: java.util.concurrent.TimeoutException: Waited 100 milliseconds (plus 12 milliseconds, 280572 nanoseconds delay) for nmu@5534950[status=PENDING, info=[task=[running=[RUNNING ON ICWrapper-1], iak@8acc749]]]
07-12 01:44:52.653 11409 11409 E InputConnectionWrapper: 	at njv.get(PG:41)
07-12 01:44:52.653 11409 11409 E InputConnectionWrapper: 	at ieo.h(PG:1)
07-12 01:44:52.653 11409 11409 E InputConnectionWrapper: 	at ieo.g(PG:2)
07-12 01:44:52.653 11409 11409 E InputConnectionWrapper: 	at ieo.u(PG:5)
07-12 01:44:52.653 11409 11409 E InputConnectionWrapper: 	at igx.a(PG:3)
07-12 01:44:52.653 11409 11409 E InputConnectionWrapper: 	at dop.l(PG:27)
07-12 01:44:52.653 11409 11409 E InputConnectionWrapper: 	at cas.l(PG:1)
07-12 01:44:52.653 11409 11409 E InputConnectionWrapper: 	at dop.onStartInput(PG:36)
07-12 01:44:52.653 11409 11409 E InputConnectionWrapper: 	at android.inputmethodservice.InputMethodService.doStartInput(InputMethodService.java:2093)
07-12 01:44:52.653 11409 11409 E InputConnectionWrapper: 	at android.inputmethodservice.InputMethodService$InputMethodImpl.startInput(InputMethodService.java:556)
07-12 01:44:52.653 11409 11409 E InputConnectionWrapper: 	at android.inputmethodservice.InputMethodService$InputMethodImpl.dispatchStartInputWithToken(InputMethodService.java:585)
07-12 01:44:52.653 11409 11409 E InputConnectionWrapper: 	at android.inputmethodservice.IInputMethodWrapper.executeMessage(IInputMethodWrapper.java:194)
07-12 01:44:52.653 11409 11409 E InputConnectionWrapper: 	at com.android.internal.os.HandlerCaller$MyHandler.handleMessage(HandlerCaller.java:44)
07-12 01:44:52.653 11409 11409 E InputConnectionWrapper: 	at android.os.Handler.dispatchMessage(Handler.java:107)
07-12 01:44:52.653 11409 11409 E InputConnectionWrapper: 	at android.os.Looper.loop(Looper.java:214)
07-12 01:44:52.653 11409 11409 E InputConnectionWrapper: 	at android.app.ActivityThread.main(ActivityThread.java:7397)
07-12 01:44:52.653 11409 11409 E InputConnectionWrapper: 	at java.lang.reflect.Method.invoke(Native Method)
07-12 01:44:52.653 11409 11409 E InputConnectionWrapper: 	at com.android.internal.os.RuntimeInit$MethodAndArgsCaller.run(RuntimeInit.java:492)
07-12 01:44:52.653 11409 11409 E InputConnectionWrapper: 	at com.android.internal.os.ZygoteInit.main(ZygoteInit.java:935)
07-12 01:44:52.653 11409 11409 W InputConnectionWrapper: InputConnectionWrapper.recordDuration():1507 IPC IC_REQUEST_CURSOR_UPDATES took 113 ms
07-12 01:44:52.738  1495  2323 I ActivityTaskManager: Override config changes=20000480 {1.0 ?mcc?mnc [en_GB] ldltr sw411dp w683dp h387dp 420dpi nrml land finger -keyb/v/h -nav/h winConfig={ mBounds=Rect(0, 0 - 1920, 1080) mAppBounds=Rect(0, 0 - 1794, 1080) mWindowingMode=fullscreen mDisplayWindowingMode=fullscreen mActivityType=undefined mAlwaysOnTop=undefined mRotation=ROTATION_90} s.659} for displayId=0
07-12 01:44:52.781  1495  2323 I WindowManager: OneHand: mOverscanScreenWidth = 1920 mLastOverscanScreenWidth = 1080  mOverscanScreenHeight = 1080 mLastOverscanScreenHeight = 1920
07-12 01:44:52.781  1495  2323 I WindowManager: OneHand: updateScreenParameter() : ORI mZone[STARTING_LEFT] = Rect(0, 1780 - 70, 1920) mZone[STARTING_RIGHT] = Rect(1010, 1780 - 1080, 1920) mZone[0] = Rect(270, 270 - 810, 1650) mScaling = 0.7320762
07-12 01:44:52.781  1495  2323 I WindowManager: OneHand: updateScreenParameter() : NEW mZone[STARTING_LEFT] = Rect(0, 940 - 70, 1080) mZone[STARTING_RIGHT] = Rect(1850, 940 - 1920, 1080) mZone[0] = Rect(480, 480 - 1440, 600) mScaling = 0.7320762 mOverscanScreenWidth = 1920 mOverscanScreenHeight = 1080 dm.density = 2.625 dm.xdpi = 403.174 dm.ydpi = 403.174
07-12 01:44:52.781  1495  2323 I WindowManager: updateScreenParameter() : isResolutionChanged = true isOneHandEnabled() = false
07-12 01:44:52.793  1495  2323 D PowerManagerService: WAKE_LOCK_SCREEN_BRIGHT Change, RELEASE:
07-12 01:44:52.793  1495  2323 D PowerManagerService:   SCREEN_BRIGHT_WAKE_LOCK        'WindowManager' ON_AFTER_RELEASE ACQ=-29m14s700ms (uid=1000 pid=1495 ws=WorkSource{10185})
07-12 01:44:52.805  1495  1857 W ActivityManager: ProcessRecord{795109f 0:x.intervalapp.displaytest/u0a199}: ART verification disabled
07-12 01:44:52.824  1495  1857 I InputManager-JNI: Viewport [0] to add: local:0
07-12 01:44:52.836   695   695 D Zygote  : Forked child process 29223
07-12 01:44:52.844  1495  1876 I ActivityManager: Start proc 29223:x.intervalapp.displaytest/u0a199 for activity {x.intervalapp.displaytest/x.intervalapp.displaytest.MainActivity}
07-12 01:44:52.845  1495  1876 D ActivityManager: handleProcessStartedLocked mDoneFinishBooting && app.pid != 0 ---> notifyProcessStart, app.processName = x.intervalapp.displaytest, app.info = ApplicationInfo{b127497 x.intervalapp.displaytest}, app.hostingType = activity, getHostingName() = ComponentInfo{x.intervalapp.displaytest/x.intervalapp.displaytest.MainActivity}, getIntentFlag() = 0, getIsPackageRunning() = false, app = ProcessRecord{795109f 29223:x.intervalapp.displaytest/u0a199}, getExtraData() = null
07-12 01:44:52.845  1495  1857 D ActivityTrigger: ActivityTrigger activityStopTrigger 
07-12 01:44:52.847  1495  1857 D ActivityTrigger: ActivityTrigger activityStopTrigger 
07-12 01:44:52.849  1495  1857 D ActivityManager: Package [x.intervalapp.displaytest] have process
07-12 01:44:52.851 29223 29223 I app.displaytes: Late-enabling -Xcheck:jni
07-12 01:44:52.866   562   562 E SELinux : avc:  denied  { find } for interface=vendor.qti.hardware.servicetracker::IServicetracker sid=u:r:system_server:s0 pid=1495 scontext=u:r:system_server:s0 tcontext=u:object_r:default_android_hwservice:s0 tclass=hwservice_manager permissive=0
07-12 01:44:52.869 27643 27643 I A       : onStop
07-12 01:44:52.890  1495  2131 I InputReader: Reconfiguring input devices.  changes=0x00000004
07-12 01:44:52.891  1495  2131 I InputReader: Device reconfigured: id=3, name='goodix-ts', size 1080x1920, orientation 1, mode 1, display id 0
07-12 01:44:52.904 29223 29223 E app.displaytes: Unknown bits set in runtime_flags: 0x8000
07-12 01:44:52.943  1495  2537 D CompatibilityInfo: mCompatibilityFlags - 0
07-12 01:44:52.943  1495  2537 D CompatibilityInfo: applicationDensity - 420
07-12 01:44:52.943  1495  2537 D CompatibilityInfo: applicationScale - 1.0
07-12 01:44:52.947  1495  2537 D CompatibilityInfo: mCompatibilityFlags - 0
07-12 01:44:52.947  1495  2537 D CompatibilityInfo: applicationDensity - 420
07-12 01:44:52.947  1495  2537 D CompatibilityInfo: applicationScale - 1.0
07-12 01:44:52.949  1495 29244 W IrisConfig: ColorManagerService is not Existed
07-12 01:44:52.953  1495  2537 I qspmsvc-client: inside perf_hint_qspm
07-12 01:44:52.991  1495  2323 E WindowManager: App trying to use insecure INPUT_FEATURE_NO_INPUT_CHANNEL flag. Ignoring
07-12 01:44:52.993  2177  2177 D StatusBar: disable<e i a s b h r c s > disable2<q i n >
07-12 01:44:53.007  2177  2177 D CustomizeUtils: getConfig() : srsId = F_FIH_DISABLE_STATUS_BAR_SCALE result = false type = bool pkg = com.android.systemui
07-12 01:44:53.025  2177  2451 I NetworkController: hasCorrectMobileControllers allSubscriptions.size: 0 mMobileSignalControllers.size: 0
07-12 01:44:53.026  2177  2451 I NetworkController: updateNoSims hasNoSubs: true mHasNoSubs: true simDetected: false mSimDetected: false
07-12 01:44:53.037  1495  2537 E WindowManager: App trying to use insecure INPUT_FEATURE_NO_INPUT_CHANNEL flag. Ignoring
07-12 01:44:53.124 11409 11409 I DeviceModeUtil: DeviceModeUtil.getDeviceMode():140 Get device mode phone by ui mode:1 and smallestScreenWidthDp:411
07-12 01:44:53.135  2177  2177 D StatusBar: disable<e i a s b h r c s > disable2<q i n >
07-12 01:44:53.147 11409 11409 W GoogleInputMethodService: GoogleInputMethodService.onConfigurationChanged():1594 onConfigurationChanged() : NewConfig = {1.0 ?mcc?mnc [en_GB] ldltr sw411dp w683dp h387dp 420dpi nrml land finger -keyb/v/h -nav/h winConfig={ mBounds=Rect(0, 0 - 1920, 1080) mAppBounds=Rect(0, 0 - 1794, 1080) mWindowingMode=fullscreen mDisplayWindowingMode=fullscreen mActivityType=undefined mAlwaysOnTop=undefined mRotation=ROTATION_90} s.675}
07-12 01:44:53.153  2177  2177 I OpaLayout: Setting opa enabled to true
07-12 01:44:53.153  2177  2177 I OpaLayout: Setting opa enabled to true
07-12 01:44:53.159  2177  2177 D CustomizeUtils: getConfig() : srsId = F_FIH_DISABLE_STATUS_BAR_SCALE result = false type = bool pkg = com.android.systemui
07-12 01:44:53.166  2177  2177 I chatty  : uid=10157(com.android.systemui) identical 11 lines
07-12 01:44:53.167  2177  2177 D CustomizeUtils: getConfig() : srsId = F_FIH_DISABLE_STATUS_BAR_SCALE result = false type = bool pkg = com.android.systemui
07-12 01:44:53.167 11409 11409 I GoogleInputMethodService: GoogleInputMethodService.onConfigurationChanged():1611 changedMask : 20000480
07-12 01:44:53.176  2177  2177 D CustomizeUtils: getConfig() : srsId = F_FIH_DISABLE_STATUS_BAR_SCALE result = false type = bool pkg = com.android.systemui
07-12 01:44:53.196  2177  2177 I chatty  : uid=10157(com.android.systemui) identical 25 lines
07-12 01:44:53.197  2177  2177 D CustomizeUtils: getConfig() : srsId = F_FIH_DISABLE_STATUS_BAR_SCALE result = false type = bool pkg = com.android.systemui
07-12 01:44:53.212 11409 11409 I KeyboardModeManager: KeyboardModeManager.setInputView():563 setInputView() : supportsOneHandedMode=false
07-12 01:44:53.216  2177  2177 D CustomizeUtils: getConfig() : srsId = F_FIH_DISABLE_STATUS_BAR_SCALE result = false type = bool pkg = com.android.systemui
07-12 01:44:53.217 29223 29223 I Perf    : Connecting to perf service.
07-12 01:44:53.217  2177  2177 D CustomizeUtils: getConfig() : srsId = F_FIH_DISABLE_STATUS_BAR_SCALE result = false type = bool pkg = com.android.systemui
07-12 01:44:53.226  2177  2177 I chatty  : uid=10157(com.android.systemui) identical 10 lines
07-12 01:44:53.226  2177  2177 D CustomizeUtils: getConfig() : srsId = F_FIH_DISABLE_STATUS_BAR_SCALE result = false type = bool pkg = com.android.systemui
07-12 01:44:53.228 11409 11409 I NormalModeController: NormalModeController.getKeyboardBodyViewHolderPaddingBottom():117 currentPrimeKeyboardType:SOFT systemPaddingBottom:-1
07-12 01:44:53.238 11409 11409 I KeyboardModeManager: KeyboardModeManager.setInputView():555 setInputView() : entry=ift{languageTag=en-GB, variant=qwerty, hasLocalizedResources=true, conditionCacheKey=_device=phone_device_size=default_enable_adaptive_translate=true_enable_large_tablet_batch_1=false_enable_large_tablet_batch_2=false_enable_more_candidates_view_for_multilingual=false_enable_nav_redesign=true_enable_nav_redesign_for_expression=true_enable_navbar_motion=true_enable_number_row=false_enable_preemptive_decode=true_enable_secondary_symbols=false_expressions=normal_four_or_more_letter_rows=false_keyboard_mode=normal_language=en-GB_orientation=portrait_physical_keyboard=nokeys_rtl_layout=false_show_secondary_digits=true_show_suggestions=true_split_with_duplicate_keys=true_variant=qwerty, imeDef.stringId=ime_english_great_britain, imeDef.className=com.google.android.apps.inputmethod.libs.latin5.LatinIme, imeDef.languageTag=en-GB}
07-12 01:44:53.250   562   562 I hwservicemanager: getTransport: Cannot find entry vendor.qti.hardware.iop@2.0::IIop/default in either framework or device manifest.
07-12 01:44:53.251  1022  8029 E ANDR-IOP: IIop:: Iop HAL Service is not available.
07-12 01:44:53.251  1495  2323 D PowerManagerService: WAKE_LOCK_SCREEN_BRIGHT Change, Total ACQUIRED: 
07-12 01:44:53.251  1495  2323 D PowerManagerService:   PARTIAL_WAKE_LOCK              '*launch*' ACQ=-789ms (uid=1000 pid=1495 ws=WorkSource{10199})
07-12 01:44:53.251  1495  2323 D PowerManagerService:   PARTIAL_WAKE_LOCK              'SCREEN_FROZEN' ACQ=-709ms (uid=1000 pid=1495)
07-12 01:44:53.251  1495  2323 D PowerManagerService:   SCREEN_BRIGHT_WAKE_LOCK        'WindowManager' ON_AFTER_RELEASE (uid=1000 pid=1495 ws=WorkSource{10185})
07-12 01:44:53.268 29223 29247 E Perf    : Fail to get file list x.intervalapp.displaytest
07-12 01:44:53.269 29223 29247 E Perf    : getFolderSize() : Exception_1 = java.lang.NullPointerException: Attempt to get length of null array
07-12 01:44:53.269 29223 29247 E Perf    : Fail to get file list x.intervalapp.displaytest
07-12 01:44:53.269 29223 29247 E Perf    : getFolderSize() : Exception_1 = java.lang.NullPointerException: Attempt to get length of null array
07-12 01:44:53.307 11409 11409 I StyledKeyboardTheme: StyledKeyboardTheme.<init>():102 Pref: [], themeName: [assets:theme_package_metadata_google_blue_light.binarypb], darkMode: [false], cacheKey: [builtin_google_blue_light.binarypb]
07-12 01:44:53.308 11409 11409 I DeviceModeUtil: DeviceModeUtil.getDeviceMode():140 Get device mode phone by ui mode:1 and smallestScreenWidthDp:411
07-12 01:44:53.309 11409 11409 I chatty  : uid=10162(com.google.android.inputmethod.latin) identical 1 line
07-12 01:44:53.314 11409 11409 I DeviceModeUtil: DeviceModeUtil.getDeviceMode():140 Get device mode phone by ui mode:1 and smallestScreenWidthDp:411
07-12 01:44:53.319 11409 11409 I GoogleInputMethodService: GoogleInputMethodService.initializeKeyboardTheme():1375 Apply keyboard theme: theme_stylesheet_navredesign_googleblue_materiallight_phone_400_builtin_google_blue_light.binarypb_land
07-12 01:44:53.336 11409 11409 I DeviceModeUtil: DeviceModeUtil.getDeviceMode():140 Get device mode phone by ui mode:1 and smallestScreenWidthDp:411
07-12 01:44:53.357 11409 11409 I NormalModeController: NormalModeController.getKeyboardBodyViewHolderPaddingBottom():117 currentPrimeKeyboardType:SOFT systemPaddingBottom:-1
07-12 01:44:53.370 11409 11409 I InputMethodEntryManager: InputMethodEntryManager.resetLanguages():2608 Clear cache for languages: null, true
07-12 01:44:53.370 11409 11409 I InputMethodEntryManager: InputMethodEntryManager.startLoadingInputMethodEntrySettings():732 Start loading input method entry settings: [LanguageTagVariantTuple{languageTag=en-GB, variant=qwerty}]
07-12 01:44:53.371  1495  1858 I WindowManager: Screen frozen for +830ms due to Window{4aafc93 u0 StatusBar}
07-12 01:44:53.377 11409 11409 I InputMethodEntryManager: InputMethodEntryManager.updateInputMethodEntrySettingsLoadingTask():819 update loading task with resetImplicitlyEnabledEntries is false
07-12 01:44:53.404  1495  2537 E WindowManager: App trying to use insecure INPUT_FEATURE_NO_INPUT_CHANNEL flag. Ignoring
07-12 01:44:53.411 11409 11409 I KeyboardHeightUtil: KeyboardHeightUtil.getKeyboardHeightRatio():193 systemKeyboardHeightRatio:1.000000; userKeyboardHeightRatio:1.000000.
07-12 01:44:53.428 11409 11409 I GoogleInputMethodService: GoogleInputMethodService.onStartInput():1902 onStartInput(EditorInfo{EditorInfo{packageName=com.example.batterymanager_utility, inputType=0, inputTypeString=NULL, enableLearning=false, autoCorrection=false, autoComplete=false, imeOptions=0, privateImeOptions=null, actionName=UNSPECIFIED, actionLabel=null, initialSelStart=-1, initialSelEnd=-1, initialCapsMode=0, label=null, fieldId=-1, fieldName=null, extras=null, hintText=null, hintLocales=[]}}, true)
07-12 01:44:53.429 11409 11409 I GoogleInputMethodService: GoogleInputMethodService.shouldHideHeaderOnInitialState():1985 ShouldHideHeaderOnInitialState = false
07-12 01:44:53.429 11409 11409 I GoogleInputMethodService: GoogleInputMethodService.updateDeviceLockedStatus():2122 repeatCheckTimes = 1, locked = false
07-12 01:44:53.429 11409 11409 W SessionManager: SessionManager.beginSession():53 Try to begin an already begun session [INPUT_SESSION], end it first
07-12 01:44:53.433 11409 11409 I InputMethodEntryManager: InputMethodEntryManager$5.onSuccess():838 Success load entries: [LanguageTagVariantTuple{languageTag=en-GB, variant=qwerty}], resetImplicitlyEnabledEntries=false
07-12 01:44:53.434 29223 29248 I AdrenoGLES: QUALCOMM build                   : f2ab992, I401605978b
07-12 01:44:53.434 29223 29248 I AdrenoGLES: Build Date                       : 09/28/19
07-12 01:44:53.434 29223 29248 I AdrenoGLES: OpenGL ES Shader Compiler Version: EV031.27.05.01
07-12 01:44:53.434 29223 29248 I AdrenoGLES: Local Branch                     : 
07-12 01:44:53.434 29223 29248 I AdrenoGLES: Remote Branch                    : 
07-12 01:44:53.434 29223 29248 I AdrenoGLES: Remote Branch                    : 
07-12 01:44:53.434 29223 29248 I AdrenoGLES: Reconstruct Branch               : 
07-12 01:44:53.434 29223 29248 I AdrenoGLES: Build Config                     : S L 8.0.11 AArch64
07-12 01:44:53.439 29223 29223 W RenderThread: type=1400 audit(0.0:16475): avc: denied { search } for name="kgsl-3d0" dev="sysfs" ino=29187 scontext=u:r:untrusted_app:s0:c199,c256,c512,c768 tcontext=u:object_r:sysfs_kgsl:s0 tclass=dir permissive=0
07-12 01:44:53.440 29223 29248 I AdrenoGLES: PFP: 0x005ff112, ME: 0x005ff066
07-12 01:44:53.445 29223 29248 W AdrenoUtils: <ReadGpuID_from_sysfs:194>: Failed to open /sys/class/kgsl/kgsl-3d0/gpu_model
07-12 01:44:53.445 29223 29248 W AdrenoUtils: <ReadGpuID:218>: Failed to read chip ID from gpu_model. Fallback to use the GSL path
07-12 01:44:53.448   562   562 I hwservicemanager: getTransport: Cannot find entry vendor.display.config@1.7::IDisplayConfig/default in either framework or device manifest.
07-12 01:44:53.449   562   562 I hwservicemanager: getTransport: Cannot find entry vendor.display.config@1.7::IDisplayConfig/default in either framework or device manifest.
07-12 01:44:53.452 11409 11448 I SP      : Registering emoticon_content_description.2022081613, url: https://www.gstatic.com/android/keyboard/emoticon_content_desc/202208161305/superpacks_manifest.json, constraints: W:*:*:*, flags: bg, requested: 2022081613, current: 2022081613
07-12 01:44:53.453 11409 11409 I DictionarySuperpacksManager: DictionarySuperpacksManager$1.onEnabledInputMethodEntriesChanged():61 onEnabledInputMethodEntriesChanged
07-12 01:44:53.457  1495  3200 I MediaFocusControl: requestAudioFocus() from uid/pid 10199/29223 clientId=android.media.AudioManager@ee31d12 callingPack=x.intervalapp.displaytest req=1 flags=0x0 sdk=33
07-12 01:44:53.488   562   562 E SELinux : avc:  denied  { find } for interface=vendor.qti.hardware.servicetracker::IServicetracker sid=u:r:system_server:s0 pid=1495 scontext=u:r:system_server:s0 tcontext=u:object_r:default_android_hwservice:s0 tclass=hwservice_manager permissive=0
07-12 01:44:53.500 11409 11448 I SP      : Registering content_cache.2023050217, url: https://www.gstatic.com/android/keyboard/modelpack/contentcache/202305021713/superpacks_manifest.json, constraints: W:*:*:*, flags: bg, requested: 2023050217, current: 2023050217
07-12 01:44:53.502 11409 11409 I KeyboardDefManager: KeyboardDefManager$LoadKeyboardDefTask$1.onFailure():210 Task to load keyboard def was canceled.
07-12 01:44:53.502 11409 11409 I KeyboardDefManager: java.util.concurrent.CancellationException: Task was cancelled.
07-12 01:44:53.502 11409 11409 I KeyboardDefManager: 	at njv.r(PG:2)
07-12 01:44:53.502 11409 11409 I KeyboardDefManager: 	at njv.get(PG:3)
07-12 01:44:53.502 11409 11409 I KeyboardDefManager: 	at bv.S(PG:1)
07-12 01:44:53.502 11409 11409 I KeyboardDefManager: 	at nqx.H(PG:2)
07-12 01:44:53.502 11409 11409 I KeyboardDefManager: 	at nlm.run(PG:3)
07-12 01:44:53.502 11409 11409 I KeyboardDefManager: 	at hih.execute(PG:3)
07-12 01:44:53.502 11409 11409 I KeyboardDefManager: 	at njv.h(PG:1)
07-12 01:44:53.502 11409 11409 I KeyboardDefManager: 	at njv.k(PG:12)
07-12 01:44:53.502 11409 11409 I KeyboardDefManager: 	at njv.cancel(PG:6)
07-12 01:44:53.502 11409 11409 I KeyboardDefManager: 	at ith.b(PG:2)
07-12 01:44:53.502 11409 11409 I KeyboardDefManager: 	at dop.aj(PG:2)
07-12 01:44:53.502 11409 11409 I KeyboardDefManager: 	at dop.r(PG:4)
07-12 01:44:53.502 11409 11409 I KeyboardDefManager: 	at cas.r(PG:2)
07-12 01:44:53.502 11409 11409 I KeyboardDefManager: 	at doi.d(PG:1)
07-12 01:44:53.502 11409 11409 I KeyboardDefManager: 	at ifd.fD(PG:2)
07-12 01:44:53.502 11409 11409 I KeyboardDefManager: 	at ivk.run(PG:24)
07-12 01:44:53.502 11409 11409 I KeyboardDefManager: 	at nkw.execute(PG:1)
07-12 01:44:53.502 11409 11409 I KeyboardDefManager: 	at kns.t(PG:1)
07-12 01:44:53.502 11409 11409 I KeyboardDefManager: 	at jbn.j(PG:11)
07-12 01:44:53.502 11409 11409 I KeyboardDefManager: 	at jbn.g(PG:5)
07-12 01:44:53.502 11409 11409 I KeyboardDefManager: 	at igm.ah(PG:5)
07-12 01:44:53.502 11409 11409 I KeyboardDefManager: 	at igf.b(PG:10)
07-12 01:44:53.502 11409 11409 I KeyboardDefManager: 	at nlm.run(PG:6)
07-12 01:44:53.502 11409 11409 I KeyboardDefManager: 	at android.os.Handler.handleCallback(Handler.java:883)
07-12 01:44:53.502 11409 11409 I KeyboardDefManager: 	at android.os.Handler.dispatchMessage(Handler.java:100)
07-12 01:44:53.502 11409 11409 I KeyboardDefManager: 	at android.os.Looper.loop(Looper.java:214)
07-12 01:44:53.502 11409 11409 I KeyboardDefManager: 	at android.app.ActivityThread.main(ActivityThread.java:7397)
07-12 01:44:53.502 11409 11409 I KeyboardDefManager: 	at java.lang.reflect.Method.invoke(Native Method)
07-12 01:44:53.502 11409 11409 I KeyboardDefManager: 	at com.android.internal.os.RuntimeInit$MethodAndArgsCaller.run(RuntimeInit.java:492)
07-12 01:44:53.502 11409 11409 I KeyboardDefManager: 	at com.android.internal.os.ZygoteInit.main(ZygoteInit.java:935)
07-12 01:44:53.516 11409 11409 I StyledKeyboardTheme: StyledKeyboardTheme.<init>():102 Pref: [], themeName: [assets:theme_package_metadata_google_blue_light.binarypb], darkMode: [false], cacheKey: [builtin_google_blue_light.binarypb]
07-12 01:44:53.517 11409 11448 I SP      : Syncing emoticon_content_description (2022081613) with slices: [7a635888cb828dfa2fc744b7b9b50f04, 82203eaeaa17c7345d29b18e337a6f27], metadata: false
07-12 01:44:53.518 11409 11409 I DeviceModeUtil: DeviceModeUtil.getDeviceMode():140 Get device mode phone by ui mode:1 and smallestScreenWidthDp:411
07-12 01:44:53.523 11409 11409 I chatty  : uid=10162(com.google.android.inputmethod.latin) identical 1 line
07-12 01:44:53.525 11409 11409 I DeviceModeUtil: DeviceModeUtil.getDeviceMode():140 Get device mode phone by ui mode:1 and smallestScreenWidthDp:411
07-12 01:44:53.525 11409 11409 I GoogleInputMethodService: GoogleInputMethodService.initializeKeyboardTheme():1375 Apply keyboard theme: theme_stylesheet_navredesign_googleblue_materiallight_phone_400_builtin_google_blue_light.binarypb_land
07-12 01:44:53.528  1021 20815 D NuPlayerDriver: NuPlayerDriver(0xeaf6e1c0) created, clientPid(29223)
07-12 01:44:53.545  1021 20815 I Codec2Client: Creating a Codec2 client to service "software"
07-12 01:44:53.567  1495  2537 I ActivityManager: Process com.google.process.gapps (pid 28658) has died: cch+45 CEM 
07-12 01:44:53.567  1495  1877 I libprocessgroup: Successfully killed process cgroup uid 10152 pid 28658 in 0ms
07-12 01:44:53.568   562   562 I hwservicemanager: getTransport: Cannot find entry vendor.qti.hardware.iop@2.0::IIop/default in either framework or device manifest.
07-12 01:44:53.568   695   695 I Zygote  : Process 28658 exited due to signal 9 (Killed)
07-12 01:44:53.570  1021 20815 I Codec2Client: Client to Codec2 service "software" created
07-12 01:44:53.570   562   562 E SELinux : avc:  denied  { find } for interface=vendor.qti.hardware.servicetracker::IServicetracker sid=u:r:system_server:s0 pid=1495 scontext=u:r:system_server:s0 tcontext=u:object_r:default_android_hwservice:s0 tclass=hwservice_manager permissive=0
07-12 01:44:53.586 11409 11409 I AppBase : AppBase.onTrimMemory():445 onTrimMemory(): 10
07-12 01:44:53.589 11409 11409 I GoogleInputMethodService: GoogleInputMethodService.onTrimMemory():4558 onTrimMemory(): 10
07-12 01:44:53.590  1021 20815 I ExtendedNuUtils: printFileName fd(8) -> /data/app/x.intervalapp.displaytest-i68J2S5g7gJaKo29LZfrJw==/base.apk
07-12 01:44:53.592  1021 20815 D SurfaceUtils: connecting to surface 0xef7d5808, reason setVideoSurfaceTexture
07-12 01:44:53.602  1021 29259 D NuPlayer: onSetVideoSurface(0xef7d5000, no video decoder)
07-12 01:44:53.630   562   562 I hwservicemanager: getTransport: Cannot find entry android.hardware.graphics.mapper@3.0::IMapper/default in either framework or device manifest.
07-12 01:44:53.630 29223 29248 W Gralloc3: mapper 3.x is not supported
07-12 01:44:53.632  1021 29268 D GenericSource: FileSource remote
07-12 01:44:53.681 11409 11409 I GoogleInputMethodService: GoogleInputMethodService.onFinishInput():3303 
07-12 01:44:53.682 11409 11409 I GoogleInputMethodService: GoogleInputMethodService.updateDeviceLockedStatus():2122 repeatCheckTimes = 0, locked = false
07-12 01:44:53.683 11409 11409 I GoogleInputMethodService: GoogleInputMethodService.onStartInput():1902 onStartInput(EditorInfo{EditorInfo{packageName=x.intervalapp.displaytest, inputType=0, inputTypeString=NULL, enableLearning=false, autoCorrection=false, autoComplete=false, imeOptions=0, privateImeOptions=null, actionName=UNSPECIFIED, actionLabel=null, initialSelStart=-1, initialSelEnd=-1, initialCapsMode=0, label=null, fieldId=2131034191, fieldName=null, extras=null, hintText=null, hintLocales=[]}}, false)
07-12 01:44:53.688 11409 11409 I GoogleInputMethodService: GoogleInputMethodService.shouldHideHeaderOnInitialState():1985 ShouldHideHeaderOnInitialState = false
07-12 01:44:53.689 11409 11409 I GoogleInputMethodService: GoogleInputMethodService.updateDeviceLockedStatus():2122 repeatCheckTimes = 1, locked = false
07-12 01:44:53.700  1019 16578 I SampleTable: There are reordered frames present.
07-12 01:44:53.713  1019 10900 W         : dropping start parameters:
07-12 01:44:53.713  1019 10900 I MetaDataBase: extf: (int32_t) 2
07-12 01:44:53.713  1021 29268 W BpMediaSource: ignoring potentially modified MetaData from start
07-12 01:44:53.714  1021 29268 W BpMediaSource: input:
07-12 01:44:53.714  1021 29268 I MetaDataBase: extf: (int32_t) 2
07-12 01:44:53.714  1021 29268 W BpMediaSource: output:
07-12 01:44:53.714  1021 29268 I MetaDataBase: extf: (int32_t) 2
07-12 01:44:53.715  1019 10900 D MediaBufferGroup: creating MemoryDealer
07-12 01:44:53.728 11409 11448 I SP      : Syncing content_cache (2023050217) with slices: [bb54f3d41c84c1073a121e9c77bad4fe, 8722425f4121ffdea802b1066df73991, fa1da98da1212aad6fb9a8efaff48148], metadata: true
07-12 01:44:53.744 29223 29223 D MediaPlayerNative: getMetadata
07-12 01:44:53.751  1021 29259 I GenericSource: start
07-12 01:44:53.752  1021 29259 W Utils   : track of type 'audio/mp4a-latm' does not publish channel mask, channel count 2
07-12 01:44:53.766  1021 29259 W Utils   : track of type 'audio/mp4a-latm' does not publish channel mask, channel count 2
07-12 01:44:53.771  1021 29279 I OMXClient: IOmx service obtained
07-12 01:44:53.772   730  9535 D audio_hw_primary: adev_get_parameters:vr_audio_mode_on
07-12 01:44:53.772   730  9535 I audio_hw_primary: getting vr mode to 0
07-12 01:44:53.772   730  9535 D audio_hw_primary: adev_get_parameters: exit: returns - vr_audio_mode_on=false
07-12 01:44:53.780  1026  1308 I OMXMaster: makeComponentInstance(OMX.qcom.video.decoder.avc) in android.hardwar process
07-12 01:44:53.781   793 16770 I hash_map_utils: key: 'vr_audio_mode_on' value: ''
07-12 01:44:53.785   793 16770 I AudioPolicyManagerCustom: VR mode is 0, switch to primary output if request is for fast|raw
07-12 01:44:53.785   793 16770 I AudioFlinger: openOutput() this 0x7638c00600, module 10 Device 0x2, SamplingRate 48000, Format 0x4000002, Channels 0x3, flags 0x31
07-12 01:44:53.797   730  9535 D audio_hw_primary: adev_open_output_stream: enter: format(0x4000002) sample_rate(48000) channel_mask(0x3) devices(0x2) flags(0x31)        stream_handle(0xea514000) address()
07-12 01:44:53.806   730  9535 I audio_hw_utils: audio_extn_utils_update_stream_output_app_type_cfg Allowing 24 and above bits playback on speaker ONLY at default sampling rate
07-12 01:44:53.815   730  9535 D audio_hw_primary: adev_open_output_stream: Stream (0xea514000) picks up usecase (compress-offload-playback)
07-12 01:44:53.821   793 16770 I AudioFlinger: HAL output buffer size 65536 frames, normal sink buffer size 65536 frames
07-12 01:44:53.821   730  9535 D compress_voip: compress_voip_out_get_parameters: enter
07-12 01:44:53.822   730  9535 D audio_hw_utils: audio_extn_utils_compress_get_dsp_latency:: Using Fix DSP delay
07-12 01:44:53.822   730  9535 D audio_hw_utils: audio_extn_utils_compress_get_dsp_latency:: delay in ms is 50
07-12 01:44:53.822   793 29282 I AudioFlinger: AudioFlinger's thread 0x75a2a67000 tid=29282 ready to run
07-12 01:44:53.822   730  9535 D audio_hw_utils: audio_extn_utils_compress_get_dsp_latency:: Using Fix DSP delay
07-12 01:44:53.822   730  9535 D audio_hw_utils: audio_extn_utils_compress_get_dsp_latency:: delay in ms is 50
07-12 01:44:53.834   793 16770 D AF::TrackHandle: OpPlayAudio: track:122 usage:1 not muted
07-12 01:44:53.835   730  9535 D audio_hw_utils: audio_extn_utils_compress_get_dsp_latency:: Using Fix DSP delay
07-12 01:44:53.835   730  9535 D audio_hw_utils: audio_extn_utils_compress_get_dsp_latency:: delay in ms is 50
07-12 01:44:53.836   730  9535 D compress_voip: compress_voip_out_get_parameters: enter
07-12 01:44:53.886   793   987 W AudioFlinger: moveEffectChain_l() effect chain for session 0 not on source thread 0x7638cdbc40
07-12 01:44:53.886   730  4043 E volume_listener: check_and_set_gain_dep_cal: Failed to set gain dep cal level
07-12 01:44:53.888   730  4043 E volume_listener: check_and_set_gain_dep_cal: Failed to set gain dep cal level
07-12 01:44:53.889   730  4043 D audio_hw_primary: out_set_parameters: enter: usecase(3: compress-offload-playback) kvpairs: routing=2
07-12 01:44:53.889   730  4043 D audio_hw_utils: audio_extn_utils_compress_get_dsp_latency:: Using Fix DSP delay
07-12 01:44:53.889   730  4043 D audio_hw_utils: audio_extn_utils_compress_get_dsp_latency:: delay in ms is 50
07-12 01:44:53.897   730  4043 E volume_listener: check_and_set_gain_dep_cal: Failed to set gain dep cal level
07-12 01:44:53.897   730  4043 D audio_hw_primary: out_set_volume: called with left_vol=0.000000, right_vol=0.000000
07-12 01:44:53.898   730  4043 E audio_hw_primary: out_set_compr_volume:ctl for mixer cmd - Compress Playback 8 Volume, left 0.000000, right 0.000000
07-12 01:44:53.898   730  4043 D audio_hw_primary: copl(0xea514000):calling compress flush
07-12 01:44:53.898   730  4043 W audio_hw_primary: out_flush called in invalid state 0
07-12 01:44:53.898   730  4043 D audio_hw_primary: copl(0xea514000):out of compress flush
07-12 01:44:53.900   730  4043 D audio_hw_primary: out_set_parameters: enter: usecase(3: compress-offload-playback) kvpairs: delay_samples=2048;music_offload_sample_rate=48000;padding_samples=64
07-12 01:44:53.900  1021 29259 I NuPlayer: NOTE: Pausing Renderer after decoders instantiated..
07-12 01:44:53.904   730  4043 E volume_listener: check_and_set_gain_dep_cal: Failed to set gain dep cal level
07-12 01:44:53.905   793   987 W AudioFlinger: moveEffectChain_l() effect chain for session 0 not on source thread 0x75a2a67000
07-12 01:44:53.950  1495  3200 I ActivityManager: Process com.google.process.gservices (pid 27436) has died: cch+35 CEM 
07-12 01:44:53.950  1495  1877 I libprocessgroup: Successfully killed process cgroup uid 10152 pid 27436 in 0ms
07-12 01:44:53.951   562   562 I hwservicemanager: getTransport: Cannot find entry vendor.qti.hardware.iop@2.0::IIop/default in either framework or device manifest.
07-12 01:44:53.951   695   695 I Zygote  : Process 27436 exited due to signal 9 (Killed)
07-12 01:44:53.953   562   562 E SELinux : avc:  denied  { find } for interface=vendor.qti.hardware.servicetracker::IServicetracker sid=u:r:system_server:s0 pid=1495 scontext=u:r:system_server:s0 tcontext=u:object_r:default_android_hwservice:s0 tclass=hwservice_manager permissive=0
07-12 01:44:53.974 11409 11448 I SP      : Sync for emoticon_content_description succeeded in 472 ms: no changes
07-12 01:44:53.975 11409 11448 I SP      : GC for 'emoticon_content_description' (10) with ttl of 0 ms took 0 ms (0/0/0)
07-12 01:44:53.976  1495  3200 I ActivityManager: Process com.google.android.apps.turbo:aab (pid 28805) has died: cch+25 CEM 
07-12 01:44:53.977   562   562 I hwservicemanager: getTransport: Cannot find entry vendor.qti.hardware.iop@2.0::IIop/default in either framework or device manifest.
07-12 01:44:53.978   562   562 E SELinux : avc:  denied  { find } for interface=vendor.qti.hardware.servicetracker::IServicetracker sid=u:r:system_server:s0 pid=1495 scontext=u:r:system_server:s0 tcontext=u:object_r:default_android_hwservice:s0 tclass=hwservice_manager permissive=0
07-12 01:44:53.978   695   695 I Zygote  : Process 28805 exited due to signal 9 (Killed)
07-12 01:44:53.984 11409 11409 I AppBase : AppBase.onTrimMemory():445 onTrimMemory(): 15
07-12 01:44:53.985 11409 11409 I GoogleInputMethodService: GoogleInputMethodService.onTrimMemory():4558 onTrimMemory(): 15
07-12 01:44:53.988  1495  1877 I libprocessgroup: Successfully killed process cgroup uid 10151 pid 28805 in 11ms
07-12 01:44:53.997  1495  3200 D CompatibilityInfo: mCompatibilityFlags - 0
07-12 01:44:53.997  1495  3200 D CompatibilityInfo: applicationDensity - 420
07-12 01:44:53.997  1495  3200 D CompatibilityInfo: applicationScale - 1.0
07-12 01:44:53.999   562   562 E SELinux : avc:  denied  { find } for interface=vendor.qti.hardware.servicetracker::IServicetracker sid=u:r:system_server:s0 pid=1495 scontext=u:r:system_server:s0 tcontext=u:object_r:default_android_hwservice:s0 tclass=hwservice_manager permissive=0
07-12 01:44:54.005 29176 29176 I BatteryMgr:DataCollectionService: onStartCommand: begin
07-12 01:44:54.006 29176 29176 I BatteryMgr:DataCollectionService: onStartCommand: sampleRate => 0
07-12 01:44:54.006 29176 29176 I BatteryMgr:DataCollectionService: onStartCommand: rawFields => Timestamp,BATTERY_PROPERTY_CURRENT_NOW,EXTRA_VOLTAGE
07-12 01:44:54.008 29176 29176 I BatteryMgr:DataCollectionService: onStartCommand: notification done
07-12 01:44:54.011 29176 29176 I BatteryMgr:DataCollectionService: started foreground
07-12 01:44:54.011  1495  1875 E NotificationService: Suppressing notification from package by user request.
07-12 01:44:54.011  1495  1875 I ServiceRecord: ServicesRecord broadcast notify intent package = com.example.batterymanager_utility pid = 29176
07-12 01:44:54.018  1026  1308 E         : Service not available yet
07-12 01:44:54.024 29176 29295 I BatteryMgr:DataCollectionService: collectData: begin
07-12 01:44:54.025  1495  3200 I ActivityManager: Process com.google.android.apps.turbo (pid 28415) has died: cch+15 CEM 
07-12 01:44:54.025  1495  1877 I libprocessgroup: Successfully killed process cgroup uid 10151 pid 28415 in 0ms
