--------- beginning of system
07-04 14:06:11.194   765   776 I ActivityManager: START u0 {act=android.intent.action.MAIN cat=[android.intent.category.LAUNCHER] flg=0x10000000 cmp=com.example.batterymanager_utility/.MainActivity} from uid 2000
07-04 14:06:11.236   765  3787 I ActivityManager: Start proc 23705:com.example.batterymanager_utility/u0a111 for activity com.example.batterymanager_utility/.MainActivity
--------- beginning of main
07-04 14:05:04.598  3121  3373 W OpenGLRenderer: Incorrectly called buildLayer on View: ShortcutAndWidgetContainer, destroying layer...
07-04 14:06:11.236 23705 23705 I zygote64: Late-enabling -Xcheck:jni
07-04 14:06:11.269  3121  3381 V ClearcutMetricXmitter: Transmission is done.
07-04 14:06:11.308  3005  3005 I GsaVoiceInteractionSrv: Handling ACTION_STOP_HOTWORD
07-04 14:06:11.374 23705 23705 I BatteryMgr:App: creating notification channel
07-04 14:06:11.447 23705 23723 D OpenGLRenderer: HWUI GL Pipeline
07-04 14:06:11.629 23705 23705 W zygote64: Class androidx.compose.runtime.snapshots.SnapshotStateList failed lock verification and will run slower.
07-04 14:06:11.629 23705 23705 W zygote64: Common causes for lock verification issues are non-optimized dex code
07-04 14:06:11.629 23705 23705 W zygote64: and incorrect proguard optimizations.
07-04 14:06:11.638 23710 23710 D AndroidRuntime: >>>>>> START com.android.internal.os.RuntimeInit uid 2000 <<<<<<
07-04 14:06:11.749 23710 23710 D ICU     : Timezone override file found: /data/misc/zoneinfo/current/icu/icu_tzdata.dat
07-04 14:06:11.751 23705 23712 I zygote64: Do partial code cache collection, code=30KB, data=20KB
07-04 14:06:11.751 23705 23712 I zygote64: After code cache collection, code=30KB, data=20KB
07-04 14:06:11.751 23705 23712 I zygote64: Increasing code cache capacity to 128KB
07-04 14:06:11.768 23710 23710 I app_process: The ClassLoaderContext is a special shared library.
07-04 14:06:11.805 23710 23710 D AndroidRuntime: Calling main entry com.android.commands.monkey.Monkey
07-04 14:06:11.807 23710 23710 W Monkey  : args: [-p, e.www.displaytest, 1]
07-04 14:06:11.808 23710 23710 W Monkey  :  arg: "-p"
07-04 14:06:11.808 23710 23710 W Monkey  :  arg: "e.www.displaytest"
07-04 14:06:11.808 23710 23710 W Monkey  :  arg: "1"
07-04 14:06:11.809 23710 23710 W Monkey  : data="e.www.displaytest"
07-04 14:06:11.834   765   779 W BroadcastQueue: Skipping deliver [background] BroadcastRecord{f699b60 u-1 android.net.conn.CONNECTIVITY_CHANGE} to ReceiverList{98e9819 23710 (unknown name)/2000/u-1 remote:a52d92}: process gone or crashing
07-04 14:06:11.849   765   775 I ActivityManager: START u0 {act=android.intent.action.MAIN cat=[android.intent.category.LAUNCHER] flg=0x10200000 cmp=e.www.displaytest/.MainActivity} from uid 2000
07-04 14:06:11.849   765   775 W Binder  : Outgoing transactions from this process must be FLAG_ONEWAY
07-04 14:06:11.849   765   775 W Binder  : java.lang.Throwable
07-04 14:06:11.849   765   775 W Binder  : 	at android.os.BinderProxy.transact(Binder.java:752)
07-04 14:06:11.849   765   775 W Binder  : 	at android.app.IActivityController$Stub$Proxy.activityStarting(IActivityController.java:172)
07-04 14:06:11.849   765   775 W Binder  : 	at com.android.server.am.ActivityStarter.startActivity(ActivityStarter.java:449)
07-04 14:06:11.849   765   775 W Binder  : 	at com.android.server.am.ActivityStarter.startActivityLocked(ActivityStarter.java:278)
07-04 14:06:11.849   765   775 W Binder  : 	at com.android.server.am.ActivityStarter.startActivityMayWait(ActivityStarter.java:817)
07-04 14:06:11.849   765   775 W Binder  : 	at com.android.server.am.ActivityManagerService.startActivityAsUser(ActivityManagerService.java:4532)
07-04 14:06:11.849   765   775 W Binder  : 	at com.android.server.am.ActivityManagerService.startActivity(ActivityManagerService.java:4519)
07-04 14:06:11.849   765   775 W Binder  : 	at android.app.IActivityManager$Stub.onTransact(IActivityManager.java:121)
07-04 14:06:11.849   765   775 W Binder  : 	at com.android.server.am.ActivityManagerService.onTransact(ActivityManagerService.java:2919)
07-04 14:06:11.849   765   775 W Binder  : 	at android.os.Binder.execTransact(Binder.java:697)
07-04 14:06:11.854 23705 23723 I Adreno  : QUALCOMM build                   : 8e59954, I0be83d0d26
07-04 14:06:11.854 23705 23723 I Adreno  : Build Date                       : 09/22/17
07-04 14:06:11.854 23705 23723 I Adreno  : OpenGL ES Shader Compiler Version: EV031.21.02.00
07-04 14:06:11.854 23705 23723 I Adreno  : Local Branch                     : O17A
07-04 14:06:11.854 23705 23723 I Adreno  : Remote Branch                    : 
07-04 14:06:11.854 23705 23723 I Adreno  : Remote Branch                    : 
07-04 14:06:11.854 23705 23723 I Adreno  : Reconstruct Branch               : 
07-04 14:06:11.856 23705 23723 D vndksupport: Loading /vendor/lib64/hw/gralloc.msm8992.so from current namespace instead of sphal namespace.
07-04 14:06:11.862 23710 23710 I Monkey  : Events injected: 1
07-04 14:06:11.866 23705 23723 I Adreno  : PFP: 0x00000000, ME: 0x00000000
07-04 14:06:11.873   362   362 W /system/bin/hwservicemanager: getTransport: Cannot find entry android.hardware.configstore@1.0::ISurfaceFlingerConfigs/default in either framework or device manifest.
07-04 14:06:11.875 23705 23723 I zygote64: android::hardware::configstore::V1_0::ISurfaceFlingerConfigs::hasWideColorDisplay retrieved: 0
07-04 14:06:11.876 23705 23723 I OpenGLRenderer: Initialized EGL, version 1.4
07-04 14:06:11.876 23705 23723 D OpenGLRenderer: Swap behavior 2
07-04 14:06:11.879 23705 23705 D Compose Focus: Owner FocusChanged(true)
07-04 14:06:11.879 23710 23710 I Monkey  : ## Network stats: elapsed time=28ms (0ms mobile, 0ms wifi, 28ms not connected)
07-04 14:06:11.881 23710 23710 I com.android.commands.monkey: System.exit called, status: 0
07-04 14:06:11.881 23710 23710 I AndroidRuntime: VM exiting with result code 0.
07-04 14:06:11.935   362   362 W /system/bin/hwservicemanager: getTransport: Cannot find entry android.hardware.graphics.mapper@2.0::IMapper/default in either framework or device manifest.
07-04 14:06:11.936 23705 23723 D vndksupport: Loading /vendor/lib64/hw/android.hardware.graphics.mapper@2.0-impl.so from current namespace instead of sphal namespace.
07-04 14:06:11.937 23705 23723 D vndksupport: Loading /vendor/lib64/hw/gralloc.msm8992.so from current namespace instead of sphal namespace.
07-04 14:06:11.972  1237  1237 I GoogleInputMethodService: GoogleInputMethodService.onFinishInput():3306 
07-04 14:06:11.974  1237  1237 I GoogleInputMethodService: GoogleInputMethodService.updateDeviceLockedStatus():2127 repeatCheckTimes = 0, locked = false
07-04 14:06:11.974  1237  1237 I GoogleInputMethodService: GoogleInputMethodService.onStartInput():1909 onStartInput(EditorInfo{inputType=0x0(NULL) imeOptions=0x0 privateImeOptions=null actionName=UNSPECIFIED actionLabel=null actionId=0 initialSelStart=-1 initialSelEnd=-1 initialCapsMode=0x0 hintText=null label=null packageName=com.example.batterymanager_utility fieldId=-1 fieldName=null extras=null hintLocales=[]}, false)
07-04 14:06:11.974  1237  1237 I GoogleInputMethodService: GoogleInputMethodService.shouldHideHeaderOnInitialState():1990 ShouldHideHeaderOnInitialState = false
07-04 14:06:11.975  1237  1237 I GoogleInputMethodService: GoogleInputMethodService.updateDeviceLockedStatus():2127 repeatCheckTimes = 1, locked = false
07-04 14:06:11.991 23736 23736 I zygote64: Late-enabling -Xcheck:jni
07-04 14:06:11.994   765  3158 I ActivityManager: Start proc 23736:e.www.displaytest/u0a177 for activity e.www.displaytest/.MainActivity
07-04 14:06:12.222 23736 23736 I zygote64: Rejecting re-init on previously-failed class java.lang.Class<androidx.core.view.ViewCompat$2>: java.lang.NoClassDefFoundError: Failed resolution of: Landroid/view/View$OnUnhandledKeyEventListener;
07-04 14:06:12.222 23736 23736 I zygote64:   at void androidx.core.view.ViewCompat.setOnApplyWindowInsetsListener(android.view.View, androidx.core.view.OnApplyWindowInsetsListener) (ViewCompat.java:2436)
07-04 14:06:12.222 23736 23736 I zygote64:   at android.view.ViewGroup androidx.appcompat.app.AppCompatDelegateImpl.createSubDecor() (AppCompatDelegateImpl.java:779)
07-04 14:06:12.222 23736 23736 I zygote64:   at void androidx.appcompat.app.AppCompatDelegateImpl.ensureSubDecor() (AppCompatDelegateImpl.java:659)
07-04 14:06:12.222 23736 23736 I zygote64:   at void androidx.appcompat.app.AppCompatDelegateImpl.setContentView(int) (AppCompatDelegateImpl.java:552)
07-04 14:06:12.222 23736 23736 I zygote64:   at void androidx.appcompat.app.AppCompatActivity.setContentView(int) (AppCompatActivity.java:161)
07-04 14:06:12.222 23736 23736 I zygote64:   at void e.www.displaytest.MainActivity.onCreate(android.os.Bundle) (MainActivity.kt:15)
07-04 14:06:12.222 23736 23736 I zygote64:   at void android.app.Activity.performCreate(android.os.Bundle, android.os.PersistableBundle) (Activity.java:7009)
07-04 14:06:12.222 23736 23736 I zygote64:   at void android.app.Activity.performCreate(android.os.Bundle) (Activity.java:7000)
07-04 14:06:12.222 23736 23736 I zygote64:   at void android.app.Instrumentation.callActivityOnCreate(android.app.Activity, android.os.Bundle) (Instrumentation.java:1214)
07-04 14:06:12.222 23736 23736 I zygote64:   at android.app.Activity android.app.ActivityThread.performLaunchActivity(android.app.ActivityThread$ActivityClientRecord, android.content.Intent) (ActivityThread.java:2731)
07-04 14:06:12.222 23736 23736 I zygote64:   at void android.app.ActivityThread.handleLaunchActivity(android.app.ActivityThread$ActivityClientRecord, android.content.Intent, java.lang.String) (ActivityThread.java:2856)
07-04 14:06:12.222 23736 23736 I zygote64:   at void android.app.ActivityThread.-wrap11(android.app.ActivityThread, android.app.ActivityThread$ActivityClientRecord, android.content.Intent, java.lang.String) (ActivityThread.java:-1)
07-04 14:06:12.222 23736 23736 I zygote64:   at void android.app.ActivityThread$H.handleMessage(android.os.Message) (ActivityThread.java:1589)
07-04 14:06:12.222 23736 23736 I zygote64:   at void android.os.Handler.dispatchMessage(android.os.Message) (Handler.java:106)
07-04 14:06:12.222 23736 23736 I zygote64:   at void android.os.Looper.loop() (Looper.java:164)
07-04 14:06:12.222 23736 23736 I zygote64:   at void android.app.ActivityThread.main(java.lang.String[]) (ActivityThread.java:6494)
07-04 14:06:12.222 23736 23736 I zygote64:   at java.lang.Object java.lang.reflect.Method.invoke(java.lang.Object, java.lang.Object[]) (Method.java:-2)
07-04 14:06:12.222 23736 23736 I zygote64:   at void com.android.internal.os.RuntimeInit$MethodAndArgsCaller.run() (RuntimeInit.java:438)
07-04 14:06:12.222 23736 23736 I zygote64:   at void com.android.internal.os.ZygoteInit.main(java.lang.String[]) (ZygoteInit.java:807)
07-04 14:06:12.222 23736 23736 I zygote64: Caused by: java.lang.ClassNotFoundException: Didn't find class "android.view.View$OnUnhandledKeyEventListener" on path: DexPathList[[zip file "/data/app/e.www.displaytest-JshcwHJwe7TqyWf54GIUBw==/base.apk"],nativeLibraryDirectories=[/data/app/e.www.displaytest-JshcwHJwe7TqyWf54GIUBw==/lib/arm64, /system/lib64, /vendor/lib64]]
07-04 14:06:12.222 23736 23736 I zygote64:   at java.lang.Class dalvik.system.BaseDexClassLoader.findClass(java.lang.String) (BaseDexClassLoader.java:125)
07-04 14:06:12.223 23736 23736 I zygote64:   at java.lang.Class java.lang.ClassLoader.loadClass(java.lang.String, boolean) (ClassLoader.java:379)
07-04 14:06:12.223 23736 23736 I zygote64:   at java.lang.Class java.lang.ClassLoader.loadClass(java.lang.String) (ClassLoader.java:312)
07-04 14:06:12.223 23736 23736 I zygote64:   at void androidx.core.view.ViewCompat.setOnApplyWindowInsetsListener(android.view.View, androidx.core.view.OnApplyWindowInsetsListener) (ViewCompat.java:2436)
07-04 14:06:12.223 23736 23736 I zygote64:   at android.view.ViewGroup androidx.appcompat.app.AppCompatDelegateImpl.createSubDecor() (AppCompatDelegateImpl.java:779)
07-04 14:06:12.223 23736 23736 I zygote64:   at void androidx.appcompat.app.AppCompatDelegateImpl.ensureSubDecor() (AppCompatDelegateImpl.java:659)
07-04 14:06:12.223 23736 23736 I zygote64:   at void androidx.appcompat.app.AppCompatDelegateImpl.setContentView(int) (AppCompatDelegateImpl.java:552)
07-04 14:06:12.223 23736 23736 I zygote64:   at void androidx.appcompat.app.AppCompatActivity.setContentView(int) (AppCompatActivity.java:161)
07-04 14:06:12.223 23736 23736 I zygote64:   at void e.www.displaytest.MainActivity.onCreate(android.os.Bundle) (MainActivity.kt:15)
07-04 14:06:12.223 23736 23736 I zygote64:   at void android.app.Activity.performCreate(android.os.Bundle, android.os.PersistableBundle) (Activity.java:7009)
07-04 14:06:12.223 23736 23736 I zygote64:   at void android.app.Activity.performCreate(android.os.Bundle) (Activity.java:7000)
07-04 14:06:12.223 23736 23736 I zygote64:   at void android.app.Instrumentation.callActivityOnCreate(android.app.Activity, android.os.Bundle) (Instrumentation.java:1214)
07-04 14:06:12.223 23736 23736 I zygote64:   at android.app.Activity android.app.ActivityThread.performLaunchActivity(android.app.ActivityThread$ActivityClientRecord, android.content.Intent) (ActivityThread.java:2731)
07-04 14:06:12.223 23736 23736 I zygote64:   at void android.app.ActivityThread.handleLaunchActivity(android.app.ActivityThread$ActivityClientRecord, android.content.Intent, java.lang.String) (ActivityThread.java:2856)
07-04 14:06:12.223 23736 23736 I zygote64:   at void android.app.ActivityThread.-wrap11(android.app.ActivityThread, android.app.ActivityThread$ActivityClientRecord, android.content.Intent, java.lang.String) (ActivityThread.java:-1)
07-04 14:06:12.223 23736 23736 I zygote64:   at void android.app.ActivityThread$H.handleMessage(android.os.Message) (ActivityThread.java:1589)
07-04 14:06:12.223 23736 23736 I zygote64:   at void android.os.Handler.dispatchMessage(android.os.Message) (Handler.java:106)
07-04 14:06:12.223 23736 23736 I zygote64:   at void android.os.Looper.loop() (Looper.java:164)
07-04 14:06:12.223 23736 23736 I zygote64:   at void android.app.ActivityThread.main(java.lang.String[]) (ActivityThread.java:6494)
07-04 14:06:12.223 23736 23736 I zygote64:   at java.lang.Object java.lang.reflect.Method.invoke(java.lang.Object, java.lang.Object[]) (Method.java:-2)
07-04 14:06:12.223 23736 23736 I zygote64:   at void com.android.internal.os.RuntimeInit$MethodAndArgsCaller.run() (RuntimeInit.java:438)
07-04 14:06:12.223 23736 23736 I zygote64:   at void com.android.internal.os.ZygoteInit.main(java.lang.String[]) (ZygoteInit.java:807)
07-04 14:06:12.223 23736 23736 I zygote64: 
07-04 14:06:12.223 23736 23736 I zygote64: Rejecting re-init on previously-failed class java.lang.Class<androidx.core.view.ViewCompat$2>: java.lang.NoClassDefFoundError: Failed resolution of: Landroid/view/View$OnUnhandledKeyEventListener;
07-04 14:06:12.223 23736 23736 I zygote64:   at void androidx.core.view.ViewCompat.setOnApplyWindowInsetsListener(android.view.View, androidx.core.view.OnApplyWindowInsetsListener) (ViewCompat.java:2436)
07-04 14:06:12.223 23736 23736 I zygote64:   at android.view.ViewGroup androidx.appcompat.app.AppCompatDelegateImpl.createSubDecor() (AppCompatDelegateImpl.java:779)
07-04 14:06:12.223 23736 23736 I zygote64:   at void androidx.appcompat.app.AppCompatDelegateImpl.ensureSubDecor() (AppCompatDelegateImpl.java:659)
07-04 14:06:12.223 23736 23736 I zygote64:   at void androidx.appcompat.app.AppCompatDelegateImpl.setContentView(int) (AppCompatDelegateImpl.java:552)
07-04 14:06:12.223 23736 23736 I zygote64:   at void androidx.appcompat.app.AppCompatActivity.setContentView(int) (AppCompatActivity.java:161)
07-04 14:06:12.223 23736 23736 I zygote64:   at void e.www.displaytest.MainActivity.onCreate(android.os.Bundle) (MainActivity.kt:15)
07-04 14:06:12.223 23736 23736 I zygote64:   at void android.app.Activity.performCreate(android.os.Bundle, android.os.PersistableBundle) (Activity.java:7009)
07-04 14:06:12.223 23736 23736 I zygote64:   at void android.app.Activity.performCreate(android.os.Bundle) (Activity.java:7000)
07-04 14:06:12.223 23736 23736 I zygote64:   at void android.app.Instrumentation.callActivityOnCreate(android.app.Activity, android.os.Bundle) (Instrumentation.java:1214)
07-04 14:06:12.223 23736 23736 I zygote64:   at android.app.Activity android.app.ActivityThread.performLaunchActivity(android.app.ActivityThread$ActivityClientRecord, android.content.Intent) (ActivityThread.java:2731)
07-04 14:06:12.223 23736 23736 I zygote64:   at void android.app.ActivityThread.handleLaunchActivity(android.app.ActivityThread$ActivityClientRecord, android.content.Intent, java.lang.String) (ActivityThread.java:2856)
07-04 14:06:12.223 23736 23736 I zygote64:   at void android.app.ActivityThread.-wrap11(android.app.ActivityThread, android.app.ActivityThread$ActivityClientRecord, android.content.Intent, java.lang.String) (ActivityThread.java:-1)
07-04 14:06:12.223 23736 23736 I zygote64:   at void android.app.ActivityThread$H.handleMessage(android.os.Message) (ActivityThread.java:1589)
07-04 14:06:12.223 23736 23736 I zygote64:   at void android.os.Handler.dispatchMessage(android.os.Message) (Handler.java:106)
07-04 14:06:12.223 23736 23736 I zygote64:   at void android.os.Looper.loop() (Looper.java:164)
07-04 14:06:12.223 23736 23736 I zygote64:   at void android.app.ActivityThread.main(java.lang.String[]) (ActivityThread.java:6494)
07-04 14:06:12.223 23736 23736 I zygote64:   at java.lang.Object java.lang.reflect.Method.invoke(java.lang.Object, java.lang.Object[]) (Method.java:-2)
07-04 14:06:12.223 23736 23736 I zygote64:   at void com.android.internal.os.RuntimeInit$MethodAndArgsCaller.run() (RuntimeInit.java:438)
07-04 14:06:12.223 23736 23736 I zygote64:   at void com.android.internal.os.ZygoteInit.main(java.lang.String[]) (ZygoteInit.java:807)
07-04 14:06:12.223 23736 23736 I zygote64: Caused by: java.lang.ClassNotFoundException: Didn't find class "android.view.View$OnUnhandledKeyEventListener" on path: DexPathList[[zip file "/data/app/e.www.displaytest-JshcwHJwe7TqyWf54GIUBw==/base.apk"],nativeLibraryDirectories=[/data/app/e.www.displaytest-JshcwHJwe7TqyWf54GIUBw==/lib/arm64, /system/lib64, /vendor/lib64]]
07-04 14:06:12.223 23736 23736 I zygote64:   at java.lang.Class dalvik.system.BaseDexClassLoader.findClass(java.lang.String) (BaseDexClassLoader.java:125)
07-04 14:06:12.223 23736 23736 I zygote64:   at java.lang.Class java.lang.ClassLoader.loadClass(java.lang.String, boolean) (ClassLoader.java:379)
07-04 14:06:12.223 23736 23736 I zygote64:   at java.lang.Class java.lang.ClassLoader.loadClass(java.lang.String) (ClassLoader.java:312)
07-04 14:06:12.223 23736 23736 I zygote64:   at void androidx.core.view.ViewCompat.setOnApplyWindowInsetsListener(android.view.View, androidx.core.view.OnApplyWindowInsetsListener) (ViewCompat.java:2436)
07-04 14:06:12.223 23736 23736 I zygote64:   at android.view.ViewGroup androidx.appcompat.app.AppCompatDelegateImpl.createSubDecor() (AppCompatDelegateImpl.java:779)
07-04 14:06:12.223 23736 23736 I zygote64:   at void androidx.appcompat.app.AppCompatDelegateImpl.ensureSubDecor() (AppCompatDelegateImpl.java:659)
07-04 14:06:12.223 23736 23736 I zygote64:   at void androidx.appcompat.app.AppCompatDelegateImpl.setContentView(int) (AppCompatDelegateImpl.java:552)
07-04 14:06:12.223 23736 23736 I zygote64:   at void androidx.appcompat.app.AppCompatActivity.setContentView(int) (AppCompatActivity.java:161)
07-04 14:06:12.223 23736 23736 I zygote64:   at void e.www.displaytest.MainActivity.onCreate(android.os.Bundle) (MainActivity.kt:15)
07-04 14:06:12.223 23736 23736 I zygote64:   at void android.app.Activity.performCreate(android.os.Bundle, android.os.PersistableBundle) (Activity.java:7009)
07-04 14:06:12.223 23736 23736 I zygote64:   at void android.app.Activity.performCreate(android.os.Bundle) (Activity.java:7000)
07-04 14:06:12.223 23736 23736 I zygote64:   at void android.app.Instrumentation.callActivityOnCreate(android.app.Activity, android.os.Bundle) (Instrumentation.java:1214)
07-04 14:06:12.223 23736 23736 I zygote64:   at android.app.Activity android.app.ActivityThread.performLaunchActivity(android.app.ActivityThread$ActivityClientRecord, android.content.Intent) (ActivityThread.java:2731)
07-04 14:06:12.223 23736 23736 I zygote64:   at void android.app.ActivityThread.handleLaunchActivity(android.app.ActivityThread$ActivityClientRecord, android.content.Intent, java.lang.String) (ActivityThread.java:2856)
07-04 14:06:12.223 23736 23736 I zygote64:   at void android.app.ActivityThread.-wrap11(android.app.ActivityThread, android.app.ActivityThread$ActivityClientRecord, android.content.Intent, java.lang.String) (ActivityThread.java:-1)
07-04 14:06:12.223 23736 23736 I zygote64:   at void android.app.ActivityThread$H.handleMessage(android.os.Message) (ActivityThread.java:1589)
07-04 14:06:12.223 23736 23736 I zygote64:   at void android.os.Handler.dispatchMessage(android.os.Message) (Handler.java:106)
07-04 14:06:12.223 23736 23736 I zygote64:   at void android.os.Looper.loop() (Looper.java:164)
07-04 14:06:12.223 23736 23736 I zygote64:   at void android.app.ActivityThread.main(java.lang.String[]) (ActivityThread.java:6494)
07-04 14:06:12.223 23736 23736 I zygote64:   at java.lang.Object java.lang.reflect.Method.invoke(java.lang.Object, java.lang.Object[]) (Method.java:-2)
07-04 14:06:12.223 23736 23736 I zygote64:   at void com.android.internal.os.RuntimeInit$MethodAndArgsCaller.run() (RuntimeInit.java:438)
07-04 14:06:12.223 23736 23736 I zygote64:   at void com.android.internal.os.ZygoteInit.main(java.lang.String[]) (ZygoteInit.java:807)
07-04 14:06:12.223 23736 23736 I zygote64: 
07-04 14:06:12.224 23736 23736 I zygote64: Rejecting re-init on previously-failed class java.lang.Class<androidx.core.view.ViewCompat$2>: java.lang.NoClassDefFoundError: Failed resolution of: Landroid/view/View$OnUnhandledKeyEventListener;
07-04 14:06:12.224 23736 23736 I zygote64:   at void androidx.core.view.ViewCompat.setOnApplyWindowInsetsListener(android.view.View, androidx.core.view.OnApplyWindowInsetsListener) (ViewCompat.java:2436)
07-04 14:06:12.224 23736 23736 I zygote64:   at android.view.ViewGroup androidx.appcompat.app.AppCompatDelegateImpl.createSubDecor() (AppCompatDelegateImpl.java:779)
07-04 14:06:12.224 23736 23736 I zygote64:   at void androidx.appcompat.app.AppCompatDelegateImpl.ensureSubDecor() (AppCompatDelegateImpl.java:659)
07-04 14:06:12.224 23736 23736 I zygote64:   at void androidx.appcompat.app.AppCompatDelegateImpl.setContentView(int) (AppCompatDelegateImpl.java:552)
07-04 14:06:12.224 23736 23736 I zygote64:   at void androidx.appcompat.app.AppCompatActivity.setContentView(int) (AppCompatActivity.java:161)
07-04 14:06:12.224 23736 23736 I zygote64:   at void e.www.displaytest.MainActivity.onCreate(android.os.Bundle) (MainActivity.kt:15)
07-04 14:06:12.224 23736 23736 I zygote64:   at void android.app.Activity.performCreate(android.os.Bundle, android.os.PersistableBundle) (Activity.java:7009)
07-04 14:06:12.224 23736 23736 I zygote64:   at void android.app.Activity.performCreate(android.os.Bundle) (Activity.java:7000)
07-04 14:06:12.224 23736 23736 I zygote64:   at void android.app.Instrumentation.callActivityOnCreate(android.app.Activity, android.os.Bundle) (Instrumentation.java:1214)
07-04 14:06:12.224 23736 23736 I zygote64:   at android.app.Activity android.app.ActivityThread.performLaunchActivity(android.app.ActivityThread$ActivityClientRecord, android.content.Intent) (ActivityThread.java:2731)
07-04 14:06:12.224 23736 23736 I zygote64:   at void android.app.ActivityThread.handleLaunchActivity(android.app.ActivityThread$ActivityClientRecord, android.content.Intent, java.lang.String) (ActivityThread.java:2856)
07-04 14:06:12.224 23736 23736 I zygote64:   at void android.app.ActivityThread.-wrap11(android.app.ActivityThread, android.app.ActivityThread$ActivityClientRecord, android.content.Intent, java.lang.String) (ActivityThread.java:-1)
07-04 14:06:12.224 23736 23736 I zygote64:   at void android.app.ActivityThread$H.handleMessage(android.os.Message) (ActivityThread.java:1589)
07-04 14:06:12.224 23736 23736 I zygote64:   at void android.os.Handler.dispatchMessage(android.os.Message) (Handler.java:106)
07-04 14:06:12.224 23736 23736 I zygote64:   at void android.os.Looper.loop() (Looper.java:164)
07-04 14:06:12.224 23736 23736 I zygote64:   at void android.app.ActivityThread.main(java.lang.String[]) (ActivityThread.java:6494)
07-04 14:06:12.224 23736 23736 I zygote64:   at java.lang.Object java.lang.reflect.Method.invoke(java.lang.Object, java.lang.Object[]) (Method.java:-2)
07-04 14:06:12.224 23736 23736 I zygote64:   at void com.android.internal.os.RuntimeInit$MethodAndArgsCaller.run() (RuntimeInit.java:438)
07-04 14:06:12.224 23736 23736 I zygote64:   at void com.android.internal.os.ZygoteInit.main(java.lang.String[]) (ZygoteInit.java:807)
07-04 14:06:12.224 23736 23736 I zygote64: Caused by: java.lang.ClassNotFoundException: Didn't find class "android.view.View$OnUnhandledKeyEventListener" on path: DexPathList[[zip file "/data/app/e.www.displaytest-JshcwHJwe7TqyWf54GIUBw==/base.apk"],nativeLibraryDirectories=[/data/app/e.www.displaytest-JshcwHJwe7TqyWf54GIUBw==/lib/arm64, /system/lib64, /vendor/lib64]]
07-04 14:06:12.224 23736 23736 I zygote64:   at java.lang.Class dalvik.system.BaseDexClassLoader.findClass(java.lang.String) (BaseDexClassLoader.java:125)
07-04 14:06:12.224 23736 23736 I zygote64:   at java.lang.Class java.lang.ClassLoader.loadClass(java.lang.String, boolean) (ClassLoader.java:379)
07-04 14:06:12.224 23736 23736 I zygote64:   at java.lang.Class java.lang.ClassLoader.loadClass(java.lang.String) (ClassLoader.java:312)
07-04 14:06:12.224 23736 23736 I zygote64:   at void androidx.core.view.ViewCompat.setOnApplyWindowInsetsListener(android.view.View, androidx.core.view.OnApplyWindowInsetsListener) (ViewCompat.java:2436)
07-04 14:06:12.224 23736 23736 I zygote64:   at android.view.ViewGroup androidx.appcompat.app.AppCompatDelegateImpl.createSubDecor() (AppCompatDelegateImpl.java:779)
07-04 14:06:12.224 23736 23736 I zygote64:   at void androidx.appcompat.app.AppCompatDelegateImpl.ensureSubDecor() (AppCompatDelegateImpl.java:659)
07-04 14:06:12.224 23736 23736 I zygote64:   at void androidx.appcompat.app.AppCompatDelegateImpl.setContentView(int) (AppCompatDelegateImpl.java:552)
07-04 14:06:12.224 23736 23736 I zygote64:   at void androidx.appcompat.app.AppCompatActivity.setContentView(int) (AppCompatActivity.java:161)
07-04 14:06:12.224 23736 23736 I zygote64:   at void e.www.displaytest.MainActivity.onCreate(android.os.Bundle) (MainActivity.kt:15)
07-04 14:06:12.224 23736 23736 I zygote64:   at void android.app.Activity.performCreate(android.os.Bundle, android.os.PersistableBundle) (Activity.java:7009)
07-04 14:06:12.224 23736 23736 I zygote64:   at void android.app.Activity.performCreate(android.os.Bundle) (Activity.java:7000)
07-04 14:06:12.224 23736 23736 I zygote64:   at void android.app.Instrumentation.callActivityOnCreate(android.app.Activity, android.os.Bundle) (Instrumentation.java:1214)
07-04 14:06:12.224 23736 23736 I zygote64:   at android.app.Activity android.app.ActivityThread.performLaunchActivity(android.app.ActivityThread$ActivityClientRecord, android.content.Intent) (ActivityThread.java:2731)
07-04 14:06:12.224 23736 23736 I zygote64:   at void android.app.ActivityThread.handleLaunchActivity(android.app.ActivityThread$ActivityClientRecord, android.content.Intent, java.lang.String) (ActivityThread.java:2856)
07-04 14:06:12.224 23736 23736 I zygote64:   at void android.app.ActivityThread.-wrap11(android.app.ActivityThread, android.app.ActivityThread$ActivityClientRecord, android.content.Intent, java.lang.String) (ActivityThread.java:-1)
07-04 14:06:12.224 23736 23736 I zygote64:   at void android.app.ActivityThread$H.handleMessage(android.os.Message) (ActivityThread.java:1589)
07-04 14:06:12.224 23736 23736 I zygote64:   at void android.os.Handler.dispatchMessage(android.os.Message) (Handler.java:106)
07-04 14:06:12.224 23736 23736 I zygote64:   at void android.os.Looper.loop() (Looper.java:164)
07-04 14:06:12.224 23736 23736 I zygote64:   at void android.app.ActivityThread.main(java.lang.String[]) (ActivityThread.java:6494)
07-04 14:06:12.224 23736 23736 I zygote64:   at java.lang.Object java.lang.reflect.Method.invoke(java.lang.Object, java.lang.Object[]) (Method.java:-2)
07-04 14:06:12.224 23736 23736 I zygote64:   at void com.android.internal.os.RuntimeInit$MethodAndArgsCaller.run() (RuntimeInit.java:438)
07-04 14:06:12.224 23736 23736 I zygote64:   at void com.android.internal.os.ZygoteInit.main(java.lang.String[]) (ZygoteInit.java:807)
07-04 14:06:12.224 23736 23736 I zygote64: 
07-04 14:06:12.376 23736 23752 D OpenGLRenderer: HWUI GL Pipeline
07-04 14:06:12.419 23736 23752 I Adreno  : QUALCOMM build                   : 8e59954, I0be83d0d26
07-04 14:06:12.419 23736 23752 I Adreno  : Build Date                       : 09/22/17
07-04 14:06:12.419 23736 23752 I Adreno  : OpenGL ES Shader Compiler Version: EV031.21.02.00
07-04 14:06:12.419 23736 23752 I Adreno  : Local Branch                     : O17A
07-04 14:06:12.419 23736 23752 I Adreno  : Remote Branch                    : 
07-04 14:06:12.419 23736 23752 I Adreno  : Remote Branch                    : 
07-04 14:06:12.419 23736 23752 I Adreno  : Reconstruct Branch               : 
07-04 14:06:12.419 23736 23752 D vndksupport: Loading /vendor/lib64/hw/gralloc.msm8992.so from current namespace instead of sphal namespace.
07-04 14:06:12.436 23736 23752 I Adreno  : PFP: 0x00000000, ME: 0x00000000
07-04 14:06:12.448   362   362 W /system/bin/hwservicemanager: getTransport: Cannot find entry android.hardware.configstore@1.0::ISurfaceFlingerConfigs/default in either framework or device manifest.
07-04 14:06:12.449   765  3158 I MediaFocusControl: requestAudioFocus() from uid/pid 10177/23736 clientId=android.media.AudioManager@72b9367 callingPack=e.www.displaytest req=1 flags=0x0 sdk=28
07-04 14:06:12.450 23736 23752 I zygote64: android::hardware::configstore::V1_0::ISurfaceFlingerConfigs::hasWideColorDisplay retrieved: 0
07-04 14:06:12.462 23736 23752 I OpenGLRenderer: Initialized EGL, version 1.4
07-04 14:06:12.463 23736 23752 D OpenGLRenderer: Swap behavior 2
07-04 14:06:12.473   571  1305 D NuPlayerDriver: NuPlayerDriver(0xee713180) created, clientPid(23736)
07-04 14:06:12.477   571   571 D SurfaceUtils: connecting to surface 0xee777008, reason setVideoSurfaceTexture
07-04 14:06:12.478   571 23753 D NuPlayer: onSetVideoSurface(0xee777800, no video decoder)
07-04 14:06:12.486   571 23754 D GenericSource: FileSource remote
07-04 14:06:12.500   569   569 I SampleTable: There are reordered frames present.
07-04 14:06:12.507   571 23753 D NuPlayerDriver: notifyListener_l(0xee713180), (5, 1280, 720, -1), loop setting(0, 0)
07-04 14:06:12.507   569   569 D MediaBufferGroup: creating MemoryDealer
07-04 14:06:12.508   571 23753 D NuPlayerDriver: notifyListener_l(0xee713180), (1, 0, 0, -1), loop setting(0, 0)
07-04 14:06:12.527   362   362 W /system/bin/hwservicemanager: getTransport: Cannot find entry android.hardware.graphics.mapper@2.0::IMapper/default in either framework or device manifest.
07-04 14:06:12.529 23736 23752 D vndksupport: Loading /vendor/lib64/hw/android.hardware.graphics.mapper@2.0-impl.so from current namespace instead of sphal namespace.
07-04 14:06:12.530 23736 23752 D vndksupport: Loading /vendor/lib64/hw/gralloc.msm8992.so from current namespace instead of sphal namespace.
07-04 14:06:12.557   765   788 I ActivityManager: Displayed e.www.displaytest/.MainActivity: +575ms (total +1s332ms)
07-04 14:06:12.567  1237  1237 I GoogleInputMethodService: GoogleInputMethodService.onFinishInput():3306 
07-04 14:06:12.568  1237  1237 I GoogleInputMethodService: GoogleInputMethodService.updateDeviceLockedStatus():2127 repeatCheckTimes = 0, locked = false
07-04 14:06:12.568  1237  1237 I GoogleInputMethodService: GoogleInputMethodService.onStartInput():1909 onStartInput(EditorInfo{inputType=0x0(NULL) imeOptions=0x0 privateImeOptions=null actionName=UNSPECIFIED actionLabel=null actionId=0 initialSelStart=-1 initialSelEnd=-1 initialCapsMode=0x0 hintText=null label=null packageName=e.www.displaytest fieldId=2131165363 fieldName=null extras=null hintLocales=[]}, false)
07-04 14:06:12.569  1237  1237 I GoogleInputMethodService: GoogleInputMethodService.shouldHideHeaderOnInitialState():1990 ShouldHideHeaderOnInitialState = false
07-04 14:06:12.569  1237  1237 I GoogleInputMethodService: GoogleInputMethodService.updateDeviceLockedStatus():2127 repeatCheckTimes = 1, locked = false
07-04 14:06:12.577 23736 23736 D MediaPlayerNative: getMetadata
07-04 14:06:12.578   765  1527 V MediaRouterService: restoreBluetoothA2dp(false)
07-04 14:06:12.578   571   571 D NuPlayerDriver: start(0xee713180), state is 4, eos is 0
07-04 14:06:12.578   571 23753 I GenericSource: start
07-04 14:06:12.593   575  1293 I OMXMaster: makeComponentInstance(OMX.qcom.video.decoder.avc) in android.hardwar process
07-04 14:06:12.719   575  1293 I OMX-VDEC-1080P: component_init: OMX.qcom.video.decoder.avc : fd=7
07-04 14:06:12.720   575  1293 I OMX-VDEC-1080P: Capabilities: driver_name = msm_vidc_driver, card = msm_vdec_8974, bus_info = , version = 1, capabilities = 4003000
07-04 14:06:12.726   575  1293 I OMX-VDEC-1080P: Enabling default extradata for OMX.qcom.video.decoder.avc
07-04 14:06:12.731   575  1293 I OMX-VDEC-1080P: omx_vdec::component_init() success : fd=7
07-04 14:06:12.732   575 22410 I OMXMaster: makeComponentInstance(OMX.google.aac.decoder) in android.hardwar process
07-04 14:06:12.734   571 23758 D SurfaceUtils: disconnecting from surface 0xee777808, reason onConfigure
07-04 14:06:12.734   571 23759 D SurfaceUtils: connecting to surface 0xee777808, reason connectToSurface
07-04 14:06:12.735   571 23759 I MediaCodec: [OMX.qcom.video.decoder.avc] setting surface generation to 584707
07-04 14:06:12.735   571 23759 D SurfaceUtils: disconnecting from surface 0xee777808, reason connectToSurface(reconnect)
07-04 14:06:12.735   571 23759 D SurfaceUtils: connecting to surface 0xee777808, reason connectToSurface(reconnect)
07-04 14:06:12.736   575 22512 E OMX-VDEC-1080P: Enable/Disable allocate-native-handle allowed only on input port!
07-04 14:06:12.736   575 22512 E OMX-VDEC-1080P: set_parameter: Error: 0x80001019, setting param 0x7f000045
07-04 14:06:12.736   575 22512 E OMXNodeInstance: setParameter(0xeea1fc04:qcom.decoder.avc, OMX.google.android.index.allocateNativeHandle(0x7f000045): Output:1 en=0) ERROR: UnsupportedSetting(0x80001019)
07-04 14:06:12.736   575 22512 E OMX-VDEC-1080P: Extension: OMX.google.android.index.storeANWBufferInMetadata not implemented
07-04 14:06:12.743   575  1286 E OMXNodeInstance: setConfig(0xeea0c0c0:google.aac.decoder, ConfigPriority(0x6f800002)) ERROR: Undefined(0x80001001)
07-04 14:06:12.744   571 23762 I ACodec  : codec does not support config priority (err -2147483648)
07-04 14:06:12.744   575  1286 E OMXNodeInstance: getConfig(0xeea0c0c0:google.aac.decoder, ConfigAndroidVendorExtension(0x6f100004)) ERROR: Undefined(0x80001001)
07-04 14:06:12.746   571 23762 I MediaCodec: MediaCodec will operate in async mode
07-04 14:06:12.752   575   575 E OMX-VDEC-1080P: Extension: OMX.google.android.index.describeColorAspects not implemented
07-04 14:06:12.753   575   575 E OMX-VDEC-1080P: Extension: OMX.google.android.index.describeHDRStaticInfo not implemented
07-04 14:06:12.754   575 23770 I SoftAAC2: Reconfiguring decoder: 0->48000 Hz, 0->2 channels
07-04 14:06:12.755   575 22398 E OMX-VDEC-1080P: Extension: OMX.google.android.index.storeANWBufferInMetadata not implemented
07-04 14:06:12.756   575 22398 E OMX-VDEC-1080P: Extension: OMX.google.android.index.configureVideoTunnelMode not implemented
07-04 14:06:12.756   575 22398 E OMX-VDEC-1080P: Extension: OMX.google.android.index.useAndroidNativeBuffer is supported
07-04 14:06:12.756   575 22398 E OMX-VDEC-1080P: get_config: unknown param 1863319556
07-04 14:06:12.756   575 22398 E OMXNodeInstance: getConfig(0xeea1fc04:qcom.decoder.avc, ConfigAndroidVendorExtension(0x6f100004)) ERROR: BadParameter(0x80001005)
07-04 14:06:12.759   571 23759 I MediaCodec: MediaCodec will operate in async mode
07-04 14:06:12.776   571 23757 D AudioTrack: Client defaulted notificationFrames to 12000 for frameCount 24000
07-04 14:06:12.779   575  1286 E OMX-VDEC-1080P: Extension: OMX.google.android.index.AndroidNativeBufferConsumerUsage not implemented
07-04 14:06:12.779   571 23760 D SurfaceUtils: set up nativeWindow 0xee777808 for 1280x720, color 0x7fa30c04, rotation 0, usage 0x42002900
07-04 14:06:12.779   416   416 W /system/bin/hw/android.hidl.allocator@1.0-service: ashmem_create_region(7680) returning hidl_memory(0x793a42b310, 7680)
07-04 14:06:12.782   416   416 W /system/bin/hw/android.hidl.allocator@1.0-service: ashmem_create_region(7680) returning hidl_memory(0x793a42b310, 7680)
07-04 14:06:12.783   562  8142 W AudioFlinger: moveEffectChain_l() effect chain for session 0 not on source thread 0xf0d83440
07-04 14:06:12.784   571 23753 D NuPlayerDriver: notifyListener_l(0xee713180), (6, 0, 0, -1), loop setting(0, 0)
07-04 14:06:12.784   562   725 E volume_listener: check_and_set_gain_dep_cal: Failed to set gain dep cal level
07-04 14:06:12.786   562 22401 D audio_route: Apply path: speaker-protected
07-04 14:06:12.790   428  1953 W GrallocMapperPassthrough: buffer descriptor with invalid usage bits 0x2002000
07-04 14:06:12.791   562 22401 D audio_hw_primary: enable_snd_device: snd_device(95: vi-feedback)
07-04 14:06:12.791   562 22401 D audio_route: Apply path: vi-feedback
07-04 14:06:12.791   562 22401 D audio_hw_primary: enable_audio_route: usecase(24) apply and update mixer path: spkr-vi-record
07-04 14:06:12.791   562 22401 D audio_route: Apply path: spkr-vi-record
07-04 14:06:12.794   428   461 W GrallocMapperPassthrough: buffer descriptor with invalid usage bits 0x2002000
07-04 14:06:12.797   428   793 W GrallocMapperPassthrough: buffer descriptor with invalid usage bits 0x2002000
07-04 14:06:12.801   428   462 W GrallocMapperPassthrough: buffer descriptor with invalid usage bits 0x2002000
07-04 14:06:12.813   428   793 W GrallocMapperPassthrough: buffer descriptor with invalid usage bits 0x2002000
07-04 14:06:12.825   562 22401 D audio_hw_primary: enable_audio_route: usecase(0) apply and update mixer path: deep-buffer-playback
07-04 14:06:12.826   562 22401 D audio_route: Apply path: deep-buffer-playback
07-04 14:06:12.833  3121  3121 I A       : GEL#onSaveInstanceState
07-04 14:06:12.833   575 22512 E OMX-VDEC-1080P: Extension: OMX.google.android.index.AndroidNativeBufferConsumerUsage not implemented
07-04 14:06:12.834   571 23760 D SurfaceUtils: set up nativeWindow 0xee777808 for 1280x720, color 0x7fa30c04, rotation 0, usage 0x42002900
07-04 14:06:12.861   428   461 W GrallocMapperPassthrough: buffer descriptor with invalid usage bits 0x2002000
07-04 14:06:12.866   562 22401 E msm8974_platform: ramp_speaker_gain: Could not get ctl for mixer cmd - Left Speaker Gain or Right Speaker Gain, not applying speaker gain ramp
07-04 14:06:12.866   562 22401 D audio_hw_primary: out_write: retry previous failed cal level set
07-04 14:06:12.867   562 22401 W msm8974_platform: platform_send_gain_dep_cal: Usecase list is empty
07-04 14:06:12.882   571 23753 D NuPlayerDriver: notifyListener_l(0xee713180), (5, 1280, 720, -1), loop setting(0, 0)
07-04 14:06:12.883   571 23753 D NuPlayerDriver: notifyListener_l(0xee713180), (200, 3, 0, -1), loop setting(0, 0)
07-04 14:06:12.883 23736 23749 W MediaPlayerNative: info/warning (3, 0)
07-04 14:06:12.883   428  1953 W GrallocMapperPassthrough: buffer descriptor with invalid usage bits 0x2002000
07-04 14:06:12.891   571 23757 I NuPlayerRenderer: possible video time jump of 0ms (100100 : 0) or uninitialized media clock, retrying in 100ms
07-04 14:06:12.891   428   428 I Adreno  : Invalid colorspace 0
07-04 14:06:12.954   562   725 D AudioFlinger: mixer(0xefb03e00) throttle end: throttle time(55)
07-04 14:06:12.992   571 23757 I NuPlayerRenderer: possible video time jump of 0ms (100100 : 0) or uninitialized media clock, retrying in 100ms
07-04 14:06:13.094   428   793 W GrallocMapperPassthrough: buffer descriptor with invalid usage bits 0x2002000
07-04 14:06:13.106   428   462 W GrallocMapperPassthrough: buffer descriptor with invalid usage bits 0x2002000
07-04 14:06:13.107   428   428 I Adreno  : Invalid colorspace 0
07-04 14:06:13.119   765 10091 I OpenGLRenderer: Initialized EGL, version 1.4
07-04 14:06:13.119   765 10091 D OpenGLRenderer: Swap behavior 2
07-04 14:06:13.140   428   428 I Adreno  : Invalid colorspace 0
07-04 14:06:13.173   428   428 I chatty  : uid=1000(system) /system/bin/surfaceflinger identical 1 line
07-04 14:06:13.206   428   428 I Adreno  : Invalid colorspace 0
07-04 14:06:13.236   765   774 I zygote64: NativeAlloc concurrent copying GC freed 123796(5MB) AllocSpace objects, 72(2MB) LOS objects, 42% free, 17MB/29MB, paused 175us total 116.542ms
07-04 14:06:13.240   428   428 I Adreno  : Invalid colorspace 0
07-04 14:06:13.306   428   428 I chatty  : uid=1000(system) /system/bin/surfaceflinger identical 2 lines
07-04 14:06:13.372   428   428 I Adreno  : Invalid colorspace 0
07-04 14:06:13.602 23705 23705 I BatteryMgr:DataCollectionService: onStartCommand: begin
07-04 14:06:13.603 23705 23705 I BatteryMgr:DataCollectionService: onStartCommand: sampleRate => 100
07-04 14:06:13.603 23705 23705 I BatteryMgr:DataCollectionService: onStartCommand: rawFields => Timestamp,BATTERY_PROPERTY_CURRENT_NOW,EXTRA_VOLTAGE
07-04 14:06:13.605 23705 23705 I BatteryMgr:DataCollectionService: onStartCommand: notification done
07-04 14:06:13.608 23705 23705 I BatteryMgr:DataCollectionService: started foreground
07-04 14:06:13.610   765   779 E NotificationService: Suppressing notification from package by user request.
07-04 14:06:13.623 23705 23795 I BatteryMgr:DataCollectionService: collectData: begin
07-04 14:06:13.630 23705 23795 I BatteryMgr:DataCollectionService: stats => 1688493973630,-211027,4251
07-04 14:06:13.736 23705 23795 I BatteryMgr:DataCollectionService: stats => 1688493973736,-211027,4251
07-04 14:06:13.847 23705 23795 I BatteryMgr:DataCollectionService: stats => 1688493973846,-211027,4251
07-04 14:06:13.958 23705 23795 I BatteryMgr:DataCollectionService: stats => 1688493973958,-211027,4251
07-04 14:06:14.078 23705 23795 I BatteryMgr:DataCollectionService: stats => 1688493974077,-211027,4251
07-04 14:06:14.189 23705 23795 I BatteryMgr:DataCollectionService: stats => 1688493974189,-211027,4251
07-04 14:06:14.298 23705 23795 I BatteryMgr:DataCollectionService: stats => 1688493974298,-211027,4251
07-04 14:06:14.416 23705 23795 I BatteryMgr:DataCollectionService: stats => 1688493974415,-211027,4251
07-04 14:06:14.526 23705 23795 I BatteryMgr:DataCollectionService: stats => 1688493974526,-211027,4251
07-04 14:06:14.644 23705 23795 I BatteryMgr:DataCollectionService: stats => 1688493974643,-211027,4251
07-04 14:06:14.755 23705 23795 I BatteryMgr:DataCollectionService: stats => 1688493974754,-211027,4251
07-04 14:06:14.869 23705 23795 I BatteryMgr:DataCollectionService: stats => 1688493974869,-211027,4251
07-04 14:06:14.987 23705 23795 I BatteryMgr:DataCollectionService: stats => 1688493974987,-211027,4251
07-04 14:06:15.105 23705 23795 I BatteryMgr:DataCollectionService: stats => 1688493975105,-211027,4251
07-04 14:06:15.221 23705 23795 I BatteryMgr:DataCollectionService: stats => 1688493975220,-211027,4251
07-04 14:06:15.337 23705 23795 I BatteryMgr:DataCollectionService: stats => 1688493975337,-211027,4251
07-04 14:06:15.448 23705 23795 I BatteryMgr:DataCollectionService: stats => 1688493975448,-211027,4251
07-04 14:06:15.559 23705 23795 I BatteryMgr:DataCollectionService: stats => 1688493975559,-211027,4251
07-04 14:06:15.676 23705 23795 I BatteryMgr:DataCollectionService: stats => 1688493975676,-211027,4251
07-04 14:06:15.793 23705 23795 I BatteryMgr:DataCollectionService: stats => 1688493975793,-211027,4251
07-04 14:06:15.918 23705 23795 I BatteryMgr:DataCollectionService: stats => 1688493975918,-211027,4251
07-04 14:06:16.030 23705 23795 I BatteryMgr:DataCollectionService: stats => 1688493976030,-211027,4251
07-04 14:06:16.137 23705 23795 I BatteryMgr:DataCollectionService: stats => 1688493976137,-211027,4251
07-04 14:06:16.249 23705 23795 I BatteryMgr:DataCollectionService: stats => 1688493976249,-211027,4251
07-04 14:06:16.373 23705 23795 I BatteryMgr:DataCollectionService: stats => 1688493976373,-211027,4251
07-04 14:06:16.491 23705 23795 I BatteryMgr:DataCollectionService: stats => 1688493976490,-211027,4251
07-04 14:06:16.607 23705 23795 I BatteryMgr:DataCollectionService: stats => 1688493976606,-211027,4251
07-04 14:06:16.717 23705 23795 I BatteryMgr:DataCollectionService: stats => 1688493976717,-211027,4251
07-04 14:06:16.827 23705 23795 I BatteryMgr:DataCollectionService: stats => 1688493976827,-211027,4251
07-04 14:06:16.941 23705 23795 I BatteryMgr:DataCollectionService: stats => 1688493976941,-211027,4251
07-04 14:06:17.053 23705 23795 I BatteryMgr:DataCollectionService: stats => 1688493977053,-211027,4251
07-04 14:06:17.113 23705 23804 D ProfileInstaller: Installing profile for com.example.batterymanager_utility
07-04 14:06:17.165 23705 23795 I BatteryMgr:DataCollectionService: stats => 1688493977165,-211027,4251
07-04 14:06:17.278 23705 23795 I BatteryMgr:DataCollectionService: stats => 1688493977278,-211027,4251
07-04 14:06:17.390 23705 23795 I BatteryMgr:DataCollectionService: stats => 1688493977390,-211027,4251
07-04 14:06:17.504 23705 23795 I BatteryMgr:DataCollectionService: stats => 1688493977504,-211027,4251
07-04 14:06:17.617 23705 23795 I BatteryMgr:DataCollectionService: stats => 1688493977617,-211027,4251
07-04 14:06:17.730 23705 23795 I BatteryMgr:DataCollectionService: stats => 1688493977730,-211027,4251
07-04 14:06:17.842 23705 23795 I BatteryMgr:DataCollectionService: stats => 1688493977842,-211027,4251
07-04 14:06:17.949 23705 23795 I BatteryMgr:DataCollectionService: stats => 1688493977949,-211027,4251
07-04 14:06:18.055 23705 23795 I BatteryMgr:DataCollectionService: stats => 1688493978055,-211027,4251
07-04 14:06:18.161 23705 23795 I BatteryMgr:DataCollectionService: stats => 1688493978161,-211027,4251
07-04 14:06:18.267 23705 23795 I BatteryMgr:DataCollectionService: stats => 1688493978267,-211027,4251
07-04 14:06:18.372 23705 23795 I BatteryMgr:DataCollectionService: stats => 1688493978372,-211027,4251
07-04 14:06:18.485 23705 23795 I BatteryMgr:DataCollectionService: stats => 1688493978484,-211027,4251
07-04 14:06:18.602 23705 23795 I BatteryMgr:DataCollectionService: stats => 1688493978602,-211027,4251
07-04 14:06:18.720 23705 23795 I BatteryMgr:DataCollectionService: stats => 1688493978720,-211027,4251
07-04 14:06:18.832 23705 23795 I BatteryMgr:DataCollectionService: stats => 1688493978832,-211027,4251
07-04 14:06:18.944 23705 23795 I BatteryMgr:DataCollectionService: stats => 1688493978944,-211027,4251
07-04 14:06:19.059 23705 23795 I BatteryMgr:DataCollectionService: stats => 1688493979059,-211027,4251
07-04 14:06:19.172 23705 23795 I BatteryMgr:DataCollectionService: stats => 1688493979171,-211027,4251
07-04 14:06:19.289 23705 23795 I BatteryMgr:DataCollectionService: stats => 1688493979289,-211027,4251
07-04 14:06:19.401 23705 23795 I BatteryMgr:DataCollectionService: stats => 1688493979401,-211027,4251
07-04 14:06:19.511 23705 23795 I BatteryMgr:DataCollectionService: stats => 1688493979511,-211027,4251
07-04 14:06:19.633 23705 23795 I BatteryMgr:DataCollectionService: stats => 1688493979633,-211027,4251
07-04 14:06:19.741 23705 23795 I BatteryMgr:DataCollectionService: stats => 1688493979741,-211027,4251
07-04 14:06:19.856 23705 23795 I BatteryMgr:DataCollectionService: stats => 1688493979856,-211027,4251
07-04 14:06:19.969 23705 23795 I BatteryMgr:DataCollectionService: stats => 1688493979969,-211027,4251
07-04 14:06:20.083 23705 23795 I BatteryMgr:DataCollectionService: stats => 1688493980082,-211027,4251
07-04 14:06:20.197 23705 23795 I BatteryMgr:DataCollectionService: stats => 1688493980197,-211027,4251
07-04 14:06:20.307 23705 23795 I BatteryMgr:DataCollectionService: stats => 1688493980307,-211027,4251
07-04 14:06:20.420 23705 23795 I BatteryMgr:DataCollectionService: stats => 1688493980420,-211027,4251
07-04 14:06:20.536 23705 23795 I BatteryMgr:DataCollectionService: stats => 1688493980536,-211027,4251
07-04 14:06:20.653 23705 23795 I BatteryMgr:DataCollectionService: stats => 1688493980652,-211027,4251
07-04 14:06:20.772 23705 23795 I BatteryMgr:DataCollectionService: stats => 1688493980772,-211027,4251
07-04 14:06:20.884 23705 23795 I BatteryMgr:DataCollectionService: stats => 1688493980884,-211027,4251
07-04 14:06:20.993 23705 23795 I BatteryMgr:DataCollectionService: stats => 1688493980993,-211027,4251
07-04 14:06:21.105 23705 23795 I BatteryMgr:DataCollectionService: stats => 1688493981105,-211027,4251
07-04 14:06:21.220 23705 23795 I BatteryMgr:DataCollectionService: stats => 1688493981219,-211027,4251
07-04 14:06:21.329 23705 23795 I BatteryMgr:DataCollectionService: stats => 1688493981328,-211027,4251
07-04 14:06:21.437 23705 23795 I BatteryMgr:DataCollectionService: stats => 1688493981436,-211027,4251
07-04 14:06:21.554 23705 23795 I BatteryMgr:DataCollectionService: stats => 1688493981553,-211027,4251
07-04 14:06:21.666 23705 23795 I BatteryMgr:DataCollectionService: stats => 1688493981665,-211027,4251
07-04 14:06:21.776 23705 23795 I BatteryMgr:DataCollectionService: stats => 1688493981776,-211027,4251
07-04 14:06:21.889 23705 23795 I BatteryMgr:DataCollectionService: stats => 1688493981888,-211027,4251
07-04 14:06:22.002 23705 23795 I BatteryMgr:DataCollectionService: stats => 1688493982001,-211027,4251
