07-05 20:02:56.885  1418  1570 I BatteryMgr:DataCollectionService: stats => 1688580176885,-132812,4170
07-05 20:02:56.901  1418  1570 I BatteryMgr:DataCollectionService: stats => 1688580176901,-132812,4170
07-05 20:02:56.916  1418  1570 I BatteryMgr:DataCollectionService: stats => 1688580176916,-132812,4170
07-05 20:02:56.932  1418  1570 I BatteryMgr:DataCollectionService: stats => 1688580176932,-132812,4170
07-05 20:02:56.947  1418  1570 I BatteryMgr:DataCollectionService: stats => 1688580176947,-132812,4170
07-05 20:02:56.965  1418  1570 I BatteryMgr:DataCollectionService: stats => 1688580176965,-132812,4170
07-05 20:02:56.982  1418  1570 I BatteryMgr:DataCollectionService: stats => 1688580176982,-132812,4170
07-05 20:02:56.997  1418  1570 I BatteryMgr:DataCollectionService: stats => 1688580176997,-132812,4170
07-05 20:02:57.012  1418  1570 I BatteryMgr:DataCollectionService: stats => 1688580177012,-132812,4170
07-05 20:02:57.027  1418  1570 I BatteryMgr:DataCollectionService: stats => 1688580177027,-132812,4170
07-05 20:02:57.043  1418  1570 I BatteryMgr:DataCollectionService: stats => 1688580177043,-132812,4170
07-05 20:02:57.061  1418  1570 I BatteryMgr:DataCollectionService: stats => 1688580177060,-132812,4170
07-05 20:02:57.075  1418  1570 I BatteryMgr:DataCollectionService: stats => 1688580177075,-132812,4170
07-05 20:02:57.093  1418  1570 I BatteryMgr:DataCollectionService: stats => 1688580177093,-132812,4170
07-05 20:02:57.108  1418  1570 I BatteryMgr:DataCollectionService: stats => 1688580177108,-132812,4170
07-05 20:02:57.123  1418  1570 I BatteryMgr:DataCollectionService: stats => 1688580177123,-132812,4170
07-05 20:02:57.141  1418  1570 I BatteryMgr:DataCollectionService: stats => 1688580177141,-132812,4170
07-05 20:02:57.158  1418  1570 I BatteryMgr:DataCollectionService: stats => 1688580177158,-132812,4170
07-05 20:02:57.175  1418  1570 I BatteryMgr:DataCollectionService: stats => 1688580177175,-132812,4170
07-05 20:02:57.192  1418  1570 I BatteryMgr:DataCollectionService: stats => 1688580177192,-132812,4170
07-05 20:02:57.210  1418  1570 I BatteryMgr:DataCollectionService: stats => 1688580177210,-132812,4170
07-05 20:02:57.227  1418  1570 I BatteryMgr:DataCollectionService: stats => 1688580177227,-132812,4170
07-05 20:02:57.247  1418  1570 I BatteryMgr:DataCollectionService: stats => 1688580177247,-132812,4170
07-05 20:02:57.266  1418  1570 I BatteryMgr:DataCollectionService: stats => 1688580177266,-132812,4170
07-05 20:02:57.289  1418  1570 I BatteryMgr:DataCollectionService: stats => 1688580177289,-132812,4170
07-05 20:02:57.307  1418  1570 I BatteryMgr:DataCollectionService: stats => 1688580177307,-132812,4170
07-05 20:02:57.326  1418  1570 I BatteryMgr:DataCollectionService: stats => 1688580177326,-132812,4170
07-05 20:02:57.346  1418  1570 I BatteryMgr:DataCollectionService: stats => 1688580177346,-132812,4170
07-05 20:02:57.366  1418  1570 I BatteryMgr:DataCollectionService: stats => 1688580177366,-132812,4170
07-05 20:02:57.388  1418  1570 I BatteryMgr:DataCollectionService: stats => 1688580177388,-132812,4170
07-05 20:02:57.408  1418  1570 I BatteryMgr:DataCollectionService: stats => 1688580177408,-132812,4170
07-05 20:02:57.427  1418  1570 I BatteryMgr:DataCollectionService: stats => 1688580177427,-132812,4170
07-05 20:02:57.444  1418  1570 I BatteryMgr:DataCollectionService: stats => 1688580177444,-132812,4170
07-05 20:02:57.465  1418  1570 I BatteryMgr:DataCollectionService: stats => 1688580177465,-132812,4170
07-05 20:02:57.488  1418  1570 I BatteryMgr:DataCollectionService: stats => 1688580177488,-132812,4170
07-05 20:02:57.507  1418  1570 I BatteryMgr:DataCollectionService: stats => 1688580177507,-132812,4170
07-05 20:02:57.528  1418  1570 I BatteryMgr:DataCollectionService: stats => 1688580177527,-132812,4170
07-05 20:02:57.551  1418  1570 I BatteryMgr:DataCollectionService: stats => 1688580177551,-132812,4170
07-05 20:02:57.573  1418  1570 I BatteryMgr:DataCollectionService: stats => 1688580177573,-132812,4170
07-05 20:02:57.590  1418  1570 I BatteryMgr:DataCollectionService: stats => 1688580177590,-132812,4170
07-05 20:02:57.607  1418  1570 I BatteryMgr:DataCollectionService: stats => 1688580177607,-132812,4170
07-05 20:02:57.627  1418  1570 I BatteryMgr:DataCollectionService: stats => 1688580177627,-132812,4170
07-05 20:02:57.646  1418  1570 I BatteryMgr:DataCollectionService: stats => 1688580177646,-128417,4170
07-05 20:02:57.663  1418  1570 I BatteryMgr:DataCollectionService: stats => 1688580177663,-128417,4170
07-05 20:02:57.684  1418  1570 I BatteryMgr:DataCollectionService: stats => 1688580177684,-128417,4170
07-05 20:02:57.703  1418  1570 I BatteryMgr:DataCollectionService: stats => 1688580177703,-128417,4170
07-05 20:02:57.718  1418  1570 I BatteryMgr:DataCollectionService: stats => 1688580177718,-128417,4170
07-05 20:02:57.732  1418  1570 I BatteryMgr:DataCollectionService: stats => 1688580177732,-128417,4170
07-05 20:02:57.746  1418  1570 I BatteryMgr:DataCollectionService: stats => 1688580177746,-128417,4170
07-05 20:02:57.760  1418  1570 I BatteryMgr:DataCollectionService: stats => 1688580177760,-128417,4170
07-05 20:02:57.774  1418  1570 I BatteryMgr:DataCollectionService: stats => 1688580177774,-128417,4170
07-05 20:02:57.788  1418  1570 I BatteryMgr:DataCollectionService: stats => 1688580177788,-128417,4170
07-05 20:02:57.802  1418  1570 I BatteryMgr:DataCollectionService: stats => 1688580177802,-128417,4170
07-05 20:02:57.816  1418  1570 I BatteryMgr:DataCollectionService: stats => 1688580177815,-128417,4170
07-05 20:02:57.830  1418  1570 I BatteryMgr:DataCollectionService: stats => 1688580177829,-128417,4170
07-05 20:02:57.843  1418  1570 I BatteryMgr:DataCollectionService: stats => 1688580177843,-128417,4170
07-05 20:02:57.858  1418  1570 I BatteryMgr:DataCollectionService: stats => 1688580177858,-128417,4170
07-05 20:02:57.872  1418  1570 I BatteryMgr:DataCollectionService: stats => 1688580177872,-128417,4170
07-05 20:02:57.886  1418  1570 I BatteryMgr:DataCollectionService: stats => 1688580177886,-128417,4170
07-05 20:02:57.900  1418  1570 I BatteryMgr:DataCollectionService: stats => 1688580177900,-128417,4170
07-05 20:02:57.914  1418  1570 I BatteryMgr:DataCollectionService: stats => 1688580177914,-128417,4170
07-05 20:02:57.929  1418  1570 I BatteryMgr:DataCollectionService: stats => 1688580177929,-128417,4170
07-05 20:02:57.943  1418  1570 I BatteryMgr:DataCollectionService: stats => 1688580177943,-128417,4170
07-05 20:02:57.959  1418  1570 I BatteryMgr:DataCollectionService: stats => 1688580177959,-128417,4170
07-05 20:02:57.973  1418  1570 I BatteryMgr:DataCollectionService: stats => 1688580177973,-128417,4170
07-05 20:02:57.989  1418  1570 I BatteryMgr:DataCollectionService: stats => 1688580177989,-128417,4170
07-05 20:02:58.003  1418  1570 I BatteryMgr:DataCollectionService: stats => 1688580178003,-128417,4170
07-05 20:02:58.018  1418  1570 I BatteryMgr:DataCollectionService: stats => 1688580178018,-128417,4170
07-05 20:02:58.032  1418  1570 I BatteryMgr:DataCollectionService: stats => 1688580178032,-128417,4170
07-05 20:02:58.046  1418  1570 I BatteryMgr:DataCollectionService: stats => 1688580178046,-128417,4170
07-05 20:02:58.060  1418  1570 I BatteryMgr:DataCollectionService: stats => 1688580178060,-128417,4170
07-05 20:02:58.074  1418  1570 I BatteryMgr:DataCollectionService: stats => 1688580178074,-128417,4170
07-05 20:02:58.088  1418  1570 I BatteryMgr:DataCollectionService: stats => 1688580178088,-128417,4170
07-05 20:02:58.102  1418  1570 I BatteryMgr:DataCollectionService: stats => 1688580178102,-128417,4170
07-05 20:02:58.115  1418  1570 I BatteryMgr:DataCollectionService: stats => 1688580178115,-128417,4170
07-05 20:02:58.131  1418  1570 I BatteryMgr:DataCollectionService: stats => 1688580178131,-128417,4170
07-05 20:02:58.145  1418  1570 I BatteryMgr:DataCollectionService: stats => 1688580178145,-128417,4170
07-05 20:02:58.159  1418  1570 I BatteryMgr:DataCollectionService: stats => 1688580178159,-128417,4170
07-05 20:02:58.172  1418  1570 I BatteryMgr:DataCollectionService: stats => 1688580178172,-128417,4170
07-05 20:02:58.186  1418  1570 I BatteryMgr:DataCollectionService: stats => 1688580178186,-128417,4170
07-05 20:02:58.200  1418  1570 I BatteryMgr:DataCollectionService: stats => 1688580178200,-128417,4170
07-05 20:02:58.214  1418  1570 I BatteryMgr:DataCollectionService: stats => 1688580178213,-128417,4170
07-05 20:02:58.228  1418  1570 I BatteryMgr:DataCollectionService: stats => 1688580178228,-128417,4170
07-05 20:02:58.242  1418  1570 I BatteryMgr:DataCollectionService: stats => 1688580178242,-128417,4170
07-05 20:02:58.260  1418  1570 I BatteryMgr:DataCollectionService: stats => 1688580178260,-128417,4170
07-05 20:02:58.274  1418  1570 I BatteryMgr:DataCollectionService: stats => 1688580178274,-128417,4170
07-05 20:02:58.291  1418  1570 I BatteryMgr:DataCollectionService: stats => 1688580178290,-128417,4170
07-05 20:02:58.315  1418  1570 I BatteryMgr:DataCollectionService: stats => 1688580178315,-128417,4170
07-05 20:02:58.329  1418  1570 I BatteryMgr:DataCollectionService: stats => 1688580178329,-128417,4170
07-05 20:02:58.343  1418  1570 I BatteryMgr:DataCollectionService: stats => 1688580178343,-128417,4170
07-05 20:02:58.356  1418  1570 I BatteryMgr:DataCollectionService: stats => 1688580178356,-128417,4170
07-05 20:02:58.371  1418  1570 I BatteryMgr:DataCollectionService: stats => 1688580178371,-128417,4170
07-05 20:02:58.385  1418  1570 I BatteryMgr:DataCollectionService: stats => 1688580178385,-128417,4170
07-05 20:02:58.399  1418  1570 I BatteryMgr:DataCollectionService: stats => 1688580178399,-128417,4170
07-05 20:02:58.414  1418  1570 I BatteryMgr:DataCollectionService: stats => 1688580178414,-128417,4170
07-05 20:02:58.429  1418  1570 I BatteryMgr:DataCollectionService: stats => 1688580178429,-128417,4170
07-05 20:02:58.443  1418  1570 I BatteryMgr:DataCollectionService: stats => 1688580178443,-128417,4170
07-05 20:02:58.458  1418  1570 I BatteryMgr:DataCollectionService: stats => 1688580178458,-128417,4170
07-05 20:02:58.472  1418  1570 I BatteryMgr:DataCollectionService: stats => 1688580178472,-128417,4170
07-05 20:02:58.486  1418  1570 I BatteryMgr:DataCollectionService: stats => 1688580178486,-128417,4170
07-05 20:02:58.500  1418  1570 I BatteryMgr:DataCollectionService: stats => 1688580178500,-128417,4170
07-05 20:02:58.513  1418  1570 I BatteryMgr:DataCollectionService: stats => 1688580178513,-128417,4170
07-05 20:02:58.532  1418  1570 I BatteryMgr:DataCollectionService: stats => 1688580178531,-128417,4170
07-05 20:02:58.548  1418  1570 I BatteryMgr:DataCollectionService: stats => 1688580178548,-128417,4170
07-05 20:02:58.562  1418  1570 I BatteryMgr:DataCollectionService: stats => 1688580178562,-128417,4170
07-05 20:02:58.576  1418  1570 I BatteryMgr:DataCollectionService: stats => 1688580178576,-128417,4170
07-05 20:02:58.591  1418  1570 I BatteryMgr:DataCollectionService: stats => 1688580178591,-128417,4170
07-05 20:02:58.604  1418  1570 I BatteryMgr:DataCollectionService: stats => 1688580178604,-128417,4170
07-05 20:02:58.619  1418  1570 I BatteryMgr:DataCollectionService: stats => 1688580178619,-128417,4170
07-05 20:02:58.633  1418  1570 I BatteryMgr:DataCollectionService: stats => 1688580178633,-128417,4170
07-05 20:02:58.647  1418  1570 I BatteryMgr:DataCollectionService: stats => 1688580178647,-128417,4170
07-05 20:02:58.661  1418  1570 I BatteryMgr:DataCollectionService: stats => 1688580178661,-128417,4170
07-05 20:02:58.674  1418  1570 I BatteryMgr:DataCollectionService: stats => 1688580178674,-128417,4170
07-05 20:02:58.691  1418  1570 I BatteryMgr:DataCollectionService: stats => 1688580178691,-128417,4170
07-05 20:02:58.705  1418  1570 I BatteryMgr:DataCollectionService: stats => 1688580178705,-128417,4170
07-05 20:02:58.719  1418  1570 I BatteryMgr:DataCollectionService: stats => 1688580178719,-128417,4170
07-05 20:02:58.733  1418  1570 I BatteryMgr:DataCollectionService: stats => 1688580178733,-128417,4170
07-05 20:02:58.746  1418  1570 I BatteryMgr:DataCollectionService: stats => 1688580178746,-128417,4170
07-05 20:02:58.760  1418  1570 I BatteryMgr:DataCollectionService: stats => 1688580178760,-128417,4170
07-05 20:02:58.774  1418  1570 I BatteryMgr:DataCollectionService: stats => 1688580178774,-128417,4170
07-05 20:02:58.789  1418  1570 I BatteryMgr:DataCollectionService: stats => 1688580178789,-128417,4170
07-05 20:02:58.803  1418  1570 I BatteryMgr:DataCollectionService: stats => 1688580178803,-128417,4170
07-05 20:02:58.818  1418  1570 I BatteryMgr:DataCollectionService: stats => 1688580178818,-128417,4170
07-05 20:02:58.832  1418  1570 I BatteryMgr:DataCollectionService: stats => 1688580178831,-128417,4170
07-05 20:02:58.845  1418  1570 I BatteryMgr:DataCollectionService: stats => 1688580178845,-128417,4170
07-05 20:02:58.859  1418  1570 I BatteryMgr:DataCollectionService: stats => 1688580178859,-128417,4170
07-05 20:02:58.873  1418  1570 I BatteryMgr:DataCollectionService: stats => 1688580178873,-128417,4170
07-05 20:02:58.889  1418  1570 I BatteryMgr:DataCollectionService: stats => 1688580178889,-128417,4170
07-05 20:02:58.903  1418  1570 I BatteryMgr:DataCollectionService: stats => 1688580178903,-128417,4170
07-05 20:02:58.918  1418  1570 I BatteryMgr:DataCollectionService: stats => 1688580178918,-128417,4170
07-05 20:02:58.932  1418  1570 I BatteryMgr:DataCollectionService: stats => 1688580178932,-128417,4170
07-05 20:02:58.946  1418  1570 I BatteryMgr:DataCollectionService: stats => 1688580178946,-128417,4170
07-05 20:02:58.960  1418  1570 I BatteryMgr:DataCollectionService: stats => 1688580178960,-128417,4170
07-05 20:02:58.974  1418  1570 I BatteryMgr:DataCollectionService: stats => 1688580178974,-128417,4170
07-05 20:02:58.988  1418  1570 I BatteryMgr:DataCollectionService: stats => 1688580178988,-128417,4170
07-05 20:02:59.002  1418  1570 I BatteryMgr:DataCollectionService: stats => 1688580179002,-128417,4170
07-05 20:02:59.015  1418  1570 I BatteryMgr:DataCollectionService: stats => 1688580179015,-128417,4170
07-05 20:02:59.031  1418  1570 I BatteryMgr:DataCollectionService: stats => 1688580179031,-128417,4170
07-05 20:02:59.044  1418  1570 I BatteryMgr:DataCollectionService: stats => 1688580179044,-128417,4170
07-05 20:02:59.058  1418  1570 I BatteryMgr:DataCollectionService: stats => 1688580179058,-128417,4170
07-05 20:02:59.072  1418  1570 I BatteryMgr:DataCollectionService: stats => 1688580179072,-128417,4170
07-05 20:02:59.086  1418  1570 I BatteryMgr:DataCollectionService: stats => 1688580179086,-128417,4170
07-05 20:02:59.100  1418  1570 I BatteryMgr:DataCollectionService: stats => 1688580179100,-128417,4170
07-05 20:02:59.114  1418  1570 I BatteryMgr:DataCollectionService: stats => 1688580179114,-263671,4170
07-05 20:02:59.128  1418  1570 I BatteryMgr:DataCollectionService: stats => 1688580179128,-263671,4170
07-05 20:02:59.142  1418  1570 I BatteryMgr:DataCollectionService: stats => 1688580179142,-263671,4170
07-05 20:02:59.156  1418  1570 I BatteryMgr:DataCollectionService: stats => 1688580179156,-263671,4170
07-05 20:02:59.171  1418  1570 I BatteryMgr:DataCollectionService: stats => 1688580179171,-263671,4170
07-05 20:02:59.185  1418  1570 I BatteryMgr:DataCollectionService: stats => 1688580179185,-263671,4170
07-05 20:02:59.199  1418  1570 I BatteryMgr:DataCollectionService: stats => 1688580179199,-263671,4170
07-05 20:02:59.213  1418  1570 I BatteryMgr:DataCollectionService: stats => 1688580179213,-263671,4170
07-05 20:02:59.229  1418  1570 I BatteryMgr:DataCollectionService: stats => 1688580179228,-263671,4170
07-05 20:02:59.243  1418  1570 I BatteryMgr:DataCollectionService: stats => 1688580179243,-263671,4170
07-05 20:02:59.256  1418  1570 I BatteryMgr:DataCollectionService: stats => 1688580179256,-263671,4170
07-05 20:02:59.272  1418  1570 I BatteryMgr:DataCollectionService: stats => 1688580179272,-263671,4170
07-05 20:02:59.286  1418  1570 I BatteryMgr:DataCollectionService: stats => 1688580179286,-263671,4170
07-05 20:02:59.300  1418  1570 I BatteryMgr:DataCollectionService: stats => 1688580179300,-263671,4170
07-05 20:02:59.314  1418  1570 I BatteryMgr:DataCollectionService: stats => 1688580179314,-263671,4170
07-05 20:02:59.328  1418  1570 I BatteryMgr:DataCollectionService: stats => 1688580179328,-263671,4170
07-05 20:02:59.342  1418  1570 I BatteryMgr:DataCollectionService: stats => 1688580179342,-263671,4170
07-05 20:02:59.355  1418  1570 I BatteryMgr:DataCollectionService: stats => 1688580179355,-263671,4170
07-05 20:02:59.371  1418  1570 I BatteryMgr:DataCollectionService: stats => 1688580179371,-263671,4170
07-05 20:02:59.385  1418  1570 I BatteryMgr:DataCollectionService: stats => 1688580179384,-263671,4170
07-05 20:02:59.399  1418  1570 I BatteryMgr:DataCollectionService: stats => 1688580179399,-263671,4170
07-05 20:02:59.412  1418  1570 I BatteryMgr:DataCollectionService: stats => 1688580179412,-263671,4170
07-05 20:02:59.426  1418  1570 I BatteryMgr:DataCollectionService: stats => 1688580179426,-263671,4170
07-05 20:02:59.439  1418  1570 I BatteryMgr:DataCollectionService: stats => 1688580179439,-263671,4170
07-05 20:02:59.453  1418  1570 I BatteryMgr:DataCollectionService: stats => 1688580179453,-263671,4170
07-05 20:02:59.467  1418  1570 I BatteryMgr:DataCollectionService: stats => 1688580179467,-263671,4170
07-05 20:02:59.481  1418  1570 I BatteryMgr:DataCollectionService: stats => 1688580179481,-263671,4170
07-05 20:02:59.494  1418  1570 I BatteryMgr:DataCollectionService: stats => 1688580179494,-263671,4170
07-05 20:02:59.509  1418  1570 I BatteryMgr:DataCollectionService: stats => 1688580179509,-263671,4170
07-05 20:02:59.523  1418  1570 I BatteryMgr:DataCollectionService: stats => 1688580179523,-263671,4170
07-05 20:02:59.537  1418  1570 I BatteryMgr:DataCollectionService: stats => 1688580179537,-263671,4170
07-05 20:02:59.552  1418  1570 I BatteryMgr:DataCollectionService: stats => 1688580179552,-263671,4170
07-05 20:02:59.570  1418  1570 I BatteryMgr:DataCollectionService: stats => 1688580179570,-263671,4170
07-05 20:02:59.584  1418  1570 I BatteryMgr:DataCollectionService: stats => 1688580179584,-263671,4170
07-05 20:02:59.597  1418  1570 I BatteryMgr:DataCollectionService: stats => 1688580179597,-263671,4170
07-05 20:02:59.611  1418  1570 I BatteryMgr:DataCollectionService: stats => 1688580179611,-263671,4170
07-05 20:02:59.623  1418  1570 I BatteryMgr:DataCollectionService: stats => 1688580179623,-263671,4170
07-05 20:02:59.637  1418  1570 I BatteryMgr:DataCollectionService: stats => 1688580179637,-263671,4170
07-05 20:02:59.651  1418  1570 I BatteryMgr:DataCollectionService: stats => 1688580179651,-263671,4170
07-05 20:02:59.664  1418  1570 I BatteryMgr:DataCollectionService: stats => 1688580179664,-263671,4170
07-05 20:02:59.681  1418  1570 I BatteryMgr:DataCollectionService: stats => 1688580179681,-263671,4170
07-05 20:02:59.695  1418  1570 I BatteryMgr:DataCollectionService: stats => 1688580179695,-263671,4170
07-05 20:02:59.709  1418  1570 I BatteryMgr:DataCollectionService: stats => 1688580179709,-263671,4170
07-05 20:02:59.723  1418  1570 I BatteryMgr:DataCollectionService: stats => 1688580179723,-263671,4170
07-05 20:02:59.737  1418  1570 I BatteryMgr:DataCollectionService: stats => 1688580179737,-263671,4170
07-05 20:02:59.751  1418  1570 I BatteryMgr:DataCollectionService: stats => 1688580179751,-263671,4170
07-05 20:02:59.765  1418  1570 I BatteryMgr:DataCollectionService: stats => 1688580179765,-263671,4170
07-05 20:02:59.779  1418  1570 I BatteryMgr:DataCollectionService: stats => 1688580179779,-263671,4170
07-05 20:02:59.793  1418  1570 I BatteryMgr:DataCollectionService: stats => 1688580179793,-263671,4170
07-05 20:02:59.807  1418  1570 I BatteryMgr:DataCollectionService: stats => 1688580179807,-263671,4170
07-05 20:02:59.822  1418  1570 I BatteryMgr:DataCollectionService: stats => 1688580179822,-263671,4170
07-05 20:02:59.835  1418  1570 I BatteryMgr:DataCollectionService: stats => 1688580179835,-263671,4170
07-05 20:02:59.850  1418  1570 I BatteryMgr:DataCollectionService: stats => 1688580179850,-263671,4170
07-05 20:02:59.863  1418  1570 I BatteryMgr:DataCollectionService: stats => 1688580179863,-263671,4170
07-05 20:02:59.877  1418  1570 I BatteryMgr:DataCollectionService: stats => 1688580179877,-263671,4170
07-05 20:02:59.891  1418  1570 I BatteryMgr:DataCollectionService: stats => 1688580179891,-263671,4170
07-05 20:02:59.904  1418  1570 I BatteryMgr:DataCollectionService: stats => 1688580179904,-263671,4170
07-05 20:02:59.918  1418  1570 I BatteryMgr:DataCollectionService: stats => 1688580179918,-263671,4170
07-05 20:02:59.932  1418  1570 I BatteryMgr:DataCollectionService: stats => 1688580179932,-263671,4170
07-05 20:02:59.946  1418  1570 I BatteryMgr:DataCollectionService: stats => 1688580179946,-263671,4170
07-05 20:02:59.961  1418  1570 I BatteryMgr:DataCollectionService: stats => 1688580179961,-263671,4170
07-05 20:02:59.975  1418  1570 I BatteryMgr:DataCollectionService: stats => 1688580179975,-263671,4170
07-05 20:02:59.990  1418  1570 I BatteryMgr:DataCollectionService: stats => 1688580179990,-263671,4170
07-05 20:03:00.005  1418  1570 I BatteryMgr:DataCollectionService: stats => 1688580180005,-263671,4170
07-05 20:03:00.020  1418  1570 I BatteryMgr:DataCollectionService: stats => 1688580180019,-263671,4170
07-05 20:03:00.025  2189  2189 D SystemUIUpdateMonitor: run() curMinutes = 28143003 mLastMinute = 28143002
07-05 20:03:00.025  2189  2189 D SystemUIUpdateMonitor: setTimeHandler() mTimeTICK_receiver.size() = 16
07-05 20:03:00.025  2189  2189 D SystemUIUpdateMonitor: setTimeHandler() newDelay = 59975
07-05 20:03:00.035  1418  1570 I BatteryMgr:DataCollectionService: stats => 1688580180035,-263671,4170
07-05 20:03:00.049  1418  1570 I BatteryMgr:DataCollectionService: stats => 1688580180049,-263671,4170
07-05 20:03:00.064  1418  1570 I BatteryMgr:DataCollectionService: stats => 1688580180063,-263671,4170
07-05 20:03:00.077  1418  1570 I BatteryMgr:DataCollectionService: stats => 1688580180077,-263671,4170
07-05 20:03:00.091  1418  1570 I BatteryMgr:DataCollectionService: stats => 1688580180091,-263671,4170
07-05 20:03:00.104  1418  1570 I BatteryMgr:DataCollectionService: stats => 1688580180104,-263671,4170
07-05 20:03:00.118  1418  1570 I BatteryMgr:DataCollectionService: stats => 1688580180118,-263671,4170
07-05 20:03:00.132  1418  1570 I BatteryMgr:DataCollectionService: stats => 1688580180132,-263671,4170
07-05 20:03:00.145  1418  1570 I BatteryMgr:DataCollectionService: stats => 1688580180145,-263671,4170
07-05 20:03:00.160  1418  1570 I BatteryMgr:DataCollectionService: stats => 1688580180159,-263671,4170
07-05 20:03:00.173  1418  1570 I BatteryMgr:DataCollectionService: stats => 1688580180173,-263671,4170
07-05 20:03:00.186  1418  1570 I BatteryMgr:DataCollectionService: stats => 1688580180186,-263671,4170
07-05 20:03:00.201  1418  1570 I BatteryMgr:DataCollectionService: stats => 1688580180201,-263671,4170
07-05 20:03:00.215  1418  1570 I BatteryMgr:DataCollectionService: stats => 1688580180215,-263671,4170
07-05 20:03:00.230  1418  1570 I BatteryMgr:DataCollectionService: stats => 1688580180230,-263671,4170
07-05 20:03:00.243  1418  1570 I BatteryMgr:DataCollectionService: stats => 1688580180243,-263671,4170
07-05 20:03:00.257  1418  1570 I BatteryMgr:DataCollectionService: stats => 1688580180257,-263671,4170
07-05 20:03:00.271  1418  1570 I BatteryMgr:DataCollectionService: stats => 1688580180271,-263671,4170
07-05 20:03:00.285  1418  1570 I BatteryMgr:DataCollectionService: stats => 1688580180285,-263671,4170
07-05 20:03:00.299  1418  1570 I BatteryMgr:DataCollectionService: stats => 1688580180299,-263671,4170
07-05 20:03:00.313  1418  1570 I BatteryMgr:DataCollectionService: stats => 1688580180313,-263671,4170
07-05 20:03:00.326  1418  1570 I BatteryMgr:DataCollectionService: stats => 1688580180326,-263671,4170
07-05 20:03:00.341  1418  1570 I BatteryMgr:DataCollectionService: stats => 1688580180341,-263671,4170
07-05 20:03:00.354  1418  1570 I BatteryMgr:DataCollectionService: stats => 1688580180354,-263671,4170
07-05 20:03:00.368  1418  1570 I BatteryMgr:DataCollectionService: stats => 1688580180368,-263671,4170
07-05 20:03:00.381  1418  1570 I BatteryMgr:DataCollectionService: stats => 1688580180381,-263671,4170
07-05 20:03:00.395  1418  1570 I BatteryMgr:DataCollectionService: stats => 1688580180395,-263671,4170
07-05 20:03:00.410  1418  1570 I BatteryMgr:DataCollectionService: stats => 1688580180410,-263671,4170
07-05 20:03:00.424  1418  1570 I BatteryMgr:DataCollectionService: stats => 1688580180424,-263671,4170
07-05 20:03:00.439  1418  1570 I BatteryMgr:DataCollectionService: stats => 1688580180439,-263671,4170
07-05 20:03:00.452  1418  1570 I BatteryMgr:DataCollectionService: stats => 1688580180452,-263671,4170
07-05 20:03:00.466  1418  1570 I BatteryMgr:DataCollectionService: stats => 1688580180466,-263671,4170
07-05 20:03:00.481  1418  1570 I BatteryMgr:DataCollectionService: stats => 1688580180481,-263671,4170
07-05 20:03:00.494  1418  1570 I BatteryMgr:DataCollectionService: stats => 1688580180494,-263671,4170
07-05 20:03:00.509  1418  1570 I BatteryMgr:DataCollectionService: stats => 1688580180509,-263671,4170
07-05 20:03:00.523  1418  1570 I BatteryMgr:DataCollectionService: stats => 1688580180523,-263671,4170
07-05 20:03:00.537  1418  1570 I BatteryMgr:DataCollectionService: stats => 1688580180537,-263671,4170
07-05 20:03:00.551  1418  1570 I BatteryMgr:DataCollectionService: stats => 1688580180551,-263671,4170
07-05 20:03:00.565  1418  1570 I BatteryMgr:DataCollectionService: stats => 1688580180565,-267577,4170
07-05 20:03:00.580  1418  1570 I BatteryMgr:DataCollectionService: stats => 1688580180580,-267577,4170
07-05 20:03:00.593  1418  1570 I BatteryMgr:DataCollectionService: stats => 1688580180593,-267577,4170
07-05 20:03:00.608  1418  1570 I BatteryMgr:DataCollectionService: stats => 1688580180608,-267577,4170
07-05 20:03:00.621  1418  1570 I BatteryMgr:DataCollectionService: stats => 1688580180621,-267577,4170
07-05 20:03:00.635  1418  1570 I BatteryMgr:DataCollectionService: stats => 1688580180635,-267577,4170
07-05 20:03:00.650  1418  1570 I BatteryMgr:DataCollectionService: stats => 1688580180650,-267577,4170
07-05 20:03:00.664  1418  1570 I BatteryMgr:DataCollectionService: stats => 1688580180664,-267577,4170
07-05 20:03:00.679  1418  1570 I BatteryMgr:DataCollectionService: stats => 1688580180679,-267577,4170
07-05 20:03:00.693  1418  1570 I BatteryMgr:DataCollectionService: stats => 1688580180692,-267577,4170
07-05 20:03:00.707  1418  1570 I BatteryMgr:DataCollectionService: stats => 1688580180707,-267577,4170
07-05 20:03:00.720  1418  1570 I BatteryMgr:DataCollectionService: stats => 1688580180720,-267577,4170
07-05 20:03:00.734  1418  1570 I BatteryMgr:DataCollectionService: stats => 1688580180734,-267577,4170
07-05 20:03:00.749  1418  1570 I BatteryMgr:DataCollectionService: stats => 1688580180749,-267577,4170
07-05 20:03:00.763  1418  1570 I BatteryMgr:DataCollectionService: stats => 1688580180763,-267577,4170
07-05 20:03:00.777  1418  1570 I BatteryMgr:DataCollectionService: stats => 1688580180777,-267577,4170
07-05 20:03:00.791  1418  1570 I BatteryMgr:DataCollectionService: stats => 1688580180791,-267577,4170
07-05 20:03:00.804  1418  1570 I BatteryMgr:DataCollectionService: stats => 1688580180804,-267577,4170
07-05 20:03:00.818  1418  1570 I BatteryMgr:DataCollectionService: stats => 1688580180818,-267577,4170
07-05 20:03:00.832  1418  1570 I BatteryMgr:DataCollectionService: stats => 1688580180832,-267577,4170
07-05 20:03:00.845  1418  1570 I BatteryMgr:DataCollectionService: stats => 1688580180845,-267577,4170
07-05 20:03:00.861  1418  1570 I BatteryMgr:DataCollectionService: stats => 1688580180861,-267577,4170
07-05 20:03:00.874  1418  1570 I BatteryMgr:DataCollectionService: stats => 1688580180874,-267577,4170
07-05 20:03:00.889  1418  1570 I BatteryMgr:DataCollectionService: stats => 1688580180889,-267577,4170
07-05 20:03:00.904  1418  1570 I BatteryMgr:DataCollectionService: stats => 1688580180904,-267577,4170
07-05 20:03:00.919  1418  1570 I BatteryMgr:DataCollectionService: stats => 1688580180919,-267577,4170
07-05 20:03:00.933  1418  1570 I BatteryMgr:DataCollectionService: stats => 1688580180933,-267577,4170
07-05 20:03:00.948  1418  1570 I BatteryMgr:DataCollectionService: stats => 1688580180948,-267577,4170
07-05 20:03:00.962  1418  1570 I BatteryMgr:DataCollectionService: stats => 1688580180962,-267577,4170
07-05 20:03:00.976  1418  1570 I BatteryMgr:DataCollectionService: stats => 1688580180976,-267577,4170
07-05 20:03:00.989  1418  1570 I BatteryMgr:DataCollectionService: stats => 1688580180989,-267577,4170
07-05 20:03:01.003  1418  1570 I BatteryMgr:DataCollectionService: stats => 1688580181003,-267577,4170
07-05 20:03:01.018  1418  1570 I BatteryMgr:DataCollectionService: stats => 1688580181017,-267577,4170
07-05 20:03:01.031  1418  1570 I BatteryMgr:DataCollectionService: stats => 1688580181031,-267577,4170
07-05 20:03:01.045  1418  1570 I BatteryMgr:DataCollectionService: stats => 1688580181045,-267577,4170
07-05 20:03:01.058  1418  1570 I BatteryMgr:DataCollectionService: stats => 1688580181058,-267577,4170
07-05 20:03:01.072  1418  1570 I BatteryMgr:DataCollectionService: stats => 1688580181072,-267577,4170
07-05 20:03:01.085  1418  1570 I BatteryMgr:DataCollectionService: stats => 1688580181085,-267577,4170
07-05 20:03:01.100  1418  1570 I BatteryMgr:DataCollectionService: stats => 1688580181100,-267577,4170
07-05 20:03:01.113  1418  1570 I BatteryMgr:DataCollectionService: stats => 1688580181113,-267577,4170
07-05 20:03:01.128  1418  1570 I BatteryMgr:DataCollectionService: stats => 1688580181127,-267577,4170
07-05 20:03:01.141  1418  1570 I BatteryMgr:DataCollectionService: stats => 1688580181141,-267577,4170
07-05 20:03:01.156  1418  1570 I BatteryMgr:DataCollectionService: stats => 1688580181156,-267577,4170
07-05 20:03:01.170  1418  1570 I BatteryMgr:DataCollectionService: stats => 1688580181170,-267577,4170
07-05 20:03:01.184  1418  1570 I BatteryMgr:DataCollectionService: stats => 1688580181184,-267577,4170
07-05 20:03:01.198  1418  1570 I BatteryMgr:DataCollectionService: stats => 1688580181198,-267577,4170
07-05 20:03:01.211  1418  1570 I BatteryMgr:DataCollectionService: stats => 1688580181211,-267577,4170
07-05 20:03:01.225  1418  1570 I BatteryMgr:DataCollectionService: stats => 1688580181224,-267577,4170
07-05 20:03:01.238  1418  1570 I BatteryMgr:DataCollectionService: stats => 1688580181238,-267577,4170
07-05 20:03:01.252  1418  1570 I BatteryMgr:DataCollectionService: stats => 1688580181252,-267577,4170
07-05 20:03:01.266  1418  1570 I BatteryMgr:DataCollectionService: stats => 1688580181266,-267577,4170
07-05 20:03:01.282  1418  1570 I BatteryMgr:DataCollectionService: stats => 1688580181282,-267577,4170
07-05 20:03:01.298  1418  1570 I BatteryMgr:DataCollectionService: stats => 1688580181298,-267577,4170
07-05 20:03:01.312  1418  1570 I BatteryMgr:DataCollectionService: stats => 1688580181312,-267577,4170
07-05 20:03:01.329  1418  1570 I BatteryMgr:DataCollectionService: stats => 1688580181329,-267577,4170
07-05 20:03:01.342  1418  1570 I BatteryMgr:DataCollectionService: stats => 1688580181342,-267577,4170
07-05 20:03:01.356  1418  1570 I BatteryMgr:DataCollectionService: stats => 1688580181356,-267577,4170
07-05 20:03:01.371  1418  1570 I BatteryMgr:DataCollectionService: stats => 1688580181371,-267577,4170
07-05 20:03:01.385  1418  1570 I BatteryMgr:DataCollectionService: stats => 1688580181385,-267577,4170
07-05 20:03:01.400  1418  1570 I BatteryMgr:DataCollectionService: stats => 1688580181400,-267577,4170
07-05 20:03:01.413  1418  1570 I BatteryMgr:DataCollectionService: stats => 1688580181413,-267577,4170
07-05 20:03:01.427  1418  1570 I BatteryMgr:DataCollectionService: stats => 1688580181427,-267577,4170
07-05 20:03:01.441  1418  1570 I BatteryMgr:DataCollectionService: stats => 1688580181441,-267577,4170
07-05 20:03:01.454  1418  1570 I BatteryMgr:DataCollectionService: stats => 1688580181454,-267577,4170
07-05 20:03:01.468  1418  1570 I BatteryMgr:DataCollectionService: stats => 1688580181468,-267577,4170
07-05 20:03:01.482  1418  1570 I BatteryMgr:DataCollectionService: stats => 1688580181482,-267577,4170
07-05 20:03:01.496  1418  1570 I BatteryMgr:DataCollectionService: stats => 1688580181495,-267577,4170
07-05 20:03:01.509  1418  1570 I BatteryMgr:DataCollectionService: stats => 1688580181509,-267577,4170
07-05 20:03:01.523  1418  1570 I BatteryMgr:DataCollectionService: stats => 1688580181523,-267577,4170
07-05 20:03:01.538  1418  1570 I BatteryMgr:DataCollectionService: stats => 1688580181538,-267577,4170
07-05 20:03:01.552  1418  1570 I BatteryMgr:DataCollectionService: stats => 1688580181552,-267577,4170
07-05 20:03:01.566  1418  1570 I BatteryMgr:DataCollectionService: stats => 1688580181566,-267577,4170
07-05 20:03:01.583  1418  1570 I BatteryMgr:DataCollectionService: stats => 1688580181583,-267577,4170
07-05 20:03:01.598  1418  1570 I BatteryMgr:DataCollectionService: stats => 1688580181598,-267577,4170
07-05 20:03:01.612  1418  1570 I BatteryMgr:DataCollectionService: stats => 1688580181612,-267577,4170
07-05 20:03:01.625  1418  1570 I BatteryMgr:DataCollectionService: stats => 1688580181625,-267577,4170
07-05 20:03:01.640  1418  1570 I BatteryMgr:DataCollectionService: stats => 1688580181640,-267577,4170
07-05 20:03:01.654  1418  1570 I BatteryMgr:DataCollectionService: stats => 1688580181654,-267577,4170
07-05 20:03:01.667  1418  1570 I BatteryMgr:DataCollectionService: stats => 1688580181667,-267577,4170
07-05 20:03:01.681  1418  1570 I BatteryMgr:DataCollectionService: stats => 1688580181681,-267577,4170
07-05 20:03:01.695  1418  1570 I BatteryMgr:DataCollectionService: stats => 1688580181695,-267577,4170
07-05 20:03:01.709  1418  1570 I BatteryMgr:DataCollectionService: stats => 1688580181709,-267577,4170
07-05 20:03:01.723  1418  1570 I BatteryMgr:DataCollectionService: stats => 1688580181722,-267577,4170
07-05 20:03:01.736  1418  1570 I BatteryMgr:DataCollectionService: stats => 1688580181736,-267577,4170
07-05 20:03:01.750  1418  1570 I BatteryMgr:DataCollectionService: stats => 1688580181750,-267577,4170
07-05 20:03:01.763  1418  1570 I BatteryMgr:DataCollectionService: stats => 1688580181763,-267577,4170
07-05 20:03:01.777  1418  1570 I BatteryMgr:DataCollectionService: stats => 1688580181777,-267577,4170
07-05 20:03:01.791  1418  1570 I BatteryMgr:DataCollectionService: stats => 1688580181791,-267577,4170
07-05 20:03:01.804  1418  1570 I BatteryMgr:DataCollectionService: stats => 1688580181804,-267577,4170
07-05 20:03:01.818  1418  1570 I BatteryMgr:DataCollectionService: stats => 1688580181818,-267577,4170
07-05 20:03:01.831  1418  1570 I BatteryMgr:DataCollectionService: stats => 1688580181831,-267577,4170
07-05 20:03:01.845  1418  1570 I BatteryMgr:DataCollectionService: stats => 1688580181845,-267577,4170
07-05 20:03:01.858  1418  1570 I BatteryMgr:DataCollectionService: stats => 1688580181858,-267577,4170
07-05 20:03:01.872  1418  1570 I BatteryMgr:DataCollectionService: stats => 1688580181872,-267577,4170
07-05 20:03:01.885  1418  1570 I BatteryMgr:DataCollectionService: stats => 1688580181885,-267577,4170
07-05 20:03:01.899  1418  1570 I BatteryMgr:DataCollectionService: stats => 1688580181899,-267577,4170
07-05 20:03:01.913  1418  1570 I BatteryMgr:DataCollectionService: stats => 1688580181913,-267577,4170
07-05 20:03:01.926  1418  1570 I BatteryMgr:DataCollectionService: stats => 1688580181926,-267577,4170
07-05 20:03:01.941  1418  1570 I BatteryMgr:DataCollectionService: stats => 1688580181941,-267577,4170
07-05 20:03:01.954  1418  1570 I BatteryMgr:DataCollectionService: stats => 1688580181954,-267577,4170
07-05 20:03:01.968  1418  1570 I BatteryMgr:DataCollectionService: stats => 1688580181968,-267577,4170
07-05 20:03:01.982  1418  1570 I BatteryMgr:DataCollectionService: stats => 1688580181982,-267577,4170
07-05 20:03:01.995  1418  1570 I BatteryMgr:DataCollectionService: stats => 1688580181995,-267577,4170
07-05 20:03:02.009  1418  1570 I BatteryMgr:DataCollectionService: stats => 1688580182009,-267577,4170
07-05 20:03:02.027  1705  2158 I BatteryService: shutdownIfLowCurrentLocked batteryLevel = 89 , hasChargingCurrent = false(isPowered=false,batteryCurrent=-266,hardware=qcom) , hitShutdownVoltage = true(batteryVoltage=4131,mBatteryMinVoltage=-1) , isSystemReady = true
07-05 20:03:02.030  2189  2189 D BatteryController: mPluggedIn = false;mCharging =false; status=3; level=89
07-05 20:03:02.031 25447 25447 I [BatteryProtectApp]: ACTION_BATTERY_CHANGED -> Temprature : 26.0
07-05 20:03:02.031 25447 25447 I [BatteryProtectApp]: DetectBatteryService: MaxTempShutDown : false
07-05 20:03:02.031 25447 25447 I [BatteryProtectApp]: DetectBatteryService: LowTempShutDown : false
07-05 20:03:02.032  2395  2395 D QtiCarrierConfigHelper: WARNING, no carrier configs on phone Id: 0
07-05 20:03:02.032  2189  2189 I BatteryView: updateShowPercent showPercent: 1 mUseSmallBatteryLevel: false mAllowShowPercentage: true
07-05 20:03:02.032  2189  2189 I BatteryMeterDrawableBase: isHideWaring mHideWaring: false
07-05 20:03:02.032 25447 25447 I [BatteryProtectApp]: IS_SUPPORT_DECREASE_CHARGING : true
07-05 20:03:02.033  2189  2189 I BatteryView: updateShowPercent showPercent: 1 mUseSmallBatteryLevel: false mAllowShowPercentage: true
07-05 20:03:02.034  2189  2189 I BatteryMeterDrawableBase: isHideWaring mHideWaring: false
07-05 20:03:02.034  1418  1570 I BatteryMgr:DataCollectionService: stats => 1688580182034,-266601,4170
07-05 20:03:02.034  2189  2189 I BatteryView: updateShowPercent showPercent: 1 mUseSmallBatteryLevel: false mAllowShowPercentage: true
07-05 20:03:02.034  2189  2189 I BatteryMeterDrawableBase: isHideWaring mHideWaring: false
07-05 20:03:02.056  1705  1889 D CompatibilityInfo: mCompatibilityFlags - 0
07-05 20:03:02.056  1705  1889 D CompatibilityInfo: applicationDensity - 420
07-05 20:03:02.056  1705  1889 D CompatibilityInfo: applicationScale - 1.0
07-05 20:03:02.065  1418  1570 I BatteryMgr:DataCollectionService: stats => 1688580182065,-266601,4131
07-05 20:03:02.079  1418  1570 I BatteryMgr:DataCollectionService: stats => 1688580182079,-266601,4131
07-05 20:03:02.092  1418  1570 I BatteryMgr:DataCollectionService: stats => 1688580182092,-266601,4131
07-05 20:03:02.105  1418  1570 I BatteryMgr:DataCollectionService: stats => 1688580182105,-266601,4131
07-05 20:03:02.118  1418  1570 I BatteryMgr:DataCollectionService: stats => 1688580182118,-266601,4131
07-05 20:03:02.131  1418  1570 I BatteryMgr:DataCollectionService: stats => 1688580182131,-266601,4131
07-05 20:03:02.143  1418  1570 I BatteryMgr:DataCollectionService: stats => 1688580182143,-266601,4131
07-05 20:03:02.156  1418  1570 I BatteryMgr:DataCollectionService: stats => 1688580182156,-266601,4131
07-05 20:03:02.169  1418  1570 I BatteryMgr:DataCollectionService: stats => 1688580182169,-266601,4131
07-05 20:03:02.182  1418  1570 I BatteryMgr:DataCollectionService: stats => 1688580182182,-266601,4131
07-05 20:03:02.195  1418  1570 I BatteryMgr:DataCollectionService: stats => 1688580182195,-266601,4131
07-05 20:03:02.208  1418  1570 I BatteryMgr:DataCollectionService: stats => 1688580182208,-266601,4131
07-05 20:03:02.222  1418  1570 I BatteryMgr:DataCollectionService: stats => 1688580182222,-266601,4131
07-05 20:03:02.236  1418  1570 I BatteryMgr:DataCollectionService: stats => 1688580182236,-266601,4131
07-05 20:03:02.250  1418  1570 I BatteryMgr:DataCollectionService: stats => 1688580182250,-266601,4131
07-05 20:03:02.263  1418  1570 I BatteryMgr:DataCollectionService: stats => 1688580182263,-266601,4131
07-05 20:03:02.278  1418  1570 I BatteryMgr:DataCollectionService: stats => 1688580182278,-266601,4131
07-05 20:03:02.292  1418  1570 I BatteryMgr:DataCollectionService: stats => 1688580182291,-266601,4131
07-05 20:03:02.306  1418  1570 I BatteryMgr:DataCollectionService: stats => 1688580182306,-266601,4131
07-05 20:03:02.321  1418  1570 I BatteryMgr:DataCollectionService: stats => 1688580182321,-266601,4131
07-05 20:03:02.334  1418  1570 I BatteryMgr:DataCollectionService: stats => 1688580182334,-266601,4131
07-05 20:03:02.347  1418  1570 I BatteryMgr:DataCollectionService: stats => 1688580182347,-266601,4131
07-05 20:03:02.361  1418  1570 I BatteryMgr:DataCollectionService: stats => 1688580182361,-266601,4131
07-05 20:03:02.374  1418  1570 I BatteryMgr:DataCollectionService: stats => 1688580182374,-266601,4131
07-05 20:03:02.388  1418  1570 I BatteryMgr:DataCollectionService: stats => 1688580182388,-266601,4131
07-05 20:03:02.401  1418  1570 I BatteryMgr:DataCollectionService: stats => 1688580182401,-266601,4131
07-05 20:03:02.416  1418  1570 I BatteryMgr:DataCollectionService: stats => 1688580182416,-266601,4131
07-05 20:03:02.431  1418  1570 I BatteryMgr:DataCollectionService: stats => 1688580182431,-266601,4131
07-05 20:03:02.444  1418  1570 I BatteryMgr:DataCollectionService: stats => 1688580182444,-266601,4131
07-05 20:03:02.458  1418  1570 I BatteryMgr:DataCollectionService: stats => 1688580182458,-266601,4131
07-05 20:03:02.472  1418  1570 I BatteryMgr:DataCollectionService: stats => 1688580182472,-266601,4131
07-05 20:03:02.485  1418  1570 I BatteryMgr:DataCollectionService: stats => 1688580182485,-266601,4131
07-05 20:03:02.500  1418  1570 I BatteryMgr:DataCollectionService: stats => 1688580182500,-266601,4131
07-05 20:03:02.514  1418  1570 I BatteryMgr:DataCollectionService: stats => 1688580182514,-266601,4131
07-05 20:03:02.528  1418  1570 I BatteryMgr:DataCollectionService: stats => 1688580182528,-266601,4131
07-05 20:03:02.541  1418  1570 I BatteryMgr:DataCollectionService: stats => 1688580182541,-266601,4131
07-05 20:03:02.556  1418  1570 I BatteryMgr:DataCollectionService: stats => 1688580182556,-266601,4131
07-05 20:03:02.569  1418  1570 I BatteryMgr:DataCollectionService: stats => 1688580182569,-266601,4131
07-05 20:03:02.583  1418  1570 I BatteryMgr:DataCollectionService: stats => 1688580182583,-266601,4131
07-05 20:03:02.604  1418  1570 I BatteryMgr:DataCollectionService: stats => 1688580182604,-266601,4131
07-05 20:03:02.625  1418  1570 I BatteryMgr:DataCollectionService: stats => 1688580182625,-266601,4131
07-05 20:03:02.639  1418  1570 I BatteryMgr:DataCollectionService: stats => 1688580182639,-266601,4131
07-05 20:03:02.652  1418  1570 I BatteryMgr:DataCollectionService: stats => 1688580182652,-266601,4131
07-05 20:03:02.664  1418  1570 I BatteryMgr:DataCollectionService: stats => 1688580182664,-266601,4131
07-05 20:03:02.678  1418  1570 I BatteryMgr:DataCollectionService: stats => 1688580182678,-266601,4131
07-05 20:03:02.692  1418  1570 I BatteryMgr:DataCollectionService: stats => 1688580182692,-266601,4131
07-05 20:03:02.706  1418  1570 I BatteryMgr:DataCollectionService: stats => 1688580182706,-266601,4131
07-05 20:03:02.720  1418  1570 I BatteryMgr:DataCollectionService: stats => 1688580182720,-266601,4131
07-05 20:03:02.733  1418  1570 I BatteryMgr:DataCollectionService: stats => 1688580182733,-266601,4131
07-05 20:03:02.747  1418  1570 I BatteryMgr:DataCollectionService: stats => 1688580182746,-266601,4131
07-05 20:03:02.761  1418  1570 I BatteryMgr:DataCollectionService: stats => 1688580182761,-266601,4131
07-05 20:03:02.774  1418  1570 I BatteryMgr:DataCollectionService: stats => 1688580182774,-266601,4131
07-05 20:03:02.788  1418  1570 I BatteryMgr:DataCollectionService: stats => 1688580182788,-266601,4131
07-05 20:03:02.801  1418  1570 I BatteryMgr:DataCollectionService: stats => 1688580182801,-266601,4131
07-05 20:03:02.814  1418  1570 I BatteryMgr:DataCollectionService: stats => 1688580182814,-266601,4131
07-05 20:03:02.828  1418  1570 I BatteryMgr:DataCollectionService: stats => 1688580182828,-266601,4131
07-05 20:03:02.841  1418  1570 I BatteryMgr:DataCollectionService: stats => 1688580182841,-266601,4131
07-05 20:03:02.855  1418  1570 I BatteryMgr:DataCollectionService: stats => 1688580182855,-266601,4131
07-05 20:03:02.868  1418  1570 I BatteryMgr:DataCollectionService: stats => 1688580182868,-266601,4131
07-05 20:03:02.882  1418  1570 I BatteryMgr:DataCollectionService: stats => 1688580182882,-266601,4131
07-05 20:03:02.895  1418  1570 I BatteryMgr:DataCollectionService: stats => 1688580182895,-266601,4131
07-05 20:03:02.906  1705  3264 D WificondControl: Scan result ready event
07-05 20:03:02.906  1130  3798 I LOWI-8.6.0.67: [LOWI-Scan] lowi_close_record:Scan done in 37405514ms, 6 APs in scan results
07-05 20:03:02.912  1418  1570 I BatteryMgr:DataCollectionService: stats => 1688580182912,-266601,4131
07-05 20:03:02.915  1705  2142 D WifiNetworkSelector: Current connected network: "DoodleBoodle" , ID: 0
07-05 20:03:02.915  1705  2142 D WifiNetworkSelector: Current network is 2.4GHz. 5GHz networks available.
07-05 20:03:02.915  1705  2142 D WifiNetworkSelector: Current connected network is not sufficient.
07-05 20:03:02.920  1705  2142 D WifiNetworkSelector: Networks filtered out due to low signal strength: Wifi_AM:9c:53:22:1a:47:bd(2.4GHz)-82 / 
07-05 20:03:02.921  1705  2142 D WifiNetworkSelector: About to run SavedNetworkEvaluator :
07-05 20:03:02.922  1705  2142 D SavedNetworkEvaluator: 
07-05 20:03:02.922  1705  2142 D SavedNetworkEvaluator: [ DoodleBoodle 90:9a:4a:19:d8:a6 RSSI:-33 ]  RSSI score: 100, Same network bonus: 16, Same BSSID bonus: 24, Secure network bonus: 80, ## Total score: 220
07-05 20:03:02.922  1705  2142 D WifiNetworkSelector: SavedNetworkEvaluator selects "DoodleBoodle":0
07-05 20:03:02.923  1705  2142 D WifiNetworkSelector: About to run NetworkSuggestionEvaluator :
07-05 20:03:02.924  1705  2142 D WifiNetworkSelector: About to run PasspointNetworkEvaluator :
07-05 20:03:02.929  1705  2142 D PasspointNetworkEvaluator: No suitable Passpoint network found
07-05 20:03:02.930  1418  1570 I BatteryMgr:DataCollectionService: stats => 1688580182929,-266601,4131
07-05 20:03:02.930  1705  2142 D WifiNetworkSelector: About to run CarrierNetworkEvaluator :
07-05 20:03:02.930  1705  2142 D WifiNetworkSelector: About to run ScoredNetworkEvaluator :
07-05 20:03:02.931  1705  2142 D WifiNetworkSelector: BubbleFunScorer_v1 would choose 0 score 66.034092226088+/-0.06623983703089528 expid 42598151
07-05 20:03:02.931  1705  2142 D WifiNetworkSelector: CompatibilityScorer chooses 0 score 219.967+/-10.0 expid 42504592
07-05 20:03:02.931  1705  2142 D WifiNetworkSelector: ScoreCardBasedScorer would choose 0 score 200.0+/-10.0 expid 42902385
07-05 20:03:02.947  1418  1570 I BatteryMgr:DataCollectionService: stats => 1688580182947,-266601,4131
07-05 20:03:02.949  2834  3555 I ChimeraSrvcProxy: NullBinder for android.net.action.RECOMMEND_NETWORKS triggering remote TransactionTooLargeException due to Service without Chimera impl
07-05 20:03:02.962  1418  1570 I BatteryMgr:DataCollectionService: stats => 1688580182961,-266601,4131
07-05 20:03:02.975  1418  1570 I BatteryMgr:DataCollectionService: stats => 1688580182975,-266601,4131
07-05 20:03:02.993  1418  1570 I BatteryMgr:DataCollectionService: stats => 1688580182993,-266601,4131
07-05 20:03:03.008  1418  1570 I BatteryMgr:DataCollectionService: stats => 1688580183008,-266601,4131
07-05 20:03:03.022  1418  1570 I BatteryMgr:DataCollectionService: stats => 1688580183022,-266601,4131
07-05 20:03:03.039  1418  1570 I BatteryMgr:DataCollectionService: stats => 1688580183039,-266601,4131
07-05 20:03:03.056  1418  1570 I BatteryMgr:DataCollectionService: stats => 1688580183056,-266601,4131
07-05 20:03:03.073  1418  1570 I BatteryMgr:DataCollectionService: stats => 1688580183073,-266601,4131
07-05 20:03:03.090  1418  1570 I BatteryMgr:DataCollectionService: stats => 1688580183090,-266601,4131
07-05 20:03:03.107  1418  1570 I BatteryMgr:DataCollectionService: stats => 1688580183106,-266601,4131
07-05 20:03:03.125  1418  1570 I BatteryMgr:DataCollectionService: stats => 1688580183125,-266601,4131
07-05 20:03:03.145  1418  1570 I BatteryMgr:DataCollectionService: stats => 1688580183145,-266601,4131
07-05 20:03:03.165  1418  1570 I BatteryMgr:DataCollectionService: stats => 1688580183165,-266601,4131
07-05 20:03:03.188  1418  1570 I BatteryMgr:DataCollectionService: stats => 1688580183187,-266601,4131
07-05 20:03:03.205  1418  1570 I BatteryMgr:DataCollectionService: stats => 1688580183205,-266601,4131
07-05 20:03:03.224  1418  1570 I BatteryMgr:DataCollectionService: stats => 1688580183224,-266601,4131
07-05 20:03:03.245  1418  1570 I BatteryMgr:DataCollectionService: stats => 1688580183245,-266601,4131
07-05 20:03:03.265  1418  1570 I BatteryMgr:DataCollectionService: stats => 1688580183265,-266601,4131
07-05 20:03:03.285  1418  1570 I BatteryMgr:DataCollectionService: stats => 1688580183285,-266601,4131
07-05 20:03:03.309  1418  1570 I BatteryMgr:DataCollectionService: stats => 1688580183309,-266601,4131
07-05 20:03:03.325  1418  1570 I BatteryMgr:DataCollectionService: stats => 1688580183325,-266601,4131
07-05 20:03:03.340  1418  1570 I BatteryMgr:DataCollectionService: stats => 1688580183340,-266601,4131
07-05 20:03:03.355  1418  1570 I BatteryMgr:DataCollectionService: stats => 1688580183355,-266601,4131
07-05 20:03:03.371  1418  1570 I BatteryMgr:DataCollectionService: stats => 1688580183371,-266601,4131
07-05 20:03:03.386  1418  1570 I BatteryMgr:DataCollectionService: stats => 1688580183386,-266601,4131
07-05 20:03:03.402  1418  1570 I BatteryMgr:DataCollectionService: stats => 1688580183402,-266601,4131
07-05 20:03:03.416  1418  1570 I BatteryMgr:DataCollectionService: stats => 1688580183415,-266601,4131
07-05 20:03:03.432  1418  1570 I BatteryMgr:DataCollectionService: stats => 1688580183432,-266601,4131
07-05 20:03:03.446  1418  1570 I BatteryMgr:DataCollectionService: stats => 1688580183446,-266601,4131
