06-12 22:26:22.156  1296  3654 D ACDB-LOADER: ACDB -> send_audio_cal, acdb_id = 512, path = 1, app id = 0x11132, sample rate = 48000
06-12 22:26:22.156  1296  3654 D ACDB-LOADER: ACDB -> send_asm_topology
06-12 22:26:22.156  1296  3654 D ACDB-LOADER: ACDB -> ACDB_CMD_GET_AUDPROC_STREAM_TOPOLOGY_ID
06-12 22:26:22.156  1296  3654 D ACDB-LOADER: ACDB -> send_adm_topology
06-12 22:26:22.156  1296  3654 D ACDB-LOADER: ACDB -> ACDB_CMD_GET_AUDPROC_COMMON_TOPOLOGY_ID
06-12 22:26:22.156  1296  3654 D ACDB-LOADER: ACDB -> send_audtable
06-12 22:26:22.156  1296  3654 D ACDB-LOADER: ACDB -> ACDB_CMD_GET_AUDPROC_COMMON_TABLE_SIZE
06-12 22:26:22.156  1296  3654 D ACDB-LOADER: ACDB -> ACDB_CMD_GET_AUDPROC_COMMON_TABLE
06-12 22:26:22.156  1296  3654 D ACDB-LOADER: ACDB -> AUDIO_SET_AUDPROC_CAL
06-12 22:26:22.156  1296  3654 D ACDB-LOADER: ACDB -> send_audvoltable
06-12 22:26:22.156  1296  3654 D ACDB-LOADER: ACDB -> ACDB_CMD_GET_AUDPROC_VOL_STEP_TABLE_SIZE
06-12 22:26:22.156  1296  3654 D ACDB-LOADER: ACDB -> ACDB_CMD_GET_AUDPROC_GAIN_DEP_STEP_TABLE, vol index 0
06-12 22:26:22.156  1296  3654 D android.hardware.audio.service: Failed to fetch the lookup information of the device 00000200 
06-12 22:26:22.156  1296  3654 E ACDB-LOADER: Error: ACDB AudProc vol returned = -19
06-12 22:26:22.156  1296  3654 D ACDB-LOADER: ACDB -> AUDIO_SET_VOL_CAL cal type = 12
06-12 22:26:22.156  1296  3654 D ACDB-LOADER: ACDB -> ACDB_CMD_GET_AUDPROC_STREAM_TABLE_SIZE
06-12 22:26:22.156  1296  3654 D ACDB-LOADER: ACDB -> send_audstrmtable
06-12 22:26:22.156  1296  3654 D ACDB-LOADER: ACDB -> ACDB_CMD_GET_AUDPROC_STREAM_TABLE_V2
06-12 22:26:22.156  1296  3654 D ACDB-LOADER: ACDB -> audstrm_cal->cal_type.cal_data.cal_size = 16
06-12 22:26:22.156  1296  3654 D ACDB-LOADER: ACDB -> send_afe_topology
06-12 22:26:22.156  1296  3654 D ACDB-LOADER: ACDB -> ACDB_CMD_GET_AFE_TOPOLOGY_ID
06-12 22:26:22.157  1296  3654 D ACDB-LOADER: ACDB -> GET_AFE_TOPOLOGY_ID for adcd_id 512, Topology Id 10001ccc
06-12 22:26:22.157  1296  3654 D ACDB-LOADER: ACDB -> send_afe_cal
06-12 22:26:22.157  1296  3654 D ACDB-LOADER: ACDB -> ACDB_CMD_GET_AFE_COMMON_TABLE_SIZE
06-12 22:26:22.157  1296  3654 D ACDB-LOADER: ACDB -> ACDB_CMD_GET_AFE_COMMON_TABLE
06-12 22:26:22.157  1296  3654 D ACDB-LOADER: ACDB -> AUDIO_SET_AFE_CAL
06-12 22:26:22.157  1296  3654 D ACDB-LOADER: ACDB -> send_hw_delay : acdb_id = 512 path = 1
06-12 22:26:22.157  1296  3654 D ACDB-LOADER: ACDB -> ACDB_AVSYNC_INFO: ACDB_CMD_GET_DEVICE_PROPERTY
06-12 22:26:22.157  1296  3654 D audio_hw_primary: enable_audio_route: usecase(25) apply and update mixer path: spkr-vi-record vi-feedback
06-12 22:26:22.157  1296  3654 D audio_route: Apply path: spkr-vi-record vi-feedback
06-12 22:26:22.202  1296  3654 D msm8974_platform: Setting audio calibration for snd_device(4) acdb_id(514)
06-12 22:26:22.202  1296  3654 E ACDB-LOADER: [acdb_loader_adsp_set_audio_cal] active device/stream not found (result=-100) for topology 0x1000dffb and apptype 0x11130
06-12 22:26:22.202  1296  3654 E ACDB-LOADER: [acdb_loader_adsp_set_audio_cal] set parameters failed with status -100
06-12 22:26:22.202  1296  3654 D msm8974_platform: Setting audio calibration for snd_device(4) acdb_id(514)
06-12 22:26:22.203  1296  3654 D audio_hw_waves: print_state_log: send volume table -(0,0.000000,F),(1,0.000000,F),(2,0.000000,F),(3,0.000000,F),(4,0.000000,F),(5,0.000000,T)
06-12 22:26:22.203  1296  3654 D ACDB-LOADER: ACDB -> send_audio_cal, acdb_id = 514, path = 0, app id = 0x11130, sample rate = 48000
06-12 22:26:22.203  1296  3654 D ACDB-LOADER: ACDB -> send_asm_topology
06-12 22:26:22.203  1296  3654 D ACDB-LOADER: ACDB -> ACDB_CMD_GET_AUDPROC_STREAM_TOPOLOGY_ID
06-12 22:26:22.203  1296  3654 D ACDB-LOADER: ACDB -> send_adm_topology
06-12 22:26:22.203  1296  3654 D ACDB-LOADER: ACDB -> ACDB_CMD_GET_AUDPROC_COMMON_TOPOLOGY_ID
06-12 22:26:22.203  1296  3654 D ACDB-LOADER: ACDB -> send_audtable
06-12 22:26:22.203  1296  3654 D ACDB-LOADER: ACDB -> ACDB_CMD_GET_AUDPROC_COMMON_TABLE_SIZE
06-12 22:26:22.203  1296  3654 D ACDB-LOADER: ACDB -> ACDB_CMD_GET_AUDPROC_COMMON_TABLE
06-12 22:26:22.203  1296  3654 D ACDB-LOADER: ACDB -> AUDIO_SET_AUDPROC_CAL
06-12 22:26:22.203  1296  3654 D ACDB-LOADER: ACDB -> send_audvoltable
06-12 22:26:22.203  1296  3654 D ACDB-LOADER: ACDB -> ACDB_CMD_GET_AUDPROC_VOL_STEP_TABLE_SIZE
06-12 22:26:22.203  1296  3654 D ACDB-LOADER: ACDB -> ACDB_CMD_GET_AUDPROC_GAIN_DEP_STEP_TABLE, vol index 0
06-12 22:26:22.203  1296  3654 D android.hardware.audio.service: Failed to fetch the lookup information of the device 00000202 
06-12 22:26:22.203  1296  3654 E ACDB-LOADER: Error: ACDB AudProc vol returned = -19
06-12 22:26:22.203  1296  3654 D ACDB-LOADER: ACDB -> AUDIO_SET_VOL_CAL cal type = 12
06-12 22:26:22.203  1296  3654 D ACDB-LOADER: ACDB -> ACDB_CMD_GET_AUDPROC_STREAM_TABLE_SIZE
06-12 22:26:22.203  1296  3654 D ACDB-LOADER: ACDB -> send_audstrmtable
06-12 22:26:22.203  1296  3654 D ACDB-LOADER: ACDB -> ACDB_CMD_GET_AUDPROC_STREAM_TABLE_V2
06-12 22:26:22.203  1296  3654 D ACDB-LOADER: ACDB -> audstrm_cal->cal_type.cal_data.cal_size = 456
06-12 22:26:22.203  1296  3654 D ACDB-LOADER: ACDB -> send_afe_topology
06-12 22:26:22.203  1296  3654 D ACDB-LOADER: ACDB -> ACDB_CMD_GET_AFE_TOPOLOGY_ID
06-12 22:26:22.203  1296  3654 D ACDB-LOADER: ACDB -> GET_AFE_TOPOLOGY_ID for adcd_id 514, Topology Id 10000ccc
06-12 22:26:22.203  1296  3654 D ACDB-LOADER: ACDB -> send_afe_cal
06-12 22:26:22.203  1296  3654 D ACDB-LOADER: ACDB -> ACDB_CMD_GET_AFE_COMMON_TABLE_SIZE
06-12 22:26:22.203  1296  3654 D ACDB-LOADER: ACDB -> ACDB_CMD_GET_AFE_COMMON_TABLE
06-12 22:26:22.203  1296  3654 D ACDB-LOADER: ACDB -> AUDIO_SET_AFE_CAL
06-12 22:26:22.203  1296  3654 D ACDB-LOADER: ACDB -> send_hw_delay : acdb_id = 514 path = 0
06-12 22:26:22.203  1296  3654 D ACDB-LOADER: ACDB -> ACDB_AVSYNC_INFO: ACDB_CMD_GET_DEVICE_PROPERTY
06-12 22:26:22.203  1296  3654 D audio_hw_primary: enable_audio_route: usecase(1) apply and update mixer path: low-latency-playback speaker
06-12 22:26:22.203  1296  3654 D audio_route: Apply path: low-latency-playback speaker
06-12 22:26:22.257 15585 15689 I BatteryMgr:DataCollectionService: stats => 1686601582257,226875,4156
06-12 22:26:22.261 19579 19579 D BoundBrokerSvc: onUnbind: Intent { act=com.google.android.gms.inappreach.service.START dat=chimera-action: cmp=com.google.android.gms/.chimera.GmsApiService }
06-12 22:26:22.263  1917  4528 W ProcessStats: Tracking association SourceState{329dbb7 system/1000 BTopFgs #178161} whose proc state 2 is better than process ProcessState{9cdae9d com.google.android.gms.persistent/10125 pkg=com.google.android.gms} proc state 3 (31 skipped)
06-12 22:26:22.264  1296  3654 D audio_hw_primary: out_write: retry previous failed cal level set
06-12 22:26:22.286  1296  1296 D audio_hw_waves: print_state_log: send volume table -(0,0.000000,F),(1,0.000000,F),(2,0.000000,F),(3,0.000000,F),(4,0.000000,F),(5,0.302643,T)
06-12 22:26:22.367 15585 15689 I BatteryMgr:DataCollectionService: stats => 1686601582367,226875,4156
06-12 22:26:22.474 15585 15689 I BatteryMgr:DataCollectionService: stats => 1686601582474,226875,4156
06-12 22:26:22.580 15585 15689 I BatteryMgr:DataCollectionService: stats => 1686601582580,237812,4156
06-12 22:26:22.686 15585 15689 I BatteryMgr:DataCollectionService: stats => 1686601582686,237812,4156
06-12 22:26:22.796 15585 15689 I BatteryMgr:DataCollectionService: stats => 1686601582796,237812,4156
06-12 22:26:22.836  1917  2394 D ConnectivityService: NetReassign [no changes] [c 1] [a 0] [i 5]
06-12 22:26:22.906 15585 15689 I BatteryMgr:DataCollectionService: stats => 1686601582905,142500,4156
06-12 22:26:23.012 15585 15689 I BatteryMgr:DataCollectionService: stats => 1686601583012,142500,4156
06-12 22:26:23.017  1323  1402 D VSC     : @ 285401.669: [WO] Proposed rotation: 4, flat angle threshold: 65
06-12 22:26:23.017  1323  1402 D VSC     : @ 285401.669: [WO] orientation angle 317, orientation 4
06-12 22:26:23.017  1323  1402 D VSC     : @ 285401.669: [WO] Gyro angle integrated: 0.120827
06-12 22:26:23.122 15585 15689 I BatteryMgr:DataCollectionService: stats => 1686601583122,142500,4156
06-12 22:26:23.230 15585 15689 I BatteryMgr:DataCollectionService: stats => 1686601583230,126562,4156
06-12 22:26:23.313  1539 15705 D CCodecBufferChannel: [c2.android.vorbis.decoder#424] buffers after EOS ignored (0 us)
06-12 22:26:23.315  1539 15705 D CCodecBufferChannel: [c2.android.vorbis.decoder#424] buffers after EOS ignored (0 us)
06-12 22:26:23.316  1539 15705 D CCodecBufferChannel: [c2.android.vorbis.decoder#424] buffers after EOS ignored (0 us)
06-12 22:26:23.340 15585 15689 I BatteryMgr:DataCollectionService: stats => 1686601583340,126562,4156
06-12 22:26:23.448 15585 15689 I BatteryMgr:DataCollectionService: stats => 1686601583448,126562,4156
06-12 22:26:23.554 15585 15689 I BatteryMgr:DataCollectionService: stats => 1686601583554,126562,4156
06-12 22:26:23.559  1539 15703 D AudioTrack: stop(522): called with 76269 frames delivered
06-12 22:26:23.659 15585 15689 I BatteryMgr:DataCollectionService: stats => 1686601583659,243750,4156
06-12 22:26:23.765 15585 15689 I BatteryMgr:DataCollectionService: stats => 1686601583765,243750,4156
06-12 22:26:23.872 15585 15689 I BatteryMgr:DataCollectionService: stats => 1686601583871,243750,4156
06-12 22:26:23.931  1917  4528 I MediaFocusControl: abandonAudioFocus() from uid/pid 10195/2553 clientId=android.media.AudioManager@95f095c
06-12 22:26:23.932  2553 15698 V MediaPlayer: resetDrmState:  mDrmInfo=null mDrmProvisioningThread=null mPrepareDrmInProgress=false mActiveDrmScheme=false
06-12 22:26:23.932  2553 15698 V MediaPlayer: cleanDrmObj: mDrmObj=null mDrmSessionId=null
06-12 22:26:23.932  1539 13982 D NuPlayerDriver: reset(0xf3200ab0) at state 6
06-12 22:26:23.941  1539 15705 I hw-BpHwBinder: onLastStrongRef automatically unlinking death recipients
06-12 22:26:23.941  1548  2603 I hw-BpHwBinder: onLastStrongRef automatically unlinking death recipients
06-12 22:26:23.941  1548  2603 I hw-BpHwBinder: onLastStrongRef automatically unlinking death recipients
06-12 22:26:23.943  1548  2603 V C2Store : in ~ComponentModule
06-12 22:26:23.943  1548  2603 V C2Store : unloading dll
06-12 22:26:23.948  1539 15700 D NuPlayerDriver: notifyResetComplete(0xf3200ab0)
06-12 22:26:23.949  1539 13982 W AMessage: failed to post message as target looper for handler 0 is gone.
06-12 22:26:23.949  1296  1296 D audio_hw_waves: print_state_log: send volume table -(0,0.000000,F),(1,0.000000,F),(2,0.000000,F),(3,0.000000,F),(4,0.000000,F),(5,0.000000,F)
06-12 22:26:23.982 15585 15689 I BatteryMgr:DataCollectionService: stats => 1686601583982,145937,4156
06-12 22:26:24.090 15585 15689 I BatteryMgr:DataCollectionService: stats => 1686601584089,145937,4156
06-12 22:26:24.198 15585 15689 I BatteryMgr:DataCollectionService: stats => 1686601584198,145937,4156
06-12 22:26:24.306 15585 15689 I BatteryMgr:DataCollectionService: stats => 1686601584306,135625,4156
06-12 22:26:24.414 15585 15689 I BatteryMgr:DataCollectionService: stats => 1686601584414,135625,4156
06-12 22:26:24.520 15585 15689 I BatteryMgr:DataCollectionService: stats => 1686601584520,135625,4156
06-12 22:26:24.626 15585 15689 I BatteryMgr:DataCollectionService: stats => 1686601584626,141250,4156
06-12 22:26:24.732 15585 15689 I BatteryMgr:DataCollectionService: stats => 1686601584732,141250,4156
06-12 22:26:24.837 15585 15689 I BatteryMgr:DataCollectionService: stats => 1686601584837,141250,4156
06-12 22:26:24.945 15585 15689 I BatteryMgr:DataCollectionService: stats => 1686601584945,141250,4156
06-12 22:26:25.021  1323  1402 D VSC     : @ 285403.671: [WO] Proposed rotation: 4, flat angle threshold: 65
06-12 22:26:25.021  1323  1402 D VSC     : @ 285403.671: [WO] orientation angle 317, orientation 4
06-12 22:26:25.021  1323  1402 D VSC     : @ 285403.671: [WO] Gyro angle integrated: 0.000966
06-12 22:26:25.053 15585 15689 I BatteryMgr:DataCollectionService: stats => 1686601585053,166562,4156
06-12 22:26:25.160 15585 15689 I BatteryMgr:DataCollectionService: stats => 1686601585160,166562,4156
06-12 22:26:25.266 15585 15689 I BatteryMgr:DataCollectionService: stats => 1686601585266,166562,4156
06-12 22:26:25.372 15585 15689 I BatteryMgr:DataCollectionService: stats => 1686601585372,156250,4156
06-12 22:26:25.478 15585 15689 I BatteryMgr:DataCollectionService: stats => 1686601585477,156250,4156
06-12 22:26:25.583 15585 15689 I BatteryMgr:DataCollectionService: stats => 1686601585583,156250,4156
06-12 22:26:25.688 15585 15689 I BatteryMgr:DataCollectionService: stats => 1686601585688,205625,4156
06-12 22:26:25.794 15585 15689 I BatteryMgr:DataCollectionService: stats => 1686601585794,205625,4156
06-12 22:26:25.855  1917  2394 D ConnectivityService: NetReassign [no changes] [c 0] [a 1] [i 4]
06-12 22:26:25.901 15585 15689 I BatteryMgr:DataCollectionService: stats => 1686601585901,205625,4156
06-12 22:26:26.007 15585 15689 I BatteryMgr:DataCollectionService: stats => 1686601586007,205625,4156
06-12 22:26:26.113 15585 15689 I BatteryMgr:DataCollectionService: stats => 1686601586113,205000,4156
06-12 22:26:26.221 15585 15689 I BatteryMgr:DataCollectionService: stats => 1686601586221,205000,4156
06-12 22:26:26.328 15585 15689 I BatteryMgr:DataCollectionService: stats => 1686601586328,205000,4156
06-12 22:26:26.436 15585 15689 I BatteryMgr:DataCollectionService: stats => 1686601586436,149375,4156
06-12 22:26:26.542 15585 15689 I BatteryMgr:DataCollectionService: stats => 1686601586542,149375,4156
06-12 22:26:26.648 15585 15689 I BatteryMgr:DataCollectionService: stats => 1686601586648,149375,4156
06-12 22:26:26.755 15585 15689 I BatteryMgr:DataCollectionService: stats => 1686601586754,158437,4156
06-12 22:26:26.862 15585 15689 I BatteryMgr:DataCollectionService: stats => 1686601586862,158437,4156
06-12 22:26:26.919  1296  1296 D audio_hw_primary: disable_audio_route: usecase(1) reset and update mixer path: low-latency-playback speaker
06-12 22:26:26.921  1296  1296 I audio_hw_cirrus_playback: audio_extn_spkr_prot_stop_processing: pcm_tx_close
06-12 22:26:26.929  1296  1296 D audio_hw_primary: disable_audio_route: usecase(25) reset and update mixer path: spkr-vi-record vi-feedback
06-12 22:26:26.930  1296  1296 D audio_hw_primary: disable_snd_device: snd_device(104: vi-feedback)
06-12 22:26:26.973 15585 15689 I BatteryMgr:DataCollectionService: stats => 1686601586973,158437,4156
06-12 22:26:27.021  1323  1402 D VSC     : @ 285405.669: [WO] Proposed rotation: 4, flat angle threshold: 65
06-12 22:26:27.021  1323  1402 D VSC     : @ 285405.669: [WO] orientation angle 317, orientation 4
06-12 22:26:27.021  1323  1402 D VSC     : @ 285405.669: [WO] Gyro angle integrated: 0.108744
06-12 22:26:27.081  1548  2594 D BufferPoolAccessor2.0: evictor expired: 1, evicted: 0
06-12 22:26:27.089 15585 15689 I BatteryMgr:DataCollectionService: stats => 1686601587089,184687,4156
06-12 22:26:27.216 15585 15689 I BatteryMgr:DataCollectionService: stats => 1686601587216,184687,4156
06-12 22:26:27.326 15585 15689 I BatteryMgr:DataCollectionService: stats => 1686601587326,184687,4156
06-12 22:26:27.440 15585 15689 I BatteryMgr:DataCollectionService: stats => 1686601587439,164375,4156
06-12 22:26:27.555 15585 15689 I BatteryMgr:DataCollectionService: stats => 1686601587554,164375,4156
06-12 22:26:27.687 15585 15689 I BatteryMgr:DataCollectionService: stats => 1686601587686,164375,4156
06-12 22:26:27.816 15585 15689 I BatteryMgr:DataCollectionService: stats => 1686601587815,121562,4156
06-12 22:26:27.931 15585 15689 I BatteryMgr:DataCollectionService: stats => 1686601587931,121562,4156
06-12 22:26:28.040 15585 15689 I BatteryMgr:DataCollectionService: stats => 1686601588040,121562,4156
06-12 22:26:28.085  1539 14959 D BufferPoolAccessor2.0: evictor expired: 1, evicted: 0
06-12 22:26:28.157 15585 15689 I BatteryMgr:DataCollectionService: stats => 1686601588156,189687,4156
06-12 22:26:28.272 15585 15689 I BatteryMgr:DataCollectionService: stats => 1686601588272,189687,4156
06-12 22:26:28.398 15585 15689 I BatteryMgr:DataCollectionService: stats => 1686601588398,189687,4156
06-12 22:26:28.520 15585 15689 I BatteryMgr:DataCollectionService: stats => 1686601588520,159062,4156
06-12 22:26:28.645 15585 15689 I BatteryMgr:DataCollectionService: stats => 1686601588645,159062,4156
06-12 22:26:28.769 15585 15689 I BatteryMgr:DataCollectionService: stats => 1686601588768,159062,4156
06-12 22:26:28.878  1917  2394 D ConnectivityService: NetReassign [no changes] [c 1] [a 0] [i 4]
06-12 22:26:28.878 15585 15689 I BatteryMgr:DataCollectionService: stats => 1686601588878,110937,4156
06-12 22:26:29.004 15585 15689 I BatteryMgr:DataCollectionService: stats => 1686601589004,110937,4156
06-12 22:26:29.028  1323  1402 D VSC     : @ 285407.672: [WO] Proposed rotation: 4, flat angle threshold: 65
06-12 22:26:29.028  1323  1402 D VSC     : @ 285407.673: [WO] orientation angle 317, orientation 4
06-12 22:26:29.028  1323  1402 D VSC     : @ 285407.673: [WO] Gyro angle integrated: 0.122800
06-12 22:26:29.093  1548  2594 D BufferPoolAccessor2.0: bufferpool2 0x7bf5a52728 : 0(0 size) total buffers - 0(0 size) used buffers - 89/92 (recycle/alloc) - 3/91 (fetch/transfer)
06-12 22:26:29.094  1548  2594 D BufferPoolAccessor2.0: evictor expired: 1, evicted: 1
06-12 22:26:29.094  1539 14959 D BufferPoolAccessor2.0: bufferpool2 0xef243bc8 : 0(0 size) total buffers - 0(0 size) used buffers - 91/99 (recycle/alloc) - 8/188 (fetch/transfer)
06-12 22:26:29.094  1539 14959 D BufferPoolAccessor2.0: evictor expired: 1, evicted: 1
06-12 22:26:29.121 15585 15689 I BatteryMgr:DataCollectionService: stats => 1686601589121,110937,4156
06-12 22:26:29.232 15585 15689 I BatteryMgr:DataCollectionService: stats => 1686601589232,159687,4156
06-12 22:26:29.348 15585 15689 I BatteryMgr:DataCollectionService: stats => 1686601589348,159687,4156
06-12 22:26:29.475 15585 15689 I BatteryMgr:DataCollectionService: stats => 1686601589475,159687,4156
06-12 22:26:29.603 15585 15689 I BatteryMgr:DataCollectionService: stats => 1686601589602,107187,4156
06-12 22:26:29.729 15585 15689 I BatteryMgr:DataCollectionService: stats => 1686601589729,107187,4156
06-12 22:26:29.847 15585 15689 I BatteryMgr:DataCollectionService: stats => 1686601589846,107187,4156
06-12 22:26:29.969 15585 15689 I BatteryMgr:DataCollectionService: stats => 1686601589969,137500,4156
06-12 22:26:30.089 15585 15689 I BatteryMgr:DataCollectionService: stats => 1686601590089,137500,4156
06-12 22:26:30.202 15585 15689 I BatteryMgr:DataCollectionService: stats => 1686601590202,137500,4156
06-12 22:26:30.312 15585 15689 I BatteryMgr:DataCollectionService: stats => 1686601590311,151250,4156
06-12 22:26:30.428 15585 15689 I BatteryMgr:DataCollectionService: stats => 1686601590428,151250,4156
06-12 22:26:30.544 15585 15689 I BatteryMgr:DataCollectionService: stats => 1686601590544,151250,4156
06-12 22:26:30.676 15585 15689 I BatteryMgr:DataCollectionService: stats => 1686601590676,103437,4156
06-12 22:26:30.805 15585 15689 I BatteryMgr:DataCollectionService: stats => 1686601590805,103437,4156
06-12 22:26:30.919 15585 15689 I BatteryMgr:DataCollectionService: stats => 1686601590919,103437,4156
06-12 22:26:31.029  1323  1402 D VSC     : @ 285409.671: [WO] Proposed rotation: 4, flat angle threshold: 65
06-12 22:26:31.029  1323  1402 D VSC     : @ 285409.672: [WO] orientation angle 317, orientation 4
06-12 22:26:31.029  1323  1402 D VSC     : @ 285409.672: [WO] Gyro angle integrated: 0.252283
06-12 22:26:31.046 15585 15689 I BatteryMgr:DataCollectionService: stats => 1686601591046,155937,4156
06-12 22:26:31.161 15585 15689 I BatteryMgr:DataCollectionService: stats => 1686601591161,155937,4156
06-12 22:26:31.283 15585 15689 I BatteryMgr:DataCollectionService: stats => 1686601591283,100000,4156
06-12 22:26:31.404 15585 15689 I BatteryMgr:DataCollectionService: stats => 1686601591404,100000,4156
06-12 22:26:31.513 15585 15689 I BatteryMgr:DataCollectionService: stats => 1686601591513,100000,4156
06-12 22:26:31.623 15585 15689 I BatteryMgr:DataCollectionService: stats => 1686601591623,100000,4156
06-12 22:26:31.736 15585 15689 I BatteryMgr:DataCollectionService: stats => 1686601591736,211250,4156
06-12 22:26:31.851 15585 15689 I BatteryMgr:DataCollectionService: stats => 1686601591851,211250,4156
06-12 22:26:31.906  1917  2394 D ConnectivityService: NetReassign [no changes] [c 0] [a 1] [i 4]
06-12 22:26:31.974 15585 15689 I BatteryMgr:DataCollectionService: stats => 1686601591974,211250,4156
06-12 22:26:32.102 15585 15689 I BatteryMgr:DataCollectionService: stats => 1686601592101,120625,4156
06-12 22:26:32.227 15585 15689 I BatteryMgr:DataCollectionService: stats => 1686601592227,120625,4156
06-12 22:26:32.345 15585 15689 I BatteryMgr:DataCollectionService: stats => 1686601592345,106562,4156
06-12 22:26:32.457 15585 15689 I BatteryMgr:DataCollectionService: stats => 1686601592457,106562,4156
06-12 22:26:32.578 15585 15689 I BatteryMgr:DataCollectionService: stats => 1686601592578,106562,4156
06-12 22:26:32.687 15585 15689 I BatteryMgr:DataCollectionService: stats => 1686601592687,216562,4156
06-12 22:26:32.812 15585 15689 I BatteryMgr:DataCollectionService: stats => 1686601592812,216562,4156
06-12 22:26:32.935 15585 15689 I BatteryMgr:DataCollectionService: stats => 1686601592935,216562,4156
06-12 22:26:33.030  1323  1402 D VSC     : @ 285411.671: [WO] Proposed rotation: 4, flat angle threshold: 65
06-12 22:26:33.031  1323  1402 D VSC     : @ 285411.672: [WO] orientation angle 317, orientation 4
06-12 22:26:33.031  1323  1402 D VSC     : @ 285411.672: [WO] Gyro angle integrated: 0.038663
06-12 22:26:33.051 15585 15689 I BatteryMgr:DataCollectionService: stats => 1686601593051,115000,4156
06-12 22:26:33.164 15585 15689 I BatteryMgr:DataCollectionService: stats => 1686601593164,115000,4156
06-12 22:26:33.289 15585 15689 I BatteryMgr:DataCollectionService: stats => 1686601593289,115000,4156
06-12 22:26:33.415 15585 15689 I BatteryMgr:DataCollectionService: stats => 1686601593415,100625,4156
06-12 22:26:33.542 15585 15689 I BatteryMgr:DataCollectionService: stats => 1686601593542,100625,4156
06-12 22:26:33.666 15585 15689 I BatteryMgr:DataCollectionService: stats => 1686601593666,100625,4156
06-12 22:26:33.797 15585 15689 I BatteryMgr:DataCollectionService: stats => 1686601593797,125625,4156
06-12 22:26:33.911 15585 15689 I BatteryMgr:DataCollectionService: stats => 1686601593911,125625,4156
06-12 22:26:34.026 15585 15689 I BatteryMgr:DataCollectionService: stats => 1686601594025,125625,4156
06-12 22:26:34.142 15585 15689 I BatteryMgr:DataCollectionService: stats => 1686601594142,200000,4156
06-12 22:26:34.269 15585 15689 I BatteryMgr:DataCollectionService: stats => 1686601594269,200000,4156
06-12 22:26:34.390 15585 15689 I BatteryMgr:DataCollectionService: stats => 1686601594390,200000,4156
06-12 22:26:34.511 15585 15689 I BatteryMgr:DataCollectionService: stats => 1686601594510,103750,4156
06-12 22:26:34.626 15585 15689 I BatteryMgr:DataCollectionService: stats => 1686601594626,103750,4156
06-12 22:26:34.753 15585 15689 I BatteryMgr:DataCollectionService: stats => 1686601594753,103750,4156
06-12 22:26:34.876 15585 15689 I BatteryMgr:DataCollectionService: stats => 1686601594876,111250,4156
06-12 22:26:34.935  1917  2394 D ConnectivityService: NetReassign [no changes] [c 0] [a 0] [i 5]
06-12 22:26:34.998 15585 15689 I BatteryMgr:DataCollectionService: stats => 1686601594998,111250,4156
06-12 22:26:35.030  1323  1402 D VSC     : @ 285413.671: [WO] Proposed rotation: 4, flat angle threshold: 65
06-12 22:26:35.030  1323  1402 D VSC     : @ 285413.672: [WO] orientation angle 317, orientation 4
06-12 22:26:35.031  1323  1402 D VSC     : @ 285413.672: [WO] Gyro angle integrated: 0.091825
06-12 22:26:35.112 15585 15689 I BatteryMgr:DataCollectionService: stats => 1686601595112,111250,4156
06-12 22:26:35.229 15585 15689 I BatteryMgr:DataCollectionService: stats => 1686601595229,184687,4156
06-12 22:26:35.343 15585 15689 I BatteryMgr:DataCollectionService: stats => 1686601595343,184687,4156
06-12 22:26:35.467 15585 15689 I BatteryMgr:DataCollectionService: stats => 1686601595467,184687,4156
06-12 22:26:35.594 15585 15689 I BatteryMgr:DataCollectionService: stats => 1686601595593,132500,4156
06-12 22:26:35.714 15585 15689 I BatteryMgr:DataCollectionService: stats => 1686601595714,132500,4156
06-12 22:26:35.846 15585 15689 I BatteryMgr:DataCollectionService: stats => 1686601595846,103437,4156
06-12 22:26:35.972 15585 15689 I BatteryMgr:DataCollectionService: stats => 1686601595972,103437,4156
06-12 22:26:36.089 15585 15689 I BatteryMgr:DataCollectionService: stats => 1686601596089,103437,4156
06-12 22:26:36.210 15585 15689 I BatteryMgr:DataCollectionService: stats => 1686601596210,96875,4156
06-12 22:26:36.322 15585 15689 I BatteryMgr:DataCollectionService: stats => 1686601596322,96875,4156
06-12 22:26:36.434 15585 15689 I BatteryMgr:DataCollectionService: stats => 1686601596434,96875,4156
06-12 22:26:36.561 15585 15689 I BatteryMgr:DataCollectionService: stats => 1686601596561,125625,4156
06-12 22:26:36.683 15585 15689 I BatteryMgr:DataCollectionService: stats => 1686601596683,125625,4156
06-12 22:26:36.812 15585 15689 I BatteryMgr:DataCollectionService: stats => 1686601596811,125625,4156
06-12 22:26:36.934 15585 15689 I BatteryMgr:DataCollectionService: stats => 1686601596934,109375,4156
06-12 22:26:37.029  1323  1402 D VSC     : @ 285415.672: [WO] Proposed rotation: 4, flat angle threshold: 65
06-12 22:26:37.029  1323  1402 D VSC     : @ 285415.672: [WO] orientation angle 317, orientation 4
06-12 22:26:37.029  1323  1402 D VSC     : @ 285415.672: [WO] Gyro angle integrated: 0.005001
06-12 22:26:37.048 15585 15689 I BatteryMgr:DataCollectionService: stats => 1686601597048,109375,4156
06-12 22:26:37.162 15585 15689 I BatteryMgr:DataCollectionService: stats => 1686601597162,109375,4156
06-12 22:26:37.291 15585 15689 I BatteryMgr:DataCollectionService: stats => 1686601597290,131875,4156
06-12 22:26:37.406 15585 15689 I BatteryMgr:DataCollectionService: stats => 1686601597405,131875,4156
06-12 22:26:37.519 15585 15689 I BatteryMgr:DataCollectionService: stats => 1686601597519,131875,4156
06-12 22:26:37.648 15585 15689 I BatteryMgr:DataCollectionService: stats => 1686601597648,195000,4156
06-12 22:26:37.773 15585 15689 I BatteryMgr:DataCollectionService: stats => 1686601597772,195000,4156
06-12 22:26:37.882 15585 15689 I BatteryMgr:DataCollectionService: stats => 1686601597881,195000,4156
06-12 22:26:37.971  1917  2394 D ConnectivityService: NetReassign [no changes] [c 1] [a 0] [i 4]
06-12 22:26:38.006 15585 15689 I BatteryMgr:DataCollectionService: stats => 1686601598006,96875,4156
06-12 22:26:38.136 15585 15689 I BatteryMgr:DataCollectionService: stats => 1686601598136,96875,4156
06-12 22:26:38.255 15585 15689 I BatteryMgr:DataCollectionService: stats => 1686601598255,96875,4156
06-12 22:26:38.375 15585 15689 I BatteryMgr:DataCollectionService: stats => 1686601598375,102187,4156
06-12 22:26:38.483 15585 15689 I BatteryMgr:DataCollectionService: stats => 1686601598483,102187,4156
06-12 22:26:38.604 15585 15689 I BatteryMgr:DataCollectionService: stats => 1686601598603,102187,4156
06-12 22:26:38.719 15585 15689 I BatteryMgr:DataCollectionService: stats => 1686601598718,179375,4156
06-12 22:26:38.842 15585 15689 I BatteryMgr:DataCollectionService: stats => 1686601598842,179375,4156
06-12 22:26:38.970 15585 15689 I BatteryMgr:DataCollectionService: stats => 1686601598970,179375,4156
06-12 22:26:39.030  1323  1402 D VSC     : @ 285417.671: [WO] Proposed rotation: 4, flat angle threshold: 65
06-12 22:26:39.030  1323  1402 D VSC     : @ 285417.672: [WO] orientation angle 317, orientation 4
06-12 22:26:39.030  1323  1402 D VSC     : @ 285417.672: [WO] Gyro angle integrated: 0.035761
06-12 22:26:39.079 15585 15689 I BatteryMgr:DataCollectionService: stats => 1686601599079,131250,4156
06-12 22:26:39.195 15585 15689 I BatteryMgr:DataCollectionService: stats => 1686601599195,131250,4156
06-12 22:26:39.243 15637 15649 W System  : A resource failed to call close. 
06-12 22:26:39.312 15585 15689 I BatteryMgr:DataCollectionService: stats => 1686601599312,131250,4156
06-12 22:26:39.443 15585 15689 I BatteryMgr:DataCollectionService: stats => 1686601599442,136250,4156
06-12 22:26:39.574 15585 15689 I BatteryMgr:DataCollectionService: stats => 1686601599573,136250,4156
06-12 22:26:39.687 15585 15689 I BatteryMgr:DataCollectionService: stats => 1686601599687,183125,4156
06-12 22:26:39.806 15585 15689 I BatteryMgr:DataCollectionService: stats => 1686601599806,183125,4156
06-12 22:26:39.930 15585 15689 I BatteryMgr:DataCollectionService: stats => 1686601599930,183125,4156
06-12 22:26:40.059 15585 15689 I BatteryMgr:DataCollectionService: stats => 1686601600059,133437,4156
06-12 22:26:40.183 15585 15689 I BatteryMgr:DataCollectionService: stats => 1686601600183,133437,4156
06-12 22:26:40.308 15585 15689 I BatteryMgr:DataCollectionService: stats => 1686601600308,133437,4156
06-12 22:26:40.436 15585 15689 I BatteryMgr:DataCollectionService: stats => 1686601600435,106250,4156
06-12 22:26:40.558 15585 15689 I BatteryMgr:DataCollectionService: stats => 1686601600558,106250,4156
06-12 22:26:40.682 15585 15689 I BatteryMgr:DataCollectionService: stats => 1686601600682,106250,4156
06-12 22:26:40.790 15585 15689 I BatteryMgr:DataCollectionService: stats => 1686601600790,190625,4156
06-12 22:26:40.900 15585 15689 I BatteryMgr:DataCollectionService: stats => 1686601600900,190625,4156
06-12 22:26:40.993  1917  2394 D ConnectivityService: NetReassign [no changes] [c 0] [a 1] [i 5]
06-12 22:26:41.010 15585 15689 I BatteryMgr:DataCollectionService: stats => 1686601601010,190625,4156
06-12 22:26:41.018  1323  1402 D VSC     : @ 285419.669: [WO] Proposed rotation: 4, flat angle threshold: 65
06-12 22:26:41.019  1323  1402 D VSC     : @ 285419.669: [WO] orientation angle 317, orientation 4
06-12 22:26:41.019  1323  1402 D VSC     : @ 285419.669: [WO] Gyro angle integrated: 0.238500
06-12 22:26:41.145 15585 15689 I BatteryMgr:DataCollectionService: stats => 1686601601145,96250,4156
06-12 22:26:41.263 15585 15689 I BatteryMgr:DataCollectionService: stats => 1686601601263,96250,4156
06-12 22:26:41.389 15585 15689 I BatteryMgr:DataCollectionService: stats => 1686601601389,96250,4156
06-12 22:26:41.519 15585 15689 I BatteryMgr:DataCollectionService: stats => 1686601601519,296562,4156
06-12 22:26:41.636 15585 15689 I BatteryMgr:DataCollectionService: stats => 1686601601636,296562,4156
06-12 22:26:41.765 15585 15689 I BatteryMgr:DataCollectionService: stats => 1686601601765,296562,4156
06-12 22:26:41.880 15585 15689 I BatteryMgr:DataCollectionService: stats => 1686601601880,119375,4156
06-12 22:26:41.996 15585 15689 I BatteryMgr:DataCollectionService: stats => 1686601601996,119375,4156
06-12 22:26:42.112 15585 15689 I BatteryMgr:DataCollectionService: stats => 1686601602112,119375,4156
06-12 22:26:42.235 15585 15689 I BatteryMgr:DataCollectionService: stats => 1686601602235,186875,4156
06-12 22:26:42.355 15585 15689 I BatteryMgr:DataCollectionService: stats => 1686601602355,186875,4156
06-12 22:26:42.467 15585 15689 I BatteryMgr:DataCollectionService: stats => 1686601602467,186875,4156
06-12 22:26:42.600 15585 15689 I BatteryMgr:DataCollectionService: stats => 1686601602600,165000,4156
06-12 22:26:42.732 15585 15689 I BatteryMgr:DataCollectionService: stats => 1686601602731,165000,4156
06-12 22:26:42.852 15585 15689 I BatteryMgr:DataCollectionService: stats => 1686601602852,115000,4156
06-12 22:26:42.983 15585 15689 I BatteryMgr:DataCollectionService: stats => 1686601602982,115000,4156
06-12 22:26:43.030  1323  1402 D VSC     : @ 285421.671: [WO] Proposed rotation: 4, flat angle threshold: 65
06-12 22:26:43.030  1323  1402 D VSC     : @ 285421.671: [WO] orientation angle 317, orientation 4
06-12 22:26:43.030  1323  1402 D VSC     : @ 285421.671: [WO] Gyro angle integrated: 0.060893
06-12 22:26:43.099 15585 15689 I BatteryMgr:DataCollectionService: stats => 1686601603099,115000,4156
06-12 22:26:43.216 15585 15689 I BatteryMgr:DataCollectionService: stats => 1686601603216,194062,4156
06-12 22:26:43.332 15585 15689 I BatteryMgr:DataCollectionService: stats => 1686601603332,194062,4156
06-12 22:26:43.463 15585 15689 I BatteryMgr:DataCollectionService: stats => 1686601603463,194062,4156
06-12 22:26:43.588 15585 15689 I BatteryMgr:DataCollectionService: stats => 1686601603587,100000,4156
06-12 22:26:43.717 15585 15689 I BatteryMgr:DataCollectionService: stats => 1686601603716,100000,4156
06-12 22:26:43.841 15585 15689 I BatteryMgr:DataCollectionService: stats => 1686601603840,100000,4156
06-12 22:26:43.968 15585 15689 I BatteryMgr:DataCollectionService: stats => 1686601603967,109687,4156
06-12 22:26:44.018  1917  2394 D ConnectivityService: NetReassign [no changes] [c 1] [a 0] [i 4]
06-12 22:26:44.092 15585 15689 I BatteryMgr:DataCollectionService: stats => 1686601604092,109687,4156
06-12 22:26:44.205 15585 15689 I BatteryMgr:DataCollectionService: stats => 1686601604205,109687,4156
06-12 22:26:44.318 15585 15689 I BatteryMgr:DataCollectionService: stats => 1686601604318,189375,4156
06-12 22:26:44.428 15585 15689 I BatteryMgr:DataCollectionService: stats => 1686601604427,189375,4156
06-12 22:26:44.558 15585 15689 I BatteryMgr:DataCollectionService: stats => 1686601604558,189375,4156
06-12 22:26:44.685 15585 15689 I BatteryMgr:DataCollectionService: stats => 1686601604685,111875,4156
06-12 22:26:44.808 15585 15689 I BatteryMgr:DataCollectionService: stats => 1686601604808,111875,4156
06-12 22:26:44.921 15585 15689 I BatteryMgr:DataCollectionService: stats => 1686601604921,111875,4156
06-12 22:26:45.019  1323  1402 D VSC     : @ 285423.668: [WO] Proposed rotation: 4, flat angle threshold: 65
06-12 22:26:45.019  1323  1402 D VSC     : @ 285423.668: [WO] orientation angle 317, orientation 4
06-12 22:26:45.019  1323  1402 D VSC     : @ 285423.668: [WO] Gyro angle integrated: 0.216507
06-12 22:26:45.031 15585 15689 I BatteryMgr:DataCollectionService: stats => 1686601605030,158437,4156
06-12 22:26:45.146 15585 15689 I BatteryMgr:DataCollectionService: stats => 1686601605146,158437,4156
06-12 22:26:45.273 15585 15689 I BatteryMgr:DataCollectionService: stats => 1686601605273,158437,4156
06-12 22:26:45.389 15585 15689 I BatteryMgr:DataCollectionService: stats => 1686601605389,116250,4156
06-12 22:26:45.509 15585 15689 I BatteryMgr:DataCollectionService: stats => 1686601605508,116250,4156
06-12 22:26:45.632 15585 15689 I BatteryMgr:DataCollectionService: stats => 1686601605632,116250,4156
06-12 22:26:45.749 15585 15689 I BatteryMgr:DataCollectionService: stats => 1686601605749,208750,4156
06-12 22:26:45.870 15585 15689 I BatteryMgr:DataCollectionService: stats => 1686601605870,208750,4156
06-12 22:26:46.000 15585 15689 I BatteryMgr:DataCollectionService: stats => 1686601606000,103437,4156
06-12 22:26:46.123 15585 15689 I BatteryMgr:DataCollectionService: stats => 1686601606123,103437,4156
06-12 22:26:46.249 15585 15689 I BatteryMgr:DataCollectionService: stats => 1686601606249,103437,4156
06-12 22:26:46.376 15585 15689 I BatteryMgr:DataCollectionService: stats => 1686601606376,103437,4156
06-12 22:26:46.493 15585 15689 I BatteryMgr:DataCollectionService: stats => 1686601606492,103437,4156
06-12 22:26:46.612 15585 15689 I BatteryMgr:DataCollectionService: stats => 1686601606612,103437,4156
06-12 22:26:46.729 15585 15689 I BatteryMgr:DataCollectionService: stats => 1686601606729,186250,4156
06-12 22:26:46.857 15585 15689 I BatteryMgr:DataCollectionService: stats => 1686601606856,186250,4156
06-12 22:26:46.974 15585 15689 I BatteryMgr:DataCollectionService: stats => 1686601606974,186250,4156
06-12 22:26:47.023  1323  1402 D VSC     : @ 285425.671: [WO] Proposed rotation: 4, flat angle threshold: 65
06-12 22:26:47.023  1323  1402 D VSC     : @ 285425.672: [WO] orientation angle 317, orientation 4
06-12 22:26:47.023  1323  1402 D VSC     : @ 285425.672: [WO] Gyro angle integrated: 0.034794
06-12 22:26:47.064  1917  2394 D ConnectivityService: NetReassign [no changes] [c 1] [a 0] [i 4]
06-12 22:26:47.088 15585 15689 I BatteryMgr:DataCollectionService: stats => 1686601607087,125937,4156
06-12 22:26:47.214 15585 15689 I BatteryMgr:DataCollectionService: stats => 1686601607214,125937,4156
06-12 22:26:47.323 15585 15689 I BatteryMgr:DataCollectionService: stats => 1686601607323,125937,4156
06-12 22:26:47.449 15585 15689 I BatteryMgr:DataCollectionService: stats => 1686601607449,181875,4156
06-12 22:26:47.570 15585 15689 I BatteryMgr:DataCollectionService: stats => 1686601607570,181875,4156
06-12 22:26:47.679 15585 15689 I BatteryMgr:DataCollectionService: stats => 1686601607678,181875,4156
06-12 22:26:47.791 15585 15689 I BatteryMgr:DataCollectionService: stats => 1686601607791,197187,4156
06-12 22:26:47.912 15585 15689 I BatteryMgr:DataCollectionService: stats => 1686601607912,197187,4156
06-12 22:26:48.038 15585 15689 I BatteryMgr:DataCollectionService: stats => 1686601608037,197187,4156
06-12 22:26:48.165 15585 15689 I BatteryMgr:DataCollectionService: stats => 1686601608164,113125,4156
06-12 22:26:48.290 15585 15689 I BatteryMgr:DataCollectionService: stats => 1686601608290,113125,4156
06-12 22:26:48.403 15585 15689 I BatteryMgr:DataCollectionService: stats => 1686601608402,113125,4156
06-12 22:26:48.520 15585 15689 I BatteryMgr:DataCollectionService: stats => 1686601608519,96250,4156
06-12 22:26:48.639 15585 15689 I BatteryMgr:DataCollectionService: stats => 1686601608639,96250,4156
06-12 22:26:48.752 15585 15689 I BatteryMgr:DataCollectionService: stats => 1686601608752,96250,4156
06-12 22:26:48.866 15585 15689 I BatteryMgr:DataCollectionService: stats => 1686601608865,168437,4156
06-12 22:26:48.992 15585 15689 I BatteryMgr:DataCollectionService: stats => 1686601608992,168437,4156
06-12 22:26:49.019  1323  1402 D VSC     : @ 285427.669: [WO] Proposed rotation: 4, flat angle threshold: 65
06-12 22:26:49.019  1323  1402 D VSC     : @ 285427.669: [WO] orientation angle 317, orientation 4
06-12 22:26:49.019  1323  1402 D VSC     : @ 285427.669: [WO] Gyro angle integrated: 0.003779
06-12 22:26:49.106 15585 15689 I BatteryMgr:DataCollectionService: stats => 1686601609105,168437,4156
06-12 22:26:49.218 15585 15689 I BatteryMgr:DataCollectionService: stats => 1686601609218,135312,4156
06-12 22:26:49.333 15585 15689 I BatteryMgr:DataCollectionService: stats => 1686601609333,135312,4156
06-12 22:26:49.451 15585 15689 I BatteryMgr:DataCollectionService: stats => 1686601609451,135312,4156
06-12 22:26:49.575 15585 15689 I BatteryMgr:DataCollectionService: stats => 1686601609575,100312,4156
06-12 22:26:49.702 15585 15689 I BatteryMgr:DataCollectionService: stats => 1686601609702,100312,4156
06-12 22:26:49.823 15585 15689 I BatteryMgr:DataCollectionService: stats => 1686601609823,100312,4156
06-12 22:26:49.932 15585 15689 I BatteryMgr:DataCollectionService: stats => 1686601609932,179375,4156
06-12 22:26:50.042 15585 15689 I BatteryMgr:DataCollectionService: stats => 1686601610042,179375,4156
06-12 22:26:50.087  1917  2394 D ConnectivityService: NetReassign [no changes] [c 0] [a 1] [i 4]
06-12 22:26:50.164 15585 15689 I BatteryMgr:DataCollectionService: stats => 1686601610164,179375,4156
06-12 22:26:50.287 15585 15689 I BatteryMgr:DataCollectionService: stats => 1686601610287,108437,4156
06-12 22:26:50.395 15585 15689 I BatteryMgr:DataCollectionService: stats => 1686601610395,108437,4156
06-12 22:26:50.522 15585 15689 I BatteryMgr:DataCollectionService: stats => 1686601610522,108437,4156
06-12 22:26:50.645 15585 15689 I BatteryMgr:DataCollectionService: stats => 1686601610645,126875,4156
06-12 22:26:50.757 15585 15689 I BatteryMgr:DataCollectionService: stats => 1686601610757,126875,4156
06-12 22:26:50.884 15585 15689 I BatteryMgr:DataCollectionService: stats => 1686601610883,126875,4156
06-12 22:26:50.998 15585 15689 I BatteryMgr:DataCollectionService: stats => 1686601610998,135000,4156
06-12 22:26:51.021  1323  1402 D VSC     : @ 285429.669: [WO] Proposed rotation: 4, flat angle threshold: 65
06-12 22:26:51.021  1323  1402 D VSC     : @ 285429.669: [WO] orientation angle 317, orientation 4
06-12 22:26:51.021  1323  1402 D VSC     : @ 285429.669: [WO] Gyro angle integrated: 0.032591
06-12 22:26:51.113 15585 15689 I BatteryMgr:DataCollectionService: stats => 1686601611113,135000,4156
06-12 22:26:51.238 15585 15689 I BatteryMgr:DataCollectionService: stats => 1686601611238,135000,4156
06-12 22:26:51.354 15585 15689 I BatteryMgr:DataCollectionService: stats => 1686601611354,134687,4156
06-12 22:26:51.479 15585 15689 I BatteryMgr:DataCollectionService: stats => 1686601611479,134687,4156
06-12 22:26:51.591 15585 15689 I BatteryMgr:DataCollectionService: stats => 1686601611591,155312,4156
06-12 22:26:51.702 15585 15689 I BatteryMgr:DataCollectionService: stats => 1686601611702,155312,4156
06-12 22:26:51.813 15585 15689 I BatteryMgr:DataCollectionService: stats => 1686601611813,155312,4156
06-12 22:26:51.924 15585 15689 I BatteryMgr:DataCollectionService: stats => 1686601611924,155312,4156
06-12 22:26:52.037 15585 15689 I BatteryMgr:DataCollectionService: stats => 1686601612036,135000,4156
06-12 22:26:52.145 15585 15689 I BatteryMgr:DataCollectionService: stats => 1686601612144,135000,4156
06-12 22:26:52.252 15585 15689 I BatteryMgr:DataCollectionService: stats => 1686601612252,135000,4156
06-12 22:26:52.370 15585 15689 I BatteryMgr:DataCollectionService: stats => 1686601612370,195312,4156
06-12 22:26:52.491 15585 15689 I BatteryMgr:DataCollectionService: stats => 1686601612491,195312,4156
06-12 22:26:52.608 15585 15689 I BatteryMgr:DataCollectionService: stats => 1686601612608,195312,4156
06-12 22:26:52.723 15585 15689 I BatteryMgr:DataCollectionService: stats => 1686601612723,103125,4156
06-12 22:26:52.849 15585 15689 I BatteryMgr:DataCollectionService: stats => 1686601612849,103125,4156
06-12 22:26:52.971 15585 15689 I BatteryMgr:DataCollectionService: stats => 1686601612970,103125,4156
06-12 22:26:53.030  1323  1402 D VSC     : @ 285431.670: [WO] Proposed rotation: 4, flat angle threshold: 65
06-12 22:26:53.030  1323  1402 D VSC     : @ 285431.671: [WO] orientation angle 317, orientation 4
06-12 22:26:53.030  1323  1402 D VSC     : @ 285431.671: [WO] Gyro angle integrated: 0.087057
06-12 22:26:53.095 15585 15689 I BatteryMgr:DataCollectionService: stats => 1686601613094,121562,4156
06-12 22:26:53.119  1917  2394 D ConnectivityService: NetReassign [no changes] [c 1] [a 0] [i 5]
06-12 22:26:53.206 15585 15689 I BatteryMgr:DataCollectionService: stats => 1686601613206,121562,4156
06-12 22:26:53.314 15585 15689 I BatteryMgr:DataCollectionService: stats => 1686601613314,121562,4156
06-12 22:26:53.426 15585 15689 I BatteryMgr:DataCollectionService: stats => 1686601613426,208125,4156
06-12 22:26:53.542 15585 15689 I BatteryMgr:DataCollectionService: stats => 1686601613542,208125,4156
06-12 22:26:53.673 15585 15689 I BatteryMgr:DataCollectionService: stats => 1686601613673,208125,4156
06-12 22:26:53.797 15585 15689 I BatteryMgr:DataCollectionService: stats => 1686601613797,117187,4156
06-12 22:26:53.913 15585 15689 I BatteryMgr:DataCollectionService: stats => 1686601613913,117187,4156
06-12 22:26:54.024 15585 15689 I BatteryMgr:DataCollectionService: stats => 1686601614024,117187,4156
06-12 22:26:54.146 15585 15689 I BatteryMgr:DataCollectionService: stats => 1686601614146,187812,4156
06-12 22:26:54.266 15585 15689 I BatteryMgr:DataCollectionService: stats => 1686601614266,187812,4156
06-12 22:26:54.393 15585 15689 I BatteryMgr:DataCollectionService: stats => 1686601614393,187812,4156
06-12 22:26:54.506 15585 15689 I BatteryMgr:DataCollectionService: stats => 1686601614506,116562,4156
06-12 22:26:54.622 15585 15689 I BatteryMgr:DataCollectionService: stats => 1686601614622,116562,4156
06-12 22:26:54.742 15585 15689 I BatteryMgr:DataCollectionService: stats => 1686601614742,116562,4156
06-12 22:26:54.865 15585 15689 I BatteryMgr:DataCollectionService: stats => 1686601614865,183750,4156
06-12 22:26:54.986 15585 15689 I BatteryMgr:DataCollectionService: stats => 1686601614986,183750,4156
06-12 22:26:55.032  1323  1402 D VSC     : @ 285433.672: [WO] Proposed rotation: 4, flat angle threshold: 65
06-12 22:26:55.032  1323  1402 D VSC     : @ 285433.672: [WO] orientation angle 317, orientation 4
06-12 22:26:55.032  1323  1402 D VSC     : @ 285433.672: [WO] Gyro angle integrated: 0.014499
06-12 22:26:55.112 15585 15689 I BatteryMgr:DataCollectionService: stats => 1686601615112,94375,4156
06-12 22:26:55.235 15585 15689 I BatteryMgr:DataCollectionService: stats => 1686601615235,94375,4156
06-12 22:26:55.352 15585 15689 I BatteryMgr:DataCollectionService: stats => 1686601615352,94375,4156
06-12 22:26:55.465 15585 15689 I BatteryMgr:DataCollectionService: stats => 1686601615465,100625,4156
06-12 22:26:55.581 15585 15689 I BatteryMgr:DataCollectionService: stats => 1686601615581,100625,4156
06-12 22:26:55.697 15585 15689 I BatteryMgr:DataCollectionService: stats => 1686601615697,100625,4156
06-12 22:26:55.815 15585 15689 I BatteryMgr:DataCollectionService: stats => 1686601615815,156250,4156
06-12 22:26:55.937 15585 15689 I BatteryMgr:DataCollectionService: stats => 1686601615937,156250,4156
06-12 22:26:56.060 15585 15689 I BatteryMgr:DataCollectionService: stats => 1686601616060,156250,4156
06-12 22:26:56.157  1917  2394 D ConnectivityService: NetReassign [no changes] [c 0] [a 1] [i 4]
06-12 22:26:56.167 15585 15689 I BatteryMgr:DataCollectionService: stats => 1686601616167,135000,4156
06-12 22:26:56.292 15585 15689 I BatteryMgr:DataCollectionService: stats => 1686601616292,135000,4156
06-12 22:26:56.416 15585 15689 I BatteryMgr:DataCollectionService: stats => 1686601616416,135000,4156
06-12 22:26:56.543 15585 15689 I BatteryMgr:DataCollectionService: stats => 1686601616543,158750,4156
06-12 22:26:56.670 15585 15689 I BatteryMgr:DataCollectionService: stats => 1686601616670,158750,4156
06-12 22:26:56.781 15585 15689 I BatteryMgr:DataCollectionService: stats => 1686601616781,158750,4156
06-12 22:26:56.893 15585 15689 I BatteryMgr:DataCollectionService: stats => 1686601616893,174062,4156
06-12 22:26:57.019 15585 15689 I BatteryMgr:DataCollectionService: stats => 1686601617019,174062,4156
06-12 22:26:57.020  1323  1402 D VSC     : @ 285435.671: [WO] Proposed rotation: 4, flat angle threshold: 65
06-12 22:26:57.020  1323  1402 D VSC     : @ 285435.671: [WO] orientation angle 317, orientation 4
06-12 22:26:57.020  1323  1402 D VSC     : @ 285435.672: [WO] Gyro angle integrated: 0.158688
06-12 22:26:57.141 15585 15689 I BatteryMgr:DataCollectionService: stats => 1686601617141,174062,4156
06-12 22:26:57.269 15585 15689 I BatteryMgr:DataCollectionService: stats => 1686601617269,125625,4156
06-12 22:26:57.390 15585 15689 I BatteryMgr:DataCollectionService: stats => 1686601617390,125625,4156
06-12 22:26:57.520 15585 15689 I BatteryMgr:DataCollectionService: stats => 1686601617520,125625,4156
06-12 22:26:57.643 15585 15689 I BatteryMgr:DataCollectionService: stats => 1686601617643,106562,4156
06-12 22:26:57.764 15585 15689 I BatteryMgr:DataCollectionService: stats => 1686601617764,106562,4156
06-12 22:26:57.883 15585 15689 I BatteryMgr:DataCollectionService: stats => 1686601617883,106562,4156
06-12 22:26:57.999 15585 15689 I BatteryMgr:DataCollectionService: stats => 1686601617999,206875,4156
06-12 22:26:58.123 15585 15689 I BatteryMgr:DataCollectionService: stats => 1686601618123,206875,4156
06-12 22:26:58.249 15585 15689 I BatteryMgr:DataCollectionService: stats => 1686601618249,206875,4156
06-12 22:26:58.373 15585 15689 I BatteryMgr:DataCollectionService: stats => 1686601618373,122500,4156
06-12 22:26:58.488 15585 15689 I BatteryMgr:DataCollectionService: stats => 1686601618488,122500,4156
06-12 22:26:58.615 15585 15689 I BatteryMgr:DataCollectionService: stats => 1686601618614,103750,4156
06-12 22:26:58.734 15585 15689 I BatteryMgr:DataCollectionService: stats => 1686601618734,103750,4156
06-12 22:26:58.851 15585 15689 I BatteryMgr:DataCollectionService: stats => 1686601618851,103750,4156
06-12 22:26:58.968 15585 15689 I BatteryMgr:DataCollectionService: stats => 1686601618968,185625,4156
06-12 22:26:59.021  1323  1402 D VSC     : @ 285437.668: [WO] Proposed rotation: 4, flat angle threshold: 65
06-12 22:26:59.021  1323  1402 D VSC     : @ 285437.668: [WO] orientation angle 317, orientation 4
06-12 22:26:59.021  1323  1402 D VSC     : @ 285437.668: [WO] Gyro angle integrated: 0.060895
06-12 22:26:59.083 15585 15689 I BatteryMgr:DataCollectionService: stats => 1686601619083,185625,4156
06-12 22:26:59.181  1917  2394 D ConnectivityService: NetReassign [no changes] [c 0] [a 0] [i 5]
06-12 22:26:59.192 15585 15689 I BatteryMgr:DataCollectionService: stats => 1686601619191,185625,4156
06-12 22:26:59.314 15585 15689 I BatteryMgr:DataCollectionService: stats => 1686601619314,109687,4156
06-12 22:26:59.439 15585 15689 I BatteryMgr:DataCollectionService: stats => 1686601619439,109687,4156
06-12 22:26:59.556 15585 15689 I BatteryMgr:DataCollectionService: stats => 1686601619555,109687,4156
06-12 22:26:59.672 15585 15689 I BatteryMgr:DataCollectionService: stats => 1686601619672,120312,4156
06-12 22:26:59.786 15585 15689 I BatteryMgr:DataCollectionService: stats => 1686601619786,120312,4156
06-12 22:26:59.911 15585 15689 I BatteryMgr:DataCollectionService: stats => 1686601619911,120312,4156
