05-07 13:52:44.600 31383 31477 I BatteryMgr:DataCollectionService: stats => 1683460364600,false,true,-2147483648,92,107500,148437,-2147483648,2260000,3,2260000,107500,92,92,2260000,148437,107500,-2147483648,3,107500,147187,-2147483648,92,2260000,2,17303567,92,0,100,3,Li-ion,289,4161
05-07 13:52:44.854  1701  2076 D ConnectivityService: NetReassign [no changes]
05-07 13:52:45.151 31383 31477 I BatteryMgr:DataCollectionService: stats => 1683460365151,false,true,-2147483648,92,92500,148125,-2147483648,2260000,3,2260000,92500,92,92,2260000,148125,92500,-2147483648,3,92500,148125,-2147483648,92,2260000,2,17303567,92,0,100,3,Li-ion,289,4161
05-07 13:52:45.453  1007  1073 D VSC     : @ 252191.388: [WO] Proposed rotation: 0, flat angle threshold: 65
05-07 13:52:45.453  1007  1073 D VSC     : @ 252191.389: [WO] orientation angle 3, orientation 0
05-07 13:52:45.453  1007  1073 D VSC     : @ 252191.389: [WO] Gyro angle integrated: 0.048239
05-07 13:52:45.688 31383 31477 I BatteryMgr:DataCollectionService: stats => 1683460365688,false,true,-2147483648,92,103750,145000,-2147483648,2260000,3,2260000,103750,92,92,2260000,145000,103750,-2147483648,3,103750,145000,-2147483648,92,2260000,2,17303567,92,0,100,3,Li-ion,289,4161
05-07 13:52:46.233 31383 31477 I BatteryMgr:DataCollectionService: stats => 1683460366232,false,true,-2147483648,92,142500,145937,-2147483648,2260000,3,2260000,142500,92,92,2260000,145937,142500,-2147483648,3,142500,145937,-2147483648,92,2260000,2,17303567,92,0,100,3,Li-ion,289,4161
05-07 13:52:46.785 31383 31477 I BatteryMgr:DataCollectionService: stats => 1683460366785,false,true,-2147483648,92,112812,144687,-2147483648,2260000,3,2260000,112812,92,92,2260000,144687,126250,-2147483648,3,126250,144687,-2147483648,92,2260000,2,17303567,92,0,100,3,Li-ion,289,4161
05-07 13:52:47.314 31383 31477 I BatteryMgr:DataCollectionService: stats => 1683460367314,false,true,-2147483648,92,91562,144062,-2147483648,2260000,3,2260000,91562,92,92,2260000,144062,91562,-2147483648,3,91562,144062,-2147483648,92,2260000,2,17303567,92,0,100,3,Li-ion,289,4161
05-07 13:52:47.460  1007  1073 D VSC     : @ 252193.389: [WO] Proposed rotation: 0, flat angle threshold: 65
05-07 13:52:47.460  1007  1073 D VSC     : @ 252193.389: [WO] orientation angle 3, orientation 0
05-07 13:52:47.460  1007  1073 D VSC     : @ 252193.389: [WO] Gyro angle integrated: 0.150824
05-07 13:52:47.844 31383 31477 I BatteryMgr:DataCollectionService: stats => 1683460367844,false,true,-2147483648,92,100625,141250,-2147483648,2260000,3,2260000,100625,92,92,2260000,141250,158750,-2147483648,3,158750,141250,-2147483648,92,2260000,2,17303567,92,0,100,3,Li-ion,289,4161
05-07 13:52:47.877  1701  2076 D ConnectivityService: NetReassign [no changes]
05-07 13:52:48.391 31383 31477 I BatteryMgr:DataCollectionService: stats => 1683460368391,false,true,-2147483648,92,96562,141875,-2147483648,2260000,3,2260000,96562,92,92,2260000,141875,96562,-2147483648,3,96562,141875,-2147483648,92,2260000,2,17303567,92,0,100,3,Li-ion,289,4161
05-07 13:52:48.935 31383 31477 I BatteryMgr:DataCollectionService: stats => 1683460368935,false,true,-2147483648,92,70312,139687,-2147483648,2260000,3,2260000,70312,92,92,2260000,139687,70312,-2147483648,3,70312,139687,-2147483648,92,2260000,2,17303567,92,0,100,3,Li-ion,289,4161
05-07 13:52:49.450  1007  1073 D VSC     : @ 252195.388: [WO] Proposed rotation: 0, flat angle threshold: 65
05-07 13:52:49.451  1007  1073 D VSC     : @ 252195.389: [WO] orientation angle 3, orientation 0
05-07 13:52:49.451  1007  1073 D VSC     : @ 252195.389: [WO] Gyro angle integrated: 0.120818
05-07 13:52:49.481 31383 31477 I BatteryMgr:DataCollectionService: stats => 1683460369481,false,true,-2147483648,92,172812,137500,-2147483648,2260000,3,2260000,172812,92,92,2260000,137500,172812,-2147483648,3,172812,137500,-2147483648,92,2260000,2,17303567,92,0,100,3,Li-ion,289,4161
05-07 13:52:50.021 31383 31477 I BatteryMgr:DataCollectionService: stats => 1683460370021,false,true,-2147483648,92,105000,139375,-2147483648,2260000,3,2260000,105000,92,92,2260000,139375,105000,-2147483648,3,105000,139375,-2147483648,92,2260000,2,17303567,92,0,100,3,Li-ion,289,4161
05-07 13:52:50.556 31383 31477 I BatteryMgr:DataCollectionService: stats => 1683460370556,false,true,-2147483648,92,174062,138125,-2147483648,2260000,3,2260000,174062,92,92,2260000,138125,174062,-2147483648,3,174062,138125,-2147483648,92,2260000,2,17303567,92,0,100,3,Li-ion,289,4161
05-07 13:52:50.923  1701  2076 D ConnectivityService: NetReassign [no changes]
05-07 13:52:51.104 31383 31477 I BatteryMgr:DataCollectionService: stats => 1683460371104,false,true,-2147483648,92,89687,138750,-2147483648,2260000,3,2260000,89687,92,92,2260000,138750,89687,-2147483648,3,89687,138750,-2147483648,92,2260000,2,17303567,92,0,100,3,Li-ion,289,4161
05-07 13:52:51.489  1007  1073 D VSC     : @ 252197.426: [WO] Proposed rotation: 0, flat angle threshold: 65
05-07 13:52:51.489  1007  1073 D VSC     : @ 252197.426: [WO] orientation angle 3, orientation 0
05-07 13:52:51.489  1007  1073 D VSC     : @ 252197.426: [WO] Gyro angle integrated: 0.086984
05-07 13:52:51.648 31383 31477 I BatteryMgr:DataCollectionService: stats => 1683460371648,false,true,-2147483648,92,205312,139375,-2147483648,2260000,3,2260000,205312,92,92,2260000,139375,205312,-2147483648,3,205312,139375,-2147483648,92,2260000,2,17303567,92,0,100,3,Li-ion,289,4161
05-07 13:52:52.195 31383 31477 I BatteryMgr:DataCollectionService: stats => 1683460372195,false,true,-2147483648,92,121562,138125,-2147483648,2260000,3,2260000,121562,92,92,2260000,138125,121562,-2147483648,3,121562,138125,-2147483648,92,2260000,2,17303567,92,0,100,3,Li-ion,289,4161
05-07 13:52:52.739 31383 31477 I BatteryMgr:DataCollectionService: stats => 1683460372739,false,true,-2147483648,92,94687,136250,-2147483648,2260000,3,2260000,94687,92,92,2260000,136250,94687,-2147483648,3,94687,136250,-2147483648,92,2260000,2,17303567,92,0,100,3,Li-ion,289,4161
05-07 13:52:53.273 31383 31477 I BatteryMgr:DataCollectionService: stats => 1683460373273,false,true,-2147483648,92,85000,136875,-2147483648,2260000,3,2260000,85000,92,92,2260000,136875,85000,-2147483648,3,85000,136875,-2147483648,92,2260000,2,17303567,92,0,100,3,Li-ion,289,4161
05-07 13:52:53.485  1007  1073 D VSC     : @ 252199.425: [WO] Proposed rotation: 0, flat angle threshold: 65
05-07 13:52:53.485  1007  1073 D VSC     : @ 252199.425: [WO] orientation angle 3, orientation 0
05-07 13:52:53.485  1007  1073 D VSC     : @ 252199.425: [WO] Gyro angle integrated: 0.089881
05-07 13:52:53.809 31383 31477 I BatteryMgr:DataCollectionService: stats => 1683460373809,false,true,-2147483648,92,152500,135937,-2147483648,2260000,3,2260000,150625,92,92,2260000,135937,150625,-2147483648,3,150625,135937,-2147483648,92,2260000,2,17303567,92,0,100,3,Li-ion,289,4161
05-07 13:52:53.969  1701  2076 D ConnectivityService: NetReassign [no changes]
05-07 13:52:54.341 31383 31477 I BatteryMgr:DataCollectionService: stats => 1683460374341,false,true,-2147483648,92,173750,136250,-2147483648,2260000,3,2260000,173750,92,92,2260000,136250,173750,-2147483648,3,173750,136250,-2147483648,92,2260000,2,17303567,92,0,100,3,Li-ion,289,4161
05-07 13:52:54.877 31383 31477 I BatteryMgr:DataCollectionService: stats => 1683460374877,false,true,-2147483648,92,159687,136875,-2147483648,2260000,3,2260000,159687,92,92,2260000,136875,159687,-2147483648,3,159687,136875,-2147483648,92,2260000,2,17303567,92,0,100,3,Li-ion,289,4161
05-07 13:52:55.407 31383 31477 I BatteryMgr:DataCollectionService: stats => 1683460375406,false,true,-2147483648,92,95937,137500,-2147483648,2260000,3,2260000,95937,92,92,2260000,137500,95937,-2147483648,3,95937,137500,-2147483648,92,2260000,2,17303567,92,0,100,3,Li-ion,289,4161
05-07 13:52:55.487  1007  1073 D VSC     : @ 252201.426: [WO] Proposed rotation: 0, flat angle threshold: 65
05-07 13:52:55.488  1007  1073 D VSC     : @ 252201.426: [WO] orientation angle 3, orientation 0
05-07 13:52:55.488  1007  1073 D VSC     : @ 252201.426: [WO] Gyro angle integrated: 0.078288
05-07 13:52:55.945 31383 31477 I BatteryMgr:DataCollectionService: stats => 1683460375945,false,true,-2147483648,92,183125,135312,-2147483648,2260000,3,2260000,183125,92,92,2260000,135312,183125,-2147483648,3,183125,135312,-2147483648,92,2260000,2,17303567,92,0,100,3,Li-ion,289,4161
05-07 13:52:56.496 31383 31477 I BatteryMgr:DataCollectionService: stats => 1683460376495,false,true,-2147483648,92,102187,136875,-2147483648,2260000,3,2260000,102187,92,92,2260000,136875,102187,-2147483648,3,102187,136875,-2147483648,92,2260000,2,17303567,92,0,100,3,Li-ion,289,4161
05-07 13:52:56.989  1701  2076 D ConnectivityService: NetReassign [no changes]
05-07 13:52:57.020 31383 31477 I BatteryMgr:DataCollectionService: stats => 1683460377020,false,true,-2147483648,92,172812,137500,-2147483648,2260000,3,2260000,172812,92,92,2260000,137500,172812,-2147483648,3,172812,137500,-2147483648,92,2260000,2,17303567,92,0,100,3,Li-ion,289,4161
05-07 13:52:57.500  1007  1073 D VSC     : @ 252203.431: [WO] Proposed rotation: 0, flat angle threshold: 65
05-07 13:52:57.501  1007  1073 D VSC     : @ 252203.432: [WO] orientation angle 3, orientation 0
05-07 13:52:57.501  1007  1073 D VSC     : @ 252203.432: [WO] Gyro angle integrated: 0.077553
05-07 13:52:57.548 31383 31477 I BatteryMgr:DataCollectionService: stats => 1683460377548,false,true,-2147483648,92,96875,138750,-2147483648,2260000,3,2260000,96875,92,92,2260000,138750,96875,-2147483648,3,96875,138750,-2147483648,92,2260000,2,17303567,92,0,100,3,Li-ion,289,4161
05-07 13:52:58.079 31383 31477 I BatteryMgr:DataCollectionService: stats => 1683460378079,false,true,-2147483648,92,79687,138125,-2147483648,2260000,3,2260000,79687,92,92,2260000,138125,79687,-2147483648,3,79687,138125,-2147483648,92,2260000,2,17303567,92,0,100,3,Li-ion,289,4161
05-07 13:52:58.638 31383 31477 I BatteryMgr:DataCollectionService: stats => 1683460378638,false,true,-2147483648,92,122812,136250,-2147483648,2260000,3,2260000,122812,92,92,2260000,135937,122812,-2147483648,3,122812,135937,-2147483648,92,2260000,2,17303567,92,0,100,3,Li-ion,289,4161
05-07 13:52:59.192 31383 31477 I BatteryMgr:DataCollectionService: stats => 1683460379191,false,true,-2147483648,92,93750,135000,-2147483648,2260000,3,2260000,93750,92,92,2260000,135000,93750,-2147483648,3,93750,135000,-2147483648,92,2260000,2,17303567,92,0,100,3,Li-ion,289,4161
05-07 13:52:59.451  1007  1073 D VSC     : @ 252205.389: [WO] Proposed rotation: 0, flat angle threshold: 65
05-07 13:52:59.452  1007  1073 D VSC     : @ 252205.389: [WO] orientation angle 3, orientation 0
05-07 13:52:59.452  1007  1073 D VSC     : @ 252205.389: [WO] Gyro angle integrated: 0.035955
05-07 13:52:59.726 31383 31477 I BatteryMgr:DataCollectionService: stats => 1683460379726,false,true,-2147483648,92,200312,135625,-2147483648,2260000,3,2260000,200312,92,92,2260000,135625,200312,-2147483648,3,200312,135625,-2147483648,92,2260000,2,17303567,92,0,100,3,Li-ion,289,4161
05-07 13:53:00.008  1701  2076 D ConnectivityService: NetReassign [no changes]
05-07 13:53:00.011 16431 16475 I AiAiEcho: Predicting[1]: { Feature:1, creation:2023-05-07T11:39:50.562Z, expiry:2023-05-07T17:39:50.562Z, isExpired: false}
05-07 13:53:00.012 16431 16475 I AiAiEcho: EchoTargets: Feature:1
05-07 13:53:00.012 16431 16475 I AiAiEcho: Filtered by AiAi flag check: 
05-07 13:53:00.013 16431 16475 I AiAiEcho: Ranked targets strategy: SORT, count: 1, ranking metadata: { cardId: WEATHER-569377242, card type: 1, update time: 2023-05-07T11:39:50.562Z, expiration time: 2023-05-07T17:39:50.562Z, ranking metadata: RankingMetaData(urgency=0.0, priority=0.0, recency=0.0, rankScore=0.0, importantTimePoints=# kwj@7bca4) }
05-07 13:53:00.014 16431 16475 I AiAiEcho: #postPredictionTargets: Sending updates to UISurface lockscreen with targets# 1 (types=[1])
05-07 13:53:00.019  2163  2163 W BcSmartspaceCard: No title view to update
05-07 13:53:00.271 31383 31477 I BatteryMgr:DataCollectionService: stats => 1683460380271,false,true,-2147483648,92,134687,145937,-2147483648,2260000,3,2260000,134687,92,92,2260000,145937,134687,-2147483648,3,134687,145937,-2147483648,92,2260000,2,17303567,92,0,100,3,Li-ion,289,4161
05-07 13:53:00.825 31383 31477 I BatteryMgr:DataCollectionService: stats => 1683460380825,false,true,-2147483648,92,144062,146250,-2147483648,2260000,3,2260000,144062,92,92,2260000,146250,144062,-2147483648,3,144062,146250,-2147483648,92,2260000,2,17303567,92,0,100,3,Li-ion,289,4161
05-07 13:53:01.373 31383 31477 I BatteryMgr:DataCollectionService: stats => 1683460381373,false,true,-2147483648,92,100000,145937,-2147483648,2260000,3,2260000,100000,92,92,2260000,145937,100000,-2147483648,3,100000,145937,-2147483648,92,2260000,2,17303567,92,0,100,3,Li-ion,289,4161
05-07 13:53:01.449  1007  1073 D VSC     : @ 252207.385: [WO] Proposed rotation: 0, flat angle threshold: 65
05-07 13:53:01.449  1007  1073 D VSC     : @ 252207.386: [WO] orientation angle 3, orientation 0
05-07 13:53:01.449  1007  1073 D VSC     : @ 252207.386: [WO] Gyro angle integrated: 0.165268
05-07 13:53:01.917 31383 31477 I BatteryMgr:DataCollectionService: stats => 1683460381917,false,true,-2147483648,92,100312,147187,-2147483648,2260000,3,2260000,100312,92,92,2260000,147187,100312,-2147483648,3,100312,147187,-2147483648,92,2260000,2,17303567,92,0,100,3,Li-ion,289,4161
05-07 13:53:02.084 31495 31495 D ProcessState: Binder ioctl to enable oneway spam detection failed: Invalid argument
05-07 13:53:02.101 31383 31383 I BatteryMgr:createFile: creating file called /storage/emulated/0/Documents/BatteryManager.csv
05-07 13:53:02.105  1701 11437 D CompatibilityChangeReporter: Compat change id reported: 149924527; UID 10221; state: ENABLED
05-07 13:53:02.106  1701 11437 D CompatibilityChangeReporter: Compat change id reported: 132649864; UID 10221; state: DISABLED
05-07 13:53:02.119  3355  3614 W MediaProvider: isAppCloneUserPair failed. Users: 0 and 0
05-07 13:53:02.119  3355  3614 W MediaProvider: isAppCloneUserPair for user 0: false
05-07 13:53:02.127 31383 31383 I BatteryMgr:createFile: created file called /storage/emulated/0/Documents/BatteryManager.csv
05-07 13:53:02.144 31500 31500 D ProcessState: Binder ioctl to enable oneway spam detection failed: Invalid argument
05-07 13:53:02.204  8321 31351 I NetworkScheduler.Stats: Task com.google.android.gms/com.google.android.gms.ipa.base.IpaGcmTaskService started execution. cause:9 exec_start_elapsed_seconds: 252205 [CONTEXT service_id=218 ]
05-07 13:53:02.216  8321 30825 I NetworkScheduler.Stats: Task com.google.android.gms/com.google.android.gms.ipa.base.IpaGcmTaskService finished executing. cause:9 result: 1 elapsed_millis: 40 uptime_millis: 40 exec_start_elapsed_seconds: 252205 [CONTEXT service_id=218 ]
05-07 13:53:02.219  8321  8321 D BoundBrokerSvc: onBind: Intent { act=com.google.android.gms.scheduler.ACTION_PROXY_SCHEDULE dat=chimera-action: cmp=com.google.android.gms/.chimera.PersistentApiService }
05-07 13:53:02.219  8321  8321 D BoundBrokerSvc: Loading bound service for intent: Intent { act=com.google.android.gms.scheduler.ACTION_PROXY_SCHEDULE dat=chimera-action: cmp=com.google.android.gms/.chimera.PersistentApiService }
05-07 13:53:02.246 31511 31511 D ProcessState: Binder ioctl to enable oneway spam detection failed: Invalid argument
05-07 13:53:02.251  1701 11437 I ActivityManager: Force stopping e.www.cpufactorialtest appid=10233 user=0: from pid 31511
05-07 13:53:02.254  1701 11437 I ActivityManager: Killing 31417:e.www.cpufactorialtest/u0a233 (adj 0): stop e.www.cpufactorialtest due to from pid 31511
05-07 13:53:02.254  1701 11437 W ActivityTaskManager: Force removing ActivityRecord{22260d4 u0 e.www.cpufactorialtest/.MainActivity t255 f}}: app died, no saved state
05-07 13:53:02.257  1701 11437 W InputManager-JNI: Input channel object 'afdfdcd e.www.cpufactorialtest/e.www.cpufactorialtest.MainActivity (client)' was disposed without first being removed with the input manager!
05-07 13:53:02.265  1701 11437 D CompatibilityChangeReporter: Compat change id reported: 181136395; UID 10221; state: DISABLED
05-07 13:53:02.266  1701 11437 D CompatibilityChangeReporter: Compat change id reported: 174042936; UID 10221; state: DISABLED
05-07 13:53:02.268  1701 11437 W ActivityTaskManager: Can't find TaskDisplayArea to determine support for multi window. Task id=255 attached=false
05-07 13:53:02.268  1701 11437 W ActivityTaskManager: Can't find TaskDisplayArea to determine support for multi window. Task id=255 attached=false
05-07 13:53:02.280   716   716 E BpTransactionCompletedListener: Failed to transact (-32)
05-07 13:53:02.281  1701 11437 V ActivityManager: Got obituary of 31417:e.www.cpufactorialtest
05-07 13:53:02.281  1701  1767 W ActivityManager: setHasOverlayUi called on unknown pid: 31417
05-07 13:53:02.281   956   956 I Zygote  : Process 31417 exited due to signal 9 (Killed)
05-07 13:53:02.283  2430  2430 E PhoneInterfaceManager: [PhoneIntfMgr] getCarrierPackageNamesForIntentAndPhone: No UICC
05-07 13:53:02.283  2430  2430 D CarrierSvcBindHelper: No carrier app for: 0
05-07 13:53:02.283  8321 31089 I NetworkScheduler.Stats: Task com.google.android.gms/com.google.android.gms.stats.PlatformStatsCollectorService started execution. cause:5 exec_start_elapsed_seconds: 252205 [CONTEXT service_id=218 ]
05-07 13:53:02.291  3282  3282 D RegisteredNfcFServicesCache: Service unchanged, not updating
05-07 13:53:02.293  8321 30825 I NetworkScheduler.Stats: Task com.google.android.gms/com.google.android.gms.stats.PlatformStatsCollectorService finished executing. cause:5 result: 1 elapsed_millis: 55 uptime_millis: 55 exec_start_elapsed_seconds: 252205 [CONTEXT service_id=218 ]
05-07 13:53:02.294 11741 11741 I EuiccGoogle: [2] EuiccServiceImpl.onCreate: onCreate Single-SIM mode: simCardState is 1
05-07 13:53:02.299 11741 31520 I EuiccGoogle: [429] EuiccServiceImpl.onGetEuiccProfileInfoList: onGetEuiccProfileInfoList: slotId = -1
05-07 13:53:02.301 11741 31520 W EuiccGoogle: [429] EuiccServiceImpl.onGetEuiccProfileInfoList: slotId=-1. No eUICC is active. Return null.
05-07 13:53:02.305  1701  1798 I libprocessgroup: Successfully killed process cgroup uid 10233 pid 31417 in 51ms
05-07 13:53:02.334 31383 31514 I OpenGLRenderer: Davey! duration=62084ms; Flags=1, FrameTimelineVsyncId=392879, IntendedVsync=28790575921147, Vsync=28790642587811, InputEventId=0, HandleInputStart=28790657715533, AnimationStart=28790657720376, PerformTraversalsStart=28790658168137, DrawStart=28790962713115, FrameDeadline=28790609254479, FrameInterval=28790657669856, FrameStartTime=16666666, SyncQueued=28790970261137, SyncStart=28790970378168, IssueDrawCommandsStart=28790970957751, SwapBuffers=28790976327335, FrameCompleted=28852660645720, DequeueBufferDuration=121875, QueueBufferDuration=548385, GpuCompleted=28852660645720, SwapBuffersCompleted=28790977452596, DisplayPresentTime=0, 
05-07 13:53:02.337 11343 11343 I GoogleInputMethodService: GoogleInputMethodService.onFinishInput():3261 
05-07 13:53:02.338 11343 11343 I GoogleInputMethodService: GoogleInputMethodService.updateDeviceLockedStatus():2110 repeatCheckTimes = 0, locked = false
05-07 13:53:02.338 11343 11343 I GoogleInputMethodService: GoogleInputMethodService.onStartInput():1898 onStartInput(EditorInfo{inputType=0x0(NULL) imeOptions=0x0 privateImeOptions=null actionName=UNSPECIFIED actionLabel=null actionId=0 initialSelStart=-1 initialSelEnd=-1 initialCapsMode=0x0 hintText=null label=null packageName=com.example.batterymanager_utility fieldId=-1 fieldName=null extras=null hintLocales=[]}, false)
05-07 13:53:02.338 11343 11343 I GoogleInputMethodService: GoogleInputMethodService.shouldHideHeaderOnInitialState():4088 ShouldHideHeaderOnInitialState = false
05-07 13:53:02.339 11343 11343 I GoogleInputMethodService: GoogleInputMethodService.updateDeviceLockedStatus():2110 repeatCheckTimes = 1, locked = false
05-07 13:53:03.028  1701  2076 D ConnectivityService: NetReassign [no changes]
05-07 13:53:03.445  1007  1073 D VSC     : @ 252209.386: [WO] Proposed rotation: 0, flat angle threshold: 65
05-07 13:53:03.445  1007  1073 D VSC     : @ 252209.386: [WO] orientation angle 3, orientation 0
05-07 13:53:03.445  1007  1073 D VSC     : @ 252209.386: [WO] Gyro angle integrated: 0.019333
05-07 13:53:05.445  1007  1073 D VSC     : @ 252211.386: [WO] Proposed rotation: 0, flat angle threshold: 65
05-07 13:53:05.445  1007  1073 D VSC     : @ 252211.386: [WO] orientation angle 3, orientation 0
05-07 13:53:05.445  1007  1073 D VSC     : @ 252211.386: [WO] Gyro angle integrated: 0.164308
05-07 13:53:05.584 31528 31528 D ProcessState: Binder ioctl to enable oneway spam detection failed: Invalid argument
05-07 13:53:05.589  1701  8696 I ActivityManager: Force stopping com.example.batterymanager_utility appid=10221 user=0: from pid 31528
05-07 13:53:05.590  1701  8696 I ActivityManager: Killing 31383:com.example.batterymanager_utility/u0a221 (adj 0): stop com.example.batterymanager_utility due to from pid 31528
05-07 13:53:05.592  1701  8696 W ActivityTaskManager: Force removing ActivityRecord{45f5786 u0 com.example.batterymanager_utility/.MainActivity t254 f}}: app died, no saved state
05-07 13:53:05.596  1701  8696 W InputManager-JNI: Input channel object '3fc2f70 com.example.batterymanager_utility/com.example.batterymanager_utility.MainActivity (client)' was disposed without first being removed with the input manager!
05-07 13:53:05.612  1701  8696 W ActivityTaskManager: Can't find TaskDisplayArea to determine support for multi window. Task id=254 attached=false
05-07 13:53:05.612  1701  8696 W ActivityTaskManager: Can't find TaskDisplayArea to determine support for multi window. Task id=254 attached=false
05-07 13:53:05.621  2430  2430 E PhoneInterfaceManager: [PhoneIntfMgr] getCarrierPackageNamesForIntentAndPhone: No UICC
05-07 13:53:05.621  2430  2430 D CarrierSvcBindHelper: No carrier app for: 0
05-07 13:53:05.623  2578  2642 W BcSmartspaceView: Current card number does not present in the Adapter.
05-07 13:53:05.624  3282  3282 D RegisteredNfcFServicesCache: Service unchanged, not updating
05-07 13:53:05.627   956   956 I Zygote  : Process 31383 exited due to signal 9 (Killed)
05-07 13:53:05.629  1701  3246 V ActivityManager: Got obituary of 31383:com.example.batterymanager_utility
05-07 13:53:05.629  1701  1767 W ActivityManager: setHasOverlayUi called on unknown pid: 31383
05-07 13:53:05.629 19838 19838 I GsaVoiceInteractionSrv: Handling ACTION_START_HOTWORD
05-07 13:53:05.630 19838 19906 I GsaVoiceInteractionSrv: (REDACTED) disregardHotwordSetting: %b
05-07 13:53:05.630 19838 19906 I GsaVoiceInteractionSrv: Cannot start hotword, hotword has been explicitly disabled.
05-07 13:53:05.630   716   716 E BpTransactionCompletedListener: Failed to transact (-32)
05-07 13:53:05.645 16431 16475 I AiAiEcho: Predicting[1]: { Feature:1, creation:2023-05-07T11:39:50.562Z, expiry:2023-05-07T17:39:50.562Z, isExpired: false}
05-07 13:53:05.648 16431 16475 I AiAiEcho: EchoTargets: Feature:1
05-07 13:53:05.648 16431 16475 I AiAiEcho: Filtered by AiAi flag check: 
05-07 13:53:05.648 16431 16475 I AiAiEcho: Ranked targets strategy: SORT, count: 1, ranking metadata: { cardId: WEATHER-569377242, card type: 1, update time: 2023-05-07T11:39:50.562Z, expiration time: 2023-05-07T17:39:50.562Z, ranking metadata: RankingMetaData(urgency=0.0, priority=0.0, recency=0.0, rankScore=0.0, importantTimePoints=# kwj@7bca4) }
05-07 13:53:05.650 16431 16475 I AiAiEcho: #postPredictionTargets: Sending updates to UISurface home with targets# 1 (types=[1])
05-07 13:53:05.651  1701  1798 I libprocessgroup: Successfully killed process cgroup uid 10221 pid 31383 in 59ms
05-07 13:53:05.651  2578  2578 W BcSmartspaceCard: No title view to update
05-07 13:53:05.664 11343 11343 I GoogleInputMethodService: GoogleInputMethodService.onFinishInput():3261 
05-07 13:53:05.665 11343 11343 I GoogleInputMethodService: GoogleInputMethodService.updateDeviceLockedStatus():2110 repeatCheckTimes = 0, locked = false
05-07 13:53:05.665 11343 11343 I GoogleInputMethodService: GoogleInputMethodService.onStartInput():1898 onStartInput(EditorInfo{inputType=0x0(NULL) imeOptions=0x0 privateImeOptions=null actionName=UNSPECIFIED actionLabel=null actionId=0 initialSelStart=-1 initialSelEnd=-1 initialCapsMode=0x0 hintText=null label=null packageName=com.google.android.apps.nexuslauncher fieldId=-1 fieldName=null extras=null hintLocales=[]}, false)
05-07 13:53:05.665 11343 11343 I GoogleInputMethodService: GoogleInputMethodService.shouldHideHeaderOnInitialState():4088 ShouldHideHeaderOnInitialState = false
05-07 13:53:05.665 11343 11343 I GoogleInputMethodService: GoogleInputMethodService.updateDeviceLockedStatus():2110 repeatCheckTimes = 1, locked = false
05-07 13:53:05.793  3355 23638 I MediaProvider: Invalidating LocalCallingIdentity cache for package com.example.batterymanager_utility. Reason: owned_database_row_deleted:/storage/emulated/0/Documents/BatteryManager.csv
05-07 13:53:05.796  3355 23638 I MediaProvider: Deleted 0 0 0 0 0 0 1 items on external_primary due to com.android.shell
05-07 13:53:05.859  8321 31515 I NetworkScheduler.Stats: Task com.google.android.gms/com.google.android.gms.ipa.base.IpaGcmTaskService started execution. cause:9 exec_start_elapsed_seconds: 252209 [CONTEXT service_id=218 ]
05-07 13:53:05.869  8321 31519 I NetworkScheduler.Stats: Task com.google.android.gms/com.google.android.gms.ipa.base.IpaGcmTaskService finished executing. cause:9 result: 1 elapsed_millis: 35 uptime_millis: 34 exec_start_elapsed_seconds: 252209 [CONTEXT service_id=218 ]
05-07 13:53:05.883  3355 23640 W MediaProvider: isAppCloneUserPair failed. Users: 0 and 0
05-07 13:53:05.883  3355 23640 W MediaProvider: isAppCloneUserPair for user 0: false
