07-05 23:57:00.752 13906 13906 D [WeatherWidget(15735@5)]  : {[236FFFA4FE6D378EDABD8749C406D4B62ECA325A4ECB8DAF1CB6A1711870BA2CAEB930956C844F2BDF8FF4A728E9902490C4366510B968005224A0592D5AE4A56F1C4E4B73994C609C11A3DD9AF87852]}
07-05 23:57:00.756 13906 13906 D [WeatherWidget(15735@5)]  AutoRefreshUtil: {[168C4E8228ADCAA7A8F47DBA51B37B6B7B7A96DBBA746824EDA601A96A9F99DF83D49E47057A0E7A1AD8F545D4242ECEC3500DC07177C90AE585F8454BFA41AC]}
07-05 23:57:00.757 13906 13906 D [WeatherWidget(15735@5)]  AutoRefreshUtil: {[168C4E8228ADCAA7A8F47DBA51B37B6BDB4400438768D7B53674FB7498C6FC59AC719379BFA1B0DF842F4FEAFF12A854A7F4EEBCA03B3A73821CA93C3AB068F0]}
07-05 23:57:00.758 13906 13906 D [WeatherWidget(15735@5)]  AutoRefreshUtil: {[168C4E8228ADCAA7A8F47DBA51B37B6B94F3648CF843FDE1F78CF674B07E08280E2C9B1028B9A31C6CB893469E7E48B67D071827BFC3F50807D275B4AC737227]}
07-05 23:57:00.758  3963  4567 D ConnectivityService: filterNetworkStateForUid() uid: 10025 networkInfo: [type: WIFI[] - WIFI, state: CONNECTED/CONNECTED, reason: (unspecified), extra: "DoodleBoodle", failover: false, available: true, roaming: false, metered: false]
07-05 23:57:00.759 13906 13906 D [WeatherWidget(15735@5)]  AutoRefreshUtil: {[168C4E8228ADCAA7A8F47DBA51B37B6B3AEA46D2C7CF2FDEE251DCE733C690FEFDA5295354DAA2D057C0FCB7FF15DBC2310A80B654665FB09A59D47C17F936E5]}
07-05 23:57:00.759 13906 13906 D [WeatherWidget(15735@5)]  AutoRefreshUtil: {[168C4E8228ADCAA7A8F47DBA51B37B6BF1BCB43A28AB758D8F1B5B6799A121396D19C76222C99AA348FB8AC1A5AEF23AA05ED3B922A7A151C114CA8C426E40D4]}
07-05 23:57:00.760  3963  4567 D ConnectivityService: filterNetworkStateForUid() uid: 10025 networkInfo: [type: WIFI[] - WIFI, state: CONNECTED/CONNECTED, reason: (unspecified), extra: "DoodleBoodle", failover: false, available: true, roaming: false, metered: false]
07-05 23:57:00.760 16527 16618 I BatteryMgr:DataCollectionService: stats => 1688594220760,-151,4150
07-05 23:57:00.762  3963  8362 D SamsungAlarmManager: setInexact Intent (T:1/F:0/AC:false) 20230706T055700 - CU:10143/CP:13906
07-05 23:57:00.763 13906 13906 D [WeatherWidget(15735@5)]  : {[7D4F639F77B6855E38C8317E0887AB768887601C4A9B1831B73E028FDBFD770518C7BD333E78F22E99880B176BEE7E556BF0ED5F0260825BC40B929D557D1C18]}
07-05 23:57:00.766  3595  3880 D DnsProxyListener: DNSDBG::dns addrinfo af 2
07-05 23:57:00.768 13906 13906 D [WeatherWidget(15735@5)]  : {[236FFFA4FE6D378EDABD8749C406D4B6EBA934061D4B2A9F064D82264A6938AD90F489052A447B71152DDEBFDDD0ADE97E335C47A1B129C8A3BD972A571CCE86]}
07-05 23:57:00.770 13906 13918 D [WeatherWidget(15735@5)]  DB L2: {[571930BC71346EC2E09A2C34BAE073AA9DD81B474F27A0F2D05175EA6C8307BC2BBDD1922D50918E8CD09567F5C5F3B9806709D4943754F32BDD64A892CAB55A777D67C0DA22DD7DB64BCDD8B6980FB0]}
07-05 23:57:00.770 13906 13906 D [WeatherWidget(15735@5)]  AutoRefreshUtil: {[168C4E8228ADCAA7A8F47DBA51B37B6B93098F436B90ACAB1008CBA2E594C2F5CA3D186263E7D4B3FE24A87F0163739DB8A78C46A5EECD2D4F3EDB133729B24C]}
07-05 23:57:00.771 13906 13906 D [WeatherWidget(15735@5)]  : {[71ED3C549708882F5972E86339EC417CA95EC45D360CF3D9F28F3290726B624075A30BF86DBCEE4087D50FF97F7D3B32]}
07-05 23:57:00.773 13906 13906 D [WeatherWidget(15735@5)]  WidgetCount: {[FF66E08BC9D7A734EFE75EB12BA9124492536B9E6FD15BEBB1D820A12EE2B73B]}
07-05 23:57:00.774 13906 13906 D [WeatherWidget(15735@5)]  WidgetCount: {[296AEA8321D446210A63BBCBFD103FFDA20DA99993F6550A3013A4F50B16E4D5]}
07-05 23:57:00.774 16527 16618 I BatteryMgr:DataCollectionService: stats => 1688594220774,-151,4150
07-05 23:57:00.774 13906 13906 D [WeatherWidget(15735@5)]  WidgetCount: {[535674F9F3AC9ABAD7CDEC9CE8FF1425FE87776E676022924D780E5861739FE4F7C017E9628D20E25D555EA00EDB4A49]}
07-05 23:57:00.774 13906 13906 D [WeatherWidget(15735@5)]  WidgetCount: {[1BFE6A7C037308107525FF354EE7D176B51A64EEA119F04733A9847EC1BDEAEFA87850C380DA92C96132C9DBDED81C7BA492B68B0109D6DFB38AD0613665381B]}
07-05 23:57:00.776 13906 13906 D [WeatherWidget(15735@5)]  WeatherDataBroadcaster: {[F66E3CA8B365B88F6D0BA25F503D93427D1FAD8019823FD6B0641781B8A1ED05A4FD86F72186BB2CEB3A75E10D8875724582EB1C120B48BFFC43D212E4B50F24]}
07-05 23:57:00.776 13906 13906 D [WeatherWidget(15735@5)]  WeatherDataBroadcaster: {[F66E3CA8B365B88F6D0BA25F503D9342C58674B0038411943BEB3F574F3FFB7DAA90C102DC8A6DEC46749CE929A3E45DB1FFD99F854BBA262835541919CF7EBF]}
07-05 23:57:00.780 13906 13906 D [WeatherWidget(15735@5)]  : {[9162080CAE2AEF7B6D17A585625727BA34A1B7624E4FCD59364ABEA0E436EFC57CE87678B5D7F40891F007500BEEE679DD8EF97E1C46FF9868D8090E6110BF8D2D346EABD2A81DFF6F5C41187E45AF1A919376D3B330715D314F2C58DCB70D1A]}
07-05 23:57:00.782 13906 13906 D [WeatherWidget(15735@5)]  : {[9162080CAE2AEF7B6D17A585625727BA34A1B7624E4FCD59364ABEA0E436EFC57CE87678B5D7F40891F007500BEEE679DD8EF97E1C46FF9868D8090E6110BF8D2D346EABD2A81DFF6F5C41187E45AF1AD53BB0D4DD0850FDA271B91151918438]}
07-05 23:57:00.783 13906 13906 D [WeatherWidget(15735@5)]  : {[9162080CAE2AEF7B6D17A585625727BA34A1B7624E4FCD59364ABEA0E436EFC57CE87678B5D7F40891F007500BEEE679DD8EF97E1C46FF9868D8090E6110BF8DDD05FAD7594A158DFE8D62450E176F66EAA337E5677FE797131BBCF9C5FC8BE2]}
07-05 23:57:00.784 13906 13906 D [WeatherWidget(15735@5)]  : {[9162080CAE2AEF7B6D17A585625727BA34A1B7624E4FCD59364ABEA0E436EFC57CE87678B5D7F40891F007500BEEE6797D383C5160095DE3EF889D08E1B79985A25342557413B4B8825BAB9346E3EDE16111A0873324EE38F786DC9E4F1423A1]}
07-05 23:57:00.787 13906 13906 D [WeatherWidget(15735@5)]  : {[7D4F639F77B6855E38C8317E0887AB768887601C4A9B1831B73E028FDBFD770518C7BD333E78F22E99880B176BEE7E556BF0ED5F0260825BC40B929D557D1C18]}
07-05 23:57:00.787 13906 13906 D [WeatherWidget(15735@5)]  : {[2D1E03E218C32E39B0A4058123B6072888BCEA335C22FB0197D8E176F79F9E1445C200E2C87EA4206BD488AA35BE408E44D7BAA9AD547D3DC4DA362B6A4A2A6D38CD19E50A3726ECE22870EFC8018B6A]}
07-05 23:57:00.787 13906 13906 D [WeatherWidget(15735@5)]  : {[236FFFA4FE6D378EDABD8749C406D4B6E294812ED0C21C7033FEF935F63EA7063E8A21E308899A678DF9BE0EA9CE9BD1B02C9FED38B00AD6D81EE97926C5A37F]}
07-05 23:57:00.789 16527 16618 I BatteryMgr:DataCollectionService: stats => 1688594220788,-151,4150
07-05 23:57:00.792 13906 13906 D [WeatherWidget(15735@5)]  : {[236FFFA4FE6D378EDABD8749C406D4B6CC52CAC8537FD6F25C704F24B6E912AC16751510D3F5149163FD87608BB99D5357AC3782B17F55624A81E93C2CC6B80016D579127288E881A9DD5D017BDE057948D10FA14037D9D00F22F10959FA3605]}
07-05 23:57:00.794 13906 13906 D [WeatherWidget(15735@5)]  : {[7D4F639F77B6855E38C8317E0887AB768887601C4A9B1831B73E028FDBFD770518C7BD333E78F22E99880B176BEE7E556BF0ED5F0260825BC40B929D557D1C18]}
07-05 23:57:00.795 13906 13906 D [WeatherWidget(15735@5)]  : {[5FE728DA9ABD8D107651D3059E1CBEFA586D9799500670CB706E65D97D23425AC602707CF4EAABDC3E61968F2775373D19CD4AD23E3FC5FB85DC0B5B2C367BC72BB99F18978E92A29631A3C454462036E61F7A48A45D86B149D0E1F4DD63349D7121F5A5CA2368C226D80E3D394C90E9]}
07-05 23:57:00.795 13906 13906 D [WeatherWidget(15735@5)]  : {[312ABE2A995B20862969B8BE3492A7764E619A6F4E9D0A096FF8CF5860422A09AE4E8EA6C41D2C8D527D8B2943627235BDC6C5A4B9DBBC3D80C9005FB2BCE745767EE7FA0B0614A552354DFCB21A390C]}
07-05 23:57:00.798 13906 13906 D [WeatherWidget(15735@5)]  : {[1597E1EF69A5E903282836F12AD5A81015684C1DBC51F2B34A71E27EFB5BAB905D0D31FB6EAF4D6A1B2933330FEEA736F76BDBA742CCB192C0E1B2869165E7BD0A650463790B12E198C58B4CFD2496E136B7C6C648F1A55B72CABCC38EC6758CE6FD48551FBD0C22CCE985183A2C92EE8096BA1C4B6229F1DEDCAF9203300AA9CE17EF1BB7B11A03F1B00F0D2F821CE8C3D169C62E8D28D96C4AE991026CDB80]}
07-05 23:57:00.800 13906 13906 D [WeatherWidget(15735@5)]  : {[1597E1EF69A5E903282836F12AD5A81015684C1DBC51F2B34A71E27EFB5BAB9070A4927B8208FB2EF8A99B52CF77C825F13A931502CF394425FF4E97AF9DDAFD3BA37D49F0DD221C8BAA602072126176C0BD545F60C244DF37AD2D604A7A468313FAAFE3CB20D0F43C3445FB56A98AEEB02EF3EF808EF8D2BD11DD4DB1A6C03B898DCE2F018FABFDB13A167C2F28DA383A903C267C96855514AA1AD965561018]}
07-05 23:57:00.800 13906 13906 D [WeatherWidget(15735@5)]  : {[1597E1EF69A5E903282836F12AD5A81015684C1DBC51F2B34A71E27EFB5BAB908BE3D8906573A1856FD39150AF28B23C603E45CFDB33E77272F19BEFD197F5E8C7E8DA6C7E4622F8D5926FC5DAECCA196CDA125A6F2CE7B3CE24B4355D90D7D1]}
07-05 23:57:00.802 13906 13906 D [WeatherWidget(15735@5)]  : {[1597E1EF69A5E903282836F12AD5A81015684C1DBC51F2B34A71E27EFB5BAB9070A4927B8208FB2EF8A99B52CF77C825A09FEEBEDF586C05F932FEDBCBAEB2319106BE3829DC9116844ADB19487C1006DD4F2F76FAABC7B3C519AA7819EB51490AAA6B414ECBA822B67FAD00BEFF93676A7EDE2D32DFDCC84EC68A4A1793A54CBEF0BF4821AF9219E0279C9B74B7605A6495129129AF1ED66AFF6073745ECB18]}
07-05 23:57:00.803 16527 16618 I BatteryMgr:DataCollectionService: stats => 1688594220803,-151,4150
07-05 23:57:00.803 13906 13906 D [WeatherWidget(15735@5)]  : {[1597E1EF69A5E903282836F12AD5A81015684C1DBC51F2B34A71E27EFB5BAB908BE3D8906573A1856FD39150AF28B23CFBE9301C7F333A7990F591460FF1D5864F4E1B8D59E03CEAC0FBC789A79B25F7C6CD8C0D1C34921EAEF4AB00F49434AB]}
07-05 23:57:00.809 13906 13906 D [WeatherWidget(15735@5)]  : {[1597E1EF69A5E903282836F12AD5A81015684C1DBC51F2B34A71E27EFB5BAB9070A4927B8208FB2EF8A99B52CF77C8250FBC262EEB3EB45F530802C31C8B396F2D0E8EE5F289BB9891D3172B9C8A578913DE6CC6AA97C858EE99EAF37282359F8DE7493BD376CACDDA2B73D991C9E8C0]}
07-05 23:57:00.809 13906 13906 D [WeatherWidget(15735@5)]  : {[1597E1EF69A5E903282836F12AD5A81015684C1DBC51F2B34A71E27EFB5BAB90FD7B9128B096082C6687A766990DA2BDAEFCC783ADF2C3E2E0F76EBC3A44D51E98B276D728AD48071C37A3D81283E070F9D2E1ECD6868DD7DE5D0A875056212F]}
07-05 23:57:00.810 13906 13906 D [WeatherWidget(15735@5)]  : {[1597E1EF69A5E903282836F12AD5A81015684C1DBC51F2B34A71E27EFB5BAB904FA95278D2A6B935753A314C670AB4806146822B51DFA6B3CC6ED6650402CDA0CE6E7F1257AC51AA6691E0BD5E95801CA14C352B939FF28602205A22E738A19955A99A7AA444919C7AC448B8FAF173AD]}
07-05 23:57:00.811 13906 13906 D [WeatherWidget(15735@5)]  : {[1597E1EF69A5E903282836F12AD5A81015684C1DBC51F2B34A71E27EFB5BAB9070A4927B8208FB2EF8A99B52CF77C825705AE52092BD3DF1FE658685FB6AA38F8005A71EACF086976D95184393F835F66B0CFF89C824F34EB7C01A2F0FB61281]}
07-05 23:57:00.811 13906 13906 D [WeatherWidget(15735@5)]  : {[8BC4E8BC56DCF4A2B44928B44EA3EC27FBA98A476164F5721156E23E5182F1198B3FE3800CC06DEC8F1C2B78BC848584]}
07-05 23:57:00.816 13906 13906 D [WeatherWidget(15735@5)]  SAUtilReceiver: {[AB1C9934B70FCE9205E5D2CCFB727566D2DC299236F008E40F0F3F40BFDF81F36E7453522E5F49CDA3EB34F87DEE4EAF]}
07-05 23:57:00.816 13906 13906 D [WeatherWidget(15735@5)]  SAUtilReceiver: {[AB1C9934B70FCE9205E5D2CCFB727566476AD699A6CE959698B5D4E14BB47A8309865C8D1DAC71FB6A9CD534688953D9]}
07-05 23:57:00.817 16527 16618 I BatteryMgr:DataCollectionService: stats => 1688594220816,-151,4150
07-05 23:57:00.817 13906 13906 D [WeatherWidget(15735@5)]  : {[7D4F639F77B6855E38C8317E0887AB768887601C4A9B1831B73E028FDBFD770518C7BD333E78F22E99880B176BEE7E556BF0ED5F0260825BC40B929D557D1C18]}
07-05 23:57:00.817 13906 13906 D [WeatherWidget(15735@5)]  : {[5FC4320581A8AC15DE22E16C221041547D4396A57532F2ABEA4D0845F271F4C8F668E0F04D8B10B1A9BB33478C4912830857F4082927CAC0D276520E3DABBADB9A3638455CDEA516617679BD9E0ED1FE8C454805F95ED078D2AA9E8802017AD6346204DBBFB5A5193D975799D7589ACA226DDE8D11C4855CBF97271A54C8D0C1]}
07-05 23:57:00.817 13906 13939 D SamsungAnalytics:1.8.33: [DLC Sender] send result fail : -3
07-05 23:57:00.818 13906 13906 D [WeatherWidget(15735@5)]  WeatherAppWidget: {[9C41A2EAFAAB2EF4F8363256C22FE8AD6BFA0AAEAD21D6A8D2E306D93A2C471179BD858054930975AE7F2732001BDC1897848C1DC035D0BDAB0B6E4F45C53186940DE2C9F38BA55247718582BFFF72B97F7052131A9087A3B6EE202AF1732C7B6A178F193F0B4374C3302BAA386651469916B8762AAD62E4059231F315AFE415]}
07-05 23:57:00.819 13906 13906 D [WeatherWidget(15735@5)]  WeatherAppWidget: {[9C41A2EAFAAB2EF4F8363256C22FE8AD33B9BFA2155F0B35004B10159BE794DF311DDACD7C6D4BA6016E3301D3EFC672]}
07-05 23:57:00.819 13906 13906 D [WeatherWidget(15735@5)]  : {[E0434CD2D2EB0C48D1C36618EC9170E4E4727972BBA1004D693B30DB551974EC1295C623243126BD5D1AE762F806F9CA5CF72395B866132E0D57A58C75248FFE]}
07-05 23:57:00.819 13906 13906 D [WeatherWidget(15735@5)]  WeatherAppWidget: {[9C41A2EAFAAB2EF4F8363256C22FE8AD3260CE2E193AC3C841AAE4AFB54333F0B78BC1E70A75D3C9B89FEC281017A218]}
07-05 23:57:00.821 13906 13906 D [WeatherWidget(15735@5)]  WeatherAppWidget: {[9C41A2EAFAAB2EF4F8363256C22FE8AD6BFA0AAEAD21D6A8D2E306D93A2C47115B9A4CF5C43641678CBDB708FE6B55800E321A56A79B94AA9C9EB64D6D510383F86B2FBAF3470A8B28714FCEE4B9616D85C00C3E794E1B911C81FB49563BB8F7EC36C2C5C0B276FFB837227B6326EDCD]}
07-05 23:57:00.822 13906 13906 D [WeatherWidget(15735@5)]  : {[E0434CD2D2EB0C48D1C36618EC9170E4E4727972BBA1004D693B30DB551974EC1295C623243126BD5D1AE762F806F9CA5CF72395B866132E0D57A58C75248FFE]}
07-05 23:57:00.822 13906 13906 D [WeatherWidget(15735@5)]  WeatherAppWidget: {[9C41A2EAFAAB2EF4F8363256C22FE8AD3260CE2E193AC3C841AAE4AFB54333F0B78BC1E70A75D3C9B89FEC281017A218]}
07-05 23:57:00.823 13906 13906 D [WeatherWidget(15735@5)]  WeatherAppWidget2x1: {[9C41A2EAFAAB2EF4F8363256C22FE8ADA04FCBD72B20011CEA55C138FB3A3D66F64C504C885AD521D3CCD13C88A1CCAC789AD064D774182E9370C2BE9DB556EB2F99C00004D75F442AECE6D8039CC518187BE006312241084C778AEB4AC8DE7BAABA5AFC178CD8204520F18FD96BF94EAAE81E20DEA55F49813F064E3E090CF9]}
07-05 23:57:00.824 13906 13906 D [WeatherWidget(15735@5)]  WeatherAppWidget2x1: {[9C41A2EAFAAB2EF4F8363256C22FE8ADE06A20872CF0CAC15E69DF38ED7ACEB53963449DE0FF86830B219769CB15AA085048E16B2B0DE5DF701933B41D49F127]}
07-05 23:57:00.825 13906 13906 D [WeatherWidget(15735@5)]  : {[DAAB5F6AD9A23F87CCCC0A496936C88A6E6E27B418AE81DC0F8D0B632DB4017E]}
07-05 23:57:00.825 13906 13906 D [WeatherWidget(15735@5)]  : {[037589AE0397EFD9EC6C2C91A91815EDB3AE02DED1EAEF405C53DF12E9870013DE4A73CF98DF0BACAD2B781CCC2B87D14BF9ED5A3A94A1E14F36815B0405207F448C6D3A0BBCE174C0A55167AE13C93CBF9A11D1362F09148DE5511970D4823B09B5CBCD2661264A85408233AFCA1FE1]}
07-05 23:57:00.829 13906 13906 D [WeatherWidget(15735@5)]  : {[E2E4023BB7B44A3F43190F913719DF3099CAEA389B2D1A8B1C781E4365B87580CCFD8522D83CB9A9E767F2E43FD5889DB8F5104E1CA5AC37C1DA3F2C8397DC996840B86E3591D16041F2A70946CE3153F2DBEAF76608058D245702AF442311194D7F9BF0B67468D2F4B7B29EEC6250E26D91919A6DE183AFBB85BD6C43CA509D1BFB6CA4E66291B5A56DC6A921392FD831C06D323E97AA973CF48EB91147EF7CE8CD5778D4E18E8200EE0E22008C9D048CCB46AC8CBB117366EEDB3E864E5F5802552CB9EBC9762BEDB2A14E404DF158E0D15754F3DCA269F89832A189109027A2D5DACA9CA441CA08AABD229B6A19B490C9456E1D1B63FCAA04F625F7A8B91E26AB6FA854C86EE3F7C039F182046222]}
07-05 23:57:00.829 13906 13906 D [WeatherWidget(15735@5)]  : {[0AA7D4395440388EB114F406B3A9CB0572852160CBA354C9D2A5C7935199EEE95A0B91874B6D6F350E86B4297DAD9ACD7D844457723BC7198257D37AD4A4CA62]}
07-05 23:57:00.830 16527 16618 I BatteryMgr:DataCollectionService: stats => 1688594220829,-151,4150
07-05 23:57:00.830 13906 13906 D [WeatherWidget(15735@5)]  : {[CD4B0D01EA3F4F7ABFAE91A99B9D2EBBAE45FDEF49CF82CD5BB2F7B4AFB110A27DB57073A3033A63A45A6B484F42B85B388FD93BDB7C2361245765BEF2615EB897C4EF2A0E4775D243EE904E8744807F961AB0D7FA8D0071399BF9C8DB0D3BA8E0A6E09AAE90793BEF6D204F0C6D061005BF11625F9D5C291FF3216BC601F1C7]}
07-05 23:57:00.830 13906 13906 D [WeatherWidget(15735@5)]  : {[131DB376A5F19710D8605135D3A168FFB599022E2B2FE20E19602217299F276AC5CD32003D89EB238F050688302869CC]}
07-05 23:57:00.831 13906 13906 D [WeatherWidget(15735@5)]  : {[CD4B0D01EA3F4F7ABFAE91A99B9D2EBBAE45FDEF49CF82CD5BB2F7B4AFB110A27DB57073A3033A63A45A6B484F42B85B388FD93BDB7C2361245765BEF2615EB897C4EF2A0E4775D243EE904E8744807F961AB0D7FA8D0071399BF9C8DB0D3BA8E0A6E09AAE90793BEF6D204F0C6D061005BF11625F9D5C291FF3216BC601F1C7]}
07-05 23:57:00.835 13906 13906 D [WeatherWidget(15735@5)]  : {[C4CE683C12CC77BDC5EEF95CB60A6F159A5B1FBAB9D8507CEC6C504D3C673C21A153FF05E2BC7FABA69B104A2E1FD39C]}
07-05 23:57:00.835 13906 13906 D [WeatherWidget(15735@5)]  : {[8F7786EA19EB61B0438537DD41AC45DCA73441184DAC20FA654FF8FB2EF2CD663CC633A5E553B24DCEF1B630DF422C59]}
07-05 23:57:00.836 13906 13906 D [WeatherWidget(15735@5)]  : {[7D4F639F77B6855E38C8317E0887AB768887601C4A9B1831B73E028FDBFD770518C7BD333E78F22E99880B176BEE7E556BF0ED5F0260825BC40B929D557D1C18]}
07-05 23:57:00.836 13906 13906 D [WeatherWidget(15735@5)]  : {[06624BE69107798F5E2AE4D476EC859852EBE6C99EC06ED2506CD61E24E4F8C81F854A0EA87C3FDCCF40C74C6A92A31A]}
07-05 23:57:00.836 13906 13906 D [WeatherWidget(15735@5)]  : {[E22DC61125A23EEE7F94D18B14CD51E3C7ED3DBBBD1298A0E6A59854A6DF7150F2357C7409A6158A435488A7F339EA21]}
07-05 23:57:00.837 13906 13906 D [WeatherWidget(15735@5)]  : {[2B33EE278BA5A707E61735F41066C1DB2B2F958B5EE9A5BBD3176222A16D8C679A44BA4657A9C51206A7162580DDF134]}
07-05 23:57:00.837 13906 13906 D [WeatherWidget(15735@5)]  : {[A116B834050A4F29ACF7D8E88F1DB07ED0921A9BA881F8DE0FA0579983B1C6A3E0D45CE8BE8EDBA3B2E20D85C11817CE]}
07-05 23:57:00.837 13906 13906 D [WeatherWidget(15735@5)]  : {[7D4F639F77B6855E38C8317E0887AB768887601C4A9B1831B73E028FDBFD770518C7BD333E78F22E99880B176BEE7E556BF0ED5F0260825BC40B929D557D1C18]}
07-05 23:57:00.837 13906 13906 D [WeatherWidget(15735@5)]  : {[142821655803E6D35EE35B94D8E8E79FB8C9A1EAB9BD2C34114C1763784199B2A85BB2C62D406BC3922400CD5A009E67]}
07-05 23:57:00.838 13906 13906 D [WeatherWidget(15735@5)]  : {[142821655803E6D35EE35B94D8E8E79F1BCD3765AF47E0E7B1E0A189CCED53E61061CB683BA8F803BF28BA74EFEFC50B]}
07-05 23:57:00.838 13906 13906 D [WeatherWidget(15735@5)]  : {[7D4F639F77B6855E38C8317E0887AB768887601C4A9B1831B73E028FDBFD770518C7BD333E78F22E99880B176BEE7E556BF0ED5F0260825BC40B929D557D1C18]}
07-05 23:57:00.839 13906 13906 D [WeatherWidget(15735@5)]  : {[318630AD95BF27A3641918F599D8A36582D0F530C6409F73EC1B2D26DB4B88CA7D9D9F8CC40D820A19EA1F0077E2568E]}
07-05 23:57:00.840 13906 13906 D [WeatherWidget(15735@5)]  : {[35E00D709686C37B173CD52DD7FBA18628C5E436FAFB2410B7F10464602B1B75DF2340B425E6F948A513BA959E1B7477]}
07-05 23:57:00.841 13906 13906 D [WeatherWidget(15735@5)]  : {[7D4F639F77B6855E38C8317E0887AB768887601C4A9B1831B73E028FDBFD770518C7BD333E78F22E99880B176BEE7E556BF0ED5F0260825BC40B929D557D1C18]}
07-05 23:57:00.842 13906 13906 D [WeatherWidget(15735@5)]  : {[6D650F6A627E2D5EC9A2384DDF1238278B9E12FEE78EFD316D01D248055EC6DAC037F32F3108321CA72D8E20B1DF8C3A95C5C2BF73FC57A91886B48095350F448BD612F82D59053140FF05B99D26E6FC5150267F8A977DBC483331E498F5EB65]}
07-05 23:57:00.843 16527 16618 I BatteryMgr:DataCollectionService: stats => 1688594220843,-151,4150
07-05 23:57:00.843 13906 13906 D [WeatherWidget(15735@5)]  : {[E2E4023BB7B44A3F43190F913719DF300BFD4B9D7E225EE9B0EC03ECF6955428]}
07-05 23:57:00.843 13906 13906 D [WeatherWidget(15735@5)]  : {[7D4F639F77B6855E38C8317E0887AB768887601C4A9B1831B73E028FDBFD770518C7BD333E78F22E99880B176BEE7E556BF0ED5F0260825BC40B929D557D1C18]}
07-05 23:57:00.845 13906 13906 D [WeatherWidget(15735@5)]  : {[A1AF0F6A1A65A89C43D705938923D0FE308D44C5D27DFEEF242D22812E8DDC9B1793D137640777C442E393857906D808]}
07-05 23:57:00.846 13906 13906 D [WeatherWidget(15735@5)]  DateTimeUtil: {[A1AF0F6A1A65A89C43D705938923D0FE054B093E48D4D65F0D487093D154CA5127501C98FF7D195A94F1EF9B931B886B72014C1A2B13724947AB153C51902F1C0C381BAFF112A7E696F81D8A13AB40FCFE45EDDF4201843FDDBEC155188640CAD943AB75808417266C8066D8E175C2FD]}
07-05 23:57:00.847 13906 13906 D [WeatherWidget(15735@5)]  : {[29BCF1E909FF6D88D800F37FF2A0CCE2D070D6E5E62F07E5A52A3EF94D3152A95A1DC3CEC1E56C6C0DB056132D6CD1F0]}
07-05 23:57:00.848 13906 13906 D [WeatherWidget(15735@5)]  : {[B3013D52B8165AFF78F5166C7D49662FB617130A8C56EE9A5DDFD67B48EF5C59]}
07-05 23:57:00.848 13906 13906 D [WeatherWidget(15735@5)]  : {[7D4F639F77B6855E38C8317E0887AB768887601C4A9B1831B73E028FDBFD770518C7BD333E78F22E99880B176BEE7E556BF0ED5F0260825BC40B929D557D1C18]}
07-05 23:57:00.850 13906 13906 D [WeatherWidget(15735@5)]  : {[619748CE6C5B7AB40B92C7275A27BD5EA8A3DDE19210349045A6F0CA2EF5375E0BFBCC2A8F09AE5FF14662C7629935D38BCEB77036E470E850E991F6C530DA37]}
07-05 23:57:00.851 13906 13906 D [WeatherWidget(15735@5)]  : {[7D4F639F77B6855E38C8317E0887AB768887601C4A9B1831B73E028FDBFD770518C7BD333E78F22E99880B176BEE7E556BF0ED5F0260825BC40B929D557D1C18]}
07-05 23:57:00.851 13906 13906 D [WeatherWidget(15735@5)]  : {[59E8971C968751A284E89F03298DF395CA37EA0E9F5505E5B223BC2E5A50A0B7DDBA71EAA680A636AF632B62962CEE77]}
07-05 23:57:00.852 13906 13906 D [WeatherWidget(15735@5)]  : {[7D4F639F77B6855E38C8317E0887AB768887601C4A9B1831B73E028FDBFD770518C7BD333E78F22E99880B176BEE7E556BF0ED5F0260825BC40B929D557D1C18]}
07-05 23:57:00.854 13906 13906 D [WeatherWidget(15735@5)]  : {[7DD438ECA632CF31E04B2E9255BB2554AC71B8DD18F7133521A2EA9BFA6D24BA1D03A93A1E73D55C7C3DCA942188932D]}
07-05 23:57:00.855 13906 13906 D [WeatherWidget(15735@5)]  : {[7D4F639F77B6855E38C8317E0887AB768887601C4A9B1831B73E028FDBFD770518C7BD333E78F22E99880B176BEE7E556BF0ED5F0260825BC40B929D557D1C18]}
07-05 23:57:00.856 16527 16618 I BatteryMgr:DataCollectionService: stats => 1688594220856,-151,4150
07-05 23:57:00.856 13906 13906 D [WeatherWidget(15735@5)]  : {[60E0DA3EB75B6AC8E852DC6D590E878243A65B259BD3149FFAFE3E0BF8F91545A872A1420FE0B499CD751C83C49259E6]}
07-05 23:57:00.857 13906 13906 D [WeatherWidget(15735@5)]  : {[7D4F639F77B6855E38C8317E0887AB768887601C4A9B1831B73E028FDBFD770518C7BD333E78F22E99880B176BEE7E556BF0ED5F0260825BC40B929D557D1C18]}
07-05 23:57:00.859  3963  3963 D AppWidgetServiceImpl: handleNotifyUpdateAppWidget, appWidgetId = 2
07-05 23:57:00.860 13906 13906 D [WeatherWidget(15735@5)]  WeatherAppWidget2x1: {[9C41A2EAFAAB2EF4F8363256C22FE8ADA04FCBD72B20011CEA55C138FB3A3D6650EEE501C56A94705079AA41B8F89BE6EDB20E14FC13D14431881438A58F36CE9E0CA7CA429384DAB8E670EB20F9B7590FEE55C9F3934DFB55E2AC24254889CC7BA5349DF39B19AD2B26D9D894638288]}
07-05 23:57:00.860 13906 13906 D [WeatherWidget(15735@5)]  : {[DAAB5F6AD9A23F87CCCC0A496936C88A6E6E27B418AE81DC0F8D0B632DB4017E]}
07-05 23:57:00.861 13906 13906 D [WeatherWidget(15735@5)]  : {[037589AE0397EFD9EC6C2C91A91815EDB3AE02DED1EAEF405C53DF12E9870013B94337C6D1E9DECED8DC1DB0DD2DCA3D266A352A772CEEEFB168654E34C1C17FCB95E673459BEEF6E280B4552DCA64F4B94BF3907C36153BFC8A3AE88EEBC2BE]}
07-05 23:57:00.862  5341  5341 I LauncherAppWidgetHostView: updateLastInflationOrientation, orientation: 1, widget: AppWidgetProviderInfo(UserHandle{0}/ComponentInfo{com.sec.android.daemonapp/com.sec.android.daemonapp.appwidget.WeatherAppWidget2x1})
07-05 23:57:00.866 13906 13906 D [WeatherWidget(15735@5)]  : {[E2E4023BB7B44A3F43190F913719DF3099CAEA389B2D1A8B1C781E4365B87580CCFD8522D83CB9A9E767F2E43FD5889DB8F5104E1CA5AC37C1DA3F2C8397DC996840B86E3591D16041F2A70946CE3153F2DBEAF76608058D245702AF442311194D7F9BF0B67468D2F4B7B29EEC6250E26D91919A6DE183AFBB85BD6C43CA509D1BFB6CA4E66291B5A56DC6A921392FD831C06D323E97AA973CF48EB91147EF7CE8CD5778D4E18E8200EE0E22008C9D048CCB46AC8CBB117366EEDB3E864E5F5802552CB9EBC9762BEDB2A14E404DF158E0D15754F3DCA269F89832A189109027A2D5DACA9CA441CA08AABD229B6A19B490C9456E1D1B63FCAA04F625F7A8B91E26AB6FA854C86EE3F7C039F182046222]}
07-05 23:57:00.866 13906 13906 D [WeatherWidget(15735@5)]  : {[0AA7D4395440388EB114F406B3A9CB0572852160CBA354C9D2A5C7935199EEE95A0B91874B6D6F350E86B4297DAD9ACD7D844457723BC7198257D37AD4A4CA62]}
07-05 23:57:00.867 13906 13906 D [WeatherWidget(15735@5)]  : {[CD4B0D01EA3F4F7ABFAE91A99B9D2EBBAE45FDEF49CF82CD5BB2F7B4AFB110A27DB57073A3033A63A45A6B484F42B85B388FD93BDB7C2361245765BEF2615EB897C4EF2A0E4775D243EE904E8744807F961AB0D7FA8D0071399BF9C8DB0D3BA8E0A6E09AAE90793BEF6D204F0C6D061005BF11625F9D5C291FF3216BC601F1C7]}
07-05 23:57:00.867 13906 13906 D [WeatherWidget(15735@5)]  : {[131DB376A5F19710D8605135D3A168FFB599022E2B2FE20E19602217299F276AC5CD32003D89EB238F050688302869CC]}
07-05 23:57:00.868 13906 13906 D [WeatherWidget(15735@5)]  : {[CD4B0D01EA3F4F7ABFAE91A99B9D2EBBAE45FDEF49CF82CD5BB2F7B4AFB110A27DB57073A3033A63A45A6B484F42B85B388FD93BDB7C2361245765BEF2615EB897C4EF2A0E4775D243EE904E8744807F961AB0D7FA8D0071399BF9C8DB0D3BA8E0A6E09AAE90793BEF6D204F0C6D061005BF11625F9D5C291FF3216BC601F1C7]}
07-05 23:57:00.869 13906 13906 D [WeatherWidget(15735@5)]  : {[C4CE683C12CC77BDC5EEF95CB60A6F159A5B1FBAB9D8507CEC6C504D3C673C21A153FF05E2BC7FABA69B104A2E1FD39C]}
07-05 23:57:00.869 13906 13906 D [WeatherWidget(15735@5)]  : {[8F7786EA19EB61B0438537DD41AC45DCA73441184DAC20FA654FF8FB2EF2CD663CC633A5E553B24DCEF1B630DF422C59]}
07-05 23:57:00.869 13906 13906 D [WeatherWidget(15735@5)]  : {[7D4F639F77B6855E38C8317E0887AB768887601C4A9B1831B73E028FDBFD770518C7BD333E78F22E99880B176BEE7E556BF0ED5F0260825BC40B929D557D1C18]}
07-05 23:57:00.869 13906 13906 D [WeatherWidget(15735@5)]  : {[06624BE69107798F5E2AE4D476EC859852EBE6C99EC06ED2506CD61E24E4F8C81F854A0EA87C3FDCCF40C74C6A92A31A]}
07-05 23:57:00.870 13906 13906 D [WeatherWidget(15735@5)]  : {[E22DC61125A23EEE7F94D18B14CD51E3C7ED3DBBBD1298A0E6A59854A6DF7150F2357C7409A6158A435488A7F339EA21]}
07-05 23:57:00.870 13906 13906 D [WeatherWidget(15735@5)]  : {[2B33EE278BA5A707E61735F41066C1DB2B2F958B5EE9A5BBD3176222A16D8C679A44BA4657A9C51206A7162580DDF134]}
07-05 23:57:00.870 13906 13906 D [WeatherWidget(15735@5)]  : {[A116B834050A4F29ACF7D8E88F1DB07ED0921A9BA881F8DE0FA0579983B1C6A3E0D45CE8BE8EDBA3B2E20D85C11817CE]}
07-05 23:57:00.871 13906 13906 D [WeatherWidget(15735@5)]  : {[7D4F639F77B6855E38C8317E0887AB768887601C4A9B1831B73E028FDBFD770518C7BD333E78F22E99880B176BEE7E556BF0ED5F0260825BC40B929D557D1C18]}
07-05 23:57:00.871 16527 16618 I BatteryMgr:DataCollectionService: stats => 1688594220871,-151,4150
07-05 23:57:00.871 13906 13906 D [WeatherWidget(15735@5)]  : {[142821655803E6D35EE35B94D8E8E79FB8C9A1EAB9BD2C34114C1763784199B2A85BB2C62D406BC3922400CD5A009E67]}
07-05 23:57:00.871 13906 13906 D [WeatherWidget(15735@5)]  : {[142821655803E6D35EE35B94D8E8E79F1BCD3765AF47E0E7B1E0A189CCED53E61061CB683BA8F803BF28BA74EFEFC50B]}
07-05 23:57:00.871 13906 13906 D [WeatherWidget(15735@5)]  : {[7D4F639F77B6855E38C8317E0887AB768887601C4A9B1831B73E028FDBFD770518C7BD333E78F22E99880B176BEE7E556BF0ED5F0260825BC40B929D557D1C18]}
07-05 23:57:00.873 13906 13906 D [WeatherWidget(15735@5)]  : {[318630AD95BF27A3641918F599D8A36582D0F530C6409F73EC1B2D26DB4B88CA7D9D9F8CC40D820A19EA1F0077E2568E]}
07-05 23:57:00.874 13906 13906 D [WeatherWidget(15735@5)]  : {[35E00D709686C37B173CD52DD7FBA18628C5E436FAFB2410B7F10464602B1B75DF2340B425E6F948A513BA959E1B7477]}
07-05 23:57:00.874 13906 13906 D [WeatherWidget(15735@5)]  : {[7D4F639F77B6855E38C8317E0887AB768887601C4A9B1831B73E028FDBFD770518C7BD333E78F22E99880B176BEE7E556BF0ED5F0260825BC40B929D557D1C18]}
07-05 23:57:00.875  5341  5341 D DragLayer: DragLayer onMeasure, mIsNaviBarPositionChanged = false, mWillOrientationChange = false
07-05 23:57:00.875  5341  5341 D LauncherAppWidgetHostView: setResizeScaleResult() 860/ 215 scaleToResize = 0.7906977(widget id = 3)
07-05 23:57:00.876  5341  5341 D LauncherAppWidgetHostView: setResizeScaleResult() 514/ 658 scaleToResize = 0.78988326(widget id = 2)
07-05 23:57:00.876 13906 13906 D [WeatherWidget(15735@5)]  : {[6D650F6A627E2D5EC9A2384DDF1238278B9E12FEE78EFD316D01D248055EC6DAC037F32F3108321CA72D8E20B1DF8C3A95C5C2BF73FC57A91886B48095350F448BD612F82D59053140FF05B99D26E6FC5150267F8A977DBC483331E498F5EB65]}
07-05 23:57:00.876 13906 13906 D [WeatherWidget(15735@5)]  : {[E2E4023BB7B44A3F43190F913719DF300BFD4B9D7E225EE9B0EC03ECF6955428]}
07-05 23:57:00.877 13906 13906 D [WeatherWidget(15735@5)]  : {[7D4F639F77B6855E38C8317E0887AB768887601C4A9B1831B73E028FDBFD770518C7BD333E78F22E99880B176BEE7E556BF0ED5F0260825BC40B929D557D1C18]}
07-05 23:57:00.879 13906 13906 D [WeatherWidget(15735@5)]  : {[A1AF0F6A1A65A89C43D705938923D0FE308D44C5D27DFEEF242D22812E8DDC9B1793D137640777C442E393857906D808]}
07-05 23:57:00.879 13906 13906 D [WeatherWidget(15735@5)]  DateTimeUtil: {[A1AF0F6A1A65A89C43D705938923D0FE054B093E48D4D65F0D487093D154CA5127501C98FF7D195A94F1EF9B931B886B72014C1A2B13724947AB153C51902F1C0C381BAFF112A7E696F81D8A13AB40FCFE45EDDF4201843FDDBEC155188640CAD943AB75808417266C8066D8E175C2FD]}
07-05 23:57:00.881 13906 13906 D [WeatherWidget(15735@5)]  : {[29BCF1E909FF6D88D800F37FF2A0CCE2D070D6E5E62F07E5A52A3EF94D3152A95A1DC3CEC1E56C6C0DB056132D6CD1F0]}
07-05 23:57:00.881 13906 13906 D [WeatherWidget(15735@5)]  : {[B3013D52B8165AFF78F5166C7D49662FB617130A8C56EE9A5DDFD67B48EF5C59]}
07-05 23:57:00.882 13906 13906 D [WeatherWidget(15735@5)]  : {[7D4F639F77B6855E38C8317E0887AB768887601C4A9B1831B73E028FDBFD770518C7BD333E78F22E99880B176BEE7E556BF0ED5F0260825BC40B929D557D1C18]}
07-05 23:57:00.884 13906 13906 D [WeatherWidget(15735@5)]  : {[619748CE6C5B7AB40B92C7275A27BD5EA8A3DDE19210349045A6F0CA2EF5375E0BFBCC2A8F09AE5FF14662C7629935D38BCEB77036E470E850E991F6C530DA37]}
07-05 23:57:00.884 13906 13906 D [WeatherWidget(15735@5)]  : {[7D4F639F77B6855E38C8317E0887AB768887601C4A9B1831B73E028FDBFD770518C7BD333E78F22E99880B176BEE7E556BF0ED5F0260825BC40B929D557D1C18]}
07-05 23:57:00.885 16527 16618 I BatteryMgr:DataCollectionService: stats => 1688594220885,-151,4150
07-05 23:57:00.885 13906 13906 D [WeatherWidget(15735@5)]  : {[59E8971C968751A284E89F03298DF395CA37EA0E9F5505E5B223BC2E5A50A0B7DDBA71EAA680A636AF632B62962CEE77]}
07-05 23:57:00.886 13906 13906 D [WeatherWidget(15735@5)]  : {[7D4F639F77B6855E38C8317E0887AB768887601C4A9B1831B73E028FDBFD770518C7BD333E78F22E99880B176BEE7E556BF0ED5F0260825BC40B929D557D1C18]}
07-05 23:57:00.887  3963  4567 D ConnectivityService: filterNetworkStateForUid() uid: 10025 networkInfo: [type: WIFI[] - WIFI, state: CONNECTED/CONNECTED, reason: (unspecified), extra: "DoodleBoodle", failover: false, available: true, roaming: false, metered: false]
07-05 23:57:00.887  3963  8737 D ConnectivityService: filterNetworkStateForUid() uid: 10025 networkInfo: [type: WIFI[] - WIFI, state: CONNECTED/CONNECTED, reason: (unspecified), extra: "DoodleBoodle", failover: false, available: true, roaming: false, metered: false]
07-05 23:57:00.888  3963  8737 D ConnectivityService: filterNetworkStateForUid() uid: 10025 networkInfo: [type: WIFI[] - WIFI, state: CONNECTED/CONNECTED, reason: (unspecified), extra: "DoodleBoodle", failover: false, available: true, roaming: false, metered: false]
07-05 23:57:00.888 13906 13906 D [WeatherWidget(15735@5)]  : {[7DD438ECA632CF31E04B2E9255BB2554AC71B8DD18F7133521A2EA9BFA6D24BA1D03A93A1E73D55C7C3DCA942188932D]}
07-05 23:57:00.888  3963  4567 D ConnectivityService: filterNetworkStateForUid() uid: 10025 networkInfo: [type: WIFI[] - WIFI, state: CONNECTED/CONNECTED, reason: (unspecified), extra: "DoodleBoodle", failover: false, available: true, roaming: false, metered: false]
07-05 23:57:00.889  5341  5341 D DragLayer: DragLayer dispatchDraw, mIsNaviBarPositionChanged = false, mWillOrientationChange = false
07-05 23:57:00.889 13906 13906 D [WeatherWidget(15735@5)]  : {[7D4F639F77B6855E38C8317E0887AB768887601C4A9B1831B73E028FDBFD770518C7BD333E78F22E99880B176BEE7E556BF0ED5F0260825BC40B929D557D1C18]}
07-05 23:57:00.890 13906 13906 D [WeatherWidget(15735@5)]  : {[60E0DA3EB75B6AC8E852DC6D590E878243A65B259BD3149FFAFE3E0BF8F91545A872A1420FE0B499CD751C83C49259E6]}
07-05 23:57:00.890 13906 13906 D [WeatherWidget(15735@5)]  : {[7D4F639F77B6855E38C8317E0887AB768887601C4A9B1831B73E028FDBFD770518C7BD333E78F22E99880B176BEE7E556BF0ED5F0260825BC40B929D557D1C18]}
07-05 23:57:00.893  3963  3963 D AppWidgetServiceImpl: handleNotifyUpdateAppWidget, appWidgetId = 2
07-05 23:57:00.894 13906 13906 D [WeatherWidget(15735@5)]  WeatherForecastAppWidget: {[D15A207DC5324AEAC4AD6D650BD0CC98725A260018D36D3B1BB9C01B301602D1438A74AC0B93427ABA7DD7106A0CE56582AE1EACBD4564B644A426B814837167292A27FEFAC6ADADCE7F1DEFD2C3B622511D7F51BAC734129284EF3F35E7549E30D6E5850D353DB6B98465A72BD6A4C681D24B2C22D05497D356F7DEA409193B1295A1090FB2633BC5ED0DB9DCF2EC46]}
07-05 23:57:00.895 13906 13906 D [WeatherWidget(15735@5)]  ForecastUIManager: {[E9B660B3ED6ADC5F90E1198B052EE33E38B03FEFE7E28A270DA2D7DDF2F418E0AE5B879B8B45D499F640D7B01CDE7DC6]}
07-05 23:57:00.895  5341  5341 I LauncherAppWidgetHostView: updateLastInflationOrientation, orientation: 1, widget: AppWidgetProviderInfo(UserHandle{0}/ComponentInfo{com.sec.android.daemonapp/com.sec.android.daemonapp.appwidget.WeatherAppWidget2x1})
07-05 23:57:00.895 13906 13906 D [WeatherWidget(15735@5)]  ForecastUIManager: {[E9B660B3ED6ADC5F90E1198B052EE33EC62FDB4F402D51946FB37F96B100E24E66A27145F9A8CE03BF859727468C422F94B4EAA484FDCF5468A0026410CAFE6B]}
07-05 23:57:00.895 13906 13906 D [WeatherWidget(15735@5)]  ForecastUIManager: {[E9B660B3ED6ADC5F90E1198B052EE33E62E5D1C21B539F7071641D39C1F6BC3CD29050480D173A63D387BAEA77F3E5D3576AB0FB8C6997F763212E537C9F156F]}
07-05 23:57:00.896 13906 13906 D [WeatherWidget(15735@5)]  : {[7D4F639F77B6855E38C8317E0887AB768887601C4A9B1831B73E028FDBFD770518C7BD333E78F22E99880B176BEE7E556BF0ED5F0260825BC40B929D557D1C18]}
07-05 23:57:00.897 13906 13906 D [WeatherWidget(15735@5)]  WeatherForecastAppWidget: {[D15A207DC5324AEAC4AD6D650BD0CC98725A260018D36D3B1BB9C01B301602D17CF888B18C6B26D2D0D62E118B12D7D5D53DF71479F538D20DD7C499F9EA80445BDFA72C2D916A9740577678C9E1412C4B81494D950F3E9C27821E90D1F509A6E7B7B9BC2C04E0E56C18F7A8914745A35C8434B28695E688BBD3166C847FF536]}
07-05 23:57:00.898 13906 13906 D [WeatherWidget(15735@5)]  ForecastUIManager: {[E9B660B3ED6ADC5F90E1198B052EE33E38B03FEFE7E28A270DA2D7DDF2F418E0AE5B879B8B45D499F640D7B01CDE7DC6]}
07-05 23:57:00.898 13906 13906 D [WeatherWidget(15735@5)]  ForecastUIManager: {[E9B660B3ED6ADC5F90E1198B052EE33E54180238438504F7275BF856B018B5C22C6B655A31B62BC9D1846F3F24949AD8]}
07-05 23:57:00.898 13906 13906 D [WeatherWidget(15735@5)]  ForecastUIManager: {[E9B660B3ED6ADC5F90E1198B052EE33EDE15556C2298A285B7CB7655A1CC268C9AC746A391C62F5D69EF35506C7300CB]}
07-05 23:57:00.898 13906 13906 D [WeatherWidget(15735@5)]  ForecastUIManager: {[E9B660B3ED6ADC5F90E1198B052EE33E62E5D1C21B539F7071641D39C1F6BC3CD29050480D173A63D387BAEA77F3E5D3576AB0FB8C6997F763212E537C9F156F]}
07-05 23:57:00.899 13906 13906 D [WeatherWidget(15735@5)]  : {[7D4F639F77B6855E38C8317E0887AB768887601C4A9B1831B73E028FDBFD770518C7BD333E78F22E99880B176BEE7E556BF0ED5F0260825BC40B929D557D1C18]}
07-05 23:57:00.900 13906 13906 D [WeatherWidget(15735@5)]  : {[7D4F639F77B6855E38C8317E0887AB768887601C4A9B1831B73E028FDBFD770518C7BD333E78F22E99880B176BEE7E556BF0ED5F0260825BC40B929D557D1C18]}
07-05 23:57:00.900 13906 13906 D [WeatherWidget(15735@5)]  : {[5FC4320581A8AC15DE22E16C221041547D4396A57532F2ABEA4D0845F271F4C8F668E0F04D8B10B1A9BB33478C49128369B8BE63DD3BF5B87D6D39A7764F72D0E21A1B6CCC4305F0A4A247DC2102913706306CF2340206977EACB497D349A360C87AA11E40AF819180C038FB855E1843C2CAF6EC922A262A9D237BECDFF0396D]}
07-05 23:57:00.903 16527 16618 I BatteryMgr:DataCollectionService: stats => 1688594220902,-151,4150
07-05 23:57:00.903  3963  8737 D ConnectivityService: filterNetworkStateForUid() uid: 10025 networkInfo: [type: WIFI[] - WIFI, state: CONNECTED/CONNECTED, reason: (unspecified), extra: "DoodleBoodle", failover: false, available: true, roaming: false, metered: false]
07-05 23:57:00.904  3963  8737 I chatty  : uid=1000(system) Binder:3963_15 identical 1 line
07-05 23:57:00.909  5341  5341 D DragLayer: DragLayer onMeasure, mIsNaviBarPositionChanged = false, mWillOrientationChange = false
07-05 23:57:00.909  3963  8737 D ConnectivityService: filterNetworkStateForUid() uid: 10025 networkInfo: [type: WIFI[] - WIFI, state: CONNECTED/CONNECTED, reason: (unspecified), extra: "DoodleBoodle", failover: false, available: true, roaming: false, metered: false]
07-05 23:57:00.909  5341  5341 D LauncherAppWidgetHostView: setResizeScaleResult() 860/ 215 scaleToResize = 0.7906977(widget id = 3)
07-05 23:57:00.909  5341  5341 D LauncherAppWidgetHostView: setResizeScaleResult() 514/ 658 scaleToResize = 0.78988326(widget id = 2)
07-05 23:57:00.910  3963  4567 D ConnectivityService: filterNetworkStateForUid() uid: 10025 networkInfo: [type: WIFI[] - WIFI, state: CONNECTED/CONNECTED, reason: (unspecified), extra: "DoodleBoodle", failover: false, available: true, roaming: false, metered: false]
07-05 23:57:00.919 16527 16618 I BatteryMgr:DataCollectionService: stats => 1688594220919,-151,4150
07-05 23:57:00.920  3963  8737 D ConnectivityService: filterNetworkStateForUid() uid: 10025 networkInfo: [type: WIFI[] - WIFI, state: CONNECTED/CONNECTED, reason: (unspecified), extra: "DoodleBoodle", failover: false, available: true, roaming: false, metered: false]
07-05 23:57:00.923  5341  5341 D DragLayer: DragLayer dispatchDraw, mIsNaviBarPositionChanged = false, mWillOrientationChange = false
07-05 23:57:00.928  3963  4567 D SamsungAlarmManager: Cancel Alarm calling from uid:10129 pid :11426 / op:PendingIntent{e750d7b: PendingIntentRecord{9e46e5b com.samsung.android.calendar broadcastIntent}}
07-05 23:57:00.933 16527 16618 I BatteryMgr:DataCollectionService: stats => 1688594220933,-151,4150
07-05 23:57:00.947 16527 16618 I BatteryMgr:DataCollectionService: stats => 1688594220947,-151,4150
07-05 23:57:00.952  3963  4567 D ConnectivityService: filterNetworkStateForUid() uid: 10025 networkInfo: [type: WIFI[] - WIFI, state: CONNECTED/CONNECTED, reason: (unspecified), extra: "DoodleBoodle", failover: false, available: true, roaming: false, metered: false]
07-05 23:57:00.966 16527 16618 I BatteryMgr:DataCollectionService: stats => 1688594220966,-151,4150
07-05 23:57:00.979 16527 16618 I BatteryMgr:DataCollectionService: stats => 1688594220979,-151,4150
07-05 23:57:00.979  3963  4567 I chatty  : uid=1000(system) Binder:3963_9 identical 4 lines
07-05 23:57:00.980  3963  4567 D ConnectivityService: filterNetworkStateForUid() uid: 10025 networkInfo: [type: WIFI[] - WIFI, state: CONNECTED/CONNECTED, reason: (unspecified), extra: "DoodleBoodle", failover: false, available: true, roaming: false, metered: false]
07-05 23:57:00.993 16527 16618 I BatteryMgr:DataCollectionService: stats => 1688594220992,-151,4150
07-05 23:57:01.006 16527 16618 I BatteryMgr:DataCollectionService: stats => 1688594221006,-151,4150
07-05 23:57:01.010  3963  4567 D ConnectivityService: filterNetworkStateForUid() uid: 10025 networkInfo: [type: WIFI[] - WIFI, state: CONNECTED/CONNECTED, reason: (unspecified), extra: "DoodleBoodle", failover: false, available: true, roaming: false, metered: false]
07-05 23:57:01.010  3963  8737 D ConnectivityService: filterNetworkStateForUid() uid: 10025 networkInfo: [type: WIFI[] - WIFI, state: CONNECTED/CONNECTED, reason: (unspecified), extra: "DoodleBoodle", failover: false, available: true, roaming: false, metered: false]
07-05 23:57:01.011  3963  4567 D ConnectivityService: filterNetworkStateForUid() uid: 10025 networkInfo: [type: WIFI[] - WIFI, state: CONNECTED/CONNECTED, reason: (unspecified), extra: "DoodleBoodle", failover: false, available: true, roaming: false, metered: false]
07-05 23:57:01.011  3963  8737 D ConnectivityService: filterNetworkStateForUid() uid: 10025 networkInfo: [type: WIFI[] - WIFI, state: CONNECTED/CONNECTED, reason: (unspecified), extra: "DoodleBoodle", failover: false, available: true, roaming: false, metered: false]
07-05 23:57:01.015  3963  4567 D ConnectivityService: filterNetworkStateForUid() uid: 10025 networkInfo: [type: WIFI[] - WIFI, state: CONNECTED/CONNECTED, reason: (unspecified), extra: "DoodleBoodle", failover: false, available: true, roaming: false, metered: false]
07-05 23:57:01.016  3963  4567 D ConnectivityService: filterNetworkStateForUid() uid: 10025 networkInfo: [type: WIFI[] - WIFI, state: CONNECTED/CONNECTED, reason: (unspecified), extra: "DoodleBoodle", failover: false, available: true, roaming: false, metered: false]
07-05 23:57:01.018  3963  8737 D ConnectivityService: filterNetworkStateForUid() uid: 10025 networkInfo: [type: WIFI[] - WIFI, state: CONNECTED/CONNECTED, reason: (unspecified), extra: "DoodleBoodle", failover: false, available: true, roaming: false, metered: false]
07-05 23:57:01.019 16527 16618 I BatteryMgr:DataCollectionService: stats => 1688594221019,-151,4150
07-05 23:57:01.033 16527 16618 I BatteryMgr:DataCollectionService: stats => 1688594221033,-151,4150
07-05 23:57:01.037  3963  8737 I chatty  : uid=1000(system) Binder:3963_15 identical 10 lines
07-05 23:57:01.038  3963  8737 D ConnectivityService: filterNetworkStateForUid() uid: 10025 networkInfo: [type: WIFI[] - WIFI, state: CONNECTED/CONNECTED, reason: (unspecified), extra: "DoodleBoodle", failover: false, available: true, roaming: false, metered: false]
07-05 23:57:01.040  3963  4429 D ConnectivityService: filterNetworkStateForUid() uid: 10025 networkInfo: [type: WIFI[] - WIFI, state: CONNECTED/CONNECTED, reason: (unspecified), extra: "DoodleBoodle", failover: false, available: true, roaming: false, metered: false]
07-05 23:57:01.043  3963  4429 I chatty  : uid=1000(system) Binder:3963_5 identical 2 lines
07-05 23:57:01.044  3963  4429 D ConnectivityService: filterNetworkStateForUid() uid: 10025 networkInfo: [type: WIFI[] - WIFI, state: CONNECTED/CONNECTED, reason: (unspecified), extra: "DoodleBoodle", failover: false, available: true, roaming: false, metered: false]
07-05 23:57:01.046 16527 16618 I BatteryMgr:DataCollectionService: stats => 1688594221046,-151,4150
07-05 23:57:01.046  3963  7960 D ConnectivityService: filterNetworkStateForUid() uid: 10025 networkInfo: [type: WIFI[] - WIFI, state: CONNECTED/CONNECTED, reason: (unspecified), extra: "DoodleBoodle", failover: false, available: true, roaming: false, metered: false]
07-05 23:57:01.059 16527 16618 I BatteryMgr:DataCollectionService: stats => 1688594221059,-151,4150
07-05 23:57:01.073 16527 16618 I BatteryMgr:DataCollectionService: stats => 1688594221073,-151,4150
07-05 23:57:01.087 16527 16618 I BatteryMgr:DataCollectionService: stats => 1688594221087,-151,4150
07-05 23:57:01.093  3963  7960 I chatty  : uid=1000(system) Binder:3963_12 identical 4 lines
07-05 23:57:01.094  3963  7960 D ConnectivityService: filterNetworkStateForUid() uid: 10025 networkInfo: [type: WIFI[] - WIFI, state: CONNECTED/CONNECTED, reason: (unspecified), extra: "DoodleBoodle", failover: false, available: true, roaming: false, metered: false]
07-05 23:57:01.102 16527 16618 I BatteryMgr:DataCollectionService: stats => 1688594221102,-151,4150
07-05 23:57:01.115 16527 16618 I BatteryMgr:DataCollectionService: stats => 1688594221115,-151,4150
07-05 23:57:01.129 16527 16618 I BatteryMgr:DataCollectionService: stats => 1688594221129,-151,4150
07-05 23:57:01.148 16527 16618 I BatteryMgr:DataCollectionService: stats => 1688594221147,-151,4150
07-05 23:57:01.167 16527 16618 I BatteryMgr:DataCollectionService: stats => 1688594221167,-151,4150
07-05 23:57:01.187 16527 16618 I BatteryMgr:DataCollectionService: stats => 1688594221187,-151,4150
07-05 23:57:01.206 16527 16618 I BatteryMgr:DataCollectionService: stats => 1688594221206,-151,4150
07-05 23:57:01.221  3963  4429 D ConnectivityService: filterNetworkStateForUid() uid: 10025 networkInfo: [type: WIFI[] - WIFI, state: CONNECTED/CONNECTED, reason: (unspecified), extra: "DoodleBoodle", failover: false, available: true, roaming: false, metered: false]
07-05 23:57:01.221  3963 10726 D ConnectivityService: filterNetworkStateForUid() uid: 10025 networkInfo: [type: WIFI[] - WIFI, state: CONNECTED/CONNECTED, reason: (unspecified), extra: "DoodleBoodle", failover: false, available: true, roaming: false, metered: false]
07-05 23:57:01.224  3963  4429 D ConnectivityService: filterNetworkStateForUid() uid: 10025 networkInfo: [type: WIFI[] - WIFI, state: CONNECTED/CONNECTED, reason: (unspecified), extra: "DoodleBoodle", failover: false, available: true, roaming: false, metered: false]
07-05 23:57:01.224  3963 10726 D ConnectivityService: filterNetworkStateForUid() uid: 10025 networkInfo: [type: WIFI[] - WIFI, state: CONNECTED/CONNECTED, reason: (unspecified), extra: "DoodleBoodle", failover: false, available: true, roaming: false, metered: false]
07-05 23:57:01.227 16527 16618 I BatteryMgr:DataCollectionService: stats => 1688594221226,-151,4150
07-05 23:57:01.237  3963  4429 I chatty  : uid=1000(system) Binder:3963_5 expire 1 line
07-05 23:57:01.239  3963  4429 D ConnectivityService: filterNetworkStateForUid() uid: 10025 networkInfo: [type: WIFI[] - WIFI, state: CONNECTED/CONNECTED, reason: (unspecified), extra: "DoodleBoodle", failover: false, available: true, roaming: false, metered: false]
07-05 23:57:01.246  3963 10726 D ConnectivityService: filterNetworkStateForUid() uid: 10025 networkInfo: [type: WIFI[] - WIFI, state: CONNECTED/CONNECTED, reason: (unspecified), extra: "DoodleBoodle", failover: false, available: true, roaming: false, metered: false]
07-05 23:57:01.246 16527 16618 I BatteryMgr:DataCollectionService: stats => 1688594221246,-151,4150
07-05 23:57:01.281 16527 16618 I BatteryMgr:DataCollectionService: stats => 1688594221281,-151,4150
07-05 23:57:01.297 16527 16618 I BatteryMgr:DataCollectionService: stats => 1688594221296,-151,4150
07-05 23:57:01.301  3963 10726 I chatty  : uid=1000(system) Binder:3963_18 identical 2 lines
07-05 23:57:01.302  3963 10726 D ConnectivityService: filterNetworkStateForUid() uid: 10025 networkInfo: [type: WIFI[] - WIFI, state: CONNECTED/CONNECTED, reason: (unspecified), extra: "DoodleBoodle", failover: false, available: true, roaming: false, metered: false]
07-05 23:57:01.311 16527 16618 I BatteryMgr:DataCollectionService: stats => 1688594221311,-151,4150
07-05 23:57:01.320  3963  4429 D ConnectivityService: filterNetworkStateForUid() uid: 10025 networkInfo: [type: WIFI[] - WIFI, state: CONNECTED/CONNECTED, reason: (unspecified), extra: "DoodleBoodle", failover: false, available: true, roaming: false, metered: false]
07-05 23:57:01.322  3963  4429 D ConnectivityService: filterNetworkStateForUid() uid: 10025 networkInfo: [type: WIFI[] - WIFI, state: CONNECTED/CONNECTED, reason: (unspecified), extra: "DoodleBoodle", failover: false, available: true, roaming: false, metered: false]
07-05 23:57:01.326 16527 16618 I BatteryMgr:DataCollectionService: stats => 1688594221326,-151,4150
07-05 23:57:01.340 16527 16618 I BatteryMgr:DataCollectionService: stats => 1688594221340,-151,4150
07-05 23:57:01.355 16527 16618 I BatteryMgr:DataCollectionService: stats => 1688594221355,-151,4150
07-05 23:57:01.370 16527 16618 I BatteryMgr:DataCollectionService: stats => 1688594221370,-151,4150
07-05 23:57:01.375  3963 10726 D ConnectivityService: filterNetworkStateForUid() uid: 10025 networkInfo: [type: WIFI[] - WIFI, state: CONNECTED/CONNECTED, reason: (unspecified), extra: "DoodleBoodle", failover: false, available: true, roaming: false, metered: false]
07-05 23:57:01.376 16665 16707 D [ACT]:TransmitPolicyManager: processing priority = HIGH
07-05 23:57:01.376  3963 10726 I chatty  : uid=1000(system) Binder:3963_18 identical 1 line
07-05 23:57:01.385 16527 16618 I BatteryMgr:DataCollectionService: stats => 1688594221385,-151,4150
07-05 23:57:01.399 16527 16618 I BatteryMgr:DataCollectionService: stats => 1688594221399,-151,4150
07-05 23:57:01.408  3963 10726 D ConnectivityService: filterNetworkStateForUid() uid: 10025 networkInfo: [type: WIFI[] - WIFI, state: CONNECTED/CONNECTED, reason: (unspecified), extra: "DoodleBoodle", failover: false, available: true, roaming: false, metered: false]
07-05 23:57:01.408  3963  4429 D ConnectivityService: filterNetworkStateForUid() uid: 10025 networkInfo: [type: WIFI[] - WIFI, state: CONNECTED/CONNECTED, reason: (unspecified), extra: "DoodleBoodle", failover: false, available: true, roaming: false, metered: false]
07-05 23:57:01.411  3963  4429 D ConnectivityService: filterNetworkStateForUid() uid: 10025 networkInfo: [type: WIFI[] - WIFI, state: CONNECTED/CONNECTED, reason: (unspecified), extra: "DoodleBoodle", failover: false, available: true, roaming: false, metered: false]
07-05 23:57:01.411  3963 10726 D ConnectivityService: filterNetworkStateForUid() uid: 10025 networkInfo: [type: WIFI[] - WIFI, state: CONNECTED/CONNECTED, reason: (unspecified), extra: "DoodleBoodle", failover: false, available: true, roaming: false, metered: false]
07-05 23:57:01.416 16527 16618 I BatteryMgr:DataCollectionService: stats => 1688594221416,-151,4150
07-05 23:57:01.420  3963  7960 D ConnectivityService: filterNetworkStateForUid() uid: 10025 networkInfo: [type: WIFI[] - WIFI, state: CONNECTED/CONNECTED, reason: (unspecified), extra: "DoodleBoodle", failover: false, available: true, roaming: false, metered: false]
07-05 23:57:01.425  3963  7960 I chatty  : uid=1000(system) Binder:3963_12 identical 2 lines
07-05 23:57:01.427  3963  7960 D ConnectivityService: filterNetworkStateForUid() uid: 10025 networkInfo: [type: WIFI[] - WIFI, state: CONNECTED/CONNECTED, reason: (unspecified), extra: "DoodleBoodle", failover: false, available: true, roaming: false, metered: false]
07-05 23:57:01.428  3963  3978 W ActivityManager: Activity destroy timeout for ActivityRecord{f5e3585 u0 e.www.magneticfieldtest/.MainActivity t55 f}
07-05 23:57:01.429  3963  3978 D TaskSnapshotCache: removeRunningEntry taskId=55 RunningCache size=0
07-05 23:57:01.431  3447  3487 I SurfaceFlinger: id=193 Removed animation background stackId=1#0 (1/5)
07-05 23:57:01.432  3447  3487 I SurfaceFlinger: id=193 Removed animation background stackId=1#0 (-2/5)
07-05 23:57:01.433  3963  4429 D ConnectivityService: filterNetworkStateForUid() uid: 10025 networkInfo: [type: WIFI[] - WIFI, state: CONNECTED/CONNECTED, reason: (unspecified), extra: "DoodleBoodle", failover: false, available: true, roaming: false, metered: false]
07-05 23:57:01.440 16527 16618 I BatteryMgr:DataCollectionService: stats => 1688594221440,-151,4150
07-05 23:57:01.442  3447  3447 I Layer   : id=193 onRemoved animation background stackId=1#0 
07-05 23:57:01.455 16527 16618 I BatteryMgr:DataCollectionService: stats => 1688594221455,-151,4150
07-05 23:57:01.465  3963  4429 I chatty  : uid=1000(system) Binder:3963_5 identical 10 lines
07-05 23:57:01.466  3963  4429 D ConnectivityService: filterNetworkStateForUid() uid: 10025 networkInfo: [type: WIFI[] - WIFI, state: CONNECTED/CONNECTED, reason: (unspecified), extra: "DoodleBoodle", failover: false, available: true, roaming: false, metered: false]
07-05 23:57:01.470 16527 16618 I BatteryMgr:DataCollectionService: stats => 1688594221470,-151,4150
07-05 23:57:01.470  3963 10726 D ConnectivityService: filterNetworkStateForUid() uid: 10025 networkInfo: [type: WIFI[] - WIFI, state: CONNECTED/CONNECTED, reason: (unspecified), extra: "DoodleBoodle", failover: false, available: true, roaming: false, metered: false]
07-05 23:57:01.480  3963 10726 I chatty  : uid=1000(system) Binder:3963_18 identical 4 lines
