07-05 17:59:53.447 22381 22478 I BatteryMgr:DataCollectionService: stats => 1688572793447,-86,4041
07-05 17:59:53.463 22381 22478 I BatteryMgr:DataCollectionService: stats => 1688572793463,-86,4041
07-05 17:59:53.479 22381 22478 I BatteryMgr:DataCollectionService: stats => 1688572793479,-86,4041
07-05 17:59:53.496 22381 22478 I BatteryMgr:DataCollectionService: stats => 1688572793496,-86,4041
07-05 17:59:53.513 22381 22478 I BatteryMgr:DataCollectionService: stats => 1688572793512,-86,4041
07-05 17:59:53.529 22381 22478 I BatteryMgr:DataCollectionService: stats => 1688572793529,-86,4041
07-05 17:59:53.545 22381 22478 I BatteryMgr:DataCollectionService: stats => 1688572793545,-86,4041
07-05 17:59:53.562 22381 22478 I BatteryMgr:DataCollectionService: stats => 1688572793562,-86,4041
07-05 17:59:53.568  5276  5387 D ContactsProvider_EventLog: contents_sample_state: [CONTACT contacts(0) data(0) accounts({}) accounts deleted({}) calls([]) countryIso(NL) userId(0)  ]
07-05 17:59:53.568  5276  5387 D ContactsProvider_EventLog: contents_sample_state: [ agr({})  ]
07-05 17:59:53.568  5276  5387 D ContactsProvider_EventLog: contents_sample_state: [ actCnt({android.process.acore(5276)=1})  ]
07-05 17:59:53.568  5276  5387 D ContactsProvider_EventLog: contents_sample_state: [PROFILE contacts(0) data(0) accounts({})  ]
07-05 17:59:53.568  5276  5387 D ContactsProvider_EventLog: contents_sample_state: [SAPROFILE contacts(1) data(1) accounts({vnd.sec.contact.phone (1)=1})  ]
07-05 17:59:53.572  5276  5387 E ContactsProvider_EventLog: Flush buffer to file cnt : 1 size : 0Kb duration : 2ms lastUpdatedAfter : 60041 ms mFlush_time_threasold : 2000 mCurrentSize : 437
07-05 17:59:53.578 22381 22478 I BatteryMgr:DataCollectionService: stats => 1688572793578,-86,4041
07-05 17:59:53.591 22381 22478 I BatteryMgr:DataCollectionService: stats => 1688572793591,-86,4041
07-05 17:59:53.605 22381 22478 I BatteryMgr:DataCollectionService: stats => 1688572793605,-86,4041
07-05 17:59:53.618 22381 22478 I BatteryMgr:DataCollectionService: stats => 1688572793618,-86,4041
07-05 17:59:53.635 22381 22478 I BatteryMgr:DataCollectionService: stats => 1688572793635,-86,4041
07-05 17:59:53.651 22381 22478 I BatteryMgr:DataCollectionService: stats => 1688572793651,-86,4041
07-05 17:59:53.668 22381 22478 I BatteryMgr:DataCollectionService: stats => 1688572793668,-86,4041
07-05 17:59:53.674  3437  3437 I android.hardware.wifi@1.0-service: getLinkLayerStats
07-05 17:59:53.686 22381 22478 I BatteryMgr:DataCollectionService: stats => 1688572793686,-86,4041
07-05 17:59:53.702 22381 22478 I BatteryMgr:DataCollectionService: stats => 1688572793702,-86,4041
07-05 17:59:53.719 22381 22478 I BatteryMgr:DataCollectionService: stats => 1688572793718,-86,4041
07-05 17:59:53.735 22381 22478 I BatteryMgr:DataCollectionService: stats => 1688572793735,-86,4041
07-05 17:59:53.751 22381 22478 I BatteryMgr:DataCollectionService: stats => 1688572793751,-86,4041
07-05 17:59:53.767 22381 22478 I BatteryMgr:DataCollectionService: stats => 1688572793767,-86,4041
07-05 17:59:53.783 22381 22478 I BatteryMgr:DataCollectionService: stats => 1688572793783,-86,4041
07-05 17:59:53.799 22381 22478 I BatteryMgr:DataCollectionService: stats => 1688572793799,-86,4041
07-05 17:59:53.816 22381 22478 I BatteryMgr:DataCollectionService: stats => 1688572793816,-86,4041
07-05 17:59:53.833 22381 22478 I BatteryMgr:DataCollectionService: stats => 1688572793833,-86,4041
07-05 17:59:53.849 22381 22478 I BatteryMgr:DataCollectionService: stats => 1688572793849,-86,4041
07-05 17:59:53.866 22381 22478 I BatteryMgr:DataCollectionService: stats => 1688572793866,-86,4041
07-05 17:59:53.882 22381 22478 I BatteryMgr:DataCollectionService: stats => 1688572793882,-86,4041
07-05 17:59:53.898 22381 22478 I BatteryMgr:DataCollectionService: stats => 1688572793898,-86,4041
07-05 17:59:53.915 22381 22478 I BatteryMgr:DataCollectionService: stats => 1688572793915,-86,4041
07-05 17:59:53.931 22381 22478 I BatteryMgr:DataCollectionService: stats => 1688572793931,-86,4041
07-05 17:59:53.947 22381 22478 I BatteryMgr:DataCollectionService: stats => 1688572793947,-86,4041
07-05 17:59:53.963 22381 22478 I BatteryMgr:DataCollectionService: stats => 1688572793963,-86,4041
07-05 17:59:53.980 22381 22478 I BatteryMgr:DataCollectionService: stats => 1688572793980,-86,4041
07-05 17:59:53.996 22381 22478 I BatteryMgr:DataCollectionService: stats => 1688572793996,-86,4041
07-05 17:59:54.014 22381 22478 I BatteryMgr:DataCollectionService: stats => 1688572794013,-86,4041
07-05 17:59:54.030 22381 22478 I BatteryMgr:DataCollectionService: stats => 1688572794030,-86,4041
07-05 17:59:54.046 22381 22478 I BatteryMgr:DataCollectionService: stats => 1688572794046,-86,4041
07-05 17:59:54.063 22381 22478 I BatteryMgr:DataCollectionService: stats => 1688572794063,-86,4041
07-05 17:59:54.079 22381 22478 I BatteryMgr:DataCollectionService: stats => 1688572794079,-86,4041
07-05 17:59:54.095 22381 22478 I BatteryMgr:DataCollectionService: stats => 1688572794095,-86,4041
07-05 17:59:54.112 22381 22478 I BatteryMgr:DataCollectionService: stats => 1688572794112,-86,4041
07-05 17:59:54.129 22381 22478 I BatteryMgr:DataCollectionService: stats => 1688572794129,-86,4041
07-05 17:59:54.146 22381 22478 I BatteryMgr:DataCollectionService: stats => 1688572794146,-86,4041
07-05 17:59:54.162 22381 22478 I BatteryMgr:DataCollectionService: stats => 1688572794162,-86,4041
07-05 17:59:54.178 22381 22478 I BatteryMgr:DataCollectionService: stats => 1688572794178,-86,4041
07-05 17:59:54.195 22381 22478 I BatteryMgr:DataCollectionService: stats => 1688572794195,-86,4041
07-05 17:59:54.211 22381 22478 I BatteryMgr:DataCollectionService: stats => 1688572794211,-86,4041
07-05 17:59:54.228 22381 22478 I BatteryMgr:DataCollectionService: stats => 1688572794227,-86,4041
07-05 17:59:54.244 22381 22478 I BatteryMgr:DataCollectionService: stats => 1688572794244,-86,4041
07-05 17:59:54.261 22381 22478 I BatteryMgr:DataCollectionService: stats => 1688572794261,-86,4041
07-05 17:59:54.277 22381 22478 I BatteryMgr:DataCollectionService: stats => 1688572794277,-86,4041
07-05 17:59:54.293 22381 22478 I BatteryMgr:DataCollectionService: stats => 1688572794293,-86,4041
07-05 17:59:54.309 22381 22478 I BatteryMgr:DataCollectionService: stats => 1688572794309,-86,4041
07-05 17:59:54.326 22381 22478 I BatteryMgr:DataCollectionService: stats => 1688572794326,-86,4041
07-05 17:59:54.343 22381 22478 I BatteryMgr:DataCollectionService: stats => 1688572794342,-86,4041
07-05 17:59:54.359 22381 22478 I BatteryMgr:DataCollectionService: stats => 1688572794359,-86,4041
07-05 17:59:54.375 22381 22478 I BatteryMgr:DataCollectionService: stats => 1688572794375,-86,4041
07-05 17:59:54.391 22381 22478 I BatteryMgr:DataCollectionService: stats => 1688572794391,-86,4041
07-05 17:59:54.407 22381 22478 I BatteryMgr:DataCollectionService: stats => 1688572794407,-86,4041
07-05 17:59:54.424 22381 22478 I BatteryMgr:DataCollectionService: stats => 1688572794424,-86,4041
07-05 17:59:54.441 22381 22478 I BatteryMgr:DataCollectionService: stats => 1688572794440,-86,4041
07-05 17:59:54.454 22381 22478 I BatteryMgr:DataCollectionService: stats => 1688572794454,-86,4041
07-05 17:59:54.468 22381 22478 I BatteryMgr:DataCollectionService: stats => 1688572794468,-86,4041
07-05 17:59:54.481 22381 22478 I BatteryMgr:DataCollectionService: stats => 1688572794481,-86,4041
07-05 17:59:54.496 22381 22478 I BatteryMgr:DataCollectionService: stats => 1688572794496,-86,4041
07-05 17:59:54.512 22381 22478 I BatteryMgr:DataCollectionService: stats => 1688572794512,-86,4041
07-05 17:59:54.528 22381 22478 I BatteryMgr:DataCollectionService: stats => 1688572794528,-86,4041
07-05 17:59:54.544 22381 22478 I BatteryMgr:DataCollectionService: stats => 1688572794544,-86,4041
07-05 17:59:54.559 22381 22478 I BatteryMgr:DataCollectionService: stats => 1688572794559,-86,4041
07-05 17:59:54.573 22381 22478 I BatteryMgr:DataCollectionService: stats => 1688572794573,-86,4041
07-05 17:59:54.586 22381 22478 I BatteryMgr:DataCollectionService: stats => 1688572794586,-86,4041
07-05 17:59:54.599 22381 22478 I BatteryMgr:DataCollectionService: stats => 1688572794599,-86,4041
07-05 17:59:54.612 22381 22478 I BatteryMgr:DataCollectionService: stats => 1688572794612,-86,4041
07-05 17:59:54.626 22381 22478 I BatteryMgr:DataCollectionService: stats => 1688572794626,-86,4041
07-05 17:59:54.642 22381 22478 I BatteryMgr:DataCollectionService: stats => 1688572794642,-86,4041
07-05 17:59:54.658 22381 22478 I BatteryMgr:DataCollectionService: stats => 1688572794658,-86,4041
07-05 17:59:54.674 22381 22478 I BatteryMgr:DataCollectionService: stats => 1688572794674,-86,4041
07-05 17:59:54.690 22381 22478 I BatteryMgr:DataCollectionService: stats => 1688572794690,-86,4041
07-05 17:59:54.707 22381 22478 I BatteryMgr:DataCollectionService: stats => 1688572794706,-86,4041
07-05 17:59:54.723 22381 22478 I BatteryMgr:DataCollectionService: stats => 1688572794723,-86,4041
07-05 17:59:54.739 22381 22478 I BatteryMgr:DataCollectionService: stats => 1688572794739,-86,4041
07-05 17:59:54.755 22381 22478 I BatteryMgr:DataCollectionService: stats => 1688572794755,-86,4041
07-05 17:59:54.771 22381 22478 I BatteryMgr:DataCollectionService: stats => 1688572794771,-86,4041
07-05 17:59:54.788 22381 22478 I BatteryMgr:DataCollectionService: stats => 1688572794788,-86,4041
07-05 17:59:54.804 22381 22478 I BatteryMgr:DataCollectionService: stats => 1688572794804,-86,4041
07-05 17:59:54.820 22381 22478 I BatteryMgr:DataCollectionService: stats => 1688572794820,-86,4041
07-05 17:59:54.838  3962  6674 D SSRM:k  : SIOP:: AP = 250, PST = 250 (W:30), BAT = 237, USB = 0, CHG = 0
07-05 17:59:54.838 22381 22478 I BatteryMgr:DataCollectionService: stats => 1688572794838,-86,4041
07-05 17:59:54.855 22381 22478 I BatteryMgr:DataCollectionService: stats => 1688572794855,-86,4041
07-05 17:59:54.871 22381 22478 I BatteryMgr:DataCollectionService: stats => 1688572794871,-86,4041
07-05 17:59:54.888 22381 22478 I BatteryMgr:DataCollectionService: stats => 1688572794888,-86,4041
07-05 17:59:54.904 22381 22478 I BatteryMgr:DataCollectionService: stats => 1688572794904,-86,4041
07-05 17:59:54.920 22381 22478 I BatteryMgr:DataCollectionService: stats => 1688572794920,-86,4041
07-05 17:59:54.937 22381 22478 I BatteryMgr:DataCollectionService: stats => 1688572794937,-86,4041
07-05 17:59:54.953 22381 22478 I BatteryMgr:DataCollectionService: stats => 1688572794953,-86,4041
07-05 17:59:54.969 22381 22478 I BatteryMgr:DataCollectionService: stats => 1688572794969,-86,4041
07-05 17:59:54.986 22381 22478 I BatteryMgr:DataCollectionService: stats => 1688572794985,-86,4041
07-05 17:59:55.009 22381 22478 I BatteryMgr:DataCollectionService: stats => 1688572795009,-86,4041
07-05 17:59:55.023 22381 22478 I BatteryMgr:DataCollectionService: stats => 1688572795023,-86,4041
07-05 17:59:55.037 22381 22478 I BatteryMgr:DataCollectionService: stats => 1688572795037,-86,4041
07-05 17:59:55.050 22381 22478 I BatteryMgr:DataCollectionService: stats => 1688572795050,-86,4041
07-05 17:59:55.064 22381 22478 I BatteryMgr:DataCollectionService: stats => 1688572795064,-86,4041
07-05 17:59:55.080 22381 22478 I BatteryMgr:DataCollectionService: stats => 1688572795080,-86,4041
07-05 17:59:55.096 22381 22478 I BatteryMgr:DataCollectionService: stats => 1688572795096,-86,4041
07-05 17:59:55.112 22381 22478 I BatteryMgr:DataCollectionService: stats => 1688572795112,-86,4041
07-05 17:59:55.129 22381 22478 I BatteryMgr:DataCollectionService: stats => 1688572795128,-86,4041
07-05 17:59:55.146 22381 22478 I BatteryMgr:DataCollectionService: stats => 1688572795145,-86,4041
07-05 17:59:55.162 22381 22478 I BatteryMgr:DataCollectionService: stats => 1688572795162,-86,4041
07-05 17:59:55.176 22381 22478 I BatteryMgr:DataCollectionService: stats => 1688572795176,-86,4041
07-05 17:59:55.189 22381 22478 I BatteryMgr:DataCollectionService: stats => 1688572795189,-86,4041
07-05 17:59:55.203 22381 22478 I BatteryMgr:DataCollectionService: stats => 1688572795203,-86,4041
07-05 17:59:55.216 22381 22478 I BatteryMgr:DataCollectionService: stats => 1688572795216,-86,4041
07-05 17:59:55.230 22381 22478 I BatteryMgr:DataCollectionService: stats => 1688572795230,-86,4041
07-05 17:59:55.246 22381 22478 I BatteryMgr:DataCollectionService: stats => 1688572795246,-86,4041
07-05 17:59:55.262 22381 22478 I BatteryMgr:DataCollectionService: stats => 1688572795262,-86,4041
07-05 17:59:55.278 22381 22478 I BatteryMgr:DataCollectionService: stats => 1688572795278,-86,4041
07-05 17:59:55.295 22381 22478 I BatteryMgr:DataCollectionService: stats => 1688572795295,-86,4041
07-05 17:59:55.311 22381 22478 I BatteryMgr:DataCollectionService: stats => 1688572795310,-86,4041
07-05 17:59:55.327 22381 22478 I BatteryMgr:DataCollectionService: stats => 1688572795327,-86,4041
07-05 17:59:55.343 22381 22478 I BatteryMgr:DataCollectionService: stats => 1688572795343,-86,4041
07-05 17:59:55.360 22381 22478 I BatteryMgr:DataCollectionService: stats => 1688572795360,-86,4041
07-05 17:59:55.375 22381 22478 I BatteryMgr:DataCollectionService: stats => 1688572795375,-86,4041
07-05 17:59:55.391 22381 22478 I BatteryMgr:DataCollectionService: stats => 1688572795391,-86,4041
07-05 17:59:55.407 22381 22478 I BatteryMgr:DataCollectionService: stats => 1688572795407,-86,4041
07-05 17:59:55.423 22381 22478 I BatteryMgr:DataCollectionService: stats => 1688572795423,-86,4041
07-05 17:59:55.439 22381 22478 I BatteryMgr:DataCollectionService: stats => 1688572795439,-86,4041
07-05 17:59:55.455 22381 22478 I BatteryMgr:DataCollectionService: stats => 1688572795455,-86,4041
07-05 17:59:55.472 22381 22478 I BatteryMgr:DataCollectionService: stats => 1688572795471,-86,4041
07-05 17:59:55.490 22381 22478 I BatteryMgr:DataCollectionService: stats => 1688572795490,-86,4041
07-05 17:59:55.506 22381 22478 I BatteryMgr:DataCollectionService: stats => 1688572795506,-86,4041
07-05 17:59:55.523 22381 22478 I BatteryMgr:DataCollectionService: stats => 1688572795523,-86,4041
07-05 17:59:55.539 22381 22478 I BatteryMgr:DataCollectionService: stats => 1688572795538,-86,4041
07-05 17:59:55.555 22381 22478 I BatteryMgr:DataCollectionService: stats => 1688572795555,-86,4041
07-05 17:59:55.571 22381 22478 I BatteryMgr:DataCollectionService: stats => 1688572795571,-86,4041
07-05 17:59:55.587 22381 22478 I BatteryMgr:DataCollectionService: stats => 1688572795587,-86,4041
07-05 17:59:55.603 22381 22478 I BatteryMgr:DataCollectionService: stats => 1688572795603,-86,4041
07-05 17:59:55.619 22381 22478 I BatteryMgr:DataCollectionService: stats => 1688572795619,-86,4041
07-05 17:59:55.636 22381 22478 I BatteryMgr:DataCollectionService: stats => 1688572795636,-86,4041
07-05 17:59:55.652 22381 22478 I BatteryMgr:DataCollectionService: stats => 1688572795652,-86,4041
07-05 17:59:55.669 22381 22478 I BatteryMgr:DataCollectionService: stats => 1688572795669,-86,4041
07-05 17:59:55.685 22381 22478 I BatteryMgr:DataCollectionService: stats => 1688572795685,-86,4041
07-05 17:59:55.700 22381 22478 I BatteryMgr:DataCollectionService: stats => 1688572795700,-86,4041
07-05 17:59:55.716 22381 22478 I BatteryMgr:DataCollectionService: stats => 1688572795716,-86,4041
07-05 17:59:55.732 22381 22478 I BatteryMgr:DataCollectionService: stats => 1688572795731,-86,4041
07-05 17:59:55.748 22381 22478 I BatteryMgr:DataCollectionService: stats => 1688572795748,-86,4041
07-05 17:59:55.764 22381 22478 I BatteryMgr:DataCollectionService: stats => 1688572795764,-86,4041
07-05 17:59:55.780 22381 22478 I BatteryMgr:DataCollectionService: stats => 1688572795780,-86,4041
07-05 17:59:55.796 22381 22478 I BatteryMgr:DataCollectionService: stats => 1688572795796,-86,4041
07-05 17:59:55.812 22381 22478 I BatteryMgr:DataCollectionService: stats => 1688572795811,-86,4041
07-05 17:59:55.828 22381 22478 I BatteryMgr:DataCollectionService: stats => 1688572795827,-86,4041
07-05 17:59:55.844 22381 22478 I BatteryMgr:DataCollectionService: stats => 1688572795843,-86,4041
07-05 17:59:55.859 22381 22478 I BatteryMgr:DataCollectionService: stats => 1688572795859,-86,4041
07-05 17:59:55.876 22381 22478 I BatteryMgr:DataCollectionService: stats => 1688572795876,-86,4041
07-05 17:59:55.890 22381 22478 I BatteryMgr:DataCollectionService: stats => 1688572795890,-86,4041
07-05 17:59:55.903 22381 22478 I BatteryMgr:DataCollectionService: stats => 1688572795903,-86,4041
07-05 17:59:55.916 22381 22478 I BatteryMgr:DataCollectionService: stats => 1688572795916,-86,4041
07-05 17:59:55.930 22381 22478 I BatteryMgr:DataCollectionService: stats => 1688572795929,-86,4041
07-05 17:59:55.943 22381 22478 I BatteryMgr:DataCollectionService: stats => 1688572795943,-86,4041
07-05 17:59:55.959 22381 22478 I BatteryMgr:DataCollectionService: stats => 1688572795959,-86,4041
07-05 17:59:55.975 22381 22478 I BatteryMgr:DataCollectionService: stats => 1688572795975,-86,4041
07-05 17:59:55.991 22381 22478 I BatteryMgr:DataCollectionService: stats => 1688572795991,-86,4041
07-05 17:59:56.008 22381 22478 I BatteryMgr:DataCollectionService: stats => 1688572796008,-86,4041
07-05 17:59:56.024 22381 22478 I BatteryMgr:DataCollectionService: stats => 1688572796024,-86,4041
07-05 17:59:56.040 22381 22478 I BatteryMgr:DataCollectionService: stats => 1688572796040,-86,4041
07-05 17:59:56.056 22381 22478 I BatteryMgr:DataCollectionService: stats => 1688572796056,-86,4041
07-05 17:59:56.072 22381 22478 I BatteryMgr:DataCollectionService: stats => 1688572796072,-86,4041
07-05 17:59:56.088 22381 22478 I BatteryMgr:DataCollectionService: stats => 1688572796088,-86,4041
07-05 17:59:56.104 22381 22478 I BatteryMgr:DataCollectionService: stats => 1688572796104,-86,4041
07-05 17:59:56.121 22381 22478 I BatteryMgr:DataCollectionService: stats => 1688572796121,-86,4041
07-05 17:59:56.137 22381 22478 I BatteryMgr:DataCollectionService: stats => 1688572796137,-86,4041
07-05 17:59:56.153 22381 22478 I BatteryMgr:DataCollectionService: stats => 1688572796153,-86,4041
07-05 17:59:56.169 22381 22478 I BatteryMgr:DataCollectionService: stats => 1688572796169,-86,4041
07-05 17:59:56.186 22381 22478 I BatteryMgr:DataCollectionService: stats => 1688572796186,-86,4041
07-05 17:59:56.202 22381 22478 I BatteryMgr:DataCollectionService: stats => 1688572796202,-86,4041
07-05 17:59:56.218 22381 22478 I BatteryMgr:DataCollectionService: stats => 1688572796218,-86,4041
07-05 17:59:56.234 22381 22478 I BatteryMgr:DataCollectionService: stats => 1688572796234,-86,4041
07-05 17:59:56.250 22381 22478 I BatteryMgr:DataCollectionService: stats => 1688572796250,-86,4041
07-05 17:59:56.267 22381 22478 I BatteryMgr:DataCollectionService: stats => 1688572796267,-86,4041
07-05 17:59:56.283 22381 22478 I BatteryMgr:DataCollectionService: stats => 1688572796283,-86,4041
07-05 17:59:56.299 22381 22478 I BatteryMgr:DataCollectionService: stats => 1688572796299,-86,4041
07-05 17:59:56.315 22381 22478 I BatteryMgr:DataCollectionService: stats => 1688572796315,-86,4041
07-05 17:59:56.331 22381 22478 I BatteryMgr:DataCollectionService: stats => 1688572796330,-86,4041
07-05 17:59:56.347 22381 22478 I BatteryMgr:DataCollectionService: stats => 1688572796347,-86,4041
07-05 17:59:56.363 22381 22478 I BatteryMgr:DataCollectionService: stats => 1688572796363,-86,4041
07-05 17:59:56.379 22381 22478 I BatteryMgr:DataCollectionService: stats => 1688572796379,-86,4041
07-05 17:59:56.396 22381 22478 I BatteryMgr:DataCollectionService: stats => 1688572796396,-86,4041
07-05 17:59:56.412 22381 22478 I BatteryMgr:DataCollectionService: stats => 1688572796412,-86,4041
07-05 17:59:56.428 22381 22478 I BatteryMgr:DataCollectionService: stats => 1688572796428,-86,4041
07-05 17:59:56.443 22381 22478 I BatteryMgr:DataCollectionService: stats => 1688572796443,-86,4041
07-05 17:59:56.460 22381 22478 I BatteryMgr:DataCollectionService: stats => 1688572796459,-86,4041
07-05 17:59:56.476 22381 22478 I BatteryMgr:DataCollectionService: stats => 1688572796476,-86,4041
07-05 17:59:56.493 22381 22478 I BatteryMgr:DataCollectionService: stats => 1688572796493,-86,4041
07-05 17:59:56.509 22381 22478 I BatteryMgr:DataCollectionService: stats => 1688572796509,-86,4041
07-05 17:59:56.525 22381 22478 I BatteryMgr:DataCollectionService: stats => 1688572796525,-86,4041
07-05 17:59:56.541 22381 22478 I BatteryMgr:DataCollectionService: stats => 1688572796541,-86,4041
07-05 17:59:56.558 22381 22478 I BatteryMgr:DataCollectionService: stats => 1688572796558,-86,4041
07-05 17:59:56.567  3962  4039 D SensorService: [SO] 0.062 -0.148 9.931
07-05 17:59:56.575 22381 22478 I BatteryMgr:DataCollectionService: stats => 1688572796575,-86,4041
07-05 17:59:56.591 22381 22478 I BatteryMgr:DataCollectionService: stats => 1688572796591,-86,4041
07-05 17:59:56.607 22381 22478 I BatteryMgr:DataCollectionService: stats => 1688572796607,-86,4041
07-05 17:59:56.623 22381 22478 I BatteryMgr:DataCollectionService: stats => 1688572796623,-86,4041
07-05 17:59:56.639 22381 22478 I BatteryMgr:DataCollectionService: stats => 1688572796639,-86,4041
07-05 17:59:56.655 22381 22478 I BatteryMgr:DataCollectionService: stats => 1688572796655,-86,4041
07-05 17:59:56.672 22381 22478 I BatteryMgr:DataCollectionService: stats => 1688572796672,-86,4041
07-05 17:59:56.683  3437  3437 I android.hardware.wifi@1.0-service: getLinkLayerStats
07-05 17:59:56.688 22381 22478 I BatteryMgr:DataCollectionService: stats => 1688572796688,-86,4041
07-05 17:59:56.705 22381 22478 I BatteryMgr:DataCollectionService: stats => 1688572796705,-86,4041
07-05 17:59:56.721 22381 22478 I BatteryMgr:DataCollectionService: stats => 1688572796721,-86,4041
07-05 17:59:56.737 22381 22478 I BatteryMgr:DataCollectionService: stats => 1688572796737,-86,4041
07-05 17:59:56.754 22381 22478 I BatteryMgr:DataCollectionService: stats => 1688572796754,-86,4041
07-05 17:59:56.770 22381 22478 I BatteryMgr:DataCollectionService: stats => 1688572796770,-86,4041
07-05 17:59:56.786 22381 22478 I BatteryMgr:DataCollectionService: stats => 1688572796786,-86,4041
07-05 17:59:56.803 22381 22478 I BatteryMgr:DataCollectionService: stats => 1688572796802,-86,4041
07-05 17:59:56.819 22381 22478 I BatteryMgr:DataCollectionService: stats => 1688572796818,-86,4041
07-05 17:59:56.835 22381 22478 I BatteryMgr:DataCollectionService: stats => 1688572796835,-86,4041
07-05 17:59:56.851 22381 22478 I BatteryMgr:DataCollectionService: stats => 1688572796851,-86,4041
07-05 17:59:56.868 22381 22478 I BatteryMgr:DataCollectionService: stats => 1688572796868,-86,4041
07-05 17:59:56.885 22381 22478 I BatteryMgr:DataCollectionService: stats => 1688572796885,-86,4041
07-05 17:59:56.902 22381 22478 I BatteryMgr:DataCollectionService: stats => 1688572796902,-86,4041
07-05 17:59:56.918 22381 22478 I BatteryMgr:DataCollectionService: stats => 1688572796918,-86,4041
07-05 17:59:56.935 22381 22478 I BatteryMgr:DataCollectionService: stats => 1688572796934,-86,4041
07-05 17:59:56.951 22381 22478 I BatteryMgr:DataCollectionService: stats => 1688572796951,-86,4041
07-05 17:59:56.967 22381 22478 I BatteryMgr:DataCollectionService: stats => 1688572796967,-86,4041
07-05 17:59:56.984 22381 22478 I BatteryMgr:DataCollectionService: stats => 1688572796984,-86,4041
07-05 17:59:57.000 22381 22478 I BatteryMgr:DataCollectionService: stats => 1688572797000,-86,4041
07-05 17:59:57.014 22381 22478 I BatteryMgr:DataCollectionService: stats => 1688572797014,-86,4041
07-05 17:59:57.028 22381 22478 I BatteryMgr:DataCollectionService: stats => 1688572797028,-86,4041
07-05 17:59:57.041 22381 22478 I BatteryMgr:DataCollectionService: stats => 1688572797041,-86,4041
07-05 17:59:57.056 22381 22478 I BatteryMgr:DataCollectionService: stats => 1688572797056,-86,4041
07-05 17:59:57.072 22381 22478 I BatteryMgr:DataCollectionService: stats => 1688572797072,-86,4041
07-05 17:59:57.089 22381 22478 I BatteryMgr:DataCollectionService: stats => 1688572797089,-86,4041
07-05 17:59:57.105 22381 22478 I BatteryMgr:DataCollectionService: stats => 1688572797105,-86,4041
07-05 17:59:57.121 22381 22478 I BatteryMgr:DataCollectionService: stats => 1688572797121,-86,4041
07-05 17:59:57.137 22381 22478 I BatteryMgr:DataCollectionService: stats => 1688572797137,-86,4041
07-05 17:59:57.154 22381 22478 I BatteryMgr:DataCollectionService: stats => 1688572797154,-86,4041
07-05 17:59:57.170 22381 22478 I BatteryMgr:DataCollectionService: stats => 1688572797170,-86,4041
07-05 17:59:57.186 22381 22478 I BatteryMgr:DataCollectionService: stats => 1688572797186,-86,4041
07-05 17:59:57.202 22381 22478 I BatteryMgr:DataCollectionService: stats => 1688572797202,-86,4041
07-05 17:59:57.218 22381 22478 I BatteryMgr:DataCollectionService: stats => 1688572797218,-86,4041
07-05 17:59:57.235 22381 22478 I BatteryMgr:DataCollectionService: stats => 1688572797235,-86,4041
07-05 17:59:57.251 22381 22478 I BatteryMgr:DataCollectionService: stats => 1688572797251,-86,4041
07-05 17:59:57.267 22381 22478 I BatteryMgr:DataCollectionService: stats => 1688572797267,-86,4041
07-05 17:59:57.283 22381 22478 I BatteryMgr:DataCollectionService: stats => 1688572797283,-86,4041
07-05 17:59:57.300 22381 22478 I BatteryMgr:DataCollectionService: stats => 1688572797300,-86,4041
07-05 17:59:57.316 22381 22478 I BatteryMgr:DataCollectionService: stats => 1688572797316,-86,4041
07-05 17:59:57.331 22381 22478 I BatteryMgr:DataCollectionService: stats => 1688572797331,-86,4041
07-05 17:59:57.347 22381 22478 I BatteryMgr:DataCollectionService: stats => 1688572797347,-86,4041
07-05 17:59:57.362  4953  4953 D io_stats: !@ 179,0 r 100674 3559516 w 36309 532888 d 3407 114928 f 8827 9148 iot 59324 48358 th 51200 0 0 pt 0 inp 0 0 7239.144
07-05 17:59:57.364 22381 22478 I BatteryMgr:DataCollectionService: stats => 1688572797364,-86,4041
07-05 17:59:57.380 22381 22478 I BatteryMgr:DataCollectionService: stats => 1688572797380,-86,4041
07-05 17:59:57.397 22381 22478 I BatteryMgr:DataCollectionService: stats => 1688572797397,-86,4041
07-05 17:59:57.413 22381 22478 I BatteryMgr:DataCollectionService: stats => 1688572797413,-86,4041
07-05 17:59:57.430 22381 22478 I BatteryMgr:DataCollectionService: stats => 1688572797430,-86,4041
07-05 17:59:57.446 22381 22478 I BatteryMgr:DataCollectionService: stats => 1688572797445,-86,4041
07-05 17:59:57.461 22381 22478 I BatteryMgr:DataCollectionService: stats => 1688572797461,-86,4041
07-05 17:59:57.478 22381 22478 I BatteryMgr:DataCollectionService: stats => 1688572797478,-86,4041
07-05 17:59:57.494 22381 22478 I BatteryMgr:DataCollectionService: stats => 1688572797494,-86,4041
07-05 17:59:57.510 22381 22478 I BatteryMgr:DataCollectionService: stats => 1688572797510,-86,4041
07-05 17:59:57.526 22381 22478 I BatteryMgr:DataCollectionService: stats => 1688572797526,-86,4041
07-05 17:59:57.541 22381 22478 I BatteryMgr:DataCollectionService: stats => 1688572797541,-86,4041
07-05 17:59:57.557 22381 22478 I BatteryMgr:DataCollectionService: stats => 1688572797557,-86,4041
07-05 17:59:57.573 22381 22478 I BatteryMgr:DataCollectionService: stats => 1688572797573,-86,4041
07-05 17:59:57.589 22381 22478 I BatteryMgr:DataCollectionService: stats => 1688572797589,-86,4041
07-05 17:59:57.605 22381 22478 I BatteryMgr:DataCollectionService: stats => 1688572797605,-86,4041
07-05 17:59:57.622 22381 22478 I BatteryMgr:DataCollectionService: stats => 1688572797621,-86,4041
07-05 17:59:57.638 22381 22478 I BatteryMgr:DataCollectionService: stats => 1688572797638,-86,4041
07-05 17:59:57.654 22381 22478 I BatteryMgr:DataCollectionService: stats => 1688572797654,-86,4041
07-05 17:59:57.670 22381 22478 I BatteryMgr:DataCollectionService: stats => 1688572797670,-86,4041
07-05 17:59:57.686 22381 22478 I BatteryMgr:DataCollectionService: stats => 1688572797686,-86,4041
07-05 17:59:57.702 22381 22478 I BatteryMgr:DataCollectionService: stats => 1688572797702,-86,4041
07-05 17:59:57.718 22381 22478 I BatteryMgr:DataCollectionService: stats => 1688572797718,-86,4041
07-05 17:59:57.734 22381 22478 I BatteryMgr:DataCollectionService: stats => 1688572797734,-86,4041
07-05 17:59:57.750 22381 22478 I BatteryMgr:DataCollectionService: stats => 1688572797750,-86,4041
07-05 17:59:57.767 22381 22478 I BatteryMgr:DataCollectionService: stats => 1688572797767,-86,4041
07-05 17:59:57.783 22381 22478 I BatteryMgr:DataCollectionService: stats => 1688572797783,-86,4041
07-05 17:59:57.800 22381 22478 I BatteryMgr:DataCollectionService: stats => 1688572797800,-86,4041
07-05 17:59:57.816 22381 22478 I BatteryMgr:DataCollectionService: stats => 1688572797816,-86,4041
07-05 17:59:57.833 22381 22478 I BatteryMgr:DataCollectionService: stats => 1688572797833,-86,4041
07-05 17:59:57.849 22381 22478 I BatteryMgr:DataCollectionService: stats => 1688572797849,-86,4041
07-05 17:59:57.865 22381 22478 I BatteryMgr:DataCollectionService: stats => 1688572797865,-86,4041
07-05 17:59:57.881 22381 22478 I BatteryMgr:DataCollectionService: stats => 1688572797881,-86,4041
07-05 17:59:57.898 22381 22478 I BatteryMgr:DataCollectionService: stats => 1688572797898,-86,4041
07-05 17:59:57.914 22381 22478 I BatteryMgr:DataCollectionService: stats => 1688572797914,-86,4041
07-05 17:59:57.930 22381 22478 I BatteryMgr:DataCollectionService: stats => 1688572797930,-86,4041
07-05 17:59:57.947 22381 22478 I BatteryMgr:DataCollectionService: stats => 1688572797947,-86,4041
07-05 17:59:57.963 22381 22478 I BatteryMgr:DataCollectionService: stats => 1688572797963,-86,4041
07-05 17:59:57.979 22381 22478 I BatteryMgr:DataCollectionService: stats => 1688572797979,-86,4041
07-05 17:59:57.995 22381 22478 I BatteryMgr:DataCollectionService: stats => 1688572797995,-86,4041
07-05 17:59:58.012 22381 22478 I BatteryMgr:DataCollectionService: stats => 1688572798012,-86,4041
07-05 17:59:58.013  3962  4307 D WifiConnectivityMonitor:  [|221] []
07-05 17:59:58.029 22381 22478 I BatteryMgr:DataCollectionService: stats => 1688572798029,-86,4041
07-05 17:59:58.045 22381 22478 I BatteryMgr:DataCollectionService: stats => 1688572798045,-86,4041
07-05 17:59:58.061 22381 22478 I BatteryMgr:DataCollectionService: stats => 1688572798060,-86,4041
07-05 17:59:58.076 22381 22478 I BatteryMgr:DataCollectionService: stats => 1688572798076,-86,4041
07-05 17:59:58.093 22381 22478 I BatteryMgr:DataCollectionService: stats => 1688572798093,-86,4041
07-05 17:59:58.109 22381 22478 I BatteryMgr:DataCollectionService: stats => 1688572798109,-86,4041
07-05 17:59:58.126 22381 22478 I BatteryMgr:DataCollectionService: stats => 1688572798126,-86,4041
07-05 17:59:58.141 22381 22478 I BatteryMgr:DataCollectionService: stats => 1688572798141,-86,4041
07-05 17:59:58.157 22381 22478 I BatteryMgr:DataCollectionService: stats => 1688572798157,-86,4041
07-05 17:59:58.172 22381 22478 I BatteryMgr:DataCollectionService: stats => 1688572798172,-86,4041
07-05 17:59:58.189 22381 22478 I BatteryMgr:DataCollectionService: stats => 1688572798189,-86,4041
07-05 17:59:58.205 22381 22478 I BatteryMgr:DataCollectionService: stats => 1688572798205,-86,4041
07-05 17:59:58.221 22381 22478 I BatteryMgr:DataCollectionService: stats => 1688572798221,-86,4041
07-05 17:59:58.237 22381 22478 I BatteryMgr:DataCollectionService: stats => 1688572798237,-86,4041
07-05 17:59:58.254 22381 22478 I BatteryMgr:DataCollectionService: stats => 1688572798254,-86,4041
07-05 17:59:58.270 22381 22478 I BatteryMgr:DataCollectionService: stats => 1688572798270,-86,4041
07-05 17:59:58.286 22381 22478 I BatteryMgr:DataCollectionService: stats => 1688572798286,-86,4041
07-05 17:59:58.302 22381 22478 I BatteryMgr:DataCollectionService: stats => 1688572798302,-86,4041
07-05 17:59:58.319 22381 22478 I BatteryMgr:DataCollectionService: stats => 1688572798319,-86,4041
07-05 17:59:58.335 22381 22478 I BatteryMgr:DataCollectionService: stats => 1688572798335,-86,4041
07-05 17:59:58.351 22381 22478 I BatteryMgr:DataCollectionService: stats => 1688572798351,-86,4041
07-05 17:59:58.368 22381 22478 I BatteryMgr:DataCollectionService: stats => 1688572798368,-86,4041
07-05 17:59:58.384 22381 22478 I BatteryMgr:DataCollectionService: stats => 1688572798384,-86,4041
07-05 17:59:58.401 22381 22478 I BatteryMgr:DataCollectionService: stats => 1688572798401,-86,4041
07-05 17:59:58.417 22381 22478 I BatteryMgr:DataCollectionService: stats => 1688572798417,-86,4041
07-05 17:59:58.433 22381 22478 I BatteryMgr:DataCollectionService: stats => 1688572798433,-86,4041
07-05 17:59:58.450 22381 22478 I BatteryMgr:DataCollectionService: stats => 1688572798450,-86,4041
07-05 17:59:58.466 22381 22478 I BatteryMgr:DataCollectionService: stats => 1688572798466,-86,4041
07-05 17:59:58.483 22381 22478 I BatteryMgr:DataCollectionService: stats => 1688572798483,-86,4041
07-05 17:59:58.499 22381 22478 I BatteryMgr:DataCollectionService: stats => 1688572798499,-86,4041
07-05 17:59:58.515 22381 22478 I BatteryMgr:DataCollectionService: stats => 1688572798515,-86,4041
07-05 17:59:58.532 22381 22478 I BatteryMgr:DataCollectionService: stats => 1688572798532,-86,4041
07-05 17:59:58.548 22381 22478 I BatteryMgr:DataCollectionService: stats => 1688572798548,-86,4041
07-05 17:59:58.564 22381 22478 I BatteryMgr:DataCollectionService: stats => 1688572798564,-86,4041
07-05 17:59:58.581 22381 22478 I BatteryMgr:DataCollectionService: stats => 1688572798581,-86,4041
07-05 17:59:58.597 22381 22478 I BatteryMgr:DataCollectionService: stats => 1688572798597,-86,4041
07-05 17:59:58.613 22381 22478 I BatteryMgr:DataCollectionService: stats => 1688572798613,-86,4041
07-05 17:59:58.630 22381 22478 I BatteryMgr:DataCollectionService: stats => 1688572798630,-86,4041
07-05 17:59:58.647 22381 22478 I BatteryMgr:DataCollectionService: stats => 1688572798646,-86,4041
07-05 17:59:58.660 22381 22478 I BatteryMgr:DataCollectionService: stats => 1688572798660,-86,4041
07-05 17:59:58.673 22381 22478 I BatteryMgr:DataCollectionService: stats => 1688572798673,-86,4041
07-05 17:59:58.687 22381 22478 I BatteryMgr:DataCollectionService: stats => 1688572798687,-86,4041
07-05 17:59:58.703 22381 22478 I BatteryMgr:DataCollectionService: stats => 1688572798703,-86,4041
07-05 17:59:58.720 22381 22478 I BatteryMgr:DataCollectionService: stats => 1688572798720,-86,4041
07-05 17:59:58.736 22381 22478 I BatteryMgr:DataCollectionService: stats => 1688572798736,-86,4041
07-05 17:59:58.752 22381 22478 I BatteryMgr:DataCollectionService: stats => 1688572798752,-86,4041
07-05 17:59:58.768 22381 22478 I BatteryMgr:DataCollectionService: stats => 1688572798768,-86,4041
07-05 17:59:58.785 22381 22478 I BatteryMgr:DataCollectionService: stats => 1688572798785,-86,4041
07-05 17:59:58.801 22381 22478 I BatteryMgr:DataCollectionService: stats => 1688572798801,-86,4041
07-05 17:59:58.817 22381 22478 I BatteryMgr:DataCollectionService: stats => 1688572798817,-86,4041
07-05 17:59:58.834 22381 22478 I BatteryMgr:DataCollectionService: stats => 1688572798834,-86,4041
07-05 17:59:58.850 22381 22478 I BatteryMgr:DataCollectionService: stats => 1688572798850,-86,4041
07-05 17:59:58.866 22381 22478 I BatteryMgr:DataCollectionService: stats => 1688572798866,-86,4041
07-05 17:59:58.882 22381 22478 I BatteryMgr:DataCollectionService: stats => 1688572798882,-86,4041
07-05 17:59:58.898 22381 22478 I BatteryMgr:DataCollectionService: stats => 1688572798898,-86,4041
07-05 17:59:58.915 22381 22478 I BatteryMgr:DataCollectionService: stats => 1688572798914,-86,4041
07-05 17:59:58.931 22381 22478 I BatteryMgr:DataCollectionService: stats => 1688572798931,-86,4041
07-05 17:59:58.947 22381 22478 I BatteryMgr:DataCollectionService: stats => 1688572798947,-86,4041
07-05 17:59:58.963 22381 22478 I BatteryMgr:DataCollectionService: stats => 1688572798963,-86,4041
07-05 17:59:58.979 22381 22478 I BatteryMgr:DataCollectionService: stats => 1688572798979,-86,4041
07-05 17:59:58.995 22381 22478 I BatteryMgr:DataCollectionService: stats => 1688572798995,-86,4041
07-05 17:59:59.011 22381 22478 I BatteryMgr:DataCollectionService: stats => 1688572799011,-86,4041
07-05 17:59:59.027 22381 22478 I BatteryMgr:DataCollectionService: stats => 1688572799027,-86,4041
07-05 17:59:59.043 22381 22478 I BatteryMgr:DataCollectionService: stats => 1688572799043,-86,4041
07-05 17:59:59.059 22381 22478 I BatteryMgr:DataCollectionService: stats => 1688572799059,-86,4041
07-05 17:59:59.075 22381 22478 I BatteryMgr:DataCollectionService: stats => 1688572799075,-86,4041
07-05 17:59:59.091 22381 22478 I BatteryMgr:DataCollectionService: stats => 1688572799091,-86,4041
07-05 17:59:59.107 22381 22478 I BatteryMgr:DataCollectionService: stats => 1688572799107,-86,4041
07-05 17:59:59.124 22381 22478 I BatteryMgr:DataCollectionService: stats => 1688572799124,-86,4041
07-05 17:59:59.140 22381 22478 I BatteryMgr:DataCollectionService: stats => 1688572799140,-86,4041
07-05 17:59:59.156 22381 22478 I BatteryMgr:DataCollectionService: stats => 1688572799156,-86,4041
07-05 17:59:59.173 22381 22478 I BatteryMgr:DataCollectionService: stats => 1688572799172,-86,4041
07-05 17:59:59.189 22381 22478 I BatteryMgr:DataCollectionService: stats => 1688572799189,-86,4041
07-05 17:59:59.205 22381 22478 I BatteryMgr:DataCollectionService: stats => 1688572799205,-86,4041
07-05 17:59:59.221 22381 22478 I BatteryMgr:DataCollectionService: stats => 1688572799221,-86,4041
07-05 17:59:59.238 22381 22478 I BatteryMgr:DataCollectionService: stats => 1688572799238,-86,4041
07-05 17:59:59.254 22381 22478 I BatteryMgr:DataCollectionService: stats => 1688572799254,-86,4041
07-05 17:59:59.271 22381 22478 I BatteryMgr:DataCollectionService: stats => 1688572799271,-86,4041
07-05 17:59:59.287 22381 22478 I BatteryMgr:DataCollectionService: stats => 1688572799287,-86,4041
07-05 17:59:59.303 22381 22478 I BatteryMgr:DataCollectionService: stats => 1688572799303,-86,4041
07-05 17:59:59.320 22381 22478 I BatteryMgr:DataCollectionService: stats => 1688572799320,-86,4041
07-05 17:59:59.336 22381 22478 I BatteryMgr:DataCollectionService: stats => 1688572799336,-86,4041
07-05 17:59:59.353 22381 22478 I BatteryMgr:DataCollectionService: stats => 1688572799353,-86,4041
07-05 17:59:59.369 22381 22478 I BatteryMgr:DataCollectionService: stats => 1688572799369,-86,4041
07-05 17:59:59.385 22381 22478 I BatteryMgr:DataCollectionService: stats => 1688572799385,-86,4041
07-05 17:59:59.401 22381 22478 I BatteryMgr:DataCollectionService: stats => 1688572799401,-86,4041
07-05 17:59:59.418 22381 22478 I BatteryMgr:DataCollectionService: stats => 1688572799418,-86,4041
07-05 17:59:59.434 22381 22478 I BatteryMgr:DataCollectionService: stats => 1688572799434,-86,4041
07-05 17:59:59.450 22381 22478 I BatteryMgr:DataCollectionService: stats => 1688572799450,-86,4041
07-05 17:59:59.467 22381 22478 I BatteryMgr:DataCollectionService: stats => 1688572799466,-86,4041
07-05 17:59:59.483 22381 22478 I BatteryMgr:DataCollectionService: stats => 1688572799483,-86,4041
07-05 17:59:59.499 22381 22478 I BatteryMgr:DataCollectionService: stats => 1688572799498,-86,4041
07-05 17:59:59.514 22381 22478 I BatteryMgr:DataCollectionService: stats => 1688572799514,-86,4041
07-05 17:59:59.530 22381 22478 I BatteryMgr:DataCollectionService: stats => 1688572799530,-86,4041
07-05 17:59:59.547 22381 22478 I BatteryMgr:DataCollectionService: stats => 1688572799546,-86,4041
07-05 17:59:59.563 22381 22478 I BatteryMgr:DataCollectionService: stats => 1688572799563,-86,4041
07-05 17:59:59.579 22381 22478 I BatteryMgr:DataCollectionService: stats => 1688572799579,-86,4041
07-05 17:59:59.595 22381 22478 I BatteryMgr:DataCollectionService: stats => 1688572799595,-86,4041
07-05 17:59:59.610 22381 22478 I BatteryMgr:DataCollectionService: stats => 1688572799610,-86,4041
07-05 17:59:59.627 22381 22478 I BatteryMgr:DataCollectionService: stats => 1688572799627,-86,4041
07-05 17:59:59.644 22381 22478 I BatteryMgr:DataCollectionService: stats => 1688572799644,-86,4041
07-05 17:59:59.660 22381 22478 I BatteryMgr:DataCollectionService: stats => 1688572799660,-86,4041
07-05 17:59:59.677 22381 22478 I BatteryMgr:DataCollectionService: stats => 1688572799677,-86,4041
07-05 17:59:59.691  3437  3437 I android.hardware.wifi@1.0-service: getLinkLayerStats
07-05 17:59:59.694 22381 22478 I BatteryMgr:DataCollectionService: stats => 1688572799693,-86,4041
07-05 17:59:59.710 22381 22478 I BatteryMgr:DataCollectionService: stats => 1688572799710,-86,4041
07-05 17:59:59.726 22381 22478 I BatteryMgr:DataCollectionService: stats => 1688572799726,-86,4041
07-05 17:59:59.742 22381 22478 I BatteryMgr:DataCollectionService: stats => 1688572799742,-86,4041
07-05 17:59:59.758 22381 22478 I BatteryMgr:DataCollectionService: stats => 1688572799758,-86,4041
07-05 17:59:59.774 22381 22478 I BatteryMgr:DataCollectionService: stats => 1688572799774,-86,4041
07-05 17:59:59.791 22381 22478 I BatteryMgr:DataCollectionService: stats => 1688572799791,-86,4041
07-05 17:59:59.807 22381 22478 I BatteryMgr:DataCollectionService: stats => 1688572799807,-86,4041
07-05 17:59:59.822 22381 22478 I BatteryMgr:DataCollectionService: stats => 1688572799822,-86,4041
07-05 17:59:59.839 22381 22478 I BatteryMgr:DataCollectionService: stats => 1688572799839,-86,4041
07-05 17:59:59.855 22381 22478 I BatteryMgr:DataCollectionService: stats => 1688572799855,-86,4041
07-05 17:59:59.871 22381 22478 I BatteryMgr:DataCollectionService: stats => 1688572799871,-86,4041
07-05 17:59:59.887 22381 22478 I BatteryMgr:DataCollectionService: stats => 1688572799887,-86,4041
07-05 17:59:59.904 22381 22478 I BatteryMgr:DataCollectionService: stats => 1688572799903,-86,4041
07-05 17:59:59.920 22381 22478 I BatteryMgr:DataCollectionService: stats => 1688572799920,-86,4041
07-05 17:59:59.936 22381 22478 I BatteryMgr:DataCollectionService: stats => 1688572799936,-86,4041
07-05 17:59:59.953 22381 22478 I BatteryMgr:DataCollectionService: stats => 1688572799953,-86,4041
07-05 17:59:59.968 22381 22478 I BatteryMgr:DataCollectionService: stats => 1688572799968,-86,4041
07-05 17:59:59.981 22381 22478 I BatteryMgr:DataCollectionService: stats => 1688572799981,-86,4041
07-05 17:59:59.995 22381 22478 I BatteryMgr:DataCollectionService: stats => 1688572799995,-86,4041
07-05 18:00:00.000  3962  4052 D SamsungAlarmManager: Expired : 8
07-05 18:00:00.001  3962  4052 V SamsungAlarmManager: Sending to uid : 1000 action=android.intent.action.TIME_TICK alarm=Alarm{e9e8a2c type 3 when 7241784 android}
07-05 18:00:00.004  3962  3962 D SamsungAlarmManager: setExact Intent (T:3/F:1/AC:false) 20230705T180100 - CU:1000/CP:3962
07-05 18:00:00.005  4350  4350 D KeyguardUpdateMonitor: received broadcast android.intent.action.TIME_TICK
07-05 18:00:00.006  4350  4350 D KeyguardServiceBoxContainer: refreshTime() 1
07-05 18:00:00.014 22381 22478 I BatteryMgr:DataCollectionService: stats => 1688572800014,-86,4041
07-05 18:00:00.020  4350  4350 D KeyguardUpdateMonitor: handleStatusBarState( false )
07-05 18:00:00.029 22381 22478 I BatteryMgr:DataCollectionService: stats => 1688572800029,-86,4041
07-05 18:00:00.036  4350  4350 D KeyguardUpdateMonitor: handleStatusBarState( false )
07-05 18:00:00.043 22381 22478 I BatteryMgr:DataCollectionService: stats => 1688572800043,-86,4041
07-05 18:00:00.056 22381 22478 I BatteryMgr:DataCollectionService: stats => 1688572800056,-86,4041
07-05 18:00:00.073 22381 22478 I BatteryMgr:DataCollectionService: stats => 1688572800073,-86,4041
07-05 18:00:00.086 22381 22478 I BatteryMgr:DataCollectionService: stats => 1688572800086,-86,4041
07-05 18:00:00.100 22381 22478 I BatteryMgr:DataCollectionService: stats => 1688572800100,-86,4041
07-05 18:00:00.113 22381 22478 I BatteryMgr:DataCollectionService: stats => 1688572800113,-86,4041
07-05 18:00:00.129 22381 22478 I BatteryMgr:DataCollectionService: stats => 1688572800128,-86,4041
07-05 18:00:00.145 22381 22478 I BatteryMgr:DataCollectionService: stats => 1688572800145,-86,4041
07-05 18:00:00.161 22381 22478 I BatteryMgr:DataCollectionService: stats => 1688572800161,-86,4041
07-05 18:00:00.177 22381 22478 I BatteryMgr:DataCollectionService: stats => 1688572800177,-86,4041
07-05 18:00:00.194 22381 22478 I BatteryMgr:DataCollectionService: stats => 1688572800194,-86,4041
07-05 18:00:00.210 22381 22478 I BatteryMgr:DataCollectionService: stats => 1688572800210,-86,4041
07-05 18:00:00.226 22381 22478 I BatteryMgr:DataCollectionService: stats => 1688572800226,-86,4041
07-05 18:00:00.242 22381 22478 I BatteryMgr:DataCollectionService: stats => 1688572800242,-86,4041
07-05 18:00:00.259 22381 22478 I BatteryMgr:DataCollectionService: stats => 1688572800258,-86,4041
07-05 18:00:00.275 22381 22478 I BatteryMgr:DataCollectionService: stats => 1688572800275,-86,4041
07-05 18:00:00.291 22381 22478 I BatteryMgr:DataCollectionService: stats => 1688572800291,-86,4041
07-05 18:00:00.306 22381 22478 I BatteryMgr:DataCollectionService: stats => 1688572800306,-86,4041
07-05 18:00:00.323 22381 22478 I BatteryMgr:DataCollectionService: stats => 1688572800323,-86,4041
07-05 18:00:00.339 22381 22478 I BatteryMgr:DataCollectionService: stats => 1688572800339,-86,4041
07-05 18:00:00.355 22381 22478 I BatteryMgr:DataCollectionService: stats => 1688572800355,-86,4041
07-05 18:00:00.372 22381 22478 I BatteryMgr:DataCollectionService: stats => 1688572800372,-86,4041
07-05 18:00:00.395 22381 22478 I BatteryMgr:DataCollectionService: stats => 1688572800395,-86,4041
07-05 18:00:00.411 22381 22478 I BatteryMgr:DataCollectionService: stats => 1688572800411,-86,4041
07-05 18:00:00.428 22381 22478 I BatteryMgr:DataCollectionService: stats => 1688572800427,-86,4041
07-05 18:00:00.444 22381 22478 I BatteryMgr:DataCollectionService: stats => 1688572800444,-86,4041
07-05 18:00:00.460 22381 22478 I BatteryMgr:DataCollectionService: stats => 1688572800460,-86,4041
07-05 18:00:00.476 22381 22478 I BatteryMgr:DataCollectionService: stats => 1688572800476,-86,4041
07-05 18:00:00.493 22381 22478 I BatteryMgr:DataCollectionService: stats => 1688572800493,-86,4041
07-05 18:00:00.509 22381 22478 I BatteryMgr:DataCollectionService: stats => 1688572800509,-86,4041
07-05 18:00:00.526 22381 22478 I BatteryMgr:DataCollectionService: stats => 1688572800526,-86,4041
07-05 18:00:00.542 22381 22478 I BatteryMgr:DataCollectionService: stats => 1688572800542,-86,4041
07-05 18:00:00.558 22381 22478 I BatteryMgr:DataCollectionService: stats => 1688572800558,-86,4041
07-05 18:00:00.574 22381 22478 I BatteryMgr:DataCollectionService: stats => 1688572800574,-86,4041
07-05 18:00:00.590 22381 22478 I BatteryMgr:DataCollectionService: stats => 1688572800590,-86,4041
07-05 18:00:00.607 22381 22478 I BatteryMgr:DataCollectionService: stats => 1688572800607,-86,4041
07-05 18:00:00.623 22381 22478 I BatteryMgr:DataCollectionService: stats => 1688572800623,-86,4041
07-05 18:00:00.639 22381 22478 I BatteryMgr:DataCollectionService: stats => 1688572800639,-86,4041
07-05 18:00:00.655 22381 22478 I BatteryMgr:DataCollectionService: stats => 1688572800655,-86,4041
07-05 18:00:00.672 22381 22478 I BatteryMgr:DataCollectionService: stats => 1688572800672,-86,4041
07-05 18:00:00.688 22381 22478 I BatteryMgr:DataCollectionService: stats => 1688572800688,-86,4041
07-05 18:00:00.704 22381 22478 I BatteryMgr:DataCollectionService: stats => 1688572800704,-86,4041
07-05 18:00:00.721 22381 22478 I BatteryMgr:DataCollectionService: stats => 1688572800721,-86,4041
07-05 18:00:00.737 22381 22478 I BatteryMgr:DataCollectionService: stats => 1688572800737,-86,4041
07-05 18:00:00.754 22381 22478 I BatteryMgr:DataCollectionService: stats => 1688572800754,-86,4041
07-05 18:00:00.771 22381 22478 I BatteryMgr:DataCollectionService: stats => 1688572800770,-86,4041
07-05 18:00:00.787 22381 22478 I BatteryMgr:DataCollectionService: stats => 1688572800787,-86,4041
07-05 18:00:00.803 22381 22478 I BatteryMgr:DataCollectionService: stats => 1688572800803,-86,4041
07-05 18:00:00.819 22381 22478 I BatteryMgr:DataCollectionService: stats => 1688572800819,-86,4041
07-05 18:00:00.836 22381 22478 I BatteryMgr:DataCollectionService: stats => 1688572800836,-86,4041
07-05 18:00:00.853 22381 22478 I BatteryMgr:DataCollectionService: stats => 1688572800852,-86,4041
07-05 18:00:00.869 22381 22478 I BatteryMgr:DataCollectionService: stats => 1688572800869,-86,4041
07-05 18:00:00.885 22381 22478 I BatteryMgr:DataCollectionService: stats => 1688572800885,-86,4041
07-05 18:00:00.902 22381 22478 I BatteryMgr:DataCollectionService: stats => 1688572800902,-86,4041
07-05 18:00:00.918 22381 22478 I BatteryMgr:DataCollectionService: stats => 1688572800918,-86,4041
07-05 18:00:00.934 22381 22478 I BatteryMgr:DataCollectionService: stats => 1688572800934,-86,4041
07-05 18:00:00.950 22381 22478 I BatteryMgr:DataCollectionService: stats => 1688572800950,-86,4041
07-05 18:00:00.967 22381 22478 I BatteryMgr:DataCollectionService: stats => 1688572800967,-86,4041
07-05 18:00:00.983 22381 22478 I BatteryMgr:DataCollectionService: stats => 1688572800982,-86,4041
07-05 18:00:00.999 22381 22478 I BatteryMgr:DataCollectionService: stats => 1688572800999,-86,4041
07-05 18:00:01.015 22381 22478 I BatteryMgr:DataCollectionService: stats => 1688572801015,-86,4041
07-05 18:00:01.031 22381 22478 I BatteryMgr:DataCollectionService: stats => 1688572801031,-86,4041
07-05 18:00:01.047 22381 22478 I BatteryMgr:DataCollectionService: stats => 1688572801047,-86,4041
07-05 18:00:01.063 22381 22478 I BatteryMgr:DataCollectionService: stats => 1688572801063,-86,4041
07-05 18:00:01.079 22381 22478 I BatteryMgr:DataCollectionService: stats => 1688572801079,-86,4041
07-05 18:00:01.096 22381 22478 I BatteryMgr:DataCollectionService: stats => 1688572801096,-86,4041
07-05 18:00:01.111 22381 22478 I BatteryMgr:DataCollectionService: stats => 1688572801111,-86,4041
07-05 18:00:01.128 22381 22478 I BatteryMgr:DataCollectionService: stats => 1688572801128,-86,4041
07-05 18:00:01.144 22381 22478 I BatteryMgr:DataCollectionService: stats => 1688572801144,-86,4041
07-05 18:00:01.160 22381 22478 I BatteryMgr:DataCollectionService: stats => 1688572801160,-86,4041
07-05 18:00:01.177 22381 22478 I BatteryMgr:DataCollectionService: stats => 1688572801177,-86,4041
