07-05 18:29:31.904 24787 24885 I BatteryMgr:DataCollectionService: stats => 1688574571904,-365,3956
07-05 18:29:31.922 24787 24885 I BatteryMgr:DataCollectionService: stats => 1688574571922,-365,3956
07-05 18:29:31.941 24787 24885 I BatteryMgr:DataCollectionService: stats => 1688574571940,-365,3956
07-05 18:29:31.959 24787 24885 I BatteryMgr:DataCollectionService: stats => 1688574571959,-365,3956
07-05 18:29:31.977 24787 24885 I BatteryMgr:DataCollectionService: stats => 1688574571977,-365,3956
07-05 18:29:31.995 24787 24885 I BatteryMgr:DataCollectionService: stats => 1688574571995,-365,3956
07-05 18:29:32.014 24787 24885 I BatteryMgr:DataCollectionService: stats => 1688574572014,-365,3956
07-05 18:29:32.032 24787 24885 I BatteryMgr:DataCollectionService: stats => 1688574572032,-365,3956
07-05 18:29:32.046  3962  4060 I TLC_TIMA_PKM_initialize: initializing...
07-05 18:29:32.047  3962  4060 I TLC_TIMA_PKM_initialize: root = 0, root_strlen = 1
07-05 18:29:32.047  3962  4060 I TLC_TIMA_PKM_initialize: process = ffffffff00000000000000000000000a, process_strlen = 32
07-05 18:29:32.047  3962  4060 I TZ: mc_tlc_communication: input max_sendmsg_size = 262196
07-05 18:29:32.047  3962  4060 I TZ: mc_tlc_communication: input max_recvmsg_size = 262196
07-05 18:29:32.047  3962  4060 I TZ: mc_tlc_communication: root = 0, root_len = 1
07-05 18:29:32.047  3962  4060 I TZ: mc_tlc_communication: process = ffffffff00000000000000000000000a, process_strlen = 32
07-05 18:29:32.047  3962  4060 I TZ: mc_tlc_communication: aligned max_sendmsg_size = 262208
07-05 18:29:32.047  3962  4060 I TZ: mc_tlc_communication: aligned max_recvmsg_size = 262208
07-05 18:29:32.047  3962  4060 I TZ: mc_tlc_communication: device_id = 0x0
07-05 18:29:32.047  3962  4060 I TZ: mc_tlc_communication: tlc_open() was called
07-05 18:29:32.047  3962  4060 I TZ: mc_tlc_communication: Opening MobiCore device
07-05 18:29:32.047  3962  4060 I TeeSysClient: open mode set to: 0 [hardware/samsung_slsi/exynos7885/mobicore/ClientLib/src/common.cpp:343]
07-05 18:29:32.048  3962  4060 I TeeSysClient: driver version: v6.3 [hardware/samsung_slsi/exynos7885/mobicore/ClientLib/src/driver.cpp:71]
07-05 18:29:32.048  3962  4060 I TeeSysClient: driver open [hardware/samsung_slsi/exynos7885/mobicore/ClientLib/src/driver.cpp:84]
07-05 18:29:32.048  3962  4060 I TeeSysClient: Kinibi access granted by the driver [hardware/samsung_slsi/exynos7885/mobicore/ClientLib/src/common.cpp:217]
07-05 18:29:32.049  3962  4060 I TZ: mc_tlc_communication: Allocating message buffer for TCI
07-05 18:29:32.051  3962  4060 I TZ: mc_tlc_communication: Opening the session
07-05 18:29:32.052 24787 24885 I BatteryMgr:DataCollectionService: stats => 1688574572052,-365,3956
07-05 18:29:32.071 24787 24885 I BatteryMgr:DataCollectionService: stats => 1688574572071,-365,3956
07-05 18:29:32.076  3962  4060 I TZ: mc_tlc_communication: tlc_open() succeeded
07-05 18:29:32.077  3962  4060 E TLC_TIMA_PKM_initialize: tima_pkm : /system/etc/tima/kern_sec_info1
07-05 18:29:32.080  3962  4060 E TLC_TIMA_PKM_initialize: tima_pkm : /system/etc/tima/kern_sec_info2
07-05 18:29:32.083  3962  4060 E TLC_TIMA_PKM_initialize: tima_pkm : /system/etc/tima/kern_sec_info3
07-05 18:29:32.086 24787 24885 I BatteryMgr:DataCollectionService: stats => 1688574572086,-365,3956
07-05 18:29:32.092  3962  4060 E TLC_TIMA_PKM_initialize: tima_pkm : /system/etc/tima/kern_sec_info4
07-05 18:29:32.094  3962  4060 E TLC_TIMA_PKM_initialize: tima_pkm : /system/etc/tima/kern_sec_info5
07-05 18:29:32.097  3962  4060 E TLC_TIMA_PKM_initialize: tima_pkm : /system/etc/tima/kern_sec_info6
07-05 18:29:32.099  3962  4060 E TLC_TIMA_PKM_initialize: tima_pkm : /system/etc/tima/kern_sec_info7
07-05 18:29:32.101 24787 24885 I BatteryMgr:DataCollectionService: stats => 1688574572101,-365,3956
07-05 18:29:32.104  3962  4060 E TLC_TIMA_PKM_initialize: tima_pkm : /system/etc/tima/kern_sec_info8
07-05 18:29:32.106  3962  4060 I TLC_TIMA_PKM_initialize: Trustlet response is completed
07-05 18:29:32.115 24787 24885 I BatteryMgr:DataCollectionService: stats => 1688574572115,-365,3956
07-05 18:29:32.129 24787 24885 I BatteryMgr:DataCollectionService: stats => 1688574572129,-365,3956
07-05 18:29:32.144 24787 24885 I BatteryMgr:DataCollectionService: stats => 1688574572143,-365,3956
07-05 18:29:32.159 24787 24885 I BatteryMgr:DataCollectionService: stats => 1688574572159,-365,3956
07-05 18:29:32.178 24787 24885 I BatteryMgr:DataCollectionService: stats => 1688574572178,-365,3956
07-05 18:29:32.196 24787 24885 I BatteryMgr:DataCollectionService: stats => 1688574572196,-365,3956
07-05 18:29:32.215 24787 24885 I BatteryMgr:DataCollectionService: stats => 1688574572215,-365,3956
07-05 18:29:32.233 24787 24885 I BatteryMgr:DataCollectionService: stats => 1688574572233,-365,3956
07-05 18:29:32.252 24787 24885 I BatteryMgr:DataCollectionService: stats => 1688574572251,-365,3956
07-05 18:29:32.270 24787 24885 I BatteryMgr:DataCollectionService: stats => 1688574572270,-365,3956
07-05 18:29:32.288 24787 24885 I BatteryMgr:DataCollectionService: stats => 1688574572288,-365,3956
07-05 18:29:32.307 24787 24885 I BatteryMgr:DataCollectionService: stats => 1688574572307,-365,3956
07-05 18:29:32.326 24787 24885 I BatteryMgr:DataCollectionService: stats => 1688574572326,-365,3956
07-05 18:29:32.344 24787 24885 I BatteryMgr:DataCollectionService: stats => 1688574572344,-365,3956
07-05 18:29:32.363 24787 24885 I BatteryMgr:DataCollectionService: stats => 1688574572363,-365,3956
07-05 18:29:32.382 24787 24885 I BatteryMgr:DataCollectionService: stats => 1688574572382,-365,3956
07-05 18:29:32.400 24787 24885 I BatteryMgr:DataCollectionService: stats => 1688574572400,-365,3956
07-05 18:29:32.419 24787 24885 I BatteryMgr:DataCollectionService: stats => 1688574572419,-365,3956
07-05 18:29:32.437 24787 24885 I BatteryMgr:DataCollectionService: stats => 1688574572437,-365,3956
07-05 18:29:32.455 24787 24885 I BatteryMgr:DataCollectionService: stats => 1688574572455,-365,3956
07-05 18:29:32.474 24787 24885 I BatteryMgr:DataCollectionService: stats => 1688574572474,-365,3956
07-05 18:29:32.492 24787 24885 I BatteryMgr:DataCollectionService: stats => 1688574572492,-365,3956
07-05 18:29:32.511 24787 24885 I BatteryMgr:DataCollectionService: stats => 1688574572511,-365,3956
07-05 18:29:32.529 24787 24885 I BatteryMgr:DataCollectionService: stats => 1688574572529,-365,3956
07-05 18:29:32.548 24787 24885 I BatteryMgr:DataCollectionService: stats => 1688574572548,-365,3956
07-05 18:29:32.567 24787 24885 I BatteryMgr:DataCollectionService: stats => 1688574572566,-365,3956
07-05 18:29:32.585 24787 24885 I BatteryMgr:DataCollectionService: stats => 1688574572585,-365,3956
07-05 18:29:32.603 24787 24885 I BatteryMgr:DataCollectionService: stats => 1688574572603,-365,3956
07-05 18:29:32.622 24787 24885 I BatteryMgr:DataCollectionService: stats => 1688574572622,-365,3956
07-05 18:29:32.641 24787 24885 I BatteryMgr:DataCollectionService: stats => 1688574572641,-365,3956
07-05 18:29:32.659 24787 24885 I BatteryMgr:DataCollectionService: stats => 1688574572659,-365,3956
07-05 18:29:32.678 24787 24885 I BatteryMgr:DataCollectionService: stats => 1688574572678,-365,3956
07-05 18:29:32.696 24787 24885 I BatteryMgr:DataCollectionService: stats => 1688574572696,-365,3956
07-05 18:29:32.715 24787 24885 I BatteryMgr:DataCollectionService: stats => 1688574572715,-365,3956
07-05 18:29:32.733 24787 24885 I BatteryMgr:DataCollectionService: stats => 1688574572733,-365,3956
07-05 18:29:32.753 24787 24885 I BatteryMgr:DataCollectionService: stats => 1688574572753,-365,3956
07-05 18:29:32.772 24787 24885 I BatteryMgr:DataCollectionService: stats => 1688574572772,-365,3956
07-05 18:29:32.791 24787 24885 I BatteryMgr:DataCollectionService: stats => 1688574572791,-365,3956
07-05 18:29:32.809 24787 24885 I BatteryMgr:DataCollectionService: stats => 1688574572809,-365,3956
07-05 18:29:32.827 24787 24885 I BatteryMgr:DataCollectionService: stats => 1688574572827,-365,3956
07-05 18:29:32.846 24787 24885 I BatteryMgr:DataCollectionService: stats => 1688574572846,-365,3956
07-05 18:29:32.864 24787 24885 I BatteryMgr:DataCollectionService: stats => 1688574572864,-365,3956
07-05 18:29:32.884 24787 24885 I BatteryMgr:DataCollectionService: stats => 1688574572883,-365,3956
07-05 18:29:32.902 24787 24885 I BatteryMgr:DataCollectionService: stats => 1688574572902,-365,3956
07-05 18:29:32.920 24787 24885 I BatteryMgr:DataCollectionService: stats => 1688574572920,-365,3956
07-05 18:29:32.939 24787 24885 I BatteryMgr:DataCollectionService: stats => 1688574572938,-365,3956
07-05 18:29:32.957 24787 24885 I BatteryMgr:DataCollectionService: stats => 1688574572957,-365,3956
07-05 18:29:32.976 24787 24885 I BatteryMgr:DataCollectionService: stats => 1688574572976,-365,3956
07-05 18:29:32.995 24787 24885 I BatteryMgr:DataCollectionService: stats => 1688574572995,-365,3956
07-05 18:29:33.013 24787 24885 I BatteryMgr:DataCollectionService: stats => 1688574573013,-365,3956
07-05 18:29:33.032 24787 24885 I BatteryMgr:DataCollectionService: stats => 1688574573031,-365,3956
07-05 18:29:33.050 24787 24885 I BatteryMgr:DataCollectionService: stats => 1688574573050,-365,3956
07-05 18:29:33.068 24787 24885 I BatteryMgr:DataCollectionService: stats => 1688574573068,-365,3956
07-05 18:29:33.087 24787 24885 I BatteryMgr:DataCollectionService: stats => 1688574573087,-365,3956
07-05 18:29:33.106 24787 24885 I BatteryMgr:DataCollectionService: stats => 1688574573106,-365,3956
07-05 18:29:33.125 24787 24885 I BatteryMgr:DataCollectionService: stats => 1688574573124,-365,3956
07-05 18:29:33.143 24787 24885 I BatteryMgr:DataCollectionService: stats => 1688574573143,-365,3956
07-05 18:29:33.162 24787 24885 I BatteryMgr:DataCollectionService: stats => 1688574573161,-365,3956
07-05 18:29:33.181 24787 24885 I BatteryMgr:DataCollectionService: stats => 1688574573180,-365,3956
07-05 18:29:33.199 24787 24885 I BatteryMgr:DataCollectionService: stats => 1688574573199,-365,3956
07-05 18:29:33.218 24787 24885 I BatteryMgr:DataCollectionService: stats => 1688574573218,-365,3956
07-05 18:29:33.237 24787 24885 I BatteryMgr:DataCollectionService: stats => 1688574573237,-365,3956
07-05 18:29:33.255 24787 24885 I BatteryMgr:DataCollectionService: stats => 1688574573255,-365,3956
07-05 18:29:33.274 24787 24885 I BatteryMgr:DataCollectionService: stats => 1688574573273,-365,3956
07-05 18:29:33.292 24787 24885 I BatteryMgr:DataCollectionService: stats => 1688574573292,-365,3956
07-05 18:29:33.311  3962  6674 D SSRM:k  : SIOP:: AP = 250, PST = 249 (W:30), BAT = 236, USB = 0, CHG = 0
07-05 18:29:33.311 24787 24885 I BatteryMgr:DataCollectionService: stats => 1688574573311,-365,3956
07-05 18:29:33.330 24787 24885 I BatteryMgr:DataCollectionService: stats => 1688574573330,-365,3956
07-05 18:29:33.349 24787 24885 I BatteryMgr:DataCollectionService: stats => 1688574573349,-365,3956
07-05 18:29:33.367 24787 24885 I BatteryMgr:DataCollectionService: stats => 1688574573367,-365,3956
07-05 18:29:33.387 24787 24885 I BatteryMgr:DataCollectionService: stats => 1688574573387,-365,3956
07-05 18:29:33.406 24787 24885 I BatteryMgr:DataCollectionService: stats => 1688574573405,-365,3956
07-05 18:29:33.424 24787 24885 I BatteryMgr:DataCollectionService: stats => 1688574573424,-365,3956
07-05 18:29:33.442 24787 24885 I BatteryMgr:DataCollectionService: stats => 1688574573442,-365,3956
07-05 18:29:33.463 24787 24885 I BatteryMgr:DataCollectionService: stats => 1688574573463,-365,3956
07-05 18:29:33.481 24787 24885 I BatteryMgr:DataCollectionService: stats => 1688574573481,-365,3956
07-05 18:29:33.500 24787 24885 I BatteryMgr:DataCollectionService: stats => 1688574573499,-365,3956
07-05 18:29:33.518 24787 24885 I BatteryMgr:DataCollectionService: stats => 1688574573518,-365,3956
07-05 18:29:33.537 24787 24885 I BatteryMgr:DataCollectionService: stats => 1688574573536,-365,3956
07-05 18:29:33.555 24787 24885 I BatteryMgr:DataCollectionService: stats => 1688574573555,-365,3956
07-05 18:29:33.574 24787 24885 I BatteryMgr:DataCollectionService: stats => 1688574573574,-365,3956
07-05 18:29:33.593 24787 24885 I BatteryMgr:DataCollectionService: stats => 1688574573592,-365,3956
07-05 18:29:33.611 24787 24885 I BatteryMgr:DataCollectionService: stats => 1688574573611,-365,3956
07-05 18:29:33.629 24787 24885 I BatteryMgr:DataCollectionService: stats => 1688574573629,-365,3956
07-05 18:29:33.648 24787 24885 I BatteryMgr:DataCollectionService: stats => 1688574573648,-365,3956
07-05 18:29:33.667 24787 24885 I BatteryMgr:DataCollectionService: stats => 1688574573667,-365,3956
07-05 18:29:33.685 24787 24885 I BatteryMgr:DataCollectionService: stats => 1688574573685,-365,3956
07-05 18:29:33.704 24787 24885 I BatteryMgr:DataCollectionService: stats => 1688574573704,-365,3956
07-05 18:29:33.722 24787 24885 I BatteryMgr:DataCollectionService: stats => 1688574573722,-365,3956
07-05 18:29:33.740 24787 24885 I BatteryMgr:DataCollectionService: stats => 1688574573740,-365,3956
07-05 18:29:33.759 24787 24885 I BatteryMgr:DataCollectionService: stats => 1688574573758,-365,3956
07-05 18:29:33.777 24787 24885 I BatteryMgr:DataCollectionService: stats => 1688574573777,-365,3956
07-05 18:29:33.796 24787 24885 I BatteryMgr:DataCollectionService: stats => 1688574573796,-365,3956
07-05 18:29:33.814 24787 24885 I BatteryMgr:DataCollectionService: stats => 1688574573814,-365,3956
07-05 18:29:33.832 24787 24885 I BatteryMgr:DataCollectionService: stats => 1688574573832,-365,3956
07-05 18:29:33.850 24787 24885 I BatteryMgr:DataCollectionService: stats => 1688574573850,-365,3956
07-05 18:29:33.869 24787 24885 I BatteryMgr:DataCollectionService: stats => 1688574573868,-365,3956
07-05 18:29:33.887 24787 24885 I BatteryMgr:DataCollectionService: stats => 1688574573887,-365,3956
07-05 18:29:33.905 24787 24885 I BatteryMgr:DataCollectionService: stats => 1688574573905,-365,3956
07-05 18:29:33.923 24787 24885 I BatteryMgr:DataCollectionService: stats => 1688574573923,-365,3956
07-05 18:29:33.942 24787 24885 I BatteryMgr:DataCollectionService: stats => 1688574573942,-365,3956
07-05 18:29:33.960 24787 24885 I BatteryMgr:DataCollectionService: stats => 1688574573960,-365,3956
07-05 18:29:33.980 24787 24885 I BatteryMgr:DataCollectionService: stats => 1688574573980,-365,3956
07-05 18:29:33.999 24787 24885 I BatteryMgr:DataCollectionService: stats => 1688574573999,-365,3956
07-05 18:29:34.017 24787 24885 I BatteryMgr:DataCollectionService: stats => 1688574574017,-365,3956
07-05 18:29:34.037 24787 24885 I BatteryMgr:DataCollectionService: stats => 1688574574037,-365,3956
07-05 18:29:34.055 24787 24885 I BatteryMgr:DataCollectionService: stats => 1688574574055,-365,3956
07-05 18:29:34.073 24787 24885 I BatteryMgr:DataCollectionService: stats => 1688574574073,-365,3956
07-05 18:29:34.092 24787 24885 I BatteryMgr:DataCollectionService: stats => 1688574574092,-365,3956
07-05 18:29:34.111 24787 24885 I BatteryMgr:DataCollectionService: stats => 1688574574111,-365,3956
07-05 18:29:34.129 24787 24885 I BatteryMgr:DataCollectionService: stats => 1688574574129,-365,3956
07-05 18:29:34.147 24787 24885 I BatteryMgr:DataCollectionService: stats => 1688574574147,-365,3956
07-05 18:29:34.166 24787 24885 I BatteryMgr:DataCollectionService: stats => 1688574574166,-365,3956
07-05 18:29:34.184 24787 24885 I BatteryMgr:DataCollectionService: stats => 1688574574184,-365,3956
07-05 18:29:34.205 24787 24885 I BatteryMgr:DataCollectionService: stats => 1688574574205,-365,3956
07-05 18:29:34.223 24787 24885 I BatteryMgr:DataCollectionService: stats => 1688574574223,-365,3956
07-05 18:29:34.242 24787 24885 I BatteryMgr:DataCollectionService: stats => 1688574574242,-365,3956
07-05 18:29:34.260 24787 24885 I BatteryMgr:DataCollectionService: stats => 1688574574260,-365,3956
07-05 18:29:34.279 24787 24885 I BatteryMgr:DataCollectionService: stats => 1688574574278,-365,3956
07-05 18:29:34.297 24787 24885 I BatteryMgr:DataCollectionService: stats => 1688574574297,-365,3956
07-05 18:29:34.316 24787 24885 I BatteryMgr:DataCollectionService: stats => 1688574574315,-365,3956
07-05 18:29:34.334 24787 24885 I BatteryMgr:DataCollectionService: stats => 1688574574334,-365,3956
07-05 18:29:34.352 24787 24885 I BatteryMgr:DataCollectionService: stats => 1688574574352,-365,3956
07-05 18:29:34.370 24787 24885 I BatteryMgr:DataCollectionService: stats => 1688574574370,-365,3956
07-05 18:29:34.388 24787 24885 I BatteryMgr:DataCollectionService: stats => 1688574574388,-365,3956
07-05 18:29:34.407 24787 24885 I BatteryMgr:DataCollectionService: stats => 1688574574406,-365,3956
07-05 18:29:34.425 24787 24885 I BatteryMgr:DataCollectionService: stats => 1688574574425,-365,3956
07-05 18:29:34.444 24787 24885 I BatteryMgr:DataCollectionService: stats => 1688574574444,-365,3956
07-05 18:29:34.462 24787 24885 I BatteryMgr:DataCollectionService: stats => 1688574574462,-365,3956
07-05 18:29:34.479 24787 24885 I BatteryMgr:DataCollectionService: stats => 1688574574479,-365,3956
07-05 18:29:34.498 24787 24885 I BatteryMgr:DataCollectionService: stats => 1688574574498,-365,3956
07-05 18:29:34.517 24787 24885 I BatteryMgr:DataCollectionService: stats => 1688574574517,-365,3956
07-05 18:29:34.536 24787 24885 I BatteryMgr:DataCollectionService: stats => 1688574574536,-365,3956
07-05 18:29:34.538  3437  3437 I android.hardware.wifi@1.0-service: getLinkLayerStats
07-05 18:29:34.554 24787 24885 I BatteryMgr:DataCollectionService: stats => 1688574574554,-365,3956
07-05 18:29:34.572 24787 24885 I BatteryMgr:DataCollectionService: stats => 1688574574572,-365,3956
07-05 18:29:34.590 24787 24885 I BatteryMgr:DataCollectionService: stats => 1688574574590,-365,3956
07-05 18:29:34.610 24787 24885 I BatteryMgr:DataCollectionService: stats => 1688574574610,-365,3956
07-05 18:29:34.628 24787 24885 I BatteryMgr:DataCollectionService: stats => 1688574574628,-365,3956
07-05 18:29:34.647 24787 24885 I BatteryMgr:DataCollectionService: stats => 1688574574647,-365,3956
07-05 18:29:34.665 24787 24885 I BatteryMgr:DataCollectionService: stats => 1688574574665,-365,3956
07-05 18:29:34.683 24787 24885 I BatteryMgr:DataCollectionService: stats => 1688574574683,-365,3956
07-05 18:29:34.701 24787 24885 I BatteryMgr:DataCollectionService: stats => 1688574574701,-365,3956
07-05 18:29:34.720 24787 24885 I BatteryMgr:DataCollectionService: stats => 1688574574720,-365,3956
07-05 18:29:34.738 24787 24885 I BatteryMgr:DataCollectionService: stats => 1688574574738,-365,3956
07-05 18:29:34.757 24787 24885 I BatteryMgr:DataCollectionService: stats => 1688574574756,-365,3956
07-05 18:29:34.775 24787 24885 I BatteryMgr:DataCollectionService: stats => 1688574574775,-365,3956
07-05 18:29:34.793 24787 24885 I BatteryMgr:DataCollectionService: stats => 1688574574793,-365,3956
07-05 18:29:34.811 24787 24885 I BatteryMgr:DataCollectionService: stats => 1688574574811,-365,3956
07-05 18:29:34.829 24787 24885 I BatteryMgr:DataCollectionService: stats => 1688574574829,-365,3956
07-05 18:29:34.848 24787 24885 I BatteryMgr:DataCollectionService: stats => 1688574574848,-365,3956
07-05 18:29:34.866 24787 24885 I BatteryMgr:DataCollectionService: stats => 1688574574866,-365,3956
07-05 18:29:34.884 24787 24885 I BatteryMgr:DataCollectionService: stats => 1688574574884,-365,3956
07-05 18:29:34.902 24787 24885 I BatteryMgr:DataCollectionService: stats => 1688574574902,-365,3956
07-05 18:29:34.921 24787 24885 I BatteryMgr:DataCollectionService: stats => 1688574574921,-365,3956
07-05 18:29:34.939 24787 24885 I BatteryMgr:DataCollectionService: stats => 1688574574939,-365,3956
07-05 18:29:34.957 24787 24885 I BatteryMgr:DataCollectionService: stats => 1688574574957,-365,3956
07-05 18:29:34.976 24787 24885 I BatteryMgr:DataCollectionService: stats => 1688574574975,-365,3956
07-05 18:29:34.994 24787 24885 I BatteryMgr:DataCollectionService: stats => 1688574574994,-365,3956
07-05 18:29:35.012 24787 24885 I BatteryMgr:DataCollectionService: stats => 1688574575012,-365,3956
07-05 18:29:35.031 24787 24885 I BatteryMgr:DataCollectionService: stats => 1688574575031,-365,3956
07-05 18:29:35.049 24787 24885 I BatteryMgr:DataCollectionService: stats => 1688574575049,-365,3956
07-05 18:29:35.067 24787 24885 I BatteryMgr:DataCollectionService: stats => 1688574575067,-365,3956
07-05 18:29:35.086 24787 24885 I BatteryMgr:DataCollectionService: stats => 1688574575086,-365,3956
07-05 18:29:35.104 24787 24885 I BatteryMgr:DataCollectionService: stats => 1688574575103,-365,3956
07-05 18:29:35.122 24787 24885 I BatteryMgr:DataCollectionService: stats => 1688574575122,-365,3956
07-05 18:29:35.141 24787 24885 I BatteryMgr:DataCollectionService: stats => 1688574575140,-365,3956
07-05 18:29:35.158 24787 24885 I BatteryMgr:DataCollectionService: stats => 1688574575158,-365,3956
07-05 18:29:35.176 24787 24885 I BatteryMgr:DataCollectionService: stats => 1688574575176,-365,3956
07-05 18:29:35.195 24787 24885 I BatteryMgr:DataCollectionService: stats => 1688574575195,-365,3956
07-05 18:29:35.213 24787 24885 I BatteryMgr:DataCollectionService: stats => 1688574575213,-365,3956
07-05 18:29:35.231 24787 24885 I BatteryMgr:DataCollectionService: stats => 1688574575231,-365,3956
07-05 18:29:35.249 24787 24885 I BatteryMgr:DataCollectionService: stats => 1688574575249,-365,3956
07-05 18:29:35.267 24787 24885 I BatteryMgr:DataCollectionService: stats => 1688574575267,-365,3956
07-05 18:29:35.285 24787 24885 I BatteryMgr:DataCollectionService: stats => 1688574575285,-365,3956
07-05 18:29:35.303 24787 24885 I BatteryMgr:DataCollectionService: stats => 1688574575303,-365,3956
07-05 18:29:35.322 24787 24885 I BatteryMgr:DataCollectionService: stats => 1688574575322,-365,3956
07-05 18:29:35.340 24787 24885 I BatteryMgr:DataCollectionService: stats => 1688574575340,-365,3956
07-05 18:29:35.358 24787 24885 I BatteryMgr:DataCollectionService: stats => 1688574575358,-365,3956
07-05 18:29:35.377 24787 24885 I BatteryMgr:DataCollectionService: stats => 1688574575376,-365,3956
07-05 18:29:35.395 24787 24885 I BatteryMgr:DataCollectionService: stats => 1688574575394,-365,3956
07-05 18:29:35.413 24787 24885 I BatteryMgr:DataCollectionService: stats => 1688574575412,-365,3956
07-05 18:29:35.431 24787 24885 I BatteryMgr:DataCollectionService: stats => 1688574575431,-365,3956
07-05 18:29:35.449 24787 24885 I BatteryMgr:DataCollectionService: stats => 1688574575449,-365,3956
07-05 18:29:35.467 24787 24885 I BatteryMgr:DataCollectionService: stats => 1688574575467,-365,3956
07-05 18:29:35.485 24787 24885 I BatteryMgr:DataCollectionService: stats => 1688574575484,-365,3956
07-05 18:29:35.503 24787 24885 I BatteryMgr:DataCollectionService: stats => 1688574575503,-365,3956
07-05 18:29:35.522 24787 24885 I BatteryMgr:DataCollectionService: stats => 1688574575522,-365,3956
07-05 18:29:35.540 24787 24885 I BatteryMgr:DataCollectionService: stats => 1688574575539,-365,3956
07-05 18:29:35.558 24787 24885 I BatteryMgr:DataCollectionService: stats => 1688574575558,-365,3956
07-05 18:29:35.576 24787 24885 I BatteryMgr:DataCollectionService: stats => 1688574575576,-365,3956
07-05 18:29:35.595 24787 24885 I BatteryMgr:DataCollectionService: stats => 1688574575595,-365,3956
07-05 18:29:35.614 24787 24885 I BatteryMgr:DataCollectionService: stats => 1688574575614,-365,3956
07-05 18:29:35.632 24787 24885 I BatteryMgr:DataCollectionService: stats => 1688574575632,-365,3956
07-05 18:29:35.650 24787 24885 I BatteryMgr:DataCollectionService: stats => 1688574575650,-365,3956
07-05 18:29:35.669 24787 24885 I BatteryMgr:DataCollectionService: stats => 1688574575669,-365,3956
07-05 18:29:35.687 24787 24885 I BatteryMgr:DataCollectionService: stats => 1688574575687,-365,3956
07-05 18:29:35.705 24787 24885 I BatteryMgr:DataCollectionService: stats => 1688574575705,-365,3956
07-05 18:29:35.723 24787 24885 I BatteryMgr:DataCollectionService: stats => 1688574575723,-365,3956
07-05 18:29:35.744 24787 24885 I BatteryMgr:DataCollectionService: stats => 1688574575744,-365,3956
07-05 18:29:35.762 24787 24885 I BatteryMgr:DataCollectionService: stats => 1688574575762,-365,3956
07-05 18:29:35.780 24787 24885 I BatteryMgr:DataCollectionService: stats => 1688574575780,-365,3956
07-05 18:29:35.798 24787 24885 I BatteryMgr:DataCollectionService: stats => 1688574575798,-365,3956
07-05 18:29:35.817 24787 24885 I BatteryMgr:DataCollectionService: stats => 1688574575816,-365,3956
07-05 18:29:35.835 24787 24885 I BatteryMgr:DataCollectionService: stats => 1688574575835,-365,3956
07-05 18:29:35.853 24787 24885 I BatteryMgr:DataCollectionService: stats => 1688574575853,-365,3956
07-05 18:29:35.870 24787 24885 I BatteryMgr:DataCollectionService: stats => 1688574575870,-365,3956
07-05 18:29:35.887 24787 24885 I BatteryMgr:DataCollectionService: stats => 1688574575887,-365,3956
07-05 18:29:35.905 24787 24885 I BatteryMgr:DataCollectionService: stats => 1688574575905,-365,3956
07-05 18:29:35.923 24787 24885 I BatteryMgr:DataCollectionService: stats => 1688574575923,-365,3956
07-05 18:29:35.941 24787 24885 I BatteryMgr:DataCollectionService: stats => 1688574575941,-365,3956
07-05 18:29:35.959 24787 24885 I BatteryMgr:DataCollectionService: stats => 1688574575959,-365,3956
07-05 18:29:35.978 24787 24885 I BatteryMgr:DataCollectionService: stats => 1688574575978,-365,3956
07-05 18:29:35.996 24787 24885 I BatteryMgr:DataCollectionService: stats => 1688574575996,-365,3956
07-05 18:29:36.014 24787 24885 I BatteryMgr:DataCollectionService: stats => 1688574576014,-365,3956
07-05 18:29:36.032 24787 24885 I BatteryMgr:DataCollectionService: stats => 1688574576032,-365,3956
07-05 18:29:36.050 24787 24885 I BatteryMgr:DataCollectionService: stats => 1688574576050,-365,3956
07-05 18:29:36.067 24787 24885 I BatteryMgr:DataCollectionService: stats => 1688574576067,-365,3956
07-05 18:29:36.085 24787 24885 I BatteryMgr:DataCollectionService: stats => 1688574576085,-365,3956
07-05 18:29:36.103 24787 24885 I BatteryMgr:DataCollectionService: stats => 1688574576103,-365,3956
07-05 18:29:36.122 24787 24885 I BatteryMgr:DataCollectionService: stats => 1688574576122,-365,3956
07-05 18:29:36.140 24787 24885 I BatteryMgr:DataCollectionService: stats => 1688574576140,-365,3956
07-05 18:29:36.158 24787 24885 I BatteryMgr:DataCollectionService: stats => 1688574576158,-365,3956
07-05 18:29:36.176 24787 24885 I BatteryMgr:DataCollectionService: stats => 1688574576176,-365,3956
07-05 18:29:36.194 24787 24885 I BatteryMgr:DataCollectionService: stats => 1688574576194,-365,3956
07-05 18:29:36.212 24787 24885 I BatteryMgr:DataCollectionService: stats => 1688574576212,-365,3956
07-05 18:29:36.230 24787 24885 I BatteryMgr:DataCollectionService: stats => 1688574576230,-365,3956
07-05 18:29:36.249 24787 24885 I BatteryMgr:DataCollectionService: stats => 1688574576248,-365,3956
07-05 18:29:36.267 24787 24885 I BatteryMgr:DataCollectionService: stats => 1688574576267,-365,3956
07-05 18:29:36.285 24787 24885 I BatteryMgr:DataCollectionService: stats => 1688574576285,-365,3956
07-05 18:29:36.303 24787 24885 I BatteryMgr:DataCollectionService: stats => 1688574576303,-365,3956
07-05 18:29:36.321 24787 24885 I BatteryMgr:DataCollectionService: stats => 1688574576321,-365,3956
07-05 18:29:36.339 24787 24885 I BatteryMgr:DataCollectionService: stats => 1688574576339,-365,3956
07-05 18:29:36.357 24787 24885 I BatteryMgr:DataCollectionService: stats => 1688574576357,-365,3956
07-05 18:29:36.375 24787 24885 I BatteryMgr:DataCollectionService: stats => 1688574576375,-365,3956
07-05 18:29:36.393 24787 24885 I BatteryMgr:DataCollectionService: stats => 1688574576392,-365,3956
07-05 18:29:36.411 24787 24885 I BatteryMgr:DataCollectionService: stats => 1688574576411,-365,3956
07-05 18:29:36.429 24787 24885 I BatteryMgr:DataCollectionService: stats => 1688574576429,-365,3956
07-05 18:29:36.446 24787 24885 I BatteryMgr:DataCollectionService: stats => 1688574576446,-365,3956
07-05 18:29:36.464 24787 24885 I BatteryMgr:DataCollectionService: stats => 1688574576464,-365,3956
07-05 18:29:36.483 24787 24885 I BatteryMgr:DataCollectionService: stats => 1688574576483,-365,3956
07-05 18:29:36.501 24787 24885 I BatteryMgr:DataCollectionService: stats => 1688574576500,-365,3956
07-05 18:29:36.519 24787 24885 I BatteryMgr:DataCollectionService: stats => 1688574576519,-365,3956
07-05 18:29:36.536 24787 24885 I BatteryMgr:DataCollectionService: stats => 1688574576536,-365,3956
07-05 18:29:36.554 24787 24885 I BatteryMgr:DataCollectionService: stats => 1688574576554,-365,3956
07-05 18:29:36.572 24787 24885 I BatteryMgr:DataCollectionService: stats => 1688574576572,-365,3956
07-05 18:29:36.577  3962  4039 D SensorService: [SO] 0.086 -0.153 9.946
07-05 18:29:36.591 24787 24885 I BatteryMgr:DataCollectionService: stats => 1688574576590,-365,3956
07-05 18:29:36.609 24787 24885 I BatteryMgr:DataCollectionService: stats => 1688574576609,-365,3956
07-05 18:29:36.627 24787 24885 I BatteryMgr:DataCollectionService: stats => 1688574576627,-365,3956
07-05 18:29:36.645 24787 24885 I BatteryMgr:DataCollectionService: stats => 1688574576645,-365,3956
07-05 18:29:36.663 24787 24885 I BatteryMgr:DataCollectionService: stats => 1688574576663,-365,3956
07-05 18:29:36.681 24787 24885 I BatteryMgr:DataCollectionService: stats => 1688574576681,-365,3956
07-05 18:29:36.699 24787 24885 I BatteryMgr:DataCollectionService: stats => 1688574576699,-365,3956
07-05 18:29:36.717 24787 24885 I BatteryMgr:DataCollectionService: stats => 1688574576717,-365,3956
07-05 18:29:36.735 24787 24885 I BatteryMgr:DataCollectionService: stats => 1688574576734,-365,3956
07-05 18:29:36.753 24787 24885 I BatteryMgr:DataCollectionService: stats => 1688574576752,-365,3956
07-05 18:29:36.771 24787 24885 I BatteryMgr:DataCollectionService: stats => 1688574576771,-365,3956
07-05 18:29:36.789 24787 24885 I BatteryMgr:DataCollectionService: stats => 1688574576789,-365,3956
07-05 18:29:36.807 24787 24885 I BatteryMgr:DataCollectionService: stats => 1688574576807,-365,3956
07-05 18:29:36.825 24787 24885 I BatteryMgr:DataCollectionService: stats => 1688574576824,-365,3956
07-05 18:29:36.843 24787 24885 I BatteryMgr:DataCollectionService: stats => 1688574576843,-365,3956
07-05 18:29:36.861 24787 24885 I BatteryMgr:DataCollectionService: stats => 1688574576861,-365,3956
07-05 18:29:36.879 24787 24885 I BatteryMgr:DataCollectionService: stats => 1688574576879,-365,3956
07-05 18:29:36.897 24787 24885 I BatteryMgr:DataCollectionService: stats => 1688574576897,-365,3956
07-05 18:29:36.915 24787 24885 I BatteryMgr:DataCollectionService: stats => 1688574576915,-365,3956
07-05 18:29:36.933 24787 24885 I BatteryMgr:DataCollectionService: stats => 1688574576932,-365,3956
07-05 18:29:36.950 24787 24885 I BatteryMgr:DataCollectionService: stats => 1688574576950,-365,3956
07-05 18:29:36.968 24787 24885 I BatteryMgr:DataCollectionService: stats => 1688574576968,-365,3956
07-05 18:29:36.986 24787 24885 I BatteryMgr:DataCollectionService: stats => 1688574576986,-365,3956
07-05 18:29:37.005 24787 24885 I BatteryMgr:DataCollectionService: stats => 1688574577004,-365,3956
07-05 18:29:37.022 24787 24885 I BatteryMgr:DataCollectionService: stats => 1688574577022,-365,3956
07-05 18:29:37.040 24787 24885 I BatteryMgr:DataCollectionService: stats => 1688574577040,-365,3956
07-05 18:29:37.058 24787 24885 I BatteryMgr:DataCollectionService: stats => 1688574577058,-365,3956
07-05 18:29:37.076 24787 24885 I BatteryMgr:DataCollectionService: stats => 1688574577076,-365,3956
07-05 18:29:37.094 24787 24885 I BatteryMgr:DataCollectionService: stats => 1688574577094,-365,3956
07-05 18:29:37.112 24787 24885 I BatteryMgr:DataCollectionService: stats => 1688574577112,-365,3956
07-05 18:29:37.131 24787 24885 I BatteryMgr:DataCollectionService: stats => 1688574577131,-365,3956
07-05 18:29:37.149 24787 24885 I BatteryMgr:DataCollectionService: stats => 1688574577149,-365,3956
07-05 18:29:37.167 24787 24885 I BatteryMgr:DataCollectionService: stats => 1688574577167,-365,3956
07-05 18:29:37.185 24787 24885 I BatteryMgr:DataCollectionService: stats => 1688574577185,-365,3956
07-05 18:29:37.203 24787 24885 I BatteryMgr:DataCollectionService: stats => 1688574577203,-365,3956
07-05 18:29:37.221 24787 24885 I BatteryMgr:DataCollectionService: stats => 1688574577221,-365,3956
07-05 18:29:37.239 24787 24885 I BatteryMgr:DataCollectionService: stats => 1688574577239,-365,3956
07-05 18:29:37.257 24787 24885 I BatteryMgr:DataCollectionService: stats => 1688574577257,-365,3956
07-05 18:29:37.275 24787 24885 I BatteryMgr:DataCollectionService: stats => 1688574577275,-365,3956
07-05 18:29:37.293 24787 24885 I BatteryMgr:DataCollectionService: stats => 1688574577293,-365,3956
07-05 18:29:37.311 24787 24885 I BatteryMgr:DataCollectionService: stats => 1688574577311,-365,3956
07-05 18:29:37.329 24787 24885 I BatteryMgr:DataCollectionService: stats => 1688574577329,-365,3956
07-05 18:29:37.347 24787 24885 I BatteryMgr:DataCollectionService: stats => 1688574577347,-365,3956
07-05 18:29:37.365 24787 24885 I BatteryMgr:DataCollectionService: stats => 1688574577365,-365,3956
07-05 18:29:37.383 24787 24885 I BatteryMgr:DataCollectionService: stats => 1688574577383,-365,3956
07-05 18:29:37.401 24787 24885 I BatteryMgr:DataCollectionService: stats => 1688574577401,-365,3956
07-05 18:29:37.419 24787 24885 I BatteryMgr:DataCollectionService: stats => 1688574577419,-365,3956
07-05 18:29:37.437 24787 24885 I BatteryMgr:DataCollectionService: stats => 1688574577437,-365,3956
07-05 18:29:37.455 24787 24885 I BatteryMgr:DataCollectionService: stats => 1688574577455,-365,3956
07-05 18:29:37.473 24787 24885 I BatteryMgr:DataCollectionService: stats => 1688574577473,-365,3956
07-05 18:29:37.491 24787 24885 I BatteryMgr:DataCollectionService: stats => 1688574577491,-365,3956
07-05 18:29:37.509 24787 24885 I BatteryMgr:DataCollectionService: stats => 1688574577509,-365,3956
07-05 18:29:37.527 24787 24885 I BatteryMgr:DataCollectionService: stats => 1688574577527,-365,3956
07-05 18:29:37.539  3962  3988 W StorageManager: getStorageFullBytes DEFAULT_FULL_THRESHOLD_BYTES : 20971520, threadhold : 20971520
07-05 18:29:37.540  3962  3988 W StorageManager: getStorageLowBytes lowPercent : 5, lowBytes : 1260145254, maxLowBytes : 524288000
07-05 18:29:37.543  3962  3988 W DeviceStorageMonitorService: updateBroadcasts(/data) oldLevel:0, newLevel:0, seq:1
07-05 18:29:37.544  3962  3988 W DeviceStorageMonitorService: updateBroadcasts_filenode(/data) fn_oldLevel:0, fn_newLevel:0, seq:1
07-05 18:29:37.545 24787 24885 I BatteryMgr:DataCollectionService: stats => 1688574577545,-365,3956
07-05 18:29:37.546  3437  3437 I android.hardware.wifi@1.0-service: getLinkLayerStats
07-05 18:29:37.563 24787 24885 I BatteryMgr:DataCollectionService: stats => 1688574577563,-365,3956
07-05 18:29:37.581 24787 24885 I BatteryMgr:DataCollectionService: stats => 1688574577581,-365,3956
07-05 18:29:37.599 24787 24885 I BatteryMgr:DataCollectionService: stats => 1688574577599,-365,3956
07-05 18:29:37.617 24787 24885 I BatteryMgr:DataCollectionService: stats => 1688574577617,-365,3956
07-05 18:29:37.635 24787 24885 I BatteryMgr:DataCollectionService: stats => 1688574577635,-365,3956
07-05 18:29:37.652 24787 24885 I BatteryMgr:DataCollectionService: stats => 1688574577652,-365,3956
07-05 18:29:37.670 24787 24885 I BatteryMgr:DataCollectionService: stats => 1688574577670,-365,3956
07-05 18:29:37.689 24787 24885 I BatteryMgr:DataCollectionService: stats => 1688574577689,-365,3956
07-05 18:29:37.707 24787 24885 I BatteryMgr:DataCollectionService: stats => 1688574577707,-365,3956
07-05 18:29:37.725 24787 24885 I BatteryMgr:DataCollectionService: stats => 1688574577725,-365,3956
07-05 18:29:37.743 24787 24885 I BatteryMgr:DataCollectionService: stats => 1688574577743,-365,3956
07-05 18:29:37.761 24787 24885 I BatteryMgr:DataCollectionService: stats => 1688574577761,-365,3956
07-05 18:29:37.780 24787 24885 I BatteryMgr:DataCollectionService: stats => 1688574577779,-365,3956
07-05 18:29:37.798 24787 24885 I BatteryMgr:DataCollectionService: stats => 1688574577798,-365,3956
07-05 18:29:37.815 24787 24885 I BatteryMgr:DataCollectionService: stats => 1688574577815,-365,3956
07-05 18:29:37.833 24787 24885 I BatteryMgr:DataCollectionService: stats => 1688574577833,-365,3956
07-05 18:29:37.851 24787 24885 I BatteryMgr:DataCollectionService: stats => 1688574577851,-365,3956
07-05 18:29:37.869 24787 24885 I BatteryMgr:DataCollectionService: stats => 1688574577869,-365,3956
07-05 18:29:37.889 24787 24885 I BatteryMgr:DataCollectionService: stats => 1688574577889,-365,3956
07-05 18:29:37.907 24787 24885 I BatteryMgr:DataCollectionService: stats => 1688574577907,-365,3956
07-05 18:29:37.925 24787 24885 I BatteryMgr:DataCollectionService: stats => 1688574577925,-365,3956
07-05 18:29:37.943 24787 24885 I BatteryMgr:DataCollectionService: stats => 1688574577943,-365,3956
07-05 18:29:37.961 24787 24885 I BatteryMgr:DataCollectionService: stats => 1688574577960,-365,3956
07-05 18:29:37.979 24787 24885 I BatteryMgr:DataCollectionService: stats => 1688574577979,-365,3956
07-05 18:29:37.997 24787 24885 I BatteryMgr:DataCollectionService: stats => 1688574577997,-365,3956
07-05 18:29:38.015 24787 24885 I BatteryMgr:DataCollectionService: stats => 1688574578015,-365,3956
07-05 18:29:38.033 24787 24885 I BatteryMgr:DataCollectionService: stats => 1688574578033,-365,3956
07-05 18:29:38.051 24787 24885 I BatteryMgr:DataCollectionService: stats => 1688574578051,-365,3956
07-05 18:29:38.068 24787 24885 I BatteryMgr:DataCollectionService: stats => 1688574578068,-365,3956
07-05 18:29:38.086 24787 24885 I BatteryMgr:DataCollectionService: stats => 1688574578086,-365,3956
07-05 18:29:38.105 24787 24885 I BatteryMgr:DataCollectionService: stats => 1688574578104,-365,3956
07-05 18:29:38.122 24787 24885 I BatteryMgr:DataCollectionService: stats => 1688574578122,-365,3956
07-05 18:29:38.140 24787 24885 I BatteryMgr:DataCollectionService: stats => 1688574578140,-365,3956
07-05 18:29:38.158 24787 24885 I BatteryMgr:DataCollectionService: stats => 1688574578158,-365,3956
07-05 18:29:38.176 24787 24885 I BatteryMgr:DataCollectionService: stats => 1688574578176,-365,3956
07-05 18:29:38.195 24787 24885 I BatteryMgr:DataCollectionService: stats => 1688574578194,-365,3956
07-05 18:29:38.213 24787 24885 I BatteryMgr:DataCollectionService: stats => 1688574578212,-365,3956
07-05 18:29:38.231 24787 24885 I BatteryMgr:DataCollectionService: stats => 1688574578230,-365,3956
07-05 18:29:38.248 24787 24885 I BatteryMgr:DataCollectionService: stats => 1688574578248,-365,3956
07-05 18:29:38.266 24787 24885 I BatteryMgr:DataCollectionService: stats => 1688574578266,-365,3956
07-05 18:29:38.284 24787 24885 I BatteryMgr:DataCollectionService: stats => 1688574578284,-365,3956
07-05 18:29:38.302 24787 24885 I BatteryMgr:DataCollectionService: stats => 1688574578302,-365,3956
07-05 18:29:38.320 24787 24885 I BatteryMgr:DataCollectionService: stats => 1688574578320,-365,3956
07-05 18:29:38.338 24787 24885 I BatteryMgr:DataCollectionService: stats => 1688574578337,-365,3956
07-05 18:29:38.355 24787 24885 I BatteryMgr:DataCollectionService: stats => 1688574578355,-365,3956
07-05 18:29:38.373 24787 24885 I BatteryMgr:DataCollectionService: stats => 1688574578373,-365,3956
07-05 18:29:38.391 24787 24885 I BatteryMgr:DataCollectionService: stats => 1688574578391,-365,3956
07-05 18:29:38.409 24787 24885 I BatteryMgr:DataCollectionService: stats => 1688574578409,-101,3956
07-05 18:29:38.426 24787 24885 I BatteryMgr:DataCollectionService: stats => 1688574578426,-101,3956
07-05 18:29:38.446 24787 24885 I BatteryMgr:DataCollectionService: stats => 1688574578445,-101,3956
07-05 18:29:38.462 24787 24885 I BatteryMgr:DataCollectionService: stats => 1688574578462,-101,3956
07-05 18:29:38.477 24787 24885 I BatteryMgr:DataCollectionService: stats => 1688574578477,-101,3956
07-05 18:29:38.491 24787 24885 I BatteryMgr:DataCollectionService: stats => 1688574578491,-101,3956
07-05 18:29:38.505 24787 24885 I BatteryMgr:DataCollectionService: stats => 1688574578505,-101,3956
07-05 18:29:38.523 24787 24885 I BatteryMgr:DataCollectionService: stats => 1688574578523,-101,3956
07-05 18:29:38.541 24787 24885 I BatteryMgr:DataCollectionService: stats => 1688574578540,-101,3956
07-05 18:29:38.544  3962  4464 E Watchdog: !@Sync 300 [2023-07-05 18:29:38.544]
07-05 18:29:38.555 24787 24885 I BatteryMgr:DataCollectionService: stats => 1688574578555,-101,3956
07-05 18:29:38.570 24787 24885 I BatteryMgr:DataCollectionService: stats => 1688574578570,-101,3956
07-05 18:29:38.584 24787 24885 I BatteryMgr:DataCollectionService: stats => 1688574578583,-101,3956
07-05 18:29:38.598 24787 24885 I BatteryMgr:DataCollectionService: stats => 1688574578598,-101,3956
07-05 18:29:38.611 24787 24885 I BatteryMgr:DataCollectionService: stats => 1688574578611,-101,3956
07-05 18:29:38.628 24787 24885 I BatteryMgr:DataCollectionService: stats => 1688574578628,-101,3956
07-05 18:29:38.650  3962  4590 D BatteryService: !@BatteryListener : batteryPropertiesChanged!
07-05 18:29:38.651  3962  4590 D BatteryService: level:80, scale:100, status:3, health:2, present:true, voltage: 4016, temperature: 236, technology: Li-ion, AC powered:false, USB powered:false, POGO powered:false, Wireless powered:false, icon:17303820, invalid charger:0, maxChargingCurrent:0, maxChargingVoltage:0, chargeCounter:0
07-05 18:29:38.651  3962  4590 D BatteryService: online:1, current avg:-135, charge type:0, power sharing:false, high voltage charger:false, capacity:280000, batterySWSelfDischarging:false, misc_event:0, current_event:0, current_now:-101
07-05 18:29:38.651  3962  3962 D BatteryService: Sending ACTION_BATTERY_CHANGED.
07-05 18:29:38.651 24787 24885 I BatteryMgr:DataCollectionService: stats => 1688574578651,-101,3956
07-05 18:29:38.654  3962  3962 D SamsungPhoneWindowManager: ACTION_BATTERY_CHANGED - Level :: 80, battStatus :: 3
07-05 18:29:38.654  3962  3962 I MotionRecognitionService: On Battery, 0
07-05 18:29:38.655  3962  3962 D MotionRecognitionService:   mCableConnection= 0
07-05 18:29:38.656  3962  3987 D UsbDeviceManager: handleMessage -> MSG_UPDATE_CHARGING_STATE = 0
07-05 18:29:38.657  4350  4350 D KeyguardUpdateMonitor: received broadcast android.intent.action.BATTERY_CHANGED
07-05 18:29:38.660  4350  4350 D BatteryController: onReceive-ACTION_BATTERY_CHANGED : mLevel=80, mBatteryStatus=3
07-05 18:29:38.666  4350  4350 D PowerUI : priorPlugType = 0 mPlugType =  0
07-05 18:29:38.670 24787 24885 I BatteryMgr:DataCollectionService: stats => 1688574578670,-101,4016
07-05 18:29:38.685 24787 24885 I BatteryMgr:DataCollectionService: stats => 1688574578684,-101,4016
07-05 18:29:38.699 24787 24885 I BatteryMgr:DataCollectionService: stats => 1688574578699,-101,4016
07-05 18:29:38.715 24787 24885 I BatteryMgr:DataCollectionService: stats => 1688574578715,-101,4016
07-05 18:29:38.729 24787 24885 I BatteryMgr:DataCollectionService: stats => 1688574578729,-101,4016
07-05 18:29:38.744 24787 24885 I BatteryMgr:DataCollectionService: stats => 1688574578743,-101,4016
07-05 18:29:38.758 24787 24885 I BatteryMgr:DataCollectionService: stats => 1688574578757,-101,4016
07-05 18:29:38.764  3962  4060 I TLC_TIMA_PKM_measure_kernel: TIMA: response_id = 3
07-05 18:29:38.764  3962  4060 I TLC_TIMA_PKM_measure_kernel: TIMA: response ret = 0, result_ondemand = MSG=Kernel Verification Success;
07-05 18:29:38.764  3962  4060 I TZ: mc_tlc_communication: tlc_close() was called
07-05 18:29:38.764  3962  4060 I TZ: mc_tlc_communication: Closing the session
07-05 18:29:38.765  3962  4060 I TZ: mc_tlc_communication: Freeing message buffer
07-05 18:29:38.766  3962  4060 I TZ: mc_tlc_communication: Closing MobiCore device
07-05 18:29:38.766  3962  4060 I TeeSysClient: driver closed [hardware/samsung_slsi/exynos7885/mobicore/ClientLib/src/driver.cpp:95]
07-05 18:29:38.766  3962  4060 I TZ: mc_tlc_communication: tlc_close() finished
07-05 18:29:38.771 24787 24885 I BatteryMgr:DataCollectionService: stats => 1688574578771,-101,4016
07-05 18:29:38.785 24787 24885 I BatteryMgr:DataCollectionService: stats => 1688574578785,-101,4016
07-05 18:29:38.799 24787 24885 I BatteryMgr:DataCollectionService: stats => 1688574578799,-101,4016
07-05 18:29:38.813 24787 24885 I BatteryMgr:DataCollectionService: stats => 1688574578813,-101,4016
07-05 18:29:38.829 24787 24885 I BatteryMgr:DataCollectionService: stats => 1688574578829,-101,4016
07-05 18:29:38.847 24787 24885 I BatteryMgr:DataCollectionService: stats => 1688574578847,-101,4016
07-05 18:29:38.865 24787 24885 I BatteryMgr:DataCollectionService: stats => 1688574578865,-101,4016
07-05 18:29:38.882 24787 24885 I BatteryMgr:DataCollectionService: stats => 1688574578882,-101,4016
07-05 18:29:38.900 24787 24885 I BatteryMgr:DataCollectionService: stats => 1688574578900,-101,4016
07-05 18:29:38.918 24787 24885 I BatteryMgr:DataCollectionService: stats => 1688574578918,-101,4016
07-05 18:29:38.935 24787 24885 I BatteryMgr:DataCollectionService: stats => 1688574578935,-101,4016
07-05 18:29:38.953 24787 24885 I BatteryMgr:DataCollectionService: stats => 1688574578953,-101,4016
07-05 18:29:38.971 24787 24885 I BatteryMgr:DataCollectionService: stats => 1688574578970,-101,4016
07-05 18:29:38.989 24787 24885 I BatteryMgr:DataCollectionService: stats => 1688574578988,-101,4016
07-05 18:29:39.006 24787 24885 I BatteryMgr:DataCollectionService: stats => 1688574579006,-101,4016
07-05 18:29:39.024 24787 24885 I BatteryMgr:DataCollectionService: stats => 1688574579023,-101,4016
07-05 18:29:39.042 24787 24885 I BatteryMgr:DataCollectionService: stats => 1688574579041,-101,4016
07-05 18:29:39.059 24787 24885 I BatteryMgr:DataCollectionService: stats => 1688574579059,-101,4016
07-05 18:29:39.077 24787 24885 I BatteryMgr:DataCollectionService: stats => 1688574579077,-101,4016
07-05 18:29:39.094 24787 24885 I BatteryMgr:DataCollectionService: stats => 1688574579094,-101,4016
07-05 18:29:39.112 24787 24885 I BatteryMgr:DataCollectionService: stats => 1688574579112,-101,4016
07-05 18:29:39.130 24787 24885 I BatteryMgr:DataCollectionService: stats => 1688574579130,-101,4016
07-05 18:29:39.147 24787 24885 I BatteryMgr:DataCollectionService: stats => 1688574579147,-101,4016
07-05 18:29:39.165 24787 24885 I BatteryMgr:DataCollectionService: stats => 1688574579165,-101,4016
07-05 18:29:39.183 24787 24885 I BatteryMgr:DataCollectionService: stats => 1688574579183,-101,4016
07-05 18:29:39.201 24787 24885 I BatteryMgr:DataCollectionService: stats => 1688574579201,-101,4016
07-05 18:29:39.219 24787 24885 I BatteryMgr:DataCollectionService: stats => 1688574579219,-101,4016
07-05 18:29:39.237 24787 24885 I BatteryMgr:DataCollectionService: stats => 1688574579237,-101,4016
07-05 18:29:39.255 24787 24885 I BatteryMgr:DataCollectionService: stats => 1688574579255,-101,4016
07-05 18:29:39.272 24787 24885 I BatteryMgr:DataCollectionService: stats => 1688574579272,-101,4016
07-05 18:29:39.290 24787 24885 I BatteryMgr:DataCollectionService: stats => 1688574579289,-101,4016
07-05 18:29:39.307 24787 24885 I BatteryMgr:DataCollectionService: stats => 1688574579307,-101,4016
07-05 18:29:39.325 24787 24885 I BatteryMgr:DataCollectionService: stats => 1688574579325,-101,4016
07-05 18:29:39.343 24787 24885 I BatteryMgr:DataCollectionService: stats => 1688574579343,-101,4016
07-05 18:29:39.360 24787 24885 I BatteryMgr:DataCollectionService: stats => 1688574579360,-101,4016
07-05 18:29:39.378 24787 24885 I BatteryMgr:DataCollectionService: stats => 1688574579378,-101,4016
07-05 18:29:39.396 24787 24885 I BatteryMgr:DataCollectionService: stats => 1688574579396,-101,4016
07-05 18:29:39.414 24787 24885 I BatteryMgr:DataCollectionService: stats => 1688574579413,-101,4016
07-05 18:29:39.431 24787 24885 I BatteryMgr:DataCollectionService: stats => 1688574579431,-101,4016
07-05 18:29:39.449 24787 24885 I BatteryMgr:DataCollectionService: stats => 1688574579449,-101,4016
07-05 18:29:39.467 24787 24885 I BatteryMgr:DataCollectionService: stats => 1688574579466,-101,4016
07-05 18:29:39.484 24787 24885 I BatteryMgr:DataCollectionService: stats => 1688574579484,-101,4016
07-05 18:29:39.502 24787 24885 I BatteryMgr:DataCollectionService: stats => 1688574579502,-101,4016
07-05 18:29:39.520 24787 24885 I BatteryMgr:DataCollectionService: stats => 1688574579519,-101,4016
07-05 18:29:39.537 24787 24885 I BatteryMgr:DataCollectionService: stats => 1688574579537,-101,4016
07-05 18:29:39.555 24787 24885 I BatteryMgr:DataCollectionService: stats => 1688574579555,-101,4016
07-05 18:29:39.573 24787 24885 I BatteryMgr:DataCollectionService: stats => 1688574579573,-101,4016
07-05 18:29:39.591 24787 24885 I BatteryMgr:DataCollectionService: stats => 1688574579590,-101,4016
07-05 18:29:39.608 24787 24885 I BatteryMgr:DataCollectionService: stats => 1688574579608,-101,4016
07-05 18:29:39.626 24787 24885 I BatteryMgr:DataCollectionService: stats => 1688574579626,-101,4016
07-05 18:29:39.643 24787 24885 I BatteryMgr:DataCollectionService: stats => 1688574579643,-101,4016
07-05 18:29:39.661 24787 24885 I BatteryMgr:DataCollectionService: stats => 1688574579661,-101,4016
07-05 18:29:39.678 24787 24885 I BatteryMgr:DataCollectionService: stats => 1688574579678,-101,4016
07-05 18:29:39.696 24787 24885 I BatteryMgr:DataCollectionService: stats => 1688574579696,-101,4016
07-05 18:29:39.714 24787 24885 I BatteryMgr:DataCollectionService: stats => 1688574579714,-101,4016
07-05 18:29:39.732 24787 24885 I BatteryMgr:DataCollectionService: stats => 1688574579732,-101,4016
07-05 18:29:39.750 24787 24885 I BatteryMgr:DataCollectionService: stats => 1688574579750,-101,4016
07-05 18:29:39.767 24787 24885 I BatteryMgr:DataCollectionService: stats => 1688574579767,-101,4016
07-05 18:29:39.785 24787 24885 I BatteryMgr:DataCollectionService: stats => 1688574579785,-101,4016
07-05 18:29:39.802 24787 24885 I BatteryMgr:DataCollectionService: stats => 1688574579802,-101,4016
