--------- beginning of system
07-12 23:51:38.394  4948  4948 D io_stats: !@ 179,0 r 378546 12872528 w 197202 2743464 d 15666 794476 f 38728 40461 iot 239348 209604 th 51200 0 0 pt 0 inp 0 0 44409.706
--------- beginning of main
07-12 23:51:38.394 11379 11379 E adbd    : recv: OPEN 00000845 00000000 0042:73 68 65 6C 6C 2C 76 32 2C 54 45 52 4D 3D 78 74 65 72 6D 2D 32 35 36 63 6F 6C 6F 72 2C 72 61 77 3A 67 65 74 70 72 6F 70 20 72 6F 2E 62 75 69 6C 64 2E 76 65 72 73 69 6F 6E 2E 72 65 6C 65 61 73 65 00 
07-12 23:51:38.394 11379 11379 E adbd    : service_to_fd: shell,v2,TERM=xterm-256color,raw:getprop ro.build.version.release
07-12 23:51:38.477 11379 11379 E adbd    : recv: OPEN 00000848 00000000 003e:73 68 65 6C 6C 2C 76 32 2C 54 45 52 4D 3D 78 74 65 72 6D 2D 32 35 36 63 6F 6C 6F 72 2C 72 61 77 3A 67 65 74 70 72 6F 70 20 72 6F 2E 62 75 69 6C 64 2E 76 65 72 73 69 6F 6E 2E 73 64 6B 00 
07-12 23:51:38.477 11379 11379 E adbd    : service_to_fd: shell,v2,TERM=xterm-256color,raw:getprop ro.build.version.sdk
07-12 23:51:38.574 11379 11379 E adbd    : recv: OPEN 0000084b 00000000 00c4:73 68 65 6C 6C 2C 76 32 2C 54 45 52 4D 3D 78 74 65 72 6D 2D 32 35 36 63 6F 6C 6F 72 2C 72 61 77 3A 61 6D 20 73 74 61 72 74 20 2D 6E 20 22 63 6F 6D 2E 65 78 61 6D 70 6C 65 2E 62 61 74 74 65 72 79 6D 61 6E 61 67 65 72 5F 75 74 69 6C 69 74 79 2F 63 6F 6D 2E 65 78 61 6D 70 6C 65 2E 62 61 74 74 65 72 79 6D 61 6E 61 67 65 72 5F 75 74 69 6C 69 74 79 2E 4D 61 69 6E 41 63 74 69 76 69 74 79 22 20 2D 61 20 61 6E 64 72 6F 69 64 2E 69 6E 74 65 6E 74 2E 61 63 74 69 6F 6E 2E 4D 41 49 4E 20 2D 63 20 61 6E 64 72 6F 69 64 2E 69 6E 74 65 6E 74 2E 63 61 74 65 67 6F 72 79 2E 4C 41 55 4E 43 48 45 52 00 
07-12 23:51:38.574 11379 11379 E adbd    : service_to_fd: shell,v2,TERM=xterm-256color,raw:am start -n "com.example.batterymanager_utility/com.example.batterymanager_utility.MainActivity" -a android.intent.action.MAIN -c android.intent.category.LAUNCHER
07-12 23:51:38.610  4727  8253 E memtrack: Couldn't load memtrack module
07-12 23:51:38.610  4727  8253 W android.os.Debug: failed to get memory consumption info: -1
07-12 23:51:38.636  3957  5424 I ActivityManager: START u0 {act=android.intent.action.MAIN typ=null flg=0x10000000 cmp=ComponentInfo{com.example.batterymanager_utility/com.example.batterymanager_utility.MainActivity}} from uid 2000
07-12 23:51:38.638  3957  5424 D CustomFrequencyManagerService: acquireDVFSLockLocked : type : DVFS_MIN_LIMIT  frequency : 1560000  uid : 1000  pid : 3957  pkgName : AMS_APP_SWITCH@CPU_MIN@15
07-12 23:51:38.638  3957  5424 D ActivityManagerPerformance: AMP_acquire() APP_SWITCH
07-12 23:51:38.639  3957  4991 D ActivityManagerPerformance: Received MSG_CFMS_HINT_AMS_SWITCH pkgName: com.example.batterymanager_utility
07-12 23:51:38.639  3957  6834 D TelephonyManager: getAllCellInfo : Caller (PID / UID / TID): 3957 / 1000 / 6834
07-12 23:51:38.643  5317  5317 V Launcher: Launcher.onPause()
07-12 23:51:38.644  5317  5317 D Launcher: setHotWordDetection : call requestHotWordDetection false
07-12 23:51:38.646  3957  3957 D MdnieScenarioControlService: Listener Real Multi Window State : false
07-12 23:51:38.650  3957  4026 D ViewRootImpl@2f5b240[batterymanager_utility]: setView = DecorView@45cb2be[batterymanager_utility] TM=true MM=false
07-12 23:51:38.651  3957 12120 D ActivityManager: isScaleDownAnimationEnabled() : false
07-12 23:51:38.651  3957 12120 D StorageManagerService: getExternalStorageMountMode : 3
07-12 23:51:38.652  3957 12120 D StorageManagerService: getExternalStorageMountMode : 3
07-12 23:51:38.652  3957 12120 D StorageManagerService: getExternalStorageMountMode : final mountMode=3, uid : 10168, packageName : com.example.batterymanager_utility
07-12 23:51:38.652  3957 12120 I ApplicationPolicy: isApplicationExternalStorageWhitelisted:com.example.batterymanager_utility user:0
07-12 23:51:38.652  3957 12120 D ApplicationPolicy: isApplicationExternalStorageWhitelisted: DO is not enabled on user 0. Allowed.
07-12 23:51:38.652  3957 12120 D ActivityManager: package  com.example.batterymanager_utility, user - 0 is SDcard whitelisted
07-12 23:51:38.652  3957 12120 I ApplicationPolicy: isApplicationExternalStorageBlacklisted:com.example.batterymanager_utility user:0
07-12 23:51:38.652  3957 12120 D ApplicationPolicy: isApplicationExternalStorageBlacklisted: DO is not enabled on user 0. Allowed.
07-12 23:51:38.662  3957 12120 I ActivityManager: Start proc 12605:com.example.batterymanager_utility/u0a168 for activity com.example.batterymanager_utility/.MainActivity
07-12 23:51:38.664  3957  4026 D ViewRootImpl@2f5b240[batterymanager_utility]: dispatchAttachedToWindow
07-12 23:51:38.665 12605 12605 E Zygote  : isWhitelistProcess - Process is Whitelisted
07-12 23:51:38.665 12605 12605 E libpersona: scanKnoxPersonas
07-12 23:51:38.665 12605 12605 E libpersona: Couldn't open the File - /data/system/users/0/personalist.xml - No such file or directory
07-12 23:51:38.666  3957  4026 V WindowManager: Relayout Window{c6c9579 u0 Splash Screen com.example.batterymanager_utility}: viewVisibility=0 req=719x1237 WM.LayoutParams{(0,0)(fillxfill) sim=#20 ty=3 fl=#81830118 pfl=0x20011 wanim=0x10302fd vsysui=0x600 needsMenuKey=2 colorMode=0 naviIconColor=0}
07-12 23:51:38.667 12605 12605 W SELinux : SELinux selinux_android_compute_policy_index : Policy Index[2],  Con:u:r:zygote:s0 RAM:SEPF_SM-J720F_8.0.0_0002, [-1 -1 -1 -1 0 1]
07-12 23:51:38.668  5179  5179 I GsaVoiceInteractionSrv: Handling ACTION_STOP_HOTWORD
07-12 23:51:38.668  5179  5463 I HwDetectorWithState: (REDACTED) a: %d
07-12 23:51:38.668  4342  4342 D WallpaperService: updateSurface forceRelayout=true redrawNeeded=false myWidth=1280 myHeight=1280 fixedSize=true x = 0 y = 0 mWidth=1280 mHeight=1280 mIsSleepMode=false
07-12 23:51:38.668 12605 12605 I SELinux : SELinux: seapp_context_lookup: seinfo=untrusted, level=s0:c512,c768, pkgname=com.example.batterymanager_utility 
07-12 23:51:38.669  3446  3446 I SurfaceFlinger: id=1754 createSurf (720x1280),1 flag=404, Splash Screen com.example.batterymanager_utility#0
07-12 23:51:38.670  3957  4026 V Surface : sf_framedrop debug : 0x4f4c, game : false, logging : 0
07-12 23:51:38.671  3957  4026 V WindowManager: rotationForOrientationLw(orient=-1, last=0); user=0  sensorRotation=-1 mLidState=-1 mDockMode=0 mHdmiPlugged=false
07-12 23:51:38.672 12605 12605 I zygote64: Late-enabling -Xcheck:jni
07-12 23:51:38.673  3957  4026 D InputDispatcher: Focus left window: 5317
07-12 23:51:38.674  3957  4026 D ViewRootImpl@2f5b240[batterymanager_utility]: Relayout returned: old=[0,0][0,0] new=[0,0][720,1280] result=0x7 surface={valid=true 533054193664} changed=true
07-12 23:51:38.675  3957  4026 D ViewRootImpl@2f5b240[batterymanager_utility]: MSG_RESIZED_REPORT: frame=Rect(0, 0 - 720, 1280) ci=Rect(0, 42 - 0, 0) vi=Rect(0, 42 - 0, 0) or=1
07-12 23:51:38.675  3957  4557 V WindowManager: Relayout Window{c0e51bc u0 com.android.systemui.ImageWallpaper}: viewVisibility=0 req=1280x1280 WM.LayoutParams{(0,0)(1280x1280) gr=#800033 ty=2013 fl=#10318 fmt=2 wanim=0x103030e colorMode=0 naviIconColor=0}
07-12 23:51:38.678  5317  5317 D ViewRootImpl@a25b9b8[LauncherActivity]: MSG_WINDOW_FOCUS_CHANGED 0
07-12 23:51:38.680  4342  4342 D ImageWallpaper: onOffsetsChanged: xOffset=0.0, yOffset=0.0, xOffsetStep=0.0, yOffsetStep=0.0, xPixels=0, yPixels=0
07-12 23:51:38.682  4342  4342 D ImageWallpaper: newRotation : 0,mLastRotation : 0
07-12 23:51:38.682  4342  4342 D ImageWallpaper: drawFrame:[frame.width()]1280[frame.height()]1280
07-12 23:51:38.682  4342  4342 D ImageWallpaper: surfaceDimensionsChanged=false mDisplayWidth=720 mDisplayHeight=1280
07-12 23:51:38.682  4342  4342 D ImageWallpaper: redrawNeeded = false, mOffsetsChanged = false
07-12 23:51:38.682  4342  4342 D ImageWallpaper: Suppressed drawFrame since redraw is not needed and offsets have not changed.
07-12 23:51:38.687 11379 11379 E adbd    : recv: OPEN 0000084e 00000000 003c:73 68 65 6C 6C 2C 76 32 2C 54 45 52 4D 3D 78 74 65 72 6D 2D 32 35 36 63 6F 6C 6F 72 2C 72 61 77 3A 6D 6F 6E 6B 65 79 20 2D 70 20 65 2E 77 77 77 2E 62 61 73 65 6C 69 6E 65 20 31 00 
07-12 23:51:38.688 11379 11379 E adbd    : service_to_fd: shell,v2,TERM=xterm-256color,raw:monkey -p e.www.baseline 1
07-12 23:51:38.688  3957  4026 V WindowManager: finishDrawingLocked: mDrawState=COMMIT_DRAW_PENDING Window{c6c9579 u0 Splash Screen com.example.batterymanager_utility} in Surface(name=Splash Screen com.example.batterymanager_utility)
07-12 23:51:38.715 12605 12605 D TimaKeyStoreProvider: TimaKeyStore is not enabled: cannot add TimaSignature Service and generateKeyPair Service
07-12 23:51:38.715 12605 12605 D ActivityThread: Added TimaKeyStore provider
07-12 23:51:38.719  3957  4557 I ActivityManager: DSS on for com.example.batterymanager_utility and scale is 1.0
07-12 23:51:38.728  3957  4557 D PersonaManagerService: Current focused persona service handled id set to : 0
07-12 23:51:38.728  3957  4557 D InputDispatcher: Focused application set to: xxxx
07-12 23:51:38.730  3957  4557 D MARsPolicyManager: onPackageResumedFG pkgName = com.example.batterymanager_utility, userId = 0
07-12 23:51:38.730  3957  4216 D GameManagerService: handleForegroundChange(). pkgName: com.example.batterymanager_utility, clsName: com.example.batterymanager_utility.MainActivity,FgActivityName:com.example.batterymanager_utility/.MainActivity
07-12 23:51:38.730  3957  4216 D GameManagerService: sem_perfomance_mode: 3
07-12 23:51:38.730  3957  4216 D GameManagerService: notifyResumePause(). pkg: com.example.batterymanager_utility, type: 4, isMinimized: false, isTunableApp: false
07-12 23:51:38.730  3957  4216 D GameManagerService:   notifyResumePause(). unexpected mPrevNotiType: -1
07-12 23:51:38.734  3957  4557 D SamsungAnimationCreator: createAnimation type:LowEnd transit:12 enter:false wallpaperXoffset:-280 split:false fixedOri:false
07-12 23:51:38.734  3957  4557 D SamsungAnimationCreator: createAnimation displayFrame:Rect(0, 0 - 720, 1280) frame:null insets:null
07-12 23:51:38.740  3957  6834 D GamePkgDataHelper: getGamePkgDataIncServer(). com.example.batterymanager_utility
07-12 23:51:38.740  3957  6834 D GamePkgDataHelper: getSosPolicy(). com.example.batterymanager_utility
07-12 23:51:38.741  3957  6834 D GameManagerService: identifyGamePackage. com.example.batterymanager_utility
07-12 23:51:38.741  3957  6834 D GamePkgDataHelper: getGamePkgData(). com.example.batterymanager_utility
07-12 23:51:38.742  3957  6834 D GameManagerService: identifyGamePackage. com.example.batterymanager_utility
07-12 23:51:38.742  3957  6834 D GamePkgDataHelper: getGamePkgData(). com.example.batterymanager_utility
07-12 23:51:38.744  3957  6834 D GameManagerService: identifyGamePackage. com.example.batterymanager_utility
07-12 23:51:38.744  3957  6834 D GamePkgDataHelper: getGamePkgData(). com.example.batterymanager_utility
07-12 23:51:38.747  3957  6834 D GameManagerService: identifyGamePackage. com.example.batterymanager_utility
07-12 23:51:38.747  3957  6834 D GamePkgDataHelper: getGamePkgData(). com.example.batterymanager_utility
07-12 23:51:38.748  5317  5317 I Launcher: onWindowVisibilityChanged : false
07-12 23:51:38.749  3957  3976 D WindowManager: set systemUiVisibility : systemUiFlags= 0x608 fullscreenStackSysUiFlags= 0x0
07-12 23:51:38.751  3957  4557 D WindowManager: adjustSystemUiVisibilityLw : vis= 0x608
07-12 23:51:38.752  5317  5585 D OpenGLRenderer: eglDestroySurface = 0x7c49264500
07-12 23:51:38.753  3957  4557 V WindowManager: Relayout Window{133abb3 u0 com.sec.android.app.launcher/com.sec.android.app.launcher.activities.LauncherActivity}: viewVisibility=8 req=720x1280 WM.LayoutParams{(0,0)(fillxfill) sim=#130 ty=1 fl=#81910d00 pfl=0x20000 fmt=-2 wanim=0x10302ea vsysui=0x700 needsMenuKey=2 colorMode=0 naviIconColor=0}
07-12 23:51:38.757  5317  5317 D ViewRootImpl@a25b9b8[LauncherActivity]: Relayout returned: old=[0,0][720,1280] new=[0,0][720,1280] result=0x5 surface={valid=false 0} changed=true
07-12 23:51:38.758 12605 12605 I zygote64: no shared libraies, dex_files: 1
07-12 23:51:38.771  4342 10228 D SystemServicesProxy: updateOverviewLastStackActiveTimeAsync: newTime=1689197402820
07-12 23:51:38.772  3957  4557 D SecContentProvider: query(), uri = 17 selection = isSettingsChangesAllowed
07-12 23:51:38.773  3957  4557 D SecContentProvider: called from android.uid.systemui:10009
07-12 23:51:38.773  4342  4554 D SystemServicesProxy: updateOverviewLastStackActiveTimeAsync: done.
07-12 23:51:38.789 12605 12605 I BatteryMgr:App: creating notification channel
07-12 23:51:38.834  3446  3446 I SurfaceFlinger: Display 0 HWC layers:
07-12 23:51:38.834  3446  3446 I SurfaceFlinger:     type    |    handle    | flag |  format   |   source crop (l,t,r,b)    |         frame       | name 
07-12 23:51:38.834  3446  3446 I SurfaceFlinger: ------------+--------------+------+-----------+----------------------------+---------------------+------
07-12 23:51:38.834  3446  3446 I SurfaceFlinger:      Device | 0x72bdc24300 | 0002 | RGBx_8888 | 280.0    0.0 1000.0 1280.0 |    0    0  720 1280 | com.android.systemui.ImageWallpaper#0
07-12 23:51:38.834  3446  3446 I SurfaceFlinger:      Device | 0x72b9d8d080 | 0000 | RGBA_8888 |  21.0   37.0  700.0 1244.0 |    0    0  720 1280 | com.sec.android.app.launcher/com.sec[...]uncher.activities.LauncherActivity#0
07-12 23:51:38.834  3446  3446 I SurfaceFlinger:      Device | 0x72be272f40 | 0002 | RGBA_8888 |   0.0    0.0  720.0 1280.0 |  133  236  588 1044 | Splash Screen com.example.batterymanager_utility#0
07-12 23:51:38.834  3446  3446 I SurfaceFlinger:      Device | 0x72b78c57c0 | 0000 | RGBA_8888 |   0.0    0.0  720.0   42.0 |    0    0  720   42 | StatusBar#0
07-12 23:51:38.834  3446  3446 I SurfaceFlinger: 
07-12 23:51:38.871  3957  4086 D MdnieScenarioControlService:  packageName : com.example.batterymanager_utility    className : com.example.batterymanager_utility.MainActivity
07-12 23:51:38.872  3957  4086 V MdnieScenarioControlService: setUIMode from UI function(3)
07-12 23:51:38.882 12605 12625 D OpenGLRenderer: HWUI GL Pipeline
07-12 23:51:38.890 12605 12605 D ViewRootImpl@5d8d217[MainActivity]: setView = DecorView@21ea604[MainActivity] TM=true MM=false
07-12 23:51:38.892  3957  5424 D ActivityManager: post active user change for 0 fullscreen true isHomeActivity() false
07-12 23:51:38.960  3957  4557 D BatteryService: !@BatteryListener : batteryPropertiesChanged!
07-12 23:51:38.960  3957  4557 D BatteryService: level:85, scale:100, status:3, health:2, present:true, voltage: 4048, temperature: 279, technology: Li-ion, AC powered:false, USB powered:false, POGO powered:false, Wireless powered:false, icon:17303820, invalid charger:0, maxChargingCurrent:0, maxChargingVoltage:0, chargeCounter:0
07-12 23:51:38.961  3957  4557 D BatteryService: online:1, current avg:-136, charge type:0, power sharing:false, high voltage charger:false, capacity:280000, batterySWSelfDischarging:false, misc_event:0, current_event:0, current_now:-263
07-12 23:51:38.961  3957  3957 D BatteryService: Sending ACTION_BATTERY_CHANGED.
07-12 23:51:38.962  3957  3957 D SamsungPhoneWindowManager: ACTION_BATTERY_CHANGED - Level :: 85, battStatus :: 3
07-12 23:51:38.963  3957  3957 I MotionRecognitionService: On Battery, 0
07-12 23:51:38.963  3957  3957 D MotionRecognitionService:   mCableConnection= 0
07-12 23:51:38.964  3957  3982 D UsbDeviceManager: handleMessage -> MSG_UPDATE_CHARGING_STATE = 0
07-12 23:51:38.964  4342  4342 D KeyguardUpdateMonitor: received broadcast android.intent.action.BATTERY_CHANGED
07-12 23:51:38.965  4342  4342 D BatteryController: onReceive-ACTION_BATTERY_CHANGED : mLevel=85, mBatteryStatus=3
07-12 23:51:38.968  4342  4342 D PowerUI : priorPlugType = 0 mPlugType =  0
07-12 23:51:39.055 12605 12605 W zygote64: Class androidx.compose.runtime.snapshots.SnapshotStateList failed lock verification and will run slower.
07-12 23:51:39.055 12605 12605 W zygote64: Common causes for lock verification issues are non-optimized dex code
07-12 23:51:39.055 12605 12605 W zygote64: and incorrect proguard optimizations.
07-12 23:51:39.163 12610 12610 W ADebug  : Failed to get property persist.sys.media.traces
07-12 23:51:39.167 12610 12610 E appproc : Enhanced Zygote ASLR: ro.knox.enhance.zygote.aslr != 1. Enhanced Zygote ASLR is DISABLED!
07-12 23:51:39.167 12610 12610 D AndroidRuntime: >>>>>> START com.android.internal.os.RuntimeInit uid 2000 <<<<<<
07-12 23:51:39.168 12605 12612 I zygote64: Do partial code cache collection, code=30KB, data=21KB
07-12 23:51:39.169 12605 12612 I zygote64: After code cache collection, code=30KB, data=21KB
07-12 23:51:39.169 12605 12612 I zygote64: Increasing code cache capacity to 128KB
07-12 23:51:39.170 12610 12610 D SecNativeFeatureCppIf: encoded
07-12 23:51:39.171 12610 12610 D SecNativeFeatureCppIf: decoding and unzip finish
07-12 23:51:39.171 12610 12610 D SecNativeFeatureCppIf: use unCompDataBuff. encoded
07-12 23:51:39.171 12610 12610 D SecNativeFeatureCppIf: Free unCompDataBuff
07-12 23:51:39.171 12610 12610 D SecNativeFeatureCppIf: encoded
07-12 23:51:39.171 12610 12610 D SecNativeFeatureCppIf: decoding and unzip finish
07-12 23:51:39.171 12610 12610 D SecNativeFeatureCppIf: use unCompDataBuff. encoded
07-12 23:51:39.171 12610 12610 D SecNativeFeatureCppIf: Free unCompDataBuff
07-12 23:51:39.171 12610 12610 D SecNativeFeatureCppIf: encoded
07-12 23:51:39.171 12610 12610 D SecNativeFeatureCppIf: decoding and unzip finish
07-12 23:51:39.171 12610 12610 D SecNativeFeatureCppIf: use unCompDataBuff. encoded
07-12 23:51:39.171 12610 12610 D SecNativeFeatureCppIf: Free unCompDataBuff
07-12 23:51:39.171 12610 12610 D SecNativeFeatureCppIf: encoded
07-12 23:51:39.172 12610 12610 D SecNativeFeatureCppIf: decoding and unzip finish
07-12 23:51:39.172 12610 12610 D SecNativeFeatureCppIf: use unCompDataBuff. encoded
07-12 23:51:39.172 12610 12610 D SecNativeFeatureCppIf: Free unCompDataBuff
07-12 23:51:39.185  3446  3446 I SurfaceFlinger: Display 0 HWC layers:
07-12 23:51:39.185  3446  3446 I SurfaceFlinger:     type    |    handle    | flag |  format   |   source crop (l,t,r,b)    |         frame       | name 
07-12 23:51:39.185  3446  3446 I SurfaceFlinger: ------------+--------------+------+-----------+----------------------------+---------------------+------
07-12 23:51:39.185  3446  3446 I SurfaceFlinger:      Device | 0x72be272f40 | 0002 | RGBA_8888 |   0.0    0.0  720.0 1280.0 |    0    0  720 1280 | Splash Screen com.example.batterymanager_utility#0
07-12 23:51:39.185  3446  3446 I SurfaceFlinger:      Device | 0x72b78c57c0 | 0000 | RGBA_8888 |   0.0    0.0  720.0   42.0 |    0    0  720   42 | StatusBar#0
07-12 23:51:39.185  3446  3446 I SurfaceFlinger: 
07-12 23:51:39.195 12605 12605 D ViewRootImpl@5d8d217[MainActivity]: dispatchAttachedToWindow
07-12 23:51:39.199  3957  4026 I WindowManager: Destroying surface Surface(name=com.sec.android.app.launcher/com.sec.android.app.launcher.activities.LauncherActivity) called by com.android.server.wm.WindowStateAnimator.destroySurface:2501 com.android.server.wm.WindowStateAnimator.destroySurfaceLocked:985 com.android.server.wm.WindowState.destroyOrSaveSurfaceUnchecked:3670 com.android.server.wm.WindowState.destroySurface:3618 com.android.server.wm.AppWindowToken.destroySurfaces:722 com.android.server.wm.AppWindowToken.destroySurfaces:706 com.android.server.wm.WindowState.onExitAnimationDone:5316 com.android.server.wm.AppWindowAnimator.stepAnimationLocked:508 
07-12 23:51:39.199  3446  4755 I SurfaceFlinger: id=1753 Removed com.sec.android.app.launcher/com.sec.android.app.launcher.activities.LauncherActivity#0 (1/4)
07-12 23:51:39.203  3446  4755 I SurfaceFlinger: id=1753 Removed com.sec.android.app.launcher/com.sec.android.app.launcher.activities.LauncherActivity#0 (-2/4)
07-12 23:51:39.204  4342 10228 D WallpaperService: dispatchAppVisibility onVisibilityChanged(): false
07-12 23:51:39.205  4342  4342 D ImageWallpaper: onVisibilityChanged: mVisible, visible=true, false
07-12 23:51:39.205  4342  4342 D ImageWallpaper: Visibility changed to visible=false
07-12 23:51:39.205  4342  4342 D WallpaperService: reportVisibility onVisibilityChanged visible: false
07-12 23:51:39.214  3446  3446 I Layer   : id=1753 onRemoved com.sec.android.app.launcher/com.sec.android.app.launcher.activities.LauncherActivity#0 
07-12 23:51:39.247  3957  4557 V WindowManager: Relayout Window{cc89b22 u0 com.example.batterymanager_utility/com.example.batterymanager_utility.MainActivity}: viewVisibility=0 req=719x1237 WM.LayoutParams{(0,0)(fillxfill) sim=#120 ty=1 fl=#81810100 pfl=0x20000 wanim=0x10302fd vsysui=0x600 needsMenuKey=2 colorMode=0 naviIconColor=0}
07-12 23:51:39.248  3446  3446 I SurfaceFlinger: id=1755 createSurf (720x1280),1 flag=404, com.example.batterymanager_utility/com.example.batterymanager_utility.MainActivity#0
07-12 23:51:39.249  3957  4557 V Surface : sf_framedrop debug : 0x4f4c, game : false, logging : 0
07-12 23:51:39.253  3957  4557 D InputDispatcher: Focus entered window: 12605
07-12 23:51:39.257 12605 12605 V Surface : sf_framedrop debug : 0x4f4c, game : false, logging : 0
07-12 23:51:39.258 12605 12605 D ViewRootImpl@5d8d217[MainActivity]: Relayout returned: old=[0,0][0,0] new=[0,0][720,1280] result=0x7 surface={valid=true 533769601024} changed=true
07-12 23:51:39.266 12605 12625 I OpenGLRenderer: Initialized EGL, version 1.4
07-12 23:51:39.266 12605 12625 D OpenGLRenderer: Swap behavior 2
07-12 23:51:39.271 12605 12625 D libGLESv1: STS_GLApi : DTS, ODTC are not allowed for Package : com.example.batterymanager_utility
07-12 23:51:39.273 12605 12625 D mali_winsys: EGLint new_window_surface(egl_winsys_display *, void *, EGLSurface, EGLConfig, egl_winsys_surface **, egl_color_buffer_format *, EGLBoolean) returns 0x3000,  [720x1280]-format:1
07-12 23:51:39.273 12605 12625 D OpenGLRenderer: eglCreateWindowSurface = 0x7c2eecf900
07-12 23:51:39.279 12605 12605 D Compose Focus: Owner FocusChanged(true)
07-12 23:51:39.293 12610 12610 D ICU     : Timezone override file found: /data/misc/zoneinfo/current/icu/icu_tzdata.dat
07-12 23:51:39.311 12610 12610 I app_process: find the special shared library, skip check
07-12 23:51:39.341 12610 12610 D SemCscFeature: Encoded
07-12 23:51:39.344 12610 12610 I chatty  : uid=2000(shell) identical 2 lines
07-12 23:51:39.345 12610 12610 D SemCscFeature: Encoded
07-12 23:51:39.347 12610 12610 E SemAffinityControl: SemAffinityControl: registerfunction enter
07-12 23:51:39.349  3957  4557 V WindowManager: finishDrawingLocked: mDrawState=COMMIT_DRAW_PENDING Window{cc89b22 u0 com.example.batterymanager_utility/com.example.batterymanager_utility.MainActivity} in Surface(name=com.example.batterymanager_utility/com.example.batterymanager_utility.MainActivity)
07-12 23:51:39.352 12605 12605 D ViewRootImpl@5d8d217[MainActivity]: MSG_RESIZED_REPORT: frame=Rect(0, 0 - 720, 1280) ci=Rect(0, 42 - 0, 0) vi=Rect(0, 42 - 0, 0) or=1
07-12 23:51:39.353 12605 12605 D ViewRootImpl@5d8d217[MainActivity]: MSG_WINDOW_FOCUS_CHANGED 1
07-12 23:51:39.353 12610 12610 D AndroidRuntime: Calling main entry com.android.commands.monkey.Monkey
07-12 23:51:39.354  3957  4026 D ViewRootImpl@2f5b240[batterymanager_utility]: dispatchDetachedFromWindow
07-12 23:51:39.355  3957  4026 D InputEventReceiver: channel 'c6c9579 Splash Screen com.example.batterymanager_utility (client)' ~ Disposing input event receiver.
07-12 23:51:39.355  3957  4026 D InputEventReceiver: channel 'c6c9579 Splash Screen com.example.batterymanager_utility (client)' ~NativeInputEventReceiver.
07-12 23:51:39.359 12605 12605 V InputMethodManager: Starting input: tba=android.view.inputmethod.EditorInfo@ac17c7b nm : com.example.batterymanager_utility ic=null
07-12 23:51:39.359 12605 12605 I InputMethodManager: startInputInner - mService.startInputOrWindowGainedFocus
07-12 23:51:39.360  3957  4557 D InputMethodManagerService: startInputOrWindowGainedFocus : windowGainedFocus 
07-12 23:51:39.360  3957  4557 D InputMethodManagerService: windowGainedFocus: destinationUserId (getCallingUid) = 0
07-12 23:51:39.360  3957  4557 D InputMethodManagerService: windowGainedFocus: currentUserId=0
07-12 23:51:39.360  3957  4557 D InputMethodManagerService: windowGainedFocus: mCurrentFocusedUserId=0
07-12 23:51:39.360  3957  4557 D InputMethodManagerService: windowGainedFocus : lock - currentUserId = 0 destinationUserId = 0
07-12 23:51:39.360  3957  4557 D InputMethodManagerService: windowGainedFocus : mCurrentFocusedUserId - 0 and mSecureKeypadEnabled - false, userSwitched - false
07-12 23:51:39.360  3957  3984 I ActivityManager: Displayed com.example.batterymanager_utility/.MainActivity: +702ms
07-12 23:51:39.360  3957  4557 V InputMethodManagerService: windowGainedFocus : reason=WINDOW_FOCUS_GAIN client=android.os.BinderProxy@edfe304 inputContext=null missingMethods= attribute=android.view.inputmethod.EditorInfo@379476e nm = com.example.batterymanager_utility controlFlags=#105 softInputMode=#120 windowFlags=#81810100
07-12 23:51:39.361  3957  4557 V InputMethodManagerService: hideCurrentInputLocked : shouldHideSoftInput is false
07-12 23:51:39.361  3957  4557 D InputMethodManagerService: isImeSwitcherDisabledPackage : false
07-12 23:51:39.361  3957  3984 D CustomFrequencyManagerService: acquireDVFSLockLocked : type : DVFS_MIN_LIMIT  frequency : 1560000  uid : 1000  pid : 3957  pkgName : AMS_RESUME_TAIL@CPU_MIN@49
07-12 23:51:39.361  3957  3984 D ActivityManagerPerformance: AMP_acquire() TAIL
07-12 23:51:39.361  3957  4557 V InputMethodManagerService: Creating new session for client ClientState{b7b1e0f uid 10168 pid 12605}
07-12 23:51:39.361  3957  3984 D CustomFrequencyManagerService: releaseDVFSLockLocked : Getting Lock type frm List : DVFS_MIN_LIMIT  frequency : 1560000  uid : 1000  pid : 3957  tag : AMS_APP_SWITCH@CPU_MIN@15
07-12 23:51:39.362  3957  3984 D ActivityManagerPerformance: AMP_release() APP_SWITCH
07-12 23:51:39.364  3957  4557 D InputMethodManagerService: setCurrentInputInfo - inputContext : null eidtorInfo : android.view.inputmethod.EditorInfo@379476e missingMethods : 0
07-12 23:51:39.365  4337  4337 I InputMethodWrapper:  call dispatchStartInputWithToken
07-12 23:51:39.365  4337  4337 I InputMethodService: dispatchStartInputWithToken
07-12 23:51:39.366  4337  4337 I SKBD    : SamsungKeypad [IMI] onStartInput - caller pid : 12605, caller uid : 10168
07-12 23:51:39.381 12605 12605 V InputMethodManager: Starting input: tba=android.view.inputmethod.EditorInfo@a71aa98 nm : com.example.batterymanager_utility ic=null
07-12 23:51:39.386  3957  3975 W BroadcastQueue: Skipping deliver [background] BroadcastRecord{3d58c2b u-1 android.net.conn.CONNECTIVITY_CHANGE} to ReceiverList{6e3f888 12610 (unknown name)/2000/u-1 remote:cee70a5}: process gone or crashing
07-12 23:51:39.388  5317  5317 D StageManager: saved stages : inStack [1] , outStack[2]
07-12 23:51:39.401  3446  3446 I SurfaceFlinger: Display 0 HWC layers:
07-12 23:51:39.401  3446  3446 I SurfaceFlinger:     type    |    handle    | flag |  format   |   source crop (l,t,r,b)    |         frame       | name 
07-12 23:51:39.401  3446  3446 I SurfaceFlinger: ------------+--------------+------+-----------+----------------------------+---------------------+------
07-12 23:51:39.401  3446  3446 I SurfaceFlinger:      Device | 0x72bdc24000 | 0002 | RGBA_8888 |   0.0    0.0  720.0 1280.0 |    0    0  720 1280 | com.example.batterymanager_utility/c[...]atterymanager_utility.MainActivity#0
07-12 23:51:39.401  3446  3446 I SurfaceFlinger:      Device | 0x72be272f40 | 0002 | RGBA_8888 |   0.0    0.0  720.0 1280.0 |    0    0  720 1280 | Splash Screen com.example.batterymanager_utility#0
07-12 23:51:39.401  3446  3446 I SurfaceFlinger:      Device | 0x72b78c57c0 | 0000 | RGBA_8888 |   0.0    0.0  720.0   42.0 |    0    0  720   42 | StatusBar#0
07-12 23:51:39.401  3446  3446 I SurfaceFlinger: 
07-12 23:51:39.408  3957  4557 I ActivityManager: START u0 {act=android.intent.action.MAIN typ=null flg=0x10200000 cmp=ComponentInfo{e.www.baseline/e.www.baseline.MainActivity}} from uid 2000
07-12 23:51:39.409  3957  4557 W Binder  : Outgoing transactions from this process must be FLAG_ONEWAY
07-12 23:51:39.409  3957  4557 W Binder  : java.lang.Throwable
07-12 23:51:39.409  3957  4557 W Binder  : 	at android.os.BinderProxy.transact(Binder.java:744)
07-12 23:51:39.409  3957  4557 W Binder  : 	at android.app.IActivityController$Stub$Proxy.activityStarting(IActivityController.java:172)
07-12 23:51:39.409  3957  4557 W Binder  : 	at com.android.server.am.ActivityStarter.startActivity(ActivityStarter.java:648)
07-12 23:51:39.409  3957  4557 W Binder  : 	at com.android.server.am.ActivityStarter.startActivityLocked(ActivityStarter.java:410)
07-12 23:51:39.409  3957  4557 W Binder  : 	at com.android.server.am.ActivityStarter.startActivityMayWait(ActivityStarter.java:1283)
07-12 23:51:39.409  3957  4557 W Binder  : 	at com.android.server.am.ActivityManagerService.startActivityAsUser(ActivityManagerService.java:6033)
07-12 23:51:39.409  3957  4557 W Binder  : 	at com.android.server.am.ActivityManagerService.startActivity(ActivityManagerService.java:5885)
07-12 23:51:39.409  3957  4557 W Binder  : 	at android.app.IActivityManager$Stub.onTransact(IActivityManager.java:121)
07-12 23:51:39.409  3957  4557 W Binder  : 	at com.android.server.am.ActivityManagerService.onTransact(ActivityManagerService.java:3861)
07-12 23:51:39.409  3957  4557 W Binder  : 	at android.os.Binder.execTransact(Binder.java:682)
07-12 23:51:39.413  3957  4557 D CustomFrequencyManagerService: acquireDVFSLockLocked : type : DVFS_MIN_LIMIT  frequency : 1560000  uid : 1000  pid : 3957  pkgName : AMS_APP_SWITCH@CPU_MIN@15
07-12 23:51:39.413  3957  4557 D ActivityManagerPerformance: AMP_acquire() APP_SWITCH
07-12 23:51:39.413  3957  4991 D ActivityManagerPerformance: Received MSG_CFMS_HINT_AMS_SWITCH pkgName: e.www.baseline
07-12 23:51:39.420  3957  4557 D ActivityManager: isScaleDownAnimationEnabled() : false
07-12 23:51:39.421  3957  4557 D StorageManagerService: getExternalStorageMountMode : 1
07-12 23:51:39.421  3957  5424 V WindowManager: rotationForOrientationLw(orient=-1, last=0); user=0  sensorRotation=-1 mLidState=-1 mDockMode=0 mHdmiPlugged=false
07-12 23:51:39.421  3957  4557 D StorageManagerService: getExternalStorageMountMode : 3
07-12 23:51:39.421  3957  4557 D StorageManagerService: getExternalStorageMountMode : final mountMode=1, uid : 10190, packageName : e.www.baseline
07-12 23:51:39.421  3957  4557 I ApplicationPolicy: isApplicationExternalStorageWhitelisted:e.www.baseline user:0
07-12 23:51:39.421  3957  4557 D ApplicationPolicy: isApplicationExternalStorageWhitelisted: DO is not enabled on user 0. Allowed.
07-12 23:51:39.421  3957  4557 D ActivityManager: package  e.www.baseline, user - 0 is SDcard whitelisted
07-12 23:51:39.421  3957  4557 I ApplicationPolicy: isApplicationExternalStorageBlacklisted:e.www.baseline user:0
07-12 23:51:39.421  3957  4557 D ApplicationPolicy: isApplicationExternalStorageBlacklisted: DO is not enabled on user 0. Allowed.
07-12 23:51:39.422  3957  5424 V WindowManager: rotationForOrientationLw(orient=-1, last=0); user=0  sensorRotation=-1 mLidState=-1 mDockMode=0 mHdmiPlugged=false
07-12 23:51:39.424  3957  4026 D ViewRootImpl@d00d6cc[baseline]: setView = DecorView@f82e82a[baseline] TM=true MM=false
07-12 23:51:39.432  3957  4026 D ViewRootImpl@d00d6cc[baseline]: dispatchAttachedToWindow
07-12 23:51:39.432  3957  4026 V WindowManager: Relayout Window{895cd15 u0 Splash Screen e.www.baseline}: viewVisibility=0 req=719x1237 WM.LayoutParams{(0,0)(fillxfill) sim=#20 ty=3 fl=#81830118 pfl=0x20011 wanim=0x10302fd vsysui=0x600 needsMenuKey=2 colorMode=0 naviIconColor=0}
07-12 23:51:39.433 12651 12651 E Zygote  : isWhitelistProcess - Process is Whitelisted
07-12 23:51:39.433 12651 12651 E libpersona: scanKnoxPersonas
07-12 23:51:39.433 12651 12651 E libpersona: Couldn't open the File - /data/system/users/0/personalist.xml - No such file or directory
07-12 23:51:39.435  3446  3446 I SurfaceFlinger: id=1756 createSurf (720x1280),1 flag=404, Splash Screen e.www.baseline#0
07-12 23:51:39.435 12651 12651 W SELinux : SELinux selinux_android_compute_policy_index : Policy Index[2],  Con:u:r:zygote:s0 RAM:SEPF_SM-J720F_8.0.0_0002, [-1 -1 -1 -1 0 1]
07-12 23:51:39.436  3957  4557 I ActivityManager: Start proc 12651:e.www.baseline/u0a190 for activity e.www.baseline/.MainActivity
07-12 23:51:39.436 12651 12651 I SELinux : SELinux: seapp_context_lookup: seinfo=untrusted, level=s0:c512,c768, pkgname=e.www.baseline 
07-12 23:51:39.436  3957  4026 V Surface : sf_framedrop debug : 0x4f4c, game : false, logging : 0
07-12 23:51:39.437 12651 12651 I zygote64: Late-enabling -Xcheck:jni
07-12 23:51:39.438  3957  4026 D ViewRootImpl@d00d6cc[baseline]: Relayout returned: old=[0,0][0,0] new=[0,0][720,1280] result=0x7 surface={valid=true 532783996928} changed=true
07-12 23:51:39.444  3957  3976 V WindowManager: rotationForOrientationLw(orient=-1, last=0); user=0  sensorRotation=-1 mLidState=-1 mDockMode=0 mHdmiPlugged=false
07-12 23:51:39.448 12610 12610 I com.android.commands.monkey: System.exit called, status: 0
07-12 23:51:39.448 12610 12610 I AndroidRuntime: VM exiting with result code 0.
07-12 23:51:39.448  3957  3976 V WindowManager: rotationForOrientationLw(orient=-1, last=0); user=0  sensorRotation=-1 mLidState=-1 mDockMode=0 mHdmiPlugged=false
07-12 23:51:39.456  3957  4026 V WindowManager: finishDrawingLocked: mDrawState=COMMIT_DRAW_PENDING Window{895cd15 u0 Splash Screen e.www.baseline} in Surface(name=Splash Screen e.www.baseline)
07-12 23:51:39.456  3957  4026 D ViewRootImpl@d00d6cc[baseline]: MSG_RESIZED_REPORT: frame=Rect(0, 0 - 720, 1280) ci=Rect(0, 42 - 0, 0) vi=Rect(0, 42 - 0, 0) or=1
07-12 23:51:39.479 12651 12651 D TimaKeyStoreProvider: TimaKeyStore is not enabled: cannot add TimaSignature Service and generateKeyPair Service
07-12 23:51:39.480 12651 12651 D ActivityThread: Added TimaKeyStore provider
07-12 23:51:39.483  3957  4557 I ActivityManager: DSS on for e.www.baseline and scale is 1.0
07-12 23:51:39.489  3957  4557 D PersonaManagerService: Current focused persona service handled id set to : 0
07-12 23:51:39.489  3957  4557 D InputDispatcher: Focused application set to: xxxx
07-12 23:51:39.489  3957  4557 D InputDispatcher: Focus left window: 12605
07-12 23:51:39.491  3957  4557 D MARsPolicyManager: onPackageResumedFG pkgName = e.www.baseline, userId = 0
07-12 23:51:39.491  3957  4216 D GameManagerService: handleForegroundChange(). pkgName: e.www.baseline, clsName: e.www.baseline.MainActivity,FgActivityName:e.www.baseline/.MainActivity
07-12 23:51:39.491  3957  4216 D GameManagerService: sem_perfomance_mode: 3
07-12 23:51:39.491  3957  4216 D GameManagerService: notifyResumePause(). pkg: e.www.baseline, type: 4, isMinimized: false, isTunableApp: false
07-12 23:51:39.491  3957  4216 D GameManagerService:   notifyResumePause(). unexpected mPrevNotiType: -1
07-12 23:51:39.499  3446  3446 V Surface : sf_framedrop debug : 0x4f4c, game : false, logging : 0
07-12 23:51:39.501 12605 12625 D OpenGLRenderer: eglDestroySurface = 0x7c2eecf900
07-12 23:51:39.512  3957  4557 D TaskSnapshotCache: putSnapshot mTaskId=575 RunningCache size=1
07-12 23:51:39.516  3446  3446 I SurfaceFlinger: id=1757 createSurf (16x16),-1 flag=20004, animation background stackId=1#0
07-12 23:51:39.516  3957  6834 D GamePkgDataHelper: getGamePkgDataIncServer(). e.www.baseline
07-12 23:51:39.516  3957  6834 D GamePkgDataHelper: getSosPolicy(). e.www.baseline
07-12 23:51:39.517  3957  6834 D GameManagerService: identifyGamePackage. e.www.baseline
07-12 23:51:39.517  3957  6834 D GamePkgDataHelper: getGamePkgData(). e.www.baseline
07-12 23:51:39.518  3957  6834 D GameManagerService: identifyGamePackage. e.www.baseline
07-12 23:51:39.518  3957  6834 D GamePkgDataHelper: getGamePkgData(). e.www.baseline
07-12 23:51:39.519  3957  6834 D GameManagerService: identifyGamePackage. e.www.baseline
07-12 23:51:39.519  3957  6834 D GamePkgDataHelper: getGamePkgData(). e.www.baseline
07-12 23:51:39.520  3957  6834 D GameManagerService: identifyGamePackage. e.www.baseline
07-12 23:51:39.520  3957  6834 D GamePkgDataHelper: getGamePkgData(). e.www.baseline
07-12 23:51:39.528 12651 12651 I zygote64: no shared libraies, dex_files: 1
07-12 23:51:39.532  3957 12120 V WindowManager: Relayout Window{cc89b22 u0 com.example.batterymanager_utility/com.example.batterymanager_utility.MainActivity}: viewVisibility=8 req=720x1280 WM.LayoutParams{(0,0)(fillxfill) sim=#120 ty=1 fl=#81810100 pfl=0x20000 wanim=0x10302fd vsysui=0x600 needsMenuKey=2 colorMode=0 naviIconColor=0}
07-12 23:51:39.534  3957  3976 D WindowManager: set systemUiVisibility : systemUiFlags= 0x608 fullscreenStackSysUiFlags= 0x0
07-12 23:51:39.535  3446  3446 I SurfaceFlinger: Display 0 HWC layers:
07-12 23:51:39.535  3446  3446 I SurfaceFlinger:     type    |    handle    | flag |  format   |   source crop (l,t,r,b)    |         frame       | name 
07-12 23:51:39.535  3446  3446 I SurfaceFlinger: ------------+--------------+------+-----------+----------------------------+---------------------+------
07-12 23:51:39.535  3446  3446 I SurfaceFlinger:      Client |              | 0000 |  Unknown  |  -0.2   -0.2   -0.8   -0.8 |    0    0  720 1280 | animation background stackId=1#0
07-12 23:51:39.535  3446  3446 I SurfaceFlinger:      Client | 0x72bdc24000 | 0002 | RGBA_8888 |   0.0    0.0  720.0 1280.0 |    0    0  720 1279 | com.example.batterymanager_utility/c[...]atterymanager_utility.MainActivity#0
07-12 23:51:39.535  3446  3446 I SurfaceFlinger:      Client | 0x72be272f40 | 0002 | RGBA_8888 |   0.0    0.0  720.0 1280.0 |    0    0  720 1279 | Splash Screen com.example.batterymanager_utility#0
07-12 23:51:39.535  3446  3446 I SurfaceFlinger:      Client | 0x72b78c57c0 | 0000 | RGBA_8888 |   0.0    0.0  720.0   42.0 |    0    0  720   42 | StatusBar#0
07-12 23:51:39.535  3446  3446 I SurfaceFlinger: 
07-12 23:51:39.539 12605 12605 D ViewRootImpl@5d8d217[MainActivity]: Relayout returned: old=[0,0][720,1280] new=[0,0][720,1280] result=0x5 surface={valid=false 0} changed=true
07-12 23:51:39.539 12605 12605 D ViewRootImpl@5d8d217[MainActivity]: MSG_WINDOW_FOCUS_CHANGED 0
07-12 23:51:39.548  3957  4026 I WindowManager: Destroying surface Surface(name=Splash Screen com.example.batterymanager_utility) called by com.android.server.wm.WindowStateAnimator.destroySurface:2501 com.android.server.wm.WindowStateAnimator.destroySurfaceLocked:985 com.android.server.wm.WindowState.destroyOrSaveSurfaceUnchecked:3670 com.android.server.wm.WindowState.destroySurface:3618 com.android.server.wm.AppWindowToken.destroySurfaces:722 com.android.server.wm.AppWindowToken.destroySurfaces:706 com.android.server.wm.WindowState.onExitAnimationDone:5316 com.android.server.wm.WindowStateAnimator.stepAnimationLocked:550 
07-12 23:51:39.548  3446  4755 I SurfaceFlinger: id=1754 Removed Splash Screen com.example.batterymanager_utility#0 (3/6)
07-12 23:51:39.551  4342  4708 D SystemServicesProxy: updateOverviewLastStackActiveTimeAsync: newTime=1689197402820
07-12 23:51:39.552  3446  3446 I SurfaceFlinger: Display 0 HWC layers:
07-12 23:51:39.552  3446  3446 I SurfaceFlinger:     type    |    handle    | flag |  format   |   source crop (l,t,r,b)    |         frame       | name 
07-12 23:51:39.552  3446  3446 I SurfaceFlinger: ------------+--------------+------+-----------+----------------------------+---------------------+------
07-12 23:51:39.552  3446  3446 I SurfaceFlinger:      Client |              | 0000 |  Unknown  |  -0.2   -0.2   -0.8   -0.8 |    0    0  720 1280 | animation background stackId=1#0
07-12 23:51:39.552  3446  3446 I SurfaceFlinger:      Client | 0x72bdc24000 | 0002 | RGBA_8888 |   0.0    0.0  720.0 1280.0 |    2    3  719 1277 | com.example.batterymanager_utility/c[...]atterymanager_utility.MainActivity#0
07-12 23:51:39.552  3446  3446 I SurfaceFlinger:      Device | 0x72b78c57c0 | 0000 | RGBA_8888 |   0.0    0.0  720.0   42.0 |    0    0  720   42 | StatusBar#0
07-12 23:51:39.552  3446  3446 I SurfaceFlinger: 
07-12 23:51:39.552  3957 12120 D SecContentProvider: query(), uri = 17 selection = isSettingsChangesAllowed
07-12 23:51:39.553  3957 12120 D SecContentProvider: called from android.uid.systemui:10009
07-12 23:51:39.553  4342  4554 D SystemServicesProxy: updateOverviewLastStackActiveTimeAsync: done.
07-12 23:51:39.555  3446  3487 I SurfaceFlinger: id=1754 Removed Splash Screen com.example.batterymanager_utility#0 (-2/6)
07-12 23:51:39.559  3957  4557 D PackageManager: getComponentMetadataForIconTray : com.example.batterymanager_utility.MainActivity does not exist in mServices
07-12 23:51:39.559  3957  4557 D PackageManager: getComponentMetadataForIconTray : com.example.batterymanager_utility.MainActivity does not exist in mProviders
07-12 23:51:39.559  3957  4557 D PackageManager: getComponentMetadataForIconTray : com.example.batterymanager_utility.MainActivity does not exist in mReceivers
07-12 23:51:39.559  4342  4708 D ApplicationPackageManager: updateItemMetaDataForFixedIconScale: package: com.example.batterymanager_utility
07-12 23:51:39.560  3957  4557 D PackageManager: getSelectedMetaData : packageName(com.example.batterymanager_utility) or Metadata strings {[Ljava.lang.String;@c3389cd}
07-12 23:51:39.560  4342  4708 I ApplicationPackageManager: load=com.example.batterymanager_utility, bg=144-144, dr=189-189, forDefault=true, density=0
07-12 23:51:39.564  4342  4708 I ApplicationPackageManager: scaled rate=0.72, size=189, alpha=54, hold=102
07-12 23:51:39.564  4342  4708 D ApplicationPackageManager: iconScale: getScale(): 0.72 getAlpha(): 54
07-12 23:51:39.564  3446  3446 I Layer   : id=1754 onRemoved Splash Screen com.example.batterymanager_utility#0 
07-12 23:51:39.570  4342  4708 I ApplicationPackageManager: load=com.example.batterymanager_utility-contain, bg=112-112, dr=189-189
07-12 23:51:39.617 12651 12651 I zygote64: Rejecting re-init on previously-failed class java.lang.Class<androidx.core.view.ViewCompat$2>: java.lang.NoClassDefFoundError: Failed resolution of: Landroid/view/View$OnUnhandledKeyEventListener;
07-12 23:51:39.617 12651 12651 I zygote64:   at void androidx.core.view.ViewCompat.setOnApplyWindowInsetsListener(android.view.View, androidx.core.view.OnApplyWindowInsetsListener) (ViewCompat.java:2436)
07-12 23:51:39.617 12651 12651 I zygote64:   at android.view.ViewGroup androidx.appcompat.app.AppCompatDelegateImpl.createSubDecor() (AppCompatDelegateImpl.java:779)
07-12 23:51:39.617 12651 12651 I zygote64:   at void androidx.appcompat.app.AppCompatDelegateImpl.ensureSubDecor() (AppCompatDelegateImpl.java:659)
07-12 23:51:39.617 12651 12651 I zygote64:   at void androidx.appcompat.app.AppCompatDelegateImpl.setContentView(int) (AppCompatDelegateImpl.java:552)
07-12 23:51:39.617 12651 12651 I zygote64:   at void androidx.appcompat.app.AppCompatActivity.setContentView(int) (AppCompatActivity.java:161)
07-12 23:51:39.617 12651 12651 I zygote64:   at void e.www.baseline.MainActivity.onCreate(android.os.Bundle) (MainActivity.kt:10)
07-12 23:51:39.617 12651 12651 I zygote64:   at void android.app.Activity.performCreate(android.os.Bundle) (Activity.java:7174)
07-12 23:51:39.617 12651 12651 I zygote64:   at void android.app.Instrumentation.callActivityOnCreate(android.app.Activity, android.os.Bundle) (Instrumentation.java:1220)
07-12 23:51:39.617 12651 12651 I zygote64:   at android.app.Activity android.app.ActivityThread.performLaunchActivity(android.app.ActivityThread$ActivityClientRecord, android.content.Intent) (ActivityThread.java:2910)
07-12 23:51:39.617 12651 12651 I zygote64:   at void android.app.ActivityThread.handleLaunchActivity(android.app.ActivityThread$ActivityClientRecord, android.content.Intent, java.lang.String) (ActivityThread.java:3032)
07-12 23:51:39.617 12651 12651 I zygote64:   at void android.app.ActivityThread.-wrap11(android.app.ActivityThread, android.app.ActivityThread$ActivityClientRecord, android.content.Intent, java.lang.String) (ActivityThread.java:-1)
07-12 23:51:39.617 12651 12651 I zygote64:   at void android.app.ActivityThread$H.handleMessage(android.os.Message) (ActivityThread.java:1696)
07-12 23:51:39.617 12651 12651 I zygote64:   at void android.os.Handler.dispatchMessage(android.os.Message) (Handler.java:105)
07-12 23:51:39.617 12651 12651 I zygote64:   at void android.os.Looper.loop() (Looper.java:164)
07-12 23:51:39.617 12651 12651 I zygote64:   at void android.app.ActivityThread.main(java.lang.String[]) (ActivityThread.java:6940)
07-12 23:51:39.617 12651 12651 I zygote64:   at java.lang.Object java.lang.reflect.Method.invoke(java.lang.Object, java.lang.Object[]) (Method.java:-2)
07-12 23:51:39.617 12651 12651 I zygote64:   at void com.android.internal.os.Zygote$MethodAndArgsCaller.run() (Zygote.java:327)
07-12 23:51:39.617 12651 12651 I zygote64:   at void com.android.internal.os.ZygoteInit.main(java.lang.String[]) (ZygoteInit.java:1374)
07-12 23:51:39.617 12651 12651 I zygote64: Caused by: java.lang.ClassNotFoundException: Didn't find class "android.view.View$OnUnhandledKeyEventListener" on path: DexPathList[[zip file "/data/app/e.www.baseline-ivmfpkbnWiQI3_CyCCC_aQ==/base.apk"],nativeLibraryDirectories=[/data/app/e.www.baseline-ivmfpkbnWiQI3_CyCCC_aQ==/lib/arm64, /system/lib64, /vendor/lib64]]
07-12 23:51:39.617 12651 12651 I zygote64:   at java.lang.Class dalvik.system.BaseDexClassLoader.findClass(java.lang.String) (BaseDexClassLoader.java:93)
07-12 23:51:39.617 12651 12651 I zygote64:   at java.lang.Class java.lang.ClassLoader.loadClass(java.lang.String, boolean) (ClassLoader.java:379)
07-12 23:51:39.617 12651 12651 I zygote64:   at java.lang.Class java.lang.ClassLoader.loadClass(java.lang.String) (ClassLoader.java:312)
07-12 23:51:39.617 12651 12651 I zygote64:   at void androidx.core.view.ViewCompat.setOnApplyWindowInsetsListener(android.view.View, androidx.core.view.OnApplyWindowInsetsListener) (ViewCompat.java:2436)
07-12 23:51:39.617 12651 12651 I zygote64:   at android.view.ViewGroup androidx.appcompat.app.AppCompatDelegateImpl.createSubDecor() (AppCompatDelegateImpl.java:779)
07-12 23:51:39.617 12651 12651 I zygote64:   at void androidx.appcompat.app.AppCompatDelegateImpl.ensureSubDecor() (AppCompatDelegateImpl.java:659)
07-12 23:51:39.617 12651 12651 I zygote64:   at void androidx.appcompat.app.AppCompatDelegateImpl.setContentView(int) (AppCompatDelegateImpl.java:552)
07-12 23:51:39.617 12651 12651 I zygote64:   at void androidx.appcompat.app.AppCompatActivity.setContentView(int) (AppCompatActivity.java:161)
07-12 23:51:39.617 12651 12651 I zygote64:   at void e.www.baseline.MainActivity.onCreate(android.os.Bundle) (MainActivity.kt:10)
07-12 23:51:39.617 12651 12651 I zygote64:   at void android.app.Activity.performCreate(android.os.Bundle) (Activity.java:7174)
07-12 23:51:39.617 12651 12651 I zygote64:   at void android.app.Instrumentation.callActivityOnCreate(android.app.Activity, android.os.Bundle) (Instrumentation.java:1220)
07-12 23:51:39.617 12651 12651 I zygote64:   at android.app.Activity android.app.ActivityThread.performLaunchActivity(android.app.ActivityThread$ActivityClientRecord, android.content.Intent) (ActivityThread.java:2910)
07-12 23:51:39.617 12651 12651 I zygote64:   at void android.app.ActivityThread.handleLaunchActivity(android.app.ActivityThread$ActivityClientRecord, android.content.Intent, java.lang.String) (ActivityThread.java:3032)
07-12 23:51:39.617 12651 12651 I zygote64:   at void android.app.ActivityThread.-wrap11(android.app.ActivityThread, android.app.ActivityThread$ActivityClientRecord, android.content.Intent, java.lang.String) (ActivityThread.java:-1)
07-12 23:51:39.617 12651 12651 I zygote64:   at void android.app.ActivityThread$H.handleMessage(android.os.Message) (ActivityThread.java:1696)
07-12 23:51:39.617 12651 12651 I zygote64:   at void android.os.Handler.dispatchMessage(android.os.Message) (Handler.java:105)
07-12 23:51:39.617 12651 12651 I zygote64:   at void android.os.Looper.loop() (Looper.java:164)
07-12 23:51:39.617 12651 12651 I zygote64:   at void android.app.ActivityThread.main(java.lang.String[]) (ActivityThread.java:6940)
07-12 23:51:39.617 12651 12651 I zygote64:   at java.lang.Object java.lang.reflect.Method.invoke(java.lang.Object, java.lang.Object[]) (Method.java:-2)
07-12 23:51:39.617 12651 12651 I zygote64:   at void com.android.internal.os.Zygote$MethodAndArgsCaller.run() (Zygote.java:327)
07-12 23:51:39.617 12651 12651 I zygote64:   at void com.android.internal.os.ZygoteInit.main(java.lang.String[]) (ZygoteInit.java:1374)
07-12 23:51:39.617 12651 12651 I zygote64: 
07-12 23:51:39.617 12651 12651 I zygote64: Rejecting re-init on previously-failed class java.lang.Class<androidx.core.view.ViewCompat$2>: java.lang.NoClassDefFoundError: Failed resolution of: Landroid/view/View$OnUnhandledKeyEventListener;
07-12 23:51:39.617 12651 12651 I zygote64:   at void androidx.core.view.ViewCompat.setOnApplyWindowInsetsListener(android.view.View, androidx.core.view.OnApplyWindowInsetsListener) (ViewCompat.java:2436)
07-12 23:51:39.617 12651 12651 I zygote64:   at android.view.ViewGroup androidx.appcompat.app.AppCompatDelegateImpl.createSubDecor() (AppCompatDelegateImpl.java:779)
07-12 23:51:39.617 12651 12651 I zygote64:   at void androidx.appcompat.app.AppCompatDelegateImpl.ensureSubDecor() (AppCompatDelegateImpl.java:659)
07-12 23:51:39.617 12651 12651 I zygote64:   at void androidx.appcompat.app.AppCompatDelegateImpl.setContentView(int) (AppCompatDelegateImpl.java:552)
07-12 23:51:39.617 12651 12651 I zygote64:   at void androidx.appcompat.app.AppCompatActivity.setContentView(int) (AppCompatActivity.java:161)
07-12 23:51:39.617 12651 12651 I zygote64:   at void e.www.baseline.MainActivity.onCreate(android.os.Bundle) (MainActivity.kt:10)
07-12 23:51:39.617 12651 12651 I zygote64:   at void android.app.Activity.performCreate(android.os.Bundle) (Activity.java:7174)
