07-03 12:25:04.695  7320  7320 I zygote64: Caused by: java.lang.ClassNotFoundException: Didn't find class "android.view.View$OnUnhandledKeyEventListener" on path: DexPathList[[zip file "/data/app/e.www.gpstest-cjoHXFnpOOCrgyL7n-x_Vg==/base.apk"],nativeLibraryDirectories=[/data/app/e.www.gpstest-cjoHXFnpOOCrgyL7n-x_Vg==/lib/arm64, /system/lib64, /vendor/lib64]]
07-03 12:25:04.695  7320  7320 I zygote64:   at java.lang.Class dalvik.system.BaseDexClassLoader.findClass(java.lang.String) (BaseDexClassLoader.java:93)
07-03 12:25:04.695  7320  7320 I zygote64:   at java.lang.Class java.lang.ClassLoader.loadClass(java.lang.String, boolean) (ClassLoader.java:379)
07-03 12:25:04.695  7320  7320 I zygote64:   at java.lang.Class java.lang.ClassLoader.loadClass(java.lang.String) (ClassLoader.java:312)
07-03 12:25:04.695  7320  7320 I zygote64:   at void androidx.core.view.ViewCompat.setOnApplyWindowInsetsListener(android.view.View, androidx.core.view.OnApplyWindowInsetsListener) (ViewCompat.java:2436)
07-03 12:25:04.695  7320  7320 I zygote64:   at android.view.ViewGroup androidx.appcompat.app.AppCompatDelegateImpl.createSubDecor() (AppCompatDelegateImpl.java:779)
07-03 12:25:04.695  7320  7320 I zygote64:   at void androidx.appcompat.app.AppCompatDelegateImpl.ensureSubDecor() (AppCompatDelegateImpl.java:659)
07-03 12:25:04.695  7320  7320 I zygote64:   at void androidx.appcompat.app.AppCompatDelegateImpl.setContentView(int) (AppCompatDelegateImpl.java:552)
07-03 12:25:04.695  7320  7320 I zygote64:   at void androidx.appcompat.app.AppCompatActivity.setContentView(int) (AppCompatActivity.java:161)
07-03 12:25:04.695  7320  7320 I zygote64:   at void e.www.gpstest.MainActivity.onCreate(android.os.Bundle) (MainActivity.kt:28)
07-03 12:25:04.695  7320  7320 I zygote64:   at void android.app.Activity.performCreate(android.os.Bundle) (Activity.java:7174)
07-03 12:25:04.695  7320  7320 I zygote64:   at void android.app.Instrumentation.callActivityOnCreate(android.app.Activity, android.os.Bundle) (Instrumentation.java:1220)
07-03 12:25:04.695  7320  7320 I zygote64:   at android.app.Activity android.app.ActivityThread.performLaunchActivity(android.app.ActivityThread$ActivityClientRecord, android.content.Intent) (ActivityThread.java:2910)
07-03 12:25:04.695  7320  7320 I zygote64:   at void android.app.ActivityThread.handleLaunchActivity(android.app.ActivityThread$ActivityClientRecord, android.content.Intent, java.lang.String) (ActivityThread.java:3032)
07-03 12:25:04.695  7320  7320 I zygote64:   at void android.app.ActivityThread.-wrap11(android.app.ActivityThread, android.app.ActivityThread$ActivityClientRecord, android.content.Intent, java.lang.String) (ActivityThread.java:-1)
07-03 12:25:04.695  7320  7320 I zygote64:   at void android.app.ActivityThread$H.handleMessage(android.os.Message) (ActivityThread.java:1696)
07-03 12:25:04.695  7320  7320 I zygote64:   at void android.os.Handler.dispatchMessage(android.os.Message) (Handler.java:105)
07-03 12:25:04.695  7320  7320 I zygote64:   at void android.os.Looper.loop() (Looper.java:164)
07-03 12:25:04.695  7320  7320 I zygote64:   at void android.app.ActivityThread.main(java.lang.String[]) (ActivityThread.java:6940)
07-03 12:25:04.695  7320  7320 I zygote64:   at java.lang.Object java.lang.reflect.Method.invoke(java.lang.Object, java.lang.Object[]) (Method.java:-2)
07-03 12:25:04.695  7320  7320 I zygote64:   at void com.android.internal.os.Zygote$MethodAndArgsCaller.run() (Zygote.java:327)
07-03 12:25:04.695  7320  7320 I zygote64:   at void com.android.internal.os.ZygoteInit.main(java.lang.String[]) (ZygoteInit.java:1374)
07-03 12:25:04.695  7320  7320 I zygote64: 
07-03 12:25:04.696  7320  7320 I zygote64: Rejecting re-init on previously-failed class java.lang.Class<androidx.core.view.ViewCompat$2>: java.lang.NoClassDefFoundError: Failed resolution of: Landroid/view/View$OnUnhandledKeyEventListener;
07-03 12:25:04.696  7320  7320 I zygote64:   at void androidx.core.view.ViewCompat.setOnApplyWindowInsetsListener(android.view.View, androidx.core.view.OnApplyWindowInsetsListener) (ViewCompat.java:2436)
07-03 12:25:04.696  7320  7320 I zygote64:   at android.view.ViewGroup androidx.appcompat.app.AppCompatDelegateImpl.createSubDecor() (AppCompatDelegateImpl.java:779)
07-03 12:25:04.696  7320  7320 I zygote64:   at void androidx.appcompat.app.AppCompatDelegateImpl.ensureSubDecor() (AppCompatDelegateImpl.java:659)
07-03 12:25:04.696  7320  7320 I zygote64:   at void androidx.appcompat.app.AppCompatDelegateImpl.setContentView(int) (AppCompatDelegateImpl.java:552)
07-03 12:25:04.696  7320  7320 I zygote64:   at void androidx.appcompat.app.AppCompatActivity.setContentView(int) (AppCompatActivity.java:161)
07-03 12:25:04.696  7320  7320 I zygote64:   at void e.www.gpstest.MainActivity.onCreate(android.os.Bundle) (MainActivity.kt:28)
07-03 12:25:04.696  7320  7320 I zygote64:   at void android.app.Activity.performCreate(android.os.Bundle) (Activity.java:7174)
07-03 12:25:04.696  7320  7320 I zygote64:   at void android.app.Instrumentation.callActivityOnCreate(android.app.Activity, android.os.Bundle) (Instrumentation.java:1220)
07-03 12:25:04.696  7320  7320 I zygote64:   at android.app.Activity android.app.ActivityThread.performLaunchActivity(android.app.ActivityThread$ActivityClientRecord, android.content.Intent) (ActivityThread.java:2910)
07-03 12:25:04.696  7320  7320 I zygote64:   at void android.app.ActivityThread.handleLaunchActivity(android.app.ActivityThread$ActivityClientRecord, android.content.Intent, java.lang.String) (ActivityThread.java:3032)
07-03 12:25:04.696  7320  7320 I zygote64:   at void android.app.ActivityThread.-wrap11(android.app.ActivityThread, android.app.ActivityThread$ActivityClientRecord, android.content.Intent, java.lang.String) (ActivityThread.java:-1)
07-03 12:25:04.696  7320  7320 I zygote64:   at void android.app.ActivityThread$H.handleMessage(android.os.Message) (ActivityThread.java:1696)
07-03 12:25:04.696  7320  7320 I zygote64:   at void android.os.Handler.dispatchMessage(android.os.Message) (Handler.java:105)
07-03 12:25:04.696  7320  7320 I zygote64:   at void android.os.Looper.loop() (Looper.java:164)
07-03 12:25:04.696  7320  7320 I zygote64:   at void android.app.ActivityThread.main(java.lang.String[]) (ActivityThread.java:6940)
07-03 12:25:04.696  7320  7320 I zygote64:   at java.lang.Object java.lang.reflect.Method.invoke(java.lang.Object, java.lang.Object[]) (Method.java:-2)
07-03 12:25:04.696  7320  7320 I zygote64:   at void com.android.internal.os.Zygote$MethodAndArgsCaller.run() (Zygote.java:327)
07-03 12:25:04.696  7320  7320 I zygote64:   at void com.android.internal.os.ZygoteInit.main(java.lang.String[]) (ZygoteInit.java:1374)
07-03 12:25:04.696  7320  7320 I zygote64: Caused by: java.lang.ClassNotFoundException: Didn't find class "android.view.View$OnUnhandledKeyEventListener" on path: DexPathList[[zip file "/data/app/e.www.gpstest-cjoHXFnpOOCrgyL7n-x_Vg==/base.apk"],nativeLibraryDirectories=[/data/app/e.www.gpstest-cjoHXFnpOOCrgyL7n-x_Vg==/lib/arm64, /system/lib64, /vendor/lib64]]
07-03 12:25:04.696  7320  7320 I zygote64:   at java.lang.Class dalvik.system.BaseDexClassLoader.findClass(java.lang.String) (BaseDexClassLoader.java:93)
07-03 12:25:04.696  7320  7320 I zygote64:   at java.lang.Class java.lang.ClassLoader.loadClass(java.lang.String, boolean) (ClassLoader.java:379)
07-03 12:25:04.696  7320  7320 I zygote64:   at java.lang.Class java.lang.ClassLoader.loadClass(java.lang.String) (ClassLoader.java:312)
07-03 12:25:04.696  7320  7320 I zygote64:   at void androidx.core.view.ViewCompat.setOnApplyWindowInsetsListener(android.view.View, androidx.core.view.OnApplyWindowInsetsListener) (ViewCompat.java:2436)
07-03 12:25:04.696  7320  7320 I zygote64:   at android.view.ViewGroup androidx.appcompat.app.AppCompatDelegateImpl.createSubDecor() (AppCompatDelegateImpl.java:779)
07-03 12:25:04.696  7320  7320 I zygote64:   at void androidx.appcompat.app.AppCompatDelegateImpl.ensureSubDecor() (AppCompatDelegateImpl.java:659)
07-03 12:25:04.696  7320  7320 I zygote64:   at void androidx.appcompat.app.AppCompatDelegateImpl.setContentView(int) (AppCompatDelegateImpl.java:552)
07-03 12:25:04.696  7320  7320 I zygote64:   at void androidx.appcompat.app.AppCompatActivity.setContentView(int) (AppCompatActivity.java:161)
07-03 12:25:04.696  7320  7320 I zygote64:   at void e.www.gpstest.MainActivity.onCreate(android.os.Bundle) (MainActivity.kt:28)
07-03 12:25:04.696  7320  7320 I zygote64:   at void android.app.Activity.performCreate(android.os.Bundle) (Activity.java:7174)
07-03 12:25:04.696  7320  7320 I zygote64:   at void android.app.Instrumentation.callActivityOnCreate(android.app.Activity, android.os.Bundle) (Instrumentation.java:1220)
07-03 12:25:04.696  7320  7320 I zygote64:   at android.app.Activity android.app.ActivityThread.performLaunchActivity(android.app.ActivityThread$ActivityClientRecord, android.content.Intent) (ActivityThread.java:2910)
07-03 12:25:04.696  7320  7320 I zygote64:   at void android.app.ActivityThread.handleLaunchActivity(android.app.ActivityThread$ActivityClientRecord, android.content.Intent, java.lang.String) (ActivityThread.java:3032)
07-03 12:25:04.696  7320  7320 I zygote64:   at void android.app.ActivityThread.-wrap11(android.app.ActivityThread, android.app.ActivityThread$ActivityClientRecord, android.content.Intent, java.lang.String) (ActivityThread.java:-1)
07-03 12:25:04.696  7320  7320 I zygote64:   at void android.app.ActivityThread$H.handleMessage(android.os.Message) (ActivityThread.java:1696)
07-03 12:25:04.696  7320  7320 I zygote64:   at void android.os.Handler.dispatchMessage(android.os.Message) (Handler.java:105)
07-03 12:25:04.696  7320  7320 I zygote64:   at void android.os.Looper.loop() (Looper.java:164)
07-03 12:25:04.696  7320  7320 I zygote64:   at void android.app.ActivityThread.main(java.lang.String[]) (ActivityThread.java:6940)
07-03 12:25:04.696  7320  7320 I zygote64:   at java.lang.Object java.lang.reflect.Method.invoke(java.lang.Object, java.lang.Object[]) (Method.java:-2)
07-03 12:25:04.696  7320  7320 I zygote64:   at void com.android.internal.os.Zygote$MethodAndArgsCaller.run() (Zygote.java:327)
07-03 12:25:04.696  7320  7320 I zygote64:   at void com.android.internal.os.ZygoteInit.main(java.lang.String[]) (ZygoteInit.java:1374)
07-03 12:25:04.696  7320  7320 I zygote64: 
07-03 12:25:04.720  4014  4141 D MdnieScenarioControlService:  packageName : e.www.gpstest    className : e.www.gpstest.MainActivity
07-03 12:25:04.720  4014  4141 V MdnieScenarioControlService: setUIMode from UI function(3)
07-03 12:25:04.748  7320  7340 D OpenGLRenderer: HWUI GL Pipeline
07-03 12:25:04.755  7320  7320 D ViewRootImpl@52f374f[MainActivity]: setView = DecorView@e0ecedc[MainActivity] TM=true MM=false
07-03 12:25:04.756  4014  6800 D ActivityManager: post active user change for 0 fullscreen true isHomeActivity() false
07-03 12:25:04.761  7320  7320 D ViewRootImpl@52f374f[MainActivity]: dispatchAttachedToWindow
07-03 12:25:04.765  4014  6800 V WindowManager: Relayout Window{b99c331 u0 e.www.gpstest/e.www.gpstest.MainActivity}: viewVisibility=0 req=719x1237 WM.LayoutParams{(0,0)(fillxfill) sim=#120 ty=1 fl=#81810100 pfl=0x20000 wanim=0x10302fd vsysui=0x600 needsMenuKey=2 colorMode=0 naviIconColor=0}
07-03 12:25:04.768  3454  3454 I SurfaceFlinger: id=559 createSurf (720x1280),1 flag=404, e.www.gpstest/e.www.gpstest.MainActivity#0
07-03 12:25:04.769  4014  6800 V Surface : sf_framedrop debug : 0x4f4c, game : false, logging : 0
07-03 12:25:04.773  6914  6957 E RequestManager_FLP: [FusedLocationApi] Location request acbf312 PRIORITY_HIGH_ACCURACY interval=1000 from e.www.gpstest
07-03 12:25:04.773  4014 12620 D PermissionMonitor: we received permission notification for rUid: 10165, rPid: 7320from rModuleFlag: 8
07-03 12:25:04.773  4014 12620 I PermissionMonitor: Binder.getCallingUid(): 5013
07-03 12:25:04.773  4014 12620 I PermissionMonitor: packageName: e.www.gpstest
07-03 12:25:04.773  4014  6800 D InputDispatcher: Focus entered window: 7320
07-03 12:25:04.774  4014 11620 D ConnectivityService: filterNetworkStateForUid() uid: 5013 networkInfo: [type: WIFI[] - WIFI, state: CONNECTED/CONNECTED, reason: (unspecified), extra: "DoodleBoodle", failover: false, available: true, roaming: false, metered: false]
07-03 12:25:04.774  4014 12620 E PermissionMonitor: Calling app is not pre-installed on system. Ignore its notification. pkgName: e.www.gpstest, UserId: 0
07-03 12:25:04.775  4014 12620 E PermissionMonitor: We found matching pid. (uid, pid) : (10165, 7320
07-03 12:25:04.775  6914  6957 D RequestManager_FLP: ProcessObserver registered
07-03 12:25:04.775  4014 12620 E PermissionMonitor:  App has at least one process in foreground. uid: 10165 pid: 7320
07-03 12:25:04.775  4014 12620 I PermissionMonitor: App is not in hidden status (background/etc). Ignore
07-03 12:25:04.776  7320  7320 V Surface : sf_framedrop debug : 0x4f4c, game : false, logging : 0
07-03 12:25:04.777  7320  7320 D ViewRootImpl@52f374f[MainActivity]: Relayout returned: old=[0,0][0,0] new=[0,0][720,1280] result=0x7 surface={valid=true 500796006400} changed=true
07-03 12:25:04.778  3454  3454 I SurfaceFlinger: Display 0 HWC layers:
07-03 12:25:04.778  3454  3454 I SurfaceFlinger:     type    |    handle    | flag |  format   |   source crop (l,t,r,b)    |         frame       | name 
07-03 12:25:04.778  3454  3454 I SurfaceFlinger: ------------+--------------+------+-----------+----------------------------+---------------------+------
07-03 12:25:04.778  3454  3454 I SurfaceFlinger:      Client |              | 0000 |  Unknown  |  -0.2   -0.2   -0.8   -0.8 |    0    0  720 1280 | animation background stackId=1#0
07-03 12:25:04.778  3454  3454 I SurfaceFlinger:      Client | 0x72e4720180 | 0002 | RGBA_8888 |   0.0    0.0  720.0 1280.0 |   16   29  703 1251 | com.example.batterymanager_utility/c[...]atterymanager_utility.MainActivity#0
07-03 12:25:04.778  3454  3454 I SurfaceFlinger:      Device | 0x72e4720d80 | 0002 | RGBA_8888 |   0.0    0.0  720.0 1022.0 |   17  305  704 1280 | Splash Screen e.www.gpstest#0
07-03 12:25:04.778  3454  3454 I SurfaceFlinger:      Device | 0x72ea824a80 | 0000 | RGBA_8888 |   0.0    0.0  720.0   42.0 |    0    0  720   42 | StatusBar#0
07-03 12:25:04.778  3454  3454 I SurfaceFlinger: 
07-03 12:25:04.782  7320  7340 I OpenGLRenderer: Initialized EGL, version 1.4
07-03 12:25:04.782  7320  7340 D OpenGLRenderer: Swap behavior 2
07-03 12:25:04.785  7320  7340 D libGLESv1: STS_GLApi : DTS, ODTC are not allowed for Package : e.www.gpstest
07-03 12:25:04.787  7320  7340 D mali_winsys: EGLint new_window_surface(egl_winsys_display *, void *, EGLSurface, EGLConfig, egl_winsys_surface **, egl_color_buffer_format *, EGLBoolean) returns 0x3000,  [720x1280]-format:1
07-03 12:25:04.787  7320  7340 D OpenGLRenderer: eglCreateWindowSurface = 0x7489750880
07-03 12:25:04.788  7320  7320 D ViewRootImpl@52f374f[MainActivity]: MSG_RESIZED_REPORT: frame=Rect(0, 0 - 720, 1280) ci=Rect(0, 42 - 0, 0) vi=Rect(0, 42 - 0, 0) or=1
07-03 12:25:04.788  7320  7320 D ViewRootImpl@52f374f[MainActivity]: MSG_WINDOW_FOCUS_CHANGED 1
07-03 12:25:04.790  7320  7320 V InputMethodManager: Starting input: tba=android.view.inputmethod.EditorInfo@8d1f96b nm : e.www.gpstest ic=null
07-03 12:25:04.790  7320  7320 I InputMethodManager: startInputInner - mService.startInputOrWindowGainedFocus
07-03 12:25:04.791  4014 11620 D InputMethodManagerService: startInputOrWindowGainedFocus : windowGainedFocus 
07-03 12:25:04.791  4014 11620 D InputMethodManagerService: windowGainedFocus: destinationUserId (getCallingUid) = 0
07-03 12:25:04.791  4014 11620 D InputMethodManagerService: windowGainedFocus: currentUserId=0
07-03 12:25:04.791  4014 11620 D InputMethodManagerService: windowGainedFocus: mCurrentFocusedUserId=0
07-03 12:25:04.791  4014 11620 D InputMethodManagerService: windowGainedFocus : lock - currentUserId = 0 destinationUserId = 0
07-03 12:25:04.791  4014 11620 D InputMethodManagerService: windowGainedFocus : mCurrentFocusedUserId - 0 and mSecureKeypadEnabled - false, userSwitched - false
07-03 12:25:04.791  4014 11620 V InputMethodManagerService: windowGainedFocus : reason=WINDOW_FOCUS_GAIN client=android.os.BinderProxy@4cf92bb inputContext=null missingMethods= attribute=android.view.inputmethod.EditorInfo@22502fa nm = e.www.gpstest controlFlags=#104 softInputMode=#120 windowFlags=#81810100
07-03 12:25:04.791  4014 11620 V InputMethodManagerService: hideCurrentInputLocked : shouldHideSoftInput is false
07-03 12:25:04.791  4014 11620 D InputMethodManagerService: isImeSwitcherDisabledPackage : false
07-03 12:25:04.792  4014 11620 V InputMethodManagerService: Creating new session for client ClientState{806a0ab uid 10165 pid 7320}
07-03 12:25:04.793  4014 11620 D InputMethodManagerService: setCurrentInputInfo - inputContext : null eidtorInfo : android.view.inputmethod.EditorInfo@22502fa missingMethods : 0
07-03 12:25:04.795  6732  6732 I InputMethodWrapper:  call dispatchStartInputWithToken
07-03 12:25:04.795  6732  6732 I InputMethodService: dispatchStartInputWithToken
07-03 12:25:04.795  6732  6732 I SKBD    : SamsungKeypad [IMI] onStartInput - caller pid : 7320, caller uid : 10165
07-03 12:25:04.809  4014 12620 V WindowManager: finishDrawingLocked: mDrawState=COMMIT_DRAW_PENDING Window{b99c331 u0 e.www.gpstest/e.www.gpstest.MainActivity} in Surface(name=e.www.gpstest/e.www.gpstest.MainActivity)
07-03 12:25:04.810  7320  7320 V InputMethodManager: Starting input: tba=android.view.inputmethod.EditorInfo@f27fcc8 nm : e.www.gpstest ic=null
07-03 12:25:04.815  4014  4105 D ViewRootImpl@9bfc0a8[gpstest]: dispatchDetachedFromWindow
07-03 12:25:04.815  4014  4105 D InputEventReceiver: channel 'd4867c1 Splash Screen e.www.gpstest (client)' ~ Disposing input event receiver.
07-03 12:25:04.815  4014  4105 D InputEventReceiver: channel 'd4867c1 Splash Screen e.www.gpstest (client)' ~NativeInputEventReceiver.
07-03 12:25:04.820  4014  4041 I ActivityManager: Displayed e.www.gpstest/.MainActivity: +329ms
07-03 12:25:04.844  3454  3454 I SurfaceFlinger: Display 0 HWC layers:
07-03 12:25:04.844  3454  3454 I SurfaceFlinger:     type    |    handle    | flag |  format   |   source crop (l,t,r,b)    |         frame       | name 
07-03 12:25:04.844  3454  3454 I SurfaceFlinger: ------------+--------------+------+-----------+----------------------------+---------------------+------
07-03 12:25:04.844  3454  3454 I SurfaceFlinger:      Client |              | 0000 |  Unknown  |  -0.2   -0.2   -0.8   -0.8 |    0    0  720 1280 | animation background stackId=1#0
07-03 12:25:04.844  3454  3454 I SurfaceFlinger:      Client | 0x72e4720180 | 0002 | RGBA_8888 |   0.0    0.0  720.0 1280.0 |   18   32  702 1248 | com.example.batterymanager_utility/c[...]atterymanager_utility.MainActivity#0
07-03 12:25:04.844  3454  3454 I SurfaceFlinger:      Device | 0x72ea825080 | 0002 | RGBA_8888 |   0.0    0.0  720.0 1166.0 |    7  138  712 1280 | e.www.gpstest/e.www.gpstest.MainActivity#0
07-03 12:25:04.844  3454  3454 I SurfaceFlinger:      Device | 0x72e4720d80 | 0002 | RGBA_8888 |   0.0    0.0  720.0 1166.0 |    7  138  712 1280 | Splash Screen e.www.gpstest#0
07-03 12:25:04.844  3454  3454 I SurfaceFlinger:      Device | 0x72ea824a80 | 0000 | RGBA_8888 |   0.0    0.0  720.0   42.0 |    0    0  720   42 | StatusBar#0
07-03 12:25:04.844  3454  3454 I SurfaceFlinger: 
07-03 12:25:04.856  4014  4105 I WindowManager: Destroying surface Surface(name=Splash Screen e.www.gpstest) called by com.android.server.wm.WindowStateAnimator.destroySurface:2501 com.android.server.wm.WindowStateAnimator.destroySurfaceLocked:985 com.android.server.wm.WindowState.destroyOrSaveSurfaceUnchecked:3670 com.android.server.wm.WindowState.destroySurface:3618 com.android.server.wm.AppWindowToken.destroySurfaces:722 com.android.server.wm.AppWindowToken.destroySurfaces:706 com.android.server.wm.WindowState.onExitAnimationDone:5316 com.android.server.wm.WindowStateAnimator.stepAnimationLocked:550 
07-03 12:25:04.857  3454  3496 I SurfaceFlinger: id=557 Removed Splash Screen e.www.gpstest#0 (5/7)
07-03 12:25:04.860  3454  3454 I SurfaceFlinger: Display 0 HWC layers:
07-03 12:25:04.860  3454  3454 I SurfaceFlinger:     type    |    handle    | flag |  format   |   source crop (l,t,r,b)    |         frame       | name 
07-03 12:25:04.860  3454  3454 I SurfaceFlinger: ------------+--------------+------+-----------+----------------------------+---------------------+------
07-03 12:25:04.860  3454  3454 I SurfaceFlinger:      Client |              | 0000 |  Unknown  |  -0.2   -0.2   -0.8   -0.8 |    0    0  720 1280 | animation background stackId=1#0
07-03 12:25:04.860  3454  3454 I SurfaceFlinger:      Client | 0x72e4720180 | 0002 | RGBA_8888 |   0.0    0.0  720.0 1280.0 |   18   32  702 1248 | com.example.batterymanager_utility/c[...]atterymanager_utility.MainActivity#0
07-03 12:25:04.860  3454  3454 I SurfaceFlinger:      Device | 0x72ea825080 | 0002 | RGBA_8888 |   0.0    0.0  720.0 1191.0 |    6  109  714 1280 | e.www.gpstest/e.www.gpstest.MainActivity#0
07-03 12:25:04.860  3454  3454 I SurfaceFlinger:      Device | 0x72ea824a80 | 0000 | RGBA_8888 |   0.0    0.0  720.0   42.0 |    0    0  720   42 | StatusBar#0
07-03 12:25:04.860  3454  3454 I SurfaceFlinger: 
07-03 12:25:04.862  3454  7398 I SurfaceFlinger: id=557 Removed Splash Screen e.www.gpstest#0 (-2/7)
07-03 12:25:04.873  3454  3454 I Layer   : id=557 onRemoved Splash Screen e.www.gpstest#0 
07-03 12:25:05.033  4014  4014 D CustomFrequencyManagerService: releaseDVFSLockLocked : Getting Lock type frm List : DVFS_MIN_LIMIT  frequency : 1560000  uid : 1000  pid : 4014  tag : AMS_RESUME_TAIL@CPU_MIN@14
07-03 12:25:05.057  4014  4105 I WindowManager: Destroying surface Surface(name=com.example.batterymanager_utility/com.example.batterymanager_utility.MainActivity) called by com.android.server.wm.WindowStateAnimator.destroySurface:2501 com.android.server.wm.WindowStateAnimator.destroySurfaceLocked:985 com.android.server.wm.WindowState.destroyOrSaveSurfaceUnchecked:3670 com.android.server.wm.WindowState.destroySurface:3618 com.android.server.wm.AppWindowToken.destroySurfaces:722 com.android.server.wm.AppWindowToken.destroySurfaces:706 com.android.server.wm.WindowState.onExitAnimationDone:5316 com.android.server.wm.WindowStateAnimator.stepAnimationLocked:550 
07-03 12:25:05.058  3454  3496 I SurfaceFlinger: id=556 Removed com.example.batterymanager_utility/com.example.batterymanager_utility.MainActivity#0 (2/6)
07-03 12:25:05.059  4014  4041 D CustomFrequencyManagerService: acquireDVFSLockLocked : type : DVFS_MIN_LIMIT  frequency : 1560000  uid : 1000  pid : 4014  pkgName : AMS_RESUME_TAIL@CPU_MIN@14
07-03 12:25:05.059  4014  4041 D ActivityManagerPerformance: AMP_acquire() TAIL
07-03 12:25:05.060  4014  4041 D CustomFrequencyManagerService: releaseDVFSLockLocked : Getting Lock type frm List : DVFS_MIN_LIMIT  frequency : 1560000  uid : 1000  pid : 4014  tag : AMS_APP_SWITCH@CPU_MIN@23
07-03 12:25:05.060  3454  3454 I SurfaceFlinger: Display 0 HWC layers:
07-03 12:25:05.060  3454  3454 I SurfaceFlinger:     type    |    handle    | flag |  format   |   source crop (l,t,r,b)    |         frame       | name 
07-03 12:25:05.060  3454  3454 I SurfaceFlinger: ------------+--------------+------+-----------+----------------------------+---------------------+------
07-03 12:25:05.060  3454  3454 I SurfaceFlinger:      Device | 0x72ea825080 | 0002 | RGBA_8888 |   0.0    0.0  720.0 1280.0 |    0    0  720 1280 | e.www.gpstest/e.www.gpstest.MainActivity#0
07-03 12:25:05.060  3454  3454 I SurfaceFlinger:      Device | 0x72ea824a80 | 0000 | RGBA_8888 |   0.0    0.0  720.0   42.0 |    0    0  720   42 | StatusBar#0
07-03 12:25:05.060  3454  3454 I SurfaceFlinger: 
07-03 12:25:05.060  4014  4041 D ActivityManagerPerformance: AMP_release() APP_SWITCH
07-03 12:25:05.062  3454  3496 I SurfaceFlinger: id=556 Removed com.example.batterymanager_utility/com.example.batterymanager_utility.MainActivity#0 (-2/6)
07-03 12:25:05.073  3454  3454 I Layer   : id=556 onRemoved com.example.batterymanager_utility/com.example.batterymanager_utility.MainActivity#0 
07-03 12:25:05.099  6914  6931 D ProcessObserver_FLP: onForegroundActivities changed, 7238/10168/false
07-03 12:25:05.099  6914  6957 D EventHandler_FLP: FOREGROUND_ACTIVITY_CHANGE
07-03 12:25:05.172  4014  6711 I OpenGLRenderer: Initialized EGL, version 1.4
07-03 12:25:05.172  4014  6711 D OpenGLRenderer: Swap behavior 2
07-03 12:25:05.230  4014  4141 D MdnieScenarioControlService:  packageName : e.www.gpstest    className : e.www.gpstest.MainActivity
07-03 12:25:05.230  4014  4141 V MdnieScenarioControlService: setUIMode from UI function(3)
07-03 12:25:05.639 32187 32187 E adbd    : recv: OPEN 000035aa 00000000 006e:73 68 65 6C 6C 2C 76 32 2C 54 45 52 4D 3D 73 63 72 65 65 6E 2C 72 61 77 3A 64 75 6D 70 73 79 73 20 61 63 74 69 76 69 74 79 20 72 65 63 65 6E 74 73 20 7C 20 67 72 65 70 20 22 52 65 63 65 6E 74 20 23 30 22 20 7C 20 63 75 74 20 2D 64 20 22 3D 22 20 2D 66 32 20 7C 20 67 72 65 70 20 2D 6F 20 2D 70 20 22 5B 61 2D 7A 7C 2E 5D 2A 22 00 
07-03 12:25:05.639 32187 32187 E adbd    : service_to_fd: shell,v2,TERM=screen,raw:dumpsys activity recents | grep "Recent #0" | cut -d "=" -f2 | grep -o -p "[a-z|.]*"
07-03 12:25:05.660  4014  4014 D CustomFrequencyManagerService: releaseDVFSLockLocked : Getting Lock type frm List : DVFS_MIN_LIMIT  frequency : 1560000  uid : 1000  pid : 4014  tag : AMS_RESUME_TAIL@CPU_MIN@14
07-03 12:25:05.732  4014  4014 D PreBindingService: handleMessage : 1
07-03 12:25:05.751 32187 32187 E adbd    : recv: OPEN 000035ad 00000000 003a:73 68 65 6C 6C 2C 76 32 2C 54 45 52 4D 3D 73 63 72 65 65 6E 2C 72 61 77 3A 67 65 74 70 72 6F 70 20 72 6F 2E 62 75 69 6C 64 2E 76 65 72 73 69 6F 6E 2E 72 65 6C 65 61 73 65 00 
07-03 12:25:05.751 32187 32187 E adbd    : service_to_fd: shell,v2,TERM=screen,raw:getprop ro.build.version.release
07-03 12:25:06.264 32187 32187 E adbd    : recv: OPEN 000035b0 00000000 0036:73 68 65 6C 6C 2C 76 32 2C 54 45 52 4D 3D 73 63 72 65 65 6E 2C 72 61 77 3A 67 65 74 70 72 6F 70 20 72 6F 2E 62 75 69 6C 64 2E 76 65 72 73 69 6F 6E 2E 73 64 6B 00 
07-03 12:25:06.264 32187 32187 E adbd    : service_to_fd: shell,v2,TERM=screen,raw:getprop ro.build.version.sdk
07-03 12:25:06.387 32187 32187 E adbd    : recv: OPEN 000035b3 00000000 003a:73 68 65 6C 6C 2C 76 32 2C 54 45 52 4D 3D 73 63 72 65 65 6E 2C 72 61 77 3A 67 65 74 70 72 6F 70 20 72 6F 2E 62 75 69 6C 64 2E 76 65 72 73 69 6F 6E 2E 72 65 6C 65 61 73 65 00 
07-03 12:25:06.387 32187 32187 E adbd    : service_to_fd: shell,v2,TERM=screen,raw:getprop ro.build.version.release
07-03 12:25:06.477 32187 32187 E adbd    : recv: OPEN 000035b6 00000000 0036:73 68 65 6C 6C 2C 76 32 2C 54 45 52 4D 3D 73 63 72 65 65 6E 2C 72 61 77 3A 67 65 74 70 72 6F 70 20 72 6F 2E 62 75 69 6C 64 2E 76 65 72 73 69 6F 6E 2E 73 64 6B 00 
07-03 12:25:06.477 32187 32187 E adbd    : service_to_fd: shell,v2,TERM=screen,raw:getprop ro.build.version.sdk
07-03 12:25:06.499  4014  4014 D PreBindingService: handleMessage : 1
07-03 12:25:06.557 32187 32187 E adbd    : recv: OPEN 000035b9 00000000 00fb:73 68 65 6C 6C 2C 76 32 2C 54 45 52 4D 3D 73 63 72 65 65 6E 2C 72 61 77 3A 61 6D 20 73 74 61 72 74 2D 66 6F 72 65 67 72 6F 75 6E 64 2D 73 65 72 76 69 63 65 20 2D 6E 20 22 63 6F 6D 2E 65 78 61 6D 70 6C 65 2E 62 61 74 74 65 72 79 6D 61 6E 61 67 65 72 5F 75 74 69 6C 69 74 79 2F 63 6F 6D 2E 65 78 61 6D 70 6C 65 2E 62 61 74 74 65 72 79 6D 61 6E 61 67 65 72 5F 75 74 69 6C 69 74 79 2E 44 61 74 61 43 6F 6C 6C 65 63 74 69 6F 6E 53 65 72 76 69 63 65 22 20 2D 2D 65 69 20 73 61 6D 70 6C 65 52 61 74 65 20 31 30 30 30 20 2D 2D 65 73 20 22 64 61 74 61 46 69 65 6C 64 73 22 20 22 42 41 54 54 45 52 59 5F 50 52 4F 50 45 52 54 59 5F 43 55 52 52 45 4E 54 5F 4E 4F 57 2C 45 58 54 52 41 5F 56 4F 4C 54 41 47 45 22 20 2D 2D 65 7A 20 74 6F 43 53 56 20 66 61 6C 73 65 00 
07-03 12:25:06.558 32187 32187 E adbd    : service_to_fd: shell,v2,TERM=screen,raw:am start-foreground-service -n "com.example.batterymanager_utility/com.example.batterymanager_utility.DataCollectionService" --ei sampleRate 1000 --es "dataFields" "BATTERY_PROPERTY_CURRENT_NOW,EXTRA_VOLTAGE" --ez toCSV false
07-03 12:25:06.634  7238  7238 I BatteryMgr:DataCollectionService: onStartCommand: begin
07-03 12:25:06.635  7238  7238 I BatteryMgr:DataCollectionService: onStartCommand: sampleRate => 1000
07-03 12:25:06.635  7238  7238 I BatteryMgr:DataCollectionService: onStartCommand: rawFields => Timestamp,BATTERY_PROPERTY_CURRENT_NOW,EXTRA_VOLTAGE
07-03 12:25:06.637  7238  7238 I BatteryMgr:DataCollectionService: onStartCommand: notification done
07-03 12:25:06.639  7238  7238 D Notification: allPendingIntents
07-03 12:25:06.641  7238  7238 I BatteryMgr:DataCollectionService: started foreground
07-03 12:25:06.643  4014  4031 D ApplicationPolicy: isStatusBarNotificationAllowedAsUser: packageName = android,userId = 0
07-03 12:25:06.644  4014  4031 D API test: getContainerInfo: value is 
07-03 12:25:06.644  4014  4031 D ApplicationPolicy: isStatusBarNotificationAllowedAsUser: packageName = android,userId = 0
07-03 12:25:06.644  4014  4031 D API test: getContainerInfo: value is 
07-03 12:25:06.645  4014  4031 D ApplicationPolicy: isStatusBarNotificationAllowedAsUser: packageName = com.example.batterymanager_utility,userId = 0
07-03 12:25:06.645  4014  4031 D API test: getContainerInfo: value is 
07-03 12:25:06.645  4014  4031 D ApplicationPolicy: isStatusBarNotificationAllowedAsUser: packageName = com.example.batterymanager_utility,userId = 0
07-03 12:25:06.646  4014  4031 D API test: getContainerInfo: value is 
07-03 12:25:06.647  4014  4014 D AudioService: getStreamVolume 5 index 110
07-03 12:25:06.647  4014  4031 E NotificationService: Suppressing notification from package by user request.
07-03 12:25:06.649  4014 12620 D Notification: allPendingIntents
07-03 12:25:06.651  4014 12620 D Notification: allPendingIntents
07-03 12:25:06.658  7238  7395 I BatteryMgr:DataCollectionService: collectData: begin
07-03 12:25:06.663  7238  7395 I BatteryMgr:DataCollectionService: stats => 1688379906663,-146,4170
07-03 12:25:06.670 32187 32187 E adbd    : recv: OPEN 000035bc 00000000 003a:73 68 65 6C 6C 2C 76 32 2C 54 45 52 4D 3D 73 63 72 65 65 6E 2C 72 61 77 3A 67 65 74 70 72 6F 70 20 72 6F 2E 62 75 69 6C 64 2E 76 65 72 73 69 6F 6E 2E 72 65 6C 65 61 73 65 00 
07-03 12:25:06.670 32187 32187 E adbd    : service_to_fd: shell,v2,TERM=screen,raw:getprop ro.build.version.release
07-03 12:25:06.681  6750  6750 D KeyguardUpdateMonitor: handleStatusBarState( false )
07-03 12:25:06.698  6750  6750 I chatty  : uid=10009(u0_a9) com.android.systemui identical 1 line
07-03 12:25:06.711  6750  6750 D KeyguardUpdateMonitor: handleStatusBarState( false )
07-03 12:25:06.746 32187 32187 E adbd    : recv: OPEN 000035bf 00000000 0036:73 68 65 6C 6C 2C 76 32 2C 54 45 52 4D 3D 73 63 72 65 65 6E 2C 72 61 77 3A 67 65 74 70 72 6F 70 20 72 6F 2E 62 75 69 6C 64 2E 76 65 72 73 69 6F 6E 2E 73 64 6B 00 
07-03 12:25:06.746 32187 32187 E adbd    : service_to_fd: shell,v2,TERM=screen,raw:getprop ro.build.version.sdk
07-03 12:25:07.276  4014 10048 D SSRM:k  : SIOP:: AP = 290, PST = 290 (W:30), BAT = 279, USB = 0, CHG = 0
07-03 12:25:07.454  3442  3442 I android.hardware.wifi@1.0-service: getLinkLayerStats
07-03 12:25:07.577  4014  4111 D SensorService: [SO] 0.043 -0.220 9.931
07-03 12:25:07.678  7238  7395 I BatteryMgr:DataCollectionService: stats => 1688379907677,-146,4170
07-03 12:25:08.691  7238  7395 I BatteryMgr:DataCollectionService: stats => 1688379908691,-146,4170
07-03 12:25:08.726  4014  6715 E TaskPersister: File error accessing recents directory (directory doesn't exist?).
07-03 12:25:08.767  7327  7327 D io_stats: !@ 179,0 r 214508 9035058 w 191126 8166060 d 12017 1597628 f 61302 61643 iot 242724 205348 th 51200 0 0 pt 0 inp 0 0 9965.425
07-03 12:25:09.278  7238  7409 D ProfileInstaller: Installing profile for com.example.batterymanager_utility
07-03 12:25:09.702  7238  7395 I BatteryMgr:DataCollectionService: stats => 1688379909702,-107,4170
07-03 12:25:09.710  4014 12620 D BatteryService: !@BatteryListener : batteryPropertiesChanged!
07-03 12:25:10.468  3442  3442 I android.hardware.wifi@1.0-service: getLinkLayerStats
07-03 12:25:10.716  7238  7395 I BatteryMgr:DataCollectionService: stats => 1688379910716,-107,4170
07-03 12:25:11.730  7238  7395 I BatteryMgr:DataCollectionService: stats => 1688379911729,-107,4170
07-03 12:25:12.367  4014  6879 E Watchdog: !@Sync 329 [2023-07-03 10:25:12.367]
07-03 12:25:12.743  7238  7395 I BatteryMgr:DataCollectionService: stats => 1688379912743,-107,4170
07-03 12:25:13.490  3442  3442 I android.hardware.wifi@1.0-service: getLinkLayerStats
07-03 12:25:13.757  7238  7395 I BatteryMgr:DataCollectionService: stats => 1688379913756,-107,4170
07-03 12:25:13.774  7327  7327 D io_stats: !@ 179,0 r 214508 9035058 w 191155 8166296 d 12017 1597628 f 61302 61643 iot 242732 205353 th 51200 0 0 pt 0 inp 0 0 9970.430
07-03 12:25:14.771  7238  7395 I BatteryMgr:DataCollectionService: stats => 1688379914770,-107,4170
07-03 12:25:15.784  7238  7395 I BatteryMgr:DataCollectionService: stats => 1688379915784,-107,4170
07-03 12:25:16.500  3442  3442 I android.hardware.wifi@1.0-service: getLinkLayerStats
07-03 12:25:16.798  7238  7395 I BatteryMgr:DataCollectionService: stats => 1688379916798,-107,4170
07-03 12:25:17.308  4014 10048 D SSRM:k  : SIOP:: AP = 290, PST = 290 (W:30), BAT = 279, USB = 0, CHG = 0
07-03 12:25:17.577  4014  4111 D SensorService: [SO] 0.048 -0.206 9.922
07-03 12:25:17.811  7238  7395 I BatteryMgr:DataCollectionService: stats => 1688379917810,-107,4170
07-03 12:25:18.780  7327  7327 D io_stats: !@ 179,0 r 214508 9035058 w 191159 8166428 d 12019 1597636 f 61305 61646 iot 242740 205358 th 51200 0 0 pt 0 inp 0 0 9975.436
07-03 12:25:18.824  7238  7395 I BatteryMgr:DataCollectionService: stats => 1688379918824,-107,4170
07-03 12:25:19.509  3442  3442 I android.hardware.wifi@1.0-service: getLinkLayerStats
07-03 12:25:19.831  7238  7395 I BatteryMgr:DataCollectionService: stats => 1688379919831,-107,4170
07-03 12:25:20.846  7238  7395 I BatteryMgr:DataCollectionService: stats => 1688379920846,-107,4170
07-03 12:25:21.859  7238  7395 I BatteryMgr:DataCollectionService: stats => 1688379921859,-107,4170
07-03 12:25:22.517  3442  3442 I android.hardware.wifi@1.0-service: getLinkLayerStats
07-03 12:25:22.873  7238  7395 I BatteryMgr:DataCollectionService: stats => 1688379922872,-107,4170
07-03 12:25:23.786  7327  7327 D io_stats: !@ 179,0 r 214508 9035058 w 191179 8166580 d 12020 1597720 f 61306 61647 iot 242744 205366 th 51200 0 0 pt 0 inp 0 0 9980.442
07-03 12:25:23.886  7238  7395 I BatteryMgr:DataCollectionService: stats => 1688379923886,-107,4170
07-03 12:25:24.899  7238  7395 I BatteryMgr:DataCollectionService: stats => 1688379924899,-107,4170
07-03 12:25:25.528  3442  3442 I android.hardware.wifi@1.0-service: getLinkLayerStats
07-03 12:25:25.912  7238  7395 I BatteryMgr:DataCollectionService: stats => 1688379925912,-107,4170
07-03 12:25:26.926  7238  7395 I BatteryMgr:DataCollectionService: stats => 1688379926926,-107,4170
07-03 12:25:27.335  4014 10048 D SSRM:k  : SIOP:: AP = 290, PST = 290 (W:30), BAT = 279, USB = 0, CHG = 0
07-03 12:25:27.578  4014  4111 D SensorService: [SO] 0.024 -0.215 9.922
07-03 12:25:27.940  7238  7395 I BatteryMgr:DataCollectionService: stats => 1688379927939,-107,4170
07-03 12:25:28.537  3442  3442 I android.hardware.wifi@1.0-service: getLinkLayerStats
07-03 12:25:28.953  7238  7395 I BatteryMgr:DataCollectionService: stats => 1688379928952,-107,4170
07-03 12:25:29.966  7238  7395 I BatteryMgr:DataCollectionService: stats => 1688379929966,-107,4170
07-03 12:25:30.980  7238  7395 I BatteryMgr:DataCollectionService: stats => 1688379930980,-107,4170
07-03 12:25:31.549  3442  3442 I chatty  : uid=1010 wifi@1.0-servic identical 1 line
07-03 12:25:31.993  7238  7395 I BatteryMgr:DataCollectionService: stats => 1688379931992,-107,4170
07-03 12:25:33.006  7238  7395 I BatteryMgr:DataCollectionService: stats => 1688379933006,-107,4170
07-03 12:25:34.019  7238  7395 I BatteryMgr:DataCollectionService: stats => 1688379934019,-107,4170
07-03 12:25:34.571  3442  3442 I android.hardware.wifi@1.0-service: getLinkLayerStats
07-03 12:25:35.031  7238  7395 I BatteryMgr:DataCollectionService: stats => 1688379935031,-107,4170
07-03 12:25:36.044  7238  7395 I BatteryMgr:DataCollectionService: stats => 1688379936044,-107,4170
07-03 12:25:36.198  4014 12620 D ConnectivityService: filterNetworkStateForUid() uid: 10025 networkInfo: [type: WIFI[] - WIFI, state: CONNECTED/CONNECTED, reason: (unspecified), extra: "DoodleBoodle", failover: false, available: true, roaming: false, metered: false]
07-03 12:25:37.057  7238  7395 I BatteryMgr:DataCollectionService: stats => 1688379937057,-107,4170
07-03 12:25:37.363  4014 10048 D SSRM:k  : SIOP:: AP = 290, PST = 290 (W:30), BAT = 279, USB = 0, CHG = 0
07-03 12:25:37.578  4014  4111 D SensorService: [SO] 0.053 -0.239 9.922
07-03 12:25:37.585  3442  3442 I android.hardware.wifi@1.0-service: getLinkLayerStats
07-03 12:25:38.070  7238  7395 I BatteryMgr:DataCollectionService: stats => 1688379938070,-107,4170
07-03 12:25:39.083  7238  7395 I BatteryMgr:DataCollectionService: stats => 1688379939083,-107,4170
07-03 12:25:39.957  4014  4040 W StorageManager: getStorageFullBytes DEFAULT_FULL_THRESHOLD_BYTES : 20971520, threadhold : 20971520
07-03 12:25:39.958  4014  4040 W StorageManager: getStorageLowBytes lowPercent : 5, lowBytes : 1260145254, maxLowBytes : 524288000
07-03 12:25:39.961  4014  4040 W DeviceStorageMonitorService: updateBroadcasts(/data) oldLevel:0, newLevel:0, seq:1
07-03 12:25:39.962  4014  4040 W DeviceStorageMonitorService: updateBroadcasts_filenode(/data) fn_oldLevel:0, fn_newLevel:0, seq:1
07-03 12:25:39.963  4014 12620 D BatteryService: !@BatteryListener : batteryPropertiesChanged!
07-03 12:25:40.096  7238  7395 I BatteryMgr:DataCollectionService: stats => 1688379940095,-81,4170
07-03 12:25:40.608  3442  3442 I android.hardware.wifi@1.0-service: getLinkLayerStats
07-03 12:25:41.108  7238  7395 I BatteryMgr:DataCollectionService: stats => 1688379941108,-81,4170
07-03 12:25:42.115  7238  7395 I BatteryMgr:DataCollectionService: stats => 1688379942115,-81,4170
07-03 12:25:42.378  4014  6879 E Watchdog: !@Sync 330 [2023-07-03 10:25:42.378]
07-03 12:25:42.584  4014  4023 I zygote64: Background concurrent copying GC freed 303212(14MB) AllocSpace objects, 276(5MB) LOS objects, 42% free, 26MB/46MB, paused 1.612ms total 197.522ms
07-03 12:25:43.127  7238  7395 I BatteryMgr:DataCollectionService: stats => 1688379943127,-81,4170
07-03 12:25:43.626  3442  3442 I android.hardware.wifi@1.0-service: getLinkLayerStats
07-03 12:25:43.808  7327  7327 D io_stats: !@ 179,0 r 214508 9035058 w 191183 8166604 d 12020 1597720 f 61307 61648 iot 242744 205368 th 51200 0 0 pt 0 inp 0 0 10000.464
07-03 12:25:44.140  7238  7395 I BatteryMgr:DataCollectionService: stats => 1688379944140,-81,4170
07-03 12:25:45.153  7238  7395 I BatteryMgr:DataCollectionService: stats => 1688379945153,-81,4170
07-03 12:25:46.166  7238  7395 I BatteryMgr:DataCollectionService: stats => 1688379946166,-81,4170
07-03 12:25:46.637  3442  3442 I android.hardware.wifi@1.0-service: getLinkLayerStats
07-03 12:25:47.179  7238  7395 I BatteryMgr:DataCollectionService: stats => 1688379947179,-81,4170
07-03 12:25:47.395  4014 10048 D SSRM:k  : SIOP:: AP = 290, PST = 290 (W:30), BAT = 279, USB = 0, CHG = 0
07-03 12:25:47.578  4014  4111 D SensorService: [SO] 0.053 -0.230 9.936
07-03 12:25:48.192  7238  7395 I BatteryMgr:DataCollectionService: stats => 1688379948192,-81,4170
07-03 12:25:48.814  7327  7327 D io_stats: !@ 179,0 r 214508 9035058 w 191189 8166644 d 12021 1597724 f 61308 61651 iot 242744 205372 th 51200 0 0 pt 0 inp 0 0 10005.470
07-03 12:25:49.022  4014  6615 D WifiConnectivityMonitor:  [|211]
07-03 12:25:49.205  7238  7395 I BatteryMgr:DataCollectionService: stats => 1688379949205,-81,4170
07-03 12:25:49.645  3442  3442 I android.hardware.wifi@1.0-service: getLinkLayerStats
07-03 12:25:50.218  7238  7395 I BatteryMgr:DataCollectionService: stats => 1688379950218,-81,4170
07-03 12:25:51.231  7238  7395 I BatteryMgr:DataCollectionService: stats => 1688379951231,-81,4170
07-03 12:25:52.244  7238  7395 I BatteryMgr:DataCollectionService: stats => 1688379952244,-81,4170
07-03 12:25:52.246 17583 17938 I PhenotypeProcessReaper: Memory state is: 100
07-03 12:25:52.322 17583  1653 I CastDatabase: Saving the database
07-03 12:25:52.339 17583  1653 I SQLiteCastStore: [CastNetworkInfo] saved: 0, skipped: 0, [CastDeviceInfo]: saved 0, skipped 0, [Paired Guest Mode DeviceInfo] saved: 0, skipped: 0. [ProbedNetworks]: saved 0, skipped: 0, [ProbedSocketAddress]: saved 0, skipped: 0, [Network-Device pairs]: saved: 0
07-03 12:25:52.655  3442  3442 I android.hardware.wifi@1.0-service: getLinkLayerStats
07-03 12:25:52.850 17583  7420 E memtrack: Couldn't load memtrack module
07-03 12:25:52.850 17583  7420 W android.os.Debug: failed to get memory consumption info: -1
07-03 12:25:53.256  7238  7395 I BatteryMgr:DataCollectionService: stats => 1688379953256,-81,4170
07-03 12:25:53.820  7327  7327 D io_stats: !@ 179,0 r 214508 9035058 w 191201 8166776 d 12021 1597724 f 61312 61655 iot 242752 205378 th 51200 0 0 pt 0 inp 0 0 10010.476
07-03 12:25:54.271  7238  7395 I BatteryMgr:DataCollectionService: stats => 1688379954271,-81,4170
07-03 12:25:55.284  7238  7395 I BatteryMgr:DataCollectionService: stats => 1688379955284,-81,4170
07-03 12:25:55.663  3442  3442 I android.hardware.wifi@1.0-service: getLinkLayerStats
07-03 12:25:56.297  7238  7395 I BatteryMgr:DataCollectionService: stats => 1688379956297,-81,4170
07-03 12:25:57.310  7238  7395 I BatteryMgr:DataCollectionService: stats => 1688379957310,-81,4170
07-03 12:25:57.425  4014 10048 D SSRM:k  : SIOP:: AP = 290, PST = 290 (W:30), BAT = 279, USB = 0, CHG = 0
07-03 12:25:57.578  4014  4111 D SensorService: [SO] 0.038 -0.244 9.926
07-03 12:25:58.317  7238  7395 I BatteryMgr:DataCollectionService: stats => 1688379958317,-81,4170
07-03 12:25:58.673  3442  3442 I android.hardware.wifi@1.0-service: getLinkLayerStats
07-03 12:25:58.826  7327  7327 D io_stats: !@ 179,0 r 214508 9035058 w 191203 8166788 d 12021 1597724 f 61313 61656 iot 242752 205379 th 51200 0 0 pt 0 inp 0 0 10015.482
07-03 12:25:59.330  7238  7395 I BatteryMgr:DataCollectionService: stats => 1688379959329,-81,4170
07-03 12:26:00.000  4014  4124 D SamsungAlarmManager: Expired : 8
07-03 12:26:00.001  4014  4124 V SamsungAlarmManager: Sending to uid : 1000 action=android.intent.action.TIME_TICK alarm=Alarm{48c7a23 type 3 when 44550436 android}
07-03 12:26:00.003  4014  4124 V SamsungAlarmManager: Sending to uid : 10074 action=com.samsung.action.EVERY_MINUTE_CLOCK_UPDATE alarm=Alarm{3193cd9 type 1 when 1688379960000 com.sec.android.app.launcher}
07-03 12:26:00.007  7561  7561 I Launcher: onReceive: com.samsung.action.EVERY_MINUTE_CLOCK_UPDATE
07-03 12:26:00.009  4014  4014 D SamsungAlarmManager: setExact Intent (T:3/F:1/AC:false) 20230703T122700 - CU:1000/CP:4014
07-03 12:26:00.009  4014  4014 I SamsungAlarmManager: setLocked to kernel - T:3 / 20230703T122700, SetElapsed=44610436, nowELAPSED=44550445
07-03 12:26:00.010  4014  4014 V AlarmManager: ___SyncScheduler (v3) ACTIVATED___
07-03 12:26:00.010  4014  4014 V AlarmManagerEXT: <AppSync3 Whitelist>
07-03 12:26:00.010  4014  4014 V AlarmManagerEXT: (AppSync) com.sec.android.soagent : 300(460)
07-03 12:26:00.010  4014  4014 V AlarmManagerEXT: (AppSync) ### 1 added ###
07-03 12:26:00.013  6750  6750 D KeyguardUpdateMonitor: received broadcast android.intent.action.TIME_TICK
07-03 12:26:00.014  6750  6750 D KeyguardServiceBoxContainer: refreshTime() 1
07-03 12:26:00.019  4014 12620 D SamsungAlarmManager: setInexact Intent (T:1/F:0/AC:false) 20230703T122700 - CU:10074/CP:7561
07-03 12:26:00.020  7561  7561 I IconView: applyFromShortcutInfo - start GetLive : com.samsung.android.calendar
07-03 12:26:00.020  7561  7561 I IconView: applyFromShortcutInfo - end GetLive : com.samsung.android.calendar
07-03 12:26:00.022  7561  7561 I IconView: applyFromApplicationInfo - start GetLive : com.sec.android.app.clockpackage
07-03 12:26:00.031  6750  6750 D KeyguardUpdateMonitor: handleStatusBarState( false )
07-03 12:26:00.034  7561  7561 D ApplicationPackageManager: we has com.sec.android.app.clockpackage class. reuse it 
07-03 12:26:00.034  7561  7561 D LiveIconLoader: getLiveIcon was called in ClockPackage
07-03 12:26:00.037  7561  7561 D LiveIconLoader: getLiveIcon res = com.sec.android.app.clockpackage
07-03 12:26:00.038  7561  7561 D LiveIconLoader: stdIconSize : 84 , targetIconSize : 101
07-03 12:26:00.038  7561  7561 D LiveIconLoader: mIconDpi : 480 , mTargetIconDpi : 280
07-03 12:26:00.053  7561  7561 I ApplicationPackageManager: load= live icon for com.sec.android.app.clockpackage, from overlay = false
07-03 12:26:00.054  7561  7561 I LiveIconManager: getLiveIcon: complete(sync_created)
07-03 12:26:00.054  7561  7561 I IconView: applyFromApplicationInfo - end GetLive : com.sec.android.app.clockpackage
07-03 12:26:00.055  7561  7561 I IconView: applyFromApplicationInfo - start GetLive : com.samsung.android.calendar
07-03 12:26:00.055  7561  7561 I IconView: applyFromApplicationInfo - end GetLive : com.samsung.android.calendar
07-03 12:26:00.063  6750  6750 D KeyguardUpdateMonitor: handleStatusBarState( false )
07-03 12:26:00.093  7464  7585 D ContactsProvider_EventLog: contents_sample_state: [CONTACT contacts(0) data(0) accounts({}) accounts deleted({}) calls([]) countryIso(NL) userId(0)  ]
07-03 12:26:00.093  7464  7585 D ContactsProvider_EventLog: contents_sample_state: [ agr({})  ]
07-03 12:26:00.093  7464  7585 D ContactsProvider_EventLog: contents_sample_state: [ actCnt({android.process.acore(7464)=1})  ]
07-03 12:26:00.093  7464  7585 D ContactsProvider_EventLog: contents_sample_state: [PROFILE contacts(0) data(0) accounts({})  ]
07-03 12:26:00.093  7464  7585 D ContactsProvider_EventLog: contents_sample_state: [SAPROFILE contacts(1) data(1) accounts({vnd.sec.contact.phone (1)=1})  ]
07-03 12:26:00.096  7464  7585 E ContactsProvider_EventLog: Flush buffer to file cnt : 1 size : 0Kb duration : 1ms lastUpdatedAfter : 60106 ms mFlush_time_threasold : 2000 mCurrentSize : 437
07-03 12:26:00.343  7238  7395 I BatteryMgr:DataCollectionService: stats => 1688379960343,-81,4170
07-03 12:26:01.355  7238  7395 I BatteryMgr:DataCollectionService: stats => 1688379961355,-81,4170
07-03 12:26:01.681  3442  3442 I android.hardware.wifi@1.0-service: getLinkLayerStats
07-03 12:26:02.368  7238  7395 I BatteryMgr:DataCollectionService: stats => 1688379962368,-81,4170
07-03 12:26:03.381  7238  7395 I BatteryMgr:DataCollectionService: stats => 1688379963380,-81,4170
07-03 12:26:03.832  7327  7327 D io_stats: !@ 179,0 r 214508 9035058 w 191210 8166856 d 12021 1597724 f 61314 61657 iot 242756 205382 th 51200 0 0 pt 0 inp 0 0 10020.488
07-03 12:26:04.394  7238  7395 I BatteryMgr:DataCollectionService: stats => 1688379964393,-81,4170
07-03 12:26:04.688  3442  3442 I android.hardware.wifi@1.0-service: getLinkLayerStats
07-03 12:26:05.406  7238  7395 I BatteryMgr:DataCollectionService: stats => 1688379965406,-81,4170
07-03 12:26:06.419  7238  7395 I BatteryMgr:DataCollectionService: stats => 1688379966419,-81,4170
07-03 12:26:06.900 32187 32187 E adbd    : recv: OPEN 00003649 00000000 003a:73 68 65 6C 6C 2C 76 32 2C 54 45 52 4D 3D 73 63 72 65 65 6E 2C 72 61 77 3A 67 65 74 70 72 6F 70 20 72 6F 2E 62 75 69 6C 64 2E 76 65 72 73 69 6F 6E 2E 72 65 6C 65 61 73 65 00 
07-03 12:26:06.900 32187 32187 E adbd    : service_to_fd: shell,v2,TERM=screen,raw:getprop ro.build.version.release
07-03 12:26:06.995 32187 32187 E adbd    : recv: OPEN 0000364c 00000000 0036:73 68 65 6C 6C 2C 76 32 2C 54 45 52 4D 3D 73 63 72 65 65 6E 2C 72 61 77 3A 67 65 74 70 72 6F 70 20 72 6F 2E 62 75 69 6C 64 2E 76 65 72 73 69 6F 6E 2E 73 64 6B 00 
07-03 12:26:06.995 32187 32187 E adbd    : service_to_fd: shell,v2,TERM=screen,raw:getprop ro.build.version.sdk
07-03 12:26:07.075 32187 32187 E adbd    : recv: OPEN 0000364f 00000000 0084:73 68 65 6C 6C 2C 76 32 2C 54 45 52 4D 3D 73 63 72 65 65 6E 2C 72 61 77 3A 61 6D 20 73 74 6F 70 73 65 72 76 69 63 65 20 63 6F 6D 2E 65 78 61 6D 70 6C 65 2E 62 61 74 74 65 72 79 6D 61 6E 61 67 65 72 5F 75 74 69 6C 69 74 79 2F 63 6F 6D 2E 65 78 61 6D 70 6C 65 2E 62 61 74 74 65 72 79 6D 61 6E 61 67 65 72 5F 75 74 69 6C 69 74 79 2E 44 61 74 61 43 6F 6C 6C 65 63 74 69 6F 6E 53 65 72 76 69 63 65 00 
07-03 12:26:07.075 32187 32187 E adbd    : service_to_fd: shell,v2,TERM=screen,raw:am stopservice com.example.batterymanager_utility/com.example.batterymanager_utility.DataCollectionService
07-03 12:26:07.177  4014  4031 D ApplicationPolicy: isStatusBarNotificationAllowedAsUser: packageName = android,userId = 0
07-03 12:26:07.177  4014  4031 D API test: getContainerInfo: value is 
07-03 12:26:07.178  4014  4031 D ApplicationPolicy: isStatusBarNotificationAllowedAsUser: packageName = android,userId = 0
07-03 12:26:07.178  4014  4031 D API test: getContainerInfo: value is 
07-03 12:26:07.180  4014  4014 D AudioService: getStreamVolume 5 index 110
07-03 12:26:07.182  4014 11620 D Notification: allPendingIntents
07-03 12:26:07.183  4014 11620 D Notification: allPendingIntents
07-03 12:26:07.197  6750  6750 D KeyguardUpdateMonitor: handleStatusBarState( false )
07-03 12:26:07.225  6750  6750 I chatty  : uid=10009(u0_a9) com.android.systemui identical 1 line
07-03 12:26:07.238  6750  6750 D KeyguardUpdateMonitor: handleStatusBarState( false )
