--------- beginning of system
07-03 09:25:17.154   756  1486 I ActivityManager: START u0 {act=android.intent.action.MAIN cat=[android.intent.category.LAUNCHER] flg=0x10000000 cmp=com.example.batterymanager_utility/.MainActivity} from uid 2000
--------- beginning of main
07-03 09:25:17.203 21964 21964 I zygote64: Late-enabling -Xcheck:jni
07-03 09:25:17.204   756  2061 I ActivityManager: Start proc 21964:com.example.batterymanager_utility/u0a111 for activity com.example.batterymanager_utility/.MainActivity
07-03 09:25:17.231  8277  8288 V ClearcutMetricXmitter: Transmission is done.
07-03 09:25:17.269 30320 30320 I GsaVoiceInteractionSrv: Handling ACTION_STOP_HOTWORD
07-03 09:25:17.334 21964 21964 I BatteryMgr:App: creating notification channel
07-03 09:25:17.409 21964 21982 D OpenGLRenderer: HWUI GL Pipeline
07-03 09:25:17.578 21969 21969 D AndroidRuntime: >>>>>> START com.android.internal.os.RuntimeInit uid 2000 <<<<<<
07-03 09:25:17.581 21964 21964 W zygote64: Class androidx.compose.runtime.snapshots.SnapshotStateList failed lock verification and will run slower.
07-03 09:25:17.581 21964 21964 W zygote64: Common causes for lock verification issues are non-optimized dex code
07-03 09:25:17.581 21964 21964 W zygote64: and incorrect proguard optimizations.
07-03 09:25:17.690 21969 21969 D ICU     : Timezone override file found: /data/misc/zoneinfo/current/icu/icu_tzdata.dat
07-03 09:25:17.707 21964 21971 I zygote64: Do partial code cache collection, code=30KB, data=19KB
07-03 09:25:17.707 21964 21971 I zygote64: After code cache collection, code=30KB, data=19KB
07-03 09:25:17.707 21964 21971 I zygote64: Increasing code cache capacity to 128KB
07-03 09:25:17.710 21969 21969 I app_process: The ClassLoaderContext is a special shared library.
07-03 09:25:17.748 21969 21969 D AndroidRuntime: Calling main entry com.android.commands.monkey.Monkey
07-03 09:25:17.754 21969 21969 W Monkey  : args: [-p, e.www.cpufactorialtest, 1]
07-03 09:25:17.754 21969 21969 W Monkey  :  arg: "-p"
07-03 09:25:17.755 21969 21969 W Monkey  :  arg: "e.www.cpufactorialtest"
07-03 09:25:17.755 21969 21969 W Monkey  :  arg: "1"
07-03 09:25:17.755 21969 21969 W Monkey  : data="e.www.cpufactorialtest"
07-03 09:25:17.783   756   782 W BroadcastQueue: Skipping deliver [background] BroadcastRecord{4adc20d u-1 android.net.conn.CONNECTIVITY_CHANGE} to ReceiverList{229c5c2 21969 (unknown name)/2000/u-1 remote:ee8a737}: process gone or crashing
07-03 09:25:17.795   756   768 I ActivityManager: START u0 {act=android.intent.action.MAIN cat=[android.intent.category.LAUNCHER] flg=0x10200000 cmp=e.www.cpufactorialtest/.MainActivity} from uid 2000
07-03 09:25:17.795   756   768 W Binder  : Outgoing transactions from this process must be FLAG_ONEWAY
07-03 09:25:17.795   756   768 W Binder  : java.lang.Throwable
07-03 09:25:17.795   756   768 W Binder  : 	at android.os.BinderProxy.transact(Binder.java:752)
07-03 09:25:17.795   756   768 W Binder  : 	at android.app.IActivityController$Stub$Proxy.activityStarting(IActivityController.java:172)
07-03 09:25:17.795   756   768 W Binder  : 	at com.android.server.am.ActivityStarter.startActivity(ActivityStarter.java:449)
07-03 09:25:17.795   756   768 W Binder  : 	at com.android.server.am.ActivityStarter.startActivityLocked(ActivityStarter.java:278)
07-03 09:25:17.795   756   768 W Binder  : 	at com.android.server.am.ActivityStarter.startActivityMayWait(ActivityStarter.java:817)
07-03 09:25:17.795   756   768 W Binder  : 	at com.android.server.am.ActivityManagerService.startActivityAsUser(ActivityManagerService.java:4532)
07-03 09:25:17.795   756   768 W Binder  : 	at com.android.server.am.ActivityManagerService.startActivity(ActivityManagerService.java:4519)
07-03 09:25:17.795   756   768 W Binder  : 	at android.app.IActivityManager$Stub.onTransact(IActivityManager.java:121)
07-03 09:25:17.795   756   768 W Binder  : 	at com.android.server.am.ActivityManagerService.onTransact(ActivityManagerService.java:2919)
07-03 09:25:17.795   756   768 W Binder  : 	at android.os.Binder.execTransact(Binder.java:697)
07-03 09:25:17.821 21964 21982 I Adreno  : QUALCOMM build                   : 8e59954, I0be83d0d26
07-03 09:25:17.821 21964 21982 I Adreno  : Build Date                       : 09/22/17
07-03 09:25:17.821 21964 21982 I Adreno  : OpenGL ES Shader Compiler Version: EV031.21.02.00
07-03 09:25:17.821 21964 21982 I Adreno  : Local Branch                     : O17A
07-03 09:25:17.821 21964 21982 I Adreno  : Remote Branch                    : 
07-03 09:25:17.821 21964 21982 I Adreno  : Remote Branch                    : 
07-03 09:25:17.821 21964 21982 I Adreno  : Reconstruct Branch               : 
07-03 09:25:17.821 21964 21982 D vndksupport: Loading /vendor/lib64/hw/gralloc.msm8992.so from current namespace instead of sphal namespace.
07-03 09:25:17.826 21969 21969 I Monkey  : Events injected: 1
07-03 09:25:17.833 21964 21982 I Adreno  : PFP: 0x00000000, ME: 0x00000000
07-03 09:25:17.841 21969 21969 I Monkey  : ## Network stats: elapsed time=44ms (0ms mobile, 0ms wifi, 44ms not connected)
07-03 09:25:17.842   363   363 W /system/bin/hwservicemanager: getTransport: Cannot find entry android.hardware.configstore@1.0::ISurfaceFlingerConfigs/default in either framework or device manifest.
07-03 09:25:17.842 21969 21969 I com.android.commands.monkey: System.exit called, status: 0
07-03 09:25:17.843 21969 21969 I AndroidRuntime: VM exiting with result code 0.
07-03 09:25:17.847 21964 21982 I zygote64: android::hardware::configstore::V1_0::ISurfaceFlingerConfigs::hasWideColorDisplay retrieved: 0
07-03 09:25:17.848 21964 21982 I OpenGLRenderer: Initialized EGL, version 1.4
07-03 09:25:17.849 21964 21982 D OpenGLRenderer: Swap behavior 2
07-03 09:25:17.855 21964 21964 D Compose Focus: Owner FocusChanged(true)
07-03 09:25:17.909   363   363 W /system/bin/hwservicemanager: getTransport: Cannot find entry android.hardware.graphics.mapper@2.0::IMapper/default in either framework or device manifest.
07-03 09:25:17.910 21964 21982 D vndksupport: Loading /vendor/lib64/hw/android.hardware.graphics.mapper@2.0-impl.so from current namespace instead of sphal namespace.
07-03 09:25:17.910 21964 21982 D vndksupport: Loading /vendor/lib64/hw/gralloc.msm8992.so from current namespace instead of sphal namespace.
07-03 09:25:17.944 13208 13208 I GoogleInputMethodService: GoogleInputMethodService.onFinishInput():3306 
07-03 09:25:17.945 13208 13208 I GoogleInputMethodService: GoogleInputMethodService.updateDeviceLockedStatus():2127 repeatCheckTimes = 0, locked = false
07-03 09:25:17.945 13208 13208 I GoogleInputMethodService: GoogleInputMethodService.onStartInput():1909 onStartInput(EditorInfo{inputType=0x0(NULL) imeOptions=0x0 privateImeOptions=null actionName=UNSPECIFIED actionLabel=null actionId=0 initialSelStart=-1 initialSelEnd=-1 initialCapsMode=0x0 hintText=null label=null packageName=com.example.batterymanager_utility fieldId=-1 fieldName=null extras=null hintLocales=[]}, false)
07-03 09:25:17.945 13208 13208 I GoogleInputMethodService: GoogleInputMethodService.shouldHideHeaderOnInitialState():1990 ShouldHideHeaderOnInitialState = false
07-03 09:25:17.946 13208 13208 I GoogleInputMethodService: GoogleInputMethodService.updateDeviceLockedStatus():2127 repeatCheckTimes = 1, locked = false
07-03 09:25:17.957   756  2058 I ActivityManager: Start proc 21995:e.www.cpufactorialtest/u0a175 for activity e.www.cpufactorialtest/.MainActivity
07-03 09:25:17.958 21995 21995 I zygote64: Late-enabling -Xcheck:jni
07-03 09:25:18.201 21995 21995 I zygote64: Rejecting re-init on previously-failed class java.lang.Class<androidx.core.view.ViewCompat$2>: java.lang.NoClassDefFoundError: Failed resolution of: Landroid/view/View$OnUnhandledKeyEventListener;
07-03 09:25:18.201 21995 21995 I zygote64:   at void androidx.core.view.ViewCompat.setOnApplyWindowInsetsListener(android.view.View, androidx.core.view.OnApplyWindowInsetsListener) (ViewCompat.java:2436)
07-03 09:25:18.201 21995 21995 I zygote64:   at android.view.ViewGroup androidx.appcompat.app.AppCompatDelegateImpl.createSubDecor() (AppCompatDelegateImpl.java:779)
07-03 09:25:18.201 21995 21995 I zygote64:   at void androidx.appcompat.app.AppCompatDelegateImpl.ensureSubDecor() (AppCompatDelegateImpl.java:659)
07-03 09:25:18.201 21995 21995 I zygote64:   at void androidx.appcompat.app.AppCompatDelegateImpl.setContentView(int) (AppCompatDelegateImpl.java:552)
07-03 09:25:18.201 21995 21995 I zygote64:   at void androidx.appcompat.app.AppCompatActivity.setContentView(int) (AppCompatActivity.java:161)
07-03 09:25:18.201 21995 21995 I zygote64:   at void e.www.cpufactorialtest.MainActivity.onCreate(android.os.Bundle) (MainActivity.kt:24)
07-03 09:25:18.201 21995 21995 I zygote64:   at void android.app.Activity.performCreate(android.os.Bundle, android.os.PersistableBundle) (Activity.java:7009)
07-03 09:25:18.201 21995 21995 I zygote64:   at void android.app.Activity.performCreate(android.os.Bundle) (Activity.java:7000)
07-03 09:25:18.201 21995 21995 I zygote64:   at void android.app.Instrumentation.callActivityOnCreate(android.app.Activity, android.os.Bundle) (Instrumentation.java:1214)
07-03 09:25:18.201 21995 21995 I zygote64:   at android.app.Activity android.app.ActivityThread.performLaunchActivity(android.app.ActivityThread$ActivityClientRecord, android.content.Intent) (ActivityThread.java:2731)
07-03 09:25:18.201 21995 21995 I zygote64:   at void android.app.ActivityThread.handleLaunchActivity(android.app.ActivityThread$ActivityClientRecord, android.content.Intent, java.lang.String) (ActivityThread.java:2856)
07-03 09:25:18.201 21995 21995 I zygote64:   at void android.app.ActivityThread.-wrap11(android.app.ActivityThread, android.app.ActivityThread$ActivityClientRecord, android.content.Intent, java.lang.String) (ActivityThread.java:-1)
07-03 09:25:18.201 21995 21995 I zygote64:   at void android.app.ActivityThread$H.handleMessage(android.os.Message) (ActivityThread.java:1589)
07-03 09:25:18.201 21995 21995 I zygote64:   at void android.os.Handler.dispatchMessage(android.os.Message) (Handler.java:106)
07-03 09:25:18.201 21995 21995 I zygote64:   at void android.os.Looper.loop() (Looper.java:164)
07-03 09:25:18.201 21995 21995 I zygote64:   at void android.app.ActivityThread.main(java.lang.String[]) (ActivityThread.java:6494)
07-03 09:25:18.201 21995 21995 I zygote64:   at java.lang.Object java.lang.reflect.Method.invoke(java.lang.Object, java.lang.Object[]) (Method.java:-2)
07-03 09:25:18.201 21995 21995 I zygote64:   at void com.android.internal.os.RuntimeInit$MethodAndArgsCaller.run() (RuntimeInit.java:438)
07-03 09:25:18.201 21995 21995 I zygote64:   at void com.android.internal.os.ZygoteInit.main(java.lang.String[]) (ZygoteInit.java:807)
07-03 09:25:18.201 21995 21995 I zygote64: Caused by: java.lang.ClassNotFoundException: Didn't find class "android.view.View$OnUnhandledKeyEventListener" on path: DexPathList[[zip file "/data/app/e.www.cpufactorialtest-cuSWX3ybETHlfVXSZiBpJQ==/base.apk"],nativeLibraryDirectories=[/data/app/e.www.cpufactorialtest-cuSWX3ybETHlfVXSZiBpJQ==/lib/arm64, /system/lib64, /vendor/lib64]]
07-03 09:25:18.201 21995 21995 I zygote64:   at java.lang.Class dalvik.system.BaseDexClassLoader.findClass(java.lang.String) (BaseDexClassLoader.java:125)
07-03 09:25:18.201 21995 21995 I zygote64:   at java.lang.Class java.lang.ClassLoader.loadClass(java.lang.String, boolean) (ClassLoader.java:379)
07-03 09:25:18.201 21995 21995 I zygote64:   at java.lang.Class java.lang.ClassLoader.loadClass(java.lang.String) (ClassLoader.java:312)
07-03 09:25:18.201 21995 21995 I zygote64:   at void androidx.core.view.ViewCompat.setOnApplyWindowInsetsListener(android.view.View, androidx.core.view.OnApplyWindowInsetsListener) (ViewCompat.java:2436)
07-03 09:25:18.201 21995 21995 I zygote64:   at android.view.ViewGroup androidx.appcompat.app.AppCompatDelegateImpl.createSubDecor() (AppCompatDelegateImpl.java:779)
07-03 09:25:18.201 21995 21995 I zygote64:   at void androidx.appcompat.app.AppCompatDelegateImpl.ensureSubDecor() (AppCompatDelegateImpl.java:659)
07-03 09:25:18.201 21995 21995 I zygote64:   at void androidx.appcompat.app.AppCompatDelegateImpl.setContentView(int) (AppCompatDelegateImpl.java:552)
07-03 09:25:18.201 21995 21995 I zygote64:   at void androidx.appcompat.app.AppCompatActivity.setContentView(int) (AppCompatActivity.java:161)
07-03 09:25:18.201 21995 21995 I zygote64:   at void e.www.cpufactorialtest.MainActivity.onCreate(android.os.Bundle) (MainActivity.kt:24)
07-03 09:25:18.201 21995 21995 I zygote64:   at void android.app.Activity.performCreate(android.os.Bundle, android.os.PersistableBundle) (Activity.java:7009)
07-03 09:25:18.201 21995 21995 I zygote64:   at void android.app.Activity.performCreate(android.os.Bundle) (Activity.java:7000)
07-03 09:25:18.201 21995 21995 I zygote64:   at void android.app.Instrumentation.callActivityOnCreate(android.app.Activity, android.os.Bundle) (Instrumentation.java:1214)
07-03 09:25:18.201 21995 21995 I zygote64:   at android.app.Activity android.app.ActivityThread.performLaunchActivity(android.app.ActivityThread$ActivityClientRecord, android.content.Intent) (ActivityThread.java:2731)
07-03 09:25:18.201 21995 21995 I zygote64:   at void android.app.ActivityThread.handleLaunchActivity(android.app.ActivityThread$ActivityClientRecord, android.content.Intent, java.lang.String) (ActivityThread.java:2856)
07-03 09:25:18.201 21995 21995 I zygote64:   at void android.app.ActivityThread.-wrap11(android.app.ActivityThread, android.app.ActivityThread$ActivityClientRecord, android.content.Intent, java.lang.String) (ActivityThread.java:-1)
07-03 09:25:18.201 21995 21995 I zygote64:   at void android.app.ActivityThread$H.handleMessage(android.os.Message) (ActivityThread.java:1589)
07-03 09:25:18.201 21995 21995 I zygote64:   at void android.os.Handler.dispatchMessage(android.os.Message) (Handler.java:106)
07-03 09:25:18.201 21995 21995 I zygote64:   at void android.os.Looper.loop() (Looper.java:164)
07-03 09:25:18.201 21995 21995 I zygote64:   at void android.app.ActivityThread.main(java.lang.String[]) (ActivityThread.java:6494)
07-03 09:25:18.201 21995 21995 I zygote64:   at java.lang.Object java.lang.reflect.Method.invoke(java.lang.Object, java.lang.Object[]) (Method.java:-2)
07-03 09:25:18.201 21995 21995 I zygote64:   at void com.android.internal.os.RuntimeInit$MethodAndArgsCaller.run() (RuntimeInit.java:438)
07-03 09:25:18.201 21995 21995 I zygote64:   at void com.android.internal.os.ZygoteInit.main(java.lang.String[]) (ZygoteInit.java:807)
07-03 09:25:18.201 21995 21995 I zygote64: 
07-03 09:25:18.201 21995 21995 I zygote64: Rejecting re-init on previously-failed class java.lang.Class<androidx.core.view.ViewCompat$2>: java.lang.NoClassDefFoundError: Failed resolution of: Landroid/view/View$OnUnhandledKeyEventListener;
07-03 09:25:18.201 21995 21995 I zygote64:   at void androidx.core.view.ViewCompat.setOnApplyWindowInsetsListener(android.view.View, androidx.core.view.OnApplyWindowInsetsListener) (ViewCompat.java:2436)
07-03 09:25:18.201 21995 21995 I zygote64:   at android.view.ViewGroup androidx.appcompat.app.AppCompatDelegateImpl.createSubDecor() (AppCompatDelegateImpl.java:779)
07-03 09:25:18.201 21995 21995 I zygote64:   at void androidx.appcompat.app.AppCompatDelegateImpl.ensureSubDecor() (AppCompatDelegateImpl.java:659)
07-03 09:25:18.202 21995 21995 I zygote64:   at void androidx.appcompat.app.AppCompatDelegateImpl.setContentView(int) (AppCompatDelegateImpl.java:552)
07-03 09:25:18.202 21995 21995 I zygote64:   at void androidx.appcompat.app.AppCompatActivity.setContentView(int) (AppCompatActivity.java:161)
07-03 09:25:18.202 21995 21995 I zygote64:   at void e.www.cpufactorialtest.MainActivity.onCreate(android.os.Bundle) (MainActivity.kt:24)
07-03 09:25:18.202 21995 21995 I zygote64:   at void android.app.Activity.performCreate(android.os.Bundle, android.os.PersistableBundle) (Activity.java:7009)
07-03 09:25:18.202 21995 21995 I zygote64:   at void android.app.Activity.performCreate(android.os.Bundle) (Activity.java:7000)
07-03 09:25:18.202 21995 21995 I zygote64:   at void android.app.Instrumentation.callActivityOnCreate(android.app.Activity, android.os.Bundle) (Instrumentation.java:1214)
07-03 09:25:18.202 21995 21995 I zygote64:   at android.app.Activity android.app.ActivityThread.performLaunchActivity(android.app.ActivityThread$ActivityClientRecord, android.content.Intent) (ActivityThread.java:2731)
07-03 09:25:18.202 21995 21995 I zygote64:   at void android.app.ActivityThread.handleLaunchActivity(android.app.ActivityThread$ActivityClientRecord, android.content.Intent, java.lang.String) (ActivityThread.java:2856)
07-03 09:25:18.202 21995 21995 I zygote64:   at void android.app.ActivityThread.-wrap11(android.app.ActivityThread, android.app.ActivityThread$ActivityClientRecord, android.content.Intent, java.lang.String) (ActivityThread.java:-1)
07-03 09:25:18.202 21995 21995 I zygote64:   at void android.app.ActivityThread$H.handleMessage(android.os.Message) (ActivityThread.java:1589)
07-03 09:25:18.202 21995 21995 I zygote64:   at void android.os.Handler.dispatchMessage(android.os.Message) (Handler.java:106)
07-03 09:25:18.202 21995 21995 I zygote64:   at void android.os.Looper.loop() (Looper.java:164)
07-03 09:25:18.202 21995 21995 I zygote64:   at void android.app.ActivityThread.main(java.lang.String[]) (ActivityThread.java:6494)
07-03 09:25:18.202 21995 21995 I zygote64:   at java.lang.Object java.lang.reflect.Method.invoke(java.lang.Object, java.lang.Object[]) (Method.java:-2)
07-03 09:25:18.202 21995 21995 I zygote64:   at void com.android.internal.os.RuntimeInit$MethodAndArgsCaller.run() (RuntimeInit.java:438)
07-03 09:25:18.202 21995 21995 I zygote64:   at void com.android.internal.os.ZygoteInit.main(java.lang.String[]) (ZygoteInit.java:807)
07-03 09:25:18.202 21995 21995 I zygote64: Caused by: java.lang.ClassNotFoundException: Didn't find class "android.view.View$OnUnhandledKeyEventListener" on path: DexPathList[[zip file "/data/app/e.www.cpufactorialtest-cuSWX3ybETHlfVXSZiBpJQ==/base.apk"],nativeLibraryDirectories=[/data/app/e.www.cpufactorialtest-cuSWX3ybETHlfVXSZiBpJQ==/lib/arm64, /system/lib64, /vendor/lib64]]
07-03 09:25:18.202 21995 21995 I zygote64:   at java.lang.Class dalvik.system.BaseDexClassLoader.findClass(java.lang.String) (BaseDexClassLoader.java:125)
07-03 09:25:18.202 21995 21995 I zygote64:   at java.lang.Class java.lang.ClassLoader.loadClass(java.lang.String, boolean) (ClassLoader.java:379)
07-03 09:25:18.202 21995 21995 I zygote64:   at java.lang.Class java.lang.ClassLoader.loadClass(java.lang.String) (ClassLoader.java:312)
07-03 09:25:18.202 21995 21995 I zygote64:   at void androidx.core.view.ViewCompat.setOnApplyWindowInsetsListener(android.view.View, androidx.core.view.OnApplyWindowInsetsListener) (ViewCompat.java:2436)
07-03 09:25:18.202 21995 21995 I zygote64:   at android.view.ViewGroup androidx.appcompat.app.AppCompatDelegateImpl.createSubDecor() (AppCompatDelegateImpl.java:779)
07-03 09:25:18.202 21995 21995 I zygote64:   at void androidx.appcompat.app.AppCompatDelegateImpl.ensureSubDecor() (AppCompatDelegateImpl.java:659)
07-03 09:25:18.202 21995 21995 I zygote64:   at void androidx.appcompat.app.AppCompatDelegateImpl.setContentView(int) (AppCompatDelegateImpl.java:552)
07-03 09:25:18.202 21995 21995 I zygote64:   at void androidx.appcompat.app.AppCompatActivity.setContentView(int) (AppCompatActivity.java:161)
07-03 09:25:18.202 21995 21995 I zygote64:   at void e.www.cpufactorialtest.MainActivity.onCreate(android.os.Bundle) (MainActivity.kt:24)
07-03 09:25:18.202 21995 21995 I zygote64:   at void android.app.Activity.performCreate(android.os.Bundle, android.os.PersistableBundle) (Activity.java:7009)
07-03 09:25:18.202 21995 21995 I zygote64:   at void android.app.Activity.performCreate(android.os.Bundle) (Activity.java:7000)
07-03 09:25:18.202 21995 21995 I zygote64:   at void android.app.Instrumentation.callActivityOnCreate(android.app.Activity, android.os.Bundle) (Instrumentation.java:1214)
07-03 09:25:18.202 21995 21995 I zygote64:   at android.app.Activity android.app.ActivityThread.performLaunchActivity(android.app.ActivityThread$ActivityClientRecord, android.content.Intent) (ActivityThread.java:2731)
07-03 09:25:18.202 21995 21995 I zygote64:   at void android.app.ActivityThread.handleLaunchActivity(android.app.ActivityThread$ActivityClientRecord, android.content.Intent, java.lang.String) (ActivityThread.java:2856)
07-03 09:25:18.202 21995 21995 I zygote64:   at void android.app.ActivityThread.-wrap11(android.app.ActivityThread, android.app.ActivityThread$ActivityClientRecord, android.content.Intent, java.lang.String) (ActivityThread.java:-1)
07-03 09:25:18.202 21995 21995 I zygote64:   at void android.app.ActivityThread$H.handleMessage(android.os.Message) (ActivityThread.java:1589)
07-03 09:25:18.202 21995 21995 I zygote64:   at void android.os.Handler.dispatchMessage(android.os.Message) (Handler.java:106)
07-03 09:25:18.202 21995 21995 I zygote64:   at void android.os.Looper.loop() (Looper.java:164)
07-03 09:25:18.202 21995 21995 I zygote64:   at void android.app.ActivityThread.main(java.lang.String[]) (ActivityThread.java:6494)
07-03 09:25:18.202 21995 21995 I zygote64:   at java.lang.Object java.lang.reflect.Method.invoke(java.lang.Object, java.lang.Object[]) (Method.java:-2)
07-03 09:25:18.202 21995 21995 I zygote64:   at void com.android.internal.os.RuntimeInit$MethodAndArgsCaller.run() (RuntimeInit.java:438)
07-03 09:25:18.202 21995 21995 I zygote64:   at void com.android.internal.os.ZygoteInit.main(java.lang.String[]) (ZygoteInit.java:807)
07-03 09:25:18.202 21995 21995 I zygote64: 
07-03 09:25:18.202 21995 21995 I zygote64: Rejecting re-init on previously-failed class java.lang.Class<androidx.core.view.ViewCompat$2>: java.lang.NoClassDefFoundError: Failed resolution of: Landroid/view/View$OnUnhandledKeyEventListener;
07-03 09:25:18.202 21995 21995 I zygote64:   at void androidx.core.view.ViewCompat.setOnApplyWindowInsetsListener(android.view.View, androidx.core.view.OnApplyWindowInsetsListener) (ViewCompat.java:2436)
07-03 09:25:18.202 21995 21995 I zygote64:   at android.view.ViewGroup androidx.appcompat.app.AppCompatDelegateImpl.createSubDecor() (AppCompatDelegateImpl.java:779)
07-03 09:25:18.202 21995 21995 I zygote64:   at void androidx.appcompat.app.AppCompatDelegateImpl.ensureSubDecor() (AppCompatDelegateImpl.java:659)
07-03 09:25:18.202 21995 21995 I zygote64:   at void androidx.appcompat.app.AppCompatDelegateImpl.setContentView(int) (AppCompatDelegateImpl.java:552)
07-03 09:25:18.202 21995 21995 I zygote64:   at void androidx.appcompat.app.AppCompatActivity.setContentView(int) (AppCompatActivity.java:161)
07-03 09:25:18.202 21995 21995 I zygote64:   at void e.www.cpufactorialtest.MainActivity.onCreate(android.os.Bundle) (MainActivity.kt:24)
07-03 09:25:18.202 21995 21995 I zygote64:   at void android.app.Activity.performCreate(android.os.Bundle, android.os.PersistableBundle) (Activity.java:7009)
07-03 09:25:18.202 21995 21995 I zygote64:   at void android.app.Activity.performCreate(android.os.Bundle) (Activity.java:7000)
07-03 09:25:18.202 21995 21995 I zygote64:   at void android.app.Instrumentation.callActivityOnCreate(android.app.Activity, android.os.Bundle) (Instrumentation.java:1214)
07-03 09:25:18.202 21995 21995 I zygote64:   at android.app.Activity android.app.ActivityThread.performLaunchActivity(android.app.ActivityThread$ActivityClientRecord, android.content.Intent) (ActivityThread.java:2731)
07-03 09:25:18.202 21995 21995 I zygote64:   at void android.app.ActivityThread.handleLaunchActivity(android.app.ActivityThread$ActivityClientRecord, android.content.Intent, java.lang.String) (ActivityThread.java:2856)
07-03 09:25:18.202 21995 21995 I zygote64:   at void android.app.ActivityThread.-wrap11(android.app.ActivityThread, android.app.ActivityThread$ActivityClientRecord, android.content.Intent, java.lang.String) (ActivityThread.java:-1)
07-03 09:25:18.202 21995 21995 I zygote64:   at void android.app.ActivityThread$H.handleMessage(android.os.Message) (ActivityThread.java:1589)
07-03 09:25:18.202 21995 21995 I zygote64:   at void android.os.Handler.dispatchMessage(android.os.Message) (Handler.java:106)
07-03 09:25:18.202 21995 21995 I zygote64:   at void android.os.Looper.loop() (Looper.java:164)
07-03 09:25:18.202 21995 21995 I zygote64:   at void android.app.ActivityThread.main(java.lang.String[]) (ActivityThread.java:6494)
07-03 09:25:18.202 21995 21995 I zygote64:   at java.lang.Object java.lang.reflect.Method.invoke(java.lang.Object, java.lang.Object[]) (Method.java:-2)
07-03 09:25:18.202 21995 21995 I zygote64:   at void com.android.internal.os.RuntimeInit$MethodAndArgsCaller.run() (RuntimeInit.java:438)
07-03 09:25:18.202 21995 21995 I zygote64:   at void com.android.internal.os.ZygoteInit.main(java.lang.String[]) (ZygoteInit.java:807)
07-03 09:25:18.202 21995 21995 I zygote64: Caused by: java.lang.ClassNotFoundException: Didn't find class "android.view.View$OnUnhandledKeyEventListener" on path: DexPathList[[zip file "/data/app/e.www.cpufactorialtest-cuSWX3ybETHlfVXSZiBpJQ==/base.apk"],nativeLibraryDirectories=[/data/app/e.www.cpufactorialtest-cuSWX3ybETHlfVXSZiBpJQ==/lib/arm64, /system/lib64, /vendor/lib64]]
07-03 09:25:18.202 21995 21995 I zygote64:   at java.lang.Class dalvik.system.BaseDexClassLoader.findClass(java.lang.String) (BaseDexClassLoader.java:125)
07-03 09:25:18.202 21995 21995 I zygote64:   at java.lang.Class java.lang.ClassLoader.loadClass(java.lang.String, boolean) (ClassLoader.java:379)
07-03 09:25:18.202 21995 21995 I zygote64:   at java.lang.Class java.lang.ClassLoader.loadClass(java.lang.String) (ClassLoader.java:312)
07-03 09:25:18.202 21995 21995 I zygote64:   at void androidx.core.view.ViewCompat.setOnApplyWindowInsetsListener(android.view.View, androidx.core.view.OnApplyWindowInsetsListener) (ViewCompat.java:2436)
07-03 09:25:18.202 21995 21995 I zygote64:   at android.view.ViewGroup androidx.appcompat.app.AppCompatDelegateImpl.createSubDecor() (AppCompatDelegateImpl.java:779)
07-03 09:25:18.202 21995 21995 I zygote64:   at void androidx.appcompat.app.AppCompatDelegateImpl.ensureSubDecor() (AppCompatDelegateImpl.java:659)
07-03 09:25:18.202 21995 21995 I zygote64:   at void androidx.appcompat.app.AppCompatDelegateImpl.setContentView(int) (AppCompatDelegateImpl.java:552)
07-03 09:25:18.202 21995 21995 I zygote64:   at void androidx.appcompat.app.AppCompatActivity.setContentView(int) (AppCompatActivity.java:161)
07-03 09:25:18.202 21995 21995 I zygote64:   at void e.www.cpufactorialtest.MainActivity.onCreate(android.os.Bundle) (MainActivity.kt:24)
07-03 09:25:18.202 21995 21995 I zygote64:   at void android.app.Activity.performCreate(android.os.Bundle, android.os.PersistableBundle) (Activity.java:7009)
07-03 09:25:18.202 21995 21995 I zygote64:   at void android.app.Activity.performCreate(android.os.Bundle) (Activity.java:7000)
07-03 09:25:18.202 21995 21995 I zygote64:   at void android.app.Instrumentation.callActivityOnCreate(android.app.Activity, android.os.Bundle) (Instrumentation.java:1214)
07-03 09:25:18.202 21995 21995 I zygote64:   at android.app.Activity android.app.ActivityThread.performLaunchActivity(android.app.ActivityThread$ActivityClientRecord, android.content.Intent) (ActivityThread.java:2731)
07-03 09:25:18.202 21995 21995 I zygote64:   at void android.app.ActivityThread.handleLaunchActivity(android.app.ActivityThread$ActivityClientRecord, android.content.Intent, java.lang.String) (ActivityThread.java:2856)
07-03 09:25:18.202 21995 21995 I zygote64:   at void android.app.ActivityThread.-wrap11(android.app.ActivityThread, android.app.ActivityThread$ActivityClientRecord, android.content.Intent, java.lang.String) (ActivityThread.java:-1)
07-03 09:25:18.202 21995 21995 I zygote64:   at void android.app.ActivityThread$H.handleMessage(android.os.Message) (ActivityThread.java:1589)
07-03 09:25:18.202 21995 21995 I zygote64:   at void android.os.Handler.dispatchMessage(android.os.Message) (Handler.java:106)
07-03 09:25:18.202 21995 21995 I zygote64:   at void android.os.Looper.loop() (Looper.java:164)
07-03 09:25:18.202 21995 21995 I zygote64:   at void android.app.ActivityThread.main(java.lang.String[]) (ActivityThread.java:6494)
07-03 09:25:18.202 21995 21995 I zygote64:   at java.lang.Object java.lang.reflect.Method.invoke(java.lang.Object, java.lang.Object[]) (Method.java:-2)
07-03 09:25:18.202 21995 21995 I zygote64:   at void com.android.internal.os.RuntimeInit$MethodAndArgsCaller.run() (RuntimeInit.java:438)
07-03 09:25:18.202 21995 21995 I zygote64:   at void com.android.internal.os.ZygoteInit.main(java.lang.String[]) (ZygoteInit.java:807)
07-03 09:25:18.202 21995 21995 I zygote64: 
07-03 09:25:18.255 21995 22011 D OpenGLRenderer: HWUI GL Pipeline
07-03 09:25:18.518 21995 22011 I Adreno  : QUALCOMM build                   : 8e59954, I0be83d0d26
07-03 09:25:18.518 21995 22011 I Adreno  : Build Date                       : 09/22/17
07-03 09:25:18.518 21995 22011 I Adreno  : OpenGL ES Shader Compiler Version: EV031.21.02.00
07-03 09:25:18.518 21995 22011 I Adreno  : Local Branch                     : O17A
07-03 09:25:18.518 21995 22011 I Adreno  : Remote Branch                    : 
07-03 09:25:18.518 21995 22011 I Adreno  : Remote Branch                    : 
07-03 09:25:18.518 21995 22011 I Adreno  : Reconstruct Branch               : 
07-03 09:25:18.519 21995 22011 D vndksupport: Loading /vendor/lib64/hw/gralloc.msm8992.so from current namespace instead of sphal namespace.
07-03 09:25:18.531 21995 22011 I Adreno  : PFP: 0x00000000, ME: 0x00000000
07-03 09:25:18.535 13208 13208 I GoogleInputMethodService: GoogleInputMethodService.onFinishInput():3306 
07-03 09:25:18.536   363   363 W /system/bin/hwservicemanager: getTransport: Cannot find entry android.hardware.configstore@1.0::ISurfaceFlingerConfigs/default in either framework or device manifest.
07-03 09:25:18.536 13208 13208 I GoogleInputMethodService: GoogleInputMethodService.updateDeviceLockedStatus():2127 repeatCheckTimes = 0, locked = false
07-03 09:25:18.536 13208 13208 I GoogleInputMethodService: GoogleInputMethodService.onStartInput():1909 onStartInput(EditorInfo{inputType=0x0(NULL) imeOptions=0x0 privateImeOptions=null actionName=UNSPECIFIED actionLabel=null actionId=0 initialSelStart=-1 initialSelEnd=-1 initialCapsMode=0x0 hintText=null label=null packageName=e.www.cpufactorialtest fieldId=-1 fieldName=null extras=null hintLocales=[]}, false)
07-03 09:25:18.536 13208 13208 I GoogleInputMethodService: GoogleInputMethodService.shouldHideHeaderOnInitialState():1990 ShouldHideHeaderOnInitialState = false
07-03 09:25:18.537 21995 22011 I zygote64: android::hardware::configstore::V1_0::ISurfaceFlingerConfigs::hasWideColorDisplay retrieved: 0
07-03 09:25:18.538 21995 22011 I OpenGLRenderer: Initialized EGL, version 1.4
07-03 09:25:18.539 21995 22011 D OpenGLRenderer: Swap behavior 2
07-03 09:25:18.541 13208 13208 I GoogleInputMethodService: GoogleInputMethodService.updateDeviceLockedStatus():2127 repeatCheckTimes = 1, locked = false
07-03 09:25:18.551   363   363 W /system/bin/hwservicemanager: getTransport: Cannot find entry android.hardware.graphics.mapper@2.0::IMapper/default in either framework or device manifest.
07-03 09:25:18.552 21995 22011 D vndksupport: Loading /vendor/lib64/hw/android.hardware.graphics.mapper@2.0-impl.so from current namespace instead of sphal namespace.
07-03 09:25:18.557 21995 22011 D vndksupport: Loading /vendor/lib64/hw/gralloc.msm8992.so from current namespace instead of sphal namespace.
07-03 09:25:18.590   756   791 I ActivityManager: Displayed e.www.cpufactorialtest/.MainActivity: +635ms (total +1s394ms)
07-03 09:25:18.805  8277  8277 I A       : GEL#onSaveInstanceState
07-03 09:25:19.086   756 16255 I OpenGLRenderer: Initialized EGL, version 1.4
07-03 09:25:19.086   756 16255 D OpenGLRenderer: Swap behavior 2
07-03 09:25:19.205   756   765 I zygote64: NativeAlloc concurrent copying GC freed 106047(5MB) AllocSpace objects, 78(2MB) LOS objects, 42% free, 18MB/32MB, paused 166us total 117.474ms
07-03 09:25:19.436 21964 21964 I BatteryMgr:DataCollectionService: onStartCommand: begin
07-03 09:25:19.437 21964 21964 I BatteryMgr:DataCollectionService: onStartCommand: sampleRate => 1000
07-03 09:25:19.437 21964 21964 I BatteryMgr:DataCollectionService: onStartCommand: rawFields => Timestamp,BATTERY_PROPERTY_CURRENT_NOW,EXTRA_VOLTAGE
07-03 09:25:19.439 21964 21964 I BatteryMgr:DataCollectionService: onStartCommand: notification done
07-03 09:25:19.443 21964 21964 I BatteryMgr:DataCollectionService: started foreground
07-03 09:25:19.445   756   782 E NotificationService: Suppressing notification from package by user request.
07-03 09:25:19.457 21964 22034 I BatteryMgr:DataCollectionService: collectData: begin
07-03 09:25:19.464 21964 22034 I BatteryMgr:DataCollectionService: stats => 1688390719463,-87890,4145
07-03 09:25:20.479 21964 22034 I BatteryMgr:DataCollectionService: stats => 1688390720479,-87890,4145
07-03 09:25:21.496 21964 22034 I BatteryMgr:DataCollectionService: stats => 1688390721495,-87890,4145
07-03 09:25:22.512 21964 22034 I BatteryMgr:DataCollectionService: stats => 1688390722512,-87890,4145
07-03 09:25:23.185 21964 22047 D ProfileInstaller: Installing profile for com.example.batterymanager_utility
07-03 09:25:23.529 21964 22034 I BatteryMgr:DataCollectionService: stats => 1688390723529,-87890,4145
07-03 09:25:24.549 21964 22034 I BatteryMgr:DataCollectionService: stats => 1688390724549,-87890,4145
07-03 09:25:25.568 21964 22034 I BatteryMgr:DataCollectionService: stats => 1688390725568,-87890,4145
07-03 09:25:26.582 21964 22034 I BatteryMgr:DataCollectionService: stats => 1688390726582,-87890,4145
07-03 09:25:27.601 21964 22034 I BatteryMgr:DataCollectionService: stats => 1688390727601,-87890,4145
07-03 09:25:28.622 21964 22034 I BatteryMgr:DataCollectionService: stats => 1688390728622,-87890,4145
07-03 09:25:29.642 21964 22034 I BatteryMgr:DataCollectionService: stats => 1688390729641,-87890,4145
07-03 09:25:30.660 21964 22034 I BatteryMgr:DataCollectionService: stats => 1688390730660,-87890,4145
07-03 09:25:31.679 21964 22034 I BatteryMgr:DataCollectionService: stats => 1688390731679,-87890,4145
07-03 09:25:32.699 21964 22034 I BatteryMgr:DataCollectionService: stats => 1688390732698,-87890,4145
07-03 09:25:33.717 21964 22034 I BatteryMgr:DataCollectionService: stats => 1688390733716,-87890,4145
07-03 09:25:34.730 21964 22034 I BatteryMgr:DataCollectionService: stats => 1688390734730,-87890,4145
07-03 09:25:35.747 21964 22034 I BatteryMgr:DataCollectionService: stats => 1688390735746,-87890,4145
07-03 09:25:36.766 21964 22034 I BatteryMgr:DataCollectionService: stats => 1688390736766,-87890,4145
07-03 09:25:37.779 21964 22034 I BatteryMgr:DataCollectionService: stats => 1688390737779,-637966,4145
07-03 09:25:38.799 21964 22034 I BatteryMgr:DataCollectionService: stats => 1688390738798,-637966,4145
07-03 09:25:39.819 21964 22034 I BatteryMgr:DataCollectionService: stats => 1688390739818,-637966,4145
07-03 09:25:40.838 21964 22034 I BatteryMgr:DataCollectionService: stats => 1688390740837,-637966,4145
07-03 09:25:41.857 21964 22034 I BatteryMgr:DataCollectionService: stats => 1688390741856,-637966,4145
07-03 09:25:42.873 21964 22034 I BatteryMgr:DataCollectionService: stats => 1688390742872,-637966,4145
07-03 09:25:43.089 22048 22048 W Thread-865: type=1400 audit(0.0:544): avc: denied { read } for name="mem" dev="debugfs" ino=580159 scontext=u:r:priv_app:s0:c512,c768 tcontext=u:object_r:debugfs:s0 tclass=file permissive=0
07-03 09:25:43.089 22048 22048 W Thread-865: type=1400 audit(0.0:545): avc: denied { read } for name="mem" dev="debugfs" ino=580159 scontext=u:r:priv_app:s0:c512,c768 tcontext=u:object_r:debugfs:s0 tclass=file permissive=0
07-03 09:25:43.884 21964 22034 I BatteryMgr:DataCollectionService: stats => 1688390743884,-637966,4145
07-03 09:25:44.902 21964 22034 I BatteryMgr:DataCollectionService: stats => 1688390744901,-637966,4145
07-03 09:25:45.919 21964 22034 I BatteryMgr:DataCollectionService: stats => 1688390745919,-637966,4145
07-03 09:25:46.935 21964 22034 I BatteryMgr:DataCollectionService: stats => 1688390746935,-637966,4145
07-03 09:25:47.953 21964 22034 I BatteryMgr:DataCollectionService: stats => 1688390747953,-637966,4145
07-03 09:25:48.972 21964 22034 I BatteryMgr:DataCollectionService: stats => 1688390748972,-637966,4145
07-03 09:25:49.987 21964 22034 I BatteryMgr:DataCollectionService: stats => 1688390749986,-637966,4145
07-03 09:25:51.002 21964 22034 I BatteryMgr:DataCollectionService: stats => 1688390751001,-637966,4145
07-03 09:25:52.014 21964 22034 I BatteryMgr:DataCollectionService: stats => 1688390752013,-637966,4145
07-03 09:25:53.031 21964 22034 I BatteryMgr:DataCollectionService: stats => 1688390753030,-637966,4145
07-03 09:25:54.049 21964 22034 I BatteryMgr:DataCollectionService: stats => 1688390754049,-637966,4145
07-03 09:25:55.068 21964 22034 I BatteryMgr:DataCollectionService: stats => 1688390755068,-637966,4145
07-03 09:25:56.085 21964 22034 I BatteryMgr:DataCollectionService: stats => 1688390756085,-637966,4145
07-03 09:25:57.104 21964 22034 I BatteryMgr:DataCollectionService: stats => 1688390757103,-637966,4145
07-03 09:25:58.121 21964 22034 I BatteryMgr:DataCollectionService: stats => 1688390758121,-637966,4145
07-03 09:25:59.135 21964 22034 I BatteryMgr:DataCollectionService: stats => 1688390759135,-637966,4145
07-03 09:26:00.152 21964 22034 I BatteryMgr:DataCollectionService: stats => 1688390760152,-637966,4145
07-03 09:26:01.170 21964 22034 I BatteryMgr:DataCollectionService: stats => 1688390761169,-637966,4145
07-03 09:26:02.187 21964 22034 I BatteryMgr:DataCollectionService: stats => 1688390762187,-637966,4145
07-03 09:26:03.204 21964 22034 I BatteryMgr:DataCollectionService: stats => 1688390763203,-637966,4145
07-03 09:26:04.224 21964 22034 I BatteryMgr:DataCollectionService: stats => 1688390764223,-637966,4145
07-03 09:26:05.240 21964 22034 I BatteryMgr:DataCollectionService: stats => 1688390765240,-637966,4145
07-03 09:26:06.262 21964 22034 I BatteryMgr:DataCollectionService: stats => 1688390766262,-637966,4145
07-03 09:26:07.277 21964 22034 I BatteryMgr:DataCollectionService: stats => 1688390767276,-637966,4145
07-03 09:26:08.289 21964 22034 I BatteryMgr:DataCollectionService: stats => 1688390768288,-637966,4145
07-03 09:26:09.307 21964 22034 I BatteryMgr:DataCollectionService: stats => 1688390769306,-98876,4145
07-03 09:26:10.327 21964 22034 I BatteryMgr:DataCollectionService: stats => 1688390770326,-98876,4145
07-03 09:26:11.343 21964 22034 I BatteryMgr:DataCollectionService: stats => 1688390771343,-98876,4145
07-03 09:26:12.363 21964 22034 I BatteryMgr:DataCollectionService: stats => 1688390772363,-98876,4145
07-03 09:26:13.380 21964 22034 I BatteryMgr:DataCollectionService: stats => 1688390773380,-98876,4145
07-03 09:26:14.398 21964 22034 I BatteryMgr:DataCollectionService: stats => 1688390774398,-98876,4145
07-03 09:26:15.412 21964 22034 I BatteryMgr:DataCollectionService: stats => 1688390775412,-98876,4145
07-03 09:26:16.424 21964 22034 I BatteryMgr:DataCollectionService: stats => 1688390776424,-98876,4145
07-03 09:26:17.440 21964 22034 I BatteryMgr:DataCollectionService: stats => 1688390777440,-98876,4145
07-03 09:26:18.084   756  3521 D DhcpClient: Unicasting DHCPREQUEST ciaddr=192.168.0.106 request=0.0.0.0 serverid=null to /192.168.0.1:67
07-03 09:26:18.089   756  3550 D DhcpClient: Received packet: 2c:59:8a:5a:7c:ab ACK: your new IP /192.168.0.106, netmask /255.255.255.0, gateways [/192.168.0.1] DNS servers: /192.168.0.1 , lease time 7200
07-03 09:26:18.090   756  3521 D DhcpClient: Renewed lease: IP address 192.168.0.106/24 Gateway 192.168.0.1  DNS servers: [ 192.168.0.1 ] Domains  DHCP server /192.168.0.1 Vendor info null lease 7200 seconds
07-03 09:26:18.107   756  3521 D DhcpClient: Scheduling renewal in 3599s
07-03 09:26:18.107   756  3521 D DhcpClient: Scheduling rebind in 6299s
07-03 09:26:18.113   756  3521 D DhcpClient: Scheduling expiry in 7199s
07-03 09:26:18.128   756  2063 I WifiService: getWifiApEnabledState uid=1000
07-03 09:26:18.130   756  3112 I WifiService: getConnectionInfo uid=10019
07-03 09:26:18.133   756  2059 I WifiService: getWifiApEnabledState uid=1000
07-03 09:26:18.137  6519  6568 I CarrierServices: [2806] glr.handleMessage: RcsEngineImpl[DUAL_REG]:[733de4f4-1db3]>Handler: handleMessage processing message:[NOTIFY_UPTIME_IGNORE_STATE_CHANGED] with [non-null]:RcsEngineImpl reference
07-03 09:26:18.141  6519  6568 I CarrierServices: [2806] gix.h: RCS Configuration storage in Bugle is disabled by p/h flag, using ProvisioningEngineStateCacheUtil.getProvisioningConfigurationForGivenSimIfExist()
07-03 09:26:18.142  6519  6570 I CarrierServices: [2808] fua.c: Connected state: [1], networkType: [WIFI]
07-03 09:26:18.460 21964 22034 I BatteryMgr:DataCollectionService: stats => 1688390778460,-98876,4145
07-03 09:26:19.478 21964 22034 I BatteryMgr:DataCollectionService: stats => 1688390779477,-98876,4145
07-03 09:26:19.989   756   782 E NotificationService: Suppressing notification from package by user request.
07-03 09:26:20.332   756  3569 I ActivityManager: Force stopping e.www.cpufactorialtest appid=10175 user=0: from pid 22075
07-03 09:26:20.332   756  3569 I ActivityManager: Killing 21995:e.www.cpufactorialtest/u0a175 (adj 0): stop e.www.cpufactorialtest
07-03 09:26:20.333   756  3569 W ActivityManager: Force removing ActivityRecord{b817209 u0 e.www.cpufactorialtest/.MainActivity t920}: app died, no saved state
07-03 09:26:20.333   756   784 W zygote64: kill(-21995, 9) failed: No such process
07-03 09:26:20.338   756  3569 I WindowManager: Failed to capture screenshot of Token{2d27c0e ActivityRecord{b817209 u0 e.www.cpufactorialtest/.MainActivity t920 f}} appWin=Window{394aed u0 e.www.cpufactorialtest/e.www.cpufactorialtest.MainActivity} drawState=4
07-03 09:26:20.363  1466  1466 D CarrierSvcBindHelper: No carrier app for: 0
07-03 09:26:20.375   756   784 W zygote64: kill(-21995, 9) failed: No such process
07-03 09:26:20.376  3076  3076 D RegisteredNfcFServicesCache: Service unchanged, not updating
07-03 09:26:20.393   756   791 W ActivityManager: setHasOverlayUi called on unknown pid: 21995
07-03 09:26:20.408 13208 13208 I GoogleInputMethodService: GoogleInputMethodService.onFinishInput():3306 
07-03 09:26:20.409 13208 13208 I GoogleInputMethodService: GoogleInputMethodService.updateDeviceLockedStatus():2127 repeatCheckTimes = 0, locked = false
07-03 09:26:20.409 13208 13208 I GoogleInputMethodService: GoogleInputMethodService.onStartInput():1909 onStartInput(EditorInfo{inputType=0x0(NULL) imeOptions=0x0 privateImeOptions=null actionName=UNSPECIFIED actionLabel=null actionId=0 initialSelStart=-1 initialSelEnd=-1 initialCapsMode=0x0 hintText=null label=null packageName=com.example.batterymanager_utility fieldId=-1 fieldName=null extras=null hintLocales=[]}, false)
07-03 09:26:20.409 13208 13208 I GoogleInputMethodService: GoogleInputMethodService.shouldHideHeaderOnInitialState():1990 ShouldHideHeaderOnInitialState = false
07-03 09:26:20.410 13208 13208 I GoogleInputMethodService: GoogleInputMethodService.updateDeviceLockedStatus():2127 repeatCheckTimes = 1, locked = false
07-03 09:26:20.420   756   784 W zygote64: kill(-21995, 9) failed: No such process
07-03 09:26:20.420   756   784 I zygote64: Successfully killed process cgroup uid 10175 pid 21995 in 87ms
07-03 09:26:23.682   756  1486 I ActivityManager: Force stopping com.example.batterymanager_utility appid=10111 user=0: from pid 22084
07-03 09:26:23.683   756  1486 I ActivityManager: Killing 21964:com.example.batterymanager_utility/u0a111 (adj 0): stop com.example.batterymanager_utility
07-03 09:26:23.683   756  1486 W ActivityManager: Force removing ActivityRecord{d360eae u0 com.example.batterymanager_utility/.MainActivity t919}: app died, no saved state
07-03 09:26:23.684   756   784 W zygote64: kill(-21964, 9) failed: No such process
07-03 09:26:23.694   756  1486 I WindowManager: Failed to capture screenshot of Token{111744f ActivityRecord{d360eae u0 com.example.batterymanager_utility/.MainActivity t919 f}} appWin=Window{8801c36 u0 com.example.batterymanager_utility/com.example.batterymanager_utility.MainActivity} drawState=4
07-03 09:26:23.722  1466  1466 D CarrierSvcBindHelper: No carrier app for: 0
07-03 09:26:23.728   756   791 W ActivityManager: setHasOverlayUi called on unknown pid: 21964
07-03 09:26:23.731   756   784 W zygote64: kill(-21964, 9) failed: No such process
07-03 09:26:23.736  3076  3076 D RegisteredNfcFServicesCache: Service unchanged, not updating
07-03 09:26:23.747  8277  8277 D PrimesStartupMeasure: Error handling StartupMeasure's onActivityResume
07-03 09:26:23.747  8277  8277 D PrimesStartupMeasure: java.lang.NullPointerException: Attempt to invoke virtual method 'android.view.ViewTreeObserver android.view.View.getViewTreeObserver()' on a null object reference
07-03 09:26:23.747  8277  8277 D PrimesStartupMeasure: 	at com.google.android.libraries.performance.primes.metrics.h.m.onActivityResumed(PG:3)
07-03 09:26:23.747  8277  8277 D PrimesStartupMeasure: 	at android.app.Application.dispatchActivityResumed(Application.java:216)
07-03 09:26:23.747  8277  8277 D PrimesStartupMeasure: 	at android.app.Activity.onResume(Activity.java:1313)
07-03 09:26:23.747  8277  8277 D PrimesStartupMeasure: 	at com.android.launcher3.Launcher.onResume(PG:1)
07-03 09:26:23.747  8277  8277 D PrimesStartupMeasure: 	at android.app.Instrumentation.callActivityOnResume(Instrumentation.java:1355)
07-03 09:26:23.747  8277  8277 D PrimesStartupMeasure: 	at android.app.Activity.performResume(Activity.java:7117)
07-03 09:26:23.747  8277  8277 D PrimesStartupMeasure: 	at android.app.ActivityThread.performResumeActivity(ActivityThread.java:3556)
07-03 09:26:23.747  8277  8277 D PrimesStartupMeasure: 	at android.app.ActivityThread.handleResumeActivity(ActivityThread.java:3621)
07-03 09:26:23.747  8277  8277 D PrimesStartupMeasure: 	at android.app.ActivityThread$H.handleMessage(ActivityThread.java:1638)
07-03 09:26:23.747  8277  8277 D PrimesStartupMeasure: 	at android.os.Handler.dispatchMessage(Handler.java:106)
07-03 09:26:23.747  8277  8277 D PrimesStartupMeasure: 	at android.os.Looper.loop(Looper.java:164)
07-03 09:26:23.747  8277  8277 D PrimesStartupMeasure: 	at android.app.ActivityThread.main(ActivityThread.java:6494)
07-03 09:26:23.747  8277  8277 D PrimesStartupMeasure: 	at java.lang.reflect.Method.invoke(Native Method)
07-03 09:26:23.747  8277  8277 D PrimesStartupMeasure: 	at com.android.internal.os.RuntimeInit$MethodAndArgsCaller.run(RuntimeInit.java:438)
07-03 09:26:23.747  8277  8277 D PrimesStartupMeasure: 	at com.android.internal.os.ZygoteInit.main(ZygoteInit.java:807)
07-03 09:26:23.753   428   428 D SurfaceFlinger: duplicate layer name: changing com.google.android.googlequicksearchbox/com.google.android.launcher.GEL to com.google.android.googlequicksearchbox/com.google.android.launcher.GEL#1
07-03 09:26:23.774   756   784 W zygote64: kill(-21964, 9) failed: No such process
07-03 09:26:23.774   756   784 I zygote64: Successfully killed process cgroup uid 10111 pid 21964 in 90ms
07-03 09:26:23.775 30320 30320 I GsaVoiceInteractionSrv: Handling ACTION_START_HOTWORD
07-03 09:26:23.776 30320 30354 I GsaVoiceInteractionSrv: (REDACTED) disregardHotwordSetting: %b
07-03 09:26:23.776 30320 30354 I GsaVoiceInteractionSrv: Cannot start hotword, hotword has been explicitly disabled.
07-03 09:26:23.777 13208 13208 I GoogleInputMethodService: GoogleInputMethodService.onFinishInput():3306 
07-03 09:26:23.778 13208 13208 I GoogleInputMethodService: GoogleInputMethodService.updateDeviceLockedStatus():2127 repeatCheckTimes = 0, locked = false
07-03 09:26:23.778 13208 13208 I GoogleInputMethodService: GoogleInputMethodService.onStartInput():1909 onStartInput(EditorInfo{inputType=0x0(NULL) imeOptions=0x0 privateImeOptions=null actionName=UNSPECIFIED actionLabel=null actionId=0 initialSelStart=-1 initialSelEnd=-1 initialCapsMode=0x0 hintText=null label=null packageName=com.google.android.googlequicksearchbox fieldId=-1 fieldName=null extras=null hintLocales=[]}, false)
07-03 09:26:23.779 13208 13208 I GoogleInputMethodService: GoogleInputMethodService.shouldHideHeaderOnInitialState():1990 ShouldHideHeaderOnInitialState = false
07-03 09:26:23.781 13208 13208 I GoogleInputMethodService: GoogleInputMethodService.updateDeviceLockedStatus():2127 repeatCheckTimes = 1, locked = false
07-03 09:26:24.313  8277  8312 W OpenGLRenderer: Incorrectly called buildLayer on View: ShortcutAndWidgetContainer, destroying layer...
