--------- beginning of system
07-03 09:16:21.413   756 13002 I ActivityManager: START u0 {act=android.intent.action.MAIN cat=[android.intent.category.LAUNCHER] flg=0x10000000 cmp=com.example.batterymanager_utility/.MainActivity} from uid 2000
07-03 09:16:21.459   756  1486 I ActivityManager: Start proc 21257:com.example.batterymanager_utility/u0a111 for activity com.example.batterymanager_utility/.MainActivity
--------- beginning of main
07-03 09:15:42.876 21237 21237 W Thread-862: type=1400 audit(0.0:541): avc: denied { read } for name="mem" dev="debugfs" ino=580159 scontext=u:r:priv_app:s0:c512,c768 tcontext=u:object_r:debugfs:s0 tclass=file permissive=0
07-03 09:16:21.461 21257 21257 I zygote64: Late-enabling -Xcheck:jni
07-03 09:16:21.488  8277 13225 V ClearcutMetricXmitter: Transmission is done.
07-03 09:16:21.532 30320 30320 I GsaVoiceInteractionSrv: Handling ACTION_STOP_HOTWORD
07-03 09:16:21.599 21257 21257 I BatteryMgr:App: creating notification channel
07-03 09:16:21.676 21257 21275 D OpenGLRenderer: HWUI GL Pipeline
07-03 09:16:21.843 21262 21262 D AndroidRuntime: >>>>>> START com.android.internal.os.RuntimeInit uid 2000 <<<<<<
07-03 09:16:21.856 21257 21257 W zygote64: Class androidx.compose.runtime.snapshots.SnapshotStateList failed lock verification and will run slower.
07-03 09:16:21.856 21257 21257 W zygote64: Common causes for lock verification issues are non-optimized dex code
07-03 09:16:21.856 21257 21257 W zygote64: and incorrect proguard optimizations.
07-03 09:16:21.956 21262 21262 D ICU     : Timezone override file found: /data/misc/zoneinfo/current/icu/icu_tzdata.dat
07-03 09:16:21.960 21257 21264 I zygote64: Do partial code cache collection, code=30KB, data=19KB
07-03 09:16:21.960 21257 21264 I zygote64: After code cache collection, code=30KB, data=19KB
07-03 09:16:21.960 21257 21264 I zygote64: Increasing code cache capacity to 128KB
07-03 09:16:21.974 21262 21262 I app_process: The ClassLoaderContext is a special shared library.
07-03 09:16:22.012 21262 21262 D AndroidRuntime: Calling main entry com.android.commands.monkey.Monkey
07-03 09:16:22.018 21262 21262 W Monkey  : args: [-p, e.www.cpufactorialtest, 1]
07-03 09:16:22.019 21262 21262 W Monkey  :  arg: "-p"
07-03 09:16:22.020 21262 21262 W Monkey  :  arg: "e.www.cpufactorialtest"
07-03 09:16:22.020 21262 21262 W Monkey  :  arg: "1"
07-03 09:16:22.021 21262 21262 W Monkey  : data="e.www.cpufactorialtest"
07-03 09:16:22.046   756   782 W BroadcastQueue: Skipping deliver [background] BroadcastRecord{b0c414c u-1 android.net.conn.CONNECTIVITY_CHANGE} to ReceiverList{ce52595 21262 (unknown name)/2000/u-1 remote:20114d9}: process gone or crashing
07-03 09:16:22.060   756 15230 I ActivityManager: START u0 {act=android.intent.action.MAIN cat=[android.intent.category.LAUNCHER] flg=0x10200000 cmp=e.www.cpufactorialtest/.MainActivity} from uid 2000
07-03 09:16:22.061   756 15230 W Binder  : Outgoing transactions from this process must be FLAG_ONEWAY
07-03 09:16:22.061   756 15230 W Binder  : java.lang.Throwable
07-03 09:16:22.061   756 15230 W Binder  : 	at android.os.BinderProxy.transact(Binder.java:752)
07-03 09:16:22.061   756 15230 W Binder  : 	at android.app.IActivityController$Stub$Proxy.activityStarting(IActivityController.java:172)
07-03 09:16:22.061   756 15230 W Binder  : 	at com.android.server.am.ActivityStarter.startActivity(ActivityStarter.java:449)
07-03 09:16:22.061   756 15230 W Binder  : 	at com.android.server.am.ActivityStarter.startActivityLocked(ActivityStarter.java:278)
07-03 09:16:22.061   756 15230 W Binder  : 	at com.android.server.am.ActivityStarter.startActivityMayWait(ActivityStarter.java:817)
07-03 09:16:22.061   756 15230 W Binder  : 	at com.android.server.am.ActivityManagerService.startActivityAsUser(ActivityManagerService.java:4532)
07-03 09:16:22.061   756 15230 W Binder  : 	at com.android.server.am.ActivityManagerService.startActivity(ActivityManagerService.java:4519)
07-03 09:16:22.061   756 15230 W Binder  : 	at android.app.IActivityManager$Stub.onTransact(IActivityManager.java:121)
07-03 09:16:22.061   756 15230 W Binder  : 	at com.android.server.am.ActivityManagerService.onTransact(ActivityManagerService.java:2919)
07-03 09:16:22.061   756 15230 W Binder  : 	at android.os.Binder.execTransact(Binder.java:697)
07-03 09:16:22.077 21257 21275 I Adreno  : QUALCOMM build                   : 8e59954, I0be83d0d26
07-03 09:16:22.077 21257 21275 I Adreno  : Build Date                       : 09/22/17
07-03 09:16:22.077 21257 21275 I Adreno  : OpenGL ES Shader Compiler Version: EV031.21.02.00
07-03 09:16:22.077 21257 21275 I Adreno  : Local Branch                     : O17A
07-03 09:16:22.077 21257 21275 I Adreno  : Remote Branch                    : 
07-03 09:16:22.077 21257 21275 I Adreno  : Remote Branch                    : 
07-03 09:16:22.077 21257 21275 I Adreno  : Reconstruct Branch               : 
07-03 09:16:22.078 21257 21275 D vndksupport: Loading /vendor/lib64/hw/gralloc.msm8992.so from current namespace instead of sphal namespace.
07-03 09:16:22.090 21262 21262 I Monkey  : Events injected: 1
07-03 09:16:22.090 21257 21275 I Adreno  : PFP: 0x00000000, ME: 0x00000000
07-03 09:16:22.097   363   363 W /system/bin/hwservicemanager: getTransport: Cannot find entry android.hardware.configstore@1.0::ISurfaceFlingerConfigs/default in either framework or device manifest.
07-03 09:16:22.103 21257 21275 I zygote64: android::hardware::configstore::V1_0::ISurfaceFlingerConfigs::hasWideColorDisplay retrieved: 0
07-03 09:16:22.105 21257 21275 I OpenGLRenderer: Initialized EGL, version 1.4
07-03 09:16:22.106 21257 21275 D OpenGLRenderer: Swap behavior 2
07-03 09:16:22.108 21257 21257 D Compose Focus: Owner FocusChanged(true)
07-03 09:16:22.111 21262 21262 I Monkey  : ## Network stats: elapsed time=50ms (0ms mobile, 0ms wifi, 50ms not connected)
07-03 09:16:22.112 21262 21262 I com.android.commands.monkey: System.exit called, status: 0
07-03 09:16:22.112 21262 21262 I AndroidRuntime: VM exiting with result code 0.
07-03 09:16:22.170   363   363 W /system/bin/hwservicemanager: getTransport: Cannot find entry android.hardware.graphics.mapper@2.0::IMapper/default in either framework or device manifest.
07-03 09:16:22.171 21257 21275 D vndksupport: Loading /vendor/lib64/hw/android.hardware.graphics.mapper@2.0-impl.so from current namespace instead of sphal namespace.
07-03 09:16:22.178 21257 21275 D vndksupport: Loading /vendor/lib64/hw/gralloc.msm8992.so from current namespace instead of sphal namespace.
07-03 09:16:22.222 13208 13208 I GoogleInputMethodService: GoogleInputMethodService.onFinishInput():3306 
07-03 09:16:22.224 13208 13208 I GoogleInputMethodService: GoogleInputMethodService.updateDeviceLockedStatus():2127 repeatCheckTimes = 0, locked = false
07-03 09:16:22.224 13208 13208 I GoogleInputMethodService: GoogleInputMethodService.onStartInput():1909 onStartInput(EditorInfo{inputType=0x0(NULL) imeOptions=0x0 privateImeOptions=null actionName=UNSPECIFIED actionLabel=null actionId=0 initialSelStart=-1 initialSelEnd=-1 initialCapsMode=0x0 hintText=null label=null packageName=com.example.batterymanager_utility fieldId=-1 fieldName=null extras=null hintLocales=[]}, false)
07-03 09:16:22.224 13208 13208 I GoogleInputMethodService: GoogleInputMethodService.shouldHideHeaderOnInitialState():1990 ShouldHideHeaderOnInitialState = false
07-03 09:16:22.225 13208 13208 I GoogleInputMethodService: GoogleInputMethodService.updateDeviceLockedStatus():2127 repeatCheckTimes = 1, locked = false
07-03 09:16:22.237   756  3151 I ActivityManager: Start proc 21288:e.www.cpufactorialtest/u0a175 for activity e.www.cpufactorialtest/.MainActivity
07-03 09:16:22.238 21288 21288 I zygote64: Late-enabling -Xcheck:jni
07-03 09:16:22.516 21288 21288 I zygote64: Rejecting re-init on previously-failed class java.lang.Class<androidx.core.view.ViewCompat$2>: java.lang.NoClassDefFoundError: Failed resolution of: Landroid/view/View$OnUnhandledKeyEventListener;
07-03 09:16:22.516 21288 21288 I zygote64:   at void androidx.core.view.ViewCompat.setOnApplyWindowInsetsListener(android.view.View, androidx.core.view.OnApplyWindowInsetsListener) (ViewCompat.java:2436)
07-03 09:16:22.516 21288 21288 I zygote64:   at android.view.ViewGroup androidx.appcompat.app.AppCompatDelegateImpl.createSubDecor() (AppCompatDelegateImpl.java:779)
07-03 09:16:22.516 21288 21288 I zygote64:   at void androidx.appcompat.app.AppCompatDelegateImpl.ensureSubDecor() (AppCompatDelegateImpl.java:659)
07-03 09:16:22.516 21288 21288 I zygote64:   at void androidx.appcompat.app.AppCompatDelegateImpl.setContentView(int) (AppCompatDelegateImpl.java:552)
07-03 09:16:22.516 21288 21288 I zygote64:   at void androidx.appcompat.app.AppCompatActivity.setContentView(int) (AppCompatActivity.java:161)
07-03 09:16:22.516 21288 21288 I zygote64:   at void e.www.cpufactorialtest.MainActivity.onCreate(android.os.Bundle) (MainActivity.kt:24)
07-03 09:16:22.516 21288 21288 I zygote64:   at void android.app.Activity.performCreate(android.os.Bundle, android.os.PersistableBundle) (Activity.java:7009)
07-03 09:16:22.516 21288 21288 I zygote64:   at void android.app.Activity.performCreate(android.os.Bundle) (Activity.java:7000)
07-03 09:16:22.516 21288 21288 I zygote64:   at void android.app.Instrumentation.callActivityOnCreate(android.app.Activity, android.os.Bundle) (Instrumentation.java:1214)
07-03 09:16:22.516 21288 21288 I zygote64:   at android.app.Activity android.app.ActivityThread.performLaunchActivity(android.app.ActivityThread$ActivityClientRecord, android.content.Intent) (ActivityThread.java:2731)
07-03 09:16:22.516 21288 21288 I zygote64:   at void android.app.ActivityThread.handleLaunchActivity(android.app.ActivityThread$ActivityClientRecord, android.content.Intent, java.lang.String) (ActivityThread.java:2856)
07-03 09:16:22.516 21288 21288 I zygote64:   at void android.app.ActivityThread.-wrap11(android.app.ActivityThread, android.app.ActivityThread$ActivityClientRecord, android.content.Intent, java.lang.String) (ActivityThread.java:-1)
07-03 09:16:22.516 21288 21288 I zygote64:   at void android.app.ActivityThread$H.handleMessage(android.os.Message) (ActivityThread.java:1589)
07-03 09:16:22.516 21288 21288 I zygote64:   at void android.os.Handler.dispatchMessage(android.os.Message) (Handler.java:106)
07-03 09:16:22.516 21288 21288 I zygote64:   at void android.os.Looper.loop() (Looper.java:164)
07-03 09:16:22.516 21288 21288 I zygote64:   at void android.app.ActivityThread.main(java.lang.String[]) (ActivityThread.java:6494)
07-03 09:16:22.516 21288 21288 I zygote64:   at java.lang.Object java.lang.reflect.Method.invoke(java.lang.Object, java.lang.Object[]) (Method.java:-2)
07-03 09:16:22.516 21288 21288 I zygote64:   at void com.android.internal.os.RuntimeInit$MethodAndArgsCaller.run() (RuntimeInit.java:438)
07-03 09:16:22.516 21288 21288 I zygote64:   at void com.android.internal.os.ZygoteInit.main(java.lang.String[]) (ZygoteInit.java:807)
07-03 09:16:22.516 21288 21288 I zygote64: Caused by: java.lang.ClassNotFoundException: Didn't find class "android.view.View$OnUnhandledKeyEventListener" on path: DexPathList[[zip file "/data/app/e.www.cpufactorialtest-cuSWX3ybETHlfVXSZiBpJQ==/base.apk"],nativeLibraryDirectories=[/data/app/e.www.cpufactorialtest-cuSWX3ybETHlfVXSZiBpJQ==/lib/arm64, /system/lib64, /vendor/lib64]]
07-03 09:16:22.516 21288 21288 I zygote64:   at java.lang.Class dalvik.system.BaseDexClassLoader.findClass(java.lang.String) (BaseDexClassLoader.java:125)
07-03 09:16:22.516 21288 21288 I zygote64:   at java.lang.Class java.lang.ClassLoader.loadClass(java.lang.String, boolean) (ClassLoader.java:379)
07-03 09:16:22.516 21288 21288 I zygote64:   at java.lang.Class java.lang.ClassLoader.loadClass(java.lang.String) (ClassLoader.java:312)
07-03 09:16:22.516 21288 21288 I zygote64:   at void androidx.core.view.ViewCompat.setOnApplyWindowInsetsListener(android.view.View, androidx.core.view.OnApplyWindowInsetsListener) (ViewCompat.java:2436)
07-03 09:16:22.516 21288 21288 I zygote64:   at android.view.ViewGroup androidx.appcompat.app.AppCompatDelegateImpl.createSubDecor() (AppCompatDelegateImpl.java:779)
07-03 09:16:22.516 21288 21288 I zygote64:   at void androidx.appcompat.app.AppCompatDelegateImpl.ensureSubDecor() (AppCompatDelegateImpl.java:659)
07-03 09:16:22.516 21288 21288 I zygote64:   at void androidx.appcompat.app.AppCompatDelegateImpl.setContentView(int) (AppCompatDelegateImpl.java:552)
07-03 09:16:22.516 21288 21288 I zygote64:   at void androidx.appcompat.app.AppCompatActivity.setContentView(int) (AppCompatActivity.java:161)
07-03 09:16:22.516 21288 21288 I zygote64:   at void e.www.cpufactorialtest.MainActivity.onCreate(android.os.Bundle) (MainActivity.kt:24)
07-03 09:16:22.516 21288 21288 I zygote64:   at void android.app.Activity.performCreate(android.os.Bundle, android.os.PersistableBundle) (Activity.java:7009)
07-03 09:16:22.516 21288 21288 I zygote64:   at void android.app.Activity.performCreate(android.os.Bundle) (Activity.java:7000)
07-03 09:16:22.516 21288 21288 I zygote64:   at void android.app.Instrumentation.callActivityOnCreate(android.app.Activity, android.os.Bundle) (Instrumentation.java:1214)
07-03 09:16:22.516 21288 21288 I zygote64:   at android.app.Activity android.app.ActivityThread.performLaunchActivity(android.app.ActivityThread$ActivityClientRecord, android.content.Intent) (ActivityThread.java:2731)
07-03 09:16:22.516 21288 21288 I zygote64:   at void android.app.ActivityThread.handleLaunchActivity(android.app.ActivityThread$ActivityClientRecord, android.content.Intent, java.lang.String) (ActivityThread.java:2856)
07-03 09:16:22.516 21288 21288 I zygote64:   at void android.app.ActivityThread.-wrap11(android.app.ActivityThread, android.app.ActivityThread$ActivityClientRecord, android.content.Intent, java.lang.String) (ActivityThread.java:-1)
07-03 09:16:22.516 21288 21288 I zygote64:   at void android.app.ActivityThread$H.handleMessage(android.os.Message) (ActivityThread.java:1589)
07-03 09:16:22.516 21288 21288 I zygote64:   at void android.os.Handler.dispatchMessage(android.os.Message) (Handler.java:106)
07-03 09:16:22.516 21288 21288 I zygote64:   at void android.os.Looper.loop() (Looper.java:164)
07-03 09:16:22.516 21288 21288 I zygote64:   at void android.app.ActivityThread.main(java.lang.String[]) (ActivityThread.java:6494)
07-03 09:16:22.516 21288 21288 I zygote64:   at java.lang.Object java.lang.reflect.Method.invoke(java.lang.Object, java.lang.Object[]) (Method.java:-2)
07-03 09:16:22.516 21288 21288 I zygote64:   at void com.android.internal.os.RuntimeInit$MethodAndArgsCaller.run() (RuntimeInit.java:438)
07-03 09:16:22.516 21288 21288 I zygote64:   at void com.android.internal.os.ZygoteInit.main(java.lang.String[]) (ZygoteInit.java:807)
07-03 09:16:22.516 21288 21288 I zygote64: 
07-03 09:16:22.516 21288 21288 I zygote64: Rejecting re-init on previously-failed class java.lang.Class<androidx.core.view.ViewCompat$2>: java.lang.NoClassDefFoundError: Failed resolution of: Landroid/view/View$OnUnhandledKeyEventListener;
07-03 09:16:22.516 21288 21288 I zygote64:   at void androidx.core.view.ViewCompat.setOnApplyWindowInsetsListener(android.view.View, androidx.core.view.OnApplyWindowInsetsListener) (ViewCompat.java:2436)
07-03 09:16:22.516 21288 21288 I zygote64:   at android.view.ViewGroup androidx.appcompat.app.AppCompatDelegateImpl.createSubDecor() (AppCompatDelegateImpl.java:779)
07-03 09:16:22.516 21288 21288 I zygote64:   at void androidx.appcompat.app.AppCompatDelegateImpl.ensureSubDecor() (AppCompatDelegateImpl.java:659)
07-03 09:16:22.516 21288 21288 I zygote64:   at void androidx.appcompat.app.AppCompatDelegateImpl.setContentView(int) (AppCompatDelegateImpl.java:552)
07-03 09:16:22.516 21288 21288 I zygote64:   at void androidx.appcompat.app.AppCompatActivity.setContentView(int) (AppCompatActivity.java:161)
07-03 09:16:22.516 21288 21288 I zygote64:   at void e.www.cpufactorialtest.MainActivity.onCreate(android.os.Bundle) (MainActivity.kt:24)
07-03 09:16:22.516 21288 21288 I zygote64:   at void android.app.Activity.performCreate(android.os.Bundle, android.os.PersistableBundle) (Activity.java:7009)
07-03 09:16:22.516 21288 21288 I zygote64:   at void android.app.Activity.performCreate(android.os.Bundle) (Activity.java:7000)
07-03 09:16:22.516 21288 21288 I zygote64:   at void android.app.Instrumentation.callActivityOnCreate(android.app.Activity, android.os.Bundle) (Instrumentation.java:1214)
07-03 09:16:22.516 21288 21288 I zygote64:   at android.app.Activity android.app.ActivityThread.performLaunchActivity(android.app.ActivityThread$ActivityClientRecord, android.content.Intent) (ActivityThread.java:2731)
07-03 09:16:22.516 21288 21288 I zygote64:   at void android.app.ActivityThread.handleLaunchActivity(android.app.ActivityThread$ActivityClientRecord, android.content.Intent, java.lang.String) (ActivityThread.java:2856)
07-03 09:16:22.516 21288 21288 I zygote64:   at void android.app.ActivityThread.-wrap11(android.app.ActivityThread, android.app.ActivityThread$ActivityClientRecord, android.content.Intent, java.lang.String) (ActivityThread.java:-1)
07-03 09:16:22.516 21288 21288 I zygote64:   at void android.app.ActivityThread$H.handleMessage(android.os.Message) (ActivityThread.java:1589)
07-03 09:16:22.516 21288 21288 I zygote64:   at void android.os.Handler.dispatchMessage(android.os.Message) (Handler.java:106)
07-03 09:16:22.516 21288 21288 I zygote64:   at void android.os.Looper.loop() (Looper.java:164)
07-03 09:16:22.516 21288 21288 I zygote64:   at void android.app.ActivityThread.main(java.lang.String[]) (ActivityThread.java:6494)
07-03 09:16:22.516 21288 21288 I zygote64:   at java.lang.Object java.lang.reflect.Method.invoke(java.lang.Object, java.lang.Object[]) (Method.java:-2)
07-03 09:16:22.516 21288 21288 I zygote64:   at void com.android.internal.os.RuntimeInit$MethodAndArgsCaller.run() (RuntimeInit.java:438)
07-03 09:16:22.516 21288 21288 I zygote64:   at void com.android.internal.os.ZygoteInit.main(java.lang.String[]) (ZygoteInit.java:807)
07-03 09:16:22.517 21288 21288 I zygote64: Caused by: java.lang.ClassNotFoundException: Didn't find class "android.view.View$OnUnhandledKeyEventListener" on path: DexPathList[[zip file "/data/app/e.www.cpufactorialtest-cuSWX3ybETHlfVXSZiBpJQ==/base.apk"],nativeLibraryDirectories=[/data/app/e.www.cpufactorialtest-cuSWX3ybETHlfVXSZiBpJQ==/lib/arm64, /system/lib64, /vendor/lib64]]
07-03 09:16:22.517 21288 21288 I zygote64:   at java.lang.Class dalvik.system.BaseDexClassLoader.findClass(java.lang.String) (BaseDexClassLoader.java:125)
07-03 09:16:22.517 21288 21288 I zygote64:   at java.lang.Class java.lang.ClassLoader.loadClass(java.lang.String, boolean) (ClassLoader.java:379)
07-03 09:16:22.517 21288 21288 I zygote64:   at java.lang.Class java.lang.ClassLoader.loadClass(java.lang.String) (ClassLoader.java:312)
07-03 09:16:22.517 21288 21288 I zygote64:   at void androidx.core.view.ViewCompat.setOnApplyWindowInsetsListener(android.view.View, androidx.core.view.OnApplyWindowInsetsListener) (ViewCompat.java:2436)
07-03 09:16:22.517 21288 21288 I zygote64:   at android.view.ViewGroup androidx.appcompat.app.AppCompatDelegateImpl.createSubDecor() (AppCompatDelegateImpl.java:779)
07-03 09:16:22.517 21288 21288 I zygote64:   at void androidx.appcompat.app.AppCompatDelegateImpl.ensureSubDecor() (AppCompatDelegateImpl.java:659)
07-03 09:16:22.517 21288 21288 I zygote64:   at void androidx.appcompat.app.AppCompatDelegateImpl.setContentView(int) (AppCompatDelegateImpl.java:552)
07-03 09:16:22.517 21288 21288 I zygote64:   at void androidx.appcompat.app.AppCompatActivity.setContentView(int) (AppCompatActivity.java:161)
07-03 09:16:22.517 21288 21288 I zygote64:   at void e.www.cpufactorialtest.MainActivity.onCreate(android.os.Bundle) (MainActivity.kt:24)
07-03 09:16:22.517 21288 21288 I zygote64:   at void android.app.Activity.performCreate(android.os.Bundle, android.os.PersistableBundle) (Activity.java:7009)
07-03 09:16:22.517 21288 21288 I zygote64:   at void android.app.Activity.performCreate(android.os.Bundle) (Activity.java:7000)
07-03 09:16:22.517 21288 21288 I zygote64:   at void android.app.Instrumentation.callActivityOnCreate(android.app.Activity, android.os.Bundle) (Instrumentation.java:1214)
07-03 09:16:22.517 21288 21288 I zygote64:   at android.app.Activity android.app.ActivityThread.performLaunchActivity(android.app.ActivityThread$ActivityClientRecord, android.content.Intent) (ActivityThread.java:2731)
07-03 09:16:22.517 21288 21288 I zygote64:   at void android.app.ActivityThread.handleLaunchActivity(android.app.ActivityThread$ActivityClientRecord, android.content.Intent, java.lang.String) (ActivityThread.java:2856)
07-03 09:16:22.517 21288 21288 I zygote64:   at void android.app.ActivityThread.-wrap11(android.app.ActivityThread, android.app.ActivityThread$ActivityClientRecord, android.content.Intent, java.lang.String) (ActivityThread.java:-1)
07-03 09:16:22.517 21288 21288 I zygote64:   at void android.app.ActivityThread$H.handleMessage(android.os.Message) (ActivityThread.java:1589)
07-03 09:16:22.517 21288 21288 I zygote64:   at void android.os.Handler.dispatchMessage(android.os.Message) (Handler.java:106)
07-03 09:16:22.517 21288 21288 I zygote64:   at void android.os.Looper.loop() (Looper.java:164)
07-03 09:16:22.517 21288 21288 I zygote64:   at void android.app.ActivityThread.main(java.lang.String[]) (ActivityThread.java:6494)
07-03 09:16:22.517 21288 21288 I zygote64:   at java.lang.Object java.lang.reflect.Method.invoke(java.lang.Object, java.lang.Object[]) (Method.java:-2)
07-03 09:16:22.517 21288 21288 I zygote64:   at void com.android.internal.os.RuntimeInit$MethodAndArgsCaller.run() (RuntimeInit.java:438)
07-03 09:16:22.517 21288 21288 I zygote64:   at void com.android.internal.os.ZygoteInit.main(java.lang.String[]) (ZygoteInit.java:807)
07-03 09:16:22.517 21288 21288 I zygote64: 
07-03 09:16:22.517 21288 21288 I zygote64: Rejecting re-init on previously-failed class java.lang.Class<androidx.core.view.ViewCompat$2>: java.lang.NoClassDefFoundError: Failed resolution of: Landroid/view/View$OnUnhandledKeyEventListener;
07-03 09:16:22.517 21288 21288 I zygote64:   at void androidx.core.view.ViewCompat.setOnApplyWindowInsetsListener(android.view.View, androidx.core.view.OnApplyWindowInsetsListener) (ViewCompat.java:2436)
07-03 09:16:22.517 21288 21288 I zygote64:   at android.view.ViewGroup androidx.appcompat.app.AppCompatDelegateImpl.createSubDecor() (AppCompatDelegateImpl.java:779)
07-03 09:16:22.517 21288 21288 I zygote64:   at void androidx.appcompat.app.AppCompatDelegateImpl.ensureSubDecor() (AppCompatDelegateImpl.java:659)
07-03 09:16:22.517 21288 21288 I zygote64:   at void androidx.appcompat.app.AppCompatDelegateImpl.setContentView(int) (AppCompatDelegateImpl.java:552)
07-03 09:16:22.517 21288 21288 I zygote64:   at void androidx.appcompat.app.AppCompatActivity.setContentView(int) (AppCompatActivity.java:161)
07-03 09:16:22.517 21288 21288 I zygote64:   at void e.www.cpufactorialtest.MainActivity.onCreate(android.os.Bundle) (MainActivity.kt:24)
07-03 09:16:22.517 21288 21288 I zygote64:   at void android.app.Activity.performCreate(android.os.Bundle, android.os.PersistableBundle) (Activity.java:7009)
07-03 09:16:22.517 21288 21288 I zygote64:   at void android.app.Activity.performCreate(android.os.Bundle) (Activity.java:7000)
07-03 09:16:22.517 21288 21288 I zygote64:   at void android.app.Instrumentation.callActivityOnCreate(android.app.Activity, android.os.Bundle) (Instrumentation.java:1214)
07-03 09:16:22.517 21288 21288 I zygote64:   at android.app.Activity android.app.ActivityThread.performLaunchActivity(android.app.ActivityThread$ActivityClientRecord, android.content.Intent) (ActivityThread.java:2731)
07-03 09:16:22.517 21288 21288 I zygote64:   at void android.app.ActivityThread.handleLaunchActivity(android.app.ActivityThread$ActivityClientRecord, android.content.Intent, java.lang.String) (ActivityThread.java:2856)
07-03 09:16:22.517 21288 21288 I zygote64:   at void android.app.ActivityThread.-wrap11(android.app.ActivityThread, android.app.ActivityThread$ActivityClientRecord, android.content.Intent, java.lang.String) (ActivityThread.java:-1)
07-03 09:16:22.517 21288 21288 I zygote64:   at void android.app.ActivityThread$H.handleMessage(android.os.Message) (ActivityThread.java:1589)
07-03 09:16:22.517 21288 21288 I zygote64:   at void android.os.Handler.dispatchMessage(android.os.Message) (Handler.java:106)
07-03 09:16:22.517 21288 21288 I zygote64:   at void android.os.Looper.loop() (Looper.java:164)
07-03 09:16:22.517 21288 21288 I zygote64:   at void android.app.ActivityThread.main(java.lang.String[]) (ActivityThread.java:6494)
07-03 09:16:22.517 21288 21288 I zygote64:   at java.lang.Object java.lang.reflect.Method.invoke(java.lang.Object, java.lang.Object[]) (Method.java:-2)
07-03 09:16:22.517 21288 21288 I zygote64:   at void com.android.internal.os.RuntimeInit$MethodAndArgsCaller.run() (RuntimeInit.java:438)
07-03 09:16:22.517 21288 21288 I zygote64:   at void com.android.internal.os.ZygoteInit.main(java.lang.String[]) (ZygoteInit.java:807)
07-03 09:16:22.517 21288 21288 I zygote64: Caused by: java.lang.ClassNotFoundException: Didn't find class "android.view.View$OnUnhandledKeyEventListener" on path: DexPathList[[zip file "/data/app/e.www.cpufactorialtest-cuSWX3ybETHlfVXSZiBpJQ==/base.apk"],nativeLibraryDirectories=[/data/app/e.www.cpufactorialtest-cuSWX3ybETHlfVXSZiBpJQ==/lib/arm64, /system/lib64, /vendor/lib64]]
07-03 09:16:22.517 21288 21288 I zygote64:   at java.lang.Class dalvik.system.BaseDexClassLoader.findClass(java.lang.String) (BaseDexClassLoader.java:125)
07-03 09:16:22.517 21288 21288 I zygote64:   at java.lang.Class java.lang.ClassLoader.loadClass(java.lang.String, boolean) (ClassLoader.java:379)
07-03 09:16:22.517 21288 21288 I zygote64:   at java.lang.Class java.lang.ClassLoader.loadClass(java.lang.String) (ClassLoader.java:312)
07-03 09:16:22.517 21288 21288 I zygote64:   at void androidx.core.view.ViewCompat.setOnApplyWindowInsetsListener(android.view.View, androidx.core.view.OnApplyWindowInsetsListener) (ViewCompat.java:2436)
07-03 09:16:22.517 21288 21288 I zygote64:   at android.view.ViewGroup androidx.appcompat.app.AppCompatDelegateImpl.createSubDecor() (AppCompatDelegateImpl.java:779)
07-03 09:16:22.517 21288 21288 I zygote64:   at void androidx.appcompat.app.AppCompatDelegateImpl.ensureSubDecor() (AppCompatDelegateImpl.java:659)
07-03 09:16:22.517 21288 21288 I zygote64:   at void androidx.appcompat.app.AppCompatDelegateImpl.setContentView(int) (AppCompatDelegateImpl.java:552)
07-03 09:16:22.517 21288 21288 I zygote64:   at void androidx.appcompat.app.AppCompatActivity.setContentView(int) (AppCompatActivity.java:161)
07-03 09:16:22.517 21288 21288 I zygote64:   at void e.www.cpufactorialtest.MainActivity.onCreate(android.os.Bundle) (MainActivity.kt:24)
07-03 09:16:22.517 21288 21288 I zygote64:   at void android.app.Activity.performCreate(android.os.Bundle, android.os.PersistableBundle) (Activity.java:7009)
07-03 09:16:22.517 21288 21288 I zygote64:   at void android.app.Activity.performCreate(android.os.Bundle) (Activity.java:7000)
07-03 09:16:22.517 21288 21288 I zygote64:   at void android.app.Instrumentation.callActivityOnCreate(android.app.Activity, android.os.Bundle) (Instrumentation.java:1214)
07-03 09:16:22.517 21288 21288 I zygote64:   at android.app.Activity android.app.ActivityThread.performLaunchActivity(android.app.ActivityThread$ActivityClientRecord, android.content.Intent) (ActivityThread.java:2731)
07-03 09:16:22.517 21288 21288 I zygote64:   at void android.app.ActivityThread.handleLaunchActivity(android.app.ActivityThread$ActivityClientRecord, android.content.Intent, java.lang.String) (ActivityThread.java:2856)
07-03 09:16:22.517 21288 21288 I zygote64:   at void android.app.ActivityThread.-wrap11(android.app.ActivityThread, android.app.ActivityThread$ActivityClientRecord, android.content.Intent, java.lang.String) (ActivityThread.java:-1)
07-03 09:16:22.517 21288 21288 I zygote64:   at void android.app.ActivityThread$H.handleMessage(android.os.Message) (ActivityThread.java:1589)
07-03 09:16:22.517 21288 21288 I zygote64:   at void android.os.Handler.dispatchMessage(android.os.Message) (Handler.java:106)
07-03 09:16:22.517 21288 21288 I zygote64:   at void android.os.Looper.loop() (Looper.java:164)
07-03 09:16:22.517 21288 21288 I zygote64:   at void android.app.ActivityThread.main(java.lang.String[]) (ActivityThread.java:6494)
07-03 09:16:22.517 21288 21288 I zygote64:   at java.lang.Object java.lang.reflect.Method.invoke(java.lang.Object, java.lang.Object[]) (Method.java:-2)
07-03 09:16:22.517 21288 21288 I zygote64:   at void com.android.internal.os.RuntimeInit$MethodAndArgsCaller.run() (RuntimeInit.java:438)
07-03 09:16:22.517 21288 21288 I zygote64:   at void com.android.internal.os.ZygoteInit.main(java.lang.String[]) (ZygoteInit.java:807)
07-03 09:16:22.517 21288 21288 I zygote64: 
07-03 09:16:22.575 21288 21304 D OpenGLRenderer: HWUI GL Pipeline
07-03 09:16:22.794 21288 21304 I Adreno  : QUALCOMM build                   : 8e59954, I0be83d0d26
07-03 09:16:22.794 21288 21304 I Adreno  : Build Date                       : 09/22/17
07-03 09:16:22.794 21288 21304 I Adreno  : OpenGL ES Shader Compiler Version: EV031.21.02.00
07-03 09:16:22.794 21288 21304 I Adreno  : Local Branch                     : O17A
07-03 09:16:22.794 21288 21304 I Adreno  : Remote Branch                    : 
07-03 09:16:22.794 21288 21304 I Adreno  : Remote Branch                    : 
07-03 09:16:22.794 21288 21304 I Adreno  : Reconstruct Branch               : 
07-03 09:16:22.796 21288 21304 D vndksupport: Loading /vendor/lib64/hw/gralloc.msm8992.so from current namespace instead of sphal namespace.
07-03 09:16:22.805 21288 21304 I Adreno  : PFP: 0x00000000, ME: 0x00000000
07-03 09:16:22.811   363   363 W /system/bin/hwservicemanager: getTransport: Cannot find entry android.hardware.configstore@1.0::ISurfaceFlingerConfigs/default in either framework or device manifest.
07-03 09:16:22.818 21288 21304 I zygote64: android::hardware::configstore::V1_0::ISurfaceFlingerConfigs::hasWideColorDisplay retrieved: 0
07-03 09:16:22.818 13208 13208 I GoogleInputMethodService: GoogleInputMethodService.onFinishInput():3306 
07-03 09:16:22.819 21288 21304 I OpenGLRenderer: Initialized EGL, version 1.4
07-03 09:16:22.819 21288 21304 D OpenGLRenderer: Swap behavior 2
07-03 09:16:22.820 13208 13208 I GoogleInputMethodService: GoogleInputMethodService.updateDeviceLockedStatus():2127 repeatCheckTimes = 0, locked = false
07-03 09:16:22.820 13208 13208 I GoogleInputMethodService: GoogleInputMethodService.onStartInput():1909 onStartInput(EditorInfo{inputType=0x0(NULL) imeOptions=0x0 privateImeOptions=null actionName=UNSPECIFIED actionLabel=null actionId=0 initialSelStart=-1 initialSelEnd=-1 initialCapsMode=0x0 hintText=null label=null packageName=e.www.cpufactorialtest fieldId=-1 fieldName=null extras=null hintLocales=[]}, false)
07-03 09:16:22.820 13208 13208 I GoogleInputMethodService: GoogleInputMethodService.shouldHideHeaderOnInitialState():1990 ShouldHideHeaderOnInitialState = false
07-03 09:16:22.821 13208 13208 I GoogleInputMethodService: GoogleInputMethodService.updateDeviceLockedStatus():2127 repeatCheckTimes = 1, locked = false
07-03 09:16:22.831   363   363 W /system/bin/hwservicemanager: getTransport: Cannot find entry android.hardware.graphics.mapper@2.0::IMapper/default in either framework or device manifest.
07-03 09:16:22.833 21288 21304 D vndksupport: Loading /vendor/lib64/hw/android.hardware.graphics.mapper@2.0-impl.so from current namespace instead of sphal namespace.
07-03 09:16:22.834 21288 21304 D vndksupport: Loading /vendor/lib64/hw/gralloc.msm8992.so from current namespace instead of sphal namespace.
07-03 09:16:22.860   756   791 I ActivityManager: Displayed e.www.cpufactorialtest/.MainActivity: +630ms (total +1s422ms)
07-03 09:16:23.081  8277  8277 I A       : GEL#onSaveInstanceState
07-03 09:16:23.299   756 16255 I OpenGLRenderer: Initialized EGL, version 1.4
07-03 09:16:23.299   756 16255 D OpenGLRenderer: Swap behavior 2
07-03 09:16:23.847 21257 21257 I BatteryMgr:DataCollectionService: onStartCommand: begin
07-03 09:16:23.848 21257 21257 I BatteryMgr:DataCollectionService: onStartCommand: sampleRate => 1000
07-03 09:16:23.848 21257 21257 I BatteryMgr:DataCollectionService: onStartCommand: rawFields => Timestamp,BATTERY_PROPERTY_CURRENT_NOW,EXTRA_VOLTAGE
07-03 09:16:23.854 21257 21257 I BatteryMgr:DataCollectionService: onStartCommand: notification done
07-03 09:16:23.857 21257 21257 I BatteryMgr:DataCollectionService: started foreground
07-03 09:16:23.859   756   782 E NotificationService: Suppressing notification from package by user request.
07-03 09:16:23.878 21257 21329 I BatteryMgr:DataCollectionService: collectData: begin
07-03 09:16:23.883 21257 21329 I BatteryMgr:DataCollectionService: stats => 1688390183883,-167387,4147
07-03 09:16:24.896 21257 21329 I BatteryMgr:DataCollectionService: stats => 1688390184896,-167387,4147
07-03 09:16:25.912 21257 21329 I BatteryMgr:DataCollectionService: stats => 1688390185912,-167387,4147
07-03 09:16:26.869 21257 21340 D ProfileInstaller: Installing profile for com.example.batterymanager_utility
07-03 09:16:26.927 21257 21329 I BatteryMgr:DataCollectionService: stats => 1688390186927,-167387,4147
07-03 09:16:27.946 21257 21329 I BatteryMgr:DataCollectionService: stats => 1688390187945,-167387,4147
07-03 09:16:28.963 21257 21329 I BatteryMgr:DataCollectionService: stats => 1688390188963,-167387,4147
07-03 09:16:29.978 21257 21329 I BatteryMgr:DataCollectionService: stats => 1688390189977,-167387,4147
07-03 09:16:30.996 21257 21329 I BatteryMgr:DataCollectionService: stats => 1688390190995,-167387,4147
07-03 09:16:32.007 21257 21329 I BatteryMgr:DataCollectionService: stats => 1688390192007,-167387,4147
07-03 09:16:33.029 21257 21329 I BatteryMgr:DataCollectionService: stats => 1688390193028,-167387,4147
07-03 09:16:34.046 21257 21329 I BatteryMgr:DataCollectionService: stats => 1688390194046,-167387,4147
07-03 09:16:35.065 21257 21329 I BatteryMgr:DataCollectionService: stats => 1688390195064,-167387,4147
07-03 09:16:36.082 21257 21329 I BatteryMgr:DataCollectionService: stats => 1688390196081,-167387,4147
07-03 09:16:37.100 21257 21329 I BatteryMgr:DataCollectionService: stats => 1688390197099,-167387,4147
07-03 09:16:38.118 21257 21329 I BatteryMgr:DataCollectionService: stats => 1688390198117,-167387,4147
07-03 09:16:39.135 21257 21329 I BatteryMgr:DataCollectionService: stats => 1688390199135,-167387,4147
07-03 09:16:40.148 21257 21329 I BatteryMgr:DataCollectionService: stats => 1688390200148,-167387,4147
07-03 09:16:41.162 21257 21329 I BatteryMgr:DataCollectionService: stats => 1688390201162,-167387,4147
07-03 09:16:42.182 21257 21329 I BatteryMgr:DataCollectionService: stats => 1688390202181,-65917,4147
07-03 09:16:43.203 21257 21329 I BatteryMgr:DataCollectionService: stats => 1688390203202,-65917,4147
07-03 09:16:44.219 21257 21329 I BatteryMgr:DataCollectionService: stats => 1688390204219,-65917,4147
07-03 09:16:45.239 21257 21329 I BatteryMgr:DataCollectionService: stats => 1688390205239,-65917,4147
07-03 09:16:46.256 21257 21329 I BatteryMgr:DataCollectionService: stats => 1688390206256,-65917,4147
07-03 09:16:47.277 21257 21329 I BatteryMgr:DataCollectionService: stats => 1688390207276,-65917,4147
07-03 09:16:48.291 21257 21329 I BatteryMgr:DataCollectionService: stats => 1688390208291,-65917,4147
07-03 09:16:49.305 21257 21329 I BatteryMgr:DataCollectionService: stats => 1688390209304,-65917,4147
07-03 09:16:50.322 21257 21329 I BatteryMgr:DataCollectionService: stats => 1688390210322,-65917,4147
07-03 09:16:51.342 21257 21329 I BatteryMgr:DataCollectionService: stats => 1688390211341,-65917,4147
07-03 09:16:52.361 21257 21329 I BatteryMgr:DataCollectionService: stats => 1688390212360,-65917,4147
07-03 09:16:53.380 21257 21329 I BatteryMgr:DataCollectionService: stats => 1688390213379,-65917,4147
07-03 09:16:54.397 21257 21329 I BatteryMgr:DataCollectionService: stats => 1688390214396,-65917,4147
07-03 09:16:55.414 21257 21329 I BatteryMgr:DataCollectionService: stats => 1688390215414,-65917,4147
07-03 09:16:56.429 21257 21329 I BatteryMgr:DataCollectionService: stats => 1688390216428,-65917,4147
07-03 09:16:57.441 21257 21329 I BatteryMgr:DataCollectionService: stats => 1688390217440,-65917,4147
07-03 09:16:58.460 21257 21329 I BatteryMgr:DataCollectionService: stats => 1688390218460,-65917,4147
07-03 09:16:59.477 21257 21329 I BatteryMgr:DataCollectionService: stats => 1688390219476,-65917,4147
07-03 09:17:00.495 21257 21329 I BatteryMgr:DataCollectionService: stats => 1688390220494,-65917,4147
07-03 09:17:01.512 21257 21329 I BatteryMgr:DataCollectionService: stats => 1688390221512,-65917,4147
07-03 09:17:02.529 21257 21329 I BatteryMgr:DataCollectionService: stats => 1688390222529,-65917,4147
07-03 09:17:03.548 21257 21329 I BatteryMgr:DataCollectionService: stats => 1688390223548,-65917,4147
07-03 09:17:04.558 21257 21329 I BatteryMgr:DataCollectionService: stats => 1688390224558,-65917,4147
07-03 09:17:05.570 21257 21329 I BatteryMgr:DataCollectionService: stats => 1688390225570,-65917,4147
07-03 09:17:06.587 21257 21329 I BatteryMgr:DataCollectionService: stats => 1688390226587,-65917,4147
07-03 09:17:07.603 21257 21329 I BatteryMgr:DataCollectionService: stats => 1688390227603,-65917,4147
07-03 09:17:08.620 21257 21329 I BatteryMgr:DataCollectionService: stats => 1688390228620,-65917,4147
07-03 09:17:09.636 21257 21329 I BatteryMgr:DataCollectionService: stats => 1688390229635,-65917,4147
07-03 09:17:10.653 21257 21329 I BatteryMgr:DataCollectionService: stats => 1688390230653,-65917,4147
07-03 09:17:11.673 21257 21329 I BatteryMgr:DataCollectionService: stats => 1688390231672,-65917,4147
07-03 09:17:12.692 21257 21329 I BatteryMgr:DataCollectionService: stats => 1688390232691,-65917,4147
07-03 09:17:13.702 21257 21329 I BatteryMgr:DataCollectionService: stats => 1688390233702,-367124,4147
07-03 09:17:14.720 21257 21329 I BatteryMgr:DataCollectionService: stats => 1688390234720,-367124,4147
07-03 09:17:15.736 21257 21329 I BatteryMgr:DataCollectionService: stats => 1688390235736,-367124,4147
07-03 09:17:16.753 21257 21329 I BatteryMgr:DataCollectionService: stats => 1688390236753,-367124,4147
07-03 09:17:17.772 21257 21329 I BatteryMgr:DataCollectionService: stats => 1688390237772,-367124,4147
07-03 09:17:18.788 21257 21329 I BatteryMgr:DataCollectionService: stats => 1688390238788,-367124,4147
07-03 09:17:19.803 21257 21329 I BatteryMgr:DataCollectionService: stats => 1688390239803,-367124,4147
07-03 09:17:20.816 21257 21329 I BatteryMgr:DataCollectionService: stats => 1688390240816,-367124,4147
07-03 09:17:21.826 21257 21329 I BatteryMgr:DataCollectionService: stats => 1688390241826,-367124,4147
07-03 09:17:22.843 21257 21329 I BatteryMgr:DataCollectionService: stats => 1688390242842,-367124,4147
07-03 09:17:23.852 21257 21329 I BatteryMgr:DataCollectionService: stats => 1688390243852,-367124,4147
07-03 09:17:24.398   756   782 E NotificationService: Suppressing notification from package by user request.
07-03 09:17:24.756   756   774 I ActivityManager: Force stopping e.www.cpufactorialtest appid=10175 user=0: from pid 21371
07-03 09:17:24.757   756   774 I ActivityManager: Killing 21288:e.www.cpufactorialtest/u0a175 (adj 0): stop e.www.cpufactorialtest
07-03 09:17:24.758   756   774 W ActivityManager: Force removing ActivityRecord{6622638 u0 e.www.cpufactorialtest/.MainActivity t912}: app died, no saved state
07-03 09:17:24.758   756   784 W zygote64: kill(-21288, 9) failed: No such process
07-03 09:17:24.764   756   774 I WindowManager: Failed to capture screenshot of Token{6bf8611 ActivityRecord{6622638 u0 e.www.cpufactorialtest/.MainActivity t912 f}} appWin=Window{6cc575f u0 e.www.cpufactorialtest/e.www.cpufactorialtest.MainActivity} drawState=4
07-03 09:17:24.802   756   784 W zygote64: kill(-21288, 9) failed: No such process
07-03 09:17:24.802  1466  1466 D CarrierSvcBindHelper: No carrier app for: 0
07-03 09:17:24.811  3076  3076 D RegisteredNfcFServicesCache: Service unchanged, not updating
07-03 09:17:24.844   756   784 W zygote64: kill(-21288, 9) failed: No such process
07-03 09:17:24.849 13208 13208 I GoogleInputMethodService: GoogleInputMethodService.onFinishInput():3306 
07-03 09:17:24.850 13208 13208 I GoogleInputMethodService: GoogleInputMethodService.updateDeviceLockedStatus():2127 repeatCheckTimes = 0, locked = false
07-03 09:17:24.850 13208 13208 I GoogleInputMethodService: GoogleInputMethodService.onStartInput():1909 onStartInput(EditorInfo{inputType=0x0(NULL) imeOptions=0x0 privateImeOptions=null actionName=UNSPECIFIED actionLabel=null actionId=0 initialSelStart=-1 initialSelEnd=-1 initialCapsMode=0x0 hintText=null label=null packageName=com.example.batterymanager_utility fieldId=-1 fieldName=null extras=null hintLocales=[]}, false)
07-03 09:17:24.850 13208 13208 I GoogleInputMethodService: GoogleInputMethodService.shouldHideHeaderOnInitialState():1990 ShouldHideHeaderOnInitialState = false
07-03 09:17:24.851 13208 13208 I GoogleInputMethodService: GoogleInputMethodService.updateDeviceLockedStatus():2127 repeatCheckTimes = 1, locked = false
07-03 09:17:24.859   756   791 W ActivityManager: setHasOverlayUi called on unknown pid: 21288
07-03 09:17:24.890   756   784 W zygote64: kill(-21288, 9) failed: No such process
07-03 09:17:24.890   756   784 I zygote64: Successfully killed process cgroup uid 10175 pid 21288 in 132ms
07-03 09:17:28.232   756  2063 I ActivityManager: Force stopping com.example.batterymanager_utility appid=10111 user=0: from pid 21380
07-03 09:17:28.233   756  2063 I ActivityManager: Killing 21257:com.example.batterymanager_utility/u0a111 (adj 0): stop com.example.batterymanager_utility
07-03 09:17:28.234   756  2063 W ActivityManager: Force removing ActivityRecord{64bdbd8 u0 com.example.batterymanager_utility/.MainActivity t911}: app died, no saved state
07-03 09:17:28.235   756   784 W zygote64: kill(-21257, 9) failed: No such process
07-03 09:17:28.242   756  2063 I WindowManager: Failed to capture screenshot of Token{c589b31 ActivityRecord{64bdbd8 u0 com.example.batterymanager_utility/.MainActivity t911 f}} appWin=Window{3d91320 u0 com.example.batterymanager_utility/com.example.batterymanager_utility.MainActivity} drawState=4
07-03 09:17:28.277   756   784 W zygote64: kill(-21257, 9) failed: No such process
07-03 09:17:28.285  1466  1466 D CarrierSvcBindHelper: No carrier app for: 0
07-03 09:17:28.291  3076  3076 D RegisteredNfcFServicesCache: Service unchanged, not updating
07-03 09:17:28.297  8277  8277 D PrimesStartupMeasure: Error handling StartupMeasure's onActivityResume
07-03 09:17:28.297  8277  8277 D PrimesStartupMeasure: java.lang.NullPointerException: Attempt to invoke virtual method 'android.view.ViewTreeObserver android.view.View.getViewTreeObserver()' on a null object reference
07-03 09:17:28.297  8277  8277 D PrimesStartupMeasure: 	at com.google.android.libraries.performance.primes.metrics.h.m.onActivityResumed(PG:3)
07-03 09:17:28.297  8277  8277 D PrimesStartupMeasure: 	at android.app.Application.dispatchActivityResumed(Application.java:216)
07-03 09:17:28.297  8277  8277 D PrimesStartupMeasure: 	at android.app.Activity.onResume(Activity.java:1313)
07-03 09:17:28.297  8277  8277 D PrimesStartupMeasure: 	at com.android.launcher3.Launcher.onResume(PG:1)
07-03 09:17:28.297  8277  8277 D PrimesStartupMeasure: 	at android.app.Instrumentation.callActivityOnResume(Instrumentation.java:1355)
07-03 09:17:28.297  8277  8277 D PrimesStartupMeasure: 	at android.app.Activity.performResume(Activity.java:7117)
07-03 09:17:28.297  8277  8277 D PrimesStartupMeasure: 	at android.app.ActivityThread.performResumeActivity(ActivityThread.java:3556)
07-03 09:17:28.297  8277  8277 D PrimesStartupMeasure: 	at android.app.ActivityThread.handleResumeActivity(ActivityThread.java:3621)
07-03 09:17:28.297  8277  8277 D PrimesStartupMeasure: 	at android.app.ActivityThread$H.handleMessage(ActivityThread.java:1638)
07-03 09:17:28.297  8277  8277 D PrimesStartupMeasure: 	at android.os.Handler.dispatchMessage(Handler.java:106)
07-03 09:17:28.297  8277  8277 D PrimesStartupMeasure: 	at android.os.Looper.loop(Looper.java:164)
07-03 09:17:28.297  8277  8277 D PrimesStartupMeasure: 	at android.app.ActivityThread.main(ActivityThread.java:6494)
07-03 09:17:28.297  8277  8277 D PrimesStartupMeasure: 	at java.lang.reflect.Method.invoke(Native Method)
07-03 09:17:28.297  8277  8277 D PrimesStartupMeasure: 	at com.android.internal.os.RuntimeInit$MethodAndArgsCaller.run(RuntimeInit.java:438)
07-03 09:17:28.297  8277  8277 D PrimesStartupMeasure: 	at com.android.internal.os.ZygoteInit.main(ZygoteInit.java:807)
07-03 09:17:28.300   756   791 W ActivityManager: setHasOverlayUi called on unknown pid: 21257
07-03 09:17:28.308   756   784 W zygote64: kill(-21257, 9) failed: No such process
07-03 09:17:28.308   756   784 I zygote64: Successfully killed process cgroup uid 10111 pid 21257 in 74ms
07-03 09:17:28.309   428   428 D SurfaceFlinger: duplicate layer name: changing com.google.android.googlequicksearchbox/com.google.android.launcher.GEL to com.google.android.googlequicksearchbox/com.google.android.launcher.GEL#1
07-03 09:17:28.324 30320 30320 I GsaVoiceInteractionSrv: Handling ACTION_START_HOTWORD
07-03 09:17:28.327 30320 30377 I GsaVoiceInteractionSrv: (REDACTED) disregardHotwordSetting: %b
07-03 09:17:28.327 30320 30377 I GsaVoiceInteractionSrv: Cannot start hotword, hotword has been explicitly disabled.
07-03 09:17:28.333 13208 13208 I GoogleInputMethodService: GoogleInputMethodService.onFinishInput():3306 
07-03 09:17:28.334 13208 13208 I GoogleInputMethodService: GoogleInputMethodService.updateDeviceLockedStatus():2127 repeatCheckTimes = 0, locked = false
07-03 09:17:28.335 13208 13208 I GoogleInputMethodService: GoogleInputMethodService.onStartInput():1909 onStartInput(EditorInfo{inputType=0x0(NULL) imeOptions=0x0 privateImeOptions=null actionName=UNSPECIFIED actionLabel=null actionId=0 initialSelStart=-1 initialSelEnd=-1 initialCapsMode=0x0 hintText=null label=null packageName=com.google.android.googlequicksearchbox fieldId=-1 fieldName=null extras=null hintLocales=[]}, false)
07-03 09:17:28.335 13208 13208 I GoogleInputMethodService: GoogleInputMethodService.shouldHideHeaderOnInitialState():1990 ShouldHideHeaderOnInitialState = false
07-03 09:17:28.335 13208 13208 I GoogleInputMethodService: GoogleInputMethodService.updateDeviceLockedStatus():2127 repeatCheckTimes = 1, locked = false
07-03 09:17:28.884  8277  8312 W OpenGLRenderer: Incorrectly called buildLayer on View: ShortcutAndWidgetContainer, destroying layer...
