--------- beginning of main
07-12 01:25:01.710 18597 18597 D ProcessState: Binder ioctl to enable oneway spam detection failed: Invalid argument
--------- beginning of system
07-12 01:25:01.718  2161  4060 I ActivityTaskManager: START u0 {act=android.intent.action.MAIN cat=[android.intent.category.LAUNCHER] flg=0x10000000 cmp=com.example.batterymanager_utility/.MainActivity} from uid 2000
07-12 01:25:01.722  2161  4060 W ActivityTaskManager: Can't find TaskDisplayArea to determine support for multi window. Task id=73 attached=false
07-12 01:25:01.727  2161  4060 D CompatibilityChangeReporter: Compat change id reported: 174042980; UID 10232; state: DISABLED
07-12 01:25:01.728  2161  4060 D CompatibilityChangeReporter: Compat change id reported: 184838306; UID 10232; state: DISABLED
07-12 01:25:01.729  2161  4060 D CompatibilityChangeReporter: Compat change id reported: 185004937; UID 10232; state: DISABLED
07-12 01:25:01.738  2161  4060 D CompatibilityChangeReporter: Compat change id reported: 168419799; UID 10232; state: DISABLED
07-12 01:25:01.754  2161  2186 W ActivityManager: ProcessRecord{187b5e2 0:com.example.batterymanager_utility/u0a232}: ART verification disabled
07-12 01:25:01.754  2161  2186 D CompatibilityChangeReporter: Compat change id reported: 135634846; UID 10232; state: DISABLED
07-12 01:25:01.754  2161  2186 D CompatibilityChangeReporter: Compat change id reported: 177438394; UID 10232; state: DISABLED
07-12 01:25:01.754  2161  2186 D CompatibilityChangeReporter: Compat change id reported: 135772972; UID 10232; state: DISABLED
07-12 01:25:01.754  2161  2186 D CompatibilityChangeReporter: Compat change id reported: 135754954; UID 10232; state: ENABLED
07-12 01:25:01.755  2161  2196 D CompatibilityChangeReporter: Compat change id reported: 143937733; UID 10232; state: ENABLED
07-12 01:25:01.763  1084  1084 D Zygote  : Forked child process 18600
07-12 01:25:01.767  2161  2196 I ActivityManager: Start proc 18600:com.example.batterymanager_utility/u0a232 for pre-top-activity {com.example.batterymanager_utility/com.example.batterymanager_utility.MainActivity}
07-12 01:25:01.768 18600 18600 I manager_utilit: Late-enabling -Xcheck:jni
07-12 01:25:01.796 18600 18600 I manager_utilit: Using CollectorTypeCC GC.
07-12 01:25:01.800 10195 10203 I adbd    : jdwp connection from 18600
07-12 01:25:01.803 18600 18600 D ProcessState: Binder ioctl to enable oneway spam detection failed: Invalid argument
07-12 01:25:01.814 18600 18600 D CompatibilityChangeReporter: Compat change id reported: 171979766; UID 10232; state: ENABLED
07-12 01:25:01.822 18600 18600 D nativeloader: Configuring classloader-namespace for other apk /data/app/~~mkQVCO-Ba43aYUX02J4tJQ==/com.example.batterymanager_utility-8tGom1q-JmvJanbqsxIr7A==/base.apk. target_sdk_version=33, uses_libraries=, library_path=/data/app/~~mkQVCO-Ba43aYUX02J4tJQ==/com.example.batterymanager_utility-8tGom1q-JmvJanbqsxIr7A==/lib/arm64, permitted_path=/data:/mnt/expand:/data/user/0/com.example.batterymanager_utility
07-12 01:25:01.828 18600 18600 V GraphicsEnvironment: ANGLE Developer option for 'com.example.batterymanager_utility' set to: 'default'
07-12 01:25:01.828 18600 18600 V GraphicsEnvironment: App is not on the allowlist for updatable production driver.
07-12 01:25:01.830 18600 18600 D NetworkSecurityConfig: No Network Security Config specified, using platform default
07-12 01:25:01.830 18600 18600 D NetworkSecurityConfig: No Network Security Config specified, using platform default
07-12 01:25:01.835 18600 18600 I BatteryMgr:App: creating notification channel
07-12 01:25:01.850  4061  4061 I A       : onPause
07-12 01:25:01.853 18607 18607 D AndroidRuntime: >>>>>> START com.android.internal.os.RuntimeInit uid 2000 <<<<<<
07-12 01:25:01.854  3638  3638 I GsaVoiceInteractionSrv: Handling ACTION_STOP_HOTWORD
07-12 01:25:01.854 18607 18607 W app_process: type=1400 audit(0.0:136): avc: denied { read } for name="u:object_r:odsign_prop:s0" dev="tmpfs" ino=16607 scontext=u:r:shell:s0 tcontext=u:object_r:odsign_prop:s0 tclass=file permissive=0
07-12 01:25:01.858 18607 18607 I AndroidRuntime: Using default boot image
07-12 01:25:01.858 18607 18607 I AndroidRuntime: Leaving lock profiling enabled
07-12 01:25:01.858 18607 18607 W libc    : Access denied finding property "odsign.verification.success"
07-12 01:25:01.861 18607 18607 W app_process: ART APEX data files are untrusted.
07-12 01:25:01.861 18607 18607 I app_process: Using CollectorTypeCC GC.
07-12 01:25:01.861 18607 18607 E app_process: Error reading named image component header for /system/framework/boot.art, error: Unable to open file "/system/framework/arm64/boot.art" for reading image header
07-12 01:25:01.878 18628 18628 W dex2oat64: Mismatch between dex2oat instruction set features to use (ISA: Arm64 Feature string: -a53,crc,lse,fp16,-dotprod,-sve) and those from CPP defines (ISA: Arm64 Feature string: -a53,-crc,-lse,-fp16,-dotprod,-sve) for the command line:
07-12 01:25:01.878 18628 18628 W dex2oat64: /apex/com.android.art/bin/dex2oat64 --runtime-arg -Xbootclasspath:/apex/com.android.art/javalib/core-oj.jar:/apex/com.android.art/javalib/core-libart.jar:/apex/com.android.art/javalib/okhttp.jar:/apex/com.android.art/javalib/bouncycastle.jar:/apex/com.android.art/javalib/apache-xml.jar:/system/framework/framework.jar:/system/framework/framework-graphics.jar:/system/framework/ext.jar:/system/framework/telephony-common.jar:/system/framework/voip-common.jar:/system/framework/ims-common.jar:/apex/com.android.i18n/javalib/core-icu4j.jar --runtime-arg -Xbootclasspath-locations:/apex/com.android.art/javalib/core-oj.jar:/apex/com.android.art/javalib/core-libart.jar:/apex/com.android.art/javalib/okhttp.jar:/apex/com.android.art/javalib/bouncycastle.jar:/apex/com.android.art/javalib/apache-xml.jar:/system/framework/framework.jar:/system/framework/framework-graphics.jar:/system/framework/ext.jar:/system/framework/telephony-common.jar:/system/framework/voip-common.jar:/system/framework/ims-common.jar:/apex/com.android.i18n/javalib/core-icu4j.jar --base=0x70000000 --dex-file=/apex/com.android.art/javalib/core-oj.jar --dex-location=/apex/com.android.art/javalib/core-oj.jar --dex-file=/apex/com.android.art/javalib/core-libart.jar --dex-location=/apex/com.android.art/javalib/core-libart.jar --dex-file=/apex/com.android.art/javalib/okhttp.jar --dex-location=/apex/com.android.art/javalib/okhttp.jar --dex-file=/apex/com.android.art/javalib/bouncycastle.jar --dex-location=/apex/com.android.art/javalib/bouncycastle.jar --dex-file=/apex/com.android.art/javalib/apache-xml.jar --dex-location=/apex/com.android.art/javalib/apache-xml.jar --dex-file=/system/framework/framework.jar --dex-location=/system/framework/framework.jar --dex-file=/system/framework/framework-graphics.jar --dex-location=/system/framework/framework-graphics.jar --dex-file=/system/framework/ext.jar --dex-location=/system/framework/ext.jar --dex-file=/system/framework/telephony-common.jar --dex-location=/system/framework/telephony-common.jar --dex-file=/system/framework/voip-common.jar --dex-location=/system/framework/voip-common.jar --dex-file=/system/framework/ims-common.jar --dex-location=/system/framework/ims-common.jar --dex-file=/apex/com.android.i18n/javalib/core-icu4j.jar --dex-location=/apex/com.android.i18n/javalib/core-icu4j.jar --image-fd=5 --output-vdex-fd=6 --oat-fd=7 --oat-location=/system/framework/arm64/boot.oat --single-image --image-format=uncompressed --compiler-filter=verify --profile-file=/apex/com.android.art/etc/boot-image.prof --profile-file=/system/etc/boot-image.prof --avoid-storing-invocation --instruction-set=arm64 --instruction-set-features=runtime --runtime-arg -Xms64m --runtime-arg -Xmx64m --dirty-image-objects=/system/etc/dirty-image-objects --instruction-set-variant=kryo385 --instruction-set-features=default --generate-mini-debug-info
07-12 01:25:01.896 18628 18628 I dex2oat64: /apex/com.android.art/bin/dex2oat64 --runtime-arg -Xbootclasspath:/apex/com.android.art/javalib/core-oj.jar:/apex/com.android.art/javalib/core-libart.jar:/apex/com.android.art/javalib/okhttp.jar:/apex/com.android.art/javalib/bouncycastle.jar:/apex/com.android.art/javalib/apache-xml.jar:/system/framework/framework.jar:/system/framework/framework-graphics.jar:/system/framework/ext.jar:/system/framework/telephony-common.jar:/system/framework/voip-common.jar:/system/framework/ims-common.jar:/apex/com.android.i18n/javalib/core-icu4j.jar --runtime-arg -Xbootclasspath-locations:/apex/com.android.art/javalib/core-oj.jar:/apex/com.android.art/javalib/core-libart.jar:/apex/com.android.art/javalib/okhttp.jar:/apex/com.android.art/javalib/bouncycastle.jar:/apex/com.android.art/javalib/apache-xml.jar:/system/framework/framework.jar:/system/framework/framework-graphics.jar:/system/framework/ext.jar:/system/framework/telephony-common.jar:/system/framework/voip-common.jar:/system/framework/ims-common.jar:/apex/com.android.i18n/javalib/core-icu4j.jar --base=0x70000000 --dex-file=/apex/com.android.art/javalib/core-oj.jar --dex-location=/apex/com.android.art/javalib/core-oj.jar --dex-file=/apex/com.android.art/javalib/core-libart.jar --dex-location=/apex/com.android.art/javalib/core-libart.jar --dex-file=/apex/com.android.art/javalib/okhttp.jar --dex-location=/apex/com.android.art/javalib/okhttp.jar --dex-file=/apex/com.android.art/javalib/bouncycastle.jar --dex-location=/apex/com.android.art/javalib/bouncycastle.jar --dex-file=/apex/com.android.art/javalib/apache-xml.jar --dex-location=/apex/com.android.art/javalib/apache-xml.jar --dex-file=/system/framework/framework.jar --dex-location=/system/framework/framework.jar --dex-file=/system/framework/framework-graphics.jar --dex-location=/system/framework/framework-graphics.jar --dex-file=/system/framework/ext.jar --dex-location=/system/framework/ext.jar --dex-file=/system/framework/telephony-common.jar --dex-location=/system/framework/telephony-common.jar --dex-file=/system/framework/voip-common.jar --dex-location=/system/framework/voip-common.jar --dex-file=/system/framework/ims-common.jar --dex-location=/system/framework/ims-common.jar --dex-file=/apex/com.android.i18n/javalib/core-icu4j.jar --dex-location=/apex/com.android.i18n/javalib/core-icu4j.jar --image-fd=5 --output-vdex-fd=6 --oat-fd=7 --oat-location=/system/framework/arm64/boot.oat --single-image --image-format=uncompressed --compiler-filter=verify --profile-file=/apex/com.android.art/etc/boot-image.prof --profile-file=/system/etc/boot-image.prof --avoid-storing-invocation --instruction-set=arm64 --instruction-set-features=runtime --runtime-arg -Xms64m --runtime-arg -Xmx64m --dirty-image-objects=/system/etc/dirty-image-objects --instruction-set-variant=kryo385 --instruction-set-features=default --generate-mini-debug-info
07-12 01:25:01.897 18628 18628 I dex2oat64: setting boot class path to /apex/com.android.art/javalib/core-oj.jar:/apex/com.android.art/javalib/core-libart.jar:/apex/com.android.art/javalib/okhttp.jar:/apex/com.android.art/javalib/bouncycastle.jar:/apex/com.android.art/javalib/apache-xml.jar:/system/framework/framework.jar:/system/framework/framework-graphics.jar:/system/framework/ext.jar:/system/framework/telephony-common.jar:/system/framework/voip-common.jar:/system/framework/ims-common.jar:/apex/com.android.i18n/javalib/core-icu4j.jar
07-12 01:25:01.966  2161  2187 D CompatibilityChangeReporter: Compat change id reported: 158002302; UID 10232; state: ENABLED
07-12 01:25:01.968 18600 18625 I AdrenoGLES-0: QUALCOMM build                   : 781e7d0, I46ff5fc46f
07-12 01:25:01.968 18600 18625 I AdrenoGLES-0: Build Date                       : 12/01/20
07-12 01:25:01.968 18600 18625 I AdrenoGLES-0: OpenGL ES Shader Compiler Version: EV031.31.04.01
07-12 01:25:01.968 18600 18625 I AdrenoGLES-0: Local Branch                     : QPR1
07-12 01:25:01.968 18600 18625 I AdrenoGLES-0: Remote Branch                    : 
07-12 01:25:01.968 18600 18625 I AdrenoGLES-0: Remote Branch                    : 
07-12 01:25:01.968 18600 18625 I AdrenoGLES-0: Reconstruct Branch               : 
07-12 01:25:01.968 18600 18625 I AdrenoGLES-0: Build Config                     : C P 11.0.1 AArch64
07-12 01:25:01.968 18600 18625 I AdrenoGLES-0: Driver Path                      : /vendor/lib64/egl/libGLESv2_adreno.so
07-12 01:25:01.970 18600 18625 I AdrenoGLES-0: PFP: 0x016ee190, ME: 0x00000000
07-12 01:25:01.972 18600 18625 W AdrenoUtils: <ReadGpuID_from_sysfs:197>: Failed to open /sys/class/kgsl/kgsl-3d0/gpu_model
07-12 01:25:01.972 18600 18625 W AdrenoUtils: <ReadGpuID:221>: Failed to read chip ID from gpu_model. Fallback to use the GSL path
07-12 01:25:01.977   740   740 I SDM     : HWCDisplay::GetColorModeCount: Supported color mode count = 5
07-12 01:25:01.978   738  1494 E HWComposer: getSupportedContentTypes: getSupportedContentTypes failed for display 0: Unsupported (8)
07-12 01:25:01.978 18600 18625 D hw-ProcessState: Binder ioctl to enable oneway spam detection failed: Invalid argument
07-12 01:25:01.979   689   689 I hwservicemanager: getTransport: Cannot find entry android.hardware.graphics.mapper@4.0::IMapper/default in either framework or device VINTF manifest.
07-12 01:25:01.979 18600 18630 I Gralloc4: mapper 4.x is not supported
07-12 01:25:01.979   689   689 I hwservicemanager: getTransport: Cannot find entry android.hardware.graphics.mapper@3.0::IMapper/default in either framework or device VINTF manifest.
07-12 01:25:01.979 18600 18630 W Gralloc3: mapper 3.x is not supported
07-12 01:25:01.980   689   689 I hwservicemanager: getTransport: Cannot find entry android.hardware.graphics.allocator@4.0::IAllocator/default in either framework or device VINTF manifest.
07-12 01:25:01.980 18600 18630 W Gralloc4: allocator 4.x is not supported
07-12 01:25:01.980   689   689 I hwservicemanager: getTransport: Cannot find entry android.hardware.graphics.allocator@3.0::IAllocator/default in either framework or device VINTF manifest.
07-12 01:25:01.980 18600 18630 W Gralloc3: allocator 3.x is not supported
07-12 01:25:01.998  2161  2183 I ActivityTaskManager: Displayed com.example.batterymanager_utility/.MainActivity: +277ms
07-12 01:25:02.010  3660  3660 I GoogleInputMethodService: GoogleInputMethodService.onFinishInput():3306 
07-12 01:25:02.011  3660  3660 I GoogleInputMethodService: GoogleInputMethodService.updateDeviceLockedStatus():2127 repeatCheckTimes = 0, locked = false
07-12 01:25:02.012  3660  3660 I GoogleInputMethodService: GoogleInputMethodService.onStartInput():1909 onStartInput(EditorInfo{inputType=0x0(NULL) imeOptions=0x0 privateImeOptions=null actionName=UNSPECIFIED actionLabel=null actionId=0 initialSelStart=-1 initialSelEnd=-1 initialCapsMode=0x0 hintText=null label=null packageName=com.example.batterymanager_utility fieldId=-1 fieldName=null extras=null hintLocales=[]}, false)
07-12 01:25:02.012  3660  3660 I GoogleInputMethodService: GoogleInputMethodService.shouldHideHeaderOnInitialState():1990 ShouldHideHeaderOnInitialState = false
07-12 01:25:02.012  3660  3660 I GoogleInputMethodService: GoogleInputMethodService.updateDeviceLockedStatus():2127 repeatCheckTimes = 1, locked = false
07-12 01:25:02.054  2518  2518 I WallpaperService: engine paused
07-12 01:25:02.055  2161  2186 W ProcessStats: Tracking association SourceState{1cda956 com.google.android.apps.messaging:rcs/10123 BTopFgs #11194} whose proc state 2 is better than process ProcessState{300303b com.google.android.gms.persistent/10125 pkg=com.google.android.gms} proc state 3 (28 skipped)
07-12 01:25:02.074  4061  4061 I A       : (REDACTED) onApplyWindowInsets: systemWindowInsets=%s
07-12 01:25:02.075  4061  4061 I A       : (REDACTED) onApplyWindowInsets: systemWindowInsets=%s
07-12 01:25:02.086  4061  4061 I A       : onStop
07-12 01:25:02.188 18628 18628 I dex2oat64: Using CollectorTypeCC GC.
07-12 01:25:02.292  2161  3704 W InputManager-JNI: Input channel object '86f4fc4 Splash Screen com.example.batterymanager_utility (client)' was disposed without first being removed with the input manager!
07-12 01:25:03.762  2161  2297 D ConnectivityService: NetReassign [no changes] [c 0] [a 0] [i 3]
07-12 01:25:03.979 18628 18628 I dex2oat64: Explicit concurrent copying GC freed 88232(11MB) AllocSpace objects, 5(84KB) LOS objects, 27% free, 15MB/21MB, paused 21us,15us total 90.818ms
07-12 01:25:04.190 18628 18628 I dex2oat64: Explicit concurrent copying GC freed 41961(7495KB) AllocSpace objects, 0(0B) LOS objects, 41% free, 8512KB/14MB, paused 17us,9us total 43.462ms
07-12 01:25:04.650 18628 18628 I dex2oat64: dex2oat took 2.774s (5.692s cpu) (threads: 8) arena alloc=0B (0B) java alloc=8512KB (8716512B) native alloc=15MB (16378528B) free=3994KB (4089968B)
07-12 01:25:04.774 18607 18607 D app_process: Time zone APEX ICU file found: /apex/com.android.tzdata/etc/icu/icu_tzdata.dat
07-12 01:25:04.774 18607 18607 D app_process: I18n APEX ICU file found: /apex/com.android.i18n/etc/icu/icudt68l.dat
07-12 01:25:04.826 18607 18607 D ProcessState: Binder ioctl to enable oneway spam detection failed: Invalid argument
07-12 01:25:04.826 18607 18607 D AndroidRuntime: Calling main entry com.android.commands.monkey.Monkey
07-12 01:25:04.832 18607 18607 W Monkey  : args: [-p, e.www.writeroomtest, 1]
07-12 01:25:04.832 18607 18607 W Monkey  :  arg: "-p"
07-12 01:25:04.832 18607 18607 W Monkey  :  arg: "e.www.writeroomtest"
07-12 01:25:04.833 18607 18607 W Monkey  :  arg: "1"
07-12 01:25:04.833 18607 18607 W Monkey  : data="e.www.writeroomtest"
07-12 01:25:04.890  2161  2195 W BroadcastQueue: Skipping deliver [background] BroadcastRecord{ad6b669 u-1 android.net.conn.CONNECTIVITY_CHANGE} to ReceiverList{735d8ee 18607 (unknown name)/2000/u-1 remote:4a95533}: process gone or crashing
07-12 01:25:04.905  2161  3704 I ActivityTaskManager: START u0 {act=android.intent.action.MAIN cat=[android.intent.category.LAUNCHER] flg=0x10200000 cmp=e.www.writeroomtest/.MainActivity} from uid 2000
07-12 01:25:04.907  2161  3704 W ActivityTaskManager: Can't find TaskDisplayArea to determine support for multi window. Task id=74 attached=false
07-12 01:25:04.910  2161  3704 D CompatibilityChangeReporter: Compat change id reported: 174042980; UID 10220; state: DISABLED
07-12 01:25:04.911  2161  3704 D CompatibilityChangeReporter: Compat change id reported: 184838306; UID 10220; state: DISABLED
07-12 01:25:04.912  2161  3704 D CompatibilityChangeReporter: Compat change id reported: 185004937; UID 10220; state: DISABLED
07-12 01:25:04.918  2161  3704 D CompatibilityChangeReporter: Compat change id reported: 168419799; UID 10220; state: DISABLED
07-12 01:25:04.924 18607 18607 I Monkey  : Events injected: 1
07-12 01:25:04.943  2161  2186 W ActivityManager: ProcessRecord{8bffe08 0:e.www.writeroomtest/u0a220}: ART verification disabled
07-12 01:25:04.943  2161  2186 D CompatibilityChangeReporter: Compat change id reported: 135634846; UID 10220; state: DISABLED
07-12 01:25:04.943  2161  2186 D CompatibilityChangeReporter: Compat change id reported: 177438394; UID 10220; state: DISABLED
07-12 01:25:04.943  2161  2186 D CompatibilityChangeReporter: Compat change id reported: 135772972; UID 10220; state: DISABLED
07-12 01:25:04.943  2161  2186 D CompatibilityChangeReporter: Compat change id reported: 135754954; UID 10220; state: DISABLED
07-12 01:25:04.944  2161  2196 D CompatibilityChangeReporter: Compat change id reported: 143937733; UID 10220; state: DISABLED
07-12 01:25:04.952  1084  1084 D Zygote  : Forked child process 18656
07-12 01:25:04.953  2518  2872 W OpenGLRenderer: Surface doesn't have any previously queued frames, nothing to readback from
07-12 01:25:04.955 18607 18607 I Monkey  : ## Network stats: elapsed time=38ms (0ms mobile, 0ms wifi, 38ms not connected)
07-12 01:25:04.956 18607 18607 I app_process: System.exit called, status: 0
07-12 01:25:04.956 18607 18607 I AndroidRuntime: VM exiting with result code 0.
07-12 01:25:04.957 18656 18656 I w.writeroomtes: Late-enabling -Xcheck:jni
07-12 01:25:04.959  2161  2196 I ActivityManager: Start proc 18656:e.www.writeroomtest/u0a220 for pre-top-activity {e.www.writeroomtest/e.www.writeroomtest.MainActivity}
07-12 01:25:04.960  2518  2518 I WallpaperService: engine resumed
07-12 01:25:04.965  2518  2872 W OpenGLRenderer: Surface doesn't have any previously queued frames, nothing to readback from
07-12 01:25:04.986 18656 18656 I w.writeroomtes: Using CollectorTypeCC GC.
07-12 01:25:04.991 10195 10203 I adbd    : jdwp connection from 18656
07-12 01:25:04.993 18656 18656 D ProcessState: Binder ioctl to enable oneway spam detection failed: Invalid argument
07-12 01:25:04.996  2807  2822 W s.nexuslaunche: Reducing the number of considered missed Gc histogram windows from 240 to 100
07-12 01:25:05.007 18656 18656 D CompatibilityChangeReporter: Compat change id reported: 171979766; UID 10220; state: DISABLED
07-12 01:25:05.013 18656 18656 D ApplicationLoaders: Returning zygote-cached class loader: /system/framework/android.test.base.jar
07-12 01:25:05.016 18656 18656 D nativeloader: Configuring classloader-namespace for other apk /data/app/~~3UecZjecKnsAPaijf3X7-Q==/e.www.writeroomtest-SXlVonZT46vJE9Gwb5YwpQ==/base.apk. target_sdk_version=28, uses_libraries=, library_path=/data/app/~~3UecZjecKnsAPaijf3X7-Q==/e.www.writeroomtest-SXlVonZT46vJE9Gwb5YwpQ==/lib/arm64, permitted_path=/data:/mnt/expand:/data/user/0/e.www.writeroomtest
07-12 01:25:05.022 18656 18656 V GraphicsEnvironment: ANGLE Developer option for 'e.www.writeroomtest' set to: 'default'
07-12 01:25:05.022 18656 18656 V GraphicsEnvironment: App is not on the allowlist for updatable production driver.
07-12 01:25:05.024 18656 18656 D NetworkSecurityConfig: No Network Security Config specified, using platform default
07-12 01:25:05.024 18656 18656 D NetworkSecurityConfig: No Network Security Config specified, using platform default
07-12 01:25:05.054 18656 18656 W w.writeroomtes: Accessing hidden method Landroid/view/View;->computeFitSystemWindows(Landroid/graphics/Rect;Landroid/graphics/Rect;)Z (unsupported, reflection, allowed)
07-12 01:25:05.054 18656 18656 W w.writeroomtes: Accessing hidden method Landroid/view/ViewGroup;->makeOptionalFitsSystemWindows()V (unsupported, reflection, allowed)
07-12 01:25:05.095  2161  2187 D CompatibilityChangeReporter: Compat change id reported: 158002302; UID 10220; state: ENABLED
07-12 01:25:05.097 18656 18679 I AdrenoGLES-0: QUALCOMM build                   : 781e7d0, I46ff5fc46f
07-12 01:25:05.097 18656 18679 I AdrenoGLES-0: Build Date                       : 12/01/20
07-12 01:25:05.097 18656 18679 I AdrenoGLES-0: OpenGL ES Shader Compiler Version: EV031.31.04.01
07-12 01:25:05.097 18656 18679 I AdrenoGLES-0: Local Branch                     : QPR1
07-12 01:25:05.097 18656 18679 I AdrenoGLES-0: Remote Branch                    : 
07-12 01:25:05.097 18656 18679 I AdrenoGLES-0: Remote Branch                    : 
07-12 01:25:05.097 18656 18679 I AdrenoGLES-0: Reconstruct Branch               : 
07-12 01:25:05.097 18656 18679 I AdrenoGLES-0: Build Config                     : C P 11.0.1 AArch64
07-12 01:25:05.097 18656 18679 I AdrenoGLES-0: Driver Path                      : /vendor/lib64/egl/libGLESv2_adreno.so
07-12 01:25:05.099 18656 18679 I AdrenoGLES-0: PFP: 0x016ee190, ME: 0x00000000
07-12 01:25:05.100 18656 18679 W AdrenoUtils: <ReadGpuID_from_sysfs:197>: Failed to open /sys/class/kgsl/kgsl-3d0/gpu_model
07-12 01:25:05.100 18656 18679 W AdrenoUtils: <ReadGpuID:221>: Failed to read chip ID from gpu_model. Fallback to use the GSL path
07-12 01:25:05.106   740   740 I SDM     : HWCDisplay::GetColorModeCount: Supported color mode count = 5
07-12 01:25:05.106   738   771 E HWComposer: getSupportedContentTypes: getSupportedContentTypes failed for display 0: Unsupported (8)
07-12 01:25:05.106 18656 18679 D hw-ProcessState: Binder ioctl to enable oneway spam detection failed: Invalid argument
07-12 01:25:05.107   689   689 I hwservicemanager: getTransport: Cannot find entry android.hardware.graphics.mapper@4.0::IMapper/default in either framework or device VINTF manifest.
07-12 01:25:05.107 18656 18685 I Gralloc4: mapper 4.x is not supported
07-12 01:25:05.107   689   689 I hwservicemanager: getTransport: Cannot find entry android.hardware.graphics.mapper@3.0::IMapper/default in either framework or device VINTF manifest.
07-12 01:25:05.107 18656 18685 W Gralloc3: mapper 3.x is not supported
07-12 01:25:05.109   689   689 I hwservicemanager: getTransport: Cannot find entry android.hardware.graphics.allocator@4.0::IAllocator/default in either framework or device VINTF manifest.
07-12 01:25:05.109 18656 18685 W Gralloc4: allocator 4.x is not supported
07-12 01:25:05.109   689   689 I hwservicemanager: getTransport: Cannot find entry android.hardware.graphics.allocator@3.0::IAllocator/default in either framework or device VINTF manifest.
07-12 01:25:05.109 18656 18685 W Gralloc3: allocator 3.x is not supported
07-12 01:25:05.125  2161  2183 I ActivityTaskManager: Displayed e.www.writeroomtest/.MainActivity: +214ms
07-12 01:25:05.128  3660  3660 I GoogleInputMethodService: GoogleInputMethodService.onFinishInput():3306 
07-12 01:25:05.129  3660  3660 I GoogleInputMethodService: GoogleInputMethodService.updateDeviceLockedStatus():2127 repeatCheckTimes = 0, locked = false
07-12 01:25:05.130  3660  3660 I GoogleInputMethodService: GoogleInputMethodService.onStartInput():1909 onStartInput(EditorInfo{inputType=0x0(NULL) imeOptions=0x0 privateImeOptions=null actionName=UNSPECIFIED actionLabel=null actionId=0 initialSelStart=-1 initialSelEnd=-1 initialCapsMode=0x0 hintText=null label=null packageName=e.www.writeroomtest fieldId=-1 fieldName=null extras=null hintLocales=[]}, false)
07-12 01:25:05.130  3660  3660 I GoogleInputMethodService: GoogleInputMethodService.shouldHideHeaderOnInitialState():1990 ShouldHideHeaderOnInitialState = false
07-12 01:25:05.131  3660  3660 I GoogleInputMethodService: GoogleInputMethodService.updateDeviceLockedStatus():2127 repeatCheckTimes = 1, locked = false
07-12 01:25:05.415  2161  2447 W InputManager-JNI: Input channel object '12a95fa Splash Screen e.www.writeroomtest (client)' was disposed without first being removed with the input manager!
07-12 01:25:05.568  2518  2518 I WallpaperService: engine paused
07-12 01:25:06.170 18691 18691 D ProcessState: Binder ioctl to enable oneway spam detection failed: Invalid argument
07-12 01:25:06.645 18707 18707 D ProcessState: Binder ioctl to enable oneway spam detection failed: Invalid argument
07-12 01:25:06.652  2161  2447 I ActivityManager: Background started FGS: Allowed [callingPackage: com.android.shell; callingUid: 2000; uidState: NONE; intent: Intent { cmp=com.example.batterymanager_utility/.DataCollectionService (has extras) }; code:SYSTEM_UID; tempAllowListReason:<,reasonCode:SYSTEM_ALLOW_LISTED,duration:9223372036854775807,callingUid:-1>; targetSdkVersion:33; callerTargetSdkVersion:-1; startForegroundCount:0; bindFromPackage:null]
07-12 01:25:06.663 18600 18600 I BatteryMgr:DataCollectionService: onStartCommand: begin
07-12 01:25:06.664 18600 18600 I BatteryMgr:DataCollectionService: onStartCommand: sampleRate => 0
07-12 01:25:06.664 18600 18600 I BatteryMgr:DataCollectionService: onStartCommand: rawFields => Timestamp,BATTERY_PROPERTY_CURRENT_NOW,EXTRA_VOLTAGE
07-12 01:25:06.665 18600 18600 I BatteryMgr:DataCollectionService: onStartCommand: notification done
07-12 01:25:06.669 18600 18600 I BatteryMgr:DataCollectionService: started foreground
07-12 01:25:06.678 18600 18710 I BatteryMgr:DataCollectionService: collectData: begin
07-12 01:25:06.682 18600 18710 I BatteryMgr:DataCollectionService: stats => 1689117906682,290000,4126
07-12 01:25:06.684 18600 18710 I BatteryMgr:DataCollectionService: stats => 1689117906684,290000,4126
07-12 01:25:06.686 18600 18710 I BatteryMgr:DataCollectionService: stats => 1689117906686,290000,4126
07-12 01:25:06.687 18600 18710 I BatteryMgr:DataCollectionService: stats => 1689117906687,290000,4126
07-12 01:25:06.689 18600 18710 I BatteryMgr:DataCollectionService: stats => 1689117906689,290000,4126
07-12 01:25:06.690 18600 18710 I BatteryMgr:DataCollectionService: stats => 1689117906690,290000,4126
07-12 01:25:06.692 18600 18710 I BatteryMgr:DataCollectionService: stats => 1689117906692,290000,4126
07-12 01:25:06.693 18600 18710 I BatteryMgr:DataCollectionService: stats => 1689117906693,290000,4126
07-12 01:25:06.695 18600 18710 I BatteryMgr:DataCollectionService: stats => 1689117906695,290000,4126
07-12 01:25:06.696 18600 18710 I BatteryMgr:DataCollectionService: stats => 1689117906696,290000,4126
07-12 01:25:06.698 18600 18710 I BatteryMgr:DataCollectionService: stats => 1689117906698,290000,4126
07-12 01:25:06.700 18600 18710 I BatteryMgr:DataCollectionService: stats => 1689117906700,290000,4126
07-12 01:25:06.702 18600 18710 I BatteryMgr:DataCollectionService: stats => 1689117906702,290000,4126
07-12 01:25:06.703 18600 18710 I BatteryMgr:DataCollectionService: stats => 1689117906703,290000,4126
07-12 01:25:06.705 18600 18710 I BatteryMgr:DataCollectionService: stats => 1689117906705,290000,4126
07-12 01:25:06.707 18600 18710 I BatteryMgr:DataCollectionService: stats => 1689117906707,290000,4126
07-12 01:25:06.709 18600 18710 I BatteryMgr:DataCollectionService: stats => 1689117906709,290000,4126
07-12 01:25:06.711 18600 18710 I BatteryMgr:DataCollectionService: stats => 1689117906711,290000,4126
07-12 01:25:06.714 18600 18710 I BatteryMgr:DataCollectionService: stats => 1689117906713,290000,4126
07-12 01:25:06.716 18600 18710 I BatteryMgr:DataCollectionService: stats => 1689117906716,290000,4126
07-12 01:25:06.718 18600 18710 I BatteryMgr:DataCollectionService: stats => 1689117906718,290000,4126
07-12 01:25:06.720 18600 18710 I BatteryMgr:DataCollectionService: stats => 1689117906720,290000,4126
07-12 01:25:06.722 18600 18710 I BatteryMgr:DataCollectionService: stats => 1689117906722,290000,4126
07-12 01:25:06.724 18600 18710 I BatteryMgr:DataCollectionService: stats => 1689117906724,290000,4126
07-12 01:25:06.726 18600 18710 I BatteryMgr:DataCollectionService: stats => 1689117906726,290000,4126
07-12 01:25:06.728 18600 18710 I BatteryMgr:DataCollectionService: stats => 1689117906728,290000,4126
07-12 01:25:06.730 18600 18710 I BatteryMgr:DataCollectionService: stats => 1689117906730,290000,4126
07-12 01:25:06.732 18600 18710 I BatteryMgr:DataCollectionService: stats => 1689117906731,290000,4126
07-12 01:25:06.733 18600 18710 I BatteryMgr:DataCollectionService: stats => 1689117906733,290000,4126
07-12 01:25:06.735 18600 18710 I BatteryMgr:DataCollectionService: stats => 1689117906735,290000,4126
07-12 01:25:06.737 18600 18710 I BatteryMgr:DataCollectionService: stats => 1689117906737,290000,4126
07-12 01:25:06.739 18600 18710 I BatteryMgr:DataCollectionService: stats => 1689117906739,290000,4126
07-12 01:25:06.741 18600 18710 I BatteryMgr:DataCollectionService: stats => 1689117906741,290000,4126
07-12 01:25:06.742 18600 18710 I BatteryMgr:DataCollectionService: stats => 1689117906742,290000,4126
07-12 01:25:06.744 18600 18710 I BatteryMgr:DataCollectionService: stats => 1689117906744,290000,4126
07-12 01:25:06.746 18600 18710 I BatteryMgr:DataCollectionService: stats => 1689117906746,290000,4126
07-12 01:25:06.747 18600 18710 I BatteryMgr:DataCollectionService: stats => 1689117906747,290000,4126
07-12 01:25:06.749 18600 18710 I BatteryMgr:DataCollectionService: stats => 1689117906749,290000,4126
07-12 01:25:06.750 18600 18710 I BatteryMgr:DataCollectionService: stats => 1689117906750,290000,4126
07-12 01:25:06.752 18600 18710 I BatteryMgr:DataCollectionService: stats => 1689117906752,290000,4126
07-12 01:25:06.754 18600 18710 I BatteryMgr:DataCollectionService: stats => 1689117906754,290000,4126
07-12 01:25:06.756 18600 18710 I BatteryMgr:DataCollectionService: stats => 1689117906755,290000,4126
07-12 01:25:06.757 18600 18710 I BatteryMgr:DataCollectionService: stats => 1689117906757,290000,4126
07-12 01:25:06.760 18600 18710 I BatteryMgr:DataCollectionService: stats => 1689117906760,290000,4126
07-12 01:25:06.762 18600 18710 I BatteryMgr:DataCollectionService: stats => 1689117906762,290000,4126
07-12 01:25:06.764 18600 18710 I BatteryMgr:DataCollectionService: stats => 1689117906764,290000,4126
07-12 01:25:06.766 18600 18710 I BatteryMgr:DataCollectionService: stats => 1689117906766,290000,4126
07-12 01:25:06.768 18600 18710 I BatteryMgr:DataCollectionService: stats => 1689117906768,290000,4126
07-12 01:25:06.770 18600 18710 I BatteryMgr:DataCollectionService: stats => 1689117906770,290000,4126
07-12 01:25:06.773 18600 18710 I BatteryMgr:DataCollectionService: stats => 1689117906773,290000,4126
07-12 01:25:06.775 18600 18710 I BatteryMgr:DataCollectionService: stats => 1689117906775,290000,4126
07-12 01:25:06.775  2161  2297 D ConnectivityService: NetReassign [no changes] [c 1] [a 0] [i 2]
07-12 01:25:06.776 18600 18710 I BatteryMgr:DataCollectionService: stats => 1689117906776,290000,4126
07-12 01:25:06.780 18600 18710 I BatteryMgr:DataCollectionService: stats => 1689117906780,290000,4126
07-12 01:25:06.782 18600 18710 I BatteryMgr:DataCollectionService: stats => 1689117906782,290000,4126
07-12 01:25:06.784 18600 18710 I BatteryMgr:DataCollectionService: stats => 1689117906784,290000,4126
07-12 01:25:06.785 18600 18710 I BatteryMgr:DataCollectionService: stats => 1689117906785,290000,4126
07-12 01:25:06.787 18600 18710 I BatteryMgr:DataCollectionService: stats => 1689117906787,290000,4126
07-12 01:25:06.788 18600 18710 I BatteryMgr:DataCollectionService: stats => 1689117906788,290000,4126
07-12 01:25:06.790 18600 18710 I BatteryMgr:DataCollectionService: stats => 1689117906789,290000,4126
07-12 01:25:06.791 18600 18710 I BatteryMgr:DataCollectionService: stats => 1689117906791,290000,4126
07-12 01:25:06.793 18600 18710 I BatteryMgr:DataCollectionService: stats => 1689117906792,290000,4126
07-12 01:25:06.794 18600 18710 I BatteryMgr:DataCollectionService: stats => 1689117906794,290000,4126
07-12 01:25:06.796 18600 18710 I BatteryMgr:DataCollectionService: stats => 1689117906796,290000,4126
07-12 01:25:06.797 18600 18710 I BatteryMgr:DataCollectionService: stats => 1689117906797,290000,4126
07-12 01:25:06.799 18600 18710 I BatteryMgr:DataCollectionService: stats => 1689117906799,290000,4126
07-12 01:25:06.800 18600 18710 I BatteryMgr:DataCollectionService: stats => 1689117906800,290000,4126
07-12 01:25:06.801 18600 18710 I BatteryMgr:DataCollectionService: stats => 1689117906801,290000,4126
07-12 01:25:06.803 18600 18710 I BatteryMgr:DataCollectionService: stats => 1689117906803,290000,4126
07-12 01:25:06.805 18600 18710 I BatteryMgr:DataCollectionService: stats => 1689117906804,290000,4126
07-12 01:25:06.808 18600 18710 I BatteryMgr:DataCollectionService: stats => 1689117906808,290000,4126
07-12 01:25:06.810 18600 18710 I BatteryMgr:DataCollectionService: stats => 1689117906809,290000,4126
07-12 01:25:06.811 18600 18710 I BatteryMgr:DataCollectionService: stats => 1689117906811,290000,4126
07-12 01:25:06.813 18600 18710 I BatteryMgr:DataCollectionService: stats => 1689117906813,290000,4126
07-12 01:25:06.814 18600 18710 I BatteryMgr:DataCollectionService: stats => 1689117906814,290000,4126
07-12 01:25:06.816 18600 18710 I BatteryMgr:DataCollectionService: stats => 1689117906816,290000,4126
07-12 01:25:06.818 18600 18710 I BatteryMgr:DataCollectionService: stats => 1689117906818,290000,4126
07-12 01:25:06.820 18600 18710 I BatteryMgr:DataCollectionService: stats => 1689117906820,290000,4126
07-12 01:25:06.821 18600 18710 I BatteryMgr:DataCollectionService: stats => 1689117906821,290000,4126
07-12 01:25:06.823 18600 18710 I BatteryMgr:DataCollectionService: stats => 1689117906823,290000,4126
07-12 01:25:06.825 18600 18710 I BatteryMgr:DataCollectionService: stats => 1689117906825,290000,4126
07-12 01:25:06.828 18600 18710 I BatteryMgr:DataCollectionService: stats => 1689117906827,290000,4126
07-12 01:25:06.829 18600 18710 I BatteryMgr:DataCollectionService: stats => 1689117906829,290000,4126
07-12 01:25:06.831 18600 18710 I BatteryMgr:DataCollectionService: stats => 1689117906831,290000,4126
07-12 01:25:06.833 18600 18710 I BatteryMgr:DataCollectionService: stats => 1689117906833,290000,4126
07-12 01:25:06.835 18600 18710 I BatteryMgr:DataCollectionService: stats => 1689117906835,290000,4126
07-12 01:25:06.837 18600 18710 I BatteryMgr:DataCollectionService: stats => 1689117906837,290000,4126
07-12 01:25:06.839 18600 18710 I BatteryMgr:DataCollectionService: stats => 1689117906838,290000,4126
07-12 01:25:06.840 18600 18710 I BatteryMgr:DataCollectionService: stats => 1689117906840,290000,4126
07-12 01:25:06.842 18600 18710 I BatteryMgr:DataCollectionService: stats => 1689117906842,290000,4126
07-12 01:25:06.844 18600 18710 I BatteryMgr:DataCollectionService: stats => 1689117906844,290000,4126
07-12 01:25:06.847 18600 18710 I BatteryMgr:DataCollectionService: stats => 1689117906846,290000,4126
07-12 01:25:06.848 18600 18710 I BatteryMgr:DataCollectionService: stats => 1689117906848,290000,4126
07-12 01:25:06.850 18600 18710 I BatteryMgr:DataCollectionService: stats => 1689117906850,290000,4126
07-12 01:25:06.853 18600 18710 I BatteryMgr:DataCollectionService: stats => 1689117906852,290000,4126
07-12 01:25:06.855 18600 18710 I BatteryMgr:DataCollectionService: stats => 1689117906855,290000,4126
07-12 01:25:06.857 18600 18710 I BatteryMgr:DataCollectionService: stats => 1689117906857,290000,4126
07-12 01:25:06.859 18600 18710 I BatteryMgr:DataCollectionService: stats => 1689117906859,290000,4126
07-12 01:25:06.862 18600 18710 I BatteryMgr:DataCollectionService: stats => 1689117906862,290000,4126
07-12 01:25:06.864 18600 18710 I BatteryMgr:DataCollectionService: stats => 1689117906864,290000,4126
07-12 01:25:06.867 18600 18710 I BatteryMgr:DataCollectionService: stats => 1689117906867,290000,4126
07-12 01:25:06.870 18600 18710 I BatteryMgr:DataCollectionService: stats => 1689117906869,290000,4126
07-12 01:25:06.872 18600 18710 I BatteryMgr:DataCollectionService: stats => 1689117906872,290000,4126
07-12 01:25:06.875 18600 18710 I BatteryMgr:DataCollectionService: stats => 1689117906875,290000,4126
07-12 01:25:06.877 18600 18710 I BatteryMgr:DataCollectionService: stats => 1689117906877,189375,4126
07-12 01:25:06.881 18600 18710 I BatteryMgr:DataCollectionService: stats => 1689117906881,189375,4126
07-12 01:25:06.884 18600 18710 I BatteryMgr:DataCollectionService: stats => 1689117906884,189375,4126
07-12 01:25:06.887 18600 18710 I BatteryMgr:DataCollectionService: stats => 1689117906887,189375,4126
07-12 01:25:06.890 18600 18710 I BatteryMgr:DataCollectionService: stats => 1689117906890,189375,4126
07-12 01:25:06.893 18600 18710 I BatteryMgr:DataCollectionService: stats => 1689117906893,189375,4126
07-12 01:25:06.896 18600 18710 I BatteryMgr:DataCollectionService: stats => 1689117906896,189375,4126
07-12 01:25:06.900 18600 18710 I BatteryMgr:DataCollectionService: stats => 1689117906899,189375,4126
07-12 01:25:06.903 18600 18710 I BatteryMgr:DataCollectionService: stats => 1689117906902,189375,4126
07-12 01:25:06.906 18600 18710 I BatteryMgr:DataCollectionService: stats => 1689117906906,189375,4126
07-12 01:25:06.909 18600 18710 I BatteryMgr:DataCollectionService: stats => 1689117906909,189375,4126
07-12 01:25:06.913 18600 18710 I BatteryMgr:DataCollectionService: stats => 1689117906913,189375,4126
07-12 01:25:06.916 18600 18710 I BatteryMgr:DataCollectionService: stats => 1689117906916,189375,4126
07-12 01:25:06.919 18600 18710 I BatteryMgr:DataCollectionService: stats => 1689117906919,189375,4126
07-12 01:25:06.923 18600 18710 I BatteryMgr:DataCollectionService: stats => 1689117906923,189375,4126
07-12 01:25:06.926 18600 18710 I BatteryMgr:DataCollectionService: stats => 1689117906926,189375,4126
07-12 01:25:06.929 18600 18710 I BatteryMgr:DataCollectionService: stats => 1689117906929,189375,4126
07-12 01:25:06.932 18600 18710 I BatteryMgr:DataCollectionService: stats => 1689117906932,189375,4126
07-12 01:25:06.935 18600 18710 I BatteryMgr:DataCollectionService: stats => 1689117906935,189375,4126
07-12 01:25:06.938 18600 18710 I BatteryMgr:DataCollectionService: stats => 1689117906938,189375,4126
07-12 01:25:06.941 18600 18710 I BatteryMgr:DataCollectionService: stats => 1689117906941,189375,4126
07-12 01:25:06.945 18600 18710 I BatteryMgr:DataCollectionService: stats => 1689117906945,189375,4126
07-12 01:25:06.948 18600 18710 I BatteryMgr:DataCollectionService: stats => 1689117906947,189375,4126
07-12 01:25:06.951 18600 18710 I BatteryMgr:DataCollectionService: stats => 1689117906951,189375,4126
07-12 01:25:06.954 18600 18710 I BatteryMgr:DataCollectionService: stats => 1689117906954,189375,4126
07-12 01:25:06.957 18600 18710 I BatteryMgr:DataCollectionService: stats => 1689117906957,189375,4126
07-12 01:25:06.960 18600 18710 I BatteryMgr:DataCollectionService: stats => 1689117906960,189375,4126
07-12 01:25:06.963 18600 18710 I BatteryMgr:DataCollectionService: stats => 1689117906963,189375,4126
07-12 01:25:06.967 18600 18710 I BatteryMgr:DataCollectionService: stats => 1689117906967,189375,4126
07-12 01:25:06.970 18600 18710 I BatteryMgr:DataCollectionService: stats => 1689117906970,189375,4126
07-12 01:25:06.973 18600 18710 I BatteryMgr:DataCollectionService: stats => 1689117906973,189375,4126
07-12 01:25:06.976 18600 18710 I BatteryMgr:DataCollectionService: stats => 1689117906976,189375,4126
07-12 01:25:06.979 18600 18710 I BatteryMgr:DataCollectionService: stats => 1689117906979,189375,4126
07-12 01:25:06.982 18600 18710 I BatteryMgr:DataCollectionService: stats => 1689117906982,189375,4126
07-12 01:25:06.985 18600 18710 I BatteryMgr:DataCollectionService: stats => 1689117906985,189375,4126
07-12 01:25:06.988 18600 18710 I BatteryMgr:DataCollectionService: stats => 1689117906988,189375,4126
07-12 01:25:06.991 18600 18710 I BatteryMgr:DataCollectionService: stats => 1689117906991,189375,4126
07-12 01:25:06.994 18600 18710 I BatteryMgr:DataCollectionService: stats => 1689117906994,189375,4126
07-12 01:25:06.998 18600 18710 I BatteryMgr:DataCollectionService: stats => 1689117906997,189375,4126
07-12 01:25:07.001 18600 18710 I BatteryMgr:DataCollectionService: stats => 1689117907001,189375,4126
07-12 01:25:07.004 18600 18710 I BatteryMgr:DataCollectionService: stats => 1689117907004,189375,4126
07-12 01:25:07.007 18600 18710 I BatteryMgr:DataCollectionService: stats => 1689117907007,189375,4126
07-12 01:25:07.010 18600 18710 I BatteryMgr:DataCollectionService: stats => 1689117907010,189375,4126
07-12 01:25:07.014 18600 18710 I BatteryMgr:DataCollectionService: stats => 1689117907014,189375,4126
07-12 01:25:07.017 18600 18710 I BatteryMgr:DataCollectionService: stats => 1689117907017,189375,4126
07-12 01:25:07.021 18600 18710 I BatteryMgr:DataCollectionService: stats => 1689117907021,189375,4126
07-12 01:25:07.024 18600 18710 I BatteryMgr:DataCollectionService: stats => 1689117907024,189375,4126
07-12 01:25:07.027 18600 18710 I BatteryMgr:DataCollectionService: stats => 1689117907027,189375,4126
07-12 01:25:07.030 18600 18710 I BatteryMgr:DataCollectionService: stats => 1689117907030,189375,4126
07-12 01:25:07.033 18600 18710 I BatteryMgr:DataCollectionService: stats => 1689117907033,189375,4126
07-12 01:25:07.037 18600 18710 I BatteryMgr:DataCollectionService: stats => 1689117907036,189375,4126
07-12 01:25:07.040 18600 18710 I BatteryMgr:DataCollectionService: stats => 1689117907040,189375,4126
07-12 01:25:07.042 18600 18717 D ProfileInstaller: Installing profile for com.example.batterymanager_utility
07-12 01:25:07.044 18600 18710 I BatteryMgr:DataCollectionService: stats => 1689117907044,189375,4126
07-12 01:25:07.047 18600 18710 I BatteryMgr:DataCollectionService: stats => 1689117907047,189375,4126
07-12 01:25:07.050 18600 18710 I BatteryMgr:DataCollectionService: stats => 1689117907050,189375,4126
07-12 01:25:07.054 18600 18710 I BatteryMgr:DataCollectionService: stats => 1689117907054,189375,4126
07-12 01:25:07.057 18600 18710 I BatteryMgr:DataCollectionService: stats => 1689117907057,189375,4126
07-12 01:25:07.060 18600 18710 I BatteryMgr:DataCollectionService: stats => 1689117907060,189375,4126
07-12 01:25:07.063 18600 18710 I BatteryMgr:DataCollectionService: stats => 1689117907063,189375,4126
07-12 01:25:07.066 18600 18710 I BatteryMgr:DataCollectionService: stats => 1689117907066,189375,4126
07-12 01:25:07.070 18600 18710 I BatteryMgr:DataCollectionService: stats => 1689117907070,189375,4126
07-12 01:25:07.073 18600 18710 I BatteryMgr:DataCollectionService: stats => 1689117907073,189375,4126
07-12 01:25:07.078 18600 18710 I BatteryMgr:DataCollectionService: stats => 1689117907078,189375,4126
07-12 01:25:07.083 18600 18710 I BatteryMgr:DataCollectionService: stats => 1689117907083,189375,4126
07-12 01:25:07.087 18600 18710 I BatteryMgr:DataCollectionService: stats => 1689117907087,189375,4126
07-12 01:25:07.090 18600 18710 I BatteryMgr:DataCollectionService: stats => 1689117907090,189375,4126
07-12 01:25:07.094 18600 18710 I BatteryMgr:DataCollectionService: stats => 1689117907094,189375,4126
07-12 01:25:07.097 18600 18710 I BatteryMgr:DataCollectionService: stats => 1689117907097,189375,4126
07-12 01:25:07.101 18600 18710 I BatteryMgr:DataCollectionService: stats => 1689117907100,189375,4126
07-12 01:25:07.104 18600 18710 I BatteryMgr:DataCollectionService: stats => 1689117907104,189375,4126
07-12 01:25:07.108 18600 18710 I BatteryMgr:DataCollectionService: stats => 1689117907108,189375,4126
07-12 01:25:07.111 18600 18710 I BatteryMgr:DataCollectionService: stats => 1689117907111,189375,4126
07-12 01:25:07.115 18600 18710 I BatteryMgr:DataCollectionService: stats => 1689117907115,189375,4126
07-12 01:25:07.119 18600 18710 I BatteryMgr:DataCollectionService: stats => 1689117907119,189375,4126
07-12 01:25:07.123 18600 18710 I BatteryMgr:DataCollectionService: stats => 1689117907122,189375,4126
07-12 01:25:07.126 18600 18710 I BatteryMgr:DataCollectionService: stats => 1689117907126,189375,4126
07-12 01:25:07.129 18600 18710 I BatteryMgr:DataCollectionService: stats => 1689117907129,189375,4126
07-12 01:25:07.132 18600 18710 I BatteryMgr:DataCollectionService: stats => 1689117907132,189375,4126
07-12 01:25:07.135 18600 18710 I BatteryMgr:DataCollectionService: stats => 1689117907135,189375,4126
07-12 01:25:07.140 18600 18710 I BatteryMgr:DataCollectionService: stats => 1689117907140,189375,4126
07-12 01:25:07.144 18600 18710 I BatteryMgr:DataCollectionService: stats => 1689117907143,189375,4126
07-12 01:25:07.146 18600 18710 I BatteryMgr:DataCollectionService: stats => 1689117907146,189375,4126
07-12 01:25:07.150 18600 18710 I BatteryMgr:DataCollectionService: stats => 1689117907149,189375,4126
07-12 01:25:07.152 18600 18710 I BatteryMgr:DataCollectionService: stats => 1689117907152,189375,4126
07-12 01:25:07.156 18600 18710 I BatteryMgr:DataCollectionService: stats => 1689117907156,189375,4126
07-12 01:25:07.159 18600 18710 I BatteryMgr:DataCollectionService: stats => 1689117907159,189375,4126
07-12 01:25:07.163 18600 18710 I BatteryMgr:DataCollectionService: stats => 1689117907163,189375,4126
07-12 01:25:07.166 18600 18710 I BatteryMgr:DataCollectionService: stats => 1689117907166,189375,4126
07-12 01:25:07.170 18600 18710 I BatteryMgr:DataCollectionService: stats => 1689117907170,189375,4126
07-12 01:25:07.173 18600 18710 I BatteryMgr:DataCollectionService: stats => 1689117907172,189375,4126
07-12 01:25:07.176 18600 18710 I BatteryMgr:DataCollectionService: stats => 1689117907176,189375,4126
07-12 01:25:07.179 18600 18710 I BatteryMgr:DataCollectionService: stats => 1689117907179,189375,4126
07-12 01:25:07.182 18600 18710 I BatteryMgr:DataCollectionService: stats => 1689117907182,189375,4126
07-12 01:25:07.186 18600 18710 I BatteryMgr:DataCollectionService: stats => 1689117907186,189375,4126
07-12 01:25:07.190 18600 18710 I BatteryMgr:DataCollectionService: stats => 1689117907190,189375,4126
07-12 01:25:07.193 18600 18710 I BatteryMgr:DataCollectionService: stats => 1689117907193,189375,4126
07-12 01:25:07.196 18600 18710 I BatteryMgr:DataCollectionService: stats => 1689117907196,189375,4126
07-12 01:25:07.200 18600 18710 I BatteryMgr:DataCollectionService: stats => 1689117907200,189375,4126
07-12 01:25:07.204 18600 18710 I BatteryMgr:DataCollectionService: stats => 1689117907204,189375,4126
07-12 01:25:07.210 18600 18710 I BatteryMgr:DataCollectionService: stats => 1689117907210,189375,4126
07-12 01:25:07.214 18600 18710 I BatteryMgr:DataCollectionService: stats => 1689117907214,189375,4126
07-12 01:25:07.217 18600 18710 I BatteryMgr:DataCollectionService: stats => 1689117907217,189375,4126
07-12 01:25:07.221 18600 18710 I BatteryMgr:DataCollectionService: stats => 1689117907220,189375,4126
07-12 01:25:07.224 18600 18710 I BatteryMgr:DataCollectionService: stats => 1689117907224,189375,4126
07-12 01:25:07.227 18600 18710 I BatteryMgr:DataCollectionService: stats => 1689117907227,189375,4126
07-12 01:25:07.230 18600 18710 I BatteryMgr:DataCollectionService: stats => 1689117907230,189375,4126
07-12 01:25:07.234 18600 18710 I BatteryMgr:DataCollectionService: stats => 1689117907234,135312,4126
07-12 01:25:07.237 18600 18710 I BatteryMgr:DataCollectionService: stats => 1689117907237,135312,4126
07-12 01:25:07.240 18600 18710 I BatteryMgr:DataCollectionService: stats => 1689117907240,135312,4126
07-12 01:25:07.243 18600 18710 I BatteryMgr:DataCollectionService: stats => 1689117907243,135312,4126
07-12 01:25:07.247 18600 18710 I BatteryMgr:DataCollectionService: stats => 1689117907246,135312,4126
07-12 01:25:07.250 18600 18710 I BatteryMgr:DataCollectionService: stats => 1689117907250,135312,4126
07-12 01:25:07.253 18600 18710 I BatteryMgr:DataCollectionService: stats => 1689117907253,135312,4126
07-12 01:25:07.257 18600 18710 I BatteryMgr:DataCollectionService: stats => 1689117907257,135312,4126
07-12 01:25:07.260 18600 18710 I BatteryMgr:DataCollectionService: stats => 1689117907260,135312,4126
