07-02 14:24:32.792 10575 10596 I zygote64: Caused by: java.lang.ClassNotFoundException: Didn't find class "android.graphics.ImageDecoder$OnHeaderDecodedListener" on path: DexPathList[[zip file "/data/app/com.google.android.apps.photos-c4wdzGjA6o1IQmfMmdR7Yg==/base.apk", zip file "/data/app/com.google.android.apps.photos-c4wdzGjA6o1IQmfMmdR7Yg==/split_config.en.apk", zip file "/data/app/com.google.android.apps.photos-c4wdzGjA6o1IQmfMmdR7Yg==/split_config.xxhdpi.apk"],nativeLibraryDirectories=[/data/app/com.google.android.apps.photos-c4wdzGjA6o1IQmfMmdR7Yg==/lib/arm64, /data/app/com.google.android.apps.photos-c4wdzGjA6o1IQmfMmdR7Yg==/base.apk!/lib/arm64-v8a, /data/app/com.google.android.apps.photos-c4wdzGjA6o1IQmfMmdR7Yg==/split_config.en.apk!/lib/arm64-v8a, /data/app/com.google.android.apps.photos-c4wdzGjA6o1IQmfMmdR7Yg==/split_config.xxhdpi.apk!/lib/arm64-v8a, /system/lib64, /vendor/lib64]]
07-02 14:24:32.792 10575 10596 I zygote64:   at java.lang.Class dalvik.system.BaseDexClassLoader.findClass(java.lang.String) (BaseDexClassLoader.java:125)
07-02 14:24:32.792 10575 10596 I zygote64:   at java.lang.Class java.lang.ClassLoader.loadClass(java.lang.String, boolean) (ClassLoader.java:379)
07-02 14:24:32.792 10575 10596 I zygote64:   at java.lang.Class java.lang.ClassLoader.loadClass(java.lang.String) (ClassLoader.java:312)
07-02 14:24:32.792 10575 10596 I zygote64:   at void dwa.<init>(dxn, dxi, dxv, dxv, dxv, dxv) (PG:3)
07-02 14:24:32.792 10575 10596 I zygote64:   at drp drp.b(android.content.Context) (PG:38)
07-02 14:24:32.792 10575 10596 I zygote64:   at java.lang.Object auks.call() (PG:45)
07-02 14:24:32.792 10575 10596 I zygote64:   at java.lang.Object ahne.call() (PG:1)
07-02 14:24:32.792 10575 10596 I zygote64:   at java.lang.Object ahnv.call() (PG:2)
07-02 14:24:32.792 10575 10596 I zygote64:   at void ahnm.run() (PG:8)
07-02 14:24:32.792 10575 10596 I zygote64:   at void java.util.concurrent.ThreadPoolExecutor.runWorker(java.util.concurrent.ThreadPoolExecutor$Worker) (ThreadPoolExecutor.java:1162)
07-02 14:24:32.792 10575 10596 I zygote64:   at void java.util.concurrent.ThreadPoolExecutor$Worker.run() (ThreadPoolExecutor.java:636)
07-02 14:24:32.792 10575 10596 I zygote64:   at void java.lang.Thread.run() (Thread.java:764)
07-02 14:24:32.792 10575 10596 I zygote64:   at void ahmy.run() (PG:2)
07-02 14:24:32.792 10575 10596 I zygote64: 
07-02 14:24:32.898   756 13002 D ConnectivityService: requestNetwork for uid/pid:10089/10575 NetworkRequest [ TRACK_DEFAULT id=217, [ Capabilities: INTERNET&NOT_RESTRICTED&TRUSTED&NOT_VPN] ]
07-02 14:24:32.900  1466  1466 D PhoneSwitcherNetworkRequstListener: got request NetworkRequest [ TRACK_DEFAULT id=217, [ Capabilities: INTERNET&NOT_RESTRICTED&TRUSTED&NOT_VPN] ] with score 60
07-02 14:24:32.900   756  1228 D Ethernet: got request NetworkRequest [ TRACK_DEFAULT id=217, [ Capabilities: INTERNET&NOT_RESTRICTED&TRUSTED&NOT_VPN] ] with score 60
07-02 14:24:32.900   756   958 D WIFI_UT : got request NetworkRequest [ TRACK_DEFAULT id=217, [ Capabilities: INTERNET&NOT_RESTRICTED&TRUSTED&NOT_VPN] ] with score 60
07-02 14:24:32.900   756   958 D WIFI    : got request NetworkRequest [ TRACK_DEFAULT id=217, [ Capabilities: INTERNET&NOT_RESTRICTED&TRUSTED&NOT_VPN] ] with score 60
07-02 14:24:33.049   756  3108 W ActivityManager: No permission grants found for com.google.android.apps.photos
07-02 14:24:33.049   756  2063 W ActivityManager: No permission grants found for com.google.android.apps.photos
07-02 14:24:33.238 10575 10596 W ResourceType: For resource 0x7f150610, entry index(1552) is beyond type entryCount(393)
07-02 14:24:33.238 10575 10596 W ResourceType: For resource 0x7f150347, entry index(839) is beyond type entryCount(393)
07-02 14:24:33.238 10575 10596 W ResourceType: For resource 0x7f150356, entry index(854) is beyond type entryCount(393)
07-02 14:24:33.246   756  2061 W ActivityManager: No permission grants found for com.google.android.apps.photos
07-02 14:24:33.246   756 15226 W ActivityManager: No permission grants found for com.google.android.apps.photos
07-02 14:24:33.260 10575 10596 W ResourceType: For resource 0x7f1504f7, entry index(1271) is beyond type entryCount(393)
07-02 14:24:33.260 10575 10596 I chatty  : uid=10089(com.google.android.apps.photos) ptz-ui-1 identical 1 line
07-02 14:24:33.294 10575 10596 W ResourceType: For resource 0x7f1504f7, entry index(1271) is beyond type entryCount(393)
07-02 14:24:33.325 10575 10596 W ResourceType: For resource 0x7f150821, entry index(2081) is beyond type entryCount(393)
07-02 14:24:33.325 10575 10596 W ResourceType: For resource 0x7f150821, entry index(2081) is beyond type entryCount(393)
07-02 14:24:33.325 10575 10596 W ResourceType: For resource 0x7f150822, entry index(2082) is beyond type entryCount(393)
07-02 14:24:33.325 10575 10596 W ResourceType: For resource 0x7f150824, entry index(2084) is beyond type entryCount(393)
07-02 14:24:33.325 10575 10596 W ResourceType: For resource 0x7f150823, entry index(2083) is beyond type entryCount(393)
07-02 14:24:33.325 10575 10596 W ResourceType: For resource 0x7f150729, entry index(1833) is beyond type entryCount(393)
07-02 14:24:33.325 10575 10596 W ResourceType: For resource 0x7f150863, entry index(2147) is beyond type entryCount(393)
07-02 14:24:33.326 10575 10596 W ResourceType: For resource 0x7f150826, entry index(2086) is beyond type entryCount(393)
07-02 14:24:33.326 10575 10596 W ResourceType: For resource 0x7f150828, entry index(2088) is beyond type entryCount(393)
07-02 14:24:33.326 10575 10596 W ResourceType: For resource 0x7f150729, entry index(1833) is beyond type entryCount(393)
07-02 14:24:33.326 10575 10596 W ResourceType: For resource 0x7f150856, entry index(2134) is beyond type entryCount(393)
07-02 14:24:33.326 10575 10596 W ResourceType: For resource 0x7f150829, entry index(2089) is beyond type entryCount(393)
07-02 14:24:33.326 10575 10596 W ResourceType: For resource 0x7f15072f, entry index(1839) is beyond type entryCount(393)
07-02 14:24:33.326 10575 10596 W ResourceType: For resource 0x7f15082a, entry index(2090) is beyond type entryCount(393)
07-02 14:24:33.326 10575 10596 W ResourceType: For resource 0x7f15082e, entry index(2094) is beyond type entryCount(393)
07-02 14:24:33.326 10575 10596 I chatty  : uid=10089(com.google.android.apps.photos) ptz-ui-1 identical 2 lines
07-02 14:24:33.326 10575 10596 W ResourceType: For resource 0x7f15082e, entry index(2094) is beyond type entryCount(393)
07-02 14:24:33.326 10575 10596 W ResourceType: For resource 0x7f150831, entry index(2097) is beyond type entryCount(393)
07-02 14:24:33.326 10575 10596 W ResourceType: For resource 0x7f15072e, entry index(1838) is beyond type entryCount(393)
07-02 14:24:33.326 10575 10596 W ResourceType: For resource 0x7f150853, entry index(2131) is beyond type entryCount(393)
07-02 14:24:33.326 10575 10596 W ResourceType: For resource 0x7f150838, entry index(2104) is beyond type entryCount(393)
07-02 14:24:33.326 10575 10596 W ResourceType: For resource 0x7f150839, entry index(2105) is beyond type entryCount(393)
07-02 14:24:33.326 10575 10596 W ResourceType: For resource 0x7f150850, entry index(2128) is beyond type entryCount(393)
07-02 14:24:33.326 10575 10596 W ResourceType: For resource 0x7f150851, entry index(2129) is beyond type entryCount(393)
07-02 14:24:33.326 10575 10596 W ResourceType: For resource 0x7f150611, entry index(1553) is beyond type entryCount(393)
07-02 14:24:33.326 10575 10596 W ResourceType: For resource 0x7f150855, entry index(2133) is beyond type entryCount(393)
07-02 14:24:33.326 10575 10596 W ResourceType: For resource 0x7f15085d, entry index(2141) is beyond type entryCount(393)
07-02 14:24:33.326 10575 10596 W ResourceType: For resource 0x7f15085f, entry index(2143) is beyond type entryCount(393)
07-02 14:24:33.327 10575 10596 W ResourceType: For resource 0x7f150837, entry index(2103) is beyond type entryCount(393)
07-02 14:24:33.327 10575 10596 W ResourceType: For resource 0x7f150835, entry index(2101) is beyond type entryCount(393)
07-02 14:24:33.327 10575 10596 W ResourceType: For resource 0x7f1504e9, entry index(1257) is beyond type entryCount(393)
07-02 14:24:33.328 10575 10596 W ResourceType: For resource 0x7f1504d2, entry index(1234) is beyond type entryCount(393)
07-02 14:24:33.328 10575 10596 W ResourceType: For resource 0x7f1504e9, entry index(1257) is beyond type entryCount(393)
07-02 14:24:33.328 10575 10596 W ResourceType: For resource 0x7f1504fc, entry index(1276) is beyond type entryCount(393)
07-02 14:24:33.328 10575 10596 W ResourceType: For resource 0x7f1504e5, entry index(1253) is beyond type entryCount(393)
07-02 14:24:33.328 10575 10596 W ResourceType: For resource 0x7f1504e6, entry index(1254) is beyond type entryCount(393)
07-02 14:24:33.328 10575 10596 W ResourceType: For resource 0x7f150868, entry index(2152) is beyond type entryCount(393)
07-02 14:24:33.328 10575 10596 W ResourceType: For resource 0x7f150867, entry index(2151) is beyond type entryCount(393)
07-02 14:24:33.330 10575 10596 W ResourceType: For resource 0x7f1504f7, entry index(1271) is beyond type entryCount(393)
07-02 14:24:33.345 10575 10596 I chatty  : uid=10089(com.google.android.apps.photos) ptz-ui-1 identical 1 line
07-02 14:24:33.347 10575 10596 W ResourceType: For resource 0x7f1504f7, entry index(1271) is beyond type entryCount(393)
07-02 14:24:33.360 10489 10559 I BatteryMgr:DataCollectionService: stats => 1688322273360,-196226,4224
07-02 14:24:33.920 10575 10630 I zygote64: Deoptimizing void alpv.d(java.lang.Iterable) due to JIT inline cache
07-02 14:24:34.220 10575 10580 I zygote64: Do partial code cache collection, code=61KB, data=44KB
07-02 14:24:34.221 10575 10580 I zygote64: After code cache collection, code=56KB, data=42KB
07-02 14:24:34.221 10575 10580 I zygote64: Increasing code cache capacity to 256KB
07-02 14:24:34.368 10489 10559 I BatteryMgr:DataCollectionService: stats => 1688322274368,-196226,4224
07-02 14:24:34.711   756  2059 W ActivityManager: No permission grants found for com.google.android.apps.photos
07-02 14:24:34.712   756  2061 W ActivityManager: No permission grants found for com.google.android.apps.photos
07-02 14:24:34.793   756  3110 W ActivityManager: No permission grants found for com.google.android.apps.photos
07-02 14:24:34.795   756  3112 W ActivityManager: No permission grants found for com.google.android.apps.photos
07-02 14:24:34.949   756  2055 W ActivityManager: No permission grants found for com.google.android.apps.photos
07-02 14:24:34.952   756  2057 W ActivityManager: No permission grants found for com.google.android.apps.photos
07-02 14:24:35.037   756   768 W ActivityManager: No permission grants found for com.google.android.apps.photos
07-02 14:24:35.043   756  2060 W ActivityManager: No permission grants found for com.google.android.apps.photos
07-02 14:24:35.075   756   765 I zygote64: Background concurrent copying GC freed 98944(5MB) AllocSpace objects, 61(2MB) LOS objects, 42% free, 16MB/29MB, paused 179us total 110.578ms
07-02 14:24:35.173   756  2059 W ActivityManager: No permission grants found for com.google.android.apps.photos
07-02 14:24:35.190   756 15226 W ActivityManager: No permission grants found for com.google.android.apps.photos
07-02 14:24:35.278   756  3151 W ActivityManager: No permission grants found for com.google.android.apps.photos
07-02 14:24:35.280   756 15221 W ActivityManager: No permission grants found for com.google.android.apps.photos
07-02 14:24:35.374 10489 10559 I BatteryMgr:DataCollectionService: stats => 1688322275374,-196226,4224
07-02 14:24:35.377   756  2060 W ActivityManager: No permission grants found for com.google.android.apps.photos
07-02 14:24:35.381   756  2055 W ActivityManager: No permission grants found for com.google.android.apps.photos
07-02 14:24:35.455   756 13002 W ActivityManager: No permission grants found for com.google.android.apps.photos
07-02 14:24:35.458   756  2056 W ActivityManager: No permission grants found for com.google.android.apps.photos
07-02 14:24:36.389 10489 10559 I BatteryMgr:DataCollectionService: stats => 1688322276388,-196226,4224
07-02 14:24:36.789   756  2055 D WificondControl: Scan result ready event
07-02 14:24:36.848 13057 13124 I ChimeraSrvcProxy: NullBinder for android.net.action.RECOMMEND_NETWORKS triggering remote TransactionTooLargeException due to Service without Chimera impl
07-02 14:24:37.410 10489 10559 I BatteryMgr:DataCollectionService: stats => 1688322277410,-196226,4224
07-02 14:24:38.429 10489 10559 I BatteryMgr:DataCollectionService: stats => 1688322278428,-196226,4224
07-02 14:24:38.783 10575 10594 I zygote64: Deoptimizing java.util.Set arsc.a() due to JIT inline cache
07-02 14:24:39.446 10489 10559 I BatteryMgr:DataCollectionService: stats => 1688322279446,-196226,4224
07-02 14:24:40.463 10489 10559 I BatteryMgr:DataCollectionService: stats => 1688322280463,-196226,4224
07-02 14:24:41.479 10489 10559 I BatteryMgr:DataCollectionService: stats => 1688322281479,-196226,4224
07-02 14:24:42.134   756   782 E NotificationService: Suppressing notification from package by user request.
07-02 14:24:42.665   756 15221 I ActivityManager: Force stopping e.www.writelocaltest appid=10167 user=0: from pid 10664
07-02 14:24:42.666   756 15221 I ActivityManager: Killing 10520:e.www.writelocaltest/u0a167 (adj 0): stop e.www.writelocaltest
07-02 14:24:42.667   756 15221 W ActivityManager: Force removing ActivityRecord{284b27e u0 e.www.writelocaltest/.MainActivity t670}: app died, no saved state
07-02 14:24:42.667   756   784 W zygote64: kill(-10520, 9) failed: No such process
07-02 14:24:42.680   756 15221 I WindowManager: Failed to capture screenshot of Token{c5693df ActivityRecord{284b27e u0 e.www.writelocaltest/.MainActivity t670 f}} appWin=Window{a03aa1d u0 e.www.writelocaltest/e.www.writelocaltest.MainActivity} drawState=4
07-02 14:24:42.715   756   784 W zygote64: kill(-10520, 9) failed: No such process
07-02 14:24:42.715  1466  1466 D CarrierSvcBindHelper: No carrier app for: 0
07-02 14:24:42.719   756   791 W ActivityManager: setHasOverlayUi called on unknown pid: 10520
07-02 14:24:42.729  3076  3076 D RegisteredNfcFServicesCache: Service unchanged, not updating
07-02 14:24:42.758   756   784 W zygote64: kill(-10520, 9) failed: No such process
07-02 14:24:42.758   756   784 I zygote64: Successfully killed process cgroup uid 10167 pid 10520 in 91ms
07-02 14:24:42.777 13208 13208 I GoogleInputMethodService: GoogleInputMethodService.onFinishInput():3306 
07-02 14:24:42.779 13208 13208 I GoogleInputMethodService: GoogleInputMethodService.updateDeviceLockedStatus():2127 repeatCheckTimes = 0, locked = false
07-02 14:24:42.779 13208 13208 I GoogleInputMethodService: GoogleInputMethodService.onStartInput():1909 onStartInput(EditorInfo{inputType=0x0(NULL) imeOptions=0x0 privateImeOptions=null actionName=UNSPECIFIED actionLabel=null actionId=0 initialSelStart=-1 initialSelEnd=-1 initialCapsMode=0x0 hintText=null label=null packageName=com.example.batterymanager_utility fieldId=-1 fieldName=null extras=null hintLocales=[]}, false)
07-02 14:24:42.779 13208 13208 I GoogleInputMethodService: GoogleInputMethodService.shouldHideHeaderOnInitialState():1990 ShouldHideHeaderOnInitialState = false
07-02 14:24:42.780 13208 13208 I GoogleInputMethodService: GoogleInputMethodService.updateDeviceLockedStatus():2127 repeatCheckTimes = 1, locked = false
07-02 14:24:46.217   756 15226 I ActivityManager: Force stopping com.example.batterymanager_utility appid=10111 user=0: from pid 10673
07-02 14:24:46.217   756 15226 I ActivityManager: Killing 10489:com.example.batterymanager_utility/u0a111 (adj 0): stop com.example.batterymanager_utility
07-02 14:24:46.219   756 15226 W ActivityManager: Force removing ActivityRecord{ec84d1e u0 com.example.batterymanager_utility/.MainActivity t669}: app died, no saved state
07-02 14:24:46.219   756   784 W zygote64: kill(-10489, 9) failed: No such process
07-02 14:24:46.226   756 15226 I WindowManager: Failed to capture screenshot of Token{5fc29ff ActivityRecord{ec84d1e u0 com.example.batterymanager_utility/.MainActivity t669 f}} appWin=Window{f05b4a6 u0 com.example.batterymanager_utility/com.example.batterymanager_utility.MainActivity} drawState=4
07-02 14:24:46.268   756   784 W zygote64: kill(-10489, 9) failed: No such process
07-02 14:24:46.271  1466  1466 D CarrierSvcBindHelper: No carrier app for: 0
07-02 14:24:46.282   756   791 W ActivityManager: setHasOverlayUi called on unknown pid: 10489
07-02 14:24:46.283  3166  3166 D PrimesStartupMeasure: Error handling StartupMeasure's onActivityResume
07-02 14:24:46.283  3166  3166 D PrimesStartupMeasure: java.lang.NullPointerException: Attempt to invoke virtual method 'android.view.ViewTreeObserver android.view.View.getViewTreeObserver()' on a null object reference
07-02 14:24:46.283  3166  3166 D PrimesStartupMeasure: 	at com.google.android.libraries.performance.primes.metrics.h.m.onActivityResumed(PG:3)
07-02 14:24:46.283  3166  3166 D PrimesStartupMeasure: 	at android.app.Application.dispatchActivityResumed(Application.java:216)
07-02 14:24:46.283  3166  3166 D PrimesStartupMeasure: 	at android.app.Activity.onResume(Activity.java:1313)
07-02 14:24:46.283  3166  3166 D PrimesStartupMeasure: 	at com.android.launcher3.Launcher.onResume(PG:1)
07-02 14:24:46.283  3166  3166 D PrimesStartupMeasure: 	at android.app.Instrumentation.callActivityOnResume(Instrumentation.java:1355)
07-02 14:24:46.283  3166  3166 D PrimesStartupMeasure: 	at android.app.Activity.performResume(Activity.java:7117)
07-02 14:24:46.283  3166  3166 D PrimesStartupMeasure: 	at android.app.ActivityThread.performResumeActivity(ActivityThread.java:3556)
07-02 14:24:46.283  3166  3166 D PrimesStartupMeasure: 	at android.app.ActivityThread.handleResumeActivity(ActivityThread.java:3621)
07-02 14:24:46.283  3166  3166 D PrimesStartupMeasure: 	at android.app.ActivityThread$H.handleMessage(ActivityThread.java:1638)
07-02 14:24:46.283  3166  3166 D PrimesStartupMeasure: 	at android.os.Handler.dispatchMessage(Handler.java:106)
07-02 14:24:46.283  3166  3166 D PrimesStartupMeasure: 	at android.os.Looper.loop(Looper.java:164)
07-02 14:24:46.283  3166  3166 D PrimesStartupMeasure: 	at android.app.ActivityThread.main(ActivityThread.java:6494)
07-02 14:24:46.283  3166  3166 D PrimesStartupMeasure: 	at java.lang.reflect.Method.invoke(Native Method)
07-02 14:24:46.283  3166  3166 D PrimesStartupMeasure: 	at com.android.internal.os.RuntimeInit$MethodAndArgsCaller.run(RuntimeInit.java:438)
07-02 14:24:46.283  3166  3166 D PrimesStartupMeasure: 	at com.android.internal.os.ZygoteInit.main(ZygoteInit.java:807)
07-02 14:24:46.291   428   428 D SurfaceFlinger: duplicate layer name: changing com.google.android.googlequicksearchbox/com.google.android.launcher.GEL to com.google.android.googlequicksearchbox/com.google.android.launcher.GEL#1
07-02 14:24:46.292  3076  3076 D RegisteredNfcFServicesCache: Service unchanged, not updating
07-02 14:24:46.311   756   784 W zygote64: kill(-10489, 9) failed: No such process
07-02 14:24:46.311   756   784 I zygote64: Successfully killed process cgroup uid 10111 pid 10489 in 92ms
07-02 14:24:46.313  3050  3050 I GsaVoiceInteractionSrv: Handling ACTION_START_HOTWORD
07-02 14:24:46.314  3050  3363 I GsaVoiceInteractionSrv: (REDACTED) disregardHotwordSetting: %b
07-02 14:24:46.314  3050  3363 I GsaVoiceInteractionSrv: Cannot start hotword, hotword has been explicitly disabled.
07-02 14:24:46.317 13208 13208 I GoogleInputMethodService: GoogleInputMethodService.onFinishInput():3306 
07-02 14:24:46.319 13208 13208 I GoogleInputMethodService: GoogleInputMethodService.updateDeviceLockedStatus():2127 repeatCheckTimes = 0, locked = false
07-02 14:24:46.319 13208 13208 I GoogleInputMethodService: GoogleInputMethodService.onStartInput():1909 onStartInput(EditorInfo{inputType=0x0(NULL) imeOptions=0x0 privateImeOptions=null actionName=UNSPECIFIED actionLabel=null actionId=0 initialSelStart=-1 initialSelEnd=-1 initialCapsMode=0x0 hintText=null label=null packageName=com.google.android.googlequicksearchbox fieldId=-1 fieldName=null extras=null hintLocales=[]}, false)
07-02 14:24:46.319 13208 13208 I GoogleInputMethodService: GoogleInputMethodService.shouldHideHeaderOnInitialState():1990 ShouldHideHeaderOnInitialState = false
07-02 14:24:46.321 13208 13208 I GoogleInputMethodService: GoogleInputMethodService.updateDeviceLockedStatus():2127 repeatCheckTimes = 1, locked = false
07-02 14:24:46.854  3166  3399 W OpenGLRenderer: Incorrectly called buildLayer on View: ShortcutAndWidgetContainer, destroying layer...
07-02 14:24:46.854  3166  3399 W OpenGLRenderer: Incorrectly called buildLayer on View: ShortcutAndWidgetContainer, destroying layer...
07-02 14:24:47.851 13057 13057 D BoundBrokerSvc: onUnbind: Intent { act=com.google.android.gms.phenotype.service.START pkg=com.google.android.gms }
