07-03 11:33:25.599  3443  1921 W ExynosCamera3: [CAM_ID(1)][]-WARN(m_previewStreamVRAPipeThreadFunc[6650]):wait timeout
07-03 11:33:25.600  3443  1922 W ExynosCamera3: [CAM_ID(1)][]-WARN(m_previewStreamISPPipeThreadFunc[6613]):wait timeout
07-03 11:33:25.626  3443  1925 D ExynosCamera3: [CAM_ID(1)][]-DEBUG(m_handleInternalFrame[8816]):[EJ] Pass the frame to handleBayerBuffer 221 / m_isNeedRequestFrame = 1, m_isNeedInternalFrame = 0
07-03 11:33:25.659  3443  1925 D ExynosCamera3: [CAM_ID(1)][]-DEBUG(m_handleInternalFrame[8816]):[EJ] Pass the frame to handleBayerBuffer 222 / m_isNeedRequestFrame = 1, m_isNeedInternalFrame = 0
07-03 11:33:25.693  3443  1925 D ExynosCamera3: [CAM_ID(1)][]-DEBUG(m_handleInternalFrame[8816]):[EJ] Pass the frame to handleBayerBuffer 223 / m_isNeedRequestFrame = 1, m_isNeedInternalFrame = 0
07-03 11:33:25.726  3443  1925 D ExynosCamera3: [CAM_ID(1)][]-DEBUG(m_handleInternalFrame[8816]):[EJ] Pass the frame to handleBayerBuffer 224 / m_isNeedRequestFrame = 1, m_isNeedInternalFrame = 0
07-03 11:33:25.750  3443  1921 W ExynosCamera3: [CAM_ID(1)][]-WARN(m_previewStreamVRAPipeThreadFunc[6650]):wait timeout
07-03 11:33:25.750  3443  1922 W ExynosCamera3: [CAM_ID(1)][]-WARN(m_previewStreamISPPipeThreadFunc[6613]):wait timeout
07-03 11:33:25.759  3443  1925 D ExynosCamera3: [CAM_ID(1)][]-DEBUG(m_handleInternalFrame[8816]):[EJ] Pass the frame to handleBayerBuffer 225 / m_isNeedRequestFrame = 1, m_isNeedInternalFrame = 0
07-03 11:33:25.793  3443  1925 D ExynosCamera3: [CAM_ID(1)][]-DEBUG(m_handleInternalFrame[8816]):[EJ] Pass the frame to handleBayerBuffer 226 / m_isNeedRequestFrame = 1, m_isNeedInternalFrame = 0
07-03 11:33:25.830  3443  1925 D ExynosCamera3: [CAM_ID(1)][]-DEBUG(m_handleInternalFrame[8816]):[EJ] Pass the frame to handleBayerBuffer 227 / m_isNeedRequestFrame = 1, m_isNeedInternalFrame = 0
07-03 11:33:25.860  3443  1925 D ExynosCamera3: [CAM_ID(1)][]-DEBUG(m_handleInternalFrame[8816]):[EJ] Pass the frame to handleBayerBuffer 228 / m_isNeedRequestFrame = 1, m_isNeedInternalFrame = 0
07-03 11:33:25.893  3443  1925 D ExynosCamera3: [CAM_ID(1)][]-DEBUG(m_handleInternalFrame[8816]):[EJ] Pass the frame to handleBayerBuffer 229 / m_isNeedRequestFrame = 1, m_isNeedInternalFrame = 0
07-03 11:33:25.900  3443  1921 W ExynosCamera3: [CAM_ID(1)][]-WARN(m_previewStreamVRAPipeThreadFunc[6650]):wait timeout
07-03 11:33:25.900  3443  1922 W ExynosCamera3: [CAM_ID(1)][]-WARN(m_previewStreamISPPipeThreadFunc[6613]):wait timeout
07-03 11:33:25.926  3443  1925 D ExynosCamera3: [CAM_ID(1)][]-DEBUG(m_handleInternalFrame[8816]):[EJ] Pass the frame to handleBayerBuffer 230 / m_isNeedRequestFrame = 1, m_isNeedInternalFrame = 0
07-03 11:33:25.959  3443  1925 D ExynosCamera3: [CAM_ID(1)][]-DEBUG(m_handleInternalFrame[8816]):[EJ] Pass the frame to handleBayerBuffer 231 / m_isNeedRequestFrame = 1, m_isNeedInternalFrame = 0
07-03 11:33:25.993  3443  1925 D ExynosCamera3: [CAM_ID(1)][]-DEBUG(m_handleInternalFrame[8816]):[EJ] Pass the frame to handleBayerBuffer 232 / m_isNeedRequestFrame = 1, m_isNeedInternalFrame = 0
07-03 11:33:26.030  3443  1925 D ExynosCamera3: [CAM_ID(1)][]-DEBUG(m_handleInternalFrame[8816]):[EJ] Pass the frame to handleBayerBuffer 233 / m_isNeedRequestFrame = 1, m_isNeedInternalFrame = 0
07-03 11:33:26.050  3443  1921 W ExynosCamera3: [CAM_ID(1)][]-WARN(m_previewStreamVRAPipeThreadFunc[6650]):wait timeout
07-03 11:33:26.051  3443  1922 W ExynosCamera3: [CAM_ID(1)][]-WARN(m_previewStreamISPPipeThreadFunc[6613]):wait timeout
07-03 11:33:26.059  3443  1925 D ExynosCamera3: [CAM_ID(1)][]-DEBUG(m_handleInternalFrame[8816]):[EJ] Pass the frame to handleBayerBuffer 234 / m_isNeedRequestFrame = 1, m_isNeedInternalFrame = 0
07-03 11:33:26.079  3443  1912 W ExynosCameraMCPipe: [CAM_ID(1)][PIPE_ISP]-WARN(m_putBuffer[1530]):inputFrameQ wait timeout
07-03 11:33:26.079  3443  1912 W ExynosCameraMCPipe: [CAM_ID(1)][PIPE_ISP]-WARN(m_putBufferThreadFunc[1471]):m_putbuffer fail, ret(-110)
07-03 11:33:26.088  3443  1913 W ExynosCameraMCPipe: [CAM_ID(1)][PIPE_ISP]-WARN(m_getBuffer[1976]):requestFrameQ wait timeout
07-03 11:33:26.089  3443  1913 W ExynosCameraMCPipe: [CAM_ID(1)][PIPE_ISP]-WARN(m_getBufferThreadFunc[1492]):m_getBuffer fail, ret(-110)
07-03 11:33:26.092  3443  1925 D ExynosCamera3: [CAM_ID(1)][]-DEBUG(m_handleInternalFrame[8816]):[EJ] Pass the frame to handleBayerBuffer 235 / m_isNeedRequestFrame = 1, m_isNeedInternalFrame = 0
07-03 11:33:26.129  3443  1925 D ExynosCamera3: [CAM_ID(1)][]-DEBUG(m_handleInternalFrame[8816]):[EJ] Pass the frame to handleBayerBuffer 236 / m_isNeedRequestFrame = 1, m_isNeedInternalFrame = 0
07-03 11:33:26.160  3443  1925 D ExynosCamera3: [CAM_ID(1)][]-DEBUG(m_handleInternalFrame[8816]):[EJ] Pass the frame to handleBayerBuffer 237 / m_isNeedRequestFrame = 1, m_isNeedInternalFrame = 0
07-03 11:33:26.174  4014  4024 I EDMNativeHelperService: isCameraEnabled
07-03 11:33:26.175  4014  4024 D RestrictionPolicy: isCameraEnabled ret(true) userId(0) cxtInfo.mCallerUid(10163) cxtInfo.mContainerId(0)
07-03 11:33:26.192  3443  1925 D ExynosCamera3: [CAM_ID(1)][]-DEBUG(m_handleInternalFrame[8816]):[EJ] Pass the frame to handleBayerBuffer 238 / m_isNeedRequestFrame = 1, m_isNeedInternalFrame = 0
07-03 11:33:26.200  3443  1921 W ExynosCamera3: [CAM_ID(1)][]-WARN(m_previewStreamVRAPipeThreadFunc[6650]):wait timeout
07-03 11:33:26.201  3443  1922 W ExynosCamera3: [CAM_ID(1)][]-WARN(m_previewStreamISPPipeThreadFunc[6613]):wait timeout
07-03 11:33:26.226  3443  1925 D ExynosCamera3: [CAM_ID(1)][]-DEBUG(m_handleInternalFrame[8816]):[EJ] Pass the frame to handleBayerBuffer 239 / m_isNeedRequestFrame = 1, m_isNeedInternalFrame = 0
07-03 11:33:26.263  3443  1925 D ExynosCamera3: [CAM_ID(1)][]-DEBUG(m_handleInternalFrame[8816]):[EJ] Pass the frame to handleBayerBuffer 240 / m_isNeedRequestFrame = 1, m_isNeedInternalFrame = 0
07-03 11:33:26.292  3443  1925 D ExynosCamera3: [CAM_ID(1)][]-DEBUG(m_handleInternalFrame[8816]):[EJ] Pass the frame to handleBayerBuffer 241 / m_isNeedRequestFrame = 1, m_isNeedInternalFrame = 0
07-03 11:33:26.326  3443  1925 D ExynosCamera3: [CAM_ID(1)][]-DEBUG(m_handleInternalFrame[8816]):[EJ] Pass the frame to handleBayerBuffer 242 / m_isNeedRequestFrame = 1, m_isNeedInternalFrame = 0
07-03 11:33:26.350  3443  1921 W ExynosCamera3: [CAM_ID(1)][]-WARN(m_previewStreamVRAPipeThreadFunc[6650]):wait timeout
07-03 11:33:26.351  3443  1922 W ExynosCamera3: [CAM_ID(1)][]-WARN(m_previewStreamISPPipeThreadFunc[6613]):wait timeout
07-03 11:33:26.363  3443  1925 D ExynosCamera3: [CAM_ID(1)][]-DEBUG(m_handleInternalFrame[8816]):[EJ] Pass the frame to handleBayerBuffer 243 / m_isNeedRequestFrame = 1, m_isNeedInternalFrame = 0
07-03 11:33:26.392  3443  1925 D ExynosCamera3: [CAM_ID(1)][]-DEBUG(m_handleInternalFrame[8816]):[EJ] Pass the frame to handleBayerBuffer 244 / m_isNeedRequestFrame = 1, m_isNeedInternalFrame = 0
07-03 11:33:26.426  3443  1925 D ExynosCamera3: [CAM_ID(1)][]-DEBUG(m_handleInternalFrame[8816]):[EJ] Pass the frame to handleBayerBuffer 245 / m_isNeedRequestFrame = 1, m_isNeedInternalFrame = 0
07-03 11:33:26.459  3443  1925 D ExynosCamera3: [CAM_ID(1)][]-DEBUG(m_handleInternalFrame[8816]):[EJ] Pass the frame to handleBayerBuffer 246 / m_isNeedRequestFrame = 1, m_isNeedInternalFrame = 0
07-03 11:33:26.492  3443  1925 D ExynosCamera3: [CAM_ID(1)][]-DEBUG(m_handleInternalFrame[8816]):[EJ] Pass the frame to handleBayerBuffer 247 / m_isNeedRequestFrame = 1, m_isNeedInternalFrame = 0
07-03 11:33:26.501  3443  1921 W ExynosCamera3: [CAM_ID(1)][]-WARN(m_previewStreamVRAPipeThreadFunc[6650]):wait timeout
07-03 11:33:26.501  3443  1922 W ExynosCamera3: [CAM_ID(1)][]-WARN(m_previewStreamISPPipeThreadFunc[6613]):wait timeout
07-03 11:33:26.525  3443  1925 D ExynosCamera3: [CAM_ID(1)][]-DEBUG(m_handleInternalFrame[8816]):[EJ] Pass the frame to handleBayerBuffer 248 / m_isNeedRequestFrame = 1, m_isNeedInternalFrame = 0
07-03 11:33:26.559  3443  1925 D ExynosCamera3: [CAM_ID(1)][]-DEBUG(m_handleInternalFrame[8816]):[EJ] Pass the frame to handleBayerBuffer 249 / m_isNeedRequestFrame = 1, m_isNeedInternalFrame = 0
07-03 11:33:26.588  1798  1948 I BatteryMgr:DataCollectionService: stats => 1688376806588,-136,4206
07-03 11:33:26.592  3443  1925 D ExynosCamera3: [CAM_ID(1)][]-DEBUG(m_handleInternalFrame[8816]):[EJ] Pass the frame to handleBayerBuffer 250 / m_isNeedRequestFrame = 1, m_isNeedInternalFrame = 0
07-03 11:33:26.629  3443  1925 D ExynosCamera3: [CAM_ID(1)][]-DEBUG(m_handleInternalFrame[8816]):[EJ] Pass the frame to handleBayerBuffer 251 / m_isNeedRequestFrame = 1, m_isNeedInternalFrame = 0
07-03 11:33:26.629  3443  1912 W ExynosCameraMCPipe: [CAM_ID(1)][PIPE_ISP]-WARN(m_putBuffer[1530]):inputFrameQ wait timeout
07-03 11:33:26.629  3443  1912 W ExynosCameraMCPipe: [CAM_ID(1)][PIPE_ISP]-WARN(m_putBufferThreadFunc[1471]):m_putbuffer fail, ret(-110)
07-03 11:33:26.639  3443  1913 W ExynosCameraMCPipe: [CAM_ID(1)][PIPE_ISP]-WARN(m_getBuffer[1976]):requestFrameQ wait timeout
07-03 11:33:26.639  3443  1913 W ExynosCameraMCPipe: [CAM_ID(1)][PIPE_ISP]-WARN(m_getBufferThreadFunc[1492]):m_getBuffer fail, ret(-110)
07-03 11:33:26.651  3443  1921 W ExynosCamera3: [CAM_ID(1)][]-WARN(m_previewStreamVRAPipeThreadFunc[6650]):wait timeout
07-03 11:33:26.651  3443  1922 W ExynosCamera3: [CAM_ID(1)][]-WARN(m_previewStreamISPPipeThreadFunc[6613]):wait timeout
07-03 11:33:26.659  3443  1925 D ExynosCamera3: [CAM_ID(1)][]-DEBUG(m_handleInternalFrame[8816]):[EJ] Pass the frame to handleBayerBuffer 252 / m_isNeedRequestFrame = 1, m_isNeedInternalFrame = 0
07-03 11:33:26.692  3443  1925 D ExynosCamera3: [CAM_ID(1)][]-DEBUG(m_handleInternalFrame[8816]):[EJ] Pass the frame to handleBayerBuffer 253 / m_isNeedRequestFrame = 1, m_isNeedInternalFrame = 0
07-03 11:33:26.725  3443  1925 D ExynosCamera3: [CAM_ID(1)][]-DEBUG(m_handleInternalFrame[8816]):[EJ] Pass the frame to handleBayerBuffer 254 / m_isNeedRequestFrame = 1, m_isNeedInternalFrame = 0
07-03 11:33:26.758  3443  1925 D ExynosCamera3: [CAM_ID(1)][]-DEBUG(m_handleInternalFrame[8816]):[EJ] Pass the frame to handleBayerBuffer 255 / m_isNeedRequestFrame = 1, m_isNeedInternalFrame = 0
07-03 11:33:26.792  3443  1925 D ExynosCamera3: [CAM_ID(1)][]-DEBUG(m_handleInternalFrame[8816]):[EJ] Pass the frame to handleBayerBuffer 256 / m_isNeedRequestFrame = 1, m_isNeedInternalFrame = 0
07-03 11:33:26.801  3443  1921 W ExynosCamera3: [CAM_ID(1)][]-WARN(m_previewStreamVRAPipeThreadFunc[6650]):wait timeout
07-03 11:33:26.801  3443  1922 W ExynosCamera3: [CAM_ID(1)][]-WARN(m_previewStreamISPPipeThreadFunc[6613]):wait timeout
07-03 11:33:26.825  3443  1925 D ExynosCamera3: [CAM_ID(1)][]-DEBUG(m_handleInternalFrame[8816]):[EJ] Pass the frame to handleBayerBuffer 257 / m_isNeedRequestFrame = 1, m_isNeedInternalFrame = 0
07-03 11:33:26.859  3443  1925 D ExynosCamera3: [CAM_ID(1)][]-DEBUG(m_handleInternalFrame[8816]):[EJ] Pass the frame to handleBayerBuffer 258 / m_isNeedRequestFrame = 1, m_isNeedInternalFrame = 0
07-03 11:33:26.892  3443  1925 D ExynosCamera3: [CAM_ID(1)][]-DEBUG(m_handleInternalFrame[8816]):[EJ] Pass the frame to handleBayerBuffer 259 / m_isNeedRequestFrame = 1, m_isNeedInternalFrame = 0
07-03 11:33:26.925  3443  1925 D ExynosCamera3: [CAM_ID(1)][]-DEBUG(m_handleInternalFrame[8816]):[EJ] Pass the frame to handleBayerBuffer 260 / m_isNeedRequestFrame = 1, m_isNeedInternalFrame = 0
07-03 11:33:26.951  3443  1921 W ExynosCamera3: [CAM_ID(1)][]-WARN(m_previewStreamVRAPipeThreadFunc[6650]):wait timeout
07-03 11:33:26.952  3443  1922 W ExynosCamera3: [CAM_ID(1)][]-WARN(m_previewStreamISPPipeThreadFunc[6613]):wait timeout
07-03 11:33:26.958  3443  1925 D ExynosCamera3: [CAM_ID(1)][]-DEBUG(m_handleInternalFrame[8816]):[EJ] Pass the frame to handleBayerBuffer 261 / m_isNeedRequestFrame = 1, m_isNeedInternalFrame = 0
07-03 11:33:26.992  3443  1925 D ExynosCamera3: [CAM_ID(1)][]-DEBUG(m_handleInternalFrame[8816]):[EJ] Pass the frame to handleBayerBuffer 262 / m_isNeedRequestFrame = 1, m_isNeedInternalFrame = 0
07-03 11:33:27.025  3443  1925 D ExynosCamera3: [CAM_ID(1)][]-DEBUG(m_handleInternalFrame[8816]):[EJ] Pass the frame to handleBayerBuffer 263 / m_isNeedRequestFrame = 1, m_isNeedInternalFrame = 0
07-03 11:33:27.062  3443  1925 D ExynosCamera3: [CAM_ID(1)][]-DEBUG(m_handleInternalFrame[8816]):[EJ] Pass the frame to handleBayerBuffer 264 / m_isNeedRequestFrame = 1, m_isNeedInternalFrame = 0
07-03 11:33:27.092  3443  1925 D ExynosCamera3: [CAM_ID(1)][]-DEBUG(m_handleInternalFrame[8816]):[EJ] Pass the frame to handleBayerBuffer 265 / m_isNeedRequestFrame = 1, m_isNeedInternalFrame = 0
07-03 11:33:27.101  3443  1921 W ExynosCamera3: [CAM_ID(1)][]-WARN(m_previewStreamVRAPipeThreadFunc[6650]):wait timeout
07-03 11:33:27.102  3443  1922 W ExynosCamera3: [CAM_ID(1)][]-WARN(m_previewStreamISPPipeThreadFunc[6613]):wait timeout
07-03 11:33:27.129  3443  1925 D ExynosCamera3: [CAM_ID(1)][]-DEBUG(m_handleInternalFrame[8816]):[EJ] Pass the frame to handleBayerBuffer 266 / m_isNeedRequestFrame = 1, m_isNeedInternalFrame = 0
07-03 11:33:27.159  3443  1925 D ExynosCamera3: [CAM_ID(1)][]-DEBUG(m_handleInternalFrame[8816]):[EJ] Pass the frame to handleBayerBuffer 267 / m_isNeedRequestFrame = 1, m_isNeedInternalFrame = 0
07-03 11:33:27.176  4014  4024 I EDMNativeHelperService: isCameraEnabled
07-03 11:33:27.177  4014  4024 D RestrictionPolicy: isCameraEnabled ret(true) userId(0) cxtInfo.mCallerUid(10163) cxtInfo.mContainerId(0)
07-03 11:33:27.180  3443  1912 W ExynosCameraMCPipe: [CAM_ID(1)][PIPE_ISP]-WARN(m_putBuffer[1530]):inputFrameQ wait timeout
07-03 11:33:27.180  3443  1912 W ExynosCameraMCPipe: [CAM_ID(1)][PIPE_ISP]-WARN(m_putBufferThreadFunc[1471]):m_putbuffer fail, ret(-110)
07-03 11:33:27.189  3443  1913 W ExynosCameraMCPipe: [CAM_ID(1)][PIPE_ISP]-WARN(m_getBuffer[1976]):requestFrameQ wait timeout
07-03 11:33:27.189  3443  1913 W ExynosCameraMCPipe: [CAM_ID(1)][PIPE_ISP]-WARN(m_getBufferThreadFunc[1492]):m_getBuffer fail, ret(-110)
07-03 11:33:27.191  3443  1925 D ExynosCamera3: [CAM_ID(1)][]-DEBUG(m_handleInternalFrame[8816]):[EJ] Pass the frame to handleBayerBuffer 268 / m_isNeedRequestFrame = 1, m_isNeedInternalFrame = 0
07-03 11:33:27.225  3443  1925 D ExynosCamera3: [CAM_ID(1)][]-DEBUG(m_handleInternalFrame[8816]):[EJ] Pass the frame to handleBayerBuffer 269 / m_isNeedRequestFrame = 1, m_isNeedInternalFrame = 0
07-03 11:33:27.252  3443  1921 W ExynosCamera3: [CAM_ID(1)][]-WARN(m_previewStreamVRAPipeThreadFunc[6650]):wait timeout
07-03 11:33:27.252  3443  1922 W ExynosCamera3: [CAM_ID(1)][]-WARN(m_previewStreamISPPipeThreadFunc[6613]):wait timeout
07-03 11:33:27.259  3443  1925 D ExynosCamera3: [CAM_ID(1)][]-DEBUG(m_handleInternalFrame[8816]):[EJ] Pass the frame to handleBayerBuffer 270 / m_isNeedRequestFrame = 1, m_isNeedInternalFrame = 0
07-03 11:33:27.292  3443  1925 D ExynosCamera3: [CAM_ID(1)][]-DEBUG(m_handleInternalFrame[8816]):[EJ] Pass the frame to handleBayerBuffer 271 / m_isNeedRequestFrame = 1, m_isNeedInternalFrame = 0
07-03 11:33:27.325  3443  1925 D ExynosCamera3: [CAM_ID(1)][]-DEBUG(m_handleInternalFrame[8816]):[EJ] Pass the frame to handleBayerBuffer 272 / m_isNeedRequestFrame = 1, m_isNeedInternalFrame = 0
07-03 11:33:27.358  3443  1925 D ExynosCamera3: [CAM_ID(1)][]-DEBUG(m_handleInternalFrame[8816]):[EJ] Pass the frame to handleBayerBuffer 273 / m_isNeedRequestFrame = 1, m_isNeedInternalFrame = 0
07-03 11:33:27.391  3443  1925 D ExynosCamera3: [CAM_ID(1)][]-DEBUG(m_handleInternalFrame[8816]):[EJ] Pass the frame to handleBayerBuffer 274 / m_isNeedRequestFrame = 1, m_isNeedInternalFrame = 0
07-03 11:33:27.402  3443  1921 W ExynosCamera3: [CAM_ID(1)][]-WARN(m_previewStreamVRAPipeThreadFunc[6650]):wait timeout
07-03 11:33:27.402  3443  1922 W ExynosCamera3: [CAM_ID(1)][]-WARN(m_previewStreamISPPipeThreadFunc[6613]):wait timeout
07-03 11:33:27.428  3443  1925 D ExynosCamera3: [CAM_ID(1)][]-DEBUG(m_handleInternalFrame[8816]):[EJ] Pass the frame to handleBayerBuffer 275 / m_isNeedRequestFrame = 1, m_isNeedInternalFrame = 0
07-03 11:33:27.458  3443  1925 D ExynosCamera3: [CAM_ID(1)][]-DEBUG(m_handleInternalFrame[8816]):[EJ] Pass the frame to handleBayerBuffer 276 / m_isNeedRequestFrame = 1, m_isNeedInternalFrame = 0
07-03 11:33:27.491  3443  1925 D ExynosCamera3: [CAM_ID(1)][]-DEBUG(m_handleInternalFrame[8816]):[EJ] Pass the frame to handleBayerBuffer 277 / m_isNeedRequestFrame = 1, m_isNeedInternalFrame = 0
07-03 11:33:27.495  4014  4111 D SensorService: [SO] 0.172 -0.110 9.936
07-03 11:33:27.528  3443  1925 D ExynosCamera3: [CAM_ID(1)][]-DEBUG(m_handleInternalFrame[8816]):[EJ] Pass the frame to handleBayerBuffer 278 / m_isNeedRequestFrame = 1, m_isNeedInternalFrame = 0
07-03 11:33:27.552  3443  1921 W ExynosCamera3: [CAM_ID(1)][]-WARN(m_previewStreamVRAPipeThreadFunc[6650]):wait timeout
07-03 11:33:27.552  3443  1922 W ExynosCamera3: [CAM_ID(1)][]-WARN(m_previewStreamISPPipeThreadFunc[6613]):wait timeout
07-03 11:33:27.558  3443  1925 D ExynosCamera3: [CAM_ID(1)][]-DEBUG(m_handleInternalFrame[8816]):[EJ] Pass the frame to handleBayerBuffer 279 / m_isNeedRequestFrame = 1, m_isNeedInternalFrame = 0
07-03 11:33:27.591  3443  1925 D ExynosCamera3: [CAM_ID(1)][]-DEBUG(m_handleInternalFrame[8816]):[EJ] Pass the frame to handleBayerBuffer 280 / m_isNeedRequestFrame = 1, m_isNeedInternalFrame = 0
07-03 11:33:27.599  1798  1948 I BatteryMgr:DataCollectionService: stats => 1688376807599,-136,4206
07-03 11:33:27.628  3443  1925 D ExynosCamera3: [CAM_ID(1)][]-DEBUG(m_handleInternalFrame[8816]):[EJ] Pass the frame to handleBayerBuffer 281 / m_isNeedRequestFrame = 1, m_isNeedInternalFrame = 0
07-03 11:33:27.658  3443  1925 D ExynosCamera3: [CAM_ID(1)][]-DEBUG(m_handleInternalFrame[8816]):[EJ] Pass the frame to handleBayerBuffer 282 / m_isNeedRequestFrame = 1, m_isNeedInternalFrame = 0
07-03 11:33:27.691  3443  1925 D ExynosCamera3: [CAM_ID(1)][]-DEBUG(m_handleInternalFrame[8816]):[EJ] Pass the frame to handleBayerBuffer 283 / m_isNeedRequestFrame = 1, m_isNeedInternalFrame = 0
07-03 11:33:27.702  3443  1921 W ExynosCamera3: [CAM_ID(1)][]-WARN(m_previewStreamVRAPipeThreadFunc[6650]):wait timeout
07-03 11:33:27.702  3443  1922 W ExynosCamera3: [CAM_ID(1)][]-WARN(m_previewStreamISPPipeThreadFunc[6613]):wait timeout
07-03 11:33:27.724  3443  1925 D ExynosCamera3: [CAM_ID(1)][]-DEBUG(m_handleInternalFrame[8816]):[EJ] Pass the frame to handleBayerBuffer 284 / m_isNeedRequestFrame = 1, m_isNeedInternalFrame = 0
07-03 11:33:27.730  3443  1912 W ExynosCameraMCPipe: [CAM_ID(1)][PIPE_ISP]-WARN(m_putBuffer[1530]):inputFrameQ wait timeout
07-03 11:33:27.730  3443  1912 W ExynosCameraMCPipe: [CAM_ID(1)][PIPE_ISP]-WARN(m_putBufferThreadFunc[1471]):m_putbuffer fail, ret(-110)
07-03 11:33:27.739  3443  1913 W ExynosCameraMCPipe: [CAM_ID(1)][PIPE_ISP]-WARN(m_getBuffer[1976]):requestFrameQ wait timeout
07-03 11:33:27.739  3443  1913 W ExynosCameraMCPipe: [CAM_ID(1)][PIPE_ISP]-WARN(m_getBufferThreadFunc[1492]):m_getBuffer fail, ret(-110)
07-03 11:33:27.761  3443  1925 D ExynosCamera3: [CAM_ID(1)][]-DEBUG(m_handleInternalFrame[8816]):[EJ] Pass the frame to handleBayerBuffer 285 / m_isNeedRequestFrame = 1, m_isNeedInternalFrame = 0
07-03 11:33:27.788  3442  3442 I android.hardware.wifi@1.0-service: getLinkLayerStats
07-03 11:33:27.791  3443  1925 D ExynosCamera3: [CAM_ID(1)][]-DEBUG(m_handleInternalFrame[8816]):[EJ] Pass the frame to handleBayerBuffer 286 / m_isNeedRequestFrame = 1, m_isNeedInternalFrame = 0
07-03 11:33:27.824  3443  1925 D ExynosCamera3: [CAM_ID(1)][]-DEBUG(m_handleInternalFrame[8816]):[EJ] Pass the frame to handleBayerBuffer 287 / m_isNeedRequestFrame = 1, m_isNeedInternalFrame = 0
07-03 11:33:27.853  3443  1921 W ExynosCamera3: [CAM_ID(1)][]-WARN(m_previewStreamVRAPipeThreadFunc[6650]):wait timeout
07-03 11:33:27.853  3443  1922 W ExynosCamera3: [CAM_ID(1)][]-WARN(m_previewStreamISPPipeThreadFunc[6613]):wait timeout
07-03 11:33:27.858  3443  1925 D ExynosCamera3: [CAM_ID(1)][]-DEBUG(m_handleInternalFrame[8816]):[EJ] Pass the frame to handleBayerBuffer 288 / m_isNeedRequestFrame = 1, m_isNeedInternalFrame = 0
07-03 11:33:27.891  3443  1925 D ExynosCamera3: [CAM_ID(1)][]-DEBUG(m_handleInternalFrame[8816]):[EJ] Pass the frame to handleBayerBuffer 289 / m_isNeedRequestFrame = 1, m_isNeedInternalFrame = 0
07-03 11:33:27.924  3443  1925 D ExynosCamera3: [CAM_ID(1)][]-DEBUG(m_handleInternalFrame[8816]):[EJ] Pass the frame to handleBayerBuffer 290 / m_isNeedRequestFrame = 1, m_isNeedInternalFrame = 0
07-03 11:33:27.958  3443  1925 D ExynosCamera3: [CAM_ID(1)][]-DEBUG(m_handleInternalFrame[8816]):[EJ] Pass the frame to handleBayerBuffer 291 / m_isNeedRequestFrame = 1, m_isNeedInternalFrame = 0
07-03 11:33:27.991  3443  1925 D ExynosCamera3: [CAM_ID(1)][]-DEBUG(m_handleInternalFrame[8816]):[EJ] Pass the frame to handleBayerBuffer 292 / m_isNeedRequestFrame = 1, m_isNeedInternalFrame = 0
07-03 11:33:28.003  3443  1922 W ExynosCamera3: [CAM_ID(1)][]-WARN(m_previewStreamISPPipeThreadFunc[6613]):wait timeout
07-03 11:33:28.003  3443  1921 W ExynosCamera3: [CAM_ID(1)][]-WARN(m_previewStreamVRAPipeThreadFunc[6650]):wait timeout
07-03 11:33:28.024  3443  1925 D ExynosCamera3: [CAM_ID(1)][]-DEBUG(m_handleInternalFrame[8816]):[EJ] Pass the frame to handleBayerBuffer 293 / m_isNeedRequestFrame = 1, m_isNeedInternalFrame = 0
07-03 11:33:28.058  3443  1925 D ExynosCamera3: [CAM_ID(1)][]-DEBUG(m_handleInternalFrame[8816]):[EJ] Pass the frame to handleBayerBuffer 294 / m_isNeedRequestFrame = 1, m_isNeedInternalFrame = 0
07-03 11:33:28.091  3443  1925 D ExynosCamera3: [CAM_ID(1)][]-DEBUG(m_handleInternalFrame[8816]):[EJ] Pass the frame to handleBayerBuffer 295 / m_isNeedRequestFrame = 1, m_isNeedInternalFrame = 0
07-03 11:33:28.124  3443  1925 D ExynosCamera3: [CAM_ID(1)][]-DEBUG(m_handleInternalFrame[8816]):[EJ] Pass the frame to handleBayerBuffer 296 / m_isNeedRequestFrame = 1, m_isNeedInternalFrame = 0
07-03 11:33:28.153  3443  1922 W ExynosCamera3: [CAM_ID(1)][]-WARN(m_previewStreamISPPipeThreadFunc[6613]):wait timeout
07-03 11:33:28.153  3443  1921 W ExynosCamera3: [CAM_ID(1)][]-WARN(m_previewStreamVRAPipeThreadFunc[6650]):wait timeout
07-03 11:33:28.157  3443  1925 D ExynosCamera3: [CAM_ID(1)][]-DEBUG(m_handleInternalFrame[8816]):[EJ] Pass the frame to handleBayerBuffer 297 / m_isNeedRequestFrame = 1, m_isNeedInternalFrame = 0
07-03 11:33:28.170  4014  4024 I EDMNativeHelperService: isCameraEnabled
07-03 11:33:28.171  4014  4024 D RestrictionPolicy: isCameraEnabled ret(true) userId(0) cxtInfo.mCallerUid(10163) cxtInfo.mContainerId(0)
07-03 11:33:28.171  3652  7194 D Camera3-Device: submitRequestsHelper: mInterfaceLock.lock()
07-03 11:33:28.171  3652  7194 D Camera3-Status: markComponent: Component 1 is now active
07-03 11:33:28.171  3652  7194 D Camera3-Device: submitRequestsHelper: mInterfaceLock.unlock()
07-03 11:33:28.178  4014  4024 I EDMNativeHelperService: isCameraEnabled
07-03 11:33:28.179  4014  4024 D RestrictionPolicy: isCameraEnabled ret(true) userId(0) cxtInfo.mCallerUid(10163) cxtInfo.mContainerId(0)
07-03 11:33:28.181  3652  1875 D Camera3-Status: markComponent: Component 2 is now active
07-03 11:33:28.181  3652  1875 D Camera3-Status: markComponent: Component 0 is now active
07-03 11:33:28.184  3443  3443 D ExynosCameraBufferManager: [CAM_ID(1)][ZSL_STREAM_BUF]-DEBUG(getIndexByHandle[4090]): assigned new buffer handle(0x0) Index(31)
07-03 11:33:28.191  3443  1925 D ExynosCamera3: [CAM_ID(1)][]-DEBUG(m_handleInternalFrame[8816]):[EJ] Pass the frame to handleBayerBuffer 298 / m_isNeedRequestFrame = 1, m_isNeedInternalFrame = 0
07-03 11:33:28.228  3443  1925 D ExynosCamera3: [CAM_ID(1)][]-DEBUG(m_handleInternalFrame[8816]):[EJ] Pass the frame to handleBayerBuffer 299 / m_isNeedRequestFrame = 0, m_isNeedInternalFrame = 1
07-03 11:33:28.234  3652  1875 D Camera3-Status: markComponent: Component 1 is now idle
07-03 11:33:28.257  3443  1925 D ExynosCamera3: [CAM_ID(1)][]-DEBUG(m_handleInternalFrame[8816]):[EJ] Pass the frame to handleBayerBuffer 300 / m_isNeedRequestFrame = 0, m_isNeedInternalFrame = 1
07-03 11:33:28.258  3443  1917 D ExynosCamera3: [CAM_ID(1)][]-DEBUG(m_previewFrameHandler[2457]):Use ZSL Service Buffer. framecount 303 bufferIndex 31
07-03 11:33:28.258  3443  1910 D ExynosCameraMCPipe: [CAM_ID(1)][PIPE_3AA]-DEBUG(m_putBuffer[1621]):Skip to get buffer from bufferMgr.                        pipeId(6), frameCount(303) bufferIndex 31)
07-03 11:33:28.263  3443  1910 D ExynosCameraMCPipe: [CAM_ID(1)][PIPE_3AA]-DEBUG(m_checkNodeGroupInfo[3655]):(3AA_PREVIEW):vid(22), request(0 -> 1), oldCropSize(0, 0, 3264, 2448 / 0, 0, 3264, 2448) -> newCropSize(0, 0, 3264, 2448 / 0, 0, 3264, 2448)
07-03 11:33:28.280  3443  1912 W ExynosCameraMCPipe: [CAM_ID(1)][PIPE_ISP]-WARN(m_putBuffer[1530]):inputFrameQ wait timeout
07-03 11:33:28.280  3443  1912 W ExynosCameraMCPipe: [CAM_ID(1)][PIPE_ISP]-WARN(m_putBufferThreadFunc[1471]):m_putbuffer fail, ret(-110)
07-03 11:33:28.289  3443  1913 W ExynosCameraMCPipe: [CAM_ID(1)][PIPE_ISP]-WARN(m_getBuffer[1976]):requestFrameQ wait timeout
07-03 11:33:28.290  3443  1913 W ExynosCameraMCPipe: [CAM_ID(1)][PIPE_ISP]-WARN(m_getBufferThreadFunc[1492]):m_getBuffer fail, ret(-110)
07-03 11:33:28.291  3443  1925 D ExynosCamera3: [CAM_ID(1)][]-DEBUG(m_handleInternalFrame[8816]):[EJ] Pass the frame to handleBayerBuffer 301 / m_isNeedRequestFrame = 1, m_isNeedInternalFrame = 0
07-03 11:33:28.291  3443  1910 I ExynosCameraMCPipe: [CAM_ID(1)][PIPE_3AA]-INFO(m_putBuffer[1552]):Internal Frame(5), frameCount(304), (1)
07-03 11:33:28.291  3443  1910 D ExynosCameraMCPipe: [CAM_ID(1)][PIPE_3AA]-DEBUG(m_checkNodeGroupInfo[3655]):(3AA_PREVIEW):vid(22), request(1 -> 0), oldCropSize(0, 0, 3264, 2448 / 0, 0, 3264, 2448) -> newCropSize(0, 0, 3264, 2448 / 0, 0, 3264, 2448)
07-03 11:33:28.303  3443  1922 W ExynosCamera3: [CAM_ID(1)][]-WARN(m_previewStreamISPPipeThreadFunc[6613]):wait timeout
07-03 11:33:28.303  3443  1921 W ExynosCamera3: [CAM_ID(1)][]-WARN(m_previewStreamVRAPipeThreadFunc[6650]):wait timeout
07-03 11:33:28.324  3443  1925 D ExynosCamera3: [CAM_ID(1)][]-DEBUG(m_handleInternalFrame[8816]):[EJ] Pass the frame to handleBayerBuffer 302 / m_isNeedRequestFrame = 1, m_isNeedInternalFrame = 0
07-03 11:33:28.358  3443  1918 D ExynosCameraBufferManager: [CAM_ID(1)][ZSL_STREAM_BUF]-DEBUG(m_release[4516]):bufIndex(31)
07-03 11:33:28.359  3443  1918 D ExynosCameraBufferManager: [CAM_ID(1)][ZSL_STREAM_BUF]-DEBUG(m_removeFence[4482]):list is empty
07-03 11:33:28.359  3443  1912 W ExynosCameraMCPipe: [CAM_ID(1)][PIPE_ISP]-WARN(m_putBuffer[1712]):Capture node putbuffer is Zero, frameCount(303)
07-03 11:33:28.363  3652  3983 D Camera3-Status: markComponent: Component 2 is now idle
07-03 11:33:28.373  3443  1913 E ExynosCameraMCPipe: [CAM_ID(1)][PIPE_ISP]-ERR(m_getBuffer[2321]):frameCount(303)                    : captureNodeCount == 0 || checkRet(0) != NO_ERROR.                    so, setFrameState(FRAME_STATE_SKIPPED)
07-03 11:33:28.374  3443  1922 W ExynosCamera3: [CAM_ID(1)][]-WARN(m_handlePreviewFrame[7077]):Skipped frame. Force callback result. frameCount 303
07-03 11:33:28.376  3652  3983 D Camera3-Status: markComponent: Component 0 is now idle
07-03 11:33:28.391  3443  1925 D ExynosCamera3: [CAM_ID(1)][]-DEBUG(m_handleInternalFrame[8816]):[EJ] Pass the frame to handleBayerBuffer 304 / m_isNeedRequestFrame = 1, m_isNeedInternalFrame = 0
07-03 11:33:28.424  3443  1925 D ExynosCamera3: [CAM_ID(1)][]-DEBUG(m_handleInternalFrame[8816]):[EJ] Pass the frame to handleBayerBuffer 305 / m_isNeedRequestFrame = 1, m_isNeedInternalFrame = 0
07-03 11:33:28.453  3443  1921 W ExynosCamera3: [CAM_ID(1)][]-WARN(m_previewStreamVRAPipeThreadFunc[6650]):wait timeout
07-03 11:33:28.457  3443  1925 D ExynosCamera3: [CAM_ID(1)][]-DEBUG(m_handleInternalFrame[8816]):[EJ] Pass the frame to handleBayerBuffer 306 / m_isNeedRequestFrame = 1, m_isNeedInternalFrame = 0
07-03 11:33:28.490  3443  1925 D ExynosCamera3: [CAM_ID(1)][]-DEBUG(m_handleInternalFrame[8816]):[EJ] Pass the frame to handleBayerBuffer 307 / m_isNeedRequestFrame = 1, m_isNeedInternalFrame = 0
07-03 11:33:28.524  3443  1925 D ExynosCamera3: [CAM_ID(1)][]-DEBUG(m_handleInternalFrame[8816]):[EJ] Pass the frame to handleBayerBuffer 308 / m_isNeedRequestFrame = 1, m_isNeedInternalFrame = 0
07-03 11:33:28.525  3443  1922 W ExynosCamera3: [CAM_ID(1)][]-WARN(m_previewStreamISPPipeThreadFunc[6613]):wait timeout
07-03 11:33:28.557  3443  1925 D ExynosCamera3: [CAM_ID(1)][]-DEBUG(m_handleInternalFrame[8816]):[EJ] Pass the frame to handleBayerBuffer 309 / m_isNeedRequestFrame = 1, m_isNeedInternalFrame = 0
07-03 11:33:28.590  3443  1925 D ExynosCamera3: [CAM_ID(1)][]-DEBUG(m_handleInternalFrame[8816]):[EJ] Pass the frame to handleBayerBuffer 310 / m_isNeedRequestFrame = 1, m_isNeedInternalFrame = 0
07-03 11:33:28.604  3443  1921 W ExynosCamera3: [CAM_ID(1)][]-WARN(m_previewStreamVRAPipeThreadFunc[6650]):wait timeout
07-03 11:33:28.605  1798  1948 I BatteryMgr:DataCollectionService: stats => 1688376808604,-136,4206
07-03 11:33:28.611  4014 10048 D SSRM:k  : SIOP:: AP = 290, PST = 285 (W:30), BAT = 271, USB = 0, CHG = 0
07-03 11:33:28.624  3443  1925 D ExynosCamera3: [CAM_ID(1)][]-DEBUG(m_handleInternalFrame[8816]):[EJ] Pass the frame to handleBayerBuffer 311 / m_isNeedRequestFrame = 1, m_isNeedInternalFrame = 0
07-03 11:33:28.657  3443  1925 D ExynosCamera3: [CAM_ID(1)][]-DEBUG(m_handleInternalFrame[8816]):[EJ] Pass the frame to handleBayerBuffer 312 / m_isNeedRequestFrame = 1, m_isNeedInternalFrame = 0
07-03 11:33:28.676  3443  1922 W ExynosCamera3: [CAM_ID(1)][]-WARN(m_previewStreamISPPipeThreadFunc[6613]):wait timeout
07-03 11:33:28.690  3443  1925 D ExynosCamera3: [CAM_ID(1)][]-DEBUG(m_handleInternalFrame[8816]):[EJ] Pass the frame to handleBayerBuffer 313 / m_isNeedRequestFrame = 1, m_isNeedInternalFrame = 0
07-03 11:33:28.724  3443  1925 D ExynosCamera3: [CAM_ID(1)][]-DEBUG(m_handleInternalFrame[8816]):[EJ] Pass the frame to handleBayerBuffer 314 / m_isNeedRequestFrame = 1, m_isNeedInternalFrame = 0
07-03 11:33:28.754  3443  1921 W ExynosCamera3: [CAM_ID(1)][]-WARN(m_previewStreamVRAPipeThreadFunc[6650]):wait timeout
07-03 11:33:28.757  3443  1925 D ExynosCamera3: [CAM_ID(1)][]-DEBUG(m_handleInternalFrame[8816]):[EJ] Pass the frame to handleBayerBuffer 315 / m_isNeedRequestFrame = 1, m_isNeedInternalFrame = 0
07-03 11:33:28.790  3443  1925 D ExynosCamera3: [CAM_ID(1)][]-DEBUG(m_handleInternalFrame[8816]):[EJ] Pass the frame to handleBayerBuffer 316 / m_isNeedRequestFrame = 1, m_isNeedInternalFrame = 0
07-03 11:33:28.823  3443  1925 D ExynosCamera3: [CAM_ID(1)][]-DEBUG(m_handleInternalFrame[8816]):[EJ] Pass the frame to handleBayerBuffer 317 / m_isNeedRequestFrame = 1, m_isNeedInternalFrame = 0
07-03 11:33:28.826  3443  1922 W ExynosCamera3: [CAM_ID(1)][]-WARN(m_previewStreamISPPipeThreadFunc[6613]):wait timeout
07-03 11:33:28.857  3443  1925 D ExynosCamera3: [CAM_ID(1)][]-DEBUG(m_handleInternalFrame[8816]):[EJ] Pass the frame to handleBayerBuffer 318 / m_isNeedRequestFrame = 1, m_isNeedInternalFrame = 0
07-03 11:33:28.890  3443  1925 D ExynosCamera3: [CAM_ID(1)][]-DEBUG(m_handleInternalFrame[8816]):[EJ] Pass the frame to handleBayerBuffer 319 / m_isNeedRequestFrame = 1, m_isNeedInternalFrame = 0
07-03 11:33:28.904  3443  1921 W ExynosCamera3: [CAM_ID(1)][]-WARN(m_previewStreamVRAPipeThreadFunc[6650]):wait timeout
07-03 11:33:28.910  3443  1912 W ExynosCameraMCPipe: [CAM_ID(1)][PIPE_ISP]-WARN(m_putBuffer[1530]):inputFrameQ wait timeout
07-03 11:33:28.910  3443  1912 W ExynosCameraMCPipe: [CAM_ID(1)][PIPE_ISP]-WARN(m_putBufferThreadFunc[1471]):m_putbuffer fail, ret(-110)
07-03 11:33:28.923  3443  1925 D ExynosCamera3: [CAM_ID(1)][]-DEBUG(m_handleInternalFrame[8816]):[EJ] Pass the frame to handleBayerBuffer 320 / m_isNeedRequestFrame = 1, m_isNeedInternalFrame = 0
07-03 11:33:28.926  3443  1913 W ExynosCameraMCPipe: [CAM_ID(1)][PIPE_ISP]-WARN(m_getBuffer[1976]):requestFrameQ wait timeout
07-03 11:33:28.926  3443  1913 W ExynosCameraMCPipe: [CAM_ID(1)][PIPE_ISP]-WARN(m_getBufferThreadFunc[1492]):m_getBuffer fail, ret(-110)
07-03 11:33:28.961  3443  1925 D ExynosCamera3: [CAM_ID(1)][]-DEBUG(m_handleInternalFrame[8816]):[EJ] Pass the frame to handleBayerBuffer 321 / m_isNeedRequestFrame = 1, m_isNeedInternalFrame = 0
07-03 11:33:28.976  3443  1922 W ExynosCamera3: [CAM_ID(1)][]-WARN(m_previewStreamISPPipeThreadFunc[6613]):wait timeout
07-03 11:33:28.990  3443  1925 D ExynosCamera3: [CAM_ID(1)][]-DEBUG(m_handleInternalFrame[8816]):[EJ] Pass the frame to handleBayerBuffer 322 / m_isNeedRequestFrame = 1, m_isNeedInternalFrame = 0
07-03 11:33:29.023  3443  1925 D ExynosCamera3: [CAM_ID(1)][]-DEBUG(m_handleInternalFrame[8816]):[EJ] Pass the frame to handleBayerBuffer 323 / m_isNeedRequestFrame = 1, m_isNeedInternalFrame = 0
07-03 11:33:29.054  3443  1921 W ExynosCamera3: [CAM_ID(1)][]-WARN(m_previewStreamVRAPipeThreadFunc[6650]):wait timeout
07-03 11:33:29.057  3443  1925 D ExynosCamera3: [CAM_ID(1)][]-DEBUG(m_handleInternalFrame[8816]):[EJ] Pass the frame to handleBayerBuffer 324 / m_isNeedRequestFrame = 1, m_isNeedInternalFrame = 0
07-03 11:33:29.090  3443  1925 D ExynosCamera3: [CAM_ID(1)][]-DEBUG(m_handleInternalFrame[8816]):[EJ] Pass the frame to handleBayerBuffer 325 / m_isNeedRequestFrame = 1, m_isNeedInternalFrame = 0
07-03 11:33:29.123  3443  1925 D ExynosCamera3: [CAM_ID(1)][]-DEBUG(m_handleInternalFrame[8816]):[EJ] Pass the frame to handleBayerBuffer 326 / m_isNeedRequestFrame = 1, m_isNeedInternalFrame = 0
07-03 11:33:29.126  3443  1922 W ExynosCamera3: [CAM_ID(1)][]-WARN(m_previewStreamISPPipeThreadFunc[6613]):wait timeout
07-03 11:33:29.160  3443  1925 D ExynosCamera3: [CAM_ID(1)][]-DEBUG(m_handleInternalFrame[8816]):[EJ] Pass the frame to handleBayerBuffer 327 / m_isNeedRequestFrame = 1, m_isNeedInternalFrame = 0
07-03 11:33:29.182  4014  4024 I EDMNativeHelperService: isCameraEnabled
07-03 11:33:29.183  4014  4024 D RestrictionPolicy: isCameraEnabled ret(true) userId(0) cxtInfo.mCallerUid(10163) cxtInfo.mContainerId(0)
07-03 11:33:29.190  3443  1925 D ExynosCamera3: [CAM_ID(1)][]-DEBUG(m_handleInternalFrame[8816]):[EJ] Pass the frame to handleBayerBuffer 328 / m_isNeedRequestFrame = 1, m_isNeedInternalFrame = 0
07-03 11:33:29.205  3443  1921 W ExynosCamera3: [CAM_ID(1)][]-WARN(m_previewStreamVRAPipeThreadFunc[6650]):wait timeout
07-03 11:33:29.223  3443  1925 D ExynosCamera3: [CAM_ID(1)][]-DEBUG(m_handleInternalFrame[8816]):[EJ] Pass the frame to handleBayerBuffer 329 / m_isNeedRequestFrame = 1, m_isNeedInternalFrame = 0
07-03 11:33:29.256  3443  1925 D ExynosCamera3: [CAM_ID(1)][]-DEBUG(m_handleInternalFrame[8816]):[EJ] Pass the frame to handleBayerBuffer 330 / m_isNeedRequestFrame = 1, m_isNeedInternalFrame = 0
07-03 11:33:29.276  3443  1922 W ExynosCamera3: [CAM_ID(1)][]-WARN(m_previewStreamISPPipeThreadFunc[6613]):wait timeout
07-03 11:33:29.290  3443  1925 D ExynosCamera3: [CAM_ID(1)][]-DEBUG(m_handleInternalFrame[8816]):[EJ] Pass the frame to handleBayerBuffer 331 / m_isNeedRequestFrame = 1, m_isNeedInternalFrame = 0
07-03 11:33:29.323  3443  1925 D ExynosCamera3: [CAM_ID(1)][]-DEBUG(m_handleInternalFrame[8816]):[EJ] Pass the frame to handleBayerBuffer 332 / m_isNeedRequestFrame = 1, m_isNeedInternalFrame = 0
07-03 11:33:29.355  3443  1921 W ExynosCamera3: [CAM_ID(1)][]-WARN(m_previewStreamVRAPipeThreadFunc[6650]):wait timeout
07-03 11:33:29.356  3443  1925 D ExynosCamera3: [CAM_ID(1)][]-DEBUG(m_handleInternalFrame[8816]):[EJ] Pass the frame to handleBayerBuffer 333 / m_isNeedRequestFrame = 1, m_isNeedInternalFrame = 0
07-03 11:33:29.390  3443  1925 D ExynosCamera3: [CAM_ID(1)][]-DEBUG(m_handleInternalFrame[8816]):[EJ] Pass the frame to handleBayerBuffer 334 / m_isNeedRequestFrame = 1, m_isNeedInternalFrame = 0
07-03 11:33:29.427  3443  1925 D ExynosCamera3: [CAM_ID(1)][]-DEBUG(m_handleInternalFrame[8816]):[EJ] Pass the frame to handleBayerBuffer 335 / m_isNeedRequestFrame = 1, m_isNeedInternalFrame = 0
07-03 11:33:29.427  3443  1922 W ExynosCamera3: [CAM_ID(1)][]-WARN(m_previewStreamISPPipeThreadFunc[6613]):wait timeout
07-03 11:33:29.457  3443  1925 D ExynosCamera3: [CAM_ID(1)][]-DEBUG(m_handleInternalFrame[8816]):[EJ] Pass the frame to handleBayerBuffer 336 / m_isNeedRequestFrame = 1, m_isNeedInternalFrame = 0
07-03 11:33:29.460  3443  1912 W ExynosCameraMCPipe: [CAM_ID(1)][PIPE_ISP]-WARN(m_putBuffer[1530]):inputFrameQ wait timeout
07-03 11:33:29.461  3443  1912 W ExynosCameraMCPipe: [CAM_ID(1)][PIPE_ISP]-WARN(m_putBufferThreadFunc[1471]):m_putbuffer fail, ret(-110)
07-03 11:33:29.476  3443  1913 W ExynosCameraMCPipe: [CAM_ID(1)][PIPE_ISP]-WARN(m_getBuffer[1976]):requestFrameQ wait timeout
07-03 11:33:29.476  3443  1913 W ExynosCameraMCPipe: [CAM_ID(1)][PIPE_ISP]-WARN(m_getBufferThreadFunc[1492]):m_getBuffer fail, ret(-110)
07-03 11:33:29.490  3443  1925 D ExynosCamera3: [CAM_ID(1)][]-DEBUG(m_handleInternalFrame[8816]):[EJ] Pass the frame to handleBayerBuffer 337 / m_isNeedRequestFrame = 1, m_isNeedInternalFrame = 0
07-03 11:33:29.509  3443  1921 W ExynosCamera3: [CAM_ID(1)][]-WARN(m_previewStreamVRAPipeThreadFunc[6650]):wait timeout
07-03 11:33:29.523  3443  1925 D ExynosCamera3: [CAM_ID(1)][]-DEBUG(m_handleInternalFrame[8816]):[EJ] Pass the frame to handleBayerBuffer 338 / m_isNeedRequestFrame = 1, m_isNeedInternalFrame = 0
07-03 11:33:29.556  3443  1925 D ExynosCamera3: [CAM_ID(1)][]-DEBUG(m_handleInternalFrame[8816]):[EJ] Pass the frame to handleBayerBuffer 339 / m_isNeedRequestFrame = 1, m_isNeedInternalFrame = 0
07-03 11:33:29.577  3443  1922 W ExynosCamera3: [CAM_ID(1)][]-WARN(m_previewStreamISPPipeThreadFunc[6613]):wait timeout
07-03 11:33:29.593  3443  1925 D ExynosCamera3: [CAM_ID(1)][]-DEBUG(m_handleInternalFrame[8816]):[EJ] Pass the frame to handleBayerBuffer 340 / m_isNeedRequestFrame = 1, m_isNeedInternalFrame = 0
07-03 11:33:29.610  1798  1948 I BatteryMgr:DataCollectionService: stats => 1688376809610,-136,4206
07-03 11:33:29.623  3443  1925 D ExynosCamera3: [CAM_ID(1)][]-DEBUG(m_handleInternalFrame[8816]):[EJ] Pass the frame to handleBayerBuffer 341 / m_isNeedRequestFrame = 1, m_isNeedInternalFrame = 0
07-03 11:33:29.656  3443  1925 D ExynosCamera3: [CAM_ID(1)][]-DEBUG(m_handleInternalFrame[8816]):[EJ] Pass the frame to handleBayerBuffer 342 / m_isNeedRequestFrame = 1, m_isNeedInternalFrame = 0
07-03 11:33:29.659  3443  1921 W ExynosCamera3: [CAM_ID(1)][]-WARN(m_previewStreamVRAPipeThreadFunc[6650]):wait timeout
07-03 11:33:29.690  3443  1925 D ExynosCamera3: [CAM_ID(1)][]-DEBUG(m_handleInternalFrame[8816]):[EJ] Pass the frame to handleBayerBuffer 343 / m_isNeedRequestFrame = 1, m_isNeedInternalFrame = 0
07-03 11:33:29.723  3443  1925 D ExynosCamera3: [CAM_ID(1)][]-DEBUG(m_handleInternalFrame[8816]):[EJ] Pass the frame to handleBayerBuffer 344 / m_isNeedRequestFrame = 1, m_isNeedInternalFrame = 0
07-03 11:33:29.727  3443  1922 W ExynosCamera3: [CAM_ID(1)][]-WARN(m_previewStreamISPPipeThreadFunc[6613]):wait timeout
07-03 11:33:29.756  3443  1925 D ExynosCamera3: [CAM_ID(1)][]-DEBUG(m_handleInternalFrame[8816]):[EJ] Pass the frame to handleBayerBuffer 345 / m_isNeedRequestFrame = 1, m_isNeedInternalFrame = 0
07-03 11:33:29.793  3443  1925 D ExynosCamera3: [CAM_ID(1)][]-DEBUG(m_handleInternalFrame[8816]):[EJ] Pass the frame to handleBayerBuffer 346 / m_isNeedRequestFrame = 1, m_isNeedInternalFrame = 0
07-03 11:33:29.809  3443  1921 W ExynosCamera3: [CAM_ID(1)][]-WARN(m_previewStreamVRAPipeThreadFunc[6650]):wait timeout
07-03 11:33:29.823  3443  1925 D ExynosCamera3: [CAM_ID(1)][]-DEBUG(m_handleInternalFrame[8816]):[EJ] Pass the frame to handleBayerBuffer 347 / m_isNeedRequestFrame = 1, m_isNeedInternalFrame = 0
07-03 11:33:29.856  3443  1925 D ExynosCamera3: [CAM_ID(1)][]-DEBUG(m_handleInternalFrame[8816]):[EJ] Pass the frame to handleBayerBuffer 348 / m_isNeedRequestFrame = 1, m_isNeedInternalFrame = 0
07-03 11:33:29.877  3443  1922 W ExynosCamera3: [CAM_ID(1)][]-WARN(m_previewStreamISPPipeThreadFunc[6613]):wait timeout
07-03 11:33:29.889  3443  1925 D ExynosCamera3: [CAM_ID(1)][]-DEBUG(m_handleInternalFrame[8816]):[EJ] Pass the frame to handleBayerBuffer 349 / m_isNeedRequestFrame = 1, m_isNeedInternalFrame = 0
07-03 11:33:29.923  3443  1925 D ExynosCamera3: [CAM_ID(1)][]-DEBUG(m_handleInternalFrame[8816]):[EJ] Pass the frame to handleBayerBuffer 350 / m_isNeedRequestFrame = 1, m_isNeedInternalFrame = 0
07-03 11:33:29.956  3443  1925 D ExynosCamera3: [CAM_ID(1)][]-DEBUG(m_handleInternalFrame[8816]):[EJ] Pass the frame to handleBayerBuffer 351 / m_isNeedRequestFrame = 1, m_isNeedInternalFrame = 0
07-03 11:33:29.959  3443  1921 W ExynosCamera3: [CAM_ID(1)][]-WARN(m_previewStreamVRAPipeThreadFunc[6650]):wait timeout
07-03 11:33:29.989  3443  1925 D ExynosCamera3: [CAM_ID(1)][]-DEBUG(m_handleInternalFrame[8816]):[EJ] Pass the frame to handleBayerBuffer 352 / m_isNeedRequestFrame = 1, m_isNeedInternalFrame = 0
07-03 11:33:30.011  3443  1912 W ExynosCameraMCPipe: [CAM_ID(1)][PIPE_ISP]-WARN(m_putBuffer[1530]):inputFrameQ wait timeout
07-03 11:33:30.011  3443  1912 W ExynosCameraMCPipe: [CAM_ID(1)][PIPE_ISP]-WARN(m_putBufferThreadFunc[1471]):m_putbuffer fail, ret(-110)
07-03 11:33:30.022  3443  1925 D ExynosCamera3: [CAM_ID(1)][]-DEBUG(m_handleInternalFrame[8816]):[EJ] Pass the frame to handleBayerBuffer 353 / m_isNeedRequestFrame = 1, m_isNeedInternalFrame = 0
07-03 11:33:30.026  3443  1913 W ExynosCameraMCPipe: [CAM_ID(1)][PIPE_ISP]-WARN(m_getBuffer[1976]):requestFrameQ wait timeout
07-03 11:33:30.026  3443  1913 W ExynosCameraMCPipe: [CAM_ID(1)][PIPE_ISP]-WARN(m_getBufferThreadFunc[1492]):m_getBuffer fail, ret(-110)
07-03 11:33:30.028  3443  1922 W ExynosCamera3: [CAM_ID(1)][]-WARN(m_previewStreamISPPipeThreadFunc[6613]):wait timeout
07-03 11:33:30.056  3443  1925 D ExynosCamera3: [CAM_ID(1)][]-DEBUG(m_handleInternalFrame[8816]):[EJ] Pass the frame to handleBayerBuffer 354 / m_isNeedRequestFrame = 1, m_isNeedInternalFrame = 0
07-03 11:33:30.089  3443  1925 D ExynosCamera3: [CAM_ID(1)][]-DEBUG(m_handleInternalFrame[8816]):[EJ] Pass the frame to handleBayerBuffer 355 / m_isNeedRequestFrame = 1, m_isNeedInternalFrame = 0
07-03 11:33:30.110  3443  1921 W ExynosCamera3: [CAM_ID(1)][]-WARN(m_previewStreamVRAPipeThreadFunc[6650]):wait timeout
07-03 11:33:30.122  3443  1925 D ExynosCamera3: [CAM_ID(1)][]-DEBUG(m_handleInternalFrame[8816]):[EJ] Pass the frame to handleBayerBuffer 356 / m_isNeedRequestFrame = 1, m_isNeedInternalFrame = 0
07-03 11:33:30.158  3443  1925 D ExynosCamera3: [CAM_ID(1)][]-DEBUG(m_handleInternalFrame[8816]):[EJ] Pass the frame to handleBayerBuffer 357 / m_isNeedRequestFrame = 1, m_isNeedInternalFrame = 0
07-03 11:33:30.178  3443  1922 W ExynosCamera3: [CAM_ID(1)][]-WARN(m_previewStreamISPPipeThreadFunc[6613]):wait timeout
07-03 11:33:30.184  4014  4024 I EDMNativeHelperService: isCameraEnabled
07-03 11:33:30.186  4014  4024 D RestrictionPolicy: isCameraEnabled ret(true) userId(0) cxtInfo.mCallerUid(10163) cxtInfo.mContainerId(0)
07-03 11:33:30.189  3443  1925 D ExynosCamera3: [CAM_ID(1)][]-DEBUG(m_handleInternalFrame[8816]):[EJ] Pass the frame to handleBayerBuffer 358 / m_isNeedRequestFrame = 1, m_isNeedInternalFrame = 0
07-03 11:33:30.222  3443  1925 D ExynosCamera3: [CAM_ID(1)][]-DEBUG(m_handleInternalFrame[8816]):[EJ] Pass the frame to handleBayerBuffer 359 / m_isNeedRequestFrame = 1, m_isNeedInternalFrame = 0
07-03 11:33:30.256  3443  1925 D ExynosCamera3: [CAM_ID(1)][]-DEBUG(m_handleInternalFrame[8816]):[EJ] Pass the frame to handleBayerBuffer 360 / m_isNeedRequestFrame = 1, m_isNeedInternalFrame = 0
07-03 11:33:30.260  3443  1921 W ExynosCamera3: [CAM_ID(1)][]-WARN(m_previewStreamVRAPipeThreadFunc[6650]):wait timeout
07-03 11:33:30.292  3443  1925 D ExynosCamera3: [CAM_ID(1)][]-DEBUG(m_handleInternalFrame[8816]):[EJ] Pass the frame to handleBayerBuffer 361 / m_isNeedRequestFrame = 1, m_isNeedInternalFrame = 0
07-03 11:33:30.323  3443  1925 D ExynosCamera3: [CAM_ID(1)][]-DEBUG(m_handleInternalFrame[8816]):[EJ] Pass the frame to handleBayerBuffer 362 / m_isNeedRequestFrame = 1, m_isNeedInternalFrame = 0
07-03 11:33:30.328  3443  1922 W ExynosCamera3: [CAM_ID(1)][]-WARN(m_previewStreamISPPipeThreadFunc[6613]):wait timeout
07-03 11:33:30.355  3443  1925 D ExynosCamera3: [CAM_ID(1)][]-DEBUG(m_handleInternalFrame[8816]):[EJ] Pass the frame to handleBayerBuffer 363 / m_isNeedRequestFrame = 1, m_isNeedInternalFrame = 0
07-03 11:33:30.389  3443  1925 D ExynosCamera3: [CAM_ID(1)][]-DEBUG(m_handleInternalFrame[8816]):[EJ] Pass the frame to handleBayerBuffer 364 / m_isNeedRequestFrame = 1, m_isNeedInternalFrame = 0
07-03 11:33:30.410  3443  1921 W ExynosCamera3: [CAM_ID(1)][]-WARN(m_previewStreamVRAPipeThreadFunc[6650]):wait timeout
07-03 11:33:30.422  3443  1925 D ExynosCamera3: [CAM_ID(1)][]-DEBUG(m_handleInternalFrame[8816]):[EJ] Pass the frame to handleBayerBuffer 365 / m_isNeedRequestFrame = 1, m_isNeedInternalFrame = 0
07-03 11:33:30.456  3443  1925 D ExynosCamera3: [CAM_ID(1)][]-DEBUG(m_handleInternalFrame[8816]):[EJ] Pass the frame to handleBayerBuffer 366 / m_isNeedRequestFrame = 1, m_isNeedInternalFrame = 0
07-03 11:33:30.479  3443  1922 W ExynosCamera3: [CAM_ID(1)][]-WARN(m_previewStreamISPPipeThreadFunc[6613]):wait timeout
07-03 11:33:30.489  3443  1925 D ExynosCamera3: [CAM_ID(1)][]-DEBUG(m_handleInternalFrame[8816]):[EJ] Pass the frame to handleBayerBuffer 367 / m_isNeedRequestFrame = 1, m_isNeedInternalFrame = 0
07-03 11:33:30.525  3443  1925 D ExynosCamera3: [CAM_ID(1)][]-DEBUG(m_handleInternalFrame[8816]):[EJ] Pass the frame to handleBayerBuffer 368 / m_isNeedRequestFrame = 1, m_isNeedInternalFrame = 0
07-03 11:33:30.556  3443  1925 D ExynosCamera3: [CAM_ID(1)][]-DEBUG(m_handleInternalFrame[8816]):[EJ] Pass the frame to handleBayerBuffer 369 / m_isNeedRequestFrame = 1, m_isNeedInternalFrame = 0
07-03 11:33:30.560  3443  1921 W ExynosCamera3: [CAM_ID(1)][]-WARN(m_previewStreamVRAPipeThreadFunc[6650]):wait timeout
07-03 11:33:30.561  3443  1912 W ExynosCameraMCPipe: [CAM_ID(1)][PIPE_ISP]-WARN(m_putBuffer[1530]):inputFrameQ wait timeout
07-03 11:33:30.561  3443  1912 W ExynosCameraMCPipe: [CAM_ID(1)][PIPE_ISP]-WARN(m_putBufferThreadFunc[1471]):m_putbuffer fail, ret(-110)
07-03 11:33:30.577  3443  1913 W ExynosCameraMCPipe: [CAM_ID(1)][PIPE_ISP]-WARN(m_getBuffer[1976]):requestFrameQ wait timeout
07-03 11:33:30.577  3443  1913 W ExynosCameraMCPipe: [CAM_ID(1)][PIPE_ISP]-WARN(m_getBufferThreadFunc[1492]):m_getBuffer fail, ret(-110)
07-03 11:33:30.589  3443  1925 D ExynosCamera3: [CAM_ID(1)][]-DEBUG(m_handleInternalFrame[8816]):[EJ] Pass the frame to handleBayerBuffer 370 / m_isNeedRequestFrame = 1, m_isNeedInternalFrame = 0
07-03 11:33:30.592  7327  7327 D io_stats: !@ 179,0 r 210099 8916790 w 184528 8083316 d 11200 1581596 f 60224 60457 iot 237304 200486 th 51200 0 0 pt 0 inp 0 0 6867.249
07-03 11:33:30.616  1798  1948 I BatteryMgr:DataCollectionService: stats => 1688376810616,-136,4206
07-03 11:33:30.622  3443  1925 D ExynosCamera3: [CAM_ID(1)][]-DEBUG(m_handleInternalFrame[8816]):[EJ] Pass the frame to handleBayerBuffer 371 / m_isNeedRequestFrame = 1, m_isNeedInternalFrame = 0
07-03 11:33:30.629  3443  1922 W ExynosCamera3: [CAM_ID(1)][]-WARN(m_previewStreamISPPipeThreadFunc[6613]):wait timeout
07-03 11:33:30.655  3443  1925 D ExynosCamera3: [CAM_ID(1)][]-DEBUG(m_handleInternalFrame[8816]):[EJ] Pass the frame to handleBayerBuffer 372 / m_isNeedRequestFrame = 1, m_isNeedInternalFrame = 0
07-03 11:33:30.688  3443  1925 D ExynosCamera3: [CAM_ID(1)][]-DEBUG(m_handleInternalFrame[8816]):[EJ] Pass the frame to handleBayerBuffer 373 / m_isNeedRequestFrame = 1, m_isNeedInternalFrame = 0
07-03 11:33:30.710  3443  1921 W ExynosCamera3: [CAM_ID(1)][]-WARN(m_previewStreamVRAPipeThreadFunc[6650]):wait timeout
07-03 11:33:30.722  3443  1925 D ExynosCamera3: [CAM_ID(1)][]-DEBUG(m_handleInternalFrame[8816]):[EJ] Pass the frame to handleBayerBuffer 374 / m_isNeedRequestFrame = 1, m_isNeedInternalFrame = 0
07-03 11:33:30.755  3443  1925 D ExynosCamera3: [CAM_ID(1)][]-DEBUG(m_handleInternalFrame[8816]):[EJ] Pass the frame to handleBayerBuffer 375 / m_isNeedRequestFrame = 1, m_isNeedInternalFrame = 0
07-03 11:33:30.779  3443  1922 W ExynosCamera3: [CAM_ID(1)][]-WARN(m_previewStreamISPPipeThreadFunc[6613]):wait timeout
07-03 11:33:30.788  3443  1925 D ExynosCamera3: [CAM_ID(1)][]-DEBUG(m_handleInternalFrame[8816]):[EJ] Pass the frame to handleBayerBuffer 376 / m_isNeedRequestFrame = 1, m_isNeedInternalFrame = 0
07-03 11:33:30.798  3442  3442 I android.hardware.wifi@1.0-service: getLinkLayerStats
07-03 11:33:30.822  3443  1925 D ExynosCamera3: [CAM_ID(1)][]-DEBUG(m_handleInternalFrame[8816]):[EJ] Pass the frame to handleBayerBuffer 377 / m_isNeedRequestFrame = 1, m_isNeedInternalFrame = 0
07-03 11:33:30.855  3443  1925 D ExynosCamera3: [CAM_ID(1)][]-DEBUG(m_handleInternalFrame[8816]):[EJ] Pass the frame to handleBayerBuffer 378 / m_isNeedRequestFrame = 1, m_isNeedInternalFrame = 0
07-03 11:33:30.861  3443  1921 W ExynosCamera3: [CAM_ID(1)][]-WARN(m_previewStreamVRAPipeThreadFunc[6650]):wait timeout
07-03 11:33:30.889  3443  1925 D ExynosCamera3: [CAM_ID(1)][]-DEBUG(m_handleInternalFrame[8816]):[EJ] Pass the frame to handleBayerBuffer 379 / m_isNeedRequestFrame = 1, m_isNeedInternalFrame = 0
07-03 11:33:30.922  3443  1925 D ExynosCamera3: [CAM_ID(1)][]-DEBUG(m_handleInternalFrame[8816]):[EJ] Pass the frame to handleBayerBuffer 380 / m_isNeedRequestFrame = 1, m_isNeedInternalFrame = 0
07-03 11:33:30.929  3443  1922 W ExynosCamera3: [CAM_ID(1)][]-WARN(m_previewStreamISPPipeThreadFunc[6613]):wait timeout
07-03 11:33:30.955  3443  1925 D ExynosCamera3: [CAM_ID(1)][]-DEBUG(m_handleInternalFrame[8816]):[EJ] Pass the frame to handleBayerBuffer 381 / m_isNeedRequestFrame = 1, m_isNeedInternalFrame = 0
07-03 11:33:30.984 28542 28591 I ReschedulableTimer: [#CMH#] ReschedulableTimer started 
07-03 11:33:30.988  3443  1925 D ExynosCamera3: [CAM_ID(1)][]-DEBUG(m_handleInternalFrame[8816]):[EJ] Pass the frame to handleBayerBuffer 382 / m_isNeedRequestFrame = 1, m_isNeedInternalFrame = 0
