07-05 10:18:30.987 13316 13476 I BatteryMgr:DataCollectionService: stats => 1688545110986,-296874,4306
07-05 10:18:31.005 13316 13476 I BatteryMgr:DataCollectionService: stats => 1688545111005,-296874,4306
07-05 10:18:31.009   937 13458 E mm-camera: <IFACE ><ERROR> 2441: iface_axi_handle_sof_event: Event SOF session 5 VFE1, src 0 with frame_id 132 ts: 2355730389000
07-05 10:18:31.012   937 13398 E mm-camera: <ISP   ><ERROR> 172: sce40_select_table: aec_ratio 1.000000
07-05 10:18:31.014   937 13391 E QMI_FW  : qmi_cci_get_ref: ref count increased 2
07-05 10:18:31.023 13316 13476 I BatteryMgr:DataCollectionService: stats => 1688545111023,-296874,4306
07-05 10:18:31.044   937 13458 E mm-camera: <IFACE ><ERROR> 2441: iface_axi_handle_sof_event: Event SOF session 5 VFE1, src 0 with frame_id 133 ts: 2355763623000
07-05 10:18:31.044 13316 13476 I BatteryMgr:DataCollectionService: stats => 1688545111044,-296874,4306
07-05 10:18:31.046   937 13391 E QMI_FW  : qmi_cci_get_ref: ref count increased 2
07-05 10:18:31.054 13316 13484 D ProfileInstaller: Installing profile for com.example.batterymanager_utility
07-05 10:18:31.060 13316 13476 I BatteryMgr:DataCollectionService: stats => 1688545111060,-296874,4306
07-05 10:18:31.075   937 13458 E mm-camera: <IFACE ><ERROR> 2441: iface_axi_handle_sof_event: Event SOF session 5 VFE1, src 0 with frame_id 134 ts: 2355796998000
07-05 10:18:31.077   937 13391 E QMI_FW  : qmi_cci_get_ref: ref count increased 2
07-05 10:18:31.077   937 13398 E mm-camera: <ISP   ><ERROR> 172: sce40_select_table: aec_ratio 1.000000
07-05 10:18:31.080 13316 13476 I BatteryMgr:DataCollectionService: stats => 1688545111080,-296874,4306
07-05 10:18:31.095 13316 13476 I BatteryMgr:DataCollectionService: stats => 1688545111095,-296874,4306
07-05 10:18:31.109   937 13458 E mm-camera: <IFACE ><ERROR> 2441: iface_axi_handle_sof_event: Event SOF session 5 VFE1, src 0 with frame_id 135 ts: 2355830279000
07-05 10:18:31.110   937 13391 E QMI_FW  : qmi_cci_get_ref: ref count increased 2
07-05 10:18:31.116 13316 13476 I BatteryMgr:DataCollectionService: stats => 1688545111116,-296874,4306
07-05 10:18:31.133 13316 13476 I BatteryMgr:DataCollectionService: stats => 1688545111132,-296874,4306
07-05 10:18:31.142   937 13458 E mm-camera: <IFACE ><ERROR> 2441: iface_axi_handle_sof_event: Event SOF session 5 VFE1, src 0 with frame_id 136 ts: 2355863610000
07-05 10:18:31.145   937 13398 E mm-camera: <ISP   ><ERROR> 172: sce40_select_table: aec_ratio 1.000000
07-05 10:18:31.145   937 13391 E QMI_FW  : qmi_cci_get_ref: ref count increased 2
07-05 10:18:31.159 13316 13476 I BatteryMgr:DataCollectionService: stats => 1688545111159,-296874,4306
07-05 10:18:31.176   937 13458 E mm-camera: <IFACE ><ERROR> 2441: iface_axi_handle_sof_event: Event SOF session 5 VFE1, src 0 with frame_id 137 ts: 2355896943000
07-05 10:18:31.181 13316 13476 I BatteryMgr:DataCollectionService: stats => 1688545111180,-296874,4306
07-05 10:18:31.182   937 13391 E QMI_FW  : qmi_cci_get_ref: ref count increased 2
07-05 10:18:31.200 13316 13476 I BatteryMgr:DataCollectionService: stats => 1688545111199,-296874,4306
07-05 10:18:31.209   937 13458 E mm-camera: <IFACE ><ERROR> 2441: iface_axi_handle_sof_event: Event SOF session 5 VFE1, src 0 with frame_id 138 ts: 2355930267000
07-05 10:18:31.211   937 13391 E QMI_FW  : qmi_cci_get_ref: ref count increased 2
07-05 10:18:31.213   937 13398 E mm-camera: <ISP   ><ERROR> 172: sce40_select_table: aec_ratio 1.000000
07-05 10:18:31.220 13316 13476 I BatteryMgr:DataCollectionService: stats => 1688545111220,-296874,4306
07-05 10:18:31.238 13316 13476 I BatteryMgr:DataCollectionService: stats => 1688545111238,-296874,4306
07-05 10:18:31.242   937 13458 E mm-camera: <IFACE ><ERROR> 2441: iface_axi_handle_sof_event: Event SOF session 5 VFE1, src 0 with frame_id 139 ts: 2355963597000
07-05 10:18:31.244   937 13391 E QMI_FW  : qmi_cci_get_ref: ref count increased 2
07-05 10:18:31.256 13316 13476 I BatteryMgr:DataCollectionService: stats => 1688545111256,-296874,4306
07-05 10:18:31.276   937 13458 E mm-camera: <IFACE ><ERROR> 2441: iface_axi_handle_sof_event: Event SOF session 5 VFE1, src 0 with frame_id 140 ts: 2355996942000
07-05 10:18:31.278 13316 13476 I BatteryMgr:DataCollectionService: stats => 1688545111277,-296874,4306
07-05 10:18:31.279   937 13391 E QMI_FW  : qmi_cci_get_ref: ref count increased 2
07-05 10:18:31.279   937 13398 E mm-camera: <ISP   ><ERROR> 172: sce40_select_table: aec_ratio 1.000000
07-05 10:18:31.295 13316 13476 I BatteryMgr:DataCollectionService: stats => 1688545111294,-296874,4306
07-05 10:18:31.309   937 13458 E mm-camera: <IFACE ><ERROR> 2441: iface_axi_handle_sof_event: Event SOF session 5 VFE1, src 0 with frame_id 141 ts: 2356030303000
07-05 10:18:31.311   937 13391 E QMI_FW  : qmi_cci_get_ref: ref count increased 2
07-05 10:18:31.317 13316 13476 I BatteryMgr:DataCollectionService: stats => 1688545111317,-296874,4306
07-05 10:18:31.334 13316 13476 I BatteryMgr:DataCollectionService: stats => 1688545111334,-296874,4306
07-05 10:18:31.344   937 13458 E mm-camera: <IFACE ><ERROR> 2441: iface_axi_handle_sof_event: Event SOF session 5 VFE1, src 0 with frame_id 142 ts: 2356063596000
07-05 10:18:31.347   937 13391 E QMI_FW  : qmi_cci_get_ref: ref count increased 2
07-05 10:18:31.347   937 13398 E mm-camera: <ISP   ><ERROR> 172: sce40_select_table: aec_ratio 1.000000
07-05 10:18:31.354 13316 13476 I BatteryMgr:DataCollectionService: stats => 1688545111354,-296874,4306
07-05 10:18:31.372 13316 13476 I BatteryMgr:DataCollectionService: stats => 1688545111372,-296874,4306
07-05 10:18:31.375   937 13458 E mm-camera: <IFACE ><ERROR> 2441: iface_axi_handle_sof_event: Event SOF session 5 VFE1, src 0 with frame_id 143 ts: 2356096913000
07-05 10:18:31.379   937 13391 E QMI_FW  : qmi_cci_get_ref: ref count increased 2
07-05 10:18:31.391 13316 13476 I BatteryMgr:DataCollectionService: stats => 1688545111391,-296874,4306
07-05 10:18:31.409   937 13458 E mm-camera: <IFACE ><ERROR> 2441: iface_axi_handle_sof_event: Event SOF session 5 VFE1, src 0 with frame_id 144 ts: 2356130246000
07-05 10:18:31.411   937 13398 E mm-camera: <ISP   ><ERROR> 172: sce40_select_table: aec_ratio 1.000000
07-05 10:18:31.412 13316 13476 I BatteryMgr:DataCollectionService: stats => 1688545111412,-296874,4306
07-05 10:18:31.413   937 13391 E QMI_FW  : qmi_cci_get_ref: ref count increased 2
07-05 10:18:31.430 13316 13476 I BatteryMgr:DataCollectionService: stats => 1688545111430,-296874,4306
07-05 10:18:31.442   937 13458 E mm-camera: <IFACE ><ERROR> 2441: iface_axi_handle_sof_event: Event SOF session 5 VFE1, src 0 with frame_id 145 ts: 2356163574000
07-05 10:18:31.446   937 13391 E QMI_FW  : qmi_cci_get_ref: ref count increased 2
07-05 10:18:31.455   937  2148 I QCamera : <HAL><INFO> translateToHalMetadata: 16871: [ssan Ai] mDeviceRotation = 0
07-05 10:18:31.455   937  2148 E QCamera : <HAL><ERROR> translateToHalMetadata: 16917: pengpeng mHmdCameraMode = 0
07-05 10:18:31.457 13316 13476 I BatteryMgr:DataCollectionService: stats => 1688545111457,-296874,4306
07-05 10:18:31.474 13316 13476 I BatteryMgr:DataCollectionService: stats => 1688545111473,-296874,4306
07-05 10:18:31.476   937 13458 E mm-camera: <IFACE ><ERROR> 2441: iface_axi_handle_sof_event: Event SOF session 5 VFE1, src 0 with frame_id 146 ts: 2356196904000
07-05 10:18:31.479   937 13398 E mm-camera: <ISP   ><ERROR> 172: sce40_select_table: aec_ratio 1.000000
07-05 10:18:31.481   937 13391 I mm-camera: <STATS_AEC >< INFO> 3613: aec_port_proc_downstream_ctrl: AEC_SET_PARAM_MANUAL_EXP_TIME:is_exp_time_valid=1,exp_time=0.000013
07-05 10:18:31.482   937 13391 E mm-camera: <SENSOR><ERROR> 5476: module_sensor_event_control_set_parm: func_tbl for submodule 4 is NULL
07-05 10:18:31.482   937 13391 E mm-camera: <SENSOR><ERROR> 5287: module_sensor_event_control_set_parm: func_tbl for submodule 4 is NULL
07-05 10:18:31.482   937 13391 E mm-camera: <SENSOR><ERROR> 5289: module_sensor_event_control_set_parm: CAM_INTF_META_FLASH_POWER failed
07-05 10:18:31.485   937 13391 E QMI_FW  : qmi_cci_get_ref: ref count increased 2
07-05 10:18:31.496 13316 13476 I BatteryMgr:DataCollectionService: stats => 1688545111496,-296874,4306
07-05 10:18:31.509   937 13458 E mm-camera: <IFACE ><ERROR> 2441: iface_axi_handle_sof_event: Event SOF session 5 VFE1, src 0 with frame_id 147 ts: 2356230232000
07-05 10:18:31.514   937 13391 E QMI_FW  : qmi_cci_get_ref: ref count increased 2
07-05 10:18:31.520 13316 13476 I BatteryMgr:DataCollectionService: stats => 1688545111520,-296874,4306
07-05 10:18:31.537 13316 13476 I BatteryMgr:DataCollectionService: stats => 1688545111537,-296874,4306
07-05 10:18:31.547   937 13458 E mm-camera: <IFACE ><ERROR> 2441: iface_axi_handle_sof_event: Event SOF session 5 VFE1, src 0 with frame_id 148 ts: 2356263563000
07-05 10:18:31.550   937 13391 E QMI_FW  : qmi_cci_get_ref: ref count increased 2
07-05 10:18:31.553   937 13398 E mm-camera: <ISP   ><ERROR> 172: sce40_select_table: aec_ratio 1.000000
07-05 10:18:31.559 13316 13476 I BatteryMgr:DataCollectionService: stats => 1688545111559,-296874,4306
07-05 10:18:31.576 13316 13476 I BatteryMgr:DataCollectionService: stats => 1688545111575,-296874,4306
07-05 10:18:31.576   937 13458 E mm-camera: <IFACE ><ERROR> 2441: iface_axi_handle_sof_event: Event SOF session 5 VFE1, src 0 with frame_id 149 ts: 2356296886000
07-05 10:18:31.577   937 13391 E QMI_FW  : qmi_cci_get_ref: ref count increased 2
07-05 10:18:31.590  1002  1076 E SurfaceFlinger: setDesiredDisplayConfigSpecs: failed to call setDesiredDisplayConfigSpecs: -22
07-05 10:18:31.591  1704  1854 E SurfaceFlinger: setDesiredDisplayConfigSpecs failed to transact: -22
07-05 10:18:31.594 13316 13476 I BatteryMgr:DataCollectionService: stats => 1688545111594,-296874,4306
07-05 10:18:31.609   937 13458 E mm-camera: <IFACE ><ERROR> 2441: iface_axi_handle_sof_event: Event SOF session 5 VFE1, src 0 with frame_id 150 ts: 2356330216000
07-05 10:18:31.611   937 13398 E mm-camera: <ISP   ><ERROR> 172: sce40_select_table: aec_ratio 1.000000
07-05 10:18:31.611   937 13391 E QMI_FW  : qmi_cci_get_ref: ref count increased 2
07-05 10:18:31.619 13316 13476 I BatteryMgr:DataCollectionService: stats => 1688545111619,-296874,4306
07-05 10:18:31.634 13316 13476 I BatteryMgr:DataCollectionService: stats => 1688545111633,-296874,4306
07-05 10:18:31.642   937 13458 E mm-camera: <IFACE ><ERROR> 2441: iface_axi_handle_sof_event: Event SOF session 5 VFE1, src 0 with frame_id 151 ts: 2356363544000
07-05 10:18:31.645   937 13391 E QMI_FW  : qmi_cci_get_ref: ref count increased 2
07-05 10:18:31.651 13316 13476 I BatteryMgr:DataCollectionService: stats => 1688545111651,-342284,4306
07-05 10:18:31.666 13316 13476 I BatteryMgr:DataCollectionService: stats => 1688545111666,-342284,4306
07-05 10:18:31.677   937 13458 E mm-camera: <IFACE ><ERROR> 2441: iface_axi_handle_sof_event: Event SOF session 5 VFE1, src 0 with frame_id 152 ts: 2356396880000
07-05 10:18:31.680   937 13398 E mm-camera: <ISP   ><ERROR> 172: sce40_select_table: aec_ratio 1.000000
07-05 10:18:31.680   937 13391 E QMI_FW  : qmi_cci_get_ref: ref count increased 2
07-05 10:18:31.688 13316 13476 I BatteryMgr:DataCollectionService: stats => 1688545111688,-342284,4306
07-05 10:18:31.707 13316 13476 I BatteryMgr:DataCollectionService: stats => 1688545111707,-342284,4306
07-05 10:18:31.712   937 13458 E mm-camera: <IFACE ><ERROR> 2441: iface_axi_handle_sof_event: Event SOF session 5 VFE1, src 0 with frame_id 153 ts: 2356430211000
07-05 10:18:31.718   937 13391 E QMI_FW  : qmi_cci_get_ref: ref count increased 2
07-05 10:18:31.731 13316 13476 I BatteryMgr:DataCollectionService: stats => 1688545111731,-342284,4306
07-05 10:18:31.747   937 13458 E mm-camera: <IFACE ><ERROR> 2441: iface_axi_handle_sof_event: Event SOF session 5 VFE1, src 0 with frame_id 154 ts: 2356463539000
07-05 10:18:31.750   937 13398 E mm-camera: <ISP   ><ERROR> 172: sce40_select_table: aec_ratio 1.000000
07-05 10:18:31.753   937 13391 E QMI_FW  : qmi_cci_get_ref: ref count increased 2
07-05 10:18:31.761 13316 13476 I BatteryMgr:DataCollectionService: stats => 1688545111761,-342284,4306
07-05 10:18:31.777   937 13458 E mm-camera: <IFACE ><ERROR> 2441: iface_axi_handle_sof_event: Event SOF session 5 VFE1, src 0 with frame_id 155 ts: 2356496888000
07-05 10:18:31.779   937 13391 E QMI_FW  : qmi_cci_get_ref: ref count increased 2
07-05 10:18:31.783 13316 13476 I BatteryMgr:DataCollectionService: stats => 1688545111783,-342284,4306
07-05 10:18:31.804 13316 13476 I BatteryMgr:DataCollectionService: stats => 1688545111804,-342284,4306
07-05 10:18:31.810   937 13458 E mm-camera: <IFACE ><ERROR> 2441: iface_axi_handle_sof_event: Event SOF session 5 VFE1, src 0 with frame_id 156 ts: 2356530197000
07-05 10:18:31.812   937 13391 E QMI_FW  : qmi_cci_get_ref: ref count increased 2
07-05 10:18:31.813   937 13398 E mm-camera: <ISP   ><ERROR> 172: sce40_select_table: aec_ratio 1.000000
07-05 10:18:31.823 13316 13476 I BatteryMgr:DataCollectionService: stats => 1688545111823,-342284,4306
07-05 10:18:31.842   937 13458 E mm-camera: <IFACE ><ERROR> 2441: iface_axi_handle_sof_event: Event SOF session 5 VFE1, src 0 with frame_id 157 ts: 2356563537000
07-05 10:18:31.848   937 13391 E QMI_FW  : qmi_cci_get_ref: ref count increased 2
07-05 10:18:31.850 13316 13476 I BatteryMgr:DataCollectionService: stats => 1688545111843,-342284,4306
07-05 10:18:31.867 13316 13476 I BatteryMgr:DataCollectionService: stats => 1688545111867,-342284,4306
07-05 10:18:31.875   937 13458 E mm-camera: <IFACE ><ERROR> 2441: iface_axi_handle_sof_event: Event SOF session 5 VFE1, src 0 with frame_id 158 ts: 2356596850000
07-05 10:18:31.877   937 13391 E QMI_FW  : qmi_cci_get_ref: ref count increased 2
07-05 10:18:31.877   937 13398 E mm-camera: <ISP   ><ERROR> 172: sce40_select_table: aec_ratio 1.000000
07-05 10:18:31.890 13316 13476 I BatteryMgr:DataCollectionService: stats => 1688545111890,-342284,4306
07-05 10:18:31.911   937 13458 E mm-camera: <IFACE ><ERROR> 2441: iface_axi_handle_sof_event: Event SOF session 5 VFE1, src 0 with frame_id 159 ts: 2356630181000
07-05 10:18:31.914 13316 13476 I BatteryMgr:DataCollectionService: stats => 1688545111914,-342284,4306
07-05 10:18:31.917   937 13391 E QMI_FW  : qmi_cci_get_ref: ref count increased 2
07-05 10:18:31.933 13316 13476 I BatteryMgr:DataCollectionService: stats => 1688545111933,-342284,4306
07-05 10:18:31.942   937 13458 E mm-camera: <IFACE ><ERROR> 2441: iface_axi_handle_sof_event: Event SOF session 5 VFE1, src 0 with frame_id 160 ts: 2356663509000
07-05 10:18:31.949   937 13391 E QMI_FW  : qmi_cci_get_ref: ref count increased 2
07-05 10:18:31.950   937 13391 E QMI_FW  : qmi_cci_get_ref: ref count increased 2
07-05 10:18:31.950   937 13398 E mm-camera: <ISP   ><ERROR> 172: sce40_select_table: aec_ratio 1.000000
07-05 10:18:31.958 13316 13476 I BatteryMgr:DataCollectionService: stats => 1688545111958,-342284,4306
07-05 10:18:31.975   937 13458 E mm-camera: <IFACE ><ERROR> 2441: iface_axi_handle_sof_event: Event SOF session 5 VFE1, src 0 with frame_id 161 ts: 2356696839000
07-05 10:18:31.977   937 13391 E QMI_FW  : qmi_cci_get_ref: ref count increased 2
07-05 10:18:31.981 13316 13476 I BatteryMgr:DataCollectionService: stats => 1688545111980,-342284,4306
07-05 10:18:31.999 13316 13476 I BatteryMgr:DataCollectionService: stats => 1688545111999,-342284,4306
07-05 10:18:32.009   937 13458 E mm-camera: <IFACE ><ERROR> 2441: iface_axi_handle_sof_event: Event SOF session 5 VFE1, src 0 with frame_id 162 ts: 2356730167000
07-05 10:18:32.012   937 13398 E mm-camera: <ISP   ><ERROR> 172: sce40_select_table: aec_ratio 1.000000
07-05 10:18:32.013   937 13391 E QMI_FW  : qmi_cci_get_ref: ref count increased 2
07-05 10:18:32.019 13316 13476 I BatteryMgr:DataCollectionService: stats => 1688545112018,-342284,4306
07-05 10:18:32.041 13316 13476 I BatteryMgr:DataCollectionService: stats => 1688545112040,-342284,4306
07-05 10:18:32.042   937 13458 E mm-camera: <IFACE ><ERROR> 2441: iface_axi_handle_sof_event: Event SOF session 5 VFE1, src 0 with frame_id 163 ts: 2356763496000
07-05 10:18:32.046   937 13391 E QMI_FW  : qmi_cci_get_ref: ref count increased 2
07-05 10:18:32.061 13316 13476 I BatteryMgr:DataCollectionService: stats => 1688545112061,-342284,4306
07-05 10:18:32.076   937 13458 E mm-camera: <IFACE ><ERROR> 2441: iface_axi_handle_sof_event: Event SOF session 5 VFE1, src 0 with frame_id 164 ts: 2356797136000
07-05 10:18:32.078 13316 13476 I BatteryMgr:DataCollectionService: stats => 1688545112078,-342284,4306
07-05 10:18:32.081   937 13398 E mm-camera: <ISP   ><ERROR> 172: sce40_select_table: aec_ratio 1.000000
07-05 10:18:32.083   937 13391 E QMI_FW  : qmi_cci_get_ref: ref count increased 2
07-05 10:18:32.094 13316 13476 I BatteryMgr:DataCollectionService: stats => 1688545112094,-342284,4306
07-05 10:18:32.111 13316 13476 I BatteryMgr:DataCollectionService: stats => 1688545112111,-342284,4306
07-05 10:18:32.111   937 13458 E mm-camera: <IFACE ><ERROR> 2441: iface_axi_handle_sof_event: Event SOF session 5 VFE1, src 0 with frame_id 165 ts: 2356830242000
07-05 10:18:32.114   937 13391 E QMI_FW  : qmi_cci_get_ref: ref count increased 2
07-05 10:18:32.128 13316 13476 I BatteryMgr:DataCollectionService: stats => 1688545112128,-342284,4306
07-05 10:18:32.142   937 13458 E mm-camera: <IFACE ><ERROR> 2441: iface_axi_handle_sof_event: Event SOF session 5 VFE1, src 0 with frame_id 166 ts: 2356863484000
07-05 10:18:32.146   937 13398 E mm-camera: <ISP   ><ERROR> 172: sce40_select_table: aec_ratio 1.000000
07-05 10:18:32.148   937 13391 E QMI_FW  : qmi_cci_get_ref: ref count increased 2
07-05 10:18:32.153 13316 13476 I BatteryMgr:DataCollectionService: stats => 1688545112153,-342284,4306
07-05 10:18:32.170 13316 13476 I BatteryMgr:DataCollectionService: stats => 1688545112170,-342284,4306
07-05 10:18:32.175   937 13458 E mm-camera: <IFACE ><ERROR> 2441: iface_axi_handle_sof_event: Event SOF session 5 VFE1, src 0 with frame_id 167 ts: 2356896815000
07-05 10:18:32.180   937 13391 E QMI_FW  : qmi_cci_get_ref: ref count increased 2
07-05 10:18:32.189 13316 13476 I BatteryMgr:DataCollectionService: stats => 1688545112188,-342284,4306
07-05 10:18:32.206 13316 13476 I BatteryMgr:DataCollectionService: stats => 1688545112206,-342284,4306
07-05 10:18:32.209   937 13458 E mm-camera: <IFACE ><ERROR> 2441: iface_axi_handle_sof_event: Event SOF session 5 VFE1, src 0 with frame_id 168 ts: 2356930143000
07-05 10:18:32.211   937 13398 E mm-camera: <ISP   ><ERROR> 172: sce40_select_table: aec_ratio 1.000000
07-05 10:18:32.214   937 13391 E QMI_FW  : qmi_cci_get_ref: ref count increased 2
07-05 10:18:32.224 13316 13476 I BatteryMgr:DataCollectionService: stats => 1688545112224,-342284,4306
07-05 10:18:32.242 13316 13476 I BatteryMgr:DataCollectionService: stats => 1688545112242,-342284,4306
07-05 10:18:32.244   937 13458 E mm-camera: <IFACE ><ERROR> 2441: iface_axi_handle_sof_event: Event SOF session 5 VFE1, src 0 with frame_id 169 ts: 2356963472000
07-05 10:18:32.249   937 13391 E QMI_FW  : qmi_cci_get_ref: ref count increased 2
07-05 10:18:32.260 13316 13476 I BatteryMgr:DataCollectionService: stats => 1688545112260,-342284,4306
07-05 10:18:32.275   937 13458 E mm-camera: <IFACE ><ERROR> 2441: iface_axi_handle_sof_event: Event SOF session 5 VFE1, src 0 with frame_id 170 ts: 2356996802000
07-05 10:18:32.277 13316 13476 I BatteryMgr:DataCollectionService: stats => 1688545112276,-342284,4306
07-05 10:18:32.278   937 13398 E mm-camera: <ISP   ><ERROR> 172: sce40_select_table: aec_ratio 1.000000
07-05 10:18:32.279   937 13391 E QMI_FW  : qmi_cci_get_ref: ref count increased 2
07-05 10:18:32.294 13316 13476 I BatteryMgr:DataCollectionService: stats => 1688545112294,-342284,4306
07-05 10:18:32.309   937 13458 E mm-camera: <IFACE ><ERROR> 2441: iface_axi_handle_sof_event: Event SOF session 5 VFE1, src 0 with frame_id 171 ts: 2357030133000
07-05 10:18:32.311   937 13391 E QMI_FW  : qmi_cci_get_ref: ref count increased 2
07-05 10:18:32.316 13316 13476 I BatteryMgr:DataCollectionService: stats => 1688545112316,-342284,4306
07-05 10:18:32.333 13316 13476 I BatteryMgr:DataCollectionService: stats => 1688545112332,-342284,4306
07-05 10:18:32.342   937 13458 E mm-camera: <IFACE ><ERROR> 2441: iface_axi_handle_sof_event: Event SOF session 5 VFE1, src 0 with frame_id 172 ts: 2357063460000
07-05 10:18:32.344   937 13391 E QMI_FW  : qmi_cci_get_ref: ref count increased 2
07-05 10:18:32.345   937 13398 E mm-camera: <ISP   ><ERROR> 172: sce40_select_table: aec_ratio 1.000000
07-05 10:18:32.354 13316 13476 I BatteryMgr:DataCollectionService: stats => 1688545112354,-342284,4306
07-05 10:18:32.372 13316 13476 I BatteryMgr:DataCollectionService: stats => 1688545112371,-342284,4306
07-05 10:18:32.376   937 13458 E mm-camera: <IFACE ><ERROR> 2441: iface_axi_handle_sof_event: Event SOF session 5 VFE1, src 0 with frame_id 173 ts: 2357096788000
07-05 10:18:32.378   937 13391 E QMI_FW  : qmi_cci_get_ref: ref count increased 2
07-05 10:18:32.387 13316 13476 I BatteryMgr:DataCollectionService: stats => 1688545112387,-342284,4306
07-05 10:18:32.402 13316 13476 I BatteryMgr:DataCollectionService: stats => 1688545112402,-342284,4306
07-05 10:18:32.409   937 13458 E mm-camera: <IFACE ><ERROR> 2441: iface_axi_handle_sof_event: Event SOF session 5 VFE1, src 0 with frame_id 174 ts: 2357130114000
07-05 10:18:32.410   937 13391 E QMI_FW  : qmi_cci_get_ref: ref count increased 2
07-05 10:18:32.411   937 13398 E mm-camera: <ISP   ><ERROR> 172: sce40_select_table: aec_ratio 1.000000
07-05 10:18:32.417 13316 13476 I BatteryMgr:DataCollectionService: stats => 1688545112417,-342284,4306
07-05 10:18:32.433 13316 13476 I BatteryMgr:DataCollectionService: stats => 1688545112433,-342284,4306
07-05 10:18:32.443   937 13458 E mm-camera: <IFACE ><ERROR> 2441: iface_axi_handle_sof_event: Event SOF session 5 VFE1, src 0 with frame_id 175 ts: 2357163447000
07-05 10:18:32.446   937 13391 E QMI_FW  : qmi_cci_get_ref: ref count increased 2
07-05 10:18:32.454 13316 13476 I BatteryMgr:DataCollectionService: stats => 1688545112454,-342284,4306
07-05 10:18:32.470 13316 13476 I BatteryMgr:DataCollectionService: stats => 1688545112470,-342284,4306
07-05 10:18:32.475   937 13458 E mm-camera: <IFACE ><ERROR> 2441: iface_axi_handle_sof_event: Event SOF session 5 VFE1, src 0 with frame_id 176 ts: 2357196797000
07-05 10:18:32.477   937 13391 E QMI_FW  : qmi_cci_get_ref: ref count increased 2
07-05 10:18:32.478   937 13398 E mm-camera: <ISP   ><ERROR> 172: sce40_select_table: aec_ratio 1.000000
07-05 10:18:32.491 13316 13476 I BatteryMgr:DataCollectionService: stats => 1688545112491,-342284,4306
07-05 10:18:32.508   937 13458 E mm-camera: <IFACE ><ERROR> 2441: iface_axi_handle_sof_event: Event SOF session 5 VFE1, src 0 with frame_id 177 ts: 2357230106000
07-05 10:18:32.510   937 13391 E QMI_FW  : qmi_cci_get_ref: ref count increased 2
07-05 10:18:32.518 13316 13476 I BatteryMgr:DataCollectionService: stats => 1688545112518,-342284,4306
07-05 10:18:32.542   937 13458 E mm-camera: <IFACE ><ERROR> 2441: iface_axi_handle_sof_event: Event SOF session 5 VFE1, src 0 with frame_id 178 ts: 2357263438000
07-05 10:18:32.546   937 13391 E QMI_FW  : qmi_cci_get_ref: ref count increased 2
07-05 10:18:32.546   937 13398 E mm-camera: <ISP   ><ERROR> 172: sce40_select_table: aec_ratio 1.000000
07-05 10:18:32.550 13316 13476 I BatteryMgr:DataCollectionService: stats => 1688545112550,-342284,4306
07-05 10:18:32.567 13316 13476 I BatteryMgr:DataCollectionService: stats => 1688545112566,-342284,4306
07-05 10:18:32.575   937 13458 E mm-camera: <IFACE ><ERROR> 2441: iface_axi_handle_sof_event: Event SOF session 5 VFE1, src 0 with frame_id 179 ts: 2357296764000
07-05 10:18:32.577   937 13391 E QMI_FW  : qmi_cci_get_ref: ref count increased 2
07-05 10:18:32.585 13316 13476 I BatteryMgr:DataCollectionService: stats => 1688545112585,-342284,4306
07-05 10:18:32.602 13316 13476 I BatteryMgr:DataCollectionService: stats => 1688545112602,-342284,4306
07-05 10:18:32.610   937 13458 E mm-camera: <IFACE ><ERROR> 2441: iface_axi_handle_sof_event: Event SOF session 5 VFE1, src 0 with frame_id 180 ts: 2357330094000
07-05 10:18:32.611   937 13391 E QMI_FW  : qmi_cci_get_ref: ref count increased 2
07-05 10:18:32.616   937 13398 E mm-camera: <ISP   ><ERROR> 172: sce40_select_table: aec_ratio 1.000000
07-05 10:18:32.620 13316 13476 I BatteryMgr:DataCollectionService: stats => 1688545112619,-342284,4306
07-05 10:18:32.637 13316 13476 I BatteryMgr:DataCollectionService: stats => 1688545112636,-342284,4306
07-05 10:18:32.642   937 13458 E mm-camera: <IFACE ><ERROR> 2441: iface_axi_handle_sof_event: Event SOF session 5 VFE1, src 0 with frame_id 181 ts: 2357363426000
07-05 10:18:32.643   937 13391 E QMI_FW  : qmi_cci_get_ref: ref count increased 2
07-05 10:18:32.654 13316 13476 I BatteryMgr:DataCollectionService: stats => 1688545112654,-342284,4306
07-05 10:18:32.671 13316 13476 I BatteryMgr:DataCollectionService: stats => 1688545112670,-342284,4306
07-05 10:18:32.675   937 13458 E mm-camera: <IFACE ><ERROR> 2441: iface_axi_handle_sof_event: Event SOF session 5 VFE1, src 0 with frame_id 182 ts: 2357396751000
07-05 10:18:32.678   937 13391 E QMI_FW  : qmi_cci_get_ref: ref count increased 2
07-05 10:18:32.682   937 13398 E mm-camera: <ISP   ><ERROR> 172: sce40_select_table: aec_ratio 1.000000
07-05 10:18:32.687 13316 13476 I BatteryMgr:DataCollectionService: stats => 1688545112687,-342284,4306
07-05 10:18:32.704 13316 13476 I BatteryMgr:DataCollectionService: stats => 1688545112704,-342284,4306
07-05 10:18:32.708   937 13458 E mm-camera: <IFACE ><ERROR> 2441: iface_axi_handle_sof_event: Event SOF session 5 VFE1, src 0 with frame_id 183 ts: 2357430085000
07-05 10:18:32.712   937 13391 E QMI_FW  : qmi_cci_get_ref: ref count increased 2
07-05 10:18:32.721 13316 13476 I BatteryMgr:DataCollectionService: stats => 1688545112721,-342284,4306
07-05 10:18:32.738 13316 13476 I BatteryMgr:DataCollectionService: stats => 1688545112738,-342284,4306
07-05 10:18:32.742   937 13458 E mm-camera: <IFACE ><ERROR> 2441: iface_axi_handle_sof_event: Event SOF session 5 VFE1, src 0 with frame_id 184 ts: 2357463410000
07-05 10:18:32.745   937 13398 E mm-camera: <ISP   ><ERROR> 172: sce40_select_table: aec_ratio 1.000000
07-05 10:18:32.747   937 13391 E QMI_FW  : qmi_cci_get_ref: ref count increased 2
07-05 10:18:32.757 13316 13476 I BatteryMgr:DataCollectionService: stats => 1688545112756,-342284,4306
07-05 10:18:32.776   937 13458 E mm-camera: <IFACE ><ERROR> 2441: iface_axi_handle_sof_event: Event SOF session 5 VFE1, src 0 with frame_id 185 ts: 2357496740000
07-05 10:18:32.780 13316 13476 I BatteryMgr:DataCollectionService: stats => 1688545112780,-342284,4306
07-05 10:18:32.782   937 13391 E QMI_FW  : qmi_cci_get_ref: ref count increased 2
07-05 10:18:32.799 13316 13476 I BatteryMgr:DataCollectionService: stats => 1688545112799,-342284,4306
07-05 10:18:32.808   937 13458 E mm-camera: <IFACE ><ERROR> 2441: iface_axi_handle_sof_event: Event SOF session 5 VFE1, src 0 with frame_id 186 ts: 2357530069000
07-05 10:18:32.811   937 13391 E QMI_FW  : qmi_cci_get_ref: ref count increased 2
07-05 10:18:32.812   937 13398 E mm-camera: <ISP   ><ERROR> 172: sce40_select_table: aec_ratio 1.000000
07-05 10:18:32.822 13316 13476 I BatteryMgr:DataCollectionService: stats => 1688545112822,-342284,4306
07-05 10:18:32.842   937 13458 E mm-camera: <IFACE ><ERROR> 2441: iface_axi_handle_sof_event: Event SOF session 5 VFE1, src 0 with frame_id 187 ts: 2357563397000
07-05 10:18:32.846   937 13391 E QMI_FW  : qmi_cci_get_ref: ref count increased 2
07-05 10:18:32.849 13316 13476 I BatteryMgr:DataCollectionService: stats => 1688545112849,-342284,4306
07-05 10:18:32.851  1214  1214 W /system/vendor/bin/ipacm: type=1400 audit(0.0:10667): avc: denied { write } for comm=6E65746C696E6B20736F636B6574 name="ipacm_log_file" dev="tmpfs" ino=20285 scontext=u:r:ipacm:s0 tcontext=u:object_r:ipacm_socket:s0 tclass=sock_file permissive=0
07-05 10:18:32.851  1214  1214 I chatty  : uid=1001(radio) /system/vendor/bin/ipacm identical 1 line
07-05 10:18:32.851  1214  1214 W /system/vendor/bin/ipacm: type=1400 audit(0.0:10669): avc: denied { write } for comm=6E65746C696E6B20736F636B6574 name="ipacm_log_file" dev="tmpfs" ino=20285 scontext=u:r:ipacm:s0 tcontext=u:object_r:ipacm_socket:s0 tclass=sock_file permissive=0
07-05 10:18:32.851  1214  1214 W ipacm   : type=1400 audit(0.0:10670): avc: denied { write } for name="ipacm_log_file" dev="tmpfs" ino=20285 scontext=u:r:ipacm:s0 tcontext=u:object_r:ipacm_socket:s0 tclass=sock_file permissive=0
07-05 10:18:32.851  1214  1214 I chatty  : uid=1001(radio) /system/vendor/bin/ipacm identical 3 lines
07-05 10:18:32.851  1214  1214 W ipacm   : type=1400 audit(0.0:10674): avc: denied { write } for name="ipacm_log_file" dev="tmpfs" ino=20285 scontext=u:r:ipacm:s0 tcontext=u:object_r:ipacm_socket:s0 tclass=sock_file permissive=0
07-05 10:18:32.869 13316 13476 I BatteryMgr:DataCollectionService: stats => 1688545112869,-342284,4306
07-05 10:18:32.875   937 13458 E mm-camera: <IFACE ><ERROR> 2441: iface_axi_handle_sof_event: Event SOF session 5 VFE1, src 0 with frame_id 188 ts: 2357596729000
07-05 10:18:32.878   937 13398 E mm-camera: <ISP   ><ERROR> 172: sce40_select_table: aec_ratio 1.000000
07-05 10:18:32.880   937 13391 E QMI_FW  : qmi_cci_get_ref: ref count increased 2
07-05 10:18:32.889 13316 13476 I BatteryMgr:DataCollectionService: stats => 1688545112889,-342284,4306
07-05 10:18:32.909   937 13458 E mm-camera: <IFACE ><ERROR> 2441: iface_axi_handle_sof_event: Event SOF session 5 VFE1, src 0 with frame_id 189 ts: 2357630055000
07-05 10:18:32.913   937 13391 E QMI_FW  : qmi_cci_get_ref: ref count increased 2
07-05 10:18:32.915 13316 13476 I BatteryMgr:DataCollectionService: stats => 1688545112915,-342284,4306
07-05 10:18:32.934 13316 13476 I BatteryMgr:DataCollectionService: stats => 1688545112934,-342284,4306
07-05 10:18:32.942   937 13458 E mm-camera: <IFACE ><ERROR> 2441: iface_axi_handle_sof_event: Event SOF session 5 VFE1, src 0 with frame_id 190 ts: 2357663385000
07-05 10:18:32.946   937 13398 E mm-camera: <ISP   ><ERROR> 172: sce40_select_table: aec_ratio 1.000000
07-05 10:18:32.947   937 13391 E QMI_FW  : qmi_cci_get_ref: ref count increased 2
07-05 10:18:32.954 13316 13476 I BatteryMgr:DataCollectionService: stats => 1688545112954,-342284,4306
07-05 10:18:32.973 13316 13476 I BatteryMgr:DataCollectionService: stats => 1688545112973,-342284,4306
07-05 10:18:32.976   937 13458 E mm-camera: <IFACE ><ERROR> 2441: iface_axi_handle_sof_event: Event SOF session 5 VFE1, src 0 with frame_id 191 ts: 2357696713000
07-05 10:18:32.980   937 13391 E QMI_FW  : qmi_cci_get_ref: ref count increased 2
07-05 10:18:32.990 13316 13476 I BatteryMgr:DataCollectionService: stats => 1688545112990,-342284,4306
07-05 10:18:33.009   937 13458 E mm-camera: <IFACE ><ERROR> 2441: iface_axi_handle_sof_event: Event SOF session 5 VFE1, src 0 with frame_id 192 ts: 2357730051000
07-05 10:18:33.011   937 13391 E QMI_FW  : qmi_cci_get_ref: ref count increased 2
07-05 10:18:33.012   937 13391 E QMI_FW  : qmi_cci_get_ref: ref count increased 2
07-05 10:18:33.012   937 13398 E mm-camera: <ISP   ><ERROR> 172: sce40_select_table: aec_ratio 1.000000
07-05 10:18:33.015 13316 13476 I BatteryMgr:DataCollectionService: stats => 1688545113015,-342284,4306
07-05 10:18:33.032 13316 13476 I BatteryMgr:DataCollectionService: stats => 1688545113032,-342284,4306
07-05 10:18:33.042   937 13458 E mm-camera: <IFACE ><ERROR> 2441: iface_axi_handle_sof_event: Event SOF session 5 VFE1, src 0 with frame_id 193 ts: 2357763373000
07-05 10:18:33.044   937 13391 E QMI_FW  : qmi_cci_get_ref: ref count increased 2
07-05 10:18:33.053 13316 13476 I BatteryMgr:DataCollectionService: stats => 1688545113053,-342284,4306
07-05 10:18:33.072 13316 13476 I BatteryMgr:DataCollectionService: stats => 1688545113072,-342284,4306
07-05 10:18:33.076   937 13458 E mm-camera: <IFACE ><ERROR> 2441: iface_axi_handle_sof_event: Event SOF session 5 VFE1, src 0 with frame_id 194 ts: 2357796701000
07-05 10:18:33.078   937 13391 E QMI_FW  : qmi_cci_get_ref: ref count increased 2
07-05 10:18:33.079   937 13398 E mm-camera: <ISP   ><ERROR> 172: sce40_select_table: aec_ratio 1.000000
07-05 10:18:33.090 13316 13476 I BatteryMgr:DataCollectionService: stats => 1688545113090,-342284,4306
07-05 10:18:33.109   937 13458 E mm-camera: <IFACE ><ERROR> 2441: iface_axi_handle_sof_event: Event SOF session 5 VFE1, src 0 with frame_id 195 ts: 2357830034000
07-05 10:18:33.111   937 13391 E QMI_FW  : qmi_cci_get_ref: ref count increased 2
07-05 10:18:33.115 13316 13476 I BatteryMgr:DataCollectionService: stats => 1688545113115,-267089,4306
07-05 10:18:33.133 13316 13476 I BatteryMgr:DataCollectionService: stats => 1688545113133,-267089,4306
07-05 10:18:33.142   937 13458 E mm-camera: <IFACE ><ERROR> 2441: iface_axi_handle_sof_event: Event SOF session 5 VFE1, src 0 with frame_id 196 ts: 2357863361000
07-05 10:18:33.144   937 13391 E QMI_FW  : qmi_cci_get_ref: ref count increased 2
07-05 10:18:33.146   937 13398 E mm-camera: <ISP   ><ERROR> 172: sce40_select_table: aec_ratio 1.000000
07-05 10:18:33.153 13316 13476 I BatteryMgr:DataCollectionService: stats => 1688545113153,-267089,4306
07-05 10:18:33.172 13316 13476 I BatteryMgr:DataCollectionService: stats => 1688545113171,-267089,4306
07-05 10:18:33.176   937 13458 E mm-camera: <IFACE ><ERROR> 2441: iface_axi_handle_sof_event: Event SOF session 5 VFE1, src 0 with frame_id 197 ts: 2357896692000
07-05 10:18:33.178   937 13391 E QMI_FW  : qmi_cci_get_ref: ref count increased 2
07-05 10:18:33.191 13316 13476 I BatteryMgr:DataCollectionService: stats => 1688545113191,-267089,4306
07-05 10:18:33.209   937 13458 E mm-camera: <IFACE ><ERROR> 2441: iface_axi_handle_sof_event: Event SOF session 5 VFE1, src 0 with frame_id 198 ts: 2357930015000
07-05 10:18:33.212   937 13398 E mm-camera: <ISP   ><ERROR> 172: sce40_select_table: aec_ratio 1.000000
07-05 10:18:33.213 13316 13476 I BatteryMgr:DataCollectionService: stats => 1688545113213,-267089,4306
07-05 10:18:33.214   937 13391 E QMI_FW  : qmi_cci_get_ref: ref count increased 2
07-05 10:18:33.230 13316 13476 I BatteryMgr:DataCollectionService: stats => 1688545113230,-267089,4306
07-05 10:18:33.243   937 13458 E mm-camera: <IFACE ><ERROR> 2441: iface_axi_handle_sof_event: Event SOF session 5 VFE1, src 0 with frame_id 199 ts: 2357963344000
07-05 10:18:33.245   937 13391 E QMI_FW  : qmi_cci_get_ref: ref count increased 2
07-05 10:18:33.251 13316 13476 I BatteryMgr:DataCollectionService: stats => 1688545113251,-267089,4306
07-05 10:18:33.268 13316 13476 I BatteryMgr:DataCollectionService: stats => 1688545113268,-267089,4306
07-05 10:18:33.275   937 13458 E mm-camera: <IFACE ><ERROR> 2441: iface_axi_handle_sof_event: Event SOF session 5 VFE1, src 0 with frame_id 200 ts: 2357996673000
07-05 10:18:33.277   937 13391 E QMI_FW  : qmi_cci_get_ref: ref count increased 2
07-05 10:18:33.277   937 13398 E mm-camera: <ISP   ><ERROR> 172: sce40_select_table: aec_ratio 1.000000
07-05 10:18:33.285 13316 13476 I BatteryMgr:DataCollectionService: stats => 1688545113285,-267089,4306
07-05 10:18:33.301 13316 13476 I BatteryMgr:DataCollectionService: stats => 1688545113301,-267089,4306
07-05 10:18:33.308   937 13458 E mm-camera: <IFACE ><ERROR> 2441: iface_axi_handle_sof_event: Event SOF session 5 VFE1, src 0 with frame_id 201 ts: 2358030004000
07-05 10:18:33.314   937 13391 E QMI_FW  : qmi_cci_get_ref: ref count increased 2
07-05 10:18:33.321 13316 13476 I BatteryMgr:DataCollectionService: stats => 1688545113321,-267089,4306
07-05 10:18:33.338 13316 13476 I BatteryMgr:DataCollectionService: stats => 1688545113337,-267089,4306
07-05 10:18:33.342   937 13458 E mm-camera: <IFACE ><ERROR> 2441: iface_axi_handle_sof_event: Event SOF session 5 VFE1, src 0 with frame_id 202 ts: 2358063334000
07-05 10:18:33.344   937 13398 E mm-camera: <ISP   ><ERROR> 172: sce40_select_table: aec_ratio 1.000000
07-05 10:18:33.344   937 13391 E QMI_FW  : qmi_cci_get_ref: ref count increased 2
07-05 10:18:33.354 13316 13476 I BatteryMgr:DataCollectionService: stats => 1688545113354,-267089,4306
07-05 10:18:33.372 13316 13476 I BatteryMgr:DataCollectionService: stats => 1688545113372,-267089,4306
07-05 10:18:33.375   937 13458 E mm-camera: <IFACE ><ERROR> 2441: iface_axi_handle_sof_event: Event SOF session 5 VFE1, src 0 with frame_id 203 ts: 2358096667000
07-05 10:18:33.377   937 13391 E QMI_FW  : qmi_cci_get_ref: ref count increased 2
07-05 10:18:33.388 13316 13476 I BatteryMgr:DataCollectionService: stats => 1688545113388,-267089,4306
07-05 10:18:33.406 13316 13476 I BatteryMgr:DataCollectionService: stats => 1688545113406,-267089,4306
07-05 10:18:33.409   937 13458 E mm-camera: <IFACE ><ERROR> 2441: iface_axi_handle_sof_event: Event SOF session 5 VFE1, src 0 with frame_id 204 ts: 2358130328000
07-05 10:18:33.411   937 13391 E QMI_FW  : qmi_cci_get_ref: ref count increased 2
07-05 10:18:33.411   937 13398 E mm-camera: <ISP   ><ERROR> 172: sce40_select_table: aec_ratio 1.000000
07-05 10:18:33.424 13316 13476 I BatteryMgr:DataCollectionService: stats => 1688545113424,-267089,4306
07-05 10:18:33.442   937 13458 E mm-camera: <IFACE ><ERROR> 2441: iface_axi_handle_sof_event: Event SOF session 5 VFE1, src 0 with frame_id 205 ts: 2358163361000
07-05 10:18:33.445   937 13391 E QMI_FW  : qmi_cci_get_ref: ref count increased 2
07-05 10:18:33.451 13316 13476 I BatteryMgr:DataCollectionService: stats => 1688545113451,-267089,4306
07-05 10:18:33.469 13316 13476 I BatteryMgr:DataCollectionService: stats => 1688545113469,-267089,4306
07-05 10:18:33.478   937 13458 E mm-camera: <IFACE ><ERROR> 2441: iface_axi_handle_sof_event: Event SOF session 5 VFE1, src 0 with frame_id 206 ts: 2358196666000
07-05 10:18:33.480   937 13398 E mm-camera: <ISP   ><ERROR> 172: sce40_select_table: aec_ratio 1.000000
07-05 10:18:33.483   937 13391 E QMI_FW  : qmi_cci_get_ref: ref count increased 2
07-05 10:18:33.493 13316 13476 I BatteryMgr:DataCollectionService: stats => 1688545113493,-267089,4306
07-05 10:18:33.508   937 13458 E mm-camera: <IFACE ><ERROR> 2441: iface_axi_handle_sof_event: Event SOF session 5 VFE1, src 0 with frame_id 207 ts: 2358229981000
07-05 10:18:33.510   937 13391 E QMI_FW  : qmi_cci_get_ref: ref count increased 2
07-05 10:18:33.517 13316 13476 I BatteryMgr:DataCollectionService: stats => 1688545113517,-267089,4306
07-05 10:18:33.535 13316 13476 I BatteryMgr:DataCollectionService: stats => 1688545113534,-267089,4306
07-05 10:18:33.542   937 13458 E mm-camera: <IFACE ><ERROR> 2441: iface_axi_handle_sof_event: Event SOF session 5 VFE1, src 0 with frame_id 208 ts: 2358263311000
07-05 10:18:33.546   937 13391 E QMI_FW  : qmi_cci_get_ref: ref count increased 2
07-05 10:18:33.546   937 13398 E mm-camera: <ISP   ><ERROR> 172: sce40_select_table: aec_ratio 1.000000
07-05 10:18:33.554 13316 13476 I BatteryMgr:DataCollectionService: stats => 1688545113554,-267089,4306
07-05 10:18:33.572 13316 13476 I BatteryMgr:DataCollectionService: stats => 1688545113572,-267089,4306
07-05 10:18:33.575   937 13458 E mm-camera: <IFACE ><ERROR> 2441: iface_axi_handle_sof_event: Event SOF session 5 VFE1, src 0 with frame_id 209 ts: 2358296638000
07-05 10:18:33.578   937 13391 E QMI_FW  : qmi_cci_get_ref: ref count increased 2
07-05 10:18:33.591 13316 13476 I BatteryMgr:DataCollectionService: stats => 1688545113591,-267089,4306
07-05 10:18:33.610   937 13458 E mm-camera: <IFACE ><ERROR> 2441: iface_axi_handle_sof_event: Event SOF session 5 VFE1, src 0 with frame_id 210 ts: 2358329968000
07-05 10:18:33.612   937 13391 E QMI_FW  : qmi_cci_get_ref: ref count increased 2
07-05 10:18:33.612 13316 13476 I BatteryMgr:DataCollectionService: stats => 1688545113612,-267089,4306
07-05 10:18:33.612   937 13398 E mm-camera: <ISP   ><ERROR> 172: sce40_select_table: aec_ratio 1.000000
07-05 10:18:33.629 13316 13476 I BatteryMgr:DataCollectionService: stats => 1688545113629,-267089,4306
07-05 10:18:33.642   937 13458 E mm-camera: <IFACE ><ERROR> 2441: iface_axi_handle_sof_event: Event SOF session 5 VFE1, src 0 with frame_id 211 ts: 2358363303000
07-05 10:18:33.646 13316 13476 I BatteryMgr:DataCollectionService: stats => 1688545113646,-267089,4306
07-05 10:18:33.653   937 13391 E QMI_FW  : qmi_cci_get_ref: ref count increased 2
07-05 10:18:33.662 13316 13476 I BatteryMgr:DataCollectionService: stats => 1688545113662,-267089,4306
07-05 10:18:33.677   937 13458 E mm-camera: <IFACE ><ERROR> 2441: iface_axi_handle_sof_event: Event SOF session 5 VFE1, src 0 with frame_id 212 ts: 2358396627000
07-05 10:18:33.683   937 13398 E mm-camera: <ISP   ><ERROR> 172: sce40_select_table: aec_ratio 1.000000
07-05 10:18:33.683 13316 13476 I BatteryMgr:DataCollectionService: stats => 1688545113683,-267089,4306
07-05 10:18:33.685   937 13391 E QMI_FW  : qmi_cci_get_ref: ref count increased 2
07-05 10:18:33.703 13316 13476 I BatteryMgr:DataCollectionService: stats => 1688545113702,-267089,4306
07-05 10:18:33.711   937 13458 E mm-camera: <IFACE ><ERROR> 2441: iface_axi_handle_sof_event: Event SOF session 5 VFE1, src 0 with frame_id 213 ts: 2358429955000
07-05 10:18:33.714   937 13391 E QMI_FW  : qmi_cci_get_ref: ref count increased 2
07-05 10:18:33.720 13316 13476 I BatteryMgr:DataCollectionService: stats => 1688545113720,-267089,4306
07-05 10:18:33.737 13316 13476 I BatteryMgr:DataCollectionService: stats => 1688545113736,-267089,4306
07-05 10:18:33.748   937 13458 E mm-camera: <IFACE ><ERROR> 2441: iface_axi_handle_sof_event: Event SOF session 5 VFE1, src 0 with frame_id 214 ts: 2358463284000
07-05 10:18:33.750   937 13398 E mm-camera: <ISP   ><ERROR> 172: sce40_select_table: aec_ratio 1.000000
07-05 10:18:33.752   937 13391 E QMI_FW  : qmi_cci_get_ref: ref count increased 2
07-05 10:18:33.755 13316 13476 I BatteryMgr:DataCollectionService: stats => 1688545113755,-267089,4306
07-05 10:18:33.773 13316 13476 I BatteryMgr:DataCollectionService: stats => 1688545113773,-267089,4306
07-05 10:18:33.775   937 13458 E mm-camera: <IFACE ><ERROR> 2441: iface_axi_handle_sof_event: Event SOF session 5 VFE1, src 0 with frame_id 215 ts: 2358496613000
07-05 10:18:33.779   937 13391 E QMI_FW  : qmi_cci_get_ref: ref count increased 2
07-05 10:18:33.793 13316 13476 I BatteryMgr:DataCollectionService: stats => 1688545113793,-267089,4306
07-05 10:18:33.809   937 13458 E mm-camera: <IFACE ><ERROR> 2441: iface_axi_handle_sof_event: Event SOF session 5 VFE1, src 0 with frame_id 216 ts: 2358530300000
07-05 10:18:33.811   937 13398 E mm-camera: <ISP   ><ERROR> 172: sce40_select_table: aec_ratio 1.000000
07-05 10:18:33.814   937 13391 E QMI_FW  : qmi_cci_get_ref: ref count increased 2
07-05 10:18:33.816 13316 13476 I BatteryMgr:DataCollectionService: stats => 1688545113816,-267089,4306
07-05 10:18:33.832 13316 13476 I BatteryMgr:DataCollectionService: stats => 1688545113832,-267089,4306
07-05 10:18:33.842   937 13458 E mm-camera: <IFACE ><ERROR> 2441: iface_axi_handle_sof_event: Event SOF session 5 VFE1, src 0 with frame_id 217 ts: 2358563273000
07-05 10:18:33.845   937 13391 E QMI_FW  : qmi_cci_get_ref: ref count increased 2
07-05 10:18:33.854 13316 13476 I BatteryMgr:DataCollectionService: stats => 1688545113854,-267089,4306
07-05 10:18:33.870 13316 13476 I BatteryMgr:DataCollectionService: stats => 1688545113869,-267089,4306
07-05 10:18:33.875   937 13458 E mm-camera: <IFACE ><ERROR> 2441: iface_axi_handle_sof_event: Event SOF session 5 VFE1, src 0 with frame_id 218 ts: 2358596602000
07-05 10:18:33.877   937 13391 E QMI_FW  : qmi_cci_get_ref: ref count increased 2
07-05 10:18:33.879   937 13398 E mm-camera: <ISP   ><ERROR> 172: sce40_select_table: aec_ratio 1.000000
07-05 10:18:33.885 13316 13476 I BatteryMgr:DataCollectionService: stats => 1688545113885,-267089,4306
07-05 10:18:33.904 13316 13476 I BatteryMgr:DataCollectionService: stats => 1688545113904,-267089,4306
07-05 10:18:33.908   937 13458 E mm-camera: <IFACE ><ERROR> 2441: iface_axi_handle_sof_event: Event SOF session 5 VFE1, src 0 with frame_id 219 ts: 2358629931000
07-05 10:18:33.912   937 13391 E QMI_FW  : qmi_cci_get_ref: ref count increased 2
07-05 10:18:33.920 13316 13476 I BatteryMgr:DataCollectionService: stats => 1688545113920,-267089,4306
07-05 10:18:33.936 13316 13476 I BatteryMgr:DataCollectionService: stats => 1688545113936,-267089,4306
07-05 10:18:33.942   937 13458 E mm-camera: <IFACE ><ERROR> 2441: iface_axi_handle_sof_event: Event SOF session 5 VFE1, src 0 with frame_id 220 ts: 2358663258000
07-05 10:18:33.944   937 13391 E QMI_FW  : qmi_cci_get_ref: ref count increased 2
07-05 10:18:33.944   937 13398 E mm-camera: <ISP   ><ERROR> 172: sce40_select_table: aec_ratio 1.000000
07-05 10:18:33.954 13316 13476 I BatteryMgr:DataCollectionService: stats => 1688545113954,-267089,4306
07-05 10:18:33.970 13316 13476 I BatteryMgr:DataCollectionService: stats => 1688545113970,-267089,4306
07-05 10:18:33.975   937 13458 E mm-camera: <IFACE ><ERROR> 2441: iface_axi_handle_sof_event: Event SOF session 5 VFE1, src 0 with frame_id 221 ts: 2358696586000
07-05 10:18:33.977   937 13391 E QMI_FW  : qmi_cci_get_ref: ref count increased 2
07-05 10:18:33.987 13316 13476 I BatteryMgr:DataCollectionService: stats => 1688545113987,-267089,4306
07-05 10:18:34.004 13316 13476 I BatteryMgr:DataCollectionService: stats => 1688545114004,-267089,4306
07-05 10:18:34.008   937 13458 E mm-camera: <IFACE ><ERROR> 2441: iface_axi_handle_sof_event: Event SOF session 5 VFE1, src 0 with frame_id 222 ts: 2358729922000
07-05 10:18:34.011   937 13398 E mm-camera: <ISP   ><ERROR> 172: sce40_select_table: aec_ratio 1.000000
07-05 10:18:34.012   937 13391 E QMI_FW  : qmi_cci_get_ref: ref count increased 2
07-05 10:18:34.022 13316 13476 I BatteryMgr:DataCollectionService: stats => 1688545114022,-267089,4306
07-05 10:18:34.039 13316 13476 I BatteryMgr:DataCollectionService: stats => 1688545114039,-267089,4306
07-05 10:18:34.042   937 13458 E mm-camera: <IFACE ><ERROR> 2441: iface_axi_handle_sof_event: Event SOF session 5 VFE1, src 0 with frame_id 223 ts: 2358763247000
07-05 10:18:34.047   937 13391 E QMI_FW  : qmi_cci_get_ref: ref count increased 2
07-05 10:18:34.057 13316 13476 I BatteryMgr:DataCollectionService: stats => 1688545114057,-267089,4306
07-05 10:18:34.076   937 13458 E mm-camera: <IFACE ><ERROR> 2441: iface_axi_handle_sof_event: Event SOF session 5 VFE1, src 0 with frame_id 224 ts: 2358796585000
07-05 10:18:34.078   937 13391 E QMI_FW  : qmi_cci_get_ref: ref count increased 2
07-05 10:18:34.078   937 13391 E QMI_FW  : qmi_cci_get_ref: ref count increased 2
07-05 10:18:34.079   937 13398 E mm-camera: <ISP   ><ERROR> 172: sce40_select_table: aec_ratio 1.000000
07-05 10:18:34.082 13316 13476 I BatteryMgr:DataCollectionService: stats => 1688545114082,-267089,4306
07-05 10:18:34.108   937 13458 E mm-camera: <IFACE ><ERROR> 2441: iface_axi_handle_sof_event: Event SOF session 5 VFE1, src 0 with frame_id 225 ts: 2358829906000
07-05 10:18:34.113   937 13391 E QMI_FW  : qmi_cci_get_ref: ref count increased 2
07-05 10:18:34.117 13316 13476 I BatteryMgr:DataCollectionService: stats => 1688545114117,-267089,4306
07-05 10:18:34.133 13316 13476 I BatteryMgr:DataCollectionService: stats => 1688545114133,-267089,4306
07-05 10:18:34.142   937 13458 E mm-camera: <IFACE ><ERROR> 2441: iface_axi_handle_sof_event: Event SOF session 5 VFE1, src 0 with frame_id 226 ts: 2358863233000
07-05 10:18:34.144   937 13391 E QMI_FW  : qmi_cci_get_ref: ref count increased 2
07-05 10:18:34.144   937 13398 E mm-camera: <ISP   ><ERROR> 172: sce40_select_table: aec_ratio 1.000000
07-05 10:18:34.150 13316 13476 I BatteryMgr:DataCollectionService: stats => 1688545114149,-267089,4306
07-05 10:18:34.167 13316 13476 I BatteryMgr:DataCollectionService: stats => 1688545114167,-267089,4306
07-05 10:18:34.177   937 13458 E mm-camera: <IFACE ><ERROR> 2441: iface_axi_handle_sof_event: Event SOF session 5 VFE1, src 0 with frame_id 227 ts: 2358896562000
07-05 10:18:34.179   937 13391 E QMI_FW  : qmi_cci_get_ref: ref count increased 2
07-05 10:18:34.188 13316 13476 I BatteryMgr:DataCollectionService: stats => 1688545114188,-267089,4306
07-05 10:18:34.206 13316 13476 I BatteryMgr:DataCollectionService: stats => 1688545114205,-267089,4306
07-05 10:18:34.213   937 13458 E mm-camera: <IFACE ><ERROR> 2441: iface_axi_handle_sof_event: Event SOF session 5 VFE1, src 0 with frame_id 228 ts: 2358929892000
07-05 10:18:34.216   937 13391 E QMI_FW  : qmi_cci_get_ref: ref count increased 2
07-05 10:18:34.221   937 13398 E mm-camera: <ISP   ><ERROR> 172: sce40_select_table: aec_ratio 1.000000
07-05 10:18:34.226 13316 13476 I BatteryMgr:DataCollectionService: stats => 1688545114226,-267089,4306
07-05 10:18:34.242   937 13458 E mm-camera: <IFACE ><ERROR> 2441: iface_axi_handle_sof_event: Event SOF session 5 VFE1, src 0 with frame_id 229 ts: 2358963221000
07-05 10:18:34.248   937 13391 E QMI_FW  : qmi_cci_get_ref: ref count increased 2
07-05 10:18:34.250 13316 13476 I BatteryMgr:DataCollectionService: stats => 1688545114250,-267089,4306
07-05 10:18:34.271 13316 13476 I BatteryMgr:DataCollectionService: stats => 1688545114270,-267089,4306
07-05 10:18:34.275   937 13458 E mm-camera: <IFACE ><ERROR> 2441: iface_axi_handle_sof_event: Event SOF session 5 VFE1, src 0 with frame_id 230 ts: 2358996551000
07-05 10:18:34.278   937 13391 E QMI_FW  : qmi_cci_get_ref: ref count increased 2
07-05 10:18:34.279   937 13398 E mm-camera: <ISP   ><ERROR> 172: sce40_select_table: aec_ratio 1.000000
07-05 10:18:34.289 13316 13476 I BatteryMgr:DataCollectionService: stats => 1688545114289,-267089,4306
07-05 10:18:34.309   937 13458 E mm-camera: <IFACE ><ERROR> 2441: iface_axi_handle_sof_event: Event SOF session 5 VFE1, src 0 with frame_id 231 ts: 2359029887000
07-05 10:18:34.311   937 13391 E QMI_FW  : qmi_cci_get_ref: ref count increased 2
07-05 10:18:34.312 13316 13476 I BatteryMgr:DataCollectionService: stats => 1688545114312,-267089,4306
