07-05 15:13:15.274  4774  4851 I BatteryMgr:DataCollectionService: stats => 1688584395273,-265196,4254
07-05 15:13:15.299  4774  4851 I BatteryMgr:DataCollectionService: stats => 1688584395298,-265196,4254
07-05 15:13:15.321  4774  4851 I BatteryMgr:DataCollectionService: stats => 1688584395321,-265196,4254
07-05 15:13:15.342  4774  4851 I BatteryMgr:DataCollectionService: stats => 1688584395342,-265196,4254
07-05 15:13:15.344  4774  4859 D ProfileInstaller: Installing profile for com.example.batterymanager_utility
07-05 15:13:15.361  4774  4851 I BatteryMgr:DataCollectionService: stats => 1688584395361,-265196,4254
07-05 15:13:15.381  4774  4851 I BatteryMgr:DataCollectionService: stats => 1688584395380,-265196,4254
07-05 15:13:15.401  4774  4851 I BatteryMgr:DataCollectionService: stats => 1688584395401,-265196,4254
07-05 15:13:15.415   767  3064 I ActivityManager: Killing 1088:com.google.android.gms.unstable/u0a19 (adj 906): empty for 2062s
07-05 15:13:15.417   767   784 W zygote64: kill(-1088, 9) failed: No such process
07-05 15:13:15.422  4774  4851 I BatteryMgr:DataCollectionService: stats => 1688584395421,-265196,4254
07-05 15:13:15.439  4774  4851 I BatteryMgr:DataCollectionService: stats => 1688584395439,-265196,4254
07-05 15:13:15.455  4774  4851 I BatteryMgr:DataCollectionService: stats => 1688584395455,-265196,4254
07-05 15:13:15.463   767   784 W zygote64: kill(-1088, 9) failed: No such process
07-05 15:13:15.471  4774  4851 I BatteryMgr:DataCollectionService: stats => 1688584395471,-265196,4254
07-05 15:13:15.487  4774  4851 I BatteryMgr:DataCollectionService: stats => 1688584395487,-265196,4254
07-05 15:13:15.504  4774  4851 I BatteryMgr:DataCollectionService: stats => 1688584395504,-265196,4254
07-05 15:13:15.506  4774  4782 I zygote64: Do partial code cache collection, code=60KB, data=45KB
07-05 15:13:15.507  4774  4782 I zygote64: After code cache collection, code=60KB, data=45KB
07-05 15:13:15.507  4774  4782 I zygote64: Increasing code cache capacity to 256KB
07-05 15:13:15.509   767   784 W zygote64: kill(-1088, 9) failed: No such process
07-05 15:13:15.509   767   784 I zygote64: Successfully killed process cgroup uid 10019 pid 1088 in 91ms
07-05 15:13:15.525  4774  4851 I BatteryMgr:DataCollectionService: stats => 1688584395524,-265196,4254
07-05 15:13:15.542  4774  4851 I BatteryMgr:DataCollectionService: stats => 1688584395542,-265196,4254
07-05 15:13:15.561  4774  4851 I BatteryMgr:DataCollectionService: stats => 1688584395561,-265196,4254
07-05 15:13:15.582  4774  4851 I BatteryMgr:DataCollectionService: stats => 1688584395582,-265196,4254
07-05 15:13:15.593 31677 31677 I Finsky  : [2] zbx.onStartJob(4): SCH: job service start with id 9943.
07-05 15:13:15.604  4774  4851 I BatteryMgr:DataCollectionService: stats => 1688584395604,-265196,4254
07-05 15:13:15.621 31677  4658 I Finsky  : [2863] zne.a(118): SCH: Satisfied jobs for 9943 are: 12-1
07-05 15:13:15.622  4774  4851 I BatteryMgr:DataCollectionService: stats => 1688584395622,-265196,4254
07-05 15:13:15.625 31677  4860 I Finsky  : [2873] zaz.accept(68): SCH: Job 12-1 starting
07-05 15:13:15.627 31677 31677 I Finsky  : [2] ContentSyncJob.v(3): [ContentSync] job started
07-05 15:13:15.639  4774  4851 I BatteryMgr:DataCollectionService: stats => 1688584395639,-265196,4254
07-05 15:13:15.660  4774  4851 I BatteryMgr:DataCollectionService: stats => 1688584395660,-265196,4254
07-05 15:13:15.680  4774  4851 I BatteryMgr:DataCollectionService: stats => 1688584395680,-265196,4254
07-05 15:13:15.695  4774  4851 I BatteryMgr:DataCollectionService: stats => 1688584395695,-265196,4254
07-05 15:13:15.710  4774  4851 I BatteryMgr:DataCollectionService: stats => 1688584395709,-265196,4254
07-05 15:13:15.724  4774  4851 I BatteryMgr:DataCollectionService: stats => 1688584395724,-265196,4254
07-05 15:13:15.739  4774  4851 I BatteryMgr:DataCollectionService: stats => 1688584395739,-265196,4254
07-05 15:13:15.753  4774  4851 I BatteryMgr:DataCollectionService: stats => 1688584395753,-265196,4254
07-05 15:13:15.755 31677  4862 I Finsky  : [2875] jyo.i(1): Completed 0 account content syncs with 0 successful.
07-05 15:13:15.756 31677 31677 I Finsky  : [2] ContentSyncJob.a(1): [ContentSync] Installation state replication succeeded.
07-05 15:13:15.756 31677 31677 I Finsky  : [2] zam.r(4): SCH: jobFinished: 12-1. TimeElapsed: 130ms.
07-05 15:13:15.770  4774  4851 I BatteryMgr:DataCollectionService: stats => 1688584395770,-265196,4254
07-05 15:13:15.786  4774  4851 I BatteryMgr:DataCollectionService: stats => 1688584395786,-265196,4254
07-05 15:13:15.790 31677 31721 I Finsky  : [2774] yfq.accept(33): SCH: Scheduling phonesky job Id: 1-1337, CT: 1688583333170, Constraints: [{ L: 43191364, D: 86391364, C: 1, I: 1, N: 1 }]
07-05 15:13:15.791 31677 31721 I Finsky  : [2774] yfq.accept(33): SCH: Scheduling phonesky job Id: 34-912, CT: 1688560215151, Constraints: [{ L: 79199858, D: 1375199858, C: 1, I: 1, N: 1 }]
07-05 15:13:15.801 31677 31721 I Finsky  : [2774] yjy.apply(9): SCH: Scheduling 1 system job(s)
07-05 15:13:15.801 31677 31721 I Finsky  : [2774] zak.d(4): SCH: Scheduling system job Id: 9946, L: 42128733, D: 85328733, C: false, I: false, N: 1
07-05 15:13:15.802  4774  4851 I BatteryMgr:DataCollectionService: stats => 1688584395802,-265196,4254
07-05 15:13:15.811  1723  1723 D BoundBrokerSvc: onUnbind: Intent { act=com.google.android.gms.icing.LIGHTWEIGHT_INDEX_SERVICE dat=chimera-action: cmp=com.google.android.gms/.chimera.PersistentApiService }
07-05 15:13:15.814 31677  4860 I Finsky  : [2873] zbx.a(16): SCH: job service finished with id 9943.
07-05 15:13:15.820  4774  4851 I BatteryMgr:DataCollectionService: stats => 1688584395819,-265196,4254
07-05 15:13:15.834  4774  4851 I BatteryMgr:DataCollectionService: stats => 1688584395834,-265196,4254
07-05 15:13:15.848  4774  4851 I BatteryMgr:DataCollectionService: stats => 1688584395848,-265196,4254
07-05 15:13:15.863  4774  4851 I BatteryMgr:DataCollectionService: stats => 1688584395863,-265196,4254
07-05 15:13:15.878  4774  4851 I BatteryMgr:DataCollectionService: stats => 1688584395878,-265196,4254
07-05 15:13:15.894  4774  4851 I BatteryMgr:DataCollectionService: stats => 1688584395894,-265196,4254
07-05 15:13:15.909  4774  4851 I BatteryMgr:DataCollectionService: stats => 1688584395909,-265196,4254
07-05 15:13:15.925  4774  4851 I BatteryMgr:DataCollectionService: stats => 1688584395925,-265196,4254
07-05 15:13:15.945  4774  4851 I BatteryMgr:DataCollectionService: stats => 1688584395945,-265196,4254
07-05 15:13:15.965  4774  4851 I BatteryMgr:DataCollectionService: stats => 1688584395965,-265196,4254
07-05 15:13:15.990  4774  4851 I BatteryMgr:DataCollectionService: stats => 1688584395990,-265196,4254
07-05 15:13:16.010  4774  4851 I BatteryMgr:DataCollectionService: stats => 1688584396009,-265196,4254
07-05 15:13:16.025  4774  4851 I BatteryMgr:DataCollectionService: stats => 1688584396025,-265196,4254
07-05 15:13:16.041  4774  4851 I BatteryMgr:DataCollectionService: stats => 1688584396041,-265196,4254
07-05 15:13:16.057  4774  4851 I BatteryMgr:DataCollectionService: stats => 1688584396056,-265196,4254
07-05 15:13:16.072  4774  4851 I BatteryMgr:DataCollectionService: stats => 1688584396072,-265196,4254
07-05 15:13:16.088  4774  4851 I BatteryMgr:DataCollectionService: stats => 1688584396087,-265196,4254
07-05 15:13:16.102  4774  4851 I BatteryMgr:DataCollectionService: stats => 1688584396102,-265196,4254
07-05 15:13:16.117  4774  4851 I BatteryMgr:DataCollectionService: stats => 1688584396116,-265196,4254
07-05 15:13:16.131  4774  4851 I BatteryMgr:DataCollectionService: stats => 1688584396131,-265196,4254
07-05 15:13:16.146  4774  4851 I BatteryMgr:DataCollectionService: stats => 1688584396146,-265196,4254
07-05 15:13:16.160  4774  4851 I BatteryMgr:DataCollectionService: stats => 1688584396160,-265196,4254
07-05 15:13:16.175  4774  4851 I BatteryMgr:DataCollectionService: stats => 1688584396175,-265196,4254
07-05 15:13:16.190  4774  4851 I BatteryMgr:DataCollectionService: stats => 1688584396190,-265196,4254
07-05 15:13:16.205  4774  4851 I BatteryMgr:DataCollectionService: stats => 1688584396205,-265196,4254
07-05 15:13:16.220  4774  4851 I BatteryMgr:DataCollectionService: stats => 1688584396220,-265196,4254
07-05 15:13:16.236  4774  4851 I BatteryMgr:DataCollectionService: stats => 1688584396236,-265196,4254
07-05 15:13:16.251  4774  4851 I BatteryMgr:DataCollectionService: stats => 1688584396251,-265196,4254
07-05 15:13:16.266  4774  4851 I BatteryMgr:DataCollectionService: stats => 1688584396266,-265196,4254
07-05 15:13:16.281  4774  4851 I BatteryMgr:DataCollectionService: stats => 1688584396281,-265196,4254
07-05 15:13:16.296  4774  4851 I BatteryMgr:DataCollectionService: stats => 1688584396296,-265196,4254
07-05 15:13:16.310  4774  4851 I BatteryMgr:DataCollectionService: stats => 1688584396310,-265196,4254
07-05 15:13:16.325  4774  4851 I BatteryMgr:DataCollectionService: stats => 1688584396325,-265196,4254
07-05 15:13:16.340  4774  4851 I BatteryMgr:DataCollectionService: stats => 1688584396340,-265196,4254
07-05 15:13:16.355  4774  4851 I BatteryMgr:DataCollectionService: stats => 1688584396355,-265196,4254
07-05 15:13:16.370  4774  4851 I BatteryMgr:DataCollectionService: stats => 1688584396370,-265196,4254
07-05 15:13:16.386  4774  4851 I BatteryMgr:DataCollectionService: stats => 1688584396386,-265196,4254
07-05 15:13:16.401  4774  4851 I BatteryMgr:DataCollectionService: stats => 1688584396401,-265196,4254
07-05 15:13:16.416  4774  4851 I BatteryMgr:DataCollectionService: stats => 1688584396416,-265196,4254
07-05 15:13:16.432  4774  4851 I BatteryMgr:DataCollectionService: stats => 1688584396432,-265196,4254
07-05 15:13:16.446  4774  4851 I BatteryMgr:DataCollectionService: stats => 1688584396446,-265196,4254
07-05 15:13:16.461  4774  4851 I BatteryMgr:DataCollectionService: stats => 1688584396461,-265196,4254
07-05 15:13:16.475  4774  4851 I BatteryMgr:DataCollectionService: stats => 1688584396475,-265196,4254
07-05 15:13:16.490  4774  4851 I BatteryMgr:DataCollectionService: stats => 1688584396490,-265196,4254
07-05 15:13:16.506  4774  4851 I BatteryMgr:DataCollectionService: stats => 1688584396506,-265196,4254
07-05 15:13:16.521  4774  4851 I BatteryMgr:DataCollectionService: stats => 1688584396521,-265196,4254
07-05 15:13:16.535  4774  4851 I BatteryMgr:DataCollectionService: stats => 1688584396535,-265196,4254
07-05 15:13:16.553  4774  4851 I BatteryMgr:DataCollectionService: stats => 1688584396552,-265196,4254
07-05 15:13:16.572  4774  4851 I BatteryMgr:DataCollectionService: stats => 1688584396572,-265196,4254
07-05 15:13:16.591  4774  4851 I BatteryMgr:DataCollectionService: stats => 1688584396590,-265196,4254
07-05 15:13:16.614  4774  4851 I BatteryMgr:DataCollectionService: stats => 1688584396614,-265196,4254
07-05 15:13:16.638  4774  4851 I BatteryMgr:DataCollectionService: stats => 1688584396637,-265196,4254
07-05 15:13:16.665  4774  4851 I BatteryMgr:DataCollectionService: stats => 1688584396664,-265196,4254
07-05 15:13:16.690  4774  4851 I BatteryMgr:DataCollectionService: stats => 1688584396689,-265196,4254
07-05 15:13:16.715  4774  4851 I BatteryMgr:DataCollectionService: stats => 1688584396715,-265196,4254
07-05 15:13:16.744  4774  4851 I BatteryMgr:DataCollectionService: stats => 1688584396743,-265196,4254
07-05 15:13:16.766  4774  4851 I BatteryMgr:DataCollectionService: stats => 1688584396765,-265196,4254
07-05 15:13:16.787  4774  4851 I BatteryMgr:DataCollectionService: stats => 1688584396787,-265196,4254
07-05 15:13:16.809  4774  4851 I BatteryMgr:DataCollectionService: stats => 1688584396809,-265196,4254
07-05 15:13:16.831  4774  4851 I BatteryMgr:DataCollectionService: stats => 1688584396830,-265196,4254
07-05 15:13:16.855  4774  4851 I BatteryMgr:DataCollectionService: stats => 1688584396854,-265196,4254
07-05 15:13:16.879  4774  4851 I BatteryMgr:DataCollectionService: stats => 1688584396879,-265196,4254
07-05 15:13:16.910  4774  4851 I BatteryMgr:DataCollectionService: stats => 1688584396909,-265196,4254
07-05 15:13:16.929  4774  4851 I BatteryMgr:DataCollectionService: stats => 1688584396929,-265196,4254
07-05 15:13:16.947  4774  4851 I BatteryMgr:DataCollectionService: stats => 1688584396947,-265196,4254
07-05 15:13:16.963  4774  4851 I BatteryMgr:DataCollectionService: stats => 1688584396962,-265196,4254
07-05 15:13:16.978  4774  4851 I BatteryMgr:DataCollectionService: stats => 1688584396977,-265196,4254
07-05 15:13:16.993  4774  4851 I BatteryMgr:DataCollectionService: stats => 1688584396993,-265196,4254
07-05 15:13:17.009  4774  4851 I BatteryMgr:DataCollectionService: stats => 1688584397009,-265196,4254
07-05 15:13:17.026  4774  4851 I BatteryMgr:DataCollectionService: stats => 1688584397025,-265196,4254
07-05 15:13:17.037   767 17305 W ActivityManager: stopServiceToken startId 26 is last, but have 1 remaining args
07-05 15:13:17.045  4774  4851 I BatteryMgr:DataCollectionService: stats => 1688584397044,-265196,4254
07-05 15:13:17.064  4774  4851 I BatteryMgr:DataCollectionService: stats => 1688584397064,-265196,4254
07-05 15:13:17.086  4774  4851 I BatteryMgr:DataCollectionService: stats => 1688584397085,-265196,4254
07-05 15:13:17.106  4774  4851 I BatteryMgr:DataCollectionService: stats => 1688584397105,-265196,4254
07-05 15:13:17.131  4774  4851 I BatteryMgr:DataCollectionService: stats => 1688584397131,-265196,4254
07-05 15:13:17.156  4774  4851 I BatteryMgr:DataCollectionService: stats => 1688584397155,-265196,4254
07-05 15:13:17.181  4774  4851 I BatteryMgr:DataCollectionService: stats => 1688584397181,-265196,4254
07-05 15:13:17.205  4774  4851 I BatteryMgr:DataCollectionService: stats => 1688584397205,-265196,4254
07-05 15:13:17.233  4774  4851 I BatteryMgr:DataCollectionService: stats => 1688584397232,-265196,4254
07-05 15:13:17.255  4774  4851 I BatteryMgr:DataCollectionService: stats => 1688584397255,-265196,4254
07-05 15:13:17.281  4774  4851 I BatteryMgr:DataCollectionService: stats => 1688584397280,-265196,4254
07-05 15:13:17.305  4774  4851 I BatteryMgr:DataCollectionService: stats => 1688584397304,-265196,4254
07-05 15:13:17.330  4774  4851 I BatteryMgr:DataCollectionService: stats => 1688584397330,-265196,4254
07-05 15:13:17.353  4774  4851 I BatteryMgr:DataCollectionService: stats => 1688584397353,-265196,4254
07-05 15:13:17.378  4774  4851 I BatteryMgr:DataCollectionService: stats => 1688584397378,-265196,4254
07-05 15:13:17.403  4774  4851 I BatteryMgr:DataCollectionService: stats => 1688584397403,-265196,4254
07-05 15:13:17.428  4774  4851 I BatteryMgr:DataCollectionService: stats => 1688584397427,-265196,4254
07-05 15:13:17.451  4774  4851 I BatteryMgr:DataCollectionService: stats => 1688584397451,-265196,4254
07-05 15:13:17.476  4774  4851 I BatteryMgr:DataCollectionService: stats => 1688584397475,-265196,4254
07-05 15:13:17.503  4774  4851 I BatteryMgr:DataCollectionService: stats => 1688584397502,-265196,4254
07-05 15:13:17.523  4774  4851 I BatteryMgr:DataCollectionService: stats => 1688584397523,-265196,4254
07-05 15:13:17.544  4774  4851 I BatteryMgr:DataCollectionService: stats => 1688584397544,-265196,4254
07-05 15:13:17.564  4774  4851 I BatteryMgr:DataCollectionService: stats => 1688584397564,-265196,4254
07-05 15:13:17.585  4774  4851 I BatteryMgr:DataCollectionService: stats => 1688584397584,-265196,4254
07-05 15:13:17.607  4774  4851 I BatteryMgr:DataCollectionService: stats => 1688584397607,-265196,4254
07-05 15:13:17.631  4774  4851 I BatteryMgr:DataCollectionService: stats => 1688584397631,-265196,4254
07-05 15:13:17.653  4774  4851 I BatteryMgr:DataCollectionService: stats => 1688584397653,-265196,4254
07-05 15:13:17.676  4774  4851 I BatteryMgr:DataCollectionService: stats => 1688584397675,-265196,4254
07-05 15:13:17.699  4774  4851 I BatteryMgr:DataCollectionService: stats => 1688584397698,-265196,4254
07-05 15:13:17.722  4774  4851 I BatteryMgr:DataCollectionService: stats => 1688584397721,-265196,4254
07-05 15:13:17.744  4774  4851 I BatteryMgr:DataCollectionService: stats => 1688584397744,-265196,4254
07-05 15:13:17.767  4774  4851 I BatteryMgr:DataCollectionService: stats => 1688584397767,-265196,4254
07-05 15:13:17.794  4774  4851 I BatteryMgr:DataCollectionService: stats => 1688584397794,-265196,4254
07-05 15:13:17.817  4774  4851 I BatteryMgr:DataCollectionService: stats => 1688584397817,-265196,4254
07-05 15:13:17.844  4774  4851 I BatteryMgr:DataCollectionService: stats => 1688584397844,-265196,4254
07-05 15:13:17.870  4774  4851 I BatteryMgr:DataCollectionService: stats => 1688584397870,-265196,4254
07-05 15:13:17.893  4774  4851 I BatteryMgr:DataCollectionService: stats => 1688584397892,-265196,4254
07-05 15:13:17.913  4774  4851 I BatteryMgr:DataCollectionService: stats => 1688584397912,-265196,4254
07-05 15:13:17.933  4774  4851 I BatteryMgr:DataCollectionService: stats => 1688584397932,-265196,4254
07-05 15:13:17.953  4774  4851 I BatteryMgr:DataCollectionService: stats => 1688584397953,-265196,4254
07-05 15:13:17.974  4774  4851 I BatteryMgr:DataCollectionService: stats => 1688584397974,-265196,4254
07-05 15:13:17.997  4774  4851 I BatteryMgr:DataCollectionService: stats => 1688584397997,-265196,4254
07-05 15:13:18.021  4774  4851 I BatteryMgr:DataCollectionService: stats => 1688584398021,-265196,4254
07-05 15:13:18.044  4774  4851 I BatteryMgr:DataCollectionService: stats => 1688584398044,-265196,4254
07-05 15:13:18.067  4774  4851 I BatteryMgr:DataCollectionService: stats => 1688584398067,-265196,4254
07-05 15:13:18.090  4774  4851 I BatteryMgr:DataCollectionService: stats => 1688584398089,-265196,4254
07-05 15:13:18.111  4774  4851 I BatteryMgr:DataCollectionService: stats => 1688584398111,-265196,4254
07-05 15:13:18.134  4774  4851 I BatteryMgr:DataCollectionService: stats => 1688584398134,-265196,4254
07-05 15:13:18.156  4774  4851 I BatteryMgr:DataCollectionService: stats => 1688584398156,-265196,4254
07-05 15:13:18.178  4774  4851 I BatteryMgr:DataCollectionService: stats => 1688584398178,-265196,4254
07-05 15:13:18.202  4774  4851 I BatteryMgr:DataCollectionService: stats => 1688584398201,-265196,4254
07-05 15:13:18.223  4774  4851 I BatteryMgr:DataCollectionService: stats => 1688584398223,-265196,4254
07-05 15:13:18.247  4774  4851 I BatteryMgr:DataCollectionService: stats => 1688584398247,-265196,4254
07-05 15:13:18.271  4774  4851 I BatteryMgr:DataCollectionService: stats => 1688584398271,-265196,4254
07-05 15:13:18.295  4774  4851 I BatteryMgr:DataCollectionService: stats => 1688584398295,-265196,4254
07-05 15:13:18.322  4774  4851 I BatteryMgr:DataCollectionService: stats => 1688584398322,-265196,4254
07-05 15:13:18.345  4774  4851 I BatteryMgr:DataCollectionService: stats => 1688584398345,-265196,4254
07-05 15:13:18.367  4774  4851 I BatteryMgr:DataCollectionService: stats => 1688584398367,-265196,4254
07-05 15:13:18.391  4774  4851 I BatteryMgr:DataCollectionService: stats => 1688584398391,-265196,4254
07-05 15:13:18.415  4774  4851 I BatteryMgr:DataCollectionService: stats => 1688584398415,-265196,4254
07-05 15:13:18.438  4774  4851 I BatteryMgr:DataCollectionService: stats => 1688584398438,-265196,4254
07-05 15:13:18.462  4774  4851 I BatteryMgr:DataCollectionService: stats => 1688584398462,-265196,4254
07-05 15:13:18.485  4774  4851 I BatteryMgr:DataCollectionService: stats => 1688584398485,-265196,4254
07-05 15:13:18.510  4774  4851 I BatteryMgr:DataCollectionService: stats => 1688584398510,-265196,4254
07-05 15:13:18.532  4774  4851 I BatteryMgr:DataCollectionService: stats => 1688584398532,-265196,4254
07-05 15:13:18.554  4774  4851 I BatteryMgr:DataCollectionService: stats => 1688584398554,-265196,4254
07-05 15:13:18.576  4774  4851 I BatteryMgr:DataCollectionService: stats => 1688584398576,-265196,4254
07-05 15:13:18.604  4774  4851 I BatteryMgr:DataCollectionService: stats => 1688584398603,-265196,4254
07-05 15:13:18.627  4774  4851 I BatteryMgr:DataCollectionService: stats => 1688584398627,-265196,4254
07-05 15:13:18.650  4774  4851 I BatteryMgr:DataCollectionService: stats => 1688584398650,-265196,4254
07-05 15:13:18.675  4774  4851 I BatteryMgr:DataCollectionService: stats => 1688584398674,-265196,4254
07-05 15:13:18.698  4774  4851 I BatteryMgr:DataCollectionService: stats => 1688584398698,-265196,4254
07-05 15:13:18.722  4774  4851 I BatteryMgr:DataCollectionService: stats => 1688584398722,-265196,4254
07-05 15:13:18.745  4774  4851 I BatteryMgr:DataCollectionService: stats => 1688584398745,-265196,4254
07-05 15:13:18.768  4774  4851 I BatteryMgr:DataCollectionService: stats => 1688584398768,-265196,4254
07-05 15:13:18.791  4774  4851 I BatteryMgr:DataCollectionService: stats => 1688584398791,-265196,4254
07-05 15:13:18.816  4774  4851 I BatteryMgr:DataCollectionService: stats => 1688584398815,-265196,4254
07-05 15:13:18.845  4774  4851 I BatteryMgr:DataCollectionService: stats => 1688584398845,-265196,4254
07-05 15:13:18.864  4774  4851 I BatteryMgr:DataCollectionService: stats => 1688584398864,-265196,4254
07-05 15:13:18.883  4774  4851 I BatteryMgr:DataCollectionService: stats => 1688584398883,-265196,4254
07-05 15:13:18.905  4774  4851 I BatteryMgr:DataCollectionService: stats => 1688584398905,-265196,4254
07-05 15:13:18.928  4774  4851 I BatteryMgr:DataCollectionService: stats => 1688584398927,-265196,4254
07-05 15:13:18.950  4774  4851 I BatteryMgr:DataCollectionService: stats => 1688584398950,-265196,4254
07-05 15:13:18.974  4774  4851 I BatteryMgr:DataCollectionService: stats => 1688584398974,-265196,4254
07-05 15:13:18.995  4774  4851 I BatteryMgr:DataCollectionService: stats => 1688584398994,-265196,4254
07-05 15:13:19.013  4774  4851 I BatteryMgr:DataCollectionService: stats => 1688584399013,-265196,4254
07-05 15:13:19.032  4774  4851 I BatteryMgr:DataCollectionService: stats => 1688584399032,-265196,4254
07-05 15:13:19.052  4774  4851 I BatteryMgr:DataCollectionService: stats => 1688584399052,-265196,4254
07-05 15:13:19.075  4774  4851 I BatteryMgr:DataCollectionService: stats => 1688584399075,-265196,4254
07-05 15:13:19.098  4774  4851 I BatteryMgr:DataCollectionService: stats => 1688584399097,-265196,4254
07-05 15:13:19.120  4774  4851 I BatteryMgr:DataCollectionService: stats => 1688584399120,-265196,4254
07-05 15:13:19.143  4774  4851 I BatteryMgr:DataCollectionService: stats => 1688584399143,-265196,4254
07-05 15:13:19.165  4774  4851 I BatteryMgr:DataCollectionService: stats => 1688584399165,-265196,4254
07-05 15:13:19.188  4774  4851 I BatteryMgr:DataCollectionService: stats => 1688584399188,-265196,4254
07-05 15:13:19.211  4774  4851 I BatteryMgr:DataCollectionService: stats => 1688584399211,-265196,4254
07-05 15:13:19.233  4774  4851 I BatteryMgr:DataCollectionService: stats => 1688584399233,-265196,4254
07-05 15:13:19.256  4774  4851 I BatteryMgr:DataCollectionService: stats => 1688584399255,-265196,4254
07-05 15:13:19.278  4774  4851 I BatteryMgr:DataCollectionService: stats => 1688584399278,-265196,4254
07-05 15:13:19.301  4774  4851 I BatteryMgr:DataCollectionService: stats => 1688584399300,-265196,4254
07-05 15:13:19.323  4774  4851 I BatteryMgr:DataCollectionService: stats => 1688584399322,-265196,4254
07-05 15:13:19.345  4774  4851 I BatteryMgr:DataCollectionService: stats => 1688584399345,-265196,4254
07-05 15:13:19.367  4774  4851 I BatteryMgr:DataCollectionService: stats => 1688584399367,-265196,4254
07-05 15:13:19.388  4774  4851 I BatteryMgr:DataCollectionService: stats => 1688584399388,-265196,4254
07-05 15:13:19.411  4774  4851 I BatteryMgr:DataCollectionService: stats => 1688584399410,-265196,4254
07-05 15:13:19.434  4774  4851 I BatteryMgr:DataCollectionService: stats => 1688584399434,-265196,4254
07-05 15:13:19.456  4774  4851 I BatteryMgr:DataCollectionService: stats => 1688584399456,-265196,4254
07-05 15:13:19.478  4774  4851 I BatteryMgr:DataCollectionService: stats => 1688584399478,-265196,4254
07-05 15:13:19.500  4774  4851 I BatteryMgr:DataCollectionService: stats => 1688584399500,-265196,4254
07-05 15:13:19.524  4774  4851 I BatteryMgr:DataCollectionService: stats => 1688584399524,-265196,4254
07-05 15:13:19.548  4774  4851 I BatteryMgr:DataCollectionService: stats => 1688584399548,-265196,4254
07-05 15:13:19.571  4774  4851 I BatteryMgr:DataCollectionService: stats => 1688584399571,-265196,4254
07-05 15:13:19.594  4774  4851 I BatteryMgr:DataCollectionService: stats => 1688584399594,-265196,4254
07-05 15:13:19.620  4774  4851 I BatteryMgr:DataCollectionService: stats => 1688584399619,-265196,4254
07-05 15:13:19.642  4774  4851 I BatteryMgr:DataCollectionService: stats => 1688584399642,-265196,4254
07-05 15:13:19.666  4774  4851 I BatteryMgr:DataCollectionService: stats => 1688584399666,-265196,4254
07-05 15:13:19.690  4774  4851 I BatteryMgr:DataCollectionService: stats => 1688584399690,-265196,4254
07-05 15:13:19.714  4774  4851 I BatteryMgr:DataCollectionService: stats => 1688584399713,-265196,4254
07-05 15:13:19.737  4774  4851 I BatteryMgr:DataCollectionService: stats => 1688584399737,-265196,4254
07-05 15:13:19.760  4774  4851 I BatteryMgr:DataCollectionService: stats => 1688584399760,-265196,4254
07-05 15:13:19.784  4774  4851 I BatteryMgr:DataCollectionService: stats => 1688584399784,-265196,4254
07-05 15:13:19.807  4774  4851 I BatteryMgr:DataCollectionService: stats => 1688584399807,-265196,4254
07-05 15:13:19.830  4774  4851 I BatteryMgr:DataCollectionService: stats => 1688584399829,-265196,4254
07-05 15:13:19.852  4774  4851 I BatteryMgr:DataCollectionService: stats => 1688584399852,-265196,4254
07-05 15:13:19.874  4774  4851 I BatteryMgr:DataCollectionService: stats => 1688584399874,-265196,4254
07-05 15:13:19.899  4774  4851 I BatteryMgr:DataCollectionService: stats => 1688584399898,-265196,4254
07-05 15:13:19.921  4774  4851 I BatteryMgr:DataCollectionService: stats => 1688584399921,-265196,4254
07-05 15:13:19.952  4774  4851 I BatteryMgr:DataCollectionService: stats => 1688584399951,-265196,4254
07-05 15:13:19.973  4774  4851 I BatteryMgr:DataCollectionService: stats => 1688584399973,-265196,4254
07-05 15:13:20.000  4774  4851 I BatteryMgr:DataCollectionService: stats => 1688584400000,-265196,4254
07-05 15:13:20.024  4774  4851 I BatteryMgr:DataCollectionService: stats => 1688584400024,-265196,4254
07-05 15:13:20.047  4774  4851 I BatteryMgr:DataCollectionService: stats => 1688584400047,-265196,4254
07-05 15:13:20.065  4774  4851 I BatteryMgr:DataCollectionService: stats => 1688584400065,-265196,4254
07-05 15:13:20.081  4774  4851 I BatteryMgr:DataCollectionService: stats => 1688584400081,-265196,4254
07-05 15:13:20.099  4774  4851 I BatteryMgr:DataCollectionService: stats => 1688584400099,-265196,4254
07-05 15:13:20.117  4774  4851 I BatteryMgr:DataCollectionService: stats => 1688584400117,-265196,4254
07-05 15:13:20.137  4774  4851 I BatteryMgr:DataCollectionService: stats => 1688584400137,-265196,4254
07-05 15:13:20.156  4774  4851 I BatteryMgr:DataCollectionService: stats => 1688584400156,-265196,4254
07-05 15:13:20.177  4774  4851 I BatteryMgr:DataCollectionService: stats => 1688584400177,-265196,4254
07-05 15:13:20.198  4774  4851 I BatteryMgr:DataCollectionService: stats => 1688584400198,-265196,4254
07-05 15:13:20.225  4774  4851 I BatteryMgr:DataCollectionService: stats => 1688584400224,-265196,4254
07-05 15:13:20.247  4774  4851 I BatteryMgr:DataCollectionService: stats => 1688584400247,-265196,4254
07-05 15:13:20.275  4774  4851 I BatteryMgr:DataCollectionService: stats => 1688584400274,-265196,4254
07-05 15:13:20.297  4774  4851 I BatteryMgr:DataCollectionService: stats => 1688584400297,-265196,4254
07-05 15:13:20.320  4774  4851 I BatteryMgr:DataCollectionService: stats => 1688584400320,-265196,4254
07-05 15:13:20.344  4774  4851 I BatteryMgr:DataCollectionService: stats => 1688584400344,-265196,4254
07-05 15:13:20.368  4774  4851 I BatteryMgr:DataCollectionService: stats => 1688584400368,-265196,4254
07-05 15:13:20.395  4774  4851 I BatteryMgr:DataCollectionService: stats => 1688584400394,-265196,4254
07-05 15:13:20.421  4774  4851 I BatteryMgr:DataCollectionService: stats => 1688584400421,-265196,4254
07-05 15:13:20.447  4774  4851 I BatteryMgr:DataCollectionService: stats => 1688584400447,-265196,4254
07-05 15:13:20.464  4774  4851 I BatteryMgr:DataCollectionService: stats => 1688584400464,-265196,4254
07-05 15:13:20.481  4774  4851 I BatteryMgr:DataCollectionService: stats => 1688584400481,-265196,4254
07-05 15:13:20.501  4774  4851 I BatteryMgr:DataCollectionService: stats => 1688584400501,-265196,4254
07-05 15:13:20.522  4774  4851 I BatteryMgr:DataCollectionService: stats => 1688584400522,-265196,4254
07-05 15:13:20.544  4774  4851 I BatteryMgr:DataCollectionService: stats => 1688584400544,-265196,4254
07-05 15:13:20.568  4774  4851 I BatteryMgr:DataCollectionService: stats => 1688584400567,-265196,4254
07-05 15:13:20.591  4774  4851 I BatteryMgr:DataCollectionService: stats => 1688584400590,-265196,4254
07-05 15:13:20.612  4774  4851 I BatteryMgr:DataCollectionService: stats => 1688584400612,-265196,4254
07-05 15:13:20.635  4774  4851 I BatteryMgr:DataCollectionService: stats => 1688584400634,-265196,4254
07-05 15:13:20.658  4774  4851 I BatteryMgr:DataCollectionService: stats => 1688584400658,-265196,4254
07-05 15:13:20.681  4774  4851 I BatteryMgr:DataCollectionService: stats => 1688584400680,-265196,4254
07-05 15:13:20.706  4774  4851 I BatteryMgr:DataCollectionService: stats => 1688584400706,-265196,4254
07-05 15:13:20.730  4774  4851 I BatteryMgr:DataCollectionService: stats => 1688584400730,-265196,4254
07-05 15:13:20.754  4774  4851 I BatteryMgr:DataCollectionService: stats => 1688584400753,-265196,4254
07-05 15:13:20.777  4774  4851 I BatteryMgr:DataCollectionService: stats => 1688584400776,-265196,4254
07-05 15:13:20.798  4774  4851 I BatteryMgr:DataCollectionService: stats => 1688584400798,-265196,4254
07-05 15:13:20.821  4774  4851 I BatteryMgr:DataCollectionService: stats => 1688584400821,-265196,4254
07-05 15:13:20.844  4774  4851 I BatteryMgr:DataCollectionService: stats => 1688584400844,-265196,4254
07-05 15:13:20.867  4774  4851 I BatteryMgr:DataCollectionService: stats => 1688584400867,-265196,4254
07-05 15:13:20.890  4774  4851 I BatteryMgr:DataCollectionService: stats => 1688584400889,-265196,4254
07-05 15:13:20.922  4774  4851 I BatteryMgr:DataCollectionService: stats => 1688584400922,-265196,4254
07-05 15:13:20.944  4774  4851 I BatteryMgr:DataCollectionService: stats => 1688584400944,-265196,4254
07-05 15:13:20.963  4774  4851 I BatteryMgr:DataCollectionService: stats => 1688584400963,-265196,4254
07-05 15:13:20.983  4774  4851 I BatteryMgr:DataCollectionService: stats => 1688584400983,-265196,4254
07-05 15:13:21.006  4774  4851 I BatteryMgr:DataCollectionService: stats => 1688584401005,-265196,4254
07-05 15:13:21.027  4774  4851 I BatteryMgr:DataCollectionService: stats => 1688584401027,-265196,4254
07-05 15:13:21.049  4774  4851 I BatteryMgr:DataCollectionService: stats => 1688584401049,-265196,4254
07-05 15:13:21.072  4774  4851 I BatteryMgr:DataCollectionService: stats => 1688584401072,-265196,4254
07-05 15:13:21.096  4774  4851 I BatteryMgr:DataCollectionService: stats => 1688584401095,-265196,4254
07-05 15:13:21.116  4774  4851 I BatteryMgr:DataCollectionService: stats => 1688584401116,-265196,4254
07-05 15:13:21.137  4774  4851 I BatteryMgr:DataCollectionService: stats => 1688584401137,-265196,4254
07-05 15:13:21.161  4774  4851 I BatteryMgr:DataCollectionService: stats => 1688584401161,-265196,4254
07-05 15:13:21.187  4774  4851 I BatteryMgr:DataCollectionService: stats => 1688584401186,-265196,4254
07-05 15:13:21.210  4774  4851 I BatteryMgr:DataCollectionService: stats => 1688584401210,-265196,4254
07-05 15:13:21.237  4774  4851 I BatteryMgr:DataCollectionService: stats => 1688584401237,-265196,4254
07-05 15:13:21.261  4774  4851 I BatteryMgr:DataCollectionService: stats => 1688584401261,-265196,4254
07-05 15:13:21.284  4774  4851 I BatteryMgr:DataCollectionService: stats => 1688584401283,-265196,4254
07-05 15:13:21.307  4774  4851 I BatteryMgr:DataCollectionService: stats => 1688584401307,-265196,4254
07-05 15:13:21.330  4774  4851 I BatteryMgr:DataCollectionService: stats => 1688584401330,-265196,4254
07-05 15:13:21.352  4774  4851 I BatteryMgr:DataCollectionService: stats => 1688584401352,-265196,4254
07-05 15:13:21.374  4774  4851 I BatteryMgr:DataCollectionService: stats => 1688584401374,-265196,4254
07-05 15:13:21.397  4774  4851 I BatteryMgr:DataCollectionService: stats => 1688584401396,-265196,4254
07-05 15:13:21.418  4774  4851 I BatteryMgr:DataCollectionService: stats => 1688584401418,-265196,4254
07-05 15:13:21.441  4774  4851 I BatteryMgr:DataCollectionService: stats => 1688584401441,-265196,4254
07-05 15:13:21.465  4774  4851 I BatteryMgr:DataCollectionService: stats => 1688584401465,-265196,4254
07-05 15:13:21.489  4774  4851 I BatteryMgr:DataCollectionService: stats => 1688584401489,-265196,4254
07-05 15:13:21.514  4774  4851 I BatteryMgr:DataCollectionService: stats => 1688584401514,-265196,4254
07-05 15:13:21.537  4774  4851 I BatteryMgr:DataCollectionService: stats => 1688584401537,-265196,4254
07-05 15:13:21.561  4774  4851 I BatteryMgr:DataCollectionService: stats => 1688584401561,-265196,4254
07-05 15:13:21.585  4774  4851 I BatteryMgr:DataCollectionService: stats => 1688584401584,-265196,4254
07-05 15:13:21.607  4774  4851 I BatteryMgr:DataCollectionService: stats => 1688584401607,-265196,4254
07-05 15:13:21.629  4774  4851 I BatteryMgr:DataCollectionService: stats => 1688584401629,-265196,4254
07-05 15:13:21.652  4774  4851 I BatteryMgr:DataCollectionService: stats => 1688584401652,-265196,4254
07-05 15:13:21.675  4774  4851 I BatteryMgr:DataCollectionService: stats => 1688584401675,-265196,4254
07-05 15:13:21.699  4774  4851 I BatteryMgr:DataCollectionService: stats => 1688584401698,-265196,4254
07-05 15:13:21.723  4774  4851 I BatteryMgr:DataCollectionService: stats => 1688584401722,-265196,4254
07-05 15:13:21.745  4774  4851 I BatteryMgr:DataCollectionService: stats => 1688584401745,-265196,4254
07-05 15:13:21.766  4774  4851 I BatteryMgr:DataCollectionService: stats => 1688584401766,-265196,4254
07-05 15:13:21.788  4774  4851 I BatteryMgr:DataCollectionService: stats => 1688584401788,-265196,4254
07-05 15:13:21.811  4774  4851 I BatteryMgr:DataCollectionService: stats => 1688584401810,-265196,4254
07-05 15:13:21.833  4774  4851 I BatteryMgr:DataCollectionService: stats => 1688584401833,-265196,4254
07-05 15:13:21.858  4774  4851 I BatteryMgr:DataCollectionService: stats => 1688584401858,-265196,4254
07-05 15:13:21.882  4774  4851 I BatteryMgr:DataCollectionService: stats => 1688584401881,-265196,4254
07-05 15:13:21.901  4774  4851 I BatteryMgr:DataCollectionService: stats => 1688584401901,-265196,4254
07-05 15:13:21.924  4774  4851 I BatteryMgr:DataCollectionService: stats => 1688584401924,-265196,4254
07-05 15:13:21.947  4774  4851 I BatteryMgr:DataCollectionService: stats => 1688584401947,-265196,4254
07-05 15:13:21.971  4774  4851 I BatteryMgr:DataCollectionService: stats => 1688584401970,-265196,4254
07-05 15:13:21.993  4774  4851 I BatteryMgr:DataCollectionService: stats => 1688584401992,-265196,4254
07-05 15:13:22.015  4774  4851 I BatteryMgr:DataCollectionService: stats => 1688584402014,-265196,4254
07-05 15:13:22.038  4774  4851 I BatteryMgr:DataCollectionService: stats => 1688584402037,-265196,4254
07-05 15:13:22.062  4774  4851 I BatteryMgr:DataCollectionService: stats => 1688584402062,-265196,4254
07-05 15:13:22.086  4774  4851 I BatteryMgr:DataCollectionService: stats => 1688584402085,-265196,4254
07-05 15:13:22.111  4774  4851 I BatteryMgr:DataCollectionService: stats => 1688584402110,-265196,4254
07-05 15:13:22.133  4774  4851 I BatteryMgr:DataCollectionService: stats => 1688584402133,-265196,4254
07-05 15:13:22.158  4774  4851 I BatteryMgr:DataCollectionService: stats => 1688584402158,-265196,4254
07-05 15:13:22.181  4774  4851 I BatteryMgr:DataCollectionService: stats => 1688584402181,-265196,4254
07-05 15:13:22.205  4774  4851 I BatteryMgr:DataCollectionService: stats => 1688584402204,-265196,4254
07-05 15:13:22.227  4774  4851 I BatteryMgr:DataCollectionService: stats => 1688584402227,-265196,4254
07-05 15:13:22.255  4774  4851 I BatteryMgr:DataCollectionService: stats => 1688584402255,-265196,4254
07-05 15:13:22.277  4774  4851 I BatteryMgr:DataCollectionService: stats => 1688584402277,-265196,4254
07-05 15:13:22.297  4774  4851 I BatteryMgr:DataCollectionService: stats => 1688584402297,-265196,4254
07-05 15:13:22.317  4774  4851 I BatteryMgr:DataCollectionService: stats => 1688584402317,-265196,4254
07-05 15:13:22.341  4774  4851 I BatteryMgr:DataCollectionService: stats => 1688584402340,-265196,4254
07-05 15:13:22.364  4774  4851 I BatteryMgr:DataCollectionService: stats => 1688584402364,-265196,4254
07-05 15:13:22.387  4774  4851 I BatteryMgr:DataCollectionService: stats => 1688584402386,-265196,4254
07-05 15:13:22.410  4774  4851 I BatteryMgr:DataCollectionService: stats => 1688584402410,-265196,4254
07-05 15:13:22.431  4774  4851 I BatteryMgr:DataCollectionService: stats => 1688584402430,-265196,4254
07-05 15:13:22.452  4774  4851 I BatteryMgr:DataCollectionService: stats => 1688584402451,-265196,4254
07-05 15:13:22.473  4774  4851 I BatteryMgr:DataCollectionService: stats => 1688584402473,-265196,4254
07-05 15:13:22.495  4774  4851 I BatteryMgr:DataCollectionService: stats => 1688584402495,-265196,4254
07-05 15:13:22.517  4774  4851 I BatteryMgr:DataCollectionService: stats => 1688584402517,-265196,4254
07-05 15:13:22.538  4774  4851 I BatteryMgr:DataCollectionService: stats => 1688584402538,-265196,4254
07-05 15:13:22.561  4774  4851 I BatteryMgr:DataCollectionService: stats => 1688584402561,-265196,4254
07-05 15:13:22.584  4774  4851 I BatteryMgr:DataCollectionService: stats => 1688584402584,-265196,4254
07-05 15:13:22.608  4774  4851 I BatteryMgr:DataCollectionService: stats => 1688584402608,-265196,4254
07-05 15:13:22.631  4774  4851 I BatteryMgr:DataCollectionService: stats => 1688584402630,-265196,4254
07-05 15:13:22.654  4774  4851 I BatteryMgr:DataCollectionService: stats => 1688584402654,-265196,4254
07-05 15:13:22.678  4774  4851 I BatteryMgr:DataCollectionService: stats => 1688584402677,-265196,4254
07-05 15:13:22.703  4774  4851 I BatteryMgr:DataCollectionService: stats => 1688584402702,-265196,4254
07-05 15:13:22.727  4774  4851 I BatteryMgr:DataCollectionService: stats => 1688584402726,-265196,4254
07-05 15:13:22.749  4774  4851 I BatteryMgr:DataCollectionService: stats => 1688584402749,-265196,4254
07-05 15:13:22.772  4774  4851 I BatteryMgr:DataCollectionService: stats => 1688584402771,-265196,4254
07-05 15:13:22.795  4774  4851 I BatteryMgr:DataCollectionService: stats => 1688584402794,-265196,4254
07-05 15:13:22.817  4774  4851 I BatteryMgr:DataCollectionService: stats => 1688584402817,-265196,4254
07-05 15:13:22.840  4774  4851 I BatteryMgr:DataCollectionService: stats => 1688584402839,-265196,4254
07-05 15:13:22.864  4774  4851 I BatteryMgr:DataCollectionService: stats => 1688584402864,-265196,4254
07-05 15:13:22.887  4774  4851 I BatteryMgr:DataCollectionService: stats => 1688584402887,-265196,4254
07-05 15:13:22.909  4774  4851 I BatteryMgr:DataCollectionService: stats => 1688584402908,-265196,4254
07-05 15:13:22.931  4774  4851 I BatteryMgr:DataCollectionService: stats => 1688584402931,-265196,4254
07-05 15:13:22.954  4774  4851 I BatteryMgr:DataCollectionService: stats => 1688584402954,-265196,4254
07-05 15:13:22.977  4774  4851 I BatteryMgr:DataCollectionService: stats => 1688584402977,-265196,4254
07-05 15:13:23.001  4774  4851 I BatteryMgr:DataCollectionService: stats => 1688584403001,-265196,4254
07-05 15:13:23.021  4774  4851 I BatteryMgr:DataCollectionService: stats => 1688584403021,-265196,4254
07-05 15:13:23.042  4774  4851 I BatteryMgr:DataCollectionService: stats => 1688584403042,-265196,4254
07-05 15:13:23.063  4774  4851 I BatteryMgr:DataCollectionService: stats => 1688584403063,-265196,4254
07-05 15:13:23.087  4774  4851 I BatteryMgr:DataCollectionService: stats => 1688584403086,-265196,4254
07-05 15:13:23.111  4774  4851 I BatteryMgr:DataCollectionService: stats => 1688584403111,-265196,4254
07-05 15:13:23.134  4774  4851 I BatteryMgr:DataCollectionService: stats => 1688584403134,-265196,4254
07-05 15:13:23.156  4774  4851 I BatteryMgr:DataCollectionService: stats => 1688584403156,-265196,4254
07-05 15:13:23.178  4774  4851 I BatteryMgr:DataCollectionService: stats => 1688584403178,-265196,4254
07-05 15:13:23.201  4774  4851 I BatteryMgr:DataCollectionService: stats => 1688584403201,-265196,4254
07-05 15:13:23.223  4774  4851 I BatteryMgr:DataCollectionService: stats => 1688584403223,-265196,4254
07-05 15:13:23.244  4774  4851 I BatteryMgr:DataCollectionService: stats => 1688584403243,-265196,4254
07-05 15:13:23.265  4774  4851 I BatteryMgr:DataCollectionService: stats => 1688584403265,-265196,4254
07-05 15:13:23.288  4774  4851 I BatteryMgr:DataCollectionService: stats => 1688584403287,-265196,4254
07-05 15:13:23.311  4774  4851 I BatteryMgr:DataCollectionService: stats => 1688584403310,-265196,4254
07-05 15:13:23.332  4774  4851 I BatteryMgr:DataCollectionService: stats => 1688584403332,-265196,4254
07-05 15:13:23.355  4774  4851 I BatteryMgr:DataCollectionService: stats => 1688584403355,-265196,4254
07-05 15:13:23.378  4774  4851 I BatteryMgr:DataCollectionService: stats => 1688584403378,-265196,4254
07-05 15:13:23.400  4774  4851 I BatteryMgr:DataCollectionService: stats => 1688584403400,-265196,4254
07-05 15:13:23.422  4774  4851 I BatteryMgr:DataCollectionService: stats => 1688584403421,-265196,4254
07-05 15:13:23.442  4774  4851 I BatteryMgr:DataCollectionService: stats => 1688584403441,-265196,4254
07-05 15:13:23.464  4774  4851 I BatteryMgr:DataCollectionService: stats => 1688584403464,-265196,4254
07-05 15:13:23.484  4774  4851 I BatteryMgr:DataCollectionService: stats => 1688584403484,-265196,4254
07-05 15:13:23.508  4774  4851 I BatteryMgr:DataCollectionService: stats => 1688584403508,-265196,4254
07-05 15:13:23.529  4774  4851 I BatteryMgr:DataCollectionService: stats => 1688584403529,-265196,4254
07-05 15:13:23.551  4774  4851 I BatteryMgr:DataCollectionService: stats => 1688584403551,-265196,4254
07-05 15:13:23.574  4774  4851 I BatteryMgr:DataCollectionService: stats => 1688584403573,-265196,4254
07-05 15:13:23.597  4774  4851 I BatteryMgr:DataCollectionService: stats => 1688584403597,-265196,4254
07-05 15:13:23.619  4774  4851 I BatteryMgr:DataCollectionService: stats => 1688584403619,-265196,4254
07-05 15:13:23.643  4774  4851 I BatteryMgr:DataCollectionService: stats => 1688584403642,-265196,4254
07-05 15:13:23.665  4774  4851 I BatteryMgr:DataCollectionService: stats => 1688584403664,-265196,4254
07-05 15:13:23.687  4774  4851 I BatteryMgr:DataCollectionService: stats => 1688584403687,-265196,4254
07-05 15:13:23.711  4774  4851 I BatteryMgr:DataCollectionService: stats => 1688584403710,-265196,4254
07-05 15:13:23.733  4774  4851 I BatteryMgr:DataCollectionService: stats => 1688584403733,-265196,4254
07-05 15:13:23.756  4774  4851 I BatteryMgr:DataCollectionService: stats => 1688584403756,-265196,4254
07-05 15:13:23.779  4774  4851 I BatteryMgr:DataCollectionService: stats => 1688584403778,-265196,4254
07-05 15:13:23.801  4774  4851 I BatteryMgr:DataCollectionService: stats => 1688584403801,-265196,4254
07-05 15:13:23.823  4774  4851 I BatteryMgr:DataCollectionService: stats => 1688584403823,-265196,4254
07-05 15:13:23.845  4774  4851 I BatteryMgr:DataCollectionService: stats => 1688584403844,-265196,4254
07-05 15:13:23.867  4774  4851 I BatteryMgr:DataCollectionService: stats => 1688584403867,-265196,4254
07-05 15:13:23.890  4774  4851 I BatteryMgr:DataCollectionService: stats => 1688584403890,-265196,4254
07-05 15:13:23.911  4774  4851 I BatteryMgr:DataCollectionService: stats => 1688584403911,-265196,4254
07-05 15:13:23.933  4774  4851 I BatteryMgr:DataCollectionService: stats => 1688584403933,-265196,4254
07-05 15:13:23.955  4774  4851 I BatteryMgr:DataCollectionService: stats => 1688584403955,-265196,4254
07-05 15:13:23.974  4774  4851 I BatteryMgr:DataCollectionService: stats => 1688584403974,-265196,4254
07-05 15:13:23.997  4774  4851 I BatteryMgr:DataCollectionService: stats => 1688584403997,-265196,4254
07-05 15:13:24.021  4774  4851 I BatteryMgr:DataCollectionService: stats => 1688584404021,-265196,4254
07-05 15:13:24.044  4774  4851 I BatteryMgr:DataCollectionService: stats => 1688584404044,-265196,4254
07-05 15:13:24.066  4774  4851 I BatteryMgr:DataCollectionService: stats => 1688584404066,-265196,4254
07-05 15:13:24.090  4774  4851 I BatteryMgr:DataCollectionService: stats => 1688584404090,-265196,4254
07-05 15:13:24.113  4774  4851 I BatteryMgr:DataCollectionService: stats => 1688584404113,-265196,4254
07-05 15:13:24.137  4774  4851 I BatteryMgr:DataCollectionService: stats => 1688584404137,-265196,4254
07-05 15:13:24.160  4774  4851 I BatteryMgr:DataCollectionService: stats => 1688584404160,-265196,4254
07-05 15:13:24.182  4774  4851 I BatteryMgr:DataCollectionService: stats => 1688584404182,-265196,4254
07-05 15:13:24.204  4774  4851 I BatteryMgr:DataCollectionService: stats => 1688584404204,-265196,4254
07-05 15:13:24.226  4774  4851 I BatteryMgr:DataCollectionService: stats => 1688584404226,-265196,4254
07-05 15:13:24.248  4774  4851 I BatteryMgr:DataCollectionService: stats => 1688584404247,-265196,4254
07-05 15:13:24.272  4774  4851 I BatteryMgr:DataCollectionService: stats => 1688584404272,-265196,4254
07-05 15:13:24.294  4774  4851 I BatteryMgr:DataCollectionService: stats => 1688584404294,-265196,4254
07-05 15:13:24.317  4774  4851 I BatteryMgr:DataCollectionService: stats => 1688584404316,-265196,4254
07-05 15:13:24.341  4774  4851 I BatteryMgr:DataCollectionService: stats => 1688584404341,-265196,4254
07-05 15:13:24.363  4774  4851 I BatteryMgr:DataCollectionService: stats => 1688584404363,-265196,4254
07-05 15:13:24.387  4774  4851 I BatteryMgr:DataCollectionService: stats => 1688584404387,-265196,4254
07-05 15:13:24.408  4774  4851 I BatteryMgr:DataCollectionService: stats => 1688584404408,-265196,4254
07-05 15:13:24.430  4774  4851 I BatteryMgr:DataCollectionService: stats => 1688584404430,-265196,4254
07-05 15:13:24.453  4774  4851 I BatteryMgr:DataCollectionService: stats => 1688584404452,-265196,4254
07-05 15:13:24.475  4774  4851 I BatteryMgr:DataCollectionService: stats => 1688584404474,-265196,4254
07-05 15:13:24.497  4774  4851 I BatteryMgr:DataCollectionService: stats => 1688584404497,-265196,4254
07-05 15:13:24.520  4774  4851 I BatteryMgr:DataCollectionService: stats => 1688584404520,-265196,4254
07-05 15:13:24.543  4774  4851 I BatteryMgr:DataCollectionService: stats => 1688584404543,-265196,4254
07-05 15:13:24.566  4774  4851 I BatteryMgr:DataCollectionService: stats => 1688584404565,-265196,4254
07-05 15:13:24.591  4774  4851 I BatteryMgr:DataCollectionService: stats => 1688584404591,-265196,4254
07-05 15:13:24.614  4774  4851 I BatteryMgr:DataCollectionService: stats => 1688584404613,-265196,4254
07-05 15:13:24.638  4774  4851 I BatteryMgr:DataCollectionService: stats => 1688584404638,-265196,4254
07-05 15:13:24.660  4774  4851 I BatteryMgr:DataCollectionService: stats => 1688584404660,-265196,4254
07-05 15:13:24.683  4774  4851 I BatteryMgr:DataCollectionService: stats => 1688584404682,-265196,4254
07-05 15:13:24.705  4774  4851 I BatteryMgr:DataCollectionService: stats => 1688584404705,-265196,4254
07-05 15:13:24.729  4774  4851 I BatteryMgr:DataCollectionService: stats => 1688584404728,-265196,4254
07-05 15:13:24.753  4774  4851 I BatteryMgr:DataCollectionService: stats => 1688584404753,-265196,4254
07-05 15:13:24.770  4774  4851 I BatteryMgr:DataCollectionService: stats => 1688584404769,-265196,4254
07-05 15:13:24.787  4774  4851 I BatteryMgr:DataCollectionService: stats => 1688584404787,-265196,4254
07-05 15:13:24.804  4774  4851 I BatteryMgr:DataCollectionService: stats => 1688584404804,-265196,4254
07-05 15:13:24.824  4774  4851 I BatteryMgr:DataCollectionService: stats => 1688584404823,-265196,4254
07-05 15:13:24.851  4774  4851 I BatteryMgr:DataCollectionService: stats => 1688584404851,-265196,4254
07-05 15:13:24.871  4774  4851 I BatteryMgr:DataCollectionService: stats => 1688584404871,-265196,4254
07-05 15:13:24.891  4774  4851 I BatteryMgr:DataCollectionService: stats => 1688584404891,-265196,4254
07-05 15:13:24.913  4774  4851 I BatteryMgr:DataCollectionService: stats => 1688584404912,-265196,4254
07-05 15:13:24.935  4774  4851 I BatteryMgr:DataCollectionService: stats => 1688584404934,-265196,4254
07-05 15:13:24.957  4774  4851 I BatteryMgr:DataCollectionService: stats => 1688584404957,-265196,4254
07-05 15:13:24.985  4774  4851 I BatteryMgr:DataCollectionService: stats => 1688584404985,-265196,4254
07-05 15:13:25.003  4774  4851 I BatteryMgr:DataCollectionService: stats => 1688584405003,-265196,4254
07-05 15:13:25.021  4774  4851 I BatteryMgr:DataCollectionService: stats => 1688584405021,-265196,4254
07-05 15:13:25.039  4774  4851 I BatteryMgr:DataCollectionService: stats => 1688584405039,-265196,4254
07-05 15:13:25.055  4774  4851 I BatteryMgr:DataCollectionService: stats => 1688584405055,-265196,4254
07-05 15:13:25.071  4774  4851 I BatteryMgr:DataCollectionService: stats => 1688584405071,-265196,4254
07-05 15:13:25.088  4774  4851 I BatteryMgr:DataCollectionService: stats => 1688584405087,-265196,4254
07-05 15:13:25.103  4774  4851 I BatteryMgr:DataCollectionService: stats => 1688584405103,-265196,4254
07-05 15:13:25.119  4774  4851 I BatteryMgr:DataCollectionService: stats => 1688584405119,-265196,4254
07-05 15:13:25.135  4774  4851 I BatteryMgr:DataCollectionService: stats => 1688584405134,-265196,4254
