07-04 22:08:30.945 11984 11984 E adbd    : recv: OPEN 00009816 00000000 003a:73 68 65 6C 6C 2C 76 32 2C 54 45 52 4D 3D 73 63 72 65 65 6E 2C 72 61 77 3A 67 65 74 70 72 6F 70 20 72 6F 2E 62 75 69 6C 64 2E 76 65 72 73 69 6F 6E 2E 72 65 6C 65 61 73 65 00 
07-04 22:08:30.945 11984 11984 E adbd    : service_to_fd: shell,v2,TERM=screen,raw:getprop ro.build.version.release
07-04 22:08:31.031 11984 11984 E adbd    : recv: OPEN 00009819 00000000 0036:73 68 65 6C 6C 2C 76 32 2C 54 45 52 4D 3D 73 63 72 65 65 6E 2C 72 61 77 3A 67 65 74 70 72 6F 70 20 72 6F 2E 62 75 69 6C 64 2E 76 65 72 73 69 6F 6E 2E 73 64 6B 00 
07-04 22:08:31.031 11984 11984 E adbd    : service_to_fd: shell,v2,TERM=screen,raw:getprop ro.build.version.sdk
07-04 22:08:31.130  3434  3434 I android.hardware.wifi@1.0-service: getLinkLayerStats
07-04 22:08:31.144 11984 11984 E adbd    : recv: OPEN 0000981c 00000000 0036:73 68 65 6C 6C 2C 76 32 2C 54 45 52 4D 3D 73 63 72 65 65 6E 2C 72 61 77 3A 61 6D 20 66 6F 72 63 65 2D 73 74 6F 70 20 65 2E 77 77 77 2E 62 61 73 65 6C 69 6E 65 00 
07-04 22:08:31.145 11984 11984 E adbd    : service_to_fd: shell,v2,TERM=screen,raw:am force-stop e.www.baseline
07-04 22:08:31.243  3957  4637 I ActivityManager: Force stopping e.www.baseline appid=10164 user=0: from pid 21311
07-04 22:08:31.244  3957  4637 I ActivityManager: Killing 21212:e.www.baseline/u0a164 (adj 0): stop e.www.baseline,from pid 21311
07-04 22:08:31.245  3957  4637 W ActivityManager: Force removing ActivityRecord{8a3f85b u0 e.www.baseline/.MainActivity t94}: app died, no saved state
07-04 22:08:31.252  3957  4637 D InputDispatcher: Focus left window: 21212
07-04 22:08:31.254  3957  4637 I WindowManager: Failed to capture screenshot of Token{4dea8f8 ActivityRecord{8a3f85b u0 e.www.baseline/.MainActivity t94 f}} appWin=Window{51b72 u0 e.www.baseline/e.www.baseline.MainActivity} drawState=4
07-04 22:08:31.255  3957  4637 I WindowManager: Destroying surface Surface(name=e.www.baseline/e.www.baseline.MainActivity) called by com.android.server.wm.WindowStateAnimator.destroySurface:2501 com.android.server.wm.WindowStateAnimator.destroySurfaceLocked:985 com.android.server.wm.WindowState.removeImmediately:2403 com.android.server.wm.WindowState.removeIfPossible:2602 com.android.server.wm.WindowState.removeIfPossible:2432 com.android.server.wm.WindowToken.removeAllWindowsIfPossible:143 com.android.server.wm.AppWindowToken.removeIfPossible:606 com.android.server.wm.AppWindowToken.onRemovedFromDisplay:674 
07-04 22:08:31.255  3445  3486 I SurfaceFlinger: id=338 Removed e.www.baseline/e.www.baseline.MainActivity#0 (2/4)
07-04 22:08:31.256  3445  3486 I SurfaceFlinger: id=338 Removed e.www.baseline/e.www.baseline.MainActivity#0 (-2/4)
07-04 22:08:31.261  3957  4637 D InputDispatcher: Focused application released
07-04 22:08:31.262  3445  3445 I Layer   : id=338 onRemoved e.www.baseline/e.www.baseline.MainActivity#0 
07-04 22:08:31.266  3445  3445 I SurfaceFlinger: Display 0 HWC layers:
07-04 22:08:31.266  3445  3445 I SurfaceFlinger:     type    |    handle    | flag |  format   |   source crop (l,t,r,b)    |         frame       | name 
07-04 22:08:31.266  3445  3445 I SurfaceFlinger: ------------+--------------+------+-----------+----------------------------+---------------------+------
07-04 22:08:31.266  3445  3445 I SurfaceFlinger:      Device | 0x709a54d500 | 0000 | RGBA_8888 |   0.0    0.0  720.0   42.0 |    0    0  720   42 | StatusBar#0
07-04 22:08:31.266  3445  3445 I SurfaceFlinger: 
07-04 22:08:31.269  3957  4637 D CustomFrequencyManagerService: acquireDVFSLockLocked : type : DVFS_MIN_LIMIT  frequency : 1560000  uid : 1000  pid : 3957  pkgName : AMS_ACT_RESUME@CPU_MIN@8
07-04 22:08:31.272  3957  4637 D ActivityManagerPerformance: AMP_acquire() ACT_RESUME
07-04 22:08:31.272  3957  4637 D ActivityManager: isScaleDownAnimationEnabled() : false
07-04 22:08:31.273  3957  4637 D PersonaManagerService: Current focused persona service handled id set to : 0
07-04 22:08:31.273  3957  4637 D InputDispatcher: Focused application set to: xxxx
07-04 22:08:31.276  3957  4202 D GameManagerService: handleForegroundChange(). pkgName: com.example.batterymanager_utility, clsName: com.example.batterymanager_utility.MainActivity,FgActivityName:com.example.batterymanager_utility/.MainActivity
07-04 22:08:31.276  3957  4637 D MARsPolicyManager: onPackageResumedFG pkgName = com.example.batterymanager_utility, userId = 0
07-04 22:08:31.276  3957  4202 D GameManagerService: sem_perfomance_mode: 3
07-04 22:08:31.277  3957  4202 D GameManagerService: notifyResumePause(). pkg: com.example.batterymanager_utility, type: 4, isMinimized: false, isTunableApp: false
07-04 22:08:31.277  3957  4202 D GameManagerService:   notifyResumePause(). unexpected mPrevNotiType: -1
07-04 22:08:31.282  3957  8149 V WindowManager: Relayout Window{e22b647 u0 com.example.batterymanager_utility/com.example.batterymanager_utility.MainActivity}: viewVisibility=4 req=720x1280 WM.LayoutParams{(0,0)(fillxfill) sim=#120 ty=1 fl=#81810100 pfl=0x20000 wanim=0x10302fd vsysui=0x600 needsMenuKey=2 colorMode=0 naviIconColor=0}
07-04 22:08:31.283  3957  3957 D SamsungAlarmManager: Remove alarm for next reason : android.intent.action.PACKAGE_RESTARTED : package: e.www.baseline
07-04 22:08:31.288 21168 21168 D ViewRootImpl@b252f27[MainActivity]: Relayout returned: old=[0,0][720,1280] new=[0,0][720,1280] result=0x1 surface={valid=false 0} changed=false
07-04 22:08:31.290  3957  3972 W BroadcastQueue: Background execution not allowed: receiving Intent { act=android.intent.action.PACKAGE_RESTARTED dat=package:e.www.baseline flg=0x10 (has extras) } to android/com.kddi.android.CpaNotiReceiver
07-04 22:08:31.290  4604  4604 D CarrierSvcBindHelper: No carrier app for: 0
07-04 22:08:31.291  3957  3972 W BroadcastQueue: Background execution not allowed: receiving Intent { act=android.intent.action.PACKAGE_RESTARTED dat=package:e.www.baseline flg=0x10 (has extras) } to com.sec.android.daemonapp/com.samsung.android.weather.daemon.receiver.ClearDataReceiver
07-04 22:08:31.291  4604  4604 D CarrierSvcBindHelper: No carrier app for: 1
07-04 22:08:31.292  3957  6532 D GamePkgDataHelper: getGamePkgDataIncServer(). com.example.batterymanager_utility
07-04 22:08:31.293  3957  6532 D GameManagerService: identifyGamePackage. com.example.batterymanager_utility
07-04 22:08:31.293  3957  6532 D GamePkgDataHelper: getGamePkgData(). com.example.batterymanager_utility
07-04 22:08:31.293  3957  6532 D GamePkgDataHelper: getSosPolicy(). com.example.batterymanager_utility
07-04 22:08:31.294  3957  6532 D GameManagerService: identifyGamePackage. com.example.batterymanager_utility
07-04 22:08:31.294  3957  6532 D GamePkgDataHelper: getGamePkgData(). com.example.batterymanager_utility
07-04 22:08:31.294  3957  6532 D GameManagerService: identifyGamePackage. com.example.batterymanager_utility
07-04 22:08:31.295  3957  6532 D GamePkgDataHelper: getGamePkgData(). com.example.batterymanager_utility
07-04 22:08:31.295  3957  8149 D ActivityManager: post active user change for 0 fullscreen true isHomeActivity() false
07-04 22:08:31.296  3957  6532 D GameManagerService: identifyGamePackage. com.example.batterymanager_utility
07-04 22:08:31.296  3957  6532 D GamePkgDataHelper: getGamePkgData(). com.example.batterymanager_utility
07-04 22:08:31.299  3957  8149 V WindowManager: Relayout Window{e22b647 u0 com.example.batterymanager_utility/com.example.batterymanager_utility.MainActivity}: viewVisibility=0 req=720x1280 WM.LayoutParams{(0,0)(fillxfill) sim=#120 ty=1 fl=#81810100 pfl=0x20000 wanim=0x10302fd vsysui=0x600 needsMenuKey=2 colorMode=0 naviIconColor=0}
07-04 22:08:31.299  3445  3445 I SurfaceFlinger: id=339 createSurf (720x1280),1 flag=404, com.example.batterymanager_utility/com.example.batterymanager_utility.MainActivity#0
07-04 22:08:31.300  3957  8149 V Surface : sf_framedrop debug : 0x4f4c, game : false, logging : 0
07-04 22:08:31.301  3957  3973 D WindowManager: set systemUiVisibility : systemUiFlags= 0x608 fullscreenStackSysUiFlags= 0x0
07-04 22:08:31.303  3957  8149 D InputDispatcher: Focus entered window: 21168
07-04 22:08:31.306 21168 21168 V Surface : sf_framedrop debug : 0x4f4c, game : false, logging : 0
07-04 22:08:31.308 21168 21168 D ViewRootImpl@b252f27[MainActivity]: Relayout returned: old=[0,0][720,1280] new=[0,0][720,1280] result=0x7 surface={valid=true 530218049536} changed=true
07-04 22:08:31.309  4334  4334 D InputEventReceiver: channel 'ClientState{a9aec40 uid 10164 pid 21212} (client)' ~ Disposing input event receiver.
07-04 22:08:31.309  3957  3984 W ActivityManager: setHasOverlayUi called on unknown pid: 21212
07-04 22:08:31.309  4334  4334 D InputEventReceiver: channel 'ClientState{a9aec40 uid 10164 pid 21212} (client)' ~NativeInputEventReceiver.
07-04 22:08:31.313 21168 21186 D mali_winsys: EGLint new_window_surface(egl_winsys_display *, void *, EGLSurface, EGLConfig, egl_winsys_surface **, egl_color_buffer_format *, EGLBoolean) returns 0x3000,  [720x1280]-format:1
07-04 22:08:31.314 21168 21186 D OpenGLRenderer: eglCreateWindowSurface = 0x7b678cffc0
07-04 22:08:31.316 21168 21168 D ViewRootImpl@b252f27[MainActivity]: MSG_WINDOW_FOCUS_CHANGED 1
07-04 22:08:31.317 21168 21168 V InputMethodManager: Starting input: tba=android.view.inputmethod.EditorInfo@29894d6 nm : com.example.batterymanager_utility ic=null
07-04 22:08:31.317 21168 21168 I InputMethodManager: startInputInner - mService.startInputOrWindowGainedFocus
07-04 22:08:31.318  3957  5333 D InputMethodManagerService: startInputOrWindowGainedFocus : windowGainedFocus 
07-04 22:08:31.318  3957  5333 D InputMethodManagerService: windowGainedFocus: destinationUserId (getCallingUid) = 0
07-04 22:08:31.318  3957  5333 D InputMethodManagerService: windowGainedFocus: currentUserId=0
07-04 22:08:31.318  3957  5333 D InputMethodManagerService: windowGainedFocus: mCurrentFocusedUserId=0
07-04 22:08:31.318  3957  5333 D InputMethodManagerService: windowGainedFocus : lock - currentUserId = 0 destinationUserId = 0
07-04 22:08:31.318  3957  5333 D InputMethodManagerService: windowGainedFocus : mCurrentFocusedUserId - 0 and mSecureKeypadEnabled - false, userSwitched - false
07-04 22:08:31.318  3957  5333 V InputMethodManagerService: windowGainedFocus : reason=WINDOW_FOCUS_GAIN client=android.os.BinderProxy@5a96e61 inputContext=null missingMethods= attribute=android.view.inputmethod.EditorInfo@e5ffd04 nm = com.example.batterymanager_utility controlFlags=#105 softInputMode=#120 windowFlags=#81810100
07-04 22:08:31.318  3957  5333 V InputMethodManagerService: hideCurrentInputLocked : shouldHideSoftInput is false
07-04 22:08:31.318  3957  5333 D InputMethodManagerService: setCurrentInputInfo - inputContext : null eidtorInfo : android.view.inputmethod.EditorInfo@e5ffd04 missingMethods : 0
07-04 22:08:31.319  4334  4334 I InputMethodWrapper:  call dispatchStartInputWithToken
07-04 22:08:31.319  4334  4334 I InputMethodService: dispatchStartInputWithToken
07-04 22:08:31.319  4334  4334 I SKBD    : SamsungKeypad [IMI] onStartInput - caller pid : 21212, caller uid : 10164
07-04 22:08:31.348  3957  8149 V WindowManager: finishDrawingLocked: mDrawState=COMMIT_DRAW_PENDING Window{e22b647 u0 com.example.batterymanager_utility/com.example.batterymanager_utility.MainActivity} in Surface(name=com.example.batterymanager_utility/com.example.batterymanager_utility.MainActivity)
07-04 22:08:31.361  4339  4362 D SystemServicesProxy: updateOverviewLastStackActiveTimeAsync: newTime=1688500148333
07-04 22:08:31.362  3957  5336 D SecContentProvider: query(), uri = 17 selection = isSettingsChangesAllowed
07-04 22:08:31.362  3957  5336 D SecContentProvider: called from android.uid.systemui:10009
07-04 22:08:31.363  4339  4656 D SystemServicesProxy: updateOverviewLastStackActiveTimeAsync: done.
07-04 22:08:31.364  3957  5333 D PackageManager: getComponentMetadataForIconTray : e.www.baseline.MainActivity does not exist in mServices
07-04 22:08:31.364  3957  5333 D PackageManager: getComponentMetadataForIconTray : e.www.baseline.MainActivity does not exist in mProviders
07-04 22:08:31.364  3957  5333 D PackageManager: getComponentMetadataForIconTray : e.www.baseline.MainActivity does not exist in mReceivers
07-04 22:08:31.365  3445  3445 I SurfaceFlinger: id=340 createSurf (720x1280),-1 flag=20004, com.example.batterymanager_utility/com.example.batterymanager_utility.MainActivity_dim#0
07-04 22:08:31.365  4339  4362 D ApplicationPackageManager: updateItemMetaDataForFixedIconScale: package: e.www.baseline
07-04 22:08:31.366  3957  5333 D PackageManager: getSelectedMetaData : packageName(e.www.baseline) or Metadata strings {[Ljava.lang.String;@7e8916e}
07-04 22:08:31.366  4339  4362 I ApplicationPackageManager: return adaptive icon for e.www.baseline
07-04 22:08:31.385  3445  3445 I SurfaceFlinger: Display 0 HWC layers:
07-04 22:08:31.385  3445  3445 I SurfaceFlinger:     type    |    handle    | flag |  format   |   source crop (l,t,r,b)    |         frame       | name 
07-04 22:08:31.385  3445  3445 I SurfaceFlinger: ------------+--------------+------+-----------+----------------------------+---------------------+------
07-04 22:08:31.385  3445  3445 I SurfaceFlinger:      Client |              | 0000 |  Unknown  |  -0.2   -0.2   -0.8   -0.8 |    0    0  720 1280 | animation background stackId=1#0
07-04 22:08:31.385  3445  3445 I SurfaceFlinger:      Client | 0x70980870c0 | 0002 | RGBA_8888 |   0.0    0.0   31.0 1280.0 |  689    0  720 1280 | com.example.batterymanager_utility/c[...]atterymanager_utility.MainActivity#0
07-04 22:08:31.385  3445  3445 I SurfaceFlinger:      Device | 0x709a54d500 | 0000 | RGBA_8888 |   0.0    0.0  720.0   42.0 |    0    0  720   42 | StatusBar#0
07-04 22:08:31.385  3445  3445 I SurfaceFlinger: 
07-04 22:08:31.401  3445  3445 I SurfaceFlinger: Display 0 HWC layers:
07-04 22:08:31.401  3445  3445 I SurfaceFlinger:     type    |    handle    | flag |  format   |   source crop (l,t,r,b)    |         frame       | name 
07-04 22:08:31.401  3445  3445 I SurfaceFlinger: ------------+--------------+------+-----------+----------------------------+---------------------+------
07-04 22:08:31.401  3445  3445 I SurfaceFlinger:      Client |              | 0000 |  Unknown  |   0.0    0.0   -1.0   -1.0 |    0    0  720 1280 | com.example.batterymanager_utility/c[...]rymanager_utility.MainActivity_dim#0
07-04 22:08:31.401  3445  3445 I SurfaceFlinger:      Client |              | 0000 |  Unknown  |  -0.2   -0.2   -0.8   -0.8 |    0    0  720 1280 | animation background stackId=1#0
07-04 22:08:31.401  3445  3445 I SurfaceFlinger:      Client | 0x70980870c0 | 0002 | RGBA_8888 |   0.0    0.0   67.0 1280.0 |  653    0  720 1280 | com.example.batterymanager_utility/c[...]atterymanager_utility.MainActivity#0
07-04 22:08:31.401  3445  3445 I SurfaceFlinger:      Device | 0x709a54d500 | 0000 | RGBA_8888 |   0.0    0.0  720.0   42.0 |    0    0  720   42 | StatusBar#0
07-04 22:08:31.401  3445  3445 I SurfaceFlinger: 
07-04 22:08:31.424  3957  4085 D MdnieScenarioControlService:  packageName : com.example.batterymanager_utility    className : com.example.batterymanager_utility.MainActivity
07-04 22:08:31.424  3957  4085 V MdnieScenarioControlService: setUIMode from UI function(3)
07-04 22:08:31.751  3445  3445 I SurfaceFlinger: Display 0 HWC layers:
07-04 22:08:31.751  3445  3445 I SurfaceFlinger:     type    |    handle    | flag |  format   |   source crop (l,t,r,b)    |         frame       | name 
07-04 22:08:31.751  3445  3445 I SurfaceFlinger: ------------+--------------+------+-----------+----------------------------+---------------------+------
07-04 22:08:31.751  3445  3445 I SurfaceFlinger:      Device | 0x70980870c0 | 0002 | RGBA_8888 |   0.0    0.0  720.0 1280.0 |    0    0  720 1280 | com.example.batterymanager_utility/c[...]atterymanager_utility.MainActivity#0
07-04 22:08:31.751  3445  3445 I SurfaceFlinger:      Device | 0x709a54d500 | 0000 | RGBA_8888 |   0.0    0.0  720.0   42.0 |    0    0  720   42 | StatusBar#0
07-04 22:08:31.751  3445  3445 I SurfaceFlinger: 
07-04 22:08:31.765  3957  4024 I WindowManager: Destroying surface Surface(name=com.example.batterymanager_utility/com.example.batterymanager_utility.MainActivity_dim) called by com.android.server.wm.WindowStateAnimator.destroyTransitionDimSurface:2733 com.android.server.wm.WindowState.onExitAnimationDone:5243 com.android.server.wm.AppWindowAnimator.stepAnimationLocked:508 com.android.server.wm.AppWindowToken.stepAppWindowsAnimation:1659 com.android.server.wm.WindowContainer.stepAppWindowsAnimation:521 com.android.server.wm.WindowContainer.stepAppWindowsAnimation:521 com.android.server.wm.TaskStack.stepAppWindowsAnimation:1948 com.android.server.wm.WindowContainer.stepAppWindowsAnimation:521 
07-04 22:08:31.766  3445  3766 I SurfaceFlinger: id=340 Removed com.example.batterymanager_utility/com.example.batterymanager_utility.MainActivity_dim#0 (1/5)
07-04 22:08:31.766  3445  4661 I SurfaceFlinger: id=340 Removed com.example.batterymanager_utility/com.example.batterymanager_utility.MainActivity_dim#0 (-2/5)
07-04 22:08:31.767  3957  3984 D CustomFrequencyManagerService: releaseDVFSLockLocked : Getting Lock type frm List : DVFS_MIN_LIMIT  frequency : 1560000  uid : 1000  pid : 3957  tag : AMS_ACT_RESUME@CPU_MIN@8
07-04 22:08:31.768  3957  3984 D ActivityManagerPerformance: AMP_release() ACT_RESUME
07-04 22:08:31.782  3445  3445 I Layer   : id=340 onRemoved com.example.batterymanager_utility/com.example.batterymanager_utility.MainActivity_dim#0 
07-04 22:08:31.866  4339  4696 D NetworkController.MobileSignalController(0/-2): onSignalStrengthsChanged signalStrength=SignalStrength: 7 99 -7 -200 -7 -200 -1 0 2147483647 2147483647 2147483647 2147483647 0 2147483647 0x3 P gsm|lte level=3
07-04 22:08:31.867  4339  4696 D NetworkController.MobileSignalController(0/-2): getMobileIconGroup(): 0
07-04 22:08:31.875  4339  4339 E SignalClusterView: setSlotFocusVisible : subId -2
07-04 22:08:31.875  4339  4339 E SignalClusterView: setSlotFocusVisible : subId -2
07-04 22:08:32.100 19206 21316 I wao     : Launching job OfflineSearchIndexingJob
07-04 22:08:32.101 19206 21316 I waa     : Starting Job(OfflineSearchIndexingJob#0.71) (priority=0)
07-04 22:08:32.105 19206 21314 I wnp     : Job(OfflineSearchIndexingJob#0.71) Started new READ_ONLY transaction readtx70 [readDatabaseResultsToIndex]
07-04 22:08:32.116 19206 19261 I wnp     : Closing transaction readtx70 [readDatabaseResultsToIndex]: Stats[1 Reads (rows: 1)]
07-04 22:08:32.119 19206 21315 I mqc     : Job(OfflineSearchIndexingJob#0.71) Already caught up to the current max write_sequence_id
07-04 22:08:32.119 19206 21315 I mqc     : Job(OfflineSearchIndexingJob#0.71) Scheduling next offline search indexing in 60000 ms
07-04 22:08:32.121 19206 21315 I waa     : Job(OfflineSearchIndexingJob#0.71) Finished Job(OfflineSearchIndexingJob#0.71) (19 ms)
07-04 22:08:33.249  3957  3957 D PreBindingService: handleMessage : 1
07-04 22:08:33.865  4943  4943 D io_stats: !@ 179,0 r 86897 3193660 w 35205 694208 d 3325 225208 f 9172 9451 iot 57240 46516 th 51200 0 0 pt 0 inp 0 0 6508.803
07-04 22:08:34.148  3434  3434 I android.hardware.wifi@1.0-service: getLinkLayerStats
07-04 22:08:34.402 11984 11984 E adbd    : recv: OPEN 0000981f 00000000 003a:73 68 65 6C 6C 2C 76 32 2C 54 45 52 4D 3D 73 63 72 65 65 6E 2C 72 61 77 3A 67 65 74 70 72 6F 70 20 72 6F 2E 62 75 69 6C 64 2E 76 65 72 73 69 6F 6E 2E 72 65 6C 65 61 73 65 00 
07-04 22:08:34.403 11984 11984 E adbd    : service_to_fd: shell,v2,TERM=screen,raw:getprop ro.build.version.release
07-04 22:08:34.495 11984 11984 E adbd    : recv: OPEN 00009822 00000000 0036:73 68 65 6C 6C 2C 76 32 2C 54 45 52 4D 3D 73 63 72 65 65 6E 2C 72 61 77 3A 67 65 74 70 72 6F 70 20 72 6F 2E 62 75 69 6C 64 2E 76 65 72 73 69 6F 6E 2E 73 64 6B 00 
07-04 22:08:34.495 11984 11984 E adbd    : service_to_fd: shell,v2,TERM=screen,raw:getprop ro.build.version.sdk
07-04 22:08:34.605 11984 11984 E adbd    : recv: OPEN 00009825 00000000 004a:73 68 65 6C 6C 2C 76 32 2C 54 45 52 4D 3D 73 63 72 65 65 6E 2C 72 61 77 3A 61 6D 20 66 6F 72 63 65 2D 73 74 6F 70 20 63 6F 6D 2E 65 78 61 6D 70 6C 65 2E 62 61 74 74 65 72 79 6D 61 6E 61 67 65 72 5F 75 74 69 6C 69 74 79 00 
07-04 22:08:34.605 11984 11984 E adbd    : service_to_fd: shell,v2,TERM=screen,raw:am force-stop com.example.batterymanager_utility
07-04 22:08:34.700  3957  5333 I ActivityManager: Force stopping com.example.batterymanager_utility appid=10168 user=0: from pid 21324
07-04 22:08:34.701  3957  5333 I ActivityManager: Killing 21168:com.example.batterymanager_utility/u0a168 (adj 0): stop com.example.batterymanager_utility,from pid 21324
07-04 22:08:34.703  3957  5333 W ActivityManager: Force removing ActivityRecord{fee00a u0 com.example.batterymanager_utility/.MainActivity t93}: app died, no saved state
07-04 22:08:34.710  3957  5333 D InputDispatcher: Focus left window: 21168
07-04 22:08:34.712  3957  5333 I WindowManager: Failed to capture screenshot of Token{684a07b ActivityRecord{fee00a u0 com.example.batterymanager_utility/.MainActivity t93 f}} appWin=Window{e22b647 u0 com.example.batterymanager_utility/com.example.batterymanager_utility.MainActivity} drawState=4
07-04 22:08:34.712  3957  5333 D TaskSnapshotCache: removeRunningEntry taskId=93 RunningCache size=0
07-04 22:08:34.713  3957  5333 I WindowManager: Destroying surface Surface(name=com.example.batterymanager_utility/com.example.batterymanager_utility.MainActivity) called by com.android.server.wm.WindowStateAnimator.destroySurface:2501 com.android.server.wm.WindowStateAnimator.destroySurfaceLocked:985 com.android.server.wm.WindowState.removeImmediately:2403 com.android.server.wm.WindowState.removeIfPossible:2602 com.android.server.wm.WindowState.removeIfPossible:2432 com.android.server.wm.WindowToken.removeAllWindowsIfPossible:143 com.android.server.wm.AppWindowToken.removeIfPossible:606 com.android.server.wm.AppWindowToken.onRemovedFromDisplay:674 
07-04 22:08:34.713  3445  3766 I SurfaceFlinger: id=339 Removed com.example.batterymanager_utility/com.example.batterymanager_utility.MainActivity#0 (1/4)
07-04 22:08:34.714  3445  3766 I SurfaceFlinger: id=339 Removed com.example.batterymanager_utility/com.example.batterymanager_utility.MainActivity#0 (-2/4)
07-04 22:08:34.717  3445  3445 I Layer   : id=339 onRemoved com.example.batterymanager_utility/com.example.batterymanager_utility.MainActivity#0 
07-04 22:08:34.719  3957  5333 D InputDispatcher: Focused application released
07-04 22:08:34.720  3957  5333 W MultiScreenManagerService: moveTaskBackToDisplayIfNeeded(): root activity or app is null, task=TaskRecord{b46e235d0 #93 A=com.example.batterymanager_utility U=0 StackId=1 sz=0}, rootActivity=null
07-04 22:08:34.721  3957  3957 D MdnieScenarioControlService: Listener Real Multi Window State : true
07-04 22:08:34.724  3445  3445 I SurfaceFlinger: Display 0 HWC layers:
07-04 22:08:34.724  3445  3445 I SurfaceFlinger:     type    |    handle    | flag |  format   |   source crop (l,t,r,b)    |         frame       | name 
07-04 22:08:34.724  3445  3445 I SurfaceFlinger: ------------+--------------+------+-----------+----------------------------+---------------------+------
07-04 22:08:34.724  3445  3445 I SurfaceFlinger:      Device | 0x709a54c6c0 | 0000 | RGBA_8888 |   0.0    0.0  720.0   42.0 |    0    0  720   42 | StatusBar#0
07-04 22:08:34.724  3445  3445 I SurfaceFlinger: 
07-04 22:08:34.731  3445  3766 I SurfaceFlinger: id=337 Removed animation background stackId=1#0 (1/3)
07-04 22:08:34.731  3445  3766 I SurfaceFlinger: id=337 Removed animation background stackId=1#0 (-2/3)
07-04 22:08:34.733  3445  3445 I Layer   : id=337 onRemoved animation background stackId=1#0 
07-04 22:08:34.736  3957  5333 D CustomFrequencyManagerService: acquireDVFSLockLocked : type : DVFS_MIN_LIMIT  frequency : 1560000  uid : 1000  pid : 3957  pkgName : AMS_APP_HOME@CPU_MIN@70
07-04 22:08:34.739  3957  5333 D ActivityManagerPerformance: AMP_acquire() HOME
07-04 22:08:34.740  3957  5333 D PersonaManagerService: Current focused persona service handled id set to : 0
07-04 22:08:34.740  3957  5333 D InputDispatcher: Focused application set to: xxxx
07-04 22:08:34.743  3957  5333 V WindowManager: rotationForOrientationLw(orient=5, last=0); user=0  sensorRotation=-1 mLidState=-1 mDockMode=0 mHdmiPlugged=false
07-04 22:08:34.745  3957  5333 D MARsPolicyManager: onPackageResumedFG pkgName = com.sec.android.app.launcher, userId = 0
07-04 22:08:34.745  3957  4202 D GameManagerService: handleForegroundChange(). pkgName: com.sec.android.app.launcher, clsName: com.android.launcher3.Launcher,FgActivityName:com.sec.android.app.launcher/com.android.launcher3.Launcher
07-04 22:08:34.745  3957  4202 D GameManagerService: sem_perfomance_mode: 3
07-04 22:08:34.745  3957  4202 D GameManagerService: notifyResumePause(). pkg: com.sec.android.app.launcher, type: 4, isMinimized: false, isTunableApp: false
07-04 22:08:34.745  3957  4202 D GameManagerService:   notifyResumePause(). unexpected mPrevNotiType: -1
07-04 22:08:34.750  5317  5317 I Launcher: onWindowVisibilityChanged : false
07-04 22:08:34.751  3957  5333 V WindowManager: Relayout Window{1046e98 u0 com.sec.android.app.launcher/com.sec.android.app.launcher.activities.LauncherActivity}: viewVisibility=4 req=720x1280 WM.LayoutParams{(0,0)(fillxfill) sim=#130 ty=1 fl=#81910d00 pfl=0x20000 fmt=-2 wanim=0x10302ea vsysui=0x700 needsMenuKey=2 colorMode=0 naviIconColor=0}
07-04 22:08:34.752  3957  3957 D SamsungAlarmManager: Remove alarm for next reason : android.intent.action.PACKAGE_RESTARTED : package: com.example.batterymanager_utility
07-04 22:08:34.755  5317  5317 D ViewRootImpl@f4e87c7[LauncherActivity]: Relayout returned: old=[0,0][720,1280] new=[0,0][720,1280] result=0x1 surface={valid=false 0} changed=false
07-04 22:08:34.756  5317  5317 D HomeContainer: setAlpha : 1.0
07-04 22:08:34.756  4604  4604 D CarrierSvcBindHelper: No carrier app for: 0
07-04 22:08:34.757  4604  4604 D CarrierSvcBindHelper: No carrier app for: 1
07-04 22:08:34.757  3957  3972 W BroadcastQueue: Background execution not allowed: receiving Intent { act=android.intent.action.PACKAGE_RESTARTED dat=package:com.example.batterymanager_utility flg=0x10 (has extras) } to android/com.kddi.android.CpaNotiReceiver
07-04 22:08:34.758  3957  3972 W BroadcastQueue: Background execution not allowed: receiving Intent { act=android.intent.action.PACKAGE_RESTARTED dat=package:com.example.batterymanager_utility flg=0x10 (has extras) } to com.sec.android.daemonapp/com.samsung.android.weather.daemon.receiver.ClearDataReceiver
07-04 22:08:34.758  5317  5317 V Launcher: Launcher.onResume()
07-04 22:08:34.759  3957  6532 D GamePkgDataHelper: getGamePkgDataIncServer(). com.sec.android.app.launcher
07-04 22:08:34.760  3957  6532 D GameManagerService: identifyGamePackage. com.sec.android.app.launcher
07-04 22:08:34.760  3957  6532 D GamePkgDataHelper: getGamePkgData(). com.sec.android.app.launcher
07-04 22:08:34.760  3957  6532 D GamePkgDataHelper: getSosPolicy(). com.sec.android.app.launcher
07-04 22:08:34.761  3957  6532 D GameManagerService: identifyGamePackage. com.sec.android.app.launcher
07-04 22:08:34.761  3957  6532 D GamePkgDataHelper: getGamePkgData(). com.sec.android.app.launcher
07-04 22:08:34.762  3957  6532 D GameManagerService: identifyGamePackage. com.sec.android.app.launcher
07-04 22:08:34.762  3957  6532 D GamePkgDataHelper: getGamePkgData(). com.sec.android.app.launcher
07-04 22:08:34.762  3957  6532 D GameManagerService: identifyGamePackage. com.sec.android.app.launcher
07-04 22:08:34.762  3957  6532 D GamePkgDataHelper: getGamePkgData(). com.sec.android.app.launcher
07-04 22:08:34.764  5317  5317 D ExternalRequestQueue: Getting and clearing EXTERNAL_REQUEST_LIST: null
07-04 22:08:34.765  5317  5317 D ExternalMethodQueue: Getting and clearing EXTERNAL_METHOD_LIST: null
07-04 22:08:34.765  5317  5370 I LauncherAppWidgetInfo: reinflateWidgetsIfNecessary, Not required: AppWidget(id=2)
07-04 22:08:34.765  5317  5370 I LauncherAppWidgetInfo: reinflateWidgetsIfNecessary, Not required: AppWidget(id=3)
07-04 22:08:34.765  5317  5317 D Launcher: setHotWordDetection : call requestHotWordDetection true
07-04 22:08:34.765  5317  5317 D NotificationHelpTip: currentTime : 1688501314
07-04 22:08:34.765  5317  5317 D NotificationHelpTip: differentTime165554
07-04 22:08:34.767  5317  5317 D Launcher.HomeController: onResume HomeContainer current alpha = 1.0
07-04 22:08:34.768  5317  5317 D AppsCustomAdapter: notifyUpdate : com.android.launcher3.Launcher@b9c4441
07-04 22:08:34.768  5317  5317 D AppsDragController: needDeferToBind : true , false
07-04 22:08:34.768  5194  5194 I GsaVoiceInteractionSrv: Handling ACTION_START_HOTWORD
07-04 22:08:34.768  5194  5534 I GsaVoiceInteractionSrv: (REDACTED) disregardHotwordSetting: %b
07-04 22:08:34.769  3957  5333 D Notification: allPendingIntents
07-04 22:08:34.769  5194  5534 I GsaVoiceInteractionSrv: Cannot start hotword, hotword has been explicitly disabled.
07-04 22:08:34.769  3957  5333 D Notification: allPendingIntents
07-04 22:08:34.770  5317  5317 D Notification.Badge: [filtered] shouldBeFilteredOut().mTempRanking.canShowBadge[false], [sbn : StatusBarNotification(pkg=com.android.settings user=UserHandle{0} id=6 tag=null key=0|com.android.settings|6|null|1000: Notification(channel=DeviceMaintenanceNoBadge pri=0 contentView=null vibrate=null sound=default defaults=0x1 flags=0x110 color=0xffef815b number=0 vis=PRIVATE semFlags=0x0 semPriority=0 semMissedCount=0))]
07-04 22:08:34.771  5317  5370 D Notification.Badge: LauncherModel:onNotificationFullRefresh() : 1
07-04 22:08:34.771  5317  5370 D Notification.Badge: notificationKey : 0|android|40|null|1000, count : 0, this.count : 1
07-04 22:08:34.771  5317  5370 D Notification.Badge: notificationKey : 0|android|40|null|1000, count : 1, mTotalCount : 1
07-04 22:08:34.771  5317  5370 D Notification.Badge: LauncherModel:onNotificationFullRefresh() not need to update, updatedBadges.remove[android], count : [1]
07-04 22:08:34.774  3957  5333 D ActivityManager: post active user change for 0 fullscreen true isHomeActivity() true
07-04 22:08:34.774  3957  5333 I WallpaperManagerService: switchPersonaWallpaper is called for personaId-0
07-04 22:08:34.775  3957  3957 D WallpaperManagerService:  force update = false; persona id = 0; current user =0; current persona = 0
07-04 22:08:34.775  5317  5317 I Launcher: onWindowVisibilityChanged : true
07-04 22:08:34.777  3957  5333 V WindowManager: Relayout Window{1046e98 u0 com.sec.android.app.launcher/com.sec.android.app.launcher.activities.LauncherActivity}: viewVisibility=0 req=720x1280 WM.LayoutParams{(0,0)(fillxfill) sim=#130 ty=1 fl=#81910d00 pfl=0x20000 fmt=-2 wanim=0x10302ea vsysui=0x700 needsMenuKey=2 colorMode=0 naviIconColor=0}
07-04 22:08:34.779  3445  3445 I SurfaceFlinger: id=341 createSurf (720x1280),1 flag=4, com.sec.android.app.launcher/com.sec.android.app.launcher.activities.LauncherActivity#0
07-04 22:08:34.779  4334  4334 D InputEventReceiver: channel 'ClientState{6ca6fe3 uid 10168 pid 21168} (client)' ~ Disposing input event receiver.
07-04 22:08:34.779  4334  4334 D InputEventReceiver: channel 'ClientState{6ca6fe3 uid 10168 pid 21168} (client)' ~NativeInputEventReceiver.
07-04 22:08:34.780  3957  5333 V Surface : sf_framedrop debug : 0x4f4c, game : false, logging : 0
07-04 22:08:34.780  3957  3973 D WindowManager: set systemUiVisibility : systemUiFlags= 0x708 fullscreenStackSysUiFlags= 0x0
07-04 22:08:34.784  3957  5333 D InputDispatcher: Focus entered window: 5317
07-04 22:08:34.785  3957  8950 D WindowManager: adjustSystemUiVisibilityLw : vis= 0x708
07-04 22:08:34.785  5317  5317 V Surface : sf_framedrop debug : 0x4f4c, game : false, logging : 0
07-04 22:08:34.785  5317  5317 D ViewRootImpl@f4e87c7[LauncherActivity]: Relayout returned: old=[0,0][720,1280] new=[0,0][720,1280] result=0x7 surface={valid=true 530033385472} changed=true
07-04 22:08:34.785  3957  3984 W ActivityManager: setHasOverlayUi called on unknown pid: 21168
07-04 22:08:34.789  5317  5476 D mali_winsys: EGLint new_window_surface(egl_winsys_display *, void *, EGLSurface, EGLConfig, egl_winsys_surface **, egl_color_buffer_format *, EGLBoolean) returns 0x3000,  [720x1280]-format:1
07-04 22:08:34.789  5317  5476 D OpenGLRenderer: eglCreateWindowSurface = 0x7b4bed6ac0
07-04 22:08:34.789  5317  5317 D AppsAdapter: notifyUpdate start : com.android.launcher3.Launcher@b9c4441
07-04 22:08:34.789  5317  5317 D AppsCustomAdapter: no change items
07-04 22:08:34.790  5317  5317 D AppsAdapter: notifyUpdate end : com.android.launcher3.Launcher@b9c4441
07-04 22:08:34.790  5317  5317 D DragLayer: DragLayer dispatchDraw, mIsNaviBarPositionChanged = false, mWillOrientationChange = false
07-04 22:08:34.804  3957  8950 V WindowManager: finishDrawingLocked: mDrawState=COMMIT_DRAW_PENDING Window{1046e98 u0 com.sec.android.app.launcher/com.sec.android.app.launcher.activities.LauncherActivity} in Surface(name=com.sec.android.app.launcher/com.sec.android.app.launcher.activities.LauncherActivity)
07-04 22:08:34.805  5317  5317 D ViewRootImpl@f4e87c7[LauncherActivity]: MSG_WINDOW_FOCUS_CHANGED 1
07-04 22:08:34.805  4339  4709 D WallpaperService: dispatchAppVisibility onVisibilityChanged(): true
07-04 22:08:34.806  4339  4339 D WallpaperService: updateSurface forceRelayout=false redrawNeeded=false myWidth=1280 myHeight=1280 fixedSize=true x = 0 y = 0 mWidth=1280 mHeight=1280 mIsSleepMode=false
07-04 22:08:34.806  4339  4339 D ImageWallpaper: onVisibilityChanged: mVisible, visible=false, true
07-04 22:08:34.806  4339  4339 D ImageWallpaper: Visibility changed to visible=true
07-04 22:08:34.807  4339  4339 D ImageWallpaper: newRotation : 0,mLastRotation : 0
07-04 22:08:34.807  4339  4339 D ImageWallpaper: drawFrame:[frame.width()]1280[frame.height()]1280
07-04 22:08:34.807  4339  4339 D ImageWallpaper: surfaceDimensionsChanged=false mDisplayWidth=720 mDisplayHeight=1280
07-04 22:08:34.807  4339  4339 D ImageWallpaper: redrawNeeded = false, mOffsetsChanged = false
07-04 22:08:34.807  4339  4339 D ImageWallpaper: Suppressed drawFrame since redraw is not needed and offsets have not changed.
07-04 22:08:34.807  4339  4339 D WallpaperService: reportVisibility onVisibilityChanged visible: true
07-04 22:08:34.807  3957  4024 D SamsungAnimationCreator: createAnimation type:LowEnd transit:13 enter:false wallpaperXoffset:-280 split:false fixedOri:false
07-04 22:08:34.807  3957  4024 D SamsungAnimationCreator: createAnimation displayFrame:Rect(0, 0 - 720, 1280) frame:null insets:null
07-04 22:08:34.809  4339  4362 D SystemServicesProxy: updateOverviewLastStackActiveTimeAsync: newTime=1688500148333
07-04 22:08:34.809  3957  4536 D SecContentProvider: query(), uri = 17 selection = isSettingsChangesAllowed
07-04 22:08:34.810  4339  4339 D WallpaperService: updateSurface forceRelayout=true redrawNeeded=false myWidth=1280 myHeight=1280 fixedSize=true x = 0 y = 0 mWidth=1280 mHeight=1280 mIsSleepMode=false
07-04 22:08:34.810  3957  4536 D SecContentProvider: called from android.uid.systemui:10009
07-04 22:08:34.810  4339  4656 D SystemServicesProxy: updateOverviewLastStackActiveTimeAsync: done.
07-04 22:08:34.811 11984 11984 E adbd    : recv: OPEN 00009828 00000000 003a:73 68 65 6C 6C 2C 76 32 2C 54 45 52 4D 3D 73 63 72 65 65 6E 2C 72 61 77 3A 67 65 74 70 72 6F 70 20 72 6F 2E 62 75 69 6C 64 2E 76 65 72 73 69 6F 6E 2E 72 65 6C 65 61 73 65 00 
07-04 22:08:34.811 11984 11984 E adbd    : service_to_fd: shell,v2,TERM=screen,raw:getprop ro.build.version.release
07-04 22:08:34.813  3957  5336 V WindowManager: Relayout Window{7856ab7 u0 com.android.systemui.ImageWallpaper}: viewVisibility=0 req=1280x1280 WM.LayoutParams{(0,0)(1280x1280) gr=#800033 ty=2013 fl=#10318 fmt=2 wanim=0x103030e colorMode=0 naviIconColor=0}
07-04 22:08:34.817  4339  4339 D ImageWallpaper: onOffsetsChanged: xOffset=0.0, yOffset=0.0, xOffsetStep=0.0, yOffsetStep=0.0, xPixels=0, yPixels=0
07-04 22:08:34.817  5317  5317 V InputMethodManager: Starting input: tba=android.view.inputmethod.EditorInfo@5ac934d nm : com.sec.android.app.launcher ic=null
07-04 22:08:34.817  5317  5317 I InputMethodManager: startInputInner - mService.startInputOrWindowGainedFocus
07-04 22:08:34.818  3957  4536 D InputMethodManagerService: startInputOrWindowGainedFocus : windowGainedFocus 
07-04 22:08:34.818  4339  4339 D ImageWallpaper: newRotation : 0,mLastRotation : 0
07-04 22:08:34.818  4339  4339 D ImageWallpaper: drawFrame:[frame.width()]1280[frame.height()]1280
07-04 22:08:34.818  4339  4339 D ImageWallpaper: surfaceDimensionsChanged=false mDisplayWidth=720 mDisplayHeight=1280
07-04 22:08:34.818  4339  4339 D ImageWallpaper: redrawNeeded = false, mOffsetsChanged = false
07-04 22:08:34.818  4339  4339 D ImageWallpaper: Suppressed drawFrame since redraw is not needed and offsets have not changed.
07-04 22:08:34.818  3957  4536 D InputMethodManagerService: windowGainedFocus: destinationUserId (getCallingUid) = 0
07-04 22:08:34.818  3957  4536 D InputMethodManagerService: windowGainedFocus: currentUserId=0
07-04 22:08:34.818  3957  4536 D InputMethodManagerService: windowGainedFocus: mCurrentFocusedUserId=0
07-04 22:08:34.818  3957  4536 D InputMethodManagerService: windowGainedFocus : lock - currentUserId = 0 destinationUserId = 0
07-04 22:08:34.818  3957  4536 D InputMethodManagerService: windowGainedFocus : mCurrentFocusedUserId - 0 and mSecureKeypadEnabled - false, userSwitched - false
07-04 22:08:34.819  3957  4536 V InputMethodManagerService: windowGainedFocus : reason=WINDOW_FOCUS_GAIN client=android.os.BinderProxy@571d00a inputContext=null missingMethods= attribute=android.view.inputmethod.EditorInfo@6bd6046 nm = com.sec.android.app.launcher controlFlags=#104 softInputMode=#130 windowFlags=#81910d00
07-04 22:08:34.819  3957  4536 V InputMethodManagerService: hideCurrentInputLocked : shouldHideSoftInput is false
07-04 22:08:34.820  3957  4536 D InputMethodManagerService: setCurrentInputInfo - inputContext : null eidtorInfo : android.view.inputmethod.EditorInfo@6bd6046 missingMethods : 0
07-04 22:08:34.820  4334  4334 I InputMethodWrapper:  call dispatchStartInputWithToken
07-04 22:08:34.820  4334  4334 I InputMethodService: dispatchStartInputWithToken
07-04 22:08:34.821  4334  4334 I SKBD    : SamsungKeypad [IMI] onStartInput - caller pid : 21212, caller uid : 10164
07-04 22:08:34.824  3957  4536 D PackageManager: getComponentMetadataForIconTray : com.example.batterymanager_utility.MainActivity does not exist in mServices
07-04 22:08:34.824  3957  4536 D PackageManager: getComponentMetadataForIconTray : com.example.batterymanager_utility.MainActivity does not exist in mProviders
07-04 22:08:34.824  3957  4536 D PackageManager: getComponentMetadataForIconTray : com.example.batterymanager_utility.MainActivity does not exist in mReceivers
07-04 22:08:34.824  4339  4362 D ApplicationPackageManager: updateItemMetaDataForFixedIconScale: package: com.example.batterymanager_utility
07-04 22:08:34.824  3957  4536 D PackageManager: getSelectedMetaData : packageName(com.example.batterymanager_utility) or Metadata strings {[Ljava.lang.String;@bbeaf34}
07-04 22:08:34.825  4339  4362 I ApplicationPackageManager: load=com.example.batterymanager_utility, bg=144-144, dr=189-189, forDefault=true, density=0
07-04 22:08:34.828  4339  4362 I ApplicationPackageManager: scaled rate=0.72, size=189, alpha=54, hold=102
07-04 22:08:34.828  4339  4362 D ApplicationPackageManager: iconScale: getScale(): 0.72 getAlpha(): 54
07-04 22:08:34.829  4339  4362 I ApplicationPackageManager: load=com.example.batterymanager_utility-contain, bg=112-112, dr=189-189
07-04 22:08:34.837  3445  3445 I SurfaceFlinger: Display 0 HWC layers:
07-04 22:08:34.837  3445  3445 I SurfaceFlinger:     type    |    handle    | flag |  format   |   source crop (l,t,r,b)    |         frame       | name 
07-04 22:08:34.837  3445  3445 I SurfaceFlinger: ------------+--------------+------+-----------+----------------------------+---------------------+------
07-04 22:08:34.837  3445  3445 I SurfaceFlinger:      Device | 0x709e624a80 | 0002 | RGBx_8888 | 280.0    0.0 1000.0 1280.0 |    0    0  720 1280 | com.android.systemui.ImageWallpaper#0
07-04 22:08:34.837  3445  3445 I SurfaceFlinger:      Device | 0x709a5f1b80 | 0000 | RGBA_8888 | 120.0  213.0  601.0 1068.0 |    1    1  720 1280 | com.sec.android.app.launcher/com.sec[...]uncher.activities.LauncherActivity#0
07-04 22:08:34.837  3445  3445 I SurfaceFlinger:      Device | 0x709a54c6c0 | 0000 | RGBA_8888 |   0.0    0.0  720.0   42.0 |    0    0  720   42 | StatusBar#0
07-04 22:08:34.837  3445  3445 I SurfaceFlinger: 
07-04 22:08:34.878 11984 11984 E adbd    : recv: OPEN 0000982b 00000000 0036:73 68 65 6C 6C 2C 76 32 2C 54 45 52 4D 3D 73 63 72 65 65 6E 2C 72 61 77 3A 67 65 74 70 72 6F 70 20 72 6F 2E 62 75 69 6C 64 2E 76 65 72 73 69 6F 6E 2E 73 64 6B 00 
07-04 22:08:34.878 11984 11984 E adbd    : service_to_fd: shell,v2,TERM=screen,raw:getprop ro.build.version.sdk
07-04 22:08:34.880  4339  4357 W JavaBinder: BinderProxy is being destroyed but the application did not call unlinkToDeath to unlink all of its death recipients beforehand.  Releasing leaked death recipient: com.android.systemui.qs.external.TileLifecycleManager
07-04 22:08:34.880  4339  4357 I chatty  : uid=10009(u0_a9) FinalizerDaemon identical 1 line
07-04 22:08:34.880  4339  4357 W JavaBinder: BinderProxy is being destroyed but the application did not call unlinkToDeath to unlink all of its death recipients beforehand.  Releasing leaked death recipient: com.android.systemui.qs.external.TileLifecycleManager
07-04 22:08:34.891  3957  4085 D MdnieScenarioControlService:  packageName : com.sec.android.app.launcher    className : com.sec.android.app.launcher.activities.LauncherActivity
07-04 22:08:34.892  3957  4085 V MdnieScenarioControlService: setUIMode from UI function(3)
07-04 22:08:35.168  5317  5317 D DragLayer: DragLayer dispatchDraw, mIsNaviBarPositionChanged = false, mWillOrientationChange = false
07-04 22:08:35.240  3957  3957 D CustomFrequencyManagerService: releaseDVFSLockLocked : Getting Lock type frm List : DVFS_MIN_LIMIT  frequency : 1560000  uid : 1000  pid : 3957  tag : AMS_APP_HOME@CPU_MIN@70
07-04 22:08:35.301  3957  4326 E TaskPersister: File error accessing recents directory (directory doesn't exist?).
07-04 22:08:35.309  5317  5476 W OpenGLRenderer: Incorrectly called buildLayer on View: WorkspaceCellLayoutChildren, destroying layer...
07-04 22:08:35.973  3957  6532 D SSRM:k  : SIOP:: AP = 270, PST = 271 (W:30), BAT = 262, USB = 0, CHG = 0
07-04 22:08:36.707  3957  3957 D PreBindingService: handleMessage : 1
07-04 22:08:37.112  3957  4030 D SensorService: [SO] 0.081 -0.148 9.931
07-04 22:08:37.167  3434  3434 I android.hardware.wifi@1.0-service: getLinkLayerStats
07-04 22:08:38.871  4943  4943 D io_stats: !@ 179,0 r 86905 3193940 w 35243 694704 d 3332 225308 f 9176 9455 iot 57272 46542 th 51200 0 0 pt 0 inp 0 0 6513.809
07-04 22:08:39.188  5160  5298 D ContactsProvider_EventLog: contents_sample_state: [CONTACT contacts(0) data(0) accounts({}) accounts deleted({}) calls([]) countryIso(NL) userId(0)  ]
07-04 22:08:39.188  5160  5298 D ContactsProvider_EventLog: contents_sample_state: [ agr({})  ]
07-04 22:08:39.188  5160  5298 D ContactsProvider_EventLog: contents_sample_state: [ actCnt({android.process.acore(5160)=1})  ]
07-04 22:08:39.188  5160  5298 D ContactsProvider_EventLog: contents_sample_state: [PROFILE contacts(0) data(0) accounts({})  ]
07-04 22:08:39.188  5160  5298 D ContactsProvider_EventLog: contents_sample_state: [SAPROFILE contacts(1) data(1) accounts({vnd.sec.contact.phone (1)=1})  ]
07-04 22:08:39.193  5160  5298 E ContactsProvider_EventLog: Flush buffer to file cnt : 1 size : 0Kb duration : 2ms lastUpdatedAfter : 60094 ms mFlush_time_threasold : 2000 mCurrentSize : 437
07-04 22:08:40.183  3434  3434 I android.hardware.wifi@1.0-service: getLinkLayerStats
07-04 22:08:40.233 11984 11984 E adbd    : recv: OPEN 0000982e 00000000 0036:73 68 65 6C 6C 2C 76 32 2C 54 45 52 4D 3D 73 63 72 65 65 6E 2C 72 61 77 3A 67 65 74 70 72 6F 70 20 72 6F 2E 62 75 69 6C 64 2E 76 65 72 73 69 6F 6E 2E 73 64 6B 00 
07-04 22:08:40.233 11984 11984 E adbd    : service_to_fd: shell,v2,TERM=screen,raw:getprop ro.build.version.sdk
07-04 22:08:40.343 11984 11984 E adbd    : recv: OPEN 00009831 00000000 003d:73 68 65 6C 6C 2C 76 32 2C 54 45 52 4D 3D 73 63 72 65 65 6E 2C 72 61 77 3A 6C 6F 67 63 61 74 20 2D 66 20 2F 6D 6E 74 2F 73 64 63 61 72 64 2F 6C 6F 67 63 61 74 2E 74 78 74 20 2D 64 00 
07-04 22:08:40.343 11984 11984 E adbd    : service_to_fd: shell,v2,TERM=screen,raw:logcat -f /mnt/sdcard/logcat.txt -d
