07-04 21:42:49.082 18836 18932 I BatteryMgr:DataCollectionService: stats => 1688499769082,-140,4117
07-04 21:42:49.194 18836 18932 I BatteryMgr:DataCollectionService: stats => 1688499769194,-140,4117
07-04 21:42:49.241  3434  3434 I android.hardware.wifi@1.0-service: getLinkLayerStats
07-04 21:42:49.305 18836 18932 I BatteryMgr:DataCollectionService: stats => 1688499769305,-140,4117
07-04 21:42:49.417 18836 18932 I BatteryMgr:DataCollectionService: stats => 1688499769416,-140,4117
07-04 21:42:49.529 18836 18932 I BatteryMgr:DataCollectionService: stats => 1688499769528,-140,4117
07-04 21:42:49.640 18836 18932 I BatteryMgr:DataCollectionService: stats => 1688499769640,-140,4117
07-04 21:42:49.751 18836 18932 I BatteryMgr:DataCollectionService: stats => 1688499769751,-140,4117
07-04 21:42:49.863 18836 18932 I BatteryMgr:DataCollectionService: stats => 1688499769863,-140,4117
07-04 21:42:49.974 18836 18932 I BatteryMgr:DataCollectionService: stats => 1688499769974,-140,4117
07-04 21:42:50.086 18836 18932 I BatteryMgr:DataCollectionService: stats => 1688499770085,-140,4117
07-04 21:42:50.167  3957  6532 D SSRM:k  : SIOP:: AP = 270, PST = 274 (W:30), BAT = 263, USB = 0, CHG = 0
07-04 21:42:50.197 18836 18932 I BatteryMgr:DataCollectionService: stats => 1688499770197,-140,4117
07-04 21:42:50.308 18836 18932 I BatteryMgr:DataCollectionService: stats => 1688499770308,-140,4117
07-04 21:42:50.420 18836 18932 I BatteryMgr:DataCollectionService: stats => 1688499770420,-140,4117
07-04 21:42:50.531 18836 18932 I BatteryMgr:DataCollectionService: stats => 1688499770531,-140,4117
07-04 21:42:50.643 18836 18932 I BatteryMgr:DataCollectionService: stats => 1688499770643,-140,4117
07-04 21:42:50.754 18836 18932 I BatteryMgr:DataCollectionService: stats => 1688499770754,-140,4117
07-04 21:42:50.866 18836 18932 I BatteryMgr:DataCollectionService: stats => 1688499770865,-140,4117
07-04 21:42:50.977 18836 18932 I BatteryMgr:DataCollectionService: stats => 1688499770976,-140,4117
07-04 21:42:51.088 18836 18932 I BatteryMgr:DataCollectionService: stats => 1688499771088,-140,4117
07-04 21:42:51.199 18836 18932 I BatteryMgr:DataCollectionService: stats => 1688499771199,-140,4117
07-04 21:42:51.310 18836 18932 I BatteryMgr:DataCollectionService: stats => 1688499771310,-140,4117
07-04 21:42:51.422 18836 18932 I BatteryMgr:DataCollectionService: stats => 1688499771421,-140,4117
07-04 21:42:51.533 18836 18932 I BatteryMgr:DataCollectionService: stats => 1688499771533,-140,4117
07-04 21:42:51.644 18836 18932 I BatteryMgr:DataCollectionService: stats => 1688499771644,-140,4117
07-04 21:42:51.756 18836 18932 I BatteryMgr:DataCollectionService: stats => 1688499771755,-140,4117
07-04 21:42:51.867 18836 18932 I BatteryMgr:DataCollectionService: stats => 1688499771867,-140,4117
07-04 21:42:51.978 18836 18932 I BatteryMgr:DataCollectionService: stats => 1688499771978,-140,4117
07-04 21:42:52.089 18836 18932 I BatteryMgr:DataCollectionService: stats => 1688499772089,-140,4117
07-04 21:42:52.201 18836 18932 I BatteryMgr:DataCollectionService: stats => 1688499772200,-140,4117
07-04 21:42:52.250  3434  3434 I android.hardware.wifi@1.0-service: getLinkLayerStats
07-04 21:42:52.312 18836 18932 I BatteryMgr:DataCollectionService: stats => 1688499772311,-140,4117
07-04 21:42:52.423 18836 18932 I BatteryMgr:DataCollectionService: stats => 1688499772423,-140,4117
07-04 21:42:52.534 18836 18932 I BatteryMgr:DataCollectionService: stats => 1688499772534,-140,4117
07-04 21:42:52.645 18836 18932 I BatteryMgr:DataCollectionService: stats => 1688499772645,-140,4117
07-04 21:42:52.756 18836 18932 I BatteryMgr:DataCollectionService: stats => 1688499772756,-140,4117
07-04 21:42:52.868 18836 18932 I BatteryMgr:DataCollectionService: stats => 1688499772867,-140,4117
07-04 21:42:52.979 18836 18932 I BatteryMgr:DataCollectionService: stats => 1688499772978,-140,4117
07-04 21:42:53.090 18836 18932 I BatteryMgr:DataCollectionService: stats => 1688499773090,-140,4117
07-04 21:42:53.201 18836 18932 I BatteryMgr:DataCollectionService: stats => 1688499773200,-140,4117
07-04 21:42:53.311 18836 18932 I BatteryMgr:DataCollectionService: stats => 1688499773311,-140,4117
07-04 21:42:53.423 18836 18932 I BatteryMgr:DataCollectionService: stats => 1688499773423,-140,4117
07-04 21:42:53.534 18836 18932 I BatteryMgr:DataCollectionService: stats => 1688499773534,-140,4117
07-04 21:42:53.645 18836 18932 I BatteryMgr:DataCollectionService: stats => 1688499773645,-140,4117
07-04 21:42:53.758 18836 18932 I BatteryMgr:DataCollectionService: stats => 1688499773758,-140,4117
07-04 21:42:53.869 18836 18932 I BatteryMgr:DataCollectionService: stats => 1688499773869,-140,4117
07-04 21:42:53.980 18836 18932 I BatteryMgr:DataCollectionService: stats => 1688499773980,-140,4117
07-04 21:42:54.091 18836 18932 I BatteryMgr:DataCollectionService: stats => 1688499774090,-140,4117
07-04 21:42:54.201 18836 18932 I BatteryMgr:DataCollectionService: stats => 1688499774201,-140,4117
07-04 21:42:54.243  3957  4440 E Watchdog: !@Sync 165 [2023-07-04 21:42:54.243]
07-04 21:42:54.312 18836 18932 I BatteryMgr:DataCollectionService: stats => 1688499774312,-140,4117
07-04 21:42:54.423 18836 18932 I BatteryMgr:DataCollectionService: stats => 1688499774423,-140,4117
07-04 21:42:54.534 18836 18932 I BatteryMgr:DataCollectionService: stats => 1688499774534,-140,4117
07-04 21:42:54.645 18836 18932 I BatteryMgr:DataCollectionService: stats => 1688499774644,-140,4117
07-04 21:42:54.755 18836 18932 I BatteryMgr:DataCollectionService: stats => 1688499774755,-140,4117
07-04 21:42:54.866 18836 18932 I BatteryMgr:DataCollectionService: stats => 1688499774866,-140,4117
07-04 21:42:54.977 18836 18932 I BatteryMgr:DataCollectionService: stats => 1688499774977,-140,4117
07-04 21:42:55.089 18836 18932 I BatteryMgr:DataCollectionService: stats => 1688499775088,-140,4117
07-04 21:42:55.199 18836 18932 I BatteryMgr:DataCollectionService: stats => 1688499775199,-140,4117
07-04 21:42:55.259  3434  3434 I android.hardware.wifi@1.0-service: getLinkLayerStats
07-04 21:42:55.310 18836 18932 I BatteryMgr:DataCollectionService: stats => 1688499775310,-140,4117
07-04 21:42:55.421 18836 18932 I BatteryMgr:DataCollectionService: stats => 1688499775421,-140,4117
07-04 21:42:55.532 18836 18932 I BatteryMgr:DataCollectionService: stats => 1688499775532,-140,4117
07-04 21:42:55.643 18836 18932 I BatteryMgr:DataCollectionService: stats => 1688499775643,-140,4117
07-04 21:42:55.754 18836 18932 I BatteryMgr:DataCollectionService: stats => 1688499775754,-140,4117
07-04 21:42:55.865 18836 18932 I BatteryMgr:DataCollectionService: stats => 1688499775864,-140,4117
07-04 21:42:55.976 18836 18932 I BatteryMgr:DataCollectionService: stats => 1688499775976,-140,4117
07-04 21:42:56.087 18836 18932 I BatteryMgr:DataCollectionService: stats => 1688499776087,-140,4117
07-04 21:42:56.198 18836 18932 I BatteryMgr:DataCollectionService: stats => 1688499776198,-140,4117
07-04 21:42:56.309 18836 18932 I BatteryMgr:DataCollectionService: stats => 1688499776308,-140,4117
07-04 21:42:56.419 18836 18932 I BatteryMgr:DataCollectionService: stats => 1688499776419,-140,4117
07-04 21:42:56.530 18836 18932 I BatteryMgr:DataCollectionService: stats => 1688499776530,-140,4117
07-04 21:42:56.641 18836 18932 I BatteryMgr:DataCollectionService: stats => 1688499776640,-140,4117
07-04 21:42:56.751 18836 18932 I BatteryMgr:DataCollectionService: stats => 1688499776751,-140,4117
07-04 21:42:56.862 18836 18932 I BatteryMgr:DataCollectionService: stats => 1688499776862,-140,4117
07-04 21:42:56.973 18836 18932 I BatteryMgr:DataCollectionService: stats => 1688499776973,-140,4117
07-04 21:42:57.027  3957  4030 D SensorService: [SO] 0.072 -0.163 9.902
07-04 21:42:57.083 18836 18932 I BatteryMgr:DataCollectionService: stats => 1688499777083,-140,4117
07-04 21:42:57.195 18836 18932 I BatteryMgr:DataCollectionService: stats => 1688499777195,-140,4117
07-04 21:42:57.305 18836 18932 I BatteryMgr:DataCollectionService: stats => 1688499777305,-140,4117
07-04 21:42:57.416 18836 18932 I BatteryMgr:DataCollectionService: stats => 1688499777416,-140,4117
07-04 21:42:57.527 18836 18932 I BatteryMgr:DataCollectionService: stats => 1688499777526,-140,4117
07-04 21:42:57.637 18836 18932 I BatteryMgr:DataCollectionService: stats => 1688499777637,-140,4117
07-04 21:42:57.748 18836 18932 I BatteryMgr:DataCollectionService: stats => 1688499777748,-140,4117
07-04 21:42:57.858 18836 18932 I BatteryMgr:DataCollectionService: stats => 1688499777858,-140,4117
07-04 21:42:57.969 18836 18932 I BatteryMgr:DataCollectionService: stats => 1688499777969,-140,4117
07-04 21:42:58.080 18836 18932 I BatteryMgr:DataCollectionService: stats => 1688499778080,-140,4117
07-04 21:42:58.191 18836 18932 I BatteryMgr:DataCollectionService: stats => 1688499778191,-140,4117
07-04 21:42:58.267  3434  3434 I android.hardware.wifi@1.0-service: getLinkLayerStats
07-04 21:42:58.301 18836 18932 I BatteryMgr:DataCollectionService: stats => 1688499778301,-140,4117
07-04 21:42:58.412 18836 18932 I BatteryMgr:DataCollectionService: stats => 1688499778412,-140,4117
07-04 21:42:58.523 18836 18932 I BatteryMgr:DataCollectionService: stats => 1688499778522,-140,4117
07-04 21:42:58.633 18836 18932 I BatteryMgr:DataCollectionService: stats => 1688499778633,-140,4117
07-04 21:42:58.744 18836 18932 I BatteryMgr:DataCollectionService: stats => 1688499778743,-140,4117
07-04 21:42:58.854 18836 18932 I BatteryMgr:DataCollectionService: stats => 1688499778854,-140,4117
07-04 21:42:58.965 18836 18932 I BatteryMgr:DataCollectionService: stats => 1688499778965,-140,4117
07-04 21:42:59.076 18836 18932 I BatteryMgr:DataCollectionService: stats => 1688499779076,-140,4117
07-04 21:42:59.187 18836 18932 I BatteryMgr:DataCollectionService: stats => 1688499779186,-140,4117
07-04 21:42:59.297 18836 18932 I BatteryMgr:DataCollectionService: stats => 1688499779297,-140,4117
07-04 21:42:59.408 18836 18932 I BatteryMgr:DataCollectionService: stats => 1688499779408,-140,4117
07-04 21:42:59.519 18836 18932 I BatteryMgr:DataCollectionService: stats => 1688499779519,-140,4117
07-04 21:42:59.629 18836 18932 I BatteryMgr:DataCollectionService: stats => 1688499779629,-140,4117
07-04 21:42:59.740 18836 18932 I BatteryMgr:DataCollectionService: stats => 1688499779740,-140,4117
07-04 21:42:59.851 18836 18932 I BatteryMgr:DataCollectionService: stats => 1688499779851,-140,4117
07-04 21:42:59.962 18836 18932 I BatteryMgr:DataCollectionService: stats => 1688499779961,-140,4117
07-04 21:43:00.000  3957  4044 D SamsungAlarmManager: Expired : 8
07-04 21:43:00.001  3957  4044 V SamsungAlarmManager: Sending to uid : 1000 action=android.intent.action.TIME_TICK alarm=Alarm{a0df8ed type 3 when 4974940 android}
07-04 21:43:00.003  3957  4044 V SamsungAlarmManager: Sending to uid : 10074 action=com.samsung.action.EVERY_MINUTE_CLOCK_UPDATE alarm=Alarm{b4fc1b3 type 1 when 1688499780000 com.sec.android.app.launcher}
07-04 21:43:00.007  5317  5317 I Launcher: onReceive: com.samsung.action.EVERY_MINUTE_CLOCK_UPDATE
07-04 21:43:00.008  3957  3957 D SamsungAlarmManager: setExact Intent (T:3/F:1/AC:false) 20230704T214400 - CU:1000/CP:3957
07-04 21:43:00.008  3957  3957 I SamsungAlarmManager: setLocked to kernel - T:3 / 20230704T214400, SetElapsed=5034940, nowELAPSED=4974948
07-04 21:43:00.011  4339  4339 D KeyguardUpdateMonitor: received broadcast android.intent.action.TIME_TICK
07-04 21:43:00.012  4339  4339 D KeyguardServiceBoxContainer: refreshTime() 1
07-04 21:43:00.018  3957  5333 D SamsungAlarmManager: setInexact Intent (T:1/F:0/AC:false) 20230704T214400 - CU:10074/CP:5317
07-04 21:43:00.019  5317  5317 I IconView: applyFromShortcutInfo - start GetLive : com.samsung.android.calendar
07-04 21:43:00.019  5317  5317 I IconView: applyFromShortcutInfo - end GetLive : com.samsung.android.calendar
07-04 21:43:00.022  5317  5317 I IconView: applyFromApplicationInfo - start GetLive : com.sec.android.app.clockpackage
07-04 21:43:00.034  5317  5317 D ApplicationPackageManager: we has com.sec.android.app.clockpackage class. reuse it 
07-04 21:43:00.035  5317  5317 D LiveIconLoader: getLiveIcon was called in ClockPackage
07-04 21:43:00.037  5317  5317 D LiveIconLoader: getLiveIcon res = com.sec.android.app.clockpackage
07-04 21:43:00.038  5317  5317 D LiveIconLoader: stdIconSize : 84 , targetIconSize : 101
07-04 21:43:00.038  5317  5317 D LiveIconLoader: mIconDpi : 480 , mTargetIconDpi : 280
07-04 21:43:00.047  4339  4339 D KeyguardUpdateMonitor: handleStatusBarState( false )
07-04 21:43:00.057  5317  5317 I ApplicationPackageManager: load= live icon for com.sec.android.app.clockpackage, from overlay = false
07-04 21:43:00.058  5317  5317 I LiveIconManager: getLiveIcon: complete(sync_created)
07-04 21:43:00.058  5317  5317 I IconView: applyFromApplicationInfo - end GetLive : com.sec.android.app.clockpackage
07-04 21:43:00.058  5317  5317 I IconView: applyFromApplicationInfo - start GetLive : com.samsung.android.calendar
07-04 21:43:00.058  5317  5317 I IconView: applyFromApplicationInfo - end GetLive : com.samsung.android.calendar
07-04 21:43:00.067 18836 18932 I BatteryMgr:DataCollectionService: stats => 1688499780067,-140,4117
07-04 21:43:00.079  4339  4339 D KeyguardUpdateMonitor: handleStatusBarState( false )
07-04 21:43:00.172 18836 18932 I BatteryMgr:DataCollectionService: stats => 1688499780172,-140,4117
07-04 21:43:00.200  3957  6532 D SSRM:k  : SIOP:: AP = 270, PST = 274 (W:30), BAT = 263, USB = 0, CHG = 0
07-04 21:43:00.280 18836 18932 I BatteryMgr:DataCollectionService: stats => 1688499780280,-140,4117
07-04 21:43:00.391 18836 18932 I BatteryMgr:DataCollectionService: stats => 1688499780391,-140,4117
07-04 21:43:00.497 18836 18932 I BatteryMgr:DataCollectionService: stats => 1688499780496,-140,4117
07-04 21:43:00.607 18836 18932 I BatteryMgr:DataCollectionService: stats => 1688499780607,-140,4117
07-04 21:43:00.717 18836 18932 I BatteryMgr:DataCollectionService: stats => 1688499780717,-140,4117
07-04 21:43:00.828 18836 18932 I BatteryMgr:DataCollectionService: stats => 1688499780828,-140,4117
07-04 21:43:00.939 18836 18932 I BatteryMgr:DataCollectionService: stats => 1688499780939,-140,4117
07-04 21:43:01.050 18836 18932 I BatteryMgr:DataCollectionService: stats => 1688499781050,-140,4117
07-04 21:43:01.161 18836 18932 I BatteryMgr:DataCollectionService: stats => 1688499781160,-140,4117
07-04 21:43:01.271 18836 18932 I BatteryMgr:DataCollectionService: stats => 1688499781271,-140,4117
07-04 21:43:01.277  3434  3434 I android.hardware.wifi@1.0-service: getLinkLayerStats
07-04 21:43:01.377 18836 18932 I BatteryMgr:DataCollectionService: stats => 1688499781377,-83,4117
07-04 21:43:01.487 18836 18932 I BatteryMgr:DataCollectionService: stats => 1688499781487,-83,4117
07-04 21:43:01.550  3957  5333 D BatteryService: !@BatteryListener : batteryPropertiesChanged!
07-04 21:43:01.598 18836 18932 I BatteryMgr:DataCollectionService: stats => 1688499781598,-83,4117
07-04 21:43:01.708 18836 18932 I BatteryMgr:DataCollectionService: stats => 1688499781708,-83,4117
07-04 21:43:01.819 18836 18932 I BatteryMgr:DataCollectionService: stats => 1688499781819,-83,4117
07-04 21:43:01.929 18836 18932 I BatteryMgr:DataCollectionService: stats => 1688499781929,-83,4117
07-04 21:43:02.040 18836 18932 I BatteryMgr:DataCollectionService: stats => 1688499782039,-83,4117
07-04 21:43:02.150 18836 18932 I BatteryMgr:DataCollectionService: stats => 1688499782150,-83,4117
07-04 21:43:02.261 18836 18932 I BatteryMgr:DataCollectionService: stats => 1688499782260,-83,4117
07-04 21:43:02.371 18836 18932 I BatteryMgr:DataCollectionService: stats => 1688499782371,-83,4117
07-04 21:43:02.482 18836 18932 I BatteryMgr:DataCollectionService: stats => 1688499782482,-83,4117
07-04 21:43:02.592 18836 18932 I BatteryMgr:DataCollectionService: stats => 1688499782592,-83,4117
07-04 21:43:02.703 18836 18932 I BatteryMgr:DataCollectionService: stats => 1688499782703,-83,4117
07-04 21:43:02.813 18836 18932 I BatteryMgr:DataCollectionService: stats => 1688499782813,-83,4117
07-04 21:43:02.923 18836 18932 I BatteryMgr:DataCollectionService: stats => 1688499782923,-83,4117
07-04 21:43:03.034 18836 18932 I BatteryMgr:DataCollectionService: stats => 1688499783034,-83,4117
07-04 21:43:03.145 18836 18932 I BatteryMgr:DataCollectionService: stats => 1688499783144,-83,4117
07-04 21:43:03.255 18836 18932 I BatteryMgr:DataCollectionService: stats => 1688499783255,-83,4117
07-04 21:43:03.366 18836 18932 I BatteryMgr:DataCollectionService: stats => 1688499783366,-83,4117
07-04 21:43:03.476 18836 18932 I BatteryMgr:DataCollectionService: stats => 1688499783476,-83,4117
07-04 21:43:03.586 18836 18932 I BatteryMgr:DataCollectionService: stats => 1688499783586,-83,4117
07-04 21:43:03.696 18836 18932 I BatteryMgr:DataCollectionService: stats => 1688499783696,-83,4117
07-04 21:43:03.806 18836 18932 I BatteryMgr:DataCollectionService: stats => 1688499783806,-83,4117
07-04 21:43:03.917 18836 18932 I BatteryMgr:DataCollectionService: stats => 1688499783917,-83,4117
07-04 21:43:04.027 18836 18932 I BatteryMgr:DataCollectionService: stats => 1688499784027,-83,4117
07-04 21:43:04.137 18836 18932 I BatteryMgr:DataCollectionService: stats => 1688499784137,-83,4117
07-04 21:43:04.247 18836 18932 I BatteryMgr:DataCollectionService: stats => 1688499784247,-83,4117
07-04 21:43:04.285  3434  3434 I android.hardware.wifi@1.0-service: getLinkLayerStats
07-04 21:43:04.357 18836 18932 I BatteryMgr:DataCollectionService: stats => 1688499784357,-83,4117
07-04 21:43:04.467 18836 18932 I BatteryMgr:DataCollectionService: stats => 1688499784467,-83,4117
07-04 21:43:04.578 18836 18932 I BatteryMgr:DataCollectionService: stats => 1688499784578,-83,4117
07-04 21:43:04.689 18836 18932 I BatteryMgr:DataCollectionService: stats => 1688499784688,-83,4117
07-04 21:43:04.799 18836 18932 I BatteryMgr:DataCollectionService: stats => 1688499784798,-83,4117
07-04 21:43:04.909 18836 18932 I BatteryMgr:DataCollectionService: stats => 1688499784909,-83,4117
07-04 21:43:05.019 18836 18932 I BatteryMgr:DataCollectionService: stats => 1688499785019,-83,4117
07-04 21:43:05.129 18836 18932 I BatteryMgr:DataCollectionService: stats => 1688499785129,-83,4117
07-04 21:43:05.240 18836 18932 I BatteryMgr:DataCollectionService: stats => 1688499785239,-83,4117
07-04 21:43:05.350 18836 18932 I BatteryMgr:DataCollectionService: stats => 1688499785349,-83,4117
07-04 21:43:05.455 18836 18932 I BatteryMgr:DataCollectionService: stats => 1688499785455,-83,4117
07-04 21:43:05.565 18836 18932 I BatteryMgr:DataCollectionService: stats => 1688499785565,-83,4117
07-04 21:43:05.676 18836 18932 I BatteryMgr:DataCollectionService: stats => 1688499785675,-83,4117
07-04 21:43:05.786 18836 18932 I BatteryMgr:DataCollectionService: stats => 1688499785785,-83,4117
07-04 21:43:05.896 18836 18932 I BatteryMgr:DataCollectionService: stats => 1688499785895,-83,4117
07-04 21:43:06.006 18836 18932 I BatteryMgr:DataCollectionService: stats => 1688499786006,-83,4117
07-04 21:43:06.117 18836 18932 I BatteryMgr:DataCollectionService: stats => 1688499786116,-83,4117
07-04 21:43:06.227 18836 18932 I BatteryMgr:DataCollectionService: stats => 1688499786227,-83,4117
07-04 21:43:06.337 18836 18932 I BatteryMgr:DataCollectionService: stats => 1688499786337,-83,4117
07-04 21:43:06.447 18836 18932 I BatteryMgr:DataCollectionService: stats => 1688499786447,-83,4117
07-04 21:43:06.558 18836 18932 I BatteryMgr:DataCollectionService: stats => 1688499786558,-83,4117
07-04 21:43:06.668 18836 18932 I BatteryMgr:DataCollectionService: stats => 1688499786668,-83,4117
07-04 21:43:06.778 18836 18932 I BatteryMgr:DataCollectionService: stats => 1688499786778,-83,4117
07-04 21:43:06.888 18836 18932 I BatteryMgr:DataCollectionService: stats => 1688499786888,-83,4117
07-04 21:43:06.998 18836 18932 I BatteryMgr:DataCollectionService: stats => 1688499786998,-83,4117
07-04 21:43:07.027  3957  4030 D SensorService: [SO] 0.077 -0.139 9.941
07-04 21:43:07.109 18836 18932 I BatteryMgr:DataCollectionService: stats => 1688499787108,-83,4117
07-04 21:43:07.219 18836 18932 I BatteryMgr:DataCollectionService: stats => 1688499787218,-83,4117
07-04 21:43:07.304  3434  3434 I android.hardware.wifi@1.0-service: getLinkLayerStats
07-04 21:43:07.329 18836 18932 I BatteryMgr:DataCollectionService: stats => 1688499787329,-83,4117
07-04 21:43:07.439 18836 18932 I BatteryMgr:DataCollectionService: stats => 1688499787439,-83,4117
07-04 21:43:07.549 18836 18932 I BatteryMgr:DataCollectionService: stats => 1688499787549,-83,4117
07-04 21:43:07.659 18836 18932 I BatteryMgr:DataCollectionService: stats => 1688499787659,-83,4117
07-04 21:43:07.770 18836 18932 I BatteryMgr:DataCollectionService: stats => 1688499787769,-83,4117
07-04 21:43:07.880 18836 18932 I BatteryMgr:DataCollectionService: stats => 1688499787880,-83,4117
07-04 21:43:07.990 18836 18932 I BatteryMgr:DataCollectionService: stats => 1688499787990,-83,4117
07-04 21:43:08.101 18836 18932 I BatteryMgr:DataCollectionService: stats => 1688499788101,-83,4117
07-04 21:43:08.211 18836 18932 I BatteryMgr:DataCollectionService: stats => 1688499788211,-83,4117
07-04 21:43:08.321 18836 18932 I BatteryMgr:DataCollectionService: stats => 1688499788321,-83,4117
07-04 21:43:08.431 18836 18932 I BatteryMgr:DataCollectionService: stats => 1688499788431,-83,4117
07-04 21:43:08.541 18836 18932 I BatteryMgr:DataCollectionService: stats => 1688499788541,-83,4117
07-04 21:43:08.651 18836 18932 I BatteryMgr:DataCollectionService: stats => 1688499788651,-83,4117
07-04 21:43:08.762 18836 18932 I BatteryMgr:DataCollectionService: stats => 1688499788762,-83,4117
07-04 21:43:08.872 18836 18932 I BatteryMgr:DataCollectionService: stats => 1688499788872,-83,4117
07-04 21:43:08.982 18836 18932 I BatteryMgr:DataCollectionService: stats => 1688499788982,-83,4117
07-04 21:43:09.093 18836 18932 I BatteryMgr:DataCollectionService: stats => 1688499789092,-83,4117
07-04 21:43:09.203 18836 18932 I BatteryMgr:DataCollectionService: stats => 1688499789203,-83,4117
07-04 21:43:09.314 18836 18932 I BatteryMgr:DataCollectionService: stats => 1688499789313,-83,4117
07-04 21:43:09.424 18836 18932 I BatteryMgr:DataCollectionService: stats => 1688499789423,-83,4117
07-04 21:43:09.534 18836 18932 I BatteryMgr:DataCollectionService: stats => 1688499789534,-83,4117
07-04 21:43:09.644 18836 18932 I BatteryMgr:DataCollectionService: stats => 1688499789644,-83,4117
07-04 21:43:09.754 18836 18932 I BatteryMgr:DataCollectionService: stats => 1688499789754,-83,4117
07-04 21:43:09.864 18836 18932 I BatteryMgr:DataCollectionService: stats => 1688499789864,-83,4117
07-04 21:43:09.974 18836 18932 I BatteryMgr:DataCollectionService: stats => 1688499789974,-83,4117
07-04 21:43:10.085 18836 18932 I BatteryMgr:DataCollectionService: stats => 1688499790084,-83,4117
07-04 21:43:10.195 18836 18932 I BatteryMgr:DataCollectionService: stats => 1688499790194,-83,4117
07-04 21:43:10.230  3957  6532 D SSRM:k  : SIOP:: AP = 270, PST = 273 (W:30), BAT = 263, USB = 0, CHG = 0
07-04 21:43:10.305 18836 18932 I BatteryMgr:DataCollectionService: stats => 1688499790305,-83,4117
07-04 21:43:10.326  3434  3434 I android.hardware.wifi@1.0-service: getLinkLayerStats
07-04 21:43:10.415 18836 18932 I BatteryMgr:DataCollectionService: stats => 1688499790415,-83,4117
07-04 21:43:10.521 18836 18932 I BatteryMgr:DataCollectionService: stats => 1688499790521,-83,4117
07-04 21:43:10.620  5106 12310 E memtrack: Couldn't load memtrack module
07-04 21:43:10.620  5106 12310 W android.os.Debug: failed to get memory consumption info: -1
07-04 21:43:10.628 18836 18932 I BatteryMgr:DataCollectionService: stats => 1688499790628,-83,4117
07-04 21:43:10.738 18836 18932 I BatteryMgr:DataCollectionService: stats => 1688499790738,-83,4117
07-04 21:43:10.848 18836 18932 I BatteryMgr:DataCollectionService: stats => 1688499790848,-83,4117
07-04 21:43:10.959 18836 18932 I BatteryMgr:DataCollectionService: stats => 1688499790958,-83,4117
07-04 21:43:11.069 18836 18932 I BatteryMgr:DataCollectionService: stats => 1688499791068,-83,4117
07-04 21:43:11.178 18836 18932 I BatteryMgr:DataCollectionService: stats => 1688499791178,-83,4117
07-04 21:43:11.289 18836 18932 I BatteryMgr:DataCollectionService: stats => 1688499791288,-83,4117
07-04 21:43:11.396 18836 18932 I BatteryMgr:DataCollectionService: stats => 1688499791395,-83,4117
07-04 21:43:11.506 18836 18932 I BatteryMgr:DataCollectionService: stats => 1688499791506,-83,4117
07-04 21:43:11.616 18836 18932 I BatteryMgr:DataCollectionService: stats => 1688499791615,-83,4117
07-04 21:43:11.726 18836 18932 I BatteryMgr:DataCollectionService: stats => 1688499791726,-83,4117
07-04 21:43:11.836 18836 18932 I BatteryMgr:DataCollectionService: stats => 1688499791835,-83,4117
07-04 21:43:11.946 18836 18932 I BatteryMgr:DataCollectionService: stats => 1688499791946,-83,4117
07-04 21:43:12.056 18836 18932 I BatteryMgr:DataCollectionService: stats => 1688499792056,-83,4117
07-04 21:43:12.166 18836 18932 I BatteryMgr:DataCollectionService: stats => 1688499792166,-83,4117
07-04 21:43:12.277 18836 18932 I BatteryMgr:DataCollectionService: stats => 1688499792276,-83,4117
07-04 21:43:12.387 18836 18932 I BatteryMgr:DataCollectionService: stats => 1688499792387,-83,4117
07-04 21:43:12.498 18836 18932 I BatteryMgr:DataCollectionService: stats => 1688499792497,-83,4117
07-04 21:43:12.607 18836 18932 I BatteryMgr:DataCollectionService: stats => 1688499792607,-83,4117
07-04 21:43:12.718 18836 18932 I BatteryMgr:DataCollectionService: stats => 1688499792717,-83,4117
07-04 21:43:12.828 18836 18932 I BatteryMgr:DataCollectionService: stats => 1688499792827,-83,4117
07-04 21:43:12.938 18836 18932 I BatteryMgr:DataCollectionService: stats => 1688499792937,-83,4117
07-04 21:43:13.048 18836 18932 I BatteryMgr:DataCollectionService: stats => 1688499793048,-83,4117
07-04 21:43:13.158 18836 18932 I BatteryMgr:DataCollectionService: stats => 1688499793158,-83,4117
07-04 21:43:13.269 18836 18932 I BatteryMgr:DataCollectionService: stats => 1688499793269,-83,4117
07-04 21:43:13.379 18836 18932 I BatteryMgr:DataCollectionService: stats => 1688499793379,-83,4117
07-04 21:43:13.489 18836 18932 I BatteryMgr:DataCollectionService: stats => 1688499793489,-83,4117
07-04 21:43:13.599 18836 18932 I BatteryMgr:DataCollectionService: stats => 1688499793598,-83,4117
07-04 21:43:13.709 18836 18932 I BatteryMgr:DataCollectionService: stats => 1688499793709,-83,4117
07-04 21:43:13.819 18836 18932 I BatteryMgr:DataCollectionService: stats => 1688499793818,-83,4117
07-04 21:43:13.929 18836 18932 I BatteryMgr:DataCollectionService: stats => 1688499793929,-83,4117
07-04 21:43:14.039 18836 18932 I BatteryMgr:DataCollectionService: stats => 1688499794039,-83,4117
07-04 21:43:14.149 18836 18932 I BatteryMgr:DataCollectionService: stats => 1688499794149,-83,4117
07-04 21:43:14.259 18836 18932 I BatteryMgr:DataCollectionService: stats => 1688499794259,-83,4117
07-04 21:43:14.369 18836 18932 I BatteryMgr:DataCollectionService: stats => 1688499794369,-83,4117
07-04 21:43:14.479 18836 18932 I BatteryMgr:DataCollectionService: stats => 1688499794479,-83,4117
07-04 21:43:14.589 18836 18932 I BatteryMgr:DataCollectionService: stats => 1688499794589,-83,4117
07-04 21:43:14.699 18836 18932 I BatteryMgr:DataCollectionService: stats => 1688499794699,-83,4117
07-04 21:43:14.810 18836 18932 I BatteryMgr:DataCollectionService: stats => 1688499794809,-83,4117
07-04 21:43:14.920 18836 18932 I BatteryMgr:DataCollectionService: stats => 1688499794919,-83,4117
07-04 21:43:15.030 18836 18932 I BatteryMgr:DataCollectionService: stats => 1688499795029,-83,4117
07-04 21:43:15.140 18836 18932 I BatteryMgr:DataCollectionService: stats => 1688499795140,-83,4117
07-04 21:43:15.250 18836 18932 I BatteryMgr:DataCollectionService: stats => 1688499795250,-83,4117
07-04 21:43:15.360 18836 18932 I BatteryMgr:DataCollectionService: stats => 1688499795360,-83,4117
07-04 21:43:15.470 18836 18932 I BatteryMgr:DataCollectionService: stats => 1688499795470,-83,4117
07-04 21:43:15.581 18836 18932 I BatteryMgr:DataCollectionService: stats => 1688499795580,-83,4117
07-04 21:43:15.691 18836 18932 I BatteryMgr:DataCollectionService: stats => 1688499795690,-83,4117
07-04 21:43:15.801 18836 18932 I BatteryMgr:DataCollectionService: stats => 1688499795800,-83,4117
07-04 21:43:15.911 18836 18932 I BatteryMgr:DataCollectionService: stats => 1688499795910,-83,4117
07-04 21:43:16.021 18836 18932 I BatteryMgr:DataCollectionService: stats => 1688499796020,-83,4117
07-04 21:43:16.131 18836 18932 I BatteryMgr:DataCollectionService: stats => 1688499796130,-83,4117
07-04 21:43:16.241 18836 18932 I BatteryMgr:DataCollectionService: stats => 1688499796240,-83,4117
07-04 21:43:16.348  3434  3434 I chatty  : uid=1010 wifi@1.0-servic identical 2 lines
07-04 21:43:16.351 18836 18932 I BatteryMgr:DataCollectionService: stats => 1688499796351,-83,4117
07-04 21:43:16.461 18836 18932 I BatteryMgr:DataCollectionService: stats => 1688499796461,-83,4117
07-04 21:43:16.571 18836 18932 I BatteryMgr:DataCollectionService: stats => 1688499796571,-83,4117
07-04 21:43:16.681 18836 18932 I BatteryMgr:DataCollectionService: stats => 1688499796681,-83,4117
07-04 21:43:16.791 18836 18932 I BatteryMgr:DataCollectionService: stats => 1688499796791,-83,4117
07-04 21:43:16.901 18836 18932 I BatteryMgr:DataCollectionService: stats => 1688499796901,-83,4117
07-04 21:43:17.011 18836 18932 I BatteryMgr:DataCollectionService: stats => 1688499797011,-83,4117
07-04 21:43:17.027  3957  4030 D SensorService: [SO] 0.077 -0.158 9.960
07-04 21:43:17.121 18836 18932 I BatteryMgr:DataCollectionService: stats => 1688499797121,-83,4117
07-04 21:43:17.231 18836 18932 I BatteryMgr:DataCollectionService: stats => 1688499797231,-83,4117
07-04 21:43:17.341 18836 18932 I BatteryMgr:DataCollectionService: stats => 1688499797341,-83,4117
07-04 21:43:17.451 18836 18932 I BatteryMgr:DataCollectionService: stats => 1688499797450,-83,4117
07-04 21:43:17.561 18836 18932 I BatteryMgr:DataCollectionService: stats => 1688499797561,-83,4117
07-04 21:43:17.671 18836 18932 I BatteryMgr:DataCollectionService: stats => 1688499797671,-83,4117
07-04 21:43:17.781 18836 18932 I BatteryMgr:DataCollectionService: stats => 1688499797781,-83,4117
07-04 21:43:17.891 18836 18932 I BatteryMgr:DataCollectionService: stats => 1688499797890,-83,4117
07-04 21:43:18.001 18836 18932 I BatteryMgr:DataCollectionService: stats => 1688499798001,-83,4117
07-04 21:43:18.111 18836 18932 I BatteryMgr:DataCollectionService: stats => 1688499798111,-83,4117
07-04 21:43:18.221 18836 18932 I BatteryMgr:DataCollectionService: stats => 1688499798221,-83,4117
07-04 21:43:18.332 18836 18932 I BatteryMgr:DataCollectionService: stats => 1688499798331,-83,4117
07-04 21:43:18.442 18836 18932 I BatteryMgr:DataCollectionService: stats => 1688499798441,-83,4117
07-04 21:43:18.551 18836 18932 I BatteryMgr:DataCollectionService: stats => 1688499798551,-83,4117
07-04 21:43:18.661 18836 18932 I BatteryMgr:DataCollectionService: stats => 1688499798661,-83,4117
07-04 21:43:18.771 18836 18932 I BatteryMgr:DataCollectionService: stats => 1688499798771,-83,4117
07-04 21:43:18.881 18836 18932 I BatteryMgr:DataCollectionService: stats => 1688499798881,-83,4117
07-04 21:43:18.991 18836 18932 I BatteryMgr:DataCollectionService: stats => 1688499798991,-83,4117
07-04 21:43:19.101 18836 18932 I BatteryMgr:DataCollectionService: stats => 1688499799101,-83,4117
07-04 21:43:19.212 18836 18932 I BatteryMgr:DataCollectionService: stats => 1688499799212,-83,4117
07-04 21:43:19.322 18836 18932 I BatteryMgr:DataCollectionService: stats => 1688499799322,-83,4117
07-04 21:43:19.357  3434  3434 I android.hardware.wifi@1.0-service: getLinkLayerStats
07-04 21:43:19.432 18836 18932 I BatteryMgr:DataCollectionService: stats => 1688499799432,-83,4117
07-04 21:43:19.542 18836 18932 I BatteryMgr:DataCollectionService: stats => 1688499799542,-83,4117
07-04 21:43:19.652 18836 18932 I BatteryMgr:DataCollectionService: stats => 1688499799652,-83,4117
07-04 21:43:19.762 18836 18932 I BatteryMgr:DataCollectionService: stats => 1688499799762,-83,4117
07-04 21:43:19.872 18836 18932 I BatteryMgr:DataCollectionService: stats => 1688499799871,-83,4117
07-04 21:43:19.982 18836 18932 I BatteryMgr:DataCollectionService: stats => 1688499799981,-83,4117
07-04 21:43:20.091 18836 18932 I BatteryMgr:DataCollectionService: stats => 1688499800091,-83,4117
07-04 21:43:20.201 18836 18932 I BatteryMgr:DataCollectionService: stats => 1688499800201,-83,4117
07-04 21:43:20.273  3957  6532 D SSRM:k  : SIOP:: AP = 270, PST = 273 (W:30), BAT = 263, USB = 0, CHG = 0
07-04 21:43:20.311 18836 18932 I BatteryMgr:DataCollectionService: stats => 1688499800311,-83,4117
07-04 21:43:20.421 18836 18932 I BatteryMgr:DataCollectionService: stats => 1688499800421,-83,4117
07-04 21:43:20.531 18836 18932 I BatteryMgr:DataCollectionService: stats => 1688499800530,-83,4117
07-04 21:43:20.641 18836 18932 I BatteryMgr:DataCollectionService: stats => 1688499800640,-83,4117
07-04 21:43:20.750 18836 18932 I BatteryMgr:DataCollectionService: stats => 1688499800750,-83,4117
07-04 21:43:20.860 18836 18932 I BatteryMgr:DataCollectionService: stats => 1688499800860,-83,4117
07-04 21:43:20.970 18836 18932 I BatteryMgr:DataCollectionService: stats => 1688499800969,-83,4117
07-04 21:43:21.079 18836 18932 I BatteryMgr:DataCollectionService: stats => 1688499801079,-83,4117
07-04 21:43:21.189 18836 18932 I BatteryMgr:DataCollectionService: stats => 1688499801189,-83,4117
07-04 21:43:21.299 18836 18932 I BatteryMgr:DataCollectionService: stats => 1688499801299,-83,4117
07-04 21:43:21.409 18836 18932 I BatteryMgr:DataCollectionService: stats => 1688499801408,-83,4117
07-04 21:43:21.518 18836 18932 I BatteryMgr:DataCollectionService: stats => 1688499801518,-83,4117
07-04 21:43:21.629 18836 18932 I BatteryMgr:DataCollectionService: stats => 1688499801628,-83,4117
07-04 21:43:21.738 18836 18932 I BatteryMgr:DataCollectionService: stats => 1688499801738,-83,4117
07-04 21:43:21.848 18836 18932 I BatteryMgr:DataCollectionService: stats => 1688499801848,-83,4117
07-04 21:43:21.958 18836 18932 I BatteryMgr:DataCollectionService: stats => 1688499801958,-83,4117
07-04 21:43:22.068 18836 18932 I BatteryMgr:DataCollectionService: stats => 1688499802068,-83,4117
07-04 21:43:22.178 18836 18932 I BatteryMgr:DataCollectionService: stats => 1688499802178,-83,4117
07-04 21:43:22.288 18836 18932 I BatteryMgr:DataCollectionService: stats => 1688499802287,-83,4117
07-04 21:43:22.380  3434  3434 I android.hardware.wifi@1.0-service: getLinkLayerStats
07-04 21:43:22.397 18836 18932 I BatteryMgr:DataCollectionService: stats => 1688499802397,-83,4117
07-04 21:43:22.507 18836 18932 I BatteryMgr:DataCollectionService: stats => 1688499802507,-83,4117
07-04 21:43:22.617 18836 18932 I BatteryMgr:DataCollectionService: stats => 1688499802617,-83,4117
07-04 21:43:22.727 18836 18932 I BatteryMgr:DataCollectionService: stats => 1688499802727,-83,4117
07-04 21:43:22.731  3957  3983 W StorageManager: getStorageFullBytes DEFAULT_FULL_THRESHOLD_BYTES : 20971520, threadhold : 20971520
07-04 21:43:22.732  3957  3983 W StorageManager: getStorageLowBytes lowPercent : 5, lowBytes : 1260145254, maxLowBytes : 524288000
07-04 21:43:22.735  3957  3983 W DeviceStorageMonitorService: updateBroadcasts(/data) oldLevel:0, newLevel:0, seq:1
07-04 21:43:22.735  3957  3983 W DeviceStorageMonitorService: updateBroadcasts_filenode(/data) fn_oldLevel:0, fn_newLevel:0, seq:1
07-04 21:43:22.837 18836 18932 I BatteryMgr:DataCollectionService: stats => 1688499802837,-83,4117
07-04 21:43:22.947 18836 18932 I BatteryMgr:DataCollectionService: stats => 1688499802947,-83,4117
07-04 21:43:23.057 18836 18932 I BatteryMgr:DataCollectionService: stats => 1688499803057,-83,4117
07-04 21:43:23.166 18836 18932 I BatteryMgr:DataCollectionService: stats => 1688499803166,-83,4117
07-04 21:43:23.276 18836 18932 I BatteryMgr:DataCollectionService: stats => 1688499803276,-83,4117
07-04 21:43:23.386 18836 18932 I BatteryMgr:DataCollectionService: stats => 1688499803386,-83,4117
07-04 21:43:23.496 18836 18932 I BatteryMgr:DataCollectionService: stats => 1688499803496,-83,4117
07-04 21:43:23.606 18836 18932 I BatteryMgr:DataCollectionService: stats => 1688499803606,-83,4117
07-04 21:43:23.716 18836 18932 I BatteryMgr:DataCollectionService: stats => 1688499803716,-83,4117
07-04 21:43:23.826 18836 18932 I BatteryMgr:DataCollectionService: stats => 1688499803825,-83,4117
07-04 21:43:23.935 18836 18932 I BatteryMgr:DataCollectionService: stats => 1688499803935,-83,4117
07-04 21:43:24.045 18836 18932 I BatteryMgr:DataCollectionService: stats => 1688499804045,-83,4117
07-04 21:43:24.155 18836 18932 I BatteryMgr:DataCollectionService: stats => 1688499804155,-83,4117
07-04 21:43:24.253  3957  4440 E Watchdog: !@Sync 166 [2023-07-04 21:43:24.253]
07-04 21:43:24.265 18836 18932 I BatteryMgr:DataCollectionService: stats => 1688499804265,-83,4117
07-04 21:43:24.375 18836 18932 I BatteryMgr:DataCollectionService: stats => 1688499804375,-83,4117
07-04 21:43:24.485 18836 18932 I BatteryMgr:DataCollectionService: stats => 1688499804484,-83,4117
07-04 21:43:24.594 18836 18932 I BatteryMgr:DataCollectionService: stats => 1688499804594,-83,4117
07-04 21:43:24.704 18836 18932 I BatteryMgr:DataCollectionService: stats => 1688499804704,-83,4117
07-04 21:43:24.813 18836 18932 I BatteryMgr:DataCollectionService: stats => 1688499804813,-83,4117
07-04 21:43:24.923 18836 18932 I BatteryMgr:DataCollectionService: stats => 1688499804923,-83,4117
07-04 21:43:25.033 18836 18932 I BatteryMgr:DataCollectionService: stats => 1688499805032,-83,4117
07-04 21:43:25.142 18836 18932 I BatteryMgr:DataCollectionService: stats => 1688499805142,-83,4117
07-04 21:43:25.253 18836 18932 I BatteryMgr:DataCollectionService: stats => 1688499805253,-83,4117
07-04 21:43:25.362 18836 18932 I BatteryMgr:DataCollectionService: stats => 1688499805362,-83,4117
07-04 21:43:25.403  3434  3434 I android.hardware.wifi@1.0-service: getLinkLayerStats
07-04 21:43:25.472 18836 18932 I BatteryMgr:DataCollectionService: stats => 1688499805472,-83,4117
07-04 21:43:25.582 18836 18932 I BatteryMgr:DataCollectionService: stats => 1688499805582,-83,4117
07-04 21:43:25.692 18836 18932 I BatteryMgr:DataCollectionService: stats => 1688499805691,-83,4117
07-04 21:43:25.801 18836 18932 I BatteryMgr:DataCollectionService: stats => 1688499805801,-83,4117
07-04 21:43:25.911 18836 18932 I BatteryMgr:DataCollectionService: stats => 1688499805910,-83,4117
07-04 21:43:26.020 18836 18932 I BatteryMgr:DataCollectionService: stats => 1688499806020,-83,4117
07-04 21:43:26.130 18836 18932 I BatteryMgr:DataCollectionService: stats => 1688499806130,-83,4117
07-04 21:43:26.240 18836 18932 I BatteryMgr:DataCollectionService: stats => 1688499806240,-83,4117
07-04 21:43:26.349 18836 18932 I BatteryMgr:DataCollectionService: stats => 1688499806349,-83,4117
07-04 21:43:26.459 18836 18932 I BatteryMgr:DataCollectionService: stats => 1688499806459,-83,4117
07-04 21:43:26.569 18836 18932 I BatteryMgr:DataCollectionService: stats => 1688499806568,-83,4117
07-04 21:43:26.678 18836 18932 I BatteryMgr:DataCollectionService: stats => 1688499806678,-83,4117
07-04 21:43:26.788 18836 18932 I BatteryMgr:DataCollectionService: stats => 1688499806788,-83,4117
07-04 21:43:26.898 18836 18932 I BatteryMgr:DataCollectionService: stats => 1688499806897,-83,4117
07-04 21:43:27.008 18836 18932 I BatteryMgr:DataCollectionService: stats => 1688499807007,-83,4117
07-04 21:43:27.027  3957  4030 D SensorService: [SO] 0.067 -0.168 9.917
07-04 21:43:27.117 18836 18932 I BatteryMgr:DataCollectionService: stats => 1688499807117,-83,4117
07-04 21:43:27.228 18836 18932 I BatteryMgr:DataCollectionService: stats => 1688499807228,-83,4117
07-04 21:43:27.338 18836 18932 I BatteryMgr:DataCollectionService: stats => 1688499807337,-83,4117
07-04 21:43:27.447 18836 18932 I BatteryMgr:DataCollectionService: stats => 1688499807447,-83,4117
07-04 21:43:27.557 18836 18932 I BatteryMgr:DataCollectionService: stats => 1688499807557,-83,4117
07-04 21:43:27.667 18836 18932 I BatteryMgr:DataCollectionService: stats => 1688499807667,-83,4117
07-04 21:43:27.777 18836 18932 I BatteryMgr:DataCollectionService: stats => 1688499807776,-83,4117
07-04 21:43:27.887 18836 18932 I BatteryMgr:DataCollectionService: stats => 1688499807887,-83,4117
07-04 21:43:27.997 18836 18932 I BatteryMgr:DataCollectionService: stats => 1688499807996,-83,4117
07-04 21:43:28.106 18836 18932 I BatteryMgr:DataCollectionService: stats => 1688499808106,-83,4117
07-04 21:43:28.216 18836 18932 I BatteryMgr:DataCollectionService: stats => 1688499808216,-83,4117
07-04 21:43:28.325 18836 18932 I BatteryMgr:DataCollectionService: stats => 1688499808325,-83,4117
07-04 21:43:28.425  3434  3434 I android.hardware.wifi@1.0-service: getLinkLayerStats
07-04 21:43:28.435 18836 18932 I BatteryMgr:DataCollectionService: stats => 1688499808435,-83,4117
07-04 21:43:28.545 18836 18932 I BatteryMgr:DataCollectionService: stats => 1688499808544,-83,4117
07-04 21:43:28.654 18836 18932 I BatteryMgr:DataCollectionService: stats => 1688499808654,-83,4117
07-04 21:43:28.763 18836 18932 I BatteryMgr:DataCollectionService: stats => 1688499808763,-83,4117
07-04 21:43:28.873 18836 18932 I BatteryMgr:DataCollectionService: stats => 1688499808873,-83,4117
07-04 21:43:28.983 18836 18932 I BatteryMgr:DataCollectionService: stats => 1688499808983,-83,4117
07-04 21:43:29.093 18836 18932 I BatteryMgr:DataCollectionService: stats => 1688499809093,-83,4117
07-04 21:43:29.178 11984 11984 E adbd    : recv: OPEN 00009506 00000000 003a:73 68 65 6C 6C 2C 76 32 2C 54 45 52 4D 3D 73 63 72 65 65 6E 2C 72 61 77 3A 67 65 74 70 72 6F 70 20 72 6F 2E 62 75 69 6C 64 2E 76 65 72 73 69 6F 6E 2E 72 65 6C 65 61 73 65 00 
07-04 21:43:29.178 11984 11984 E adbd    : service_to_fd: shell,v2,TERM=screen,raw:getprop ro.build.version.release
07-04 21:43:29.202 18836 18932 I BatteryMgr:DataCollectionService: stats => 1688499809201,-83,4117
07-04 21:43:29.307 18836 18932 I BatteryMgr:DataCollectionService: stats => 1688499809307,-83,4117
07-04 21:43:29.322 11984 11984 E adbd    : recv: OPEN 00009509 00000000 0036:73 68 65 6C 6C 2C 76 32 2C 54 45 52 4D 3D 73 63 72 65 65 6E 2C 72 61 77 3A 67 65 74 70 72 6F 70 20 72 6F 2E 62 75 69 6C 64 2E 76 65 72 73 69 6F 6E 2E 73 64 6B 00 
07-04 21:43:29.322 11984 11984 E adbd    : service_to_fd: shell,v2,TERM=screen,raw:getprop ro.build.version.sdk
07-04 21:43:29.406 11984 11984 E adbd    : recv: OPEN 0000950c 00000000 0084:73 68 65 6C 6C 2C 76 32 2C 54 45 52 4D 3D 73 63 72 65 65 6E 2C 72 61 77 3A 61 6D 20 73 74 6F 70 73 65 72 76 69 63 65 20 63 6F 6D 2E 65 78 61 6D 70 6C 65 2E 62 61 74 74 65 72 79 6D 61 6E 61 67 65 72 5F 75 74 69 6C 69 74 79 2F 63 6F 6D 2E 65 78 61 6D 70 6C 65 2E 62 61 74 74 65 72 79 6D 61 6E 61 67 65 72 5F 75 74 69 6C 69 74 79 2E 44 61 74 61 43 6F 6C 6C 65 63 74 69 6F 6E 53 65 72 76 69 63 65 00 
07-04 21:43:29.406 11984 11984 E adbd    : service_to_fd: shell,v2,TERM=screen,raw:am stopservice com.example.batterymanager_utility/com.example.batterymanager_utility.DataCollectionService
07-04 21:43:29.412 18836 18932 I BatteryMgr:DataCollectionService: stats => 1688499809412,-83,4117
07-04 21:43:29.504  3957  3972 D ApplicationPolicy: isStatusBarNotificationAllowedAsUser: packageName = android,userId = 0
07-04 21:43:29.504  3957  3972 D API test: getContainerInfo: value is 
07-04 21:43:29.504  3957  3972 D ApplicationPolicy: isStatusBarNotificationAllowedAsUser: packageName = android,userId = 0
07-04 21:43:29.504  3957  3972 D API test: getContainerInfo: value is 
07-04 21:43:29.508  3957  3957 D AudioService: getStreamVolume 5 index 110
07-04 21:43:29.509  3957  8950 D Notification: allPendingIntents
07-04 21:43:29.510  3957 15129 D Notification: allPendingIntents
07-04 21:43:29.525  4339  4339 D KeyguardUpdateMonitor: handleStatusBarState( false )
07-04 21:43:29.545  4339  4339 D KeyguardUpdateMonitor: handleStatusBarState( false )
07-04 21:43:29.547 11984 11984 E adbd    : recv: OPEN 0000950f 00000000 006e:73 68 65 6C 6C 2C 76 32 2C 54 45 52 4D 3D 73 63 72 65 65 6E 2C 72 61 77 3A 64 75 6D 70 73 79 73 20 61 63 74 69 76 69 74 79 20 72 65 63 65 6E 74 73 20 7C 20 67 72 65 70 20 22 52 65 63 65 6E 74 20 23 30 22 20 7C 20 63 75 74 20 2D 64 20 22 3D 22 20 2D 66 32 20 7C 20 67 72 65 70 20 2D 6F 20 2D 70 20 22 5B 61 2D 7A 7C 2E 5D 2A 22 00 
07-04 21:43:29.547 11984 11984 E adbd    : service_to_fd: shell,v2,TERM=screen,raw:dumpsys activity recents | grep "Recent #0" | cut -d "=" -f2 | grep -o -p "[a-z|.]*"
07-04 21:43:29.560  4339  4339 D KeyguardUpdateMonitor: handleStatusBarState( false )
07-04 21:43:29.644 11984 11984 E adbd    : recv: OPEN 00009512 00000000 003a:73 68 65 6C 6C 2C 76 32 2C 54 45 52 4D 3D 73 63 72 65 65 6E 2C 72 61 77 3A 67 65 74 70 72 6F 70 20 72 6F 2E 62 75 69 6C 64 2E 76 65 72 73 69 6F 6E 2E 72 65 6C 65 61 73 65 00 
07-04 21:43:29.645 11984 11984 E adbd    : service_to_fd: shell,v2,TERM=screen,raw:getprop ro.build.version.release
07-04 21:43:29.723 11984 11984 E adbd    : recv: OPEN 00009515 00000000 0036:73 68 65 6C 6C 2C 76 32 2C 54 45 52 4D 3D 73 63 72 65 65 6E 2C 72 61 77 3A 67 65 74 70 72 6F 70 20 72 6F 2E 62 75 69 6C 64 2E 76 65 72 73 69 6F 6E 2E 73 64 6B 00 
07-04 21:43:29.724 11984 11984 E adbd    : service_to_fd: shell,v2,TERM=screen,raw:getprop ro.build.version.sdk
07-04 21:43:29.836 11984 11984 E adbd    : recv: OPEN 00009518 00000000 0036:73 68 65 6C 6C 2C 76 32 2C 54 45 52 4D 3D 73 63 72 65 65 6E 2C 72 61 77 3A 61 6D 20 66 6F 72 63 65 2D 73 74 6F 70 20 65 2E 77 77 77 2E 62 61 73 65 6C 69 6E 65 00 
07-04 21:43:29.837 11984 11984 E adbd    : service_to_fd: shell,v2,TERM=screen,raw:am force-stop e.www.baseline
07-04 21:43:29.934  3957  5333 I ActivityManager: Force stopping e.www.baseline appid=10164 user=0: from pid 18973
07-04 21:43:29.935  3957  5333 I ActivityManager: Killing 18879:e.www.baseline/u0a164 (adj 0): stop e.www.baseline,from pid 18973
07-04 21:43:29.936  3957  5333 W ActivityManager: Force removing ActivityRecord{613700d u0 e.www.baseline/.MainActivity t78}: app died, no saved state
07-04 21:43:29.943  3957  5333 D InputDispatcher: Focus left window: 18879
07-04 21:43:29.944  3957  5333 I WindowManager: Failed to capture screenshot of Token{978dbc2 ActivityRecord{613700d u0 e.www.baseline/.MainActivity t78 f}} appWin=Window{9fc3a6c u0 e.www.baseline/e.www.baseline.MainActivity} drawState=4
07-04 21:43:29.945  3957  5333 I WindowManager: Destroying surface Surface(name=e.www.baseline/e.www.baseline.MainActivity) called by com.android.server.wm.WindowStateAnimator.destroySurface:2501 com.android.server.wm.WindowStateAnimator.destroySurfaceLocked:985 com.android.server.wm.WindowState.removeImmediately:2403 com.android.server.wm.WindowState.removeIfPossible:2602 com.android.server.wm.WindowState.removeIfPossible:2432 com.android.server.wm.WindowToken.removeAllWindowsIfPossible:143 com.android.server.wm.AppWindowToken.removeIfPossible:606 com.android.server.wm.AppWindowToken.onRemovedFromDisplay:674 
07-04 21:43:29.946  3445  4664 I SurfaceFlinger: id=278 Removed e.www.baseline/e.www.baseline.MainActivity#0 (2/4)
07-04 21:43:29.946  3445  4664 I SurfaceFlinger: id=278 Removed e.www.baseline/e.www.baseline.MainActivity#0 (-2/4)
07-04 21:43:29.951  3957  5333 D InputDispatcher: Focused application released
07-04 21:43:29.955  3445  3445 I Layer   : id=278 onRemoved e.www.baseline/e.www.baseline.MainActivity#0 
07-04 21:43:29.958  3957  5333 D CustomFrequencyManagerService: acquireDVFSLockLocked : type : DVFS_MIN_LIMIT  frequency : 1560000  uid : 1000  pid : 3957  pkgName : AMS_ACT_RESUME@CPU_MIN@8
07-04 21:43:29.959  3445  3445 I SurfaceFlinger: Display 0 HWC layers:
07-04 21:43:29.959  3445  3445 I SurfaceFlinger:     type    |    handle    | flag |  format   |   source crop (l,t,r,b)    |         frame       | name 
07-04 21:43:29.959  3445  3445 I SurfaceFlinger: ------------+--------------+------+-----------+----------------------------+---------------------+------
07-04 21:43:29.959  3445  3445 I SurfaceFlinger:      Device | 0x709a5efa80 | 0000 | RGBA_8888 |   0.0    0.0  720.0   42.0 |    0    0  720   42 | StatusBar#0
07-04 21:43:29.959  3445  3445 I SurfaceFlinger: 
07-04 21:43:29.963  3957  5333 D ActivityManagerPerformance: AMP_acquire() ACT_RESUME
07-04 21:43:29.964  3957  5333 D ActivityManager: isScaleDownAnimationEnabled() : false
07-04 21:43:29.964  3957  5333 D PersonaManagerService: Current focused persona service handled id set to : 0
07-04 21:43:29.964  3957  5333 D InputDispatcher: Focused application set to: xxxx
07-04 21:43:29.967  3957  4202 D GameManagerService: handleForegroundChange(). pkgName: com.example.batterymanager_utility, clsName: com.example.batterymanager_utility.MainActivity,FgActivityName:com.example.batterymanager_utility/.MainActivity
07-04 21:43:29.967  3957  5333 D MARsPolicyManager: onPackageResumedFG pkgName = com.example.batterymanager_utility, userId = 0
07-04 21:43:29.968  3957  4202 D GameManagerService: sem_perfomance_mode: 3
07-04 21:43:29.968  3957  4202 D GameManagerService: notifyResumePause(). pkg: com.example.batterymanager_utility, type: 4, isMinimized: false, isTunableApp: false
07-04 21:43:29.968  3957  4202 D GameManagerService:   notifyResumePause(). unexpected mPrevNotiType: -1
07-04 21:43:29.974  3957  3957 D SamsungAlarmManager: Remove alarm for next reason : android.intent.action.PACKAGE_RESTARTED : package: e.www.baseline
07-04 21:43:29.978  3957  5333 V WindowManager: Relayout Window{4933e99 u0 com.example.batterymanager_utility/com.example.batterymanager_utility.MainActivity}: viewVisibility=4 req=720x1280 WM.LayoutParams{(0,0)(fillxfill) sim=#120 ty=1 fl=#81810100 pfl=0x20000 wanim=0x10302fd vsysui=0x600 needsMenuKey=2 colorMode=0 naviIconColor=0}
