--------- beginning of main
07-04 02:25:06.302  1301  1301 I chatty  : uid=1001(radio) /system/vendor/bin/ipacm expire 33 lines
07-04 02:25:06.302  1301  1301 W ipacm   : type=1400 audit(0.0:8829533): avc: denied { write } for name="ipacm_log_file" dev="tmpfs" ino=28733 scontext=u:r:ipacm:s0 tcontext=u:object_r:ipacm_socket:s0 tclass=sock_file permissive=0
--------- beginning of system
07-04 02:25:06.581  1631  9287 I ActivityTaskManager: zhl stack block_packagename =
07-04 02:25:06.581  1631  9287 I ActivityTaskManager: zhl stack block_activity =
07-04 02:25:06.581  1631  9287 I ActivityTaskManager: zhl mPackage =com.example.batterymanager_utility
07-04 02:25:06.581  1631  9287 I ActivityTaskManager: zhl mClass =MainActivity
07-04 02:25:06.581  1631  9287 I ActivityTaskManager: START u0 {act=android.intent.action.MAIN cat=[android.intent.category.LAUNCHER] flg=0x10000000 cmp=com.example.batterymanager_utility/.MainActivity} from uid 2000
07-04 02:25:06.595  1631  9287 D CompatibilityInfo: mCompatibilityFlags - 0
07-04 02:25:06.595  1631  9287 D CompatibilityInfo: applicationDensity - 420
07-04 02:25:06.595  1631  9287 D CompatibilityInfo: applicationScale - 1.0
07-04 02:25:06.596  1631  9287 D ActivityTrigger: ActivityTrigger activityPauseTrigger 
07-04 02:25:06.600 17654 17656 I cmd     : oneway function results will be dropped but finished with status OK and parcel size 4
07-04 02:25:06.608  1631  1821 W ActivityManager: ProcessRecord{9eadb6f 0:com.example.batterymanager_utility/u0a200}: ART verification disabled
07-04 02:25:06.608  1631  1821 D CompatibilityChangeReporter: Compat change id reported: 135634846; UID 10200; state: DISABLED
07-04 02:25:06.609  1631  1835 D CompatibilityChangeReporter: Compat change id reported: 143937733; UID 10200; state: ENABLED
07-04 02:25:06.620   815   815 D Zygote  : Forked child process 17661
07-04 02:25:06.625  1631  1835 I ActivityManager: Start proc 17661:com.example.batterymanager_utility/u0a200 for pre-top-activity {com.example.batterymanager_utility/com.example.batterymanager_utility.MainActivity}
07-04 02:25:06.640 17661 17661 I manager_utilit: Late-enabling -Xcheck:jni
07-04 02:25:06.678 17661 17661 I manager_utilit: Unquickening 18 vdex files!
07-04 02:25:06.688 15323 15330 I adbd    : jdwp connection from 17661
07-04 02:25:06.700 29915 29915 I A       : onPause
07-04 02:25:06.702  1631  3711 D CompatibilityInfo: mCompatibilityFlags - 0
07-04 02:25:06.702  1631  3711 D CompatibilityInfo: applicationDensity - 420
07-04 02:25:06.702  1631  3711 D CompatibilityInfo: applicationScale - 1.0
07-04 02:25:06.706  1631  3711 D CompatibilityInfo: mCompatibilityFlags - 0
07-04 02:25:06.706  1631  3711 D CompatibilityInfo: applicationDensity - 420
07-04 02:25:06.706  1631  3711 D CompatibilityInfo: applicationScale - 1.0
07-04 02:25:06.708  3613 12348 D FaceUnlock: onTaskStackChangedBackground
07-04 02:25:06.722 29950 29950 I HdmBroadcastRecvUpd: (REDACTED) received broadcast: %s
07-04 02:25:06.723 29950 30071 I HdmHotwordRequestListen: (REDACTED) received broadcast: %s
07-04 02:25:06.723 29950 30071 I SodaTriggeringFrontend: (REDACTED) #onConfigUpdate. requester: %s
07-04 02:25:06.723  3613 12348 D FaceUnlock: PackageName =com.example.batterymanager_utility
07-04 02:25:06.723 29950 30071 I SodaTriggeringFrontend: #onConfigUpdate inside sequencer
07-04 02:25:06.723 29950 30071 I A       : (REDACTED) Voice Match (Speaker-id) supported : %b 
07-04 02:25:06.723 29950 30071 I A       : (REDACTED) hotword enrollment state is enrolled:  %b, speakerId model exist: %b. Voice Match supported : %b 
07-04 02:25:06.723 29950 30071 I A       : (REDACTED) isHotwordAvailable():  %b, isHotwordEnabled() %b 
07-04 02:25:06.723 29950 30071 I A       : (REDACTED) isHotwordAvailable():  %b, isHotwordEnabled() %b 
07-04 02:25:06.723 29950 30071 I A       : (REDACTED) Hotword enrollment state : %s.
07-04 02:25:06.723 29950 30071 I A       : (REDACTED) Voice Match (Speaker-id) supported : %b 
07-04 02:25:06.724 29950 30071 I A       : (REDACTED) Voice Match (Speaker-id) supported : %b 
07-04 02:25:06.724 29950 30071 I A       : (REDACTED) hotword enrollment state is enrolled:  %b, speakerId model exist: %b, voice match supported : %b
07-04 02:25:06.724 29950 30071 I A       : (REDACTED) Hotword isNonVoiceMatchHotwordEnabled: %b, isHotwordAvailable : %b, isHotwordEnabled : %b, isVoiceMatchSupported: %b, isHotwordEnrolled: %b.
07-04 02:25:06.724 29950 30071 I SodaTriggeringFrontend: (REDACTED) Ignore the legacy hotword request. voice match enabled %b, isHotwordSupported %b, isIncompleteEnrollmentState %b, nonVoiceMatchHotwordEnabled %b
07-04 02:25:06.806 17667 17667 D AndroidRuntime: >>>>>> START com.android.internal.os.RuntimeInit uid 2000 <<<<<<
07-04 02:25:06.810 17667 17667 E libc    : Access denied finding property "persist.device_config.runtime_native_boot.profilebootclasspath"
07-04 02:25:06.810 17667 17667 E libc    : Access denied finding property "persist.device_config.runtime_native_boot.enable_apex_image"
07-04 02:25:06.810 17667 17667 I AndroidRuntime: Using default boot image
07-04 02:25:06.810 17667 17667 E libc    : Access denied finding property "persist.device_config.runtime_native_boot.disable_lock_profiling"
07-04 02:25:06.810 17667 17667 I AndroidRuntime: Leaving lock profiling enabled
07-04 02:25:06.810 17667 17667 E libc    : Access denied finding property "persist.device_config.runtime_native_boot.enable_generational_cc"
07-04 02:25:06.888 17661 17661 I Perf    : Connecting to perf service.
07-04 02:25:06.899 17661 17661 D NetworkSecurityConfig: No Network Security Config specified, using platform default
07-04 02:25:06.900 17661 17661 D NetworkSecurityConfig: No Network Security Config specified, using platform default
07-04 02:25:06.910 17661 17661 I BatteryMgr:App: creating notification channel
07-04 02:25:06.942 17667 17667 D app_process: Time zone APEX ICU file found: /apex/com.android.tzdata/etc/icu/icu_tzdata.dat
07-04 02:25:06.942 17667 17667 D app_process: I18n APEX ICU file found: /apex/com.android.i18n/etc/icu/icudt66l.dat
07-04 02:25:06.955 17667 17667 I app_process: The ClassLoaderContext is a special shared library.
07-04 02:25:06.979 17667 17667 W app_process: JNI RegisterNativeMethods: attempt to register 0 native methods for android.media.AudioAttributes
07-04 02:25:06.979 17661 17661 V Activity: mLastPackageName-com.example.batterymanager_utility.MainActivity
07-04 02:25:06.991 17667 17667 D AndroidRuntime: Calling main entry com.android.commands.monkey.Monkey
07-04 02:25:06.993 17667 17667 W Monkey  : args: [-p, e.www.gpstest, 1]
07-04 02:25:06.994 17667 17667 W Monkey  :  arg: "-p"
07-04 02:25:06.994 17667 17667 W Monkey  :  arg: "e.www.gpstest"
07-04 02:25:06.994 17667 17667 W Monkey  :  arg: "1"
07-04 02:25:06.995 17667 17667 W Monkey  : data="e.www.gpstest"
07-04 02:25:07.022 17661 17661 D PureDisplay: package-com.example.batterymanager_utility DYNAMIC_ORIGINAL_MODE open
07-04 02:25:07.025 23440 23440 D PureDisplay: PureDisplayModeChangeReceiver,hdrMode=1
07-04 02:25:07.028 23440 23440 I android_os_HwBinder: HwBinder: Starting thread pool for getting: vendor.pixelworks.hardware.display@1.0::IIris/default
07-04 02:25:07.029   872   942 I IrisService: irisConfigureSet(258, 1, 1)
07-04 02:25:07.029 23440 23440 D PureDisplay: --setIrisDisplayHdrMode- mode =1--result = 0
07-04 02:25:07.029 23440 23440 D PureDisplay: PureDisplayModeChangeReceiver,pureDisplayMode=1
07-04 02:25:07.030 23440 23440 D PureDisplay: isDeviceProvisioned=true
07-04 02:25:07.031 23440 23440 D PureDisplay: isUserSetuped=true
07-04 02:25:07.031 23440 23440 D PureDisplay: setOriginalModeEnable()
07-04 02:25:07.032  1631  1834 W BroadcastQueue: Skipping deliver [background] BroadcastRecord{76b795b u-1 android.net.conn.CONNECTIVITY_CHANGE} to ReceiverList{f1e95f8 17667 (unknown name)/2000/u-1 remote:a516e55}: process gone or crashing
07-04 02:25:07.032 23440 23440 I android_os_HwBinder: HwBinder: Starting thread pool for getting: vendor.pixelworks.hardware.display@1.0::IIris/default
07-04 02:25:07.033   872   942 I IrisService: irisConfigureSet(0, 1, 0)
07-04 02:25:07.040 23440 23440 I android_os_HwBinder: HwBinder: Starting thread pool for getting: vendor.pixelworks.hardware.display@1.0::IIris/default
07-04 02:25:07.041   872   942 I IrisService: irisConfigureSet(41, 1, 0)
07-04 02:25:07.042 23440 23440 I android_os_HwBinder: HwBinder: Starting thread pool for getting: vendor.pixelworks.hardware.display@1.0::IIris/default
07-04 02:25:07.043   872   872 I IrisService: irisConfigureSet(42, 1, 0)
07-04 02:25:07.044 23440 23440 I android_os_HwBinder: HwBinder: Starting thread pool for getting: vendor.pixelworks.hardware.display@1.0::IIris/default
07-04 02:25:07.044   872   872 I IrisService: irisConfigureSet(40, 1, 0)
07-04 02:25:07.047  1631  9287 I ActivityTaskManager: zhl stack block_packagename =
07-04 02:25:07.047  1631  9287 I ActivityTaskManager: zhl stack block_activity =
07-04 02:25:07.047  1631  9287 I ActivityTaskManager: zhl mPackage =e.www.gpstest
07-04 02:25:07.047  1631  9287 I ActivityTaskManager: zhl mClass =MainActivity
07-04 02:25:07.048  1631  9287 I ActivityTaskManager: START u0 {act=android.intent.action.MAIN cat=[android.intent.category.LAUNCHER] flg=0x10200000 cmp=e.www.gpstest/.MainActivity} from uid 2000
07-04 02:25:07.057  1631  9287 D CompatibilityInfo: mCompatibilityFlags - 0
07-04 02:25:07.057  1631  9287 D CompatibilityInfo: applicationDensity - 420
07-04 02:25:07.057  1631  9287 D CompatibilityInfo: applicationScale - 1.0
07-04 02:25:07.057 23440 23440 I android_os_HwBinder: HwBinder: Starting thread pool for getting: vendor.pixelworks.hardware.display@1.0::IIris/default
07-04 02:25:07.058   872   872 I IrisService: irisConfigureSet(36, 1, 0)
07-04 02:25:07.058  1631  9287 D ActivityTrigger: ActivityTrigger activityPauseTrigger 
07-04 02:25:07.063 17667 17667 I Monkey  : Events injected: 1
07-04 02:25:07.067  1631  1821 W ActivityManager: ProcessRecord{93db8d3 0:e.www.gpstest/u0a240}: ART verification disabled
07-04 02:25:07.068  1631  1821 D CompatibilityChangeReporter: Compat change id reported: 135634846; UID 10240; state: DISABLED
07-04 02:25:07.068  1631  1835 D CompatibilityChangeReporter: Compat change id reported: 143937733; UID 10240; state: DISABLED
07-04 02:25:07.073 23440 23440 D PureDisplay: getWhiteBalanceAutoMode()0
07-04 02:25:07.075 17667 17667 I Monkey  : ## Network stats: elapsed time=24ms (0ms mobile, 0ms wifi, 24ms not connected)
07-04 02:25:07.076 17667 17667 I app_process: System.exit called, status: 0
07-04 02:25:07.076 17667 17667 I AndroidRuntime: VM exiting with result code 0.
07-04 02:25:07.078 23440 23440 I android_os_HwBinder: HwBinder: Starting thread pool for getting: vendor.pixelworks.hardware.display@1.0::IIris/default
07-04 02:25:07.078   872   872 I IrisService: irisConfigureSet(39, 1, 1)
07-04 02:25:07.082   815   815 D Zygote  : Forked child process 17707
07-04 02:25:07.089  1631  1835 I ActivityManager: Start proc 17707:e.www.gpstest/u0a240 for pre-top-activity {e.www.gpstest/e.www.gpstest.MainActivity}
07-04 02:25:07.102 17707 17707 I e.www.gpstest: Late-enabling -Xcheck:jni
07-04 02:25:07.106 23440 23440 I android_os_HwBinder: HwBinder: Starting thread pool for getting: vendor.pixelworks.hardware.display@1.0::IIris/default
07-04 02:25:07.109   872   872 I IrisService: irisConfigureSet(264, 1, 0)
07-04 02:25:07.109 23440 23440 D PureDisplay: PureDisplayModeChangeReceiver,lastclass=com.example.batterymanager_utility.MainActivity
07-04 02:25:07.111 23440 23440 D PureDisplay: PureDisplayModeChangeReceiver,lastpackage=com.example.batterymanager_utility
07-04 02:25:07.111 23440 23440 D PureDisplay: PureDisplayModeChangeReceiver,lastpackage_resume=1
07-04 02:25:07.137 17707 17707 I e.www.gpstest: Unquickening 18 vdex files!
07-04 02:25:07.147 15323 15330 I adbd    : jdwp connection from 17707
07-04 02:25:07.161  1631  3710 D CompatibilityInfo: mCompatibilityFlags - 0
07-04 02:25:07.161  1631  3710 D CompatibilityInfo: applicationDensity - 420
07-04 02:25:07.161  1631  3710 D CompatibilityInfo: applicationScale - 1.0
07-04 02:25:07.163  1631  3710 I ActivityTaskManager: The Process e.www.gpstest Already Exists in BG. So sending its PID: 17707
07-04 02:25:07.169 24565 24565 V Activity: onStop mLastPackageName = com.example.batterymanager_utility.MainActivity--mLastPackageResume = 1
07-04 02:25:07.196 17707 17707 D ApplicationLoaders: Returning zygote-cached class loader: /system/framework/android.test.base.jar
07-04 02:25:07.197 24565 24565 D PureDisplay: package-com.example.batterymanager_utility DYNAMIC_ORIGINAL_MODE open
07-04 02:25:07.199 23440 23440 D PureDisplay: PureDisplayModeChangeReceiver,hdrMode=1
07-04 02:25:07.202 29915 29915 I A       : onStop
07-04 02:25:07.202 23440 23440 I android_os_HwBinder: HwBinder: Starting thread pool for getting: vendor.pixelworks.hardware.display@1.0::IIris/default
07-04 02:25:07.202   872   872 I IrisService: irisConfigureSet(258, 1, 1)
07-04 02:25:07.203 23440 23440 D PureDisplay: --setIrisDisplayHdrMode- mode =1--result = 0
07-04 02:25:07.203 23440 23440 D PureDisplay: PureDisplayModeChangeReceiver,pureDisplayMode=1
07-04 02:25:07.204 23440 23440 D PureDisplay: isDeviceProvisioned=true
07-04 02:25:07.204 23440 23440 D PureDisplay: isUserSetuped=true
07-04 02:25:07.204 23440 23440 D PureDisplay: setOriginalModeEnable()
07-04 02:25:07.205 23440 23440 I android_os_HwBinder: HwBinder: Starting thread pool for getting: vendor.pixelworks.hardware.display@1.0::IIris/default
07-04 02:25:07.206   872   872 I IrisService: irisConfigureSet(0, 1, 0)
07-04 02:25:07.224 23440 23440 I android_os_HwBinder: HwBinder: Starting thread pool for getting: vendor.pixelworks.hardware.display@1.0::IIris/default
07-04 02:25:07.224   872   872 I IrisService: irisConfigureSet(41, 1, 0)
07-04 02:25:07.227 23440 23440 I android_os_HwBinder: HwBinder: Starting thread pool for getting: vendor.pixelworks.hardware.display@1.0::IIris/default
07-04 02:25:07.228   872   872 I IrisService: irisConfigureSet(42, 1, 0)
07-04 02:25:07.230 23440 23440 I android_os_HwBinder: HwBinder: Starting thread pool for getting: vendor.pixelworks.hardware.display@1.0::IIris/default
07-04 02:25:07.231   872   872 I IrisService: irisConfigureSet(40, 1, 0)
07-04 02:25:07.240 23440 23440 I android_os_HwBinder: HwBinder: Starting thread pool for getting: vendor.pixelworks.hardware.display@1.0::IIris/default
07-04 02:25:07.241   872   872 I IrisService: irisConfigureSet(36, 1, 0)
07-04 02:25:07.256 23440 23440 D PureDisplay: getWhiteBalanceAutoMode()0
07-04 02:25:07.257 17661 17686 I AdrenoGLES-0: QUALCOMM build                   : d7ad79a, I2f86ca99a8
07-04 02:25:07.257 17661 17686 I AdrenoGLES-0: Build Date                       : 06/13/21
07-04 02:25:07.257 17661 17686 I AdrenoGLES-0: OpenGL ES Shader Compiler Version: EV031.32.02.12
07-04 02:25:07.257 17661 17686 I AdrenoGLES-0: Local Branch                     : mybranchebcc171e-87ea-f17a-bb69-1458d0b52af0
07-04 02:25:07.257 17661 17686 I AdrenoGLES-0: Remote Branch                    : quic/gfx-adreno.lnx.1.0.r127-rel
07-04 02:25:07.257 17661 17686 I AdrenoGLES-0: Remote Branch                    : NONE
07-04 02:25:07.257 17661 17686 I AdrenoGLES-0: Reconstruct Branch               : NOTHING
07-04 02:25:07.257 17661 17686 I AdrenoGLES-0: Build Config                     : S L 10.0.7 AArch64
07-04 02:25:07.257 17661 17686 I AdrenoGLES-0: Driver Path                      : /vendor/lib64/egl/libGLESv2_adreno.so
07-04 02:25:07.258 23440 23440 I android_os_HwBinder: HwBinder: Starting thread pool for getting: vendor.pixelworks.hardware.display@1.0::IIris/default
07-04 02:25:07.269 17661 17686 I AdrenoGLES-0: PFP: 0x005ff114, ME: 0x005ff066
07-04 02:25:07.270   872   872 I IrisService: irisConfigureSet(39, 1, 1)
07-04 02:25:07.274 23440 23440 I android_os_HwBinder: HwBinder: Starting thread pool for getting: vendor.pixelworks.hardware.display@1.0::IIris/default
07-04 02:25:07.274   872   872 I IrisService: irisConfigureSet(264, 1, 0)
07-04 02:25:07.281 17707 17707 I Perf    : Connecting to perf service.
07-04 02:25:07.295 17707 17707 D NetworkSecurityConfig: No Network Security Config specified, using platform default
07-04 02:25:07.296 17707 17707 D NetworkSecurityConfig: No Network Security Config specified, using platform default
07-04 02:25:07.298   621   621 I hwservicemanager: getTransport: Cannot find entry android.hardware.graphics.mapper@4.0::IMapper/default in either framework or device manifest.
07-04 02:25:07.299 17661 17686 I Gralloc4: mapper 4.x is not supported
07-04 02:25:07.299   621   621 I hwservicemanager: getTransport: Cannot find entry android.hardware.graphics.mapper@3.0::IMapper/default in either framework or device manifest.
07-04 02:25:07.299 17661 17686 W Gralloc3: mapper 3.x is not supported
07-04 02:25:07.322  1301  1301 W ipacm   : type=1400 audit(0.0:8829632): avc: denied { write } for name="ipacm_log_file" dev="tmpfs" ino=28733 scontext=u:r:ipacm:s0 tcontext=u:object_r:ipacm_socket:s0 tclass=sock_file permissive=0
07-04 02:25:07.322  1301  1301 I chatty  : uid=1001(radio) /system/vendor/bin/ipacm identical 3 lines
07-04 02:25:07.322  1301  1301 W ipacm   : type=1400 audit(0.0:8829636): avc: denied { write } for name="ipacm_log_file" dev="tmpfs" ino=28733 scontext=u:r:ipacm:s0 tcontext=u:object_r:ipacm_socket:s0 tclass=sock_file permissive=0
07-04 02:25:07.329  1631  3710 I ActivityTaskManager: The Process e.www.gpstest Already Exists in BG. So sending its PID: 17707
07-04 02:25:07.330  1631  3710 D CompatibilityInfo: mCompatibilityFlags - 0
07-04 02:25:07.330  1631  3710 D CompatibilityInfo: applicationDensity - 420
07-04 02:25:07.330  1631  3710 D CompatibilityInfo: applicationScale - 1.0
07-04 02:25:07.434  3613 29958 D FaceUnlock: onTaskStackChangedBackground
07-04 02:25:07.435  3613 29958 D FaceUnlock: PackageName =e.www.gpstest
07-04 02:25:07.440 17707 17707 W e.www.gpstest: Accessing hidden method Landroid/view/View;->computeFitSystemWindows(Landroid/graphics/Rect;Landroid/graphics/Rect;)Z (greylist, reflection, allowed)
07-04 02:25:07.441 17707 17707 W e.www.gpstest: Accessing hidden method Landroid/view/ViewGroup;->makeOptionalFitsSystemWindows()V (greylist, reflection, allowed)
07-04 02:25:07.469 17707 17707 V Activity: mLastPackageName-e.www.gpstest.MainActivity
07-04 02:25:07.469  1631  9287 D CompatibilityChangeReporter: Compat change id reported: 136274596; UID 10240; state: DISABLED
07-04 02:25:07.474  3613  3653 I ndroid.systemu: NativeAlloc concurrent copying GC freed 5839(303KB) AllocSpace objects, 0(0B) LOS objects, 49% free, 8755KB/17MB, paused 110us total 104.923ms
07-04 02:25:07.475  3613  3655 W System  : A resource failed to call release. 
07-04 02:25:07.475  3613  3655 W System  : A resource failed to call release. 
07-04 02:25:07.503 17707 17707 D PureDisplay: package-e.www.gpstest DYNAMIC_ORIGINAL_MODE open
07-04 02:25:07.505 23440 23440 D PureDisplay: PureDisplayModeChangeReceiver,hdrMode=1
07-04 02:25:07.507 23440 23440 I android_os_HwBinder: HwBinder: Starting thread pool for getting: vendor.pixelworks.hardware.display@1.0::IIris/default
07-04 02:25:07.508   872   942 I IrisService: irisConfigureSet(258, 1, 1)
07-04 02:25:07.509 23440 23440 D PureDisplay: --setIrisDisplayHdrMode- mode =1--result = 0
07-04 02:25:07.509 23440 23440 D PureDisplay: PureDisplayModeChangeReceiver,pureDisplayMode=1
07-04 02:25:07.510 23440 23440 D PureDisplay: isDeviceProvisioned=true
07-04 02:25:07.510 23440 23440 D PureDisplay: isUserSetuped=true
07-04 02:25:07.510 23440 23440 D PureDisplay: setOriginalModeEnable()
07-04 02:25:07.511 23440 23440 I android_os_HwBinder: HwBinder: Starting thread pool for getting: vendor.pixelworks.hardware.display@1.0::IIris/default
07-04 02:25:07.511   872   942 I IrisService: irisConfigureSet(0, 1, 0)
07-04 02:25:07.524 23440 23440 I android_os_HwBinder: HwBinder: Starting thread pool for getting: vendor.pixelworks.hardware.display@1.0::IIris/default
07-04 02:25:07.524   872   942 I IrisService: irisConfigureSet(41, 1, 0)
07-04 02:25:07.525 23440 23440 I android_os_HwBinder: HwBinder: Starting thread pool for getting: vendor.pixelworks.hardware.display@1.0::IIris/default
07-04 02:25:07.526   872   872 I IrisService: irisConfigureSet(42, 1, 0)
07-04 02:25:07.527 23440 23440 I android_os_HwBinder: HwBinder: Starting thread pool for getting: vendor.pixelworks.hardware.display@1.0::IIris/default
07-04 02:25:07.527   872   942 I IrisService: irisConfigureSet(40, 1, 0)
07-04 02:25:07.542 23440 23440 I android_os_HwBinder: HwBinder: Starting thread pool for getting: vendor.pixelworks.hardware.display@1.0::IIris/default
07-04 02:25:07.542 17707 17729 I AdrenoGLES-0: QUALCOMM build                   : d7ad79a, I2f86ca99a8
07-04 02:25:07.542 17707 17729 I AdrenoGLES-0: Build Date                       : 06/13/21
07-04 02:25:07.542 17707 17729 I AdrenoGLES-0: OpenGL ES Shader Compiler Version: EV031.32.02.12
07-04 02:25:07.542 17707 17729 I AdrenoGLES-0: Local Branch                     : mybranchebcc171e-87ea-f17a-bb69-1458d0b52af0
07-04 02:25:07.542 17707 17729 I AdrenoGLES-0: Remote Branch                    : quic/gfx-adreno.lnx.1.0.r127-rel
07-04 02:25:07.542 17707 17729 I AdrenoGLES-0: Remote Branch                    : NONE
07-04 02:25:07.542 17707 17729 I AdrenoGLES-0: Reconstruct Branch               : NOTHING
07-04 02:25:07.542 17707 17729 I AdrenoGLES-0: Build Config                     : S L 10.0.7 AArch64
07-04 02:25:07.543 17707 17729 I AdrenoGLES-0: Driver Path                      : /vendor/lib64/egl/libGLESv2_adreno.so
07-04 02:25:07.543   872   942 I IrisService: irisConfigureSet(36, 1, 0)
07-04 02:25:07.550 17707 17729 I AdrenoGLES-0: PFP: 0x005ff114, ME: 0x005ff066
07-04 02:25:07.556 23440 23440 D PureDisplay: getWhiteBalanceAutoMode()0
07-04 02:25:07.557 23440 23440 I android_os_HwBinder: HwBinder: Starting thread pool for getting: vendor.pixelworks.hardware.display@1.0::IIris/default
07-04 02:25:07.558   872   942 I IrisService: irisConfigureSet(39, 1, 1)
07-04 02:25:07.566   621   621 I hwservicemanager: getTransport: Cannot find entry android.hardware.graphics.mapper@4.0::IMapper/default in either framework or device manifest.
07-04 02:25:07.566 17707 17729 I Gralloc4: mapper 4.x is not supported
07-04 02:25:07.566   621   621 I hwservicemanager: getTransport: Cannot find entry android.hardware.graphics.mapper@3.0::IMapper/default in either framework or device manifest.
07-04 02:25:07.566 17707 17729 W Gralloc3: mapper 3.x is not supported
07-04 02:25:07.574 23440 23440 I android_os_HwBinder: HwBinder: Starting thread pool for getting: vendor.pixelworks.hardware.display@1.0::IIris/default
07-04 02:25:07.575   872   942 I IrisService: irisConfigureSet(264, 1, 0)
07-04 02:25:07.575 23440 23440 D PureDisplay: PureDisplayModeChangeReceiver,lastclass=e.www.gpstest.MainActivity
07-04 02:25:07.577 23440 23440 D PureDisplay: PureDisplayModeChangeReceiver,lastpackage=e.www.gpstest
07-04 02:25:07.579 23440 23440 D PureDisplay: PureDisplayModeChangeReceiver,lastpackage_resume=1
07-04 02:25:07.580  1631  1833 I ActivityTaskManager: Displayed e.www.gpstest/.MainActivity: +529ms
07-04 02:25:07.602 30292 30292 I GoogleInputMethodService: GoogleInputMethodService.onFinishInput():3306 
07-04 02:25:07.602 30292 30292 I GoogleInputMethodService: GoogleInputMethodService.updateDeviceLockedStatus():2127 repeatCheckTimes = 0, locked = false
07-04 02:25:07.602 30292 30292 I GoogleInputMethodService: GoogleInputMethodService.onStartInput():1909 onStartInput(EditorInfo{inputType=0x0(NULL) imeOptions=0x0 privateImeOptions=null actionName=UNSPECIFIED actionLabel=null actionId=0 initialSelStart=-1 initialSelEnd=-1 initialCapsMode=0x0 hintText=null label=null packageName=e.www.gpstest fieldId=-1 fieldName=null extras=null hintLocales=[]}, false)
07-04 02:25:07.602 30292 30292 I GoogleInputMethodService: GoogleInputMethodService.shouldHideHeaderOnInitialState():1990 ShouldHideHeaderOnInitialState = false
07-04 02:25:07.603 30292 30292 I GoogleInputMethodService: GoogleInputMethodService.updateDeviceLockedStatus():2127 repeatCheckTimes = 1, locked = false
07-04 02:25:07.979 17661 17661 V Activity: onStop mLastPackageResume = false com.example.batterymanager_utility.MainActivity@29e1669
07-04 02:25:07.981 23440 23440 D PureDisplay: PureDisplayModeChangeReceiver,lastpackage_resume=0
07-04 02:25:08.230  1631  1640 I system_server: NativeAlloc concurrent copying GC freed 462403(19MB) AllocSpace objects, 99(3324KB) LOS objects, 48% free, 25MB/49MB, paused 158us total 231.933ms
07-04 02:25:08.264  1631  1642 W System  : A resource failed to call release. 
07-04 02:25:08.265  1631  1642 W System  : A resource failed to call release. 
07-04 02:25:08.266  1631  1642 W System  : A resource failed to call close. 
07-04 02:25:08.267  1631  1642 W System  : A resource failed to call release. 
07-04 02:25:08.422  1301  1301 W ipacm   : type=1400 audit(0.0:8829710): avc: denied { write } for name="ipacm_log_file" dev="tmpfs" ino=28733 scontext=u:r:ipacm:s0 tcontext=u:object_r:ipacm_socket:s0 tclass=sock_file permissive=0
07-04 02:25:08.422  1301  1301 I chatty  : uid=1001(radio) /system/vendor/bin/ipacm identical 3 lines
07-04 02:25:08.422  1301  1301 W ipacm   : type=1400 audit(0.0:8829714): avc: denied { write } for name="ipacm_log_file" dev="tmpfs" ino=28733 scontext=u:r:ipacm:s0 tcontext=u:object_r:ipacm_socket:s0 tclass=sock_file permissive=0
07-04 02:25:08.500  1631 10598 D CompatibilityInfo: mCompatibilityFlags - 0
07-04 02:25:08.500  1631 10598 D CompatibilityInfo: applicationDensity - 420
07-04 02:25:08.500  1631 10598 D CompatibilityInfo: applicationScale - 1.0
07-04 02:25:08.501 17754 17756 I cmd     : oneway function results will be dropped but finished with status OK and parcel size 4
07-04 02:25:08.505 17661 17661 I BatteryMgr:DataCollectionService: onStartCommand: begin
07-04 02:25:08.505 17661 17661 I BatteryMgr:DataCollectionService: onStartCommand: sampleRate => 100
07-04 02:25:08.506 17661 17661 I BatteryMgr:DataCollectionService: onStartCommand: rawFields => Timestamp,BATTERY_PROPERTY_CURRENT_NOW,EXTRA_VOLTAGE
07-04 02:25:08.507 17661 17661 I BatteryMgr:DataCollectionService: onStartCommand: notification done
07-04 02:25:08.509  1631 10800 D CompatibilityChangeReporter: Compat change id reported: 136219221; UID 10200; state: ENABLED
07-04 02:25:08.510 17661 17661 I BatteryMgr:DataCollectionService: started foreground
07-04 02:25:08.518 17661 17757 I BatteryMgr:DataCollectionService: collectData: begin
07-04 02:25:08.521 17661 17757 I BatteryMgr:DataCollectionService: stats => 1688430308521,-484863,4241
07-04 02:25:08.625 17661 17757 I BatteryMgr:DataCollectionService: stats => 1688430308625,-484863,4241
07-04 02:25:08.728 17661 17757 I BatteryMgr:DataCollectionService: stats => 1688430308728,-484863,4241
07-04 02:25:08.831 17661 17757 I BatteryMgr:DataCollectionService: stats => 1688430308831,-484863,4241
07-04 02:25:08.934 17661 17757 I BatteryMgr:DataCollectionService: stats => 1688430308934,-484863,4241
07-04 02:25:09.038 17661 17757 I BatteryMgr:DataCollectionService: stats => 1688430309038,-201660,4241
07-04 02:25:09.141 17661 17757 I BatteryMgr:DataCollectionService: stats => 1688430309141,-201660,4241
07-04 02:25:09.244 17661 17757 I BatteryMgr:DataCollectionService: stats => 1688430309244,-201660,4241
07-04 02:25:09.347 17661 17757 I BatteryMgr:DataCollectionService: stats => 1688430309347,-201660,4241
07-04 02:25:09.450 17661 17757 I BatteryMgr:DataCollectionService: stats => 1688430309450,-201660,4241
07-04 02:25:09.553 17661 17757 I BatteryMgr:DataCollectionService: stats => 1688430309553,-201660,4241
07-04 02:25:09.657 17661 17757 I BatteryMgr:DataCollectionService: stats => 1688430309657,-201660,4241
07-04 02:25:09.760 17661 17757 I BatteryMgr:DataCollectionService: stats => 1688430309760,-201660,4241
07-04 02:25:09.863 17661 17757 I BatteryMgr:DataCollectionService: stats => 1688430309863,-201660,4241
07-04 02:25:09.882  1301  1301 W ipacm   : type=1400 audit(0.0:8829812): avc: denied { write } for name="ipacm_log_file" dev="tmpfs" ino=28733 scontext=u:r:ipacm:s0 tcontext=u:object_r:ipacm_socket:s0 tclass=sock_file permissive=0
07-04 02:25:09.882  1301  1301 I chatty  : uid=1001(radio) /system/vendor/bin/ipacm identical 3 lines
07-04 02:25:09.882  1301  1301 W ipacm   : type=1400 audit(0.0:8829816): avc: denied { write } for name="ipacm_log_file" dev="tmpfs" ino=28733 scontext=u:r:ipacm:s0 tcontext=u:object_r:ipacm_socket:s0 tclass=sock_file permissive=0
07-04 02:25:09.966 17661 17757 I BatteryMgr:DataCollectionService: stats => 1688430309966,-201660,4241
07-04 02:25:10.080 17661 17757 I BatteryMgr:DataCollectionService: stats => 1688430310080,-201660,4241
07-04 02:25:10.194 17661 17757 I BatteryMgr:DataCollectionService: stats => 1688430310194,-201660,4241
07-04 02:25:10.309 17661 17757 I BatteryMgr:DataCollectionService: stats => 1688430310309,-201660,4241
07-04 02:25:10.423 17661 17757 I BatteryMgr:DataCollectionService: stats => 1688430310423,-201660,4241
07-04 02:25:10.532 17661 17757 I BatteryMgr:DataCollectionService: stats => 1688430310532,-129394,4241
07-04 02:25:10.646 17661 17757 I BatteryMgr:DataCollectionService: stats => 1688430310645,-129394,4241
07-04 02:25:10.762 17661 17757 I BatteryMgr:DataCollectionService: stats => 1688430310761,-129394,4241
07-04 02:25:10.875 17661 17757 I BatteryMgr:DataCollectionService: stats => 1688430310875,-129394,4241
07-04 02:25:10.902  1301  1301 W ipacm   : type=1400 audit(0.0:8829884): avc: denied { write } for name="ipacm_log_file" dev="tmpfs" ino=28733 scontext=u:r:ipacm:s0 tcontext=u:object_r:ipacm_socket:s0 tclass=sock_file permissive=0
07-04 02:25:10.902  1301  1301 I chatty  : uid=1001(radio) /system/vendor/bin/ipacm identical 1 line
07-04 02:25:10.902  1301  1301 W ipacm   : type=1400 audit(0.0:8829886): avc: denied { write } for name="ipacm_log_file" dev="tmpfs" ino=28733 scontext=u:r:ipacm:s0 tcontext=u:object_r:ipacm_socket:s0 tclass=sock_file permissive=0
07-04 02:25:10.982  1301  1301 W ipacm   : type=1400 audit(0.0:8829887): avc: denied { write } for name="ipacm_log_file" dev="tmpfs" ino=28733 scontext=u:r:ipacm:s0 tcontext=u:object_r:ipacm_socket:s0 tclass=sock_file permissive=0
07-04 02:25:10.982  1301  1301 W ipacm   : type=1400 audit(0.0:8829888): avc: denied { write } for name="ipacm_log_file" dev="tmpfs" ino=28733 scontext=u:r:ipacm:s0 tcontext=u:object_r:ipacm_socket:s0 tclass=sock_file permissive=0
07-04 02:25:10.983 17661 17757 I BatteryMgr:DataCollectionService: stats => 1688430310983,-129394,4241
07-04 02:25:11.096 17661 17757 I BatteryMgr:DataCollectionService: stats => 1688430311096,-129394,4241
07-04 02:25:11.209 17661 17757 I BatteryMgr:DataCollectionService: stats => 1688430311209,-129394,4241
07-04 02:25:11.321 17661 17757 I BatteryMgr:DataCollectionService: stats => 1688430311320,-129394,4241
07-04 02:25:11.435 17661 17757 I BatteryMgr:DataCollectionService: stats => 1688430311435,-129394,4241
07-04 02:25:11.545 17661 17757 I BatteryMgr:DataCollectionService: stats => 1688430311545,-129394,4241
07-04 02:25:11.662 17661 17757 I BatteryMgr:DataCollectionService: stats => 1688430311662,-129394,4241
07-04 02:25:11.778 17661 17757 I BatteryMgr:DataCollectionService: stats => 1688430311777,-129394,4241
07-04 02:25:11.896 17661 17757 I BatteryMgr:DataCollectionService: stats => 1688430311895,-129394,4241
07-04 02:25:11.932  1301  1301 W ipacm   : type=1400 audit(0.0:8830048): avc: denied { write } for name="ipacm_log_file" dev="tmpfs" ino=28733 scontext=u:r:ipacm:s0 tcontext=u:object_r:ipacm_socket:s0 tclass=sock_file permissive=0
07-04 02:25:11.932  1301  1301 I chatty  : uid=1001(radio) /system/vendor/bin/ipacm identical 3 lines
07-04 02:25:11.932  1301  1301 W ipacm   : type=1400 audit(0.0:8830052): avc: denied { write } for name="ipacm_log_file" dev="tmpfs" ino=28733 scontext=u:r:ipacm:s0 tcontext=u:object_r:ipacm_socket:s0 tclass=sock_file permissive=0
07-04 02:25:12.017 17661 17757 I BatteryMgr:DataCollectionService: stats => 1688430312017,-142578,4241
07-04 02:25:12.127 17661 17757 I BatteryMgr:DataCollectionService: stats => 1688430312126,-142578,4241
07-04 02:25:12.241 17661 17757 I BatteryMgr:DataCollectionService: stats => 1688430312241,-142578,4241
07-04 02:25:12.349 17661 17757 I BatteryMgr:DataCollectionService: stats => 1688430312349,-142578,4241
07-04 02:25:12.462 17661 17757 I BatteryMgr:DataCollectionService: stats => 1688430312461,-142578,4241
07-04 02:25:12.571 17661 17757 I BatteryMgr:DataCollectionService: stats => 1688430312571,-142578,4241
07-04 02:25:12.646 17661 17765 D ProfileInstaller: Installing profile for com.example.batterymanager_utility
07-04 02:25:12.681 17661 17757 I BatteryMgr:DataCollectionService: stats => 1688430312680,-142578,4241
07-04 02:25:12.793 17661 17757 I BatteryMgr:DataCollectionService: stats => 1688430312793,-142578,4241
07-04 02:25:12.909 17661 17757 I BatteryMgr:DataCollectionService: stats => 1688430312909,-142578,4241
07-04 02:25:12.962  1301  1301 W ipacm   : type=1400 audit(0.0:8830138): avc: denied { write } for name="ipacm_log_file" dev="tmpfs" ino=28733 scontext=u:r:ipacm:s0 tcontext=u:object_r:ipacm_socket:s0 tclass=sock_file permissive=0
07-04 02:25:12.962  1301  1301 I chatty  : uid=1001(radio) /system/vendor/bin/ipacm identical 3 lines
07-04 02:25:12.962  1301  1301 W ipacm   : type=1400 audit(0.0:8830142): avc: denied { write } for name="ipacm_log_file" dev="tmpfs" ino=28733 scontext=u:r:ipacm:s0 tcontext=u:object_r:ipacm_socket:s0 tclass=sock_file permissive=0
07-04 02:25:13.023 17661 17757 I BatteryMgr:DataCollectionService: stats => 1688430313023,-142578,4241
07-04 02:25:13.133 17661 17757 I BatteryMgr:DataCollectionService: stats => 1688430313133,-142578,4241
07-04 02:25:13.241 17661 17757 I BatteryMgr:DataCollectionService: stats => 1688430313241,-142578,4241
07-04 02:25:13.349 17661 17757 I BatteryMgr:DataCollectionService: stats => 1688430313349,-142578,4241
07-04 02:25:13.471 17661 17757 I BatteryMgr:DataCollectionService: stats => 1688430313469,-162109,4241
07-04 02:25:13.577 17661 17757 I BatteryMgr:DataCollectionService: stats => 1688430313577,-162109,4241
07-04 02:25:13.690 17661 17757 I BatteryMgr:DataCollectionService: stats => 1688430313689,-162109,4241
07-04 02:25:13.806 17661 17757 I BatteryMgr:DataCollectionService: stats => 1688430313806,-162109,4241
07-04 02:25:13.922 17661 17757 I BatteryMgr:DataCollectionService: stats => 1688430313922,-162109,4241
07-04 02:25:14.037 17661 17757 I BatteryMgr:DataCollectionService: stats => 1688430314036,-162109,4241
07-04 02:25:14.153 17661 17757 I BatteryMgr:DataCollectionService: stats => 1688430314152,-162109,4241
07-04 02:25:14.261 17661 17757 I BatteryMgr:DataCollectionService: stats => 1688430314261,-162109,4241
07-04 02:25:14.282  1301  1301 W ipacm   : type=1400 audit(0.0:8830204): avc: denied { write } for name="ipacm_log_file" dev="tmpfs" ino=28733 scontext=u:r:ipacm:s0 tcontext=u:object_r:ipacm_socket:s0 tclass=sock_file permissive=0
07-04 02:25:14.282  1301  1301 I chatty  : uid=1001(radio) /system/vendor/bin/ipacm identical 3 lines
07-04 02:25:14.282  1301  1301 W ipacm   : type=1400 audit(0.0:8830208): avc: denied { write } for name="ipacm_log_file" dev="tmpfs" ino=28733 scontext=u:r:ipacm:s0 tcontext=u:object_r:ipacm_socket:s0 tclass=sock_file permissive=0
07-04 02:25:14.371 17661 17757 I BatteryMgr:DataCollectionService: stats => 1688430314371,-162109,4241
07-04 02:25:14.484 17661 17757 I BatteryMgr:DataCollectionService: stats => 1688430314483,-162109,4241
07-04 02:25:14.596 17661 17757 I BatteryMgr:DataCollectionService: stats => 1688430314596,-162109,4241
07-04 02:25:14.712 17661 17757 I BatteryMgr:DataCollectionService: stats => 1688430314712,-162109,4241
07-04 02:25:14.826 17661 17757 I BatteryMgr:DataCollectionService: stats => 1688430314825,-162109,4241
07-04 02:25:14.942 17661 17757 I BatteryMgr:DataCollectionService: stats => 1688430314942,-118652,4241
07-04 02:25:15.052 17661 17757 I BatteryMgr:DataCollectionService: stats => 1688430315052,-118652,4241
07-04 02:25:15.160 17661 17757 I BatteryMgr:DataCollectionService: stats => 1688430315160,-118652,4241
07-04 02:25:15.270 17661 17757 I BatteryMgr:DataCollectionService: stats => 1688430315270,-118652,4241
07-04 02:25:15.302  1301  1301 W ipacm   : type=1400 audit(0.0:8830339): avc: denied { write } for name="ipacm_log_file" dev="tmpfs" ino=28733 scontext=u:r:ipacm:s0 tcontext=u:object_r:ipacm_socket:s0 tclass=sock_file permissive=0
07-04 02:25:15.302  1301  1301 I chatty  : uid=1001(radio) /system/vendor/bin/ipacm identical 3 lines
07-04 02:25:15.302  1301  1301 W ipacm   : type=1400 audit(0.0:8830343): avc: denied { write } for name="ipacm_log_file" dev="tmpfs" ino=28733 scontext=u:r:ipacm:s0 tcontext=u:object_r:ipacm_socket:s0 tclass=sock_file permissive=0
07-04 02:25:15.381 17661 17757 I BatteryMgr:DataCollectionService: stats => 1688430315380,-118652,4241
07-04 02:25:15.493 17661 17757 I BatteryMgr:DataCollectionService: stats => 1688430315492,-118652,4241
07-04 02:25:15.605 17661 17757 I BatteryMgr:DataCollectionService: stats => 1688430315605,-118652,4241
07-04 02:25:15.723 17661 17757 I BatteryMgr:DataCollectionService: stats => 1688430315722,-118652,4241
07-04 02:25:15.838 17661 17757 I BatteryMgr:DataCollectionService: stats => 1688430315837,-118652,4241
07-04 02:25:15.953 17661 17757 I BatteryMgr:DataCollectionService: stats => 1688430315953,-118652,4241
07-04 02:25:16.069 17661 17757 I BatteryMgr:DataCollectionService: stats => 1688430316069,-118652,4241
07-04 02:25:16.179 17661 17757 I BatteryMgr:DataCollectionService: stats => 1688430316179,-118652,4241
07-04 02:25:16.298 17661 17757 I BatteryMgr:DataCollectionService: stats => 1688430316297,-118652,4241
07-04 02:25:16.342  1301  1301 W ipacm   : type=1400 audit(0.0:8830438): avc: denied { write } for name="ipacm_log_file" dev="tmpfs" ino=28733 scontext=u:r:ipacm:s0 tcontext=u:object_r:ipacm_socket:s0 tclass=sock_file permissive=0
07-04 02:25:16.342  1301  1301 I chatty  : uid=1001(radio) /system/vendor/bin/ipacm identical 3 lines
07-04 02:25:16.342  1301  1301 W ipacm   : type=1400 audit(0.0:8830442): avc: denied { write } for name="ipacm_log_file" dev="tmpfs" ino=28733 scontext=u:r:ipacm:s0 tcontext=u:object_r:ipacm_socket:s0 tclass=sock_file permissive=0
07-04 02:25:16.407 17661 17757 I BatteryMgr:DataCollectionService: stats => 1688430316407,-142578,4241
07-04 02:25:16.519 17661 17757 I BatteryMgr:DataCollectionService: stats => 1688430316519,-142578,4241
07-04 02:25:16.629 17661 17757 I BatteryMgr:DataCollectionService: stats => 1688430316629,-142578,4241
07-04 02:25:16.737 17661 17757 I BatteryMgr:DataCollectionService: stats => 1688430316737,-142578,4241
07-04 02:25:16.847 17661 17757 I BatteryMgr:DataCollectionService: stats => 1688430316846,-142578,4241
07-04 02:25:16.959 17661 17757 I BatteryMgr:DataCollectionService: stats => 1688430316958,-142578,4241
07-04 02:25:17.066 17661 17757 I BatteryMgr:DataCollectionService: stats => 1688430317066,-142578,4241
07-04 02:25:17.175 17661 17757 I BatteryMgr:DataCollectionService: stats => 1688430317174,-142578,4241
07-04 02:25:17.291 17661 17757 I BatteryMgr:DataCollectionService: stats => 1688430317290,-142578,4241
07-04 02:25:17.362  1301  1301 W ipacm   : type=1400 audit(0.0:8830531): avc: denied { write } for name="ipacm_log_file" dev="tmpfs" ino=28733 scontext=u:r:ipacm:s0 tcontext=u:object_r:ipacm_socket:s0 tclass=sock_file permissive=0
07-04 02:25:17.362  1301  1301 I chatty  : uid=1001(radio) /system/vendor/bin/ipacm identical 3 lines
07-04 02:25:17.362  1301  1301 W ipacm   : type=1400 audit(0.0:8830535): avc: denied { write } for name="ipacm_log_file" dev="tmpfs" ino=28733 scontext=u:r:ipacm:s0 tcontext=u:object_r:ipacm_socket:s0 tclass=sock_file permissive=0
07-04 02:25:17.403 17661 17757 I BatteryMgr:DataCollectionService: stats => 1688430317402,-142578,4241
07-04 02:25:17.511 17661 17757 I BatteryMgr:DataCollectionService: stats => 1688430317511,-142578,4241
07-04 02:25:17.618 17661 17757 I BatteryMgr:DataCollectionService: stats => 1688430317618,-142578,4241
07-04 02:25:17.732 17661 17757 I BatteryMgr:DataCollectionService: stats => 1688430317731,-142578,4241
07-04 02:25:17.847 17661 17757 I BatteryMgr:DataCollectionService: stats => 1688430317847,-136718,4241
07-04 02:25:17.966 17661 17757 I BatteryMgr:DataCollectionService: stats => 1688430317965,-136718,4241
07-04 02:25:18.074 17661 17757 I BatteryMgr:DataCollectionService: stats => 1688430318074,-136718,4241
07-04 02:25:18.186 17661 17757 I BatteryMgr:DataCollectionService: stats => 1688430318186,-136718,4241
07-04 02:25:18.302 17661 17757 I BatteryMgr:DataCollectionService: stats => 1688430318302,-136718,4241
07-04 02:25:18.418 17661 17757 I BatteryMgr:DataCollectionService: stats => 1688430318418,-136718,4241
07-04 02:25:18.534 17661 17757 I BatteryMgr:DataCollectionService: stats => 1688430318534,-136718,4241
07-04 02:25:18.645 17661 17757 I BatteryMgr:DataCollectionService: stats => 1688430318644,-136718,4241
07-04 02:25:18.662  1301  1301 W ipacm   : type=1400 audit(0.0:8830652): avc: denied { write } for name="ipacm_log_file" dev="tmpfs" ino=28733 scontext=u:r:ipacm:s0 tcontext=u:object_r:ipacm_socket:s0 tclass=sock_file permissive=0
07-04 02:25:18.662  1301  1301 I chatty  : uid=1001(radio) /system/vendor/bin/ipacm identical 3 lines
07-04 02:25:18.662  1301  1301 W ipacm   : type=1400 audit(0.0:8830656): avc: denied { write } for name="ipacm_log_file" dev="tmpfs" ino=28733 scontext=u:r:ipacm:s0 tcontext=u:object_r:ipacm_socket:s0 tclass=sock_file permissive=0
07-04 02:25:18.754 17661 17757 I BatteryMgr:DataCollectionService: stats => 1688430318754,-136718,4241
07-04 02:25:18.873 17661 17757 I BatteryMgr:DataCollectionService: stats => 1688430318873,-136718,4241
07-04 02:25:18.986 17661 17757 I BatteryMgr:DataCollectionService: stats => 1688430318985,-136718,4241
07-04 02:25:19.102 17661 17757 I BatteryMgr:DataCollectionService: stats => 1688430319101,-136718,4241
07-04 02:25:19.215 17661 17757 I BatteryMgr:DataCollectionService: stats => 1688430319215,-136718,4241
07-04 02:25:19.333 17661 17757 I BatteryMgr:DataCollectionService: stats => 1688430319333,-122070,4241
07-04 02:25:19.449 17661 17757 I BatteryMgr:DataCollectionService: stats => 1688430319448,-122070,4241
07-04 02:25:19.565 17661 17757 I BatteryMgr:DataCollectionService: stats => 1688430319565,-122070,4241
07-04 02:25:19.681 17661 17757 I BatteryMgr:DataCollectionService: stats => 1688430319681,-122070,4241
07-04 02:25:19.791 17661 17757 I BatteryMgr:DataCollectionService: stats => 1688430319790,-122070,4241
07-04 02:25:19.900 17661 17757 I BatteryMgr:DataCollectionService: stats => 1688430319900,-122070,4241
07-04 02:25:20.015 17661 17757 I BatteryMgr:DataCollectionService: stats => 1688430320015,-122070,4241
07-04 02:25:20.112  1301  1301 W ipacm   : type=1400 audit(0.0:8830797): avc: denied { write } for name="ipacm_log_file" dev="tmpfs" ino=28733 scontext=u:r:ipacm:s0 tcontext=u:object_r:ipacm_socket:s0 tclass=sock_file permissive=0
07-04 02:25:20.122  1301  1301 I chatty  : uid=1001(radio) /system/vendor/bin/ipacm identical 3 lines
07-04 02:25:20.122  1301  1301 W ipacm   : type=1400 audit(0.0:8830801): avc: denied { write } for name="ipacm_log_file" dev="tmpfs" ino=28733 scontext=u:r:ipacm:s0 tcontext=u:object_r:ipacm_socket:s0 tclass=sock_file permissive=0
07-04 02:25:20.131 17661 17757 I BatteryMgr:DataCollectionService: stats => 1688430320131,-122070,4241
07-04 02:25:20.238 17661 17757 I BatteryMgr:DataCollectionService: stats => 1688430320238,-122070,4241
07-04 02:25:20.347 17661 17757 I BatteryMgr:DataCollectionService: stats => 1688430320347,-122070,4241
07-04 02:25:20.459 17661 17757 I BatteryMgr:DataCollectionService: stats => 1688430320459,-122070,4241
07-04 02:25:20.573 17661 17757 I BatteryMgr:DataCollectionService: stats => 1688430320573,-122070,4241
07-04 02:25:20.693 17661 17757 I BatteryMgr:DataCollectionService: stats => 1688430320693,-122070,4241
07-04 02:25:20.805 17661 17757 I BatteryMgr:DataCollectionService: stats => 1688430320805,-115722,4241
07-04 02:25:20.913 17661 17757 I BatteryMgr:DataCollectionService: stats => 1688430320913,-115722,4241
07-04 02:25:21.021 17661 17757 I BatteryMgr:DataCollectionService: stats => 1688430321021,-115722,4241
07-04 02:25:21.138 17661 17757 I BatteryMgr:DataCollectionService: stats => 1688430321138,-115722,4241
07-04 02:25:21.222  1301  1301 W ipacm   : type=1400 audit(0.0:8830905): avc: denied { write } for name="ipacm_log_file" dev="tmpfs" ino=28733 scontext=u:r:ipacm:s0 tcontext=u:object_r:ipacm_socket:s0 tclass=sock_file permissive=0
07-04 02:25:21.222  1301  1301 I chatty  : uid=1001(radio) /system/vendor/bin/ipacm identical 3 lines
07-04 02:25:21.222  1301  1301 W ipacm   : type=1400 audit(0.0:8830909): avc: denied { write } for name="ipacm_log_file" dev="tmpfs" ino=28733 scontext=u:r:ipacm:s0 tcontext=u:object_r:ipacm_socket:s0 tclass=sock_file permissive=0
07-04 02:25:21.262 17661 17757 I BatteryMgr:DataCollectionService: stats => 1688430321262,-115722,4241
07-04 02:25:21.381 17661 17757 I BatteryMgr:DataCollectionService: stats => 1688430321381,-115722,4241
07-04 02:25:21.497 17661 17757 I BatteryMgr:DataCollectionService: stats => 1688430321496,-115722,4241
07-04 02:25:21.609 17661 17757 I BatteryMgr:DataCollectionService: stats => 1688430321609,-115722,4241
07-04 02:25:21.725 17661 17757 I BatteryMgr:DataCollectionService: stats => 1688430321724,-115722,4241
07-04 02:25:21.834 17661 17757 I BatteryMgr:DataCollectionService: stats => 1688430321834,-115722,4241
07-04 02:25:21.948 17661 17757 I BatteryMgr:DataCollectionService: stats => 1688430321948,-115722,4241
07-04 02:25:22.058 17661 17757 I BatteryMgr:DataCollectionService: stats => 1688430322058,-115722,4241
07-04 02:25:22.168 17661 17757 I BatteryMgr:DataCollectionService: stats => 1688430322168,-115722,4241
07-04 02:25:22.262  1301  1301 W ipacm   : type=1400 audit(0.0:8830965): avc: denied { write } for name="ipacm_log_file" dev="tmpfs" ino=28733 scontext=u:r:ipacm:s0 tcontext=u:object_r:ipacm_socket:s0 tclass=sock_file permissive=0
07-04 02:25:22.262  1301  1301 I chatty  : uid=1001(radio) /system/vendor/bin/ipacm identical 3 lines
07-04 02:25:22.262  1301  1301 W ipacm   : type=1400 audit(0.0:8830969): avc: denied { write } for name="ipacm_log_file" dev="tmpfs" ino=28733 scontext=u:r:ipacm:s0 tcontext=u:object_r:ipacm_socket:s0 tclass=sock_file permissive=0
07-04 02:25:22.264  8471  8471 D BoundBrokerSvc: onUnbind: Intent { act=com.google.android.gms.inappreach.service.START dat=chimera-action: cmp=com.google.android.gms/.chimera.GmsApiService }
07-04 02:25:22.276 17661 17757 I BatteryMgr:DataCollectionService: stats => 1688430322276,-185546,4241
07-04 02:25:22.385 17661 17757 I BatteryMgr:DataCollectionService: stats => 1688430322385,-185546,4241
07-04 02:25:22.495 17661 17757 I BatteryMgr:DataCollectionService: stats => 1688430322495,-185546,4241
07-04 02:25:22.608 17661 17757 I BatteryMgr:DataCollectionService: stats => 1688430322608,-185546,4241
07-04 02:25:22.719 17661 17757 I BatteryMgr:DataCollectionService: stats => 1688430322719,-185546,4241
07-04 02:25:22.836 17661 17757 I BatteryMgr:DataCollectionService: stats => 1688430322836,-185546,4241
07-04 02:25:22.957 17661 17757 I BatteryMgr:DataCollectionService: stats => 1688430322957,-185546,4241
07-04 02:25:23.076 17661 17757 I BatteryMgr:DataCollectionService: stats => 1688430323073,-185546,4241
07-04 02:25:23.184 17661 17757 I BatteryMgr:DataCollectionService: stats => 1688430323184,-185546,4241
07-04 02:25:23.296 17661 17757 I BatteryMgr:DataCollectionService: stats => 1688430323295,-185546,4241
07-04 02:25:23.392  1301  1301 W ipacm   : type=1400 audit(0.0:8831118): avc: denied { write } for name="ipacm_log_file" dev="tmpfs" ino=28733 scontext=u:r:ipacm:s0 tcontext=u:object_r:ipacm_socket:s0 tclass=sock_file permissive=0
07-04 02:25:23.392  1301  1301 I chatty  : uid=1001(radio) /system/vendor/bin/ipacm identical 3 lines
07-04 02:25:23.392  1301  1301 W ipacm   : type=1400 audit(0.0:8831122): avc: denied { write } for name="ipacm_log_file" dev="tmpfs" ino=28733 scontext=u:r:ipacm:s0 tcontext=u:object_r:ipacm_socket:s0 tclass=sock_file permissive=0
07-04 02:25:23.407 17661 17757 I BatteryMgr:DataCollectionService: stats => 1688430323407,-185546,4241
07-04 02:25:23.522 17661 17757 I BatteryMgr:DataCollectionService: stats => 1688430323522,-185546,4241
07-04 02:25:23.632 17661 17757 I BatteryMgr:DataCollectionService: stats => 1688430323632,-185546,4241
07-04 02:25:23.742 17661 17757 I BatteryMgr:DataCollectionService: stats => 1688430323740,-183105,4241
07-04 02:25:23.849 17661 17757 I BatteryMgr:DataCollectionService: stats => 1688430323849,-183105,4241
07-04 02:25:23.963 17661 17757 I BatteryMgr:DataCollectionService: stats => 1688430323963,-183105,4241
07-04 02:25:24.079 17661 17757 I BatteryMgr:DataCollectionService: stats => 1688430324079,-183105,4241
07-04 02:25:24.193 17661 17757 I BatteryMgr:DataCollectionService: stats => 1688430324193,-183105,4241
07-04 02:25:24.303 17661 17757 I BatteryMgr:DataCollectionService: stats => 1688430324303,-183105,4241
07-04 02:25:24.413 17661 17757 I BatteryMgr:DataCollectionService: stats => 1688430324413,-183105,4241
07-04 02:25:24.512  1301  1301 W ipacm   : type=1400 audit(0.0:8831282): avc: denied { write } for name="ipacm_log_file" dev="tmpfs" ino=28733 scontext=u:r:ipacm:s0 tcontext=u:object_r:ipacm_socket:s0 tclass=sock_file permissive=0
07-04 02:25:24.522  1301  1301 I chatty  : uid=1001(radio) /system/vendor/bin/ipacm identical 3 lines
07-04 02:25:24.522  1301  1301 W ipacm   : type=1400 audit(0.0:8831286): avc: denied { write } for name="ipacm_log_file" dev="tmpfs" ino=28733 scontext=u:r:ipacm:s0 tcontext=u:object_r:ipacm_socket:s0 tclass=sock_file permissive=0
