07-03 12:24:00.551  1275  1275 I sensors-hal: batch_physical_sensor:285, android.sensor.gyroscope/41, period=5000000, max_latency=0
07-03 12:24:00.551  1275  1275 I sensors-hal: batch_physical_sensor:296, android.sensor.gyroscope/41, period=5000000, max_latency=0 request completed
07-03 12:24:00.551  1275  1275 I sensors-hal: activate_physical_sensor:220, android.sensor.gyroscope/41 en=1
07-03 12:24:00.550  1275  1275 W sensors@2.0-ser: type=1400 audit(0.0:1799): avc: denied { read write } for name="diag" dev="tmpfs" ino=15460 scontext=u:r:hal_sensors_default:s0 tcontext=u:object_r:diag_device:s0 tclass=chr_file permissive=0
07-03 12:24:00.552  1275  1275 I sensors-hal: get_qmi_debug_flag:245, support_qmi_debug : false
07-03 12:24:00.553  1275  1275 D Diag_Lib:  Diag_LSM_Init: Failed to open handle to diag driver, error = 13
07-03 12:24:00.553  1275  1275 I sensors-hal: get_qmi_debug_flag:245, support_qmi_debug : false
07-03 12:24:00.553  1275  1275 I sensors-hal: activate_physical_sensor:233, android.sensor.gyroscope/41 en=1 completed
07-03 12:24:00.559  1275 19267 I sensors-hal: handle_indication_realtime:456,  SCHED_FIFO(10) for qmi_cbk
07-03 12:24:00.560  1275 19271 I sensors-hal: handle_indication_realtime:456,  SCHED_FIFO(10) for qmi_cbk
07-03 12:24:00.566  1253  1253 E CamX    : [ERROR][STATS_AEC] aec_set.cpp:1586: aec_set_init_chromatix_sensor aec_set_init_chromatix_sensor is called before LoadTuning
07-03 12:24:00.566  1253  1253 E CamX    : [ERROR][STATS_AEC] aec_get.cpp:575: aec_get_param Wrong sequence! Get exposure before AE init idx=-1
07-03 12:24:00.566  1253  1253 E CamX    : [ERROR][STATS_AEC] camxae.cpp:1801: AecGetStartExposure aec get parameter failed
07-03 12:24:00.566  1253  1253 E CamX    : [ERROR][STATS_AEC] camxcaecstatsprocessor.cpp:1757 PopulatePropPoolFrameControl() Invalid exposure parameters: gain: 0.000000, exposureTime: 0
07-03 12:24:00.576  1253  1253 D CamX    : [DEBUG][STATS_AWB] camxcawbstatsprocessor.cpp:749 SetOperationModetoAlgo() Mode set to Algo: 1
07-03 12:24:00.579  1275  1275 I sensors-hal: flush_physical_sensor:328, android.sensor.gyroscope/41
07-03 12:24:00.580  1275  1275 I sensors-hal: flush_physical_sensor:336, android.sensor.gyroscope/41 completed
07-03 12:24:00.583  1253  2028 I android.hardware.camera.provider@2.4-service_64: [GOOG_STATS] PDAF wrapper is successfully initialized
07-03 12:24:00.583  1253  2028 I android.hardware.camera.provider@2.4-service_64: [GOOG_STATS] PDAF infinity DAC = 978, macro DAC = 2980, image bits = 8
07-03 12:24:00.583  1253  2028 I android.hardware.camera.provider@2.4-service_64: [GOOG_STATS] doDefaultPDProcess = 0
07-03 12:24:00.583  1253  2028 I android.hardware.camera.provider@2.4-service_64: [GOOG_STATS] Calling QC PDLibInitialize: run on sparse PD = 1
07-03 12:24:00.585  1275  1344 I VSC     : @ 79280.412: {Fusion} configure fusion 9 19230us 0us.
07-03 12:24:00.585  1275  1344 D VSC     : @ 79280.412: [Gravity Sensor] Request accel, interval 19.2 ms, latency 0.0 ms
07-03 12:24:00.586  1275  1344 D VSC     : @ 79280.413: [Gravity Sensor] Request gyro, interval 5.0 ms, latency 0.0 ms
07-03 12:24:00.587  1253 19273 I native  : flicker_wrapper.cc:82 FlickerCreate
07-03 12:24:00.587  1253 19273 I native  : flicker_wrapper.cc:87 Using default flicker parameters.
07-03 12:24:00.593  1275  1344 D ASH     : @ 79280.419: SensorType 1 resampler quality 3
07-03 12:24:00.600  1275  1344 D ASH     : @ 79280.427: SensorType 195 resampler quality 2
07-03 12:24:00.613  1253  1253 I GoogSensorSync: GoogSensorSync 67 Sensor sync camera ID: 1
07-03 12:24:00.614  1253  1253 I GoogSensorSync: GetSensorHandle 109 handle for 1 is found.
07-03 12:24:00.615  1275  1275 I sensors-hal: batch_physical_sensor:285, com.google.sensor.camera_vsync/11053, period=5000000, max_latency=0
07-03 12:24:00.615  1275  1275 I sensors-hal: batch_physical_sensor:296, com.google.sensor.camera_vsync/11053, period=5000000, max_latency=0 request completed
07-03 12:24:00.615  1275  1275 I sensors-hal: activate_physical_sensor:220, com.google.sensor.camera_vsync/11053 en=1
07-03 12:24:00.615  1275  1275 I sensors-hal: get_qmi_debug_flag:245, support_qmi_debug : false
07-03 12:24:00.616  1275  1275 I sensors-hal: activate_physical_sensor:233, com.google.sensor.camera_vsync/11053 en=1 completed
07-03 12:24:00.620  1275  1275 I sensors-hal: flush_physical_sensor:328, android.sensor.gyroscope/41
07-03 12:24:00.620  1275  1275 I sensors-hal: flush_physical_sensor:336, android.sensor.gyroscope/41 completed
07-03 12:24:00.631  1253  1253 E CamX    : [ERROR][STATS_AEC] aec_set.cpp:1586: aec_set_init_chromatix_sensor aec_set_init_chromatix_sensor is called before LoadTuning
07-03 12:24:00.632  1253  1253 E CamX    : [ERROR][STATS_AEC] aec_get.cpp:575: aec_get_param Wrong sequence! Get exposure before AE init idx=-1
07-03 12:24:00.632  1253  1253 E CamX    : [ERROR][STATS_AEC] camxae.cpp:1801: AecGetStartExposure aec get parameter failed
07-03 12:24:00.632  1253  1253 E CamX    : [ERROR][STATS_AEC] camxcaecstatsprocessor.cpp:1757 PopulatePropPoolFrameControl() Invalid exposure parameters: gain: 0.000000, exposureTime: 0
07-03 12:24:00.642  1253  1253 D CamX    : [DEBUG][STATS_AWB] camxcawbstatsprocessor.cpp:749 SetOperationModetoAlgo() Mode set to Algo: 1
07-03 12:24:00.656  1253  1253 I GoogSensorSync: GoogSensorSync 67 Sensor sync camera ID: 2
07-03 12:24:00.657  1253  1253 I GoogSensorSync: GetSensorHandle 109 handle for 2 is found.
07-03 12:24:00.659  1275  1275 I sensors-hal: batch_physical_sensor:285, com.google.sensor.camera_vsync/11055, period=5000000, max_latency=0
07-03 12:24:00.659  1275  1275 I sensors-hal: batch_physical_sensor:296, com.google.sensor.camera_vsync/11055, period=5000000, max_latency=0 request completed
07-03 12:24:00.659  1275  1275 I sensors-hal: activate_physical_sensor:220, com.google.sensor.camera_vsync/11055 en=1
07-03 12:24:00.659  1275  1275 I sensors-hal: get_qmi_debug_flag:245, support_qmi_debug : false
07-03 12:24:00.660  1275  1275 I sensors-hal: activate_physical_sensor:233, com.google.sensor.camera_vsync/11055 en=1 completed
07-03 12:24:00.660  1253  1253 I CHIUSECASE: Build: building a session with pipeline for camera id 1
07-03 12:24:00.660  1253  1253 I CHIUSECASE: Build: building a session with pipeline for camera id 2
07-03 12:24:00.671  1253  1253 I GoogSensorSync: GoogSensorSync 67 Sensor sync camera ID: 1
07-03 12:24:00.673  1253  1253 I GoogSensorSync: GetSensorHandle 109 handle for 1 is found.
07-03 12:24:00.676  1253  1253 I GoogSensorSync: GoogSensorSync 67 Sensor sync camera ID: 2
07-03 12:24:00.677  1253  1253 I GoogSensorSync: GetSensorHandle 109 handle for 2 is found.
07-03 12:24:00.678  1253  1253 I CHIUSECASE: UpdateBufferManagementSupportVersion: ANDROID_INFO_SUPPORTED_BUFFER_MANAGEMENT_VERSION = 0
07-03 12:24:00.678  1253  1253 I CHIUSECASE: InitializeStreamBufferCacheManager: Creating stream buffer cache manager for stream 0x6ff193dbb8.
07-03 12:24:00.678  1253  1253 I CHIUSECASE: StreamBufferCache: reserved buffer will be allocated during signaled stream configured. 
07-03 12:24:00.680  1253  1253 I CHIUSECASE: StreamBufferCache: StreamBufferCache successfully created for stream 0x6ff193dbb8 capacity 1
07-03 12:24:00.680  1253  1253 D CHIUSECASE: Create: Initialized Google use case successfully.
07-03 12:24:00.681  1484 19235 D Camera3-Device: Set real time priority for request queue thread (tid 19235)
07-03 12:24:00.681  1253  1253 I CHIUSECASE: UpdateBufferManagementSupportVersion: ANDROID_INFO_SUPPORTED_BUFFER_MANAGEMENT_VERSION = 0
07-03 12:24:00.681  1253  1253 I CHIUSECASE: SignalStreamConfigured: StreamBufferCacheManager allocated reserved buffer for stream 0x6ff193dbb8.
07-03 12:24:00.681  1253  1253 I CHIUSECASE: ExecuteCaptureRequest: stream 0x6ff193dbb8 first request arrived. Signal for stream configuration complete.
07-03 12:24:00.681  1253  1253 I CHIUSECASE: SubmitRequest: ActivatePipeline camera id 1
07-03 12:24:00.693  1275 19275 I sensors-hal: handle_indication_realtime:456,  SCHED_FIFO(10) for qmi_cbk
07-03 12:24:00.695  1864  5059 W InputManager-JNI: Input channel object 'fd13123 Splash Screen e.www.cameratest (client)' was disposed without first being removed with the input manager!
07-03 12:24:00.699  1253  1253 D CHIUSECASE: ModifyPipelineRequest: First request with preview intent. ZSL starts.
07-03 12:24:00.700  1253  2025 D CamX    : [DEBUG][STATS  ] camxae.cpp:2297 AECLoadTuning() load tuning(cameraID,SensorMode,Usecase)=(1,0,0),opMode=2, name:IMX355 Full
07-03 12:24:00.791 30108 11997 I PhenotypeProcessReaper: Memory state is: 125
07-03 12:24:00.816  1864  2354 D ConnectivityService: NetReassign [no changes] [c 0] [a 0] [i 1]
07-03 12:24:00.827  1253  2027 E android.hardware.camera.provider@2.4-service_64: Failed to obtain metadata value of lens_vcm_position for frame 1 because data pointer is null.
07-03 12:24:00.827  1253  2027 E goog_warping: Cannot get per-frame metadata.
07-03 12:24:00.837  2549  2549 I WallpaperService: engine paused
07-03 12:24:00.848  1253  2030 I CHIUSECASE: UpdateResultAndInflightRequests: all inflight requests have been processed. Notify stream buffer cache manager to flush.
07-03 12:24:00.849  1253 19280 I CHIUSECASE: RefillReturnThreadLoop: StreamBufferCacheManager flushed SBC for stream 0x6ff193dbb8.
07-03 12:24:01.000  1253 19254 I libgcam : [viewfinder.cc:80]: Smart Metering: Invalidating background AE results (75652.733 seconds old).
07-03 12:24:01.007  1253 19258 I libgcam : [viewfinder.cc:80]: Smart Metering: Invalidating background AE results (75652.741 seconds old).
07-03 12:24:01.406 19285 19285 D ProcessState: Binder ioctl to enable oneway spam detection failed: Invalid argument
07-03 12:24:01.744 19301 19301 D ProcessState: Binder ioctl to enable oneway spam detection failed: Invalid argument
07-03 12:24:01.748  1864  5059 I ActivityManager: Background started FGS: Allowed [callingPackage: com.android.shell; callingUid: 2000; uidState: NONE; intent: Intent { cmp=com.example.batterymanager_utility/.DataCollectionService (has extras) }; code:SYSTEM_UID; tempAllowListReason:<,reasonCode:SYSTEM_ALLOW_LISTED,duration:9223372036854775807,callingUid:-1>; targetSdkVersion:33; callerTargetSdkVersion:-1; startForegroundCount:0; bindFromPackage:null]
07-03 12:24:01.756 19162 19162 I BatteryMgr:DataCollectionService: onStartCommand: begin
07-03 12:24:01.756 19162 19162 I BatteryMgr:DataCollectionService: onStartCommand: sampleRate => 1000
07-03 12:24:01.756 19162 19162 I BatteryMgr:DataCollectionService: onStartCommand: rawFields => Timestamp,BATTERY_PROPERTY_CURRENT_NOW,EXTRA_VOLTAGE
07-03 12:24:01.757 19162 19162 I BatteryMgr:DataCollectionService: onStartCommand: notification done
07-03 12:24:01.759 19162 19162 I BatteryMgr:DataCollectionService: started foreground
07-03 12:24:01.766 19162 19304 I BatteryMgr:DataCollectionService: collectData: begin
07-03 12:24:01.769 19162 19304 I BatteryMgr:DataCollectionService: stats => 1688379841769,681875,4098
07-03 12:24:02.505  1494  1494 I EaselThermalMonitor: Cooling Device: mnh cur_state 0 max_state 4
07-03 12:24:02.508  1494  1494 I EaselThermalMonitor: Cooling Device: mnh cur_state 0 max_state 4
07-03 12:24:02.776 19162 19304 I BatteryMgr:DataCollectionService: stats => 1688379842776,486875,4098
07-03 12:24:02.961 19162 19312 D ProfileInstaller: Installing profile for com.example.batterymanager_utility
07-03 12:24:03.783 19162 19304 I BatteryMgr:DataCollectionService: stats => 1688379843783,461562,4098
07-03 12:24:03.839  1864  2354 D ConnectivityService: NetReassign [no changes] [c 1] [a 0] [i 3]
07-03 12:24:04.505  1494  1494 I EaselThermalMonitor: Cooling Device: mnh cur_state 0 max_state 4
07-03 12:24:04.509  1494  1494 I EaselThermalMonitor: Cooling Device: mnh cur_state 0 max_state 4
07-03 12:24:04.790 19162 19304 I BatteryMgr:DataCollectionService: stats => 1688379844790,444375,4098
07-03 12:24:05.510  1494  1524 I EaselThermalMonitor: (Low) mnh_cpu: 42.18, mnh_ipu1: 40.35, mnh_ipu2: 40.22, mnh_lpddr: 40.20
07-03 12:24:05.511  1494  1524 I EaselThermalMonitor: Cooling Device: mnh cur_state 0 max_state 4
07-03 12:24:05.797 19162 19304 I BatteryMgr:DataCollectionService: stats => 1688379845797,535937,4098
07-03 12:24:06.507  1494  1494 I EaselThermalMonitor: Cooling Device: mnh cur_state 0 max_state 4
07-03 12:24:06.510  1494  1494 I EaselThermalMonitor: Cooling Device: mnh cur_state 0 max_state 4
07-03 12:24:06.805 19162 19304 I BatteryMgr:DataCollectionService: stats => 1688379846804,424375,4098
07-03 12:24:06.861  1864  2354 D ConnectivityService: NetReassign [no changes] [c 0] [a 0] [i 3]
07-03 12:24:07.812 19162 19304 I BatteryMgr:DataCollectionService: stats => 1688379847812,538437,4098
07-03 12:24:08.508  1494  1494 I EaselThermalMonitor: Cooling Device: mnh cur_state 0 max_state 4
07-03 12:24:08.512  1494  1494 I EaselThermalMonitor: Cooling Device: mnh cur_state 0 max_state 4
07-03 12:24:08.820 19162 19304 I BatteryMgr:DataCollectionService: stats => 1688379848820,544687,4098
07-03 12:24:09.828 19162 19304 I BatteryMgr:DataCollectionService: stats => 1688379849827,515937,4098
07-03 12:24:09.879  1864  2354 D ConnectivityService: NetReassign [no changes] [c 0] [a 1] [i 4]
07-03 12:24:09.953  1864  5721 D TelephonyManager: requestModemActivityInfo: Sending result to app: ModemActivityInfo{ mTimestamp=79287654 mSleepTimeMs=60005644 mIdleTimeMs=18939772 mTxTimeMs[]=[0, 0, 0, 0, 0] mRxTimeMs=309643}
07-03 12:24:09.966  1864  2018 E system_server: Cannot read thread CPU times for PID 1864
07-03 12:24:10.422  1253 19314 W libgcam : [ae.cc:778]: RunAe: No similar examples during long AE!
07-03 12:24:10.422  1253  2026 W libgcam : [ae.cc:778]: RunAe: No similar examples during short AE!
07-03 12:24:10.423  1253  2026 I libgcam : [fast_ae_lib.cc:370]: Resetting motion metering for sensor 1: time since last stats image = 900.186 sec
07-03 12:24:10.509  1494  1494 I EaselThermalMonitor: Cooling Device: mnh cur_state 0 max_state 4
07-03 12:24:10.517  1494  1524 I EaselThermalMonitor: (Low) mnh_cpu: 43.42, mnh_ipu1: 41.39, mnh_ipu2: 41.06, mnh_lpddr: 41.21
07-03 12:24:10.517  1494  1524 I EaselThermalMonitor: Cooling Device: mnh cur_state 0 max_state 4
07-03 12:24:10.517  1494  1494 I EaselThermalMonitor: Cooling Device: mnh cur_state 0 max_state 4
07-03 12:24:10.552  1253  2028 E android.hardware.camera.provider@2.4-service_64: Failed to obtain metadata value of lens_vcm_position for frame 2 because data pointer is null.
07-03 12:24:10.552  1253  2028 E goog_warping: Cannot get per-frame metadata.
07-03 12:24:10.552  1253  2025 I CHIUSECASE: operator(): stream buffer cache notifies the manager for refilling
07-03 12:24:10.554  1253  2025 I CHIUSECASE: GetBuffer: StreamBufferCache for stream 0x6ff193dbb8 refilled before time out.
07-03 12:24:10.577  1253  2030 I CHIUSECASE: UpdateResultAndInflightRequests: all inflight requests have been processed. Notify stream buffer cache manager to flush.
07-03 12:24:10.578  1253 19280 I CHIUSECASE: RefillReturnThreadLoop: StreamBufferCacheManager flushed SBC for stream 0x6ff193dbb8.
07-03 12:24:10.834 19162 19304 I BatteryMgr:DataCollectionService: stats => 1688379850834,486562,4098
07-03 12:24:11.840 19162 19304 I BatteryMgr:DataCollectionService: stats => 1688379851840,456250,4098
07-03 12:24:11.970  1864  1864 W NotificationHistory: Attempted to add notif for locked/gone/disabled user 0
07-03 12:24:11.975  3568  4435 W AiAiEcho: SmartspaceNotificationPredictor no parser can handle this notification or notification is invalid
07-03 12:24:11.982  2439  2439 D InterruptionStateProvider: No bubble up: not allowed to bubble: 0|com.example.batterymanager_utility|1|null|10232
07-03 12:24:11.982  1490 13637 D NuPlayerDriver: NuPlayerDriver(0xebf41050) created, clientPid(2439)
07-03 12:24:11.982  2439  2439 D InterruptionStateProvider: No heads up: unimportant notification: 0|com.example.batterymanager_utility|1|null|10232
07-03 12:24:11.983  2439  2485 D PeopleSpaceWidgetMgr: Sbn doesn't contain valid PeopleTileKey: null/0/com.example.batterymanager_utility
07-03 12:24:11.995  1490 19319 D GenericSource: FileSource remote
07-03 12:24:12.006  1864  5059 I MediaFocusControl: requestAudioFocus() from uid/pid 10195/2439 AA=USAGE_NOTIFICATION/CONTENT_TYPE_SONIFICATION clientId=android.media.AudioManager@a43b4d2 callingPack=com.android.systemui req=3 flags=0x0 sdk=31
07-03 12:24:12.007  1864  5059 I AudioService.FadeOutManager: unfadeOutUid() uid:10195
07-03 12:24:12.412 30108 30108 D BoundBrokerSvc: onUnbind: Intent { act=com.google.android.gms.inappreach.service.START dat=chimera-action: cmp=com.google.android.gms/.chimera.GmsApiService }
07-03 12:24:12.414  1864  5059 W ProcessStats: Tracking association SourceState{f4a1850 system/1000 BTopFgs #71551} whose proc state 2 is better than process ProcessState{3d4ea49 com.google.android.gms.persistent/10125 pkg=com.google.android.gms} proc state 3 (31 skipped)
07-03 12:24:12.509  1490 19318 I GenericSource: start
07-03 12:24:12.509  1494  1494 I EaselThermalMonitor: Cooling Device: mnh cur_state 0 max_state 4
07-03 12:24:12.510  2439  2439 D MediaRouter: onRestoreRoute() : route=RouteInfo{ name=Phone, description=null, status=null, category=RouteCategory{ name=System types=ROUTE_TYPE_LIVE_AUDIO ROUTE_TYPE_LIVE_VIDEO  groupable=false }, supportedTypes=ROUTE_TYPE_LIVE_AUDIO ROUTE_TYPE_LIVE_VIDEO , presentationDisplay=null }
07-03 12:24:12.510  2439  2439 V MediaRouter: Selecting route: RouteInfo{ name=Phone, description=null, status=null, category=RouteCategory{ name=System types=ROUTE_TYPE_LIVE_AUDIO ROUTE_TYPE_LIVE_VIDEO  groupable=false }, supportedTypes=ROUTE_TYPE_LIVE_AUDIO ROUTE_TYPE_LIVE_VIDEO , presentationDisplay=null }
07-03 12:24:12.515  1490 19323 D CCodec  : allocate(c2.android.vorbis.decoder)
07-03 12:24:12.518  1494  1494 I EaselThermalMonitor: Cooling Device: mnh cur_state 0 max_state 4
07-03 12:24:12.518  1490 19323 I CCodec  : setting up 'default' as default (vendor) store
07-03 12:24:12.519  1509 14565 V C2Store : in init
07-03 12:24:12.519  1509 14565 V C2Store : loading dll
07-03 12:24:12.524  1490 19323 I CCodec  : Created component [c2.android.vorbis.decoder]
07-03 12:24:12.525  1490 19323 D CCodecConfig: read media type: audio/vorbis
07-03 12:24:12.528  1490 19323 D ReflectedParamUpdater: extent() != 1 for single value type: algo.buffers.max-count.values
07-03 12:24:12.528  1490 19323 D ReflectedParamUpdater: extent() != 1 for single value type: output.subscribed-indices.values
07-03 12:24:12.528  1490 19323 D ReflectedParamUpdater: extent() != 1 for single value type: input.buffers.allocator-ids.values
07-03 12:24:12.528  1490 19323 D ReflectedParamUpdater: extent() != 1 for single value type: output.buffers.allocator-ids.values
07-03 12:24:12.528  1490 19323 D ReflectedParamUpdater: extent() != 1 for single value type: algo.buffers.allocator-ids.values
07-03 12:24:12.529  1490 19323 D ReflectedParamUpdater: extent() != 1 for single value type: output.buffers.pool-ids.values
07-03 12:24:12.529  1490 19323 D ReflectedParamUpdater: extent() != 1 for single value type: algo.buffers.pool-ids.values
07-03 12:24:12.531  1490 19323 I CCodecConfig: query failed after returning 7 values (BAD_INDEX)
07-03 12:24:12.531  1490 19323 D CCodecConfig: c2 config diff is Dict {
07-03 12:24:12.531  1490 19323 D CCodecConfig:   c2::u32 coded.bitrate.value = 64000
07-03 12:24:12.531  1490 19323 D CCodecConfig:   c2::u32 input.buffers.max-size.value = 32768
07-03 12:24:12.531  1490 19323 D CCodecConfig:   c2::u32 input.delay.value = 0
07-03 12:24:12.531  1490 19323 D CCodecConfig:   string input.media-type.value = "audio/vorbis"
07-03 12:24:12.531  1490 19323 D CCodecConfig:   string output.media-type.value = "audio/raw"
07-03 12:24:12.531  1490 19323 D CCodecConfig:   c2::u32 raw.channel-count.value = 1
07-03 12:24:12.531  1490 19323 D CCodecConfig:   c2::u32 raw.sample-rate.value = 48000
07-03 12:24:12.531  1490 19323 D CCodecConfig: }
07-03 12:24:12.532  1490 19323 D CCodec  : [c2.android.vorbis.decoder] buffers are bound to CCodec for this session
07-03 12:24:12.532  1490 19323 D CCodecConfig: no c2 equivalents for durationUs
07-03 12:24:12.532  1490 19323 D CCodecConfig: no c2 equivalents for csd-1
07-03 12:24:12.532  1490 19323 D CCodecConfig: no c2 equivalents for channel-mask
07-03 12:24:12.532  1490 19323 D CCodecConfig: no c2 equivalents for flags
07-03 12:24:12.533  1490 19323 D CCodecConfig: c2 config diff is   c2::u32 coded.bitrate.value = 120000
07-03 12:24:12.534  1490 19323 W Codec2Client: query -- param skipped: index = 1107298332.
07-03 12:24:12.534  1490 19323 D CCodec  : setup formats input: AMessage(what = 0x00000000) = {
07-03 12:24:12.534  1490 19323 D CCodec  :   int32_t bitrate = 120000
07-03 12:24:12.534  1490 19323 D CCodec  :   int32_t channel-count = 1
07-03 12:24:12.534  1490 19323 D CCodec  :   int32_t max-input-size = 32768
07-03 12:24:12.534  1490 19323 D CCodec  :   string mime = "audio/vorbis"
07-03 12:24:12.534  1490 19323 D CCodec  :   int32_t sample-rate = 48000
07-03 12:24:12.534  1490 19323 D CCodec  : }
07-03 12:24:12.534  1490 19323 D CCodec  : setup formats output: AMessage(what = 0x00000000) = {
07-03 12:24:12.534  1490 19323 D CCodec  :   int32_t channel-count = 1
07-03 12:24:12.534  1490 19323 D CCodec  :   string mime = "audio/raw"
07-03 12:24:12.534  1490 19323 D CCodec  :   int32_t sample-rate = 48000
07-03 12:24:12.534  1490 19323 D CCodec  :   int32_t channel-mask = 1
07-03 12:24:12.534  1490 19323 D CCodec  : }
07-03 12:24:12.534  1490 19323 I CCodecConfig: query failed after returning 7 values (BAD_INDEX)
07-03 12:24:12.534  1490 19323 I MediaCodec: MediaCodec will operate in async mode
07-03 12:24:12.534  1490 19322 D MediaCodec: keep callback message for reclaim
07-03 12:24:12.535  1490 19323 W Codec2Client: query -- param skipped: index = 1342179345.
07-03 12:24:12.535  1490 19323 W Codec2Client: query -- param skipped: index = 2415921170.
07-03 12:24:12.536  1490 19323 D CCodecBufferChannel: [c2.android.vorbis.decoder#819] Created input block pool with allocatorID 16 => poolID 157 - OK (0)
07-03 12:24:12.537  1509 14565 D BufferPoolAccessor2.0: bufferpool2 0x7163c94dd8 : 0(0 size) total buffers - 0(0 size) used buffers - 88/92 (recycle/alloc) - 4/91 (fetch/transfer)
07-03 12:24:12.537  1509 14565 D BufferPoolAccessor2.0: Destruction - bufferpool2 0x7163c94dd8 cached: 0/0M, 0/0% in use; allocs: 92, 96% recycled; transfers: 91, 96% unfetched
07-03 12:24:12.537  1490 13581 D BufferPoolAccessor2.0: bufferpool2 0xe7e40028 : 0(0 size) total buffers - 0(0 size) used buffers - 88/96 (recycle/alloc) - 8/188 (fetch/transfer)
07-03 12:24:12.537  1490 13581 D BufferPoolAccessor2.0: Destruction - bufferpool2 0xe7e40028 cached: 0/0M, 0/0% in use; allocs: 96, 92% recycled; transfers: 188, 96% unfetched
07-03 12:24:12.538  1490 19323 I CCodecBufferChannel: [c2.android.vorbis.decoder#819] Created output block pool with allocatorID 16 => poolID 169 - OK
07-03 12:24:12.538  1490 19323 D CCodecBufferChannel: [c2.android.vorbis.decoder#819] Configured output block pool ids 169 => OK
07-03 12:24:12.539  1509 19324 D SimpleC2Component: Using output block pool with poolID 169 => got 169 - 0
07-03 12:24:12.553  1317  3945 D AudioFlinger: Client defaulted notificationFrames to 12000 for frameCount 24000
07-03 12:24:12.555  1317  3945 D AF::TrackHandle: OpPlayAudio: track:205 usage:5 not muted
07-03 12:24:12.564  1250  1889 I EffectsFactory: EffectCreate() create_effect
07-03 12:24:12.592  1250  1889 D audio_hw_primary: out_set_parameters: enter: usecase(1: low-latency-playback) kvpairs: routing=4194304
07-03 12:24:12.596  1250  3496 D audio_route: Apply path: speaker-safe
07-03 12:24:12.596  1250  3496 D audio_hw_primary: enable_snd_device: snd_device(104: vi-feedback)
07-03 12:24:12.596  1250  3496 D audio_route: Apply path: vi-feedback
07-03 12:24:12.596  1250  3496 E audio_hw_utils: audio_extn_utils_send_app_type_cfg: Failed to derive app_type for uc type : 0x1
07-03 12:24:12.596  1250  3496 D ACDB-LOADER: ACDB -> send_audio_cal, acdb_id = 512, path = 1, app id = 0x11132, sample rate = 48000
07-03 12:24:12.596  1250  3496 D ACDB-LOADER: ACDB -> send_asm_topology
07-03 12:24:12.596  1250  3496 D ACDB-LOADER: ACDB -> ACDB_CMD_GET_AUDPROC_STREAM_TOPOLOGY_ID
07-03 12:24:12.596  1250  3496 D ACDB-LOADER: ACDB -> send_adm_topology
07-03 12:24:12.596  1250  3496 D ACDB-LOADER: ACDB -> ACDB_CMD_GET_AUDPROC_COMMON_TOPOLOGY_ID
07-03 12:24:12.596  1250  3496 D ACDB-LOADER: ACDB -> send_audtable
07-03 12:24:12.596  1250  3496 D ACDB-LOADER: ACDB -> ACDB_CMD_GET_AUDPROC_COMMON_TABLE_SIZE
07-03 12:24:12.596  1250  3496 D ACDB-LOADER: ACDB -> ACDB_CMD_GET_AUDPROC_COMMON_TABLE
07-03 12:24:12.596  1250  3496 D ACDB-LOADER: ACDB -> AUDIO_SET_AUDPROC_CAL
07-03 12:24:12.596  1250  3496 D ACDB-LOADER: ACDB -> send_audvoltable
07-03 12:24:12.596  1250  3496 D ACDB-LOADER: ACDB -> ACDB_CMD_GET_AUDPROC_VOL_STEP_TABLE_SIZE
07-03 12:24:12.596  1250  3496 D ACDB-LOADER: ACDB -> ACDB_CMD_GET_AUDPROC_GAIN_DEP_STEP_TABLE, vol index 0
07-03 12:24:12.596  1250  3496 D android.hardware.audio.service: Failed to fetch the lookup information of the device 00000200 
07-03 12:24:12.596  1250  3496 E ACDB-LOADER: Error: ACDB AudProc vol returned = -19
07-03 12:24:12.596  1250  3496 D ACDB-LOADER: ACDB -> AUDIO_SET_VOL_CAL cal type = 12
07-03 12:24:12.596  1250  3496 D ACDB-LOADER: ACDB -> ACDB_CMD_GET_AUDPROC_STREAM_TABLE_SIZE
07-03 12:24:12.596  1250  3496 D ACDB-LOADER: ACDB -> send_audstrmtable
07-03 12:24:12.596  1250  3496 D ACDB-LOADER: ACDB -> ACDB_CMD_GET_AUDPROC_STREAM_TABLE_V2
07-03 12:24:12.596  1250  3496 D ACDB-LOADER: ACDB -> audstrm_cal->cal_type.cal_data.cal_size = 16
07-03 12:24:12.596  1250  3496 D ACDB-LOADER: ACDB -> send_afe_topology
07-03 12:24:12.596  1250  3496 D ACDB-LOADER: ACDB -> ACDB_CMD_GET_AFE_TOPOLOGY_ID
07-03 12:24:12.596  1250  3496 D ACDB-LOADER: ACDB -> GET_AFE_TOPOLOGY_ID for adcd_id 512, Topology Id 10001ccc
07-03 12:24:12.596  1250  3496 D ACDB-LOADER: ACDB -> send_afe_cal
07-03 12:24:12.596  1250  3496 D ACDB-LOADER: ACDB -> ACDB_CMD_GET_AFE_COMMON_TABLE_SIZE
07-03 12:24:12.596  1250  3496 D ACDB-LOADER: ACDB -> ACDB_CMD_GET_AFE_COMMON_TABLE
07-03 12:24:12.596  1250  3496 D ACDB-LOADER: ACDB -> AUDIO_SET_AFE_CAL
07-03 12:24:12.596  1250  3496 D ACDB-LOADER: ACDB -> send_hw_delay : acdb_id = 512 path = 1
07-03 12:24:12.596  1250  3496 D ACDB-LOADER: ACDB -> ACDB_AVSYNC_INFO: ACDB_CMD_GET_DEVICE_PROPERTY
07-03 12:24:12.596  1250  3496 D audio_hw_primary: enable_audio_route: usecase(25) apply and update mixer path: spkr-vi-record vi-feedback
07-03 12:24:12.596  1250  3496 D audio_route: Apply path: spkr-vi-record vi-feedback
07-03 12:24:12.633  1250  3496 D msm8974_platform: Setting audio calibration for snd_device(4) acdb_id(514)
07-03 12:24:12.634  1250  3496 E ACDB-LOADER: [acdb_loader_adsp_set_audio_cal] active device/stream not found (result=-100) for topology 0x1000dffb and apptype 0x11130
07-03 12:24:12.634  1250  3496 E ACDB-LOADER: [acdb_loader_adsp_set_audio_cal] set parameters failed with status -100
07-03 12:24:12.634  1250  3496 D msm8974_platform: Setting audio calibration for snd_device(4) acdb_id(514)
07-03 12:24:12.634  1250  3496 D audio_hw_waves: print_state_log: send volume table -(0,0.000000,F),(1,0.000000,F),(2,0.000000,F),(3,0.000000,F),(4,0.000000,F),(5,0.000000,T)
07-03 12:24:12.634  1250  3496 D ACDB-LOADER: ACDB -> send_audio_cal, acdb_id = 514, path = 0, app id = 0x11130, sample rate = 48000
07-03 12:24:12.634  1250  3496 D ACDB-LOADER: ACDB -> send_asm_topology
07-03 12:24:12.634  1250  3496 D ACDB-LOADER: ACDB -> ACDB_CMD_GET_AUDPROC_STREAM_TOPOLOGY_ID
07-03 12:24:12.634  1250  3496 D ACDB-LOADER: ACDB -> send_adm_topology
07-03 12:24:12.634  1250  3496 D ACDB-LOADER: ACDB -> ACDB_CMD_GET_AUDPROC_COMMON_TOPOLOGY_ID
07-03 12:24:12.634  1250  3496 D ACDB-LOADER: ACDB -> send_audtable
07-03 12:24:12.634  1250  3496 D ACDB-LOADER: ACDB -> ACDB_CMD_GET_AUDPROC_COMMON_TABLE_SIZE
07-03 12:24:12.634  1250  3496 D ACDB-LOADER: ACDB -> ACDB_CMD_GET_AUDPROC_COMMON_TABLE
07-03 12:24:12.635  1250  3496 D ACDB-LOADER: ACDB -> AUDIO_SET_AUDPROC_CAL
07-03 12:24:12.635  1250  3496 D ACDB-LOADER: ACDB -> send_audvoltable
07-03 12:24:12.635  1250  3496 D ACDB-LOADER: ACDB -> ACDB_CMD_GET_AUDPROC_VOL_STEP_TABLE_SIZE
07-03 12:24:12.635  1250  3496 D ACDB-LOADER: ACDB -> ACDB_CMD_GET_AUDPROC_GAIN_DEP_STEP_TABLE, vol index 0
07-03 12:24:12.635  1250  3496 D android.hardware.audio.service: Failed to fetch the lookup information of the device 00000202 
07-03 12:24:12.635  1250  3496 E ACDB-LOADER: Error: ACDB AudProc vol returned = -19
07-03 12:24:12.635  1250  3496 D ACDB-LOADER: ACDB -> AUDIO_SET_VOL_CAL cal type = 12
07-03 12:24:12.635  1250  3496 D ACDB-LOADER: ACDB -> ACDB_CMD_GET_AUDPROC_STREAM_TABLE_SIZE
07-03 12:24:12.635  1250  3496 D ACDB-LOADER: ACDB -> send_audstrmtable
07-03 12:24:12.635  1250  3496 D ACDB-LOADER: ACDB -> ACDB_CMD_GET_AUDPROC_STREAM_TABLE_V2
07-03 12:24:12.635  1250  3496 D ACDB-LOADER: ACDB -> audstrm_cal->cal_type.cal_data.cal_size = 456
07-03 12:24:12.635  1250  3496 D ACDB-LOADER: ACDB -> send_afe_topology
07-03 12:24:12.635  1250  3496 D ACDB-LOADER: ACDB -> ACDB_CMD_GET_AFE_TOPOLOGY_ID
07-03 12:24:12.635  1250  3496 D ACDB-LOADER: ACDB -> GET_AFE_TOPOLOGY_ID for adcd_id 514, Topology Id 10000ccc
07-03 12:24:12.635  1250  3496 D ACDB-LOADER: ACDB -> send_afe_cal
07-03 12:24:12.635  1250  3496 D ACDB-LOADER: ACDB -> ACDB_CMD_GET_AFE_COMMON_TABLE_SIZE
07-03 12:24:12.635  1250  3496 D ACDB-LOADER: ACDB -> ACDB_CMD_GET_AFE_COMMON_TABLE
07-03 12:24:12.635  1250  3496 D ACDB-LOADER: ACDB -> AUDIO_SET_AFE_CAL
07-03 12:24:12.635  1250  3496 D ACDB-LOADER: ACDB -> send_hw_delay : acdb_id = 514 path = 0
07-03 12:24:12.635  1250  3496 D ACDB-LOADER: ACDB -> ACDB_AVSYNC_INFO: ACDB_CMD_GET_DEVICE_PROPERTY
07-03 12:24:12.635  1250  3496 D audio_hw_primary: enable_audio_route: usecase(1) apply and update mixer path: low-latency-playback speaker
07-03 12:24:12.635  1250  3496 D audio_route: Apply path: low-latency-playback speaker
07-03 12:24:12.689  1250  3496 D audio_hw_primary: out_write: retry previous failed cal level set
07-03 12:24:12.710  1250  1889 D audio_hw_waves: print_state_log: send volume table -(0,0.000000,F),(1,0.000000,F),(2,0.000000,F),(3,0.000000,F),(4,0.000000,F),(5,0.302643,T)
07-03 12:24:12.846 19162 19304 I BatteryMgr:DataCollectionService: stats => 1688379852846,646562,4098
07-03 12:24:12.897  1864  2354 D ConnectivityService: NetReassign [no changes] [c 1] [a 0] [i 3]
07-03 12:24:13.853 19162 19304 I BatteryMgr:DataCollectionService: stats => 1688379853853,505312,4098
07-03 12:24:13.954  1490 19323 D CCodecBufferChannel: [c2.android.vorbis.decoder#819] buffers after EOS ignored (0 us)
07-03 12:24:13.955  1490 19323 D CCodecBufferChannel: [c2.android.vorbis.decoder#819] buffers after EOS ignored (0 us)
07-03 12:24:13.956  1490 19323 D CCodecBufferChannel: [c2.android.vorbis.decoder#819] buffers after EOS ignored (0 us)
07-03 12:24:13.956  1490 19321 D AudioTrack: stop(180): called with 76269 frames delivered
07-03 12:24:14.362  1864  5059 I MediaFocusControl: abandonAudioFocus() from uid/pid 10195/2439 clientId=android.media.AudioManager@a43b4d2
07-03 12:24:14.363  2439 19316 V MediaPlayer: resetDrmState:  mDrmInfo=null mDrmProvisioningThread=null mPrepareDrmInProgress=false mActiveDrmScheme=false
07-03 12:24:14.363  2439 19316 V MediaPlayer: cleanDrmObj: mDrmObj=null mDrmSessionId=null
07-03 12:24:14.364  1489  1516 D AudioAnalytics: gc(1700, 2000): log size:1700 item map size:92, item map items:1700
07-03 12:24:14.364  1490  1490 D NuPlayerDriver: reset(0xebf41050) at state 6
07-03 12:24:14.369  1490 19323 I hw-BpHwBinder: onLastStrongRef automatically unlinking death recipients
07-03 12:24:14.370  1509 14565 I hw-BpHwBinder: onLastStrongRef automatically unlinking death recipients
07-03 12:24:14.370  1509 14565 I hw-BpHwBinder: onLastStrongRef automatically unlinking death recipients
07-03 12:24:14.371  1509 14565 V C2Store : in ~ComponentModule
07-03 12:24:14.371  1509 14565 V C2Store : unloading dll
07-03 12:24:14.375  1490 19318 D NuPlayerDriver: notifyResetComplete(0xebf41050)
07-03 12:24:14.376  1490  1490 W AMessage: failed to post message as target looper for handler 0 is gone.
07-03 12:24:14.378  1250  1889 D audio_hw_waves: print_state_log: send volume table -(0,0.000000,F),(1,0.000000,F),(2,0.000000,F),(3,0.000000,F),(4,0.000000,F),(5,0.000000,F)
07-03 12:24:14.510  1494  1494 I EaselThermalMonitor: Cooling Device: mnh cur_state 0 max_state 4
07-03 12:24:14.518  1494  1494 I EaselThermalMonitor: Cooling Device: mnh cur_state 0 max_state 4
07-03 12:24:14.860 19162 19304 I BatteryMgr:DataCollectionService: stats => 1688379854860,486875,4098
07-03 12:24:15.523  1494  1524 I EaselThermalMonitor: (Low) mnh_cpu: 43.62, mnh_ipu1: 42.02, mnh_ipu2: 41.27, mnh_lpddr: 41.62
07-03 12:24:15.524  1494  1524 I EaselThermalMonitor: Cooling Device: mnh cur_state 0 max_state 4
07-03 12:24:15.868 19162 19304 I BatteryMgr:DataCollectionService: stats => 1688379855867,542187,4098
07-03 12:24:15.920  1864  2354 D ConnectivityService: NetReassign [no changes] [c 1] [a 0] [i 3]
07-03 12:24:16.511  1494  1494 I EaselThermalMonitor: Cooling Device: mnh cur_state 0 max_state 4
07-03 12:24:16.519  1494  1494 I EaselThermalMonitor: Cooling Device: mnh cur_state 0 max_state 4
07-03 12:24:16.875 19162 19304 I BatteryMgr:DataCollectionService: stats => 1688379856874,661875,4098
07-03 12:24:17.354  1250  1364 D audio_hw_primary: disable_audio_route: usecase(1) reset and update mixer path: low-latency-playback speaker
07-03 12:24:17.356  1250  1364 I audio_hw_cirrus_playback: audio_extn_spkr_prot_stop_processing: pcm_tx_close
07-03 12:24:17.363  1250  1364 D audio_hw_primary: disable_audio_route: usecase(25) reset and update mixer path: spkr-vi-record vi-feedback
07-03 12:24:17.364  1250  1364 D audio_hw_primary: disable_snd_device: snd_device(104: vi-feedback)
07-03 12:24:17.538  1509  2465 D BufferPoolAccessor2.0: evictor expired: 1, evicted: 0
07-03 12:24:17.881 19162 19304 I BatteryMgr:DataCollectionService: stats => 1688379857881,560312,4098
07-03 12:24:18.512  1494  1494 I EaselThermalMonitor: Cooling Device: mnh cur_state 0 max_state 4
07-03 12:24:18.519  1494  1494 I EaselThermalMonitor: Cooling Device: mnh cur_state 0 max_state 4
07-03 12:24:18.537  1490 13610 D BufferPoolAccessor2.0: evictor expired: 1, evicted: 0
07-03 12:24:18.888 19162 19304 I BatteryMgr:DataCollectionService: stats => 1688379858888,520625,4098
07-03 12:24:18.936  1864  2354 D ConnectivityService: NetReassign [no changes] [c 1] [a 0] [i 3]
07-03 12:24:19.537  1490 13610 D BufferPoolAccessor2.0: bufferpool2 0xe7e42788 : 0(0 size) total buffers - 0(0 size) used buffers - 91/99 (recycle/alloc) - 8/188 (fetch/transfer)
07-03 12:24:19.537  1490 13610 D BufferPoolAccessor2.0: evictor expired: 1, evicted: 1
07-03 12:24:19.538  1509  2465 D BufferPoolAccessor2.0: bufferpool2 0x7163c8b538 : 0(0 size) total buffers - 0(0 size) used buffers - 89/92 (recycle/alloc) - 3/91 (fetch/transfer)
07-03 12:24:19.538  1509  2465 D BufferPoolAccessor2.0: evictor expired: 1, evicted: 1
07-03 12:24:19.896 19162 19304 I BatteryMgr:DataCollectionService: stats => 1688379859896,460312,4098
07-03 12:24:20.426  1253  2026 W libgcam : [ae.cc:778]: RunAe: No similar examples during short AE!
07-03 12:24:20.426  1253 19327 W libgcam : [ae.cc:778]: RunAe: No similar examples during long AE!
07-03 12:24:20.427  1253  2026 I libgcam : [fast_ae_lib.cc:370]: Resetting motion metering for sensor 1: time since last stats image = 10.004 sec
07-03 12:24:20.507  1253 18433 I native  : ipu_keepalive.cc:78 IpuKeepAliveThread: Releasing run reference due to no activity in 20s.
07-03 12:24:20.507  1253 18433 I native  : ipu_wake_lock.cc:75 IpuWakeLock::Release:0x6fb18ca058
07-03 12:24:20.507  1253 18433 I native  : easel_service_control.cc:345 RunReferenceCountDecrement run_reference_count_=0
07-03 12:24:20.507  1253 18433 I native  : easel_service_control.cc:352 EaselServiceControl Suspend
07-03 12:24:20.507  1253 18433 I native  : easel_service_control.cc:652 COMMAND_PROCESSOR_3PA: SuspendInternal
07-03 12:24:20.542  1253  2028 E android.hardware.camera.provider@2.4-service_64: Failed to obtain metadata value of lens_vcm_position for frame 3 because data pointer is null.
07-03 12:24:20.542  1253  2028 E goog_warping: Cannot get per-frame metadata.
07-03 12:24:20.543  1253  2027 I CHIUSECASE: operator(): stream buffer cache notifies the manager for refilling
07-03 12:24:20.544  1253  2027 I CHIUSECASE: GetBuffer: StreamBufferCache for stream 0x6ff193dbb8 refilled before time out.
07-03 12:24:20.565  1494  1494 I EaselPowerBlue: [TIME_LOGGER] suspend took 55 ms
07-03 12:24:20.565  1253 18433 I native  : easel_service_control.cc:655 COMMAND_PROCESSOR_3PA: SuspendInternal complete
07-03 12:24:20.565  1494  1494 I EaselThermalMonitor: Cooling Device: mnh cur_state 0 max_state 4
07-03 12:24:20.565  1253 18433 I native  : easel_service_control.cc:644 COMMAND_PROCESSOR_3PA: Suspend complete
07-03 12:24:20.565  1494  1494 I EaselThermalMonitor: Cooling Device: mnh cur_state 0 max_state 4
07-03 12:24:20.570  1253  2030 I CHIUSECASE: UpdateResultAndInflightRequests: all inflight requests have been processed. Notify stream buffer cache manager to flush.
07-03 12:24:20.571  1253 19280 I CHIUSECASE: RefillReturnThreadLoop: StreamBufferCacheManager flushed SBC for stream 0x6ff193dbb8.
07-03 12:24:20.903 19162 19304 I BatteryMgr:DataCollectionService: stats => 1688379860902,416250,4098
07-03 12:24:21.910 19162 19304 I BatteryMgr:DataCollectionService: stats => 1688379861910,297187,4098
07-03 12:24:21.957  1864  2354 D ConnectivityService: NetReassign [no changes] [c 1] [a 0] [i 3]
07-03 12:24:22.566  1494  1494 I EaselThermalMonitor: Cooling Device: mnh cur_state 0 max_state 4
07-03 12:24:22.566  1494  1494 I EaselThermalMonitor: Cooling Device: mnh cur_state 0 max_state 4
07-03 12:24:22.916 19162 19304 I BatteryMgr:DataCollectionService: stats => 1688379862916,326562,4098
07-03 12:24:23.923 19162 19304 I BatteryMgr:DataCollectionService: stats => 1688379863923,282500,4098
07-03 12:24:24.568  1494  1494 I EaselThermalMonitor: Cooling Device: mnh cur_state 0 max_state 4
07-03 12:24:24.568  1494  1494 I EaselThermalMonitor: Cooling Device: mnh cur_state 0 max_state 4
07-03 12:24:24.930 19162 19304 I BatteryMgr:DataCollectionService: stats => 1688379864930,252187,4098
07-03 12:24:24.979  1864  2354 D ConnectivityService: NetReassign [no changes] [c 0] [a 0] [i 3]
07-03 12:24:25.937 19162 19304 I BatteryMgr:DataCollectionService: stats => 1688379865937,341562,4098
07-03 12:24:26.569  1494  1494 I EaselThermalMonitor: Cooling Device: mnh cur_state 0 max_state 4
07-03 12:24:26.569  1494  1494 I EaselThermalMonitor: Cooling Device: mnh cur_state 0 max_state 4
07-03 12:24:26.944 19162 19304 I BatteryMgr:DataCollectionService: stats => 1688379866944,293125,4098
07-03 12:24:27.951 19162 19304 I BatteryMgr:DataCollectionService: stats => 1688379867951,263125,4098
07-03 12:24:27.996  1864  2354 D ConnectivityService: NetReassign [no changes] [c 1] [a 0] [i 4]
07-03 12:24:28.571  1494  1494 I EaselThermalMonitor: Cooling Device: mnh cur_state 0 max_state 4
07-03 12:24:28.571  1494  1494 I EaselThermalMonitor: Cooling Device: mnh cur_state 0 max_state 4
07-03 12:24:28.958 19162 19304 I BatteryMgr:DataCollectionService: stats => 1688379868958,276875,4098
07-03 12:24:29.965 19162 19304 I BatteryMgr:DataCollectionService: stats => 1688379869965,288125,4098
07-03 12:24:30.438  1253  2028 W libgcam : [ae.cc:778]: RunAe: No similar examples during short AE!
07-03 12:24:30.438  1253 19329 W libgcam : [ae.cc:778]: RunAe: No similar examples during long AE!
07-03 12:24:30.439  1253  2028 I libgcam : [fast_ae_lib.cc:370]: Resetting motion metering for sensor 1: time since last stats image = 10.0122 sec
07-03 12:24:30.567  1253  2028 E android.hardware.camera.provider@2.4-service_64: Failed to obtain metadata value of lens_vcm_position for frame 4 because data pointer is null.
07-03 12:24:30.567  1253  2028 E goog_warping: Cannot get per-frame metadata.
07-03 12:24:30.567  1253  2027 I CHIUSECASE: operator(): stream buffer cache notifies the manager for refilling
07-03 12:24:30.568  1253  2027 I CHIUSECASE: GetBuffer: StreamBufferCache for stream 0x6ff193dbb8 refilled before time out.
07-03 12:24:30.571  1494  1494 I EaselThermalMonitor: Cooling Device: mnh cur_state 0 max_state 4
07-03 12:24:30.571  1494  1494 I EaselThermalMonitor: Cooling Device: mnh cur_state 0 max_state 4
07-03 12:24:30.593  1253  2030 I CHIUSECASE: UpdateResultAndInflightRequests: all inflight requests have been processed. Notify stream buffer cache manager to flush.
07-03 12:24:30.594  1253 19280 I CHIUSECASE: RefillReturnThreadLoop: StreamBufferCacheManager flushed SBC for stream 0x6ff193dbb8.
07-03 12:24:30.971 19162 19304 I BatteryMgr:DataCollectionService: stats => 1688379870971,312187,4098
07-03 12:24:31.015  1864  2354 D ConnectivityService: NetReassign [no changes] [c 0] [a 1] [i 2]
07-03 12:24:31.976 19162 19304 I BatteryMgr:DataCollectionService: stats => 1688379871976,251562,4098
07-03 12:24:32.573  1494  1494 I EaselThermalMonitor: Cooling Device: mnh cur_state 0 max_state 4
07-03 12:24:32.573  1494  1494 I EaselThermalMonitor: Cooling Device: mnh cur_state 0 max_state 4
07-03 12:24:32.983 19162 19304 I BatteryMgr:DataCollectionService: stats => 1688379872983,285625,4098
07-03 12:24:33.990 19162 19304 I BatteryMgr:DataCollectionService: stats => 1688379873990,281875,4098
07-03 12:24:34.031  1864  2354 D ConnectivityService: NetReassign [no changes] [c 0] [a 1] [i 2]
07-03 12:24:34.573  1494  1494 I EaselThermalMonitor: Cooling Device: mnh cur_state 0 max_state 4
07-03 12:24:34.573  1494  1494 I EaselThermalMonitor: Cooling Device: mnh cur_state 0 max_state 4
07-03 12:24:34.997 19162 19304 I BatteryMgr:DataCollectionService: stats => 1688379874997,372812,4098
07-03 12:24:36.005 19162 19304 I BatteryMgr:DataCollectionService: stats => 1688379876004,280000,4098
07-03 12:24:36.575  1494  1494 I EaselThermalMonitor: Cooling Device: mnh cur_state 0 max_state 4
07-03 12:24:36.575  1494  1494 I EaselThermalMonitor: Cooling Device: mnh cur_state 0 max_state 4
07-03 12:24:37.012 19162 19304 I BatteryMgr:DataCollectionService: stats => 1688379877011,343750,4098
07-03 12:24:37.051  1864  2354 D ConnectivityService: NetReassign [no changes] [c 1] [a 0] [i 3]
07-03 12:24:38.018 19162 19304 I BatteryMgr:DataCollectionService: stats => 1688379878018,289062,4098
07-03 12:24:38.576  1494  1494 I EaselThermalMonitor: Cooling Device: mnh cur_state 0 max_state 4
07-03 12:24:38.577  1494  1494 I EaselThermalMonitor: Cooling Device: mnh cur_state 0 max_state 4
07-03 12:24:39.025 19162 19304 I BatteryMgr:DataCollectionService: stats => 1688379879025,269687,4098
07-03 12:24:40.032 19162 19304 I BatteryMgr:DataCollectionService: stats => 1688379880032,278437,4098
07-03 12:24:40.074  1864  2354 D ConnectivityService: NetReassign [no changes] [c 0] [a 0] [i 3]
07-03 12:24:40.460  1253  2028 I libgcam : [fast_ae_lib.cc:370]: Resetting motion metering for sensor 1: time since last stats image = 10.0207 sec
07-03 12:24:40.577  1494  1494 I EaselThermalMonitor: Cooling Device: mnh cur_state 0 max_state 4
07-03 12:24:40.577  1494  1494 I EaselThermalMonitor: Cooling Device: mnh cur_state 0 max_state 4
07-03 12:24:40.591  1253  2026 E android.hardware.camera.provider@2.4-service_64: Failed to obtain metadata value of lens_vcm_position for frame 5 because data pointer is null.
07-03 12:24:40.591  1253  2026 E goog_warping: Cannot get per-frame metadata.
07-03 12:24:40.592  1253  2028 I CHIUSECASE: operator(): stream buffer cache notifies the manager for refilling
07-03 12:24:40.593  1253  2028 I CHIUSECASE: GetBuffer: StreamBufferCache for stream 0x6ff193dbb8 refilled before time out.
07-03 12:24:40.616  1253  2030 I CHIUSECASE: UpdateResultAndInflightRequests: all inflight requests have been processed. Notify stream buffer cache manager to flush.
07-03 12:24:40.617  1253 19280 I CHIUSECASE: RefillReturnThreadLoop: StreamBufferCacheManager flushed SBC for stream 0x6ff193dbb8.
07-03 12:24:41.038 19162 19304 I BatteryMgr:DataCollectionService: stats => 1688379881038,544062,4098
07-03 12:24:41.274  6363  6363 I A       : Local calendar periodic scheduler worker starts.
07-03 12:24:41.279  6363  6363 I A       : Scheduling the PCP local calendar update worker.
07-03 12:24:41.287  6363  6479 I A       : Calendar refresh worker found. Do not schedule new one.
07-03 12:24:41.289  6363  6451 I WM-WorkerWrapper: Worker result SUCCESS for Work [ id=35c0f605-175a-4601-bdac-3e9c74af7f87, tags={ com.google.apps.tiktok.contrib.work.TikTokListenableWorker, TikTokWorker#com.google.android.apps.search.assistant.platform.pcp.featuredata.localcalendar.LocalCalendarPeriodicSchedulerWorker } ]
07-03 12:24:41.305  1864  1864 W ProcessStats: Tracking association SourceState{f4a1850 system/1000 BTopFgs #71554} whose proc state 2 is better than process ProcessState{3d4ea49 com.google.android.gms.persistent/10125 pkg=com.google.android.gms} proc state 3 (2 skipped)
07-03 12:24:41.307  1864  1864 D CompatibilityChangeReporter: Compat change id reported: 168419799; UID 10122; state: DISABLED
07-03 12:24:41.310  1864  1864 D CompatibilityChangeReporter: Compat change id reported: 135634846; UID 10114; state: DISABLED
07-03 12:24:41.310  1864  1864 D CompatibilityChangeReporter: Compat change id reported: 177438394; UID 10114; state: DISABLED
07-03 12:24:41.310  1864  1864 D CompatibilityChangeReporter: Compat change id reported: 135772972; UID 10114; state: DISABLED
07-03 12:24:41.310  1864  1864 D CompatibilityChangeReporter: Compat change id reported: 135754954; UID 10114; state: ENABLED
07-03 12:24:41.310  1864  2006 D CompatibilityChangeReporter: Compat change id reported: 143937733; UID 10114; state: ENABLED
07-03 12:24:41.320  1232  1232 D Zygote  : Forked child process 19331
07-03 12:24:41.321  1864  2006 I ActivityManager: Start proc 19331:com.google.android.apps.wellbeing/u0a114 for service {com.google.android.apps.wellbeing/androidx.work.impl.background.systemjob.SystemJobService}
07-03 12:24:41.330 19331 19331 I .apps.wellbein: Using CollectorTypeCC GC.
07-03 12:24:41.345 10683 19333 W Turbo.PowerBrainMaintenanceWindowImpl: PB was not active.
07-03 12:24:41.345 19331 19331 E .apps.wellbein: Not starting debugger since process cannot load the jdwp agent.
07-03 12:24:41.351 19331 19331 D ProcessState: Binder ioctl to enable oneway spam detection failed: Invalid argument
07-03 12:24:41.356 16730 16747 W UnsafeUtil: platform method missing - proto runtime falling back to safer methods: java.lang.NoSuchMethodException: sun.misc.Unsafe.copyMemory [class java.lang.Object, long, class java.lang.Object, long, long]
07-03 12:24:41.363  1864  5069 D CompatibilityChangeReporter: Compat change id reported: 181136395; UID 10289; state: DISABLED
07-03 12:24:41.363  1864  5069 D CompatibilityChangeReporter: Compat change id reported: 174042936; UID 10289; state: DISABLED
07-03 12:24:41.365 19331 19331 D CompatibilityChangeReporter: Compat change id reported: 171979766; UID 10114; state: ENABLED
07-03 12:24:41.366 16704 19332 W System  : ClassLoader referenced unknown path: 
07-03 12:24:41.366 16704 19332 D nativeloader: Configuring classloader-namespace for other apk . target_sdk_version=33, uses_libraries=, library_path=/data/app/~~kt773cXOZ5q87Bm33E0odg==/com.google.android.gms-4rU_AnzKy5xfDlFyP73NmA==/lib/arm64:/data/app/~~kt773cXOZ5q87Bm33E0odg==/com.google.android.gms-4rU_AnzKy5xfDlFyP73NmA==/base.apk!/lib/arm64-v8a, permitted_path=/data:/mnt/expand:/data/user/0/com.google.android.gms
07-03 12:24:41.376 19331 19331 D nativeloader: Configuring classloader-namespace for other apk /system/framework/org.apache.http.legacy.jar. target_sdk_version=34, uses_libraries=ALL, library_path=/data/app/~~u8WGyukeUgzXxkvQuIuQ6w==/com.google.android.apps.wellbeing-BhXO9vJPRFZ2xO7qsOigdA==/lib/arm64, permitted_path=/data:/mnt/expand:/data/user/0/com.google.android.apps.wellbeing
07-03 12:24:41.378 30108 30988 I FastPair: (REDACTED) FastPair: provider is called with method [%s]
07-03 12:24:41.420 19331 19331 D nativeloader: Configuring classloader-namespace for other apk /data/app/~~u8WGyukeUgzXxkvQuIuQ6w==/com.google.android.apps.wellbeing-BhXO9vJPRFZ2xO7qsOigdA==/base.apk. target_sdk_version=34, uses_libraries=, library_path=/data/app/~~u8WGyukeUgzXxkvQuIuQ6w==/com.google.android.apps.wellbeing-BhXO9vJPRFZ2xO7qsOigdA==/lib/arm64, permitted_path=/data:/mnt/expand:/data/user/0/com.google.android.apps.wellbeing
07-03 12:24:41.429 19331 19331 V GraphicsEnvironment: ANGLE Developer option for 'com.google.android.apps.wellbeing' set to: 'default'
07-03 12:24:41.430 19331 19331 D NetworkSecurityConfig: No Network Security Config specified, using platform default
07-03 12:24:41.430 19331 19331 D NetworkSecurityConfig: No Network Security Config specified, using platform default
07-03 12:24:41.433 19331 19331 I MultiDex: Installing application
07-03 12:24:41.435 19331 19331 I MultiDex: VM with version 2.1.0 has multidex support
07-03 12:24:41.435 19331 19331 I MultiDex: VM has multidex support, MultiDex support library is disabled.
07-03 12:24:41.473 19331 19331 I jbr     : SslGuard completed installation.
07-03 12:24:41.474 19331 19357 W .apps.wellbein: Accessing hidden field Ljava/util/Collections$SynchronizedCollection;->mutex:Ljava/lang/Object; (max-target-o, reflection, denied)
07-03 12:24:41.474 19331 19357 W .apps.wellbein: Accessing hidden method Ljava/util/Collections$SynchronizedSet;-><init>(Ljava/util/Set;Ljava/lang/Object;)V (max-target-o, reflection, denied)
