--------- beginning of main
07-05 21:41:47.788 14559 14559 D ProcessState: Binder ioctl to enable oneway spam detection failed: Invalid argument
--------- beginning of system
07-05 21:41:47.793  1871  5201 I ActivityTaskManager: START u0 {act=android.intent.action.MAIN cat=[android.intent.category.LAUNCHER] flg=0x10000000 cmp=com.example.batterymanager_utility/.MainActivity} from uid 2000
07-05 21:41:47.794  1871  5201 W ActivityTaskManager: Can't find TaskDisplayArea to determine support for multi window. Task id=446 attached=false
07-05 21:41:47.798  1871  5201 D CompatibilityChangeReporter: Compat change id reported: 174042980; UID 10232; state: DISABLED
07-05 21:41:47.798  1871  5201 D CompatibilityChangeReporter: Compat change id reported: 184838306; UID 10232; state: DISABLED
07-05 21:41:47.798  1871  5201 D CompatibilityChangeReporter: Compat change id reported: 185004937; UID 10232; state: DISABLED
07-05 21:41:47.801  1871  5201 D CompatibilityChangeReporter: Compat change id reported: 168419799; UID 10232; state: DISABLED
07-05 21:41:47.811  1871  1987 W ActivityManager: ProcessRecord{9c79016 0:com.example.batterymanager_utility/u0a232}: ART verification disabled
07-05 21:41:47.811  1871  1987 D CompatibilityChangeReporter: Compat change id reported: 135634846; UID 10232; state: DISABLED
07-05 21:41:47.811  1871  1987 D CompatibilityChangeReporter: Compat change id reported: 177438394; UID 10232; state: DISABLED
07-05 21:41:47.811  1871  1987 D CompatibilityChangeReporter: Compat change id reported: 135772972; UID 10232; state: DISABLED
07-05 21:41:47.811  1871  1987 D CompatibilityChangeReporter: Compat change id reported: 135754954; UID 10232; state: ENABLED
07-05 21:41:47.812  1871  1996 D CompatibilityChangeReporter: Compat change id reported: 143937733; UID 10232; state: ENABLED
07-05 21:41:47.817  1230  1230 D Zygote  : Forked child process 14562
07-05 21:41:47.817  1871  1996 I ActivityManager: Start proc 14562:com.example.batterymanager_utility/u0a232 for pre-top-activity {com.example.batterymanager_utility/com.example.batterymanager_utility.MainActivity}
07-05 21:41:47.822 14562 14562 I manager_utilit: Late-enabling -Xcheck:jni
07-05 21:41:47.849 14562 14562 I manager_utilit: Using CollectorTypeCC GC.
07-05 21:41:47.855 10808 10816 I adbd    : jdwp connection from 14562
07-05 21:41:47.865 14562 14562 D ProcessState: Binder ioctl to enable oneway spam detection failed: Invalid argument
07-05 21:41:47.876 14562 14562 D CompatibilityChangeReporter: Compat change id reported: 171979766; UID 10232; state: ENABLED
07-05 21:41:47.882 14562 14562 W ziparchive: Unable to open '/data/app/~~D4alkvMUFBszslKwdB5QFA==/com.example.batterymanager_utility-l3Y2psBbmr3ZNtxUxiyKcA==/base.dm': No such file or directory
07-05 21:41:47.882 14562 14562 W ziparchive: Unable to open '/data/app/~~D4alkvMUFBszslKwdB5QFA==/com.example.batterymanager_utility-l3Y2psBbmr3ZNtxUxiyKcA==/base.dm': No such file or directory
07-05 21:41:47.907  3854  3854 I A       : onPause
07-05 21:41:47.909  3579  3579 I GsaVoiceInteractionSrv: Handling ACTION_STOP_HOTWORD
07-05 21:41:47.925 14564 14564 D AndroidRuntime: >>>>>> START com.android.internal.os.RuntimeInit uid 2000 <<<<<<
07-05 21:41:47.929 14564 14564 I AndroidRuntime: Using default boot image
07-05 21:41:47.929 14564 14564 I AndroidRuntime: Leaving lock profiling enabled
07-05 21:41:47.924 14564 14564 W app_process: type=1400 audit(0.0:477): avc: denied { read } for name="u:object_r:odsign_prop:s0" dev="tmpfs" ino=14640 scontext=u:r:shell:s0 tcontext=u:object_r:odsign_prop:s0 tclass=file permissive=0
07-05 21:41:47.929 14564 14564 W libc    : Access denied finding property "odsign.verification.success"
07-05 21:41:47.932 14564 14564 W app_process: ART APEX data files are untrusted.
07-05 21:41:47.932 14564 14564 I app_process: Using CollectorTypeCC GC.
07-05 21:41:47.932 14564 14564 E app_process: Error reading named image component header for /system/framework/boot.art, error: Unable to open file "/system/framework/arm64/boot.art" for reading image header
07-05 21:41:47.949 14581 14581 W dex2oat64: Mismatch between dex2oat instruction set features to use (ISA: Arm64 Feature string: -a53,crc,lse,fp16,-dotprod,-sve) and those from CPP defines (ISA: Arm64 Feature string: -a53,-crc,-lse,-fp16,-dotprod,-sve) for the command line:
07-05 21:41:47.949 14581 14581 W dex2oat64: /apex/com.android.art/bin/dex2oat64 --runtime-arg -Xbootclasspath:/apex/com.android.art/javalib/core-oj.jar:/apex/com.android.art/javalib/core-libart.jar:/apex/com.android.art/javalib/okhttp.jar:/apex/com.android.art/javalib/bouncycastle.jar:/apex/com.android.art/javalib/apache-xml.jar:/system/framework/framework.jar:/system/framework/framework-graphics.jar:/system/framework/ext.jar:/system/framework/telephony-common.jar:/system/framework/voip-common.jar:/system/framework/ims-common.jar:/apex/com.android.i18n/javalib/core-icu4j.jar --runtime-arg -Xbootclasspath-locations:/apex/com.android.art/javalib/core-oj.jar:/apex/com.android.art/javalib/core-libart.jar:/apex/com.android.art/javalib/okhttp.jar:/apex/com.android.art/javalib/bouncycastle.jar:/apex/com.android.art/javalib/apache-xml.jar:/system/framework/framework.jar:/system/framework/framework-graphics.jar:/system/framework/ext.jar:/system/framework/telephony-common.jar:/system/framework/voip-common.jar:/system/framework/ims-common.jar:/apex/com.android.i18n/javalib/core-icu4j.jar --base=0x70000000 --dex-file=/apex/com.android.art/javalib/core-oj.jar --dex-location=/apex/com.android.art/javalib/core-oj.jar --dex-file=/apex/com.android.art/javalib/core-libart.jar --dex-location=/apex/com.android.art/javalib/core-libart.jar --dex-file=/apex/com.android.art/javalib/okhttp.jar --dex-location=/apex/com.android.art/javalib/okhttp.jar --dex-file=/apex/com.android.art/javalib/bouncycastle.jar --dex-location=/apex/com.android.art/javalib/bouncycastle.jar --dex-file=/apex/com.android.art/javalib/apache-xml.jar --dex-location=/apex/com.android.art/javalib/apache-xml.jar --dex-file=/system/framework/framework.jar --dex-location=/system/framework/framework.jar --dex-file=/system/framework/framework-graphics.jar --dex-location=/system/framework/framework-graphics.jar --dex-file=/system/framework/ext.jar --dex-location=/system/framework/ext.jar --dex-file=/system/framework/telephony-common.jar --dex-location=/system/framework/telephony-common.jar --dex-file=/system/framework/voip-common.jar --dex-location=/system/framework/voip-common.jar --dex-file=/system/framework/ims-common.jar --dex-location=/system/framework/ims-common.jar --dex-file=/apex/com.android.i18n/javalib/core-icu4j.jar --dex-location=/apex/com.android.i18n/javalib/core-icu4j.jar --image-fd=5 --output-vdex-fd=6 --oat-fd=7 --oat-location=/system/framework/arm64/boot.oat --single-image --image-format=uncompressed --compiler-filter=verify --profile-file=/apex/com.android.art/etc/boot-image.prof --profile-file=/system/etc/boot-image.prof --avoid-storing-invocation --instruction-set=arm64 --instruction-set-features=runtime --runtime-arg -Xms64m --runtime-arg -Xmx64m --dirty-image-objects=/system/etc/dirty-image-objects --instruction-set-variant=kryo385 --instruction-set-features=default --generate-mini-debug-info
07-05 21:41:47.960 14562 14562 D nativeloader: Configuring classloader-namespace for other apk /data/app/~~D4alkvMUFBszslKwdB5QFA==/com.example.batterymanager_utility-l3Y2psBbmr3ZNtxUxiyKcA==/base.apk. target_sdk_version=33, uses_libraries=, library_path=/data/app/~~D4alkvMUFBszslKwdB5QFA==/com.example.batterymanager_utility-l3Y2psBbmr3ZNtxUxiyKcA==/lib/arm64, permitted_path=/data:/mnt/expand:/data/user/0/com.example.batterymanager_utility
07-05 21:41:47.967 14581 14581 I dex2oat64: /apex/com.android.art/bin/dex2oat64 --runtime-arg -Xbootclasspath:/apex/com.android.art/javalib/core-oj.jar:/apex/com.android.art/javalib/core-libart.jar:/apex/com.android.art/javalib/okhttp.jar:/apex/com.android.art/javalib/bouncycastle.jar:/apex/com.android.art/javalib/apache-xml.jar:/system/framework/framework.jar:/system/framework/framework-graphics.jar:/system/framework/ext.jar:/system/framework/telephony-common.jar:/system/framework/voip-common.jar:/system/framework/ims-common.jar:/apex/com.android.i18n/javalib/core-icu4j.jar --runtime-arg -Xbootclasspath-locations:/apex/com.android.art/javalib/core-oj.jar:/apex/com.android.art/javalib/core-libart.jar:/apex/com.android.art/javalib/okhttp.jar:/apex/com.android.art/javalib/bouncycastle.jar:/apex/com.android.art/javalib/apache-xml.jar:/system/framework/framework.jar:/system/framework/framework-graphics.jar:/system/framework/ext.jar:/system/framework/telephony-common.jar:/system/framework/voip-common.jar:/system/framework/ims-common.jar:/apex/com.android.i18n/javalib/core-icu4j.jar --base=0x70000000 --dex-file=/apex/com.android.art/javalib/core-oj.jar --dex-location=/apex/com.android.art/javalib/core-oj.jar --dex-file=/apex/com.android.art/javalib/core-libart.jar --dex-location=/apex/com.android.art/javalib/core-libart.jar --dex-file=/apex/com.android.art/javalib/okhttp.jar --dex-location=/apex/com.android.art/javalib/okhttp.jar --dex-file=/apex/com.android.art/javalib/bouncycastle.jar --dex-location=/apex/com.android.art/javalib/bouncycastle.jar --dex-file=/apex/com.android.art/javalib/apache-xml.jar --dex-location=/apex/com.android.art/javalib/apache-xml.jar --dex-file=/system/framework/framework.jar --dex-location=/system/framework/framework.jar --dex-file=/system/framework/framework-graphics.jar --dex-location=/system/framework/framework-graphics.jar --dex-file=/system/framework/ext.jar --dex-location=/system/framework/ext.jar --dex-file=/system/framework/telephony-common.jar --dex-location=/system/framework/telephony-common.jar --dex-file=/system/framework/voip-common.jar --dex-location=/system/framework/voip-common.jar --dex-file=/system/framework/ims-common.jar --dex-location=/system/framework/ims-common.jar --dex-file=/apex/com.android.i18n/javalib/core-icu4j.jar --dex-location=/apex/com.android.i18n/javalib/core-icu4j.jar --image-fd=5 --output-vdex-fd=6 --oat-fd=7 --oat-location=/system/framework/arm64/boot.oat --single-image --image-format=uncompressed --compiler-filter=verify --profile-file=/apex/com.android.art/etc/boot-image.prof --profile-file=/system/etc/boot-image.prof --avoid-storing-invocation --instruction-set=arm64 --instruction-set-features=runtime --runtime-arg -Xms64m --runtime-arg -Xmx64m --dirty-image-objects=/system/etc/dirty-image-objects --instruction-set-variant=kryo385 --instruction-set-features=default --generate-mini-debug-info
07-05 21:41:47.967 14562 14562 V GraphicsEnvironment: ANGLE Developer option for 'com.example.batterymanager_utility' set to: 'default'
07-05 21:41:47.967 14562 14562 V GraphicsEnvironment: App is not on the allowlist for updatable production driver.
07-05 21:41:47.968 14581 14581 I dex2oat64: setting boot class path to /apex/com.android.art/javalib/core-oj.jar:/apex/com.android.art/javalib/core-libart.jar:/apex/com.android.art/javalib/okhttp.jar:/apex/com.android.art/javalib/bouncycastle.jar:/apex/com.android.art/javalib/apache-xml.jar:/system/framework/framework.jar:/system/framework/framework-graphics.jar:/system/framework/ext.jar:/system/framework/telephony-common.jar:/system/framework/voip-common.jar:/system/framework/ims-common.jar:/apex/com.android.i18n/javalib/core-icu4j.jar
07-05 21:41:47.968 14562 14562 D NetworkSecurityConfig: No Network Security Config specified, using platform default
07-05 21:41:47.969 14562 14562 D NetworkSecurityConfig: No Network Security Config specified, using platform default
07-05 21:41:47.974 14562 14562 I BatteryMgr:App: creating notification channel
07-05 21:41:48.099  2530  2530 I WallpaperService: engine paused
07-05 21:41:48.121 14562 14584 I AdrenoGLES-0: QUALCOMM build                   : 781e7d0, I46ff5fc46f
07-05 21:41:48.121 14562 14584 I AdrenoGLES-0: Build Date                       : 12/01/20
07-05 21:41:48.121 14562 14584 I AdrenoGLES-0: OpenGL ES Shader Compiler Version: EV031.31.04.01
07-05 21:41:48.121 14562 14584 I AdrenoGLES-0: Local Branch                     : QPR1
07-05 21:41:48.121 14562 14584 I AdrenoGLES-0: Remote Branch                    : 
07-05 21:41:48.121 14562 14584 I AdrenoGLES-0: Remote Branch                    : 
07-05 21:41:48.121 14562 14584 I AdrenoGLES-0: Reconstruct Branch               : 
07-05 21:41:48.121 14562 14584 I AdrenoGLES-0: Build Config                     : C P 11.0.1 AArch64
07-05 21:41:48.121 14562 14584 I AdrenoGLES-0: Driver Path                      : /vendor/lib64/egl/libGLESv2_adreno.so
07-05 21:41:48.122  3854  3854 I A       : (REDACTED) onApplyWindowInsets: systemWindowInsets=%s
07-05 21:41:48.122  3854  3854 I A       : (REDACTED) onApplyWindowInsets: systemWindowInsets=%s
07-05 21:41:48.124 14562 14584 I AdrenoGLES-0: PFP: 0x016ee190, ME: 0x00000000
07-05 21:41:48.124  1871  1988 D CompatibilityChangeReporter: Compat change id reported: 158002302; UID 10232; state: ENABLED
07-05 21:41:48.125 14562 14584 W AdrenoUtils: <ReadGpuID_from_sysfs:197>: Failed to open /sys/class/kgsl/kgsl-3d0/gpu_model
07-05 21:41:48.125 14562 14584 W AdrenoUtils: <ReadGpuID:221>: Failed to read chip ID from gpu_model. Fallback to use the GSL path
07-05 21:41:48.131   742   742 I SDM     : HWCDisplay::GetColorModeCount: Supported color mode count = 5
07-05 21:41:48.132   739  2358 E HWComposer: getSupportedContentTypes: getSupportedContentTypes failed for display 0: Unsupported (8)
07-05 21:41:48.132 14562 14584 D hw-ProcessState: Binder ioctl to enable oneway spam detection failed: Invalid argument
07-05 21:41:48.133   694   694 I hwservicemanager: getTransport: Cannot find entry android.hardware.graphics.mapper@4.0::IMapper/default in either framework or device VINTF manifest.
07-05 21:41:48.133 14562 14588 I Gralloc4: mapper 4.x is not supported
07-05 21:41:48.134   694   694 I hwservicemanager: getTransport: Cannot find entry android.hardware.graphics.mapper@3.0::IMapper/default in either framework or device VINTF manifest.
07-05 21:41:48.134 14562 14588 W Gralloc3: mapper 3.x is not supported
07-05 21:41:48.135   694   694 I hwservicemanager: getTransport: Cannot find entry android.hardware.graphics.allocator@4.0::IAllocator/default in either framework or device VINTF manifest.
07-05 21:41:48.135 14562 14588 W Gralloc4: allocator 4.x is not supported
07-05 21:41:48.135   694   694 I hwservicemanager: getTransport: Cannot find entry android.hardware.graphics.allocator@3.0::IAllocator/default in either framework or device VINTF manifest.
07-05 21:41:48.135 14562 14588 W Gralloc3: allocator 3.x is not supported
07-05 21:41:48.150  1871  1984 W ziparchive: Unable to open '/data/app/~~D4alkvMUFBszslKwdB5QFA==/com.example.batterymanager_utility-l3Y2psBbmr3ZNtxUxiyKcA==/base.dm': No such file or directory
07-05 21:41:48.151  1871  1984 I ActivityTaskManager: Displayed com.example.batterymanager_utility/.MainActivity: +357ms
07-05 21:41:48.164  1871  1987 W ProcessStats: Tracking association SourceState{e3596d0 system/1000 BTopFgs #51398} whose proc state 2 is better than process ProcessState{5a4c6c9 com.google.android.gms.persistent/10125 pkg=com.google.android.gms} proc state 3 (34 skipped)
07-05 21:41:48.169  3854  3854 I A       : onStop
07-05 21:41:48.174  3583  3583 I GoogleInputMethodService: GoogleInputMethodService.onFinishInput():3306 
07-05 21:41:48.175  3583  3583 I GoogleInputMethodService: GoogleInputMethodService.updateDeviceLockedStatus():2127 repeatCheckTimes = 0, locked = false
07-05 21:41:48.175  3583  3583 I GoogleInputMethodService: GoogleInputMethodService.onStartInput():1909 onStartInput(EditorInfo{inputType=0x0(NULL) imeOptions=0x0 privateImeOptions=null actionName=UNSPECIFIED actionLabel=null actionId=0 initialSelStart=-1 initialSelEnd=-1 initialCapsMode=0x0 hintText=null label=null packageName=com.example.batterymanager_utility fieldId=-1 fieldName=null extras=null hintLocales=[]}, false)
07-05 21:41:48.175  3583  3583 I GoogleInputMethodService: GoogleInputMethodService.shouldHideHeaderOnInitialState():1990 ShouldHideHeaderOnInitialState = false
07-05 21:41:48.175  3583  3583 I GoogleInputMethodService: GoogleInputMethodService.updateDeviceLockedStatus():2127 repeatCheckTimes = 1, locked = false
07-05 21:41:48.263 14581 14581 I dex2oat64: Using CollectorTypeCC GC.
07-05 21:41:48.449  1871  3647 W InputManager-JNI: Input channel object 'e7f89d8 Splash Screen com.example.batterymanager_utility (client)' was disposed without first being removed with the input manager!
07-05 21:41:48.528  1871  1871 D CompatibilityChangeReporter: Compat change id reported: 135634846; UID 10122; state: DISABLED
07-05 21:41:48.528  1871  1871 D CompatibilityChangeReporter: Compat change id reported: 177438394; UID 10122; state: DISABLED
07-05 21:41:48.528  1871  1871 D CompatibilityChangeReporter: Compat change id reported: 135772972; UID 10122; state: DISABLED
07-05 21:41:48.528  1871  1871 D CompatibilityChangeReporter: Compat change id reported: 135754954; UID 10122; state: ENABLED
07-05 21:41:48.528  1871  1996 D CompatibilityChangeReporter: Compat change id reported: 143937733; UID 10122; state: ENABLED
07-05 21:41:48.535  1871  1871 D CompatibilityChangeReporter: Compat change id reported: 135634846; UID 10123; state: DISABLED
07-05 21:41:48.535  1871  1871 D CompatibilityChangeReporter: Compat change id reported: 177438394; UID 10123; state: DISABLED
07-05 21:41:48.535  1871  1871 D CompatibilityChangeReporter: Compat change id reported: 135772972; UID 10123; state: DISABLED
07-05 21:41:48.535  1871  1871 D CompatibilityChangeReporter: Compat change id reported: 135754954; UID 10123; state: ENABLED
07-05 21:41:48.534  1230  1230 D Zygote  : Forked child process 14601
07-05 21:41:48.536  1871  1996 I ActivityManager: Start proc 14601:com.google.android.settings.intelligence/u0a122 for service {com.google.android.settings.intelligence/com.google.android.settings.intelligence.modules.contextualcards.impl.CardCollectorJobService}
07-05 21:41:48.536  1871  1996 D CompatibilityChangeReporter: Compat change id reported: 143937733; UID 10123; state: ENABLED
07-05 21:41:48.543  1871  5201 D CompatibilityChangeReporter: Compat change id reported: 135634846; UID 10056; state: DISABLED
07-05 21:41:48.543  1871  5201 D CompatibilityChangeReporter: Compat change id reported: 177438394; UID 10056; state: DISABLED
07-05 21:41:48.543  1871  5201 D CompatibilityChangeReporter: Compat change id reported: 135772972; UID 10056; state: DISABLED
07-05 21:41:48.543  1871  5201 D CompatibilityChangeReporter: Compat change id reported: 135754954; UID 10056; state: ENABLED
07-05 21:41:48.544 14601 14601 I gs.intelligenc: Using CollectorTypeCC GC.
07-05 21:41:48.546  1230  1230 D Zygote  : Forked child process 14602
07-05 21:41:48.547  1871  1996 I ActivityManager: Start proc 14602:com.google.android.apps.messaging/u0a123 for service {com.google.android.apps.messaging/androidx.work.impl.background.systemjob.SystemJobService}
07-05 21:41:48.547  1871  1996 D CompatibilityChangeReporter: Compat change id reported: 143937733; UID 10056; state: ENABLED
07-05 21:41:48.549  2850 13876 I NetworkScheduler.Stats: (REDACTED) Task %s/%s started execution. cause:%s exec_start_elapsed_seconds: %s
07-05 21:41:48.549 11002 11002 I Finsky  : [2] ywt.onStartJob(4): SCH: job service start with id 9258.
07-05 21:41:48.551 14601 14601 E gs.intelligenc: Not starting debugger since process cannot load the jdwp agent.
07-05 21:41:48.554 14601 14601 D ProcessState: Binder ioctl to enable oneway spam detection failed: Invalid argument
07-05 21:41:48.569  1230  1230 D Zygote  : Forked child process 14617
07-05 21:41:48.570  1871  8349 D CompatibilityChangeReporter: Compat change id reported: 168419799; UID 10122; state: DISABLED
07-05 21:41:48.573  1871  1996 I ActivityManager: Start proc 14617:android.process.media/u0a56 for content provider {com.android.providers.downloads/com.android.providers.downloads.DownloadProvider}
07-05 21:41:48.574 14602 14602 I .apps.messagin: Using CollectorTypeCC GC.
07-05 21:41:48.578 14601 14601 D CompatibilityChangeReporter: Compat change id reported: 171979766; UID 10122; state: ENABLED
07-05 21:41:48.579 14602 14602 E .apps.messagin: Not starting debugger since process cannot load the jdwp agent.
07-05 21:41:48.582 14602 14602 D ProcessState: Binder ioctl to enable oneway spam detection failed: Invalid argument
07-05 21:41:48.585 14617 14617 I d.process.medi: Using CollectorTypeCC GC.
07-05 21:41:48.588 10832 14618 W Turbo.PowerBrainMaintenanceWindowImpl: PB was not active.
07-05 21:41:48.589 14617 14617 E d.process.medi: Not starting debugger since process cannot load the jdwp agent.
07-05 21:41:48.591  2850 14507 I NetworkScheduler.Stats: (REDACTED) Task %s/%s started execution. cause:%s exec_start_elapsed_seconds: %s
07-05 21:41:48.591 14601 14601 D nativeloader: Configuring classloader-namespace for other apk /system/framework/org.apache.http.legacy.jar. target_sdk_version=33, uses_libraries=ALL, library_path=/data/app/~~F8DWfrU-An3WU9XHm974WQ==/com.google.android.settings.intelligence-XA1EP80Sqcu21vfK-Mk24g==/lib/arm64, permitted_path=/data:/mnt/expand:/data/user/0/com.google.android.settings.intelligence
07-05 21:41:48.593 14617 14617 D ProcessState: Binder ioctl to enable oneway spam detection failed: Invalid argument
07-05 21:41:48.594  3360  9610 I TelephonySpamChimeraSer: Running Telephony Spam Chimera Service [CONTEXT service_id=150 ]
07-05 21:41:48.595  3360  9610 I TelephonySpamChimeraSer: Cleaning SIP Header local table of old entries [CONTEXT service_id=150 ]
07-05 21:41:48.595  3360  9610 I SpamListSync: Call spam module disabled. Skipping cleaning cache sip header table. [CONTEXT service_id=150 ]
07-05 21:41:48.595  3360  9610 I TelephonySpamChimeraSer: Syncing Call Spam List [CONTEXT service_id=150 ]
07-05 21:41:48.595  3360  9610 I SpamListSync: (REDACTED) SpamListSyncChimeraService.syncSpamList called with tag: %s, extras: %s
07-05 21:41:48.595  3360  9610 I SpamListSync: Call spam module disabled. Skipping spam list syncing. [CONTEXT service_id=150 ]
07-05 21:41:48.596  2850 13876 I NetworkScheduler.Stats: (REDACTED) Task %s/%s finished executing. cause:%s result: %s elapsed_millis: %s uptime_millis: %s exec_start_elapsed_seconds: %s
07-05 21:41:48.602 14602 14602 D CompatibilityChangeReporter: Compat change id reported: 171979766; UID 10123; state: ENABLED
07-05 21:41:48.602  1871 12525 D CompatibilityChangeReporter: Compat change id reported: 168419799; UID 10056; state: DISABLED
07-05 21:41:48.606 14617 14617 D CompatibilityChangeReporter: Compat change id reported: 171979766; UID 10056; state: ENABLED
07-05 21:41:48.610 14601 14601 D nativeloader: Configuring classloader-namespace for other apk /data/app/~~F8DWfrU-An3WU9XHm974WQ==/com.google.android.settings.intelligence-XA1EP80Sqcu21vfK-Mk24g==/base.apk. target_sdk_version=33, uses_libraries=, library_path=/data/app/~~F8DWfrU-An3WU9XHm974WQ==/com.google.android.settings.intelligence-XA1EP80Sqcu21vfK-Mk24g==/lib/arm64, permitted_path=/data:/mnt/expand:/data/user/0/com.google.android.settings.intelligence
07-05 21:41:48.611  2850 13876 I NetworkScheduler.Stats: (REDACTED) Task %s/%s finished executing. cause:%s result: %s elapsed_millis: %s uptime_millis: %s exec_start_elapsed_seconds: %s
07-05 21:41:48.612 14602 14602 D nativeloader: Configuring classloader-namespace for other apk /system/framework/org.apache.http.legacy.jar. target_sdk_version=34, uses_libraries=ALL, library_path=/data/app/~~zzVpJqGL9uYRwCxLDOL5gA==/com.google.android.apps.messaging-yM4kpi4mwEW-ErAB6hcmug==/lib/arm64:/data/app/~~zzVpJqGL9uYRwCxLDOL5gA==/com.google.android.apps.messaging-yM4kpi4mwEW-ErAB6hcmug==/base.apk!/lib/arm64-v8a:/data/app/~~zzVpJqGL9uYRwCxLDOL5gA==/com.google.android.apps.messaging-yM4kpi4mwEW-ErAB6hcmug==/split_config.arm64_v8a.apk!/lib/arm64-v8a:/data/app/~~zzVpJqGL9uYRwCxLDOL5gA==/com.google.android.apps.messaging-yM4kpi4mwEW-ErAB6hcmug==/split_config.en.apk!/lib/arm64-v8a:/data/app/~~zzVpJqGL9uYRwCxLDOL5gA==/com.google.android.apps.messaging-yM4kpi4mwEW-ErAB6hcmug==/split_config.xxhdpi.apk!/lib/arm64-v8a, permitted_path=/data:/mnt/expand:/data/user/0/com.google.android.apps.messaging
07-05 21:41:48.619 11002 14616 I Finsky  : [148] zhz.a(118): SCH: Satisfied jobs for 9258 are: 26-1414141414
07-05 21:41:48.620 14617 14617 D nativeloader: Configuring classloader-namespace-shared for other apk /system/priv-app/DownloadProvider/DownloadProvider.apk. target_sdk_version=31, uses_libraries=, library_path=/system/priv-app/DownloadProvider/lib/arm64:/system/lib64:/system_ext/lib64:/product/lib64, permitted_path=/data:/mnt/expand:/data/user/0/com.android.providers.downloads:/system/priv-app/DownloadProvider:/system/lib64:/system_ext/lib64:/product/lib64
07-05 21:41:48.625 14617 14617 V GraphicsEnvironment: ANGLE Developer option for 'com.android.providers.downloads' set to: 'default'
07-05 21:41:48.626 14617 14617 D NetworkSecurityConfig: No Network Security Config specified, using platform default
07-05 21:41:48.626 14617 14617 D NetworkSecurityConfig: No Network Security Config specified, using platform default
07-05 21:41:48.653 14602 14602 W ziparchive: Unable to open '/data/app/~~zzVpJqGL9uYRwCxLDOL5gA==/com.google.android.apps.messaging-yM4kpi4mwEW-ErAB6hcmug==/split_config.arm64_v8a.dm': No such file or directory
07-05 21:41:48.653 14602 14602 W ziparchive: Unable to open '/data/app/~~zzVpJqGL9uYRwCxLDOL5gA==/com.google.android.apps.messaging-yM4kpi4mwEW-ErAB6hcmug==/split_config.arm64_v8a.dm': No such file or directory
07-05 21:41:48.653 14602 14602 W .apps.messagin: Entry not found
07-05 21:41:48.654 14602 14602 W ziparchive: Unable to open '/data/app/~~zzVpJqGL9uYRwCxLDOL5gA==/com.google.android.apps.messaging-yM4kpi4mwEW-ErAB6hcmug==/split_config.en.dm': No such file or directory
07-05 21:41:48.654 14602 14602 W ziparchive: Unable to open '/data/app/~~zzVpJqGL9uYRwCxLDOL5gA==/com.google.android.apps.messaging-yM4kpi4mwEW-ErAB6hcmug==/split_config.en.dm': No such file or directory
07-05 21:41:48.654 14602 14602 W .apps.messagin: Entry not found
07-05 21:41:48.654 14602 14602 W ziparchive: Unable to open '/data/app/~~zzVpJqGL9uYRwCxLDOL5gA==/com.google.android.apps.messaging-yM4kpi4mwEW-ErAB6hcmug==/split_config.xxhdpi.dm': No such file or directory
07-05 21:41:48.654 14602 14602 W ziparchive: Unable to open '/data/app/~~zzVpJqGL9uYRwCxLDOL5gA==/com.google.android.apps.messaging-yM4kpi4mwEW-ErAB6hcmug==/split_config.xxhdpi.dm': No such file or directory
07-05 21:41:48.654 14602 14602 W .apps.messagin: Entry not found
07-05 21:41:48.656 14602 14602 D nativeloader: Configuring classloader-namespace for other apk /data/app/~~zzVpJqGL9uYRwCxLDOL5gA==/com.google.android.apps.messaging-yM4kpi4mwEW-ErAB6hcmug==/base.apk:/data/app/~~zzVpJqGL9uYRwCxLDOL5gA==/com.google.android.apps.messaging-yM4kpi4mwEW-ErAB6hcmug==/split_config.arm64_v8a.apk:/data/app/~~zzVpJqGL9uYRwCxLDOL5gA==/com.google.android.apps.messaging-yM4kpi4mwEW-ErAB6hcmug==/split_config.en.apk:/data/app/~~zzVpJqGL9uYRwCxLDOL5gA==/com.google.android.apps.messaging-yM4kpi4mwEW-ErAB6hcmug==/split_config.xxhdpi.apk. target_sdk_version=34, uses_libraries=, library_path=/data/app/~~zzVpJqGL9uYRwCxLDOL5gA==/com.google.android.apps.messaging-yM4kpi4mwEW-ErAB6hcmug==/lib/arm64:/data/app/~~zzVpJqGL9uYRwCxLDOL5gA==/com.google.android.apps.messaging-yM4kpi4mwEW-ErAB6hcmug==/base.apk!/lib/arm64-v8a:/data/app/~~zzVpJqGL9uYRwCxLDOL5gA==/com.google.android.apps.messaging-yM4kpi4mwEW-ErAB6hcmug==/split_config.arm64_v8a.apk!/lib/arm64-v8a:/data/app/~~zzVpJqGL9uYRwCxLDOL5gA==/com.google.android.apps.messaging-yM4kpi4mwEW-ErAB6hcmug
07-05 21:41:48.661 14602 14602 W .apps.messagin: JIT profile information will not be recorded: profile file does not exist.
07-05 21:41:48.661 14602 14602 W .apps.messagin: JIT profile information will not be recorded: profile file does not exist.
07-05 21:41:48.661 14602 14602 W .apps.messagin: JIT profile information will not be recorded: profile file does not exist.
07-05 21:41:48.664 14617 14617 D nativeloader: Configuring classloader-namespace-shared for other apk /system/priv-app/MtpService/MtpService.apk. target_sdk_version=31, uses_libraries=, library_path=/system/priv-app/MtpService/lib/arm64:/system/lib64:/system_ext/lib64:/product/lib64, permitted_path=/data:/mnt/expand:/data/user/0/com.android.mtp:/system/priv-app/MtpService:/system/lib64:/system_ext/lib64:/product/lib64
07-05 21:41:48.664 14601 14601 V GraphicsEnvironment: ANGLE Developer option for 'com.google.android.settings.intelligence' set to: 'default'
07-05 21:41:48.665 14601 14601 D NetworkSecurityConfig: No Network Security Config specified, using platform default
07-05 21:41:48.665 14601 14601 D NetworkSecurityConfig: No Network Security Config specified, using platform default
07-05 21:41:48.672 14602 14602 V GraphicsEnvironment: ANGLE Developer option for 'com.google.android.apps.messaging' set to: 'default'
07-05 21:41:48.675 14602 14602 D NetworkSecurityConfig: No Network Security Config specified, using platform default
07-05 21:41:48.676 14602 14602 D NetworkSecurityConfig: No Network Security Config specified, using platform default
07-05 21:41:48.680 14602 14602 I MultiDex: Installing application
07-05 21:41:48.680 14602 14602 I MultiDex: VM with version 2.1.0 has multidex support
07-05 21:41:48.680 14602 14602 I MultiDex: VM has multidex support, MultiDex support library is disabled.
07-05 21:41:48.682 14601 14601 W gs.intelligenc: Accessing hidden field Ljava/util/Collections$SynchronizedCollection;->mutex:Ljava/lang/Object; (max-target-o, reflection, denied)
07-05 21:41:48.683 11002 14648 I Finsky  : [149] yvu.accept(68): SCH: Job 26-1414141414 starting
07-05 21:41:48.683 14601 14601 W gs.intelligenc: Accessing hidden method Ljava/util/Collections$SynchronizedSet;-><init>(Ljava/util/Set;Ljava/lang/Object;)V (max-target-o, reflection, denied)
07-05 21:41:48.683 14601 14601 W gs.intelligenc: Accessing hidden method Ljava/util/Collections$SynchronizedCollection;-><init>(Ljava/util/Collection;Ljava/lang/Object;)V (max-target-o, reflection, denied)
07-05 21:41:48.692 14617 14617 D nativeloader: Configuring classloader-namespace-shared for other apk /system/priv-app/MediaProviderLegacy/MediaProviderLegacy.apk. target_sdk_version=31, uses_libraries=, library_path=/system/priv-app/MediaProviderLegacy/lib/arm64:/system/lib64:/system_ext/lib64:/product/lib64, permitted_path=/data:/mnt/expand:/data/user/0/com.android.providers.media:/system/priv-app/MediaProviderLegacy:/system/lib64:/system_ext/lib64:/product/lib64
07-05 21:41:48.698 14601 14601 W BatterySettingsContentProvider: create content provider from null
07-05 21:41:48.720 14601 14652 D CompatibilityChangeReporter: Compat change id reported: 160794467; UID 10122; state: ENABLED
07-05 21:41:48.722 11002 11097 I Finsky  : [58] nlp.b(2): [Counters Flush] Counters flushed successfully
07-05 21:41:48.723 11002 11120 I Finsky  : [63] kfw.accept(24): [Counters Flush] Successfully generated counter events
07-05 21:41:48.729 11002 11097 I Finsky  : [58] yvh.r(4): SCH: jobFinished: 26-1414141414. TimeElapsed: 45ms.
07-05 21:41:48.749 11002 11135 I Finsky  : [70] yvc.a(2): SCH: no pending jobs to schedule.
07-05 21:41:48.750 11002 14648 I Finsky  : [149] ywt.a(16): SCH: job service finished with id 9258.
07-05 21:41:48.770 14602 14669 W .apps.messagin: Accessing hidden field Ljava/util/Collections$SynchronizedCollection;->mutex:Ljava/lang/Object; (max-target-o, reflection, denied)
07-05 21:41:48.770 14602 14669 W .apps.messagin: Accessing hidden method Ljava/util/Collections$SynchronizedSet;-><init>(Ljava/util/Set;Ljava/lang/Object;)V (max-target-o, reflection, denied)
07-05 21:41:48.770 14602 14669 W .apps.messagin: Accessing hidden method Ljava/util/Collections$SynchronizedCollection;-><init>(Ljava/util/Collection;Ljava/lang/Object;)V (max-target-o, reflection, denied)
07-05 21:41:48.818  3360 11235 I Icing   : IndexChimeraService.getServiceInterface callingPackage=com.google.android.gms componentName=null serviceId=30
07-05 21:41:48.845 11002 11133 I Finsky  : [69] yct.accept(36): SCH: Scheduling phonesky job Id: 26-1414141414, CT: 1688586108734, Constraints: [{ L: 43200000, D: 44100000, C: 1, I: 1, N: 0 }]
07-05 21:41:48.857  3360 11559 I GmsCoreXrpcWrapper: (REDACTED) Returning a channel provider with trafficStatsTag=%d trafficStatsUid=%d
07-05 21:41:48.868 14602 14602 I ckal    : SslGuard completed installation.
07-05 21:41:48.868 11002 11097 I Finsky  : [58] yeu.apply(14): SCH: Scheduling 1 system job(s)
07-05 21:41:48.870 11002 11097 I Finsky  : [58] yvf.d(19): SCH: Scheduling system job Id: 9498, L: 43199865, D: 44099865, C: false, I: false, N: 0
07-05 21:41:48.873 14602 14602 I Bugle   : BugleApplicationBase: Bugle version: messages.android_20230612_01_rc01.phone_dynamic
07-05 21:41:48.873 14602 14602 I Bugle   : DarkModeManager: setDarkMode: -1
07-05 21:41:48.885 14602 14602 D WM-PackageManagerHelper: androidx.work.impl.background.systemjob.SystemJobService enabled
07-05 21:41:48.885 14602 14602 D WM-Schedulers: Created SystemJobScheduler and enabled SystemJobService
07-05 21:41:48.890  3360 11559 I Icing   : Usage reports ok 25, Failed Usage reports 0, indexed 0, rejected 0
07-05 21:41:48.973 14602 14671 D CompatibilityChangeReporter: Compat change id reported: 160794467; UID 10123; state: ENABLED
07-05 21:41:49.006  1871  8349 D CompatibilityChangeReporter: Compat change id reported: 171306433; UID 10123; state: ENABLED
07-05 21:41:49.036 14602 14685 W BugleDatabase: DatabaseWrapperSlowdown: ****Database Slowdown applied with pre/post slowdown times (milliseconds) of: 0 0
07-05 21:41:49.065 14602 14685 I Bugle   : Initializing EmojiCompat
07-05 21:41:49.071  1871  8349 D CompatibilityChangeReporter: Compat change id reported: 135634846; UID 1000; state: DISABLED
07-05 21:41:49.071  1871  8349 D CompatibilityChangeReporter: Compat change id reported: 177438394; UID 1000; state: DISABLED
07-05 21:41:49.071  1871  8349 D CompatibilityChangeReporter: Compat change id reported: 135772972; UID 1000; state: DISABLED
07-05 21:41:49.071  1871  8349 D CompatibilityChangeReporter: Compat change id reported: 135754954; UID 1000; state: ENABLED
07-05 21:41:49.077 14602 14685 I CarrierServices: [62] bqyu.b: Initializing Carrier Services Library.
07-05 21:41:49.080  1230  1230 D Zygote  : Forked child process 14689
07-05 21:41:49.080  1871  1996 I ActivityManager: Start proc 14689:com.android.settings/1000 for content provider {com.android.settings/com.android.settings.homepage.contextualcards.SettingsContextualCardProvider}
07-05 21:41:49.083  2850  4839 I FontLog : (REDACTED) Received query %s, URI %s
07-05 21:41:49.084  2850  4839 I FontLog : (REDACTED) Query [%s] resolved to %s
07-05 21:41:49.085  2850  4839 I FontLog : (REDACTED) Fetch %s end status %s
07-05 21:41:49.087 14689 14689 I ndroid.setting: Using CollectorTypeCC GC.
07-05 21:41:49.091 14689 14689 E ndroid.setting: Not starting debugger since process cannot load the jdwp agent.
07-05 21:41:49.093 14689 14689 D ProcessState: Binder ioctl to enable oneway spam detection failed: Invalid argument
07-05 21:41:49.102  1871  3647 D CompatibilityChangeReporter: Compat change id reported: 168419799; UID 1000; state: DISABLED
07-05 21:41:49.107 14689 14689 D CompatibilityChangeReporter: Compat change id reported: 171979766; UID 1000; state: ENABLED
07-05 21:41:49.111 14602 14671 I Bugle   : DatabaseHelperBasic: sqlite version is 3.32.2
07-05 21:41:49.111  2850  4343 I FontLog : (REDACTED) Pulling font file for id = %d, cache size = %d
07-05 21:41:49.115 14602 14680 D MddListenableWorkerFactory: createWorker for class: com.google.android.apps.messaging.shared.rcs.availability.metrics.RcsAvailabilityLogWorker
07-05 21:41:49.117 14689 14689 D nativeloader: Configuring classloader-namespace-shared for other apk /system/framework/org.apache.http.legacy.jar. target_sdk_version=31, uses_libraries=ALL, library_path=/system_ext/priv-app/SettingsGoogle/lib/arm64:/system/lib64:/system_ext/lib64:/product/lib64, permitted_path=/data:/mnt/expand:/data/user_de/0/com.android.settings:/system_ext/priv-app/SettingsGoogle:/system/lib64:/system_ext/lib64:/product/lib64
07-05 21:41:49.132  2850  4839 I FontLog : (REDACTED) Pulling font file for id = %d, cache size = %d
07-05 21:41:49.134 14689 14689 D nativeloader: Configuring classloader-namespace-shared for other apk /system_ext/priv-app/SettingsGoogle/SettingsGoogle.apk. target_sdk_version=31, uses_libraries=, library_path=/system_ext/priv-app/SettingsGoogle/lib/arm64:/system/lib64:/system_ext/lib64:/product/lib64, permitted_path=/data:/mnt/expand:/data/user_de/0/com.android.settings:/system_ext/priv-app/SettingsGoogle:/system/lib64:/system_ext/lib64:/product/lib64
07-05 21:41:49.165 14602 14680 D MddListenableWorkerFactory: createWorker for class: com.google.android.libraries.mdi.download.workmanager.workers.PeriodicWorker
07-05 21:41:49.187 14689 14689 V GraphicsEnvironment: ANGLE Developer option for 'com.android.settings' set to: 'default'
07-05 21:41:49.188 14689 14689 D NetworkSecurityConfig: No Network Security Config specified, using platform default
07-05 21:41:49.188 14689 14689 D NetworkSecurityConfig: No Network Security Config specified, using platform default
07-05 21:41:49.208 14602 14685 I CarrierServices: [62] bqyu.a: Initializing Carrier Services Logging.
07-05 21:41:49.236 14602 14685 I LogSaver: LogSaver new instance with filename: carrier_services
07-05 21:41:49.250 14602 14664 E BlockableFutures: Cannot block on non-blocking thread
07-05 21:41:49.250 14602 14664 E BlockableFutures: java.lang.IllegalStateException: Cannot block on non-blocking thread: BG Thread #2
07-05 21:41:49.250 14602 14664 E BlockableFutures: 	at bygq.c(PG:11)
07-05 21:41:49.250 14602 14664 E BlockableFutures: 	at bygq.b(PG:1)
07-05 21:41:49.250 14602 14664 E BlockableFutures: 	at aiho.b(PG:2)
07-05 21:41:49.250 14602 14664 E BlockableFutures: 	at auxs.e(PG:6)
07-05 21:41:49.250 14602 14664 E BlockableFutures: 	at auxs.c(PG:1)
07-05 21:41:49.250 14602 14664 E BlockableFutures: 	at axpa.l(PG:4)
07-05 21:41:49.250 14602 14664 E BlockableFutures: 	at axpa.i(PG:1)
07-05 21:41:49.250 14602 14664 E BlockableFutures: 	at axpa.a(PG:3)
07-05 21:41:49.250 14602 14664 E BlockableFutures: 	at axql.c(PG:1)
07-05 21:41:49.250 14602 14664 E BlockableFutures: 	at axrf.call(PG:1)
07-05 21:41:49.250 14602 14664 E BlockableFutures: 	at cosn.a(PG:1)
07-05 21:41:49.250 14602 14664 E BlockableFutures: 	at copt.a(PG:3)
07-05 21:41:49.250 14602 14664 E BlockableFutures: 	at cugw.a(PG:1)
07-05 21:41:49.250 14602 14664 E BlockableFutures: 	at cufu.run(PG:4)
07-05 21:41:49.250 14602 14664 E BlockableFutures: 	at cugy.run(PG:1)
07-05 21:41:49.250 14602 14664 E BlockableFutures: 	at byfl.run(PG:1)
07-05 21:41:49.250 14602 14664 E BlockableFutures: 	at java.util.concurrent.ThreadPoolExecutor.runWorker(ThreadPoolExecutor.java:1137)
07-05 21:41:49.250 14602 14664 E BlockableFutures: 	at java.util.concurrent.ThreadPoolExecutor$Worker.run(ThreadPoolExecutor.java:637)
07-05 21:41:49.250 14602 14664 E BlockableFutures: 	at byhx.run(PG:3)
07-05 21:41:49.250 14602 14664 E BlockableFutures: 	at byeq.run(PG:2)
07-05 21:41:49.250 14602 14664 E BlockableFutures: 	at java.lang.Thread.run(Thread.java:1012)
07-05 21:41:49.250 14602 14664 E BlockableFutures: 	at byfr.run(PG:5)
07-05 21:41:49.255 14689 14689 D SettingsSliceProvider: init
07-05 21:41:49.256 14689 14689 D SettingsSliceProvider: onCreateSliceProvider
07-05 21:41:49.269 14602 14602 D MddPeriodicWorker: PeriodicWorker: startWork
07-05 21:41:49.270 14602 14685 I BugleBackup: Registering preference change listener for "bugle".
07-05 21:41:49.278 14689 14704 W UnsafeUtil: platform method missing - proto runtime falling back to safer methods: java.lang.NoSuchMethodException: sun.misc.Unsafe.copyMemory [class java.lang.Object, long, class java.lang.Object, long, long]
07-05 21:41:49.291 14601 14666 W System  : ClassLoader referenced unknown path: 
07-05 21:41:49.292 14601 14666 D nativeloader: Configuring classloader-namespace for other apk . target_sdk_version=33, uses_libraries=, library_path=/data/app/~~kt773cXOZ5q87Bm33E0odg==/com.google.android.gms-4rU_AnzKy5xfDlFyP73NmA==/lib/arm64:/data/app/~~kt773cXOZ5q87Bm33E0odg==/com.google.android.gms-4rU_AnzKy5xfDlFyP73NmA==/base.apk!/lib/arm64-v8a, permitted_path=/data:/mnt/expand:/data/user/0/com.google.android.gms
07-05 21:41:49.302  3360  6235 I FastPair: (REDACTED) FastPair: provider is called with method [%s]
07-05 21:41:49.303 14602 14664 W BugleRcsEngine: [47] bsab.d: [SR]: Single Registration is disabled. Skipping Single Registration capability check for subId: -1, OS.isAtLeastS:[true], enableSingleRegistrationProvisioning:[false]
07-05 21:41:49.325 14602 14680 I WM-WorkerWrapper: Work [ id=a6ddca1c-472d-4ac5-8d5c-77e56bafdd62, tags={ MDD.CELLULAR.CHARGING.PERIODIC.TASK, com.google.android.libraries.mdi.download.workmanager.workers.PeriodicWorker } ] was cancelled
07-05 21:41:49.325 14602 14680 I WM-WorkerWrapper: java.util.concurrent.CancellationException: Task was cancelled.
07-05 21:41:49.325 14602 14680 I WM-WorkerWrapper: 	at lzz.j(PG:2)
07-05 21:41:49.325 14602 14680 I WM-WorkerWrapper: 	at lzz.get(PG:3)
07-05 21:41:49.325 14602 14680 I WM-WorkerWrapper: 	at lsu.run(PG:1)
07-05 21:41:49.325 14602 14680 I WM-WorkerWrapper: 	at lyv.run(PG:1)
07-05 21:41:49.325 14602 14680 I WM-WorkerWrapper: 	at byfl.run(PG:1)
07-05 21:41:49.325 14602 14680 I WM-WorkerWrapper: 	at java.util.concurrent.ThreadPoolExecutor.runWorker(ThreadPoolExecutor.java:1137)
07-05 21:41:49.325 14602 14680 I WM-WorkerWrapper: 	at java.util.concurrent.ThreadPoolExecutor$Worker.run(ThreadPoolExecutor.java:637)
07-05 21:41:49.325 14602 14680 I WM-WorkerWrapper: 	at byen.run(PG:2)
07-05 21:41:49.325 14602 14680 I WM-WorkerWrapper: 	at java.lang.Thread.run(Thread.java:1012)
07-05 21:41:49.325 14602 14680 I WM-WorkerWrapper: 	at byfr.run(PG:5)
07-05 21:41:49.347 14602 14664 I BugleRcsProvisioning: RcsAvailabilityUpdaterLocal: RcsAvailability configuration availability and enabled status: simId: redacted-pii:sim_id[chars:0,last3:], SipConnectionType: DUAL_REG, isConfigurationAvailableAndEnabled: false
07-05 21:41:49.359 14602 14664 I BugleRcsProvisioning: RcsAvailabilityUpdaterLocal: updateRcsAvailability, currentAvailability: 1, newAvailability: 9, hint: NO_HINT
07-05 21:41:49.362 14602 14664 W BugleRcsEngine: [47] bsab.d: [SR]: Single Registration is disabled. Skipping Single Registration capability check for subId: -1, OS.isAtLeastS:[true], enableSingleRegistrationProvisioning:[false]
07-05 21:41:49.385  1871  5695 D ConnectivityService: requestNetwork for uid/pid:10123/14602 activeRequest: null callbackRequest: 634 [NetworkRequest [ REQUEST id=635, [ Capabilities: INTERNET&NOT_RESTRICTED&TRUSTED&NOT_VCN_MANAGED Uid: 10123 RequestorUid: 10123 RequestorPkg: com.google.android.apps.messaging UnderlyingNetworks: Null] ]] callback flags: 0 order: 2147483647
07-05 21:41:49.387  1871  2225 D ConnectivityService: NetReassign [635 : null → 100] [c 0] [a 0] [i 0]
07-05 21:41:49.387  1871  2203 D WifiNetworkFactory: got request NetworkRequest [ REQUEST id=635, [ Capabilities: INTERNET&NOT_RESTRICTED&TRUSTED&NOT_VCN_MANAGED Uid: 10123 RequestorUid: 10123 RequestorPkg: com.google.android.apps.messaging UnderlyingNetworks: Null] ]
07-05 21:41:49.387  1871  2203 D UntrustedWifiNetworkFactory: got request NetworkRequest [ REQUEST id=635, [ Capabilities: INTERNET&NOT_RESTRICTED&TRUSTED&NOT_VCN_MANAGED Uid: 10123 RequestorUid: 10123 RequestorPkg: com.google.android.apps.messaging UnderlyingNetworks: Null] ]
07-05 21:41:49.387  1871  2203 D OemPaidWifiNetworkFactory: got request NetworkRequest [ REQUEST id=635, [ Capabilities: INTERNET&NOT_RESTRICTED&TRUSTED&NOT_VCN_MANAGED Uid: 10123 RequestorUid: 10123 RequestorPkg: com.google.android.apps.messaging UnderlyingNetworks: Null] ]
07-05 21:41:49.387  1871  2203 D MultiInternetWifiNetworkFactory: got request NetworkRequest [ REQUEST id=635, [ Capabilities: INTERNET&NOT_RESTRICTED&TRUSTED&NOT_VCN_MANAGED Uid: 10123 RequestorUid: 10123 RequestorPkg: com.google.android.apps.messaging UnderlyingNetworks: Null] ]
07-05 21:41:49.403 14602 14714 D MddListenableWorkerFactory: createWorker for class: com.google.android.libraries.mdi.download.workmanager.workers.PeriodicWorker
07-05 21:41:49.405 14602 14602 D MddPeriodicWorker: PeriodicWorker: startWork
07-05 21:41:49.412 14602 14664 W SubscriptionMetadataUti: Bugle: SubscriptionMetadataUtils get: unexpected subId = -1, replacing with -1
07-05 21:41:49.412 14602 14664 W SubscriptionMetadataUti: cqww: FULL
07-05 21:41:49.412 14602 14664 W SubscriptionMetadataUti: 	at beoh.h(PG:6)
07-05 21:41:49.412 14602 14664 W SubscriptionMetadataUti: 	at beof.j(PG:2)
07-05 21:41:49.412 14602 14664 W SubscriptionMetadataUti: 	at abke.d(PG:1)
07-05 21:41:49.412 14602 14664 W SubscriptionMetadataUti: 	at abke.<init>(PG:20)
07-05 21:41:49.412 14602 14664 W SubscriptionMetadataUti: 	at aart.a(PG:150)
07-05 21:41:49.412 14602 14664 W SubscriptionMetadataUti: 	at aart.b(PG:4)
07-05 21:41:49.412 14602 14664 W SubscriptionMetadataUti: 	at abli.a(PG:3)
07-05 21:41:49.412 14602 14664 W SubscriptionMetadataUti: 	at abkd.E(PG:1)
07-05 21:41:49.412 14602 14664 W SubscriptionMetadataUti: 	at abkd.<init>(PG:20)
07-05 21:41:49.412 14602 14664 W SubscriptionMetadataUti: 	at aart.a(PG:154)
07-05 21:41:49.412 14602 14664 W SubscriptionMetadataUti: 	at aart.b(PG:4)
07-05 21:41:49.412 14602 14664 W SubscriptionMetadataUti: 	at dbuc.b(PG:1)
07-05 21:41:49.412 14602 14664 W SubscriptionMetadataUti: 	at dbub.b(PG:2)
07-05 21:41:49.412 14602 14664 W SubscriptionMetadataUti: 	at axrf.call(PG:5)
07-05 21:41:49.412 14602 14664 W SubscriptionMetadataUti: 	at cosn.a(PG:1)
07-05 21:41:49.412 14602 14664 W SubscriptionMetadataUti: 	at copt.a(PG:3)
07-05 21:41:49.412 14602 14664 W SubscriptionMetadataUti: 	at cugw.a(PG:1)
07-05 21:41:49.412 14602 14664 W SubscriptionMetadataUti: 	at cufu.run(PG:4)
07-05 21:41:49.412 14602 14664 W SubscriptionMetadataUti: 	at cugy.run(PG:1)
07-05 21:41:49.412 14602 14664 W SubscriptionMetadataUti: 	at byfl.run(PG:1)
07-05 21:41:49.412 14602 14664 W SubscriptionMetadataUti: 	at java.util.concurrent.ThreadPoolExecutor.runWorker(ThreadPoolExecutor.java:1137)
07-05 21:41:49.412 14602 14664 W SubscriptionMetadataUti: 	at java.util.concurrent.ThreadPoolExecutor$Worker.run(ThreadPoolExecutor.java:637)
07-05 21:41:49.412 14602 14664 W SubscriptionMetadataUti: 	at byhx.run(PG:3)
07-05 21:41:49.412 14602 14664 W SubscriptionMetadataUti: 	at byeq.run(PG:2)
07-05 21:41:49.412 14602 14664 W SubscriptionMetadataUti: 	at java.lang.Thread.run(Thread.java:1012)
07-05 21:41:49.412 14602 14664 W SubscriptionMetadataUti: 	at byfr.run(PG:5)
07-05 21:41:49.415 14602 14664 I Bugle   : TelephonyManagerFactory: Returning per-subscription TelephonyManager (>= N) subscription{id:-1}
07-05 21:41:49.421 14602 14664 W SubscriptionMetadataUti: Bugle: SubscriptionMetadataUtils get: unexpected subId = -1, replacing with -1
07-05 21:41:49.421 14602 14664 W SubscriptionMetadataUti: cqww: FULL
07-05 21:41:49.421 14602 14664 W SubscriptionMetadataUti: 	at beoh.h(PG:6)
07-05 21:41:49.421 14602 14664 W SubscriptionMetadataUti: 	at beof.j(PG:2)
07-05 21:41:49.421 14602 14664 W SubscriptionMetadataUti: 	at abke.a(PG:1)
07-05 21:41:49.421 14602 14664 W SubscriptionMetadataUti: 	at abke.<init>(PG:29)
07-05 21:41:49.421 14602 14664 W SubscriptionMetadataUti: 	at aart.a(PG:150)
07-05 21:41:49.421 14602 14664 W SubscriptionMetadataUti: 	at aart.b(PG:4)
07-05 21:41:49.421 14602 14664 W SubscriptionMetadataUti: 	at abli.a(PG:3)
07-05 21:41:49.421 14602 14664 W SubscriptionMetadataUti: 	at abkd.E(PG:1)
07-05 21:41:49.421 14602 14664 W SubscriptionMetadataUti: 	at abkd.<init>(PG:20)
07-05 21:41:49.421 14602 14664 W SubscriptionMetadataUti: 	at aart.a(PG:154)
07-05 21:41:49.421 14602 14664 W SubscriptionMetadataUti: 	at aart.b(PG:4)
07-05 21:41:49.421 14602 14664 W SubscriptionMetadataUti: 	at dbuc.b(PG:1)
07-05 21:41:49.421 14602 14664 W SubscriptionMetadataUti: 	at dbub.b(PG:2)
07-05 21:41:49.421 14602 14664 W SubscriptionMetadataUti: 	at axrf.call(PG:5)
07-05 21:41:49.421 14602 14664 W SubscriptionMetadataUti: 	at cosn.a(PG:1)
07-05 21:41:49.421 14602 14664 W SubscriptionMetadataUti: 	at copt.a(PG:3)
07-05 21:41:49.421 14602 14664 W SubscriptionMetadataUti: 	at cugw.a(PG:1)
07-05 21:41:49.421 14602 14664 W SubscriptionMetadataUti: 	at cufu.run(PG:4)
07-05 21:41:49.421 14602 14664 W SubscriptionMetadataUti: 	at cugy.run(PG:1)
07-05 21:41:49.421 14602 14664 W SubscriptionMetadataUti: 	at byfl.run(PG:1)
07-05 21:41:49.421 14602 14664 W SubscriptionMetadataUti: 	at java.util.concurrent.ThreadPoolExecutor.runWorker(ThreadPoolExecutor.java:1137)
07-05 21:41:49.421 14602 14664 W SubscriptionMetadataUti: 	at java.util.concurrent.ThreadPoolExecutor$Worker.run(ThreadPoolExecutor.java:637)
07-05 21:41:49.421 14602 14664 W SubscriptionMetadataUti: 	at byhx.run(PG:3)
07-05 21:41:49.421 14602 14664 W SubscriptionMetadataUti: 	at byeq.run(PG:2)
07-05 21:41:49.421 14602 14664 W SubscriptionMetadataUti: 	at java.lang.Thread.run(Thread.java:1012)
07-05 21:41:49.421 14602 14664 W SubscriptionMetadataUti: 	at byfr.run(PG:5)
07-05 21:41:49.427 14602 14664 W SubscriptionMetadataUti: Bugle: SubscriptionMetadataUtils get: unexpected subId = -1, replacing with -1
07-05 21:41:49.427 14602 14664 W SubscriptionMetadataUti: cqww: FULL
07-05 21:41:49.427 14602 14664 W SubscriptionMetadataUti: 	at beoh.h(PG:6)
07-05 21:41:49.427 14602 14664 W SubscriptionMetadataUti: 	at abke.c(PG:1)
07-05 21:41:49.427 14602 14664 W SubscriptionMetadataUti: 	at abli.a(PG:4)
07-05 21:41:49.427 14602 14664 W SubscriptionMetadataUti: 	at abkd.E(PG:1)
07-05 21:41:49.427 14602 14664 W SubscriptionMetadataUti: 	at abkd.<init>(PG:20)
