--------- beginning of main
07-10 19:26:12.077 12520 12520 E adbd    : recv: OPEN 0000c02d 00000000 003a:73 68 65 6C 6C 2C 76 32 2C 54 45 52 4D 3D 73 63 72 65 65 6E 2C 72 61 77 3A 67 65 74 70 72 6F 70 20 72 6F 2E 62 75 69 6C 64 2E 76 65 72 73 69 6F 6E 2E 72 65 6C 65 61 73 65 00 
07-10 19:26:12.077 12520 12520 E adbd    : service_to_fd: shell,v2,TERM=screen,raw:getprop ro.build.version.release
07-10 19:26:12.333 12520 12520 E adbd    : recv: OPEN 0000c030 00000000 0036:73 68 65 6C 6C 2C 76 32 2C 54 45 52 4D 3D 73 63 72 65 65 6E 2C 72 61 77 3A 67 65 74 70 72 6F 70 20 72 6F 2E 62 75 69 6C 64 2E 76 65 72 73 69 6F 6E 2E 73 64 6B 00 
07-10 19:26:12.334 12520 12520 E adbd    : service_to_fd: shell,v2,TERM=screen,raw:getprop ro.build.version.sdk
07-10 19:26:12.494 12520 12520 E adbd    : recv: OPEN 0000c033 00000000 00bc:73 68 65 6C 6C 2C 76 32 2C 54 45 52 4D 3D 73 63 72 65 65 6E 2C 72 61 77 3A 61 6D 20 73 74 61 72 74 20 2D 6E 20 22 63 6F 6D 2E 65 78 61 6D 70 6C 65 2E 62 61 74 74 65 72 79 6D 61 6E 61 67 65 72 5F 75 74 69 6C 69 74 79 2F 63 6F 6D 2E 65 78 61 6D 70 6C 65 2E 62 61 74 74 65 72 79 6D 61 6E 61 67 65 72 5F 75 74 69 6C 69 74 79 2E 4D 61 69 6E 41 63 74 69 76 69 74 79 22 20 2D 61 20 61 6E 64 72 6F 69 64 2E 69 6E 74 65 6E 74 2E 61 63 74 69 6F 6E 2E 4D 41 49 4E 20 2D 63 20 61 6E 64 72 6F 69 64 2E 69 6E 74 65 6E 74 2E 63 61 74 65 67 6F 72 79 2E 4C 41 55 4E 43 48 45 52 00 
07-10 19:26:12.494 12520 12520 E adbd    : service_to_fd: shell,v2,TERM=screen,raw:am start -n "com.example.batterymanager_utility/com.example.batterymanager_utility.MainActivity" -a android.intent.action.MAIN -c android.intent.category.LAUNCHER
--------- beginning of system
07-10 19:26:12.594  3958  9325 I ActivityManager: START u0 {act=android.intent.action.MAIN typ=null flg=0x10000000 cmp=ComponentInfo{com.example.batterymanager_utility/com.example.batterymanager_utility.MainActivity}} from uid 2000
07-10 19:26:12.596  3958  9325 D CustomFrequencyManagerService: acquireDVFSLockLocked : type : DVFS_MIN_LIMIT  frequency : 1560000  uid : 1000  pid : 3958  pkgName : AMS_APP_SWITCH@CPU_MIN@15
07-10 19:26:12.599  3958  9325 D ActivityManagerPerformance: AMP_acquire() APP_SWITCH
07-10 19:26:12.599  3958  4999 D ActivityManagerPerformance: Received MSG_CFMS_HINT_AMS_SWITCH pkgName: com.example.batterymanager_utility
07-10 19:26:12.600  3958  6804 D TelephonyManager: getAllCellInfo : Caller (PID / UID / TID): 3958 / 1000 / 6804
07-10 19:26:12.603  5344  5344 V Launcher: Launcher.onPause()
07-10 19:26:12.604  5344  5344 D Launcher: setHotWordDetection : call requestHotWordDetection false
07-10 19:26:12.606  3958  3958 D MdnieScenarioControlService: Listener Real Multi Window State : false
07-10 19:26:12.610  3958  4032 D ViewRootImpl@aa129a[batterymanager_utility]: setView = DecorView@2425ba8[batterymanager_utility] TM=true MM=false
07-10 19:26:12.613  3958  4032 D ViewRootImpl@aa129a[batterymanager_utility]: dispatchAttachedToWindow
07-10 19:26:12.614  3958  5556 D ActivityManager: isScaleDownAnimationEnabled() : false
07-10 19:26:12.614  5189  5189 I GsaVoiceInteractionSrv: Handling ACTION_STOP_HOTWORD
07-10 19:26:12.614  3958  4032 V WindowManager: Relayout Window{73107cb u0 Splash Screen com.example.batterymanager_utility}: viewVisibility=0 req=719x1237 WM.LayoutParams{(0,0)(fillxfill) sim=#20 ty=3 fl=#81830118 pfl=0x20011 wanim=0x10302fd vsysui=0x600 needsMenuKey=2 colorMode=0 naviIconColor=0}
07-10 19:26:12.615  3958  5556 D StorageManagerService: getExternalStorageMountMode : 3
07-10 19:26:12.615  5189  5673 I HwDetectorWithState: (REDACTED) a: %d
07-10 19:26:12.616  3958  5556 D StorageManagerService: getExternalStorageMountMode : 3
07-10 19:26:12.616  3958  5556 D StorageManagerService: getExternalStorageMountMode : final mountMode=3, uid : 10168, packageName : com.example.batterymanager_utility
07-10 19:26:12.616  3958  5556 I ApplicationPolicy: isApplicationExternalStorageWhitelisted:com.example.batterymanager_utility user:0
07-10 19:26:12.616  3958  5556 D ApplicationPolicy: isApplicationExternalStorageWhitelisted: DO is not enabled on user 0. Allowed.
07-10 19:26:12.616  3958  5556 D ActivityManager: package  com.example.batterymanager_utility, user - 0 is SDcard whitelisted
07-10 19:26:12.616  3958  5556 I ApplicationPolicy: isApplicationExternalStorageBlacklisted:com.example.batterymanager_utility user:0
07-10 19:26:12.616  3958  5556 D ApplicationPolicy: isApplicationExternalStorageBlacklisted: DO is not enabled on user 0. Allowed.
07-10 19:26:12.618  3447  3447 I SurfaceFlinger: id=76 createSurf (720x1280),1 flag=404, Splash Screen com.example.batterymanager_utility#0
07-10 19:26:12.620  3958  4032 V Surface : sf_framedrop debug : 0x4f4c, game : false, logging : 0
07-10 19:26:12.623  3958  4032 D ViewRootImpl@aa129a[batterymanager_utility]: Relayout returned: old=[0,0][0,0] new=[0,0][720,1280] result=0x7 surface={valid=true 524403146752} changed=true
07-10 19:26:12.628 14248 14248 E Zygote  : isWhitelistProcess - Process is Whitelisted
07-10 19:26:12.628  3958  5556 I ActivityManager: Start proc 14248:com.example.batterymanager_utility/u0a168 for activity com.example.batterymanager_utility/.MainActivity
07-10 19:26:12.629 14248 14248 E libpersona: scanKnoxPersonas
07-10 19:26:12.629 14248 14248 E libpersona: Couldn't open the File - /data/system/users/0/personalist.xml - No such file or directory
07-10 19:26:12.630 14248 14248 W SELinux : SELinux selinux_android_compute_policy_index : Policy Index[2],  Con:u:r:zygote:s0 RAM:SEPF_SM-J720F_8.0.0_0002, [-1 -1 -1 -1 0 1]
07-10 19:26:12.631 14248 14248 I SELinux : SELinux: seapp_context_lookup: seinfo=untrusted, level=s0:c512,c768, pkgname=com.example.batterymanager_utility 
07-10 19:26:12.634 14248 14248 I zygote64: Late-enabling -Xcheck:jni
07-10 19:26:12.647  3958  4032 V WindowManager: finishDrawingLocked: mDrawState=COMMIT_DRAW_PENDING Window{73107cb u0 Splash Screen com.example.batterymanager_utility} in Surface(name=Splash Screen com.example.batterymanager_utility)
07-10 19:26:12.649  4349  4349 D WallpaperService: updateSurface forceRelayout=true redrawNeeded=false myWidth=1280 myHeight=1280 fixedSize=true x = 0 y = 0 mWidth=1280 mHeight=1280 mIsSleepMode=false
07-10 19:26:12.651  3958  4385 V WindowManager: Relayout Window{7dc5cc u0 com.android.systemui.ImageWallpaper}: viewVisibility=0 req=1280x1280 WM.LayoutParams{(0,0)(1280x1280) gr=#800033 ty=2013 fl=#10318 fmt=2 wanim=0x103030e colorMode=0 naviIconColor=0}
07-10 19:26:12.651  3958  4385 V WindowManager: rotationForOrientationLw(orient=-1, last=0); user=0  sensorRotation=-1 mLidState=-1 mDockMode=0 mHdmiPlugged=false
07-10 19:26:12.654  4349  4349 D ImageWallpaper: onOffsetsChanged: xOffset=0.0, yOffset=0.0, xOffsetStep=0.0, yOffsetStep=0.0, xPixels=0, yPixels=0
07-10 19:26:12.654  4349  4349 D ImageWallpaper: newRotation : 0,mLastRotation : 0
07-10 19:26:12.654  4349  4349 D ImageWallpaper: drawFrame:[frame.width()]1280[frame.height()]1280
07-10 19:26:12.654  4349  4349 D ImageWallpaper: surfaceDimensionsChanged=false mDisplayWidth=720 mDisplayHeight=1280
07-10 19:26:12.654  4349  4349 D ImageWallpaper: redrawNeeded = false, mOffsetsChanged = false
07-10 19:26:12.654  4349  4349 D ImageWallpaper: Suppressed drawFrame since redraw is not needed and offsets have not changed.
07-10 19:26:12.661 12520 12520 E adbd    : recv: OPEN 0000c036 00000000 0037:73 68 65 6C 6C 2C 76 32 2C 54 45 52 4D 3D 73 63 72 65 65 6E 2C 72 61 77 3A 6D 6F 6E 6B 65 79 20 2D 70 20 65 2E 77 77 77 2E 64 69 73 70 6C 61 79 74 65 73 74 20 31 00 
07-10 19:26:12.661 12520 12520 E adbd    : service_to_fd: shell,v2,TERM=screen,raw:monkey -p e.www.displaytest 1
07-10 19:26:12.671 14248 14248 D TimaKeyStoreProvider: TimaKeyStore is not enabled: cannot add TimaSignature Service and generateKeyPair Service
07-10 19:26:12.672 14248 14248 D ActivityThread: Added TimaKeyStore provider
07-10 19:26:12.675  3958  4385 I ActivityManager: DSS on for com.example.batterymanager_utility and scale is 1.0
07-10 19:26:12.683  3958  4385 D PersonaManagerService: Current focused persona service handled id set to : 0
07-10 19:26:12.683  3958  4385 D InputDispatcher: Focused application set to: xxxx
07-10 19:26:12.684  3958  4385 D InputDispatcher: Focus left window: 5344
07-10 19:26:12.685  3958  4216 D GameManagerService: handleForegroundChange(). pkgName: com.example.batterymanager_utility, clsName: com.example.batterymanager_utility.MainActivity,FgActivityName:com.example.batterymanager_utility/.MainActivity
07-10 19:26:12.685  3958  4385 D MARsPolicyManager: onPackageResumedFG pkgName = com.example.batterymanager_utility, userId = 0
07-10 19:26:12.686  3958  4216 D GameManagerService: sem_perfomance_mode: 3
07-10 19:26:12.686  3958  4216 D GameManagerService: notifyResumePause(). pkg: com.example.batterymanager_utility, type: 4, isMinimized: false, isTunableApp: false
07-10 19:26:12.686  3958  4216 D GameManagerService:   notifyResumePause(). unexpected mPrevNotiType: -1
07-10 19:26:12.687  3958  4385 D SamsungAnimationCreator: createAnimation type:LowEnd transit:12 enter:false wallpaperXoffset:-280 split:false fixedOri:false
07-10 19:26:12.687  3958  4385 D SamsungAnimationCreator: createAnimation displayFrame:Rect(0, 0 - 720, 1280) frame:null insets:null
07-10 19:26:12.690  5344  5344 I Launcher: onWindowVisibilityChanged : false
07-10 19:26:12.693  3958  6804 D GamePkgDataHelper: getGamePkgDataIncServer(). com.example.batterymanager_utility
07-10 19:26:12.695  3958  3977 D WindowManager: set systemUiVisibility : systemUiFlags= 0x608 fullscreenStackSysUiFlags= 0x0
07-10 19:26:12.695  3958  6804 D GameManagerService: identifyGamePackage. com.example.batterymanager_utility
07-10 19:26:12.696  3958  6804 D GamePkgDataHelper: getGamePkgData(). com.example.batterymanager_utility
07-10 19:26:12.696  3958  6804 D GamePkgDataHelper: getSosPolicy(). com.example.batterymanager_utility
07-10 19:26:12.696  3958  5556 D WindowManager: adjustSystemUiVisibilityLw : vis= 0x608
07-10 19:26:12.696  3958  6804 D GameManagerService: identifyGamePackage. com.example.batterymanager_utility
07-10 19:26:12.696  3958  6804 D GamePkgDataHelper: getGamePkgData(). com.example.batterymanager_utility
07-10 19:26:12.697  5344  5600 D OpenGLRenderer: eglDestroySurface = 0x7a1b6d0b40
07-10 19:26:12.697  3958  6804 D GameManagerService: identifyGamePackage. com.example.batterymanager_utility
07-10 19:26:12.697  3958  6804 D GamePkgDataHelper: getGamePkgData(). com.example.batterymanager_utility
07-10 19:26:12.698  3958  9325 V WindowManager: Relayout Window{95f1a76 u0 com.sec.android.app.launcher/com.sec.android.app.launcher.activities.LauncherActivity}: viewVisibility=8 req=720x1280 WM.LayoutParams{(0,0)(fillxfill) sim=#130 ty=1 fl=#81910d00 pfl=0x20000 fmt=-2 wanim=0x10302ea vsysui=0x700 needsMenuKey=2 colorMode=0 naviIconColor=0}
07-10 19:26:12.699  3958  6804 D GameManagerService: identifyGamePackage. com.example.batterymanager_utility
07-10 19:26:12.699  3958  6804 D GamePkgDataHelper: getGamePkgData(). com.example.batterymanager_utility
07-10 19:26:12.701  5344  5344 D ViewRootImpl@51bb518[LauncherActivity]: Relayout returned: old=[0,0][720,1280] new=[0,0][720,1280] result=0x5 surface={valid=false 0} changed=true
07-10 19:26:12.702  5344  5344 D ViewRootImpl@51bb518[LauncherActivity]: MSG_WINDOW_FOCUS_CHANGED 0
07-10 19:26:12.710 14248 14248 I zygote64: no shared libraies, dex_files: 1
07-10 19:26:12.739 14248 14248 I BatteryMgr:App: creating notification channel
07-10 19:26:12.777  3447  3447 I SurfaceFlinger: Display 0 HWC layers:
07-10 19:26:12.777  3447  3447 I SurfaceFlinger:     type    |    handle    | flag |  format   |   source crop (l,t,r,b)    |         frame       | name 
07-10 19:26:12.777  3447  3447 I SurfaceFlinger: ------------+--------------+------+-----------+----------------------------+---------------------+------
07-10 19:26:12.777  3447  3447 I SurfaceFlinger:      Device | 0x78c5521740 | 0002 | RGBx_8888 | 280.0    0.0 1000.0 1280.0 |    0    0  720 1280 | com.android.systemui.ImageWallpaper#0
07-10 19:26:12.777  3447  3447 I SurfaceFlinger:      Device | 0x78c54c33c0 | 0000 | RGBA_8888 |  21.0   37.0  700.0 1244.0 |    0    0  720 1280 | com.sec.android.app.launcher/com.sec[...]uncher.activities.LauncherActivity#0
07-10 19:26:12.777  3447  3447 I SurfaceFlinger:      Device | 0x78cba25200 | 0002 | RGBA_8888 |   0.0    0.0  720.0 1280.0 |  133  236  588 1044 | Splash Screen com.example.batterymanager_utility#0
07-10 19:26:12.777  3447  3447 I SurfaceFlinger:      Device | 0x78c54c4140 | 0000 | RGBA_8888 |   0.0    0.0  720.0   42.0 |    0    0  720   42 | StatusBar#0
07-10 19:26:12.777  3447  3447 I SurfaceFlinger: 
07-10 19:26:12.825  3958  4091 D MdnieScenarioControlService:  packageName : com.example.batterymanager_utility    className : com.example.batterymanager_utility.MainActivity
07-10 19:26:12.825  3958  4091 V MdnieScenarioControlService: setUIMode from UI function(3)
07-10 19:26:12.828 14248 14266 D OpenGLRenderer: HWUI GL Pipeline
07-10 19:26:12.835 14248 14248 D ViewRootImpl@8e79cf7[MainActivity]: setView = DecorView@a7b4764[MainActivity] TM=true MM=false
07-10 19:26:12.836  3958  9325 D ActivityManager: post active user change for 0 fullscreen true isHomeActivity() false
07-10 19:26:13.004 14248 14248 W zygote64: Class androidx.compose.runtime.snapshots.SnapshotStateList failed lock verification and will run slower.
07-10 19:26:13.004 14248 14248 W zygote64: Common causes for lock verification issues are non-optimized dex code
07-10 19:26:13.004 14248 14248 W zygote64: and incorrect proguard optimizations.
07-10 19:26:13.103 14248 14253 I zygote64: Do partial code cache collection, code=30KB, data=20KB
07-10 19:26:13.103 14248 14253 I zygote64: After code cache collection, code=30KB, data=20KB
07-10 19:26:13.103 14248 14253 I zygote64: Increasing code cache capacity to 128KB
07-10 19:26:13.128  3447  3447 I SurfaceFlinger: Display 0 HWC layers:
07-10 19:26:13.128  3447  3447 I SurfaceFlinger:     type    |    handle    | flag |  format   |   source crop (l,t,r,b)    |         frame       | name 
07-10 19:26:13.128  3447  3447 I SurfaceFlinger: ------------+--------------+------+-----------+----------------------------+---------------------+------
07-10 19:26:13.128  3447  3447 I SurfaceFlinger:      Device | 0x78cba25200 | 0002 | RGBA_8888 |   0.0    0.0  720.0 1280.0 |    0    0  720 1280 | Splash Screen com.example.batterymanager_utility#0
07-10 19:26:13.128  3447  3447 I SurfaceFlinger:      Device | 0x78c54c4140 | 0000 | RGBA_8888 |   0.0    0.0  720.0   42.0 |    0    0  720   42 | StatusBar#0
07-10 19:26:13.128  3447  3447 I SurfaceFlinger: 
07-10 19:26:13.128 14248 14248 D ViewRootImpl@8e79cf7[MainActivity]: dispatchAttachedToWindow
07-10 19:26:13.138 14260 14260 W ADebug  : Failed to get property persist.sys.media.traces
07-10 19:26:13.141 14260 14260 E appproc : Enhanced Zygote ASLR: ro.knox.enhance.zygote.aslr != 1. Enhanced Zygote ASLR is DISABLED!
07-10 19:26:13.141  3958  4032 I WindowManager: Destroying surface Surface(name=com.sec.android.app.launcher/com.sec.android.app.launcher.activities.LauncherActivity) called by com.android.server.wm.WindowStateAnimator.destroySurface:2501 com.android.server.wm.WindowStateAnimator.destroySurfaceLocked:985 com.android.server.wm.WindowState.destroyOrSaveSurfaceUnchecked:3670 com.android.server.wm.WindowState.destroySurface:3618 com.android.server.wm.AppWindowToken.destroySurfaces:722 com.android.server.wm.AppWindowToken.destroySurfaces:706 com.android.server.wm.WindowState.onExitAnimationDone:5316 com.android.server.wm.AppWindowAnimator.stepAnimationLocked:508 
07-10 19:26:13.141 14260 14260 D AndroidRuntime: >>>>>> START com.android.internal.os.RuntimeInit uid 2000 <<<<<<
07-10 19:26:13.142  3447  3662 I SurfaceFlinger: id=75 Removed com.sec.android.app.launcher/com.sec.android.app.launcher.activities.LauncherActivity#0 (1/4)
07-10 19:26:13.145 14260 14260 D SecNativeFeatureCppIf: encoded
07-10 19:26:13.145 14260 14260 D SecNativeFeatureCppIf: decoding and unzip finish
07-10 19:26:13.145 14260 14260 D SecNativeFeatureCppIf: use unCompDataBuff. encoded
07-10 19:26:13.145 14260 14260 D SecNativeFeatureCppIf: Free unCompDataBuff
07-10 19:26:13.145 14260 14260 D SecNativeFeatureCppIf: encoded
07-10 19:26:13.145 14260 14260 D SecNativeFeatureCppIf: decoding and unzip finish
07-10 19:26:13.145 14260 14260 D SecNativeFeatureCppIf: use unCompDataBuff. encoded
07-10 19:26:13.145 14260 14260 D SecNativeFeatureCppIf: Free unCompDataBuff
07-10 19:26:13.145 14260 14260 D SecNativeFeatureCppIf: encoded
07-10 19:26:13.146 14260 14260 D SecNativeFeatureCppIf: decoding and unzip finish
07-10 19:26:13.146 14260 14260 D SecNativeFeatureCppIf: use unCompDataBuff. encoded
07-10 19:26:13.146 14260 14260 D SecNativeFeatureCppIf: Free unCompDataBuff
07-10 19:26:13.146  3447  6106 I SurfaceFlinger: id=75 Removed com.sec.android.app.launcher/com.sec.android.app.launcher.activities.LauncherActivity#0 (-2/4)
07-10 19:26:13.146 14260 14260 D SecNativeFeatureCppIf: encoded
07-10 19:26:13.146 14260 14260 D SecNativeFeatureCppIf: decoding and unzip finish
07-10 19:26:13.146 14260 14260 D SecNativeFeatureCppIf: use unCompDataBuff. encoded
07-10 19:26:13.146 14260 14260 D SecNativeFeatureCppIf: Free unCompDataBuff
07-10 19:26:13.148  4349  4714 D WallpaperService: dispatchAppVisibility onVisibilityChanged(): false
07-10 19:26:13.149  4349  4349 D ImageWallpaper: onVisibilityChanged: mVisible, visible=true, false
07-10 19:26:13.149  4349  4349 D ImageWallpaper: Visibility changed to visible=false
07-10 19:26:13.149  4349  4349 D WallpaperService: reportVisibility onVisibilityChanged visible: false
07-10 19:26:13.157  3447  3447 I Layer   : id=75 onRemoved com.sec.android.app.launcher/com.sec.android.app.launcher.activities.LauncherActivity#0 
07-10 19:26:13.182  3958  9325 V WindowManager: Relayout Window{265343e u0 com.example.batterymanager_utility/com.example.batterymanager_utility.MainActivity}: viewVisibility=0 req=719x1237 WM.LayoutParams{(0,0)(fillxfill) sim=#120 ty=1 fl=#81810100 pfl=0x20000 wanim=0x10302fd vsysui=0x600 needsMenuKey=2 colorMode=0 naviIconColor=0}
07-10 19:26:13.183  3447  3447 I SurfaceFlinger: id=77 createSurf (720x1280),1 flag=404, com.example.batterymanager_utility/com.example.batterymanager_utility.MainActivity#0
07-10 19:26:13.184  3958  9325 V Surface : sf_framedrop debug : 0x4f4c, game : false, logging : 0
07-10 19:26:13.189  3958  9325 D InputDispatcher: Focus entered window: 14248
07-10 19:26:13.193 14248 14248 V Surface : sf_framedrop debug : 0x4f4c, game : false, logging : 0
07-10 19:26:13.194 14248 14248 D ViewRootImpl@8e79cf7[MainActivity]: Relayout returned: old=[0,0][0,0] new=[0,0][720,1280] result=0x7 surface={valid=true 525552164864} changed=true
07-10 19:26:13.200 14248 14266 I OpenGLRenderer: Initialized EGL, version 1.4
07-10 19:26:13.200 14248 14266 D OpenGLRenderer: Swap behavior 2
07-10 19:26:13.206 14248 14266 D libGLESv1: STS_GLApi : DTS, ODTC are not allowed for Package : com.example.batterymanager_utility
07-10 19:26:13.208 14248 14266 D mali_winsys: EGLint new_window_surface(egl_winsys_display *, void *, EGLSurface, EGLConfig, egl_winsys_surface **, egl_color_buffer_format *, EGLBoolean) returns 0x3000,  [720x1280]-format:1
07-10 19:26:13.209 14248 14266 D OpenGLRenderer: eglCreateWindowSurface = 0x7a396cf900
07-10 19:26:13.216 14248 14248 D Compose Focus: Owner FocusChanged(true)
07-10 19:26:13.268 14260 14260 D ICU     : Timezone override file found: /data/misc/zoneinfo/current/icu/icu_tzdata.dat
07-10 19:26:13.284 14260 14260 I app_process: find the special shared library, skip check
07-10 19:26:13.290  3958  5556 V WindowManager: finishDrawingLocked: mDrawState=COMMIT_DRAW_PENDING Window{265343e u0 com.example.batterymanager_utility/com.example.batterymanager_utility.MainActivity} in Surface(name=com.example.batterymanager_utility/com.example.batterymanager_utility.MainActivity)
07-10 19:26:13.293 14248 14248 D ViewRootImpl@8e79cf7[MainActivity]: MSG_RESIZED_REPORT: frame=Rect(0, 0 - 720, 1280) ci=Rect(0, 42 - 0, 0) vi=Rect(0, 42 - 0, 0) or=1
07-10 19:26:13.294 14248 14248 D ViewRootImpl@8e79cf7[MainActivity]: MSG_WINDOW_FOCUS_CHANGED 1
07-10 19:26:13.296  3958  4032 D ViewRootImpl@aa129a[batterymanager_utility]: dispatchDetachedFromWindow
07-10 19:26:13.296  3958  4032 D InputEventReceiver: channel '73107cb Splash Screen com.example.batterymanager_utility (client)' ~ Disposing input event receiver.
07-10 19:26:13.296  3958  4032 D InputEventReceiver: channel '73107cb Splash Screen com.example.batterymanager_utility (client)' ~NativeInputEventReceiver.
07-10 19:26:13.301 14248 14248 V InputMethodManager: Starting input: tba=android.view.inputmethod.EditorInfo@261906a nm : com.example.batterymanager_utility ic=null
07-10 19:26:13.301 14248 14248 I InputMethodManager: startInputInner - mService.startInputOrWindowGainedFocus
07-10 19:26:13.301  3958  5556 D InputMethodManagerService: startInputOrWindowGainedFocus : windowGainedFocus 
07-10 19:26:13.302  3958  5556 D InputMethodManagerService: windowGainedFocus: destinationUserId (getCallingUid) = 0
07-10 19:26:13.302  3958  5556 D InputMethodManagerService: windowGainedFocus: currentUserId=0
07-10 19:26:13.302  3958  3985 I ActivityManager: Displayed com.example.batterymanager_utility/.MainActivity: +681ms
07-10 19:26:13.302  3958  5556 D InputMethodManagerService: windowGainedFocus: mCurrentFocusedUserId=0
07-10 19:26:13.302  3958  5556 D InputMethodManagerService: windowGainedFocus : lock - currentUserId = 0 destinationUserId = 0
07-10 19:26:13.302  3958  5556 D InputMethodManagerService: windowGainedFocus : mCurrentFocusedUserId - 0 and mSecureKeypadEnabled - false, userSwitched - false
07-10 19:26:13.302  3958  5556 V InputMethodManagerService: windowGainedFocus : reason=WINDOW_FOCUS_GAIN client=android.os.BinderProxy@d8af7c0 inputContext=null missingMethods= attribute=android.view.inputmethod.EditorInfo@17c564a nm = com.example.batterymanager_utility controlFlags=#105 softInputMode=#120 windowFlags=#81810100
07-10 19:26:13.302  3958  5556 V InputMethodManagerService: hideCurrentInputLocked : shouldHideSoftInput is false
07-10 19:26:13.302  3958  5556 D InputMethodManagerService: isImeSwitcherDisabledPackage : false
07-10 19:26:13.303  3958  5556 V InputMethodManagerService: Creating new session for client ClientState{b7779bb uid 10168 pid 14248}
07-10 19:26:13.303  3958  3985 D CustomFrequencyManagerService: acquireDVFSLockLocked : type : DVFS_MIN_LIMIT  frequency : 1560000  uid : 1000  pid : 3958  pkgName : AMS_RESUME_TAIL@CPU_MIN@21
07-10 19:26:13.304  3958  3985 D ActivityManagerPerformance: AMP_acquire() TAIL
07-10 19:26:13.304  3958  3985 D CustomFrequencyManagerService: releaseDVFSLockLocked : Getting Lock type frm List : DVFS_MIN_LIMIT  frequency : 1560000  uid : 1000  pid : 3958  tag : AMS_APP_SWITCH@CPU_MIN@15
07-10 19:26:13.305  3958  3985 D ActivityManagerPerformance: AMP_release() APP_SWITCH
07-10 19:26:13.305  3958  5556 D InputMethodManagerService: setCurrentInputInfo - inputContext : null eidtorInfo : android.view.inputmethod.EditorInfo@17c564a missingMethods : 0
07-10 19:26:13.306  4343  4343 I InputMethodWrapper:  call dispatchStartInputWithToken
07-10 19:26:13.306  4343  4343 I InputMethodService: dispatchStartInputWithToken
07-10 19:26:13.306  4343  4343 I SKBD    : SamsungKeypad [IMI] onStartInput - caller pid : 14248, caller uid : 10168
07-10 19:26:13.313 14260 14260 D SemCscFeature: Encoded
07-10 19:26:13.316 14260 14260 I chatty  : uid=2000(shell) identical 2 lines
07-10 19:26:13.318 14260 14260 D SemCscFeature: Encoded
07-10 19:26:13.319 14260 14260 E SemAffinityControl: SemAffinityControl: registerfunction enter
07-10 19:26:13.325 14248 14248 V InputMethodManager: Starting input: tba=android.view.inputmethod.EditorInfo@986f95b nm : com.example.batterymanager_utility ic=null
07-10 19:26:13.326 14260 14260 D AndroidRuntime: Calling main entry com.android.commands.monkey.Monkey
07-10 19:26:13.333  5344  5344 D StageManager: saved stages : inStack [1] , outStack[2]
07-10 19:26:13.344  3447  3447 I SurfaceFlinger: Display 0 HWC layers:
07-10 19:26:13.344  3447  3447 I SurfaceFlinger:     type    |    handle    | flag |  format   |   source crop (l,t,r,b)    |         frame       | name 
07-10 19:26:13.344  3447  3447 I SurfaceFlinger: ------------+--------------+------+-----------+----------------------------+---------------------+------
07-10 19:26:13.344  3447  3447 I SurfaceFlinger:      Device | 0x78c798d680 | 0002 | RGBA_8888 |   0.0    0.0  720.0 1280.0 |    0    0  720 1280 | com.example.batterymanager_utility/c[...]atterymanager_utility.MainActivity#0
07-10 19:26:13.344  3447  3447 I SurfaceFlinger:      Device | 0x78cba25200 | 0002 | RGBA_8888 |   0.0    0.0  720.0 1280.0 |    0    0  720 1280 | Splash Screen com.example.batterymanager_utility#0
07-10 19:26:13.344  3447  3447 I SurfaceFlinger:      Device | 0x78c54c4140 | 0000 | RGBA_8888 |   0.0    0.0  720.0   42.0 |    0    0  720   42 | StatusBar#0
07-10 19:26:13.344  3447  3447 I SurfaceFlinger: 
07-10 19:26:13.355  3958  3976 W BroadcastQueue: Skipping deliver [background] BroadcastRecord{319f697 u-1 android.net.conn.CONNECTIVITY_CHANGE} to ReceiverList{afa3084 14260 (unknown name)/2000/u-1 remote:56d8231}: process gone or crashing
07-10 19:26:13.372  3958  9325 I ActivityManager: START u0 {act=android.intent.action.MAIN typ=null flg=0x10200000 cmp=ComponentInfo{e.www.displaytest/e.www.displaytest.MainActivity}} from uid 2000
07-10 19:26:13.373  3958  9325 W Binder  : Outgoing transactions from this process must be FLAG_ONEWAY
07-10 19:26:13.373  3958  9325 W Binder  : java.lang.Throwable
07-10 19:26:13.373  3958  9325 W Binder  : 	at android.os.BinderProxy.transact(Binder.java:744)
07-10 19:26:13.373  3958  9325 W Binder  : 	at android.app.IActivityController$Stub$Proxy.activityStarting(IActivityController.java:172)
07-10 19:26:13.373  3958  9325 W Binder  : 	at com.android.server.am.ActivityStarter.startActivity(ActivityStarter.java:648)
07-10 19:26:13.373  3958  9325 W Binder  : 	at com.android.server.am.ActivityStarter.startActivityLocked(ActivityStarter.java:410)
07-10 19:26:13.373  3958  9325 W Binder  : 	at com.android.server.am.ActivityStarter.startActivityMayWait(ActivityStarter.java:1283)
07-10 19:26:13.373  3958  9325 W Binder  : 	at com.android.server.am.ActivityManagerService.startActivityAsUser(ActivityManagerService.java:6033)
07-10 19:26:13.373  3958  9325 W Binder  : 	at com.android.server.am.ActivityManagerService.startActivity(ActivityManagerService.java:5885)
07-10 19:26:13.373  3958  9325 W Binder  : 	at android.app.IActivityManager$Stub.onTransact(IActivityManager.java:121)
07-10 19:26:13.373  3958  9325 W Binder  : 	at com.android.server.am.ActivityManagerService.onTransact(ActivityManagerService.java:3861)
07-10 19:26:13.373  3958  9325 W Binder  : 	at android.os.Binder.execTransact(Binder.java:682)
07-10 19:26:13.376  3958  9325 D CustomFrequencyManagerService: acquireDVFSLockLocked : type : DVFS_MIN_LIMIT  frequency : 1560000  uid : 1000  pid : 3958  pkgName : AMS_APP_SWITCH@CPU_MIN@15
07-10 19:26:13.376  3958  9325 D ActivityManagerPerformance: AMP_acquire() APP_SWITCH
07-10 19:26:13.377  3958  4999 D ActivityManagerPerformance: Received MSG_CFMS_HINT_AMS_SWITCH pkgName: e.www.displaytest
07-10 19:26:13.383  3958  9325 D ActivityManager: isScaleDownAnimationEnabled() : false
07-10 19:26:13.384  3958  9325 D StorageManagerService: getExternalStorageMountMode : 1
07-10 19:26:13.384  3958  9325 D StorageManagerService: getExternalStorageMountMode : 3
07-10 19:26:13.384  3958  9325 D StorageManagerService: getExternalStorageMountMode : final mountMode=1, uid : 10172, packageName : e.www.displaytest
07-10 19:26:13.384  3958  5556 V WindowManager: rotationForOrientationLw(orient=-1, last=0); user=0  sensorRotation=-1 mLidState=-1 mDockMode=0 mHdmiPlugged=false
07-10 19:26:13.384  3958  9325 I ApplicationPolicy: isApplicationExternalStorageWhitelisted:e.www.displaytest user:0
07-10 19:26:13.384  3958  9325 D ApplicationPolicy: isApplicationExternalStorageWhitelisted: DO is not enabled on user 0. Allowed.
07-10 19:26:13.384  3958  9325 D ActivityManager: package  e.www.displaytest, user - 0 is SDcard whitelisted
07-10 19:26:13.384  3958  9325 I ApplicationPolicy: isApplicationExternalStorageBlacklisted:e.www.displaytest user:0
07-10 19:26:13.384  3958  9325 D ApplicationPolicy: isApplicationExternalStorageBlacklisted: DO is not enabled on user 0. Allowed.
07-10 19:26:13.385  3958  5556 V WindowManager: rotationForOrientationLw(orient=-1, last=0); user=0  sensorRotation=-1 mLidState=-1 mDockMode=0 mHdmiPlugged=false
07-10 19:26:13.389  3958  4032 D ViewRootImpl@6f4ce08[displaytest]: setView = DecorView@34567c6[displaytest] TM=true MM=false
07-10 19:26:13.390  3958  4032 D ViewRootImpl@6f4ce08[displaytest]: dispatchAttachedToWindow
07-10 19:26:13.391  3958  4032 V WindowManager: Relayout Window{f3259a1 u0 Splash Screen e.www.displaytest}: viewVisibility=0 req=719x1237 WM.LayoutParams{(0,0)(fillxfill) sim=#20 ty=3 fl=#81830118 pfl=0x20011 wanim=0x10302fd vsysui=0x600 needsMenuKey=2 colorMode=0 naviIconColor=0}
07-10 19:26:13.393  3447  3447 I SurfaceFlinger: id=78 createSurf (720x1280),1 flag=404, Splash Screen e.www.displaytest#0
07-10 19:26:13.394  3958  4032 V Surface : sf_framedrop debug : 0x4f4c, game : false, logging : 0
07-10 19:26:13.395 14291 14291 E Zygote  : isWhitelistProcess - Process is Whitelisted
07-10 19:26:13.395 14291 14291 E libpersona: scanKnoxPersonas
07-10 19:26:13.396 14291 14291 E libpersona: Couldn't open the File - /data/system/users/0/personalist.xml - No such file or directory
07-10 19:26:13.397  3958  9325 I ActivityManager: Start proc 14291:e.www.displaytest/u0a172 for activity e.www.displaytest/.MainActivity
07-10 19:26:13.397  3958  4032 D ViewRootImpl@6f4ce08[displaytest]: Relayout returned: old=[0,0][0,0] new=[0,0][720,1280] result=0x7 surface={valid=true 524591857664} changed=true
07-10 19:26:13.397 14291 14291 W SELinux : SELinux selinux_android_compute_policy_index : Policy Index[2],  Con:u:r:zygote:s0 RAM:SEPF_SM-J720F_8.0.0_0002, [-1 -1 -1 -1 0 1]
07-10 19:26:13.398 14291 14291 I SELinux : SELinux: seapp_context_lookup: seinfo=untrusted, level=s0:c512,c768, pkgname=e.www.displaytest 
07-10 19:26:13.400 14291 14291 I zygote64: Late-enabling -Xcheck:jni
07-10 19:26:13.403  3958  3977 V WindowManager: rotationForOrientationLw(orient=-1, last=0); user=0  sensorRotation=-1 mLidState=-1 mDockMode=0 mHdmiPlugged=false
07-10 19:26:13.407  3958  3977 V WindowManager: rotationForOrientationLw(orient=-1, last=0); user=0  sensorRotation=-1 mLidState=-1 mDockMode=0 mHdmiPlugged=false
07-10 19:26:13.407 14260 14260 I com.android.commands.monkey: System.exit called, status: 0
07-10 19:26:13.407 14260 14260 I AndroidRuntime: VM exiting with result code 0.
07-10 19:26:13.415  3958  4032 V WindowManager: finishDrawingLocked: mDrawState=COMMIT_DRAW_PENDING Window{f3259a1 u0 Splash Screen e.www.displaytest} in Surface(name=Splash Screen e.www.displaytest)
07-10 19:26:13.415  3958  4032 D ViewRootImpl@6f4ce08[displaytest]: MSG_RESIZED_REPORT: frame=Rect(0, 0 - 720, 1280) ci=Rect(0, 42 - 0, 0) vi=Rect(0, 42 - 0, 0) or=1
07-10 19:26:13.436 14291 14291 D TimaKeyStoreProvider: TimaKeyStore is not enabled: cannot add TimaSignature Service and generateKeyPair Service
07-10 19:26:13.437 14291 14291 D ActivityThread: Added TimaKeyStore provider
07-10 19:26:13.439  3958  9325 I ActivityManager: DSS on for e.www.displaytest and scale is 1.0
07-10 19:26:13.446  3958  9325 D PersonaManagerService: Current focused persona service handled id set to : 0
07-10 19:26:13.446  3958  9325 D InputDispatcher: Focused application set to: xxxx
07-10 19:26:13.446  3958  9325 D InputDispatcher: Focus left window: 14248
07-10 19:26:13.448  3958  4216 D GameManagerService: handleForegroundChange(). pkgName: e.www.displaytest, clsName: e.www.displaytest.MainActivity,FgActivityName:e.www.displaytest/.MainActivity
07-10 19:26:13.448  3958  9325 D MARsPolicyManager: onPackageResumedFG pkgName = e.www.displaytest, userId = 0
07-10 19:26:13.448  3958  4216 D GameManagerService: sem_perfomance_mode: 3
07-10 19:26:13.448  3958  4216 D GameManagerService: notifyResumePause(). pkg: e.www.displaytest, type: 4, isMinimized: false, isTunableApp: false
07-10 19:26:13.448  3958  4216 D GameManagerService:   notifyResumePause(). unexpected mPrevNotiType: -1
07-10 19:26:13.460 14248 14266 D OpenGLRenderer: eglDestroySurface = 0x7a396cf900
07-10 19:26:13.460  3447  3447 V Surface : sf_framedrop debug : 0x4f4c, game : false, logging : 0
07-10 19:26:13.470  3958  9325 D TaskSnapshotCache: putSnapshot mTaskId=183 RunningCache size=1
07-10 19:26:13.473  3447  3447 I SurfaceFlinger: id=79 createSurf (16x16),-1 flag=20004, animation background stackId=1#0
07-10 19:26:13.474  3958  6804 D GamePkgDataHelper: getGamePkgDataIncServer(). e.www.displaytest
07-10 19:26:13.475  3958  6804 D GameManagerService: identifyGamePackage. e.www.displaytest
07-10 19:26:13.476  3958  6804 D GamePkgDataHelper: getGamePkgData(). e.www.displaytest
07-10 19:26:13.476  3958  6804 D GamePkgDataHelper: getSosPolicy(). e.www.displaytest
07-10 19:26:13.476  3958  6804 D GameManagerService: identifyGamePackage. e.www.displaytest
07-10 19:26:13.476  3958  6804 D GamePkgDataHelper: getGamePkgData(). e.www.displaytest
07-10 19:26:13.477  3958  6804 D GameManagerService: identifyGamePackage. e.www.displaytest
07-10 19:26:13.478  3958  6804 D GamePkgDataHelper: getGamePkgData(). e.www.displaytest
07-10 19:26:13.478  3958  6804 D GameManagerService: identifyGamePackage. e.www.displaytest
07-10 19:26:13.478  3958  6804 D GamePkgDataHelper: getGamePkgData(). e.www.displaytest
07-10 19:26:13.487 14291 14291 I zygote64: no shared libraies, dex_files: 1
07-10 19:26:13.492  3958  4385 V WindowManager: Relayout Window{265343e u0 com.example.batterymanager_utility/com.example.batterymanager_utility.MainActivity}: viewVisibility=8 req=720x1280 WM.LayoutParams{(0,0)(fillxfill) sim=#120 ty=1 fl=#81810100 pfl=0x20000 wanim=0x10302fd vsysui=0x600 needsMenuKey=2 colorMode=0 naviIconColor=0}
07-10 19:26:13.494  3958  3977 D WindowManager: set systemUiVisibility : systemUiFlags= 0x608 fullscreenStackSysUiFlags= 0x0
07-10 19:26:13.495  3447  3447 I SurfaceFlinger: Display 0 HWC layers:
07-10 19:26:13.495  3447  3447 I SurfaceFlinger:     type    |    handle    | flag |  format   |   source crop (l,t,r,b)    |         frame       | name 
07-10 19:26:13.495  3447  3447 I SurfaceFlinger: ------------+--------------+------+-----------+----------------------------+---------------------+------
07-10 19:26:13.495  3447  3447 I SurfaceFlinger:      Client |              | 0000 |  Unknown  |  -0.2   -0.2   -0.8   -0.8 |    0    0  720 1280 | animation background stackId=1#0
07-10 19:26:13.495  3447  3447 I SurfaceFlinger:      Client | 0x78c798d680 | 0002 | RGBA_8888 |   0.0    0.0  720.0 1280.0 |    0    0  720 1279 | com.example.batterymanager_utility/c[...]atterymanager_utility.MainActivity#0
07-10 19:26:13.495  3447  3447 I SurfaceFlinger:      Device | 0x78c54c4140 | 0000 | RGBA_8888 |   0.0    0.0  720.0   42.0 |    0    0  720   42 | StatusBar#0
07-10 19:26:13.495  3447  3447 I SurfaceFlinger: 
07-10 19:26:13.496  3958  4032 I WindowManager: Destroying surface Surface(name=Splash Screen com.example.batterymanager_utility) called by com.android.server.wm.WindowStateAnimator.destroySurface:2501 com.android.server.wm.WindowStateAnimator.destroySurfaceLocked:985 com.android.server.wm.WindowState.destroyOrSaveSurfaceUnchecked:3670 com.android.server.wm.WindowState.destroySurface:3618 com.android.server.wm.AppWindowToken.destroySurfaces:722 com.android.server.wm.AppWindowToken.destroySurfaces:706 com.android.server.wm.WindowState.onExitAnimationDone:5316 com.android.server.wm.WindowStateAnimator.stepAnimationLocked:550 
07-10 19:26:13.497  3447  6106 I SurfaceFlinger: id=76 Removed Splash Screen com.example.batterymanager_utility#0 (3/6)
07-10 19:26:13.498 14248 14248 D ViewRootImpl@8e79cf7[MainActivity]: Relayout returned: old=[0,0][720,1280] new=[0,0][720,1280] result=0x5 surface={valid=false 0} changed=true
07-10 19:26:13.498 14248 14248 D ViewRootImpl@8e79cf7[MainActivity]: MSG_WINDOW_FOCUS_CHANGED 0
07-10 19:26:13.502  3447  6106 I SurfaceFlinger: id=76 Removed Splash Screen com.example.batterymanager_utility#0 (-2/6)
07-10 19:26:13.507  4349  4713 D SystemServicesProxy: updateOverviewLastStackActiveTimeAsync: newTime=1689009157207
07-10 19:26:13.507  3447  3447 I Layer   : id=76 onRemoved Splash Screen com.example.batterymanager_utility#0 
07-10 19:26:13.508  3958  9325 D SecContentProvider: query(), uri = 17 selection = isSettingsChangesAllowed
07-10 19:26:13.508  3958  9325 D SecContentProvider: called from android.uid.systemui:10009
07-10 19:26:13.509  4349  4556 D SystemServicesProxy: updateOverviewLastStackActiveTimeAsync: done.
07-10 19:26:13.511  3958  5556 D PackageManager: getComponentMetadataForIconTray : com.example.batterymanager_utility.MainActivity does not exist in mServices
07-10 19:26:13.512  3958  5556 D PackageManager: getComponentMetadataForIconTray : com.example.batterymanager_utility.MainActivity does not exist in mProviders
07-10 19:26:13.512  3958  5556 D PackageManager: getComponentMetadataForIconTray : com.example.batterymanager_utility.MainActivity does not exist in mReceivers
07-10 19:26:13.512  4349  4713 D ApplicationPackageManager: updateItemMetaDataForFixedIconScale: package: com.example.batterymanager_utility
07-10 19:26:13.512  3958  5556 D PackageManager: getSelectedMetaData : packageName(com.example.batterymanager_utility) or Metadata strings {[Ljava.lang.String;@dab9bd9}
07-10 19:26:13.513  4349  4713 I ApplicationPackageManager: load=com.example.batterymanager_utility, bg=144-144, dr=189-189, forDefault=true, density=0
07-10 19:26:13.514  4349  4713 I ApplicationPackageManager: scaled rate=0.72, size=189, alpha=54, hold=102
07-10 19:26:13.514  4349  4713 D ApplicationPackageManager: iconScale: getScale(): 0.72 getAlpha(): 54
07-10 19:26:13.516  4349  4713 I ApplicationPackageManager: load=com.example.batterymanager_utility-contain, bg=112-112, dr=189-189
07-10 19:26:13.571 14291 14291 I zygote64: Rejecting re-init on previously-failed class java.lang.Class<androidx.core.view.ViewCompat$2>: java.lang.NoClassDefFoundError: Failed resolution of: Landroid/view/View$OnUnhandledKeyEventListener;
07-10 19:26:13.571 14291 14291 I zygote64:   at void androidx.core.view.ViewCompat.setOnApplyWindowInsetsListener(android.view.View, androidx.core.view.OnApplyWindowInsetsListener) (ViewCompat.java:2436)
07-10 19:26:13.571 14291 14291 I zygote64:   at android.view.ViewGroup androidx.appcompat.app.AppCompatDelegateImpl.createSubDecor() (AppCompatDelegateImpl.java:779)
07-10 19:26:13.571 14291 14291 I zygote64:   at void androidx.appcompat.app.AppCompatDelegateImpl.ensureSubDecor() (AppCompatDelegateImpl.java:659)
07-10 19:26:13.571 14291 14291 I zygote64:   at void androidx.appcompat.app.AppCompatDelegateImpl.setContentView(int) (AppCompatDelegateImpl.java:552)
07-10 19:26:13.571 14291 14291 I zygote64:   at void androidx.appcompat.app.AppCompatActivity.setContentView(int) (AppCompatActivity.java:161)
07-10 19:26:13.571 14291 14291 I zygote64:   at void e.www.displaytest.MainActivity.onCreate(android.os.Bundle) (MainActivity.kt:15)
07-10 19:26:13.571 14291 14291 I zygote64:   at void android.app.Activity.performCreate(android.os.Bundle) (Activity.java:7174)
07-10 19:26:13.571 14291 14291 I zygote64:   at void android.app.Instrumentation.callActivityOnCreate(android.app.Activity, android.os.Bundle) (Instrumentation.java:1220)
07-10 19:26:13.571 14291 14291 I zygote64:   at android.app.Activity android.app.ActivityThread.performLaunchActivity(android.app.ActivityThread$ActivityClientRecord, android.content.Intent) (ActivityThread.java:2910)
07-10 19:26:13.571 14291 14291 I zygote64:   at void android.app.ActivityThread.handleLaunchActivity(android.app.ActivityThread$ActivityClientRecord, android.content.Intent, java.lang.String) (ActivityThread.java:3032)
07-10 19:26:13.571 14291 14291 I zygote64:   at void android.app.ActivityThread.-wrap11(android.app.ActivityThread, android.app.ActivityThread$ActivityClientRecord, android.content.Intent, java.lang.String) (ActivityThread.java:-1)
07-10 19:26:13.571 14291 14291 I zygote64:   at void android.app.ActivityThread$H.handleMessage(android.os.Message) (ActivityThread.java:1696)
07-10 19:26:13.571 14291 14291 I zygote64:   at void android.os.Handler.dispatchMessage(android.os.Message) (Handler.java:105)
07-10 19:26:13.571 14291 14291 I zygote64:   at void android.os.Looper.loop() (Looper.java:164)
07-10 19:26:13.571 14291 14291 I zygote64:   at void android.app.ActivityThread.main(java.lang.String[]) (ActivityThread.java:6940)
07-10 19:26:13.571 14291 14291 I zygote64:   at java.lang.Object java.lang.reflect.Method.invoke(java.lang.Object, java.lang.Object[]) (Method.java:-2)
07-10 19:26:13.571 14291 14291 I zygote64:   at void com.android.internal.os.Zygote$MethodAndArgsCaller.run() (Zygote.java:327)
07-10 19:26:13.571 14291 14291 I zygote64:   at void com.android.internal.os.ZygoteInit.main(java.lang.String[]) (ZygoteInit.java:1374)
07-10 19:26:13.571 14291 14291 I zygote64: Caused by: java.lang.ClassNotFoundException: Didn't find class "android.view.View$OnUnhandledKeyEventListener" on path: DexPathList[[zip file "/data/app/e.www.displaytest-rHufQhoNnuGuycP99XU3ZA==/base.apk"],nativeLibraryDirectories=[/data/app/e.www.displaytest-rHufQhoNnuGuycP99XU3ZA==/lib/arm64, /system/lib64, /vendor/lib64]]
07-10 19:26:13.571 14291 14291 I zygote64:   at java.lang.Class dalvik.system.BaseDexClassLoader.findClass(java.lang.String) (BaseDexClassLoader.java:93)
07-10 19:26:13.571 14291 14291 I zygote64:   at java.lang.Class java.lang.ClassLoader.loadClass(java.lang.String, boolean) (ClassLoader.java:379)
07-10 19:26:13.571 14291 14291 I zygote64:   at java.lang.Class java.lang.ClassLoader.loadClass(java.lang.String) (ClassLoader.java:312)
07-10 19:26:13.571 14291 14291 I zygote64:   at void androidx.core.view.ViewCompat.setOnApplyWindowInsetsListener(android.view.View, androidx.core.view.OnApplyWindowInsetsListener) (ViewCompat.java:2436)
07-10 19:26:13.571 14291 14291 I zygote64:   at android.view.ViewGroup androidx.appcompat.app.AppCompatDelegateImpl.createSubDecor() (AppCompatDelegateImpl.java:779)
07-10 19:26:13.571 14291 14291 I zygote64:   at void androidx.appcompat.app.AppCompatDelegateImpl.ensureSubDecor() (AppCompatDelegateImpl.java:659)
07-10 19:26:13.571 14291 14291 I zygote64:   at void androidx.appcompat.app.AppCompatDelegateImpl.setContentView(int) (AppCompatDelegateImpl.java:552)
07-10 19:26:13.571 14291 14291 I zygote64:   at void androidx.appcompat.app.AppCompatActivity.setContentView(int) (AppCompatActivity.java:161)
07-10 19:26:13.571 14291 14291 I zygote64:   at void e.www.displaytest.MainActivity.onCreate(android.os.Bundle) (MainActivity.kt:15)
07-10 19:26:13.571 14291 14291 I zygote64:   at void android.app.Activity.performCreate(android.os.Bundle) (Activity.java:7174)
07-10 19:26:13.571 14291 14291 I zygote64:   at void android.app.Instrumentation.callActivityOnCreate(android.app.Activity, android.os.Bundle) (Instrumentation.java:1220)
07-10 19:26:13.571 14291 14291 I zygote64:   at android.app.Activity android.app.ActivityThread.performLaunchActivity(android.app.ActivityThread$ActivityClientRecord, android.content.Intent) (ActivityThread.java:2910)
07-10 19:26:13.571 14291 14291 I zygote64:   at void android.app.ActivityThread.handleLaunchActivity(android.app.ActivityThread$ActivityClientRecord, android.content.Intent, java.lang.String) (ActivityThread.java:3032)
07-10 19:26:13.571 14291 14291 I zygote64:   at void android.app.ActivityThread.-wrap11(android.app.ActivityThread, android.app.ActivityThread$ActivityClientRecord, android.content.Intent, java.lang.String) (ActivityThread.java:-1)
07-10 19:26:13.571 14291 14291 I zygote64:   at void android.app.ActivityThread$H.handleMessage(android.os.Message) (ActivityThread.java:1696)
07-10 19:26:13.571 14291 14291 I zygote64:   at void android.os.Handler.dispatchMessage(android.os.Message) (Handler.java:105)
07-10 19:26:13.571 14291 14291 I zygote64:   at void android.os.Looper.loop() (Looper.java:164)
07-10 19:26:13.571 14291 14291 I zygote64:   at void android.app.ActivityThread.main(java.lang.String[]) (ActivityThread.java:6940)
07-10 19:26:13.571 14291 14291 I zygote64:   at java.lang.Object java.lang.reflect.Method.invoke(java.lang.Object, java.lang.Object[]) (Method.java:-2)
07-10 19:26:13.571 14291 14291 I zygote64:   at void com.android.internal.os.Zygote$MethodAndArgsCaller.run() (Zygote.java:327)
07-10 19:26:13.571 14291 14291 I zygote64:   at void com.android.internal.os.ZygoteInit.main(java.lang.String[]) (ZygoteInit.java:1374)
07-10 19:26:13.571 14291 14291 I zygote64: 
07-10 19:26:13.572 14291 14291 I zygote64: Rejecting re-init on previously-failed class java.lang.Class<androidx.core.view.ViewCompat$2>: java.lang.NoClassDefFoundError: Failed resolution of: Landroid/view/View$OnUnhandledKeyEventListener;
07-10 19:26:13.572 14291 14291 I zygote64:   at void androidx.core.view.ViewCompat.setOnApplyWindowInsetsListener(android.view.View, androidx.core.view.OnApplyWindowInsetsListener) (ViewCompat.java:2436)
07-10 19:26:13.572 14291 14291 I zygote64:   at android.view.ViewGroup androidx.appcompat.app.AppCompatDelegateImpl.createSubDecor() (AppCompatDelegateImpl.java:779)
07-10 19:26:13.572 14291 14291 I zygote64:   at void androidx.appcompat.app.AppCompatDelegateImpl.ensureSubDecor() (AppCompatDelegateImpl.java:659)
07-10 19:26:13.572 14291 14291 I zygote64:   at void androidx.appcompat.app.AppCompatDelegateImpl.setContentView(int) (AppCompatDelegateImpl.java:552)
07-10 19:26:13.572 14291 14291 I zygote64:   at void androidx.appcompat.app.AppCompatActivity.setContentView(int) (AppCompatActivity.java:161)
07-10 19:26:13.572 14291 14291 I zygote64:   at void e.www.displaytest.MainActivity.onCreate(android.os.Bundle) (MainActivity.kt:15)
07-10 19:26:13.572 14291 14291 I zygote64:   at void android.app.Activity.performCreate(android.os.Bundle) (Activity.java:7174)
07-10 19:26:13.572 14291 14291 I zygote64:   at void android.app.Instrumentation.callActivityOnCreate(android.app.Activity, android.os.Bundle) (Instrumentation.java:1220)
07-10 19:26:13.572 14291 14291 I zygote64:   at android.app.Activity android.app.ActivityThread.performLaunchActivity(android.app.ActivityThread$ActivityClientRecord, android.content.Intent) (ActivityThread.java:2910)
07-10 19:26:13.572 14291 14291 I zygote64:   at void android.app.ActivityThread.handleLaunchActivity(android.app.ActivityThread$ActivityClientRecord, android.content.Intent, java.lang.String) (ActivityThread.java:3032)
07-10 19:26:13.572 14291 14291 I zygote64:   at void android.app.ActivityThread.-wrap11(android.app.ActivityThread, android.app.ActivityThread$ActivityClientRecord, android.content.Intent, java.lang.String) (ActivityThread.java:-1)
07-10 19:26:13.572 14291 14291 I zygote64:   at void android.app.ActivityThread$H.handleMessage(android.os.Message) (ActivityThread.java:1696)
07-10 19:26:13.572 14291 14291 I zygote64:   at void android.os.Handler.dispatchMessage(android.os.Message) (Handler.java:105)
07-10 19:26:13.572 14291 14291 I zygote64:   at void android.os.Looper.loop() (Looper.java:164)
07-10 19:26:13.572 14291 14291 I zygote64:   at void android.app.ActivityThread.main(java.lang.String[]) (ActivityThread.java:6940)
07-10 19:26:13.572 14291 14291 I zygote64:   at java.lang.Object java.lang.reflect.Method.invoke(java.lang.Object, java.lang.Object[]) (Method.java:-2)
07-10 19:26:13.572 14291 14291 I zygote64:   at void com.android.internal.os.Zygote$MethodAndArgsCaller.run() (Zygote.java:327)
07-10 19:26:13.572 14291 14291 I zygote64:   at void com.android.internal.os.ZygoteInit.main(java.lang.String[]) (ZygoteInit.java:1374)
07-10 19:26:13.572 14291 14291 I zygote64: Caused by: java.lang.ClassNotFoundException: Didn't find class "android.view.View$OnUnhandledKeyEventListener" on path: DexPathList[[zip file "/data/app/e.www.displaytest-rHufQhoNnuGuycP99XU3ZA==/base.apk"],nativeLibraryDirectories=[/data/app/e.www.displaytest-rHufQhoNnuGuycP99XU3ZA==/lib/arm64, /system/lib64, /vendor/lib64]]
07-10 19:26:13.572 14291 14291 I zygote64:   at java.lang.Class dalvik.system.BaseDexClassLoader.findClass(java.lang.String) (BaseDexClassLoader.java:93)
07-10 19:26:13.572 14291 14291 I zygote64:   at java.lang.Class java.lang.ClassLoader.loadClass(java.lang.String, boolean) (ClassLoader.java:379)
07-10 19:26:13.572 14291 14291 I zygote64:   at java.lang.Class java.lang.ClassLoader.loadClass(java.lang.String) (ClassLoader.java:312)
07-10 19:26:13.572 14291 14291 I zygote64:   at void androidx.core.view.ViewCompat.setOnApplyWindowInsetsListener(android.view.View, androidx.core.view.OnApplyWindowInsetsListener) (ViewCompat.java:2436)
07-10 19:26:13.572 14291 14291 I zygote64:   at android.view.ViewGroup androidx.appcompat.app.AppCompatDelegateImpl.createSubDecor() (AppCompatDelegateImpl.java:779)
07-10 19:26:13.572 14291 14291 I zygote64:   at void androidx.appcompat.app.AppCompatDelegateImpl.ensureSubDecor() (AppCompatDelegateImpl.java:659)
07-10 19:26:13.572 14291 14291 I zygote64:   at void androidx.appcompat.app.AppCompatDelegateImpl.setContentView(int) (AppCompatDelegateImpl.java:552)
07-10 19:26:13.572 14291 14291 I zygote64:   at void androidx.appcompat.app.AppCompatActivity.setContentView(int) (AppCompatActivity.java:161)
07-10 19:26:13.572 14291 14291 I zygote64:   at void e.www.displaytest.MainActivity.onCreate(android.os.Bundle) (MainActivity.kt:15)
