--------- beginning of main
07-04 23:25:07.809  1233  1233 W ipacm   : type=1400 audit(0.0:231309): avc: denied { write } for name="ipacm_log_file" dev="tmpfs" ino=27039 scontext=u:r:ipacm:s0 tcontext=u:object_r:ipacm_socket:s0 tclass=sock_file permissive=0
--------- beginning of system
07-04 23:25:11.667  1726  3526 I ActivityTaskManager: zhl stack block_packagename =
07-04 23:25:11.667  1726  3526 I ActivityTaskManager: zhl stack block_activity =
07-04 23:25:11.667  1726  3526 I ActivityTaskManager: zhl mPackage =com.example.batterymanager_utility
07-04 23:25:11.667  1726  3526 I ActivityTaskManager: zhl mClass =MainActivity
07-04 23:25:11.667  1726  3526 I ActivityTaskManager: START u0 {act=android.intent.action.MAIN cat=[android.intent.category.LAUNCHER] flg=0x10000000 cmp=com.example.batterymanager_utility/.MainActivity} from uid 2000
07-04 23:25:11.678  1726  3526 D CompatibilityInfo: mCompatibilityFlags - 0
07-04 23:25:11.678  1726  3526 D CompatibilityInfo: applicationDensity - 420
07-04 23:25:11.678  1726  3526 D CompatibilityInfo: applicationScale - 1.0
07-04 23:25:11.679  1726  3526 D ActivityTrigger: ActivityTrigger activityPauseTrigger 
07-04 23:25:11.683 19556 19558 I cmd     : oneway function results will be dropped but finished with status OK and parcel size 4
07-04 23:25:11.691  1726  1913 W ActivityManager: ProcessRecord{c9806d8 0:com.example.batterymanager_utility/u0a200}: ART verification disabled
07-04 23:25:11.692  1726  1913 D CompatibilityChangeReporter: Compat change id reported: 135634846; UID 10200; state: DISABLED
07-04 23:25:11.693  1726  1926 D CompatibilityChangeReporter: Compat change id reported: 143937733; UID 10200; state: ENABLED
07-04 23:25:11.703   916   916 D Zygote  : Forked child process 19563
07-04 23:25:11.707  1726  1926 I ActivityManager: Start proc 19563:com.example.batterymanager_utility/u0a200 for pre-top-activity {com.example.batterymanager_utility/com.example.batterymanager_utility.MainActivity}
07-04 23:25:11.721 19563 19563 I manager_utilit: Late-enabling -Xcheck:jni
07-04 23:25:11.759 19563 19563 I manager_utilit: Unquickening 18 vdex files!
07-04 23:25:11.768 32728 32736 I adbd    : jdwp connection from 19563
07-04 23:25:11.783  1726  3526 D CompatibilityInfo: mCompatibilityFlags - 0
07-04 23:25:11.783  1726  3526 D CompatibilityInfo: applicationDensity - 420
07-04 23:25:11.783  1726  3526 D CompatibilityInfo: applicationScale - 1.0
07-04 23:25:11.785  4180  4180 I A       : onPause
07-04 23:25:11.786  1726  3526 D CompatibilityInfo: mCompatibilityFlags - 0
07-04 23:25:11.786  1726  3526 D CompatibilityInfo: applicationDensity - 420
07-04 23:25:11.786  1726  3526 D CompatibilityInfo: applicationScale - 1.0
07-04 23:25:11.801  4204  4204 I HdmBroadcastRecvUpd: (REDACTED) received broadcast: %s
07-04 23:25:11.801  4204  4927 I HdmHotwordRequestListen: (REDACTED) received broadcast: %s
07-04 23:25:11.802  4204  4927 I SodaTriggeringFrontend: (REDACTED) #onConfigUpdate. requester: %s
07-04 23:25:11.802  4204  4925 I SodaTriggeringFrontend: #onConfigUpdate inside sequencer
07-04 23:25:11.802  4204  4925 I A       : (REDACTED) Voice Match (Speaker-id) supported : %b 
07-04 23:25:11.802  4204  4925 I A       : (REDACTED) hotword enrollment state is enrolled:  %b, speakerId model exist: %b. Voice Match supported : %b 
07-04 23:25:11.802  4204  4925 I A       : (REDACTED) isHotwordAvailable():  %b, isHotwordEnabled() %b 
07-04 23:25:11.802  4204  4925 I A       : (REDACTED) isHotwordAvailable():  %b, isHotwordEnabled() %b 
07-04 23:25:11.802  4204  4925 I A       : (REDACTED) Hotword enrollment state : %s.
07-04 23:25:11.802  4204  4925 I A       : (REDACTED) Voice Match (Speaker-id) supported : %b 
07-04 23:25:11.802  4204  4925 I A       : (REDACTED) Voice Match (Speaker-id) supported : %b 
07-04 23:25:11.802  4204  4925 I A       : (REDACTED) hotword enrollment state is enrolled:  %b, speakerId model exist: %b, voice match supported : %b
07-04 23:25:11.802  4204  4925 I A       : (REDACTED) Hotword isNonVoiceMatchHotwordEnabled: %b, isHotwordAvailable : %b, isHotwordEnabled : %b, isVoiceMatchSupported: %b, isHotwordEnrolled: %b.
07-04 23:25:11.802  4204  4925 I SodaTriggeringFrontend: (REDACTED) Ignore the legacy hotword request. voice match enabled %b, isHotwordSupported %b, isIncompleteEnrollmentState %b, nonVoiceMatchHotwordEnabled %b
07-04 23:25:11.809  2942  2997 D FaceUnlock: onTaskStackChangedBackground
07-04 23:25:11.810  2942  2997 D FaceUnlock: PackageName =com.example.batterymanager_utility
07-04 23:25:11.879 19569 19569 W app_process: type=1400 audit(0.0:231340): avc: denied { read } for name="u:object_r:device_config_runtime_native_boot_prop:s0" dev="tmpfs" ino=12577 scontext=u:r:shell:s0 tcontext=u:object_r:device_config_runtime_native_boot_prop:s0 tclass=file permissive=0
07-04 23:25:11.879 19569 19569 W app_process: type=1400 audit(0.0:231341): avc: denied { read } for name="u:object_r:device_config_runtime_native_boot_prop:s0" dev="tmpfs" ino=12577 scontext=u:r:shell:s0 tcontext=u:object_r:device_config_runtime_native_boot_prop:s0 tclass=file permissive=0
07-04 23:25:11.879 19569 19569 I chatty  : uid=2000(shell) app_process identical 1 line
07-04 23:25:11.879 19569 19569 W app_process: type=1400 audit(0.0:231343): avc: denied { read } for name="u:object_r:device_config_runtime_native_boot_prop:s0" dev="tmpfs" ino=12577 scontext=u:r:shell:s0 tcontext=u:object_r:device_config_runtime_native_boot_prop:s0 tclass=file permissive=0
07-04 23:25:11.879 19569 19569 D AndroidRuntime: >>>>>> START com.android.internal.os.RuntimeInit uid 2000 <<<<<<
07-04 23:25:11.883 19569 19569 E libc    : Access denied finding property "persist.device_config.runtime_native_boot.profilebootclasspath"
07-04 23:25:11.883 19569 19569 E libc    : Access denied finding property "persist.device_config.runtime_native_boot.enable_apex_image"
07-04 23:25:11.884 19569 19569 I AndroidRuntime: Using default boot image
07-04 23:25:11.884 19569 19569 E libc    : Access denied finding property "persist.device_config.runtime_native_boot.disable_lock_profiling"
07-04 23:25:11.884 19569 19569 I AndroidRuntime: Leaving lock profiling enabled
07-04 23:25:11.884 19569 19569 E libc    : Access denied finding property "persist.device_config.runtime_native_boot.enable_generational_cc"
07-04 23:25:11.958 19563 19563 I Perf    : Connecting to perf service.
07-04 23:25:11.968 19563 19563 D NetworkSecurityConfig: No Network Security Config specified, using platform default
07-04 23:25:11.970 19563 19563 D NetworkSecurityConfig: No Network Security Config specified, using platform default
07-04 23:25:11.980 19563 19563 I BatteryMgr:App: creating notification channel
07-04 23:25:12.017 19569 19569 D app_process: Time zone APEX ICU file found: /apex/com.android.tzdata/etc/icu/icu_tzdata.dat
07-04 23:25:12.017 19569 19569 D app_process: I18n APEX ICU file found: /apex/com.android.i18n/etc/icu/icudt66l.dat
07-04 23:25:12.030 19569 19569 I app_process: The ClassLoaderContext is a special shared library.
07-04 23:25:12.049 19563 19563 V Activity: mLastPackageName-com.example.batterymanager_utility.MainActivity
07-04 23:25:12.054 19569 19569 W app_process: JNI RegisterNativeMethods: attempt to register 0 native methods for android.media.AudioAttributes
07-04 23:25:12.067 19569 19569 D AndroidRuntime: Calling main entry com.android.commands.monkey.Monkey
07-04 23:25:12.068 19569 19569 W Monkey  : args: [-p, x.intervalapp.cpufactorialtest, 1]
07-04 23:25:12.068 19569 19569 W Monkey  :  arg: "-p"
07-04 23:25:12.069 19569 19569 W Monkey  :  arg: "x.intervalapp.cpufactorialtest"
07-04 23:25:12.069 19569 19569 W Monkey  :  arg: "1"
07-04 23:25:12.069 19569 19569 W Monkey  : data="x.intervalapp.cpufactorialtest"
07-04 23:25:12.088 19563 19563 D PureDisplay: package-com.example.batterymanager_utility DYNAMIC_ORIGINAL_MODE open
07-04 23:25:12.091 25555 25555 D PureDisplay: PureDisplayModeChangeReceiver,hdrMode=1
07-04 23:25:12.098 25555 25555 I android_os_HwBinder: HwBinder: Starting thread pool for getting: vendor.pixelworks.hardware.display@1.0::IIris/default
07-04 23:25:12.098   973  1072 I IrisService: irisConfigureSet(258, 1, 1)
07-04 23:25:12.099 25555 25555 D PureDisplay: --setIrisDisplayHdrMode- mode =1--result = 0
07-04 23:25:12.099 25555 25555 D PureDisplay: PureDisplayModeChangeReceiver,pureDisplayMode=1
07-04 23:25:12.100 25555 25555 D PureDisplay: isDeviceProvisioned=true
07-04 23:25:12.101 25555 25555 D PureDisplay: isUserSetuped=true
07-04 23:25:12.101 25555 25555 D PureDisplay: setOriginalModeEnable()
07-04 23:25:12.102 25555 25555 I android_os_HwBinder: HwBinder: Starting thread pool for getting: vendor.pixelworks.hardware.display@1.0::IIris/default
07-04 23:25:12.103   973  1072 I IrisService: irisConfigureSet(0, 1, 0)
07-04 23:25:12.106 25555 25555 I android_os_HwBinder: HwBinder: Starting thread pool for getting: vendor.pixelworks.hardware.display@1.0::IIris/default
07-04 23:25:12.106   973  1072 I IrisService: irisConfigureSet(41, 1, 0)
07-04 23:25:12.107  1726  1925 W BroadcastQueue: Skipping deliver [background] BroadcastRecord{e1c07bd u-1 android.net.conn.CONNECTIVITY_CHANGE} to ReceiverList{57911b2 19569 (unknown name)/2000/u-1 remote:2312967}: process gone or crashing
07-04 23:25:12.108 25555 25555 I android_os_HwBinder: HwBinder: Starting thread pool for getting: vendor.pixelworks.hardware.display@1.0::IIris/default
07-04 23:25:12.109   973   973 I IrisService: irisConfigureSet(42, 1, 0)
07-04 23:25:12.110 25555 25555 I android_os_HwBinder: HwBinder: Starting thread pool for getting: vendor.pixelworks.hardware.display@1.0::IIris/default
07-04 23:25:12.110   973   973 I IrisService: irisConfigureSet(40, 1, 0)
07-04 23:25:12.123 25555 25555 I android_os_HwBinder: HwBinder: Starting thread pool for getting: vendor.pixelworks.hardware.display@1.0::IIris/default
07-04 23:25:12.123   973   973 I IrisService: irisConfigureSet(36, 1, 0)
07-04 23:25:12.125  1726  3286 I ActivityTaskManager: zhl stack block_packagename =
07-04 23:25:12.125  1726  3286 I ActivityTaskManager: zhl stack block_activity =
07-04 23:25:12.125  1726  3286 I ActivityTaskManager: zhl mPackage =x.intervalapp.cpufactorialtest
07-04 23:25:12.125  1726  3286 I ActivityTaskManager: zhl mClass =MainActivity
07-04 23:25:12.125  1726  3286 I ActivityTaskManager: START u0 {act=android.intent.action.MAIN cat=[android.intent.category.LAUNCHER] flg=0x10200000 cmp=x.intervalapp.cpufactorialtest/.MainActivity} from uid 2000
07-04 23:25:12.138  1726  3286 D CompatibilityInfo: mCompatibilityFlags - 0
07-04 23:25:12.138  1726  3286 D CompatibilityInfo: applicationDensity - 420
07-04 23:25:12.138  1726  3286 D CompatibilityInfo: applicationScale - 1.0
07-04 23:25:12.139 25555 25555 D PureDisplay: getWhiteBalanceAutoMode()0
07-04 23:25:12.139  1726  3286 D ActivityTrigger: ActivityTrigger activityPauseTrigger 
07-04 23:25:12.140 25555 25555 I android_os_HwBinder: HwBinder: Starting thread pool for getting: vendor.pixelworks.hardware.display@1.0::IIris/default
07-04 23:25:12.141   973   973 I IrisService: irisConfigureSet(39, 1, 1)
07-04 23:25:12.144 19569 19569 I Monkey  : Events injected: 1
07-04 23:25:12.150  1726  1913 W ActivityManager: ProcessRecord{4dcd0ac 0:x.intervalapp.cpufactorialtest/u0a228}: ART verification disabled
07-04 23:25:12.150  1726  1913 D CompatibilityChangeReporter: Compat change id reported: 135634846; UID 10228; state: DISABLED
07-04 23:25:12.151  1726  1926 D CompatibilityChangeReporter: Compat change id reported: 143937733; UID 10228; state: ENABLED
07-04 23:25:12.154 19569 19569 I Monkey  : ## Network stats: elapsed time=31ms (0ms mobile, 0ms wifi, 31ms not connected)
07-04 23:25:12.156 19569 19569 I app_process: System.exit called, status: 0
07-04 23:25:12.156 19569 19569 I AndroidRuntime: VM exiting with result code 0.
07-04 23:25:12.157 25555 25555 I android_os_HwBinder: HwBinder: Starting thread pool for getting: vendor.pixelworks.hardware.display@1.0::IIris/default
07-04 23:25:12.158   973   973 I IrisService: irisConfigureSet(264, 1, 0)
07-04 23:25:12.158 25555 25555 D PureDisplay: PureDisplayModeChangeReceiver,lastclass=com.example.batterymanager_utility.MainActivity
07-04 23:25:12.159 25555 25555 D PureDisplay: PureDisplayModeChangeReceiver,lastpackage=com.example.batterymanager_utility
07-04 23:25:12.160 25555 25555 D PureDisplay: PureDisplayModeChangeReceiver,lastpackage_resume=1
07-04 23:25:12.162   916   916 D Zygote  : Forked child process 19609
07-04 23:25:12.177  1726  1926 I ActivityManager: Start proc 19609:x.intervalapp.cpufactorialtest/u0a228 for pre-top-activity {x.intervalapp.cpufactorialtest/x.intervalapp.cpufactorialtest.MainActivity}
07-04 23:25:12.180 19609 19609 I pufactorialtes: Late-enabling -Xcheck:jni
07-04 23:25:12.215 19609 19609 I pufactorialtes: Unquickening 18 vdex files!
07-04 23:25:12.225 32728 32736 I adbd    : jdwp connection from 19609
07-04 23:25:12.241  1726  1888 D CompatibilityInfo: mCompatibilityFlags - 0
07-04 23:25:12.241  1726  1888 D CompatibilityInfo: applicationDensity - 420
07-04 23:25:12.241  1726  1888 D CompatibilityInfo: applicationScale - 1.0
07-04 23:25:12.243  1726  1888 I ActivityTaskManager: The Process x.intervalapp.cpufactorialtest Already Exists in BG. So sending its PID: 19609
07-04 23:25:12.249  3196  3196 V Activity: onStop mLastPackageName = com.example.batterymanager_utility.MainActivity--mLastPackageResume = 1
07-04 23:25:12.275  3196  3196 D PureDisplay: package-com.example.batterymanager_utility DYNAMIC_ORIGINAL_MODE open
07-04 23:25:12.277 25555 25555 D PureDisplay: PureDisplayModeChangeReceiver,hdrMode=1
07-04 23:25:12.279  4180  4180 I A       : onStop
07-04 23:25:12.280 25555 25555 I android_os_HwBinder: HwBinder: Starting thread pool for getting: vendor.pixelworks.hardware.display@1.0::IIris/default
07-04 23:25:12.280   973  1072 I IrisService: irisConfigureSet(258, 1, 1)
07-04 23:25:12.280 25555 25555 D PureDisplay: --setIrisDisplayHdrMode- mode =1--result = 0
07-04 23:25:12.280 25555 25555 D PureDisplay: PureDisplayModeChangeReceiver,pureDisplayMode=1
07-04 23:25:12.281 25555 25555 D PureDisplay: isDeviceProvisioned=true
07-04 23:25:12.281 25555 25555 D PureDisplay: isUserSetuped=true
07-04 23:25:12.281 25555 25555 D PureDisplay: setOriginalModeEnable()
07-04 23:25:12.283 25555 25555 I android_os_HwBinder: HwBinder: Starting thread pool for getting: vendor.pixelworks.hardware.display@1.0::IIris/default
07-04 23:25:12.283   973  1072 I IrisService: irisConfigureSet(0, 1, 0)
07-04 23:25:12.289 25555 25555 I android_os_HwBinder: HwBinder: Starting thread pool for getting: vendor.pixelworks.hardware.display@1.0::IIris/default
07-04 23:25:12.290   973  1072 I IrisService: irisConfigureSet(41, 1, 0)
07-04 23:25:12.293 25555 25555 I android_os_HwBinder: HwBinder: Starting thread pool for getting: vendor.pixelworks.hardware.display@1.0::IIris/default
07-04 23:25:12.295   973  1072 I IrisService: irisConfigureSet(42, 1, 0)
07-04 23:25:12.297 25555 25555 I android_os_HwBinder: HwBinder: Starting thread pool for getting: vendor.pixelworks.hardware.display@1.0::IIris/default
07-04 23:25:12.298   973   973 I IrisService: irisConfigureSet(40, 1, 0)
07-04 23:25:12.306 25555 25555 I android_os_HwBinder: HwBinder: Starting thread pool for getting: vendor.pixelworks.hardware.display@1.0::IIris/default
07-04 23:25:12.307   973   973 I IrisService: irisConfigureSet(36, 1, 0)
07-04 23:25:12.323 25555 25555 D PureDisplay: getWhiteBalanceAutoMode()0
07-04 23:25:12.324 25555 25555 I android_os_HwBinder: HwBinder: Starting thread pool for getting: vendor.pixelworks.hardware.display@1.0::IIris/default
07-04 23:25:12.325   973  1073 I IrisService: irisConfigureSet(39, 1, 1)
07-04 23:25:12.332 19563 19588 I AdrenoGLES-0: QUALCOMM build                   : d7ad79a, I2f86ca99a8
07-04 23:25:12.332 19563 19588 I AdrenoGLES-0: Build Date                       : 06/13/21
07-04 23:25:12.332 19563 19588 I AdrenoGLES-0: OpenGL ES Shader Compiler Version: EV031.32.02.12
07-04 23:25:12.332 19563 19588 I AdrenoGLES-0: Local Branch                     : mybranchebcc171e-87ea-f17a-bb69-1458d0b52af0
07-04 23:25:12.332 19563 19588 I AdrenoGLES-0: Remote Branch                    : quic/gfx-adreno.lnx.1.0.r127-rel
07-04 23:25:12.332 19563 19588 I AdrenoGLES-0: Remote Branch                    : NONE
07-04 23:25:12.332 19563 19588 I AdrenoGLES-0: Reconstruct Branch               : NOTHING
07-04 23:25:12.332 19563 19588 I AdrenoGLES-0: Build Config                     : S L 10.0.7 AArch64
07-04 23:25:12.332 19563 19588 I AdrenoGLES-0: Driver Path                      : /vendor/lib64/egl/libGLESv2_adreno.so
07-04 23:25:12.340 25555 25555 I android_os_HwBinder: HwBinder: Starting thread pool for getting: vendor.pixelworks.hardware.display@1.0::IIris/default
07-04 23:25:12.340   973  1073 I IrisService: irisConfigureSet(264, 1, 0)
07-04 23:25:12.343 19563 19588 I AdrenoGLES-0: PFP: 0x005ff114, ME: 0x005ff066
07-04 23:25:12.372   632   632 I hwservicemanager: getTransport: Cannot find entry android.hardware.graphics.mapper@4.0::IMapper/default in either framework or device manifest.
07-04 23:25:12.372 19563 19588 I Gralloc4: mapper 4.x is not supported
07-04 23:25:12.372   632   632 I hwservicemanager: getTransport: Cannot find entry android.hardware.graphics.mapper@3.0::IMapper/default in either framework or device manifest.
07-04 23:25:12.372 19563 19588 W Gralloc3: mapper 3.x is not supported
07-04 23:25:12.435  1726  3286 I ActivityTaskManager: The Process x.intervalapp.cpufactorialtest Already Exists in BG. So sending its PID: 19609
07-04 23:25:12.437  1726  3286 D CompatibilityInfo: mCompatibilityFlags - 0
07-04 23:25:12.437  1726  3286 D CompatibilityInfo: applicationDensity - 420
07-04 23:25:12.437  1726  3286 D CompatibilityInfo: applicationScale - 1.0
07-04 23:25:12.494 19609 19609 I Perf    : Connecting to perf service.
07-04 23:25:12.505 19609 19609 D NetworkSecurityConfig: No Network Security Config specified, using platform default
07-04 23:25:12.506 19609 19609 D NetworkSecurityConfig: No Network Security Config specified, using platform default
07-04 23:25:12.535  2942  2974 W System  : A resource failed to call release. 
07-04 23:25:12.535  2942  2974 W System  : A resource failed to call release. 
07-04 23:25:12.540  2942  2997 D FaceUnlock: onTaskStackChangedBackground
07-04 23:25:12.542  2942  2997 D FaceUnlock: PackageName =x.intervalapp.cpufactorialtest
07-04 23:25:13.069  1233  1233 W /system/vendor/bin/ipacm: type=1400 audit(0.0:231344): avc: denied { write } for comm=6E65746C696E6B20736F636B6574 name="ipacm_log_file" dev="tmpfs" ino=27039 scontext=u:r:ipacm:s0 tcontext=u:object_r:ipacm_socket:s0 tclass=sock_file permissive=0
07-04 23:25:13.069  1233  1233 I chatty  : uid=1001(radio) /system/vendor/bin/ipacm identical 1 line
07-04 23:25:13.069  1233  1233 W /system/vendor/bin/ipacm: type=1400 audit(0.0:231346): avc: denied { write } for comm=6E65746C696E6B20736F636B6574 name="ipacm_log_file" dev="tmpfs" ino=27039 scontext=u:r:ipacm:s0 tcontext=u:object_r:ipacm_socket:s0 tclass=sock_file permissive=0
07-04 23:25:13.069  1233  1233 W ipacm   : type=1400 audit(0.0:231347): avc: denied { write } for name="ipacm_log_file" dev="tmpfs" ino=27039 scontext=u:r:ipacm:s0 tcontext=u:object_r:ipacm_socket:s0 tclass=sock_file permissive=0
07-04 23:25:13.069  1233  1233 I chatty  : uid=1001(radio) /system/vendor/bin/ipacm identical 1 line
07-04 23:25:13.069  1233  1233 W ipacm   : type=1400 audit(0.0:231349): avc: denied { write } for name="ipacm_log_file" dev="tmpfs" ino=27039 scontext=u:r:ipacm:s0 tcontext=u:object_r:ipacm_socket:s0 tclass=sock_file permissive=0
07-04 23:25:13.618  1726  3286 D CompatibilityInfo: mCompatibilityFlags - 0
07-04 23:25:13.618  1726  3286 D CompatibilityInfo: applicationDensity - 420
07-04 23:25:13.618  1726  3286 D CompatibilityInfo: applicationScale - 1.0
07-04 23:25:13.619 19656 19658 I cmd     : oneway function results will be dropped but finished with status OK and parcel size 4
07-04 23:25:13.623 19563 19563 I BatteryMgr:DataCollectionService: onStartCommand: begin
07-04 23:25:13.623 19563 19563 I BatteryMgr:DataCollectionService: onStartCommand: sampleRate => 100
07-04 23:25:13.623 19563 19563 I BatteryMgr:DataCollectionService: onStartCommand: rawFields => Timestamp,BATTERY_PROPERTY_CURRENT_NOW,EXTRA_VOLTAGE
07-04 23:25:13.625 19563 19563 I BatteryMgr:DataCollectionService: onStartCommand: notification done
07-04 23:25:13.627 19563 19563 I BatteryMgr:DataCollectionService: started foreground
07-04 23:25:13.635 19563 19659 I BatteryMgr:DataCollectionService: collectData: begin
07-04 23:25:13.636  1726  3286 D CompatibilityChangeReporter: Compat change id reported: 136219221; UID 10200; state: ENABLED
07-04 23:25:13.639 19563 19659 I BatteryMgr:DataCollectionService: stats => 1688505913639,-393554,4263
07-04 23:25:13.743 19563 19659 I BatteryMgr:DataCollectionService: stats => 1688505913743,-393554,4263
07-04 23:25:13.846 19563 19659 I BatteryMgr:DataCollectionService: stats => 1688505913846,-393554,4263
07-04 23:25:13.949 19563 19659 I BatteryMgr:DataCollectionService: stats => 1688505913949,-393554,4263
07-04 23:25:14.053 19563 19659 I BatteryMgr:DataCollectionService: stats => 1688505914053,-393554,4263
07-04 23:25:14.156 19563 19659 I BatteryMgr:DataCollectionService: stats => 1688505914156,-393554,4263
07-04 23:25:14.259 19563 19659 I BatteryMgr:DataCollectionService: stats => 1688505914259,-393554,4263
07-04 23:25:14.363 19563 19659 I BatteryMgr:DataCollectionService: stats => 1688505914363,-393554,4263
07-04 23:25:14.466 19563 19659 I BatteryMgr:DataCollectionService: stats => 1688505914466,-393554,4263
07-04 23:25:14.569 19563 19659 I BatteryMgr:DataCollectionService: stats => 1688505914569,-393554,4263
07-04 23:25:14.672 19563 19659 I BatteryMgr:DataCollectionService: stats => 1688505914672,-393554,4263
07-04 23:25:14.775 19563 19659 I BatteryMgr:DataCollectionService: stats => 1688505914775,-393554,4263
07-04 23:25:14.879 19563 19659 I BatteryMgr:DataCollectionService: stats => 1688505914879,-393554,4263
07-04 23:25:14.982 19563 19659 I BatteryMgr:DataCollectionService: stats => 1688505914982,-393554,4263
07-04 23:25:15.085 19563 19659 I BatteryMgr:DataCollectionService: stats => 1688505915085,-347656,4263
07-04 23:25:15.192 19563 19659 I BatteryMgr:DataCollectionService: stats => 1688505915192,-347656,4263
07-04 23:25:15.300 19563 19659 I BatteryMgr:DataCollectionService: stats => 1688505915299,-347656,4263
07-04 23:25:15.407 19563 19659 I BatteryMgr:DataCollectionService: stats => 1688505915407,-347656,4263
07-04 23:25:15.514 19563 19659 I BatteryMgr:DataCollectionService: stats => 1688505915514,-347656,4263
07-04 23:25:15.621 19563 19659 I BatteryMgr:DataCollectionService: stats => 1688505915621,-347656,4263
07-04 23:25:15.728 19563 19659 I BatteryMgr:DataCollectionService: stats => 1688505915728,-347656,4263
07-04 23:25:15.835 19563 19659 I BatteryMgr:DataCollectionService: stats => 1688505915835,-347656,4263
07-04 23:25:15.945 19563 19659 I BatteryMgr:DataCollectionService: stats => 1688505915944,-347656,4263
07-04 23:25:16.051 19563 19659 I BatteryMgr:DataCollectionService: stats => 1688505916051,-347656,4263
07-04 23:25:16.159 19563 19659 I BatteryMgr:DataCollectionService: stats => 1688505916159,-347656,4263
07-04 23:25:16.266 19563 19659 I BatteryMgr:DataCollectionService: stats => 1688505916266,-347656,4263
07-04 23:25:16.373 19563 19659 I BatteryMgr:DataCollectionService: stats => 1688505916373,-347656,4263
07-04 23:25:16.480 19563 19659 I BatteryMgr:DataCollectionService: stats => 1688505916480,-347656,4263
07-04 23:25:16.588 19563 19659 I BatteryMgr:DataCollectionService: stats => 1688505916587,-288085,4263
07-04 23:25:16.699 19563 19659 I BatteryMgr:DataCollectionService: stats => 1688505916699,-288085,4263
07-04 23:25:16.808 19563 19659 I BatteryMgr:DataCollectionService: stats => 1688505916808,-288085,4263
07-04 23:25:16.916 19563 19659 I BatteryMgr:DataCollectionService: stats => 1688505916915,-288085,4263
07-04 23:25:17.022 19563 19659 I BatteryMgr:DataCollectionService: stats => 1688505917022,-288085,4263
07-04 23:25:17.130 19563 19659 I BatteryMgr:DataCollectionService: stats => 1688505917129,-288085,4263
07-04 23:25:17.237 19563 19659 I BatteryMgr:DataCollectionService: stats => 1688505917237,-288085,4263
07-04 23:25:17.346 19563 19659 I BatteryMgr:DataCollectionService: stats => 1688505917344,-288085,4263
07-04 23:25:17.453 19563 19659 I BatteryMgr:DataCollectionService: stats => 1688505917452,-288085,4263
07-04 23:25:17.560 19563 19659 I BatteryMgr:DataCollectionService: stats => 1688505917560,-288085,4263
07-04 23:25:17.667 19563 19659 I BatteryMgr:DataCollectionService: stats => 1688505917667,-288085,4263
07-04 23:25:17.774 19563 19659 I BatteryMgr:DataCollectionService: stats => 1688505917774,-288085,4263
07-04 23:25:17.869 19563 19668 D ProfileInstaller: Installing profile for com.example.batterymanager_utility
07-04 23:25:17.881 19563 19659 I BatteryMgr:DataCollectionService: stats => 1688505917880,-288085,4263
07-04 23:25:17.989 19563 19659 I BatteryMgr:DataCollectionService: stats => 1688505917989,-288085,4263
07-04 23:25:18.097 19563 19659 I BatteryMgr:DataCollectionService: stats => 1688505918097,-281738,4263
07-04 23:25:18.204 19563 19659 I BatteryMgr:DataCollectionService: stats => 1688505918204,-281738,4263
07-04 23:25:18.310 19563 19659 I BatteryMgr:DataCollectionService: stats => 1688505918310,-281738,4263
07-04 23:25:18.419 19563 19659 I BatteryMgr:DataCollectionService: stats => 1688505918419,-281738,4263
07-04 23:25:18.526 19563 19659 I BatteryMgr:DataCollectionService: stats => 1688505918526,-281738,4263
07-04 23:25:18.633 19563 19659 I BatteryMgr:DataCollectionService: stats => 1688505918633,-281738,4263
07-04 23:25:18.740 19563 19659 I BatteryMgr:DataCollectionService: stats => 1688505918740,-281738,4263
07-04 23:25:18.847 19563 19659 I BatteryMgr:DataCollectionService: stats => 1688505918847,-281738,4263
07-04 23:25:18.954 19563 19659 I BatteryMgr:DataCollectionService: stats => 1688505918953,-281738,4263
07-04 23:25:19.061 19563 19659 I BatteryMgr:DataCollectionService: stats => 1688505919060,-281738,4263
07-04 23:25:19.168 19563 19659 I BatteryMgr:DataCollectionService: stats => 1688505919168,-281738,4263
07-04 23:25:19.276 19563 19659 I BatteryMgr:DataCollectionService: stats => 1688505919275,-281738,4263
07-04 23:25:19.382 19563 19659 I BatteryMgr:DataCollectionService: stats => 1688505919382,-281738,4263
07-04 23:25:19.490 19563 19659 I BatteryMgr:DataCollectionService: stats => 1688505919490,-295898,4263
07-04 23:25:19.601 19563 19659 I BatteryMgr:DataCollectionService: stats => 1688505919601,-295898,4263
07-04 23:25:19.708 19563 19659 I BatteryMgr:DataCollectionService: stats => 1688505919708,-295898,4263
07-04 23:25:19.816 19563 19659 I BatteryMgr:DataCollectionService: stats => 1688505919816,-295898,4263
07-04 23:25:19.923 19563 19659 I BatteryMgr:DataCollectionService: stats => 1688505919922,-295898,4263
07-04 23:25:20.030 19563 19659 I BatteryMgr:DataCollectionService: stats => 1688505920030,-295898,4263
07-04 23:25:20.137 19563 19659 I BatteryMgr:DataCollectionService: stats => 1688505920137,-295898,4263
07-04 23:25:20.247 19563 19659 I BatteryMgr:DataCollectionService: stats => 1688505920247,-295898,4263
07-04 23:25:20.354 19563 19659 I BatteryMgr:DataCollectionService: stats => 1688505920354,-295898,4263
07-04 23:25:20.461 19563 19659 I BatteryMgr:DataCollectionService: stats => 1688505920461,-295898,4263
07-04 23:25:20.568 19563 19659 I BatteryMgr:DataCollectionService: stats => 1688505920567,-295898,4263
07-04 23:25:20.675 19563 19659 I BatteryMgr:DataCollectionService: stats => 1688505920675,-295898,4263
07-04 23:25:20.782 19563 19659 I BatteryMgr:DataCollectionService: stats => 1688505920782,-295898,4263
07-04 23:25:20.888 19563 19659 I BatteryMgr:DataCollectionService: stats => 1688505920888,-295898,4263
07-04 23:25:20.996 19563 19659 I BatteryMgr:DataCollectionService: stats => 1688505920996,-282226,4263
07-04 23:25:21.104 19563 19659 I BatteryMgr:DataCollectionService: stats => 1688505921104,-282226,4263
07-04 23:25:21.211 19563 19659 I BatteryMgr:DataCollectionService: stats => 1688505921211,-282226,4263
07-04 23:25:21.324 19563 19659 I BatteryMgr:DataCollectionService: stats => 1688505921324,-282226,4263
07-04 23:25:21.431 19563 19659 I BatteryMgr:DataCollectionService: stats => 1688505921431,-282226,4263
07-04 23:25:21.538 19563 19659 I BatteryMgr:DataCollectionService: stats => 1688505921538,-282226,4263
07-04 23:25:21.646 19563 19659 I BatteryMgr:DataCollectionService: stats => 1688505921645,-282226,4263
07-04 23:25:21.690  1726  1913 W ActivityTaskManager: Launch timeout has expired, giving up wake lock!
07-04 23:25:21.752 19563 19659 I BatteryMgr:DataCollectionService: stats => 1688505921752,-282226,4263
07-04 23:25:21.865 19563 19659 I BatteryMgr:DataCollectionService: stats => 1688505921864,-282226,4263
07-04 23:25:21.972 19563 19659 I BatteryMgr:DataCollectionService: stats => 1688505921971,-282226,4263
07-04 23:25:22.079 19563 19659 I BatteryMgr:DataCollectionService: stats => 1688505922079,-282226,4263
07-04 23:25:22.186 19563 19659 I BatteryMgr:DataCollectionService: stats => 1688505922186,-282226,4263
07-04 23:25:22.293 19563 19659 I BatteryMgr:DataCollectionService: stats => 1688505922293,-282226,4263
07-04 23:25:22.399 19563 19659 I BatteryMgr:DataCollectionService: stats => 1688505922399,-282226,4263
07-04 23:25:22.509 19563 19659 I BatteryMgr:DataCollectionService: stats => 1688505922509,-284667,4263
07-04 23:25:22.616 19563 19659 I BatteryMgr:DataCollectionService: stats => 1688505922616,-284667,4263
07-04 23:25:22.723 19563 19659 I BatteryMgr:DataCollectionService: stats => 1688505922723,-284667,4263
07-04 23:25:22.830 19563 19659 I BatteryMgr:DataCollectionService: stats => 1688505922830,-284667,4263
07-04 23:25:22.938 19563 19659 I BatteryMgr:DataCollectionService: stats => 1688505922938,-284667,4263
07-04 23:25:23.046 19563 19659 I BatteryMgr:DataCollectionService: stats => 1688505923046,-284667,4263
07-04 23:25:23.152 19563 19659 I BatteryMgr:DataCollectionService: stats => 1688505923152,-284667,4263
07-04 23:25:23.260 19563 19659 I BatteryMgr:DataCollectionService: stats => 1688505923259,-284667,4263
07-04 23:25:23.367 19563 19659 I BatteryMgr:DataCollectionService: stats => 1688505923367,-284667,4263
07-04 23:25:23.473 19563 19659 I BatteryMgr:DataCollectionService: stats => 1688505923473,-284667,4263
07-04 23:25:23.581 19563 19659 I BatteryMgr:DataCollectionService: stats => 1688505923581,-284667,4263
07-04 23:25:23.688 19563 19659 I BatteryMgr:DataCollectionService: stats => 1688505923687,-284667,4263
07-04 23:25:23.794 19563 19659 I BatteryMgr:DataCollectionService: stats => 1688505923794,-284667,4263
07-04 23:25:23.901 19563 19659 I BatteryMgr:DataCollectionService: stats => 1688505923900,-354003,4263
07-04 23:25:24.010 19563 19659 I BatteryMgr:DataCollectionService: stats => 1688505924010,-354003,4263
07-04 23:25:24.117 19563 19659 I BatteryMgr:DataCollectionService: stats => 1688505924117,-354003,4263
07-04 23:25:24.224 19563 19659 I BatteryMgr:DataCollectionService: stats => 1688505924224,-354003,4263
07-04 23:25:24.330 19563 19659 I BatteryMgr:DataCollectionService: stats => 1688505924330,-354003,4263
07-04 23:25:24.437 19563 19659 I BatteryMgr:DataCollectionService: stats => 1688505924437,-354003,4263
07-04 23:25:24.544 19563 19659 I BatteryMgr:DataCollectionService: stats => 1688505924544,-354003,4263
07-04 23:25:24.651 19563 19659 I BatteryMgr:DataCollectionService: stats => 1688505924650,-354003,4263
07-04 23:25:24.760 19563 19659 I BatteryMgr:DataCollectionService: stats => 1688505924759,-354003,4263
07-04 23:25:24.866 19563 19659 I BatteryMgr:DataCollectionService: stats => 1688505924866,-354003,4263
07-04 23:25:24.973 19563 19659 I BatteryMgr:DataCollectionService: stats => 1688505924972,-354003,4263
07-04 23:25:25.080 19563 19659 I BatteryMgr:DataCollectionService: stats => 1688505925080,-354003,4263
07-04 23:25:25.189 19563 19659 I BatteryMgr:DataCollectionService: stats => 1688505925189,-354003,4263
07-04 23:25:25.298 19563 19659 I BatteryMgr:DataCollectionService: stats => 1688505925298,-354003,4263
07-04 23:25:25.407 19563 19659 I BatteryMgr:DataCollectionService: stats => 1688505925406,-345702,4263
07-04 23:25:25.515 19563 19659 I BatteryMgr:DataCollectionService: stats => 1688505925514,-345702,4263
07-04 23:25:25.623 19563 19659 I BatteryMgr:DataCollectionService: stats => 1688505925623,-345702,4263
07-04 23:25:25.730 19563 19659 I BatteryMgr:DataCollectionService: stats => 1688505925730,-345702,4263
07-04 23:25:25.837 19563 19659 I BatteryMgr:DataCollectionService: stats => 1688505925837,-345702,4263
07-04 23:25:25.944 19563 19659 I BatteryMgr:DataCollectionService: stats => 1688505925944,-345702,4263
07-04 23:25:26.051 19563 19659 I BatteryMgr:DataCollectionService: stats => 1688505926051,-345702,4263
07-04 23:25:26.160 19563 19659 I BatteryMgr:DataCollectionService: stats => 1688505926160,-345702,4263
07-04 23:25:26.266 19563 19659 I BatteryMgr:DataCollectionService: stats => 1688505926266,-345702,4263
07-04 23:25:26.378 19563 19659 I BatteryMgr:DataCollectionService: stats => 1688505926378,-345702,4263
07-04 23:25:26.485 19563 19659 I BatteryMgr:DataCollectionService: stats => 1688505926485,-345702,4263
07-04 23:25:26.591 19563 19659 I BatteryMgr:DataCollectionService: stats => 1688505926591,-345702,4263
07-04 23:25:26.698 19563 19659 I BatteryMgr:DataCollectionService: stats => 1688505926698,-345702,4263
07-04 23:25:26.806 19563 19659 I BatteryMgr:DataCollectionService: stats => 1688505926805,-345702,4263
07-04 23:25:26.912 19563 19659 I BatteryMgr:DataCollectionService: stats => 1688505926912,-356933,4263
07-04 23:25:27.019 19563 19659 I BatteryMgr:DataCollectionService: stats => 1688505927019,-356933,4263
07-04 23:25:27.125 19563 19659 I BatteryMgr:DataCollectionService: stats => 1688505927125,-356933,4263
07-04 23:25:27.231 19563 19659 I BatteryMgr:DataCollectionService: stats => 1688505927231,-356933,4263
07-04 23:25:27.328 24715 24715 D BoundBrokerSvc: onUnbind: Intent { act=com.google.android.gms.inappreach.service.START dat=chimera-action: cmp=com.google.android.gms/.chimera.GmsApiService }
07-04 23:25:27.338 19563 19659 I BatteryMgr:DataCollectionService: stats => 1688505927337,-356933,4263
07-04 23:25:27.445 19563 19659 I BatteryMgr:DataCollectionService: stats => 1688505927445,-356933,4263
07-04 23:25:27.554 19563 19659 I BatteryMgr:DataCollectionService: stats => 1688505927554,-356933,4263
07-04 23:25:27.660 19563 19659 I BatteryMgr:DataCollectionService: stats => 1688505927660,-356933,4263
07-04 23:25:27.767 19563 19659 I BatteryMgr:DataCollectionService: stats => 1688505927767,-356933,4263
07-04 23:25:27.874 19563 19659 I BatteryMgr:DataCollectionService: stats => 1688505927873,-356933,4263
07-04 23:25:27.980 19563 19659 I BatteryMgr:DataCollectionService: stats => 1688505927980,-356933,4263
07-04 23:25:28.029  1233  1233 W /system/vendor/bin/ipacm: type=1400 audit(0.0:231379): avc: denied { write } for comm=6E65746C696E6B20736F636B6574 name="ipacm_log_file" dev="tmpfs" ino=27039 scontext=u:r:ipacm:s0 tcontext=u:object_r:ipacm_socket:s0 tclass=sock_file permissive=0
07-04 23:25:28.029  1233  1233 I chatty  : uid=1001(radio) /system/vendor/bin/ipacm identical 1 line
07-04 23:25:28.029  1233  1233 W /system/vendor/bin/ipacm: type=1400 audit(0.0:231381): avc: denied { write } for comm=6E65746C696E6B20736F636B6574 name="ipacm_log_file" dev="tmpfs" ino=27039 scontext=u:r:ipacm:s0 tcontext=u:object_r:ipacm_socket:s0 tclass=sock_file permissive=0
07-04 23:25:28.029  1233  1233 W ipacm   : type=1400 audit(0.0:231382): avc: denied { write } for name="ipacm_log_file" dev="tmpfs" ino=27039 scontext=u:r:ipacm:s0 tcontext=u:object_r:ipacm_socket:s0 tclass=sock_file permissive=0
07-04 23:25:28.029  1233  1233 W ipacm   : type=1400 audit(0.0:231383): avc: denied { write } for name="ipacm_log_file" dev="tmpfs" ino=27039 scontext=u:r:ipacm:s0 tcontext=u:object_r:ipacm_socket:s0 tclass=sock_file permissive=0
07-04 23:25:28.087 19563 19659 I BatteryMgr:DataCollectionService: stats => 1688505928087,-356933,4263
07-04 23:25:28.194 19563 19659 I BatteryMgr:DataCollectionService: stats => 1688505928193,-356933,4263
07-04 23:25:28.300 19563 19659 I BatteryMgr:DataCollectionService: stats => 1688505928300,-356933,4263
07-04 23:25:28.407 19563 19659 I BatteryMgr:DataCollectionService: stats => 1688505928407,-387206,4263
07-04 23:25:28.514 19563 19659 I BatteryMgr:DataCollectionService: stats => 1688505928514,-387206,4263
07-04 23:25:28.620 19563 19659 I BatteryMgr:DataCollectionService: stats => 1688505928620,-387206,4263
07-04 23:25:28.726 19563 19659 I BatteryMgr:DataCollectionService: stats => 1688505928726,-387206,4263
07-04 23:25:28.833 19563 19659 I BatteryMgr:DataCollectionService: stats => 1688505928833,-387206,4263
07-04 23:25:28.940 19563 19659 I BatteryMgr:DataCollectionService: stats => 1688505928940,-387206,4263
07-04 23:25:29.047 19563 19659 I BatteryMgr:DataCollectionService: stats => 1688505929047,-387206,4263
07-04 23:25:29.155 19563 19659 I BatteryMgr:DataCollectionService: stats => 1688505929155,-387206,4263
07-04 23:25:29.262 19563 19659 I BatteryMgr:DataCollectionService: stats => 1688505929262,-387206,4263
07-04 23:25:29.369 19563 19659 I BatteryMgr:DataCollectionService: stats => 1688505929369,-387206,4263
07-04 23:25:29.477 19563 19659 I BatteryMgr:DataCollectionService: stats => 1688505929476,-387206,4263
07-04 23:25:29.583 19563 19659 I BatteryMgr:DataCollectionService: stats => 1688505929583,-387206,4263
07-04 23:25:29.690 19563 19659 I BatteryMgr:DataCollectionService: stats => 1688505929690,-387206,4263
07-04 23:25:29.798 19563 19659 I BatteryMgr:DataCollectionService: stats => 1688505929798,-387206,4263
07-04 23:25:29.905 19563 19659 I BatteryMgr:DataCollectionService: stats => 1688505929905,-350097,4263
07-04 23:25:30.012 19563 19659 I BatteryMgr:DataCollectionService: stats => 1688505930011,-350097,4263
07-04 23:25:30.120 19563 19659 I BatteryMgr:DataCollectionService: stats => 1688505930120,-350097,4263
07-04 23:25:30.228 19563 19659 I BatteryMgr:DataCollectionService: stats => 1688505930228,-350097,4263
07-04 23:25:30.334 19563 19659 I BatteryMgr:DataCollectionService: stats => 1688505930334,-350097,4263
07-04 23:25:30.440 19563 19659 I BatteryMgr:DataCollectionService: stats => 1688505930440,-350097,4263
07-04 23:25:30.547 19563 19659 I BatteryMgr:DataCollectionService: stats => 1688505930547,-350097,4263
07-04 23:25:30.654 19563 19659 I BatteryMgr:DataCollectionService: stats => 1688505930653,-350097,4263
07-04 23:25:30.760 19563 19659 I BatteryMgr:DataCollectionService: stats => 1688505930760,-350097,4263
07-04 23:25:30.866 19563 19659 I BatteryMgr:DataCollectionService: stats => 1688505930866,-350097,4263
07-04 23:25:30.973 19563 19659 I BatteryMgr:DataCollectionService: stats => 1688505930972,-350097,4263
07-04 23:25:31.080 19563 19659 I BatteryMgr:DataCollectionService: stats => 1688505931079,-350097,4263
07-04 23:25:31.187 19563 19659 I BatteryMgr:DataCollectionService: stats => 1688505931187,-350097,4263
07-04 23:25:31.293 19563 19659 I BatteryMgr:DataCollectionService: stats => 1688505931293,-348144,4263
07-04 23:25:31.404 19563 19659 I BatteryMgr:DataCollectionService: stats => 1688505931404,-348144,4263
07-04 23:25:31.510 19563 19659 I BatteryMgr:DataCollectionService: stats => 1688505931510,-348144,4263
07-04 23:25:31.616 19563 19659 I BatteryMgr:DataCollectionService: stats => 1688505931616,-348144,4263
07-04 23:25:31.722 19563 19659 I BatteryMgr:DataCollectionService: stats => 1688505931722,-348144,4263
07-04 23:25:31.828 19563 19659 I BatteryMgr:DataCollectionService: stats => 1688505931828,-348144,4263
07-04 23:25:31.935 19563 19659 I BatteryMgr:DataCollectionService: stats => 1688505931934,-348144,4263
07-04 23:25:32.041 19563 19659 I BatteryMgr:DataCollectionService: stats => 1688505932041,-348144,4263
07-04 23:25:32.148 19563 19659 I BatteryMgr:DataCollectionService: stats => 1688505932148,-348144,4263
07-04 23:25:32.256 19563 19659 I BatteryMgr:DataCollectionService: stats => 1688505932256,-348144,4263
07-04 23:25:32.362 19563 19659 I BatteryMgr:DataCollectionService: stats => 1688505932362,-348144,4263
07-04 23:25:32.468 19563 19659 I BatteryMgr:DataCollectionService: stats => 1688505932468,-348144,4263
07-04 23:25:32.575 19563 19659 I BatteryMgr:DataCollectionService: stats => 1688505932575,-348144,4263
07-04 23:25:32.683 19563 19659 I BatteryMgr:DataCollectionService: stats => 1688505932683,-348144,4263
07-04 23:25:32.790 19563 19659 I BatteryMgr:DataCollectionService: stats => 1688505932789,-459960,4263
07-04 23:25:32.897 19563 19659 I BatteryMgr:DataCollectionService: stats => 1688505932896,-459960,4263
07-04 23:25:33.003 19563 19659 I BatteryMgr:DataCollectionService: stats => 1688505933003,-459960,4263
07-04 23:25:33.110 19563 19659 I BatteryMgr:DataCollectionService: stats => 1688505933109,-459960,4263
07-04 23:25:33.217 19563 19659 I BatteryMgr:DataCollectionService: stats => 1688505933217,-459960,4263
07-04 23:25:33.229  1233  1233 W /system/vendor/bin/ipacm: type=1400 audit(0.0:231414): avc: denied { write } for comm=6E65746C696E6B20736F636B6574 name="ipacm_log_file" dev="tmpfs" ino=27039 scontext=u:r:ipacm:s0 tcontext=u:object_r:ipacm_socket:s0 tclass=sock_file permissive=0
07-04 23:25:33.229  1233  1233 I chatty  : uid=1001(radio) /system/vendor/bin/ipacm identical 1 line
07-04 23:25:33.229  1233  1233 W /system/vendor/bin/ipacm: type=1400 audit(0.0:231416): avc: denied { write } for comm=6E65746C696E6B20736F636B6574 name="ipacm_log_file" dev="tmpfs" ino=27039 scontext=u:r:ipacm:s0 tcontext=u:object_r:ipacm_socket:s0 tclass=sock_file permissive=0
07-04 23:25:33.229  1233  1233 W ipacm   : type=1400 audit(0.0:231417): avc: denied { write } for name="ipacm_log_file" dev="tmpfs" ino=27039 scontext=u:r:ipacm:s0 tcontext=u:object_r:ipacm_socket:s0 tclass=sock_file permissive=0
07-04 23:25:33.229  1233  1233 W ipacm   : type=1400 audit(0.0:231418): avc: denied { write } for name="ipacm_log_file" dev="tmpfs" ino=27039 scontext=u:r:ipacm:s0 tcontext=u:object_r:ipacm_socket:s0 tclass=sock_file permissive=0
07-04 23:25:33.323 19563 19659 I BatteryMgr:DataCollectionService: stats => 1688505933323,-459960,4263
07-04 23:25:33.430 19563 19659 I BatteryMgr:DataCollectionService: stats => 1688505933429,-459960,4263
07-04 23:25:33.538 19563 19659 I BatteryMgr:DataCollectionService: stats => 1688505933538,-459960,4263
07-04 23:25:33.645 19563 19659 I BatteryMgr:DataCollectionService: stats => 1688505933645,-459960,4263
07-04 23:25:33.754 19563 19659 I BatteryMgr:DataCollectionService: stats => 1688505933754,-459960,4263
07-04 23:25:33.860 19563 19659 I BatteryMgr:DataCollectionService: stats => 1688505933860,-459960,4263
07-04 23:25:33.968 19563 19659 I BatteryMgr:DataCollectionService: stats => 1688505933967,-459960,4263
07-04 23:25:34.074 19563 19659 I BatteryMgr:DataCollectionService: stats => 1688505934074,-459960,4263
07-04 23:25:34.180 19563 19659 I BatteryMgr:DataCollectionService: stats => 1688505934180,-459960,4263
07-04 23:25:34.288 19563 19659 I BatteryMgr:DataCollectionService: stats => 1688505934287,-415527,4263
07-04 23:25:34.394 19563 19659 I BatteryMgr:DataCollectionService: stats => 1688505934394,-415527,4263
07-04 23:25:34.500 19563 19659 I BatteryMgr:DataCollectionService: stats => 1688505934500,-415527,4263
07-04 23:25:34.607 19563 19659 I BatteryMgr:DataCollectionService: stats => 1688505934607,-415527,4263
07-04 23:25:34.713 19563 19659 I BatteryMgr:DataCollectionService: stats => 1688505934713,-415527,4263
07-04 23:25:34.819 19563 19659 I BatteryMgr:DataCollectionService: stats => 1688505934819,-415527,4263
07-04 23:25:34.926 19563 19659 I BatteryMgr:DataCollectionService: stats => 1688505934926,-415527,4263
07-04 23:25:35.032 19563 19659 I BatteryMgr:DataCollectionService: stats => 1688505935032,-415527,4263
07-04 23:25:35.139 19563 19659 I BatteryMgr:DataCollectionService: stats => 1688505935139,-415527,4263
07-04 23:25:35.247 19563 19659 I BatteryMgr:DataCollectionService: stats => 1688505935246,-415527,4263
07-04 23:25:35.353 19563 19659 I BatteryMgr:DataCollectionService: stats => 1688505935352,-415527,4263
07-04 23:25:35.459 19563 19659 I BatteryMgr:DataCollectionService: stats => 1688505935459,-415527,4263
07-04 23:25:35.566 19563 19659 I BatteryMgr:DataCollectionService: stats => 1688505935566,-415527,4263
07-04 23:25:35.672 19563 19659 I BatteryMgr:DataCollectionService: stats => 1688505935672,-415527,4263
07-04 23:25:35.779 19563 19659 I BatteryMgr:DataCollectionService: stats => 1688505935779,-459472,4263
07-04 23:25:35.888 19563 19659 I BatteryMgr:DataCollectionService: stats => 1688505935888,-459472,4263
07-04 23:25:35.995 19563 19659 I BatteryMgr:DataCollectionService: stats => 1688505935995,-459472,4263
07-04 23:25:36.101 19563 19659 I BatteryMgr:DataCollectionService: stats => 1688505936101,-459472,4263
07-04 23:25:36.208 19563 19659 I BatteryMgr:DataCollectionService: stats => 1688505936208,-459472,4263
07-04 23:25:36.315 19563 19659 I BatteryMgr:DataCollectionService: stats => 1688505936314,-459472,4263
07-04 23:25:36.421 19563 19659 I BatteryMgr:DataCollectionService: stats => 1688505936421,-459472,4263
07-04 23:25:36.528 19563 19659 I BatteryMgr:DataCollectionService: stats => 1688505936527,-459472,4263
07-04 23:25:36.637 19563 19659 I BatteryMgr:DataCollectionService: stats => 1688505936637,-459472,4263
07-04 23:25:36.744 19563 19659 I BatteryMgr:DataCollectionService: stats => 1688505936744,-459472,4263
07-04 23:25:36.850 19563 19659 I BatteryMgr:DataCollectionService: stats => 1688505936850,-459472,4263
07-04 23:25:36.960 19563 19659 I BatteryMgr:DataCollectionService: stats => 1688505936960,-459472,4263
07-04 23:25:37.072 19563 19659 I BatteryMgr:DataCollectionService: stats => 1688505937072,-459472,4263
07-04 23:25:37.179 19563 19659 I BatteryMgr:DataCollectionService: stats => 1688505937179,-459472,4263
07-04 23:25:37.285 19563 19659 I BatteryMgr:DataCollectionService: stats => 1688505937285,-415527,4263
07-04 23:25:37.391 19563 19659 I BatteryMgr:DataCollectionService: stats => 1688505937391,-415527,4263
07-04 23:25:37.498 19563 19659 I BatteryMgr:DataCollectionService: stats => 1688505937498,-415527,4263
07-04 23:25:37.605 19563 19659 I BatteryMgr:DataCollectionService: stats => 1688505937604,-415527,4263
07-04 23:25:37.711 19563 19659 I BatteryMgr:DataCollectionService: stats => 1688505937710,-415527,4263
07-04 23:25:37.817 19563 19659 I BatteryMgr:DataCollectionService: stats => 1688505937817,-415527,4263
07-04 23:25:37.925 19563 19659 I BatteryMgr:DataCollectionService: stats => 1688505937925,-415527,4263
07-04 23:25:38.031 19563 19659 I BatteryMgr:DataCollectionService: stats => 1688505938031,-415527,4263
07-04 23:25:38.138 19563 19659 I BatteryMgr:DataCollectionService: stats => 1688505938138,-415527,4263
07-04 23:25:38.244 19563 19659 I BatteryMgr:DataCollectionService: stats => 1688505938244,-415527,4263
07-04 23:25:38.351 19563 19659 I BatteryMgr:DataCollectionService: stats => 1688505938350,-415527,4263
07-04 23:25:38.457 19563 19659 I BatteryMgr:DataCollectionService: stats => 1688505938457,-415527,4263
07-04 23:25:38.563 19563 19659 I BatteryMgr:DataCollectionService: stats => 1688505938563,-415527,4263
07-04 23:25:38.669 19563 19659 I BatteryMgr:DataCollectionService: stats => 1688505938668,-415527,4263
07-04 23:25:38.776 19563 19659 I BatteryMgr:DataCollectionService: stats => 1688505938775,-421386,4263
07-04 23:25:38.882 19563 19659 I BatteryMgr:DataCollectionService: stats => 1688505938881,-421386,4263
07-04 23:25:38.988 19563 19659 I BatteryMgr:DataCollectionService: stats => 1688505938988,-421386,4263
07-04 23:25:39.094 19563 19659 I BatteryMgr:DataCollectionService: stats => 1688505939094,-421386,4263
07-04 23:25:39.200 19563 19659 I BatteryMgr:DataCollectionService: stats => 1688505939200,-421386,4263
07-04 23:25:39.307 19563 19659 I BatteryMgr:DataCollectionService: stats => 1688505939307,-421386,4263
07-04 23:25:39.417 19563 19659 I BatteryMgr:DataCollectionService: stats => 1688505939417,-421386,4263
07-04 23:25:39.523 19563 19659 I BatteryMgr:DataCollectionService: stats => 1688505939523,-421386,4263
07-04 23:25:39.631 19563 19659 I BatteryMgr:DataCollectionService: stats => 1688505939631,-421386,4263
07-04 23:25:39.738 19563 19659 I BatteryMgr:DataCollectionService: stats => 1688505939737,-421386,4263
07-04 23:25:39.844 19563 19659 I BatteryMgr:DataCollectionService: stats => 1688505939843,-421386,4263
07-04 23:25:39.949 19563 19659 I BatteryMgr:DataCollectionService: stats => 1688505939949,-421386,4263
07-04 23:25:40.056 19563 19659 I BatteryMgr:DataCollectionService: stats => 1688505940056,-421386,4263
07-04 23:25:40.162 19563 19659 I BatteryMgr:DataCollectionService: stats => 1688505940162,-421386,4263
07-04 23:25:40.268 19563 19659 I BatteryMgr:DataCollectionService: stats => 1688505940268,-410644,4263
07-04 23:25:40.382 19563 19659 I BatteryMgr:DataCollectionService: stats => 1688505940382,-410644,4263
07-04 23:25:40.489 19563 19659 I BatteryMgr:DataCollectionService: stats => 1688505940489,-410644,4263
07-04 23:25:40.599 19563 19659 I BatteryMgr:DataCollectionService: stats => 1688505940598,-410644,4263
07-04 23:25:40.706 19563 19659 I BatteryMgr:DataCollectionService: stats => 1688505940706,-410644,4263
07-04 23:25:40.811 19563 19659 I BatteryMgr:DataCollectionService: stats => 1688505940811,-410644,4263
07-04 23:25:40.917 19563 19659 I BatteryMgr:DataCollectionService: stats => 1688505940917,-410644,4263
07-04 23:25:41.023 19563 19659 I BatteryMgr:DataCollectionService: stats => 1688505941023,-410644,4263
07-04 23:25:41.129 19563 19659 I BatteryMgr:DataCollectionService: stats => 1688505941129,-410644,4263
