07-03 12:19:54.143 18746 18845 I BatteryMgr:DataCollectionService: stats => 1688379594143,86250,4131
07-03 12:19:55.167 18746 18845 I BatteryMgr:DataCollectionService: stats => 1688379595166,105000,4131
07-03 12:19:55.794  1864  2354 D ConnectivityService: NetReassign [no changes] [c 1] [a 0] [i 3]
07-03 12:19:56.192 18746 18845 I BatteryMgr:DataCollectionService: stats => 1688379596192,119687,4131
07-03 12:19:57.213 18746 18845 I BatteryMgr:DataCollectionService: stats => 1688379597213,106250,4131
07-03 12:19:58.230 18746 18845 I BatteryMgr:DataCollectionService: stats => 1688379598230,115312,4131
07-03 12:19:58.830  1864  2354 D ConnectivityService: NetReassign [no changes] [c 0] [a 1] [i 2]
07-03 12:19:59.249 18746 18845 I BatteryMgr:DataCollectionService: stats => 1688379599249,111562,4131
07-03 12:20:00.024  3568  3933 I AiAiEcho: Predicting[7]: { Feature:1, creation:2023-07-03T09:50:10.086Z, expiry:2023-07-03T10:00:00Z, isExpired: true}, { Feature:1, creation:2023-07-03T10:00:00Z, expiry:2023-07-03T11:00:00Z, isExpired: false}, { Feature:1, creation:2023-07-03T11:00:00Z, expiry:2023-07-03T12:00:00Z, isExpired: true}, { Feature:1, creation:2023-07-03T12:00:00Z, expiry:2023-07-03T13:00:00Z, isExpired: true}, { Feature:1, creation:2023-07-03T13:00:00Z, expiry:2023-07-03T14:00:00Z, isExpired: true}, { Feature:1, creation:2023-07-03T14:00:00Z, expiry:2023-07-03T15:00:00Z, isExpired: true}, { Feature:1, creation:2023-07-03T15:00:00Z, expiry:2023-07-03T15:50:10.086Z, isExpired: true}
07-03 12:20:00.025  3568  3933 I AiAiEcho: EchoTargets: Feature:1
07-03 12:20:00.025  3568  3933 I AiAiEcho: Filtered by AiAi flag check: 
07-03 12:20:00.026  3568  3933 I AiAiEcho: Ranked targets strategy: WEIGHTED, count: 1, ranking metadata: { cardId: WEATHER-569377244, card type: 1, update time: 2023-07-03T10:00:00Z, expiration time: 2023-07-03T11:00:00Z, ranking metadata: RankingMetaData(urgency=0.862, priority=0.3, recency=1.0, rankScore=0.2586, importantTimePoints=# kwj@7bca4) }
07-03 12:20:00.029  3568  3933 I AiAiEcho: #postPredictionTargets: Sending updates to UISurface lockscreen with targets# 1 (types=[1])
07-03 12:20:00.042  2439  2439 W BcSmartspaceCard: No title view to update
07-03 12:20:00.264 18746 18845 I BatteryMgr:DataCollectionService: stats => 1688379600264,92187,4131
07-03 12:20:01.290 18746 18845 I BatteryMgr:DataCollectionService: stats => 1688379601290,86562,4131
07-03 12:20:01.862  1864  2354 D ConnectivityService: NetReassign [no changes] [c 0] [a 0] [i 3]
07-03 12:20:02.315 18746 18845 I BatteryMgr:DataCollectionService: stats => 1688379602315,66562,4131
07-03 12:20:03.332 18746 18845 I BatteryMgr:DataCollectionService: stats => 1688379603332,117187,4131
07-03 12:20:04.358 18746 18845 I BatteryMgr:DataCollectionService: stats => 1688379604357,124375,4131
07-03 12:20:04.885  1864  2354 D ConnectivityService: NetReassign [no changes] [c 1] [a 0] [i 3]
07-03 12:20:05.383 18746 18845 I BatteryMgr:DataCollectionService: stats => 1688379605383,96875,4131
07-03 12:20:06.410 18746 18845 I BatteryMgr:DataCollectionService: stats => 1688379606410,90937,4131
07-03 12:20:07.436 18746 18845 I BatteryMgr:DataCollectionService: stats => 1688379607435,100937,4131
07-03 12:20:07.755  1864  2530 W ProcessStats: Tracking association SourceState{f4a1850 system/1000 BTopFgs #71382} whose proc state 2 is better than process ProcessState{3d4ea49 com.google.android.gms.persistent/10125 pkg=com.google.android.gms} proc state 3 (3 skipped)
07-03 12:20:07.914  1864  2354 D ConnectivityService: NetReassign [no changes] [c 1] [a 0] [i 3]
07-03 12:20:08.451 18746 18845 I BatteryMgr:DataCollectionService: stats => 1688379608451,186250,4131
07-03 12:20:09.465 18746 18845 I BatteryMgr:DataCollectionService: stats => 1688379609465,181250,4131
07-03 12:20:10.475 18746 18845 I BatteryMgr:DataCollectionService: stats => 1688379610475,95625,4131
07-03 12:20:10.944  1864  2354 D ConnectivityService: NetReassign [no changes] [c 0] [a 1] [i 2]
07-03 12:20:11.496 18746 18845 I BatteryMgr:DataCollectionService: stats => 1688379611496,115937,4131
07-03 12:20:12.522 18746 18845 I BatteryMgr:DataCollectionService: stats => 1688379612522,103750,4131
07-03 12:20:13.545 18746 18845 I BatteryMgr:DataCollectionService: stats => 1688379613545,140000,4131
07-03 12:20:13.963  1864  2354 D ConnectivityService: NetReassign [no changes] [c 0] [a 1] [i 2]
07-03 12:20:14.553 18746 18845 I BatteryMgr:DataCollectionService: stats => 1688379614553,67500,4131
07-03 12:20:15.567 18746 18845 I BatteryMgr:DataCollectionService: stats => 1688379615566,100312,4131
07-03 12:20:16.585 18746 18845 I BatteryMgr:DataCollectionService: stats => 1688379616584,117500,4131
07-03 12:20:16.990  1864  2354 D ConnectivityService: NetReassign [no changes] [c 0] [a 0] [i 3]
07-03 12:20:17.597 18746 18845 I BatteryMgr:DataCollectionService: stats => 1688379617597,131250,4131
07-03 12:20:18.616 18746 18845 I BatteryMgr:DataCollectionService: stats => 1688379618616,97812,4131
07-03 12:20:19.630 18746 18845 I BatteryMgr:DataCollectionService: stats => 1688379619630,185937,4131
07-03 12:20:20.033  1864  2354 D ConnectivityService: NetReassign [no changes] [c 0] [a 1] [i 3]
07-03 12:20:20.641 18746 18845 I BatteryMgr:DataCollectionService: stats => 1688379620640,101250,4131
07-03 12:20:21.665 18746 18845 I BatteryMgr:DataCollectionService: stats => 1688379621665,118437,4131
07-03 12:20:22.686 18746 18845 I BatteryMgr:DataCollectionService: stats => 1688379622686,103125,4131
07-03 12:20:23.054  1864  2354 D ConnectivityService: NetReassign [no changes] [c 1] [a 0] [i 3]
07-03 12:20:23.711 18746 18845 I BatteryMgr:DataCollectionService: stats => 1688379623711,105625,4131
07-03 12:20:24.738 18746 18845 I BatteryMgr:DataCollectionService: stats => 1688379624737,85937,4131
07-03 12:20:25.762 18746 18845 I BatteryMgr:DataCollectionService: stats => 1688379625762,169375,4131
07-03 12:20:26.090  1864  2354 D ConnectivityService: NetReassign [no changes] [c 1] [a 0] [i 3]
07-03 12:20:26.781 18746 18845 I BatteryMgr:DataCollectionService: stats => 1688379626781,168750,4131
07-03 12:20:27.803 18746 18845 I BatteryMgr:DataCollectionService: stats => 1688379627803,110000,4131
07-03 12:20:28.829 18746 18845 I BatteryMgr:DataCollectionService: stats => 1688379628829,222500,4131
07-03 12:20:29.142  1864  2354 D ConnectivityService: NetReassign [no changes] [c 0] [a 1] [i 3]
07-03 12:20:29.244  1864  1881 I system_server: Background young concurrent copying GC freed 1065555(29MB) AllocSpace objects, 79(2252KB) LOS objects, 37% free, 53MB/85MB, paused 205us,195us total 100.358ms
07-03 12:20:29.274  1864  1883 W System  : A resource failed to call release. 
07-03 12:20:29.275  1864  1883 W System  : A resource failed to call release. 
07-03 12:20:29.277  1864  1883 W System  : A resource failed to call close. 
07-03 12:20:29.277  1864  1883 W System  : A resource failed to call release. 
07-03 12:20:29.278  1864  1883 W System  : A resource failed to call release. 
07-03 12:20:29.843 18746 18845 I BatteryMgr:DataCollectionService: stats => 1688379629843,167187,4131
07-03 12:20:30.856 18746 18845 I BatteryMgr:DataCollectionService: stats => 1688379630856,179375,4131
07-03 12:20:31.166 18881 18881 D ProcessState: Binder ioctl to enable oneway spam detection failed: Invalid argument
07-03 12:20:31.173  1864  5060 I ActivityManager: Killing 15581:com.google.process.gapps/u0a125 (adj 999): empty for 1821s
07-03 12:20:31.174  2439 18884 W RingtonePlayer: STOP command without a player
07-03 12:20:31.175  1864  5060 W ProcessStats: Tracking association SourceState{f4a1850 system/1000 BTopFgs #71383} whose proc state 2 is better than process ProcessState{3d4ea49 com.google.android.gms.persistent/10125 pkg=com.google.android.gms} proc state 3 (2 skipped)
07-03 12:20:31.184  2439  2485 D PeopleSpaceWidgetMgr: Sbn doesn't contain valid PeopleTileKey: null/0/com.example.batterymanager_utility
07-03 12:20:31.200  1232  1232 I Zygote  : Process 15581 exited due to signal 9 (Killed)
07-03 12:20:31.200  2439  2439 V ShadeControllerImpl: NotificationShadeWindow: com.android.systemui.statusbar.phone.NotificationShadeWindowView{5f88382 I.E...... ......ID 0,0-1080,2160} canPanelBeCollapsed(): false
07-03 12:20:31.204  1864  2013 I libprocessgroup: Successfully killed process cgroup uid 10125 pid 15581 in 29ms
07-03 12:20:31.260 18887 18887 D ProcessState: Binder ioctl to enable oneway spam detection failed: Invalid argument
07-03 12:20:31.516 18898 18898 D ProcessState: Binder ioctl to enable oneway spam detection failed: Invalid argument
07-03 12:20:31.521  1864  2530 I ActivityManager: Force stopping e.www.httpsrequesttest appid=10293 user=0: from pid 18898
07-03 12:20:31.522  1864  2530 I ActivityManager: Killing 18796:e.www.httpsrequesttest/u0a293 (adj 0): stop e.www.httpsrequesttest due to from pid 18898
07-03 12:20:31.523  1864  2530 W ActivityTaskManager: Force removing ActivityRecord{33656d2 u0 e.www.httpsrequesttest/.MainActivity t270 f}}: app died, no saved state
07-03 12:20:31.527  1864  2530 W InputManager-JNI: Input channel object '111a632 e.www.httpsrequesttest/e.www.httpsrequesttest.MainActivity (client)' was disposed without first being removed with the input manager!
07-03 12:20:31.538  1864  2530 D CompatibilityChangeReporter: Compat change id reported: 181136395; UID 10232; state: DISABLED
07-03 12:20:31.538  1864  2530 D CompatibilityChangeReporter: Compat change id reported: 174042936; UID 10232; state: DISABLED
07-03 12:20:31.540  1864  2530 W ActivityTaskManager: Can't find TaskDisplayArea to determine support for multi window. Task id=270 attached=false
07-03 12:20:31.540  1864  2530 W ActivityTaskManager: Can't find TaskDisplayArea to determine support for multi window. Task id=270 attached=false
07-03 12:20:31.552  1864  5066 V ActivityManager: Got obituary of 18796:e.www.httpsrequesttest
07-03 12:20:31.553  1232  1232 I Zygote  : Process 18796 exited due to signal 9 (Killed)
07-03 12:20:31.555  2626  2626 E PhoneInterfaceManager: [PhoneIntfMgr] getCarrierPackageNamesForIntentAndPhone: No UICC
07-03 12:20:31.555  1864  1993 W ActivityManager: setHasOverlayUi called on unknown pid: 18796
07-03 12:20:31.555  2626  2626 D CarrierSvcBindHelper: No carrier app for: 0
07-03 12:20:31.559  3648  3648 D RegisteredNfcFServicesCache: Service unchanged, not updating
07-03 12:20:31.565 10467 10467 I EuiccGoogle: [2] EuiccServiceImpl.onCreate: onCreate Single-SIM mode: simCardState is 1
07-03 12:20:31.567   738   738 E BpTransactionCompletedListener: Failed to transact (-32)
07-03 12:20:31.569 10467 18904 I EuiccGoogle: [201] EuiccServiceImpl.onGetEuiccProfileInfoList: onGetEuiccProfileInfoList: slotId = -1
07-03 12:20:31.571 10467 18904 W EuiccGoogle: [201] EuiccServiceImpl.onGetEuiccProfileInfoList: slotId=-1. No eUICC is active. Return null.
07-03 12:20:31.588 18746 18763 I OpenGLRenderer: Davey! duration=65405ms; Flags=1, FrameTimelineVsyncId=1684606, IntendedVsync=73517051715572, Vsync=73517085048904, InputEventId=0, HandleInputStart=73517088090901, AnimationStart=73517088095640, PerformTraversalsStart=73517088298349, DrawStart=73517205154194, FrameDeadline=73517085048904, FrameInterval=73517088064599, FrameStartTime=16666666, SyncQueued=73517209782423, SyncStart=73517209868621, IssueDrawCommandsStart=73517210304194, SwapBuffers=73517215452736, FrameCompleted=73582456889704, DequeueBufferDuration=14687, QueueBufferDuration=563802, GpuCompleted=73582456889704, SwapBuffersCompleted=73517216507997, DisplayPresentTime=0, 
07-03 12:20:31.591  2549  2889 W OpenGLRenderer: Surface doesn't have any previously queued frames, nothing to readback from
07-03 12:20:31.593  1864  2013 I libprocessgroup: Successfully killed process cgroup uid 10293 pid 18796 in 70ms
07-03 12:20:31.594  2549  2549 I WallpaperService: engine resumed
07-03 12:20:31.595  2549  2889 W OpenGLRenderer: Surface doesn't have any previously queued frames, nothing to readback from
07-03 12:20:31.607  4337  4337 I GoogleInputMethodService: GoogleInputMethodService.onFinishInput():3306 
07-03 12:20:31.608  4337  4337 I GoogleInputMethodService: GoogleInputMethodService.updateDeviceLockedStatus():2127 repeatCheckTimes = 0, locked = false
07-03 12:20:31.608  4337  4337 I GoogleInputMethodService: GoogleInputMethodService.onStartInput():1909 onStartInput(EditorInfo{inputType=0x0(NULL) imeOptions=0x0 privateImeOptions=null actionName=UNSPECIFIED actionLabel=null actionId=0 initialSelStart=-1 initialSelEnd=-1 initialCapsMode=0x0 hintText=null label=null packageName=com.example.batterymanager_utility fieldId=-1 fieldName=null extras=null hintLocales=[]}, false)
07-03 12:20:31.608  4337  4337 I GoogleInputMethodService: GoogleInputMethodService.shouldHideHeaderOnInitialState():1990 ShouldHideHeaderOnInitialState = false
07-03 12:20:31.609  4337  4337 I GoogleInputMethodService: GoogleInputMethodService.updateDeviceLockedStatus():2127 repeatCheckTimes = 1, locked = false
07-03 12:20:32.156  1864  2354 D ConnectivityService: NetReassign [no changes] [c 0] [a 1] [i 1]
07-03 12:20:32.193  2549  2549 I WallpaperService: engine paused
07-03 12:20:34.909 18912 18912 D ProcessState: Binder ioctl to enable oneway spam detection failed: Invalid argument
07-03 12:20:34.914  1864  4065 I ActivityManager: Force stopping com.example.batterymanager_utility appid=10232 user=0: from pid 18912
07-03 12:20:34.915  1864  4065 I ActivityManager: Killing 18746:com.example.batterymanager_utility/u0a232 (adj 0): stop com.example.batterymanager_utility due to from pid 18912
07-03 12:20:34.917  1864  4065 W ActivityTaskManager: Force removing ActivityRecord{1afbba u0 com.example.batterymanager_utility/.MainActivity t269 f}}: app died, no saved state
07-03 12:20:34.922  1864  4065 W InputManager-JNI: Input channel object '637d2e6 com.example.batterymanager_utility/com.example.batterymanager_utility.MainActivity (client)' was disposed without first being removed with the input manager!
07-03 12:20:34.937  1864  4065 W ActivityTaskManager: Can't find TaskDisplayArea to determine support for multi window. Task id=269 attached=false
07-03 12:20:34.937  1864  4065 W ActivityTaskManager: Can't find TaskDisplayArea to determine support for multi window. Task id=269 attached=false
07-03 12:20:34.946  1232  1232 I Zygote  : Process 18746 exited due to signal 9 (Killed)
07-03 12:20:34.947  2626  2626 E PhoneInterfaceManager: [PhoneIntfMgr] getCarrierPackageNamesForIntentAndPhone: No UICC
07-03 12:20:34.947  2626  2626 D CarrierSvcBindHelper: No carrier app for: 0
07-03 12:20:34.950  1864  5067 V ActivityManager: Got obituary of 18746:com.example.batterymanager_utility
07-03 12:20:34.950  1864  1993 W ActivityManager: setHasOverlayUi called on unknown pid: 18746
07-03 12:20:34.956  3648  3648 D RegisteredNfcFServicesCache: Service unchanged, not updating
07-03 12:20:34.960  1864  2013 I libprocessgroup: Successfully killed process cgroup uid 10232 pid 18746 in 42ms
07-03 12:20:34.962  3568  3933 I AiAiEcho: Predicting[7]: { Feature:1, creation:2023-07-03T09:50:10.086Z, expiry:2023-07-03T10:00:00Z, isExpired: true}, { Feature:1, creation:2023-07-03T10:00:00Z, expiry:2023-07-03T11:00:00Z, isExpired: false}, { Feature:1, creation:2023-07-03T11:00:00Z, expiry:2023-07-03T12:00:00Z, isExpired: true}, { Feature:1, creation:2023-07-03T12:00:00Z, expiry:2023-07-03T13:00:00Z, isExpired: true}, { Feature:1, creation:2023-07-03T13:00:00Z, expiry:2023-07-03T14:00:00Z, isExpired: true}, { Feature:1, creation:2023-07-03T14:00:00Z, expiry:2023-07-03T15:00:00Z, isExpired: true}, { Feature:1, creation:2023-07-03T15:00:00Z, expiry:2023-07-03T15:50:10.086Z, isExpired: true}
07-03 12:20:34.962  2549  2889 W OpenGLRenderer: Surface doesn't have any previously queued frames, nothing to readback from
07-03 12:20:34.963  3568  3933 I AiAiEcho: EchoTargets: Feature:1
07-03 12:20:34.963  3568  3933 I AiAiEcho: Filtered by AiAi flag check: 
07-03 12:20:34.963  3568  3933 I AiAiEcho: Ranked targets strategy: WEIGHTED, count: 1, ranking metadata: { cardId: WEATHER-569377244, card type: 1, update time: 2023-07-03T10:00:00Z, expiration time: 2023-07-03T11:00:00Z, ranking metadata: RankingMetaData(urgency=0.849, priority=0.3, recency=1.0, rankScore=0.2547, importantTimePoints=# kwj@7bca4) }
07-03 12:20:34.964   738   738 E BpTransactionCompletedListener: Failed to transact (-32)
07-03 12:20:34.968  2549  2549 I WallpaperService: engine resumed
07-03 12:20:34.969  2549  2889 W OpenGLRenderer: Surface doesn't have any previously queued frames, nothing to readback from
07-03 12:20:34.974  6363  6363 I A       : onStart
07-03 12:20:34.976  3568  3933 I AiAiEcho: #postPredictionTargets: Sending updates to UISurface home with targets# 1 (types=[1])
07-03 12:20:34.978  2792  2792 W BcSmartspaceCard: No title view to update
07-03 12:20:34.982  6363  6363 I A       : onResume
07-03 12:20:34.984  6363  6931 I OpenGLRenderer: Davey! duration=407008ms; Flags=1, FrameTimelineVsyncId=1662747, IntendedVsync=73178837621005, Vsync=73178837621005, InputEventId=0, HandleInputStart=73178840804132, AnimationStart=73178840805903, PerformTraversalsStart=73178840806736, DrawStart=73178857606946, FrameDeadline=73178870954337, FrameInterval=73178840682726, FrameStartTime=16666666, SyncQueued=73178860874082, SyncStart=73178861430176, IssueDrawCommandsStart=73178861968926, SwapBuffers=73178863306061, FrameCompleted=73585846188167, DequeueBufferDuration=16198, QueueBufferDuration=845625, GpuCompleted=73585846188167, SwapBuffersCompleted=73178864932676, DisplayPresentTime=-4611685926296460941, 
07-03 12:20:34.986  4337  4337 I GoogleInputMethodService: GoogleInputMethodService.onFinishInput():3306 
07-03 12:20:34.987 31564 31564 I GsaVoiceInteractionSrv: Handling ACTION_START_HOTWORD
07-03 12:20:34.987  4337  4337 I GoogleInputMethodService: GoogleInputMethodService.updateDeviceLockedStatus():2127 repeatCheckTimes = 0, locked = false
07-03 12:20:34.987  4337  4337 I GoogleInputMethodService: GoogleInputMethodService.onStartInput():1909 onStartInput(EditorInfo{inputType=0x0(NULL) imeOptions=0x0 privateImeOptions=null actionName=UNSPECIFIED actionLabel=null actionId=0 initialSelStart=-1 initialSelEnd=-1 initialCapsMode=0x0 hintText=null label=null packageName=com.google.android.apps.nexuslauncher fieldId=-1 fieldName=null extras=null hintLocales=[]}, false)
07-03 12:20:34.987  4337  4337 I GoogleInputMethodService: GoogleInputMethodService.shouldHideHeaderOnInitialState():1990 ShouldHideHeaderOnInitialState = false
07-03 12:20:34.988  4337  4337 I GoogleInputMethodService: GoogleInputMethodService.updateDeviceLockedStatus():2127 repeatCheckTimes = 1, locked = false
07-03 12:20:34.988 31564 31595 I GsaVoiceInteractionSrv: (REDACTED) disregardHotwordSetting: %b
07-03 12:20:34.988 31564 31595 I GsaVoiceInteractionSrv: Cannot start hotword, hotword has been explicitly disabled.
07-03 12:20:34.989 30108 30108 D BoundBrokerSvc: onBind: Intent { act=com.google.android.gms.inappreach.service.START dat=chimera-action: cmp=com.google.android.gms/.chimera.GmsApiService }
07-03 12:20:34.989 30108 30108 D BoundBrokerSvc: Loading bound service for intent: Intent { act=com.google.android.gms.inappreach.service.START dat=chimera-action: cmp=com.google.android.gms/.chimera.GmsApiService }
07-03 12:20:35.166  1864  2354 D ConnectivityService: NetReassign [no changes] [c 0] [a 0] [i 2]
07-03 12:20:38.194  1864  2354 D ConnectivityService: NetReassign [no changes] [c 1] [a 0] [i 3]
07-03 12:20:40.317  3713  5047 W MediaProvider: isAppCloneUserPair failed. Users: 0 and 0
07-03 12:20:40.317  3713  5047 W MediaProvider: isAppCloneUserPair for user 0: false
