07-05 23:16:58.764 13069 13069 I InputMethodManager: startInputInner - mService.startInputOrWindowGainedFocus
07-05 23:16:58.765  3963  4595 D InputMethodManagerService: startInputOrWindowGainedFocus : windowGainedFocus 
07-05 23:16:58.765  3963  4595 D InputMethodManagerService: windowGainedFocus: destinationUserId (getCallingUid) = 0
07-05 23:16:58.765  3963  4595 D InputMethodManagerService: windowGainedFocus: currentUserId=0
07-05 23:16:58.765  3963  4595 D InputMethodManagerService: windowGainedFocus: mCurrentFocusedUserId=0
07-05 23:16:58.765  3963  4595 D InputMethodManagerService: windowGainedFocus : lock - currentUserId = 0 destinationUserId = 0
07-05 23:16:58.765  3963  4595 D InputMethodManagerService: windowGainedFocus : mCurrentFocusedUserId - 0 and mSecureKeypadEnabled - false, userSwitched - false
07-05 23:16:58.765  3963  4595 V InputMethodManagerService: windowGainedFocus : reason=WINDOW_FOCUS_GAIN client=android.os.BinderProxy@c026108 inputContext=null missingMethods= attribute=android.view.inputmethod.EditorInfo@2ecb92d nm = com.example.batterymanager_utility controlFlags=#105 softInputMode=#120 windowFlags=#81810100
07-05 23:16:58.765  3963  4595 V InputMethodManagerService: hideCurrentInputLocked : shouldHideSoftInput is false
07-05 23:16:58.766  3963  4595 W InputMethodManagerService: Got RemoteException sending setActive(false) notification to pid 13112 uid 10164
07-05 23:16:58.766  3963  4595 D InputMethodManagerService: isImeSwitcherDisabledPackage : false
07-05 23:16:58.767  3963  4595 D InputMethodManagerService: setCurrentInputInfo - inputContext : null eidtorInfo : android.view.inputmethod.EditorInfo@2ecb92d missingMethods : 0
07-05 23:16:58.768  4340  4340 I InputMethodWrapper:  call dispatchStartInputWithToken
07-05 23:16:58.768  4340  4340 I InputMethodService: dispatchStartInputWithToken
07-05 23:16:58.769  4340  4340 I SKBD    : SamsungKeypad [IMI] onStartInput - caller pid : 13069, caller uid : 10168
07-05 23:16:58.769  4340  4340 D InputEventReceiver: channel 'ClientState{f3f2c03 uid 10164 pid 13112} (client)' ~ Disposing input event receiver.
07-05 23:16:58.769  3963  3987 W ActivityManager: setHasOverlayUi called on unknown pid: 13112
07-05 23:16:58.769  4340  4340 D InputEventReceiver: channel 'ClientState{f3f2c03 uid 10164 pid 13112} (client)' ~NativeInputEventReceiver.
07-05 23:16:58.786  3963  8897 V WindowManager: finishDrawingLocked: mDrawState=COMMIT_DRAW_PENDING Window{644b2c6 u0 com.example.batterymanager_utility/com.example.batterymanager_utility.MainActivity} in Surface(name=com.example.batterymanager_utility/com.example.batterymanager_utility.MainActivity)
07-05 23:16:58.800  4352  4367 D SystemServicesProxy: updateOverviewLastStackActiveTimeAsync: newTime=1688591216865
07-05 23:16:58.801  3963  4370 D SecContentProvider: query(), uri = 17 selection = isSettingsChangesAllowed
07-05 23:16:58.801  3447  3447 I SurfaceFlinger: id=85 createSurf (720x1280),-1 flag=20004, com.example.batterymanager_utility/com.example.batterymanager_utility.MainActivity_dim#0
07-05 23:16:58.801  3963  4370 D SecContentProvider: called from android.uid.systemui:10009
07-05 23:16:58.802  4352  4556 D SystemServicesProxy: updateOverviewLastStackActiveTimeAsync: done.
07-05 23:16:58.806  3963  4595 D PackageManager: getComponentMetadataForIconTray : e.www.baseline.MainActivity does not exist in mServices
07-05 23:16:58.806  3963  4595 D PackageManager: getComponentMetadataForIconTray : e.www.baseline.MainActivity does not exist in mProviders
07-05 23:16:58.806  3963  4595 D PackageManager: getComponentMetadataForIconTray : e.www.baseline.MainActivity does not exist in mReceivers
07-05 23:16:58.807  4352  4367 D ApplicationPackageManager: updateItemMetaDataForFixedIconScale: package: e.www.baseline
07-05 23:16:58.807  3963  4595 D PackageManager: getSelectedMetaData : packageName(e.www.baseline) or Metadata strings {[Ljava.lang.String;@6f9844f}
07-05 23:16:58.807  4352  4367 I ApplicationPackageManager: return adaptive icon for e.www.baseline
07-05 23:16:58.820  3447  3447 I SurfaceFlinger: Display 0 HWC layers:
07-05 23:16:58.820  3447  3447 I SurfaceFlinger:     type    |    handle    | flag |  format   |   source crop (l,t,r,b)    |         frame       | name 
07-05 23:16:58.820  3447  3447 I SurfaceFlinger: ------------+--------------+------+-----------+----------------------------+---------------------+------
07-05 23:16:58.820  3447  3447 I SurfaceFlinger:      Client |              | 0000 |  Unknown  |  -0.2   -0.2   -0.8   -0.8 |    0    0  720 1280 | animation background stackId=1#0
07-05 23:16:58.820  3447  3447 I SurfaceFlinger:      Client | 0x72ec5b3280 | 0002 | RGBA_8888 |   0.0    0.0   31.0 1280.0 |  689    0  720 1280 | com.example.batterymanager_utility/c[...]atterymanager_utility.MainActivity#0
07-05 23:16:58.820  3447  3447 I SurfaceFlinger:      Device | 0x72ea04ab40 | 0000 | RGBA_8888 |   0.0    0.0  720.0   42.0 |    0    0  720   42 | StatusBar#0
07-05 23:16:58.820  3447  3447 I SurfaceFlinger: 
07-05 23:16:58.836  3447  3447 I SurfaceFlinger: Display 0 HWC layers:
07-05 23:16:58.836  3447  3447 I SurfaceFlinger:     type    |    handle    | flag |  format   |   source crop (l,t,r,b)    |         frame       | name 
07-05 23:16:58.836  3447  3447 I SurfaceFlinger: ------------+--------------+------+-----------+----------------------------+---------------------+------
07-05 23:16:58.836  3447  3447 I SurfaceFlinger:      Client |              | 0000 |  Unknown  |   0.0    0.0   -1.0   -1.0 |    0    0  720 1280 | com.example.batterymanager_utility/c[...]rymanager_utility.MainActivity_dim#0
07-05 23:16:58.836  3447  3447 I SurfaceFlinger:      Client |              | 0000 |  Unknown  |  -0.2   -0.2   -0.8   -0.8 |    0    0  720 1280 | animation background stackId=1#0
07-05 23:16:58.836  3447  3447 I SurfaceFlinger:      Client | 0x72ec5b3280 | 0002 | RGBA_8888 |   0.0    0.0   67.0 1280.0 |  653    0  720 1280 | com.example.batterymanager_utility/c[...]atterymanager_utility.MainActivity#0
07-05 23:16:58.836  3447  3447 I SurfaceFlinger:      Device | 0x72ea04ab40 | 0000 | RGBA_8888 |   0.0    0.0  720.0   42.0 |    0    0  720   42 | StatusBar#0
07-05 23:16:58.836  3447  3447 I SurfaceFlinger: 
07-05 23:16:58.864  3963  4089 D MdnieScenarioControlService:  packageName : com.example.batterymanager_utility    className : com.example.batterymanager_utility.MainActivity
07-05 23:16:58.864  3963  4089 V MdnieScenarioControlService: setUIMode from UI function(3)
07-05 23:16:59.129  3435  3435 I android.hardware.wifi@1.0-service: getLinkLayerStats
07-05 23:16:59.186  3447  3447 I SurfaceFlinger: Display 0 HWC layers:
07-05 23:16:59.186  3447  3447 I SurfaceFlinger:     type    |    handle    | flag |  format   |   source crop (l,t,r,b)    |         frame       | name 
07-05 23:16:59.186  3447  3447 I SurfaceFlinger: ------------+--------------+------+-----------+----------------------------+---------------------+------
07-05 23:16:59.186  3447  3447 I SurfaceFlinger:      Device | 0x72ec5b3280 | 0002 | RGBA_8888 |   0.0    0.0  720.0 1280.0 |    0    0  720 1280 | com.example.batterymanager_utility/c[...]atterymanager_utility.MainActivity#0
07-05 23:16:59.186  3447  3447 I SurfaceFlinger:      Device | 0x72ea04ab40 | 0000 | RGBA_8888 |   0.0    0.0  720.0   42.0 |    0    0  720   42 | StatusBar#0
07-05 23:16:59.186  3447  3447 I SurfaceFlinger: 
07-05 23:16:59.200  3963  4030 I WindowManager: Destroying surface Surface(name=com.example.batterymanager_utility/com.example.batterymanager_utility.MainActivity_dim) called by com.android.server.wm.WindowStateAnimator.destroyTransitionDimSurface:2733 com.android.server.wm.WindowState.onExitAnimationDone:5243 com.android.server.wm.AppWindowAnimator.stepAnimationLocked:508 com.android.server.wm.AppWindowToken.stepAppWindowsAnimation:1659 com.android.server.wm.WindowContainer.stepAppWindowsAnimation:521 com.android.server.wm.WindowContainer.stepAppWindowsAnimation:521 com.android.server.wm.TaskStack.stepAppWindowsAnimation:1948 com.android.server.wm.WindowContainer.stepAppWindowsAnimation:521 
07-05 23:16:59.201  3447  3488 I SurfaceFlinger: id=85 Removed com.example.batterymanager_utility/com.example.batterymanager_utility.MainActivity_dim#0 (1/5)
07-05 23:16:59.201  3447  3488 I SurfaceFlinger: id=85 Removed com.example.batterymanager_utility/com.example.batterymanager_utility.MainActivity_dim#0 (-2/5)
07-05 23:16:59.202  3963  3987 D CustomFrequencyManagerService: releaseDVFSLockLocked : Getting Lock type frm List : DVFS_MIN_LIMIT  frequency : 1560000  uid : 1000  pid : 3963  tag : AMS_ACT_RESUME@CPU_MIN@8
07-05 23:16:59.202  3963  3987 D ActivityManagerPerformance: AMP_release() ACT_RESUME
07-05 23:16:59.216  3447  3447 I Layer   : id=85 onRemoved com.example.batterymanager_utility/com.example.batterymanager_utility.MainActivity_dim#0 
07-05 23:16:59.492  3963  3983 V MARsPolicyManager: updateFromMARsThread
07-05 23:16:59.493  3963  3984 D MARsDBManager: updatePkgsToSMDB : begin --size 5
07-05 23:16:59.550  3963  3984 D MARsDBManager: updatePkgsToSMDB : end
07-05 23:16:59.550  3963  3984 D MARsDBManager: onChange - mSmartManagerObserver! Uri = content://com.samsung.android.sm/AppFreezer?MARs-self=true&MARs=true
07-05 23:16:59.551  3963  3984 I chatty  : uid=1000(system) MARsDBThread identical 3 lines
07-05 23:16:59.551  3963  3984 D MARsDBManager: onChange - mSmartManagerObserver! Uri = content://com.samsung.android.sm/AppFreezer?MARs-self=true&MARs=true
07-05 23:16:59.989  4949  4949 D io_stats: !@ 179,0 r 84640 3123336 w 20415 416976 d 1908 80656 f 5607 5702 iot 44868 36742 th 51200 0 0 pt 0 inp 0 0 1283.007
07-05 23:16:59.999  3963  4048 D SamsungAlarmManager: Expired : 8
07-05 23:17:00.000  3963  4048 I SamsungAlarmManager: setLocked to kernel - T:3 / 20230705T231700, SetElapsed=1283020, nowELAPSED=1283020
07-05 23:17:00.001  3963  4048 V SamsungAlarmManager: Sending to uid : 1000 action=android.intent.action.TIME_TICK alarm=Alarm{2a797dc type 3 when 1283019 android}
07-05 23:17:00.003  3963  4048 D SamsungAlarmManager: Expired : 8
07-05 23:17:00.003  3963  4048 V SamsungAlarmManager: Sending to uid : 10074 action=com.samsung.action.EVERY_MINUTE_CLOCK_UPDATE alarm=Alarm{d2bb7ba type 1 when 1688591820000 com.sec.android.app.launcher}
07-05 23:17:00.007  5341  5341 I Launcher: onReceive: com.samsung.action.EVERY_MINUTE_CLOCK_UPDATE
07-05 23:17:00.008  3963  3963 D SamsungAlarmManager: setExact Intent (T:3/F:1/AC:false) 20230705T231759 - CU:1000/CP:3963
07-05 23:17:00.009  3963  3963 I SamsungAlarmManager: setLocked to kernel - T:3 / 20230705T231800, SetElapsed=1343019, nowELAPSED=1283028
07-05 23:17:00.009  3963  3963 V AlarmManager: ___SyncScheduler (v3) ACTIVATED___
07-05 23:17:00.009  3963  3963 V AlarmManagerEXT: <AppSync3 Whitelist>
07-05 23:17:00.009  3963  3963 V AlarmManagerEXT: (AppSync) ### 0 added ###
07-05 23:17:00.012  4352  4352 D KeyguardUpdateMonitor: received broadcast android.intent.action.TIME_TICK
07-05 23:17:00.013  4352  4352 D KeyguardServiceBoxContainer: refreshTime() 1
07-05 23:17:00.019  3963  4595 D SamsungAlarmManager: setInexact Intent (T:1/F:0/AC:false) 20230705T231800 - CU:10074/CP:5341
07-05 23:17:00.020  5341  5341 I IconView: applyFromShortcutInfo - start GetLive : com.samsung.android.calendar
07-05 23:17:00.020  5341  5341 I IconView: applyFromShortcutInfo - end GetLive : com.samsung.android.calendar
07-05 23:17:00.021  5341  5341 I IconView: applyFromApplicationInfo - start GetLive : com.sec.android.app.clockpackage
07-05 23:17:00.027  5341  5341 D ApplicationPackageManager: we has com.sec.android.app.clockpackage class. reuse it 
07-05 23:17:00.027  5341  5341 D LiveIconLoader: getLiveIcon was called in ClockPackage
07-05 23:17:00.030  5341  5341 D LiveIconLoader: getLiveIcon res = com.sec.android.app.clockpackage
07-05 23:17:00.032  5341  5341 D LiveIconLoader: stdIconSize : 84 , targetIconSize : 101
07-05 23:17:00.033  5341  5341 D LiveIconLoader: mIconDpi : 480 , mTargetIconDpi : 280
07-05 23:17:00.039  4352  4352 D KeyguardUpdateMonitor: handleStatusBarState( false )
07-05 23:17:00.050  5341  5341 I ApplicationPackageManager: load= live icon for com.sec.android.app.clockpackage, from overlay = false
07-05 23:17:00.052  5341  5341 I LiveIconManager: getLiveIcon: complete(sync_created)
07-05 23:17:00.054  4352  4352 D KeyguardUpdateMonitor: handleStatusBarState( false )
07-05 23:17:00.054  5341  5341 I IconView: applyFromApplicationInfo - end GetLive : com.sec.android.app.clockpackage
07-05 23:17:00.055  5341  5341 I IconView: applyFromApplicationInfo - start GetLive : com.samsung.android.calendar
07-05 23:17:00.055  5341  5341 I IconView: applyFromApplicationInfo - end GetLive : com.samsung.android.calendar
07-05 23:17:00.689  3963  3963 D PreBindingService: handleMessage : 1
07-05 23:17:01.863 10633 10633 E adbd    : recv: OPEN 0001c824 00000000 003a:73 68 65 6C 6C 2C 76 32 2C 54 45 52 4D 3D 73 63 72 65 65 6E 2C 72 61 77 3A 67 65 74 70 72 6F 70 20 72 6F 2E 62 75 69 6C 64 2E 76 65 72 73 69 6F 6E 2E 72 65 6C 65 61 73 65 00 
07-05 23:17:01.864 10633 10633 E adbd    : service_to_fd: shell,v2,TERM=screen,raw:getprop ro.build.version.release
07-05 23:17:01.959 10633 10633 E adbd    : recv: OPEN 0001c827 00000000 0036:73 68 65 6C 6C 2C 76 32 2C 54 45 52 4D 3D 73 63 72 65 65 6E 2C 72 61 77 3A 67 65 74 70 72 6F 70 20 72 6F 2E 62 75 69 6C 64 2E 76 65 72 73 69 6F 6E 2E 73 64 6B 00 
07-05 23:17:01.959 10633 10633 E adbd    : service_to_fd: shell,v2,TERM=screen,raw:getprop ro.build.version.sdk
07-05 23:17:02.072 10633 10633 E adbd    : recv: OPEN 0001c82a 00000000 004a:73 68 65 6C 6C 2C 76 32 2C 54 45 52 4D 3D 73 63 72 65 65 6E 2C 72 61 77 3A 61 6D 20 66 6F 72 63 65 2D 73 74 6F 70 20 63 6F 6D 2E 65 78 61 6D 70 6C 65 2E 62 61 74 74 65 72 79 6D 61 6E 61 67 65 72 5F 75 74 69 6C 69 74 79 00 
07-05 23:17:02.072 10633 10633 E adbd    : service_to_fd: shell,v2,TERM=screen,raw:am force-stop com.example.batterymanager_utility
07-05 23:17:02.133  3435  3435 I android.hardware.wifi@1.0-service: getLinkLayerStats
07-05 23:17:02.167  3963  4432 I ActivityManager: Force stopping com.example.batterymanager_utility appid=10168 user=0: from pid 13220
07-05 23:17:02.168  3963  4432 I ActivityManager: Killing 13069:com.example.batterymanager_utility/u0a168 (adj 0): stop com.example.batterymanager_utility,from pid 13220
07-05 23:17:02.169  3963  4432 W ActivityManager: Force removing ActivityRecord{efea19f u0 com.example.batterymanager_utility/.MainActivity t24}: app died, no saved state
07-05 23:17:02.176  3963  4432 D InputDispatcher: Focus left window: 13069
07-05 23:17:02.178  3963  4432 I WindowManager: Failed to capture screenshot of Token{7a372ec ActivityRecord{efea19f u0 com.example.batterymanager_utility/.MainActivity t24 f}} appWin=Window{644b2c6 u0 com.example.batterymanager_utility/com.example.batterymanager_utility.MainActivity} drawState=4
07-05 23:17:02.178  3963  4432 D TaskSnapshotCache: removeRunningEntry taskId=24 RunningCache size=0
07-05 23:17:02.179  3963  4432 I WindowManager: Destroying surface Surface(name=com.example.batterymanager_utility/com.example.batterymanager_utility.MainActivity) called by com.android.server.wm.WindowStateAnimator.destroySurface:2501 com.android.server.wm.WindowStateAnimator.destroySurfaceLocked:985 com.android.server.wm.WindowState.removeImmediately:2403 com.android.server.wm.WindowState.removeIfPossible:2602 com.android.server.wm.WindowState.removeIfPossible:2432 com.android.server.wm.WindowToken.removeAllWindowsIfPossible:143 com.android.server.wm.AppWindowToken.removeIfPossible:606 com.android.server.wm.AppWindowToken.onRemovedFromDisplay:674 
07-05 23:17:02.180  3447  5020 I SurfaceFlinger: id=84 Removed com.example.batterymanager_utility/com.example.batterymanager_utility.MainActivity#0 (1/4)
07-05 23:17:02.180  3447  5020 I SurfaceFlinger: id=84 Removed com.example.batterymanager_utility/com.example.batterymanager_utility.MainActivity#0 (-2/4)
07-05 23:17:02.182  3447  3447 I Layer   : id=84 onRemoved com.example.batterymanager_utility/com.example.batterymanager_utility.MainActivity#0 
07-05 23:17:02.186  3447  3447 I SurfaceFlinger: Display 0 HWC layers:
07-05 23:17:02.186  3447  3447 I SurfaceFlinger:     type    |    handle    | flag |  format   |   source crop (l,t,r,b)    |         frame       | name 
07-05 23:17:02.186  3447  3447 I SurfaceFlinger: ------------+--------------+------+-----------+----------------------------+---------------------+------
07-05 23:17:02.186  3447  3447 I SurfaceFlinger:      Device | 0x72ea04a3c0 | 0000 | RGBA_8888 |   0.0    0.0  720.0   42.0 |    0    0  720   42 | StatusBar#0
07-05 23:17:02.186  3447  3447 I SurfaceFlinger: 
07-05 23:17:02.187  3963  4432 D InputDispatcher: Focused application released
07-05 23:17:02.187  3963  4432 W MultiScreenManagerService: moveTaskBackToDisplayIfNeeded(): root activity or app is null, task=TaskRecord{2fbebacd0 #24 A=com.example.batterymanager_utility U=0 StackId=1 sz=0}, rootActivity=null
07-05 23:17:02.188  3963  3963 D MdnieScenarioControlService: Listener Real Multi Window State : true
07-05 23:17:02.194  3447  5020 I SurfaceFlinger: id=82 Removed animation background stackId=1#0 (1/3)
07-05 23:17:02.194  3447  5020 I SurfaceFlinger: id=82 Removed animation background stackId=1#0 (-2/3)
07-05 23:17:02.199  3963  4432 D CustomFrequencyManagerService: acquireDVFSLockLocked : type : DVFS_MIN_LIMIT  frequency : 1560000  uid : 1000  pid : 3963  pkgName : AMS_APP_HOME@CPU_MIN@70
07-05 23:17:02.201  3963  4432 D ActivityManagerPerformance: AMP_acquire() HOME
07-05 23:17:02.202  3963  4432 D PersonaManagerService: Current focused persona service handled id set to : 0
07-05 23:17:02.202  3963  4432 D InputDispatcher: Focused application set to: xxxx
07-05 23:17:02.202  3447  3447 I Layer   : id=82 onRemoved animation background stackId=1#0 
07-05 23:17:02.204  3963  4432 V WindowManager: rotationForOrientationLw(orient=5, last=0); user=0  sensorRotation=-1 mLidState=-1 mDockMode=0 mHdmiPlugged=false
07-05 23:17:02.206  3963  4220 D GameManagerService: handleForegroundChange(). pkgName: com.sec.android.app.launcher, clsName: com.android.launcher3.Launcher,FgActivityName:com.sec.android.app.launcher/com.android.launcher3.Launcher
07-05 23:17:02.206  3963  4432 D MARsPolicyManager: onPackageResumedFG pkgName = com.sec.android.app.launcher, userId = 0
07-05 23:17:02.206  3963  4220 D GameManagerService: sem_perfomance_mode: 3
07-05 23:17:02.207  3963  4220 D GameManagerService: notifyResumePause(). pkg: com.sec.android.app.launcher, type: 4, isMinimized: false, isTunableApp: false
07-05 23:17:02.207  3963  4220 D GameManagerService:   notifyResumePause(). unexpected mPrevNotiType: -1
07-05 23:17:02.213  3963  3963 D SamsungAlarmManager: Remove alarm for next reason : android.intent.action.PACKAGE_RESTARTED : package: com.example.batterymanager_utility
07-05 23:17:02.215  3963  3978 W BroadcastQueue: Background execution not allowed: receiving Intent { act=android.intent.action.PACKAGE_RESTARTED dat=package:com.example.batterymanager_utility flg=0x10 (has extras) } to android/com.kddi.android.CpaNotiReceiver
07-05 23:17:02.215  4611  4611 D CarrierSvcBindHelper: No carrier app for: 0
07-05 23:17:02.215  3963  3978 W BroadcastQueue: Background execution not allowed: receiving Intent { act=android.intent.action.PACKAGE_RESTARTED dat=package:com.example.batterymanager_utility flg=0x10 (has extras) } to com.sec.android.daemonapp/com.samsung.android.weather.daemon.receiver.ClearDataReceiver
07-05 23:17:02.216  4611  4611 D CarrierSvcBindHelper: No carrier app for: 1
07-05 23:17:02.219  3963  6536 D GamePkgDataHelper: getGamePkgDataIncServer(). com.sec.android.app.launcher
07-05 23:17:02.219  5341  5341 I Launcher: onWindowVisibilityChanged : false
07-05 23:17:02.220  3963  6536 D GameManagerService: identifyGamePackage. com.sec.android.app.launcher
07-05 23:17:02.220  3963  6536 D GamePkgDataHelper: getGamePkgData(). com.sec.android.app.launcher
07-05 23:17:02.221  3963  4370 V WindowManager: Relayout Window{bcfea5d u0 com.sec.android.app.launcher/com.sec.android.app.launcher.activities.LauncherActivity}: viewVisibility=4 req=720x1280 WM.LayoutParams{(0,0)(fillxfill) sim=#130 ty=1 fl=#81910d00 pfl=0x20000 fmt=-2 wanim=0x10302ea vsysui=0x700 needsMenuKey=2 colorMode=0 naviIconColor=0}
07-05 23:17:02.222  3963  6536 D GameManagerService: identifyGamePackage. com.sec.android.app.launcher
07-05 23:17:02.222  3963  6536 D GamePkgDataHelper: getGamePkgData(). com.sec.android.app.launcher
07-05 23:17:02.222  3963  6536 D GamePkgDataHelper: getSosPolicy(). com.sec.android.app.launcher
07-05 23:17:02.223  3963  6536 D GameManagerService: identifyGamePackage. com.sec.android.app.launcher
07-05 23:17:02.223  3963  6536 D GamePkgDataHelper: getGamePkgData(). com.sec.android.app.launcher
07-05 23:17:02.223  5341  5341 D ViewRootImpl@6b35df0[LauncherActivity]: Relayout returned: old=[0,0][720,1280] new=[0,0][720,1280] result=0x1 surface={valid=false 0} changed=false
07-05 23:17:02.224  3963  6536 D GameManagerService: identifyGamePackage. com.sec.android.app.launcher
07-05 23:17:02.224  5341  5341 D HomeContainer: setAlpha : 1.0
07-05 23:17:02.224  3963  6536 D GamePkgDataHelper: getGamePkgData(). com.sec.android.app.launcher
07-05 23:17:02.225  5341  5341 V Launcher: Launcher.onResume()
07-05 23:17:02.230  5341  5341 D ExternalRequestQueue: Getting and clearing EXTERNAL_REQUEST_LIST: null
07-05 23:17:02.231  5341  5341 D ExternalMethodQueue: Getting and clearing EXTERNAL_METHOD_LIST: null
07-05 23:17:02.231  5341  5404 I LauncherAppWidgetInfo: reinflateWidgetsIfNecessary, Not required: AppWidget(id=2)
07-05 23:17:02.231  5341  5404 I LauncherAppWidgetInfo: reinflateWidgetsIfNecessary, Not required: AppWidget(id=3)
07-05 23:17:02.231  5341  5341 D Launcher: setHotWordDetection : call requestHotWordDetection true
07-05 23:17:02.231  5341  5341 D NotificationHelpTip: currentTime : 1688591822
07-05 23:17:02.231  5341  5341 D NotificationHelpTip: differentTime256062
07-05 23:17:02.236  5341  5341 D Launcher.HomeController: onResume HomeContainer current alpha = 1.0
07-05 23:17:02.236  5341  5341 D AppsCustomAdapter: notifyUpdate : com.android.launcher3.Launcher@d3f8b93
07-05 23:17:02.236  5341  5341 D AppsDragController: needDeferToBind : true , false
07-05 23:17:02.237  5199  5199 I GsaVoiceInteractionSrv: Handling ACTION_START_HOTWORD
07-05 23:17:02.237  3963  4370 D Notification: allPendingIntents
07-05 23:17:02.238  5199  5598 I GsaVoiceInteractionSrv: (REDACTED) disregardHotwordSetting: %b
07-05 23:17:02.239  5341  5404 D Notification.Badge: LauncherModel:onNotificationFullRefresh() : 1
07-05 23:17:02.239  5199  5598 I GsaVoiceInteractionSrv: Cannot start hotword, hotword has been explicitly disabled.
07-05 23:17:02.239  5341  5404 D Notification.Badge: notificationKey : 0|android|40|null|1000, count : 0, this.count : 1
07-05 23:17:02.239  5341  5404 D Notification.Badge: notificationKey : 0|android|40|null|1000, count : 1, mTotalCount : 1
07-05 23:17:02.239  5341  5404 D Notification.Badge: LauncherModel:onNotificationFullRefresh() not need to update, updatedBadges.remove[android], count : [1]
07-05 23:17:02.239  3963  3987 W ActivityManager: setHasOverlayUi called on unknown pid: 13069
07-05 23:17:02.240  4340  4340 D InputEventReceiver: channel 'ClientState{a493552 uid 10168 pid 13069} (client)' ~ Disposing input event receiver.
07-05 23:17:02.240  4340  4340 D InputEventReceiver: channel 'ClientState{a493552 uid 10168 pid 13069} (client)' ~NativeInputEventReceiver.
07-05 23:17:02.242  3963  4617 D ActivityManager: post active user change for 0 fullscreen true isHomeActivity() true
07-05 23:17:02.242  3963  4617 I WallpaperManagerService: switchPersonaWallpaper is called for personaId-0
07-05 23:17:02.242  3963  3963 D WallpaperManagerService:  force update = false; persona id = 0; current user =0; current persona = 0
07-05 23:17:02.242  5341  5341 I Launcher: onWindowVisibilityChanged : true
07-05 23:17:02.243  3963  4617 V WindowManager: Relayout Window{bcfea5d u0 com.sec.android.app.launcher/com.sec.android.app.launcher.activities.LauncherActivity}: viewVisibility=0 req=720x1280 WM.LayoutParams{(0,0)(fillxfill) sim=#130 ty=1 fl=#81910d00 pfl=0x20000 fmt=-2 wanim=0x10302ea vsysui=0x700 needsMenuKey=2 colorMode=0 naviIconColor=0}
07-05 23:17:02.244  3447  3447 I SurfaceFlinger: id=86 createSurf (720x1280),1 flag=4, com.sec.android.app.launcher/com.sec.android.app.launcher.activities.LauncherActivity#0
07-05 23:17:02.245  3963  4617 V Surface : sf_framedrop debug : 0x4f4c, game : false, logging : 0
07-05 23:17:02.246  3963  3979 D WindowManager: set systemUiVisibility : systemUiFlags= 0x708 fullscreenStackSysUiFlags= 0x0
07-05 23:17:02.249  3963  4617 D InputDispatcher: Focus entered window: 5341
07-05 23:17:02.250  3963  4593 D WindowManager: adjustSystemUiVisibilityLw : vis= 0x708
07-05 23:17:02.250  5341  5341 V Surface : sf_framedrop debug : 0x4f4c, game : false, logging : 0
07-05 23:17:02.250  5341  5341 D ViewRootImpl@6b35df0[LauncherActivity]: Relayout returned: old=[0,0][720,1280] new=[0,0][720,1280] result=0x7 surface={valid=true 532212420608} changed=true
07-05 23:17:02.252  5341  5527 D mali_winsys: EGLint new_window_surface(egl_winsys_display *, void *, EGLSurface, EGLConfig, egl_winsys_surface **, egl_color_buffer_format *, EGLBoolean) returns 0x3000,  [720x1280]-format:1
07-05 23:17:02.252  5341  5527 D OpenGLRenderer: eglCreateWindowSurface = 0x7be7759440
07-05 23:17:02.253  5341  5341 D AppsAdapter: notifyUpdate start : com.android.launcher3.Launcher@d3f8b93
07-05 23:17:02.253  5341  5341 D AppsCustomAdapter: no change items
07-05 23:17:02.253  5341  5341 D AppsAdapter: notifyUpdate end : com.android.launcher3.Launcher@d3f8b93
07-05 23:17:02.253  5341  5341 D ViewRootImpl@6b35df0[LauncherActivity]: MSG_WINDOW_FOCUS_CHANGED 1
07-05 23:17:02.254 10633 10633 E adbd    : recv: OPEN 0001c82d 00000000 003a:73 68 65 6C 6C 2C 76 32 2C 54 45 52 4D 3D 73 63 72 65 65 6E 2C 72 61 77 3A 67 65 74 70 72 6F 70 20 72 6F 2E 62 75 69 6C 64 2E 76 65 72 73 69 6F 6E 2E 72 65 6C 65 61 73 65 00 
07-05 23:17:02.254 10633 10633 E adbd    : service_to_fd: shell,v2,TERM=screen,raw:getprop ro.build.version.release
07-05 23:17:02.256  5341  5341 V InputMethodManager: Starting input: tba=android.view.inputmethod.EditorInfo@f97cd02 nm : com.sec.android.app.launcher ic=null
07-05 23:17:02.256  5341  5341 I InputMethodManager: startInputInner - mService.startInputOrWindowGainedFocus
07-05 23:17:02.256  3963  4593 D InputMethodManagerService: startInputOrWindowGainedFocus : windowGainedFocus 
07-05 23:17:02.257  3963  4593 D InputMethodManagerService: windowGainedFocus: destinationUserId (getCallingUid) = 0
07-05 23:17:02.257  3963  4593 D InputMethodManagerService: windowGainedFocus: currentUserId=0
07-05 23:17:02.257  3963  4593 D InputMethodManagerService: windowGainedFocus: mCurrentFocusedUserId=0
07-05 23:17:02.257  3963  4593 D InputMethodManagerService: windowGainedFocus : lock - currentUserId = 0 destinationUserId = 0
07-05 23:17:02.257  3963  4593 D InputMethodManagerService: windowGainedFocus : mCurrentFocusedUserId - 0 and mSecureKeypadEnabled - false, userSwitched - false
07-05 23:17:02.257  3963  4593 V InputMethodManagerService: windowGainedFocus : reason=WINDOW_FOCUS_GAIN client=android.os.BinderProxy@31eeba5 inputContext=null missingMethods= attribute=android.view.inputmethod.EditorInfo@65d8412 nm = com.sec.android.app.launcher controlFlags=#104 softInputMode=#130 windowFlags=#81910d00
07-05 23:17:02.257  3963  4593 V InputMethodManagerService: hideCurrentInputLocked : shouldHideSoftInput is false
07-05 23:17:02.258  3963  4593 D InputMethodManagerService: setCurrentInputInfo - inputContext : null eidtorInfo : android.view.inputmethod.EditorInfo@65d8412 missingMethods : 0
07-05 23:17:02.258  4340  4340 I InputMethodWrapper:  call dispatchStartInputWithToken
07-05 23:17:02.258  4340  4340 I InputMethodService: dispatchStartInputWithToken
07-05 23:17:02.258  4340  4340 I SKBD    : SamsungKeypad [IMI] onStartInput - caller pid : 13069, caller uid : 10168
07-05 23:17:02.269  5341  5341 D DragLayer: DragLayer dispatchDraw, mIsNaviBarPositionChanged = false, mWillOrientationChange = false
07-05 23:17:02.277  4352  4367 D SystemServicesProxy: updateOverviewLastStackActiveTimeAsync: newTime=1688591216865
07-05 23:17:02.277  3963  4593 D SecContentProvider: query(), uri = 17 selection = isSettingsChangesAllowed
07-05 23:17:02.278  3963  4593 D SecContentProvider: called from android.uid.systemui:10009
07-05 23:17:02.279  4352  4556 D SystemServicesProxy: updateOverviewLastStackActiveTimeAsync: done.
07-05 23:17:02.279  3963  4593 D PackageManager: getComponentMetadataForIconTray : com.example.batterymanager_utility.MainActivity does not exist in mServices
07-05 23:17:02.280  3963  4593 D PackageManager: getComponentMetadataForIconTray : com.example.batterymanager_utility.MainActivity does not exist in mProviders
07-05 23:17:02.280  3963  4593 D PackageManager: getComponentMetadataForIconTray : com.example.batterymanager_utility.MainActivity does not exist in mReceivers
07-05 23:17:02.280  4352  4367 D ApplicationPackageManager: updateItemMetaDataForFixedIconScale: package: com.example.batterymanager_utility
07-05 23:17:02.281  3963  4617 D PackageManager: getSelectedMetaData : packageName(com.example.batterymanager_utility) or Metadata strings {[Ljava.lang.String;@90e15e0}
07-05 23:17:02.282  4352  4367 I ApplicationPackageManager: load=com.example.batterymanager_utility, bg=144-144, dr=189-189, forDefault=true, density=0
07-05 23:17:02.283  3963  4617 V WindowManager: finishDrawingLocked: mDrawState=COMMIT_DRAW_PENDING Window{bcfea5d u0 com.sec.android.app.launcher/com.sec.android.app.launcher.activities.LauncherActivity} in Surface(name=com.sec.android.app.launcher/com.sec.android.app.launcher.activities.LauncherActivity)
07-05 23:17:02.283  4352  4832 D WallpaperService: dispatchAppVisibility onVisibilityChanged(): true
07-05 23:17:02.284  4352  4352 D WallpaperService: updateSurface forceRelayout=false redrawNeeded=false myWidth=1280 myHeight=1280 fixedSize=true x = 0 y = 0 mWidth=1280 mHeight=1280 mIsSleepMode=false
07-05 23:17:02.284  4352  4352 D ImageWallpaper: onVisibilityChanged: mVisible, visible=false, true
07-05 23:17:02.284  4352  4352 D ImageWallpaper: Visibility changed to visible=true
07-05 23:17:02.285  4352  4352 D ImageWallpaper: newRotation : 0,mLastRotation : 0
07-05 23:17:02.285  4352  4352 D ImageWallpaper: drawFrame:[frame.width()]1280[frame.height()]1280
07-05 23:17:02.285  4352  4352 D ImageWallpaper: surfaceDimensionsChanged=false mDisplayWidth=720 mDisplayHeight=1280
07-05 23:17:02.285  4352  4352 D ImageWallpaper: redrawNeeded = false, mOffsetsChanged = false
07-05 23:17:02.285  4352  4352 D ImageWallpaper: Suppressed drawFrame since redraw is not needed and offsets have not changed.
07-05 23:17:02.285  4352  4352 D WallpaperService: reportVisibility onVisibilityChanged visible: true
07-05 23:17:02.285  4352  4367 I ApplicationPackageManager: scaled rate=0.72, size=189, alpha=54, hold=102
07-05 23:17:02.285  4352  4367 D ApplicationPackageManager: iconScale: getScale(): 0.72 getAlpha(): 54
07-05 23:17:02.285  3963  4030 D SamsungAnimationCreator: createAnimation type:LowEnd transit:13 enter:false wallpaperXoffset:-280 split:false fixedOri:false
07-05 23:17:02.285  3963  4030 D SamsungAnimationCreator: createAnimation displayFrame:Rect(0, 0 - 720, 1280) frame:null insets:null
07-05 23:17:02.286  4352  4367 I ApplicationPackageManager: load=com.example.batterymanager_utility-contain, bg=112-112, dr=189-189
07-05 23:17:02.287  4352  4352 D WallpaperService: updateSurface forceRelayout=true redrawNeeded=false myWidth=1280 myHeight=1280 fixedSize=true x = 0 y = 0 mWidth=1280 mHeight=1280 mIsSleepMode=false
07-05 23:17:02.290  3963  4370 V WindowManager: Relayout Window{e90c152 u0 com.android.systemui.ImageWallpaper}: viewVisibility=0 req=1280x1280 WM.LayoutParams{(0,0)(1280x1280) gr=#800033 ty=2013 fl=#10318 fmt=2 wanim=0x103030e colorMode=0 naviIconColor=0}
07-05 23:17:02.294  4352  4352 D ImageWallpaper: onOffsetsChanged: xOffset=0.0, yOffset=0.0, xOffsetStep=0.0, yOffsetStep=0.0, xPixels=0, yPixels=0
07-05 23:17:02.294  4352  4352 D ImageWallpaper: newRotation : 0,mLastRotation : 0
07-05 23:17:02.294  4352  4352 D ImageWallpaper: drawFrame:[frame.width()]1280[frame.height()]1280
07-05 23:17:02.294  4352  4352 D ImageWallpaper: surfaceDimensionsChanged=false mDisplayWidth=720 mDisplayHeight=1280
07-05 23:17:02.294  4352  4352 D ImageWallpaper: redrawNeeded = false, mOffsetsChanged = false
07-05 23:17:02.294  4352  4352 D ImageWallpaper: Suppressed drawFrame since redraw is not needed and offsets have not changed.
07-05 23:17:02.306  3447  3447 I SurfaceFlinger: Display 0 HWC layers:
07-05 23:17:02.306  3447  3447 I SurfaceFlinger:     type    |    handle    | flag |  format   |   source crop (l,t,r,b)    |         frame       | name 
07-05 23:17:02.306  3447  3447 I SurfaceFlinger: ------------+--------------+------+-----------+----------------------------+---------------------+------
07-05 23:17:02.306  3447  3447 I SurfaceFlinger:      Device | 0x72f0424900 | 0002 | RGBx_8888 | 280.0    0.0 1000.0 1280.0 |    0    0  720 1280 | com.android.systemui.ImageWallpaper#0
07-05 23:17:02.306  3447  3447 I SurfaceFlinger:      Device | 0x72ec5b3340 | 0000 | RGBA_8888 | 120.0  213.0  601.0 1068.0 |    1    1  720 1280 | com.sec.android.app.launcher/com.sec[...]uncher.activities.LauncherActivity#0
07-05 23:17:02.306  3447  3447 I SurfaceFlinger:      Device | 0x72ea04a3c0 | 0000 | RGBA_8888 |   0.0    0.0  720.0   42.0 |    0    0  720   42 | StatusBar#0
07-05 23:17:02.306  3447  3447 I SurfaceFlinger: 
07-05 23:17:02.321 10633 10633 E adbd    : recv: OPEN 0001c830 00000000 0036:73 68 65 6C 6C 2C 76 32 2C 54 45 52 4D 3D 73 63 72 65 65 6E 2C 72 61 77 3A 67 65 74 70 72 6F 70 20 72 6F 2E 62 75 69 6C 64 2E 76 65 72 73 69 6F 6E 2E 73 64 6B 00 
07-05 23:17:02.321 10633 10633 E adbd    : service_to_fd: shell,v2,TERM=screen,raw:getprop ro.build.version.sdk
07-05 23:17:02.350  3963  4089 D MdnieScenarioControlService:  packageName : com.sec.android.app.launcher    className : com.sec.android.app.launcher.activities.LauncherActivity
07-05 23:17:02.350  3963  4089 V MdnieScenarioControlService: setUIMode from UI function(3)
07-05 23:17:02.701  3963  3963 D CustomFrequencyManagerService: releaseDVFSLockLocked : Getting Lock type frm List : DVFS_MIN_LIMIT  frequency : 1560000  uid : 1000  pid : 3963  tag : AMS_APP_HOME@CPU_MIN@70
07-05 23:17:02.745  3963  4331 E TaskPersister: File error accessing recents directory (directory doesn't exist?).
07-05 23:17:02.789  5341  5527 W OpenGLRenderer: Incorrectly called buildLayer on View: WorkspaceCellLayoutChildren, destroying layer...
07-05 23:17:03.103  5192  5352 D ContactsProvider_EventLog: contents_sample_state: [CONTACT contacts(0) data(0) accounts({}) accounts deleted({}) calls([]) countryIso(NL) userId(0)  ]
07-05 23:17:03.103  5192  5352 D ContactsProvider_EventLog: contents_sample_state: [ agr({})  ]
07-05 23:17:03.103  5192  5352 D ContactsProvider_EventLog: contents_sample_state: [ actCnt({android.process.acore(5192)=1})  ]
07-05 23:17:03.103  5192  5352 D ContactsProvider_EventLog: contents_sample_state: [PROFILE contacts(0) data(0) accounts({})  ]
07-05 23:17:03.103  5192  5352 D ContactsProvider_EventLog: contents_sample_state: [SAPROFILE contacts(1) data(1) accounts({vnd.sec.contact.phone (1)=1})  ]
07-05 23:17:03.107  5192  5352 E ContactsProvider_EventLog: Flush buffer to file cnt : 1 size : 0Kb duration : 2ms lastUpdatedAfter : 60105 ms mFlush_time_threasold : 2000 mCurrentSize : 437
07-05 23:17:04.172  3963  3963 D PreBindingService: handleMessage : 1
07-05 23:17:04.995  4949  4949 D io_stats: !@ 179,0 r 84643 3123348 w 20445 417476 d 1916 80760 f 5612 5707 iot 44896 36771 th 51200 0 0 pt 0 inp 0 0 1288.013
07-05 23:17:05.139  3435  3435 I android.hardware.wifi@1.0-service: getLinkLayerStats
07-05 23:17:05.800  3963  6536 D SSRM:k  : SIOP:: AP = 240, PST = 240 (W:30), BAT = 227, USB = 0, CHG = 0
07-05 23:17:07.274  5974  6095 I Finsky  : [239] nkp.run(22): Stats for Executor: BlockingExecutor nqc@5bf3983[Running, pool size = 0, active threads = 0, queued tasks = 0, completed tasks = 24]
07-05 23:17:07.275  5974  6095 I Finsky  : [239] nkp.run(22): Stats for Executor: LightweightExecutor nqc@4439700[Running, pool size = 4, active threads = 0, queued tasks = 0, completed tasks = 203]
07-05 23:17:07.493 10633 10633 E adbd    : recv: OPEN 0001c833 00000000 0036:73 68 65 6C 6C 2C 76 32 2C 54 45 52 4D 3D 73 63 72 65 65 6E 2C 72 61 77 3A 67 65 74 70 72 6F 70 20 72 6F 2E 62 75 69 6C 64 2E 76 65 72 73 69 6F 6E 2E 73 64 6B 00 
07-05 23:17:07.493 10633 10633 E adbd    : service_to_fd: shell,v2,TERM=screen,raw:getprop ro.build.version.sdk
07-05 23:17:07.595 10633 10633 E adbd    : recv: OPEN 0001c836 00000000 003d:73 68 65 6C 6C 2C 76 32 2C 54 45 52 4D 3D 73 63 72 65 65 6E 2C 72 61 77 3A 6C 6F 67 63 61 74 20 2D 66 20 2F 6D 6E 74 2F 73 64 63 61 72 64 2F 6C 6F 67 63 61 74 2E 74 78 74 20 2D 64 00 
07-05 23:17:07.595 10633 10633 E adbd    : service_to_fd: shell,v2,TERM=screen,raw:logcat -f /mnt/sdcard/logcat.txt -d
