07-10 21:43:36.264  3960  6168 V WindowManager: Relayout Window{9f29fd0 u0 DockedStackDivider}: viewVisibility=4 req=84x677 WM.LayoutParams{(0,0)(84xfill) sim=#20 ty=2034 fl=#21840028 pfl=0x40 fmt=-3 vsysui=0x700 colorMode=0 naviIconColor=0}
07-10 21:43:36.267  4354  4354 D ViewRootImpl@3802bae[DockedStackDivider]: Relayout returned: old=[0,0][0,0] new=[0,0][0,0] result=0x1 surface={valid=false 0} changed=false
07-10 21:43:36.270  4354  4354 D ViewRootImpl@687050c[DividerButtonsGroup]: dispatchAttachedToWindow
07-10 21:43:36.271  3960  6168 V WindowManager: Relayout Window{e22c2ce u0 DividerButtonsGroup}: viewVisibility=4 req=88x307 WM.LayoutParams{(0,0)(88x307) sim=#20 ty=2302 fl=#1040020 fmt=-3 vsysui=0x700 surfaceInsets=Rect(21, 21 - 21, 21) colorMode=0 naviIconColor=0}
07-10 21:43:36.274  4354  4354 D ViewRootImpl@687050c[DividerButtonsGroup]: Relayout returned: old=[0,0][0,0] new=[0,0][0,0] result=0x1 surface={valid=false 0} changed=false
07-10 21:43:36.274  4354  4354 D KeyguardUpdateMonitor: updateCarrierTextInfo
07-10 21:43:36.274  4354  4354 D KeyguardUpdateMonitor: updateCarrierTextInfo
07-10 21:43:36.274  4354  4354 D ViewRootImpl@9b6a09c[DockedStackDivider]: dispatchDetachedFromWindow
07-10 21:43:36.274  4354  4354 D InputEventReceiver: channel 'c8a7610 DockedStackDivider (client)' ~ Disposing input event receiver.
07-10 21:43:36.274  4354  4354 D InputEventReceiver: channel 'c8a7610 DockedStackDivider (client)' ~NativeInputEventReceiver.
07-10 21:43:36.278  4354  4354 D vol.SecVolumeDialogImpl: updateWindowWidth lp.width=728, mCurrentWindowWidth = 728
07-10 21:43:36.278  4354  4354 D vol.SecVolumeDialogImpl: onStateChangedH animating=false
07-10 21:43:36.361  8617  8617 E adbd    : recv: OPEN 00010e3a 00000000 003a:73 68 65 6C 6C 2C 76 32 2C 54 45 52 4D 3D 73 63 72 65 65 6E 2C 72 61 77 3A 67 65 74 70 72 6F 70 20 72 6F 2E 62 75 69 6C 64 2E 76 65 72 73 69 6F 6E 2E 72 65 6C 65 61 73 65 00 
07-10 21:43:36.361  8617  8617 E adbd    : service_to_fd: shell,v2,TERM=screen,raw:getprop ro.build.version.release
07-10 21:43:36.365  5309  5309 V Configuration:  needToUpdateOverlays
07-10 21:43:36.376  5309  5309 I chatty  : uid=10074(u0_a74) com.sec.android.app.launcher identical 11 lines
07-10 21:43:36.376  5309  5309 V Configuration:  needToUpdateOverlays
07-10 21:43:36.391  3583  3733 V APM_AudioPolicyManager: listAudioPorts() role 0 type 0 num_ports 0 ports 0xe6b994d0
07-10 21:43:36.391  3583  9204 I AudioFlinger: track setMixerOutFormat 1
07-10 21:43:36.391  3583  3733 V APM_AudioPolicyManager: listAudioPorts() got 0 ports needed 8
07-10 21:43:36.391  3583  9204 I AudioEffectStage: getStageIndex primary_output_sub1_normal
07-10 21:43:36.391  3583  9204 I AudioFlinger: updateStageIndex prev 0, new -1302
07-10 21:43:36.391  3583  8232 V APM_AudioPolicyManager: listAudioPorts() role 0 type 0 num_ports 0 ports 0xe6798040
07-10 21:43:36.391  3583  9204 I AudioEffectStage: getSinkBuffer primary_output_sub1_normal
07-10 21:43:36.391  3583  8232 V APM_AudioPolicyManager: listAudioPorts() got 0 ports needed 8
07-10 21:43:36.391  3583  8232 V APM_AudioPolicyManager: listAudioPorts() role 0 type 0 num_ports 8 ports 0xe4ab9000
07-10 21:43:36.391  3583  8232 V APM_AudioPolicyManager: listAudioPorts() got 8 ports needed 8
07-10 21:43:36.392  3583  3583 V APM_AudioPolicyManager: listAudioPorts() role 0 type 0 num_ports 8 ports 0xe5145000
07-10 21:43:36.392  3583  3583 V APM_AudioPolicyManager: listAudioPorts() got 8 ports needed 8
07-10 21:43:36.393  3420  3420 W /system/bin/hw/android.hidl.allocator@1.0-service: ashmem_create_region(3840) returning hidl_memory(0x7f6462c500, 3840)
07-10 21:43:36.394  4354  4354 D vol.SecVolumeDialogImpl: updateVolumeRowH s=2, ss.level : 11, row.lastAudibleLevel : 11, row.ss.muted : true
07-10 21:43:36.395  3597 13364 I MediaClock: setThreshold mThresholdTimeUsForAnchor(500000), mMinClockModificationTimeUs(40000), mMaxCorrectionTimeUs(30000)
07-10 21:43:36.395  3597 13364 I NuPlayerRenderer: onAudioSinkChanged() getPosition : 0
07-10 21:43:36.396  3597 13364 I MediaClock: setPlaybackRate rate : 0.000000
07-10 21:43:36.396  3597 13364 I NuPlayerRenderer: onDrainAudioQueue() send kWhatPollingAudioStarted audio_out : 0
07-10 21:43:36.396  3597 13364 I NuPlayerRenderer: setAudioFirstAnchorTime mAudioFirstAnchorTimeMediaUs : -1, new mediaTimeUs : 0
07-10 21:43:36.396  3597 13355 V NuPlayer: media rendering started
07-10 21:43:36.396  3597 13355 V NuPlayer: msg : 6, ext1 : 0, ext2 : 0
07-10 21:43:36.396  3597 13355 D NuPlayerDriver: notifyListener_l(0xf214b3c0), (6, 0, 0, -1), loop setting(0, 0)
07-10 21:43:36.396  3597 13355 V MediaPlayerService: [4] notify (6, 0, 0)
07-10 21:43:36.396  3597 13355 V NuPlayer: setDecoderBooster enable = No
07-10 21:43:36.396 13324 13339 V MediaPlayerNative: message received msg=6, ext1=0, ext2=0
07-10 21:43:36.396  3597 13355 I NuPlayer: MEDIA_INFO_RENDERING_START
07-10 21:43:36.396  3597 13355 V NuPlayer: msg : 200, ext1 : 3, ext2 : 0
07-10 21:43:36.396 13324 13339 V MediaPlayerNative: unrecognized message: (6, 0, 0)
07-10 21:43:36.396 13324 13339 V MediaPlayerNative: callback application
07-10 21:43:36.396  3597 13355 D NuPlayerDriver: notifyListener_l(0xf214b3c0), (200, 3, 0, -1), loop setting(0, 0)
07-10 21:43:36.396  3597 13355 V MediaPlayerService: [4] notify (200, 3, 0)
07-10 21:43:36.397 13324 13339 V MediaPlayerNative: back from callback
07-10 21:43:36.397 13324 13339 V MediaPlayerNative: message received msg=200, ext1=3, ext2=0
07-10 21:43:36.397 13324 13324 V MediaPlayer-JNI: getCurrentPosition: 67 (msec)
07-10 21:43:36.397 13324 13339 W MediaPlayerNative: info/warning (3, 0)
07-10 21:43:36.397 13324 13339 V MediaPlayerNative: callback application
07-10 21:43:36.398 13324 13339 V MediaPlayerNative: back from callback
07-10 21:43:36.401  4354  4354 D vol.SecVolumeDialogImpl: updateVolumeRowH s=3, ss.level : 700, row.lastAudibleLevel : 700, row.ss.muted : false
07-10 21:43:36.402  4354  4354 D vol.SecVolumeDialogImpl: STREAM_MUSIC onProgressChanged 700 fromUser=false
07-10 21:43:36.402  4354  4354 D vol.SecVolumeDialogImpl: updateVolumeRowH s=5, ss.level : 11, row.lastAudibleLevel : 11, row.ss.muted : true
07-10 21:43:36.402  4354  4354 D vol.SecVolumeDialogImpl: updateVolumeRowH s=1, ss.level : 6, row.lastAudibleLevel : 6, row.ss.muted : true
07-10 21:43:36.403  4354  4354 D vol.SecVolumeDialogImpl: updateVolumeRowH s=4, ss.level : 11, row.lastAudibleLevel : 11, row.ss.muted : false
07-10 21:43:36.403  4354  4354 D vol.SecVolumeDialogImpl: STREAM_ALARM onProgressChanged 1100 fromUser=false
07-10 21:43:36.404  4354  4354 D vol.SecVolumeDialogImpl: updateVolumeRowH s=0, ss.level : 4, row.lastAudibleLevel : 4, row.ss.muted : false
07-10 21:43:36.404  4354  4354 D vol.SecVolumeDialogImpl: STREAM_VOICE_CALL onProgressChanged 500 fromUser=false
07-10 21:43:36.404  4354  4354 D vol.SecVolumeDialogImpl: updateVolumeRowH s=6, ss.level : 7, row.lastAudibleLevel : 7, row.ss.muted : false
07-10 21:43:36.405  4354  4354 D vol.SecVolumeDialogImpl: STREAM_BLUETOOTH_SCO onProgressChanged 800 fromUser=false
07-10 21:43:36.405  4354  4354 D vol.SecVolumeDialogImpl: updateVolumeRowH s=10, ss.level : 7, row.lastAudibleLevel : 7, row.ss.muted : false
07-10 21:43:36.405  4354  4354 D vol.SecVolumeDialogImpl: STREAM_ACCESSIBILITY onProgressChanged 700 fromUser=false
07-10 21:43:36.406  4354  4354 D vol.SecVolumeDialogImpl: updateVolumeRowH s=14, ss.level : 7, row.lastAudibleLevel : 7, row.ss.muted : false
07-10 21:43:36.406  4354  4354 D vol.SecVolumeDialogImpl: STREAM_VOICENOTE onProgressChanged 700 fromUser=false
07-10 21:43:36.406  4354  4354 D vol.SecVolumeDialogImpl: updateVolumeRowH s=11, ss.level : 0, row.lastAudibleLevel : 1, row.ss.muted : false
07-10 21:43:36.410  4354  4354 D vol.SecVolumeDialogImpl: updateVolumeRowH s=12, ss.level : 700, row.lastAudibleLevel : 700, row.ss.muted : false
07-10 21:43:36.410  4354  4354 D vol.SecVolumeDialogImpl: STREAM_VIDEO_CALL onProgressChanged 700 fromUser=false
07-10 21:43:36.415  3583  3764 I SoundAlive_Interface: [ -447393536 ][ 44100 ]FlushBuffers()
07-10 21:43:36.415  3583  3764 I SoundAlive_Core: [ -447393536 ][ 44100 ](interface-API)FlushBuffers()
07-10 21:43:36.415  3583  3764 D SoundAlive_Core: [ -447393536 ][ 44100 ](internal-API)ReOpen( ConfigMode : 1 )
07-10 21:43:36.415  3583  3764 I SoundAlive_Effect: [ -447393536 ][ 44100 ]Init() nch : 2  bitdepth : 1 
07-10 21:43:36.416  3446  3446 I SurfaceFlinger: Display 0 HWC layers:
07-10 21:43:36.416  3446  3446 I SurfaceFlinger:     type    |    handle    | flag |  format   |   source crop (l,t,r,b)    |         frame       | name 
07-10 21:43:36.416  3446  3446 I SurfaceFlinger: ------------+--------------+------+-----------+----------------------------+---------------------+------
07-10 21:43:36.416  3446  3446 I SurfaceFlinger:      Device | 0x73e9c24840 | 0002 | 0x0000121 |   0.0    0.0 1280.0  720.0 |    0    0  678 1280 | SurfaceView - x.intervalapp.displayt[...].displaytest.MainActivity@82099e@0#0
07-10 21:43:36.416  3446  3446 I SurfaceFlinger:      Device | 0x73e384c940 | 0000 | RGBA_8888 | 678.0    0.0  720.0 1280.0 |  678    0  720 1280 | x.intervalapp.displaytest/x.intervalapp.displaytest.MainActivity#0
07-10 21:43:36.416  3446  3446 I SurfaceFlinger:      Device | 0x73e9c24000 | 0000 | RGBA_8888 |   0.0    0.0  720.0   42.0 |  678    0  720  720 | StatusBar#0
07-10 21:43:36.416  3446  3446 I SurfaceFlinger:      Device | 0x73e9c24f00 | 0000 | RGBA_8888 |   0.0    0.0  720.0 1280.0 |    0    0  720 1280 | ScreenshotSurface#0
07-10 21:43:36.416  3446  3446 I SurfaceFlinger: 
07-10 21:43:36.417  3583  3764 I SoundAlive_Effect: [ -447393536 ][ 44100 ]SamplingRateConfig() SamplingRate : 44100
07-10 21:43:36.417  3583  3764 I SoundAlive_Effect: [ -447393536 ][ 44100 ]OutDevConfig() OutDevConfig : 1
07-10 21:43:36.417  3583  3764 D SoundAlive_Core: [ -447393536 ][ 44100 ](internal-API)Set_Current_Effect_Configuration( ConfigMode : 1 )
07-10 21:43:36.417  3583  3764 I SoundAlive_Effect: [ -447393536 ][ 44100 ]Set_Preset() : 0
07-10 21:43:36.417  3583  3764 I SoundAlive_Effect: [ -447393536 ][ 44100 ]Set_User_BWE() 0
07-10 21:43:36.417  3583  3764 I SoundAlive_Effect: [ -447393536 ][ 44100 ]Set_User_CH() : 0
07-10 21:43:36.417  3583  3764 I SoundAlive_Effect: [ -447393536 ][ 44100 ]Set_SquareUI() : 4 , 4
07-10 21:43:36.417  3583  3764 I SoundAlive_Effect: [ -447393536 ][ 44100 ]Set_User_3D() : 0
07-10 21:43:36.417  3583  3764 I SoundAlive_Effect: [ -447393536 ][ 44100 ]Set_User_BE() : 0
07-10 21:43:36.417  3583  3764 I SoundAlive_Interface: [ -447393536 ][ 48000 ]SoundAlive_Config() SamplingRate : 48000 , nch : 2 
07-10 21:43:36.417  3583  3764 I SoundAlive_Core: [ -447393536 ][ 44100 ](interface-API)SoundAlive_Config() SamplingRate : 48000 , nch : 2 
07-10 21:43:36.417  3583  3764 I SoundAlive_PrePost: [ -447393536 ][ 48000 ]SoundAlive_Config()
07-10 21:43:36.417  3583  3764 I SoundAlive_Effect: [ -447393536 ][ 48000 ]SoundAlive_Config()
07-10 21:43:36.417  3583  3764 D SoundAlive_Core: [ -447393536 ][ 48000 ](internal-API)ReOpen( ConfigMode : 0 )
07-10 21:43:36.417  3583  3764 I SoundAlive_PrePost: [ -447393536 ][ 48000 ]Init()
07-10 21:43:36.419  3583  3764 I SoundAlive_PrePost: [ -447393536 ][ 48000 ]SamplingRateConfig()  SamplingRate : -447393536
07-10 21:43:36.419  3583  3764 I SoundAlive_PrePost: [ -447393536 ][ 48000 ]OutDevConfig() OutMode : 1
07-10 21:43:36.419  3583  3764 I SoundAlive_Effect: [ -447393536 ][ 48000 ]Init() nch : 2  bitdepth : 1 
07-10 21:43:36.419  3583  3764 I SoundAlive_Effect: [ -447393536 ][ 48000 ]SamplingRateConfig() SamplingRate : 48000
07-10 21:43:36.419  3583  3764 I SoundAlive_Effect: [ -447393536 ][ 48000 ]OutDevConfig() OutDevConfig : 1
07-10 21:43:36.419  3583  3764 D SoundAlive_Core: [ -447393536 ][ 48000 ](internal-API)Set_Current_Effect_Configuration( ConfigMode : 0 )
07-10 21:43:36.419  3583  3764 I SoundAlive_PrePost: [ -447393536 ][ 48000 ]Set_Preset()  Preset : 0
07-10 21:43:36.419  3583  3764 I SoundAlive_PrePost: [ -447393536 ][ 48000 ]Set_User_BWE 0
07-10 21:43:36.419  3583  3764 I SoundAlive_PrePost: [ -447393536 ][ 48000 ]Set_User_CH() OnOff : 0
07-10 21:43:36.419  3583  3764 I SoundAlive_PrePost: [ -447393536 ][ 48000 ]Set_SquareUI() Sqrow : 4  ,  Sqcol : 4
07-10 21:43:36.419  3583  3764 I SoundAlive_Effect: [ -447393536 ][ 48000 ]Set_Preset() : 0
07-10 21:43:36.419  3583  3764 I SoundAlive_Effect: [ -447393536 ][ 48000 ]Set_User_BWE() 0
07-10 21:43:36.419  3583  3764 I SoundAlive_Effect: [ -447393536 ][ 48000 ]Set_User_CH() : 0
07-10 21:43:36.419  3583  3764 I SoundAlive_Effect: [ -447393536 ][ 48000 ]Set_SquareUI() : 4 , 4
07-10 21:43:36.419  3583  3764 I SoundAlive_Effect: [ -447393536 ][ 48000 ]Set_User_3D() : 0
07-10 21:43:36.419  3583  3764 I SoundAlive_Effect: [ -447393536 ][ 48000 ]Set_User_BE() : 0
07-10 21:43:36.419  3583  3764 I SoundAlive_Interface: [ -447393536 ][ 48000 ]Set_Speaker_Output() 
07-10 21:43:36.419  3583  3764 I SoundAlive_Core: [ -447393536 ][ 48000 ](interface-API)Set_Speaker_Output() 
07-10 21:43:36.419  3583  3764 I SoundAlive_Interface: [ -447393536 ][ 48000 ]Set_Preset() Preset : 0  
07-10 21:43:36.419  3583  3764 I SoundAlive_Core: [ -447393536 ][ 48000 ](interface-API)Set_Preset() Preset : 0  
07-10 21:43:36.419  3583  3764 I SoundAlive_PrePost: [ -447393536 ][ 48000 ]Set_Preset()  Preset : 0
07-10 21:43:36.419  3583  3764 I SoundAlive_Effect: [ -447393536 ][ 48000 ]Set_Preset() : 0
07-10 21:43:36.419  3583  3764 I SoundAlive_Interface: [ -447393536 ][ 48000 ]Set_User_CH() : 0
07-10 21:43:36.419  3583  3764 I SoundAlive_Core: [ -447393536 ][ 48000 ](interface-API)Set_User_CH() : 0
07-10 21:43:36.419  3583  3764 I SoundAlive_PrePost: [ -447393536 ][ 48000 ]Set_User_CH() OnOff : 0
07-10 21:43:36.419  3583  3764 I SoundAlive_Effect: [ -447393536 ][ 48000 ]Set_User_CH() : 0
07-10 21:43:36.419  3583  3764 I SoundAlive_Interface: [ -447393536 ][ 48000 ]Set_SquareUI() Sqrow : 4  , Sqcol : 4  
07-10 21:43:36.419  3583  3764 I SoundAlive_Core: [ -447393536 ][ 48000 ](interface-API)Set_SquareUI() Sqrow : 4  , Sqcol : 4  
07-10 21:43:36.419  3583  3764 I SoundAlive_PrePost: [ -447393536 ][ 48000 ]Set_UI_Tab 0
07-10 21:43:36.419  3583  3764 I SoundAlive_PrePost: [ -447393536 ][ 48000 ]Set_SquareUI() Sqrow : 4  ,  Sqcol : 4
07-10 21:43:36.419  3583  3764 I SoundAlive_Effect: [ -447393536 ][ 48000 ]Set_SquareUI() : 4 , 4
07-10 21:43:36.420  3583  3764 I SoundAlive_Effect: [ -447393536 ][ 48000 ]Set_User_3D() : 0
07-10 21:43:36.420  3583  3764 I SoundAlive_Effect: [ -447393536 ][ 48000 ]Set_User_BE() : 0
07-10 21:43:36.420  3583  3764 I SoundAlive_Interface: [ -447393536 ][ 48000 ]Set_Preset() Preset : 0  
07-10 21:43:36.420  3583  3764 I SoundAlive_Core: [ -447393536 ][ 48000 ](interface-API)Set_Preset() Preset : 0  
07-10 21:43:36.420  3583  3764 I SoundAlive_PrePost: [ -447393536 ][ 48000 ]Set_Preset()  Preset : 0
07-10 21:43:36.420  3583  3764 I SoundAlive_Effect: [ -447393536 ][ 48000 ]Set_Preset() : 0
07-10 21:43:36.420  3583  3764 I SoundAlive_Interface: [ -447393536 ][ 48000 ]Set_User_CH() : 0
07-10 21:43:36.420  3583  3764 I SoundAlive_Core: [ -447393536 ][ 48000 ](interface-API)Set_User_CH() : 0
07-10 21:43:36.420  3583  3764 I SoundAlive_PrePost: [ -447393536 ][ 48000 ]Set_User_CH() OnOff : 0
07-10 21:43:36.420  3583  3764 I SoundAlive_Effect: [ -447393536 ][ 48000 ]Set_User_CH() : 0
07-10 21:43:36.420  3583  3764 I SoundAlive_PrePost: [ -447393536 ][ 48000 ]Exe_Pre() mRequiredPreVolume is changed - dB : -25.998276  mRequiredPreVolume : -10.998276
07-10 21:43:36.420  3583  3764 I SoundAlive_PrePost: [ -447393536 ][ 48000 ]Exe_Pre() mRequiredPreGain is changed - dB : -25.998276  mRequiredPreGain : 0.000000
07-10 21:43:36.422  3583  3764 I SoundAlive_PrePost: [ -447393536 ][ 48000 ]Exe_Post() mRequiredPostVolume is changed - dB : -25.998276  mRequiredPostVolume : -15.000000
07-10 21:43:36.423  3583  3764 I SoundAlive_PrePost: [ -447393536 ][ 48000 ]Exe_Post() mRequiredPostGain is changed - dB : -25.998276  mRequiredPostGain : 0.000000
07-10 21:43:36.430  3421 13402 D audio_hw_primary_abox: primary_out-set_audio_route: [PLAYBACK] current-device(none) new-device(speaker) in cur-mode(normal) & new-mode(normal)!
07-10 21:43:36.431  3421 13402 I audio_route: > audio_route_apply_path : "media-speaker"
07-10 21:43:36.432  4354  4703 D Tile.WifiTile: handleUpdateState enabledChanging
07-10 21:43:36.432  3421 13402 I audio_route: > audio_route_update_path : "media-speaker" reverse(0)
07-10 21:43:36.434  3421 13402 D audio_hw_primary_abox: primary_out-do_set_route: Enabled Audio Route(media-speaker)
07-10 21:43:36.434  3421 13402 I audio_route: > audio_route_apply_path : "gain-media-speaker"
07-10 21:43:36.434  3421 13402 I audio_route: > audio_route_update_path : "gain-media-speaker" reverse(0)
07-10 21:43:36.434  3421 13402 D audio_hw_primary_abox: primary_out-do_set_route: Enabled Audio Gain(gain-media-speaker)
07-10 21:43:36.435  4354  4703 D Tile.BluetoothTile: handleUpdateState enabled = false connected = false bluetoothState = 10
07-10 21:43:36.436  3421 13402 I audio_hw_primary_abox: [do_open_spkamp_stream] Opened PCM Device(/dev/snd/pcmC0D7p) configured Info: Channels(2)  Smapling Rate(48000), Format: Default(0)
07-10 21:43:36.436  4354  4703 D Tile.RotationLockTile:  handleUpdateState: true orientation = true
07-10 21:43:36.436  4354  4703 D FlashlightController: updateTorchCallback for mCameraId 0
07-10 21:43:36.436  4354  4793 V SystemUIAnalytics: SAPreference : 1104 / 1
07-10 21:43:36.437  4354  4793 V SystemUIAnalytics: SAPreference : 1105 / 0
07-10 21:43:36.437  4354  4793 V SystemUIAnalytics: SAPreference : 1105 / 0
07-10 21:43:36.437  4354  4793 V SystemUIAnalytics: SAPreference : 1106 / 0
07-10 21:43:36.437  4354  4793 V SystemUIAnalytics: SAPreference : 1108 / 0
07-10 21:43:36.437  4354  4354 D KeyguardUpdateMonitor: handleConfigurationChanged
07-10 21:43:36.437  4354  4703 D Tile.AirplaneModeTile:  handleUpdateState:  value false  state.dim false
07-10 21:43:36.438  4354  4703 W Tile.CustomTile: handleUpdateState : hasPendingBind null
07-10 21:43:36.438  4354  4793 V SystemUIAnalytics: SAPreference : 2014 / 0
07-10 21:43:36.438  3421 13402 I audio_hw_primary_abox: [do_open_spkamp_stream] Opened PCM Device(/dev/snd/pcmC0D11c) configured Info: Channels(2)  Smapling Rate(48000), Format: Default(0)
07-10 21:43:36.438  4354  4354 D ViewRootImpl@7eef82[StatusBar]: MSG_RESIZED_REPORT: frame=Rect(0, 0 - 1280, 42) ci=Rect(0, 0 - 0, 0) vi=Rect(0, 0 - 0, 0) or=2
07-10 21:43:36.439  4354  4354 D KeyguardUpdateMonitor: handleStatusBarState( false )
07-10 21:43:36.440  3421 13402 I audio_hw_primary_abox: [do_open_spkamp_stream] Opened PCM Device(/dev/snd/pcmC0D12c) configured Info: Channels(2)  Smapling Rate(48000), Format: Default(0)
07-10 21:43:36.445  4354  4793 V SystemUIAnalytics: SAPreference : 1109 / 0
07-10 21:43:36.445  8617  8617 E adbd    : recv: OPEN 00010e40 00000000 0036:73 68 65 6C 6C 2C 76 32 2C 54 45 52 4D 3D 73 63 72 65 65 6E 2C 72 61 77 3A 67 65 74 70 72 6F 70 20 72 6F 2E 62 75 69 6C 64 2E 76 65 72 73 69 6F 6E 2E 73 64 6B 00 
07-10 21:43:36.446  8617  8617 E adbd    : service_to_fd: shell,v2,TERM=screen,raw:getprop ro.build.version.sdk
07-10 21:43:36.452  4354  4703 D Tile.MobileDataTile: handleUpdateState : state false
07-10 21:43:36.453  4354  4793 V SystemUIAnalytics: SAPreference : 2012 / 0
07-10 21:43:36.454  4354  4703 D Tile.HotspotTile: handleUpdateState :  = false
07-10 21:43:36.454  4354  4703 W Tile.CustomTile: handleUpdateState : hasPendingBind null
07-10 21:43:36.454  4354  4793 V SystemUIAnalytics: SAPreference : 2020 / 0
07-10 21:43:36.457  4354  4793 V SystemUIAnalytics: SAPreference : 2022 / 0
07-10 21:43:36.457  3960  6168 V WindowManager: finishDrawingLocked: mDrawState=COMMIT_DRAW_PENDING Window{86dd252 u0 StatusBar} in Surface(name=StatusBar)
07-10 21:43:36.459  4354  4354 D KeyguardClockPage: onRefreshCarrierInfo(pre, now): false, false
07-10 21:43:36.460  4354  4354 D CarrierText: updateCarrierText(): subscriptionInfo Size = 0, DefaultText = No service
07-10 21:43:36.460  4354  4354 D MultiSimUtils: isSimStateReadyorNotReady() : simSlot = 0, simState = ABSENT
07-10 21:43:36.460  4354  4354 D MultiSimUtils: isSimStateReadyorNotReady() : simSlot = 1, simState = ABSENT
07-10 21:43:36.460  4354  4354 D CarrierText: Getting plmn/spn/subId sticky brdcst  plmn : Emergency calls only, spn : , subId :-2
07-10 21:43:36.460  4354  4354 D CarrierText: plmn Of NetworkController Impl : Emergency calls only
07-10 21:43:36.461  4354  4354 D CarrierText: setText : No SIM card | Emergency calls only
07-10 21:43:36.461  4354  4354 D CarrierText: updateCarrierText(): subscriptionInfo Size = 0, DefaultText = No service
07-10 21:43:36.461  4354  4354 D MultiSimUtils: isSimStateReadyorNotReady() : simSlot = 0, simState = ABSENT
07-10 21:43:36.461  4354  4354 D MultiSimUtils: isSimStateReadyorNotReady() : simSlot = 1, simState = ABSENT
07-10 21:43:36.462  4354  4354 D CarrierText: Getting plmn/spn/subId sticky brdcst  plmn : Emergency calls only, spn : , subId :-2
07-10 21:43:36.462  4354  4354 D CarrierText: plmn Of NetworkController Impl : Emergency calls only
07-10 21:43:36.462  4354  4354 D CarrierText: setText : No SIM card | Emergency calls only
07-10 21:43:36.465  3960  4029 I WindowManager: Screen frozen for +1s603ms due to Window{86dd252 u0 StatusBar}
07-10 21:43:36.469  3446  3446 I SurfaceFlinger: id=45 createSurf (1440x1280),-1 flag=20004, BlackSurface#0
07-10 21:43:36.470  3446  3446 I SurfaceFlinger: id=46 createSurf (720x2560),-1 flag=20004, BlackSurface#0
07-10 21:43:36.470  3421 13402 I audio_hw_primary_abox: primary_out-do_open_output_stream: Opened PCM Device is /dev/snd/pcmC0D0p samplingRate(48000) pcmformat(0)
07-10 21:43:36.471  3421 13402 I audio_hw_primary_abox: primary_out-out_write: Transit to Idle
07-10 21:43:36.471  3446  3446 I SurfaceFlinger: id=47 createSurf (1440x1280),-1 flag=20004, BlackSurface#0
07-10 21:43:36.472  3421 13402 I audio_hw_primary_abox: primary_out-out_write: Transit to Playing
07-10 21:43:36.473  3446  3446 I SurfaceFlinger: id=48 createSurf (720x2560),-1 flag=20004, BlackSurface#0
07-10 21:43:36.474  3960  4029 D InputDispatcher: setInputDispatchMode: enabled=1, frozen=0
07-10 21:43:36.476  3421  3669 D audio_hw_primary_abox: device-adev_set_parameters: enter with key(display_rotation=1)
07-10 21:43:36.476  3421  3669 D audio_hw_primary_abox: device-adev_set_parameters: exit
07-10 21:43:36.480  3583  9204 V MultiRecordManager: setParameters(): io 0, keyvalue display_rotation=1, calling pid 3960
07-10 21:43:36.483  4354  4354 D KeyguardUpdateMonitor: handleStatusBarState( false )
07-10 21:43:36.492  4354  4354 I chatty  : uid=10009(u0_a9) com.android.systemui identical 1 line
07-10 21:43:36.497  4354  4354 D KeyguardUpdateMonitor: handleStatusBarState( false )
07-10 21:43:36.517  8617  8617 E adbd    : recv: OPEN 00010e46 00000000 00f8:73 68 65 6C 6C 2C 76 32 2C 54 45 52 4D 3D 73 63 72 65 65 6E 2C 72 61 77 3A 61 6D 20 73 74 61 72 74 2D 66 6F 72 65 67 72 6F 75 6E 64 2D 73 65 72 76 69 63 65 20 2D 6E 20 22 63 6F 6D 2E 65 78 61 6D 70 6C 65 2E 62 61 74 74 65 72 79 6D 61 6E 61 67 65 72 5F 75 74 69 6C 69 74 79 2F 63 6F 6D 2E 65 78 61 6D 70 6C 65 2E 62 61 74 74 65 72 79 6D 61 6E 61 67 65 72 5F 75 74 69 6C 69 74 79 2E 44 61 74 61 43 6F 6C 6C 65 63 74 69 6F 6E 53 65 72 76 69 63 65 22 20 2D 2D 65 69 20 73 61 6D 70 6C 65 52 61 74 65 20 31 20 2D 2D 65 73 20 22 64 61 74 61 46 69 65 6C 64 73 22 20 22 42 41 54 54 45 52 59 5F 50 52 4F 50 45 52 54 59 5F 43 55 52 52 45 4E 54 5F 4E 4F 57 2C 45 58 54 52 41 5F 56 4F 4C 54 41 47 45 22 20 2D 2D 65 7A 20 74 6F 43 53 56 20 66 61 6C 73 65 00 
07-10 21:43:36.517  8617  8617 E adbd    : service_to_fd: shell,v2,TERM=screen,raw:am start-foreground-service -n "com.example.batterymanager_utility/com.example.batterymanager_utility.DataCollectionService" --ei sampleRate 1 --es "dataFields" "BATTERY_PROPERTY_CURRENT_NOW,EXTRA_VOLTAGE" --ez toCSV false
07-10 21:43:36.518  3446  3446 I SurfaceFlinger: Display 0 HWC layers:
07-10 21:43:36.518  3446  3446 I SurfaceFlinger:     type    |    handle    | flag |  format   |   source crop (l,t,r,b)    |         frame       | name 
07-10 21:43:36.518  3446  3446 I SurfaceFlinger: ------------+--------------+------+-----------+----------------------------+---------------------+------
07-10 21:43:36.518  3446  3446 I SurfaceFlinger:      Client |              | 0002 |  Unknown  |  -0.1    0.0   -0.9   -1.0 |    0  187  720 1136 | Background for - SurfaceView - x.int[...].displaytest.MainActivity@82099e@0#0
07-10 21:43:36.518  3446  3446 I SurfaceFlinger:      Client | 0x73e9c24840 | 0002 | 0x0000121 | 147.0    0.0 1144.0  720.0 |    0  187  720 1136 | SurfaceView - x.intervalapp.displayt[...].displaytest.MainActivity@82099e@0#0
07-10 21:43:36.518  3446  3446 I SurfaceFlinger:      Client | 0x73e384c940 | 0000 | RGBA_8888 | 678.0  135.0  720.0 1144.0 |    0  147  720  425 | x.intervalapp.displaytest/x.intervalapp.displaytest.MainActivity#0
07-10 21:43:36.518  3446  3446 I SurfaceFlinger:      Client | 0x73e384af00 | 0000 | RGBA_8888 |   0.0  135.0   42.0  950.0 |    0  147  720  422 | StatusBar#0
07-10 21:43:36.518  3446  3446 I SurfaceFlinger:      Client | 0x73e9c24f00 | 0000 | RGBA_8888 |   0.0    0.0  720.0 1280.0 |    0    0  720 1280 | ScreenshotSurface#0
07-10 21:43:36.518  3446  3446 I SurfaceFlinger:      Client |              | 0000 |  Unkn
07-10 21:43:36.518  3446  3446 I SurfaceFlinger: own  |  -0.4   -0.9   -0.9   -1.0 |   25    0  720  146 | BlackSurface#0
07-10 21:43:36.518  3446  3446 I SurfaceFlinger:      Client |              | 0000 |  Unknown  |  -0.9   -0.0   -1.0   -0.6 |    0    0  129 1200 | BlackSurface#0
07-10 21:43:36.518  3446  3446 I SurfaceFlinger:      Client |              | 0000 |  Unknown  |  -0.1    0.0   -0.6   -0.1 |    0 1134  695 1280 | BlackSurface#0
07-10 21:43:36.518  3446  3446 I SurfaceFlinger:      Client |              | 0000 |  Unknown  |   0.0   -0.4   -0.1   -1.0 |  591   80  720 1280 | BlackSurface#0
07-10 21:43:36.518  3446  3446 I SurfaceFlinger: 
07-10 21:43:36.527  3960  3960 D CustomFrequencyManagerService: releaseDVFSLockLocked : Getting Lock type frm List : DVFS_MIN_LIMIT  frequency : 1560000  uid : 1000  pid : 3960  tag : AMS_RESUME_TAIL@CPU_MIN@21
07-10 21:43:36.529  3597 13364 I NuPlayerRenderer: kWhatPollingAudioStarted clock running played_out : 34082 us, audio_out : 0 us, gap : 34082 us
07-10 21:43:36.529  3597 13364 I MediaClock: setPlaybackRate rate : 1.000000
07-10 21:43:36.529  3597 13364 I MediaClock: setSpeedAjust mSASpeed (0), mMinClockModificationTimeUs (40000)
07-10 21:43:36.529  3597 13364 I NuPlayerRenderer: kWhatPollingAudioStarted update nowMediaUs : 24748 us
07-10 21:43:36.543  3435  3435 I android.hardware.wifi@1.0-service: getLinkLayerStats
07-10 21:43:36.564  3583  3764 D AudioFlinger: mixer(0xe6083e80) throttle end: throttle time(54)
07-10 21:43:36.579 13280 13280 I BatteryMgr:DataCollectionService: onStartCommand: begin
07-10 21:43:36.579 13280 13280 I BatteryMgr:DataCollectionService: onStartCommand: sampleRate => 1
07-10 21:43:36.579 13280 13280 I BatteryMgr:DataCollectionService: onStartCommand: rawFields => Timestamp,BATTERY_PROPERTY_CURRENT_NOW,EXTRA_VOLTAGE
07-10 21:43:36.580 13280 13280 I BatteryMgr:DataCollectionService: onStartCommand: notification done
07-10 21:43:36.581 13280 13280 D Notification: allPendingIntents
07-10 21:43:36.582 13280 13280 I BatteryMgr:DataCollectionService: started foreground
07-10 21:43:36.585  3960  3975 D ApplicationPolicy: isStatusBarNotificationAllowedAsUser: packageName = android,userId = 0
07-10 21:43:36.585  3960  3975 D API test: getContainerInfo: value is 
07-10 21:43:36.585  3960  3975 D ApplicationPolicy: isStatusBarNotificationAllowedAsUser: packageName = android,userId = 0
07-10 21:43:36.585  3960  3975 D API test: getContainerInfo: value is 
07-10 21:43:36.585  3960  3975 E NotificationService: Suppressing notification from package by user request.
07-10 21:43:36.585  3960  3975 D ApplicationPolicy: isStatusBarNotificationAllowedAsUser: packageName = com.example.batterymanager_utility,userId = 0
07-10 21:43:36.585  3960  3975 D API test: getContainerInfo: value is 
07-10 21:43:36.586  3960  3975 D ApplicationPolicy: isStatusBarNotificationAllowedAsUser: packageName = com.example.batterymanager_utility,userId = 0
07-10 21:43:36.586  3960  3975 D API test: getContainerInfo: value is 
07-10 21:43:36.586  3960  3975 E NotificationService: Suppressing notification from package by user request.
07-10 21:43:36.591 13280 13410 I BatteryMgr:DataCollectionService: collectData: begin
07-10 21:43:36.595 13280 13410 I BatteryMgr:DataCollectionService: stats => 1689018216595,-98,4133
07-10 21:43:36.600 13280 13410 I BatteryMgr:DataCollectionService: stats => 1689018216600,-98,4133
07-10 21:43:36.605 13280 13410 I BatteryMgr:DataCollectionService: stats => 1689018216605,-98,4133
07-10 21:43:36.609 13280 13410 I BatteryMgr:DataCollectionService: stats => 1689018216609,-98,4133
07-10 21:43:36.612 13280 13410 I BatteryMgr:DataCollectionService: stats => 1689018216612,-98,4133
07-10 21:43:36.616 13280 13410 I BatteryMgr:DataCollectionService: stats => 1689018216616,-98,4133
07-10 21:43:36.619 13280 13410 I BatteryMgr:DataCollectionService: stats => 1689018216619,-98,4133
07-10 21:43:36.623 13280 13410 I BatteryMgr:DataCollectionService: stats => 1689018216623,-98,4133
07-10 21:43:36.628 13280 13410 I BatteryMgr:DataCollectionService: stats => 1689018216628,-98,4133
07-10 21:43:36.632 13280 13410 I BatteryMgr:DataCollectionService: stats => 1689018216632,-98,4133
07-10 21:43:36.636 13280 13410 I BatteryMgr:DataCollectionService: stats => 1689018216636,-98,4133
07-10 21:43:36.640 13280 13410 I BatteryMgr:DataCollectionService: stats => 1689018216640,-98,4133
07-10 21:43:36.642  8617  8617 E adbd    : recv: OPEN 00010e4f 00000000 003a:73 68 65 6C 6C 2C 76 32 2C 54 45 52 4D 3D 73 63 72 65 65 6E 2C 72 61 77 3A 67 65 74 70 72 6F 70 20 72 6F 2E 62 75 69 6C 64 2E 76 65 72 73 69 6F 6E 2E 72 65 6C 65 61 73 65 00 
07-10 21:43:36.642  8617  8617 E adbd    : service_to_fd: shell,v2,TERM=screen,raw:getprop ro.build.version.release
07-10 21:43:36.645 13280 13410 I BatteryMgr:DataCollectionService: stats => 1689018216644,-98,4133
07-10 21:43:36.648 13280 13410 I BatteryMgr:DataCollectionService: stats => 1689018216648,-98,4133
07-10 21:43:36.652 13280 13410 I BatteryMgr:DataCollectionService: stats => 1689018216652,-98,4133
07-10 21:43:36.656 13280 13410 I BatteryMgr:DataCollectionService: stats => 1689018216656,-98,4133
07-10 21:43:36.657  3597 13364 I MediaClock: updateClock correction (-30000).  gapTimeUs(-45636), nowMediaUs(107109), oldMediaUs(152745)
07-10 21:43:36.660 13280 13410 I BatteryMgr:DataCollectionService: stats => 1689018216660,-98,4133
07-10 21:43:36.665 13280 13410 I BatteryMgr:DataCollectionService: stats => 1689018216665,-98,4133
07-10 21:43:36.669 13280 13410 I BatteryMgr:DataCollectionService: stats => 1689018216669,-98,4133
07-10 21:43:36.673 13280 13410 I BatteryMgr:DataCollectionService: stats => 1689018216673,-98,4133
07-10 21:43:36.677 13280 13410 I BatteryMgr:DataCollectionService: stats => 1689018216677,-98,4133
07-10 21:43:36.681 13280 13410 I BatteryMgr:DataCollectionService: stats => 1689018216681,-98,4133
07-10 21:43:36.685 13280 13410 I BatteryMgr:DataCollectionService: stats => 1689018216685,-98,4133
07-10 21:43:36.689 13280 13410 I BatteryMgr:DataCollectionService: stats => 1689018216689,-98,4133
07-10 21:43:36.693 13280 13410 I BatteryMgr:DataCollectionService: stats => 1689018216693,-98,4133
07-10 21:43:36.697 13280 13410 I BatteryMgr:DataCollectionService: stats => 1689018216696,-98,4133
07-10 21:43:36.700 13280 13410 I BatteryMgr:DataCollectionService: stats => 1689018216700,-98,4133
07-10 21:43:36.704 13280 13410 I BatteryMgr:DataCollectionService: stats => 1689018216704,-98,4133
07-10 21:43:36.707 13280 13410 I BatteryMgr:DataCollectionService: stats => 1689018216707,-98,4133
07-10 21:43:36.711 13280 13410 I BatteryMgr:DataCollectionService: stats => 1689018216711,-98,4133
07-10 21:43:36.714 13280 13410 I BatteryMgr:DataCollectionService: stats => 1689018216714,-98,4133
07-10 21:43:36.718 13280 13410 I BatteryMgr:DataCollectionService: stats => 1689018216718,-98,4133
07-10 21:43:36.720  8617  8617 E adbd    : recv: OPEN 00010e52 00000000 0036:73 68 65 6C 6C 2C 76 32 2C 54 45 52 4D 3D 73 63 72 65 65 6E 2C 72 61 77 3A 67 65 74 70 72 6F 70 20 72 6F 2E 62 75 69 6C 64 2E 76 65 72 73 69 6F 6E 2E 73 64 6B 00 
07-10 21:43:36.720  8617  8617 E adbd    : service_to_fd: shell,v2,TERM=screen,raw:getprop ro.build.version.sdk
07-10 21:43:36.721 13280 13410 I BatteryMgr:DataCollectionService: stats => 1689018216721,-98,4133
07-10 21:43:36.725 13280 13410 I BatteryMgr:DataCollectionService: stats => 1689018216725,-98,4133
07-10 21:43:36.729 13280 13410 I BatteryMgr:DataCollectionService: stats => 1689018216729,-98,4133
07-10 21:43:36.732 13280 13410 I BatteryMgr:DataCollectionService: stats => 1689018216732,-98,4133
07-10 21:43:36.736 13280 13410 I BatteryMgr:DataCollectionService: stats => 1689018216736,-98,4133
07-10 21:43:36.740 13280 13410 I BatteryMgr:DataCollectionService: stats => 1689018216740,-98,4133
07-10 21:43:36.744 13280 13410 I BatteryMgr:DataCollectionService: stats => 1689018216744,-98,4133
07-10 21:43:36.748 13280 13410 I BatteryMgr:DataCollectionService: stats => 1689018216748,-98,4133
07-10 21:43:36.751 13280 13410 I BatteryMgr:DataCollectionService: stats => 1689018216751,-98,4133
07-10 21:43:36.755 13280 13410 I BatteryMgr:DataCollectionService: stats => 1689018216755,-98,4133
07-10 21:43:36.759 13280 13410 I BatteryMgr:DataCollectionService: stats => 1689018216759,-98,4133
07-10 21:43:36.762 13280 13410 I BatteryMgr:DataCollectionService: stats => 1689018216762,-98,4133
07-10 21:43:36.766 13280 13410 I BatteryMgr:DataCollectionService: stats => 1689018216766,-98,4133
07-10 21:43:36.770 13280 13410 I BatteryMgr:DataCollectionService: stats => 1689018216770,-98,4133
07-10 21:43:36.774 13280 13410 I BatteryMgr:DataCollectionService: stats => 1689018216774,-98,4133
07-10 21:43:36.777 13280 13410 I BatteryMgr:DataCollectionService: stats => 1689018216777,-98,4133
07-10 21:43:36.781 13280 13410 I BatteryMgr:DataCollectionService: stats => 1689018216781,-98,4133
07-10 21:43:36.785 13280 13410 I BatteryMgr:DataCollectionService: stats => 1689018216785,-98,4133
07-10 21:43:36.788 13280 13410 I BatteryMgr:DataCollectionService: stats => 1689018216788,-98,4133
07-10 21:43:36.792 13280 13410 I BatteryMgr:DataCollectionService: stats => 1689018216792,-98,4133
07-10 21:43:36.795 13280 13410 I BatteryMgr:DataCollectionService: stats => 1689018216795,-98,4133
07-10 21:43:36.800 13280 13410 I BatteryMgr:DataCollectionService: stats => 1689018216799,-98,4133
07-10 21:43:36.803 13280 13410 I BatteryMgr:DataCollectionService: stats => 1689018216803,-98,4133
07-10 21:43:36.807 13280 13410 I BatteryMgr:DataCollectionService: stats => 1689018216807,-98,4133
07-10 21:43:36.811 13280 13410 I BatteryMgr:DataCollectionService: stats => 1689018216811,-98,4133
07-10 21:43:36.815 13280 13410 I BatteryMgr:DataCollectionService: stats => 1689018216814,-98,4133
07-10 21:43:36.818 13280 13410 I BatteryMgr:DataCollectionService: stats => 1689018216818,-98,4133
07-10 21:43:36.822 13280 13410 I BatteryMgr:DataCollectionService: stats => 1689018216822,-98,4133
07-10 21:43:36.825 13280 13410 I BatteryMgr:DataCollectionService: stats => 1689018216825,-98,4133
07-10 21:43:36.830 13280 13410 I BatteryMgr:DataCollectionService: stats => 1689018216830,-98,4133
07-10 21:43:36.834  3446  3446 I SurfaceFlinger: Display 0 HWC layers:
07-10 21:43:36.834  3446  3446 I SurfaceFlinger:     type    |    handle    | flag |  format   |   source crop (l,t,r,b)    |         frame       | name 
07-10 21:43:36.834  3446  3446 I SurfaceFlinger: ------------+--------------+------+-----------+----------------------------+---------------------+------
07-10 21:43:36.834  3446  3446 I SurfaceFlinger:      Device | 0x73e9c252c0 | 0002 | 0x0000121 |   1.0    0.0 1279.0  719.0 |    0    0  679 1280 | SurfaceView - x.intervalapp.displayt[...].displaytest.MainActivity@82099e@0#0
07-10 21:43:36.834  3446  3446 I SurfaceFlinger:      Device | 0x73e384c940 | 0000 | RGBA_8888 | 678.0    1.0  719.0 1279.0 |  679    0  720 1280 | x.intervalapp.displaytest/x.intervalapp.displaytest.MainActivity#0
07-10 21:43:36.834  3446  3446 I SurfaceFlinger:      Device | 0x73e9c25800 | 0000 | RGBA_8888 |   0.0    1.0   41.0 1279.0 |  677    0  720 1280 | StatusBar#0
07-10 21:43:36.834  3446  3446 I SurfaceFlinger:      Device | 0x73e9c24f00 | 0000 | RGBA_8888 |   0.0    0.0  720.0 1280.0 |    0    0  720 1280 | ScreenshotSurface#0
07-10 21:43:36.834  3446  3446 I SurfaceFlinger: 
07-10 21:43:36.835 13280 13410 I BatteryMgr:DataCollectionService: stats => 1689018216834,-98,4133
07-10 21:43:36.836  3960  3960 D PreBindingService: handleMessage : 1
07-10 21:43:36.839 13280 13410 I BatteryMgr:DataCollectionService: stats => 1689018216839,-98,4133
07-10 21:43:36.843 13280 13410 I BatteryMgr:DataCollectionService: stats => 1689018216842,-98,4133
07-10 21:43:36.846 13280 13410 I BatteryMgr:DataCollectionService: stats => 1689018216846,-98,4133
07-10 21:43:36.850 13280 13410 I BatteryMgr:DataCollectionService: stats => 1689018216849,-98,4133
07-10 21:43:36.853 13280 13410 I BatteryMgr:DataCollectionService: stats => 1689018216853,-98,4133
07-10 21:43:36.856 13280 13410 I BatteryMgr:DataCollectionService: stats => 1689018216856,-98,4133
07-10 21:43:36.858  3960  3960 D CustomFrequencyManagerService: releaseDVFSLockLocked : Getting Lock type frm List : DVFS_MIN_LIMIT  frequency : 1560000  uid : 1000  pid : 3960  tag : PWM_ROTATION@CPU_MIN@75
07-10 21:43:36.861 13280 13410 I BatteryMgr:DataCollectionService: stats => 1689018216861,-98,4133
07-10 21:43:36.866 13280 13410 I BatteryMgr:DataCollectionService: stats => 1689018216866,-98,4133
07-10 21:43:36.870 13280 13410 I BatteryMgr:DataCollectionService: stats => 1689018216870,-98,4133
07-10 21:43:36.875 13280 13410 I BatteryMgr:DataCollectionService: stats => 1689018216875,-98,4133
07-10 21:43:36.879 13280 13410 I BatteryMgr:DataCollectionService: stats => 1689018216879,-98,4133
07-10 21:43:36.884 13280 13410 I BatteryMgr:DataCollectionService: stats => 1689018216884,-98,4133
07-10 21:43:36.888 13280 13410 I BatteryMgr:DataCollectionService: stats => 1689018216888,-98,4133
07-10 21:43:36.893 13280 13410 I BatteryMgr:DataCollectionService: stats => 1689018216893,-98,4133
07-10 21:43:36.897  3446  5865 I SurfaceFlinger: id=41 Removed ScreenshotSurface#0 (4/8)
07-10 21:43:36.897  3446  5865 I SurfaceFlinger: id=41 Removed ScreenshotSurface#0 (-2/8)
07-10 21:43:36.898  3446  3487 I SurfaceFlinger: id=45 Removed BlackSurface#0 (4/7)
07-10 21:43:36.898  3446  3487 I SurfaceFlinger: id=45 Removed BlackSurface#0 (-2/7)
07-10 21:43:36.898 13280 13410 I BatteryMgr:DataCollectionService: stats => 1689018216898,-98,4133
07-10 21:43:36.898  3446  5865 I SurfaceFlinger: id=46 Removed BlackSurface#0 (4/6)
07-10 21:43:36.898  3446  5865 I SurfaceFlinger: id=46 Removed BlackSurface#0 (-2/6)
07-10 21:43:36.899  3446  3486 I SurfaceFlinger: id=47 Removed BlackSurface#0 (4/5)
07-10 21:43:36.899  3446  3486 I SurfaceFlinger: id=47 Removed BlackSurface#0 (-2/5)
07-10 21:43:36.899  3446  5865 I SurfaceFlinger: id=48 Removed BlackSurface#0 (4/4)
07-10 21:43:36.899  3446  5865 I SurfaceFlinger: id=48 Removed BlackSurface#0 (-2/4)
07-10 21:43:36.899 13280 13285 I zygote64: Do partial code cache collection, code=61KB, data=44KB
07-10 21:43:36.900 13280 13285 I zygote64: After code cache collection, code=61KB, data=44KB
07-10 21:43:36.900 13280 13285 I zygote64: Increasing code cache capacity to 256KB
07-10 21:43:36.903  3446  3446 I SurfaceFlinger: Display 0 HWC layers:
07-10 21:43:36.903  3446  3446 I SurfaceFlinger:     type    |    handle    | flag |  format   |   source crop (l,t,r,b)    |         frame       | name 
07-10 21:43:36.903  3446  3446 I SurfaceFlinger: ------------+--------------+------+-----------+----------------------------+---------------------+------
07-10 21:43:36.903  3446  3446 I SurfaceFlinger:      Device | 0x73e9c25740 | 0002 | 0x0000121 |   1.0    0.0 1279.0  719.0 |    0    0  679 1280 | SurfaceView - x.intervalapp.displayt[...].displaytest.MainActivity@82099e@0#0
07-10 21:43:36.903  3446  3446 I SurfaceFlinger:      Device | 0x73e384c940 | 0000 | RGBA_8888 | 678.0    1.0  719.0 1279.0 |  679    0  720 1280 | x.intervalapp.displaytest/x.intervalapp.displaytest.MainActivity#0
07-10 21:43:36.903  3446  3446 I SurfaceFlinger:      Device | 0x73e9c25800 | 0000 | RGBA_8888 |   0.0    1.0   41.0 1279.0 |  677    0  720 1280 | StatusBar#0
07-10 21:43:36.903  3446  3446 I SurfaceFlinger: 
07-10 21:43:36.904 13280 13410 I BatteryMgr:DataCollectionService: stats => 1689018216904,-98,4133
07-10 21:43:36.905  3960  4029 V WindowManager: rotationForOrientationLw(orient=0, last=1); user=0  sensorRotation=-1 mLidState=-1 mDockMode=0 mHdmiPlugged=false
07-10 21:43:36.909 13280 13410 I BatteryMgr:DataCollectionService: stats => 1689018216909,-98,4133
07-10 21:43:36.912  3446  3446 I Layer   : id=41 onRemoved ScreenshotSurface#0 
07-10 21:43:36.912  3446  3446 I Layer   : id=46 onRemoved BlackSurface#0 
07-10 21:43:36.912  3446  3446 I Layer   : id=47 onRemoved BlackSurface#0 
07-10 21:43:36.912  3446  3446 I Layer   : id=45 onRemoved BlackSurface#0 
07-10 21:43:36.912  3446  3446 I Layer   : id=48 onRemoved BlackSurface#0 
07-10 21:43:36.913  3597 13364 I MediaClock: updateClock closest gapTimeUs(-15782), nowMediaUs(362999), oldMediaUs(378781)
07-10 21:43:36.914 13280 13410 I BatteryMgr:DataCollectionService: stats => 1689018216914,-98,4133
07-10 21:43:36.920 13280 13410 I BatteryMgr:DataCollectionService: stats => 1689018216920,-98,4133
07-10 21:43:36.927 13280 13410 I BatteryMgr:DataCollectionService: stats => 1689018216927,-98,4133
07-10 21:43:36.932 13280 13410 I BatteryMgr:DataCollectionService: stats => 1689018216932,-98,4133
07-10 21:43:36.937 13280 13410 I BatteryMgr:DataCollectionService: stats => 1689018216937,-98,4133
07-10 21:43:36.942 13280 13410 I BatteryMgr:DataCollectionService: stats => 1689018216942,-98,4133
07-10 21:43:36.947 13280 13410 I BatteryMgr:DataCollectionService: stats => 1689018216947,-98,4133
07-10 21:43:36.952 13280 13410 I BatteryMgr:DataCollectionService: stats => 1689018216951,-98,4133
07-10 21:43:36.959 13280 13410 I BatteryMgr:DataCollectionService: stats => 1689018216959,-98,4133
07-10 21:43:36.965 13280 13410 I BatteryMgr:DataCollectionService: stats => 1689018216965,-98,4133
07-10 21:43:36.970 13280 13410 I BatteryMgr:DataCollectionService: stats => 1689018216970,-98,4133
07-10 21:43:36.975 13280 13410 I BatteryMgr:DataCollectionService: stats => 1689018216975,-98,4133
07-10 21:43:36.980 13280 13410 I BatteryMgr:DataCollectionService: stats => 1689018216980,-98,4133
07-10 21:43:36.985 13280 13410 I BatteryMgr:DataCollectionService: stats => 1689018216985,-98,4133
07-10 21:43:36.990 13280 13410 I BatteryMgr:DataCollectionService: stats => 1689018216990,-98,4133
07-10 21:43:36.995 13280 13410 I BatteryMgr:DataCollectionService: stats => 1689018216994,-98,4133
07-10 21:43:37.000 13280 13410 I BatteryMgr:DataCollectionService: stats => 1689018216999,-98,4133
07-10 21:43:37.004 13280 13410 I BatteryMgr:DataCollectionService: stats => 1689018217004,-98,4133
07-10 21:43:37.009 13280 13410 I BatteryMgr:DataCollectionService: stats => 1689018217009,-98,4133
07-10 21:43:37.016 13280 13410 I BatteryMgr:DataCollectionService: stats => 1689018217016,-98,4133
07-10 21:43:37.021 13280 13410 I BatteryMgr:DataCollectionService: stats => 1689018217021,-98,4133
07-10 21:43:37.027 13280 13410 I BatteryMgr:DataCollectionService: stats => 1689018217027,-98,4133
07-10 21:43:37.032 13280 13410 I BatteryMgr:DataCollectionService: stats => 1689018217032,-98,4133
07-10 21:43:37.037 13280 13410 I BatteryMgr:DataCollectionService: stats => 1689018217037,-98,4133
07-10 21:43:37.042 13280 13410 I BatteryMgr:DataCollectionService: stats => 1689018217042,-98,4133
07-10 21:43:37.047 13280 13410 I BatteryMgr:DataCollectionService: stats => 1689018217047,-98,4133
07-10 21:43:37.053 13280 13410 I BatteryMgr:DataCollectionService: stats => 1689018217052,-98,4133
07-10 21:43:37.057 13280 13410 I BatteryMgr:DataCollectionService: stats => 1689018217057,-98,4133
07-10 21:43:37.062 13280 13410 I BatteryMgr:DataCollectionService: stats => 1689018217062,-98,4133
07-10 21:43:37.067 13280 13410 I BatteryMgr:DataCollectionService: stats => 1689018217067,-98,4133
07-10 21:43:37.072 13280 13410 I BatteryMgr:DataCollectionService: stats => 1689018217072,-98,4133
07-10 21:43:37.077 13280 13410 I BatteryMgr:DataCollectionService: stats => 1689018217077,-98,4133
07-10 21:43:37.083 13280 13410 I BatteryMgr:DataCollectionService: stats => 1689018217083,-98,4133
07-10 21:43:37.089 13280 13410 I BatteryMgr:DataCollectionService: stats => 1689018217089,-98,4133
07-10 21:43:37.096 13280 13410 I BatteryMgr:DataCollectionService: stats => 1689018217095,-98,4133
07-10 21:43:37.101 13280 13410 I BatteryMgr:DataCollectionService: stats => 1689018217101,-98,4133
07-10 21:43:37.106 13280 13410 I BatteryMgr:DataCollectionService: stats => 1689018217106,-98,4133
07-10 21:43:37.111 13280 13410 I BatteryMgr:DataCollectionService: stats => 1689018217111,-98,4133
07-10 21:43:37.116 13280 13410 I BatteryMgr:DataCollectionService: stats => 1689018217116,-98,4133
07-10 21:43:37.121 13280 13410 I BatteryMgr:DataCollectionService: stats => 1689018217121,-98,4133
07-10 21:43:37.126 13280 13410 I BatteryMgr:DataCollectionService: stats => 1689018217126,-98,4133
07-10 21:43:37.131 13280 13410 I BatteryMgr:DataCollectionService: stats => 1689018217131,-98,4133
07-10 21:43:37.136 13280 13410 I BatteryMgr:DataCollectionService: stats => 1689018217136,-98,4133
07-10 21:43:37.141 13280 13410 I BatteryMgr:DataCollectionService: stats => 1689018217141,-98,4133
07-10 21:43:37.148 13280 13410 I BatteryMgr:DataCollectionService: stats => 1689018217148,-98,4133
07-10 21:43:37.153 13280 13410 I BatteryMgr:DataCollectionService: stats => 1689018217153,-98,4133
07-10 21:43:37.160 13280 13410 I BatteryMgr:DataCollectionService: stats => 1689018217160,-98,4133
07-10 21:43:37.168 13280 13410 I BatteryMgr:DataCollectionService: stats => 1689018217168,-98,4133
07-10 21:43:37.174 13280 13410 I BatteryMgr:DataCollectionService: stats => 1689018217174,-98,4133
07-10 21:43:37.180 13280 13410 I BatteryMgr:DataCollectionService: stats => 1689018217180,-98,4133
07-10 21:43:37.188 13280 13410 I BatteryMgr:DataCollectionService: stats => 1689018217188,-98,4133
07-10 21:43:37.194 13280 13410 I BatteryMgr:DataCollectionService: stats => 1689018217194,-98,4133
07-10 21:43:37.200 13280 13410 I BatteryMgr:DataCollectionService: stats => 1689018217200,-98,4133
07-10 21:43:37.206 13280 13410 I BatteryMgr:DataCollectionService: stats => 1689018217206,-98,4133
07-10 21:43:37.213 13280 13410 I BatteryMgr:DataCollectionService: stats => 1689018217213,-98,4133
07-10 21:43:37.220 13280 13410 I BatteryMgr:DataCollectionService: stats => 1689018217219,-98,4133
07-10 21:43:37.228 13280 13410 I BatteryMgr:DataCollectionService: stats => 1689018217228,-98,4133
07-10 21:43:37.235 13280 13410 I BatteryMgr:DataCollectionService: stats => 1689018217235,-98,4133
07-10 21:43:37.241 13280 13410 I BatteryMgr:DataCollectionService: stats => 1689018217241,-98,4133
07-10 21:43:37.249 13280 13410 I BatteryMgr:DataCollectionService: stats => 1689018217249,-98,4133
07-10 21:43:37.255 13280 13410 I BatteryMgr:DataCollectionService: stats => 1689018217255,-98,4133
07-10 21:43:37.261 13280 13410 I BatteryMgr:DataCollectionService: stats => 1689018217261,-98,4133
07-10 21:43:37.267 13280 13410 I BatteryMgr:DataCollectionService: stats => 1689018217266,-98,4133
07-10 21:43:37.273 13280 13410 I BatteryMgr:DataCollectionService: stats => 1689018217273,-98,4133
07-10 21:43:37.280 13280 13410 I BatteryMgr:DataCollectionService: stats => 1689018217280,-98,4133
07-10 21:43:37.289 13280 13410 I BatteryMgr:DataCollectionService: stats => 1689018217289,-98,4133
07-10 21:43:37.298 13280 13410 I BatteryMgr:DataCollectionService: stats => 1689018217298,-98,4133
07-10 21:43:37.304 13280 13410 I BatteryMgr:DataCollectionService: stats => 1689018217304,-98,4133
07-10 21:43:37.310 13280 13410 I BatteryMgr:DataCollectionService: stats => 1689018217310,-98,4133
07-10 21:43:37.315 13280 13410 I BatteryMgr:DataCollectionService: stats => 1689018217315,-98,4133
07-10 21:43:37.320 13280 13410 I BatteryMgr:DataCollectionService: stats => 1689018217320,-98,4133
07-10 21:43:37.325 13280 13410 I BatteryMgr:DataCollectionService: stats => 1689018217325,-98,4133
07-10 21:43:37.330 13280 13410 I BatteryMgr:DataCollectionService: stats => 1689018217329,-98,4133
07-10 21:43:37.334 13280 13410 I BatteryMgr:DataCollectionService: stats => 1689018217334,-98,4133
07-10 21:43:37.339 13280 13410 I BatteryMgr:DataCollectionService: stats => 1689018217339,-98,4133
07-10 21:43:37.344 13280 13410 I BatteryMgr:DataCollectionService: stats => 1689018217344,-98,4133
07-10 21:43:37.349 13280 13410 I BatteryMgr:DataCollectionService: stats => 1689018217349,-98,4133
07-10 21:43:37.355 13280 13410 I BatteryMgr:DataCollectionService: stats => 1689018217355,-98,4133
07-10 21:43:37.361 13280 13410 I BatteryMgr:DataCollectionService: stats => 1689018217361,-98,4133
07-10 21:43:37.366 13280 13410 I BatteryMgr:DataCollectionService: stats => 1689018217366,-98,4133
07-10 21:43:37.371 13280 13410 I BatteryMgr:DataCollectionService: stats => 1689018217371,-98,4133
07-10 21:43:37.376 13280 13410 I BatteryMgr:DataCollectionService: stats => 1689018217376,-98,4133
07-10 21:43:37.380 13280 13410 I BatteryMgr:DataCollectionService: stats => 1689018217380,-98,4133
