--------- beginning of main
07-09 15:50:04.793 16659 16659 D ProcessState: Binder ioctl to enable oneway spam detection failed: Invalid argument
--------- beginning of system
07-09 15:50:04.797  1869  2510 I ActivityTaskManager: START u0 {act=android.intent.action.MAIN cat=[android.intent.category.LAUNCHER] flg=0x10000000 cmp=com.example.batterymanager_utility/.MainActivity} from uid 2000
07-09 15:50:04.799  1869  2510 W ActivityTaskManager: Can't find TaskDisplayArea to determine support for multi window. Task id=26 attached=false
07-09 15:50:04.802  1869  2510 D CompatibilityChangeReporter: Compat change id reported: 174042980; UID 10232; state: DISABLED
07-09 15:50:04.802  1869  2510 D CompatibilityChangeReporter: Compat change id reported: 184838306; UID 10232; state: DISABLED
07-09 15:50:04.802  1869  2510 D CompatibilityChangeReporter: Compat change id reported: 185004937; UID 10232; state: DISABLED
07-09 15:50:04.805  1869  2510 D CompatibilityChangeReporter: Compat change id reported: 168419799; UID 10232; state: DISABLED
07-09 15:50:04.817  1869  1991 W ActivityManager: ProcessRecord{39a80f1 0:com.example.batterymanager_utility/u0a232}: ART verification disabled
07-09 15:50:04.817  1869  1991 D CompatibilityChangeReporter: Compat change id reported: 135634846; UID 10232; state: DISABLED
07-09 15:50:04.817  1869  1991 D CompatibilityChangeReporter: Compat change id reported: 177438394; UID 10232; state: DISABLED
07-09 15:50:04.817  1869  1991 D CompatibilityChangeReporter: Compat change id reported: 135772972; UID 10232; state: DISABLED
07-09 15:50:04.817  1869  1991 D CompatibilityChangeReporter: Compat change id reported: 135754954; UID 10232; state: ENABLED
07-09 15:50:04.818  1869  2000 D CompatibilityChangeReporter: Compat change id reported: 143937733; UID 10232; state: ENABLED
07-09 15:50:04.823  1234  1234 D Zygote  : Forked child process 16662
07-09 15:50:04.824  1869  2000 I ActivityManager: Start proc 16662:com.example.batterymanager_utility/u0a232 for pre-top-activity {com.example.batterymanager_utility/com.example.batterymanager_utility.MainActivity}
07-09 15:50:04.829 16662 16662 I manager_utilit: Late-enabling -Xcheck:jni
07-09 15:50:04.856 16662 16662 I manager_utilit: Using CollectorTypeCC GC.
07-09 15:50:04.860 15126 15134 I adbd    : jdwp connection from 16662
07-09 15:50:04.862 16662 16662 D ProcessState: Binder ioctl to enable oneway spam detection failed: Invalid argument
07-09 15:50:04.872 16662 16662 D CompatibilityChangeReporter: Compat change id reported: 171979766; UID 10232; state: ENABLED
07-09 15:50:04.877 16662 16662 W ziparchive: Unable to open '/data/app/~~WHJJla_IlGaSjdWy7kwr7g==/com.example.batterymanager_utility-JFR5OQId_4zUvejkwxGQhQ==/base.dm': No such file or directory
07-09 15:50:04.877 16662 16662 W ziparchive: Unable to open '/data/app/~~WHJJla_IlGaSjdWy7kwr7g==/com.example.batterymanager_utility-JFR5OQId_4zUvejkwxGQhQ==/base.dm': No such file or directory
07-09 15:50:04.912 14289 14289 I A       : onPause
07-09 15:50:04.915 13311 13311 I GsaVoiceInteractionSrv: Handling ACTION_STOP_HOTWORD
07-09 15:50:04.929 16664 16664 D AndroidRuntime: >>>>>> START com.android.internal.os.RuntimeInit uid 2000 <<<<<<
07-09 15:50:04.933 16664 16664 I AndroidRuntime: Using default boot image
07-09 15:50:04.933 16664 16664 I AndroidRuntime: Leaving lock profiling enabled
07-09 15:50:04.933 16664 16664 W libc    : Access denied finding property "odsign.verification.success"
07-09 15:50:04.928 16664 16664 W app_process: type=1400 audit(0.0:85): avc: denied { read } for name="u:object_r:odsign_prop:s0" dev="tmpfs" ino=22689 scontext=u:r:shell:s0 tcontext=u:object_r:odsign_prop:s0 tclass=file permissive=0
07-09 15:50:04.937 16664 16664 W app_process: ART APEX data files are untrusted.
07-09 15:50:04.937 16664 16664 I app_process: Using CollectorTypeCC GC.
07-09 15:50:04.937 16664 16664 E app_process: Error reading named image component header for /system/framework/boot.art, error: Unable to open file "/system/framework/arm64/boot.art" for reading image header
07-09 15:50:04.953 16681 16681 W dex2oat64: Mismatch between dex2oat instruction set features to use (ISA: Arm64 Feature string: -a53,crc,lse,fp16,-dotprod,-sve) and those from CPP defines (ISA: Arm64 Feature string: -a53,-crc,-lse,-fp16,-dotprod,-sve) for the command line:
07-09 15:50:04.953 16681 16681 W dex2oat64: /apex/com.android.art/bin/dex2oat64 --runtime-arg -Xbootclasspath:/apex/com.android.art/javalib/core-oj.jar:/apex/com.android.art/javalib/core-libart.jar:/apex/com.android.art/javalib/okhttp.jar:/apex/com.android.art/javalib/bouncycastle.jar:/apex/com.android.art/javalib/apache-xml.jar:/system/framework/framework.jar:/system/framework/framework-graphics.jar:/system/framework/ext.jar:/system/framework/telephony-common.jar:/system/framework/voip-common.jar:/system/framework/ims-common.jar:/apex/com.android.i18n/javalib/core-icu4j.jar --runtime-arg -Xbootclasspath-locations:/apex/com.android.art/javalib/core-oj.jar:/apex/com.android.art/javalib/core-libart.jar:/apex/com.android.art/javalib/okhttp.jar:/apex/com.android.art/javalib/bouncycastle.jar:/apex/com.android.art/javalib/apache-xml.jar:/system/framework/framework.jar:/system/framework/framework-graphics.jar:/system/framework/ext.jar:/system/framework/telephony-common.jar:/system/framework/voip-common.jar:/system/framework/ims-common.jar:/apex/com.android.i18n/javalib/core-icu4j.jar --base=0x70000000 --dex-file=/apex/com.android.art/javalib/core-oj.jar --dex-location=/apex/com.android.art/javalib/core-oj.jar --dex-file=/apex/com.android.art/javalib/core-libart.jar --dex-location=/apex/com.android.art/javalib/core-libart.jar --dex-file=/apex/com.android.art/javalib/okhttp.jar --dex-location=/apex/com.android.art/javalib/okhttp.jar --dex-file=/apex/com.android.art/javalib/bouncycastle.jar --dex-location=/apex/com.android.art/javalib/bouncycastle.jar --dex-file=/apex/com.android.art/javalib/apache-xml.jar --dex-location=/apex/com.android.art/javalib/apache-xml.jar --dex-file=/system/framework/framework.jar --dex-location=/system/framework/framework.jar --dex-file=/system/framework/framework-graphics.jar --dex-location=/system/framework/framework-graphics.jar --dex-file=/system/framework/ext.jar --dex-location=/system/framework/ext.jar --dex-file=/system/framework/telephony-common.jar --dex-location=/system/framework/telephony-common.jar --dex-file=/system/framework/voip-common.jar --dex-location=/system/framework/voip-common.jar --dex-file=/system/framework/ims-common.jar --dex-location=/system/framework/ims-common.jar --dex-file=/apex/com.android.i18n/javalib/core-icu4j.jar --dex-location=/apex/com.android.i18n/javalib/core-icu4j.jar --image-fd=5 --output-vdex-fd=6 --oat-fd=7 --oat-location=/system/framework/arm64/boot.oat --single-image --image-format=uncompressed --compiler-filter=verify --profile-file=/apex/com.android.art/etc/boot-image.prof --profile-file=/system/etc/boot-image.prof --avoid-storing-invocation --instruction-set=arm64 --instruction-set-features=runtime --runtime-arg -Xms64m --runtime-arg -Xmx64m --dirty-image-objects=/system/etc/dirty-image-objects --instruction-set-variant=kryo385 --instruction-set-features=default --generate-mini-debug-info
07-09 15:50:04.955 16662 16662 D nativeloader: Configuring classloader-namespace for other apk /data/app/~~WHJJla_IlGaSjdWy7kwr7g==/com.example.batterymanager_utility-JFR5OQId_4zUvejkwxGQhQ==/base.apk. target_sdk_version=33, uses_libraries=, library_path=/data/app/~~WHJJla_IlGaSjdWy7kwr7g==/com.example.batterymanager_utility-JFR5OQId_4zUvejkwxGQhQ==/lib/arm64, permitted_path=/data:/mnt/expand:/data/user/0/com.example.batterymanager_utility
07-09 15:50:04.962 16662 16662 V GraphicsEnvironment: ANGLE Developer option for 'com.example.batterymanager_utility' set to: 'default'
07-09 15:50:04.962 16662 16662 V GraphicsEnvironment: App is not on the allowlist for updatable production driver.
07-09 15:50:04.963 16662 16662 D NetworkSecurityConfig: No Network Security Config specified, using platform default
07-09 15:50:04.963 16662 16662 D NetworkSecurityConfig: No Network Security Config specified, using platform default
07-09 15:50:04.968 16662 16662 I BatteryMgr:App: creating notification channel
07-09 15:50:04.972 16681 16681 I dex2oat64: /apex/com.android.art/bin/dex2oat64 --runtime-arg -Xbootclasspath:/apex/com.android.art/javalib/core-oj.jar:/apex/com.android.art/javalib/core-libart.jar:/apex/com.android.art/javalib/okhttp.jar:/apex/com.android.art/javalib/bouncycastle.jar:/apex/com.android.art/javalib/apache-xml.jar:/system/framework/framework.jar:/system/framework/framework-graphics.jar:/system/framework/ext.jar:/system/framework/telephony-common.jar:/system/framework/voip-common.jar:/system/framework/ims-common.jar:/apex/com.android.i18n/javalib/core-icu4j.jar --runtime-arg -Xbootclasspath-locations:/apex/com.android.art/javalib/core-oj.jar:/apex/com.android.art/javalib/core-libart.jar:/apex/com.android.art/javalib/okhttp.jar:/apex/com.android.art/javalib/bouncycastle.jar:/apex/com.android.art/javalib/apache-xml.jar:/system/framework/framework.jar:/system/framework/framework-graphics.jar:/system/framework/ext.jar:/system/framework/telephony-common.jar:/system/framework/voip-common.jar:/system/framework/ims-common.jar:/apex/com.android.i18n/javalib/core-icu4j.jar --base=0x70000000 --dex-file=/apex/com.android.art/javalib/core-oj.jar --dex-location=/apex/com.android.art/javalib/core-oj.jar --dex-file=/apex/com.android.art/javalib/core-libart.jar --dex-location=/apex/com.android.art/javalib/core-libart.jar --dex-file=/apex/com.android.art/javalib/okhttp.jar --dex-location=/apex/com.android.art/javalib/okhttp.jar --dex-file=/apex/com.android.art/javalib/bouncycastle.jar --dex-location=/apex/com.android.art/javalib/bouncycastle.jar --dex-file=/apex/com.android.art/javalib/apache-xml.jar --dex-location=/apex/com.android.art/javalib/apache-xml.jar --dex-file=/system/framework/framework.jar --dex-location=/system/framework/framework.jar --dex-file=/system/framework/framework-graphics.jar --dex-location=/system/framework/framework-graphics.jar --dex-file=/system/framework/ext.jar --dex-location=/system/framework/ext.jar --dex-file=/system/framework/telephony-common.jar --dex-location=/system/framework/telephony-common.jar --dex-file=/system/framework/voip-common.jar --dex-location=/system/framework/voip-common.jar --dex-file=/system/framework/ims-common.jar --dex-location=/system/framework/ims-common.jar --dex-file=/apex/com.android.i18n/javalib/core-icu4j.jar --dex-location=/apex/com.android.i18n/javalib/core-icu4j.jar --image-fd=5 --output-vdex-fd=6 --oat-fd=7 --oat-location=/system/framework/arm64/boot.oat --single-image --image-format=uncompressed --compiler-filter=verify --profile-file=/apex/com.android.art/etc/boot-image.prof --profile-file=/system/etc/boot-image.prof --avoid-storing-invocation --instruction-set=arm64 --instruction-set-features=runtime --runtime-arg -Xms64m --runtime-arg -Xmx64m --dirty-image-objects=/system/etc/dirty-image-objects --instruction-set-variant=kryo385 --instruction-set-features=default --generate-mini-debug-info
07-09 15:50:04.973 16681 16681 I dex2oat64: setting boot class path to /apex/com.android.art/javalib/core-oj.jar:/apex/com.android.art/javalib/core-libart.jar:/apex/com.android.art/javalib/okhttp.jar:/apex/com.android.art/javalib/bouncycastle.jar:/apex/com.android.art/javalib/apache-xml.jar:/system/framework/framework.jar:/system/framework/framework-graphics.jar:/system/framework/ext.jar:/system/framework/telephony-common.jar:/system/framework/voip-common.jar:/system/framework/ims-common.jar:/apex/com.android.i18n/javalib/core-icu4j.jar
07-09 15:50:05.099  2530  2530 I WallpaperService: engine paused
07-09 15:50:05.107  1869  1992 D CompatibilityChangeReporter: Compat change id reported: 158002302; UID 10232; state: ENABLED
07-09 15:50:05.109 16662 16684 I AdrenoGLES-0: QUALCOMM build                   : 781e7d0, I46ff5fc46f
07-09 15:50:05.109 16662 16684 I AdrenoGLES-0: Build Date                       : 12/01/20
07-09 15:50:05.109 16662 16684 I AdrenoGLES-0: OpenGL ES Shader Compiler Version: EV031.31.04.01
07-09 15:50:05.109 16662 16684 I AdrenoGLES-0: Local Branch                     : QPR1
07-09 15:50:05.109 16662 16684 I AdrenoGLES-0: Remote Branch                    : 
07-09 15:50:05.109 16662 16684 I AdrenoGLES-0: Remote Branch                    : 
07-09 15:50:05.109 16662 16684 I AdrenoGLES-0: Reconstruct Branch               : 
07-09 15:50:05.109 16662 16684 I AdrenoGLES-0: Build Config                     : C P 11.0.1 AArch64
07-09 15:50:05.109 16662 16684 I AdrenoGLES-0: Driver Path                      : /vendor/lib64/egl/libGLESv2_adreno.so
07-09 15:50:05.111 16662 16684 I AdrenoGLES-0: PFP: 0x016ee190, ME: 0x00000000
07-09 15:50:05.112 16662 16684 W AdrenoUtils: <ReadGpuID_from_sysfs:197>: Failed to open /sys/class/kgsl/kgsl-3d0/gpu_model
07-09 15:50:05.112 16662 16684 W AdrenoUtils: <ReadGpuID:221>: Failed to read chip ID from gpu_model. Fallback to use the GSL path
07-09 15:50:05.119 14289 14289 I A       : (REDACTED) onApplyWindowInsets: systemWindowInsets=%s
07-09 15:50:05.119 14289 14289 I A       : (REDACTED) onApplyWindowInsets: systemWindowInsets=%s
07-09 15:50:05.119   741   765 I SDM     : HWCDisplay::GetColorModeCount: Supported color mode count = 5
07-09 15:50:05.119   739  2381 E HWComposer: getSupportedContentTypes: getSupportedContentTypes failed for display 0: Unsupported (8)
07-09 15:50:05.119 16662 16684 D hw-ProcessState: Binder ioctl to enable oneway spam detection failed: Invalid argument
07-09 15:50:05.120   691   691 I hwservicemanager: getTransport: Cannot find entry android.hardware.graphics.mapper@4.0::IMapper/default in either framework or device VINTF manifest.
07-09 15:50:05.120 16662 16688 I Gralloc4: mapper 4.x is not supported
07-09 15:50:05.120   691   691 I hwservicemanager: getTransport: Cannot find entry android.hardware.graphics.mapper@3.0::IMapper/default in either framework or device VINTF manifest.
07-09 15:50:05.121 16662 16688 W Gralloc3: mapper 3.x is not supported
07-09 15:50:05.122   691   691 I hwservicemanager: getTransport: Cannot find entry android.hardware.graphics.allocator@4.0::IAllocator/default in either framework or device VINTF manifest.
07-09 15:50:05.122 16662 16688 W Gralloc4: allocator 4.x is not supported
07-09 15:50:05.122   691   691 I hwservicemanager: getTransport: Cannot find entry android.hardware.graphics.allocator@3.0::IAllocator/default in either framework or device VINTF manifest.
07-09 15:50:05.122 16662 16688 W Gralloc3: allocator 3.x is not supported
07-09 15:50:05.139  1869  1988 W ziparchive: Unable to open '/data/app/~~WHJJla_IlGaSjdWy7kwr7g==/com.example.batterymanager_utility-JFR5OQId_4zUvejkwxGQhQ==/base.dm': No such file or directory
07-09 15:50:05.140  1869  1988 I ActivityTaskManager: Displayed com.example.batterymanager_utility/.MainActivity: +341ms
07-09 15:50:05.155  3552  3552 I GoogleInputMethodService: GoogleInputMethodService.onFinishInput():3306 
07-09 15:50:05.156  3552  3552 I GoogleInputMethodService: GoogleInputMethodService.updateDeviceLockedStatus():2127 repeatCheckTimes = 0, locked = false
07-09 15:50:05.157  3552  3552 I GoogleInputMethodService: GoogleInputMethodService.onStartInput():1909 onStartInput(EditorInfo{inputType=0x0(NULL) imeOptions=0x0 privateImeOptions=null actionName=UNSPECIFIED actionLabel=null actionId=0 initialSelStart=-1 initialSelEnd=-1 initialCapsMode=0x0 hintText=null label=null packageName=com.example.batterymanager_utility fieldId=-1 fieldName=null extras=null hintLocales=[]}, false)
07-09 15:50:05.157  3552  3552 I GoogleInputMethodService: GoogleInputMethodService.shouldHideHeaderOnInitialState():1990 ShouldHideHeaderOnInitialState = false
07-09 15:50:05.157 14289 14289 I A       : onStop
07-09 15:50:05.158  3552  3552 I GoogleInputMethodService: GoogleInputMethodService.updateDeviceLockedStatus():2127 repeatCheckTimes = 1, locked = false
07-09 15:50:05.267 16681 16681 I dex2oat64: Using CollectorTypeCC GC.
07-09 15:50:05.433  1869  5079 W InputManager-JNI: Input channel object '8e12a7b Splash Screen com.example.batterymanager_utility (client)' was disposed without first being removed with the input manager!
07-09 15:50:06.029  1869  2231 D ConnectivityService: NetReassign [no changes] [c 0] [a 0] [i 0]
07-09 15:50:07.057 16681 16681 I dex2oat64: Explicit concurrent copying GC freed 88249(11MB) AllocSpace objects, 5(84KB) LOS objects, 27% free, 15MB/21MB, paused 20us,14us total 91.300ms
07-09 15:50:07.271 16681 16681 I dex2oat64: Explicit concurrent copying GC freed 41961(7495KB) AllocSpace objects, 0(0B) LOS objects, 41% free, 8512KB/14MB, paused 16us,9us total 43.883ms
07-09 15:50:07.735 16681 16681 I dex2oat64: dex2oat took 2.783s (5.707s cpu) (threads: 8) arena alloc=0B (0B) java alloc=8512KB (8716512B) native alloc=15MB (16378560B) free=4357KB (4462480B)
07-09 15:50:07.844 16664 16664 D app_process: Time zone APEX ICU file found: /apex/com.android.tzdata/etc/icu/icu_tzdata.dat
07-09 15:50:07.844 16664 16664 D app_process: I18n APEX ICU file found: /apex/com.android.i18n/etc/icu/icudt68l.dat
07-09 15:50:07.901 16664 16664 D ProcessState: Binder ioctl to enable oneway spam detection failed: Invalid argument
07-09 15:50:07.901 16664 16664 D AndroidRuntime: Calling main entry com.android.commands.monkey.Monkey
07-09 15:50:07.909 16664 16664 W Monkey  : args: [-p, e.www.cpufactorialtest, 1]
07-09 15:50:07.910 16664 16664 W Monkey  :  arg: "-p"
07-09 15:50:07.910 16664 16664 W Monkey  :  arg: "e.www.cpufactorialtest"
07-09 15:50:07.910 16664 16664 W Monkey  :  arg: "1"
07-09 15:50:07.910 16664 16664 W Monkey  : data="e.www.cpufactorialtest"
07-09 15:50:07.973  1869  1999 W BroadcastQueue: Skipping deliver [background] BroadcastRecord{329f796 u-1 android.net.conn.CONNECTIVITY_CHANGE} to ReceiverList{6524f17 16664 (unknown name)/2000/u-1 remote:326c558}: process gone or crashing
07-09 15:50:07.987  1869  3645 I ActivityTaskManager: START u0 {act=android.intent.action.MAIN cat=[android.intent.category.LAUNCHER] flg=0x10200000 cmp=e.www.cpufactorialtest/.MainActivity} from uid 2000
07-09 15:50:07.988  1869  3645 W ActivityTaskManager: Can't find TaskDisplayArea to determine support for multi window. Task id=27 attached=false
07-09 15:50:07.990  1869  3645 D CompatibilityChangeReporter: Compat change id reported: 174042980; UID 10220; state: DISABLED
07-09 15:50:07.992  1869  3645 D CompatibilityChangeReporter: Compat change id reported: 184838306; UID 10220; state: DISABLED
07-09 15:50:07.992  1869  3645 D CompatibilityChangeReporter: Compat change id reported: 185004937; UID 10220; state: DISABLED
07-09 15:50:07.993  1869  3645 D CompatibilityChangeReporter: Compat change id reported: 181136395; UID 10220; state: DISABLED
07-09 15:50:07.993  1869  3645 D CompatibilityChangeReporter: Compat change id reported: 174042936; UID 10220; state: DISABLED
07-09 15:50:07.996  1869  3645 D CompatibilityChangeReporter: Compat change id reported: 168419799; UID 10220; state: DISABLED
07-09 15:50:08.000 16664 16664 I Monkey  : Events injected: 1
07-09 15:50:08.007  1869  1991 W ActivityManager: ProcessRecord{f85f722 0:e.www.cpufactorialtest/u0a220}: ART verification disabled
07-09 15:50:08.007  1869  1991 D CompatibilityChangeReporter: Compat change id reported: 135634846; UID 10220; state: DISABLED
07-09 15:50:08.008  1869  1991 D CompatibilityChangeReporter: Compat change id reported: 177438394; UID 10220; state: DISABLED
07-09 15:50:08.008  1869  1991 D CompatibilityChangeReporter: Compat change id reported: 135772972; UID 10220; state: DISABLED
07-09 15:50:08.008  1869  1991 D CompatibilityChangeReporter: Compat change id reported: 135754954; UID 10220; state: DISABLED
07-09 15:50:08.008  1869  2000 D CompatibilityChangeReporter: Compat change id reported: 143937733; UID 10220; state: DISABLED
07-09 15:50:08.008 16664 16664 I Monkey  : ## Network stats: elapsed time=19ms (0ms mobile, 0ms wifi, 19ms not connected)
07-09 15:50:08.009 16664 16664 I app_process: System.exit called, status: 0
07-09 15:50:08.009 16664 16664 I AndroidRuntime: VM exiting with result code 0.
07-09 15:50:08.014  1234  1234 D Zygote  : Forked child process 16715
07-09 15:50:08.015  1869  2000 I ActivityManager: Start proc 16715:e.www.cpufactorialtest/u0a220 for pre-top-activity {e.www.cpufactorialtest/e.www.cpufactorialtest.MainActivity}
07-09 15:50:08.019 16715 16715 I pufactorialtes: Late-enabling -Xcheck:jni
07-09 15:50:08.029  2530  2906 W OpenGLRenderer: Surface doesn't have any previously queued frames, nothing to readback from
07-09 15:50:08.034  2530  2530 I WallpaperService: engine resumed
07-09 15:50:08.035  2530  2906 W OpenGLRenderer: Surface doesn't have any previously queued frames, nothing to readback from
07-09 15:50:08.047 16715 16715 I pufactorialtes: Using CollectorTypeCC GC.
07-09 15:50:08.051 15126 15134 I adbd    : jdwp connection from 16715
07-09 15:50:08.054 16715 16715 D ProcessState: Binder ioctl to enable oneway spam detection failed: Invalid argument
07-09 15:50:08.062 16715 16715 D CompatibilityChangeReporter: Compat change id reported: 171979766; UID 10220; state: DISABLED
07-09 15:50:08.067 16715 16715 D ApplicationLoaders: Returning zygote-cached class loader: /system/framework/android.test.base.jar
07-09 15:50:08.068 16715 16715 W ziparchive: Unable to open '/data/app/~~P3xxuNTF9x7SVuEKOo7Ocg==/e.www.cpufactorialtest-9lVAEJuNa2zYIi5HiQF_mQ==/base.dm': No such file or directory
07-09 15:50:08.068 16715 16715 W ziparchive: Unable to open '/data/app/~~P3xxuNTF9x7SVuEKOo7Ocg==/e.www.cpufactorialtest-9lVAEJuNa2zYIi5HiQF_mQ==/base.dm': No such file or directory
07-09 15:50:08.095 16715 16715 D nativeloader: Configuring classloader-namespace for other apk /data/app/~~P3xxuNTF9x7SVuEKOo7Ocg==/e.www.cpufactorialtest-9lVAEJuNa2zYIi5HiQF_mQ==/base.apk. target_sdk_version=28, uses_libraries=, library_path=/data/app/~~P3xxuNTF9x7SVuEKOo7Ocg==/e.www.cpufactorialtest-9lVAEJuNa2zYIi5HiQF_mQ==/lib/arm64, permitted_path=/data:/mnt/expand:/data/user/0/e.www.cpufactorialtest
07-09 15:50:08.114 16715 16715 V GraphicsEnvironment: ANGLE Developer option for 'e.www.cpufactorialtest' set to: 'default'
07-09 15:50:08.115 16715 16715 V GraphicsEnvironment: App is not on the allowlist for updatable production driver.
07-09 15:50:08.116 16715 16715 D NetworkSecurityConfig: No Network Security Config specified, using platform default
07-09 15:50:08.116 16715 16715 D NetworkSecurityConfig: No Network Security Config specified, using platform default
07-09 15:50:08.144 16715 16715 W pufactorialtes: Accessing hidden method Landroid/view/View;->computeFitSystemWindows(Landroid/graphics/Rect;Landroid/graphics/Rect;)Z (unsupported, reflection, allowed)
07-09 15:50:08.144 16715 16715 W pufactorialtes: Accessing hidden method Landroid/view/ViewGroup;->makeOptionalFitsSystemWindows()V (unsupported, reflection, allowed)
07-09 15:50:08.226  1869  1992 D CompatibilityChangeReporter: Compat change id reported: 158002302; UID 10220; state: ENABLED
07-09 15:50:08.227 16715 16732 I AdrenoGLES-0: QUALCOMM build                   : 781e7d0, I46ff5fc46f
07-09 15:50:08.227 16715 16732 I AdrenoGLES-0: Build Date                       : 12/01/20
07-09 15:50:08.227 16715 16732 I AdrenoGLES-0: OpenGL ES Shader Compiler Version: EV031.31.04.01
07-09 15:50:08.227 16715 16732 I AdrenoGLES-0: Local Branch                     : QPR1
07-09 15:50:08.227 16715 16732 I AdrenoGLES-0: Remote Branch                    : 
07-09 15:50:08.227 16715 16732 I AdrenoGLES-0: Remote Branch                    : 
07-09 15:50:08.227 16715 16732 I AdrenoGLES-0: Reconstruct Branch               : 
07-09 15:50:08.227 16715 16732 I AdrenoGLES-0: Build Config                     : C P 11.0.1 AArch64
07-09 15:50:08.227 16715 16732 I AdrenoGLES-0: Driver Path                      : /vendor/lib64/egl/libGLESv2_adreno.so
07-09 15:50:08.229 16715 16732 I AdrenoGLES-0: PFP: 0x016ee190, ME: 0x00000000
07-09 15:50:08.231 16715 16732 W AdrenoUtils: <ReadGpuID_from_sysfs:197>: Failed to open /sys/class/kgsl/kgsl-3d0/gpu_model
07-09 15:50:08.231 16715 16732 W AdrenoUtils: <ReadGpuID:221>: Failed to read chip ID from gpu_model. Fallback to use the GSL path
07-09 15:50:08.237   741   765 I SDM     : HWCDisplay::GetColorModeCount: Supported color mode count = 5
07-09 15:50:08.237   739   774 E HWComposer: getSupportedContentTypes: getSupportedContentTypes failed for display 0: Unsupported (8)
07-09 15:50:08.237 16715 16732 D hw-ProcessState: Binder ioctl to enable oneway spam detection failed: Invalid argument
07-09 15:50:08.238   691   691 I hwservicemanager: getTransport: Cannot find entry android.hardware.graphics.mapper@4.0::IMapper/default in either framework or device VINTF manifest.
07-09 15:50:08.238 16715 16736 I Gralloc4: mapper 4.x is not supported
07-09 15:50:08.238   691   691 I hwservicemanager: getTransport: Cannot find entry android.hardware.graphics.mapper@3.0::IMapper/default in either framework or device VINTF manifest.
07-09 15:50:08.239 16715 16736 W Gralloc3: mapper 3.x is not supported
07-09 15:50:08.240   691   691 I hwservicemanager: getTransport: Cannot find entry android.hardware.graphics.allocator@4.0::IAllocator/default in either framework or device VINTF manifest.
07-09 15:50:08.240 16715 16736 W Gralloc4: allocator 4.x is not supported
07-09 15:50:08.240   691   691 I hwservicemanager: getTransport: Cannot find entry android.hardware.graphics.allocator@3.0::IAllocator/default in either framework or device VINTF manifest.
07-09 15:50:08.240 16715 16736 W Gralloc3: allocator 3.x is not supported
07-09 15:50:08.249  1869  1988 W ziparchive: Unable to open '/data/app/~~P3xxuNTF9x7SVuEKOo7Ocg==/e.www.cpufactorialtest-9lVAEJuNa2zYIi5HiQF_mQ==/base.dm': No such file or directory
07-09 15:50:08.250  1869  1988 I ActivityTaskManager: Displayed e.www.cpufactorialtest/.MainActivity: +262ms
07-09 15:50:08.269  3552  3552 I GoogleInputMethodService: GoogleInputMethodService.onFinishInput():3306 
07-09 15:50:08.271  3552  3552 I GoogleInputMethodService: GoogleInputMethodService.updateDeviceLockedStatus():2127 repeatCheckTimes = 0, locked = false
07-09 15:50:08.271  3552  3552 I GoogleInputMethodService: GoogleInputMethodService.onStartInput():1909 onStartInput(EditorInfo{inputType=0x0(NULL) imeOptions=0x0 privateImeOptions=null actionName=UNSPECIFIED actionLabel=null actionId=0 initialSelStart=-1 initialSelEnd=-1 initialCapsMode=0x0 hintText=null label=null packageName=e.www.cpufactorialtest fieldId=-1 fieldName=null extras=null hintLocales=[]}, false)
07-09 15:50:08.272  3552  3552 I GoogleInputMethodService: GoogleInputMethodService.shouldHideHeaderOnInitialState():1990 ShouldHideHeaderOnInitialState = false
07-09 15:50:08.272  3552  3552 I GoogleInputMethodService: GoogleInputMethodService.updateDeviceLockedStatus():2127 repeatCheckTimes = 1, locked = false
07-09 15:50:08.553  1869  5079 W InputManager-JNI: Input channel object 'ffce770 Splash Screen e.www.cpufactorialtest (client)' was disposed without first being removed with the input manager!
07-09 15:50:08.641  2530  2530 I WallpaperService: engine paused
07-09 15:50:09.067  1869  2231 D ConnectivityService: NetReassign [no changes] [c 0] [a 1] [i 2]
07-09 15:50:09.147 16742 16742 D ProcessState: Binder ioctl to enable oneway spam detection failed: Invalid argument
07-09 15:50:09.570 16758 16758 D ProcessState: Binder ioctl to enable oneway spam detection failed: Invalid argument
07-09 15:50:09.574  1869  2510 I ActivityManager: Background started FGS: Allowed [callingPackage: com.android.shell; callingUid: 2000; uidState: NONE; intent: Intent { cmp=com.example.batterymanager_utility/.DataCollectionService (has extras) }; code:SYSTEM_UID; tempAllowListReason:<,reasonCode:SYSTEM_ALLOW_LISTED,duration:9223372036854775807,callingUid:-1>; targetSdkVersion:33; callerTargetSdkVersion:-1; startForegroundCount:0; bindFromPackage:null]
07-09 15:50:09.583 16662 16662 I BatteryMgr:DataCollectionService: onStartCommand: begin
07-09 15:50:09.583 16662 16662 I BatteryMgr:DataCollectionService: onStartCommand: sampleRate => 1
07-09 15:50:09.583 16662 16662 I BatteryMgr:DataCollectionService: onStartCommand: rawFields => Timestamp,BATTERY_PROPERTY_CURRENT_NOW,EXTRA_VOLTAGE
07-09 15:50:09.584 16662 16662 I BatteryMgr:DataCollectionService: onStartCommand: notification done
07-09 15:50:09.588 16662 16662 I BatteryMgr:DataCollectionService: started foreground
07-09 15:50:09.597 16662 16761 I BatteryMgr:DataCollectionService: collectData: begin
07-09 15:50:09.600 16662 16761 I BatteryMgr:DataCollectionService: stats => 1688910609600,215000,4169
07-09 15:50:09.604 16662 16761 I BatteryMgr:DataCollectionService: stats => 1688910609604,215000,4169
07-09 15:50:09.607 16662 16761 I BatteryMgr:DataCollectionService: stats => 1688910609607,215000,4169
07-09 15:50:09.611 16662 16761 I BatteryMgr:DataCollectionService: stats => 1688910609610,215000,4169
07-09 15:50:09.613 16662 16761 I BatteryMgr:DataCollectionService: stats => 1688910609613,215000,4169
07-09 15:50:09.616 16662 16761 I BatteryMgr:DataCollectionService: stats => 1688910609616,215000,4169
07-09 15:50:09.619 16662 16761 I BatteryMgr:DataCollectionService: stats => 1688910609619,215000,4169
07-09 15:50:09.622 16662 16761 I BatteryMgr:DataCollectionService: stats => 1688910609622,215000,4169
07-09 15:50:09.625 16662 16761 I BatteryMgr:DataCollectionService: stats => 1688910609625,215000,4169
07-09 15:50:09.629 16662 16761 I BatteryMgr:DataCollectionService: stats => 1688910609629,215000,4169
07-09 15:50:09.634 16662 16761 I BatteryMgr:DataCollectionService: stats => 1688910609634,215000,4169
07-09 15:50:09.639 16662 16761 I BatteryMgr:DataCollectionService: stats => 1688910609638,215000,4169
07-09 15:50:09.643 16662 16761 I BatteryMgr:DataCollectionService: stats => 1688910609642,215000,4169
07-09 15:50:09.646 16662 16761 I BatteryMgr:DataCollectionService: stats => 1688910609646,215000,4169
07-09 15:50:09.650 16662 16761 I BatteryMgr:DataCollectionService: stats => 1688910609650,215000,4169
07-09 15:50:09.653 16662 16761 I BatteryMgr:DataCollectionService: stats => 1688910609653,215000,4169
07-09 15:50:09.656 16662 16761 I BatteryMgr:DataCollectionService: stats => 1688910609656,215000,4169
07-09 15:50:09.659 16662 16761 I BatteryMgr:DataCollectionService: stats => 1688910609659,215000,4169
07-09 15:50:09.663 16662 16761 I BatteryMgr:DataCollectionService: stats => 1688910609663,215000,4169
07-09 15:50:09.666 16662 16761 I BatteryMgr:DataCollectionService: stats => 1688910609666,215000,4169
07-09 15:50:09.669 16662 16761 I BatteryMgr:DataCollectionService: stats => 1688910609669,215000,4169
07-09 15:50:09.672 16662 16761 I BatteryMgr:DataCollectionService: stats => 1688910609672,215000,4169
07-09 15:50:09.675 16662 16761 I BatteryMgr:DataCollectionService: stats => 1688910609675,215000,4169
07-09 15:50:09.678 16662 16761 I BatteryMgr:DataCollectionService: stats => 1688910609678,215000,4169
07-09 15:50:09.682 16662 16761 I BatteryMgr:DataCollectionService: stats => 1688910609682,215000,4169
07-09 15:50:09.685 16662 16761 I BatteryMgr:DataCollectionService: stats => 1688910609685,215000,4169
07-09 15:50:09.688 16662 16761 I BatteryMgr:DataCollectionService: stats => 1688910609688,215000,4169
07-09 15:50:09.691 16662 16761 I BatteryMgr:DataCollectionService: stats => 1688910609691,215000,4169
07-09 15:50:09.695 16662 16761 I BatteryMgr:DataCollectionService: stats => 1688910609695,215000,4169
07-09 15:50:09.698 16662 16761 I BatteryMgr:DataCollectionService: stats => 1688910609698,215000,4169
07-09 15:50:09.702 16662 16761 I BatteryMgr:DataCollectionService: stats => 1688910609702,215000,4169
07-09 15:50:09.705 16662 16761 I BatteryMgr:DataCollectionService: stats => 1688910609705,215000,4169
07-09 15:50:09.709 16662 16761 I BatteryMgr:DataCollectionService: stats => 1688910609709,215000,4169
07-09 15:50:09.713 16662 16761 I BatteryMgr:DataCollectionService: stats => 1688910609713,215000,4169
07-09 15:50:09.717 16662 16761 I BatteryMgr:DataCollectionService: stats => 1688910609717,215000,4169
07-09 15:50:09.721 16662 16761 I BatteryMgr:DataCollectionService: stats => 1688910609720,215000,4169
07-09 15:50:09.724 16662 16761 I BatteryMgr:DataCollectionService: stats => 1688910609724,215000,4169
07-09 15:50:09.728 16662 16761 I BatteryMgr:DataCollectionService: stats => 1688910609728,215000,4169
07-09 15:50:09.731 16662 16761 I BatteryMgr:DataCollectionService: stats => 1688910609731,215000,4169
07-09 15:50:09.734 16662 16761 I BatteryMgr:DataCollectionService: stats => 1688910609734,215000,4169
07-09 15:50:09.736 16662 16761 I BatteryMgr:DataCollectionService: stats => 1688910609736,215000,4169
07-09 15:50:09.739 16662 16761 I BatteryMgr:DataCollectionService: stats => 1688910609739,215000,4169
07-09 15:50:09.742 16662 16761 I BatteryMgr:DataCollectionService: stats => 1688910609742,215000,4169
07-09 15:50:09.745 16662 16761 I BatteryMgr:DataCollectionService: stats => 1688910609745,215000,4169
07-09 15:50:09.747 16662 16761 I BatteryMgr:DataCollectionService: stats => 1688910609747,215000,4169
07-09 15:50:09.750 16662 16761 I BatteryMgr:DataCollectionService: stats => 1688910609750,215000,4169
07-09 15:50:09.754 16662 16761 I BatteryMgr:DataCollectionService: stats => 1688910609754,215000,4169
07-09 15:50:09.757 16662 16761 I BatteryMgr:DataCollectionService: stats => 1688910609757,215000,4169
07-09 15:50:09.760 16662 16761 I BatteryMgr:DataCollectionService: stats => 1688910609760,215000,4169
07-09 15:50:09.764 16662 16761 I BatteryMgr:DataCollectionService: stats => 1688910609764,215000,4169
07-09 15:50:09.767 16662 16761 I BatteryMgr:DataCollectionService: stats => 1688910609767,215000,4169
07-09 15:50:09.771 16662 16761 I BatteryMgr:DataCollectionService: stats => 1688910609771,215000,4169
07-09 15:50:09.774 16662 16761 I BatteryMgr:DataCollectionService: stats => 1688910609774,215000,4169
07-09 15:50:09.778 16662 16761 I BatteryMgr:DataCollectionService: stats => 1688910609778,215000,4169
07-09 15:50:09.782 16662 16761 I BatteryMgr:DataCollectionService: stats => 1688910609782,215000,4169
07-09 15:50:09.786 16662 16761 I BatteryMgr:DataCollectionService: stats => 1688910609786,215000,4169
07-09 15:50:09.790 16662 16761 I BatteryMgr:DataCollectionService: stats => 1688910609790,215000,4169
07-09 15:50:09.793 16662 16761 I BatteryMgr:DataCollectionService: stats => 1688910609793,217187,4169
07-09 15:50:09.797 16662 16761 I BatteryMgr:DataCollectionService: stats => 1688910609797,217187,4169
07-09 15:50:09.801 16662 16761 I BatteryMgr:DataCollectionService: stats => 1688910609801,217187,4169
07-09 15:50:09.804 16662 16761 I BatteryMgr:DataCollectionService: stats => 1688910609804,217187,4169
07-09 15:50:09.808 16662 16761 I BatteryMgr:DataCollectionService: stats => 1688910609808,217187,4169
07-09 15:50:09.812 16662 16761 I BatteryMgr:DataCollectionService: stats => 1688910609812,217187,4169
07-09 15:50:09.816 16662 16761 I BatteryMgr:DataCollectionService: stats => 1688910609816,217187,4169
07-09 15:50:09.820 16662 16761 I BatteryMgr:DataCollectionService: stats => 1688910609820,217187,4169
07-09 15:50:09.824 16662 16761 I BatteryMgr:DataCollectionService: stats => 1688910609823,217187,4169
07-09 15:50:09.827 16662 16761 I BatteryMgr:DataCollectionService: stats => 1688910609827,217187,4169
07-09 15:50:09.831 16662 16761 I BatteryMgr:DataCollectionService: stats => 1688910609831,217187,4169
07-09 15:50:09.835 16662 16761 I BatteryMgr:DataCollectionService: stats => 1688910609835,217187,4169
07-09 15:50:09.838 16662 16761 I BatteryMgr:DataCollectionService: stats => 1688910609838,217187,4169
07-09 15:50:09.842 16662 16761 I BatteryMgr:DataCollectionService: stats => 1688910609842,217187,4169
07-09 15:50:09.846 16662 16761 I BatteryMgr:DataCollectionService: stats => 1688910609846,217187,4169
07-09 15:50:09.850 16662 16761 I BatteryMgr:DataCollectionService: stats => 1688910609850,217187,4169
07-09 15:50:09.853 16662 16761 I BatteryMgr:DataCollectionService: stats => 1688910609853,217187,4169
07-09 15:50:09.857 16662 16761 I BatteryMgr:DataCollectionService: stats => 1688910609857,217187,4169
07-09 15:50:09.861 16662 16761 I BatteryMgr:DataCollectionService: stats => 1688910609861,217187,4169
07-09 15:50:09.864 16662 16761 I BatteryMgr:DataCollectionService: stats => 1688910609864,217187,4169
07-09 15:50:09.868 16662 16761 I BatteryMgr:DataCollectionService: stats => 1688910609868,217187,4169
07-09 15:50:09.872 16662 16761 I BatteryMgr:DataCollectionService: stats => 1688910609872,217187,4169
07-09 15:50:09.875 16662 16761 I BatteryMgr:DataCollectionService: stats => 1688910609875,217187,4169
07-09 15:50:09.879 16662 16761 I BatteryMgr:DataCollectionService: stats => 1688910609879,217187,4169
07-09 15:50:09.883 16662 16761 I BatteryMgr:DataCollectionService: stats => 1688910609883,217187,4169
07-09 15:50:09.886 16662 16761 I BatteryMgr:DataCollectionService: stats => 1688910609886,217187,4169
07-09 15:50:09.890 16662 16761 I BatteryMgr:DataCollectionService: stats => 1688910609890,217187,4169
07-09 15:50:09.893 16662 16761 I BatteryMgr:DataCollectionService: stats => 1688910609893,217187,4169
07-09 15:50:09.897 16662 16761 I BatteryMgr:DataCollectionService: stats => 1688910609897,217187,4169
07-09 15:50:09.901 16662 16761 I BatteryMgr:DataCollectionService: stats => 1688910609901,217187,4169
07-09 15:50:09.904 16662 16761 I BatteryMgr:DataCollectionService: stats => 1688910609904,217187,4169
07-09 15:50:09.908 16662 16761 I BatteryMgr:DataCollectionService: stats => 1688910609908,217187,4169
07-09 15:50:09.912 16662 16761 I BatteryMgr:DataCollectionService: stats => 1688910609912,217187,4169
07-09 15:50:09.916 16662 16761 I BatteryMgr:DataCollectionService: stats => 1688910609916,217187,4169
07-09 15:50:09.919 16662 16761 I BatteryMgr:DataCollectionService: stats => 1688910609919,217187,4169
07-09 15:50:09.923 16662 16761 I BatteryMgr:DataCollectionService: stats => 1688910609923,217187,4169
07-09 15:50:09.927 16662 16761 I BatteryMgr:DataCollectionService: stats => 1688910609927,217187,4169
07-09 15:50:09.930 16662 16761 I BatteryMgr:DataCollectionService: stats => 1688910609930,217187,4169
07-09 15:50:09.934 16662 16761 I BatteryMgr:DataCollectionService: stats => 1688910609934,217187,4169
07-09 15:50:09.938 16662 16761 I BatteryMgr:DataCollectionService: stats => 1688910609938,217187,4169
07-09 15:50:09.941 16662 16761 I BatteryMgr:DataCollectionService: stats => 1688910609941,217187,4169
07-09 15:50:09.945 16662 16761 I BatteryMgr:DataCollectionService: stats => 1688910609945,217187,4169
07-09 15:50:09.948 16662 16761 I BatteryMgr:DataCollectionService: stats => 1688910609948,217187,4169
07-09 15:50:09.952 16662 16761 I BatteryMgr:DataCollectionService: stats => 1688910609952,217187,4169
07-09 15:50:09.956 16662 16761 I BatteryMgr:DataCollectionService: stats => 1688910609956,217187,4169
07-09 15:50:09.960 16662 16761 I BatteryMgr:DataCollectionService: stats => 1688910609960,217187,4169
07-09 15:50:09.963 16662 16761 I BatteryMgr:DataCollectionService: stats => 1688910609963,217187,4169
07-09 15:50:09.967 16662 16761 I BatteryMgr:DataCollectionService: stats => 1688910609967,217187,4169
07-09 15:50:09.971 16662 16761 I BatteryMgr:DataCollectionService: stats => 1688910609970,217187,4169
07-09 15:50:09.974 16662 16761 I BatteryMgr:DataCollectionService: stats => 1688910609974,217187,4169
07-09 15:50:09.977 16662 16761 I BatteryMgr:DataCollectionService: stats => 1688910609977,217187,4169
07-09 15:50:09.981 16662 16761 I BatteryMgr:DataCollectionService: stats => 1688910609981,217187,4169
07-09 15:50:09.984 16662 16761 I BatteryMgr:DataCollectionService: stats => 1688910609984,217187,4169
07-09 15:50:09.988 16662 16761 I BatteryMgr:DataCollectionService: stats => 1688910609988,217187,4169
07-09 15:50:09.991 16662 16761 I BatteryMgr:DataCollectionService: stats => 1688910609991,217187,4169
07-09 15:50:09.995 16662 16761 I BatteryMgr:DataCollectionService: stats => 1688910609995,217187,4169
07-09 15:50:09.998 16662 16761 I BatteryMgr:DataCollectionService: stats => 1688910609998,217187,4169
07-09 15:50:10.002 16662 16761 I BatteryMgr:DataCollectionService: stats => 1688910610002,217187,4169
07-09 15:50:10.006 16662 16761 I BatteryMgr:DataCollectionService: stats => 1688910610006,217187,4169
07-09 15:50:10.009 16662 16761 I BatteryMgr:DataCollectionService: stats => 1688910610009,217187,4169
07-09 15:50:10.013 16662 16761 I BatteryMgr:DataCollectionService: stats => 1688910610013,217187,4169
07-09 15:50:10.017 16662 16761 I BatteryMgr:DataCollectionService: stats => 1688910610017,217187,4169
07-09 15:50:10.020 16662 16761 I BatteryMgr:DataCollectionService: stats => 1688910610020,217187,4169
07-09 15:50:10.024 16662 16761 I BatteryMgr:DataCollectionService: stats => 1688910610024,217187,4169
07-09 15:50:10.028 16662 16761 I BatteryMgr:DataCollectionService: stats => 1688910610028,217187,4169
07-09 15:50:10.031 16662 16761 I BatteryMgr:DataCollectionService: stats => 1688910610031,217187,4169
07-09 15:50:10.035 16662 16761 I BatteryMgr:DataCollectionService: stats => 1688910610035,217187,4169
07-09 15:50:10.039 16662 16761 I BatteryMgr:DataCollectionService: stats => 1688910610039,217187,4169
07-09 15:50:10.043 16662 16761 I BatteryMgr:DataCollectionService: stats => 1688910610043,217187,4169
07-09 15:50:10.048 16662 16761 I BatteryMgr:DataCollectionService: stats => 1688910610048,217187,4169
07-09 15:50:10.052 16662 16761 I BatteryMgr:DataCollectionService: stats => 1688910610052,217187,4169
07-09 15:50:10.056 16662 16761 I BatteryMgr:DataCollectionService: stats => 1688910610056,217187,4169
07-09 15:50:10.059 16662 16761 I BatteryMgr:DataCollectionService: stats => 1688910610059,217187,4169
07-09 15:50:10.063 16662 16761 I BatteryMgr:DataCollectionService: stats => 1688910610063,217187,4169
07-09 15:50:10.067 16662 16761 I BatteryMgr:DataCollectionService: stats => 1688910610067,217187,4169
07-09 15:50:10.071 16662 16761 I BatteryMgr:DataCollectionService: stats => 1688910610071,217187,4169
07-09 15:50:10.075 16662 16761 I BatteryMgr:DataCollectionService: stats => 1688910610075,217187,4169
07-09 15:50:10.078 16662 16761 I BatteryMgr:DataCollectionService: stats => 1688910610078,217187,4169
07-09 15:50:10.082 16662 16761 I BatteryMgr:DataCollectionService: stats => 1688910610082,217187,4169
07-09 15:50:10.086 16662 16761 I BatteryMgr:DataCollectionService: stats => 1688910610086,217187,4169
07-09 15:50:10.090 16662 16761 I BatteryMgr:DataCollectionService: stats => 1688910610090,217187,4169
07-09 15:50:10.094 16662 16761 I BatteryMgr:DataCollectionService: stats => 1688910610093,217187,4169
07-09 15:50:10.098 16662 16761 I BatteryMgr:DataCollectionService: stats => 1688910610098,217187,4169
07-09 15:50:10.102 16662 16761 I BatteryMgr:DataCollectionService: stats => 1688910610102,217187,4169
07-09 15:50:10.105 16662 16761 I BatteryMgr:DataCollectionService: stats => 1688910610105,217187,4169
07-09 15:50:10.109 16662 16761 I BatteryMgr:DataCollectionService: stats => 1688910610109,217187,4169
07-09 15:50:10.113 16662 16761 I BatteryMgr:DataCollectionService: stats => 1688910610113,217187,4169
07-09 15:50:10.117 16662 16761 I BatteryMgr:DataCollectionService: stats => 1688910610117,217187,4169
07-09 15:50:10.120 16662 16761 I BatteryMgr:DataCollectionService: stats => 1688910610120,217187,4169
07-09 15:50:10.124 16662 16761 I BatteryMgr:DataCollectionService: stats => 1688910610124,217187,4169
07-09 15:50:10.127 16662 16761 I BatteryMgr:DataCollectionService: stats => 1688910610127,217187,4169
07-09 15:50:10.130 16662 16761 I BatteryMgr:DataCollectionService: stats => 1688910610130,217187,4169
07-09 15:50:10.133 16662 16761 I BatteryMgr:DataCollectionService: stats => 1688910610133,217187,4169
07-09 15:50:10.136 16662 16761 I BatteryMgr:DataCollectionService: stats => 1688910610136,217187,4169
07-09 15:50:10.140 16662 16761 I BatteryMgr:DataCollectionService: stats => 1688910610140,186250,4169
07-09 15:50:10.143 16662 16761 I BatteryMgr:DataCollectionService: stats => 1688910610143,186250,4169
07-09 15:50:10.146 16662 16761 I BatteryMgr:DataCollectionService: stats => 1688910610146,186250,4169
07-09 15:50:10.149 16662 16761 I BatteryMgr:DataCollectionService: stats => 1688910610149,186250,4169
07-09 15:50:10.152 16662 16761 I BatteryMgr:DataCollectionService: stats => 1688910610152,186250,4169
07-09 15:50:10.155 16662 16761 I BatteryMgr:DataCollectionService: stats => 1688910610155,186250,4169
07-09 15:50:10.158 16662 16761 I BatteryMgr:DataCollectionService: stats => 1688910610158,186250,4169
07-09 15:50:10.161 16662 16761 I BatteryMgr:DataCollectionService: stats => 1688910610161,186250,4169
07-09 15:50:10.164 16662 16761 I BatteryMgr:DataCollectionService: stats => 1688910610164,186250,4169
07-09 15:50:10.167 16662 16761 I BatteryMgr:DataCollectionService: stats => 1688910610167,186250,4169
07-09 15:50:10.170 16662 16761 I BatteryMgr:DataCollectionService: stats => 1688910610170,186250,4169
07-09 15:50:10.173 16662 16761 I BatteryMgr:DataCollectionService: stats => 1688910610173,186250,4169
07-09 15:50:10.176 16662 16761 I BatteryMgr:DataCollectionService: stats => 1688910610176,186250,4169
07-09 15:50:10.179 16662 16761 I BatteryMgr:DataCollectionService: stats => 1688910610179,186250,4169
07-09 15:50:10.183 16662 16761 I BatteryMgr:DataCollectionService: stats => 1688910610183,186250,4169
07-09 15:50:10.186 16662 16761 I BatteryMgr:DataCollectionService: stats => 1688910610186,186250,4169
07-09 15:50:10.189 16662 16761 I BatteryMgr:DataCollectionService: stats => 1688910610189,186250,4169
07-09 15:50:10.193 16662 16761 I BatteryMgr:DataCollectionService: stats => 1688910610193,186250,4169
07-09 15:50:10.197 16662 16761 I BatteryMgr:DataCollectionService: stats => 1688910610197,186250,4169
07-09 15:50:10.201 16662 16761 I BatteryMgr:DataCollectionService: stats => 1688910610201,186250,4169
07-09 15:50:10.205 16662 16761 I BatteryMgr:DataCollectionService: stats => 1688910610205,186250,4169
07-09 15:50:10.208 16662 16761 I BatteryMgr:DataCollectionService: stats => 1688910610208,186250,4169
07-09 15:50:10.212 16662 16761 I BatteryMgr:DataCollectionService: stats => 1688910610212,186250,4169
07-09 15:50:10.216 16662 16761 I BatteryMgr:DataCollectionService: stats => 1688910610216,186250,4169
07-09 15:50:10.219 16662 16761 I BatteryMgr:DataCollectionService: stats => 1688910610219,186250,4169
07-09 15:50:10.223 16662 16761 I BatteryMgr:DataCollectionService: stats => 1688910610223,186250,4169
07-09 15:50:10.227 16662 16761 I BatteryMgr:DataCollectionService: stats => 1688910610227,186250,4169
07-09 15:50:10.232 16662 16761 I BatteryMgr:DataCollectionService: stats => 1688910610231,186250,4169
07-09 15:50:10.235 16662 16761 I BatteryMgr:DataCollectionService: stats => 1688910610235,186250,4169
07-09 15:50:10.239 16662 16761 I BatteryMgr:DataCollectionService: stats => 1688910610239,186250,4169
07-09 15:50:10.242 16662 16761 I BatteryMgr:DataCollectionService: stats => 1688910610242,186250,4169
07-09 15:50:10.246 16662 16761 I BatteryMgr:DataCollectionService: stats => 1688910610246,186250,4169
07-09 15:50:10.250 16662 16761 I BatteryMgr:DataCollectionService: stats => 1688910610250,186250,4169
07-09 15:50:10.253 16662 16761 I BatteryMgr:DataCollectionService: stats => 1688910610253,186250,4169
07-09 15:50:10.257 16662 16761 I BatteryMgr:DataCollectionService: stats => 1688910610256,186250,4169
07-09 15:50:10.260 16662 16761 I BatteryMgr:DataCollectionService: stats => 1688910610260,186250,4169
07-09 15:50:10.264 16662 16761 I BatteryMgr:DataCollectionService: stats => 1688910610264,186250,4169
07-09 15:50:10.267 16662 16761 I BatteryMgr:DataCollectionService: stats => 1688910610267,186250,4169
07-09 15:50:10.271 16662 16761 I BatteryMgr:DataCollectionService: stats => 1688910610271,186250,4169
07-09 15:50:10.274 16662 16761 I BatteryMgr:DataCollectionService: stats => 1688910610274,186250,4169
07-09 15:50:10.278 16662 16761 I BatteryMgr:DataCollectionService: stats => 1688910610278,186250,4169
07-09 15:50:10.281 16662 16761 I BatteryMgr:DataCollectionService: stats => 1688910610281,186250,4169
07-09 15:50:10.286 16662 16761 I BatteryMgr:DataCollectionService: stats => 1688910610286,186250,4169
07-09 15:50:10.289 16662 16761 I BatteryMgr:DataCollectionService: stats => 1688910610289,186250,4169
07-09 15:50:10.294 16662 16761 I BatteryMgr:DataCollectionService: stats => 1688910610294,186250,4169
07-09 15:50:10.298 16662 16761 I BatteryMgr:DataCollectionService: stats => 1688910610298,186250,4169
07-09 15:50:10.302 16662 16761 I BatteryMgr:DataCollectionService: stats => 1688910610302,186250,4169
07-09 15:50:10.307 16662 16761 I BatteryMgr:DataCollectionService: stats => 1688910610307,186250,4169
07-09 15:50:10.311 16662 16761 I BatteryMgr:DataCollectionService: stats => 1688910610311,186250,4169
07-09 15:50:10.315 16662 16761 I BatteryMgr:DataCollectionService: stats => 1688910610315,186250,4169
07-09 15:50:10.319 16662 16761 I BatteryMgr:DataCollectionService: stats => 1688910610318,186250,4169
07-09 15:50:10.323 16662 16761 I BatteryMgr:DataCollectionService: stats => 1688910610323,186250,4169
07-09 15:50:10.330 16662 16761 I BatteryMgr:DataCollectionService: stats => 1688910610330,186250,4169
07-09 15:50:10.337 16662 16761 I BatteryMgr:DataCollectionService: stats => 1688910610337,186250,4169
07-09 15:50:10.342 16662 16761 I BatteryMgr:DataCollectionService: stats => 1688910610342,186250,4169
07-09 15:50:10.347 16662 16761 I BatteryMgr:DataCollectionService: stats => 1688910610347,186250,4169
07-09 15:50:10.354 16662 16761 I BatteryMgr:DataCollectionService: stats => 1688910610354,186250,4169
07-09 15:50:10.359 16662 16761 I BatteryMgr:DataCollectionService: stats => 1688910610359,186250,4169
