05-07 11:21:40.660 12374 12478 I BatteryMgr:DataCollectionService: stats => 1683451300660,false,true,-2147483648,99,144062,130312,-2147483648,2423000,3,2423000,144062,99,99,2423000,130312,144062,-2147483648,3,144062,130312,-2147483648,99,2423000,2,17303567,100,0,100,3,Li-ion,274,4172
05-07 11:21:41.138  1007  1073 D VSC     : @ 243127.069: [WO] Proposed rotation: 0, flat angle threshold: 65
05-07 11:21:41.138  1007  1073 D VSC     : @ 243127.069: [WO] orientation angle 3, orientation 0
05-07 11:21:41.138  1007  1073 D VSC     : @ 243127.069: [WO] Gyro angle integrated: 0.077067
05-07 11:21:41.208 12374 12478 I BatteryMgr:DataCollectionService: stats => 1683451301208,false,true,-2147483648,99,68437,134062,-2147483648,2423000,3,2423000,68437,99,99,2423000,134062,68437,-2147483648,3,68437,134062,-2147483648,99,2423000,2,17303567,100,0,100,3,Li-ion,274,4172
05-07 11:21:41.749 12374 12478 I BatteryMgr:DataCollectionService: stats => 1683451301749,false,true,-2147483648,99,99375,130937,-2147483648,2423000,3,2423000,99375,99,99,2423000,130937,99375,-2147483648,3,99375,130937,-2147483648,99,2423000,2,17303567,100,0,100,3,Li-ion,274,4172
05-07 11:21:42.092  1701  2076 D ConnectivityService: NetReassign [no changes]
05-07 11:21:42.288 12374 12478 I BatteryMgr:DataCollectionService: stats => 1683451302288,false,true,-2147483648,99,179375,132500,-2147483648,2423000,3,2423000,179375,99,99,2423000,132500,179375,-2147483648,3,179375,132500,-2147483648,99,2423000,2,17303567,100,0,100,3,Li-ion,274,4172
05-07 11:21:42.823 12374 12478 I BatteryMgr:DataCollectionService: stats => 1683451302823,false,true,-2147483648,99,180000,133750,-2147483648,2423000,3,2423000,180000,99,99,2423000,133750,180000,-2147483648,3,180000,133750,-2147483648,99,2423000,2,17303567,100,0,100,3,Li-ion,274,4172
05-07 11:21:43.140  1007  1073 D VSC     : @ 243129.070: [WO] Proposed rotation: 0, flat angle threshold: 65
05-07 11:21:43.140  1007  1073 D VSC     : @ 243129.070: [WO] orientation angle 3, orientation 0
05-07 11:21:43.140  1007  1073 D VSC     : @ 243129.070: [WO] Gyro angle integrated: 0.050256
05-07 11:21:43.364 12374 12478 I BatteryMgr:DataCollectionService: stats => 1683451303364,false,true,-2147483648,99,99375,135312,-2147483648,2423000,3,2423000,99375,99,99,2423000,135312,99375,-2147483648,3,99375,135312,-2147483648,99,2423000,2,17303567,100,0,100,3,Li-ion,274,4172
05-07 11:21:43.896 12374 12478 I BatteryMgr:DataCollectionService: stats => 1683451303896,false,true,-2147483648,99,132187,132812,-2147483648,2423000,3,2423000,132187,99,99,2423000,132812,132187,-2147483648,3,132187,132812,-2147483648,99,2423000,2,17303567,100,0,100,3,Li-ion,274,4172
05-07 11:21:44.440 12374 12478 I BatteryMgr:DataCollectionService: stats => 1683451304439,false,true,-2147483648,99,95000,132812,-2147483648,2423000,3,2423000,95000,99,99,2423000,132812,95000,-2147483648,3,95000,132812,-2147483648,99,2423000,2,17303567,100,0,100,3,Li-ion,274,4172
05-07 11:21:44.988 12374 12478 I BatteryMgr:DataCollectionService: stats => 1683451304988,false,true,-2147483648,99,128437,130625,-2147483648,2423000,3,2423000,128437,99,99,2423000,130625,128437,-2147483648,3,128437,130625,-2147483648,99,2423000,2,17303567,100,0,100,3,Li-ion,274,4172
05-07 11:21:45.116  1701  2076 D ConnectivityService: NetReassign [no changes]
05-07 11:21:45.125  1007  1073 D VSC     : @ 243131.066: [WO] Proposed rotation: 0, flat angle threshold: 65
05-07 11:21:45.125  1007  1073 D VSC     : @ 243131.066: [WO] orientation angle 3, orientation 0
05-07 11:21:45.125  1007  1073 D VSC     : @ 243131.066: [WO] Gyro angle integrated: 0.040589
05-07 11:21:45.525 12374 12478 I BatteryMgr:DataCollectionService: stats => 1683451305524,false,true,-2147483648,99,119062,130625,-2147483648,2423000,3,2423000,119062,99,99,2423000,130625,119062,-2147483648,3,119062,130625,-2147483648,99,2423000,2,17303567,100,0,100,3,Li-ion,274,4172
05-07 11:21:46.063 12374 12478 I BatteryMgr:DataCollectionService: stats => 1683451306063,false,true,-2147483648,99,105000,130000,-2147483648,2423000,3,2423000,105000,99,99,2423000,130000,105000,-2147483648,3,105000,130000,-2147483648,99,2423000,2,17303567,100,0,100,3,Li-ion,274,4172
05-07 11:21:46.610 12374 12478 I BatteryMgr:DataCollectionService: stats => 1683451306610,false,true,-2147483648,99,161250,130312,-2147483648,2423000,3,2423000,161250,99,99,2423000,130312,161250,-2147483648,3,161250,130312,-2147483648,99,2423000,2,17303567,100,0,100,3,Li-ion,274,4172
05-07 11:21:47.124  1007  1073 D VSC     : @ 243133.065: [WO] Proposed rotation: 0, flat angle threshold: 65
05-07 11:21:47.124  1007  1073 D VSC     : @ 243133.065: [WO] orientation angle 3, orientation 0
05-07 11:21:47.124  1007  1073 D VSC     : @ 243133.065: [WO] Gyro angle integrated: 0.278006
05-07 11:21:47.147 12374 12478 I BatteryMgr:DataCollectionService: stats => 1683451307147,false,true,-2147483648,99,85312,129375,-2147483648,2423000,3,2423000,85312,99,99,2423000,129375,85312,-2147483648,3,85312,129375,-2147483648,99,2423000,2,17303567,100,0,100,3,Li-ion,274,4172
05-07 11:21:47.685 12374 12478 I BatteryMgr:DataCollectionService: stats => 1683451307685,false,true,-2147483648,99,162187,129375,-2147483648,2423000,3,2423000,162187,99,99,2423000,129375,162187,-2147483648,3,162187,129375,-2147483648,99,2423000,2,17303567,100,0,100,3,Li-ion,274,4172
05-07 11:21:48.168  1701  2076 D ConnectivityService: NetReassign [no changes]
05-07 11:21:48.216 12374 12478 I BatteryMgr:DataCollectionService: stats => 1683451308215,false,true,-2147483648,99,162500,128437,-2147483648,2423000,3,2423000,162500,99,99,2423000,128437,162500,-2147483648,3,162500,128437,-2147483648,99,2423000,2,17303567,100,0,100,3,Li-ion,274,4172
05-07 11:21:48.762 12374 12478 I BatteryMgr:DataCollectionService: stats => 1683451308762,false,true,-2147483648,99,162187,130625,-2147483648,2423000,3,2423000,162187,99,99,2423000,130625,162187,-2147483648,3,162187,130625,-2147483648,99,2423000,2,17303567,100,0,100,3,Li-ion,274,4172
05-07 11:21:49.140  1007  1073 D VSC     : @ 243135.070: [WO] Proposed rotation: 0, flat angle threshold: 65
05-07 11:21:49.140  1007  1073 D VSC     : @ 243135.070: [WO] orientation angle 3, orientation 0
05-07 11:21:49.140  1007  1073 D VSC     : @ 243135.070: [WO] Gyro angle integrated: 0.028994
05-07 11:21:49.313 12374 12478 I BatteryMgr:DataCollectionService: stats => 1683451309313,false,true,-2147483648,99,125625,130625,-2147483648,2423000,3,2423000,125625,99,99,2423000,130625,125625,-2147483648,3,125625,130625,-2147483648,99,2423000,2,17303567,100,0,100,3,Li-ion,274,4172
05-07 11:21:49.869 12374 12478 I BatteryMgr:DataCollectionService: stats => 1683451309869,false,true,-2147483648,99,131875,131875,-2147483648,2423000,3,2423000,131875,99,99,2423000,131875,131875,-2147483648,3,131875,131875,-2147483648,99,2423000,2,17303567,100,0,100,3,Li-ion,274,4172
05-07 11:21:50.406 12374 12478 I BatteryMgr:DataCollectionService: stats => 1683451310406,false,true,-2147483648,99,124062,131875,-2147483648,2423000,3,2423000,124062,99,99,2423000,131875,124062,-2147483648,3,124062,131875,-2147483648,99,2423000,2,17303567,100,0,100,3,Li-ion,274,4172
05-07 11:21:50.966 12374 12478 I BatteryMgr:DataCollectionService: stats => 1683451310965,false,true,-2147483648,99,145000,130625,-2147483648,2422000,3,2422000,145000,99,99,2422000,130625,145000,-2147483648,3,145000,130625,-2147483648,99,2422000,2,17303567,100,0,100,3,Li-ion,274,4172
05-07 11:21:51.140  1007  1073 D VSC     : @ 243137.070: [WO] Proposed rotation: 0, flat angle threshold: 65
05-07 11:21:51.140  1007  1073 D VSC     : @ 243137.070: [WO] orientation angle 3, orientation 0
05-07 11:21:51.140  1007  1073 D VSC     : @ 243137.070: [WO] Gyro angle integrated: 0.079245
05-07 11:21:51.206  1701  2076 D ConnectivityService: NetReassign [no changes]
05-07 11:21:51.525 12374 12478 I BatteryMgr:DataCollectionService: stats => 1683451311525,false,true,-2147483648,99,170625,132500,-2147483648,2422000,3,2422000,170625,99,99,2422000,132500,170625,-2147483648,3,170625,132500,-2147483648,99,2422000,2,17303567,100,0,100,3,Li-ion,274,4172
05-07 11:21:52.063 12374 12478 I BatteryMgr:DataCollectionService: stats => 1683451312063,false,true,-2147483648,99,173125,131562,-2147483648,2422000,3,2422000,173125,99,99,2422000,131562,173125,-2147483648,3,173125,131562,-2147483648,99,2422000,2,17303567,100,0,100,3,Li-ion,274,4172
05-07 11:21:52.601 12374 12478 I BatteryMgr:DataCollectionService: stats => 1683451312601,false,true,-2147483648,99,192500,134687,-2147483648,2422000,3,2422000,192500,99,99,2422000,134687,192500,-2147483648,3,192500,134687,-2147483648,99,2422000,2,17303567,100,0,100,3,Li-ion,274,4172
05-07 11:21:53.125  1007  1073 D VSC     : @ 243139.066: [WO] Proposed rotation: 0, flat angle threshold: 65
05-07 11:21:53.125  1007  1073 D VSC     : @ 243139.066: [WO] orientation angle 3, orientation 0
05-07 11:21:53.125  1007  1073 D VSC     : @ 243139.066: [WO] Gyro angle integrated: 0.038418
05-07 11:21:53.139 12374 12478 I BatteryMgr:DataCollectionService: stats => 1683451313139,false,true,-2147483648,99,183750,134062,-2147483648,2422000,3,2422000,183750,99,99,2422000,134062,183750,-2147483648,3,183750,134062,-2147483648,99,2422000,2,17303567,100,0,100,3,Li-ion,274,4172
05-07 11:21:53.694 12374 12478 I BatteryMgr:DataCollectionService: stats => 1683451313694,false,true,-2147483648,99,94062,134375,-2147483648,2422000,3,2422000,115312,99,99,2422000,134375,115312,-2147483648,3,115312,134375,-2147483648,99,2422000,2,17303567,100,0,100,3,Li-ion,274,4172
05-07 11:21:54.230  1701  2076 D ConnectivityService: NetReassign [no changes]
05-07 11:21:54.233 12374 12478 I BatteryMgr:DataCollectionService: stats => 1683451314233,false,true,-2147483648,99,191875,133750,-2147483648,2422000,3,2422000,191875,99,99,2422000,133750,191875,-2147483648,3,191875,133750,-2147483648,99,2422000,2,17303567,100,0,100,3,Li-ion,274,4172
05-07 11:21:54.782 12374 12478 I BatteryMgr:DataCollectionService: stats => 1683451314782,false,true,-2147483648,99,113125,134062,-2147483648,2422000,3,2422000,113125,99,99,2422000,134062,113125,-2147483648,3,113125,134062,-2147483648,99,2422000,2,17303567,100,0,100,3,Li-ion,274,4172
05-07 11:21:55.124  1007  1073 D VSC     : @ 243141.065: [WO] Proposed rotation: 0, flat angle threshold: 65
05-07 11:21:55.124  1007  1073 D VSC     : @ 243141.066: [WO] orientation angle 3, orientation 0
05-07 11:21:55.124  1007  1073 D VSC     : @ 243141.066: [WO] Gyro angle integrated: 0.027060
05-07 11:21:55.322 12374 12478 I BatteryMgr:DataCollectionService: stats => 1683451315322,false,true,-2147483648,99,155937,133437,-2147483648,2422000,3,2422000,155937,99,99,2422000,133437,155937,-2147483648,3,155937,133437,-2147483648,99,2422000,2,17303567,100,0,100,3,Li-ion,274,4172
05-07 11:21:55.861 12374 12478 I BatteryMgr:DataCollectionService: stats => 1683451315861,false,true,-2147483648,99,141562,133125,-2147483648,2422000,3,2422000,141562,99,99,2422000,133125,141562,-2147483648,3,141562,133125,-2147483648,99,2422000,2,17303567,100,0,100,3,Li-ion,274,4172
05-07 11:21:56.396 12374 12478 I BatteryMgr:DataCollectionService: stats => 1683451316396,false,true,-2147483648,99,110000,133437,-2147483648,2422000,3,2422000,110000,99,99,2422000,133437,110000,-2147483648,3,110000,132812,-2147483648,99,2422000,2,17303567,100,0,100,3,Li-ion,274,4172
05-07 11:21:56.943 12374 12478 I BatteryMgr:DataCollectionService: stats => 1683451316943,false,true,-2147483648,99,101562,132812,-2147483648,2422000,3,2422000,101562,99,99,2422000,132812,101562,-2147483648,3,101562,132812,-2147483648,99,2422000,2,17303567,100,0,100,3,Li-ion,274,4172
05-07 11:21:57.074  1701  3672 I ActivityManager: Killing 9415:com.android.vending:instant_app_installer/u0a125 (adj 905): empty for 1823s
05-07 11:21:57.122  1701 11435 D ConnectivityService: ConnectivityService NetworkRequestInfo binderDied(uid/pid:10125/9415, android.os.BinderProxy@7a18c5)
05-07 11:21:57.123  1701  2076 D ConnectivityService: releasing NetworkRequest [ REQUEST id=1154, [ Capabilities: INTERNET&NOT_RESTRICTED&TRUSTED&NOT_VCN_MANAGED Uid: 10125 RequestorUid: 10125 RequestorPkg: com.android.vending] ] (release request)
05-07 11:21:57.123  1701 11436 D ConnectivityService: ConnectivityService NetworkRequestInfo binderDied(uid/pid:10125/9415, android.os.BinderProxy@4e6c21a)
05-07 11:21:57.123   956   956 I Zygote  : Process 9415 exited due to signal 9 (Killed)
05-07 11:21:57.123  1007  1073 D VSC     : @ 243143.065: [WO] Proposed rotation: 0, flat angle threshold: 65
05-07 11:21:57.123  1007  1073 D VSC     : @ 243143.065: [WO] orientation angle 3, orientation 0
05-07 11:21:57.123  1007  1073 D VSC     : @ 243143.065: [WO] Gyro angle integrated: 0.216484
05-07 11:21:57.124  8321  8321 D BoundBrokerSvc: onUnbind: Intent { act=com.google.android.gms.instantapps.START pkg=com.google.android.gms }
05-07 11:21:57.165  1701  1798 I libprocessgroup: Successfully killed process cgroup uid 10125 pid 9415 in 88ms
05-07 11:21:57.273  1701  2076 D ConnectivityService: NetReassign [no changes]
05-07 11:21:57.480 12374 12478 I BatteryMgr:DataCollectionService: stats => 1683451317480,false,true,-2147483648,99,239687,135312,-2147483648,2422000,3,2422000,239687,99,99,2422000,135312,239687,-2147483648,3,239687,135312,-2147483648,99,2422000,2,17303567,100,0,100,3,Li-ion,274,4172
05-07 11:21:58.013 12374 12478 I BatteryMgr:DataCollectionService: stats => 1683451318013,false,true,-2147483648,99,124375,135937,-2147483648,2422000,3,2422000,124375,99,99,2422000,135937,124375,-2147483648,3,124375,135937,-2147483648,99,2422000,2,17303567,100,0,100,3,Li-ion,274,4172
05-07 11:21:58.552 12374 12478 I BatteryMgr:DataCollectionService: stats => 1683451318552,false,true,-2147483648,99,94687,134375,-2147483648,2422000,3,2422000,94687,99,99,2422000,134375,94687,-2147483648,3,94687,134375,-2147483648,99,2422000,2,17303567,100,0,100,3,Li-ion,274,4172
05-07 11:21:58.943 12503 12503 D ProcessState: Binder ioctl to enable oneway spam detection failed: Invalid argument
05-07 11:21:58.957 12374 12374 I BatteryMgr:createFile: creating file called /storage/emulated/0/Documents/BatteryManager.csv
05-07 11:21:58.963  1701 11436 D CompatibilityChangeReporter: Compat change id reported: 149924527; UID 10221; state: ENABLED
05-07 11:21:58.963  1701 11436 D CompatibilityChangeReporter: Compat change id reported: 132649864; UID 10221; state: DISABLED
05-07 11:21:58.976  3355  3607 W MediaProvider: isAppCloneUserPair failed. Users: 0 and 0
05-07 11:21:58.976  3355  3607 W MediaProvider: isAppCloneUserPair for user 0: false
05-07 11:21:59.006 12509 12509 D ProcessState: Binder ioctl to enable oneway spam detection failed: Invalid argument
05-07 11:21:59.010 12374 12374 I BatteryMgr:createFile: created file called /storage/emulated/0/Documents/BatteryManager.csv
05-07 11:21:59.051  8321 12183 I NetworkScheduler.Stats: Task com.google.android.gms/com.google.android.gms.ipa.base.IpaGcmTaskService started execution. cause:9 exec_start_elapsed_seconds: 243142 [CONTEXT service_id=218 ]
05-07 11:21:59.067  8321 11858 I NetworkScheduler.Stats: Task com.google.android.gms/com.google.android.gms.ipa.base.IpaGcmTaskService finished executing. cause:9 result: 1 elapsed_millis: 34 uptime_millis: 34 exec_start_elapsed_seconds: 243142 [CONTEXT service_id=218 ]
05-07 11:21:59.071  8321  8321 D BoundBrokerSvc: onBind: Intent { act=com.google.android.gms.scheduler.ACTION_PROXY_SCHEDULE dat=chimera-action: cmp=com.google.android.gms/.chimera.PersistentApiService }
05-07 11:21:59.071  8321  8321 D BoundBrokerSvc: Loading bound service for intent: Intent { act=com.google.android.gms.scheduler.ACTION_PROXY_SCHEDULE dat=chimera-action: cmp=com.google.android.gms/.chimera.PersistentApiService }
05-07 11:21:59.123  1007  1073 D VSC     : @ 243145.065: [WO] Proposed rotation: 0, flat angle threshold: 65
05-07 11:21:59.123  1007  1073 D VSC     : @ 243145.065: [WO] orientation angle 3, orientation 0
05-07 11:21:59.123  1007  1073 D VSC     : @ 243145.065: [WO] Gyro angle integrated: 0.263369
05-07 11:21:59.158 12520 12520 D ProcessState: Binder ioctl to enable oneway spam detection failed: Invalid argument
05-07 11:21:59.163  1701  1723 I ActivityManager: Force stopping e.www.httpsrequesttest appid=10231 user=0: from pid 12520
05-07 11:21:59.164  1701  1723 I ActivityManager: Killing 12412:e.www.httpsrequesttest/u0a231 (adj 0): stop e.www.httpsrequesttest due to from pid 12520
05-07 11:21:59.165  1701  1723 W ActivityTaskManager: Force removing ActivityRecord{3fedcea u0 e.www.httpsrequesttest/.MainActivity t132 f}}: app died, no saved state
05-07 11:21:59.170  1701  1723 W InputManager-JNI: Input channel object 'd4bc677 e.www.httpsrequesttest/e.www.httpsrequesttest.MainActivity (client)' was disposed without first being removed with the input manager!
05-07 11:21:59.179  1701  1723 D CompatibilityChangeReporter: Compat change id reported: 181136395; UID 10221; state: DISABLED
05-07 11:21:59.180  1701  1723 D CompatibilityChangeReporter: Compat change id reported: 174042936; UID 10221; state: DISABLED
05-07 11:21:59.182  1701  1723 W ActivityTaskManager: Can't find TaskDisplayArea to determine support for multi window. Task id=132 attached=false
05-07 11:21:59.182  1701  1723 W ActivityTaskManager: Can't find TaskDisplayArea to determine support for multi window. Task id=132 attached=false
05-07 11:21:59.190  2430  2430 E PhoneInterfaceManager: [PhoneIntfMgr] getCarrierPackageNamesForIntentAndPhone: No UICC
05-07 11:21:59.191  2430  2430 D CarrierSvcBindHelper: No carrier app for: 0
05-07 11:21:59.196   956   956 I Zygote  : Process 12412 exited due to signal 9 (Killed)
05-07 11:21:59.198  1701  3263 V ActivityManager: Got obituary of 12412:e.www.httpsrequesttest
05-07 11:21:59.198  1701  1767 W ActivityManager: setHasOverlayUi called on unknown pid: 12412
05-07 11:21:59.201  3282  3282 D RegisteredNfcFServicesCache: Service unchanged, not updating
05-07 11:21:59.203 11741 11741 I EuiccGoogle: [2] EuiccServiceImpl.onCreate: onCreate Single-SIM mode: simCardState is 1
05-07 11:21:59.207 11741 12526 I EuiccGoogle: [168] EuiccServiceImpl.onGetEuiccProfileInfoList: onGetEuiccProfileInfoList: slotId = -1
05-07 11:21:59.208 11741 12526 W EuiccGoogle: [168] EuiccServiceImpl.onGetEuiccProfileInfoList: slotId=-1. No eUICC is active. Return null.
05-07 11:21:59.210  1701  1798 I libprocessgroup: Successfully killed process cgroup uid 10231 pid 12412 in 45ms
05-07 11:21:59.210   716   716 E BpTransactionCompletedListener: Failed to transact (-32)
05-07 11:21:59.251 12374 12430 I OpenGLRenderer: Davey! duration=61772ms; Flags=1, FrameTimelineVsyncId=325082, IntendedVsync=19827270352705, Vsync=19827337019369, InputEventId=0, HandleInputStart=19827349563350, AnimationStart=19827349568090, PerformTraversalsStart=19827349784913, DrawStart=19827641024108, FrameDeadline=19827303686037, FrameInterval=19827349523975, FrameStartTime=16666666, SyncQueued=19827648003640, SyncStart=19827648150099, IssueDrawCommandsStart=19827649208067, SwapBuffers=19827680097133, FrameCompleted=19889042891006, DequeueBufferDuration=50000, QueueBufferDuration=508386, GpuCompleted=19889042891006, SwapBuffersCompleted=19827681234894, DisplayPresentTime=0, 
05-07 11:21:59.253 11343 11343 I GoogleInputMethodService: GoogleInputMethodService.onFinishInput():3261 
05-07 11:21:59.254 11343 11343 I GoogleInputMethodService: GoogleInputMethodService.updateDeviceLockedStatus():2110 repeatCheckTimes = 0, locked = false
05-07 11:21:59.254 11343 11343 I GoogleInputMethodService: GoogleInputMethodService.onStartInput():1898 onStartInput(EditorInfo{inputType=0x0(NULL) imeOptions=0x0 privateImeOptions=null actionName=UNSPECIFIED actionLabel=null actionId=0 initialSelStart=-1 initialSelEnd=-1 initialCapsMode=0x0 hintText=null label=null packageName=com.example.batterymanager_utility fieldId=-1 fieldName=null extras=null hintLocales=[]}, false)
05-07 11:21:59.254 11343 11343 I GoogleInputMethodService: GoogleInputMethodService.shouldHideHeaderOnInitialState():4088 ShouldHideHeaderOnInitialState = false
05-07 11:21:59.254 11343 11343 I GoogleInputMethodService: GoogleInputMethodService.updateDeviceLockedStatus():2110 repeatCheckTimes = 1, locked = false
05-07 11:22:00.005 16431 16475 I AiAiEcho: Predicting[1]: { Feature:1, creation:2023-05-07T09:17:37.052Z, expiry:2023-05-07T15:17:37.052Z, isExpired: false}
05-07 11:22:00.006 16431 16475 I AiAiEcho: EchoTargets: Feature:1
05-07 11:22:00.006 16431 16475 I AiAiEcho: Filtered by AiAi flag check: 
05-07 11:22:00.006 16431 16475 I AiAiEcho: Ranked targets strategy: SORT, count: 1, ranking metadata: { cardId: WEATHER-569377242, card type: 1, update time: 2023-05-07T09:17:37.052Z, expiration time: 2023-05-07T15:17:37.052Z, ranking metadata: RankingMetaData(urgency=0.0, priority=0.0, recency=0.0, rankScore=0.0, importantTimePoints=# kwj@7bca4) }
05-07 11:22:00.008 16431 16475 I AiAiEcho: #postPredictionTargets: Sending updates to UISurface lockscreen with targets# 1 (types=[1])
05-07 11:22:00.030  2163  2163 W BcSmartspaceCard: No title view to update
05-07 11:22:00.291  1701  2076 D ConnectivityService: NetReassign [no changes]
05-07 11:22:01.125  1007  1073 D VSC     : @ 243147.066: [WO] Proposed rotation: 0, flat angle threshold: 65
05-07 11:22:01.125  1007  1073 D VSC     : @ 243147.067: [WO] orientation angle 3, orientation 0
05-07 11:22:01.125  1007  1073 D VSC     : @ 243147.067: [WO] Gyro angle integrated: 0.041556
05-07 11:22:02.420 12534 12534 D ProcessState: Binder ioctl to enable oneway spam detection failed: Invalid argument
05-07 11:22:02.425  1701  2390 I ActivityManager: Force stopping com.example.batterymanager_utility appid=10221 user=0: from pid 12534
05-07 11:22:02.427  1701  2390 I ActivityManager: Killing 12374:com.example.batterymanager_utility/u0a221 (adj 0): stop com.example.batterymanager_utility due to from pid 12534
05-07 11:22:02.428  1701  2390 W ActivityTaskManager: Force removing ActivityRecord{cd828df u0 com.example.batterymanager_utility/.MainActivity t131 f}}: app died, no saved state
05-07 11:22:02.434  1701  2390 W InputManager-JNI: Input channel object 'f0813bb com.example.batterymanager_utility/com.example.batterymanager_utility.MainActivity (client)' was disposed without first being removed with the input manager!
05-07 11:22:02.446  1701  2390 W ActivityTaskManager: Can't find TaskDisplayArea to determine support for multi window. Task id=131 attached=false
05-07 11:22:02.446  1701  2390 W ActivityTaskManager: Can't find TaskDisplayArea to determine support for multi window. Task id=131 attached=false
05-07 11:22:02.456  2430  2430 E PhoneInterfaceManager: [PhoneIntfMgr] getCarrierPackageNamesForIntentAndPhone: No UICC
05-07 11:22:02.456  2430  2430 D CarrierSvcBindHelper: No carrier app for: 0
05-07 11:22:02.458  2578  2642 W BcSmartspaceView: Current card number does not present in the Adapter.
05-07 11:22:02.462 16431 16475 I AiAiEcho: Predicting[1]: { Feature:1, creation:2023-05-07T09:17:37.052Z, expiry:2023-05-07T15:17:37.052Z, isExpired: false}
05-07 11:22:02.463 16431 16475 I AiAiEcho: EchoTargets: Feature:1
05-07 11:22:02.463 16431 16475 I AiAiEcho: Filtered by AiAi flag check: 
05-07 11:22:02.463 16431 16475 I AiAiEcho: Ranked targets strategy: SORT, count: 1, ranking metadata: { cardId: WEATHER-569377242, card type: 1, update time: 2023-05-07T09:17:37.052Z, expiration time: 2023-05-07T15:17:37.052Z, ranking metadata: RankingMetaData(urgency=0.0, priority=0.0, recency=0.0, rankScore=0.0, importantTimePoints=# kwj@7bca4) }
05-07 11:22:02.464 19838 19838 I GsaVoiceInteractionSrv: Handling ACTION_START_HOTWORD
05-07 11:22:02.465 19838 19929 I GsaVoiceInteractionSrv: (REDACTED) disregardHotwordSetting: %b
05-07 11:22:02.465 19838 19929 I GsaVoiceInteractionSrv: Cannot start hotword, hotword has been explicitly disabled.
05-07 11:22:02.465   956   956 I Zygote  : Process 12374 exited due to signal 9 (Killed)
05-07 11:22:02.465  1701  3263 V ActivityManager: Got obituary of 12374:com.example.batterymanager_utility
05-07 11:22:02.466  1701  1767 W ActivityManager: setHasOverlayUi called on unknown pid: 12374
05-07 11:22:02.467  3282  3282 D RegisteredNfcFServicesCache: Service unchanged, not updating
05-07 11:22:02.473  1701  1798 I libprocessgroup: Successfully killed process cgroup uid 10221 pid 12374 in 45ms
05-07 11:22:02.477   716   716 E BpTransactionCompletedListener: Failed to transact (-32)
05-07 11:22:02.483 16431 16475 I AiAiEcho: #postPredictionTargets: Sending updates to UISurface home with targets# 1 (types=[1])
05-07 11:22:02.484  2578  2578 W BcSmartspaceCard: No title view to update
05-07 11:22:02.498 11343 11343 I GoogleInputMethodService: GoogleInputMethodService.onFinishInput():3261 
05-07 11:22:02.499 11343 11343 I GoogleInputMethodService: GoogleInputMethodService.updateDeviceLockedStatus():2110 repeatCheckTimes = 0, locked = false
05-07 11:22:02.499 11343 11343 I GoogleInputMethodService: GoogleInputMethodService.onStartInput():1898 onStartInput(EditorInfo{inputType=0x0(NULL) imeOptions=0x0 privateImeOptions=null actionName=UNSPECIFIED actionLabel=null actionId=0 initialSelStart=-1 initialSelEnd=-1 initialCapsMode=0x0 hintText=null label=null packageName=com.google.android.apps.nexuslauncher fieldId=-1 fieldName=null extras=null hintLocales=[]}, false)
05-07 11:22:02.499 11343 11343 I GoogleInputMethodService: GoogleInputMethodService.shouldHideHeaderOnInitialState():4088 ShouldHideHeaderOnInitialState = false
05-07 11:22:02.500 11343 11343 I GoogleInputMethodService: GoogleInputMethodService.updateDeviceLockedStatus():2110 repeatCheckTimes = 1, locked = false
05-07 11:22:02.595  3355  3609 I MediaProvider: Invalidating LocalCallingIdentity cache for package com.example.batterymanager_utility. Reason: owned_database_row_deleted:/storage/emulated/0/Documents/BatteryManager.csv
05-07 11:22:02.601  3355  3609 I MediaProvider: Deleted 0 0 0 0 0 0 1 items on external_primary due to com.android.shell
05-07 11:22:02.659  8321 12258 I NetworkScheduler.Stats: Task com.google.android.gms/com.google.android.gms.ipa.base.IpaGcmTaskService started execution. cause:9 exec_start_elapsed_seconds: 243146 [CONTEXT service_id=218 ]
05-07 11:22:02.672  8321 12183 I NetworkScheduler.Stats: Task com.google.android.gms/com.google.android.gms.ipa.base.IpaGcmTaskService finished executing. cause:9 result: 1 elapsed_millis: 44 uptime_millis: 44 exec_start_elapsed_seconds: 243146 [CONTEXT service_id=218 ]
05-07 11:22:02.698  3355  3614 W MediaProvider: isAppCloneUserPair failed. Users: 0 and 0
05-07 11:22:02.698  3355  3614 W MediaProvider: isAppCloneUserPair for user 0: false
