--------- beginning of main
05-07 22:29:19.936 18813 18813 D ProcessState: Binder ioctl to enable oneway spam detection failed: Invalid argument
--------- beginning of system
05-07 22:29:19.941  1701  3663 I ActivityTaskManager: START u0 {act=android.intent.action.MAIN cat=[android.intent.category.LAUNCHER] flg=0x10000000 cmp=com.example.batterymanager_utility/.MainActivity} from uid 2000
05-07 22:29:19.943  1701  3663 W ActivityTaskManager: Can't find TaskDisplayArea to determine support for multi window. Task id=607 attached=false
05-07 22:29:19.946  1701  3663 D CompatibilityChangeReporter: Compat change id reported: 174042980; UID 10221; state: DISABLED
05-07 22:29:19.946  1701  3663 D CompatibilityChangeReporter: Compat change id reported: 184838306; UID 10221; state: DISABLED
05-07 22:29:19.947  1701  3663 D CompatibilityChangeReporter: Compat change id reported: 185004937; UID 10221; state: DISABLED
05-07 22:29:19.950  1701  3663 D CompatibilityChangeReporter: Compat change id reported: 168419799; UID 10221; state: DISABLED
05-07 22:29:19.959  1701  1767 D CompatibilityChangeReporter: Compat change id reported: 135634846; UID 10221; state: DISABLED
05-07 22:29:19.960  1701  1767 D CompatibilityChangeReporter: Compat change id reported: 177438394; UID 10221; state: DISABLED
05-07 22:29:19.960  1701  1767 D CompatibilityChangeReporter: Compat change id reported: 135772972; UID 10221; state: DISABLED
05-07 22:29:19.960  1701  1767 D CompatibilityChangeReporter: Compat change id reported: 135754954; UID 10221; state: ENABLED
05-07 22:29:19.960  1701  1796 D CompatibilityChangeReporter: Compat change id reported: 143937733; UID 10221; state: ENABLED
05-07 22:29:19.966   956   956 D Zygote  : Forked child process 18818
05-07 22:29:19.967  1701  1796 I ActivityManager: Start proc 18818:com.example.batterymanager_utility/u0a221 for pre-top-activity {com.example.batterymanager_utility/com.example.batterymanager_utility.MainActivity}
05-07 22:29:19.972 18818 18818 I manager_utilit: Late-enabling -Xcheck:jni
05-07 22:29:20.012 11576 11584 I adbd    : jdwp connection from 18818
05-07 22:29:20.015 18818 18818 D ProcessState: Binder ioctl to enable oneway spam detection failed: Invalid argument
05-07 22:29:20.030 18818 18818 D CompatibilityChangeReporter: Compat change id reported: 171979766; UID 10221; state: ENABLED
05-07 22:29:20.039 18816 18816 D AndroidRuntime: >>>>>> START com.android.internal.os.RuntimeInit uid 2000 <<<<<<
05-07 22:29:20.044 18816 18816 I AndroidRuntime: Using default boot image
05-07 22:29:20.044 18816 18816 I AndroidRuntime: Leaving lock profiling enabled
05-07 22:29:20.044 18816 18816 W libc    : Access denied finding property "odsign.verification.success"
05-07 22:29:20.039 18816 18816 W app_process: type=1400 audit(0.0:2735): avc: denied { read } for name="u:object_r:odsign_prop:s0" dev="tmpfs" ino=24717 scontext=u:r:shell:s0 tcontext=u:object_r:odsign_prop:s0 tclass=file permissive=0
05-07 22:29:20.047 18816 18816 W app_process: ART APEX data files are untrusted.
05-07 22:29:20.058 19838 19838 I GsaVoiceInteractionSrv: Handling ACTION_STOP_HOTWORD
05-07 22:29:20.138 18816 18816 D app_process: Time zone APEX ICU file found: /apex/com.android.tzdata/etc/icu/icu_tzdata.dat
05-07 22:29:20.139 18816 18816 D app_process: I18n APEX ICU file found: /apex/com.android.i18n/etc/icu/icudt68l.dat
05-07 22:29:20.168 18816 18816 D ProcessState: Binder ioctl to enable oneway spam detection failed: Invalid argument
05-07 22:29:20.168 18816 18816 D AndroidRuntime: Calling main entry com.android.commands.monkey.Monkey
05-07 22:29:20.169 18816 18816 W Monkey  : args: [-p, e.www.displaytest, 1]
05-07 22:29:20.170 18816 18816 W Monkey  :  arg: "-p"
05-07 22:29:20.170 18816 18816 W Monkey  :  arg: "e.www.displaytest"
05-07 22:29:20.170 18816 18816 W Monkey  :  arg: "1"
05-07 22:29:20.170 18816 18816 W Monkey  : data="e.www.displaytest"
05-07 22:29:20.183  1701  1795 W BroadcastQueue: Skipping deliver [background] BroadcastRecord{e4fcaa1 u-1 android.net.conn.CONNECTIVITY_CHANGE} to ReceiverList{13c84c6 18816 (unknown name)/2000/u-1 remote:6b010ab}: process gone or crashing
05-07 22:29:20.190  1701  2481 I ActivityTaskManager: START u0 {act=android.intent.action.MAIN cat=[android.intent.category.LAUNCHER] flg=0x10200000 cmp=e.www.displaytest/.MainActivity} from uid 2000
05-07 22:29:20.191  1701  2481 W ActivityTaskManager: Can't find TaskDisplayArea to determine support for multi window. Task id=608 attached=false
05-07 22:29:20.192  1701  2481 D CompatibilityChangeReporter: Compat change id reported: 174042980; UID 10250; state: DISABLED
05-07 22:29:20.193  1701  2481 D CompatibilityChangeReporter: Compat change id reported: 184838306; UID 10250; state: DISABLED
05-07 22:29:20.193  1701  2481 D CompatibilityChangeReporter: Compat change id reported: 185004937; UID 10250; state: DISABLED
05-07 22:29:20.193  1701  2481 D CompatibilityChangeReporter: Compat change id reported: 181136395; UID 10250; state: DISABLED
05-07 22:29:20.194  1701  2481 D CompatibilityChangeReporter: Compat change id reported: 174042936; UID 10250; state: DISABLED
05-07 22:29:20.196  1701  2481 D CompatibilityChangeReporter: Compat change id reported: 168419799; UID 10250; state: DISABLED
05-07 22:29:20.200 18816 18816 I Monkey  : Events injected: 1
05-07 22:29:20.204  1701  1767 D CompatibilityChangeReporter: Compat change id reported: 135634846; UID 10250; state: DISABLED
05-07 22:29:20.205  1701  1767 D CompatibilityChangeReporter: Compat change id reported: 177438394; UID 10250; state: DISABLED
05-07 22:29:20.205  1701  1767 D CompatibilityChangeReporter: Compat change id reported: 135772972; UID 10250; state: DISABLED
05-07 22:29:20.205  1701  1767 D CompatibilityChangeReporter: Compat change id reported: 135754954; UID 10250; state: DISABLED
05-07 22:29:20.205  1701  1796 D CompatibilityChangeReporter: Compat change id reported: 143937733; UID 10250; state: DISABLED
05-07 22:29:20.208 18816 18816 I Monkey  : ## Network stats: elapsed time=18ms (0ms mobile, 0ms wifi, 18ms not connected)
05-07 22:29:20.209 18818 18818 V GraphicsEnvironment: ANGLE Developer option for 'com.example.batterymanager_utility' set to: 'default'
05-07 22:29:20.209 18816 18816 I app_process: System.exit called, status: 0
05-07 22:29:20.209 18816 18816 I AndroidRuntime: VM exiting with result code 0.
05-07 22:29:20.209 18818 18818 V GraphicsEnvironment: App is not on the allowlist for updatable production driver.
05-07 22:29:20.211 18818 18818 D NetworkSecurityConfig: No Network Security Config specified, using platform default
05-07 22:29:20.211   956   956 D Zygote  : Forked child process 18850
05-07 22:29:20.211 18818 18818 D NetworkSecurityConfig: No Network Security Config specified, using platform default
05-07 22:29:20.212  1701  1796 I ActivityManager: Start proc 18850:e.www.displaytest/u0a250 for pre-top-activity {e.www.displaytest/e.www.displaytest.MainActivity}
05-07 22:29:20.217 18850 18850 I www.displaytes: Late-enabling -Xcheck:jni
05-07 22:29:20.219 18818 18818 I BatteryMgr:App: creating notification channel
05-07 22:29:20.241 11576 11584 I adbd    : jdwp connection from 18850
05-07 22:29:20.244 18850 18850 D ProcessState: Binder ioctl to enable oneway spam detection failed: Invalid argument
05-07 22:29:20.296 18850 18850 D CompatibilityChangeReporter: Compat change id reported: 171979766; UID 10250; state: DISABLED
05-07 22:29:20.306  1701  5890 W InputManager-JNI: Input channel object '8ebef54 Splash Screen com.example.batterymanager_utility (client)' was disposed without first being removed with the input manager!
05-07 22:29:20.310 18850 18850 D ApplicationLoaders: Returning zygote-cached class loader: /system/framework/android.test.base.jar
05-07 22:29:20.366 18850 18850 V GraphicsEnvironment: ANGLE Developer option for 'e.www.displaytest' set to: 'default'
05-07 22:29:20.366 18850 18850 V GraphicsEnvironment: App is not on the allowlist for updatable production driver.
05-07 22:29:20.368 18850 18850 D NetworkSecurityConfig: No Network Security Config specified, using platform default
05-07 22:29:20.369 18850 18850 D NetworkSecurityConfig: No Network Security Config specified, using platform default
05-07 22:29:20.434 18850 18850 W www.displaytes: Accessing hidden method Landroid/view/View;->computeFitSystemWindows(Landroid/graphics/Rect;Landroid/graphics/Rect;)Z (unsupported, reflection, allowed)
05-07 22:29:20.434 18850 18850 W www.displaytes: Accessing hidden method Landroid/view/ViewGroup;->makeOptionalFitsSystemWindows()V (unsupported, reflection, allowed)
05-07 22:29:20.480 18818 18818 W manager_utilit: Class androidx.compose.runtime.snapshots.SnapshotStateList failed lock verification and will run slower.
05-07 22:29:20.480 18818 18818 W manager_utilit: Common causes for lock verification issues are non-optimized dex code
05-07 22:29:20.480 18818 18818 W manager_utilit: and incorrect proguard optimizations.
05-07 22:29:20.521  1701  1770 D CompatibilityChangeReporter: Compat change id reported: 158002302; UID 10250; state: ENABLED
05-07 22:29:20.524 18850 18871 I AdrenoGLES-0: QUALCOMM build                   : 781e7d0, I46ff5fc46f
05-07 22:29:20.524 18850 18871 I AdrenoGLES-0: Build Date                       : 12/01/20
05-07 22:29:20.524 18850 18871 I AdrenoGLES-0: OpenGL ES Shader Compiler Version: EV031.31.04.01
05-07 22:29:20.524 18850 18871 I AdrenoGLES-0: Local Branch                     : QPR1
05-07 22:29:20.524 18850 18871 I AdrenoGLES-0: Remote Branch                    : 
05-07 22:29:20.524 18850 18871 I AdrenoGLES-0: Remote Branch                    : 
05-07 22:29:20.524 18850 18871 I AdrenoGLES-0: Reconstruct Branch               : 
05-07 22:29:20.524 18850 18871 I AdrenoGLES-0: Build Config                     : C P 11.0.1 AArch64
05-07 22:29:20.524 18850 18871 I AdrenoGLES-0: Driver Path                      : /vendor/lib64/egl/libGLESv2_adreno.so
05-07 22:29:20.526 18850 18871 I AdrenoGLES-0: PFP: 0x016ee190, ME: 0x00000000
05-07 22:29:20.528 18850 18871 W AdrenoUtils: <ReadGpuID_from_sysfs:197>: Failed to open /sys/class/kgsl/kgsl-3d0/gpu_model
05-07 22:29:20.528 18850 18871 W AdrenoUtils: <ReadGpuID:221>: Failed to read chip ID from gpu_model. Fallback to use the GSL path
05-07 22:29:20.534   718   718 I SDM     : HWCDisplay::GetColorModeCount: Supported color mode count = 5
05-07 22:29:20.534   716   756 E HWComposer: getSupportedContentTypes: getSupportedContentTypes failed for display 0: Unsupported (8)
05-07 22:29:20.535  1701  2044 I MediaFocusControl: requestAudioFocus() from uid/pid 10250/18850 AA=USAGE_MEDIA/CONTENT_TYPE_MOVIE clientId=android.media.AudioManager@87e022c callingPack=e.www.displaytest req=1 flags=0x0 sdk=28
05-07 22:29:20.535 18850 18871 D hw-ProcessState: Binder ioctl to enable oneway spam detection failed: Invalid argument
05-07 22:29:20.535  1701  2044 I AudioService.FadeOutManager: unfadeOutUid() uid:10250
05-07 22:29:20.544  3355 32165 W MediaProvider: Failed to fetch original file descriptor
05-07 22:29:20.544  3355 32165 W MediaProvider: java.io.FileNotFoundException: Input file descriptor is already original
05-07 22:29:20.544  3355 32165 W MediaProvider: 	at com.android.providers.media.MediaProvider.getOriginalMediaFormatFileDescriptor(MediaProvider.java:5718)
05-07 22:29:20.544  3355 32165 W MediaProvider: 	at com.android.providers.media.MediaProvider.openTypedAssetFileCommon(MediaProvider.java:7134)
05-07 22:29:20.544  3355 32165 W MediaProvider: 	at com.android.providers.media.MediaProvider.openTypedAssetFile(MediaProvider.java:7115)
05-07 22:29:20.544  3355 32165 W MediaProvider: 	at android.content.ContentProvider$Transport.openTypedAssetFile(ContentProvider.java:548)
05-07 22:29:20.544  3355 32165 W MediaProvider: 	at android.content.ContentProviderNative.onTransact(ContentProviderNative.java:327)
05-07 22:29:20.544  3355 32165 W MediaProvider: 	at android.os.Binder.execTransactInternal(Binder.java:1179)
05-07 22:29:20.544  3355 32165 W MediaProvider: 	at android.os.Binder.execTransact(Binder.java:1143)
05-07 22:29:20.545  1188  1301 D NuPlayerDriver: NuPlayerDriver(0xea1006f0) created, clientPid(18850)
05-07 22:29:20.551  1188  1301 D SurfaceUtils: connecting to surface 0xe5b43278, reason setVideoSurfaceTexture
05-07 22:29:20.551  1188 18875 D NuPlayer: onSetVideoSurface(0xe5b41940, no video decoder)
05-07 22:29:20.555  1188 18876 D GenericSource: FileSource remote
05-07 22:29:20.558  1181 28408 I SampleTable: There are reordered frames present.
05-07 22:29:20.561  1181 18751 D MediaBufferGroup: creating MemoryDealer
05-07 22:29:20.567   669   669 I hwservicemanager: getTransport: Cannot find entry android.hardware.graphics.mapper@4.0::IMapper/default in either framework or device VINTF manifest.
05-07 22:29:20.567 18850 18871 I Gralloc4: mapper 4.x is not supported
05-07 22:29:20.567   669   669 I hwservicemanager: getTransport: Cannot find entry android.hardware.graphics.mapper@3.0::IMapper/default in either framework or device VINTF manifest.
05-07 22:29:20.567 18850 18871 W Gralloc3: mapper 3.x is not supported
05-07 22:29:20.568   669   669 I hwservicemanager: getTransport: Cannot find entry android.hardware.graphics.allocator@4.0::IAllocator/default in either framework or device VINTF manifest.
05-07 22:29:20.568 18850 18871 W Gralloc4: allocator 4.x is not supported
05-07 22:29:20.568   669   669 I hwservicemanager: getTransport: Cannot find entry android.hardware.graphics.allocator@3.0::IAllocator/default in either framework or device VINTF manifest.
05-07 22:29:20.568 18850 18871 W Gralloc3: allocator 3.x is not supported
05-07 22:29:20.581  1701  1760 I ActivityTaskManager: Displayed e.www.displaytest/.MainActivity: +388ms
05-07 22:29:20.582  1701  1770 D CompatibilityChangeReporter: Compat change id reported: 158002302; UID 10221; state: ENABLED
05-07 22:29:20.582 18850 18850 D MediaPlayerNative: getMetadata
05-07 22:29:20.583  1188 18875 I GenericSource: start
05-07 22:29:20.585 18818 18852 I AdrenoGLES-0: QUALCOMM build                   : 781e7d0, I46ff5fc46f
05-07 22:29:20.585 18818 18852 I AdrenoGLES-0: Build Date                       : 12/01/20
05-07 22:29:20.585 18818 18852 I AdrenoGLES-0: OpenGL ES Shader Compiler Version: EV031.31.04.01
05-07 22:29:20.585 18818 18852 I AdrenoGLES-0: Local Branch                     : QPR1
05-07 22:29:20.585 18818 18852 I AdrenoGLES-0: Remote Branch                    : 
05-07 22:29:20.585 18818 18852 I AdrenoGLES-0: Remote Branch                    : 
05-07 22:29:20.585 18818 18852 I AdrenoGLES-0: Reconstruct Branch               : 
05-07 22:29:20.585 18818 18852 I AdrenoGLES-0: Build Config                     : C P 11.0.1 AArch64
05-07 22:29:20.585 18818 18852 I AdrenoGLES-0: Driver Path                      : /vendor/lib64/egl/libGLESv2_adreno.so
05-07 22:29:20.587 18818 18852 I AdrenoGLES-0: PFP: 0x016ee190, ME: 0x00000000
05-07 22:29:20.588  1188 18882 D CCodec  : allocate(c2.qti.avc.decoder)
05-07 22:29:20.588 18818 18852 W AdrenoUtils: <ReadGpuID_from_sysfs:197>: Failed to open /sys/class/kgsl/kgsl-3d0/gpu_model
05-07 22:29:20.588  1188 18884 D CCodec  : allocate(c2.android.aac.decoder)
05-07 22:29:20.588 18818 18852 W AdrenoUtils: <ReadGpuID:221>: Failed to read chip ID from gpu_model. Fallback to use the GSL path
05-07 22:29:20.590  1188 18882 I CCodec  : setting up 'default' as default (vendor) store
05-07 22:29:20.590  1188 18884 I CCodec  : setting up 'default' as default (vendor) store
05-07 22:29:20.590  1020  2276 I QC2Interface: Created Interface (c2.qti.avc.decoder)
05-07 22:29:20.590  1216  2582 V C2Store : in init
05-07 22:29:20.590  1216  2582 V C2Store : loading dll
05-07 22:29:20.591  1020  2276 E QC2Prop : SK::kPropInputDelay:0
05-07 22:29:20.591  1020  2276 E QC2Prop : SK::kPropOutputDelay:0
05-07 22:29:20.591  1020  2276 I QC2Comp : Create: Allocated component[59] for name c2.qti.avc.decoder
05-07 22:29:20.591  1020  2276 I QC2CompStore: Created component(c2.qti.avc.decoder) id(59)
05-07 22:29:20.592  1188 18882 I CCodec  : Created component [c2.qti.avc.decoder]
05-07 22:29:20.592  1188 18882 D CCodecConfig: read media type: video/avc
05-07 22:29:20.593  1188 18882 D ReflectedParamUpdater: extent() != 1 for single value type: output.buffers.pool-ids.values
05-07 22:29:20.593  1188 18884 I CCodec  : Created component [c2.android.aac.decoder]
05-07 22:29:20.594  1188 18884 D CCodecConfig: read media type: audio/mp4a-latm
05-07 22:29:20.595  1188 18882 D CCodecConfig: ignoring local param raw.size (0xd2001800) as it is already supported
05-07 22:29:20.595  1188 18882 D CCodecConfig: ignoring local param default.color (0x5200180b) as it is already supported
05-07 22:29:20.595  1188 18882 D CCodecConfig: ignoring local param raw.hdr-static-info (0xd200180a) as it is already supported
05-07 22:29:20.595   718   718 I SDM     : HWCDisplay::GetColorModeCount: Supported color mode count = 5
05-07 22:29:20.595   716  2141 E HWComposer: getSupportedContentTypes: getSupportedContentTypes failed for display 0: Unsupported (8)
05-07 22:29:20.595  1020  1402 E QC2Prop : SK::kPropInputDelay:0
05-07 22:29:20.595  1020  1402 E QC2Prop : SK::kPropOutputDelay:0
05-07 22:29:20.596 18818 18852 D hw-ProcessState: Binder ioctl to enable oneway spam detection failed: Invalid argument
05-07 22:29:20.596  1188 18884 D ReflectedParamUpdater: extent() != 1 for single value type: algo.buffers.max-count.values
05-07 22:29:20.596  1188 18882 I CCodecConfig: query failed after returning 17 values (BAD_INDEX)
05-07 22:29:20.596  1188 18884 D ReflectedParamUpdater: extent() != 1 for single value type: output.subscribed-indices.values
05-07 22:29:20.596  1188 18884 D ReflectedParamUpdater: extent() != 1 for single value type: input.buffers.allocator-ids.values
05-07 22:29:20.596  1188 18884 D ReflectedParamUpdater: extent() != 1 for single value type: output.buffers.allocator-ids.values
05-07 22:29:20.596  1188 18884 D ReflectedParamUpdater: extent() != 1 for single value type: algo.buffers.allocator-ids.values
05-07 22:29:20.596  1188 18884 D ReflectedParamUpdater: extent() != 1 for single value type: output.buffers.pool-ids.values
05-07 22:29:20.597  1188 18884 D ReflectedParamUpdater: extent() != 1 for single value type: algo.buffers.pool-ids.values
05-07 22:29:20.597  1188 18882 D CCodecConfig: c2 config diff is Dict {
05-07 22:29:20.597  1188 18882 D CCodecConfig:   c2::i32 algo.priority.value = -1
05-07 22:29:20.597  1188 18882 D CCodecConfig:   c2::float algo.rate.value = 4.2039e-44
05-07 22:29:20.597  1188 18882 D CCodecConfig:   c2::u32 algo.secure-mode.value = 0
05-07 22:29:20.597  1188 18882 D CCodecConfig:   c2::float coded.frame-rate.value = 30
05-07 22:29:20.597  1188 18882 D CCodecConfig:   c2::u32 coded.pl.level = 20480
05-07 22:29:20.597  1188 18882 D CCodecConfig:   c2::u32 coded.pl.profile = 20480
05-07 22:29:20.597  1188 18882 D CCodecConfig:   c2::u32 coded.vui.color.matrix = 0
05-07 22:29:20.597  1188 18882 D CCodecConfig:   c2::u32 coded.vui.color.primaries = 0
05-07 22:29:20.597  1188 18882 D CCodecConfig:   c2::u32 coded.vui.color.range = 0
05-07 22:29:20.597  1188 18882 D CCodecConfig:   c2::u32 coded.vui.color.transfer = 0
05-07 22:29:20.597  1188 18882 D CCodecConfig:   c2::u32 default.color.matrix = 0
05-07 22:29:20.597  1188 18882 D CCodecConfig:   c2::u32 default.color.primaries = 3
05-07 22:29:20.597  1188 18882 D CCodecConfig:   c2::u32 default.color.range = 2
05-07 22:29:20.597  1188 18882 D CCodecConfig:   c2::u32 default.color.transfer = 0
05-07 22:29:20.597  1188 18882 D CCodecConfig:   c2::u32 input.buffers.max-size.value = 13271040
05-07 22:29:20.597  1188 18882 D CCodecConfig:   c2::u32 input.delay.value = 4
05-07 22:29:20.597  1188 18882 D CCodecConfig:   string input.media-type.value = "video/avc"
05-07 22:29:20.597  1188 18882 D CCodecConfig:   c2::u32 output.delay.value = 18
05-07 22:29:20.597  1188 18882 D CCodecConfig:   string output.media-type.value = "video/raw"
05-07 22:29:20.597  1188 18882 D CCodecConfig:   c2::u32 raw.color.matrix = 0
05-07 22:29:20.597  1188 18882 D CCodecConfig:   c2::u32 raw.color.primaries = 0
05-07 22:29:20.597  1188 18882 D CCodecConfig:   c2::u32 raw.color.range = 0
05-07 22:29:20.597  1188 18882 D CCodecConfig:   c2::u32 raw.color.transfer = 0
05-07 22:29:20.597  1188 18882 D CCodecConfig:   c2::float raw.hdr-static-info.mastering.blue.x = 1.4013e-45
05-07 22:29:20.597  1188 18882 D CCodecConfig:   c2::float raw.hdr-static-info.mastering.blue.y = 1.4013e-45
05-07 22:29:20.597  1188 18882 D CCodecConfig:   c2::float raw.hdr-
05-07 22:29:20.597  1188 18882 W ColorUtils: expected specified color aspects (0:0:0:0)
05-07 22:29:20.599   669   669 I hwservicemanager: getTransport: Cannot find entry android.hardware.graphics.mapper@4.0::IMapper/default in either framework or device VINTF manifest.
05-07 22:29:20.599 18818 18887 I Gralloc4: mapper 4.x is not supported
05-07 22:29:20.600   669   669 I hwservicemanager: getTransport: Cannot find entry android.hardware.graphics.mapper@3.0::IMapper/default in either framework or device VINTF manifest.
05-07 22:29:20.600 18818 18887 W Gralloc3: mapper 3.x is not supported
05-07 22:29:20.601  1188 18880 D SurfaceUtils: disconnecting from surface 0xe5b41948, reason onConfigure
05-07 22:29:20.601  1188 18884 I CCodecConfig: query failed after returning 19 values (BAD_INDEX)
05-07 22:29:20.601  1188 18881 D SurfaceUtils: connecting to surface 0xe5b41948, reason connectToSurface
05-07 22:29:20.601  1188 18884 D CCodecConfig: c2 config diff is Dict {
05-07 22:29:20.601  1188 18884 D CCodecConfig:   c2::u32 coded.aac-packaging.value = 0
05-07 22:29:20.601  1188 18884 D CCodecConfig:   c2::u32 coded.bitrate.value = 64000
05-07 22:29:20.601  1188 18884 D CCodecConfig:   c2::u32 coded.pl.level = 0
05-07 22:29:20.601  1188 18884 D CCodecConfig:   c2::u32 coded.pl.profile = 8192
05-07 22:29:20.601  1188 18884 D CCodecConfig:   c2::i32 coding.drc.album-mode.value = 0
05-07 22:29:20.601  1188 18884 D CCodecConfig:   c2::float coding.drc.attenuation-factor.value = 1
05-07 22:29:20.601  1188 18884 D CCodecConfig:   c2::float coding.drc.boost-factor.value = 1
05-07 22:29:20.601  1188 18884 D CCodecConfig:   c2::i32 coding.drc.compression-mode.value = 3
05-07 22:29:20.601  1188 18884 D CCodecConfig:   c2::i32 coding.drc.effect-type.value = 3
05-07 22:29:20.601  1188 18884 D CCodecConfig:   c2::float coding.drc.encoded-level.value = 0.25
05-07 22:29:20.601  1188 18884 D CCodecConfig:   c2::float coding.drc.reference-level.value = -16
05-07 22:29:20.601  1188 18884 D CCodecConfig:   c2::u32 input.buffers.max-size.value = 8192
05-07 22:29:20.601  1188 18884 D CCodecConfig:   c2::u32 input.delay.value = 0
05-07 22:29:20.601  1188 18884 D CCodecConfig:   string input.media-type.value = "audio/mp4a-latm"
05-07 22:29:20.601  1188 18884 D CCodecConfig:   c2::u32 output.delay.value = 2
05-07 22:29:20.601  1188 18884 D CCodecConfig:   c2::float output.drc.output-loudness.value = 0.25
05-07 22:29:20.601  1188 18884 D CCodecConfig:   string output.media-type.value = "audio/raw"
05-07 22:29:20.601  1188 18884 D CCodecConfig:   c2::u32 raw.channel-count.value = 1
05-07 22:29:20.601  1188 18884 D CCodecConfig:   c2::u32 raw.max-channel-count.value = 8
05-07 22:29:20.601  1188 18884 D CCodecConfig:   c2::u32 raw.sample-rate.value = 44100
05-07 22:29:20.601  1188 18884 D CCodecConfig: }
05-07 22:29:20.602  1188 18881 I MediaCodec: [c2.qti.avc.decoder] setting surface generation to 1216528
05-07 22:29:20.602  1188 18881 D SurfaceUtils: disconnecting from surface 0xe5b41948, reason connectToSurface(reconnect)
05-07 22:29:20.602  1188 18881 D SurfaceUtils: connecting to surface 0xe5b41948, reason connectToSurface(reconnect)
05-07 22:29:20.602   669   669 I hwservicemanager: getTransport: Cannot find entry android.hardware.graphics.allocator@4.0::IAllocator/default in either framework or device VINTF manifest.
05-07 22:29:20.602  1188 18882 D CCodec  : [c2.qti.avc.decoder] buffers are bound to CCodec for this session
05-07 22:29:20.602 18818 18887 W Gralloc4: allocator 4.x is not supported
05-07 22:29:20.602   669   669 I hwservicemanager: getTransport: Cannot find entry android.hardware.graphics.allocator@3.0::IAllocator/default in either framework or device VINTF manifest.
05-07 22:29:20.602  1188 18882 D CCodecConfig: no c2 equivalents for durationUs
05-07 22:29:20.602  1188 18882 D CCodecConfig: no c2 equivalents for frame-count
05-07 22:29:20.602  1188 18882 D CCodecConfig: no c2 equivalents for track-id
05-07 22:29:20.602  1188 18882 D CCodecConfig: no c2 equivalents for language
05-07 22:29:20.602  1188 18882 D CCodecConfig: no c2 equivalents for display-width
05-07 22:29:20.602  1188 18882 D CCodecConfig: no c2 equivalents for display-height
05-07 22:29:20.602  1188 18882 D CCodecConfig: no c2 equivalents for csd-1
05-07 22:29:20.602  1188 18882 D CCodecConfig: no c2 equivalents for native-window
05-07 22:29:20.602  1188 18882 D CCodecConfig: no c2 equivalents for flags
05-07 22:29:20.602 18818 18887 W Gralloc3: allocator 3.x is not supported
05-07 22:29:20.602  1188 18884 D CCodec  : [c2.android.aac.decoder] buffers are bound to CCodec for this session
05-07 22:29:20.602  1188 18884 D CCodecConfig: no c2 equivalents for durationUs
05-07 22:29:20.602  1188 18884 D CCodecConfig: no c2 equivalents for track-id
05-07 22:29:20.602  1188 18884 D CCodecConfig: no c2 equivalents for language
05-07 22:29:20.602  1188 18884 D CCodecConfig: no c2 equivalents for encoder-delay
05-07 22:29:20.602  1188 18884 D CCodecConfig: no c2 equivalents for encoder-padding
05-07 22:29:20.602  1188 18884 D CCodecConfig: no c2 equivalents for flags
05-07 22:29:20.603  1188 18882 D CCodecConfig: c2 config diff is   c2::i32 algo.priority.value = 0
05-07 22:29:20.603  1188 18882 D CCodecConfig:   c2::float algo.rate.value = 30
05-07 22:29:20.603  1188 18882 D CCodecConfig:   c2::u32 coded.pl.level = 20489
05-07 22:29:20.603  1188 18882 D CCodecConfig:   c2::u32 coded.pl.profile = 20484
05-07 22:29:20.603  1188 18882 D CCodecConfig:   c2::u32 input.buffers.max-size.value = 737280
05-07 22:29:20.603  1188 18882 D CCodecConfig:   c2::u32 raw.pixel-format.value = 34
05-07 22:29:20.603  1188 18882 D CCodecConfig:   c2::u32 raw.size.height = 720
05-07 22:29:20.603  1188 18882 D CCodecConfig:   c2::u32 raw.size.width = 1280
05-07 22:29:20.603  1188 18884 D CCodecConfig: config failed => CORRUPTED
05-07 22:29:20.603  1188 18884 D CCodecConfig: c2 config diff is   c2::u32 raw.channel-count.value = 2
05-07 22:29:20.603  1188 18884 D CCodecConfig:   c2::u32 raw.sample-rate.value = 48000
05-07 22:29:20.603  1188 18882 W Codec2Client: query -- param skipped: index = 1107298332.
05-07 22:29:20.603  1188 18882 D CCodec  : client requested max input size 183475, which is smaller than what component recommended (737280); overriding with component recommendation.
05-07 22:29:20.603  1188 18882 W CCodec  : This behavior is subject to change. It is recommended that app developers double check whether the requested max input size is in reasonable range.
05-07 22:29:20.603  1188 18882 D CCodec  : setup formats input: AMessage(what = 0x00000000) = {
05-07 22:29:20.603  1188 18882 D CCodec  :   int32_t feature-secure-playback = 0
05-07 22:29:20.603  1188 18882 D CCodec  :   int32_t frame-rate = 30
05-07 22:29:20.603  1188 18882 D CCodec  :   int32_t height = 720
05-07 22:29:20.603  1188 18882 D CCodec  :   int32_t level = 512
05-07 22:29:20.603  1188 18882 D CCodec  :   int32_t max-input-size = 737280
05-07 22:29:20.603  1188 18882 D CCodec  :   string mime = "video/avc"
05-07 22:29:20.603  1188 18882 D CCodec  :   int32_t priority = 0
05-07 22:29:20.603  1188 18882 D CCodec  :   int32_t profile = 8
05-07 22:29:20.603  1188 18882 D CCodec  :   int32_t width = 1280
05-07 22:29:20.603  1188 18882 D CCodec  :   Rect crop(0, 0, 1279, 719)
05-07 22:29:20.603  1188 18882 D CCodec  : }
05-07 22:29:20.603  1188 18882 D CCodec  : setup formats output: AMessage(what = 0x00000000) = {
05-07 22:29:20.603  1188 18882 D CCodec  :   int32_t android._color-format = 2130708361
05-07 22:29:20.603  1188 18882 D CCodec  :   int32_t android._video-scaling = 1
05-07 22:29:20.603  1188 18882 D CCodec  :   int32_t android._dataspace = 260
05-07 22:29:20.603  1188 18882 D CCodec  :   int32_t color-standard = 1
05-07 22:29:20.603  1188 18882 D CCodec  :   int32_t color-range = 2
05-07 22:29:20.603  1188 18882 D CCodec  :   int32_t color-transfer = 3
05-07 22:29:20.603  1188 18882 D CCodec  :   int32_t sar-height = 1
05-07 22:29:20.603  1188 18882 D CCodec  :   int32_t rotation-degrees = 0
05-07 22:29:20.603  1188 18882 D CCodec  :   Buffer hdr-static-info = {
05-07 22:29:20.603  1188 18882 D CCodec  :     00000000:  00 00 00 00 00 00 00 00  00 00 00 00 00 00 00 00  ................
05-07 22:29:20.603  1188 18882 D CCodec  :     00000010:  00 00 00 00 00 00 00 00  00                       .........
05-07 22:29:20.603  1188 18882 D CCodec  :   }
05-07 22:29:20.603  1188 18882 D CCodec  :   int32_t sar-width = 1
05-07 22:29:20.603  1188 18882 D CCodec  :   Rect crop(0, 0, 1279, 719)
05-07 22:29:20.603  1188 18882 D CCodec  :   int32_t width = 1280
05-07 22:29:20.603  1188 18882 D CCodec  :   int32_t feature-secure-playback = 0
05-07 22:29:20.603  1188 18882 D CCodec  :   int32_t frame-rate = 30
05-07 22:29:20.603  1188 18882 D CCodec  :   int32_t height = 720
05-07 22:29:20.603  1188 18882 D CCodec  :   int32_t max-height = 1080
05-07 22:29:20.603  1188 18882 D CCodec  :   int32_t max-width = 1920
05-07 22:29:20.603  1188 18882 D CCodec  :   string mime = "video/raw"
05-07 22:29:20.603  1188 18882 D CCodec  :   int32_t priority = 0
05-07 22:29:20.603  1188 18882 D CCodec  :   int32_t color-format = 2130708361
05-07 22:29:20.603  1188 18882 D CCodec  : }
05-07 22:29:20.603  1020  1402 E QC2Prop : SK::kPropInputDelay:0
05-07 22:29:20.603  1020  1402 E QC2Prop : SK::kPropOutputDelay:0
05-07 22:29:20.604  1188 18882 I CCodecConfig: query failed after returning 17 values (BAD_INDEX)
05-07 22:29:20.604  1188 18882 D CCodecConfig: c2 config diff is   c2::u32 raw.max-size.height = 720
05-07 22:29:20.604  1188 18882 D CCodecConfig:   c2::u32 raw.max-size.width = 1280
05-07 22:29:20.604  1188 18884 W Codec2Client: query -- param skipped: index = 1107298332.
05-07 22:29:20.604  1188 18884 D CCodec  : client requested max input size 576, which is smaller than what component recommended (8192); overriding with component recommendation.
05-07 22:29:20.604  1188 18884 W CCodec  : This behavior is subject to change. It is recommended that app developers double check whether the requested max input size is in reasonable range.
05-07 22:29:20.604  1188 18884 D CCodec  : setup formats input: AMessage(what = 0x00000000) = {
05-07 22:29:20.604  1188 18884 D CCodec  :   int32_t aac-drc-album-mode = 0
05-07 22:29:20.604  1188 18884 D CCodec  :   int32_t aac-drc-boost-level = 127
05-07 22:29:20.604  1188 18884 D CCodec  :   int32_t aac-drc-cut-level = 127
05-07 22:29:20.604  1188 18884 D CCodec  :   int32_t aac-drc-effect-type = 3
05-07 22:29:20.604  1188 18884 D CCodec  :   int32_t aac-encoded-target-level = -1
05-07 22:29:20.604  1188 18884 D CCodec  :   int32_t aac-max-output-channel_count = 8
05-07 22:29:20.604  1188 18884 D CCodec  :   int32_t aac-target-ref-level = 64
05-07 22:29:20.604  1188 18884 D CCodec  :   int32_t bitrate = 64000
05-07 22:29:20.604  1188 18884 D CCodec  :   int32_t channel-count = 2
05-07 22:29:20.604  1188 18884 D CCodec  :   int32_t level = 0
05-07 22:29:20.604  1188 18884 D CCodec  :   int32_t max-input-size = 8192
05-07 22:29:20.604  1188 18884 D CCodec  :   string mime = "audio/mp4a-latm"
05-07 22:29:20.604  1188 18884 D CCodec  :   int32_t profile = 2
05-07 22:29:20.604  1188 18884 D CCodec  :   int32_t sample-rate = 48000
05-07 22:29:20.604  1188 18884 D CCodec  : }
05-07 22:29:20.604  1188 18881 I MediaCodec: MediaCodec will operate in async mode
05-07 22:29:20.604  1188 18884 D CCodec  : setup formats output: AMessage(what = 0x00000000) = {
05-07 22:29:20.604  1188 18884 D CCodec  :   int32_t aac-drc-album-mode = 0
05-07 22:29:20.604  1188 18884 D CCodec  :   int32_t aac-drc-boost-level = 127
05-07 22:29:20.604  1188 18884 D CCodec  :   int32_t aac-drc-cut-level = 127
05-07 22:29:20.604  1188 18884 D CCodec  :   int32_t aac-drc-effect-type = 3
05-07 22:29:20.604  1188 18884 D CCodec  :   int32_t aac-drc-output-loudness = -1
05-07 22:29:20.604  1188 18884 D CCodec  :   int32_t aac-encoded-target-level = -1
05-07 22:29:20.604  1188 18884 D CCodec  :   int32_t aac-max-output-channel_count = 8
05-07 22:29:20.604  1188 18884 D CCodec  :   int32_t aac-target-ref-level = 64
05-07 22:29:20.604  1188 18884 D CCodec  :   int32_t channel-count = 2
05-07 22:29:20.604  1188 18884 D CCodec  :   string mime = "audio/raw"
05-07 22:29:20.604  1188 18884 D CCodec  :   int32_t sample-rate = 48000
05-07 22:29:20.604  1188 18884 D CCodec  :   int32_t encoder-delay = 2048
05-07 22:29:20.604  1188 18884 D CCodec  :   int32_t encoder-padding = 64
05-07 22:29:20.604  1188 18884 D CCodec  : }
05-07 22:29:20.604  1188 18880 D MediaCodec: keep callback message for reclaim
05-07 22:29:20.605  1188 18884 I CCodecConfig: query failed after returning 19 values (BAD_INDEX)
05-07 22:29:20.605  1188 18884 I MediaCodec: MediaCodec will operate in async mode
05-07 22:29:20.605  1188 18883 D MediaCodec: keep callback message for reclaim
05-07 22:29:20.605  1020 18885 I QC2V4l2Driver: [avcD_59] Device /dev/video32 opened with fd: 7
05-07 22:29:20.605  1188 18884 W Codec2Client: query -- param skipped: index = 1342179345.
05-07 22:29:20.605  1188 18884 W Codec2Client: query -- param skipped: index = 2415921170.
05-07 22:29:20.606  1188 18884 W Codec2Client: query -- param skipped: index = 1610614798.
05-07 22:29:20.607  1188 18884 D CCodecBufferChannel: [c2.android.aac.decoder#474] Created input block pool with allocatorID 16 => poolID 78 - OK (0)
05-07 22:29:20.607  1216  2582 D BufferPoolAccessor2.0: bufferpool2 0x7a1ada74d8 : 0(0 size) total buffers - 0(0 size) used buffers - 2896/2900 (recycle/alloc) - 19/2900 (fetch/transfer)
05-07 22:29:20.607  1216  2582 D BufferPoolAccessor2.0: Destruction - bufferpool2 0x7a1ada74d8 cached: 0/0M, 0/0% in use; allocs: 2900, 100% recycled; transfers: 2900, 99% unfetched
05-07 22:29:20.608  1188  2647 D BufferPoolAccessor2.0: bufferpool2 0xe6141c48 : 0(0 size) total buffers - 0(0 size) used buffers - 2896/2904 (recycle/alloc) - 8/2904 (fetch/transfer)
05-07 22:29:20.608  1188  2647 D BufferPoolAccessor2.0: Destruction - bufferpool2 0xe6141c48 cached: 0/0M, 0/0% in use; allocs: 2904, 100% recycled; transfers: 2904, 100% unfetched
05-07 22:29:20.608  1188 18884 I CCodecBufferChannel: [c2.android.aac.decoder#474] Created output block pool with allocatorID 16 => poolID 93 - OK
05-07 22:29:20.608  1188 18884 D CCodecBufferChannel: [c2.android.aac.decoder#474] Configured output block pool ids 93 => OK
05-07 22:29:20.609  1216 18886 D SimpleC2Component: Using output block pool with poolID 93 => got 93 - 0
05-07 22:29:20.613  1020  1402 E QC2Prop : SK::kPropInputDelay:0
05-07 22:29:20.613  1020  1402 E QC2Prop : SK::kPropOutputDelay:0
05-07 22:29:20.613  1188 18882 W Codec2Client: query -- param skipped: index = 1342179345.
05-07 22:29:20.613  1188 18882 W Codec2Client: query -- param skipped: index = 2415921170.
05-07 22:29:20.613  1188 18882 W Codec2Client: query -- param skipped: index = 1610614798.
05-07 22:29:20.614  1188 18882 D CCodecBufferChannel: [c2.qti.avc.decoder#241] Query input allocators returned 0 params => BAD_INDEX (6)
05-07 22:29:20.614  1216 18886 I C2SoftAacDec: Reconfiguring decoder: 0->48000 Hz, 0->2 channels
05-07 22:29:20.614  1188 18882 D CCodecBufferChannel: [c2.qti.avc.decoder#241] Created input block pool with allocatorID 16 => poolID 79 - OK (0)
05-07 22:29:20.615  1188 18882 D CCodecBufferChannel: [c2.qti.avc.decoder#241] Query output allocators returned 0 params => BAD_INDEX (6)
05-07 22:29:20.615  1188 18882 D CCodecBufferChannel: [c2.qti.avc.decoder#241] Query output surface allocator returned 0 params => BAD_INDEX (6)
05-07 22:29:20.615  1188 18882 I CCodecBufferChannel: [c2.qti.avc.decoder#241] Created output block pool with allocatorID 18 => poolID 65 - OK
05-07 22:29:20.615  1188 18882 D CCodecBufferChannel: [c2.qti.avc.decoder#241] Configured output block pool ids 65 => OK
05-07 22:29:20.615  1188 18882 D Codec2-OutputBufferQueue: remote graphic buffer migration 0/0
05-07 22:29:20.615  1188 18882 D Codec2Client: setOutputSurface -- failed to set consumer usage (6/BAD_INDEX)
05-07 22:29:20.615  1188 18882 D Codec2Client: setOutputSurface -- generation=1216528 consumer usage=0x900
05-07 22:29:20.617 11343 11343 I GoogleInputMethodService: GoogleInputMethodService.onFinishInput():3261 
05-07 22:29:20.617  1020  1402 D C2BqBuffer: local generation change 1216528 , bqId: 80960133529601 migrated buffers # 0
05-07 22:29:20.617  1188 18882 D Codec2Client: Surface configure completed
05-07 22:29:20.617  1188 18881 W ResourceManagerService: Ignoring request to add new resource entry with value <= 0
05-07 22:29:20.618 11343 11343 I GoogleInputMethodService: GoogleInputMethodService.updateDeviceLockedStatus():2110 repeatCheckTimes = 0, locked = false
05-07 22:29:20.618 11343 11343 I GoogleInputMethodService: GoogleInputMethodService.onStartInput():1898 onStartInput(EditorInfo{inputType=0x0(NULL) imeOptions=0x0 privateImeOptions=null actionName=UNSPECIFIED actionLabel=null actionId=0 initialSelStart=-1 initialSelEnd=-1 initialCapsMode=0x0 hintText=null label=null packageName=e.www.displaytest fieldId=2131165363 fieldName=null extras=null hintLocales=[]}, false)
05-07 22:29:20.618 11343 11343 I GoogleInputMethodService: GoogleInputMethodService.shouldHideHeaderOnInitialState():4088 ShouldHideHeaderOnInitialState = false
05-07 22:29:20.619 11343 11343 I GoogleInputMethodService: GoogleInputMethodService.updateDeviceLockedStatus():2110 repeatCheckTimes = 1, locked = false
05-07 22:29:20.620  1188  2647 D BufferPoolAccessor2.0: bufferpool2 0xe61428a8 : 0(0 size) total buffers - 0(0 size) used buffers - 1858/1867 (recycle/alloc) - 9/1867 (fetch/transfer)
05-07 22:29:20.620  1188  2647 D BufferPoolAccessor2.0: Destruction - bufferpool2 0xe61428a8 cached: 0/0M, 0/0% in use; allocs: 1867, 100% recycled; transfers: 1867, 100% unfetched
05-07 22:29:20.625  1035  1035 D AudioFlinger: Client defaulted notificationFrames to 12000 for frameCount 24000
05-07 22:29:20.629  1035  1035 D AF::TrackHandle: OpPlayAudio: track:167 usage:1 not muted
05-07 22:29:20.636   983  1089 I EffectsFactory: EffectCreate() create_effect
05-07 22:29:20.638  1035  1280 W AudioFlinger: moveEffectChain_l() effect chain for session 0 not on source thread 0x7af5605a70
05-07 22:29:20.640   983 29332 D audio_route: Apply path: speaker
05-07 22:29:20.640   983 29332 D audio_hw_primary: enable_snd_device: snd_device(104: vi-feedback)
05-07 22:29:20.640   983 29332 D audio_route: Apply path: vi-feedback
05-07 22:29:20.640   983 29332 E audio_hw_utils: audio_extn_utils_send_app_type_cfg: Failed to derive app_type for uc type : 0x1
05-07 22:29:20.640   983 29332 D ACDB-LOADER: ACDB -> send_audio_cal, acdb_id = 512, path = 1, app id = 0x11132, sample rate = 48000
05-07 22:29:20.640   983 29332 D ACDB-LOADER: ACDB -> send_asm_topology
05-07 22:29:20.640   983 29332 D ACDB-LOADER: ACDB -> ACDB_CMD_GET_AUDPROC_STREAM_TOPOLOGY_ID
05-07 22:29:20.640   983 29332 D ACDB-LOADER: ACDB -> send_adm_topology
05-07 22:29:20.640   983 29332 D ACDB-LOADER: ACDB -> ACDB_CMD_GET_AUDPROC_COMMON_TOPOLOGY_ID
05-07 22:29:20.640   983 29332 D ACDB-LOADER: ACDB -> send_audtable
05-07 22:29:20.640   983 29332 D ACDB-LOADER: ACDB -> ACDB_CMD_GET_AUDPROC_COMMON_TABLE_SIZE
05-07 22:29:20.640   983 29332 D ACDB-LOADER: ACDB -> ACDB_CMD_GET_AUDPROC_COMMON_TABLE
05-07 22:29:20.640   983 29332 D ACDB-LOADER: ACDB -> AUDIO_SET_AUDPROC_CAL
05-07 22:29:20.640   983 29332 D ACDB-LOADER: ACDB -> send_audvoltable
05-07 22:29:20.640   983 29332 D ACDB-LOADER: ACDB -> ACDB_CMD_GET_AUDPROC_VOL_STEP_TABLE_SIZE
05-07 22:29:20.640   983 29332 D ACDB-LOADER: ACDB -> ACDB_CMD_GET_AUDPROC_GAIN_DEP_STEP_TABLE, vol index 0
05-07 22:29:20.640   983 29332 D android.hardware.audio.service: Failed to fetch the lookup information of the device 00000200 
05-07 22:29:20.640   983 29332 E ACDB-LOADER: Error: ACDB AudProc vol returned = -19
05-07 22:29:20.640   983 29332 D ACDB-LOADER: ACDB -> AUDIO_SET_VOL_CAL cal type = 12
05-07 22:29:20.640   983 29332 D ACDB-LOADER: ACDB -> ACDB_CMD_GET_AUDPROC_STREAM_TABLE_SIZE
05-07 22:29:20.640   983 29332 D ACDB-LOADER: ACDB -> send_audstrmtable
05-07 22:29:20.641   983 29332 D ACDB-LOADER: ACDB -> ACDB_CMD_GET_AUDPROC_STREAM_TABLE_V2
05-07 22:29:20.641   983 29332 D ACDB-LOADER: ACDB -> audstrm_cal->cal_type.cal_data.cal_size = 16
05-07 22:29:20.641   983 29332 D ACDB-LOADER: ACDB -> send_afe_topology
05-07 22:29:20.641   983 29332 D ACDB-LOADER: ACDB -> ACDB_CMD_GET_AFE_TOPOLOGY_ID
05-07 22:29:20.641   983 29332 D ACDB-LOADER: ACDB -> GET_AFE_TOPOLOGY_ID for adcd_id 512, Topology Id 10001ccc
05-07 22:29:20.641   983 29332 D ACDB-LOADER: ACDB -> send_afe_cal
05-07 22:29:20.641   983 29332 D ACDB-LOADER: ACDB -> ACDB_CMD_GET_AFE_COMMON_TABLE_SIZE
05-07 22:29:20.641   983 29332 D ACDB-LOADER: ACDB -> ACDB_CMD_GET_AFE_COMMON_TABLE
05-07 22:29:20.641   983 29332 D ACDB-LOADER: ACDB -> AUDIO_SET_AFE_CAL
05-07 22:29:20.641   983 29332 D ACDB-LOADER: ACDB -> send_hw_delay : acdb_id = 512 path = 1
05-07 22:29:20.641   983 29332 D ACDB-LOADER: ACDB -> ACDB_AVSYNC_INFO: ACDB_CMD_GET_DEVICE_PROPERTY
05-07 22:29:20.641   983 29332 D audio_hw_primary: enable_audio_route: usecase(25) apply and update mixer path: spkr-vi-record vi-feedback
05-07 22:29:20.641   983 29332 D audio_route: Apply path: spkr-vi-record vi-feedback
05-07 22:29:20.651  1188 18882 D CCodecConfig: c2 config diff is   c2::u32 raw.color.primaries = 3
05-07 22:29:20.651  1188 18882 D CCodecConfig:   c2::u32 raw.color.range = 2
05-07 22:29:20.651  1188 18882 D CCodecConfig:   c2::u32 raw.crop.height = 720
05-07 22:29:20.651  1188 18882 D CCodecConfig:   c2::u32 raw.crop.left = 0
05-07 22:29:20.651  1188 18882 D CCodecConfig:   c2::u32 raw.crop.top = 0
05-07 22:29:20.651  1188 18882 D CCodecConfig:   c2::u32 raw.crop.width = 1280
05-07 22:29:20.652  1188 18882 D CCodecBuffers: [c2.qti.avc.decoder#241:2D-Output] popFromStashAndRegister: at 0us, output format changed to AMessage(what = 0x00000000) = {
05-07 22:29:20.652  1188 18882 D CCodecBuffers:   int32_t android._color-format = 2130708361
05-07 22:29:20.652  1188 18882 D CCodecBuffers:   int32_t android._video-scaling = 1
05-07 22:29:20.652  1188 18882 D CCodecBuffers:   int32_t android._dataspace = 281214976
05-07 22:29:20.652  1188 18882 D CCodecBuffers:   int32_t color-standard = 3
05-07 22:29:20.652  1188 18882 D CCodecBuffers:   int32_t color-range = 2
05-07 22:29:20.652  1188 18882 D CCodecBuffers:   int32_t color-transfer = 3
05-07 22:29:20.652  1188 18882 D CCodecBuffers:   int32_t sar-height = 1
05-07 22:29:20.652  1188 18882 D CCodecBuffers:   int32_t rotation-degrees = 0
05-07 22:29:20.652  1188 18882 D CCodecBuffers:   Buffer hdr-static-info = {
05-07 22:29:20.652  1188 18882 D CCodecBuffers:     00000000:  00 00 00 00 00 00 00 00  00 00 00 00 00 00 00 00  ................
05-07 22:29:20.652  1188 18882 D CCodecBuffers:     00000010:  00 00 00 00 00 00 00 00  00                       .........
05-07 22:29:20.652  1188 18882 D CCodecBuffers:   }
05-07 22:29:20.652  1188 18882 D CCodecBuffers:   int32_t sar-width = 1
05-07 22:29:20.652  1188 18882 D CCodecBuffers:   Rect crop(0, 0, 1279, 719)
05-07 22:29:20.652  1188 18882 D CCodecBuffers:   int32_t width = 1280
05-07 22:29:20.652  1188 18882 D CCodecBuffers:   int32_t feature-secure-playback = 0
05-07 22:29:20.652  1188 18882 D CCodecBuffers:   int32_t frame-rate = 30
05-07 22:29:20.652  1188 18882 D CCodecBuffers:   int32_t height = 720
05-07 22:29:20.652  1188 18882 D CCodecBuffers:   int32_t max-height = 720
05-07 22:29:20.652  1188 18882 D CCodecBuffers:   int32_t max-width = 1280
05-07 22:29:20.652  1188 18882 D CCodecBuffers:   string mime = "video/raw"
05-07 22:29:20.652  1188 18882 D CCodecBuffers:   int32_t priority = 0
05-07 22:29:20.652  1188 18882 D CCodecBuffers:   int32_t color-format = 2130708361
05-07 22:29:20.652  1188 18882 D CCodecBuffers: }
05-07 22:29:20.654 18850 18868 W MediaPlayerNative: info/warning (3, 0)
05-07 22:29:20.681   983 29332 I soundtrigger: audio_extn_sound_trigger_update_stream_status: send event 3: usecase id 0, type 0
05-07 22:29:20.681   983 29332 D sound_trigger_platform: platform_stdev_check_and_update_concurrency: concurrency active 0, tx 0, rx 1, concurrency session_allowed 1
05-07 22:29:20.681   983 29332 D sound_trigger_platform: platform_stdev_check_concurrency_supported: capture concurrency  allowed, usecase type 0 voice_concur 0 voip_concur 0
05-07 22:29:20.682   983 29332 D msm8974_platform: Setting audio calibration for snd_device(2) acdb_id(513)
05-07 22:29:20.682   983 29332 E ACDB-LOADER: [acdb_loader_adsp_set_audio_cal] active device/stream not found (result=-100) for topology 0x1000dffb and apptype 0x11134
05-07 22:29:20.682   983 29332 E ACDB-LOADER: [acdb_loader_adsp_set_audio_cal] set parameters failed with status -100
05-07 22:29:20.682   983 29332 D msm8974_platform: Setting audio calibration for snd_device(2) acdb_id(513)
05-07 22:29:20.682   983 29332 D audio_hw_waves: print_state_log: send volume table -(0,0.000000,F),(1,0.000000,F),(2,0.000000,F),(3,0.000000,T),(4,0.000000,F),(5,0.000000,F)
05-07 22:29:20.682   983 29332 D ACDB-LOADER: ACDB -> send_audio_cal, acdb_id = 513, path = 0, app id = 0x11134, sample rate = 48000
05-07 22:29:20.682   983 29332 D ACDB-LOADER: ACDB -> send_asm_topology
05-07 22:29:20.682   983 29332 D ACDB-LOADER: ACDB -> ACDB_CMD_GET_AUDPROC_STREAM_TOPOLOGY_ID
05-07 22:29:20.682   983 29332 D ACDB-LOADER: ACDB -> send_adm_topology
05-07 22:29:20.682   983 29332 D ACDB-LOADER: ACDB -> ACDB_CMD_GET_AUDPROC_COMMON_TOPOLOGY_ID
05-07 22:29:20.682   983 29332 D ACDB-LOADER: ACDB -> send_audtable
05-07 22:29:20.682   983 29332 D ACDB-LOADER: ACDB -> ACDB_CMD_GET_AUDPROC_COMMON_TABLE_SIZE
05-07 22:29:20.682   983 29332 D ACDB-LOADER: ACDB -> ACDB_CMD_GET_AUDPROC_COMMON_TABLE
05-07 22:29:20.682   983 29332 D ACDB-LOADER: ACDB -> AUDIO_SET_AUDPROC_CAL
05-07 22:29:20.682   983 29332 D ACDB-LOADER: ACDB -> send_audvoltable
05-07 22:29:20.682   983 29332 D ACDB-LOADER: ACDB -> ACDB_CMD_GET_AUDPROC_VOL_STEP_TABLE_SIZE
05-07 22:29:20.682   983 29332 D ACDB-LOADER: ACDB -> ACDB_CMD_GET_AUDPROC_GAIN_DEP_STEP_TABLE, vol index 0
05-07 22:29:20.682   983 29332 D android.hardware.audio.service: Failed to fetch the lookup information of the device 00000201 
05-07 22:29:20.682   983 29332 E ACDB-LOADER: Error: ACDB AudProc vol returned = -19
05-07 22:29:20.682   983 29332 D ACDB-LOADER: ACDB -> AUDIO_SET_VOL_CAL cal type = 12
05-07 22:29:20.682   983 29332 D ACDB-LOADER: ACDB -> ACDB_CMD_GET_AUDPROC_STREAM_TABLE_SIZE
05-07 22:29:20.682   983 29332 D ACDB-LOADER: ACDB -> send_audstrmtable
05-07 22:29:20.682   983 29332 D ACDB-LOADER: ACDB -> ACDB_CMD_GET_AUDPROC_STREAM_TABLE_V2
05-07 22:29:20.682   983 29332 D ACDB-LOADER: ACDB -> audstrm_cal->cal_type.cal_data.cal_size = 456
05-07 22:29:20.682   983 29332 D ACDB-LOADER: ACDB -> send_afe_topology
05-07 22:29:20.682   983 29332 D ACDB-LOADER: ACDB -> ACDB_CMD_GET_AFE_TOPOLOGY_ID
05-07 22:29:20.682   983 29332 D ACDB-LOADER: ACDB -> GET_AFE_TOPOLOGY_ID for adcd_id 513, Topology Id 10000ccc
05-07 22:29:20.682   983 29332 D ACDB-LOADER: ACDB -> send_afe_cal
05-07 22:29:20.682   983 29332 D ACDB-LOADER: ACDB -> ACDB_CMD_GET_AFE_COMMON_TABLE_SIZE
05-07 22:29:20.682   983 29332 D ACDB-LOADER: ACDB -> ACDB_CMD_GET_AFE_COMMON_TABLE
05-07 22:29:20.682   983 29332 D ACDB-LOADER: ACDB -> AUDIO_SET_AFE_CAL
05-07 22:29:20.682   983 29332 D ACDB-LOADER: ACDB -> send_hw_delay : acdb_id = 513 path = 0
05-07 22:29:20.682   983 29332 D ACDB-LOADER: ACDB -> ACDB_AVSYNC_INFO: ACDB_CMD_GET_DEVICE_PROPERTY
05-07 22:29:20.682   983 29332 D audio_hw_primary: enable_audio_route: usecase(0) apply and update mixer path: deep-buffer-playback speaker
05-07 22:29:20.682   983 29332 D audio_route: Apply path: deep-buffer-playback speaker
05-07 22:29:20.737   983 29332 D audio_hw_primary: out_write: retry previous failed cal level set
05-07 22:29:20.830  1035  1568 D AudioFlinger: mixer(0x7af5408a70) throttle end: throttle time(49)
05-07 22:29:20.885  1701  8696 W InputManager-JNI: Input channel object '1ec2752 Splash Screen e.www.displaytest (client)' was disposed without first being removed with the input manager!
05-07 22:29:21.321 18899 18899 D ProcessState: Binder ioctl to enable oneway spam detection failed: Invalid argument
05-07 22:29:21.345  1007  1073 D VSC     : @ 283187.282: [WO] Proposed rotation: 0, flat angle threshold: 65
05-07 22:29:21.345  1007  1073 D VSC     : @ 283187.282: [WO] orientation angle 3, orientation 0
05-07 22:29:21.345  1007  1073 D VSC     : @ 283187.282: [WO] Gyro angle integrated: 0.140126
05-07 22:29:21.504 18918 18918 D ProcessState: Binder ioctl to enable oneway spam detection failed: Invalid argument
05-07 22:29:21.508  1701  3661 I ActivityManager: Background started FGS: Allowed [callingPackage: com.android.shell; callingUid: 2000; uidState: NONE; intent: Intent { cmp=com.example.batterymanager_utility/.DataCollectionService (has extras) }; code:SYSTEM_UID; tempAllowListReason:<,reasonCode:SYSTEM_ALLOW_LISTED,duration:9223372036854775807,callingUid:-1>; targetSdkVersion:33; callerTargetSdkVersion:-1; startForegroundCount:0; bindFromPackage:null]
05-07 22:29:21.528 18818 18818 I BatteryMgr:DataCollectionService: onStartCommand: begin
05-07 22:29:21.528 18818 18818 I BatteryMgr:DataCollectionService: onStartCommand: sampleRate => 500
