--------- beginning of main
07-05 16:53:47.622 19559 19559 D ProcessState: Binder ioctl to enable oneway spam detection failed: Invalid argument
--------- beginning of system
07-05 16:53:47.626  1871  2335 I ActivityTaskManager: START u0 {act=android.intent.action.MAIN cat=[android.intent.category.LAUNCHER] flg=0x10000000 cmp=com.example.batterymanager_utility/.MainActivity} from uid 2000
07-05 16:53:47.627  1871  2335 W ActivityTaskManager: Can't find TaskDisplayArea to determine support for multi window. Task id=262 attached=false
07-05 16:53:47.630  1871  2335 D CompatibilityChangeReporter: Compat change id reported: 174042980; UID 10232; state: DISABLED
07-05 16:53:47.630  1871  2335 D CompatibilityChangeReporter: Compat change id reported: 184838306; UID 10232; state: DISABLED
07-05 16:53:47.631  1871  2335 D CompatibilityChangeReporter: Compat change id reported: 185004937; UID 10232; state: DISABLED
07-05 16:53:47.635  1871  2335 D CompatibilityChangeReporter: Compat change id reported: 168419799; UID 10232; state: DISABLED
07-05 16:53:47.645  1871  1987 W ActivityManager: ProcessRecord{2229a81 0:com.example.batterymanager_utility/u0a232}: ART verification disabled
07-05 16:53:47.645  1871  1987 D CompatibilityChangeReporter: Compat change id reported: 135634846; UID 10232; state: DISABLED
07-05 16:53:47.645  1871  1987 D CompatibilityChangeReporter: Compat change id reported: 177438394; UID 10232; state: DISABLED
07-05 16:53:47.645  1871  1987 D CompatibilityChangeReporter: Compat change id reported: 135772972; UID 10232; state: DISABLED
07-05 16:53:47.645  1871  1987 D CompatibilityChangeReporter: Compat change id reported: 135754954; UID 10232; state: ENABLED
07-05 16:53:47.645  1871  1996 D CompatibilityChangeReporter: Compat change id reported: 143937733; UID 10232; state: ENABLED
07-05 16:53:47.650  1230  1230 D Zygote  : Forked child process 19562
07-05 16:53:47.651  1871  1996 I ActivityManager: Start proc 19562:com.example.batterymanager_utility/u0a232 for pre-top-activity {com.example.batterymanager_utility/com.example.batterymanager_utility.MainActivity}
07-05 16:53:47.655 19562 19562 I manager_utilit: Late-enabling -Xcheck:jni
07-05 16:53:47.683 19562 19562 I manager_utilit: Using CollectorTypeCC GC.
07-05 16:53:47.689 16668 16676 I adbd    : jdwp connection from 19562
07-05 16:53:47.692 19562 19562 D ProcessState: Binder ioctl to enable oneway spam detection failed: Invalid argument
07-05 16:53:47.701 19562 19562 D CompatibilityChangeReporter: Compat change id reported: 171979766; UID 10232; state: ENABLED
07-05 16:53:47.707 19562 19562 W ziparchive: Unable to open '/data/app/~~-Zjyg0QxRoIuDC2w3ne7tA==/com.example.batterymanager_utility-bR73OBEKp-dSfQlTTztTyg==/base.dm': No such file or directory
07-05 16:53:47.707 19562 19562 W ziparchive: Unable to open '/data/app/~~-Zjyg0QxRoIuDC2w3ne7tA==/com.example.batterymanager_utility-bR73OBEKp-dSfQlTTztTyg==/base.dm': No such file or directory
07-05 16:53:47.741  3854  3854 I A       : onPause
07-05 16:53:47.744  3579  3579 I GsaVoiceInteractionSrv: Handling ACTION_STOP_HOTWORD
07-05 16:53:47.757 19564 19564 D AndroidRuntime: >>>>>> START com.android.internal.os.RuntimeInit uid 2000 <<<<<<
07-05 16:53:47.761 19564 19564 I AndroidRuntime: Using default boot image
07-05 16:53:47.761 19564 19564 I AndroidRuntime: Leaving lock profiling enabled
07-05 16:53:47.757 19564 19564 W app_process: type=1400 audit(0.0:329): avc: denied { read } for name="u:object_r:odsign_prop:s0" dev="tmpfs" ino=14640 scontext=u:r:shell:s0 tcontext=u:object_r:odsign_prop:s0 tclass=file permissive=0
07-05 16:53:47.761 19564 19564 W libc    : Access denied finding property "odsign.verification.success"
07-05 16:53:47.764 19564 19564 W app_process: ART APEX data files are untrusted.
07-05 16:53:47.765 19564 19564 I app_process: Using CollectorTypeCC GC.
07-05 16:53:47.765 19564 19564 E app_process: Error reading named image component header for /system/framework/boot.art, error: Unable to open file "/system/framework/arm64/boot.art" for reading image header
07-05 16:53:47.781 19582 19582 W dex2oat64: Mismatch between dex2oat instruction set features to use (ISA: Arm64 Feature string: -a53,crc,lse,fp16,-dotprod,-sve) and those from CPP defines (ISA: Arm64 Feature string: -a53,-crc,-lse,-fp16,-dotprod,-sve) for the command line:
07-05 16:53:47.781 19582 19582 W dex2oat64: /apex/com.android.art/bin/dex2oat64 --runtime-arg -Xbootclasspath:/apex/com.android.art/javalib/core-oj.jar:/apex/com.android.art/javalib/core-libart.jar:/apex/com.android.art/javalib/okhttp.jar:/apex/com.android.art/javalib/bouncycastle.jar:/apex/com.android.art/javalib/apache-xml.jar:/system/framework/framework.jar:/system/framework/framework-graphics.jar:/system/framework/ext.jar:/system/framework/telephony-common.jar:/system/framework/voip-common.jar:/system/framework/ims-common.jar:/apex/com.android.i18n/javalib/core-icu4j.jar --runtime-arg -Xbootclasspath-locations:/apex/com.android.art/javalib/core-oj.jar:/apex/com.android.art/javalib/core-libart.jar:/apex/com.android.art/javalib/okhttp.jar:/apex/com.android.art/javalib/bouncycastle.jar:/apex/com.android.art/javalib/apache-xml.jar:/system/framework/framework.jar:/system/framework/framework-graphics.jar:/system/framework/ext.jar:/system/framework/telephony-common.jar:/system/framework/voip-common.jar:/system/framework/ims-common.jar:/apex/com.android.i18n/javalib/core-icu4j.jar --base=0x70000000 --dex-file=/apex/com.android.art/javalib/core-oj.jar --dex-location=/apex/com.android.art/javalib/core-oj.jar --dex-file=/apex/com.android.art/javalib/core-libart.jar --dex-location=/apex/com.android.art/javalib/core-libart.jar --dex-file=/apex/com.android.art/javalib/okhttp.jar --dex-location=/apex/com.android.art/javalib/okhttp.jar --dex-file=/apex/com.android.art/javalib/bouncycastle.jar --dex-location=/apex/com.android.art/javalib/bouncycastle.jar --dex-file=/apex/com.android.art/javalib/apache-xml.jar --dex-location=/apex/com.android.art/javalib/apache-xml.jar --dex-file=/system/framework/framework.jar --dex-location=/system/framework/framework.jar --dex-file=/system/framework/framework-graphics.jar --dex-location=/system/framework/framework-graphics.jar --dex-file=/system/framework/ext.jar --dex-location=/system/framework/ext.jar --dex-file=/system/framework/telephony-common.jar --dex-location=/system/framework/telephony-common.jar --dex-file=/system/framework/voip-common.jar --dex-location=/system/framework/voip-common.jar --dex-file=/system/framework/ims-common.jar --dex-location=/system/framework/ims-common.jar --dex-file=/apex/com.android.i18n/javalib/core-icu4j.jar --dex-location=/apex/com.android.i18n/javalib/core-icu4j.jar --image-fd=5 --output-vdex-fd=6 --oat-fd=7 --oat-location=/system/framework/arm64/boot.oat --single-image --image-format=uncompressed --compiler-filter=verify --profile-file=/apex/com.android.art/etc/boot-image.prof --profile-file=/system/etc/boot-image.prof --avoid-storing-invocation --instruction-set=arm64 --instruction-set-features=runtime --runtime-arg -Xms64m --runtime-arg -Xmx64m --dirty-image-objects=/system/etc/dirty-image-objects --instruction-set-variant=kryo385 --instruction-set-features=default --generate-mini-debug-info
07-05 16:53:47.786 19562 19562 D nativeloader: Configuring classloader-namespace for other apk /data/app/~~-Zjyg0QxRoIuDC2w3ne7tA==/com.example.batterymanager_utility-bR73OBEKp-dSfQlTTztTyg==/base.apk. target_sdk_version=33, uses_libraries=, library_path=/data/app/~~-Zjyg0QxRoIuDC2w3ne7tA==/com.example.batterymanager_utility-bR73OBEKp-dSfQlTTztTyg==/lib/arm64, permitted_path=/data:/mnt/expand:/data/user/0/com.example.batterymanager_utility
07-05 16:53:47.792 19562 19562 V GraphicsEnvironment: ANGLE Developer option for 'com.example.batterymanager_utility' set to: 'default'
07-05 16:53:47.792 19562 19562 V GraphicsEnvironment: App is not on the allowlist for updatable production driver.
07-05 16:53:47.794 19562 19562 D NetworkSecurityConfig: No Network Security Config specified, using platform default
07-05 16:53:47.794 19562 19562 D NetworkSecurityConfig: No Network Security Config specified, using platform default
07-05 16:53:47.799 19562 19562 I BatteryMgr:App: creating notification channel
07-05 16:53:47.799 19582 19582 I dex2oat64: /apex/com.android.art/bin/dex2oat64 --runtime-arg -Xbootclasspath:/apex/com.android.art/javalib/core-oj.jar:/apex/com.android.art/javalib/core-libart.jar:/apex/com.android.art/javalib/okhttp.jar:/apex/com.android.art/javalib/bouncycastle.jar:/apex/com.android.art/javalib/apache-xml.jar:/system/framework/framework.jar:/system/framework/framework-graphics.jar:/system/framework/ext.jar:/system/framework/telephony-common.jar:/system/framework/voip-common.jar:/system/framework/ims-common.jar:/apex/com.android.i18n/javalib/core-icu4j.jar --runtime-arg -Xbootclasspath-locations:/apex/com.android.art/javalib/core-oj.jar:/apex/com.android.art/javalib/core-libart.jar:/apex/com.android.art/javalib/okhttp.jar:/apex/com.android.art/javalib/bouncycastle.jar:/apex/com.android.art/javalib/apache-xml.jar:/system/framework/framework.jar:/system/framework/framework-graphics.jar:/system/framework/ext.jar:/system/framework/telephony-common.jar:/system/framework/voip-common.jar:/system/framework/ims-common.jar:/apex/com.android.i18n/javalib/core-icu4j.jar --base=0x70000000 --dex-file=/apex/com.android.art/javalib/core-oj.jar --dex-location=/apex/com.android.art/javalib/core-oj.jar --dex-file=/apex/com.android.art/javalib/core-libart.jar --dex-location=/apex/com.android.art/javalib/core-libart.jar --dex-file=/apex/com.android.art/javalib/okhttp.jar --dex-location=/apex/com.android.art/javalib/okhttp.jar --dex-file=/apex/com.android.art/javalib/bouncycastle.jar --dex-location=/apex/com.android.art/javalib/bouncycastle.jar --dex-file=/apex/com.android.art/javalib/apache-xml.jar --dex-location=/apex/com.android.art/javalib/apache-xml.jar --dex-file=/system/framework/framework.jar --dex-location=/system/framework/framework.jar --dex-file=/system/framework/framework-graphics.jar --dex-location=/system/framework/framework-graphics.jar --dex-file=/system/framework/ext.jar --dex-location=/system/framework/ext.jar --dex-file=/system/framework/telephony-common.jar --dex-location=/system/framework/telephony-common.jar --dex-file=/system/framework/voip-common.jar --dex-location=/system/framework/voip-common.jar --dex-file=/system/framework/ims-common.jar --dex-location=/system/framework/ims-common.jar --dex-file=/apex/com.android.i18n/javalib/core-icu4j.jar --dex-location=/apex/com.android.i18n/javalib/core-icu4j.jar --image-fd=5 --output-vdex-fd=6 --oat-fd=7 --oat-location=/system/framework/arm64/boot.oat --single-image --image-format=uncompressed --compiler-filter=verify --profile-file=/apex/com.android.art/etc/boot-image.prof --profile-file=/system/etc/boot-image.prof --avoid-storing-invocation --instruction-set=arm64 --instruction-set-features=runtime --runtime-arg -Xms64m --runtime-arg -Xmx64m --dirty-image-objects=/system/etc/dirty-image-objects --instruction-set-variant=kryo385 --instruction-set-features=default --generate-mini-debug-info
07-05 16:53:47.800 19582 19582 I dex2oat64: setting boot class path to /apex/com.android.art/javalib/core-oj.jar:/apex/com.android.art/javalib/core-libart.jar:/apex/com.android.art/javalib/okhttp.jar:/apex/com.android.art/javalib/bouncycastle.jar:/apex/com.android.art/javalib/apache-xml.jar:/system/framework/framework.jar:/system/framework/framework-graphics.jar:/system/framework/ext.jar:/system/framework/telephony-common.jar:/system/framework/voip-common.jar:/system/framework/ims-common.jar:/apex/com.android.i18n/javalib/core-icu4j.jar
07-05 16:53:47.932  2530  2530 I WallpaperService: engine paused
07-05 16:53:47.941  1871  1988 D CompatibilityChangeReporter: Compat change id reported: 158002302; UID 10232; state: ENABLED
07-05 16:53:47.943 19562 19585 I AdrenoGLES-0: QUALCOMM build                   : 781e7d0, I46ff5fc46f
07-05 16:53:47.943 19562 19585 I AdrenoGLES-0: Build Date                       : 12/01/20
07-05 16:53:47.943 19562 19585 I AdrenoGLES-0: OpenGL ES Shader Compiler Version: EV031.31.04.01
07-05 16:53:47.943 19562 19585 I AdrenoGLES-0: Local Branch                     : QPR1
07-05 16:53:47.943 19562 19585 I AdrenoGLES-0: Remote Branch                    : 
07-05 16:53:47.943 19562 19585 I AdrenoGLES-0: Remote Branch                    : 
07-05 16:53:47.943 19562 19585 I AdrenoGLES-0: Reconstruct Branch               : 
07-05 16:53:47.943 19562 19585 I AdrenoGLES-0: Build Config                     : C P 11.0.1 AArch64
07-05 16:53:47.943 19562 19585 I AdrenoGLES-0: Driver Path                      : /vendor/lib64/egl/libGLESv2_adreno.so
07-05 16:53:47.945 19562 19585 I AdrenoGLES-0: PFP: 0x016ee190, ME: 0x00000000
07-05 16:53:47.946 19562 19585 W AdrenoUtils: <ReadGpuID_from_sysfs:197>: Failed to open /sys/class/kgsl/kgsl-3d0/gpu_model
07-05 16:53:47.946 19562 19585 W AdrenoUtils: <ReadGpuID:221>: Failed to read chip ID from gpu_model. Fallback to use the GSL path
07-05 16:53:47.952  3854  3854 I A       : (REDACTED) onApplyWindowInsets: systemWindowInsets=%s
07-05 16:53:47.952  3854  3854 I A       : (REDACTED) onApplyWindowInsets: systemWindowInsets=%s
07-05 16:53:47.952   742   742 I SDM     : HWCDisplay::GetColorModeCount: Supported color mode count = 5
07-05 16:53:47.953   739  2357 E HWComposer: getSupportedContentTypes: getSupportedContentTypes failed for display 0: Unsupported (8)
07-05 16:53:47.953 19562 19585 D hw-ProcessState: Binder ioctl to enable oneway spam detection failed: Invalid argument
07-05 16:53:47.954   694   694 I hwservicemanager: getTransport: Cannot find entry android.hardware.graphics.mapper@4.0::IMapper/default in either framework or device VINTF manifest.
07-05 16:53:47.954 19562 19588 I Gralloc4: mapper 4.x is not supported
07-05 16:53:47.954   694   694 I hwservicemanager: getTransport: Cannot find entry android.hardware.graphics.mapper@3.0::IMapper/default in either framework or device VINTF manifest.
07-05 16:53:47.954 19562 19588 W Gralloc3: mapper 3.x is not supported
07-05 16:53:47.955   694   694 I hwservicemanager: getTransport: Cannot find entry android.hardware.graphics.allocator@4.0::IAllocator/default in either framework or device VINTF manifest.
07-05 16:53:47.956 19562 19588 W Gralloc4: allocator 4.x is not supported
07-05 16:53:47.956   694   694 I hwservicemanager: getTransport: Cannot find entry android.hardware.graphics.allocator@3.0::IAllocator/default in either framework or device VINTF manifest.
07-05 16:53:47.956 19562 19588 W Gralloc3: allocator 3.x is not supported
07-05 16:53:47.970  1871  1984 W ziparchive: Unable to open '/data/app/~~-Zjyg0QxRoIuDC2w3ne7tA==/com.example.batterymanager_utility-bR73OBEKp-dSfQlTTztTyg==/base.dm': No such file or directory
07-05 16:53:47.972  1871  1984 I ActivityTaskManager: Displayed com.example.batterymanager_utility/.MainActivity: +344ms
07-05 16:53:47.986  3583  3583 I GoogleInputMethodService: GoogleInputMethodService.onFinishInput():3306 
07-05 16:53:47.987  3583  3583 I GoogleInputMethodService: GoogleInputMethodService.updateDeviceLockedStatus():2127 repeatCheckTimes = 0, locked = false
07-05 16:53:47.987  3583  3583 I GoogleInputMethodService: GoogleInputMethodService.onStartInput():1909 onStartInput(EditorInfo{inputType=0x0(NULL) imeOptions=0x0 privateImeOptions=null actionName=UNSPECIFIED actionLabel=null actionId=0 initialSelStart=-1 initialSelEnd=-1 initialCapsMode=0x0 hintText=null label=null packageName=com.example.batterymanager_utility fieldId=-1 fieldName=null extras=null hintLocales=[]}, false)
07-05 16:53:47.987  3583  3583 I GoogleInputMethodService: GoogleInputMethodService.shouldHideHeaderOnInitialState():1990 ShouldHideHeaderOnInitialState = false
07-05 16:53:47.988  3583  3583 I GoogleInputMethodService: GoogleInputMethodService.updateDeviceLockedStatus():2127 repeatCheckTimes = 1, locked = false
07-05 16:53:47.988  3854  3854 I A       : onStop
07-05 16:53:47.988  1871  1987 W ProcessStats: Tracking association SourceState{e3596d0 system/1000 BTopFgs #33943} whose proc state 2 is better than process ProcessState{5a4c6c9 com.google.android.gms.persistent/10125 pkg=com.google.android.gms} proc state 3 (21 skipped)
07-05 16:53:48.095 19582 19582 I dex2oat64: Using CollectorTypeCC GC.
07-05 16:53:48.266  1871  2265 W InputManager-JNI: Input channel object '9dfa58b Splash Screen com.example.batterymanager_utility (client)' was disposed without first being removed with the input manager!
07-05 16:53:49.895 19582 19582 I dex2oat64: Explicit concurrent copying GC freed 88232(11MB) AllocSpace objects, 5(84KB) LOS objects, 27% free, 15MB/21MB, paused 20us,16us total 92.349ms
07-05 16:53:50.110 19582 19582 I dex2oat64: Explicit concurrent copying GC freed 41961(7495KB) AllocSpace objects, 0(0B) LOS objects, 41% free, 8512KB/14MB, paused 14us,12us total 44.382ms
07-05 16:53:50.170  1871  2225 D ConnectivityService: NetReassign [no changes] [c 1] [a 0] [i 3]
07-05 16:53:50.576 19582 19582 I dex2oat64: dex2oat took 2.797s (5.725s cpu) (threads: 8) arena alloc=0B (0B) java alloc=8512KB (8716512B) native alloc=15MB (16649136B) free=4046KB (4143904B)
07-05 16:53:50.693 19564 19564 D app_process: Time zone APEX ICU file found: /apex/com.android.tzdata/etc/icu/icu_tzdata.dat
07-05 16:53:50.693 19564 19564 D app_process: I18n APEX ICU file found: /apex/com.android.i18n/etc/icu/icudt68l.dat
07-05 16:53:50.740 19564 19564 D ProcessState: Binder ioctl to enable oneway spam detection failed: Invalid argument
07-05 16:53:50.740 19564 19564 D AndroidRuntime: Calling main entry com.android.commands.monkey.Monkey
07-05 16:53:50.745 19564 19564 W Monkey  : args: [-p, e.www.httpsrequesttest, 1]
07-05 16:53:50.746 19564 19564 W Monkey  :  arg: "-p"
07-05 16:53:50.746 19564 19564 W Monkey  :  arg: "e.www.httpsrequesttest"
07-05 16:53:50.746 19564 19564 W Monkey  :  arg: "1"
07-05 16:53:50.746 19564 19564 W Monkey  : data="e.www.httpsrequesttest"
07-05 16:53:50.801  1871  1995 W BroadcastQueue: Skipping deliver [background] BroadcastRecord{bf989e6 u-1 android.net.conn.CONNECTIVITY_CHANGE} to ReceiverList{f27fb27 19564 (unknown name)/2000/u-1 remote:5025b28}: process gone or crashing
07-05 16:53:50.813  1871  2265 I ActivityTaskManager: START u0 {act=android.intent.action.MAIN cat=[android.intent.category.LAUNCHER] flg=0x10200000 cmp=e.www.httpsrequesttest/.MainActivity} from uid 2000
07-05 16:53:50.814  1871  2265 W ActivityTaskManager: Can't find TaskDisplayArea to determine support for multi window. Task id=263 attached=false
07-05 16:53:50.816  1871  2265 D CompatibilityChangeReporter: Compat change id reported: 174042980; UID 10293; state: DISABLED
07-05 16:53:50.817  1871  2265 D CompatibilityChangeReporter: Compat change id reported: 184838306; UID 10293; state: DISABLED
07-05 16:53:50.817  1871  2265 D CompatibilityChangeReporter: Compat change id reported: 185004937; UID 10293; state: DISABLED
07-05 16:53:50.817  1871  2265 D CompatibilityChangeReporter: Compat change id reported: 181136395; UID 10293; state: DISABLED
07-05 16:53:50.817  1871  2265 D CompatibilityChangeReporter: Compat change id reported: 174042936; UID 10293; state: DISABLED
07-05 16:53:50.819  1871  2265 D CompatibilityChangeReporter: Compat change id reported: 168419799; UID 10293; state: DISABLED
07-05 16:53:50.822 19564 19564 I Monkey  : Events injected: 1
07-05 16:53:50.824  1871  1987 W ActivityManager: ProcessRecord{cc45e72 0:e.www.httpsrequesttest/u0a293}: ART verification disabled
07-05 16:53:50.824  1871  1987 D CompatibilityChangeReporter: Compat change id reported: 135634846; UID 10293; state: DISABLED
07-05 16:53:50.824  1871  1987 D CompatibilityChangeReporter: Compat change id reported: 177438394; UID 10293; state: DISABLED
07-05 16:53:50.824  1871  1987 D CompatibilityChangeReporter: Compat change id reported: 135772972; UID 10293; state: DISABLED
07-05 16:53:50.824  1871  1987 D CompatibilityChangeReporter: Compat change id reported: 135754954; UID 10293; state: DISABLED
07-05 16:53:50.825  1871  1996 D CompatibilityChangeReporter: Compat change id reported: 143937733; UID 10293; state: DISABLED
07-05 16:53:50.828 19564 19564 I Monkey  : ## Network stats: elapsed time=15ms (0ms mobile, 0ms wifi, 15ms not connected)
07-05 16:53:50.829 19564 19564 I app_process: System.exit called, status: 0
07-05 16:53:50.829 19564 19564 I AndroidRuntime: VM exiting with result code 0.
07-05 16:53:50.831  1230  1230 D Zygote  : Forked child process 19614
07-05 16:53:50.831  1871  1996 I ActivityManager: Start proc 19614:e.www.httpsrequesttest/u0a293 for pre-top-activity {e.www.httpsrequesttest/e.www.httpsrequesttest.MainActivity}
07-05 16:53:50.835 19614 19614 I ttpsrequesttes: Late-enabling -Xcheck:jni
07-05 16:53:50.855  2530  2894 W OpenGLRenderer: Surface doesn't have any previously queued frames, nothing to readback from
07-05 16:53:50.859  2530  2530 I WallpaperService: engine resumed
07-05 16:53:50.860  2530  2894 W OpenGLRenderer: Surface doesn't have any previously queued frames, nothing to readback from
07-05 16:53:50.862 19614 19614 I ttpsrequesttes: Using CollectorTypeCC GC.
07-05 16:53:50.866 16668 16676 I adbd    : jdwp connection from 19614
07-05 16:53:50.869 19614 19614 D ProcessState: Binder ioctl to enable oneway spam detection failed: Invalid argument
07-05 16:53:50.879 19614 19614 D CompatibilityChangeReporter: Compat change id reported: 171979766; UID 10293; state: DISABLED
07-05 16:53:50.884 19614 19614 D ApplicationLoaders: Returning zygote-cached class loader: /system/framework/android.test.base.jar
07-05 16:53:50.884 19614 19614 W ziparchive: Unable to open '/data/app/~~_2kYDSmRhiU0WBiVwtoZVQ==/e.www.httpsrequesttest-YD3l7ZtK8DDm5HAVPCk9oA==/base.dm': No such file or directory
07-05 16:53:50.884 19614 19614 W ziparchive: Unable to open '/data/app/~~_2kYDSmRhiU0WBiVwtoZVQ==/e.www.httpsrequesttest-YD3l7ZtK8DDm5HAVPCk9oA==/base.dm': No such file or directory
07-05 16:53:50.916 19614 19614 D nativeloader: Configuring classloader-namespace for other apk /data/app/~~_2kYDSmRhiU0WBiVwtoZVQ==/e.www.httpsrequesttest-YD3l7ZtK8DDm5HAVPCk9oA==/base.apk. target_sdk_version=28, uses_libraries=, library_path=/data/app/~~_2kYDSmRhiU0WBiVwtoZVQ==/e.www.httpsrequesttest-YD3l7ZtK8DDm5HAVPCk9oA==/lib/arm64, permitted_path=/data:/mnt/expand:/data/user/0/e.www.httpsrequesttest
07-05 16:53:50.923 19614 19614 V GraphicsEnvironment: ANGLE Developer option for 'e.www.httpsrequesttest' set to: 'default'
07-05 16:53:50.923 19614 19614 V GraphicsEnvironment: App is not on the allowlist for updatable production driver.
07-05 16:53:50.925 19614 19614 D NetworkSecurityConfig: No Network Security Config specified, using platform default
07-05 16:53:50.925 19614 19614 D NetworkSecurityConfig: No Network Security Config specified, using platform default
07-05 16:53:50.952 19614 19614 W ttpsrequesttes: Accessing hidden method Landroid/view/View;->computeFitSystemWindows(Landroid/graphics/Rect;Landroid/graphics/Rect;)Z (unsupported, reflection, allowed)
07-05 16:53:50.953 19614 19614 W ttpsrequesttes: Accessing hidden method Landroid/view/ViewGroup;->makeOptionalFitsSystemWindows()V (unsupported, reflection, allowed)
07-05 16:53:50.976  1871  1988 D CompatibilityChangeReporter: Compat change id reported: 158002302; UID 10293; state: ENABLED
07-05 16:53:50.977 19614 19632 I AdrenoGLES-0: QUALCOMM build                   : 781e7d0, I46ff5fc46f
07-05 16:53:50.977 19614 19632 I AdrenoGLES-0: Build Date                       : 12/01/20
07-05 16:53:50.977 19614 19632 I AdrenoGLES-0: OpenGL ES Shader Compiler Version: EV031.31.04.01
07-05 16:53:50.977 19614 19632 I AdrenoGLES-0: Local Branch                     : QPR1
07-05 16:53:50.977 19614 19632 I AdrenoGLES-0: Remote Branch                    : 
07-05 16:53:50.977 19614 19632 I AdrenoGLES-0: Remote Branch                    : 
07-05 16:53:50.977 19614 19632 I AdrenoGLES-0: Reconstruct Branch               : 
07-05 16:53:50.977 19614 19632 I AdrenoGLES-0: Build Config                     : C P 11.0.1 AArch64
07-05 16:53:50.977 19614 19632 I AdrenoGLES-0: Driver Path                      : /vendor/lib64/egl/libGLESv2_adreno.so
07-05 16:53:50.979 19614 19632 I AdrenoGLES-0: PFP: 0x016ee190, ME: 0x00000000
07-05 16:53:50.981 19614 19632 W AdrenoUtils: <ReadGpuID_from_sysfs:197>: Failed to open /sys/class/kgsl/kgsl-3d0/gpu_model
07-05 16:53:50.981 19614 19632 W AdrenoUtils: <ReadGpuID:221>: Failed to read chip ID from gpu_model. Fallback to use the GSL path
07-05 16:53:50.986   742   742 I SDM     : HWCDisplay::GetColorModeCount: Supported color mode count = 5
07-05 16:53:50.986   739   779 E HWComposer: getSupportedContentTypes: getSupportedContentTypes failed for display 0: Unsupported (8)
07-05 16:53:50.986 19614 19632 D hw-ProcessState: Binder ioctl to enable oneway spam detection failed: Invalid argument
07-05 16:53:50.987   694   694 I hwservicemanager: getTransport: Cannot find entry android.hardware.graphics.mapper@4.0::IMapper/default in either framework or device VINTF manifest.
07-05 16:53:50.987 19614 19638 I Gralloc4: mapper 4.x is not supported
07-05 16:53:50.987   694   694 I hwservicemanager: getTransport: Cannot find entry android.hardware.graphics.mapper@3.0::IMapper/default in either framework or device VINTF manifest.
07-05 16:53:50.988 19614 19638 W Gralloc3: mapper 3.x is not supported
07-05 16:53:50.989   694   694 I hwservicemanager: getTransport: Cannot find entry android.hardware.graphics.allocator@4.0::IAllocator/default in either framework or device VINTF manifest.
07-05 16:53:50.989 19614 19638 W Gralloc4: allocator 4.x is not supported
07-05 16:53:50.989   694   694 I hwservicemanager: getTransport: Cannot find entry android.hardware.graphics.allocator@3.0::IAllocator/default in either framework or device VINTF manifest.
07-05 16:53:50.990 19614 19638 W Gralloc3: allocator 3.x is not supported
07-05 16:53:51.000  1871  1984 W ziparchive: Unable to open '/data/app/~~_2kYDSmRhiU0WBiVwtoZVQ==/e.www.httpsrequesttest-YD3l7ZtK8DDm5HAVPCk9oA==/base.dm': No such file or directory
07-05 16:53:51.001  1871  1984 I ActivityTaskManager: Displayed e.www.httpsrequesttest/.MainActivity: +185ms
07-05 16:53:51.023  3583  3583 I GoogleInputMethodService: GoogleInputMethodService.onFinishInput():3306 
07-05 16:53:51.024  3583  3583 I GoogleInputMethodService: GoogleInputMethodService.updateDeviceLockedStatus():2127 repeatCheckTimes = 0, locked = false
07-05 16:53:51.024  3583  3583 I GoogleInputMethodService: GoogleInputMethodService.onStartInput():1909 onStartInput(EditorInfo{inputType=0x0(NULL) imeOptions=0x0 privateImeOptions=null actionName=UNSPECIFIED actionLabel=null actionId=0 initialSelStart=-1 initialSelEnd=-1 initialCapsMode=0x0 hintText=null label=null packageName=e.www.httpsrequesttest fieldId=-1 fieldName=null extras=null hintLocales=[]}, false)
07-05 16:53:51.024  3583  3583 I GoogleInputMethodService: GoogleInputMethodService.shouldHideHeaderOnInitialState():1990 ShouldHideHeaderOnInitialState = false
07-05 16:53:51.024  3583  3583 I GoogleInputMethodService: GoogleInputMethodService.updateDeviceLockedStatus():2127 repeatCheckTimes = 1, locked = false
07-05 16:53:51.307  1871  3562 W InputManager-JNI: Input channel object '95b6740 Splash Screen e.www.httpsrequesttest (client)' was disposed without first being removed with the input manager!
07-05 16:53:51.460  2530  2530 I WallpaperService: engine paused
07-05 16:53:51.993 19644 19644 D ProcessState: Binder ioctl to enable oneway spam detection failed: Invalid argument
07-05 16:53:52.375  1871  1871 D CompatibilityChangeReporter: Compat change id reported: 135634846; UID 10096; state: DISABLED
07-05 16:53:52.375  1871  1871 D CompatibilityChangeReporter: Compat change id reported: 177438394; UID 10096; state: DISABLED
07-05 16:53:52.375  1871  1871 D CompatibilityChangeReporter: Compat change id reported: 135772972; UID 10096; state: DISABLED
07-05 16:53:52.375  1871  1871 D CompatibilityChangeReporter: Compat change id reported: 135754954; UID 10096; state: ENABLED
07-05 16:53:52.375  1871  1996 D CompatibilityChangeReporter: Compat change id reported: 143937733; UID 10096; state: ENABLED
07-05 16:53:52.390  1230  1230 D Zygote  : Forked child process 19658
07-05 16:53:52.391  1871  1996 I ActivityManager: Start proc 19658:com.google.android.apps.turbo:aab/u0a96 for service {com.google.android.apps.turbo/com.google.android.libraries.smartbattery.appusage.library.InferAppBucketsJob}
07-05 16:53:52.413 19658 19658 I .apps.turbo:aa: Using CollectorTypeCC GC.
07-05 16:53:52.427 19658 19658 E .apps.turbo:aa: Not starting debugger since process cannot load the jdwp agent.
07-05 16:53:52.433 19658 19658 D ProcessState: Binder ioctl to enable oneway spam detection failed: Invalid argument
07-05 16:53:52.441 19665 19665 D ProcessState: Binder ioctl to enable oneway spam detection failed: Invalid argument
07-05 16:53:52.441  2850 18439 I NetworkScheduler.Stats: (REDACTED) Task %s/%s started execution. cause:%s exec_start_elapsed_seconds: %s
07-05 16:53:52.446  2850 18439 I NetworkScheduler.Stats: (REDACTED) Task %s/%s finished executing. cause:%s result: %s elapsed_millis: %s uptime_millis: %s exec_start_elapsed_seconds: %s
07-05 16:53:52.449 19658 19658 D CompatibilityChangeReporter: Compat change id reported: 171979766; UID 10096; state: ENABLED
07-05 16:53:52.450  1871  3562 I ActivityManager: Background started FGS: Allowed [callingPackage: com.android.shell; callingUid: 2000; uidState: NONE; intent: Intent { cmp=com.example.batterymanager_utility/.DataCollectionService (has extras) }; code:SYSTEM_UID; tempAllowListReason:<,reasonCode:SYSTEM_ALLOW_LISTED,duration:9223372036854775807,callingUid:-1>; targetSdkVersion:33; callerTargetSdkVersion:-1; startForegroundCount:0; bindFromPackage:null]
07-05 16:53:52.459 19562 19562 I BatteryMgr:DataCollectionService: onStartCommand: begin
07-05 16:53:52.460 19562 19562 I BatteryMgr:DataCollectionService: onStartCommand: sampleRate => 10
07-05 16:53:52.460 19562 19562 I BatteryMgr:DataCollectionService: onStartCommand: rawFields => Timestamp,BATTERY_PROPERTY_CURRENT_NOW,EXTRA_VOLTAGE
07-05 16:53:52.460 19562 19562 I BatteryMgr:DataCollectionService: onStartCommand: notification done
07-05 16:53:52.461 19658 19658 D nativeloader: Configuring classloader-namespace for other apk /system/framework/org.apache.http.legacy.jar. target_sdk_version=33, uses_libraries=ALL, library_path=/data/app/~~udYG4fBu8qC2uvaF6oUuLg==/com.google.android.apps.turbo-3MeZ1jnKZsbX2DU_7cfqUg==/lib/arm64:/data/app/~~udYG4fBu8qC2uvaF6oUuLg==/com.google.android.apps.turbo-3MeZ1jnKZsbX2DU_7cfqUg==/base.apk!/lib/arm64-v8a, permitted_path=/data:/mnt/expand:/data/user/0/com.google.android.apps.turbo
07-05 16:53:52.462 19562 19562 I BatteryMgr:DataCollectionService: started foreground
07-05 16:53:52.471 19658 19658 D nativeloader: Configuring classloader-namespace for other apk /data/app/~~udYG4fBu8qC2uvaF6oUuLg==/com.google.android.apps.turbo-3MeZ1jnKZsbX2DU_7cfqUg==/base.apk. target_sdk_version=33, uses_libraries=, library_path=/data/app/~~udYG4fBu8qC2uvaF6oUuLg==/com.google.android.apps.turbo-3MeZ1jnKZsbX2DU_7cfqUg==/lib/arm64:/data/app/~~udYG4fBu8qC2uvaF6oUuLg==/com.google.android.apps.turbo-3MeZ1jnKZsbX2DU_7cfqUg==/base.apk!/lib/arm64-v8a, permitted_path=/data:/mnt/expand:/data/user/0/com.google.android.apps.turbo
07-05 16:53:52.475 19562 19678 I BatteryMgr:DataCollectionService: collectData: begin
07-05 16:53:52.478 19562 19678 I BatteryMgr:DataCollectionService: stats => 1688568832478,270625,4152
07-05 16:53:52.480 19658 19658 V GraphicsEnvironment: ANGLE Developer option for 'com.google.android.apps.turbo' set to: 'default'
07-05 16:53:52.481 19658 19658 D NetworkSecurityConfig: No Network Security Config specified, using platform default
07-05 16:53:52.482 19658 19658 D NetworkSecurityConfig: No Network Security Config specified, using platform default
07-05 16:53:52.493 19562 19678 I BatteryMgr:DataCollectionService: stats => 1688568832493,270625,4152
07-05 16:53:52.507 19562 19678 I BatteryMgr:DataCollectionService: stats => 1688568832507,270625,4152
07-05 16:53:52.521 19562 19678 I BatteryMgr:DataCollectionService: stats => 1688568832521,407812,4152
07-05 16:53:52.535 19562 19678 I BatteryMgr:DataCollectionService: stats => 1688568832535,407812,4152
07-05 16:53:52.551 19562 19678 I BatteryMgr:DataCollectionService: stats => 1688568832551,407812,4152
07-05 16:53:52.555  2850  2850 D BoundBrokerSvc: onBind: Intent { act=com.google.android.gms.phenotype.service.START pkg=com.google.android.gms }
07-05 16:53:52.555  2850  2850 D BoundBrokerSvc: Loading bound service for intent: Intent { act=com.google.android.gms.phenotype.service.START pkg=com.google.android.gms }
07-05 16:53:52.565 19562 19678 I BatteryMgr:DataCollectionService: stats => 1688568832565,407812,4152
07-05 16:53:52.579 19562 19678 I BatteryMgr:DataCollectionService: stats => 1688568832579,407812,4152
07-05 16:53:52.593 19562 19678 I BatteryMgr:DataCollectionService: stats => 1688568832593,407812,4152
07-05 16:53:52.608 19562 19678 I BatteryMgr:DataCollectionService: stats => 1688568832608,407812,4152
07-05 16:53:52.618 19658 19695 D CompatibilityChangeReporter: Compat change id reported: 160794467; UID 10096; state: ENABLED
07-05 16:53:52.621 19562 19678 I BatteryMgr:DataCollectionService: stats => 1688568832621,407812,4152
07-05 16:53:52.623 19658 19690 W Turbo.InferAppBucketsJob: Models given by config: 1
07-05 16:53:52.635 19562 19678 I BatteryMgr:DataCollectionService: stats => 1688568832635,407812,4152
07-05 16:53:52.647 19562 19678 I BatteryMgr:DataCollectionService: stats => 1688568832647,407812,4152
07-05 16:53:52.660 19562 19678 I BatteryMgr:DataCollectionService: stats => 1688568832660,407812,4152
07-05 16:53:52.672 19562 19678 I BatteryMgr:DataCollectionService: stats => 1688568832672,407812,4152
07-05 16:53:52.685 19562 19678 I BatteryMgr:DataCollectionService: stats => 1688568832685,407812,4152
07-05 16:53:52.697 19562 19678 I BatteryMgr:DataCollectionService: stats => 1688568832697,407812,4152
07-05 16:53:52.709 19562 19678 I BatteryMgr:DataCollectionService: stats => 1688568832709,407812,4152
07-05 16:53:52.722 19562 19678 I BatteryMgr:DataCollectionService: stats => 1688568832722,407812,4152
07-05 16:53:52.735 19562 19678 I BatteryMgr:DataCollectionService: stats => 1688568832735,407812,4152
07-05 16:53:52.747 19562 19678 I BatteryMgr:DataCollectionService: stats => 1688568832747,407812,4152
07-05 16:53:52.760 19562 19678 I BatteryMgr:DataCollectionService: stats => 1688568832760,407812,4152
07-05 16:53:52.773 19562 19678 I BatteryMgr:DataCollectionService: stats => 1688568832773,407812,4152
07-05 16:53:52.786 19562 19678 I BatteryMgr:DataCollectionService: stats => 1688568832786,407812,4152
07-05 16:53:52.795 19658 19690 I ecu     : Loaded native library: tensorflowlite_jni
07-05 16:53:52.797 19658 19690 I ecu     : Didn't load native library: tensorflowlite_jni_gms_client
07-05 16:53:52.800 19562 19678 I BatteryMgr:DataCollectionService: stats => 1688568832800,407812,4152
07-05 16:53:52.810 19658 19690 I tflite  : Initialized TensorFlow Lite runtime.
07-05 16:53:52.813 19562 19678 I BatteryMgr:DataCollectionService: stats => 1688568832812,407812,4152
07-05 16:53:52.819 19658 19690 W libc    : Access denied finding property "ro.hardware.chipname"
07-05 16:53:52.825 19562 19678 I BatteryMgr:DataCollectionService: stats => 1688568832825,407812,4152
07-05 16:53:52.829 19658 19690 W Turbo.AppStandbyBucketManager: Successfully pushed app buckets to the platform using model 9
07-05 16:53:52.839 19562 19678 I BatteryMgr:DataCollectionService: stats => 1688568832839,407812,4152
07-05 16:53:52.853  1871  8964 I ActivityManager: Killing 13118:com.google.android.permissioncontroller/u0a203 (adj 995): empty for 3160s
07-05 16:53:52.853 19562 19678 I BatteryMgr:DataCollectionService: stats => 1688568832853,407812,4152
07-05 16:53:52.868 19562 19678 I BatteryMgr:DataCollectionService: stats => 1688568832868,565625,4152
07-05 16:53:52.878  1230  1230 I Zygote  : Process 13118 exited due to signal 9 (Killed)
07-05 16:53:52.881 19562 19678 I BatteryMgr:DataCollectionService: stats => 1688568832881,565625,4152
07-05 16:53:52.892  1871  2002 I libprocessgroup: Successfully killed process cgroup uid 10203 pid 13118 in 37ms
07-05 16:53:52.895 19562 19678 I BatteryMgr:DataCollectionService: stats => 1688568832895,565625,4152
07-05 16:53:52.909 19562 19678 I BatteryMgr:DataCollectionService: stats => 1688568832909,565625,4152
07-05 16:53:52.922 19562 19678 I BatteryMgr:DataCollectionService: stats => 1688568832922,565625,4152
07-05 16:53:52.935 19562 19678 I BatteryMgr:DataCollectionService: stats => 1688568832935,565625,4152
07-05 16:53:52.948 19562 19678 I BatteryMgr:DataCollectionService: stats => 1688568832948,565625,4152
07-05 16:53:52.962 19562 19678 I BatteryMgr:DataCollectionService: stats => 1688568832962,565625,4152
07-05 16:53:52.976 19562 19678 I BatteryMgr:DataCollectionService: stats => 1688568832976,565625,4152
07-05 16:53:52.991 19562 19678 I BatteryMgr:DataCollectionService: stats => 1688568832990,565625,4152
07-05 16:53:53.008 19562 19678 I BatteryMgr:DataCollectionService: stats => 1688568833007,565625,4152
07-05 16:53:53.023 19562 19678 I BatteryMgr:DataCollectionService: stats => 1688568833023,565625,4152
07-05 16:53:53.040 19562 19678 I BatteryMgr:DataCollectionService: stats => 1688568833040,565625,4152
07-05 16:53:53.055 19562 19678 I BatteryMgr:DataCollectionService: stats => 1688568833055,565625,4152
07-05 16:53:53.070 19562 19678 I BatteryMgr:DataCollectionService: stats => 1688568833070,565625,4152
07-05 16:53:53.085 19562 19678 I BatteryMgr:DataCollectionService: stats => 1688568833085,565625,4152
07-05 16:53:53.101 19562 19678 I BatteryMgr:DataCollectionService: stats => 1688568833101,565625,4152
07-05 16:53:53.115 19562 19678 I BatteryMgr:DataCollectionService: stats => 1688568833115,565625,4152
07-05 16:53:53.127 19562 19702 D ProfileInstaller: Installing profile for com.example.batterymanager_utility
07-05 16:53:53.130 19562 19678 I BatteryMgr:DataCollectionService: stats => 1688568833130,565625,4152
07-05 16:53:53.147 19562 19678 I BatteryMgr:DataCollectionService: stats => 1688568833147,565625,4152
07-05 16:53:53.162 19562 19678 I BatteryMgr:DataCollectionService: stats => 1688568833162,565625,4152
07-05 16:53:53.177 19562 19678 I BatteryMgr:DataCollectionService: stats => 1688568833177,565625,4152
07-05 16:53:53.191 19562 19678 I BatteryMgr:DataCollectionService: stats => 1688568833191,565625,4152
07-05 16:53:53.196  1871  2225 D ConnectivityService: NetReassign [no changes] [c 1] [a 0] [i 3]
07-05 16:53:53.205 19562 19678 I BatteryMgr:DataCollectionService: stats => 1688568833205,565625,4152
07-05 16:53:53.219 19562 19678 I BatteryMgr:DataCollectionService: stats => 1688568833219,167187,4152
07-05 16:53:53.235 19562 19678 I BatteryMgr:DataCollectionService: stats => 1688568833235,167187,4152
07-05 16:53:53.250 19562 19678 I BatteryMgr:DataCollectionService: stats => 1688568833250,167187,4152
07-05 16:53:53.264 19562 19678 I BatteryMgr:DataCollectionService: stats => 1688568833264,167187,4152
07-05 16:53:53.278 19562 19678 I BatteryMgr:DataCollectionService: stats => 1688568833278,167187,4152
07-05 16:53:53.294 19562 19678 I BatteryMgr:DataCollectionService: stats => 1688568833294,167187,4152
07-05 16:53:53.309 19562 19678 I BatteryMgr:DataCollectionService: stats => 1688568833309,167187,4152
07-05 16:53:53.325 19562 19678 I BatteryMgr:DataCollectionService: stats => 1688568833325,167187,4152
07-05 16:53:53.341 19562 19678 I BatteryMgr:DataCollectionService: stats => 1688568833341,167187,4152
07-05 16:53:53.356 19562 19678 I BatteryMgr:DataCollectionService: stats => 1688568833356,167187,4152
07-05 16:53:53.370 19562 19678 I BatteryMgr:DataCollectionService: stats => 1688568833370,167187,4152
07-05 16:53:53.384 19562 19678 I BatteryMgr:DataCollectionService: stats => 1688568833384,167187,4152
07-05 16:53:53.401 19562 19678 I BatteryMgr:DataCollectionService: stats => 1688568833401,167187,4152
07-05 16:53:53.417 19562 19678 I BatteryMgr:DataCollectionService: stats => 1688568833417,167187,4152
07-05 16:53:53.433 19562 19678 I BatteryMgr:DataCollectionService: stats => 1688568833433,167187,4152
07-05 16:53:53.448 19562 19678 I BatteryMgr:DataCollectionService: stats => 1688568833448,167187,4152
07-05 16:53:53.464 19562 19678 I BatteryMgr:DataCollectionService: stats => 1688568833463,167187,4152
07-05 16:53:53.477 19562 19678 I BatteryMgr:DataCollectionService: stats => 1688568833477,167187,4152
07-05 16:53:53.492 19562 19678 I BatteryMgr:DataCollectionService: stats => 1688568833492,167187,4152
07-05 16:53:53.507 19562 19678 I BatteryMgr:DataCollectionService: stats => 1688568833507,167187,4152
07-05 16:53:53.524 19562 19678 I BatteryMgr:DataCollectionService: stats => 1688568833524,167187,4152
07-05 16:53:53.539 19562 19678 I BatteryMgr:DataCollectionService: stats => 1688568833538,167187,4152
07-05 16:53:53.554 19562 19678 I BatteryMgr:DataCollectionService: stats => 1688568833554,167187,4152
07-05 16:53:53.569 19562 19678 I BatteryMgr:DataCollectionService: stats => 1688568833569,106562,4152
07-05 16:53:53.584 19562 19678 I BatteryMgr:DataCollectionService: stats => 1688568833583,106562,4152
07-05 16:53:53.604 19562 19678 I BatteryMgr:DataCollectionService: stats => 1688568833604,106562,4152
07-05 16:53:53.620 19562 19678 I BatteryMgr:DataCollectionService: stats => 1688568833620,106562,4152
07-05 16:53:53.635 19562 19678 I BatteryMgr:DataCollectionService: stats => 1688568833635,106562,4152
07-05 16:53:53.650 19562 19678 I BatteryMgr:DataCollectionService: stats => 1688568833650,106562,4152
07-05 16:53:53.667 19562 19678 I BatteryMgr:DataCollectionService: stats => 1688568833667,106562,4152
07-05 16:53:53.681 19562 19678 I BatteryMgr:DataCollectionService: stats => 1688568833681,106562,4152
07-05 16:53:53.696 19562 19678 I BatteryMgr:DataCollectionService: stats => 1688568833696,106562,4152
07-05 16:53:53.710 19562 19678 I BatteryMgr:DataCollectionService: stats => 1688568833710,106562,4152
07-05 16:53:53.724 19562 19678 I BatteryMgr:DataCollectionService: stats => 1688568833724,106562,4152
07-05 16:53:53.738 19562 19678 I BatteryMgr:DataCollectionService: stats => 1688568833738,106562,4152
07-05 16:53:53.753 19562 19678 I BatteryMgr:DataCollectionService: stats => 1688568833753,106562,4152
07-05 16:53:53.767 19562 19678 I BatteryMgr:DataCollectionService: stats => 1688568833767,106562,4152
07-05 16:53:53.782 19562 19678 I BatteryMgr:DataCollectionService: stats => 1688568833781,106562,4152
07-05 16:53:53.796 19562 19678 I BatteryMgr:DataCollectionService: stats => 1688568833795,106562,4152
07-05 16:53:53.810 19562 19678 I BatteryMgr:DataCollectionService: stats => 1688568833810,106562,4152
07-05 16:53:53.823 19562 19678 I BatteryMgr:DataCollectionService: stats => 1688568833823,106562,4152
07-05 16:53:53.837 19562 19678 I BatteryMgr:DataCollectionService: stats => 1688568833837,106562,4152
07-05 16:53:53.852 19562 19678 I BatteryMgr:DataCollectionService: stats => 1688568833852,106562,4152
07-05 16:53:53.866 19562 19678 I BatteryMgr:DataCollectionService: stats => 1688568833866,106562,4152
07-05 16:53:53.881 19562 19678 I BatteryMgr:DataCollectionService: stats => 1688568833880,106562,4152
07-05 16:53:53.895 19562 19678 I BatteryMgr:DataCollectionService: stats => 1688568833894,106562,4152
07-05 16:53:53.909 19562 19678 I BatteryMgr:DataCollectionService: stats => 1688568833909,106562,4152
07-05 16:53:53.924 19562 19678 I BatteryMgr:DataCollectionService: stats => 1688568833923,158437,4152
07-05 16:53:53.940 19562 19678 I BatteryMgr:DataCollectionService: stats => 1688568833940,158437,4152
07-05 16:53:53.954 19562 19678 I BatteryMgr:DataCollectionService: stats => 1688568833954,158437,4152
07-05 16:53:53.970 19562 19678 I BatteryMgr:DataCollectionService: stats => 1688568833970,158437,4152
07-05 16:53:53.985 19562 19678 I BatteryMgr:DataCollectionService: stats => 1688568833985,158437,4152
07-05 16:53:54.000 19562 19678 I BatteryMgr:DataCollectionService: stats => 1688568834000,158437,4152
07-05 16:53:54.014 19562 19678 I BatteryMgr:DataCollectionService: stats => 1688568834014,158437,4152
07-05 16:53:54.030 19562 19678 I BatteryMgr:DataCollectionService: stats => 1688568834029,158437,4152
07-05 16:53:54.048 19562 19678 I BatteryMgr:DataCollectionService: stats => 1688568834048,158437,4152
07-05 16:53:54.063 19562 19678 I BatteryMgr:DataCollectionService: stats => 1688568834063,158437,4152
07-05 16:53:54.079 19562 19678 I BatteryMgr:DataCollectionService: stats => 1688568834079,158437,4152
07-05 16:53:54.094 19562 19678 I BatteryMgr:DataCollectionService: stats => 1688568834094,158437,4152
07-05 16:53:54.109 19562 19678 I BatteryMgr:DataCollectionService: stats => 1688568834109,158437,4152
07-05 16:53:54.125 19562 19678 I BatteryMgr:DataCollectionService: stats => 1688568834125,158437,4152
07-05 16:53:54.140 19562 19678 I BatteryMgr:DataCollectionService: stats => 1688568834140,158437,4152
07-05 16:53:54.157 19562 19678 I BatteryMgr:DataCollectionService: stats => 1688568834157,158437,4152
07-05 16:53:54.172 19562 19678 I BatteryMgr:DataCollectionService: stats => 1688568834172,158437,4152
07-05 16:53:54.187 19562 19678 I BatteryMgr:DataCollectionService: stats => 1688568834187,158437,4152
07-05 16:53:54.201 19562 19678 I BatteryMgr:DataCollectionService: stats => 1688568834201,158437,4152
07-05 16:53:54.218 19562 19678 I BatteryMgr:DataCollectionService: stats => 1688568834218,158437,4152
07-05 16:53:54.233 19562 19678 I BatteryMgr:DataCollectionService: stats => 1688568834233,158437,4152
07-05 16:53:54.250 19562 19678 I BatteryMgr:DataCollectionService: stats => 1688568834250,158437,4152
07-05 16:53:54.266 19562 19678 I BatteryMgr:DataCollectionService: stats => 1688568834266,133125,4152
07-05 16:53:54.282 19562 19678 I BatteryMgr:DataCollectionService: stats => 1688568834282,133125,4152
07-05 16:53:54.297 19562 19678 I BatteryMgr:DataCollectionService: stats => 1688568834297,133125,4152
07-05 16:53:54.311 19562 19678 I BatteryMgr:DataCollectionService: stats => 1688568834311,133125,4152
07-05 16:53:54.326 19562 19678 I BatteryMgr:DataCollectionService: stats => 1688568834326,133125,4152
07-05 16:53:54.342 19562 19678 I BatteryMgr:DataCollectionService: stats => 1688568834342,133125,4152
07-05 16:53:54.357 19562 19678 I BatteryMgr:DataCollectionService: stats => 1688568834357,133125,4152
07-05 16:53:54.371 19562 19678 I BatteryMgr:DataCollectionService: stats => 1688568834371,133125,4152
07-05 16:53:54.387 19562 19678 I BatteryMgr:DataCollectionService: stats => 1688568834387,133125,4152
07-05 16:53:54.401 19562 19678 I BatteryMgr:DataCollectionService: stats => 1688568834401,133125,4152
07-05 16:53:54.415 19562 19678 I BatteryMgr:DataCollectionService: stats => 1688568834415,133125,4152
07-05 16:53:54.431 19562 19678 I BatteryMgr:DataCollectionService: stats => 1688568834430,133125,4152
07-05 16:53:54.447 19562 19678 I BatteryMgr:DataCollectionService: stats => 1688568834447,133125,4152
07-05 16:53:54.464 19562 19678 I BatteryMgr:DataCollectionService: stats => 1688568834464,133125,4152
07-05 16:53:54.478 19562 19678 I BatteryMgr:DataCollectionService: stats => 1688568834478,133125,4152
07-05 16:53:54.493 19562 19678 I BatteryMgr:DataCollectionService: stats => 1688568834493,133125,4152
07-05 16:53:54.506 19562 19678 I BatteryMgr:DataCollectionService: stats => 1688568834506,133125,4152
07-05 16:53:54.523 19562 19678 I BatteryMgr:DataCollectionService: stats => 1688568834523,133125,4152
07-05 16:53:54.537 19562 19678 I BatteryMgr:DataCollectionService: stats => 1688568834537,133125,4152
07-05 16:53:54.551 19562 19678 I BatteryMgr:DataCollectionService: stats => 1688568834551,133125,4152
07-05 16:53:54.567 19562 19678 I BatteryMgr:DataCollectionService: stats => 1688568834567,133125,4152
07-05 16:53:54.583 19562 19678 I BatteryMgr:DataCollectionService: stats => 1688568834583,133125,4152
07-05 16:53:54.597 19562 19678 I BatteryMgr:DataCollectionService: stats => 1688568834597,133125,4152
07-05 16:53:54.611 19562 19678 I BatteryMgr:DataCollectionService: stats => 1688568834611,133125,4152
07-05 16:53:54.626 19562 19678 I BatteryMgr:DataCollectionService: stats => 1688568834626,151562,4152
07-05 16:53:54.643 19562 19678 I BatteryMgr:DataCollectionService: stats => 1688568834643,151562,4152
07-05 16:53:54.659 19562 19678 I BatteryMgr:DataCollectionService: stats => 1688568834659,151562,4152
07-05 16:53:54.674 19562 19678 I BatteryMgr:DataCollectionService: stats => 1688568834674,151562,4152
07-05 16:53:54.690 19562 19678 I BatteryMgr:DataCollectionService: stats => 1688568834690,151562,4152
07-05 16:53:54.705 19562 19678 I BatteryMgr:DataCollectionService: stats => 1688568834705,151562,4152
07-05 16:53:54.720 19562 19678 I BatteryMgr:DataCollectionService: stats => 1688568834720,151562,4152
07-05 16:53:54.737 19562 19678 I BatteryMgr:DataCollectionService: stats => 1688568834737,151562,4152
07-05 16:53:54.752 19562 19678 I BatteryMgr:DataCollectionService: stats => 1688568834752,151562,4152
07-05 16:53:54.768 19562 19678 I BatteryMgr:DataCollectionService: stats => 1688568834768,151562,4152
07-05 16:53:54.783 19562 19678 I BatteryMgr:DataCollectionService: stats => 1688568834783,151562,4152
07-05 16:53:54.797 19562 19678 I BatteryMgr:DataCollectionService: stats => 1688568834797,151562,4152
07-05 16:53:54.812 19562 19678 I BatteryMgr:DataCollectionService: stats => 1688568834812,151562,4152
07-05 16:53:54.826 19562 19678 I BatteryMgr:DataCollectionService: stats => 1688568834826,151562,4152
07-05 16:53:54.840 19562 19678 I BatteryMgr:DataCollectionService: stats => 1688568834840,151562,4152
07-05 16:53:54.854 19562 19678 I BatteryMgr:DataCollectionService: stats => 1688568834854,151562,4152
