07-03 19:11:41.887 28141 28245 I BatteryMgr:DataCollectionService: stats => 1688404301887,-127929,4290
07-03 19:11:42.080   560   560 E SELinux : avc:  denied  { find } for interface=vendor.qti.hardware.servicetracker::IServicetracker sid=u:r:system_server:s0 pid=1272 scontext=u:r:system_server:s0 tcontext=u:object_r:default_android_hwservice:s0 tclass=hwservice_manager permissive=0
07-03 19:11:42.900 28141 28245 I BatteryMgr:DataCollectionService: stats => 1688404302899,-253906,4290
07-03 19:11:43.912 28141 28245 I BatteryMgr:DataCollectionService: stats => 1688404303912,-189453,4290
07-03 19:11:44.625   779  7045 E ANDR-PERF-MPCTL: poll() has timed out for /sys/module/msm_performance/events/cpu_hotplug
07-03 19:11:44.625   779  7045 E ANDR-PERF-MPCTL: Block on poll()
07-03 19:11:44.715 25268 25461 W TaskMonitor: 1 tasks running slow
07-03 19:11:44.715 25268 25461 W TaskMonitor: 1 tasks running slow
07-03 19:11:44.715 25268 25461 W TaskMonitor: [Task=62062054] Slow task still running after 30s, operation queue size 0. celloTaskManagerImpl_50948573{not started,timedOut,delayMs=600000}
07-03 19:11:44.715 25268 25461 W TaskMonitor: [Task=62062054] Slow task still running after 30s, operation queue size 0. celloTaskManagerImpl_50948573{not started,timedOut,delayMs=600000}
07-03 19:11:44.924 28141 28245 I BatteryMgr:DataCollectionService: stats => 1688404304923,-189453,4290
07-03 19:11:45.933 28141 28245 I BatteryMgr:DataCollectionService: stats => 1688404305933,-114746,4290
07-03 19:11:46.859  1272  1353 I UsageStatsService: User[0] Flushing usage stats to disk
07-03 19:11:46.942 28141 28245 I BatteryMgr:DataCollectionService: stats => 1688404306941,-113281,4290
07-03 19:11:46.994  1272  1353 E AppIdleHistory: Error writing app idle file for user 0
07-03 19:11:47.631   779  7045 E ANDR-PERF-MPCTL: poll() has timed out for /sys/module/msm_performance/events/cpu_hotplug
07-03 19:11:47.631   779  7045 E ANDR-PERF-MPCTL: Block on poll()
07-03 19:11:47.718 25268 25461 W TaskMonitor: 1 tasks running slow
07-03 19:11:47.718 25268 25461 W TaskMonitor: 1 tasks running slow
07-03 19:11:47.719 25268 25461 W TaskMonitor: [Task=62062054] Slow task still running after 33s, operation queue size 0. celloTaskManagerImpl_50948573{not started,timedOut,delayMs=600000}
07-03 19:11:47.719 25268 25461 W TaskMonitor: [Task=62062054] Slow task still running after 33s, operation queue size 0. celloTaskManagerImpl_50948573{not started,timedOut,delayMs=600000}
07-03 19:11:47.952 28141 28245 I BatteryMgr:DataCollectionService: stats => 1688404307952,-113281,4290
07-03 19:11:48.965 28141 28245 I BatteryMgr:DataCollectionService: stats => 1688404308965,-164550,4290
07-03 19:11:49.975 28141 28245 I BatteryMgr:DataCollectionService: stats => 1688404309975,-144531,4290
07-03 19:11:50.634   779  7045 E ANDR-PERF-MPCTL: poll() has timed out for /sys/module/msm_performance/events/cpu_hotplug
07-03 19:11:50.635   779  7045 E ANDR-PERF-MPCTL: Block on poll()
07-03 19:11:50.715 25268 25461 W TaskMonitor: 1 tasks running slow
07-03 19:11:50.715 25268 25461 W TaskMonitor: 1 tasks running slow
07-03 19:11:50.715 25268 25461 W TaskMonitor: [Task=62062054] Slow task still running after 36s, operation queue size 0. celloTaskManagerImpl_50948573{not started,timedOut,delayMs=600000}
07-03 19:11:50.715 25268 25461 W TaskMonitor: [Task=62062054] Slow task still running after 36s, operation queue size 0. celloTaskManagerImpl_50948573{not started,timedOut,delayMs=600000}
07-03 19:11:50.988 28141 28245 I BatteryMgr:DataCollectionService: stats => 1688404310988,-144531,4290
07-03 19:11:52.000 28141 28245 I BatteryMgr:DataCollectionService: stats => 1688404312000,-122070,4290
07-03 19:11:53.013 28141 28245 I BatteryMgr:DataCollectionService: stats => 1688404313013,-113281,4290
07-03 19:11:53.640   779  7045 E ANDR-PERF-MPCTL: poll() has timed out for /sys/module/msm_performance/events/cpu_hotplug
07-03 19:11:53.640   779  7045 E ANDR-PERF-MPCTL: Block on poll()
07-03 19:11:53.702 25268 25461 W TaskMonitor: 1 tasks running slow
07-03 19:11:53.702 25268 25461 W TaskMonitor: 1 tasks running slow
07-03 19:11:53.703 25268 25461 W TaskMonitor: [Task=62062054] Slow task still running after 39s, operation queue size 0. celloTaskManagerImpl_50948573{not started,timedOut,delayMs=600000}
07-03 19:11:53.703 25268 25461 W TaskMonitor: [Task=62062054] Slow task still running after 39s, operation queue size 0. celloTaskManagerImpl_50948573{not started,timedOut,delayMs=600000}
07-03 19:11:54.022 28141 28245 I BatteryMgr:DataCollectionService: stats => 1688404314022,-205078,4290
07-03 19:11:54.824  4943  4943 I DataSaverController: registerReceiver() : Runnable call registerReceiver()
07-03 19:11:54.827  4943  4943 I DataSaverController: registerReceiver() : queryIntentServices = 0
07-03 19:11:54.827  4943  4943 I DataSaverController: registerReceiver() :  postDelayed Runnable 30000
07-03 19:11:55.036 28141 28245 I BatteryMgr:DataCollectionService: stats => 1688404315036,-205078,4290
07-03 19:11:56.051 28141 28245 I BatteryMgr:DataCollectionService: stats => 1688404316051,-117187,4290
07-03 19:11:56.644   779  7045 E ANDR-PERF-MPCTL: poll() has timed out for /sys/module/msm_performance/events/cpu_hotplug
07-03 19:11:56.644   779  7045 E ANDR-PERF-MPCTL: Block on poll()
07-03 19:11:56.718 25268 25461 W TaskMonitor: 1 tasks running slow
07-03 19:11:56.718 25268 25461 W TaskMonitor: 1 tasks running slow
07-03 19:11:56.718 25268 25461 W TaskMonitor: [Task=62062054] Slow task still running after 42s, operation queue size 0. celloTaskManagerImpl_50948573{not started,timedOut,delayMs=600000}
07-03 19:11:56.719 25268 25461 W TaskMonitor: [Task=62062054] Slow task still running after 42s, operation queue size 0. celloTaskManagerImpl_50948573{not started,timedOut,delayMs=600000}
07-03 19:11:57.023   560   560 E SELinux : avc:  denied  { find } for interface=vendor.qti.hardware.servicetracker::IServicetracker sid=u:r:system_server:s0 pid=1272 scontext=u:r:system_server:s0 tcontext=u:object_r:default_android_hwservice:s0 tclass=hwservice_manager permissive=0
07-03 19:11:57.056 28141 28245 I BatteryMgr:DataCollectionService: stats => 1688404317056,-148925,4290
07-03 19:11:58.066 28141 28245 I BatteryMgr:DataCollectionService: stats => 1688404318066,-148925,4290
07-03 19:11:59.079 28141 28245 I BatteryMgr:DataCollectionService: stats => 1688404319079,-154296,4290
07-03 19:11:59.648   779  7045 E ANDR-PERF-MPCTL: poll() has timed out for /sys/module/msm_performance/events/cpu_hotplug
07-03 19:11:59.648   779  7045 E ANDR-PERF-MPCTL: Block on poll()
07-03 19:11:59.715 25268 25461 W TaskMonitor: 1 tasks running slow
07-03 19:11:59.715 25268 25461 W TaskMonitor: 1 tasks running slow
07-03 19:11:59.716 25268 25461 W TaskMonitor: [Task=62062054] Slow task still running after 45s, operation queue size 0. celloTaskManagerImpl_50948573{not started,timedOut,delayMs=600000}
07-03 19:11:59.716 25268 25461 W TaskMonitor: [Task=62062054] Slow task still running after 45s, operation queue size 0. celloTaskManagerImpl_50948573{not started,timedOut,delayMs=600000}
07-03 19:12:00.008  4943  4943 D SystemUIUpdateMonitor: run() curMinutes = 28140072 mLastMinute = 28140071
07-03 19:12:00.008  4943  4943 D SystemUIUpdateMonitor: setTimeHandler() mTimeTICK_receiver.size() = 16
07-03 19:12:00.008  4943  4943 D SystemUIUpdateMonitor: setTimeHandler() newDelay = 59992
07-03 19:12:00.086 28141 28245 I BatteryMgr:DataCollectionService: stats => 1688404320086,-119628,4290
07-03 19:12:01.096 28141 28245 I BatteryMgr:DataCollectionService: stats => 1688404321096,-119628,4290
07-03 19:12:02.109 28141 28245 I BatteryMgr:DataCollectionService: stats => 1688404322109,-124511,4290
07-03 19:12:02.651   779  7045 E ANDR-PERF-MPCTL: poll() has timed out for /sys/module/msm_performance/events/cpu_hotplug
07-03 19:12:02.651   779  7045 E ANDR-PERF-MPCTL: Block on poll()
07-03 19:12:02.713 25268 25461 W TaskMonitor: 1 tasks running slow
07-03 19:12:02.714 25268 25461 W TaskMonitor: 1 tasks running slow
07-03 19:12:02.714 25268 25461 W TaskMonitor: [Task=62062054] Slow task still running after 48s, operation queue size 0. celloTaskManagerImpl_50948573{not started,timedOut,delayMs=600000}
07-03 19:12:02.714 25268 25461 W TaskMonitor: [Task=62062054] Slow task still running after 48s, operation queue size 0. celloTaskManagerImpl_50948573{not started,timedOut,delayMs=600000}
07-03 19:12:03.119 28141 28245 I BatteryMgr:DataCollectionService: stats => 1688404323118,-127929,4290
07-03 19:12:04.126 28141 28245 I BatteryMgr:DataCollectionService: stats => 1688404324126,-127929,4290
07-03 19:12:05.134 28141 28245 I BatteryMgr:DataCollectionService: stats => 1688404325134,-167480,4290
07-03 19:12:05.657   779  7045 E ANDR-PERF-MPCTL: poll() has timed out for /sys/module/msm_performance/events/cpu_hotplug
07-03 19:12:05.658   779  7045 E ANDR-PERF-MPCTL: Block on poll()
07-03 19:12:05.715 25268 25461 W TaskMonitor: 1 tasks running slow
07-03 19:12:05.715 25268 25461 W TaskMonitor: 1 tasks running slow
07-03 19:12:05.716 25268 25461 W TaskMonitor: [Task=62062054] Slow task still running after 51s, operation queue size 0. celloTaskManagerImpl_50948573{not started,timedOut,delayMs=600000}
07-03 19:12:05.716 25268 25461 W TaskMonitor: [Task=62062054] Slow task still running after 51s, operation queue size 0. celloTaskManagerImpl_50948573{not started,timedOut,delayMs=600000}
07-03 19:12:06.143 28141 28245 I BatteryMgr:DataCollectionService: stats => 1688404326143,-115722,4290
07-03 19:12:06.197 26193 28316 E memtrack: Couldn't load memtrack module
07-03 19:12:06.197 26193 28316 W android.os.Debug: failed to get memory consumption info: -1
07-03 19:12:06.594  1272  3026 I BatteryService: shutdownIfLowCurrentLocked batteryLevel = 99 , hasChargingCurrent = false(isPowered=false,batteryCurrent=-115,hardware=qcom) , hitShutdownVoltage = true(batteryVoltage=4306,mBatteryMinVoltage=-1) , isSystemReady = true
07-03 19:12:06.601  4943  4943 D BatteryController: mPluggedIn = false;mCharging =false; status=3; level=99
07-03 19:12:06.602  5388  5388 D QtiCarrierConfigHelper: WARNING, no carrier configs on phone Id: 0
07-03 19:12:06.606  4943  4943 I BatteryView: updateShowPercent showPercent: 1 mUseSmallBatteryLevel: false mAllowShowPercentage: true
07-03 19:12:06.607  4943  4943 I BatteryMeterDrawableBase: isHideWaring mHideWaring: false
07-03 19:12:06.610  6198  6198 D FileOperator: Mode change to WRITE_MODE!
07-03 19:12:06.614  4943  4943 I BatteryView: updateShowPercent showPercent: 1 mUseSmallBatteryLevel: false mAllowShowPercentage: true
07-03 19:12:06.614  4943  4943 I BatteryMeterDrawableBase: isHideWaring mHideWaring: false
07-03 19:12:06.615 26491 26491 I [BatteryProtectApp]: ACTION_BATTERY_CHANGED -> Temprature : 27.0
07-03 19:12:06.615  4943  4943 I BatteryView: updateShowPercent showPercent: 1 mUseSmallBatteryLevel: false mAllowShowPercentage: true
07-03 19:12:06.615  4943  4943 I BatteryMeterDrawableBase: isHideWaring mHideWaring: false
07-03 19:12:06.617 26491 26491 I [BatteryProtectApp]: DetectBatteryService: MaxTempShutDown : false
07-03 19:12:06.617 26491 26491 I [BatteryProtectApp]: DetectBatteryService: LowTempShutDown : false
07-03 19:12:06.624 26491 26491 I [BatteryProtectApp]: IS_SUPPORT_DECREASE_CHARGING : true
07-03 19:12:06.653  1272  1354 D CompatibilityInfo: mCompatibilityFlags - 0
07-03 19:12:06.653  1272  1354 D CompatibilityInfo: applicationDensity - 420
07-03 19:12:06.653  1272  1354 D CompatibilityInfo: applicationScale - 1.0
07-03 19:12:07.153 28141 28245 I BatteryMgr:DataCollectionService: stats => 1688404327153,-115722,4306
07-03 19:12:08.167 28141 28245 I BatteryMgr:DataCollectionService: stats => 1688404328166,-115722,4306
07-03 19:12:08.661   779  7045 E ANDR-PERF-MPCTL: poll() has timed out for /sys/module/msm_performance/events/cpu_hotplug
07-03 19:12:08.661   779  7045 E ANDR-PERF-MPCTL: Block on poll()
07-03 19:12:08.718 25268 25461 W TaskMonitor: 1 tasks running slow
07-03 19:12:08.718 25268 25461 W TaskMonitor: 1 tasks running slow
07-03 19:12:08.719 25268 25461 W TaskMonitor: [Task=62062054] Slow task still running after 54s, operation queue size 0. celloTaskManagerImpl_50948573{not started,timedOut,delayMs=600000}
07-03 19:12:08.719 25268 25461 W TaskMonitor: [Task=62062054] Slow task still running after 54s, operation queue size 0. celloTaskManagerImpl_50948573{not started,timedOut,delayMs=600000}
07-03 19:12:09.183 28141 28245 I BatteryMgr:DataCollectionService: stats => 1688404329183,-187988,4306
07-03 19:12:10.196 28141 28245 I BatteryMgr:DataCollectionService: stats => 1688404330196,-112792,4306
07-03 19:12:11.209 28141 28245 I BatteryMgr:DataCollectionService: stats => 1688404331208,-112792,4306
07-03 19:12:11.667   779  7045 E ANDR-PERF-MPCTL: poll() has timed out for /sys/module/msm_performance/events/cpu_hotplug
07-03 19:12:11.667   779  7045 E ANDR-PERF-MPCTL: Block on poll()
07-03 19:12:11.718 25268 25461 W TaskMonitor: 1 tasks running slow
07-03 19:12:11.718 25268 25461 W TaskMonitor: 1 tasks running slow
07-03 19:12:11.719 25268 25461 W TaskMonitor: [Task=62062054] Slow task still running after 57s, operation queue size 0. celloTaskManagerImpl_50948573{not started,timedOut,delayMs=600000}
07-03 19:12:11.719 25268 25461 W TaskMonitor: [Task=62062054] Slow task still running after 57s, operation queue size 0. celloTaskManagerImpl_50948573{not started,timedOut,delayMs=600000}
07-03 19:12:12.148   560   560 E SELinux : avc:  denied  { find } for interface=vendor.qti.hardware.servicetracker::IServicetracker sid=u:r:system_server:s0 pid=1272 scontext=u:r:system_server:s0 tcontext=u:object_r:default_android_hwservice:s0 tclass=hwservice_manager permissive=0
07-03 19:12:12.223 28141 28245 I BatteryMgr:DataCollectionService: stats => 1688404332222,-113769,4306
07-03 19:12:13.235 28141 28245 I BatteryMgr:DataCollectionService: stats => 1688404333235,-129882,4306
07-03 19:12:14.244 28141 28245 I BatteryMgr:DataCollectionService: stats => 1688404334244,-129882,4306
07-03 19:12:14.673   779  7045 E ANDR-PERF-MPCTL: poll() has timed out for /sys/module/msm_performance/events/cpu_hotplug
07-03 19:12:14.673   779  7045 E ANDR-PERF-MPCTL: Block on poll()
07-03 19:12:14.715 25268 25461 W TaskMonitor: 1 tasks running slow
07-03 19:12:14.716 25268 25461 W TaskMonitor: 1 tasks running slow
07-03 19:12:14.716 25268 25461 W TaskMonitor: [Task=62062054] Slow task still running after 60s, operation queue size 0. celloTaskManagerImpl_50948573{not started,timedOut,delayMs=600000}
07-03 19:12:14.716 25268 25461 W TaskMonitor: [Task=62062054] Slow task still running after 60s, operation queue size 0. celloTaskManagerImpl_50948573{not started,timedOut,delayMs=600000}
07-03 19:12:15.253 28141 28245 I BatteryMgr:DataCollectionService: stats => 1688404335253,-134765,4306
07-03 19:12:16.266 28141 28245 I BatteryMgr:DataCollectionService: stats => 1688404336265,-111328,4306
07-03 19:12:17.181   560   560 E SELinux : avc:  denied  { find } for interface=vendor.qti.hardware.servicetracker::IServicetracker sid=u:r:system_server:s0 pid=1272 scontext=u:r:system_server:s0 tcontext=u:object_r:default_android_hwservice:s0 tclass=hwservice_manager permissive=0
07-03 19:12:17.276 28141 28245 I BatteryMgr:DataCollectionService: stats => 1688404337275,-111328,4306
07-03 19:12:17.677   779  7045 E ANDR-PERF-MPCTL: poll() has timed out for /sys/module/msm_performance/events/cpu_hotplug
07-03 19:12:17.677   779  7045 E ANDR-PERF-MPCTL: Block on poll()
07-03 19:12:17.718 25268 25461 W TaskMonitor: 1 tasks running slow
07-03 19:12:17.718 25268 25461 W TaskMonitor: 1 tasks running slow
07-03 19:12:17.719 25268 25461 W TaskMonitor: [Task=62062054] Slow task still running after 63s, operation queue size 0. celloTaskManagerImpl_50948573{not started,timedOut,delayMs=600000}
07-03 19:12:17.719 25268 25461 W TaskMonitor: [Task=62062054] Slow task still running after 63s, operation queue size 0. celloTaskManagerImpl_50948573{not started,timedOut,delayMs=600000}
07-03 19:12:18.289 28141 28245 I BatteryMgr:DataCollectionService: stats => 1688404338288,-128417,4306
07-03 19:12:19.300 28141 28245 I BatteryMgr:DataCollectionService: stats => 1688404339299,-188964,4306
07-03 19:12:20.313 28141 28245 I BatteryMgr:DataCollectionService: stats => 1688404340313,-114746,4306
07-03 19:12:20.680   779  7045 E ANDR-PERF-MPCTL: poll() has timed out for /sys/module/msm_performance/events/cpu_hotplug
07-03 19:12:20.680   779  7045 E ANDR-PERF-MPCTL: Block on poll()
07-03 19:12:20.718 25268 25461 W TaskMonitor: 1 tasks running slow
07-03 19:12:20.718 25268 25461 W TaskMonitor: 1 tasks running slow
07-03 19:12:20.719 25268 25461 W TaskMonitor: [Task=62062054] Slow task still running after 66s, operation queue size 0. celloTaskManagerImpl_50948573{not started,timedOut,delayMs=600000}
07-03 19:12:20.719 25268 25461 W TaskMonitor: [Task=62062054] Slow task still running after 66s, operation queue size 0. celloTaskManagerImpl_50948573{not started,timedOut,delayMs=600000}
07-03 19:12:21.326 28141 28245 I BatteryMgr:DataCollectionService: stats => 1688404341326,-114746,4306
07-03 19:12:22.335 28141 28245 I BatteryMgr:DataCollectionService: stats => 1688404342335,-155273,4306
07-03 19:12:23.347 28141 28245 I BatteryMgr:DataCollectionService: stats => 1688404343347,-162597,4306
07-03 19:12:23.684   779  7045 E ANDR-PERF-MPCTL: poll() has timed out for /sys/module/msm_performance/events/cpu_hotplug
07-03 19:12:23.684   779  7045 E ANDR-PERF-MPCTL: Block on poll()
07-03 19:12:23.717 25268 25461 W TaskMonitor: 1 tasks running slow
07-03 19:12:23.718 25268 25461 W TaskMonitor: 1 tasks running slow
07-03 19:12:23.718 25268 25461 W TaskMonitor: [Task=62062054] Slow task still running after 69s, operation queue size 0. celloTaskManagerImpl_50948573{not started,timedOut,delayMs=600000}
07-03 19:12:23.718 25268 25461 W TaskMonitor: [Task=62062054] Slow task still running after 69s, operation queue size 0. celloTaskManagerImpl_50948573{not started,timedOut,delayMs=600000}
07-03 19:12:24.355 28141 28245 I BatteryMgr:DataCollectionService: stats => 1688404344354,-162597,4306
07-03 19:12:24.830  4943  4943 I DataSaverController: registerReceiver() : Runnable call registerReceiver()
07-03 19:12:24.832  4943  4943 I DataSaverController: registerReceiver() : queryIntentServices = 0
07-03 19:12:24.832  4943  4943 I DataSaverController: registerReceiver() :  postDelayed Runnable 30000
07-03 19:12:25.361 28141 28245 I BatteryMgr:DataCollectionService: stats => 1688404345361,-118652,4306
07-03 19:12:26.374 28141 28245 I BatteryMgr:DataCollectionService: stats => 1688404346374,-112304,4306
07-03 19:12:26.689   779  7045 E ANDR-PERF-MPCTL: poll() has timed out for /sys/module/msm_performance/events/cpu_hotplug
07-03 19:12:26.689   779  7045 E ANDR-PERF-MPCTL: Block on poll()
07-03 19:12:26.708 25268 25461 W TaskMonitor: 1 tasks running slow
07-03 19:12:26.708 25268 25461 W TaskMonitor: 1 tasks running slow
07-03 19:12:26.709 25268 25461 W TaskMonitor: [Task=62062054] Slow task still running after 72s, operation queue size 0. celloTaskManagerImpl_50948573{not started,timedOut,delayMs=600000}
07-03 19:12:26.709 25268 25461 W TaskMonitor: [Task=62062054] Slow task still running after 72s, operation queue size 0. celloTaskManagerImpl_50948573{not started,timedOut,delayMs=600000}
07-03 19:12:27.067   560   560 E SELinux : avc:  denied  { find } for interface=vendor.qti.hardware.servicetracker::IServicetracker sid=u:r:system_server:s0 pid=1272 scontext=u:r:system_server:s0 tcontext=u:object_r:default_android_hwservice:s0 tclass=hwservice_manager permissive=0
07-03 19:12:27.389 28141 28245 I BatteryMgr:DataCollectionService: stats => 1688404347389,-112304,4306
07-03 19:12:28.323   560   560 E SELinux : avc:  denied  { find } for interface=vendor.qti.hardware.servicetracker::IServicetracker sid=u:r:system_server:s0 pid=1272 scontext=u:r:system_server:s0 tcontext=u:object_r:default_android_hwservice:s0 tclass=hwservice_manager permissive=0
07-03 19:12:28.730  1272  6965 I ActivityManager: Force stopping e.www.baseline appid=10216 user=0: from pid 28351
07-03 19:12:28.733  1272  6965 I ActivityManager: Killing 28194:e.www.baseline/u0a216 (adj 0): stop e.www.baseline
07-03 19:12:28.735   560   560 E SELinux : avc:  denied  { find } for interface=vendor.qti.hardware.servicetracker::IServicetracker sid=u:r:system_server:s0 pid=1272 scontext=u:r:system_server:s0 tcontext=u:object_r:default_android_hwservice:s0 tclass=hwservice_manager permissive=0
07-03 19:12:28.737  1272  6965 W ActivityTaskManager: Force removing ActivityRecord{42713ea u0 e.www.baseline/.MainActivity t563 f}: app died, no saved state
07-03 19:12:28.757  1272 28354 W IrisConfig: ColorManagerService is not Existed
07-03 19:12:28.765   680   680 I Zygote  : Process 28194 exited due to signal 9 (Killed)
07-03 19:12:28.770  5388  5388 E PhoneInterfaceManager: [PhoneIntfMgr] getCarrierPackageNamesForIntent: No UICC
07-03 19:12:28.770  5388  5388 D CarrierSvcBindHelper: No carrier app for: 0
07-03 19:12:28.772  5388  5388 E PhoneInterfaceManager: [PhoneIntfMgr] getCarrierPackageNamesForIntent: No UICC
07-03 19:12:28.772  5388  5388 D CarrierSvcBindHelper: No carrier app for: 1
07-03 19:12:28.777  1272  1356 I libprocessgroup: Successfully killed process cgroup uid 10216 pid 28194 in 40ms
07-03 19:12:28.780  6139  6139 D RegisteredNfcFServicesCache: Service unchanged, not updating
07-03 19:12:28.781   560   560 I hwservicemanager: getTransport: Cannot find entry vendor.qti.hardware.iop@2.0::IIop/default in either framework or device manifest.
07-03 19:12:28.781  1272 12292 E ANDR-PERF-JNI: UXEngine Trigger - Returning null
07-03 19:12:28.801   560   560 E SELinux : avc:  denied  { find } for interface=vendor.qti.hardware.servicetracker::IServicetracker sid=u:r:system_server:s0 pid=1272 scontext=u:r:system_server:s0 tcontext=u:object_r:default_android_hwservice:s0 tclass=hwservice_manager permissive=0
07-03 19:12:28.824 10382 10382 I A       : onStart
07-03 19:12:28.825  1272  1346 W ActivityManager: setHasOverlayUi called on unknown pid: 28194
07-03 19:12:28.830 10382 10382 I A       : onResume
07-03 19:12:28.844  4823  4823 I GsaVoiceInteractionSrv: Handling ACTION_START_HOTWORD
07-03 19:12:28.845  4823  4971 I GsaVoiceInteractionSrv: (REDACTED) disregardHotwordSetting: %b
07-03 19:12:28.846  4823  4971 I GsaVoiceInteractionSrv: Cannot start hotword, hotword has been explicitly disabled.
07-03 19:12:28.855   560   560 E SELinux : avc:  denied  { find } for interface=vendor.qti.hardware.servicetracker::IServicetracker sid=u:r:system_server:s0 pid=1272 scontext=u:r:system_server:s0 tcontext=u:object_r:default_android_hwservice:s0 tclass=hwservice_manager permissive=0
07-03 19:12:28.877 14690 14690 D PredictionService: onRequestPredictionUpdate
07-03 19:12:28.878 14690 14690 D PredictionService: update predictions
07-03 19:12:28.878 25207 25207 I GoogleInputMethodService: GoogleInputMethodService.onFinishInput():3306 
07-03 19:12:28.880 25207 25207 I GoogleInputMethodService: GoogleInputMethodService.updateDeviceLockedStatus():2127 repeatCheckTimes = 0, locked = false
07-03 19:12:28.880 25207 25207 I GoogleInputMethodService: GoogleInputMethodService.onStartInput():1909 onStartInput(EditorInfo{inputType=0x0(NULL) imeOptions=0x0 privateImeOptions=null actionName=UNSPECIFIED actionLabel=null actionId=0 initialSelStart=-1 initialSelEnd=-1 initialCapsMode=0x0 hintText=null label=null packageName=com.android.launcher3 fieldId=-1 fieldName=null extras=null hintLocales=[]}, false)
07-03 19:12:28.880 25207 25207 I GoogleInputMethodService: GoogleInputMethodService.shouldHideHeaderOnInitialState():1990 ShouldHideHeaderOnInitialState = false
07-03 19:12:28.880 25207 25207 I GoogleInputMethodService: GoogleInputMethodService.updateDeviceLockedStatus():2127 repeatCheckTimes = 1, locked = false
07-03 19:12:28.885  1272  6584 D CompatibilityInfo: mCompatibilityFlags - 0
07-03 19:12:28.885  1272  6584 D CompatibilityInfo: applicationDensity - 420
07-03 19:12:28.885  1272  6584 D CompatibilityInfo: applicationScale - 1.0
07-03 19:12:28.886   560   560 E SELinux : avc:  denied  { find } for interface=vendor.qti.hardware.servicetracker::IServicetracker sid=u:r:system_server:s0 pid=1272 scontext=u:r:system_server:s0 tcontext=u:object_r:default_android_hwservice:s0 tclass=hwservice_manager permissive=0
07-03 19:12:28.892 27083 27083 D BoundBrokerSvc: onBind: Intent { act=com.google.android.gms.inappreach.service.START dat=chimera-action: cmp=com.google.android.gms/.chimera.GmsApiService }
07-03 19:12:28.893 27083 27083 D BoundBrokerSvc: Loading bound service for intent: Intent { act=com.google.android.gms.inappreach.service.START dat=chimera-action: cmp=com.google.android.gms/.chimera.GmsApiService }
07-03 19:12:29.682 25268 25461 W TaskMonitor: 1 tasks running slow
07-03 19:12:29.683 25268 25461 W TaskMonitor: 1 tasks running slow
07-03 19:12:29.683 25268 25461 W TaskMonitor: [Task=62062054] Slow task still running after 75s, operation queue size 0. celloTaskManagerImpl_50948573{not started,timedOut,delayMs=600000}
07-03 19:12:29.683 25268 25461 W TaskMonitor: [Task=62062054] Slow task still running after 75s, operation queue size 0. celloTaskManagerImpl_50948573{not started,timedOut,delayMs=600000}
07-03 19:12:29.694   779  7045 E ANDR-PERF-MPCTL: poll() has timed out for /sys/module/msm_performance/events/cpu_hotplug
07-03 19:12:29.695   779  7045 E ANDR-PERF-MPCTL: Block on poll()
07-03 19:12:32.130  1272  6584 I ActivityManager: Force stopping com.example.batterymanager_utility appid=10186 user=0: from pid 28362
07-03 19:12:32.131  1272  6584 I ActivityManager: Killing 28141:com.example.batterymanager_utility/u0a186 (adj 700): stop com.example.batterymanager_utility
07-03 19:12:32.133   560   560 E SELinux : avc:  denied  { find } for interface=vendor.qti.hardware.servicetracker::IServicetracker sid=u:r:system_server:s0 pid=1272 scontext=u:r:system_server:s0 tcontext=u:object_r:default_android_hwservice:s0 tclass=hwservice_manager permissive=0
07-03 19:12:32.133  1272  6584 W ActivityTaskManager: Force removing ActivityRecord{3acf9ff u0 com.example.batterymanager_utility/.MainActivity t562 f}: app died, no saved state
07-03 19:12:32.156  5388  5388 E PhoneInterfaceManager: [PhoneIntfMgr] getCarrierPackageNamesForIntent: No UICC
07-03 19:12:32.157  5388  5388 D CarrierSvcBindHelper: No carrier app for: 0
07-03 19:12:32.158  5388  5388 E PhoneInterfaceManager: [PhoneIntfMgr] getCarrierPackageNamesForIntent: No UICC
07-03 19:12:32.158  5388  5388 D CarrierSvcBindHelper: No carrier app for: 1
07-03 19:12:32.160  6139  6139 D RegisteredNfcFServicesCache: Service unchanged, not updating
07-03 19:12:32.173  1272  1346 W ActivityManager: setHasOverlayUi called on unknown pid: 28141
07-03 19:12:32.174   680   680 I Zygote  : Process 28141 exited due to signal 9 (Killed)
07-03 19:12:32.177  1272  1356 I libprocessgroup: Successfully killed process cgroup uid 10186 pid 28141 in 45ms
07-03 19:12:32.255   560   560 E SELinux : avc:  denied  { find } for interface=vendor.qti.hardware.servicetracker::IServicetracker sid=u:r:system_server:s0 pid=1272 scontext=u:r:system_server:s0 tcontext=u:object_r:default_android_hwservice:s0 tclass=hwservice_manager permissive=0
07-03 19:12:32.699   779  7045 E ANDR-PERF-MPCTL: poll() has timed out for /sys/module/msm_performance/events/cpu_hotplug
07-03 19:12:32.699   779  7045 E ANDR-PERF-MPCTL: Block on poll()
07-03 19:12:32.718 25268 25461 W TaskMonitor: 1 tasks running slow
07-03 19:12:32.718 25268 25461 W TaskMonitor: 1 tasks running slow
07-03 19:12:32.718 25268 25461 W TaskMonitor: [Task=62062054] Slow task still running after 78s, operation queue size 0. celloTaskManagerImpl_50948573{not started,timedOut,delayMs=600000}
07-03 19:12:32.719 25268 25461 W TaskMonitor: [Task=62062054] Slow task still running after 78s, operation queue size 0. celloTaskManagerImpl_50948573{not started,timedOut,delayMs=600000}
07-03 19:12:33.338   679  1256 I netd    : tetherGetStats() <8.93ms>
07-03 19:12:33.405   679  1256 I netd    : bandwidthSetGlobalAlert(2097152) <0.73ms>
07-03 19:12:33.933  6198  7527 D FileOperator: Mode change to WRITE_MODE!
07-03 19:12:35.275  1272  5191 D AlarmManagerService: Kernel timezone updated to -120 minutes west of GMT
07-03 19:12:35.703   779  7045 E ANDR-PERF-MPCTL: poll() has timed out for /sys/module/msm_performance/events/cpu_hotplug
07-03 19:12:35.704   779  7045 E ANDR-PERF-MPCTL: Block on poll()
07-03 19:12:35.716 25268 25461 W TaskMonitor: 1 tasks running slow
07-03 19:12:35.716 25268 25461 W TaskMonitor: 1 tasks running slow
07-03 19:12:35.716 25268 25461 W TaskMonitor: [Task=62062054] Slow task still running after 81s, operation queue size 0. celloTaskManagerImpl_50948573{not started,timedOut,delayMs=600000}
