--------- beginning of system
07-05 15:33:23.289   767  3064 I ActivityManager: START u0 {act=android.intent.action.MAIN cat=[android.intent.category.LAUNCHER] flg=0x10000000 cmp=com.example.batterymanager_utility/.MainActivity} from uid 2000
07-05 15:33:23.318   767  5302 I ActivityManager: Start proc 7199:com.example.batterymanager_utility/u0a111 for activity com.example.batterymanager_utility/.MainActivity
--------- beginning of main
07-05 15:33:23.318  7199  7199 I zygote64: Late-enabling -Xcheck:jni
07-05 15:33:23.346  3105  3118 V ClearcutMetricXmitter: Transmission is done.
07-05 15:33:23.416  2947  2947 I GsaVoiceInteractionSrv: Handling ACTION_STOP_HOTWORD
07-05 15:33:23.455  7199  7199 I BatteryMgr:App: creating notification channel
07-05 15:33:23.527  7199  7217 D OpenGLRenderer: HWUI GL Pipeline
07-05 15:33:23.702  7199  7199 W zygote64: Class androidx.compose.runtime.snapshots.SnapshotStateList failed lock verification and will run slower.
07-05 15:33:23.702  7199  7199 W zygote64: Common causes for lock verification issues are non-optimized dex code
07-05 15:33:23.702  7199  7199 W zygote64: and incorrect proguard optimizations.
07-05 15:33:23.706  7204  7204 D AndroidRuntime: >>>>>> START com.android.internal.os.RuntimeInit uid 2000 <<<<<<
07-05 15:33:23.819  7204  7204 D ICU     : Timezone override file found: /data/misc/zoneinfo/current/icu/icu_tzdata.dat
07-05 15:33:23.834  7199  7205 I zygote64: Do partial code cache collection, code=30KB, data=19KB
07-05 15:33:23.835  7199  7205 I zygote64: After code cache collection, code=30KB, data=19KB
07-05 15:33:23.835  7199  7205 I zygote64: Increasing code cache capacity to 128KB
07-05 15:33:23.838  7204  7204 I app_process: The ClassLoaderContext is a special shared library.
07-05 15:33:23.876  7204  7204 D AndroidRuntime: Calling main entry com.android.commands.monkey.Monkey
07-05 15:33:23.879  7204  7204 W Monkey  : args: [-p, e.www.displaytest, 1]
07-05 15:33:23.879  7204  7204 W Monkey  :  arg: "-p"
07-05 15:33:23.880  7204  7204 W Monkey  :  arg: "e.www.displaytest"
07-05 15:33:23.880  7204  7204 W Monkey  :  arg: "1"
07-05 15:33:23.880  7204  7204 W Monkey  : data="e.www.displaytest"
07-05 15:33:23.906   767   782 W BroadcastQueue: Skipping deliver [background] BroadcastRecord{d6de783 u-1 android.net.conn.CONNECTIVITY_CHANGE} to ReceiverList{6a7ad00 7204 (unknown name)/2000/u-1 remote:55e163d}: process gone or crashing
07-05 15:33:23.929   767  5302 I ActivityManager: START u0 {act=android.intent.action.MAIN cat=[android.intent.category.LAUNCHER] flg=0x10200000 cmp=e.www.displaytest/.MainActivity} from uid 2000
07-05 15:33:23.930   767  5302 W Binder  : Outgoing transactions from this process must be FLAG_ONEWAY
07-05 15:33:23.930   767  5302 W Binder  : java.lang.Throwable
07-05 15:33:23.930   767  5302 W Binder  : 	at android.os.BinderProxy.transact(Binder.java:752)
07-05 15:33:23.930   767  5302 W Binder  : 	at android.app.IActivityController$Stub$Proxy.activityStarting(IActivityController.java:172)
07-05 15:33:23.930   767  5302 W Binder  : 	at com.android.server.am.ActivityStarter.startActivity(ActivityStarter.java:449)
07-05 15:33:23.930   767  5302 W Binder  : 	at com.android.server.am.ActivityStarter.startActivityLocked(ActivityStarter.java:278)
07-05 15:33:23.930   767  5302 W Binder  : 	at com.android.server.am.ActivityStarter.startActivityMayWait(ActivityStarter.java:817)
07-05 15:33:23.930   767  5302 W Binder  : 	at com.android.server.am.ActivityManagerService.startActivityAsUser(ActivityManagerService.java:4532)
07-05 15:33:23.930   767  5302 W Binder  : 	at com.android.server.am.ActivityManagerService.startActivity(ActivityManagerService.java:4519)
07-05 15:33:23.930   767  5302 W Binder  : 	at android.app.IActivityManager$Stub.onTransact(IActivityManager.java:121)
07-05 15:33:23.930   767  5302 W Binder  : 	at com.android.server.am.ActivityManagerService.onTransact(ActivityManagerService.java:2919)
07-05 15:33:23.930   767  5302 W Binder  : 	at android.os.Binder.execTransact(Binder.java:697)
07-05 15:33:23.938  7199  7217 I Adreno  : QUALCOMM build                   : 8e59954, I0be83d0d26
07-05 15:33:23.938  7199  7217 I Adreno  : Build Date                       : 09/22/17
07-05 15:33:23.938  7199  7217 I Adreno  : OpenGL ES Shader Compiler Version: EV031.21.02.00
07-05 15:33:23.938  7199  7217 I Adreno  : Local Branch                     : O17A
07-05 15:33:23.938  7199  7217 I Adreno  : Remote Branch                    : 
07-05 15:33:23.938  7199  7217 I Adreno  : Remote Branch                    : 
07-05 15:33:23.938  7199  7217 I Adreno  : Reconstruct Branch               : 
07-05 15:33:23.938  7199  7217 D vndksupport: Loading /vendor/lib64/hw/gralloc.msm8992.so from current namespace instead of sphal namespace.
07-05 15:33:23.945  7204  7204 I Monkey  : Events injected: 1
07-05 15:33:23.951  7199  7217 I Adreno  : PFP: 0x00000000, ME: 0x00000000
07-05 15:33:23.955   362   362 W /system/bin/hwservicemanager: getTransport: Cannot find entry android.hardware.configstore@1.0::ISurfaceFlingerConfigs/default in either framework or device manifest.
07-05 15:33:23.957  7199  7217 I zygote64: android::hardware::configstore::V1_0::ISurfaceFlingerConfigs::hasWideColorDisplay retrieved: 0
07-05 15:33:23.958  7199  7217 I OpenGLRenderer: Initialized EGL, version 1.4
07-05 15:33:23.958  7199  7217 D OpenGLRenderer: Swap behavior 2
07-05 15:33:23.963  7204  7204 I Monkey  : ## Network stats: elapsed time=31ms (0ms mobile, 0ms wifi, 31ms not connected)
07-05 15:33:23.964  7204  7204 I com.android.commands.monkey: System.exit called, status: 0
07-05 15:33:23.964  7204  7204 I AndroidRuntime: VM exiting with result code 0.
07-05 15:33:23.968  7199  7199 D Compose Focus: Owner FocusChanged(true)
07-05 15:33:24.015   362   362 W /system/bin/hwservicemanager: getTransport: Cannot find entry android.hardware.graphics.mapper@2.0::IMapper/default in either framework or device manifest.
07-05 15:33:24.016  7199  7217 D vndksupport: Loading /vendor/lib64/hw/android.hardware.graphics.mapper@2.0-impl.so from current namespace instead of sphal namespace.
07-05 15:33:24.017  7199  7217 D vndksupport: Loading /vendor/lib64/hw/gralloc.msm8992.so from current namespace instead of sphal namespace.
07-05 15:33:24.050  1019  1019 I GoogleInputMethodService: GoogleInputMethodService.onFinishInput():3306 
07-05 15:33:24.051  1019  1019 I GoogleInputMethodService: GoogleInputMethodService.updateDeviceLockedStatus():2127 repeatCheckTimes = 0, locked = false
07-05 15:33:24.051  1019  1019 I GoogleInputMethodService: GoogleInputMethodService.onStartInput():1909 onStartInput(EditorInfo{inputType=0x0(NULL) imeOptions=0x0 privateImeOptions=null actionName=UNSPECIFIED actionLabel=null actionId=0 initialSelStart=-1 initialSelEnd=-1 initialCapsMode=0x0 hintText=null label=null packageName=com.example.batterymanager_utility fieldId=-1 fieldName=null extras=null hintLocales=[]}, false)
07-05 15:33:24.051  1019  1019 I GoogleInputMethodService: GoogleInputMethodService.shouldHideHeaderOnInitialState():1990 ShouldHideHeaderOnInitialState = false
07-05 15:33:24.052  1019  1019 I GoogleInputMethodService: GoogleInputMethodService.updateDeviceLockedStatus():2127 repeatCheckTimes = 1, locked = false
07-05 15:33:24.068   767   777 I ActivityManager: Start proc 7232:e.www.displaytest/u0a182 for activity e.www.displaytest/.MainActivity
07-05 15:33:24.070  7232  7232 I zygote64: Late-enabling -Xcheck:jni
07-05 15:33:24.292  7232  7232 I zygote64: Rejecting re-init on previously-failed class java.lang.Class<androidx.core.view.ViewCompat$2>: java.lang.NoClassDefFoundError: Failed resolution of: Landroid/view/View$OnUnhandledKeyEventListener;
07-05 15:33:24.292  7232  7232 I zygote64:   at void androidx.core.view.ViewCompat.setOnApplyWindowInsetsListener(android.view.View, androidx.core.view.OnApplyWindowInsetsListener) (ViewCompat.java:2436)
07-05 15:33:24.292  7232  7232 I zygote64:   at android.view.ViewGroup androidx.appcompat.app.AppCompatDelegateImpl.createSubDecor() (AppCompatDelegateImpl.java:779)
07-05 15:33:24.292  7232  7232 I zygote64:   at void androidx.appcompat.app.AppCompatDelegateImpl.ensureSubDecor() (AppCompatDelegateImpl.java:659)
07-05 15:33:24.292  7232  7232 I zygote64:   at void androidx.appcompat.app.AppCompatDelegateImpl.setContentView(int) (AppCompatDelegateImpl.java:552)
07-05 15:33:24.292  7232  7232 I zygote64:   at void androidx.appcompat.app.AppCompatActivity.setContentView(int) (AppCompatActivity.java:161)
07-05 15:33:24.292  7232  7232 I zygote64:   at void e.www.displaytest.MainActivity.onCreate(android.os.Bundle) (MainActivity.kt:15)
07-05 15:33:24.292  7232  7232 I zygote64:   at void android.app.Activity.performCreate(android.os.Bundle, android.os.PersistableBundle) (Activity.java:7009)
07-05 15:33:24.292  7232  7232 I zygote64:   at void android.app.Activity.performCreate(android.os.Bundle) (Activity.java:7000)
07-05 15:33:24.292  7232  7232 I zygote64:   at void android.app.Instrumentation.callActivityOnCreate(android.app.Activity, android.os.Bundle) (Instrumentation.java:1214)
07-05 15:33:24.292  7232  7232 I zygote64:   at android.app.Activity android.app.ActivityThread.performLaunchActivity(android.app.ActivityThread$ActivityClientRecord, android.content.Intent) (ActivityThread.java:2731)
07-05 15:33:24.292  7232  7232 I zygote64:   at void android.app.ActivityThread.handleLaunchActivity(android.app.ActivityThread$ActivityClientRecord, android.content.Intent, java.lang.String) (ActivityThread.java:2856)
07-05 15:33:24.292  7232  7232 I zygote64:   at void android.app.ActivityThread.-wrap11(android.app.ActivityThread, android.app.ActivityThread$ActivityClientRecord, android.content.Intent, java.lang.String) (ActivityThread.java:-1)
07-05 15:33:24.292  7232  7232 I zygote64:   at void android.app.ActivityThread$H.handleMessage(android.os.Message) (ActivityThread.java:1589)
07-05 15:33:24.292  7232  7232 I zygote64:   at void android.os.Handler.dispatchMessage(android.os.Message) (Handler.java:106)
07-05 15:33:24.292  7232  7232 I zygote64:   at void android.os.Looper.loop() (Looper.java:164)
07-05 15:33:24.292  7232  7232 I zygote64:   at void android.app.ActivityThread.main(java.lang.String[]) (ActivityThread.java:6494)
07-05 15:33:24.292  7232  7232 I zygote64:   at java.lang.Object java.lang.reflect.Method.invoke(java.lang.Object, java.lang.Object[]) (Method.java:-2)
07-05 15:33:24.292  7232  7232 I zygote64:   at void com.android.internal.os.RuntimeInit$MethodAndArgsCaller.run() (RuntimeInit.java:438)
07-05 15:33:24.292  7232  7232 I zygote64:   at void com.android.internal.os.ZygoteInit.main(java.lang.String[]) (ZygoteInit.java:807)
07-05 15:33:24.292  7232  7232 I zygote64: Caused by: java.lang.ClassNotFoundException: Didn't find class "android.view.View$OnUnhandledKeyEventListener" on path: DexPathList[[zip file "/data/app/e.www.displaytest--1dxOiV5PsKrZUaCjLlTtQ==/base.apk"],nativeLibraryDirectories=[/data/app/e.www.displaytest--1dxOiV5PsKrZUaCjLlTtQ==/lib/arm64, /system/lib64, /vendor/lib64]]
07-05 15:33:24.292  7232  7232 I zygote64:   at java.lang.Class dalvik.system.BaseDexClassLoader.findClass(java.lang.String) (BaseDexClassLoader.java:125)
07-05 15:33:24.292  7232  7232 I zygote64:   at java.lang.Class java.lang.ClassLoader.loadClass(java.lang.String, boolean) (ClassLoader.java:379)
07-05 15:33:24.292  7232  7232 I zygote64:   at java.lang.Class java.lang.ClassLoader.loadClass(java.lang.String) (ClassLoader.java:312)
07-05 15:33:24.292  7232  7232 I zygote64:   at void androidx.core.view.ViewCompat.setOnApplyWindowInsetsListener(android.view.View, androidx.core.view.OnApplyWindowInsetsListener) (ViewCompat.java:2436)
07-05 15:33:24.292  7232  7232 I zygote64:   at android.view.ViewGroup androidx.appcompat.app.AppCompatDelegateImpl.createSubDecor() (AppCompatDelegateImpl.java:779)
07-05 15:33:24.292  7232  7232 I zygote64:   at void androidx.appcompat.app.AppCompatDelegateImpl.ensureSubDecor() (AppCompatDelegateImpl.java:659)
07-05 15:33:24.292  7232  7232 I zygote64:   at void androidx.appcompat.app.AppCompatDelegateImpl.setContentView(int) (AppCompatDelegateImpl.java:552)
07-05 15:33:24.292  7232  7232 I zygote64:   at void androidx.appcompat.app.AppCompatActivity.setContentView(int) (AppCompatActivity.java:161)
07-05 15:33:24.292  7232  7232 I zygote64:   at void e.www.displaytest.MainActivity.onCreate(android.os.Bundle) (MainActivity.kt:15)
07-05 15:33:24.292  7232  7232 I zygote64:   at void android.app.Activity.performCreate(android.os.Bundle, android.os.PersistableBundle) (Activity.java:7009)
07-05 15:33:24.292  7232  7232 I zygote64:   at void android.app.Activity.performCreate(android.os.Bundle) (Activity.java:7000)
07-05 15:33:24.292  7232  7232 I zygote64:   at void android.app.Instrumentation.callActivityOnCreate(android.app.Activity, android.os.Bundle) (Instrumentation.java:1214)
07-05 15:33:24.292  7232  7232 I zygote64:   at android.app.Activity android.app.ActivityThread.performLaunchActivity(android.app.ActivityThread$ActivityClientRecord, android.content.Intent) (ActivityThread.java:2731)
07-05 15:33:24.292  7232  7232 I zygote64:   at void android.app.ActivityThread.handleLaunchActivity(android.app.ActivityThread$ActivityClientRecord, android.content.Intent, java.lang.String) (ActivityThread.java:2856)
07-05 15:33:24.292  7232  7232 I zygote64:   at void android.app.ActivityThread.-wrap11(android.app.ActivityThread, android.app.ActivityThread$ActivityClientRecord, android.content.Intent, java.lang.String) (ActivityThread.java:-1)
07-05 15:33:24.292  7232  7232 I zygote64:   at void android.app.ActivityThread$H.handleMessage(android.os.Message) (ActivityThread.java:1589)
07-05 15:33:24.292  7232  7232 I zygote64:   at void android.os.Handler.dispatchMessage(android.os.Message) (Handler.java:106)
07-05 15:33:24.292  7232  7232 I zygote64:   at void android.os.Looper.loop() (Looper.java:164)
07-05 15:33:24.292  7232  7232 I zygote64:   at void android.app.ActivityThread.main(java.lang.String[]) (ActivityThread.java:6494)
07-05 15:33:24.292  7232  7232 I zygote64:   at java.lang.Object java.lang.reflect.Method.invoke(java.lang.Object, java.lang.Object[]) (Method.java:-2)
07-05 15:33:24.292  7232  7232 I zygote64:   at void com.android.internal.os.RuntimeInit$MethodAndArgsCaller.run() (RuntimeInit.java:438)
07-05 15:33:24.292  7232  7232 I zygote64:   at void com.android.internal.os.ZygoteInit.main(java.lang.String[]) (ZygoteInit.java:807)
07-05 15:33:24.292  7232  7232 I zygote64: 
07-05 15:33:24.292  7232  7232 I zygote64: Rejecting re-init on previously-failed class java.lang.Class<androidx.core.view.ViewCompat$2>: java.lang.NoClassDefFoundError: Failed resolution of: Landroid/view/View$OnUnhandledKeyEventListener;
07-05 15:33:24.292  7232  7232 I zygote64:   at void androidx.core.view.ViewCompat.setOnApplyWindowInsetsListener(android.view.View, androidx.core.view.OnApplyWindowInsetsListener) (ViewCompat.java:2436)
07-05 15:33:24.293  7232  7232 I zygote64:   at android.view.ViewGroup androidx.appcompat.app.AppCompatDelegateImpl.createSubDecor() (AppCompatDelegateImpl.java:779)
07-05 15:33:24.293  7232  7232 I zygote64:   at void androidx.appcompat.app.AppCompatDelegateImpl.ensureSubDecor() (AppCompatDelegateImpl.java:659)
07-05 15:33:24.293  7232  7232 I zygote64:   at void androidx.appcompat.app.AppCompatDelegateImpl.setContentView(int) (AppCompatDelegateImpl.java:552)
07-05 15:33:24.293  7232  7232 I zygote64:   at void androidx.appcompat.app.AppCompatActivity.setContentView(int) (AppCompatActivity.java:161)
07-05 15:33:24.293  7232  7232 I zygote64:   at void e.www.displaytest.MainActivity.onCreate(android.os.Bundle) (MainActivity.kt:15)
07-05 15:33:24.293  7232  7232 I zygote64:   at void android.app.Activity.performCreate(android.os.Bundle, android.os.PersistableBundle) (Activity.java:7009)
07-05 15:33:24.293  7232  7232 I zygote64:   at void android.app.Activity.performCreate(android.os.Bundle) (Activity.java:7000)
07-05 15:33:24.293  7232  7232 I zygote64:   at void android.app.Instrumentation.callActivityOnCreate(android.app.Activity, android.os.Bundle) (Instrumentation.java:1214)
07-05 15:33:24.293  7232  7232 I zygote64:   at android.app.Activity android.app.ActivityThread.performLaunchActivity(android.app.ActivityThread$ActivityClientRecord, android.content.Intent) (ActivityThread.java:2731)
07-05 15:33:24.293  7232  7232 I zygote64:   at void android.app.ActivityThread.handleLaunchActivity(android.app.ActivityThread$ActivityClientRecord, android.content.Intent, java.lang.String) (ActivityThread.java:2856)
07-05 15:33:24.293  7232  7232 I zygote64:   at void android.app.ActivityThread.-wrap11(android.app.ActivityThread, android.app.ActivityThread$ActivityClientRecord, android.content.Intent, java.lang.String) (ActivityThread.java:-1)
07-05 15:33:24.293  7232  7232 I zygote64:   at void android.app.ActivityThread$H.handleMessage(android.os.Message) (ActivityThread.java:1589)
07-05 15:33:24.293  7232  7232 I zygote64:   at void android.os.Handler.dispatchMessage(android.os.Message) (Handler.java:106)
07-05 15:33:24.293  7232  7232 I zygote64:   at void android.os.Looper.loop() (Looper.java:164)
07-05 15:33:24.293  7232  7232 I zygote64:   at void android.app.ActivityThread.main(java.lang.String[]) (ActivityThread.java:6494)
07-05 15:33:24.293  7232  7232 I zygote64:   at java.lang.Object java.lang.reflect.Method.invoke(java.lang.Object, java.lang.Object[]) (Method.java:-2)
07-05 15:33:24.293  7232  7232 I zygote64:   at void com.android.internal.os.RuntimeInit$MethodAndArgsCaller.run() (RuntimeInit.java:438)
07-05 15:33:24.293  7232  7232 I zygote64:   at void com.android.internal.os.ZygoteInit.main(java.lang.String[]) (ZygoteInit.java:807)
07-05 15:33:24.293  7232  7232 I zygote64: Caused by: java.lang.ClassNotFoundException: Didn't find class "android.view.View$OnUnhandledKeyEventListener" on path: DexPathList[[zip file "/data/app/e.www.displaytest--1dxOiV5PsKrZUaCjLlTtQ==/base.apk"],nativeLibraryDirectories=[/data/app/e.www.displaytest--1dxOiV5PsKrZUaCjLlTtQ==/lib/arm64, /system/lib64, /vendor/lib64]]
07-05 15:33:24.293  7232  7232 I zygote64:   at java.lang.Class dalvik.system.BaseDexClassLoader.findClass(java.lang.String) (BaseDexClassLoader.java:125)
07-05 15:33:24.293  7232  7232 I zygote64:   at java.lang.Class java.lang.ClassLoader.loadClass(java.lang.String, boolean) (ClassLoader.java:379)
07-05 15:33:24.293  7232  7232 I zygote64:   at java.lang.Class java.lang.ClassLoader.loadClass(java.lang.String) (ClassLoader.java:312)
07-05 15:33:24.293  7232  7232 I zygote64:   at void androidx.core.view.ViewCompat.setOnApplyWindowInsetsListener(android.view.View, androidx.core.view.OnApplyWindowInsetsListener) (ViewCompat.java:2436)
07-05 15:33:24.293  7232  7232 I zygote64:   at android.view.ViewGroup androidx.appcompat.app.AppCompatDelegateImpl.createSubDecor() (AppCompatDelegateImpl.java:779)
07-05 15:33:24.293  7232  7232 I zygote64:   at void androidx.appcompat.app.AppCompatDelegateImpl.ensureSubDecor() (AppCompatDelegateImpl.java:659)
07-05 15:33:24.293  7232  7232 I zygote64:   at void androidx.appcompat.app.AppCompatDelegateImpl.setContentView(int) (AppCompatDelegateImpl.java:552)
07-05 15:33:24.293  7232  7232 I zygote64:   at void androidx.appcompat.app.AppCompatActivity.setContentView(int) (AppCompatActivity.java:161)
07-05 15:33:24.293  7232  7232 I zygote64:   at void e.www.displaytest.MainActivity.onCreate(android.os.Bundle) (MainActivity.kt:15)
07-05 15:33:24.293  7232  7232 I zygote64:   at void android.app.Activity.performCreate(android.os.Bundle, android.os.PersistableBundle) (Activity.java:7009)
07-05 15:33:24.293  7232  7232 I zygote64:   at void android.app.Activity.performCreate(android.os.Bundle) (Activity.java:7000)
07-05 15:33:24.293  7232  7232 I zygote64:   at void android.app.Instrumentation.callActivityOnCreate(android.app.Activity, android.os.Bundle) (Instrumentation.java:1214)
07-05 15:33:24.293  7232  7232 I zygote64:   at android.app.Activity android.app.ActivityThread.performLaunchActivity(android.app.ActivityThread$ActivityClientRecord, android.content.Intent) (ActivityThread.java:2731)
07-05 15:33:24.293  7232  7232 I zygote64:   at void android.app.ActivityThread.handleLaunchActivity(android.app.ActivityThread$ActivityClientRecord, android.content.Intent, java.lang.String) (ActivityThread.java:2856)
07-05 15:33:24.293  7232  7232 I zygote64:   at void android.app.ActivityThread.-wrap11(android.app.ActivityThread, android.app.ActivityThread$ActivityClientRecord, android.content.Intent, java.lang.String) (ActivityThread.java:-1)
07-05 15:33:24.293  7232  7232 I zygote64:   at void android.app.ActivityThread$H.handleMessage(android.os.Message) (ActivityThread.java:1589)
07-05 15:33:24.293  7232  7232 I zygote64:   at void android.os.Handler.dispatchMessage(android.os.Message) (Handler.java:106)
07-05 15:33:24.293  7232  7232 I zygote64:   at void android.os.Looper.loop() (Looper.java:164)
07-05 15:33:24.293  7232  7232 I zygote64:   at void android.app.ActivityThread.main(java.lang.String[]) (ActivityThread.java:6494)
07-05 15:33:24.293  7232  7232 I zygote64:   at java.lang.Object java.lang.reflect.Method.invoke(java.lang.Object, java.lang.Object[]) (Method.java:-2)
07-05 15:33:24.293  7232  7232 I zygote64:   at void com.android.internal.os.RuntimeInit$MethodAndArgsCaller.run() (RuntimeInit.java:438)
07-05 15:33:24.293  7232  7232 I zygote64:   at void com.android.internal.os.ZygoteInit.main(java.lang.String[]) (ZygoteInit.java:807)
07-05 15:33:24.293  7232  7232 I zygote64: 
07-05 15:33:24.293  7232  7232 I zygote64: Rejecting re-init on previously-failed class java.lang.Class<androidx.core.view.ViewCompat$2>: java.lang.NoClassDefFoundError: Failed resolution of: Landroid/view/View$OnUnhandledKeyEventListener;
07-05 15:33:24.293  7232  7232 I zygote64:   at void androidx.core.view.ViewCompat.setOnApplyWindowInsetsListener(android.view.View, androidx.core.view.OnApplyWindowInsetsListener) (ViewCompat.java:2436)
07-05 15:33:24.293  7232  7232 I zygote64:   at android.view.ViewGroup androidx.appcompat.app.AppCompatDelegateImpl.createSubDecor() (AppCompatDelegateImpl.java:779)
07-05 15:33:24.293  7232  7232 I zygote64:   at void androidx.appcompat.app.AppCompatDelegateImpl.ensureSubDecor() (AppCompatDelegateImpl.java:659)
07-05 15:33:24.293  7232  7232 I zygote64:   at void androidx.appcompat.app.AppCompatDelegateImpl.setContentView(int) (AppCompatDelegateImpl.java:552)
07-05 15:33:24.293  7232  7232 I zygote64:   at void androidx.appcompat.app.AppCompatActivity.setContentView(int) (AppCompatActivity.java:161)
07-05 15:33:24.293  7232  7232 I zygote64:   at void e.www.displaytest.MainActivity.onCreate(android.os.Bundle) (MainActivity.kt:15)
07-05 15:33:24.293  7232  7232 I zygote64:   at void android.app.Activity.performCreate(android.os.Bundle, android.os.PersistableBundle) (Activity.java:7009)
07-05 15:33:24.293  7232  7232 I zygote64:   at void android.app.Activity.performCreate(android.os.Bundle) (Activity.java:7000)
07-05 15:33:24.293  7232  7232 I zygote64:   at void android.app.Instrumentation.callActivityOnCreate(android.app.Activity, android.os.Bundle) (Instrumentation.java:1214)
07-05 15:33:24.293  7232  7232 I zygote64:   at android.app.Activity android.app.ActivityThread.performLaunchActivity(android.app.ActivityThread$ActivityClientRecord, android.content.Intent) (ActivityThread.java:2731)
07-05 15:33:24.293  7232  7232 I zygote64:   at void android.app.ActivityThread.handleLaunchActivity(android.app.ActivityThread$ActivityClientRecord, android.content.Intent, java.lang.String) (ActivityThread.java:2856)
07-05 15:33:24.293  7232  7232 I zygote64:   at void android.app.ActivityThread.-wrap11(android.app.ActivityThread, android.app.ActivityThread$ActivityClientRecord, android.content.Intent, java.lang.String) (ActivityThread.java:-1)
07-05 15:33:24.293  7232  7232 I zygote64:   at void android.app.ActivityThread$H.handleMessage(android.os.Message) (ActivityThread.java:1589)
07-05 15:33:24.293  7232  7232 I zygote64:   at void android.os.Handler.dispatchMessage(android.os.Message) (Handler.java:106)
07-05 15:33:24.293  7232  7232 I zygote64:   at void android.os.Looper.loop() (Looper.java:164)
07-05 15:33:24.293  7232  7232 I zygote64:   at void android.app.ActivityThread.main(java.lang.String[]) (ActivityThread.java:6494)
07-05 15:33:24.293  7232  7232 I zygote64:   at java.lang.Object java.lang.reflect.Method.invoke(java.lang.Object, java.lang.Object[]) (Method.java:-2)
07-05 15:33:24.293  7232  7232 I zygote64:   at void com.android.internal.os.RuntimeInit$MethodAndArgsCaller.run() (RuntimeInit.java:438)
07-05 15:33:24.293  7232  7232 I zygote64:   at void com.android.internal.os.ZygoteInit.main(java.lang.String[]) (ZygoteInit.java:807)
07-05 15:33:24.293  7232  7232 I zygote64: Caused by: java.lang.ClassNotFoundException: Didn't find class "android.view.View$OnUnhandledKeyEventListener" on path: DexPathList[[zip file "/data/app/e.www.displaytest--1dxOiV5PsKrZUaCjLlTtQ==/base.apk"],nativeLibraryDirectories=[/data/app/e.www.displaytest--1dxOiV5PsKrZUaCjLlTtQ==/lib/arm64, /system/lib64, /vendor/lib64]]
07-05 15:33:24.293  7232  7232 I zygote64:   at java.lang.Class dalvik.system.BaseDexClassLoader.findClass(java.lang.String) (BaseDexClassLoader.java:125)
07-05 15:33:24.293  7232  7232 I zygote64:   at java.lang.Class java.lang.ClassLoader.loadClass(java.lang.String, boolean) (ClassLoader.java:379)
07-05 15:33:24.293  7232  7232 I zygote64:   at java.lang.Class java.lang.ClassLoader.loadClass(java.lang.String) (ClassLoader.java:312)
07-05 15:33:24.293  7232  7232 I zygote64:   at void androidx.core.view.ViewCompat.setOnApplyWindowInsetsListener(android.view.View, androidx.core.view.OnApplyWindowInsetsListener) (ViewCompat.java:2436)
07-05 15:33:24.293  7232  7232 I zygote64:   at android.view.ViewGroup androidx.appcompat.app.AppCompatDelegateImpl.createSubDecor() (AppCompatDelegateImpl.java:779)
07-05 15:33:24.293  7232  7232 I zygote64:   at void androidx.appcompat.app.AppCompatDelegateImpl.ensureSubDecor() (AppCompatDelegateImpl.java:659)
07-05 15:33:24.293  7232  7232 I zygote64:   at void androidx.appcompat.app.AppCompatDelegateImpl.setContentView(int) (AppCompatDelegateImpl.java:552)
07-05 15:33:24.293  7232  7232 I zygote64:   at void androidx.appcompat.app.AppCompatActivity.setContentView(int) (AppCompatActivity.java:161)
07-05 15:33:24.293  7232  7232 I zygote64:   at void e.www.displaytest.MainActivity.onCreate(android.os.Bundle) (MainActivity.kt:15)
07-05 15:33:24.293  7232  7232 I zygote64:   at void android.app.Activity.performCreate(android.os.Bundle, android.os.PersistableBundle) (Activity.java:7009)
07-05 15:33:24.293  7232  7232 I zygote64:   at void android.app.Activity.performCreate(android.os.Bundle) (Activity.java:7000)
07-05 15:33:24.293  7232  7232 I zygote64:   at void android.app.Instrumentation.callActivityOnCreate(android.app.Activity, android.os.Bundle) (Instrumentation.java:1214)
07-05 15:33:24.293  7232  7232 I zygote64:   at android.app.Activity android.app.ActivityThread.performLaunchActivity(android.app.ActivityThread$ActivityClientRecord, android.content.Intent) (ActivityThread.java:2731)
07-05 15:33:24.293  7232  7232 I zygote64:   at void android.app.ActivityThread.handleLaunchActivity(android.app.ActivityThread$ActivityClientRecord, android.content.Intent, java.lang.String) (ActivityThread.java:2856)
07-05 15:33:24.293  7232  7232 I zygote64:   at void android.app.ActivityThread.-wrap11(android.app.ActivityThread, android.app.ActivityThread$ActivityClientRecord, android.content.Intent, java.lang.String) (ActivityThread.java:-1)
07-05 15:33:24.293  7232  7232 I zygote64:   at void android.app.ActivityThread$H.handleMessage(android.os.Message) (ActivityThread.java:1589)
07-05 15:33:24.293  7232  7232 I zygote64:   at void android.os.Handler.dispatchMessage(android.os.Message) (Handler.java:106)
07-05 15:33:24.293  7232  7232 I zygote64:   at void android.os.Looper.loop() (Looper.java:164)
07-05 15:33:24.293  7232  7232 I zygote64:   at void android.app.ActivityThread.main(java.lang.String[]) (ActivityThread.java:6494)
07-05 15:33:24.293  7232  7232 I zygote64:   at java.lang.Object java.lang.reflect.Method.invoke(java.lang.Object, java.lang.Object[]) (Method.java:-2)
07-05 15:33:24.293  7232  7232 I zygote64:   at void com.android.internal.os.RuntimeInit$MethodAndArgsCaller.run() (RuntimeInit.java:438)
07-05 15:33:24.293  7232  7232 I zygote64:   at void com.android.internal.os.ZygoteInit.main(java.lang.String[]) (ZygoteInit.java:807)
07-05 15:33:24.293  7232  7232 I zygote64: 
07-05 15:33:24.425  7232  7248 D OpenGLRenderer: HWUI GL Pipeline
07-05 15:33:24.469  7232  7248 I Adreno  : QUALCOMM build                   : 8e59954, I0be83d0d26
07-05 15:33:24.469  7232  7248 I Adreno  : Build Date                       : 09/22/17
07-05 15:33:24.469  7232  7248 I Adreno  : OpenGL ES Shader Compiler Version: EV031.21.02.00
07-05 15:33:24.469  7232  7248 I Adreno  : Local Branch                     : O17A
07-05 15:33:24.469  7232  7248 I Adreno  : Remote Branch                    : 
07-05 15:33:24.469  7232  7248 I Adreno  : Remote Branch                    : 
07-05 15:33:24.469  7232  7248 I Adreno  : Reconstruct Branch               : 
07-05 15:33:24.470  7232  7248 D vndksupport: Loading /vendor/lib64/hw/gralloc.msm8992.so from current namespace instead of sphal namespace.
07-05 15:33:24.517  7232  7248 I Adreno  : PFP: 0x00000000, ME: 0x00000000
07-05 15:33:24.522   362   362 W /system/bin/hwservicemanager: getTransport: Cannot find entry android.hardware.configstore@1.0::ISurfaceFlingerConfigs/default in either framework or device manifest.
07-05 15:33:24.524  7232  7248 I zygote64: android::hardware::configstore::V1_0::ISurfaceFlingerConfigs::hasWideColorDisplay retrieved: 0
07-05 15:33:24.526  7232  7248 I OpenGLRenderer: Initialized EGL, version 1.4
07-05 15:33:24.526  7232  7248 D OpenGLRenderer: Swap behavior 2
07-05 15:33:24.551   767  5302 I MediaFocusControl: requestAudioFocus() from uid/pid 10182/7232 clientId=android.media.AudioManager@5354cd3 callingPack=e.www.displaytest req=1 flags=0x0 sdk=28
07-05 15:33:24.574   578  1224 D NuPlayerDriver: NuPlayerDriver(0xf3a93100) created, clientPid(7232)
07-05 15:33:24.581   578  1363 D SurfaceUtils: connecting to surface 0xf21a3008, reason setVideoSurfaceTexture
07-05 15:33:24.582   578  7249 D NuPlayer: onSetVideoSurface(0xf21a3800, no video decoder)
07-05 15:33:24.585  6025  6200 D Avrcp   : AudioManager Player: ID:23 -- type:android.media.SoundPool -- u/pid:10042/1049 -- state:idle -- attr:AudioAttributes: usage=USAGE_ASSISTANCE_SONIFICATION content=CONTENT_TYPE_SONIFICATION flags=0x0 tags= bundle=null
07-05 15:33:24.585  6025  6200 D Avrcp   : AudioManager Player: ID:135 -- type:android.media.MediaPlayer -- u/pid:10182/7232 -- state:idle -- attr:AudioAttributes: usage=USAGE_MEDIA content=CONTENT_TYPE_MOVIE flags=0x0 tags= bundle=null
07-05 15:33:24.585  6025  6200 D Avrcp   : AudioManager Player: ID:15 -- type:android.media.SoundPool -- u/pid:1000/767 -- state:idle -- attr:AudioAttributes: usage=USAGE_ASSISTANCE_SONIFICATION content=CONTENT_TYPE_SONIFICATION flags=0x0 tags= bundle=null
07-05 15:33:24.585  6025  6200 D Avrcp   : AudioManager Player: ID:31 -- type:android.media.SoundPool -- u/pid:1027/3038 -- state:idle -- attr:AudioAttributes: usage=USAGE_NOTIFICATION content=CONTENT_TYPE_SONIFICATION flags=0x0 tags= bundle=null
07-05 15:33:24.585  6025  6200 D Avrcp   : AudioManager isPlaying: false
07-05 15:33:24.585  6025  6200 V Avrcp   : updatePlaybackState (1): 1➡0(PlaybackState {state=0, position=-1, buffered position=0, speed=0.0, updated=42859712, actions=0, custom actions=[], active item id=-1, error=null})
07-05 15:33:24.586  6025  6200 I Avrcp   : Skipping update due to invalid playback state
07-05 15:33:24.586  6025  6200 E Avrcp   : play status change 1➡0 mPlayStatusChangedNT: 1
07-05 15:33:24.586  6025  6200 E bt_btif : register_notification_rsp: Avrcp device is not connected, handle: 0x0
07-05 15:33:24.586  6025  6200 D Avrcp   : sendPlayPosNotificationRsp: Not registered or requesting.
07-05 15:33:24.588   578  7250 D GenericSource: FileSource remote
07-05 15:33:24.600   576  1144 I SampleTable: There are reordered frames present.
07-05 15:33:24.606   578  7249 D NuPlayerDriver: notifyListener_l(0xf3a93100), (5, 1280, 720, -1), loop setting(0, 0)
07-05 15:33:24.606   576  1144 D MediaBufferGroup: creating MemoryDealer
07-05 15:33:24.607   578  7249 D NuPlayerDriver: notifyListener_l(0xf3a93100), (1, 0, 0, -1), loop setting(0, 0)
07-05 15:33:24.666   362   362 W /system/bin/hwservicemanager: getTransport: Cannot find entry android.hardware.graphics.mapper@2.0::IMapper/default in either framework or device manifest.
07-05 15:33:24.667  7232  7248 D vndksupport: Loading /vendor/lib64/hw/android.hardware.graphics.mapper@2.0-impl.so from current namespace instead of sphal namespace.
07-05 15:33:24.668  7232  7248 D vndksupport: Loading /vendor/lib64/hw/gralloc.msm8992.so from current namespace instead of sphal namespace.
07-05 15:33:24.688  1019  1019 I GoogleInputMethodService: GoogleInputMethodService.onFinishInput():3306 
07-05 15:33:24.690  1019  1019 I GoogleInputMethodService: GoogleInputMethodService.updateDeviceLockedStatus():2127 repeatCheckTimes = 0, locked = false
07-05 15:33:24.690  1019  1019 I GoogleInputMethodService: GoogleInputMethodService.onStartInput():1909 onStartInput(EditorInfo{inputType=0x0(NULL) imeOptions=0x0 privateImeOptions=null actionName=UNSPECIFIED actionLabel=null actionId=0 initialSelStart=-1 initialSelEnd=-1 initialCapsMode=0x0 hintText=null label=null packageName=e.www.displaytest fieldId=2131165363 fieldName=null extras=null hintLocales=[]}, false)
07-05 15:33:24.690  1019  1019 I GoogleInputMethodService: GoogleInputMethodService.shouldHideHeaderOnInitialState():1990 ShouldHideHeaderOnInitialState = false
07-05 15:33:24.691  1019  1019 I GoogleInputMethodService: GoogleInputMethodService.updateDeviceLockedStatus():2127 repeatCheckTimes = 1, locked = false
07-05 15:33:24.697   767   792 I ActivityManager: Displayed e.www.displaytest/.MainActivity: +630ms (total +1s383ms)
07-05 15:33:24.700  7232  7232 D MediaPlayerNative: getMetadata
07-05 15:33:24.703   767  5261 V MediaRouterService: restoreBluetoothA2dp(false)
07-05 15:33:24.704   578   578 D NuPlayerDriver: start(0xf3a93100), state is 4, eos is 0
07-05 15:33:24.704  6025  6200 D Avrcp   : AudioManager Player: ID:23 -- type:android.media.SoundPool -- u/pid:10042/1049 -- state:idle -- attr:AudioAttributes: usage=USAGE_ASSISTANCE_SONIFICATION content=CONTENT_TYPE_SONIFICATION flags=0x0 tags= bundle=null
07-05 15:33:24.704  6025  6200 D Avrcp   : AudioManager Player: ID:135 -- type:android.media.MediaPlayer -- u/pid:10182/7232 -- state:started -- attr:AudioAttributes: usage=USAGE_MEDIA content=CONTENT_TYPE_MOVIE flags=0x0 tags= bundle=null
07-05 15:33:24.704  6025  6200 D Avrcp   : AudioManager isPlaying: true
07-05 15:33:24.704   578  7249 I GenericSource: start
07-05 15:33:24.704  6025  6200 V Avrcp   : updatePlaybackState (1): 0➡1(PlaybackState {state=3, position=-1, buffered position=0, speed=1.0, updated=42859831, actions=0, custom actions=[], active item id=-1, error=null})
07-05 15:33:24.704  6025  6200 V Avrcp   : Media update: id -1➡-1? [MediaAttributes: none] : [MediaAttributes: none]
07-05 15:33:24.704  6025  6200 V Avrcp   : Check if NowPlayingList is updated
07-05 15:33:24.704  6025  6200 E Avrcp   : play status change 0➡1 mPlayStatusChangedNT: 1
07-05 15:33:24.704  6025  6200 E bt_btif : register_notification_rsp: Avrcp device is not connected, handle: 0x0
07-05 15:33:24.704  6025  6200 D Avrcp   : sendPlayPosNotificationRsp: Not registered or requesting.
07-05 15:33:24.718   583  1352 I OMXMaster: makeComponentInstance(OMX.qcom.video.decoder.avc) in android.hardwar process
07-05 15:33:24.844   583  1352 I OMX-VDEC-1080P: component_init: OMX.qcom.video.decoder.avc : fd=7
07-05 15:33:24.845   583  1352 I OMX-VDEC-1080P: Capabilities: driver_name = msm_vidc_driver, card = msm_vdec_8974, bus_info = , version = 1, capabilities = 4003000
07-05 15:33:24.851   583  1352 I OMX-VDEC-1080P: Enabling default extradata for OMX.qcom.video.decoder.avc
07-05 15:33:24.858   583  1352 I OMX-VDEC-1080P: omx_vdec::component_init() success : fd=7
07-05 15:33:24.858   583  1547 I OMXMaster: makeComponentInstance(OMX.google.aac.decoder) in android.hardwar process
07-05 15:33:24.860   578  7254 D SurfaceUtils: disconnecting from surface 0xf21a3808, reason onConfigure
07-05 15:33:24.860   578  7255 D SurfaceUtils: connecting to surface 0xf21a3808, reason connectToSurface
07-05 15:33:24.861   578  7255 I MediaCodec: [OMX.qcom.video.decoder.avc] setting surface generation to 591875
07-05 15:33:24.861   578  7255 D SurfaceUtils: disconnecting from surface 0xf21a3808, reason connectToSurface(reconnect)
07-05 15:33:24.861   578  7255 D SurfaceUtils: connecting to surface 0xf21a3808, reason connectToSurface(reconnect)
07-05 15:33:24.865   583  1170 E OMX-VDEC-1080P: Enable/Disable allocate-native-handle allowed only on input port!
07-05 15:33:24.865   583  1170 E OMX-VDEC-1080P: set_parameter: Error: 0x80001019, setting param 0x7f000045
07-05 15:33:24.865   583  1170 E OMXNodeInstance: setParameter(0xe6630304:qcom.decoder.avc, OMX.google.android.index.allocateNativeHandle(0x7f000045): Output:1 en=0) ERROR: UnsupportedSetting(0x80001019)
07-05 15:33:24.865   583  1170 E OMX-VDEC-1080P: Extension: OMX.google.android.index.storeANWBufferInMetadata not implemented
07-05 15:33:24.866   583   583 E OMXNodeInstance: setConfig(0xe6a8c240:google.aac.decoder, ConfigPriority(0x6f800002)) ERROR: Undefined(0x80001001)
07-05 15:33:24.866   578  7258 I ACodec  : codec does not support config priority (err -2147483648)
07-05 15:33:24.867   583   583 E OMXNodeInstance: getConfig(0xe6a8c240:google.aac.decoder, ConfigAndroidVendorExtension(0x6f100004)) ERROR: Undefined(0x80001001)
07-05 15:33:24.868   578  7258 I MediaCodec: MediaCodec will operate in async mode
07-05 15:33:24.876   583   654 E OMX-VDEC-1080P: Extension: OMX.google.android.index.describeColorAspects not implemented
07-05 15:33:24.877   583  5376 E OMX-VDEC-1080P: Extension: OMX.google.android.index.describeHDRStaticInfo not implemented
07-05 15:33:24.878   583   583 E OMX-VDEC-1080P: Extension: OMX.google.android.index.storeANWBufferInMetadata not implemented
07-05 15:33:24.878   583   583 E OMX-VDEC-1080P: Extension: OMX.google.android.index.configureVideoTunnelMode not implemented
07-05 15:33:24.878   583   583 E OMX-VDEC-1080P: Extension: OMX.google.android.index.useAndroidNativeBuffer is supported
07-05 15:33:24.878   583   583 E OMX-VDEC-1080P: get_config: unknown param 1863319556
07-05 15:33:24.878   583   583 E OMXNodeInstance: getConfig(0xe6630304:qcom.decoder.avc, ConfigAndroidVendorExtension(0x6f100004)) ERROR: BadParameter(0x80001005)
07-05 15:33:24.882   578  7255 I MediaCodec: MediaCodec will operate in async mode
07-05 15:33:24.887   583  7266 I SoftAAC2: Reconfiguring decoder: 0->48000 Hz, 0->2 channels
07-05 15:33:24.887  3105  3105 I A       : GEL#onSaveInstanceState
07-05 15:33:24.902   578  7253 D AudioTrack: Client defaulted notificationFrames to 12000 for frameCount 24000
07-05 15:33:24.906   414   414 W /system/bin/hw/android.hidl.allocator@1.0-service: ashmem_create_region(7680) returning hidl_memory(0x72a382b310, 7680)
07-05 15:33:24.908   414   414 W /system/bin/hw/android.hidl.allocator@1.0-service: ashmem_create_region(7680) returning hidl_memory(0x72a382b310, 7680)
07-05 15:33:24.909   564  6507 W AudioFlinger: moveEffectChain_l() effect chain for session 0 not on source thread 0xf1283600
07-05 15:33:24.910   583  5376 E OMX-VDEC-1080P: Extension: OMX.google.android.index.AndroidNativeBufferConsumerUsage not implemented
07-05 15:33:24.910   578  7249 D NuPlayerDriver: notifyListener_l(0xf3a93100), (6, 0, 0, -1), loop setting(0, 0)
07-05 15:33:24.911   578  7256 D SurfaceUtils: set up nativeWindow 0xf21a3808 for 1280x720, color 0x7fa30c04, rotation 0, usage 0x42002900
07-05 15:33:24.911   564   727 E volume_listener: check_and_set_gain_dep_cal: Failed to set gain dep cal level
07-05 15:33:24.913   564  5378 D audio_route: Apply path: speaker-protected
07-05 15:33:24.921   564  5378 D audio_hw_primary: enable_snd_device: snd_device(95: vi-feedback)
07-05 15:33:24.921   564  5378 D audio_route: Apply path: vi-feedback
07-05 15:33:24.921   564  5378 D audio_hw_primary: enable_audio_route: usecase(24) apply and update mixer path: spkr-vi-record
07-05 15:33:24.921   564  5378 D audio_route: Apply path: spkr-vi-record
07-05 15:33:24.924   426  1684 W GrallocMapperPassthrough: buffer descriptor with invalid usage bits 0x2002000
07-05 15:33:24.927   426   463 W GrallocMapperPassthrough: buffer descriptor with invalid usage bits 0x2002000
07-05 15:33:24.931   426   462 W GrallocMapperPassthrough: buffer descriptor with invalid usage bits 0x2002000
07-05 15:33:24.935   426   797 W GrallocMapperPassthrough: buffer descriptor with invalid usage bits 0x2002000
07-05 15:33:24.942   426   463 E SurfaceFlinger: Failed to find layer (com.example.batterymanager_utility/com.example.batterymanager_utility.MainActivity#0) in layer parent (no-parent).
07-05 15:33:24.949   564  5378 D audio_hw_primary: enable_audio_route: usecase(0) apply and update mixer path: deep-buffer-playback
07-05 15:33:24.949   564  5378 D audio_route: Apply path: deep-buffer-playback
07-05 15:33:24.955   583  1170 E OMX-VDEC-1080P: Extension: OMX.google.android.index.AndroidNativeBufferConsumerUsage not implemented
07-05 15:33:24.956   578  7256 D SurfaceUtils: set up nativeWindow 0xf21a3808 for 1280x720, color 0x7fa30c04, rotation 0, usage 0x42002900
07-05 15:33:24.975   426   462 W GrallocMapperPassthrough: buffer descriptor with invalid usage bits 0x2002000
07-05 15:33:24.984   426   797 W GrallocMapperPassthrough: buffer descriptor with invalid usage bits 0x2002000
07-05 15:33:24.987   564  5378 E msm8974_platform: ramp_speaker_gain: Could not get ctl for mixer cmd - Left Speaker Gain or Right Speaker Gain, not applying speaker gain ramp
07-05 15:33:24.988   564  5378 D audio_hw_primary: out_write: retry previous failed cal level set
07-05 15:33:24.989   564  5378 W msm8974_platform: platform_send_gain_dep_cal: Usecase list is empty
07-05 15:33:25.004   578  7249 D NuPlayerDriver: notifyListener_l(0xf3a93100), (5, 1280, 720, -1), loop setting(0, 0)
07-05 15:33:25.004   426   463 W GrallocMapperPassthrough: buffer descriptor with invalid usage bits 0x2002000
07-05 15:33:25.004   578  7249 D NuPlayerDriver: notifyListener_l(0xf3a93100), (200, 3, 0, -1), loop setting(0, 0)
07-05 15:33:25.005  7232  7245 W MediaPlayerNative: info/warning (3, 0)
07-05 15:33:25.008   426   426 I Adreno  : Invalid colorspace 0
07-05 15:33:25.014   578  7253 I NuPlayerRenderer: possible video time jump of 0ms (100100 : 0) or uninitialized media clock, retrying in 100ms
07-05 15:33:25.078   564   727 D AudioFlinger: mixer(0xf0003440) throttle end: throttle time(52)
07-05 15:33:25.114   578  7253 I NuPlayerRenderer: possible video time jump of 0ms (100100 : 0) or uninitialized media clock, retrying in 100ms
07-05 15:33:25.169   767  6676 I OpenGLRenderer: Initialized EGL, version 1.4
07-05 15:33:25.169   767  6676 D OpenGLRenderer: Swap behavior 2
07-05 15:33:25.217   426  3124 W GrallocMapperPassthrough: buffer descriptor with invalid usage bits 0x2002000
07-05 15:33:25.224   426   426 I Adreno  : Invalid colorspace 0
07-05 15:33:25.357   426   426 I chatty  : uid=1000(system) /system/bin/surfaceflinger identical 5 lines
07-05 15:33:25.491   426   426 I Adreno  : Invalid colorspace 0
07-05 15:33:25.571  7199  7199 I BatteryMgr:DataCollectionService: onStartCommand: begin
07-05 15:33:25.571  7199  7199 I BatteryMgr:DataCollectionService: onStartCommand: sampleRate => 10
07-05 15:33:25.572  7199  7199 I BatteryMgr:DataCollectionService: onStartCommand: rawFields => Timestamp,BATTERY_PROPERTY_CURRENT_NOW,EXTRA_VOLTAGE
07-05 15:33:25.575  7199  7199 I BatteryMgr:DataCollectionService: onStartCommand: notification done
07-05 15:33:25.578  7199  7199 I BatteryMgr:DataCollectionService: started foreground
07-05 15:33:25.581   767   782 E NotificationService: Suppressing notification from package by user request.
07-05 15:33:25.597  7199  7294 I BatteryMgr:DataCollectionService: collectData: begin
07-05 15:33:25.602  7199  7294 I BatteryMgr:DataCollectionService: stats => 1688585605602,-107726,4247
07-05 15:33:25.618  7199  7294 I BatteryMgr:DataCollectionService: stats => 1688585605618,-107726,4247
07-05 15:33:25.634  7199  7294 I BatteryMgr:DataCollectionService: stats => 1688585605634,-107726,4247
07-05 15:33:25.652  7199  7294 I BatteryMgr:DataCollectionService: stats => 1688585605652,-107726,4247
07-05 15:33:25.667  7199  7294 I BatteryMgr:DataCollectionService: stats => 1688585605667,-107726,4247
07-05 15:33:25.682  7199  7294 I BatteryMgr:DataCollectionService: stats => 1688585605682,-107726,4247
07-05 15:33:25.698  7199  7294 I BatteryMgr:DataCollectionService: stats => 1688585605698,-107726,4247
07-05 15:33:25.713  7199  7294 I BatteryMgr:DataCollectionService: stats => 1688585605713,-107726,4247
07-05 15:33:25.730  7199  7294 I BatteryMgr:DataCollectionService: stats => 1688585605730,-107726,4247
07-05 15:33:25.744  7199  7294 I BatteryMgr:DataCollectionService: stats => 1688585605744,-107726,4247
07-05 15:33:25.761  7199  7294 I BatteryMgr:DataCollectionService: stats => 1688585605761,-107726,4247
07-05 15:33:25.776  7199  7294 I BatteryMgr:DataCollectionService: stats => 1688585605776,-107726,4247
07-05 15:33:25.792  7199  7294 I BatteryMgr:DataCollectionService: stats => 1688585605792,-107726,4247
07-05 15:33:25.808  7199  7294 I BatteryMgr:DataCollectionService: stats => 1688585605808,-107726,4247
07-05 15:33:25.827  7199  7294 I BatteryMgr:DataCollectionService: stats => 1688585605827,-107726,4247
07-05 15:33:25.844  7199  7294 I BatteryMgr:DataCollectionService: stats => 1688585605844,-107726,4247
07-05 15:33:25.869  7199  7294 I BatteryMgr:DataCollectionService: stats => 1688585605869,-107726,4247
07-05 15:33:25.888  7199  7294 I BatteryMgr:DataCollectionService: stats => 1688585605888,-107726,4247
07-05 15:33:25.911  7199  7294 I BatteryMgr:DataCollectionService: stats => 1688585605911,-107726,4247
07-05 15:33:25.935  7199  7294 I BatteryMgr:DataCollectionService: stats => 1688585605935,-107726,4247
07-05 15:33:25.960  7199  7294 I BatteryMgr:DataCollectionService: stats => 1688585605959,-107726,4247
07-05 15:33:25.981  7199  7294 I BatteryMgr:DataCollectionService: stats => 1688585605981,-107726,4247
07-05 15:33:26.002  7199  7294 I BatteryMgr:DataCollectionService: stats => 1688585606001,-107726,4247
07-05 15:33:26.022  7199  7294 I BatteryMgr:DataCollectionService: stats => 1688585606020,-107726,4247
07-05 15:33:26.040  7199  7294 I BatteryMgr:DataCollectionService: stats => 1688585606040,-107726,4247
07-05 15:33:26.059  7199  7294 I BatteryMgr:DataCollectionService: stats => 1688585606059,-107726,4247
07-05 15:33:26.078  7199  7294 I BatteryMgr:DataCollectionService: stats => 1688585606078,-107726,4247
07-05 15:33:26.097  7199  7294 I BatteryMgr:DataCollectionService: stats => 1688585606097,-107726,4247
07-05 15:33:26.115  7199  7294 I BatteryMgr:DataCollectionService: stats => 1688585606115,-107726,4247
07-05 15:33:26.136  7199  7294 I BatteryMgr:DataCollectionService: stats => 1688585606136,-107726,4247
07-05 15:33:26.163  7199  7294 I BatteryMgr:DataCollectionService: stats => 1688585606163,-107726,4247
07-05 15:33:26.186  7199  7294 I BatteryMgr:DataCollectionService: stats => 1688585606185,-107726,4247
07-05 15:33:26.206  7199  7294 I BatteryMgr:DataCollectionService: stats => 1688585606206,-107726,4247
07-05 15:33:26.228  7199  7294 I BatteryMgr:DataCollectionService: stats => 1688585606227,-107726,4247
07-05 15:33:26.249  7199  7294 I BatteryMgr:DataCollectionService: stats => 1688585606249,-107726,4247
07-05 15:33:26.273  7199  7294 I BatteryMgr:DataCollectionService: stats => 1688585606272,-107726,4247
07-05 15:33:26.294  7199  7294 I BatteryMgr:DataCollectionService: stats => 1688585606293,-107726,4247
07-05 15:33:26.311  7199  7294 I BatteryMgr:DataCollectionService: stats => 1688585606310,-107726,4247
07-05 15:33:26.327  7199  7294 I BatteryMgr:DataCollectionService: stats => 1688585606327,-107726,4247
07-05 15:33:26.344  7199  7294 I BatteryMgr:DataCollectionService: stats => 1688585606344,-107726,4247
07-05 15:33:26.361  7199  7294 I BatteryMgr:DataCollectionService: stats => 1688585606360,-107726,4247
07-05 15:33:26.377  7199  7294 I BatteryMgr:DataCollectionService: stats => 1688585606377,-107726,4247
07-05 15:33:26.396  7199  7294 I BatteryMgr:DataCollectionService: stats => 1688585606396,-107726,4247
07-05 15:33:26.413  7199  7294 I BatteryMgr:DataCollectionService: stats => 1688585606413,-107726,4247
07-05 15:33:26.430  7199  7294 I BatteryMgr:DataCollectionService: stats => 1688585606430,-107726,4247
07-05 15:33:26.450  7199  7294 I BatteryMgr:DataCollectionService: stats => 1688585606450,-107726,4247
07-05 15:33:26.469  7199  7294 I BatteryMgr:DataCollectionService: stats => 1688585606469,-107726,4247
07-05 15:33:26.494  7199  7294 I BatteryMgr:DataCollectionService: stats => 1688585606492,-107726,4247
07-05 15:33:26.518  7199  7294 I BatteryMgr:DataCollectionService: stats => 1688585606518,-107726,4247
07-05 15:33:26.541  7199  7294 I BatteryMgr:DataCollectionService: stats => 1688585606541,-107726,4247
07-05 15:33:26.565  7199  7294 I BatteryMgr:DataCollectionService: stats => 1688585606565,-107726,4247
07-05 15:33:26.583  7199  7294 I BatteryMgr:DataCollectionService: stats => 1688585606583,-107726,4247
