06-12 02:22:33.370  5000 11869 V MediaPlayerService: st_uid  = 1000
06-12 02:22:33.370  5000 11869 V MediaPlayerService: st_gid  = 1000
06-12 02:22:33.370  5000 11869 V MediaPlayerService: st_size = 63859823
06-12 02:22:33.370  5000 11869 V MediaPlayerService: player type = 4
06-12 02:22:33.370  5000 11869 D NuPlayerDriver: NuPlayerDriver(0xe89f13c0) created, clientPid(28506)
06-12 02:22:33.374  5000 11869 V AudioSink: AudioOutput(833)
06-12 02:22:33.374  5000 11869 V NuPlayerDriver: setDataSource(0xe89f13c0) file(8)
06-12 02:22:33.374  5000 11869 V NuPlayer: setDataSourceAsync fd 8/84324/57544796 source: 0xe82291c0
06-12 02:22:33.374  5000 28626 V NuPlayer: kWhatSetAudioSink
06-12 02:22:33.374  5000 28626 V NuPlayer: kWhatSetDataSource
06-12 02:22:33.374  5000 11869 V NuPlayerDriver: getDefaultBufferingSettings(0xe89f13c0)
06-12 02:22:33.375  5000 28626 V NuPlayer: kWhatGetDefaultBufferingSettings
06-12 02:22:33.375  5000 11869 V MediaPlayerService: [72] getDefaultBufferingSettings{initialMode(1), rebufferingMode(3), initialMarks(5000 ms, -1 KB), rebufferingMarks(2000, 15000)ms, (40, 200)KB}
06-12 02:22:33.376 28506 28506 V MediaPlayerNative: setVideoSurfaceTexture
06-12 02:22:33.376  5000 11869 V MediaPlayerService: [72] setVideoSurfaceTexture(0xe893d600)
06-12 02:22:33.376  5000 11869 V Surface : sf_framedrop debug : 0x4f4c, game : false, logging : 0
06-12 02:22:33.376  5000 11869 D SurfaceUtils: connecting to surface 0xea3fa008, reason setVideoSurfaceTexture
06-12 02:22:33.377  5000 11869 V NuPlayerDriver: setVideoSurfaceTexture(0xe89f13c0)
06-12 02:22:33.377  5000 11869 V Surface : sf_framedrop debug : 0x4f4c, game : false, logging : 0
06-12 02:22:33.377  5000 28626 D NuPlayer: onSetVideoSurface(0xea3e1800, no video decoder)
06-12 02:22:33.377  5000 28626 V NuPlayer: performSetSurface
06-12 02:22:33.377  5000 28626 V NuPlayerDriver: notifySetSurfaceComplete(0xe89f13c0)
06-12 02:22:33.378  5002  5056 I RemoteDisplayService: There is no RemoteDisplay
06-12 02:22:33.380 28506 28506 V MediaPlayer-JNI: setParameter: key 1400
06-12 02:22:33.381 28506 28506 V MediaPlayerNative: MediaPlayer::setParameter(1400)
06-12 02:22:33.381  5000 11869 V MediaPlayerService: [72] setParameter(1400)
06-12 02:22:33.381  5000 11869 V MediaPlayerService: setAudioAttributes_l() usage=1 content=3 flags=0x0 tags=
06-12 02:22:33.381 28506 28506 V MediaPlayer-JNI: setAudioStreamType: 3
06-12 02:22:33.381 28506 28506 V MediaPlayerNative: MediaPlayer::setAudioStreamType
06-12 02:22:33.382 28506 28506 V MediaPlayerNative: setVideoSurfaceTexture
06-12 02:22:33.382  5000 11869 V MediaPlayerService: [72] setVideoSurfaceTexture(0xe898b0a0)
06-12 02:22:33.382 28506 28506 V MediaPlayerNative: prepareAsync
06-12 02:22:33.383  5000 11869 V MediaPlayerService: [72] setParameter(1400)
06-12 02:22:33.383  5000 11869 V MediaPlayerService: setAudioAttributes_l() usage=1 content=3 flags=0x0 tags=
06-12 02:22:33.383  5000 11869 V MediaPlayerService: [72] prepareAsync
06-12 02:22:33.383  5000 11869 V NuPlayerDriver: prepareAsync(0xe89f13c0)
06-12 02:22:33.383  5000 11869 V NuPlayer: prepareAsync
06-12 02:22:33.384  5000 28626 V NuPlayer: onMessageReceived kWhatPrepare
06-12 02:22:33.384  5000 28626 I MediaMonitor: MediaMonitor()
06-12 02:22:33.386  4991  4991 E SEC_DRM_PLUGIN_Omafl: OmaPlugin::onOpenDecryptSession(fd)::Drm2IsDrmFileByExtFd::file is NOT DRM by extension
06-12 02:22:33.387  5000 28628 D GenericSource: FileSource remote
06-12 02:22:33.404  4996  5757 I SampleTable: There are reordered frames present.
06-12 02:22:33.406  5000 28628 I BpMediaExtractor: Slow/Fast motion Video SEF Info = DEFAULT, playType = 1
06-12 02:22:33.406  4996  5757 I MPEG4Extractor: setSlowFastInfo, playType: 1
06-12 02:22:33.407  5000 28628 I AnotherPacketSource: setFormat() video
06-12 02:22:33.409  5000 28628 I AnotherPacketSource: setFormat() audio
06-12 02:22:33.409  5000 28626 V NuPlayer: updateVideoSize
06-12 02:22:33.409  5000 28626 V NuPlayer: Video input format 1280 x 720
06-12 02:22:33.409  5000 28626 V NuPlayer: Video display width and height are overridden to 1280 x 720
06-12 02:22:33.409  4996  5757 D MediaBufferGroup: creating MemoryDealer
06-12 02:22:33.409  5000 28626 V NuPlayer: msg : 5, ext1 : 1280, ext2 : 720
06-12 02:22:33.409  5000 28626 D NuPlayerDriver: notifyListener_l(0xe89f13c0), (5, 1280, 720, -1), loop setting(0, 0)
06-12 02:22:33.409  5000 28626 V MediaPlayerService: [72] notify (5, 1280, 720)
06-12 02:22:33.410  5000 28626 V NuPlayer: onSourceNotify() kWhatFlagsChanged  FLAG_CAN_PAUSE: 1  FLAG_CAN_SEEK_BACKWARD: 1 
06-12 02:22:33.410  5000 28626 V NuPlayer: 				 FLAG_CAN_SEEK_FORWARD: 1  FLAG_CAN_SEEK: 1  FLAG_DYNAMIC_DURATION: 0 
06-12 02:22:33.410  5000 28626 V NuPlayer: 				 FLAG_SECURE: 0  FLAG_PROTECTED: 0
06-12 02:22:33.410 28506 28538 V MediaPlayerNative: message received msg=5, ext1=1280, ext2=720
06-12 02:22:33.410 28506 28538 V MediaPlayerNative: New video size 1280 x 720
06-12 02:22:33.410 28506 28538 V MediaPlayerNative: callback application
06-12 02:22:33.410  4996  5757 D MediaBufferGroup: creating MemoryDealer
06-12 02:22:33.410 28506 28538 V MediaPlayerNative: back from callback
06-12 02:22:33.410 28506 28506 V MediaPlayerNative: getVideoWidth
06-12 02:22:33.410 28506 28506 V MediaPlayer-JNI: getVideoWidth: 1280
06-12 02:22:33.410 28506 28506 V MediaPlayerNative: getVideoHeight
06-12 02:22:33.411 28506 28506 V MediaPlayer-JNI: getVideoHeight: 720
06-12 02:22:33.411  5000 28628 I GenericSource: make VideoTrackReader
06-12 02:22:33.411  5000 28628 V NuPlayer: Source::notifyPrepared 0
06-12 02:22:33.412  5000 28626 V NuPlayer: NuPlayer::onSourceNotify Source::kWhatPrepared source: 0xe82291c0
06-12 02:22:33.412  5000 28626 V NuPlayer: extractMetadata Tracks : 2
06-12 02:22:33.413  5000 28626 V NuPlayer: frameRate 30
06-12 02:22:33.413  5000 28626 V NuPlayer: checkForIFrameInterval - kKeyIframeAvgInterval 2369035
06-12 02:22:33.413  5000 28626 V NuPlayer: checkForIFrameInterval - displayWidth 1280
06-12 02:22:33.413  5000 28626 V NuPlayer: checkForIFrameInterval - displayHeight 720
06-12 02:22:33.413  5000 28626 V NuPlayer: enableInbandTextFromExtr
06-12 02:22:33.414  5000 28626 V NuPlayerDriver: notifyPrepareCompleted 0
06-12 02:22:33.414  5000 28626 D NuPlayerDriver: notifyListener_l(0xe89f13c0), (1, 0, 0, -1), loop setting(0, 0)
06-12 02:22:33.414  5000 28626 V MediaPlayerService: [72] notify (1, 0, 0)
06-12 02:22:33.414 28506 28538 V MediaPlayerNative: message received msg=1, ext1=0, ext2=0
06-12 02:22:33.414 28506 28538 V MediaPlayerNative: MediaPlayer::notify() prepared
06-12 02:22:33.414 28506 28538 V MediaPlayerNative: callback application
06-12 02:22:33.414 28506 28538 V MediaPlayerNative: back from callback
06-12 02:22:33.424 28506 28506 V MediaPlayerNative: invoke 68
06-12 02:22:33.425  5000 11869 I MediaPlayerService: Client::invoke requestID=1
06-12 02:22:33.425  5000 11869 V NuPlayer: getTrackInfo
06-12 02:22:33.426  5000 28626 W NuPlayer: no name
06-12 02:22:33.428 28506 28506 D MediaPlayerNative: getMetadata
06-12 02:22:33.429 28506 28506 V MediaPlayer-JNI: setVolume: left 0.000000  right 0.000000
06-12 02:22:33.429 28506 28506 V MediaPlayerNative: MediaPlayer::setVolume(0.000000, 0.000000)
06-12 02:22:33.430  5000 11869 V MediaPlayerService: [72] setVolume(0.000000, 0.000000)
06-12 02:22:33.430  5000 11869 V AudioSink: setVolume(0.000000, 0.000000)
06-12 02:22:33.430 28506 28506 V MediaPlayerNative: getVideoWidth
06-12 02:22:33.430 28506 28506 V MediaPlayer-JNI: getVideoWidth: 1280
06-12 02:22:33.430 28506 28506 V MediaPlayerNative: getVideoHeight
06-12 02:22:33.430 28506 28506 V MediaPlayer-JNI: getVideoHeight: 720
06-12 02:22:33.431  5301  5744 D AudioPlaybackMonitor: Found a new active media playback. ID:703 -- type:android.media.MediaPlayer -- u/pid:10216/28506 -- state:started -- attr:AudioAttributes: usage=1 content=3 flags=0x0 tags= bundle=null
06-12 02:22:33.432  5301  5744 D MediaSessionStack: updateMediaButtonSessionIfNeeded, callers=com.android.server.media.MediaSessionService$1.onAudioPlaybackStarted:189 com.android.server.media.AudioPlaybackMonitor.dispatchPlaybackConfigChange:127 
06-12 02:22:33.432  5301  5744 D AudioService: Sending DVFS message = MSG_SET_DVFS_FOR_SOUNDALIVE
06-12 02:22:33.435 28506 28506 V MediaPlayer-JNI: start
06-12 02:22:33.435 28506 28506 V MediaPlayerNative: start
06-12 02:22:33.435  5000 11869 V MediaPlayerService: [72] setLooping(0)
06-12 02:22:33.436  5000 11869 V MediaPlayerService: [72] setVolume(0.000000, 0.000000)
06-12 02:22:33.436  5000 11869 V AudioSink: setVolume(0.000000, 0.000000)
06-12 02:22:33.436  5000 11869 V MediaPlayerService: [72] setAuxEffectSendLevel(0.000000)
06-12 02:22:33.436  5000 11869 V AudioSink: setAuxEffectSendLevel(0.000000)
06-12 02:22:33.437  5000 11869 V MediaPlayerService: [72] start
06-12 02:22:33.437  5000 11869 V MediaPlayerService: getClientDuration
06-12 02:22:33.437  5000 11869 V MediaPlayerService: getDuration
06-12 02:22:33.437  5000 11869 V MediaPlayerService: [72] getDuration = 215637
06-12 02:22:33.437  5000 11869 D NuPlayerDriver: start(0xe89f13c0), state is 4, eos is 0
06-12 02:22:33.437  5000 28626 V NuPlayer: kWhatStart
06-12 02:22:33.437  5000 28626 V NuPlayer: onStart: mCrypto: 0x0 (0)
06-12 02:22:33.437  5000 28626 I GenericSource: start
06-12 02:22:33.437  5000 28626 V NuPlayer: checkOffloadExceptions : hasVideo is true, return false
06-12 02:22:33.437  5000 28626 V NuPlayer: checkOffloadExceptions is false, disable offload
06-12 02:22:33.438  5000 28626 I MediaClock: setPlaybackRate rate : 1.000000
06-12 02:22:33.438  5000 28630 I NuPlayerRenderer: onConfigPlayback
06-12 02:22:33.438  5000 28630 I MediaClock: setPlaybackRate rate : 1.000000
06-12 02:22:33.439  5000 28630 I MediaClock: setSpeedAjust mSASpeed (0), mMinClockModificationTimeUs (80000)
06-12 02:22:33.441  5301  5744 V WindowManager: Relayout Window{c58f967 u0 x.intervalapp.displaytest/x.intervalapp.displaytest.MainActivity}: viewVisibility=0 req=1280x720 WM.LayoutParams{(0,0)(fillxfill) sim=#20 ty=1 fl=#81810180 pfl=0x20000 fmt=-3 wanim=0x10302fd vsysui=0x600 needsMenuKey=2 colorMode=0 naviIconColor=0}
06-12 02:22:33.447  5301  5744 D PowerManagerService: [api] acquire WakeLock flags=0x2000000a tag=WindowManager uid=1000 pid=5301 ws=WorkSource{10216} pkg=android
06-12 02:22:33.453 28506 28506 D ViewRootImpl@6924b50[MainActivity]: Relayout returned: old=[0,0][1280,720] new=[0,0][1280,720] result=0x1 surface={valid=true 512164229120} changed=false
06-12 02:22:33.462  4989 28622 W libutils.threads: Thread (this=0xf1134730): don't call waitForExit() from this Thread object's thread. It's a guaranteed deadlock!
06-12 02:22:33.464  5000 28626 I NuPlayerRenderer: setVideoFrameRate fps : 30.000000
06-12 02:22:33.464  5000 28626 I NuPlayerRenderer: setDuration (215637333)
06-12 02:22:33.464  5000 28626 V NuPlayer: scanning sources haveAudio=0, haveVideo=0
06-12 02:22:33.464  5000 28626 V NuPlayer: make Decoder (video)
06-12 02:22:33.465  5000 28626 V NuPlayer: checkOffloadExceptions : hasVideo is true, return false
06-12 02:22:33.465  5000 28626 V NuPlayer: checkOffloadExceptions is false, disable offload
06-12 02:22:33.465  5000 28626 V NuPlayer: make Decoder (audio)
06-12 02:22:33.465  5000 28626 V NuPlayer: instantiateDecoder audio Decoder
06-12 02:22:33.466  5000 28631 I ACodec  :  [] Now uninitialized
06-12 02:22:33.467  5000 28633 I ACodec  :  [] Now uninitialized
06-12 02:22:33.467  5000 28635 I ACodec  : [] onAllocateComponent
06-12 02:22:33.468  5000 28634 I ACodec  : [] onAllocateComponent
06-12 02:22:33.470  5000 28635 I OMXClient: Treble IOmx obtained
06-12 02:22:33.470  5000 28635 I ACodec  : Set Google AAC Dec for aacProfile 0
06-12 02:22:33.470  5000 28634 I OMXClient: Treble IOmx obtained
06-12 02:22:33.470  5009  9999 I OMXMaster: makeComponentInstance(OMX.Exynos.avc.dec) in omx@1.0-service process
06-12 02:22:33.473  5009  9999 I vndksupport: sphal namespace is not configured for this process. Loading /vendor/lib/hw/gralloc.exynos5.so from the current namespace instead.
06-12 02:22:33.475  5009  9999 D libexynosv4l2: try node: /dev/video6
06-12 02:22:33.475  5009  9999 I libexynosv4l2: node found for device s5p-mfc-dec: /dev/video6
06-12 02:22:33.491  5009  9999 I libexynosv4l2: open video device /dev/video6
06-12 02:22:33.492  5009  5085 I OMXMaster: makeComponentInstance(OMX.SEC.aac.dec) in omx@1.0-service process
06-12 02:22:33.493  5000 28635 I ACodec  : [OMX.Exynos.avc.dec] Now Loaded
06-12 02:22:33.493  5000 28631 D SurfaceUtils: disconnecting from surface 0xea3e1808, reason onConfigure
06-12 02:22:33.494  5000 28632 D SurfaceUtils: connecting to surface 0xea3e1808, reason connectToSurface
06-12 02:22:33.495  5000 28632 I MediaCodec: [OMX.Exynos.avc.dec] setting surface generation to 5120059
06-12 02:22:33.495  5000 28632 D SurfaceUtils: disconnecting from surface 0xea3e1808, reason connectToSurface(reconnect)
06-12 02:22:33.495  5000 28632 D SurfaceUtils: connecting to surface 0xea3e1808, reason connectToSurface(reconnect)
06-12 02:22:33.496  5000 28632 I ResourceManagerService: ResourceManagerService checkCodecCapacity pid 28506 clientId 3902321792 useExtended 0 
06-12 02:22:33.497  5000 28635 I ACodec  : can't find wfdsink-exynos-enable
06-12 02:22:33.498  5009  9999 E OMXNodeInstance: setConfig(0xf49a3680:Exynos.avc.dec, ConfigPriority(0x6f800002)) ERROR: UnsupportedIndex(0x8000101a)
06-12 02:22:33.498  5000 28635 I ACodec  : codec does not support config priority (err -1010)
06-12 02:22:33.498  5000 28634 I ACodec  : [OMX.SEC.aac.dec] Now Loaded
06-12 02:22:33.499  5009  5085 E OMXNodeInstance: getConfig(0xf49a3680:Exynos.avc.dec, ConfigCommonOutputCrop(0x700000f)) ERROR: NotReady(0x80001010)
06-12 02:22:33.501  5009  9999 E OMXNodeInstance: getConfig(0xf464e240:SEC.aac.dec, ConfigAndroidVendorExtension(0x6f100004)) ERROR: UnsupportedIndex(0x8000101a)
06-12 02:22:33.501  5000 28632 I MediaCodec: MediaCodec will operate in async mode
06-12 02:22:33.501  5000 28634 I MediaCodec: MediaCodec will operate in async mode
06-12 02:22:33.502  5000 28634 I ACodec  : [OMX.SEC.aac.dec] Now Loaded->Idle
06-12 02:22:33.502  5009 28636 I EXYNOS_BASE_COMP: [0xf49d6800][Exynos_OMX_ComponentStateSet] current:(OMX_StateLoaded) dest:(OMX_StateIdle)
06-12 02:22:33.502  5000 28635 I ACodec  : [OMX.Exynos.avc.dec] Now Loaded->Idle
06-12 02:22:33.503  5009 28636 D libexynosv4l2: try node: /dev/video6
06-12 02:22:33.503  5009 28636 I libexynosv4l2: node found for device s5p-mfc-dec: /dev/video6
06-12 02:22:33.506  3421  3421 W /system/bin/hw/android.hidl.allocator@1.0-service: ashmem_create_region(1572864) returning hidl_memory(0x7897e2c500, 1572864)
06-12 02:22:33.517  3421  3421 I chatty  : uid=1000(system) allocator@1.0-s identical 6 lines
06-12 02:22:33.518  3421  3421 W /system/bin/hw/android.hidl.allocator@1.0-service: ashmem_create_region(1572864) returning hidl_memory(0x7897e2c500, 1572864)
06-12 02:22:33.519  5009 28636 I libexynosv4l2: open video device /dev/video6
06-12 02:22:33.519  3421  3421 W /system/bin/hw/android.hidl.allocator@1.0-service: ashmem_create_region(1572864) returning hidl_memory(0x7897e2c500, 1572864)
06-12 02:22:33.521  3421  3421 W /system/bin/hw/android.hidl.allocator@1.0-service: ashmem_create_region(1572864) returning hidl_memory(0x7897e2c500, 1572864)
06-12 02:22:33.522  3421  3421 W /system/bin/hw/android.hidl.allocator@1.0-service: ashmem_create_region(24576) returning hidl_memory(0x7897e2c500, 24576)
06-12 02:22:33.523  3421  3421 W /system/bin/hw/android.hidl.allocator@1.0-service: ashmem_create_region(24576) returning hidl_memory(0x7897e2c500, 24576)
06-12 02:22:33.524  5000 28635 D SurfaceUtils: set up nativeWindow 0xea3e1808 for 1280x720, color 0x121, rotation 0, usage 0x2900
06-12 02:22:33.524  3421  3421 W /system/bin/hw/android.hidl.allocator@1.0-service: ashmem_create_region(24576) returning hidl_memory(0x7897e2c500, 24576)
06-12 02:22:33.525  5000 28635 I ACodec  : [OMX.Exynos.avc.dec] configureOutputBuffersFromNativeWindow setBufferCount : 8, minUndequeuedBuffers : 4
06-12 02:22:33.525  3421  3421 W /system/bin/hw/android.hidl.allocator@1.0-service: ashmem_create_region(24576) returning hidl_memory(0x7897e2c500, 24576)
06-12 02:22:33.526  3421  3421 W /system/bin/hw/android.hidl.allocator@1.0-service: ashmem_create_region(24576) returning hidl_memory(0x7897e2c500, 24576)
06-12 02:22:33.527  5009 28636 I EXYNOS_BASE_COMP: [0xf49d6800][Exynos_OMX_EventHandler] OMX_EventCmdComplete(OMX_StateIdle)
06-12 02:22:33.527  3421  3421 W /system/bin/hw/android.hidl.allocator@1.0-service: ashmem_create_region(24576) returning hidl_memory(0x7897e2c500, 24576)
06-12 02:22:33.527  5009 28636 I EXYNOS_BASE_COMP: [0xf49d6800][Exynos_OMX_ComponentStateSet] current:(OMX_StateIdle) dest:(OMX_StateExecuting)
06-12 02:22:33.527  5009 28636 I EXYNOS_BASE_COMP: [0xf49d6800][Exynos_OMX_ComponentStateSet] OMX_EventCmdComplete(OMX_StateExecuting)
06-12 02:22:33.528  5000 28635 I ACodec  : [OMX.Exynos.avc.dec] Now Idle->Executing
06-12 02:22:33.528  5000 28632 I ResourceManagerService: addMediaInfo -(PID : 28506, clientID : 3902321792)
06-12 02:22:33.528  5000 28632 I ResourceManagerService: MediaInfo add 921600 (width 1280 height 720) remained 7545600
06-12 02:22:33.528  5000 28632 I ResourceManagerService: getMediaResourceInfo resourceType : 2, size : 1
06-12 02:22:33.528  5000 28632 I ResourceManagerService: getMediaResourceInfo (PID : 28506, clientID : 3902321792, non-secure-codec/video-codec:1, 1280x720(fps:30) - SoftCodec : No, Encorder : No)
06-12 02:22:33.528  3421  3421 W /system/bin/hw/android.hidl.allocator@1.0-service: ashmem_create_region(24576) returning hidl_memory(0x7897e2c500, 24576)
06-12 02:22:33.528  5000 28635 I ACodec  : [OMX.Exynos.avc.dec] Now Executing
06-12 02:22:33.528  5301  5744 V ResourceManagerHelper-JNI: JNIMediaResourceHelper::notify eventType : 1, ext1 : 0, ext2 : 0
06-12 02:22:33.528  5301  5744 V ResourceManagerHelper-JNI: notify eventType : 1, ext1 : 0, ext2 : 0
06-12 02:22:33.528  5301  5744 I SemMediaResourceHelper: makeMediaResourceInfo mOwnResourceEventExcluded : false, mPid : 5301
06-12 02:22:33.529  5301  5744 I SemMediaResourceHelper: [1] makeMediaResourceInfo resourceType : 2 isSecured : false, pid : 28506, client id : 3902321792
06-12 02:22:33.529  5301  9437 I SemMediaResourceHelper: onAdd
06-12 02:22:33.529  5301  9437 I DrmMediaResourceHelper: onAdd size = 1
06-12 02:22:33.529  3421  3421 W /system/bin/hw/android.hidl.allocator@1.0-service: ashmem_create_region(24576) returning hidl_memory(0x7897e2c500, 24576)
06-12 02:22:33.530  3421  3421 W /system/bin/hw/android.hidl.allocator@1.0-service: ashmem_create_region(24576) returning hidl_memory(0x7897e2c500, 24576)
06-12 02:22:33.532  5009 28638 I SEC_BASE_COMP: SEC_OMX_ComponentStateSet: Cur(1) -> Dest(2)
06-12 02:22:33.533  5009 28638 I SEC_BASE_COMP: SEC_OMX_ComponentStateSet: Cur(2) -> Dest(3)
06-12 02:22:33.533  5000 28634 I ACodec  : [OMX.SEC.aac.dec] Now Idle->Executing
06-12 02:22:33.534  5009 28643 D ExynosVideoDecoder: MFC_Decoder_ExtensionEnqueue_Inbuf: DATA with flags(0x20000000)
06-12 02:22:33.535  5009 28642 I vndksupport: sphal namespace is not configured for this process. Loading /vendor/lib/hw/gralloc.exynos5.so from the current namespace instead.
06-12 02:22:33.536  5000 28634 I ACodec  : [OMX.SEC.aac.dec] Now Executing
06-12 02:22:33.537  5009 28644 I SEC_AAC_DEC:  AudioSpecificConfig 0x 11 90
06-12 02:22:33.540  5009 28644 I SEC_AAC_DEC:  AudioSpecificConfig 0x 11 90
06-12 02:22:33.543  5000 28630 I NuPlayerRenderer: openAudioSink: offloadOnly(0) offloadingAudio(0)
06-12 02:22:33.543  5000 28630 I NuPlayerRenderer: openAudioSink: open AudioSink in NON-offload mode audioFormat : 1, flags : 8
06-12 02:22:33.543  5000 28630 V AudioSink: +++ close
06-12 02:22:33.543  5000 28630 V AudioSink: --- close
06-12 02:22:33.544  5000 28630 I NuPlayerRenderer: checkAudioSinkPcmMsSetting 500
06-12 02:22:33.544  5000 28630 V AudioSink: setPlaybackRate(1.000000 1.000000 0 0)
06-12 02:22:33.544  5000 28630 V AudioSink: open(48000, 2, 0x0, 0x1, 0, 833 0x8)
06-12 02:22:33.544  4989 11923 V APM_AudioPolicyManager: getOutput() device 2, stream 3, samplingRate 0, format 0, channelMask 3, flags 0
06-12 02:22:33.544  4989 11923 V APM_AudioPolicyManager: selectOutput() commonFlags for output 13, 0000
06-12 02:22:33.544  4989 11923 V APM_AudioPolicyManager: selectOutput() commonFlags for output 21, 0000
06-12 02:22:33.544  4989 11923 V APM_AudioPolicyManager:   getOutputForDevice() returns output 13
06-12 02:22:33.544  4989 22017 V APM_AudioPolicyManager: getOutput() device 2, stream 3, samplingRate 0, format 0, channelMask 3, flags 0
06-12 02:22:33.545  4989 22017 V APM_AudioPolicyManager: selectOutput() commonFlags for output 13, 0000
06-12 02:22:33.545  4989 22017 V APM_AudioPolicyManager: selectOutput() commonFlags for output 21, 0000
06-12 02:22:33.545  4989 22017 V APM_AudioPolicyManager:   getOutputForDevice() returns output 13
06-12 02:22:33.545  5000 28630 V AudioSink: no track available to recycle
06-12 02:22:33.545  5000 28630 V AudioSink: creating new AudioTrack
06-12 02:22:33.545  4989 22017 V APM_AudioPolicyManager: getOutputForAttr() usage=1, content=3, tag= flags=00000000 session 833 selectedDeviceId 0
06-12 02:22:33.545  4989 22017 D APM::SoundKitchen: getDevice, uid = 10216, device = 0
06-12 02:22:33.545  4989 22017 V APM_AudioPolicyManager: getOutputForAttr() device 0x2, samplingRate 48000, format 1, channelMask 3, flags 1000008
06-12 02:22:33.545  4989 22017 V APM_AudioPolicyManager: selectOutput() commonFlags for output 13, 0001
06-12 02:22:33.545  4989 22017 V APM_AudioPolicyManager:   getOutputForDevice() returns output 13
06-12 02:22:33.546  5009 28636 I EXYNOS_BASE_PORT: [0xf49d6800][Exynos_OMX_PortDisableProcess] Before disabling output port, do flush
06-12 02:22:33.547  4989 22017 I AudioFlinger: track setMixerOutFormat 1
06-12 02:22:33.547  5000 28635 I ACodec  : [OMX.Exynos.avc.dec] Now handling output port settings change
06-12 02:22:33.548  5000 28630 D AudioTrack: Client defaulted notificationFrames to 12000 for frameCount 24000
06-12 02:22:33.549  5000 28630 V AudioSink: deleteRecycledTrack_l
06-12 02:22:33.549  5000 28630 V AudioSink: setVolume
06-12 02:22:33.549  5000 28630 V AudioSink: updateTrack() DONE status 0
06-12 02:22:33.550  5000 28630 V AudioSink: start
06-12 02:22:33.550  5000 28630 I AudioTrack: This process already got info. FadeIn[0] FadeOut[0] FadeInRing[0]
06-12 02:22:33.551  5009 28636 I vndksupport: sphal namespace is not configured for this process. Loading /vendor/lib/hw/gralloc.exynos5.so from the current namespace instead.
06-12 02:22:33.553  3421  3421 W /system/bin/hw/android.hidl.allocator@1.0-service: ashmem_create_region(3840) returning hidl_memory(0x7897e2c500, 3840)
06-12 02:22:33.553  5009 28636 I EXYNOS_BASE_PORT: [0xf49d6800][Exynos_OMX_PortDisableProcess] Disable output Port
06-12 02:22:33.554  5009 28636 I EXYNOS_BASE_PORT: [0xf49d6800][Exynos_OMX_PortEnableProcess] Enable output Port
06-12 02:22:33.555  5000 28635 D SurfaceUtils: set up nativeWindow 0xea3e1808 for 1280x720, color 0x121, rotation 0, usage 0x2900
06-12 02:22:33.555  3421  3421 W /system/bin/hw/android.hidl.allocator@1.0-service: ashmem_create_region(3840) returning hidl_memory(0x7897e2c500, 3840)
06-12 02:22:33.556  5000 28635 I ACodec  : [OMX.Exynos.avc.dec] configureOutputBuffersFromNativeWindow setBufferCount : 15, minUndequeuedBuffers : 4
06-12 02:22:33.556  3422  3629 D MySpaceEffect: MySpace EffectCreate start - session 833
06-12 02:22:33.556  3422  3629 D MySpaceEffect: MS EffectCreate - Allocating SessionNo 0 for SessionId 833
06-12 02:22:33.556  3422  3629 D MySpaceEffect: MS EffectCreate - This is the first effect in current sessionId 833 sessionNo 0
06-12 02:22:33.556  3422  3629 D MySpaceEffect: MySpaceEffect::MySpaceEffect ctor
06-12 02:22:33.557  3422  3629 D MySpace : MySpace::Init, mSampleRate = 48000
06-12 02:22:33.557  3422  3629 I MySpace : SoundAlive_3DPosisiton_Factory Create
06-12 02:22:33.557  5009 28643 D ExynosVideoDecoder: MFC_Decoder_ExtensionEnqueue_Inbuf: DATA with flags(0x20000000)
06-12 02:22:33.557  5009 28643 D ExynosVideoDecoder: MFC_Decoder_ExtensionEnqueue_Inbuf: DATA with flags(0x20000000)
06-12 02:22:33.557  3422  3629 D MySpace : MySpace Initialize mPreset = 0
06-12 02:22:33.558  3422  3629 I MySpace : MySpace setDevice 2, 0
06-12 02:22:33.559  4989 11923 V APM_AudioPolicyManager: startOutput() output 13, stream 3, session 833
06-12 02:22:33.559  5009 28636 I EXYNOS_BASE_COMP: [0xf49d6800][Exynos_OMX_EventHandler] OMX_EventCmdComplete(Enable/output port)
06-12 02:22:33.559  4989 11923 D APM::SoundKitchen: getDevice, uid = 10216, device = 0
06-12 02:22:33.559  4989 11923 D APM_AudioPolicyManager: newDevice=0
06-12 02:22:33.559  4989 11923 V APM_AudioPolicyManager: setBeaconMute(1) mBeaconMuteRefCount=1 mBeaconPlayingRefCount=0
06-12 02:22:33.559  4989 11923 V APM_AudioPolicyManager: selectOutputForMusicEffects activeOnly 1 outputs[0] flags 0x0000000a
06-12 02:22:33.559  4989 11923 V APM_AudioPolicyManager: selectOutputForMusicEffects selected output 13
06-12 02:22:33.559  4989 11923 V APM_AudioPolicyManager: getNewOutputDevice() selected device 2
06-12 02:22:33.559  4989 11923 V APM_AudioPolicyManager: setOutputDevice() device 0002 delayMs 0
06-12 02:22:33.559  4989 11923 V APM_AudioPolicyManager: setOutputDevice() prevDevice 0x0002
06-12 02:22:33.559  4989 11923 V APM_AudioPolicyManager: setOutputDevice() setting same device 0x0002 or null device
06-12 02:22:33.559  4989 11923 I AudioFlinger: track setMixerOutFormat 1
06-12 02:22:33.559  4989 11923 I AudioEffectStage: getStageIndex primary_output_sub1_normal
06-12 02:22:33.559  4989 11923 I AudioFlinger: updateStageIndex prev 0, new -1302
06-12 02:22:33.559  4989 11923 I AudioEffectStage: getSinkBuffer primary_output_sub1_normal
06-12 02:22:33.562  3421  3421 W /system/bin/hw/android.hidl.allocator@1.0-service: ashmem_create_region(3840) returning hidl_memory(0x7897e2c500, 3840)
06-12 02:22:33.564  5000 28630 I MediaClock: setThreshold mThresholdTimeUsForAnchor(500000), mMinClockModificationTimeUs(40000), mMaxCorrectionTimeUs(30000)
06-12 02:22:33.564  5000 28630 I NuPlayerRenderer: onAudioSinkChanged() getPosition : 0
06-12 02:22:33.564  5000 28630 I MediaClock: setPlaybackRate rate : 0.000000
06-12 02:22:33.564  5000 28630 I NuPlayerRenderer: onDrainAudioQueue() send kWhatPollingAudioStarted audio_out : 0
06-12 02:22:33.564  5000 28630 I NuPlayerRenderer: setAudioFirstAnchorTime mAudioFirstAnchorTimeMediaUs : -1, new mediaTimeUs : 0
06-12 02:22:33.564  5000 28630 I MediaClock: getMediaTime_l - mAnchorTimeRealUs is '-1'
06-12 02:22:33.564  5000 28630 I MediaClock: getMediaTime_l - mAnchorTimeRealUs is '-1'
06-12 02:22:33.564  5000 28626 V NuPlayer: media rendering started
06-12 02:22:33.564  5000 28626 V NuPlayer: msg : 6, ext1 : 0, ext2 : 0
06-12 02:22:33.564  5000 28626 D NuPlayerDriver: notifyListener_l(0xe89f13c0), (6, 0, 0, -1), loop setting(0, 0)
06-12 02:22:33.564  5000 28630 I MediaClock: getMediaTime_l - mAnchorTimeRealUs is '-1'
06-12 02:22:33.564  5000 28626 V MediaPlayerService: [72] notify (6, 0, 0)
06-12 02:22:33.564  5000 28630 I MediaClock: getMediaTime_l - mAnchorTimeRealUs is '-1'
06-12 02:22:33.564  5000 28630 I MediaClock: getMediaTime_l - mAnchorTimeRealUs is '-1'
06-12 02:22:33.565  5000 28626 V NuPlayer: setDecoderBooster enable = No
06-12 02:22:33.565  5000 28630 I MediaClock: getMediaTime_l - mAnchorTimeRealUs is '-1'
06-12 02:22:33.565  5000 28630 I chatty  : uid=1013(media) /system/bin/mediaserver identical 1 line
06-12 02:22:33.565 28506 28538 V MediaPlayerNative: message received msg=6, ext1=0, ext2=0
06-12 02:22:33.565  5000 28630 I MediaClock: getMediaTime_l - mAnchorTimeRealUs is '-1'
06-12 02:22:33.565  5000 28630 I MediaClock: getMediaTime_l - mAnchorTimeRealUs is '-1'
06-12 02:22:33.565 28506 28538 V MediaPlayerNative: unrecognized message: (6, 0, 0)
06-12 02:22:33.565 28506 28538 V MediaPlayerNative: callback application
06-12 02:22:33.565 28506 28538 V MediaPlayerNative: back from callback
06-12 02:22:33.566  5000 11869 I MediaClock: getMediaTime_l - mAnchorTimeRealUs is '-1'
06-12 02:22:33.566 28506 28506 V MediaPlayer-JNI: getCurrentPosition: 0 (msec)
06-12 02:22:33.567  5000 28635 I ACodec  : [OMX.Exynos.avc.dec] Now Executing
06-12 02:22:33.569  3422 15085 D audio_hw_primary_abox: primary_out-set_audio_route: [PLAYBACK] current-device(none) new-device(speaker) in cur-mode(none) & new-mode(normal)!
06-12 02:22:33.569  3422 15085 I audio_route: > audio_route_apply_path : "media-speaker"
06-12 02:22:33.569  3422 15085 I audio_route: > audio_route_update_path : "media-speaker" reverse(0)
06-12 02:22:33.571  3422 15085 D audio_hw_primary_abox: primary_out-do_set_route: Enabled Audio Route(media-speaker)
06-12 02:22:33.571  3422 15085 I audio_route: > audio_route_apply_path : "gain-media-speaker"
06-12 02:22:33.571  3422 15085 I audio_route: > audio_route_update_path : "gain-media-speaker" reverse(0)
06-12 02:22:33.571  3422 15085 D audio_hw_primary_abox: primary_out-do_set_route: Enabled Audio Gain(gain-media-speaker)
06-12 02:22:33.571  5000 28630 I MediaClock: getMediaTime_l - mAnchorTimeRealUs is '-1'
06-12 02:22:33.572  5000 28630 I chatty  : uid=1013(media) /system/bin/mediaserver identical 2 lines
06-12 02:22:33.572  5000 28630 I MediaClock: getMediaTime_l - mAnchorTimeRealUs is '-1'
06-12 02:22:33.572  3422 15085 I audio_hw_primary_abox: [do_open_spkamp_stream] Opened PCM Device(/dev/snd/pcmC0D7p) configured Info: Channels(2)  Smapling Rate(48000), Format: Default(0)
06-12 02:22:33.575  5000 28630 I MediaClock: getMediaTime_l - mAnchorTimeRealUs is '-1'
06-12 02:22:33.576  3422 15085 I audio_hw_primary_abox: [do_open_spkamp_stream] Opened PCM Device(/dev/snd/pcmC0D11c) configured Info: Channels(2)  Smapling Rate(48000), Format: Default(0)
06-12 02:22:33.577  5000 28630 I MediaClock: getMediaTime_l - mAnchorTimeRealUs is '-1'
06-12 02:22:33.579  5000 28630 I chatty  : uid=1013(media) /system/bin/mediaserver identical 2 lines
06-12 02:22:33.580  5000 28630 I MediaClock: getMediaTime_l - mAnchorTimeRealUs is '-1'
06-12 02:22:33.581  3422 15085 I audio_hw_primary_abox: [do_open_spkamp_stream] Opened PCM Device(/dev/snd/pcmC0D12c) configured Info: Channels(2)  Smapling Rate(48000), Format: Default(0)
06-12 02:22:33.581  5000 28630 I MediaClock: getMediaTime_l - mAnchorTimeRealUs is '-1'
06-12 02:22:33.581  5000 28630 I MediaClock: getMediaTime_l - mAnchorTimeRealUs is '-1'
06-12 02:22:33.581  5000 28626 V NuPlayer: updateVideoSize
06-12 02:22:33.582  5000 28626 V NuPlayer: Video output format changed to 1280 x 720 (crop: 1280 x 720 @ (0, 0))
06-12 02:22:33.582  5000 28626 V NuPlayer: Video display width and height are overridden to 1280 x 720
06-12 02:22:33.582  5000 28626 I NuPlayer: Create new Converter
06-12 02:22:33.582  5000 28626 I SecImageExtractor: construct
06-12 02:22:33.582  5000 28626 I SecImageExtractor: setColorType(0x121)
06-12 02:22:33.582  5000 28626 I SLSIColorType: S.LSI_NV12M construct
06-12 02:22:33.582  5000 28626 I SecImageYCbCrMapper: constuct
06-12 02:22:33.582  5000 28626 V NuPlayer: updateVideoSize- useHardwareCodec
06-12 02:22:33.582  5000 28626 V NuPlayer: msg : 5, ext1 : 1280, ext2 : 720
06-12 02:22:33.582  5000 28626 D NuPlayerDriver: notifyListener_l(0xe89f13c0), (5, 1280, 720, -1), loop setting(0, 0)
06-12 02:22:33.582  5000 28626 V MediaPlayerService: [72] notify (5, 1280, 720)
06-12 02:22:33.582  5000 28626 I NuPlayer: MEDIA_INFO_RENDERING_START
06-12 02:22:33.582 28506 28538 V MediaPlayerNative: message received msg=5, ext1=1280, ext2=720
06-12 02:22:33.582  5000 28626 V NuPlayer: msg : 200, ext1 : 3, ext2 : 0
06-12 02:22:33.582  5000 28626 D NuPlayerDriver: notifyListener_l(0xe89f13c0), (200, 3, 0, -1), loop setting(0, 0)
06-12 02:22:33.582 28506 28538 V MediaPlayerNative: New video size 1280 x 720
06-12 02:22:33.582 28506 28538 V MediaPlayerNative: callback application
06-12 02:22:33.582  5000 28626 V MediaPlayerService: [72] notify (200, 3, 0)
06-12 02:22:33.582  5000 28630 I MediaClock: getMediaTime_l - mAnchorTimeRealUs is '-1'
06-12 02:22:33.583 28506 28538 V MediaPlayerNative: back from callback
06-12 02:22:33.583  5000 28630 I MediaClock: getMediaTime_l - mAnchorTimeRealUs is '-1'
06-12 02:22:33.583 28506 28506 V MediaPlayerNative: getVideoWidth
06-12 02:22:33.583 28506 28506 V MediaPlayer-JNI: getVideoWidth: 1280
06-12 02:22:33.583 28506 28538 V MediaPlayerNative: message received msg=200, ext1=3, ext2=0
06-12 02:22:33.583 28506 28506 V MediaPlayerNative: getVideoHeight
06-12 02:22:33.583 28506 28538 W MediaPlayerNative: info/warning (3, 0)
06-12 02:22:33.583 28506 28538 V MediaPlayerNative: callback application
06-12 02:22:33.583 28506 28506 V MediaPlayer-JNI: getVideoHeight: 720
06-12 02:22:33.583 28506 28538 V MediaPlayerNative: back from callback
06-12 02:22:33.584  5000 28630 I MediaClock: getMediaTime_l - mAnchorTimeRealUs is '-1'
06-12 02:22:33.587  5000 28630 I chatty  : uid=1013(media) /system/bin/mediaserver identical 1 line
06-12 02:22:33.591  5000 28630 I MediaClock: getMediaTime_l - mAnchorTimeRealUs is '-1'
06-12 02:22:33.614  3422 15085 I audio_hw_primary_abox: primary_out-do_open_output_stream: Opened PCM Device is /dev/snd/pcmC0D0p samplingRate(48000) pcmformat(0)
06-12 02:22:33.614  3422 15085 I audio_hw_primary_abox: primary_out-out_write: Transit to Idle
06-12 02:22:33.615  3422 15085 I audio_hw_primary_abox: primary_out-out_write: Transit to Playing
06-12 02:22:33.663 28463 28586 I BatteryMgr:DataCollectionService: stats => 1686529353663,-97,4123
06-12 02:22:33.708  4989  5394 D AudioFlinger: mixer(0xf0703f80) throttle end: throttle time(51)
06-12 02:22:33.709  5000 28630 I NuPlayerRenderer: kWhatPollingAudioStarted clock running played_out : 15450 us, audio_out : 0 us, gap : 15450 us
06-12 02:22:33.710  5000 28630 I MediaClock: setPlaybackRate rate : 1.000000
06-12 02:22:33.710  5000 28630 I MediaClock: setSpeedAjust mSASpeed (0), mMinClockModificationTimeUs (40000)
06-12 02:22:33.710  5000 28630 I NuPlayerRenderer: kWhatPollingAudioStarted update nowMediaUs : 6116 us
06-12 02:22:33.842  5000 28630 I MediaClock: updateClock closest gapTimeUs(9510), nowMediaUs(147705), oldMediaUs(138195)
06-12 02:22:33.921  3435  3435 I android.hardware.wifi@1.0-service: getLinkLayerStats
06-12 02:22:34.167  5301  5821 E Watchdog: !@Sync 2679 [2023-06-12 02:22:34.167]
06-12 02:22:34.679 28463 28586 I BatteryMgr:DataCollectionService: stats => 1686529354678,-97,4123
06-12 02:22:35.694 28463 28586 I BatteryMgr:DataCollectionService: stats => 1686529355694,-97,4123
06-12 02:22:36.390  5301  5414 D SensorService: [SO] 0.182 -0.072 -9.740
06-12 02:22:36.708 28463 28586 I BatteryMgr:DataCollectionService: stats => 1686529356707,-97,4123
06-12 02:22:36.893  6313  6313 D io_stats: !@ 179,0 r 900035 29513800 w 564913 10530676 d 34369 5006268 f 183982 187059 iot 665056 567555 th 51200 0 0 pt 0 inp 0 0 80444.484
06-12 02:22:36.933  3435  3435 I android.hardware.wifi@1.0-service: getLinkLayerStats
06-12 02:22:36.961  5301  5435 I TLC_TIMA_PKM_measure_kernel: TIMA: response_id = 3
06-12 02:22:36.962  5301  5435 I TLC_TIMA_PKM_measure_kernel: TIMA: response ret = 0, result_ondemand = MSG=Kernel Verification Success;
06-12 02:22:36.962  5301  5435 I TZ: mc_tlc_communication: tlc_close() was called
06-12 02:22:36.962  5301  5435 I TZ: mc_tlc_communication: Closing the session
06-12 02:22:36.962  5301  5435 I TZ: mc_tlc_communication: Freeing message buffer
06-12 02:22:36.963  5301  5435 I TZ: mc_tlc_communication: Closing MobiCore device
06-12 02:22:36.963  5301  5435 I TeeSysClient: driver closed [hardware/samsung_slsi/exynos7885/mobicore/ClientLib/src/driver.cpp:95]
06-12 02:22:36.963  5301  5435 I TZ: mc_tlc_communication: tlc_close() finished
06-12 02:22:37.720 28463 28586 I BatteryMgr:DataCollectionService: stats => 1686529357720,-97,4123
06-12 02:22:38.389 28506 28506 V MediaPlayer-JNI: stop
06-12 02:22:38.389 28506 28506 V MediaPlayerNative: stop
06-12 02:22:38.390  5000 11869 V MediaPlayerService: [72] stop
06-12 02:22:38.390  5000 11869 D NuPlayerDriver: stop(0xe89f13c0)
06-12 02:22:38.390  5000 11869 D NuPlayerDriver: notifyListener_l(0xe89f13c0), (8, 0, 0, -1), loop setting(0, 0)
06-12 02:22:38.390  5000 11869 V MediaPlayerService: [72] notify (8, 0, 0)
06-12 02:22:38.391  5000 28630 I NuPlayerRenderer: onPause
06-12 02:22:38.391 28506 28521 V MediaPlayerNative: message received msg=8, ext1=0, ext2=0
06-12 02:22:38.391  5000 28630 I MediaClock: setPlaybackRate rate : 0.000000
06-12 02:22:38.391  5000 28630 V AudioSink: pause
06-12 02:22:38.392 28506 28521 V MediaPlayerNative: unrecognized message: (8, 0, 0)
06-12 02:22:38.392 28506 28521 V MediaPlayerNative: callback application
06-12 02:22:38.393  5301 10759 D AudioService: Sending DVFS message = MSG_SET_DVFS_FOR_SOUNDALIVE
06-12 02:22:38.393 28506 28521 V MediaPlayerNative: back from callback
06-12 02:22:38.396 28506 28506 V MediaPlayer: resetDrmState:  mDrmInfo=null mDrmProvisioningThread=null mPrepareDrmInProgress=false mActiveDrmScheme=false
06-12 02:22:38.396 28506 28506 V MediaPlayer: cleanDrmObj: mDrmObj=null mDrmSessionId=null
06-12 02:22:38.397 28506 28506 V MediaPlayer-JNI: release
06-12 02:22:38.397 28506 28506 V MediaPlayerNative: setListener
06-12 02:22:38.397 28506 28506 V MediaPlayerNative: disconnect
06-12 02:22:38.397  5000 28630 I NuPlayerRenderer: kWhatDrainVideoQueue generation is not matched generation : 0, mVideoDrainGeneration : 1
06-12 02:22:38.398  5000 11869 V MediaPlayerService: disconnect(72) from pid 28506
06-12 02:22:38.399  5000 11869 D NuPlayerDriver: reset(0xe89f13c0) at state 8
06-12 02:22:38.399  5000 11869 V NuPlayerDriver: updateMetrics(0xe89f13c0) from reset at state 8
06-12 02:22:38.399  5000 11869 V NuPlayerDriver: logMetrics(0xe89f13c0) from reset at state 8
06-12 02:22:38.402  5000 28626 V NuPlayer: kWhatReset
06-12 02:22:38.403  5000 28626 V NuPlayer: setDecoderBooster enable = No
06-12 02:22:38.404  5000 28626 V NuPlayer: performDecoderFlush audio=2, video=2
06-12 02:22:38.404  5000 28626 V NuPlayer: [audio] flushDecoder needShutdown=1
06-12 02:22:38.404  5000 28626 V NuPlayer: [video] flushDecoder needShutdown=1
06-12 02:22:38.404  5000 28626 V NuPlayer: postponing action mFlushingAudio=2, mFlushingVideo=2
06-12 02:22:38.404  5000 28631 I NuPlayerRenderer: flush video, notifyComplete 1, shutdown Yes
06-12 02:22:38.404  5000 28631 D NuPlayerRenderer: signalTimeDiscontinuity() mHasAudio = 1 , mHasVideo = 1
06-12 02:22:38.404  5000 28630 I NuPlayerRenderer: flushing video
06-12 02:22:38.404  5000 28632 I ACodec  : [OMX.Exynos.avc.dec] signalFlush
06-12 02:22:38.405  5000 28630 I NuPlayerRenderer: onFlush mVideoDrainGeneration : 3
06-12 02:22:38.405  5000 28635 I ACodec  : [OMX.Exynos.avc.dec] ExecutingState flushing now (codec owns 5/5 input, 2/15 output).
06-12 02:22:38.405  5000 28626 V NuPlayer: renderer video flush completed.
06-12 02:22:38.405 26188 26200 D SADVFSHelper: Either heavy-duty effect is Off or Music playback is not active
06-12 02:22:38.406  5000 28635 I ACodec  : [OMX.Exynos.avc.dec] Now Flushing
06-12 02:22:38.406  5009 28641 W libexynosv4l2: failed to ioctl: VIDIOC_DQBUF (22 - Invalid argument)
06-12 02:22:38.408  5000 28635 I ACodec  : [OMX.Exynos.avc.dec] FlushingState onOMXEvent(0,1,0)
06-12 02:22:38.409  5000 28633 I NuPlayerRenderer: flush audio, notifyComplete 1, shutdown Yes
06-12 02:22:38.409  5000 28633 D NuPlayerRenderer: signalTimeDiscontinuity() mHasAudio = 1 , mHasVideo = 1
06-12 02:22:38.409  5000 28630 I NuPlayerRenderer: flushing audio
06-12 02:22:38.409  5000 28630 I NuPlayerRenderer: onFlush mAudioDrainGeneration : 2
06-12 02:22:38.409  5000 28630 V AudioSink: flush
06-12 02:22:38.409  5000 28634 I ACodec  : [OMX.SEC.aac.dec] signalFlush
06-12 02:22:38.410  5000 28630 V AudioSink: stop
06-12 02:22:38.410  5000 28630 D AudioTrack: stop() called with 0 frames delivered
06-12 02:22:38.410  5000 28634 I ACodec  : [OMX.SEC.aac.dec] ExecutingState flushing now (codec owns 1/5 input, 4/9 output).
06-12 02:22:38.410  5000 28626 V NuPlayer: renderer audio flush completed.
06-12 02:22:38.410  5009 28638 I         : SAACD_COMP_Reset() in
06-12 02:22:38.410  5009 28640 W libexynosv4l2: failed to ioctl: VIDIOC_DQBUF (22 - Invalid argument)
06-12 02:22:38.411  5000 28634 I ACodec  : [OMX.SEC.aac.dec] Now Flushing
06-12 02:22:38.413  5000 28634 I ACodec  : [OMX.SEC.aac.dec] FlushingState onOMXEvent(0,1,0)
06-12 02:22:38.413  5000 28634 I ACodec  : [OMX.SEC.aac.dec] FlushingState onOMXEvent(0,1,1)
06-12 02:22:38.413  5000 28634 I ACodec  : [OMX.SEC.aac.dec] Now Executing
06-12 02:22:38.413  5000 28626 V NuPlayer: decoder audio flush completed
06-12 02:22:38.413  5000 28626 V NuPlayer: initiating audio decoder shutdown
06-12 02:22:38.414  5000 28635 I ACodec  : [OMX.Exynos.avc.dec] FlushingState onOMXEvent(0,1,1)
06-12 02:22:38.414  5000 28635 I ACodec  : [OMX.Exynos.avc.dec] Now Executing
06-12 02:22:38.414  5000 28626 V NuPlayer: decoder video flush completed
06-12 02:22:38.414  5000 28626 V NuPlayer: initiating video decoder shutdown
06-12 02:22:38.415  5000 28634 I ACodec  : [OMX.SEC.aac.dec] Now Executing->Idle
06-12 02:22:38.415  5009 28638 I         : SAACD_COMP_Reset() in
06-12 02:22:38.416  5009 28636 I EXYNOS_BASE_COMP: [0xf49d6800][Exynos_OMX_ComponentStateSet] current:(OMX_StateExecuting) dest:(OMX_StateIdle)
06-12 02:22:38.416  5009 28638 I SEC_BASE_COMP: SEC_OMX_ComponentStateSet: Cur(3) -> Dest(2)
06-12 02:22:38.416  5000 28635 I ACodec  : [OMX.Exynos.avc.dec] Now Executing->Idle
06-12 02:22:38.417  5009 28641 W libexynosv4l2: failed to ioctl: VIDIOC_DQBUF (22 - Invalid argument)
06-12 02:22:38.420  5009 28640 W libexynosv4l2: failed to ioctl: VIDIOC_DQBUF (22 - Invalid argument)
06-12 02:22:38.425  5009 28636 I EXYNOS_BASE_COMP: [0xf49d6800][Exynos_OMX_ComponentStateSet] OMX_EventCmdComplete(OMX_StateIdle)
06-12 02:22:38.425  5009 28638 I SEC_BASE_COMP: SEC_OMX_ComponentStateSet: Cur(2) -> Dest(1)
06-12 02:22:38.426  5000 28634 I ACodec  : [OMX.SEC.aac.dec] Now Idle->Loaded
06-12 02:22:38.426  5000 28634 I ACodec  : [OMX.SEC.aac.dec] Now Loaded
06-12 02:22:38.426  5009  5085 I SEC_BASE_COMP: [OMX.SEC.aac.dec]: Normally terminated
06-12 02:22:38.428  5009 28636 I EXYNOS_BASE_COMP: [0xf49d6800][Exynos_OMX_ComponentStateSet] current:(OMX_StateIdle) dest:(OMX_StateLoaded)
06-12 02:22:38.429  5000 28634 I ACodec  :  [OMX.SEC.aac.dec] Now uninitialized
06-12 02:22:38.429  5000 28634 I ACodec  :  [] Now kWhatShutdownCompleted event : 8475
06-12 02:22:38.429  5000 28634 I MediaCodec: Codec shutdown complete
06-12 02:22:38.431  5000 28633 I NuPlayerDecoder: onShutdown notifyComplete : Yes
06-12 02:22:38.431  5000 28626 V NuPlayer: audio shutdown completed
06-12 02:22:38.433  5009 28641 W libexynosv4l2: failed to ioctl: VIDIOC_DQBUF (22 - Invalid argument)
06-12 02:22:38.442  5000 28635 I ACodec  : [OMX.Exynos.avc.dec] Now Idle->Loaded
06-12 02:22:38.445  5009 28636 I EXYNOS_BASE_COMP: [0xf49d6800][Exynos_OMX_EventHandler] OMX_EventCmdComplete(OMX_StateLoaded)
06-12 02:22:38.446  5000 28635 I ACodec  : [OMX.Exynos.avc.dec] Now Loaded
06-12 02:22:38.449  5000 28635 I ACodec  :  [OMX.Exynos.avc.dec] Now uninitialized
06-12 02:22:38.449  5000 28635 I ACodec  :  [] Now kWhatShutdownCompleted event : 8475
06-12 02:22:38.450  5000 28632 D SurfaceUtils: disconnecting from surface 0xea3e1808, reason disconnectFromSurface
06-12 02:22:38.453  5000 28632 I MediaCodec: Codec shutdown complete
06-12 02:22:38.453  5000 28632 I ResourceManagerService: MediaInfo removed 921600 (width 1280 height 720) remained 8467200 
06-12 02:22:38.453  5000 28632 I ResourceManagerService: getMediaResourceInfo resourceType : 2, size : 0
06-12 02:22:38.453  5301 10759 V ResourceManagerHelper-JNI: JNIMediaResourceHelper::notify eventType : 2, ext1 : 0, ext2 : 0
06-12 02:22:38.454  5301 10759 V ResourceManagerHelper-JNI: notify eventType : 2, ext1 : 0, ext2 : 0
06-12 02:22:38.454  5301  9437 I SemMediaResourceHelper: onRemove
06-12 02:22:38.454  5000 28631 D SurfaceUtils: connecting to surface 0xea3e1808, reason onShutdown
06-12 02:22:38.455  5000 28631 I NuPlayerDecoder: onShutdown notifyComplete : Yes
06-12 02:22:38.455  5000 28626 V NuPlayer: video shutdown completed
06-12 02:22:38.457  5000 28626 V NuPlayer: both audio and video are flushed now.
06-12 02:22:38.457  5000 28626 V NuPlayer: performReset
06-12 02:22:38.458  5000 28626 D NuPlayerDriver: notifyResetComplete(0xe89f13c0)
06-12 02:22:38.458  5000 28626 I SecImageExtractor: destruct
06-12 02:22:38.458  5000 11869 D SurfaceUtils: disconnecting from surface 0xea3fa008, reason disconnectNativeWindow
06-12 02:22:38.459  5000 28626 I SecImageYCbCrMapper: destruct
06-12 02:22:38.459  5000 11869 V NuPlayerDriver: ~NuPlayerDriver(0xe89f13c0)
06-12 02:22:38.459  5000 11869 V NuPlayerDriver: updateMetrics(0xe89f13c0) from destructor at state 0
06-12 02:22:38.459  5000 11869 V NuPlayerDriver: logMetrics(0xe89f13c0) from destructor at state 0
06-12 02:22:38.459  5000 11869 V NuPlayerDriver: did not have anything to record
06-12 02:22:38.460 28506 28506 V MediaPlayerNative: destructor
06-12 02:22:38.460 28506 28506 V MediaPlayerNative: disconnect
06-12 02:22:38.461  5000 11869 V MediaPlayerService: Client(72) destructor pid = 28506
06-12 02:22:38.461  5000 11869 V AudioSink: +++ close
06-12 02:22:38.461  5000 11869 V AudioSink: --- close
06-12 02:22:38.462  5000 11869 V MediaPlayerService: disconnect(72) from pid 28506
06-12 02:22:38.462  5301 10759 I MediaFocusControl:  AudioFocus  abandonAudioFocus() from uid/pid 10216/28506 clientId=android.media.AudioManager$1050905
06-12 02:22:38.462  5301 10759 D AudioService: GetAppDevice, uid=10216
06-12 02:22:38.462  5301 10759 D MediaFocusControl: selectFocusStack, uid = 10216, appDevice = 0, device = 2
06-12 02:22:38.466  5301 10759 V WindowManager: Relayout Window{c58f967 u0 x.intervalapp.displaytest/x.intervalapp.displaytest.MainActivity}: viewVisibility=0 req=1280x720 WM.LayoutParams{(0,0)(fillxfill) sim=#20 ty=1 fl=#81810100 pfl=0x20000 fmt=-3 wanim=0x10302fd vsysui=0x600 needsMenuKey=2 colorMode=0 naviIconColor=0}
06-12 02:22:38.470  5301 10759 D PowerManagerService: [api] release WakeLock SCREEN_BRIGHT_WAKE_LOCK        'WindowManager' ON_AFTER_RELEASE ACQ=-5s23ms (uid=1000 pid=5301 ws=WorkSource{10216}) (0x0)
06-12 02:22:38.471  5301 10759 D PowerManagerService: [api] applyWakeLockFlagsOnReleaseLocked : userActivityNoUpdateLocked is called : SCREEN_BRIGHT_WAKE_LOCK        'WindowManager' ON_AFTER_RELEASE (uid=1000 pid=5301 ws=WorkSource{10216})
06-12 02:22:38.476 28506 28506 D ViewRootImpl@6924b50[MainActivity]: Relayout returned: old=[0,0][1280,720] new=[0,0][1280,720] result=0x1 surface={valid=true 512164229120} changed=false
06-12 02:22:38.477 28506 28506 W MediaPlayer: mediaplayer went away with unhandled events
06-12 02:22:38.588  4989  5394 I SoundAlive_Interface: [ -272802816 ][ 48000 ]FlushBuffers()
06-12 02:22:38.589  4989  5394 I SoundAlive_Core: [ -272802816 ][ 48000 ](interface-API)FlushBuffers()
06-12 02:22:38.589  4989  5394 D SoundAlive_Core: [ -272802816 ][ 48000 ](internal-API)ReOpen( ConfigMode : 1 )
06-12 02:22:38.589  4989  5394 I SoundAlive_Effect: [ -272802816 ][ 48000 ]Init() nch : 2  bitdepth : 1 
06-12 02:22:38.589  4989  5394 I SoundAlive_Effect: [ -272802816 ][ 48000 ]SamplingRateConfig() SamplingRate : 48000
06-12 02:22:38.589  4989  5394 I SoundAlive_Effect: [ -272802816 ][ 48000 ]OutDevConfig() OutDevConfig : 1
06-12 02:22:38.589  4989  5394 D SoundAlive_Core: [ -272802816 ][ 48000 ](internal-API)Set_Current_Effect_Configuration( ConfigMode : 1 )
06-12 02:22:38.589  4989  5394 I SoundAlive_Effect: [ -272802816 ][ 48000 ]Set_Preset() : 0
06-12 02:22:38.589  4989  5394 I SoundAlive_Effect: [ -272802816 ][ 48000 ]Set_User_BWE() 0
06-12 02:22:38.589  4989  5394 I SoundAlive_Effect: [ -272802816 ][ 48000 ]Set_User_CH() : 0
06-12 02:22:38.589  4989  5394 I SoundAlive_Effect: [ -272802816 ][ 48000 ]Set_SquareUI() : 4 , 4
06-12 02:22:38.589  4989  5394 I SoundAlive_Effect: [ -272802816 ][ 48000 ]Set_User_3D() : 0
06-12 02:22:38.589  4989  5394 I SoundAlive_Effect: [ -272802816 ][ 48000 ]Set_User_BE() : 0
06-12 02:22:38.589  4989  5394 I SoundBoosterEffectPlus: SB_reset SoundBooster sessionId(-1302)
06-12 02:22:38.589  4989  5394 I SoundBooster_Interface: BuffClear() mMode: 1
06-12 02:22:38.590  4989  5394 I SoundBooster_Base: BuffClear()
06-12 02:22:38.590  4989  5394 I SoundBooster:SoundBooster_Music: BuffClear()
06-12 02:22:38.604  4989  5071 W AudioFlinger::EffectModule: EffectModule 0xef4c4c00 destructor called with unreleased interface
06-12 02:22:38.605  3422  3629 W MySpaceEffect: MySpaceEffect_setEnabled() MySpace is already disabled
06-12 02:22:38.606  3422  3629 D MySpaceEffect: EffectRelease : All effects are no longer instantiated
06-12 02:22:38.606  4989  5071 W AudioFlinger::EffectHandle: disconnect Effect handle 0xf116ca80 disconnected after thread destruction
06-12 02:22:38.606  3422  3629 D MySpace : MySpace::Close 
06-12 02:22:38.606  3422  3629 D MySpaceEffect: MySpaceEffect::~MySpaceEffect 
06-12 02:22:38.606  3422  3629 D MySpace : MySpace::~MySpace() -
06-12 02:22:38.606  4989  5071 V APM_AudioPolicyManager: stopOutput() output 13, stream 3, session 833
06-12 02:22:38.606  4989  5071 V APM_AudioPolicyManager: setLoggingHwData() type(2) device(0x2) time(5) volume(7)
06-12 02:22:38.606  4989  5071 D APM::SoundKitchen: getDevice, uid = 10216, device = 0
06-12 02:22:38.606  4989  5071 V APM_AudioPolicyManager: setBeaconMute(1) mBeaconMuteRefCount=0 mBeaconPlayingRefCount=0
06-12 02:22:38.607  4989  5071 V APM_AudioPolicyManager: getNewOutputDevice() selected device 0
06-12 02:22:38.607  4989  5071 V APM_AudioPolicyManager: setOutputDevice() device 0000 delayMs 160
