07-09 18:35:44.839 31014 31122 I BatteryMgr:DataCollectionService: stats => 1688920544839,-291992,4303
07-09 18:35:44.843 31014 31122 I BatteryMgr:DataCollectionService: stats => 1688920544843,-291992,4303
07-09 18:35:44.846 31014 31122 I BatteryMgr:DataCollectionService: stats => 1688920544846,-291992,4303
07-09 18:35:44.849 31014 31122 I BatteryMgr:DataCollectionService: stats => 1688920544849,-291992,4303
07-09 18:35:44.853 31014 31122 I BatteryMgr:DataCollectionService: stats => 1688920544852,-291992,4303
07-09 18:35:44.857 31014 31122 I BatteryMgr:DataCollectionService: stats => 1688920544857,-291992,4303
07-09 18:35:44.865 31014 31122 I BatteryMgr:DataCollectionService: stats => 1688920544865,-291992,4303
07-09 18:35:44.873 31014 31122 I BatteryMgr:DataCollectionService: stats => 1688920544873,-291992,4303
07-09 18:35:44.879 31014 31122 I BatteryMgr:DataCollectionService: stats => 1688920544879,-291992,4303
07-09 18:35:44.887 31014 31122 I BatteryMgr:DataCollectionService: stats => 1688920544887,-291992,4303
07-09 18:35:44.893 31014 31122 I BatteryMgr:DataCollectionService: stats => 1688920544893,-291992,4303
07-09 18:35:44.897 31014 31122 I BatteryMgr:DataCollectionService: stats => 1688920544897,-291992,4303
07-09 18:35:44.902 31014 31122 I BatteryMgr:DataCollectionService: stats => 1688920544902,-291992,4303
07-09 18:35:44.907 31014 31122 I BatteryMgr:DataCollectionService: stats => 1688920544907,-291992,4303
07-09 18:35:44.912 31014 31122 I BatteryMgr:DataCollectionService: stats => 1688920544912,-291992,4303
07-09 18:35:44.918 31014 31122 I BatteryMgr:DataCollectionService: stats => 1688920544918,-291992,4303
07-09 18:35:44.925 31014 31124 I BatteryMgr:DataCollectionService: stats => 1688920544925,-291992,4303
07-09 18:35:44.933 31014 31124 I BatteryMgr:DataCollectionService: stats => 1688920544933,-291992,4303
07-09 18:35:44.941 31014 31124 I BatteryMgr:DataCollectionService: stats => 1688920544941,-291992,4303
07-09 18:35:44.952 31014 31124 I BatteryMgr:DataCollectionService: stats => 1688920544952,-291992,4303
07-09 18:35:44.958 31014 31124 I BatteryMgr:DataCollectionService: stats => 1688920544958,-291992,4303
07-09 18:35:44.963 31014 31124 I BatteryMgr:DataCollectionService: stats => 1688920544963,-291992,4303
07-09 18:35:44.973 31014 31124 I BatteryMgr:DataCollectionService: stats => 1688920544973,-291992,4303
07-09 18:35:44.984 31014 31124 I BatteryMgr:DataCollectionService: stats => 1688920544979,-291992,4303
07-09 18:35:44.992 31014 31122 I BatteryMgr:DataCollectionService: stats => 1688920544992,-291992,4303
07-09 18:35:44.998 31014 31122 I BatteryMgr:DataCollectionService: stats => 1688920544998,-291992,4303
07-09 18:35:45.003 31014 31124 I BatteryMgr:DataCollectionService: stats => 1688920545003,-291992,4303
07-09 18:35:45.014 31014 31124 I BatteryMgr:DataCollectionService: stats => 1688920545014,-291992,4303
07-09 18:35:45.024 31014 31124 I BatteryMgr:DataCollectionService: stats => 1688920545024,-291992,4303
07-09 18:35:45.035 31014 31124 I BatteryMgr:DataCollectionService: stats => 1688920545035,-291992,4303
07-09 18:35:45.041 31014 31122 I BatteryMgr:DataCollectionService: stats => 1688920545041,-291992,4303
07-09 18:35:45.045 31014 31122 I BatteryMgr:DataCollectionService: stats => 1688920545045,-291992,4303
07-09 18:35:45.054 31014 31124 I BatteryMgr:DataCollectionService: stats => 1688920545054,-291992,4303
07-09 18:35:45.059 31014 31124 I BatteryMgr:DataCollectionService: stats => 1688920545059,-291992,4303
07-09 18:35:45.063 31014 31124 I BatteryMgr:DataCollectionService: stats => 1688920545063,-291992,4303
07-09 18:35:45.072 31014 31124 I BatteryMgr:DataCollectionService: stats => 1688920545071,-291992,4303
07-09 18:35:45.080 31014 31124 I BatteryMgr:DataCollectionService: stats => 1688920545080,-291992,4303
07-09 18:35:45.085 31014 31124 I BatteryMgr:DataCollectionService: stats => 1688920545085,-291992,4303
07-09 18:35:45.093 31014 31124 I BatteryMgr:DataCollectionService: stats => 1688920545093,-291992,4303
07-09 18:35:45.097 31014 31124 I BatteryMgr:DataCollectionService: stats => 1688920545097,-291992,4303
07-09 18:35:45.102 31014 31124 I BatteryMgr:DataCollectionService: stats => 1688920545102,-291992,4303
07-09 18:35:45.106 31014 31124 I BatteryMgr:DataCollectionService: stats => 1688920545106,-291992,4303
07-09 18:35:45.114 31014 31124 I BatteryMgr:DataCollectionService: stats => 1688920545114,-291992,4303
07-09 18:35:45.117 31014 31124 I BatteryMgr:DataCollectionService: stats => 1688920545117,-291992,4303
07-09 18:35:45.122 31014 31124 I BatteryMgr:DataCollectionService: stats => 1688920545122,-291992,4303
07-09 18:35:45.133 31014 31124 I BatteryMgr:DataCollectionService: stats => 1688920545133,-291992,4303
07-09 18:35:45.139 31014 31124 I BatteryMgr:DataCollectionService: stats => 1688920545138,-291992,4303
07-09 18:35:45.143 31014 31124 I BatteryMgr:DataCollectionService: stats => 1688920545143,-291992,4303
07-09 18:35:45.148 31014 31124 I BatteryMgr:DataCollectionService: stats => 1688920545148,-291992,4303
07-09 18:35:45.153 31014 31124 I BatteryMgr:DataCollectionService: stats => 1688920545153,-291992,4303
07-09 18:35:45.158 31014 31124 I BatteryMgr:DataCollectionService: stats => 1688920545158,-291992,4303
07-09 18:35:45.163 31014 31124 I BatteryMgr:DataCollectionService: stats => 1688920545163,-291992,4303
07-09 18:35:45.173 31014 31124 I BatteryMgr:DataCollectionService: stats => 1688920545173,-291992,4303
07-09 18:35:45.179 31014 31124 I BatteryMgr:DataCollectionService: stats => 1688920545179,-291992,4303
07-09 18:35:45.184 31014 31124 I BatteryMgr:DataCollectionService: stats => 1688920545184,-291992,4303
07-09 18:35:45.197 31014 31124 I BatteryMgr:DataCollectionService: stats => 1688920545197,-291992,4303
07-09 18:35:45.202 31014 31124 I BatteryMgr:DataCollectionService: stats => 1688920545202,-291992,4303
07-09 18:35:45.210 31014 31124 I BatteryMgr:DataCollectionService: stats => 1688920545210,-291992,4303
07-09 18:35:45.215 31014 31124 I BatteryMgr:DataCollectionService: stats => 1688920545215,-291992,4303
07-09 18:35:45.220 31014 31124 I BatteryMgr:DataCollectionService: stats => 1688920545220,-291992,4303
07-09 18:35:45.224 31014 31124 I BatteryMgr:DataCollectionService: stats => 1688920545224,-291992,4303
07-09 18:35:45.234 31014 31124 I BatteryMgr:DataCollectionService: stats => 1688920545234,-291992,4303
07-09 18:35:45.241 31014 31124 I BatteryMgr:DataCollectionService: stats => 1688920545241,-291992,4303
07-09 18:35:45.245 31014 31124 I BatteryMgr:DataCollectionService: stats => 1688920545245,-291992,4303
07-09 18:35:45.259 31014 31124 I BatteryMgr:DataCollectionService: stats => 1688920545259,-291992,4303
07-09 18:35:45.264 31014 31124 I BatteryMgr:DataCollectionService: stats => 1688920545264,-291992,4303
07-09 18:35:45.272 31014 31124 I BatteryMgr:DataCollectionService: stats => 1688920545272,-291992,4303
07-09 18:35:45.277 31014 31124 I BatteryMgr:DataCollectionService: stats => 1688920545277,-291992,4303
07-09 18:35:45.282 31014 31124 I BatteryMgr:DataCollectionService: stats => 1688920545282,-291992,4303
07-09 18:35:45.290 31014 31124 I BatteryMgr:DataCollectionService: stats => 1688920545290,-291992,4303
07-09 18:35:45.297 31014 31122 I BatteryMgr:DataCollectionService: stats => 1688920545297,-291992,4303
07-09 18:35:45.303 31014 31124 I BatteryMgr:DataCollectionService: stats => 1688920545303,-291992,4303
07-09 18:35:45.314 31014 31124 I BatteryMgr:DataCollectionService: stats => 1688920545314,-291992,4303
07-09 18:35:45.322 31014 31124 I BatteryMgr:DataCollectionService: stats => 1688920545322,-291992,4303
07-09 18:35:45.329 31014 31124 I BatteryMgr:DataCollectionService: stats => 1688920545329,-291992,4303
07-09 18:35:45.332  1296 31090 D CCodecBuffers: [c2.android.amrnb.encoder#953:Output[N]] popFromStashAndRegister: output format changed to AMessage(what = 0x00000000) = {
07-09 18:35:45.332  1296 31090 D CCodecBuffers:   int32_t bitrate = 12200
07-09 18:35:45.332  1296 31090 D CCodecBuffers:   int32_t channel-count = 1
07-09 18:35:45.332  1296 31090 D CCodecBuffers:   int32_t max-bitrate = 12200
07-09 18:35:45.332  1296 31090 D CCodecBuffers:   string mime = "audio/3gpp"
07-09 18:35:45.332  1296 31090 D CCodecBuffers:   int32_t sample-rate = 8000
07-09 18:35:45.332  1296 31090 D CCodecBuffers: }
07-09 18:35:45.335 31014 31124 I BatteryMgr:DataCollectionService: stats => 1688920545335,-291992,4303
07-09 18:35:45.341 31014 31124 I BatteryMgr:DataCollectionService: stats => 1688920545341,-291992,4303
07-09 18:35:45.346 31014 31124 I BatteryMgr:DataCollectionService: stats => 1688920545346,-291992,4303
07-09 18:35:45.355 31014 31124 I BatteryMgr:DataCollectionService: stats => 1688920545354,-291992,4303
07-09 18:35:45.360 31014 31124 I BatteryMgr:DataCollectionService: stats => 1688920545360,-291992,4303
07-09 18:35:45.365 31014 31124 I BatteryMgr:DataCollectionService: stats => 1688920545365,-291992,4303
07-09 18:35:45.375 31014 31124 I BatteryMgr:DataCollectionService: stats => 1688920545375,-218749,4303
07-09 18:35:45.381 31014 31124 I BatteryMgr:DataCollectionService: stats => 1688920545381,-218749,4303
07-09 18:35:45.385 31014 31124 I BatteryMgr:DataCollectionService: stats => 1688920545385,-218749,4303
07-09 18:35:45.394 31014 31124 I BatteryMgr:DataCollectionService: stats => 1688920545394,-218749,4303
07-09 18:35:45.399 31014 31124 I BatteryMgr:DataCollectionService: stats => 1688920545399,-218749,4303
07-09 18:35:45.404 31014 31124 I BatteryMgr:DataCollectionService: stats => 1688920545404,-218749,4303
07-09 18:35:45.409 31014 31124 I BatteryMgr:DataCollectionService: stats => 1688920545409,-218749,4303
07-09 18:35:45.417 31014 31124 I BatteryMgr:DataCollectionService: stats => 1688920545417,-218749,4303
07-09 18:35:45.422 31014 31124 I BatteryMgr:DataCollectionService: stats => 1688920545422,-218749,4303
07-09 18:35:45.431 31014 31124 I BatteryMgr:DataCollectionService: stats => 1688920545431,-218749,4303
07-09 18:35:45.437 31014 31124 I BatteryMgr:DataCollectionService: stats => 1688920545437,-218749,4303
07-09 18:35:45.443 31014 31124 I BatteryMgr:DataCollectionService: stats => 1688920545443,-218749,4303
07-09 18:35:45.456 31014 31124 I BatteryMgr:DataCollectionService: stats => 1688920545456,-218749,4303
07-09 18:35:45.471 31014 31124 I BatteryMgr:DataCollectionService: stats => 1688920545471,-218749,4303
07-09 18:35:45.476 31014 31124 I BatteryMgr:DataCollectionService: stats => 1688920545476,-218749,4303
07-09 18:35:45.481 31014 31124 I BatteryMgr:DataCollectionService: stats => 1688920545481,-218749,4303
07-09 18:35:45.488 31014 31124 I BatteryMgr:DataCollectionService: stats => 1688920545488,-218749,4303
07-09 18:35:45.495 31014 31124 I BatteryMgr:DataCollectionService: stats => 1688920545494,-218749,4303
07-09 18:35:45.500 31014 31124 I BatteryMgr:DataCollectionService: stats => 1688920545499,-218749,4303
07-09 18:35:45.503 31014 31124 I BatteryMgr:DataCollectionService: stats => 1688920545503,-218749,4303
07-09 18:35:45.511 31014 31124 I BatteryMgr:DataCollectionService: stats => 1688920545511,-218749,4303
07-09 18:35:45.515 31014 31124 I BatteryMgr:DataCollectionService: stats => 1688920545515,-218749,4303
07-09 18:35:45.520 31014 31124 I BatteryMgr:DataCollectionService: stats => 1688920545520,-218749,4303
07-09 18:35:45.523 31014 31124 I BatteryMgr:DataCollectionService: stats => 1688920545523,-218749,4303
07-09 18:35:45.531 31014 31124 I BatteryMgr:DataCollectionService: stats => 1688920545531,-218749,4303
07-09 18:35:45.536 31014 31124 I BatteryMgr:DataCollectionService: stats => 1688920545536,-218749,4303
07-09 18:35:45.541 31014 31124 I BatteryMgr:DataCollectionService: stats => 1688920545541,-218749,4303
07-09 18:35:45.546 31014 31124 I BatteryMgr:DataCollectionService: stats => 1688920545546,-218749,4303
07-09 18:35:45.555 31014 31124 I BatteryMgr:DataCollectionService: stats => 1688920545555,-218749,4303
07-09 18:35:45.561 31014 31124 I BatteryMgr:DataCollectionService: stats => 1688920545561,-218749,4303
07-09 18:35:45.569 31014 31124 I BatteryMgr:DataCollectionService: stats => 1688920545568,-218749,4303
07-09 18:35:45.576 31014 31124 I BatteryMgr:DataCollectionService: stats => 1688920545575,-218749,4303
07-09 18:35:45.581 31014 31124 I BatteryMgr:DataCollectionService: stats => 1688920545581,-218749,4303
07-09 18:35:45.585 31014 31124 I BatteryMgr:DataCollectionService: stats => 1688920545585,-218749,4303
07-09 18:35:45.590 31014 31124 I BatteryMgr:DataCollectionService: stats => 1688920545590,-218749,4303
07-09 18:35:45.592  1296 31090 D CCodecBuffers: [c2.android.amrnb.encoder#953:Output[N]] popFromStashAndRegister: output format changed to AMessage(what = 0x00000000) = {
07-09 18:35:45.592  1296 31090 D CCodecBuffers:   int32_t bitrate = 12200
07-09 18:35:45.592  1296 31090 D CCodecBuffers:   int32_t channel-count = 1
07-09 18:35:45.592  1296 31090 D CCodecBuffers:   int32_t max-bitrate = 12200
07-09 18:35:45.592  1296 31090 D CCodecBuffers:   string mime = "audio/3gpp"
07-09 18:35:45.592  1296 31090 D CCodecBuffers:   int32_t sample-rate = 8000
07-09 18:35:45.592  1296 31090 D CCodecBuffers: }
07-09 18:35:45.596 31014 31124 I BatteryMgr:DataCollectionService: stats => 1688920545596,-218749,4303
07-09 18:35:45.601 31014 31124 I BatteryMgr:DataCollectionService: stats => 1688920545601,-218749,4303
07-09 18:35:45.606 31014 31124 I BatteryMgr:DataCollectionService: stats => 1688920545606,-218749,4303
07-09 18:35:45.611 31014 31124 I BatteryMgr:DataCollectionService: stats => 1688920545611,-218749,4303
07-09 18:35:45.616 31014 31124 I BatteryMgr:DataCollectionService: stats => 1688920545616,-218749,4303
07-09 18:35:45.621 31014 31124 I BatteryMgr:DataCollectionService: stats => 1688920545621,-218749,4303
07-09 18:35:45.625 31014 31124 I BatteryMgr:DataCollectionService: stats => 1688920545624,-218749,4303
07-09 18:35:45.631 31014 31124 I BatteryMgr:DataCollectionService: stats => 1688920545630,-218749,4303
07-09 18:35:45.636 31014 31124 I BatteryMgr:DataCollectionService: stats => 1688920545636,-218749,4303
07-09 18:35:45.641 31014 31124 I BatteryMgr:DataCollectionService: stats => 1688920545641,-218749,4303
07-09 18:35:45.645 31014 31124 I BatteryMgr:DataCollectionService: stats => 1688920545645,-218749,4303
07-09 18:35:45.650 31014 31124 I BatteryMgr:DataCollectionService: stats => 1688920545650,-218749,4303
07-09 18:35:45.655 31014 31124 I BatteryMgr:DataCollectionService: stats => 1688920545655,-218749,4303
07-09 18:35:45.659 31014 31124 I BatteryMgr:DataCollectionService: stats => 1688920545659,-218749,4303
07-09 18:35:45.666 31014 31124 I BatteryMgr:DataCollectionService: stats => 1688920545666,-218749,4303
07-09 18:35:45.671 31014 31124 I BatteryMgr:DataCollectionService: stats => 1688920545671,-218749,4303
07-09 18:35:45.675 31014 31124 I BatteryMgr:DataCollectionService: stats => 1688920545675,-218749,4303
07-09 18:35:45.680 31014 31124 I BatteryMgr:DataCollectionService: stats => 1688920545680,-218749,4303
07-09 18:35:45.684 31014 31124 I BatteryMgr:DataCollectionService: stats => 1688920545684,-218749,4303
07-09 18:35:45.689 31014 31124 I BatteryMgr:DataCollectionService: stats => 1688920545688,-218749,4303
07-09 18:35:45.694 31014 31124 I BatteryMgr:DataCollectionService: stats => 1688920545693,-218749,4303
07-09 18:35:45.698 31014 31124 I BatteryMgr:DataCollectionService: stats => 1688920545697,-218749,4303
07-09 18:35:45.702 31014 31124 I BatteryMgr:DataCollectionService: stats => 1688920545702,-218749,4303
07-09 18:35:45.702  1296 29757 D CCodecBufferChannel: [c2.android.amrnb.encoder#953] DEBUG: elapsed: n=4 [in=0 pipeline=0 out=0 smoothness=4]
07-09 18:35:45.702  1296 29757 D PipelineWatcher: DEBUG: elapsed 0 / 4
07-09 18:35:45.706 31014 31124 I BatteryMgr:DataCollectionService: stats => 1688920545706,-218749,4303
07-09 18:35:45.713 31014 31124 I BatteryMgr:DataCollectionService: stats => 1688920545713,-218749,4303
07-09 18:35:45.719 31014 31124 I BatteryMgr:DataCollectionService: stats => 1688920545718,-218749,4303
07-09 18:35:45.724 31014 31124 I BatteryMgr:DataCollectionService: stats => 1688920545724,-218749,4303
07-09 18:35:45.730 31014 31124 I BatteryMgr:DataCollectionService: stats => 1688920545730,-218749,4303
07-09 18:35:45.734 31014 31124 I BatteryMgr:DataCollectionService: stats => 1688920545733,-218749,4303
07-09 18:35:45.737 31014 31124 I BatteryMgr:DataCollectionService: stats => 1688920545737,-218749,4303
07-09 18:35:45.742 31014 31124 I BatteryMgr:DataCollectionService: stats => 1688920545742,-218749,4303
07-09 18:35:45.752 31014 31124 I BatteryMgr:DataCollectionService: stats => 1688920545752,-218749,4303
07-09 18:35:45.758 31014 31124 I BatteryMgr:DataCollectionService: stats => 1688920545756,-218749,4303
07-09 18:35:45.762 31014 31124 I BatteryMgr:DataCollectionService: stats => 1688920545762,-218749,4303
07-09 18:35:45.768 31014 31124 I BatteryMgr:DataCollectionService: stats => 1688920545768,-218749,4303
07-09 18:35:45.773 31014 31124 I BatteryMgr:DataCollectionService: stats => 1688920545773,-218749,4303
07-09 18:35:45.777 31014 31124 I BatteryMgr:DataCollectionService: stats => 1688920545777,-218749,4303
07-09 18:35:45.782 31014 31124 I BatteryMgr:DataCollectionService: stats => 1688920545782,-218749,4303
07-09 18:35:45.789 31014 31124 I BatteryMgr:DataCollectionService: stats => 1688920545789,-218749,4303
07-09 18:35:45.795 31014 31124 I BatteryMgr:DataCollectionService: stats => 1688920545795,-218749,4303
07-09 18:35:45.800 31014 31124 I BatteryMgr:DataCollectionService: stats => 1688920545800,-218749,4303
07-09 18:35:45.804 31014 31124 I BatteryMgr:DataCollectionService: stats => 1688920545804,-218749,4303
07-09 18:35:45.812 31014 31124 I BatteryMgr:DataCollectionService: stats => 1688920545812,-218749,4303
07-09 18:35:45.817 31014 31124 I BatteryMgr:DataCollectionService: stats => 1688920545817,-218749,4303
07-09 18:35:45.821 31014 31124 I BatteryMgr:DataCollectionService: stats => 1688920545821,-218749,4303
07-09 18:35:45.825 31014 31124 I BatteryMgr:DataCollectionService: stats => 1688920545825,-218749,4303
07-09 18:35:45.832 31014 31124 I BatteryMgr:DataCollectionService: stats => 1688920545832,-218749,4303
07-09 18:35:45.837 31014 31124 I BatteryMgr:DataCollectionService: stats => 1688920545837,-218749,4303
07-09 18:35:45.842 31014 31124 I BatteryMgr:DataCollectionService: stats => 1688920545842,-218749,4303
07-09 18:35:45.846 31014 31124 I BatteryMgr:DataCollectionService: stats => 1688920545846,-218749,4303
07-09 18:35:45.852  1296 31090 D CCodecBuffers: [c2.android.amrnb.encoder#953:Output[N]] popFromStashAndRegister: output format changed to AMessage(what = 0x00000000) = {
07-09 18:35:45.852  1296 31090 D CCodecBuffers:   int32_t bitrate = 12200
07-09 18:35:45.852  1296 31090 D CCodecBuffers:   int32_t channel-count = 1
07-09 18:35:45.852  1296 31090 D CCodecBuffers:   int32_t max-bitrate = 12200
07-09 18:35:45.852  1296 31090 D CCodecBuffers:   string mime = "audio/3gpp"
07-09 18:35:45.852  1296 31090 D CCodecBuffers:   int32_t sample-rate = 8000
07-09 18:35:45.852  1296 31090 D CCodecBuffers: }
07-09 18:35:45.856 31014 31124 I BatteryMgr:DataCollectionService: stats => 1688920545855,-218749,4303
07-09 18:35:45.861 31014 31124 I BatteryMgr:DataCollectionService: stats => 1688920545861,-218749,4303
07-09 18:35:45.865 31014 31124 I BatteryMgr:DataCollectionService: stats => 1688920545865,-218749,4303
07-09 18:35:45.874 31014 31124 I BatteryMgr:DataCollectionService: stats => 1688920545874,-218749,4303
07-09 18:35:45.879 31014 31124 I BatteryMgr:DataCollectionService: stats => 1688920545879,-218749,4303
07-09 18:35:45.884 31014 31124 I BatteryMgr:DataCollectionService: stats => 1688920545884,-218749,4303
07-09 18:35:45.891 31014 31124 I BatteryMgr:DataCollectionService: stats => 1688920545891,-218749,4303
07-09 18:35:45.897 31014 31124 I BatteryMgr:DataCollectionService: stats => 1688920545897,-218749,4303
07-09 18:35:45.902 31014 31124 I BatteryMgr:DataCollectionService: stats => 1688920545902,-218749,4303
07-09 18:35:45.913 31014 31124 I BatteryMgr:DataCollectionService: stats => 1688920545913,-218749,4303
07-09 18:35:45.919 31014 31124 I BatteryMgr:DataCollectionService: stats => 1688920545919,-218749,4303
07-09 18:35:45.932 31014 31124 I BatteryMgr:DataCollectionService: stats => 1688920545932,-218749,4303
07-09 18:35:45.937 31014 31124 I BatteryMgr:DataCollectionService: stats => 1688920545937,-218749,4303
07-09 18:35:45.951 31014 31124 I BatteryMgr:DataCollectionService: stats => 1688920545950,-218749,4303
07-09 18:35:45.959 31014 31124 I BatteryMgr:DataCollectionService: stats => 1688920545958,-218749,4303
07-09 18:35:45.964 31014 31124 I BatteryMgr:DataCollectionService: stats => 1688920545964,-218749,4303
07-09 18:35:45.973 31014 31122 I BatteryMgr:DataCollectionService: stats => 1688920545973,-218749,4303
07-09 18:35:45.977 31014 31124 I BatteryMgr:DataCollectionService: stats => 1688920545977,-218749,4303
07-09 18:35:45.980 31014 31124 I BatteryMgr:DataCollectionService: stats => 1688920545980,-218749,4303
07-09 18:35:45.984 31014 31124 I BatteryMgr:DataCollectionService: stats => 1688920545984,-218749,4303
07-09 18:35:45.992 31014 31124 I BatteryMgr:DataCollectionService: stats => 1688920545992,-218749,4303
07-09 18:35:45.996 31014 31124 I BatteryMgr:DataCollectionService: stats => 1688920545996,-218749,4303
07-09 18:35:46.001 31014 31124 I BatteryMgr:DataCollectionService: stats => 1688920546001,-218749,4303
07-09 18:35:46.005 31014 31124 I BatteryMgr:DataCollectionService: stats => 1688920546005,-218749,4303
07-09 18:35:46.012 31014 31124 I BatteryMgr:DataCollectionService: stats => 1688920546011,-218749,4303
07-09 18:35:46.018 31014 31124 I BatteryMgr:DataCollectionService: stats => 1688920546018,-218749,4303
07-09 18:35:46.023 31014 31124 I BatteryMgr:DataCollectionService: stats => 1688920546023,-218749,4303
07-09 18:35:46.031 31014 31124 I BatteryMgr:DataCollectionService: stats => 1688920546031,-218749,4303
07-09 18:35:46.038 31014 31124 I BatteryMgr:DataCollectionService: stats => 1688920546038,-218749,4303
07-09 18:35:46.043 31014 31124 I BatteryMgr:DataCollectionService: stats => 1688920546043,-218749,4303
07-09 18:35:46.047 31014 31124 I BatteryMgr:DataCollectionService: stats => 1688920546047,-218749,4303
07-09 18:35:46.053 31014 31124 I BatteryMgr:DataCollectionService: stats => 1688920546053,-218749,4303
07-09 18:35:46.057 31014 31124 I BatteryMgr:DataCollectionService: stats => 1688920546057,-218749,4303
07-09 18:35:46.063 31014 31124 I BatteryMgr:DataCollectionService: stats => 1688920546063,-218749,4303
07-09 18:35:46.068 31014 31124 I BatteryMgr:DataCollectionService: stats => 1688920546067,-218749,4303
07-09 18:35:46.080 31014 31124 I BatteryMgr:DataCollectionService: stats => 1688920546080,-218749,4303
07-09 18:35:46.084 31014 31124 I BatteryMgr:DataCollectionService: stats => 1688920546084,-218749,4303
07-09 18:35:46.088 31014 31124 I BatteryMgr:DataCollectionService: stats => 1688920546088,-218749,4303
07-09 18:35:46.093 31014 31124 I BatteryMgr:DataCollectionService: stats => 1688920546093,-218749,4303
07-09 18:35:46.098 31014 31124 I BatteryMgr:DataCollectionService: stats => 1688920546098,-218749,4303
07-09 18:35:46.103 31014 31124 I BatteryMgr:DataCollectionService: stats => 1688920546103,-218749,4303
07-09 18:35:46.109 31014 31124 I BatteryMgr:DataCollectionService: stats => 1688920546109,-218749,4303
07-09 18:35:46.112  1296 31090 D CCodecBuffers: [c2.android.amrnb.encoder#953:Output[N]] popFromStashAndRegister: output format changed to AMessage(what = 0x00000000) = {
07-09 18:35:46.112  1296 31090 D CCodecBuffers:   int32_t bitrate = 12200
07-09 18:35:46.112  1296 31090 D CCodecBuffers:   int32_t channel-count = 1
07-09 18:35:46.112  1296 31090 D CCodecBuffers:   int32_t max-bitrate = 12200
07-09 18:35:46.112  1296 31090 D CCodecBuffers:   string mime = "audio/3gpp"
07-09 18:35:46.112  1296 31090 D CCodecBuffers:   int32_t sample-rate = 8000
07-09 18:35:46.112  1296 31090 D CCodecBuffers: }
07-09 18:35:46.115 31014 31124 I BatteryMgr:DataCollectionService: stats => 1688920546115,-218749,4303
07-09 18:35:46.120 31014 31124 I BatteryMgr:DataCollectionService: stats => 1688920546120,-218749,4303
07-09 18:35:46.123 31014 31124 I BatteryMgr:DataCollectionService: stats => 1688920546123,-218749,4303
07-09 18:35:46.132 31014 31124 I BatteryMgr:DataCollectionService: stats => 1688920546131,-218749,4303
07-09 18:35:46.139 31014 31124 I BatteryMgr:DataCollectionService: stats => 1688920546139,-218749,4303
07-09 18:35:46.143 31014 31124 I BatteryMgr:DataCollectionService: stats => 1688920546143,-218749,4303
07-09 18:35:46.149 31014 31124 I BatteryMgr:DataCollectionService: stats => 1688920546149,-218749,4303
07-09 18:35:46.154 31014 31124 I BatteryMgr:DataCollectionService: stats => 1688920546154,-218749,4303
07-09 18:35:46.159 31014 31124 I BatteryMgr:DataCollectionService: stats => 1688920546159,-218749,4303
07-09 18:35:46.163 31014 31124 I BatteryMgr:DataCollectionService: stats => 1688920546163,-218749,4303
07-09 18:35:46.171 31014 31124 I BatteryMgr:DataCollectionService: stats => 1688920546171,-218749,4303
07-09 18:35:46.175 31014 31124 I BatteryMgr:DataCollectionService: stats => 1688920546175,-218749,4303
07-09 18:35:46.180 31014 31124 I BatteryMgr:DataCollectionService: stats => 1688920546179,-218749,4303
07-09 18:35:46.183 31014 31124 I BatteryMgr:DataCollectionService: stats => 1688920546183,-218749,4303
07-09 18:35:46.191 31014 31124 I BatteryMgr:DataCollectionService: stats => 1688920546191,-218749,4303
07-09 18:35:46.196 31014 31124 I BatteryMgr:DataCollectionService: stats => 1688920546196,-218749,4303
07-09 18:35:46.200 31014 31124 I BatteryMgr:DataCollectionService: stats => 1688920546200,-218749,4303
07-09 18:35:46.203 31014 31124 I BatteryMgr:DataCollectionService: stats => 1688920546203,-218749,4303
07-09 18:35:46.207 31014 31124 I BatteryMgr:DataCollectionService: stats => 1688920546207,-218749,4303
07-09 18:35:46.212 31014 31124 I BatteryMgr:DataCollectionService: stats => 1688920546212,-218749,4303
07-09 18:35:46.215 31014 31124 I BatteryMgr:DataCollectionService: stats => 1688920546215,-218749,4303
07-09 18:35:46.220 31014 31124 I BatteryMgr:DataCollectionService: stats => 1688920546220,-218749,4303
07-09 18:35:46.226 31014 31124 I BatteryMgr:DataCollectionService: stats => 1688920546226,-218749,4303
07-09 18:35:46.231 31014 31124 I BatteryMgr:DataCollectionService: stats => 1688920546231,-218749,4303
07-09 18:35:46.235 31014 31124 I BatteryMgr:DataCollectionService: stats => 1688920546235,-218749,4303
07-09 18:35:46.241 31014 31124 I BatteryMgr:DataCollectionService: stats => 1688920546241,-218749,4303
07-09 18:35:46.245 31014 31124 I BatteryMgr:DataCollectionService: stats => 1688920546245,-218749,4303
07-09 18:35:46.251 31014 31124 I BatteryMgr:DataCollectionService: stats => 1688920546251,-218749,4303
07-09 18:35:46.256 31014 31124 I BatteryMgr:DataCollectionService: stats => 1688920546256,-218749,4303
07-09 18:35:46.261 31014 31124 I BatteryMgr:DataCollectionService: stats => 1688920546261,-218749,4303
07-09 18:35:46.269 31014 31124 I BatteryMgr:DataCollectionService: stats => 1688920546269,-218749,4303
07-09 18:35:46.279 31014 31124 I BatteryMgr:DataCollectionService: stats => 1688920546279,-218749,4303
07-09 18:35:46.284 31014 31124 I BatteryMgr:DataCollectionService: stats => 1688920546284,-218749,4303
07-09 18:35:46.294 31014 31124 I BatteryMgr:DataCollectionService: stats => 1688920546294,-218749,4303
07-09 18:35:46.299 31014 31124 I BatteryMgr:DataCollectionService: stats => 1688920546299,-218749,4303
07-09 18:35:46.303 31014 31124 I BatteryMgr:DataCollectionService: stats => 1688920546303,-218749,4303
07-09 18:35:46.312 31014 31124 I BatteryMgr:DataCollectionService: stats => 1688920546312,-218749,4303
07-09 18:35:46.316 31014 31124 I BatteryMgr:DataCollectionService: stats => 1688920546316,-218749,4303
07-09 18:35:46.321 31014 31124 I BatteryMgr:DataCollectionService: stats => 1688920546321,-218749,4303
07-09 18:35:46.324 31014 31124 I BatteryMgr:DataCollectionService: stats => 1688920546324,-218749,4303
07-09 18:35:46.329 31014 31124 I BatteryMgr:DataCollectionService: stats => 1688920546329,-218749,4303
07-09 18:35:46.333 31014 31124 I BatteryMgr:DataCollectionService: stats => 1688920546333,-218749,4303
07-09 18:35:46.337 31014 31124 I BatteryMgr:DataCollectionService: stats => 1688920546337,-218749,4303
07-09 18:35:46.341 31014 31124 I BatteryMgr:DataCollectionService: stats => 1688920546341,-218749,4303
07-09 18:35:46.350 31014 31124 I BatteryMgr:DataCollectionService: stats => 1688920546350,-218749,4303
07-09 18:35:46.355 31014 31124 I BatteryMgr:DataCollectionService: stats => 1688920546355,-218749,4303
07-09 18:35:46.359 31014 31124 I BatteryMgr:DataCollectionService: stats => 1688920546359,-218749,4303
07-09 18:35:46.364 31014 31124 I BatteryMgr:DataCollectionService: stats => 1688920546363,-218749,4303
07-09 18:35:46.372 31014 31124 I BatteryMgr:DataCollectionService: stats => 1688920546371,-218749,4303
07-09 18:35:46.380 31014 31124 I BatteryMgr:DataCollectionService: stats => 1688920546379,-218749,4303
07-09 18:35:46.388 31014 31124 I BatteryMgr:DataCollectionService: stats => 1688920546388,-218749,4303
07-09 18:35:46.394 31014 31124 I BatteryMgr:DataCollectionService: stats => 1688920546393,-218749,4303
07-09 18:35:46.399 31014 31124 I BatteryMgr:DataCollectionService: stats => 1688920546399,-218749,4303
07-09 18:35:46.404 31014 31124 I BatteryMgr:DataCollectionService: stats => 1688920546404,-218749,4303
07-09 18:35:46.411 31014 31124 I BatteryMgr:DataCollectionService: stats => 1688920546411,-218749,4303
07-09 18:35:46.416 31014 31124 I BatteryMgr:DataCollectionService: stats => 1688920546416,-218749,4303
07-09 18:35:46.421 31014 31124 I BatteryMgr:DataCollectionService: stats => 1688920546421,-218749,4303
07-09 18:35:46.425 31014 31124 I BatteryMgr:DataCollectionService: stats => 1688920546425,-218749,4303
07-09 18:35:46.431 31014 31124 I BatteryMgr:DataCollectionService: stats => 1688920546431,-218749,4303
07-09 18:35:46.435 31014 31124 I BatteryMgr:DataCollectionService: stats => 1688920546435,-218749,4303
07-09 18:35:46.440 31014 31124 I BatteryMgr:DataCollectionService: stats => 1688920546440,-218749,4303
07-09 18:35:46.444 31014 31124 I BatteryMgr:DataCollectionService: stats => 1688920546444,-218749,4303
07-09 18:35:46.449 31014 31124 I BatteryMgr:DataCollectionService: stats => 1688920546449,-218749,4303
07-09 18:35:46.454 31014 31124 I BatteryMgr:DataCollectionService: stats => 1688920546454,-218749,4303
07-09 18:35:46.459 31014 31124 I BatteryMgr:DataCollectionService: stats => 1688920546459,-218749,4303
07-09 18:35:46.463 31014 31124 I BatteryMgr:DataCollectionService: stats => 1688920546463,-218749,4303
07-09 18:35:46.472 31014 31124 I BatteryMgr:DataCollectionService: stats => 1688920546472,-218749,4303
07-09 18:35:46.477 31014 31124 I BatteryMgr:DataCollectionService: stats => 1688920546476,-218749,4303
07-09 18:35:46.483 31014 31124 I BatteryMgr:DataCollectionService: stats => 1688920546482,-218749,4303
07-09 18:35:46.491 31014 31124 I BatteryMgr:DataCollectionService: stats => 1688920546491,-218749,4303
07-09 18:35:46.496 31014 31124 I BatteryMgr:DataCollectionService: stats => 1688920546496,-218749,4303
07-09 18:35:46.501 31014 31124 I BatteryMgr:DataCollectionService: stats => 1688920546501,-218749,4303
07-09 18:35:46.505 31014 31124 I BatteryMgr:DataCollectionService: stats => 1688920546505,-218749,4303
07-09 18:35:46.513 31014 31124 I BatteryMgr:DataCollectionService: stats => 1688920546513,-218749,4303
07-09 18:35:46.518 31014 31124 I BatteryMgr:DataCollectionService: stats => 1688920546517,-218749,4303
07-09 18:35:46.524 31014 31124 I BatteryMgr:DataCollectionService: stats => 1688920546522,-218749,4303
07-09 18:35:46.535 31014 31124 I BatteryMgr:DataCollectionService: stats => 1688920546535,-218749,4303
07-09 18:35:46.540 31014 31124 I BatteryMgr:DataCollectionService: stats => 1688920546540,-218749,4303
07-09 18:35:46.544 31014 31124 I BatteryMgr:DataCollectionService: stats => 1688920546544,-218749,4303
07-09 18:35:46.555 31014 31124 I BatteryMgr:DataCollectionService: stats => 1688920546555,-218749,4303
07-09 18:35:46.560 31014 31124 I BatteryMgr:DataCollectionService: stats => 1688920546560,-218749,4303
07-09 18:35:46.564 31014 31124 I BatteryMgr:DataCollectionService: stats => 1688920546564,-218749,4303
07-09 18:35:46.574 31014 31124 I BatteryMgr:DataCollectionService: stats => 1688920546574,-218749,4303
07-09 18:35:46.580 31014 31124 I BatteryMgr:DataCollectionService: stats => 1688920546580,-218749,4303
07-09 18:35:46.592 31014 31124 I BatteryMgr:DataCollectionService: stats => 1688920546592,-218749,4303
07-09 18:35:46.597 31014 31124 I BatteryMgr:DataCollectionService: stats => 1688920546597,-218749,4303
07-09 18:35:46.601 31014 31124 I BatteryMgr:DataCollectionService: stats => 1688920546601,-218749,4303
07-09 18:35:46.611  1296 31090 D CCodecBuffers: [c2.android.amrnb.encoder#953:Output[N]] popFromStashAndRegister: output format changed to AMessage(what = 0x00000000) = {
07-09 18:35:46.611  1296 31090 D CCodecBuffers:   int32_t bitrate = 12200
07-09 18:35:46.611  1296 31090 D CCodecBuffers:   int32_t channel-count = 1
07-09 18:35:46.611  1296 31090 D CCodecBuffers:   int32_t max-bitrate = 12200
07-09 18:35:46.611  1296 31090 D CCodecBuffers:   string mime = "audio/3gpp"
07-09 18:35:46.611  1296 31090 D CCodecBuffers:   int32_t sample-rate = 8000
07-09 18:35:46.611  1296 31090 D CCodecBuffers: }
07-09 18:35:46.612 31014 31124 I BatteryMgr:DataCollectionService: stats => 1688920546612,-218749,4303
07-09 18:35:46.618 31014 31124 I BatteryMgr:DataCollectionService: stats => 1688920546618,-218749,4303
07-09 18:35:46.622 31014 31124 I BatteryMgr:DataCollectionService: stats => 1688920546622,-218749,4303
07-09 18:35:46.625 31014 31124 I BatteryMgr:DataCollectionService: stats => 1688920546625,-218749,4303
07-09 18:35:46.632 31014 31124 I BatteryMgr:DataCollectionService: stats => 1688920546632,-218749,4303
07-09 18:35:46.636 31014 31124 I BatteryMgr:DataCollectionService: stats => 1688920546636,-218749,4303
07-09 18:35:46.641 31014 31124 I BatteryMgr:DataCollectionService: stats => 1688920546641,-218749,4303
07-09 18:35:46.647 31014 31124 I BatteryMgr:DataCollectionService: stats => 1688920546647,-218749,4303
07-09 18:35:46.652 31014 31124 I BatteryMgr:DataCollectionService: stats => 1688920546652,-218749,4303
07-09 18:35:46.657 31014 31124 I BatteryMgr:DataCollectionService: stats => 1688920546657,-218749,4303
07-09 18:35:46.661 31014 31124 I BatteryMgr:DataCollectionService: stats => 1688920546661,-218749,4303
07-09 18:35:46.666 31014 31124 I BatteryMgr:DataCollectionService: stats => 1688920546666,-218749,4303
07-09 18:35:46.673 31014 31124 I BatteryMgr:DataCollectionService: stats => 1688920546673,-218749,4303
07-09 18:35:46.677 31014 31124 I BatteryMgr:DataCollectionService: stats => 1688920546677,-218749,4303
07-09 18:35:46.680 31014 31124 I BatteryMgr:DataCollectionService: stats => 1688920546680,-218749,4303
07-09 18:35:46.683 31014 31124 I BatteryMgr:DataCollectionService: stats => 1688920546683,-218749,4303
07-09 18:35:46.691 31014 31124 I BatteryMgr:DataCollectionService: stats => 1688920546691,-218749,4303
07-09 18:35:46.695 31014 31124 I BatteryMgr:DataCollectionService: stats => 1688920546695,-218749,4303
07-09 18:35:46.701 31014 31124 I BatteryMgr:DataCollectionService: stats => 1688920546700,-218749,4303
07-09 18:35:46.708 31014 31124 I BatteryMgr:DataCollectionService: stats => 1688920546708,-218749,4303
07-09 18:35:46.716 31014 31124 I BatteryMgr:DataCollectionService: stats => 1688920546716,-218749,4303
07-09 18:35:46.721 31014 31124 I BatteryMgr:DataCollectionService: stats => 1688920546721,-218749,4303
07-09 18:35:46.734 31014 31124 I BatteryMgr:DataCollectionService: stats => 1688920546734,-218749,4303
07-09 18:35:46.744 31014 31124 I BatteryMgr:DataCollectionService: stats => 1688920546743,-218749,4303
07-09 18:35:46.757 31014 31124 I BatteryMgr:DataCollectionService: stats => 1688920546757,-218749,4303
07-09 18:35:46.763 31014 31124 I BatteryMgr:DataCollectionService: stats => 1688920546763,-218749,4303
07-09 18:35:46.767 31014 31124 I BatteryMgr:DataCollectionService: stats => 1688920546767,-218749,4303
07-09 18:35:46.773 31014 31124 I BatteryMgr:DataCollectionService: stats => 1688920546773,-218749,4303
07-09 18:35:46.777 31014 31124 I BatteryMgr:DataCollectionService: stats => 1688920546777,-218749,4303
07-09 18:35:46.782 31014 31124 I BatteryMgr:DataCollectionService: stats => 1688920546782,-218749,4303
07-09 18:35:46.789 31014 31124 I BatteryMgr:DataCollectionService: stats => 1688920546789,-218749,4303
07-09 18:35:46.794 31014 31124 I BatteryMgr:DataCollectionService: stats => 1688920546794,-218749,4303
07-09 18:35:46.799 31014 31124 I BatteryMgr:DataCollectionService: stats => 1688920546799,-218749,4303
07-09 18:35:46.811 31014 31124 I BatteryMgr:DataCollectionService: stats => 1688920546811,-218749,4303
07-09 18:35:46.814 31014 31124 I BatteryMgr:DataCollectionService: stats => 1688920546814,-218749,4303
07-09 18:35:46.818 31014 31124 I BatteryMgr:DataCollectionService: stats => 1688920546818,-218749,4303
07-09 18:35:46.822 31014 31124 I BatteryMgr:DataCollectionService: stats => 1688920546822,-218749,4303
07-09 18:35:46.829 31014 31124 I BatteryMgr:DataCollectionService: stats => 1688920546829,-218749,4303
07-09 18:35:46.834 31014 31124 I BatteryMgr:DataCollectionService: stats => 1688920546834,-218749,4303
07-09 18:35:46.839 31014 31124 I BatteryMgr:DataCollectionService: stats => 1688920546839,-218749,4303
07-09 18:35:46.844 31014 31124 I BatteryMgr:DataCollectionService: stats => 1688920546844,-218749,4303
07-09 18:35:46.855 31014 31124 I BatteryMgr:DataCollectionService: stats => 1688920546855,-243163,4303
07-09 18:35:46.860 31014 31124 I BatteryMgr:DataCollectionService: stats => 1688920546860,-243163,4303
07-09 18:35:46.864 31014 31124 I BatteryMgr:DataCollectionService: stats => 1688920546864,-243163,4303
07-09 18:35:46.870 31014 31124 I BatteryMgr:DataCollectionService: stats => 1688920546870,-243163,4303
07-09 18:35:46.875  1296 31090 D CCodecBuffers: [c2.android.amrnb.encoder#953:Output[N]] popFromStashAndRegister: output format changed to AMessage(what = 0x00000000) = {
07-09 18:35:46.875  1296 31090 D CCodecBuffers:   int32_t bitrate = 12200
07-09 18:35:46.875  1296 31090 D CCodecBuffers:   int32_t channel-count = 1
07-09 18:35:46.875  1296 31090 D CCodecBuffers:   int32_t max-bitrate = 12200
07-09 18:35:46.875  1296 31090 D CCodecBuffers:   string mime = "audio/3gpp"
07-09 18:35:46.875  1296 31090 D CCodecBuffers:   int32_t sample-rate = 8000
07-09 18:35:46.875  1296 31090 D CCodecBuffers: }
07-09 18:35:46.876 31014 31124 I BatteryMgr:DataCollectionService: stats => 1688920546876,-243163,4303
07-09 18:35:46.881 31014 31124 I BatteryMgr:DataCollectionService: stats => 1688920546881,-243163,4303
07-09 18:35:46.885 31014 31124 I BatteryMgr:DataCollectionService: stats => 1688920546885,-243163,4303
07-09 18:35:46.893 31014 31124 I BatteryMgr:DataCollectionService: stats => 1688920546893,-243163,4303
07-09 18:35:46.897 31014 31124 I BatteryMgr:DataCollectionService: stats => 1688920546897,-243163,4303
07-09 18:35:46.902 31014 31123 I BatteryMgr:DataCollectionService: stats => 1688920546902,-243163,4303
07-09 18:35:46.906 31014 31124 I BatteryMgr:DataCollectionService: stats => 1688920546906,-243163,4303
07-09 18:35:46.915 31014 31124 I BatteryMgr:DataCollectionService: stats => 1688920546915,-243163,4303
07-09 18:35:46.919 31014 31124 I BatteryMgr:DataCollectionService: stats => 1688920546919,-243163,4303
07-09 18:35:46.923 31014 31124 I BatteryMgr:DataCollectionService: stats => 1688920546923,-243163,4303
07-09 18:35:46.933 31014 31123 I BatteryMgr:DataCollectionService: stats => 1688920546933,-243163,4303
07-09 18:35:46.938 31014 31124 I BatteryMgr:DataCollectionService: stats => 1688920546938,-243163,4303
07-09 18:35:46.942 31014 31124 I BatteryMgr:DataCollectionService: stats => 1688920546942,-243163,4303
07-09 18:35:46.946 31014 31124 I BatteryMgr:DataCollectionService: stats => 1688920546946,-243163,4303
07-09 18:35:46.954 31014 31124 I BatteryMgr:DataCollectionService: stats => 1688920546954,-243163,4303
07-09 18:35:46.958 31014 31124 I BatteryMgr:DataCollectionService: stats => 1688920546958,-243163,4303
07-09 18:35:46.963 31014 31124 I BatteryMgr:DataCollectionService: stats => 1688920546963,-243163,4303
07-09 18:35:46.972 31014 31124 I BatteryMgr:DataCollectionService: stats => 1688920546972,-243163,4303
07-09 18:35:46.976 31014 31124 I BatteryMgr:DataCollectionService: stats => 1688920546976,-243163,4303
07-09 18:35:46.980 31014 31124 I BatteryMgr:DataCollectionService: stats => 1688920546980,-243163,4303
07-09 18:35:46.984 31014 31124 I BatteryMgr:DataCollectionService: stats => 1688920546984,-243163,4303
07-09 18:35:46.992 31014 31124 I BatteryMgr:DataCollectionService: stats => 1688920546992,-243163,4303
07-09 18:35:46.996 31014 31124 I BatteryMgr:DataCollectionService: stats => 1688920546996,-243163,4303
07-09 18:35:47.001 31014 31124 I BatteryMgr:DataCollectionService: stats => 1688920547001,-243163,4303
07-09 18:35:47.013 31014 31124 I BatteryMgr:DataCollectionService: stats => 1688920547013,-243163,4303
07-09 18:35:47.019 31014 31124 I BatteryMgr:DataCollectionService: stats => 1688920547019,-243163,4303
07-09 18:35:47.023 31014 31124 I BatteryMgr:DataCollectionService: stats => 1688920547023,-243163,4303
07-09 18:35:47.032 31014 31124 I BatteryMgr:DataCollectionService: stats => 1688920547032,-243163,4303
07-09 18:35:47.037 31014 31124 I BatteryMgr:DataCollectionService: stats => 1688920547037,-243163,4303
07-09 18:35:47.042 31014 31124 I BatteryMgr:DataCollectionService: stats => 1688920547042,-243163,4303
07-09 18:35:47.047 31014 31124 I BatteryMgr:DataCollectionService: stats => 1688920547047,-243163,4303
07-09 18:35:47.056 31014 31124 I BatteryMgr:DataCollectionService: stats => 1688920547056,-243163,4303
07-09 18:35:47.060 31014 31124 I BatteryMgr:DataCollectionService: stats => 1688920547060,-243163,4303
07-09 18:35:47.064 31014 31124 I BatteryMgr:DataCollectionService: stats => 1688920547064,-243163,4303
07-09 18:35:47.073 31014 31124 I BatteryMgr:DataCollectionService: stats => 1688920547073,-243163,4303
07-09 18:35:47.080 31014 31124 I BatteryMgr:DataCollectionService: stats => 1688920547080,-243163,4303
07-09 18:35:47.083 31014 31131 D ProfileInstaller: Installing profile for com.example.batterymanager_utility
07-09 18:35:47.085 31014 31124 I BatteryMgr:DataCollectionService: stats => 1688920547084,-243163,4303
07-09 18:35:47.091 31014 31124 I BatteryMgr:DataCollectionService: stats => 1688920547090,-243163,4303
07-09 18:35:47.095 31014 31124 I BatteryMgr:DataCollectionService: stats => 1688920547095,-243163,4303
07-09 18:35:47.100 31014 31124 I BatteryMgr:DataCollectionService: stats => 1688920547100,-243163,4303
07-09 18:35:47.104 31014 31124 I BatteryMgr:DataCollectionService: stats => 1688920547104,-243163,4303
07-09 18:35:47.111 31014 31124 I BatteryMgr:DataCollectionService: stats => 1688920547111,-243163,4303
07-09 18:35:47.115 31014 31124 I BatteryMgr:DataCollectionService: stats => 1688920547115,-243163,4303
07-09 18:35:47.119 31014 31124 I BatteryMgr:DataCollectionService: stats => 1688920547119,-243163,4303
07-09 18:35:47.123 31014 31124 I BatteryMgr:DataCollectionService: stats => 1688920547123,-243163,4303
07-09 18:35:47.128 31014 31124 I BatteryMgr:DataCollectionService: stats => 1688920547128,-243163,4303
07-09 18:35:47.131  1296 31090 D CCodecBuffers: [c2.android.amrnb.encoder#953:Output[N]] popFromStashAndRegister: output format changed to AMessage(what = 0x00000000) = {
07-09 18:35:47.131  1296 31090 D CCodecBuffers:   int32_t bitrate = 12200
07-09 18:35:47.131  1296 31090 D CCodecBuffers:   int32_t channel-count = 1
07-09 18:35:47.131  1296 31090 D CCodecBuffers:   int32_t max-bitrate = 12200
07-09 18:35:47.131  1296 31090 D CCodecBuffers:   string mime = "audio/3gpp"
07-09 18:35:47.131  1296 31090 D CCodecBuffers:   int32_t sample-rate = 8000
07-09 18:35:47.131  1296 31090 D CCodecBuffers: }
07-09 18:35:47.135 31014 31124 I BatteryMgr:DataCollectionService: stats => 1688920547135,-243163,4303
07-09 18:35:47.139 31014 31124 I BatteryMgr:DataCollectionService: stats => 1688920547139,-243163,4303
07-09 18:35:47.143 31014 31124 I BatteryMgr:DataCollectionService: stats => 1688920547143,-243163,4303
07-09 18:35:47.146 31014 31124 I BatteryMgr:DataCollectionService: stats => 1688920547146,-243163,4303
07-09 18:35:47.151 31014 31124 I BatteryMgr:DataCollectionService: stats => 1688920547151,-243163,4303
07-09 18:35:47.154 31014 31124 I BatteryMgr:DataCollectionService: stats => 1688920547154,-243163,4303
07-09 18:35:47.157 31014 31124 I BatteryMgr:DataCollectionService: stats => 1688920547157,-243163,4303
07-09 18:35:47.162 31014 31124 I BatteryMgr:DataCollectionService: stats => 1688920547162,-243163,4303
07-09 18:35:47.167 31014 31124 I BatteryMgr:DataCollectionService: stats => 1688920547166,-243163,4303
07-09 18:35:47.173 31014 31124 I BatteryMgr:DataCollectionService: stats => 1688920547172,-243163,4303
07-09 18:35:47.177 31014 31124 I BatteryMgr:DataCollectionService: stats => 1688920547176,-243163,4303
07-09 18:35:47.181 31014 31124 I BatteryMgr:DataCollectionService: stats => 1688920547181,-243163,4303
07-09 18:35:47.185 31014 31124 I BatteryMgr:DataCollectionService: stats => 1688920547185,-243163,4303
07-09 18:35:47.193 31014 31124 I BatteryMgr:DataCollectionService: stats => 1688920547193,-243163,4303
07-09 18:35:47.200 31014 31124 I BatteryMgr:DataCollectionService: stats => 1688920547200,-243163,4303
07-09 18:35:47.210 31014 31124 I BatteryMgr:DataCollectionService: stats => 1688920547210,-243163,4303
07-09 18:35:47.217 31014 31124 I BatteryMgr:DataCollectionService: stats => 1688920547217,-243163,4303
07-09 18:35:47.223 31014 31124 I BatteryMgr:DataCollectionService: stats => 1688920547222,-243163,4303
07-09 18:35:47.227 31014 31124 I BatteryMgr:DataCollectionService: stats => 1688920547227,-243163,4303
07-09 18:35:47.233 31014 31123 I BatteryMgr:DataCollectionService: stats => 1688920547233,-243163,4303
07-09 18:35:47.238 31014 31124 I BatteryMgr:DataCollectionService: stats => 1688920547238,-243163,4303
07-09 18:35:47.243 31014 31124 I BatteryMgr:DataCollectionService: stats => 1688920547243,-243163,4303
07-09 18:35:47.251 31014 31124 I BatteryMgr:DataCollectionService: stats => 1688920547251,-243163,4303
07-09 18:35:47.256 31014 31124 I BatteryMgr:DataCollectionService: stats => 1688920547255,-243163,4303
07-09 18:35:47.260 31014 31124 I BatteryMgr:DataCollectionService: stats => 1688920547260,-243163,4303
07-09 18:35:47.264 31014 31124 I BatteryMgr:DataCollectionService: stats => 1688920547264,-243163,4303
07-09 18:35:47.271 31014 31124 I BatteryMgr:DataCollectionService: stats => 1688920547271,-243163,4303
07-09 18:35:47.275 31014 31124 I BatteryMgr:DataCollectionService: stats => 1688920547275,-243163,4303
07-09 18:35:47.279 31014 31124 I BatteryMgr:DataCollectionService: stats => 1688920547279,-243163,4303
07-09 18:35:47.282 31014 31124 I BatteryMgr:DataCollectionService: stats => 1688920547282,-243163,4303
07-09 18:35:47.290 31014 31124 I BatteryMgr:DataCollectionService: stats => 1688920547290,-243163,4303
07-09 18:35:47.294 31014 31124 I BatteryMgr:DataCollectionService: stats => 1688920547294,-243163,4303
07-09 18:35:47.297 31014 31124 I BatteryMgr:DataCollectionService: stats => 1688920547297,-243163,4303
07-09 18:35:47.301 31014 31124 I BatteryMgr:DataCollectionService: stats => 1688920547301,-243163,4303
07-09 18:35:47.305 31014 31124 I BatteryMgr:DataCollectionService: stats => 1688920547305,-243163,4303
07-09 18:35:47.309 31014 31124 I BatteryMgr:DataCollectionService: stats => 1688920547309,-243163,4303
07-09 18:35:47.313 31014 31124 I BatteryMgr:DataCollectionService: stats => 1688920547313,-243163,4303
07-09 18:35:47.318 31014 31124 I BatteryMgr:DataCollectionService: stats => 1688920547318,-243163,4303
07-09 18:35:47.323 31014 31124 I BatteryMgr:DataCollectionService: stats => 1688920547323,-243163,4303
07-09 18:35:47.326 31014 31124 I BatteryMgr:DataCollectionService: stats => 1688920547326,-243163,4303
07-09 18:35:47.332 31014 31124 I BatteryMgr:DataCollectionService: stats => 1688920547332,-243163,4303
07-09 18:35:47.336 31014 31124 I BatteryMgr:DataCollectionService: stats => 1688920547335,-243163,4303
07-09 18:35:47.343 31014 31124 I BatteryMgr:DataCollectionService: stats => 1688920547343,-243163,4303
07-09 18:35:47.346 31014 31124 I BatteryMgr:DataCollectionService: stats => 1688920547346,-243163,4303
07-09 18:35:47.353 31014 31124 I BatteryMgr:DataCollectionService: stats => 1688920547353,-243163,4303
07-09 18:35:47.357 31014 31124 I BatteryMgr:DataCollectionService: stats => 1688920547357,-243163,4303
07-09 18:35:47.361 31014 31124 I BatteryMgr:DataCollectionService: stats => 1688920547361,-243163,4303
07-09 18:35:47.366 31014 31124 I BatteryMgr:DataCollectionService: stats => 1688920547366,-243163,4303
07-09 18:35:47.372 31014 31124 I BatteryMgr:DataCollectionService: stats => 1688920547372,-243163,4303
07-09 18:35:47.377 31014 31124 I BatteryMgr:DataCollectionService: stats => 1688920547377,-243163,4303
07-09 18:35:47.382 31014 31124 I BatteryMgr:DataCollectionService: stats => 1688920547382,-243163,4303
07-09 18:35:47.389 31014 31124 I BatteryMgr:DataCollectionService: stats => 1688920547388,-243163,4303
07-09 18:35:47.392  1296 31090 D CCodecBuffers: [c2.android.amrnb.encoder#953:Output[N]] popFromStashAndRegister: output format changed to AMessage(what = 0x00000000) = {
07-09 18:35:47.392  1296 31090 D CCodecBuffers:   int32_t bitrate = 12200
07-09 18:35:47.392  1296 31090 D CCodecBuffers:   int32_t channel-count = 1
