06-12 21:00:09.417  6947  7047 I BatteryMgr:DataCollectionService: stats => 1686596409416,119687,4148
06-12 21:00:09.533  6947  7047 I BatteryMgr:DataCollectionService: stats => 1686596409533,119687,4148
06-12 21:00:09.645  6947  7047 I BatteryMgr:DataCollectionService: stats => 1686596409645,205000,4148
06-12 21:00:09.772  6947  7047 I BatteryMgr:DataCollectionService: stats => 1686596409772,205000,4148
06-12 21:00:09.895  6947  7047 I BatteryMgr:DataCollectionService: stats => 1686596409895,205000,4148
06-12 21:00:10.019  6947  7047 I BatteryMgr:DataCollectionService: stats => 1686596410019,132500,4148
06-12 21:00:10.135  6947  7047 I BatteryMgr:DataCollectionService: stats => 1686596410135,132500,4148
06-12 21:00:10.248  6947  7047 I BatteryMgr:DataCollectionService: stats => 1686596410248,132500,4148
06-12 21:00:10.374  6947  7047 I BatteryMgr:DataCollectionService: stats => 1686596410374,151250,4148
06-12 21:00:10.489  6947  7047 I BatteryMgr:DataCollectionService: stats => 1686596410489,151250,4148
06-12 21:00:10.604  6947  7047 I BatteryMgr:DataCollectionService: stats => 1686596410604,178750,4148
06-12 21:00:10.713  6947  7047 I BatteryMgr:DataCollectionService: stats => 1686596410713,178750,4148
06-12 21:00:10.826  6947  7047 I BatteryMgr:DataCollectionService: stats => 1686596410826,178750,4148
06-12 21:00:10.940  6947  7047 I BatteryMgr:DataCollectionService: stats => 1686596410940,178750,4148
06-12 21:00:11.066  6947  7047 I BatteryMgr:DataCollectionService: stats => 1686596411065,153437,4148
06-12 21:00:11.189  6947  7047 I BatteryMgr:DataCollectionService: stats => 1686596411189,153437,4148
06-12 21:00:11.310  6947  7047 I BatteryMgr:DataCollectionService: stats => 1686596411310,200312,4148
06-12 21:00:11.441  6947  7047 I BatteryMgr:DataCollectionService: stats => 1686596411441,200312,4148
06-12 21:00:11.570  6947  7047 I BatteryMgr:DataCollectionService: stats => 1686596411569,200312,4148
06-12 21:00:11.686  6947  7047 I BatteryMgr:DataCollectionService: stats => 1686596411686,212187,4148
06-12 21:00:11.802  6947  7047 I BatteryMgr:DataCollectionService: stats => 1686596411802,212187,4148
06-12 21:00:11.928  6947  7047 I BatteryMgr:DataCollectionService: stats => 1686596411928,212187,4148
06-12 21:00:12.047  6947  7047 I BatteryMgr:DataCollectionService: stats => 1686596412047,110937,4148
06-12 21:00:12.104  1917  2394 D ConnectivityService: NetReassign [no changes] [c 0] [a 1] [i 5]
06-12 21:00:12.171  6947  7047 I BatteryMgr:DataCollectionService: stats => 1686596412171,110937,4148
06-12 21:00:12.302  6947  7047 I BatteryMgr:DataCollectionService: stats => 1686596412302,110937,4148
06-12 21:00:12.427  6947  7047 I BatteryMgr:DataCollectionService: stats => 1686596412427,168125,4148
06-12 21:00:12.556  6947  7047 I BatteryMgr:DataCollectionService: stats => 1686596412556,168125,4148
06-12 21:00:12.678  6947  7047 I BatteryMgr:DataCollectionService: stats => 1686596412678,168125,4148
06-12 21:00:12.789  6947  7047 I BatteryMgr:DataCollectionService: stats => 1686596412789,121562,4148
06-12 21:00:12.908  6947  7047 I BatteryMgr:DataCollectionService: stats => 1686596412908,121562,4148
06-12 21:00:13.030  6947  7047 I BatteryMgr:DataCollectionService: stats => 1686596413029,121562,4148
06-12 21:00:13.149  6947  7047 I BatteryMgr:DataCollectionService: stats => 1686596413149,173125,4148
06-12 21:00:13.257  6947  7047 I BatteryMgr:DataCollectionService: stats => 1686596413257,173125,4148
06-12 21:00:13.363  6947  7047 I BatteryMgr:DataCollectionService: stats => 1686596413363,173125,4148
06-12 21:00:13.427  7117  7117 D ProcessState: Binder ioctl to enable oneway spam detection failed: Invalid argument
06-12 21:00:13.438  1917  3889 W ProcessStats: Tracking association SourceState{329dbb7 system/1000 BTopFgs #172424} whose proc state 2 is better than process ProcessState{9cdae9d com.google.android.gms.persistent/10125 pkg=com.google.android.gms} proc state 3 (47 skipped)
06-12 21:00:13.440  1917  1917 D CompatibilityChangeReporter: Compat change id reported: 175319604; UID 1000; state: ENABLED
06-12 21:00:13.450  2553  2615 D PeopleSpaceWidgetMgr: Sbn doesn't contain valid PeopleTileKey: null/0/com.example.batterymanager_utility
06-12 21:00:13.457  2553  2553 V ShadeControllerImpl: NotificationShadeWindow: com.android.systemui.statusbar.phone.NotificationShadeWindowView{7942d07 I.E...... ......ID 0,0-1080,2160} canPanelBeCollapsed(): false
06-12 21:00:13.499  7123  7123 D ProcessState: Binder ioctl to enable oneway spam detection failed: Invalid argument
06-12 21:00:13.696  7134  7134 D ProcessState: Binder ioctl to enable oneway spam detection failed: Invalid argument
06-12 21:00:13.700  1917  3889 I ActivityManager: Force stopping e.www.writelocaltest appid=10276 user=0: from pid 7134
06-12 21:00:13.701  1917  3889 I ActivityManager: Killing 6999:e.www.writelocaltest/u0a276 (adj 0): stop e.www.writelocaltest due to from pid 7134
06-12 21:00:13.702  1917  3889 W ActivityTaskManager: Force removing ActivityRecord{bfa9e3d u0 e.www.writelocaltest/.MainActivity t942 f}}: app died, no saved state
06-12 21:00:13.707  1917  3889 W InputManager-JNI: Input channel object 'fc7ff1d e.www.writelocaltest/e.www.writelocaltest.MainActivity (client)' was disposed without first being removed with the input manager!
06-12 21:00:13.715  1917  3889 D CompatibilityChangeReporter: Compat change id reported: 181136395; UID 10232; state: DISABLED
06-12 21:00:13.716  1917  3889 D CompatibilityChangeReporter: Compat change id reported: 174042936; UID 10232; state: DISABLED
06-12 21:00:13.718  1917  3889 W ActivityTaskManager: Can't find TaskDisplayArea to determine support for multi window. Task id=942 attached=false
06-12 21:00:13.718  1917  3889 W ActivityTaskManager: Can't find TaskDisplayArea to determine support for multi window. Task id=942 attached=false
06-12 21:00:13.727  1279  1279 I Zygote  : Process 6999 exited due to signal 9 (Killed)
06-12 21:00:13.732  1917  3913 V ActivityManager: Got obituary of 6999:e.www.writelocaltest
06-12 21:00:13.732  1917  2036 W ActivityManager: setHasOverlayUi called on unknown pid: 6999
06-12 21:00:13.732   743   743 E BpTransactionCompletedListener: Failed to transact (-32)
06-12 21:00:13.735  2772  2772 E PhoneInterfaceManager: [PhoneIntfMgr] getCarrierPackageNamesForIntentAndPhone: No UICC
06-12 21:00:13.735  2772  2772 D CarrierSvcBindHelper: No carrier app for: 0
06-12 21:00:13.741  3867  3867 D RegisteredNfcFServicesCache: Service unchanged, not updating
06-12 21:00:13.744 25522 25522 I EuiccGoogle: [2] EuiccServiceImpl.onCreate: onCreate Single-SIM mode: simCardState is 1
06-12 21:00:13.751 25522  7142 I EuiccGoogle: [321] EuiccServiceImpl.onGetEuiccProfileInfoList: onGetEuiccProfileInfoList: slotId = -1
06-12 21:00:13.751  6947  7137 I OpenGLRenderer: Davey! duration=65079ms; Flags=1, FrameTimelineVsyncId=5286314, IntendedVsync=110781654400770, Vsync=110781687734102, InputEventId=0, HandleInputStart=110781701948617, AnimationStart=110781701953200, PerformTraversalsStart=110781702122888, DrawStart=110781947926246, FrameDeadline=110781687734102, FrameInterval=110781701920857, FrameStartTime=16666666, SyncQueued=110781952913538, SyncStart=110781953013382, IssueDrawCommandsStart=110781953407705, SwapBuffers=110781958299111, FrameCompleted=110846733724731, DequeueBufferDuration=15833, QueueBufferDuration=546303, GpuCompleted=110846733724731, SwapBuffersCompleted=110781959331195, DisplayPresentTime=-7017620523249208788, 
06-12 21:00:13.752  2681  3016 W OpenGLRenderer: Surface doesn't have any previously queued frames, nothing to readback from
06-12 21:00:13.753 25522  7142 W EuiccGoogle: [321] EuiccServiceImpl.onGetEuiccProfileInfoList: slotId=-1. No eUICC is active. Return null.
06-12 21:00:13.755  1917  2046 I libprocessgroup: Successfully killed process cgroup uid 10276 pid 6999 in 53ms
06-12 21:00:13.756  2681  2681 I WallpaperService: engine resumed
06-12 21:00:13.757  2681  3016 W OpenGLRenderer: Surface doesn't have any previously queued frames, nothing to readback from
06-12 21:00:13.771  7741  7741 I GoogleInputMethodService: GoogleInputMethodService.onFinishInput():3307 
06-12 21:00:13.772  7741  7741 I GoogleInputMethodService: GoogleInputMethodService.updateDeviceLockedStatus():2137 repeatCheckTimes = 0, locked = false
06-12 21:00:13.772  7741  7741 I GoogleInputMethodService: GoogleInputMethodService.onStartInput():1917 onStartInput(EditorInfo{inputType=0x0(NULL) imeOptions=0x0 privateImeOptions=null actionName=UNSPECIFIED actionLabel=null actionId=0 initialSelStart=-1 initialSelEnd=-1 initialCapsMode=0x0 hintText=null label=null packageName=com.example.batterymanager_utility fieldId=-1 fieldName=null extras=null hintLocales=[]}, false)
06-12 21:00:13.772  7741  7741 I GoogleInputMethodService: GoogleInputMethodService.shouldHideHeaderOnInitialState():1998 ShouldHideHeaderOnInitialState = false
06-12 21:00:13.772  7741  7741 I GoogleInputMethodService: GoogleInputMethodService.updateDeviceLockedStatus():2137 repeatCheckTimes = 1, locked = false
06-12 21:00:14.357  2681  2681 I WallpaperService: engine paused
06-12 21:00:15.127  1917  2394 D ConnectivityService: NetReassign [no changes] [c 1] [a 0] [i 5]
06-12 21:00:15.292 20540 20540 D BoundBrokerSvc: onUnbind: Intent { act=com.google.android.contextmanager.service.ContextManagerService.START pkg=com.google.android.gms }
06-12 21:00:15.930  3867  3867 D NativeNfcTag: Connect to a tech with a different handle
06-12 21:00:15.981  3867  3867 D NativeNfcTag: Check NDEF Failed - status = 3
06-12 21:00:16.034  3867  3867 D NativeNfcTag: Check NDEF Failed - status = 3
06-12 21:00:16.056  3867  7143 D NativeNfcTag: Starting background presence check
06-12 21:00:16.061  3867  7143 D NativeNfcTag: Tag lost, restarting polling loop
06-12 21:00:16.061  3867  7143 D NativeNfcTag: Stopping background presence check
06-12 21:00:17.073  7150  7150 D ProcessState: Binder ioctl to enable oneway spam detection failed: Invalid argument
06-12 21:00:17.077  1917  3912 I ActivityManager: Force stopping com.example.batterymanager_utility appid=10232 user=0: from pid 7150
06-12 21:00:17.078  1917  3912 I ActivityManager: Killing 6947:com.example.batterymanager_utility/u0a232 (adj 0): stop com.example.batterymanager_utility due to from pid 7150
06-12 21:00:17.080  1917  3912 W ActivityTaskManager: Force removing ActivityRecord{5c39b10 u0 com.example.batterymanager_utility/.MainActivity t941 f}}: app died, no saved state
06-12 21:00:17.085  1917  3912 W InputManager-JNI: Input channel object '233a49c com.example.batterymanager_utility/com.example.batterymanager_utility.MainActivity (client)' was disposed without first being removed with the input manager!
06-12 21:00:17.100  1917  3912 W ActivityTaskManager: Can't find TaskDisplayArea to determine support for multi window. Task id=941 attached=false
06-12 21:00:17.100  1917  3912 W ActivityTaskManager: Can't find TaskDisplayArea to determine support for multi window. Task id=941 attached=false
06-12 21:00:17.108  2772  2772 E PhoneInterfaceManager: [PhoneIntfMgr] getCarrierPackageNamesForIntentAndPhone: No UICC
06-12 21:00:17.109  2772  2772 D CarrierSvcBindHelper: No carrier app for: 0
06-12 21:00:17.109  1917  2836 V ActivityManager: Got obituary of 6947:com.example.batterymanager_utility
06-12 21:00:17.110  1279  1279 I Zygote  : Process 6947 exited due to signal 9 (Killed)
06-12 21:00:17.112  1917  2036 W ActivityManager: setHasOverlayUi called on unknown pid: 6947
06-12 21:00:17.116  3867  3867 D RegisteredNfcFServicesCache: Service unchanged, not updating
06-12 21:00:17.119 23678 23678 I A       : (REDACTED) onApplyWindowInsets: systemWindowInsets=%s
06-12 21:00:17.119 23678 23678 I A       : (REDACTED) onApplyWindowInsets: systemWindowInsets=%s
06-12 21:00:17.121   743   743 E BpTransactionCompletedListener: Failed to transact (-32)
06-12 21:00:17.123  1917  2046 I libprocessgroup: Successfully killed process cgroup uid 10232 pid 6947 in 43ms
06-12 21:00:17.134  2681  3016 W OpenGLRenderer: Surface doesn't have any previously queued frames, nothing to readback from
06-12 21:00:17.135 24010 24049 I AiAiEcho: Predicting[7]: { Feature:1, creation:2023-06-12T18:15:49.746Z, expiry:2023-06-12T19:00:00Z, isExpired: true}, { Feature:1, creation:2023-06-12T19:00:00Z, expiry:2023-06-12T20:00:00Z, isExpired: false}, { Feature:1, creation:2023-06-12T20:00:00Z, expiry:2023-06-12T21:00:00Z, isExpired: true}, { Feature:1, creation:2023-06-12T21:00:00Z, expiry:2023-06-12T22:00:00Z, isExpired: true}, { Feature:1, creation:2023-06-12T22:00:00Z, expiry:2023-06-12T23:00:00Z, isExpired: true}, { Feature:1, creation:2023-06-12T23:00:00Z, expiry:2023-06-13T00:00:00Z, isExpired: true}, { Feature:1, creation:2023-06-13T00:00:00Z, expiry:2023-06-13T00:15:49.746Z, isExpired: true}
06-12 21:00:17.136 24010 24049 I AiAiEcho: EchoTargets: Feature:1
06-12 21:00:17.136 24010 24049 I AiAiEcho: Filtered by AiAi flag check: 
06-12 21:00:17.136 24010 24049 I AiAiEcho: Ranked targets strategy: WEIGHTED, count: 1, ranking metadata: { cardId: WEATHER-569377244, card type: 1, update time: 2023-06-12T19:00:00Z, expiration time: 2023-06-12T20:00:00Z, ranking metadata: RankingMetaData(urgency=0.996, priority=0.3, recency=1.0, rankScore=0.29880002, importantTimePoints=# kwj@7bca4) }
06-12 21:00:17.137 24010 24049 I AiAiEcho: #postPredictionTargets: Sending updates to UISurface home with targets# 1 (types=[1])
06-12 21:00:17.138 12376 12376 I GsaVoiceInteractionSrv: Handling ACTION_START_HOTWORD
06-12 21:00:17.139  2922  2922 W BcSmartspaceCard: No title view to update
06-12 21:00:17.139 12376 12430 I GsaVoiceInteractionSrv: (REDACTED) disregardHotwordSetting: %b
06-12 21:00:17.139 12376 12430 I GsaVoiceInteractionSrv: Cannot start hotword, hotword has been explicitly disabled.
06-12 21:00:17.140  2681  2681 I WallpaperService: engine resumed
06-12 21:00:17.140  2681  3016 W OpenGLRenderer: Surface doesn't have any previously queued frames, nothing to readback from
06-12 21:00:17.148 19579 19579 D BoundBrokerSvc: onBind: Intent { act=com.google.android.gms.inappreach.service.START dat=chimera-action: cmp=com.google.android.gms/.chimera.GmsApiService }
06-12 21:00:17.148 19579 19579 D BoundBrokerSvc: Loading bound service for intent: Intent { act=com.google.android.gms.inappreach.service.START dat=chimera-action: cmp=com.google.android.gms/.chimera.GmsApiService }
06-12 21:00:17.149 23678 16290 I OpenGLRenderer: Davey! duration=434870ms; Flags=1, FrameTimelineVsyncId=5261972, IntendedVsync=110415244644332, Vsync=110415244644332, InputEventId=0, HandleInputStart=110415245767632, AnimationStart=110415245768882, PerformTraversalsStart=110415245769455, DrawStart=110415266396280, FrameDeadline=110415277977664, FrameInterval=110415245669038, FrameStartTime=16666666, SyncQueued=110415269311176, SyncStart=110415270536437, IssueDrawCommandsStart=110415271734510, SwapBuffers=110415274070447, FrameCompleted=110850116107047, DequeueBufferDuration=18125, QueueBufferDuration=900416, GpuCompleted=110850116107047, SwapBuffersCompleted=110415276052635, DisplayPresentTime=31244194867904616, 
06-12 21:00:17.149  7741  7741 I GoogleInputMethodService: GoogleInputMethodService.onFinishInput():3307 
06-12 21:00:17.151  7741  7741 I GoogleInputMethodService: GoogleInputMethodService.updateDeviceLockedStatus():2137 repeatCheckTimes = 0, locked = false
06-12 21:00:17.152  7741  7741 I GoogleInputMethodService: GoogleInputMethodService.onStartInput():1917 onStartInput(EditorInfo{inputType=0x0(NULL) imeOptions=0x0 privateImeOptions=null actionName=UNSPECIFIED actionLabel=null actionId=0 initialSelStart=-1 initialSelEnd=-1 initialCapsMode=0x0 hintText=null label=null packageName=com.google.android.apps.nexuslauncher fieldId=-1 fieldName=null extras=null hintLocales=[]}, false)
06-12 21:00:17.152  7741  7741 I GoogleInputMethodService: GoogleInputMethodService.shouldHideHeaderOnInitialState():1998 ShouldHideHeaderOnInitialState = false
06-12 21:00:17.152  7741  7741 I GoogleInputMethodService: GoogleInputMethodService.updateDeviceLockedStatus():2137 repeatCheckTimes = 1, locked = false
06-12 21:00:18.144  1917  2394 D ConnectivityService: NetReassign [no changes] [c 0] [a 1] [i 2]
06-12 21:00:21.172  1917  2394 D ConnectivityService: NetReassign [no changes] [c 0] [a 0] [i 5]
06-12 21:00:22.252 20540 20540 D BoundBrokerSvc: onUnbind: Intent { act=com.google.android.gms.phenotype.service.START pkg=com.google.android.gms }
06-12 21:00:22.497  3812 12061 W MediaProvider: isAppCloneUserPair failed. Users: 0 and 0
06-12 21:00:22.497  3812 12061 W MediaProvider: isAppCloneUserPair for user 0: false
