07-05 23:54:03.709 27985 28105 I BatteryMgr:DataCollectionService: stats => 1688594043709,137500,4149
07-05 23:54:03.723 27985 28105 I BatteryMgr:DataCollectionService: stats => 1688594043723,137500,4149
07-05 23:54:03.745 27985 28105 I BatteryMgr:DataCollectionService: stats => 1688594043745,137500,4149
07-05 23:54:03.759 27985 28105 I BatteryMgr:DataCollectionService: stats => 1688594043759,137500,4149
07-05 23:54:03.773 27985 28105 I BatteryMgr:DataCollectionService: stats => 1688594043773,137500,4149
07-05 23:54:03.787 27985 28105 I BatteryMgr:DataCollectionService: stats => 1688594043787,137500,4149
07-05 23:54:03.801 27985 28105 I BatteryMgr:DataCollectionService: stats => 1688594043801,137500,4149
07-05 23:54:03.815 27985 28105 I BatteryMgr:DataCollectionService: stats => 1688594043814,137500,4149
07-05 23:54:03.829 27985 28105 I BatteryMgr:DataCollectionService: stats => 1688594043829,137500,4149
07-05 23:54:03.843 27985 28105 I BatteryMgr:DataCollectionService: stats => 1688594043843,137500,4149
07-05 23:54:03.857 27985 28105 I BatteryMgr:DataCollectionService: stats => 1688594043857,137500,4149
07-05 23:54:03.871 27985 28105 I BatteryMgr:DataCollectionService: stats => 1688594043871,128750,4149
07-05 23:54:03.885 27985 28105 I BatteryMgr:DataCollectionService: stats => 1688594043885,128750,4149
07-05 23:54:03.898 27985 28105 I BatteryMgr:DataCollectionService: stats => 1688594043898,128750,4149
07-05 23:54:03.912 27985 28105 I BatteryMgr:DataCollectionService: stats => 1688594043912,128750,4149
07-05 23:54:03.926 27985 28105 I BatteryMgr:DataCollectionService: stats => 1688594043926,128750,4149
07-05 23:54:03.940 27985 28105 I BatteryMgr:DataCollectionService: stats => 1688594043939,128750,4149
07-05 23:54:03.953 27985 28105 I BatteryMgr:DataCollectionService: stats => 1688594043953,128750,4149
07-05 23:54:03.967 27985 28105 I BatteryMgr:DataCollectionService: stats => 1688594043967,128750,4149
07-05 23:54:03.981 27985 28105 I BatteryMgr:DataCollectionService: stats => 1688594043981,128750,4149
07-05 23:54:03.995 27985 28105 I BatteryMgr:DataCollectionService: stats => 1688594043995,128750,4149
07-05 23:54:04.009 27985 28105 I BatteryMgr:DataCollectionService: stats => 1688594044009,128750,4149
07-05 23:54:04.023 27985 28105 I BatteryMgr:DataCollectionService: stats => 1688594044023,128750,4149
07-05 23:54:04.037 27985 28105 I BatteryMgr:DataCollectionService: stats => 1688594044037,128750,4149
07-05 23:54:04.050 27985 28105 I BatteryMgr:DataCollectionService: stats => 1688594044050,128750,4149
07-05 23:54:04.064 27985 28105 I BatteryMgr:DataCollectionService: stats => 1688594044064,128750,4149
07-05 23:54:04.077 27985 28105 I BatteryMgr:DataCollectionService: stats => 1688594044077,128750,4149
07-05 23:54:04.091 27985 28105 I BatteryMgr:DataCollectionService: stats => 1688594044091,128750,4149
07-05 23:54:04.106 27985 28105 I BatteryMgr:DataCollectionService: stats => 1688594044106,128750,4149
07-05 23:54:04.121 27985 28105 I BatteryMgr:DataCollectionService: stats => 1688594044121,128750,4149
07-05 23:54:04.134 27985 28105 I BatteryMgr:DataCollectionService: stats => 1688594044134,128750,4149
07-05 23:54:04.148 27985 28105 I BatteryMgr:DataCollectionService: stats => 1688594044148,128750,4149
07-05 23:54:04.163 27985 28105 I BatteryMgr:DataCollectionService: stats => 1688594044163,128750,4149
07-05 23:54:04.181 27985 28105 I BatteryMgr:DataCollectionService: stats => 1688594044180,128750,4149
07-05 23:54:04.194 27985 28105 I BatteryMgr:DataCollectionService: stats => 1688594044194,128750,4149
07-05 23:54:04.207 27985 28105 I BatteryMgr:DataCollectionService: stats => 1688594044207,128750,4149
07-05 23:54:04.220 27985 28105 I BatteryMgr:DataCollectionService: stats => 1688594044220,205625,4149
07-05 23:54:04.234 27985 28105 I BatteryMgr:DataCollectionService: stats => 1688594044234,205625,4149
07-05 23:54:04.247 27985 28105 I BatteryMgr:DataCollectionService: stats => 1688594044247,205625,4149
07-05 23:54:04.260 27985 28105 I BatteryMgr:DataCollectionService: stats => 1688594044260,205625,4149
07-05 23:54:04.274 27985 28105 I BatteryMgr:DataCollectionService: stats => 1688594044274,205625,4149
07-05 23:54:04.288 27985 28105 I BatteryMgr:DataCollectionService: stats => 1688594044288,205625,4149
07-05 23:54:04.301 27985 28105 I BatteryMgr:DataCollectionService: stats => 1688594044301,205625,4149
07-05 23:54:04.315 27985 28105 I BatteryMgr:DataCollectionService: stats => 1688594044315,205625,4149
07-05 23:54:04.329 27985 28105 I BatteryMgr:DataCollectionService: stats => 1688594044329,205625,4149
07-05 23:54:04.343 27985 28105 I BatteryMgr:DataCollectionService: stats => 1688594044342,205625,4149
07-05 23:54:04.356 27985 28105 I BatteryMgr:DataCollectionService: stats => 1688594044356,205625,4149
07-05 23:54:04.370 27985 28105 I BatteryMgr:DataCollectionService: stats => 1688594044369,205625,4149
07-05 23:54:04.384 27985 28105 I BatteryMgr:DataCollectionService: stats => 1688594044384,205625,4149
07-05 23:54:04.398 27985 28105 I BatteryMgr:DataCollectionService: stats => 1688594044398,205625,4149
07-05 23:54:04.411 27985 28105 I BatteryMgr:DataCollectionService: stats => 1688594044411,205625,4149
07-05 23:54:04.425 27985 28105 I BatteryMgr:DataCollectionService: stats => 1688594044425,205625,4149
07-05 23:54:04.439 27985 28105 I BatteryMgr:DataCollectionService: stats => 1688594044439,205625,4149
07-05 23:54:04.452 27985 28105 I BatteryMgr:DataCollectionService: stats => 1688594044452,205625,4149
07-05 23:54:04.466 27985 28105 I BatteryMgr:DataCollectionService: stats => 1688594044466,205625,4149
07-05 23:54:04.480 27985 28105 I BatteryMgr:DataCollectionService: stats => 1688594044480,205625,4149
07-05 23:54:04.494 27985 28105 I BatteryMgr:DataCollectionService: stats => 1688594044494,205625,4149
07-05 23:54:04.507 27985 28105 I BatteryMgr:DataCollectionService: stats => 1688594044507,205625,4149
07-05 23:54:04.521 27985 28105 I BatteryMgr:DataCollectionService: stats => 1688594044521,205625,4149
07-05 23:54:04.535 27985 28105 I BatteryMgr:DataCollectionService: stats => 1688594044535,205625,4149
07-05 23:54:04.548 27985 28105 I BatteryMgr:DataCollectionService: stats => 1688594044548,205625,4149
07-05 23:54:04.562 27985 28105 I BatteryMgr:DataCollectionService: stats => 1688594044562,205625,4149
07-05 23:54:04.575 27985 28105 I BatteryMgr:DataCollectionService: stats => 1688594044575,147187,4149
07-05 23:54:04.589 27985 28105 I BatteryMgr:DataCollectionService: stats => 1688594044589,147187,4149
07-05 23:54:04.603 27985 28105 I BatteryMgr:DataCollectionService: stats => 1688594044603,147187,4149
07-05 23:54:04.617 27985 28105 I BatteryMgr:DataCollectionService: stats => 1688594044617,147187,4149
07-05 23:54:04.631 27985 28105 I BatteryMgr:DataCollectionService: stats => 1688594044631,147187,4149
07-05 23:54:04.645 27985 28105 I BatteryMgr:DataCollectionService: stats => 1688594044645,147187,4149
07-05 23:54:04.659 27985 28105 I BatteryMgr:DataCollectionService: stats => 1688594044659,147187,4149
07-05 23:54:04.674 27985 28105 I BatteryMgr:DataCollectionService: stats => 1688594044674,147187,4149
07-05 23:54:04.688 27985 28105 I BatteryMgr:DataCollectionService: stats => 1688594044688,147187,4149
07-05 23:54:04.702 27985 28105 I BatteryMgr:DataCollectionService: stats => 1688594044702,147187,4149
07-05 23:54:04.716 27985 28105 I BatteryMgr:DataCollectionService: stats => 1688594044716,147187,4149
07-05 23:54:04.729 27985 28105 I BatteryMgr:DataCollectionService: stats => 1688594044729,147187,4149
07-05 23:54:04.743 27985 28105 I BatteryMgr:DataCollectionService: stats => 1688594044743,147187,4149
07-05 23:54:04.757 27985 28105 I BatteryMgr:DataCollectionService: stats => 1688594044757,147187,4149
07-05 23:54:04.770 27985 28105 I BatteryMgr:DataCollectionService: stats => 1688594044770,147187,4149
07-05 23:54:04.784 27985 28105 I BatteryMgr:DataCollectionService: stats => 1688594044784,147187,4149
07-05 23:54:04.798 27985 28105 I BatteryMgr:DataCollectionService: stats => 1688594044797,147187,4149
07-05 23:54:04.811 27985 28105 I BatteryMgr:DataCollectionService: stats => 1688594044811,147187,4149
07-05 23:54:04.825 27985 28105 I BatteryMgr:DataCollectionService: stats => 1688594044825,147187,4149
07-05 23:54:04.838 27985 28105 I BatteryMgr:DataCollectionService: stats => 1688594044838,147187,4149
07-05 23:54:04.852 27985 28105 I BatteryMgr:DataCollectionService: stats => 1688594044852,147187,4149
07-05 23:54:04.866 27985 28105 I BatteryMgr:DataCollectionService: stats => 1688594044866,147187,4149
07-05 23:54:04.880 27985 28105 I BatteryMgr:DataCollectionService: stats => 1688594044880,147187,4149
07-05 23:54:04.893 27985 28105 I BatteryMgr:DataCollectionService: stats => 1688594044893,147187,4149
07-05 23:54:04.907 27985 28105 I BatteryMgr:DataCollectionService: stats => 1688594044907,147187,4149
07-05 23:54:04.921 27985 28105 I BatteryMgr:DataCollectionService: stats => 1688594044921,147187,4149
07-05 23:54:04.935 27985 28105 I BatteryMgr:DataCollectionService: stats => 1688594044935,125000,4149
07-05 23:54:04.949 27985 28105 I BatteryMgr:DataCollectionService: stats => 1688594044949,125000,4149
07-05 23:54:04.962 27985 28105 I BatteryMgr:DataCollectionService: stats => 1688594044962,125000,4149
07-05 23:54:04.975 27985 28105 I BatteryMgr:DataCollectionService: stats => 1688594044975,125000,4149
07-05 23:54:04.989 27985 28105 I BatteryMgr:DataCollectionService: stats => 1688594044989,125000,4149
07-05 23:54:05.003 27985 28105 I BatteryMgr:DataCollectionService: stats => 1688594045003,125000,4149
07-05 23:54:05.025 27985 28105 I BatteryMgr:DataCollectionService: stats => 1688594045025,125000,4149
07-05 23:54:05.047 27985 28105 I BatteryMgr:DataCollectionService: stats => 1688594045047,125000,4149
07-05 23:54:05.070 27985 28105 I BatteryMgr:DataCollectionService: stats => 1688594045070,125000,4149
07-05 23:54:05.084 27985 28105 I BatteryMgr:DataCollectionService: stats => 1688594045084,125000,4149
07-05 23:54:05.098 27985 28105 I BatteryMgr:DataCollectionService: stats => 1688594045098,125000,4149
07-05 23:54:05.112 27985 28105 I BatteryMgr:DataCollectionService: stats => 1688594045112,125000,4149
07-05 23:54:05.126 27985 28105 I BatteryMgr:DataCollectionService: stats => 1688594045126,125000,4149
07-05 23:54:05.140 27985 28105 I BatteryMgr:DataCollectionService: stats => 1688594045140,125000,4149
07-05 23:54:05.154 27985 28105 I BatteryMgr:DataCollectionService: stats => 1688594045154,125000,4149
07-05 23:54:05.168 27985 28105 I BatteryMgr:DataCollectionService: stats => 1688594045168,125000,4149
07-05 23:54:05.182 27985 28105 I BatteryMgr:DataCollectionService: stats => 1688594045182,125000,4149
07-05 23:54:05.204 27985 28105 I BatteryMgr:DataCollectionService: stats => 1688594045204,125000,4149
07-05 23:54:05.213  1516  2439 D BufferPoolAccessor2.0: bufferpool2 0x7c9e33f038 : 0(0 size) total buffers - 0(0 size) used buffers - 250/255 (recycle/alloc) - 6/255 (fetch/transfer)
07-05 23:54:05.213  1516  2439 D BufferPoolAccessor2.0: evictor expired: 1, evicted: 1
07-05 23:54:05.214  1470 28587 D BufferPoolAccessor2.0: bufferpool2 0xeb3c33e8 : 0(0 size) total buffers - 0(0 size) used buffers - 248/259 (recycle/alloc) - 11/259 (fetch/transfer)
07-05 23:54:05.214  1470 28587 D BufferPoolAccessor2.0: bufferpool2 0xeb3c18e8 : 0(0 size) total buffers - 0(0 size) used buffers - 165/174 (recycle/alloc) - 9/174 (fetch/transfer)
07-05 23:54:05.214  1470 28587 D BufferPoolAccessor2.0: evictor expired: 2, evicted: 2
07-05 23:54:05.226 27985 28105 I BatteryMgr:DataCollectionService: stats => 1688594045226,125000,4149
07-05 23:54:05.241 27985 28105 I BatteryMgr:DataCollectionService: stats => 1688594045241,125000,4149
07-05 23:54:05.254 27985 28105 I BatteryMgr:DataCollectionService: stats => 1688594045254,125000,4149
07-05 23:54:05.268 27985 28105 I BatteryMgr:DataCollectionService: stats => 1688594045268,135000,4149
07-05 23:54:05.281 27985 28105 I BatteryMgr:DataCollectionService: stats => 1688594045281,135000,4149
07-05 23:54:05.295 27985 28105 I BatteryMgr:DataCollectionService: stats => 1688594045295,135000,4149
07-05 23:54:05.308 27985 28105 I BatteryMgr:DataCollectionService: stats => 1688594045308,135000,4149
07-05 23:54:05.322 27985 28105 I BatteryMgr:DataCollectionService: stats => 1688594045322,135000,4149
07-05 23:54:05.336 27985 28105 I BatteryMgr:DataCollectionService: stats => 1688594045335,135000,4149
07-05 23:54:05.348 27985 28105 I BatteryMgr:DataCollectionService: stats => 1688594045348,135000,4149
07-05 23:54:05.362 27985 28105 I BatteryMgr:DataCollectionService: stats => 1688594045362,135000,4149
07-05 23:54:05.375 27985 28105 I BatteryMgr:DataCollectionService: stats => 1688594045375,135000,4149
07-05 23:54:05.383  1871  2200 I MediaFocusControl: requestAudioFocus() from uid/pid 10308/28036 AA=USAGE_MEDIA/CONTENT_TYPE_MOVIE clientId=android.media.AudioManager@26802a0 callingPack=x.intervalapp.displaytest req=1 flags=0x0 sdk=33
07-05 23:54:05.384  1871  2200 I AudioService.FadeOutManager: unfadeOutUid() uid:10308
07-05 23:54:05.390 27985 28105 I BatteryMgr:DataCollectionService: stats => 1688594045390,135000,4149
07-05 23:54:05.397  1470  2479 D NuPlayerDriver: NuPlayerDriver(0xef380c90) created, clientPid(28036)
07-05 23:54:05.405 27985 28105 I BatteryMgr:DataCollectionService: stats => 1688594045405,135000,4149
07-05 23:54:05.410  1470  2479 D SurfaceUtils: connecting to surface 0xea284ba8, reason setVideoSurfaceTexture
07-05 23:54:05.413  1470 28149 D NuPlayer: onSetVideoSurface(0xea289730, no video decoder)
07-05 23:54:05.419 27985 28105 I BatteryMgr:DataCollectionService: stats => 1688594045419,135000,4149
07-05 23:54:05.419  1470 28150 D GenericSource: FileSource remote
07-05 23:54:05.428  1462 19809 I SampleTable: There are reordered frames present.
07-05 23:54:05.433 27985 28105 I BatteryMgr:DataCollectionService: stats => 1688594045432,135000,4149
07-05 23:54:05.439  1462  1620 D MediaBufferGroup: creating MemoryDealer
07-05 23:54:05.446 27985 28105 I BatteryMgr:DataCollectionService: stats => 1688594045446,135000,4149
07-05 23:54:05.447 28036 28036 D MediaPlayerNative: getMetadata
07-05 23:54:05.448  1470 28149 I GenericSource: start
07-05 23:54:05.455  1470 28154 D CCodec  : allocate(c2.qti.avc.decoder)
07-05 23:54:05.457  1470 28156 D CCodec  : allocate(c2.android.aac.decoder)
07-05 23:54:05.458  1470 28154 I CCodec  : setting up 'default' as default (vendor) store
07-05 23:54:05.458  1470 28156 I CCodec  : setting up 'default' as default (vendor) store
07-05 23:54:05.458  1293  1293 I QC2Interface: Created Interface (c2.qti.avc.decoder)
07-05 23:54:05.458  1516  4338 V C2Store : in init
07-05 23:54:05.459  1516  4338 V C2Store : loading dll
07-05 23:54:05.459  1293  1293 E QC2Prop : SK::kPropInputDelay:0
07-05 23:54:05.459 27985 28105 I BatteryMgr:DataCollectionService: stats => 1688594045459,135000,4149
07-05 23:54:05.459  1293  1293 E QC2Prop : SK::kPropOutputDelay:0
07-05 23:54:05.460  1293  1293 I QC2Comp : Create: Allocated component[45] for name c2.qti.avc.decoder
07-05 23:54:05.460  1293  1293 I QC2CompStore: Created component(c2.qti.avc.decoder) id(45)
07-05 23:54:05.461  1470 28154 I CCodec  : Created component [c2.qti.avc.decoder]
07-05 23:54:05.461  1470 28154 D CCodecConfig: read media type: video/avc
07-05 23:54:05.462  1470 28154 D ReflectedParamUpdater: extent() != 1 for single value type: output.buffers.pool-ids.values
07-05 23:54:05.465  1470 28156 I CCodec  : Created component [c2.android.aac.decoder]
07-05 23:54:05.466  1470 28156 D CCodecConfig: read media type: audio/mp4a-latm
07-05 23:54:05.466  1470 28154 D CCodecConfig: ignoring local param raw.size (0xd2001800) as it is already supported
07-05 23:54:05.466  1470 28154 D CCodecConfig: ignoring local param default.color (0x5200180b) as it is already supported
07-05 23:54:05.466  1470 28154 D CCodecConfig: ignoring local param raw.hdr-static-info (0xd200180a) as it is already supported
07-05 23:54:05.468  1293  2452 E QC2Prop : SK::kPropInputDelay:0
07-05 23:54:05.468  1293  2452 E QC2Prop : SK::kPropOutputDelay:0
07-05 23:54:05.468  1470 28156 D ReflectedParamUpdater: extent() != 1 for single value type: algo.buffers.max-count.values
07-05 23:54:05.468  1470 28154 I CCodecConfig: query failed after returning 17 values (BAD_INDEX)
07-05 23:54:05.468  1470 28156 D ReflectedParamUpdater: extent() != 1 for single value type: output.subscribed-indices.values
07-05 23:54:05.468  1470 28156 D ReflectedParamUpdater: extent() != 1 for single value type: input.buffers.allocator-ids.values
07-05 23:54:05.468  1470 28156 D ReflectedParamUpdater: extent() != 1 for single value type: output.buffers.allocator-ids.values
07-05 23:54:05.469  1470 28156 D ReflectedParamUpdater: extent() != 1 for single value type: algo.buffers.allocator-ids.values
07-05 23:54:05.469  1470 28156 D ReflectedParamUpdater: extent() != 1 for single value type: output.buffers.pool-ids.values
07-05 23:54:05.469  1470 28154 D CCodecConfig: c2 config diff is Dict {
07-05 23:54:05.469  1470 28154 D CCodecConfig:   c2::i32 algo.priority.value = -1
07-05 23:54:05.469  1470 28154 D CCodecConfig:   c2::float algo.rate.value = 4.2039e-44
07-05 23:54:05.469  1470 28154 D CCodecConfig:   c2::u32 algo.secure-mode.value = 0
07-05 23:54:05.469  1470 28154 D CCodecConfig:   c2::float coded.frame-rate.value = 30
07-05 23:54:05.469  1470 28154 D CCodecConfig:   c2::u32 coded.pl.level = 20480
07-05 23:54:05.469  1470 28154 D CCodecConfig:   c2::u32 coded.pl.profile = 20480
07-05 23:54:05.469  1470 28154 D CCodecConfig:   c2::u32 coded.vui.color.matrix = 0
07-05 23:54:05.469  1470 28154 D CCodecConfig:   c2::u32 coded.vui.color.primaries = 0
07-05 23:54:05.469  1470 28154 D CCodecConfig:   c2::u32 coded.vui.color.range = 0
07-05 23:54:05.469  1470 28154 D CCodecConfig:   c2::u32 coded.vui.color.transfer = 0
07-05 23:54:05.469  1470 28154 D CCodecConfig:   c2::u32 default.color.matrix = 0
07-05 23:54:05.469  1470 28154 D CCodecConfig:   c2::u32 default.color.primaries = 3
07-05 23:54:05.469  1470 28154 D CCodecConfig:   c2::u32 default.color.range = 2
07-05 23:54:05.469  1470 28154 D CCodecConfig:   c2::u32 default.color.transfer = 0
07-05 23:54:05.469  1470 28154 D CCodecConfig:   c2::u32 input.buffers.max-size.value = 13271040
07-05 23:54:05.469  1470 28154 D CCodecConfig:   c2::u32 input.delay.value = 4
07-05 23:54:05.469  1470 28154 D CCodecConfig:   string input.media-type.value = "video/avc"
07-05 23:54:05.469  1470 28154 D CCodecConfig:   c2::u32 output.delay.value = 18
07-05 23:54:05.469  1470 28154 D CCodecConfig:   string output.media-type.value = "video/raw"
07-05 23:54:05.469  1470 28154 D CCodecConfig:   c2::u32 raw.color.matrix = 0
07-05 23:54:05.469  1470 28154 D CCodecConfig:   c2::u32 raw.color.primaries = 0
07-05 23:54:05.469  1470 28154 D CCodecConfig:   c2::u32 raw.color.range = 0
07-05 23:54:05.469  1470 28154 D CCodecConfig:   c2::u32 raw.color.transfer = 0
07-05 23:54:05.469  1470 28154 D CCodecConfig:   c2::float raw.hdr-static-info.mastering.blue.x = 1.4013e-45
07-05 23:54:05.469  1470 28154 D CCodecConfig:   c2::float raw.hdr-static-info.mastering.blue.y = 1.4013e-45
07-05 23:54:05.469  1470 28154 D CCodecConfig:   c2::float raw.hdr-
07-05 23:54:05.469  1470 28156 D ReflectedParamUpdater: extent() != 1 for single value type: algo.buffers.pool-ids.values
07-05 23:54:05.469  1470 28154 W ColorUtils: expected specified color aspects (0:0:0:0)
07-05 23:54:05.471  1470 28152 D SurfaceUtils: disconnecting from surface 0xea289738, reason onConfigure
07-05 23:54:05.472  1470 28153 D SurfaceUtils: connecting to surface 0xea289738, reason connectToSurface
07-05 23:54:05.472  1470 28153 I MediaCodec: [c2.qti.avc.decoder] setting surface generation to 1505315
07-05 23:54:05.472  1470 28153 D SurfaceUtils: disconnecting from surface 0xea289738, reason connectToSurface(reconnect)
07-05 23:54:05.472  1470 28156 I CCodecConfig: query failed after returning 19 values (BAD_INDEX)
07-05 23:54:05.472  1470 28153 D SurfaceUtils: connecting to surface 0xea289738, reason connectToSurface(reconnect)
07-05 23:54:05.473  1470 28156 D CCodecConfig: c2 config diff is Dict {
07-05 23:54:05.473  1470 28156 D CCodecConfig:   c2::u32 coded.aac-packaging.value = 0
07-05 23:54:05.473  1470 28156 D CCodecConfig:   c2::u32 coded.bitrate.value = 64000
07-05 23:54:05.473  1470 28156 D CCodecConfig:   c2::u32 coded.pl.level = 0
07-05 23:54:05.473  1470 28156 D CCodecConfig:   c2::u32 coded.pl.profile = 8192
07-05 23:54:05.473  1470 28156 D CCodecConfig:   c2::i32 coding.drc.album-mode.value = 0
07-05 23:54:05.473  1470 28156 D CCodecConfig:   c2::float coding.drc.attenuation-factor.value = 1
07-05 23:54:05.473  1470 28156 D CCodecConfig:   c2::float coding.drc.boost-factor.value = 1
07-05 23:54:05.473  1470 28156 D CCodecConfig:   c2::i32 coding.drc.compression-mode.value = 3
07-05 23:54:05.473  1470 28156 D CCodecConfig:   c2::i32 coding.drc.effect-type.value = 3
07-05 23:54:05.473  1470 28156 D CCodecConfig:   c2::float coding.drc.encoded-level.value = 0.25
07-05 23:54:05.473  1470 28156 D CCodecConfig:   c2::float coding.drc.reference-level.value = -16
07-05 23:54:05.473  1470 28156 D CCodecConfig:   c2::u32 input.buffers.max-size.value = 8192
07-05 23:54:05.473  1470 28156 D CCodecConfig:   c2::u32 input.delay.value = 0
07-05 23:54:05.473  1470 28156 D CCodecConfig:   string input.media-type.value = "audio/mp4a-latm"
07-05 23:54:05.473  1470 28156 D CCodecConfig:   c2::u32 output.delay.value = 2
07-05 23:54:05.473  1470 28156 D CCodecConfig:   c2::float output.drc.output-loudness.value = 0.25
07-05 23:54:05.473  1470 28156 D CCodecConfig:   string output.media-type.value = "audio/raw"
07-05 23:54:05.473  1470 28156 D CCodecConfig:   c2::u32 raw.channel-count.value = 1
07-05 23:54:05.473  1470 28156 D CCodecConfig:   c2::u32 raw.max-channel-count.value = 8
07-05 23:54:05.473  1470 28156 D CCodecConfig:   c2::u32 raw.sample-rate.value = 44100
07-05 23:54:05.473  1470 28156 D CCodecConfig: }
07-05 23:54:05.473  1470 28154 D CCodec  : [c2.qti.avc.decoder] buffers are bound to CCodec for this session
07-05 23:54:05.473 27985 28105 I BatteryMgr:DataCollectionService: stats => 1688594045473,135000,4149
07-05 23:54:05.474  1470 28154 D CCodecConfig: no c2 equivalents for durationUs
07-05 23:54:05.474  1470 28154 D CCodecConfig: no c2 equivalents for frame-count
07-05 23:54:05.474  1470 28154 D CCodecConfig: no c2 equivalents for track-id
07-05 23:54:05.474  1470 28154 D CCodecConfig: no c2 equivalents for language
07-05 23:54:05.474  1470 28156 D CCodec  : [c2.android.aac.decoder] buffers are bound to CCodec for this session
07-05 23:54:05.474  1470 28154 D CCodecConfig: no c2 equivalents for display-width
07-05 23:54:05.474  1470 28154 D CCodecConfig: no c2 equivalents for display-height
07-05 23:54:05.474  1470 28156 D CCodecConfig: no c2 equivalents for durationUs
07-05 23:54:05.474  1470 28156 D CCodecConfig: no c2 equivalents for track-id
07-05 23:54:05.474  1470 28154 D CCodecConfig: no c2 equivalents for csd-1
07-05 23:54:05.474  1470 28156 D CCodecConfig: no c2 equivalents for language
07-05 23:54:05.474  1470 28154 D CCodecConfig: no c2 equivalents for native-window
07-05 23:54:05.474  1470 28154 D CCodecConfig: no c2 equivalents for flags
07-05 23:54:05.474  1470 28156 D CCodecConfig: no c2 equivalents for encoder-delay
07-05 23:54:05.474  1470 28156 D CCodecConfig: no c2 equivalents for encoder-padding
07-05 23:54:05.474  1470 28156 D CCodecConfig: no c2 equivalents for flags
07-05 23:54:05.474  1470 28156 D CCodecConfig: config failed => CORRUPTED
07-05 23:54:05.475  1470 28156 D CCodecConfig: c2 config diff is   c2::u32 raw.channel-count.value = 2
07-05 23:54:05.475  1470 28156 D CCodecConfig:   c2::u32 raw.sample-rate.value = 48000
07-05 23:54:05.475  1470 28154 D CCodecConfig: c2 config diff is   c2::i32 algo.priority.value = 0
07-05 23:54:05.475  1470 28154 D CCodecConfig:   c2::float algo.rate.value = 30
07-05 23:54:05.475  1470 28154 D CCodecConfig:   c2::u32 coded.pl.level = 20489
07-05 23:54:05.475  1470 28154 D CCodecConfig:   c2::u32 coded.pl.profile = 20484
07-05 23:54:05.475  1470 28154 D CCodecConfig:   c2::u32 input.buffers.max-size.value = 737280
07-05 23:54:05.475  1470 28154 D CCodecConfig:   c2::u32 raw.pixel-format.value = 34
07-05 23:54:05.475  1470 28154 D CCodecConfig:   c2::u32 raw.size.height = 720
07-05 23:54:05.475  1470 28154 D CCodecConfig:   c2::u32 raw.size.width = 1280
07-05 23:54:05.475  1470 28156 W Codec2Client: query -- param skipped: index = 1107298332.
07-05 23:54:05.475  1470 28156 D CCodec  : client requested max input size 576, which is smaller than what component recommended (8192); overriding with component recommendation.
07-05 23:54:05.475  1470 28156 W CCodec  : This behavior is subject to change. It is recommended that app developers double check whether the requested max input size is in reasonable range.
07-05 23:54:05.476  1470 28156 D CCodec  : setup formats input: AMessage(what = 0x00000000) = {
07-05 23:54:05.476  1470 28156 D CCodec  :   int32_t aac-drc-album-mode = 0
07-05 23:54:05.476  1470 28156 D CCodec  :   int32_t aac-drc-boost-level = 127
07-05 23:54:05.476  1470 28156 D CCodec  :   int32_t aac-drc-cut-level = 127
07-05 23:54:05.476  1470 28156 D CCodec  :   int32_t aac-drc-effect-type = 3
07-05 23:54:05.476  1470 28156 D CCodec  :   int32_t aac-encoded-target-level = -1
07-05 23:54:05.476  1470 28156 D CCodec  :   int32_t aac-max-output-channel_count = 8
07-05 23:54:05.476  1470 28156 D CCodec  :   int32_t aac-target-ref-level = 64
07-05 23:54:05.476  1470 28156 D CCodec  :   int32_t bitrate = 64000
07-05 23:54:05.476  1470 28156 D CCodec  :   int32_t channel-count = 2
07-05 23:54:05.476  1470 28156 D CCodec  :   int32_t level = 0
07-05 23:54:05.476  1470 28156 D CCodec  :   int32_t max-input-size = 8192
07-05 23:54:05.476  1470 28156 D CCodec  :   string mime = "audio/mp4a-latm"
07-05 23:54:05.476  1470 28156 D CCodec  :   int32_t profile = 2
07-05 23:54:05.476  1470 28156 D CCodec  :   int32_t sample-rate = 48000
07-05 23:54:05.476  1470 28156 D CCodec  : }
07-05 23:54:05.476  1470 28156 D CCodec  : setup formats output: AMessage(what = 0x00000000) = {
07-05 23:54:05.476  1470 28156 D CCodec  :   int32_t aac-drc-album-mode = 0
07-05 23:54:05.476  1470 28156 D CCodec  :   int32_t aac-drc-boost-level = 127
07-05 23:54:05.476  1470 28156 D CCodec  :   int32_t aac-drc-cut-level = 127
07-05 23:54:05.476  1470 28156 D CCodec  :   int32_t aac-drc-effect-type = 3
07-05 23:54:05.476  1470 28156 D CCodec  :   int32_t aac-drc-output-loudness = -1
07-05 23:54:05.476  1470 28156 D CCodec  :   int32_t aac-encoded-target-level = -1
07-05 23:54:05.476  1470 28156 D CCodec  :   int32_t aac-max-output-channel_count = 8
07-05 23:54:05.476  1470 28156 D CCodec  :   int32_t aac-target-ref-level = 64
07-05 23:54:05.476  1470 28156 D CCodec  :   int32_t channel-count = 2
07-05 23:54:05.476  1470 28156 D CCodec  :   string mime = "audio/raw"
07-05 23:54:05.476  1470 28156 D CCodec  :   int32_t sample-rate = 48000
07-05 23:54:05.476  1470 28156 D CCodec  :   int32_t encoder-delay = 2048
07-05 23:54:05.476  1470 28156 D CCodec  :   int32_t encoder-padding = 64
07-05 23:54:05.476  1470 28156 D CCodec  : }
07-05 23:54:05.476  1470 28154 W Codec2Client: query -- param skipped: index = 1107298332.
07-05 23:54:05.476  1470 28154 D CCodec  : client requested max input size 183475, which is smaller than what component recommended (737280); overriding with component recommendation.
07-05 23:54:05.476  1470 28154 W CCodec  : This behavior is subject to change. It is recommended that app developers double check whether the requested max input size is in reasonable range.
07-05 23:54:05.476  1470 28156 I CCodecConfig: query failed after returning 19 values (BAD_INDEX)
07-05 23:54:05.476  1470 28154 D CCodec  : setup formats input: AMessage(what = 0x00000000) = {
07-05 23:54:05.476  1470 28154 D CCodec  :   int32_t feature-secure-playback = 0
07-05 23:54:05.476  1470 28154 D CCodec  :   int32_t frame-rate = 30
07-05 23:54:05.476  1470 28154 D CCodec  :   int32_t height = 720
07-05 23:54:05.476  1470 28154 D CCodec  :   int32_t level = 512
07-05 23:54:05.476  1470 28154 D CCodec  :   int32_t max-input-size = 737280
07-05 23:54:05.476  1470 28154 D CCodec  :   string mime = "video/avc"
07-05 23:54:05.476  1470 28154 D CCodec  :   int32_t priority = 0
07-05 23:54:05.476  1470 28154 D CCodec  :   int32_t profile = 8
07-05 23:54:05.476  1470 28154 D CCodec  :   int32_t width = 1280
07-05 23:54:05.476  1470 28154 D CCodec  :   Rect crop(0, 0, 1279, 719)
07-05 23:54:05.476  1470 28154 D CCodec  : }
07-05 23:54:05.476  1470 28154 D CCodec  : setup formats output: AMessage(what = 0x00000000) = {
07-05 23:54:05.476  1470 28154 D CCodec  :   int32_t android._color-format = 2130708361
07-05 23:54:05.476  1470 28154 D CCodec  :   int32_t android._video-scaling = 1
07-05 23:54:05.476  1470 28154 D CCodec  :   int32_t android._dataspace = 260
07-05 23:54:05.476  1470 28154 D CCodec  :   int32_t color-standard = 1
07-05 23:54:05.476  1470 28154 D CCodec  :   int32_t color-range = 2
07-05 23:54:05.476  1470 28154 D CCodec  :   int32_t color-transfer = 3
07-05 23:54:05.476  1470 28154 D CCodec  :   int32_t sar-height = 1
07-05 23:54:05.476  1470 28154 D CCodec  :   int32_t rotation-degrees = 0
07-05 23:54:05.476  1470 28154 D CCodec  :   Buffer hdr-static-info = {
07-05 23:54:05.476  1470 28154 D CCodec  :     00000000:  00 00 00 00 00 00 00 00  00 00 00 00 00 00 00 00  ................
07-05 23:54:05.476  1470 28154 D CCodec  :     00000010:  00 00 00 00 00 00 00 00  00                       .........
07-05 23:54:05.476  1470 28154 D CCodec  :   }
07-05 23:54:05.476  1470 28154 D CCodec  :   int32_t sar-width = 1
07-05 23:54:05.476  1470 28154 D CCodec  :   Rect crop(0, 0, 1279, 719)
07-05 23:54:05.476  1470 28154 D CCodec  :   int32_t width = 1280
07-05 23:54:05.476  1470 28154 D CCodec  :   int32_t feature-secure-playback = 0
07-05 23:54:05.476  1470 28154 D CCodec  :   int32_t frame-rate = 30
07-05 23:54:05.476  1470 28154 D CCodec  :   int32_t height = 720
07-05 23:54:05.476  1470 28154 D CCodec  :   int32_t max-height = 1080
07-05 23:54:05.476  1470 28154 D CCodec  :   int32_t max-width = 1920
07-05 23:54:05.476  1470 28154 D CCodec  :   string mime = "video/raw"
07-05 23:54:05.476  1470 28154 D CCodec  :   int32_t priority = 0
07-05 23:54:05.476  1470 28154 D CCodec  :   int32_t color-format = 2130708361
07-05 23:54:05.476  1470 28154 D CCodec  : }
07-05 23:54:05.476  1293  2452 E QC2Prop : SK::kPropInputDelay:0
07-05 23:54:05.476  1293  2452 E QC2Prop : SK::kPropOutputDelay:0
07-05 23:54:05.476  1470 28156 I MediaCodec: MediaCodec will operate in async mode
07-05 23:54:05.476  1470 28155 D MediaCodec: keep callback message for reclaim
07-05 23:54:05.476  1470 28154 I CCodecConfig: query failed after returning 17 values (BAD_INDEX)
07-05 23:54:05.477  1470 28154 D CCodecConfig: c2 config diff is   c2::u32 raw.max-size.height = 720
07-05 23:54:05.477  1470 28154 D CCodecConfig:   c2::u32 raw.max-size.width = 1280
07-05 23:54:05.477  1470 28156 W Codec2Client: query -- param skipped: index = 1342179345.
07-05 23:54:05.477  1470 28156 W Codec2Client: query -- param skipped: index = 2415921170.
07-05 23:54:05.477  1470 28156 W Codec2Client: query -- param skipped: index = 1610614798.
07-05 23:54:05.478  1470 28153 I MediaCodec: MediaCodec will operate in async mode
07-05 23:54:05.478  1470 28152 D MediaCodec: keep callback message for reclaim
07-05 23:54:05.478  1470 28156 D CCodecBufferChannel: [c2.android.aac.decoder#722] Created input block pool with allocatorID 16 => poolID 95 - OK (0)
07-05 23:54:05.478  1516  1669 D BufferPoolAccessor2.0: Destruction - bufferpool2 0x7c9e33f038 cached: 0/0M, 0/0% in use; allocs: 255, 98% recycled; transfers: 255, 98% unfetched
07-05 23:54:05.479  1293 28157 I QC2V4l2Driver: [avcD_45] Device /dev/video32 opened with fd: 7
07-05 23:54:05.479  1470  9282 D BufferPoolAccessor2.0: Destruction - bufferpool2 0xeb3c33e8 cached: 0/0M, 0/0% in use; allocs: 259, 96% recycled; transfers: 259, 96% unfetched
07-05 23:54:05.480  1470 28156 I CCodecBufferChannel: [c2.android.aac.decoder#722] Created output block pool with allocatorID 16 => poolID 73 - OK
07-05 23:54:05.480  1470 28156 D CCodecBufferChannel: [c2.android.aac.decoder#722] Configured output block pool ids 73 => OK
07-05 23:54:05.482  1516 28158 D SimpleC2Component: Using output block pool with poolID 73 => got 73 - 0
07-05 23:54:05.484  1516 28158 I C2SoftAacDec: Reconfiguring decoder: 0->48000 Hz, 0->2 channels
07-05 23:54:05.487 27985 28105 I BatteryMgr:DataCollectionService: stats => 1688594045487,135000,4149
07-05 23:54:05.487  1470 28156 D CCodecConfig: c2 config diff is   c2::u32 raw.channel-mask.value = 12
07-05 23:54:05.492  1293  2452 E QC2Prop : SK::kPropInputDelay:0
07-05 23:54:05.492  1293  2452 E QC2Prop : SK::kPropOutputDelay:0
07-05 23:54:05.492  1470 28154 W Codec2Client: query -- param skipped: index = 1342179345.
07-05 23:54:05.492  1470 28154 W Codec2Client: query -- param skipped: index = 2415921170.
07-05 23:54:05.492  1470 28154 W Codec2Client: query -- param skipped: index = 1610614798.
07-05 23:54:05.492  1470 28154 D CCodecBufferChannel: [c2.qti.avc.decoder#933] Query input allocators returned 0 params => BAD_INDEX (6)
07-05 23:54:05.492  1470 28154 D CCodecBufferChannel: [c2.qti.avc.decoder#933] Created input block pool with allocatorID 16 => poolID 96 - OK (0)
07-05 23:54:05.492  1470 28154 D CCodecBufferChannel: [c2.qti.avc.decoder#933] Query output allocators returned 0 params => BAD_INDEX (6)
07-05 23:54:05.492  1470 28154 D CCodecBufferChannel: [c2.qti.avc.decoder#933] Query output surface allocator returned 0 params => BAD_INDEX (6)
07-05 23:54:05.493  1470 28154 I CCodecBufferChannel: [c2.qti.avc.decoder#933] Created output block pool with allocatorID 18 => poolID 51 - OK
07-05 23:54:05.493  1470 28154 D CCodecBufferChannel: [c2.qti.avc.decoder#933] Configured output block pool ids 51 => OK
07-05 23:54:05.493  1470 28154 D Codec2-OutputBufferQueue: remote graphic buffer migration 0/0
07-05 23:54:05.493  1470 28154 D Codec2Client: setOutputSurface -- failed to set consumer usage (6/BAD_INDEX)
07-05 23:54:05.493  1470 28154 D Codec2Client: setOutputSurface -- generation=1505315 consumer usage=0x900
07-05 23:54:05.494  1313 23857 D AudioFlinger: Client defaulted notificationFrames to 12000 for frameCount 24000
07-05 23:54:05.495  1293  2452 D C2BqBuffer: local generation change 1505315 , bqId: 120413703110657 migrated buffers # 0
07-05 23:54:05.495  1470 28154 D Codec2Client: Surface configure completed
07-05 23:54:05.495  1313 23857 D AF::TrackHandle: OpPlayAudio: track:110 usage:1 not muted
07-05 23:54:05.495  1470 28153 W ResourceManagerService: Ignoring request to add new resource entry with value <= 0
07-05 23:54:05.500  1470  9282 D BufferPoolAccessor2.0: Destruction - bufferpool2 0xeb3c18e8 cached: 0/0M, 0/0% in use; allocs: 174, 95% recycled; transfers: 174, 95% unfetched
07-05 23:54:05.501 27985 28105 I BatteryMgr:DataCollectionService: stats => 1688594045501,135000,4149
07-05 23:54:05.502  1254 24975 I EffectsFactory: EffectCreate() create_effect
07-05 23:54:05.503  1313  1558 W AudioFlinger: moveEffectChain_l() effect chain for session 0 not on source thread 0x72c14c4a70
07-05 23:54:05.505  1254 12358 D audio_route: Apply path: speaker
07-05 23:54:05.505  1254 12358 D audio_hw_primary: enable_snd_device: snd_device(104: vi-feedback)
07-05 23:54:05.505  1254 12358 D audio_route: Apply path: vi-feedback
07-05 23:54:05.505  1254 12358 E audio_hw_utils: audio_extn_utils_send_app_type_cfg: Failed to derive app_type for uc type : 0x1
07-05 23:54:05.505  1254 12358 D ACDB-LOADER: ACDB -> send_audio_cal, acdb_id = 512, path = 1, app id = 0x11132, sample rate = 48000
07-05 23:54:05.505  1254 12358 D ACDB-LOADER: ACDB -> send_asm_topology
07-05 23:54:05.505  1254 12358 D ACDB-LOADER: ACDB -> ACDB_CMD_GET_AUDPROC_STREAM_TOPOLOGY_ID
07-05 23:54:05.505  1254 12358 D ACDB-LOADER: ACDB -> send_adm_topology
07-05 23:54:05.505  1254 12358 D ACDB-LOADER: ACDB -> ACDB_CMD_GET_AUDPROC_COMMON_TOPOLOGY_ID
07-05 23:54:05.505  1254 12358 D ACDB-LOADER: ACDB -> send_audtable
07-05 23:54:05.505  1254 12358 D ACDB-LOADER: ACDB -> ACDB_CMD_GET_AUDPROC_COMMON_TABLE_SIZE
07-05 23:54:05.505  1254 12358 D ACDB-LOADER: ACDB -> ACDB_CMD_GET_AUDPROC_COMMON_TABLE
07-05 23:54:05.505  1254 12358 D ACDB-LOADER: ACDB -> AUDIO_SET_AUDPROC_CAL
07-05 23:54:05.505  1254 12358 D ACDB-LOADER: ACDB -> send_audvoltable
07-05 23:54:05.505  1254 12358 D ACDB-LOADER: ACDB -> ACDB_CMD_GET_AUDPROC_VOL_STEP_TABLE_SIZE
07-05 23:54:05.505  1254 12358 D ACDB-LOADER: ACDB -> ACDB_CMD_GET_AUDPROC_GAIN_DEP_STEP_TABLE, vol index 0
07-05 23:54:05.505  1254 12358 D android.hardware.audio.service: Failed to fetch the lookup information of the device 00000200 
07-05 23:54:05.505  1254 12358 E ACDB-LOADER: Error: ACDB AudProc vol returned = -19
07-05 23:54:05.505  1254 12358 D ACDB-LOADER: ACDB -> AUDIO_SET_VOL_CAL cal type = 12
07-05 23:54:05.505  1254 12358 D ACDB-LOADER: ACDB -> ACDB_CMD_GET_AUDPROC_STREAM_TABLE_SIZE
07-05 23:54:05.505  1254 12358 D ACDB-LOADER: ACDB -> send_audstrmtable
07-05 23:54:05.505  1254 12358 D ACDB-LOADER: ACDB -> ACDB_CMD_GET_AUDPROC_STREAM_TABLE_V2
07-05 23:54:05.505  1254 12358 D ACDB-LOADER: ACDB -> audstrm_cal->cal_type.cal_data.cal_size = 16
07-05 23:54:05.505  1254 12358 D ACDB-LOADER: ACDB -> send_afe_topology
07-05 23:54:05.505  1254 12358 D ACDB-LOADER: ACDB -> ACDB_CMD_GET_AFE_TOPOLOGY_ID
07-05 23:54:05.505  1254 12358 D ACDB-LOADER: ACDB -> GET_AFE_TOPOLOGY_ID for adcd_id 512, Topology Id 10001ccc
07-05 23:54:05.505  1254 12358 D ACDB-LOADER: ACDB -> send_afe_cal
07-05 23:54:05.505  1254 12358 D ACDB-LOADER: ACDB -> ACDB_CMD_GET_AFE_COMMON_TABLE_SIZE
07-05 23:54:05.505  1254 12358 D ACDB-LOADER: ACDB -> ACDB_CMD_GET_AFE_COMMON_TABLE
07-05 23:54:05.505  1254 12358 D ACDB-LOADER: ACDB -> AUDIO_SET_AFE_CAL
07-05 23:54:05.505  1254 12358 D ACDB-LOADER: ACDB -> send_hw_delay : acdb_id = 512 path = 1
07-05 23:54:05.505  1254 12358 D ACDB-LOADER: ACDB -> ACDB_AVSYNC_INFO: ACDB_CMD_GET_DEVICE_PROPERTY
07-05 23:54:05.505  1254 12358 D audio_hw_primary: enable_audio_route: usecase(25) apply and update mixer path: spkr-vi-record vi-feedback
07-05 23:54:05.505  1254 12358 D audio_route: Apply path: spkr-vi-record vi-feedback
07-05 23:54:05.515 27985 28105 I BatteryMgr:DataCollectionService: stats => 1688594045515,135000,4149
07-05 23:54:05.527  1470 28154 D CCodecConfig: c2 config diff is   c2::u32 raw.color.primaries = 3
07-05 23:54:05.527  1470 28154 D CCodecConfig:   c2::u32 raw.color.range = 2
07-05 23:54:05.527  1470 28154 D CCodecConfig:   c2::u32 raw.crop.height = 720
07-05 23:54:05.527  1470 28154 D CCodecConfig:   c2::u32 raw.crop.left = 0
07-05 23:54:05.527  1470 28154 D CCodecConfig:   c2::u32 raw.crop.top = 0
07-05 23:54:05.527  1470 28154 D CCodecConfig:   c2::u32 raw.crop.width = 1280
07-05 23:54:05.528 27985 28105 I BatteryMgr:DataCollectionService: stats => 1688594045528,135000,4149
07-05 23:54:05.528  1470 28154 D CCodecBuffers: [c2.qti.avc.decoder#933:2D-Output] popFromStashAndRegister: at 0us, output format changed to AMessage(what = 0x00000000) = {
07-05 23:54:05.528  1470 28154 D CCodecBuffers:   int32_t android._color-format = 2130708361
07-05 23:54:05.528  1470 28154 D CCodecBuffers:   int32_t android._video-scaling = 1
07-05 23:54:05.528  1470 28154 D CCodecBuffers:   int32_t android._dataspace = 281214976
07-05 23:54:05.528  1470 28154 D CCodecBuffers:   int32_t color-standard = 3
07-05 23:54:05.528  1470 28154 D CCodecBuffers:   int32_t color-range = 2
07-05 23:54:05.528  1470 28154 D CCodecBuffers:   int32_t color-transfer = 3
07-05 23:54:05.528  1470 28154 D CCodecBuffers:   int32_t sar-height = 1
07-05 23:54:05.528  1470 28154 D CCodecBuffers:   int32_t rotation-degrees = 0
07-05 23:54:05.528  1470 28154 D CCodecBuffers:   Buffer hdr-static-info = {
07-05 23:54:05.528  1470 28154 D CCodecBuffers:     00000000:  00 00 00 00 00 00 00 00  00 00 00 00 00 00 00 00  ................
07-05 23:54:05.528  1470 28154 D CCodecBuffers:     00000010:  00 00 00 00 00 00 00 00  00                       .........
07-05 23:54:05.528  1470 28154 D CCodecBuffers:   }
07-05 23:54:05.528  1470 28154 D CCodecBuffers:   int32_t sar-width = 1
07-05 23:54:05.528  1470 28154 D CCodecBuffers:   Rect crop(0, 0, 1279, 719)
07-05 23:54:05.528  1470 28154 D CCodecBuffers:   int32_t width = 1280
07-05 23:54:05.528  1470 28154 D CCodecBuffers:   int32_t feature-secure-playback = 0
07-05 23:54:05.528  1470 28154 D CCodecBuffers:   int32_t frame-rate = 30
07-05 23:54:05.528  1470 28154 D CCodecBuffers:   int32_t height = 720
07-05 23:54:05.528  1470 28154 D CCodecBuffers:   int32_t max-height = 720
07-05 23:54:05.528  1470 28154 D CCodecBuffers:   int32_t max-width = 1280
07-05 23:54:05.528  1470 28154 D CCodecBuffers:   string mime = "video/raw"
07-05 23:54:05.528  1470 28154 D CCodecBuffers:   int32_t priority = 0
07-05 23:54:05.528  1470 28154 D CCodecBuffers:   int32_t color-format = 2130708361
07-05 23:54:05.528  1470 28154 D CCodecBuffers: }
07-05 23:54:05.529 28036 28076 W MediaPlayerNative: info/warning (3, 0)
07-05 23:54:05.539  1254 12358 I soundtrigger: audio_extn_sound_trigger_update_stream_status: send event 3: usecase id 0, type 0
07-05 23:54:05.539  1254 12358 D sound_trigger_platform: platform_stdev_check_and_update_concurrency: concurrency active 0, tx 0, rx 1, concurrency session_allowed 1
07-05 23:54:05.539  1254 12358 D sound_trigger_platform: platform_stdev_check_concurrency_supported: capture concurrency  allowed, usecase type 0 voice_concur 0 voip_concur 0
07-05 23:54:05.540  1254 12358 D msm8974_platform: Setting audio calibration for snd_device(2) acdb_id(513)
07-05 23:54:05.540  1254 12358 E ACDB-LOADER: [acdb_loader_adsp_set_audio_cal] active device/stream not found (result=-100) for topology 0x1000dffb and apptype 0x11134
07-05 23:54:05.540  1254 12358 E ACDB-LOADER: [acdb_loader_adsp_set_audio_cal] set parameters failed with status -100
07-05 23:54:05.540  1254 12358 D msm8974_platform: Setting audio calibration for snd_device(2) acdb_id(513)
07-05 23:54:05.540  1254 12358 D audio_hw_waves: print_state_log: send volume table -(0,0.000000,F),(1,0.000000,F),(2,0.000000,F),(3,0.000000,T),(4,0.000000,F),(5,0.000000,F)
07-05 23:54:05.540  1254 12358 D ACDB-LOADER: ACDB -> send_audio_cal, acdb_id = 513, path = 0, app id = 0x11134, sample rate = 48000
07-05 23:54:05.540  1254 12358 D ACDB-LOADER: ACDB -> send_asm_topology
07-05 23:54:05.540  1254 12358 D ACDB-LOADER: ACDB -> ACDB_CMD_GET_AUDPROC_STREAM_TOPOLOGY_ID
07-05 23:54:05.540  1254 12358 D ACDB-LOADER: ACDB -> send_adm_topology
07-05 23:54:05.540  1254 12358 D ACDB-LOADER: ACDB -> ACDB_CMD_GET_AUDPROC_COMMON_TOPOLOGY_ID
07-05 23:54:05.540  1254 12358 D ACDB-LOADER: ACDB -> send_audtable
07-05 23:54:05.540  1254 12358 D ACDB-LOADER: ACDB -> ACDB_CMD_GET_AUDPROC_COMMON_TABLE_SIZE
07-05 23:54:05.540  1254 12358 D ACDB-LOADER: ACDB -> ACDB_CMD_GET_AUDPROC_COMMON_TABLE
07-05 23:54:05.540  1254 12358 D ACDB-LOADER: ACDB -> AUDIO_SET_AUDPROC_CAL
07-05 23:54:05.540  1254 12358 D ACDB-LOADER: ACDB -> send_audvoltable
07-05 23:54:05.540  1254 12358 D ACDB-LOADER: ACDB -> ACDB_CMD_GET_AUDPROC_VOL_STEP_TABLE_SIZE
07-05 23:54:05.540  1254 12358 D ACDB-LOADER: ACDB -> ACDB_CMD_GET_AUDPROC_GAIN_DEP_STEP_TABLE, vol index 0
07-05 23:54:05.540  1254 12358 D android.hardware.audio.service: Failed to fetch the lookup information of the device 00000201 
07-05 23:54:05.540  1254 12358 E ACDB-LOADER: Error: ACDB AudProc vol returned = -19
07-05 23:54:05.540  1254 12358 D ACDB-LOADER: ACDB -> AUDIO_SET_VOL_CAL cal type = 12
07-05 23:54:05.540  1254 12358 D ACDB-LOADER: ACDB -> ACDB_CMD_GET_AUDPROC_STREAM_TABLE_SIZE
07-05 23:54:05.540  1254 12358 D ACDB-LOADER: ACDB -> send_audstrmtable
07-05 23:54:05.540  1254 12358 D ACDB-LOADER: ACDB -> ACDB_CMD_GET_AUDPROC_STREAM_TABLE_V2
07-05 23:54:05.540  1254 12358 D ACDB-LOADER: ACDB -> audstrm_cal->cal_type.cal_data.cal_size = 456
07-05 23:54:05.540  1254 12358 D ACDB-LOADER: ACDB -> send_afe_topology
07-05 23:54:05.540  1254 12358 D ACDB-LOADER: ACDB -> ACDB_CMD_GET_AFE_TOPOLOGY_ID
07-05 23:54:05.540  1254 12358 D ACDB-LOADER: ACDB -> GET_AFE_TOPOLOGY_ID for adcd_id 513, Topology Id 10000ccc
07-05 23:54:05.540  1254 12358 D ACDB-LOADER: ACDB -> send_afe_cal
07-05 23:54:05.540  1254 12358 D ACDB-LOADER: ACDB -> ACDB_CMD_GET_AFE_COMMON_TABLE_SIZE
07-05 23:54:05.540  1254 12358 D ACDB-LOADER: ACDB -> ACDB_CMD_GET_AFE_COMMON_TABLE
07-05 23:54:05.540  1254 12358 D ACDB-LOADER: ACDB -> AUDIO_SET_AFE_CAL
07-05 23:54:05.540  1254 12358 D ACDB-LOADER: ACDB -> send_hw_delay : acdb_id = 513 path = 0
07-05 23:54:05.540  1254 12358 D ACDB-LOADER: ACDB -> ACDB_AVSYNC_INFO: ACDB_CMD_GET_DEVICE_PROPERTY
07-05 23:54:05.540  1254 12358 D audio_hw_primary: enable_audio_route: usecase(0) apply and update mixer path: deep-buffer-playback speaker
07-05 23:54:05.540  1254 12358 D audio_route: Apply path: deep-buffer-playback speaker
07-05 23:54:05.545 27985 28105 I BatteryMgr:DataCollectionService: stats => 1688594045545,135000,4149
07-05 23:54:05.559 27985 28105 I BatteryMgr:DataCollectionService: stats => 1688594045559,135000,4149
07-05 23:54:05.573 27985 28105 I BatteryMgr:DataCollectionService: stats => 1688594045573,135000,4149
07-05 23:54:05.586 27985 28105 I BatteryMgr:DataCollectionService: stats => 1688594045586,135000,4149
07-05 23:54:05.599 27985 28105 I BatteryMgr:DataCollectionService: stats => 1688594045599,135000,4149
07-05 23:54:05.601  1254 12358 D audio_hw_primary: out_write: retry previous failed cal level set
07-05 23:54:05.612 27985 28105 I BatteryMgr:DataCollectionService: stats => 1688594045612,135000,4149
07-05 23:54:05.625 27985 28105 I BatteryMgr:DataCollectionService: stats => 1688594045625,240937,4149
07-05 23:54:05.638 27985 28105 I BatteryMgr:DataCollectionService: stats => 1688594045638,240937,4149
07-05 23:54:05.651 27985 28105 I BatteryMgr:DataCollectionService: stats => 1688594045651,240937,4149
07-05 23:54:05.665 27985 28105 I BatteryMgr:DataCollectionService: stats => 1688594045665,240937,4149
07-05 23:54:05.678 27985 28105 I BatteryMgr:DataCollectionService: stats => 1688594045678,240937,4149
07-05 23:54:05.691 27985 28105 I BatteryMgr:DataCollectionService: stats => 1688594045691,240937,4149
07-05 23:54:05.694  1313  1864 D AudioFlinger: mixer(0x72c1019a70) throttle end: throttle time(48)
07-05 23:54:05.705 27985 28105 I BatteryMgr:DataCollectionService: stats => 1688594045704,240937,4149
07-05 23:54:05.717 27985 28105 I BatteryMgr:DataCollectionService: stats => 1688594045717,240937,4149
07-05 23:54:05.730 27985 28105 I BatteryMgr:DataCollectionService: stats => 1688594045730,240937,4149
07-05 23:54:05.743 27985 28105 I BatteryMgr:DataCollectionService: stats => 1688594045743,240937,4149
07-05 23:54:05.756 27985 28105 I BatteryMgr:DataCollectionService: stats => 1688594045756,240937,4149
07-05 23:54:05.769 27985 28105 I BatteryMgr:DataCollectionService: stats => 1688594045769,240937,4149
07-05 23:54:05.786 27985 28105 I BatteryMgr:DataCollectionService: stats => 1688594045786,240937,4149
07-05 23:54:05.801 27985 28105 I BatteryMgr:DataCollectionService: stats => 1688594045801,240937,4149
07-05 23:54:05.814 27985 28105 I BatteryMgr:DataCollectionService: stats => 1688594045814,240937,4149
07-05 23:54:05.828 27985 28105 I BatteryMgr:DataCollectionService: stats => 1688594045827,240937,4149
07-05 23:54:05.841 27985 28105 I BatteryMgr:DataCollectionService: stats => 1688594045840,240937,4149
07-05 23:54:05.854 27985 28105 I BatteryMgr:DataCollectionService: stats => 1688594045854,240937,4149
07-05 23:54:05.869 27985 28105 I BatteryMgr:DataCollectionService: stats => 1688594045868,240937,4149
07-05 23:54:05.883 27985 28105 I BatteryMgr:DataCollectionService: stats => 1688594045883,240937,4149
07-05 23:54:05.898 27985 28105 I BatteryMgr:DataCollectionService: stats => 1688594045898,240937,4149
07-05 23:54:05.912 27985 28105 I BatteryMgr:DataCollectionService: stats => 1688594045912,240937,4149
07-05 23:54:05.925 27985 28105 I BatteryMgr:DataCollectionService: stats => 1688594045925,240937,4149
07-05 23:54:05.939 27985 28105 I BatteryMgr:DataCollectionService: stats => 1688594045939,240937,4149
07-05 23:54:05.953 27985 28105 I BatteryMgr:DataCollectionService: stats => 1688594045953,240937,4149
07-05 23:54:05.962  1871  2225 D ConnectivityService: NetReassign [no changes] [c 1] [a 0] [i 3]
07-05 23:54:05.966 27985 28105 I BatteryMgr:DataCollectionService: stats => 1688594045966,240937,4149
07-05 23:54:05.981 27985 28105 I BatteryMgr:DataCollectionService: stats => 1688594045981,236875,4149
07-05 23:54:05.994 27985 28105 I BatteryMgr:DataCollectionService: stats => 1688594045994,236875,4149
07-05 23:54:06.009 27985 28105 I BatteryMgr:DataCollectionService: stats => 1688594046009,236875,4149
07-05 23:54:06.023 27985 28105 I BatteryMgr:DataCollectionService: stats => 1688594046023,236875,4149
07-05 23:54:06.038 27985 28105 I BatteryMgr:DataCollectionService: stats => 1688594046038,236875,4149
07-05 23:54:06.052 27985 28105 I BatteryMgr:DataCollectionService: stats => 1688594046052,236875,4149
07-05 23:54:06.066 27985 28105 I BatteryMgr:DataCollectionService: stats => 1688594046066,236875,4149
07-05 23:54:06.079 27985 28105 I BatteryMgr:DataCollectionService: stats => 1688594046079,236875,4149
07-05 23:54:06.095 27985 28105 I BatteryMgr:DataCollectionService: stats => 1688594046095,236875,4149
07-05 23:54:06.110 27985 28105 I BatteryMgr:DataCollectionService: stats => 1688594046109,236875,4149
07-05 23:54:06.123 27985 28105 I BatteryMgr:DataCollectionService: stats => 1688594046123,236875,4149
