--------- beginning of main
07-10 13:10:00.010  3612  3803 I AiAiEcho: Predicting[7]: { Feature:1, creation:2023-07-10T10:58:31Z, expiry:2023-07-10T11:00:00Z, isExpired: true}, { Feature:1, creation:2023-07-10T11:00:00Z, expiry:2023-07-10T12:00:00Z, isExpired: false}, { Feature:1, creation:2023-07-10T12:00:00Z, expiry:2023-07-10T13:00:00Z, isExpired: true}, { Feature:1, creation:2023-07-10T13:00:00Z, expiry:2023-07-10T14:00:00Z, isExpired: true}, { Feature:1, creation:2023-07-10T14:00:00Z, expiry:2023-07-10T15:00:00Z, isExpired: true}, { Feature:1, creation:2023-07-10T15:00:00Z, expiry:2023-07-10T16:00:00Z, isExpired: true}, { Feature:1, creation:2023-07-10T16:00:00Z, expiry:2023-07-10T16:58:31Z, isExpired: true}
07-10 13:10:00.018  3612  3803 I AiAiEcho: EchoTargets: Feature:1
07-10 13:10:00.018  3612  3803 I AiAiEcho: Filtered by AiAi flag check: 
07-10 13:10:00.020  3612  3803 I AiAiEcho: Ranked targets strategy: WEIGHTED, count: 1, ranking metadata: { cardId: WEATHER-569377244, card type: 1, update time: 2023-07-10T11:00:00Z, expiration time: 2023-07-10T12:00:00Z, ranking metadata: RankingMetaData(urgency=0.975, priority=0.3, recency=1.0, rankScore=0.29250002, importantTimePoints=# kwj@7bca4) }
07-10 13:10:00.025  3612  3803 I AiAiEcho: #postPredictionTargets: Sending updates to UISurface lockscreen with targets# 1 (types=[1])
07-10 13:10:00.040  2377  2377 W BcSmartspaceCard: No title view to update
07-10 13:10:00.097 21577 21577 D ProcessState: Binder ioctl to enable oneway spam detection failed: Invalid argument
--------- beginning of system
07-10 13:10:00.103  2161  4353 I ActivityTaskManager: START u0 {act=android.intent.action.MAIN cat=[android.intent.category.LAUNCHER] flg=0x10000000 cmp=com.example.batterymanager_utility/.MainActivity} from uid 2000
07-10 13:10:00.107  2161  4353 W ActivityTaskManager: Can't find TaskDisplayArea to determine support for multi window. Task id=93 attached=false
07-10 13:10:00.112  2161  4353 D CompatibilityChangeReporter: Compat change id reported: 174042980; UID 10232; state: DISABLED
07-10 13:10:00.113  2161  4353 D CompatibilityChangeReporter: Compat change id reported: 184838306; UID 10232; state: DISABLED
07-10 13:10:00.114  2161  4353 D CompatibilityChangeReporter: Compat change id reported: 185004937; UID 10232; state: DISABLED
07-10 13:10:00.119  2161  4353 D CompatibilityChangeReporter: Compat change id reported: 168419799; UID 10232; state: DISABLED
07-10 13:10:00.137  2161  2203 W ActivityManager: ProcessRecord{8e0147b 0:com.example.batterymanager_utility/u0a232}: ART verification disabled
07-10 13:10:00.137  2161  2203 D CompatibilityChangeReporter: Compat change id reported: 135634846; UID 10232; state: DISABLED
07-10 13:10:00.138  2161  2203 D CompatibilityChangeReporter: Compat change id reported: 177438394; UID 10232; state: DISABLED
07-10 13:10:00.138  2161  2203 D CompatibilityChangeReporter: Compat change id reported: 135772972; UID 10232; state: DISABLED
07-10 13:10:00.138  2161  2203 D CompatibilityChangeReporter: Compat change id reported: 135754954; UID 10232; state: ENABLED
07-10 13:10:00.138  2161  2213 D CompatibilityChangeReporter: Compat change id reported: 143937733; UID 10232; state: ENABLED
07-10 13:10:00.153  1091  1091 D Zygote  : Forked child process 21581
07-10 13:10:00.154  2161  2213 I ActivityManager: Start proc 21581:com.example.batterymanager_utility/u0a232 for pre-top-activity {com.example.batterymanager_utility/com.example.batterymanager_utility.MainActivity}
07-10 13:10:00.158 21581 21581 I manager_utilit: Late-enabling -Xcheck:jni
07-10 13:10:00.187 21581 21581 I manager_utilit: Using CollectorTypeCC GC.
07-10 13:10:00.191 11062 11070 I adbd    : jdwp connection from 21581
07-10 13:10:00.193 21581 21581 D ProcessState: Binder ioctl to enable oneway spam detection failed: Invalid argument
07-10 13:10:00.203 21581 21581 D CompatibilityChangeReporter: Compat change id reported: 171979766; UID 10232; state: ENABLED
07-10 13:10:00.209 21581 21581 W ziparchive: Unable to open '/data/app/~~xaYR5a9hzBsDi9PS9gdcbQ==/com.example.batterymanager_utility-l_ElmCTjY4RBGp1bFDnElw==/base.dm': No such file or directory
07-10 13:10:00.209 21581 21581 W ziparchive: Unable to open '/data/app/~~xaYR5a9hzBsDi9PS9gdcbQ==/com.example.batterymanager_utility-l_ElmCTjY4RBGp1bFDnElw==/base.dm': No such file or directory
07-10 13:10:00.228  4182  4182 I A       : onPause
07-10 13:10:00.233  3698  3698 I GsaVoiceInteractionSrv: Handling ACTION_STOP_HOTWORD
07-10 13:10:00.250 21587 21587 D AndroidRuntime: >>>>>> START com.android.internal.os.RuntimeInit uid 2000 <<<<<<
07-10 13:10:00.254 21587 21587 I AndroidRuntime: Using default boot image
07-10 13:10:00.254 21587 21587 I AndroidRuntime: Leaving lock profiling enabled
07-10 13:10:00.251 21587 21587 W app_process: type=1400 audit(0.0:143): avc: denied { read } for name="u:object_r:odsign_prop:s0" dev="tmpfs" ino=19810 scontext=u:r:shell:s0 tcontext=u:object_r:odsign_prop:s0 tclass=file permissive=0
07-10 13:10:00.254 21587 21587 W libc    : Access denied finding property "odsign.verification.success"
07-10 13:10:00.257 21587 21587 W app_process: ART APEX data files are untrusted.
07-10 13:10:00.258 21587 21587 I app_process: Using CollectorTypeCC GC.
07-10 13:10:00.258 21587 21587 E app_process: Error reading named image component header for /system/framework/boot.art, error: Unable to open file "/system/framework/arm64/boot.art" for reading image header
07-10 13:10:00.274 21605 21605 W dex2oat64: Mismatch between dex2oat instruction set features to use (ISA: Arm64 Feature string: -a53,crc,lse,fp16,-dotprod,-sve) and those from CPP defines (ISA: Arm64 Feature string: -a53,-crc,-lse,-fp16,-dotprod,-sve) for the command line:
07-10 13:10:00.274 21605 21605 W dex2oat64: /apex/com.android.art/bin/dex2oat64 --runtime-arg -Xbootclasspath:/apex/com.android.art/javalib/core-oj.jar:/apex/com.android.art/javalib/core-libart.jar:/apex/com.android.art/javalib/okhttp.jar:/apex/com.android.art/javalib/bouncycastle.jar:/apex/com.android.art/javalib/apache-xml.jar:/system/framework/framework.jar:/system/framework/framework-graphics.jar:/system/framework/ext.jar:/system/framework/telephony-common.jar:/system/framework/voip-common.jar:/system/framework/ims-common.jar:/apex/com.android.i18n/javalib/core-icu4j.jar --runtime-arg -Xbootclasspath-locations:/apex/com.android.art/javalib/core-oj.jar:/apex/com.android.art/javalib/core-libart.jar:/apex/com.android.art/javalib/okhttp.jar:/apex/com.android.art/javalib/bouncycastle.jar:/apex/com.android.art/javalib/apache-xml.jar:/system/framework/framework.jar:/system/framework/framework-graphics.jar:/system/framework/ext.jar:/system/framework/telephony-common.jar:/system/framework/voip-common.jar:/system/framework/ims-common.jar:/apex/com.android.i18n/javalib/core-icu4j.jar --base=0x70000000 --dex-file=/apex/com.android.art/javalib/core-oj.jar --dex-location=/apex/com.android.art/javalib/core-oj.jar --dex-file=/apex/com.android.art/javalib/core-libart.jar --dex-location=/apex/com.android.art/javalib/core-libart.jar --dex-file=/apex/com.android.art/javalib/okhttp.jar --dex-location=/apex/com.android.art/javalib/okhttp.jar --dex-file=/apex/com.android.art/javalib/bouncycastle.jar --dex-location=/apex/com.android.art/javalib/bouncycastle.jar --dex-file=/apex/com.android.art/javalib/apache-xml.jar --dex-location=/apex/com.android.art/javalib/apache-xml.jar --dex-file=/system/framework/framework.jar --dex-location=/system/framework/framework.jar --dex-file=/system/framework/framework-graphics.jar --dex-location=/system/framework/framework-graphics.jar --dex-file=/system/framework/ext.jar --dex-location=/system/framework/ext.jar --dex-file=/system/framework/telephony-common.jar --dex-location=/system/framework/telephony-common.jar --dex-file=/system/framework/voip-common.jar --dex-location=/system/framework/voip-common.jar --dex-file=/system/framework/ims-common.jar --dex-location=/system/framework/ims-common.jar --dex-file=/apex/com.android.i18n/javalib/core-icu4j.jar --dex-location=/apex/com.android.i18n/javalib/core-icu4j.jar --image-fd=5 --output-vdex-fd=6 --oat-fd=7 --oat-location=/system/framework/arm64/boot.oat --single-image --image-format=uncompressed --compiler-filter=verify --profile-file=/apex/com.android.art/etc/boot-image.prof --profile-file=/system/etc/boot-image.prof --avoid-storing-invocation --instruction-set=arm64 --instruction-set-features=runtime --runtime-arg -Xms64m --runtime-arg -Xmx64m --dirty-image-objects=/system/etc/dirty-image-objects --instruction-set-variant=kryo385 --instruction-set-features=default --generate-mini-debug-info
07-10 13:10:00.287 21581 21581 D nativeloader: Configuring classloader-namespace for other apk /data/app/~~xaYR5a9hzBsDi9PS9gdcbQ==/com.example.batterymanager_utility-l_ElmCTjY4RBGp1bFDnElw==/base.apk. target_sdk_version=33, uses_libraries=, library_path=/data/app/~~xaYR5a9hzBsDi9PS9gdcbQ==/com.example.batterymanager_utility-l_ElmCTjY4RBGp1bFDnElw==/lib/arm64, permitted_path=/data:/mnt/expand:/data/user/0/com.example.batterymanager_utility
07-10 13:10:00.292 21605 21605 I dex2oat64: /apex/com.android.art/bin/dex2oat64 --runtime-arg -Xbootclasspath:/apex/com.android.art/javalib/core-oj.jar:/apex/com.android.art/javalib/core-libart.jar:/apex/com.android.art/javalib/okhttp.jar:/apex/com.android.art/javalib/bouncycastle.jar:/apex/com.android.art/javalib/apache-xml.jar:/system/framework/framework.jar:/system/framework/framework-graphics.jar:/system/framework/ext.jar:/system/framework/telephony-common.jar:/system/framework/voip-common.jar:/system/framework/ims-common.jar:/apex/com.android.i18n/javalib/core-icu4j.jar --runtime-arg -Xbootclasspath-locations:/apex/com.android.art/javalib/core-oj.jar:/apex/com.android.art/javalib/core-libart.jar:/apex/com.android.art/javalib/okhttp.jar:/apex/com.android.art/javalib/bouncycastle.jar:/apex/com.android.art/javalib/apache-xml.jar:/system/framework/framework.jar:/system/framework/framework-graphics.jar:/system/framework/ext.jar:/system/framework/telephony-common.jar:/system/framework/voip-common.jar:/system/framework/ims-common.jar:/apex/com.android.i18n/javalib/core-icu4j.jar --base=0x70000000 --dex-file=/apex/com.android.art/javalib/core-oj.jar --dex-location=/apex/com.android.art/javalib/core-oj.jar --dex-file=/apex/com.android.art/javalib/core-libart.jar --dex-location=/apex/com.android.art/javalib/core-libart.jar --dex-file=/apex/com.android.art/javalib/okhttp.jar --dex-location=/apex/com.android.art/javalib/okhttp.jar --dex-file=/apex/com.android.art/javalib/bouncycastle.jar --dex-location=/apex/com.android.art/javalib/bouncycastle.jar --dex-file=/apex/com.android.art/javalib/apache-xml.jar --dex-location=/apex/com.android.art/javalib/apache-xml.jar --dex-file=/system/framework/framework.jar --dex-location=/system/framework/framework.jar --dex-file=/system/framework/framework-graphics.jar --dex-location=/system/framework/framework-graphics.jar --dex-file=/system/framework/ext.jar --dex-location=/system/framework/ext.jar --dex-file=/system/framework/telephony-common.jar --dex-location=/system/framework/telephony-common.jar --dex-file=/system/framework/voip-common.jar --dex-location=/system/framework/voip-common.jar --dex-file=/system/framework/ims-common.jar --dex-location=/system/framework/ims-common.jar --dex-file=/apex/com.android.i18n/javalib/core-icu4j.jar --dex-location=/apex/com.android.i18n/javalib/core-icu4j.jar --image-fd=5 --output-vdex-fd=6 --oat-fd=7 --oat-location=/system/framework/arm64/boot.oat --single-image --image-format=uncompressed --compiler-filter=verify --profile-file=/apex/com.android.art/etc/boot-image.prof --profile-file=/system/etc/boot-image.prof --avoid-storing-invocation --instruction-set=arm64 --instruction-set-features=runtime --runtime-arg -Xms64m --runtime-arg -Xmx64m --dirty-image-objects=/system/etc/dirty-image-objects --instruction-set-variant=kryo385 --instruction-set-features=default --generate-mini-debug-info
07-10 13:10:00.293 21581 21581 V GraphicsEnvironment: ANGLE Developer option for 'com.example.batterymanager_utility' set to: 'default'
07-10 13:10:00.293 21581 21581 V GraphicsEnvironment: App is not on the allowlist for updatable production driver.
07-10 13:10:00.293 21605 21605 I dex2oat64: setting boot class path to /apex/com.android.art/javalib/core-oj.jar:/apex/com.android.art/javalib/core-libart.jar:/apex/com.android.art/javalib/okhttp.jar:/apex/com.android.art/javalib/bouncycastle.jar:/apex/com.android.art/javalib/apache-xml.jar:/system/framework/framework.jar:/system/framework/framework-graphics.jar:/system/framework/ext.jar:/system/framework/telephony-common.jar:/system/framework/voip-common.jar:/system/framework/ims-common.jar:/apex/com.android.i18n/javalib/core-icu4j.jar
07-10 13:10:00.295 21581 21581 D NetworkSecurityConfig: No Network Security Config specified, using platform default
07-10 13:10:00.295 21581 21581 D NetworkSecurityConfig: No Network Security Config specified, using platform default
07-10 13:10:00.300 21581 21581 I BatteryMgr:App: creating notification channel
07-10 13:10:00.360  2161  2292 D ConnectivityService: NetReassign [no changes] [c 0] [a 0] [i 1]
07-10 13:10:00.411  2532  2532 I WallpaperService: engine paused
07-10 13:10:00.448  2161  2204 D CompatibilityChangeReporter: Compat change id reported: 158002302; UID 10232; state: ENABLED
07-10 13:10:00.450 21581 21608 I AdrenoGLES-0: QUALCOMM build                   : 781e7d0, I46ff5fc46f
07-10 13:10:00.450 21581 21608 I AdrenoGLES-0: Build Date                       : 12/01/20
07-10 13:10:00.450 21581 21608 I AdrenoGLES-0: OpenGL ES Shader Compiler Version: EV031.31.04.01
07-10 13:10:00.450 21581 21608 I AdrenoGLES-0: Local Branch                     : QPR1
07-10 13:10:00.450 21581 21608 I AdrenoGLES-0: Remote Branch                    : 
07-10 13:10:00.450 21581 21608 I AdrenoGLES-0: Remote Branch                    : 
07-10 13:10:00.450 21581 21608 I AdrenoGLES-0: Reconstruct Branch               : 
07-10 13:10:00.450 21581 21608 I AdrenoGLES-0: Build Config                     : C P 11.0.1 AArch64
07-10 13:10:00.450 21581 21608 I AdrenoGLES-0: Driver Path                      : /vendor/lib64/egl/libGLESv2_adreno.so
07-10 13:10:00.452 21581 21608 I AdrenoGLES-0: PFP: 0x016ee190, ME: 0x00000000
07-10 13:10:00.453 21581 21608 W AdrenoUtils: <ReadGpuID_from_sysfs:197>: Failed to open /sys/class/kgsl/kgsl-3d0/gpu_model
07-10 13:10:00.453 21581 21608 W AdrenoUtils: <ReadGpuID:221>: Failed to read chip ID from gpu_model. Fallback to use the GSL path
07-10 13:10:00.459   742   768 I SDM     : HWCDisplay::GetColorModeCount: Supported color mode count = 5
07-10 13:10:00.459   740   777 E HWComposer: getSupportedContentTypes: getSupportedContentTypes failed for display 0: Unsupported (8)
07-10 13:10:00.460 21581 21608 D hw-ProcessState: Binder ioctl to enable oneway spam detection failed: Invalid argument
07-10 13:10:00.461   690   690 I hwservicemanager: getTransport: Cannot find entry android.hardware.graphics.mapper@4.0::IMapper/default in either framework or device VINTF manifest.
07-10 13:10:00.461 21581 21611 I Gralloc4: mapper 4.x is not supported
07-10 13:10:00.461   690   690 I hwservicemanager: getTransport: Cannot find entry android.hardware.graphics.mapper@3.0::IMapper/default in either framework or device VINTF manifest.
07-10 13:10:00.461 21581 21611 W Gralloc3: mapper 3.x is not supported
07-10 13:10:00.463   690   690 I hwservicemanager: getTransport: Cannot find entry android.hardware.graphics.allocator@4.0::IAllocator/default in either framework or device VINTF manifest.
07-10 13:10:00.463 21581 21611 W Gralloc4: allocator 4.x is not supported
07-10 13:10:00.463   690   690 I hwservicemanager: getTransport: Cannot find entry android.hardware.graphics.allocator@3.0::IAllocator/default in either framework or device VINTF manifest.
07-10 13:10:00.463 21581 21611 W Gralloc3: allocator 3.x is not supported
07-10 13:10:00.479  2161  2200 W ziparchive: Unable to open '/data/app/~~xaYR5a9hzBsDi9PS9gdcbQ==/com.example.batterymanager_utility-l_ElmCTjY4RBGp1bFDnElw==/base.dm': No such file or directory
07-10 13:10:00.481  2161  2200 I ActivityTaskManager: Displayed com.example.batterymanager_utility/.MainActivity: +375ms
07-10 13:10:00.493  2161  2203 W ProcessStats: Tracking association SourceState{de67a48 com.google.android.googlequicksearchbox:search/10135 BTopFgs #12327} whose proc state 2 is better than process ProcessState{5f4ac02 com.google.android.gms/10125 pkg=com.google.android.gms} proc state 3 (28 skipped)
07-10 13:10:00.495  4182  4182 I A       : onStop
07-10 13:10:00.499  3653  3653 I GoogleInputMethodService: GoogleInputMethodService.onFinishInput():3306 
07-10 13:10:00.500  3653  3653 I GoogleInputMethodService: GoogleInputMethodService.updateDeviceLockedStatus():2127 repeatCheckTimes = 0, locked = false
07-10 13:10:00.501  3653  3653 I GoogleInputMethodService: GoogleInputMethodService.onStartInput():1909 onStartInput(EditorInfo{inputType=0x0(NULL) imeOptions=0x0 privateImeOptions=null actionName=UNSPECIFIED actionLabel=null actionId=0 initialSelStart=-1 initialSelEnd=-1 initialCapsMode=0x0 hintText=null label=null packageName=com.example.batterymanager_utility fieldId=-1 fieldName=null extras=null hintLocales=[]}, false)
07-10 13:10:00.501  3653  3653 I GoogleInputMethodService: GoogleInputMethodService.shouldHideHeaderOnInitialState():1990 ShouldHideHeaderOnInitialState = false
07-10 13:10:00.501  3653  3653 I GoogleInputMethodService: GoogleInputMethodService.updateDeviceLockedStatus():2127 repeatCheckTimes = 1, locked = false
07-10 13:10:00.590 21605 21605 I dex2oat64: Using CollectorTypeCC GC.
07-10 13:10:00.783  2161  4353 W InputManager-JNI: Input channel object '5f28c75 Splash Screen com.example.batterymanager_utility (client)' was disposed without first being removed with the input manager!
07-10 13:10:02.442 21605 21605 I dex2oat64: Explicit concurrent copying GC freed 88231(11MB) AllocSpace objects, 5(84KB) LOS objects, 27% free, 15MB/21MB, paused 18us,15us total 91.991ms
07-10 13:10:02.660 21605 21605 I dex2oat64: Explicit concurrent copying GC freed 41961(7495KB) AllocSpace objects, 0(0B) LOS objects, 41% free, 8512KB/14MB, paused 13us,10us total 44.497ms
07-10 13:10:03.125 21605 21605 I dex2oat64: dex2oat took 2.853s (5.979s cpu) (threads: 8) arena alloc=0B (0B) java alloc=8512KB (8716512B) native alloc=15MB (16513888B) free=4068KB (4166448B)
07-10 13:10:03.251 21587 21587 D app_process: Time zone APEX ICU file found: /apex/com.android.tzdata/etc/icu/icu_tzdata.dat
07-10 13:10:03.251 21587 21587 D app_process: I18n APEX ICU file found: /apex/com.android.i18n/etc/icu/icudt68l.dat
07-10 13:10:03.300 21587 21587 D ProcessState: Binder ioctl to enable oneway spam detection failed: Invalid argument
07-10 13:10:03.300 21587 21587 D AndroidRuntime: Calling main entry com.android.commands.monkey.Monkey
07-10 13:10:03.304 21587 21587 W Monkey  : args: [-p, e.www.httpsrequesttest, 1]
07-10 13:10:03.304 21587 21587 W Monkey  :  arg: "-p"
07-10 13:10:03.304 21587 21587 W Monkey  :  arg: "e.www.httpsrequesttest"
07-10 13:10:03.305 21587 21587 W Monkey  :  arg: "1"
07-10 13:10:03.305 21587 21587 W Monkey  : data="e.www.httpsrequesttest"
07-10 13:10:03.363  2161  2212 W BroadcastQueue: Skipping deliver [background] BroadcastRecord{befd917 u-1 android.net.conn.CONNECTIVITY_CHANGE} to ReceiverList{80ea104 21587 (unknown name)/2000/u-1 remote:d8f00b1}: process gone or crashing
07-10 13:10:03.371  2161  2292 D ConnectivityService: NetReassign [no changes] [c 1] [a 0] [i 4]
07-10 13:10:03.375  2161  4353 I ActivityTaskManager: START u0 {act=android.intent.action.MAIN cat=[android.intent.category.LAUNCHER] flg=0x10200000 cmp=e.www.httpsrequesttest/.MainActivity} from uid 2000
07-10 13:10:03.377  2161  4353 W ActivityTaskManager: Can't find TaskDisplayArea to determine support for multi window. Task id=94 attached=false
07-10 13:10:03.380  2161  4353 D CompatibilityChangeReporter: Compat change id reported: 174042980; UID 10223; state: DISABLED
07-10 13:10:03.380  2161  4353 D CompatibilityChangeReporter: Compat change id reported: 184838306; UID 10223; state: DISABLED
07-10 13:10:03.382  2161  4353 D CompatibilityChangeReporter: Compat change id reported: 185004937; UID 10223; state: DISABLED
07-10 13:10:03.383  2161  4353 D CompatibilityChangeReporter: Compat change id reported: 181136395; UID 10223; state: DISABLED
07-10 13:10:03.383  2161  4353 D CompatibilityChangeReporter: Compat change id reported: 174042936; UID 10223; state: DISABLED
07-10 13:10:03.390  2161  4353 D CompatibilityChangeReporter: Compat change id reported: 168419799; UID 10223; state: DISABLED
07-10 13:10:03.396 21587 21587 I Monkey  : Events injected: 1
07-10 13:10:03.410  2161  2203 W ActivityManager: ProcessRecord{c82156e 0:e.www.httpsrequesttest/u0a223}: ART verification disabled
07-10 13:10:03.411  2161  2203 D CompatibilityChangeReporter: Compat change id reported: 135634846; UID 10223; state: DISABLED
07-10 13:10:03.411  2161  2203 D CompatibilityChangeReporter: Compat change id reported: 177438394; UID 10223; state: DISABLED
07-10 13:10:03.411  2161  2203 D CompatibilityChangeReporter: Compat change id reported: 135772972; UID 10223; state: DISABLED
07-10 13:10:03.411  2161  2203 D CompatibilityChangeReporter: Compat change id reported: 135754954; UID 10223; state: DISABLED
07-10 13:10:03.411  2161  2213 D CompatibilityChangeReporter: Compat change id reported: 143937733; UID 10223; state: DISABLED
07-10 13:10:03.412 21587 21587 I Monkey  : ## Network stats: elapsed time=33ms (0ms mobile, 0ms wifi, 33ms not connected)
07-10 13:10:03.413 21587 21587 I app_process: System.exit called, status: 0
07-10 13:10:03.413 21587 21587 I AndroidRuntime: VM exiting with result code 0.
07-10 13:10:03.424  1091  1091 D Zygote  : Forked child process 21639
07-10 13:10:03.425  2532  2872 W OpenGLRenderer: Surface doesn't have any previously queued frames, nothing to readback from
07-10 13:10:03.427  2161  2213 I ActivityManager: Start proc 21639:e.www.httpsrequesttest/u0a223 for pre-top-activity {e.www.httpsrequesttest/e.www.httpsrequesttest.MainActivity}
07-10 13:10:03.428 21639 21639 I ttpsrequesttes: Late-enabling -Xcheck:jni
07-10 13:10:03.431  2532  2532 I WallpaperService: engine resumed
07-10 13:10:03.433  2532  2872 W OpenGLRenderer: Surface doesn't have any previously queued frames, nothing to readback from
07-10 13:10:03.457 21639 21639 I ttpsrequesttes: Using CollectorTypeCC GC.
07-10 13:10:03.461 11062 11070 I adbd    : jdwp connection from 21639
07-10 13:10:03.464 21639 21639 D ProcessState: Binder ioctl to enable oneway spam detection failed: Invalid argument
07-10 13:10:03.474 21639 21639 D CompatibilityChangeReporter: Compat change id reported: 171979766; UID 10223; state: DISABLED
07-10 13:10:03.479 21639 21639 D ApplicationLoaders: Returning zygote-cached class loader: /system/framework/android.test.base.jar
07-10 13:10:03.480 21639 21639 W ziparchive: Unable to open '/data/app/~~_7mQChsdDAlVBc9eYCCQXA==/e.www.httpsrequesttest-T7S2Djmjd2qBen90P5Xkcw==/base.dm': No such file or directory
07-10 13:10:03.480 21639 21639 W ziparchive: Unable to open '/data/app/~~_7mQChsdDAlVBc9eYCCQXA==/e.www.httpsrequesttest-T7S2Djmjd2qBen90P5Xkcw==/base.dm': No such file or directory
07-10 13:10:03.511 21639 21639 D nativeloader: Configuring classloader-namespace for other apk /data/app/~~_7mQChsdDAlVBc9eYCCQXA==/e.www.httpsrequesttest-T7S2Djmjd2qBen90P5Xkcw==/base.apk. target_sdk_version=28, uses_libraries=, library_path=/data/app/~~_7mQChsdDAlVBc9eYCCQXA==/e.www.httpsrequesttest-T7S2Djmjd2qBen90P5Xkcw==/lib/arm64, permitted_path=/data:/mnt/expand:/data/user/0/e.www.httpsrequesttest
07-10 13:10:03.518 21639 21639 V GraphicsEnvironment: ANGLE Developer option for 'e.www.httpsrequesttest' set to: 'default'
07-10 13:10:03.518 21639 21639 V GraphicsEnvironment: App is not on the allowlist for updatable production driver.
07-10 13:10:03.520 21639 21639 D NetworkSecurityConfig: No Network Security Config specified, using platform default
07-10 13:10:03.520 21639 21639 D NetworkSecurityConfig: No Network Security Config specified, using platform default
07-10 13:10:03.548 21639 21639 W ttpsrequesttes: Accessing hidden method Landroid/view/View;->computeFitSystemWindows(Landroid/graphics/Rect;Landroid/graphics/Rect;)Z (unsupported, reflection, allowed)
07-10 13:10:03.548 21639 21639 W ttpsrequesttes: Accessing hidden method Landroid/view/ViewGroup;->makeOptionalFitsSystemWindows()V (unsupported, reflection, allowed)
07-10 13:10:03.580  2161  2204 D CompatibilityChangeReporter: Compat change id reported: 158002302; UID 10223; state: ENABLED
07-10 13:10:03.582 21639 21661 I AdrenoGLES-0: QUALCOMM build                   : 781e7d0, I46ff5fc46f
07-10 13:10:03.582 21639 21661 I AdrenoGLES-0: Build Date                       : 12/01/20
07-10 13:10:03.582 21639 21661 I AdrenoGLES-0: OpenGL ES Shader Compiler Version: EV031.31.04.01
07-10 13:10:03.582 21639 21661 I AdrenoGLES-0: Local Branch                     : QPR1
07-10 13:10:03.582 21639 21661 I AdrenoGLES-0: Remote Branch                    : 
07-10 13:10:03.582 21639 21661 I AdrenoGLES-0: Remote Branch                    : 
07-10 13:10:03.582 21639 21661 I AdrenoGLES-0: Reconstruct Branch               : 
07-10 13:10:03.582 21639 21661 I AdrenoGLES-0: Build Config                     : C P 11.0.1 AArch64
07-10 13:10:03.582 21639 21661 I AdrenoGLES-0: Driver Path                      : /vendor/lib64/egl/libGLESv2_adreno.so
07-10 13:10:03.584 21639 21661 I AdrenoGLES-0: PFP: 0x016ee190, ME: 0x00000000
07-10 13:10:03.585 21639 21661 W AdrenoUtils: <ReadGpuID_from_sysfs:197>: Failed to open /sys/class/kgsl/kgsl-3d0/gpu_model
07-10 13:10:03.585 21639 21661 W AdrenoUtils: <ReadGpuID:221>: Failed to read chip ID from gpu_model. Fallback to use the GSL path
07-10 13:10:03.591   742   768 I SDM     : HWCDisplay::GetColorModeCount: Supported color mode count = 5
07-10 13:10:03.591   740  3590 E HWComposer: getSupportedContentTypes: getSupportedContentTypes failed for display 0: Unsupported (8)
07-10 13:10:03.592 21639 21661 D hw-ProcessState: Binder ioctl to enable oneway spam detection failed: Invalid argument
07-10 13:10:03.593   690   690 I hwservicemanager: getTransport: Cannot find entry android.hardware.graphics.mapper@4.0::IMapper/default in either framework or device VINTF manifest.
07-10 13:10:03.593 21639 21668 I Gralloc4: mapper 4.x is not supported
07-10 13:10:03.593   690   690 I hwservicemanager: getTransport: Cannot find entry android.hardware.graphics.mapper@3.0::IMapper/default in either framework or device VINTF manifest.
07-10 13:10:03.593 21639 21668 W Gralloc3: mapper 3.x is not supported
07-10 13:10:03.595   690   690 I hwservicemanager: getTransport: Cannot find entry android.hardware.graphics.allocator@4.0::IAllocator/default in either framework or device VINTF manifest.
07-10 13:10:03.595 21639 21668 W Gralloc4: allocator 4.x is not supported
07-10 13:10:03.595   690   690 I hwservicemanager: getTransport: Cannot find entry android.hardware.graphics.allocator@3.0::IAllocator/default in either framework or device VINTF manifest.
07-10 13:10:03.595 21639 21668 W Gralloc3: allocator 3.x is not supported
07-10 13:10:03.606  2161  2200 W ziparchive: Unable to open '/data/app/~~_7mQChsdDAlVBc9eYCCQXA==/e.www.httpsrequesttest-T7S2Djmjd2qBen90P5Xkcw==/base.dm': No such file or directory
07-10 13:10:03.608  2161  2200 I ActivityTaskManager: Displayed e.www.httpsrequesttest/.MainActivity: +231ms
07-10 13:10:03.612  3653  3653 I GoogleInputMethodService: GoogleInputMethodService.onFinishInput():3306 
07-10 13:10:03.614  3653  3653 I GoogleInputMethodService: GoogleInputMethodService.updateDeviceLockedStatus():2127 repeatCheckTimes = 0, locked = false
07-10 13:10:03.614  3653  3653 I GoogleInputMethodService: GoogleInputMethodService.onStartInput():1909 onStartInput(EditorInfo{inputType=0x0(NULL) imeOptions=0x0 privateImeOptions=null actionName=UNSPECIFIED actionLabel=null actionId=0 initialSelStart=-1 initialSelEnd=-1 initialCapsMode=0x0 hintText=null label=null packageName=e.www.httpsrequesttest fieldId=-1 fieldName=null extras=null hintLocales=[]}, false)
07-10 13:10:03.614  3653  3653 I GoogleInputMethodService: GoogleInputMethodService.shouldHideHeaderOnInitialState():1990 ShouldHideHeaderOnInitialState = false
07-10 13:10:03.615  3653  3653 I GoogleInputMethodService: GoogleInputMethodService.updateDeviceLockedStatus():2127 repeatCheckTimes = 1, locked = false
07-10 13:10:03.903  2161  2175 W InputManager-JNI: Input channel object 'f56c970 Splash Screen e.www.httpsrequesttest (client)' was disposed without first being removed with the input manager!
07-10 13:10:04.036  2532  2532 I WallpaperService: engine paused
07-10 13:10:04.633 21675 21675 D ProcessState: Binder ioctl to enable oneway spam detection failed: Invalid argument
07-10 13:10:05.026 21691 21691 D ProcessState: Binder ioctl to enable oneway spam detection failed: Invalid argument
07-10 13:10:05.032  2161  2175 I ActivityManager: Background started FGS: Allowed [callingPackage: com.android.shell; callingUid: 2000; uidState: NONE; intent: Intent { cmp=com.example.batterymanager_utility/.DataCollectionService (has extras) }; code:SYSTEM_UID; tempAllowListReason:<,reasonCode:SYSTEM_ALLOW_LISTED,duration:9223372036854775807,callingUid:-1>; targetSdkVersion:33; callerTargetSdkVersion:-1; startForegroundCount:0; bindFromPackage:null]
07-10 13:10:05.043 21581 21581 I BatteryMgr:DataCollectionService: onStartCommand: begin
07-10 13:10:05.043 21581 21581 I BatteryMgr:DataCollectionService: onStartCommand: sampleRate => 0
07-10 13:10:05.043 21581 21581 I BatteryMgr:DataCollectionService: onStartCommand: rawFields => Timestamp,BATTERY_PROPERTY_CURRENT_NOW,EXTRA_VOLTAGE
07-10 13:10:05.044 21581 21581 I BatteryMgr:DataCollectionService: onStartCommand: notification done
07-10 13:10:05.048 21581 21581 I BatteryMgr:DataCollectionService: started foreground
07-10 13:10:05.057 21581 21694 I BatteryMgr:DataCollectionService: collectData: begin
07-10 13:10:05.066 21581 21694 I BatteryMgr:DataCollectionService: stats => 1688987405066,248437,4083
07-10 13:10:05.069 21581 21694 I BatteryMgr:DataCollectionService: stats => 1688987405069,248437,4083
07-10 13:10:05.073 21581 21694 I BatteryMgr:DataCollectionService: stats => 1688987405073,248437,4083
07-10 13:10:05.076 21581 21694 I BatteryMgr:DataCollectionService: stats => 1688987405076,248437,4083
07-10 13:10:05.080 21581 21694 I BatteryMgr:DataCollectionService: stats => 1688987405080,248437,4083
07-10 13:10:05.083 21581 21694 I BatteryMgr:DataCollectionService: stats => 1688987405083,248437,4083
07-10 13:10:05.086 21581 21694 I BatteryMgr:DataCollectionService: stats => 1688987405086,248437,4083
07-10 13:10:05.089 21581 21694 I BatteryMgr:DataCollectionService: stats => 1688987405089,248437,4083
07-10 13:10:05.091 21581 21694 I BatteryMgr:DataCollectionService: stats => 1688987405091,248437,4083
07-10 13:10:05.093 21581 21694 I BatteryMgr:DataCollectionService: stats => 1688987405093,248437,4083
07-10 13:10:05.095 21581 21694 I BatteryMgr:DataCollectionService: stats => 1688987405094,248437,4083
07-10 13:10:05.096 21581 21694 I BatteryMgr:DataCollectionService: stats => 1688987405096,248437,4083
07-10 13:10:05.098 21581 21694 I BatteryMgr:DataCollectionService: stats => 1688987405098,248437,4083
07-10 13:10:05.100 21581 21694 I BatteryMgr:DataCollectionService: stats => 1688987405100,248437,4083
07-10 13:10:05.101 21581 21694 I BatteryMgr:DataCollectionService: stats => 1688987405101,248437,4083
07-10 13:10:05.102 21581 21694 I BatteryMgr:DataCollectionService: stats => 1688987405102,248437,4083
07-10 13:10:05.104 21581 21694 I BatteryMgr:DataCollectionService: stats => 1688987405104,248437,4083
07-10 13:10:05.105 21581 21694 I BatteryMgr:DataCollectionService: stats => 1688987405105,248437,4083
07-10 13:10:05.106 21581 21694 I BatteryMgr:DataCollectionService: stats => 1688987405106,248437,4083
07-10 13:10:05.108 21581 21694 I BatteryMgr:DataCollectionService: stats => 1688987405108,248437,4083
07-10 13:10:05.109 21581 21694 I BatteryMgr:DataCollectionService: stats => 1688987405109,248437,4083
07-10 13:10:05.110 21581 21694 I BatteryMgr:DataCollectionService: stats => 1688987405110,248437,4083
07-10 13:10:05.112 21581 21694 I BatteryMgr:DataCollectionService: stats => 1688987405112,248437,4083
07-10 13:10:05.113 21581 21694 I BatteryMgr:DataCollectionService: stats => 1688987405113,248437,4083
07-10 13:10:05.115 21581 21694 I BatteryMgr:DataCollectionService: stats => 1688987405115,248437,4083
07-10 13:10:05.116 21581 21694 I BatteryMgr:DataCollectionService: stats => 1688987405116,248437,4083
07-10 13:10:05.118 21581 21694 I BatteryMgr:DataCollectionService: stats => 1688987405118,248437,4083
07-10 13:10:05.119 21581 21694 I BatteryMgr:DataCollectionService: stats => 1688987405119,248437,4083
07-10 13:10:05.121 21581 21694 I BatteryMgr:DataCollectionService: stats => 1688987405121,248437,4083
07-10 13:10:05.122 21581 21694 I BatteryMgr:DataCollectionService: stats => 1688987405122,248437,4083
07-10 13:10:05.124 21581 21694 I BatteryMgr:DataCollectionService: stats => 1688987405124,248437,4083
07-10 13:10:05.127 21581 21694 I BatteryMgr:DataCollectionService: stats => 1688987405127,248437,4083
07-10 13:10:05.129 21581 21694 I BatteryMgr:DataCollectionService: stats => 1688987405129,248437,4083
07-10 13:10:05.130 21581 21694 I BatteryMgr:DataCollectionService: stats => 1688987405130,248437,4083
07-10 13:10:05.132 21581 21694 I BatteryMgr:DataCollectionService: stats => 1688987405132,248437,4083
07-10 13:10:05.134 21581 21694 I BatteryMgr:DataCollectionService: stats => 1688987405134,248437,4083
07-10 13:10:05.136 21581 21694 I BatteryMgr:DataCollectionService: stats => 1688987405136,248437,4083
07-10 13:10:05.137 21581 21694 I BatteryMgr:DataCollectionService: stats => 1688987405137,248437,4083
07-10 13:10:05.139 21581 21694 I BatteryMgr:DataCollectionService: stats => 1688987405139,248437,4083
07-10 13:10:05.141 21581 21694 I BatteryMgr:DataCollectionService: stats => 1688987405141,248437,4083
07-10 13:10:05.143 21581 21694 I BatteryMgr:DataCollectionService: stats => 1688987405143,248437,4083
07-10 13:10:05.144 21581 21694 I BatteryMgr:DataCollectionService: stats => 1688987405144,248437,4083
07-10 13:10:05.146 21581 21694 I BatteryMgr:DataCollectionService: stats => 1688987405146,248437,4083
07-10 13:10:05.147 21581 21694 I BatteryMgr:DataCollectionService: stats => 1688987405147,248437,4083
07-10 13:10:05.149 21581 21694 I BatteryMgr:DataCollectionService: stats => 1688987405149,248437,4083
07-10 13:10:05.151 21581 21694 I BatteryMgr:DataCollectionService: stats => 1688987405151,248437,4083
07-10 13:10:05.152 21581 21694 I BatteryMgr:DataCollectionService: stats => 1688987405152,248437,4083
07-10 13:10:05.155 21581 21694 I BatteryMgr:DataCollectionService: stats => 1688987405155,248437,4083
07-10 13:10:05.156 21581 21694 I BatteryMgr:DataCollectionService: stats => 1688987405156,248437,4083
07-10 13:10:05.158 21581 21694 I BatteryMgr:DataCollectionService: stats => 1688987405158,248437,4083
07-10 13:10:05.159 21581 21694 I BatteryMgr:DataCollectionService: stats => 1688987405159,248437,4083
07-10 13:10:05.161 21581 21694 I BatteryMgr:DataCollectionService: stats => 1688987405161,248437,4083
07-10 13:10:05.162 21581 21694 I BatteryMgr:DataCollectionService: stats => 1688987405162,248437,4083
07-10 13:10:05.164 21581 21694 I BatteryMgr:DataCollectionService: stats => 1688987405164,248437,4083
07-10 13:10:05.165 21581 21694 I BatteryMgr:DataCollectionService: stats => 1688987405165,248437,4083
07-10 13:10:05.167 21581 21694 I BatteryMgr:DataCollectionService: stats => 1688987405166,248437,4083
07-10 13:10:05.168 21581 21694 I BatteryMgr:DataCollectionService: stats => 1688987405168,248437,4083
07-10 13:10:05.169 21581 21694 I BatteryMgr:DataCollectionService: stats => 1688987405169,248437,4083
07-10 13:10:05.171 21581 21694 I BatteryMgr:DataCollectionService: stats => 1688987405171,248437,4083
07-10 13:10:05.172 21581 21694 I BatteryMgr:DataCollectionService: stats => 1688987405172,248437,4083
07-10 13:10:05.174 21581 21694 I BatteryMgr:DataCollectionService: stats => 1688987405174,248437,4083
07-10 13:10:05.176 21581 21694 I BatteryMgr:DataCollectionService: stats => 1688987405176,248437,4083
07-10 13:10:05.177 21581 21694 I BatteryMgr:DataCollectionService: stats => 1688987405177,248437,4083
07-10 13:10:05.179 21581 21694 I BatteryMgr:DataCollectionService: stats => 1688987405179,248437,4083
07-10 13:10:05.180 21581 21694 I BatteryMgr:DataCollectionService: stats => 1688987405180,248437,4083
07-10 13:10:05.182 21581 21694 I BatteryMgr:DataCollectionService: stats => 1688987405182,248437,4083
07-10 13:10:05.184 21581 21694 I BatteryMgr:DataCollectionService: stats => 1688987405184,248437,4083
07-10 13:10:05.186 21581 21694 I BatteryMgr:DataCollectionService: stats => 1688987405186,248437,4083
07-10 13:10:05.187 21581 21694 I BatteryMgr:DataCollectionService: stats => 1688987405187,248437,4083
07-10 13:10:05.189 21581 21694 I BatteryMgr:DataCollectionService: stats => 1688987405189,248437,4083
07-10 13:10:05.191 21581 21694 I BatteryMgr:DataCollectionService: stats => 1688987405191,248437,4083
07-10 13:10:05.193 21581 21694 I BatteryMgr:DataCollectionService: stats => 1688987405193,248437,4083
07-10 13:10:05.195 21581 21694 I BatteryMgr:DataCollectionService: stats => 1688987405195,248437,4083
07-10 13:10:05.197 21581 21694 I BatteryMgr:DataCollectionService: stats => 1688987405197,248437,4083
07-10 13:10:05.198 21581 21694 I BatteryMgr:DataCollectionService: stats => 1688987405198,248437,4083
07-10 13:10:05.200 21581 21694 I BatteryMgr:DataCollectionService: stats => 1688987405200,248437,4083
07-10 13:10:05.202 21581 21694 I BatteryMgr:DataCollectionService: stats => 1688987405202,248437,4083
07-10 13:10:05.204 21581 21694 I BatteryMgr:DataCollectionService: stats => 1688987405204,248437,4083
07-10 13:10:05.206 21581 21694 I BatteryMgr:DataCollectionService: stats => 1688987405206,248437,4083
07-10 13:10:05.207 21581 21694 I BatteryMgr:DataCollectionService: stats => 1688987405207,248437,4083
07-10 13:10:05.209 21581 21694 I BatteryMgr:DataCollectionService: stats => 1688987405209,248437,4083
07-10 13:10:05.211 21581 21694 I BatteryMgr:DataCollectionService: stats => 1688987405211,248437,4083
07-10 13:10:05.213 21581 21694 I BatteryMgr:DataCollectionService: stats => 1688987405213,248437,4083
07-10 13:10:05.215 21581 21694 I BatteryMgr:DataCollectionService: stats => 1688987405215,248437,4083
07-10 13:10:05.218 21581 21694 I BatteryMgr:DataCollectionService: stats => 1688987405218,248437,4083
07-10 13:10:05.220 21581 21694 I BatteryMgr:DataCollectionService: stats => 1688987405220,248437,4083
07-10 13:10:05.222 21581 21694 I BatteryMgr:DataCollectionService: stats => 1688987405222,248437,4083
07-10 13:10:05.225 21581 21694 I BatteryMgr:DataCollectionService: stats => 1688987405225,248437,4083
07-10 13:10:05.228 21581 21694 I BatteryMgr:DataCollectionService: stats => 1688987405228,248437,4083
07-10 13:10:05.230 21581 21694 I BatteryMgr:DataCollectionService: stats => 1688987405230,248437,4083
07-10 13:10:05.232 21581 21694 I BatteryMgr:DataCollectionService: stats => 1688987405232,248437,4083
07-10 13:10:05.235 21581 21694 I BatteryMgr:DataCollectionService: stats => 1688987405235,248437,4083
07-10 13:10:05.238 21581 21694 I BatteryMgr:DataCollectionService: stats => 1688987405238,248437,4083
07-10 13:10:05.241 21581 21694 I BatteryMgr:DataCollectionService: stats => 1688987405241,248437,4083
07-10 13:10:05.249 21581 21694 I BatteryMgr:DataCollectionService: stats => 1688987405249,248437,4083
07-10 13:10:05.252 21581 21694 I BatteryMgr:DataCollectionService: stats => 1688987405252,248437,4083
07-10 13:10:05.255 21581 21694 I BatteryMgr:DataCollectionService: stats => 1688987405255,248437,4083
07-10 13:10:05.259 21581 21694 I BatteryMgr:DataCollectionService: stats => 1688987405259,248437,4083
07-10 13:10:05.261 21581 21694 I BatteryMgr:DataCollectionService: stats => 1688987405261,248437,4083
07-10 13:10:05.264 21581 21694 I BatteryMgr:DataCollectionService: stats => 1688987405264,248437,4083
07-10 13:10:05.267 21581 21694 I BatteryMgr:DataCollectionService: stats => 1688987405267,248437,4083
07-10 13:10:05.270 21581 21694 I BatteryMgr:DataCollectionService: stats => 1688987405270,248437,4083
07-10 13:10:05.273 21581 21694 I BatteryMgr:DataCollectionService: stats => 1688987405273,248437,4083
07-10 13:10:05.276 21581 21694 I BatteryMgr:DataCollectionService: stats => 1688987405276,248437,4083
07-10 13:10:05.279 21581 21694 I BatteryMgr:DataCollectionService: stats => 1688987405279,248437,4083
07-10 13:10:05.282 21581 21694 I BatteryMgr:DataCollectionService: stats => 1688987405282,202812,4083
07-10 13:10:05.286 21581 21694 I BatteryMgr:DataCollectionService: stats => 1688987405286,202812,4083
07-10 13:10:05.289 21581 21694 I BatteryMgr:DataCollectionService: stats => 1688987405289,202812,4083
07-10 13:10:05.293 21581 21694 I BatteryMgr:DataCollectionService: stats => 1688987405293,202812,4083
07-10 13:10:05.295 21581 21694 I BatteryMgr:DataCollectionService: stats => 1688987405295,202812,4083
07-10 13:10:05.298 21581 21694 I BatteryMgr:DataCollectionService: stats => 1688987405298,202812,4083
07-10 13:10:05.301 21581 21694 I BatteryMgr:DataCollectionService: stats => 1688987405301,202812,4083
07-10 13:10:05.304 21581 21694 I BatteryMgr:DataCollectionService: stats => 1688987405304,202812,4083
07-10 13:10:05.307 21581 21694 I BatteryMgr:DataCollectionService: stats => 1688987405307,202812,4083
07-10 13:10:05.310 21581 21694 I BatteryMgr:DataCollectionService: stats => 1688987405310,202812,4083
07-10 13:10:05.312 21581 21694 I BatteryMgr:DataCollectionService: stats => 1688987405312,202812,4083
07-10 13:10:05.314 21581 21694 I BatteryMgr:DataCollectionService: stats => 1688987405314,202812,4083
07-10 13:10:05.316 21581 21694 I BatteryMgr:DataCollectionService: stats => 1688987405316,202812,4083
07-10 13:10:05.317 21581 21694 I BatteryMgr:DataCollectionService: stats => 1688987405317,202812,4083
07-10 13:10:05.319 21581 21694 I BatteryMgr:DataCollectionService: stats => 1688987405319,202812,4083
07-10 13:10:05.320 21581 21694 I BatteryMgr:DataCollectionService: stats => 1688987405320,202812,4083
07-10 13:10:05.321 21581 21694 I BatteryMgr:DataCollectionService: stats => 1688987405321,202812,4083
07-10 13:10:05.323 21581 21694 I BatteryMgr:DataCollectionService: stats => 1688987405323,202812,4083
07-10 13:10:05.324 21581 21694 I BatteryMgr:DataCollectionService: stats => 1688987405324,202812,4083
07-10 13:10:05.325 21581 21694 I BatteryMgr:DataCollectionService: stats => 1688987405325,202812,4083
07-10 13:10:05.327 21581 21694 I BatteryMgr:DataCollectionService: stats => 1688987405327,202812,4083
07-10 13:10:05.328 21581 21694 I BatteryMgr:DataCollectionService: stats => 1688987405328,202812,4083
07-10 13:10:05.329 21581 21694 I BatteryMgr:DataCollectionService: stats => 1688987405329,202812,4083
07-10 13:10:05.331 21581 21694 I BatteryMgr:DataCollectionService: stats => 1688987405331,202812,4083
07-10 13:10:05.333 21581 21694 I BatteryMgr:DataCollectionService: stats => 1688987405333,202812,4083
07-10 13:10:05.335 21581 21694 I BatteryMgr:DataCollectionService: stats => 1688987405335,202812,4083
07-10 13:10:05.336 21581 21694 I BatteryMgr:DataCollectionService: stats => 1688987405336,202812,4083
07-10 13:10:05.338 21581 21694 I BatteryMgr:DataCollectionService: stats => 1688987405338,202812,4083
07-10 13:10:05.340 21581 21694 I BatteryMgr:DataCollectionService: stats => 1688987405340,202812,4083
07-10 13:10:05.342 21581 21694 I BatteryMgr:DataCollectionService: stats => 1688987405342,202812,4083
07-10 13:10:05.344 21581 21694 I BatteryMgr:DataCollectionService: stats => 1688987405344,202812,4083
07-10 13:10:05.345 21581 21694 I BatteryMgr:DataCollectionService: stats => 1688987405345,202812,4083
07-10 13:10:05.347 21581 21694 I BatteryMgr:DataCollectionService: stats => 1688987405347,202812,4083
07-10 13:10:05.349 21581 21694 I BatteryMgr:DataCollectionService: stats => 1688987405349,202812,4083
07-10 13:10:05.351 21581 21694 I BatteryMgr:DataCollectionService: stats => 1688987405351,202812,4083
07-10 13:10:05.353 21581 21694 I BatteryMgr:DataCollectionService: stats => 1688987405353,202812,4083
07-10 13:10:05.355 21581 21694 I BatteryMgr:DataCollectionService: stats => 1688987405355,202812,4083
07-10 13:10:05.357 21581 21694 I BatteryMgr:DataCollectionService: stats => 1688987405357,202812,4083
07-10 13:10:05.359 21581 21694 I BatteryMgr:DataCollectionService: stats => 1688987405359,202812,4083
07-10 13:10:05.362 21581 21694 I BatteryMgr:DataCollectionService: stats => 1688987405361,202812,4083
07-10 13:10:05.364 21581 21694 I BatteryMgr:DataCollectionService: stats => 1688987405364,202812,4083
07-10 13:10:05.366 21581 21694 I BatteryMgr:DataCollectionService: stats => 1688987405366,202812,4083
07-10 13:10:05.368 21581 21694 I BatteryMgr:DataCollectionService: stats => 1688987405368,202812,4083
07-10 13:10:05.371 21581 21694 I BatteryMgr:DataCollectionService: stats => 1688987405371,202812,4083
07-10 13:10:05.375 21581 21694 I BatteryMgr:DataCollectionService: stats => 1688987405374,202812,4083
07-10 13:10:05.378 21581 21694 I BatteryMgr:DataCollectionService: stats => 1688987405377,202812,4083
07-10 13:10:05.380 21581 21694 I BatteryMgr:DataCollectionService: stats => 1688987405380,202812,4083
07-10 13:10:05.383 21581 21694 I BatteryMgr:DataCollectionService: stats => 1688987405383,202812,4083
07-10 13:10:05.386 21581 21694 I BatteryMgr:DataCollectionService: stats => 1688987405386,202812,4083
07-10 13:10:05.389 21581 21694 I BatteryMgr:DataCollectionService: stats => 1688987405389,202812,4083
07-10 13:10:05.392 21581 21694 I BatteryMgr:DataCollectionService: stats => 1688987405392,202812,4083
07-10 13:10:05.395 21581 21694 I BatteryMgr:DataCollectionService: stats => 1688987405395,202812,4083
07-10 13:10:05.398 21581 21694 I BatteryMgr:DataCollectionService: stats => 1688987405398,202812,4083
07-10 13:10:05.401 21581 21694 I BatteryMgr:DataCollectionService: stats => 1688987405401,202812,4083
07-10 13:10:05.405 21581 21694 I BatteryMgr:DataCollectionService: stats => 1688987405405,202812,4083
07-10 13:10:05.408 21581 21694 I BatteryMgr:DataCollectionService: stats => 1688987405408,202812,4083
07-10 13:10:05.409 21581 21701 D ProfileInstaller: Installing profile for com.example.batterymanager_utility
07-10 13:10:05.412 21581 21694 I BatteryMgr:DataCollectionService: stats => 1688987405412,202812,4083
07-10 13:10:05.415 21581 21694 I BatteryMgr:DataCollectionService: stats => 1688987405415,202812,4083
07-10 13:10:05.418 21581 21694 I BatteryMgr:DataCollectionService: stats => 1688987405418,202812,4083
07-10 13:10:05.421 21581 21694 I BatteryMgr:DataCollectionService: stats => 1688987405421,202812,4083
07-10 13:10:05.424 21581 21694 I BatteryMgr:DataCollectionService: stats => 1688987405424,202812,4083
07-10 13:10:05.427 21581 21694 I BatteryMgr:DataCollectionService: stats => 1688987405427,202812,4083
07-10 13:10:05.432 21581 21694 I BatteryMgr:DataCollectionService: stats => 1688987405432,202812,4083
07-10 13:10:05.436 21581 21694 I BatteryMgr:DataCollectionService: stats => 1688987405436,202812,4083
07-10 13:10:05.440 21581 21694 I BatteryMgr:DataCollectionService: stats => 1688987405440,202812,4083
07-10 13:10:05.444 21581 21694 I BatteryMgr:DataCollectionService: stats => 1688987405444,202812,4083
07-10 13:10:05.447 21581 21694 I BatteryMgr:DataCollectionService: stats => 1688987405447,202812,4083
07-10 13:10:05.452 21581 21694 I BatteryMgr:DataCollectionService: stats => 1688987405452,202812,4083
07-10 13:10:05.455 21581 21694 I BatteryMgr:DataCollectionService: stats => 1688987405455,202812,4083
07-10 13:10:05.459 21581 21694 I BatteryMgr:DataCollectionService: stats => 1688987405459,202812,4083
07-10 13:10:05.462 21581 21694 I BatteryMgr:DataCollectionService: stats => 1688987405462,202812,4083
07-10 13:10:05.465 21581 21694 I BatteryMgr:DataCollectionService: stats => 1688987405465,202812,4083
07-10 13:10:05.468 21581 21694 I BatteryMgr:DataCollectionService: stats => 1688987405468,202812,4083
07-10 13:10:05.471 21581 21694 I BatteryMgr:DataCollectionService: stats => 1688987405471,202812,4083
07-10 13:10:05.476 21581 21694 I BatteryMgr:DataCollectionService: stats => 1688987405476,202812,4083
07-10 13:10:05.480 21581 21694 I BatteryMgr:DataCollectionService: stats => 1688987405480,202812,4083
07-10 13:10:05.484 21581 21694 I BatteryMgr:DataCollectionService: stats => 1688987405483,202812,4083
07-10 13:10:05.488 21581 21694 I BatteryMgr:DataCollectionService: stats => 1688987405488,202812,4083
07-10 13:10:05.492 21581 21694 I BatteryMgr:DataCollectionService: stats => 1688987405492,202812,4083
07-10 13:10:05.495 21581 21694 I BatteryMgr:DataCollectionService: stats => 1688987405495,202812,4083
07-10 13:10:05.498 21581 21694 I BatteryMgr:DataCollectionService: stats => 1688987405498,202812,4083
07-10 13:10:05.501 21581 21694 I BatteryMgr:DataCollectionService: stats => 1688987405501,202812,4083
07-10 13:10:05.505 21581 21694 I BatteryMgr:DataCollectionService: stats => 1688987405504,202812,4083
07-10 13:10:05.508 21581 21694 I BatteryMgr:DataCollectionService: stats => 1688987405508,202812,4083
07-10 13:10:05.511 21581 21694 I BatteryMgr:DataCollectionService: stats => 1688987405511,202812,4083
07-10 13:10:05.514 21581 21694 I BatteryMgr:DataCollectionService: stats => 1688987405514,202812,4083
07-10 13:10:05.518 21581 21694 I BatteryMgr:DataCollectionService: stats => 1688987405518,202812,4083
07-10 13:10:05.521 21581 21694 I BatteryMgr:DataCollectionService: stats => 1688987405521,202812,4083
