07-04 16:30:09.574  3447  3447 I SurfaceFlinger:      Client | 0x7b13e8fc40 | 0002 | RGBA_8888 |   0.0    0.0  720.0 1280.0 |   18   32  702 1248 | com.example.batterymanager_utility/c[...]atterymanager_utility.MainActivity#0
07-04 16:30:09.574  3447  3447 I SurfaceFlinger:      Device | 0x7b13f9c940 | 0002 | RGBA_8888 |   0.0    0.0  720.0 1249.0 |    2   38  718 1280 | e.www.cameratest/e.www.cameratest.MainActivity#0
07-04 16:30:09.574  3447  3447 I SurfaceFlinger:      Device | 0x7b13e34980 | 0000 | RGBA_8888 |   0.0    0.0  720.0   42.0 |    0    0  720   42 | StatusBar#0
07-04 16:30:09.574  3447  3447 I SurfaceFlinger: 
07-04 16:30:09.582  3437 18470 D ExynosCameraPipe: [CAM_ID(1)][PIPE_VRA]-DEBUG(m_setPipeInfo[1512]):
07-04 16:30:09.582  3437 18470 D ExynosCameraPipe: [CAM_ID(1)][PIPE_VRA]-DEBUG(m_setNodeInfo[1548]):
07-04 16:30:09.582  3437 18470 D ExynosCameraPipe: [CAM_ID(1)][PIPE_VRA]-DEBUG(m_setNodeInfo[1625]): set pipeInfos on PIPE_VRA : setFormat(640, 360) and reqBuffers(10).
07-04 16:30:09.582  3437 18470 D ExynosCameraNode: [CAM_ID(1)][PIPE_VRA]-DEBUG(setSize[440]):w (640) h (360)
07-04 16:30:09.582  3437 18470 W ExynosCameraNode: [CAM_ID(1)][PIPE_VRA]-WARN(setFormat[759]):name(PIPE_VRA) fd 35, bytesperline(0) < width(640), height(360)
07-04 16:30:09.582  3437 18470 D ExynosCameraNode: [CAM_ID(1)][PIPE_VRA]-DEBUG(m_setFmt[1213]):type 10, 640 x 360, format 909203022(N V 1 6), yuvRange 7
07-04 16:30:09.582  3437 18470 I ExynosCameraPipe: [CAM_ID(1)][PIPE_VRA]-INFO(setupPipe[225]):setupPipe() is succeed (19) prepare (0)
07-04 16:30:09.583  3437 18470 I ExynosCamera3FrameFactory: [CAM_ID(1)][FactoryFront]-INFO(m_initFlitePipe[643]):
07-04 16:30:09.583  3437 18470 I ExynosCamera3FrameFactory: [CAM_ID(1)][FactoryFront]-INFO(m_initFlitePipe[670]):SensorSize(3280x2458)
07-04 16:30:09.583  3437 18470 D ExynosCameraMCPipe: [CAM_ID(1)][PIPE_3AA]-DEBUG(setControl[545]):
07-04 16:30:09.583  3437 18470 I ExynosCameraMCPipe: [CAM_ID(1)][PIPE_3AA]-INFO(setControl[556]):setControl() is succeed, Pipe(5)
07-04 16:30:09.583  3437 18470 I ExynosCamera3FrameFactory: [CAM_ID(1)][FactoryFront]-INFO(m_initFlitePipe[698]):BNS scale down ratio(1.0), size (3280x2458)
07-04 16:30:09.583  3437 18470 I ExynosCamera3Parameters: [CAM_ID(1)][ParametersFront]-INFO(updateHwSensorSize[1321]):curHwSensor size(3280x2458) newHwSensor size(3280x2458)
07-04 16:30:09.583  3447  3447 I Layer   : id=269 onRemoved Splash Screen e.www.cameratest#0 
07-04 16:30:09.585  3437 18470 I ExynosCameraNode: [CAM_ID(1)][ISP_OUTPUT]-INFO(prepareBuffer[956]):prepareBuffers(0)
07-04 16:30:09.588  3437 18470 I ExynosCameraNode: [CAM_ID(1)][ISP_OUTPUT]-INFO(prepareBuffer[956]):prepareBuffers(1)
07-04 16:30:09.590  3437 18470 I ExynosCameraNode: [CAM_ID(1)][ISP_OUTPUT]-INFO(prepareBuffer[956]):prepareBuffers(2)
07-04 16:30:09.593  3437 18470 I ExynosCameraNode: [CAM_ID(1)][ISP_OUTPUT]-INFO(prepareBuffer[956]):prepareBuffers(3)
07-04 16:30:09.595  3437 18470 I ExynosCameraNode: [CAM_ID(1)][ISP_OUTPUT]-INFO(prepareBuffer[956]):prepareBuffers(4)
07-04 16:30:09.597  3437 18470 I ExynosCameraNode: [CAM_ID(1)][ISP_OUTPUT]-INFO(prepareBuffer[956]):prepareBuffers(5)
07-04 16:30:09.599  3437 18470 I ExynosCameraNode: [CAM_ID(1)][ISP_OUTPUT]-INFO(prepareBuffer[956]):prepareBuffers(6)
07-04 16:30:09.601  3437 18470 I ExynosCameraNode: [CAM_ID(1)][ISP_OUTPUT]-INFO(prepareBuffer[956]):prepareBuffers(7)
07-04 16:30:09.604  3437 18470 I ExynosCameraNode: [CAM_ID(1)][ISP_OUTPUT]-INFO(prepareBuffer[956]):prepareBuffers(8)
07-04 16:30:09.604  3437 18470 I ExynosCamera3FrameFactoryPreview: [CAM_ID(1)][FactoryFront]-INFO(mapBuffers[732]):Map buffer Success!
07-04 16:30:09.604  3437 18470 D ExynosCamera3: [CAM_ID(1)][]-DEBUG(m_frameFactoryStartThreadFunc[3910]):prepare 2
07-04 16:30:09.604  3437 18470 D ExynosCamera3: [CAM_ID(1)][]-DEBUG(m_searchFrameFromList[3274]):list is empty
07-04 16:30:09.604  3437 18470 D ExynosCameraMCPipe: [CAM_ID(1)][PIPE_ISP]-DEBUG(m_startNode[3566]):
07-04 16:30:09.604  3437 18470 I ExynosCameraMCPipe: [CAM_ID(1)][PIPE_ISP]-INFO(start[317]):start() is succeed, Pipe(8)
07-04 16:30:09.604  3437 18470 D ExynosCameraMCPipe: [CAM_ID(1)][PIPE_3AA]-DEBUG(m_startNode[3566]):
07-04 16:30:09.605  3437 18470 I ExynosCameraMCPipe: [CAM_ID(1)][PIPE_3AA]-INFO(start[317]):start() is succeed, Pipe(5)
07-04 16:30:09.605  3437 18470 D ExynosCameraMCPipe: [CAM_ID(1)][PIPE_3AA]-DEBUG(prepare[266]):
07-04 16:30:09.605  3437 18470 I ExynosCameraMCPipe: [CAM_ID(1)][PIPE_3AA]-INFO(m_putBuffer[1552]):Internal Frame(5), frameCount(0), (1)
07-04 16:30:09.606  3587 18444 D Camera3-Status: markComponent: Component 1 is now idle
07-04 16:30:09.606  3437 18470 D ExynosCameraMCPipe: [CAM_ID(1)][PIPE_3AA]-DEBUG(m_checkNodeGroupInfo[3655]):(FLITE):vid(0), request(0 -> 1), oldCropSize(0, 0, 0, 0 / 0, 0, 0, 0) -> newCropSize(8, 4, 3264, 2448 / 0, 0, 3264, 2448)
07-04 16:30:09.606  3437 18470 D ExynosCameraMCPipe: [CAM_ID(1)][PIPE_3AA]-DEBUG(m_checkNodeGroupInfo[3655]):(BAYER):vid(114), request(0 -> 0), oldCropSize(0, 0, 0, 0 / 0, 0, 0, 0) -> newCropSize(0, 0, 3280, 2458 / 0, 0, 3280, 2458)
07-04 16:30:09.606  3437 18470 D ExynosCameraMCPipe: [CAM_ID(1)][PIPE_3AA]-DEBUG(m_checkNodeGroupInfo[3655]):(3AA_CAPTURE):vid(21), request(0 -> 1), oldCropSize(0, 0, 0, 0 / 0, 0, 0, 0) -> newCropSize(0, 0, 3264, 2448 / 0, 0, 3264, 2448)
07-04 16:30:09.606  3437 18470 D ExynosCameraMCPipe: [CAM_ID(1)][PIPE_3AA]-DEBUG(m_checkNodeGroupInfo[3655]):(3AA_PREVIEW):vid(22), request(0 -> 0), oldCropSize(0, 0, 0, 0 / 0, 0, 0, 0) -> newCropSize(0, 0, 3264, 2448 / 0, 0, 3264, 2448)
07-04 16:30:09.607  3437 18470 I ExynosCameraMCPipe: [CAM_ID(1)][PIPE_3AA]-INFO(prepare[291]):prepare() is succeed, Pipe(5), prepare(2)
07-04 16:30:09.607  3437 18470 D ExynosCameraMCPipe: [CAM_ID(1)][PIPE_3AA]-DEBUG(sensorStream[501]):
07-04 16:30:09.615  3437 18470 D ExynosCameraMCPipe: [CAM_ID(1)][PIPE_3AA]-DEBUG(setControl[545]):
07-04 16:30:09.615  3437 18470 I ExynosCameraMCPipe: [CAM_ID(1)][PIPE_3AA]-INFO(setControl[556]):setControl() is succeed, Pipe(5)
07-04 16:30:09.615  3437 18470 D ExynosCameraMCPipe: [CAM_ID(1)][PIPE_3AA]-DEBUG(setControl[545]):
07-04 16:30:09.615  3437 18470 I ExynosCameraMCPipe: [CAM_ID(1)][PIPE_3AA]-INFO(setControl[556]):setControl() is succeed, Pipe(5)
07-04 16:30:09.616  3437 18470 I ExynosCamera3FrameFactoryPreview: [CAM_ID(1)][FactoryFront]-INFO(startPipes[871]):Starting Success!
07-04 16:30:09.616  3437 18470 I ExynosCamera3FrameFactoryPreview: [CAM_ID(1)][FactoryFront]-INFO(startInitialThreads[1094]):start pre-ordered initial pipe thread
07-04 16:30:09.616  3437 18470 I ExynosCamera3FrameFactory: [CAM_ID(1)][FactoryFront]-INFO(startThread[125]):pipeId=5
07-04 16:30:09.616  3437 18470 D ExynosCameraMCPipe: [CAM_ID(1)][PIPE_3AA]-DEBUG(startThread[387]):
07-04 16:30:09.616  3437 18470 I ExynosCameraMCPipe: [CAM_ID(1)][PIPE_3AA]-INFO(startThread[402]):startThread is succeed, Pipe(5)
07-04 16:30:09.616  3437 18470 I ExynosCamera3FrameFactory: [CAM_ID(1)][FactoryFront]-INFO(startThread[125]):pipeId=8
07-04 16:30:09.616  3437 18470 D ExynosCameraMCPipe: [CAM_ID(1)][PIPE_ISP]-DEBUG(startThread[387]):
07-04 16:30:09.616  3437 18478 I ExynosCameraMCPipe: [CAM_ID(1)][PIPE_3AA]-INFO(m_putBuffer[1552]):Internal Frame(5), frameCount(2), (1)
07-04 16:30:09.616  3437 18470 I ExynosCameraMCPipe: [CAM_ID(1)][PIPE_ISP]-INFO(startThread[402]):startThread is succeed, Pipe(8)
07-04 16:30:09.616  3437 18470 I ExynosCamera3FrameFactory: [CAM_ID(1)][FactoryFront]-INFO(startThread[125]):pipeId=19
07-04 16:30:09.616  3437 18470 I ExynosCameraPipe: [CAM_ID(1)][PIPE_VRA]-INFO(startThread[376]):IN
07-04 16:30:09.616  3437 18470 I ExynosCameraPipe: [CAM_ID(1)][PIPE_VRA]-INFO(startThread[385]):startThread is succeed Pipe(19)
07-04 16:30:09.617  3437 18483 D ExynosCameraMCPipe: [CAM_ID(1)][PIPE_ISP_REPROCESSING]-DEBUG(setBufferManager[940]):
07-04 16:30:09.617  3437 18483 I ExynosCamera3FrameReprocessingFactory: [CAM_ID(1)][ReprocessingFactory]-INFO(initPipes[213]):
07-04 16:30:09.617  3437 18483 I ExynosCamera3FrameReprocessingFactory: [CAM_ID(1)][ReprocessingFactory]-INFO(initPipes[263]): MaxPreviewSize(3264x2448), HwPreviewSize(3264x2448)
07-04 16:30:09.617  3437 18483 I ExynosCamera3FrameReprocessingFactory: [CAM_ID(1)][ReprocessingFactory]-INFO(initPipes[264]): MaxPixtureSize(3264x2448), HwPixtureSize(3264x2448)
07-04 16:30:09.617  3437 18483 I ExynosCamera3FrameReprocessingFactory: [CAM_ID(1)][ReprocessingFactory]-INFO(initPipes[265]): MaxThumbnailSize(512x384)
07-04 16:30:09.617  3437 18483 I ExynosCamera3FrameReprocessingFactory: [CAM_ID(1)][ReprocessingFactory]-INFO(initPipes[266]): PreviewBayerCropSize(3264x2448)
07-04 16:30:09.617  3437 18483 I ExynosCamera3FrameReprocessingFactory: [CAM_ID(1)][ReprocessingFactory]-INFO(initPipes[277]):YUV_STALL[3] Size 3264x2448 Format 3132564e
07-04 16:30:09.617  3437 18483 I ExynosCamera3FrameReprocessingFactory: [CAM_ID(1)][ReprocessingFactory]-INFO(initPipes[277]):YUV_STALL[4] Size 3264x2448 Format 3132564e
07-04 16:30:09.617  3437 18483 I ExynosCamera3FrameReprocessingFactory: [CAM_ID(1)][ReprocessingFactory]-INFO(initPipes[277]):YUV_STALL[5] Size 3264x2448 Format 3132564e
07-04 16:30:09.617  3437 18483 I ExynosCameraMCPipe: [CAM_ID(1)][PIPE_ISP_REPROCESSING]-INFO(needSerialization[1138]):PIPE_ISP_REPROCESSING serialized operation enabled
07-04 16:30:09.617  3437 18483 D ExynosCameraMCPipe: [CAM_ID(1)][PIPE_ISP_REPROCESSING]-DEBUG(setupPipe[183]):
07-04 16:30:09.617  3437 18483 D ExynosCameraMCPipe: [CAM_ID(1)][PIPE_ISP_REPROCESSING]-DEBUG(setupPipe[193]):set new sensorIds
07-04 16:30:09.617  3437 18483 D ExynosCameraMCPipe: [CAM_ID(1)][PIPE_ISP_REPROCESSING]-DEBUG(m_setInput[2985]): setInput(sensorIds : 18357761) [src nodeNum : 130][nodeNums : 130][otf : 0][leader : 1][reprocessing : 1][unique sensorId : 24]
07-04 16:30:09.617  3437 18483 D ExynosCameraMCPipe: [CAM_ID(1)][PIPE_ISP_REPROCESSING]-DEBUG(m_setInput[2985]): setInput(sensorIds : 18357776) [src nodeNum : 130][nodeNums : 131][otf : 1][leader : 0][reprocessing : 1][unique sensorId : 24]
07-04 16:30:09.617  3437 18483 D ExynosCameraMCPipe: [CAM_ID(1)][PIPE_ISP_REPROCESSING]-DEBUG(m_setInput[2985]): setInput(sensorIds : 18365456) [src nodeNum : 160][nodeNums : 170][otf : 1][leader : 0][reprocessing : 1][unique sensorId : 24]
07-04 16:30:09.617  3437 18483 D ExynosCameraMCPipe: [CAM_ID(1)][PIPE_ISP_REPROCESSING]-DEBUG(m_setInput[2985]): setInput(sensorIds : 18365456) [src nodeNum : 160][nodeNums : 171][otf : 1][leader : 0][reprocessing : 1][unique sensorId : 24]
07-04 16:30:09.617  3437 18483 D ExynosCameraMCPipe: [CAM_ID(1)][PIPE_ISP_REPROCESSING]-DEBUG(m_setInput[2985]): setInput(sensorIds : 18365456) [src nodeNum : 160][nodeNums : 172][otf : 1][leader : 0][reprocessing : 1][unique sensorId : 24]
07-04 16:30:09.617  3437 18483 D ExynosCameraMCPipe: [CAM_ID(1)][PIPE_ISP_REPROCESSING]-DEBUG(m_setInput[2985]): setInput(sensorIds : 18375696) [src nodeNum : 200][nodeNums : 200][otf : 1][leader : 0][reprocessing : 1][unique sensorId : 24]
07-04 16:30:09.617  3437 18483 D ExynosCameraMCPipe: [CAM_ID(1)][PIPE_ISP_REPROCESSING]-DEBUG(m_setInput[2985]): setInput(sensorIds : 18375696) [src nodeNum : 200][nodeNums : 200][otf : 1][leader : 0][reprocessing : 1][unique sensorId : 24]
07-04 16:30:09.617  3437 18483 D ExynosCameraMCPipe: [CAM_ID(1)][PIPE_ISP_REPROCESSING]-DEBUG(m_setInput[2985]): setInput(sensorIds : 18375952) [src nodeNum : 201][nodeNums : 201][otf : 1][leader : 0][reprocessing : 1][unique sensorId : 24]
07-04 16:30:09.617  3437 18483 D ExynosCameraMCPipe: [CAM_ID(1)][PIPE_ISP_REPROCESSING]-DEBUG(m_setInput[2985]): setInput(sensorIds : 18375952) [src nodeNum : 201][nodeNums : 201][otf : 1][leader : 0][reprocessing : 1][unique sensorId : 24]
07-04 16:30:09.617  3437 18483 D ExynosCameraMCPipe: [CAM_ID(1)][PIPE_ISP_REPROCESSING]-DEBUG(m_setInput[2985]): setInput(sensorIds : 18357776) [src nodeNum : 130][nodeNums : 132][otf : 1][leader : 0][reprocessing : 1][unique sensorId : 24]
07-04 16:30:09.617  3437 18483 D ExynosCameraMCPipe: [CAM_ID(1)][PIPE_ISP_REPROCESSING]-DEBUG(m_setInput[2985]): setInput(sensorIds : 18358288) [src nodeNum : 132][nodeNums : 160][otf : 1][leader : 0][reprocessing : 1][unique sensorId : 24]
07-04 16:30:09.624  3437 18483 D ExynosCameraMCPipe: [CAM_ID(1)][PIPE_ISP_REPROCESSING]-DEBUG(m_setPipeInfo[3006]):
07-04 16:30:09.624  3437 18483 D ExynosCameraMCPipe: [CAM_ID(1)][PIPE_ISP_REPROCESSING]-DEBUG(m_setNodeInfo[3094]):
07-04 16:30:09.624  3437 18483 D ExynosCameraMCPipe: [CAM_ID(1)][PIPE_ISP_REPROCESSING]-DEBUG(m_setNodeInfo[3171]):set pipeInfos on REPROCESSING_ISP_OUTPUT, setFormat(3264, 2448) and reqBuffers(25)
07-04 16:30:09.624  3437 18483 D ExynosCameraNode: [CAM_ID(1)][REPROCESSING_ISP_OUTPUT]-DEBUG(setSize[440]):w (3264) h (2448)
07-04 16:30:09.624  3437 18483 D ExynosCameraNode: [CAM_ID(1)][REPROCESSING_ISP_OUTPUT]-DEBUG(m_setFmt[1213]):type 10, 3264 x 2448, format 808535874(B G 1 0), yuvRange 7
07-04 16:30:09.624  3437 18483 D ExynosCameraMCPipe: [CAM_ID(1)][PIPE_ISP_REPROCESSING]-DEBUG(m_setNodeInfo[3094]):
07-04 16:30:09.625  3437 18483 D ExynosCameraMCPipe: [CAM_ID(1)][PIPE_ISP_REPROCESSING]-DEBUG(m_setNodeInfo[3171]):set pipeInfos on REPROCESSING_ISP_CAPTURE_M2M, setFormat(3264, 2448) and reqBuffers(32)
07-04 16:30:09.625  3437 18483 D ExynosCameraNode: [CAM_ID(1)][REPROCESSING_ISP_CAPTURE_M2M]-DEBUG(setSize[440]):w (3264) h (2448)
07-04 16:30:09.625  3437 18483 W ExynosCameraNode: [CAM_ID(1)][REPROCESSING_ISP_CAPTURE_M2M]-WARN(setFormat[759]):name(REPROCESSING_ISP_CAPTURE_M2M) fd 37, bytesperline(0) < width(3264), height(2448)
07-04 16:30:09.625  3437 18483 D ExynosCameraNode: [CAM_ID(1)][REPROCESSING_ISP_CAPTURE_M2M]-DEBUG(m_setFmt[1213]):type 9, 3264 x 2448, format 1448695129(Y U Y V), yuvRange 7
07-04 16:30:09.625  3437 18483 D ExynosCameraMCPipe: [CAM_ID(1)][PIPE_ISP_REPROCESSING]-DEBUG(m_setNodeInfo[3094]):
07-04 16:30:09.625  3437 18483 D ExynosCameraMCPipe: [CAM_ID(1)][PIPE_ISP_REPROCESSING]-DEBUG(m_setNodeInfo[3171]):set pipeInfos on MCSC_CAPTURE_YUV_1, setFormat(3264, 2448) and reqBuffers(32)
07-04 16:30:09.625  3437 18483 D ExynosCameraNode: [CAM_ID(1)][MCSC_CAPTURE_YUV_1]-DEBUG(setSize[440]):w (3264) h (2448)
07-04 16:30:09.625  3437 18483 D ExynosCameraNode: [CAM_ID(1)][MCSC_CAPTURE_YUV_1]-DEBUG(m_setFmt[1213]):type 9, 3264 x 2448, format 825382478(N V 2 1), yuvRange 7
07-04 16:30:09.625  3437 18483 D ExynosCameraMCPipe: [CAM_ID(1)][PIPE_ISP_REPROCESSING]-DEBUG(m_setNodeInfo[3094]):
07-04 16:30:09.625  3437 18483 D ExynosCameraMCPipe: [CAM_ID(1)][PIPE_ISP_REPROCESSING]-DEBUG(m_setNodeInfo[3171]):set pipeInfos on MCSC_CAPTURE_MAIN, setFormat(3264, 2448) and reqBuffers(32)
07-04 16:30:09.625  3437 18483 D ExynosCameraNode: [CAM_ID(1)][MCSC_CAPTURE_MAIN]-DEBUG(setSize[440]):w (3264) h (2448)
07-04 16:30:09.625  3437 18483 W ExynosCameraNode: [CAM_ID(1)][MCSC_CAPTURE_MAIN]-WARN(setFormat[759]):name(MCSC_CAPTURE_MAIN) fd 39, bytesperline(0) < width(3264), height(2448)
07-04 16:30:09.625  3437 18483 D ExynosCameraNode: [CAM_ID(1)][MCSC_CAPTURE_MAIN]-DEBUG(m_setFmt[1213]):type 9, 3264 x 2448, format 1448695129(Y U Y V), yuvRange 7
07-04 16:30:09.625  3437 18483 D ExynosCameraMCPipe: [CAM_ID(1)][PIPE_ISP_REPROCESSING]-DEBUG(m_setNodeInfo[3094]):
07-04 16:30:09.625  3437 18483 D ExynosCameraMCPipe: [CAM_ID(1)][PIPE_ISP_REPROCESSING]-DEBUG(m_setNodeInfo[3171]):set pipeInfos on MCSC_CAPTURE_THUMBNAIL, setFormat(512, 384) and reqBuffers(32)
07-04 16:30:09.625  3437 18483 D ExynosCameraNode: [CAM_ID(1)][MCSC_CAPTURE_THUMBNAIL]-DEBUG(setSize[440]):w (512) h (384)
07-04 16:30:09.625  3437 18483 W ExynosCameraNode: [CAM_ID(1)][MCSC_CAPTURE_THUMBNAIL]-WARN(setFormat[759]):name(MCSC_CAPTURE_THUMBNAIL) fd 40, bytesperline(0) < width(512), height(384)
07-04 16:30:09.625  3437 18483 D ExynosCameraNode: [CAM_ID(1)][MCSC_CAPTURE_THUMBNAIL]-DEBUG(m_setFmt[1213]):type 9, 512 x 384, format 1448695129(Y U Y V), yuvRange 7
07-04 16:30:09.625  3437 18483 D ExynosCameraMCPipe: [CAM_ID(1)][PIPE_ISP_REPROCESSING]-DEBUG(m_setNodeInfo[3094]):
07-04 16:30:09.625  3437 18483 D ExynosCameraMCPipe: [CAM_ID(1)][PIPE_ISP_REPROCESSING]-DEBUG(m_setNodeInfo[3171]):set pipeInfos on HWFC_JPEG_DST, setFormat(3264, 2448) and reqBuffers(32)
07-04 16:30:09.625  3437 18483 D ExynosCameraNodeJpegHAL: [CAM_ID(1)][HWFC_JPEG_DST]-DEBUG(setSize[424]):w (3264) h (2448)
07-04 16:30:09.626  3437 18483 D ExynosCameraNodeJpegHAL: [CAM_ID(1)][HWFC_JPEG_DST]-DEBUG(setColorFormat[306]):format 843534410(J P G 2), yuvRange 7
07-04 16:30:09.626  3437 18483 D ExynosCameraMCPipe: [CAM_ID(1)][PIPE_ISP_REPROCESSING]-DEBUG(m_setNodeInfo[3094]):
07-04 16:30:09.626  3437 18483 D ExynosCameraMCPipe: [CAM_ID(1)][PIPE_ISP_REPROCESSING]-DEBUG(m_setNodeInfo[3171]):set pipeInfos on HWFC_JPEG_SRC, setFormat(3264, 2448) and reqBuffers(32)
07-04 16:30:09.626  3437 18483 D ExynosCameraNodeJpegHAL: [CAM_ID(1)][HWFC_JPEG_SRC]-DEBUG(setSize[424]):w (3264) h (2448)
07-04 16:30:09.626  3437 18483 D ExynosCameraNodeJpegHAL: [CAM_ID(1)][HWFC_JPEG_SRC]-DEBUG(setColorFormat[283]):format 1448695129(Y U Y V), yuvRange 7
07-04 16:30:09.626  3437 18483 D ExynosCameraMCPipe: [CAM_ID(1)][PIPE_ISP_REPROCESSING]-DEBUG(m_setNodeInfo[3094]):
07-04 16:30:09.626  3437 18483 D ExynosCameraMCPipe: [CAM_ID(1)][PIPE_ISP_REPROCESSING]-DEBUG(m_setNodeInfo[3171]):set pipeInfos on HWFC_THUMBNAIL_SRC, setFormat(512, 384) and reqBuffers(32)
07-04 16:30:09.626  3437 18483 D ExynosCameraNodeJpegHAL: [CAM_ID(1)][HWFC_THUMBNAIL_SRC]-DEBUG(setSize[424]):w (512) h (384)
07-04 16:30:09.626  3437 18483 D ExynosCameraNodeJpegHAL: [CAM_ID(1)][HWFC_THUMBNAIL_SRC]-DEBUG(setColorFormat[283]):format 1448695129(Y U Y V), yuvRange 7
07-04 16:30:09.626  3437 18483 D ExynosCameraMCPipe: [CAM_ID(1)][PIPE_ISP_REPROCESSING]-DEBUG(m_setNodeInfo[3094]):
07-04 16:30:09.626  3437 18483 D ExynosCameraMCPipe: [CAM_ID(1)][PIPE_ISP_REPROCESSING]-DEBUG(m_setNodeInfo[3171]):set pipeInfos on HWFC_THUMBNAIL_DST, setFormat(512, 384) and reqBuffers(32)
07-04 16:30:09.626  3437 18483 D ExynosCameraNodeJpegHAL: [CAM_ID(1)][HWFC_THUMBNAIL_DST]-DEBUG(setSize[424]):w (512) h (384)
07-04 16:30:09.626  3437 18483 D ExynosCameraNodeJpegHAL: [CAM_ID(1)][HWFC_THUMBNAIL_DST]-DEBUG(setColorFormat[306]):format 843534410(J P G 2), yuvRange 7
07-04 16:30:09.626  3437 18483 I ExynosCameraMCPipe: [CAM_ID(1)][PIPE_ISP_REPROCESSING]-INFO(setupPipe[258]):setupPipe() is succeed, Pipe(205), prepare(0)
07-04 16:30:09.626  3437 18483 D ExynosCamera3: [CAM_ID(1)][]-DEBUG(m_startReprocessingFrameFactory[8380]):- IN -
07-04 16:30:09.626  3437 18483 I ExynosCamera3FrameReprocessingFactory: [CAM_ID(1)][ReprocessingFactory]-INFO(startPipes[662]):
07-04 16:30:09.626  3437 18483 D ExynosCameraMCPipe: [CAM_ID(1)][PIPE_ISP_REPROCESSING]-DEBUG(m_startNode[3566]):
07-04 16:30:09.626  3437 18483 I ExynosCameraMCPipe: [CAM_ID(1)][PIPE_ISP_REPROCESSING]-INFO(start[317]):start() is succeed, Pipe(205)
07-04 16:30:09.626  3437 18483 I ExynosCamera3FrameReprocessingFactory: [CAM_ID(1)][ReprocessingFactory]-INFO(startPipes[710]):Starting Reprocessing [SCC>ISP] Success!
07-04 16:30:09.626  3437 18483 D ExynosCamera3: DEBUG:duration time(    0 msec):(m_startReprocessingFrameFactory)
07-04 16:30:09.639  4945  4945 D io_stats: !@ 179,0 r 85902 3229860 w 24963 331716 d 2331 65308 f 6190 6412 iot 46592 38639 th 51200 0 0 pt 0 inp 0 0 4446.205
07-04 16:30:09.649  3437 18489 D ExynosCamera3: [CAM_ID(1)][]-DEBUG(m_handleInternalFrame[8816]):[EJ] Pass the frame to handleBayerBuffer 0 / m_isNeedRequestFrame = 0, m_isNeedInternalFrame = 1
07-04 16:30:09.649  3437 18484 D ExynosCamera3: [CAM_ID(1)][]-DEBUG(m_previewFrameHandler[2457]):Use ZSL Service Buffer. framecount 3 bufferIndex 31
07-04 16:30:09.649  3437 18478 D ExynosCameraMCPipe: [CAM_ID(1)][PIPE_3AA]-DEBUG(m_putBuffer[1621]):Skip to get buffer from bufferMgr.                        pipeId(6), frameCount(3) bufferIndex 31)
07-04 16:30:09.652  3437 18478 D ExynosCameraMCPipe: [CAM_ID(1)][PIPE_3AA]-DEBUG(m_checkNodeGroupInfo[3655]):(3AA_PREVIEW):vid(22), request(0 -> 1), oldCropSize(0, 0, 3264, 2448 / 0, 0, 3264, 2448) -> newCropSize(0, 0, 3264, 2448 / 0, 0, 3264, 2448)
07-04 16:30:09.671  3959  3959 D CustomFrequencyManagerService: releaseDVFSLockLocked : Getting Lock type frm List : DVFS_MIN_LIMIT  frequency : 1560000  uid : 1000  pid : 3959  tag : AMS_RESUME_TAIL@CPU_MIN@15
07-04 16:30:09.682  3437 18489 D ExynosCamera3: [CAM_ID(1)][]-DEBUG(m_handleInternalFrame[8816]):[EJ] Pass the frame to handleBayerBuffer 1 / m_isNeedRequestFrame = 1, m_isNeedInternalFrame = 0
07-04 16:30:09.682  3437 18478 I ExynosCameraMCPipe: [CAM_ID(1)][PIPE_3AA]-INFO(m_putBuffer[1552]):Internal Frame(5), frameCount(4), (1)
07-04 16:30:09.684  3437 18478 D ExynosCameraMCPipe: [CAM_ID(1)][PIPE_3AA]-DEBUG(m_checkNodeGroupInfo[3655]):(3AA_PREVIEW):vid(22), request(1 -> 0), oldCropSize(0, 0, 3264, 2448 / 0, 0, 3264, 2448) -> newCropSize(0, 0, 3264, 2448 / 0, 0, 3264, 2448)
07-04 16:30:09.701  3959  4025 I WindowManager: Destroying surface Surface(name=com.example.batterymanager_utility/com.example.batterymanager_utility.MainActivity) called by com.android.server.wm.WindowStateAnimator.destroySurface:2501 com.android.server.wm.WindowStateAnimator.destroySurfaceLocked:985 com.android.server.wm.WindowState.destroyOrSaveSurfaceUnchecked:3670 com.android.server.wm.WindowState.destroySurface:3618 com.android.server.wm.AppWindowToken.destroySurfaces:722 com.android.server.wm.AppWindowToken.destroySurfaces:706 com.android.server.wm.WindowState.onExitAnimationDone:5316 com.android.server.wm.WindowStateAnimator.stepAnimationLocked:550 
07-04 16:30:09.701  3959  3983 D CustomFrequencyManagerService: acquireDVFSLockLocked : type : DVFS_MIN_LIMIT  frequency : 1560000  uid : 1000  pid : 3959  pkgName : AMS_RESUME_TAIL@CPU_MIN@15
07-04 16:30:09.701  3447  3487 I SurfaceFlinger: id=268 Removed com.example.batterymanager_utility/com.example.batterymanager_utility.MainActivity#0 (2/5)
07-04 16:30:09.701  3959  3983 D ActivityManagerPerformance: AMP_acquire() TAIL
07-04 16:30:09.702  3959  3983 D CustomFrequencyManagerService: releaseDVFSLockLocked : Getting Lock type frm List : DVFS_MIN_LIMIT  frequency : 1560000  uid : 1000  pid : 3959  tag : AMS_APP_SWITCH@CPU_MIN@9
07-04 16:30:09.702  3959  3983 D ActivityManagerPerformance: AMP_release() APP_SWITCH
07-04 16:30:09.704  3447  3487 I SurfaceFlinger: id=268 Removed com.example.batterymanager_utility/com.example.batterymanager_utility.MainActivity#0 (-2/5)
07-04 16:30:09.705  3447  3447 I SurfaceFlinger: Display 0 HWC layers:
07-04 16:30:09.705  3447  3447 I SurfaceFlinger:     type    |    handle    | flag |  format   |   source crop (l,t,r,b)    |         frame       | name 
07-04 16:30:09.705  3447  3447 I SurfaceFlinger: ------------+--------------+------+-----------+----------------------------+---------------------+------
07-04 16:30:09.705  3447  3447 I SurfaceFlinger:      Client | 0x7b13f9c940 | 0002 | RGBA_8888 |   0.0    0.0  720.0 1280.0 |    0    0  720 1280 | e.www.cameratest/e.www.cameratest.MainActivity#0
07-04 16:30:09.705  3447  3447 I SurfaceFlinger:      Client | 0x7b13e34980 | 0000 | RGBA_8888 |   0.0    0.0  720.0   42.0 |    0    0  720   42 | StatusBar#0
07-04 16:30:09.705  3447  3447 I SurfaceFlinger: 
07-04 16:30:09.715  3437 18489 D ExynosCamera3: [CAM_ID(1)][]-DEBUG(m_handleInternalFrame[8816]):[EJ] Pass the frame to handleBayerBuffer 2 / m_isNeedRequestFrame = 1, m_isNeedInternalFrame = 0
07-04 16:30:09.717  3447  3447 I Layer   : id=268 onRemoved com.example.batterymanager_utility/com.example.batterymanager_utility.MainActivity#0 
07-04 16:30:09.749  3437 18485 D ExynosCameraBufferManager: [CAM_ID(1)][ZSL_STREAM_BUF]-DEBUG(m_release[4516]):bufIndex(31)
07-04 16:30:09.749  3437 18485 D ExynosCameraBufferManager: [CAM_ID(1)][ZSL_STREAM_BUF]-DEBUG(m_removeFence[4482]):list is empty
07-04 16:30:09.751  3437 18480 W ExynosCameraMCPipe: [CAM_ID(1)][PIPE_ISP]-WARN(m_putBuffer[1712]):Capture node putbuffer is Zero, frameCount(3)
07-04 16:30:09.751  3437 18480 D ExynosCameraMCPipe: [CAM_ID(1)][PIPE_ISP]-DEBUG(m_checkNodeGroupInfo[3655]):(ISP_OUTPUT):vid(0), request(0 -> 1), oldCropSize(0, 0, 0, 0 / 0, 0, 0, 0) -> newCropSize(0, 0, 3264, 2448 / 0, 0, 3264, 2448)
07-04 16:30:09.751  3437 18480 D ExynosCameraMCPipe: [CAM_ID(1)][PIPE_ISP]-DEBUG(m_checkNodeGroupInfo[3655]):(MCSC_PREVIEW):vid(70), request(0 -> 0), oldCropSize(0, 0, 0, 0 / 0, 0, 0, 0) -> newCropSize(0, 0, 3264, 2448 / 0, 0, 3264, 2448)
07-04 16:30:09.751  3437 18480 D ExynosCameraMCPipe: [CAM_ID(1)][PIPE_ISP]-DEBUG(m_checkNodeGroupInfo[3655]):(MCSC_PREVIEW_CALLBACK):vid(71), request(0 -> 0), oldCropSize(0, 0, 0, 0 / 0, 0, 0, 0) -> newCropSize(0, 0, 3264, 2448 / 0, 0, 3264, 2448)
07-04 16:30:09.751  3437 18480 D ExynosCameraMCPipe: [CAM_ID(1)][PIPE_ISP]-DEBUG(m_checkNodeGroupInfo[3655]):(MCSC_RECORDING):vid(72), request(0 -> 0), oldCropSize(0, 0, 0, 0 / 0, 0, 0, 0) -> newCropSize(0, 0, 3264, 2448 / 0, 0, 3264, 2448)
07-04 16:30:09.751  3437 18480 D ExynosCameraMCPipe: [CAM_ID(1)][PIPE_ISP]-DEBUG(m_checkNodeGroupInfo[3655]):(MCSC_DS):vid(73), request(0 -> 0), oldCropSize(0, 0, 0, 0 / 0, 0, 0, 0) -> newCropSize(0, 306, 3264, 1836 / 0, 0, 640, 360)
07-04 16:30:09.754  3587 13798 D Camera3-Status: markComponent: Component 2 is now idle
07-04 16:30:09.765  3437 18481 E ExynosCameraMCPipe: [CAM_ID(1)][PIPE_ISP]-ERR(m_getBuffer[2321]):frameCount(3)                    : captureNodeCount == 0 || checkRet(0) != NO_ERROR.                    so, setFrameState(FRAME_STATE_SKIPPED)
07-04 16:30:09.766  3437 18482 W ExynosCameraPipeVRAGroup: [CAM_ID(1)][PIPE_VRA]-WARN(m_putBuffer[139]):wait timeout
07-04 16:30:09.767  3437 18487 W ExynosCamera3: [CAM_ID(1)][]-WARN(m_handlePreviewFrame[7077]):Skipped frame. Force callback result. frameCount 3
07-04 16:30:09.767  3437 18482 D ExynosCameraNode: [CAM_ID(1)][PIPE_VRA]-DEBUG(dumpState[1024]):
07-04 16:30:09.767  3437 18482 D ExynosCameraNode: [CAM_ID(1)][PIPE_VRA]-DEBUG(dumpState[1027]):m_name[PIPE_VRA]
07-04 16:30:09.767  3437 18482 D ExynosCameraNode: [CAM_ID(1)][PIPE_VRA]-DEBUG(dumpState[1029]):m_alias[PIPE_VRA]
07-04 16:30:09.767  3437 18482 D ExynosCameraNode: [CAM_ID(1)][PIPE_VRA]-DEBUG(dumpState[1034]):m_fd[35], width[640], height[360]
07-04 16:30:09.767  3437 18482 D ExynosCameraNode: [CAM_ID(1)][PIPE_VRA]-DEBUG(dumpState[1039]):m_format[909203022], m_planes[2], m_buffers[10], m_memory[4]
07-04 16:30:09.767  3437 18482 D ExynosCameraNode: [CAM_ID(1)][PIPE_VRA]-DEBUG(dumpState[1043]):m_type[10], m_flagStart[1], m_flagCreate[1]
07-04 16:30:09.767  3437 18482 D ExynosCameraNode: [CAM_ID(1)][PIPE_VRA]-DEBUG(dumpState[1049]):m_crop type[0], X : Y[0 : 0], W : H[0 : 0]
07-04 16:30:09.767  3437 18482 I ExynosCameraNode: [CAM_ID(1)][PIPE_VRA]-INFO(dumpState[1051]):Node state(1)
07-04 16:30:09.768  3437 18486 W ExynosCamera3: [CAM_ID(1)][]-WARN(m_previewStreamVRAPipeThreadFunc[6650]):wait timeout
07-04 16:30:09.769  3587 13798 D Camera3-Status: markComponent: Component 0 is now idle
07-04 16:30:09.782  3437 18489 D ExynosCamera3: [CAM_ID(1)][]-DEBUG(m_handleInternalFrame[8816]):[EJ] Pass the frame to handleBayerBuffer 4 / m_isNeedRequestFrame = 1, m_isNeedInternalFrame = 0
07-04 16:30:09.810  3959  4331 I OpenGLRenderer: Initialized EGL, version 1.4
07-04 16:30:09.810  3959  4331 D OpenGLRenderer: Swap behavior 2
07-04 16:30:09.819  3437 18489 D ExynosCamera3: [CAM_ID(1)][]-DEBUG(m_handleInternalFrame[8816]):[EJ] Pass the frame to handleBayerBuffer 5 / m_isNeedRequestFrame = 1, m_isNeedInternalFrame = 0
07-04 16:30:09.822  3437 18488 I ExynosCamera3: [CAM_ID(1)][]-INFO(m_monitorThreadFunc[9128]):@FIMC_IS_SYNC 5
07-04 16:30:09.822  3437 18488 D ExynosCameraMCPipe: [CAM_ID(1)][PIPE_3AA]-DEBUG(syncLog[1174]):
07-04 16:30:09.852  3437 18489 D ExynosCamera3: [CAM_ID(1)][]-DEBUG(m_handleInternalFrame[8816]):[EJ] Pass the frame to handleBayerBuffer 6 / m_isNeedRequestFrame = 1, m_isNeedInternalFrame = 0
07-04 16:30:09.874  3959  4066 D MdnieScenarioControlService:  packageName : e.www.cameratest    className : e.www.cameratest.MainActivity
07-04 16:30:09.874  3959  4066 V MdnieScenarioControlService: setUIMode from UI function(3)
07-04 16:30:09.882  3437 18489 D ExynosCamera3: [CAM_ID(1)][]-DEBUG(m_handleInternalFrame[8816]):[EJ] Pass the frame to handleBayerBuffer 7 / m_isNeedRequestFrame = 1, m_isNeedInternalFrame = 0
07-04 16:30:09.915  3437 18489 D ExynosCamera3: [CAM_ID(1)][]-DEBUG(m_handleInternalFrame[8816]):[EJ] Pass the frame to handleBayerBuffer 8 / m_isNeedRequestFrame = 1, m_isNeedInternalFrame = 0
07-04 16:30:09.917  3437 18487 W ExynosCamera3: [CAM_ID(1)][]-WARN(m_previewStreamISPPipeThreadFunc[6613]):wait timeout
07-04 16:30:09.918  3437 18486 W ExynosCamera3: [CAM_ID(1)][]-WARN(m_previewStreamVRAPipeThreadFunc[6650]):wait timeout
07-04 16:30:09.948  3437 18489 D ExynosCamera3: [CAM_ID(1)][]-DEBUG(m_handleInternalFrame[8816]):[EJ] Pass the frame to handleBayerBuffer 9 / m_isNeedRequestFrame = 1, m_isNeedInternalFrame = 0
07-04 16:30:09.980  3959  3968 I zygote64: NativeAllocBackground concurrent copying GC freed 321914(15MB) AllocSpace objects, 265(5MB) LOS objects, 42% free, 33MB/57MB, paused 527us total 150.661ms
07-04 16:30:09.982  3437 18489 D ExynosCamera3: [CAM_ID(1)][]-DEBUG(m_handleInternalFrame[8816]):[EJ] Pass the frame to handleBayerBuffer 10 / m_isNeedRequestFrame = 1, m_isNeedInternalFrame = 0
07-04 16:30:10.015  3437 18489 D ExynosCamera3: [CAM_ID(1)][]-DEBUG(m_handleInternalFrame[8816]):[EJ] Pass the frame to handleBayerBuffer 11 / m_isNeedRequestFrame = 1, m_isNeedInternalFrame = 0
07-04 16:30:10.048  3437 18489 D ExynosCamera3: [CAM_ID(1)][]-DEBUG(m_handleInternalFrame[8816]):[EJ] Pass the frame to handleBayerBuffer 12 / m_isNeedRequestFrame = 1, m_isNeedInternalFrame = 0
07-04 16:30:10.068  3437 18487 W ExynosCamera3: [CAM_ID(1)][]-WARN(m_previewStreamISPPipeThreadFunc[6613]):wait timeout
07-04 16:30:10.068  3437 18486 W ExynosCamera3: [CAM_ID(1)][]-WARN(m_previewStreamVRAPipeThreadFunc[6650]):wait timeout
07-04 16:30:10.082  3437 18489 D ExynosCamera3: [CAM_ID(1)][]-DEBUG(m_handleInternalFrame[8816]):[EJ] Pass the frame to handleBayerBuffer 13 / m_isNeedRequestFrame = 1, m_isNeedInternalFrame = 0
07-04 16:30:10.115  3437 18489 D ExynosCamera3: [CAM_ID(1)][]-DEBUG(m_handleInternalFrame[8816]):[EJ] Pass the frame to handleBayerBuffer 14 / m_isNeedRequestFrame = 1, m_isNeedInternalFrame = 0
07-04 16:30:10.148  3437 18489 D ExynosCamera3: [CAM_ID(1)][]-DEBUG(m_handleInternalFrame[8816]):[EJ] Pass the frame to handleBayerBuffer 15 / m_isNeedRequestFrame = 1, m_isNeedInternalFrame = 0
07-04 16:30:10.181  3437 18489 D ExynosCamera3: [CAM_ID(1)][]-DEBUG(m_handleInternalFrame[8816]):[EJ] Pass the frame to handleBayerBuffer 16 / m_isNeedRequestFrame = 1, m_isNeedInternalFrame = 0
07-04 16:30:10.215  3437 18489 D ExynosCamera3: [CAM_ID(1)][]-DEBUG(m_handleInternalFrame[8816]):[EJ] Pass the frame to handleBayerBuffer 17 / m_isNeedRequestFrame = 1, m_isNeedInternalFrame = 0
07-04 16:30:10.218  3437 18487 W ExynosCamera3: [CAM_ID(1)][]-WARN(m_previewStreamISPPipeThreadFunc[6613]):wait timeout
07-04 16:30:10.218  3437 18486 W ExynosCamera3: [CAM_ID(1)][]-WARN(m_previewStreamVRAPipeThreadFunc[6650]):wait timeout
07-04 16:30:10.248  3437 18489 D ExynosCamera3: [CAM_ID(1)][]-DEBUG(m_handleInternalFrame[8816]):[EJ] Pass the frame to handleBayerBuffer 18 / m_isNeedRequestFrame = 1, m_isNeedInternalFrame = 0
07-04 16:30:10.253 12847 12847 E adbd    : recv: OPEN 0000b8af 00000000 006e:73 68 65 6C 6C 2C 76 32 2C 54 45 52 4D 3D 73 63 72 65 65 6E 2C 72 61 77 3A 64 75 6D 70 73 79 73 20 61 63 74 69 76 69 74 79 20 72 65 63 65 6E 74 73 20 7C 20 67 72 65 70 20 22 52 65 63 65 6E 74 20 23 30 22 20 7C 20 63 75 74 20 2D 64 20 22 3D 22 20 2D 66 32 20 7C 20 67 72 65 70 20 2D 6F 20 2D 70 20 22 5B 61 2D 7A 7C 2E 5D 2A 22 00 
07-04 16:30:10.253 12847 12847 E adbd    : service_to_fd: shell,v2,TERM=screen,raw:dumpsys activity recents | grep "Recent #0" | cut -d "=" -f2 | grep -o -p "[a-z|.]*"
07-04 16:30:10.281  3437 18489 D ExynosCamera3: [CAM_ID(1)][]-DEBUG(m_handleInternalFrame[8816]):[EJ] Pass the frame to handleBayerBuffer 19 / m_isNeedRequestFrame = 1, m_isNeedInternalFrame = 0
07-04 16:30:10.301  3437 18480 W ExynosCameraMCPipe: [CAM_ID(1)][PIPE_ISP]-WARN(m_putBuffer[1530]):inputFrameQ wait timeout
07-04 16:30:10.301  3437 18480 W ExynosCameraMCPipe: [CAM_ID(1)][PIPE_ISP]-WARN(m_putBufferThreadFunc[1471]):m_putbuffer fail, ret(-110)
07-04 16:30:10.302  3959  3959 D CustomFrequencyManagerService: releaseDVFSLockLocked : Getting Lock type frm List : DVFS_MIN_LIMIT  frequency : 1560000  uid : 1000  pid : 3959  tag : AMS_RESUME_TAIL@CPU_MIN@15
07-04 16:30:10.315  3437 18481 W ExynosCameraMCPipe: [CAM_ID(1)][PIPE_ISP]-WARN(m_getBuffer[1976]):requestFrameQ wait timeout
07-04 16:30:10.316  3437 18489 D ExynosCamera3: [CAM_ID(1)][]-DEBUG(m_handleInternalFrame[8816]):[EJ] Pass the frame to handleBayerBuffer 20 / m_isNeedRequestFrame = 1, m_isNeedInternalFrame = 0
07-04 16:30:10.316  3437 18481 W ExynosCameraMCPipe: [CAM_ID(1)][PIPE_ISP]-WARN(m_getBufferThreadFunc[1492]):m_getBuffer fail, ret(-110)
07-04 16:30:10.348  3437 18489 D ExynosCamera3: [CAM_ID(1)][]-DEBUG(m_handleInternalFrame[8816]):[EJ] Pass the frame to handleBayerBuffer 21 / m_isNeedRequestFrame = 1, m_isNeedInternalFrame = 0
07-04 16:30:10.350 12847 12847 E adbd    : recv: OPEN 0000b8b2 00000000 003a:73 68 65 6C 6C 2C 76 32 2C 54 45 52 4D 3D 73 63 72 65 65 6E 2C 72 61 77 3A 67 65 74 70 72 6F 70 20 72 6F 2E 62 75 69 6C 64 2E 76 65 72 73 69 6F 6E 2E 72 65 6C 65 61 73 65 00 
07-04 16:30:10.350 12847 12847 E adbd    : service_to_fd: shell,v2,TERM=screen,raw:getprop ro.build.version.release
07-04 16:30:10.368  3437 18487 W ExynosCamera3: [CAM_ID(1)][]-WARN(m_previewStreamISPPipeThreadFunc[6613]):wait timeout
07-04 16:30:10.368  3437 18486 W ExynosCamera3: [CAM_ID(1)][]-WARN(m_previewStreamVRAPipeThreadFunc[6650]):wait timeout
07-04 16:30:10.380  3959  3959 D PreBindingService: handleMessage : 1
07-04 16:30:10.382  3437 18489 D ExynosCamera3: [CAM_ID(1)][]-DEBUG(m_handleInternalFrame[8816]):[EJ] Pass the frame to handleBayerBuffer 22 / m_isNeedRequestFrame = 1, m_isNeedInternalFrame = 0
07-04 16:30:10.415  3437 18489 D ExynosCamera3: [CAM_ID(1)][]-DEBUG(m_handleInternalFrame[8816]):[EJ] Pass the frame to handleBayerBuffer 23 / m_isNeedRequestFrame = 1, m_isNeedInternalFrame = 0
07-04 16:30:10.431 12847 12847 E adbd    : recv: OPEN 0000b8b5 00000000 0036:73 68 65 6C 6C 2C 76 32 2C 54 45 52 4D 3D 73 63 72 65 65 6E 2C 72 61 77 3A 67 65 74 70 72 6F 70 20 72 6F 2E 62 75 69 6C 64 2E 76 65 72 73 69 6F 6E 2E 73 64 6B 00 
07-04 16:30:10.431 12847 12847 E adbd    : service_to_fd: shell,v2,TERM=screen,raw:getprop ro.build.version.sdk
07-04 16:30:10.451  3437 18489 D ExynosCamera3: [CAM_ID(1)][]-DEBUG(m_handleInternalFrame[8816]):[EJ] Pass the frame to handleBayerBuffer 24 / m_isNeedRequestFrame = 1, m_isNeedInternalFrame = 0
07-04 16:30:10.481  3437 18489 D ExynosCamera3: [CAM_ID(1)][]-DEBUG(m_handleInternalFrame[8816]):[EJ] Pass the frame to handleBayerBuffer 25 / m_isNeedRequestFrame = 1, m_isNeedInternalFrame = 0
07-04 16:30:10.515  3437 18489 D ExynosCamera3: [CAM_ID(1)][]-DEBUG(m_handleInternalFrame[8816]):[EJ] Pass the frame to handleBayerBuffer 26 / m_isNeedRequestFrame = 1, m_isNeedInternalFrame = 0
07-04 16:30:10.518  3437 18487 W ExynosCamera3: [CAM_ID(1)][]-WARN(m_previewStreamISPPipeThreadFunc[6613]):wait timeout
07-04 16:30:10.519  3437 18486 W ExynosCamera3: [CAM_ID(1)][]-WARN(m_previewStreamVRAPipeThreadFunc[6650]):wait timeout
07-04 16:30:10.535 12847 12847 E adbd    : recv: OPEN 0000b8b8 00000000 003a:73 68 65 6C 6C 2C 76 32 2C 54 45 52 4D 3D 73 63 72 65 65 6E 2C 72 61 77 3A 67 65 74 70 72 6F 70 20 72 6F 2E 62 75 69 6C 64 2E 76 65 72 73 69 6F 6E 2E 72 65 6C 65 61 73 65 00 
07-04 16:30:10.535 12847 12847 E adbd    : service_to_fd: shell,v2,TERM=screen,raw:getprop ro.build.version.release
07-04 16:30:10.545  3959 10685 I EDMNativeHelperService: isCameraEnabled
07-04 16:30:10.548  3437 18489 D ExynosCamera3: [CAM_ID(1)][]-DEBUG(m_handleInternalFrame[8816]):[EJ] Pass the frame to handleBayerBuffer 27 / m_isNeedRequestFrame = 1, m_isNeedInternalFrame = 0
07-04 16:30:10.581  3437 18489 D ExynosCamera3: [CAM_ID(1)][]-DEBUG(m_handleInternalFrame[8816]):[EJ] Pass the frame to handleBayerBuffer 28 / m_isNeedRequestFrame = 1, m_isNeedInternalFrame = 0
07-04 16:30:10.614 12847 12847 E adbd    : recv: OPEN 0000b8bb 00000000 0036:73 68 65 6C 6C 2C 76 32 2C 54 45 52 4D 3D 73 63 72 65 65 6E 2C 72 61 77 3A 67 65 74 70 72 6F 70 20 72 6F 2E 62 75 69 6C 64 2E 76 65 72 73 69 6F 6E 2E 73 64 6B 00 
07-04 16:30:10.614 12847 12847 E adbd    : service_to_fd: shell,v2,TERM=screen,raw:getprop ro.build.version.sdk
07-04 16:30:10.617  3437 18489 D ExynosCamera3: [CAM_ID(1)][]-DEBUG(m_handleInternalFrame[8816]):[EJ] Pass the frame to handleBayerBuffer 29 / m_isNeedRequestFrame = 1, m_isNeedInternalFrame = 0
07-04 16:30:10.648  3437 18489 D ExynosCamera3: [CAM_ID(1)][]-DEBUG(m_handleInternalFrame[8816]):[EJ] Pass the frame to handleBayerBuffer 30 / m_isNeedRequestFrame = 1, m_isNeedInternalFrame = 0
07-04 16:30:10.669  3437 18487 W ExynosCamera3: [CAM_ID(1)][]-WARN(m_previewStreamISPPipeThreadFunc[6613]):wait timeout
07-04 16:30:10.669  3437 18486 W ExynosCamera3: [CAM_ID(1)][]-WARN(m_previewStreamVRAPipeThreadFunc[6650]):wait timeout
07-04 16:30:10.681  3437 18489 D ExynosCamera3: [CAM_ID(1)][]-DEBUG(m_handleInternalFrame[8816]):[EJ] Pass the frame to handleBayerBuffer 31 / m_isNeedRequestFrame = 1, m_isNeedInternalFrame = 0
07-04 16:30:10.683  3436  3436 I android.hardware.wifi@1.0-service: getLinkLayerStats
07-04 16:30:10.695 12847 12847 E adbd    : recv: OPEN 0000b8be 00000000 00fa:73 68 65 6C 6C 2C 76 32 2C 54 45 52 4D 3D 73 63 72 65 65 6E 2C 72 61 77 3A 61 6D 20 73 74 61 72 74 2D 66 6F 72 65 67 72 6F 75 6E 64 2D 73 65 72 76 69 63 65 20 2D 6E 20 22 63 6F 6D 2E 65 78 61 6D 70 6C 65 2E 62 61 74 74 65 72 79 6D 61 6E 61 67 65 72 5F 75 74 69 6C 69 74 79 2F 63 6F 6D 2E 65 78 61 6D 70 6C 65 2E 62 61 74 74 65 72 79 6D 61 6E 61 67 65 72 5F 75 74 69 6C 69 74 79 2E 44 61 74 61 43 6F 6C 6C 65 63 74 69 6F 6E 53 65 72 76 69 63 65 22 20 2D 2D 65 69 20 73 61 6D 70 6C 65 52 61 74 65 20 31 30 30 20 2D 2D 65 73 20 22 64 61 74 61 46 69 65 6C 64 73 22 20 22 42 41 54 54 45 52 59 5F 50 52 4F 50 45 52 54 59 5F 43 55 52 52 45 4E 54 5F 4E 4F 57 2C 45 58 54 52 41 5F 56 4F 4C 54 41 47 45 22 20 2D 2D 65 7A 20 74 6F 43 53 56 20 66 61 6C 73 65 00 
07-04 16:30:10.695 12847 12847 E adbd    : service_to_fd: shell,v2,TERM=screen,raw:am start-foreground-service -n "com.example.batterymanager_utility/com.example.batterymanager_utility.DataCollectionService" --ei sampleRate 100 --es "dataFields" "BATTERY_PROPERTY_CURRENT_NOW,EXTRA_VOLTAGE" --ez toCSV false
07-04 16:30:10.714  3437 18489 D ExynosCamera3: [CAM_ID(1)][]-DEBUG(m_handleInternalFrame[8816]):[EJ] Pass the frame to handleBayerBuffer 32 / m_isNeedRequestFrame = 1, m_isNeedInternalFrame = 0
07-04 16:30:10.748  3437 18489 D ExynosCamera3: [CAM_ID(1)][]-DEBUG(m_handleInternalFrame[8816]):[EJ] Pass the frame to handleBayerBuffer 33 / m_isNeedRequestFrame = 1, m_isNeedInternalFrame = 0
07-04 16:30:10.776 18372 18372 I BatteryMgr:DataCollectionService: onStartCommand: begin
07-04 16:30:10.777 18372 18372 I BatteryMgr:DataCollectionService: onStartCommand: sampleRate => 100
07-04 16:30:10.777 18372 18372 I BatteryMgr:DataCollectionService: onStartCommand: rawFields => Timestamp,BATTERY_PROPERTY_CURRENT_NOW,EXTRA_VOLTAGE
07-04 16:30:10.779 18372 18372 I BatteryMgr:DataCollectionService: onStartCommand: notification done
07-04 16:30:10.781 18372 18372 D Notification: allPendingIntents
07-04 16:30:10.783 18372 18372 I BatteryMgr:DataCollectionService: started foreground
07-04 16:30:10.785  3437 18489 D ExynosCamera3: [CAM_ID(1)][]-DEBUG(m_handleInternalFrame[8816]):[EJ] Pass the frame to handleBayerBuffer 34 / m_isNeedRequestFrame = 1, m_isNeedInternalFrame = 0
07-04 16:30:10.786  3959  3974 D ApplicationPolicy: isStatusBarNotificationAllowedAsUser: packageName = android,userId = 0
07-04 16:30:10.786  3959  3974 D API test: getContainerInfo: value is 
07-04 16:30:10.786  3959  3974 D ApplicationPolicy: isStatusBarNotificationAllowedAsUser: packageName = android,userId = 0
07-04 16:30:10.786  3959  3974 D API test: getContainerInfo: value is 
07-04 16:30:10.787  3959  3974 D ApplicationPolicy: isStatusBarNotificationAllowedAsUser: packageName = com.example.batterymanager_utility,userId = 0
07-04 16:30:10.787  3959  3974 D API test: getContainerInfo: value is 
07-04 16:30:10.788  3959  3974 D ApplicationPolicy: isStatusBarNotificationAllowedAsUser: packageName = com.example.batterymanager_utility,userId = 0
07-04 16:30:10.788  3959  3974 D API test: getContainerInfo: value is 
07-04 16:30:10.789  3959  3959 D AudioService: getStreamVolume 5 index 110
07-04 16:30:10.790  3959  3974 E NotificationService: Suppressing notification from package by user request.
07-04 16:30:10.791  3959 10685 D Notification: allPendingIntents
07-04 16:30:10.791  3959  8370 D Notification: allPendingIntents
07-04 16:30:10.802 18372 18511 I BatteryMgr:DataCollectionService: collectData: begin
07-04 16:30:10.807 18372 18511 I BatteryMgr:DataCollectionService: stats => 1688481010807,-314,4073
07-04 16:30:10.808  4350  4350 D KeyguardUpdateMonitor: handleStatusBarState( false )
07-04 16:30:10.814  3437 18489 D ExynosCamera3: [CAM_ID(1)][]-DEBUG(m_handleInternalFrame[8816]):[EJ] Pass the frame to handleBayerBuffer 35 / m_isNeedRequestFrame = 1, m_isNeedInternalFrame = 0
07-04 16:30:10.815 12847 12847 E adbd    : recv: OPEN 0000b8c1 00000000 003a:73 68 65 6C 6C 2C 76 32 2C 54 45 52 4D 3D 73 63 72 65 65 6E 2C 72 61 77 3A 67 65 74 70 72 6F 70 20 72 6F 2E 62 75 69 6C 64 2E 76 65 72 73 69 6F 6E 2E 72 65 6C 65 61 73 65 00 
07-04 16:30:10.815 12847 12847 E adbd    : service_to_fd: shell,v2,TERM=screen,raw:getprop ro.build.version.release
07-04 16:30:10.819  3437 18487 W ExynosCamera3: [CAM_ID(1)][]-WARN(m_previewStreamISPPipeThreadFunc[6613]):wait timeout
07-04 16:30:10.819  3437 18486 W ExynosCamera3: [CAM_ID(1)][]-WARN(m_previewStreamVRAPipeThreadFunc[6650]):wait timeout
07-04 16:30:10.823  4350  4350 D KeyguardUpdateMonitor: handleStatusBarState( false )
07-04 16:30:10.850  3437 18489 D ExynosCamera3: [CAM_ID(1)][]-DEBUG(m_handleInternalFrame[8816]):[EJ] Pass the frame to handleBayerBuffer 36 / m_isNeedRequestFrame = 1, m_isNeedInternalFrame = 0
07-04 16:30:10.852  3437 18480 W ExynosCameraMCPipe: [CAM_ID(1)][PIPE_ISP]-WARN(m_putBuffer[1530]):inputFrameQ wait timeout
07-04 16:30:10.852  3437 18480 W ExynosCameraMCPipe: [CAM_ID(1)][PIPE_ISP]-WARN(m_putBufferThreadFunc[1471]):m_putbuffer fail, ret(-110)
07-04 16:30:10.866  3437 18481 W ExynosCameraMCPipe: [CAM_ID(1)][PIPE_ISP]-WARN(m_getBuffer[1976]):requestFrameQ wait timeout
07-04 16:30:10.866  3437 18481 W ExynosCameraMCPipe: [CAM_ID(1)][PIPE_ISP]-WARN(m_getBufferThreadFunc[1492]):m_getBuffer fail, ret(-110)
07-04 16:30:10.881  3437 18489 D ExynosCamera3: [CAM_ID(1)][]-DEBUG(m_handleInternalFrame[8816]):[EJ] Pass the frame to handleBayerBuffer 37 / m_isNeedRequestFrame = 1, m_isNeedInternalFrame = 0
07-04 16:30:10.892 12847 12847 E adbd    : recv: OPEN 0000b8c4 00000000 0036:73 68 65 6C 6C 2C 76 32 2C 54 45 52 4D 3D 73 63 72 65 65 6E 2C 72 61 77 3A 67 65 74 70 72 6F 70 20 72 6F 2E 62 75 69 6C 64 2E 76 65 72 73 69 6F 6E 2E 73 64 6B 00 
07-04 16:30:10.892 12847 12847 E adbd    : service_to_fd: shell,v2,TERM=screen,raw:getprop ro.build.version.sdk
07-04 16:30:10.901  3959 10685 D BatteryService: !@BatteryListener : batteryPropertiesChanged!
07-04 16:30:10.902  3959 10685 D BatteryService: level:84, scale:100, status:3, health:2, present:true, voltage: 4020, temperature: 275, technology: Li-ion, AC powered:false, USB powered:false, POGO powered:false, Wireless powered:false, icon:17303820, invalid charger:0, maxChargingCurrent:0, maxChargingVoltage:0, chargeCounter:0
07-04 16:30:10.902  3959 10685 D BatteryService: online:1, current avg:-164, charge type:0, power sharing:false, high voltage charger:false, capacity:280000, batterySWSelfDischarging:false, misc_event:0, current_event:0, current_now:-314
07-04 16:30:10.902  3959  3959 D BatteryService: Sending ACTION_BATTERY_CHANGED.
07-04 16:30:10.904  3959  3959 D SamsungPhoneWindowManager: ACTION_BATTERY_CHANGED - Level :: 84, battStatus :: 3
07-04 16:30:10.904  3959  3959 I MotionRecognitionService: On Battery, 0
07-04 16:30:10.904  3959  3959 D MotionRecognitionService:   mCableConnection= 0
07-04 16:30:10.905  3959  3981 D UsbDeviceManager: handleMessage -> MSG_UPDATE_CHARGING_STATE = 0
07-04 16:30:10.905  4350  4350 D KeyguardUpdateMonitor: received broadcast android.intent.action.BATTERY_CHANGED
07-04 16:30:10.906  4350  4350 D BatteryController: onReceive-ACTION_BATTERY_CHANGED : mLevel=84, mBatteryStatus=3
07-04 16:30:10.909  4350  4350 D PowerUI : priorPlugType = 0 mPlugType =  0
07-04 16:30:10.914  3437 18489 D ExynosCamera3: [CAM_ID(1)][]-DEBUG(m_handleInternalFrame[8816]):[EJ] Pass the frame to handleBayerBuffer 38 / m_isNeedRequestFrame = 1, m_isNeedInternalFrame = 0
07-04 16:30:10.917 18372 18511 I BatteryMgr:DataCollectionService: stats => 1688481010917,-314,4020
07-04 16:30:10.948  3437 18489 D ExynosCamera3: [CAM_ID(1)][]-DEBUG(m_handleInternalFrame[8816]):[EJ] Pass the frame to handleBayerBuffer 39 / m_isNeedRequestFrame = 1, m_isNeedInternalFrame = 0
07-04 16:30:10.969  3437 18487 W ExynosCamera3: [CAM_ID(1)][]-WARN(m_previewStreamISPPipeThreadFunc[6613]):wait timeout
07-04 16:30:10.970  3437 18486 W ExynosCamera3: [CAM_ID(1)][]-WARN(m_previewStreamVRAPipeThreadFunc[6650]):wait timeout
07-04 16:30:10.981  3437 18489 D ExynosCamera3: [CAM_ID(1)][]-DEBUG(m_handleInternalFrame[8816]):[EJ] Pass the frame to handleBayerBuffer 40 / m_isNeedRequestFrame = 1, m_isNeedInternalFrame = 0
07-04 16:30:11.014  3437 18489 D ExynosCamera3: [CAM_ID(1)][]-DEBUG(m_handleInternalFrame[8816]):[EJ] Pass the frame to handleBayerBuffer 41 / m_isNeedRequestFrame = 1, m_isNeedInternalFrame = 0
07-04 16:30:11.022 18372 18511 I BatteryMgr:DataCollectionService: stats => 1688481011022,-314,4020
07-04 16:30:11.052  3437 18489 D ExynosCamera3: [CAM_ID(1)][]-DEBUG(m_handleInternalFrame[8816]):[EJ] Pass the frame to handleBayerBuffer 42 / m_isNeedRequestFrame = 1, m_isNeedInternalFrame = 0
07-04 16:30:11.081  3437 18489 D ExynosCamera3: [CAM_ID(1)][]-DEBUG(m_handleInternalFrame[8816]):[EJ] Pass the frame to handleBayerBuffer 43 / m_isNeedRequestFrame = 1, m_isNeedInternalFrame = 0
07-04 16:30:11.114  3437 18489 D ExynosCamera3: [CAM_ID(1)][]-DEBUG(m_handleInternalFrame[8816]):[EJ] Pass the frame to handleBayerBuffer 44 / m_isNeedRequestFrame = 1, m_isNeedInternalFrame = 0
07-04 16:30:11.120  3437 18487 W ExynosCamera3: [CAM_ID(1)][]-WARN(m_previewStreamISPPipeThreadFunc[6613]):wait timeout
07-04 16:30:11.120  3437 18486 W ExynosCamera3: [CAM_ID(1)][]-WARN(m_previewStreamVRAPipeThreadFunc[6650]):wait timeout
07-04 16:30:11.128 18372 18511 I BatteryMgr:DataCollectionService: stats => 1688481011128,-314,4020
07-04 16:30:11.144  3959  3959 D PreBindingService: handleMessage : 1
07-04 16:30:11.148  3437 18489 D ExynosCamera3: [CAM_ID(1)][]-DEBUG(m_handleInternalFrame[8816]):[EJ] Pass the frame to handleBayerBuffer 45 / m_isNeedRequestFrame = 1, m_isNeedInternalFrame = 0
07-04 16:30:11.181  3437 18489 D ExynosCamera3: [CAM_ID(1)][]-DEBUG(m_handleInternalFrame[8816]):[EJ] Pass the frame to handleBayerBuffer 46 / m_isNeedRequestFrame = 1, m_isNeedInternalFrame = 0
07-04 16:30:11.214  3437 18489 D ExynosCamera3: [CAM_ID(1)][]-DEBUG(m_handleInternalFrame[8816]):[EJ] Pass the frame to handleBayerBuffer 47 / m_isNeedRequestFrame = 1, m_isNeedInternalFrame = 0
07-04 16:30:11.234 18372 18511 I BatteryMgr:DataCollectionService: stats => 1688481011234,-314,4020
07-04 16:30:11.248  3437 18489 D ExynosCamera3: [CAM_ID(1)][]-DEBUG(m_handleInternalFrame[8816]):[EJ] Pass the frame to handleBayerBuffer 48 / m_isNeedRequestFrame = 1, m_isNeedInternalFrame = 0
07-04 16:30:11.270  3437 18486 W ExynosCamera3: [CAM_ID(1)][]-WARN(m_previewStreamVRAPipeThreadFunc[6650]):wait timeout
07-04 16:30:11.270  3437 18487 W ExynosCamera3: [CAM_ID(1)][]-WARN(m_previewStreamISPPipeThreadFunc[6613]):wait timeout
07-04 16:30:11.281  3437 18489 D ExynosCamera3: [CAM_ID(1)][]-DEBUG(m_handleInternalFrame[8816]):[EJ] Pass the frame to handleBayerBuffer 49 / m_isNeedRequestFrame = 1, m_isNeedInternalFrame = 0
07-04 16:30:11.314  3437 18489 D ExynosCamera3: [CAM_ID(1)][]-DEBUG(m_handleInternalFrame[8816]):[EJ] Pass the frame to handleBayerBuffer 50 / m_isNeedRequestFrame = 1, m_isNeedInternalFrame = 0
07-04 16:30:11.340 18372 18511 I BatteryMgr:DataCollectionService: stats => 1688481011340,-314,4020
07-04 16:30:11.347  3437 18489 D ExynosCamera3: [CAM_ID(1)][]-DEBUG(m_handleInternalFrame[8816]):[EJ] Pass the frame to handleBayerBuffer 51 / m_isNeedRequestFrame = 1, m_isNeedInternalFrame = 0
07-04 16:30:11.381  3437 18489 D ExynosCamera3: [CAM_ID(1)][]-DEBUG(m_handleInternalFrame[8816]):[EJ] Pass the frame to handleBayerBuffer 52 / m_isNeedRequestFrame = 1, m_isNeedInternalFrame = 0
07-04 16:30:11.403  3437 18480 W ExynosCameraMCPipe: [CAM_ID(1)][PIPE_ISP]-WARN(m_putBuffer[1530]):inputFrameQ wait timeout
07-04 16:30:11.403  3437 18480 W ExynosCameraMCPipe: [CAM_ID(1)][PIPE_ISP]-WARN(m_putBufferThreadFunc[1471]):m_putbuffer fail, ret(-110)
07-04 16:30:11.414  3437 18489 D ExynosCamera3: [CAM_ID(1)][]-DEBUG(m_handleInternalFrame[8816]):[EJ] Pass the frame to handleBayerBuffer 53 / m_isNeedRequestFrame = 1, m_isNeedInternalFrame = 0
07-04 16:30:11.416  3437 18481 W ExynosCameraMCPipe: [CAM_ID(1)][PIPE_ISP]-WARN(m_getBuffer[1976]):requestFrameQ wait timeout
07-04 16:30:11.416  3437 18481 W ExynosCameraMCPipe: [CAM_ID(1)][PIPE_ISP]-WARN(m_getBufferThreadFunc[1492]):m_getBuffer fail, ret(-110)
