--------- beginning of system
07-05 13:52:34.206  1705  7533 I ActivityTaskManager: START u0 {act=android.intent.action.MAIN cat=[android.intent.category.LAUNCHER] flg=0x10000000 cmp=com.example.batterymanager_utility/.MainActivity} from uid 2000
--------- beginning of main
07-05 13:52:34.209   562   562 I hwservicemanager: getTransport: Cannot find entry vendor.qti.hardware.iop@2.0::IIop/default in either framework or device manifest.
07-05 13:52:34.215  1705  7533 D CompatibilityInfo: mCompatibilityFlags - 0
07-05 13:52:34.215  1705  7533 D CompatibilityInfo: applicationDensity - 420
07-05 13:52:34.215  1705  7533 D CompatibilityInfo: applicationScale - 1.0
07-05 13:52:34.215  1705  7533 D ActivityTrigger: ActivityTrigger activityPauseTrigger 
07-05 13:52:34.224  1705  1881 W ActivityManager: ProcessRecord{5ea9486 0:com.example.batterymanager_utility/u0a186}: ART verification disabled
07-05 13:52:34.224  1705  1882 E system_server: Invalid ID 0x00000000.
07-05 13:52:34.225  1705  1881 D ActivityManager: Package [com.example.batterymanager_utility] have process
07-05 13:52:34.237   686   686 D Zygote  : Forked child process 31702
07-05 13:52:34.240  1705  1890 I ActivityManager: Start proc 31702:com.example.batterymanager_utility/u0a186 for activity {com.example.batterymanager_utility/com.example.batterymanager_utility.MainActivity}
07-05 13:52:34.240  1705  1890 D ActivityManager: handleProcessStartedLocked mDoneFinishBooting && app.pid != 0 ---> notifyProcessStart, app.processName = com.example.batterymanager_utility, app.info = ApplicationInfo{e1e526a com.example.batterymanager_utility}, app.hostingType = activity, getHostingName() = ComponentInfo{com.example.batterymanager_utility/com.example.batterymanager_utility.MainActivity}, getIntentFlag() = 0, getIsPackageRunning() = true, app = ProcessRecord{5ea9486 31702:com.example.batterymanager_utility/u0a186}, getExtraData() = null
07-05 13:52:34.243 31702 31702 I manager_utilit: Late-enabling -Xcheck:jni
07-05 13:52:34.277 31702 31702 E manager_utilit: Unknown bits set in runtime_flags: 0x8000
07-05 13:52:34.298  1705  7533 D CompatibilityInfo: mCompatibilityFlags - 0
07-05 13:52:34.298  1705  7533 D CompatibilityInfo: applicationDensity - 420
07-05 13:52:34.298  1705  7533 D CompatibilityInfo: applicationScale - 1.0
07-05 13:52:34.302  1705  7533 D CompatibilityInfo: mCompatibilityFlags - 0
07-05 13:52:34.302  1705  7533 D CompatibilityInfo: applicationDensity - 420
07-05 13:52:34.302  1705  7533 D CompatibilityInfo: applicationScale - 1.0
07-05 13:52:34.303  1705 31723 W IrisConfig: ColorManagerService is not Existed
07-05 13:52:34.305  1705  7533 I qspmsvc-client: inside perf_hint_qspm
07-05 13:52:34.320  3498  3498 I A       : onPause
07-05 13:52:34.322  3169  3169 I GsaVoiceInteractionSrv: Handling ACTION_STOP_HOTWORD
07-05 13:52:34.322  3169  3882 I HwDetectorWithState: (REDACTED) a: %d
07-05 13:52:34.475 31702 31702 I Perf    : Connecting to perf service.
07-05 13:52:34.495 31702 31702 I BatteryMgr:App: creating notification channel
07-05 13:52:34.498   562   562 I hwservicemanager: getTransport: Cannot find entry vendor.qti.hardware.iop@2.0::IIop/default in either framework or device manifest.
07-05 13:52:34.498  1019  1019 E ANDR-IOP: IIop:: Iop HAL Service is not available.
07-05 13:52:34.500 31702 31726 E Perf    : Fail to get file list com.example.batterymanager_utility
07-05 13:52:34.500 31702 31726 E Perf    : getFolderSize() : Exception_1 = java.lang.NullPointerException: Attempt to get length of null array
07-05 13:52:34.500 31702 31726 E Perf    : Fail to get file list com.example.batterymanager_utility
07-05 13:52:34.501 31702 31726 E Perf    : getFolderSize() : Exception_1 = java.lang.NullPointerException: Attempt to get length of null array
07-05 13:52:34.586  1705  3248 E WindowManager: App trying to use insecure INPUT_FEATURE_NO_INPUT_CHANNEL flag. Ignoring
07-05 13:52:34.692 31708 31708 W app_process: type=1400 audit(0.0:4957): avc: denied { read } for name="u:object_r:device_config_runtime_native_boot_prop:s0" dev="tmpfs" ino=13644 scontext=u:r:shell:s0 tcontext=u:object_r:device_config_runtime_native_boot_prop:s0 tclass=file permissive=0
07-05 13:52:34.692 31708 31708 W app_process: type=1400 audit(0.0:4958): avc: denied { read } for name="u:object_r:device_config_runtime_native_boot_prop:s0" dev="tmpfs" ino=13644 scontext=u:r:shell:s0 tcontext=u:object_r:device_config_runtime_native_boot_prop:s0 tclass=file permissive=0
07-05 13:52:34.692 31708 31708 W app_process: type=1400 audit(0.0:4959): avc: denied { read } for name="u:object_r:device_config_runtime_native_boot_prop:s0" dev="tmpfs" ino=13644 scontext=u:r:shell:s0 tcontext=u:object_r:device_config_runtime_native_boot_prop:s0 tclass=file permissive=0
07-05 13:52:34.696 31708 31708 D AndroidRuntime: >>>>>> START com.android.internal.os.RuntimeInit uid 2000 <<<<<<
07-05 13:52:34.702 31708 31708 E libc    : Access denied finding property "persist.device_config.runtime_native_boot.enable_apex_image"
07-05 13:52:34.702 31708 31708 I AndroidRuntime: Using default boot image
07-05 13:52:34.702 31708 31708 E libc    : Access denied finding property "persist.device_config.runtime_native_boot.disable_lock_profiling"
07-05 13:52:34.702 31708 31708 I AndroidRuntime: Leaving lock profiling enabled
07-05 13:52:34.703 31708 31708 E libc    : Access denied finding property "persist.device_config.runtime_native_boot.enable_generational_cc"
07-05 13:52:34.840 31708 31708 D ICU     : Time zone APEX file found: /apex/com.android.tzdata/etc/icu/icu_tzdata.dat
07-05 13:52:34.861 31708 31708 I app_process: The ClassLoaderContext is a special shared library.
07-05 13:52:34.886 31708 31708 W app_process: JNI RegisterNativeMethods: attempt to register 0 native methods for android.media.AudioAttributes
07-05 13:52:34.901 31708 31708 D AndroidRuntime: Calling main entry com.android.commands.monkey.Monkey
07-05 13:52:34.902 31708 31708 W Monkey  : args: [-p, e.www.httpsrequesttest, 1]
07-05 13:52:34.903 31708 31708 W Monkey  :  arg: "-p"
07-05 13:52:34.903 31708 31708 W Monkey  :  arg: "e.www.httpsrequesttest"
07-05 13:52:34.903 31708 31708 W Monkey  :  arg: "1"
07-05 13:52:34.904 31708 31708 W Monkey  : data="e.www.httpsrequesttest"
07-05 13:52:34.928 31702 31727 I AdrenoGLES: QUALCOMM build                   : f2ab992, I401605978b
07-05 13:52:34.928 31702 31727 I AdrenoGLES: Build Date                       : 09/28/19
07-05 13:52:34.928 31702 31727 I AdrenoGLES: OpenGL ES Shader Compiler Version: EV031.27.05.01
07-05 13:52:34.928 31702 31727 I AdrenoGLES: Local Branch                     : 
07-05 13:52:34.928 31702 31727 I AdrenoGLES: Remote Branch                    : 
07-05 13:52:34.928 31702 31727 I AdrenoGLES: Remote Branch                    : 
07-05 13:52:34.928 31702 31727 I AdrenoGLES: Reconstruct Branch               : 
07-05 13:52:34.928 31702 31727 I AdrenoGLES: Build Config                     : S L 8.0.11 AArch64
07-05 13:52:34.932 31702 31702 W RenderThread: type=1400 audit(0.0:4960): avc: denied { search } for name="kgsl-3d0" dev="sysfs" ino=29187 scontext=u:r:untrusted_app:s0:c186,c256,c512,c768 tcontext=u:object_r:sysfs_kgsl:s0 tclass=dir permissive=0
07-05 13:52:34.934 31702 31727 I AdrenoGLES: PFP: 0x005ff112, ME: 0x005ff066
07-05 13:52:34.937 31702 31727 W AdrenoUtils: <ReadGpuID_from_sysfs:194>: Failed to open /sys/class/kgsl/kgsl-3d0/gpu_model
07-05 13:52:34.937 31702 31727 W AdrenoUtils: <ReadGpuID:218>: Failed to read chip ID from gpu_model. Fallback to use the GSL path
07-05 13:52:34.939   562   562 I hwservicemanager: getTransport: Cannot find entry vendor.display.config@1.7::IDisplayConfig/default in either framework or device manifest.
07-05 13:52:34.940   562   562 I hwservicemanager: getTransport: Cannot find entry vendor.display.config@1.7::IDisplayConfig/default in either framework or device manifest.
07-05 13:52:34.950  1705  1889 W BroadcastQueue: Skipping deliver [background] BroadcastRecord{2fea37d u-1 android.net.conn.CONNECTIVITY_CHANGE} to ReceiverList{be9e272 31708 (unknown name)/2000/u-1 remote:fedef27}: process gone or crashing
07-05 13:52:34.965  1705  2551 I ActivityTaskManager: START u0 {act=android.intent.action.MAIN cat=[android.intent.category.LAUNCHER] flg=0x10200000 cmp=e.www.httpsrequesttest/.MainActivity} from uid 2000
07-05 13:52:34.965  1705  2551 W Binder  : Outgoing transactions from this process must be FLAG_ONEWAY
07-05 13:52:34.965  1705  2551 W Binder  : java.lang.Throwable
07-05 13:52:34.965  1705  2551 W Binder  : 	at android.os.BinderProxy.transact(BinderProxy.java:480)
07-05 13:52:34.965  1705  2551 W Binder  : 	at android.app.IActivityController$Stub$Proxy.activityStarting(IActivityController.java:273)
07-05 13:52:34.965  1705  2551 W Binder  : 	at com.android.server.wm.ActivityStarter.startActivity(ActivityStarter.java:798)
07-05 13:52:34.965  1705  2551 W Binder  : 	at com.android.server.wm.ActivityStarter.startActivity(ActivityStarter.java:587)
07-05 13:52:34.965  1705  2551 W Binder  : 	at com.android.server.wm.ActivityStarter.startActivityMayWait(ActivityStarter.java:1292)
07-05 13:52:34.965  1705  2551 W Binder  : 	at com.android.server.wm.ActivityStarter.execute(ActivityStarter.java:518)
07-05 13:52:34.965  1705  2551 W Binder  : 	at com.android.server.wm.ActivityTaskManagerService.startActivityAsUser(ActivityTaskManagerService.java:1058)
07-05 13:52:34.965  1705  2551 W Binder  : 	at com.android.server.wm.ActivityTaskManagerService.startActivityAsUser(ActivityTaskManagerService.java:1032)
07-05 13:52:34.965  1705  2551 W Binder  : 	at com.android.server.am.ActivityManagerService.startActivityAsUser(ActivityManagerService.java:3759)
07-05 13:52:34.965  1705  2551 W Binder  : 	at android.app.IActivityManager$Stub.onTransact(IActivityManager.java:3588)
07-05 13:52:34.965  1705  2551 W Binder  : 	at com.android.server.am.ActivityManagerService.onTransact(ActivityManagerService.java:2906)
07-05 13:52:34.965  1705  2551 W Binder  : 	at android.os.Binder.execTransactInternal(Binder.java:1021)
07-05 13:52:34.965  1705  2551 W Binder  : 	at android.os.Binder.execTransact(Binder.java:994)
07-05 13:52:34.969   562   562 I hwservicemanager: getTransport: Cannot find entry vendor.qti.hardware.iop@2.0::IIop/default in either framework or device manifest.
07-05 13:52:34.969   562   562 I hwservicemanager: getTransport: Cannot find entry android.hardware.graphics.mapper@3.0::IMapper/default in either framework or device manifest.
07-05 13:52:34.969 31702 31727 W Gralloc3: mapper 3.x is not supported
07-05 13:52:34.975  1705  2551 D CompatibilityInfo: mCompatibilityFlags - 0
07-05 13:52:34.975  1705  2551 D CompatibilityInfo: applicationDensity - 420
07-05 13:52:34.975  1705  2551 D CompatibilityInfo: applicationScale - 1.0
07-05 13:52:34.976  1705  2551 D ActivityTrigger: ActivityTrigger activityPauseTrigger 
07-05 13:52:34.980 31708 31708 I Monkey  : Events injected: 1
07-05 13:52:34.984  1705  1705 V SettingsProvider: Notifying for 0: content://settings/system/accelerometer_rotation
07-05 13:52:34.992  1705  1882 E system_server: Invalid ID 0x00000000.
07-05 13:52:34.993  1705  1705 V SettingsProvider: Notifying for 0: content://settings/system/accelerometer_rotation
07-05 13:52:34.997   562   562 I hwservicemanager: getTransport: Cannot find entry vendor.qti.hardware.iop@2.0::IIop/default in either framework or device manifest.
07-05 13:52:34.997  1705  1888 I ActivityTaskManager: Displayed e.www.httpsrequesttest/.MainActivity: +790ms
07-05 13:52:34.997   562   562 I hwservicemanager: getTransport: Cannot find entry vendor.qti.hardware.iop@2.0::IIop/default in either framework or device manifest.
07-05 13:52:35.007 31708 31708 I Monkey  : ## Network stats: elapsed time=40ms (0ms mobile, 0ms wifi, 40ms not connected)
07-05 13:52:35.008 31708 31708 I app_process: System.exit called, status: 0
07-05 13:52:35.008 31708 31708 I AndroidRuntime: VM exiting with result code 0.
07-05 13:52:35.044  2586  2586 I GoogleInputMethodService: GoogleInputMethodService.onFinishInput():3306 
07-05 13:52:35.044  2586  2586 I GoogleInputMethodService: GoogleInputMethodService.updateDeviceLockedStatus():2127 repeatCheckTimes = 0, locked = false
07-05 13:52:35.045  2586  2586 I GoogleInputMethodService: GoogleInputMethodService.onStartInput():1909 onStartInput(EditorInfo{inputType=0x0(NULL) imeOptions=0x0 privateImeOptions=null actionName=UNSPECIFIED actionLabel=null actionId=0 initialSelStart=-1 initialSelEnd=-1 initialCapsMode=0x0 hintText=null label=null packageName=com.example.batterymanager_utility fieldId=-1 fieldName=null extras=null hintLocales=[]}, false)
07-05 13:52:35.045  2586  2586 I GoogleInputMethodService: GoogleInputMethodService.shouldHideHeaderOnInitialState():1990 ShouldHideHeaderOnInitialState = false
07-05 13:52:35.045  2586  2586 I GoogleInputMethodService: GoogleInputMethodService.updateDeviceLockedStatus():2127 repeatCheckTimes = 1, locked = false
07-05 13:52:35.053  1705  1881 W ActivityManager: ProcessRecord{cc0379c 0:e.www.httpsrequesttest/u0a199}: ART verification disabled
07-05 13:52:35.053  1705  1881 D ActivityManager: Package [e.www.httpsrequesttest] have process
07-05 13:52:35.054  1705  1881 D ActivityTrigger: ActivityTrigger activityStopTrigger 
07-05 13:52:35.057   562   562 E SELinux : avc:  denied  { find } for interface=vendor.qti.hardware.servicetracker::IServicetracker sid=u:r:system_server:s0 pid=1705 scontext=u:r:system_server:s0 tcontext=u:object_r:default_android_hwservice:s0 tclass=hwservice_manager permissive=0
07-05 13:52:35.059  3498  3498 I A       : onStop
07-05 13:52:35.065   686   686 D Zygote  : Forked child process 31747
07-05 13:52:35.070  1705  1890 I ActivityManager: Start proc 31747:e.www.httpsrequesttest/u0a199 for activity {e.www.httpsrequesttest/e.www.httpsrequesttest.MainActivity}
07-05 13:52:35.071  1705  1890 D ActivityManager: handleProcessStartedLocked mDoneFinishBooting && app.pid != 0 ---> notifyProcessStart, app.processName = e.www.httpsrequesttest, app.info = ApplicationInfo{a0b3746 e.www.httpsrequesttest}, app.hostingType = activity, getHostingName() = ComponentInfo{e.www.httpsrequesttest/e.www.httpsrequesttest.MainActivity}, getIntentFlag() = 0, getIsPackageRunning() = true, app = ProcessRecord{cc0379c 31747:e.www.httpsrequesttest/u0a199}, getExtraData() = null
07-05 13:52:35.073 31747 31747 I ttpsrequesttes: Late-enabling -Xcheck:jni
07-05 13:52:35.110 31747 31747 E ttpsrequesttes: Unknown bits set in runtime_flags: 0x8000
07-05 13:52:35.134  1705  7533 D CompatibilityInfo: mCompatibilityFlags - 0
07-05 13:52:35.134  1705  7533 D CompatibilityInfo: applicationDensity - 420
07-05 13:52:35.134  1705  7533 D CompatibilityInfo: applicationScale - 1.0
07-05 13:52:35.140  1705  7533 D CompatibilityInfo: mCompatibilityFlags - 0
07-05 13:52:35.140  1705  7533 D CompatibilityInfo: applicationDensity - 420
07-05 13:52:35.140  1705  7533 D CompatibilityInfo: applicationScale - 1.0
07-05 13:52:35.142  1705 31766 W IrisConfig: ColorManagerService is not Existed
07-05 13:52:35.144  1705  7533 I qspmsvc-client: inside perf_hint_qspm
07-05 13:52:35.231 31747 31747 I Perf    : Connecting to perf service.
07-05 13:52:35.240   562   562 I hwservicemanager: getTransport: Cannot find entry vendor.qti.hardware.iop@2.0::IIop/default in either framework or device manifest.
07-05 13:52:35.241  1019  1019 E ANDR-IOP: IIop:: Iop HAL Service is not available.
07-05 13:52:35.246 31747 31769 E Perf    : Fail to get file list e.www.httpsrequesttest
07-05 13:52:35.246 31747 31769 E Perf    : getFolderSize() : Exception_1 = java.lang.NullPointerException: Attempt to get length of null array
07-05 13:52:35.246 31747 31769 E Perf    : Fail to get file list e.www.httpsrequesttest
07-05 13:52:35.246 31747 31769 E Perf    : getFolderSize() : Exception_1 = java.lang.NullPointerException: Attempt to get length of null array
07-05 13:52:35.320 31747 31747 W ttpsrequesttes: Accessing hidden method Landroid/view/View;->computeFitSystemWindows(Landroid/graphics/Rect;Landroid/graphics/Rect;)Z (greylist, reflection, allowed)
07-05 13:52:35.321 31747 31747 W ttpsrequesttes: Accessing hidden method Landroid/view/ViewGroup;->makeOptionalFitsSystemWindows()V (greylist, reflection, allowed)
07-05 13:52:35.352  1705  2551 E WindowManager: App trying to use insecure INPUT_FEATURE_NO_INPUT_CHANNEL flag. Ignoring
07-05 13:52:35.374 31747 31773 D NetworkSecurityConfig: No Network Security Config specified, using platform default
07-05 13:52:35.375 31747 31773 I DpmTcmClient: RegisterTcmMonitor from: $Proxy0
07-05 13:52:35.382 31747 31747 W RenderThread: type=1400 audit(0.0:4961): avc: denied { search } for name="kgsl-3d0" dev="sysfs" ino=29187 scontext=u:r:untrusted_app_27:s0:c199,c256,c512,c768 tcontext=u:object_r:sysfs_kgsl:s0 tclass=dir permissive=0
07-05 13:52:35.385 31747 31770 I AdrenoGLES: QUALCOMM build                   : f2ab992, I401605978b
07-05 13:52:35.385 31747 31770 I AdrenoGLES: Build Date                       : 09/28/19
07-05 13:52:35.385 31747 31770 I AdrenoGLES: OpenGL ES Shader Compiler Version: EV031.27.05.01
07-05 13:52:35.385 31747 31770 I AdrenoGLES: Local Branch                     : 
07-05 13:52:35.385 31747 31770 I AdrenoGLES: Remote Branch                    : 
07-05 13:52:35.385 31747 31770 I AdrenoGLES: Remote Branch                    : 
07-05 13:52:35.385 31747 31770 I AdrenoGLES: Reconstruct Branch               : 
07-05 13:52:35.385 31747 31770 I AdrenoGLES: Build Config                     : S L 8.0.11 AArch64
07-05 13:52:35.392 31747 31770 I AdrenoGLES: PFP: 0x005ff112, ME: 0x005ff066
07-05 13:52:35.395 31747 31770 W AdrenoUtils: <ReadGpuID_from_sysfs:194>: Failed to open /sys/class/kgsl/kgsl-3d0/gpu_model
07-05 13:52:35.395 31747 31770 W AdrenoUtils: <ReadGpuID:218>: Failed to read chip ID from gpu_model. Fallback to use the GSL path
07-05 13:52:35.398   562   562 I hwservicemanager: getTransport: Cannot find entry vendor.display.config@1.7::IDisplayConfig/default in either framework or device manifest.
07-05 13:52:35.398   562   562 I hwservicemanager: getTransport: Cannot find entry vendor.display.config@1.7::IDisplayConfig/default in either framework or device manifest.
07-05 13:52:35.414   562   562 I hwservicemanager: getTransport: Cannot find entry android.hardware.graphics.mapper@3.0::IMapper/default in either framework or device manifest.
07-05 13:52:35.414 31747 31770 W Gralloc3: mapper 3.x is not supported
07-05 13:52:35.432  2586  2586 I GoogleInputMethodService: GoogleInputMethodService.onFinishInput():3306 
07-05 13:52:35.433  2586  2586 I GoogleInputMethodService: GoogleInputMethodService.updateDeviceLockedStatus():2127 repeatCheckTimes = 0, locked = false
07-05 13:52:35.433  2586  2586 I GoogleInputMethodService: GoogleInputMethodService.onStartInput():1909 onStartInput(EditorInfo{inputType=0x0(NULL) imeOptions=0x0 privateImeOptions=null actionName=UNSPECIFIED actionLabel=null actionId=0 initialSelStart=-1 initialSelEnd=-1 initialCapsMode=0x0 hintText=null label=null packageName=e.www.httpsrequesttest fieldId=-1 fieldName=null extras=null hintLocales=[]}, false)
07-05 13:52:35.433  2586  2586 I GoogleInputMethodService: GoogleInputMethodService.shouldHideHeaderOnInitialState():1990 ShouldHideHeaderOnInitialState = false
07-05 13:52:35.433  2586  2586 I GoogleInputMethodService: GoogleInputMethodService.updateDeviceLockedStatus():2127 repeatCheckTimes = 1, locked = false
07-05 13:52:35.771  1705  1881 D ActivityTrigger: ActivityTrigger activityStopTrigger 
07-05 13:52:36.470  1705  2551 D CompatibilityInfo: mCompatibilityFlags - 0
07-05 13:52:36.470  1705  2551 D CompatibilityInfo: applicationDensity - 420
07-05 13:52:36.470  1705  2551 D CompatibilityInfo: applicationScale - 1.0
07-05 13:52:36.470   562   562 E SELinux : avc:  denied  { find } for interface=vendor.qti.hardware.servicetracker::IServicetracker sid=u:r:system_server:s0 pid=1705 scontext=u:r:system_server:s0 tcontext=u:object_r:default_android_hwservice:s0 tclass=hwservice_manager permissive=0
07-05 13:52:36.475 31702 31702 I BatteryMgr:DataCollectionService: onStartCommand: begin
07-05 13:52:36.476 31702 31702 I BatteryMgr:DataCollectionService: onStartCommand: sampleRate => 10
07-05 13:52:36.476 31702 31702 I BatteryMgr:DataCollectionService: onStartCommand: rawFields => Timestamp,BATTERY_PROPERTY_CURRENT_NOW,EXTRA_VOLTAGE
07-05 13:52:36.478 31702 31702 I BatteryMgr:DataCollectionService: onStartCommand: notification done
07-05 13:52:36.481 31702 31702 I BatteryMgr:DataCollectionService: started foreground
07-05 13:52:36.481  1705  1889 E NotificationService: Suppressing notification from package by user request.
07-05 13:52:36.481  1705  1889 I ServiceRecord: ServicesRecord broadcast notify intent package = com.example.batterymanager_utility pid = 31702
07-05 13:52:36.489 31702 31800 I BatteryMgr:DataCollectionService: collectData: begin
07-05 13:52:36.492 31702 31800 I BatteryMgr:DataCollectionService: stats => 1688557956492,-480956,4216
07-05 13:52:36.506 31702 31800 I BatteryMgr:DataCollectionService: stats => 1688557956506,-480956,4216
07-05 13:52:36.520 31702 31800 I BatteryMgr:DataCollectionService: stats => 1688557956520,-480956,4216
07-05 13:52:36.533 31702 31800 I BatteryMgr:DataCollectionService: stats => 1688557956533,-363769,4216
07-05 13:52:36.548 31702 31800 I BatteryMgr:DataCollectionService: stats => 1688557956548,-363769,4216
07-05 13:52:36.562 31702 31800 I BatteryMgr:DataCollectionService: stats => 1688557956562,-363769,4216
07-05 13:52:36.577 31702 31800 I BatteryMgr:DataCollectionService: stats => 1688557956577,-363769,4216
07-05 13:52:36.591 31702 31800 I BatteryMgr:DataCollectionService: stats => 1688557956591,-363769,4216
07-05 13:52:36.605 31702 31800 I BatteryMgr:DataCollectionService: stats => 1688557956605,-363769,4216
07-05 13:52:36.618 31702 31800 I BatteryMgr:DataCollectionService: stats => 1688557956618,-363769,4216
07-05 13:52:36.632 31702 31800 I BatteryMgr:DataCollectionService: stats => 1688557956632,-363769,4216
07-05 13:52:36.646 31702 31800 I BatteryMgr:DataCollectionService: stats => 1688557956646,-363769,4216
07-05 13:52:36.661 31702 31800 I BatteryMgr:DataCollectionService: stats => 1688557956660,-363769,4216
07-05 13:52:36.674 31702 31800 I BatteryMgr:DataCollectionService: stats => 1688557956674,-363769,4216
07-05 13:52:36.689 31702 31800 I BatteryMgr:DataCollectionService: stats => 1688557956689,-363769,4216
07-05 13:52:36.703 31702 31800 I BatteryMgr:DataCollectionService: stats => 1688557956703,-363769,4216
07-05 13:52:36.717 31702 31800 I BatteryMgr:DataCollectionService: stats => 1688557956717,-363769,4216
07-05 13:52:36.731 31702 31800 I BatteryMgr:DataCollectionService: stats => 1688557956731,-363769,4216
07-05 13:52:36.744 31702 31800 I BatteryMgr:DataCollectionService: stats => 1688557956744,-363769,4216
07-05 13:52:36.759 31702 31800 I BatteryMgr:DataCollectionService: stats => 1688557956759,-363769,4216
07-05 13:52:36.772 31702 31800 I BatteryMgr:DataCollectionService: stats => 1688557956772,-363769,4216
07-05 13:52:36.786 31702 31800 I BatteryMgr:DataCollectionService: stats => 1688557956786,-363769,4216
07-05 13:52:36.800 31702 31800 I BatteryMgr:DataCollectionService: stats => 1688557956800,-363769,4216
07-05 13:52:36.814 31702 31800 I BatteryMgr:DataCollectionService: stats => 1688557956814,-363769,4216
07-05 13:52:36.830 31702 31800 I BatteryMgr:DataCollectionService: stats => 1688557956830,-363769,4216
07-05 13:52:36.843 31702 31800 I BatteryMgr:DataCollectionService: stats => 1688557956843,-363769,4216
07-05 13:52:36.858 31702 31800 I BatteryMgr:DataCollectionService: stats => 1688557956858,-363769,4216
07-05 13:52:36.872 31702 31800 I BatteryMgr:DataCollectionService: stats => 1688557956872,-363769,4216
07-05 13:52:36.886 31702 31800 I BatteryMgr:DataCollectionService: stats => 1688557956886,-363769,4216
07-05 13:52:36.900 31702 31800 I BatteryMgr:DataCollectionService: stats => 1688557956900,-363769,4216
07-05 13:52:36.913 31702 31800 I BatteryMgr:DataCollectionService: stats => 1688557956913,-363769,4216
07-05 13:52:36.928 31702 31800 I BatteryMgr:DataCollectionService: stats => 1688557956928,-363769,4216
07-05 13:52:36.942 31702 31800 I BatteryMgr:DataCollectionService: stats => 1688557956942,-363769,4216
07-05 13:52:36.956 31702 31800 I BatteryMgr:DataCollectionService: stats => 1688557956955,-363769,4216
07-05 13:52:36.972 31702 31800 I BatteryMgr:DataCollectionService: stats => 1688557956972,-363769,4216
07-05 13:52:36.989 31702 31800 I BatteryMgr:DataCollectionService: stats => 1688557956989,-363769,4216
07-05 13:52:37.007 31702 31800 I BatteryMgr:DataCollectionService: stats => 1688557957006,-363769,4216
07-05 13:52:37.027 31702 31800 I BatteryMgr:DataCollectionService: stats => 1688557957026,-363769,4216
07-05 13:52:37.046 31702 31800 I BatteryMgr:DataCollectionService: stats => 1688557957045,-363769,4216
07-05 13:52:37.066 31702 31800 I BatteryMgr:DataCollectionService: stats => 1688557957066,-363769,4216
07-05 13:52:37.085 31702 31800 I BatteryMgr:DataCollectionService: stats => 1688557957084,-363769,4216
07-05 13:52:37.103 31702 31800 I BatteryMgr:DataCollectionService: stats => 1688557957103,-363769,4216
07-05 13:52:37.121 31702 31800 I BatteryMgr:DataCollectionService: stats => 1688557957121,-363769,4216
07-05 13:52:37.135 31702 31800 I BatteryMgr:DataCollectionService: stats => 1688557957135,-363769,4216
07-05 13:52:37.150 31702 31800 I BatteryMgr:DataCollectionService: stats => 1688557957150,-363769,4216
07-05 13:52:37.164 31702 31800 I BatteryMgr:DataCollectionService: stats => 1688557957163,-363769,4216
07-05 13:52:37.182 31702 31800 I BatteryMgr:DataCollectionService: stats => 1688557957181,-363769,4216
07-05 13:52:37.199 31702 31800 I BatteryMgr:DataCollectionService: stats => 1688557957199,-363769,4216
07-05 13:52:37.222 31702 31800 I BatteryMgr:DataCollectionService: stats => 1688557957222,-363769,4216
07-05 13:52:37.243 31702 31800 I BatteryMgr:DataCollectionService: stats => 1688557957242,-363769,4216
07-05 13:52:37.268 31702 31800 I BatteryMgr:DataCollectionService: stats => 1688557957267,-363769,4216
07-05 13:52:37.287 31702 31800 I BatteryMgr:DataCollectionService: stats => 1688557957287,-363769,4216
07-05 13:52:37.308 31702 31800 I BatteryMgr:DataCollectionService: stats => 1688557957307,-363769,4216
07-05 13:52:37.325 31702 31800 I BatteryMgr:DataCollectionService: stats => 1688557957325,-363769,4216
07-05 13:52:37.342 31702 31800 I BatteryMgr:DataCollectionService: stats => 1688557957342,-363769,4216
07-05 13:52:37.359 31702 31800 I BatteryMgr:DataCollectionService: stats => 1688557957359,-363769,4216
07-05 13:52:37.375 31702 31800 I BatteryMgr:DataCollectionService: stats => 1688557957375,-363769,4216
07-05 13:52:37.393 31702 31800 I BatteryMgr:DataCollectionService: stats => 1688557957393,-363769,4216
07-05 13:52:37.410 31702 31800 I BatteryMgr:DataCollectionService: stats => 1688557957410,-363769,4216
07-05 13:52:37.428 31702 31800 I BatteryMgr:DataCollectionService: stats => 1688557957428,-363769,4216
07-05 13:52:37.449 31702 31800 I BatteryMgr:DataCollectionService: stats => 1688557957449,-363769,4216
07-05 13:52:37.466 31702 31800 I BatteryMgr:DataCollectionService: stats => 1688557957466,-363769,4216
07-05 13:52:37.488 31702 31800 I BatteryMgr:DataCollectionService: stats => 1688557957488,-363769,4216
07-05 13:52:37.509 31702 31800 I BatteryMgr:DataCollectionService: stats => 1688557957509,-363769,4216
07-05 13:52:37.530 31702 31800 I BatteryMgr:DataCollectionService: stats => 1688557957530,-363769,4216
07-05 13:52:37.549 31702 31800 I BatteryMgr:DataCollectionService: stats => 1688557957549,-363769,4216
07-05 13:52:37.565 31702 31800 I BatteryMgr:DataCollectionService: stats => 1688557957565,-363769,4216
07-05 13:52:37.581 31702 31800 I BatteryMgr:DataCollectionService: stats => 1688557957580,-363769,4216
07-05 13:52:37.596 31702 31800 I BatteryMgr:DataCollectionService: stats => 1688557957596,-363769,4216
07-05 13:52:37.612 31702 31800 I BatteryMgr:DataCollectionService: stats => 1688557957611,-363769,4216
07-05 13:52:37.627 31702 31800 I BatteryMgr:DataCollectionService: stats => 1688557957627,-363769,4216
07-05 13:52:37.645 31702 31800 I BatteryMgr:DataCollectionService: stats => 1688557957645,-363769,4216
07-05 13:52:37.664 31702 31800 I BatteryMgr:DataCollectionService: stats => 1688557957664,-363769,4216
07-05 13:52:37.681 31702 31800 I BatteryMgr:DataCollectionService: stats => 1688557957681,-363769,4216
07-05 13:52:37.697 31702 31800 I BatteryMgr:DataCollectionService: stats => 1688557957697,-363769,4216
07-05 13:52:37.715 31702 31800 I BatteryMgr:DataCollectionService: stats => 1688557957715,-363769,4216
07-05 13:52:37.732 31702 31800 I BatteryMgr:DataCollectionService: stats => 1688557957732,-363769,4216
07-05 13:52:37.748 31702 31800 I BatteryMgr:DataCollectionService: stats => 1688557957748,-363769,4216
07-05 13:52:37.765 31702 31800 I BatteryMgr:DataCollectionService: stats => 1688557957765,-363769,4216
07-05 13:52:37.778   562   562 E SELinux : avc:  denied  { find } for interface=vendor.qti.hardware.servicetracker::IServicetracker sid=u:r:system_server:s0 pid=1705 scontext=u:r:system_server:s0 tcontext=u:object_r:default_android_hwservice:s0 tclass=hwservice_manager permissive=0
07-05 13:52:37.784 31702 31800 I BatteryMgr:DataCollectionService: stats => 1688557957784,-363769,4216
07-05 13:52:37.803 31702 31800 I BatteryMgr:DataCollectionService: stats => 1688557957803,-363769,4216
07-05 13:52:37.819 31702 31800 I BatteryMgr:DataCollectionService: stats => 1688557957819,-363769,4216
07-05 13:52:37.836 31702 31800 I BatteryMgr:DataCollectionService: stats => 1688557957836,-363769,4216
07-05 13:52:37.857 31702 31800 I BatteryMgr:DataCollectionService: stats => 1688557957856,-363769,4216
07-05 13:52:37.876 31702 31800 I BatteryMgr:DataCollectionService: stats => 1688557957875,-363769,4216
07-05 13:52:37.893 31702 31800 I BatteryMgr:DataCollectionService: stats => 1688557957893,-363769,4216
07-05 13:52:37.912 31702 31800 I BatteryMgr:DataCollectionService: stats => 1688557957912,-363769,4216
07-05 13:52:37.930 31702 31800 I BatteryMgr:DataCollectionService: stats => 1688557957929,-363769,4216
07-05 13:52:37.948 31702 31800 I BatteryMgr:DataCollectionService: stats => 1688557957948,-363769,4216
07-05 13:52:37.969 31702 31800 I BatteryMgr:DataCollectionService: stats => 1688557957968,-363769,4216
07-05 13:52:37.996 31702 31800 I BatteryMgr:DataCollectionService: stats => 1688557957996,-166992,4216
07-05 13:52:38.016 31702 31800 I BatteryMgr:DataCollectionService: stats => 1688557958015,-166992,4216
07-05 13:52:38.038 31702 31800 I BatteryMgr:DataCollectionService: stats => 1688557958038,-166992,4216
07-05 13:52:38.058 31702 31800 I BatteryMgr:DataCollectionService: stats => 1688557958057,-166992,4216
07-05 13:52:38.080 31702 31800 I BatteryMgr:DataCollectionService: stats => 1688557958080,-166992,4216
07-05 13:52:38.103 31702 31800 I BatteryMgr:DataCollectionService: stats => 1688557958103,-166992,4216
07-05 13:52:38.122 31702 31800 I BatteryMgr:DataCollectionService: stats => 1688557958122,-166992,4216
07-05 13:52:38.140 31702 31800 I BatteryMgr:DataCollectionService: stats => 1688557958140,-166992,4216
07-05 13:52:38.161 31702 31800 I BatteryMgr:DataCollectionService: stats => 1688557958158,-166992,4216
07-05 13:52:38.181 31702 31800 I BatteryMgr:DataCollectionService: stats => 1688557958181,-166992,4216
07-05 13:52:38.203 31702 31800 I BatteryMgr:DataCollectionService: stats => 1688557958202,-166992,4216
07-05 13:52:38.223 31702 31800 I BatteryMgr:DataCollectionService: stats => 1688557958222,-166992,4216
07-05 13:52:38.241 31702 31800 I BatteryMgr:DataCollectionService: stats => 1688557958241,-166992,4216
07-05 13:52:38.259 31702 31800 I BatteryMgr:DataCollectionService: stats => 1688557958259,-166992,4216
07-05 13:52:38.277 31702 31800 I BatteryMgr:DataCollectionService: stats => 1688557958277,-166992,4216
07-05 13:52:38.299 31702 31800 I BatteryMgr:DataCollectionService: stats => 1688557958299,-166992,4216
07-05 13:52:38.318 31702 31800 I BatteryMgr:DataCollectionService: stats => 1688557958317,-166992,4216
07-05 13:52:38.340 31702 31800 I BatteryMgr:DataCollectionService: stats => 1688557958340,-166992,4216
07-05 13:52:38.359 31702 31800 I BatteryMgr:DataCollectionService: stats => 1688557958359,-166992,4216
07-05 13:52:38.386 31702 31800 I BatteryMgr:DataCollectionService: stats => 1688557958386,-166992,4216
07-05 13:52:38.402 31702 31800 I BatteryMgr:DataCollectionService: stats => 1688557958402,-166992,4216
07-05 13:52:38.417 31702 31800 I BatteryMgr:DataCollectionService: stats => 1688557958417,-166992,4216
07-05 13:52:38.433 31702 31800 I BatteryMgr:DataCollectionService: stats => 1688557958433,-166992,4216
07-05 13:52:38.451 31702 31800 I BatteryMgr:DataCollectionService: stats => 1688557958451,-166992,4216
07-05 13:52:38.470 31702 31800 I BatteryMgr:DataCollectionService: stats => 1688557958470,-166992,4216
07-05 13:52:38.491 31702 31800 I BatteryMgr:DataCollectionService: stats => 1688557958490,-166992,4216
07-05 13:52:38.506 31702 31800 I BatteryMgr:DataCollectionService: stats => 1688557958506,-166992,4216
07-05 13:52:38.533 31702 31800 I BatteryMgr:DataCollectionService: stats => 1688557958533,-166992,4216
07-05 13:52:38.554 31702 31800 I BatteryMgr:DataCollectionService: stats => 1688557958554,-166992,4216
07-05 13:52:38.579 31702 31800 I BatteryMgr:DataCollectionService: stats => 1688557958578,-166992,4216
07-05 13:52:38.599 31702 31800 I BatteryMgr:DataCollectionService: stats => 1688557958599,-166992,4216
07-05 13:52:38.620 31702 31800 I BatteryMgr:DataCollectionService: stats => 1688557958620,-166992,4216
07-05 13:52:38.639 31702 31800 I BatteryMgr:DataCollectionService: stats => 1688557958639,-166992,4216
07-05 13:52:38.660 31702 31800 I BatteryMgr:DataCollectionService: stats => 1688557958660,-166992,4216
07-05 13:52:38.681 31702 31800 I BatteryMgr:DataCollectionService: stats => 1688557958681,-166992,4216
07-05 13:52:38.700 31702 31800 I BatteryMgr:DataCollectionService: stats => 1688557958700,-166992,4216
07-05 13:52:38.721 31702 31800 I BatteryMgr:DataCollectionService: stats => 1688557958721,-166992,4216
07-05 13:52:38.744 31702 31800 I BatteryMgr:DataCollectionService: stats => 1688557958744,-166992,4216
07-05 13:52:38.767 31702 31800 I BatteryMgr:DataCollectionService: stats => 1688557958767,-166992,4216
07-05 13:52:38.785 31702 31800 I BatteryMgr:DataCollectionService: stats => 1688557958785,-166992,4216
07-05 13:52:38.802 31702 31800 I BatteryMgr:DataCollectionService: stats => 1688557958802,-166992,4216
07-05 13:52:38.818 31702 31800 I BatteryMgr:DataCollectionService: stats => 1688557958818,-166992,4216
07-05 13:52:38.836 31702 31800 I BatteryMgr:DataCollectionService: stats => 1688557958835,-166992,4216
07-05 13:52:38.854 31702 31800 I BatteryMgr:DataCollectionService: stats => 1688557958854,-166992,4216
07-05 13:52:38.873 31702 31800 I BatteryMgr:DataCollectionService: stats => 1688557958873,-166992,4216
07-05 13:52:38.893 31702 31800 I BatteryMgr:DataCollectionService: stats => 1688557958893,-166992,4216
07-05 13:52:38.910 31702 31800 I BatteryMgr:DataCollectionService: stats => 1688557958910,-166992,4216
07-05 13:52:38.926 31702 31800 I BatteryMgr:DataCollectionService: stats => 1688557958925,-166992,4216
07-05 13:52:38.942 31702 31800 I BatteryMgr:DataCollectionService: stats => 1688557958942,-166992,4216
07-05 13:52:38.953   562   562 E SELinux : avc:  denied  { find } for interface=vendor.qti.hardware.servicetracker::IServicetracker sid=u:r:system_server:s0 pid=1705 scontext=u:r:system_server:s0 tcontext=u:object_r:default_android_hwservice:s0 tclass=hwservice_manager permissive=0
07-05 13:52:38.961 31702 31800 I BatteryMgr:DataCollectionService: stats => 1688557958961,-166992,4216
07-05 13:52:38.979 31702 31800 I BatteryMgr:DataCollectionService: stats => 1688557958979,-166992,4216
07-05 13:52:38.997 31702 31800 I BatteryMgr:DataCollectionService: stats => 1688557958997,-166992,4216
07-05 13:52:39.014 31702 31800 I BatteryMgr:DataCollectionService: stats => 1688557959014,-166992,4216
07-05 13:52:39.037 31702 31800 I BatteryMgr:DataCollectionService: stats => 1688557959036,-166992,4216
07-05 13:52:39.060 31702 31800 I BatteryMgr:DataCollectionService: stats => 1688557959059,-166992,4216
07-05 13:52:39.077 31702 31800 I BatteryMgr:DataCollectionService: stats => 1688557959077,-166992,4216
07-05 13:52:39.098 31702 31800 I BatteryMgr:DataCollectionService: stats => 1688557959098,-166992,4216
07-05 13:52:39.126 31702 31800 I BatteryMgr:DataCollectionService: stats => 1688557959125,-166992,4216
07-05 13:52:39.141 31702 31800 I BatteryMgr:DataCollectionService: stats => 1688557959141,-166992,4216
07-05 13:52:39.155 31702 31800 I BatteryMgr:DataCollectionService: stats => 1688557959155,-166992,4216
07-05 13:52:39.177 31702 31800 I BatteryMgr:DataCollectionService: stats => 1688557959176,-166992,4216
07-05 13:52:39.195 31702 31800 I BatteryMgr:DataCollectionService: stats => 1688557959195,-166992,4216
07-05 13:52:39.218 31702 31800 I BatteryMgr:DataCollectionService: stats => 1688557959217,-166992,4216
07-05 13:52:39.236 31702 31800 I BatteryMgr:DataCollectionService: stats => 1688557959236,-166992,4216
07-05 13:52:39.259 31702 31800 I BatteryMgr:DataCollectionService: stats => 1688557959259,-166992,4216
07-05 13:52:39.280 31702 31800 I BatteryMgr:DataCollectionService: stats => 1688557959280,-166992,4216
07-05 13:52:39.299 31702 31800 I BatteryMgr:DataCollectionService: stats => 1688557959299,-166992,4216
07-05 13:52:39.319 31702 31800 I BatteryMgr:DataCollectionService: stats => 1688557959319,-166992,4216
07-05 13:52:39.339 31702 31800 I BatteryMgr:DataCollectionService: stats => 1688557959338,-166992,4216
07-05 13:52:39.354 31702 31800 I BatteryMgr:DataCollectionService: stats => 1688557959354,-166992,4216
07-05 13:52:39.369 31702 31800 I BatteryMgr:DataCollectionService: stats => 1688557959369,-166992,4216
07-05 13:52:39.384 31702 31800 I BatteryMgr:DataCollectionService: stats => 1688557959384,-166992,4216
07-05 13:52:39.399 31702 31800 I BatteryMgr:DataCollectionService: stats => 1688557959399,-166992,4216
07-05 13:52:39.417 31702 31800 I BatteryMgr:DataCollectionService: stats => 1688557959416,-166992,4216
07-05 13:52:39.429  3311  5014 D FileOperator: Mode change to WRITE_MODE!
07-05 13:52:39.432 31702 31800 I BatteryMgr:DataCollectionService: stats => 1688557959431,-166992,4216
07-05 13:52:39.445 31702 31800 I BatteryMgr:DataCollectionService: stats => 1688557959445,-199218,4216
07-05 13:52:39.459 31702 31800 I BatteryMgr:DataCollectionService: stats => 1688557959459,-199218,4216
07-05 13:52:39.478 31702 31800 I BatteryMgr:DataCollectionService: stats => 1688557959478,-199218,4216
07-05 13:52:39.499 31702 31800 I BatteryMgr:DataCollectionService: stats => 1688557959499,-199218,4216
07-05 13:52:39.518 31702 31800 I BatteryMgr:DataCollectionService: stats => 1688557959518,-199218,4216
07-05 13:52:39.538 31702 31800 I BatteryMgr:DataCollectionService: stats => 1688557959538,-199218,4216
07-05 13:52:39.559 31702 31800 I BatteryMgr:DataCollectionService: stats => 1688557959559,-199218,4216
07-05 13:52:39.577 31702 31800 I BatteryMgr:DataCollectionService: stats => 1688557959576,-199218,4216
07-05 13:52:39.602 31702 31800 I BatteryMgr:DataCollectionService: stats => 1688557959602,-199218,4216
07-05 13:52:39.630 31702 31800 I BatteryMgr:DataCollectionService: stats => 1688557959630,-199218,4216
07-05 13:52:39.652 31702 31800 I BatteryMgr:DataCollectionService: stats => 1688557959652,-199218,4216
07-05 13:52:39.675 31702 31800 I BatteryMgr:DataCollectionService: stats => 1688557959675,-199218,4216
07-05 13:52:39.683 31702 31807 D ProfileInstaller: Installing profile for com.example.batterymanager_utility
07-05 13:52:39.694 31702 31800 I BatteryMgr:DataCollectionService: stats => 1688557959694,-199218,4216
07-05 13:52:39.709 31702 31800 I BatteryMgr:DataCollectionService: stats => 1688557959709,-199218,4216
07-05 13:52:39.725 31702 31800 I BatteryMgr:DataCollectionService: stats => 1688557959725,-199218,4216
07-05 13:52:39.743 31702 31800 I BatteryMgr:DataCollectionService: stats => 1688557959743,-199218,4216
07-05 13:52:39.768 31702 31800 I BatteryMgr:DataCollectionService: stats => 1688557959768,-199218,4216
07-05 13:52:39.785 31702 31800 I BatteryMgr:DataCollectionService: stats => 1688557959784,-199218,4216
07-05 13:52:39.803 31702 31800 I BatteryMgr:DataCollectionService: stats => 1688557959803,-199218,4216
07-05 13:52:39.820 31702 31800 I BatteryMgr:DataCollectionService: stats => 1688557959820,-199218,4216
07-05 13:52:39.839 31702 31800 I BatteryMgr:DataCollectionService: stats => 1688557959838,-199218,4216
07-05 13:52:39.860 31702 31800 I BatteryMgr:DataCollectionService: stats => 1688557959860,-199218,4216
07-05 13:52:39.878 31702 31800 I BatteryMgr:DataCollectionService: stats => 1688557959878,-199218,4216
07-05 13:52:39.902 31702 31800 I BatteryMgr:DataCollectionService: stats => 1688557959902,-199218,4216
07-05 13:52:39.920 31702 31800 I BatteryMgr:DataCollectionService: stats => 1688557959920,-199218,4216
07-05 13:52:39.939 31702 31800 I BatteryMgr:DataCollectionService: stats => 1688557959938,-199218,4216
07-05 13:52:39.959 31702 31800 I BatteryMgr:DataCollectionService: stats => 1688557959959,-199218,4216
07-05 13:52:39.988 31702 31800 I BatteryMgr:DataCollectionService: stats => 1688557959987,-199218,4216
07-05 13:52:40.008 31702 31800 I BatteryMgr:DataCollectionService: stats => 1688557960008,-199218,4216
07-05 13:52:40.025 31702 31800 I BatteryMgr:DataCollectionService: stats => 1688557960025,-199218,4216
07-05 13:52:40.044 31702 31800 I BatteryMgr:DataCollectionService: stats => 1688557960044,-199218,4216
07-05 13:52:40.068 31702 31800 I BatteryMgr:DataCollectionService: stats => 1688557960068,-199218,4216
07-05 13:52:40.085 31702 31800 I BatteryMgr:DataCollectionService: stats => 1688557960085,-199218,4216
07-05 13:52:40.101 31702 31800 I BatteryMgr:DataCollectionService: stats => 1688557960101,-199218,4216
07-05 13:52:40.118 31702 31800 I BatteryMgr:DataCollectionService: stats => 1688557960118,-199218,4216
07-05 13:52:40.133 31702 31800 I BatteryMgr:DataCollectionService: stats => 1688557960132,-199218,4216
07-05 13:52:40.146 31702 31800 I BatteryMgr:DataCollectionService: stats => 1688557960146,-199218,4216
07-05 13:52:40.168 31702 31800 I BatteryMgr:DataCollectionService: stats => 1688557960167,-199218,4216
07-05 13:52:40.181 31702 31800 I BatteryMgr:DataCollectionService: stats => 1688557960181,-199218,4216
07-05 13:52:40.194 31702 31800 I BatteryMgr:DataCollectionService: stats => 1688557960194,-199218,4216
07-05 13:52:40.208 31702 31800 I BatteryMgr:DataCollectionService: stats => 1688557960208,-199218,4216
07-05 13:52:40.216  3311  5014 D FileOperator: Mode change to WRITE_MODE!
07-05 13:52:40.221 31702 31800 I BatteryMgr:DataCollectionService: stats => 1688557960221,-199218,4216
07-05 13:52:40.235 31702 31800 I BatteryMgr:DataCollectionService: stats => 1688557960235,-199218,4216
07-05 13:52:40.249 31702 31800 I BatteryMgr:DataCollectionService: stats => 1688557960249,-199218,4216
07-05 13:52:40.262 31702 31800 I BatteryMgr:DataCollectionService: stats => 1688557960262,-199218,4216
07-05 13:52:40.277 31702 31800 I BatteryMgr:DataCollectionService: stats => 1688557960277,-199218,4216
07-05 13:52:40.290 31702 31800 I BatteryMgr:DataCollectionService: stats => 1688557960290,-199218,4216
07-05 13:52:40.303 31702 31800 I BatteryMgr:DataCollectionService: stats => 1688557960303,-199218,4216
07-05 13:52:40.317 31702 31800 I BatteryMgr:DataCollectionService: stats => 1688557960317,-199218,4216
07-05 13:52:40.332 31702 31800 I BatteryMgr:DataCollectionService: stats => 1688557960332,-199218,4216
07-05 13:52:40.345 31702 31800 I BatteryMgr:DataCollectionService: stats => 1688557960345,-199218,4216
07-05 13:52:40.359 31702 31800 I BatteryMgr:DataCollectionService: stats => 1688557960359,-199218,4216
07-05 13:52:40.372 31702 31800 I BatteryMgr:DataCollectionService: stats => 1688557960372,-199218,4216
07-05 13:52:40.385 31702 31800 I BatteryMgr:DataCollectionService: stats => 1688557960385,-199218,4216
07-05 13:52:40.399 31702 31800 I BatteryMgr:DataCollectionService: stats => 1688557960399,-199218,4216
07-05 13:52:40.423 31702 31800 I BatteryMgr:DataCollectionService: stats => 1688557960422,-199218,4216
07-05 13:52:40.442 31702 31800 I BatteryMgr:DataCollectionService: stats => 1688557960442,-199218,4216
07-05 13:52:40.461 31702 31800 I BatteryMgr:DataCollectionService: stats => 1688557960461,-199218,4216
07-05 13:52:40.479 31702 31800 I BatteryMgr:DataCollectionService: stats => 1688557960479,-199218,4216
07-05 13:52:40.503 31702 31800 I BatteryMgr:DataCollectionService: stats => 1688557960503,-199218,4216
07-05 13:52:40.527 31702 31800 I BatteryMgr:DataCollectionService: stats => 1688557960526,-199218,4216
07-05 13:52:40.549 31702 31800 I BatteryMgr:DataCollectionService: stats => 1688557960549,-199218,4216
07-05 13:52:40.569 31702 31800 I BatteryMgr:DataCollectionService: stats => 1688557960569,-199218,4216
07-05 13:52:40.589 31702 31800 I BatteryMgr:DataCollectionService: stats => 1688557960589,-199218,4216
07-05 13:52:40.608 31702 31800 I BatteryMgr:DataCollectionService: stats => 1688557960608,-199218,4216
07-05 13:52:40.629 31702 31800 I BatteryMgr:DataCollectionService: stats => 1688557960629,-199218,4216
07-05 13:52:40.650 31702 31800 I BatteryMgr:DataCollectionService: stats => 1688557960650,-199218,4216
07-05 13:52:40.668 31702 31800 I BatteryMgr:DataCollectionService: stats => 1688557960667,-199218,4216
07-05 13:52:40.689 31702 31800 I BatteryMgr:DataCollectionService: stats => 1688557960689,-199218,4216
07-05 13:52:40.708 31702 31800 I BatteryMgr:DataCollectionService: stats => 1688557960708,-199218,4216
07-05 13:52:40.735 31702 31800 I BatteryMgr:DataCollectionService: stats => 1688557960735,-199218,4216
07-05 13:52:40.758 31702 31800 I BatteryMgr:DataCollectionService: stats => 1688557960758,-199218,4216
07-05 13:52:40.778 31702 31800 I BatteryMgr:DataCollectionService: stats => 1688557960777,-199218,4216
07-05 13:52:40.800 31702 31800 I BatteryMgr:DataCollectionService: stats => 1688557960800,-199218,4216
07-05 13:52:40.819 31702 31800 I BatteryMgr:DataCollectionService: stats => 1688557960819,-199218,4216
07-05 13:52:40.839 31702 31800 I BatteryMgr:DataCollectionService: stats => 1688557960839,-199218,4216
07-05 13:52:40.859 31702 31800 I BatteryMgr:DataCollectionService: stats => 1688557960858,-199218,4216
07-05 13:52:40.879 31702 31800 I BatteryMgr:DataCollectionService: stats => 1688557960879,-199218,4216
07-05 13:52:40.899 31702 31800 I BatteryMgr:DataCollectionService: stats => 1688557960898,-199218,4216
07-05 13:52:40.919 31702 31800 I BatteryMgr:DataCollectionService: stats => 1688557960919,-125488,4216
07-05 13:52:40.946 31702 31800 I BatteryMgr:DataCollectionService: stats => 1688557960945,-125488,4216
07-05 13:52:40.968 31702 31800 I BatteryMgr:DataCollectionService: stats => 1688557960968,-125488,4216
07-05 13:52:40.989 31702 31800 I BatteryMgr:DataCollectionService: stats => 1688557960989,-125488,4216
07-05 13:52:41.010 31702 31800 I BatteryMgr:DataCollectionService: stats => 1688557961010,-125488,4216
07-05 13:52:41.032 31702 31800 I BatteryMgr:DataCollectionService: stats => 1688557961032,-125488,4216
07-05 13:52:41.058 31702 31800 I BatteryMgr:DataCollectionService: stats => 1688557961052,-125488,4216
07-05 13:52:41.079 31702 31800 I BatteryMgr:DataCollectionService: stats => 1688557961078,-125488,4216
07-05 13:52:41.099 31702 31800 I BatteryMgr:DataCollectionService: stats => 1688557961099,-125488,4216
07-05 13:52:41.119 31702 31800 I BatteryMgr:DataCollectionService: stats => 1688557961119,-125488,4216
07-05 13:52:41.137 31702 31800 I BatteryMgr:DataCollectionService: stats => 1688557961136,-125488,4216
07-05 13:52:41.154 31702 31800 I BatteryMgr:DataCollectionService: stats => 1688557961153,-125488,4216
07-05 13:52:41.170 31702 31800 I BatteryMgr:DataCollectionService: stats => 1688557961170,-125488,4216
07-05 13:52:41.185 31702 31800 I BatteryMgr:DataCollectionService: stats => 1688557961185,-125488,4216
07-05 13:52:41.204 31702 31800 I BatteryMgr:DataCollectionService: stats => 1688557961204,-125488,4216
07-05 13:52:41.221 31702 31800 I BatteryMgr:DataCollectionService: stats => 1688557961221,-125488,4216
07-05 13:52:41.238 31702 31800 I BatteryMgr:DataCollectionService: stats => 1688557961238,-125488,4216
07-05 13:52:41.255 31702 31800 I BatteryMgr:DataCollectionService: stats => 1688557961254,-125488,4216
07-05 13:52:41.273 31702 31800 I BatteryMgr:DataCollectionService: stats => 1688557961272,-125488,4216
07-05 13:52:41.289 31702 31800 I BatteryMgr:DataCollectionService: stats => 1688557961289,-125488,4216
07-05 13:52:41.305 31702 31800 I BatteryMgr:DataCollectionService: stats => 1688557961305,-125488,4216
07-05 13:52:41.327 31702 31800 I BatteryMgr:DataCollectionService: stats => 1688557961326,-125488,4216
07-05 13:52:41.345 31702 31800 I BatteryMgr:DataCollectionService: stats => 1688557961345,-125488,4216
07-05 13:52:41.361 31702 31800 I BatteryMgr:DataCollectionService: stats => 1688557961361,-125488,4216
07-05 13:52:41.394 31702 31800 I BatteryMgr:DataCollectionService: stats => 1688557961394,-125488,4216
07-05 13:52:41.414 31702 31800 I BatteryMgr:DataCollectionService: stats => 1688557961414,-125488,4216
07-05 13:52:41.433 31702 31800 I BatteryMgr:DataCollectionService: stats => 1688557961433,-125488,4216
07-05 13:52:41.452 31702 31800 I BatteryMgr:DataCollectionService: stats => 1688557961451,-125488,4216
07-05 13:52:41.477 31702 31800 I BatteryMgr:DataCollectionService: stats => 1688557961477,-125488,4216
07-05 13:52:41.495 31702 31800 I BatteryMgr:DataCollectionService: stats => 1688557961495,-125488,4216
