07-04 19:44:46.878 21747 21747 I zygote64:   at void com.android.internal.os.ZygoteInit.main(java.lang.String[]) (ZygoteInit.java:1374)
07-04 19:44:46.878 21747 21747 I zygote64: Caused by: java.lang.ClassNotFoundException: Didn't find class "android.view.View$OnUnhandledKeyEventListener" on path: DexPathList[[zip file "/data/app/e.www.writeroomtest-KP2ooj7-roWGICkPGf-4Yw==/base.apk"],nativeLibraryDirectories=[/data/app/e.www.writeroomtest-KP2ooj7-roWGICkPGf-4Yw==/lib/arm64, /system/lib64, /vendor/lib64]]
07-04 19:44:46.878 21747 21747 I zygote64:   at java.lang.Class dalvik.system.BaseDexClassLoader.findClass(java.lang.String) (BaseDexClassLoader.java:93)
07-04 19:44:46.878 21747 21747 I zygote64:   at java.lang.Class java.lang.ClassLoader.loadClass(java.lang.String, boolean) (ClassLoader.java:379)
07-04 19:44:46.878 21747 21747 I zygote64:   at java.lang.Class java.lang.ClassLoader.loadClass(java.lang.String) (ClassLoader.java:312)
07-04 19:44:46.878 21747 21747 I zygote64:   at void androidx.core.view.ViewCompat.setOnApplyWindowInsetsListener(android.view.View, androidx.core.view.OnApplyWindowInsetsListener) (ViewCompat.java:2436)
07-04 19:44:46.878 21747 21747 I zygote64:   at android.view.ViewGroup androidx.appcompat.app.AppCompatDelegateImpl.createSubDecor() (AppCompatDelegateImpl.java:779)
07-04 19:44:46.878 21747 21747 I zygote64:   at void androidx.appcompat.app.AppCompatDelegateImpl.ensureSubDecor() (AppCompatDelegateImpl.java:659)
07-04 19:44:46.878 21747 21747 I zygote64:   at void androidx.appcompat.app.AppCompatDelegateImpl.setContentView(int) (AppCompatDelegateImpl.java:552)
07-04 19:44:46.878 21747 21747 I zygote64:   at void androidx.appcompat.app.AppCompatActivity.setContentView(int) (AppCompatActivity.java:161)
07-04 19:44:46.878 21747 21747 I zygote64:   at void e.www.writeroomtest.MainActivity.onCreate(android.os.Bundle) (MainActivity.kt:27)
07-04 19:44:46.878 21747 21747 I zygote64:   at void android.app.Activity.performCreate(android.os.Bundle) (Activity.java:7174)
07-04 19:44:46.878 21747 21747 I zygote64:   at void android.app.Instrumentation.callActivityOnCreate(android.app.Activity, android.os.Bundle) (Instrumentation.java:1220)
07-04 19:44:46.878 21747 21747 I zygote64:   at android.app.Activity android.app.ActivityThread.performLaunchActivity(android.app.ActivityThread$ActivityClientRecord, android.content.Intent) (ActivityThread.java:2910)
07-04 19:44:46.878 21747 21747 I zygote64:   at void android.app.ActivityThread.handleLaunchActivity(android.app.ActivityThread$ActivityClientRecord, android.content.Intent, java.lang.String) (ActivityThread.java:3032)
07-04 19:44:46.878 21747 21747 I zygote64:   at void android.app.ActivityThread.-wrap11(android.app.ActivityThread, android.app.ActivityThread$ActivityClientRecord, android.content.Intent, java.lang.String) (ActivityThread.java:-1)
07-04 19:44:46.878 21747 21747 I zygote64:   at void android.app.ActivityThread$H.handleMessage(android.os.Message) (ActivityThread.java:1696)
07-04 19:44:46.878 21747 21747 I zygote64:   at void android.os.Handler.dispatchMessage(android.os.Message) (Handler.java:105)
07-04 19:44:46.878 21747 21747 I zygote64:   at void android.os.Looper.loop() (Looper.java:164)
07-04 19:44:46.878 21747 21747 I zygote64:   at void android.app.ActivityThread.main(java.lang.String[]) (ActivityThread.java:6940)
07-04 19:44:46.878 21747 21747 I zygote64:   at java.lang.Object java.lang.reflect.Method.invoke(java.lang.Object, java.lang.Object[]) (Method.java:-2)
07-04 19:44:46.878 21747 21747 I zygote64:   at void com.android.internal.os.Zygote$MethodAndArgsCaller.run() (Zygote.java:327)
07-04 19:44:46.878 21747 21747 I zygote64:   at void com.android.internal.os.ZygoteInit.main(java.lang.String[]) (ZygoteInit.java:1374)
07-04 19:44:46.878 21747 21747 I zygote64: 
07-04 19:44:46.878 21747 21747 I zygote64: Rejecting re-init on previously-failed class java.lang.Class<androidx.core.view.ViewCompat$2>: java.lang.NoClassDefFoundError: Failed resolution of: Landroid/view/View$OnUnhandledKeyEventListener;
07-04 19:44:46.878 21747 21747 I zygote64:   at void androidx.core.view.ViewCompat.setOnApplyWindowInsetsListener(android.view.View, androidx.core.view.OnApplyWindowInsetsListener) (ViewCompat.java:2436)
07-04 19:44:46.878 21747 21747 I zygote64:   at android.view.ViewGroup androidx.appcompat.app.AppCompatDelegateImpl.createSubDecor() (AppCompatDelegateImpl.java:779)
07-04 19:44:46.878 21747 21747 I zygote64:   at void androidx.appcompat.app.AppCompatDelegateImpl.ensureSubDecor() (AppCompatDelegateImpl.java:659)
07-04 19:44:46.878 21747 21747 I zygote64:   at void androidx.appcompat.app.AppCompatDelegateImpl.setContentView(int) (AppCompatDelegateImpl.java:552)
07-04 19:44:46.878 21747 21747 I zygote64:   at void androidx.appcompat.app.AppCompatActivity.setContentView(int) (AppCompatActivity.java:161)
07-04 19:44:46.878 21747 21747 I zygote64:   at void e.www.writeroomtest.MainActivity.onCreate(android.os.Bundle) (MainActivity.kt:27)
07-04 19:44:46.878 21747 21747 I zygote64:   at void android.app.Activity.performCreate(android.os.Bundle) (Activity.java:7174)
07-04 19:44:46.878 21747 21747 I zygote64:   at void android.app.Instrumentation.callActivityOnCreate(android.app.Activity, android.os.Bundle) (Instrumentation.java:1220)
07-04 19:44:46.878 21747 21747 I zygote64:   at android.app.Activity android.app.ActivityThread.performLaunchActivity(android.app.ActivityThread$ActivityClientRecord, android.content.Intent) (ActivityThread.java:2910)
07-04 19:44:46.878 21747 21747 I zygote64:   at void android.app.ActivityThread.handleLaunchActivity(android.app.ActivityThread$ActivityClientRecord, android.content.Intent, java.lang.String) (ActivityThread.java:3032)
07-04 19:44:46.878 21747 21747 I zygote64:   at void android.app.ActivityThread.-wrap11(android.app.ActivityThread, android.app.ActivityThread$ActivityClientRecord, android.content.Intent, java.lang.String) (ActivityThread.java:-1)
07-04 19:44:46.878 21747 21747 I zygote64:   at void android.app.ActivityThread$H.handleMessage(android.os.Message) (ActivityThread.java:1696)
07-04 19:44:46.878 21747 21747 I zygote64:   at void android.os.Handler.dispatchMessage(android.os.Message) (Handler.java:105)
07-04 19:44:46.878 21747 21747 I zygote64:   at void android.os.Looper.loop() (Looper.java:164)
07-04 19:44:46.878 21747 21747 I zygote64:   at void android.app.ActivityThread.main(java.lang.String[]) (ActivityThread.java:6940)
07-04 19:44:46.878 21747 21747 I zygote64:   at java.lang.Object java.lang.reflect.Method.invoke(java.lang.Object, java.lang.Object[]) (Method.java:-2)
07-04 19:44:46.878 21747 21747 I zygote64:   at void com.android.internal.os.Zygote$MethodAndArgsCaller.run() (Zygote.java:327)
07-04 19:44:46.878 21747 21747 I zygote64:   at void com.android.internal.os.ZygoteInit.main(java.lang.String[]) (ZygoteInit.java:1374)
07-04 19:44:46.878 21747 21747 I zygote64: Caused by: java.lang.ClassNotFoundException: Didn't find class "android.view.View$OnUnhandledKeyEventListener" on path: DexPathList[[zip file "/data/app/e.www.writeroomtest-KP2ooj7-roWGICkPGf-4Yw==/base.apk"],nativeLibraryDirectories=[/data/app/e.www.writeroomtest-KP2ooj7-roWGICkPGf-4Yw==/lib/arm64, /system/lib64, /vendor/lib64]]
07-04 19:44:46.878 21747 21747 I zygote64:   at java.lang.Class dalvik.system.BaseDexClassLoader.findClass(java.lang.String) (BaseDexClassLoader.java:93)
07-04 19:44:46.878 21747 21747 I zygote64:   at java.lang.Class java.lang.ClassLoader.loadClass(java.lang.String, boolean) (ClassLoader.java:379)
07-04 19:44:46.878 21747 21747 I zygote64:   at java.lang.Class java.lang.ClassLoader.loadClass(java.lang.String) (ClassLoader.java:312)
07-04 19:44:46.878 21747 21747 I zygote64:   at void androidx.core.view.ViewCompat.setOnApplyWindowInsetsListener(android.view.View, androidx.core.view.OnApplyWindowInsetsListener) (ViewCompat.java:2436)
07-04 19:44:46.878 21747 21747 I zygote64:   at android.view.ViewGroup androidx.appcompat.app.AppCompatDelegateImpl.createSubDecor() (AppCompatDelegateImpl.java:779)
07-04 19:44:46.878 21747 21747 I zygote64:   at void androidx.appcompat.app.AppCompatDelegateImpl.ensureSubDecor() (AppCompatDelegateImpl.java:659)
07-04 19:44:46.878 21747 21747 I zygote64:   at void androidx.appcompat.app.AppCompatDelegateImpl.setContentView(int) (AppCompatDelegateImpl.java:552)
07-04 19:44:46.878 21747 21747 I zygote64:   at void androidx.appcompat.app.AppCompatActivity.setContentView(int) (AppCompatActivity.java:161)
07-04 19:44:46.878 21747 21747 I zygote64:   at void e.www.writeroomtest.MainActivity.onCreate(android.os.Bundle) (MainActivity.kt:27)
07-04 19:44:46.878 21747 21747 I zygote64:   at void android.app.Activity.performCreate(android.os.Bundle) (Activity.java:7174)
07-04 19:44:46.878 21747 21747 I zygote64:   at void android.app.Instrumentation.callActivityOnCreate(android.app.Activity, android.os.Bundle) (Instrumentation.java:1220)
07-04 19:44:46.878 21747 21747 I zygote64:   at android.app.Activity android.app.ActivityThread.performLaunchActivity(android.app.ActivityThread$ActivityClientRecord, android.content.Intent) (ActivityThread.java:2910)
07-04 19:44:46.878 21747 21747 I zygote64:   at void android.app.ActivityThread.handleLaunchActivity(android.app.ActivityThread$ActivityClientRecord, android.content.Intent, java.lang.String) (ActivityThread.java:3032)
07-04 19:44:46.878 21747 21747 I zygote64:   at void android.app.ActivityThread.-wrap11(android.app.ActivityThread, android.app.ActivityThread$ActivityClientRecord, android.content.Intent, java.lang.String) (ActivityThread.java:-1)
07-04 19:44:46.878 21747 21747 I zygote64:   at void android.app.ActivityThread$H.handleMessage(android.os.Message) (ActivityThread.java:1696)
07-04 19:44:46.878 21747 21747 I zygote64:   at void android.os.Handler.dispatchMessage(android.os.Message) (Handler.java:105)
07-04 19:44:46.878 21747 21747 I zygote64:   at void android.os.Looper.loop() (Looper.java:164)
07-04 19:44:46.878 21747 21747 I zygote64:   at void android.app.ActivityThread.main(java.lang.String[]) (ActivityThread.java:6940)
07-04 19:44:46.878 21747 21747 I zygote64:   at java.lang.Object java.lang.reflect.Method.invoke(java.lang.Object, java.lang.Object[]) (Method.java:-2)
07-04 19:44:46.878 21747 21747 I zygote64:   at void com.android.internal.os.Zygote$MethodAndArgsCaller.run() (Zygote.java:327)
07-04 19:44:46.878 21747 21747 I zygote64:   at void com.android.internal.os.ZygoteInit.main(java.lang.String[]) (ZygoteInit.java:1374)
07-04 19:44:46.878 21747 21747 I zygote64: 
07-04 19:44:46.911  3960  4084 D MdnieScenarioControlService:  packageName : e.www.writeroomtest    className : e.www.writeroomtest.MainActivity
07-04 19:44:46.911  3960  4084 V MdnieScenarioControlService: setUIMode from UI function(3)
07-04 19:44:46.957 21747 21765 D OpenGLRenderer: HWUI GL Pipeline
07-04 19:44:46.963 21747 21747 D ViewRootImpl@de84e43[MainActivity]: setView = DecorView@e93ecc0[MainActivity] TM=true MM=false
07-04 19:44:46.964  3960  3971 D ActivityManager: post active user change for 0 fullscreen true isHomeActivity() false
07-04 19:44:46.990  3445  3445 I SurfaceFlinger: Display 0 HWC layers:
07-04 19:44:46.990  3445  3445 I SurfaceFlinger:     type    |    handle    | flag |  format   |   source crop (l,t,r,b)    |         frame       | name 
07-04 19:44:46.990  3445  3445 I SurfaceFlinger: ------------+--------------+------+-----------+----------------------------+---------------------+------
07-04 19:44:46.990  3445  3445 I SurfaceFlinger:      Client |              | 0000 |  Unknown  |  -0.2   -0.2   -0.8   -0.8 |    0    0  720 1280 | animation background stackId=1#0
07-04 19:44:46.990  3445  3445 I SurfaceFlinger:      Client | 0x794c0bfc00 | 0002 | RGBA_8888 |   0.0    0.0  720.0 1279.0 |   16   29  703 1250 | com.example.batterymanager_utility/c[...]atterymanager_utility.MainActivity#0
07-04 19:44:46.990  3445  3445 I SurfaceFlinger:      Device | 0x79524246c0 | 0002 | RGBA_8888 |   0.0    0.0  720.0 1024.0 |   16  303  703 1280 | Splash Screen e.www.writeroomtest#0
07-04 19:44:46.990  3445  3445 I SurfaceFlinger:      Device | 0x7952424000 | 0000 | RGBA_8888 |   0.0    0.0  720.0   42.0 |    0    0  720   42 | StatusBar#0
07-04 19:44:46.990  3445  3445 I SurfaceFlinger: 
07-04 19:44:46.993 21747 21747 D ViewRootImpl@de84e43[MainActivity]: dispatchAttachedToWindow
07-04 19:44:46.997  3960  3971 V WindowManager: Relayout Window{6177d45 u0 e.www.writeroomtest/e.www.writeroomtest.MainActivity}: viewVisibility=0 req=719x1237 WM.LayoutParams{(0,0)(fillxfill) sim=#120 ty=1 fl=#81810100 pfl=0x20000 wanim=0x10302fd vsysui=0x600 needsMenuKey=2 colorMode=0 naviIconColor=0}
07-04 19:44:47.007  3445  3445 I SurfaceFlinger: id=388 createSurf (720x1280),1 flag=404, e.www.writeroomtest/e.www.writeroomtest.MainActivity#0
07-04 19:44:47.009  3960  3971 V Surface : sf_framedrop debug : 0x4f4c, game : false, logging : 0
07-04 19:44:47.013  3960  3971 D InputDispatcher: Focus entered window: 21747
07-04 19:44:47.016 21747 21747 V Surface : sf_framedrop debug : 0x4f4c, game : false, logging : 0
07-04 19:44:47.017 21747 21747 D ViewRootImpl@de84e43[MainActivity]: Relayout returned: old=[0,0][0,0] new=[0,0][720,1280] result=0x7 surface={valid=true 486842105856} changed=true
07-04 19:44:47.027 21747 21765 I OpenGLRenderer: Initialized EGL, version 1.4
07-04 19:44:47.027 21747 21765 D OpenGLRenderer: Swap behavior 2
07-04 19:44:47.030 21747 21765 D libGLESv1: STS_GLApi : DTS, ODTC are not allowed for Package : e.www.writeroomtest
07-04 19:44:47.031 21747 21765 D mali_winsys: EGLint new_window_surface(egl_winsys_display *, void *, EGLSurface, EGLConfig, egl_winsys_surface **, egl_color_buffer_format *, EGLBoolean) returns 0x3000,  [720x1280]-format:1
07-04 19:44:47.031 21747 21747 D ViewRootImpl@de84e43[MainActivity]: MSG_RESIZED_REPORT: frame=Rect(0, 0 - 720, 1280) ci=Rect(0, 42 - 0, 0) vi=Rect(0, 42 - 0, 0) or=1
07-04 19:44:47.031 21747 21765 D OpenGLRenderer: eglCreateWindowSurface = 0x7158cd2380
07-04 19:44:47.031 21747 21747 D ViewRootImpl@de84e43[MainActivity]: MSG_WINDOW_FOCUS_CHANGED 1
07-04 19:44:47.033 21747 21747 V InputMethodManager: Starting input: tba=android.view.inputmethod.EditorInfo@b2a93d8 nm : e.www.writeroomtest ic=null
07-04 19:44:47.033 21747 21747 I InputMethodManager: startInputInner - mService.startInputOrWindowGainedFocus
07-04 19:44:47.033  3960  3971 D InputMethodManagerService: startInputOrWindowGainedFocus : windowGainedFocus 
07-04 19:44:47.033  3960  3971 D InputMethodManagerService: windowGainedFocus: destinationUserId (getCallingUid) = 0
07-04 19:44:47.033  3960  3971 D InputMethodManagerService: windowGainedFocus: currentUserId=0
07-04 19:44:47.033  3960  3971 D InputMethodManagerService: windowGainedFocus: mCurrentFocusedUserId=0
07-04 19:44:47.033  3960  3971 D InputMethodManagerService: windowGainedFocus : lock - currentUserId = 0 destinationUserId = 0
07-04 19:44:47.034  3960  3971 D InputMethodManagerService: windowGainedFocus : mCurrentFocusedUserId - 0 and mSecureKeypadEnabled - false, userSwitched - false
07-04 19:44:47.034  3960  3971 V InputMethodManagerService: windowGainedFocus : reason=WINDOW_FOCUS_GAIN client=android.os.BinderProxy@71ff1af inputContext=null missingMethods= attribute=android.view.inputmethod.EditorInfo@8898c9a nm = e.www.writeroomtest controlFlags=#104 softInputMode=#120 windowFlags=#81810100
07-04 19:44:47.034  3960  3971 V InputMethodManagerService: hideCurrentInputLocked : shouldHideSoftInput is false
07-04 19:44:47.034  3960  3971 D InputMethodManagerService: isImeSwitcherDisabledPackage : false
07-04 19:44:47.034  3960  3971 V InputMethodManagerService: Creating new session for client ClientState{483f9cb uid 10163 pid 21747}
07-04 19:44:47.036  3960  9784 D InputMethodManagerService: setCurrentInputInfo - inputContext : null eidtorInfo : android.view.inputmethod.EditorInfo@8898c9a missingMethods : 0
07-04 19:44:47.037  4335  4335 I InputMethodWrapper:  call dispatchStartInputWithToken
07-04 19:44:47.037  4335  4335 I InputMethodService: dispatchStartInputWithToken
07-04 19:44:47.038  4335  4335 I SKBD    : SamsungKeypad [IMI] onStartInput - caller pid : 21747, caller uid : 10163
07-04 19:44:47.054  3960  9784 V WindowManager: finishDrawingLocked: mDrawState=COMMIT_DRAW_PENDING Window{6177d45 u0 e.www.writeroomtest/e.www.writeroomtest.MainActivity} in Surface(name=e.www.writeroomtest/e.www.writeroomtest.MainActivity)
07-04 19:44:47.056 21747 21747 V InputMethodManager: Starting input: tba=android.view.inputmethod.EditorInfo@b3cf331 nm : e.www.writeroomtest ic=null
07-04 19:44:47.060  3960  4025 D ViewRootImpl@2e663db[writeroomtest]: dispatchDetachedFromWindow
07-04 19:44:47.060  3960  4025 D InputEventReceiver: channel '4e76e78 Splash Screen e.www.writeroomtest (client)' ~ Disposing input event receiver.
07-04 19:44:47.060  3960  4025 D InputEventReceiver: channel '4e76e78 Splash Screen e.www.writeroomtest (client)' ~NativeInputEventReceiver.
07-04 19:44:47.064  3960  3985 I ActivityManager: Displayed e.www.writeroomtest/.MainActivity: +378ms
07-04 19:44:47.071  3434  3434 I android.hardware.wifi@1.0-service: getLinkLayerStats
07-04 19:44:47.085  3960  4025 I WindowManager: Destroying surface Surface(name=Splash Screen e.www.writeroomtest) called by com.android.server.wm.WindowStateAnimator.destroySurface:2501 com.android.server.wm.WindowStateAnimator.destroySurfaceLocked:985 com.android.server.wm.WindowState.destroyOrSaveSurfaceUnchecked:3670 com.android.server.wm.WindowState.destroySurface:3618 com.android.server.wm.AppWindowToken.destroySurfaces:722 com.android.server.wm.AppWindowToken.destroySurfaces:706 com.android.server.wm.WindowState.onExitAnimationDone:5316 com.android.server.wm.WindowStateAnimator.stepAnimationLocked:550 
07-04 19:44:47.085  3445  3484 I SurfaceFlinger: id=386 Removed Splash Screen e.www.writeroomtest#0 (4/6)
07-04 19:44:47.090  3445  3445 I SurfaceFlinger: Display 0 HWC layers:
07-04 19:44:47.090  3445  3445 I SurfaceFlinger:     type    |    handle    | flag |  format   |   source crop (l,t,r,b)    |         frame       | name 
07-04 19:44:47.090  3445  3445 I SurfaceFlinger: ------------+--------------+------+-----------+----------------------------+---------------------+------
07-04 19:44:47.090  3445  3445 I SurfaceFlinger:      Client |              | 0000 |  Unknown  |  -0.2   -0.2   -0.8   -0.8 |    0    0  720 1280 | animation background stackId=1#0
07-04 19:44:47.090  3445  3445 I SurfaceFlinger:      Client | 0x794c0bfc00 | 0002 | RGBA_8888 |   0.0    0.0  720.0 1280.0 |   18   32  702 1248 | com.example.batterymanager_utility/c[...]atterymanager_utility.MainActivity#0
07-04 19:44:47.090  3445  3445 I SurfaceFlinger:      Device | 0x7952424180 | 0002 | RGBA_8888 |   0.0    0.0  720.0 1210.0 |    5   86  716 1280 | e.www.writeroomtest/e.www.writeroomtest.MainActivity#0
07-04 19:44:47.090  3445  3445 I SurfaceFlinger:      Device | 0x7952424000 | 0000 | RGBA_8888 |   0.0    0.0  720.0   42.0 |    0    0  720   42 | StatusBar#0
07-04 19:44:47.090  3445  3445 I SurfaceFlinger: 
07-04 19:44:47.091  3445  5012 I SurfaceFlinger: id=386 Removed Splash Screen e.www.writeroomtest#0 (-2/6)
07-04 19:44:47.093  4955  4955 D io_stats: !@ 179,0 r 81543 3089040 w 33521 502264 d 3131 102216 f 8705 9043 iot 51864 42903 th 51200 0 0 pt 0 inp 0 0 7900.541
07-04 19:44:47.101  3445  3445 I Layer   : id=386 onRemoved Splash Screen e.www.writeroomtest#0 
07-04 19:44:47.187  3960  3960 D CustomFrequencyManagerService: releaseDVFSLockLocked : Getting Lock type frm List : DVFS_MIN_LIMIT  frequency : 1560000  uid : 1000  pid : 3960  tag : AMS_RESUME_TAIL@CPU_MIN@15
07-04 19:44:47.269  3960  4025 I WindowManager: Destroying surface Surface(name=com.example.batterymanager_utility/com.example.batterymanager_utility.MainActivity) called by com.android.server.wm.WindowStateAnimator.destroySurface:2501 com.android.server.wm.WindowStateAnimator.destroySurfaceLocked:985 com.android.server.wm.WindowState.destroyOrSaveSurfaceUnchecked:3670 com.android.server.wm.WindowState.destroySurface:3618 com.android.server.wm.AppWindowToken.destroySurfaces:722 com.android.server.wm.AppWindowToken.destroySurfaces:706 com.android.server.wm.WindowState.onExitAnimationDone:5316 com.android.server.wm.WindowStateAnimator.stepAnimationLocked:550 
07-04 19:44:47.269  3445  3484 I SurfaceFlinger: id=385 Removed com.example.batterymanager_utility/com.example.batterymanager_utility.MainActivity#0 (2/5)
07-04 19:44:47.271  3960  3985 D CustomFrequencyManagerService: acquireDVFSLockLocked : type : DVFS_MIN_LIMIT  frequency : 1560000  uid : 1000  pid : 3960  pkgName : AMS_RESUME_TAIL@CPU_MIN@15
07-04 19:44:47.271  3960  3985 D ActivityManagerPerformance: AMP_acquire() TAIL
07-04 19:44:47.272  3960  3985 D CustomFrequencyManagerService: releaseDVFSLockLocked : Getting Lock type frm List : DVFS_MIN_LIMIT  frequency : 1560000  uid : 1000  pid : 3960  tag : AMS_APP_SWITCH@CPU_MIN@9
07-04 19:44:47.272  3960  3985 D ActivityManagerPerformance: AMP_release() APP_SWITCH
07-04 19:44:47.273  3445  3445 I SurfaceFlinger: Display 0 HWC layers:
07-04 19:44:47.273  3445  3445 I SurfaceFlinger:     type    |    handle    | flag |  format   |   source crop (l,t,r,b)    |         frame       | name 
07-04 19:44:47.273  3445  3445 I SurfaceFlinger: ------------+--------------+------+-----------+----------------------------+---------------------+------
07-04 19:44:47.273  3445  3445 I SurfaceFlinger:      Client | 0x7952424180 | 0002 | RGBA_8888 |   0.0    0.0  720.0 1280.0 |    0    0  720 1280 | e.www.writeroomtest/e.www.writeroomtest.MainActivity#0
07-04 19:44:47.273  3445  3445 I SurfaceFlinger:      Client | 0x7952424000 | 0000 | RGBA_8888 |   0.0    0.0  720.0   42.0 |    0    0  720   42 | StatusBar#0
07-04 19:44:47.273  3445  3445 I SurfaceFlinger: 
07-04 19:44:47.276  3445  3484 I SurfaceFlinger: id=385 Removed com.example.batterymanager_utility/com.example.batterymanager_utility.MainActivity#0 (-2/5)
07-04 19:44:47.285  3445  3445 I Layer   : id=385 onRemoved com.example.batterymanager_utility/com.example.batterymanager_utility.MainActivity#0 
07-04 19:44:47.380  3960  4324 I OpenGLRenderer: Initialized EGL, version 1.4
07-04 19:44:47.380  3960  4324 D OpenGLRenderer: Swap behavior 2
07-04 19:44:47.441  3960  4084 D MdnieScenarioControlService:  packageName : e.www.writeroomtest    className : e.www.writeroomtest.MainActivity
07-04 19:44:47.442  3960  4084 V MdnieScenarioControlService: setUIMode from UI function(3)
07-04 19:44:47.829 12778 12778 E adbd    : recv: OPEN 0000413d 00000000 006e:73 68 65 6C 6C 2C 76 32 2C 54 45 52 4D 3D 73 63 72 65 65 6E 2C 72 61 77 3A 64 75 6D 70 73 79 73 20 61 63 74 69 76 69 74 79 20 72 65 63 65 6E 74 73 20 7C 20 67 72 65 70 20 22 52 65 63 65 6E 74 20 23 30 22 20 7C 20 63 75 74 20 2D 64 20 22 3D 22 20 2D 66 32 20 7C 20 67 72 65 70 20 2D 6F 20 2D 70 20 22 5B 61 2D 7A 7C 2E 5D 2A 22 00 
07-04 19:44:47.829 12778 12778 E adbd    : service_to_fd: shell,v2,TERM=screen,raw:dumpsys activity recents | grep "Recent #0" | cut -d "=" -f2 | grep -o -p "[a-z|.]*"
07-04 19:44:47.872  3960  3960 D CustomFrequencyManagerService: releaseDVFSLockLocked : Getting Lock type frm List : DVFS_MIN_LIMIT  frequency : 1560000  uid : 1000  pid : 3960  tag : AMS_RESUME_TAIL@CPU_MIN@15
07-04 19:44:47.919  3960  3960 D PreBindingService: handleMessage : 1
07-04 19:44:47.924 12778 12778 E adbd    : recv: OPEN 00004140 00000000 003a:73 68 65 6C 6C 2C 76 32 2C 54 45 52 4D 3D 73 63 72 65 65 6E 2C 72 61 77 3A 67 65 74 70 72 6F 70 20 72 6F 2E 62 75 69 6C 64 2E 76 65 72 73 69 6F 6E 2E 72 65 6C 65 61 73 65 00 
07-04 19:44:47.924 12778 12778 E adbd    : service_to_fd: shell,v2,TERM=screen,raw:getprop ro.build.version.release
07-04 19:44:48.001 12778 12778 E adbd    : recv: OPEN 00004143 00000000 0036:73 68 65 6C 6C 2C 76 32 2C 54 45 52 4D 3D 73 63 72 65 65 6E 2C 72 61 77 3A 67 65 74 70 72 6F 70 20 72 6F 2E 62 75 69 6C 64 2E 76 65 72 73 69 6F 6E 2E 73 64 6B 00 
07-04 19:44:48.001 12778 12778 E adbd    : service_to_fd: shell,v2,TERM=screen,raw:getprop ro.build.version.sdk
07-04 19:44:48.031  3960  6511 D SSRM:k  : SIOP:: AP = 290, PST = 281 (W:30), BAT = 272, USB = 0, CHG = 0
07-04 19:44:48.097 12778 12778 E adbd    : recv: OPEN 00004146 00000000 003a:73 68 65 6C 6C 2C 76 32 2C 54 45 52 4D 3D 73 63 72 65 65 6E 2C 72 61 77 3A 67 65 74 70 72 6F 70 20 72 6F 2E 62 75 69 6C 64 2E 76 65 72 73 69 6F 6E 2E 72 65 6C 65 61 73 65 00 
07-04 19:44:48.097 12778 12778 E adbd    : service_to_fd: shell,v2,TERM=screen,raw:getprop ro.build.version.release
07-04 19:44:48.185 12778 12778 E adbd    : recv: OPEN 00004149 00000000 0036:73 68 65 6C 6C 2C 76 32 2C 54 45 52 4D 3D 73 63 72 65 65 6E 2C 72 61 77 3A 67 65 74 70 72 6F 70 20 72 6F 2E 62 75 69 6C 64 2E 76 65 72 73 69 6F 6E 2E 73 64 6B 00 
07-04 19:44:48.185 12778 12778 E adbd    : service_to_fd: shell,v2,TERM=screen,raw:getprop ro.build.version.sdk
07-04 19:44:48.262 12778 12778 E adbd    : recv: OPEN 0000414c 00000000 00fa:73 68 65 6C 6C 2C 76 32 2C 54 45 52 4D 3D 73 63 72 65 65 6E 2C 72 61 77 3A 61 6D 20 73 74 61 72 74 2D 66 6F 72 65 67 72 6F 75 6E 64 2D 73 65 72 76 69 63 65 20 2D 6E 20 22 63 6F 6D 2E 65 78 61 6D 70 6C 65 2E 62 61 74 74 65 72 79 6D 61 6E 61 67 65 72 5F 75 74 69 6C 69 74 79 2F 63 6F 6D 2E 65 78 61 6D 70 6C 65 2E 62 61 74 74 65 72 79 6D 61 6E 61 67 65 72 5F 75 74 69 6C 69 74 79 2E 44 61 74 61 43 6F 6C 6C 65 63 74 69 6F 6E 53 65 72 76 69 63 65 22 20 2D 2D 65 69 20 73 61 6D 70 6C 65 52 61 74 65 20 31 30 30 20 2D 2D 65 73 20 22 64 61 74 61 46 69 65 6C 64 73 22 20 22 42 41 54 54 45 52 59 5F 50 52 4F 50 45 52 54 59 5F 43 55 52 52 45 4E 54 5F 4E 4F 57 2C 45 58 54 52 41 5F 56 4F 4C 54 41 47 45 22 20 2D 2D 65 7A 20 74 6F 43 53 56 20 66 61 6C 73 65 00 
07-04 19:44:48.262 12778 12778 E adbd    : service_to_fd: shell,v2,TERM=screen,raw:am start-foreground-service -n "com.example.batterymanager_utility/com.example.batterymanager_utility.DataCollectionService" --ei sampleRate 100 --es "dataFields" "BATTERY_PROPERTY_CURRENT_NOW,EXTRA_VOLTAGE" --ez toCSV false
07-04 19:44:48.335 21704 21704 I BatteryMgr:DataCollectionService: onStartCommand: begin
07-04 19:44:48.335 21704 21704 I BatteryMgr:DataCollectionService: onStartCommand: sampleRate => 100
07-04 19:44:48.336 21704 21704 I BatteryMgr:DataCollectionService: onStartCommand: rawFields => Timestamp,BATTERY_PROPERTY_CURRENT_NOW,EXTRA_VOLTAGE
07-04 19:44:48.338 21704 21704 I BatteryMgr:DataCollectionService: onStartCommand: notification done
07-04 19:44:48.340 21704 21704 D Notification: allPendingIntents
07-04 19:44:48.343 21704 21704 I BatteryMgr:DataCollectionService: started foreground
07-04 19:44:48.346  3960  3976 D ApplicationPolicy: isStatusBarNotificationAllowedAsUser: packageName = android,userId = 0
07-04 19:44:48.346  3960  3976 D API test: getContainerInfo: value is 
07-04 19:44:48.346  3960  3976 D ApplicationPolicy: isStatusBarNotificationAllowedAsUser: packageName = android,userId = 0
07-04 19:44:48.346  3960  3976 D API test: getContainerInfo: value is 
07-04 19:44:48.347  3960  3976 D ApplicationPolicy: isStatusBarNotificationAllowedAsUser: packageName = com.example.batterymanager_utility,userId = 0
07-04 19:44:48.347  3960  3976 D API test: getContainerInfo: value is 
07-04 19:44:48.348  3960  3976 D ApplicationPolicy: isStatusBarNotificationAllowedAsUser: packageName = com.example.batterymanager_utility,userId = 0
07-04 19:44:48.348  3960  3976 D API test: getContainerInfo: value is 
07-04 19:44:48.349  3960  3960 D AudioService: getStreamVolume 5 index 110
07-04 19:44:48.350  3960  3976 E NotificationService: Suppressing notification from package by user request.
07-04 19:44:48.351  3960  9784 D Notification: allPendingIntents
07-04 19:44:48.351  3960  3971 D Notification: allPendingIntents
07-04 19:44:48.360 21704 21804 I BatteryMgr:DataCollectionService: collectData: begin
07-04 19:44:48.366 21704 21804 I BatteryMgr:DataCollectionService: stats => 1688492688366,-141,4124
07-04 19:44:48.371 12778 12778 E adbd    : recv: OPEN 0000414f 00000000 003a:73 68 65 6C 6C 2C 76 32 2C 54 45 52 4D 3D 73 63 72 65 65 6E 2C 72 61 77 3A 67 65 74 70 72 6F 70 20 72 6F 2E 62 75 69 6C 64 2E 76 65 72 73 69 6F 6E 2E 72 65 6C 65 61 73 65 00 
07-04 19:44:48.371 12778 12778 E adbd    : service_to_fd: shell,v2,TERM=screen,raw:getprop ro.build.version.release
07-04 19:44:48.376  4346  4346 D KeyguardUpdateMonitor: handleStatusBarState( false )
07-04 19:44:48.399  4346  4346 I chatty  : uid=10009(u0_a9) com.android.systemui identical 1 line
07-04 19:44:48.407  4346  4346 D KeyguardUpdateMonitor: handleStatusBarState( false )
07-04 19:44:48.473 21704 21804 I BatteryMgr:DataCollectionService: stats => 1688492688473,-141,4124
07-04 19:44:48.587 21704 21804 I BatteryMgr:DataCollectionService: stats => 1688492688586,-141,4124
07-04 19:44:48.653 12778 12778 E adbd    : recv: OPEN 00004158 00000000 0036:73 68 65 6C 6C 2C 76 32 2C 54 45 52 4D 3D 73 63 72 65 65 6E 2C 72 61 77 3A 67 65 74 70 72 6F 70 20 72 6F 2E 62 75 69 6C 64 2E 76 65 72 73 69 6F 6E 2E 73 64 6B 00 
07-04 19:44:48.653 12778 12778 E adbd    : service_to_fd: shell,v2,TERM=screen,raw:getprop ro.build.version.sdk
07-04 19:44:48.696  3960  3960 D PreBindingService: handleMessage : 1
07-04 19:44:48.703 21704 21804 I BatteryMgr:DataCollectionService: stats => 1688492688702,-141,4124
07-04 19:44:48.816 21704 21804 I BatteryMgr:DataCollectionService: stats => 1688492688815,-141,4124
07-04 19:44:48.929 21704 21804 I BatteryMgr:DataCollectionService: stats => 1688492688929,-141,4124
07-04 19:44:49.043 21704 21804 I BatteryMgr:DataCollectionService: stats => 1688492689042,-141,4124
07-04 19:44:49.156 21704 21804 I BatteryMgr:DataCollectionService: stats => 1688492689156,-141,4124
07-04 19:44:49.271 21704 21804 I BatteryMgr:DataCollectionService: stats => 1688492689270,-141,4124
07-04 19:44:49.385 21704 21804 I BatteryMgr:DataCollectionService: stats => 1688492689384,-141,4124
07-04 19:44:49.498 21704 21804 I BatteryMgr:DataCollectionService: stats => 1688492689498,-141,4124
07-04 19:44:49.612 21704 21804 I BatteryMgr:DataCollectionService: stats => 1688492689611,-141,4124
07-04 19:44:49.726 21704 21804 I BatteryMgr:DataCollectionService: stats => 1688492689725,-141,4124
07-04 19:44:49.839 21704 21804 I BatteryMgr:DataCollectionService: stats => 1688492689839,-141,4124
07-04 19:44:49.953 21704 21804 I BatteryMgr:DataCollectionService: stats => 1688492689953,-141,4124
07-04 19:44:50.065 21704 21804 I BatteryMgr:DataCollectionService: stats => 1688492690065,-141,4124
07-04 19:44:50.076  3434  3434 I android.hardware.wifi@1.0-service: getLinkLayerStats
07-04 19:44:50.178 21704 21804 I BatteryMgr:DataCollectionService: stats => 1688492690178,-141,4124
07-04 19:44:50.292 21704 21804 I BatteryMgr:DataCollectionService: stats => 1688492690292,-141,4124
07-04 19:44:50.405 21704 21804 I BatteryMgr:DataCollectionService: stats => 1688492690405,-141,4124
07-04 19:44:50.519 21704 21804 I BatteryMgr:DataCollectionService: stats => 1688492690518,-141,4124
07-04 19:44:50.632 21704 21804 I BatteryMgr:DataCollectionService: stats => 1688492690632,-141,4124
07-04 19:44:50.746 21704 21804 I BatteryMgr:DataCollectionService: stats => 1688492690746,-141,4124
07-04 19:44:50.860 21704 21804 I BatteryMgr:DataCollectionService: stats => 1688492690859,-141,4124
07-04 19:44:50.927  3960  4327 E TaskPersister: File error accessing recents directory (directory doesn't exist?).
07-04 19:44:50.967 21704 21804 I BatteryMgr:DataCollectionService: stats => 1688492690966,-141,4124
07-04 19:44:51.072 21704 21804 I BatteryMgr:DataCollectionService: stats => 1688492691072,-141,4124
07-04 19:44:51.183 21704 21804 I BatteryMgr:DataCollectionService: stats => 1688492691183,-141,4124
07-04 19:44:51.297 21704 21804 I BatteryMgr:DataCollectionService: stats => 1688492691296,-141,4124
07-04 19:44:51.412 21704 21804 I BatteryMgr:DataCollectionService: stats => 1688492691412,-141,4124
07-04 19:44:51.519 21704 21816 D ProfileInstaller: Installing profile for com.example.batterymanager_utility
07-04 19:44:51.525 21704 21804 I BatteryMgr:DataCollectionService: stats => 1688492691524,-141,4124
07-04 19:44:51.637 21704 21804 I BatteryMgr:DataCollectionService: stats => 1688492691637,-141,4124
07-04 19:44:51.750 21704 21804 I BatteryMgr:DataCollectionService: stats => 1688492691750,-141,4124
07-04 19:44:51.862 21704 21804 I BatteryMgr:DataCollectionService: stats => 1688492691862,-141,4124
07-04 19:44:51.975 21704 21804 I BatteryMgr:DataCollectionService: stats => 1688492691974,-141,4124
07-04 19:44:52.088 21704 21804 I BatteryMgr:DataCollectionService: stats => 1688492692087,-141,4124
07-04 19:44:52.098  4955  4955 D io_stats: !@ 179,0 r 81543 3089040 w 33581 502812 d 3134 102248 f 8723 9061 iot 51900 42926 th 51200 0 0 pt 0 inp 0 0 7905.544
07-04 19:44:52.201 21704 21804 I BatteryMgr:DataCollectionService: stats => 1688492692200,-141,4124
07-04 19:44:52.314 21704 21804 I BatteryMgr:DataCollectionService: stats => 1688492692313,-141,4124
07-04 19:44:52.426 21704 21804 I BatteryMgr:DataCollectionService: stats => 1688492692426,-141,4124
07-04 19:44:52.539 21704 21804 I BatteryMgr:DataCollectionService: stats => 1688492692539,-141,4124
07-04 19:44:52.652 21704 21804 I BatteryMgr:DataCollectionService: stats => 1688492692651,-141,4124
07-04 19:44:52.765 21704 21804 I BatteryMgr:DataCollectionService: stats => 1688492692764,-141,4124
07-04 19:44:52.877 21704 21804 I BatteryMgr:DataCollectionService: stats => 1688492692877,-141,4124
07-04 19:44:52.990 21704 21804 I BatteryMgr:DataCollectionService: stats => 1688492692990,-141,4124
07-04 19:44:53.067  3960  4030 D SensorService: [SO] 0.057 -0.177 9.902
07-04 19:44:53.084  3434  3434 I android.hardware.wifi@1.0-service: getLinkLayerStats
07-04 19:44:53.103 21704 21804 I BatteryMgr:DataCollectionService: stats => 1688492693103,-141,4124
07-04 19:44:53.216 21704 21804 I BatteryMgr:DataCollectionService: stats => 1688492693215,-141,4124
07-04 19:44:53.328 21704 21804 I BatteryMgr:DataCollectionService: stats => 1688492693328,-141,4124
07-04 19:44:53.441 21704 21804 I BatteryMgr:DataCollectionService: stats => 1688492693441,-141,4124
07-04 19:44:53.553 21704 21804 I BatteryMgr:DataCollectionService: stats => 1688492693553,-141,4124
07-04 19:44:53.666 21704 21804 I BatteryMgr:DataCollectionService: stats => 1688492693666,-141,4124
07-04 19:44:53.779 21704 21804 I BatteryMgr:DataCollectionService: stats => 1688492693779,-141,4124
07-04 19:44:53.892 21704 21804 I BatteryMgr:DataCollectionService: stats => 1688492693891,-141,4124
07-04 19:44:54.005 21704 21804 I BatteryMgr:DataCollectionService: stats => 1688492694004,-141,4124
07-04 19:44:54.117 21704 21804 I BatteryMgr:DataCollectionService: stats => 1688492694117,-141,4124
07-04 19:44:54.230 21704 21804 I BatteryMgr:DataCollectionService: stats => 1688492694230,-141,4124
07-04 19:44:54.342 21704 21804 I BatteryMgr:DataCollectionService: stats => 1688492694342,-141,4124
07-04 19:44:54.455 21704 21804 I BatteryMgr:DataCollectionService: stats => 1688492694454,-141,4124
07-04 19:44:54.567 21704 21804 I BatteryMgr:DataCollectionService: stats => 1688492694567,-141,4124
07-04 19:44:54.680 21704 21804 I BatteryMgr:DataCollectionService: stats => 1688492694679,-141,4124
07-04 19:44:54.793 21704 21804 I BatteryMgr:DataCollectionService: stats => 1688492694792,-141,4124
07-04 19:44:54.905 21704 21804 I BatteryMgr:DataCollectionService: stats => 1688492694905,-141,4124
07-04 19:44:55.018 21704 21804 I BatteryMgr:DataCollectionService: stats => 1688492695017,-141,4124
07-04 19:44:55.129 21704 21804 I BatteryMgr:DataCollectionService: stats => 1688492695129,-141,4124
07-04 19:44:55.242 21704 21804 I BatteryMgr:DataCollectionService: stats => 1688492695242,-141,4124
07-04 19:44:55.355 21704 21804 I BatteryMgr:DataCollectionService: stats => 1688492695354,-141,4124
07-04 19:44:55.467 21704 21804 I BatteryMgr:DataCollectionService: stats => 1688492695467,-141,4124
07-04 19:44:55.580 21704 21804 I BatteryMgr:DataCollectionService: stats => 1688492695579,-141,4124
07-04 19:44:55.692 21704 21804 I BatteryMgr:DataCollectionService: stats => 1688492695692,-141,4124
07-04 19:44:55.804 21704 21804 I BatteryMgr:DataCollectionService: stats => 1688492695804,-141,4124
07-04 19:44:55.918 21704 21804 I BatteryMgr:DataCollectionService: stats => 1688492695918,-141,4124
07-04 19:44:56.030 21704 21804 I BatteryMgr:DataCollectionService: stats => 1688492696029,-141,4124
07-04 19:44:56.093  3434  3434 I android.hardware.wifi@1.0-service: getLinkLayerStats
07-04 19:44:56.140 21704 21804 I BatteryMgr:DataCollectionService: stats => 1688492696140,-141,4124
07-04 19:44:56.253 21704 21804 I BatteryMgr:DataCollectionService: stats => 1688492696252,-141,4124
07-04 19:44:56.365 21704 21804 I BatteryMgr:DataCollectionService: stats => 1688492696365,-141,4124
07-04 19:44:56.478 21704 21804 I BatteryMgr:DataCollectionService: stats => 1688492696477,-141,4124
07-04 19:44:56.590 21704 21804 I BatteryMgr:DataCollectionService: stats => 1688492696590,-141,4124
07-04 19:44:56.677  3960  4440 E Watchdog: !@Sync 263 [2023-07-04 19:44:56.677]
07-04 19:44:56.702 21704 21804 I BatteryMgr:DataCollectionService: stats => 1688492696702,-141,4124
07-04 19:44:56.815 21704 21804 I BatteryMgr:DataCollectionService: stats => 1688492696814,-141,4124
07-04 19:44:56.927 21704 21804 I BatteryMgr:DataCollectionService: stats => 1688492696927,-141,4124
07-04 19:44:57.040 21704 21804 I BatteryMgr:DataCollectionService: stats => 1688492697040,-141,4124
07-04 19:44:57.104  4955  4955 D io_stats: !@ 179,0 r 81543 3089040 w 33614 503308 d 3136 102256 f 8738 9076 iot 51928 42946 th 51200 0 0 pt 0 inp 0 0 7910.550
07-04 19:44:57.152 21704 21804 I BatteryMgr:DataCollectionService: stats => 1688492697152,-141,4124
07-04 19:44:57.265 21704 21804 I BatteryMgr:DataCollectionService: stats => 1688492697264,-141,4124
07-04 19:44:57.377 21704 21804 I BatteryMgr:DataCollectionService: stats => 1688492697377,-141,4124
07-04 19:44:57.489 21704 21804 I BatteryMgr:DataCollectionService: stats => 1688492697489,-141,4124
07-04 19:44:57.602 21704 21804 I BatteryMgr:DataCollectionService: stats => 1688492697602,-141,4124
07-04 19:44:57.714 21704 21709 I zygote64: Do partial code cache collection, code=61KB, data=44KB
07-04 19:44:57.715 21704 21709 I zygote64: After code cache collection, code=61KB, data=44KB
07-04 19:44:57.715 21704 21709 I zygote64: Increasing code cache capacity to 256KB
07-04 19:44:57.715 21704 21804 I BatteryMgr:DataCollectionService: stats => 1688492697715,-141,4124
07-04 19:44:57.828 21704 21804 I BatteryMgr:DataCollectionService: stats => 1688492697828,-141,4124
07-04 19:44:57.941 21704 21804 I BatteryMgr:DataCollectionService: stats => 1688492697941,-141,4124
07-04 19:44:58.053 21704 21804 I BatteryMgr:DataCollectionService: stats => 1688492698053,-141,4124
07-04 19:44:58.054  3960  6511 D SSRM:k  : SIOP:: AP = 280, PST = 281 (W:30), BAT = 272, USB = 0, CHG = 0
07-04 19:44:58.166 21704 21804 I BatteryMgr:DataCollectionService: stats => 1688492698166,-141,4124
07-04 19:44:58.278 21704 21804 I BatteryMgr:DataCollectionService: stats => 1688492698278,-141,4124
07-04 19:44:58.390 21704 21804 I BatteryMgr:DataCollectionService: stats => 1688492698390,-141,4124
07-04 19:44:58.502 21704 21804 I BatteryMgr:DataCollectionService: stats => 1688492698502,-141,4124
07-04 19:44:58.614 21704 21804 I BatteryMgr:DataCollectionService: stats => 1688492698614,-141,4124
07-04 19:44:58.726 21704 21804 I BatteryMgr:DataCollectionService: stats => 1688492698726,-141,4124
07-04 19:44:58.838 21704 21804 I BatteryMgr:DataCollectionService: stats => 1688492698838,-141,4124
07-04 19:44:58.950 21704 21804 I BatteryMgr:DataCollectionService: stats => 1688492698950,-141,4124
07-04 19:44:59.062 21704 21804 I BatteryMgr:DataCollectionService: stats => 1688492699062,-141,4124
07-04 19:44:59.099  3434  3434 I android.hardware.wifi@1.0-service: getLinkLayerStats
07-04 19:44:59.176 21704 21804 I BatteryMgr:DataCollectionService: stats => 1688492699175,-141,4124
07-04 19:44:59.288 21704 21804 I BatteryMgr:DataCollectionService: stats => 1688492699287,-141,4124
07-04 19:44:59.400 21704 21804 I BatteryMgr:DataCollectionService: stats => 1688492699400,-141,4124
07-04 19:44:59.512 21704 21804 I BatteryMgr:DataCollectionService: stats => 1688492699512,-141,4124
07-04 19:44:59.625 21704 21804 I BatteryMgr:DataCollectionService: stats => 1688492699624,-141,4124
07-04 19:44:59.737 21704 21804 I BatteryMgr:DataCollectionService: stats => 1688492699737,-141,4124
07-04 19:44:59.849 21704 21804 I BatteryMgr:DataCollectionService: stats => 1688492699849,-141,4124
07-04 19:44:59.962 21704 21804 I BatteryMgr:DataCollectionService: stats => 1688492699962,-141,4124
07-04 19:45:00.001  3960  4043 D SamsungAlarmManager: Expired : 8
07-04 19:45:00.002  3960  4043 V SamsungAlarmManager: Sending to uid : 1000 action=android.intent.action.TIME_TICK alarm=Alarm{f4514f2 type 3 when 7913449 android}
07-04 19:45:00.005  3960  4043 V SamsungAlarmManager: Sending to uid : 10074 action=com.samsung.action.EVERY_MINUTE_CLOCK_UPDATE alarm=Alarm{1f7d743 type 1 when 1688492700000 com.sec.android.app.launcher}
07-04 19:45:00.009  5417  5417 I Launcher: onReceive: com.samsung.action.EVERY_MINUTE_CLOCK_UPDATE
07-04 19:45:00.010  3960  3960 D SamsungAlarmManager: setExact Intent (T:3/F:1/AC:false) 20230704T194600 - CU:1000/CP:3960
07-04 19:45:00.010  3960  3960 I SamsungAlarmManager: setLocked to kernel - T:3 / 20230704T194559, SetElapsed=7973448, nowELAPSED=7913459
07-04 19:45:00.013  4346  4346 D KeyguardUpdateMonitor: received broadcast android.intent.action.TIME_TICK
07-04 19:45:00.014  4346  4346 D KeyguardServiceBoxContainer: refreshTime() 1
07-04 19:45:00.024  3960  9784 D SamsungAlarmManager: setInexact Intent (T:1/F:0/AC:false) 20230704T194600 - CU:10074/CP:5417
07-04 19:45:00.025  5417  5417 I IconView: applyFromShortcutInfo - start GetLive : com.samsung.android.calendar
07-04 19:45:00.026  5417  5417 I IconView: applyFromShortcutInfo - end GetLive : com.samsung.android.calendar
07-04 19:45:00.028  5417  5417 I IconView: applyFromApplicationInfo - start GetLive : com.sec.android.app.clockpackage
07-04 19:45:00.045  5417  5417 D ApplicationPackageManager: we has com.sec.android.app.clockpackage class. reuse it 
07-04 19:45:00.045  5417  5417 D LiveIconLoader: getLiveIcon was called in ClockPackage
07-04 19:45:00.048  5417  5417 D LiveIconLoader: getLiveIcon res = com.sec.android.app.clockpackage
07-04 19:45:00.048  4346  4346 D KeyguardUpdateMonitor: handleStatusBarState( false )
07-04 19:45:00.050  5417  5417 D LiveIconLoader: stdIconSize : 84 , targetIconSize : 101
07-04 19:45:00.050  5417  5417 D LiveIconLoader: mIconDpi : 480 , mTargetIconDpi : 280
07-04 19:45:00.067  5417  5417 I ApplicationPackageManager: load= live icon for com.sec.android.app.clockpackage, from overlay = false
07-04 19:45:00.069  5417  5417 I LiveIconManager: getLiveIcon: complete(sync_created)
07-04 19:45:00.069  5417  5417 I IconView: applyFromApplicationInfo - end GetLive : com.sec.android.app.clockpackage
07-04 19:45:00.069  5417  5417 I IconView: applyFromApplicationInfo - start GetLive : com.samsung.android.calendar
07-04 19:45:00.069  5417  5417 I IconView: applyFromApplicationInfo - end GetLive : com.samsung.android.calendar
07-04 19:45:00.072 21704 21804 I BatteryMgr:DataCollectionService: stats => 1688492700072,-141,4124
07-04 19:45:00.084  4346  4346 D KeyguardUpdateMonitor: handleStatusBarState( false )
07-04 19:45:00.180 21704 21804 I BatteryMgr:DataCollectionService: stats => 1688492700180,-141,4124
07-04 19:45:00.293 21704 21804 I BatteryMgr:DataCollectionService: stats => 1688492700292,-141,4124
07-04 19:45:00.405 21704 21804 I BatteryMgr:DataCollectionService: stats => 1688492700405,-141,4124
07-04 19:45:00.517 21704 21804 I BatteryMgr:DataCollectionService: stats => 1688492700517,-141,4124
07-04 19:45:00.629 21704 21804 I BatteryMgr:DataCollectionService: stats => 1688492700629,-141,4124
07-04 19:45:00.741 21704 21804 I BatteryMgr:DataCollectionService: stats => 1688492700741,-141,4124
07-04 19:45:00.854 21704 21804 I BatteryMgr:DataCollectionService: stats => 1688492700853,-141,4124
07-04 19:45:00.966 21704 21804 I BatteryMgr:DataCollectionService: stats => 1688492700966,-141,4124
07-04 19:45:01.078 21704 21804 I BatteryMgr:DataCollectionService: stats => 1688492701077,-141,4124
07-04 19:45:01.190 21704 21804 I BatteryMgr:DataCollectionService: stats => 1688492701190,-141,4124
07-04 19:45:01.302 21704 21804 I BatteryMgr:DataCollectionService: stats => 1688492701302,-141,4124
07-04 19:45:01.414 21704 21804 I BatteryMgr:DataCollectionService: stats => 1688492701414,-141,4124
07-04 19:45:01.526 21704 21804 I BatteryMgr:DataCollectionService: stats => 1688492701526,-141,4124
07-04 19:45:01.638 21704 21804 I BatteryMgr:DataCollectionService: stats => 1688492701638,-141,4124
07-04 19:45:01.750 21704 21804 I BatteryMgr:DataCollectionService: stats => 1688492701750,-141,4124
07-04 19:45:01.862 21704 21804 I BatteryMgr:DataCollectionService: stats => 1688492701862,-141,4124
07-04 19:45:01.974 21704 21804 I BatteryMgr:DataCollectionService: stats => 1688492701974,-141,4124
07-04 19:45:02.086 21704 21804 I BatteryMgr:DataCollectionService: stats => 1688492702086,-141,4124
07-04 19:45:02.108  3434  3434 I android.hardware.wifi@1.0-service: getLinkLayerStats
07-04 19:45:02.110  4955  4955 D io_stats: !@ 179,0 r 81543 3089040 w 33641 503528 d 3137 102340 f 8748 9086 iot 51952 42964 th 51200 0 0 pt 0 inp 0 0 7915.556
07-04 19:45:02.198 21704 21804 I BatteryMgr:DataCollectionService: stats => 1688492702198,-141,4124
07-04 19:45:02.310 21704 21804 I BatteryMgr:DataCollectionService: stats => 1688492702310,-141,4124
07-04 19:45:02.422 21704 21804 I BatteryMgr:DataCollectionService: stats => 1688492702422,-141,4124
07-04 19:45:02.534 21704 21804 I BatteryMgr:DataCollectionService: stats => 1688492702534,-141,4124
07-04 19:45:02.646 21704 21804 I BatteryMgr:DataCollectionService: stats => 1688492702646,-141,4124
07-04 19:45:02.758 21704 21804 I BatteryMgr:DataCollectionService: stats => 1688492702758,-141,4124
07-04 19:45:02.870 21704 21804 I BatteryMgr:DataCollectionService: stats => 1688492702870,-141,4124
07-04 19:45:02.982 21704 21804 I BatteryMgr:DataCollectionService: stats => 1688492702982,-141,4124
07-04 19:45:03.067  3960  4030 D SensorService: [SO] 0.086 -0.153 9.955
07-04 19:45:03.094 21704 21804 I BatteryMgr:DataCollectionService: stats => 1688492703094,-141,4124
07-04 19:45:03.206 21704 21804 I BatteryMgr:DataCollectionService: stats => 1688492703206,-141,4124
07-04 19:45:03.318 21704 21804 I BatteryMgr:DataCollectionService: stats => 1688492703318,-141,4124
07-04 19:45:03.430 21704 21804 I BatteryMgr:DataCollectionService: stats => 1688492703430,-141,4124
07-04 19:45:03.541 21704 21804 I BatteryMgr:DataCollectionService: stats => 1688492703541,-141,4124
07-04 19:45:03.653 21704 21804 I BatteryMgr:DataCollectionService: stats => 1688492703653,-141,4124
07-04 19:45:03.765 21704 21804 I BatteryMgr:DataCollectionService: stats => 1688492703765,-141,4124
07-04 19:45:03.877 21704 21804 I BatteryMgr:DataCollectionService: stats => 1688492703876,-141,4124
07-04 19:45:03.988 21704 21804 I BatteryMgr:DataCollectionService: stats => 1688492703988,-141,4124
07-04 19:45:04.100 21704 21804 I BatteryMgr:DataCollectionService: stats => 1688492704100,-141,4124
07-04 19:45:04.212 21704 21804 I BatteryMgr:DataCollectionService: stats => 1688492704212,-141,4124
07-04 19:45:04.324 21704 21804 I BatteryMgr:DataCollectionService: stats => 1688492704324,-141,4124
07-04 19:45:04.436 21704 21804 I BatteryMgr:DataCollectionService: stats => 1688492704436,-141,4124
07-04 19:45:04.548 21704 21804 I BatteryMgr:DataCollectionService: stats => 1688492704547,-141,4124
07-04 19:45:04.659 21704 21804 I BatteryMgr:DataCollectionService: stats => 1688492704659,-141,4124
07-04 19:45:04.771 21704 21804 I BatteryMgr:DataCollectionService: stats => 1688492704771,-141,4124
07-04 19:45:04.883 21704 21804 I BatteryMgr:DataCollectionService: stats => 1688492704882,-141,4124
07-04 19:45:04.994 21704 21804 I BatteryMgr:DataCollectionService: stats => 1688492704994,-141,4124
07-04 19:45:05.106 21704 21804 I BatteryMgr:DataCollectionService: stats => 1688492705106,-141,4124
07-04 19:45:05.131  3434  3434 I android.hardware.wifi@1.0-service: getLinkLayerStats
07-04 19:45:05.217 21704 21804 I BatteryMgr:DataCollectionService: stats => 1688492705217,-141,4124
07-04 19:45:05.329 21704 21804 I BatteryMgr:DataCollectionService: stats => 1688492705329,-141,4124
07-04 19:45:05.441 21704 21804 I BatteryMgr:DataCollectionService: stats => 1688492705441,-141,4124
07-04 19:45:05.552 21704 21804 I BatteryMgr:DataCollectionService: stats => 1688492705552,-141,4124
07-04 19:45:05.664 21704 21804 I BatteryMgr:DataCollectionService: stats => 1688492705664,-141,4124
07-04 19:45:05.775 21704 21804 I BatteryMgr:DataCollectionService: stats => 1688492705775,-141,4124
07-04 19:45:05.887 21704 21804 I BatteryMgr:DataCollectionService: stats => 1688492705887,-141,4124
07-04 19:45:05.999 21704 21804 I BatteryMgr:DataCollectionService: stats => 1688492705999,-141,4124
07-04 19:45:06.111 21704 21804 I BatteryMgr:DataCollectionService: stats => 1688492706110,-141,4124
07-04 19:45:06.221 21704 21804 I BatteryMgr:DataCollectionService: stats => 1688492706221,-141,4124
07-04 19:45:06.332 21704 21804 I BatteryMgr:DataCollectionService: stats => 1688492706332,-141,4124
07-04 19:45:06.444 21704 21804 I BatteryMgr:DataCollectionService: stats => 1688492706444,-141,4124
07-04 19:45:06.555 21704 21804 I BatteryMgr:DataCollectionService: stats => 1688492706555,-141,4124
07-04 19:45:06.667 21704 21804 I BatteryMgr:DataCollectionService: stats => 1688492706667,-141,4124
07-04 19:45:06.778 21704 21804 I BatteryMgr:DataCollectionService: stats => 1688492706778,-141,4124
