07-12 00:54:57.336  5322  5322 I KeyboardModeManager: KeyboardModeManager.setInputView():557 setInputView() : supportsOneHandedMode=false
07-12 00:54:57.337  5322  5322 I NormalModeController: NormalModeController.getKeyboardBodyViewHolderPaddingBottom():118 currentPrimeKeyboardType:SOFT systemPaddingBottom:-1
07-12 00:54:57.337  5322  5322 I KeyboardModeManager: KeyboardModeManager.setInputView():549 setInputView() : entry=idi{languageTag=en-GB, variant=qwerty, hasLocalizedResources=true, conditionCacheKey=_device=phone_device_size=default_enable_adaptive_translate=true_enable_large_tablet_batch_1=false_enable_large_tablet_batch_2=false_enable_more_candidates_view_for_multilingual=false_enable_nav_redesign=true_enable_nav_redesign_for_expression=true_enable_navbar_motion=true_enable_number_row=false_enable_preemptive_decode=true_enable_secondary_symbols=false_expressions=normal_four_or_more_letter_rows=false_keyboard_mode=normal_language=en-GB_orientation=portrait_physical_keyboard=nokeys_rtl_layout=false_show_secondary_digits=true_show_suggestions=true_split_with_duplicate_keys=true_variant=qwerty, imeDef.stringId=ime_english_great_britain, imeDef.className=com.google.android.apps.inputmethod.libs.latin5.LatinIme, imeDef.languageTag=en-GB}
07-12 00:54:57.337  4443  4443 I INV.AssistLayer.Host: onConfigurationChanged skipped, host already gone
07-12 00:54:57.338  1346 24604 E qdmetadata: Unknown paramType 4096
07-12 00:54:57.339  5322  5322 I StyledKeyboardTheme: StyledKeyboardTheme.<init>():103 Pref: [], themeName: [assets:theme_package_metadata_google_blue_light.binarypb], darkMode: [false], cacheKey: [builtin_google_blue_light.binarypb]
07-12 00:54:57.340  5322  5322 I DeviceModeUtil: DeviceModeUtil.getDeviceMode():140 Get device mode phone by ui mode:1 and smallestScreenWidthDp:411
07-12 00:54:57.340  5322  5322 I chatty  : uid=10159(com.google.android.inputmethod.latin) identical 1 line
07-12 00:54:57.340  5322  5322 I DeviceModeUtil: DeviceModeUtil.getDeviceMode():140 Get device mode phone by ui mode:1 and smallestScreenWidthDp:411
07-12 00:54:57.340  5322  5322 I GoogleInputMethodService: GoogleInputMethodService.initializeKeyboardTheme():1355 Apply keyboard theme: theme_border_stylesheet_navredesign_googleblue_materiallight_phone_400_builtin_google_blue_light.binarypb_land
07-12 00:54:57.348  2616  2616 D StatusBar: disable<e i a s b h r c s > disable2<q i n >
07-12 00:54:57.349  5322  5322 I DeviceModeUtil: DeviceModeUtil.getDeviceMode():140 Get device mode phone by ui mode:1 and smallestScreenWidthDp:411
07-12 00:54:57.353  5322  5322 I NormalModeController: NormalModeController.getKeyboardBodyViewHolderPaddingBottom():118 currentPrimeKeyboardType:SOFT systemPaddingBottom:-1
07-12 00:54:57.353  5322  5322 I InputMethodEntryManager: InputMethodEntryManager.startLoadingInputMethodEntrySettings():741 Start loading input method entry settings: [LanguageTagVariantTuple{languageTag=en-GB, variant=qwerty}]
07-12 00:54:57.355  2616  2616 W ndroid.systemui: type=1400 audit(0.0:36418): avc: denied { read } for name="u:object_r:qemu_hw_mainkeys:s0" dev="tmpfs" ino=11857 scontext=u:r:platform_app:s0:c512,c768 tcontext=u:object_r:qemu_hw_mainkeys:s0 tclass=file permissive=0 app=com.android.systemui
07-12 00:54:57.355  5322  5322 I InputMethodEntryManager: InputMethodEntryManager.updateInputMethodEntrySettingsLoadingTask():828 update loading task with resetImplicitlyEnabledEntries is false
07-12 00:54:57.359  5322  5322 I KeyboardHeightUtil: KeyboardHeightUtil.getKeyboardHeightRatio():193 systemKeyboardHeightRatio:1.000000; userKeyboardHeightRatio:1.000000.
07-12 00:54:57.362  1346 24604 E qdmetadata: Unknown paramType 4096
07-12 00:54:57.362  1346 24604 E qdmetadata: Unknown paramType 4096
07-12 00:54:57.368  1711  1797 I InputManager-JNI: Viewport [0] to add: local:0, isActive: true
07-12 00:54:57.370  2616  2616 E libc    : Access denied finding property "qemu.hw.mainkeys"
07-12 00:54:57.371  1711  2117 I InputReader: Reconfiguring input devices, changes=DISPLAY_INFO | 
07-12 00:54:57.371  1711  2117 I InputReader: Device reconfigured: id=6, name='fts_ts', size 1080x2340, orientation 1, mode 1, display id 0
07-12 00:54:57.389  1005  1890 I BpBinder: onLastStrongRef automatically unlinking death recipients: <uncached descriptor>
07-12 00:54:57.411  5322  5322 I GoogleInputMethodService: GoogleInputMethodService.onStartInput():1909 onStartInput(EditorInfo{inputType=0x0(NULL) imeOptions=0x0 privateImeOptions=null actionName=UNSPECIFIED actionLabel=null actionId=0 initialSelStart=-1 initialSelEnd=-1 initialCapsMode=0x0 hintText=null label=null packageName=x.intervalapp.displaytest fieldId=2131034191 fieldName=null extras=null hintLocales=[]}, true)
07-12 00:54:57.411  5322  5322 I GoogleInputMethodService: GoogleInputMethodService.shouldHideHeaderOnInitialState():1990 ShouldHideHeaderOnInitialState = false
07-12 00:54:57.412  5322  5322 I GoogleInputMethodService: GoogleInputMethodService.updateDeviceLockedStatus():2127 repeatCheckTimes = 1, locked = false
07-12 00:54:57.412  5322  5322 W SessionManager: SessionManager.beginSession():53 Try to begin an already begun session [INPUT_SESSION], end it first
07-12 00:54:57.424  2616  2616 D StatusBar: disable<e i a s b h r c s > disable2<q i n >
07-12 00:54:57.424  5322  5322 I GoogleInputMethodService: GoogleInputMethodService.lambda$setDecorViewApplyWindowInsetsListener$10():1177 update screenHeightWithoutNaviBar to: 954
07-12 00:54:57.426  5322  5322 I GoogleInputMethodService: GoogleInputMethodService.lambda$setDecorViewApplyWindowInsetsListener$10():1183 update max height when insets changes
07-12 00:54:57.427  1346 24604 E qdmetadata: Unknown paramType 4096
07-12 00:54:57.433  5322  5322 I GoogleInputMethodService: GoogleInputMethodService.lambda$setDecorViewApplyWindowInsetsListener$10():1177 update screenHeightWithoutNaviBar to: 1080
07-12 00:54:57.433  5322  5322 I GoogleInputMethodService: GoogleInputMethodService.lambda$setDecorViewApplyWindowInsetsListener$10():1183 update max height when insets changes
07-12 00:54:57.434  5322  5322 I InputMethodEntryManager: InputMethodEntryManager$5.onSuccess():847 Success load entries: [LanguageTagVariantTuple{languageTag=en-GB, variant=qwerty}], resetImplicitlyEnabledEntries=false
07-12 00:54:57.437  5322  5322 I DictionarySuperpacksManager: DictionarySuperpacksManager$1.onEnabledInputMethodEntriesChanged():61 onEnabledInputMethodEntriesChanged
07-12 00:54:57.440  5322  5567 I SP      : Registering emoticon_content_description.2022081613, url: https://www.gstatic.com/android/keyboard/emoticon_content_desc/202208161305/superpacks_manifest.json, constraints: W:*:*:*, flags: bg, requested: 2022081613, current: 2022081613
07-12 00:54:57.441  5322  5567 I SP      : Registering content_cache.2023050217, url: https://www.gstatic.com/android/keyboard/modelpack/contentcache/202305021713/superpacks_manifest.json, constraints: W:*:*:*, flags: bg, requested: 2023050217, current: 2023050217
07-12 00:54:57.445  5322  5322 I KeyboardDefManager: KeyboardDefManager$LoadKeyboardDefTask$1.onFailure():188 Task to load keyboard def was canceled.
07-12 00:54:57.445  5322  5322 I KeyboardDefManager: java.util.concurrent.CancellationException: Task was cancelled.
07-12 00:54:57.445  5322  5322 I KeyboardDefManager: 	at ngi.r(PG:2)
07-12 00:54:57.445  5322  5322 I KeyboardDefManager: 	at ngi.get(PG:3)
07-12 00:54:57.445  5322  5322 I KeyboardDefManager: 	at bv.D(PG:1)
07-12 00:54:57.445  5322  5322 I KeyboardDefManager: 	at mul.az(PG:2)
07-12 00:54:57.445  5322  5322 I KeyboardDefManager: 	at nhz.run(PG:3)
07-12 00:54:57.445  5322  5322 I KeyboardDefManager: 	at hgk.execute(PG:3)
07-12 00:54:57.445  5322  5322 I KeyboardDefManager: 	at ngi.h(PG:1)
07-12 00:54:57.445  5322  5322 I KeyboardDefManager: 	at ngi.k(PG:12)
07-12 00:54:57.445  5322  5322 I KeyboardDefManager: 	at ngi.cancel(PG:6)
07-12 00:54:57.445  5322  5322 I KeyboardDefManager: 	at iqj.b(PG:2)
07-12 00:54:57.445  5322  5322 I KeyboardDefManager: 	at dnh.aj(PG:2)
07-12 00:54:57.445  5322  5322 I KeyboardDefManager: 	at dnh.i(PG:4)
07-12 00:54:57.445  5322  5322 I KeyboardDefManager: 	at cal.i(PG:2)
07-12 00:54:57.445  5322  5322 I KeyboardDefManager: 	at dna.a(PG:1)
07-12 00:54:57.445  5322  5322 I KeyboardDefManager: 	at ict.d(PG:1)
07-12 00:54:57.445  5322  5322 I KeyboardDefManager: 	at ict.fw(PG:2)
07-12 00:54:57.445  5322  5322 I KeyboardDefManager: 	at isl.run(PG:24)
07-12 00:54:57.445  5322  5322 I KeyboardDefManager: 	at nhj.execute(PG:1)
07-12 00:54:57.445  5322  5322 I KeyboardDefManager: 	at kjx.t(PG:1)
07-12 00:54:57.445  5322  5322 I KeyboardDefManager: 	at iyl.j(PG:11)
07-12 00:54:57.445  5322  5322 I KeyboardDefManager: 	at iyl.g(PG:5)
07-12 00:54:57.445  5322  5322 I KeyboardDefManager: 	at ied.ah(PG:6)
07-12 00:54:57.445  5322  5322 I KeyboardDefManager: 	at idw.b(PG:10)
07-12 00:54:57.445  5322  5322 I KeyboardDefManager: 	at nhz.run(PG:6)
07-12 00:54:57.445  5322  5322 I KeyboardDefManager: 	at android.os.Handler.handleCallback(Handler.java:938)
07-12 00:54:57.445  5322  5322 I KeyboardDefManager: 	at android.os.Handler.dispatchMessage(Handler.java:99)
07-12 00:54:57.445  5322  5322 I KeyboardDefManager: 	at android.os.Looper.loop(Looper.java:223)
07-12 00:54:57.445  5322  5322 I KeyboardDefManager: 	at android.app.ActivityThread.main(ActivityThread.java:7701)
07-12 00:54:57.445  5322  5322 I KeyboardDefManager: 	at java.lang.reflect.Method.invoke(Native Method)
07-12 00:54:57.445  5322  5322 I KeyboardDefManager: 	at com.android.internal.os.RuntimeInit$MethodAndArgsCaller.run(RuntimeInit.java:592)
07-12 00:54:57.445  5322  5322 I KeyboardDefManager: 	at com.android.internal.os.ZygoteInit.main(ZygoteInit.java:952)
07-12 00:54:57.447  5322  5322 I StyledKeyboardTheme: StyledKeyboardTheme.<init>():103 Pref: [], themeName: [assets:theme_package_metadata_google_blue_light.binarypb], darkMode: [false], cacheKey: [builtin_google_blue_light.binarypb]
07-12 00:54:57.449  5322  5567 I SP      : Syncing emoticon_content_description (2022081613) with slices: [7a635888cb828dfa2fc744b7b9b50f04, 82203eaeaa17c7345d29b18e337a6f27], metadata: false
07-12 00:54:57.453  5322  5322 I DeviceModeUtil: DeviceModeUtil.getDeviceMode():140 Get device mode phone by ui mode:1 and smallestScreenWidthDp:411
07-12 00:54:57.453  5322  5567 I SP      : Syncing content_cache (2023050217) with slices: [bb54f3d41c84c1073a121e9c77bad4fe, 8722425f4121ffdea802b1066df73991, fa1da98da1212aad6fb9a8efaff48148], metadata: true
07-12 00:54:57.453  5322  5322 I DeviceModeUtil: DeviceModeUtil.getDeviceMode():140 Get device mode phone by ui mode:1 and smallestScreenWidthDp:411
07-12 00:54:57.453  5322  5322 I DeviceModeUtil: DeviceModeUtil.getDeviceMode():140 Get device mode phone by ui mode:1 and smallestScreenWidthDp:411
07-12 00:54:57.453  5322  5322 I GoogleInputMethodService: GoogleInputMethodService.initializeKeyboardTheme():1355 Apply keyboard theme: theme_border_stylesheet_navredesign_googleblue_materiallight_phone_400_builtin_google_blue_light.binarypb_land
07-12 00:54:57.461  1346 24604 E qdmetadata: Unknown paramType 4096
07-12 00:54:57.627  1346 24604 I chatty  : uid=1046(mediacodec) omx@1.0-service identical 5 lines
07-12 00:54:57.627  1346 24604 E qdmetadata: Unknown paramType 4096
07-12 00:54:57.669  5322  5567 I SP      : Sync for emoticon_content_description succeeded in 223 ms: no changes
07-12 00:54:57.670  5322  5567 I SP      : Sync for content_cache succeeded in 224 ms: no changes
07-12 00:54:57.670  5322  5567 I SP      : GC for 'emoticon_content_description' (10) with ttl of 0 ms took 0 ms (0/0/0)
07-12 00:54:57.671  5322  5567 I SP      : GC for 'content_cache' (10) with ttl of 0 ms took 0 ms (0/0/0)
07-12 00:54:57.694  1346 24604 E qdmetadata: Unknown paramType 4096
07-12 00:54:57.760  1346 24604 I chatty  : uid=1046(mediacodec) omx@1.0-service identical 2 lines
07-12 00:54:57.761  1346 24604 E qdmetadata: Unknown paramType 4096
07-12 00:54:57.814  1711  4111 D CompatibilityInfo: mCompatibilityFlags - 0
07-12 00:54:57.814  1711  4111 D CompatibilityInfo: applicationDensity - 420
07-12 00:54:57.814  1711  4111 D CompatibilityInfo: applicationScale - 1.0
07-12 00:54:57.815 24639 24641 I cmd     : oneway function results will be dropped but finished with status OK and parcel size 4
07-12 00:54:57.819 24514 24514 I BatteryMgr:DataCollectionService: onStartCommand: begin
07-12 00:54:57.819 24514 24514 I BatteryMgr:DataCollectionService: onStartCommand: sampleRate => 0
07-12 00:54:57.819 24514 24514 I BatteryMgr:DataCollectionService: onStartCommand: rawFields => Timestamp,BATTERY_PROPERTY_CURRENT_NOW,EXTRA_VOLTAGE
07-12 00:54:57.821 24514 24514 I BatteryMgr:DataCollectionService: onStartCommand: notification done
07-12 00:54:57.824  1711  4111 D CompatibilityChangeReporter: Compat change id reported: 136219221; UID 10200; state: ENABLED
07-12 00:54:57.825 24514 24514 I BatteryMgr:DataCollectionService: started foreground
07-12 00:54:57.827  1346 24604 E qdmetadata: Unknown paramType 4096
07-12 00:54:57.832 24514 24642 I BatteryMgr:DataCollectionService: collectData: begin
07-12 00:54:57.836 24514 24642 I BatteryMgr:DataCollectionService: stats => 1689116097836,-482421,4104
07-12 00:54:57.838 24514 24642 I BatteryMgr:DataCollectionService: stats => 1689116097838,-482421,4104
07-12 00:54:57.841 24514 24642 I BatteryMgr:DataCollectionService: stats => 1689116097841,-482421,4104
07-12 00:54:57.843 24514 24642 I BatteryMgr:DataCollectionService: stats => 1689116097843,-482421,4104
07-12 00:54:57.845 24514 24642 I BatteryMgr:DataCollectionService: stats => 1689116097845,-482421,4104
07-12 00:54:57.847 24514 24642 I BatteryMgr:DataCollectionService: stats => 1689116097847,-482421,4104
07-12 00:54:57.848 24514 24642 I BatteryMgr:DataCollectionService: stats => 1689116097848,-482421,4104
07-12 00:54:57.852 24514 24642 I BatteryMgr:DataCollectionService: stats => 1689116097852,-482421,4104
07-12 00:54:57.854 24514 24642 I BatteryMgr:DataCollectionService: stats => 1689116097854,-482421,4104
07-12 00:54:57.856 24514 24642 I BatteryMgr:DataCollectionService: stats => 1689116097856,-482421,4104
07-12 00:54:57.859 24514 24642 I BatteryMgr:DataCollectionService: stats => 1689116097859,-482421,4104
07-12 00:54:57.861  1346 24604 E qdmetadata: Unknown paramType 4096
07-12 00:54:57.861 24514 24642 I BatteryMgr:DataCollectionService: stats => 1689116097861,-482421,4104
07-12 00:54:57.863 24514 24642 I BatteryMgr:DataCollectionService: stats => 1689116097863,-482421,4104
07-12 00:54:57.866 24514 24642 I BatteryMgr:DataCollectionService: stats => 1689116097866,-482421,4104
07-12 00:54:57.868 24514 24642 I BatteryMgr:DataCollectionService: stats => 1689116097868,-482421,4104
07-12 00:54:57.870 24514 24642 I BatteryMgr:DataCollectionService: stats => 1689116097870,-482421,4104
07-12 00:54:57.872 24514 24642 I BatteryMgr:DataCollectionService: stats => 1689116097872,-482421,4104
07-12 00:54:57.874 24514 24642 I BatteryMgr:DataCollectionService: stats => 1689116097874,-482421,4104
07-12 00:54:57.876 24514 24642 I BatteryMgr:DataCollectionService: stats => 1689116097876,-482421,4104
07-12 00:54:57.878 24514 24642 I BatteryMgr:DataCollectionService: stats => 1689116097878,-482421,4104
07-12 00:54:57.880 24514 24642 I BatteryMgr:DataCollectionService: stats => 1689116097880,-482421,4104
07-12 00:54:57.882 24514 24642 I BatteryMgr:DataCollectionService: stats => 1689116097882,-482421,4104
07-12 00:54:57.885 24514 24642 I BatteryMgr:DataCollectionService: stats => 1689116097885,-482421,4104
07-12 00:54:57.888 24514 24642 I BatteryMgr:DataCollectionService: stats => 1689116097888,-482421,4104
07-12 00:54:57.890 24514 24642 I BatteryMgr:DataCollectionService: stats => 1689116097890,-482421,4104
07-12 00:54:57.893 24514 24642 I BatteryMgr:DataCollectionService: stats => 1689116097893,-482421,4104
07-12 00:54:57.894  1346 24604 E qdmetadata: Unknown paramType 4096
07-12 00:54:57.894  1346 24604 E qdmetadata: Unknown paramType 4096
07-12 00:54:57.896 24514 24642 I BatteryMgr:DataCollectionService: stats => 1689116097895,-482421,4104
07-12 00:54:57.898 24514 24642 I BatteryMgr:DataCollectionService: stats => 1689116097898,-482421,4104
07-12 00:54:57.900 24514 24642 I BatteryMgr:DataCollectionService: stats => 1689116097900,-482421,4104
07-12 00:54:57.902 24514 24642 I BatteryMgr:DataCollectionService: stats => 1689116097902,-482421,4104
07-12 00:54:57.907 24514 24642 I BatteryMgr:DataCollectionService: stats => 1689116097907,-482421,4104
07-12 00:54:57.910 24514 24642 I BatteryMgr:DataCollectionService: stats => 1689116097910,-482421,4104
07-12 00:54:57.912 24514 24642 I BatteryMgr:DataCollectionService: stats => 1689116097912,-482421,4104
07-12 00:54:57.914 24514 24642 I BatteryMgr:DataCollectionService: stats => 1689116097914,-482421,4104
07-12 00:54:57.916 24514 24642 I BatteryMgr:DataCollectionService: stats => 1689116097916,-482421,4104
07-12 00:54:57.918 24514 24642 I BatteryMgr:DataCollectionService: stats => 1689116097917,-482421,4104
07-12 00:54:57.920 24514 24642 I BatteryMgr:DataCollectionService: stats => 1689116097920,-482421,4104
07-12 00:54:57.923 24514 24642 I BatteryMgr:DataCollectionService: stats => 1689116097923,-482421,4104
07-12 00:54:57.926 24514 24642 I BatteryMgr:DataCollectionService: stats => 1689116097926,-482421,4104
07-12 00:54:57.928 24514 24642 I BatteryMgr:DataCollectionService: stats => 1689116097928,-482421,4104
07-12 00:54:57.931 24514 24642 I BatteryMgr:DataCollectionService: stats => 1689116097931,-482421,4104
07-12 00:54:57.933 24514 24642 I BatteryMgr:DataCollectionService: stats => 1689116097933,-482421,4104
07-12 00:54:57.935 24514 24642 I BatteryMgr:DataCollectionService: stats => 1689116097935,-482421,4104
07-12 00:54:57.937 24514 24642 I BatteryMgr:DataCollectionService: stats => 1689116097937,-482421,4104
07-12 00:54:57.940 24514 24642 I BatteryMgr:DataCollectionService: stats => 1689116097940,-482421,4104
07-12 00:54:57.943 24514 24642 I BatteryMgr:DataCollectionService: stats => 1689116097943,-482421,4104
07-12 00:54:57.946 24514 24642 I BatteryMgr:DataCollectionService: stats => 1689116097946,-482421,4104
07-12 00:54:57.949 24514 24642 I BatteryMgr:DataCollectionService: stats => 1689116097949,-482421,4104
07-12 00:54:57.951 24514 24642 I BatteryMgr:DataCollectionService: stats => 1689116097951,-482421,4104
07-12 00:54:57.955 24514 24642 I BatteryMgr:DataCollectionService: stats => 1689116097955,-482421,4104
07-12 00:54:57.958 24514 24642 I BatteryMgr:DataCollectionService: stats => 1689116097958,-482421,4104
07-12 00:54:57.960 24514 24642 I BatteryMgr:DataCollectionService: stats => 1689116097960,-482421,4104
07-12 00:54:57.961  1346 24604 E qdmetadata: Unknown paramType 4096
07-12 00:54:57.963 24514 24642 I BatteryMgr:DataCollectionService: stats => 1689116097962,-482421,4104
07-12 00:54:57.965 24514 24642 I BatteryMgr:DataCollectionService: stats => 1689116097964,-482421,4104
07-12 00:54:57.966 24514 24642 I BatteryMgr:DataCollectionService: stats => 1689116097966,-482421,4104
07-12 00:54:57.968 24514 24642 I BatteryMgr:DataCollectionService: stats => 1689116097968,-482421,4104
07-12 00:54:57.971 24514 24642 I BatteryMgr:DataCollectionService: stats => 1689116097970,-482421,4104
07-12 00:54:57.973 24514 24642 I BatteryMgr:DataCollectionService: stats => 1689116097973,-482421,4104
07-12 00:54:57.976 24514 24642 I BatteryMgr:DataCollectionService: stats => 1689116097976,-482421,4104
07-12 00:54:57.978 24514 24642 I BatteryMgr:DataCollectionService: stats => 1689116097978,-482421,4104
07-12 00:54:57.979 24514 24642 I BatteryMgr:DataCollectionService: stats => 1689116097979,-482421,4104
07-12 00:54:57.981 24514 24642 I BatteryMgr:DataCollectionService: stats => 1689116097981,-482421,4104
07-12 00:54:57.983 24514 24642 I BatteryMgr:DataCollectionService: stats => 1689116097983,-482421,4104
07-12 00:54:57.985 24514 24642 I BatteryMgr:DataCollectionService: stats => 1689116097985,-482421,4104
07-12 00:54:57.987 24514 24642 I BatteryMgr:DataCollectionService: stats => 1689116097987,-482421,4104
07-12 00:54:57.989 24514 24642 I BatteryMgr:DataCollectionService: stats => 1689116097989,-482421,4104
07-12 00:54:57.992 24514 24642 I BatteryMgr:DataCollectionService: stats => 1689116097992,-482421,4104
07-12 00:54:57.994 24514 24642 I BatteryMgr:DataCollectionService: stats => 1689116097994,-482421,4104
07-12 00:54:57.994  1346 24604 E qdmetadata: Unknown paramType 4096
07-12 00:54:57.996 24514 24642 I BatteryMgr:DataCollectionService: stats => 1689116097996,-482421,4104
07-12 00:54:57.998 24514 24642 I BatteryMgr:DataCollectionService: stats => 1689116097998,-482421,4104
07-12 00:54:57.999 24514 24642 I BatteryMgr:DataCollectionService: stats => 1689116097999,-482421,4104
07-12 00:54:58.001 24514 24642 I BatteryMgr:DataCollectionService: stats => 1689116098001,-482421,4104
07-12 00:54:58.003 24514 24642 I BatteryMgr:DataCollectionService: stats => 1689116098003,-482421,4104
07-12 00:54:58.005 24514 24642 I BatteryMgr:DataCollectionService: stats => 1689116098005,-482421,4104
07-12 00:54:58.007 24514 24642 I BatteryMgr:DataCollectionService: stats => 1689116098007,-482421,4104
07-12 00:54:58.010 24514 24642 I BatteryMgr:DataCollectionService: stats => 1689116098010,-482421,4104
07-12 00:54:58.011 24514 24642 I BatteryMgr:DataCollectionService: stats => 1689116098011,-482421,4104
07-12 00:54:58.013 24514 24642 I BatteryMgr:DataCollectionService: stats => 1689116098013,-482421,4104
07-12 00:54:58.015 24514 24642 I BatteryMgr:DataCollectionService: stats => 1689116098015,-482421,4104
07-12 00:54:58.016 24514 24642 I BatteryMgr:DataCollectionService: stats => 1689116098016,-482421,4104
07-12 00:54:58.018 24514 24642 I BatteryMgr:DataCollectionService: stats => 1689116098018,-482421,4104
07-12 00:54:58.020 24514 24642 I BatteryMgr:DataCollectionService: stats => 1689116098020,-482421,4104
07-12 00:54:58.022 24514 24642 I BatteryMgr:DataCollectionService: stats => 1689116098022,-482421,4104
07-12 00:54:58.024 24514 24642 I BatteryMgr:DataCollectionService: stats => 1689116098024,-482421,4104
07-12 00:54:58.026 24514 24642 I BatteryMgr:DataCollectionService: stats => 1689116098026,-482421,4104
07-12 00:54:58.027  1346 24604 E qdmetadata: Unknown paramType 4096
07-12 00:54:58.027  1346 24604 E qdmetadata: Unknown paramType 4096
07-12 00:54:58.029 24514 24642 I BatteryMgr:DataCollectionService: stats => 1689116098029,-482421,4104
07-12 00:54:58.031 24514 24642 I BatteryMgr:DataCollectionService: stats => 1689116098031,-482421,4104
07-12 00:54:58.033 24514 24642 I BatteryMgr:DataCollectionService: stats => 1689116098033,-482421,4104
07-12 00:54:58.035 24514 24642 I BatteryMgr:DataCollectionService: stats => 1689116098035,-482421,4104
07-12 00:54:58.036 24514 24642 I BatteryMgr:DataCollectionService: stats => 1689116098036,-482421,4104
07-12 00:54:58.038 24514 24642 I BatteryMgr:DataCollectionService: stats => 1689116098038,-482421,4104
07-12 00:54:58.040 24514 24642 I BatteryMgr:DataCollectionService: stats => 1689116098040,-482421,4104
07-12 00:54:58.042 24514 24642 I BatteryMgr:DataCollectionService: stats => 1689116098042,-482421,4104
07-12 00:54:58.044 24514 24642 I BatteryMgr:DataCollectionService: stats => 1689116098044,-482421,4104
07-12 00:54:58.045 24514 24642 I BatteryMgr:DataCollectionService: stats => 1689116098045,-482421,4104
07-12 00:54:58.047 24514 24642 I BatteryMgr:DataCollectionService: stats => 1689116098047,-482421,4104
07-12 00:54:58.048 24514 24642 I BatteryMgr:DataCollectionService: stats => 1689116098048,-482421,4104
07-12 00:54:58.050 24514 24642 I BatteryMgr:DataCollectionService: stats => 1689116098050,-482421,4104
07-12 00:54:58.052 24514 24642 I BatteryMgr:DataCollectionService: stats => 1689116098052,-482421,4104
07-12 00:54:58.054 24514 24642 I BatteryMgr:DataCollectionService: stats => 1689116098054,-482421,4104
07-12 00:54:58.057 24514 24642 I BatteryMgr:DataCollectionService: stats => 1689116098057,-482421,4104
07-12 00:54:58.058 24514 24642 I BatteryMgr:DataCollectionService: stats => 1689116098058,-482421,4104
07-12 00:54:58.060 24514 24642 I BatteryMgr:DataCollectionService: stats => 1689116098060,-482421,4104
07-12 00:54:58.062 24514 24642 I BatteryMgr:DataCollectionService: stats => 1689116098062,-447265,4104
07-12 00:54:58.064 24514 24642 I BatteryMgr:DataCollectionService: stats => 1689116098064,-447265,4104
07-12 00:54:58.065 24514 24642 I BatteryMgr:DataCollectionService: stats => 1689116098065,-447265,4104
07-12 00:54:58.067 24514 24642 I BatteryMgr:DataCollectionService: stats => 1689116098067,-447265,4104
07-12 00:54:58.069 24514 24642 I BatteryMgr:DataCollectionService: stats => 1689116098069,-447265,4104
07-12 00:54:58.071 24514 24642 I BatteryMgr:DataCollectionService: stats => 1689116098071,-447265,4104
07-12 00:54:58.074 24514 24642 I BatteryMgr:DataCollectionService: stats => 1689116098073,-447265,4104
07-12 00:54:58.075 24514 24642 I BatteryMgr:DataCollectionService: stats => 1689116098075,-447265,4104
07-12 00:54:58.077 24514 24642 I BatteryMgr:DataCollectionService: stats => 1689116098077,-447265,4104
07-12 00:54:58.078 24514 24642 I BatteryMgr:DataCollectionService: stats => 1689116098078,-447265,4104
07-12 00:54:58.080 24514 24642 I BatteryMgr:DataCollectionService: stats => 1689116098080,-447265,4104
07-12 00:54:58.081 24514 24642 I BatteryMgr:DataCollectionService: stats => 1689116098081,-447265,4104
07-12 00:54:58.083 24514 24642 I BatteryMgr:DataCollectionService: stats => 1689116098083,-447265,4104
07-12 00:54:58.085 24514 24642 I BatteryMgr:DataCollectionService: stats => 1689116098084,-447265,4104
07-12 00:54:58.087 24514 24642 I BatteryMgr:DataCollectionService: stats => 1689116098087,-447265,4104
07-12 00:54:58.089 24514 24642 I BatteryMgr:DataCollectionService: stats => 1689116098089,-447265,4104
07-12 00:54:58.091 24514 24642 I BatteryMgr:DataCollectionService: stats => 1689116098091,-447265,4104
07-12 00:54:58.093 24514 24642 I BatteryMgr:DataCollectionService: stats => 1689116098092,-447265,4104
07-12 00:54:58.094  1346 24604 E qdmetadata: Unknown paramType 4096
07-12 00:54:58.094 24514 24642 I BatteryMgr:DataCollectionService: stats => 1689116098094,-447265,4104
07-12 00:54:58.096 24514 24642 I BatteryMgr:DataCollectionService: stats => 1689116098096,-447265,4104
07-12 00:54:58.098 24514 24642 I BatteryMgr:DataCollectionService: stats => 1689116098098,-447265,4104
07-12 00:54:58.100 24514 24642 I BatteryMgr:DataCollectionService: stats => 1689116098100,-447265,4104
07-12 00:54:58.101 24514 24642 I BatteryMgr:DataCollectionService: stats => 1689116098101,-447265,4104
07-12 00:54:58.103 24514 24642 I BatteryMgr:DataCollectionService: stats => 1689116098103,-447265,4104
07-12 00:54:58.105 24514 24642 I BatteryMgr:DataCollectionService: stats => 1689116098105,-447265,4104
07-12 00:54:58.107 24514 24642 I BatteryMgr:DataCollectionService: stats => 1689116098107,-447265,4104
07-12 00:54:58.109 24514 24642 I BatteryMgr:DataCollectionService: stats => 1689116098109,-447265,4104
07-12 00:54:58.111 24514 24642 I BatteryMgr:DataCollectionService: stats => 1689116098111,-447265,4104
07-12 00:54:58.112 24514 24642 I BatteryMgr:DataCollectionService: stats => 1689116098112,-447265,4104
07-12 00:54:58.114 24514 24642 I BatteryMgr:DataCollectionService: stats => 1689116098114,-447265,4104
07-12 00:54:58.116 24514 24642 I BatteryMgr:DataCollectionService: stats => 1689116098116,-447265,4104
07-12 00:54:58.118 24514 24642 I BatteryMgr:DataCollectionService: stats => 1689116098118,-447265,4104
07-12 00:54:58.120 24514 24642 I BatteryMgr:DataCollectionService: stats => 1689116098120,-447265,4104
07-12 00:54:58.123 24514 24642 I BatteryMgr:DataCollectionService: stats => 1689116098122,-447265,4104
07-12 00:54:58.124 24514 24642 I BatteryMgr:DataCollectionService: stats => 1689116098124,-447265,4104
07-12 00:54:58.126 24514 24642 I BatteryMgr:DataCollectionService: stats => 1689116098126,-447265,4104
07-12 00:54:58.127  1346 24604 E qdmetadata: Unknown paramType 4096
07-12 00:54:58.128 24514 24642 I BatteryMgr:DataCollectionService: stats => 1689116098128,-447265,4104
07-12 00:54:58.129 24514 24642 I BatteryMgr:DataCollectionService: stats => 1689116098129,-447265,4104
07-12 00:54:58.131 24514 24642 I BatteryMgr:DataCollectionService: stats => 1689116098131,-447265,4104
07-12 00:54:58.132 24514 24642 I BatteryMgr:DataCollectionService: stats => 1689116098132,-447265,4104
07-12 00:54:58.134 24514 24642 I BatteryMgr:DataCollectionService: stats => 1689116098134,-447265,4104
07-12 00:54:58.135 24514 24642 I BatteryMgr:DataCollectionService: stats => 1689116098135,-447265,4104
07-12 00:54:58.137 24514 24642 I BatteryMgr:DataCollectionService: stats => 1689116098137,-447265,4104
07-12 00:54:58.140 24514 24642 I BatteryMgr:DataCollectionService: stats => 1689116098139,-447265,4104
07-12 00:54:58.142 24514 24642 I BatteryMgr:DataCollectionService: stats => 1689116098142,-447265,4104
07-12 00:54:58.144 24514 24642 I BatteryMgr:DataCollectionService: stats => 1689116098144,-447265,4104
07-12 00:54:58.145 24514 24642 I BatteryMgr:DataCollectionService: stats => 1689116098145,-447265,4104
07-12 00:54:58.147 24514 24642 I BatteryMgr:DataCollectionService: stats => 1689116098147,-447265,4104
07-12 00:54:58.148 24514 24642 I BatteryMgr:DataCollectionService: stats => 1689116098148,-447265,4104
07-12 00:54:58.150 24514 24642 I BatteryMgr:DataCollectionService: stats => 1689116098150,-447265,4104
07-12 00:54:58.152 24514 24642 I BatteryMgr:DataCollectionService: stats => 1689116098151,-447265,4104
07-12 00:54:58.154 24514 24642 I BatteryMgr:DataCollectionService: stats => 1689116098154,-447265,4104
07-12 00:54:58.157 24514 24642 I BatteryMgr:DataCollectionService: stats => 1689116098157,-447265,4104
07-12 00:54:58.159 24514 24642 I BatteryMgr:DataCollectionService: stats => 1689116098158,-447265,4104
07-12 00:54:58.160 24514 24642 I BatteryMgr:DataCollectionService: stats => 1689116098160,-447265,4104
07-12 00:54:58.161  1346 24604 E qdmetadata: Unknown paramType 4096
07-12 00:54:58.161  1346 24604 E qdmetadata: Unknown paramType 4096
07-12 00:54:58.163 24514 24642 I BatteryMgr:DataCollectionService: stats => 1689116098163,-447265,4104
07-12 00:54:58.165 24514 24642 I BatteryMgr:DataCollectionService: stats => 1689116098165,-447265,4104
07-12 00:54:58.166 24514 24642 I BatteryMgr:DataCollectionService: stats => 1689116098166,-447265,4104
07-12 00:54:58.168 24514 24642 I BatteryMgr:DataCollectionService: stats => 1689116098168,-447265,4104
07-12 00:54:58.169 24514 24642 I BatteryMgr:DataCollectionService: stats => 1689116098169,-447265,4104
07-12 00:54:58.171 24514 24642 I BatteryMgr:DataCollectionService: stats => 1689116098171,-447265,4104
07-12 00:54:58.174 24514 24642 I BatteryMgr:DataCollectionService: stats => 1689116098174,-447265,4104
07-12 00:54:58.176 24514 24642 I BatteryMgr:DataCollectionService: stats => 1689116098176,-447265,4104
07-12 00:54:58.177 24514 24642 I BatteryMgr:DataCollectionService: stats => 1689116098177,-447265,4104
07-12 00:54:58.179 24514 24642 I BatteryMgr:DataCollectionService: stats => 1689116098179,-447265,4104
07-12 00:54:58.181 24514 24642 I BatteryMgr:DataCollectionService: stats => 1689116098181,-447265,4104
07-12 00:54:58.182 24514 24642 I BatteryMgr:DataCollectionService: stats => 1689116098182,-447265,4104
07-12 00:54:58.184 24514 24642 I BatteryMgr:DataCollectionService: stats => 1689116098184,-447265,4104
07-12 00:54:58.185 24514 24642 I BatteryMgr:DataCollectionService: stats => 1689116098185,-447265,4104
07-12 00:54:58.187 24514 24642 I BatteryMgr:DataCollectionService: stats => 1689116098187,-447265,4104
07-12 00:54:58.190 24514 24642 I BatteryMgr:DataCollectionService: stats => 1689116098190,-447265,4104
07-12 00:54:58.192 24514 24642 I BatteryMgr:DataCollectionService: stats => 1689116098191,-447265,4104
07-12 00:54:58.193 24514 24642 I BatteryMgr:DataCollectionService: stats => 1689116098193,-447265,4104
07-12 00:54:58.195 24514 24642 I BatteryMgr:DataCollectionService: stats => 1689116098195,-447265,4104
07-12 00:54:58.196 24514 24642 I BatteryMgr:DataCollectionService: stats => 1689116098196,-447265,4104
07-12 00:54:58.198 24514 24642 I BatteryMgr:DataCollectionService: stats => 1689116098198,-447265,4104
07-12 00:54:58.199 24514 24642 I BatteryMgr:DataCollectionService: stats => 1689116098199,-447265,4104
07-12 00:54:58.201 24514 24642 I BatteryMgr:DataCollectionService: stats => 1689116098201,-447265,4104
07-12 00:54:58.202 24514 24642 I BatteryMgr:DataCollectionService: stats => 1689116098202,-447265,4104
07-12 00:54:58.204 24514 24642 I BatteryMgr:DataCollectionService: stats => 1689116098204,-447265,4104
07-12 00:54:58.206 24514 24642 I BatteryMgr:DataCollectionService: stats => 1689116098206,-447265,4104
07-12 00:54:58.208 24514 24642 I BatteryMgr:DataCollectionService: stats => 1689116098208,-447265,4104
07-12 00:54:58.210 24514 24642 I BatteryMgr:DataCollectionService: stats => 1689116098210,-447265,4104
07-12 00:54:58.212 24514 24642 I BatteryMgr:DataCollectionService: stats => 1689116098212,-447265,4104
07-12 00:54:58.214 24514 24642 I BatteryMgr:DataCollectionService: stats => 1689116098214,-447265,4104
07-12 00:54:58.216 24514 24642 I BatteryMgr:DataCollectionService: stats => 1689116098216,-447265,4104
07-12 00:54:58.217 24514 24642 I BatteryMgr:DataCollectionService: stats => 1689116098217,-447265,4104
07-12 00:54:58.219 24514 24642 I BatteryMgr:DataCollectionService: stats => 1689116098219,-447265,4104
07-12 00:54:58.221 24514 24642 I BatteryMgr:DataCollectionService: stats => 1689116098221,-447265,4104
07-12 00:54:58.224 24514 24642 I BatteryMgr:DataCollectionService: stats => 1689116098223,-447265,4104
07-12 00:54:58.225 24514 24642 I BatteryMgr:DataCollectionService: stats => 1689116098225,-447265,4104
07-12 00:54:58.227 24514 24642 I BatteryMgr:DataCollectionService: stats => 1689116098226,-447265,4104
07-12 00:54:58.227  1346 24604 E qdmetadata: Unknown paramType 4096
07-12 00:54:58.228 24514 24642 I BatteryMgr:DataCollectionService: stats => 1689116098228,-447265,4104
07-12 00:54:58.230 24514 24642 I BatteryMgr:DataCollectionService: stats => 1689116098230,-447265,4104
07-12 00:54:58.232 24514 24642 I BatteryMgr:DataCollectionService: stats => 1689116098231,-447265,4104
07-12 00:54:58.233 24514 24642 I BatteryMgr:DataCollectionService: stats => 1689116098233,-447265,4104
07-12 00:54:58.235 24514 24642 I BatteryMgr:DataCollectionService: stats => 1689116098235,-447265,4104
07-12 00:54:58.236 24514 24642 I BatteryMgr:DataCollectionService: stats => 1689116098236,-447265,4104
07-12 00:54:58.238 24514 24642 I BatteryMgr:DataCollectionService: stats => 1689116098238,-447265,4104
07-12 00:54:58.241 24514 24642 I BatteryMgr:DataCollectionService: stats => 1689116098240,-447265,4104
07-12 00:54:58.243 24514 24642 I BatteryMgr:DataCollectionService: stats => 1689116098243,-447265,4104
07-12 00:54:58.244 24514 24642 I BatteryMgr:DataCollectionService: stats => 1689116098244,-447265,4104
07-12 00:54:58.246 24514 24642 I BatteryMgr:DataCollectionService: stats => 1689116098246,-447265,4104
07-12 00:54:58.247 24514 24642 I BatteryMgr:DataCollectionService: stats => 1689116098247,-447265,4104
07-12 00:54:58.249 24514 24642 I BatteryMgr:DataCollectionService: stats => 1689116098249,-447265,4104
07-12 00:54:58.250 24514 24642 I BatteryMgr:DataCollectionService: stats => 1689116098250,-447265,4104
07-12 00:54:58.253 24514 24642 I BatteryMgr:DataCollectionService: stats => 1689116098253,-447265,4104
07-12 00:54:58.255 24514 24642 I BatteryMgr:DataCollectionService: stats => 1689116098255,-447265,4104
07-12 00:54:58.257 24514 24642 I BatteryMgr:DataCollectionService: stats => 1689116098257,-447265,4104
07-12 00:54:58.258 24514 24642 I BatteryMgr:DataCollectionService: stats => 1689116098258,-447265,4104
07-12 00:54:58.260 24514 24642 I BatteryMgr:DataCollectionService: stats => 1689116098260,-447265,4104
07-12 00:54:58.261  1346 24604 E qdmetadata: Unknown paramType 4096
07-12 00:54:58.262 24514 24642 I BatteryMgr:DataCollectionService: stats => 1689116098262,-447265,4104
07-12 00:54:58.264 24514 24642 I BatteryMgr:DataCollectionService: stats => 1689116098264,-447265,4104
07-12 00:54:58.266 24514 24642 I BatteryMgr:DataCollectionService: stats => 1689116098266,-447265,4104
07-12 00:54:58.268 24514 24642 I BatteryMgr:DataCollectionService: stats => 1689116098268,-447265,4104
07-12 00:54:58.269 24514 24642 I BatteryMgr:DataCollectionService: stats => 1689116098269,-447265,4104
07-12 00:54:58.272 24514 24642 I BatteryMgr:DataCollectionService: stats => 1689116098272,-447265,4104
07-12 00:54:58.274 24514 24642 I BatteryMgr:DataCollectionService: stats => 1689116098274,-447265,4104
07-12 00:54:58.276 24514 24642 I BatteryMgr:DataCollectionService: stats => 1689116098276,-447265,4104
07-12 00:54:58.277 24514 24642 I BatteryMgr:DataCollectionService: stats => 1689116098277,-447265,4104
07-12 00:54:58.279 24514 24642 I BatteryMgr:DataCollectionService: stats => 1689116098279,-447265,4104
07-12 00:54:58.280 24514 24642 I BatteryMgr:DataCollectionService: stats => 1689116098280,-447265,4104
07-12 00:54:58.282 24514 24642 I BatteryMgr:DataCollectionService: stats => 1689116098281,-447265,4104
07-12 00:54:58.283 24514 24642 I BatteryMgr:DataCollectionService: stats => 1689116098283,-447265,4104
07-12 00:54:58.285 24514 24642 I BatteryMgr:DataCollectionService: stats => 1689116098285,-447265,4104
07-12 00:54:58.287 24514 24642 I BatteryMgr:DataCollectionService: stats => 1689116098286,-447265,4104
07-12 00:54:58.289 24514 24642 I BatteryMgr:DataCollectionService: stats => 1689116098289,-447265,4104
07-12 00:54:58.291 24514 24642 I BatteryMgr:DataCollectionService: stats => 1689116098291,-447265,4104
07-12 00:54:58.292 24514 24642 I BatteryMgr:DataCollectionService: stats => 1689116098292,-447265,4104
07-12 00:54:58.294  1346 24604 E qdmetadata: Unknown paramType 4096
07-12 00:54:58.294 24514 24642 I BatteryMgr:DataCollectionService: stats => 1689116098294,-447265,4104
07-12 00:54:58.294  1346 24604 E qdmetadata: Unknown paramType 4096
07-12 00:54:58.296 24514 24642 I BatteryMgr:DataCollectionService: stats => 1689116098296,-447265,4104
07-12 00:54:58.298 24514 24642 I BatteryMgr:DataCollectionService: stats => 1689116098298,-447265,4104
07-12 00:54:58.300 24514 24642 I BatteryMgr:DataCollectionService: stats => 1689116098300,-447265,4104
07-12 00:54:58.301 24514 24642 I BatteryMgr:DataCollectionService: stats => 1689116098301,-447265,4104
07-12 00:54:58.303 24514 24642 I BatteryMgr:DataCollectionService: stats => 1689116098303,-447265,4104
07-12 00:54:58.305 24514 24642 I BatteryMgr:DataCollectionService: stats => 1689116098305,-447265,4104
07-12 00:54:58.307 24514 24642 I BatteryMgr:DataCollectionService: stats => 1689116098307,-447265,4104
07-12 00:54:58.308 24514 24642 I BatteryMgr:DataCollectionService: stats => 1689116098308,-447265,4104
07-12 00:54:58.310 24514 24642 I BatteryMgr:DataCollectionService: stats => 1689116098310,-447265,4104
07-12 00:54:58.311 24514 24642 I BatteryMgr:DataCollectionService: stats => 1689116098311,-447265,4104
07-12 00:54:58.313 24514 24642 I BatteryMgr:DataCollectionService: stats => 1689116098313,-447265,4104
07-12 00:54:58.314 24514 24642 I BatteryMgr:DataCollectionService: stats => 1689116098314,-447265,4104
07-12 00:54:58.316 24514 24642 I BatteryMgr:DataCollectionService: stats => 1689116098316,-447265,4104
07-12 00:54:58.317 24514 24642 I BatteryMgr:DataCollectionService: stats => 1689116098317,-447265,4104
07-12 00:54:58.318 24514 24642 I BatteryMgr:DataCollectionService: stats => 1689116098318,-447265,4104
07-12 00:54:58.321 24514 24642 I BatteryMgr:DataCollectionService: stats => 1689116098320,-447265,4104
07-12 00:54:58.323 24514 24642 I BatteryMgr:DataCollectionService: stats => 1689116098323,-447265,4104
07-12 00:54:58.325 24514 24642 I BatteryMgr:DataCollectionService: stats => 1689116098325,-447265,4104
07-12 00:54:58.326 24514 24642 I BatteryMgr:DataCollectionService: stats => 1689116098326,-447265,4104
07-12 00:54:58.328 24514 24642 I BatteryMgr:DataCollectionService: stats => 1689116098328,-447265,4104
07-12 00:54:58.330 24514 24642 I BatteryMgr:DataCollectionService: stats => 1689116098329,-447265,4104
07-12 00:54:58.331 24514 24642 I BatteryMgr:DataCollectionService: stats => 1689116098331,-447265,4104
07-12 00:54:58.333 24514 24642 I BatteryMgr:DataCollectionService: stats => 1689116098333,-447265,4104
07-12 00:54:58.335 24514 24642 I BatteryMgr:DataCollectionService: stats => 1689116098335,-447265,4104
07-12 00:54:58.337 24514 24642 I BatteryMgr:DataCollectionService: stats => 1689116098337,-447265,4104
07-12 00:54:58.339 24514 24642 I BatteryMgr:DataCollectionService: stats => 1689116098339,-447265,4104
07-12 00:54:58.341 24514 24642 I BatteryMgr:DataCollectionService: stats => 1689116098341,-447265,4104
07-12 00:54:58.343 24514 24642 I BatteryMgr:DataCollectionService: stats => 1689116098343,-447265,4104
07-12 00:54:58.345 24514 24642 I BatteryMgr:DataCollectionService: stats => 1689116098345,-447265,4104
07-12 00:54:58.346 24514 24642 I BatteryMgr:DataCollectionService: stats => 1689116098346,-447265,4104
07-12 00:54:58.348 24514 24642 I BatteryMgr:DataCollectionService: stats => 1689116098348,-447265,4104
07-12 00:54:58.350 24514 24642 I BatteryMgr:DataCollectionService: stats => 1689116098349,-447265,4104
07-12 00:54:58.351 24514 24642 I BatteryMgr:DataCollectionService: stats => 1689116098351,-447265,4104
07-12 00:54:58.353 24514 24642 I BatteryMgr:DataCollectionService: stats => 1689116098353,-447265,4104
07-12 00:54:58.355 24514 24642 I BatteryMgr:DataCollectionService: stats => 1689116098355,-447265,4104
07-12 00:54:58.358 24514 24642 I BatteryMgr:DataCollectionService: stats => 1689116098358,-447265,4104
07-12 00:54:58.360 24514 24642 I BatteryMgr:DataCollectionService: stats => 1689116098360,-447265,4104
07-12 00:54:58.361  1346 24604 E qdmetadata: Unknown paramType 4096
07-12 00:54:58.362 24514 24642 I BatteryMgr:DataCollectionService: stats => 1689116098362,-447265,4104
07-12 00:54:58.364 24514 24642 I BatteryMgr:DataCollectionService: stats => 1689116098364,-447265,4104
07-12 00:54:58.365 24514 24642 I BatteryMgr:DataCollectionService: stats => 1689116098365,-447265,4104
07-12 00:54:58.367 24514 24642 I BatteryMgr:DataCollectionService: stats => 1689116098367,-447265,4104
07-12 00:54:58.368 24514 24642 I BatteryMgr:DataCollectionService: stats => 1689116098368,-447265,4104
07-12 00:54:58.370 24514 24642 I BatteryMgr:DataCollectionService: stats => 1689116098370,-447265,4104
07-12 00:54:58.373 24514 24642 I BatteryMgr:DataCollectionService: stats => 1689116098373,-447265,4104
07-12 00:54:58.375 24514 24642 I BatteryMgr:DataCollectionService: stats => 1689116098374,-447265,4104
07-12 00:54:58.376 24514 24642 I BatteryMgr:DataCollectionService: stats => 1689116098376,-447265,4104
07-12 00:54:58.378 24514 24642 I BatteryMgr:DataCollectionService: stats => 1689116098378,-447265,4104
07-12 00:54:58.379 24514 24642 I BatteryMgr:DataCollectionService: stats => 1689116098379,-447265,4104
07-12 00:54:58.381 24514 24642 I BatteryMgr:DataCollectionService: stats => 1689116098380,-447265,4104
07-12 00:54:58.382 24514 24642 I BatteryMgr:DataCollectionService: stats => 1689116098382,-447265,4104
07-12 00:54:58.384 24514 24642 I BatteryMgr:DataCollectionService: stats => 1689116098384,-447265,4104
07-12 00:54:58.385 24514 24642 I BatteryMgr:DataCollectionService: stats => 1689116098385,-447265,4104
07-12 00:54:58.387 24514 24642 I BatteryMgr:DataCollectionService: stats => 1689116098387,-447265,4104
07-12 00:54:58.389 24514 24642 I BatteryMgr:DataCollectionService: stats => 1689116098389,-447265,4104
07-12 00:54:58.391 24514 24642 I BatteryMgr:DataCollectionService: stats => 1689116098391,-447265,4104
07-12 00:54:58.393 24514 24642 I BatteryMgr:DataCollectionService: stats => 1689116098393,-447265,4104
07-12 00:54:58.394  1346 24604 E qdmetadata: Unknown paramType 4096
07-12 00:54:58.395 24514 24642 I BatteryMgr:DataCollectionService: stats => 1689116098395,-447265,4104
07-12 00:54:58.396 24514 24642 I BatteryMgr:DataCollectionService: stats => 1689116098396,-447265,4104
07-12 00:54:58.398 24514 24642 I BatteryMgr:DataCollectionService: stats => 1689116098398,-447265,4104
07-12 00:54:58.400 24514 24642 I BatteryMgr:DataCollectionService: stats => 1689116098400,-447265,4104
07-12 00:54:58.401 24514 24642 I BatteryMgr:DataCollectionService: stats => 1689116098401,-447265,4104
07-12 00:54:58.403 24514 24642 I BatteryMgr:DataCollectionService: stats => 1689116098403,-447265,4104
07-12 00:54:58.405 24514 24642 I BatteryMgr:DataCollectionService: stats => 1689116098405,-447265,4104
07-12 00:54:58.407 24514 24642 I BatteryMgr:DataCollectionService: stats => 1689116098407,-447265,4104
07-12 00:54:58.409 24514 24642 I BatteryMgr:DataCollectionService: stats => 1689116098409,-447265,4104
07-12 00:54:58.411 24514 24642 I BatteryMgr:DataCollectionService: stats => 1689116098411,-447265,4104
07-12 00:54:58.412 24514 24642 I BatteryMgr:DataCollectionService: stats => 1689116098412,-447265,4104
07-12 00:54:58.414 24514 24642 I BatteryMgr:DataCollectionService: stats => 1689116098414,-447265,4104
07-12 00:54:58.415 24514 24642 I BatteryMgr:DataCollectionService: stats => 1689116098415,-447265,4104
07-12 00:54:58.417 24514 24642 I BatteryMgr:DataCollectionService: stats => 1689116098417,-447265,4104
07-12 00:54:58.419 24514 24642 I BatteryMgr:DataCollectionService: stats => 1689116098419,-447265,4104
07-12 00:54:58.421 24514 24642 I BatteryMgr:DataCollectionService: stats => 1689116098421,-447265,4104
07-12 00:54:58.423 24514 24642 I BatteryMgr:DataCollectionService: stats => 1689116098423,-447265,4104
07-12 00:54:58.425 24514 24642 I BatteryMgr:DataCollectionService: stats => 1689116098425,-447265,4104
07-12 00:54:58.426 24514 24642 I BatteryMgr:DataCollectionService: stats => 1689116098426,-447265,4104
07-12 00:54:58.428  1346 24604 E qdmetadata: Unknown paramType 4096
07-12 00:54:58.428  1346 24604 E qdmetadata: Unknown paramType 4096
07-12 00:54:58.428 24514 24642 I BatteryMgr:DataCollectionService: stats => 1689116098428,-447265,4104
07-12 00:54:58.430 24514 24642 I BatteryMgr:DataCollectionService: stats => 1689116098430,-447265,4104
07-12 00:54:58.432 24514 24642 I BatteryMgr:DataCollectionService: stats => 1689116098432,-447265,4104
07-12 00:54:58.434 24514 24642 I BatteryMgr:DataCollectionService: stats => 1689116098434,-447265,4104
07-12 00:54:58.435 24514 24642 I BatteryMgr:DataCollectionService: stats => 1689116098435,-447265,4104
07-12 00:54:58.437 24514 24642 I BatteryMgr:DataCollectionService: stats => 1689116098437,-447265,4104
07-12 00:54:58.439 24514 24642 I BatteryMgr:DataCollectionService: stats => 1689116098439,-447265,4104
07-12 00:54:58.441 24514 24642 I BatteryMgr:DataCollectionService: stats => 1689116098441,-447265,4104
07-12 00:54:58.443 24514 24642 I BatteryMgr:DataCollectionService: stats => 1689116098443,-447265,4104
07-12 00:54:58.448 24514 24642 I BatteryMgr:DataCollectionService: stats => 1689116098448,-447265,4104
07-12 00:54:58.450 24514 24642 I BatteryMgr:DataCollectionService: stats => 1689116098450,-447265,4104
07-12 00:54:58.452 24514 24642 I BatteryMgr:DataCollectionService: stats => 1689116098451,-447265,4104
07-12 00:54:58.454 24514 24642 I BatteryMgr:DataCollectionService: stats => 1689116098454,-447265,4104
07-12 00:54:58.456 24514 24642 I BatteryMgr:DataCollectionService: stats => 1689116098456,-447265,4104
07-12 00:54:58.458 24514 24642 I BatteryMgr:DataCollectionService: stats => 1689116098458,-447265,4104
07-12 00:54:58.460 24514 24642 I BatteryMgr:DataCollectionService: stats => 1689116098460,-447265,4104
07-12 00:54:58.463 24514 24642 I BatteryMgr:DataCollectionService: stats => 1689116098463,-447265,4104
07-12 00:54:58.465 24514 24642 I BatteryMgr:DataCollectionService: stats => 1689116098465,-447265,4104
07-12 00:54:58.467 24514 24642 I BatteryMgr:DataCollectionService: stats => 1689116098467,-447265,4104
07-12 00:54:58.469 24514 24642 I BatteryMgr:DataCollectionService: stats => 1689116098468,-447265,4104
07-12 00:54:58.470 24514 24642 I BatteryMgr:DataCollectionService: stats => 1689116098470,-447265,4104
07-12 00:54:58.473 24514 24642 I BatteryMgr:DataCollectionService: stats => 1689116098473,-447265,4104
07-12 00:54:58.475 24514 24642 I BatteryMgr:DataCollectionService: stats => 1689116098475,-447265,4104
07-12 00:54:58.477 24514 24642 I BatteryMgr:DataCollectionService: stats => 1689116098477,-447265,4104
07-12 00:54:58.478 24514 24642 I BatteryMgr:DataCollectionService: stats => 1689116098478,-447265,4104
07-12 00:54:58.480 24514 24642 I BatteryMgr:DataCollectionService: stats => 1689116098480,-447265,4104
07-12 00:54:58.482 24514 24642 I BatteryMgr:DataCollectionService: stats => 1689116098482,-447265,4104
07-12 00:54:58.484 24514 24642 I BatteryMgr:DataCollectionService: stats => 1689116098484,-447265,4104
07-12 00:54:58.485 24514 24642 I BatteryMgr:DataCollectionService: stats => 1689116098485,-447265,4104
07-12 00:54:58.488 24514 24642 I BatteryMgr:DataCollectionService: stats => 1689116098488,-447265,4104
07-12 00:54:58.490 24514 24642 I BatteryMgr:DataCollectionService: stats => 1689116098490,-447265,4104
07-12 00:54:58.492 24514 24642 I BatteryMgr:DataCollectionService: stats => 1689116098491,-447265,4104
07-12 00:54:58.493 24514 24642 I BatteryMgr:DataCollectionService: stats => 1689116098493,-447265,4104
07-12 00:54:58.494  1346 24604 E qdmetadata: Unknown paramType 4096
07-12 00:54:58.495 24514 24642 I BatteryMgr:DataCollectionService: stats => 1689116098495,-447265,4104
07-12 00:54:58.496 24514 24642 I BatteryMgr:DataCollectionService: stats => 1689116098496,-447265,4104
07-12 00:54:58.498 24514 24642 I BatteryMgr:DataCollectionService: stats => 1689116098498,-447265,4104
